MOC-R4PCC04U05:359259:359605 [1] NCCL INFO Connected to proxy localRank 1 -> connection 0x7f2664005368
MOC-R4PCC04U05:359258:359604 [0] NCCL INFO Channel 07/0 : 0[0] -> 2[2] via P2P/CUMEM
MOC-R4PCC04U05:359258:359601 [0] NCCL INFO New proxy send connection 13 from local rank 0, transport 0
MOC-R4PCC04U05:359258:359604 [0] NCCL INFO Connected to proxy localRank 0 -> connection 0x7f251c005548
MOC-R4PCC04U05:359261:359595 [3] NCCL INFO New proxy recv connection 5 from local rank 3, transport 0
MOC-R4PCC04U05:359261:359606 [3] NCCL INFO Connected to proxy localRank 3 -> connection 0x7f6ae4005188
MOC-R4PCC04U05:359259:359605 [1] NCCL INFO Channel 09/0 : 1[1] -> 3[3] via P2P/CUMEM
MOC-R4PCC04U05:359259:359598 [1] NCCL INFO New proxy send connection 10 from local rank 1, transport 0
MOC-R4PCC04U05:359259:359605 [1] NCCL INFO Connected to proxy localRank 1 -> connection 0x7f26640053e0
MOC-R4PCC04U05:359258:359604 [0] NCCL INFO Channel 11/0 : 0[0] -> 2[2] via P2P/CUMEM
MOC-R4PCC04U05:359258:359601 [0] NCCL INFO New proxy send connection 14 from local rank 0, transport 0
MOC-R4PCC04U05:359258:359604 [0] NCCL INFO Connected to proxy localRank 0 -> connection 0x7f251c0055c0
MOC-R4PCC04U05:359261:359595 [3] NCCL INFO New proxy recv connection 6 from local rank 3, transport 0
MOC-R4PCC04U05:359261:359606 [3] NCCL INFO Connected to proxy localRank 3 -> connection 0x7f6ae4005200
MOC-R4PCC04U05:359259:359605 [1] NCCL INFO Channel 13/0 : 1[1] -> 3[3] via P2P/CUMEM
MOC-R4PCC04U05:359258:359604 [0] NCCL INFO Channel 15/0 : 0[0] -> 2[2] via P2P/CUMEM
MOC-R4PCC04U05:359259:359598 [1] NCCL INFO New proxy send connection 11 from local rank 1, transport 0
MOC-R4PCC04U05:359259:359605 [1] NCCL INFO Connected to proxy localRank 1 -> connection 0x7f2664005458
MOC-R4PCC04U05:359258:359601 [0] NCCL INFO New proxy send connection 15 from local rank 0, transport 0
MOC-R4PCC04U05:359258:359604 [0] NCCL INFO Connected to proxy localRank 0 -> connection 0x7f251c005638
MOC-R4PCC04U05:359261:359595 [3] NCCL INFO New proxy recv connection 7 from local rank 3, transport 0
MOC-R4PCC04U05:359261:359606 [3] NCCL INFO Connected to proxy localRank 3 -> connection 0x7f6ae4005278
MOC-R4PCC04U05:359258:359604 [0] NCCL INFO Channel 02/0 : 0[0] -> 3[3] via P2P/CUMEM
MOC-R4PCC04U05:359260:359603 [2] NCCL INFO GPU Direct RDMA Enabled for GPU 2 / HCA 7 (distance 5 <= 5), read 0 mode Default
MOC-R4PCC04U05:359258:359601 [0] NCCL INFO New proxy send connection 16 from local rank 0, transport 0
MOC-R4PCC04U05:359258:359604 [0] NCCL INFO Connected to proxy localRank 0 -> connection 0x7f251c0056b0
MOC-R4PCC04U05:359259:359605 [1] NCCL INFO GPU Direct RDMA Enabled for GPU 1 / HCA 4 (distance 5 <= 5), read 0 mode Default
MOC-R4PCC04U05:359261:359595 [3] NCCL INFO New proxy recv connection 8 from local rank 3, transport 0
MOC-R4PCC04U05:359261:359606 [3] NCCL INFO Connected to proxy localRank 3 -> connection 0x7f6ae40052f0
MOC-R4PCC04U05:359258:359604 [0] NCCL INFO Channel 06/0 : 0[0] -> 3[3] via P2P/CUMEM
MOC-R4PCC04U05:359258:359601 [0] NCCL INFO New proxy send connection 17 from local rank 0, transport 0
MOC-R4PCC04U05:359258:359604 [0] NCCL INFO Connected to proxy localRank 0 -> connection 0x7f251c005728
MOC-R4PCC04U05:359261:359595 [3] NCCL INFO New proxy recv connection 9 from local rank 3, transport 0
MOC-R4PCC04U05:359261:359606 [3] NCCL INFO Connected to proxy localRank 3 -> connection 0x7f6ae4005368
MOC-R4PCC04U05:359258:359604 [0] NCCL INFO Channel 10/0 : 0[0] -> 3[3] via P2P/CUMEM
MOC-R4PCC04U05:359258:359601 [0] NCCL INFO New proxy send connection 18 from local rank 0, transport 0
MOC-R4PCC04U05:359258:359604 [0] NCCL INFO Connected to proxy localRank 0 -> connection 0x7f251c0057a0
MOC-R4PCC04U05:359261:359595 [3] NCCL INFO New proxy recv connection 10 from local rank 3, transport 0
MOC-R4PCC04U05:359261:359606 [3] NCCL INFO Connected to proxy localRank 3 -> connection 0x7f6ae40053e0
MOC-R4PCC04U05:359258:359604 [0] NCCL INFO Channel 14/0 : 0[0] -> 3[3] via P2P/CUMEM
MOC-R4PCC04U05:359258:359601 [0] NCCL INFO New proxy send connection 19 from local rank 0, transport 0
MOC-R4PCC04U05:359258:359604 [0] NCCL INFO Connected to proxy localRank 0 -> connection 0x7f251c005818
MOC-R4PCC04U05:359261:359595 [3] NCCL INFO New proxy recv connection 11 from local rank 3, transport 0
MOC-R4PCC04U05:359261:359606 [3] NCCL INFO Connected to proxy localRank 3 -> connection 0x7f6ae4005458
MOC-R4PCC04U05:359261:359606 [3] NCCL INFO GPU Direct RDMA Enabled for GPU 3 / HCA 7 (distance 5 <= 5), read 1 mode Default
MOC-R4PCC04U05:359259:359598 [1] NCCL INFO New proxy recv connection 12 from local rank 1, transport 2
MOC-R4PCC04U05:359259:359605 [1] NCCL INFO Connected to proxy localRank 1 -> connection 0x7f26640054d0
MOC-R4PCC04U05:359259:359608 [1] NCCL INFO [Proxy Progress] Device 1 CPU core 9
MOC-R4PCC04U05:359259:359605 [1] NCCL INFO Channel 01/0 : 28[0] -> 1[1] [receive] via NET/IB/4/GDRDMA
MOC-R4PCC04U05:359259:359605 [1] NCCL INFO GPU Direct RDMA Enabled for GPU 1 / HCA 4 (distance 5 <= 5), read 0 mode Default
MOC-R4PCC04U05:359259:359598 [1] NCCL INFO New proxy recv connection 13 from local rank 1, transport 2
MOC-R4PCC04U05:359259:359605 [1] NCCL INFO Connected to proxy localRank 1 -> connection 0x7f2664005548
MOC-R4PCC04U05:359259:359605 [1] NCCL INFO Channel 05/0 : 28[0] -> 1[1] [receive] via NET/IB/4/GDRDMA
MOC-R4PCC04U05:359259:359605 [1] NCCL INFO GPU Direct RDMA Enabled for GPU 1 / HCA 4 (distance 5 <= 5), read 0 mode Default
MOC-R4PCC04U05:359259:359598 [1] NCCL INFO New proxy recv connection 14 from local rank 1, transport 2
MOC-R4PCC04U05:359259:359605 [1] NCCL INFO Connected to proxy localRank 1 -> connection 0x7f26640055c0
MOC-R4PCC04U05:359259:359605 [1] NCCL INFO Channel 09/0 : 28[0] -> 1[1] [receive] via NET/IB/4/GDRDMA
MOC-R4PCC04U05:359259:359605 [1] NCCL INFO GPU Direct RDMA Enabled for GPU 1 / HCA 4 (distance 5 <= 5), read 0 mode Default
MOC-R4PCC04U05:359259:359598 [1] NCCL INFO New proxy recv connection 15 from local rank 1, transport 2
MOC-R4PCC04U05:359259:359605 [1] NCCL INFO Connected to proxy localRank 1 -> connection 0x7f2664005638
MOC-R4PCC04U05:359259:359605 [1] NCCL INFO Channel 13/0 : 28[0] -> 1[1] [receive] via NET/IB/4/GDRDMA
MOC-R4PCC04U05:359260:359597 [2] NCCL INFO New proxy recv connection 12 from local rank 2, transport 2
MOC-R4PCC04U05:359260:359597 [2] NCCL INFO New proxy send connection 13 from local rank 3, transport 2
MOC-R4PCC04U05:359260:359603 [2] NCCL INFO Connected to proxy localRank 2 -> connection 0x7fece80054d0
MOC-R4PCC04U05:359260:359609 [2] NCCL INFO [Proxy Progress] Device 2 CPU core 168
MOC-R4PCC04U05:359261:359606 [3] NCCL INFO Connected to proxy localRank 2 -> connection 0x7fece8005548
MOC-R4PCC04U05:359260:359603 [2] NCCL INFO Channel 02/0 : 31[3] -> 2[2] [receive] via NET/IB/7/GDRDMA
MOC-R4PCC04U05:359260:359603 [2] NCCL INFO GPU Direct RDMA Enabled for GPU 2 / HCA 7 (distance 5 <= 5), read 0 mode Default
MOC-R4PCC04U05:359261:359606 [3] NCCL INFO Channel 02/0 : 3[3] -> 6[2] [send] via NET/IB/7(2)/GDRDMA
MOC-R4PCC04U05:359261:359606 [3] NCCL INFO GPU Direct RDMA Enabled for GPU 3 / HCA 7 (distance 5 <= 5), read 1 mode Default
MOC-R4PCC04U05:359260:359597 [2] NCCL INFO New proxy recv connection 14 from local rank 2, transport 2
MOC-R4PCC04U05:359260:359603 [2] NCCL INFO Connected to proxy localRank 2 -> connection 0x7fece80055c0
MOC-R4PCC04U05:359260:359597 [2] NCCL INFO New proxy send connection 15 from local rank 3, transport 2
MOC-R4PCC04U05:359261:359606 [3] NCCL INFO Connected to proxy localRank 2 -> connection 0x7fece8005638
MOC-R4PCC04U05:359260:359603 [2] NCCL INFO Channel 06/0 : 31[3] -> 2[2] [receive] via NET/IB/7/GDRDMA
MOC-R4PCC04U05:359260:359603 [2] NCCL INFO GPU Direct RDMA Enabled for GPU 2 / HCA 7 (distance 5 <= 5), read 0 mode Default
MOC-R4PCC04U05:359261:359606 [3] NCCL INFO Channel 06/0 : 3[3] -> 6[2] [send] via NET/IB/7(2)/GDRDMA
MOC-R4PCC04U05:359261:359606 [3] NCCL INFO GPU Direct RDMA Enabled for GPU 3 / HCA 7 (distance 5 <= 5), read 1 mode Default
MOC-R4PCC04U05:359260:359597 [2] NCCL INFO New proxy recv connection 16 from local rank 2, transport 2
MOC-R4PCC04U05:359260:359603 [2] NCCL INFO Connected to proxy localRank 2 -> connection 0x7fece80056b0
MOC-R4PCC04U05:359260:359597 [2] NCCL INFO New proxy send connection 17 from local rank 3, transport 2
MOC-R4PCC04U05:359261:359606 [3] NCCL INFO Connected to proxy localRank 2 -> connection 0x7fece8005728
MOC-R4PCC04U05:359260:359603 [2] NCCL INFO Channel 10/0 : 31[3] -> 2[2] [receive] via NET/IB/7/GDRDMA
MOC-R4PCC04U05:359260:359603 [2] NCCL INFO GPU Direct RDMA Enabled for GPU 2 / HCA 7 (distance 5 <= 5), read 0 mode Default
MOC-R4PCC04U05:359261:359606 [3] NCCL INFO Channel 10/0 : 3[3] -> 6[2] [send] via NET/IB/7(2)/GDRDMA
MOC-R4PCC04U05:359261:359606 [3] NCCL INFO GPU Direct RDMA Enabled for GPU 3 / HCA 7 (distance 5 <= 5), read 1 mode Default
MOC-R4PCC04U05:359260:359597 [2] NCCL INFO New proxy recv connection 18 from local rank 2, transport 2
MOC-R4PCC04U05:359260:359603 [2] NCCL INFO Connected to proxy localRank 2 -> connection 0x7fece80057a0
MOC-R4PCC04U05:359260:359597 [2] NCCL INFO New proxy send connection 19 from local rank 3, transport 2
MOC-R4PCC04U05:359261:359606 [3] NCCL INFO Connected to proxy localRank 2 -> connection 0x7fece8005818
MOC-R4PCC04U05:359260:359603 [2] NCCL INFO Channel 14/0 : 31[3] -> 2[2] [receive] via NET/IB/7/GDRDMA
MOC-R4PCC04U05:359261:359606 [3] NCCL INFO Channel 14/0 : 3[3] -> 6[2] [send] via NET/IB/7(2)/GDRDMA
MOC-R4PCC04U05:359258:359604 [0] NCCL INFO GPU Direct RDMA Enabled for GPU 0 / HCA 4 (distance 5 <= 5), read 1 mode Default
MOC-R4PCC04U05:359259:359598 [1] NCCL INFO New proxy send connection 16 from local rank 0, transport 2
MOC-R4PCC04U05:359258:359604 [0] NCCL INFO Connected to proxy localRank 1 -> connection 0x7f26640056b0
MOC-R4PCC04U05:359261:359606 [3] NCCL INFO GPU Direct RDMA Enabled for GPU 3 / HCA 6 (distance 5 <= 5), read 0 mode Default
MOC-R4PCC04U05:359258:359604 [0] NCCL INFO Channel 01/0 : 0[0] -> 5[1] [send] via NET/IB/4(1)/GDRDMA
MOC-R4PCC04U05:359258:359604 [0] NCCL INFO GPU Direct RDMA Enabled for GPU 0 / HCA 4 (distance 5 <= 5), read 1 mode Default
MOC-R4PCC04U05:359259:359598 [1] NCCL INFO New proxy send connection 17 from local rank 0, transport 2
MOC-R4PCC04U05:359258:359604 [0] NCCL INFO Connected to proxy localRank 1 -> connection 0x7f2664005728
MOC-R4PCC04U05:359258:359604 [0] NCCL INFO Channel 05/0 : 0[0] -> 5[1] [send] via NET/IB/4(1)/GDRDMA
MOC-R4PCC04U05:359258:359604 [0] NCCL INFO GPU Direct RDMA Enabled for GPU 0 / HCA 4 (distance 5 <= 5), read 1 mode Default
MOC-R4PCC04U05:359259:359598 [1] NCCL INFO New proxy send connection 18 from local rank 0, transport 2
MOC-R4PCC04U05:359258:359604 [0] NCCL INFO Connected to proxy localRank 1 -> connection 0x7f26640057a0
MOC-R4PCC04U05:359258:359604 [0] NCCL INFO Channel 09/0 : 0[0] -> 5[1] [send] via NET/IB/4(1)/GDRDMA
MOC-R4PCC04U05:359258:359604 [0] NCCL INFO GPU Direct RDMA Enabled for GPU 0 / HCA 4 (distance 5 <= 5), read 1 mode Default
MOC-R4PCC04U05:359259:359598 [1] NCCL INFO New proxy send connection 19 from local rank 0, transport 2
MOC-R4PCC04U05:359258:359604 [0] NCCL INFO Connected to proxy localRank 1 -> connection 0x7f2664005818
MOC-R4PCC04U05:359258:359604 [0] NCCL INFO Channel 13/0 : 0[0] -> 5[1] [send] via NET/IB/4(1)/GDRDMA
MOC-R4PCC04U05:359258:359601 [0] NCCL INFO New proxy recv connection 20 from local rank 0, transport 0
MOC-R4PCC04U05:359258:359604 [0] NCCL INFO Connected to proxy localRank 0 -> connection 0x7f251c005890
MOC-R4PCC04U05:359260:359603 [2] NCCL INFO GPU Direct RDMA Enabled for GPU 2 / HCA 6 (distance 5 <= 5), read 1 mode Default
MOC-R4PCC04U05:359259:359598 [1] NCCL INFO New proxy recv connection 20 from local rank 1, transport 0
MOC-R4PCC04U05:359259:359605 [1] NCCL INFO Connected to proxy localRank 1 -> connection 0x7f2664005890
MOC-R4PCC04U05:359259:359598 [1] NCCL INFO New proxy recv connection 21 from local rank 1, transport 0
MOC-R4PCC04U05:359259:359605 [1] NCCL INFO Connected to proxy localRank 1 -> connection 0x7f2664005908
MOC-R4PCC04U05:359259:359598 [1] NCCL INFO New proxy recv connection 22 from local rank 1, transport 0
MOC-R4PCC04U05:359259:359605 [1] NCCL INFO Connected to proxy localRank 1 -> connection 0x7f2664005980
MOC-R4PCC04U05:359258:359601 [0] NCCL INFO New proxy recv connection 21 from local rank 0, transport 0
MOC-R4PCC04U05:359258:359604 [0] NCCL INFO Connected to proxy localRank 0 -> connection 0x7f251c005908
MOC-R4PCC04U05:359259:359598 [1] NCCL INFO New proxy recv connection 23 from local rank 1, transport 0
MOC-R4PCC04U05:359259:359605 [1] NCCL INFO Connected to proxy localRank 1 -> connection 0x7f26640059f8
MOC-R4PCC04U05:359258:359601 [0] NCCL INFO New proxy recv connection 22 from local rank 0, transport 0
MOC-R4PCC04U05:359258:359604 [0] NCCL INFO Connected to proxy localRank 0 -> connection 0x7f251c005980
MOC-R4PCC04U05:359258:359601 [0] NCCL INFO New proxy recv connection 23 from local rank 0, transport 0
MOC-R4PCC04U05:359258:359604 [0] NCCL INFO Connected to proxy localRank 0 -> connection 0x7f251c0059f8
MOC-R4PCC04U05:359261:359595 [3] NCCL INFO New proxy recv connection 12 from local rank 3, transport 2
MOC-R4PCC04U05:359261:359595 [3] NCCL INFO New proxy send connection 13 from local rank 2, transport 2
MOC-R4PCC04U05:359261:359606 [3] NCCL INFO Connected to proxy localRank 3 -> connection 0x7f6ae40054d0
MOC-R4PCC04U05:359261:359610 [3] NCCL INFO [Proxy Progress] Device 3 CPU core 143
MOC-R4PCC04U05:359260:359603 [2] NCCL INFO Connected to proxy localRank 3 -> connection 0x7f6ae4005548
MOC-R4PCC04U05:359261:359606 [3] NCCL INFO Channel 03/0 : 30[2] -> 3[3] [receive] via NET/IB/6/GDRDMA
MOC-R4PCC04U05:359261:359606 [3] NCCL INFO GPU Direct RDMA Enabled for GPU 3 / HCA 6 (distance 5 <= 5), read 0 mode Default
MOC-R4PCC04U05:359260:359603 [2] NCCL INFO Channel 03/0 : 2[2] -> 7[3] [send] via NET/IB/6(3)/GDRDMA
MOC-R4PCC04U05:359260:359603 [2] NCCL INFO GPU Direct RDMA Enabled for GPU 2 / HCA 6 (distance 5 <= 5), read 1 mode Default
MOC-R4PCC04U05:359261:359595 [3] NCCL INFO New proxy recv connection 14 from local rank 3, transport 2
MOC-R4PCC04U05:359261:359606 [3] NCCL INFO Connected to proxy localRank 3 -> connection 0x7f6ae40055c0
MOC-R4PCC04U05:359261:359595 [3] NCCL INFO New proxy send connection 15 from local rank 2, transport 2
MOC-R4PCC04U05:359260:359603 [2] NCCL INFO Connected to proxy localRank 3 -> connection 0x7f6ae4005638
MOC-R4PCC04U05:359261:359606 [3] NCCL INFO Channel 07/0 : 30[2] -> 3[3] [receive] via NET/IB/6/GDRDMA
MOC-R4PCC04U05:359261:359606 [3] NCCL INFO GPU Direct RDMA Enabled for GPU 3 / HCA 6 (distance 5 <= 5), read 0 mode Default
MOC-R4PCC04U05:359260:359603 [2] NCCL INFO Channel 07/0 : 2[2] -> 7[3] [send] via NET/IB/6(3)/GDRDMA
MOC-R4PCC04U05:359260:359603 [2] NCCL INFO GPU Direct RDMA Enabled for GPU 2 / HCA 6 (distance 5 <= 5), read 1 mode Default
MOC-R4PCC04U05:359261:359595 [3] NCCL INFO New proxy recv connection 16 from local rank 3, transport 2
MOC-R4PCC04U05:359261:359606 [3] NCCL INFO Connected to proxy localRank 3 -> connection 0x7f6ae40056b0
MOC-R4PCC04U05:359261:359595 [3] NCCL INFO New proxy send connection 17 from local rank 2, transport 2
MOC-R4PCC04U05:359260:359603 [2] NCCL INFO Connected to proxy localRank 3 -> connection 0x7f6ae4005728
MOC-R4PCC04U05:359261:359606 [3] NCCL INFO Channel 11/0 : 30[2] -> 3[3] [receive] via NET/IB/6/GDRDMA
MOC-R4PCC04U05:359261:359606 [3] NCCL INFO GPU Direct RDMA Enabled for GPU 3 / HCA 6 (distance 5 <= 5), read 0 mode Default
MOC-R4PCC04U05:359260:359603 [2] NCCL INFO Channel 11/0 : 2[2] -> 7[3] [send] via NET/IB/6(3)/GDRDMA
MOC-R4PCC04U05:359260:359603 [2] NCCL INFO GPU Direct RDMA Enabled for GPU 2 / HCA 6 (distance 5 <= 5), read 1 mode Default
MOC-R4PCC04U05:359261:359595 [3] NCCL INFO New proxy recv connection 18 from local rank 3, transport 2
MOC-R4PCC04U05:359261:359606 [3] NCCL INFO Connected to proxy localRank 3 -> connection 0x7f6ae40057a0
MOC-R4PCC04U05:359261:359595 [3] NCCL INFO New proxy send connection 19 from local rank 2, transport 2
MOC-R4PCC04U05:359260:359603 [2] NCCL INFO Connected to proxy localRank 3 -> connection 0x7f6ae4005818
MOC-R4PCC04U05:359261:359606 [3] NCCL INFO Channel 15/0 : 30[2] -> 3[3] [receive] via NET/IB/6/GDRDMA
MOC-R4PCC04U05:359260:359603 [2] NCCL INFO Channel 15/0 : 2[2] -> 7[3] [send] via NET/IB/6(3)/GDRDMA
MOC-R4PCC04U05:359260:359603 [2] NCCL INFO Channel 01/0 : 2[2] -> 0[0] via P2P/CUMEM
MOC-R4PCC04U05:359260:359597 [2] NCCL INFO New proxy send connection 20 from local rank 2, transport 0
MOC-R4PCC04U05:359260:359603 [2] NCCL INFO Connected to proxy localRank 2 -> connection 0x7fece8005890
MOC-R4PCC04U05:359260:359603 [2] NCCL INFO Channel 05/0 : 2[2] -> 0[0] via P2P/CUMEM
MOC-R4PCC04U05:359260:359597 [2] NCCL INFO New proxy send connection 21 from local rank 2, transport 0
MOC-R4PCC04U05:359260:359603 [2] NCCL INFO Connected to proxy localRank 2 -> connection 0x7fece8005908
MOC-R4PCC04U05:359260:359603 [2] NCCL INFO Channel 09/0 : 2[2] -> 0[0] via P2P/CUMEM
MOC-R4PCC04U05:359260:359597 [2] NCCL INFO New proxy send connection 22 from local rank 2, transport 0
MOC-R4PCC04U05:359260:359603 [2] NCCL INFO Connected to proxy localRank 2 -> connection 0x7fece8005980
MOC-R4PCC04U05:359260:359603 [2] NCCL INFO Channel 13/0 : 2[2] -> 0[0] via P2P/CUMEM
MOC-R4PCC04U05:359260:359597 [2] NCCL INFO New proxy send connection 23 from local rank 2, transport 0
MOC-R4PCC04U05:359260:359603 [2] NCCL INFO Connected to proxy localRank 2 -> connection 0x7fece80059f8
MOC-R4PCC04U05:359261:359606 [3] NCCL INFO Channel 03/0 : 3[3] -> 1[1] via P2P/CUMEM
MOC-R4PCC04U05:359261:359595 [3] NCCL INFO New proxy send connection 20 from local rank 3, transport 0
MOC-R4PCC04U05:359261:359606 [3] NCCL INFO Connected to proxy localRank 3 -> connection 0x7f6ae4005890
MOC-R4PCC04U05:359260:359597 [2] NCCL INFO New proxy recv connection 24 from local rank 2, transport 0
MOC-R4PCC04U05:359260:359603 [2] NCCL INFO Connected to proxy localRank 2 -> connection 0x7fece8005a70
MOC-R4PCC04U05:359258:359601 [0] NCCL INFO New proxy recv connection 24 from local rank 0, transport 0
MOC-R4PCC04U05:359258:359604 [0] NCCL INFO Connected to proxy localRank 0 -> connection 0x7f251c005a70
MOC-R4PCC04U05:359261:359606 [3] NCCL INFO Channel 07/0 : 3[3] -> 1[1] via P2P/CUMEM
MOC-R4PCC04U05:359260:359597 [2] NCCL INFO New proxy recv connection 25 from local rank 2, transport 0
MOC-R4PCC04U05:359261:359595 [3] NCCL INFO New proxy send connection 21 from local rank 3, transport 0
MOC-R4PCC04U05:359260:359603 [2] NCCL INFO Connected to proxy localRank 2 -> connection 0x7fece8005ae8
MOC-R4PCC04U05:359261:359606 [3] NCCL INFO Connected to proxy localRank 3 -> connection 0x7f6ae4005908
MOC-R4PCC04U05:359258:359601 [0] NCCL INFO New proxy recv connection 25 from local rank 0, transport 0
MOC-R4PCC04U05:359258:359604 [0] NCCL INFO Connected to proxy localRank 0 -> connection 0x7f251c005ae8
MOC-R4PCC04U05:359260:359597 [2] NCCL INFO New proxy recv connection 26 from local rank 2, transport 0
MOC-R4PCC04U05:359260:359603 [2] NCCL INFO Connected to proxy localRank 2 -> connection 0x7fece8005b60
MOC-R4PCC04U05:359261:359606 [3] NCCL INFO Channel 11/0 : 3[3] -> 1[1] via P2P/CUMEM
MOC-R4PCC04U05:359261:359595 [3] NCCL INFO New proxy send connection 22 from local rank 3, transport 0
MOC-R4PCC04U05:359261:359606 [3] NCCL INFO Connected to proxy localRank 3 -> connection 0x7f6ae4005980
MOC-R4PCC04U05:359258:359601 [0] NCCL INFO New proxy recv connection 26 from local rank 0, transport 0
MOC-R4PCC04U05:359258:359604 [0] NCCL INFO Connected to proxy localRank 0 -> connection 0x7f251c005b60
MOC-R4PCC04U05:359260:359597 [2] NCCL INFO New proxy recv connection 27 from local rank 2, transport 0
MOC-R4PCC04U05:359260:359603 [2] NCCL INFO Connected to proxy localRank 2 -> connection 0x7fece8005bd8
MOC-R4PCC04U05:359261:359606 [3] NCCL INFO Channel 15/0 : 3[3] -> 1[1] via P2P/CUMEM
MOC-R4PCC04U05:359261:359595 [3] NCCL INFO New proxy send connection 23 from local rank 3, transport 0
MOC-R4PCC04U05:359258:359601 [0] NCCL INFO New proxy recv connection 27 from local rank 0, transport 0
MOC-R4PCC04U05:359261:359606 [3] NCCL INFO Connected to proxy localRank 3 -> connection 0x7f6ae40059f8
MOC-R4PCC04U05:359258:359604 [0] NCCL INFO Connected to proxy localRank 0 -> connection 0x7f251c005bd8
MOC-R4PCC04U05:359260:359603 [2] NCCL INFO Channel 02/0 : 2[2] -> 1[1] via P2P/CUMEM
MOC-R4PCC04U05:359260:359597 [2] NCCL INFO New proxy send connection 28 from local rank 2, transport 0
MOC-R4PCC04U05:359260:359603 [2] NCCL INFO Connected to proxy localRank 2 -> connection 0x7fece8005c50
MOC-R4PCC04U05:359260:359603 [2] NCCL INFO Channel 06/0 : 2[2] -> 1[1] via P2P/CUMEM
MOC-R4PCC04U05:359260:359597 [2] NCCL INFO New proxy send connection 29 from local rank 2, transport 0
MOC-R4PCC04U05:359261:359606 [3] NCCL INFO Channel 01/0 : 3[3] -> 2[2] via P2P/CUMEM
MOC-R4PCC04U05:359260:359603 [2] NCCL INFO Connected to proxy localRank 2 -> connection 0x7fece8005cc8
MOC-R4PCC04U05:359258:359601 [0] NCCL INFO New proxy recv connection 28 from local rank 0, transport 0
MOC-R4PCC04U05:359261:359595 [3] NCCL INFO New proxy send connection 24 from local rank 3, transport 0
MOC-R4PCC04U05:359261:359606 [3] NCCL INFO Connected to proxy localRank 3 -> connection 0x7f6ae4005a70
MOC-R4PCC04U05:359258:359604 [0] NCCL INFO Connected to proxy localRank 0 -> connection 0x7f251c005c50
MOC-R4PCC04U05:359260:359603 [2] NCCL INFO Channel 10/0 : 2[2] -> 1[1] via P2P/CUMEM
MOC-R4PCC04U05:359260:359597 [2] NCCL INFO New proxy send connection 30 from local rank 2, transport 0
MOC-R4PCC04U05:359260:359603 [2] NCCL INFO Connected to proxy localRank 2 -> connection 0x7fece8005d40
MOC-R4PCC04U05:359261:359606 [3] NCCL INFO Channel 05/0 : 3[3] -> 2[2] via P2P/CUMEM
MOC-R4PCC04U05:359261:359595 [3] NCCL INFO New proxy send connection 25 from local rank 3, transport 0
MOC-R4PCC04U05:359258:359601 [0] NCCL INFO New proxy recv connection 29 from local rank 0, transport 0
MOC-R4PCC04U05:359261:359606 [3] NCCL INFO Connected to proxy localRank 3 -> connection 0x7f6ae4005ae8
MOC-R4PCC04U05:359258:359604 [0] NCCL INFO Connected to proxy localRank 0 -> connection 0x7f251c005cc8
MOC-R4PCC04U05:359260:359603 [2] NCCL INFO Channel 14/0 : 2[2] -> 1[1] via P2P/CUMEM
MOC-R4PCC04U05:359260:359597 [2] NCCL INFO New proxy send connection 31 from local rank 2, transport 0
MOC-R4PCC04U05:359260:359603 [2] NCCL INFO Connected to proxy localRank 2 -> connection 0x7fece8005db8
MOC-R4PCC04U05:359261:359606 [3] NCCL INFO Channel 09/0 : 3[3] -> 2[2] via P2P/CUMEM
MOC-R4PCC04U05:359261:359595 [3] NCCL INFO New proxy send connection 26 from local rank 3, transport 0
MOC-R4PCC04U05:359261:359606 [3] NCCL INFO Connected to proxy localRank 3 -> connection 0x7f6ae4005b60
MOC-R4PCC04U05:359261:359606 [3] NCCL INFO Channel 13/0 : 3[3] -> 2[2] via P2P/CUMEM
MOC-R4PCC04U05:359261:359595 [3] NCCL INFO New proxy send connection 27 from local rank 3, transport 0
MOC-R4PCC04U05:359261:359606 [3] NCCL INFO Connected to proxy localRank 3 -> connection 0x7f6ae4005bd8
MOC-R4PCC04U05:359259:359598 [1] NCCL INFO New proxy recv connection 24 from local rank 1, transport 0
MOC-R4PCC04U05:359259:359605 [1] NCCL INFO Connected to proxy localRank 1 -> connection 0x7f2664005a70
MOC-R4PCC04U05:359259:359598 [1] NCCL INFO New proxy recv connection 25 from local rank 1, transport 0
MOC-R4PCC04U05:359259:359605 [1] NCCL INFO Connected to proxy localRank 1 -> connection 0x7f2664005ae8
MOC-R4PCC04U05:359260:359597 [2] NCCL INFO New proxy send connection 32 from local rank 3, transport 0
MOC-R4PCC04U05:359261:359606 [3] NCCL INFO Connected to proxy localRank 2 -> connection 0x7fece8005e30
MOC-R4PCC04U05:359259:359598 [1] NCCL INFO New proxy recv connection 26 from local rank 1, transport 0
MOC-R4PCC04U05:359259:359605 [1] NCCL INFO Connected to proxy localRank 1 -> connection 0x7f2664005b60
MOC-R4PCC04U05:359258:359601 [0] NCCL INFO New proxy recv connection 30 from local rank 0, transport 0
MOC-R4PCC04U05:359258:359604 [0] NCCL INFO Connected to proxy localRank 0 -> connection 0x7f251c005d40
MOC-R4PCC04U05:359259:359598 [1] NCCL INFO New proxy recv connection 27 from local rank 1, transport 0
MOC-R4PCC04U05:359259:359605 [1] NCCL INFO Connected to proxy localRank 1 -> connection 0x7f2664005bd8
MOC-R4PCC04U05:359258:359601 [0] NCCL INFO New proxy recv connection 31 from local rank 0, transport 0
MOC-R4PCC04U05:359258:359604 [0] NCCL INFO Connected to proxy localRank 0 -> connection 0x7f251c005db8
MOC-R4PCC04U05:359259:359605 [1] NCCL INFO Channel 02/0 : 1[1] -> 0[0] via P2P/CUMEM
MOC-R4PCC04U05:359259:359598 [1] NCCL INFO New proxy send connection 28 from local rank 1, transport 0
MOC-R4PCC04U05:359259:359605 [1] NCCL INFO Connected to proxy localRank 1 -> connection 0x7f2664005c50
MOC-R4PCC04U05:359259:359605 [1] NCCL INFO Channel 03/0 : 1[1] -> 0[0] via P2P/CUMEM
MOC-R4PCC04U05:359259:359598 [1] NCCL INFO New proxy send connection 29 from local rank 1, transport 0
MOC-R4PCC04U05:359259:359605 [1] NCCL INFO Connected to proxy localRank 1 -> connection 0x7f2664005cc8
MOC-R4PCC04U05:359259:359605 [1] NCCL INFO Channel 06/0 : 1[1] -> 0[0] via P2P/CUMEM
MOC-R4PCC04U05:359259:359598 [1] NCCL INFO New proxy send connection 30 from local rank 1, transport 0
MOC-R4PCC04U05:359259:359605 [1] NCCL INFO Connected to proxy localRank 1 -> connection 0x7f2664005d40
MOC-R4PCC04U05:359259:359605 [1] NCCL INFO Channel 07/0 : 1[1] -> 0[0] via P2P/CUMEM
MOC-R4PCC04U05:359259:359598 [1] NCCL INFO New proxy send connection 31 from local rank 1, transport 0
MOC-R4PCC04U05:359259:359605 [1] NCCL INFO Connected to proxy localRank 1 -> connection 0x7f2664005db8
MOC-R4PCC04U05:359259:359605 [1] NCCL INFO Channel 10/0 : 1[1] -> 0[0] via P2P/CUMEM
MOC-R4PCC04U05:359259:359598 [1] NCCL INFO New proxy send connection 32 from local rank 1, transport 0
MOC-R4PCC04U05:359259:359605 [1] NCCL INFO Connected to proxy localRank 1 -> connection 0x7f2664005e30
MOC-R4PCC04U05:359259:359605 [1] NCCL INFO Channel 11/0 : 1[1] -> 0[0] via P2P/CUMEM
MOC-R4PCC04U05:359259:359598 [1] NCCL INFO New proxy send connection 33 from local rank 1, transport 0
MOC-R4PCC04U05:359259:359605 [1] NCCL INFO Connected to proxy localRank 1 -> connection 0x7f2664005ea8
MOC-R4PCC04U05:359259:359605 [1] NCCL INFO Channel 14/0 : 1[1] -> 0[0] via P2P/CUMEM
MOC-R4PCC04U05:359259:359598 [1] NCCL INFO New proxy send connection 34 from local rank 1, transport 0
MOC-R4PCC04U05:359259:359605 [1] NCCL INFO Connected to proxy localRank 1 -> connection 0x7f2664005f20
MOC-R4PCC04U05:359259:359605 [1] NCCL INFO Channel 15/0 : 1[1] -> 0[0] via P2P/CUMEM
MOC-R4PCC04U05:359259:359598 [1] NCCL INFO New proxy send connection 35 from local rank 1, transport 0
MOC-R4PCC04U05:359259:359605 [1] NCCL INFO Connected to proxy localRank 1 -> connection 0x7f2664005f98
MOC-R4PCC04U05:359259:359598 [1] NCCL INFO New proxy send connection 36 from local rank 0, transport 0
MOC-R4PCC04U05:359258:359604 [0] NCCL INFO Connected to proxy localRank 1 -> connection 0x7f2664006010
MOC-R4PCC04U05:359260:359597 [2] NCCL INFO New proxy send connection 33 from local rank 1, transport 0
MOC-R4PCC04U05:359259:359605 [1] NCCL INFO Connected to proxy localRank 2 -> connection 0x7fece8005ea8
MOC-R4PCC04U05:359261:359595 [3] NCCL INFO New proxy send connection 28 from local rank 2, transport 0
MOC-R4PCC04U05:359260:359603 [2] NCCL INFO Connected to proxy localRank 3 -> connection 0x7f6ae4005c50
MOC-R4PCC04U05:359259:359598 [1] NCCL INFO New proxy send connection 37 from local rank 3, transport 0
MOC-R4PCC04U05:359261:359606 [3] NCCL INFO Connected to proxy localRank 1 -> connection 0x7f2664006088
MOC-R4PCC04U05:359258:359601 [0] NCCL INFO New proxy send connection 32 from local rank 1, transport 0
MOC-R4PCC04U05:359259:359605 [1] NCCL INFO Connected to proxy localRank 0 -> connection 0x7f251c005e30
MOC-R4PCC04U05:359259:359598 [1] NCCL INFO New proxy send connection 38 from local rank 2, transport 0
MOC-R4PCC04U05:359260:359603 [2] NCCL INFO Connected to proxy localRank 1 -> connection 0x7f2664006100
MOC-R4PCC04U05:359258:359601 [0] NCCL INFO NET/IB: NCCL Dev 5 IbDev 1 Port 1 qpn 954 mtu 5 query_ece={supported=1, vendor_id=0x15b3, options=0x30000002, comp_mask=0x0} GID 3 (0/BA3CA8C0FFFF0000) fifoRkey=0x17e3a3 fifoLkey=0x17e3a3
MOC-R4PCC04U05:359258:359601 [0] NCCL INFO NET/IB: NCCL Dev 5 IbDev 1 Port 1 qpn 955 mtu 5 query_ece={supported=1, vendor_id=0x15b3, options=0x30000002, comp_mask=0x0} GID 3 (0/BA3CA8C0FFFF0000) fifoRkey=0x17a969 fifoLkey=0x17a969
MOC-R4PCC04U05:359258:359601 [0] NCCL INFO NET/IB: IbDev 1 Port 1 qpn 898 set_ece={supported=1, vendor_id=0x15b3, options=0x0, comp_mask=0x0}
MOC-R4PCC04U05:359258:359601 [0] NCCL INFO NET/IB: IbDev 1 Port 1 qpn 900 set_ece={supported=1, vendor_id=0x15b3, options=0x0, comp_mask=0x0}
MOC-R4PCC04U05:359260:359597 [2] NCCL INFO New proxy send connection 34 from local rank 0, transport 0
MOC-R4PCC04U05:359258:359604 [0] NCCL INFO Connected to proxy localRank 2 -> connection 0x7fece8005f20
MOC-R4PCC04U05:359258:359601 [0] NCCL INFO New proxy send connection 33 from local rank 3, transport 0
MOC-R4PCC04U05:359261:359606 [3] NCCL INFO Connected to proxy localRank 0 -> connection 0x7f251c005ea8
MOC-R4PCC04U05:359261:359595 [3] NCCL INFO New proxy send connection 29 from local rank 1, transport 0
MOC-R4PCC04U05:359259:359605 [1] NCCL INFO Connected to proxy localRank 3 -> connection 0x7f6ae4005cc8
MOC-R4PCC04U05:359261:359595 [3] NCCL INFO New proxy send connection 30 from local rank 0, transport 0
MOC-R4PCC04U05:359258:359604 [0] NCCL INFO Connected to proxy localRank 3 -> connection 0x7f6ae4005d40
MOC-R4PCC04U05:359258:359601 [0] NCCL INFO NET/IB: NCCL Dev 5 IbDev 1 Port 1 qpn 964 mtu 5 query_ece={supported=1, vendor_id=0x15b3, options=0x30000002, comp_mask=0x0} GID 3 (0/BA3CA8C0FFFF0000) fifoRkey=0x17e09f fifoLkey=0x17e09f
MOC-R4PCC04U05:359258:359601 [0] NCCL INFO NET/IB: NCCL Dev 5 IbDev 1 Port 1 qpn 965 mtu 5 query_ece={supported=1, vendor_id=0x15b3, options=0x30000002, comp_mask=0x0} GID 3 (0/BA3CA8C0FFFF0000) fifoRkey=0x17cd8c fifoLkey=0x17cd8c
MOC-R4PCC04U05:359258:359601 [0] NCCL INFO New proxy send connection 34 from local rank 2, transport 0
MOC-R4PCC04U05:359260:359603 [2] NCCL INFO Connected to proxy localRank 0 -> connection 0x7f251c005f20
MOC-R4PCC04U05:359258:359601 [0] NCCL INFO NET/IB: IbDev 1 Port 1 qpn 904 set_ece={supported=1, vendor_id=0x15b3, options=0x0, comp_mask=0x0}
MOC-R4PCC04U05:359258:359601 [0] NCCL INFO NET/IB: IbDev 1 Port 1 qpn 906 set_ece={supported=1, vendor_id=0x15b3, options=0x0, comp_mask=0x0}
MOC-R4PCC04U05:359260:359597 [2] NCCL INFO NET/IB: NCCL Dev 7 IbDev 3 Port 1 qpn 1541 mtu 5 query_ece={supported=1, vendor_id=0x15b3, options=0x30000002, comp_mask=0x0} GID 5 (0/6F3CA8C0FFFF0000) fifoRkey=0x17c483 fifoLkey=0x17c483
MOC-R4PCC04U05:359259:359598 [1] NCCL INFO NET/IB: NCCL Dev 4 IbDev 0 Port 1 qpn 1373 mtu 5 query_ece={supported=1, vendor_id=0x15b3, options=0x30000002, comp_mask=0x0} GID 5 (0/B93CA8C0FFFF0000) fifoRkey=0x178644 fifoLkey=0x178644
MOC-R4PCC04U05:359259:359598 [1] NCCL INFO NET/IB: NCCL Dev 4 IbDev 0 Port 1 qpn 1374 mtu 5 query_ece={supported=1, vendor_id=0x15b3, options=0x30000002, comp_mask=0x0} GID 5 (0/B93CA8C0FFFF0000) fifoRkey=0x176e2d fifoLkey=0x176e2d
MOC-R4PCC04U05:359259:359598 [1] NCCL INFO NET/IB: NCCL Dev 4 IbDev 0 Port 1 qpn 1375 mtu 5 query_ece={supported=1, vendor_id=0x15b3, options=0x30000002, comp_mask=0x0} GID 5 (0/B93CA8C0FFFF0000) fifoRkey=0x1809c8 fifoLkey=0x1809c8
MOC-R4PCC04U05:359259:359598 [1] NCCL INFO NET/IB: NCCL Dev 4 IbDev 0 Port 1 qpn 1376 mtu 5 query_ece={supported=1, vendor_id=0x15b3, options=0x30000002, comp_mask=0x0} GID 5 (0/B93CA8C0FFFF0000) fifoRkey=0x17d796 fifoLkey=0x17d796
MOC-R4PCC04U05:359259:359598 [1] NCCL INFO NET/IB: IbDev 0 Port 1 qpn 726 set_ece={supported=1, vendor_id=0x15b3, options=0x0, comp_mask=0x0}
MOC-R4PCC04U05:359260:359597 [2] NCCL INFO NET/IB: IbDev 3 Port 1 qpn 774 set_ece={supported=1, vendor_id=0x15b3, options=0x0, comp_mask=0x0}
MOC-R4PCC04U05:359261:359595 [3] NCCL INFO NET/IB: NCCL Dev 6 IbDev 2 Port 1 qpn 949 mtu 5 query_ece={supported=1, vendor_id=0x15b3, options=0x30000002, comp_mask=0x0} GID 3 (0/673CA8C0FFFF0000) fifoRkey=0x178c4b fifoLkey=0x178c4b
MOC-R4PCC04U05:359259:359598 [1] NCCL INFO NET/IB: IbDev 0 Port 1 qpn 728 set_ece={supported=1, vendor_id=0x15b3, options=0x0, comp_mask=0x0}
MOC-R4PCC04U05:359261:359595 [3] NCCL INFO NET/IB: NCCL Dev 6 IbDev 2 Port 1 qpn 950 mtu 5 query_ece={supported=1, vendor_id=0x15b3, options=0x30000002, comp_mask=0x0} GID 3 (0/673CA8C0FFFF0000) fifoRkey=0x178140 fifoLkey=0x178140
MOC-R4PCC04U05:359261:359595 [3] NCCL INFO NET/IB: NCCL Dev 6 IbDev 2 Port 1 qpn 951 mtu 5 query_ece={supported=1, vendor_id=0x15b3, options=0x30000002, comp_mask=0x0} GID 3 (0/673CA8C0FFFF0000) fifoRkey=0x17ba79 fifoLkey=0x17ba79
MOC-R4PCC04U05:359261:359595 [3] NCCL INFO NET/IB: NCCL Dev 6 IbDev 2 Port 1 qpn 952 mtu 5 query_ece={supported=1, vendor_id=0x15b3, options=0x30000002, comp_mask=0x0} GID 3 (0/673CA8C0FFFF0000) fifoRkey=0x17dd9c fifoLkey=0x17dd9c
MOC-R4PCC04U05:359261:359595 [3] NCCL INFO NET/IB: IbDev 2 Port 1 qpn 888 set_ece={supported=1, vendor_id=0x15b3, options=0x0, comp_mask=0x0}
MOC-R4PCC04U05:359259:359598 [1] NCCL INFO NET/IB: IbDev 0 Port 1 qpn 730 set_ece={supported=1, vendor_id=0x15b3, options=0x0, comp_mask=0x0}
MOC-R4PCC04U05:359260:359597 [2] NCCL INFO NET/IB: NCCL Dev 7 IbDev 3 Port 1 qpn 1542 mtu 5 query_ece={supported=1, vendor_id=0x15b3, options=0x30000002, comp_mask=0x0} GID 5 (0/6F3CA8C0FFFF0000) fifoRkey=0x17f2b1 fifoLkey=0x17f2b1
MOC-R4PCC04U05:359260:359597 [2] NCCL INFO NET/IB: NCCL Dev 7 IbDev 3 Port 1 qpn 1543 mtu 5 query_ece={supported=1, vendor_id=0x15b3, options=0x30000002, comp_mask=0x0} GID 5 (0/6F3CA8C0FFFF0000) fifoRkey=0x179554 fifoLkey=0x179554
MOC-R4PCC04U05:359260:359597 [2] NCCL INFO NET/IB: NCCL Dev 7 IbDev 3 Port 1 qpn 1544 mtu 5 query_ece={supported=1, vendor_id=0x15b3, options=0x30000002, comp_mask=0x0} GID 5 (0/6F3CA8C0FFFF0000) fifoRkey=0x177231 fifoLkey=0x177231
MOC-R4PCC04U05:359260:359597 [2] NCCL INFO NET/IB: IbDev 3 Port 1 qpn 776 set_ece={supported=1, vendor_id=0x15b3, options=0x0, comp_mask=0x0}
MOC-R4PCC04U05:359259:359598 [1] NCCL INFO NET/IB: IbDev 0 Port 1 qpn 732 set_ece={supported=1, vendor_id=0x15b3, options=0x0, comp_mask=0x0}
MOC-R4PCC04U05:359261:359595 [3] NCCL INFO NET/IB: IbDev 2 Port 1 qpn 890 set_ece={supported=1, vendor_id=0x15b3, options=0x0, comp_mask=0x0}
MOC-R4PCC04U05:359260:359597 [2] NCCL INFO NET/IB: IbDev 3 Port 1 qpn 778 set_ece={supported=1, vendor_id=0x15b3, options=0x0, comp_mask=0x0}
MOC-R4PCC04U05:359261:359595 [3] NCCL INFO NET/IB: IbDev 2 Port 1 qpn 892 set_ece={supported=1, vendor_id=0x15b3, options=0x0, comp_mask=0x0}
MOC-R4PCC04U05:359260:359597 [2] NCCL INFO NET/IB: IbDev 3 Port 1 qpn 780 set_ece={supported=1, vendor_id=0x15b3, options=0x0, comp_mask=0x0}
MOC-R4PCC04U05:359261:359595 [3] NCCL INFO NET/IB: IbDev 2 Port 1 qpn 894 set_ece={supported=1, vendor_id=0x15b3, options=0x0, comp_mask=0x0}
MOC-R4PCC04U05:359260:359603 [2] NCCL INFO Connected all rings, use ring PXN 1 GDR 1
MOC-R4PCC04U05:359261:359606 [3] NCCL INFO Connected all rings, use ring PXN 1 GDR 1
MOC-R4PCC04U05:359258:359604 [0] NCCL INFO Connected all rings, use ring PXN 1 GDR 1
MOC-R4PCC04U05:359259:359605 [1] NCCL INFO Connected all rings, use ring PXN 1 GDR 1
num decayed parameter tensors: 50, with 124,318,464 parameters
num non-decayed parameter tensors: 98, with 121,344 parameters
using fused AdamW: False
using regular AdamW
MOC-R4PCC04U05:359260:359597 [2] NCCL INFO New proxy recv connection 35 from local rank 2, transport 0
MOC-R4PCC04U05:359260:360031 [2] NCCL INFO Connected to proxy localRank 2 -> connection 0x7fece8005f98
MOC-R4PCC04U05:359260:359597 [2] NCCL INFO New proxy recv connection 36 from local rank 2, transport 0
MOC-R4PCC04U05:359260:360031 [2] NCCL INFO Connected to proxy localRank 2 -> connection 0x7fece8006010
MOC-R4PCC04U05:359260:359597 [2] NCCL INFO New proxy recv connection 37 from local rank 2, transport 0
MOC-R4PCC04U05:359260:360031 [2] NCCL INFO Connected to proxy localRank 2 -> connection 0x7fece8006088
MOC-R4PCC04U05:359260:359597 [2] NCCL INFO New proxy recv connection 38 from local rank 2, transport 0
MOC-R4PCC04U05:359260:360031 [2] NCCL INFO Connected to proxy localRank 2 -> connection 0x7fece8006100
MOC-R4PCC04U05:359260:360031 [2] NCCL INFO Channel 01/0 : 2[2] -> 3[3] via P2P/CUMEM
MOC-R4PCC04U05:359260:359597 [2] NCCL INFO New proxy send connection 39 from local rank 2, transport 0
MOC-R4PCC04U05:359260:360031 [2] NCCL INFO Connected to proxy localRank 2 -> connection 0x7fece8006178
MOC-R4PCC04U05:359260:360031 [2] NCCL INFO Channel 07/0 : 2[2] -> 3[3] via P2P/CUMEM
MOC-R4PCC04U05:359260:359597 [2] NCCL INFO New proxy send connection 40 from local rank 2, transport 0
MOC-R4PCC04U05:359260:360031 [2] NCCL INFO Connected to proxy localRank 2 -> connection 0x7fece80061f0
MOC-R4PCC04U05:359260:360031 [2] NCCL INFO Channel 09/0 : 2[2] -> 3[3] via P2P/CUMEM
MOC-R4PCC04U05:359260:359597 [2] NCCL INFO New proxy send connection 41 from local rank 2, transport 0
MOC-R4PCC04U05:359260:360031 [2] NCCL INFO Connected to proxy localRank 2 -> connection 0x7fece8006268
MOC-R4PCC04U05:359260:360031 [2] NCCL INFO Channel 15/0 : 2[2] -> 3[3] via P2P/CUMEM
MOC-R4PCC04U05:359260:359597 [2] NCCL INFO New proxy send connection 42 from local rank 2, transport 0
MOC-R4PCC04U05:359260:360031 [2] NCCL INFO Connected to proxy localRank 2 -> connection 0x7fece80062e0
MOC-R4PCC04U05:359259:359598 [1] NCCL INFO New proxy recv connection 39 from local rank 1, transport 0
MOC-R4PCC04U05:359259:360032 [1] NCCL INFO Connected to proxy localRank 1 -> connection 0x7f2664006178
MOC-R4PCC04U05:359259:359598 [1] NCCL INFO New proxy recv connection 40 from local rank 1, transport 0
MOC-R4PCC04U05:359259:360032 [1] NCCL INFO Connected to proxy localRank 1 -> connection 0x7f26640061f0
MOC-R4PCC04U05:359259:359598 [1] NCCL INFO New proxy recv connection 41 from local rank 1, transport 0
MOC-R4PCC04U05:359259:360032 [1] NCCL INFO Connected to proxy localRank 1 -> connection 0x7f2664006268
MOC-R4PCC04U05:359259:359598 [1] NCCL INFO New proxy recv connection 42 from local rank 1, transport 0
MOC-R4PCC04U05:359259:360032 [1] NCCL INFO Connected to proxy localRank 1 -> connection 0x7f26640062e0
MOC-R4PCC04U05:359259:359598 [1] NCCL INFO New proxy recv connection 43 from local rank 1, transport 0
MOC-R4PCC04U05:359259:360032 [1] NCCL INFO Connected to proxy localRank 1 -> connection 0x7f2664006358
MOC-R4PCC04U05:359259:359598 [1] NCCL INFO New proxy recv connection 44 from local rank 1, transport 0
MOC-R4PCC04U05:359259:360032 [1] NCCL INFO Connected to proxy localRank 1 -> connection 0x7f26640063d0
MOC-R4PCC04U05:359259:360032 [1] NCCL INFO Channel 01/0 : 1[1] -> 2[2] via P2P/CUMEM
MOC-R4PCC04U05:359259:359598 [1] NCCL INFO New proxy send connection 45 from local rank 1, transport 0
MOC-R4PCC04U05:359259:360032 [1] NCCL INFO Connected to proxy localRank 1 -> connection 0x7f2664006448
MOC-R4PCC04U05:359259:360032 [1] NCCL INFO Channel 07/0 : 1[1] -> 2[2] via P2P/CUMEM
MOC-R4PCC04U05:359259:359598 [1] NCCL INFO New proxy send connection 46 from local rank 1, transport 0
MOC-R4PCC04U05:359259:360032 [1] NCCL INFO Connected to proxy localRank 1 -> connection 0x7f26640064c0
MOC-R4PCC04U05:359259:360032 [1] NCCL INFO Channel 09/0 : 1[1] -> 2[2] via P2P/CUMEM
MOC-R4PCC04U05:359259:359598 [1] NCCL INFO New proxy send connection 47 from local rank 1, transport 0
MOC-R4PCC04U05:359259:360032 [1] NCCL INFO Connected to proxy localRank 1 -> connection 0x7f2664006538
MOC-R4PCC04U05:359259:360032 [1] NCCL INFO Channel 15/0 : 1[1] -> 2[2] via P2P/CUMEM
MOC-R4PCC04U05:359259:359598 [1] NCCL INFO New proxy send connection 48 from local rank 1, transport 0
MOC-R4PCC04U05:359259:360032 [1] NCCL INFO Connected to proxy localRank 1 -> connection 0x7f26640065b0
MOC-R4PCC04U05:359261:359595 [3] NCCL INFO New proxy recv connection 31 from local rank 3, transport 0
MOC-R4PCC04U05:359261:360033 [3] NCCL INFO Connected to proxy localRank 3 -> connection 0x7f6ae4005db8
MOC-R4PCC04U05:359261:359595 [3] NCCL INFO New proxy recv connection 32 from local rank 3, transport 0
MOC-R4PCC04U05:359261:360033 [3] NCCL INFO Connected to proxy localRank 3 -> connection 0x7f6ae4005e30
MOC-R4PCC04U05:359261:359595 [3] NCCL INFO New proxy recv connection 33 from local rank 3, transport 0
MOC-R4PCC04U05:359261:360033 [3] NCCL INFO Connected to proxy localRank 3 -> connection 0x7f6ae4005ea8
MOC-R4PCC04U05:359261:359595 [3] NCCL INFO New proxy recv connection 34 from local rank 3, transport 0
MOC-R4PCC04U05:359261:360033 [3] NCCL INFO Connected to proxy localRank 3 -> connection 0x7f6ae4005f20
MOC-R4PCC04U05:359261:359595 [3] NCCL INFO New proxy recv connection 35 from local rank 3, transport 0
MOC-R4PCC04U05:359261:360033 [3] NCCL INFO Connected to proxy localRank 3 -> connection 0x7f6ae4005f98
MOC-R4PCC04U05:359260:359597 [2] NCCL INFO New proxy recv connection 43 from local rank 2, transport 0
MOC-R4PCC04U05:359260:360031 [2] NCCL INFO Connected to proxy localRank 2 -> connection 0x7fece8006358
MOC-R4PCC04U05:359261:359595 [3] NCCL INFO New proxy recv connection 36 from local rank 3, transport 0
MOC-R4PCC04U05:359261:360033 [3] NCCL INFO Connected to proxy localRank 3 -> connection 0x7f6ae4006010
MOC-R4PCC04U05:359261:359595 [3] NCCL INFO New proxy recv connection 37 from local rank 3, transport 0
MOC-R4PCC04U05:359261:360033 [3] NCCL INFO Connected to proxy localRank 3 -> connection 0x7f6ae4006088
MOC-R4PCC04U05:359260:359597 [2] NCCL INFO New proxy recv connection 44 from local rank 2, transport 0
MOC-R4PCC04U05:359260:360031 [2] NCCL INFO Connected to proxy localRank 2 -> connection 0x7fece80063d0
MOC-R4PCC04U05:359261:359595 [3] NCCL INFO New proxy recv connection 38 from local rank 3, transport 0
MOC-R4PCC04U05:359261:360033 [3] NCCL INFO Connected to proxy localRank 3 -> connection 0x7f6ae4006100
MOC-R4PCC04U05:359260:359597 [2] NCCL INFO New proxy recv connection 45 from local rank 2, transport 0
MOC-R4PCC04U05:359260:360031 [2] NCCL INFO Connected to proxy localRank 2 -> connection 0x7fece8006448
MOC-R4PCC04U05:359261:359595 [3] NCCL INFO New proxy recv connection 39 from local rank 3, transport 0
MOC-R4PCC04U05:359261:360033 [3] NCCL INFO Connected to proxy localRank 3 -> connection 0x7f6ae4006178
MOC-R4PCC04U05:359260:359597 [2] NCCL INFO New proxy recv connection 46 from local rank 2, transport 0
MOC-R4PCC04U05:359260:360031 [2] NCCL INFO Connected to proxy localRank 2 -> connection 0x7fece80064c0
MOC-R4PCC04U05:359261:359595 [3] NCCL INFO New proxy recv connection 40 from local rank 3, transport 0
MOC-R4PCC04U05:359261:360033 [3] NCCL INFO Connected to proxy localRank 3 -> connection 0x7f6ae40061f0
MOC-R4PCC04U05:359260:359597 [2] NCCL INFO New proxy recv connection 47 from local rank 2, transport 0
MOC-R4PCC04U05:359260:360031 [2] NCCL INFO Connected to proxy localRank 2 -> connection 0x7fece8006538
MOC-R4PCC04U05:359260:359597 [2] NCCL INFO New proxy recv connection 48 from local rank 2, transport 0
MOC-R4PCC04U05:359260:360031 [2] NCCL INFO Connected to proxy localRank 2 -> connection 0x7fece80065b0
MOC-R4PCC04U05:359258:360034 [0] NCCL INFO Channel 02/0 : 0[0] -> 1[1] via P2P/CUMEM
MOC-R4PCC04U05:359258:359601 [0] NCCL INFO New proxy send connection 35 from local rank 0, transport 0
MOC-R4PCC04U05:359258:360034 [0] NCCL INFO Connected to proxy localRank 0 -> connection 0x7f251c005f98
MOC-R4PCC04U05:359258:360034 [0] NCCL INFO Channel 03/0 : 0[0] -> 1[1] via P2P/CUMEM
MOC-R4PCC04U05:359258:359601 [0] NCCL INFO New proxy send connection 36 from local rank 0, transport 0
MOC-R4PCC04U05:359258:360034 [0] NCCL INFO Connected to proxy localRank 0 -> connection 0x7f251c006010
MOC-R4PCC04U05:359258:360034 [0] NCCL INFO Channel 07/0 : 0[0] -> 1[1] via P2P/CUMEM
MOC-R4PCC04U05:359258:359601 [0] NCCL INFO New proxy send connection 37 from local rank 0, transport 0
MOC-R4PCC04U05:359258:360034 [0] NCCL INFO Connected to proxy localRank 0 -> connection 0x7f251c006088
MOC-R4PCC04U05:359258:360034 [0] NCCL INFO Channel 10/0 : 0[0] -> 1[1] via P2P/CUMEM
MOC-R4PCC04U05:359258:359601 [0] NCCL INFO New proxy send connection 38 from local rank 0, transport 0
MOC-R4PCC04U05:359258:360034 [0] NCCL INFO Connected to proxy localRank 0 -> connection 0x7f251c006100
MOC-R4PCC04U05:359258:360034 [0] NCCL INFO Channel 11/0 : 0[0] -> 1[1] via P2P/CUMEM
MOC-R4PCC04U05:359258:359601 [0] NCCL INFO New proxy send connection 39 from local rank 0, transport 0
MOC-R4PCC04U05:359258:360034 [0] NCCL INFO Connected to proxy localRank 0 -> connection 0x7f251c006178
MOC-R4PCC04U05:359258:360034 [0] NCCL INFO Channel 15/0 : 0[0] -> 1[1] via P2P/CUMEM
MOC-R4PCC04U05:359258:359601 [0] NCCL INFO New proxy send connection 40 from local rank 0, transport 0
MOC-R4PCC04U05:359258:360034 [0] NCCL INFO Connected to proxy localRank 0 -> connection 0x7f251c0061f0
MOC-R4PCC04U05:359258:360034 [0] NCCL INFO Channel 02/0 : 0[0] -> 2[2] via P2P/CUMEM
MOC-R4PCC04U05:359258:359601 [0] NCCL INFO New proxy send connection 41 from local rank 0, transport 0
MOC-R4PCC04U05:359259:360032 [1] NCCL INFO Channel 02/0 : 1[1] -> 3[3] via P2P/CUMEM
MOC-R4PCC04U05:359258:360034 [0] NCCL INFO Connected to proxy localRank 0 -> connection 0x7f251c006268
MOC-R4PCC04U05:359259:359598 [1] NCCL INFO New proxy send connection 49 from local rank 1, transport 0
MOC-R4PCC04U05:359259:360032 [1] NCCL INFO Connected to proxy localRank 1 -> connection 0x7f2664006628
MOC-R4PCC04U05:359258:360034 [0] NCCL INFO Channel 05/0 : 0[0] -> 2[2] via P2P/CUMEM
MOC-R4PCC04U05:359258:359601 [0] NCCL INFO New proxy send connection 42 from local rank 0, transport 0
MOC-R4PCC04U05:359258:360034 [0] NCCL INFO Connected to proxy localRank 0 -> connection 0x7f251c0062e0
MOC-R4PCC04U05:359258:360034 [0] NCCL INFO Channel 06/0 : 0[0] -> 2[2] via P2P/CUMEM
MOC-R4PCC04U05:359258:359601 [0] NCCL INFO New proxy send connection 43 from local rank 0, transport 0
MOC-R4PCC04U05:359258:360034 [0] NCCL INFO Connected to proxy localRank 0 -> connection 0x7f251c006358
MOC-R4PCC04U05:359259:360032 [1] NCCL INFO Channel 03/0 : 1[1] -> 3[3] via P2P/CUMEM
MOC-R4PCC04U05:359259:359598 [1] NCCL INFO New proxy send connection 50 from local rank 1, transport 0
MOC-R4PCC04U05:359259:360032 [1] NCCL INFO Connected to proxy localRank 1 -> connection 0x7f26640066a0
MOC-R4PCC04U05:359258:360034 [0] NCCL INFO Channel 10/0 : 0[0] -> 2[2] via P2P/CUMEM
MOC-R4PCC04U05:359258:359601 [0] NCCL INFO New proxy send connection 44 from local rank 0, transport 0
MOC-R4PCC04U05:359258:360034 [0] NCCL INFO Connected to proxy localRank 0 -> connection 0x7f251c0063d0
MOC-R4PCC04U05:359259:360032 [1] NCCL INFO Channel 06/0 : 1[1] -> 3[3] via P2P/CUMEM
MOC-R4PCC04U05:359259:359598 [1] NCCL INFO New proxy send connection 51 from local rank 1, transport 0
MOC-R4PCC04U05:359259:360032 [1] NCCL INFO Connected to proxy localRank 1 -> connection 0x7f2664006718
MOC-R4PCC04U05:359258:360034 [0] NCCL INFO Channel 13/0 : 0[0] -> 2[2] via P2P/CUMEM
MOC-R4PCC04U05:359258:359601 [0] NCCL INFO New proxy send connection 45 from local rank 0, transport 0
MOC-R4PCC04U05:359258:360034 [0] NCCL INFO Connected to proxy localRank 0 -> connection 0x7f251c006448
MOC-R4PCC04U05:359259:360032 [1] NCCL INFO Channel 10/0 : 1[1] -> 3[3] via P2P/CUMEM
MOC-R4PCC04U05:359259:359598 [1] NCCL INFO New proxy send connection 52 from local rank 1, transport 0
MOC-R4PCC04U05:359259:360032 [1] NCCL INFO Connected to proxy localRank 1 -> connection 0x7f2664006790
MOC-R4PCC04U05:359258:360034 [0] NCCL INFO Channel 14/0 : 0[0] -> 2[2] via P2P/CUMEM
MOC-R4PCC04U05:359258:359601 [0] NCCL INFO New proxy send connection 46 from local rank 0, transport 0
MOC-R4PCC04U05:359258:360034 [0] NCCL INFO Connected to proxy localRank 0 -> connection 0x7f251c0064c0
MOC-R4PCC04U05:359259:360032 [1] NCCL INFO Channel 11/0 : 1[1] -> 3[3] via P2P/CUMEM
MOC-R4PCC04U05:359259:359598 [1] NCCL INFO New proxy send connection 53 from local rank 1, transport 0
MOC-R4PCC04U05:359259:360032 [1] NCCL INFO Connected to proxy localRank 1 -> connection 0x7f2664006808
MOC-R4PCC04U05:359259:360032 [1] NCCL INFO Channel 14/0 : 1[1] -> 3[3] via P2P/CUMEM
MOC-R4PCC04U05:359259:359598 [1] NCCL INFO New proxy send connection 54 from local rank 1, transport 0
MOC-R4PCC04U05:359260:360031 [2] NCCL INFO GPU Direct RDMA Enabled for GPU 2 / HCA 7 (distance 5 <= 5), read 1 mode Default
MOC-R4PCC04U05:359259:360032 [1] NCCL INFO Connected to proxy localRank 1 -> connection 0x7f2664006880
MOC-R4PCC04U05:359258:360034 [0] NCCL INFO Channel 01/0 : 0[0] -> 3[3] via P2P/CUMEM
MOC-R4PCC04U05:359258:359601 [0] NCCL INFO New proxy send connection 47 from local rank 0, transport 0
MOC-R4PCC04U05:359260:359597 [2] NCCL INFO New proxy send connection 49 from local rank 2, transport 2
MOC-R4PCC04U05:359258:360034 [0] NCCL INFO Connected to proxy localRank 0 -> connection 0x7f251c006538
MOC-R4PCC04U05:359260:360031 [2] NCCL INFO Connected to proxy localRank 2 -> connection 0x7fece8006628
MOC-R4PCC04U05:359260:360031 [2] NCCL INFO Channel 10/0 : 2[2] -> 6[2] [send] via NET/IB/7/GDRDMA
MOC-R4PCC04U05:359260:360031 [2] NCCL INFO GPU Direct RDMA Enabled for GPU 2 / HCA 7 (distance 5 <= 5), read 1 mode Default
MOC-R4PCC04U05:359260:359597 [2] NCCL INFO New proxy send connection 50 from local rank 2, transport 2
MOC-R4PCC04U05:359260:360031 [2] NCCL INFO Connected to proxy localRank 2 -> connection 0x7fece80066a0
MOC-R4PCC04U05:359260:360031 [2] NCCL INFO Channel 14/0 : 2[2] -> 6[2] [send] via NET/IB/7/GDRDMA
MOC-R4PCC04U05:359258:360034 [0] NCCL INFO Channel 04/0 : 0[0] -> 3[3] via P2P/CUMEM
MOC-R4PCC04U05:359258:359601 [0] NCCL INFO New proxy send connection 48 from local rank 0, transport 0
