MOC-R4PCC04U05:365593:365667 [0] NCCL INFO New proxy send connection 49 from local rank 0, transport 0
MOC-R4PCC04U05:365595:366374 [2] NCCL INFO GPU Direct RDMA Enabled for GPU 2 / HCA 7 (distance 5 <= 5), read 1 mode Default
MOC-R4PCC04U05:365594:366375 [1] NCCL INFO Connected to proxy localRank 1 -> connection 0x7f46840068f8
MOC-R4PCC04U05:365593:366377 [0] NCCL INFO Connected to proxy localRank 0 -> connection 0x7f24b4006628
MOC-R4PCC04U05:365596:365669 [3] NCCL INFO New proxy recv connection 41 from local rank 3, transport 0
MOC-R4PCC04U05:365595:365668 [2] NCCL INFO New proxy send connection 53 from local rank 2, transport 2
MOC-R4PCC04U05:365595:366374 [2] NCCL INFO Connected to proxy localRank 2 -> connection 0x7f0704006808
MOC-R4PCC04U05:365596:366376 [3] NCCL INFO Connected to proxy localRank 3 -> connection 0x7fee68006268
MOC-R4PCC04U05:365595:366374 [2] NCCL INFO Channel 02/0 : 2[2] -> 6[2] [send] via NET/IB/7/GDRDMA
MOC-R4PCC04U05:365594:366375 [1] NCCL INFO Channel 01/0 : 5[1] -> 1[1] [receive] via NET/IB/4/GDRDMA
MOC-R4PCC04U05:365595:366374 [2] NCCL INFO GPU Direct RDMA Enabled for GPU 2 / HCA 7 (distance 5 <= 5), read 1 mode Default
MOC-R4PCC04U05:365594:366375 [1] NCCL INFO GPU Direct RDMA Enabled for GPU 1 / HCA 4 (distance 5 <= 5), read 0 mode Default
MOC-R4PCC04U05:365595:365668 [2] NCCL INFO New proxy send connection 54 from local rank 2, transport 2
MOC-R4PCC04U05:365594:365670 [1] NCCL INFO New proxy recv connection 56 from local rank 1, transport 2
MOC-R4PCC04U05:365595:366374 [2] NCCL INFO Connected to proxy localRank 2 -> connection 0x7f0704006880
MOC-R4PCC04U05:365594:366375 [1] NCCL INFO Connected to proxy localRank 1 -> connection 0x7f4684006970
MOC-R4PCC04U05:365595:366374 [2] NCCL INFO Channel 06/0 : 2[2] -> 6[2] [send] via NET/IB/7/GDRDMA
MOC-R4PCC04U05:365595:366374 [2] NCCL INFO GPU Direct RDMA Enabled for GPU 2 / HCA 7 (distance 5 <= 5), read 1 mode Default
MOC-R4PCC04U05:365595:365668 [2] NCCL INFO New proxy send connection 55 from local rank 2, transport 2
MOC-R4PCC04U05:365594:366375 [1] NCCL INFO Channel 05/0 : 5[1] -> 1[1] [receive] via NET/IB/4/GDRDMA
MOC-R4PCC04U05:365594:366375 [1] NCCL INFO GPU Direct RDMA Enabled for GPU 1 / HCA 4 (distance 5 <= 5), read 0 mode Default
MOC-R4PCC04U05:365595:366374 [2] NCCL INFO Connected to proxy localRank 2 -> connection 0x7f07040068f8
MOC-R4PCC04U05:365593:366377 [0] NCCL INFO Channel 09/0 : 0[0] -> 3[3] via P2P/CUMEM
MOC-R4PCC04U05:365594:365670 [1] NCCL INFO New proxy recv connection 57 from local rank 1, transport 2
MOC-R4PCC04U05:365595:366374 [2] NCCL INFO Channel 10/0 : 2[2] -> 6[2] [send] via NET/IB/7/GDRDMA
MOC-R4PCC04U05:365595:366374 [2] NCCL INFO GPU Direct RDMA Enabled for GPU 2 / HCA 7 (distance 5 <= 5), read 1 mode Default
MOC-R4PCC04U05:365594:366375 [1] NCCL INFO Connected to proxy localRank 1 -> connection 0x7f46840069e8
MOC-R4PCC04U05:365593:365667 [0] NCCL INFO New proxy send connection 50 from local rank 0, transport 0
MOC-R4PCC04U05:365593:366377 [0] NCCL INFO Connected to proxy localRank 0 -> connection 0x7f24b40066a0
MOC-R4PCC04U05:365595:365668 [2] NCCL INFO New proxy send connection 56 from local rank 2, transport 2
MOC-R4PCC04U05:365595:366374 [2] NCCL INFO Connected to proxy localRank 2 -> connection 0x7f0704006970
MOC-R4PCC04U05:365594:366375 [1] NCCL INFO Channel 09/0 : 5[1] -> 1[1] [receive] via NET/IB/4/GDRDMA
MOC-R4PCC04U05:365594:366375 [1] NCCL INFO GPU Direct RDMA Enabled for GPU 1 / HCA 4 (distance 5 <= 5), read 0 mode Default
MOC-R4PCC04U05:365595:366374 [2] NCCL INFO Channel 14/0 : 2[2] -> 6[2] [send] via NET/IB/7/GDRDMA
MOC-R4PCC04U05:365594:365670 [1] NCCL INFO New proxy recv connection 58 from local rank 1, transport 2
MOC-R4PCC04U05:365594:366375 [1] NCCL INFO Connected to proxy localRank 1 -> connection 0x7f4684006a60
MOC-R4PCC04U05:365596:365669 [3] NCCL INFO New proxy recv connection 42 from local rank 3, transport 0
MOC-R4PCC04U05:365596:366376 [3] NCCL INFO Connected to proxy localRank 3 -> connection 0x7fee680062e0
MOC-R4PCC04U05:365593:366377 [0] NCCL INFO Channel 12/0 : 0[0] -> 3[3] via P2P/CUMEM
MOC-R4PCC04U05:365594:366375 [1] NCCL INFO Channel 13/0 : 5[1] -> 1[1] [receive] via NET/IB/4/GDRDMA
MOC-R4PCC04U05:365594:366375 [1] NCCL INFO GPU Direct RDMA Enabled for GPU 1 / HCA 4 (distance 5 <= 5), read 1 mode Default
MOC-R4PCC04U05:365593:365667 [0] NCCL INFO New proxy send connection 51 from local rank 0, transport 0
MOC-R4PCC04U05:365593:366377 [0] NCCL INFO Connected to proxy localRank 0 -> connection 0x7f24b4006718
MOC-R4PCC04U05:365594:365670 [1] NCCL INFO New proxy send connection 59 from local rank 1, transport 2
MOC-R4PCC04U05:365594:366375 [1] NCCL INFO Connected to proxy localRank 1 -> connection 0x7f4684006ad8
MOC-R4PCC04U05:365594:366375 [1] NCCL INFO Channel 01/0 : 1[1] -> 5[1] [send] via NET/IB/4/GDRDMA
MOC-R4PCC04U05:365594:366375 [1] NCCL INFO GPU Direct RDMA Enabled for GPU 1 / HCA 4 (distance 5 <= 5), read 1 mode Default
MOC-R4PCC04U05:365594:365670 [1] NCCL INFO New proxy send connection 60 from local rank 1, transport 2
MOC-R4PCC04U05:365595:366374 [2] NCCL INFO Channel 02/0 : 2[2] -> 0[0] via P2P/CUMEM
MOC-R4PCC04U05:365594:366375 [1] NCCL INFO Connected to proxy localRank 1 -> connection 0x7f4684006b50
MOC-R4PCC04U05:365595:365668 [2] NCCL INFO New proxy send connection 57 from local rank 2, transport 0
MOC-R4PCC04U05:365594:366375 [1] NCCL INFO Channel 05/0 : 1[1] -> 5[1] [send] via NET/IB/4/GDRDMA
MOC-R4PCC04U05:365594:366375 [1] NCCL INFO GPU Direct RDMA Enabled for GPU 1 / HCA 4 (distance 5 <= 5), read 1 mode Default
MOC-R4PCC04U05:365595:366374 [2] NCCL INFO Connected to proxy localRank 2 -> connection 0x7f07040069e8
MOC-R4PCC04U05:365594:365670 [1] NCCL INFO New proxy send connection 61 from local rank 1, transport 2
MOC-R4PCC04U05:365594:366375 [1] NCCL INFO Connected to proxy localRank 1 -> connection 0x7f4684006bc8
MOC-R4PCC04U05:365593:366377 [0] NCCL INFO Channel 13/0 : 0[0] -> 3[3] via P2P/CUMEM
MOC-R4PCC04U05:365596:365669 [3] NCCL INFO New proxy recv connection 43 from local rank 3, transport 0
MOC-R4PCC04U05:365593:365667 [0] NCCL INFO New proxy send connection 52 from local rank 0, transport 0
MOC-R4PCC04U05:365594:366375 [1] NCCL INFO Channel 09/0 : 1[1] -> 5[1] [send] via NET/IB/4/GDRDMA
MOC-R4PCC04U05:365594:366375 [1] NCCL INFO GPU Direct RDMA Enabled for GPU 1 / HCA 4 (distance 5 <= 5), read 1 mode Default
MOC-R4PCC04U05:365596:366376 [3] NCCL INFO Connected to proxy localRank 3 -> connection 0x7fee68006358
MOC-R4PCC04U05:365593:366377 [0] NCCL INFO Connected to proxy localRank 0 -> connection 0x7f24b4006790
MOC-R4PCC04U05:365594:365670 [1] NCCL INFO New proxy send connection 62 from local rank 1, transport 2
MOC-R4PCC04U05:365594:366375 [1] NCCL INFO Connected to proxy localRank 1 -> connection 0x7f4684006c40
MOC-R4PCC04U05:365594:366375 [1] NCCL INFO Channel 13/0 : 1[1] -> 5[1] [send] via NET/IB/4/GDRDMA
MOC-R4PCC04U05:365595:366374 [2] NCCL INFO Channel 03/0 : 2[2] -> 0[0] via P2P/CUMEM
MOC-R4PCC04U05:365595:365668 [2] NCCL INFO New proxy send connection 58 from local rank 2, transport 0
MOC-R4PCC04U05:365595:366374 [2] NCCL INFO Connected to proxy localRank 2 -> connection 0x7f0704006a60
MOC-R4PCC04U05:365594:365670 [1] NCCL INFO New proxy recv connection 63 from local rank 1, transport 0
MOC-R4PCC04U05:365596:365669 [3] NCCL INFO New proxy recv connection 44 from local rank 3, transport 0
MOC-R4PCC04U05:365594:366375 [1] NCCL INFO Connected to proxy localRank 1 -> connection 0x7f4684006cb8
MOC-R4PCC04U05:365596:366376 [3] NCCL INFO Connected to proxy localRank 3 -> connection 0x7fee680063d0
MOC-R4PCC04U05:365596:365669 [3] NCCL INFO New proxy recv connection 45 from local rank 3, transport 0
MOC-R4PCC04U05:365596:366376 [3] NCCL INFO Connected to proxy localRank 3 -> connection 0x7fee68006448
MOC-R4PCC04U05:365595:366374 [2] NCCL INFO Channel 06/0 : 2[2] -> 0[0] via P2P/CUMEM
MOC-R4PCC04U05:365595:365668 [2] NCCL INFO New proxy send connection 59 from local rank 2, transport 0
MOC-R4PCC04U05:365595:366374 [2] NCCL INFO Connected to proxy localRank 2 -> connection 0x7f0704006ad8
MOC-R4PCC04U05:365596:365669 [3] NCCL INFO New proxy recv connection 46 from local rank 3, transport 0
MOC-R4PCC04U05:365596:366376 [3] NCCL INFO Connected to proxy localRank 3 -> connection 0x7fee680064c0
MOC-R4PCC04U05:365594:365670 [1] NCCL INFO New proxy recv connection 64 from local rank 1, transport 0
MOC-R4PCC04U05:365595:366374 [2] NCCL INFO Channel 10/0 : 2[2] -> 0[0] via P2P/CUMEM
MOC-R4PCC04U05:365594:366375 [1] NCCL INFO Connected to proxy localRank 1 -> connection 0x7f4684006d30
MOC-R4PCC04U05:365595:365668 [2] NCCL INFO New proxy send connection 60 from local rank 2, transport 0
MOC-R4PCC04U05:365595:366374 [2] NCCL INFO Connected to proxy localRank 2 -> connection 0x7f0704006b50
MOC-R4PCC04U05:365593:366377 [0] NCCL INFO GPU Direct RDMA Enabled for GPU 0 / HCA 5 (distance 5 <= 5), read 0 mode Default
MOC-R4PCC04U05:365596:366376 [3] NCCL INFO GPU Direct RDMA Enabled for GPU 3 / HCA 6 (distance 5 <= 5), read 0 mode Default
MOC-R4PCC04U05:365593:365667 [0] NCCL INFO New proxy recv connection 53 from local rank 0, transport 2
MOC-R4PCC04U05:365595:366374 [2] NCCL INFO Channel 11/0 : 2[2] -> 0[0] via P2P/CUMEM
MOC-R4PCC04U05:365593:366377 [0] NCCL INFO Connected to proxy localRank 0 -> connection 0x7f24b4006808
MOC-R4PCC04U05:365594:365670 [1] NCCL INFO New proxy recv connection 65 from local rank 1, transport 0
MOC-R4PCC04U05:365596:365669 [3] NCCL INFO New proxy recv connection 47 from local rank 3, transport 2
MOC-R4PCC04U05:365594:366375 [1] NCCL INFO Connected to proxy localRank 1 -> connection 0x7f4684006da8
MOC-R4PCC04U05:365595:365668 [2] NCCL INFO New proxy send connection 61 from local rank 2, transport 0
MOC-R4PCC04U05:365596:366376 [3] NCCL INFO Connected to proxy localRank 3 -> connection 0x7fee68006538
MOC-R4PCC04U05:365595:366374 [2] NCCL INFO Connected to proxy localRank 2 -> connection 0x7f0704006bc8
MOC-R4PCC04U05:365593:366377 [0] NCCL INFO Channel 00/0 : 4[0] -> 0[0] [receive] via NET/IB/5/GDRDMA
MOC-R4PCC04U05:365593:366377 [0] NCCL INFO GPU Direct RDMA Enabled for GPU 0 / HCA 5 (distance 5 <= 5), read 0 mode Default
MOC-R4PCC04U05:365596:366376 [3] NCCL INFO Channel 03/0 : 7[3] -> 3[3] [receive] via NET/IB/6/GDRDMA
MOC-R4PCC04U05:365593:365667 [0] NCCL INFO New proxy recv connection 54 from local rank 0, transport 2
MOC-R4PCC04U05:365596:366376 [3] NCCL INFO GPU Direct RDMA Enabled for GPU 3 / HCA 6 (distance 5 <= 5), read 0 mode Default
MOC-R4PCC04U05:365593:366377 [0] NCCL INFO Connected to proxy localRank 0 -> connection 0x7f24b4006880
MOC-R4PCC04U05:365596:365669 [3] NCCL INFO New proxy recv connection 48 from local rank 3, transport 2
MOC-R4PCC04U05:365596:366376 [3] NCCL INFO Connected to proxy localRank 3 -> connection 0x7fee680065b0
MOC-R4PCC04U05:365593:366377 [0] NCCL INFO Channel 04/0 : 4[0] -> 0[0] [receive] via NET/IB/5/GDRDMA
MOC-R4PCC04U05:365593:366377 [0] NCCL INFO GPU Direct RDMA Enabled for GPU 0 / HCA 5 (distance 5 <= 5), read 0 mode Default
MOC-R4PCC04U05:365596:366376 [3] NCCL INFO Channel 07/0 : 7[3] -> 3[3] [receive] via NET/IB/6/GDRDMA
MOC-R4PCC04U05:365593:365667 [0] NCCL INFO New proxy recv connection 55 from local rank 0, transport 2
MOC-R4PCC04U05:365596:366376 [3] NCCL INFO GPU Direct RDMA Enabled for GPU 3 / HCA 6 (distance 5 <= 5), read 0 mode Default
MOC-R4PCC04U05:365593:366377 [0] NCCL INFO Connected to proxy localRank 0 -> connection 0x7f24b40068f8
MOC-R4PCC04U05:365596:365669 [3] NCCL INFO New proxy recv connection 49 from local rank 3, transport 2
MOC-R4PCC04U05:365595:366374 [2] NCCL INFO Channel 14/0 : 2[2] -> 0[0] via P2P/CUMEM
MOC-R4PCC04U05:365596:366376 [3] NCCL INFO Connected to proxy localRank 3 -> connection 0x7fee68006628
MOC-R4PCC04U05:365594:365670 [1] NCCL INFO New proxy recv connection 66 from local rank 1, transport 0
MOC-R4PCC04U05:365593:366377 [0] NCCL INFO Channel 08/0 : 4[0] -> 0[0] [receive] via NET/IB/5/GDRDMA
MOC-R4PCC04U05:365593:366377 [0] NCCL INFO GPU Direct RDMA Enabled for GPU 0 / HCA 5 (distance 5 <= 5), read 0 mode Default
MOC-R4PCC04U05:365595:365668 [2] NCCL INFO New proxy send connection 62 from local rank 2, transport 0
MOC-R4PCC04U05:365594:366375 [1] NCCL INFO Connected to proxy localRank 1 -> connection 0x7f4684006e20
MOC-R4PCC04U05:365595:366374 [2] NCCL INFO Connected to proxy localRank 2 -> connection 0x7f0704006c40
MOC-R4PCC04U05:365593:365667 [0] NCCL INFO New proxy recv connection 56 from local rank 0, transport 2
MOC-R4PCC04U05:365596:366376 [3] NCCL INFO Channel 11/0 : 7[3] -> 3[3] [receive] via NET/IB/6/GDRDMA
MOC-R4PCC04U05:365596:366376 [3] NCCL INFO GPU Direct RDMA Enabled for GPU 3 / HCA 6 (distance 5 <= 5), read 0 mode Default
MOC-R4PCC04U05:365593:366377 [0] NCCL INFO Connected to proxy localRank 0 -> connection 0x7f24b4006970
MOC-R4PCC04U05:365596:365669 [3] NCCL INFO New proxy recv connection 50 from local rank 3, transport 2
MOC-R4PCC04U05:365596:366376 [3] NCCL INFO Connected to proxy localRank 3 -> connection 0x7fee680066a0
MOC-R4PCC04U05:365593:366377 [0] NCCL INFO Channel 12/0 : 4[0] -> 0[0] [receive] via NET/IB/5/GDRDMA
MOC-R4PCC04U05:365593:366377 [0] NCCL INFO GPU Direct RDMA Enabled for GPU 0 / HCA 5 (distance 5 <= 5), read 1 mode Default
MOC-R4PCC04U05:365596:366376 [3] NCCL INFO Channel 15/0 : 7[3] -> 3[3] [receive] via NET/IB/6/GDRDMA
MOC-R4PCC04U05:365593:365667 [0] NCCL INFO New proxy send connection 57 from local rank 0, transport 2
MOC-R4PCC04U05:365596:366376 [3] NCCL INFO GPU Direct RDMA Enabled for GPU 3 / HCA 6 (distance 5 <= 5), read 1 mode Default
MOC-R4PCC04U05:365593:366377 [0] NCCL INFO Connected to proxy localRank 0 -> connection 0x7f24b40069e8
MOC-R4PCC04U05:365596:365669 [3] NCCL INFO New proxy send connection 51 from local rank 3, transport 2
MOC-R4PCC04U05:365596:366376 [3] NCCL INFO Connected to proxy localRank 3 -> connection 0x7fee68006718
MOC-R4PCC04U05:365593:366377 [0] NCCL INFO Channel 00/0 : 0[0] -> 4[0] [send] via NET/IB/5/GDRDMA
MOC-R4PCC04U05:365593:366377 [0] NCCL INFO GPU Direct RDMA Enabled for GPU 0 / HCA 5 (distance 5 <= 5), read 1 mode Default
MOC-R4PCC04U05:365596:366376 [3] NCCL INFO Channel 03/0 : 3[3] -> 7[3] [send] via NET/IB/6/GDRDMA
MOC-R4PCC04U05:365593:365667 [0] NCCL INFO New proxy send connection 58 from local rank 0, transport 2
MOC-R4PCC04U05:365596:366376 [3] NCCL INFO GPU Direct RDMA Enabled for GPU 3 / HCA 6 (distance 5 <= 5), read 1 mode Default
MOC-R4PCC04U05:365593:366377 [0] NCCL INFO Connected to proxy localRank 0 -> connection 0x7f24b4006a60
MOC-R4PCC04U05:365596:365669 [3] NCCL INFO New proxy send connection 52 from local rank 3, transport 2
MOC-R4PCC04U05:365596:366376 [3] NCCL INFO Connected to proxy localRank 3 -> connection 0x7fee68006790
MOC-R4PCC04U05:365594:365670 [1] NCCL INFO New proxy recv connection 67 from local rank 1, transport 0
MOC-R4PCC04U05:365593:366377 [0] NCCL INFO Channel 04/0 : 0[0] -> 4[0] [send] via NET/IB/5/GDRDMA
MOC-R4PCC04U05:365593:366377 [0] NCCL INFO GPU Direct RDMA Enabled for GPU 0 / HCA 5 (distance 5 <= 5), read 1 mode Default
MOC-R4PCC04U05:365594:366375 [1] NCCL INFO Connected to proxy localRank 1 -> connection 0x7f4684006e98
MOC-R4PCC04U05:365596:366376 [3] NCCL INFO Channel 07/0 : 3[3] -> 7[3] [send] via NET/IB/6/GDRDMA
MOC-R4PCC04U05:365596:366376 [3] NCCL INFO GPU Direct RDMA Enabled for GPU 3 / HCA 6 (distance 5 <= 5), read 1 mode Default
MOC-R4PCC04U05:365593:365667 [0] NCCL INFO New proxy send connection 59 from local rank 0, transport 2
MOC-R4PCC04U05:365593:366377 [0] NCCL INFO Connected to proxy localRank 0 -> connection 0x7f24b4006ad8
MOC-R4PCC04U05:365596:365669 [3] NCCL INFO New proxy send connection 53 from local rank 3, transport 2
MOC-R4PCC04U05:365596:366376 [3] NCCL INFO Connected to proxy localRank 3 -> connection 0x7fee68006808
MOC-R4PCC04U05:365593:366377 [0] NCCL INFO Channel 08/0 : 0[0] -> 4[0] [send] via NET/IB/5/GDRDMA
MOC-R4PCC04U05:365593:366377 [0] NCCL INFO GPU Direct RDMA Enabled for GPU 0 / HCA 5 (distance 5 <= 5), read 1 mode Default
MOC-R4PCC04U05:365596:366376 [3] NCCL INFO Channel 11/0 : 3[3] -> 7[3] [send] via NET/IB/6/GDRDMA
MOC-R4PCC04U05:365596:366376 [3] NCCL INFO GPU Direct RDMA Enabled for GPU 3 / HCA 6 (distance 5 <= 5), read 1 mode Default
MOC-R4PCC04U05:365593:365667 [0] NCCL INFO New proxy send connection 60 from local rank 0, transport 2
MOC-R4PCC04U05:365593:366377 [0] NCCL INFO Connected to proxy localRank 0 -> connection 0x7f24b4006b50
MOC-R4PCC04U05:365596:365669 [3] NCCL INFO New proxy send connection 54 from local rank 3, transport 2
MOC-R4PCC04U05:365596:366376 [3] NCCL INFO Connected to proxy localRank 3 -> connection 0x7fee68006880
MOC-R4PCC04U05:365593:366377 [0] NCCL INFO Channel 12/0 : 0[0] -> 4[0] [send] via NET/IB/5/GDRDMA
MOC-R4PCC04U05:365596:366376 [3] NCCL INFO Channel 15/0 : 3[3] -> 7[3] [send] via NET/IB/6/GDRDMA
MOC-R4PCC04U05:365594:365670 [1] NCCL INFO New proxy recv connection 68 from local rank 1, transport 0
MOC-R4PCC04U05:365594:366375 [1] NCCL INFO Connected to proxy localRank 1 -> connection 0x7f4684006f10
MOC-R4PCC04U05:365596:366376 [3] NCCL INFO Channel 01/0 : 3[3] -> 0[0] via P2P/CUMEM
MOC-R4PCC04U05:365596:365669 [3] NCCL INFO New proxy send connection 55 from local rank 3, transport 0
MOC-R4PCC04U05:365593:365667 [0] NCCL INFO New proxy recv connection 61 from local rank 0, transport 0
MOC-R4PCC04U05:365596:366376 [3] NCCL INFO Connected to proxy localRank 3 -> connection 0x7fee680068f8
MOC-R4PCC04U05:365593:366377 [0] NCCL INFO Connected to proxy localRank 0 -> connection 0x7f24b4006bc8
MOC-R4PCC04U05:365596:366376 [3] NCCL INFO Channel 04/0 : 3[3] -> 0[0] via P2P/CUMEM
MOC-R4PCC04U05:365596:365669 [3] NCCL INFO New proxy send connection 56 from local rank 3, transport 0
MOC-R4PCC04U05:365596:366376 [3] NCCL INFO Connected to proxy localRank 3 -> connection 0x7fee68006970
MOC-R4PCC04U05:365593:365667 [0] NCCL INFO New proxy recv connection 62 from local rank 0, transport 0
MOC-R4PCC04U05:365593:366377 [0] NCCL INFO Connected to proxy localRank 0 -> connection 0x7f24b4006c40
MOC-R4PCC04U05:365596:366376 [3] NCCL INFO Channel 05/0 : 3[3] -> 0[0] via P2P/CUMEM
MOC-R4PCC04U05:365596:365669 [3] NCCL INFO New proxy send connection 57 from local rank 3, transport 0
MOC-R4PCC04U05:365593:365667 [0] NCCL INFO New proxy recv connection 63 from local rank 0, transport 0
MOC-R4PCC04U05:365596:366376 [3] NCCL INFO Connected to proxy localRank 3 -> connection 0x7fee680069e8
MOC-R4PCC04U05:365593:366377 [0] NCCL INFO Connected to proxy localRank 0 -> connection 0x7f24b4006cb8
MOC-R4PCC04U05:365596:366376 [3] NCCL INFO Channel 06/0 : 3[3] -> 0[0] via P2P/CUMEM
MOC-R4PCC04U05:365596:365669 [3] NCCL INFO New proxy send connection 58 from local rank 3, transport 0
MOC-R4PCC04U05:365596:366376 [3] NCCL INFO Connected to proxy localRank 3 -> connection 0x7fee68006a60
MOC-R4PCC04U05:365593:365667 [0] NCCL INFO New proxy recv connection 64 from local rank 0, transport 0
MOC-R4PCC04U05:365593:366377 [0] NCCL INFO Connected to proxy localRank 0 -> connection 0x7f24b4006d30
MOC-R4PCC04U05:365596:366376 [3] NCCL INFO Channel 09/0 : 3[3] -> 0[0] via P2P/CUMEM
MOC-R4PCC04U05:365596:365669 [3] NCCL INFO New proxy send connection 59 from local rank 3, transport 0
MOC-R4PCC04U05:365596:366376 [3] NCCL INFO Connected to proxy localRank 3 -> connection 0x7fee68006ad8
MOC-R4PCC04U05:365593:365667 [0] NCCL INFO New proxy recv connection 65 from local rank 0, transport 0
MOC-R4PCC04U05:365593:366377 [0] NCCL INFO Connected to proxy localRank 0 -> connection 0x7f24b4006da8
MOC-R4PCC04U05:365596:366376 [3] NCCL INFO Channel 12/0 : 3[3] -> 0[0] via P2P/CUMEM
MOC-R4PCC04U05:365596:365669 [3] NCCL INFO New proxy send connection 60 from local rank 3, transport 0
MOC-R4PCC04U05:365593:365667 [0] NCCL INFO New proxy recv connection 66 from local rank 0, transport 0
MOC-R4PCC04U05:365596:366376 [3] NCCL INFO Connected to proxy localRank 3 -> connection 0x7fee68006b50
MOC-R4PCC04U05:365593:366377 [0] NCCL INFO Connected to proxy localRank 0 -> connection 0x7f24b4006e20
MOC-R4PCC04U05:365596:366376 [3] NCCL INFO Channel 13/0 : 3[3] -> 0[0] via P2P/CUMEM
MOC-R4PCC04U05:365596:365669 [3] NCCL INFO New proxy send connection 61 from local rank 3, transport 0
MOC-R4PCC04U05:365593:365667 [0] NCCL INFO New proxy recv connection 67 from local rank 0, transport 0
MOC-R4PCC04U05:365596:366376 [3] NCCL INFO Connected to proxy localRank 3 -> connection 0x7fee68006bc8
MOC-R4PCC04U05:365593:366377 [0] NCCL INFO Connected to proxy localRank 0 -> connection 0x7f24b4006e98
MOC-R4PCC04U05:365596:366376 [3] NCCL INFO Channel 14/0 : 3[3] -> 0[0] via P2P/CUMEM
MOC-R4PCC04U05:365596:365669 [3] NCCL INFO New proxy send connection 62 from local rank 3, transport 0
MOC-R4PCC04U05:365593:365667 [0] NCCL INFO New proxy recv connection 68 from local rank 0, transport 0
MOC-R4PCC04U05:365596:366376 [3] NCCL INFO Connected to proxy localRank 3 -> connection 0x7fee68006c40
MOC-R4PCC04U05:365593:366377 [0] NCCL INFO Connected to proxy localRank 0 -> connection 0x7f24b4006f10
MOC-R4PCC04U05:365596:366376 [3] NCCL INFO Channel 02/0 : 3[3] -> 1[1] via P2P/CUMEM
MOC-R4PCC04U05:365596:365669 [3] NCCL INFO New proxy send connection 63 from local rank 3, transport 0
MOC-R4PCC04U05:365593:365667 [0] NCCL INFO New proxy recv connection 69 from local rank 0, transport 0
MOC-R4PCC04U05:365596:366376 [3] NCCL INFO Connected to proxy localRank 3 -> connection 0x7fee68006cb8
MOC-R4PCC04U05:365593:366377 [0] NCCL INFO Connected to proxy localRank 0 -> connection 0x7f24b4006f88
MOC-R4PCC04U05:365596:366376 [3] NCCL INFO Channel 05/0 : 3[3] -> 1[1] via P2P/CUMEM
MOC-R4PCC04U05:365593:365667 [0] NCCL INFO New proxy recv connection 70 from local rank 0, transport 0
MOC-R4PCC04U05:365596:365669 [3] NCCL INFO New proxy send connection 64 from local rank 3, transport 0
MOC-R4PCC04U05:365593:366377 [0] NCCL INFO Connected to proxy localRank 0 -> connection 0x7f24b4007000
MOC-R4PCC04U05:365596:366376 [3] NCCL INFO Connected to proxy localRank 3 -> connection 0x7fee68006d30
MOC-R4PCC04U05:365596:366376 [3] NCCL INFO Channel 06/0 : 3[3] -> 1[1] via P2P/CUMEM
MOC-R4PCC04U05:365593:365667 [0] NCCL INFO New proxy recv connection 71 from local rank 0, transport 0
MOC-R4PCC04U05:365593:366377 [0] NCCL INFO Connected to proxy localRank 0 -> connection 0x7f24b4007078
MOC-R4PCC04U05:365596:365669 [3] NCCL INFO New proxy send connection 65 from local rank 3, transport 0
MOC-R4PCC04U05:365596:366376 [3] NCCL INFO Connected to proxy localRank 3 -> connection 0x7fee68006da8
MOC-R4PCC04U05:365596:366376 [3] NCCL INFO Channel 10/0 : 3[3] -> 1[1] via P2P/CUMEM
MOC-R4PCC04U05:365593:365667 [0] NCCL INFO New proxy recv connection 72 from local rank 0, transport 0
MOC-R4PCC04U05:365596:365669 [3] NCCL INFO New proxy send connection 66 from local rank 3, transport 0
MOC-R4PCC04U05:365593:366377 [0] NCCL INFO Connected to proxy localRank 0 -> connection 0x7f24b40070f0
MOC-R4PCC04U05:365596:366376 [3] NCCL INFO Connected to proxy localRank 3 -> connection 0x7fee68006e20
MOC-R4PCC04U05:365596:366376 [3] NCCL INFO Channel 13/0 : 3[3] -> 1[1] via P2P/CUMEM
MOC-R4PCC04U05:365593:365667 [0] NCCL INFO New proxy recv connection 73 from local rank 0, transport 0
MOC-R4PCC04U05:365593:366377 [0] NCCL INFO Connected to proxy localRank 0 -> connection 0x7f24b4007168
MOC-R4PCC04U05:365596:365669 [3] NCCL INFO New proxy send connection 67 from local rank 3, transport 0
MOC-R4PCC04U05:365596:366376 [3] NCCL INFO Connected to proxy localRank 3 -> connection 0x7fee68006e98
MOC-R4PCC04U05:365596:366376 [3] NCCL INFO Channel 14/0 : 3[3] -> 1[1] via P2P/CUMEM
MOC-R4PCC04U05:365593:365667 [0] NCCL INFO New proxy recv connection 74 from local rank 0, transport 0
MOC-R4PCC04U05:365596:365669 [3] NCCL INFO New proxy send connection 68 from local rank 3, transport 0
MOC-R4PCC04U05:365593:366377 [0] NCCL INFO Connected to proxy localRank 0 -> connection 0x7f24b40071e0
MOC-R4PCC04U05:365596:366376 [3] NCCL INFO Connected to proxy localRank 3 -> connection 0x7fee68006f10
MOC-R4PCC04U05:365596:366376 [3] NCCL INFO Channel 00/0 : 3[3] -> 2[2] via P2P/CUMEM
MOC-R4PCC04U05:365593:365667 [0] NCCL INFO New proxy recv connection 75 from local rank 0, transport 0
MOC-R4PCC04U05:365593:366377 [0] NCCL INFO Connected to proxy localRank 0 -> connection 0x7f24b4007258
MOC-R4PCC04U05:365595:365668 [2] NCCL INFO New proxy recv connection 63 from local rank 2, transport 0
MOC-R4PCC04U05:365595:366374 [2] NCCL INFO Connected to proxy localRank 2 -> connection 0x7f0704006cb8
MOC-R4PCC04U05:365596:365669 [3] NCCL INFO New proxy send connection 69 from local rank 3, transport 0
MOC-R4PCC04U05:365594:365670 [1] NCCL INFO New proxy recv connection 69 from local rank 1, transport 0
MOC-R4PCC04U05:365596:366376 [3] NCCL INFO Connected to proxy localRank 3 -> connection 0x7fee68006f88
MOC-R4PCC04U05:365594:366375 [1] NCCL INFO Connected to proxy localRank 1 -> connection 0x7f4684006f88
MOC-R4PCC04U05:365593:365667 [0] NCCL INFO New proxy recv connection 76 from local rank 0, transport 0
MOC-R4PCC04U05:365593:366377 [0] NCCL INFO Connected to proxy localRank 0 -> connection 0x7f24b40072d0
MOC-R4PCC04U05:365596:366376 [3] NCCL INFO Channel 04/0 : 3[3] -> 2[2] via P2P/CUMEM
MOC-R4PCC04U05:365595:365668 [2] NCCL INFO New proxy recv connection 64 from local rank 2, transport 0
MOC-R4PCC04U05:365596:365669 [3] NCCL INFO New proxy send connection 70 from local rank 3, transport 0
MOC-R4PCC04U05:365595:366374 [2] NCCL INFO Connected to proxy localRank 2 -> connection 0x7f0704006d30
MOC-R4PCC04U05:365596:366376 [3] NCCL INFO Connected to proxy localRank 3 -> connection 0x7fee68007000
MOC-R4PCC04U05:365594:365670 [1] NCCL INFO New proxy recv connection 70 from local rank 1, transport 0
MOC-R4PCC04U05:365594:366375 [1] NCCL INFO Connected to proxy localRank 1 -> connection 0x7f4684007000
MOC-R4PCC04U05:365596:366376 [3] NCCL INFO Channel 07/0 : 3[3] -> 2[2] via P2P/CUMEM
MOC-R4PCC04U05:365595:365668 [2] NCCL INFO New proxy recv connection 65 from local rank 2, transport 0
MOC-R4PCC04U05:365595:366374 [2] NCCL INFO Connected to proxy localRank 2 -> connection 0x7f0704006da8
MOC-R4PCC04U05:365596:365669 [3] NCCL INFO New proxy send connection 71 from local rank 3, transport 0
MOC-R4PCC04U05:365596:366376 [3] NCCL INFO Connected to proxy localRank 3 -> connection 0x7fee68007078
MOC-R4PCC04U05:365594:365670 [1] NCCL INFO New proxy recv connection 71 from local rank 1, transport 0
MOC-R4PCC04U05:365594:366375 [1] NCCL INFO Connected to proxy localRank 1 -> connection 0x7f4684007078
MOC-R4PCC04U05:365595:365668 [2] NCCL INFO New proxy recv connection 66 from local rank 2, transport 0
MOC-R4PCC04U05:365594:365670 [1] NCCL INFO New proxy recv connection 72 from local rank 1, transport 0
MOC-R4PCC04U05:365595:366374 [2] NCCL INFO Connected to proxy localRank 2 -> connection 0x7f0704006e20
MOC-R4PCC04U05:365594:366375 [1] NCCL INFO Connected to proxy localRank 1 -> connection 0x7f46840070f0
MOC-R4PCC04U05:365596:366376 [3] NCCL INFO Channel 08/0 : 3[3] -> 2[2] via P2P/CUMEM
MOC-R4PCC04U05:365596:365669 [3] NCCL INFO New proxy send connection 72 from local rank 3, transport 0
MOC-R4PCC04U05:365596:366376 [3] NCCL INFO Connected to proxy localRank 3 -> connection 0x7fee680070f0
MOC-R4PCC04U05:365595:365668 [2] NCCL INFO New proxy recv connection 67 from local rank 2, transport 0
MOC-R4PCC04U05:365595:366374 [2] NCCL INFO Connected to proxy localRank 2 -> connection 0x7f0704006e98
MOC-R4PCC04U05:365594:365670 [1] NCCL INFO New proxy recv connection 73 from local rank 1, transport 0
MOC-R4PCC04U05:365594:366375 [1] NCCL INFO Connected to proxy localRank 1 -> connection 0x7f4684007168
MOC-R4PCC04U05:365596:366376 [3] NCCL INFO Channel 12/0 : 3[3] -> 2[2] via P2P/CUMEM
MOC-R4PCC04U05:365596:365669 [3] NCCL INFO New proxy send connection 73 from local rank 3, transport 0
MOC-R4PCC04U05:365596:366376 [3] NCCL INFO Connected to proxy localRank 3 -> connection 0x7fee68007168
MOC-R4PCC04U05:365595:365668 [2] NCCL INFO New proxy recv connection 68 from local rank 2, transport 0
MOC-R4PCC04U05:365595:366374 [2] NCCL INFO Connected to proxy localRank 2 -> connection 0x7f0704006f10
MOC-R4PCC04U05:365594:365670 [1] NCCL INFO New proxy recv connection 74 from local rank 1, transport 0
MOC-R4PCC04U05:365596:366376 [3] NCCL INFO Channel 15/0 : 3[3] -> 2[2] via P2P/CUMEM
MOC-R4PCC04U05:365594:366375 [1] NCCL INFO Connected to proxy localRank 1 -> connection 0x7f46840071e0
MOC-R4PCC04U05:365596:365669 [3] NCCL INFO New proxy send connection 74 from local rank 3, transport 0
MOC-R4PCC04U05:365596:366376 [3] NCCL INFO Connected to proxy localRank 3 -> connection 0x7fee680071e0
MOC-R4PCC04U05:365595:366374 [2] NCCL INFO Channel 00/0 : 2[2] -> 1[1] via P2P/CUMEM
MOC-R4PCC04U05:365595:365668 [2] NCCL INFO New proxy send connection 69 from local rank 2, transport 0
MOC-R4PCC04U05:365595:366374 [2] NCCL INFO Connected to proxy localRank 2 -> connection 0x7f0704006f88
MOC-R4PCC04U05:365594:365670 [1] NCCL INFO New proxy recv connection 75 from local rank 1, transport 0
MOC-R4PCC04U05:365594:366375 [1] NCCL INFO Connected to proxy localRank 1 -> connection 0x7f4684007258
MOC-R4PCC04U05:365595:366374 [2] NCCL INFO Channel 01/0 : 2[2] -> 1[1] via P2P/CUMEM
MOC-R4PCC04U05:365595:365668 [2] NCCL INFO New proxy send connection 70 from local rank 2, transport 0
MOC-R4PCC04U05:365595:366374 [2] NCCL INFO Connected to proxy localRank 2 -> connection 0x7f0704007000
MOC-R4PCC04U05:365594:365670 [1] NCCL INFO New proxy recv connection 76 from local rank 1, transport 0
MOC-R4PCC04U05:365594:366375 [1] NCCL INFO Connected to proxy localRank 1 -> connection 0x7f46840072d0
MOC-R4PCC04U05:365595:366374 [2] NCCL INFO Channel 04/0 : 2[2] -> 1[1] via P2P/CUMEM
MOC-R4PCC04U05:365595:365668 [2] NCCL INFO New proxy send connection 71 from local rank 2, transport 0
MOC-R4PCC04U05:365595:366374 [2] NCCL INFO Connected to proxy localRank 2 -> connection 0x7f0704007078
MOC-R4PCC04U05:365594:366375 [1] NCCL INFO Channel 00/0 : 1[1] -> 0[0] via P2P/CUMEM
MOC-R4PCC04U05:365594:365670 [1] NCCL INFO New proxy send connection 77 from local rank 1, transport 0
MOC-R4PCC04U05:365594:366375 [1] NCCL INFO Connected to proxy localRank 1 -> connection 0x7f4684007348
MOC-R4PCC04U05:365595:366374 [2] NCCL INFO Channel 07/0 : 2[2] -> 1[1] via P2P/CUMEM
MOC-R4PCC04U05:365595:365668 [2] NCCL INFO New proxy send connection 72 from local rank 2, transport 0
MOC-R4PCC04U05:365595:366374 [2] NCCL INFO Connected to proxy localRank 2 -> connection 0x7f07040070f0
MOC-R4PCC04U05:365594:366375 [1] NCCL INFO Channel 08/0 : 1[1] -> 0[0] via P2P/CUMEM
MOC-R4PCC04U05:365594:365670 [1] NCCL INFO New proxy send connection 78 from local rank 1, transport 0
MOC-R4PCC04U05:365594:366375 [1] NCCL INFO Connected to proxy localRank 1 -> connection 0x7f46840073c0
MOC-R4PCC04U05:365595:366374 [2] NCCL INFO Channel 08/0 : 2[2] -> 1[1] via P2P/CUMEM
MOC-R4PCC04U05:365595:365668 [2] NCCL INFO New proxy send connection 73 from local rank 2, transport 0
MOC-R4PCC04U05:365595:366374 [2] NCCL INFO Connected to proxy localRank 2 -> connection 0x7f0704007168
MOC-R4PCC04U05:365595:366374 [2] NCCL INFO Channel 09/0 : 2[2] -> 1[1] via P2P/CUMEM
MOC-R4PCC04U05:365595:365668 [2] NCCL INFO New proxy send connection 74 from local rank 2, transport 0
MOC-R4PCC04U05:365595:366374 [2] NCCL INFO Connected to proxy localRank 2 -> connection 0x7f07040071e0
MOC-R4PCC04U05:365595:366374 [2] NCCL INFO Channel 12/0 : 2[2] -> 1[1] via P2P/CUMEM
MOC-R4PCC04U05:365595:365668 [2] NCCL INFO New proxy send connection 75 from local rank 2, transport 0
MOC-R4PCC04U05:365595:366374 [2] NCCL INFO Connected to proxy localRank 2 -> connection 0x7f0704007258
MOC-R4PCC04U05:365595:366374 [2] NCCL INFO Channel 15/0 : 2[2] -> 1[1] via P2P/CUMEM
MOC-R4PCC04U05:365595:365668 [2] NCCL INFO New proxy send connection 76 from local rank 2, transport 0
MOC-R4PCC04U05:365595:366374 [2] NCCL INFO Connected to proxy localRank 2 -> connection 0x7f07040072d0
MOC-R4PCC04U05:365596:365669 [3] NCCL INFO NET/IB: NCCL Dev 6 IbDev 2 Port 1 qpn 1045 mtu 5 query_ece={supported=1, vendor_id=0x15b3, options=0x30000002, comp_mask=0x0} GID 3 (0/673CA8C0FFFF0000) fifoRkey=0x17c585 fifoLkey=0x17c585
MOC-R4PCC04U05:365594:365670 [1] NCCL INFO NET/IB: NCCL Dev 4 IbDev 0 Port 1 qpn 1442 mtu 5 query_ece={supported=1, vendor_id=0x15b3, options=0x30000002, comp_mask=0x0} GID 5 (0/B93CA8C0FFFF0000) fifoRkey=0x17d796 fifoLkey=0x17d796
MOC-R4PCC04U05:365596:365669 [3] NCCL INFO NET/IB: NCCL Dev 6 IbDev 2 Port 1 qpn 1046 mtu 5 query_ece={supported=1, vendor_id=0x15b3, options=0x30000002, comp_mask=0x0} GID 3 (0/673CA8C0FFFF0000) fifoRkey=0x17dd9c fifoLkey=0x17dd9c
MOC-R4PCC04U05:365596:365669 [3] NCCL INFO NET/IB: NCCL Dev 6 IbDev 2 Port 1 qpn 1047 mtu 5 query_ece={supported=1, vendor_id=0x15b3, options=0x30000002, comp_mask=0x0} GID 3 (0/673CA8C0FFFF0000) fifoRkey=0x17d190 fifoLkey=0x17d190
MOC-R4PCC04U05:365594:365670 [1] NCCL INFO NET/IB: IbDev 0 Port 1 qpn 819 set_ece={supported=1, vendor_id=0x15b3, options=0x0, comp_mask=0x0}
MOC-R4PCC04U05:365596:365669 [3] NCCL INFO NET/IB: NCCL Dev 6 IbDev 2 Port 1 qpn 1048 mtu 5 query_ece={supported=1, vendor_id=0x15b3, options=0x30000002, comp_mask=0x0} GID 3 (0/673CA8C0FFFF0000) fifoRkey=0x17a362 fifoLkey=0x17a362
MOC-R4PCC04U05:365596:365669 [3] NCCL INFO NET/IB: IbDev 2 Port 1 qpn 1010 set_ece={supported=1, vendor_id=0x15b3, options=0x0, comp_mask=0x0}
MOC-R4PCC04U05:365594:365670 [1] NCCL INFO NET/IB: NCCL Dev 4 IbDev 0 Port 1 qpn 1447 mtu 5 query_ece={supported=1, vendor_id=0x15b3, options=0x30000002, comp_mask=0x0} GID 5 (0/B93CA8C0FFFF0000) fifoRkey=0x178644 fifoLkey=0x178644
MOC-R4PCC04U05:365596:365669 [3] NCCL INFO NET/IB: IbDev 2 Port 1 qpn 1013 set_ece={supported=1, vendor_id=0x15b3, options=0x0, comp_mask=0x0}
MOC-R4PCC04U05:365594:365670 [1] NCCL INFO NET/IB: NCCL Dev 4 IbDev 0 Port 1 qpn 1448 mtu 5 query_ece={supported=1, vendor_id=0x15b3, options=0x30000002, comp_mask=0x0} GID 5 (0/B93CA8C0FFFF0000) fifoRkey=0x1801c0 fifoLkey=0x1801c0
MOC-R4PCC04U05:365594:365670 [1] NCCL INFO NET/IB: NCCL Dev 4 IbDev 0 Port 1 qpn 1449 mtu 5 query_ece={supported=1, vendor_id=0x15b3, options=0x30000002, comp_mask=0x0} GID 5 (0/B93CA8C0FFFF0000) fifoRkey=0x17aa69 fifoLkey=0x17aa69
MOC-R4PCC04U05:365596:365669 [3] NCCL INFO NET/IB: IbDev 2 Port 1 qpn 1016 set_ece={supported=1, vendor_id=0x15b3, options=0x0, comp_mask=0x0}
MOC-R4PCC04U05:365596:365669 [3] NCCL INFO NET/IB: IbDev 2 Port 1 qpn 1019 set_ece={supported=1, vendor_id=0x15b3, options=0x0, comp_mask=0x0}
MOC-R4PCC04U05:365594:365670 [1] NCCL INFO NET/IB: IbDev 0 Port 1 qpn 823 set_ece={supported=1, vendor_id=0x15b3, options=0x0, comp_mask=0x0}
MOC-R4PCC04U05:365595:365668 [2] NCCL INFO NET/IB: NCCL Dev 7 IbDev 3 Port 1 qpn 1610 mtu 5 query_ece={supported=1, vendor_id=0x15b3, options=0x30000002, comp_mask=0x0} GID 5 (0/6F3CA8C0FFFF0000) fifoRkey=0x17dd9c fifoLkey=0x17dd9c
MOC-R4PCC04U05:365593:365667 [0] NCCL INFO NET/IB: NCCL Dev 5 IbDev 1 Port 1 qpn 1050 mtu 5 query_ece={supported=1, vendor_id=0x15b3, options=0x30000002, comp_mask=0x0} GID 3 (0/BA3CA8C0FFFF0000) fifoRkey=0x171cdb fifoLkey=0x171cdb
MOC-R4PCC04U05:365595:365668 [2] NCCL INFO NET/IB: NCCL Dev 7 IbDev 3 Port 1 qpn 1611 mtu 5 query_ece={supported=1, vendor_id=0x15b3, options=0x30000002, comp_mask=0x0} GID 5 (0/6F3CA8C0FFFF0000) fifoRkey=0x177f3e fifoLkey=0x177f3e
MOC-R4PCC04U05:365595:365668 [2] NCCL INFO NET/IB: IbDev 3 Port 1 qpn 866 set_ece={supported=1, vendor_id=0x15b3, options=0x0, comp_mask=0x0}
MOC-R4PCC04U05:365595:365668 [2] NCCL INFO NET/IB: IbDev 3 Port 1 qpn 869 set_ece={supported=1, vendor_id=0x15b3, options=0x0, comp_mask=0x0}
MOC-R4PCC04U05:365593:365667 [0] NCCL INFO NET/IB: NCCL Dev 5 IbDev 1 Port 1 qpn 1051 mtu 5 query_ece={supported=1, vendor_id=0x15b3, options=0x30000002, comp_mask=0x0} GID 3 (0/BA3CA8C0FFFF0000) fifoRkey=0x17bd7c fifoLkey=0x17bd7c
MOC-R4PCC04U05:365594:365670 [1] NCCL INFO NET/IB: IbDev 0 Port 1 qpn 826 set_ece={supported=1, vendor_id=0x15b3, options=0x0, comp_mask=0x0}
MOC-R4PCC04U05:365593:365667 [0] NCCL INFO NET/IB: IbDev 1 Port 1 qpn 1023 set_ece={supported=1, vendor_id=0x15b3, options=0x0, comp_mask=0x0}
MOC-R4PCC04U05:365593:365667 [0] NCCL INFO NET/IB: IbDev 1 Port 1 qpn 1026 set_ece={supported=1, vendor_id=0x15b3, options=0x0, comp_mask=0x0}
MOC-R4PCC04U05:365594:365670 [1] NCCL INFO NET/IB: IbDev 0 Port 1 qpn 828 set_ece={supported=1, vendor_id=0x15b3, options=0x0, comp_mask=0x0}
MOC-R4PCC04U05:365595:365668 [2] NCCL INFO NET/IB: NCCL Dev 7 IbDev 3 Port 1 qpn 1614 mtu 5 query_ece={supported=1, vendor_id=0x15b3, options=0x30000002, comp_mask=0x0} GID 5 (0/6F3CA8C0FFFF0000) fifoRkey=0x17cb8b fifoLkey=0x17cb8b
MOC-R4PCC04U05:365595:365668 [2] NCCL INFO NET/IB: NCCL Dev 7 IbDev 3 Port 1 qpn 1617 mtu 5 query_ece={supported=1, vendor_id=0x15b3, options=0x30000002, comp_mask=0x0} GID 5 (0/6F3CA8C0FFFF0000) fifoRkey=0x17d796 fifoLkey=0x17d796
MOC-R4PCC04U05:365595:365668 [2] NCCL INFO NET/IB: IbDev 3 Port 1 qpn 873 set_ece={supported=1, vendor_id=0x15b3, options=0x0, comp_mask=0x0}
MOC-R4PCC04U05:365595:365668 [2] NCCL INFO NET/IB: IbDev 3 Port 1 qpn 876 set_ece={supported=1, vendor_id=0x15b3, options=0x0, comp_mask=0x0}
MOC-R4PCC04U05:365593:365667 [0] NCCL INFO NET/IB: NCCL Dev 5 IbDev 1 Port 1 qpn 1058 mtu 5 query_ece={supported=1, vendor_id=0x15b3, options=0x30000002, comp_mask=0x0} GID 3 (0/BA3CA8C0FFFF0000) fifoRkey=0x177736 fifoLkey=0x177736
MOC-R4PCC04U05:365593:365667 [0] NCCL INFO NET/IB: NCCL Dev 5 IbDev 1 Port 1 qpn 1059 mtu 5 query_ece={supported=1, vendor_id=0x15b3, options=0x30000002, comp_mask=0x0} GID 3 (0/BA3CA8C0FFFF0000) fifoRkey=0x175f1e fifoLkey=0x175f1e
MOC-R4PCC04U05:365593:365667 [0] NCCL INFO NET/IB: IbDev 1 Port 1 qpn 1030 set_ece={supported=1, vendor_id=0x15b3, options=0x0, comp_mask=0x0}
MOC-R4PCC04U05:365593:365667 [0] NCCL INFO NET/IB: IbDev 1 Port 1 qpn 1032 set_ece={supported=1, vendor_id=0x15b3, options=0x0, comp_mask=0x0}
MOC-R4PCC04U05:365593:366377 [0] NCCL INFO Connected all trees
MOC-R4PCC04U05:365596:366376 [3] NCCL INFO Connected all trees
MOC-R4PCC04U05:365595:366374 [2] NCCL INFO Connected all trees
MOC-R4PCC04U05:365594:366375 [1] NCCL INFO Connected all trees
step    1/10 | train loss 11.008537 | norm 15.8513 | lr 1.00e-04 | (13562.98 ms | 19328 tok/s)
step    2/10 | train loss 10.116470 | norm 5.8735 | lr 1.00e-04 | (98.68 ms | 2656627 tok/s)
step    3/10 | train loss 9.765997 | norm 2.6306 | lr 1.00e-04 | (97.13 ms | 2698771 tok/s)
step    4/10 | train loss 9.596239 | norm 2.1068 | lr 1.00e-04 | (96.82 ms | 2707463 tok/s)
step    5/10 | train loss 9.513389 | norm 2.1000 | lr 1.00e-04 | (97.05 ms | 2701151 tok/s)
step    6/10 | train loss 9.431206 | norm 1.9935 | lr 1.00e-04 | (96.34 ms | 2720957 tok/s)
step    7/10 | train loss 9.345901 | norm 1.9369 | lr 1.00e-04 | (97.09 ms | 2699931 tok/s)
step    8/10 | train loss 9.256426 | norm 1.9010 | lr 1.00e-04 | (96.61 ms | 2713550 tok/s)
step    9/10 | train loss 9.164131 | norm 1.8592 | lr 1.00e-04 | (97.26 ms | 2695271 tok/s)
step   10/10 | train loss 9.071947 | norm 1.7839 | lr 1.00e-04 | (96.59 ms | 2714100 tok/s)
final 9 iters avg: 97.063ms
peak memory consumption: 16121 MiB
MOC-R4PCC04U05:365593:366383 [0] NCCL INFO comm 0x560aa7d85560 rank 0 nranks 8 cudaDev 0 busId 6000 - Destroy COMPLETE
MOC-R4PCC04U05:365595:366382 [2] NCCL INFO comm 0x557eead63cb0 rank 2 nranks 8 cudaDev 2 busId a6000 - Destroy COMPLETE
MOC-R4PCC04U05:365594:366384 [1] NCCL INFO comm 0x55bb3a715610 rank 1 nranks 8 cudaDev 1 busId 26000 - Destroy COMPLETE
MOC-R4PCC04U05:365596:366385 [3] NCCL INFO comm 0x55c819b23420 rank 3 nranks 8 cudaDev 3 busId c6000 - Destroy COMPLETE
=======Writing end time =======
Tue Jul 22 18:22:48 UTC 2025
=======Writing nstate post data=======
#kernel
IpInReceives                    17073              0.0
IpInDelivers                    17072              0.0
IpOutRequests                   17217              0.0
IpOutTransmits                  17217              0.0
TcpActiveOpens                  207                0.0
TcpPassiveOpens                 228                0.0
TcpInSegs                       17071              0.0
TcpOutSegs                      17476              0.0
TcpRetransSegs                  4                  0.0
TcpOutRsts                      6                  0.0
UdpInDatagrams                  1                  0.0
UdpOutDatagrams                 2                  0.0
TcpExtTW                        69                 0.0
TcpExtDelayedACKs               119                0.0
TcpExtDelayedACKLost            3                  0.0
TcpExtTCPHPHits                 2411               0.0
TcpExtTCPPureAcks               1791               0.0
TcpExtTCPHPAcks                 4481               0.0
TcpExtTCPLossProbes             7                  0.0
TcpExtTCPBacklogCoalesce        60                 0.0
TcpExtTCPDSACKOldSent           3                  0.0
TcpExtTCPDSACKRecv              4                  0.0
TcpExtTCPDSACKIgnoredNoUndo     4                  0.0
TcpExtIPReversePathFilter       1                  0.0
TcpExtTCPRcvCoalesce            1255               0.0
TcpExtTCPOFOQueue               3                  0.0
TcpExtTCPAutoCorking            123                0.0
TcpExtTCPWantZeroWindowAdv      4                  0.0
TcpExtTCPOrigDataSent           10856              0.0
TcpExtTCPHystartTrainDetect     11                 0.0
TcpExtTCPHystartTrainCwnd       181                0.0
TcpExtTCPACKSkippedSeq          1                  0.0
TcpExtTCPKeepAlive              2                  0.0
TcpExtTCPDelivered              11067              0.0
TcpExtTCPDSACKRecvSegs          4                  0.0
IpExtInOctets                   32743138           0.0
IpExtOutOctets                  33262963           0.0
IpExtInNoECTPkts                17073              0.0
Tue Jul 22 18:22:48 UTC 2025
