MOC-R4PCC04U05:362464:362613 [0] NCCL INFO Channel 11/0 : 0[0] -> 2[2] via P2P/CUMEM
MOC-R4PCC04U05:362464:362537 [0] NCCL INFO New proxy send connection 14 from local rank 0, transport 0
MOC-R4PCC04U05:362464:362613 [0] NCCL INFO Connected to proxy localRank 0 -> connection 0x7f25a40055c0
MOC-R4PCC04U05:362464:362613 [0] NCCL INFO Channel 15/0 : 0[0] -> 2[2] via P2P/CUMEM
MOC-R4PCC04U05:362464:362537 [0] NCCL INFO New proxy send connection 15 from local rank 0, transport 0
MOC-R4PCC04U05:362464:362613 [0] NCCL INFO Connected to proxy localRank 0 -> connection 0x7f25a4005638
MOC-R4PCC04U05:362465:362612 [1] NCCL INFO Channel 05/0 : 1[1] -> 3[3] via P2P/CUMEM
MOC-R4PCC04U05:362465:362535 [1] NCCL INFO New proxy send connection 9 from local rank 1, transport 0
MOC-R4PCC04U05:362465:362612 [1] NCCL INFO Connected to proxy localRank 1 -> connection 0x7fa584005368
MOC-R4PCC04U05:362464:362613 [0] NCCL INFO Channel 02/0 : 0[0] -> 3[3] via P2P/CUMEM
MOC-R4PCC04U05:362466:362610 [2] NCCL INFO GPU Direct RDMA Enabled for GPU 2 / HCA 7 (distance 5 <= 5), read 0 mode Default
MOC-R4PCC04U05:362464:362537 [0] NCCL INFO New proxy send connection 16 from local rank 0, transport 0
MOC-R4PCC04U05:362464:362613 [0] NCCL INFO Connected to proxy localRank 0 -> connection 0x7f25a40056b0
MOC-R4PCC04U05:362465:362612 [1] NCCL INFO Channel 09/0 : 1[1] -> 3[3] via P2P/CUMEM
MOC-R4PCC04U05:362465:362535 [1] NCCL INFO New proxy send connection 10 from local rank 1, transport 0
MOC-R4PCC04U05:362465:362612 [1] NCCL INFO Connected to proxy localRank 1 -> connection 0x7fa5840053e0
MOC-R4PCC04U05:362464:362613 [0] NCCL INFO Channel 06/0 : 0[0] -> 3[3] via P2P/CUMEM
MOC-R4PCC04U05:362464:362537 [0] NCCL INFO New proxy send connection 17 from local rank 0, transport 0
MOC-R4PCC04U05:362464:362613 [0] NCCL INFO Connected to proxy localRank 0 -> connection 0x7f25a4005728
MOC-R4PCC04U05:362465:362612 [1] NCCL INFO Channel 13/0 : 1[1] -> 3[3] via P2P/CUMEM
MOC-R4PCC04U05:362465:362535 [1] NCCL INFO New proxy send connection 11 from local rank 1, transport 0
MOC-R4PCC04U05:362465:362612 [1] NCCL INFO Connected to proxy localRank 1 -> connection 0x7fa584005458
MOC-R4PCC04U05:362464:362613 [0] NCCL INFO Channel 10/0 : 0[0] -> 3[3] via P2P/CUMEM
MOC-R4PCC04U05:362464:362537 [0] NCCL INFO New proxy send connection 18 from local rank 0, transport 0
MOC-R4PCC04U05:362464:362613 [0] NCCL INFO Connected to proxy localRank 0 -> connection 0x7f25a40057a0
MOC-R4PCC04U05:362464:362613 [0] NCCL INFO Channel 14/0 : 0[0] -> 3[3] via P2P/CUMEM
MOC-R4PCC04U05:362464:362537 [0] NCCL INFO New proxy send connection 19 from local rank 0, transport 0
MOC-R4PCC04U05:362464:362613 [0] NCCL INFO Connected to proxy localRank 0 -> connection 0x7f25a4005818
MOC-R4PCC04U05:362467:362541 [3] NCCL INFO New proxy recv connection 8 from local rank 3, transport 0
MOC-R4PCC04U05:362465:362612 [1] NCCL INFO GPU Direct RDMA Enabled for GPU 1 / HCA 4 (distance 5 <= 5), read 0 mode Default
MOC-R4PCC04U05:362467:362611 [3] NCCL INFO Connected to proxy localRank 3 -> connection 0x7f0bac0052f0
MOC-R4PCC04U05:362467:362541 [3] NCCL INFO New proxy recv connection 9 from local rank 3, transport 0
MOC-R4PCC04U05:362467:362611 [3] NCCL INFO Connected to proxy localRank 3 -> connection 0x7f0bac005368
MOC-R4PCC04U05:362467:362541 [3] NCCL INFO New proxy recv connection 10 from local rank 3, transport 0
MOC-R4PCC04U05:362467:362611 [3] NCCL INFO Connected to proxy localRank 3 -> connection 0x7f0bac0053e0
MOC-R4PCC04U05:362467:362541 [3] NCCL INFO New proxy recv connection 11 from local rank 3, transport 0
MOC-R4PCC04U05:362467:362611 [3] NCCL INFO Connected to proxy localRank 3 -> connection 0x7f0bac005458
MOC-R4PCC04U05:362467:362611 [3] NCCL INFO GPU Direct RDMA Enabled for GPU 3 / HCA 7 (distance 5 <= 5), read 1 mode Default
MOC-R4PCC04U05:362466:362536 [2] NCCL INFO New proxy recv connection 12 from local rank 2, transport 2
MOC-R4PCC04U05:362466:362536 [2] NCCL INFO New proxy send connection 13 from local rank 3, transport 2
MOC-R4PCC04U05:362466:362610 [2] NCCL INFO Connected to proxy localRank 2 -> connection 0x7f01a00054d0
MOC-R4PCC04U05:362467:362611 [3] NCCL INFO Connected to proxy localRank 2 -> connection 0x7f01a0005548
MOC-R4PCC04U05:362466:362615 [2] NCCL INFO [Proxy Progress] Device 2 CPU core 207
MOC-R4PCC04U05:362466:362610 [2] NCCL INFO Channel 02/0 : 15[3] -> 2[2] [receive] via NET/IB/7/GDRDMA
MOC-R4PCC04U05:362466:362610 [2] NCCL INFO GPU Direct RDMA Enabled for GPU 2 / HCA 7 (distance 5 <= 5), read 0 mode Default
MOC-R4PCC04U05:362467:362611 [3] NCCL INFO Channel 02/0 : 3[3] -> 6[2] [send] via NET/IB/7(2)/GDRDMA
MOC-R4PCC04U05:362467:362611 [3] NCCL INFO GPU Direct RDMA Enabled for GPU 3 / HCA 7 (distance 5 <= 5), read 1 mode Default
MOC-R4PCC04U05:362466:362536 [2] NCCL INFO New proxy recv connection 14 from local rank 2, transport 2
MOC-R4PCC04U05:362466:362610 [2] NCCL INFO Connected to proxy localRank 2 -> connection 0x7f01a00055c0
MOC-R4PCC04U05:362466:362536 [2] NCCL INFO New proxy send connection 15 from local rank 3, transport 2
MOC-R4PCC04U05:362467:362611 [3] NCCL INFO Connected to proxy localRank 2 -> connection 0x7f01a0005638
MOC-R4PCC04U05:362466:362610 [2] NCCL INFO Channel 06/0 : 15[3] -> 2[2] [receive] via NET/IB/7/GDRDMA
MOC-R4PCC04U05:362466:362610 [2] NCCL INFO GPU Direct RDMA Enabled for GPU 2 / HCA 7 (distance 5 <= 5), read 0 mode Default
MOC-R4PCC04U05:362467:362611 [3] NCCL INFO Channel 06/0 : 3[3] -> 6[2] [send] via NET/IB/7(2)/GDRDMA
MOC-R4PCC04U05:362467:362611 [3] NCCL INFO GPU Direct RDMA Enabled for GPU 3 / HCA 7 (distance 5 <= 5), read 1 mode Default
MOC-R4PCC04U05:362466:362536 [2] NCCL INFO New proxy recv connection 16 from local rank 2, transport 2
MOC-R4PCC04U05:362466:362610 [2] NCCL INFO Connected to proxy localRank 2 -> connection 0x7f01a00056b0
MOC-R4PCC04U05:362466:362536 [2] NCCL INFO New proxy send connection 17 from local rank 3, transport 2
MOC-R4PCC04U05:362467:362611 [3] NCCL INFO Connected to proxy localRank 2 -> connection 0x7f01a0005728
MOC-R4PCC04U05:362466:362610 [2] NCCL INFO Channel 10/0 : 15[3] -> 2[2] [receive] via NET/IB/7/GDRDMA
MOC-R4PCC04U05:362466:362610 [2] NCCL INFO GPU Direct RDMA Enabled for GPU 2 / HCA 7 (distance 5 <= 5), read 0 mode Default
MOC-R4PCC04U05:362467:362611 [3] NCCL INFO Channel 10/0 : 3[3] -> 6[2] [send] via NET/IB/7(2)/GDRDMA
MOC-R4PCC04U05:362467:362611 [3] NCCL INFO GPU Direct RDMA Enabled for GPU 3 / HCA 7 (distance 5 <= 5), read 1 mode Default
MOC-R4PCC04U05:362466:362536 [2] NCCL INFO New proxy recv connection 18 from local rank 2, transport 2
MOC-R4PCC04U05:362466:362610 [2] NCCL INFO Connected to proxy localRank 2 -> connection 0x7f01a00057a0
MOC-R4PCC04U05:362466:362536 [2] NCCL INFO New proxy send connection 19 from local rank 3, transport 2
MOC-R4PCC04U05:362467:362611 [3] NCCL INFO Connected to proxy localRank 2 -> connection 0x7f01a0005818
MOC-R4PCC04U05:362466:362610 [2] NCCL INFO Channel 14/0 : 15[3] -> 2[2] [receive] via NET/IB/7/GDRDMA
MOC-R4PCC04U05:362467:362611 [3] NCCL INFO Channel 14/0 : 3[3] -> 6[2] [send] via NET/IB/7(2)/GDRDMA
MOC-R4PCC04U05:362464:362613 [0] NCCL INFO GPU Direct RDMA Enabled for GPU 0 / HCA 4 (distance 5 <= 5), read 1 mode Default
MOC-R4PCC04U05:362466:362610 [2] NCCL INFO GPU Direct RDMA Enabled for GPU 2 / HCA 6 (distance 5 <= 5), read 1 mode Default
MOC-R4PCC04U05:362467:362611 [3] NCCL INFO GPU Direct RDMA Enabled for GPU 3 / HCA 6 (distance 5 <= 5), read 0 mode Default
MOC-R4PCC04U05:362465:362535 [1] NCCL INFO New proxy recv connection 12 from local rank 1, transport 2
MOC-R4PCC04U05:362465:362535 [1] NCCL INFO New proxy send connection 13 from local rank 0, transport 2
MOC-R4PCC04U05:362465:362612 [1] NCCL INFO Connected to proxy localRank 1 -> connection 0x7fa5840054d0
MOC-R4PCC04U05:362464:362613 [0] NCCL INFO Connected to proxy localRank 1 -> connection 0x7fa584005548
MOC-R4PCC04U05:362465:362616 [1] NCCL INFO [Proxy Progress] Device 1 CPU core 40
MOC-R4PCC04U05:362465:362612 [1] NCCL INFO Channel 01/0 : 12[0] -> 1[1] [receive] via NET/IB/4/GDRDMA
MOC-R4PCC04U05:362465:362612 [1] NCCL INFO GPU Direct RDMA Enabled for GPU 1 / HCA 4 (distance 5 <= 5), read 0 mode Default
MOC-R4PCC04U05:362464:362613 [0] NCCL INFO Channel 01/0 : 0[0] -> 5[1] [send] via NET/IB/4(1)/GDRDMA
MOC-R4PCC04U05:362464:362613 [0] NCCL INFO GPU Direct RDMA Enabled for GPU 0 / HCA 4 (distance 5 <= 5), read 1 mode Default
MOC-R4PCC04U05:362465:362535 [1] NCCL INFO New proxy recv connection 14 from local rank 1, transport 2
MOC-R4PCC04U05:362465:362612 [1] NCCL INFO Connected to proxy localRank 1 -> connection 0x7fa5840055c0
MOC-R4PCC04U05:362465:362535 [1] NCCL INFO New proxy send connection 15 from local rank 0, transport 2
MOC-R4PCC04U05:362464:362613 [0] NCCL INFO Connected to proxy localRank 1 -> connection 0x7fa584005638
MOC-R4PCC04U05:362465:362612 [1] NCCL INFO Channel 05/0 : 12[0] -> 1[1] [receive] via NET/IB/4/GDRDMA
MOC-R4PCC04U05:362465:362612 [1] NCCL INFO GPU Direct RDMA Enabled for GPU 1 / HCA 4 (distance 5 <= 5), read 0 mode Default
MOC-R4PCC04U05:362464:362613 [0] NCCL INFO Channel 05/0 : 0[0] -> 5[1] [send] via NET/IB/4(1)/GDRDMA
MOC-R4PCC04U05:362464:362613 [0] NCCL INFO GPU Direct RDMA Enabled for GPU 0 / HCA 4 (distance 5 <= 5), read 1 mode Default
MOC-R4PCC04U05:362465:362535 [1] NCCL INFO New proxy recv connection 16 from local rank 1, transport 2
MOC-R4PCC04U05:362465:362612 [1] NCCL INFO Connected to proxy localRank 1 -> connection 0x7fa5840056b0
MOC-R4PCC04U05:362465:362535 [1] NCCL INFO New proxy send connection 17 from local rank 0, transport 2
MOC-R4PCC04U05:362464:362613 [0] NCCL INFO Connected to proxy localRank 1 -> connection 0x7fa584005728
MOC-R4PCC04U05:362465:362612 [1] NCCL INFO Channel 09/0 : 12[0] -> 1[1] [receive] via NET/IB/4/GDRDMA
MOC-R4PCC04U05:362465:362612 [1] NCCL INFO GPU Direct RDMA Enabled for GPU 1 / HCA 4 (distance 5 <= 5), read 0 mode Default
MOC-R4PCC04U05:362464:362613 [0] NCCL INFO Channel 09/0 : 0[0] -> 5[1] [send] via NET/IB/4(1)/GDRDMA
MOC-R4PCC04U05:362464:362613 [0] NCCL INFO GPU Direct RDMA Enabled for GPU 0 / HCA 4 (distance 5 <= 5), read 1 mode Default
MOC-R4PCC04U05:362465:362535 [1] NCCL INFO New proxy recv connection 18 from local rank 1, transport 2
MOC-R4PCC04U05:362465:362612 [1] NCCL INFO Connected to proxy localRank 1 -> connection 0x7fa5840057a0
MOC-R4PCC04U05:362465:362535 [1] NCCL INFO New proxy send connection 19 from local rank 0, transport 2
MOC-R4PCC04U05:362464:362613 [0] NCCL INFO Connected to proxy localRank 1 -> connection 0x7fa584005818
MOC-R4PCC04U05:362465:362612 [1] NCCL INFO Channel 13/0 : 12[0] -> 1[1] [receive] via NET/IB/4/GDRDMA
MOC-R4PCC04U05:362464:362613 [0] NCCL INFO Channel 13/0 : 0[0] -> 5[1] [send] via NET/IB/4(1)/GDRDMA
MOC-R4PCC04U05:362464:362537 [0] NCCL INFO New proxy recv connection 20 from local rank 0, transport 0
MOC-R4PCC04U05:362464:362613 [0] NCCL INFO Connected to proxy localRank 0 -> connection 0x7f25a4005890
MOC-R4PCC04U05:362464:362537 [0] NCCL INFO New proxy recv connection 21 from local rank 0, transport 0
MOC-R4PCC04U05:362464:362613 [0] NCCL INFO Connected to proxy localRank 0 -> connection 0x7f25a4005908
MOC-R4PCC04U05:362465:362535 [1] NCCL INFO New proxy recv connection 20 from local rank 1, transport 0
MOC-R4PCC04U05:362465:362612 [1] NCCL INFO Connected to proxy localRank 1 -> connection 0x7fa584005890
MOC-R4PCC04U05:362465:362535 [1] NCCL INFO New proxy recv connection 21 from local rank 1, transport 0
MOC-R4PCC04U05:362465:362612 [1] NCCL INFO Connected to proxy localRank 1 -> connection 0x7fa584005908
MOC-R4PCC04U05:362465:362535 [1] NCCL INFO New proxy recv connection 22 from local rank 1, transport 0
MOC-R4PCC04U05:362465:362612 [1] NCCL INFO Connected to proxy localRank 1 -> connection 0x7fa584005980
MOC-R4PCC04U05:362464:362537 [0] NCCL INFO New proxy recv connection 22 from local rank 0, transport 0
MOC-R4PCC04U05:362464:362613 [0] NCCL INFO Connected to proxy localRank 0 -> connection 0x7f25a4005980
MOC-R4PCC04U05:362465:362535 [1] NCCL INFO New proxy recv connection 23 from local rank 1, transport 0
MOC-R4PCC04U05:362465:362612 [1] NCCL INFO Connected to proxy localRank 1 -> connection 0x7fa5840059f8
MOC-R4PCC04U05:362464:362537 [0] NCCL INFO New proxy recv connection 23 from local rank 0, transport 0
MOC-R4PCC04U05:362464:362613 [0] NCCL INFO Connected to proxy localRank 0 -> connection 0x7f25a40059f8
MOC-R4PCC04U05:362467:362541 [3] NCCL INFO New proxy send connection 12 from local rank 2, transport 2
MOC-R4PCC04U05:362467:362541 [3] NCCL INFO New proxy recv connection 13 from local rank 3, transport 2
MOC-R4PCC04U05:362466:362610 [2] NCCL INFO Connected to proxy localRank 3 -> connection 0x7f0bac0054d0
MOC-R4PCC04U05:362466:362610 [2] NCCL INFO Channel 03/0 : 2[2] -> 7[3] [send] via NET/IB/6(3)/GDRDMA
MOC-R4PCC04U05:362466:362610 [2] NCCL INFO GPU Direct RDMA Enabled for GPU 2 / HCA 6 (distance 5 <= 5), read 1 mode Default
MOC-R4PCC04U05:362467:362611 [3] NCCL INFO Connected to proxy localRank 3 -> connection 0x7f0bac005548
MOC-R4PCC04U05:362467:362617 [3] NCCL INFO [Proxy Progress] Device 3 CPU core 465
MOC-R4PCC04U05:362467:362541 [3] NCCL INFO New proxy send connection 14 from local rank 2, transport 2
MOC-R4PCC04U05:362466:362610 [2] NCCL INFO Connected to proxy localRank 3 -> connection 0x7f0bac0055c0
MOC-R4PCC04U05:362467:362611 [3] NCCL INFO Channel 03/0 : 14[2] -> 3[3] [receive] via NET/IB/6/GDRDMA
MOC-R4PCC04U05:362467:362611 [3] NCCL INFO GPU Direct RDMA Enabled for GPU 3 / HCA 6 (distance 5 <= 5), read 0 mode Default
MOC-R4PCC04U05:362466:362610 [2] NCCL INFO Channel 07/0 : 2[2] -> 7[3] [send] via NET/IB/6(3)/GDRDMA
MOC-R4PCC04U05:362466:362610 [2] NCCL INFO GPU Direct RDMA Enabled for GPU 2 / HCA 6 (distance 5 <= 5), read 1 mode Default
MOC-R4PCC04U05:362467:362541 [3] NCCL INFO New proxy recv connection 15 from local rank 3, transport 2
MOC-R4PCC04U05:362467:362611 [3] NCCL INFO Connected to proxy localRank 3 -> connection 0x7f0bac005638
MOC-R4PCC04U05:362467:362541 [3] NCCL INFO New proxy send connection 16 from local rank 2, transport 2
MOC-R4PCC04U05:362466:362610 [2] NCCL INFO Connected to proxy localRank 3 -> connection 0x7f0bac0056b0
MOC-R4PCC04U05:362467:362611 [3] NCCL INFO Channel 07/0 : 14[2] -> 3[3] [receive] via NET/IB/6/GDRDMA
MOC-R4PCC04U05:362467:362611 [3] NCCL INFO GPU Direct RDMA Enabled for GPU 3 / HCA 6 (distance 5 <= 5), read 0 mode Default
MOC-R4PCC04U05:362466:362610 [2] NCCL INFO Channel 11/0 : 2[2] -> 7[3] [send] via NET/IB/6(3)/GDRDMA
MOC-R4PCC04U05:362466:362610 [2] NCCL INFO GPU Direct RDMA Enabled for GPU 2 / HCA 6 (distance 5 <= 5), read 1 mode Default
MOC-R4PCC04U05:362467:362541 [3] NCCL INFO New proxy recv connection 17 from local rank 3, transport 2
MOC-R4PCC04U05:362467:362611 [3] NCCL INFO Connected to proxy localRank 3 -> connection 0x7f0bac005728
MOC-R4PCC04U05:362467:362541 [3] NCCL INFO New proxy send connection 18 from local rank 2, transport 2
MOC-R4PCC04U05:362466:362610 [2] NCCL INFO Connected to proxy localRank 3 -> connection 0x7f0bac0057a0
MOC-R4PCC04U05:362467:362611 [3] NCCL INFO Channel 11/0 : 14[2] -> 3[3] [receive] via NET/IB/6/GDRDMA
MOC-R4PCC04U05:362467:362611 [3] NCCL INFO GPU Direct RDMA Enabled for GPU 3 / HCA 6 (distance 5 <= 5), read 0 mode Default
MOC-R4PCC04U05:362466:362610 [2] NCCL INFO Channel 15/0 : 2[2] -> 7[3] [send] via NET/IB/6(3)/GDRDMA
MOC-R4PCC04U05:362467:362541 [3] NCCL INFO New proxy recv connection 19 from local rank 3, transport 2
MOC-R4PCC04U05:362467:362611 [3] NCCL INFO Connected to proxy localRank 3 -> connection 0x7f0bac005818
MOC-R4PCC04U05:362467:362611 [3] NCCL INFO Channel 15/0 : 14[2] -> 3[3] [receive] via NET/IB/6/GDRDMA
MOC-R4PCC04U05:362466:362610 [2] NCCL INFO Channel 01/0 : 2[2] -> 0[0] via P2P/CUMEM
MOC-R4PCC04U05:362467:362611 [3] NCCL INFO Channel 03/0 : 3[3] -> 1[1] via P2P/CUMEM
MOC-R4PCC04U05:362466:362536 [2] NCCL INFO New proxy send connection 20 from local rank 2, transport 0
MOC-R4PCC04U05:362466:362610 [2] NCCL INFO Connected to proxy localRank 2 -> connection 0x7f01a0005890
MOC-R4PCC04U05:362467:362541 [3] NCCL INFO New proxy send connection 20 from local rank 3, transport 0
MOC-R4PCC04U05:362467:362611 [3] NCCL INFO Connected to proxy localRank 3 -> connection 0x7f0bac005890
MOC-R4PCC04U05:362466:362610 [2] NCCL INFO Channel 05/0 : 2[2] -> 0[0] via P2P/CUMEM
MOC-R4PCC04U05:362467:362611 [3] NCCL INFO Channel 07/0 : 3[3] -> 1[1] via P2P/CUMEM
MOC-R4PCC04U05:362466:362536 [2] NCCL INFO New proxy send connection 21 from local rank 2, transport 0
MOC-R4PCC04U05:362466:362610 [2] NCCL INFO Connected to proxy localRank 2 -> connection 0x7f01a0005908
MOC-R4PCC04U05:362467:362541 [3] NCCL INFO New proxy send connection 21 from local rank 3, transport 0
MOC-R4PCC04U05:362467:362611 [3] NCCL INFO Connected to proxy localRank 3 -> connection 0x7f0bac005908
MOC-R4PCC04U05:362466:362610 [2] NCCL INFO Channel 09/0 : 2[2] -> 0[0] via P2P/CUMEM
MOC-R4PCC04U05:362467:362611 [3] NCCL INFO Channel 11/0 : 3[3] -> 1[1] via P2P/CUMEM
MOC-R4PCC04U05:362466:362536 [2] NCCL INFO New proxy send connection 22 from local rank 2, transport 0
MOC-R4PCC04U05:362466:362610 [2] NCCL INFO Connected to proxy localRank 2 -> connection 0x7f01a0005980
MOC-R4PCC04U05:362467:362541 [3] NCCL INFO New proxy send connection 22 from local rank 3, transport 0
MOC-R4PCC04U05:362467:362611 [3] NCCL INFO Connected to proxy localRank 3 -> connection 0x7f0bac005980
MOC-R4PCC04U05:362466:362610 [2] NCCL INFO Channel 13/0 : 2[2] -> 0[0] via P2P/CUMEM
MOC-R4PCC04U05:362467:362611 [3] NCCL INFO Channel 15/0 : 3[3] -> 1[1] via P2P/CUMEM
MOC-R4PCC04U05:362466:362536 [2] NCCL INFO New proxy send connection 23 from local rank 2, transport 0
MOC-R4PCC04U05:362467:362541 [3] NCCL INFO New proxy send connection 23 from local rank 3, transport 0
MOC-R4PCC04U05:362466:362610 [2] NCCL INFO Connected to proxy localRank 2 -> connection 0x7f01a00059f8
MOC-R4PCC04U05:362467:362611 [3] NCCL INFO Connected to proxy localRank 3 -> connection 0x7f0bac0059f8
MOC-R4PCC04U05:362467:362611 [3] NCCL INFO Channel 01/0 : 3[3] -> 2[2] via P2P/CUMEM
MOC-R4PCC04U05:362466:362536 [2] NCCL INFO New proxy recv connection 24 from local rank 2, transport 0
MOC-R4PCC04U05:362466:362610 [2] NCCL INFO Connected to proxy localRank 2 -> connection 0x7f01a0005a70
MOC-R4PCC04U05:362467:362541 [3] NCCL INFO New proxy send connection 24 from local rank 3, transport 0
MOC-R4PCC04U05:362464:362537 [0] NCCL INFO New proxy recv connection 24 from local rank 0, transport 0
MOC-R4PCC04U05:362467:362611 [3] NCCL INFO Connected to proxy localRank 3 -> connection 0x7f0bac005a70
MOC-R4PCC04U05:362465:362535 [1] NCCL INFO New proxy recv connection 24 from local rank 1, transport 0
MOC-R4PCC04U05:362464:362613 [0] NCCL INFO Connected to proxy localRank 0 -> connection 0x7f25a4005a70
MOC-R4PCC04U05:362465:362612 [1] NCCL INFO Connected to proxy localRank 1 -> connection 0x7fa584005a70
MOC-R4PCC04U05:362467:362611 [3] NCCL INFO Channel 05/0 : 3[3] -> 2[2] via P2P/CUMEM
MOC-R4PCC04U05:362467:362541 [3] NCCL INFO New proxy send connection 25 from local rank 3, transport 0
MOC-R4PCC04U05:362467:362611 [3] NCCL INFO Connected to proxy localRank 3 -> connection 0x7f0bac005ae8
MOC-R4PCC04U05:362466:362536 [2] NCCL INFO New proxy recv connection 25 from local rank 2, transport 0
MOC-R4PCC04U05:362466:362610 [2] NCCL INFO Connected to proxy localRank 2 -> connection 0x7f01a0005ae8
MOC-R4PCC04U05:362464:362537 [0] NCCL INFO New proxy recv connection 25 from local rank 0, transport 0
MOC-R4PCC04U05:362464:362613 [0] NCCL INFO Connected to proxy localRank 0 -> connection 0x7f25a4005ae8
MOC-R4PCC04U05:362465:362535 [1] NCCL INFO New proxy recv connection 25 from local rank 1, transport 0
MOC-R4PCC04U05:362465:362612 [1] NCCL INFO Connected to proxy localRank 1 -> connection 0x7fa584005ae8
MOC-R4PCC04U05:362467:362611 [3] NCCL INFO Channel 09/0 : 3[3] -> 2[2] via P2P/CUMEM
MOC-R4PCC04U05:362467:362541 [3] NCCL INFO New proxy send connection 26 from local rank 3, transport 0
MOC-R4PCC04U05:362467:362611 [3] NCCL INFO Connected to proxy localRank 3 -> connection 0x7f0bac005b60
MOC-R4PCC04U05:362466:362536 [2] NCCL INFO New proxy recv connection 26 from local rank 2, transport 0
MOC-R4PCC04U05:362466:362610 [2] NCCL INFO Connected to proxy localRank 2 -> connection 0x7f01a0005b60
MOC-R4PCC04U05:362464:362537 [0] NCCL INFO New proxy recv connection 26 from local rank 0, transport 0
MOC-R4PCC04U05:362464:362613 [0] NCCL INFO Connected to proxy localRank 0 -> connection 0x7f25a4005b60
MOC-R4PCC04U05:362465:362535 [1] NCCL INFO New proxy recv connection 26 from local rank 1, transport 0
MOC-R4PCC04U05:362465:362612 [1] NCCL INFO Connected to proxy localRank 1 -> connection 0x7fa584005b60
MOC-R4PCC04U05:362466:362536 [2] NCCL INFO New proxy recv connection 27 from local rank 2, transport 0
MOC-R4PCC04U05:362467:362611 [3] NCCL INFO Channel 13/0 : 3[3] -> 2[2] via P2P/CUMEM
MOC-R4PCC04U05:362466:362610 [2] NCCL INFO Connected to proxy localRank 2 -> connection 0x7f01a0005bd8
MOC-R4PCC04U05:362467:362541 [3] NCCL INFO New proxy send connection 27 from local rank 3, transport 0
MOC-R4PCC04U05:362467:362611 [3] NCCL INFO Connected to proxy localRank 3 -> connection 0x7f0bac005bd8
MOC-R4PCC04U05:362464:362537 [0] NCCL INFO New proxy recv connection 27 from local rank 0, transport 0
MOC-R4PCC04U05:362464:362613 [0] NCCL INFO Connected to proxy localRank 0 -> connection 0x7f25a4005bd8
MOC-R4PCC04U05:362465:362535 [1] NCCL INFO New proxy recv connection 27 from local rank 1, transport 0
MOC-R4PCC04U05:362465:362612 [1] NCCL INFO Connected to proxy localRank 1 -> connection 0x7fa584005bd8
MOC-R4PCC04U05:362466:362610 [2] NCCL INFO Channel 02/0 : 2[2] -> 1[1] via P2P/CUMEM
MOC-R4PCC04U05:362466:362536 [2] NCCL INFO New proxy send connection 28 from local rank 2, transport 0
MOC-R4PCC04U05:362466:362610 [2] NCCL INFO Connected to proxy localRank 2 -> connection 0x7f01a0005c50
MOC-R4PCC04U05:362465:362612 [1] NCCL INFO Channel 02/0 : 1[1] -> 0[0] via P2P/CUMEM
MOC-R4PCC04U05:362464:362537 [0] NCCL INFO New proxy recv connection 28 from local rank 0, transport 0
MOC-R4PCC04U05:362465:362535 [1] NCCL INFO New proxy send connection 28 from local rank 1, transport 0
MOC-R4PCC04U05:362464:362613 [0] NCCL INFO Connected to proxy localRank 0 -> connection 0x7f25a4005c50
MOC-R4PCC04U05:362465:362612 [1] NCCL INFO Connected to proxy localRank 1 -> connection 0x7fa584005c50
MOC-R4PCC04U05:362466:362610 [2] NCCL INFO Channel 06/0 : 2[2] -> 1[1] via P2P/CUMEM
MOC-R4PCC04U05:362466:362536 [2] NCCL INFO New proxy send connection 29 from local rank 2, transport 0
MOC-R4PCC04U05:362466:362610 [2] NCCL INFO Connected to proxy localRank 2 -> connection 0x7f01a0005cc8
MOC-R4PCC04U05:362465:362612 [1] NCCL INFO Channel 03/0 : 1[1] -> 0[0] via P2P/CUMEM
MOC-R4PCC04U05:362465:362535 [1] NCCL INFO New proxy send connection 29 from local rank 1, transport 0
MOC-R4PCC04U05:362465:362612 [1] NCCL INFO Connected to proxy localRank 1 -> connection 0x7fa584005cc8
MOC-R4PCC04U05:362464:362537 [0] NCCL INFO New proxy recv connection 29 from local rank 0, transport 0
MOC-R4PCC04U05:362466:362610 [2] NCCL INFO Channel 10/0 : 2[2] -> 1[1] via P2P/CUMEM
MOC-R4PCC04U05:362464:362613 [0] NCCL INFO Connected to proxy localRank 0 -> connection 0x7f25a4005cc8
MOC-R4PCC04U05:362466:362536 [2] NCCL INFO New proxy send connection 30 from local rank 2, transport 0
MOC-R4PCC04U05:362466:362610 [2] NCCL INFO Connected to proxy localRank 2 -> connection 0x7f01a0005d40
MOC-R4PCC04U05:362465:362612 [1] NCCL INFO Channel 06/0 : 1[1] -> 0[0] via P2P/CUMEM
MOC-R4PCC04U05:362465:362535 [1] NCCL INFO New proxy send connection 30 from local rank 1, transport 0
MOC-R4PCC04U05:362465:362612 [1] NCCL INFO Connected to proxy localRank 1 -> connection 0x7fa584005d40
MOC-R4PCC04U05:362464:362537 [0] NCCL INFO New proxy recv connection 30 from local rank 0, transport 0
MOC-R4PCC04U05:362466:362610 [2] NCCL INFO Channel 14/0 : 2[2] -> 1[1] via P2P/CUMEM
MOC-R4PCC04U05:362464:362613 [0] NCCL INFO Connected to proxy localRank 0 -> connection 0x7f25a4005d40
MOC-R4PCC04U05:362466:362536 [2] NCCL INFO New proxy send connection 31 from local rank 2, transport 0
MOC-R4PCC04U05:362466:362610 [2] NCCL INFO Connected to proxy localRank 2 -> connection 0x7f01a0005db8
MOC-R4PCC04U05:362465:362612 [1] NCCL INFO Channel 07/0 : 1[1] -> 0[0] via P2P/CUMEM
MOC-R4PCC04U05:362465:362535 [1] NCCL INFO New proxy send connection 31 from local rank 1, transport 0
MOC-R4PCC04U05:362464:362537 [0] NCCL INFO New proxy recv connection 31 from local rank 0, transport 0
MOC-R4PCC04U05:362465:362612 [1] NCCL INFO Connected to proxy localRank 1 -> connection 0x7fa584005db8
MOC-R4PCC04U05:362464:362613 [0] NCCL INFO Connected to proxy localRank 0 -> connection 0x7f25a4005db8
MOC-R4PCC04U05:362466:362536 [2] NCCL INFO New proxy send connection 32 from local rank 3, transport 0
MOC-R4PCC04U05:362465:362612 [1] NCCL INFO Channel 10/0 : 1[1] -> 0[0] via P2P/CUMEM
MOC-R4PCC04U05:362467:362611 [3] NCCL INFO Connected to proxy localRank 2 -> connection 0x7f01a0005e30
MOC-R4PCC04U05:362465:362535 [1] NCCL INFO New proxy send connection 32 from local rank 1, transport 0
MOC-R4PCC04U05:362465:362612 [1] NCCL INFO Connected to proxy localRank 1 -> connection 0x7fa584005e30
MOC-R4PCC04U05:362465:362612 [1] NCCL INFO Channel 11/0 : 1[1] -> 0[0] via P2P/CUMEM
MOC-R4PCC04U05:362465:362535 [1] NCCL INFO New proxy send connection 33 from local rank 1, transport 0
MOC-R4PCC04U05:362465:362612 [1] NCCL INFO Connected to proxy localRank 1 -> connection 0x7fa584005ea8
MOC-R4PCC04U05:362465:362612 [1] NCCL INFO Channel 14/0 : 1[1] -> 0[0] via P2P/CUMEM
MOC-R4PCC04U05:362465:362535 [1] NCCL INFO New proxy send connection 34 from local rank 1, transport 0
MOC-R4PCC04U05:362465:362612 [1] NCCL INFO Connected to proxy localRank 1 -> connection 0x7fa584005f20
MOC-R4PCC04U05:362465:362612 [1] NCCL INFO Channel 15/0 : 1[1] -> 0[0] via P2P/CUMEM
MOC-R4PCC04U05:362465:362535 [1] NCCL INFO New proxy send connection 35 from local rank 1, transport 0
MOC-R4PCC04U05:362465:362612 [1] NCCL INFO Connected to proxy localRank 1 -> connection 0x7fa584005f98
MOC-R4PCC04U05:362467:362541 [3] NCCL INFO New proxy send connection 28 from local rank 2, transport 0
MOC-R4PCC04U05:362466:362610 [2] NCCL INFO Connected to proxy localRank 3 -> connection 0x7f0bac005c50
MOC-R4PCC04U05:362465:362535 [1] NCCL INFO New proxy send connection 36 from local rank 0, transport 0
MOC-R4PCC04U05:362464:362613 [0] NCCL INFO Connected to proxy localRank 1 -> connection 0x7fa584006010
MOC-R4PCC04U05:362466:362536 [2] NCCL INFO New proxy send connection 33 from local rank 1, transport 0
MOC-R4PCC04U05:362465:362612 [1] NCCL INFO Connected to proxy localRank 2 -> connection 0x7f01a0005ea8
MOC-R4PCC04U05:362465:362535 [1] NCCL INFO New proxy send connection 37 from local rank 2, transport 0
MOC-R4PCC04U05:362466:362610 [2] NCCL INFO Connected to proxy localRank 1 -> connection 0x7fa584006088
MOC-R4PCC04U05:362464:362537 [0] NCCL INFO New proxy send connection 32 from local rank 1, transport 0
MOC-R4PCC04U05:362465:362612 [1] NCCL INFO Connected to proxy localRank 0 -> connection 0x7f25a4005e30
MOC-R4PCC04U05:362465:362535 [1] NCCL INFO New proxy send connection 38 from local rank 3, transport 0
MOC-R4PCC04U05:362467:362611 [3] NCCL INFO Connected to proxy localRank 1 -> connection 0x7fa584006100
MOC-R4PCC04U05:362466:362536 [2] NCCL INFO New proxy send connection 34 from local rank 0, transport 0
MOC-R4PCC04U05:362464:362613 [0] NCCL INFO Connected to proxy localRank 2 -> connection 0x7f01a0005f20
MOC-R4PCC04U05:362464:362537 [0] NCCL INFO NET/IB: NCCL Dev 5 IbDev 1 Port 1 qpn 1002 mtu 5 query_ece={supported=1, vendor_id=0x15b3, options=0x30000002, comp_mask=0x0} GID 3 (0/BA3CA8C0FFFF0000) fifoRkey=0x17d190 fifoLkey=0x17d190
MOC-R4PCC04U05:362464:362537 [0] NCCL INFO NET/IB: NCCL Dev 5 IbDev 1 Port 1 qpn 1003 mtu 5 query_ece={supported=1, vendor_id=0x15b3, options=0x30000002, comp_mask=0x0} GID 3 (0/BA3CA8C0FFFF0000) fifoRkey=0x17af6f fifoLkey=0x17af6f
MOC-R4PCC04U05:362464:362537 [0] NCCL INFO NET/IB: NCCL Dev 5 IbDev 1 Port 1 qpn 1004 mtu 5 query_ece={supported=1, vendor_id=0x15b3, options=0x30000002, comp_mask=0x0} GID 3 (0/BA3CA8C0FFFF0000) fifoRkey=0x177736 fifoLkey=0x177736
MOC-R4PCC04U05:362464:362537 [0] NCCL INFO NET/IB: NCCL Dev 5 IbDev 1 Port 1 qpn 1005 mtu 5 query_ece={supported=1, vendor_id=0x15b3, options=0x30000002, comp_mask=0x0} GID 3 (0/BA3CA8C0FFFF0000) fifoRkey=0x17ebaa fifoLkey=0x17ebaa
MOC-R4PCC04U05:362464:362537 [0] NCCL INFO New proxy send connection 33 from local rank 3, transport 0
MOC-R4PCC04U05:362467:362611 [3] NCCL INFO Connected to proxy localRank 0 -> connection 0x7f25a4005ea8
MOC-R4PCC04U05:362467:362541 [3] NCCL INFO New proxy send connection 29 from local rank 0, transport 0
MOC-R4PCC04U05:362464:362613 [0] NCCL INFO Connected to proxy localRank 3 -> connection 0x7f0bac005cc8
MOC-R4PCC04U05:362464:362537 [0] NCCL INFO NET/IB: IbDev 1 Port 1 qpn 960 set_ece={supported=1, vendor_id=0x15b3, options=0x0, comp_mask=0x0}
MOC-R4PCC04U05:362464:362537 [0] NCCL INFO NET/IB: IbDev 1 Port 1 qpn 962 set_ece={supported=1, vendor_id=0x15b3, options=0x0, comp_mask=0x0}
MOC-R4PCC04U05:362467:362541 [3] NCCL INFO New proxy send connection 30 from local rank 1, transport 0
MOC-R4PCC04U05:362465:362612 [1] NCCL INFO Connected to proxy localRank 3 -> connection 0x7f0bac005d40
MOC-R4PCC04U05:362464:362537 [0] NCCL INFO NET/IB: IbDev 1 Port 1 qpn 964 set_ece={supported=1, vendor_id=0x15b3, options=0x0, comp_mask=0x0}
MOC-R4PCC04U05:362464:362537 [0] NCCL INFO NET/IB: IbDev 1 Port 1 qpn 966 set_ece={supported=1, vendor_id=0x15b3, options=0x0, comp_mask=0x0}
MOC-R4PCC04U05:362465:362535 [1] NCCL INFO NET/IB: NCCL Dev 4 IbDev 0 Port 1 qpn 1402 mtu 5 query_ece={supported=1, vendor_id=0x15b3, options=0x30000002, comp_mask=0x0} GID 5 (0/B93CA8C0FFFF0000) fifoRkey=0x177939 fifoLkey=0x177939
MOC-R4PCC04U05:362465:362535 [1] NCCL INFO NET/IB: NCCL Dev 4 IbDev 0 Port 1 qpn 1403 mtu 5 query_ece={supported=1, vendor_id=0x15b3, options=0x30000002, comp_mask=0x0} GID 5 (0/B93CA8C0FFFF0000) fifoRkey=0x17b474 fifoLkey=0x17b474
MOC-R4PCC04U05:362465:362535 [1] NCCL INFO NET/IB: NCCL Dev 4 IbDev 0 Port 1 qpn 1404 mtu 5 query_ece={supported=1, vendor_id=0x15b3, options=0x30000002, comp_mask=0x0} GID 5 (0/B93CA8C0FFFF0000) fifoRkey=0x17f8b7 fifoLkey=0x17f8b7
MOC-R4PCC04U05:362465:362535 [1] NCCL INFO NET/IB: NCCL Dev 4 IbDev 0 Port 1 qpn 1405 mtu 5 query_ece={supported=1, vendor_id=0x15b3, options=0x30000002, comp_mask=0x0} GID 5 (0/B93CA8C0FFFF0000) fifoRkey=0x17e3a2 fifoLkey=0x17e3a2
MOC-R4PCC04U05:362465:362535 [1] NCCL INFO NET/IB: IbDev 0 Port 1 qpn 770 set_ece={supported=1, vendor_id=0x15b3, options=0x0, comp_mask=0x0}
MOC-R4PCC04U05:362464:362537 [0] NCCL INFO New proxy send connection 34 from local rank 2, transport 0
MOC-R4PCC04U05:362466:362610 [2] NCCL INFO Connected to proxy localRank 0 -> connection 0x7f25a4005f20
MOC-R4PCC04U05:362465:362535 [1] NCCL INFO NET/IB: IbDev 0 Port 1 qpn 772 set_ece={supported=1, vendor_id=0x15b3, options=0x0, comp_mask=0x0}
MOC-R4PCC04U05:362465:362535 [1] NCCL INFO NET/IB: IbDev 0 Port 1 qpn 774 set_ece={supported=1, vendor_id=0x15b3, options=0x0, comp_mask=0x0}
MOC-R4PCC04U05:362466:362536 [2] NCCL INFO NET/IB: NCCL Dev 7 IbDev 3 Port 1 qpn 1570 mtu 5 query_ece={supported=1, vendor_id=0x15b3, options=0x30000002, comp_mask=0x0} GID 5 (0/6F3CA8C0FFFF0000) fifoRkey=0x17f2b1 fifoLkey=0x17f2b1
MOC-R4PCC04U05:362466:362536 [2] NCCL INFO NET/IB: NCCL Dev 7 IbDev 3 Port 1 qpn 1571 mtu 5 query_ece={supported=1, vendor_id=0x15b3, options=0x30000002, comp_mask=0x0} GID 5 (0/6F3CA8C0FFFF0000) fifoRkey=0x177231 fifoLkey=0x177231
MOC-R4PCC04U05:362466:362536 [2] NCCL INFO NET/IB: NCCL Dev 7 IbDev 3 Port 1 qpn 1572 mtu 5 query_ece={supported=1, vendor_id=0x15b3, options=0x30000002, comp_mask=0x0} GID 5 (0/6F3CA8C0FFFF0000) fifoRkey=0x179554 fifoLkey=0x179554
MOC-R4PCC04U05:362465:362535 [1] NCCL INFO NET/IB: IbDev 0 Port 1 qpn 776 set_ece={supported=1, vendor_id=0x15b3, options=0x0, comp_mask=0x0}
MOC-R4PCC04U05:362466:362536 [2] NCCL INFO NET/IB: NCCL Dev 7 IbDev 3 Port 1 qpn 1573 mtu 5 query_ece={supported=1, vendor_id=0x15b3, options=0x30000002, comp_mask=0x0} GID 5 (0/6F3CA8C0FFFF0000) fifoRkey=0x17c483 fifoLkey=0x17c483
MOC-R4PCC04U05:362466:362536 [2] NCCL INFO NET/IB: IbDev 3 Port 1 qpn 817 set_ece={supported=1, vendor_id=0x15b3, options=0x0, comp_mask=0x0}
MOC-R4PCC04U05:362466:362536 [2] NCCL INFO NET/IB: IbDev 3 Port 1 qpn 819 set_ece={supported=1, vendor_id=0x15b3, options=0x0, comp_mask=0x0}
MOC-R4PCC04U05:362467:362541 [3] NCCL INFO NET/IB: NCCL Dev 6 IbDev 2 Port 1 qpn 999 mtu 5 query_ece={supported=1, vendor_id=0x15b3, options=0x30000002, comp_mask=0x0} GID 3 (0/673CA8C0FFFF0000) fifoRkey=0x175d1c fifoLkey=0x175d1c
MOC-R4PCC04U05:362467:362541 [3] NCCL INFO NET/IB: NCCL Dev 6 IbDev 2 Port 1 qpn 1000 mtu 5 query_ece={supported=1, vendor_id=0x15b3, options=0x30000002, comp_mask=0x0} GID 3 (0/673CA8C0FFFF0000) fifoRkey=0x173bfb fifoLkey=0x173bfb
MOC-R4PCC04U05:362466:362536 [2] NCCL INFO NET/IB: IbDev 3 Port 1 qpn 821 set_ece={supported=1, vendor_id=0x15b3, options=0x0, comp_mask=0x0}
MOC-R4PCC04U05:362467:362541 [3] NCCL INFO NET/IB: IbDev 2 Port 1 qpn 945 set_ece={supported=1, vendor_id=0x15b3, options=0x0, comp_mask=0x0}
MOC-R4PCC04U05:362466:362536 [2] NCCL INFO NET/IB: IbDev 3 Port 1 qpn 823 set_ece={supported=1, vendor_id=0x15b3, options=0x0, comp_mask=0x0}
MOC-R4PCC04U05:362467:362541 [3] NCCL INFO NET/IB: IbDev 2 Port 1 qpn 947 set_ece={supported=1, vendor_id=0x15b3, options=0x0, comp_mask=0x0}
MOC-R4PCC04U05:362467:362541 [3] NCCL INFO NET/IB: NCCL Dev 6 IbDev 2 Port 1 qpn 1001 mtu 5 query_ece={supported=1, vendor_id=0x15b3, options=0x30000002, comp_mask=0x0} GID 3 (0/673CA8C0FFFF0000) fifoRkey=0x176928 fifoLkey=0x176928
MOC-R4PCC04U05:362467:362541 [3] NCCL INFO NET/IB: IbDev 2 Port 1 qpn 952 set_ece={supported=1, vendor_id=0x15b3, options=0x0, comp_mask=0x0}
MOC-R4PCC04U05:362467:362541 [3] NCCL INFO NET/IB: NCCL Dev 6 IbDev 2 Port 1 qpn 1002 mtu 5 query_ece={supported=1, vendor_id=0x15b3, options=0x30000002, comp_mask=0x0} GID 3 (0/673CA8C0FFFF0000) fifoRkey=0x17e1a0 fifoLkey=0x17e1a0
MOC-R4PCC04U05:362467:362541 [3] NCCL INFO NET/IB: IbDev 2 Port 1 qpn 954 set_ece={supported=1, vendor_id=0x15b3, options=0x0, comp_mask=0x0}
MOC-R4PCC04U05:362464:362613 [0] NCCL INFO Connected all rings, use ring PXN 1 GDR 1
MOC-R4PCC04U05:362466:362610 [2] NCCL INFO Connected all rings, use ring PXN 1 GDR 1
MOC-R4PCC04U05:362465:362612 [1] NCCL INFO Connected all rings, use ring PXN 1 GDR 1
MOC-R4PCC04U05:362467:362611 [3] NCCL INFO Connected all rings, use ring PXN 1 GDR 1
num decayed parameter tensors: 50, with 124,318,464 parameters
num non-decayed parameter tensors: 98, with 121,344 parameters
using fused AdamW: False
using regular AdamW
MOC-R4PCC04U05:362466:362536 [2] NCCL INFO New proxy recv connection 35 from local rank 2, transport 0
MOC-R4PCC04U05:362466:363239 [2] NCCL INFO Connected to proxy localRank 2 -> connection 0x7f01a0005f98
MOC-R4PCC04U05:362466:362536 [2] NCCL INFO New proxy recv connection 36 from local rank 2, transport 0
MOC-R4PCC04U05:362466:363239 [2] NCCL INFO Connected to proxy localRank 2 -> connection 0x7f01a0006010
MOC-R4PCC04U05:362466:362536 [2] NCCL INFO New proxy recv connection 37 from local rank 2, transport 0
MOC-R4PCC04U05:362466:363239 [2] NCCL INFO Connected to proxy localRank 2 -> connection 0x7f01a0006088
MOC-R4PCC04U05:362466:362536 [2] NCCL INFO New proxy recv connection 38 from local rank 2, transport 0
MOC-R4PCC04U05:362466:363239 [2] NCCL INFO Connected to proxy localRank 2 -> connection 0x7f01a0006100
MOC-R4PCC04U05:362466:363239 [2] NCCL INFO Channel 01/0 : 2[2] -> 3[3] via P2P/CUMEM
MOC-R4PCC04U05:362466:362536 [2] NCCL INFO New proxy send connection 39 from local rank 2, transport 0
MOC-R4PCC04U05:362466:363239 [2] NCCL INFO Connected to proxy localRank 2 -> connection 0x7f01a0006178
MOC-R4PCC04U05:362466:363239 [2] NCCL INFO Channel 07/0 : 2[2] -> 3[3] via P2P/CUMEM
MOC-R4PCC04U05:362466:362536 [2] NCCL INFO New proxy send connection 40 from local rank 2, transport 0
MOC-R4PCC04U05:362466:363239 [2] NCCL INFO Connected to proxy localRank 2 -> connection 0x7f01a00061f0
MOC-R4PCC04U05:362466:363239 [2] NCCL INFO Channel 09/0 : 2[2] -> 3[3] via P2P/CUMEM
MOC-R4PCC04U05:362466:362536 [2] NCCL INFO New proxy send connection 41 from local rank 2, transport 0
MOC-R4PCC04U05:362466:363239 [2] NCCL INFO Connected to proxy localRank 2 -> connection 0x7f01a0006268
MOC-R4PCC04U05:362466:363239 [2] NCCL INFO Channel 15/0 : 2[2] -> 3[3] via P2P/CUMEM
MOC-R4PCC04U05:362466:362536 [2] NCCL INFO New proxy send connection 42 from local rank 2, transport 0
MOC-R4PCC04U05:362466:363239 [2] NCCL INFO Connected to proxy localRank 2 -> connection 0x7f01a00062e0
MOC-R4PCC04U05:362467:362541 [3] NCCL INFO New proxy recv connection 31 from local rank 3, transport 0
MOC-R4PCC04U05:362467:363240 [3] NCCL INFO Connected to proxy localRank 3 -> connection 0x7f0bac005db8
MOC-R4PCC04U05:362467:362541 [3] NCCL INFO New proxy recv connection 32 from local rank 3, transport 0
MOC-R4PCC04U05:362467:363240 [3] NCCL INFO Connected to proxy localRank 3 -> connection 0x7f0bac005e30
MOC-R4PCC04U05:362467:362541 [3] NCCL INFO New proxy recv connection 33 from local rank 3, transport 0
MOC-R4PCC04U05:362467:363240 [3] NCCL INFO Connected to proxy localRank 3 -> connection 0x7f0bac005ea8
MOC-R4PCC04U05:362467:362541 [3] NCCL INFO New proxy recv connection 34 from local rank 3, transport 0
MOC-R4PCC04U05:362467:363240 [3] NCCL INFO Connected to proxy localRank 3 -> connection 0x7f0bac005f20
MOC-R4PCC04U05:362467:362541 [3] NCCL INFO New proxy recv connection 35 from local rank 3, transport 0
MOC-R4PCC04U05:362467:363240 [3] NCCL INFO Connected to proxy localRank 3 -> connection 0x7f0bac005f98
MOC-R4PCC04U05:362467:362541 [3] NCCL INFO New proxy recv connection 36 from local rank 3, transport 0
MOC-R4PCC04U05:362467:363240 [3] NCCL INFO Connected to proxy localRank 3 -> connection 0x7f0bac006010
MOC-R4PCC04U05:362467:362541 [3] NCCL INFO New proxy recv connection 37 from local rank 3, transport 0
MOC-R4PCC04U05:362467:363240 [3] NCCL INFO Connected to proxy localRank 3 -> connection 0x7f0bac006088
MOC-R4PCC04U05:362467:362541 [3] NCCL INFO New proxy recv connection 38 from local rank 3, transport 0
MOC-R4PCC04U05:362467:363240 [3] NCCL INFO Connected to proxy localRank 3 -> connection 0x7f0bac006100
MOC-R4PCC04U05:362467:362541 [3] NCCL INFO New proxy recv connection 39 from local rank 3, transport 0
MOC-R4PCC04U05:362467:363240 [3] NCCL INFO Connected to proxy localRank 3 -> connection 0x7f0bac006178
MOC-R4PCC04U05:362467:362541 [3] NCCL INFO New proxy recv connection 40 from local rank 3, transport 0
MOC-R4PCC04U05:362467:363240 [3] NCCL INFO Connected to proxy localRank 3 -> connection 0x7f0bac0061f0
MOC-R4PCC04U05:362464:363241 [0] NCCL INFO Channel 02/0 : 0[0] -> 1[1] via P2P/CUMEM
MOC-R4PCC04U05:362464:362537 [0] NCCL INFO New proxy send connection 35 from local rank 0, transport 0
MOC-R4PCC04U05:362464:363241 [0] NCCL INFO Connected to proxy localRank 0 -> connection 0x7f25a4005f98
MOC-R4PCC04U05:362464:363241 [0] NCCL INFO Channel 03/0 : 0[0] -> 1[1] via P2P/CUMEM
MOC-R4PCC04U05:362464:362537 [0] NCCL INFO New proxy send connection 36 from local rank 0, transport 0
MOC-R4PCC04U05:362464:363241 [0] NCCL INFO Connected to proxy localRank 0 -> connection 0x7f25a4006010
MOC-R4PCC04U05:362464:363241 [0] NCCL INFO Channel 07/0 : 0[0] -> 1[1] via P2P/CUMEM
MOC-R4PCC04U05:362464:362537 [0] NCCL INFO New proxy send connection 37 from local rank 0, transport 0
MOC-R4PCC04U05:362464:363241 [0] NCCL INFO Connected to proxy localRank 0 -> connection 0x7f25a4006088
MOC-R4PCC04U05:362464:363241 [0] NCCL INFO Channel 10/0 : 0[0] -> 1[1] via P2P/CUMEM
MOC-R4PCC04U05:362464:362537 [0] NCCL INFO New proxy send connection 38 from local rank 0, transport 0
MOC-R4PCC04U05:362464:363241 [0] NCCL INFO Connected to proxy localRank 0 -> connection 0x7f25a4006100
MOC-R4PCC04U05:362464:363241 [0] NCCL INFO Channel 11/0 : 0[0] -> 1[1] via P2P/CUMEM
MOC-R4PCC04U05:362464:362537 [0] NCCL INFO New proxy send connection 39 from local rank 0, transport 0
MOC-R4PCC04U05:362464:363241 [0] NCCL INFO Connected to proxy localRank 0 -> connection 0x7f25a4006178
MOC-R4PCC04U05:362464:363241 [0] NCCL INFO Channel 15/0 : 0[0] -> 1[1] via P2P/CUMEM
MOC-R4PCC04U05:362464:362537 [0] NCCL INFO New proxy send connection 40 from local rank 0, transport 0
MOC-R4PCC04U05:362464:363241 [0] NCCL INFO Connected to proxy localRank 0 -> connection 0x7f25a40061f0
MOC-R4PCC04U05:362465:362535 [1] NCCL INFO New proxy recv connection 39 from local rank 1, transport 0
MOC-R4PCC04U05:362465:363242 [1] NCCL INFO Connected to proxy localRank 1 -> connection 0x7fa584006178
MOC-R4PCC04U05:362465:362535 [1] NCCL INFO New proxy recv connection 40 from local rank 1, transport 0
MOC-R4PCC04U05:362465:363242 [1] NCCL INFO Connected to proxy localRank 1 -> connection 0x7fa5840061f0
MOC-R4PCC04U05:362465:362535 [1] NCCL INFO New proxy recv connection 41 from local rank 1, transport 0
MOC-R4PCC04U05:362465:363242 [1] NCCL INFO Connected to proxy localRank 1 -> connection 0x7fa584006268
MOC-R4PCC04U05:362465:362535 [1] NCCL INFO New proxy recv connection 42 from local rank 1, transport 0
MOC-R4PCC04U05:362465:363242 [1] NCCL INFO Connected to proxy localRank 1 -> connection 0x7fa5840062e0
MOC-R4PCC04U05:362465:362535 [1] NCCL INFO New proxy recv connection 43 from local rank 1, transport 0
MOC-R4PCC04U05:362465:363242 [1] NCCL INFO Connected to proxy localRank 1 -> connection 0x7fa584006358
MOC-R4PCC04U05:362465:362535 [1] NCCL INFO New proxy recv connection 44 from local rank 1, transport 0
MOC-R4PCC04U05:362465:363242 [1] NCCL INFO Connected to proxy localRank 1 -> connection 0x7fa5840063d0
MOC-R4PCC04U05:362465:363242 [1] NCCL INFO Channel 01/0 : 1[1] -> 2[2] via P2P/CUMEM
MOC-R4PCC04U05:362465:362535 [1] NCCL INFO New proxy send connection 45 from local rank 1, transport 0
MOC-R4PCC04U05:362465:363242 [1] NCCL INFO Connected to proxy localRank 1 -> connection 0x7fa584006448
MOC-R4PCC04U05:362465:363242 [1] NCCL INFO Channel 07/0 : 1[1] -> 2[2] via P2P/CUMEM
MOC-R4PCC04U05:362465:362535 [1] NCCL INFO New proxy send connection 46 from local rank 1, transport 0
MOC-R4PCC04U05:362465:363242 [1] NCCL INFO Connected to proxy localRank 1 -> connection 0x7fa5840064c0
MOC-R4PCC04U05:362465:363242 [1] NCCL INFO Channel 09/0 : 1[1] -> 2[2] via P2P/CUMEM
MOC-R4PCC04U05:362465:362535 [1] NCCL INFO New proxy send connection 47 from local rank 1, transport 0
MOC-R4PCC04U05:362465:363242 [1] NCCL INFO Connected to proxy localRank 1 -> connection 0x7fa584006538
MOC-R4PCC04U05:362465:363242 [1] NCCL INFO Channel 15/0 : 1[1] -> 2[2] via P2P/CUMEM
MOC-R4PCC04U05:362465:362535 [1] NCCL INFO New proxy send connection 48 from local rank 1, transport 0
MOC-R4PCC04U05:362465:363242 [1] NCCL INFO Connected to proxy localRank 1 -> connection 0x7fa5840065b0
MOC-R4PCC04U05:362465:363242 [1] NCCL INFO Channel 02/0 : 1[1] -> 3[3] via P2P/CUMEM
MOC-R4PCC04U05:362465:362535 [1] NCCL INFO New proxy send connection 49 from local rank 1, transport 0
MOC-R4PCC04U05:362465:363242 [1] NCCL INFO Connected to proxy localRank 1 -> connection 0x7fa584006628
MOC-R4PCC04U05:362465:363242 [1] NCCL INFO Channel 03/0 : 1[1] -> 3[3] via P2P/CUMEM
MOC-R4PCC04U05:362465:362535 [1] NCCL INFO New proxy send connection 50 from local rank 1, transport 0
MOC-R4PCC04U05:362465:363242 [1] NCCL INFO Connected to proxy localRank 1 -> connection 0x7fa5840066a0
MOC-R4PCC04U05:362464:363241 [0] NCCL INFO Channel 02/0 : 0[0] -> 2[2] via P2P/CUMEM
MOC-R4PCC04U05:362465:363242 [1] NCCL INFO Channel 06/0 : 1[1] -> 3[3] via P2P/CUMEM
MOC-R4PCC04U05:362464:362537 [0] NCCL INFO New proxy send connection 41 from local rank 0, transport 0
MOC-R4PCC04U05:362465:362535 [1] NCCL INFO New proxy send connection 51 from local rank 1, transport 0
MOC-R4PCC04U05:362464:363241 [0] NCCL INFO Connected to proxy localRank 0 -> connection 0x7f25a4006268
MOC-R4PCC04U05:362465:363242 [1] NCCL INFO Connected to proxy localRank 1 -> connection 0x7fa584006718
MOC-R4PCC04U05:362466:362536 [2] NCCL INFO New proxy recv connection 43 from local rank 2, transport 0
MOC-R4PCC04U05:362466:363239 [2] NCCL INFO Connected to proxy localRank 2 -> connection 0x7f01a0006358
MOC-R4PCC04U05:362465:363242 [1] NCCL INFO Channel 10/0 : 1[1] -> 3[3] via P2P/CUMEM
MOC-R4PCC04U05:362465:362535 [1] NCCL INFO New proxy send connection 52 from local rank 1, transport 0
MOC-R4PCC04U05:362465:363242 [1] NCCL INFO Connected to proxy localRank 1 -> connection 0x7fa584006790
MOC-R4PCC04U05:362464:363241 [0] NCCL INFO Channel 05/0 : 0[0] -> 2[2] via P2P/CUMEM
MOC-R4PCC04U05:362464:362537 [0] NCCL INFO New proxy send connection 42 from local rank 0, transport 0
MOC-R4PCC04U05:362464:363241 [0] NCCL INFO Connected to proxy localRank 0 -> connection 0x7f25a40062e0
MOC-R4PCC04U05:362466:362536 [2] NCCL INFO New proxy recv connection 44 from local rank 2, transport 0
MOC-R4PCC04U05:362466:363239 [2] NCCL INFO Connected to proxy localRank 2 -> connection 0x7f01a00063d0
MOC-R4PCC04U05:362465:363242 [1] NCCL INFO Channel 11/0 : 1[1] -> 3[3] via P2P/CUMEM
MOC-R4PCC04U05:362465:362535 [1] NCCL INFO New proxy send connection 53 from local rank 1, transport 0
MOC-R4PCC04U05:362465:363242 [1] NCCL INFO Connected to proxy localRank 1 -> connection 0x7fa584006808
MOC-R4PCC04U05:362464:363241 [0] NCCL INFO Channel 06/0 : 0[0] -> 2[2] via P2P/CUMEM
MOC-R4PCC04U05:362464:362537 [0] NCCL INFO New proxy send connection 43 from local rank 0, transport 0
MOC-R4PCC04U05:362464:363241 [0] NCCL INFO Connected to proxy localRank 0 -> connection 0x7f25a4006358
MOC-R4PCC04U05:362466:362536 [2] NCCL INFO New proxy recv connection 45 from local rank 2, transport 0
MOC-R4PCC04U05:362465:363242 [1] NCCL INFO Channel 14/0 : 1[1] -> 3[3] via P2P/CUMEM
MOC-R4PCC04U05:362466:363239 [2] NCCL INFO Connected to proxy localRank 2 -> connection 0x7f01a0006448
MOC-R4PCC04U05:362465:362535 [1] NCCL INFO New proxy send connection 54 from local rank 1, transport 0
MOC-R4PCC04U05:362465:363242 [1] NCCL INFO Connected to proxy localRank 1 -> connection 0x7fa584006880
MOC-R4PCC04U05:362464:363241 [0] NCCL INFO Channel 10/0 : 0[0] -> 2[2] via P2P/CUMEM
MOC-R4PCC04U05:362464:362537 [0] NCCL INFO New proxy send connection 44 from local rank 0, transport 0
MOC-R4PCC04U05:362464:363241 [0] NCCL INFO Connected to proxy localRank 0 -> connection 0x7f25a40063d0
MOC-R4PCC04U05:362466:362536 [2] NCCL INFO New proxy recv connection 46 from local rank 2, transport 0
MOC-R4PCC04U05:362466:363239 [2] NCCL INFO Connected to proxy localRank 2 -> connection 0x7f01a00064c0
MOC-R4PCC04U05:362465:363242 [1] NCCL INFO GPU Direct RDMA Enabled for GPU 1 / HCA 4 (distance 5 <= 5), read 1 mode Default
MOC-R4PCC04U05:362464:363241 [0] NCCL INFO Channel 13/0 : 0[0] -> 2[2] via P2P/CUMEM
MOC-R4PCC04U05:362465:362535 [1] NCCL INFO New proxy send connection 55 from local rank 1, transport 2
MOC-R4PCC04U05:362464:362537 [0] NCCL INFO New proxy send connection 45 from local rank 0, transport 0
MOC-R4PCC04U05:362465:363242 [1] NCCL INFO Connected to proxy localRank 1 -> connection 0x7fa5840068f8
MOC-R4PCC04U05:362464:363241 [0] NCCL INFO Connected to proxy localRank 0 -> connection 0x7f25a4006448
MOC-R4PCC04U05:362465:363242 [1] NCCL INFO Channel 09/0 : 1[1] -> 5[1] [send] via NET/IB/4/GDRDMA
MOC-R4PCC04U05:362465:363242 [1] NCCL INFO GPU Direct RDMA Enabled for GPU 1 / HCA 4 (distance 5 <= 5), read 1 mode Default
MOC-R4PCC04U05:362466:362536 [2] NCCL INFO New proxy recv connection 47 from local rank 2, transport 0
MOC-R4PCC04U05:362466:363239 [2] NCCL INFO Connected to proxy localRank 2 -> connection 0x7f01a0006538
MOC-R4PCC04U05:362465:362535 [1] NCCL INFO New proxy send connection 56 from local rank 1, transport 2
MOC-R4PCC04U05:362465:363242 [1] NCCL INFO Connected to proxy localRank 1 -> connection 0x7fa584006970
MOC-R4PCC04U05:362465:363242 [1] NCCL INFO Channel 13/0 : 1[1] -> 5[1] [send] via NET/IB/4/GDRDMA
MOC-R4PCC04U05:362467:362541 [3] NCCL INFO New proxy recv connection 41 from local rank 3, transport 0
MOC-R4PCC04U05:362467:363240 [3] NCCL INFO Connected to proxy localRank 3 -> connection 0x7f0bac006268
MOC-R4PCC04U05:362464:363241 [0] NCCL INFO Channel 14/0 : 0[0] -> 2[2] via P2P/CUMEM
MOC-R4PCC04U05:362464:362537 [0] NCCL INFO New proxy send connection 46 from local rank 0, transport 0
MOC-R4PCC04U05:362464:363241 [0] NCCL INFO Connected to proxy localRank 0 -> connection 0x7f25a40064c0
MOC-R4PCC04U05:362466:362536 [2] NCCL INFO New proxy recv connection 48 from local rank 2, transport 0
MOC-R4PCC04U05:362466:363239 [2] NCCL INFO Connected to proxy localRank 2 -> connection 0x7f01a00065b0
MOC-R4PCC04U05:362465:363242 [1] NCCL INFO GPU Direct RDMA Enabled for GPU 1 / HCA 4 (distance 5 <= 5), read 0 mode Default
MOC-R4PCC04U05:362465:362535 [1] NCCL INFO New proxy recv connection 57 from local rank 1, transport 2
MOC-R4PCC04U05:362465:363242 [1] NCCL INFO Connected to proxy localRank 1 -> connection 0x7fa5840069e8
MOC-R4PCC04U05:362465:363242 [1] NCCL INFO Channel 01/0 : 9[1] -> 1[1] [receive] via NET/IB/4/GDRDMA
MOC-R4PCC04U05:362465:363242 [1] NCCL INFO GPU Direct RDMA Enabled for GPU 1 / HCA 4 (distance 5 <= 5), read 0 mode Default
MOC-R4PCC04U05:362465:362535 [1] NCCL INFO New proxy recv connection 58 from local rank 1, transport 2
MOC-R4PCC04U05:362465:363242 [1] NCCL INFO Connected to proxy localRank 1 -> connection 0x7fa584006a60
MOC-R4PCC04U05:362467:362541 [3] NCCL INFO New proxy recv connection 42 from local rank 3, transport 0
MOC-R4PCC04U05:362467:363240 [3] NCCL INFO Connected to proxy localRank 3 -> connection 0x7f0bac0062e0
MOC-R4PCC04U05:362465:363242 [1] NCCL INFO Channel 05/0 : 9[1] -> 1[1] [receive] via NET/IB/4/GDRDMA
