MOC-R4PCC04U05:359258:360034 [0] NCCL INFO Connected to proxy localRank 0 -> connection 0x7f251c0065b0
MOC-R4PCC04U05:359259:360032 [1] NCCL INFO GPU Direct RDMA Enabled for GPU 1 / HCA 4 (distance 5 <= 5), read 1 mode Default
MOC-R4PCC04U05:359259:359598 [1] NCCL INFO New proxy send connection 55 from local rank 1, transport 2
MOC-R4PCC04U05:359259:360032 [1] NCCL INFO Connected to proxy localRank 1 -> connection 0x7f26640068f8
MOC-R4PCC04U05:359261:359595 [3] NCCL INFO New proxy recv connection 41 from local rank 3, transport 0
MOC-R4PCC04U05:359259:360032 [1] NCCL INFO Channel 09/0 : 1[1] -> 5[1] [send] via NET/IB/4/GDRDMA
MOC-R4PCC04U05:359261:360033 [3] NCCL INFO Connected to proxy localRank 3 -> connection 0x7f6ae4006268
MOC-R4PCC04U05:359259:360032 [1] NCCL INFO GPU Direct RDMA Enabled for GPU 1 / HCA 4 (distance 5 <= 5), read 1 mode Default
MOC-R4PCC04U05:359258:360034 [0] NCCL INFO Channel 05/0 : 0[0] -> 3[3] via P2P/CUMEM
MOC-R4PCC04U05:359259:359598 [1] NCCL INFO New proxy send connection 56 from local rank 1, transport 2
MOC-R4PCC04U05:359259:360032 [1] NCCL INFO Connected to proxy localRank 1 -> connection 0x7f2664006970
MOC-R4PCC04U05:359258:359601 [0] NCCL INFO New proxy send connection 49 from local rank 0, transport 0
MOC-R4PCC04U05:359258:360034 [0] NCCL INFO Connected to proxy localRank 0 -> connection 0x7f251c006628
MOC-R4PCC04U05:359259:360032 [1] NCCL INFO Channel 13/0 : 1[1] -> 5[1] [send] via NET/IB/4/GDRDMA
MOC-R4PCC04U05:359258:360034 [0] NCCL INFO Channel 09/0 : 0[0] -> 3[3] via P2P/CUMEM
MOC-R4PCC04U05:359261:359595 [3] NCCL INFO New proxy recv connection 42 from local rank 3, transport 0
MOC-R4PCC04U05:359261:360033 [3] NCCL INFO Connected to proxy localRank 3 -> connection 0x7f6ae40062e0
MOC-R4PCC04U05:359258:359601 [0] NCCL INFO New proxy send connection 50 from local rank 0, transport 0
MOC-R4PCC04U05:359258:360034 [0] NCCL INFO Connected to proxy localRank 0 -> connection 0x7f251c0066a0
MOC-R4PCC04U05:359258:360034 [0] NCCL INFO Channel 12/0 : 0[0] -> 3[3] via P2P/CUMEM
MOC-R4PCC04U05:359261:359595 [3] NCCL INFO New proxy recv connection 43 from local rank 3, transport 0
MOC-R4PCC04U05:359261:360033 [3] NCCL INFO Connected to proxy localRank 3 -> connection 0x7f6ae4006358
MOC-R4PCC04U05:359258:359601 [0] NCCL INFO New proxy send connection 51 from local rank 0, transport 0
MOC-R4PCC04U05:359258:360034 [0] NCCL INFO Connected to proxy localRank 0 -> connection 0x7f251c006718
MOC-R4PCC04U05:359258:360034 [0] NCCL INFO Channel 13/0 : 0[0] -> 3[3] via P2P/CUMEM
MOC-R4PCC04U05:359261:359595 [3] NCCL INFO New proxy recv connection 44 from local rank 3, transport 0
MOC-R4PCC04U05:359261:360033 [3] NCCL INFO Connected to proxy localRank 3 -> connection 0x7f6ae40063d0
MOC-R4PCC04U05:359258:359601 [0] NCCL INFO New proxy send connection 52 from local rank 0, transport 0
MOC-R4PCC04U05:359258:360034 [0] NCCL INFO Connected to proxy localRank 0 -> connection 0x7f251c006790
MOC-R4PCC04U05:359261:359595 [3] NCCL INFO New proxy recv connection 45 from local rank 3, transport 0
MOC-R4PCC04U05:359261:360033 [3] NCCL INFO Connected to proxy localRank 3 -> connection 0x7f6ae4006448
MOC-R4PCC04U05:359261:359595 [3] NCCL INFO New proxy recv connection 46 from local rank 3, transport 0
MOC-R4PCC04U05:359261:360033 [3] NCCL INFO Connected to proxy localRank 3 -> connection 0x7f6ae40064c0
MOC-R4PCC04U05:359258:360034 [0] NCCL INFO GPU Direct RDMA Enabled for GPU 0 / HCA 5 (distance 5 <= 5), read 1 mode Default
MOC-R4PCC04U05:359261:360033 [3] NCCL INFO GPU Direct RDMA Enabled for GPU 3 / HCA 6 (distance 5 <= 5), read 1 mode Default
MOC-R4PCC04U05:359258:359601 [0] NCCL INFO New proxy send connection 53 from local rank 0, transport 2
MOC-R4PCC04U05:359258:360034 [0] NCCL INFO Connected to proxy localRank 0 -> connection 0x7f251c006808
MOC-R4PCC04U05:359261:359595 [3] NCCL INFO New proxy send connection 47 from local rank 3, transport 2
MOC-R4PCC04U05:359261:360033 [3] NCCL INFO Connected to proxy localRank 3 -> connection 0x7f6ae4006538
MOC-R4PCC04U05:359258:360034 [0] NCCL INFO Channel 08/0 : 0[0] -> 4[0] [send] via NET/IB/5/GDRDMA
MOC-R4PCC04U05:359258:360034 [0] NCCL INFO GPU Direct RDMA Enabled for GPU 0 / HCA 5 (distance 5 <= 5), read 1 mode Default
MOC-R4PCC04U05:359258:359601 [0] NCCL INFO New proxy send connection 54 from local rank 0, transport 2
MOC-R4PCC04U05:359261:360033 [3] NCCL INFO Channel 11/0 : 3[3] -> 7[3] [send] via NET/IB/6/GDRDMA
MOC-R4PCC04U05:359261:360033 [3] NCCL INFO GPU Direct RDMA Enabled for GPU 3 / HCA 6 (distance 5 <= 5), read 1 mode Default
MOC-R4PCC04U05:359258:360034 [0] NCCL INFO Connected to proxy localRank 0 -> connection 0x7f251c006880
MOC-R4PCC04U05:359261:359595 [3] NCCL INFO New proxy send connection 48 from local rank 3, transport 2
MOC-R4PCC04U05:359261:360033 [3] NCCL INFO Connected to proxy localRank 3 -> connection 0x7f6ae40065b0
MOC-R4PCC04U05:359258:360034 [0] NCCL INFO Channel 12/0 : 0[0] -> 4[0] [send] via NET/IB/5/GDRDMA
MOC-R4PCC04U05:359261:360033 [3] NCCL INFO Channel 15/0 : 3[3] -> 7[3] [send] via NET/IB/6/GDRDMA
MOC-R4PCC04U05:359259:360032 [1] NCCL INFO GPU Direct RDMA Enabled for GPU 1 / HCA 4 (distance 5 <= 5), read 0 mode Default
MOC-R4PCC04U05:359259:359598 [1] NCCL INFO New proxy recv connection 57 from local rank 1, transport 2
MOC-R4PCC04U05:359259:360032 [1] NCCL INFO Connected to proxy localRank 1 -> connection 0x7f26640069e8
MOC-R4PCC04U05:359259:360032 [1] NCCL INFO Channel 01/0 : 17[1] -> 1[1] [receive] via NET/IB/4/GDRDMA
MOC-R4PCC04U05:359259:360032 [1] NCCL INFO GPU Direct RDMA Enabled for GPU 1 / HCA 4 (distance 5 <= 5), read 0 mode Default
MOC-R4PCC04U05:359259:359598 [1] NCCL INFO New proxy recv connection 58 from local rank 1, transport 2
MOC-R4PCC04U05:359259:360032 [1] NCCL INFO Connected to proxy localRank 1 -> connection 0x7f2664006a60
MOC-R4PCC04U05:359259:360032 [1] NCCL INFO Channel 05/0 : 17[1] -> 1[1] [receive] via NET/IB/4/GDRDMA
MOC-R4PCC04U05:359259:360032 [1] NCCL INFO GPU Direct RDMA Enabled for GPU 1 / HCA 4 (distance 5 <= 5), read 1 mode Default
MOC-R4PCC04U05:359259:359598 [1] NCCL INFO New proxy send connection 59 from local rank 1, transport 2
MOC-R4PCC04U05:359259:360032 [1] NCCL INFO Connected to proxy localRank 1 -> connection 0x7f2664006ad8
MOC-R4PCC04U05:359260:360031 [2] NCCL INFO GPU Direct RDMA Enabled for GPU 2 / HCA 7 (distance 5 <= 5), read 0 mode Default
MOC-R4PCC04U05:359259:360032 [1] NCCL INFO Channel 01/0 : 1[1] -> 17[1] [send] via NET/IB/4/GDRDMA
MOC-R4PCC04U05:359259:360032 [1] NCCL INFO GPU Direct RDMA Enabled for GPU 1 / HCA 4 (distance 5 <= 5), read 1 mode Default
MOC-R4PCC04U05:359259:359598 [1] NCCL INFO New proxy send connection 60 from local rank 1, transport 2
MOC-R4PCC04U05:359259:360032 [1] NCCL INFO Connected to proxy localRank 1 -> connection 0x7f2664006b50
MOC-R4PCC04U05:359259:360032 [1] NCCL INFO Channel 05/0 : 1[1] -> 17[1] [send] via NET/IB/4/GDRDMA
MOC-R4PCC04U05:359260:359597 [2] NCCL INFO New proxy recv connection 51 from local rank 2, transport 2
MOC-R4PCC04U05:359260:360031 [2] NCCL INFO Connected to proxy localRank 2 -> connection 0x7fece8006718
MOC-R4PCC04U05:359260:360031 [2] NCCL INFO Channel 02/0 : 18[2] -> 2[2] [receive] via NET/IB/7/GDRDMA
MOC-R4PCC04U05:359260:360031 [2] NCCL INFO GPU Direct RDMA Enabled for GPU 2 / HCA 7 (distance 5 <= 5), read 0 mode Default
MOC-R4PCC04U05:359260:359597 [2] NCCL INFO New proxy recv connection 52 from local rank 2, transport 2
MOC-R4PCC04U05:359260:360031 [2] NCCL INFO Connected to proxy localRank 2 -> connection 0x7fece8006790
MOC-R4PCC04U05:359260:360031 [2] NCCL INFO Channel 06/0 : 18[2] -> 2[2] [receive] via NET/IB/7/GDRDMA
MOC-R4PCC04U05:359260:360031 [2] NCCL INFO GPU Direct RDMA Enabled for GPU 2 / HCA 7 (distance 5 <= 5), read 1 mode Default
MOC-R4PCC04U05:359260:359597 [2] NCCL INFO New proxy send connection 53 from local rank 2, transport 2
MOC-R4PCC04U05:359260:360031 [2] NCCL INFO Connected to proxy localRank 2 -> connection 0x7fece8006808
MOC-R4PCC04U05:359260:360031 [2] NCCL INFO Channel 02/0 : 2[2] -> 18[2] [send] via NET/IB/7/GDRDMA
MOC-R4PCC04U05:359260:360031 [2] NCCL INFO GPU Direct RDMA Enabled for GPU 2 / HCA 7 (distance 5 <= 5), read 1 mode Default
MOC-R4PCC04U05:359260:359597 [2] NCCL INFO New proxy send connection 54 from local rank 2, transport 2
MOC-R4PCC04U05:359260:360031 [2] NCCL INFO Connected to proxy localRank 2 -> connection 0x7fece8006880
MOC-R4PCC04U05:359260:360031 [2] NCCL INFO Channel 06/0 : 2[2] -> 18[2] [send] via NET/IB/7/GDRDMA
MOC-R4PCC04U05:359258:360034 [0] NCCL INFO GPU Direct RDMA Enabled for GPU 0 / HCA 5 (distance 5 <= 5), read 0 mode Default
MOC-R4PCC04U05:359258:359601 [0] NCCL INFO New proxy recv connection 55 from local rank 0, transport 2
MOC-R4PCC04U05:359258:360034 [0] NCCL INFO Connected to proxy localRank 0 -> connection 0x7f251c0068f8
MOC-R4PCC04U05:359261:360033 [3] NCCL INFO GPU Direct RDMA Enabled for GPU 3 / HCA 6 (distance 5 <= 5), read 0 mode Default
MOC-R4PCC04U05:359258:360034 [0] NCCL INFO Channel 00/0 : 16[0] -> 0[0] [receive] via NET/IB/5/GDRDMA
MOC-R4PCC04U05:359258:360034 [0] NCCL INFO GPU Direct RDMA Enabled for GPU 0 / HCA 5 (distance 5 <= 5), read 0 mode Default
MOC-R4PCC04U05:359258:359601 [0] NCCL INFO New proxy recv connection 56 from local rank 0, transport 2
MOC-R4PCC04U05:359258:360034 [0] NCCL INFO Connected to proxy localRank 0 -> connection 0x7f251c006970
MOC-R4PCC04U05:359261:359595 [3] NCCL INFO New proxy recv connection 49 from local rank 3, transport 2
MOC-R4PCC04U05:359261:360033 [3] NCCL INFO Connected to proxy localRank 3 -> connection 0x7f6ae4006628
MOC-R4PCC04U05:359258:360034 [0] NCCL INFO Channel 04/0 : 16[0] -> 0[0] [receive] via NET/IB/5/GDRDMA
MOC-R4PCC04U05:359258:360034 [0] NCCL INFO GPU Direct RDMA Enabled for GPU 0 / HCA 5 (distance 5 <= 5), read 1 mode Default
MOC-R4PCC04U05:359258:359601 [0] NCCL INFO New proxy send connection 57 from local rank 0, transport 2
MOC-R4PCC04U05:359258:360034 [0] NCCL INFO Connected to proxy localRank 0 -> connection 0x7f251c0069e8
MOC-R4PCC04U05:359258:360034 [0] NCCL INFO Channel 00/0 : 0[0] -> 16[0] [send] via NET/IB/5/GDRDMA
MOC-R4PCC04U05:359258:360034 [0] NCCL INFO GPU Direct RDMA Enabled for GPU 0 / HCA 5 (distance 5 <= 5), read 1 mode Default
MOC-R4PCC04U05:359261:360033 [3] NCCL INFO Channel 03/0 : 19[3] -> 3[3] [receive] via NET/IB/6/GDRDMA
MOC-R4PCC04U05:359261:360033 [3] NCCL INFO GPU Direct RDMA Enabled for GPU 3 / HCA 6 (distance 5 <= 5), read 0 mode Default
MOC-R4PCC04U05:359258:359601 [0] NCCL INFO New proxy send connection 58 from local rank 0, transport 2
MOC-R4PCC04U05:359261:359595 [3] NCCL INFO New proxy recv connection 50 from local rank 3, transport 2
MOC-R4PCC04U05:359258:360034 [0] NCCL INFO Connected to proxy localRank 0 -> connection 0x7f251c006a60
MOC-R4PCC04U05:359261:360033 [3] NCCL INFO Connected to proxy localRank 3 -> connection 0x7f6ae40066a0
MOC-R4PCC04U05:359258:360034 [0] NCCL INFO Channel 04/0 : 0[0] -> 16[0] [send] via NET/IB/5/GDRDMA
MOC-R4PCC04U05:359261:360033 [3] NCCL INFO Channel 07/0 : 19[3] -> 3[3] [receive] via NET/IB/6/GDRDMA
MOC-R4PCC04U05:359261:360033 [3] NCCL INFO GPU Direct RDMA Enabled for GPU 3 / HCA 6 (distance 5 <= 5), read 1 mode Default
MOC-R4PCC04U05:359261:359595 [3] NCCL INFO New proxy send connection 51 from local rank 3, transport 2
MOC-R4PCC04U05:359261:360033 [3] NCCL INFO Connected to proxy localRank 3 -> connection 0x7f6ae4006718
MOC-R4PCC04U05:359261:360033 [3] NCCL INFO Channel 03/0 : 3[3] -> 19[3] [send] via NET/IB/6/GDRDMA
MOC-R4PCC04U05:359261:360033 [3] NCCL INFO GPU Direct RDMA Enabled for GPU 3 / HCA 6 (distance 5 <= 5), read 1 mode Default
MOC-R4PCC04U05:359261:359595 [3] NCCL INFO New proxy send connection 52 from local rank 3, transport 2
MOC-R4PCC04U05:359261:360033 [3] NCCL INFO Connected to proxy localRank 3 -> connection 0x7f6ae4006790
MOC-R4PCC04U05:359261:360033 [3] NCCL INFO Channel 07/0 : 3[3] -> 19[3] [send] via NET/IB/6/GDRDMA
MOC-R4PCC04U05:359260:360031 [2] NCCL INFO GPU Direct RDMA Enabled for GPU 2 / HCA 7 (distance 5 <= 5), read 0 mode Default
MOC-R4PCC04U05:359260:359597 [2] NCCL INFO New proxy recv connection 55 from local rank 2, transport 2
MOC-R4PCC04U05:359260:360031 [2] NCCL INFO Connected to proxy localRank 2 -> connection 0x7fece80068f8
MOC-R4PCC04U05:359260:360031 [2] NCCL INFO Channel 10/0 : 6[2] -> 2[2] [receive] via NET/IB/7/GDRDMA
MOC-R4PCC04U05:359260:360031 [2] NCCL INFO GPU Direct RDMA Enabled for GPU 2 / HCA 7 (distance 5 <= 5), read 0 mode Default
MOC-R4PCC04U05:359260:359597 [2] NCCL INFO New proxy recv connection 56 from local rank 2, transport 2
MOC-R4PCC04U05:359260:360031 [2] NCCL INFO Connected to proxy localRank 2 -> connection 0x7fece8006970
MOC-R4PCC04U05:359260:360031 [2] NCCL INFO Channel 14/0 : 6[2] -> 2[2] [receive] via NET/IB/7/GDRDMA
MOC-R4PCC04U05:359259:360032 [1] NCCL INFO GPU Direct RDMA Enabled for GPU 1 / HCA 4 (distance 5 <= 5), read 0 mode Default
MOC-R4PCC04U05:359259:359598 [1] NCCL INFO New proxy recv connection 61 from local rank 1, transport 2
MOC-R4PCC04U05:359259:360032 [1] NCCL INFO Connected to proxy localRank 1 -> connection 0x7f2664006bc8
MOC-R4PCC04U05:359259:360032 [1] NCCL INFO Channel 09/0 : 5[1] -> 1[1] [receive] via NET/IB/4/GDRDMA
MOC-R4PCC04U05:359259:360032 [1] NCCL INFO GPU Direct RDMA Enabled for GPU 1 / HCA 4 (distance 5 <= 5), read 0 mode Default
MOC-R4PCC04U05:359259:359598 [1] NCCL INFO New proxy recv connection 62 from local rank 1, transport 2
MOC-R4PCC04U05:359259:360032 [1] NCCL INFO Connected to proxy localRank 1 -> connection 0x7f2664006c40
MOC-R4PCC04U05:359259:360032 [1] NCCL INFO Channel 13/0 : 5[1] -> 1[1] [receive] via NET/IB/4/GDRDMA
MOC-R4PCC04U05:359259:359598 [1] NCCL INFO New proxy recv connection 63 from local rank 1, transport 0
MOC-R4PCC04U05:359259:360032 [1] NCCL INFO Connected to proxy localRank 1 -> connection 0x7f2664006cb8
MOC-R4PCC04U05:359259:359598 [1] NCCL INFO New proxy recv connection 64 from local rank 1, transport 0
MOC-R4PCC04U05:359259:360032 [1] NCCL INFO Connected to proxy localRank 1 -> connection 0x7f2664006d30
MOC-R4PCC04U05:359259:359598 [1] NCCL INFO New proxy recv connection 65 from local rank 1, transport 0
MOC-R4PCC04U05:359259:360032 [1] NCCL INFO Connected to proxy localRank 1 -> connection 0x7f2664006da8
MOC-R4PCC04U05:359259:359598 [1] NCCL INFO New proxy recv connection 66 from local rank 1, transport 0
MOC-R4PCC04U05:359259:360032 [1] NCCL INFO Connected to proxy localRank 1 -> connection 0x7f2664006e20
MOC-R4PCC04U05:359259:359598 [1] NCCL INFO New proxy recv connection 67 from local rank 1, transport 0
MOC-R4PCC04U05:359259:360032 [1] NCCL INFO Connected to proxy localRank 1 -> connection 0x7f2664006e98
MOC-R4PCC04U05:359259:359598 [1] NCCL INFO New proxy recv connection 68 from local rank 1, transport 0
MOC-R4PCC04U05:359259:360032 [1] NCCL INFO Connected to proxy localRank 1 -> connection 0x7f2664006f10
MOC-R4PCC04U05:359261:360033 [3] NCCL INFO GPU Direct RDMA Enabled for GPU 3 / HCA 6 (distance 5 <= 5), read 0 mode Default
MOC-R4PCC04U05:359258:360034 [0] NCCL INFO GPU Direct RDMA Enabled for GPU 0 / HCA 5 (distance 5 <= 5), read 0 mode Default
MOC-R4PCC04U05:359261:359595 [3] NCCL INFO New proxy recv connection 53 from local rank 3, transport 2
MOC-R4PCC04U05:359258:359601 [0] NCCL INFO New proxy recv connection 59 from local rank 0, transport 2
MOC-R4PCC04U05:359261:360033 [3] NCCL INFO Connected to proxy localRank 3 -> connection 0x7f6ae4006808
MOC-R4PCC04U05:359258:360034 [0] NCCL INFO Connected to proxy localRank 0 -> connection 0x7f251c006ad8
MOC-R4PCC04U05:359258:360034 [0] NCCL INFO Channel 08/0 : 4[0] -> 0[0] [receive] via NET/IB/5/GDRDMA
MOC-R4PCC04U05:359258:360034 [0] NCCL INFO GPU Direct RDMA Enabled for GPU 0 / HCA 5 (distance 5 <= 5), read 0 mode Default
MOC-R4PCC04U05:359261:360033 [3] NCCL INFO Channel 11/0 : 7[3] -> 3[3] [receive] via NET/IB/6/GDRDMA
MOC-R4PCC04U05:359261:360033 [3] NCCL INFO GPU Direct RDMA Enabled for GPU 3 / HCA 6 (distance 5 <= 5), read 0 mode Default
MOC-R4PCC04U05:359261:359595 [3] NCCL INFO New proxy recv connection 54 from local rank 3, transport 2
MOC-R4PCC04U05:359258:359601 [0] NCCL INFO New proxy recv connection 60 from local rank 0, transport 2
MOC-R4PCC04U05:359261:360033 [3] NCCL INFO Connected to proxy localRank 3 -> connection 0x7f6ae4006880
MOC-R4PCC04U05:359258:360034 [0] NCCL INFO Connected to proxy localRank 0 -> connection 0x7f251c006b50
MOC-R4PCC04U05:359261:360033 [3] NCCL INFO Channel 15/0 : 7[3] -> 3[3] [receive] via NET/IB/6/GDRDMA
MOC-R4PCC04U05:359258:360034 [0] NCCL INFO Channel 12/0 : 4[0] -> 0[0] [receive] via NET/IB/5/GDRDMA
MOC-R4PCC04U05:359261:360033 [3] NCCL INFO Channel 01/0 : 3[3] -> 0[0] via P2P/CUMEM
MOC-R4PCC04U05:359261:359595 [3] NCCL INFO New proxy send connection 55 from local rank 3, transport 0
MOC-R4PCC04U05:359261:360033 [3] NCCL INFO Connected to proxy localRank 3 -> connection 0x7f6ae40068f8
MOC-R4PCC04U05:359261:360033 [3] NCCL INFO Channel 04/0 : 3[3] -> 0[0] via P2P/CUMEM
MOC-R4PCC04U05:359261:359595 [3] NCCL INFO New proxy send connection 56 from local rank 3, transport 0
MOC-R4PCC04U05:359261:360033 [3] NCCL INFO Connected to proxy localRank 3 -> connection 0x7f6ae4006970
MOC-R4PCC04U05:359261:360033 [3] NCCL INFO Channel 05/0 : 3[3] -> 0[0] via P2P/CUMEM
MOC-R4PCC04U05:359261:359595 [3] NCCL INFO New proxy send connection 57 from local rank 3, transport 0
MOC-R4PCC04U05:359261:360033 [3] NCCL INFO Connected to proxy localRank 3 -> connection 0x7f6ae40069e8
MOC-R4PCC04U05:359261:360033 [3] NCCL INFO Channel 06/0 : 3[3] -> 0[0] via P2P/CUMEM
MOC-R4PCC04U05:359261:359595 [3] NCCL INFO New proxy send connection 58 from local rank 3, transport 0
MOC-R4PCC04U05:359261:360033 [3] NCCL INFO Connected to proxy localRank 3 -> connection 0x7f6ae4006a60
MOC-R4PCC04U05:359261:360033 [3] NCCL INFO Channel 09/0 : 3[3] -> 0[0] via P2P/CUMEM
MOC-R4PCC04U05:359261:359595 [3] NCCL INFO New proxy send connection 59 from local rank 3, transport 0
MOC-R4PCC04U05:359261:360033 [3] NCCL INFO Connected to proxy localRank 3 -> connection 0x7f6ae4006ad8
MOC-R4PCC04U05:359261:360033 [3] NCCL INFO Channel 12/0 : 3[3] -> 0[0] via P2P/CUMEM
MOC-R4PCC04U05:359261:359595 [3] NCCL INFO New proxy send connection 60 from local rank 3, transport 0
MOC-R4PCC04U05:359261:360033 [3] NCCL INFO Connected to proxy localRank 3 -> connection 0x7f6ae4006b50
MOC-R4PCC04U05:359261:360033 [3] NCCL INFO Channel 13/0 : 3[3] -> 0[0] via P2P/CUMEM
MOC-R4PCC04U05:359261:359595 [3] NCCL INFO New proxy send connection 61 from local rank 3, transport 0
MOC-R4PCC04U05:359261:360033 [3] NCCL INFO Connected to proxy localRank 3 -> connection 0x7f6ae4006bc8
MOC-R4PCC04U05:359261:360033 [3] NCCL INFO Channel 14/0 : 3[3] -> 0[0] via P2P/CUMEM
MOC-R4PCC04U05:359261:359595 [3] NCCL INFO New proxy send connection 62 from local rank 3, transport 0
MOC-R4PCC04U05:359261:360033 [3] NCCL INFO Connected to proxy localRank 3 -> connection 0x7f6ae4006c40
MOC-R4PCC04U05:359260:360031 [2] NCCL INFO Channel 02/0 : 2[2] -> 0[0] via P2P/CUMEM
MOC-R4PCC04U05:359260:359597 [2] NCCL INFO New proxy send connection 57 from local rank 2, transport 0
MOC-R4PCC04U05:359260:360031 [2] NCCL INFO Connected to proxy localRank 2 -> connection 0x7fece80069e8
MOC-R4PCC04U05:359258:359601 [0] NCCL INFO New proxy recv connection 61 from local rank 0, transport 0
MOC-R4PCC04U05:359258:360034 [0] NCCL INFO Connected to proxy localRank 0 -> connection 0x7f251c006bc8
MOC-R4PCC04U05:359260:360031 [2] NCCL INFO Channel 03/0 : 2[2] -> 0[0] via P2P/CUMEM
MOC-R4PCC04U05:359260:359597 [2] NCCL INFO New proxy send connection 58 from local rank 2, transport 0
MOC-R4PCC04U05:359260:360031 [2] NCCL INFO Connected to proxy localRank 2 -> connection 0x7fece8006a60
MOC-R4PCC04U05:359260:360031 [2] NCCL INFO Channel 06/0 : 2[2] -> 0[0] via P2P/CUMEM
MOC-R4PCC04U05:359260:359597 [2] NCCL INFO New proxy send connection 59 from local rank 2, transport 0
MOC-R4PCC04U05:359260:360031 [2] NCCL INFO Connected to proxy localRank 2 -> connection 0x7fece8006ad8
MOC-R4PCC04U05:359260:360031 [2] NCCL INFO Channel 10/0 : 2[2] -> 0[0] via P2P/CUMEM
MOC-R4PCC04U05:359260:359597 [2] NCCL INFO New proxy send connection 60 from local rank 2, transport 0
MOC-R4PCC04U05:359260:360031 [2] NCCL INFO Connected to proxy localRank 2 -> connection 0x7fece8006b50
MOC-R4PCC04U05:359260:360031 [2] NCCL INFO Channel 11/0 : 2[2] -> 0[0] via P2P/CUMEM
MOC-R4PCC04U05:359260:359597 [2] NCCL INFO New proxy send connection 61 from local rank 2, transport 0
MOC-R4PCC04U05:359260:360031 [2] NCCL INFO Connected to proxy localRank 2 -> connection 0x7fece8006bc8
MOC-R4PCC04U05:359260:360031 [2] NCCL INFO Channel 14/0 : 2[2] -> 0[0] via P2P/CUMEM
MOC-R4PCC04U05:359260:359597 [2] NCCL INFO New proxy send connection 62 from local rank 2, transport 0
MOC-R4PCC04U05:359260:360031 [2] NCCL INFO Connected to proxy localRank 2 -> connection 0x7fece8006c40
MOC-R4PCC04U05:359258:359601 [0] NCCL INFO New proxy recv connection 62 from local rank 0, transport 0
MOC-R4PCC04U05:359258:360034 [0] NCCL INFO Connected to proxy localRank 0 -> connection 0x7f251c006c40
MOC-R4PCC04U05:359258:359601 [0] NCCL INFO New proxy recv connection 63 from local rank 0, transport 0
MOC-R4PCC04U05:359258:360034 [0] NCCL INFO Connected to proxy localRank 0 -> connection 0x7f251c006cb8
MOC-R4PCC04U05:359258:359601 [0] NCCL INFO New proxy recv connection 64 from local rank 0, transport 0
MOC-R4PCC04U05:359258:360034 [0] NCCL INFO Connected to proxy localRank 0 -> connection 0x7f251c006d30
MOC-R4PCC04U05:359258:359601 [0] NCCL INFO New proxy recv connection 65 from local rank 0, transport 0
MOC-R4PCC04U05:359258:360034 [0] NCCL INFO Connected to proxy localRank 0 -> connection 0x7f251c006da8
MOC-R4PCC04U05:359258:359601 [0] NCCL INFO New proxy recv connection 66 from local rank 0, transport 0
MOC-R4PCC04U05:359258:360034 [0] NCCL INFO Connected to proxy localRank 0 -> connection 0x7f251c006e20
MOC-R4PCC04U05:359258:359601 [0] NCCL INFO New proxy recv connection 67 from local rank 0, transport 0
MOC-R4PCC04U05:359258:360034 [0] NCCL INFO Connected to proxy localRank 0 -> connection 0x7f251c006e98
MOC-R4PCC04U05:359258:359601 [0] NCCL INFO New proxy recv connection 68 from local rank 0, transport 0
MOC-R4PCC04U05:359258:360034 [0] NCCL INFO Connected to proxy localRank 0 -> connection 0x7f251c006f10
MOC-R4PCC04U05:359258:359601 [0] NCCL INFO New proxy recv connection 69 from local rank 0, transport 0
MOC-R4PCC04U05:359261:360033 [3] NCCL INFO Channel 02/0 : 3[3] -> 1[1] via P2P/CUMEM
MOC-R4PCC04U05:359258:360034 [0] NCCL INFO Connected to proxy localRank 0 -> connection 0x7f251c006f88
MOC-R4PCC04U05:359261:359595 [3] NCCL INFO New proxy send connection 63 from local rank 3, transport 0
MOC-R4PCC04U05:359261:360033 [3] NCCL INFO Connected to proxy localRank 3 -> connection 0x7f6ae4006cb8
MOC-R4PCC04U05:359258:359601 [0] NCCL INFO New proxy recv connection 70 from local rank 0, transport 0
MOC-R4PCC04U05:359258:360034 [0] NCCL INFO Connected to proxy localRank 0 -> connection 0x7f251c007000
MOC-R4PCC04U05:359258:359601 [0] NCCL INFO New proxy recv connection 71 from local rank 0, transport 0
MOC-R4PCC04U05:359258:360034 [0] NCCL INFO Connected to proxy localRank 0 -> connection 0x7f251c007078
MOC-R4PCC04U05:359258:359601 [0] NCCL INFO New proxy recv connection 72 from local rank 0, transport 0
MOC-R4PCC04U05:359258:360034 [0] NCCL INFO Connected to proxy localRank 0 -> connection 0x7f251c0070f0
MOC-R4PCC04U05:359261:360033 [3] NCCL INFO Channel 05/0 : 3[3] -> 1[1] via P2P/CUMEM
MOC-R4PCC04U05:359261:359595 [3] NCCL INFO New proxy send connection 64 from local rank 3, transport 0
MOC-R4PCC04U05:359261:360033 [3] NCCL INFO Connected to proxy localRank 3 -> connection 0x7f6ae4006d30
MOC-R4PCC04U05:359258:359601 [0] NCCL INFO New proxy recv connection 73 from local rank 0, transport 0
MOC-R4PCC04U05:359258:360034 [0] NCCL INFO Connected to proxy localRank 0 -> connection 0x7f251c007168
MOC-R4PCC04U05:359261:360033 [3] NCCL INFO Channel 06/0 : 3[3] -> 1[1] via P2P/CUMEM
MOC-R4PCC04U05:359261:359595 [3] NCCL INFO New proxy send connection 65 from local rank 3, transport 0
MOC-R4PCC04U05:359261:360033 [3] NCCL INFO Connected to proxy localRank 3 -> connection 0x7f6ae4006da8
MOC-R4PCC04U05:359258:359601 [0] NCCL INFO New proxy recv connection 74 from local rank 0, transport 0
MOC-R4PCC04U05:359258:360034 [0] NCCL INFO Connected to proxy localRank 0 -> connection 0x7f251c0071e0
MOC-R4PCC04U05:359261:360033 [3] NCCL INFO Channel 10/0 : 3[3] -> 1[1] via P2P/CUMEM
MOC-R4PCC04U05:359261:359595 [3] NCCL INFO New proxy send connection 66 from local rank 3, transport 0
MOC-R4PCC04U05:359261:360033 [3] NCCL INFO Connected to proxy localRank 3 -> connection 0x7f6ae4006e20
MOC-R4PCC04U05:359261:360033 [3] NCCL INFO Channel 13/0 : 3[3] -> 1[1] via P2P/CUMEM
MOC-R4PCC04U05:359261:359595 [3] NCCL INFO New proxy send connection 67 from local rank 3, transport 0
MOC-R4PCC04U05:359261:360033 [3] NCCL INFO Connected to proxy localRank 3 -> connection 0x7f6ae4006e98
MOC-R4PCC04U05:359261:360033 [3] NCCL INFO Channel 14/0 : 3[3] -> 1[1] via P2P/CUMEM
MOC-R4PCC04U05:359261:359595 [3] NCCL INFO New proxy send connection 68 from local rank 3, transport 0
MOC-R4PCC04U05:359261:360033 [3] NCCL INFO Connected to proxy localRank 3 -> connection 0x7f6ae4006f10
MOC-R4PCC04U05:359260:359597 [2] NCCL INFO New proxy recv connection 63 from local rank 2, transport 0
MOC-R4PCC04U05:359258:359601 [0] NCCL INFO New proxy recv connection 75 from local rank 0, transport 0
MOC-R4PCC04U05:359260:360031 [2] NCCL INFO Connected to proxy localRank 2 -> connection 0x7fece8006cb8
MOC-R4PCC04U05:359258:360034 [0] NCCL INFO Connected to proxy localRank 0 -> connection 0x7f251c007258
MOC-R4PCC04U05:359261:360033 [3] NCCL INFO Channel 00/0 : 3[3] -> 2[2] via P2P/CUMEM
MOC-R4PCC04U05:359261:359595 [3] NCCL INFO New proxy send connection 69 from local rank 3, transport 0
MOC-R4PCC04U05:359261:360033 [3] NCCL INFO Connected to proxy localRank 3 -> connection 0x7f6ae4006f88
MOC-R4PCC04U05:359260:359597 [2] NCCL INFO New proxy recv connection 64 from local rank 2, transport 0
MOC-R4PCC04U05:359260:360031 [2] NCCL INFO Connected to proxy localRank 2 -> connection 0x7fece8006d30
MOC-R4PCC04U05:359258:359601 [0] NCCL INFO New proxy recv connection 76 from local rank 0, transport 0
MOC-R4PCC04U05:359258:360034 [0] NCCL INFO Connected to proxy localRank 0 -> connection 0x7f251c0072d0
MOC-R4PCC04U05:359259:359598 [1] NCCL INFO New proxy recv connection 69 from local rank 1, transport 0
MOC-R4PCC04U05:359259:360032 [1] NCCL INFO Connected to proxy localRank 1 -> connection 0x7f2664006f88
MOC-R4PCC04U05:359261:360033 [3] NCCL INFO Channel 04/0 : 3[3] -> 2[2] via P2P/CUMEM
MOC-R4PCC04U05:359261:359595 [3] NCCL INFO New proxy send connection 70 from local rank 3, transport 0
MOC-R4PCC04U05:359261:360033 [3] NCCL INFO Connected to proxy localRank 3 -> connection 0x7f6ae4007000
MOC-R4PCC04U05:359260:359597 [2] NCCL INFO New proxy recv connection 65 from local rank 2, transport 0
MOC-R4PCC04U05:359260:360031 [2] NCCL INFO Connected to proxy localRank 2 -> connection 0x7fece8006da8
MOC-R4PCC04U05:359261:360033 [3] NCCL INFO Channel 07/0 : 3[3] -> 2[2] via P2P/CUMEM
MOC-R4PCC04U05:359261:359595 [3] NCCL INFO New proxy send connection 71 from local rank 3, transport 0
MOC-R4PCC04U05:359261:360033 [3] NCCL INFO Connected to proxy localRank 3 -> connection 0x7f6ae4007078
MOC-R4PCC04U05:359260:359597 [2] NCCL INFO New proxy recv connection 66 from local rank 2, transport 0
MOC-R4PCC04U05:359259:359598 [1] NCCL INFO New proxy recv connection 70 from local rank 1, transport 0
MOC-R4PCC04U05:359260:360031 [2] NCCL INFO Connected to proxy localRank 2 -> connection 0x7fece8006e20
MOC-R4PCC04U05:359259:360032 [1] NCCL INFO Connected to proxy localRank 1 -> connection 0x7f2664007000
MOC-R4PCC04U05:359261:360033 [3] NCCL INFO Channel 08/0 : 3[3] -> 2[2] via P2P/CUMEM
MOC-R4PCC04U05:359261:359595 [3] NCCL INFO New proxy send connection 72 from local rank 3, transport 0
MOC-R4PCC04U05:359261:360033 [3] NCCL INFO Connected to proxy localRank 3 -> connection 0x7f6ae40070f0
MOC-R4PCC04U05:359260:359597 [2] NCCL INFO New proxy recv connection 67 from local rank 2, transport 0
MOC-R4PCC04U05:359260:360031 [2] NCCL INFO Connected to proxy localRank 2 -> connection 0x7fece8006e98
MOC-R4PCC04U05:359259:359598 [1] NCCL INFO New proxy recv connection 71 from local rank 1, transport 0
MOC-R4PCC04U05:359259:360032 [1] NCCL INFO Connected to proxy localRank 1 -> connection 0x7f2664007078
MOC-R4PCC04U05:359261:360033 [3] NCCL INFO Channel 12/0 : 3[3] -> 2[2] via P2P/CUMEM
MOC-R4PCC04U05:359261:359595 [3] NCCL INFO New proxy send connection 73 from local rank 3, transport 0
MOC-R4PCC04U05:359261:360033 [3] NCCL INFO Connected to proxy localRank 3 -> connection 0x7f6ae4007168
MOC-R4PCC04U05:359260:359597 [2] NCCL INFO New proxy recv connection 68 from local rank 2, transport 0
MOC-R4PCC04U05:359260:360031 [2] NCCL INFO Connected to proxy localRank 2 -> connection 0x7fece8006f10
MOC-R4PCC04U05:359259:359598 [1] NCCL INFO New proxy recv connection 72 from local rank 1, transport 0
MOC-R4PCC04U05:359259:360032 [1] NCCL INFO Connected to proxy localRank 1 -> connection 0x7f26640070f0
MOC-R4PCC04U05:359261:360033 [3] NCCL INFO Channel 15/0 : 3[3] -> 2[2] via P2P/CUMEM
MOC-R4PCC04U05:359261:359595 [3] NCCL INFO New proxy send connection 74 from local rank 3, transport 0
MOC-R4PCC04U05:359261:360033 [3] NCCL INFO Connected to proxy localRank 3 -> connection 0x7f6ae40071e0
MOC-R4PCC04U05:359260:360031 [2] NCCL INFO Channel 00/0 : 2[2] -> 1[1] via P2P/CUMEM
MOC-R4PCC04U05:359260:359597 [2] NCCL INFO New proxy send connection 69 from local rank 2, transport 0
MOC-R4PCC04U05:359260:360031 [2] NCCL INFO Connected to proxy localRank 2 -> connection 0x7fece8006f88
MOC-R4PCC04U05:359259:359598 [1] NCCL INFO New proxy recv connection 73 from local rank 1, transport 0
MOC-R4PCC04U05:359259:360032 [1] NCCL INFO Connected to proxy localRank 1 -> connection 0x7f2664007168
MOC-R4PCC04U05:359260:360031 [2] NCCL INFO Channel 01/0 : 2[2] -> 1[1] via P2P/CUMEM
MOC-R4PCC04U05:359260:359597 [2] NCCL INFO New proxy send connection 70 from local rank 2, transport 0
MOC-R4PCC04U05:359260:360031 [2] NCCL INFO Connected to proxy localRank 2 -> connection 0x7fece8007000
MOC-R4PCC04U05:359259:359598 [1] NCCL INFO New proxy recv connection 74 from local rank 1, transport 0
MOC-R4PCC04U05:359259:360032 [1] NCCL INFO Connected to proxy localRank 1 -> connection 0x7f26640071e0
MOC-R4PCC04U05:359260:360031 [2] NCCL INFO Channel 04/0 : 2[2] -> 1[1] via P2P/CUMEM
MOC-R4PCC04U05:359260:359597 [2] NCCL INFO New proxy send connection 71 from local rank 2, transport 0
MOC-R4PCC04U05:359260:360031 [2] NCCL INFO Connected to proxy localRank 2 -> connection 0x7fece8007078
MOC-R4PCC04U05:359259:359598 [1] NCCL INFO New proxy recv connection 75 from local rank 1, transport 0
MOC-R4PCC04U05:359259:360032 [1] NCCL INFO Connected to proxy localRank 1 -> connection 0x7f2664007258
MOC-R4PCC04U05:359260:360031 [2] NCCL INFO Channel 07/0 : 2[2] -> 1[1] via P2P/CUMEM
MOC-R4PCC04U05:359260:359597 [2] NCCL INFO New proxy send connection 72 from local rank 2, transport 0
MOC-R4PCC04U05:359260:360031 [2] NCCL INFO Connected to proxy localRank 2 -> connection 0x7fece80070f0
MOC-R4PCC04U05:359259:359598 [1] NCCL INFO New proxy recv connection 76 from local rank 1, transport 0
MOC-R4PCC04U05:359259:360032 [1] NCCL INFO Connected to proxy localRank 1 -> connection 0x7f26640072d0
MOC-R4PCC04U05:359260:360031 [2] NCCL INFO Channel 08/0 : 2[2] -> 1[1] via P2P/CUMEM
MOC-R4PCC04U05:359260:359597 [2] NCCL INFO New proxy send connection 73 from local rank 2, transport 0
MOC-R4PCC04U05:359260:360031 [2] NCCL INFO Connected to proxy localRank 2 -> connection 0x7fece8007168
MOC-R4PCC04U05:359259:360032 [1] NCCL INFO Channel 00/0 : 1[1] -> 0[0] via P2P/CUMEM
MOC-R4PCC04U05:359259:359598 [1] NCCL INFO New proxy send connection 77 from local rank 1, transport 0
MOC-R4PCC04U05:359260:360031 [2] NCCL INFO Channel 09/0 : 2[2] -> 1[1] via P2P/CUMEM
MOC-R4PCC04U05:359259:360032 [1] NCCL INFO Connected to proxy localRank 1 -> connection 0x7f2664007348
MOC-R4PCC04U05:359260:359597 [2] NCCL INFO New proxy send connection 74 from local rank 2, transport 0
MOC-R4PCC04U05:359260:360031 [2] NCCL INFO Connected to proxy localRank 2 -> connection 0x7fece80071e0
MOC-R4PCC04U05:359259:360032 [1] NCCL INFO Channel 08/0 : 1[1] -> 0[0] via P2P/CUMEM
MOC-R4PCC04U05:359260:360031 [2] NCCL INFO Channel 12/0 : 2[2] -> 1[1] via P2P/CUMEM
MOC-R4PCC04U05:359259:359598 [1] NCCL INFO New proxy send connection 78 from local rank 1, transport 0
MOC-R4PCC04U05:359259:360032 [1] NCCL INFO Connected to proxy localRank 1 -> connection 0x7f26640073c0
MOC-R4PCC04U05:359260:359597 [2] NCCL INFO New proxy send connection 75 from local rank 2, transport 0
MOC-R4PCC04U05:359260:360031 [2] NCCL INFO Connected to proxy localRank 2 -> connection 0x7fece8007258
MOC-R4PCC04U05:359260:360031 [2] NCCL INFO Channel 15/0 : 2[2] -> 1[1] via P2P/CUMEM
MOC-R4PCC04U05:359260:359597 [2] NCCL INFO New proxy send connection 76 from local rank 2, transport 0
MOC-R4PCC04U05:359260:360031 [2] NCCL INFO Connected to proxy localRank 2 -> connection 0x7fece80072d0
MOC-R4PCC04U05:359259:359598 [1] NCCL INFO NET/IB: NCCL Dev 4 IbDev 0 Port 1 qpn 1385 mtu 5 query_ece={supported=1, vendor_id=0x15b3, options=0x30000002, comp_mask=0x0} GID 5 (0/B93CA8C0FFFF0000) fifoRkey=0x17c07f fifoLkey=0x17c07f
MOC-R4PCC04U05:359261:359595 [3] NCCL INFO NET/IB: NCCL Dev 6 IbDev 2 Port 1 qpn 961 mtu 5 query_ece={supported=1, vendor_id=0x15b3, options=0x30000002, comp_mask=0x0} GID 3 (0/673CA8C0FFFF0000) fifoRkey=0x1731f1 fifoLkey=0x1731f1
MOC-R4PCC04U05:359261:359595 [3] NCCL INFO NET/IB: NCCL Dev 6 IbDev 2 Port 1 qpn 962 mtu 5 query_ece={supported=1, vendor_id=0x15b3, options=0x30000002, comp_mask=0x0} GID 3 (0/673CA8C0FFFF0000) fifoRkey=0x179756 fifoLkey=0x179756
MOC-R4PCC04U05:359261:359595 [3] NCCL INFO NET/IB: IbDev 2 Port 1 qpn 898 set_ece={supported=1, vendor_id=0x15b3, options=0x0, comp_mask=0x0}
MOC-R4PCC04U05:359261:359595 [3] NCCL INFO NET/IB: IbDev 2 Port 1 qpn 901 set_ece={supported=1, vendor_id=0x15b3, options=0x0, comp_mask=0x0}
MOC-R4PCC04U05:359260:359597 [2] NCCL INFO NET/IB: NCCL Dev 7 IbDev 3 Port 1 qpn 1553 mtu 5 query_ece={supported=1, vendor_id=0x15b3, options=0x30000002, comp_mask=0x0} GID 5 (0/6F3CA8C0FFFF0000) fifoRkey=0x177f3e fifoLkey=0x177f3e
MOC-R4PCC04U05:359259:359598 [1] NCCL INFO NET/IB: IbDev 0 Port 1 qpn 734 set_ece={supported=1, vendor_id=0x15b3, options=0x0, comp_mask=0x0}
MOC-R4PCC04U05:359260:359597 [2] NCCL INFO NET/IB: NCCL Dev 7 IbDev 3 Port 1 qpn 1554 mtu 5 query_ece={supported=1, vendor_id=0x15b3, options=0x30000002, comp_mask=0x0} GID 5 (0/6F3CA8C0FFFF0000) fifoRkey=0x17c787 fifoLkey=0x17c787
MOC-R4PCC04U05:359260:359597 [2] NCCL INFO NET/IB: NCCL Dev 7 IbDev 3 Port 1 qpn 1555 mtu 5 query_ece={supported=1, vendor_id=0x15b3, options=0x30000002, comp_mask=0x0} GID 5 (0/6F3CA8C0FFFF0000) fifoRkey=0x17a161 fifoLkey=0x17a161
MOC-R4PCC04U05:359259:359598 [1] NCCL INFO NET/IB: NCCL Dev 4 IbDev 0 Port 1 qpn 1386 mtu 5 query_ece={supported=1, vendor_id=0x15b3, options=0x30000002, comp_mask=0x0} GID 5 (0/B93CA8C0FFFF0000) fifoRkey=0x176221 fifoLkey=0x176221
MOC-R4PCC04U05:359261:359595 [3] NCCL INFO NET/IB: NCCL Dev 6 IbDev 2 Port 1 qpn 963 mtu 5 query_ece={supported=1, vendor_id=0x15b3, options=0x30000002, comp_mask=0x0} GID 3 (0/673CA8C0FFFF0000) fifoRkey=0x173bfb fifoLkey=0x173bfb
MOC-R4PCC04U05:359258:359601 [0] NCCL INFO NET/IB: NCCL Dev 5 IbDev 1 Port 1 qpn 966 mtu 5 query_ece={supported=1, vendor_id=0x15b3, options=0x30000002, comp_mask=0x0} GID 3 (0/BA3CA8C0FFFF0000) fifoRkey=0x1704c3 fifoLkey=0x1704c3
MOC-R4PCC04U05:359259:359598 [1] NCCL INFO NET/IB: IbDev 0 Port 1 qpn 736 set_ece={supported=1, vendor_id=0x15b3, options=0x0, comp_mask=0x0}
MOC-R4PCC04U05:359258:359601 [0] NCCL INFO NET/IB: NCCL Dev 5 IbDev 1 Port 1 qpn 967 mtu 5 query_ece={supported=1, vendor_id=0x15b3, options=0x30000002, comp_mask=0x0} GID 3 (0/BA3CA8C0FFFF0000) fifoRkey=0x179e55 fifoLkey=0x179e55
MOC-R4PCC04U05:359261:359595 [3] NCCL INFO NET/IB: NCCL Dev 6 IbDev 2 Port 1 qpn 966 mtu 5 query_ece={supported=1, vendor_id=0x15b3, options=0x30000002, comp_mask=0x0} GID 3 (0/673CA8C0FFFF0000) fifoRkey=0x177534 fifoLkey=0x177534
MOC-R4PCC04U05:359261:359595 [3] NCCL INFO NET/IB: IbDev 2 Port 1 qpn 334 set_ece={supported=1, vendor_id=0x15b3, options=0x0, comp_mask=0x0}
MOC-R4PCC04U05:359258:359601 [0] NCCL INFO NET/IB: NCCL Dev 5 IbDev 1 Port 1 qpn 968 mtu 5 query_ece={supported=1, vendor_id=0x15b3, options=0x30000002, comp_mask=0x0} GID 3 (0/BA3CA8C0FFFF0000) fifoRkey=0x17ebaa fifoLkey=0x17ebaa
MOC-R4PCC04U05:359258:359601 [0] NCCL INFO NET/IB: NCCL Dev 5 IbDev 1 Port 1 qpn 971 mtu 5 query_ece={supported=1, vendor_id=0x15b3, options=0x30000002, comp_mask=0x0} GID 3 (0/BA3CA8C0FFFF0000) fifoRkey=0x17d898 fifoLkey=0x17d898
MOC-R4PCC04U05:359258:359601 [0] NCCL INFO NET/IB: IbDev 1 Port 1 qpn 913 set_ece={supported=1, vendor_id=0x15b3, options=0x0, comp_mask=0x0}
MOC-R4PCC04U05:359260:359597 [2] NCCL INFO NET/IB: NCCL Dev 7 IbDev 3 Port 1 qpn 1558 mtu 5 query_ece={supported=1, vendor_id=0x15b3, options=0x30000002, comp_mask=0x0} GID 5 (0/6F3CA8C0FFFF0000) fifoRkey=0x178b4a fifoLkey=0x178b4a
MOC-R4PCC04U05:359261:359595 [3] NCCL INFO NET/IB: IbDev 2 Port 1 qpn 338 set_ece={supported=1, vendor_id=0x15b3, options=0x0, comp_mask=0x0}
MOC-R4PCC04U05:359260:359597 [2] NCCL INFO NET/IB: IbDev 3 Port 1 qpn 794 set_ece={supported=1, vendor_id=0x15b3, options=0x0, comp_mask=0x0}
MOC-R4PCC04U05:359258:359601 [0] NCCL INFO NET/IB: IbDev 1 Port 1 qpn 915 set_ece={supported=1, vendor_id=0x15b3, options=0x0, comp_mask=0x0}
MOC-R4PCC04U05:359260:359597 [2] NCCL INFO NET/IB: IbDev 3 Port 1 qpn 326 set_ece={supported=1, vendor_id=0x15b3, options=0x0, comp_mask=0x0}
MOC-R4PCC04U05:359259:359598 [1] NCCL INFO NET/IB: NCCL Dev 4 IbDev 0 Port 1 qpn 1387 mtu 5 query_ece={supported=1, vendor_id=0x15b3, options=0x30000002, comp_mask=0x0} GID 5 (0/B93CA8C0FFFF0000) fifoRkey=0x17e3a2 fifoLkey=0x17e3a2
MOC-R4PCC04U05:359258:359601 [0] NCCL INFO NET/IB: IbDev 1 Port 1 qpn 334 set_ece={supported=1, vendor_id=0x15b3, options=0x0, comp_mask=0x0}
MOC-R4PCC04U05:359260:359597 [2] NCCL INFO NET/IB: IbDev 3 Port 1 qpn 335 set_ece={supported=1, vendor_id=0x15b3, options=0x0, comp_mask=0x0}
MOC-R4PCC04U05:359259:359598 [1] NCCL INFO NET/IB: IbDev 0 Port 1 qpn 324 set_ece={supported=1, vendor_id=0x15b3, options=0x0, comp_mask=0x0}
MOC-R4PCC04U05:359259:359598 [1] NCCL INFO NET/IB: NCCL Dev 4 IbDev 0 Port 1 qpn 1390 mtu 5 query_ece={supported=1, vendor_id=0x15b3, options=0x30000002, comp_mask=0x0} GID 5 (0/B93CA8C0FFFF0000) fifoRkey=0x17f8b7 fifoLkey=0x17f8b7
MOC-R4PCC04U05:359260:359597 [2] NCCL INFO NET/IB: IbDev 3 Port 1 qpn 796 set_ece={supported=1, vendor_id=0x15b3, options=0x0, comp_mask=0x0}
MOC-R4PCC04U05:359258:359601 [0] NCCL INFO NET/IB: IbDev 1 Port 1 qpn 338 set_ece={supported=1, vendor_id=0x15b3, options=0x0, comp_mask=0x0}
MOC-R4PCC04U05:359259:359598 [1] NCCL INFO NET/IB: IbDev 0 Port 1 qpn 327 set_ece={supported=1, vendor_id=0x15b3, options=0x0, comp_mask=0x0}
MOC-R4PCC04U05:359258:360034 [0] NCCL INFO Connected all trees
MOC-R4PCC04U05:359261:360033 [3] NCCL INFO Connected all trees
MOC-R4PCC04U05:359260:360031 [2] NCCL INFO Connected all trees
MOC-R4PCC04U05:359259:360032 [1] NCCL INFO Connected all trees
step    1/10 | train loss 11.010095 | norm 15.4736 | lr 1.00e-04 | (58452.68 ms | 17939 tok/s)
step    2/10 | train loss 10.132350 | norm 5.7713 | lr 1.00e-04 | (569.29 ms | 1841904 tok/s)
step    3/10 | train loss 9.790421 | norm 2.6207 | lr 1.00e-04 | (196.47 ms | 5337182 tok/s)
step    4/10 | train loss 9.620091 | norm 2.1209 | lr 1.00e-04 | (200.22 ms | 5237123 tok/s)
step    5/10 | train loss 9.536894 | norm 2.1163 | lr 1.00e-04 | (192.63 ms | 5443396 tok/s)
step    6/10 | train loss 9.455263 | norm 2.0053 | lr 1.00e-04 | (195.13 ms | 5373839 tok/s)
step    7/10 | train loss 9.369596 | norm 1.9544 | lr 1.00e-04 | (195.81 ms | 5355164 tok/s)
step    8/10 | train loss 9.277901 | norm 1.9223 | lr 1.00e-04 | (195.30 ms | 5368965 tok/s)
step    9/10 | train loss 9.182264 | norm 1.8716 | lr 1.00e-04 | (195.26 ms | 5370145 tok/s)
step   10/10 | train loss 9.094435 | norm 1.7971 | lr 1.00e-04 | (200.44 ms | 5231491 tok/s)
final 9 iters avg: 237.838ms
peak memory consumption: 16121 MiB
MOC-R4PCC04U05:359258:360043 [0] NCCL INFO comm 0x55e10db9b3c0 rank 0 nranks 32 cudaDev 0 busId 6000 - Destroy COMPLETE
MOC-R4PCC04U05:359260:360041 [2] NCCL INFO comm 0x55cadd8d4820 rank 2 nranks 32 cudaDev 2 busId a6000 - Destroy COMPLETE
MOC-R4PCC04U05:359259:360042 [1] NCCL INFO comm 0x563439218600 rank 1 nranks 32 cudaDev 1 busId 26000 - Destroy COMPLETE
MOC-R4PCC04U05:359261:360044 [3] NCCL INFO comm 0x562addbad950 rank 3 nranks 32 cudaDev 3 busId c6000 - Destroy COMPLETE
=======Writing end time =======
Tue Jul 22 18:17:24 UTC 2025
=======Writing nstate post data=======
#kernel
IpInReceives                    39225              0.0
IpInDelivers                    39224              0.0
IpOutRequests                   35056              0.0
IpOutTransmits                  35056              0.0
IcmpInMsgs                      1                  0.0
IcmpInEchos                     1                  0.0
IcmpOutMsgs                     2                  0.0
IcmpOutDestUnreachs             1                  0.0
IcmpOutEchoReps                 1                  0.0
IcmpMsgInType8                  1                  0.0
IcmpMsgOutType0                 1                  0.0
IcmpMsgOutType3                 1                  0.0
TcpActiveOpens                  246                0.0
TcpPassiveOpens                 329                0.0
TcpInSegs                       39221              0.0
TcpOutSegs                      35610              0.0
TcpRetransSegs                  13                 0.0
TcpOutRsts                      20                 0.0
UdpInDatagrams                  1                  0.0
UdpNoPorts                      1                  0.0
UdpOutDatagrams                 3                  0.0
Ip6OutRequests                  1                  0.0
Ip6OutMcastPkts                 1                  0.0
Ip6OutOctets                    48                 0.0
Ip6OutMcastOctets               48                 0.0
Ip6OutTransmits                 1                  0.0
Icmp6OutMsgs                    1                  0.0
Icmp6OutRouterSolicits          1                  0.0
Icmp6OutType133                 1                  0.0
TcpExtTW                        193                0.0
TcpExtPAWSEstab                 2                  0.0
TcpExtDelayedACKs               274                0.0
TcpExtDelayedACKLocked          1                  0.0
TcpExtDelayedACKLost            1                  0.0
TcpExtTCPHPHits                 3996               0.0
TcpExtTCPPureAcks               2793               0.0
TcpExtTCPHPAcks                 11568              0.0
TcpExtTCPSackRecovery           2                  0.0
TcpExtTCPLossUndo               1                  0.0
TcpExtTCPFastRetrans            4                  0.0
TcpExtTCPTimeouts               1                  0.0
TcpExtTCPLossProbes             8                  0.0
TcpExtTCPBacklogCoalesce        196                0.0
TcpExtTCPDSACKOldSent           1                  0.0
TcpExtTCPDSACKRecv              6                  0.0
TcpExtTCPAbortOnData            1                  0.0
TcpExtTCPDSACKIgnoredNoUndo     4                  0.0
TcpExtTCPSackShifted            5                  0.0
TcpExtTCPSackMerged             18                 0.0
TcpExtTCPSackShiftFallback      75                 0.0
TcpExtIPReversePathFilter       1                  0.0
TcpExtTCPRcvCoalesce            2132               0.0
TcpExtTCPAutoCorking            492                0.0
TcpExtTCPWantZeroWindowAdv      3                  0.0
TcpExtTCPOrigDataSent           21344              0.0
TcpExtTCPHystartTrainDetect     10                 0.0
TcpExtTCPHystartTrainCwnd       218                0.0
TcpExtTCPACKSkippedPAWS         2                  0.0
TcpExtTCPACKSkippedSeq          3                  0.0
TcpExtTCPKeepAlive              7                  0.0
TcpExtTCPDelivered              21596              0.0
TcpExtTcpTimeoutRehash          1                  0.0
TcpExtTCPDSACKRecvSegs          6                  0.0
IpExtInOctets                   36956625           0.0
IpExtOutOctets                  37307128           0.0
IpExtInNoECTPkts                39225              0.0
Tue Jul 22 18:17:24 UTC 2025
