mocr4pcc02u16:129:129 [3] NCCL INFO cudaDriverVersion 12080
mocr4pcc02u16:129:129 [3] NCCL INFO NCCL_SOCKET_IFNAME set by environment to eno6np0
mocr4pcc02u16:129:129 [3] NCCL INFO NCCL_SOCKET_IFNAME set to eno6np0
mocr4pcc02u16:129:129 [3] NCCL INFO Bootstrap: Using eno6np0:192.168.90.100<0>
mocr4pcc02u16:129:129 [3] NCCL INFO NCCL version 2.26.2+cuda12.2
mocr4pcc02u16:129:129 [3] NCCL INFO init.cc:1670 Cuda Host Alloc Size 4 pointer 0x7fbe07400000
mocr4pcc02u16:129:129 [3] NCCL INFO Comm config Blocking set to 1
mocr4pcc02u16:129:158 [3] NCCL INFO NET/Plugin: Could not find: libnccl-net.so. Using internal net plugin.
mocr4pcc02u16:129:158 [3] NCCL INFO NCCL_IB_DISABLE set by environment to 0.
mocr4pcc02u16:129:158 [3] NCCL INFO NCCL_SOCKET_IFNAME set by environment to eno6np0
mocr4pcc02u16:129:158 [3] NCCL INFO NCCL_IB_HCA set to mlx5_2
mocr4pcc02u16:129:158 [3] NCCL INFO NET/IB : Made virtual device [0] name=mlx5_2 speed=400000 ndevs=1
mocr4pcc02u16:129:158 [3] NCCL INFO NET/IB : Using [0]mlx5_2:1/RoCE [RO]; OOB eno6np0:192.168.90.100<0>
mocr4pcc02u16:129:158 [3] NCCL INFO PROFILER/Plugin: Could not find: libnccl-profiler.so. 
mocr4pcc02u16:129:158 [3] NCCL INFO Using network IB
mocr4pcc02u16:127:157 [1] NCCL INFO NCCL_DMABUF_ENABLE set by environment to 0.
mocr4pcc02u16:127:157 [1] NCCL INFO ncclCommInitRankConfig comm 0x5643eb1385f0 rank 1 nranks 8 cudaDev 1 nvmlDev 1 busId 26000 commId 0x27252d24c8ba35ba - Init STARTmocr4pcc02u16:126:155 [0] NCCL INFO RAS network listening socket at 192.168.90.100<58385>
mocr4pcc02u16:126:155 [0] NCCL INFO RAS client listening socket at ::1<28028>
mocr4pcc02u16:126:155 [0] NCCL INFO Mem Realloc old size 0, new size 256 pointer 0x559e5e137f50
mocr4pcc02u16:126:170 [0] NCCL INFO RAS thread started
mocr4pcc02u16:126:170 [0] NCCL INFO Mem Realloc old size 0, new size 32 pointer 0x7f2c3c004e10
mmocr4pcc02u16:128:156 [2] NCCL INFO Bootstrap timings total 0.055680 (create 0.000130, send 0.000307, recv 0.003073, ring 0.047562, delay 0.000001)mmocr4pcc02u16:128:167 [0] NCCL INFO RAS handling local addRanks request (old nRasPeers 0)mmocr4pcc02u16:128:167 [0] NCCL INFO RAS finished local processing of addRanks request (new nRasPeers 8, nRankPeers 8)
mocr4pcc02u16:128:167 [0] NCCL INFO RAS link 1: opening new primary connection with 192.168.90.101<44987>mmocr4pcc02u16:128:167 [0] NCCL INFO RAS link -1: calculated deferred primary connection with 192.168.90.100<58385>
mocr4pcc02u16:128:167 [0] NCCL INFO Mem Realloc old size 32, new size 64 pointer 0x7efe780054d0
mocr4pcc02u16:128:167 [0] NCCL INFO RAS new incoming socket connection from 192.168.90.100<42950>
mocr4pcc02u16:128:167 [0] NCCL INFO RAS handling connInit from 192.168.90.100<42950> (version 22602, listeningAddr 192.168.90.100<58385>, peersHash 0xe34019ebbdba7cc8, deadPeersHash 0x0)mmocr4pcc02u16:128:167 [0] NCCL INFO RAS handling connInitAck from 192.168.90.101<44987> (nack 0)
mocr4pcc02u16:128:167 [0] NCCL INFO RAS established connection with 192.168.90.101<44987> (sendQ empty, experiencingDelays 0, startRetryTime 0.00s)mocr4pcc02u16:126:155 [0] NCCL INFO TOPO/NET : Importing network plugins to topology
mocr4pcc02u16:126:155 [0] NCCL INFO Retrieving state for IB
mocr4pcc02u16:126:155 [0] NCCL INFO Initialized state 0 for IB
mocr4pcc02u16:126:155 [0] NCCL INFO NET/IB : GPU Direct RDMA Disabled for HCA 0 'mlx5_2'
mocr4pcc02u16:126:155 [0] NCCL INFO ncclTopoPopulateNics : Filled mlx5_2 in topo with pciPath=/sys/devices/pci0000:20/0000:20:01.1/0000:21:00.0/0000:22:00.0/0000:23:00.0 keep=1 coll=(null)
mocr4pcc02u16:126:155 [0] NCCL INFO NET/IB : Made virtual device [1] name=mlx5_2 speed=400000 ndevs=1
mocr4pcc02u16:126:155 [0] NCCL INFO TOPO/NET : Made vNic 1
mocr4pcc02u16:126:155 [0] NCCL INFO NET/IB : GPU Direct RDMA Disabled for HCA 0 'mlx5_2'
mocr4pcc02u16:126:155 [0] NCCL INFO ncclTopoPopulateNics : Filled mlx5_2 in topo with pciPath=/sys/devices/pci0000:20/0000:20:01.1/0000:21:00.0/0000:22:00.0/0000:23:00.0 keep=0 coll=(null)
mocr4pcc02u16:126:155 [0] NCCL INFO NET/IB : GPU Direct RDMA Disabled for HCA 1 'mlx5_2'
mocr4pcc02u16:126:155 [0] NCCL INFO ncclTopoPopulateNics : Filled mlx5_2 in topo with pciPath=/sys/devices/pci0000:20/0000:20:01.1/0000:21:00.0/0000:22:00.0/0000:23:00.0 keep=1 coll=(null)
mmocr4pcc02u16:127:157 [1] NCCL INFO === System : maxBw 48.0 totalBw 370.8 ===
mocr4pcc02u16:127:157 [1] NCCL INFO CPU/0-0 (1/2/-1)
mocr4pcc02u16:127:157 [1] NCCL INFO + PCI[48.0] - PCI/0-1000 (15b3197900000000)
mocr4pcc02u16:127:157 [1] NCCL INFO               + PCI[48.0] - PCI/0-4000 (15b3197900000000)
mocr4pcc02u16:127:157 [1] NCCL INFO                             + PCI[48.0] - GPU/0-6000 (0)
mocr4pcc02u16:127:157 [1] NCCL INFO                                           + NVL[123.6] - GPU/0-26000
mocr4pcc02u16:127:157 [1] NCCL INFO                                           + NVL[123.6] - GPU/0-a6000
mocr4pcc02u16:127:157 [1] NCCL INFO                                           + NVL[123.6] - GPU/0-c6000
mocr4pcc02u16:127:157 [1] NCCL INFO + PCI[48.0] - PCI/0-21000 (15b3197900000000)
mocr4pcc02u16:127:157 [1] NCCL INFO               + PCI[48.0] - NIC/0-23000
mocr4pcc02u16:127:157 [1] NCCL INFO                             + NET[50.0] - NET/0-1 (0/d8c0270003c288a0/1/50.000000)
mocr4pcc02u16:127:157 [1] NCCL INFO               + PCI[48.0] - PCI/0-24000 (15b3197900000000)
mocr4pcc02u16:127:157 [1] NCCL INFO                             + PCI[48.0] - GPU/0-26000 (1)
mocr4pcc02u16:127:157 [1] NCCL INFO                                           + NVL[123.6] - GPU/0-6000
mocr4pcc02u16:127:157 [1] NCCL INFO                                           + NVL[123.6] - GPU/0-c6000
mocr4pcc02u16:127:157 [1] NCCL INFO                                           + NVL[123.6] - GPU/0-a6000
mocr4pcc02u16:127:157 [1] NCCL INFO + SYS[16.0] - CPU/0-1
mocr4pcc02u16:127:157 [1] NCCL INFO CPU/0-1 (1/2/-1)
mocr4pcc02u16:127:157 [1] NCCL INFO + PCI[48.0] - PCI/0-a1000 (15b3197900000000)
mocr4pcc02u16:127:157 [1] NCCL INFO               + PCI[48.0] - PCI/0-a4000 (15b3197900000000)
mocr4pcc02u16:127:157 [1] NCCL INFO                             + PCI[48.0] - GPU/0-a6000 (2)
mocr4pcc02u16:127:157 [1] NCCL INFO                                           + NVL[123.6] - GPU/0-26000
mocr4pcc02u16:127:157 [1] NCCL INFO                                           + NVL[123.6] - GPU/0-6000
mocr4pcc02u16:127:157 [1] NCCL INFO                                           + NVL[123.6] - GPU/0-c6000
mocr4pcc02u16:127:157 [1] NCCL INFO + PCI[48.0] - PCI/0-c1000 (15b3197900000000)
mocr4pcc02u16:127:157 [1] NCCL INFO               + PCI[48.0] - PCI/0-c4000 (15b3197900000000)
mocr4pcc02u16:127:157 [1] NCCL INFO                             + PCI[48.0] - GPU/0-c6000 (3)
mocr4pcc02u16:127:157 [1] NCCL INFO                                           + NVL[123.6] - GPU/0-6000
mocr4pcc02u16:127:157 [1] NCCL INFO                                           + NVL[123.6] - GPU/0-26000
mocr4pcc02u16:127:157 [1] NCCL INFO                                           + NVL[123.6] - GPU/0-a6000
mocr4pcc02u16:127:157 [1] NCCL INFO + SYS[16.0] - CPU/0-0
mocr4pcc02u16:127:157 [1] NCCL INFO ==========================================
mocr4pcc02u16:127:157 [1] NCCL INFO GPU/0-6000 :GPU/0-6000 (0/5000.0/LOC) GPU/0-26000 (1/123.6/NVL) GPU/0-a6000 (1/123.6/NVL) GPU/0-c6000 (1/123.6/NVL) CPU/0-0 (3/48.0/PHB) CPU/0-1 (4/16.0/SYS) NET/0-1 (6/48.0/PHB) 
mocr4pcc02u16:127:157 [1] NCCL INFO GPU/0-26000 :GPU/0-6000 (1/123.6/NVL) GPU/0-26000 (0/5000.0/LOC) GPU/0-a6000 (1/123.6/NVL) GPU/0-c6000 (1/123.6/NVL) CPU/0-0 (3/48.0/PHB) CPU/0-1 (4/16.0/SYS) NET/0-1 (6/48.0/PHB) 
mocr4pcc02u16:127:157 [1] NCCL INFO GPU/0-a6000 :GPU/0-6000 (1/123.6/NVL) GPU/0-26000 (1/123.6/NVL) GPU/0-a6000 (0/5000.0/LOC) GPU/0-c6000 (1/123.6/NVL) CPU/0-0 (4/16.0/SYS) CPU/0-1 (3/48.0/PHB) NET/0-1 (7/16.0/SYS) 
mocr4pcc02u16:127:157 [1] NCCL INFO GPU/0-c6000 :GPU/0-6000 (1/123.6/NVL) GPU/0-26000 (1/123.6/NVL) GPU/0-a6000 (1/123.6/NVL) GPU/0-c6000 (0/5000.0/LOC) CPU/0-0 (4/16.0/SYS) CPU/0-1 (3/48.0/PHB) NET/0-1 (7/16.0/SYS) 
mocr4pcc02u16:127:157 [1] NCCL INFO NET/0-1 :GPU/0-6000 (6/48.0/PHB) GPU/0-26000 (6/48.0/PHB) GPU/0-a6000 (7/16.0/SYS) GPU/0-c6000 (7/16.0/SYS) CPU/0-0 (3/48.0/PHB) CPU/0-1 (4/16.0/SYS) NET/0-1 (0/5000.0/LOC) 
mocr4pcc02u16:127:157 [1] NCCL INFO Setting affinity for GPU 1 to ffffffff,ffffffff,ffffffff,ffffffff,00000000,00000000,00000000,00000000,ffffffff,ffffffff,ffffffff,ffffffff
mocr4pcc02u16:127:157 [1] NCCL INFO NVLS multicast support is not available on dev 1
mocr4pcc02u16:127:157 [1] NCCL INFO Pattern 4, crossNic 0, nChannels 2, bw 15.000000/15.000000, type NVL/PHB, sameChannels 0
mocr4pcc02u16:127:157 [1] NCCL INFO  0 : NET/0-1 GPU/0 GPU/3 GPU/2 GPU/1 NET/0-1
mocr4pcc02u16:127:157 [1] NCCL INFO  1 : NET/0-1 GPU/1 GPU/3 GPU/2 GPU/0 NET/0-1
mocr4pcc02u16:127:157 [1] NCCL INFO Pattern 3, crossNic 0, nChannels 2, bw 48.000000/24.000000, type NVL/PHB, sameChannels 1
mocr4pcc02u16:127:157 [1] NCCL INFO  0 : NET/0-1 GPU/0 GPU/1 GPU/2 GPU/3 NET/0-1
mocr4pcc02u16:127:157 [1] NCCL INFO  1 : NET/0-1 GPU/0 GPU/1 GPU/2 GPU/3 NET/0-1mmocr4pcc02u16:127:157 [1] NCCL INFO mocr4pcc02u16:128:156 [2] NCCL INFO comm 0x55a3bfec2360 rank 2 nRanks 8 nNodemmocr4pcc02u16:127:157 [1] NCCL INFO Ring 00 : 2 -> 1 -> 4
mocr4pcc02u16:127:157 [1] NCCL INFO Ring 01 : 4 -> 1 -> 3
mocr4pcc02u16:127:157 [1] NCCL INFO Ring 02 : 2 -> 1 -> 4
mocr4pcc02u16:127:157 [1] NCCL INFO Ring 03 : 4 -> 1 -> 3
mocr4pcc02u16:127:157 [1] NCCL INFO Trees [0] 2/-1/-1->1->0 [1] 2/-1/-1->1->0 [2] 2/-1/-1->1->0 [3] 2/-1/-1->1->0
mocr4pcc02u16:127:157 [1] NCCL INFO P2P Chunksize set to 131072
mocr4pcc02u16:127:157 [1] NCCL INFO UDS: Creating service thread comm 0x5643eb1385f0 rank 1
mocr4pcc02u16:127:157 [1] NCCL INFO misc/utils.cc:233 memory stack hunk malloc(65536)
mocr4pcc02u16:127:175 [1] NCCL INFO [Proxy Service] Device 1 CPU core 12
mocr4pcc02u16:127:177 [1] NCCL INFO [Proxy Service UDS] Device 1 CPU core 39
mocr4pcc02u16:127:157 [1] NCCL INFO channel.cc:42 Cuda Alloc Size 4864 pointer 0x7fccfbe00000
mocr4pcc02u16:127:157 [1] NCCL INFO channel.cc:45 Cuda Alloc Size 104 pointer 0x7fcd3de00000
mocr4pcc02u16:127:157 [1] NCCL INFO channel.cc:56 Cuda Alloc Size 32 pointer 0x7fcd4d400000
mocr4pcc02u16:127:157 [1] NCCL INFO channel.cc:42 Cuda Alloc Size 4864 pointer 0x7fcd4d600000
mocr4pcc02u16:127:157 [1] NCCL INFO chmocr4pcc02u16:128:156 [2] NCCL INFO channel.cc:45 Cuda Alloc Size 104 pointer 0x7efe55800000
mocr4pcc02u16:128:156 [2] NCCL INFO channel.cc:56 Cuda Alloc Size 32 pointer 0x7efe55a00000
mocr4pcc02u16:128:156 [2] NCCL INFO channel.cc:42 Cuda Alloc Size 4864 pointer 0x7efe55c00000
mocr4pcc02u16:128:156 [2] NCCL INFO channel.cc:45 Cuda Alloc Size 104 pointer 0x7efe55e00000
mocr4pcc02u16:128:156 [2] NCCL INFO channel.cc:56 Cuda Alloc Size 32 pointer 0x7efe57400000
mocr4pcc02u16:128:156 [2] NCCL INFO channel.cc:42 Cuda Alloc Size 4864 pointer 0x7efe57600000
mocr4pcc02u16:128:156 [2] NCCL INFO channel.cc:45 Cuda Alloc Size 104 pointer 0x7efe57800000
mocr4pcc02u16:128:156 [2] NCCL INFO channel.cc:56 Cuda Alloc Size 32 pointer 0x7efe57a00000
mocr4pcc02u16:128:156 [2] NCCL INFO threadThresholds 8/8/64 | 64/8/64 | 512 | 512
mocr4pcc02u16:128:156 [2] NCCL INFO 4 coll channels, 4 collnet channels, 0 nvls channels, 4 p2p channels, 2 p2p channels per peer
mocr4pcc02u16:128:156 [2] NCCL INFO init.cc:436 Cuda Alloc Size 23648 pointer 0x7efe57c00000
mocr4pcc02u16:128:156 [2] NCCL INFO init.cc:438 Cuda Alloc Size 32 pointer 0x7efe57e00000
mocr4pcc02u16:128:156 [2] NCCL INFO init.cc:480 Cuda Host Alloc Size 1048576 pointer 0x7efe4d400200
mocr4pcc02u16:128:156 [2] NCCL INFO init.cc:485 Cuda Host Alloc Size 256 pointer 0x7efe4d500200
mocr4pcc02u16:128:156 [2] NCCL INFO init.cc:492 Cuda Host Alloc Size 512 pointer 0x7efe4d500400
mocr4pcc02u16:128:156 [2] NCCL INFO init.cc:493 Cuda Host mocr4pcc02u16:127:157 [1] NCCL INFO TUNER/Plugin: Could not find: libnccl-tuner.so. Using internal tuner plugin.
mocr4pcc02u16:127:157 [1] NCCL INFO ncclCommInitRankConfig comm 0x5643eb1385f0 rank 1 nranks 8 cudaDev 1 nvmlDev 1 busId 26000 commId 0x27252d24c8ba35ba - Init COMPLETE
mocr4pcc02u16:127:157 [1] NCCL INFO Init timings - ncclCommInitRankConfig: rank 1 nranks 8 total 2.93 (kernels 0.31, alloc 2.44, bootstrap 0.05, allgathers 0.00, topo 0.08, graphs 0.00, connections 0.04, rest 0.01)
mocr4pcc02u16:127:127 [1] NCCL INFO AllGather: opCount 0 sendbuff 0x7fcd35476800 recvbuff 0x7fcd35477a00 count 1 datatype 4 op 0 root 0 comm 0x5643eb1385f0 [nranks=8] stream 0x5643e91da3b0
mocr4pcc02u16:127:127 [1] NCCL INFO misc/utils.cc:233 memory stack hunk malloc(65536)
mocr4pcc02u16:127:183 [1] NCCL INFO Channel 01/0 : 1[1] -> 3[3] via P2P/CUMEM
mocr4pcc02u16:127:175 [1] NCCL INFO Mem Realloc old size 0, new size 8 pointer 0x7fcd68004f20
mocr4pcc02u16:127:175 [1] NCCL INFO New proxy send connection 0 from local rank 1, transport 0
mocr4pcc02u16:127:175 [1] NCCL INFO proxyProgressAsync opId=0x7fccfef91290 op.type=1 op.reqBuff=0x7fcd68004ee0 op.respSize=16 done
mocr4pcc02u16:127:183 [1] NCCL INFO ncclPollProxyResponse Received new opId=0x7fccfef91290
mocr4pcc02u16:127:183 [1] NCCL INFO resp.opId=0x7fccfef91290 matches expected opId=0x7fccfef91290
mocr4pcc02u16:127:183 [1] NCCL INFO Connected to proxy localRank 1 -> connection 0x7fcd68004f40
mocr4pcc02u16:127:175 [1] NCCL INFO Received and initiated operation=Init res=0
mocr4pcc02u16:127:175 [1] NCCL INFO Allocated shareable buffer 0x7fcd59800000 size 2097152 ipcDesc 0x7fcd68008b80
mocr4pcc02u16:127:175 [1] NCCL INFO proxyProgressAsync opId=0x7fccfef91290 op.type=3 op.reqBuff=0x7fcd68008b50 op.respSize=88 done
mocr4pcc02u16:127:183 [1] NCCL INFO ncclPollProxyResponse Received new opId=0x7fccfef91290
mocr4pcc02u16:127:175 [1] NCCL INFO Received and initiated operation=Setup res=0
mocr4pcc02u16:127:183 [1] NCCL INFO resp.opId=0x7fccfef91290 matches expected opId=0x7fccfef91290
mocr4pcc02u16:127:183 [1] NCCL INFO Channel 03/0 : 1[1] -> 3[3] via P2P/CUMEM
mocr4pcc02u16:127:175 [1] NCCL INFO New proxy send connection 1 from local rank 1, transport 0
mocr4pcc02u16:127:175 [1] NCCL INFO proxyProgressAsync opId=0x7fccfef91290 op.type=1 op.reqBuff=0x7fcd6800a4d0 op.respSize=16 done
mocr4pcc02u16:127:183 [1] NCCL INFO ncclPollProxyResponse Received new opId=0x7fccfef91290
mocr4pcc02u16:127:175 [1] NCCL INFO Received and initiated operation=Init res=0
mocr4pcc02u16:127:183 [1] NCCL INFO resp.opId=0x7fccfef91290 matches expected opId=0x7fccfef91290
mocr4pcc02u16:127:183 [1] NCCL INFO Connected to proxy localRank 1 -> connection 0x7fcd68004fb8
mocr4pcc02u16:127:175 [1] NCCL INFO Allocated shareable buffer 0x7fcd59a00000 size 2097152 ipcDesc 0x7fcd6800a540
mocr4pcc02u16:127:175 [1] NCCL INFO proxyProgressAsync opId=0x7fccfef91290 op.type=3 op.reqBuff=0x7fcd6800a510 op.respSize=88 done
mocr4pcc02u16:127:183 [1] NCCL INFO ncclPollProxyResponse Received new opId=0x7fccfef91290
mocr4pcc02u16:127:175 [1] NCCL INFO Received and initiated operation=Setup res=0
mocr4pcc02u16:127:183 [1] NCCL INFO resp.opId=0x7fccfef91290 matches expected opId=0x7fccfef91290
mocr4pcc02u16:127:175 [1] NCCL INFO Allocated 33030532 bytes of shared memory in /dev/shm/nccl-wdrNcb
mocr4pcc02u16:127:175 [1] NCCL INFO New proxy send connection 2 from local rank 1, transport 2
mocr4pcc02u16:127:175 [1] NCCL INFO proxyProgressAsync opId=0x7fccfef91290 op.type=1 op.reqBuff=0x7fcd6800bc50 op.respSize=16 done
mocr4pcc02u16:127:183 [1] NCCL INFO ncclPollProxyResponse Received new opId=0x7fccfef91290
mocr4pcc02u16:127:175 [1] NCCL INFO Received and initiated operation=Init res=0
mocr4pcc02u16:127:183 [1] NCCL INFO resp.opId=0x7fccfef91290 matches expected opId=0x7fccfef91290
mocr4pcc02u16:127:183 [1] NCCL INFO Connected to proxy localRank 1 -> connection 0x7fcd68005030
mocr4pcc02u16:127:184 [1] NCCL INFO [Proxy Progress] Device 1 CPU core 45
mocr4pcc02u16:127:175 [1] NCCL INFO proxyProgressAsync opId=0x7fccfef91290 op.type=3 op.reqBuff=0x7fcd6800bf70 op.respSize=0 done
mocr4pcc02u16:127:175 [1] NCCL INFO Received and initiated operation=Setup res=0
mocr4pcc02u16:127:183 [1] NCCL INFO ncclPollProxyResponse Received new opId=0x7fccfef91290
mocr4pcc02u16:127:183 [1] NCCL INFO resp.opId=0x7fccfef91290 matches expected opId=0x7fccfef91290
mocr4pcc02u16:127:183 [1] NCCL INFO Channel 00/0 : 1[1] -> 4[0] [send] via NET/IB/1
mocr4pcc02u16:127:175 [1] NCCL INFO New proxy send connection 3 from local rank 1, transport 2
mocr4pcc02u16:127:175 [1] NCCL INFO proxyProgressAsync opId=0x7fccfef91290 op.type=1 op.reqBuff=0x7fcd6800c5e0 op.respSize=16 done
mocr4pcc02u16:127:183 [1] NCCL INFO ncclPollProxyResponse Received new opId=0x7fccfef91290
mocr4pcc02u16:127:175 [1] NCCL INFO Received and initiated operation=Init res=0
mocr4pcc02u16:127:183 [1] NCCL INFO resp.opId=0x7fccfef91290 matches expected opId=0x7fccfef91290
mocr4pcc02u16:127:183 [1] NCCL INFO Connected to proxy localRank 1 -> connection 0x7fcd680050a8
mocr4pcc02u16:127:175 [1] NCCL INFO proxyProgressAsync opId=0x7fccfef91290 op.type=3 op.reqBuff=0x7fcd6800c620 op.respSize=0 done
mocr4pcc02u16:127:175 [1] NCCL INFO Received and initiated operation=Setup res=0
mocr4pcc02u16:127:183 [1] NCCL INFO ncclPollProxyResponse Received new opId=0x7fccfef91290
mocr4pcc02u16:127:183 [1] NCCL INFO resp.opId=0x7fccfef91290 matches expected opId=0x7fccfef91290
mocr4pcc02u16:127:183 [1] NCCL INFO Channel 02/0 : 1[1] -> 4[0] [send] via NET/IB/1
mocr4pcc02u16:127:175 [1] NCCL INFO New proxy recv connection 4 from local rank 1, transport 2
mocr4pcc02u16:127:175 [1] NCCL INFO proxyProgressAsync opId=0x7fccfef91290 op.type=1 op.reqBuff=0x7fcd6800c5e0 op.respSize=16 done
mocr4pcc02u16:127:183 [1] NCCL INFO ncclPollProxyResponse Received new opId=0x7fccfef91290
mocr4pcc02u16:127:175 [1] NCCL INFO Received and initiated operation=Init res=0
mocr4pcc02u16:127:183 [1] NCCL INFO resp.opId=0x7fccfef91290 matches expected opId=0x7fccfef91290
mocr4pcc02u16:127:183 [1] NCCL INFO Connected to proxy localRank 1 -> connection 0x7fcd68005120
mocr4pcc02u16:127:175 [1] NCCL INFO proxyProgressAsync opId=0x7fccfef91290 op.type=3 op.reqBuff=0x7fcd6800cc90 op.respSize=128 done
mocr4pcc02u16:127:183 [1] NCCL INFO ncclPollProxyResponse Received new opId=0x7fccfef91290
mocr4pcc02u16:127:175 [1] NCCL INFO Received and initiated operation=Setup res=0
mocr4pcc02u16:127:183 [1] NCCL INFO resp.opId=0x7fccfef91290 matches expected opId=0x7fccfef91290
mocr4pcc02u16:127:183 [1] NCCL INFO Channel 01/0 : 4[0] -> 1[1] [receive] via NET/IB/1
mocr4pcc02u16:127:175 [1] NCCL INFO New proxy recv connection 5 from local rank 1, transport 2
mocr4pcc02u16:127:175 [1] NCCL INFO proxyProgressAsync opId=0x7fccfef91290 op.type=1 op.reqBuff=0x7fcd6800c5e0 op.respSize=16 done
mocr4pcc02u16:127:183 [1] NCCL INFO ncclPollProxyResponse Received new opId=0x7fccfef91290
mocr4pcc02u16:127:175 [1] NCCL INFO Received and initiated operation=Init res=0
mocr4pcc02u16:127:183 [1] NCCL INFO resp.opId=0x7fccfef91290 matches expected opId=0x7fccfef91290
mocr4pcc02u16:127:183 [1] NCCL INFO Connected mocr4pcc02u16:128:172 [2] NCCL INFO Allocated shareable buffer 0x602a00000 size 10485760 ipcDesc 0x7efe70010a30
mocr4pcc02u16:128:172 [2] NCCL INFO proxyProgressAsync opId=0x7efe06f91290 op.type=3 op.reqBuff=0x7efe70010a00 op.respSize=88 done
mocr4pcc02u16:128:181 [2] NCCL INFO ncclPollProxyResponse Received new opId=0x7efe06f91290
mocr4pcc02u16:128:172 [2] NCCL INFO Received and initiated operation=Setup res=0
mocr4pcc02u16:128:181 [2] NCCL INFO resp.opId=0x7efe06f91290 matches expected opId=0x7efe06f91290
mocr4pcc02u16:128:181 [2] NCCL INFO Channel 00/0 : 2[2] -> 1[1] via P2P/CUMEM
mocr4pcc02u16:128:172 [2] NCCL INFO New proxy send connection 6 from local rank 2, transport 0
mocr4pcc02u16:128:172 [2] NCCL INFO proxyProgressAsync opId=0x7efe06f91290 op.type=1 op.reqBuff=0x7efe70010a00 op.respSize=16 done
mocr4pcc02u16:128:181 [2] NCCL INFO ncclPollProxyResponse Received new opId=0x7efe06f91290
mocr4pcc02u16:128:172 [2] NCCL INFO Received and initiated operation=Init res=0
mocr4pcc02u16:128:181 [2] NCCL INFO resp.opId=0x7efe06f91290 matches expected opId=0x7efe06f91290
mocr4pcc02u16:128:181 [2] NCCL INFO Connectemocr4pcc02u16:127:175 [1] NCCL INFO Allocated shareamocr4pcc02u16:128:172 [2] NCCL INFO Allocated shareable buffer mocr4pcc02u16:127:175 [1] NCCL INFO proxyProgresmocr4pcc02u16:128:172 [2] NCCL INFO proxyProgressAsync opId=0x7efe06f91290 op.type=mocr4pcc02u16:127:183 [1] NCCL INFO ncclPollProxyResponse Received new opId=0x7fccfef91290
mocr4pcc02u16:127:175 [1] NCCL INFO Received and initiated operation=Setup res=0
mocr4pcc02u16:127:183 [1] NCCL INFO resp.opId=0x7fccfef91290 matches expected opId=0x7fccfef91290
mocr4pcc02u16:127:175 [1] NCCL INFO New proxy recv connection 7 from local rank 1, transport 0
mocr4pcc02u16:127:175 [1] NCCL INFO proxyProgressAsync opId=0x7fccfef91290 op.type=1 op.reqBuff=0x7fcd6800c600 op.respSize=16 done
mocr4pcc02u16:127:183 [1] NCCL INFO ncclPollProxyResponse Received new opId=0x7fccfef91290
mocr4pcc02u16:127:175 [1] NCCL INFO Received and initiated operation=Init res=0
mocr4pcc02u16:127:183 [1] NCCL INFO resp.opId=0x7fccfef91290 matches expected opId=0x7fccfef91290
mocr4pcc02u16:127:183 [1] NCCL INFO Connected to proxy localRank 1 -> connection 0x7fcd68005288
mocr4pcc02u16:127:175 [1] NCCL INFO Allocated shareable buffer 0x7fcd35600000 size 10485760 ipcDesc 0x7fcd6800f470
mocr4pcc02u16:127:175 [1] NCCL INFO proxyProgressAsync opId=0x7fccfef91290 op.type=3 op.reqBuff=0x7fcd6800f440 op.respSize=88 done
mocr4pcc02u16:127:183 [1] NCCL INFO ncclPollProxyResponse Received new opId=0x7fccfef91290
mocr4pcc02u16:127:175 [1] NCCL INFO Received and initiated operation=Setup res=0
mocr4pcc02u16:127:183 [1] NCCL INFO resp.opId=0x7fccfef91290 matches expected opId=0x7fccfef91290
mocr4pcc02u16:127:175 [1] NCCL INFO New proxy send connection 8 from local rank 3, transport 0
mocr4pcc02u16:127:175 [1] Nmocr4pcc02u16:128:181 [2] NCCL INFO ncclPollProxyResponse Received new opId=0x7efe06f91290
mocr4pcc02u16:128:181 [2] NCCL INFO resp.opId=0x7efe06f91290 matches expected opId=0x7efe06f91290
mocr4pcc02u16:128:181 [2] NCCL INFO Connected to proxy localRank 0 -> connection 0x7f2c34005300
mocr4pcc02u16:128:181 [2] NCCL INFO ProxyCall UDS comm 0x55a3bfec2360 rank 2 tpRank 0(a64d388b6908d186) reqSize 8 respSize 0 respFd 0x7efe4b0feaa8 opId 0xb973172a29448d0c
mocr4pcc02u16:128:181 [2] NCCL INFO ProxyCall UDS comm 0x55a3bfec2360 rank 2 tpRank 0(a64d388b6908d186) reqSize 8 respSize 0 respFd 92 opId 0xb973172a29448d0c - DONE
mocr4pcc02u16:128:181 [2] NCCL INFO UDS: ClientGetFd handle 0x7f2c3400dbc0 tpRank 0 returned fd 92 sameProcess 0
mocr4pcc02u16:128:181 [2] NCCL INFO UDS converted handle 0x7f2c3400dbc0 to fd 92 on remote peer 0
mocr4pcc02u16:128:172 [2] NCCL INFO New proxy send connection 8 from local rank 0, transport 0
mocr4pcc02u16:128:172 [2] NCCL INFO proxyProgressAsync opId=0x7f2c06f91290 op.type=1 op.reqBuff=0x7efe70013840 op.respSize=16 done
mocr4pcc02u16:128:172 [2] NCCL INFO Received and initiated operation=Init res=0
mocr4pcc02u16:128:173 [2] NCCL INFO proxyUDSRecvReq::ncclProxyMsgGetFd rank 0 opId 0x46133ebc1fa61ef6 handle=0x7emocr4pcc02u16:127:177 [1] NCCL INFO proxyUDSRecvReq::ncclProxyMsgGetFd rank 3 opId 0x330c4d6d8a08962c handle=0x7fcd6800a59mocr4pcc02u16:128:181 [2] NCCL INFO Imported shareable buffer device 2 size 10485760 ptr 0x604000000
mocr4pcc02u1mocr4pcc02u16:127:183 [1] NCCL INFO Imported shareable buffer device 1 size 10485760 ptr 0x602000000
mocr4pcc02u16:127:183 [1] NCCL INFO ProxyCall UDS comm 0x5mocr4pcc02u16:128:181 [2] NCCL INFO ProxyCall UDS comm 0x55a3bfec2360 rank 2 tpRank 0(a64d388b6908d186) reqSize 8mocr4pcc02u16:127:183 [1] NCCL INFO ProxyCall UDS comm 0x5643eb1385f0 rank 1 tpRank 3(f77b07d7683c1f1e) reqSize 8 respSize 0 respFd 97 opId 0x8e3556bf91422706 - DONE
mocr4pcc02u16:127:183 [1] NCCL INFO UDS: ClientGetFd handle 0x7fbe4800a590 tpRank 3 returned fd 97 sameProcess 0
mocr4pcc02u16:127:183 [1] NCCL INFO UDS converted handle 0x7fbe4800a590 to fd 97 on remote peer 3
mocr4pcc02u16:127:175 [1] NCCL INFO New proxy send connection 9 from local rank 2, transport 0
mocr4pcc02u16:127:175 [1] NCCL INFO proxyProgressAsync opId=0x7efe06f91290 op.type=1 op.reqBuff=0x7fcd68010ca0 op.respSize=16 mocr4mocr4pcc02u16:127:175 [1] NCCL INFO Received and initiated operation=Init res=0
mocr4pcc02u16:127:177 [1] NCCL INFO proxyUDSRecvReq::ncclProxyMsgGetFd rank 2 opId 0x267101974d6fe9f9 handle=0x7fcd6800dbc0
mocr4pcc02u16:127:177 [1] NCCL INFO UDS proxyGetFd received handle 0x7fcd6800dbc0 peer 2 opId 267101974d6fe9f9
mocr4pcc02u16:127:183 [1] NCCL INFO Imported shareable buffer device 1 size 10485760 ptr 0x602a00000
mocr4pcc02u16:127:183 [1] NCCL INFOmocr4pcc02u16:128:172 [2] NCCL INFO New proxy send connection 9 from local rank 1, transport 0
mocr4pcc02u16:128:172 [2] NCCL INFO proxyProgressAsync opId=0x7fccfef91290 op.type=1 op.reqBuff=0x7efe70014f60 op.respSize=16 done
mocr4pcc02u16:128:172 [2] NCCL INFO Received and initiated operation=Init res=0
mocr4pcc02u16:128:173 [2] NCCL INFO proxyUDSRecvReq::ncclProxyMsgGetFd rank 1 opId 0xc2fb7fc605fcb5d4 handle=0x7efe700121a0
mocr4pcc02u16:128:173 [2] NCCL INFO UDS proxyGetFd received handle 0x7efe700121a0 peer 1 opId c2fb7fc605fcb5d4
mocr4pcc02u16:128:181 [2] NCCL INFO ProxyCall UDS comm 0x55a3bfec2360 rank 2 tpRank 1(d4d9454c838438ab) reqSize 8 respSize 0 respFd 95 opId 0x267101974d6fe9f9 - DONE
mocr4pcc02u16:128:181 [2] NCCL INFO UDS: ClientGetFd handle 0x7fcd6800dbc0 tpRank 1 returned fd 95 sameProcess 0
mocr4pcc02u16:128:181 [2] NCCL INFO UDS converted handle 0x7fcd6800dbc0 to fd 95 on remote peer 1
mocr4pcc02u16:128:181 [2] NCCL INFO Imported shareable buffer device 2 size 10485760 ptr 0x605400000
mocr4pcc02u16:128:181 [2] NCCL INFO ncclPollProxyResponse Received new opId=0x7efe06f91290
mocr4pcc02u16:128:181 [2] NCCL INFO resp.opId=0x7efe06f91290 matches expected opId=0x7efe06f91290
mocr4pcc02u16:128:181 [2] NCCL INFO Connected to proxy localRank 3 -> connection 0x7fbe480053f0
mocr4pcc02u16:128:181 [2] NCCL INFO ProxyCall UDS comm 0x55a3bfec2360 rank 2 tpRank 3(f77b07d7683c1f1e) reqSize 8 respSize 0 respFd 0x7efe4b0fea98 opId 0x199b15cf5c493b37
mocr4pcc02u16:128:181 [2] NCCL INFO ProxyCall UDS comm 0x55a3bfec2360 rank 2 tpRank 3(f77b07d7683c1f1e) reqSize 8 respSize 0 respFd 96 opId 0x199b15cf5c493b37 - DONE
mocr4pcc02u16:128:181 [2] NCCL INFO UDS: ClientGetFd handle 0x7fbe4800f180 tpRank 3 returned fd 96 sameProcess 0
mocr4pcc02u16:128:181 [2] NCCL INFO UDS converted handle 0x7fbe4800f180 to fd 96 on remote peer 3
mocr4pcc02u16:128:172 [2] NCCL INFO New proxy send connection 10 from local rank 3, transport 0
mocr4pcc02u16:128:172 [2] NCCL INFO proxyProgressAsync opId=0x7fbdfef91290 op.type=1 op.reqBuff=0x7efe70013840 op.respSize=16 done
mocr4pcc02u16:128:172 [2] NCCL INFO Received and initiated operation=Init res=0
mocr4pcc02u16:128:173 [2] NCCL INFO proxyUDSRecvReq::ncclProxyMsgGetFd rank 3 opId 0x7d44c842f157fe14 handle=0x7efe7000bcf0
mocr4pcc02u16:128:173 [2] NCCL INFO UDS proxyGetFd received handle 0x7efe7000bcf0 peer 3 opId 7d44c842f157fe14
mocr4pcc02u16:128:181 [2] NCCL INFO Imported shareable buffer device 2 size 2097152 ptr 0x605e00000
mocr4pcc02u16:128:181 [2] NCCL INFO ProxyCall UDS comm 0x55a3bfec2360 rank 2 tpRank 3(f77b07d7683c1f1e) reqSize 8 respSize 0 respFd 0x7efe4b0fea98 opId 0xfb3e853680508d9
mocr4pcc02u16:128:173 [2] NCCL INFO proxyUDSRecvReq::ncclProxyMsgGetFd rank 1 opId 0xa3cf8bb2952e5997 handle=0x7efe700138c0
mocr4pcc02u16:128:173 [2] NCCL INFO UDS proxyGetFd received handle 0x7efe700138c0 peer 1 opId a3cf8bb2952e5997
mocr4pcc02u16:128:181 [2] NCCL INFO ProxyCall UDS comm 0x55a3bfec2360 rank 2 tpRank 3(f77b07d7683c1f1e) reqSize 8 respSize 0 respFd 97 opId 0xfb3e853680508d9 - DONE
mocr4pcc02u16:128:181 [2] NCCL INFO UDS: ClientGetFd handle 0x7fbe480108a0 tpRank 3 returned fd 97 sameProcess 0
mocr4pcc02u16:128:181 [2] NCCL INFO UDS converted handle 0x7fbe480108a0 to fd 97 on remote peer 3
mocr4pcc02u16:128:181 [2] NCCL INFO Imported shareable buffer device 2 size 2097152 ptr 0x603800000
mocr4pcc02u16:128:181 [2] NCCL INFO ProxyCall UDS comm 0x55a3bfec2360 rank 2 tpRank 1(d4d9454c838438ab) reqSize 8 respSize 0 respFd 0x7efe4b0feaa8 opId 0x92fdc2dd9c9b3c22
mocr4pcc02u16:128:173 [2] NCCL INFO proxyUDSRecvReq::ncclProxyMsgGetFd rank 3 opId 0x5583d70f368c520e handle=0x7efe7000d610
mocr4pcc02u16:128:173 [2] NCCL INFO UDS proxyGetFd received handle 0x7efe7000d610 peer 3 opId 5583d70f368c520e
mocr4pcc02u16:128:181 [2] NCCL INFO ProxyCall UDS comm 0x55a3bfec2360 rank 2 tpRank 1(d4d9454c838438ab) reqSize 8 respSize 0 respFd 98 opId 0x92fdc2dd9c9b3c22 - DONE
mocr4pcc02u16:128:181 [2] NCCL INFO UDS: ClientGetFd handle 0x7fcd6800f4c0 tpRank 1 returned fd 98 sameProcess 0
mocr4pcc02u16:128:181 [2] NCCL INFO UDS converted handle 0x7fcd6800f4c0 to fd 98 on remote peer 1
mocr4pcc02u16:128:181 [2] NCCL INFO Imported shareable buffer device 2 size 10485760 ptr 0x606000000
mocr4pcc02u16:128:181 [2] NCCL INFO ProxyCall UDS comm 0x55a3bfec2360 rank 2 tpRank 3(f77b07d7683c1f1e) reqSize 8 respSize 0 respFd 0x7efe4b0fea98 opId 0x45ef92d9959b49ab
mocr4pcc02u16:128:173 [2] NCCL INFO proxyUDSRecvReq::ncclProxyMsgGetFd rank 3 opId 0x1d0ee638b1331e50 handle=0x7efe7000ee70
mocr4pcc02u16:128:173 [2] NCCL INFO UDS proxyGetFd received handle 0x7efe7000ee70 peer 3 opId 1d0ee638b1331e50
mocr4pcc02u16:128:181 [2] NCCL INFO ProxyCall UDS comm 0x55a3bfec2360 rank 2 tpRank 3(f77b07d7683c1f1e) reqSize 8 respSize 0 respFd 98 opId 0x45ef92d9959b49ab - DONE
mocr4pcc02u16:128:181 [2] NCCL INFO UDS: ClientGetFd handle 0x7fbe48011fc0 tpRank 3 returned fd 98 sameProcess 0
mocr4pcc02u16:128:181 [2] NCCL INFO UDS converted handle 0x7fbe48011fc0 to fd 98 on remote peer 3
mocr4pcc02u16:128:181 [2] NCCL INFO Imported shareable buffer device 2 size 2097152 ptr 0x606a00000
mocr4pcc02u16:128:181 [2] NCCL INFO ProxyCall UDS comm 0x55a3bfec2360 rank 2 tpRank 3(f77b07d7683c1f1e) reqSize 8 respSize 0 respFd 0x7efe4b0fea98 opId 0xfe1e9796e01db26e
mocr4pcc02u16:128:173 [2] NCCL INFO proxyUDSRecvReq::ncclProxyMsgGetFd rank 3 opId 0x5649f231cd931f48 handle=0x7efe70010a80
mocr4pcc02u16:128:173 [2] NCCL INFO UDS proxyGetFd received handle 0x7efe70010a80 peer 3 opId 5649f231cd931f48
mocr4pcc02u16:128:181 [2] NCCL INFO ProxyCall UDS comm 0x55a3bfec2360 rank 2 tpRank 3(f77b07d7683c1f1e) reqSize 8 respSize 0 respFd 97 opId 0xfe1e9796e01db26e - DONE
mocr4pcc02u16:128:181 [2] NCCL INFO UDS: ClientGetFd handle 0x7fbe480136e0 tpRank 3 returned fd 97 sameProcess 0
mocr4pcc02u16:128:181 [2] NCCL INFO UDS converted handle 0x7fbe480136e0 to fd 97 on remote peer 3
mocr4pcc02u16:128:181 [2] NCCL INFO Imported shareable buffer device 2 size 2097152 ptr 0x606c00000
mocr4pcc02u16:128:181 [2] NCCL INFO Connected all rings, use ring PXN 0 GDR 0
mocr4pcc02u16:128:128 [2] NCCL INFO Broadcast: opCount 1 sendbuff 0x7efe3d477a00 recvbuff 0x7efe3d477a00 count 396 datatype 4 op 0 root 0 comm 0x55a3bfec2360 [nranks=8] stream 0x55a3bcf96170
mocr4pcc02u16:128:128 [2] NCCL INFO Broadcast: opCount 2 sendbuff 0x7efdb8000000 recvbuff 0x7efdb8000000 count 67734528 datatype 7 op 0 root 0 comm 0x55a3bfec2360 [nranks=8] stream 0x55a3bcf96170
mocr4pcc02u16:128:128 [2] NCCL INFO Broadcast: opCount 3 sendbuff 0x7efdc8400000 recvbuff 0x7efdc8400000 count 66142464 datatype 7 op 0 root 0 comm 0x55a3bfec2360 [nranks=8] stream 0x55a3bcf96170
mocr4pcc02u16:128:128 [2] NCCL INFO Broadcast: opCount 4 sendbuff 0x7efdb6600000 recvbuff 0x7efdb6600000 count 3145728 datatype 7 op 0 root 0 comm 0x55a3bfec2360 [nranks=8] stream 0x55a3bcf96170
mocr4pcc02u16:128:128 [2] NCCL INFO Broadcast: opCount 5 sendbuff 0x7efdc8400000 recvbuff 0x7efdc8400000 count 12582912 datatype 7 op 0 root 0 comm 0x55a3bfec2360 [nranks=8] stream 0x55a3bcf96170
mocr4pcc02u16:128:455 [2] NCCL INFO AllReduce: opCount 6 sendbuff 0x7efde4000000 recvbuff 0x7efde4000000 count 124439808 datatype 7 op 0 root 0 comm 0x55a3bfec2360 [nranks=8] stream 0x55a3bcf96170
mocr4pcc02u16:128:172 [2] NCCL INFO New proxy recv connection 11 from local rank 2, transport 0
mocr4pcc02u16:128:172 [2] NCCL INFO proxyProgressAsync opId=0x7efbf0261410 op.type=1 op.reqBuff=0x7efe70014f60 op.respSize=16 done
mocr4pcc02u16:128:13937 [2] NCCL INFO ncclPollProxyResponse Received new opId=0x7efbf0261410
mocr4pcc02u16:128:172 [2] NCCL INFO Received and initiated operation=Init res=0
mocr4pcc02u16:128:13937 [2] NCCL INFO resp.opId=0x7efbf0261410 matches expected opIdmocr4pcc02u16:127:466 [1] NCCL INFO AllReduce: opCount 6 sendbuff 0x7fccdc000000 recvbuff 0x7fccdc00000mocr4pcc02u16:129:460 [3] NCCL INFO AllReduce: opCount 6 sendbuff 0x7fbdba000000 recvbuff 0x7fbdba000000 count 124439808 datatype 7 op 0 root 0 comm 0x562e990b36c0 [nranks=8] stream 0x562e961821c0
mocr4pcc02u16:129:171 [3] NCCL INFO New proxy recv connection 11 from local rank 3, transport 0
mocr4pcc02u16:129:171 [3] NCCL INFO proxyProgressAsync opId=0x7fbbb404d140 op.type=1 op.reqBuff=0x7fbe48014d80 op.respSize=16 done
mocr4pcc02u16:129:14532 [3] NCCL INFO ncclPollProxyResponse Received new opId=0x7fbbb404d140
mocr4pcc02u16:129:171 [3] NCCL INFO Received and initiated operation=Init res=0
mocr4pcc02u16:129:14532 [3] NCCL INFO resp.opId=0x7fbbb404d140 matches expected opId=0x7fbbb404d140
mocr4pcc02u16:129:14532 [3] NCCL INFO Connected to proxy localRank 3 -> connection 0x7fbe48005468
mocr4pcc02u16:129:171 [3] NCCL INFO Allocated shareable buffer 0x7fba8ae00000 size 10485760 ipcDesc 0x7fbe48014db0
mocr4pcc02u16:129:171 [3] NCCL INFO proxyProgressAsync opId=0x7fbbb404d140 op.type=3 op.reqBuff=0x7fbe48013660 op.respSize=88 done
mocr4pcc02u16:129:14532 [3] NCCL INFO ncclPollProxyResponse Received new opId=0x7fbbb404d140
mocr4pcc02u16:129:171 [3] NCCL INFO Received and initiated operation=Setup res=0
mocr4pcc02u16:129:14532 [3] NCCL INFO resp.opId=0x7fbbb404d140 matches expected opId=0x7fbbb404d140
mocr4pcc02u16:129:171 [3] NCCL INFO New proxy recv connection 12 from local rank 3, transport 0
mocr4pcc02u16:129:171 [3] NCCL INFO proxyProgressAsync opId=0x7fbbb404d140 op.type=1 op.reqBuff=0x7fbe48013660 op.respSize=16 done
mocr4pcc02u16:129:14532 [3] NCCL INFO ncclPollProxyResponse Received new opId=0x7fbbb404d140
mocr4pcc02u16:129:171 [3] NCCL INFO Received and initiated operation=Init res=0
mocr4pcc02u16:129:14532 [3] NCCL INFO resp.opId=0x7fbbb404d140 matches expected opId=0x7fbbb404d140
mocr4pcc02u16:129:14532 [3] NCCL INFO Connected to proxy localRank 3 -> connection 0x7fbe480054e0
mocr4pcc02u16:129:171 [3] NCCL INFO Allocated shareable buffer 0x7fbabf200000 size 10485760 ipcDesc 0x7fbe480166b0
mocr4pcc02u16:129:171 [3] NCCL INFO proxyProgressAsync opId=0x7fbbb404d140 op.type=3 op.reqBuff=0x7fbe48016680 op.respSize=88 done
mocr4pcc02u16:129:14532 [3] NCCL INFO ncclPollProxyResponse Received new opId=0x7fbbb404d140
mocr4pcc02u16:129:171 [3] NCCL INFO Received and initiated operation=Setup res=0
mocr4pcc02u16:129:14532 [3] NCCL INFO resp.opId=0x7fbbb404d140 matches expected opId=0x7fbbb404d140
mocr4pcc02u16:129:171 [3] NCCL INFO New proxy recv connection 13 from local rank 3, transport 0
mocr4pcc02u16:129:171 [3] NCCL INFO proxyProgressAsync opId=0x7fbbb404d140 op.type=1 op.reqBuff=0x7fbe48016680 op.respSize=16 done
mocr4pcc02u16:129:14532 [3] NCCL INFO ncclPollProxyResponse Received new opId=0x7fbbb404d140
mocr4pcc02u16:129:171 [3] NCCL INFO Received and initiated operation=Init res=0
mocr4pcc02u16:129:14532 [3] NCCL INFO resp.opId=0x7fbbb404d140 matches expected opId=0x7fbbb404d140
mocr4pcc02u16:129:14532 [3] NCCL INFO Connected to proxy localRank 3 -> connection 0x7fbe48005558
mocr4pcc02u16:129:171 [3] NCCL INFO Allocated shareable buffer 0x7fbac3200000 size 10485760 ipcDesc 0x7fbe48017fb0
mocr4pcc02u16:129:171 [3] NCCL INFO proxyProgressAsync opId=0x7fbbb404d140 op.type=3 op.reqBuff=0x7fbe48017f80 op.respSize=88 done
mocr4pcc02u16:129:14532 [3] NCCL INFO ncclPollProxyResponse Received new opId=0x7fbbb404d140
mocr4pcc02u16:129:171 [3] NCCL INFO Received and initiated operation=Setup res=0
mocr4pcc02u16:129:14532 [3] NCCL INFO resp.opId=0x7fbbb404d140 matches expected opId=0x7fbbb404d140
mocr4pcc02u16:129:171 [3] NCCL INFO New proxy recv connection 14 from local rank 3, transport 0
mocr4pcc02u16:129:171 [3] NCCL INFO proxyProgressAsync opId=0x7fbbb404d140 op.type=1 op.reqBuff=0x7fbe48017f80 op.respSize=16 done
mocr4pcc02u16:129:14532 [3] NCCL INFO ncclPollProxyResponse Received new opId=0x7fbbb404d140
mocr4pcc02u16:129:171 [3] NCCL INFO Received and initiated operation=Init res=0
mocr4pcc02u16:129:14532 [3] NCCL INFO resp.opId=0x7fbbb404d140 matches expected opId=0x7fbbb404d140
mocr4pcc02u16:129:14532 [3] NCCL INFO Connected to proxy localRank 3 -> connection 0x7fbe480055d0
mocr4pcc02u16:129:171 [3] NCCL INFO Allocated shareable buffer 0x7fbac7000000 size 10485760 ipcDesc 0x7fbe480198b0
mocr4pcc02u16:129:171 [3] NCCL INFO proxyProgressAsync opId=0x7fbbb404d140 op.type=3 op.reqBuff=0x7fbe48019880 op.respSize=88 done
mocr4pcc02u16:129:14532 [3] NCCL INFO ncclPollProxyResponse Received new opId=0x7fbbb404d140
mocr4pcc02u16:129:171 [3] NCCL INFO Received and initiated operation=Setup res=0
mocr4pcc02u16:129:14532 [3] NCCL INFO resp.opId=0x7fbbb404d140 matches expected opId=0x7fbbb404d140
mocr4pcc02u16:129:14532 [3] NCCL INFO ProxyCall UDS comm 0x562e990b36c0 rank 3 tpRank 2(c75efed8e67229ae) reqSize 8 respSize 0 respFd 0x7fbe208faa98 opId 0xe3b99a7434cdc702
mocr4pcc02u16:129:14532 [3] NCCL INFO ProxyCall UDS comm 0x562e990b36c0 rank 3 tpRank 2(c75efed8e67229ae) reqSize 8 respSize 0 respFd 97 opId 0xe3b99a7434cdc702 - DONE
mocr4pcc02u16:129:14532 [3] NCCL INFO UDS: ClientGetFd handle 0x7efe7001b3e0 tpRank 2 returned fd 97 sameProcess 0
mocr4pcc02u16:129:14532 [3] NCCL INFO UDS converted handle 0x7efe7001b3e0 to fd 97 on remote peer 2
mocr4pcc02u16:129:14532 [3] NCCL INFO Imported shareable buffer device 3 size 2097152 ptr 0x7fba8b800000
mocr4pcc02u16:129:14532 [3] NCCL INFO ProxyCall UDS comm 0x562e990b36c0 rank 3 tpRank 2(c75efed8e67229ae) reqSize 8 respSize 0 respFd 0x7fbe208faa98 opId 0xd09522ed9bbcb188
mocr4pcc02u16:129:14532 [3] NCCL INFO ProxyCall UDS comm 0x562e990b36c0 rank 3 tpRank 2(c75efed8e67229ae) reqSize 8 respSize 0 respFd 97 opId 0xd09522ed9bbcb188 - DONE
mocr4pcc02u16:129:14532 [3] NCCL INFO UDS: ClientGetFd handle 0x7efe7001cb00 tpRank 2 returned fd 97 sameProcess 0
mocr4pcc02u16:129:14532 [3] NCCL INFO UDS converted handle 0x7efe7001cb00 to fd 97 on remote peer 2
mocr4pcc02u16:129:174 [3] NCCL INFO proxyUDSRecvReq::ncclProxyMsgGetFd rank 2 opId 0x847d0cc8f7c53d6b handle=0x7fbe48014e00
mocr4pcc02u16:129:174 [3] NCCL INFO UDS proxyGetFd received handle 0x7fbe48014e00 peer 2 opId 847d0cc8f7c53d6b
mocr4pcc02u16:129:14532 [3] NCCL INFO Imported shareable buffer device 3 size 2097152 ptr 0x7fba8ba00000
mocr4pcc02u16:129:14532 [3] NCCL INFO ProxyCall UDS comm 0x562e990b36c0 rank 3 tpRank 2(c75efed8e67229ae) reqSize 8 respSize 0 respFd 0x7fbe208faa98 opId 0x390d7af30f6729c1
mocr4pcc02u16:129:14532 [3] NCCL INFO ProxyCall UDS comm 0x562e990b36c0 rank 3 tpRank 2(c75efed8e67229ae) reqSize 8 respSize 0 respFd 96 opId 0x390d7af30f6729c1 - DONE
mocr4pcc02u16:129:14532 [3] NCCL INFO UDS: ClientGetFd handle 0x7efe7001e220 tpRank 2 returned fd 96 sameProcess 0
mocr4pcc02u16:129:14532 [3] NCCL INFO UDS converted handle 0x7efe7001e220 to fd 96 on remote peer 2
mocr4pcc02u16:129:14532 [3] NCCL INFO Imported shareable buffer device 3 size 2097152 ptr 0x7fba8bc00000
mocr4pcc02u16:129:14532 [3] NCCL INFO ProxyCall UDS comm 0x562e990b36c0 rank 3 tpRank 2(c75efed8e67229ae) reqSize 8 respSize 0 respFd 0x7fbe208faa98 opId 0x1ecb52c532a97422
mocr4pcc02u16:129:14532 [3] NCCL INFO ProxyCall UDS comm 0x562e990b36c0 rank 3 tpRank 2(c75efed8e67229ae) reqSize 8 respSize 0 respFd 97 opId 0x1ecb52c532a97422 - DONE
mocr4pcc02u16:129:14532 [3] NCCL INFO UDS: ClientGetFd handle 0x7efe7001f940 tpRank 2 returned fd 97 sameProcess 0
mocr4pcc02u16:129:14532 [3] NCCL INFO UDS converted handle 0x7efe7001f940 to fd 97 on remote peer 2
mocr4pcc02u16:129:14532 [3] NCCL INFO Imported shareable buffer device 3 size 2097152 ptr 0x7fba8be00000
mocr4pcc02u16:129:174 [3] NCCL INFO proxyUDSRecvReq::ncclProxyMsgGetFd rank 2 opId 0xd7ed862e6de98e50 handle=0x7fbe48016700
mocr4pcc02u16:129:174 [3] NCCL INFO UDS proxyGetFd received handle 0x7fbe48016700 peer 2 opId d7ed862e6de98e50
mocr4pcc02u16:129:174 [3] NCCL INFO proxyUDSRecvReq::ncclProxyMsgGetFd rank 2 opId 0x2a24a073e5b7f036 handle=0x7fbe48018000
mocr4pcc02u16:129:174 [3] NCCL INFO UDS proxyGetFd received handle 0x7fbe48018000 peer 2 opId 2a24a073e5b7f036
mocr4pcc02u16:129:174 [3] NCCL INFO proxyUDSRecvReq::ncclProxyMsgGetFd rank 2 opId 0x829492320a2cd5cf handle=0x7fbe48019900
mocr4pcc02u16:129:174 [3] NCCL INFO UDS proxyGetFd received handle 0x7fbe48019900 peer 2 opId 829492320a2cd5cf
mocr4pcc02u16:129:14532 [3] NCCL INFO Connected all trees
mocr4pcc02u16:129:129 [3] NCCL INFO AllReduce: opCount 7 sendbuff 0x7fbe155fba00 recvbuff 0x7fbe155fba00 count 1 datatype 7 op 4 root 0 comm 0x562e990b36c0 [nranks=8] stream 0x562e961821c0
mocr4pcc02u16:129:129 [3] NCCL INFO Broadcast: opCount 8 sendbuff 0x7fbe15598800 recvbuff 0x7fbe15598800 count 149 datatype 2 op 0 root 0 comm 0x562e990b36c0 [nranks=8] stream 0x562e961821c0
mocr4pcc02u16:129:129 [3] NCCL INFO Broadcast: opCount 9 sendbuff 0x7fbe15547000 recvbuff 0x7fbe15547000 count 14 datatype 2 op 0 root 0 comm 0x562e990b36c0 [nranks=8] stream 0x562e961821c0
mocr4pcc02u16:129:129 [3] NCCL INFO Broadcast: opCount a sendbuff 0x7fba9fb09c00 recvbuff 0x7fba9fb09c00 count 12582912 datatype 7 op 0 root 0 comm 0x562e990b36c0 [nranks=8] stream 0x562e961821c0
mocr4pcc02u16:129:460 [3] NCCL INFO AllReduce: opCount b sendbuff 0x7fbd8c600000 recvbuff 0x7fbd8c600000 count 1769472 datatype 7 op 0 root 0 comm 0x562e990b36c0 [nranks=8] stream 0x562e961821c0
mocr4pcc02u16:129:460 [3] NCCL INFO AllReduce: opCount c sendbuff 0x7fbb38000000 recvbuff 0x7fbb38000000 count 7087872 datatype 7 op 0 root 0 comm 0x562e990b36c0 [nranks=8] stream 0x562e961821c0
mocr4pcc02u16:129:460 [3] NCCL INFO AllReduce: opCount d sendbuff 0x7fbafe000000 recvbuff 0x7fbafe000000 count 7087872 datatype 7 op 0 root 0 comm 0x562e990b36c0 [nranks=8] stream 0x562e961821c0
mocr4pcc02u16:129:460 [3] NCCL INFO AllReduce: opCount e sendbuff 0x7fbdb2200000 recvbuff 0x7fbdb2200000 count 7087872 datatype 7 op 0 root 0 comm 0x562e990b36c0 [nranks=8] stream 0x562e961821c0
mocr4pcc02u16:129:460 [3] NCCL INFO AllReduce: opCount f sendbuff 0x7fbba4000000 recvbuff 0x7fbba4000000 count 7087872 datatype 7 op 0 root 0 comm 0x562e990b36c0 [nranks=8] stream 0x562e961821c0
mocr4pcc02u16:129:460 [3] NCCL INFO AllReduce: opCount 10 sendbuff 0x7fba92000000 recvbuff 0x7fba92000000 count 7087872 datatype 7 op 0 root 0 comm 0x562e990b36c0 [nranks=8] stream 0x562e961821c0
mocr4pcc02u16:129:460 [3] NCCL INFO AllReduce: opCount 11 sendbuff 0x7fba93b09c00 recvbuff 0x7fba93b09c00 count 7087872 datatype 7 op 0 root 0 comm 0x562e990b36c0 [nranks=8] stream 0x562e961821c0
mocr4pcc02u16:129:460 [3] NCCL INFO AllReduce: opCount 12 sendbuff 0x7fba95613800 recvbuff 0x7fba95613800 count 7087872 datatype 7 op 0 root 0 comm 0x562e990b36c0 [nranks=8] stream 0x562e961821c0
mocr4pcc02u16:129:460 [3] NCCL INFO AllReduce: opCount 13 sendbuff 0x7fba98000000 recvbuff 0x7fba98000000 count 7087872 datatype 7 op 0 root 0 comm 0x562e990b36c0 [nranks=8] stream 0x562e961821c0
mocr4pcc02u16:129:460 [3] NCCL INFO AllReduce: opCount 14 sendbuff 0x7fba99b09c00 recvbuff 0x7fba99b09c00 count 7087872 datatype 7 op 0 root 0 comm 0x562e990b36c0 [nranks=8] stream 0x562e961821c0
mocr4pcc02u16:129:460 [3] NCCL INFO AllReduce: opCount 15 sendbuff 0x7fba9b613800 recvbuff 0x7fba9b613800 count 7087872 datatype 7 op 0 root 0 comm 0x562e990b36c0 [nranks=8] stream 0x562e961821c0
mocr4pcc02u16:129:460 [3] NCCL INFO AllReduce: opCount 16 sendbuff 0x7fba9e000000 recvbuff 0x7fba9e000000 count 7087872 datatype 7 op 0 root 0 comm 0x562e990b36c0 [nranks=8] stream 0x562e961821c0
mocr4pcc02u16:129:460 [3] NCCL INFO AllReduce: opCount 17 sendbuff 0x7fbae2000000 recvbuff 0x7fbae2000000 count 43915776 datatype 7 op 0 root 0 comm 0x562e990b36c0 [nranks=8] stream 0x562e961821c0
mocr4pcc02u16:129:460 [3] NCCL INFO AllReduce: opCount 18 sendbuff 0x7fbd9e0e0000 recvbuff 0x7fbd9e0e0000 count 787968 datatype 7 op 0 root 0 comm 0x562e990b36c0 [nranks=8] stream 0x562e961821c0
mocr4pcc02u16:129:129 [3] NCCL INFO AllReduce: opCount 19 sendbuff 0x7fbe155fe200 recvbuff 0x7fbe155fe200 count 1 datatype 7 op 4 root 0 comm 0x562e990b36c0 [nranks=8] stream 0x562e961821c0
mocr4pcc02u16:129:129 [3] NCCL INFO Broadcast: opCount 1a sendbuff 0x7fba9fb09c00 recvbuff 0x7fba9fb09c00 count 12582912 datatype 7 op 0 root 0 comm 0x562e990b36c0 [nranks=8] stream 0x562e961821c0
mocr4pcc02u16:129:460 [3] NCCL INFO AllReduce: opCount 1b sendbuff 0x7fbd8c600000 recvbuff 0x7fbd8c600000 count 1769472 datatype 7 op 0 root 0 comm 0x562e990b36c0 [nranks=8] stream 0x562e961821c0
mocr4pcc02u16:129:460 [3] NCCL INFO AllReduce: opCount 1c sendbuff 0x7fbb38000000 recvbuff 0x7fbb38000000 count 7087872 datatype 7 op 0 root 0 comm 0x562e990b36c0 [nranks=8] stream 0x562e961821c0
mocr4pcc02u16:129:460 [3] NCCL INFO AllReduce: opCount 1d sendbuff 0x7fbafe000000 recvbuff 0x7fbafe000000 count 7087872 datatype 7 op 0 root 0 comm 0x562e990b36c0 [nranks=8] stream 0x562e961821c0
mocr4pcc02u16:129:460 [3] NCCL INFO AllReduce: opCount 1e sendbuff 0x7fbdb2200000 recvbuff 0x7fbdb2200000 count 7087872 datatype 7 op 0 root 0 comm 0x562e990b36c0 [nranks=8] stream 0x562e961821c0
mocr4pcc02u16:129:460 [3] NCCL INFO AllReduce: opCount 1f sendbuff 0x7fbba4000000 recvbuff 0x7fbba4000000 count 7087872 datatype 7 op 0 root 0 comm 0x562e990b36c0 [nranks=8] stream 0x562e961821c0
mocr4pcc02u16:129:460 [3] NCCL INFO AllReduce: opCount 20 sendbuff 0x7fba92000000 recvbuff 0x7fba92000000 count 7087872 datatype 7 op 0 root 0 comm 0x562e990b36c0 [nranks=8] stream 0x562e961821c0
mocr4pcc02u16:129:460 [3] NCCL INFO AllReduce: opCount 21 sendbuff 0x7fba93b09c00 recvbuff 0x7fba93b09c00 count 7087872 datatype 7 op 0 root 0 comm 0x562e990b36c0 [nranks=8] stream 0x562e961821c0
mocr4pcc02u16:129:460 [3] NCCL INFO AllReduce: opCount 22 sendbuff 0x7fba95613800 recvbuff 0x7fba95613800 count 7087872 datatype 7 op 0 root 0 comm 0x562e990b36c0 [nranks=8] stream 0x562e961821c0
mocr4pcc02u16:129:460 [3] NCCL INFO AllReduce: opCount 23 sendbuff 0x7fba98000000 recvbuff 0x7fba98000000 count 7087872 datatype 7 op 0 root 0 comm 0x562e990b36c0 [nranks=8] stream 0x562e961821c0
mocr4pcc02u16:129:460 [3] NCCL INFO AllReduce: opCount 24 sendbuff 0x7fba99b09c00 recvbuff 0x7fba99b09c00 count 7087872 datatype 7 op 0 root 0 comm 0x562e990b36c0 [nranks=8] stream 0x562e961821c0
mocr4pcc02u16:129:460 [3] NCCL INFO AllReduce: opCount 25 sendbuff 0x7fba9b613800 recvbuff 0x7fba9b613800 count 7087872 datatype 7 op 0 root 0 comm 0x562e990b36c0 [nranks=8] stream 0x562e961821c0
mocr4pcc02u16:129:460 [3] NCCL INFO AllReduce: opCount 26 sendbuff 0x7fba9e000000 recvbuff 0x7fba9e000000 count 7087872 datatype 7 op 0 root 0 comm 0x562e990b36c0 [nranks=8] stream 0x562e961821c0
mocr4pcc02u16:129:460 [3] NCCL INFO AllReduce: opCount 27 sendbuff 0x7fbae2000000 recvbuff 0x7fbae2000000 count 43915776 datatype 7 op 0 root 0 comm 0x562e990b36c0 [nranks=8] stream 0x562e961821c0
mocr4pcc02u16:129:460 [3] NCCL INFO AllReduce: opCount 28 sendbuff 0x7fbd9e0e0000 recvbuff 0x7fbd9e0e0000 count 787968 datatype 7 op 0 root 0 comm 0x562e990b36c0 [nranks=8] stream 0x562e961821c0
mocr4pcc02u16:129:129 [3] NCCL INFO AllReduce: opCount 29 sendbuff 0x7fbe15558a00 recvbuff 0x7fbe15558a00 count 1 datatype 7 op 4 root 0 comm 0x562e990b36c0 [nranks=8] stream 0x562e961821c0
mocr4pcc02u16:129:129 [3] NCCL INFO Broadcast: opCount 2a sendbuff 0x7fba9fb09c00 recvbuff 0x7fba9fb09c00 count 12582912 datatype 7 op 0 root 0 comm 0x562e990b36c0 [nranks=8] stream 0x562e961821c0
mocr4pcc02u16:129:460 [3] NCCL INFO AllReduce: opCount 2b sendbuff 0x7fbd8c600000 recvbuff 0x7fbd8c600000 count 1769472 datatype 7 op 0 root 0 comm 0x562e990b36c0 [nranks=8] stream 0x562e961821c0
mocr4pcc02u16:129:460 [3] NCCL INFO AllReduce: opCount 2c sendbuff 0x7fbb38000000 recvbuff 0x7fbb38000000 count 7087872 datatype 7 op 0 root 0 comm 0x562e990b36c0 [nranks=8] stream 0x562e961821c0
mocr4pcc02u16:129:460 [3] NCCL INFO AllReduce: opCount 2d sendbuff 0x7fbafe000000 recvbuff 0x7fbafe000000 count 7087872 datatype 7 op 0 root 0 comm 0x562e990b36c0 [nranks=8] stream 0x562e961821c0
mocr4pcc02u16:129:460 [3] NCCL INFO AllReduce: opCount 2e sendbuff 0x7fbdb2200000 recvbuff 0x7fbdb2200000 count 7087872 datatype 7 op 0 root 0 comm 0x562e990b36c0 [nranks=8] stream 0x562e961821c0
mocr4pcc02u16:129:460 [3] NCCL INFO AllReduce: opCount 2f sendbuff 0x7fbba4000000 recvbuff 0x7fbba4000000 count 7087872 datatype 7 op 0 root 0 comm 0x562e990b36c0 [nranks=8] stream 0x562e961821c0
mocr4pcc02u16:129:460 [3] NCCL INFO AllReduce: opCount 30 sendbuff 0x7fba92000000 recvbuff 0x7fba92000000 count 7087872 datatype 7 op 0 root 0 comm 0x562e990b36c0 [nranks=8] stream 0x562e961821c0
mocr4pcc02u16:129:460 [3] NCCL INFO AllReduce: opCount 31 sendbuff 0x7fba93b09c00 recvbuff 0x7fba93b09c00 count 7087872 datatype 7 op 0 root 0 comm 0x562e990b36c0 [nranks=8] stream 0x562e961821c0
mocr4pcc02u16:129:460 [3] NCCL INFO AllReduce: opCount 32 sendbuff 0x7fba95613800 recvbuff 0x7fba95613800 count 7087872 datatype 7 op 0 root 0 comm 0x562e990b36c0 [nranks=8] stream 0x562e961821c0
mocr4pcc02u16:129:460 [3] NCCL INFO AllReduce: opCount 33 sendbuff 0x7fba98000000 recvbuff 0x7fba98000000 count 7087872 datatype 7 op 0 root 0 comm 0x562e990b36c0 [nranks=8] stream 0x562e961821c0
mocr4pcc02u16:129:460 [3] NCCL INFO AllReduce: opCount 34 sendbuff 0x7fba99b09c00 recvbuff 0x7fba99b09c00 count 7087872 datatype 7 op 0 root 0 comm 0x562e990b36c0 [nranks=8] stream 0x562e961821c0
