mocr4pcc02u30:129:129 [3] NCCL INFO cudaDriverVersion 12080
mocr4pcc02u30:129:129 [3] NCCL INFO NCCL_SOCKET_IFNAME set by environment to eno6np0
mocr4pcc02u30:129:129 [3] NCCL INFO NCCL_SOCKET_IFNAME set to eno6np0
mocr4pcc02u30:129:129 [3] NCCL INFO Bootstrap: Using eno6np0:192.168.90.100<0>
mocr4pcc02u30:129:129 [3] NCCL INFO NCCL version 2.26.2+cuda12.2
mocr4pcc02u30:129:129 [3] NCCL INFO init.cc:1670 Cuda Host Alloc Size 4 pointer 0x7f20c9400000
mocr4pcc02u30:129:129 [3] NCCL INFO Comm config Blocking set to 1
mocr4pcc02u30:129:158 [3] NCCL INFO NET/Plugin: Could not find: libnccl-net.so. Using internal net plugin.
mocr4pcc02u30:129:158 [3] NCCL INFO NCCL_IB_DISABLE set by environment to 1.
mocr4pcc02u30:129:158 [3] NCCL INFO NCCL_SOCKET_IFNAME set by environment to eno6np0
mocr4pcc02u30:129:158 [3] NCCL INFO NET/Socket : Using [0]eno6np0:192.168.90.100<0>
mocr4pcc02u30:129:158 [3] NCCL INFO PROFILER/Plugin: Could not find: libnccl-profiler.so. 
mocr4pcc02u30:129:158 [3] NCCL INFO Using network Socket
mocr4pcc02u30:129:158 [3] NCCL INFO ncclCommInitRankConfig comm 0x5615437a6770 rank 3 nranks 8 cudaDev 3 nvmlDev 3 busId c6000 commId 0x814f5a0496845e63 - Init START
mocr4pcc02u30:129:158 [3] NCCL INFO RAS network listening socket at 192.168.90.100<57755>
mocr4pcc02u30:128:157 [2] NCCL INFO RAS client listening socket at ::1<28028>
mocr4pcc02u30:128:157 [2] NCCL INFO Mem Realloc old size 0, new size 256 pointer 0x55d354a93680
mocr4pcc02u30:128:166 [0] NCCL INFO RAS thread started
mocr4pcc02u30:128:166 [0] NCCL INFO Mem Realloc old size 0, new size 32 pointer 0x7f1d30004e10mocr4pcc02u30:126:155 [0] NCCL INFO Bootstrap timings total 2.380013 (create 0.000125, send 0.000398, recv 1.258326, ring 1.118724, delay 0.000001)
mocr4pcc02u30:126:163 [0] NCCL INFO RAS handling local addRanks request (old nRasPeers 0)
mocr4pcc02u30:126:163 [0] NCCL INFO RAS finished local processing of addRanks request (new nRasPeers 8, nRankPeers 8)
mocr4pcc02u30:126:163 [0] NCCL INFO RAS link 1: opening new primary connection with 192.168.90.101<33367>
mocr4pcc02u30:126:163 [0] NCCL INFO RAS link -1: calculated deferred primary connection with 192.168.90.100<57755>
mocr4pcc02u30:126:163 [0] NCCL INFO Mem Realloc old size 32, new size 64 pointer 0x7f52840054d0
mocr4pcc02u30:126:163 [0] NCCL INFO RAS new incoming socket connection from 192.168.90.100<42704>
mocr4pcc02u30:126:163 [0] NCCL INFO RAS handling connInit from 192.168.90.100<42704> (version 22602, listeningAddr 192.168.90.100<57755>, peersHash 0x649d7ec8ab8a2250, deadPeersHash 0x0)
mocr4pcc02u30:126:163 [0] NCCL INFO RAS handling connInitAck from 192.168.90.101<33367> (nack 0)
mocr4pcc02u30:126:163 [0] NCCL INFO RAS established connection with 192.168.90.101<33367> (sendQ empty, experiencingDelays 0, startRetryTime 0.00s)
mmocr4pcc02u30:129:158 [3] NCCL INFO TOPO/NET : Importing network plugins to topologymocr4pcc02u30:126:155 [0] NCCL INFO Retrieving state for Socket
mocr4pcc02u30:126:155 [0] NCCL INFO Initialized state 0 for Socket
mmocr4pcc02u30:129:158 [3] NCCL INFO NET/Socket : GPU Direct RDMA Disabled for HCA 0 'eno6np0'
mocr4pcc02u30:129:158 [3] NCCL INFO ncclTopoPopulateNics : Filled eno6np0 in topo with pciPath=/sys/devices/pci0000:20/0000:20:01.1/0000:21:00.0/0000:22:00.0/0000:23:00.0 keep=1 coll=(null)mmocr4pcc02u30:129:158 [3] NCCL INFO === System : maxBw 48.0 totalBw 370.8 ===
mocr4pcc02u30:129:158 [3] NCCL INFO CPU/0-0 (1/2/-1)
mocr4pcc02u30:129:158 [3] NCCL INFO + PCI[48.0] - PCI/0-1000 (15b3197900000000)
mocr4pcc02u30:129:158 [3] NCCL INFO               + PCI[48.0] - PCI/0-4000 (15b3197900000000)
mocr4pcc02u30:129:158 [3] NCCL INFO                             + PCI[48.0] - GPU/0-6000 (0)
mocr4pcc02u30:129:158 [3] NCCL INFO                                           + NVL[123.6] - GPU/0-26000
mocr4pcc02u30:129:158 [3] NCCL INFO                                           + NVL[123.6] - GPU/0-a6000
mocr4pcc02u30:129:158 [3] NCCL INFO                                           + NVL[123.6] - GPU/0-c6000
mocr4pcc02u30:129:158 [3] NCCL INFO + PCI[48.0] - PCI/0-21000 (15b3197900000000)
mocr4pcc02u30:129:158 [3] NCCL INFO               + PCI[48.0] - NIC/0-23000
mocr4pcc02u30:129:158 [3] NCCL INFO                             + NET[50.0] - NET/0-0 (0/0/0/50.000000)
mocr4pcc02u30:129:158 [3] NCCL INFO               + PCI[48.0] - PCI/0-24000 (15b3197900000000)
mocr4pcc02u30:129:158 [3] NCCL INFO                             + PCI[48.0] - GPU/0-26000 (1)
mocr4pcc02u30:129:158 [3] NCCL INFO                                           + NVL[123.6] - GPU/0-6000
mocr4pcc02u30:129:158 [3] NCCL INFO                                           + NVL[123.6] - GPU/0-c6000
mocr4pcc02u30:129:158 [3] NCCL INFO                                           + NVL[123.6] - GPU/0-a6000
mocr4pcc02u30:129:158 [3] NCCL INFO + SYS[16.0] - CPU/0-1
mocr4pcc02u30:129:158 [3] NCCL INFO CPU/0-1 (1/2/-1)
mocr4pcc02u30:129:158 [3] NCCL INFO + PCI[48.0] - PCI/0-a1000 (15b3197900000000)
mocr4pcc02u30:129:158 [3] NCCL INFO               + PCI[48.0] - PCI/0-a4000 (15b3197900000000)
mocr4pcc02u30:129:158 [3] NCCL INFO                             + PCI[48.0] - GPU/0-a6000 (2)
mocr4pcc02u30:129:158 [3] NCCL INFO                                           + NVL[123.6] - GPU/0-26000
mocr4pcc02u30:129:158 [3] NCCL INFO                                           + NVL[123.6] - GPU/0-6000
mocr4pcc02u30:129:158 [3] NCCL INFO                                           + NVL[123.6] - GPU/0-c6000
mocr4pcc02u30:129:158 [3] NCCL INFO + PCI[48.0] - PCI/0-c1000 (15b3197900000000)
mocr4pcc02u30:129:158 [3] NCCL INFO               + PCI[48.0] - PCI/0-c4000 (15b3197900000000)
mocr4pcc02u30:129:158 [3] NCCL INFO                             + PCI[48.0] - GPU/0-c6000 (3)
mocr4pcc02u30:129:158 [3] NCCL INFO                                           + NVL[123.6] - GPU/0-6000
mocr4pcc02u30:129:158 [3] NCCL INFO                                           + NVL[123.6] - GPU/0-26000
mocr4pcc02u30:129:158 [3] NCCL INFO                                           + NVL[123.6] - GPU/0-a6000
mocr4pcc02u30:129:158 [3] NCCL INFO + SYS[16.0] - CPU/0-0
mocr4pcc02u30:129:158 [3] NCCL INFO ==========================================
mocr4pcc02u30:129:158 [3] NCCL INFO GPU/0-6000 :GPU/0-6000 (0/5000.0/LOC) GPU/0-26000 (1/123.6/NVL) GPU/0-a6000 (1/123.6/NVL) GPU/0-c6000 (1/123.6/NVL) CPU/0-0 (3/48.0/PHB) CPU/0-1 (4/16.0/SYS) NET/0-0 (6/48.0/PHB) 
mocr4pcc02u30:129:158 [3] NCCL INFO GPU/0-26000 :GPU/0-6000 (1/123.6/NVL) GPU/0-26000 (0/5000.0/LOC) GPU/0-a6000 (1/123.6/NVL) GPU/0-c6000 (1/123.6/NVL) CPU/0-0 (3/48.0/PHB) CPU/0-1 (4/16.0/SYS) NET/0-0 (6/48.0/PHB) 
mocr4pcc02u30:129:158 [3] NCCL INFO GPU/0-a6000 :GPU/0-6000 (1/123.6/NVL) GPU/0-26000 (1/123.6/NVL) GPU/0-a6000 (0/5000.0/LOC) GPU/0-c6000 (1/123.6/NVL) CPU/0-0 (4/16.0/SYS) CPU/0-1 (3/48.0/PHB) NET/0-0 (7/16.0/SYS) 
mocr4pcc02u30:129:158 [3] NCCL INFO GPU/0-c6000 :GPU/0-6000 (1/123.6/NVL) GPU/0-26000 (1/123.6/NVL) GPU/0-a6000 (1/123.6/NVL) GPU/0-c6000 (0/5000.0/LOC) CPU/0-0 (4/16.0/SYS) CPU/0-1 (3/48.0/PHB) NET/0-0 (7/16.0/SYS) 
mocr4pcc02u30:129:158 [3] NCCL INFO NET/0-0 :GPU/0-6000 (6/48.0/PHB) GPU/0-26000 (6/48.0/PHB) GPU/0-a6000 (7/16.0/SYS) GPU/0-c6000 (7/16.0/SYS) CPU/0-0 (3/48.0/PHB) CPU/0-1 (4/16.0/SYS) NET/0-0 (0/5000.0/LOC) 
mocr4pcc02u30:129:158 [3] NCCL INFO Setting affinity for GPU 3 to ffffffff,ffffffff,ffffffff,ffffffff,00000000,00000000,00000000,00000000,ffffffff,ffffffff,ffffffff,ffffffff,00000000,00000000,00000000,00000000
mocr4pcc02u30:129:158 [3] NCCL INFO NVLS multicast support is not available on dev 3
mocr4pcc02u30:129:158 [3] NCCL INFO Pattern 4, crossNic 0, nChannels 2, bw 15.000000/15.000000, type NVL/PHB, sameChannels 0
mocr4pcc02u30:129:158 [3] NCCL INFO  0 : NET/0-0 GPU/0 GPU/3 GPU/2 GPU/1 NET/0-0
mocr4pcc02u30:129:158 [3] NCCL INFO  1 : NETmocr4pcc02u30:126:155 [0] NCCL INFO Pmocr4pcc02u30:129:158 [3] NCCL INFO Pattern 3, crossNic 0, nChannels 2, bw 48.000000/24.000000, type NVL/PHB, sameChannels 1
mocr4pcc02u30:129:158 [3] NCCL INFO  0 : NET/0-0 GPU/0 GPU/1 GPU/2 GPU/3 NET/0-0
mocr4pcc02u30:129:158 [3] NCCL INFO  1 : NETmocr4pcc02u30:126:155 [0] NCCL INFO cmocr4pcc02u30:128:157 [2] NCCL INFO comm 0x55d357df98f0 rank 2 nRanks 8 nNodemocr4pcc02u30:126:155 [0] NCCL INFO Tmocr4pcc02u30:128:157 [2] NCCL INFO Ring 00 : 3 -> 2 -> 1
mocr4pcc02u30:128:157 [2] NCCL INFO Ring 01 : 3 -> 2 -> 0
mocr4pcc02u30:128:157 [2] NCCL INFO Ring 02 : 3 -> 2 -> 1
mocr4pcc02u30:128:157 [2] NCCL INFO Ring 03 : 3 -> 2 -> 0
mocr4pcc02u30:128:157 [2] NCCL INFO Trees [0] 3/-1/-1->2->1 [1] 3/-1/-1->2->1 [2] 3/-1/-1->2->1 [3] 3/-1/-1->2->1
mocr4pcc02u30:128:157 [2] NCCL INFO P2P Chunksize set to 131072
mocr4pcc02u30:128:157 [2] NCCL INFO UDS: Creating service thread comm 0x55d357df98f0 rank 2
mocr4pcc02u30:128:157 [2] NCCL INFO misc/utils.cc:233 memory stack hunk malloc(65536)
mocr4pcc02u30:128:172 [2] NCCL INFO [Proxy Service] Device 2 CPU core 161
mocr4pcc02u30:128:174 [2] NCCL INFO [Proxy Service UDS] Device 2 CPU core 427
mocr4pcc02u30:128:157 [2] NCCL INFO channel.cc:42 Cuda Alloc Size 4864 pointer 0x7f1cb9e00000
mocrmocr4pcc02u30:129:158 [3] NCCL INFO channel.cc:45 Cuda Alloc Size 104 pointer 0x7f20dde00mocr4pcc02u30:128:157 [2] NCCL INFO channel.cc:56 Cuda Alloc Size 32 pointer 0x7f1d0f400000
mocr4pcc02u30:128:157 [2] NCCL INFO channel.cc:42 Cuda Alloc Size 4864 pointer 0x7f1d0f600000
mocr4pcc02u30:128:157 [2] NCCL INFO channel.cc:45 Cuda Alloc Size 104 pointer 0x7f1d0f800000
mocr4pcc02u30:128:157 [2] NCCL INFO channel.cc:56 Cuda Alloc Size 32 pointer 0x7f1d0fa00000
mocr4pcc02u30:128:157 [2] NCCL INFO channel.cc:42 Cuda Alloc Size 4864 pointer 0x7f1d0fc00000
mocr4pcc02u30:128:157 [2] NCCL INFO channel.cc:45 Cuda Alloc Size 104 pointer 0x7f1d0fe00000
mocr4pcc02u30:128:157 [2] NCCL INFO channel.cc:56 Cuda Alloc Size 32 pointer 0x7f1cfd400000
mocr4pcc02u30:128:157 [2] NCCL INFO channel.cc:42 Cuda Alloc Size 4864 pointer 0x7f1cfd600000
mocr4pcc02u30:128:157 [2] NCCL INFO channel.cc:45 Cuda Alloc Size 104 pointer 0x7f1cfd800000
mocr4pcc02u30:128:157 [2] NCCL INFO channel.cc:56 Cuda Alloc Size 32 pointer 0x7f1cfda00000
mocr4pcc02u30:128:157 [2] NCCL INFO threadThresholds 8/8/64 | 64/8/64 | 512 | 512
mocr4pcc02u30:128:157 [2] NCCL INFO 4 coll channels, 4 collnet channels, 0 nvls channels, 4 p2p channels, 2 p2p channels per peer
mocr4pcc02u30:128:157 [2] NCCL INFO init.cc:436 Cuda Alloc Size 23648 pointer 0x7f1cfdc00000
mocr4pcc02u30:128:157 [2] NCCL INFO init.cc:438 Cuda Alloc Size 32 pointer 0x7f1cfde00000
mocr4pcc02u30:128:157 [2] NCCL INFO init.cc:480 Cuda Host Alloc Size 1048576 pointer 0x7f1d07400200
mocr4pcc02u30:128:157 [2] NCCL INFO init.cc:485 Cuda Host Alloc Size 256 pointer 0x7f1d07500200
mocr4pcc02u30:128:157 [2] NCCL INFO init.cc:492 Cuda Host Alloc Size 512 pointer 0x7f1d07500400
mocr4pcc02u30:128:157 [2] NCCL INFO init.cc:493 Cuda Host Alloc Size 512 pointer 0x7f1d07500600
mocr4pcc02u30:128:157 [2] NCCL INFO TUNER/Plugin: Could not find: libnccl-tuner.so. Using internal tuner plugin.
mocr4pcc02u30:128:157 [2] NCCL INFO ncclCommInitRankConfig comm 0x55d357df98f0 rank 2 nranks 8 cudaDev 2 nvmlDev 2 busId a6000 commId 0x814f5a0496845e63 - Init COMPLETE
mocr4pcc02u30:128:157 [2] NCCL INFO Init timings - ncclCommInitRankConfig: rank 2 nranks 8 total 3.73 (kernels 0.69, alloc 1.07, bootstrap 1.12, allgathers 0.38, topo 0.37, graphs 0.00, connections 0.08, rest 0.01)
mocr4pcc02u30:128:128 [2] NCCL INFO AllGather: opCount 0 sendbuff 0x7f1cf7476800 recvbuff 0x7f1cf7477a00 count 1 datatype 4 op 0 root 0 comm 0x55d357df98f0 [nranks=8] stream 0x55d357daf3b0
mocr4pcc02u30:128:128 [2] NCCL INFO misc/utils.cc:233 memory stack hunk malloc(65536)
mocr4pcc02u30:128:178 [2] NCCL INFO Channel 01/0 : 2[2] -> 0[0] via P2P/CUMEM
mocr4pcc02u30:128:172 [2] NCCL INFO Mem Realloc old size 0, new size 8 pointer 0x7f1d28004f20
mocr4pcc02u30:128:172 [2] NCCL INFO New proxy send connection 0 from local rank 2, transport 0
mocr4pcc02u30:128:172 [2] NCCL INFO proxyProgressAsync opId=0x7f1cdeeb1950 op.type=1 op.reqBuff=0x7f1d28004ee0 op.respSize=16 done
mocr4pcc02u30:128:178 [2] NCCL INFO ncclPollProxyResponse Received new opId=0x7f1cdeeb1950
mocr4pcc02u30:128:172 [2] NCCL INFO Received and initiated operation=Init res=0
mocr4pcc02u30:128:178 [2] NCCL INFO resp.opId=0x7f1cdeeb1950 matches expected opId=0x7f1cdeeb1950
mocr4pcc02u30:128:178 [2] NCCL INFO Connected to proxy localRank 2 -> connection 0x7f1d28004f40
mocr4pcc02u30:128:172 [2] NCCL INFO Allocated shareable buffer 0x7f1d19800000 size 2097152 ipcDesc 0x7f1d28008b80
mocr4pcc02u30:128:172 [2] NCCL INFO proxyProgressAsync opId=0x7f1cdeeb1950 op.type=3 op.reqBuff=0x7f1d28008b50 op.respSize=88 done
mocr4pcc02u30:128:178 [2] NCCL INFO ncclPollProxyResponse Received new opId=0x7f1cdeeb1950
mocr4pcc02u30:128:172 [2] NCCL INFO Received and initiated operation=Setup res=0
mocr4pcc02u30:128:178 [2] NCCL INFO resp.opId=0x7f1cdeeb1950 matches expected opId=0x7f1cdeeb1950
mocr4pcc02u30:128:178 [2] NCCL INFO Channel 03/0 : 2[2] -> 0[0] via P2P/CUMEM
mocr4pcc02u30:128:172 [2] NCCL INFO New proxy send connection 1 from local rank 2, transport 0
mocr4pcc02u30:128:172 [2] NCCL INFO proxyProgressAsync opId=0x7f1cdeeb1950 op.type=1 op.reqBuff=0x7f1d2800a4d0 op.respSize=16 done
mocr4pcc02u30:128:178 [2] NCCL INFO ncclPollProxyResponse Received new opId=0x7f1cdeeb1950
mocr4pcc02u30:128:172 [2] NCCL INFO Received and initiated operation=Init res=0
mocr4pcc02u30:128:178 [2] NCCL INFO resp.opId=0x7f1cdeeb1950 matches expected opId=0x7f1cdeeb1950
mocr4pcc02u30:128:178 [2] NCCL INFO Connected to proxy localRank 2 -> connection 0x7f1d28004fb8
mocr4pcc02u30:128:172 [2] NCCL INFO Allocated shareable buffer 0x7f1d19a00000 size 2097152 ipcDesc 0x7f1d2800a540
mocr4pcc02u30:128:172 [2] NCCL INFO proxyProgressAsync opId=0x7f1cdeeb1950 op.type=3 op.reqBuff=0x7f1d2800a510 op.respSize=88 done
mocr4pcc02u30:128:178 [2] NCCL INFO ncclPollProxyResponse Received new opId=0x7f1cdeeb1950
mocr4pcc02u30:128:172 [2] NCCL INFO Received and initiated operation=Setup res=0
mocr4pcc02u30:128:178 [2] NCCL INFO resp.opId=0x7f1cdeeb1950 matches expected opId=0x7f1cdeeb1950
mocr4pcc02u30:128:172 [2] NCCL INFO New proxy recv connection 2 from local rank 2, transport 0
mocr4pcc02u30:128:172 [2] NCCL INFO proxyProgressAsync opId=0x7f1cdeeb1950 op.type=1 op.reqBuff=0x7f1d2800bc50 op.respSize=16 done
mocr4pcc02u30:128:178 [2] NCCL INFO ncclPollProxyResponse Received new opId=0x7f1cdeeb1950
mocr4pcc02u30:128:172 [2] NCCL INFO Received and initiated operation=Init res=0
mocr4pcc02u30:128:178 [2] NCCL INFO resp.opId=0x7f1cdeeb1950 matches expected opId=0x7f1cdeeb1950
mocr4pcc02u30:128:178 [2] NCCL INFO Connected to proxy localRank 2 -> connection 0x7f1d28005030
mocr4pcc02u30:128:172 [2] NCCL INFO Allocated shareable buffer 0x7f1d1b400000 size 10485760 ipcDesc 0x7f1d2800bca0
mocr4pcc02u30:128:172 [2] NCCL INFO proxyProgressAsync opId=0x7f1cdeeb1950 op.type=3 op.reqBuff=0x7f1d2800bc70 op.respSize=88 done
mocr4pcc02u30:128:178 [2] NCCL INFO ncclPollProxyResponse Received new opId=0x7f1cdeeb1950
mocr4pcc02u30:128:172 [2] NCCL INFO Received and initiated operation=Setup res=0
mocr4pcc02u30:128:178 [2] NCCL INFO resp.opId=0x7f1cdeeb1950 matches expected opId=0x7f1cdeeb1950
mocr4pcc02u30:128:172 [2] NCCL INFO New proxy recv connection 3 from local rank 2, transport 0
mocr4pcc02u30:128:172 [2] NCCL INFO proxyProgressAsync opId=0x7f1cdeeb1950 op.type=1 op.reqBuff=0x7f1d2800bc70 op.respSize=16 done
mocr4pcc02u30:128:178 [2] NCCL INFO ncclPollProxyResponse Received new opId=0x7f1cdeeb1950
mocr4pcc02u30:128:172 [2] NCCL INFO Received and initiated operation=Init res=0
mocr4pcc02u30:128:178 [2] NCCL INFO resp.opId=0x7f1cdeeb1950 matches expected opId=0x7f1cdeeb1950
mocr4pcc02u30:128:178 [2] NCCL INFO Connected to proxy localRank 2 -> connection 0x7f1d280050a8
mocr4pcc02u30:128:172 [2] NCCL INFO Allocated shareable buffer 0x7f1cf7600000 size 10485760 ipcDesc 0x7f1d2800d5c0
mocr4pcc02u30:128:172 [2] NCCL INFO proxyProgressAsync opId=0x7f1cdeeb1950 op.type=3 op.reqBuff=0x7f1d2800d590 op.respSize=88 done
mocr4pcc02u30:128:178 [2] NCCL INFO ncclPollProxyResponse Received new opId=0x7f1cdeeb1950
mocr4pcc02u30:128:172 [2] NCCL INFO Received and initiated operation=Setup res=0
mocr4pcc02u30:128:178 [2] NCCL INFO resp.opId=0x7f1cdeeb1950 matches expected opId=0x7f1cdeeb1950
mocr4pcc02u30:128:172 [2] NCCL INFO New proxy recv connection 4 from local rank 2, transport 0
mocr4pcc02u30:128:172 [2] NCCL INFO proxyProgressAsync opId=0x7f1cdeeb1950 op.type=1 op.reqBuff=0x7f1d2800d590 op.respSize=16 done
mocr4pcc02u30:128:178 [2] NCCL INFO ncclPollProxyResponse Received new opId=0x7f1cdeeb1950
mocr4pcc02u30:128:172 [2] NCCL INFO Received and initiated operation=Init res=0
mocr4pcc02u30:128:178 [2] NCCL INFO resp.opId=0x7f1cdeeb1950 matches expected opId=0x7f1cdeeb1950
mocr4pcc02u30:128:178 [2] NCCL INFO Connected to proxy localRank 2 -> connection 0x7f1d28005120
mocr4pcc02u30:128:172 [2] NCCL INFO Allocated shareable buffer 0x602000000 size 10485760 ipcDesc 0x7f1d2800ee20
mocr4pcc02u30:128:172 [2] NCCL INFO proxyProgressAsync opId=0x7f1cdeeb1950 op.type=3 op.reqBuff=0x7f1d2800edf0 op.respSize=88 done
mocr4pcc02u30:128:178 [2] NCmocr4pcc02u30:127:168 [1] NCCL INFO New proxy send connection 4 from local rank 3, transport 0
mocr4pcc02u30:127:168 [1] NCCL INFO proxyProgressAsync opId=0x7f20c6eb1950 op.type=1 op.reqBuff=0x7efbb400c5e0 op.respSize=16 done
mocr4pcc02u30:127:168 [1] NCCL INFO Received and initiated operation=Init res=0
mocr4pcc02u30:127:171 [1] NCCL INFO proxyUDSRecvReq::ncclProxyMsgGetFd rank 3 opId 0x7a9994e95f0a67bb handle=0x7efbb4008bd0
mocr4pcc02u30:127:171 [1] NCCL INFO UDS proxyGetFd received handle 0x7efbb4008bd0 peer 3 opId 7a9994e95f0a67bb
mocr4pcc02u30:127:171 [1] NCCL INFO proxyUDSRecvReq::ncclProxyMsgGetFd rank 3 opId 0x55f645f28f11758b handle=0x7efbb400a590
mocr4pcc02u30:127:171 [1] NCCL INFO UDS proxyGetFd received handle 0x7efbb400a590 peer 3 opId 55f645f28f11758b
mocr4pcc02u30:127:168 [1] NCCL INFO New proxy recv connection 5 from local rank 1, transport 2
mocr4pcc02u30:127:168 [1] NCCL INFO proxyProgressAsync opId=0x7efb72eb1950 op.type=1 op.reqBuff=0x7efbb400c600 op.respSize=16 done
mocr4pcc02u30:127:175 [1] NCCL INFO ncclPollProxyResponse Received new opId=0x7efb72eb1950
mocr4pcc02u30:127:175 [1] NCCL INFO resp.opId=0x7efb72eb1950 matches expected opId=0x7efb72eb1950
mocr4pcc02u30:127:175 [1] NCCL INFO Connected to proxy localRank 1 -> connection 0x7efbb4005198
mocr4pcc02u30:127:168 [1] NCCL INFO Received and initiated operation=Init res=0
mocr4pcc02u30:127:168 [1] NCCL INFO NCCL_NSOCKS_PERTHREAD set by environment to 4.
mocr4pcc02u30:127:168 [1] NCCL INFO NCCL_SOCKET_NTHREADS set by environment to 16.
mocr4pcc02u30:127:168 [1] NCCL INFO NET/Socket: Using 16 threads and 4 sockets per thread
mocr4pcc02u30:127:168 [1] NCCL INFO proxyProgressAsync opId=0x7efb72eb1950 op.type=3 op.reqBuff=0x7efbb400cc90 op.respSize=128 done
mocr4pcc02u30:127:175 [1] NCCL INFO ncclPollProxyResponse Received new opId=0x7efb72eb1950
mocr4pcc02u30:127:168 [1] NCCL INFO Received and initiated operation=Setup res=0
mocr4pcc02u30:127:175 [1] NCCL INFO resp.opId=0x7efb72eb1950 matches expected opId=0x7efb72eb1950
mocr4pcc02u30:127:175 [1] NCCL INFO Channel 01/0 : 4[0] -> 1[1] [receive] via NET/Socket/0
mocr4pcc02u30:127:168 [1] NCCL INFO New proxy recv connection 6 from local rank 1, transport 2
mocr4pcc02u30:127:168 [1] NCCL INFO proxyProgressAsync opId=0x7efb72eb1950 op.type=1 op.reqBuff=0x7efbb400c5e0 op.respSize=16 done
mocr4pcc02u30:127:175 [1] NCCL INFO ncclPollProxyResponse Received new opId=0x7efb72eb1950
mocr4pcc02u30:127:168 [1] NCCL INFO Received and initiated operation=Init res=0
mocr4pcc02u30:127:175 [1] NCCL INFO resp.opId=0x7efb72eb1950 matches expected opId=0x7efb72eb1950
mocr4pcc02u30:127:175 [1] NCCL INFO Connected to proxy localRank 1 -> connection 0x7efbb4005210
mocr4pcc02u30:127:168 [1] NCCL INFO NET/Socket: Using 16 threads and 4 sockets per thread
mocr4pcc02u30:127:168 [1] NCCL INFO proxyProgressAsync opId=0x7efb72eb1950 op.type=3 op.reqBuff=0x7efbb400d440 op.respSize=128 done
mocr4pcc02u30:127:175 [1] NCCL INFO ncclPollProxyResponse Received new opId=0x7efb72eb1950
mocr4pcc02u30:127:168 [1] NCCL INFO Received and initiated operation=Setup res=0
mocr4pcc02u30:127:175 [1] NCCL INFO resp.opId=0x7efb72eb1950 matches expected opId=0x7efb72eb1950
mocr4pcc02u30:127:175 [1] NCCL INFO Channel 03/0 : 4[0] -> 1[1] [receive] via NET/Socket/0
mocr4pcc02u30:127:168 [1] NCCL INFO New proxy recv connection 7 from local rank 1, transport 0
mocr4pcc02u30:127:168 [1] NCCL INFO proxyProgressAsync opId=0x7efb72eb1950 op.type=1 op.reqBuff=0x7efbb400c5e0 op.respSize=16 done
mocr4pcc02u30:127:175 [1] NCCL INFO ncclPollProxyResponse Received new opId=0x7efb72eb1950
mocr4pcc02u30:127:168 [1] NCCL INFO Received and initiated operation=Init res=0
mocr4pcc02u30:127:175 [1] NCCL INFO resp.opId=0x7efb72eb1950 matches expected opId=0x7efb72eb1950
mocr4pcc02u30:127:175 [1] NCCL INFO Connected to proxy localRank 1 -> connection 0x7efbb4005288
mocr4pcc02u30:127:168 [1] NCCL INFO Allocated shareable buffer 0x7efba9400000 size 10485760 ipcDesc 0x7efbb400dc00
mocr4pcc02u30:127:168 [1] NCCL INFO proxyProgressAsync opId=0x7efb72eb1950 op.type=3 op.reqBuff=0x7efbb400c600 op.respSize=88 done
mocr4pcc02u30:127:175 [1] NCCL INFO ncclPollProxyResponse Received new opId=0x7efb72eb1950
mocr4pcc02u30:127:168 [1] NCCL INFO Received and initiated operation=Setup res=0
mocr4pcc02u30:127:175 [1] NCCL INFO resp.opId=0x7efb72eb1950 matches expected opId=0x7efb72eb1950
mocr4pcc02u30:127:168 [1] NCCL INFO New proxy recv connection 8 from local rank 1, trmocr4pcc02u30:128:178 [2] NCCL INFO ncclPollProxyResponse Received new opId=0x7f1cdeeb1950
mocr4pcc02u30:128:178 [2] NCCL INFO resp.opId=0x7f1cdeeb1950 matches expected opId=0x7f1cdeeb1950
mocr4pcc02u30:128:178 [2] NCCL INFO Connected to proxy localRank 0 -> connection 0x7f528c005378
mocr4pcc02u30:128:178 [2] NCCL INFO ProxyCall UDS comm 0x55d357df98f0 rank 2 tpRank 0(f6b4e854cf2b01dd) reqSize 8 respSize 0 respFd 0x7f1d05ffeaa8 opId 0x1a1a20130383bff1
mocr4pcc02u30:128:172 [2] NCCL INFO New proxy send connection 9 from local rank 3, transport 0
mocr4pcc02u30:128:172 [2] NCCL INFO proxyProgressAsync opId=0x7f20c6eb1950 op.type=1 op.reqBuff=0x7f1d28014f60 op.respSize=16 done
mocr4pcc02u30:128:172 [2] NCCL INFO Received and initiated operation=Init res=0
mocr4pcc02u30:128:174 [2] NCCL INFO proxyUDSRecvReq::ncclProxyMsgGetFd rank 3 opId 0x89f78ea2c5f690b0 handle=0x7f1d2800bcf0
mocr4pcc02u30:128:174 [2] NCCL INFO UDS proxyGetFd received handle 0x7f1d2800bcf0 peer 3 opId 89f78ea2c5f690b0
mocr4pcc02u30:128:178 [2] NCCL INFO ProxyCall UDS comm 0x55d357df98f0 rank 2 tpRank 0(f6b4e854cf2b01dd) reqSize 8 respSize 0 respFd 93 opId 0x1a1a20130383bff1 - DONE
mocr4pcc02u30:128:178 [2] NCCL INFO UDS: ClientGetFd handle 0x7f528c00dc50 tpRank 0 returned fd 93 sameProcess 0
mocr4pcc02u30:128:178 [2] NCCL INFO UDS converted handle 0x7f528c00dc50 to fd 93 on remote peer 0
mocr4pcc02u30:128:178 [2] NCCL INFO Imported shareable buffer device 2 size 10485760 ptr 0x604000000
mocr4pcc02u30:128:178 [2] NCCL INFO ProxyCall UDS comm 0x55d357df98f0 rank 2 tpRank 0(f6b4e854cf2b01dd) reqSize 8 respSize 0 respFd 0x7f1d05ffeaa8 opId 0x241a0097cf7e94f0
mocr4pcc02u30:128:174 [2] NCCL INFO proxyUDSRecvReq::ncclProxyMsgGetFd rank 3 opId 0xca9366a5701c0608 handle=0x7f1d2800d610
mocr4pcc02u30:128:174 [2] NCCL INFO UDS proxyGetFd received handle 0x7f1d2800d610 peemocr4pcc02u30:127:175 [1] NCCL INFO Imported shareable buffer device 1 size 10485760 ptr 0x602000000
mocr4pcc02u30:127:175 [1] NCCL INFO ProxyCall UDS comm 0x55949b9e52a0 rank 1 tpRank 3(4928fabb0fc8ff6f) reqSize 8 respSize 0 respFd 0x7efb8fefeaa8 opId 0x802bd212fb0c1dad
mocr4pcc02u30:127:168 [1] NCCL INFO New proxy send connection 9 from local rank 2, transport 0
mocr4pcc02u30:127:168 [1] NCCL INFO proxyProgressAsync opId=0x7f1cdeeb1950 op.type=1 op.reqBuff=0x7efbb400f4d0 op.respSize=16 done
mocr4pcc02u30:127:168 [1] NCCL INFO Received and initiated operation=Init res=0
mocr4pcc02u30:127:171 [1] NCCL INFO proxyUDSRecvReq::ncclProxyMsgGetFd rank 2 opId 0x1df5983b11cb3d26 handle=0x7efbb400dc50
mocr4pcc02u30:127:171 [1] NCCL INFO UDS proxyGetFd received handle 0x7efbb400dc50 peer 2 opId 1df5983b11cb3d26
mocr4pcc02u30:127:175 [1] NCCL INFO ProxyCall UDS comm 0x55949b9e52a0 rank 1 tpRank 3(4928fabb0fc8ff6f) reqSize 8 respSize 0 respFd 97 opId 0x802bdmocr4pcc02u30:128:174 [2] NCCL INFO proxyUDSRecvReq::ncclProxyMsgGetFd rank 3 opId 0xea9f4d1d3680f33a handle=0x7f1d2800ee70
mocr4pcc02u30:128:174 [2] NCCL INFO UDS proxyGetFd received handle 0x7f1d2800ee70 peer 3 opId ea9f4d1d3680mocr4mocr4pcc02u30:128:172 [2] NCCL INFO New proxy send connection 10 from local rank 1, transport 0
mocr4pcc02u30:128:172 [2] NCCL INFO proxyProgressAsync opId=0x7efb72eb1950 op.type=1 op.reqBuff=0x7f1d28013840 op.respSize=16 done
mocr4pcc02u30:128:172 [2] NCCL INFO Received and initiated operation=Init res=0
mocr4pcc02u30:128:178 [2] NCCL INFO ProxyCall UDS comm 0x55d357df98f0 rank 2 tpRank 1(5ad6a25b5dcd11be) reqSize 8 respSize 0 respFd 95 opId 0x1df5983b11cb3d26 - DONE
mocr4pcc02u30:128:178 [2] NCCL INFO UDS: ClientGetFd handle 0x7efbb400dc50 tpRank 1 returned fd 95 sameProcess 0
mocr4pcc02u30:128:178 [2] NCCL INFO UDS converted handle 0x7efbb400dc50 to fd 95 on remote peer 1
mocr4pcc02u30:128:174 [2] NCCL INFO proxyUDSRecvReq::ncclProxyMsgGetFd rank 1 opId 0xa99cbce770c14b15 handle=0x7f1d280121a0
mocr4pcc02u30:128:174 [2] NCCL INFO UDS proxyGetFd received handle 0x7f1d280121a0 peer 1 opId a99cbce770c14b15
mocr4pcc02u30:128:178 [2] NCCL INFO Imported shareable buffer device 2 size 10485760 ptr 0x605400000
mocr4pcc02u30:128:174 [2] NCCL INFO proxyUDSRecvReq::ncclProxyMsgGetFd rank 3 opId 0xca592416f325e477 handle=0x7f1d28010a80
mocr4pcc02u30:128:174 [2] NCCL INFO UDS proxyGetFd received handle 0x7f1d28010a80 peer 3 opId ca592416f325e477
mocr4pcc02u30:128:178 [2] NCCL INFO ncclPollProxyResponse Received new opId=0x7f1cdeeb1950
mocr4pcc02u30:128:178 [2] NCCL INFO resp.opId=0x7f1cmocr4pcc02u30:127:168 [1] NCCL INFO transport/net.cc:805 Cuda Host Alloc Size 9641984 pointer 0x603400000
mocr4pcc02u30:127:168 [1] NCCL INFO proxyProgressAsync opId=0x7efb731da460 op.type=4 op.reqBuff=0x7efbb4010d50 op.respSize=1400 done
mocr4pcc02u30:127:168 [1] NCCL INFO Received and initiated operation=Connect res=0
mocr4pcc02u30:127:175 [1] NCCL INFO Imported shareable buffer device 1 size 2097152 ptr 0x603e00000
mocr4pcc02u30:127:175 [1] NCCL INFO ProxyCall UDS comm 0x55949b9e52a0 rank 1 tpRank 2(ee7df2caa175313e) reqSize 8 respSize 0 respFd 0x7efb8fefea98 opId 0xe20a4d2ca184c152
mocr4pcc02u30:127:168 [1] NCCL INFO transport/net.cc:805 Cuda Host Alloc Size 9641984 pointer 0x7efbae000000
mocr4pcc02u30:127:168 [1] NCCL INFO proxyProgressAsync opId=0x7efb733a5bf0 op.type=4 op.reqBuff=0x7efbb4010de0 op.respSize=1400 done
mocr4pcc02u30:127:168 [1] NCCL INFO Received and initiated operation=Connect res=0
mocr4pcc02u30:127:175 [1] NCCL INFO ProxyCall UDS comm 0x55949b9e52a0 rank 1 tpRank 2(ee7df2caa175313e) reqSize 8 respSize 0 respFd 258 opId 0xe20a4d2ca184c152 - DONE
mocr4pcc02u30:127:171 [1] NCCL INFO proxyUDSRecvReq::ncclProxyMsgGetFd rank 2 opId 0x9429ce63e87e2763 handle=0x7efbb400f550
mocr4pcc02u30:127:171 [1] NCCL INFO UDS proxyGetFd received handle 0x7efbb400f550 peer 2 opId 9429ce63e87e2763
mocr4pcc02u30:127:175 [1] NCCL INFO UDS: ClientGetFd handle 0x7f1d280138c0 tpRank 2 returned fd 258 sameProcess 0
mocr4pcc02u30:127:175 [1] NCCL INFO UDS converted handle 0x7f1d280138c0 to fd 258 on remote peer 2
mocr4pcc02u30:127:175 [1] NCCL INFO Imported shareable buffer device 1 size 2097152 ptr 0x7efbaf400000
mocr4pcc02u30:127:175 [1] NCCL INFO ncclPollProxyResponse Received new opId=0x7efb731da460
mocr4pcc02u30:127:175 [1] NCCL INFO resp.opId=0x7efb731da460 matches expected opId=0x7efb731da460
mocr4pcc02u30:127:175 [1] NCCL INFO sendConnect ncclPollProxyResponse opId=0x7efb731da460
mocr4pcc02u30:127:175 [1] NCCL INFO ncclPollProxyResponse Received new opId=0x7efb733a5bf0
mocr4pcc02u30:127:175 [1] NCCL INFO resp.opId=0x7efb733a5bf0 matches expected opId=0x7efb733a5bf0
mocr4pcc02u30:127:175 [1] NCCL INFO sendConnect ncclPollProxyResponse opId=0x7efb733a5bf0
mocr4pcc02u30:127:168 [1] NCCL INFO transport/net.cc:958 Cuda Host Alloc Size 9641984 pointer 0x7efbaea00000
mocr4pcc02u30:127:168 [1] NCCL INFO proxyProgressAsync opId=0x7efb7339fda0 op.type=4 op.reqBuff=0x7efbb4018bf0 op.respSize=1400 done
mocr4pcc02u30:127:175 [1] NCCL INFO ncclPollProxyResponse Received new opId=0x7efb7339fda0
mocr4pcc02u30:127:175 [1] NCCL INFO resp.opId=0x7efb7339fda0 matches expected opId=0x7efb7339fda0
mocr4pcc02u30:127:175 [1] NCCL INFO recvConnect ncclPollProxyResponse opId=0x7efb7339fda0
mocr4pcc02u30:127:168 [1] NCCL INFO Received and initiated operation=Connect res=0
mocr4pcc02u30:127:168 [1] NCCL INFO transport/net.cc:958 Cuda Host Alloc Size 9641984 pointer 0x7efbaf600000
mocr4pcc02u30:127:168 [1] NCCL INFO proxyProgressAsync opId=0x7efb733abe40 op.type=4 op.reqBuff=0x7efbb4018bf0 op.respSize=1400 done
mocr4pcc02u30:127:175 [1] NCCL INFO ncclPollProxyResponse Received new opId=0x7efb733abe40
mocr4pcc02u30:127:175 [1] NCCL INFO resp.opId=0x7efb733abe40 matches expected opId=0x7efb733abe40
mocr4pcc02u30:127:175 [1] NCCL INFO recvConnect ncclPollProxyResponse opId=0x7efb733abe40
mocr4pcc02u30:127:168 [1] NCCL INFO Received and initiated operation=Connect res=0
mocr4pcc02u30:127:175 [1] NCCL INFO Connected all rings, use ring PXN 0 GDR 0
mocr4pcc02u30:127:127 [1] NCCL INFO Broadcast: opCount 1 sendbuff 0x7efb85477a00 recvbuff 0x7efb85477a00 count 396 datatype 4 op 0 root 0 comm 0x55949b9e52a0 [nranks=8] stream 0x5594997cedf0
mocr4pcc02u30:127:127 [1] NCCL INFO Broadcast: opCount 2 sendbuff 0x7efafc000000 recvbuff 0x7efafc000000 count 67734528 datatype 7 op 0 root 0 comm 0x55949b9e52a0 [nranks=8] stream 0x5594997cedf0
mocr4pcc02u30:127:127 [1] NCCL INFO Broadcast: opCount 3 sendbuff 0x7efb0c400000 recvbuff 0x7efb0c400000 count 66142464 datatype 7 op 0 root 0 comm 0x55949b9e52a0 [nranks=8] stream 0x5594997cedf0
mocr4pcc02u30:127:127 [1] NCCL INFO Broadcast: opCount 4 sendbuff 0x7efafa600000 recvbuff 0x7efafa600000 count 3145728 datatype 7 op 0 root 0 comm 0x55949b9e52a0 [nranks=8] stream 0x5594997cedf0
mocr4pcc02u30:127:127 [1] NCCL INFO Broadcast: opCount 5 sendbuff 0x7efb0c400000 recvbuff 0x7efb0c400000 count 12582912 datatype 7 op 0 root 0 comm 0x55949b9e52a0 [nranks=8] stream 0x5594997cedf0
mocr4pcc02u30:127:561 [1] NCCL INFO AllReduce: opCount 6 sendbuff 0x7efb2e000000 recvbuff 0x7efb2e000000 count 124439808 datatype 7 op 0 root 0 comm 0x55949b9e52a0 [nranks=8] stream 0x5594997cedf0
mocr4pcc02u30:127mocr4pcc02u30:128:566 [2] NCCL INFO AllReduce: opCount 6 sendbuff 0x7f1c9a000000 recvbuff 0x7f1c9a000000 count 124439808 datatype 7 op 0 root 0 comm 0x55d357df98f0 [nranks=8] stream 0x55d357daf3b0
mocr4pcc02u30:128:172 [2] NCCL INFO New proxy recv connection 11 from local rank 2, transport 0
mocr4pcc02u30:128:172 [2] NCCL INFO proxyProgressAsync opId=0x7f1aa8354420 op.type=1 op.reqBuff=0x7f1d28014f60 op.respSize=16 done
mocr4pcc02u30:128:14439 [2] NCCL INFO ncclPollProxyResponse Received new opId=0x7f1aa8354420
mocr4pcc02u30:128:172 [2] NCCL INFO Received and initiated operation=Init res=0
mocr4pcc02u30:128:14439 [2] NCCL INFO resp.opId=0x7f1aa8354420 matches expected opId=0x7f1aa8354420
mocr4pcc02u30:128:14439 [2] NCCL INFO Connected to proxy localRank 2 -> connection 0x7f1d28005468
mocr4pcc02u30:128:172 [2] NCCL INFO Allocated shareable buffer 0x7f1972e00000 size 10485760 ipcDesc 0x7f1d28014f90
mocr4pcc02u30:128:172 [2] NCCL INFO proxyProgressAsync opId=0x7f1aa8354420 op.type=3 op.reqBuff=0x7f1d28013840 op.respSize=88 done
mocr4pcc02u30:128:14439 [2] NCCL INFO ncclPollProxyResponse Received new opId=0x7f1aa8354420
mocr4pcc02u30:128:172 [2] NCCL INFO Received and initiated operation=Setup res=0
mocr4pcc02u30:128:14439 [2] NCCL INFO resp.opId=0x7f1aa8354420 matches expected opId=0x7f1aa8354420
mocr4pcc02u30:128:172 [2] NCCL INFO New proxy recv connection 12 from local rank 2, transport 0
mocr4pcc02u30:128:172 [2] NCCL INFO proxyProgressAsync opId=0x7f1aa8354420 op.type=1 op.reqBuff=0x7f1d28013840 op.respSize=16 done
mocr4pcc02u30:128:14439 [2] NCCL INFO ncclPollProxyResponse Received new opId=0x7f1aa8354420
mocr4pcc02u30:128:172 [2] NCCL INFO Received and initiated operation=Init res=0
mocr4pcc02u30:128:14439 [2] NCCL INFO resp.opId=0x7f1aa8354420 matches expected opId=0x7f1aa8354420
mocr4pcc02u30:128:14439 [2] NCCL INFO Connected to proxy localRank 2 -> connection 0x7f1d280054e0
mocr4pcc02u30:128:172 [2] NCCL INFO Allocated shareable buffer 0x7f19a7200000 size 10485760 ipcDesc 0x7f1d28016890
mocr4pcc02u30:128:172 [2] NCCL INFO proxyProgressAsync opId=0x7f1aa8354420 op.type=3 op.reqBuff=0x7f1d28016860 op.respSize=88 done
mocr4pcc02u30:128:14439 [2] NCCL INFO ncclPollProxyResponse Received new opId=0x7f1aa8354420
mocr4pcc02u30:128:172 [2] NCCL INFO Received and initiated operation=Setup res=0
mocr4pcc02u30:128:14439 [2] NCCL INFO resp.opId=0x7f1aa8354420 matches expected opId=0x7f1aa8354420
mocr4pcc02u30:128:172 [2] NCCL INFO New proxy recv connection 13 from local rank 2, transport 0
mocr4pcc02u30:128:172 [2] NCCL INFO proxyProgressAsync opId=0x7f1aa8354420 op.type=1 op.reqBuff=0x7f1d28016860 op.respSize=16 done
mocr4pcc02u30:128:14439 [2] NCCL INFO ncclPollProxyResponse Received new opId=0x7f1aa8354420
mocr4pcc02u30:128:172 [2] NCCL INFO Received and initiated operation=Init res=0
mocr4pcc02u30:128:14439 [2] NCCL INFO resp.opId=0x7f1aa8354420 matches expected opId=0x7f1aa8354420
mocr4pcc02u30:128:14439 [2] NCCL INFO Connected to proxy localRank 2 -> connection 0x7f1d28005558
mocr4pcc02u30:128:172 [2] NCCL INFO Allocated shareable buffer 0x7f19ab200000 size 10485760 ipcDesc 0x7f1d28018190
mocr4pcc02u30:128:172 [2] NCCL INFO proxyProgressAsync opId=0x7f1aa8354420 op.type=3 op.reqBuff=0x7f1d28018160 op.respSize=88 done
mocr4pcc02u30:128:14439 [2] NCCL INFO ncclPollProxyResponse Received new opId=0x7f1aa8354420
mocr4pcc02u30:128:172 [2] NCCL INFO Received and initiated operation=Setup res=0
mocr4pcc02u30:128:14439 [2] NCCL INFO resp.opId=0x7f1aa8354420 matches expected opId=0x7f1aa8354420
mocr4pcc02u30:128:172 [2] NCCL INFO New proxy recv connection 14 from local rank 2, transport 0
mocr4pcc02u30:128:172 [2] NCCL INFO proxyProgressAsync opId=0x7f1aa8354420 op.type=1 op.reqBuff=0x7f1d28018160 op.respSize=16 done
mocr4pcc02u30:128:14439 [2] NCCL INFO ncclPollProxyResponse Received new opId=0x7f1aa8354420
mocr4pcc02u30:128:172 [2] NCCL INFO Received and initiated operation=Init res=0
mocr4pcc02u30:128:14439 [2] NCCL INFO resp.opId=0x7f1aa8354420 matches expected opId=0x7f1aa8354420
mocr4pcc02u30:128:14439 [2] NCCL INFO Connected to proxy localRank 2 -> connection 0x7f1d280055d0
mocr4pcc02u30:128:172 [2] NCCL INFO Allocated shareable buffer 0x7f19af000000 size 10485760 ipcDesc 0x7f1d28019a90
mocr4pcc02u30:128:172 [2] NCCL INFO proxyProgressAsync opId=0x7f1aa8354420 op.type=3 op.reqBuff=0x7f1d28019a60 op.respSize=88 done
mocr4pcc02u30:128:14439 [2] NCCL INFO ncclPollProxyResponse Received new opId=0x7f1aa8354420
mocr4pcc02u30:128:172 [2] NCCL INFO Received and initiated operation=Setup res=0
mocr4pcc02u30:128:14439 [2] NCCL INFO resp.opId=0x7f1aa8354420 matches expected opId=0x7f1aa8354420
mocrmocr4pcc02u30:129:14049 [3] NCCL INFO ProxyCall UDS comm 0x5615437a6770 rank 3 tpRank 2(ee7df2caa175313e) reqSize 8 respSize 0 respFd 0x7f20dbffea98 opId 0xfa4404bafcf1834d
mocr4pcc02u30:129:14049 [3] NCCL INFO ProxyCall UDS comm 0x5615437a6770 rank 3 tpRank 2(ee7df2caa175313e) reqSize 8 respSize 0 respFd 95 opId 0xfa4404bafcf1834d - DONE
mocr4pcc02u30:129:14049 [3] NCCL INFO UDS: ClientGetFd handle 0x7f1d2801b3e0 tpRank 2 returned fd 95 sameProcess 0
mocr4pcc02u30:129:14049 [3] NCCL INFO UDS converted handle 0x7f1d2801b3e0 to fd 95 on remote peer 2
mocr4pcc02u30:129:14049 [3] NCCL INFO Imported shareable buffer device 3 size 2097152 ptr 0x7f1d53800000
mocr4pcc02u30:129:14049 [3] NCCL INFO ProxyCall UDS comm 0x5615437a6770 rank 3 tpRank 2(ee7df2caa175313e) reqSize 8 respSize 0 respFd 0x7f20dbffea98 opId 0x3c6a342081f8d514
mocr4pcc02u30:129:14049 [3] NCCL INFO ProxyCall UDS comm 0x5615437a6770 rank 3 tpRank 2(ee7df2caa175313e) reqSize 8 respSize 0 respFd 95 opId 0x3c6a342081f8d514 - DONE
mocr4pcc02u30:129:14049 [3] NCCL INFO UDS: ClientGetFd handle 0x7f1d2801cb00 tpRank 2 returned fd 95 sameProcess 0
mocr4pcc02u30:129:14049 [3] NCCL INFO UDS converted handle 0x7f1d2801cb00 to fd 95 on remote peer 2
mocr4pcc02u30:129:14049 [3] NCCL INFO Imported shareable buffer device 3 size 2097152 ptr 0x7f1d53a00000
mocr4pcc02u30:129:14049 [3] NCCL INFO ProxyCall UDS comm 0x5615437a6770 rank 3 tpRank 2(ee7df2caa175313e) reqSize 8 respSize 0 respFd 0x7f20dbffea98 opId 0xb94541bef6b1d56c
mocr4pcc02u30:129:14049 [3] NCCL INFO ProxyCall UDS comm 0x5615437a6770 rank 3 tpRank 2(ee7df2caa175313e) reqSize 8 respSize 0 respFd 95 opId 0xb94541bef6b1d56c - DONE
mocr4pcc02u30:129:14049 [3] NCCL INFO UDS: ClientGetFd handle 0x7f1d2801e220 tpRank 2 returned fd 95 sameProcess 0
mocr4pcc02u30:129:14049 [3] NCCL INFO UDS converted handle 0x7f1d2801e220 to fd 95 on remote peer 2
mocr4pcc02u30:129:14049 [3] NCCL INFO Imported shareable buffer device 3 size 2097152 ptr 0x7f1d53c00000
mocr4pcc02u30:129:14049 [3] NCCL INFO ProxyCall UDS comm 0x5615437a6770 rank 3 tpRank 2(ee7df2caa175313e) reqSize 8 respSize 0 respFd 0x7f20dbffea98 opId 0xe1722ff40af91143
mocr4pcc02u30:129:14049 [3] NCCL INFO ProxyCall UDS comm 0x5615437a6770 rank 3 tpRank 2(ee7df2caa175313e) reqSize 8 respSize 0 respFd 95 opId 0xe1722ff40af91143 - DONE
mocr4pcc02u30:129:14049 [3] NCCL INFO UDS: ClientGetFd handle 0x7f1d2801f940 tpRank 2 returned fd 95 sameProcess 0
mocr4pcc02u30:129:14049 [3] NCCL INFO UDS converted handle 0x7f1d2801f940 to fd 95 on remote peer 2
mocr4pcc02u30:129:169 [3] NCCL INFO proxyUDSRecvReq::ncclProxyMsgGetFd rank 2 opId 0xc95b0a89c9caa871 handle=0x7f210c014e00
mocr4pcc02u30:129:169 [3] NCCL INFO UDS proxyGetFd received handle 0x7f210c014e00 peer 2 opId c95b0a89c9caa871
mocr4pcc02u30:129:14049 [3] NCCL INFO Imported shareable buffer device 3 size 2097152 ptr 0x7f1d53e00000
mocr4pcc02u30:129:14049 [3] NCCL INFO timings: rank 3 nranks 8 P2p connect done in 6.53
mocr4pcc02u30:129:169 [3] NCCL INFO proxyUDSRecvReq::ncclProxyMsgGetFd rank 2 opId 0xbe8eadc85606b75f handle=0x7f210c016700
mocr4pcc02u30:129:169 [3] NCCL INFO UDS proxyGetFd received handle 0x7f210c016700 peer 2 opId be8eadc85606b75f
mocr4pcc02u30:129:169 [3] NCCL INFO proxyUDSRecvReq::ncclProxyMsgGetFd rank 2 opId 0xaaee3388d3320ebc handle=0x7f210c018000
mocr4pcc02u30:129:169 [3] NCCL INFO UDS proxyGetFd received handle 0x7f210c018000 peer 2 opId aaee3388d3320ebc
mocr4pcc02u30:129:169 [3] NCCL INFO proxyUDSRecvReq::ncclProxyMsgGetFd rank 2 opId 0x52f5e5f2e29d8786 handle=0x7f210c019900
mocr4pcc02u30:129:169 [3] NCCL INFO UDS proxyGetFd received handle 0x7f210c019900 peer 2 opId 52f5e5f2e29d8786
mocr4pcc02u30:129:14049 [3] NCCL INFO Connected all trees
mocr4pcc02u30:129:129 [3] NCCL INFO AllReduce: opCount 7 sendbuff 0x7f20d95fba00 recvbuff 0x7f20d95fba00 count 1 datatype 7 op 4 root 0 comm 0x5615437a6770 [nranks=8] stream 0x56153cdd7940
mocr4pcc02u30:129:129 [3] NCCL INFO Broadcast: opCount 8 sendbuff 0x7f20d9598800 recvbuff 0x7f20d9598800 count 149 datatype 2 op 0 root 0 comm 0x5615437a6770 [nranks=8] stream 0x56153cdd7940
mocr4pcc02u30:129:129 [3] NCCL INFO Broadcast: opCount 9 sendbuff 0x7f20d9547000 recvbuff 0x7f20d9547000 count 14 datatype 2 op 0 root 0 comm 0x5615437a6770 [nranks=8] stream 0x56153cdd7940
mocr4pcc02u30:129:129 [3] NCCL INFO Broadcast: opCount a sendbuff 0x7f1d67b09c00 recvbuff 0x7f1d67b09c00 count 12582912 datatype 7 op 0 root 0 comm 0x5615437a6770 [nranks=8] stream 0x56153cdd7940
mocr4pcc02u30:129:559 [3] NCCL INFO AllReduce: opCount b sendbuff 0x7f2054600000 recvbuff 0x7f2054600000 count 1769472 datatype 7 op 0 root 0 comm 0x5615437a6770 [nranks=8] stream 0x56153cdd7940
mocr4pcc02u30:129:559 [3] NCCL INFO AllReduce: opCount c sendbuff 0x7f1e00000000 recvbuff 0x7f1e00000000 count 7087872 datatype 7 op 0 root 0 comm 0x5615437a6770 [nranks=8] stream 0x56153cdd7940
mocr4pcc02u30:129:559 [3] NCCL INFO AllReduce: opCount d sendbuff 0x7f1dc6000000 recvbuff 0x7f1dc6000000 count 7087872 datatype 7 op 0 root 0 comm 0x5615437a6770 [nranks=8] stream 0x56153cdd7940
mocr4pcc02u30:129:559 [3] NCCL INFO AllReduce: opCount e sendbuff 0x7f207a200000 recvbuff 0x7f207a200000 count 7087872 datatype 7 op 0 root 0 comm 0x5615437a6770 [nranks=8] stream 0x56153cdd7940
mocr4pcc02u30:129:559 [3] NCCL INFO AllReduce: opCount f sendbuff 0x7f1e6c000000 recvbuff 0x7f1e6c000000 count 7087872 datatype 7 op 0 root 0 comm 0x5615437a6770 [nranks=8] stream 0x56153cdd7940
mocr4pcc02u30:129:559 [3] NCCL INFO AllReduce: opCount 10 sendbuff 0x7f1d5a000000 recvbuff 0x7f1d5a000000 count 7087872 datatype 7 op 0 root 0 comm 0x5615437a6770 [nranks=8] stream 0x56153cdd7940
mocr4pcc02u30:129:559 [3] NCCL INFO AllReduce: opCount 11 sendbuff 0x7f1d5bb09c00 recvbuff 0x7f1d5bb09c00 count 7087872 datatype 7 op 0 root 0 comm 0x5615437a6770 [nranks=8] stream 0x56153cdd7940
mocr4pcc02u30:129:559 [3] NCCL INFO AllReduce: opCount 12 sendbuff 0x7f1d5d613800 recvbuff 0x7f1d5d613800 count 7087872 datatype 7 op 0 root 0 comm 0x5615437a6770 [nranks=8] stream 0x56153cdd7940
mocr4pcc02u30:129:559 [3] NCCL INFO AllReduce: opCount 13 sendbuff 0x7f1d60000000 recvbuff 0x7f1d60000000 count 7087872 datatype 7 op 0 root 0 comm 0x5615437a6770 [nranks=8] stream 0x56153cdd7940
mocr4pcc02u30:129:559 [3] NCCL INFO AllReduce: opCount 14 sendbuff 0x7f1d61b09c00 recvbuff 0x7f1d61b09c00 count 7087872 datatype 7 op 0 root 0 comm 0x5615437a6770 [nranks=8] stream 0x56153cdd7940
mocr4pcc02u30:129:559 [3] NCCL INFO AllReduce: opCount 15 sendbuff 0x7f1d63613800 recvbuff 0x7f1d63613800 count 7087872 datatype 7 op 0 root 0 comm 0x5615437a6770 [nranks=8] stream 0x56153cdd7940
mocr4pcc02u30:129:559 [3] NCCL INFO AllReduce: opCount 16 sendbuff 0x7f1d66000000 recvbuff 0x7f1d66000000 count 7087872 datatype 7 op 0 root 0 comm 0x5615437a6770 [nranks=8] stream 0x56153cdd7940
mocr4pcc02u30:129:559 [3] NCCL INFO AllReduce: opCount 17 sendbuff 0x7f1daa000000 recvbuff 0x7f1daa000000 count 43915776 datatype 7 op 0 root 0 comm 0x5615437a6770 [nranks=8] stream 0x56153cdd7940
mocr4pcc02u30:129:559 [3] NCCL INFO AllReduce: opCount 18 sendbuff 0x7f20660e0000 recvbuff 0x7f20660e0000 count 787968 datatype 7 op 0 root 0 comm 0x5615437a6770 [nranks=8] stream 0x56153cdd7940
mocr4pcc02u30:129:129 [3] NCCL INFO AllReduce: opCount 19 sendbuff 0x7f20d95fe200 recvbuff 0x7f20d95fe200 count 1 datatype 7 op 4 root 0 comm 0x5615437a6770 [nranks=8] stream 0x56153cdd7940
mocr4pcc02u30:129:129 [3] NCCL INFO Broadcast: opCount 1a sendbuff 0x7f1d67b09c00 recvbuff 0x7f1d67b09c00 count 12582912 datatype 7 op 0 root 0 comm 0x5615437a6770 [nranks=8] stream 0x56153cdd7940
mocr4pcc02u30:129:559 [3] NCCL INFO AllReduce: opCount 1b sendbuff 0x7f2054600000 recvbuff 0x7f2054600000 count 1769472 datatype 7 op 0 root 0 comm 0x5615437a6770 [nranks=8] stream 0x56153cdd7940
mocr4pcc02u30:129:559 [3] NCCL INFO AllReduce: opCount 1c sendbuff 0x7f1e00000000 recvbuff 0x7f1e00000000 count 7087872 datatype 7 op 0 root 0 comm 0x5615437a6770 [nranks=8] stream 0x56153cdd7940
mocr4pcc02u30:129:559 [3] NCCL INFO AllReduce: opCount 1d sendbuff 0x7f1dc6000000 recvbuff 0x7f1dc6000000 count 7087872 datatype 7 op 0 root 0 comm 0x5615437a6770 [nranks=8] stream 0x56153cdd7940
mocr4pcc02u30:129:559 [3] NCCL INFO AllReduce: opCount 1e sendbuff 0x7f207a200000 recvbuff 0x7f207a200000 count 7087872 datatype 7 op 0 root 0 comm 0x5615437a6770 [nranks=8] stream 0x56153cdd7940
mocr4pcc02u30:129:559 [3] NCCL INFO AllReduce: opCount 1f sendbuff 0x7f1e6c000000 recvbuff 0x7f1e6c000000 count 7087872 datatype 7 op 0 root 0 comm 0x5615437a6770 [nranks=8] stream 0x56153cdd7940
mocr4pcc02u30:129:559 [3] NCCL INFO AllReduce: opCount 20 sendbuff 0x7f1d5a000000 recvbuff 0x7f1d5a000000 count 7087872 datatype 7 op 0 root 0 comm 0x5615437a6770 [nranks=8] stream 0x56153cdd7940
mocr4pcc02u30:129:559 [3] NCCL INFO AllReduce: opCount 21 sendbuff 0x7f1d5bb09c00 recvbuff 0x7f1d5bb09c00 count 7087872 datatype 7 op 0 root 0 comm 0x5615437a6770 [nranks=8] stream 0x56153cdd7940
mocr4pcc02u30:129:559 [3] NCCL INFO AllReduce: opCount 22 sendbuff 0x7f1d5d613800 recvbuff 0x7f1d5d613800 count 7087872 datatype 7 op 0 root 0 comm 0x5615437a6770 [nranks=8] stream 0x56153cdd7940
mocr4pcc02u30:129:559 [3] NCCL INFO AllReduce: opCount 23 sendbuff 0x7f1d60000000 recvbuff 0x7f1d60000000 count 7087872 datatype 7 op 0 root 0 comm 0x5615437a6770 [nranks=8] stream 0x56153cdd7940
mocr4pcc02u30:129:559 [3] NCCL INFO AllReduce: opCount 24 sendbuff 0x7f1d61b09c00 recvbuff 0x7f1d61b09c00 count 7087872 datatype 7 op 0 root 0 comm 0x5615437a6770 [nranks=8] stream 0x56153cdd7940
mocr4pcc02u30:129:559 [3] NCCL INFO AllReduce: opCount 25 sendbuff 0x7f1d63613800 recvbuff 0x7f1d63613800 count 7087872 datatype 7 op 0 root 0 comm 0x5615437a6770 [nranks=8] stream 0x56153cdd7940
mocr4pcc02u30:129:559 [3] NCCL INFO AllReduce: opCount 26 sendbuff 0x7f1d66000000 recvbuff 0x7f1d66000000 count 7087872 datatype 7 op 0 root 0 comm 0x5615437a6770 [nranks=8] stream 0x56153cdd7940
mocr4pcc02u30:129:559 [3] NCCL INFO AllReduce: opCount 27 sendbuff 0x7f1daa000000 recvbuff 0x7f1daa000000 count 43915776 datatype 7 op 0 root 0 comm 0x5615437a6770 [nranks=8] stream 0x56153cdd7940
mocr4pcc02u30:129:559 [3] NCCL INFO AllReduce: opCount 28 sendbuff 0x7f20660e0000 recvbuff 0x7f20660e0000 count 787968 datatype 7 op 0 root 0 comm 0x5615437a6770 [nranks=8] stream 0x56153cdd7940
mocr4pcc02u30:129:129 [3] NCCL INFO AllReduce: opCount 29 sendbuff 0x7f20d9558a00 recvbuff 0x7f20d9558a00 count 1 datatype 7 op 4 root 0 comm 0x5615437a6770 [nranks=8] stream 0x56153cdd7940
mocr4pcc02u30:129:129 [3] NCCL INFO Broadcast: opCount 2a sendbuff 0x7f1d67b09c00 recvbuff 0x7f1d67b09c00 count 12582912 datatype 7 op 0 root 0 comm 0x5615437a6770 [nranks=8] stream 0x56153cdd7940
mocr4pcc02u30:129:559 [3] NCCL INFO AllReduce: opCount 2b sendbuff 0x7f2054600000 recvbuff 0x7f2054600000 count 1769472 datatype 7 op 0 root 0 comm 0x5615437a6770 [nranks=8] stream 0x56153cdd7940
mocr4pcc02u30:129:559 [3] NCCL INFO AllReduce: opCount 2c sendbuff 0x7f1e00000000 recvbuff 0x7f1e00000000 count 7087872 datatype 7 op 0 root 0 comm 0x5615437a6770 [nranks=8] stream 0x56153cdd7940
mocr4pcc02u30:129:559 [3] NCCL INFO AllReduce: opCount 2d sendbuff 0x7f1dc6000000 recvbuff 0x7f1dc6000000 count 7087872 datatype 7 op 0 root 0 comm 0x5615437a6770 [nranks=8] stream 0x56153cdd7940
mocr4pcc02u30:129:559 [3] NCCL INFO AllReduce: opCount 2e sendbuff 0x7f207a200000 recvbuff 0x7f207a200000 count 7087872 datatype 7 op 0 root 0 comm 0x5615437a6770 [nranks=8] stream 0x56153cdd7940
mocr4pcc02u30:129:559 [3] NCCL INFO AllReduce: opCount 2f sendbuff 0x7f1e6c000000 recvbuff 0x7f1e6c000000 count 7087872 datatype 7 op 0 root 0 comm 0x5615437a6770 [nranks=8] stream 0x56153cdd7940
mocr4pcc02u30:129:559 [3] NCCL INFO AllReduce: opCount 30 sendbuff 0x7f1d5a000000 recvbuff 0x7f1d5a000000 count 7087872 datatype 7 op 0 root 0 comm 0x5615437a6770 [nranks=8] stream 0x56153cdd7940
mocr4pcc02u30:129:559 [3] NCCL INFO AllReduce: opCount 31 sendbuff 0x7f1d5bb09c00 recvbuff 0x7f1d5bb09c00 count 7087872 datatype 7 op 0 root 0 comm 0x5615437a6770 [nranks=8] stream 0x56153cdd7940
mocr4pcc02u30:129:559 [3] NCCL INFO AllReduce: opCount 32 sendbuff 0x7f1d5d613800 recvbuff 0x7f1d5d613800 count 7087872 datatype 7 op 0 root 0 comm 0x5615437a6770 [nranks=8] stream 0x56153cdd7940
mocr4pcc02u30:129:559 [3] NCCL INFO AllReduce: opCount 33 sendbuff 0x7f1d60000000 recvbuff 0x7f1d60000000 count 7087872 datatype 7 op 0 root 0 comm 0x5615437a6770 [nranks=8] stream 0x56153cdd7940
mocr4pcc02u30:129:559 [3] NCCL INFO AllReduce: opCount 34 sendbuff 0x7f1d61b09c00 recvbuff 0x7f1d61b09c00 count 7087872 datatype 7 op 0 root 0 comm 0x5615437a6770 [nranks=8] stream 0x56153cdd7940
mocr4pcc02u30:129:559 [3] NCCL INFO AllReduce: opCount 35 sendbuff 0x7f1d63613800 recvbuff 0x7f1d63613800 count 7087872 datatype 7 op 0 root 0 comm 0x5615437a6770 [nranks=8] stream 0x56153cdd7940
mocr4pcc02u30:129:559 [3] NCCL INFO AllReduce: opCount 36 sendbuff 0x7f1d66000000 recvbuff 0x7f1d66000000 count 7087872 datatype 7 op 0 root 0 comm 0x5615437a6770 [nranks=8] stream 0x56153cdd7940
mocr4pcc02u30:129:559 [3] NCCL INFO AllReduce: opCount 37 sendbuff 0x7f1daa000000 recvbuff 0x7f1daa000000 count 43915776 datatype 7 op 0 root 0 comm 0x5615437a6770 [nranks=8] stream 0x56153cdd7940
mocr4pcc02u30:129:559 [3] NCCL INFO AllReduce: opCount 38 sendbuff 0x7f20660e0000 recvbuff 0x7f20660e0000 count 787968 datatype 7 op 0 root 0 comm 0x5615437a6770 [nranks=8] stream 0x56153cdd7940
mocr4pcc02u30:129:129 [3] NCCL INFO AllReduce: opCount 39 sendbuff 0x7f20d955ae00 recvbuff 0x7f20d955ae00 count 1 datatype 7 op 4 root 0 comm 0x5615437a6770 [nranks=8] stream 0x56153cdd7940
mocr4pcc02u30:129:129 [3] NCCL INFO Broadcast: opCount 3a sendbuff 0x7f1d67b09c00 recvbuff 0x7f1d67b09c00 count 12582912 datatype 7 op 0 root 0 comm 0x5615437a6770 [nranks=8] stream 0x56153cdd7940
mocr4pcc02u30:129:559 [3] NCCL INFO AllReduce: opCount 3b sendbuff 0x7f2054600000 recvbuff 0x7f2054600000 count 1769472 datatype 7 op 0 root 0 comm 0x5615437a6770 [nranks=8] stream 0x56153cdd7940
mocr4pcc02u30:129:559 [3] NCCL INFO AllReduce: opCount 3c sendbuff 0x7f1e00000000 recvbuff 0x7f1e00000000 count 7087872 datatype 7 op 0 root 0 comm 0x5615437a6770 [nranks=8] stream 0x56153cdd7940
mocr4pcc02u30:129:559 [3] NCCL INFO AllReduce: opCount 3d sendbuff 0x7f1dc6000000 recvbuff 0x7f1dc6000000 count 7087872 datatype 7 op 0 root 0 comm 0x5615437a6770 [nranks=8] stream 0x56153cdd7940
