torchrun-multipod-0:123:123 [3] NCCL INFO cudaDriverVersion 12080
torchrun-multipod-0:123:123 [3] NCCL INFO Bootstrap: Using eth0:10.131.0.19<0>
torchrun-multipod-0:123:123 [3] NCCL INFO NCCL version 2.26.2+cuda12.2
torchrun-multipod-0:123:123 [3] NCCL INFO init.cc:1670 Cuda Host Alloc Size 4 pointer 0x7f57f9400000
torchrun-multipod-0:123:123 [3] NCCL INFO Comm config Blocking set to 1
torchrun-multipod-0:123:152 [3] NCCL INFO NET/Plugin: Could not find: libnccl-net.so. Using internal net plugin.
torchrun-multipod-0:123:152 [3] NCCL INFO NCCL_IB_DISABLE set by environment to 1.
torchrun-multipod-0:123:152 [3] NCCL INFO NET/Socket : Using [0]eth0:10.131.0.19<0>
torchrun-multipod-0:123:152 [3] NCCL INFO PROFILER/Plugin: Could not find: libnccl-profiler.so. 
torchrun-multipod-0:123:152 [3] NCCL INFO Using network Socket
torchrun-multipod-0:123:152 [3] NCCL INFO ncclCommInitRankConfig comm 0x559b7000c5d0 rank 3 nranks 8 cudaDev 3 nvmlDev 3 busId c6000 commId 0x5c83f0e10f4ecea6 - Init START
torchrun-multipod-0:123:152 [3] NCCL INFO RAS network listening socket at 10.131.0.19<35275>
torchrun-multipod-0:123:152 [3] NCCL INFO RAS client listening socket at ::1<28028>
torchrun-multipod-0:123:152 [3] NCCL INFO Mem Realloc old size 0, new size 256 pointer 0x559b6cd65a10
torchrun-multipod-0:123:160 [0] NCCL INFO RAS thread started
torchrun-multipod-0:123:160 [0] NCCL INFO Mem Realloc old size 0, new size 32 pointer 0x7f5824004e10ttorchrun-multipod-0:122:150 [2] NCCL INFO Bootstrap timings total 1.693752 (create 0.000107, send 0.000227, recv 1.675784, ring 0.016092, delay 0.000001)
torchrun-multipod-0:122:159 [0] NCCL INFO RAS handling local addRanks request (old nRasPeers 0)
torchrun-multipod-0:122:159 [0] NCCL INFO RAS finished local processing of addRanks request (new nRasPeers 8, nRankPeers 8)
torchrun-multipod-0:122:159 [0] NCCL INFO RAS link 1: opening new primary connection with 10.131.0.19<35275>ttorchrun-multipod-0:122:159 [0] NCCL INFO RAS link -1: calculated deferred primary connection with 10.131.0.19<33309>
torchrun-multipod-0:120:158 [0] NCCL INFO RAS handling connInitAck from 10.131.0.19<34039> (nack 0)
torchrun-multipod-0:120:158 [0] NCCL INFO RAS established connection with 10.131.0.19<34039> (sendQ empty, experiencingDelays 0, startRetryTime 0.00s)
torchrun-multipod-0:120:158 [0] NCCL INFO Mem torchrun-multipod-0:121:156 [0] NCCL INFO Mem Realloc old size 32, new size 64 pointer 0x7f2bbc005540
torchrun-multipod-0:121:156 [0] NCCL INFO RAS new incoming socket connection from 10.128.2.113<34152>
torchrun-multipod-0:121:156 [0] NCCL INFO RAS handling connInit from 10.128.2.113<34152> (version 22602, listeningAddr 10.128.2.113<37727>, torchrun-multipod-0:123:152 [3] NCCL INFO TOPO/NET : Importing network plugins to topology
torchrun-multipod-0:123:152 [3] NCCL INFO Retrieving state for Socket
torchrun-multipod-0:123:152 [3] NCCL INFO Initialized state 0 for Socket
torchrun-multipod-0:123:152 [3] NCCL INFO NET/Socket : GPU Direct RDMA Disabled for HCA 0 'eth0'
torchrun-multipod-0:123:152 [3] NCCL INFO ncclTopoPopulateNics : Filled eth0 in topo with pciPath=(null) keep=1 coll=(null)
torchrun-multipod-0:122:150 [2] NCCL INFO === System : maxBw 1.2 totalBw 370.8 ===
torchrun-multipod-0:122:150 [2] NCCL INFO CPU/0-0 (1/2/-1)
torchrun-multipod-0:122:150 [2] NCCL INFO + PCI[5000.0] - NIC/0-0
torchrun-multipod-0:122:150 [2] NCCL INFO                 + NET[1.2] - NET/0-0 (0/0/0/1.250000)
torchrun-multipod-0:122:150 [2] NCCL INFO                 + NET[1.2] - NET/0-0 (0/0/0/1.250000)
torchrun-multipod-0:122:150 [2] NCCL INFO + PCI[48.0] - PCI/0-1000 (15b3197900000000)
torchrun-multipod-0:122:150 [2] NCCL INFO               + PCI[48.0] - PCI/0-4000 (15b3197900000000)
torchrun-multipod-0:122:150 [2] NCCL INFO                             + PCI[48.0] - GPU/0-6000 (0)
torchrun-multipod-0:122:150 [2] NCCL INFO                                           + NVL[123.6] - GPU/0-26000
torchrun-multipod-0:122:150 [2] NCCL INFO                                           + NVL[123.6] - GPU/0-a6000
torchrun-multipod-0:122:150 [2] NCCL INFO                                           + NVL[123.6] - GPU/0-c6000
torchrun-multipod-0:122:150 [2] NCCL INFO + PCI[48.0] - PCI/0-21000 (15b3197900000000)
torchrun-multipod-0:122:150 [2] NCCL INFO               + PCI[48.0] - PCI/0-24000 (15b3197900000000)
torchrun-multipod-0:122:150 [2] NCCL INFO                             + PCI[48.0] - GPU/0-26000 (1)
torchrun-multipod-0:122:150 [2] NCCL INFO                                           + NVL[123.6] - GPU/0-6000
torchrun-multipod-0:122:150 [2] NCCL INFO                                           + NVL[123.6] - GPU/0-c6000
torchrun-multipod-0:122:150 [2] NCCL INFO                                           + NVL[123.6] - GPU/0-a6000
torchrun-multipod-0:122:150 [2] NCCL INFO + SYS[16.0] - CPU/0-1
torchrun-multipod-0:122:150 [2] NCCL INFO CPU/0-1 (1/2/-1)
torchrun-multipod-0:122:150 [2] NCCL INFO + PCI[48.0] - PCI/0-a1000 (15b3197900000000)
torchrun-multipod-0:122:150 [2] NCCL INFO               + PCI[48.0] - PCI/0-a4000 (15b3197900000000)
torchrun-multipod-0:122:150 [2] NCCL INFO                             + PCI[48.0] - GPU/0-a6000 (2)
torchrun-multipod-0:122:150 [2] NCCL INFO                                           + NVL[123.6] - GPU/0-26000
torchrun-multipod-0:122:150 [2] NCCL INFO                                           + NVL[123.6] - GPU/0-6000
torchrun-multipod-0:122:150 [2] NCCL INFO                                           + NVL[123.6] - GPU/0-c6000
torchrun-multipod-0:122:150 [2] NCCL INFO + PCI[48.0] - PCI/0-c1000 (15b3197900000000)
torchrun-multipod-0:122:150 [2] NCCL INFO               + PCI[48.0] - PCI/0-c4000 (15b3197900000000)
torchrun-multipod-0:122:150 [2] NCCL INFO                             + PCI[48.0] - GPU/0-c6000 (3)
torchrun-multipod-0:122:150 [2] NCCL INFO                                           + NVL[123.6] - GPU/0-6000
torchrun-multipod-0:122:150 [2] NCCL INFO                                           + NVL[123.6] - GPU/0-26000
torchrun-multipod-0:122:150 [2] NCCL INFO                                           + NVL[123.6] - GPU/0-a6000
torchrun-multipod-0:122:150 [2] NCCL INFO + SYS[16.0] - CPU/0-0
torchrun-multipod-0:122:150 [2] NCCL INFO ==========================================
torchrun-multipod-0:122:150 [2] NCCL INFO GPU/0-6000 :GPU/0-6000 (0/5000.0/LOC) GPU/0-26000 (1/123.6/NVL) GPU/0-a6000 (1/123.6/NVL) GPU/0-c6000 (1/123.6/NVL) CPU/0-0 (3/48.0/PHB) CPU/0-1 (4/16.0/SYS) NET/0-0 (5/1.2/PHB) NET/0-0 (0/0.0/DIS) 
torchrun-multipod-0:122:150 [2] NCCL INFO GPU/0-26000 :GPU/0-6000 (1/123.6/NVL) GPU/0-26000 (0/5000.0/LOC) GPU/0-a6000 (1/123.6/NVL) GPU/0-c6000 (1/123.6/NVL) CPU/0-0 (3/48.0/PHB) CPU/0-1 (4/16.0/SYS) NET/0-0 (5/1.2/PHB) NET/0-0 (0/0.0/DIS) 
torchrun-multipod-0:122:150 [2] NCCL INFO GPU/0-a6000 :GPU/0-6000 (1/123.6/NVL) GPU/0-26000 (1/123.6/NVL) GPU/0-a6000 (0/5000.0/LOC) GPU/0-c6000 (1/123.6/NVL) CPU/0-0 (4/16.0/SYS) CPU/0-1 (3/48.0/PHB) NET/0-0 (6/1.2/SYS) NET/0-0 (0/0.0/DIS) 
torchrun-multipod-0:122:150 [2] NCCL INFO GPU/0-c6000 :GPU/0-6000 (1/123.6/NVL) GPU/0-26000 (1/123.6/NVL) GPU/0-a6000 (1/123.6/NVL) GPU/0-c6000 (0/5000.0/LOC) CPU/0-0 (4/16.0/SYS) CPU/0-1 (3/48.0/PHB) NET/0-0 (6/1.2/SYS) NET/0-0 (0/0.0/DIS) 
torchrun-multipod-0:122:150 [2] NCCL INFO NET/0-0 :GPU/0-6000 (5/1.2/PHB) GPU/0-26000 (5/1.2/PHB) GPU/0-a6000 (6/1.2/SYS) GPU/0-c6000 (6/1.2/SYS) CPU/0-0 (2/1.2/PHB) CPU/0-1 (3/1.2/SYS) NET/0-0 (0/5000.0/LOC) NET/0-0 (0/0.0/DIS) 
torchrun-multipod-0:122:150 [2] NCCL INFO NET/0-0 :GPU/0-6000 (5/1.2/PHB) GPU/0-26000 (5/1.2/PHB) GPU/0-a6000 (6/1.2/SYS) GPU/0-c6000 (6/1.2/SYS) CPU/0-0 (2/1.2/PHB) CPU/0-1 (3/1.2/SYS) NET/0-0 (0/5000.0/LOC) NET/0-0 (0/0.0/DIS) 
torchrun-multipod-0:122:150 [2] NCCL INFO Setting affinity for GPU 2 to ffffffff,ffffffff,ffffffff,ffffffff,00000000,00000000,00000000,00000000,ffffffff,ffffffff,ffffffff,ffffffff,00000000,00000000,00000000,00000000
torchrun-multipod-0:123:152 [3] NCCL INFO NVLS multicast support is not available on dev 3
torchrun-multipod-0:123:152 [3] NCCL INFO Pattern 4, crossNic 0, nChannels 1, bw 1.200000/1.200000, type NVL/PHB, sameChannels 1
torchrun-multipod-0:123:152 [3] NCCL INFO  0 : NET/0-0 GPU/0 GPU/3 GPU/2 GPU/1 NET/0-0
torchrun-multipod-0:123:152 [3] NCCL INFO Pattern 1, crossNic 0, nChannels 1, bw 2.400000/1.200000, type NVL/PHB, sameChannels 1
torchrun-multipod-0:123:152 [3] NCCL INFO  0 : NET/0-0torchrun-multipod-0:120:149 [0] NCCL INFO comm 0x5648e51014f0 rank 0 nRanks 8 nNodes 2 localRanks 4 localRank 0 MNNVL 0
torchrun-multipod-0:120:149 [0] NCCL INFO Tree 0 : -1 -> 0 -> 1/4/-1
torchrun-multipod-0:120:149 [0] NCCL INFO Tree 1 : 4 -> 0 -> 1/-1/-1
torchrun-multipod-0:120:149 [0] NCCL INFO Channel 00/02 : 0 3 2 1 4 7 6 5
torchrun-multipod-0:120:149 [0] NCCL INFO Channel 01/02 : 0 3 2 1 4 7 6 5
torchrun-multipod-0:120:149 [0]torchrun-multipod-0:123:152 [3] NCCL INFO UDS: Creating service thread comm 0x559b7000c5d0 rank 3
torchrun-multipod-0:123:152 [3] NCCL INFO misc/utils.cc:233 memory stack hunk malloc(65536)
torchrun-multipod-0:123:162 [3] NCCL INFO [Proxy Service]torchrun-multipod-0:121torchrun-multipod-0:123:166 [3] NCCL INFO [Proxy Service UDS] Device 3 CPU core 48torchrun-multipod-0:122:150 [2] NCCL INFO channel.cc:42 Cuda Alloc Size 4864 pointer 0x7fece5e00000
totorchrun-multipod-0:123:152 [3] NCCL INFO channel.cc:45 Cuda Alloc Size 104 pointer 0x7f57f1e0000totorchrun-multipod-0:123:152 [3] NCCL INFO channel.cc:56 Cuda Alloc Size 32 pointer 0x7f580140000torchrun-multipod-0:122:150 [2] NCCL INFO channel.cc:42 Cuda Alloc Size 4864 pointer 0x7fed29600000
torchrun-multipod-0:122:150 [2] NCCL INFO channel.cc:45 Cuda Alloc Size 104 pointer 0x7fed29800000
totorchrun-multipod-0:123:152 [3] NCCL INFO channel.cc:56 Cuda Alloc Size 32 pointer 0x7f5801a00000
torchrun-multipod-0:123:152 [3] NCCL INFO threadThresholds 8/8/64 | 64/8/64 | 512 | 512
torchrun-multipod-0:123:152 [3] NCCL INFO 2 coll channels,torchrun-multipod-0:120:149 [0] NCCL INFO channel.cc:45 Cuda Alloc Size 104 pointer 0x7f60c1800000
torchrun-multipod-0:120:149 [0] NCCL INFO channel.cc:56 Cuda Alloc Size 32 pointer 0x7f60c1a00000
torchrun-multipod-0:120:149 [0] NCCL INFO   Algorithm   |                   torchrun-multipod-0:123:152 [3] NCCL INFO init.cc:480 Cuda Host Alloc Size 1048576 pointer 0x7f57f9400200
torchrun-multipod-0:123:152 [3] NCCL INFO init.cc:485 Cuda Host Alloc Size 256 pointer 0x7f57f9500200
torchrun-multipod-0:123:152 [3] NCCL INFO init.cc:492 Cuda Host Alloc Size 512 pointer 0x7f57f9500400
torchrun-multipod-0:123:152 [3] NCCL INFO init.cc:493 Cuda Host Alloc Size 512 pointer 0x7f57f950060totorchrun-multipod-0:123:152 [3] NCCL INFO TUNER/Plugin: Could not find: libnccl-tuner.so. Using internal tuner plugintotorchrun-multipod-0:123:152 [3torchrun-multipod-0:121:151 [1] NCCL INFO TUNER/Plugin: Could not find: libnccl-tuner.so. Using internal tuner plugin.
torchrun-multipod-0:121:151 [1] NCCL INFO ncclCommInitRankConfig comm 0x55e6aadecfe0 rank 1 nranks 8 cudaDev 1 nvmlDev 1 busId 26000 commId 0x5c83f0e10f4ecea6 - Init COMPLETE
torchrun-multipod-0:121:151 [1] NCCL INFO Init timings - ncclCommInitRtotorchrun-multipod-0:123:123 [3] NCCL INFO AllGather: opCount 0 sendbuff 0x7f57e9476800 recvbuff 0x7f57e9477a00 count 1 datatype 4 op 0 root 0 comm 0x559b7000c5d0 [nranks=8] stream 0x559b6dddc330
torchrun-multipod-0:123:123 [3] NCCL INFO misc/utils.cc:233 memory stack hunk malloc(65536)
torchrun-multipod-0:123:162 [3] NCCL INFO Mem Realloc old size 0, new size 8 pointer 0x7f581c004f20
torchrun-multipod-0:123:162 [3] NCCL INFO New proxy recv connection 0 from local rank 3, transport 0
torchrun-multipod-0:123:162 [3] NCCL INFO proxyPtorchrun-multipod-0:121:163 [1] NCCL INFO Allocated 33030532 bytes of shared memory in /dev/shm/nccl-EE6D2o
torchrun-multipod-0:121:163 [1] NCCL INFO New proxy send connection 0 from local rank 1, transport 2
torchrun-multipod-0:121:163 [1] NCCL INFO proxyProgressAsync opId=0x7f2b4aeb1950 op.type=1 op.reqBuff=0x7f2bb4004ee0 op.respSize=16 done
torchrun-multipod-0:121:169 [1] NCCL INFO ncclPollProxyResponse Received new opId=0x7f2b4aeb1950
torchrun-multipod-0:121:173 [1] NCCL INFO [Proxy Progress] Device 1 CPU core 294
torchrun-multipod-0:121:169 [1] NCCL INFO resp.opId=0x7f2b4aeb1950 matches expected opId=0x7f2b4aeb1950
torchrun-multipod-0:121:163 [1] NCCL INFO Received and initiated operation=Init res=0
torchrun-multipod-0:121:169 [1] NCCL INFO Connected to proxy localRank 1 -> connection 0x7f2bb4004f40
torchrun-multipod-0:121:163 [1] NCCL INFO proxyProgressAsync opId=0x7f2b4aeb1950 op.type=3 op.reqBuff=0x7f2bb4008e50 op.respSize=0 done
torchrun-multipod-0:121:169 [1] NCCL INFO ncclPollProxyResponse Received new opId=0x7f2b4aeb1950
torchrun-multipod-0:121:169 [1] NCCL INFO resp.opId=0x7f2b4aeb1950 matches expected opId=0x7f2b4aeb1950
torchrun-multipod-0:121:163 [1] NCCL INFO Received and initiated operation=Setup res=0
torchrun-multipod-0:121:169 [1] NCCL INFO Channel 00/0 : 1[1] -> 4[0] [send] via NET/Socket/0
torchrun-multipod-0:121:163 [1] NCCL INFO New proxy send connection 1 from local rank 1, transport 2
torchrun-multipod-0:121:163 [1] NCCL INFO proxyProgressAsync opId=0x7f2b4aeb1950 op.type=1 op.reqBuff=0x7f2bb40094c0 op.respSize=16 done
torchrun-multipod-0:121:169 [1] NCCL INFO ncclPollProxyResponse Received new opId=0x7f2b4aeb1950
torchrun-multipod-0:121:163 [1] NCCL INFO Received and initiated operation=Init res=0
torchrun-multipod-0:121:169 [1] NCCL INFO resp.opId=0x7f2b4aeb1950 matches expected opId=0x7f2b4aeb1950
torchrun-multipod-0:121:169 [1] NCCL INFO Connected to proxy localRank 1 -> connection 0x7f2bb4004fb8
torchrun-multipod-0:121:163 [1] NCCL INFO proxyProgressAsync opId=0x7f2b4aeb1950 op.type=3 op.reqBuff=0x7f2bb4009500 op.respSize=0 done
torchrun-multipod-0:121:163 [1] NCCL INFO Received and initiated operation=Setup res=0
torchrun-multtorchrun-multipod-0:123:171 [3] NCCL INFO Channel 00/0 : 3[3] -> 2[2] via P2P/CUMEM
torchrun-multipod-0:123:162 [3] NCCL INFO New proxy send connection 2 from local rank 3, transport 0
torchrun-multipod-0:123:162 [3] NCCL INFO proxyProgressAsync opId=0x7f57b2eb1950 op.type=1 op.reqtorchrun-multipod-0:121:163 [1] NCCL INFO New proxy recv connection 2 from local rank 1, transport 0
torchrun-multipod-0:121:163 [1] NCCL INFO proxyProgressAsync opId=0x7f2b4aeb1950 op.type=1 op.reqBuff=0x7f2bb4009b70 op.respSize=16 done
torchrun-multipod-0:121:169 [1] NCCL INFO ncclPollProxyResponse Received new opId=0x7f2b4aeb1950
torchrun-multipod-0:121:163 [1] NCCL INFO Received and initiated operation=Init res=0
torchrun-multipod-0:121:169 [1] NCCL INFO resp.opId=0x7f2b4aeb1950 matches expected opId=0x7f2b4aeb1950
torchrun-multipod-0:121:169 [1] NCCL INFO Connected to proxy localRank 1 -> connection 0x7f2bb4005030
torchrun-multipod-0:121:163 [1] NCCL INFO Allocated shareable buffer 0x7f2ba5400000 size 10485760 ipcDesc 0x7f2bb4009be0
torchrun-multipod-0:121:163 [1] NCCL INFO proxyProgressAsync opId=0x7f2b4aeb1950 op.type=3 op.reqBuff=0x7f2bb4009bb0 op.respSize=88 done
torchrun-multipod-0:121:163 [1] NCCL INFO Received and initiated operation=Setup res=0
torchrun-multipod-0:121:169 [1] NCCL INFO ncclPollProxyResponse Received new opId=0x7f2b4aeb1950
torchrun-multipod-0:121:169 [1] NCCL INFO resp.opId=0x7f2b4aeb1950 matches expected opId=0x7f2b4aeb1950
torchrun-multipod-0:121:163 [1] NCCL INFO New proxy recv connection 3 from local rank 1, transport 0
torchrun-multipod-0:121:163 [1] NCCL INFO proxyProgressAsync opId=0x7f2b4aeb1950 op.type=1 op.reqBuff=0x7f2bb400b530 op.respSize=16 done
torchrun-multipod-0:121:169 [1] NCCL INFO ncclPollProxyResponse Received new opId=0x7f2b4aeb1950
torchrun-multipod-0:121:163 [1] NCCL INFO Received and initiated operation=Init res=0
torchrun-multipod-0:121:169 [1] NCCL INFO resp.opId=0x7f2b4aeb1950 matches expected opId=0x7f2b4aeb1950
torchrun-multipod-0:121:169 [1] NCCL INFO Connected to proxy localRank 1 -> connection 0x7f2bb40050a8
torchrun-multipod-0:121:163 [1] NCCL INFO Allocated shareable buffer 0x7f2ba7400000 size 10485760 ipcDesc 0x7f2bb400b580
torchrun-multipod-0:121:163 [1] NCCL INFO proxyProgressAsync opId=0x7f2b4aeb1950 op.type=3 op.reqBuff=0x7f2bb400b550 op.respSize=88 done
torchrun-multipod-0:121:169 [1] NCCL INFO ncclPollProxyResponse Received new opId=0x7f2b4aeb1950
torchrun-multipod-0:121:163 [1] NCCL INFO Received and initiated operation=Setup res=0
torchrun-multipod-0:121:169 [1] NCCL INFO resp.opId=0x7f2b4aeb1950 matches expected opId=0x7f2b4aeb1950
torchrun-multipod-0:121:169 [1] NCCL INFO sendConnect ncclProxyCallAsync opId=0x7f2b4b0ad7e0
torchrun-multipod-0:121:169 [1] NCCL INFO sendConnect ncclProxyCallAsync opId=0x7f2b4b1c1050
torchrun-multipod-0:121:169 [1] NCCL INFO ncclPollProxyResponse Received new opId=0x7f2b4aeb1950
torchrun-multipod-0:121:169 [1] NCCL INFO resp.opId=0x7f2b4aeb1950 matches expected opId=0x7f2b4aeb1950
torchrun-multipod-0:121:169 [1] NCCL INFO Connected to proxy localRank 2 -> connection 0x7fed54005198
torchrun-multipod-0:121:169 [1] NCCL INFO ProxyCall UDS comm 0x55e6aadecfe0 rank 1 tpRank 2(d9e1068f85cc48c0) reqSize 8 respSize 0 respFd 0x7f2b8edfea98 opId 0x51d4ee476b7c0353
torchrun-multipod-0:121:169 [1] NCCL INFO ProxyCall UDS comm 0x55e6aadecfe0 rank 1 tpRank 2(d9e1068f85cc48c0) reqSize 8 respSize 0 respFd 93 opId 0x51d4ee476b7c0353 - DONE
torchrun-multipod-0:121:169 [1] NCCL INFO UDS: ClientGetFd handle 0x7fed5400bed0 tpRank 2 returned fd 93 sameProcess 0
torchrun-multipod-0:121:169 [1] NCCL INFO UDS converted handle 0x7fed5400bed0 to fd 93 on remote peer 2
torchrun-multipod-0:121:163 [1] NCCL INFO transport/net.cc:805 Cuda Host Alloc Size 9641984 pointer 0x7f2b81600000
torchrun-multipod-0:121:163 [1] NCCL INFO proxyProgressAsync opId=0x7f2b4b0ad7e0 op.type=4 op.rtorchrun-multipod-0:122:170 [2] NCCL INFO ncclPollProxyResponse Received new opId=0x7fed0aeb1950
torchrun-multipod-0:122:170 [2] NCCL INFO resp.opId=0x7fed0aeb1950 matches expected opId=0x7fed0aeb1950
torchrun-multipod-0:122:170 [2] NCCL INFO Connected to proxy localRank 1 -> connection 0x7f2bb4005120
torchrun-multipod-0:122:170 [2] NCCL INFO ProxyCall UDS comm 0x562526661d20 rank 2 tpRank 1(51333683d293a2a1) reqSize 8 respSize 0 respFd 0x7fed319feaa8 opId 0xf83d61446a746199
torchrun-multipod-0:122:164 [2] NCCL INFO proxyUDSRecvReq::ncclProxyMsgGetFd rank 1 opId 0xf82fa47c1d43a19 handle=0x7fed5400d7f0
torchrun-multipod-0:122:164 [2] NCCL INFO UDS proxyGetFd received handle 0x7fed5400d7f0 peer 1 opId f82fa47c1d43a19
torchrun-multipod-0:122:170 [2] NCCL INFO ProxyCall UDS comm 0x562526661d20 rank 2 tpRank 1(51333683d293a2a1) reqSize 8 respSize 0 respFd 92 opId 0xf83d61446a746199 - DONE
torchrun-multipod-0:122:170 [2] NCCL INFO UDS: ClientGetFd handle 0x7f2bb4009c30 tpRank 1 returned fd 92 sameProcess 0
torchrun-multipod-0:122:170 [2] NCCL INFO UDS converted handle 0x7f2bb4009c30 to fd 92 on remote peer 1
torchrun-multipod-0:122:170 [2] NCCL INFO Imported shareable buffer device 2 size 10485760 ptr 0x7fed23600000
torchrun-multipod-0:122:170 [2] NCCL INFO ncclPollProxyResponse Received new opId=0x7fed0aeb1950
torchrun-multipod-0:122:170 [2] NCCL INFO resp.opId=0x7fed0aeb1950 matches expected opId=0x7fed0aeb1950
torchrun-multipod-0:122:170 [2] NCCL INFO Connected to proxy localRank 3 -> connection 0x7f581c005198
torchrun-multipod-0:122:170 [2] NCCL INFO ProxyCall UDS comm 0x562526661d20 rank 2 tpRank 3(dede565fbfa7c7b9) reqSize 8 respSize 0 respFd 0x7fed319fea98 opId 0x35e9583767b0d6d9
torchrun-multipod-0:122:170 [2] NCCL INFO ProxyCall UDS comm 0x562526661d20 rank 2 tpRank 3(dede565fbfa7c7b9) reqSize 8 respSize 0 respFd 93 opId 0x35e9583767b0d6d9 - DONE
torchrun-multipod-0:122:170 [2] NCCL INFO UDS: ClientGetFd handle 0x7f581c00bed0 tpRank 3 returned fd 93 sameProcess 0
torchrun-multipod-0:122:170 [2] NCCL INFO UDS converted handle 0x7f581c00bed0 to fd 93 on remote peer 3
torchrun-multipod-0:122:170 [2] NCCL INFO Imported shareable buffer device 2 size 2097152 ptr 0x7fed43c00000
torchrun-multipod-0:122:170 [2] NCCL INFO ProxyCall UDS comm 0x562526661d20 rank 2 tpRank 1(51333683d293a2a1) reqSize 8 respSize 0 respFd 0x7fed319feaa8 opId 0xd167f982986544eb
torchrun-multipod-0:122:170 [2] NCCL INFO ProxyCall UDS comm 0x562526661d20 rank 2 tpRank 1(51333683d293a2a1) reqSize 8 respSize 0 respFd 93 opId 0xd167f982986544eb - DONE
torchrun-multipod-0:122:170 [2] NCCL INFO UDS: ClientGetFd handle 0x7f2bb400b5d0 tpRank 1 returned fd 93 sameProctorchrun-multipod-0:121:169 [1] NCCL INFO Connected all rings, use ring PXN 0 GDR 0
torchrun-multipod-0:121:121 [1] NCCL INFO Broadcast: opCount 1 sendbuff 0x7f2b81477a00 recvbuff 0x7f2b81477a00 count 396 datatype 4 op 0 root 0 comm 0x55e6aadecfe0 [nranks=8] stream 0x55e6a7c56000
torchrun-multipod-0:121:121 [1] NCCL INFO Broadcast: opCount 2 sendbuff 0x7f2afc000000 recvbuff 0x7f2afc000000 count 67734528 datatype 7 op 0 root 0 comm 0x55e6aadecfe0 [nranks=8] stream 0x55e6a7c56000
torchrun-multipod-0:121:121 [1] NCCL INFO Broadcast: opCount 3 sendbuff 0x7f2b0c400000 recvbuff 0x7f2b0c400000 count 66142464 datatype 7 op 0 root 0 comm 0x55e6aadecfe0 [nranks=8] stream 0x55e6a7c56000
torchrun-multipod-0:121:121 [1] NCCL INFO Broadcast: opCount 4 sendbuff 0x7f2af6600000 recvbuff 0x7f2af6600000 count 3145728 datatype 7 op 0 root 0 comm 0x55e6aadecfe0 [nranks=8] stream 0x55e6a7c56000
torchrun-multipod-0:121:121 [1] NCCL INFO Broadcast: opCount 5 sendbuff 0x7f2b0c400000 recvbuff 0x7f2b0c400000 count 12582912 datatype 7 op 0 root 0 comm 0x55e6aadecfe0 [nranks=8] stream 0x55e6a7c56000
torchrun-multipod-0:121:456 [1] NCCL INFO AllReduce: opCount 6 sendbuff 0x7f2b28000000 recvbuff 0x7f2b28000000 count 124439808 datatype 7 op 0 root 0 comm 0x55e6aadecfe0 [nranks=8] stream 0x55e6a7c56000
torchrun-multipod-0:121:163 [1] NCCL INFO New proxy recv connection 5 from local rank 1, transport 0
torchrun-multipod-0:121:163 [1] NCCL INFO proxyProgressAsync opId=0x7f2920033d60 op.type=1 op.reqBuff=0x7f2bb4014b50 op.respSize=16 done
torchrun-multipod-0:121:13840 [1] NCCL INFO ncclPollProxyResponse Received new opId=0x7f2920033d60
torchrun-multipod-0:121:163 [1] NCCL INFO Received and initiated operation=Init res=0
torchrun-multipod-0:121:13840 [1] NCCL INFO resp.opId=0x7f2920033d60 matches expected opId=0x7f2920033d60
torchrun-multipod-0:121:13840 [1] NCCL INFO Connected to proxy localRank 1 -> connection 0x7f2bb4005198
torchrun-multipod-0:121:163 [1] NCCL INFO Allocated shareabtorchrun-multipod-0:122:453 [2] NCCL INFO AllReduce: opCount 6 sendbuff 0x7fecc6000000 recvbuff 0x7fecc6000000 count 124439808 datatype 7 op 0 root 0 comm 0x562526661d20 [nranks=8] stream 0x56251fc96fa0
torchrun-multipod-0:122:161 [2] NCCL INFO New proxy recv connection 6 from local rank 2, transport 0
torchrun-multipod-0:122:161 [2] NCCL INFO proxyProgressAsync opId=0x7feac4318010 op.type=1 op.reqBuff=0x7fed5400d770 op.respSize=16 done
torchrun-multipod-0:122:14403 [2] NCCL INFO ncclPollProxyResponse Received new opId=0x7feac4318010
torchrun-multipod-0:122:161 [2] NCCL INFO Received and initiated operation=Init res=0
torchrun-multipod-0:122:14403 [2] NCCL INFO resp.opId=0x7feac4318010 matches expected opId=0x7feac4318010
torchrun-multipod-0:122:14403 [2] NCCL INFO Connected to proxy localRank 2 -> connection 0x7fed54005210
torchrun-multipod-0:122:161 [2] NCCL INFO Allocated shareable buffer 0x7fe996e00000 size 10485760 ipcDesc 0x7fed5400eec0
torchrun-multipod-0:122:161 [2] NCCL INFO proxyProgressAsync opId=0x7feac4318010 op.type=3 op.reqBuff=0x7fed5400ee90 op.respSize=88 done
torchrun-multipod-0:122:14403 [2] NCCL INFO ncclPollProxyResponse Received new opId=0x7feac4318010
torchrun-multipod-0:122:161 [2] NCCL INFO Received and initiated operation=Setup res=0
torchrun-multipod-0:122:14403 [2] NCCL INFO resp.opId=0x7feac4318010 matches expected opId=0x7feac4318010
torchrun-multipod-0:122:161 [2] NCCL INFO New proxy recv connection 7 from local rank 2, transport 0
torchrun-multipod-0:122:161 [2] NCCL INFO proxyProgressAsync opId=0x7feac4318010 op.type=1 op.reqBuff=0x7fed5400ee90 op.respSize=16 done
torchrun-multipod-0:122:14403 [2] NCCL INFO ncclPollProxyResponse Received new opId=0x7feac4318010
torchrun-multipod-0:122:161 [2] NCCL INFO Received and initiated operation=Init res=0
torchrun-multipod-0:122:14403 [2] NCCL INFO resp.opId=0x7feac4318010 matches expected opId=0x7feac4318010
torchrun-multipod-0:122:14403 [2] NCCL INFO Connected to proxy localRank 2 -> connection 0x7fed54005288
torchrun-multipod-0:122:161 [2] NCCL INFO Allocated shareable buffer 0x7fe9cb200000 size 10485760 ipcDesc 0x7fed540107c0
torchrun-multipod-0:122:161 [2] NCCL INFO proxyProgressAsync opId=0x7feac4318010 op.type=3 op.reqBuff=0x7fed54010790 op.respSize=88 done
torchrun-multipod-0:122:14403 [2] NCCL INFO ncclPollProxyResponse Received new opId=0x7feac4318010
torchrun-multipod-0:122:161 [2] NCCL INFO Received and initiated operation=Setup res=0
torchrun-multipod-0:122:14403 [2] NCCL INFO resp.opId=0x7feac4318010 matches expected opId=0x7feac4318010
tortorchrun-multipod-0:123:14154 [3] NCCL INFO ProxyCall UDS comm 0x559b7000c5d0 rank 3 tpRank 2(d9e1068f85cc48c0) reqSize 8 respSize 0 respFd 0x7f57cdda9a98 opId 0xa124b61de0ab10a
torchrun-multipod-0:123:166 [3] NCCL INFO proxyUDSRecvReq::ncclProxyMsgGetFd rank 2 opId 0xe81374dbaa9bdf25 handle=0x7f581c00ef10
torchrun-multipod-0:123:166 [3] NCCL INFO UDS proxyGetFd received handle 0x7f581c00ef10 peer 2 opId e81374dbaa9bdf25
torchrun-multipod-0:123:14154 [3] NCCL INFO ProxyCall UDS comm 0x559b7000c5d0 rank 3 tpRank 2(d9e1068f85cc48c0) reqSize 8 respSize 0 respFd 93 opId 0xa124b61de0ab10a - DONE
torchrun-multipod-0:123:14154 [3] NCCL INFO UDS: ClientGetFd handle 0x7fed54012110 tpRank 2 returned fd 93 sameProcess 0
torchrun-multipod-0:123:14154 [3] NCCL INFO UDS converted handle 0x7fed54012110 to fd 93 on remote peer 2
torchrun-multipod-0:123:14154 [3] NCCL INFO Imported shareable buffer device 3 size 2097152 ptr 0x7f5467800000
torchrun-multipod-0:123:14154 [3] NCCL INFO ProxyCall UDS comm 0x559b7000c5d0 rank 3 tpRank 2(d9e1068f85cc48c0) reqSize 8 respSize 0 respFd 0x7f57cdda9a98 opId 0xfbd406a3cd2530a3
torchrun-multipod-0:123:14154 [3] NCCL INFO ProxyCall UDS comm 0x559b7000c5d0 rank 3 tpRank 2(d9e1068f85cc48c0) reqSize 8 respSize 0 respFd 93 opId 0xfbd406a3cd2530a3 - DONE
torchrun-multipod-0:123:14154 [3] NCCL INFO UDS: ClientGetFd handle 0x7fed54013830 tpRank 2 returned fd 93 sameProcess 0
torchrun-multipod-0:123:14154 [3] NCCL INFO UDS converted handle 0x7fed54013830 to fd 93 on remote peer 2
torchrun-multipod-0:123:166 [3] NCCL INFO proxyUDSRecvReq::ncclProxyMsgGetFd rank 2 opId 0xfff1578f47677dcc handle=0x7f581c010810
torchrun-multipod-0:123:166 [3] NCCL INFO UDS proxyGetFd received handle 0x7f581c010810 peer 2 opId fff1578f47677dcc
torchrun-multipod-0:123:14154 [3] NCCL INFO Imported shareable buffer device 3 size 2097152 ptr 0x7f5467a00000
torchrun-mutorchrun-multipod-0:121:167 [1] NCCL INFO proxyUDSRecvReq::ncclProxyMsgGetFd rank 2torchrun-multipod-0:123:14154 [3] NCCL INFO Connected all trees
torchrun-multipod-0:123:123 [3] NCCL INFO AllReduce: opCount 7 sendbuff 0x7f57e95fba00 recvbuff 0xtorchrun-multipod-0:121:13840 [1] NCCL INFO Channel 00/0 : 1[1] -> 0[0] via P2P/CUMEM
torchrun-mutorchrun-multipod-0:123:123 [3] NCCL INFO Broadcast: opCount 8 sendbuff 0x7f57e9598800 recvbuff 0x7f57e9598800 count 149 datatype 2 op 0 root 0 comm 0x559b7000c5d0 [nranks=8] stream 0x559b6dddc330
torchrun-multipod-0:123:123 [3] NCCL INFO Broadcast: opCount 9 sendbuff 0x7f57e9547000 recvbuff 0x7f57e9547000 count 14 datatype 2 op 0 root 0 comm 0x559b7000c5d0 [nranks=8] stream 0x559b6dddc330
torchrun-multipod-0:123:123 [3] NCCL INFO Broadcast: opCount a sendbuff 0x7f547bb09c00 recvbuff 0x7f547bb09c00 count 12582912 datatype 7 op 0 root 0 comm 0x559b7000c5d0 [nranks=8] stream 0x559b6dddc330
torchrun-multipod-0:123:450 [3] NCCL INFO AllReduce: opCount b sendbuff 0x7f5762600000 recvbuff 0x7f5762600000 count 1769472 datatype 7 op 0 root 0 comm 0x559b7000c5d0 [nranks=8] stream 0x559b6dddc330
torchrun-multipod-0:123:450 [3] NCCL INFO AllReduce: opCount c sendbuff 0x7f5514000000 recvbuff 0x7f5514000000 count 7087872 datatype 7 op 0 root 0 comm 0x559b7000c5d0 [nranks=8] stream 0x559b6dddc330
torchrun-multipod-0:123:450 [3] NCCL INFO AllReduce: opCount d sendbuff 0x7f54da000000 recvbuff 0x7f54da000000 count 7087872 datatype 7 op 0 root 0 comm 0x559b7000c5d0 [nranks=8] stream 0x559b6dddc330
torchrun-multipod-0:123:450 [3] NCCL INFO AllReduce: opCount e sendbuff 0x7f5788200000 recvbuff 0x7f5788200000 count 7087872 datatype 7 op 0 root 0 comm 0x559b7000c5d0 [nranks=8] stream 0x559b6dddc330
torchrun-multipod-0:123:450 [3] NCCL INFO AllReduce: opCount f sendbuff 0x7f5580000000 recvbuff 0x7f5580000000 count 7087872 datatype 7 op 0 root 0 comm 0x559b7000c5d0 [nranks=8] stream 0x559b6dddc330
torchrun-multipod-0:123:450 [3] NCCL INFO AllReduce: opCount 10 sendbuff 0x7f546e000000 recvbuff 0x7f546e000000 count 7087872 datatype 7 op 0 root 0 comm 0x559b7000c5d0 [nranks=8] stream 0x559b6dddc330
torchrun-multipod-0:123:450 [3] NCCL INFO AllReduce: opCount 11 sendbuff 0x7f546fb09c00 recvbuff 0x7f546fb09c00 count 7087872 datatype 7 op 0 root 0 comm 0x559b7000c5d0 [nranks=8] stream 0x559b6dddc330
torchrun-multipod-0:123:450 [3] NCCL INFO AllReduce: opCount 12 sendbuff 0x7f5471613800 recvbuff 0x7f5471613800 count 7087872 datatype 7 op 0 root 0 comm 0x559b7000c5d0 [nranks=8] stream 0x559b6dddc330
torchrun-multipod-0:123:450 [3] NCCL INFO AllReduce: opCount 13 sendbuff 0x7f5474000000 recvbuff 0x7f5474000000 count 7087872 datatype 7 op 0 root 0 comm 0x559b7000c5d0 [nranks=8] stream 0x559b6dddc330
torchrun-multipod-0:123:450 [3] NCCL INFO AllReduce: opCount 14 sendbuff 0x7f5475b09c00 recvbuff 0x7f5475b09c00 count 7087872 datatype 7 op 0 root 0 comm 0x559b7000c5d0 [nranks=8] stream 0x559b6dddc330
torchrun-multipod-0:123:450 [3] NCCL INFO AllReduce: opCount 15 sendbuff 0x7f5477613800 recvbuff 0x7f5477613800 count 7087872 datatype 7 op 0 root 0 comm 0x559b7000c5d0 [nranks=8] stream 0x559b6dddc330
torchrun-multipod-0:123:450 [3] NCCL INFO AllReduce: opCount 16 sendbuff 0x7f547a000000 recvbuff 0x7f547a000000 count 7087872 datatype 7 op 0 root 0 comm 0x559b7000c5d0 [nranks=8] stream 0x559b6dddc330
torchrun-multipod-0:123:450 [3] NCCL INFO AllReduce: opCount 17 sendbuff 0x7f54be000000 recvbuff 0x7f54be000000 count 43915776 datatype 7 op 0 root 0 comm 0x559b7000c5d0 [nranks=8] stream 0x559b6dddc330
torchrun-multipod-0:123:450 [3] NCCL INFO AllReduce: opCount 18 sendbuff 0x7f57740e0000 recvbuff 0x7f57740e0000 count 787968 datatype 7 op 0 root 0 comm 0x559b7000c5d0 [nranks=8] stream 0x559b6dddc330
torchrun-multipod-0:123:123 [3] NCCL INFO AllReduce: opCount 19 sendbuff 0x7f57e95fe200 recvbuff 0x7f57e95fe200 count 1 datatype 7 op 4 root 0 comm 0x559b7000c5d0 [nranks=8] stream 0x559b6dddc330
torchrun-multipod-0:123:123 [3] NCCL INFO Broadcast: opCount 1a sendbuff 0x7f547bb09c00 recvbuff 0x7f547bb09c00 count 12582912 datatype 7 op 0 root 0 comm 0x559b7000c5d0 [nranks=8] stream 0x559b6dddc330
torchrun-multipod-0:123:450 [3] NCCL INFO AllReduce: opCount 1b sendbuff 0x7f5762600000 recvbuff 0x7f5762600000 count 1769472 datatype 7 op 0 root 0 comm 0x559b7000c5d0 [nranks=8] stream 0x559b6dddc330
torchrun-multipod-0:123:450 [3] NCCL INFO AllReduce: opCount 1c sendbuff 0x7f5514000000 recvbuff 0x7f5514000000 count 7087872 datatype 7 op 0 root 0 comm 0x559b7000c5d0 [nranks=8] stream 0x559b6dddc330
torchrun-multipod-0:123:450 [3] NCCL INFO AllReduce: opCount 1d sendbuff 0x7f54da000000 recvbuff 0x7f54da000000 count 7087872 datatype 7 op 0 root 0 comm 0x559b7000c5d0 [nranks=8] stream 0x559b6dddc330
torchrun-multipod-0:123:450 [3] NCCL INFO AllReduce: opCount 1e sendbuff 0x7f5788200000 recvbuff 0x7f5788200000 count 7087872 datatype 7 op 0 root 0 comm 0x559b7000c5d0 [nranks=8] stream 0x559b6dddc330
torchrun-multipod-0:123:450 [3] NCCL INFO AllReduce: opCount 1f sendbuff 0x7f5580000000 recvbuff 0x7f5580000000 count 7087872 datatype 7 op 0 root 0 comm 0x559b7000c5d0 [nranks=8] stream 0x559b6dddc330
torchrun-multipod-0:123:450 [3] NCCL INFO AllReduce: opCount 20 sendbuff 0x7f546e000000 recvbuff 0x7f546e000000 count 7087872 datatype 7 op 0 root 0 comm 0x559b7000c5d0 [nranks=8] stream 0x559b6dddc330
torchrun-multipod-0:123:450 [3] NCCL INFO AllReduce: opCount 21 sendbuff 0x7f546fb09c00 recvbuff 0x7f546fb09c00 count 7087872 datatype 7 op 0 root 0 comm 0x559b7000c5d0 [nranks=8] stream 0x559b6dddc330
torchrun-multipod-0:123:450 [3] NCCL INFO AllReduce: opCount 22 sendbuff 0x7f5471613800 recvbuff 0x7f5471613800 count 7087872 datatype 7 op 0 root 0 comm 0x559b7000c5d0 [nranks=8] stream 0x559b6dddc330
torchrun-multipod-0:123:450 [3] NCCL INFO AllReduce: opCount 23 sendbuff 0x7f5474000000 recvbuff 0x7f5474000000 count 7087872 datatype 7 op 0 root 0 comm 0x559b7000c5d0 [nranks=8] stream 0x559b6dddc330
torchrun-multipod-0:123:450 [3] NCCL INFO AllReduce: opCount 24 sendbuff 0x7f5475b09c00 recvbuff 0x7f5475b09c00 count 7087872 datatype 7 op 0 root 0 comm 0x559b7000c5d0 [nranks=8] stream 0x559b6dddc330
torchrun-multipod-0:123:450 [3] NCCL INFO AllReduce: opCount 25 sendbuff 0x7f5477613800 recvbuff 0x7f5477613800 count 7087872 datatype 7 op 0 root 0 comm 0x559b7000c5d0 [nranks=8] stream 0x559b6dddc330
torchrun-multipod-0:123:450 [3] NCCL INFO AllReduce: opCount 26 sendbuff 0x7f547a000000 recvbuff 0x7f547a000000 count 7087872 datatype 7 op 0 root 0 comm 0x559b7000c5d0 [nranks=8] stream 0x559b6dddc330
torchrun-multipod-0:123:450 [3] NCCL INFO AllReduce: opCount 27 sendbuff 0x7f54be000000 recvbuff 0x7f54be000000 count 43915776 datatype 7 op 0 root 0 comm 0x559b7000c5d0 [nranks=8] stream 0x559b6dddc330
torchrun-multipod-0:123:450 [3] NCCL INFO AllReduce: opCount 28 sendbuff 0x7f57740e0000 recvbuff 0x7f57740e0000 count 787968 datatype 7 op 0 root 0 comm 0x559b7000c5d0 [nranks=8] stream 0x559b6dddc330
torchrun-multipod-0:123:123 [3] NCCL INFO AllReduce: opCount 29 sendbuff 0x7f57e9558a00 recvbuff 0x7f57e9558a00 count 1 datatype 7 op 4 root 0 comm 0x559b7000c5d0 [nranks=8] stream 0x559b6dddc330
torchrun-multipod-0:123:123 [3] NCCL INFO Broadcast: opCount 2a sendbuff 0x7f547bb09c00 recvbuff 0x7f547bb09c00 count 12582912 datatype 7 op 0 root 0 comm 0x559b7000c5d0 [nranks=8] stream 0x559b6dddc330
torchrun-multipod-0:123:450 [3] NCCL INFO AllReduce: opCount 2b sendbuff 0x7f5762600000 recvbuff 0x7f5762600000 count 1769472 datatype 7 op 0 root 0 comm 0x559b7000c5d0 [nranks=8] stream 0x559b6dddc330
torchrun-multipod-0:123:450 [3] NCCL INFO AllReduce: opCount 2c sendbuff 0x7f5514000000 recvbuff 0x7f5514000000 count 7087872 datatype 7 op 0 root 0 comm 0x559b7000c5d0 [nranks=8] stream 0x559b6dddc330
torchrun-multipod-0:123:450 [3] NCCL INFO AllReduce: opCount 2d sendbuff 0x7f54da000000 recvbuff 0x7f54da000000 count 7087872 datatype 7 op 0 root 0 comm 0x559b7000c5d0 [nranks=8] stream 0x559b6dddc330
torchrun-multipod-0:123:450 [3] NCCL INFO AllReduce: opCount 2e sendbuff 0x7f5788200000 recvbuff 0x7f5788200000 count 7087872 datatype 7 op 0 root 0 comm 0x559b7000c5d0 [nranks=8] stream 0x559b6dddc330
torchrun-multipod-0:123:450 [3] NCCL INFO AllReduce: opCount 2f sendbuff 0x7f5580000000 recvbuff 0x7f5580000000 count 7087872 datatype 7 op 0 root 0 comm 0x559b7000c5d0 [nranks=8] stream 0x559b6dddc330
torchrun-multipod-0:123:450 [3] NCCL INFO AllReduce: opCount 30 sendbuff 0x7f546e000000 recvbuff 0x7f546e000000 count 7087872 datatype 7 op 0 root 0 comm 0x559b7000c5d0 [nranks=8] stream 0x559b6dddc330
torchrun-multipod-0:123:450 [3] NCCL INFO AllReduce: opCount 31 sendbuff 0x7f546fb09c00 recvbuff 0x7f546fb09c00 count 7087872 datatype 7 op 0 root 0 comm 0x559b7000c5d0 [nranks=8] stream 0x559b6dddc330
torchrun-multipod-0:123:450 [3] NCCL INFO AllReduce: opCount 32 sendbuff 0x7f5471613800 recvbuff 0x7f5471613800 count 7087872 datatype 7 op 0 root 0 comm 0x559b7000c5d0 [nranks=8] stream 0x559b6dddc330
torchrun-multipod-0:123:450 [3] NCCL INFO AllReduce: opCount 33 sendbuff 0x7f5474000000 recvbuff 0x7f5474000000 count 7087872 datatype 7 op 0 root 0 comm 0x559b7000c5d0 [nranks=8] stream 0x559b6dddc330
torchrun-multipod-0:123:450 [3] NCCL INFO AllReduce: opCount 34 sendbuff 0x7f5475b09c00 recvbuff 0x7f5475b09c00 count 7087872 datatype 7 op 0 root 0 comm 0x559b7000c5d0 [nranks=8] stream 0x559b6dddc330
torchrun-multipod-0:123:450 [3] NCCL INFO AllReduce: opCount 35 sendbuff 0x7f5477613800 recvbuff 0x7f5477613800 count 7087872 datatype 7 op 0 root 0 comm 0x559b7000c5d0 [nranks=8] stream 0x559b6dddc330
torchrun-multipod-0:123:450 [3] NCCL INFO AllReduce: opCount 36 sendbuff 0x7f547a000000 recvbuff 0x7f547a000000 count 7087872 datatype 7 op 0 root 0 comm 0x559b7000c5d0 [nranks=8] stream 0x559b6dddc330
torchrun-multipod-0:123:450 [3] NCCL INFO AllReduce: opCount 37 sendbuff 0x7f54be000000 recvbuff 0x7f54be000000 count 43915776 datatype 7 op 0 root 0 comm 0x559b7000c5d0 [nranks=8] stream 0x559b6dddc330
torchrun-multipod-0:123:450 [3] NCCL INFO AllReduce: opCount 38 sendbuff 0x7f57740e0000 recvbuff 0x7f57740e0000 count 787968 datatype 7 op 0 root 0 comm 0x559b7000c5d0 [nranks=8] stream 0x559b6dddc330
torchrun-multipod-0:123:123 [3] NCCL INFO AllReduce: opCount 39 sendbuff 0x7f57e955ae00 recvbuff 0x7f57e955ae00 count 1 datatype 7 op 4 root 0 comm 0x559b7000c5d0 [nranks=8] stream 0x559b6dddc330
torchrun-multipod-0:123:123 [3] NCCL INFO Broadcast: opCount 3a sendbuff 0x7f547bb09c00 recvbuff 0x7f547bb09c00 count 12582912 datatype 7 op 0 root 0 comm 0x559b7000c5d0 [nranks=8] stream 0x559b6dddc330
torchrun-multipod-0:123:450 [3] NCCL INFO AllReduce: opCount 3b sendbuff 0x7f5762600000 recvbuff 0x7f5762600000 count 1769472 datatype 7 op 0 root 0 comm 0x559b7000c5d0 [nranks=8] stream 0x559b6dddc330
torchrun-multipod-0:123:450 [3] NCCL INFO AllReduce: opCount 3c sendbuff 0x7f5514000000 recvbuff 0x7f5514000000 count 7087872 datatype 7 op 0 root 0 comm 0x559b7000c5d0 [nranks=8] stream 0x559b6dddc330
torchrun-multipod-0:123:450 [3] NCCL INFO AllReduce: opCount 3d sendbuff 0x7f54da000000 recvbuff 0x7f54da000000 count 7087872 datatype 7 op 0 root 0 comm 0x559b7000c5d0 [nranks=8] stream 0x559b6dddc330
torchrun-multipod-0:123:450 [3] NCCL INFO AllReduce: opCount 3e sendbuff 0x7f5788200000 recvbuff 0x7f5788200000 count 7087872 datatype 7 op 0 root 0 comm 0x559b7000c5d0 [nranks=8] stream 0x559b6dddc330
torchrun-multipod-0:123:450 [3] NCCL INFO AllReduce: opCount 3f sendbuff 0x7f5580000000 recvbuff 0x7f5580000000 count 7087872 datatype 7 op 0 root 0 comm 0x559b7000c5d0 [nranks=8] stream 0x559b6dddc330
torchrun-multipod-0:123:450 [3] NCCL INFO AllReduce: opCount 40 sendbuff 0x7f546e000000 recvbuff 0x7f546e000000 count 7087872 datatype 7 op 0 root 0 comm 0x559b7000c5d0 [nranks=8] stream 0x559b6dddc330
torchrun-multipod-0:123:450 [3] NCCL INFO AllReduce: opCount 41 sendbuff 0x7f546fb09c00 recvbuff 0x7f546fb09c00 count 7087872 datatype 7 op 0 root 0 comm 0x559b7000c5d0 [nranks=8] stream 0x559b6dddc330
torchrun-multipod-0:123:450 [3] NCCL INFO AllReduce: opCount 42 sendbuff 0x7f5471613800 recvbuff 0x7f5471613800 count 7087872 datatype 7 op 0 root 0 comm 0x559b7000c5d0 [nranks=8] stream 0x559b6dddc330
torchrun-multipod-0:123:450 [3] NCCL INFO AllReduce: opCount 43 sendbuff 0x7f5474000000 recvbuff 0x7f5474000000 count 7087872 datatype 7 op 0 root 0 comm 0x559b7000c5d0 [nranks=8] stream 0x559b6dddc330
torchrun-multipod-0:123:450 [3] NCCL INFO AllReduce: opCount 44 sendbuff 0x7f5475b09c00 recvbuff 0x7f5475b09c00 count 7087872 datatype 7 op 0 root 0 comm 0x559b7000c5d0 [nranks=8] stream 0x559b6dddc330
torchrun-multipod-0:123:450 [3] NCCL INFO AllReduce: opCount 45 sendbuff 0x7f5477613800 recvbuff 0x7f5477613800 count 7087872 datatype 7 op 0 root 0 comm 0x559b7000c5d0 [nranks=8] stream 0x559b6dddc330
torchrun-multipod-0:123:450 [3] NCCL INFO AllReduce: opCount 46 sendbuff 0x7f547a000000 recvbuff 0x7f547a000000 count 7087872 datatype 7 op 0 root 0 comm 0x559b7000c5d0 [nranks=8] stream 0x559b6dddc330
torchrun-multipod-0:123:450 [3] NCCL INFO AllReduce: opCount 47 sendbuff 0x7f54be000000 recvbuff 0x7f54be000000 count 43915776 datatype 7 op 0 root 0 comm 0x559b7000c5d0 [nranks=8] stream 0x559b6dddc330
torchrun-multipod-0:123:450 [3] NCCL INFO AllReduce: opCount 48 sendbuff 0x7f57740e0000 recvbuff 0x7f57740e0000 count 787968 datatype 7 op 0 root 0 comm 0x559b7000c5d0 [nranks=8] stream 0x559b6dddc330
torchrun-multipod-0:123:123 [3] NCCL INFO AllReduce: opCount 49 sendbuff 0x7f54d93ff600 recvbuff 0x7f54d93ff600 count 1 datatype 7 op 4 root 0 comm 0x559b7000c5d0 [nranks=8] stream 0x559b6dddc330
torchrun-multipod-0:123:123 [3] NCCL INFO Broadcast: opCount 4a sendbuff 0x7f547bb09c00 recvbuff 0x7f547bb09c00 count 12582912 datatype 7 op 0 root 0 comm 0x559b7000c5d0 [nranks=8] stream 0x559b6dddc330
torchrun-multipod-0:123:450 [3] NCCL INFO AllReduce: opCount 4b sendbuff 0x7f5762600000 recvbuff 0x7f5762600000 count 1769472 datatype 7 op 0 root 0 comm 0x559b7000c5d0 [nranks=8] stream 0x559b6dddc330
torchrun-multipod-0:123:450 [3] NCCL INFO AllReduce: opCount 4c sendbuff 0x7f5514000000 recvbuff 0x7f5514000000 count 7087872 datatype 7 op 0 root 0 comm 0x559b7000c5d0 [nranks=8] stream 0x559b6dddc330
torchrun-multipod-0:123:450 [3] NCCL INFO AllReduce: opCount 4d sendbuff 0x7f54da000000 recvbuff 0x7f54da000000 count 7087872 datatype 7 op 0 root 0 comm 0x559b7000c5d0 [nranks=8] stream 0x559b6dddc330
torchrun-multipod-0:123:450 [3] NCCL INFO AllReduce: opCount 4e sendbuff 0x7f5788200000 recvbuff 0x7f5788200000 count 7087872 datatype 7 op 0 root 0 comm 0x559b7000c5d0 [nranks=8] stream 0x559b6dddc330
torchrun-multipod-0:123:450 [3] NCCL INFO AllReduce: opCount 4f sendbuff 0x7f5580000000 recvbuff 0x7f5580000000 count 7087872 datatype 7 op 0 root 0 comm 0x559b7000c5d0 [nranks=8] stream 0x559b6dddc330
torchrun-multipod-0:123:450 [3] NCCL INFO AllReduce: opCount 50 sendbuff 0x7f546e000000 recvbuff 0x7f546e000000 count 7087872 datatype 7 op 0 root 0 comm 0x559b7000c5d0 [nranks=8] stream 0x559b6dddc330
torchrun-multipod-0:123:450 [3] NCCL INFO AllReduce: opCount 51 sendbuff 0x7f546fb09c00 recvbuff 0x7f546fb09c00 count 7087872 datatype 7 op 0 root 0 comm 0x559b7000c5d0 [nranks=8] stream 0x559b6dddc330
torchrun-multipod-0:123:450 [3] NCCL INFO AllReduce: opCount 52 sendbuff 0x7f5471613800 recvbuff 0x7f5471613800 count 7087872 datatype 7 op 0 root 0 comm 0x559b7000c5d0 [nranks=8] stream 0x559b6dddc330
torchrun-multipod-0:123:450 [3] NCCL INFO AllReduce: opCount 53 sendbuff 0x7f5474000000 recvbuff 0x7f5474000000 count 7087872 datatype 7 op 0 root 0 comm 0x559b7000c5d0 [nranks=8] stream 0x559b6dddc330
torchrun-multipod-0:123:450 [3] NCCL INFO AllReduce: opCount 54 sendbuff 0x7f5475b09c00 recvbuff 0x7f5475b09c00 count 7087872 datatype 7 op 0 root 0 comm 0x559b7000c5d0 [nranks=8] stream 0x559b6dddc330
torchrun-multipod-0:123:450 [3] NCCL INFO AllReduce: opCount 55 sendbuff 0x7f5477613800 recvbuff 0x7f5477613800 count 7087872 datatype 7 op 0 root 0 comm 0x559b7000c5d0 [nranks=8] stream 0x559b6dddc330
torchrun-multipod-0:123:450 [3] NCCL INFO AllReduce: opCount 56 sendbuff 0x7f547a000000 recvbuff 0x7f547a000000 count 7087872 datatype 7 op 0 root 0 comm 0x559b7000c5d0 [nranks=8] stream 0x559b6dddc330
torchrun-multipod-0:123:450 [3] NCCL INFO AllReduce: opCount 57 sendbuff 0x7f54be000000 recvbuff 0x7f54be000000 count 43915776 datatype 7 op 0 root 0 comm 0x559b7000c5d0 [nranks=8] stream 0x559b6dddc330
torchrun-multipod-0:123:450 [3] NCCL INFO AllReduce: opCount 58 sendbuff 0x7f57740e0000 recvbuff 0x7f57740e0000 count 787968 datatype 7 op 0 root 0 comm 0x559b7000c5d0 [nranks=8] stream 0x559b6dddc330
torchrun-multipod-0:123:123 [3] NCCL INFO AllReduce: opCount 59 sendbuff 0x7f57e955ae00 recvbuff 0x7f57e955ae00 count 1 datatype 7 op 4 root 0 comm 0x559b7000c5d0 [nranks=8] stream 0x559b6dddc330
torchrun-multipod-0:123:123 [3] NCCL INFO Broadcast: opCount 5a sendbuff 0x7f547bb09c00 recvbuff 0x7f547bb09c00 count 12582912 datatype 7 op 0 root 0 comm 0x559b7000c5d0 [nranks=8] stream 0x559b6dddc330
torchrun-multipod-0:123:450 [3] NCCL INFO AllReduce: opCount 5b sendbuff 0x7f5762600000 recvbuff 0x7f5762600000 count 1769472 datatype 7 op 0 root 0 comm 0x559b7000c5d0 [nranks=8] stream 0x559b6dddc330
torchrun-multipod-0:123:450 [3] NCCL INFO AllReduce: opCount 5c sendbuff 0x7f5514000000 recvbuff 0x7f5514000000 count 7087872 datatype 7 op 0 root 0 comm 0x559b7000c5d0 [nranks=8] stream 0x559b6dddc330
torchrun-multipod-0:123:450 [3] NCCL INFO AllReduce: opCount 5d sendbuff 0x7f54da000000 recvbuff 0x7f54da000000 count 7087872 datatype 7 op 0 root 0 comm 0x559b7000c5d0 [nranks=8] stream 0x559b6dddc330
torchrun-multipod-0:123:450 [3] NCCL INFO AllReduce: opCount 5e sendbuff 0x7f5788200000 recvbuff 0x7f5788200000 count 7087872 datatype 7 op 0 root 0 comm 0x559b7000c5d0 [nranks=8] stream 0x559b6dddc330
torchrun-multipod-0:123:450 [3] NCCL INFO AllReduce: opCount 5f sendbuff 0x7f5580000000 recvbuff 0x7f5580000000 count 7087872 datatype 7 op 0 root 0 comm 0x559b7000c5d0 [nranks=8] stream 0x559b6dddc330
torchrun-multipod-0:123:450 [3] NCCL INFO AllReduce: opCount 60 sendbuff 0x7f546e000000 recvbuff 0x7f546e000000 count 7087872 datatype 7 op 0 root 0 comm 0x559b7000c5d0 [nranks=8] stream 0x559b6dddc330
torchrun-multipod-0:123:450 [3] NCCL INFO AllReduce: opCount 61 sendbuff 0x7f546fb09c00 recvbuff 0x7f546fb09c00 count 7087872 datatype 7 op 0 root 0 comm 0x559b7000c5d0 [nranks=8] stream 0x559b6dddc330
torchrun-multipod-0:123:450 [3] NCCL INFO AllReduce: opCount 62 sendbuff 0x7f5471613800 recvbuff 0x7f5471613800 count 7087872 datatype 7 op 0 root 0 comm 0x559b7000c5d0 [nranks=8] stream 0x559b6dddc330
torchrun-multipod-0:123:450 [3] NCCL INFO AllReduce: opCount 63 sendbuff 0x7f5474000000 recvbuff 0x7f5474000000 count 7087872 datatype 7 op 0 root 0 comm 0x559b7000c5d0 [nranks=8] stream 0x559b6dddc330
torchrun-multipod-0:123:450 [3] NCCL INFO AllReduce: opCount 64 sendbuff 0x7f5475b09c00 recvbuff 0x7f5475b09c00 count 7087872 datatype 7 op 0 root 0 comm 0x559b7000c5d0 [nranks=8] stream 0x559b6dddc330
torchrun-multipod-0:123:450 [3] NCCL INFO AllReduce: opCount 65 sendbuff 0x7f5477613800 recvbuff 0x7f5477613800 count 7087872 datatype 7 op 0 root 0 comm 0x559b7000c5d0 [nranks=8] stream 0x559b6dddc330
torchrun-multipod-0:123:450 [3] NCCL INFO AllReduce: opCount 66 sendbuff 0x7f547a000000 recvbuff 0x7f547a000000 count 7087872 datatype 7 op 0 root 0 comm 0x559b7000c5d0 [nranks=8] stream 0x559b6dddc330
torchrun-multipod-0:123:450 [3] NCCL INFO AllReduce: opCount 67 sendbuff 0x7f54be000000 recvbuff 0x7f54be000000 count 43915776 datatype 7 op 0 root 0 comm 0x559b7000c5d0 [nranks=8] stream 0x559b6dddc330
torchrun-multipod-0:123:450 [3] NCCL INFO AllReduce: opCount 68 sendbuff 0x7f57740e0000 recvbuff 0x7f57740e0000 count 787968 datatype 7 op 0 root 0 comm 0x559b7000c5d0 [nranks=8] stream 0x559b6dddc330
torchrun-multipod-0:123:123 [3] NCCL INFO AllReduce: opCount 69 sendbuff 0x7f54669fd400 recvbuff 0x7f54669fd400 count 1 datatype 7 op 4 root 0 comm 0x559b7000c5d0 [nranks=8] stream 0x559b6dddc330
torchrun-multipod-0:123:123 [3] NCCL INFO Broadcast: opCount 6a sendbuff 0x7f547bb09c00 recvbuff 0x7f547bb09c00 count 12582912 datatype 7 op 0 root 0 comm 0x559b7000c5d0 [nranks=8] stream 0x559b6dddc330
torchrun-multipod-0:123:450 [3] NCCL INFO AllReduce: opCount 6b sendbuff 0x7f5762600000 recvbuff 0x7f5762600000 count 1769472 datatype 7 op 0 root 0 comm 0x559b7000c5d0 [nranks=8] stream 0x559b6dddc330
torchrun-multipod-0:123:450 [3] NCCL INFO AllReduce: opCount 6c sendbuff 0x7f5514000000 recvbuff 0x7f5514000000 count 7087872 datatype 7 op 0 root 0 comm 0x559b7000c5d0 [nranks=8] stream 0x559b6dddc330
torchrun-multipod-0:123:450 [3] NCCL INFO AllReduce: opCount 6d sendbuff 0x7f54da000000 recvbuff 0x7f54da000000 count 7087872 datatype 7 op 0 root 0 comm 0x559b7000c5d0 [nranks=8] stream 0x559b6dddc330
torchrun-multipod-0:123:450 [3] NCCL INFO AllReduce: opCount 6e sendbuff 0x7f5788200000 recvbuff 0x7f5788200000 count 7087872 datatype 7 op 0 root 0 comm 0x559b7000c5d0 [nranks=8] stream 0x559b6dddc330
torchrun-multipod-0:123:450 [3] NCCL INFO AllReduce: opCount 6f sendbuff 0x7f5580000000 recvbuff 0x7f5580000000 count 7087872 datatype 7 op 0 root 0 comm 0x559b7000c5d0 [nranks=8] stream 0x559b6dddc330
torchrun-multipod-0:123:450 [3] NCCL INFO AllReduce: opCount 70 sendbuff 0x7f546e000000 recvbuff 0x7f546e000000 count 7087872 datatype 7 op 0 root 0 comm 0x559b7000c5d0 [nranks=8] stream 0x559b6dddc330
torchrun-multipod-0:123:450 [3] NCCL INFO AllReduce: opCount 71 sendbuff 0x7f546fb09c00 recvbuff 0x7f546fb09c00 count 7087872 datatype 7 op 0 root 0 comm 0x559b7000c5d0 [nranks=8] stream 0x559b6dddc330
torchrun-multipod-0:123:450 [3] NCCL INFO AllReduce: opCount 72 sendbuff 0x7f5471613800 recvbuff 0x7f5471613800 count 7087872 datatype 7 op 0 root 0 comm 0x559b7000c5d0 [nranks=8] stream 0x559b6dddc330
torchrun-multipod-0:123:450 [3] NCCL INFO AllReduce: opCount 73 sendbuff 0x7f5474000000 recvbuff 0x7f5474000000 count 7087872 datatype 7 op 0 root 0 comm 0x559b7000c5d0 [nranks=8] stream 0x559b6dddc330
torchrun-multipod-0:123:450 [3] NCCL INFO AllReduce: opCount 74 sendbuff 0x7f5475b09c00 recvbuff 0x7f5475b09c00 count 7087872 datatype 7 op 0 root 0 comm 0x559b7000c5d0 [nranks=8] stream 0x559b6dddc330
torchrun-multipod-0:123:450 [3] NCCL INFO AllReduce: opCount 75 sendbuff 0x7f5477613800 recvbuff 0x7f5477613800 count 7087872 datatype 7 op 0 root 0 comm 0x559b7000c5d0 [nranks=8] stream 0x559b6dddc330
torchrun-multipod-0:123:450 [3] NCCL INFO AllReduce: opCount 76 sendbuff 0x7f547a000000 recvbuff 0x7f547a000000 count 7087872 datatype 7 op 0 root 0 comm 0x559b7000c5d0 [nranks=8] stream 0x559b6dddc330
torchrun-multipod-0:123:450 [3] NCCL INFO AllReduce: opCount 77 sendbuff 0x7f54be000000 recvbuff 0x7f54be000000 count 43915776 datatype 7 op 0 root 0 comm 0x559b7000c5d0 [nranks=8] stream 0x559b6dddc330
