moc-r4pcc04u25:207:207 [1] NCCL INFO cudaDriverVersion 12080
moc-r4pcc04u25:207:207 [1] NCCL INFO NCCL_SOCKET_IFNAME set to eno8np0
moc-r4pcc04u25:207:207 [1] NCCL INFO NCCL version 2.26.2+cuda12.2
moc-r4pcc04u25:207:267 [1] NCCL INFO NET/Plugin: Could not find: libnccl-net-ib.so. Using internal net plugin.
moc-r4pcc04u25:207:267 [1] NCCL INFO NET/Socket : Using [0]eno8np0:192.168.103.97<0>
moc-r4pcc04u25:207:267 [1] NCCL INFO PROFILER/Plugin: Could not find: libnccl-profiler.so. 
moc-r4pcc04u25:207:267 [1] NCCL INFO Using network Socket
moc-r4pcc04u25:207:267 [1] NCCL INFO ncclCommInitRankConfig comm 0x55d7175a5e20 rank 1 nranks 8 cudaDev 1 nvmlDev 1 busId 26000 commId 0x14cc5e9b99ac6ba5 - Init STARTmoc-r4pcc04u25:206:264 [0] NCCL INFO RAS client listening socket at ::1<28028>
mmoc-r4pcc04u25:207:267 [1] NCCL INFO TOPO/NET : Importing network plugins to topology
moc-r4pcc04u25:207:267 [1] NCCL INFO Retrieving state for Socket
moc-r4pcc04u25:207:267 [1] NCCL INFO Initialized state 0 for Socket
moc-r4pcc04u25:207:267 [1] NCCL INFO NET/Socket : GPU Direct RDMA Disabled for HCA 0 'eno8np0'
moc-r4pcc04u25:207:267 [1] NCCL INFO ncclTopoPopulateNics : Filled eno8np0 in topo with pciPath=/sys/devices/pci0000:c0/0000:c0:01.1/0000:c1:00.0/0000:c2:00.0/0000:c3:00.0 keep=1 coll=(null)moc-r4pcc04u25:206:264 [0] NCCL INFO TOPO/NET : Importing network plugins to topology
moc-r4pcc04u25:206:264 [0] NCCL INFO Retrieving state for Socket
moc-r4pcc04u25:206:264 [0] NCCL INFO NET/Socket : GPU Direct RDMA Disabled for HCA 0 'eno8np0'
moc-r4pcc04u25:206:264 [0] NCCL INFO ncclTopoPopulateNics : Filled eno8np0 in topo with pciPath=/sys/devices/pci0000:c0/0000:c0:01.1/0000:c1:00.0/0000:c2:00.0/0000:c3:00.0 keep=1 coll=(null)
moc-r4pcc04u25:206:264 [0] NCCL INFO === System : maxBw 48.0 totalBw 370.8 ===
moc-r4pcc04u25:206:264 [0] NCCL INFO CPU/0-0 (1/2/-1)
moc-r4pcc04u25:206:264 [0] NCCL INFO + PCI[48.0] - PCI/0-1000 (15b3197900000000)
moc-r4pcc04u25:206:264 [0] NCCL INFO               + PCI[48.0] - PCI/0-4000 (15b3197900000000)
moc-r4pcc04u25:206:264 [0] NCCL INFO                             + PCI[48.0] - GPU/0-6000 (0)
moc-r4pcc04u25:206:264 [0] NCCL INFO                                           + NVL[123.6] - GPU/0-26000
moc-r4pcc04u25:206:264 [0] NCCL INFO                                           + NVL[123.6] - GPU/0-a6000
moc-r4pcc04u25:206:264 [0] NCCL INFO                                           + NVL[123.6] - GPU/0-c6000
moc-r4pcc04u25:206:264 [0] NCCL INFO + PCI[48.0] - PCI/0-21000 (15b3197900000000)
moc-r4pcc04u25:206:264 [0] NCCL INFO               + PCI[48.0] - PCI/0-24000 (15b3197900000000)
moc-r4pcc04u25:206:264 [0] NCCL INFO                             + PCI[48.0] - GPU/0-26000 (1)
moc-r4pcc04u25:206:264 [0] NCCL INFO                                           + NVL[123.6] - GPU/0-6000
moc-r4pcc04u25:206:264 [0] NCCL INFO                                           + NVL[123.6] - GPU/0-c6000
moc-r4pcc04u25:206:264 [0] NCCL INFO                                           + NVL[123.6] - GPU/0-a6000
moc-r4pcc04u25:206:264 [0] NCCL INFO + SYS[16.0] - CPU/0-1
moc-r4pcc04u25:206:264 [0] NCCL INFO CPU/0-1 (1/2/-1)
moc-r4pcc04u25:206:264 [0] NCCL INFO + PCI[48.0] - PCI/0-c1000 (15b3197900000000)
moc-r4pcc04u25:206:264 [0] NCCL INFO               + PCI[48.0] - NIC/0-c3000
moc-r4pcc04u25:206:264 [0] NCCL INFO                             + NET[50.0] - NET/0-0 (0/0/0/50.000000)
moc-r4pcc04u25:206:264 [0] NCCL INFO               + PCI[48.0] - PCI/0-c4000 (15b3197900000000)
moc-r4pcc04u25:206:264 [0] NCCL INFO                             + PCI[48.0] - GPU/0-c6000 (3)
moc-r4pcc04u25:206:264 [0] NCCL INFO                                           + NVL[123.6] - GPU/0-6000
moc-r4pcc04u25:206:264 [0] NCCL INFO                                           + NVL[123.6] - GPU/0-26000
moc-r4pcc04u25:206:264 [0] NCCL INFO                                           + NVL[123.6] - GPU/0-a6000
moc-r4pcc04u25:206:264 [0] NCCL INFO + PCI[48.0] - PCI/0-a1000 (15b3197900000000)
moc-r4pcc04u25:206:264 [0] NCCL INFO               + PCI[48.0] - PCI/0-a4000 (15b3197900000000)
moc-r4pcc04u25:206:264 [0] NCCL INFO                             + PCI[48.0] - GPU/0-a6000 (2)
moc-r4pcc04u25:206:264 [0] NCCL INFO                                           + NVL[123.6] - GPU/0-26000
moc-r4pcc04u25:206:264 [0] NCCL INFO                                           + NVL[123.6] - GPU/0-6000
moc-r4pcc04u25:206:264 [0] NCCL INFO                                           + NVL[123.6] - GPU/0-c6000
moc-r4pcc04u25:206:264 [0] NCCL INFO + SYS[16.0] - CPU/0-0
moc-r4pcc04u25:206:264 [0] NCCL INFO ==========================================
moc-r4pcc04u25:206:264 [0] NCCL INFO GPU/0-6000 :GPU/0-6000 (0/5000.0/LOC) GPU/0-26000 (1/123.6/NVL) GPU/0-c6000 (1/123.6/NVL) GPU/0-a6000 (1/123.6/NVL) CPU/0-0 (3/48.0/PHB) CPU/0-1 (4/16.0/SYS) NET/0-0 (7/16.0/SYS) 
moc-r4pcc04u25:206:264 [0] NCCL INFO GPU/0-26000 :GPU/0-6000 (1/123.6/NVL) GPU/0-26000 (0/5000.0/LOC) GPU/0-c6000 (1/123.6/NVL) GPU/0-a6000 (1/123.6/NVL) CPU/0-0 (3/48.0/PHB) CPU/0-1 (4/16.0/SYS) NET/0-0 (7/16.0/SYS) 
moc-r4pcc04u25:206:264 [0] NCCL INFO GPU/0-c6000 :GPU/0-6000 (1/123.6/NVL) GPU/0-26000 (1/123.6/NVL) GPU/0-c6000 (0/5000.0/LOC) GPU/0-a6000 (1/123.6/NVL) CPU/0-0 (4/16.0/SYS) CPU/0-1 (3/48.0/PHB) NET/0-0 (6/48.0/PHB) 
moc-r4pcc04u25:206:264 [0] NCCL INFO GPU/0-a6000 :GPU/0-6000 (1/123.6/NVL) GPU/0-26000 (1/123.6/NVL) GPU/0-c6000 (1/123.6/NVL) GPU/0-a6000 (0/5000.0/LOC) CPU/0-0 (4/16.0/SYS) CPU/0-1 (3/48.0/PHB) NET/0-0 (6/48.0/PHB) 
moc-r4pcc04u25:206:264 [0] NCCL INFO NET/0-0 :GPU/0-6000 (7/16.0/SYS) GPU/0-26000 (7/16.0/SYS) GPU/0-c6000 (6/48.0/PHB) GPU/0-a6000 (6/48.0/PHB) CPU/0-0 (4/16.0/SYS) CPU/0-1 (3/48.0/PHB) NET/0-0 (0/5000.0/LOC) 
moc-r4pcc04u25:206:264 [0] NCCL INFO Setting affinity for GPU 0 to ffffffff,ffffffff,ffffffff,ffffffff,00000000,00000000,00000000,00000000,ffffffff,ffffffff,ffffffff,ffffffff
mmoc-r4pcc04u25:207:267 [1] NCCL INFO NVLS multicast support is not available on dev 1mmoc-r4pcc04u25:207:267 [1] NCCL INFO Pattern 4, crossNic 0, nChannels 2, bw 15.000000/15.000000, type NVL/PHB, sameChannels 0
moc-r4pcc04u25:207:267 [1] NCCL INFO  0 : NET/0-0 GPU/3 GPU/1 GPU/0 GPU/2 NET/0-0
moc-r4pcc04u25:207:267 [1] NCCL INFO  1 : NET/0-0 GPU/2 GPU/1 GPU/0 GPU/3 NET/0-0mmoc-r4pcc04u25:207:267 [1] NCCL INFO Pattern 3, crossNic 0, nChannels 2, bw 48.000000/24.000000, type NVL/PHB, sameChannels 1
moc-r4pcc04u25:207:267 [1] NCCL INFO  0 : NET/0-0 GPU/2 GPU/0 GPU/1 GPU/3 NET/0-0
moc-r4pcc04u25:207:267 [1] NCCL INFO  1 : NET/0-0 GPU/2 GPU/0 GPU/1 GPU/3 NET/0-0mmoc-r4pcc04u25:207:267 [1] NCCL INFO comm 0x55d7175a5e20 rank 1 nRanks 8 nNodes 2 localRanks 4 localRank 1 MNNVL 0
moc-r4pcc04u25:207:267 [1] NCCL INFO Ring 00 : 3 -> 1 -> 0
moc-r4pcc04u25:207:267 [1] NCCL INFO Ring 01 : 2 -> 1 -> 0
moc-r4pcc04u25:207:267 [1] NCCL INFO Ring 02 : 3 -> 1 -> 0
moc-r4pcc04u25:207:267 [1] NCCL INFO Ring 03 : 2 -> 1 -> 0
moc-r4pcc04u25:207:267 [1] NCCL INFO Trees [0] 3/-1/-1->1->0 [1] 3/-1/-1->1->0 [2] 3/-1/-1->1->0 [3] 3/-1/-1->1->0
moc-r4pcc04u25:207:267 [1] NCCL INFO P2P Chunksize set to 131072
moc-r4pcc04u25:207:279 [1] NCCL INFO [Proxy Service] Device 1 CPU core 15
moc-r4pcc04u25:207:282 [1] NCCL INFO [Proxy Service UDS] Device 1 CPU core 23
moc-r4pcc04u25:207:267 [1] NCCL INFO threadThresholds 8/8/64 | 64/8/64 | 512 | 512
moc-r4pcc04u25:207:267 [1] NCCL INFO 4 coll channels, 4 collnet channels, 0 nvls channels, 4 p2p channels, 2 p2p channels per peer
moc-r4pcc04u25:207:267 [1] NCCL INFO TUNERmoc-r4pcc04u25:209:265 [3] NCCL INFO TUNER/Plugin: Could not find: libnccl-tuner.so. Using internal tuner plugin.
moc-r4pcc04u25:209:265 [3] NCCL INFO ncclCommInitRankConfig comm 0x56234a4b40a0 rank 3 nranks 8 cudaDev 3 nvmlDev 3 busId c6000 commId 0x14cc5e9b99ac6ba5 - Init COMPLETE
moc-r4pcc04u25:209:265 [3] NCCL INFO Init timings - ncclCommInitRankConfig: rank 3 nranks 8 total 3.76 (kernels 0.74, alloc 0.68, bootstrap 1.31, allgathers 0.23, topo 0.80, moc-r4pcc04u25:207:279 [1] NCCL INFO New pmoc-r4pcc04u25:209:276 [3] NCCL INFO New proxy recv connection 0 from local rank 3, transport 0
moc-r4pcc04u25:209:287 [3] NCCL INFO Connected to proxymoc-r4pcc04u25:207:279 [1] NCCL INFO New pmoc-r4pcc04u25:209:276 [3] NCCL INFO New proxy recv connection 1 from local rank 3, transport 0
moc-r4pcc04u25:209:287 [3] NCCL INFO Connected to proxymoc-r4pcc04u25:207:279 [1] NCCL INFO New proxy recv connection 2 from local rank 1, transport 0
moc-r4pcc04u25:207:286 [1] NCCL INFO Connected to proxy localRank 1 -> connection 0x7fb734005030
moc-r4pcc04u25:207:279 [1] NCCL INFO New proxy recv connection 3 from local rank 1, transport 0
moc-r4pcc04u25:207:286 [1] NCCL INFO Connected to proxy localRank 1 -> connection 0x7fb7340050a8
moc-r4pcc04u25:207:286 [1] NCCL INFO Channel 00/0 : 1[1] -> 0[0] via P2P/CUMEM
moc-r4pcc04u25:207:279 [1] NCCL INFO New proxy send connection 4 from local rank 1, transport 0
moc-r4pcc04u25:207:286 [1] NCCL INFO Connected to proxy localRank 1 -> connection 0x7fb734005120
moc-r4pcc04u25:207:286 [1] NCCL INFO Channel 01/0 : 1[1] -> 0[0] via P2P/CUMEM
moc-r4pcc04u25:207:279 [1] NCCL INFO New proxy send connection 5 from local rank 1, transport 0
moc-r4pcc04u25:207:286 [1] NCCL INFO Connected to proxy localRank 1 -> connection 0x7fb734005198
moc-r4pcc04u25:207:286 [1] NCCL INFO Channel 02/0 : 1[1] -> 0[0] via P2P/CUMEM
moc-r4pcc04u25:207:279 [1] NCCL INFO New proxy send connection 6 from local rank 1, transport 0
moc-r4pcc04u25:207:286 [1] NCCL INFO Connected to proxy localRank 1 -> connection 0x7fb734005210
moc-r4pcc04u25:207:286 [1] NCCL INFO Channel 03/0 : 1[1] -> 0[0] via P2P/CUMEM
moc-r4pcc04u25:207:279 [1] NCCL INFO New proxy send connection 7 from local rank 1, transport 0
moc-r4pcc04u25:207:286 [1] NCCL INFO Connected to proxy localRank 1 -> connection 0x7fb734005288
moc-r4pcc04u25:207:286 [1] NCCL INFO Connected to proxy localRank 3 -> connection 0x7f4614005300
moc-r4pcc04u25:207:279 [1] NCCL INFO New proxy send connection 8 from local rank 3, transport 0
moc-r4pcc04u25:207:279 [1] NCCL INFO New proxy send connection 9 from local rank 2, transport 0
moc-r4pcc04u25:207:286 [1] NCCL INFO Connected to proxy localRank 0 -> connection 0x7fc71c0053f0
moc-r4pcc04u25:207:279 [1] NCCL INFO New proxy send connection 10 from local rank 0, transport 0
moc-r4pcc04u25:207:286 [1] NCCL INFO Connected to proxy localRank 2 -> connection 0x7f45ec005378
moc-r4pcc04u25:207:286 [1] NCCL INFO Connected all rings, use ring PXN 0 GDR 0
moc-r4pcc04u25:207:279 [1] NCCL INFO New proxy recv connection 11 from local rank 1, transport 0
moc-r4pcc04u25:207:13934 [1] NCCL INFO Connected to proxy localRank 1 -> connection 0x7fb734005468
moc-r4pcc04u25:207:279 [1] NCCL INFO New proxy recv connection 12 from local rank 1, transport 0
moc-r4pcc04u25:207:13934 [1] NCCL INFO Connected to proxy localRank 1 -> connection 0x7fb7340054e0
moc-r4pcc04u25:207:279 [1] NCCL INFO moc-r4pcc04u25:206:14330 [0] NCCL INFO Channel 00/0 : 0[0] -> 1[1] via P2P/CUMEM
moc-r4pcc04u25:206:281 [0] NCCL INFO New proxy senmoc-r4pcc04u25:208:277 [2] NCCL INFO New proxy recv connection 10 from local rank 2, transport 0
moc-r4pcc04u25:208:14331 [2] NCCL INFO Connected to proxy localRank 2 -> connection 0x7f45ec0053f0
moc-r4pcc04u25:208:277 [2] NCCL INFO New proxy recv connection 11 from local rank 2, transport 0
moc-r4pcc04u25:208:14331 [2] NCCL INFO Connected to proxy localRank 2 -> connection 0x7f45ec005468
moc-r4pcc04u25:208:277 [2] NCCL INFO New proxy recv connection 12 from local rank 2, transport 2
moc-r4pcc04u25:208:14331 [2] NCCL INFO Connected to proxy localRank 2 -> connection 0x7f45ec0054e0
moc-r4pcc04u25:208:277 [2] NCCL INFO NET/Socket: Using 4 threads and 1 sockets per thread
moc-r4pcc04u25:208:14331 [2] NCCL INFO Channel 00/0 : 6[2] -> 2[2] [receive] via NET/Socket/0
moc-r4pcc04u25:208:277 [2] NCCL INFO New proxy recv connection 13 from local rank 2, transport 2
moc-r4pcc04u25:208:14331 [2] NCCL INFO Connected to proxy localRank 2 -> connection 0x7f45ec005558
moc-r4pcc04u25:208:277 [2] NCCL INFO NET/Socket: Using 4 threads and 1 sockets per thread
moc-r4pcc04u25:208:14331 [2]moc-r4pcc04u25:209:13768 [3] NCCL INFO Connected all trees
moc-r4pcc04u25:209:14371 [3] NCCL INFO comm 0x56234a4b40a0 rank 3 nranks 8 cudaDev 3 busId c6000 - Destroy COMPLETE
25:208:14331 [2] NCCL INFO Connected to proxy localRank 2 -> connection 0x7f45ec0055d0
moc-r4pcc04u25:208:277 [2] NCCL INFO NET/Socket: Using 4 threads and 1 sockets per thread
moc-r4pcc04u25:208:14331 [2] NCCL INFO Channel 02/0 : 6[2] -> 2[2] [receive] via NET/Socket/0
moc-r4pcc04u25:208:277 [2] NCCL INFO New proxy recv connection 15 from local rank 2, transport 2
moc-r4pcc04u25:208:14331 [2] NCCL INFO Connected to proxy localRank 2 -> connection 0x7f45ec005moc-r4pcc04u25:207:13934 [1] NCCL INFO Connected all trees
moc-r4pcc04u25:207:14374 [1] NCCL INFO comm 0x55d7175a5e20 rank 1 nranks 8 cudaDev 1 busId 26000 - Destroy COMPLETE
NET/Socket/0
moc-r4pcc04moc-r4pcc04u25:206:281 [0] NCCL INFO New proxy recv connection 19 from local rank 0, transport 0
moc-r4pcc04u25:206:14330 [0] NCCL INFO Connected to proxy localRank 0 -> connection 0x7fc71c005828
moc-r4pcc04u25:206:281 [0] NCCL INFO New proxy recv connection 20 from local rank 0, transport 0
moc-r4pcc04u25:206:14330 [0] NCCL INFO Connected to proxy localRank 0 -> connection 0x7fc71c0058a0
moc-r4pcc04u25:206:14330 [0] NCCL INFO Connected all trees
moc-r4pcc04u25:206:14372 [0] NCCL INFO comm 0x55bd9a55d000 rank 0 nranks 8 cudaDev 0 busId 6000 - Destroy COMPLETE
-r4pcc04u25:208:277 [2] NCCL INFO New proxy send connection 18 from local rank 2, transport 2
moc-r4pcc04u25:208:14331 [2] NCCL INFO Connected to proxy localRank 2 -> connection 0x7f45ec0057b0
moc-r4pcc04u25:208:14331 [2] NCCL INFO Channel 02/0 : 2[2] -> 6[2] [send] via NET/Socket/0
moc-r4pcc04u25:208:277 [2] NCCL INFO New proxy send connection 19 from local rank 2, transport 2
moc-r4pcc04u25:208:14331 [2] NCCL INFO Connected to proxy localRank 2 -> connection 0x7f45ec005828
moc-r4pcc04u25:208:14331 [2] NCCL INFO Channel 03/0 : 2[2] -> 6[2] [send] via NET/Socket/0
moc-r4pcc04u25:208:14331 [2] NCCL INFO Channel 00/0 : 2[2] -> 0[0] via P2P/CUMEM
moc-r4pcc04u25:208:277 [2] NCCL INFO New proxy send connection 20 from local rank 2, transport 0
moc-r4pcc04u25:208:14331 [2] NCCL INFO Connected to proxy localRank 2 -> connection 0x7f45ec0058a0
moc-r4pcc04u25:208:14331 [2] NCCL INFO Channel 01/0 : 2[2] -> 0[0] via P2P/CUMEM
moc-r4pcc04u25:208:277 [2] NCCL INFO New proxy send connection 21 from local rank 2, transport 0
moc-r4pcc04u25:208:14331 [2] NCCL INFO Connected to proxy localRank 2 -> connection 0x7f45ec005918
moc-r4pcc04u25:208:14331 [2] NCCL INFO Channel 02/0 : 2[2] -> 0[0] via P2P/CUMEM
moc-r4pcc04u25:208:277 [2] NCCL INFO New proxy send connection 22 from local rank 2, transport 0
moc-r4pcc04u25:208:14331 [2] NCCL INFO Connected to proxy localRank 2 -> connection 0x7f45ec005990
moc-r4pcc04u25:208:14331 [2] NCCL INFO Channel 03/0 : 2[2] -> 0[0] via P2P/CUMEM
moc-r4pcc04u25:208:277 [2] NCCL INFO New proxy send connection 23 from local rank 2, transport 0
moc-r4pcc04u25:208:14331 [2] NCCL INFO Connected to proxy localRank 2 -> connection 0x7f45ec005a08
moc-r4pcc04u25:208:14331 [2] NCCL INFO Connected all trees
moc-r4pcc04u25:208:14373 [2] NCCL INFO comm 0x5591ea696900 rank 2 nranks 8 cudaDev 2 busId a6000 - Destroy COMPLETE
