Running pytorch 2.7.0+cu126
using device: cuda:0
total desired batch size: 2621440
=> calculated gradient accumulation steps: 10
using device: cuda:3
using device: cuda:2
using device: cuda:1
compiling the model...
DataLoader: total number of tokens: 1,661,249,667 across 103 files
MOC-R4PCC04U05:412206:412206 [0] NCCL INFO NCCL_SOCKET_IFNAME set to eno7np0
MOC-R4PCC04U05:412206:412206 [0] NCCL INFO NCCL version 2.26.2+cuda12.2
MOC-R4PCC04U05:412209:412209 [3] NCCL INFO NCCL_SOCKET_IFNAME set to eno7np0
MOC-R4PCC04U05:412209:412209 [3] NCCL INFO NCCL version 2.26.2+cuda12.2
MOC-R4PCC04U05:412208:412208 [2] NCCL INFO NCCL_SOCKET_IFNAME set to eno7np0
MOC-R4PCC04U05:412208:412208 [2] NCCL INFO NCCL version 2.26.2+cuda12.2
MOC-R4PCC04U05:412207:412207 [1] NCCL INFO NCCL_SOCKET_IFNAME set to eno7np0
MOC-R4PCC04U05:412207:412207 [1] NCCL INFO NCCL version 2.26.2+cuda12.2
MOC-R4PCC04U05:412206:412247 [0] NCCL INFO NET/Plugin: Could not find: libnccl-net.so. Using internal net plugin.
MOC-R4PCC04U05:412206:412247 [0] NCCL INFO NCCL_IB_HCA set to mlx5_5
MOC-R4PCC04U05:412206:412247 [0] NCCL INFO NET/IB : Made virtual device [0] name=mlx5_5 speed=400000 ndevs=1
MOC-R4PCC04U05:412206:412247 [0] NCCL INFO NET/IB : Using [0]mlx5_5:1/RoCE [RO]; OOB eno7np0:192.168.50.193<0>
MOC-R4PCC04U05:412209:412248 [3] NCCL INFO NET/Plugin: Could not find: libnccl-net.so. Using internal net plugin.
MOC-R4PCC04U05:412209:412248 [3] NCCL INFO NCCL_IB_HCA set to mlx5_5
MOC-R4PCC04U05:412208:412249 [2] NCCL INFO NET/Plugin: Could not find: libnccl-net.so. Using internal net plugin.
MOC-R4PCC04U05:412208:412249 [2] NCCL INFO NCCL_IB_HCA set to mlx5_5
MOC-R4PCC04U05:412207:412250 [1] NCCL INFO NET/Plugin: Could not find: libnccl-net.so. Using internal net plugin.
MOC-R4PCC04U05:412207:412250 [1] NCCL INFO NCCL_IB_HCA set to mlx5_5
MOC-R4PCC04U05:412209:412248 [3] NCCL INFO NET/IB : Made virtual device [0] name=mlx5_5 speed=400000 ndevs=1
MOC-R4PCC04U05:412209:412248 [3] NCCL INFO NET/IB : Using [0]mlx5_5:1/RoCE [RO]; OOB eno7np0:192.168.50.193<0>
MOC-R4PCC04U05:412208:412249 [2] NCCL INFO NET/IB : Made virtual device [0] name=mlx5_5 speed=400000 ndevs=1
MOC-R4PCC04U05:412208:412249 [2] NCCL INFO NET/IB : Using [0]mlx5_5:1/RoCE [RO]; OOB eno7np0:192.168.50.193<0>
MOC-R4PCC04U05:412207:412250 [1] NCCL INFO NET/IB : Made virtual device [0] name=mlx5_5 speed=400000 ndevs=1
MOC-R4PCC04U05:412207:412250 [1] NCCL INFO NET/IB : Using [0]mlx5_5:1/RoCE [RO]; OOB eno7np0:192.168.50.193<0>
MOC-R4PCC04U05:412208:412249 [2] NCCL INFO NET/IB : GPU Direct RDMA Enabled for HCA 0 'mlx5_5'
MOC-R4PCC04U05:412208:412249 [2] NCCL INFO NET/IB : Made virtual device [1] name=mlx5_5 speed=400000 ndevs=1
MOC-R4PCC04U05:412208:412249 [2] NCCL INFO NET/IB : GPU Direct RDMA Enabled for HCA 0 'mlx5_5'
MOC-R4PCC04U05:412208:412249 [2] NCCL INFO NET/IB : GPU Direct RDMA Enabled for HCA 1 'mlx5_5'
MOC-R4PCC04U05:412209:412248 [3] NCCL INFO NET/IB : GPU Direct RDMA Enabled for HCA 0 'mlx5_5'
MOC-R4PCC04U05:412209:412248 [3] NCCL INFO NET/IB : Made virtual device [1] name=mlx5_5 speed=400000 ndevs=1
MOC-R4PCC04U05:412209:412248 [3] NCCL INFO NET/IB : GPU Direct RDMA Enabled for HCA 0 'mlx5_5'
MOC-R4PCC04U05:412209:412248 [3] NCCL INFO NET/IB : GPU Direct RDMA Enabled for HCA 1 'mlx5_5'
MOC-R4PCC04U05:412206:412247 [0] NCCL INFO NET/IB : GPU Direct RDMA Enabled for HCA 0 'mlx5_5'
MOC-R4PCC04U05:412206:412247 [0] NCCL INFO NET/IB : Made virtual device [1] name=mlx5_5 speed=400000 ndevs=1
MOC-R4PCC04U05:412206:412247 [0] NCCL INFO NET/IB : GPU Direct RDMA Enabled for HCA 0 'mlx5_5'
MOC-R4PCC04U05:412206:412247 [0] NCCL INFO NET/IB : GPU Direct RDMA Enabled for HCA 1 'mlx5_5'
MOC-R4PCC04U05:412207:412250 [1] NCCL INFO NET/IB : GPU Direct RDMA Enabled for HCA 0 'mlx5_5'
MOC-R4PCC04U05:412207:412250 [1] NCCL INFO NET/IB : Made virtual device [1] name=mlx5_5 speed=400000 ndevs=1
MOC-R4PCC04U05:412207:412250 [1] NCCL INFO NET/IB : GPU Direct RDMA Enabled for HCA 0 'mlx5_5'
MOC-R4PCC04U05:412207:412250 [1] NCCL INFO NET/IB : GPU Direct RDMA Enabled for HCA 1 'mlx5_5'
MOC-R4PCC04U05:412206:412247 [0] NCCL INFO NCCL_NET_GDR_LEVEL set by environment to LOC
MOC-R4PCC04U05:412206:412247 [0] NCCL INFO GPU Direct RDMA Disabled for GPU 0 / HCA 1 (distance 5 > 0)
MOC-R4PCC04U05:412206:412247 [0] NCCL INFO GPU Direct RDMA Disabled for GPU 1 / HCA 1 (distance 5 > 0)
MOC-R4PCC04U05:412206:412247 [0] NCCL INFO GPU Direct RDMA Disabled for GPU 2 / HCA 1 (distance 5 > 0)
MOC-R4PCC04U05:412206:412247 [0] NCCL INFO GPU Direct RDMA Disabled for GPU 0 / HCA 1 (distance 5 > 0)
MOC-R4PCC04U05:412206:412247 [0] NCCL INFO GPU Direct RDMA Disabled for GPU 1 / HCA 1 (distance 5 > 0)
MOC-R4PCC04U05:412206:412247 [0] NCCL INFO GPU Direct RDMA Disabled for GPU 2 / HCA 1 (distance 5 > 0)
MOC-R4PCC04U05:412207:412250 [1] NCCL INFO NCCL_NET_GDR_LEVEL set by environment to LOC
MOC-R4PCC04U05:412207:412250 [1] NCCL INFO GPU Direct RDMA Disabled for GPU 0 / HCA 1 (distance 5 > 0)
MOC-R4PCC04U05:412207:412250 [1] NCCL INFO GPU Direct RDMA Disabled for GPU 1 / HCA 1 (distance 5 > 0)
MOC-R4PCC04U05:412207:412250 [1] NCCL INFO GPU Direct RDMA Disabled for GPU 2 / HCA 1 (distance 5 > 0)
MOC-R4PCC04U05:412207:412250 [1] NCCL INFO GPU Direct RDMA Disabled for GPU 0 / HCA 1 (distance 5 > 0)
MOC-R4PCC04U05:412207:412250 [1] NCCL INFO GPU Direct RDMA Disabled for GPU 1 / HCA 1 (distance 5 > 0)
MOC-R4PCC04U05:412207:412250 [1] NCCL INFO GPU Direct RDMA Disabled for GPU 2 / HCA 1 (distance 5 > 0)
MOC-R4PCC04U05:412209:412248 [3] NCCL INFO NCCL_NET_GDR_LEVEL set by environment to LOC
MOC-R4PCC04U05:412209:412248 [3] NCCL INFO GPU Direct RDMA Disabled for GPU 0 / HCA 1 (distance 5 > 0)
MOC-R4PCC04U05:412209:412248 [3] NCCL INFO GPU Direct RDMA Disabled for GPU 1 / HCA 1 (distance 5 > 0)
MOC-R4PCC04U05:412209:412248 [3] NCCL INFO GPU Direct RDMA Disabled for GPU 2 / HCA 1 (distance 5 > 0)
MOC-R4PCC04U05:412209:412248 [3] NCCL INFO GPU Direct RDMA Disabled for GPU 0 / HCA 1 (distance 5 > 0)
MOC-R4PCC04U05:412209:412248 [3] NCCL INFO GPU Direct RDMA Disabled for GPU 1 / HCA 1 (distance 5 > 0)
MOC-R4PCC04U05:412209:412248 [3] NCCL INFO GPU Direct RDMA Disabled for GPU 2 / HCA 1 (distance 5 > 0)
MOC-R4PCC04U05:412208:412249 [2] NCCL INFO NCCL_NET_GDR_LEVEL set by environment to LOC
MOC-R4PCC04U05:412208:412249 [2] NCCL INFO GPU Direct RDMA Disabled for GPU 0 / HCA 1 (distance 5 > 0)
MOC-R4PCC04U05:412208:412249 [2] NCCL INFO GPU Direct RDMA Disabled for GPU 1 / HCA 1 (distance 5 > 0)
MOC-R4PCC04U05:412208:412249 [2] NCCL INFO GPU Direct RDMA Disabled for GPU 2 / HCA 1 (distance 5 > 0)
MOC-R4PCC04U05:412208:412249 [2] NCCL INFO GPU Direct RDMA Disabled for GPU 0 / HCA 1 (distance 5 > 0)
MOC-R4PCC04U05:412208:412249 [2] NCCL INFO GPU Direct RDMA Disabled for GPU 1 / HCA 1 (distance 5 > 0)
MOC-R4PCC04U05:412208:412249 [2] NCCL INFO GPU Direct RDMA Disabled for GPU 2 / HCA 1 (distance 5 > 0)
MOC-R4PCC04U05:412209:412263 [3] NCCL INFO New proxy recv connection 0 from local rank 3, transport 0
MOC-R4PCC04U05:412209:412271 [3] NCCL INFO Connected to proxy localRank 3 -> connection 0x7fcb34004f30
MOC-R4PCC04U05:412208:412265 [2] NCCL INFO New proxy recv connection 0 from local rank 2, transport 0
MOC-R4PCC04U05:412208:412272 [2] NCCL INFO Connected to proxy localRank 2 -> connection 0x7f417c004f30
MOC-R4PCC04U05:412207:412266 [1] NCCL INFO New proxy recv connection 0 from local rank 1, transport 0
MOC-R4PCC04U05:412207:412273 [1] NCCL INFO Connected to proxy localRank 1 -> connection 0x7f8004004f30
MOC-R4PCC04U05:412209:412263 [3] NCCL INFO New proxy recv connection 1 from local rank 3, transport 0
MOC-R4PCC04U05:412209:412271 [3] NCCL INFO Connected to proxy localRank 3 -> connection 0x7fcb34004fa8
MOC-R4PCC04U05:412208:412265 [2] NCCL INFO New proxy recv connection 1 from local rank 2, transport 0
MOC-R4PCC04U05:412208:412272 [2] NCCL INFO Connected to proxy localRank 2 -> connection 0x7f417c004fa8
MOC-R4PCC04U05:412209:412271 [3] NCCL INFO GPU Direct RDMA Disabled for GPU 3 / HCA 1 (distance 7 > 0)
MOC-R4PCC04U05:412207:412266 [1] NCCL INFO New proxy recv connection 1 from local rank 1, transport 0
MOC-R4PCC04U05:412207:412273 [1] NCCL INFO Connected to proxy localRank 1 -> connection 0x7f8004004fa8
MOC-R4PCC04U05:412209:412263 [3] NCCL INFO New proxy send connection 2 from local rank 3, transport 2
MOC-R4PCC04U05:412209:412271 [3] NCCL INFO Connected to proxy localRank 3 -> connection 0x7fcb34005020
MOC-R4PCC04U05:412209:412271 [3] NCCL INFO Channel 00/0 : 3[3] -> 6[2] [send] via NET/IB/1
MOC-R4PCC04U05:412209:412271 [3] NCCL INFO GPU Direct RDMA Disabled for GPU 3 / HCA 1 (distance 7 > 0)
MOC-R4PCC04U05:412209:412263 [3] NCCL INFO New proxy send connection 3 from local rank 3, transport 2
MOC-R4PCC04U05:412209:412271 [3] NCCL INFO Connected to proxy localRank 3 -> connection 0x7fcb34005098
MOC-R4PCC04U05:412209:412271 [3] NCCL INFO Channel 02/0 : 3[3] -> 6[2] [send] via NET/IB/1
MOC-R4PCC04U05:412206:412267 [0] NCCL INFO New proxy send connection 0 from local rank 0, transport 0
MOC-R4PCC04U05:412206:412275 [0] NCCL INFO Connected to proxy localRank 0 -> connection 0x7fa418004f30
MOC-R4PCC04U05:412206:412267 [0] NCCL INFO New proxy send connection 1 from local rank 0, transport 0
MOC-R4PCC04U05:412206:412275 [0] NCCL INFO Connected to proxy localRank 0 -> connection 0x7fa418004fa8
MOC-R4PCC04U05:412206:412267 [0] NCCL INFO New proxy send connection 2 from local rank 0, transport 0
MOC-R4PCC04U05:412206:412275 [0] NCCL INFO Connected to proxy localRank 0 -> connection 0x7fa418005020
MOC-R4PCC04U05:412208:412272 [2] NCCL INFO GPU Direct RDMA Disabled for GPU 2 / HCA 1 (distance 7 > 0)
MOC-R4PCC04U05:412206:412267 [0] NCCL INFO New proxy send connection 3 from local rank 0, transport 0
MOC-R4PCC04U05:412206:412275 [0] NCCL INFO Connected to proxy localRank 0 -> connection 0x7fa418005098
MOC-R4PCC04U05:412206:412267 [0] NCCL INFO New proxy recv connection 4 from local rank 0, transport 0
MOC-R4PCC04U05:412206:412275 [0] NCCL INFO Connected to proxy localRank 0 -> connection 0x7fa418005110
MOC-R4PCC04U05:412209:412271 [3] NCCL INFO GPU Direct RDMA Disabled for GPU 3 / HCA 1 (distance 7 > 0)
MOC-R4PCC04U05:412209:412263 [3] NCCL INFO New proxy recv connection 4 from local rank 3, transport 2
MOC-R4PCC04U05:412209:412271 [3] NCCL INFO Connected to proxy localRank 3 -> connection 0x7fcb34005110
MOC-R4PCC04U05:412209:412271 [3] NCCL INFO Channel 01/0 : 6[2] -> 3[3] [receive] via NET/IB/1
MOC-R4PCC04U05:412209:412271 [3] NCCL INFO GPU Direct RDMA Disabled for GPU 3 / HCA 1 (distance 7 > 0)
MOC-R4PCC04U05:412209:412263 [3] NCCL INFO New proxy recv connection 5 from local rank 3, transport 2
MOC-R4PCC04U05:412209:412271 [3] NCCL INFO Connected to proxy localRank 3 -> connection 0x7fcb34005188
MOC-R4PCC04U05:412209:412271 [3] NCCL INFO Channel 03/0 : 6[2] -> 3[3] [receive] via NET/IB/1
MOC-R4PCC04U05:412209:412263 [3] NCCL INFO New proxy send connection 6 from local rank 3, transport 0
MOC-R4PCC04U05:412209:412271 [3] NCCL INFO Connected to proxy localRank 3 -> connection 0x7fcb34005200
MOC-R4PCC04U05:412209:412263 [3] NCCL INFO New proxy send connection 7 from local rank 3, transport 0
MOC-R4PCC04U05:412209:412271 [3] NCCL INFO Connected to proxy localRank 3 -> connection 0x7fcb34005278
MOC-R4PCC04U05:412206:412267 [0] NCCL INFO New proxy recv connection 5 from local rank 0, transport 0
MOC-R4PCC04U05:412206:412275 [0] NCCL INFO Connected to proxy localRank 0 -> connection 0x7fa418005188
MOC-R4PCC04U05:412207:412266 [1] NCCL INFO New proxy recv connection 2 from local rank 1, transport 0
MOC-R4PCC04U05:412207:412273 [1] NCCL INFO Connected to proxy localRank 1 -> connection 0x7f8004005020
MOC-R4PCC04U05:412206:412267 [0] NCCL INFO New proxy recv connection 6 from local rank 0, transport 0
MOC-R4PCC04U05:412206:412275 [0] NCCL INFO Connected to proxy localRank 0 -> connection 0x7fa418005200
MOC-R4PCC04U05:412206:412267 [0] NCCL INFO New proxy send connection 7 from local rank 3, transport 0
MOC-R4PCC04U05:412209:412271 [3] NCCL INFO Connected to proxy localRank 0 -> connection 0x7fa418005278
MOC-R4PCC04U05:412207:412266 [1] NCCL INFO New proxy recv connection 3 from local rank 1, transport 0
MOC-R4PCC04U05:412207:412273 [1] NCCL INFO Connected to proxy localRank 1 -> connection 0x7f8004005098
MOC-R4PCC04U05:412206:412267 [0] NCCL INFO New proxy recv connection 8 from local rank 0, transport 0
MOC-R4PCC04U05:412206:412275 [0] NCCL INFO Connected to proxy localRank 0 -> connection 0x7fa4180052f0
MOC-R4PCC04U05:412207:412266 [1] NCCL INFO New proxy send connection 4 from local rank 1, transport 0
MOC-R4PCC04U05:412207:412273 [1] NCCL INFO Connected to proxy localRank 1 -> connection 0x7f8004005110
MOC-R4PCC04U05:412208:412265 [2] NCCL INFO New proxy recv connection 2 from local rank 2, transport 2
MOC-R4PCC04U05:412208:412272 [2] NCCL INFO Connected to proxy localRank 2 -> connection 0x7f417c005020
MOC-R4PCC04U05:412208:412272 [2] NCCL INFO Channel 00/0 : 7[3] -> 2[2] [receive] via NET/IB/1
MOC-R4PCC04U05:412208:412272 [2] NCCL INFO GPU Direct RDMA Disabled for GPU 2 / HCA 1 (distance 7 > 0)
MOC-R4PCC04U05:412208:412265 [2] NCCL INFO New proxy recv connection 3 from local rank 2, transport 2
MOC-R4PCC04U05:412208:412272 [2] NCCL INFO Connected to proxy localRank 2 -> connection 0x7f417c005098
MOC-R4PCC04U05:412208:412272 [2] NCCL INFO Channel 02/0 : 7[3] -> 2[2] [receive] via NET/IB/1
MOC-R4PCC04U05:412208:412272 [2] NCCL INFO GPU Direct RDMA Disabled for GPU 2 / HCA 1 (distance 7 > 0)
MOC-R4PCC04U05:412208:412265 [2] NCCL INFO New proxy send connection 4 from local rank 2, transport 2
MOC-R4PCC04U05:412208:412272 [2] NCCL INFO Connected to proxy localRank 2 -> connection 0x7f417c005110
MOC-R4PCC04U05:412208:412272 [2] NCCL INFO Channel 01/0 : 2[2] -> 7[3] [send] via NET/IB/1
MOC-R4PCC04U05:412208:412272 [2] NCCL INFO GPU Direct RDMA Disabled for GPU 2 / HCA 1 (distance 7 > 0)
MOC-R4PCC04U05:412208:412265 [2] NCCL INFO New proxy send connection 5 from local rank 2, transport 2
MOC-R4PCC04U05:412208:412272 [2] NCCL INFO Connected to proxy localRank 2 -> connection 0x7f417c005188
MOC-R4PCC04U05:412208:412272 [2] NCCL INFO Channel 03/0 : 2[2] -> 7[3] [send] via NET/IB/1
MOC-R4PCC04U05:412208:412265 [2] NCCL INFO New proxy send connection 6 from local rank 2, transport 0
MOC-R4PCC04U05:412208:412272 [2] NCCL INFO Connected to proxy localRank 2 -> connection 0x7f417c005200
MOC-R4PCC04U05:412207:412266 [1] NCCL INFO New proxy send connection 5 from local rank 1, transport 0
MOC-R4PCC04U05:412207:412273 [1] NCCL INFO Connected to proxy localRank 1 -> connection 0x7f8004005188
MOC-R4PCC04U05:412208:412265 [2] NCCL INFO New proxy send connection 7 from local rank 2, transport 0
MOC-R4PCC04U05:412208:412272 [2] NCCL INFO Connected to proxy localRank 2 -> connection 0x7f417c005278
MOC-R4PCC04U05:412207:412266 [1] NCCL INFO New proxy send connection 6 from local rank 1, transport 0
MOC-R4PCC04U05:412207:412273 [1] NCCL INFO Connected to proxy localRank 1 -> connection 0x7f8004005200
MOC-R4PCC04U05:412207:412266 [1] NCCL INFO New proxy send connection 7 from local rank 1, transport 0
MOC-R4PCC04U05:412207:412273 [1] NCCL INFO Connected to proxy localRank 1 -> connection 0x7f8004005278
MOC-R4PCC04U05:412206:412267 [0] NCCL INFO New proxy send connection 9 from local rank 2, transport 0
MOC-R4PCC04U05:412208:412272 [2] NCCL INFO Connected to proxy localRank 0 -> connection 0x7fa418005368
MOC-R4PCC04U05:412208:412265 [2] NCCL INFO New proxy send connection 8 from local rank 0, transport 0
MOC-R4PCC04U05:412206:412275 [0] NCCL INFO Connected to proxy localRank 2 -> connection 0x7f417c0052f0
MOC-R4PCC04U05:412209:412263 [3] NCCL INFO New proxy send connection 8 from local rank 1, transport 0
MOC-R4PCC04U05:412207:412273 [1] NCCL INFO Connected to proxy localRank 3 -> connection 0x7fcb340052f0
MOC-R4PCC04U05:412207:412266 [1] NCCL INFO New proxy send connection 8 from local rank 3, transport 0
MOC-R4PCC04U05:412209:412271 [3] NCCL INFO Connected to proxy localRank 1 -> connection 0x7f80040052f0
MOC-R4PCC04U05:412207:412266 [1] NCCL INFO New proxy send connection 9 from local rank 2, transport 0
MOC-R4PCC04U05:412208:412272 [2] NCCL INFO Connected to proxy localRank 1 -> connection 0x7f8004005368
MOC-R4PCC04U05:412206:412267 [0] NCCL INFO New proxy send connection 10 from local rank 1, transport 0
MOC-R4PCC04U05:412207:412273 [1] NCCL INFO Connected to proxy localRank 0 -> connection 0x7fa4180053e0
MOC-R4PCC04U05:412209:412263 [3] NCCL INFO New proxy send connection 9 from local rank 0, transport 0
MOC-R4PCC04U05:412206:412275 [0] NCCL INFO Connected to proxy localRank 3 -> connection 0x7fcb34005368
MOC-R4PCC04U05:412208:412265 [2] NCCL INFO NET/IB: NCCL Dev 1 IbDev 0 Port 1 qpn 6018 mtu 3 query_ece={supported=1, vendor_id=0x15b3, options=0x30000002, comp_mask=0x0} GID 3 (0/C132A8C0FFFF0000) fifoRkey=0x17601f fifoLkey=0x17601f
MOC-R4PCC04U05:412208:412265 [2] NCCL INFO NET/IB: NCCL Dev 1 IbDev 0 Port 1 qpn 6019 mtu 3 query_ece={supported=1, vendor_id=0x15b3, options=0x30000002, comp_mask=0x0} GID 3 (0/C132A8C0FFFF0000) fifoRkey=0x17d796 fifoLkey=0x17d796
MOC-R4PCC04U05:412209:412263 [3] NCCL INFO NET/IB: NCCL Dev 1 IbDev 0 Port 1 qpn 6020 mtu 3 query_ece={supported=1, vendor_id=0x15b3, options=0x30000002, comp_mask=0x0} GID 3 (0/C132A8C0FFFF0000) fifoRkey=0x1722e1 fifoLkey=0x1722e1
MOC-R4PCC04U05:412209:412263 [3] NCCL INFO NET/IB: NCCL Dev 1 IbDev 0 Port 1 qpn 6021 mtu 3 query_ece={supported=1, vendor_id=0x15b3, options=0x30000002, comp_mask=0x0} GID 3 (0/C132A8C0FFFF0000) fifoRkey=0x175412 fifoLkey=0x175412
MOC-R4PCC04U05:412209:412263 [3] NCCL INFO NET/IB: IbDev 0 Port 1 qpn 6260 set_ece={supported=1, vendor_id=0x15b3, options=0x0, comp_mask=0x0}
MOC-R4PCC04U05:412209:412263 [3] NCCL INFO NET/IB: IbDev 0 Port 1 qpn 6262 set_ece={supported=1, vendor_id=0x15b3, options=0x0, comp_mask=0x0}
MOC-R4PCC04U05:412208:412265 [2] NCCL INFO NET/IB: IbDev 0 Port 1 qpn 6256 set_ece={supported=1, vendor_id=0x15b3, options=0x0, comp_mask=0x0}
MOC-R4PCC04U05:412208:412265 [2] NCCL INFO NET/IB: IbDev 0 Port 1 qpn 6258 set_ece={supported=1, vendor_id=0x15b3, options=0x0, comp_mask=0x0}
MOC-R4PCC04U05:412208:412265 [2] NCCL INFO New proxy send connection 9 from local rank 1, transport 0
MOC-R4PCC04U05:412207:412273 [1] NCCL INFO Connected to proxy localRank 2 -> connection 0x7f417c005368
MOC-R4PCC04U05:412207:412266 [1] NCCL INFO New proxy send connection 10 from local rank 0, transport 0
MOC-R4PCC04U05:412206:412275 [0] NCCL INFO Connected to proxy localRank 1 -> connection 0x7f80040053e0
num decayed parameter tensors: 50, with 124,318,464 parameters
num non-decayed parameter tensors: 98, with 121,344 parameters
using fused AdamW: False
using regular AdamW
MOC-R4PCC04U05:412209:412263 [3] NCCL INFO New proxy recv connection 10 from local rank 3, transport 0
MOC-R4PCC04U05:412209:412967 [3] NCCL INFO Connected to proxy localRank 3 -> connection 0x7fcb340053e0
MOC-R4PCC04U05:412209:412263 [3] NCCL INFO New proxy recv connection 11 from local rank 3, transport 0
MOC-R4PCC04U05:412209:412967 [3] NCCL INFO Connected to proxy localRank 3 -> connection 0x7fcb34005458
MOC-R4PCC04U05:412206:412267 [0] NCCL INFO New proxy send connection 11 from local rank 0, transport 0
MOC-R4PCC04U05:412206:412968 [0] NCCL INFO Connected to proxy localRank 0 -> connection 0x7fa418005458
MOC-R4PCC04U05:412206:412267 [0] NCCL INFO New proxy send connection 12 from local rank 0, transport 0
MOC-R4PCC04U05:412206:412968 [0] NCCL INFO Connected to proxy localRank 0 -> connection 0x7fa4180054d0
MOC-R4PCC04U05:412206:412267 [0] NCCL INFO New proxy send connection 13 from local rank 0, transport 0
MOC-R4PCC04U05:412206:412968 [0] NCCL INFO Connected to proxy localRank 0 -> connection 0x7fa418005548
MOC-R4PCC04U05:412206:412267 [0] NCCL INFO New proxy send connection 14 from local rank 0, transport 0
MOC-R4PCC04U05:412206:412968 [0] NCCL INFO Connected to proxy localRank 0 -> connection 0x7fa4180055c0
MOC-R4PCC04U05:412207:412266 [1] NCCL INFO New proxy recv connection 11 from local rank 1, transport 0
MOC-R4PCC04U05:412207:412969 [1] NCCL INFO Connected to proxy localRank 1 -> connection 0x7f8004005458
MOC-R4PCC04U05:412207:412266 [1] NCCL INFO New proxy recv connection 12 from local rank 1, transport 0
MOC-R4PCC04U05:412207:412969 [1] NCCL INFO Connected to proxy localRank 1 -> connection 0x7f80040054d0
MOC-R4PCC04U05:412207:412266 [1] NCCL INFO New proxy recv connection 13 from local rank 1, transport 0
MOC-R4PCC04U05:412207:412969 [1] NCCL INFO Connected to proxy localRank 1 -> connection 0x7f8004005548
MOC-R4PCC04U05:412207:412266 [1] NCCL INFO New proxy recv connection 14 from local rank 1, transport 0
MOC-R4PCC04U05:412207:412969 [1] NCCL INFO Connected to proxy localRank 1 -> connection 0x7f80040055c0
MOC-R4PCC04U05:412207:412266 [1] NCCL INFO New proxy send connection 15 from local rank 1, transport 0
MOC-R4PCC04U05:412207:412969 [1] NCCL INFO Connected to proxy localRank 1 -> connection 0x7f8004005638
MOC-R4PCC04U05:412207:412266 [1] NCCL INFO New proxy send connection 16 from local rank 1, transport 0
MOC-R4PCC04U05:412207:412969 [1] NCCL INFO Connected to proxy localRank 1 -> connection 0x7f80040056b0
MOC-R4PCC04U05:412207:412266 [1] NCCL INFO New proxy send connection 17 from local rank 1, transport 0
MOC-R4PCC04U05:412207:412969 [1] NCCL INFO Connected to proxy localRank 1 -> connection 0x7f8004005728
MOC-R4PCC04U05:412207:412266 [1] NCCL INFO New proxy send connection 18 from local rank 1, transport 0
MOC-R4PCC04U05:412207:412969 [1] NCCL INFO Connected to proxy localRank 1 -> connection 0x7f80040057a0
MOC-R4PCC04U05:412206:412267 [0] NCCL INFO New proxy send connection 15 from local rank 0, transport 0
MOC-R4PCC04U05:412206:412968 [0] NCCL INFO Connected to proxy localRank 0 -> connection 0x7fa418005638
MOC-R4PCC04U05:412206:412267 [0] NCCL INFO New proxy send connection 16 from local rank 0, transport 0
MOC-R4PCC04U05:412206:412968 [0] NCCL INFO Connected to proxy localRank 0 -> connection 0x7fa4180056b0
MOC-R4PCC04U05:412206:412267 [0] NCCL INFO New proxy recv connection 17 from local rank 0, transport 0
MOC-R4PCC04U05:412206:412968 [0] NCCL INFO Connected to proxy localRank 0 -> connection 0x7fa418005728
MOC-R4PCC04U05:412209:412967 [3] NCCL INFO GPU Direct RDMA Disabled for GPU 3 / HCA 1 (distance 7 > 0)
MOC-R4PCC04U05:412209:412263 [3] NCCL INFO New proxy recv connection 12 from local rank 3, transport 2
MOC-R4PCC04U05:412209:412967 [3] NCCL INFO Connected to proxy localRank 3 -> connection 0x7fcb340054d0
MOC-R4PCC04U05:412206:412267 [0] NCCL INFO New proxy recv connection 18 from local rank 0, transport 0
MOC-R4PCC04U05:412206:412968 [0] NCCL INFO Connected to proxy localRank 0 -> connection 0x7fa4180057a0
MOC-R4PCC04U05:412209:412967 [3] NCCL INFO Channel 00/0 : 7[3] -> 3[3] [receive] via NET/IB/1
MOC-R4PCC04U05:412209:412967 [3] NCCL INFO GPU Direct RDMA Disabled for GPU 3 / HCA 1 (distance 7 > 0)
MOC-R4PCC04U05:412209:412263 [3] NCCL INFO New proxy recv connection 13 from local rank 3, transport 2
MOC-R4PCC04U05:412209:412967 [3] NCCL INFO Connected to proxy localRank 3 -> connection 0x7fcb34005548
MOC-R4PCC04U05:412209:412967 [3] NCCL INFO Channel 01/0 : 7[3] -> 3[3] [receive] via NET/IB/1
MOC-R4PCC04U05:412209:412967 [3] NCCL INFO GPU Direct RDMA Disabled for GPU 3 / HCA 1 (distance 7 > 0)
MOC-R4PCC04U05:412206:412267 [0] NCCL INFO New proxy recv connection 19 from local rank 0, transport 0
MOC-R4PCC04U05:412206:412968 [0] NCCL INFO Connected to proxy localRank 0 -> connection 0x7fa418005818
MOC-R4PCC04U05:412209:412263 [3] NCCL INFO New proxy recv connection 14 from local rank 3, transport 2
MOC-R4PCC04U05:412209:412967 [3] NCCL INFO Connected to proxy localRank 3 -> connection 0x7fcb340055c0
MOC-R4PCC04U05:412209:412967 [3] NCCL INFO Channel 02/0 : 7[3] -> 3[3] [receive] via NET/IB/1
MOC-R4PCC04U05:412209:412967 [3] NCCL INFO GPU Direct RDMA Disabled for GPU 3 / HCA 1 (distance 7 > 0)
MOC-R4PCC04U05:412209:412263 [3] NCCL INFO New proxy recv connection 15 from local rank 3, transport 2
MOC-R4PCC04U05:412209:412967 [3] NCCL INFO Connected to proxy localRank 3 -> connection 0x7fcb34005638
MOC-R4PCC04U05:412209:412967 [3] NCCL INFO Channel 03/0 : 7[3] -> 3[3] [receive] via NET/IB/1
MOC-R4PCC04U05:412206:412267 [0] NCCL INFO New proxy recv connection 20 from local rank 0, transport 0
MOC-R4PCC04U05:412209:412967 [3] NCCL INFO GPU Direct RDMA Disabled for GPU 3 / HCA 1 (distance 7 > 0)
MOC-R4PCC04U05:412206:412968 [0] NCCL INFO Connected to proxy localRank 0 -> connection 0x7fa418005890
MOC-R4PCC04U05:412209:412263 [3] NCCL INFO New proxy send connection 16 from local rank 3, transport 2
MOC-R4PCC04U05:412209:412967 [3] NCCL INFO Connected to proxy localRank 3 -> connection 0x7fcb340056b0
MOC-R4PCC04U05:412209:412967 [3] NCCL INFO Channel 00/0 : 3[3] -> 7[3] [send] via NET/IB/1
MOC-R4PCC04U05:412209:412967 [3] NCCL INFO GPU Direct RDMA Disabled for GPU 3 / HCA 1 (distance 7 > 0)
MOC-R4PCC04U05:412209:412263 [3] NCCL INFO New proxy send connection 17 from local rank 3, transport 2
MOC-R4PCC04U05:412209:412967 [3] NCCL INFO Connected to proxy localRank 3 -> connection 0x7fcb34005728
MOC-R4PCC04U05:412209:412967 [3] NCCL INFO Channel 01/0 : 3[3] -> 7[3] [send] via NET/IB/1
MOC-R4PCC04U05:412209:412967 [3] NCCL INFO GPU Direct RDMA Disabled for GPU 3 / HCA 1 (distance 7 > 0)
MOC-R4PCC04U05:412209:412263 [3] NCCL INFO New proxy send connection 18 from local rank 3, transport 2
MOC-R4PCC04U05:412209:412967 [3] NCCL INFO Connected to proxy localRank 3 -> connection 0x7fcb340057a0
MOC-R4PCC04U05:412209:412967 [3] NCCL INFO Channel 02/0 : 3[3] -> 7[3] [send] via NET/IB/1
MOC-R4PCC04U05:412209:412967 [3] NCCL INFO GPU Direct RDMA Disabled for GPU 3 / HCA 1 (distance 7 > 0)
MOC-R4PCC04U05:412209:412263 [3] NCCL INFO New proxy send connection 19 from local rank 3, transport 2
MOC-R4PCC04U05:412209:412967 [3] NCCL INFO Connected to proxy localRank 3 -> connection 0x7fcb34005818
MOC-R4PCC04U05:412209:412967 [3] NCCL INFO Channel 03/0 : 3[3] -> 7[3] [send] via NET/IB/1
MOC-R4PCC04U05:412209:412263 [3] NCCL INFO New proxy send connection 20 from local rank 3, transport 0
MOC-R4PCC04U05:412209:412967 [3] NCCL INFO Connected to proxy localRank 3 -> connection 0x7fcb34005890
MOC-R4PCC04U05:412209:412263 [3] NCCL INFO New proxy send connection 21 from local rank 3, transport 0
MOC-R4PCC04U05:412209:412967 [3] NCCL INFO Connected to proxy localRank 3 -> connection 0x7fcb34005908
MOC-R4PCC04U05:412209:412263 [3] NCCL INFO New proxy send connection 22 from local rank 3, transport 0
MOC-R4PCC04U05:412209:412967 [3] NCCL INFO Connected to proxy localRank 3 -> connection 0x7fcb34005980
MOC-R4PCC04U05:412209:412263 [3] NCCL INFO New proxy send connection 23 from local rank 3, transport 0
MOC-R4PCC04U05:412209:412967 [3] NCCL INFO Connected to proxy localRank 3 -> connection 0x7fcb340059f8
MOC-R4PCC04U05:412208:412265 [2] NCCL INFO New proxy recv connection 10 from local rank 2, transport 0
MOC-R4PCC04U05:412208:412970 [2] NCCL INFO Connected to proxy localRank 2 -> connection 0x7f417c0053e0
MOC-R4PCC04U05:412208:412265 [2] NCCL INFO New proxy recv connection 11 from local rank 2, transport 0
MOC-R4PCC04U05:412208:412970 [2] NCCL INFO Connected to proxy localRank 2 -> connection 0x7f417c005458
MOC-R4PCC04U05:412208:412265 [2] NCCL INFO New proxy recv connection 12 from local rank 2, transport 0
MOC-R4PCC04U05:412208:412970 [2] NCCL INFO Connected to proxy localRank 2 -> connection 0x7f417c0054d0
MOC-R4PCC04U05:412208:412265 [2] NCCL INFO New proxy recv connection 13 from local rank 2, transport 0
MOC-R4PCC04U05:412208:412970 [2] NCCL INFO Connected to proxy localRank 2 -> connection 0x7f417c005548
MOC-R4PCC04U05:412209:412263 [3] NCCL INFO NET/IB: NCCL Dev 1 IbDev 0 Port 1 qpn 6026 mtu 3 query_ece={supported=1, vendor_id=0x15b3, options=0x30000002, comp_mask=0x0} GID 3 (0/C132A8C0FFFF0000) fifoRkey=0x17ecab fifoLkey=0x17ecab
MOC-R4PCC04U05:412208:412265 [2] NCCL INFO New proxy send connection 14 from local rank 2, transport 0
MOC-R4PCC04U05:412208:412970 [2] NCCL INFO Connected to proxy localRank 2 -> connection 0x7f417c0055c0
MOC-R4PCC04U05:412207:412266 [1] NCCL INFO New proxy recv connection 19 from local rank 1, transport 0
MOC-R4PCC04U05:412207:412969 [1] NCCL INFO Connected to proxy localRank 1 -> connection 0x7f8004005818
MOC-R4PCC04U05:412207:412266 [1] NCCL INFO New proxy recv connection 20 from local rank 1, transport 0
MOC-R4PCC04U05:412207:412969 [1] NCCL INFO Connected to proxy localRank 1 -> connection 0x7f8004005890
MOC-R4PCC04U05:412208:412265 [2] NCCL INFO New proxy send connection 15 from local rank 2, transport 0
MOC-R4PCC04U05:412208:412970 [2] NCCL INFO Connected to proxy localRank 2 -> connection 0x7f417c005638
MOC-R4PCC04U05:412209:412263 [3] NCCL INFO NET/IB: IbDev 0 Port 1 qpn 6267 set_ece={supported=1, vendor_id=0x15b3, options=0x0, comp_mask=0x0}
MOC-R4PCC04U05:412209:412263 [3] NCCL INFO NET/IB: NCCL Dev 1 IbDev 0 Port 1 qpn 6029 mtu 3 query_ece={supported=1, vendor_id=0x15b3, options=0x30000002, comp_mask=0x0} GID 3 (0/C132A8C0FFFF0000) fifoRkey=0x170bca fifoLkey=0x170bca
MOC-R4PCC04U05:412209:412263 [3] NCCL INFO NET/IB: IbDev 0 Port 1 qpn 6269 set_ece={supported=1, vendor_id=0x15b3, options=0x0, comp_mask=0x0}
MOC-R4PCC04U05:412209:412263 [3] NCCL INFO NET/IB: NCCL Dev 1 IbDev 0 Port 1 qpn 6032 mtu 3 query_ece={supported=1, vendor_id=0x15b3, options=0x30000002, comp_mask=0x0} GID 3 (0/C132A8C0FFFF0000) fifoRkey=0x17e2a1 fifoLkey=0x17e2a1
MOC-R4PCC04U05:412209:412263 [3] NCCL INFO NET/IB: NCCL Dev 1 IbDev 0 Port 1 qpn 6035 mtu 3 query_ece={supported=1, vendor_id=0x15b3, options=0x30000002, comp_mask=0x0} GID 3 (0/C132A8C0FFFF0000) fifoRkey=0x180ac9 fifoLkey=0x180ac9
MOC-R4PCC04U05:412209:412263 [3] NCCL INFO NET/IB: IbDev 0 Port 1 qpn 6274 set_ece={supported=1, vendor_id=0x15b3, options=0x0, comp_mask=0x0}
MOC-R4PCC04U05:412209:412263 [3] NCCL INFO NET/IB: IbDev 0 Port 1 qpn 6276 set_ece={supported=1, vendor_id=0x15b3, options=0x0, comp_mask=0x0}
step    1/10 | train loss 11.009525 | norm 15.3465 | lr 1.00e-04 | (13891.99 ms | 188701 tok/s)
step    2/10 | train loss 10.140072 | norm 5.7338 | lr 1.00e-04 | (773.89 ms | 3387342 tok/s)
step    3/10 | train loss 9.800387 | norm 2.6009 | lr 1.00e-04 | (782.94 ms | 3348200 tok/s)
step    4/10 | train loss 9.631468 | norm 2.1085 | lr 1.00e-04 | (773.42 ms | 3389402 tok/s)
step    5/10 | train loss 9.548713 | norm 2.0999 | lr 1.00e-04 | (782.77 ms | 3348930 tok/s)
step    6/10 | train loss 9.467644 | norm 1.9930 | lr 1.00e-04 | (777.42 ms | 3371960 tok/s)
step    7/10 | train loss 9.382122 | norm 1.9432 | lr 1.00e-04 | (855.20 ms | 3065295 tok/s)
step    8/10 | train loss 9.290380 | norm 1.9093 | lr 1.00e-04 | (824.99 ms | 3177547 tok/s)
step    9/10 | train loss 9.195256 | norm 1.8505 | lr 1.00e-04 | (800.65 ms | 3274157 tok/s)
step   10/10 | train loss 9.111429 | norm 1.7945 | lr 1.00e-04 | (841.84 ms | 3113947 tok/s)
final 9 iters avg: 801.458ms
peak memory consumption: 16601 MiB
