Running pytorch 2.7.0+cu126
using device: cuda:0
total desired batch size: 1572864
=> calculated gradient accumulation steps: 6
using device: cuda:2
using device: cuda:1
using device: cuda:3
compiling the model...
DataLoader: total number of tokens: 1,661,249,667 across 103 files
MOC-R4PCC04U05:453440:453440 [0] NCCL INFO NCCL_SOCKET_IFNAME set to eno7np0
MOC-R4PCC04U05:453440:453440 [0] NCCL INFO NCCL version 2.26.2+cuda12.2
MOC-R4PCC04U05:453442:453442 [2] NCCL INFO NCCL_SOCKET_IFNAME set to eno7np0
MOC-R4PCC04U05:453442:453442 [2] NCCL INFO NCCL version 2.26.2+cuda12.2
MOC-R4PCC04U05:453441:453441 [1] NCCL INFO NCCL_SOCKET_IFNAME set to eno7np0
MOC-R4PCC04U05:453441:453441 [1] NCCL INFO NCCL version 2.26.2+cuda12.2
MOC-R4PCC04U05:453443:453443 [3] NCCL INFO NCCL_SOCKET_IFNAME set to eno7np0
MOC-R4PCC04U05:453443:453443 [3] NCCL INFO NCCL version 2.26.2+cuda12.2
MOC-R4PCC04U05:453440:453481 [0] NCCL INFO NET/Plugin: Could not find: libnccl-net.so. Using internal net plugin.
MOC-R4PCC04U05:453440:453481 [0] NCCL INFO NET/Socket : Using [0]eno7np0:192.168.50.193<0>
MOC-R4PCC04U05:453442:453482 [2] NCCL INFO NET/Plugin: Could not find: libnccl-net.so. Using internal net plugin.
MOC-R4PCC04U05:453442:453482 [2] NCCL INFO NET/Socket : Using [0]eno7np0:192.168.50.193<0>
MOC-R4PCC04U05:453441:453483 [1] NCCL INFO NET/Plugin: Could not find: libnccl-net.so. Using internal net plugin.
MOC-R4PCC04U05:453441:453483 [1] NCCL INFO NET/Socket : Using [0]eno7np0:192.168.50.193<0>
MOC-R4PCC04U05:453443:453484 [3] NCCL INFO NET/Plugin: Could not find: libnccl-net.so. Using internal net plugin.
MOC-R4PCC04U05:453443:453484 [3] NCCL INFO NET/Socket : Using [0]eno7np0:192.168.50.193<0>
MOC-R4PCC04U05:453443:453484 [3] NCCL INFO NET/Socket : GPU Direct RDMA Disabled for HCA 0 'eno7np0'
MOC-R4PCC04U05:453442:453482 [2] NCCL INFO NET/Socket : GPU Direct RDMA Disabled for HCA 0 'eno7np0'
MOC-R4PCC04U05:453440:453481 [0] NCCL INFO NET/Socket : GPU Direct RDMA Disabled for HCA 0 'eno7np0'
MOC-R4PCC04U05:453441:453483 [1] NCCL INFO NET/Socket : GPU Direct RDMA Disabled for HCA 0 'eno7np0'
MOC-R4PCC04U05:453442:453494 [2] NCCL INFO New proxy recv connection 0 from local rank 2, transport 0
MOC-R4PCC04U05:453442:453501 [2] NCCL INFO Connected to proxy localRank 2 -> connection 0x7f584c004f30
MOC-R4PCC04U05:453442:453494 [2] NCCL INFO New proxy recv connection 1 from local rank 2, transport 0
MOC-R4PCC04U05:453442:453501 [2] NCCL INFO Connected to proxy localRank 2 -> connection 0x7f584c004fa8
MOC-R4PCC04U05:453443:453495 [3] NCCL INFO New proxy recv connection 0 from local rank 3, transport 0
MOC-R4PCC04U05:453443:453502 [3] NCCL INFO Connected to proxy localRank 3 -> connection 0x7f5908004f30
MOC-R4PCC04U05:453443:453495 [3] NCCL INFO New proxy recv connection 1 from local rank 3, transport 0
MOC-R4PCC04U05:453443:453502 [3] NCCL INFO Connected to proxy localRank 3 -> connection 0x7f5908004fa8
MOC-R4PCC04U05:453440:453493 [0] NCCL INFO New proxy send connection 0 from local rank 0, transport 0
MOC-R4PCC04U05:453440:453503 [0] NCCL INFO Connected to proxy localRank 0 -> connection 0x7f2f1c004f30
MOC-R4PCC04U05:453440:453493 [0] NCCL INFO New proxy send connection 1 from local rank 0, transport 0
MOC-R4PCC04U05:453440:453503 [0] NCCL INFO Connected to proxy localRank 0 -> connection 0x7f2f1c004fa8
MOC-R4PCC04U05:453441:453496 [1] NCCL INFO New proxy recv connection 0 from local rank 1, transport 0
MOC-R4PCC04U05:453440:453493 [0] NCCL INFO New proxy send connection 2 from local rank 0, transport 0
MOC-R4PCC04U05:453441:453504 [1] NCCL INFO Connected to proxy localRank 1 -> connection 0x7fa968004f30
MOC-R4PCC04U05:453440:453503 [0] NCCL INFO Connected to proxy localRank 0 -> connection 0x7f2f1c005020
MOC-R4PCC04U05:453440:453493 [0] NCCL INFO New proxy send connection 3 from local rank 0, transport 0
MOC-R4PCC04U05:453441:453496 [1] NCCL INFO New proxy recv connection 1 from local rank 1, transport 0
MOC-R4PCC04U05:453440:453503 [0] NCCL INFO Connected to proxy localRank 0 -> connection 0x7f2f1c005098
MOC-R4PCC04U05:453441:453504 [1] NCCL INFO Connected to proxy localRank 1 -> connection 0x7fa968004fa8
MOC-R4PCC04U05:453443:453495 [3] NCCL INFO New proxy send connection 2 from local rank 3, transport 2
MOC-R4PCC04U05:453443:453502 [3] NCCL INFO Connected to proxy localRank 3 -> connection 0x7f5908005020
MOC-R4PCC04U05:453443:453502 [3] NCCL INFO Channel 00/0 : 3[3] -> 6[2] [send] via NET/Socket/0
MOC-R4PCC04U05:453443:453495 [3] NCCL INFO New proxy send connection 3 from local rank 3, transport 2
MOC-R4PCC04U05:453443:453502 [3] NCCL INFO Connected to proxy localRank 3 -> connection 0x7f5908005098
MOC-R4PCC04U05:453443:453502 [3] NCCL INFO Channel 02/0 : 3[3] -> 6[2] [send] via NET/Socket/0
MOC-R4PCC04U05:453440:453493 [0] NCCL INFO New proxy recv connection 4 from local rank 0, transport 0
MOC-R4PCC04U05:453440:453503 [0] NCCL INFO Connected to proxy localRank 0 -> connection 0x7f2f1c005110
MOC-R4PCC04U05:453443:453495 [3] NCCL INFO New proxy recv connection 4 from local rank 3, transport 2
MOC-R4PCC04U05:453443:453502 [3] NCCL INFO Connected to proxy localRank 3 -> connection 0x7f5908005110
MOC-R4PCC04U05:453443:453502 [3] NCCL INFO Channel 01/0 : 6[2] -> 3[3] [receive] via NET/Socket/0
MOC-R4PCC04U05:453443:453495 [3] NCCL INFO New proxy recv connection 5 from local rank 3, transport 2
MOC-R4PCC04U05:453443:453502 [3] NCCL INFO Connected to proxy localRank 3 -> connection 0x7f5908005188
MOC-R4PCC04U05:453442:453494 [2] NCCL INFO New proxy recv connection 2 from local rank 2, transport 2
MOC-R4PCC04U05:453442:453501 [2] NCCL INFO Connected to proxy localRank 2 -> connection 0x7f584c005020
MOC-R4PCC04U05:453443:453502 [3] NCCL INFO Channel 03/0 : 6[2] -> 3[3] [receive] via NET/Socket/0
MOC-R4PCC04U05:453443:453495 [3] NCCL INFO New proxy send connection 6 from local rank 3, transport 0
MOC-R4PCC04U05:453443:453502 [3] NCCL INFO Connected to proxy localRank 3 -> connection 0x7f5908005200
MOC-R4PCC04U05:453442:453501 [2] NCCL INFO Channel 00/0 : 7[3] -> 2[2] [receive] via NET/Socket/0
MOC-R4PCC04U05:453442:453494 [2] NCCL INFO New proxy recv connection 3 from local rank 2, transport 2
MOC-R4PCC04U05:453442:453501 [2] NCCL INFO Connected to proxy localRank 2 -> connection 0x7f584c005098
MOC-R4PCC04U05:453442:453501 [2] NCCL INFO Channel 02/0 : 7[3] -> 2[2] [receive] via NET/Socket/0
MOC-R4PCC04U05:453442:453494 [2] NCCL INFO New proxy send connection 4 from local rank 2, transport 2
MOC-R4PCC04U05:453442:453501 [2] NCCL INFO Connected to proxy localRank 2 -> connection 0x7f584c005110
MOC-R4PCC04U05:453442:453501 [2] NCCL INFO Channel 01/0 : 2[2] -> 7[3] [send] via NET/Socket/0
MOC-R4PCC04U05:453442:453494 [2] NCCL INFO New proxy send connection 5 from local rank 2, transport 2
MOC-R4PCC04U05:453442:453501 [2] NCCL INFO Connected to proxy localRank 2 -> connection 0x7f584c005188
MOC-R4PCC04U05:453442:453501 [2] NCCL INFO Channel 03/0 : 2[2] -> 7[3] [send] via NET/Socket/0
MOC-R4PCC04U05:453442:453494 [2] NCCL INFO New proxy send connection 6 from local rank 2, transport 0
MOC-R4PCC04U05:453442:453501 [2] NCCL INFO Connected to proxy localRank 2 -> connection 0x7f584c005200
MOC-R4PCC04U05:453443:453495 [3] NCCL INFO New proxy send connection 7 from local rank 3, transport 0
MOC-R4PCC04U05:453442:453494 [2] NCCL INFO New proxy send connection 7 from local rank 2, transport 0
MOC-R4PCC04U05:453440:453493 [0] NCCL INFO New proxy recv connection 5 from local rank 0, transport 0
MOC-R4PCC04U05:453443:453502 [3] NCCL INFO Connected to proxy localRank 3 -> connection 0x7f5908005278
MOC-R4PCC04U05:453442:453501 [2] NCCL INFO Connected to proxy localRank 2 -> connection 0x7f584c005278
MOC-R4PCC04U05:453440:453503 [0] NCCL INFO Connected to proxy localRank 0 -> connection 0x7f2f1c005188
MOC-R4PCC04U05:453441:453496 [1] NCCL INFO New proxy recv connection 2 from local rank 1, transport 0
MOC-R4PCC04U05:453441:453504 [1] NCCL INFO Connected to proxy localRank 1 -> connection 0x7fa968005020
MOC-R4PCC04U05:453441:453496 [1] NCCL INFO New proxy recv connection 3 from local rank 1, transport 0
MOC-R4PCC04U05:453440:453493 [0] NCCL INFO New proxy recv connection 6 from local rank 0, transport 0
MOC-R4PCC04U05:453441:453504 [1] NCCL INFO Connected to proxy localRank 1 -> connection 0x7fa968005098
MOC-R4PCC04U05:453440:453503 [0] NCCL INFO Connected to proxy localRank 0 -> connection 0x7f2f1c005200
MOC-R4PCC04U05:453440:453493 [0] NCCL INFO New proxy send connection 7 from local rank 3, transport 0
MOC-R4PCC04U05:453443:453502 [3] NCCL INFO Connected to proxy localRank 0 -> connection 0x7f2f1c005278
MOC-R4PCC04U05:453440:453493 [0] NCCL INFO New proxy recv connection 8 from local rank 0, transport 0
MOC-R4PCC04U05:453440:453503 [0] NCCL INFO Connected to proxy localRank 0 -> connection 0x7f2f1c0052f0
MOC-R4PCC04U05:453441:453496 [1] NCCL INFO New proxy send connection 4 from local rank 1, transport 0
MOC-R4PCC04U05:453441:453504 [1] NCCL INFO Connected to proxy localRank 1 -> connection 0x7fa968005110
MOC-R4PCC04U05:453441:453496 [1] NCCL INFO New proxy send connection 5 from local rank 1, transport 0
MOC-R4PCC04U05:453441:453504 [1] NCCL INFO Connected to proxy localRank 1 -> connection 0x7fa968005188
MOC-R4PCC04U05:453441:453496 [1] NCCL INFO New proxy send connection 6 from local rank 1, transport 0
MOC-R4PCC04U05:453441:453504 [1] NCCL INFO Connected to proxy localRank 1 -> connection 0x7fa968005200
MOC-R4PCC04U05:453441:453496 [1] NCCL INFO New proxy send connection 7 from local rank 1, transport 0
MOC-R4PCC04U05:453441:453504 [1] NCCL INFO Connected to proxy localRank 1 -> connection 0x7fa968005278
MOC-R4PCC04U05:453440:453493 [0] NCCL INFO New proxy send connection 9 from local rank 2, transport 0
MOC-R4PCC04U05:453442:453501 [2] NCCL INFO Connected to proxy localRank 0 -> connection 0x7f2f1c005368
MOC-R4PCC04U05:453442:453494 [2] NCCL INFO New proxy send connection 8 from local rank 0, transport 0
MOC-R4PCC04U05:453440:453503 [0] NCCL INFO Connected to proxy localRank 2 -> connection 0x7f584c0052f0
MOC-R4PCC04U05:453443:453495 [3] NCCL INFO New proxy send connection 8 from local rank 1, transport 0
MOC-R4PCC04U05:453441:453504 [1] NCCL INFO Connected to proxy localRank 3 -> connection 0x7f59080052f0
MOC-R4PCC04U05:453441:453496 [1] NCCL INFO New proxy send connection 8 from local rank 3, transport 0
MOC-R4PCC04U05:453443:453502 [3] NCCL INFO Connected to proxy localRank 1 -> connection 0x7fa9680052f0
MOC-R4PCC04U05:453441:453496 [1] NCCL INFO New proxy send connection 9 from local rank 2, transport 0
MOC-R4PCC04U05:453442:453501 [2] NCCL INFO Connected to proxy localRank 1 -> connection 0x7fa968005368
MOC-R4PCC04U05:453443:453495 [3] NCCL INFO New proxy send connection 9 from local rank 0, transport 0
MOC-R4PCC04U05:453440:453503 [0] NCCL INFO Connected to proxy localRank 3 -> connection 0x7f5908005368
MOC-R4PCC04U05:453440:453493 [0] NCCL INFO New proxy send connection 10 from local rank 1, transport 0
MOC-R4PCC04U05:453441:453504 [1] NCCL INFO Connected to proxy localRank 0 -> connection 0x7f2f1c0053e0
MOC-R4PCC04U05:453442:453494 [2] NCCL INFO New proxy send connection 9 from local rank 1, transport 0
MOC-R4PCC04U05:453441:453504 [1] NCCL INFO Connected to proxy localRank 2 -> connection 0x7f584c005368
MOC-R4PCC04U05:453441:453496 [1] NCCL INFO New proxy send connection 10 from local rank 0, transport 0
MOC-R4PCC04U05:453440:453503 [0] NCCL INFO Connected to proxy localRank 1 -> connection 0x7fa9680053e0
num decayed parameter tensors: 50, with 124,318,464 parameters
num non-decayed parameter tensors: 98, with 121,344 parameters
using fused AdamW: False
using regular AdamW
MOC-R4PCC04U05:453440:453493 [0] NCCL INFO New proxy send connection 11 from local rank 0, transport 0
MOC-R4PCC04U05:453440:454208 [0] NCCL INFO Connected to proxy localRank 0 -> connection 0x7f2f1c005458
MOC-R4PCC04U05:453440:453493 [0] NCCL INFO New proxy send connection 12 from local rank 0, transport 0
MOC-R4PCC04U05:453440:454208 [0] NCCL INFO Connected to proxy localRank 0 -> connection 0x7f2f1c0054d0
MOC-R4PCC04U05:453440:453493 [0] NCCL INFO New proxy send connection 13 from local rank 0, transport 0
MOC-R4PCC04U05:453440:454208 [0] NCCL INFO Connected to proxy localRank 0 -> connection 0x7f2f1c005548
MOC-R4PCC04U05:453440:453493 [0] NCCL INFO New proxy send connection 14 from local rank 0, transport 0
MOC-R4PCC04U05:453440:454208 [0] NCCL INFO Connected to proxy localRank 0 -> connection 0x7f2f1c0055c0
MOC-R4PCC04U05:453443:453495 [3] NCCL INFO New proxy recv connection 10 from local rank 3, transport 0
MOC-R4PCC04U05:453443:454209 [3] NCCL INFO Connected to proxy localRank 3 -> connection 0x7f59080053e0
MOC-R4PCC04U05:453443:453495 [3] NCCL INFO New proxy recv connection 11 from local rank 3, transport 0
MOC-R4PCC04U05:453443:454209 [3] NCCL INFO Connected to proxy localRank 3 -> connection 0x7f5908005458
MOC-R4PCC04U05:453442:453494 [2] NCCL INFO New proxy recv connection 10 from local rank 2, transport 0
MOC-R4PCC04U05:453442:454210 [2] NCCL INFO Connected to proxy localRank 2 -> connection 0x7f584c0053e0
MOC-R4PCC04U05:453442:453494 [2] NCCL INFO New proxy recv connection 11 from local rank 2, transport 0
MOC-R4PCC04U05:453442:454210 [2] NCCL INFO Connected to proxy localRank 2 -> connection 0x7f584c005458
MOC-R4PCC04U05:453442:453494 [2] NCCL INFO New proxy recv connection 12 from local rank 2, transport 0
MOC-R4PCC04U05:453442:454210 [2] NCCL INFO Connected to proxy localRank 2 -> connection 0x7f584c0054d0
MOC-R4PCC04U05:453442:453494 [2] NCCL INFO New proxy recv connection 13 from local rank 2, transport 0
MOC-R4PCC04U05:453442:454210 [2] NCCL INFO Connected to proxy localRank 2 -> connection 0x7f584c005548
MOC-R4PCC04U05:453441:453496 [1] NCCL INFO New proxy recv connection 11 from local rank 1, transport 0
MOC-R4PCC04U05:453441:454211 [1] NCCL INFO Connected to proxy localRank 1 -> connection 0x7fa968005458
MOC-R4PCC04U05:453441:453496 [1] NCCL INFO New proxy recv connection 12 from local rank 1, transport 0
MOC-R4PCC04U05:453441:454211 [1] NCCL INFO Connected to proxy localRank 1 -> connection 0x7fa9680054d0
MOC-R4PCC04U05:453441:453496 [1] NCCL INFO New proxy recv connection 13 from local rank 1, transport 0
MOC-R4PCC04U05:453441:454211 [1] NCCL INFO Connected to proxy localRank 1 -> connection 0x7fa968005548
MOC-R4PCC04U05:453441:453496 [1] NCCL INFO New proxy recv connection 14 from local rank 1, transport 0
MOC-R4PCC04U05:453441:454211 [1] NCCL INFO Connected to proxy localRank 1 -> connection 0x7fa9680055c0
MOC-R4PCC04U05:453441:453496 [1] NCCL INFO New proxy send connection 15 from local rank 1, transport 0
MOC-R4PCC04U05:453441:454211 [1] NCCL INFO Connected to proxy localRank 1 -> connection 0x7fa968005638
MOC-R4PCC04U05:453441:453496 [1] NCCL INFO New proxy send connection 16 from local rank 1, transport 0
MOC-R4PCC04U05:453441:454211 [1] NCCL INFO Connected to proxy localRank 1 -> connection 0x7fa9680056b0
MOC-R4PCC04U05:453441:453496 [1] NCCL INFO New proxy send connection 17 from local rank 1, transport 0
MOC-R4PCC04U05:453441:454211 [1] NCCL INFO Connected to proxy localRank 1 -> connection 0x7fa968005728
MOC-R4PCC04U05:453441:453496 [1] NCCL INFO New proxy send connection 18 from local rank 1, transport 0
MOC-R4PCC04U05:453441:454211 [1] NCCL INFO Connected to proxy localRank 1 -> connection 0x7fa9680057a0
MOC-R4PCC04U05:453440:453493 [0] NCCL INFO New proxy send connection 15 from local rank 0, transport 0
MOC-R4PCC04U05:453441:453496 [1] NCCL INFO New proxy recv connection 19 from local rank 1, transport 0
MOC-R4PCC04U05:453441:454211 [1] NCCL INFO Connected to proxy localRank 1 -> connection 0x7fa968005818
MOC-R4PCC04U05:453440:454208 [0] NCCL INFO Connected to proxy localRank 0 -> connection 0x7f2f1c005638
MOC-R4PCC04U05:453442:453494 [2] NCCL INFO New proxy send connection 14 from local rank 2, transport 0
MOC-R4PCC04U05:453441:453496 [1] NCCL INFO New proxy recv connection 20 from local rank 1, transport 0
MOC-R4PCC04U05:453441:454211 [1] NCCL INFO Connected to proxy localRank 1 -> connection 0x7fa968005890
MOC-R4PCC04U05:453442:454210 [2] NCCL INFO Connected to proxy localRank 2 -> connection 0x7f584c0055c0
MOC-R4PCC04U05:453440:453493 [0] NCCL INFO New proxy send connection 16 from local rank 0, transport 0
MOC-R4PCC04U05:453440:454208 [0] NCCL INFO Connected to proxy localRank 0 -> connection 0x7f2f1c0056b0
MOC-R4PCC04U05:453442:453494 [2] NCCL INFO New proxy send connection 15 from local rank 2, transport 0
MOC-R4PCC04U05:453442:454210 [2] NCCL INFO Connected to proxy localRank 2 -> connection 0x7f584c005638
MOC-R4PCC04U05:453440:453493 [0] NCCL INFO New proxy recv connection 17 from local rank 0, transport 0
MOC-R4PCC04U05:453440:454208 [0] NCCL INFO Connected to proxy localRank 0 -> connection 0x7f2f1c005728
MOC-R4PCC04U05:453443:453495 [3] NCCL INFO New proxy recv connection 12 from local rank 3, transport 2
MOC-R4PCC04U05:453443:454209 [3] NCCL INFO Connected to proxy localRank 3 -> connection 0x7f59080054d0
MOC-R4PCC04U05:453440:453493 [0] NCCL INFO New proxy recv connection 18 from local rank 0, transport 0
MOC-R4PCC04U05:453440:454208 [0] NCCL INFO Connected to proxy localRank 0 -> connection 0x7f2f1c0057a0
MOC-R4PCC04U05:453440:453493 [0] NCCL INFO New proxy recv connection 19 from local rank 0, transport 0
MOC-R4PCC04U05:453440:454208 [0] NCCL INFO Connected to proxy localRank 0 -> connection 0x7f2f1c005818
MOC-R4PCC04U05:453443:454209 [3] NCCL INFO Channel 00/0 : 7[3] -> 3[3] [receive] via NET/Socket/0
MOC-R4PCC04U05:453443:453495 [3] NCCL INFO New proxy recv connection 13 from local rank 3, transport 2
MOC-R4PCC04U05:453440:453493 [0] NCCL INFO New proxy recv connection 20 from local rank 0, transport 0
MOC-R4PCC04U05:453443:454209 [3] NCCL INFO Connected to proxy localRank 3 -> connection 0x7f5908005548
MOC-R4PCC04U05:453440:454208 [0] NCCL INFO Connected to proxy localRank 0 -> connection 0x7f2f1c005890
MOC-R4PCC04U05:453443:454209 [3] NCCL INFO Channel 01/0 : 7[3] -> 3[3] [receive] via NET/Socket/0
MOC-R4PCC04U05:453443:453495 [3] NCCL INFO New proxy recv connection 14 from local rank 3, transport 2
MOC-R4PCC04U05:453443:454209 [3] NCCL INFO Connected to proxy localRank 3 -> connection 0x7f59080055c0
MOC-R4PCC04U05:453443:454209 [3] NCCL INFO Channel 02/0 : 7[3] -> 3[3] [receive] via NET/Socket/0
MOC-R4PCC04U05:453443:453495 [3] NCCL INFO New proxy recv connection 15 from local rank 3, transport 2
MOC-R4PCC04U05:453443:454209 [3] NCCL INFO Connected to proxy localRank 3 -> connection 0x7f5908005638
MOC-R4PCC04U05:453443:454209 [3] NCCL INFO Channel 03/0 : 7[3] -> 3[3] [receive] via NET/Socket/0
MOC-R4PCC04U05:453443:453495 [3] NCCL INFO New proxy send connection 16 from local rank 3, transport 2
MOC-R4PCC04U05:453443:454209 [3] NCCL INFO Connected to proxy localRank 3 -> connection 0x7f59080056b0
MOC-R4PCC04U05:453443:454209 [3] NCCL INFO Channel 00/0 : 3[3] -> 7[3] [send] via NET/Socket/0
MOC-R4PCC04U05:453443:453495 [3] NCCL INFO New proxy send connection 17 from local rank 3, transport 2
MOC-R4PCC04U05:453443:454209 [3] NCCL INFO Connected to proxy localRank 3 -> connection 0x7f5908005728
MOC-R4PCC04U05:453443:454209 [3] NCCL INFO Channel 01/0 : 3[3] -> 7[3] [send] via NET/Socket/0
MOC-R4PCC04U05:453443:453495 [3] NCCL INFO New proxy send connection 18 from local rank 3, transport 2
MOC-R4PCC04U05:453443:454209 [3] NCCL INFO Connected to proxy localRank 3 -> connection 0x7f59080057a0
MOC-R4PCC04U05:453443:454209 [3] NCCL INFO Channel 02/0 : 3[3] -> 7[3] [send] via NET/Socket/0
MOC-R4PCC04U05:453443:453495 [3] NCCL INFO New proxy send connection 19 from local rank 3, transport 2
MOC-R4PCC04U05:453443:454209 [3] NCCL INFO Connected to proxy localRank 3 -> connection 0x7f5908005818
MOC-R4PCC04U05:453443:454209 [3] NCCL INFO Channel 03/0 : 3[3] -> 7[3] [send] via NET/Socket/0
MOC-R4PCC04U05:453443:453495 [3] NCCL INFO New proxy send connection 20 from local rank 3, transport 0
MOC-R4PCC04U05:453443:454209 [3] NCCL INFO Connected to proxy localRank 3 -> connection 0x7f5908005890
MOC-R4PCC04U05:453443:453495 [3] NCCL INFO New proxy send connection 21 from local rank 3, transport 0
MOC-R4PCC04U05:453443:454209 [3] NCCL INFO Connected to proxy localRank 3 -> connection 0x7f5908005908
MOC-R4PCC04U05:453443:453495 [3] NCCL INFO New proxy send connection 22 from local rank 3, transport 0
MOC-R4PCC04U05:453443:454209 [3] NCCL INFO Connected to proxy localRank 3 -> connection 0x7f5908005980
MOC-R4PCC04U05:453443:453495 [3] NCCL INFO New proxy send connection 23 from local rank 3, transport 0
MOC-R4PCC04U05:453443:454209 [3] NCCL INFO Connected to proxy localRank 3 -> connection 0x7f59080059f8
step    1/10 | train loss 11.010139 | norm 15.4234 | lr 1.00e-04 | (14388.17 ms | 109317 tok/s)
step    2/10 | train loss 10.136948 | norm 5.7587 | lr 1.00e-04 | (560.56 ms | 2805856 tok/s)
step    3/10 | train loss 9.795477 | norm 2.6123 | lr 1.00e-04 | (556.16 ms | 2828082 tok/s)
step    4/10 | train loss 9.625647 | norm 2.1154 | lr 1.00e-04 | (555.03 ms | 2833859 tok/s)
step    5/10 | train loss 9.542591 | norm 2.1031 | lr 1.00e-04 | (554.14 ms | 2838392 tok/s)
step    6/10 | train loss 9.461353 | norm 1.9977 | lr 1.00e-04 | (556.01 ms | 2828825 tok/s)
step    7/10 | train loss 9.375707 | norm 1.9472 | lr 1.00e-04 | (555.48 ms | 2831537 tok/s)
step    8/10 | train loss 9.283985 | norm 1.9146 | lr 1.00e-04 | (557.69 ms | 2820326 tok/s)
step    9/10 | train loss 9.188593 | norm 1.8601 | lr 1.00e-04 | (557.63 ms | 2820615 tok/s)
step   10/10 | train loss 9.103172 | norm 1.7948 | lr 1.00e-04 | (556.39 ms | 2826930 tok/s)
final 9 iters avg: 556.565ms
peak memory consumption: 16601 MiB
