Running pytorch 2.7.0+cu126
using device: cuda:0
total desired batch size: 2359296
=> calculated gradient accumulation steps: 6
using device: cuda:3
using device: cuda:2
using device: cuda:1
compiling the model...
DataLoader: total number of tokens: 1,661,249,667 across 103 files
MOC-R4PCC04U05:524600:524600 [0] NCCL INFO NCCL_SOCKET_IFNAME set to eno7np0
MOC-R4PCC04U05:524600:524600 [0] NCCL INFO NCCL version 2.26.2+cuda12.2
MOC-R4PCC04U05:524603:524603 [3] NCCL INFO NCCL_SOCKET_IFNAME set to eno7np0
MOC-R4PCC04U05:524603:524603 [3] NCCL INFO NCCL version 2.26.2+cuda12.2
MOC-R4PCC04U05:524602:524602 [2] NCCL INFO NCCL_SOCKET_IFNAME set to eno7np0
MOC-R4PCC04U05:524602:524602 [2] NCCL INFO NCCL version 2.26.2+cuda12.2
MOC-R4PCC04U05:524600:524706 [0] NCCL INFO NET/Plugin: Could not find: libnccl-net.so. Using internal net plugin.
MOC-R4PCC04U05:524600:524706 [0] NCCL INFO NET/Socket : Using [0]eno7np0:192.168.50.193<0>
MOC-R4PCC04U05:524601:524601 [1] NCCL INFO NCCL_SOCKET_IFNAME set to eno7np0
MOC-R4PCC04U05:524601:524601 [1] NCCL INFO NCCL version 2.26.2+cuda12.2
MOC-R4PCC04U05:524603:524728 [3] NCCL INFO NET/Plugin: Could not find: libnccl-net.so. Using internal net plugin.
MOC-R4PCC04U05:524602:524729 [2] NCCL INFO NET/Plugin: Could not find: libnccl-net.so. Using internal net plugin.
MOC-R4PCC04U05:524603:524728 [3] NCCL INFO NET/Socket : Using [0]eno7np0:192.168.50.193<0>
MOC-R4PCC04U05:524602:524729 [2] NCCL INFO NET/Socket : Using [0]eno7np0:192.168.50.193<0>
MOC-R4PCC04U05:524601:524730 [1] NCCL INFO NET/Plugin: Could not find: libnccl-net.so. Using internal net plugin.
MOC-R4PCC04U05:524601:524730 [1] NCCL INFO NET/Socket : Using [0]eno7np0:192.168.50.193<0>
MOC-R4PCC04U05:524602:524729 [2] NCCL INFO NET/Socket : GPU Direct RDMA Disabled for HCA 0 'eno7np0'
MOC-R4PCC04U05:524600:524706 [0] NCCL INFO NET/Socket : GPU Direct RDMA Disabled for HCA 0 'eno7np0'
MOC-R4PCC04U05:524603:524728 [3] NCCL INFO NET/Socket : GPU Direct RDMA Disabled for HCA 0 'eno7np0'
MOC-R4PCC04U05:524601:524730 [1] NCCL INFO NET/Socket : GPU Direct RDMA Disabled for HCA 0 'eno7np0'
MOC-R4PCC04U05:524603:524740 [3] NCCL INFO New proxy recv connection 0 from local rank 3, transport 0
MOC-R4PCC04U05:524603:524747 [3] NCCL INFO Connected to proxy localRank 3 -> connection 0x7efffc004f30
MOC-R4PCC04U05:524600:524742 [0] NCCL INFO New proxy send connection 0 from local rank 0, transport 0
MOC-R4PCC04U05:524600:524748 [0] NCCL INFO Connected to proxy localRank 0 -> connection 0x7f0130004f30
MOC-R4PCC04U05:524603:524740 [3] NCCL INFO New proxy recv connection 1 from local rank 3, transport 0
MOC-R4PCC04U05:524603:524747 [3] NCCL INFO Connected to proxy localRank 3 -> connection 0x7efffc004fa8
MOC-R4PCC04U05:524600:524742 [0] NCCL INFO New proxy send connection 1 from local rank 0, transport 0
MOC-R4PCC04U05:524600:524748 [0] NCCL INFO Connected to proxy localRank 0 -> connection 0x7f0130004fa8
MOC-R4PCC04U05:524602:524741 [2] NCCL INFO New proxy recv connection 0 from local rank 2, transport 0
MOC-R4PCC04U05:524602:524749 [2] NCCL INFO Connected to proxy localRank 2 -> connection 0x7f6238004f30
MOC-R4PCC04U05:524602:524741 [2] NCCL INFO New proxy recv connection 1 from local rank 2, transport 0
MOC-R4PCC04U05:524602:524749 [2] NCCL INFO Connected to proxy localRank 2 -> connection 0x7f6238004fa8
MOC-R4PCC04U05:524600:524742 [0] NCCL INFO New proxy send connection 2 from local rank 0, transport 0
MOC-R4PCC04U05:524600:524748 [0] NCCL INFO Connected to proxy localRank 0 -> connection 0x7f0130005020
MOC-R4PCC04U05:524600:524742 [0] NCCL INFO New proxy send connection 3 from local rank 0, transport 0
MOC-R4PCC04U05:524600:524748 [0] NCCL INFO Connected to proxy localRank 0 -> connection 0x7f0130005098
MOC-R4PCC04U05:524603:524740 [3] NCCL INFO New proxy send connection 2 from local rank 3, transport 2
MOC-R4PCC04U05:524603:524747 [3] NCCL INFO Connected to proxy localRank 3 -> connection 0x7efffc005020
MOC-R4PCC04U05:524603:524747 [3] NCCL INFO Channel 00/0 : 3[3] -> 6[2] [send] via NET/Socket/0
MOC-R4PCC04U05:524603:524740 [3] NCCL INFO New proxy send connection 3 from local rank 3, transport 2
MOC-R4PCC04U05:524603:524747 [3] NCCL INFO Connected to proxy localRank 3 -> connection 0x7efffc005098
MOC-R4PCC04U05:524603:524747 [3] NCCL INFO Channel 02/0 : 3[3] -> 6[2] [send] via NET/Socket/0
MOC-R4PCC04U05:524600:524742 [0] NCCL INFO New proxy recv connection 4 from local rank 0, transport 0
MOC-R4PCC04U05:524600:524748 [0] NCCL INFO Connected to proxy localRank 0 -> connection 0x7f0130005110
MOC-R4PCC04U05:524603:524740 [3] NCCL INFO New proxy recv connection 4 from local rank 3, transport 2
MOC-R4PCC04U05:524603:524747 [3] NCCL INFO Connected to proxy localRank 3 -> connection 0x7efffc005110
MOC-R4PCC04U05:524603:524747 [3] NCCL INFO Channel 01/0 : 10[2] -> 3[3] [receive] via NET/Socket/0
MOC-R4PCC04U05:524603:524740 [3] NCCL INFO New proxy recv connection 5 from local rank 3, transport 2
MOC-R4PCC04U05:524603:524747 [3] NCCL INFO Connected to proxy localRank 3 -> connection 0x7efffc005188
MOC-R4PCC04U05:524603:524747 [3] NCCL INFO Channel 03/0 : 10[2] -> 3[3] [receive] via NET/Socket/0
MOC-R4PCC04U05:524602:524741 [2] NCCL INFO New proxy recv connection 2 from local rank 2, transport 2
MOC-R4PCC04U05:524602:524749 [2] NCCL INFO Connected to proxy localRank 2 -> connection 0x7f6238005020
MOC-R4PCC04U05:524602:524749 [2] NCCL INFO Channel 00/0 : 11[3] -> 2[2] [receive] via NET/Socket/0
MOC-R4PCC04U05:524602:524741 [2] NCCL INFO New proxy recv connection 3 from local rank 2, transport 2
MOC-R4PCC04U05:524602:524749 [2] NCCL INFO Connected to proxy localRank 2 -> connection 0x7f6238005098
MOC-R4PCC04U05:524602:524749 [2] NCCL INFO Channel 02/0 : 11[3] -> 2[2] [receive] via NET/Socket/0
MOC-R4PCC04U05:524600:524742 [0] NCCL INFO New proxy recv connection 5 from local rank 0, transport 0
MOC-R4PCC04U05:524600:524748 [0] NCCL INFO Connected to proxy localRank 0 -> connection 0x7f0130005188
MOC-R4PCC04U05:524600:524742 [0] NCCL INFO New proxy recv connection 6 from local rank 0, transport 0
MOC-R4PCC04U05:524600:524748 [0] NCCL INFO Connected to proxy localRank 0 -> connection 0x7f0130005200
MOC-R4PCC04U05:524600:524742 [0] NCCL INFO New proxy recv connection 7 from local rank 0, transport 0
MOC-R4PCC04U05:524600:524748 [0] NCCL INFO Connected to proxy localRank 0 -> connection 0x7f0130005278
MOC-R4PCC04U05:524601:524739 [1] NCCL INFO New proxy recv connection 0 from local rank 1, transport 0
MOC-R4PCC04U05:524601:524752 [1] NCCL INFO Connected to proxy localRank 1 -> connection 0x7effd8004f30
MOC-R4PCC04U05:524601:524739 [1] NCCL INFO New proxy recv connection 1 from local rank 1, transport 0
MOC-R4PCC04U05:524601:524752 [1] NCCL INFO Connected to proxy localRank 1 -> connection 0x7effd8004fa8
MOC-R4PCC04U05:524602:524741 [2] NCCL INFO New proxy send connection 4 from local rank 2, transport 2
MOC-R4PCC04U05:524602:524749 [2] NCCL INFO Connected to proxy localRank 2 -> connection 0x7f6238005110
MOC-R4PCC04U05:524602:524749 [2] NCCL INFO Channel 01/0 : 2[2] -> 7[3] [send] via NET/Socket/0
MOC-R4PCC04U05:524602:524741 [2] NCCL INFO New proxy send connection 5 from local rank 2, transport 2
MOC-R4PCC04U05:524602:524749 [2] NCCL INFO Connected to proxy localRank 2 -> connection 0x7f6238005188
MOC-R4PCC04U05:524602:524749 [2] NCCL INFO Channel 03/0 : 2[2] -> 7[3] [send] via NET/Socket/0
MOC-R4PCC04U05:524603:524740 [3] NCCL INFO New proxy send connection 6 from local rank 3, transport 0
MOC-R4PCC04U05:524603:524747 [3] NCCL INFO Connected to proxy localRank 3 -> connection 0x7efffc005200
MOC-R4PCC04U05:524602:524741 [2] NCCL INFO New proxy send connection 6 from local rank 2, transport 0
MOC-R4PCC04U05:524602:524749 [2] NCCL INFO Connected to proxy localRank 2 -> connection 0x7f6238005200
MOC-R4PCC04U05:524603:524740 [3] NCCL INFO New proxy send connection 7 from local rank 3, transport 0
MOC-R4PCC04U05:524603:524747 [3] NCCL INFO Connected to proxy localRank 3 -> connection 0x7efffc005278
MOC-R4PCC04U05:524602:524741 [2] NCCL INFO New proxy send connection 7 from local rank 2, transport 0
MOC-R4PCC04U05:524602:524749 [2] NCCL INFO Connected to proxy localRank 2 -> connection 0x7f6238005278
MOC-R4PCC04U05:524601:524739 [1] NCCL INFO New proxy recv connection 2 from local rank 1, transport 0
MOC-R4PCC04U05:524601:524752 [1] NCCL INFO Connected to proxy localRank 1 -> connection 0x7effd8005020
MOC-R4PCC04U05:524600:524742 [0] NCCL INFO New proxy send connection 8 from local rank 3, transport 0
MOC-R4PCC04U05:524603:524747 [3] NCCL INFO Connected to proxy localRank 0 -> connection 0x7f01300052f0
MOC-R4PCC04U05:524601:524739 [1] NCCL INFO New proxy recv connection 3 from local rank 1, transport 0
MOC-R4PCC04U05:524601:524752 [1] NCCL INFO Connected to proxy localRank 1 -> connection 0x7effd8005098
MOC-R4PCC04U05:524601:524739 [1] NCCL INFO New proxy send connection 4 from local rank 1, transport 0
MOC-R4PCC04U05:524601:524752 [1] NCCL INFO Connected to proxy localRank 1 -> connection 0x7effd8005110
MOC-R4PCC04U05:524601:524739 [1] NCCL INFO New proxy send connection 5 from local rank 1, transport 0
MOC-R4PCC04U05:524601:524752 [1] NCCL INFO Connected to proxy localRank 1 -> connection 0x7effd8005188
MOC-R4PCC04U05:524601:524739 [1] NCCL INFO New proxy send connection 6 from local rank 1, transport 0
MOC-R4PCC04U05:524601:524752 [1] NCCL INFO Connected to proxy localRank 1 -> connection 0x7effd8005200
MOC-R4PCC04U05:524601:524739 [1] NCCL INFO New proxy send connection 7 from local rank 1, transport 0
MOC-R4PCC04U05:524601:524752 [1] NCCL INFO Connected to proxy localRank 1 -> connection 0x7effd8005278
MOC-R4PCC04U05:524600:524742 [0] NCCL INFO New proxy send connection 9 from local rank 2, transport 0
MOC-R4PCC04U05:524602:524749 [2] NCCL INFO Connected to proxy localRank 0 -> connection 0x7f0130005368
MOC-R4PCC04U05:524602:524741 [2] NCCL INFO New proxy send connection 8 from local rank 0, transport 0
MOC-R4PCC04U05:524600:524748 [0] NCCL INFO Connected to proxy localRank 2 -> connection 0x7f62380052f0
MOC-R4PCC04U05:524603:524740 [3] NCCL INFO New proxy send connection 8 from local rank 1, transport 0
MOC-R4PCC04U05:524601:524752 [1] NCCL INFO Connected to proxy localRank 3 -> connection 0x7efffc0052f0
MOC-R4PCC04U05:524601:524739 [1] NCCL INFO New proxy send connection 8 from local rank 2, transport 0
MOC-R4PCC04U05:524602:524749 [2] NCCL INFO Connected to proxy localRank 1 -> connection 0x7effd80052f0
MOC-R4PCC04U05:524603:524740 [3] NCCL INFO New proxy send connection 9 from local rank 0, transport 0
MOC-R4PCC04U05:524600:524748 [0] NCCL INFO Connected to proxy localRank 3 -> connection 0x7efffc005368
MOC-R4PCC04U05:524601:524739 [1] NCCL INFO New proxy send connection 9 from local rank 3, transport 0
MOC-R4PCC04U05:524603:524747 [3] NCCL INFO Connected to proxy localRank 1 -> connection 0x7effd8005368
MOC-R4PCC04U05:524600:524742 [0] NCCL INFO New proxy send connection 10 from local rank 1, transport 0
MOC-R4PCC04U05:524601:524752 [1] NCCL INFO Connected to proxy localRank 0 -> connection 0x7f01300053e0
MOC-R4PCC04U05:524602:524741 [2] NCCL INFO New proxy send connection 9 from local rank 1, transport 0
MOC-R4PCC04U05:524601:524752 [1] NCCL INFO Connected to proxy localRank 2 -> connection 0x7f6238005368
MOC-R4PCC04U05:524601:524739 [1] NCCL INFO New proxy send connection 10 from local rank 0, transport 0
MOC-R4PCC04U05:524600:524748 [0] NCCL INFO Connected to proxy localRank 1 -> connection 0x7effd80053e0
num decayed parameter tensors: 50, with 124,318,464 parameters
num non-decayed parameter tensors: 98, with 121,344 parameters
using fused AdamW: False
using regular AdamW
MOC-R4PCC04U05:524603:524740 [3] NCCL INFO New proxy recv connection 10 from local rank 3, transport 0
MOC-R4PCC04U05:524603:525506 [3] NCCL INFO Connected to proxy localRank 3 -> connection 0x7efffc0053e0
MOC-R4PCC04U05:524603:524740 [3] NCCL INFO New proxy recv connection 11 from local rank 3, transport 0
MOC-R4PCC04U05:524603:525506 [3] NCCL INFO Connected to proxy localRank 3 -> connection 0x7efffc005458
MOC-R4PCC04U05:524600:524742 [0] NCCL INFO New proxy send connection 11 from local rank 0, transport 0
MOC-R4PCC04U05:524600:525507 [0] NCCL INFO Connected to proxy localRank 0 -> connection 0x7f0130005458
MOC-R4PCC04U05:524600:524742 [0] NCCL INFO New proxy send connection 12 from local rank 0, transport 0
MOC-R4PCC04U05:524600:525507 [0] NCCL INFO Connected to proxy localRank 0 -> connection 0x7f01300054d0
MOC-R4PCC04U05:524600:524742 [0] NCCL INFO New proxy send connection 13 from local rank 0, transport 0
MOC-R4PCC04U05:524600:525507 [0] NCCL INFO Connected to proxy localRank 0 -> connection 0x7f0130005548
MOC-R4PCC04U05:524600:524742 [0] NCCL INFO New proxy send connection 14 from local rank 0, transport 0
MOC-R4PCC04U05:524600:525507 [0] NCCL INFO Connected to proxy localRank 0 -> connection 0x7f01300055c0
MOC-R4PCC04U05:524602:524741 [2] NCCL INFO New proxy recv connection 10 from local rank 2, transport 0
MOC-R4PCC04U05:524602:525508 [2] NCCL INFO Connected to proxy localRank 2 -> connection 0x7f62380053e0
MOC-R4PCC04U05:524602:524741 [2] NCCL INFO New proxy recv connection 11 from local rank 2, transport 0
MOC-R4PCC04U05:524602:525508 [2] NCCL INFO Connected to proxy localRank 2 -> connection 0x7f6238005458
MOC-R4PCC04U05:524602:524741 [2] NCCL INFO New proxy recv connection 12 from local rank 2, transport 0
MOC-R4PCC04U05:524602:525508 [2] NCCL INFO Connected to proxy localRank 2 -> connection 0x7f62380054d0
MOC-R4PCC04U05:524602:524741 [2] NCCL INFO New proxy recv connection 13 from local rank 2, transport 0
MOC-R4PCC04U05:524602:525508 [2] NCCL INFO Connected to proxy localRank 2 -> connection 0x7f6238005548
MOC-R4PCC04U05:524601:524739 [1] NCCL INFO New proxy recv connection 11 from local rank 1, transport 0
MOC-R4PCC04U05:524601:525509 [1] NCCL INFO Connected to proxy localRank 1 -> connection 0x7effd8005458
MOC-R4PCC04U05:524601:524739 [1] NCCL INFO New proxy recv connection 12 from local rank 1, transport 0
MOC-R4PCC04U05:524601:525509 [1] NCCL INFO Connected to proxy localRank 1 -> connection 0x7effd80054d0
MOC-R4PCC04U05:524601:524739 [1] NCCL INFO New proxy recv connection 13 from local rank 1, transport 0
MOC-R4PCC04U05:524601:525509 [1] NCCL INFO Connected to proxy localRank 1 -> connection 0x7effd8005548
MOC-R4PCC04U05:524601:524739 [1] NCCL INFO New proxy recv connection 14 from local rank 1, transport 0
MOC-R4PCC04U05:524601:525509 [1] NCCL INFO Connected to proxy localRank 1 -> connection 0x7effd80055c0
MOC-R4PCC04U05:524601:524739 [1] NCCL INFO New proxy send connection 15 from local rank 1, transport 0
MOC-R4PCC04U05:524601:525509 [1] NCCL INFO Connected to proxy localRank 1 -> connection 0x7effd8005638
MOC-R4PCC04U05:524601:524739 [1] NCCL INFO New proxy send connection 16 from local rank 1, transport 0
MOC-R4PCC04U05:524601:525509 [1] NCCL INFO Connected to proxy localRank 1 -> connection 0x7effd80056b0
MOC-R4PCC04U05:524601:524739 [1] NCCL INFO New proxy send connection 17 from local rank 1, transport 0
MOC-R4PCC04U05:524601:525509 [1] NCCL INFO Connected to proxy localRank 1 -> connection 0x7effd8005728
MOC-R4PCC04U05:524601:524739 [1] NCCL INFO New proxy send connection 18 from local rank 1, transport 0
MOC-R4PCC04U05:524601:525509 [1] NCCL INFO Connected to proxy localRank 1 -> connection 0x7effd80057a0
MOC-R4PCC04U05:524601:524739 [1] NCCL INFO New proxy recv connection 19 from local rank 1, transport 0
MOC-R4PCC04U05:524601:525509 [1] NCCL INFO Connected to proxy localRank 1 -> connection 0x7effd8005818
MOC-R4PCC04U05:524601:524739 [1] NCCL INFO New proxy recv connection 20 from local rank 1, transport 0
MOC-R4PCC04U05:524601:525509 [1] NCCL INFO Connected to proxy localRank 1 -> connection 0x7effd8005890
MOC-R4PCC04U05:524600:524742 [0] NCCL INFO New proxy send connection 15 from local rank 0, transport 0
MOC-R4PCC04U05:524600:525507 [0] NCCL INFO Connected to proxy localRank 0 -> connection 0x7f0130005638
MOC-R4PCC04U05:524602:524741 [2] NCCL INFO New proxy send connection 14 from local rank 2, transport 0
MOC-R4PCC04U05:524602:525508 [2] NCCL INFO Connected to proxy localRank 2 -> connection 0x7f62380055c0
MOC-R4PCC04U05:524600:524742 [0] NCCL INFO New proxy send connection 16 from local rank 0, transport 0
MOC-R4PCC04U05:524602:524741 [2] NCCL INFO New proxy send connection 15 from local rank 2, transport 0
MOC-R4PCC04U05:524600:525507 [0] NCCL INFO Connected to proxy localRank 0 -> connection 0x7f01300056b0
MOC-R4PCC04U05:524602:525508 [2] NCCL INFO Connected to proxy localRank 2 -> connection 0x7f6238005638
MOC-R4PCC04U05:524600:524742 [0] NCCL INFO New proxy recv connection 17 from local rank 0, transport 0
MOC-R4PCC04U05:524600:525507 [0] NCCL INFO Connected to proxy localRank 0 -> connection 0x7f0130005728
MOC-R4PCC04U05:524603:524740 [3] NCCL INFO New proxy recv connection 12 from local rank 3, transport 2
MOC-R4PCC04U05:524603:525506 [3] NCCL INFO Connected to proxy localRank 3 -> connection 0x7efffc0054d0
MOC-R4PCC04U05:524600:524742 [0] NCCL INFO New proxy recv connection 18 from local rank 0, transport 0
MOC-R4PCC04U05:524600:525507 [0] NCCL INFO Connected to proxy localRank 0 -> connection 0x7f01300057a0
MOC-R4PCC04U05:524600:524742 [0] NCCL INFO New proxy recv connection 19 from local rank 0, transport 0
MOC-R4PCC04U05:524600:525507 [0] NCCL INFO Connected to proxy localRank 0 -> connection 0x7f0130005818
MOC-R4PCC04U05:524603:525506 [3] NCCL INFO Channel 00/0 : 11[3] -> 3[3] [receive] via NET/Socket/0
MOC-R4PCC04U05:524603:524740 [3] NCCL INFO New proxy recv connection 13 from local rank 3, transport 2
MOC-R4PCC04U05:524603:525506 [3] NCCL INFO Connected to proxy localRank 3 -> connection 0x7efffc005548
MOC-R4PCC04U05:524603:525506 [3] NCCL INFO Channel 01/0 : 11[3] -> 3[3] [receive] via NET/Socket/0
MOC-R4PCC04U05:524603:524740 [3] NCCL INFO New proxy recv connection 14 from local rank 3, transport 2
MOC-R4PCC04U05:524603:525506 [3] NCCL INFO Connected to proxy localRank 3 -> connection 0x7efffc0055c0
MOC-R4PCC04U05:524603:525506 [3] NCCL INFO Channel 02/0 : 11[3] -> 3[3] [receive] via NET/Socket/0
MOC-R4PCC04U05:524603:524740 [3] NCCL INFO New proxy recv connection 15 from local rank 3, transport 2
MOC-R4PCC04U05:524603:525506 [3] NCCL INFO Connected to proxy localRank 3 -> connection 0x7efffc005638
MOC-R4PCC04U05:524603:525506 [3] NCCL INFO Channel 03/0 : 11[3] -> 3[3] [receive] via NET/Socket/0
MOC-R4PCC04U05:524603:524740 [3] NCCL INFO New proxy send connection 16 from local rank 3, transport 2
MOC-R4PCC04U05:524603:525506 [3] NCCL INFO Connected to proxy localRank 3 -> connection 0x7efffc0056b0
MOC-R4PCC04U05:524603:525506 [3] NCCL INFO Channel 02/0 : 3[3] -> 7[3] [send] via NET/Socket/0
MOC-R4PCC04U05:524603:524740 [3] NCCL INFO New proxy send connection 17 from local rank 3, transport 2
MOC-R4PCC04U05:524603:525506 [3] NCCL INFO Connected to proxy localRank 3 -> connection 0x7efffc005728
MOC-R4PCC04U05:524603:525506 [3] NCCL INFO Channel 03/0 : 3[3] -> 7[3] [send] via NET/Socket/0
MOC-R4PCC04U05:524600:524742 [0] NCCL INFO New proxy recv connection 20 from local rank 0, transport 0
MOC-R4PCC04U05:524600:525507 [0] NCCL INFO Connected to proxy localRank 0 -> connection 0x7f0130005890
MOC-R4PCC04U05:524603:524740 [3] NCCL INFO New proxy recv connection 18 from local rank 3, transport 2
MOC-R4PCC04U05:524603:525506 [3] NCCL INFO Connected to proxy localRank 3 -> connection 0x7efffc0057a0
MOC-R4PCC04U05:524603:525506 [3] NCCL INFO Channel 02/0 : 7[3] -> 3[3] [receive] via NET/Socket/0
MOC-R4PCC04U05:524603:524740 [3] NCCL INFO New proxy recv connection 19 from local rank 3, transport 2
MOC-R4PCC04U05:524603:525506 [3] NCCL INFO Connected to proxy localRank 3 -> connection 0x7efffc005818
MOC-R4PCC04U05:524603:525506 [3] NCCL INFO Channel 03/0 : 7[3] -> 3[3] [receive] via NET/Socket/0
MOC-R4PCC04U05:524603:524740 [3] NCCL INFO New proxy send connection 20 from local rank 3, transport 2
MOC-R4PCC04U05:524603:525506 [3] NCCL INFO Connected to proxy localRank 3 -> connection 0x7efffc005890
MOC-R4PCC04U05:524603:525506 [3] NCCL INFO Channel 00/0 : 3[3] -> 11[3] [send] via NET/Socket/0
MOC-R4PCC04U05:524603:524740 [3] NCCL INFO New proxy send connection 21 from local rank 3, transport 2
MOC-R4PCC04U05:524603:525506 [3] NCCL INFO Connected to proxy localRank 3 -> connection 0x7efffc005908
MOC-R4PCC04U05:524603:525506 [3] NCCL INFO Channel 01/0 : 3[3] -> 11[3] [send] via NET/Socket/0
MOC-R4PCC04U05:524603:524740 [3] NCCL INFO New proxy send connection 22 from local rank 3, transport 2
MOC-R4PCC04U05:524603:525506 [3] NCCL INFO Connected to proxy localRank 3 -> connection 0x7efffc005980
MOC-R4PCC04U05:524603:525506 [3] NCCL INFO Channel 02/0 : 3[3] -> 11[3] [send] via NET/Socket/0
MOC-R4PCC04U05:524603:524740 [3] NCCL INFO New proxy send connection 23 from local rank 3, transport 2
MOC-R4PCC04U05:524603:525506 [3] NCCL INFO Connected to proxy localRank 3 -> connection 0x7efffc0059f8
MOC-R4PCC04U05:524603:525506 [3] NCCL INFO Channel 03/0 : 3[3] -> 11[3] [send] via NET/Socket/0
MOC-R4PCC04U05:524603:524740 [3] NCCL INFO New proxy send connection 24 from local rank 3, transport 0
MOC-R4PCC04U05:524603:525506 [3] NCCL INFO Connected to proxy localRank 3 -> connection 0x7efffc005a70
MOC-R4PCC04U05:524603:524740 [3] NCCL INFO New proxy send connection 25 from local rank 3, transport 0
MOC-R4PCC04U05:524603:525506 [3] NCCL INFO Connected to proxy localRank 3 -> connection 0x7efffc005ae8
MOC-R4PCC04U05:524603:524740 [3] NCCL INFO New proxy send connection 26 from local rank 3, transport 0
MOC-R4PCC04U05:524603:525506 [3] NCCL INFO Connected to proxy localRank 3 -> connection 0x7efffc005b60
MOC-R4PCC04U05:524603:524740 [3] NCCL INFO New proxy send connection 27 from local rank 3, transport 0
MOC-R4PCC04U05:524603:525506 [3] NCCL INFO Connected to proxy localRank 3 -> connection 0x7efffc005bd8
step    1/10 | train loss 11.009422 | norm 15.3733 | lr 1.00e-04 | (14332.56 ms | 164611 tok/s)
step    2/10 | train loss 10.139729 | norm 5.7264 | lr 1.00e-04 | (555.31 ms | 4248612 tok/s)
step    3/10 | train loss 9.799683 | norm 2.6010 | lr 1.00e-04 | (544.16 ms | 4335636 tok/s)
step    4/10 | train loss 9.631039 | norm 2.1093 | lr 1.00e-04 | (760.83 ms | 3100951 tok/s)
step    5/10 | train loss 9.548265 | norm 2.0938 | lr 1.00e-04 | (549.10 ms | 4296659 tok/s)
step    6/10 | train loss 9.467411 | norm 1.9919 | lr 1.00e-04 | (553.48 ms | 4262659 tok/s)
step    7/10 | train loss 9.382080 | norm 1.9418 | lr 1.00e-04 | (546.27 ms | 4318907 tok/s)
step    8/10 | train loss 9.290598 | norm 1.9079 | lr 1.00e-04 | (547.27 ms | 4311063 tok/s)
step    9/10 | train loss 9.195722 | norm 1.8515 | lr 1.00e-04 | (544.96 ms | 4329311 tok/s)
step   10/10 | train loss 9.111584 | norm 1.7901 | lr 1.00e-04 | (548.88 ms | 4298393 tok/s)
final 9 iters avg: 572.251ms
peak memory consumption: 16601 MiB
