Running pytorch 2.7.0+cu126
using device: cuda:0
total desired batch size: 3538944
=> calculated gradient accumulation steps: 9
using device: cuda:3
using device: cuda:2
using device: cuda:1
compiling the model...
DataLoader: total number of tokens: 1,661,249,667 across 103 files
MOC-R4PCC04U05:590522:590522 [0] NCCL INFO NCCL_SOCKET_IFNAME set to eno7np0
MOC-R4PCC04U05:590522:590522 [0] NCCL INFO NCCL version 2.26.2+cuda12.2
MOC-R4PCC04U05:590522:590628 [0] NCCL INFO NET/Plugin: Could not find: libnccl-net.so. Using internal net plugin.
MOC-R4PCC04U05:590522:590628 [0] NCCL INFO NCCL_IB_HCA set to mlx5_5
MOC-R4PCC04U05:590525:590525 [3] NCCL INFO NCCL_SOCKET_IFNAME set to eno7np0
MOC-R4PCC04U05:590525:590525 [3] NCCL INFO NCCL version 2.26.2+cuda12.2
MOC-R4PCC04U05:590524:590524 [2] NCCL INFO NCCL_SOCKET_IFNAME set to eno7np0
MOC-R4PCC04U05:590524:590524 [2] NCCL INFO NCCL version 2.26.2+cuda12.2
MOC-R4PCC04U05:590522:590628 [0] NCCL INFO NET/IB : Made virtual device [0] name=mlx5_5 speed=400000 ndevs=1
MOC-R4PCC04U05:590522:590628 [0] NCCL INFO NET/IB : Using [0]mlx5_5:1/RoCE [RO]; OOB eno7np0:192.168.50.193<0>
MOC-R4PCC04U05:590523:590523 [1] NCCL INFO NCCL_SOCKET_IFNAME set to eno7np0
MOC-R4PCC04U05:590523:590523 [1] NCCL INFO NCCL version 2.26.2+cuda12.2
MOC-R4PCC04U05:590525:590650 [3] NCCL INFO NET/Plugin: Could not find: libnccl-net.so. Using internal net plugin.
MOC-R4PCC04U05:590524:590651 [2] NCCL INFO NET/Plugin: Could not find: libnccl-net.so. Using internal net plugin.
MOC-R4PCC04U05:590525:590650 [3] NCCL INFO NCCL_IB_HCA set to mlx5_5
MOC-R4PCC04U05:590524:590651 [2] NCCL INFO NCCL_IB_HCA set to mlx5_5
MOC-R4PCC04U05:590525:590650 [3] NCCL INFO NET/IB : Made virtual device [0] name=mlx5_5 speed=400000 ndevs=1
MOC-R4PCC04U05:590525:590650 [3] NCCL INFO NET/IB : Using [0]mlx5_5:1/RoCE [RO]; OOB eno7np0:192.168.50.193<0>
MOC-R4PCC04U05:590524:590651 [2] NCCL INFO NET/IB : Made virtual device [0] name=mlx5_5 speed=400000 ndevs=1
MOC-R4PCC04U05:590524:590651 [2] NCCL INFO NET/IB : Using [0]mlx5_5:1/RoCE [RO]; OOB eno7np0:192.168.50.193<0>
MOC-R4PCC04U05:590523:590653 [1] NCCL INFO NET/Plugin: Could not find: libnccl-net.so. Using internal net plugin.
MOC-R4PCC04U05:590523:590653 [1] NCCL INFO NCCL_IB_HCA set to mlx5_5
MOC-R4PCC04U05:590523:590653 [1] NCCL INFO NET/IB : Made virtual device [0] name=mlx5_5 speed=400000 ndevs=1
MOC-R4PCC04U05:590523:590653 [1] NCCL INFO NET/IB : Using [0]mlx5_5:1/RoCE [RO]; OOB eno7np0:192.168.50.193<0>
MOC-R4PCC04U05:590523:590653 [1] NCCL INFO NET/IB : GPU Direct RDMA Enabled for HCA 0 'mlx5_5'
MOC-R4PCC04U05:590523:590653 [1] NCCL INFO NET/IB : Made virtual device [1] name=mlx5_5 speed=400000 ndevs=1
MOC-R4PCC04U05:590523:590653 [1] NCCL INFO NET/IB : GPU Direct RDMA Enabled for HCA 0 'mlx5_5'
MOC-R4PCC04U05:590523:590653 [1] NCCL INFO NET/IB : GPU Direct RDMA Enabled for HCA 1 'mlx5_5'
MOC-R4PCC04U05:590522:590628 [0] NCCL INFO NET/IB : GPU Direct RDMA Enabled for HCA 0 'mlx5_5'
MOC-R4PCC04U05:590522:590628 [0] NCCL INFO NET/IB : Made virtual device [1] name=mlx5_5 speed=400000 ndevs=1
MOC-R4PCC04U05:590522:590628 [0] NCCL INFO NET/IB : GPU Direct RDMA Enabled for HCA 0 'mlx5_5'
MOC-R4PCC04U05:590522:590628 [0] NCCL INFO NET/IB : GPU Direct RDMA Enabled for HCA 1 'mlx5_5'
MOC-R4PCC04U05:590524:590651 [2] NCCL INFO NET/IB : GPU Direct RDMA Enabled for HCA 0 'mlx5_5'
MOC-R4PCC04U05:590524:590651 [2] NCCL INFO NET/IB : Made virtual device [1] name=mlx5_5 speed=400000 ndevs=1
MOC-R4PCC04U05:590524:590651 [2] NCCL INFO NET/IB : GPU Direct RDMA Enabled for HCA 0 'mlx5_5'
MOC-R4PCC04U05:590524:590651 [2] NCCL INFO NET/IB : GPU Direct RDMA Enabled for HCA 1 'mlx5_5'
MOC-R4PCC04U05:590525:590650 [3] NCCL INFO NET/IB : GPU Direct RDMA Enabled for HCA 0 'mlx5_5'
MOC-R4PCC04U05:590525:590650 [3] NCCL INFO NET/IB : Made virtual device [1] name=mlx5_5 speed=400000 ndevs=1
MOC-R4PCC04U05:590525:590650 [3] NCCL INFO NET/IB : GPU Direct RDMA Enabled for HCA 0 'mlx5_5'
MOC-R4PCC04U05:590525:590650 [3] NCCL INFO NET/IB : GPU Direct RDMA Enabled for HCA 1 'mlx5_5'
MOC-R4PCC04U05:590522:590628 [0] NCCL INFO GPU Direct RDMA Enabled for GPU 0 / HCA 1 (distance 5 <= 5), read 0 mode Default
MOC-R4PCC04U05:590522:590628 [0] NCCL INFO GPU Direct RDMA Enabled for GPU 1 / HCA 1 (distance 5 <= 5), read 0 mode Default
MOC-R4PCC04U05:590522:590628 [0] NCCL INFO GPU Direct RDMA Enabled for GPU 2 / HCA 1 (distance 5 <= 5), read 0 mode Default
MOC-R4PCC04U05:590522:590628 [0] NCCL INFO GPU Direct RDMA Enabled for GPU 3 / HCA 1 (distance 5 <= 5), read 0 mode Default
MOC-R4PCC04U05:590522:590628 [0] NCCL INFO GPU Direct RDMA Enabled for GPU 0 / HCA 1 (distance 5 <= 5), read 0 mode Default
MOC-R4PCC04U05:590522:590628 [0] NCCL INFO GPU Direct RDMA Enabled for GPU 1 / HCA 1 (distance 5 <= 5), read 0 mode Default
MOC-R4PCC04U05:590522:590628 [0] NCCL INFO GPU Direct RDMA Enabled for GPU 2 / HCA 1 (distance 5 <= 5), read 0 mode Default
MOC-R4PCC04U05:590522:590628 [0] NCCL INFO GPU Direct RDMA Enabled for GPU 3 / HCA 1 (distance 5 <= 5), read 0 mode Default
MOC-R4PCC04U05:590524:590651 [2] NCCL INFO GPU Direct RDMA Enabled for GPU 0 / HCA 1 (distance 5 <= 5), read 0 mode Default
MOC-R4PCC04U05:590524:590651 [2] NCCL INFO GPU Direct RDMA Enabled for GPU 1 / HCA 1 (distance 5 <= 5), read 0 mode Default
MOC-R4PCC04U05:590524:590651 [2] NCCL INFO GPU Direct RDMA Enabled for GPU 2 / HCA 1 (distance 5 <= 5), read 0 mode Default
MOC-R4PCC04U05:590524:590651 [2] NCCL INFO GPU Direct RDMA Enabled for GPU 3 / HCA 1 (distance 5 <= 5), read 0 mode Default
MOC-R4PCC04U05:590524:590651 [2] NCCL INFO GPU Direct RDMA Enabled for GPU 0 / HCA 1 (distance 5 <= 5), read 0 mode Default
MOC-R4PCC04U05:590524:590651 [2] NCCL INFO GPU Direct RDMA Enabled for GPU 1 / HCA 1 (distance 5 <= 5), read 0 mode Default
MOC-R4PCC04U05:590524:590651 [2] NCCL INFO GPU Direct RDMA Enabled for GPU 2 / HCA 1 (distance 5 <= 5), read 0 mode Default
MOC-R4PCC04U05:590524:590651 [2] NCCL INFO GPU Direct RDMA Enabled for GPU 3 / HCA 1 (distance 5 <= 5), read 0 mode Default
MOC-R4PCC04U05:590525:590650 [3] NCCL INFO GPU Direct RDMA Enabled for GPU 0 / HCA 1 (distance 5 <= 5), read 0 mode Default
MOC-R4PCC04U05:590525:590650 [3] NCCL INFO GPU Direct RDMA Enabled for GPU 1 / HCA 1 (distance 5 <= 5), read 0 mode Default
MOC-R4PCC04U05:590525:590650 [3] NCCL INFO GPU Direct RDMA Enabled for GPU 2 / HCA 1 (distance 5 <= 5), read 0 mode Default
MOC-R4PCC04U05:590525:590650 [3] NCCL INFO GPU Direct RDMA Enabled for GPU 3 / HCA 1 (distance 5 <= 5), read 0 mode Default
MOC-R4PCC04U05:590525:590650 [3] NCCL INFO GPU Direct RDMA Enabled for GPU 0 / HCA 1 (distance 5 <= 5), read 0 mode Default
MOC-R4PCC04U05:590525:590650 [3] NCCL INFO GPU Direct RDMA Enabled for GPU 1 / HCA 1 (distance 5 <= 5), read 0 mode Default
MOC-R4PCC04U05:590525:590650 [3] NCCL INFO GPU Direct RDMA Enabled for GPU 2 / HCA 1 (distance 5 <= 5), read 0 mode Default
MOC-R4PCC04U05:590525:590650 [3] NCCL INFO GPU Direct RDMA Enabled for GPU 3 / HCA 1 (distance 5 <= 5), read 0 mode Default
MOC-R4PCC04U05:590523:590653 [1] NCCL INFO GPU Direct RDMA Enabled for GPU 0 / HCA 1 (distance 5 <= 5), read 0 mode Default
MOC-R4PCC04U05:590523:590653 [1] NCCL INFO GPU Direct RDMA Enabled for GPU 1 / HCA 1 (distance 5 <= 5), read 0 mode Default
MOC-R4PCC04U05:590523:590653 [1] NCCL INFO GPU Direct RDMA Enabled for GPU 2 / HCA 1 (distance 5 <= 5), read 0 mode Default
MOC-R4PCC04U05:590523:590653 [1] NCCL INFO GPU Direct RDMA Enabled for GPU 3 / HCA 1 (distance 5 <= 5), read 0 mode Default
MOC-R4PCC04U05:590523:590653 [1] NCCL INFO GPU Direct RDMA Enabled for GPU 0 / HCA 1 (distance 5 <= 5), read 0 mode Default
MOC-R4PCC04U05:590523:590653 [1] NCCL INFO GPU Direct RDMA Enabled for GPU 1 / HCA 1 (distance 5 <= 5), read 0 mode Default
MOC-R4PCC04U05:590523:590653 [1] NCCL INFO GPU Direct RDMA Enabled for GPU 2 / HCA 1 (distance 5 <= 5), read 0 mode Default
MOC-R4PCC04U05:590523:590653 [1] NCCL INFO GPU Direct RDMA Enabled for GPU 3 / HCA 1 (distance 5 <= 5), read 0 mode Default
MOC-R4PCC04U05:590524:590673 [2] NCCL INFO GPU Direct RDMA Enabled for GPU 2 / HCA 1 (distance 5 <= 5), read 0 mode Default
MOC-R4PCC04U05:590523:590667 [1] NCCL INFO New proxy recv connection 0 from local rank 1, transport 0
MOC-R4PCC04U05:590523:590674 [1] NCCL INFO Connected to proxy localRank 1 -> connection 0x7f4530004f30
MOC-R4PCC04U05:590522:590671 [0] NCCL INFO New proxy send connection 0 from local rank 0, transport 0
MOC-R4PCC04U05:590522:590675 [0] NCCL INFO Connected to proxy localRank 0 -> connection 0x7f6dec004f30
MOC-R4PCC04U05:590523:590667 [1] NCCL INFO New proxy recv connection 1 from local rank 1, transport 0
MOC-R4PCC04U05:590523:590674 [1] NCCL INFO Connected to proxy localRank 1 -> connection 0x7f4530004fa8
MOC-R4PCC04U05:590523:590667 [1] NCCL INFO New proxy recv connection 2 from local rank 1, transport 0
MOC-R4PCC04U05:590523:590674 [1] NCCL INFO Connected to proxy localRank 1 -> connection 0x7f4530005020
MOC-R4PCC04U05:590522:590671 [0] NCCL INFO New proxy send connection 1 from local rank 0, transport 0
MOC-R4PCC04U05:590522:590675 [0] NCCL INFO Connected to proxy localRank 0 -> connection 0x7f6dec004fa8
MOC-R4PCC04U05:590523:590667 [1] NCCL INFO New proxy recv connection 3 from local rank 1, transport 0
MOC-R4PCC04U05:590523:590674 [1] NCCL INFO Connected to proxy localRank 1 -> connection 0x7f4530005098
MOC-R4PCC04U05:590522:590671 [0] NCCL INFO New proxy send connection 2 from local rank 0, transport 0
MOC-R4PCC04U05:590522:590675 [0] NCCL INFO Connected to proxy localRank 0 -> connection 0x7f6dec005020
MOC-R4PCC04U05:590525:590666 [3] NCCL INFO New proxy recv connection 0 from local rank 3, transport 0
MOC-R4PCC04U05:590525:590676 [3] NCCL INFO Connected to proxy localRank 3 -> connection 0x7f288c004f30
MOC-R4PCC04U05:590523:590667 [1] NCCL INFO New proxy send connection 4 from local rank 1, transport 0
MOC-R4PCC04U05:590523:590674 [1] NCCL INFO Connected to proxy localRank 1 -> connection 0x7f4530005110
MOC-R4PCC04U05:590525:590666 [3] NCCL INFO New proxy recv connection 1 from local rank 3, transport 0
MOC-R4PCC04U05:590523:590667 [1] NCCL INFO New proxy send connection 5 from local rank 1, transport 0
MOC-R4PCC04U05:590525:590676 [3] NCCL INFO Connected to proxy localRank 3 -> connection 0x7f288c004fa8
MOC-R4PCC04U05:590523:590674 [1] NCCL INFO Connected to proxy localRank 1 -> connection 0x7f4530005188
MOC-R4PCC04U05:590522:590671 [0] NCCL INFO New proxy send connection 3 from local rank 0, transport 0
MOC-R4PCC04U05:590522:590675 [0] NCCL INFO Connected to proxy localRank 0 -> connection 0x7f6dec005098
MOC-R4PCC04U05:590525:590666 [3] NCCL INFO New proxy recv connection 2 from local rank 3, transport 0
MOC-R4PCC04U05:590525:590676 [3] NCCL INFO Connected to proxy localRank 3 -> connection 0x7f288c005020
MOC-R4PCC04U05:590523:590667 [1] NCCL INFO New proxy send connection 6 from local rank 1, transport 0
MOC-R4PCC04U05:590523:590674 [1] NCCL INFO Connected to proxy localRank 1 -> connection 0x7f4530005200
MOC-R4PCC04U05:590525:590666 [3] NCCL INFO New proxy recv connection 3 from local rank 3, transport 0
MOC-R4PCC04U05:590525:590676 [3] NCCL INFO Connected to proxy localRank 3 -> connection 0x7f288c005098
MOC-R4PCC04U05:590523:590667 [1] NCCL INFO New proxy send connection 7 from local rank 1, transport 0
MOC-R4PCC04U05:590523:590674 [1] NCCL INFO Connected to proxy localRank 1 -> connection 0x7f4530005278
MOC-R4PCC04U05:590525:590676 [3] NCCL INFO GPU Direct RDMA Enabled for GPU 3 / HCA 1 (distance 5 <= 5), read 1 mode Default
MOC-R4PCC04U05:590524:590665 [2] NCCL INFO New proxy recv connection 0 from local rank 2, transport 2
MOC-R4PCC04U05:590524:590665 [2] NCCL INFO New proxy send connection 1 from local rank 3, transport 2
MOC-R4PCC04U05:590524:590673 [2] NCCL INFO Connected to proxy localRank 2 -> connection 0x7f7a34004f30
MOC-R4PCC04U05:590525:590676 [3] NCCL INFO Connected to proxy localRank 2 -> connection 0x7f7a34004fa8
MOC-R4PCC04U05:590524:590673 [2] NCCL INFO Channel 00/0 : 11[3] -> 2[2] [receive] via NET/IB/1/GDRDMA
MOC-R4PCC04U05:590524:590673 [2] NCCL INFO GPU Direct RDMA Enabled for GPU 2 / HCA 1 (distance 5 <= 5), read 0 mode Default
MOC-R4PCC04U05:590525:590676 [3] NCCL INFO Channel 00/0 : 3[3] -> 6[2] [send] via NET/IB/1(2)/GDRDMA
MOC-R4PCC04U05:590525:590676 [3] NCCL INFO GPU Direct RDMA Enabled for GPU 3 / HCA 1 (distance 5 <= 5), read 1 mode Default
MOC-R4PCC04U05:590524:590665 [2] NCCL INFO New proxy recv connection 2 from local rank 2, transport 2
MOC-R4PCC04U05:590524:590673 [2] NCCL INFO Connected to proxy localRank 2 -> connection 0x7f7a34005020
MOC-R4PCC04U05:590524:590665 [2] NCCL INFO New proxy send connection 3 from local rank 3, transport 2
MOC-R4PCC04U05:590525:590676 [3] NCCL INFO Connected to proxy localRank 2 -> connection 0x7f7a34005098
MOC-R4PCC04U05:590524:590673 [2] NCCL INFO Channel 01/0 : 11[3] -> 2[2] [receive] via NET/IB/1/GDRDMA
MOC-R4PCC04U05:590524:590673 [2] NCCL INFO GPU Direct RDMA Enabled for GPU 2 / HCA 1 (distance 5 <= 5), read 0 mode Default
MOC-R4PCC04U05:590525:590676 [3] NCCL INFO Channel 01/0 : 3[3] -> 6[2] [send] via NET/IB/1(2)/GDRDMA
MOC-R4PCC04U05:590525:590676 [3] NCCL INFO GPU Direct RDMA Enabled for GPU 3 / HCA 1 (distance 5 <= 5), read 1 mode Default
MOC-R4PCC04U05:590524:590665 [2] NCCL INFO New proxy recv connection 4 from local rank 2, transport 2
MOC-R4PCC04U05:590524:590673 [2] NCCL INFO Connected to proxy localRank 2 -> connection 0x7f7a34005110
MOC-R4PCC04U05:590524:590665 [2] NCCL INFO New proxy send connection 5 from local rank 3, transport 2
MOC-R4PCC04U05:590525:590676 [3] NCCL INFO Connected to proxy localRank 2 -> connection 0x7f7a34005188
MOC-R4PCC04U05:590524:590673 [2] NCCL INFO Channel 02/0 : 11[3] -> 2[2] [receive] via NET/IB/1/GDRDMA
MOC-R4PCC04U05:590524:590673 [2] NCCL INFO GPU Direct RDMA Enabled for GPU 2 / HCA 1 (distance 5 <= 5), read 0 mode Default
MOC-R4PCC04U05:590525:590676 [3] NCCL INFO Channel 02/0 : 3[3] -> 6[2] [send] via NET/IB/1(2)/GDRDMA
MOC-R4PCC04U05:590525:590676 [3] NCCL INFO GPU Direct RDMA Enabled for GPU 3 / HCA 1 (distance 5 <= 5), read 1 mode Default
MOC-R4PCC04U05:590524:590665 [2] NCCL INFO New proxy recv connection 6 from local rank 2, transport 2
MOC-R4PCC04U05:590524:590673 [2] NCCL INFO Connected to proxy localRank 2 -> connection 0x7f7a34005200
MOC-R4PCC04U05:590524:590665 [2] NCCL INFO New proxy send connection 7 from local rank 3, transport 2
MOC-R4PCC04U05:590525:590676 [3] NCCL INFO Connected to proxy localRank 2 -> connection 0x7f7a34005278
MOC-R4PCC04U05:590524:590673 [2] NCCL INFO Channel 03/0 : 11[3] -> 2[2] [receive] via NET/IB/1/GDRDMA
MOC-R4PCC04U05:590525:590676 [3] NCCL INFO Channel 03/0 : 3[3] -> 6[2] [send] via NET/IB/1(2)/GDRDMA
MOC-R4PCC04U05:590522:590671 [0] NCCL INFO New proxy recv connection 4 from local rank 0, transport 0
MOC-R4PCC04U05:590522:590675 [0] NCCL INFO Connected to proxy localRank 0 -> connection 0x7f6dec005110
MOC-R4PCC04U05:590522:590671 [0] NCCL INFO New proxy recv connection 5 from local rank 0, transport 0
MOC-R4PCC04U05:590522:590675 [0] NCCL INFO Connected to proxy localRank 0 -> connection 0x7f6dec005188
MOC-R4PCC04U05:590522:590671 [0] NCCL INFO New proxy recv connection 6 from local rank 0, transport 0
MOC-R4PCC04U05:590522:590675 [0] NCCL INFO Connected to proxy localRank 0 -> connection 0x7f6dec005200
MOC-R4PCC04U05:590522:590671 [0] NCCL INFO New proxy recv connection 7 from local rank 0, transport 0
MOC-R4PCC04U05:590522:590675 [0] NCCL INFO Connected to proxy localRank 0 -> connection 0x7f6dec005278
MOC-R4PCC04U05:590525:590666 [3] NCCL INFO New proxy send connection 4 from local rank 0, transport 0
MOC-R4PCC04U05:590522:590675 [0] NCCL INFO Connected to proxy localRank 3 -> connection 0x7f288c005110
MOC-R4PCC04U05:590524:590665 [2] NCCL INFO New proxy send connection 8 from local rank 2, transport 0
MOC-R4PCC04U05:590524:590673 [2] NCCL INFO Connected to proxy localRank 2 -> connection 0x7f7a340052f0
MOC-R4PCC04U05:590524:590665 [2] NCCL INFO New proxy send connection 9 from local rank 2, transport 0
MOC-R4PCC04U05:590524:590673 [2] NCCL INFO Connected to proxy localRank 2 -> connection 0x7f7a34005368
MOC-R4PCC04U05:590524:590665 [2] NCCL INFO New proxy send connection 10 from local rank 2, transport 0
MOC-R4PCC04U05:590524:590673 [2] NCCL INFO Connected to proxy localRank 2 -> connection 0x7f7a340053e0
MOC-R4PCC04U05:590524:590665 [2] NCCL INFO New proxy send connection 11 from local rank 2, transport 0
MOC-R4PCC04U05:590524:590673 [2] NCCL INFO Connected to proxy localRank 2 -> connection 0x7f7a34005458
MOC-R4PCC04U05:590522:590671 [0] NCCL INFO New proxy send connection 8 from local rank 1, transport 0
MOC-R4PCC04U05:590523:590674 [1] NCCL INFO Connected to proxy localRank 0 -> connection 0x7f6dec0052f0
MOC-R4PCC04U05:590523:590667 [1] NCCL INFO New proxy send connection 8 from local rank 2, transport 0
MOC-R4PCC04U05:590524:590673 [2] NCCL INFO Connected to proxy localRank 1 -> connection 0x7f45300052f0
MOC-R4PCC04U05:590522:590671 [0] NCCL INFO New proxy send connection 9 from local rank 3, transport 0
MOC-R4PCC04U05:590525:590676 [3] NCCL INFO Connected to proxy localRank 0 -> connection 0x7f6dec005368
MOC-R4PCC04U05:590524:590665 [2] NCCL INFO New proxy send connection 12 from local rank 1, transport 0
MOC-R4PCC04U05:590523:590674 [1] NCCL INFO Connected to proxy localRank 2 -> connection 0x7f7a340054d0
MOC-R4PCC04U05:590524:590665 [2] NCCL INFO NET/IB: NCCL Dev 1 IbDev 0 Port 1 qpn 9518 mtu 3 query_ece={supported=1, vendor_id=0x15b3, options=0x30000002, comp_mask=0x0} GID 3 (0/C132A8C0FFFF0000) fifoRkey=0x180dcc fifoLkey=0x180dcc
MOC-R4PCC04U05:590524:590665 [2] NCCL INFO NET/IB: IbDev 0 Port 1 qpn 9254 set_ece={supported=1, vendor_id=0x15b3, options=0x0, comp_mask=0x0}
MOC-R4PCC04U05:590523:590667 [1] NCCL INFO New proxy send connection 9 from local rank 0, transport 0
MOC-R4PCC04U05:590522:590675 [0] NCCL INFO Connected to proxy localRank 1 -> connection 0x7f4530005368
MOC-R4PCC04U05:590524:590665 [2] NCCL INFO New proxy send connection 13 from local rank 3, transport 0
MOC-R4PCC04U05:590525:590676 [3] NCCL INFO Connected to proxy localRank 2 -> connection 0x7f7a34005548
MOC-R4PCC04U05:590524:590665 [2] NCCL INFO NET/IB: NCCL Dev 1 IbDev 0 Port 1 qpn 9521 mtu 3 query_ece={supported=1, vendor_id=0x15b3, options=0x30000002, comp_mask=0x0} GID 3 (0/C132A8C0FFFF0000) fifoRkey=0x17f1b0 fifoLkey=0x17f1b0
MOC-R4PCC04U05:590524:590665 [2] NCCL INFO NET/IB: NCCL Dev 1 IbDev 0 Port 1 qpn 9522 mtu 3 query_ece={supported=1, vendor_id=0x15b3, options=0x30000002, comp_mask=0x0} GID 3 (0/C132A8C0FFFF0000) fifoRkey=0x17b878 fifoLkey=0x17b878
MOC-R4PCC04U05:590524:590665 [2] NCCL INFO NET/IB: NCCL Dev 1 IbDev 0 Port 1 qpn 9523 mtu 3 query_ece={supported=1, vendor_id=0x15b3, options=0x30000002, comp_mask=0x0} GID 3 (0/C132A8C0FFFF0000) fifoRkey=0x17f9b8 fifoLkey=0x17f9b8
MOC-R4PCC04U05:590524:590665 [2] NCCL INFO NET/IB: IbDev 0 Port 1 qpn 9258 set_ece={supported=1, vendor_id=0x15b3, options=0x0, comp_mask=0x0}
MOC-R4PCC04U05:590524:590665 [2] NCCL INFO NET/IB: IbDev 0 Port 1 qpn 9260 set_ece={supported=1, vendor_id=0x15b3, options=0x0, comp_mask=0x0}
MOC-R4PCC04U05:590524:590665 [2] NCCL INFO NET/IB: IbDev 0 Port 1 qpn 9262 set_ece={supported=1, vendor_id=0x15b3, options=0x0, comp_mask=0x0}
num decayed parameter tensors: 50, with 124,318,464 parameters
num non-decayed parameter tensors: 98, with 121,344 parameters
using fused AdamW: False
using regular AdamW
MOC-R4PCC04U05:590525:590666 [3] NCCL INFO New proxy recv connection 5 from local rank 3, transport 0
MOC-R4PCC04U05:590525:591366 [3] NCCL INFO Connected to proxy localRank 3 -> connection 0x7f288c005188
MOC-R4PCC04U05:590525:590666 [3] NCCL INFO New proxy recv connection 6 from local rank 3, transport 0
MOC-R4PCC04U05:590525:591366 [3] NCCL INFO Connected to proxy localRank 3 -> connection 0x7f288c005200
MOC-R4PCC04U05:590525:590666 [3] NCCL INFO New proxy recv connection 7 from local rank 3, transport 0
MOC-R4PCC04U05:590525:591366 [3] NCCL INFO Connected to proxy localRank 3 -> connection 0x7f288c005278
MOC-R4PCC04U05:590525:590666 [3] NCCL INFO New proxy recv connection 8 from local rank 3, transport 0
MOC-R4PCC04U05:590525:591366 [3] NCCL INFO Connected to proxy localRank 3 -> connection 0x7f288c0052f0
MOC-R4PCC04U05:590523:590667 [1] NCCL INFO New proxy recv connection 10 from local rank 1, transport 0
MOC-R4PCC04U05:590523:591367 [1] NCCL INFO Connected to proxy localRank 1 -> connection 0x7f45300053e0
MOC-R4PCC04U05:590523:590667 [1] NCCL INFO New proxy recv connection 11 from local rank 1, transport 0
MOC-R4PCC04U05:590523:591367 [1] NCCL INFO Connected to proxy localRank 1 -> connection 0x7f4530005458
MOC-R4PCC04U05:590523:590667 [1] NCCL INFO New proxy recv connection 12 from local rank 1, transport 0
MOC-R4PCC04U05:590523:591367 [1] NCCL INFO Connected to proxy localRank 1 -> connection 0x7f45300054d0
MOC-R4PCC04U05:590523:590667 [1] NCCL INFO New proxy recv connection 13 from local rank 1, transport 0
MOC-R4PCC04U05:590523:591367 [1] NCCL INFO Connected to proxy localRank 1 -> connection 0x7f4530005548
MOC-R4PCC04U05:590522:590671 [0] NCCL INFO New proxy send connection 10 from local rank 0, transport 0
MOC-R4PCC04U05:590522:591368 [0] NCCL INFO Connected to proxy localRank 0 -> connection 0x7f6dec0053e0
MOC-R4PCC04U05:590522:590671 [0] NCCL INFO New proxy send connection 11 from local rank 0, transport 0
MOC-R4PCC04U05:590522:591368 [0] NCCL INFO Connected to proxy localRank 0 -> connection 0x7f6dec005458
MOC-R4PCC04U05:590522:590671 [0] NCCL INFO New proxy send connection 12 from local rank 0, transport 0
MOC-R4PCC04U05:590522:591368 [0] NCCL INFO Connected to proxy localRank 0 -> connection 0x7f6dec0054d0
MOC-R4PCC04U05:590522:590671 [0] NCCL INFO New proxy send connection 13 from local rank 0, transport 0
MOC-R4PCC04U05:590522:591368 [0] NCCL INFO Connected to proxy localRank 0 -> connection 0x7f6dec005548
MOC-R4PCC04U05:590522:590671 [0] NCCL INFO New proxy recv connection 14 from local rank 0, transport 0
MOC-R4PCC04U05:590522:591368 [0] NCCL INFO Connected to proxy localRank 0 -> connection 0x7f6dec0055c0
MOC-R4PCC04U05:590524:590665 [2] NCCL INFO New proxy send connection 14 from local rank 2, transport 0
MOC-R4PCC04U05:590524:591369 [2] NCCL INFO Connected to proxy localRank 2 -> connection 0x7f7a340055c0
MOC-R4PCC04U05:590522:590671 [0] NCCL INFO New proxy recv connection 15 from local rank 0, transport 0
MOC-R4PCC04U05:590522:591368 [0] NCCL INFO Connected to proxy localRank 0 -> connection 0x7f6dec005638
MOC-R4PCC04U05:590524:590665 [2] NCCL INFO New proxy send connection 15 from local rank 2, transport 0
MOC-R4PCC04U05:590522:590671 [0] NCCL INFO New proxy recv connection 16 from local rank 0, transport 0
MOC-R4PCC04U05:590524:591369 [2] NCCL INFO Connected to proxy localRank 2 -> connection 0x7f7a34005638
MOC-R4PCC04U05:590522:591368 [0] NCCL INFO Connected to proxy localRank 0 -> connection 0x7f6dec0056b0
MOC-R4PCC04U05:590524:590665 [2] NCCL INFO New proxy send connection 16 from local rank 2, transport 0
MOC-R4PCC04U05:590524:591369 [2] NCCL INFO Connected to proxy localRank 2 -> connection 0x7f7a340056b0
MOC-R4PCC04U05:590522:590671 [0] NCCL INFO New proxy recv connection 17 from local rank 0, transport 0
MOC-R4PCC04U05:590522:591368 [0] NCCL INFO Connected to proxy localRank 0 -> connection 0x7f6dec005728
MOC-R4PCC04U05:590524:590665 [2] NCCL INFO New proxy send connection 17 from local rank 2, transport 0
MOC-R4PCC04U05:590524:591369 [2] NCCL INFO Connected to proxy localRank 2 -> connection 0x7f7a34005728
MOC-R4PCC04U05:590524:591369 [2] NCCL INFO GPU Direct RDMA Enabled for GPU 2 / HCA 1 (distance 5 <= 5), read 0 mode Default
MOC-R4PCC04U05:590524:590665 [2] NCCL INFO New proxy recv connection 18 from local rank 2, transport 2
MOC-R4PCC04U05:590524:591369 [2] NCCL INFO Connected to proxy localRank 2 -> connection 0x7f7a340057a0
MOC-R4PCC04U05:590525:590666 [3] NCCL INFO New proxy send connection 9 from local rank 3, transport 0
MOC-R4PCC04U05:590525:591366 [3] NCCL INFO Connected to proxy localRank 3 -> connection 0x7f288c005368
MOC-R4PCC04U05:590524:591369 [2] NCCL INFO Channel 00/0 : 10[2] -> 2[2] [receive] via NET/IB/1/GDRDMA
MOC-R4PCC04U05:590524:591369 [2] NCCL INFO GPU Direct RDMA Enabled for GPU 2 / HCA 1 (distance 5 <= 5), read 0 mode Default
MOC-R4PCC04U05:590524:590665 [2] NCCL INFO New proxy recv connection 19 from local rank 2, transport 2
MOC-R4PCC04U05:590524:591369 [2] NCCL INFO Connected to proxy localRank 2 -> connection 0x7f7a34005818
MOC-R4PCC04U05:590524:591369 [2] NCCL INFO Channel 01/0 : 10[2] -> 2[2] [receive] via NET/IB/1/GDRDMA
MOC-R4PCC04U05:590524:591369 [2] NCCL INFO GPU Direct RDMA Enabled for GPU 2 / HCA 1 (distance 5 <= 5), read 0 mode Default
MOC-R4PCC04U05:590524:590665 [2] NCCL INFO New proxy recv connection 20 from local rank 2, transport 2
MOC-R4PCC04U05:590524:591369 [2] NCCL INFO Connected to proxy localRank 2 -> connection 0x7f7a34005890
MOC-R4PCC04U05:590524:591369 [2] NCCL INFO Channel 02/0 : 10[2] -> 2[2] [receive] via NET/IB/1/GDRDMA
MOC-R4PCC04U05:590524:591369 [2] NCCL INFO GPU Direct RDMA Enabled for GPU 2 / HCA 1 (distance 5 <= 5), read 0 mode Default
MOC-R4PCC04U05:590524:590665 [2] NCCL INFO New proxy recv connection 21 from local rank 2, transport 2
MOC-R4PCC04U05:590524:591369 [2] NCCL INFO Connected to proxy localRank 2 -> connection 0x7f7a34005908
MOC-R4PCC04U05:590524:591369 [2] NCCL INFO Channel 03/0 : 10[2] -> 2[2] [receive] via NET/IB/1/GDRDMA
MOC-R4PCC04U05:590524:591369 [2] NCCL INFO GPU Direct RDMA Enabled for GPU 2 / HCA 1 (distance 5 <= 5), read 1 mode Default
MOC-R4PCC04U05:590524:590665 [2] NCCL INFO New proxy send connection 22 from local rank 2, transport 2
MOC-R4PCC04U05:590524:591369 [2] NCCL INFO Connected to proxy localRank 2 -> connection 0x7f7a34005980
MOC-R4PCC04U05:590524:591369 [2] NCCL INFO Channel 02/0 : 2[2] -> 6[2] [send] via NET/IB/1/GDRDMA
MOC-R4PCC04U05:590524:591369 [2] NCCL INFO GPU Direct RDMA Enabled for GPU 2 / HCA 1 (distance 5 <= 5), read 1 mode Default
MOC-R4PCC04U05:590524:590665 [2] NCCL INFO New proxy send connection 23 from local rank 2, transport 2
MOC-R4PCC04U05:590524:591369 [2] NCCL INFO Connected to proxy localRank 2 -> connection 0x7f7a340059f8
MOC-R4PCC04U05:590524:591369 [2] NCCL INFO Channel 03/0 : 2[2] -> 6[2] [send] via NET/IB/1/GDRDMA
MOC-R4PCC04U05:590525:590666 [3] NCCL INFO New proxy send connection 10 from local rank 3, transport 0
MOC-R4PCC04U05:590525:591366 [3] NCCL INFO Connected to proxy localRank 3 -> connection 0x7f288c0053e0
MOC-R4PCC04U05:590525:590666 [3] NCCL INFO New proxy send connection 11 from local rank 3, transport 0
MOC-R4PCC04U05:590525:591366 [3] NCCL INFO Connected to proxy localRank 3 -> connection 0x7f288c005458
MOC-R4PCC04U05:590525:590666 [3] NCCL INFO New proxy send connection 12 from local rank 3, transport 0
MOC-R4PCC04U05:590525:591366 [3] NCCL INFO Connected to proxy localRank 3 -> connection 0x7f288c0054d0
MOC-R4PCC04U05:590525:590666 [3] NCCL INFO New proxy send connection 13 from local rank 3, transport 0
MOC-R4PCC04U05:590525:591366 [3] NCCL INFO Connected to proxy localRank 3 -> connection 0x7f288c005548
MOC-R4PCC04U05:590525:590666 [3] NCCL INFO New proxy send connection 14 from local rank 3, transport 0
MOC-R4PCC04U05:590525:591366 [3] NCCL INFO Connected to proxy localRank 3 -> connection 0x7f288c0055c0
MOC-R4PCC04U05:590525:590666 [3] NCCL INFO New proxy send connection 15 from local rank 3, transport 0
MOC-R4PCC04U05:590525:591366 [3] NCCL INFO Connected to proxy localRank 3 -> connection 0x7f288c005638
MOC-R4PCC04U05:590525:590666 [3] NCCL INFO New proxy send connection 16 from local rank 3, transport 0
MOC-R4PCC04U05:590525:591366 [3] NCCL INFO Connected to proxy localRank 3 -> connection 0x7f288c0056b0
MOC-R4PCC04U05:590524:591369 [2] NCCL INFO GPU Direct RDMA Enabled for GPU 2 / HCA 1 (distance 5 <= 5), read 0 mode Default
MOC-R4PCC04U05:590524:590665 [2] NCCL INFO New proxy recv connection 24 from local rank 2, transport 2
MOC-R4PCC04U05:590524:591369 [2] NCCL INFO Connected to proxy localRank 2 -> connection 0x7f7a34005a70
MOC-R4PCC04U05:590524:591369 [2] NCCL INFO Channel 02/0 : 6[2] -> 2[2] [receive] via NET/IB/1/GDRDMA
MOC-R4PCC04U05:590524:591369 [2] NCCL INFO GPU Direct RDMA Enabled for GPU 2 / HCA 1 (distance 5 <= 5), read 0 mode Default
MOC-R4PCC04U05:590524:590665 [2] NCCL INFO New proxy recv connection 25 from local rank 2, transport 2
MOC-R4PCC04U05:590524:591369 [2] NCCL INFO Connected to proxy localRank 2 -> connection 0x7f7a34005ae8
MOC-R4PCC04U05:590524:591369 [2] NCCL INFO Channel 03/0 : 6[2] -> 2[2] [receive] via NET/IB/1/GDRDMA
MOC-R4PCC04U05:590524:591369 [2] NCCL INFO GPU Direct RDMA Enabled for GPU 2 / HCA 1 (distance 5 <= 5), read 1 mode Default
MOC-R4PCC04U05:590524:590665 [2] NCCL INFO New proxy send connection 26 from local rank 2, transport 2
MOC-R4PCC04U05:590524:591369 [2] NCCL INFO Connected to proxy localRank 2 -> connection 0x7f7a34005b60
MOC-R4PCC04U05:590524:591369 [2] NCCL INFO Channel 00/0 : 2[2] -> 10[2] [send] via NET/IB/1/GDRDMA
MOC-R4PCC04U05:590524:591369 [2] NCCL INFO GPU Direct RDMA Enabled for GPU 2 / HCA 1 (distance 5 <= 5), read 1 mode Default
MOC-R4PCC04U05:590524:590665 [2] NCCL INFO New proxy send connection 27 from local rank 2, transport 2
MOC-R4PCC04U05:590524:591369 [2] NCCL INFO Connected to proxy localRank 2 -> connection 0x7f7a34005bd8
MOC-R4PCC04U05:590524:591369 [2] NCCL INFO Channel 01/0 : 2[2] -> 10[2] [send] via NET/IB/1/GDRDMA
MOC-R4PCC04U05:590524:591369 [2] NCCL INFO GPU Direct RDMA Enabled for GPU 2 / HCA 1 (distance 5 <= 5), read 1 mode Default
MOC-R4PCC04U05:590524:590665 [2] NCCL INFO New proxy send connection 28 from local rank 2, transport 2
MOC-R4PCC04U05:590524:591369 [2] NCCL INFO Connected to proxy localRank 2 -> connection 0x7f7a34005c50
MOC-R4PCC04U05:590524:591369 [2] NCCL INFO Channel 02/0 : 2[2] -> 10[2] [send] via NET/IB/1/GDRDMA
MOC-R4PCC04U05:590524:591369 [2] NCCL INFO GPU Direct RDMA Enabled for GPU 2 / HCA 1 (distance 5 <= 5), read 1 mode Default
MOC-R4PCC04U05:590524:590665 [2] NCCL INFO New proxy send connection 29 from local rank 2, transport 2
MOC-R4PCC04U05:590524:591369 [2] NCCL INFO Connected to proxy localRank 2 -> connection 0x7f7a34005cc8
MOC-R4PCC04U05:590524:591369 [2] NCCL INFO Channel 03/0 : 2[2] -> 10[2] [send] via NET/IB/1/GDRDMA
MOC-R4PCC04U05:590524:590665 [2] NCCL INFO New proxy recv connection 30 from local rank 2, transport 0
MOC-R4PCC04U05:590524:591369 [2] NCCL INFO Connected to proxy localRank 2 -> connection 0x7f7a34005d40
MOC-R4PCC04U05:590524:590665 [2] NCCL INFO New proxy recv connection 31 from local rank 2, transport 0
MOC-R4PCC04U05:590524:591369 [2] NCCL INFO Connected to proxy localRank 2 -> connection 0x7f7a34005db8
MOC-R4PCC04U05:590524:590665 [2] NCCL INFO New proxy recv connection 32 from local rank 2, transport 0
MOC-R4PCC04U05:590524:591369 [2] NCCL INFO Connected to proxy localRank 2 -> connection 0x7f7a34005e30
MOC-R4PCC04U05:590524:590665 [2] NCCL INFO New proxy recv connection 33 from local rank 2, transport 0
MOC-R4PCC04U05:590524:591369 [2] NCCL INFO Connected to proxy localRank 2 -> connection 0x7f7a34005ea8
MOC-R4PCC04U05:590525:590666 [3] NCCL INFO New proxy send connection 17 from local rank 2, transport 0
MOC-R4PCC04U05:590524:591369 [2] NCCL INFO Connected to proxy localRank 3 -> connection 0x7f288c005728
MOC-R4PCC04U05:590524:590665 [2] NCCL INFO NET/IB: NCCL Dev 1 IbDev 0 Port 1 qpn 9528 mtu 3 query_ece={supported=1, vendor_id=0x15b3, options=0x30000002, comp_mask=0x0} GID 3 (0/C132A8C0FFFF0000) fifoRkey=0x17e1a0 fifoLkey=0x17e1a0
MOC-R4PCC04U05:590524:590665 [2] NCCL INFO NET/IB: IbDev 0 Port 1 qpn 6576 set_ece={supported=1, vendor_id=0x15b3, options=0x0, comp_mask=0x0}
MOC-R4PCC04U05:590524:590665 [2] NCCL INFO NET/IB: NCCL Dev 1 IbDev 0 Port 1 qpn 9533 mtu 3 query_ece={supported=1, vendor_id=0x15b3, options=0x30000002, comp_mask=0x0} GID 3 (0/C132A8C0FFFF0000) fifoRkey=0x17b372 fifoLkey=0x17b372
MOC-R4PCC04U05:590524:590665 [2] NCCL INFO NET/IB: NCCL Dev 1 IbDev 0 Port 1 qpn 9534 mtu 3 query_ece={supported=1, vendor_id=0x15b3, options=0x30000002, comp_mask=0x0} GID 3 (0/C132A8C0FFFF0000) fifoRkey=0x17b979 fifoLkey=0x17b979
MOC-R4PCC04U05:590524:590665 [2] NCCL INFO NET/IB: IbDev 0 Port 1 qpn 6578 set_ece={supported=1, vendor_id=0x15b3, options=0x0, comp_mask=0x0}
MOC-R4PCC04U05:590524:590665 [2] NCCL INFO NET/IB: IbDev 0 Port 1 qpn 6580 set_ece={supported=1, vendor_id=0x15b3, options=0x0, comp_mask=0x0}
MOC-R4PCC04U05:590524:590665 [2] NCCL INFO NET/IB: NCCL Dev 1 IbDev 0 Port 1 qpn 9535 mtu 3 query_ece={supported=1, vendor_id=0x15b3, options=0x30000002, comp_mask=0x0} GID 3 (0/C132A8C0FFFF0000) fifoRkey=0x1801c0 fifoLkey=0x1801c0
MOC-R4PCC04U05:590524:590665 [2] NCCL INFO NET/IB: IbDev 0 Port 1 qpn 6582 set_ece={supported=1, vendor_id=0x15b3, options=0x0, comp_mask=0x0}
MOC-R4PCC04U05:590524:590665 [2] NCCL INFO NET/IB: NCCL Dev 1 IbDev 0 Port 1 qpn 9536 mtu 3 query_ece={supported=1, vendor_id=0x15b3, options=0x30000002, comp_mask=0x0} GID 3 (0/C132A8C0FFFF0000) fifoRkey=0x17601f fifoLkey=0x17601f
MOC-R4PCC04U05:590524:590665 [2] NCCL INFO NET/IB: NCCL Dev 1 IbDev 0 Port 1 qpn 9537 mtu 3 query_ece={supported=1, vendor_id=0x15b3, options=0x30000002, comp_mask=0x0} GID 3 (0/C132A8C0FFFF0000) fifoRkey=0x179c5b fifoLkey=0x179c5b
MOC-R4PCC04U05:590524:590665 [2] NCCL INFO NET/IB: IbDev 0 Port 1 qpn 9268 set_ece={supported=1, vendor_id=0x15b3, options=0x0, comp_mask=0x0}
MOC-R4PCC04U05:590524:590665 [2] NCCL INFO NET/IB: IbDev 0 Port 1 qpn 9270 set_ece={supported=1, vendor_id=0x15b3, options=0x0, comp_mask=0x0}
step    1/10 | train loss 11.009953 | norm 15.3599 | lr 1.00e-04 | (14693.63 ms | 240849 tok/s)
step    2/10 | train loss 10.140255 | norm 5.7283 | lr 1.00e-04 | (741.68 ms | 4771532 tok/s)
step    3/10 | train loss 9.800491 | norm 2.5995 | lr 1.00e-04 | (738.16 ms | 4794257 tok/s)
step    4/10 | train loss 9.631882 | norm 2.1038 | lr 1.00e-04 | (740.77 ms | 4777416 tok/s)
step    5/10 | train loss 9.549378 | norm 2.0982 | lr 1.00e-04 | (744.19 ms | 4755420 tok/s)
step    6/10 | train loss 9.468866 | norm 1.9907 | lr 1.00e-04 | (739.58 ms | 4785061 tok/s)
step    7/10 | train loss 9.384037 | norm 1.9411 | lr 1.00e-04 | (740.22 ms | 4780923 tok/s)
step    8/10 | train loss 9.293345 | norm 1.9098 | lr 1.00e-04 | (739.35 ms | 4786551 tok/s)
step    9/10 | train loss 9.198841 | norm 1.8576 | lr 1.00e-04 | (741.96 ms | 4769696 tok/s)
step   10/10 | train loss 9.112999 | norm 1.7862 | lr 1.00e-04 | (742.38 ms | 4766993 tok/s)
final 9 iters avg: 740.923ms
peak memory consumption: 16601 MiB
