Running pytorch 2.7.0+cu126
using device: cuda:0
total desired batch size: 393216
=> calculated gradient accumulation steps: 1
using device: cuda:2
using device: cuda:1
using device: cuda:3
compiling the model...
DataLoader: total number of tokens: 1,661,249,667 across 103 files
MOC-R4PCC04U05:594161:594161 [0] NCCL INFO NCCL_SOCKET_IFNAME set to eno7np0
MOC-R4PCC04U05:594161:594161 [0] NCCL INFO NCCL version 2.26.2+cuda12.2
MOC-R4PCC04U05:594161:594265 [0] NCCL INFO NET/Plugin: Could not find: libnccl-net.so. Using internal net plugin.
MOC-R4PCC04U05:594161:594265 [0] NCCL INFO NET/Socket : Using [0]eno7np0:192.168.50.193<0>
MOC-R4PCC04U05:594164:594164 [3] NCCL INFO NCCL_SOCKET_IFNAME set to eno7np0
MOC-R4PCC04U05:594163:594163 [2] NCCL INFO NCCL_SOCKET_IFNAME set to eno7np0
MOC-R4PCC04U05:594163:594163 [2] NCCL INFO NCCL version 2.26.2+cuda12.2
MOC-R4PCC04U05:594164:594164 [3] NCCL INFO NCCL version 2.26.2+cuda12.2
MOC-R4PCC04U05:594162:594162 [1] NCCL INFO NCCL_SOCKET_IFNAME set to eno7np0
MOC-R4PCC04U05:594162:594162 [1] NCCL INFO NCCL version 2.26.2+cuda12.2
MOC-R4PCC04U05:594164:594287 [3] NCCL INFO NET/Plugin: Could not find: libnccl-net.so. Using internal net plugin.
MOC-R4PCC04U05:594163:594288 [2] NCCL INFO NET/Plugin: Could not find: libnccl-net.so. Using internal net plugin.
MOC-R4PCC04U05:594164:594287 [3] NCCL INFO NET/Socket : Using [0]eno7np0:192.168.50.193<0>
MOC-R4PCC04U05:594163:594288 [2] NCCL INFO NET/Socket : Using [0]eno7np0:192.168.50.193<0>
MOC-R4PCC04U05:594162:594289 [1] NCCL INFO NET/Plugin: Could not find: libnccl-net.so. Using internal net plugin.
MOC-R4PCC04U05:594162:594289 [1] NCCL INFO NET/Socket : Using [0]eno7np0:192.168.50.193<0>
MOC-R4PCC04U05:594164:594287 [3] NCCL INFO NET/Socket : GPU Direct RDMA Disabled for HCA 0 'eno7np0'
MOC-R4PCC04U05:594161:594265 [0] NCCL INFO NET/Socket : GPU Direct RDMA Disabled for HCA 0 'eno7np0'
MOC-R4PCC04U05:594163:594288 [2] NCCL INFO NET/Socket : GPU Direct RDMA Disabled for HCA 0 'eno7np0'
MOC-R4PCC04U05:594162:594289 [1] NCCL INFO NET/Socket : GPU Direct RDMA Disabled for HCA 0 'eno7np0'
MOC-R4PCC04U05:594163:594295 [2] NCCL INFO New proxy recv connection 0 from local rank 2, transport 0
MOC-R4PCC04U05:594163:594305 [2] NCCL INFO Connected to proxy localRank 2 -> connection 0x7f6988004f30
MOC-R4PCC04U05:594163:594295 [2] NCCL INFO New proxy recv connection 1 from local rank 2, transport 0
MOC-R4PCC04U05:594163:594305 [2] NCCL INFO Connected to proxy localRank 2 -> connection 0x7f6988004fa8
MOC-R4PCC04U05:594164:594298 [3] NCCL INFO New proxy recv connection 0 from local rank 3, transport 0
MOC-R4PCC04U05:594164:594306 [3] NCCL INFO Connected to proxy localRank 3 -> connection 0x7efd90004f30
MOC-R4PCC04U05:594164:594298 [3] NCCL INFO New proxy recv connection 1 from local rank 3, transport 0
MOC-R4PCC04U05:594164:594306 [3] NCCL INFO Connected to proxy localRank 3 -> connection 0x7efd90004fa8
MOC-R4PCC04U05:594161:594297 [0] NCCL INFO New proxy send connection 0 from local rank 0, transport 0
MOC-R4PCC04U05:594161:594308 [0] NCCL INFO Connected to proxy localRank 0 -> connection 0x7f8f68004f30
MOC-R4PCC04U05:594164:594298 [3] NCCL INFO New proxy send connection 2 from local rank 3, transport 2
MOC-R4PCC04U05:594164:594306 [3] NCCL INFO Connected to proxy localRank 3 -> connection 0x7efd90005020
MOC-R4PCC04U05:594164:594306 [3] NCCL INFO Channel 00/0 : 3[3] -> 6[2] [send] via NET/Socket/0
MOC-R4PCC04U05:594164:594298 [3] NCCL INFO New proxy send connection 3 from local rank 3, transport 2
MOC-R4PCC04U05:594164:594306 [3] NCCL INFO Connected to proxy localRank 3 -> connection 0x7efd90005098
MOC-R4PCC04U05:594164:594306 [3] NCCL INFO Channel 02/0 : 3[3] -> 6[2] [send] via NET/Socket/0
MOC-R4PCC04U05:594161:594297 [0] NCCL INFO New proxy send connection 1 from local rank 0, transport 0
MOC-R4PCC04U05:594161:594308 [0] NCCL INFO Connected to proxy localRank 0 -> connection 0x7f8f68004fa8
MOC-R4PCC04U05:594161:594297 [0] NCCL INFO New proxy send connection 2 from local rank 0, transport 0
MOC-R4PCC04U05:594161:594308 [0] NCCL INFO Connected to proxy localRank 0 -> connection 0x7f8f68005020
MOC-R4PCC04U05:594162:594296 [1] NCCL INFO New proxy recv connection 0 from local rank 1, transport 0
MOC-R4PCC04U05:594162:594310 [1] NCCL INFO Connected to proxy localRank 1 -> connection 0x7f37c0004f30
MOC-R4PCC04U05:594161:594297 [0] NCCL INFO New proxy send connection 3 from local rank 0, transport 0
MOC-R4PCC04U05:594161:594308 [0] NCCL INFO Connected to proxy localRank 0 -> connection 0x7f8f68005098
MOC-R4PCC04U05:594161:594297 [0] NCCL INFO New proxy recv connection 4 from local rank 0, transport 0
MOC-R4PCC04U05:594161:594308 [0] NCCL INFO Connected to proxy localRank 0 -> connection 0x7f8f68005110
MOC-R4PCC04U05:594162:594296 [1] NCCL INFO New proxy recv connection 1 from local rank 1, transport 0
MOC-R4PCC04U05:594162:594310 [1] NCCL INFO Connected to proxy localRank 1 -> connection 0x7f37c0004fa8
MOC-R4PCC04U05:594161:594297 [0] NCCL INFO New proxy recv connection 5 from local rank 0, transport 0
MOC-R4PCC04U05:594161:594308 [0] NCCL INFO Connected to proxy localRank 0 -> connection 0x7f8f68005188
MOC-R4PCC04U05:594161:594297 [0] NCCL INFO New proxy recv connection 6 from local rank 0, transport 0
MOC-R4PCC04U05:594161:594308 [0] NCCL INFO Connected to proxy localRank 0 -> connection 0x7f8f68005200
MOC-R4PCC04U05:594161:594297 [0] NCCL INFO New proxy recv connection 7 from local rank 0, transport 0
MOC-R4PCC04U05:594161:594308 [0] NCCL INFO Connected to proxy localRank 0 -> connection 0x7f8f68005278
MOC-R4PCC04U05:594163:594295 [2] NCCL INFO New proxy recv connection 2 from local rank 2, transport 2
MOC-R4PCC04U05:594163:594305 [2] NCCL INFO Connected to proxy localRank 2 -> connection 0x7f6988005020
MOC-R4PCC04U05:594163:594305 [2] NCCL INFO Channel 00/0 : 11[3] -> 2[2] [receive] via NET/Socket/0
MOC-R4PCC04U05:594163:594295 [2] NCCL INFO New proxy recv connection 3 from local rank 2, transport 2
MOC-R4PCC04U05:594163:594305 [2] NCCL INFO Connected to proxy localRank 2 -> connection 0x7f6988005098
MOC-R4PCC04U05:594163:594305 [2] NCCL INFO Channel 02/0 : 11[3] -> 2[2] [receive] via NET/Socket/0
MOC-R4PCC04U05:594164:594298 [3] NCCL INFO New proxy recv connection 4 from local rank 3, transport 2
MOC-R4PCC04U05:594164:594306 [3] NCCL INFO Connected to proxy localRank 3 -> connection 0x7efd90005110
MOC-R4PCC04U05:594164:594306 [3] NCCL INFO Channel 01/0 : 10[2] -> 3[3] [receive] via NET/Socket/0
MOC-R4PCC04U05:594164:594298 [3] NCCL INFO New proxy recv connection 5 from local rank 3, transport 2
MOC-R4PCC04U05:594164:594306 [3] NCCL INFO Connected to proxy localRank 3 -> connection 0x7efd90005188
MOC-R4PCC04U05:594164:594306 [3] NCCL INFO Channel 03/0 : 10[2] -> 3[3] [receive] via NET/Socket/0
MOC-R4PCC04U05:594164:594298 [3] NCCL INFO New proxy send connection 6 from local rank 3, transport 0
MOC-R4PCC04U05:594164:594306 [3] NCCL INFO Connected to proxy localRank 3 -> connection 0x7efd90005200
MOC-R4PCC04U05:594163:594295 [2] NCCL INFO New proxy send connection 4 from local rank 2, transport 2
MOC-R4PCC04U05:594164:594298 [3] NCCL INFO New proxy send connection 7 from local rank 3, transport 0
MOC-R4PCC04U05:594163:594305 [2] NCCL INFO Connected to proxy localRank 2 -> connection 0x7f6988005110
MOC-R4PCC04U05:594164:594306 [3] NCCL INFO Connected to proxy localRank 3 -> connection 0x7efd90005278
MOC-R4PCC04U05:594163:594305 [2] NCCL INFO Channel 01/0 : 2[2] -> 7[3] [send] via NET/Socket/0
MOC-R4PCC04U05:594163:594295 [2] NCCL INFO New proxy send connection 5 from local rank 2, transport 2
MOC-R4PCC04U05:594163:594305 [2] NCCL INFO Connected to proxy localRank 2 -> connection 0x7f6988005188
MOC-R4PCC04U05:594163:594305 [2] NCCL INFO Channel 03/0 : 2[2] -> 7[3] [send] via NET/Socket/0
MOC-R4PCC04U05:594163:594295 [2] NCCL INFO New proxy send connection 6 from local rank 2, transport 0
MOC-R4PCC04U05:594163:594305 [2] NCCL INFO Connected to proxy localRank 2 -> connection 0x7f6988005200
MOC-R4PCC04U05:594161:594297 [0] NCCL INFO New proxy send connection 8 from local rank 3, transport 0
MOC-R4PCC04U05:594164:594306 [3] NCCL INFO Connected to proxy localRank 0 -> connection 0x7f8f680052f0
MOC-R4PCC04U05:594162:594296 [1] NCCL INFO New proxy recv connection 2 from local rank 1, transport 0
MOC-R4PCC04U05:594162:594310 [1] NCCL INFO Connected to proxy localRank 1 -> connection 0x7f37c0005020
MOC-R4PCC04U05:594163:594295 [2] NCCL INFO New proxy send connection 7 from local rank 2, transport 0
MOC-R4PCC04U05:594163:594305 [2] NCCL INFO Connected to proxy localRank 2 -> connection 0x7f6988005278
MOC-R4PCC04U05:594162:594296 [1] NCCL INFO New proxy recv connection 3 from local rank 1, transport 0
MOC-R4PCC04U05:594162:594310 [1] NCCL INFO Connected to proxy localRank 1 -> connection 0x7f37c0005098
MOC-R4PCC04U05:594162:594296 [1] NCCL INFO New proxy send connection 4 from local rank 1, transport 0
MOC-R4PCC04U05:594162:594310 [1] NCCL INFO Connected to proxy localRank 1 -> connection 0x7f37c0005110
MOC-R4PCC04U05:594162:594296 [1] NCCL INFO New proxy send connection 5 from local rank 1, transport 0
MOC-R4PCC04U05:594162:594310 [1] NCCL INFO Connected to proxy localRank 1 -> connection 0x7f37c0005188
MOC-R4PCC04U05:594162:594296 [1] NCCL INFO New proxy send connection 6 from local rank 1, transport 0
MOC-R4PCC04U05:594162:594310 [1] NCCL INFO Connected to proxy localRank 1 -> connection 0x7f37c0005200
MOC-R4PCC04U05:594162:594296 [1] NCCL INFO New proxy send connection 7 from local rank 1, transport 0
MOC-R4PCC04U05:594162:594310 [1] NCCL INFO Connected to proxy localRank 1 -> connection 0x7f37c0005278
MOC-R4PCC04U05:594161:594297 [0] NCCL INFO New proxy send connection 9 from local rank 2, transport 0
MOC-R4PCC04U05:594163:594305 [2] NCCL INFO Connected to proxy localRank 0 -> connection 0x7f8f68005368
MOC-R4PCC04U05:594163:594295 [2] NCCL INFO New proxy send connection 8 from local rank 0, transport 0
MOC-R4PCC04U05:594161:594308 [0] NCCL INFO Connected to proxy localRank 2 -> connection 0x7f69880052f0
MOC-R4PCC04U05:594164:594298 [3] NCCL INFO New proxy send connection 8 from local rank 1, transport 0
MOC-R4PCC04U05:594162:594310 [1] NCCL INFO Connected to proxy localRank 3 -> connection 0x7efd900052f0
MOC-R4PCC04U05:594162:594296 [1] NCCL INFO New proxy send connection 8 from local rank 3, transport 0
MOC-R4PCC04U05:594164:594306 [3] NCCL INFO Connected to proxy localRank 1 -> connection 0x7f37c00052f0
MOC-R4PCC04U05:594162:594296 [1] NCCL INFO New proxy send connection 9 from local rank 2, transport 0
MOC-R4PCC04U05:594163:594305 [2] NCCL INFO Connected to proxy localRank 1 -> connection 0x7f37c0005368
MOC-R4PCC04U05:594164:594298 [3] NCCL INFO New proxy send connection 9 from local rank 0, transport 0
MOC-R4PCC04U05:594161:594308 [0] NCCL INFO Connected to proxy localRank 3 -> connection 0x7efd90005368
MOC-R4PCC04U05:594161:594297 [0] NCCL INFO New proxy send connection 10 from local rank 1, transport 0
MOC-R4PCC04U05:594162:594310 [1] NCCL INFO Connected to proxy localRank 0 -> connection 0x7f8f680053e0
MOC-R4PCC04U05:594163:594295 [2] NCCL INFO New proxy send connection 9 from local rank 1, transport 0
MOC-R4PCC04U05:594162:594310 [1] NCCL INFO Connected to proxy localRank 2 -> connection 0x7f6988005368
MOC-R4PCC04U05:594162:594296 [1] NCCL INFO New proxy send connection 10 from local rank 0, transport 0
MOC-R4PCC04U05:594161:594308 [0] NCCL INFO Connected to proxy localRank 1 -> connection 0x7f37c00053e0
num decayed parameter tensors: 50, with 124,318,464 parameters
num non-decayed parameter tensors: 98, with 121,344 parameters
using fused AdamW: False
using regular AdamW
MOC-R4PCC04U05:594164:594298 [3] NCCL INFO New proxy recv connection 10 from local rank 3, transport 0
MOC-R4PCC04U05:594164:595009 [3] NCCL INFO Connected to proxy localRank 3 -> connection 0x7efd900053e0
MOC-R4PCC04U05:594164:594298 [3] NCCL INFO New proxy recv connection 11 from local rank 3, transport 0
MOC-R4PCC04U05:594164:595009 [3] NCCL INFO Connected to proxy localRank 3 -> connection 0x7efd90005458
MOC-R4PCC04U05:594163:594295 [2] NCCL INFO New proxy recv connection 10 from local rank 2, transport 0
MOC-R4PCC04U05:594163:595010 [2] NCCL INFO Connected to proxy localRank 2 -> connection 0x7f69880053e0
MOC-R4PCC04U05:594163:594295 [2] NCCL INFO New proxy recv connection 11 from local rank 2, transport 0
MOC-R4PCC04U05:594163:595010 [2] NCCL INFO Connected to proxy localRank 2 -> connection 0x7f6988005458
MOC-R4PCC04U05:594163:594295 [2] NCCL INFO New proxy recv connection 12 from local rank 2, transport 0
MOC-R4PCC04U05:594163:595010 [2] NCCL INFO Connected to proxy localRank 2 -> connection 0x7f69880054d0
MOC-R4PCC04U05:594163:594295 [2] NCCL INFO New proxy recv connection 13 from local rank 2, transport 0
MOC-R4PCC04U05:594163:595010 [2] NCCL INFO Connected to proxy localRank 2 -> connection 0x7f6988005548
MOC-R4PCC04U05:594161:594297 [0] NCCL INFO New proxy send connection 11 from local rank 0, transport 0
MOC-R4PCC04U05:594161:595011 [0] NCCL INFO Connected to proxy localRank 0 -> connection 0x7f8f68005458
MOC-R4PCC04U05:594161:594297 [0] NCCL INFO New proxy send connection 12 from local rank 0, transport 0
MOC-R4PCC04U05:594161:595011 [0] NCCL INFO Connected to proxy localRank 0 -> connection 0x7f8f680054d0
MOC-R4PCC04U05:594161:594297 [0] NCCL INFO New proxy send connection 13 from local rank 0, transport 0
MOC-R4PCC04U05:594161:595011 [0] NCCL INFO Connected to proxy localRank 0 -> connection 0x7f8f68005548
MOC-R4PCC04U05:594161:594297 [0] NCCL INFO New proxy send connection 14 from local rank 0, transport 0
MOC-R4PCC04U05:594161:595011 [0] NCCL INFO Connected to proxy localRank 0 -> connection 0x7f8f680055c0
MOC-R4PCC04U05:594162:594296 [1] NCCL INFO New proxy recv connection 11 from local rank 1, transport 0
MOC-R4PCC04U05:594162:595012 [1] NCCL INFO Connected to proxy localRank 1 -> connection 0x7f37c0005458
MOC-R4PCC04U05:594162:594296 [1] NCCL INFO New proxy recv connection 12 from local rank 1, transport 0
MOC-R4PCC04U05:594162:595012 [1] NCCL INFO Connected to proxy localRank 1 -> connection 0x7f37c00054d0
MOC-R4PCC04U05:594162:594296 [1] NCCL INFO New proxy recv connection 13 from local rank 1, transport 0
MOC-R4PCC04U05:594162:595012 [1] NCCL INFO Connected to proxy localRank 1 -> connection 0x7f37c0005548
MOC-R4PCC04U05:594162:594296 [1] NCCL INFO New proxy recv connection 14 from local rank 1, transport 0
MOC-R4PCC04U05:594162:595012 [1] NCCL INFO Connected to proxy localRank 1 -> connection 0x7f37c00055c0
MOC-R4PCC04U05:594162:594296 [1] NCCL INFO New proxy send connection 15 from local rank 1, transport 0
MOC-R4PCC04U05:594162:595012 [1] NCCL INFO Connected to proxy localRank 1 -> connection 0x7f37c0005638
MOC-R4PCC04U05:594162:594296 [1] NCCL INFO New proxy send connection 16 from local rank 1, transport 0
MOC-R4PCC04U05:594162:595012 [1] NCCL INFO Connected to proxy localRank 1 -> connection 0x7f37c00056b0
MOC-R4PCC04U05:594162:594296 [1] NCCL INFO New proxy send connection 17 from local rank 1, transport 0
MOC-R4PCC04U05:594162:595012 [1] NCCL INFO Connected to proxy localRank 1 -> connection 0x7f37c0005728
MOC-R4PCC04U05:594162:594296 [1] NCCL INFO New proxy send connection 18 from local rank 1, transport 0
MOC-R4PCC04U05:594162:595012 [1] NCCL INFO Connected to proxy localRank 1 -> connection 0x7f37c00057a0
MOC-R4PCC04U05:594161:594297 [0] NCCL INFO New proxy send connection 15 from local rank 0, transport 0
MOC-R4PCC04U05:594162:594296 [1] NCCL INFO New proxy recv connection 19 from local rank 1, transport 0
MOC-R4PCC04U05:594162:595012 [1] NCCL INFO Connected to proxy localRank 1 -> connection 0x7f37c0005818
MOC-R4PCC04U05:594161:595011 [0] NCCL INFO Connected to proxy localRank 0 -> connection 0x7f8f68005638
MOC-R4PCC04U05:594163:594295 [2] NCCL INFO New proxy send connection 14 from local rank 2, transport 0
MOC-R4PCC04U05:594163:595010 [2] NCCL INFO Connected to proxy localRank 2 -> connection 0x7f69880055c0
MOC-R4PCC04U05:594162:594296 [1] NCCL INFO New proxy recv connection 20 from local rank 1, transport 0
MOC-R4PCC04U05:594162:595012 [1] NCCL INFO Connected to proxy localRank 1 -> connection 0x7f37c0005890
MOC-R4PCC04U05:594161:594297 [0] NCCL INFO New proxy send connection 16 from local rank 0, transport 0
MOC-R4PCC04U05:594161:595011 [0] NCCL INFO Connected to proxy localRank 0 -> connection 0x7f8f680056b0
MOC-R4PCC04U05:594163:594295 [2] NCCL INFO New proxy send connection 15 from local rank 2, transport 0
MOC-R4PCC04U05:594163:595010 [2] NCCL INFO Connected to proxy localRank 2 -> connection 0x7f6988005638
MOC-R4PCC04U05:594161:594297 [0] NCCL INFO New proxy recv connection 17 from local rank 0, transport 0
MOC-R4PCC04U05:594161:595011 [0] NCCL INFO Connected to proxy localRank 0 -> connection 0x7f8f68005728
MOC-R4PCC04U05:594164:594298 [3] NCCL INFO New proxy recv connection 12 from local rank 3, transport 2
MOC-R4PCC04U05:594164:595009 [3] NCCL INFO Connected to proxy localRank 3 -> connection 0x7efd900054d0
MOC-R4PCC04U05:594164:595009 [3] NCCL INFO Channel 00/0 : 11[3] -> 3[3] [receive] via NET/Socket/0
MOC-R4PCC04U05:594164:594298 [3] NCCL INFO New proxy recv connection 13 from local rank 3, transport 2
MOC-R4PCC04U05:594164:595009 [3] NCCL INFO Connected to proxy localRank 3 -> connection 0x7efd90005548
MOC-R4PCC04U05:594161:594297 [0] NCCL INFO New proxy recv connection 18 from local rank 0, transport 0
MOC-R4PCC04U05:594161:595011 [0] NCCL INFO Connected to proxy localRank 0 -> connection 0x7f8f680057a0
MOC-R4PCC04U05:594164:595009 [3] NCCL INFO Channel 01/0 : 11[3] -> 3[3] [receive] via NET/Socket/0
MOC-R4PCC04U05:594164:594298 [3] NCCL INFO New proxy recv connection 14 from local rank 3, transport 2
MOC-R4PCC04U05:594164:595009 [3] NCCL INFO Connected to proxy localRank 3 -> connection 0x7efd900055c0
MOC-R4PCC04U05:594164:595009 [3] NCCL INFO Channel 02/0 : 11[3] -> 3[3] [receive] via NET/Socket/0
MOC-R4PCC04U05:594164:594298 [3] NCCL INFO New proxy recv connection 15 from local rank 3, transport 2
MOC-R4PCC04U05:594164:595009 [3] NCCL INFO Connected to proxy localRank 3 -> connection 0x7efd90005638
MOC-R4PCC04U05:594164:595009 [3] NCCL INFO Channel 03/0 : 11[3] -> 3[3] [receive] via NET/Socket/0
MOC-R4PCC04U05:594164:594298 [3] NCCL INFO New proxy send connection 16 from local rank 3, transport 2
MOC-R4PCC04U05:594164:595009 [3] NCCL INFO Connected to proxy localRank 3 -> connection 0x7efd900056b0
MOC-R4PCC04U05:594164:595009 [3] NCCL INFO Channel 02/0 : 3[3] -> 7[3] [send] via NET/Socket/0
MOC-R4PCC04U05:594164:594298 [3] NCCL INFO New proxy send connection 17 from local rank 3, transport 2
MOC-R4PCC04U05:594164:595009 [3] NCCL INFO Connected to proxy localRank 3 -> connection 0x7efd90005728
MOC-R4PCC04U05:594164:595009 [3] NCCL INFO Channel 03/0 : 3[3] -> 7[3] [send] via NET/Socket/0
MOC-R4PCC04U05:594161:594297 [0] NCCL INFO New proxy recv connection 19 from local rank 0, transport 0
MOC-R4PCC04U05:594161:595011 [0] NCCL INFO Connected to proxy localRank 0 -> connection 0x7f8f68005818
MOC-R4PCC04U05:594161:594297 [0] NCCL INFO New proxy recv connection 20 from local rank 0, transport 0
MOC-R4PCC04U05:594161:595011 [0] NCCL INFO Connected to proxy localRank 0 -> connection 0x7f8f68005890
MOC-R4PCC04U05:594164:594298 [3] NCCL INFO New proxy recv connection 18 from local rank 3, transport 2
MOC-R4PCC04U05:594164:595009 [3] NCCL INFO Connected to proxy localRank 3 -> connection 0x7efd900057a0
MOC-R4PCC04U05:594164:595009 [3] NCCL INFO Channel 02/0 : 7[3] -> 3[3] [receive] via NET/Socket/0
MOC-R4PCC04U05:594164:594298 [3] NCCL INFO New proxy recv connection 19 from local rank 3, transport 2
MOC-R4PCC04U05:594164:595009 [3] NCCL INFO Connected to proxy localRank 3 -> connection 0x7efd90005818
MOC-R4PCC04U05:594164:595009 [3] NCCL INFO Channel 03/0 : 7[3] -> 3[3] [receive] via NET/Socket/0
MOC-R4PCC04U05:594164:594298 [3] NCCL INFO New proxy send connection 20 from local rank 3, transport 2
MOC-R4PCC04U05:594164:595009 [3] NCCL INFO Connected to proxy localRank 3 -> connection 0x7efd90005890
MOC-R4PCC04U05:594164:595009 [3] NCCL INFO Channel 00/0 : 3[3] -> 11[3] [send] via NET/Socket/0
MOC-R4PCC04U05:594164:594298 [3] NCCL INFO New proxy send connection 21 from local rank 3, transport 2
MOC-R4PCC04U05:594164:595009 [3] NCCL INFO Connected to proxy localRank 3 -> connection 0x7efd90005908
MOC-R4PCC04U05:594164:595009 [3] NCCL INFO Channel 01/0 : 3[3] -> 11[3] [send] via NET/Socket/0
MOC-R4PCC04U05:594164:594298 [3] NCCL INFO New proxy send connection 22 from local rank 3, transport 2
MOC-R4PCC04U05:594164:595009 [3] NCCL INFO Connected to proxy localRank 3 -> connection 0x7efd90005980
MOC-R4PCC04U05:594164:595009 [3] NCCL INFO Channel 02/0 : 3[3] -> 11[3] [send] via NET/Socket/0
MOC-R4PCC04U05:594164:594298 [3] NCCL INFO New proxy send connection 23 from local rank 3, transport 2
MOC-R4PCC04U05:594164:595009 [3] NCCL INFO Connected to proxy localRank 3 -> connection 0x7efd900059f8
MOC-R4PCC04U05:594164:595009 [3] NCCL INFO Channel 03/0 : 3[3] -> 11[3] [send] via NET/Socket/0
MOC-R4PCC04U05:594164:594298 [3] NCCL INFO New proxy send connection 24 from local rank 3, transport 0
MOC-R4PCC04U05:594164:595009 [3] NCCL INFO Connected to proxy localRank 3 -> connection 0x7efd90005a70
MOC-R4PCC04U05:594164:594298 [3] NCCL INFO New proxy send connection 25 from local rank 3, transport 0
MOC-R4PCC04U05:594164:595009 [3] NCCL INFO Connected to proxy localRank 3 -> connection 0x7efd90005ae8
MOC-R4PCC04U05:594164:594298 [3] NCCL INFO New proxy send connection 26 from local rank 3, transport 0
MOC-R4PCC04U05:594164:595009 [3] NCCL INFO Connected to proxy localRank 3 -> connection 0x7efd90005b60
MOC-R4PCC04U05:594164:594298 [3] NCCL INFO New proxy send connection 27 from local rank 3, transport 0
MOC-R4PCC04U05:594164:595009 [3] NCCL INFO Connected to proxy localRank 3 -> connection 0x7efd90005bd8
step    1/10 | train loss 11.008544 | norm 15.7800 | lr 1.00e-04 | (13970.91 ms | 28145 tok/s)
step    2/10 | train loss 10.118110 | norm 5.8210 | lr 1.00e-04 | (253.55 ms | 1550821 tok/s)
step    3/10 | train loss 9.770426 | norm 2.6297 | lr 1.00e-04 | (249.96 ms | 1573086 tok/s)
step    4/10 | train loss 9.600721 | norm 2.1155 | lr 1.00e-04 | (252.27 ms | 1558698 tok/s)
step    5/10 | train loss 9.517908 | norm 2.1044 | lr 1.00e-04 | (246.11 ms | 1597695 tok/s)
step    6/10 | train loss 9.436637 | norm 1.9994 | lr 1.00e-04 | (245.81 ms | 1599679 tok/s)
step    7/10 | train loss 9.351847 | norm 1.9450 | lr 1.00e-04 | (245.82 ms | 1599595 tok/s)
step    8/10 | train loss 9.262649 | norm 1.9094 | lr 1.00e-04 | (246.97 ms | 1592180 tok/s)
step    9/10 | train loss 9.170669 | norm 1.8626 | lr 1.00e-04 | (248.67 ms | 1581262 tok/s)
step   10/10 | train loss 9.080877 | norm 1.7797 | lr 1.00e-04 | (245.42 ms | 1602209 tok/s)
final 9 iters avg: 248.289ms
peak memory consumption: 16121 MiB
