Running pytorch 2.7.0+cu126
using device: cuda:0
total desired batch size: 2097152
=> calculated gradient accumulation steps: 4
using device: cuda:1
using device: cuda:3
using device: cuda:2
compiling the model...
DataLoader: total number of tokens: 1,661,249,667 across 103 files
MOC-R4PCC04U05:687748:687748 [0] NCCL INFO NCCL_SOCKET_IFNAME set to eno7np0
MOC-R4PCC04U05:687748:687748 [0] NCCL INFO NCCL version 2.26.2+cuda12.2
MOC-R4PCC04U05:687749:687749 [1] NCCL INFO NCCL_SOCKET_IFNAME set to eno7np0
MOC-R4PCC04U05:687749:687749 [1] NCCL INFO NCCL version 2.26.2+cuda12.2
MOC-R4PCC04U05:687748:687852 [0] NCCL INFO NET/Plugin: Could not find: libnccl-net.so. Using internal net plugin.
MOC-R4PCC04U05:687748:687852 [0] NCCL INFO NET/Socket : Using [0]eno7np0:192.168.50.193<0>
MOC-R4PCC04U05:687750:687750 [2] NCCL INFO NCCL_SOCKET_IFNAME set to eno7np0
MOC-R4PCC04U05:687751:687751 [3] NCCL INFO NCCL_SOCKET_IFNAME set to eno7np0
MOC-R4PCC04U05:687750:687750 [2] NCCL INFO NCCL version 2.26.2+cuda12.2
MOC-R4PCC04U05:687751:687751 [3] NCCL INFO NCCL version 2.26.2+cuda12.2
MOC-R4PCC04U05:687749:687874 [1] NCCL INFO NET/Plugin: Could not find: libnccl-net.so. Using internal net plugin.
MOC-R4PCC04U05:687749:687874 [1] NCCL INFO NET/Socket : Using [0]eno7np0:192.168.50.193<0>
MOC-R4PCC04U05:687750:687875 [2] NCCL INFO NET/Plugin: Could not find: libnccl-net.so. Using internal net plugin.
MOC-R4PCC04U05:687750:687875 [2] NCCL INFO NET/Socket : Using [0]eno7np0:192.168.50.193<0>
MOC-R4PCC04U05:687751:687876 [3] NCCL INFO NET/Plugin: Could not find: libnccl-net.so. Using internal net plugin.
MOC-R4PCC04U05:687751:687876 [3] NCCL INFO NET/Socket : Using [0]eno7np0:192.168.50.193<0>
MOC-R4PCC04U05:687748:687852 [0] NCCL INFO NET/Socket : GPU Direct RDMA Disabled for HCA 0 'eno7np0'
MOC-R4PCC04U05:687750:687875 [2] NCCL INFO NET/Socket : GPU Direct RDMA Disabled for HCA 0 'eno7np0'
MOC-R4PCC04U05:687749:687874 [1] NCCL INFO NET/Socket : GPU Direct RDMA Disabled for HCA 0 'eno7np0'
MOC-R4PCC04U05:687751:687876 [3] NCCL INFO NET/Socket : GPU Direct RDMA Disabled for HCA 0 'eno7np0'
MOC-R4PCC04U05:687748:687896 [0] NCCL INFO New proxy send connection 0 from local rank 0, transport 0
MOC-R4PCC04U05:687748:687960 [0] NCCL INFO Connected to proxy localRank 0 -> connection 0x7f9af0004f30
MOC-R4PCC04U05:687748:687896 [0] NCCL INFO New proxy send connection 1 from local rank 0, transport 0
MOC-R4PCC04U05:687748:687960 [0] NCCL INFO Connected to proxy localRank 0 -> connection 0x7f9af0004fa8
MOC-R4PCC04U05:687749:687895 [1] NCCL INFO New proxy recv connection 0 from local rank 1, transport 0
MOC-R4PCC04U05:687749:687961 [1] NCCL INFO Connected to proxy localRank 1 -> connection 0x7ff744004f30
MOC-R4PCC04U05:687749:687895 [1] NCCL INFO New proxy recv connection 1 from local rank 1, transport 0
MOC-R4PCC04U05:687749:687961 [1] NCCL INFO Connected to proxy localRank 1 -> connection 0x7ff744004fa8
MOC-R4PCC04U05:687750:687890 [2] NCCL INFO New proxy recv connection 0 from local rank 2, transport 0
MOC-R4PCC04U05:687750:687962 [2] NCCL INFO Connected to proxy localRank 2 -> connection 0x7efc00004f30
MOC-R4PCC04U05:687750:687890 [2] NCCL INFO New proxy recv connection 1 from local rank 2, transport 0
MOC-R4PCC04U05:687750:687962 [2] NCCL INFO Connected to proxy localRank 2 -> connection 0x7efc00004fa8
MOC-R4PCC04U05:687748:687896 [0] NCCL INFO New proxy send connection 2 from local rank 0, transport 0
MOC-R4PCC04U05:687748:687960 [0] NCCL INFO Connected to proxy localRank 0 -> connection 0x7f9af0005020
MOC-R4PCC04U05:687751:687891 [3] NCCL INFO New proxy recv connection 0 from local rank 3, transport 0
MOC-R4PCC04U05:687751:687963 [3] NCCL INFO Connected to proxy localRank 3 -> connection 0x7f76a8004f30
MOC-R4PCC04U05:687748:687896 [0] NCCL INFO New proxy send connection 3 from local rank 0, transport 0
MOC-R4PCC04U05:687748:687960 [0] NCCL INFO Connected to proxy localRank 0 -> connection 0x7f9af0005098
MOC-R4PCC04U05:687751:687891 [3] NCCL INFO New proxy recv connection 1 from local rank 3, transport 0
MOC-R4PCC04U05:687751:687963 [3] NCCL INFO Connected to proxy localRank 3 -> connection 0x7f76a8004fa8
MOC-R4PCC04U05:687750:687890 [2] NCCL INFO New proxy recv connection 2 from local rank 2, transport 2
MOC-R4PCC04U05:687750:687962 [2] NCCL INFO Connected to proxy localRank 2 -> connection 0x7efc00005020
MOC-R4PCC04U05:687750:687962 [2] NCCL INFO Channel 00/0 : 15[3] -> 2[2] [receive] via NET/Socket/0
MOC-R4PCC04U05:687750:687890 [2] NCCL INFO New proxy recv connection 3 from local rank 2, transport 2
MOC-R4PCC04U05:687750:687962 [2] NCCL INFO Connected to proxy localRank 2 -> connection 0x7efc00005098
MOC-R4PCC04U05:687750:687962 [2] NCCL INFO Channel 02/0 : 15[3] -> 2[2] [receive] via NET/Socket/0
MOC-R4PCC04U05:687750:687890 [2] NCCL INFO New proxy send connection 4 from local rank 2, transport 2
MOC-R4PCC04U05:687750:687962 [2] NCCL INFO Connected to proxy localRank 2 -> connection 0x7efc00005110
MOC-R4PCC04U05:687750:687962 [2] NCCL INFO Channel 01/0 : 2[2] -> 7[3] [send] via NET/Socket/0
MOC-R4PCC04U05:687750:687890 [2] NCCL INFO New proxy send connection 5 from local rank 2, transport 2
MOC-R4PCC04U05:687750:687962 [2] NCCL INFO Connected to proxy localRank 2 -> connection 0x7efc00005188
MOC-R4PCC04U05:687750:687962 [2] NCCL INFO Channel 03/0 : 2[2] -> 7[3] [send] via NET/Socket/0
MOC-R4PCC04U05:687750:687890 [2] NCCL INFO New proxy send connection 6 from local rank 2, transport 0
MOC-R4PCC04U05:687750:687962 [2] NCCL INFO Connected to proxy localRank 2 -> connection 0x7efc00005200
MOC-R4PCC04U05:687750:687890 [2] NCCL INFO New proxy send connection 7 from local rank 2, transport 0
MOC-R4PCC04U05:687750:687962 [2] NCCL INFO Connected to proxy localRank 2 -> connection 0x7efc00005278
MOC-R4PCC04U05:687751:687891 [3] NCCL INFO New proxy send connection 2 from local rank 3, transport 2
MOC-R4PCC04U05:687751:687963 [3] NCCL INFO Connected to proxy localRank 3 -> connection 0x7f76a8005020
MOC-R4PCC04U05:687751:687963 [3] NCCL INFO Channel 00/0 : 3[3] -> 6[2] [send] via NET/Socket/0
MOC-R4PCC04U05:687751:687891 [3] NCCL INFO New proxy send connection 3 from local rank 3, transport 2
MOC-R4PCC04U05:687751:687963 [3] NCCL INFO Connected to proxy localRank 3 -> connection 0x7f76a8005098
MOC-R4PCC04U05:687751:687963 [3] NCCL INFO Channel 02/0 : 3[3] -> 6[2] [send] via NET/Socket/0
MOC-R4PCC04U05:687748:687896 [0] NCCL INFO New proxy recv connection 4 from local rank 0, transport 0
MOC-R4PCC04U05:687748:687960 [0] NCCL INFO Connected to proxy localRank 0 -> connection 0x7f9af0005110
MOC-R4PCC04U05:687751:687891 [3] NCCL INFO New proxy recv connection 4 from local rank 3, transport 2
MOC-R4PCC04U05:687751:687963 [3] NCCL INFO Connected to proxy localRank 3 -> connection 0x7f76a8005110
MOC-R4PCC04U05:687751:687963 [3] NCCL INFO Channel 01/0 : 14[2] -> 3[3] [receive] via NET/Socket/0
MOC-R4PCC04U05:687751:687891 [3] NCCL INFO New proxy recv connection 5 from local rank 3, transport 2
MOC-R4PCC04U05:687751:687963 [3] NCCL INFO Connected to proxy localRank 3 -> connection 0x7f76a8005188
MOC-R4PCC04U05:687751:687963 [3] NCCL INFO Channel 03/0 : 14[2] -> 3[3] [receive] via NET/Socket/0
MOC-R4PCC04U05:687751:687891 [3] NCCL INFO New proxy send connection 6 from local rank 3, transport 0
MOC-R4PCC04U05:687751:687963 [3] NCCL INFO Connected to proxy localRank 3 -> connection 0x7f76a8005200
MOC-R4PCC04U05:687748:687896 [0] NCCL INFO New proxy recv connection 5 from local rank 0, transport 0
MOC-R4PCC04U05:687748:687960 [0] NCCL INFO Connected to proxy localRank 0 -> connection 0x7f9af0005188
MOC-R4PCC04U05:687751:687891 [3] NCCL INFO New proxy send connection 7 from local rank 3, transport 0
MOC-R4PCC04U05:687748:687896 [0] NCCL INFO New proxy recv connection 6 from local rank 0, transport 0
MOC-R4PCC04U05:687751:687963 [3] NCCL INFO Connected to proxy localRank 3 -> connection 0x7f76a8005278
MOC-R4PCC04U05:687748:687960 [0] NCCL INFO Connected to proxy localRank 0 -> connection 0x7f9af0005200
MOC-R4PCC04U05:687748:687896 [0] NCCL INFO New proxy recv connection 7 from local rank 0, transport 0
MOC-R4PCC04U05:687748:687960 [0] NCCL INFO Connected to proxy localRank 0 -> connection 0x7f9af0005278
MOC-R4PCC04U05:687749:687895 [1] NCCL INFO New proxy recv connection 2 from local rank 1, transport 0
MOC-R4PCC04U05:687748:687896 [0] NCCL INFO New proxy send connection 8 from local rank 3, transport 0
MOC-R4PCC04U05:687749:687961 [1] NCCL INFO Connected to proxy localRank 1 -> connection 0x7ff744005020
MOC-R4PCC04U05:687751:687963 [3] NCCL INFO Connected to proxy localRank 0 -> connection 0x7f9af00052f0
MOC-R4PCC04U05:687749:687895 [1] NCCL INFO New proxy recv connection 3 from local rank 1, transport 0
MOC-R4PCC04U05:687749:687961 [1] NCCL INFO Connected to proxy localRank 1 -> connection 0x7ff744005098
MOC-R4PCC04U05:687749:687895 [1] NCCL INFO New proxy send connection 4 from local rank 1, transport 0
MOC-R4PCC04U05:687749:687961 [1] NCCL INFO Connected to proxy localRank 1 -> connection 0x7ff744005110
MOC-R4PCC04U05:687749:687895 [1] NCCL INFO New proxy send connection 5 from local rank 1, transport 0
MOC-R4PCC04U05:687749:687961 [1] NCCL INFO Connected to proxy localRank 1 -> connection 0x7ff744005188
MOC-R4PCC04U05:687749:687895 [1] NCCL INFO New proxy send connection 6 from local rank 1, transport 0
MOC-R4PCC04U05:687749:687961 [1] NCCL INFO Connected to proxy localRank 1 -> connection 0x7ff744005200
MOC-R4PCC04U05:687749:687895 [1] NCCL INFO New proxy send connection 7 from local rank 1, transport 0
MOC-R4PCC04U05:687749:687961 [1] NCCL INFO Connected to proxy localRank 1 -> connection 0x7ff744005278
MOC-R4PCC04U05:687748:687896 [0] NCCL INFO New proxy send connection 9 from local rank 2, transport 0
MOC-R4PCC04U05:687750:687890 [2] NCCL INFO New proxy send connection 8 from local rank 0, transport 0
MOC-R4PCC04U05:687750:687962 [2] NCCL INFO Connected to proxy localRank 0 -> connection 0x7f9af0005368
MOC-R4PCC04U05:687748:687960 [0] NCCL INFO Connected to proxy localRank 2 -> connection 0x7efc000052f0
MOC-R4PCC04U05:687751:687891 [3] NCCL INFO New proxy send connection 8 from local rank 1, transport 0
MOC-R4PCC04U05:687749:687961 [1] NCCL INFO Connected to proxy localRank 3 -> connection 0x7f76a80052f0
MOC-R4PCC04U05:687749:687895 [1] NCCL INFO New proxy send connection 8 from local rank 3, transport 0
MOC-R4PCC04U05:687751:687963 [3] NCCL INFO Connected to proxy localRank 1 -> connection 0x7ff7440052f0
MOC-R4PCC04U05:687749:687895 [1] NCCL INFO New proxy send connection 9 from local rank 2, transport 0
MOC-R4PCC04U05:687750:687962 [2] NCCL INFO Connected to proxy localRank 1 -> connection 0x7ff744005368
MOC-R4PCC04U05:687751:687891 [3] NCCL INFO New proxy send connection 9 from local rank 0, transport 0
MOC-R4PCC04U05:687748:687960 [0] NCCL INFO Connected to proxy localRank 3 -> connection 0x7f76a8005368
MOC-R4PCC04U05:687748:687896 [0] NCCL INFO New proxy send connection 10 from local rank 1, transport 0
MOC-R4PCC04U05:687749:687961 [1] NCCL INFO Connected to proxy localRank 0 -> connection 0x7f9af00053e0
MOC-R4PCC04U05:687750:687890 [2] NCCL INFO New proxy send connection 9 from local rank 1, transport 0
MOC-R4PCC04U05:687749:687961 [1] NCCL INFO Connected to proxy localRank 2 -> connection 0x7efc00005368
MOC-R4PCC04U05:687749:687895 [1] NCCL INFO New proxy send connection 10 from local rank 0, transport 0
MOC-R4PCC04U05:687748:687960 [0] NCCL INFO Connected to proxy localRank 1 -> connection 0x7ff7440053e0
num decayed parameter tensors: 50, with 124,318,464 parameters
num non-decayed parameter tensors: 98, with 121,344 parameters
using fused AdamW: False
using regular AdamW
MOC-R4PCC04U05:687748:687896 [0] NCCL INFO New proxy send connection 11 from local rank 0, transport 0
MOC-R4PCC04U05:687748:688620 [0] NCCL INFO Connected to proxy localRank 0 -> connection 0x7f9af0005458
MOC-R4PCC04U05:687748:687896 [0] NCCL INFO New proxy send connection 12 from local rank 0, transport 0
MOC-R4PCC04U05:687748:688620 [0] NCCL INFO Connected to proxy localRank 0 -> connection 0x7f9af00054d0
MOC-R4PCC04U05:687748:687896 [0] NCCL INFO New proxy send connection 13 from local rank 0, transport 0
MOC-R4PCC04U05:687748:688620 [0] NCCL INFO Connected to proxy localRank 0 -> connection 0x7f9af0005548
MOC-R4PCC04U05:687748:687896 [0] NCCL INFO New proxy send connection 14 from local rank 0, transport 0
MOC-R4PCC04U05:687748:688620 [0] NCCL INFO Connected to proxy localRank 0 -> connection 0x7f9af00055c0
MOC-R4PCC04U05:687749:687895 [1] NCCL INFO New proxy recv connection 11 from local rank 1, transport 0
MOC-R4PCC04U05:687749:688621 [1] NCCL INFO Connected to proxy localRank 1 -> connection 0x7ff744005458
MOC-R4PCC04U05:687749:687895 [1] NCCL INFO New proxy recv connection 12 from local rank 1, transport 0
MOC-R4PCC04U05:687749:688621 [1] NCCL INFO Connected to proxy localRank 1 -> connection 0x7ff7440054d0
MOC-R4PCC04U05:687749:687895 [1] NCCL INFO New proxy recv connection 13 from local rank 1, transport 0
MOC-R4PCC04U05:687749:688621 [1] NCCL INFO Connected to proxy localRank 1 -> connection 0x7ff744005548
MOC-R4PCC04U05:687749:687895 [1] NCCL INFO New proxy recv connection 14 from local rank 1, transport 0
MOC-R4PCC04U05:687749:688621 [1] NCCL INFO Connected to proxy localRank 1 -> connection 0x7ff7440055c0
MOC-R4PCC04U05:687749:687895 [1] NCCL INFO New proxy send connection 15 from local rank 1, transport 0
MOC-R4PCC04U05:687749:688621 [1] NCCL INFO Connected to proxy localRank 1 -> connection 0x7ff744005638
MOC-R4PCC04U05:687749:687895 [1] NCCL INFO New proxy send connection 16 from local rank 1, transport 0
MOC-R4PCC04U05:687749:688621 [1] NCCL INFO Connected to proxy localRank 1 -> connection 0x7ff7440056b0
MOC-R4PCC04U05:687749:687895 [1] NCCL INFO New proxy send connection 17 from local rank 1, transport 0
MOC-R4PCC04U05:687749:688621 [1] NCCL INFO Connected to proxy localRank 1 -> connection 0x7ff744005728
MOC-R4PCC04U05:687749:687895 [1] NCCL INFO New proxy send connection 18 from local rank 1, transport 0
MOC-R4PCC04U05:687749:688621 [1] NCCL INFO Connected to proxy localRank 1 -> connection 0x7ff7440057a0
MOC-R4PCC04U05:687748:687896 [0] NCCL INFO New proxy send connection 15 from local rank 0, transport 0
MOC-R4PCC04U05:687748:688620 [0] NCCL INFO Connected to proxy localRank 0 -> connection 0x7f9af0005638
MOC-R4PCC04U05:687748:687896 [0] NCCL INFO New proxy send connection 16 from local rank 0, transport 0
MOC-R4PCC04U05:687748:688620 [0] NCCL INFO Connected to proxy localRank 0 -> connection 0x7f9af00056b0
MOC-R4PCC04U05:687750:687890 [2] NCCL INFO New proxy recv connection 10 from local rank 2, transport 0
MOC-R4PCC04U05:687750:688622 [2] NCCL INFO Connected to proxy localRank 2 -> connection 0x7efc000053e0
MOC-R4PCC04U05:687750:687890 [2] NCCL INFO New proxy recv connection 11 from local rank 2, transport 0
MOC-R4PCC04U05:687750:688622 [2] NCCL INFO Connected to proxy localRank 2 -> connection 0x7efc00005458
MOC-R4PCC04U05:687750:687890 [2] NCCL INFO New proxy recv connection 12 from local rank 2, transport 0
MOC-R4PCC04U05:687750:688622 [2] NCCL INFO Connected to proxy localRank 2 -> connection 0x7efc000054d0
MOC-R4PCC04U05:687750:687890 [2] NCCL INFO New proxy recv connection 13 from local rank 2, transport 0
MOC-R4PCC04U05:687750:688622 [2] NCCL INFO Connected to proxy localRank 2 -> connection 0x7efc00005548
MOC-R4PCC04U05:687750:687890 [2] NCCL INFO New proxy send connection 14 from local rank 2, transport 0
MOC-R4PCC04U05:687750:688622 [2] NCCL INFO Connected to proxy localRank 2 -> connection 0x7efc000055c0
MOC-R4PCC04U05:687749:687895 [1] NCCL INFO New proxy recv connection 19 from local rank 1, transport 0
MOC-R4PCC04U05:687750:687890 [2] NCCL INFO New proxy send connection 15 from local rank 2, transport 0
MOC-R4PCC04U05:687750:688622 [2] NCCL INFO Connected to proxy localRank 2 -> connection 0x7efc00005638
MOC-R4PCC04U05:687749:688621 [1] NCCL INFO Connected to proxy localRank 1 -> connection 0x7ff744005818
MOC-R4PCC04U05:687749:687895 [1] NCCL INFO New proxy recv connection 20 from local rank 1, transport 0
MOC-R4PCC04U05:687749:688621 [1] NCCL INFO Connected to proxy localRank 1 -> connection 0x7ff744005890
MOC-R4PCC04U05:687751:687891 [3] NCCL INFO New proxy recv connection 10 from local rank 3, transport 0
MOC-R4PCC04U05:687751:688623 [3] NCCL INFO Connected to proxy localRank 3 -> connection 0x7f76a80053e0
MOC-R4PCC04U05:687751:687891 [3] NCCL INFO New proxy recv connection 11 from local rank 3, transport 0
MOC-R4PCC04U05:687751:688623 [3] NCCL INFO Connected to proxy localRank 3 -> connection 0x7f76a8005458
MOC-R4PCC04U05:687751:687891 [3] NCCL INFO New proxy send connection 12 from local rank 3, transport 2
MOC-R4PCC04U05:687751:688623 [3] NCCL INFO Connected to proxy localRank 3 -> connection 0x7f76a80054d0
MOC-R4PCC04U05:687748:687896 [0] NCCL INFO New proxy recv connection 17 from local rank 0, transport 0
MOC-R4PCC04U05:687748:688620 [0] NCCL INFO Connected to proxy localRank 0 -> connection 0x7f9af0005728
MOC-R4PCC04U05:687751:688623 [3] NCCL INFO Channel 02/0 : 3[3] -> 7[3] [send] via NET/Socket/0
MOC-R4PCC04U05:687751:687891 [3] NCCL INFO New proxy send connection 13 from local rank 3, transport 2
MOC-R4PCC04U05:687751:688623 [3] NCCL INFO Connected to proxy localRank 3 -> connection 0x7f76a8005548
MOC-R4PCC04U05:687748:687896 [0] NCCL INFO New proxy recv connection 18 from local rank 0, transport 0
MOC-R4PCC04U05:687748:688620 [0] NCCL INFO Connected to proxy localRank 0 -> connection 0x7f9af00057a0
MOC-R4PCC04U05:687751:688623 [3] NCCL INFO Channel 03/0 : 3[3] -> 7[3] [send] via NET/Socket/0
MOC-R4PCC04U05:687748:687896 [0] NCCL INFO New proxy recv connection 19 from local rank 0, transport 0
MOC-R4PCC04U05:687748:688620 [0] NCCL INFO Connected to proxy localRank 0 -> connection 0x7f9af0005818
MOC-R4PCC04U05:687748:687896 [0] NCCL INFO New proxy recv connection 20 from local rank 0, transport 0
MOC-R4PCC04U05:687748:688620 [0] NCCL INFO Connected to proxy localRank 0 -> connection 0x7f9af0005890
MOC-R4PCC04U05:687751:687891 [3] NCCL INFO New proxy recv connection 14 from local rank 3, transport 2
MOC-R4PCC04U05:687751:688623 [3] NCCL INFO Connected to proxy localRank 3 -> connection 0x7f76a80055c0
MOC-R4PCC04U05:687751:688623 [3] NCCL INFO Channel 00/0 : 11[3] -> 3[3] [receive] via NET/Socket/0
MOC-R4PCC04U05:687751:687891 [3] NCCL INFO New proxy recv connection 15 from local rank 3, transport 2
MOC-R4PCC04U05:687751:688623 [3] NCCL INFO Connected to proxy localRank 3 -> connection 0x7f76a8005638
MOC-R4PCC04U05:687751:688623 [3] NCCL INFO Channel 01/0 : 11[3] -> 3[3] [receive] via NET/Socket/0
MOC-R4PCC04U05:687751:687891 [3] NCCL INFO New proxy send connection 16 from local rank 3, transport 2
MOC-R4PCC04U05:687751:688623 [3] NCCL INFO Connected to proxy localRank 3 -> connection 0x7f76a80056b0
MOC-R4PCC04U05:687751:688623 [3] NCCL INFO Channel 00/0 : 3[3] -> 11[3] [send] via NET/Socket/0
MOC-R4PCC04U05:687751:687891 [3] NCCL INFO New proxy send connection 17 from local rank 3, transport 2
MOC-R4PCC04U05:687751:688623 [3] NCCL INFO Connected to proxy localRank 3 -> connection 0x7f76a8005728
MOC-R4PCC04U05:687751:688623 [3] NCCL INFO Channel 01/0 : 3[3] -> 11[3] [send] via NET/Socket/0
MOC-R4PCC04U05:687751:687891 [3] NCCL INFO New proxy recv connection 18 from local rank 3, transport 2
MOC-R4PCC04U05:687751:688623 [3] NCCL INFO Connected to proxy localRank 3 -> connection 0x7f76a80057a0
MOC-R4PCC04U05:687751:688623 [3] NCCL INFO Channel 02/0 : 7[3] -> 3[3] [receive] via NET/Socket/0
MOC-R4PCC04U05:687751:687891 [3] NCCL INFO New proxy recv connection 19 from local rank 3, transport 2
MOC-R4PCC04U05:687751:688623 [3] NCCL INFO Connected to proxy localRank 3 -> connection 0x7f76a8005818
MOC-R4PCC04U05:687751:688623 [3] NCCL INFO Channel 03/0 : 7[3] -> 3[3] [receive] via NET/Socket/0
MOC-R4PCC04U05:687751:687891 [3] NCCL INFO New proxy send connection 20 from local rank 3, transport 0
MOC-R4PCC04U05:687751:688623 [3] NCCL INFO Connected to proxy localRank 3 -> connection 0x7f76a8005890
MOC-R4PCC04U05:687751:687891 [3] NCCL INFO New proxy send connection 21 from local rank 3, transport 0
MOC-R4PCC04U05:687751:688623 [3] NCCL INFO Connected to proxy localRank 3 -> connection 0x7f76a8005908
MOC-R4PCC04U05:687751:687891 [3] NCCL INFO New proxy send connection 22 from local rank 3, transport 0
MOC-R4PCC04U05:687751:688623 [3] NCCL INFO Connected to proxy localRank 3 -> connection 0x7f76a8005980
MOC-R4PCC04U05:687751:687891 [3] NCCL INFO New proxy send connection 23 from local rank 3, transport 0
MOC-R4PCC04U05:687751:688623 [3] NCCL INFO Connected to proxy localRank 3 -> connection 0x7f76a80059f8
step    1/10 | train loss 11.009806 | norm 15.3617 | lr 1.00e-04 | (14355.24 ms | 146090 tok/s)
step    2/10 | train loss 10.138540 | norm 5.7422 | lr 1.00e-04 | (424.66 ms | 4938371 tok/s)
step    3/10 | train loss 9.797911 | norm 2.6066 | lr 1.00e-04 | (411.06 ms | 5101876 tok/s)
step    4/10 | train loss 9.628579 | norm 2.1114 | lr 1.00e-04 | (625.93 ms | 3350442 tok/s)
step    5/10 | train loss 9.545597 | norm 2.1044 | lr 1.00e-04 | (416.48 ms | 5035377 tok/s)
step    6/10 | train loss 9.464420 | norm 1.9969 | lr 1.00e-04 | (621.39 ms | 3374963 tok/s)
step    7/10 | train loss 9.378774 | norm 1.9478 | lr 1.00e-04 | (414.00 ms | 5065543 tok/s)
step    8/10 | train loss 9.286814 | norm 1.9138 | lr 1.00e-04 | (415.04 ms | 5052920 tok/s)
step    9/10 | train loss 9.191320 | norm 1.8554 | lr 1.00e-04 | (419.29 ms | 5001637 tok/s)
step   10/10 | train loss 9.107038 | norm 1.7972 | lr 1.00e-04 | (420.27 ms | 4989952 tok/s)
final 9 iters avg: 463.126ms
peak memory consumption: 16601 MiB
