Running pytorch 2.7.0+cu126
using device: cuda:0
total desired batch size: 1048576
=> calculated gradient accumulation steps: 4
using device: cuda:3
using device: cuda:1
using device: cuda:2
compiling the model...
DataLoader: total number of tokens: 1,661,249,667 across 103 files
MOC-R4PCC04U05:423635:423635 [0] NCCL INFO NCCL_SOCKET_IFNAME set to eno7np0
MOC-R4PCC04U05:423635:423635 [0] NCCL INFO NCCL version 2.26.2+cuda12.2
MOC-R4PCC04U05:423635:423676 [0] NCCL INFO NET/Plugin: Could not find: libnccl-net.so. Using internal net plugin.
MOC-R4PCC04U05:423635:423676 [0] NCCL INFO NCCL_IB_HCA set to mlx5_5
MOC-R4PCC04U05:423636:423636 [1] NCCL INFO NCCL_SOCKET_IFNAME set to eno7np0
MOC-R4PCC04U05:423636:423636 [1] NCCL INFO NCCL version 2.26.2+cuda12.2
MOC-R4PCC04U05:423635:423676 [0] NCCL INFO NET/IB : Made virtual device [0] name=mlx5_5 speed=400000 ndevs=1
MOC-R4PCC04U05:423635:423676 [0] NCCL INFO NET/IB : Using [0]mlx5_5:1/RoCE [RO]; OOB eno7np0:192.168.50.193<0>
MOC-R4PCC04U05:423637:423637 [2] NCCL INFO NCCL_SOCKET_IFNAME set to eno7np0
MOC-R4PCC04U05:423638:423638 [3] NCCL INFO NCCL_SOCKET_IFNAME set to eno7np0
MOC-R4PCC04U05:423638:423638 [3] NCCL INFO NCCL version 2.26.2+cuda12.2
MOC-R4PCC04U05:423637:423637 [2] NCCL INFO NCCL version 2.26.2+cuda12.2
MOC-R4PCC04U05:423636:423677 [1] NCCL INFO NET/Plugin: Could not find: libnccl-net.so. Using internal net plugin.
MOC-R4PCC04U05:423636:423677 [1] NCCL INFO NCCL_IB_HCA set to mlx5_5
MOC-R4PCC04U05:423636:423677 [1] NCCL INFO NET/IB : Made virtual device [0] name=mlx5_5 speed=400000 ndevs=1
MOC-R4PCC04U05:423636:423677 [1] NCCL INFO NET/IB : Using [0]mlx5_5:1/RoCE [RO]; OOB eno7np0:192.168.50.193<0>
MOC-R4PCC04U05:423638:423680 [3] NCCL INFO NET/Plugin: Could not find: libnccl-net.so. Using internal net plugin.
MOC-R4PCC04U05:423638:423680 [3] NCCL INFO NCCL_IB_HCA set to mlx5_5
MOC-R4PCC04U05:423638:423680 [3] NCCL INFO NET/IB : Made virtual device [0] name=mlx5_5 speed=400000 ndevs=1
MOC-R4PCC04U05:423638:423680 [3] NCCL INFO NET/IB : Using [0]mlx5_5:1/RoCE [RO]; OOB eno7np0:192.168.50.193<0>
MOC-R4PCC04U05:423637:423679 [2] NCCL INFO NET/Plugin: Could not find: libnccl-net.so. Using internal net plugin.
MOC-R4PCC04U05:423637:423679 [2] NCCL INFO NCCL_IB_HCA set to mlx5_5
MOC-R4PCC04U05:423637:423679 [2] NCCL INFO NET/IB : Made virtual device [0] name=mlx5_5 speed=400000 ndevs=1
MOC-R4PCC04U05:423637:423679 [2] NCCL INFO NET/IB : Using [0]mlx5_5:1/RoCE [RO]; OOB eno7np0:192.168.50.193<0>
MOC-R4PCC04U05:423635:423676 [0] NCCL INFO NET/IB : GPU Direct RDMA Enabled for HCA 0 'mlx5_5'
MOC-R4PCC04U05:423635:423676 [0] NCCL INFO NET/IB : Made virtual device [1] name=mlx5_5 speed=400000 ndevs=1
MOC-R4PCC04U05:423635:423676 [0] NCCL INFO NET/IB : GPU Direct RDMA Enabled for HCA 0 'mlx5_5'
MOC-R4PCC04U05:423635:423676 [0] NCCL INFO NET/IB : GPU Direct RDMA Enabled for HCA 1 'mlx5_5'
MOC-R4PCC04U05:423637:423679 [2] NCCL INFO NET/IB : GPU Direct RDMA Enabled for HCA 0 'mlx5_5'
MOC-R4PCC04U05:423637:423679 [2] NCCL INFO NET/IB : Made virtual device [1] name=mlx5_5 speed=400000 ndevs=1
MOC-R4PCC04U05:423637:423679 [2] NCCL INFO NET/IB : GPU Direct RDMA Enabled for HCA 0 'mlx5_5'
MOC-R4PCC04U05:423637:423679 [2] NCCL INFO NET/IB : GPU Direct RDMA Enabled for HCA 1 'mlx5_5'
MOC-R4PCC04U05:423638:423680 [3] NCCL INFO NET/IB : GPU Direct RDMA Enabled for HCA 0 'mlx5_5'
MOC-R4PCC04U05:423638:423680 [3] NCCL INFO NET/IB : Made virtual device [1] name=mlx5_5 speed=400000 ndevs=1
MOC-R4PCC04U05:423638:423680 [3] NCCL INFO NET/IB : GPU Direct RDMA Enabled for HCA 0 'mlx5_5'
MOC-R4PCC04U05:423638:423680 [3] NCCL INFO NET/IB : GPU Direct RDMA Enabled for HCA 1 'mlx5_5'
MOC-R4PCC04U05:423636:423677 [1] NCCL INFO NET/IB : GPU Direct RDMA Enabled for HCA 0 'mlx5_5'
MOC-R4PCC04U05:423636:423677 [1] NCCL INFO NET/IB : Made virtual device [1] name=mlx5_5 speed=400000 ndevs=1
MOC-R4PCC04U05:423636:423677 [1] NCCL INFO NET/IB : GPU Direct RDMA Enabled for HCA 0 'mlx5_5'
MOC-R4PCC04U05:423636:423677 [1] NCCL INFO NET/IB : GPU Direct RDMA Enabled for HCA 1 'mlx5_5'
MOC-R4PCC04U05:423636:423677 [1] NCCL INFO GPU Direct RDMA Enabled for GPU 0 / HCA 1 (distance 5 <= 5), read 0 mode Default
MOC-R4PCC04U05:423636:423677 [1] NCCL INFO GPU Direct RDMA Enabled for GPU 1 / HCA 1 (distance 5 <= 5), read 0 mode Default
MOC-R4PCC04U05:423636:423677 [1] NCCL INFO GPU Direct RDMA Enabled for GPU 2 / HCA 1 (distance 5 <= 5), read 0 mode Default
MOC-R4PCC04U05:423636:423677 [1] NCCL INFO GPU Direct RDMA Enabled for GPU 3 / HCA 1 (distance 5 <= 5), read 0 mode Default
MOC-R4PCC04U05:423636:423677 [1] NCCL INFO GPU Direct RDMA Enabled for GPU 0 / HCA 1 (distance 5 <= 5), read 0 mode Default
MOC-R4PCC04U05:423636:423677 [1] NCCL INFO GPU Direct RDMA Enabled for GPU 1 / HCA 1 (distance 5 <= 5), read 0 mode Default
MOC-R4PCC04U05:423636:423677 [1] NCCL INFO GPU Direct RDMA Enabled for GPU 2 / HCA 1 (distance 5 <= 5), read 0 mode Default
MOC-R4PCC04U05:423636:423677 [1] NCCL INFO GPU Direct RDMA Enabled for GPU 3 / HCA 1 (distance 5 <= 5), read 0 mode Default
MOC-R4PCC04U05:423635:423676 [0] NCCL INFO GPU Direct RDMA Enabled for GPU 0 / HCA 1 (distance 5 <= 5), read 0 mode Default
MOC-R4PCC04U05:423635:423676 [0] NCCL INFO GPU Direct RDMA Enabled for GPU 1 / HCA 1 (distance 5 <= 5), read 0 mode Default
MOC-R4PCC04U05:423635:423676 [0] NCCL INFO GPU Direct RDMA Enabled for GPU 2 / HCA 1 (distance 5 <= 5), read 0 mode Default
MOC-R4PCC04U05:423635:423676 [0] NCCL INFO GPU Direct RDMA Enabled for GPU 3 / HCA 1 (distance 5 <= 5), read 0 mode Default
MOC-R4PCC04U05:423635:423676 [0] NCCL INFO GPU Direct RDMA Enabled for GPU 0 / HCA 1 (distance 5 <= 5), read 0 mode Default
MOC-R4PCC04U05:423635:423676 [0] NCCL INFO GPU Direct RDMA Enabled for GPU 1 / HCA 1 (distance 5 <= 5), read 0 mode Default
MOC-R4PCC04U05:423635:423676 [0] NCCL INFO GPU Direct RDMA Enabled for GPU 2 / HCA 1 (distance 5 <= 5), read 0 mode Default
MOC-R4PCC04U05:423635:423676 [0] NCCL INFO GPU Direct RDMA Enabled for GPU 3 / HCA 1 (distance 5 <= 5), read 0 mode Default
MOC-R4PCC04U05:423638:423680 [3] NCCL INFO GPU Direct RDMA Enabled for GPU 0 / HCA 1 (distance 5 <= 5), read 0 mode Default
MOC-R4PCC04U05:423638:423680 [3] NCCL INFO GPU Direct RDMA Enabled for GPU 1 / HCA 1 (distance 5 <= 5), read 0 mode Default
MOC-R4PCC04U05:423638:423680 [3] NCCL INFO GPU Direct RDMA Enabled for GPU 2 / HCA 1 (distance 5 <= 5), read 0 mode Default
MOC-R4PCC04U05:423638:423680 [3] NCCL INFO GPU Direct RDMA Enabled for GPU 3 / HCA 1 (distance 5 <= 5), read 0 mode Default
MOC-R4PCC04U05:423638:423680 [3] NCCL INFO GPU Direct RDMA Enabled for GPU 0 / HCA 1 (distance 5 <= 5), read 0 mode Default
MOC-R4PCC04U05:423638:423680 [3] NCCL INFO GPU Direct RDMA Enabled for GPU 1 / HCA 1 (distance 5 <= 5), read 0 mode Default
MOC-R4PCC04U05:423637:423679 [2] NCCL INFO GPU Direct RDMA Enabled for GPU 0 / HCA 1 (distance 5 <= 5), read 0 mode Default
MOC-R4PCC04U05:423638:423680 [3] NCCL INFO GPU Direct RDMA Enabled for GPU 2 / HCA 1 (distance 5 <= 5), read 0 mode Default
MOC-R4PCC04U05:423637:423679 [2] NCCL INFO GPU Direct RDMA Enabled for GPU 1 / HCA 1 (distance 5 <= 5), read 0 mode Default
MOC-R4PCC04U05:423638:423680 [3] NCCL INFO GPU Direct RDMA Enabled for GPU 3 / HCA 1 (distance 5 <= 5), read 0 mode Default
MOC-R4PCC04U05:423637:423679 [2] NCCL INFO GPU Direct RDMA Enabled for GPU 2 / HCA 1 (distance 5 <= 5), read 0 mode Default
MOC-R4PCC04U05:423637:423679 [2] NCCL INFO GPU Direct RDMA Enabled for GPU 3 / HCA 1 (distance 5 <= 5), read 0 mode Default
MOC-R4PCC04U05:423637:423679 [2] NCCL INFO GPU Direct RDMA Enabled for GPU 0 / HCA 1 (distance 5 <= 5), read 0 mode Default
MOC-R4PCC04U05:423637:423679 [2] NCCL INFO GPU Direct RDMA Enabled for GPU 1 / HCA 1 (distance 5 <= 5), read 0 mode Default
MOC-R4PCC04U05:423637:423679 [2] NCCL INFO GPU Direct RDMA Enabled for GPU 2 / HCA 1 (distance 5 <= 5), read 0 mode Default
MOC-R4PCC04U05:423637:423679 [2] NCCL INFO GPU Direct RDMA Enabled for GPU 3 / HCA 1 (distance 5 <= 5), read 0 mode Default
MOC-R4PCC04U05:423637:423701 [2] NCCL INFO GPU Direct RDMA Enabled for GPU 2 / HCA 1 (distance 5 <= 5), read 0 mode Default
MOC-R4PCC04U05:423635:423693 [0] NCCL INFO New proxy send connection 0 from local rank 0, transport 0
MOC-R4PCC04U05:423636:423694 [1] NCCL INFO New proxy recv connection 0 from local rank 1, transport 0
MOC-R4PCC04U05:423636:423700 [1] NCCL INFO Connected to proxy localRank 1 -> connection 0x7f7174004f30
MOC-R4PCC04U05:423635:423702 [0] NCCL INFO Connected to proxy localRank 0 -> connection 0x7fcfd4004f30
MOC-R4PCC04U05:423636:423694 [1] NCCL INFO New proxy recv connection 1 from local rank 1, transport 0
MOC-R4PCC04U05:423636:423700 [1] NCCL INFO Connected to proxy localRank 1 -> connection 0x7f7174004fa8
MOC-R4PCC04U05:423635:423693 [0] NCCL INFO New proxy send connection 1 from local rank 0, transport 0
MOC-R4PCC04U05:423635:423702 [0] NCCL INFO Connected to proxy localRank 0 -> connection 0x7fcfd4004fa8
MOC-R4PCC04U05:423635:423693 [0] NCCL INFO New proxy send connection 2 from local rank 0, transport 0
MOC-R4PCC04U05:423635:423702 [0] NCCL INFO Connected to proxy localRank 0 -> connection 0x7fcfd4005020
MOC-R4PCC04U05:423635:423693 [0] NCCL INFO New proxy send connection 3 from local rank 0, transport 0
MOC-R4PCC04U05:423635:423702 [0] NCCL INFO Connected to proxy localRank 0 -> connection 0x7fcfd4005098
MOC-R4PCC04U05:423636:423694 [1] NCCL INFO New proxy recv connection 2 from local rank 1, transport 0
MOC-R4PCC04U05:423636:423700 [1] NCCL INFO Connected to proxy localRank 1 -> connection 0x7f7174005020
MOC-R4PCC04U05:423638:423692 [3] NCCL INFO New proxy recv connection 0 from local rank 3, transport 0
MOC-R4PCC04U05:423638:423703 [3] NCCL INFO Connected to proxy localRank 3 -> connection 0x7f1440004f30
MOC-R4PCC04U05:423636:423694 [1] NCCL INFO New proxy recv connection 3 from local rank 1, transport 0
MOC-R4PCC04U05:423636:423700 [1] NCCL INFO Connected to proxy localRank 1 -> connection 0x7f7174005098
MOC-R4PCC04U05:423638:423692 [3] NCCL INFO New proxy recv connection 1 from local rank 3, transport 0
MOC-R4PCC04U05:423638:423703 [3] NCCL INFO Connected to proxy localRank 3 -> connection 0x7f1440004fa8
MOC-R4PCC04U05:423638:423692 [3] NCCL INFO New proxy recv connection 2 from local rank 3, transport 0
MOC-R4PCC04U05:423638:423703 [3] NCCL INFO Connected to proxy localRank 3 -> connection 0x7f1440005020
MOC-R4PCC04U05:423636:423694 [1] NCCL INFO New proxy send connection 4 from local rank 1, transport 0
MOC-R4PCC04U05:423636:423700 [1] NCCL INFO Connected to proxy localRank 1 -> connection 0x7f7174005110
MOC-R4PCC04U05:423638:423692 [3] NCCL INFO New proxy recv connection 3 from local rank 3, transport 0
MOC-R4PCC04U05:423636:423694 [1] NCCL INFO New proxy send connection 5 from local rank 1, transport 0
MOC-R4PCC04U05:423638:423703 [3] NCCL INFO Connected to proxy localRank 3 -> connection 0x7f1440005098
MOC-R4PCC04U05:423636:423700 [1] NCCL INFO Connected to proxy localRank 1 -> connection 0x7f7174005188
MOC-R4PCC04U05:423636:423694 [1] NCCL INFO New proxy send connection 6 from local rank 1, transport 0
MOC-R4PCC04U05:423638:423703 [3] NCCL INFO GPU Direct RDMA Enabled for GPU 3 / HCA 1 (distance 5 <= 5), read 1 mode Default
MOC-R4PCC04U05:423636:423700 [1] NCCL INFO Connected to proxy localRank 1 -> connection 0x7f7174005200
MOC-R4PCC04U05:423636:423694 [1] NCCL INFO New proxy send connection 7 from local rank 1, transport 0
MOC-R4PCC04U05:423636:423700 [1] NCCL INFO Connected to proxy localRank 1 -> connection 0x7f7174005278
MOC-R4PCC04U05:423637:423696 [2] NCCL INFO New proxy recv connection 0 from local rank 2, transport 2
MOC-R4PCC04U05:423637:423696 [2] NCCL INFO New proxy send connection 1 from local rank 3, transport 2
MOC-R4PCC04U05:423637:423701 [2] NCCL INFO Connected to proxy localRank 2 -> connection 0x7f69b0004f30
MOC-R4PCC04U05:423638:423703 [3] NCCL INFO Connected to proxy localRank 2 -> connection 0x7f69b0004fa8
MOC-R4PCC04U05:423637:423701 [2] NCCL INFO Channel 00/0 : 7[3] -> 2[2] [receive] via NET/IB/1/GDRDMA
MOC-R4PCC04U05:423637:423701 [2] NCCL INFO GPU Direct RDMA Enabled for GPU 2 / HCA 1 (distance 5 <= 5), read 0 mode Default
MOC-R4PCC04U05:423638:423703 [3] NCCL INFO Channel 00/0 : 3[3] -> 6[2] [send] via NET/IB/1(2)/GDRDMA
MOC-R4PCC04U05:423638:423703 [3] NCCL INFO GPU Direct RDMA Enabled for GPU 3 / HCA 1 (distance 5 <= 5), read 1 mode Default
MOC-R4PCC04U05:423637:423696 [2] NCCL INFO New proxy recv connection 2 from local rank 2, transport 2
MOC-R4PCC04U05:423637:423701 [2] NCCL INFO Connected to proxy localRank 2 -> connection 0x7f69b0005020
MOC-R4PCC04U05:423637:423696 [2] NCCL INFO New proxy send connection 3 from local rank 3, transport 2
MOC-R4PCC04U05:423638:423703 [3] NCCL INFO Connected to proxy localRank 2 -> connection 0x7f69b0005098
MOC-R4PCC04U05:423637:423701 [2] NCCL INFO Channel 01/0 : 7[3] -> 2[2] [receive] via NET/IB/1/GDRDMA
MOC-R4PCC04U05:423637:423701 [2] NCCL INFO GPU Direct RDMA Enabled for GPU 2 / HCA 1 (distance 5 <= 5), read 0 mode Default
MOC-R4PCC04U05:423638:423703 [3] NCCL INFO Channel 01/0 : 3[3] -> 6[2] [send] via NET/IB/1(2)/GDRDMA
MOC-R4PCC04U05:423638:423703 [3] NCCL INFO GPU Direct RDMA Enabled for GPU 3 / HCA 1 (distance 5 <= 5), read 1 mode Default
MOC-R4PCC04U05:423637:423696 [2] NCCL INFO New proxy recv connection 4 from local rank 2, transport 2
MOC-R4PCC04U05:423637:423701 [2] NCCL INFO Connected to proxy localRank 2 -> connection 0x7f69b0005110
MOC-R4PCC04U05:423637:423696 [2] NCCL INFO New proxy send connection 5 from local rank 3, transport 2
MOC-R4PCC04U05:423638:423703 [3] NCCL INFO Connected to proxy localRank 2 -> connection 0x7f69b0005188
MOC-R4PCC04U05:423637:423701 [2] NCCL INFO Channel 02/0 : 7[3] -> 2[2] [receive] via NET/IB/1/GDRDMA
MOC-R4PCC04U05:423637:423701 [2] NCCL INFO GPU Direct RDMA Enabled for GPU 2 / HCA 1 (distance 5 <= 5), read 0 mode Default
MOC-R4PCC04U05:423638:423703 [3] NCCL INFO Channel 02/0 : 3[3] -> 6[2] [send] via NET/IB/1(2)/GDRDMA
MOC-R4PCC04U05:423638:423703 [3] NCCL INFO GPU Direct RDMA Enabled for GPU 3 / HCA 1 (distance 5 <= 5), read 1 mode Default
MOC-R4PCC04U05:423637:423696 [2] NCCL INFO New proxy recv connection 6 from local rank 2, transport 2
MOC-R4PCC04U05:423637:423701 [2] NCCL INFO Connected to proxy localRank 2 -> connection 0x7f69b0005200
MOC-R4PCC04U05:423637:423696 [2] NCCL INFO New proxy send connection 7 from local rank 3, transport 2
MOC-R4PCC04U05:423638:423703 [3] NCCL INFO Connected to proxy localRank 2 -> connection 0x7f69b0005278
MOC-R4PCC04U05:423637:423701 [2] NCCL INFO Channel 03/0 : 7[3] -> 2[2] [receive] via NET/IB/1/GDRDMA
MOC-R4PCC04U05:423638:423703 [3] NCCL INFO Channel 03/0 : 3[3] -> 6[2] [send] via NET/IB/1(2)/GDRDMA
MOC-R4PCC04U05:423635:423693 [0] NCCL INFO New proxy recv connection 4 from local rank 0, transport 0
MOC-R4PCC04U05:423635:423702 [0] NCCL INFO Connected to proxy localRank 0 -> connection 0x7fcfd4005110
MOC-R4PCC04U05:423635:423693 [0] NCCL INFO New proxy recv connection 5 from local rank 0, transport 0
MOC-R4PCC04U05:423635:423702 [0] NCCL INFO Connected to proxy localRank 0 -> connection 0x7fcfd4005188
MOC-R4PCC04U05:423635:423693 [0] NCCL INFO New proxy send connection 6 from local rank 3, transport 0
MOC-R4PCC04U05:423638:423703 [3] NCCL INFO Connected to proxy localRank 0 -> connection 0x7fcfd4005200
MOC-R4PCC04U05:423635:423693 [0] NCCL INFO New proxy recv connection 7 from local rank 0, transport 0
MOC-R4PCC04U05:423635:423702 [0] NCCL INFO Connected to proxy localRank 0 -> connection 0x7fcfd4005278
MOC-R4PCC04U05:423635:423693 [0] NCCL INFO New proxy recv connection 8 from local rank 0, transport 0
MOC-R4PCC04U05:423635:423702 [0] NCCL INFO Connected to proxy localRank 0 -> connection 0x7fcfd40052f0
MOC-R4PCC04U05:423637:423696 [2] NCCL INFO NET/IB: NCCL Dev 1 IbDev 0 Port 1 qpn 6230 mtu 3 query_ece={supported=1, vendor_id=0x15b3, options=0x30000002, comp_mask=0x0} GID 3 (0/C132A8C0FFFF0000) fifoRkey=0x17a767 fifoLkey=0x17a767
MOC-R4PCC04U05:423637:423696 [2] NCCL INFO New proxy send connection 8 from local rank 2, transport 0
MOC-R4PCC04U05:423637:423701 [2] NCCL INFO Connected to proxy localRank 2 -> connection 0x7f69b00052f0
MOC-R4PCC04U05:423638:423692 [3] NCCL INFO New proxy send connection 4 from local rank 0, transport 0
MOC-R4PCC04U05:423635:423702 [0] NCCL INFO Connected to proxy localRank 3 -> connection 0x7f1440005110
MOC-R4PCC04U05:423637:423696 [2] NCCL INFO NET/IB: IbDev 0 Port 1 qpn 6470 set_ece={supported=1, vendor_id=0x15b3, options=0x0, comp_mask=0x0}
MOC-R4PCC04U05:423637:423696 [2] NCCL INFO New proxy send connection 9 from local rank 2, transport 0
MOC-R4PCC04U05:423637:423701 [2] NCCL INFO Connected to proxy localRank 2 -> connection 0x7f69b0005368
MOC-R4PCC04U05:423637:423696 [2] NCCL INFO New proxy send connection 10 from local rank 2, transport 0
MOC-R4PCC04U05:423637:423701 [2] NCCL INFO Connected to proxy localRank 2 -> connection 0x7f69b00053e0
MOC-R4PCC04U05:423637:423696 [2] NCCL INFO New proxy send connection 11 from local rank 2, transport 0
MOC-R4PCC04U05:423637:423701 [2] NCCL INFO Connected to proxy localRank 2 -> connection 0x7f69b0005458
MOC-R4PCC04U05:423635:423693 [0] NCCL INFO New proxy send connection 9 from local rank 1, transport 0
MOC-R4PCC04U05:423636:423700 [1] NCCL INFO Connected to proxy localRank 0 -> connection 0x7fcfd4005368
MOC-R4PCC04U05:423636:423694 [1] NCCL INFO New proxy send connection 8 from local rank 2, transport 0
MOC-R4PCC04U05:423637:423701 [2] NCCL INFO Connected to proxy localRank 1 -> connection 0x7f71740052f0
MOC-R4PCC04U05:423637:423696 [2] NCCL INFO NET/IB: NCCL Dev 1 IbDev 0 Port 1 qpn 6231 mtu 3 query_ece={supported=1, vendor_id=0x15b3, options=0x30000002, comp_mask=0x0} GID 3 (0/C132A8C0FFFF0000) fifoRkey=0x179c5b fifoLkey=0x179c5b
MOC-R4PCC04U05:423637:423696 [2] NCCL INFO NET/IB: NCCL Dev 1 IbDev 0 Port 1 qpn 6232 mtu 3 query_ece={supported=1, vendor_id=0x15b3, options=0x30000002, comp_mask=0x0} GID 3 (0/C132A8C0FFFF0000) fifoRkey=0x178443 fifoLkey=0x178443
MOC-R4PCC04U05:423637:423696 [2] NCCL INFO NET/IB: NCCL Dev 1 IbDev 0 Port 1 qpn 6233 mtu 3 query_ece={supported=1, vendor_id=0x15b3, options=0x30000002, comp_mask=0x0} GID 3 (0/C132A8C0FFFF0000) fifoRkey=0x17cb8a fifoLkey=0x17cb8a
MOC-R4PCC04U05:423637:423696 [2] NCCL INFO NET/IB: IbDev 0 Port 1 qpn 6473 set_ece={supported=1, vendor_id=0x15b3, options=0x0, comp_mask=0x0}
MOC-R4PCC04U05:423637:423696 [2] NCCL INFO NET/IB: IbDev 0 Port 1 qpn 6475 set_ece={supported=1, vendor_id=0x15b3, options=0x0, comp_mask=0x0}
MOC-R4PCC04U05:423636:423694 [1] NCCL INFO New proxy send connection 9 from local rank 0, transport 0
MOC-R4PCC04U05:423635:423702 [0] NCCL INFO Connected to proxy localRank 1 -> connection 0x7f7174005368
MOC-R4PCC04U05:423637:423696 [2] NCCL INFO NET/IB: IbDev 0 Port 1 qpn 6477 set_ece={supported=1, vendor_id=0x15b3, options=0x0, comp_mask=0x0}
MOC-R4PCC04U05:423637:423696 [2] NCCL INFO New proxy send connection 12 from local rank 3, transport 0
MOC-R4PCC04U05:423638:423703 [3] NCCL INFO Connected to proxy localRank 2 -> connection 0x7f69b00054d0
MOC-R4PCC04U05:423637:423696 [2] NCCL INFO New proxy send connection 13 from local rank 1, transport 0
MOC-R4PCC04U05:423636:423700 [1] NCCL INFO Connected to proxy localRank 2 -> connection 0x7f69b0005548
num decayed parameter tensors: 50, with 124,318,464 parameters
num non-decayed parameter tensors: 98, with 121,344 parameters
using fused AdamW: False
using regular AdamW
MOC-R4PCC04U05:423638:423692 [3] NCCL INFO New proxy recv connection 5 from local rank 3, transport 0
MOC-R4PCC04U05:423638:424393 [3] NCCL INFO Connected to proxy localRank 3 -> connection 0x7f1440005188
MOC-R4PCC04U05:423638:423692 [3] NCCL INFO New proxy recv connection 6 from local rank 3, transport 0
MOC-R4PCC04U05:423638:424393 [3] NCCL INFO Connected to proxy localRank 3 -> connection 0x7f1440005200
MOC-R4PCC04U05:423638:423692 [3] NCCL INFO New proxy recv connection 7 from local rank 3, transport 0
MOC-R4PCC04U05:423638:424393 [3] NCCL INFO Connected to proxy localRank 3 -> connection 0x7f1440005278
MOC-R4PCC04U05:423638:423692 [3] NCCL INFO New proxy recv connection 8 from local rank 3, transport 0
MOC-R4PCC04U05:423638:424393 [3] NCCL INFO Connected to proxy localRank 3 -> connection 0x7f14400052f0
MOC-R4PCC04U05:423635:423693 [0] NCCL INFO New proxy send connection 10 from local rank 0, transport 0
MOC-R4PCC04U05:423635:424394 [0] NCCL INFO Connected to proxy localRank 0 -> connection 0x7fcfd40053e0
MOC-R4PCC04U05:423635:423693 [0] NCCL INFO New proxy send connection 11 from local rank 0, transport 0
MOC-R4PCC04U05:423635:424394 [0] NCCL INFO Connected to proxy localRank 0 -> connection 0x7fcfd4005458
MOC-R4PCC04U05:423635:423693 [0] NCCL INFO New proxy send connection 12 from local rank 0, transport 0
MOC-R4PCC04U05:423635:424394 [0] NCCL INFO Connected to proxy localRank 0 -> connection 0x7fcfd40054d0
MOC-R4PCC04U05:423635:423693 [0] NCCL INFO New proxy send connection 13 from local rank 0, transport 0
MOC-R4PCC04U05:423635:424394 [0] NCCL INFO Connected to proxy localRank 0 -> connection 0x7fcfd4005548
MOC-R4PCC04U05:423636:423694 [1] NCCL INFO New proxy recv connection 10 from local rank 1, transport 0
MOC-R4PCC04U05:423636:424395 [1] NCCL INFO Connected to proxy localRank 1 -> connection 0x7f71740053e0
MOC-R4PCC04U05:423636:423694 [1] NCCL INFO New proxy recv connection 11 from local rank 1, transport 0
MOC-R4PCC04U05:423636:424395 [1] NCCL INFO Connected to proxy localRank 1 -> connection 0x7f7174005458
MOC-R4PCC04U05:423636:423694 [1] NCCL INFO New proxy recv connection 12 from local rank 1, transport 0
MOC-R4PCC04U05:423636:424395 [1] NCCL INFO Connected to proxy localRank 1 -> connection 0x7f71740054d0
MOC-R4PCC04U05:423636:423694 [1] NCCL INFO New proxy recv connection 13 from local rank 1, transport 0
MOC-R4PCC04U05:423636:424395 [1] NCCL INFO Connected to proxy localRank 1 -> connection 0x7f7174005548
MOC-R4PCC04U05:423635:423693 [0] NCCL INFO New proxy recv connection 14 from local rank 0, transport 0
MOC-R4PCC04U05:423635:424394 [0] NCCL INFO Connected to proxy localRank 0 -> connection 0x7fcfd40055c0
MOC-R4PCC04U05:423635:423693 [0] NCCL INFO New proxy recv connection 15 from local rank 0, transport 0
MOC-R4PCC04U05:423635:424394 [0] NCCL INFO Connected to proxy localRank 0 -> connection 0x7fcfd4005638
MOC-R4PCC04U05:423635:423693 [0] NCCL INFO New proxy recv connection 16 from local rank 0, transport 0
MOC-R4PCC04U05:423635:424394 [0] NCCL INFO Connected to proxy localRank 0 -> connection 0x7fcfd40056b0
MOC-R4PCC04U05:423635:423693 [0] NCCL INFO New proxy recv connection 17 from local rank 0, transport 0
MOC-R4PCC04U05:423635:424394 [0] NCCL INFO Connected to proxy localRank 0 -> connection 0x7fcfd4005728
MOC-R4PCC04U05:423637:423696 [2] NCCL INFO New proxy send connection 14 from local rank 2, transport 0
MOC-R4PCC04U05:423637:424396 [2] NCCL INFO Connected to proxy localRank 2 -> connection 0x7f69b00055c0
MOC-R4PCC04U05:423637:423696 [2] NCCL INFO New proxy send connection 15 from local rank 2, transport 0
MOC-R4PCC04U05:423637:424396 [2] NCCL INFO Connected to proxy localRank 2 -> connection 0x7f69b0005638
MOC-R4PCC04U05:423637:423696 [2] NCCL INFO New proxy send connection 16 from local rank 2, transport 0
MOC-R4PCC04U05:423637:424396 [2] NCCL INFO Connected to proxy localRank 2 -> connection 0x7f69b00056b0
MOC-R4PCC04U05:423637:423696 [2] NCCL INFO New proxy send connection 17 from local rank 2, transport 0
MOC-R4PCC04U05:423637:424396 [2] NCCL INFO Connected to proxy localRank 2 -> connection 0x7f69b0005728
MOC-R4PCC04U05:423637:424396 [2] NCCL INFO GPU Direct RDMA Enabled for GPU 2 / HCA 1 (distance 5 <= 5), read 0 mode Default
MOC-R4PCC04U05:423637:423696 [2] NCCL INFO New proxy recv connection 18 from local rank 2, transport 2
MOC-R4PCC04U05:423637:424396 [2] NCCL INFO Connected to proxy localRank 2 -> connection 0x7f69b00057a0
MOC-R4PCC04U05:423637:424396 [2] NCCL INFO Channel 00/0 : 6[2] -> 2[2] [receive] via NET/IB/1/GDRDMA
MOC-R4PCC04U05:423637:424396 [2] NCCL INFO GPU Direct RDMA Enabled for GPU 2 / HCA 1 (distance 5 <= 5), read 0 mode Default
MOC-R4PCC04U05:423637:423696 [2] NCCL INFO New proxy recv connection 19 from local rank 2, transport 2
MOC-R4PCC04U05:423637:424396 [2] NCCL INFO Connected to proxy localRank 2 -> connection 0x7f69b0005818
MOC-R4PCC04U05:423637:424396 [2] NCCL INFO Channel 01/0 : 6[2] -> 2[2] [receive] via NET/IB/1/GDRDMA
MOC-R4PCC04U05:423637:424396 [2] NCCL INFO GPU Direct RDMA Enabled for GPU 2 / HCA 1 (distance 5 <= 5), read 0 mode Default
MOC-R4PCC04U05:423637:423696 [2] NCCL INFO New proxy recv connection 20 from local rank 2, transport 2
MOC-R4PCC04U05:423637:424396 [2] NCCL INFO Connected to proxy localRank 2 -> connection 0x7f69b0005890
MOC-R4PCC04U05:423637:424396 [2] NCCL INFO Channel 02/0 : 6[2] -> 2[2] [receive] via NET/IB/1/GDRDMA
MOC-R4PCC04U05:423637:424396 [2] NCCL INFO GPU Direct RDMA Enabled for GPU 2 / HCA 1 (distance 5 <= 5), read 0 mode Default
MOC-R4PCC04U05:423637:423696 [2] NCCL INFO New proxy recv connection 21 from local rank 2, transport 2
MOC-R4PCC04U05:423637:424396 [2] NCCL INFO Connected to proxy localRank 2 -> connection 0x7f69b0005908
MOC-R4PCC04U05:423637:424396 [2] NCCL INFO Channel 03/0 : 6[2] -> 2[2] [receive] via NET/IB/1/GDRDMA
MOC-R4PCC04U05:423637:424396 [2] NCCL INFO GPU Direct RDMA Enabled for GPU 2 / HCA 1 (distance 5 <= 5), read 1 mode Default
MOC-R4PCC04U05:423637:423696 [2] NCCL INFO New proxy send connection 22 from local rank 2, transport 2
MOC-R4PCC04U05:423638:423692 [3] NCCL INFO New proxy send connection 9 from local rank 3, transport 0
MOC-R4PCC04U05:423637:424396 [2] NCCL INFO Connected to proxy localRank 2 -> connection 0x7f69b0005980
MOC-R4PCC04U05:423638:424393 [3] NCCL INFO Connected to proxy localRank 3 -> connection 0x7f1440005368
MOC-R4PCC04U05:423637:424396 [2] NCCL INFO Channel 00/0 : 2[2] -> 6[2] [send] via NET/IB/1/GDRDMA
MOC-R4PCC04U05:423637:424396 [2] NCCL INFO GPU Direct RDMA Enabled for GPU 2 / HCA 1 (distance 5 <= 5), read 1 mode Default
MOC-R4PCC04U05:423637:423696 [2] NCCL INFO New proxy send connection 23 from local rank 2, transport 2
MOC-R4PCC04U05:423637:424396 [2] NCCL INFO Connected to proxy localRank 2 -> connection 0x7f69b00059f8
MOC-R4PCC04U05:423637:424396 [2] NCCL INFO Channel 01/0 : 2[2] -> 6[2] [send] via NET/IB/1/GDRDMA
MOC-R4PCC04U05:423637:424396 [2] NCCL INFO GPU Direct RDMA Enabled for GPU 2 / HCA 1 (distance 5 <= 5), read 1 mode Default
MOC-R4PCC04U05:423637:423696 [2] NCCL INFO New proxy send connection 24 from local rank 2, transport 2
MOC-R4PCC04U05:423637:424396 [2] NCCL INFO Connected to proxy localRank 2 -> connection 0x7f69b0005a70
MOC-R4PCC04U05:423637:424396 [2] NCCL INFO Channel 02/0 : 2[2] -> 6[2] [send] via NET/IB/1/GDRDMA
MOC-R4PCC04U05:423637:424396 [2] NCCL INFO GPU Direct RDMA Enabled for GPU 2 / HCA 1 (distance 5 <= 5), read 1 mode Default
MOC-R4PCC04U05:423637:423696 [2] NCCL INFO New proxy send connection 25 from local rank 2, transport 2
MOC-R4PCC04U05:423637:424396 [2] NCCL INFO Connected to proxy localRank 2 -> connection 0x7f69b0005ae8
MOC-R4PCC04U05:423637:424396 [2] NCCL INFO Channel 03/0 : 2[2] -> 6[2] [send] via NET/IB/1/GDRDMA
MOC-R4PCC04U05:423638:423692 [3] NCCL INFO New proxy send connection 10 from local rank 3, transport 0
MOC-R4PCC04U05:423638:424393 [3] NCCL INFO Connected to proxy localRank 3 -> connection 0x7f14400053e0
MOC-R4PCC04U05:423638:423692 [3] NCCL INFO New proxy send connection 11 from local rank 3, transport 0
MOC-R4PCC04U05:423638:424393 [3] NCCL INFO Connected to proxy localRank 3 -> connection 0x7f1440005458
MOC-R4PCC04U05:423637:423696 [2] NCCL INFO New proxy recv connection 26 from local rank 2, transport 0
MOC-R4PCC04U05:423637:424396 [2] NCCL INFO Connected to proxy localRank 2 -> connection 0x7f69b0005b60
MOC-R4PCC04U05:423638:423692 [3] NCCL INFO New proxy send connection 12 from local rank 3, transport 0
MOC-R4PCC04U05:423638:424393 [3] NCCL INFO Connected to proxy localRank 3 -> connection 0x7f14400054d0
MOC-R4PCC04U05:423637:423696 [2] NCCL INFO New proxy recv connection 27 from local rank 2, transport 0
MOC-R4PCC04U05:423637:424396 [2] NCCL INFO Connected to proxy localRank 2 -> connection 0x7f69b0005bd8
MOC-R4PCC04U05:423637:423696 [2] NCCL INFO New proxy recv connection 28 from local rank 2, transport 0
MOC-R4PCC04U05:423637:424396 [2] NCCL INFO Connected to proxy localRank 2 -> connection 0x7f69b0005c50
MOC-R4PCC04U05:423638:423692 [3] NCCL INFO New proxy send connection 13 from local rank 3, transport 0
MOC-R4PCC04U05:423638:424393 [3] NCCL INFO Connected to proxy localRank 3 -> connection 0x7f1440005548
MOC-R4PCC04U05:423637:423696 [2] NCCL INFO New proxy recv connection 29 from local rank 2, transport 0
MOC-R4PCC04U05:423637:424396 [2] NCCL INFO Connected to proxy localRank 2 -> connection 0x7f69b0005cc8
MOC-R4PCC04U05:423638:423692 [3] NCCL INFO New proxy send connection 14 from local rank 3, transport 0
MOC-R4PCC04U05:423638:424393 [3] NCCL INFO Connected to proxy localRank 3 -> connection 0x7f14400055c0
MOC-R4PCC04U05:423638:423692 [3] NCCL INFO New proxy send connection 15 from local rank 3, transport 0
MOC-R4PCC04U05:423638:424393 [3] NCCL INFO Connected to proxy localRank 3 -> connection 0x7f1440005638
MOC-R4PCC04U05:423638:423692 [3] NCCL INFO New proxy send connection 16 from local rank 3, transport 0
MOC-R4PCC04U05:423638:424393 [3] NCCL INFO Connected to proxy localRank 3 -> connection 0x7f14400056b0
MOC-R4PCC04U05:423638:423692 [3] NCCL INFO New proxy send connection 17 from local rank 2, transport 0
MOC-R4PCC04U05:423637:424396 [2] NCCL INFO Connected to proxy localRank 3 -> connection 0x7f1440005728
MOC-R4PCC04U05:423637:423696 [2] NCCL INFO NET/IB: NCCL Dev 1 IbDev 0 Port 1 qpn 6242 mtu 3 query_ece={supported=1, vendor_id=0x15b3, options=0x30000002, comp_mask=0x0} GID 3 (0/C132A8C0FFFF0000) fifoRkey=0x174705 fifoLkey=0x174705
MOC-R4PCC04U05:423637:423696 [2] NCCL INFO NET/IB: IbDev 0 Port 1 qpn 6483 set_ece={supported=1, vendor_id=0x15b3, options=0x0, comp_mask=0x0}
MOC-R4PCC04U05:423637:423696 [2] NCCL INFO NET/IB: NCCL Dev 1 IbDev 0 Port 1 qpn 6245 mtu 3 query_ece={supported=1, vendor_id=0x15b3, options=0x30000002, comp_mask=0x0} GID 3 (0/C132A8C0FFFF0000) fifoRkey=0x180dcc fifoLkey=0x180dcc
MOC-R4PCC04U05:423637:423696 [2] NCCL INFO NET/IB: IbDev 0 Port 1 qpn 6486 set_ece={supported=1, vendor_id=0x15b3, options=0x0, comp_mask=0x0}
MOC-R4PCC04U05:423637:423696 [2] NCCL INFO NET/IB: NCCL Dev 1 IbDev 0 Port 1 qpn 6248 mtu 3 query_ece={supported=1, vendor_id=0x15b3, options=0x30000002, comp_mask=0x0} GID 3 (0/C132A8C0FFFF0000) fifoRkey=0x177837 fifoLkey=0x177837
MOC-R4PCC04U05:423637:423696 [2] NCCL INFO NET/IB: NCCL Dev 1 IbDev 0 Port 1 qpn 6251 mtu 3 query_ece={supported=1, vendor_id=0x15b3, options=0x30000002, comp_mask=0x0} GID 3 (0/C132A8C0FFFF0000) fifoRkey=0x17601f fifoLkey=0x17601f
MOC-R4PCC04U05:423637:423696 [2] NCCL INFO NET/IB: IbDev 0 Port 1 qpn 6490 set_ece={supported=1, vendor_id=0x15b3, options=0x0, comp_mask=0x0}
MOC-R4PCC04U05:423637:423696 [2] NCCL INFO NET/IB: IbDev 0 Port 1 qpn 6492 set_ece={supported=1, vendor_id=0x15b3, options=0x0, comp_mask=0x0}
step    1/10 | train loss 11.010094 | norm 15.4736 | lr 1.00e-04 | (14177.81 ms | 73959 tok/s)
step    2/10 | train loss 10.132351 | norm 5.7712 | lr 1.00e-04 | (408.98 ms | 2563905 tok/s)
step    3/10 | train loss 9.790421 | norm 2.6207 | lr 1.00e-04 | (339.82 ms | 3085707 tok/s)
step    4/10 | train loss 9.620087 | norm 2.1209 | lr 1.00e-04 | (425.07 ms | 2466810 tok/s)
step    5/10 | train loss 9.536890 | norm 2.1162 | lr 1.00e-04 | (475.41 ms | 2205635 tok/s)
step    6/10 | train loss 9.455262 | norm 2.0053 | lr 1.00e-04 | (429.11 ms | 2443587 tok/s)
step    7/10 | train loss 9.369592 | norm 1.9545 | lr 1.00e-04 | (440.90 ms | 2378276 tok/s)
step    8/10 | train loss 9.277894 | norm 1.9223 | lr 1.00e-04 | (469.95 ms | 2231264 tok/s)
step    9/10 | train loss 9.182255 | norm 1.8716 | lr 1.00e-04 | (419.14 ms | 2501740 tok/s)
step   10/10 | train loss 9.094439 | norm 1.7972 | lr 1.00e-04 | (340.15 ms | 3082651 tok/s)
final 9 iters avg: 416.503ms
peak memory consumption: 16601 MiB
