Running pytorch 2.7.0+cu126
using device: cuda:0
total desired batch size: 2097152
=> calculated gradient accumulation steps: 4
using device: cuda:2
using device: cuda:3
using device: cuda:1
compiling the model...
DataLoader: total number of tokens: 1,661,249,667 across 103 files
MOC-R4PCC04U05:689620:689620 [0] NCCL INFO NCCL_SOCKET_IFNAME set to eno7np0
MOC-R4PCC04U05:689620:689620 [0] NCCL INFO NCCL version 2.26.2+cuda12.2
MOC-R4PCC04U05:689620:689725 [0] NCCL INFO NET/Plugin: Could not find: libnccl-net.so. Using internal net plugin.
MOC-R4PCC04U05:689620:689725 [0] NCCL INFO NCCL_IB_HCA set to mlx5_5
MOC-R4PCC04U05:689620:689725 [0] NCCL INFO NET/IB : Made virtual device [0] name=mlx5_5 speed=400000 ndevs=1
MOC-R4PCC04U05:689620:689725 [0] NCCL INFO NET/IB : Using [0]mlx5_5:1/RoCE [RO]; OOB eno7np0:192.168.50.193<0>
MOC-R4PCC04U05:689623:689623 [3] NCCL INFO NCCL_SOCKET_IFNAME set to eno7np0
MOC-R4PCC04U05:689623:689623 [3] NCCL INFO NCCL version 2.26.2+cuda12.2
MOC-R4PCC04U05:689621:689621 [1] NCCL INFO NCCL_SOCKET_IFNAME set to eno7np0
MOC-R4PCC04U05:689621:689621 [1] NCCL INFO NCCL version 2.26.2+cuda12.2
MOC-R4PCC04U05:689622:689622 [2] NCCL INFO NCCL_SOCKET_IFNAME set to eno7np0
MOC-R4PCC04U05:689622:689622 [2] NCCL INFO NCCL version 2.26.2+cuda12.2
MOC-R4PCC04U05:689623:689748 [3] NCCL INFO NET/Plugin: Could not find: libnccl-net.so. Using internal net plugin.
MOC-R4PCC04U05:689623:689748 [3] NCCL INFO NCCL_IB_HCA set to mlx5_5
MOC-R4PCC04U05:689621:689749 [1] NCCL INFO NET/Plugin: Could not find: libnccl-net.so. Using internal net plugin.
MOC-R4PCC04U05:689621:689749 [1] NCCL INFO NCCL_IB_HCA set to mlx5_5
MOC-R4PCC04U05:689623:689748 [3] NCCL INFO NET/IB : Made virtual device [0] name=mlx5_5 speed=400000 ndevs=1
MOC-R4PCC04U05:689623:689748 [3] NCCL INFO NET/IB : Using [0]mlx5_5:1/RoCE [RO]; OOB eno7np0:192.168.50.193<0>
MOC-R4PCC04U05:689622:689750 [2] NCCL INFO NET/Plugin: Could not find: libnccl-net.so. Using internal net plugin.
MOC-R4PCC04U05:689622:689750 [2] NCCL INFO NCCL_IB_HCA set to mlx5_5
MOC-R4PCC04U05:689621:689749 [1] NCCL INFO NET/IB : Made virtual device [0] name=mlx5_5 speed=400000 ndevs=1
MOC-R4PCC04U05:689621:689749 [1] NCCL INFO NET/IB : Using [0]mlx5_5:1/RoCE [RO]; OOB eno7np0:192.168.50.193<0>
MOC-R4PCC04U05:689622:689750 [2] NCCL INFO NET/IB : Made virtual device [0] name=mlx5_5 speed=400000 ndevs=1
MOC-R4PCC04U05:689622:689750 [2] NCCL INFO NET/IB : Using [0]mlx5_5:1/RoCE [RO]; OOB eno7np0:192.168.50.193<0>
MOC-R4PCC04U05:689620:689725 [0] NCCL INFO NET/IB : GPU Direct RDMA Enabled for HCA 0 'mlx5_5'
MOC-R4PCC04U05:689620:689725 [0] NCCL INFO NET/IB : Made virtual device [1] name=mlx5_5 speed=400000 ndevs=1
MOC-R4PCC04U05:689620:689725 [0] NCCL INFO NET/IB : GPU Direct RDMA Enabled for HCA 0 'mlx5_5'
MOC-R4PCC04U05:689620:689725 [0] NCCL INFO NET/IB : GPU Direct RDMA Enabled for HCA 1 'mlx5_5'
MOC-R4PCC04U05:689622:689750 [2] NCCL INFO NET/IB : GPU Direct RDMA Enabled for HCA 0 'mlx5_5'
MOC-R4PCC04U05:689622:689750 [2] NCCL INFO NET/IB : Made virtual device [1] name=mlx5_5 speed=400000 ndevs=1
MOC-R4PCC04U05:689622:689750 [2] NCCL INFO NET/IB : GPU Direct RDMA Enabled for HCA 0 'mlx5_5'
MOC-R4PCC04U05:689622:689750 [2] NCCL INFO NET/IB : GPU Direct RDMA Enabled for HCA 1 'mlx5_5'
MOC-R4PCC04U05:689621:689749 [1] NCCL INFO NET/IB : GPU Direct RDMA Enabled for HCA 0 'mlx5_5'
MOC-R4PCC04U05:689621:689749 [1] NCCL INFO NET/IB : Made virtual device [1] name=mlx5_5 speed=400000 ndevs=1
MOC-R4PCC04U05:689621:689749 [1] NCCL INFO NET/IB : GPU Direct RDMA Enabled for HCA 0 'mlx5_5'
MOC-R4PCC04U05:689621:689749 [1] NCCL INFO NET/IB : GPU Direct RDMA Enabled for HCA 1 'mlx5_5'
MOC-R4PCC04U05:689623:689748 [3] NCCL INFO NET/IB : GPU Direct RDMA Enabled for HCA 0 'mlx5_5'
MOC-R4PCC04U05:689623:689748 [3] NCCL INFO NET/IB : Made virtual device [1] name=mlx5_5 speed=400000 ndevs=1
MOC-R4PCC04U05:689623:689748 [3] NCCL INFO NET/IB : GPU Direct RDMA Enabled for HCA 0 'mlx5_5'
MOC-R4PCC04U05:689623:689748 [3] NCCL INFO NET/IB : GPU Direct RDMA Enabled for HCA 1 'mlx5_5'
MOC-R4PCC04U05:689621:689749 [1] NCCL INFO GPU Direct RDMA Enabled for GPU 0 / HCA 1 (distance 5 <= 5), read 0 mode Default
MOC-R4PCC04U05:689620:689725 [0] NCCL INFO GPU Direct RDMA Enabled for GPU 0 / HCA 1 (distance 5 <= 5), read 0 mode Default
MOC-R4PCC04U05:689621:689749 [1] NCCL INFO GPU Direct RDMA Enabled for GPU 1 / HCA 1 (distance 5 <= 5), read 0 mode Default
MOC-R4PCC04U05:689620:689725 [0] NCCL INFO GPU Direct RDMA Enabled for GPU 1 / HCA 1 (distance 5 <= 5), read 0 mode Default
MOC-R4PCC04U05:689621:689749 [1] NCCL INFO GPU Direct RDMA Enabled for GPU 2 / HCA 1 (distance 5 <= 5), read 0 mode Default
MOC-R4PCC04U05:689620:689725 [0] NCCL INFO GPU Direct RDMA Enabled for GPU 2 / HCA 1 (distance 5 <= 5), read 0 mode Default
MOC-R4PCC04U05:689621:689749 [1] NCCL INFO GPU Direct RDMA Enabled for GPU 3 / HCA 1 (distance 5 <= 5), read 0 mode Default
MOC-R4PCC04U05:689620:689725 [0] NCCL INFO GPU Direct RDMA Enabled for GPU 3 / HCA 1 (distance 5 <= 5), read 0 mode Default
MOC-R4PCC04U05:689621:689749 [1] NCCL INFO GPU Direct RDMA Enabled for GPU 0 / HCA 1 (distance 5 <= 5), read 0 mode Default
MOC-R4PCC04U05:689621:689749 [1] NCCL INFO GPU Direct RDMA Enabled for GPU 1 / HCA 1 (distance 5 <= 5), read 0 mode Default
MOC-R4PCC04U05:689620:689725 [0] NCCL INFO GPU Direct RDMA Enabled for GPU 0 / HCA 1 (distance 5 <= 5), read 0 mode Default
MOC-R4PCC04U05:689621:689749 [1] NCCL INFO GPU Direct RDMA Enabled for GPU 2 / HCA 1 (distance 5 <= 5), read 0 mode Default
MOC-R4PCC04U05:689620:689725 [0] NCCL INFO GPU Direct RDMA Enabled for GPU 1 / HCA 1 (distance 5 <= 5), read 0 mode Default
MOC-R4PCC04U05:689621:689749 [1] NCCL INFO GPU Direct RDMA Enabled for GPU 3 / HCA 1 (distance 5 <= 5), read 0 mode Default
MOC-R4PCC04U05:689620:689725 [0] NCCL INFO GPU Direct RDMA Enabled for GPU 2 / HCA 1 (distance 5 <= 5), read 0 mode Default
MOC-R4PCC04U05:689620:689725 [0] NCCL INFO GPU Direct RDMA Enabled for GPU 3 / HCA 1 (distance 5 <= 5), read 0 mode Default
MOC-R4PCC04U05:689622:689750 [2] NCCL INFO GPU Direct RDMA Enabled for GPU 0 / HCA 1 (distance 5 <= 5), read 0 mode Default
MOC-R4PCC04U05:689622:689750 [2] NCCL INFO GPU Direct RDMA Enabled for GPU 1 / HCA 1 (distance 5 <= 5), read 0 mode Default
MOC-R4PCC04U05:689622:689750 [2] NCCL INFO GPU Direct RDMA Enabled for GPU 2 / HCA 1 (distance 5 <= 5), read 0 mode Default
MOC-R4PCC04U05:689622:689750 [2] NCCL INFO GPU Direct RDMA Enabled for GPU 3 / HCA 1 (distance 5 <= 5), read 0 mode Default
MOC-R4PCC04U05:689622:689750 [2] NCCL INFO GPU Direct RDMA Enabled for GPU 0 / HCA 1 (distance 5 <= 5), read 0 mode Default
MOC-R4PCC04U05:689623:689748 [3] NCCL INFO GPU Direct RDMA Enabled for GPU 0 / HCA 1 (distance 5 <= 5), read 0 mode Default
MOC-R4PCC04U05:689622:689750 [2] NCCL INFO GPU Direct RDMA Enabled for GPU 1 / HCA 1 (distance 5 <= 5), read 0 mode Default
MOC-R4PCC04U05:689623:689748 [3] NCCL INFO GPU Direct RDMA Enabled for GPU 1 / HCA 1 (distance 5 <= 5), read 0 mode Default
MOC-R4PCC04U05:689622:689750 [2] NCCL INFO GPU Direct RDMA Enabled for GPU 2 / HCA 1 (distance 5 <= 5), read 0 mode Default
MOC-R4PCC04U05:689623:689748 [3] NCCL INFO GPU Direct RDMA Enabled for GPU 2 / HCA 1 (distance 5 <= 5), read 0 mode Default
MOC-R4PCC04U05:689622:689750 [2] NCCL INFO GPU Direct RDMA Enabled for GPU 3 / HCA 1 (distance 5 <= 5), read 0 mode Default
MOC-R4PCC04U05:689623:689748 [3] NCCL INFO GPU Direct RDMA Enabled for GPU 3 / HCA 1 (distance 5 <= 5), read 0 mode Default
MOC-R4PCC04U05:689623:689748 [3] NCCL INFO GPU Direct RDMA Enabled for GPU 0 / HCA 1 (distance 5 <= 5), read 0 mode Default
MOC-R4PCC04U05:689623:689748 [3] NCCL INFO GPU Direct RDMA Enabled for GPU 1 / HCA 1 (distance 5 <= 5), read 0 mode Default
MOC-R4PCC04U05:689623:689748 [3] NCCL INFO GPU Direct RDMA Enabled for GPU 2 / HCA 1 (distance 5 <= 5), read 0 mode Default
MOC-R4PCC04U05:689623:689748 [3] NCCL INFO GPU Direct RDMA Enabled for GPU 3 / HCA 1 (distance 5 <= 5), read 0 mode Default
MOC-R4PCC04U05:689621:689768 [1] NCCL INFO New proxy recv connection 0 from local rank 1, transport 0
MOC-R4PCC04U05:689621:689837 [1] NCCL INFO Connected to proxy localRank 1 -> connection 0x7f9bc4004f30
MOC-R4PCC04U05:689622:689838 [2] NCCL INFO GPU Direct RDMA Enabled for GPU 2 / HCA 1 (distance 5 <= 5), read 0 mode Default
MOC-R4PCC04U05:689622:689764 [2] NCCL INFO New proxy recv connection 0 from local rank 2, transport 2
MOC-R4PCC04U05:689622:689838 [2] NCCL INFO Connected to proxy localRank 2 -> connection 0x7f7824004f30
MOC-R4PCC04U05:689622:689838 [2] NCCL INFO Channel 00/0 : 15[3] -> 2[2] [receive] via NET/IB/1/GDRDMA
MOC-R4PCC04U05:689622:689838 [2] NCCL INFO GPU Direct RDMA Enabled for GPU 2 / HCA 1 (distance 5 <= 5), read 0 mode Default
MOC-R4PCC04U05:689622:689764 [2] NCCL INFO New proxy recv connection 1 from local rank 2, transport 2
MOC-R4PCC04U05:689622:689838 [2] NCCL INFO Connected to proxy localRank 2 -> connection 0x7f7824004fa8
MOC-R4PCC04U05:689622:689838 [2] NCCL INFO Channel 01/0 : 15[3] -> 2[2] [receive] via NET/IB/1/GDRDMA
MOC-R4PCC04U05:689622:689838 [2] NCCL INFO GPU Direct RDMA Enabled for GPU 2 / HCA 1 (distance 5 <= 5), read 0 mode Default
MOC-R4PCC04U05:689622:689764 [2] NCCL INFO New proxy recv connection 2 from local rank 2, transport 2
MOC-R4PCC04U05:689622:689838 [2] NCCL INFO Connected to proxy localRank 2 -> connection 0x7f7824005020
MOC-R4PCC04U05:689622:689838 [2] NCCL INFO Channel 02/0 : 15[3] -> 2[2] [receive] via NET/IB/1/GDRDMA
MOC-R4PCC04U05:689622:689838 [2] NCCL INFO GPU Direct RDMA Enabled for GPU 2 / HCA 1 (distance 5 <= 5), read 0 mode Default
MOC-R4PCC04U05:689622:689764 [2] NCCL INFO New proxy recv connection 3 from local rank 2, transport 2
MOC-R4PCC04U05:689622:689838 [2] NCCL INFO Connected to proxy localRank 2 -> connection 0x7f7824005098
MOC-R4PCC04U05:689622:689838 [2] NCCL INFO Channel 03/0 : 15[3] -> 2[2] [receive] via NET/IB/1/GDRDMA
MOC-R4PCC04U05:689621:689768 [1] NCCL INFO New proxy recv connection 1 from local rank 1, transport 0
MOC-R4PCC04U05:689621:689837 [1] NCCL INFO Connected to proxy localRank 1 -> connection 0x7f9bc4004fa8
MOC-R4PCC04U05:689620:689763 [0] NCCL INFO New proxy send connection 0 from local rank 0, transport 0
MOC-R4PCC04U05:689620:689840 [0] NCCL INFO Connected to proxy localRank 0 -> connection 0x7f155c004f30
MOC-R4PCC04U05:689620:689763 [0] NCCL INFO New proxy send connection 1 from local rank 0, transport 0
MOC-R4PCC04U05:689620:689840 [0] NCCL INFO Connected to proxy localRank 0 -> connection 0x7f155c004fa8
MOC-R4PCC04U05:689621:689768 [1] NCCL INFO New proxy recv connection 2 from local rank 1, transport 0
MOC-R4PCC04U05:689621:689837 [1] NCCL INFO Connected to proxy localRank 1 -> connection 0x7f9bc4005020
MOC-R4PCC04U05:689623:689762 [3] NCCL INFO New proxy recv connection 0 from local rank 3, transport 0
MOC-R4PCC04U05:689620:689763 [0] NCCL INFO New proxy send connection 2 from local rank 0, transport 0
MOC-R4PCC04U05:689620:689840 [0] NCCL INFO Connected to proxy localRank 0 -> connection 0x7f155c005020
MOC-R4PCC04U05:689623:689841 [3] NCCL INFO Connected to proxy localRank 3 -> connection 0x7f2be0004f30
MOC-R4PCC04U05:689621:689768 [1] NCCL INFO New proxy recv connection 3 from local rank 1, transport 0
MOC-R4PCC04U05:689621:689837 [1] NCCL INFO Connected to proxy localRank 1 -> connection 0x7f9bc4005098
MOC-R4PCC04U05:689621:689768 [1] NCCL INFO New proxy send connection 4 from local rank 1, transport 0
MOC-R4PCC04U05:689621:689837 [1] NCCL INFO Connected to proxy localRank 1 -> connection 0x7f9bc4005110
MOC-R4PCC04U05:689620:689763 [0] NCCL INFO New proxy send connection 3 from local rank 0, transport 0
MOC-R4PCC04U05:689620:689840 [0] NCCL INFO Connected to proxy localRank 0 -> connection 0x7f155c005098
MOC-R4PCC04U05:689621:689768 [1] NCCL INFO New proxy send connection 5 from local rank 1, transport 0
MOC-R4PCC04U05:689623:689762 [3] NCCL INFO New proxy recv connection 1 from local rank 3, transport 0
MOC-R4PCC04U05:689621:689837 [1] NCCL INFO Connected to proxy localRank 1 -> connection 0x7f9bc4005188
MOC-R4PCC04U05:689623:689841 [3] NCCL INFO Connected to proxy localRank 3 -> connection 0x7f2be0004fa8
MOC-R4PCC04U05:689623:689762 [3] NCCL INFO New proxy recv connection 2 from local rank 3, transport 0
MOC-R4PCC04U05:689623:689841 [3] NCCL INFO Connected to proxy localRank 3 -> connection 0x7f2be0005020
MOC-R4PCC04U05:689621:689768 [1] NCCL INFO New proxy send connection 6 from local rank 1, transport 0
MOC-R4PCC04U05:689623:689762 [3] NCCL INFO New proxy recv connection 3 from local rank 3, transport 0
MOC-R4PCC04U05:689621:689837 [1] NCCL INFO Connected to proxy localRank 1 -> connection 0x7f9bc4005200
MOC-R4PCC04U05:689623:689841 [3] NCCL INFO Connected to proxy localRank 3 -> connection 0x7f2be0005098
MOC-R4PCC04U05:689621:689768 [1] NCCL INFO New proxy send connection 7 from local rank 1, transport 0
MOC-R4PCC04U05:689621:689837 [1] NCCL INFO Connected to proxy localRank 1 -> connection 0x7f9bc4005278
MOC-R4PCC04U05:689623:689841 [3] NCCL INFO GPU Direct RDMA Enabled for GPU 3 / HCA 1 (distance 5 <= 5), read 1 mode Default
MOC-R4PCC04U05:689622:689764 [2] NCCL INFO New proxy send connection 4 from local rank 3, transport 2
MOC-R4PCC04U05:689623:689841 [3] NCCL INFO Connected to proxy localRank 2 -> connection 0x7f7824005110
MOC-R4PCC04U05:689623:689841 [3] NCCL INFO Channel 00/0 : 3[3] -> 6[2] [send] via NET/IB/1(2)/GDRDMA
MOC-R4PCC04U05:689623:689841 [3] NCCL INFO GPU Direct RDMA Enabled for GPU 3 / HCA 1 (distance 5 <= 5), read 1 mode Default
MOC-R4PCC04U05:689622:689764 [2] NCCL INFO New proxy send connection 5 from local rank 3, transport 2
MOC-R4PCC04U05:689623:689841 [3] NCCL INFO Connected to proxy localRank 2 -> connection 0x7f7824005188
MOC-R4PCC04U05:689623:689841 [3] NCCL INFO Channel 01/0 : 3[3] -> 6[2] [send] via NET/IB/1(2)/GDRDMA
MOC-R4PCC04U05:689623:689841 [3] NCCL INFO GPU Direct RDMA Enabled for GPU 3 / HCA 1 (distance 5 <= 5), read 1 mode Default
MOC-R4PCC04U05:689622:689764 [2] NCCL INFO New proxy send connection 6 from local rank 3, transport 2
MOC-R4PCC04U05:689623:689841 [3] NCCL INFO Connected to proxy localRank 2 -> connection 0x7f7824005200
MOC-R4PCC04U05:689623:689841 [3] NCCL INFO Channel 02/0 : 3[3] -> 6[2] [send] via NET/IB/1(2)/GDRDMA
MOC-R4PCC04U05:689623:689841 [3] NCCL INFO GPU Direct RDMA Enabled for GPU 3 / HCA 1 (distance 5 <= 5), read 1 mode Default
MOC-R4PCC04U05:689622:689764 [2] NCCL INFO New proxy send connection 7 from local rank 3, transport 2
MOC-R4PCC04U05:689623:689841 [3] NCCL INFO Connected to proxy localRank 2 -> connection 0x7f7824005278
MOC-R4PCC04U05:689623:689841 [3] NCCL INFO Channel 03/0 : 3[3] -> 6[2] [send] via NET/IB/1(2)/GDRDMA
MOC-R4PCC04U05:689620:689763 [0] NCCL INFO New proxy recv connection 4 from local rank 0, transport 0
MOC-R4PCC04U05:689620:689840 [0] NCCL INFO Connected to proxy localRank 0 -> connection 0x7f155c005110
MOC-R4PCC04U05:689620:689763 [0] NCCL INFO New proxy recv connection 5 from local rank 0, transport 0
MOC-R4PCC04U05:689620:689840 [0] NCCL INFO Connected to proxy localRank 0 -> connection 0x7f155c005188
MOC-R4PCC04U05:689620:689763 [0] NCCL INFO New proxy send connection 6 from local rank 3, transport 0
MOC-R4PCC04U05:689623:689841 [3] NCCL INFO Connected to proxy localRank 0 -> connection 0x7f155c005200
MOC-R4PCC04U05:689620:689763 [0] NCCL INFO New proxy recv connection 7 from local rank 0, transport 0
MOC-R4PCC04U05:689620:689840 [0] NCCL INFO Connected to proxy localRank 0 -> connection 0x7f155c005278
MOC-R4PCC04U05:689620:689763 [0] NCCL INFO New proxy recv connection 8 from local rank 0, transport 0
MOC-R4PCC04U05:689620:689840 [0] NCCL INFO Connected to proxy localRank 0 -> connection 0x7f155c0052f0
MOC-R4PCC04U05:689622:689764 [2] NCCL INFO New proxy send connection 8 from local rank 2, transport 0
MOC-R4PCC04U05:689622:689838 [2] NCCL INFO Connected to proxy localRank 2 -> connection 0x7f78240052f0
MOC-R4PCC04U05:689623:689762 [3] NCCL INFO New proxy send connection 4 from local rank 0, transport 0
MOC-R4PCC04U05:689620:689840 [0] NCCL INFO Connected to proxy localRank 3 -> connection 0x7f2be0005110
MOC-R4PCC04U05:689622:689764 [2] NCCL INFO New proxy send connection 9 from local rank 2, transport 0
MOC-R4PCC04U05:689622:689838 [2] NCCL INFO Connected to proxy localRank 2 -> connection 0x7f7824005368
MOC-R4PCC04U05:689622:689764 [2] NCCL INFO New proxy send connection 10 from local rank 2, transport 0
MOC-R4PCC04U05:689622:689838 [2] NCCL INFO Connected to proxy localRank 2 -> connection 0x7f78240053e0
MOC-R4PCC04U05:689622:689764 [2] NCCL INFO New proxy send connection 11 from local rank 2, transport 0
MOC-R4PCC04U05:689622:689838 [2] NCCL INFO Connected to proxy localRank 2 -> connection 0x7f7824005458
MOC-R4PCC04U05:689620:689763 [0] NCCL INFO New proxy send connection 9 from local rank 1, transport 0
MOC-R4PCC04U05:689621:689837 [1] NCCL INFO Connected to proxy localRank 0 -> connection 0x7f155c005368
MOC-R4PCC04U05:689621:689768 [1] NCCL INFO New proxy send connection 8 from local rank 2, transport 0
MOC-R4PCC04U05:689622:689838 [2] NCCL INFO Connected to proxy localRank 1 -> connection 0x7f9bc40052f0
MOC-R4PCC04U05:689622:689764 [2] NCCL INFO NET/IB: NCCL Dev 1 IbDev 0 Port 1 qpn 11330 mtu 3 query_ece={supported=1, vendor_id=0x15b3, options=0x30000002, comp_mask=0x0} GID 3 (0/C132A8C0FFFF0000) fifoRkey=0x174705 fifoLkey=0x174705
MOC-R4PCC04U05:689622:689764 [2] NCCL INFO NET/IB: NCCL Dev 1 IbDev 0 Port 1 qpn 11331 mtu 3 query_ece={supported=1, vendor_id=0x15b3, options=0x30000002, comp_mask=0x0} GID 3 (0/C132A8C0FFFF0000) fifoRkey=0x17d796 fifoLkey=0x17d796
MOC-R4PCC04U05:689622:689764 [2] NCCL INFO NET/IB: IbDev 0 Port 1 qpn 11499 set_ece={supported=1, vendor_id=0x15b3, options=0x0, comp_mask=0x0}
MOC-R4PCC04U05:689621:689768 [1] NCCL INFO New proxy send connection 9 from local rank 0, transport 0
MOC-R4PCC04U05:689620:689840 [0] NCCL INFO Connected to proxy localRank 1 -> connection 0x7f9bc4005368
MOC-R4PCC04U05:689622:689764 [2] NCCL INFO NET/IB: IbDev 0 Port 1 qpn 11501 set_ece={supported=1, vendor_id=0x15b3, options=0x0, comp_mask=0x0}
MOC-R4PCC04U05:689622:689764 [2] NCCL INFO NET/IB: NCCL Dev 1 IbDev 0 Port 1 qpn 11336 mtu 3 query_ece={supported=1, vendor_id=0x15b3, options=0x30000002, comp_mask=0x0} GID 3 (0/C132A8C0FFFF0000) fifoRkey=0x17b979 fifoLkey=0x17b979
MOC-R4PCC04U05:689622:689764 [2] NCCL INFO New proxy send connection 12 from local rank 3, transport 0
MOC-R4PCC04U05:689623:689841 [3] NCCL INFO Connected to proxy localRank 2 -> connection 0x7f78240054d0
MOC-R4PCC04U05:689622:689764 [2] NCCL INFO New proxy send connection 13 from local rank 1, transport 0
MOC-R4PCC04U05:689621:689837 [1] NCCL INFO Connected to proxy localRank 2 -> connection 0x7f7824005548
MOC-R4PCC04U05:689622:689764 [2] NCCL INFO NET/IB: IbDev 0 Port 1 qpn 11506 set_ece={supported=1, vendor_id=0x15b3, options=0x0, comp_mask=0x0}
MOC-R4PCC04U05:689622:689764 [2] NCCL INFO NET/IB: NCCL Dev 1 IbDev 0 Port 1 qpn 11339 mtu 3 query_ece={supported=1, vendor_id=0x15b3, options=0x30000002, comp_mask=0x0} GID 3 (0/C132A8C0FFFF0000) fifoRkey=0x175412 fifoLkey=0x175412
MOC-R4PCC04U05:689622:689764 [2] NCCL INFO NET/IB: IbDev 0 Port 1 qpn 11508 set_ece={supported=1, vendor_id=0x15b3, options=0x0, comp_mask=0x0}
num decayed parameter tensors: 50, with 124,318,464 parameters
num non-decayed parameter tensors: 98, with 121,344 parameters
using fused AdamW: False
using regular AdamW
MOC-R4PCC04U05:689623:689762 [3] NCCL INFO New proxy recv connection 5 from local rank 3, transport 0
MOC-R4PCC04U05:689623:690463 [3] NCCL INFO Connected to proxy localRank 3 -> connection 0x7f2be0005188
MOC-R4PCC04U05:689623:689762 [3] NCCL INFO New proxy recv connection 6 from local rank 3, transport 0
MOC-R4PCC04U05:689623:690463 [3] NCCL INFO Connected to proxy localRank 3 -> connection 0x7f2be0005200
MOC-R4PCC04U05:689623:689762 [3] NCCL INFO New proxy recv connection 7 from local rank 3, transport 0
MOC-R4PCC04U05:689623:690463 [3] NCCL INFO Connected to proxy localRank 3 -> connection 0x7f2be0005278
MOC-R4PCC04U05:689623:689762 [3] NCCL INFO New proxy recv connection 8 from local rank 3, transport 0
MOC-R4PCC04U05:689623:690463 [3] NCCL INFO Connected to proxy localRank 3 -> connection 0x7f2be00052f0
MOC-R4PCC04U05:689620:689763 [0] NCCL INFO New proxy send connection 10 from local rank 0, transport 0
MOC-R4PCC04U05:689620:690464 [0] NCCL INFO Connected to proxy localRank 0 -> connection 0x7f155c0053e0
MOC-R4PCC04U05:689620:689763 [0] NCCL INFO New proxy send connection 11 from local rank 0, transport 0
MOC-R4PCC04U05:689620:690464 [0] NCCL INFO Connected to proxy localRank 0 -> connection 0x7f155c005458
MOC-R4PCC04U05:689620:689763 [0] NCCL INFO New proxy send connection 12 from local rank 0, transport 0
MOC-R4PCC04U05:689620:690464 [0] NCCL INFO Connected to proxy localRank 0 -> connection 0x7f155c0054d0
MOC-R4PCC04U05:689620:689763 [0] NCCL INFO New proxy send connection 13 from local rank 0, transport 0
MOC-R4PCC04U05:689620:690464 [0] NCCL INFO Connected to proxy localRank 0 -> connection 0x7f155c005548
MOC-R4PCC04U05:689621:689768 [1] NCCL INFO New proxy recv connection 10 from local rank 1, transport 0
MOC-R4PCC04U05:689621:690465 [1] NCCL INFO Connected to proxy localRank 1 -> connection 0x7f9bc40053e0
MOC-R4PCC04U05:689621:689768 [1] NCCL INFO New proxy recv connection 11 from local rank 1, transport 0
MOC-R4PCC04U05:689621:690465 [1] NCCL INFO Connected to proxy localRank 1 -> connection 0x7f9bc4005458
MOC-R4PCC04U05:689621:689768 [1] NCCL INFO New proxy recv connection 12 from local rank 1, transport 0
MOC-R4PCC04U05:689621:690465 [1] NCCL INFO Connected to proxy localRank 1 -> connection 0x7f9bc40054d0
MOC-R4PCC04U05:689621:689768 [1] NCCL INFO New proxy recv connection 13 from local rank 1, transport 0
MOC-R4PCC04U05:689621:690465 [1] NCCL INFO Connected to proxy localRank 1 -> connection 0x7f9bc4005548
MOC-R4PCC04U05:689620:689763 [0] NCCL INFO New proxy recv connection 14 from local rank 0, transport 0
MOC-R4PCC04U05:689620:690464 [0] NCCL INFO Connected to proxy localRank 0 -> connection 0x7f155c0055c0
MOC-R4PCC04U05:689620:689763 [0] NCCL INFO New proxy recv connection 15 from local rank 0, transport 0
MOC-R4PCC04U05:689620:690464 [0] NCCL INFO Connected to proxy localRank 0 -> connection 0x7f155c005638
MOC-R4PCC04U05:689620:689763 [0] NCCL INFO New proxy recv connection 16 from local rank 0, transport 0
MOC-R4PCC04U05:689620:690464 [0] NCCL INFO Connected to proxy localRank 0 -> connection 0x7f155c0056b0
MOC-R4PCC04U05:689620:689763 [0] NCCL INFO New proxy recv connection 17 from local rank 0, transport 0
MOC-R4PCC04U05:689620:690464 [0] NCCL INFO Connected to proxy localRank 0 -> connection 0x7f155c005728
MOC-R4PCC04U05:689622:689764 [2] NCCL INFO New proxy send connection 14 from local rank 2, transport 0
MOC-R4PCC04U05:689622:690466 [2] NCCL INFO Connected to proxy localRank 2 -> connection 0x7f78240055c0
MOC-R4PCC04U05:689622:689764 [2] NCCL INFO New proxy send connection 15 from local rank 2, transport 0
MOC-R4PCC04U05:689622:690466 [2] NCCL INFO Connected to proxy localRank 2 -> connection 0x7f7824005638
MOC-R4PCC04U05:689622:689764 [2] NCCL INFO New proxy send connection 16 from local rank 2, transport 0
MOC-R4PCC04U05:689622:690466 [2] NCCL INFO Connected to proxy localRank 2 -> connection 0x7f78240056b0
MOC-R4PCC04U05:689622:689764 [2] NCCL INFO New proxy send connection 17 from local rank 2, transport 0
MOC-R4PCC04U05:689622:690466 [2] NCCL INFO Connected to proxy localRank 2 -> connection 0x7f7824005728
MOC-R4PCC04U05:689622:690466 [2] NCCL INFO GPU Direct RDMA Enabled for GPU 2 / HCA 1 (distance 5 <= 5), read 1 mode Default
MOC-R4PCC04U05:689622:689764 [2] NCCL INFO New proxy send connection 18 from local rank 2, transport 2
MOC-R4PCC04U05:689622:690466 [2] NCCL INFO Connected to proxy localRank 2 -> connection 0x7f78240057a0
MOC-R4PCC04U05:689623:689762 [3] NCCL INFO New proxy send connection 9 from local rank 3, transport 0
MOC-R4PCC04U05:689622:690466 [2] NCCL INFO Channel 02/0 : 2[2] -> 6[2] [send] via NET/IB/1/GDRDMA
MOC-R4PCC04U05:689622:690466 [2] NCCL INFO GPU Direct RDMA Enabled for GPU 2 / HCA 1 (distance 5 <= 5), read 1 mode Default
MOC-R4PCC04U05:689623:690463 [3] NCCL INFO Connected to proxy localRank 3 -> connection 0x7f2be0005368
MOC-R4PCC04U05:689622:689764 [2] NCCL INFO New proxy send connection 19 from local rank 2, transport 2
MOC-R4PCC04U05:689622:690466 [2] NCCL INFO Connected to proxy localRank 2 -> connection 0x7f7824005818
MOC-R4PCC04U05:689622:690466 [2] NCCL INFO Channel 03/0 : 2[2] -> 6[2] [send] via NET/IB/1/GDRDMA
MOC-R4PCC04U05:689623:689762 [3] NCCL INFO New proxy send connection 10 from local rank 3, transport 0
MOC-R4PCC04U05:689623:690463 [3] NCCL INFO Connected to proxy localRank 3 -> connection 0x7f2be00053e0
MOC-R4PCC04U05:689622:690466 [2] NCCL INFO GPU Direct RDMA Enabled for GPU 2 / HCA 1 (distance 5 <= 5), read 0 mode Default
MOC-R4PCC04U05:689622:689764 [2] NCCL INFO New proxy recv connection 20 from local rank 2, transport 2
MOC-R4PCC04U05:689622:690466 [2] NCCL INFO Connected to proxy localRank 2 -> connection 0x7f7824005890
MOC-R4PCC04U05:689622:690466 [2] NCCL INFO Channel 00/0 : 10[2] -> 2[2] [receive] via NET/IB/1/GDRDMA
MOC-R4PCC04U05:689622:690466 [2] NCCL INFO GPU Direct RDMA Enabled for GPU 2 / HCA 1 (distance 5 <= 5), read 0 mode Default
MOC-R4PCC04U05:689623:689762 [3] NCCL INFO New proxy send connection 11 from local rank 3, transport 0
MOC-R4PCC04U05:689622:689764 [2] NCCL INFO New proxy recv connection 21 from local rank 2, transport 2
MOC-R4PCC04U05:689623:690463 [3] NCCL INFO Connected to proxy localRank 3 -> connection 0x7f2be0005458
MOC-R4PCC04U05:689622:690466 [2] NCCL INFO Connected to proxy localRank 2 -> connection 0x7f7824005908
MOC-R4PCC04U05:689622:690466 [2] NCCL INFO Channel 01/0 : 10[2] -> 2[2] [receive] via NET/IB/1/GDRDMA
MOC-R4PCC04U05:689622:690466 [2] NCCL INFO GPU Direct RDMA Enabled for GPU 2 / HCA 1 (distance 5 <= 5), read 1 mode Default
MOC-R4PCC04U05:689622:689764 [2] NCCL INFO New proxy send connection 22 from local rank 2, transport 2
MOC-R4PCC04U05:689622:690466 [2] NCCL INFO Connected to proxy localRank 2 -> connection 0x7f7824005980
MOC-R4PCC04U05:689622:690466 [2] NCCL INFO Channel 00/0 : 2[2] -> 10[2] [send] via NET/IB/1/GDRDMA
MOC-R4PCC04U05:689622:690466 [2] NCCL INFO GPU Direct RDMA Enabled for GPU 2 / HCA 1 (distance 5 <= 5), read 1 mode Default
MOC-R4PCC04U05:689623:689762 [3] NCCL INFO New proxy send connection 12 from local rank 3, transport 0
MOC-R4PCC04U05:689622:689764 [2] NCCL INFO New proxy send connection 23 from local rank 2, transport 2
MOC-R4PCC04U05:689623:690463 [3] NCCL INFO Connected to proxy localRank 3 -> connection 0x7f2be00054d0
MOC-R4PCC04U05:689622:690466 [2] NCCL INFO Connected to proxy localRank 2 -> connection 0x7f78240059f8
MOC-R4PCC04U05:689622:690466 [2] NCCL INFO Channel 01/0 : 2[2] -> 10[2] [send] via NET/IB/1/GDRDMA
MOC-R4PCC04U05:689623:689762 [3] NCCL INFO New proxy send connection 13 from local rank 3, transport 0
MOC-R4PCC04U05:689622:690466 [2] NCCL INFO GPU Direct RDMA Enabled for GPU 2 / HCA 1 (distance 5 <= 5), read 0 mode Default
MOC-R4PCC04U05:689623:690463 [3] NCCL INFO Connected to proxy localRank 3 -> connection 0x7f2be0005548
MOC-R4PCC04U05:689622:689764 [2] NCCL INFO New proxy recv connection 24 from local rank 2, transport 2
MOC-R4PCC04U05:689622:690466 [2] NCCL INFO Connected to proxy localRank 2 -> connection 0x7f7824005a70
MOC-R4PCC04U05:689622:690466 [2] NCCL INFO Channel 02/0 : 6[2] -> 2[2] [receive] via NET/IB/1/GDRDMA
MOC-R4PCC04U05:689622:690466 [2] NCCL INFO GPU Direct RDMA Enabled for GPU 2 / HCA 1 (distance 5 <= 5), read 0 mode Default
MOC-R4PCC04U05:689622:689764 [2] NCCL INFO New proxy recv connection 25 from local rank 2, transport 2
MOC-R4PCC04U05:689622:690466 [2] NCCL INFO Connected to proxy localRank 2 -> connection 0x7f7824005ae8
MOC-R4PCC04U05:689623:689762 [3] NCCL INFO New proxy send connection 14 from local rank 3, transport 0
MOC-R4PCC04U05:689623:690463 [3] NCCL INFO Connected to proxy localRank 3 -> connection 0x7f2be00055c0
MOC-R4PCC04U05:689622:690466 [2] NCCL INFO Channel 03/0 : 6[2] -> 2[2] [receive] via NET/IB/1/GDRDMA
MOC-R4PCC04U05:689622:689764 [2] NCCL INFO New proxy recv connection 26 from local rank 2, transport 0
MOC-R4PCC04U05:689622:690466 [2] NCCL INFO Connected to proxy localRank 2 -> connection 0x7f7824005b60
MOC-R4PCC04U05:689623:689762 [3] NCCL INFO New proxy send connection 15 from local rank 3, transport 0
MOC-R4PCC04U05:689623:690463 [3] NCCL INFO Connected to proxy localRank 3 -> connection 0x7f2be0005638
MOC-R4PCC04U05:689622:689764 [2] NCCL INFO New proxy recv connection 27 from local rank 2, transport 0
MOC-R4PCC04U05:689622:690466 [2] NCCL INFO Connected to proxy localRank 2 -> connection 0x7f7824005bd8
MOC-R4PCC04U05:689623:689762 [3] NCCL INFO New proxy send connection 16 from local rank 3, transport 0
MOC-R4PCC04U05:689623:690463 [3] NCCL INFO Connected to proxy localRank 3 -> connection 0x7f2be00056b0
MOC-R4PCC04U05:689622:689764 [2] NCCL INFO New proxy recv connection 28 from local rank 2, transport 0
MOC-R4PCC04U05:689622:690466 [2] NCCL INFO Connected to proxy localRank 2 -> connection 0x7f7824005c50
MOC-R4PCC04U05:689622:689764 [2] NCCL INFO New proxy recv connection 29 from local rank 2, transport 0
MOC-R4PCC04U05:689622:690466 [2] NCCL INFO Connected to proxy localRank 2 -> connection 0x7f7824005cc8
MOC-R4PCC04U05:689623:689762 [3] NCCL INFO New proxy send connection 17 from local rank 2, transport 0
MOC-R4PCC04U05:689622:690466 [2] NCCL INFO Connected to proxy localRank 3 -> connection 0x7f2be0005728
MOC-R4PCC04U05:689622:689764 [2] NCCL INFO NET/IB: NCCL Dev 1 IbDev 0 Port 1 qpn 11342 mtu 3 query_ece={supported=1, vendor_id=0x15b3, options=0x30000002, comp_mask=0x0} GID 3 (0/C132A8C0FFFF0000) fifoRkey=0x17fdbc fifoLkey=0x17fdbc
MOC-R4PCC04U05:689622:689764 [2] NCCL INFO NET/IB: NCCL Dev 1 IbDev 0 Port 1 qpn 11343 mtu 3 query_ece={supported=1, vendor_id=0x15b3, options=0x30000002, comp_mask=0x0} GID 3 (0/C132A8C0FFFF0000) fifoRkey=0x17c584 fifoLkey=0x17c584
MOC-R4PCC04U05:689622:689764 [2] NCCL INFO NET/IB: IbDev 0 Port 1 qpn 11515 set_ece={supported=1, vendor_id=0x15b3, options=0x0, comp_mask=0x0}
MOC-R4PCC04U05:689622:689764 [2] NCCL INFO NET/IB: IbDev 0 Port 1 qpn 11517 set_ece={supported=1, vendor_id=0x15b3, options=0x0, comp_mask=0x0}
MOC-R4PCC04U05:689622:689764 [2] NCCL INFO NET/IB: NCCL Dev 1 IbDev 0 Port 1 qpn 11344 mtu 3 query_ece={supported=1, vendor_id=0x15b3, options=0x30000002, comp_mask=0x0} GID 3 (0/C132A8C0FFFF0000) fifoRkey=0x17a363 fifoLkey=0x17a363
MOC-R4PCC04U05:689622:689764 [2] NCCL INFO NET/IB: NCCL Dev 1 IbDev 0 Port 1 qpn 11345 mtu 3 query_ece={supported=1, vendor_id=0x15b3, options=0x30000002, comp_mask=0x0} GID 3 (0/C132A8C0FFFF0000) fifoRkey=0x16d291 fifoLkey=0x16d291
MOC-R4PCC04U05:689622:689764 [2] NCCL INFO NET/IB: IbDev 0 Port 1 qpn 8969 set_ece={supported=1, vendor_id=0x15b3, options=0x0, comp_mask=0x0}
MOC-R4PCC04U05:689622:689764 [2] NCCL INFO NET/IB: IbDev 0 Port 1 qpn 8972 set_ece={supported=1, vendor_id=0x15b3, options=0x0, comp_mask=0x0}
step    1/10 | train loss 11.009806 | norm 15.3616 | lr 1.00e-04 | (14081.63 ms | 148928 tok/s)
step    2/10 | train loss 10.138538 | norm 5.7423 | lr 1.00e-04 | (391.19 ms | 5360961 tok/s)
step    3/10 | train loss 9.797910 | norm 2.6066 | lr 1.00e-04 | (371.82 ms | 5640242 tok/s)
step    4/10 | train loss 9.628576 | norm 2.1114 | lr 1.00e-04 | (374.11 ms | 5605642 tok/s)
step    5/10 | train loss 9.545597 | norm 2.1044 | lr 1.00e-04 | (372.06 ms | 5636545 tok/s)
step    6/10 | train loss 9.464417 | norm 1.9969 | lr 1.00e-04 | (373.66 ms | 5612527 tok/s)
step    7/10 | train loss 9.378775 | norm 1.9478 | lr 1.00e-04 | (372.58 ms | 5628747 tok/s)
step    8/10 | train loss 9.286812 | norm 1.9138 | lr 1.00e-04 | (372.35 ms | 5632138 tok/s)
step    9/10 | train loss 9.191320 | norm 1.8553 | lr 1.00e-04 | (371.44 ms | 5645930 tok/s)
step   10/10 | train loss 9.107037 | norm 1.7972 | lr 1.00e-04 | (375.04 ms | 5591819 tok/s)
final 9 iters avg: 374.918ms
peak memory consumption: 16601 MiB
