Running pytorch 2.7.0+cu126
using device: cuda:0
total desired batch size: 5242880
=> calculated gradient accumulation steps: 10
using device: cuda:2
using device: cuda:1
using device: cuda:3
compiling the model...
DataLoader: total number of tokens: 1,661,249,667 across 103 files
MOC-R4PCC04U05:731803:731803 [0] NCCL INFO NCCL_SOCKET_IFNAME set to eno7np0
MOC-R4PCC04U05:731803:731803 [0] NCCL INFO NCCL version 2.26.2+cuda12.2
MOC-R4PCC04U05:731804:731804 [1] NCCL INFO NCCL_SOCKET_IFNAME set to eno7np0
MOC-R4PCC04U05:731804:731804 [1] NCCL INFO NCCL version 2.26.2+cuda12.2
MOC-R4PCC04U05:731805:731805 [2] NCCL INFO NCCL_SOCKET_IFNAME set to eno7np0
MOC-R4PCC04U05:731806:731806 [3] NCCL INFO NCCL_SOCKET_IFNAME set to eno7np0
MOC-R4PCC04U05:731805:731805 [2] NCCL INFO NCCL version 2.26.2+cuda12.2
MOC-R4PCC04U05:731806:731806 [3] NCCL INFO NCCL version 2.26.2+cuda12.2
MOC-R4PCC04U05:731803:731928 [0] NCCL INFO NET/Plugin: Could not find: libnccl-net.so. Using internal net plugin.
MOC-R4PCC04U05:731803:731928 [0] NCCL INFO NET/Socket : Using [0]eno7np0:192.168.50.193<0>
MOC-R4PCC04U05:731805:731930 [2] NCCL INFO NET/Plugin: Could not find: libnccl-net.so. Using internal net plugin.
MOC-R4PCC04U05:731805:731930 [2] NCCL INFO NET/Socket : Using [0]eno7np0:192.168.50.193<0>
MOC-R4PCC04U05:731804:731929 [1] NCCL INFO NET/Plugin: Could not find: libnccl-net.so. Using internal net plugin.
MOC-R4PCC04U05:731804:731929 [1] NCCL INFO NET/Socket : Using [0]eno7np0:192.168.50.193<0>
MOC-R4PCC04U05:731806:731931 [3] NCCL INFO NET/Plugin: Could not find: libnccl-net.so. Using internal net plugin.
MOC-R4PCC04U05:731806:731931 [3] NCCL INFO NET/Socket : Using [0]eno7np0:192.168.50.193<0>
MOC-R4PCC04U05:731805:731930 [2] NCCL INFO NET/Socket : GPU Direct RDMA Disabled for HCA 0 'eno7np0'
MOC-R4PCC04U05:731806:731931 [3] NCCL INFO NET/Socket : GPU Direct RDMA Disabled for HCA 0 'eno7np0'
MOC-R4PCC04U05:731803:731928 [0] NCCL INFO NET/Socket : GPU Direct RDMA Disabled for HCA 0 'eno7np0'
MOC-R4PCC04U05:731804:731929 [1] NCCL INFO NET/Socket : GPU Direct RDMA Disabled for HCA 0 'eno7np0'
MOC-R4PCC04U05:731805:732007 [2] NCCL INFO New proxy recv connection 0 from local rank 2, transport 0
MOC-R4PCC04U05:731805:732015 [2] NCCL INFO Connected to proxy localRank 2 -> connection 0x7f5be8004f30
MOC-R4PCC04U05:731805:732007 [2] NCCL INFO New proxy recv connection 1 from local rank 2, transport 0
MOC-R4PCC04U05:731805:732015 [2] NCCL INFO Connected to proxy localRank 2 -> connection 0x7f5be8004fa8
MOC-R4PCC04U05:731806:732008 [3] NCCL INFO New proxy recv connection 0 from local rank 3, transport 0
MOC-R4PCC04U05:731806:732016 [3] NCCL INFO Connected to proxy localRank 3 -> connection 0x7f68c8004f30
MOC-R4PCC04U05:731806:732008 [3] NCCL INFO New proxy recv connection 1 from local rank 3, transport 0
MOC-R4PCC04U05:731806:732016 [3] NCCL INFO Connected to proxy localRank 3 -> connection 0x7f68c8004fa8
MOC-R4PCC04U05:731804:732013 [1] NCCL INFO New proxy recv connection 0 from local rank 1, transport 0
MOC-R4PCC04U05:731804:732017 [1] NCCL INFO Connected to proxy localRank 1 -> connection 0x7f50ac004f30
MOC-R4PCC04U05:731803:732011 [0] NCCL INFO New proxy send connection 0 from local rank 0, transport 0
MOC-R4PCC04U05:731803:732018 [0] NCCL INFO Connected to proxy localRank 0 -> connection 0x7f94a0004f30
MOC-R4PCC04U05:731804:732013 [1] NCCL INFO New proxy recv connection 1 from local rank 1, transport 0
MOC-R4PCC04U05:731804:732017 [1] NCCL INFO Connected to proxy localRank 1 -> connection 0x7f50ac004fa8
MOC-R4PCC04U05:731803:732011 [0] NCCL INFO New proxy send connection 1 from local rank 0, transport 0
MOC-R4PCC04U05:731803:732018 [0] NCCL INFO Connected to proxy localRank 0 -> connection 0x7f94a0004fa8
MOC-R4PCC04U05:731803:732011 [0] NCCL INFO New proxy send connection 2 from local rank 0, transport 0
MOC-R4PCC04U05:731803:732018 [0] NCCL INFO Connected to proxy localRank 0 -> connection 0x7f94a0005020
MOC-R4PCC04U05:731803:732011 [0] NCCL INFO New proxy send connection 3 from local rank 0, transport 0
MOC-R4PCC04U05:731803:732018 [0] NCCL INFO Connected to proxy localRank 0 -> connection 0x7f94a0005098
MOC-R4PCC04U05:731806:732008 [3] NCCL INFO New proxy send connection 2 from local rank 3, transport 2
MOC-R4PCC04U05:731806:732016 [3] NCCL INFO Connected to proxy localRank 3 -> connection 0x7f68c8005020
MOC-R4PCC04U05:731806:732016 [3] NCCL INFO Channel 00/0 : 3[3] -> 6[2] [send] via NET/Socket/0
MOC-R4PCC04U05:731806:732008 [3] NCCL INFO New proxy send connection 3 from local rank 3, transport 2
MOC-R4PCC04U05:731806:732016 [3] NCCL INFO Connected to proxy localRank 3 -> connection 0x7f68c8005098
MOC-R4PCC04U05:731805:732007 [2] NCCL INFO New proxy recv connection 2 from local rank 2, transport 2
MOC-R4PCC04U05:731805:732015 [2] NCCL INFO Connected to proxy localRank 2 -> connection 0x7f5be8005020
MOC-R4PCC04U05:731806:732016 [3] NCCL INFO Channel 02/0 : 3[3] -> 6[2] [send] via NET/Socket/0
MOC-R4PCC04U05:731803:732011 [0] NCCL INFO New proxy recv connection 4 from local rank 0, transport 0
MOC-R4PCC04U05:731803:732018 [0] NCCL INFO Connected to proxy localRank 0 -> connection 0x7f94a0005110
MOC-R4PCC04U05:731805:732015 [2] NCCL INFO Channel 00/0 : 15[3] -> 2[2] [receive] via NET/Socket/0
MOC-R4PCC04U05:731805:732007 [2] NCCL INFO New proxy recv connection 3 from local rank 2, transport 2
MOC-R4PCC04U05:731805:732015 [2] NCCL INFO Connected to proxy localRank 2 -> connection 0x7f5be8005098
MOC-R4PCC04U05:731803:732011 [0] NCCL INFO New proxy recv connection 5 from local rank 0, transport 0
MOC-R4PCC04U05:731803:732018 [0] NCCL INFO Connected to proxy localRank 0 -> connection 0x7f94a0005188
MOC-R4PCC04U05:731805:732015 [2] NCCL INFO Channel 02/0 : 15[3] -> 2[2] [receive] via NET/Socket/0
MOC-R4PCC04U05:731803:732011 [0] NCCL INFO New proxy recv connection 6 from local rank 0, transport 0
MOC-R4PCC04U05:731803:732018 [0] NCCL INFO Connected to proxy localRank 0 -> connection 0x7f94a0005200
MOC-R4PCC04U05:731803:732011 [0] NCCL INFO New proxy recv connection 7 from local rank 0, transport 0
MOC-R4PCC04U05:731803:732018 [0] NCCL INFO Connected to proxy localRank 0 -> connection 0x7f94a0005278
MOC-R4PCC04U05:731805:732007 [2] NCCL INFO New proxy send connection 4 from local rank 2, transport 2
MOC-R4PCC04U05:731805:732015 [2] NCCL INFO Connected to proxy localRank 2 -> connection 0x7f5be8005110
MOC-R4PCC04U05:731805:732015 [2] NCCL INFO Channel 01/0 : 2[2] -> 7[3] [send] via NET/Socket/0
MOC-R4PCC04U05:731805:732007 [2] NCCL INFO New proxy send connection 5 from local rank 2, transport 2
MOC-R4PCC04U05:731805:732015 [2] NCCL INFO Connected to proxy localRank 2 -> connection 0x7f5be8005188
MOC-R4PCC04U05:731805:732015 [2] NCCL INFO Channel 03/0 : 2[2] -> 7[3] [send] via NET/Socket/0
MOC-R4PCC04U05:731806:732008 [3] NCCL INFO New proxy recv connection 4 from local rank 3, transport 2
MOC-R4PCC04U05:731806:732016 [3] NCCL INFO Connected to proxy localRank 3 -> connection 0x7f68c8005110
MOC-R4PCC04U05:731806:732016 [3] NCCL INFO Channel 01/0 : 14[2] -> 3[3] [receive] via NET/Socket/0
MOC-R4PCC04U05:731806:732008 [3] NCCL INFO New proxy recv connection 5 from local rank 3, transport 2
MOC-R4PCC04U05:731806:732016 [3] NCCL INFO Connected to proxy localRank 3 -> connection 0x7f68c8005188
MOC-R4PCC04U05:731806:732016 [3] NCCL INFO Channel 03/0 : 14[2] -> 3[3] [receive] via NET/Socket/0
MOC-R4PCC04U05:731806:732008 [3] NCCL INFO New proxy send connection 6 from local rank 3, transport 0
MOC-R4PCC04U05:731806:732016 [3] NCCL INFO Connected to proxy localRank 3 -> connection 0x7f68c8005200
MOC-R4PCC04U05:731805:732007 [2] NCCL INFO New proxy send connection 6 from local rank 2, transport 0
MOC-R4PCC04U05:731805:732015 [2] NCCL INFO Connected to proxy localRank 2 -> connection 0x7f5be8005200
MOC-R4PCC04U05:731806:732008 [3] NCCL INFO New proxy send connection 7 from local rank 3, transport 0
MOC-R4PCC04U05:731806:732016 [3] NCCL INFO Connected to proxy localRank 3 -> connection 0x7f68c8005278
MOC-R4PCC04U05:731805:732007 [2] NCCL INFO New proxy send connection 7 from local rank 2, transport 0
MOC-R4PCC04U05:731805:732015 [2] NCCL INFO Connected to proxy localRank 2 -> connection 0x7f5be8005278
MOC-R4PCC04U05:731804:732013 [1] NCCL INFO New proxy recv connection 2 from local rank 1, transport 0
MOC-R4PCC04U05:731803:732011 [0] NCCL INFO New proxy send connection 8 from local rank 3, transport 0
MOC-R4PCC04U05:731804:732017 [1] NCCL INFO Connected to proxy localRank 1 -> connection 0x7f50ac005020
MOC-R4PCC04U05:731806:732016 [3] NCCL INFO Connected to proxy localRank 0 -> connection 0x7f94a00052f0
MOC-R4PCC04U05:731804:732013 [1] NCCL INFO New proxy recv connection 3 from local rank 1, transport 0
MOC-R4PCC04U05:731804:732017 [1] NCCL INFO Connected to proxy localRank 1 -> connection 0x7f50ac005098
MOC-R4PCC04U05:731804:732013 [1] NCCL INFO New proxy send connection 4 from local rank 1, transport 0
MOC-R4PCC04U05:731804:732017 [1] NCCL INFO Connected to proxy localRank 1 -> connection 0x7f50ac005110
MOC-R4PCC04U05:731804:732013 [1] NCCL INFO New proxy send connection 5 from local rank 1, transport 0
MOC-R4PCC04U05:731804:732017 [1] NCCL INFO Connected to proxy localRank 1 -> connection 0x7f50ac005188
MOC-R4PCC04U05:731804:732013 [1] NCCL INFO New proxy send connection 6 from local rank 1, transport 0
MOC-R4PCC04U05:731804:732017 [1] NCCL INFO Connected to proxy localRank 1 -> connection 0x7f50ac005200
MOC-R4PCC04U05:731804:732013 [1] NCCL INFO New proxy send connection 7 from local rank 1, transport 0
MOC-R4PCC04U05:731804:732017 [1] NCCL INFO Connected to proxy localRank 1 -> connection 0x7f50ac005278
MOC-R4PCC04U05:731803:732011 [0] NCCL INFO New proxy send connection 9 from local rank 2, transport 0
MOC-R4PCC04U05:731805:732015 [2] NCCL INFO Connected to proxy localRank 0 -> connection 0x7f94a0005368
MOC-R4PCC04U05:731805:732007 [2] NCCL INFO New proxy send connection 8 from local rank 0, transport 0
MOC-R4PCC04U05:731803:732018 [0] NCCL INFO Connected to proxy localRank 2 -> connection 0x7f5be80052f0
MOC-R4PCC04U05:731806:732008 [3] NCCL INFO New proxy send connection 8 from local rank 1, transport 0
MOC-R4PCC04U05:731804:732017 [1] NCCL INFO Connected to proxy localRank 3 -> connection 0x7f68c80052f0
MOC-R4PCC04U05:731804:732013 [1] NCCL INFO New proxy send connection 8 from local rank 3, transport 0
MOC-R4PCC04U05:731806:732016 [3] NCCL INFO Connected to proxy localRank 1 -> connection 0x7f50ac0052f0
MOC-R4PCC04U05:731804:732013 [1] NCCL INFO New proxy send connection 9 from local rank 2, transport 0
MOC-R4PCC04U05:731805:732015 [2] NCCL INFO Connected to proxy localRank 1 -> connection 0x7f50ac005368
MOC-R4PCC04U05:731806:732008 [3] NCCL INFO New proxy send connection 9 from local rank 0, transport 0
MOC-R4PCC04U05:731803:732018 [0] NCCL INFO Connected to proxy localRank 3 -> connection 0x7f68c8005368
MOC-R4PCC04U05:731803:732011 [0] NCCL INFO New proxy send connection 10 from local rank 1, transport 0
MOC-R4PCC04U05:731804:732017 [1] NCCL INFO Connected to proxy localRank 0 -> connection 0x7f94a00053e0
MOC-R4PCC04U05:731805:732007 [2] NCCL INFO New proxy send connection 9 from local rank 1, transport 0
MOC-R4PCC04U05:731804:732017 [1] NCCL INFO Connected to proxy localRank 2 -> connection 0x7f5be8005368
MOC-R4PCC04U05:731804:732013 [1] NCCL INFO New proxy send connection 10 from local rank 0, transport 0
MOC-R4PCC04U05:731803:732018 [0] NCCL INFO Connected to proxy localRank 1 -> connection 0x7f50ac0053e0
num decayed parameter tensors: 50, with 124,318,464 parameters
num non-decayed parameter tensors: 98, with 121,344 parameters
using fused AdamW: False
using regular AdamW
MOC-R4PCC04U05:731805:732007 [2] NCCL INFO New proxy recv connection 10 from local rank 2, transport 0
MOC-R4PCC04U05:731805:732661 [2] NCCL INFO Connected to proxy localRank 2 -> connection 0x7f5be80053e0
MOC-R4PCC04U05:731805:732007 [2] NCCL INFO New proxy recv connection 11 from local rank 2, transport 0
MOC-R4PCC04U05:731805:732661 [2] NCCL INFO Connected to proxy localRank 2 -> connection 0x7f5be8005458
MOC-R4PCC04U05:731805:732007 [2] NCCL INFO New proxy recv connection 12 from local rank 2, transport 0
MOC-R4PCC04U05:731805:732661 [2] NCCL INFO Connected to proxy localRank 2 -> connection 0x7f5be80054d0
MOC-R4PCC04U05:731805:732007 [2] NCCL INFO New proxy recv connection 13 from local rank 2, transport 0
MOC-R4PCC04U05:731805:732661 [2] NCCL INFO Connected to proxy localRank 2 -> connection 0x7f5be8005548
MOC-R4PCC04U05:731804:732013 [1] NCCL INFO New proxy recv connection 11 from local rank 1, transport 0
MOC-R4PCC04U05:731804:732662 [1] NCCL INFO Connected to proxy localRank 1 -> connection 0x7f50ac005458
MOC-R4PCC04U05:731804:732013 [1] NCCL INFO New proxy recv connection 12 from local rank 1, transport 0
MOC-R4PCC04U05:731804:732662 [1] NCCL INFO Connected to proxy localRank 1 -> connection 0x7f50ac0054d0
MOC-R4PCC04U05:731804:732013 [1] NCCL INFO New proxy recv connection 13 from local rank 1, transport 0
MOC-R4PCC04U05:731804:732662 [1] NCCL INFO Connected to proxy localRank 1 -> connection 0x7f50ac005548
MOC-R4PCC04U05:731804:732013 [1] NCCL INFO New proxy recv connection 14 from local rank 1, transport 0
MOC-R4PCC04U05:731804:732662 [1] NCCL INFO Connected to proxy localRank 1 -> connection 0x7f50ac0055c0
MOC-R4PCC04U05:731804:732013 [1] NCCL INFO New proxy send connection 15 from local rank 1, transport 0
MOC-R4PCC04U05:731804:732662 [1] NCCL INFO Connected to proxy localRank 1 -> connection 0x7f50ac005638
MOC-R4PCC04U05:731804:732013 [1] NCCL INFO New proxy send connection 16 from local rank 1, transport 0
MOC-R4PCC04U05:731804:732662 [1] NCCL INFO Connected to proxy localRank 1 -> connection 0x7f50ac0056b0
MOC-R4PCC04U05:731804:732013 [1] NCCL INFO New proxy send connection 17 from local rank 1, transport 0
MOC-R4PCC04U05:731804:732662 [1] NCCL INFO Connected to proxy localRank 1 -> connection 0x7f50ac005728
MOC-R4PCC04U05:731804:732013 [1] NCCL INFO New proxy send connection 18 from local rank 1, transport 0
MOC-R4PCC04U05:731804:732662 [1] NCCL INFO Connected to proxy localRank 1 -> connection 0x7f50ac0057a0
MOC-R4PCC04U05:731805:732007 [2] NCCL INFO New proxy send connection 14 from local rank 2, transport 0
MOC-R4PCC04U05:731805:732661 [2] NCCL INFO Connected to proxy localRank 2 -> connection 0x7f5be80055c0
MOC-R4PCC04U05:731805:732007 [2] NCCL INFO New proxy send connection 15 from local rank 2, transport 0
MOC-R4PCC04U05:731805:732661 [2] NCCL INFO Connected to proxy localRank 2 -> connection 0x7f5be8005638
MOC-R4PCC04U05:731806:732008 [3] NCCL INFO New proxy recv connection 10 from local rank 3, transport 0
MOC-R4PCC04U05:731806:732663 [3] NCCL INFO Connected to proxy localRank 3 -> connection 0x7f68c80053e0
MOC-R4PCC04U05:731806:732008 [3] NCCL INFO New proxy recv connection 11 from local rank 3, transport 0
MOC-R4PCC04U05:731806:732663 [3] NCCL INFO Connected to proxy localRank 3 -> connection 0x7f68c8005458
MOC-R4PCC04U05:731803:732011 [0] NCCL INFO New proxy send connection 11 from local rank 0, transport 0
MOC-R4PCC04U05:731803:732664 [0] NCCL INFO Connected to proxy localRank 0 -> connection 0x7f94a0005458
MOC-R4PCC04U05:731803:732011 [0] NCCL INFO New proxy send connection 12 from local rank 0, transport 0
MOC-R4PCC04U05:731803:732664 [0] NCCL INFO Connected to proxy localRank 0 -> connection 0x7f94a00054d0
MOC-R4PCC04U05:731803:732011 [0] NCCL INFO New proxy send connection 13 from local rank 0, transport 0
MOC-R4PCC04U05:731803:732664 [0] NCCL INFO Connected to proxy localRank 0 -> connection 0x7f94a0005548
MOC-R4PCC04U05:731803:732011 [0] NCCL INFO New proxy send connection 14 from local rank 0, transport 0
MOC-R4PCC04U05:731803:732664 [0] NCCL INFO Connected to proxy localRank 0 -> connection 0x7f94a00055c0
MOC-R4PCC04U05:731803:732011 [0] NCCL INFO New proxy send connection 15 from local rank 0, transport 0
MOC-R4PCC04U05:731803:732664 [0] NCCL INFO Connected to proxy localRank 0 -> connection 0x7f94a0005638
MOC-R4PCC04U05:731804:732013 [1] NCCL INFO New proxy recv connection 19 from local rank 1, transport 0
MOC-R4PCC04U05:731804:732662 [1] NCCL INFO Connected to proxy localRank 1 -> connection 0x7f50ac005818
MOC-R4PCC04U05:731803:732011 [0] NCCL INFO New proxy send connection 16 from local rank 0, transport 0
MOC-R4PCC04U05:731803:732664 [0] NCCL INFO Connected to proxy localRank 0 -> connection 0x7f94a00056b0
MOC-R4PCC04U05:731804:732013 [1] NCCL INFO New proxy recv connection 20 from local rank 1, transport 0
MOC-R4PCC04U05:731804:732662 [1] NCCL INFO Connected to proxy localRank 1 -> connection 0x7f50ac005890
MOC-R4PCC04U05:731803:732011 [0] NCCL INFO New proxy recv connection 17 from local rank 0, transport 0
MOC-R4PCC04U05:731803:732664 [0] NCCL INFO Connected to proxy localRank 0 -> connection 0x7f94a0005728
MOC-R4PCC04U05:731806:732008 [3] NCCL INFO New proxy send connection 12 from local rank 3, transport 2
MOC-R4PCC04U05:731806:732663 [3] NCCL INFO Connected to proxy localRank 3 -> connection 0x7f68c80054d0
MOC-R4PCC04U05:731803:732011 [0] NCCL INFO New proxy recv connection 18 from local rank 0, transport 0
MOC-R4PCC04U05:731803:732664 [0] NCCL INFO Connected to proxy localRank 0 -> connection 0x7f94a00057a0
MOC-R4PCC04U05:731806:732663 [3] NCCL INFO Channel 02/0 : 3[3] -> 7[3] [send] via NET/Socket/0
MOC-R4PCC04U05:731806:732008 [3] NCCL INFO New proxy send connection 13 from local rank 3, transport 2
MOC-R4PCC04U05:731806:732663 [3] NCCL INFO Connected to proxy localRank 3 -> connection 0x7f68c8005548
MOC-R4PCC04U05:731806:732663 [3] NCCL INFO Channel 03/0 : 3[3] -> 7[3] [send] via NET/Socket/0
MOC-R4PCC04U05:731806:732008 [3] NCCL INFO New proxy recv connection 14 from local rank 3, transport 2
MOC-R4PCC04U05:731806:732663 [3] NCCL INFO Connected to proxy localRank 3 -> connection 0x7f68c80055c0
MOC-R4PCC04U05:731803:732011 [0] NCCL INFO New proxy recv connection 19 from local rank 0, transport 0
MOC-R4PCC04U05:731803:732664 [0] NCCL INFO Connected to proxy localRank 0 -> connection 0x7f94a0005818
MOC-R4PCC04U05:731806:732663 [3] NCCL INFO Channel 00/0 : 11[3] -> 3[3] [receive] via NET/Socket/0
MOC-R4PCC04U05:731806:732008 [3] NCCL INFO New proxy recv connection 15 from local rank 3, transport 2
MOC-R4PCC04U05:731806:732663 [3] NCCL INFO Connected to proxy localRank 3 -> connection 0x7f68c8005638
MOC-R4PCC04U05:731806:732663 [3] NCCL INFO Channel 01/0 : 11[3] -> 3[3] [receive] via NET/Socket/0
MOC-R4PCC04U05:731806:732008 [3] NCCL INFO New proxy send connection 16 from local rank 3, transport 2
MOC-R4PCC04U05:731806:732663 [3] NCCL INFO Connected to proxy localRank 3 -> connection 0x7f68c80056b0
MOC-R4PCC04U05:731803:732011 [0] NCCL INFO New proxy recv connection 20 from local rank 0, transport 0
MOC-R4PCC04U05:731803:732664 [0] NCCL INFO Connected to proxy localRank 0 -> connection 0x7f94a0005890
MOC-R4PCC04U05:731806:732663 [3] NCCL INFO Channel 00/0 : 3[3] -> 11[3] [send] via NET/Socket/0
MOC-R4PCC04U05:731806:732008 [3] NCCL INFO New proxy send connection 17 from local rank 3, transport 2
MOC-R4PCC04U05:731806:732663 [3] NCCL INFO Connected to proxy localRank 3 -> connection 0x7f68c8005728
MOC-R4PCC04U05:731806:732663 [3] NCCL INFO Channel 01/0 : 3[3] -> 11[3] [send] via NET/Socket/0
MOC-R4PCC04U05:731806:732008 [3] NCCL INFO New proxy recv connection 18 from local rank 3, transport 2
MOC-R4PCC04U05:731806:732663 [3] NCCL INFO Connected to proxy localRank 3 -> connection 0x7f68c80057a0
MOC-R4PCC04U05:731806:732663 [3] NCCL INFO Channel 02/0 : 7[3] -> 3[3] [receive] via NET/Socket/0
MOC-R4PCC04U05:731806:732008 [3] NCCL INFO New proxy recv connection 19 from local rank 3, transport 2
MOC-R4PCC04U05:731806:732663 [3] NCCL INFO Connected to proxy localRank 3 -> connection 0x7f68c8005818
MOC-R4PCC04U05:731806:732663 [3] NCCL INFO Channel 03/0 : 7[3] -> 3[3] [receive] via NET/Socket/0
MOC-R4PCC04U05:731806:732008 [3] NCCL INFO New proxy send connection 20 from local rank 3, transport 0
MOC-R4PCC04U05:731806:732663 [3] NCCL INFO Connected to proxy localRank 3 -> connection 0x7f68c8005890
MOC-R4PCC04U05:731806:732008 [3] NCCL INFO New proxy send connection 21 from local rank 3, transport 0
MOC-R4PCC04U05:731806:732663 [3] NCCL INFO Connected to proxy localRank 3 -> connection 0x7f68c8005908
MOC-R4PCC04U05:731806:732008 [3] NCCL INFO New proxy send connection 22 from local rank 3, transport 0
MOC-R4PCC04U05:731806:732663 [3] NCCL INFO Connected to proxy localRank 3 -> connection 0x7f68c8005980
MOC-R4PCC04U05:731806:732008 [3] NCCL INFO New proxy send connection 23 from local rank 3, transport 0
MOC-R4PCC04U05:731806:732663 [3] NCCL INFO Connected to proxy localRank 3 -> connection 0x7f68c80059f8
step    1/10 | train loss 11.010067 | norm 15.3476 | lr 1.00e-04 | (14709.84 ms | 356420 tok/s)
step    2/10 | train loss 10.140059 | norm 5.7421 | lr 1.00e-04 | (877.03 ms | 5978006 tok/s)
step    3/10 | train loss 9.801186 | norm 2.5966 | lr 1.00e-04 | (872.59 ms | 6008433 tok/s)
step    4/10 | train loss 9.632750 | norm 2.1052 | lr 1.00e-04 | (873.52 ms | 6001988 tok/s)
step    5/10 | train loss 9.550311 | norm 2.0977 | lr 1.00e-04 | (872.45 ms | 6009357 tok/s)
step    6/10 | train loss 9.470089 | norm 1.9901 | lr 1.00e-04 | (873.69 ms | 6000817 tok/s)
step    7/10 | train loss 9.385624 | norm 1.9404 | lr 1.00e-04 | (881.76 ms | 5945929 tok/s)
step    8/10 | train loss 9.295288 | norm 1.9082 | lr 1.00e-04 | (874.83 ms | 5993009 tok/s)
step    9/10 | train loss 9.200842 | norm 1.8588 | lr 1.00e-04 | (873.51 ms | 6002107 tok/s)
step   10/10 | train loss 9.114124 | norm 1.7863 | lr 1.00e-04 | (874.69 ms | 5993988 tok/s)
final 9 iters avg: 874.897ms
peak memory consumption: 16601 MiB
