Running pytorch 2.7.0+cu126
using device: cuda:0
total desired batch size: 1179648
=> calculated gradient accumulation steps: 3
using device: cuda:1
using device: cuda:3
using device: cuda:2
compiling the model...
DataLoader: total number of tokens: 1,661,249,667 across 103 files
MOC-R4PCC04U05:545461:545461 [0] NCCL INFO NCCL_SOCKET_IFNAME set to eno7np0
MOC-R4PCC04U05:545461:545461 [0] NCCL INFO NCCL version 2.26.2+cuda12.2
MOC-R4PCC04U05:545461:545565 [0] NCCL INFO NET/Plugin: Could not find: libnccl-net.so. Using internal net plugin.
MOC-R4PCC04U05:545461:545565 [0] NCCL INFO NCCL_IB_HCA set to mlx5_5
MOC-R4PCC04U05:545462:545462 [1] NCCL INFO NCCL_SOCKET_IFNAME set to eno7np0
MOC-R4PCC04U05:545462:545462 [1] NCCL INFO NCCL version 2.26.2+cuda12.2
MOC-R4PCC04U05:545464:545464 [3] NCCL INFO NCCL_SOCKET_IFNAME set to eno7np0
MOC-R4PCC04U05:545464:545464 [3] NCCL INFO NCCL version 2.26.2+cuda12.2
MOC-R4PCC04U05:545461:545565 [0] NCCL INFO NET/IB : Made virtual device [0] name=mlx5_5 speed=400000 ndevs=1
MOC-R4PCC04U05:545461:545565 [0] NCCL INFO NET/IB : Using [0]mlx5_5:1/RoCE [RO]; OOB eno7np0:192.168.50.193<0>
MOC-R4PCC04U05:545463:545463 [2] NCCL INFO NCCL_SOCKET_IFNAME set to eno7np0
MOC-R4PCC04U05:545463:545463 [2] NCCL INFO NCCL version 2.26.2+cuda12.2
MOC-R4PCC04U05:545464:545588 [3] NCCL INFO NET/Plugin: Could not find: libnccl-net.so. Using internal net plugin.
MOC-R4PCC04U05:545462:545587 [1] NCCL INFO NET/Plugin: Could not find: libnccl-net.so. Using internal net plugin.
MOC-R4PCC04U05:545464:545588 [3] NCCL INFO NCCL_IB_HCA set to mlx5_5
MOC-R4PCC04U05:545462:545587 [1] NCCL INFO NCCL_IB_HCA set to mlx5_5
MOC-R4PCC04U05:545464:545588 [3] NCCL INFO NET/IB : Made virtual device [0] name=mlx5_5 speed=400000 ndevs=1
MOC-R4PCC04U05:545464:545588 [3] NCCL INFO NET/IB : Using [0]mlx5_5:1/RoCE [RO]; OOB eno7np0:192.168.50.193<0>
MOC-R4PCC04U05:545462:545587 [1] NCCL INFO NET/IB : Made virtual device [0] name=mlx5_5 speed=400000 ndevs=1
MOC-R4PCC04U05:545462:545587 [1] NCCL INFO NET/IB : Using [0]mlx5_5:1/RoCE [RO]; OOB eno7np0:192.168.50.193<0>
MOC-R4PCC04U05:545463:545590 [2] NCCL INFO NET/Plugin: Could not find: libnccl-net.so. Using internal net plugin.
MOC-R4PCC04U05:545463:545590 [2] NCCL INFO NCCL_IB_HCA set to mlx5_5
MOC-R4PCC04U05:545463:545590 [2] NCCL INFO NET/IB : Made virtual device [0] name=mlx5_5 speed=400000 ndevs=1
MOC-R4PCC04U05:545463:545590 [2] NCCL INFO NET/IB : Using [0]mlx5_5:1/RoCE [RO]; OOB eno7np0:192.168.50.193<0>
MOC-R4PCC04U05:545464:545588 [3] NCCL INFO NET/IB : GPU Direct RDMA Enabled for HCA 0 'mlx5_5'
MOC-R4PCC04U05:545464:545588 [3] NCCL INFO NET/IB : Made virtual device [1] name=mlx5_5 speed=400000 ndevs=1
MOC-R4PCC04U05:545464:545588 [3] NCCL INFO NET/IB : GPU Direct RDMA Enabled for HCA 0 'mlx5_5'
MOC-R4PCC04U05:545464:545588 [3] NCCL INFO NET/IB : GPU Direct RDMA Enabled for HCA 1 'mlx5_5'
MOC-R4PCC04U05:545463:545590 [2] NCCL INFO NET/IB : GPU Direct RDMA Enabled for HCA 0 'mlx5_5'
MOC-R4PCC04U05:545463:545590 [2] NCCL INFO NET/IB : Made virtual device [1] name=mlx5_5 speed=400000 ndevs=1
MOC-R4PCC04U05:545463:545590 [2] NCCL INFO NET/IB : GPU Direct RDMA Enabled for HCA 0 'mlx5_5'
MOC-R4PCC04U05:545463:545590 [2] NCCL INFO NET/IB : GPU Direct RDMA Enabled for HCA 1 'mlx5_5'
MOC-R4PCC04U05:545462:545587 [1] NCCL INFO NET/IB : GPU Direct RDMA Enabled for HCA 0 'mlx5_5'
MOC-R4PCC04U05:545462:545587 [1] NCCL INFO NET/IB : Made virtual device [1] name=mlx5_5 speed=400000 ndevs=1
MOC-R4PCC04U05:545462:545587 [1] NCCL INFO NET/IB : GPU Direct RDMA Enabled for HCA 0 'mlx5_5'
MOC-R4PCC04U05:545462:545587 [1] NCCL INFO NET/IB : GPU Direct RDMA Enabled for HCA 1 'mlx5_5'
MOC-R4PCC04U05:545461:545565 [0] NCCL INFO NET/IB : GPU Direct RDMA Enabled for HCA 0 'mlx5_5'
MOC-R4PCC04U05:545461:545565 [0] NCCL INFO NET/IB : Made virtual device [1] name=mlx5_5 speed=400000 ndevs=1
MOC-R4PCC04U05:545461:545565 [0] NCCL INFO NET/IB : GPU Direct RDMA Enabled for HCA 0 'mlx5_5'
MOC-R4PCC04U05:545461:545565 [0] NCCL INFO NET/IB : GPU Direct RDMA Enabled for HCA 1 'mlx5_5'
MOC-R4PCC04U05:545461:545565 [0] NCCL INFO NCCL_NET_GDR_LEVEL set by environment to LOC
MOC-R4PCC04U05:545462:545587 [1] NCCL INFO NCCL_NET_GDR_LEVEL set by environment to LOC
MOC-R4PCC04U05:545461:545565 [0] NCCL INFO GPU Direct RDMA Disabled for GPU 0 / HCA 1 (distance 5 > 0)
MOC-R4PCC04U05:545462:545587 [1] NCCL INFO GPU Direct RDMA Disabled for GPU 0 / HCA 1 (distance 5 > 0)
MOC-R4PCC04U05:545461:545565 [0] NCCL INFO GPU Direct RDMA Disabled for GPU 1 / HCA 1 (distance 5 > 0)
MOC-R4PCC04U05:545462:545587 [1] NCCL INFO GPU Direct RDMA Disabled for GPU 1 / HCA 1 (distance 5 > 0)
MOC-R4PCC04U05:545461:545565 [0] NCCL INFO GPU Direct RDMA Disabled for GPU 2 / HCA 1 (distance 5 > 0)
MOC-R4PCC04U05:545462:545587 [1] NCCL INFO GPU Direct RDMA Disabled for GPU 2 / HCA 1 (distance 5 > 0)
MOC-R4PCC04U05:545462:545587 [1] NCCL INFO GPU Direct RDMA Disabled for GPU 0 / HCA 1 (distance 5 > 0)
MOC-R4PCC04U05:545461:545565 [0] NCCL INFO GPU Direct RDMA Disabled for GPU 0 / HCA 1 (distance 5 > 0)
MOC-R4PCC04U05:545462:545587 [1] NCCL INFO GPU Direct RDMA Disabled for GPU 1 / HCA 1 (distance 5 > 0)
MOC-R4PCC04U05:545461:545565 [0] NCCL INFO GPU Direct RDMA Disabled for GPU 1 / HCA 1 (distance 5 > 0)
MOC-R4PCC04U05:545462:545587 [1] NCCL INFO GPU Direct RDMA Disabled for GPU 2 / HCA 1 (distance 5 > 0)
MOC-R4PCC04U05:545461:545565 [0] NCCL INFO GPU Direct RDMA Disabled for GPU 2 / HCA 1 (distance 5 > 0)
MOC-R4PCC04U05:545463:545590 [2] NCCL INFO NCCL_NET_GDR_LEVEL set by environment to LOC
MOC-R4PCC04U05:545463:545590 [2] NCCL INFO GPU Direct RDMA Disabled for GPU 0 / HCA 1 (distance 5 > 0)
MOC-R4PCC04U05:545463:545590 [2] NCCL INFO GPU Direct RDMA Disabled for GPU 1 / HCA 1 (distance 5 > 0)
MOC-R4PCC04U05:545463:545590 [2] NCCL INFO GPU Direct RDMA Disabled for GPU 2 / HCA 1 (distance 5 > 0)
MOC-R4PCC04U05:545463:545590 [2] NCCL INFO GPU Direct RDMA Disabled for GPU 0 / HCA 1 (distance 5 > 0)
MOC-R4PCC04U05:545463:545590 [2] NCCL INFO GPU Direct RDMA Disabled for GPU 1 / HCA 1 (distance 5 > 0)
MOC-R4PCC04U05:545463:545590 [2] NCCL INFO GPU Direct RDMA Disabled for GPU 2 / HCA 1 (distance 5 > 0)
MOC-R4PCC04U05:545464:545588 [3] NCCL INFO NCCL_NET_GDR_LEVEL set by environment to LOC
MOC-R4PCC04U05:545464:545588 [3] NCCL INFO GPU Direct RDMA Disabled for GPU 0 / HCA 1 (distance 5 > 0)
MOC-R4PCC04U05:545464:545588 [3] NCCL INFO GPU Direct RDMA Disabled for GPU 1 / HCA 1 (distance 5 > 0)
MOC-R4PCC04U05:545464:545588 [3] NCCL INFO GPU Direct RDMA Disabled for GPU 2 / HCA 1 (distance 5 > 0)
MOC-R4PCC04U05:545464:545588 [3] NCCL INFO GPU Direct RDMA Disabled for GPU 0 / HCA 1 (distance 5 > 0)
MOC-R4PCC04U05:545464:545588 [3] NCCL INFO GPU Direct RDMA Disabled for GPU 1 / HCA 1 (distance 5 > 0)
MOC-R4PCC04U05:545464:545588 [3] NCCL INFO GPU Direct RDMA Disabled for GPU 2 / HCA 1 (distance 5 > 0)
MOC-R4PCC04U05:545463:545604 [2] NCCL INFO New proxy recv connection 0 from local rank 2, transport 0
MOC-R4PCC04U05:545463:545610 [2] NCCL INFO Connected to proxy localRank 2 -> connection 0x7f6728004f30
MOC-R4PCC04U05:545463:545604 [2] NCCL INFO New proxy recv connection 1 from local rank 2, transport 0
MOC-R4PCC04U05:545463:545610 [2] NCCL INFO Connected to proxy localRank 2 -> connection 0x7f6728004fa8
MOC-R4PCC04U05:545461:545608 [0] NCCL INFO New proxy send connection 0 from local rank 0, transport 0
MOC-R4PCC04U05:545461:545611 [0] NCCL INFO Connected to proxy localRank 0 -> connection 0x7f50e4004f30
MOC-R4PCC04U05:545461:545608 [0] NCCL INFO New proxy send connection 1 from local rank 0, transport 0
MOC-R4PCC04U05:545461:545611 [0] NCCL INFO Connected to proxy localRank 0 -> connection 0x7f50e4004fa8
MOC-R4PCC04U05:545462:545605 [1] NCCL INFO New proxy recv connection 0 from local rank 1, transport 0
MOC-R4PCC04U05:545462:545612 [1] NCCL INFO Connected to proxy localRank 1 -> connection 0x7fe7ac004f30
MOC-R4PCC04U05:545464:545602 [3] NCCL INFO New proxy recv connection 0 from local rank 3, transport 0
MOC-R4PCC04U05:545464:545613 [3] NCCL INFO Connected to proxy localRank 3 -> connection 0x7f16ec004f30
MOC-R4PCC04U05:545463:545610 [2] NCCL INFO GPU Direct RDMA Disabled for GPU 2 / HCA 1 (distance 7 > 0)
MOC-R4PCC04U05:545461:545608 [0] NCCL INFO New proxy send connection 2 from local rank 0, transport 0
MOC-R4PCC04U05:545461:545611 [0] NCCL INFO Connected to proxy localRank 0 -> connection 0x7f50e4005020
MOC-R4PCC04U05:545462:545605 [1] NCCL INFO New proxy recv connection 1 from local rank 1, transport 0
MOC-R4PCC04U05:545464:545602 [3] NCCL INFO New proxy recv connection 1 from local rank 3, transport 0
MOC-R4PCC04U05:545462:545612 [1] NCCL INFO Connected to proxy localRank 1 -> connection 0x7fe7ac004fa8
MOC-R4PCC04U05:545464:545613 [3] NCCL INFO Connected to proxy localRank 3 -> connection 0x7f16ec004fa8
MOC-R4PCC04U05:545461:545608 [0] NCCL INFO New proxy send connection 3 from local rank 0, transport 0
MOC-R4PCC04U05:545461:545611 [0] NCCL INFO Connected to proxy localRank 0 -> connection 0x7f50e4005098
MOC-R4PCC04U05:545464:545613 [3] NCCL INFO GPU Direct RDMA Disabled for GPU 3 / HCA 1 (distance 7 > 0)
MOC-R4PCC04U05:545464:545602 [3] NCCL INFO New proxy send connection 2 from local rank 3, transport 2
MOC-R4PCC04U05:545464:545613 [3] NCCL INFO Connected to proxy localRank 3 -> connection 0x7f16ec005020
MOC-R4PCC04U05:545464:545613 [3] NCCL INFO Channel 00/0 : 3[3] -> 6[2] [send] via NET/IB/1
MOC-R4PCC04U05:545464:545613 [3] NCCL INFO GPU Direct RDMA Disabled for GPU 3 / HCA 1 (distance 7 > 0)
MOC-R4PCC04U05:545464:545602 [3] NCCL INFO New proxy send connection 3 from local rank 3, transport 2
MOC-R4PCC04U05:545464:545613 [3] NCCL INFO Connected to proxy localRank 3 -> connection 0x7f16ec005098
MOC-R4PCC04U05:545464:545613 [3] NCCL INFO Channel 02/0 : 3[3] -> 6[2] [send] via NET/IB/1
MOC-R4PCC04U05:545461:545608 [0] NCCL INFO New proxy recv connection 4 from local rank 0, transport 0
MOC-R4PCC04U05:545461:545611 [0] NCCL INFO Connected to proxy localRank 0 -> connection 0x7f50e4005110
MOC-R4PCC04U05:545464:545613 [3] NCCL INFO GPU Direct RDMA Disabled for GPU 3 / HCA 1 (distance 7 > 0)
MOC-R4PCC04U05:545464:545602 [3] NCCL INFO New proxy recv connection 4 from local rank 3, transport 2
MOC-R4PCC04U05:545464:545613 [3] NCCL INFO Connected to proxy localRank 3 -> connection 0x7f16ec005110
MOC-R4PCC04U05:545464:545613 [3] NCCL INFO Channel 01/0 : 10[2] -> 3[3] [receive] via NET/IB/1
MOC-R4PCC04U05:545464:545613 [3] NCCL INFO GPU Direct RDMA Disabled for GPU 3 / HCA 1 (distance 7 > 0)
MOC-R4PCC04U05:545464:545602 [3] NCCL INFO New proxy recv connection 5 from local rank 3, transport 2
MOC-R4PCC04U05:545464:545613 [3] NCCL INFO Connected to proxy localRank 3 -> connection 0x7f16ec005188
MOC-R4PCC04U05:545464:545613 [3] NCCL INFO Channel 03/0 : 10[2] -> 3[3] [receive] via NET/IB/1
MOC-R4PCC04U05:545463:545604 [2] NCCL INFO New proxy recv connection 2 from local rank 2, transport 2
MOC-R4PCC04U05:545463:545610 [2] NCCL INFO Connected to proxy localRank 2 -> connection 0x7f6728005020
MOC-R4PCC04U05:545463:545610 [2] NCCL INFO Channel 00/0 : 11[3] -> 2[2] [receive] via NET/IB/1
MOC-R4PCC04U05:545463:545610 [2] NCCL INFO GPU Direct RDMA Disabled for GPU 2 / HCA 1 (distance 7 > 0)
MOC-R4PCC04U05:545463:545604 [2] NCCL INFO New proxy recv connection 3 from local rank 2, transport 2
MOC-R4PCC04U05:545463:545610 [2] NCCL INFO Connected to proxy localRank 2 -> connection 0x7f6728005098
MOC-R4PCC04U05:545463:545610 [2] NCCL INFO Channel 02/0 : 11[3] -> 2[2] [receive] via NET/IB/1
MOC-R4PCC04U05:545461:545608 [0] NCCL INFO New proxy recv connection 5 from local rank 0, transport 0
MOC-R4PCC04U05:545461:545611 [0] NCCL INFO Connected to proxy localRank 0 -> connection 0x7f50e4005188
MOC-R4PCC04U05:545461:545608 [0] NCCL INFO New proxy recv connection 6 from local rank 0, transport 0
MOC-R4PCC04U05:545461:545611 [0] NCCL INFO Connected to proxy localRank 0 -> connection 0x7f50e4005200
MOC-R4PCC04U05:545463:545610 [2] NCCL INFO GPU Direct RDMA Disabled for GPU 2 / HCA 1 (distance 7 > 0)
MOC-R4PCC04U05:545463:545604 [2] NCCL INFO New proxy send connection 4 from local rank 2, transport 2
MOC-R4PCC04U05:545463:545610 [2] NCCL INFO Connected to proxy localRank 2 -> connection 0x7f6728005110
MOC-R4PCC04U05:545463:545610 [2] NCCL INFO Channel 01/0 : 2[2] -> 7[3] [send] via NET/IB/1
MOC-R4PCC04U05:545463:545610 [2] NCCL INFO GPU Direct RDMA Disabled for GPU 2 / HCA 1 (distance 7 > 0)
MOC-R4PCC04U05:545463:545604 [2] NCCL INFO New proxy send connection 5 from local rank 2, transport 2
MOC-R4PCC04U05:545463:545610 [2] NCCL INFO Connected to proxy localRank 2 -> connection 0x7f6728005188
MOC-R4PCC04U05:545463:545610 [2] NCCL INFO Channel 03/0 : 2[2] -> 7[3] [send] via NET/IB/1
MOC-R4PCC04U05:545464:545602 [3] NCCL INFO New proxy send connection 6 from local rank 3, transport 0
MOC-R4PCC04U05:545464:545613 [3] NCCL INFO Connected to proxy localRank 3 -> connection 0x7f16ec005200
MOC-R4PCC04U05:545463:545604 [2] NCCL INFO New proxy send connection 6 from local rank 2, transport 0
MOC-R4PCC04U05:545463:545610 [2] NCCL INFO Connected to proxy localRank 2 -> connection 0x7f6728005200
MOC-R4PCC04U05:545461:545608 [0] NCCL INFO New proxy recv connection 7 from local rank 0, transport 0
MOC-R4PCC04U05:545461:545611 [0] NCCL INFO Connected to proxy localRank 0 -> connection 0x7f50e4005278
MOC-R4PCC04U05:545464:545602 [3] NCCL INFO New proxy send connection 7 from local rank 3, transport 0
MOC-R4PCC04U05:545464:545613 [3] NCCL INFO Connected to proxy localRank 3 -> connection 0x7f16ec005278
MOC-R4PCC04U05:545463:545604 [2] NCCL INFO New proxy send connection 7 from local rank 2, transport 0
MOC-R4PCC04U05:545463:545610 [2] NCCL INFO Connected to proxy localRank 2 -> connection 0x7f6728005278
MOC-R4PCC04U05:545462:545605 [1] NCCL INFO New proxy recv connection 2 from local rank 1, transport 0
MOC-R4PCC04U05:545462:545612 [1] NCCL INFO Connected to proxy localRank 1 -> connection 0x7fe7ac005020
MOC-R4PCC04U05:545461:545608 [0] NCCL INFO New proxy send connection 8 from local rank 3, transport 0
MOC-R4PCC04U05:545464:545613 [3] NCCL INFO Connected to proxy localRank 0 -> connection 0x7f50e40052f0
MOC-R4PCC04U05:545462:545605 [1] NCCL INFO New proxy recv connection 3 from local rank 1, transport 0
MOC-R4PCC04U05:545462:545612 [1] NCCL INFO Connected to proxy localRank 1 -> connection 0x7fe7ac005098
MOC-R4PCC04U05:545462:545605 [1] NCCL INFO New proxy send connection 4 from local rank 1, transport 0
MOC-R4PCC04U05:545462:545612 [1] NCCL INFO Connected to proxy localRank 1 -> connection 0x7fe7ac005110
MOC-R4PCC04U05:545462:545605 [1] NCCL INFO New proxy send connection 5 from local rank 1, transport 0
MOC-R4PCC04U05:545462:545612 [1] NCCL INFO Connected to proxy localRank 1 -> connection 0x7fe7ac005188
MOC-R4PCC04U05:545462:545605 [1] NCCL INFO New proxy send connection 6 from local rank 1, transport 0
MOC-R4PCC04U05:545462:545612 [1] NCCL INFO Connected to proxy localRank 1 -> connection 0x7fe7ac005200
MOC-R4PCC04U05:545462:545605 [1] NCCL INFO New proxy send connection 7 from local rank 1, transport 0
MOC-R4PCC04U05:545462:545612 [1] NCCL INFO Connected to proxy localRank 1 -> connection 0x7fe7ac005278
MOC-R4PCC04U05:545461:545608 [0] NCCL INFO New proxy send connection 9 from local rank 2, transport 0
MOC-R4PCC04U05:545463:545610 [2] NCCL INFO Connected to proxy localRank 0 -> connection 0x7f50e4005368
MOC-R4PCC04U05:545464:545602 [3] NCCL INFO New proxy send connection 8 from local rank 1, transport 0
MOC-R4PCC04U05:545463:545604 [2] NCCL INFO New proxy send connection 8 from local rank 0, transport 0
MOC-R4PCC04U05:545462:545612 [1] NCCL INFO Connected to proxy localRank 3 -> connection 0x7f16ec0052f0
MOC-R4PCC04U05:545461:545611 [0] NCCL INFO Connected to proxy localRank 2 -> connection 0x7f67280052f0
MOC-R4PCC04U05:545462:545605 [1] NCCL INFO New proxy send connection 8 from local rank 3, transport 0
MOC-R4PCC04U05:545464:545613 [3] NCCL INFO Connected to proxy localRank 1 -> connection 0x7fe7ac0052f0
MOC-R4PCC04U05:545461:545608 [0] NCCL INFO New proxy send connection 10 from local rank 1, transport 0
MOC-R4PCC04U05:545462:545612 [1] NCCL INFO Connected to proxy localRank 0 -> connection 0x7f50e40053e0
MOC-R4PCC04U05:545464:545602 [3] NCCL INFO New proxy send connection 9 from local rank 0, transport 0
MOC-R4PCC04U05:545461:545611 [0] NCCL INFO Connected to proxy localRank 3 -> connection 0x7f16ec005368
MOC-R4PCC04U05:545462:545605 [1] NCCL INFO New proxy send connection 9 from local rank 2, transport 0
MOC-R4PCC04U05:545463:545610 [2] NCCL INFO Connected to proxy localRank 1 -> connection 0x7fe7ac005368
MOC-R4PCC04U05:545463:545604 [2] NCCL INFO NET/IB: NCCL Dev 1 IbDev 0 Port 1 qpn 8526 mtu 3 query_ece={supported=1, vendor_id=0x15b3, options=0x30000002, comp_mask=0x0} GID 3 (0/C132A8C0FFFF0000) fifoRkey=0x17bf7e fifoLkey=0x17bf7e
MOC-R4PCC04U05:545463:545604 [2] NCCL INFO NET/IB: NCCL Dev 1 IbDev 0 Port 1 qpn 8527 mtu 3 query_ece={supported=1, vendor_id=0x15b3, options=0x30000002, comp_mask=0x0} GID 3 (0/C132A8C0FFFF0000) fifoRkey=0x1716d5 fifoLkey=0x1716d5
MOC-R4PCC04U05:545463:545604 [2] NCCL INFO NET/IB: IbDev 0 Port 1 qpn 8464 set_ece={supported=1, vendor_id=0x15b3, options=0x0, comp_mask=0x0}
MOC-R4PCC04U05:545464:545602 [3] NCCL INFO NET/IB: NCCL Dev 1 IbDev 0 Port 1 qpn 8532 mtu 3 query_ece={supported=1, vendor_id=0x15b3, options=0x30000002, comp_mask=0x0} GID 3 (0/C132A8C0FFFF0000) fifoRkey=0x178443 fifoLkey=0x178443
MOC-R4PCC04U05:545464:545602 [3] NCCL INFO NET/IB: NCCL Dev 1 IbDev 0 Port 1 qpn 8533 mtu 3 query_ece={supported=1, vendor_id=0x15b3, options=0x30000002, comp_mask=0x0} GID 3 (0/C132A8C0FFFF0000) fifoRkey=0x175412 fifoLkey=0x175412
MOC-R4PCC04U05:545464:545602 [3] NCCL INFO NET/IB: IbDev 0 Port 1 qpn 8468 set_ece={supported=1, vendor_id=0x15b3, options=0x0, comp_mask=0x0}
MOC-R4PCC04U05:545463:545604 [2] NCCL INFO NET/IB: IbDev 0 Port 1 qpn 8466 set_ece={supported=1, vendor_id=0x15b3, options=0x0, comp_mask=0x0}
MOC-R4PCC04U05:545464:545602 [3] NCCL INFO NET/IB: IbDev 0 Port 1 qpn 8470 set_ece={supported=1, vendor_id=0x15b3, options=0x0, comp_mask=0x0}
MOC-R4PCC04U05:545462:545605 [1] NCCL INFO New proxy send connection 10 from local rank 0, transport 0
MOC-R4PCC04U05:545461:545611 [0] NCCL INFO Connected to proxy localRank 1 -> connection 0x7fe7ac0053e0
MOC-R4PCC04U05:545463:545604 [2] NCCL INFO New proxy send connection 9 from local rank 1, transport 0
MOC-R4PCC04U05:545462:545612 [1] NCCL INFO Connected to proxy localRank 2 -> connection 0x7f6728005368
num decayed parameter tensors: 50, with 124,318,464 parameters
num non-decayed parameter tensors: 98, with 121,344 parameters
using fused AdamW: False
using regular AdamW
MOC-R4PCC04U05:545464:545602 [3] NCCL INFO New proxy recv connection 10 from local rank 3, transport 0
MOC-R4PCC04U05:545464:546304 [3] NCCL INFO Connected to proxy localRank 3 -> connection 0x7f16ec0053e0
MOC-R4PCC04U05:545464:545602 [3] NCCL INFO New proxy recv connection 11 from local rank 3, transport 0
MOC-R4PCC04U05:545464:546304 [3] NCCL INFO Connected to proxy localRank 3 -> connection 0x7f16ec005458
MOC-R4PCC04U05:545461:545608 [0] NCCL INFO New proxy send connection 11 from local rank 0, transport 0
MOC-R4PCC04U05:545461:546305 [0] NCCL INFO Connected to proxy localRank 0 -> connection 0x7f50e4005458
MOC-R4PCC04U05:545461:545608 [0] NCCL INFO New proxy send connection 12 from local rank 0, transport 0
MOC-R4PCC04U05:545461:546305 [0] NCCL INFO Connected to proxy localRank 0 -> connection 0x7f50e40054d0
MOC-R4PCC04U05:545461:545608 [0] NCCL INFO New proxy send connection 13 from local rank 0, transport 0
MOC-R4PCC04U05:545461:546305 [0] NCCL INFO Connected to proxy localRank 0 -> connection 0x7f50e4005548
MOC-R4PCC04U05:545461:545608 [0] NCCL INFO New proxy send connection 14 from local rank 0, transport 0
MOC-R4PCC04U05:545461:546305 [0] NCCL INFO Connected to proxy localRank 0 -> connection 0x7f50e40055c0
MOC-R4PCC04U05:545463:545604 [2] NCCL INFO New proxy recv connection 10 from local rank 2, transport 0
MOC-R4PCC04U05:545463:546306 [2] NCCL INFO Connected to proxy localRank 2 -> connection 0x7f67280053e0
MOC-R4PCC04U05:545463:545604 [2] NCCL INFO New proxy recv connection 11 from local rank 2, transport 0
MOC-R4PCC04U05:545463:546306 [2] NCCL INFO Connected to proxy localRank 2 -> connection 0x7f6728005458
MOC-R4PCC04U05:545463:545604 [2] NCCL INFO New proxy recv connection 12 from local rank 2, transport 0
MOC-R4PCC04U05:545463:546306 [2] NCCL INFO Connected to proxy localRank 2 -> connection 0x7f67280054d0
MOC-R4PCC04U05:545462:545605 [1] NCCL INFO New proxy recv connection 11 from local rank 1, transport 0
MOC-R4PCC04U05:545463:545604 [2] NCCL INFO New proxy recv connection 13 from local rank 2, transport 0
MOC-R4PCC04U05:545462:546307 [1] NCCL INFO Connected to proxy localRank 1 -> connection 0x7fe7ac005458
MOC-R4PCC04U05:545463:546306 [2] NCCL INFO Connected to proxy localRank 2 -> connection 0x7f6728005548
MOC-R4PCC04U05:545462:545605 [1] NCCL INFO New proxy recv connection 12 from local rank 1, transport 0
MOC-R4PCC04U05:545462:546307 [1] NCCL INFO Connected to proxy localRank 1 -> connection 0x7fe7ac0054d0
MOC-R4PCC04U05:545462:545605 [1] NCCL INFO New proxy recv connection 13 from local rank 1, transport 0
MOC-R4PCC04U05:545462:546307 [1] NCCL INFO Connected to proxy localRank 1 -> connection 0x7fe7ac005548
MOC-R4PCC04U05:545462:545605 [1] NCCL INFO New proxy recv connection 14 from local rank 1, transport 0
MOC-R4PCC04U05:545462:546307 [1] NCCL INFO Connected to proxy localRank 1 -> connection 0x7fe7ac0055c0
MOC-R4PCC04U05:545462:545605 [1] NCCL INFO New proxy send connection 15 from local rank 1, transport 0
MOC-R4PCC04U05:545462:546307 [1] NCCL INFO Connected to proxy localRank 1 -> connection 0x7fe7ac005638
MOC-R4PCC04U05:545462:545605 [1] NCCL INFO New proxy send connection 16 from local rank 1, transport 0
MOC-R4PCC04U05:545462:546307 [1] NCCL INFO Connected to proxy localRank 1 -> connection 0x7fe7ac0056b0
MOC-R4PCC04U05:545462:545605 [1] NCCL INFO New proxy send connection 17 from local rank 1, transport 0
MOC-R4PCC04U05:545462:546307 [1] NCCL INFO Connected to proxy localRank 1 -> connection 0x7fe7ac005728
MOC-R4PCC04U05:545462:545605 [1] NCCL INFO New proxy send connection 18 from local rank 1, transport 0
MOC-R4PCC04U05:545462:546307 [1] NCCL INFO Connected to proxy localRank 1 -> connection 0x7fe7ac0057a0
MOC-R4PCC04U05:545461:545608 [0] NCCL INFO New proxy send connection 15 from local rank 0, transport 0
MOC-R4PCC04U05:545461:546305 [0] NCCL INFO Connected to proxy localRank 0 -> connection 0x7f50e4005638
MOC-R4PCC04U05:545463:545604 [2] NCCL INFO New proxy send connection 14 from local rank 2, transport 0
MOC-R4PCC04U05:545462:545605 [1] NCCL INFO New proxy recv connection 19 from local rank 1, transport 0
MOC-R4PCC04U05:545463:546306 [2] NCCL INFO Connected to proxy localRank 2 -> connection 0x7f67280055c0
MOC-R4PCC04U05:545462:546307 [1] NCCL INFO Connected to proxy localRank 1 -> connection 0x7fe7ac005818
MOC-R4PCC04U05:545461:545608 [0] NCCL INFO New proxy send connection 16 from local rank 0, transport 0
MOC-R4PCC04U05:545461:546305 [0] NCCL INFO Connected to proxy localRank 0 -> connection 0x7f50e40056b0
MOC-R4PCC04U05:545463:545604 [2] NCCL INFO New proxy send connection 15 from local rank 2, transport 0
MOC-R4PCC04U05:545462:545605 [1] NCCL INFO New proxy recv connection 20 from local rank 1, transport 0
MOC-R4PCC04U05:545463:546306 [2] NCCL INFO Connected to proxy localRank 2 -> connection 0x7f6728005638
MOC-R4PCC04U05:545462:546307 [1] NCCL INFO Connected to proxy localRank 1 -> connection 0x7fe7ac005890
MOC-R4PCC04U05:545464:546304 [3] NCCL INFO GPU Direct RDMA Disabled for GPU 3 / HCA 1 (distance 7 > 0)
MOC-R4PCC04U05:545461:545608 [0] NCCL INFO New proxy recv connection 17 from local rank 0, transport 0
MOC-R4PCC04U05:545461:546305 [0] NCCL INFO Connected to proxy localRank 0 -> connection 0x7f50e4005728
MOC-R4PCC04U05:545464:545602 [3] NCCL INFO New proxy recv connection 12 from local rank 3, transport 2
MOC-R4PCC04U05:545464:546304 [3] NCCL INFO Connected to proxy localRank 3 -> connection 0x7f16ec0054d0
MOC-R4PCC04U05:545464:546304 [3] NCCL INFO Channel 00/0 : 11[3] -> 3[3] [receive] via NET/IB/1
MOC-R4PCC04U05:545464:546304 [3] NCCL INFO GPU Direct RDMA Disabled for GPU 3 / HCA 1 (distance 7 > 0)
MOC-R4PCC04U05:545464:545602 [3] NCCL INFO New proxy recv connection 13 from local rank 3, transport 2
MOC-R4PCC04U05:545464:546304 [3] NCCL INFO Connected to proxy localRank 3 -> connection 0x7f16ec005548
MOC-R4PCC04U05:545461:545608 [0] NCCL INFO New proxy recv connection 18 from local rank 0, transport 0
MOC-R4PCC04U05:545461:546305 [0] NCCL INFO Connected to proxy localRank 0 -> connection 0x7f50e40057a0
MOC-R4PCC04U05:545464:546304 [3] NCCL INFO Channel 01/0 : 11[3] -> 3[3] [receive] via NET/IB/1
MOC-R4PCC04U05:545464:546304 [3] NCCL INFO GPU Direct RDMA Disabled for GPU 3 / HCA 1 (distance 7 > 0)
MOC-R4PCC04U05:545464:545602 [3] NCCL INFO New proxy recv connection 14 from local rank 3, transport 2
MOC-R4PCC04U05:545464:546304 [3] NCCL INFO Connected to proxy localRank 3 -> connection 0x7f16ec0055c0
MOC-R4PCC04U05:545464:546304 [3] NCCL INFO Channel 02/0 : 11[3] -> 3[3] [receive] via NET/IB/1
MOC-R4PCC04U05:545464:546304 [3] NCCL INFO GPU Direct RDMA Disabled for GPU 3 / HCA 1 (distance 7 > 0)
MOC-R4PCC04U05:545464:545602 [3] NCCL INFO New proxy recv connection 15 from local rank 3, transport 2
MOC-R4PCC04U05:545461:545608 [0] NCCL INFO New proxy recv connection 19 from local rank 0, transport 0
MOC-R4PCC04U05:545461:546305 [0] NCCL INFO Connected to proxy localRank 0 -> connection 0x7f50e4005818
MOC-R4PCC04U05:545464:546304 [3] NCCL INFO Connected to proxy localRank 3 -> connection 0x7f16ec005638
MOC-R4PCC04U05:545464:546304 [3] NCCL INFO Channel 03/0 : 11[3] -> 3[3] [receive] via NET/IB/1
MOC-R4PCC04U05:545464:546304 [3] NCCL INFO GPU Direct RDMA Disabled for GPU 3 / HCA 1 (distance 7 > 0)
MOC-R4PCC04U05:545464:545602 [3] NCCL INFO New proxy send connection 16 from local rank 3, transport 2
MOC-R4PCC04U05:545464:546304 [3] NCCL INFO Connected to proxy localRank 3 -> connection 0x7f16ec0056b0
MOC-R4PCC04U05:545464:546304 [3] NCCL INFO Channel 02/0 : 3[3] -> 7[3] [send] via NET/IB/1
MOC-R4PCC04U05:545464:546304 [3] NCCL INFO GPU Direct RDMA Disabled for GPU 3 / HCA 1 (distance 7 > 0)
MOC-R4PCC04U05:545464:545602 [3] NCCL INFO New proxy send connection 17 from local rank 3, transport 2
MOC-R4PCC04U05:545464:546304 [3] NCCL INFO Connected to proxy localRank 3 -> connection 0x7f16ec005728
MOC-R4PCC04U05:545464:546304 [3] NCCL INFO Channel 03/0 : 3[3] -> 7[3] [send] via NET/IB/1
MOC-R4PCC04U05:545461:545608 [0] NCCL INFO New proxy recv connection 20 from local rank 0, transport 0
MOC-R4PCC04U05:545461:546305 [0] NCCL INFO Connected to proxy localRank 0 -> connection 0x7f50e4005890
MOC-R4PCC04U05:545464:546304 [3] NCCL INFO GPU Direct RDMA Disabled for GPU 3 / HCA 1 (distance 7 > 0)
MOC-R4PCC04U05:545464:545602 [3] NCCL INFO New proxy recv connection 18 from local rank 3, transport 2
MOC-R4PCC04U05:545464:546304 [3] NCCL INFO Connected to proxy localRank 3 -> connection 0x7f16ec0057a0
MOC-R4PCC04U05:545464:546304 [3] NCCL INFO Channel 02/0 : 7[3] -> 3[3] [receive] via NET/IB/1
MOC-R4PCC04U05:545464:546304 [3] NCCL INFO GPU Direct RDMA Disabled for GPU 3 / HCA 1 (distance 7 > 0)
MOC-R4PCC04U05:545464:545602 [3] NCCL INFO New proxy recv connection 19 from local rank 3, transport 2
MOC-R4PCC04U05:545464:546304 [3] NCCL INFO Connected to proxy localRank 3 -> connection 0x7f16ec005818
MOC-R4PCC04U05:545464:546304 [3] NCCL INFO Channel 03/0 : 7[3] -> 3[3] [receive] via NET/IB/1
MOC-R4PCC04U05:545464:546304 [3] NCCL INFO GPU Direct RDMA Disabled for GPU 3 / HCA 1 (distance 7 > 0)
MOC-R4PCC04U05:545464:545602 [3] NCCL INFO New proxy send connection 20 from local rank 3, transport 2
MOC-R4PCC04U05:545464:546304 [3] NCCL INFO Connected to proxy localRank 3 -> connection 0x7f16ec005890
MOC-R4PCC04U05:545464:546304 [3] NCCL INFO Channel 00/0 : 3[3] -> 11[3] [send] via NET/IB/1
MOC-R4PCC04U05:545464:546304 [3] NCCL INFO GPU Direct RDMA Disabled for GPU 3 / HCA 1 (distance 7 > 0)
MOC-R4PCC04U05:545464:545602 [3] NCCL INFO New proxy send connection 21 from local rank 3, transport 2
MOC-R4PCC04U05:545464:546304 [3] NCCL INFO Connected to proxy localRank 3 -> connection 0x7f16ec005908
MOC-R4PCC04U05:545464:546304 [3] NCCL INFO Channel 01/0 : 3[3] -> 11[3] [send] via NET/IB/1
MOC-R4PCC04U05:545464:546304 [3] NCCL INFO GPU Direct RDMA Disabled for GPU 3 / HCA 1 (distance 7 > 0)
MOC-R4PCC04U05:545464:545602 [3] NCCL INFO New proxy send connection 22 from local rank 3, transport 2
MOC-R4PCC04U05:545464:546304 [3] NCCL INFO Connected to proxy localRank 3 -> connection 0x7f16ec005980
MOC-R4PCC04U05:545464:546304 [3] NCCL INFO Channel 02/0 : 3[3] -> 11[3] [send] via NET/IB/1
MOC-R4PCC04U05:545464:546304 [3] NCCL INFO GPU Direct RDMA Disabled for GPU 3 / HCA 1 (distance 7 > 0)
MOC-R4PCC04U05:545464:545602 [3] NCCL INFO New proxy send connection 23 from local rank 3, transport 2
MOC-R4PCC04U05:545464:546304 [3] NCCL INFO Connected to proxy localRank 3 -> connection 0x7f16ec0059f8
MOC-R4PCC04U05:545464:546304 [3] NCCL INFO Channel 03/0 : 3[3] -> 11[3] [send] via NET/IB/1
MOC-R4PCC04U05:545464:545602 [3] NCCL INFO New proxy send connection 24 from local rank 3, transport 0
MOC-R4PCC04U05:545464:546304 [3] NCCL INFO Connected to proxy localRank 3 -> connection 0x7f16ec005a70
MOC-R4PCC04U05:545464:545602 [3] NCCL INFO New proxy send connection 25 from local rank 3, transport 0
MOC-R4PCC04U05:545464:546304 [3] NCCL INFO Connected to proxy localRank 3 -> connection 0x7f16ec005ae8
MOC-R4PCC04U05:545464:545602 [3] NCCL INFO New proxy send connection 26 from local rank 3, transport 0
MOC-R4PCC04U05:545464:546304 [3] NCCL INFO Connected to proxy localRank 3 -> connection 0x7f16ec005b60
MOC-R4PCC04U05:545464:545602 [3] NCCL INFO New proxy send connection 27 from local rank 3, transport 0
MOC-R4PCC04U05:545464:546304 [3] NCCL INFO Connected to proxy localRank 3 -> connection 0x7f16ec005bd8
MOC-R4PCC04U05:545464:545602 [3] NCCL INFO NET/IB: NCCL Dev 1 IbDev 0 Port 1 qpn 8540 mtu 3 query_ece={supported=1, vendor_id=0x15b3, options=0x30000002, comp_mask=0x0} GID 3 (0/C132A8C0FFFF0000) fifoRkey=0x174705 fifoLkey=0x174705
MOC-R4PCC04U05:545464:545602 [3] NCCL INFO NET/IB: NCCL Dev 1 IbDev 0 Port 1 qpn 8543 mtu 3 query_ece={supported=1, vendor_id=0x15b3, options=0x30000002, comp_mask=0x0} GID 3 (0/C132A8C0FFFF0000) fifoRkey=0x1722e1 fifoLkey=0x1722e1
MOC-R4PCC04U05:545464:545602 [3] NCCL INFO NET/IB: NCCL Dev 1 IbDev 0 Port 1 qpn 8544 mtu 3 query_ece={supported=1, vendor_id=0x15b3, options=0x30000002, comp_mask=0x0} GID 3 (0/C132A8C0FFFF0000) fifoRkey=0x176c2b fifoLkey=0x176c2b
MOC-R4PCC04U05:545464:545602 [3] NCCL INFO NET/IB: NCCL Dev 1 IbDev 0 Port 1 qpn 8545 mtu 3 query_ece={supported=1, vendor_id=0x15b3, options=0x30000002, comp_mask=0x0} GID 3 (0/C132A8C0FFFF0000) fifoRkey=0x17a767 fifoLkey=0x17a767
MOC-R4PCC04U05:545464:545602 [3] NCCL INFO NET/IB: IbDev 0 Port 1 qpn 8474 set_ece={supported=1, vendor_id=0x15b3, options=0x0, comp_mask=0x0}
MOC-R4PCC04U05:545464:545602 [3] NCCL INFO NET/IB: IbDev 0 Port 1 qpn 5587 set_ece={supported=1, vendor_id=0x15b3, options=0x0, comp_mask=0x0}
MOC-R4PCC04U05:545464:545602 [3] NCCL INFO NET/IB: IbDev 0 Port 1 qpn 5590 set_ece={supported=1, vendor_id=0x15b3, options=0x0, comp_mask=0x0}
MOC-R4PCC04U05:545464:545602 [3] NCCL INFO NET/IB: NCCL Dev 1 IbDev 0 Port 1 qpn 8546 mtu 3 query_ece={supported=1, vendor_id=0x15b3, options=0x30000002, comp_mask=0x0} GID 3 (0/C132A8C0FFFF0000) fifoRkey=0x17f5b4 fifoLkey=0x17f5b4
MOC-R4PCC04U05:545464:545602 [3] NCCL INFO NET/IB: IbDev 0 Port 1 qpn 8478 set_ece={supported=1, vendor_id=0x15b3, options=0x0, comp_mask=0x0}
MOC-R4PCC04U05:545464:545602 [3] NCCL INFO NET/IB: IbDev 0 Port 1 qpn 5596 set_ece={supported=1, vendor_id=0x15b3, options=0x0, comp_mask=0x0}
MOC-R4PCC04U05:545464:545602 [3] NCCL INFO NET/IB: NCCL Dev 1 IbDev 0 Port 1 qpn 8551 mtu 3 query_ece={supported=1, vendor_id=0x15b3, options=0x30000002, comp_mask=0x0} GID 3 (0/C132A8C0FFFF0000) fifoRkey=0x17f9b8 fifoLkey=0x17f9b8
MOC-R4PCC04U05:545464:545602 [3] NCCL INFO NET/IB: IbDev 0 Port 1 qpn 5598 set_ece={supported=1, vendor_id=0x15b3, options=0x0, comp_mask=0x0}
step    1/10 | train loss 11.010328 | norm 15.4838 | lr 1.00e-04 | (14221.97 ms | 82945 tok/s)
step    2/10 | train loss 10.133743 | norm 5.7667 | lr 1.00e-04 | (275.72 ms | 4278381 tok/s)
step    3/10 | train loss 9.791645 | norm 2.6213 | lr 1.00e-04 | (279.63 ms | 4218676 tok/s)
step    4/10 | train loss 9.621452 | norm 2.1220 | lr 1.00e-04 | (275.10 ms | 4288122 tok/s)
step    5/10 | train loss 9.538269 | norm 2.1105 | lr 1.00e-04 | (280.01 ms | 4212860 tok/s)
step    6/10 | train loss 9.456853 | norm 2.0044 | lr 1.00e-04 | (275.27 ms | 4285437 tok/s)
step    7/10 | train loss 9.371297 | norm 1.9533 | lr 1.00e-04 | (276.96 ms | 4259288 tok/s)
step    8/10 | train loss 9.279755 | norm 1.9214 | lr 1.00e-04 | (278.37 ms | 4237634 tok/s)
step    9/10 | train loss 9.184241 | norm 1.8719 | lr 1.00e-04 | (275.92 ms | 4275324 tok/s)
step   10/10 | train loss 9.096458 | norm 1.7977 | lr 1.00e-04 | (276.39 ms | 4268125 tok/s)
final 9 iters avg: 277.040ms
peak memory consumption: 16601 MiB
