Running pytorch 2.7.0+cu126
using device: cuda:0
total desired batch size: 3670016
=> calculated gradient accumulation steps: 7
using device: cuda:3
using device: cuda:2
using device: cuda:1
compiling the model...
DataLoader: total number of tokens: 1,661,249,667 across 103 files
MOC-R4PCC04U05:751773:751773 [0] NCCL INFO NCCL_SOCKET_IFNAME set to eno7np0
MOC-R4PCC04U05:751773:751773 [0] NCCL INFO NCCL version 2.26.2+cuda12.2
MOC-R4PCC04U05:751773:751879 [0] NCCL INFO NET/Plugin: Could not find: libnccl-net.so. Using internal net plugin.
MOC-R4PCC04U05:751773:751879 [0] NCCL INFO NCCL_IB_HCA set to mlx5_5
MOC-R4PCC04U05:751776:751776 [3] NCCL INFO NCCL_SOCKET_IFNAME set to eno7np0
MOC-R4PCC04U05:751776:751776 [3] NCCL INFO NCCL version 2.26.2+cuda12.2
MOC-R4PCC04U05:751773:751879 [0] NCCL INFO NET/IB : Made virtual device [0] name=mlx5_5 speed=400000 ndevs=1
MOC-R4PCC04U05:751773:751879 [0] NCCL INFO NET/IB : Using [0]mlx5_5:1/RoCE [RO]; OOB eno7np0:192.168.50.193<0>
MOC-R4PCC04U05:751775:751775 [2] NCCL INFO NCCL_SOCKET_IFNAME set to eno7np0
MOC-R4PCC04U05:751775:751775 [2] NCCL INFO NCCL version 2.26.2+cuda12.2
MOC-R4PCC04U05:751774:751774 [1] NCCL INFO NCCL_SOCKET_IFNAME set to eno7np0
MOC-R4PCC04U05:751774:751774 [1] NCCL INFO NCCL version 2.26.2+cuda12.2
MOC-R4PCC04U05:751776:751901 [3] NCCL INFO NET/Plugin: Could not find: libnccl-net.so. Using internal net plugin.
MOC-R4PCC04U05:751776:751901 [3] NCCL INFO NCCL_IB_HCA set to mlx5_5
MOC-R4PCC04U05:751776:751901 [3] NCCL INFO NET/IB : Made virtual device [0] name=mlx5_5 speed=400000 ndevs=1
MOC-R4PCC04U05:751776:751901 [3] NCCL INFO NET/IB : Using [0]mlx5_5:1/RoCE [RO]; OOB eno7np0:192.168.50.193<0>
MOC-R4PCC04U05:751775:751903 [2] NCCL INFO NET/Plugin: Could not find: libnccl-net.so. Using internal net plugin.
MOC-R4PCC04U05:751775:751903 [2] NCCL INFO NCCL_IB_HCA set to mlx5_5
MOC-R4PCC04U05:751775:751903 [2] NCCL INFO NET/IB : Made virtual device [0] name=mlx5_5 speed=400000 ndevs=1
MOC-R4PCC04U05:751775:751903 [2] NCCL INFO NET/IB : Using [0]mlx5_5:1/RoCE [RO]; OOB eno7np0:192.168.50.193<0>
MOC-R4PCC04U05:751774:751904 [1] NCCL INFO NET/Plugin: Could not find: libnccl-net.so. Using internal net plugin.
MOC-R4PCC04U05:751774:751904 [1] NCCL INFO NCCL_IB_HCA set to mlx5_5
MOC-R4PCC04U05:751774:751904 [1] NCCL INFO NET/IB : Made virtual device [0] name=mlx5_5 speed=400000 ndevs=1
MOC-R4PCC04U05:751774:751904 [1] NCCL INFO NET/IB : Using [0]mlx5_5:1/RoCE [RO]; OOB eno7np0:192.168.50.193<0>
MOC-R4PCC04U05:751775:751903 [2] NCCL INFO NET/IB : GPU Direct RDMA Enabled for HCA 0 'mlx5_5'
MOC-R4PCC04U05:751775:751903 [2] NCCL INFO NET/IB : Made virtual device [1] name=mlx5_5 speed=400000 ndevs=1
MOC-R4PCC04U05:751775:751903 [2] NCCL INFO NET/IB : GPU Direct RDMA Enabled for HCA 0 'mlx5_5'
MOC-R4PCC04U05:751775:751903 [2] NCCL INFO NET/IB : GPU Direct RDMA Enabled for HCA 1 'mlx5_5'
MOC-R4PCC04U05:751776:751901 [3] NCCL INFO NET/IB : GPU Direct RDMA Enabled for HCA 0 'mlx5_5'
MOC-R4PCC04U05:751776:751901 [3] NCCL INFO NET/IB : Made virtual device [1] name=mlx5_5 speed=400000 ndevs=1
MOC-R4PCC04U05:751776:751901 [3] NCCL INFO NET/IB : GPU Direct RDMA Enabled for HCA 0 'mlx5_5'
MOC-R4PCC04U05:751776:751901 [3] NCCL INFO NET/IB : GPU Direct RDMA Enabled for HCA 1 'mlx5_5'
MOC-R4PCC04U05:751773:751879 [0] NCCL INFO NET/IB : GPU Direct RDMA Enabled for HCA 0 'mlx5_5'
MOC-R4PCC04U05:751773:751879 [0] NCCL INFO NET/IB : Made virtual device [1] name=mlx5_5 speed=400000 ndevs=1
MOC-R4PCC04U05:751773:751879 [0] NCCL INFO NET/IB : GPU Direct RDMA Enabled for HCA 0 'mlx5_5'
MOC-R4PCC04U05:751773:751879 [0] NCCL INFO NET/IB : GPU Direct RDMA Enabled for HCA 1 'mlx5_5'
MOC-R4PCC04U05:751774:751904 [1] NCCL INFO NET/IB : GPU Direct RDMA Enabled for HCA 0 'mlx5_5'
MOC-R4PCC04U05:751774:751904 [1] NCCL INFO NET/IB : Made virtual device [1] name=mlx5_5 speed=400000 ndevs=1
MOC-R4PCC04U05:751774:751904 [1] NCCL INFO NET/IB : GPU Direct RDMA Enabled for HCA 0 'mlx5_5'
MOC-R4PCC04U05:751774:751904 [1] NCCL INFO NET/IB : GPU Direct RDMA Enabled for HCA 1 'mlx5_5'
MOC-R4PCC04U05:751774:751904 [1] NCCL INFO NCCL_NET_GDR_LEVEL set by environment to LOC
MOC-R4PCC04U05:751774:751904 [1] NCCL INFO GPU Direct RDMA Disabled for GPU 0 / HCA 1 (distance 5 > 0)
MOC-R4PCC04U05:751774:751904 [1] NCCL INFO GPU Direct RDMA Disabled for GPU 1 / HCA 1 (distance 5 > 0)
MOC-R4PCC04U05:751774:751904 [1] NCCL INFO GPU Direct RDMA Disabled for GPU 2 / HCA 1 (distance 5 > 0)
MOC-R4PCC04U05:751774:751904 [1] NCCL INFO GPU Direct RDMA Disabled for GPU 0 / HCA 1 (distance 5 > 0)
MOC-R4PCC04U05:751774:751904 [1] NCCL INFO GPU Direct RDMA Disabled for GPU 1 / HCA 1 (distance 5 > 0)
MOC-R4PCC04U05:751774:751904 [1] NCCL INFO GPU Direct RDMA Disabled for GPU 2 / HCA 1 (distance 5 > 0)
MOC-R4PCC04U05:751773:751879 [0] NCCL INFO NCCL_NET_GDR_LEVEL set by environment to LOC
MOC-R4PCC04U05:751773:751879 [0] NCCL INFO GPU Direct RDMA Disabled for GPU 0 / HCA 1 (distance 5 > 0)
MOC-R4PCC04U05:751773:751879 [0] NCCL INFO GPU Direct RDMA Disabled for GPU 1 / HCA 1 (distance 5 > 0)
MOC-R4PCC04U05:751773:751879 [0] NCCL INFO GPU Direct RDMA Disabled for GPU 2 / HCA 1 (distance 5 > 0)
MOC-R4PCC04U05:751773:751879 [0] NCCL INFO GPU Direct RDMA Disabled for GPU 0 / HCA 1 (distance 5 > 0)
MOC-R4PCC04U05:751773:751879 [0] NCCL INFO GPU Direct RDMA Disabled for GPU 1 / HCA 1 (distance 5 > 0)
MOC-R4PCC04U05:751773:751879 [0] NCCL INFO GPU Direct RDMA Disabled for GPU 2 / HCA 1 (distance 5 > 0)
MOC-R4PCC04U05:751775:751903 [2] NCCL INFO NCCL_NET_GDR_LEVEL set by environment to LOC
MOC-R4PCC04U05:751775:751903 [2] NCCL INFO GPU Direct RDMA Disabled for GPU 0 / HCA 1 (distance 5 > 0)
MOC-R4PCC04U05:751775:751903 [2] NCCL INFO GPU Direct RDMA Disabled for GPU 1 / HCA 1 (distance 5 > 0)
MOC-R4PCC04U05:751775:751903 [2] NCCL INFO GPU Direct RDMA Disabled for GPU 2 / HCA 1 (distance 5 > 0)
MOC-R4PCC04U05:751775:751903 [2] NCCL INFO GPU Direct RDMA Disabled for GPU 0 / HCA 1 (distance 5 > 0)
MOC-R4PCC04U05:751775:751903 [2] NCCL INFO GPU Direct RDMA Disabled for GPU 1 / HCA 1 (distance 5 > 0)
MOC-R4PCC04U05:751775:751903 [2] NCCL INFO GPU Direct RDMA Disabled for GPU 2 / HCA 1 (distance 5 > 0)
MOC-R4PCC04U05:751776:751901 [3] NCCL INFO NCCL_NET_GDR_LEVEL set by environment to LOC
MOC-R4PCC04U05:751776:751901 [3] NCCL INFO GPU Direct RDMA Disabled for GPU 0 / HCA 1 (distance 5 > 0)
MOC-R4PCC04U05:751776:751901 [3] NCCL INFO GPU Direct RDMA Disabled for GPU 1 / HCA 1 (distance 5 > 0)
MOC-R4PCC04U05:751776:751901 [3] NCCL INFO GPU Direct RDMA Disabled for GPU 2 / HCA 1 (distance 5 > 0)
MOC-R4PCC04U05:751776:751901 [3] NCCL INFO GPU Direct RDMA Disabled for GPU 0 / HCA 1 (distance 5 > 0)
MOC-R4PCC04U05:751776:751901 [3] NCCL INFO GPU Direct RDMA Disabled for GPU 1 / HCA 1 (distance 5 > 0)
MOC-R4PCC04U05:751776:751901 [3] NCCL INFO GPU Direct RDMA Disabled for GPU 2 / HCA 1 (distance 5 > 0)
MOC-R4PCC04U05:751774:751919 [1] NCCL INFO New proxy recv connection 0 from local rank 1, transport 0
MOC-R4PCC04U05:751774:751991 [1] NCCL INFO Connected to proxy localRank 1 -> connection 0x7f4288004f30
MOC-R4PCC04U05:751773:751917 [0] NCCL INFO New proxy send connection 0 from local rank 0, transport 0
MOC-R4PCC04U05:751775:751918 [2] NCCL INFO New proxy recv connection 0 from local rank 2, transport 0
MOC-R4PCC04U05:751773:751992 [0] NCCL INFO Connected to proxy localRank 0 -> connection 0x7f1c70004f30
MOC-R4PCC04U05:751775:751993 [2] NCCL INFO Connected to proxy localRank 2 -> connection 0x7f6b28004f30
MOC-R4PCC04U05:751774:751919 [1] NCCL INFO New proxy recv connection 1 from local rank 1, transport 0
MOC-R4PCC04U05:751774:751991 [1] NCCL INFO Connected to proxy localRank 1 -> connection 0x7f4288004fa8
MOC-R4PCC04U05:751775:751918 [2] NCCL INFO New proxy recv connection 1 from local rank 2, transport 0
MOC-R4PCC04U05:751773:751917 [0] NCCL INFO New proxy send connection 1 from local rank 0, transport 0
MOC-R4PCC04U05:751775:751993 [2] NCCL INFO Connected to proxy localRank 2 -> connection 0x7f6b28004fa8
MOC-R4PCC04U05:751773:751992 [0] NCCL INFO Connected to proxy localRank 0 -> connection 0x7f1c70004fa8
MOC-R4PCC04U05:751775:751993 [2] NCCL INFO GPU Direct RDMA Disabled for GPU 2 / HCA 1 (distance 7 > 0)
MOC-R4PCC04U05:751773:751917 [0] NCCL INFO New proxy send connection 2 from local rank 0, transport 0
MOC-R4PCC04U05:751773:751992 [0] NCCL INFO Connected to proxy localRank 0 -> connection 0x7f1c70005020
MOC-R4PCC04U05:751776:751916 [3] NCCL INFO New proxy recv connection 0 from local rank 3, transport 0
MOC-R4PCC04U05:751776:751994 [3] NCCL INFO Connected to proxy localRank 3 -> connection 0x7fab24004f30
MOC-R4PCC04U05:751776:751916 [3] NCCL INFO New proxy recv connection 1 from local rank 3, transport 0
MOC-R4PCC04U05:751773:751917 [0] NCCL INFO New proxy send connection 3 from local rank 0, transport 0
MOC-R4PCC04U05:751776:751994 [3] NCCL INFO Connected to proxy localRank 3 -> connection 0x7fab24004fa8
MOC-R4PCC04U05:751773:751992 [0] NCCL INFO Connected to proxy localRank 0 -> connection 0x7f1c70005098
MOC-R4PCC04U05:751776:751994 [3] NCCL INFO GPU Direct RDMA Disabled for GPU 3 / HCA 1 (distance 7 > 0)
MOC-R4PCC04U05:751775:751918 [2] NCCL INFO New proxy recv connection 2 from local rank 2, transport 2
MOC-R4PCC04U05:751775:751993 [2] NCCL INFO Connected to proxy localRank 2 -> connection 0x7f6b28005020
MOC-R4PCC04U05:751775:751993 [2] NCCL INFO Channel 00/0 : 15[3] -> 2[2] [receive] via NET/IB/1
MOC-R4PCC04U05:751775:751993 [2] NCCL INFO GPU Direct RDMA Disabled for GPU 2 / HCA 1 (distance 7 > 0)
MOC-R4PCC04U05:751775:751918 [2] NCCL INFO New proxy recv connection 3 from local rank 2, transport 2
MOC-R4PCC04U05:751775:751993 [2] NCCL INFO Connected to proxy localRank 2 -> connection 0x7f6b28005098
MOC-R4PCC04U05:751775:751993 [2] NCCL INFO Channel 02/0 : 15[3] -> 2[2] [receive] via NET/IB/1
MOC-R4PCC04U05:751776:751916 [3] NCCL INFO New proxy send connection 2 from local rank 3, transport 2
MOC-R4PCC04U05:751776:751994 [3] NCCL INFO Connected to proxy localRank 3 -> connection 0x7fab24005020
MOC-R4PCC04U05:751776:751994 [3] NCCL INFO Channel 00/0 : 3[3] -> 6[2] [send] via NET/IB/1
MOC-R4PCC04U05:751776:751994 [3] NCCL INFO GPU Direct RDMA Disabled for GPU 3 / HCA 1 (distance 7 > 0)
MOC-R4PCC04U05:751776:751916 [3] NCCL INFO New proxy send connection 3 from local rank 3, transport 2
MOC-R4PCC04U05:751776:751994 [3] NCCL INFO Connected to proxy localRank 3 -> connection 0x7fab24005098
MOC-R4PCC04U05:751776:751994 [3] NCCL INFO Channel 02/0 : 3[3] -> 6[2] [send] via NET/IB/1
MOC-R4PCC04U05:751773:751917 [0] NCCL INFO New proxy recv connection 4 from local rank 0, transport 0
MOC-R4PCC04U05:751773:751992 [0] NCCL INFO Connected to proxy localRank 0 -> connection 0x7f1c70005110
MOC-R4PCC04U05:751776:751994 [3] NCCL INFO GPU Direct RDMA Disabled for GPU 3 / HCA 1 (distance 7 > 0)
MOC-R4PCC04U05:751776:751916 [3] NCCL INFO New proxy recv connection 4 from local rank 3, transport 2
MOC-R4PCC04U05:751776:751994 [3] NCCL INFO Connected to proxy localRank 3 -> connection 0x7fab24005110
MOC-R4PCC04U05:751773:751917 [0] NCCL INFO New proxy recv connection 5 from local rank 0, transport 0
MOC-R4PCC04U05:751773:751992 [0] NCCL INFO Connected to proxy localRank 0 -> connection 0x7f1c70005188
MOC-R4PCC04U05:751776:751994 [3] NCCL INFO Channel 01/0 : 14[2] -> 3[3] [receive] via NET/IB/1
MOC-R4PCC04U05:751776:751994 [3] NCCL INFO GPU Direct RDMA Disabled for GPU 3 / HCA 1 (distance 7 > 0)
MOC-R4PCC04U05:751776:751916 [3] NCCL INFO New proxy recv connection 5 from local rank 3, transport 2
MOC-R4PCC04U05:751776:751994 [3] NCCL INFO Connected to proxy localRank 3 -> connection 0x7fab24005188
MOC-R4PCC04U05:751776:751994 [3] NCCL INFO Channel 03/0 : 14[2] -> 3[3] [receive] via NET/IB/1
MOC-R4PCC04U05:751773:751917 [0] NCCL INFO New proxy recv connection 6 from local rank 0, transport 0
MOC-R4PCC04U05:751773:751992 [0] NCCL INFO Connected to proxy localRank 0 -> connection 0x7f1c70005200
MOC-R4PCC04U05:751773:751917 [0] NCCL INFO New proxy recv connection 7 from local rank 0, transport 0
MOC-R4PCC04U05:751773:751992 [0] NCCL INFO Connected to proxy localRank 0 -> connection 0x7f1c70005278
MOC-R4PCC04U05:751775:751993 [2] NCCL INFO GPU Direct RDMA Disabled for GPU 2 / HCA 1 (distance 7 > 0)
MOC-R4PCC04U05:751775:751918 [2] NCCL INFO New proxy send connection 4 from local rank 2, transport 2
MOC-R4PCC04U05:751775:751993 [2] NCCL INFO Connected to proxy localRank 2 -> connection 0x7f6b28005110
MOC-R4PCC04U05:751775:751993 [2] NCCL INFO Channel 01/0 : 2[2] -> 7[3] [send] via NET/IB/1
MOC-R4PCC04U05:751775:751993 [2] NCCL INFO GPU Direct RDMA Disabled for GPU 2 / HCA 1 (distance 7 > 0)
MOC-R4PCC04U05:751775:751918 [2] NCCL INFO New proxy send connection 5 from local rank 2, transport 2
MOC-R4PCC04U05:751775:751993 [2] NCCL INFO Connected to proxy localRank 2 -> connection 0x7f6b28005188
MOC-R4PCC04U05:751775:751993 [2] NCCL INFO Channel 03/0 : 2[2] -> 7[3] [send] via NET/IB/1
MOC-R4PCC04U05:751775:751918 [2] NCCL INFO New proxy send connection 6 from local rank 2, transport 0
MOC-R4PCC04U05:751775:751993 [2] NCCL INFO Connected to proxy localRank 2 -> connection 0x7f6b28005200
MOC-R4PCC04U05:751775:751918 [2] NCCL INFO New proxy send connection 7 from local rank 2, transport 0
MOC-R4PCC04U05:751775:751993 [2] NCCL INFO Connected to proxy localRank 2 -> connection 0x7f6b28005278
MOC-R4PCC04U05:751776:751916 [3] NCCL INFO New proxy send connection 6 from local rank 3, transport 0
MOC-R4PCC04U05:751776:751994 [3] NCCL INFO Connected to proxy localRank 3 -> connection 0x7fab24005200
MOC-R4PCC04U05:751776:751916 [3] NCCL INFO New proxy send connection 7 from local rank 3, transport 0
MOC-R4PCC04U05:751776:751994 [3] NCCL INFO Connected to proxy localRank 3 -> connection 0x7fab24005278
MOC-R4PCC04U05:751774:751919 [1] NCCL INFO New proxy recv connection 2 from local rank 1, transport 0
MOC-R4PCC04U05:751773:751917 [0] NCCL INFO New proxy send connection 8 from local rank 3, transport 0
MOC-R4PCC04U05:751774:751991 [1] NCCL INFO Connected to proxy localRank 1 -> connection 0x7f4288005020
MOC-R4PCC04U05:751776:751994 [3] NCCL INFO Connected to proxy localRank 0 -> connection 0x7f1c700052f0
MOC-R4PCC04U05:751774:751919 [1] NCCL INFO New proxy recv connection 3 from local rank 1, transport 0
MOC-R4PCC04U05:751774:751991 [1] NCCL INFO Connected to proxy localRank 1 -> connection 0x7f4288005098
MOC-R4PCC04U05:751774:751919 [1] NCCL INFO New proxy send connection 4 from local rank 1, transport 0
MOC-R4PCC04U05:751774:751991 [1] NCCL INFO Connected to proxy localRank 1 -> connection 0x7f4288005110
MOC-R4PCC04U05:751774:751919 [1] NCCL INFO New proxy send connection 5 from local rank 1, transport 0
MOC-R4PCC04U05:751774:751991 [1] NCCL INFO Connected to proxy localRank 1 -> connection 0x7f4288005188
MOC-R4PCC04U05:751774:751919 [1] NCCL INFO New proxy send connection 6 from local rank 1, transport 0
MOC-R4PCC04U05:751774:751991 [1] NCCL INFO Connected to proxy localRank 1 -> connection 0x7f4288005200
MOC-R4PCC04U05:751774:751919 [1] NCCL INFO New proxy send connection 7 from local rank 1, transport 0
MOC-R4PCC04U05:751774:751991 [1] NCCL INFO Connected to proxy localRank 1 -> connection 0x7f4288005278
MOC-R4PCC04U05:751774:751919 [1] NCCL INFO New proxy send connection 8 from local rank 3, transport 0
MOC-R4PCC04U05:751776:751994 [3] NCCL INFO Connected to proxy localRank 1 -> connection 0x7f42880052f0
MOC-R4PCC04U05:751776:751916 [3] NCCL INFO New proxy send connection 8 from local rank 1, transport 0
MOC-R4PCC04U05:751774:751991 [1] NCCL INFO Connected to proxy localRank 3 -> connection 0x7fab240052f0
MOC-R4PCC04U05:751775:751918 [2] NCCL INFO New proxy send connection 8 from local rank 0, transport 0
MOC-R4PCC04U05:751773:751992 [0] NCCL INFO Connected to proxy localRank 2 -> connection 0x7f6b280052f0
MOC-R4PCC04U05:751773:751917 [0] NCCL INFO New proxy send connection 9 from local rank 2, transport 0
MOC-R4PCC04U05:751775:751993 [2] NCCL INFO Connected to proxy localRank 0 -> connection 0x7f1c70005368
MOC-R4PCC04U05:751776:751916 [3] NCCL INFO NET/IB: NCCL Dev 1 IbDev 0 Port 1 qpn 12410 mtu 3 query_ece={supported=1, vendor_id=0x15b3, options=0x30000002, comp_mask=0x0} GID 3 (0/C132A8C0FFFF0000) fifoRkey=0x17601f fifoLkey=0x17601f
MOC-R4PCC04U05:751776:751916 [3] NCCL INFO NET/IB: NCCL Dev 1 IbDev 0 Port 1 qpn 12411 mtu 3 query_ece={supported=1, vendor_id=0x15b3, options=0x30000002, comp_mask=0x0} GID 3 (0/C132A8C0FFFF0000) fifoRkey=0x17e1a0 fifoLkey=0x17e1a0
MOC-R4PCC04U05:751774:751919 [1] NCCL INFO New proxy send connection 9 from local rank 2, transport 0
MOC-R4PCC04U05:751775:751993 [2] NCCL INFO Connected to proxy localRank 1 -> connection 0x7f4288005368
MOC-R4PCC04U05:751775:751918 [2] NCCL INFO NET/IB: NCCL Dev 1 IbDev 0 Port 1 qpn 12415 mtu 3 query_ece={supported=1, vendor_id=0x15b3, options=0x30000002, comp_mask=0x0} GID 3 (0/C132A8C0FFFF0000) fifoRkey=0x17904f fifoLkey=0x17904f
MOC-R4PCC04U05:751776:751916 [3] NCCL INFO NET/IB: IbDev 0 Port 1 qpn 13118 set_ece={supported=1, vendor_id=0x15b3, options=0x0, comp_mask=0x0}
MOC-R4PCC04U05:751775:751918 [2] NCCL INFO NET/IB: NCCL Dev 1 IbDev 0 Port 1 qpn 12417 mtu 3 query_ece={supported=1, vendor_id=0x15b3, options=0x30000002, comp_mask=0x0} GID 3 (0/C132A8C0FFFF0000) fifoRkey=0x17cb8a fifoLkey=0x17cb8a
MOC-R4PCC04U05:751775:751918 [2] NCCL INFO NET/IB: IbDev 0 Port 1 qpn 13124 set_ece={supported=1, vendor_id=0x15b3, options=0x0, comp_mask=0x0}
MOC-R4PCC04U05:751773:751917 [0] NCCL INFO New proxy send connection 10 from local rank 1, transport 0
MOC-R4PCC04U05:751774:751991 [1] NCCL INFO Connected to proxy localRank 0 -> connection 0x7f1c700053e0
MOC-R4PCC04U05:751776:751916 [3] NCCL INFO NET/IB: IbDev 0 Port 1 qpn 13120 set_ece={supported=1, vendor_id=0x15b3, options=0x0, comp_mask=0x0}
MOC-R4PCC04U05:751775:751918 [2] NCCL INFO NET/IB: IbDev 0 Port 1 qpn 13126 set_ece={supported=1, vendor_id=0x15b3, options=0x0, comp_mask=0x0}
MOC-R4PCC04U05:751776:751916 [3] NCCL INFO New proxy send connection 9 from local rank 0, transport 0
MOC-R4PCC04U05:751773:751992 [0] NCCL INFO Connected to proxy localRank 3 -> connection 0x7fab24005368
MOC-R4PCC04U05:751775:751918 [2] NCCL INFO New proxy send connection 9 from local rank 1, transport 0
MOC-R4PCC04U05:751774:751991 [1] NCCL INFO Connected to proxy localRank 2 -> connection 0x7f6b28005368
MOC-R4PCC04U05:751774:751919 [1] NCCL INFO New proxy send connection 10 from local rank 0, transport 0
MOC-R4PCC04U05:751773:751992 [0] NCCL INFO Connected to proxy localRank 1 -> connection 0x7f42880053e0
num decayed parameter tensors: 50, with 124,318,464 parameters
num non-decayed parameter tensors: 98, with 121,344 parameters
using fused AdamW: False
using regular AdamW
MOC-R4PCC04U05:751776:751916 [3] NCCL INFO New proxy recv connection 10 from local rank 3, transport 0
MOC-R4PCC04U05:751776:752619 [3] NCCL INFO Connected to proxy localRank 3 -> connection 0x7fab240053e0
MOC-R4PCC04U05:751776:751916 [3] NCCL INFO New proxy recv connection 11 from local rank 3, transport 0
MOC-R4PCC04U05:751776:752619 [3] NCCL INFO Connected to proxy localRank 3 -> connection 0x7fab24005458
MOC-R4PCC04U05:751775:751918 [2] NCCL INFO New proxy recv connection 10 from local rank 2, transport 0
MOC-R4PCC04U05:751775:752620 [2] NCCL INFO Connected to proxy localRank 2 -> connection 0x7f6b280053e0
MOC-R4PCC04U05:751775:751918 [2] NCCL INFO New proxy recv connection 11 from local rank 2, transport 0
MOC-R4PCC04U05:751775:752620 [2] NCCL INFO Connected to proxy localRank 2 -> connection 0x7f6b28005458
MOC-R4PCC04U05:751775:751918 [2] NCCL INFO New proxy recv connection 12 from local rank 2, transport 0
MOC-R4PCC04U05:751775:752620 [2] NCCL INFO Connected to proxy localRank 2 -> connection 0x7f6b280054d0
MOC-R4PCC04U05:751775:751918 [2] NCCL INFO New proxy recv connection 13 from local rank 2, transport 0
MOC-R4PCC04U05:751775:752620 [2] NCCL INFO Connected to proxy localRank 2 -> connection 0x7f6b28005548
MOC-R4PCC04U05:751773:751917 [0] NCCL INFO New proxy send connection 11 from local rank 0, transport 0
MOC-R4PCC04U05:751773:752621 [0] NCCL INFO Connected to proxy localRank 0 -> connection 0x7f1c70005458
MOC-R4PCC04U05:751773:751917 [0] NCCL INFO New proxy send connection 12 from local rank 0, transport 0
MOC-R4PCC04U05:751773:752621 [0] NCCL INFO Connected to proxy localRank 0 -> connection 0x7f1c700054d0
MOC-R4PCC04U05:751773:751917 [0] NCCL INFO New proxy send connection 13 from local rank 0, transport 0
MOC-R4PCC04U05:751773:752621 [0] NCCL INFO Connected to proxy localRank 0 -> connection 0x7f1c70005548
MOC-R4PCC04U05:751773:751917 [0] NCCL INFO New proxy send connection 14 from local rank 0, transport 0
MOC-R4PCC04U05:751773:752621 [0] NCCL INFO Connected to proxy localRank 0 -> connection 0x7f1c700055c0
MOC-R4PCC04U05:751774:751919 [1] NCCL INFO New proxy recv connection 11 from local rank 1, transport 0
MOC-R4PCC04U05:751774:752622 [1] NCCL INFO Connected to proxy localRank 1 -> connection 0x7f4288005458
MOC-R4PCC04U05:751774:751919 [1] NCCL INFO New proxy recv connection 12 from local rank 1, transport 0
MOC-R4PCC04U05:751774:752622 [1] NCCL INFO Connected to proxy localRank 1 -> connection 0x7f42880054d0
MOC-R4PCC04U05:751774:751919 [1] NCCL INFO New proxy recv connection 13 from local rank 1, transport 0
MOC-R4PCC04U05:751774:752622 [1] NCCL INFO Connected to proxy localRank 1 -> connection 0x7f4288005548
MOC-R4PCC04U05:751774:751919 [1] NCCL INFO New proxy recv connection 14 from local rank 1, transport 0
MOC-R4PCC04U05:751774:752622 [1] NCCL INFO Connected to proxy localRank 1 -> connection 0x7f42880055c0
MOC-R4PCC04U05:751774:751919 [1] NCCL INFO New proxy send connection 15 from local rank 1, transport 0
MOC-R4PCC04U05:751774:752622 [1] NCCL INFO Connected to proxy localRank 1 -> connection 0x7f4288005638
MOC-R4PCC04U05:751774:751919 [1] NCCL INFO New proxy send connection 16 from local rank 1, transport 0
MOC-R4PCC04U05:751774:752622 [1] NCCL INFO Connected to proxy localRank 1 -> connection 0x7f42880056b0
MOC-R4PCC04U05:751774:751919 [1] NCCL INFO New proxy send connection 17 from local rank 1, transport 0
MOC-R4PCC04U05:751774:752622 [1] NCCL INFO Connected to proxy localRank 1 -> connection 0x7f4288005728
MOC-R4PCC04U05:751774:751919 [1] NCCL INFO New proxy send connection 18 from local rank 1, transport 0
MOC-R4PCC04U05:751774:752622 [1] NCCL INFO Connected to proxy localRank 1 -> connection 0x7f42880057a0
MOC-R4PCC04U05:751773:751917 [0] NCCL INFO New proxy send connection 15 from local rank 0, transport 0
MOC-R4PCC04U05:751773:752621 [0] NCCL INFO Connected to proxy localRank 0 -> connection 0x7f1c70005638
MOC-R4PCC04U05:751774:751919 [1] NCCL INFO New proxy recv connection 19 from local rank 1, transport 0
MOC-R4PCC04U05:751774:752622 [1] NCCL INFO Connected to proxy localRank 1 -> connection 0x7f4288005818
MOC-R4PCC04U05:751775:751918 [2] NCCL INFO New proxy send connection 14 from local rank 2, transport 0
MOC-R4PCC04U05:751775:752620 [2] NCCL INFO Connected to proxy localRank 2 -> connection 0x7f6b280055c0
MOC-R4PCC04U05:751774:751919 [1] NCCL INFO New proxy recv connection 20 from local rank 1, transport 0
MOC-R4PCC04U05:751774:752622 [1] NCCL INFO Connected to proxy localRank 1 -> connection 0x7f4288005890
MOC-R4PCC04U05:751773:751917 [0] NCCL INFO New proxy send connection 16 from local rank 0, transport 0
MOC-R4PCC04U05:751773:752621 [0] NCCL INFO Connected to proxy localRank 0 -> connection 0x7f1c700056b0
MOC-R4PCC04U05:751775:751918 [2] NCCL INFO New proxy send connection 15 from local rank 2, transport 0
MOC-R4PCC04U05:751775:752620 [2] NCCL INFO Connected to proxy localRank 2 -> connection 0x7f6b28005638
MOC-R4PCC04U05:751773:751917 [0] NCCL INFO New proxy recv connection 17 from local rank 0, transport 0
MOC-R4PCC04U05:751773:752621 [0] NCCL INFO Connected to proxy localRank 0 -> connection 0x7f1c70005728
MOC-R4PCC04U05:751776:752619 [3] NCCL INFO GPU Direct RDMA Disabled for GPU 3 / HCA 1 (distance 7 > 0)
MOC-R4PCC04U05:751776:751916 [3] NCCL INFO New proxy send connection 12 from local rank 3, transport 2
MOC-R4PCC04U05:751773:751917 [0] NCCL INFO New proxy recv connection 18 from local rank 0, transport 0
MOC-R4PCC04U05:751776:752619 [3] NCCL INFO Connected to proxy localRank 3 -> connection 0x7fab240054d0
MOC-R4PCC04U05:751773:752621 [0] NCCL INFO Connected to proxy localRank 0 -> connection 0x7f1c700057a0
MOC-R4PCC04U05:751776:752619 [3] NCCL INFO Channel 02/0 : 3[3] -> 7[3] [send] via NET/IB/1
MOC-R4PCC04U05:751776:752619 [3] NCCL INFO GPU Direct RDMA Disabled for GPU 3 / HCA 1 (distance 7 > 0)
MOC-R4PCC04U05:751776:751916 [3] NCCL INFO New proxy send connection 13 from local rank 3, transport 2
MOC-R4PCC04U05:751776:752619 [3] NCCL INFO Connected to proxy localRank 3 -> connection 0x7fab24005548
MOC-R4PCC04U05:751776:752619 [3] NCCL INFO Channel 03/0 : 3[3] -> 7[3] [send] via NET/IB/1
MOC-R4PCC04U05:751773:751917 [0] NCCL INFO New proxy recv connection 19 from local rank 0, transport 0
MOC-R4PCC04U05:751773:752621 [0] NCCL INFO Connected to proxy localRank 0 -> connection 0x7f1c70005818
MOC-R4PCC04U05:751776:752619 [3] NCCL INFO GPU Direct RDMA Disabled for GPU 3 / HCA 1 (distance 7 > 0)
MOC-R4PCC04U05:751776:751916 [3] NCCL INFO New proxy recv connection 14 from local rank 3, transport 2
MOC-R4PCC04U05:751776:752619 [3] NCCL INFO Connected to proxy localRank 3 -> connection 0x7fab240055c0
MOC-R4PCC04U05:751776:752619 [3] NCCL INFO Channel 00/0 : 11[3] -> 3[3] [receive] via NET/IB/1
MOC-R4PCC04U05:751776:752619 [3] NCCL INFO GPU Direct RDMA Disabled for GPU 3 / HCA 1 (distance 7 > 0)
MOC-R4PCC04U05:751776:751916 [3] NCCL INFO New proxy recv connection 15 from local rank 3, transport 2
MOC-R4PCC04U05:751776:752619 [3] NCCL INFO Connected to proxy localRank 3 -> connection 0x7fab24005638
MOC-R4PCC04U05:751776:752619 [3] NCCL INFO Channel 01/0 : 11[3] -> 3[3] [receive] via NET/IB/1
MOC-R4PCC04U05:751776:752619 [3] NCCL INFO GPU Direct RDMA Disabled for GPU 3 / HCA 1 (distance 7 > 0)
MOC-R4PCC04U05:751776:751916 [3] NCCL INFO New proxy send connection 16 from local rank 3, transport 2
MOC-R4PCC04U05:751776:752619 [3] NCCL INFO Connected to proxy localRank 3 -> connection 0x7fab240056b0
MOC-R4PCC04U05:751776:752619 [3] NCCL INFO Channel 00/0 : 3[3] -> 11[3] [send] via NET/IB/1
MOC-R4PCC04U05:751776:752619 [3] NCCL INFO GPU Direct RDMA Disabled for GPU 3 / HCA 1 (distance 7 > 0)
MOC-R4PCC04U05:751776:751916 [3] NCCL INFO New proxy send connection 17 from local rank 3, transport 2
MOC-R4PCC04U05:751776:752619 [3] NCCL INFO Connected to proxy localRank 3 -> connection 0x7fab24005728
MOC-R4PCC04U05:751776:752619 [3] NCCL INFO Channel 01/0 : 3[3] -> 11[3] [send] via NET/IB/1
MOC-R4PCC04U05:751776:752619 [3] NCCL INFO GPU Direct RDMA Disabled for GPU 3 / HCA 1 (distance 7 > 0)
MOC-R4PCC04U05:751776:751916 [3] NCCL INFO New proxy recv connection 18 from local rank 3, transport 2
MOC-R4PCC04U05:751776:752619 [3] NCCL INFO Connected to proxy localRank 3 -> connection 0x7fab240057a0
MOC-R4PCC04U05:751776:752619 [3] NCCL INFO Channel 02/0 : 7[3] -> 3[3] [receive] via NET/IB/1
MOC-R4PCC04U05:751776:752619 [3] NCCL INFO GPU Direct RDMA Disabled for GPU 3 / HCA 1 (distance 7 > 0)
MOC-R4PCC04U05:751776:751916 [3] NCCL INFO New proxy recv connection 19 from local rank 3, transport 2
MOC-R4PCC04U05:751776:752619 [3] NCCL INFO Connected to proxy localRank 3 -> connection 0x7fab24005818
MOC-R4PCC04U05:751776:752619 [3] NCCL INFO Channel 03/0 : 7[3] -> 3[3] [receive] via NET/IB/1
MOC-R4PCC04U05:751776:751916 [3] NCCL INFO New proxy send connection 20 from local rank 3, transport 0
MOC-R4PCC04U05:751776:752619 [3] NCCL INFO Connected to proxy localRank 3 -> connection 0x7fab24005890
MOC-R4PCC04U05:751773:751917 [0] NCCL INFO New proxy recv connection 20 from local rank 0, transport 0
MOC-R4PCC04U05:751773:752621 [0] NCCL INFO Connected to proxy localRank 0 -> connection 0x7f1c70005890
MOC-R4PCC04U05:751776:751916 [3] NCCL INFO New proxy send connection 21 from local rank 3, transport 0
MOC-R4PCC04U05:751776:752619 [3] NCCL INFO Connected to proxy localRank 3 -> connection 0x7fab24005908
MOC-R4PCC04U05:751776:751916 [3] NCCL INFO New proxy send connection 22 from local rank 3, transport 0
MOC-R4PCC04U05:751776:752619 [3] NCCL INFO Connected to proxy localRank 3 -> connection 0x7fab24005980
MOC-R4PCC04U05:751776:751916 [3] NCCL INFO New proxy send connection 23 from local rank 3, transport 0
MOC-R4PCC04U05:751776:752619 [3] NCCL INFO Connected to proxy localRank 3 -> connection 0x7fab240059f8
MOC-R4PCC04U05:751776:751916 [3] NCCL INFO NET/IB: NCCL Dev 1 IbDev 0 Port 1 qpn 12424 mtu 3 query_ece={supported=1, vendor_id=0x15b3, options=0x30000002, comp_mask=0x0} GID 3 (0/C132A8C0FFFF0000) fifoRkey=0x179c5b fifoLkey=0x179c5b
MOC-R4PCC04U05:751776:751916 [3] NCCL INFO NET/IB: NCCL Dev 1 IbDev 0 Port 1 qpn 12427 mtu 3 query_ece={supported=1, vendor_id=0x15b3, options=0x30000002, comp_mask=0x0} GID 3 (0/C132A8C0FFFF0000) fifoRkey=0x17a767 fifoLkey=0x17a767
MOC-R4PCC04U05:751776:751916 [3] NCCL INFO NET/IB: NCCL Dev 1 IbDev 0 Port 1 qpn 12428 mtu 3 query_ece={supported=1, vendor_id=0x15b3, options=0x30000002, comp_mask=0x0} GID 3 (0/C132A8C0FFFF0000) fifoRkey=0x173af9 fifoLkey=0x173af9
MOC-R4PCC04U05:751776:751916 [3] NCCL INFO NET/IB: NCCL Dev 1 IbDev 0 Port 1 qpn 12429 mtu 3 query_ece={supported=1, vendor_id=0x15b3, options=0x30000002, comp_mask=0x0} GID 3 (0/C132A8C0FFFF0000) fifoRkey=0x17d796 fifoLkey=0x17d796
MOC-R4PCC04U05:751776:751916 [3] NCCL INFO NET/IB: IbDev 0 Port 1 qpn 10587 set_ece={supported=1, vendor_id=0x15b3, options=0x0, comp_mask=0x0}
MOC-R4PCC04U05:751776:751916 [3] NCCL INFO NET/IB: IbDev 0 Port 1 qpn 13142 set_ece={supported=1, vendor_id=0x15b3, options=0x0, comp_mask=0x0}
MOC-R4PCC04U05:751776:751916 [3] NCCL INFO NET/IB: IbDev 0 Port 1 qpn 13144 set_ece={supported=1, vendor_id=0x15b3, options=0x0, comp_mask=0x0}
MOC-R4PCC04U05:751776:751916 [3] NCCL INFO NET/IB: IbDev 0 Port 1 qpn 10589 set_ece={supported=1, vendor_id=0x15b3, options=0x0, comp_mask=0x0}
step    1/10 | train loss 11.010115 | norm 15.2906 | lr 1.00e-04 | (14452.75 ms | 253932 tok/s)
step    2/10 | train loss 10.140850 | norm 5.7211 | lr 1.00e-04 | (584.33 ms | 6280714 tok/s)
step    3/10 | train loss 9.801553 | norm 2.5941 | lr 1.00e-04 | (584.45 ms | 6279435 tok/s)
step    4/10 | train loss 9.632919 | norm 2.0997 | lr 1.00e-04 | (585.05 ms | 6273022 tok/s)
step    5/10 | train loss 9.550360 | norm 2.0944 | lr 1.00e-04 | (585.74 ms | 6265572 tok/s)
step    6/10 | train loss 9.469846 | norm 1.9874 | lr 1.00e-04 | (586.25 ms | 6260149 tok/s)
step    7/10 | train loss 9.385088 | norm 1.9374 | lr 1.00e-04 | (591.56 ms | 6204001 tok/s)
step    8/10 | train loss 9.294355 | norm 1.9058 | lr 1.00e-04 | (584.63 ms | 6277512 tok/s)
step    9/10 | train loss 9.199848 | norm 1.8538 | lr 1.00e-04 | (583.22 ms | 6292637 tok/s)
step   10/10 | train loss 9.114294 | norm 1.7841 | lr 1.00e-04 | (586.86 ms | 6253613 tok/s)
final 9 iters avg: 585.788ms
peak memory consumption: 16601 MiB
