Running pytorch 2.7.0+cu126
using device: cuda:0
total desired batch size: 1179648
=> calculated gradient accumulation steps: 3
using device: cuda:1
using device: cuda:2
using device: cuda:3
compiling the model...
DataLoader: total number of tokens: 1,661,249,667 across 103 files
MOC-R4PCC04U05:546354:546354 [0] NCCL INFO NCCL_SOCKET_IFNAME set to eno7np0
MOC-R4PCC04U05:546354:546354 [0] NCCL INFO NCCL version 2.26.2+cuda12.2
MOC-R4PCC04U05:546354:546460 [0] NCCL INFO NET/Plugin: Could not find: libnccl-net.so. Using internal net plugin.
MOC-R4PCC04U05:546354:546460 [0] NCCL INFO NCCL_IB_HCA set to mlx5_5
MOC-R4PCC04U05:546355:546355 [1] NCCL INFO NCCL_SOCKET_IFNAME set to eno7np0
MOC-R4PCC04U05:546355:546355 [1] NCCL INFO NCCL version 2.26.2+cuda12.2
MOC-R4PCC04U05:546354:546460 [0] NCCL INFO NET/IB : Made virtual device [0] name=mlx5_5 speed=400000 ndevs=1
MOC-R4PCC04U05:546354:546460 [0] NCCL INFO NET/IB : Using [0]mlx5_5:1/RoCE [RO]; OOB eno7np0:192.168.50.193<0>
MOC-R4PCC04U05:546356:546356 [2] NCCL INFO NCCL_SOCKET_IFNAME set to eno7np0
MOC-R4PCC04U05:546356:546356 [2] NCCL INFO NCCL version 2.26.2+cuda12.2
MOC-R4PCC04U05:546357:546357 [3] NCCL INFO NCCL_SOCKET_IFNAME set to eno7np0
MOC-R4PCC04U05:546357:546357 [3] NCCL INFO NCCL version 2.26.2+cuda12.2
MOC-R4PCC04U05:546355:546485 [1] NCCL INFO NET/Plugin: Could not find: libnccl-net.so. Using internal net plugin.
MOC-R4PCC04U05:546355:546485 [1] NCCL INFO NCCL_IB_HCA set to mlx5_5
MOC-R4PCC04U05:546355:546485 [1] NCCL INFO NET/IB : Made virtual device [0] name=mlx5_5 speed=400000 ndevs=1
MOC-R4PCC04U05:546355:546485 [1] NCCL INFO NET/IB : Using [0]mlx5_5:1/RoCE [RO]; OOB eno7np0:192.168.50.193<0>
MOC-R4PCC04U05:546356:546486 [2] NCCL INFO NET/Plugin: Could not find: libnccl-net.so. Using internal net plugin.
MOC-R4PCC04U05:546356:546486 [2] NCCL INFO NCCL_IB_HCA set to mlx5_5
MOC-R4PCC04U05:546356:546486 [2] NCCL INFO NET/IB : Made virtual device [0] name=mlx5_5 speed=400000 ndevs=1
MOC-R4PCC04U05:546356:546486 [2] NCCL INFO NET/IB : Using [0]mlx5_5:1/RoCE [RO]; OOB eno7np0:192.168.50.193<0>
MOC-R4PCC04U05:546357:546487 [3] NCCL INFO NET/Plugin: Could not find: libnccl-net.so. Using internal net plugin.
MOC-R4PCC04U05:546357:546487 [3] NCCL INFO NCCL_IB_HCA set to mlx5_5
MOC-R4PCC04U05:546357:546487 [3] NCCL INFO NET/IB : Made virtual device [0] name=mlx5_5 speed=400000 ndevs=1
MOC-R4PCC04U05:546357:546487 [3] NCCL INFO NET/IB : Using [0]mlx5_5:1/RoCE [RO]; OOB eno7np0:192.168.50.193<0>
MOC-R4PCC04U05:546355:546485 [1] NCCL INFO NET/IB : GPU Direct RDMA Enabled for HCA 0 'mlx5_5'
MOC-R4PCC04U05:546355:546485 [1] NCCL INFO NET/IB : Made virtual device [1] name=mlx5_5 speed=400000 ndevs=1
MOC-R4PCC04U05:546355:546485 [1] NCCL INFO NET/IB : GPU Direct RDMA Enabled for HCA 0 'mlx5_5'
MOC-R4PCC04U05:546355:546485 [1] NCCL INFO NET/IB : GPU Direct RDMA Enabled for HCA 1 'mlx5_5'
MOC-R4PCC04U05:546354:546460 [0] NCCL INFO NET/IB : GPU Direct RDMA Enabled for HCA 0 'mlx5_5'
MOC-R4PCC04U05:546354:546460 [0] NCCL INFO NET/IB : Made virtual device [1] name=mlx5_5 speed=400000 ndevs=1
MOC-R4PCC04U05:546354:546460 [0] NCCL INFO NET/IB : GPU Direct RDMA Enabled for HCA 0 'mlx5_5'
MOC-R4PCC04U05:546354:546460 [0] NCCL INFO NET/IB : GPU Direct RDMA Enabled for HCA 1 'mlx5_5'
MOC-R4PCC04U05:546357:546487 [3] NCCL INFO NET/IB : GPU Direct RDMA Enabled for HCA 0 'mlx5_5'
MOC-R4PCC04U05:546357:546487 [3] NCCL INFO NET/IB : Made virtual device [1] name=mlx5_5 speed=400000 ndevs=1
MOC-R4PCC04U05:546357:546487 [3] NCCL INFO NET/IB : GPU Direct RDMA Enabled for HCA 0 'mlx5_5'
MOC-R4PCC04U05:546357:546487 [3] NCCL INFO NET/IB : GPU Direct RDMA Enabled for HCA 1 'mlx5_5'
MOC-R4PCC04U05:546356:546486 [2] NCCL INFO NET/IB : GPU Direct RDMA Enabled for HCA 0 'mlx5_5'
MOC-R4PCC04U05:546356:546486 [2] NCCL INFO NET/IB : Made virtual device [1] name=mlx5_5 speed=400000 ndevs=1
MOC-R4PCC04U05:546356:546486 [2] NCCL INFO NET/IB : GPU Direct RDMA Enabled for HCA 0 'mlx5_5'
MOC-R4PCC04U05:546356:546486 [2] NCCL INFO NET/IB : GPU Direct RDMA Enabled for HCA 1 'mlx5_5'
MOC-R4PCC04U05:546355:546485 [1] NCCL INFO GPU Direct RDMA Enabled for GPU 0 / HCA 1 (distance 5 <= 5), read 0 mode Default
MOC-R4PCC04U05:546355:546485 [1] NCCL INFO GPU Direct RDMA Enabled for GPU 1 / HCA 1 (distance 5 <= 5), read 0 mode Default
MOC-R4PCC04U05:546355:546485 [1] NCCL INFO GPU Direct RDMA Enabled for GPU 2 / HCA 1 (distance 5 <= 5), read 0 mode Default
MOC-R4PCC04U05:546355:546485 [1] NCCL INFO GPU Direct RDMA Enabled for GPU 3 / HCA 1 (distance 5 <= 5), read 0 mode Default
MOC-R4PCC04U05:546355:546485 [1] NCCL INFO GPU Direct RDMA Enabled for GPU 0 / HCA 1 (distance 5 <= 5), read 0 mode Default
MOC-R4PCC04U05:546355:546485 [1] NCCL INFO GPU Direct RDMA Enabled for GPU 1 / HCA 1 (distance 5 <= 5), read 0 mode Default
MOC-R4PCC04U05:546355:546485 [1] NCCL INFO GPU Direct RDMA Enabled for GPU 2 / HCA 1 (distance 5 <= 5), read 0 mode Default
MOC-R4PCC04U05:546355:546485 [1] NCCL INFO GPU Direct RDMA Enabled for GPU 3 / HCA 1 (distance 5 <= 5), read 0 mode Default
MOC-R4PCC04U05:546354:546460 [0] NCCL INFO GPU Direct RDMA Enabled for GPU 0 / HCA 1 (distance 5 <= 5), read 0 mode Default
MOC-R4PCC04U05:546354:546460 [0] NCCL INFO GPU Direct RDMA Enabled for GPU 1 / HCA 1 (distance 5 <= 5), read 0 mode Default
MOC-R4PCC04U05:546354:546460 [0] NCCL INFO GPU Direct RDMA Enabled for GPU 2 / HCA 1 (distance 5 <= 5), read 0 mode Default
MOC-R4PCC04U05:546354:546460 [0] NCCL INFO GPU Direct RDMA Enabled for GPU 3 / HCA 1 (distance 5 <= 5), read 0 mode Default
MOC-R4PCC04U05:546354:546460 [0] NCCL INFO GPU Direct RDMA Enabled for GPU 0 / HCA 1 (distance 5 <= 5), read 0 mode Default
MOC-R4PCC04U05:546354:546460 [0] NCCL INFO GPU Direct RDMA Enabled for GPU 1 / HCA 1 (distance 5 <= 5), read 0 mode Default
MOC-R4PCC04U05:546354:546460 [0] NCCL INFO GPU Direct RDMA Enabled for GPU 2 / HCA 1 (distance 5 <= 5), read 0 mode Default
MOC-R4PCC04U05:546354:546460 [0] NCCL INFO GPU Direct RDMA Enabled for GPU 3 / HCA 1 (distance 5 <= 5), read 0 mode Default
MOC-R4PCC04U05:546356:546486 [2] NCCL INFO GPU Direct RDMA Enabled for GPU 0 / HCA 1 (distance 5 <= 5), read 0 mode Default
MOC-R4PCC04U05:546356:546486 [2] NCCL INFO GPU Direct RDMA Enabled for GPU 1 / HCA 1 (distance 5 <= 5), read 0 mode Default
MOC-R4PCC04U05:546356:546486 [2] NCCL INFO GPU Direct RDMA Enabled for GPU 2 / HCA 1 (distance 5 <= 5), read 0 mode Default
MOC-R4PCC04U05:546356:546486 [2] NCCL INFO GPU Direct RDMA Enabled for GPU 3 / HCA 1 (distance 5 <= 5), read 0 mode Default
MOC-R4PCC04U05:546356:546486 [2] NCCL INFO GPU Direct RDMA Enabled for GPU 0 / HCA 1 (distance 5 <= 5), read 0 mode Default
MOC-R4PCC04U05:546356:546486 [2] NCCL INFO GPU Direct RDMA Enabled for GPU 1 / HCA 1 (distance 5 <= 5), read 0 mode Default
MOC-R4PCC04U05:546356:546486 [2] NCCL INFO GPU Direct RDMA Enabled for GPU 2 / HCA 1 (distance 5 <= 5), read 0 mode Default
MOC-R4PCC04U05:546356:546486 [2] NCCL INFO GPU Direct RDMA Enabled for GPU 3 / HCA 1 (distance 5 <= 5), read 0 mode Default
MOC-R4PCC04U05:546357:546487 [3] NCCL INFO GPU Direct RDMA Enabled for GPU 0 / HCA 1 (distance 5 <= 5), read 0 mode Default
MOC-R4PCC04U05:546357:546487 [3] NCCL INFO GPU Direct RDMA Enabled for GPU 1 / HCA 1 (distance 5 <= 5), read 0 mode Default
MOC-R4PCC04U05:546357:546487 [3] NCCL INFO GPU Direct RDMA Enabled for GPU 2 / HCA 1 (distance 5 <= 5), read 0 mode Default
MOC-R4PCC04U05:546357:546487 [3] NCCL INFO GPU Direct RDMA Enabled for GPU 3 / HCA 1 (distance 5 <= 5), read 0 mode Default
MOC-R4PCC04U05:546357:546487 [3] NCCL INFO GPU Direct RDMA Enabled for GPU 0 / HCA 1 (distance 5 <= 5), read 0 mode Default
MOC-R4PCC04U05:546357:546487 [3] NCCL INFO GPU Direct RDMA Enabled for GPU 1 / HCA 1 (distance 5 <= 5), read 0 mode Default
MOC-R4PCC04U05:546357:546487 [3] NCCL INFO GPU Direct RDMA Enabled for GPU 2 / HCA 1 (distance 5 <= 5), read 0 mode Default
MOC-R4PCC04U05:546357:546487 [3] NCCL INFO GPU Direct RDMA Enabled for GPU 3 / HCA 1 (distance 5 <= 5), read 0 mode Default
MOC-R4PCC04U05:546355:546499 [1] NCCL INFO New proxy recv connection 0 from local rank 1, transport 0
MOC-R4PCC04U05:546355:546507 [1] NCCL INFO Connected to proxy localRank 1 -> connection 0x7f4e04004f30
MOC-R4PCC04U05:546354:546505 [0] NCCL INFO New proxy send connection 0 from local rank 0, transport 0
MOC-R4PCC04U05:546354:546508 [0] NCCL INFO Connected to proxy localRank 0 -> connection 0x7f63c8004f30
MOC-R4PCC04U05:546355:546499 [1] NCCL INFO New proxy recv connection 1 from local rank 1, transport 0
MOC-R4PCC04U05:546355:546507 [1] NCCL INFO Connected to proxy localRank 1 -> connection 0x7f4e04004fa8
MOC-R4PCC04U05:546357:546501 [3] NCCL INFO New proxy recv connection 0 from local rank 3, transport 0
MOC-R4PCC04U05:546357:546509 [3] NCCL INFO Connected to proxy localRank 3 -> connection 0x7fd52c004f30
MOC-R4PCC04U05:546354:546505 [0] NCCL INFO New proxy send connection 1 from local rank 0, transport 0
MOC-R4PCC04U05:546354:546508 [0] NCCL INFO Connected to proxy localRank 0 -> connection 0x7f63c8004fa8
MOC-R4PCC04U05:546355:546499 [1] NCCL INFO New proxy recv connection 2 from local rank 1, transport 0
MOC-R4PCC04U05:546355:546507 [1] NCCL INFO Connected to proxy localRank 1 -> connection 0x7f4e04005020
MOC-R4PCC04U05:546357:546501 [3] NCCL INFO New proxy recv connection 1 from local rank 3, transport 0
MOC-R4PCC04U05:546357:546509 [3] NCCL INFO Connected to proxy localRank 3 -> connection 0x7fd52c004fa8
MOC-R4PCC04U05:546356:546510 [2] NCCL INFO GPU Direct RDMA Enabled for GPU 2 / HCA 1 (distance 5 <= 5), read 0 mode Default
MOC-R4PCC04U05:546355:546499 [1] NCCL INFO New proxy recv connection 3 from local rank 1, transport 0
MOC-R4PCC04U05:546357:546501 [3] NCCL INFO New proxy recv connection 2 from local rank 3, transport 0
MOC-R4PCC04U05:546355:546507 [1] NCCL INFO Connected to proxy localRank 1 -> connection 0x7f4e04005098
MOC-R4PCC04U05:546357:546509 [3] NCCL INFO Connected to proxy localRank 3 -> connection 0x7fd52c005020
MOC-R4PCC04U05:546354:546505 [0] NCCL INFO New proxy send connection 2 from local rank 0, transport 0
MOC-R4PCC04U05:546354:546508 [0] NCCL INFO Connected to proxy localRank 0 -> connection 0x7f63c8005020
MOC-R4PCC04U05:546357:546501 [3] NCCL INFO New proxy recv connection 3 from local rank 3, transport 0
MOC-R4PCC04U05:546354:546505 [0] NCCL INFO New proxy send connection 3 from local rank 0, transport 0
MOC-R4PCC04U05:546355:546499 [1] NCCL INFO New proxy send connection 4 from local rank 1, transport 0
MOC-R4PCC04U05:546357:546509 [3] NCCL INFO Connected to proxy localRank 3 -> connection 0x7fd52c005098
MOC-R4PCC04U05:546354:546508 [0] NCCL INFO Connected to proxy localRank 0 -> connection 0x7f63c8005098
MOC-R4PCC04U05:546355:546507 [1] NCCL INFO Connected to proxy localRank 1 -> connection 0x7f4e04005110
MOC-R4PCC04U05:546355:546499 [1] NCCL INFO New proxy send connection 5 from local rank 1, transport 0
MOC-R4PCC04U05:546355:546507 [1] NCCL INFO Connected to proxy localRank 1 -> connection 0x7f4e04005188
MOC-R4PCC04U05:546357:546509 [3] NCCL INFO GPU Direct RDMA Enabled for GPU 3 / HCA 1 (distance 5 <= 5), read 1 mode Default
MOC-R4PCC04U05:546355:546499 [1] NCCL INFO New proxy send connection 6 from local rank 1, transport 0
MOC-R4PCC04U05:546355:546507 [1] NCCL INFO Connected to proxy localRank 1 -> connection 0x7f4e04005200
MOC-R4PCC04U05:546355:546499 [1] NCCL INFO New proxy send connection 7 from local rank 1, transport 0
MOC-R4PCC04U05:546355:546507 [1] NCCL INFO Connected to proxy localRank 1 -> connection 0x7f4e04005278
MOC-R4PCC04U05:546356:546500 [2] NCCL INFO New proxy recv connection 0 from local rank 2, transport 2
MOC-R4PCC04U05:546356:546500 [2] NCCL INFO New proxy send connection 1 from local rank 3, transport 2
MOC-R4PCC04U05:546356:546510 [2] NCCL INFO Connected to proxy localRank 2 -> connection 0x7f24d8004f30
MOC-R4PCC04U05:546357:546509 [3] NCCL INFO Connected to proxy localRank 2 -> connection 0x7f24d8004fa8
MOC-R4PCC04U05:546356:546510 [2] NCCL INFO Channel 00/0 : 11[3] -> 2[2] [receive] via NET/IB/1/GDRDMA
MOC-R4PCC04U05:546356:546510 [2] NCCL INFO GPU Direct RDMA Enabled for GPU 2 / HCA 1 (distance 5 <= 5), read 0 mode Default
MOC-R4PCC04U05:546357:546509 [3] NCCL INFO Channel 00/0 : 3[3] -> 6[2] [send] via NET/IB/1(2)/GDRDMA
MOC-R4PCC04U05:546356:546500 [2] NCCL INFO New proxy recv connection 2 from local rank 2, transport 2
MOC-R4PCC04U05:546357:546509 [3] NCCL INFO GPU Direct RDMA Enabled for GPU 3 / HCA 1 (distance 5 <= 5), read 1 mode Default
MOC-R4PCC04U05:546356:546510 [2] NCCL INFO Connected to proxy localRank 2 -> connection 0x7f24d8005020
MOC-R4PCC04U05:546356:546500 [2] NCCL INFO New proxy send connection 3 from local rank 3, transport 2
MOC-R4PCC04U05:546357:546509 [3] NCCL INFO Connected to proxy localRank 2 -> connection 0x7f24d8005098
MOC-R4PCC04U05:546356:546510 [2] NCCL INFO Channel 01/0 : 11[3] -> 2[2] [receive] via NET/IB/1/GDRDMA
MOC-R4PCC04U05:546356:546510 [2] NCCL INFO GPU Direct RDMA Enabled for GPU 2 / HCA 1 (distance 5 <= 5), read 0 mode Default
MOC-R4PCC04U05:546357:546509 [3] NCCL INFO Channel 01/0 : 3[3] -> 6[2] [send] via NET/IB/1(2)/GDRDMA
MOC-R4PCC04U05:546357:546509 [3] NCCL INFO GPU Direct RDMA Enabled for GPU 3 / HCA 1 (distance 5 <= 5), read 1 mode Default
MOC-R4PCC04U05:546356:546500 [2] NCCL INFO New proxy recv connection 4 from local rank 2, transport 2
MOC-R4PCC04U05:546356:546510 [2] NCCL INFO Connected to proxy localRank 2 -> connection 0x7f24d8005110
MOC-R4PCC04U05:546356:546500 [2] NCCL INFO New proxy send connection 5 from local rank 3, transport 2
MOC-R4PCC04U05:546357:546509 [3] NCCL INFO Connected to proxy localRank 2 -> connection 0x7f24d8005188
MOC-R4PCC04U05:546356:546510 [2] NCCL INFO Channel 02/0 : 11[3] -> 2[2] [receive] via NET/IB/1/GDRDMA
MOC-R4PCC04U05:546356:546510 [2] NCCL INFO GPU Direct RDMA Enabled for GPU 2 / HCA 1 (distance 5 <= 5), read 0 mode Default
MOC-R4PCC04U05:546357:546509 [3] NCCL INFO Channel 02/0 : 3[3] -> 6[2] [send] via NET/IB/1(2)/GDRDMA
MOC-R4PCC04U05:546357:546509 [3] NCCL INFO GPU Direct RDMA Enabled for GPU 3 / HCA 1 (distance 5 <= 5), read 1 mode Default
MOC-R4PCC04U05:546356:546500 [2] NCCL INFO New proxy recv connection 6 from local rank 2, transport 2
MOC-R4PCC04U05:546356:546510 [2] NCCL INFO Connected to proxy localRank 2 -> connection 0x7f24d8005200
MOC-R4PCC04U05:546356:546500 [2] NCCL INFO New proxy send connection 7 from local rank 3, transport 2
MOC-R4PCC04U05:546357:546509 [3] NCCL INFO Connected to proxy localRank 2 -> connection 0x7f24d8005278
MOC-R4PCC04U05:546356:546510 [2] NCCL INFO Channel 03/0 : 11[3] -> 2[2] [receive] via NET/IB/1/GDRDMA
MOC-R4PCC04U05:546357:546509 [3] NCCL INFO Channel 03/0 : 3[3] -> 6[2] [send] via NET/IB/1(2)/GDRDMA
MOC-R4PCC04U05:546354:546505 [0] NCCL INFO New proxy recv connection 4 from local rank 0, transport 0
MOC-R4PCC04U05:546354:546508 [0] NCCL INFO Connected to proxy localRank 0 -> connection 0x7f63c8005110
MOC-R4PCC04U05:546354:546505 [0] NCCL INFO New proxy recv connection 5 from local rank 0, transport 0
MOC-R4PCC04U05:546354:546508 [0] NCCL INFO Connected to proxy localRank 0 -> connection 0x7f63c8005188
MOC-R4PCC04U05:546354:546505 [0] NCCL INFO New proxy recv connection 6 from local rank 0, transport 0
MOC-R4PCC04U05:546354:546508 [0] NCCL INFO Connected to proxy localRank 0 -> connection 0x7f63c8005200
MOC-R4PCC04U05:546354:546505 [0] NCCL INFO New proxy recv connection 7 from local rank 0, transport 0
MOC-R4PCC04U05:546354:546508 [0] NCCL INFO Connected to proxy localRank 0 -> connection 0x7f63c8005278
MOC-R4PCC04U05:546357:546501 [3] NCCL INFO New proxy send connection 4 from local rank 0, transport 0
MOC-R4PCC04U05:546354:546508 [0] NCCL INFO Connected to proxy localRank 3 -> connection 0x7fd52c005110
MOC-R4PCC04U05:546354:546505 [0] NCCL INFO New proxy send connection 8 from local rank 3, transport 0
MOC-R4PCC04U05:546357:546509 [3] NCCL INFO Connected to proxy localRank 0 -> connection 0x7f63c80052f0
MOC-R4PCC04U05:546356:546500 [2] NCCL INFO New proxy send connection 8 from local rank 2, transport 0
MOC-R4PCC04U05:546356:546510 [2] NCCL INFO Connected to proxy localRank 2 -> connection 0x7f24d80052f0
MOC-R4PCC04U05:546355:546499 [1] NCCL INFO New proxy send connection 8 from local rank 0, transport 0
MOC-R4PCC04U05:546354:546508 [0] NCCL INFO Connected to proxy localRank 1 -> connection 0x7f4e040052f0
MOC-R4PCC04U05:546356:546500 [2] NCCL INFO New proxy send connection 9 from local rank 2, transport 0
MOC-R4PCC04U05:546356:546510 [2] NCCL INFO Connected to proxy localRank 2 -> connection 0x7f24d8005368
MOC-R4PCC04U05:546356:546500 [2] NCCL INFO New proxy send connection 10 from local rank 2, transport 0
MOC-R4PCC04U05:546356:546510 [2] NCCL INFO Connected to proxy localRank 2 -> connection 0x7f24d80053e0
MOC-R4PCC04U05:546356:546500 [2] NCCL INFO New proxy send connection 11 from local rank 2, transport 0
MOC-R4PCC04U05:546356:546510 [2] NCCL INFO Connected to proxy localRank 2 -> connection 0x7f24d8005458
MOC-R4PCC04U05:546354:546505 [0] NCCL INFO New proxy send connection 9 from local rank 1, transport 0
MOC-R4PCC04U05:546355:546507 [1] NCCL INFO Connected to proxy localRank 0 -> connection 0x7f63c8005368
MOC-R4PCC04U05:546355:546499 [1] NCCL INFO New proxy send connection 9 from local rank 2, transport 0
MOC-R4PCC04U05:546356:546510 [2] NCCL INFO Connected to proxy localRank 1 -> connection 0x7f4e04005368
MOC-R4PCC04U05:546356:546500 [2] NCCL INFO NET/IB: NCCL Dev 1 IbDev 0 Port 1 qpn 8552 mtu 3 query_ece={supported=1, vendor_id=0x15b3, options=0x30000002, comp_mask=0x0} GID 3 (0/C132A8C0FFFF0000) fifoRkey=0x176c2b fifoLkey=0x176c2b
MOC-R4PCC04U05:546356:546500 [2] NCCL INFO NET/IB: NCCL Dev 1 IbDev 0 Port 1 qpn 8553 mtu 3 query_ece={supported=1, vendor_id=0x15b3, options=0x30000002, comp_mask=0x0} GID 3 (0/C132A8C0FFFF0000) fifoRkey=0x1722e1 fifoLkey=0x1722e1
MOC-R4PCC04U05:546356:546500 [2] NCCL INFO NET/IB: NCCL Dev 1 IbDev 0 Port 1 qpn 8554 mtu 3 query_ece={supported=1, vendor_id=0x15b3, options=0x30000002, comp_mask=0x0} GID 3 (0/C132A8C0FFFF0000) fifoRkey=0x174705 fifoLkey=0x174705
MOC-R4PCC04U05:546356:546500 [2] NCCL INFO NET/IB: NCCL Dev 1 IbDev 0 Port 1 qpn 8555 mtu 3 query_ece={supported=1, vendor_id=0x15b3, options=0x30000002, comp_mask=0x0} GID 3 (0/C132A8C0FFFF0000) fifoRkey=0x17a767 fifoLkey=0x17a767
MOC-R4PCC04U05:546356:546500 [2] NCCL INFO NET/IB: IbDev 0 Port 1 qpn 8487 set_ece={supported=1, vendor_id=0x15b3, options=0x0, comp_mask=0x0}
MOC-R4PCC04U05:546356:546500 [2] NCCL INFO NET/IB: IbDev 0 Port 1 qpn 8489 set_ece={supported=1, vendor_id=0x15b3, options=0x0, comp_mask=0x0}
MOC-R4PCC04U05:546356:546500 [2] NCCL INFO NET/IB: IbDev 0 Port 1 qpn 8491 set_ece={supported=1, vendor_id=0x15b3, options=0x0, comp_mask=0x0}
MOC-R4PCC04U05:546356:546500 [2] NCCL INFO NET/IB: IbDev 0 Port 1 qpn 8493 set_ece={supported=1, vendor_id=0x15b3, options=0x0, comp_mask=0x0}
MOC-R4PCC04U05:546356:546500 [2] NCCL INFO New proxy send connection 12 from local rank 3, transport 0
MOC-R4PCC04U05:546357:546509 [3] NCCL INFO Connected to proxy localRank 2 -> connection 0x7f24d80054d0
MOC-R4PCC04U05:546356:546500 [2] NCCL INFO New proxy send connection 13 from local rank 1, transport 0
MOC-R4PCC04U05:546355:546507 [1] NCCL INFO Connected to proxy localRank 2 -> connection 0x7f24d8005548
num decayed parameter tensors: 50, with 124,318,464 parameters
num non-decayed parameter tensors: 98, with 121,344 parameters
using fused AdamW: False
using regular AdamW
MOC-R4PCC04U05:546356:546500 [2] NCCL INFO New proxy send connection 14 from local rank 2, transport 0
MOC-R4PCC04U05:546356:547200 [2] NCCL INFO Connected to proxy localRank 2 -> connection 0x7f24d80055c0
MOC-R4PCC04U05:546356:546500 [2] NCCL INFO New proxy send connection 15 from local rank 2, transport 0
MOC-R4PCC04U05:546356:547200 [2] NCCL INFO Connected to proxy localRank 2 -> connection 0x7f24d8005638
MOC-R4PCC04U05:546356:546500 [2] NCCL INFO New proxy send connection 16 from local rank 2, transport 0
MOC-R4PCC04U05:546354:546505 [0] NCCL INFO New proxy send connection 10 from local rank 0, transport 0
MOC-R4PCC04U05:546356:547200 [2] NCCL INFO Connected to proxy localRank 2 -> connection 0x7f24d80056b0
MOC-R4PCC04U05:546354:547201 [0] NCCL INFO Connected to proxy localRank 0 -> connection 0x7f63c80053e0
MOC-R4PCC04U05:546356:546500 [2] NCCL INFO New proxy send connection 17 from local rank 2, transport 0
MOC-R4PCC04U05:546356:547200 [2] NCCL INFO Connected to proxy localRank 2 -> connection 0x7f24d8005728
MOC-R4PCC04U05:546354:546505 [0] NCCL INFO New proxy send connection 11 from local rank 0, transport 0
MOC-R4PCC04U05:546354:547201 [0] NCCL INFO Connected to proxy localRank 0 -> connection 0x7f63c8005458
MOC-R4PCC04U05:546354:546505 [0] NCCL INFO New proxy send connection 12 from local rank 0, transport 0
MOC-R4PCC04U05:546354:547201 [0] NCCL INFO Connected to proxy localRank 0 -> connection 0x7f63c80054d0
MOC-R4PCC04U05:546354:546505 [0] NCCL INFO New proxy send connection 13 from local rank 0, transport 0
MOC-R4PCC04U05:546354:547201 [0] NCCL INFO Connected to proxy localRank 0 -> connection 0x7f63c8005548
MOC-R4PCC04U05:546355:546499 [1] NCCL INFO New proxy recv connection 10 from local rank 1, transport 0
MOC-R4PCC04U05:546355:547202 [1] NCCL INFO Connected to proxy localRank 1 -> connection 0x7f4e040053e0
MOC-R4PCC04U05:546355:546499 [1] NCCL INFO New proxy recv connection 11 from local rank 1, transport 0
MOC-R4PCC04U05:546355:547202 [1] NCCL INFO Connected to proxy localRank 1 -> connection 0x7f4e04005458
MOC-R4PCC04U05:546355:546499 [1] NCCL INFO New proxy recv connection 12 from local rank 1, transport 0
MOC-R4PCC04U05:546355:547202 [1] NCCL INFO Connected to proxy localRank 1 -> connection 0x7f4e040054d0
MOC-R4PCC04U05:546355:546499 [1] NCCL INFO New proxy recv connection 13 from local rank 1, transport 0
MOC-R4PCC04U05:546355:547202 [1] NCCL INFO Connected to proxy localRank 1 -> connection 0x7f4e04005548
MOC-R4PCC04U05:546354:546505 [0] NCCL INFO New proxy recv connection 14 from local rank 0, transport 0
MOC-R4PCC04U05:546354:547201 [0] NCCL INFO Connected to proxy localRank 0 -> connection 0x7f63c80055c0
MOC-R4PCC04U05:546354:546505 [0] NCCL INFO New proxy recv connection 15 from local rank 0, transport 0
MOC-R4PCC04U05:546354:547201 [0] NCCL INFO Connected to proxy localRank 0 -> connection 0x7f63c8005638
MOC-R4PCC04U05:546354:546505 [0] NCCL INFO New proxy recv connection 16 from local rank 0, transport 0
MOC-R4PCC04U05:546354:547201 [0] NCCL INFO Connected to proxy localRank 0 -> connection 0x7f63c80056b0
MOC-R4PCC04U05:546354:546505 [0] NCCL INFO New proxy recv connection 17 from local rank 0, transport 0
MOC-R4PCC04U05:546354:547201 [0] NCCL INFO Connected to proxy localRank 0 -> connection 0x7f63c8005728
MOC-R4PCC04U05:546357:546501 [3] NCCL INFO New proxy recv connection 5 from local rank 3, transport 0
MOC-R4PCC04U05:546357:547203 [3] NCCL INFO Connected to proxy localRank 3 -> connection 0x7fd52c005188
MOC-R4PCC04U05:546357:546501 [3] NCCL INFO New proxy recv connection 6 from local rank 3, transport 0
MOC-R4PCC04U05:546357:547203 [3] NCCL INFO Connected to proxy localRank 3 -> connection 0x7fd52c005200
MOC-R4PCC04U05:546357:546501 [3] NCCL INFO New proxy recv connection 7 from local rank 3, transport 0
MOC-R4PCC04U05:546357:547203 [3] NCCL INFO Connected to proxy localRank 3 -> connection 0x7fd52c005278
MOC-R4PCC04U05:546357:546501 [3] NCCL INFO New proxy recv connection 8 from local rank 3, transport 0
MOC-R4PCC04U05:546357:547203 [3] NCCL INFO Connected to proxy localRank 3 -> connection 0x7fd52c0052f0
MOC-R4PCC04U05:546357:546501 [3] NCCL INFO New proxy send connection 9 from local rank 3, transport 0
MOC-R4PCC04U05:546357:547203 [3] NCCL INFO Connected to proxy localRank 3 -> connection 0x7fd52c005368
MOC-R4PCC04U05:546356:547200 [2] NCCL INFO GPU Direct RDMA Enabled for GPU 2 / HCA 1 (distance 5 <= 5), read 0 mode Default
MOC-R4PCC04U05:546356:546500 [2] NCCL INFO New proxy recv connection 18 from local rank 2, transport 2
MOC-R4PCC04U05:546357:546501 [3] NCCL INFO New proxy send connection 10 from local rank 3, transport 0
MOC-R4PCC04U05:546356:547200 [2] NCCL INFO Connected to proxy localRank 2 -> connection 0x7f24d80057a0
MOC-R4PCC04U05:546357:547203 [3] NCCL INFO Connected to proxy localRank 3 -> connection 0x7fd52c0053e0
MOC-R4PCC04U05:546356:547200 [2] NCCL INFO Channel 00/0 : 10[2] -> 2[2] [receive] via NET/IB/1/GDRDMA
MOC-R4PCC04U05:546356:547200 [2] NCCL INFO GPU Direct RDMA Enabled for GPU 2 / HCA 1 (distance 5 <= 5), read 0 mode Default
MOC-R4PCC04U05:546356:546500 [2] NCCL INFO New proxy recv connection 19 from local rank 2, transport 2
MOC-R4PCC04U05:546356:547200 [2] NCCL INFO Connected to proxy localRank 2 -> connection 0x7f24d8005818
MOC-R4PCC04U05:546357:546501 [3] NCCL INFO New proxy send connection 11 from local rank 3, transport 0
MOC-R4PCC04U05:546357:547203 [3] NCCL INFO Connected to proxy localRank 3 -> connection 0x7fd52c005458
MOC-R4PCC04U05:546356:547200 [2] NCCL INFO Channel 01/0 : 10[2] -> 2[2] [receive] via NET/IB/1/GDRDMA
MOC-R4PCC04U05:546356:547200 [2] NCCL INFO GPU Direct RDMA Enabled for GPU 2 / HCA 1 (distance 5 <= 5), read 0 mode Default
MOC-R4PCC04U05:546356:546500 [2] NCCL INFO New proxy recv connection 20 from local rank 2, transport 2
MOC-R4PCC04U05:546356:547200 [2] NCCL INFO Connected to proxy localRank 2 -> connection 0x7f24d8005890
MOC-R4PCC04U05:546356:547200 [2] NCCL INFO Channel 02/0 : 10[2] -> 2[2] [receive] via NET/IB/1/GDRDMA
MOC-R4PCC04U05:546356:547200 [2] NCCL INFO GPU Direct RDMA Enabled for GPU 2 / HCA 1 (distance 5 <= 5), read 0 mode Default
MOC-R4PCC04U05:546356:546500 [2] NCCL INFO New proxy recv connection 21 from local rank 2, transport 2
MOC-R4PCC04U05:546357:546501 [3] NCCL INFO New proxy send connection 12 from local rank 3, transport 0
MOC-R4PCC04U05:546356:547200 [2] NCCL INFO Connected to proxy localRank 2 -> connection 0x7f24d8005908
MOC-R4PCC04U05:546357:547203 [3] NCCL INFO Connected to proxy localRank 3 -> connection 0x7fd52c0054d0
MOC-R4PCC04U05:546356:547200 [2] NCCL INFO Channel 03/0 : 10[2] -> 2[2] [receive] via NET/IB/1/GDRDMA
MOC-R4PCC04U05:546356:547200 [2] NCCL INFO GPU Direct RDMA Enabled for GPU 2 / HCA 1 (distance 5 <= 5), read 1 mode Default
MOC-R4PCC04U05:546356:546500 [2] NCCL INFO New proxy send connection 22 from local rank 2, transport 2
MOC-R4PCC04U05:546356:547200 [2] NCCL INFO Connected to proxy localRank 2 -> connection 0x7f24d8005980
MOC-R4PCC04U05:546356:547200 [2] NCCL INFO Channel 02/0 : 2[2] -> 6[2] [send] via NET/IB/1/GDRDMA
MOC-R4PCC04U05:546356:547200 [2] NCCL INFO GPU Direct RDMA Enabled for GPU 2 / HCA 1 (distance 5 <= 5), read 1 mode Default
MOC-R4PCC04U05:546356:546500 [2] NCCL INFO New proxy send connection 23 from local rank 2, transport 2
MOC-R4PCC04U05:546356:547200 [2] NCCL INFO Connected to proxy localRank 2 -> connection 0x7f24d80059f8
MOC-R4PCC04U05:546356:547200 [2] NCCL INFO Channel 03/0 : 2[2] -> 6[2] [send] via NET/IB/1/GDRDMA
MOC-R4PCC04U05:546357:546501 [3] NCCL INFO New proxy send connection 13 from local rank 3, transport 0
MOC-R4PCC04U05:546357:547203 [3] NCCL INFO Connected to proxy localRank 3 -> connection 0x7fd52c005548
MOC-R4PCC04U05:546357:546501 [3] NCCL INFO New proxy send connection 14 from local rank 3, transport 0
MOC-R4PCC04U05:546357:547203 [3] NCCL INFO Connected to proxy localRank 3 -> connection 0x7fd52c0055c0
MOC-R4PCC04U05:546357:546501 [3] NCCL INFO New proxy send connection 15 from local rank 3, transport 0
MOC-R4PCC04U05:546357:547203 [3] NCCL INFO Connected to proxy localRank 3 -> connection 0x7fd52c005638
MOC-R4PCC04U05:546357:546501 [3] NCCL INFO New proxy send connection 16 from local rank 3, transport 0
MOC-R4PCC04U05:546357:547203 [3] NCCL INFO Connected to proxy localRank 3 -> connection 0x7fd52c0056b0
MOC-R4PCC04U05:546356:547200 [2] NCCL INFO GPU Direct RDMA Enabled for GPU 2 / HCA 1 (distance 5 <= 5), read 0 mode Default
MOC-R4PCC04U05:546356:546500 [2] NCCL INFO New proxy recv connection 24 from local rank 2, transport 2
MOC-R4PCC04U05:546356:547200 [2] NCCL INFO Connected to proxy localRank 2 -> connection 0x7f24d8005a70
MOC-R4PCC04U05:546356:547200 [2] NCCL INFO Channel 02/0 : 6[2] -> 2[2] [receive] via NET/IB/1/GDRDMA
MOC-R4PCC04U05:546356:547200 [2] NCCL INFO GPU Direct RDMA Enabled for GPU 2 / HCA 1 (distance 5 <= 5), read 0 mode Default
MOC-R4PCC04U05:546356:546500 [2] NCCL INFO New proxy recv connection 25 from local rank 2, transport 2
MOC-R4PCC04U05:546356:547200 [2] NCCL INFO Connected to proxy localRank 2 -> connection 0x7f24d8005ae8
MOC-R4PCC04U05:546356:547200 [2] NCCL INFO Channel 03/0 : 6[2] -> 2[2] [receive] via NET/IB/1/GDRDMA
MOC-R4PCC04U05:546356:547200 [2] NCCL INFO GPU Direct RDMA Enabled for GPU 2 / HCA 1 (distance 5 <= 5), read 1 mode Default
MOC-R4PCC04U05:546356:546500 [2] NCCL INFO New proxy send connection 26 from local rank 2, transport 2
MOC-R4PCC04U05:546356:547200 [2] NCCL INFO Connected to proxy localRank 2 -> connection 0x7f24d8005b60
MOC-R4PCC04U05:546356:547200 [2] NCCL INFO Channel 00/0 : 2[2] -> 10[2] [send] via NET/IB/1/GDRDMA
MOC-R4PCC04U05:546356:547200 [2] NCCL INFO GPU Direct RDMA Enabled for GPU 2 / HCA 1 (distance 5 <= 5), read 1 mode Default
MOC-R4PCC04U05:546356:546500 [2] NCCL INFO New proxy send connection 27 from local rank 2, transport 2
MOC-R4PCC04U05:546356:547200 [2] NCCL INFO Connected to proxy localRank 2 -> connection 0x7f24d8005bd8
MOC-R4PCC04U05:546356:547200 [2] NCCL INFO Channel 01/0 : 2[2] -> 10[2] [send] via NET/IB/1/GDRDMA
MOC-R4PCC04U05:546356:547200 [2] NCCL INFO GPU Direct RDMA Enabled for GPU 2 / HCA 1 (distance 5 <= 5), read 1 mode Default
MOC-R4PCC04U05:546356:546500 [2] NCCL INFO New proxy send connection 28 from local rank 2, transport 2
MOC-R4PCC04U05:546356:547200 [2] NCCL INFO Connected to proxy localRank 2 -> connection 0x7f24d8005c50
MOC-R4PCC04U05:546356:547200 [2] NCCL INFO Channel 02/0 : 2[2] -> 10[2] [send] via NET/IB/1/GDRDMA
MOC-R4PCC04U05:546356:547200 [2] NCCL INFO GPU Direct RDMA Enabled for GPU 2 / HCA 1 (distance 5 <= 5), read 1 mode Default
MOC-R4PCC04U05:546356:546500 [2] NCCL INFO New proxy send connection 29 from local rank 2, transport 2
MOC-R4PCC04U05:546356:547200 [2] NCCL INFO Connected to proxy localRank 2 -> connection 0x7f24d8005cc8
MOC-R4PCC04U05:546356:547200 [2] NCCL INFO Channel 03/0 : 2[2] -> 10[2] [send] via NET/IB/1/GDRDMA
MOC-R4PCC04U05:546356:546500 [2] NCCL INFO New proxy recv connection 30 from local rank 2, transport 0
MOC-R4PCC04U05:546356:547200 [2] NCCL INFO Connected to proxy localRank 2 -> connection 0x7f24d8005d40
MOC-R4PCC04U05:546356:546500 [2] NCCL INFO New proxy recv connection 31 from local rank 2, transport 0
MOC-R4PCC04U05:546356:547200 [2] NCCL INFO Connected to proxy localRank 2 -> connection 0x7f24d8005db8
MOC-R4PCC04U05:546356:546500 [2] NCCL INFO New proxy recv connection 32 from local rank 2, transport 0
MOC-R4PCC04U05:546356:547200 [2] NCCL INFO Connected to proxy localRank 2 -> connection 0x7f24d8005e30
MOC-R4PCC04U05:546356:546500 [2] NCCL INFO New proxy recv connection 33 from local rank 2, transport 0
MOC-R4PCC04U05:546356:547200 [2] NCCL INFO Connected to proxy localRank 2 -> connection 0x7f24d8005ea8
MOC-R4PCC04U05:546357:546501 [3] NCCL INFO New proxy send connection 17 from local rank 2, transport 0
MOC-R4PCC04U05:546356:547200 [2] NCCL INFO Connected to proxy localRank 3 -> connection 0x7fd52c005728
MOC-R4PCC04U05:546356:546500 [2] NCCL INFO NET/IB: NCCL Dev 1 IbDev 0 Port 1 qpn 8564 mtu 3 query_ece={supported=1, vendor_id=0x15b3, options=0x30000002, comp_mask=0x0} GID 3 (0/C132A8C0FFFF0000) fifoRkey=0x1716d5 fifoLkey=0x1716d5
MOC-R4PCC04U05:546356:546500 [2] NCCL INFO NET/IB: NCCL Dev 1 IbDev 0 Port 1 qpn 8565 mtu 3 query_ece={supported=1, vendor_id=0x15b3, options=0x30000002, comp_mask=0x0} GID 3 (0/C132A8C0FFFF0000) fifoRkey=0x17601f fifoLkey=0x17601f
MOC-R4PCC04U05:546356:546500 [2] NCCL INFO NET/IB: IbDev 0 Port 1 qpn 8498 set_ece={supported=1, vendor_id=0x15b3, options=0x0, comp_mask=0x0}
MOC-R4PCC04U05:546356:546500 [2] NCCL INFO NET/IB: IbDev 0 Port 1 qpn 8500 set_ece={supported=1, vendor_id=0x15b3, options=0x0, comp_mask=0x0}
MOC-R4PCC04U05:546356:546500 [2] NCCL INFO NET/IB: NCCL Dev 1 IbDev 0 Port 1 qpn 8566 mtu 3 query_ece={supported=1, vendor_id=0x15b3, options=0x30000002, comp_mask=0x0} GID 3 (0/C132A8C0FFFF0000) fifoRkey=0x17bf7e fifoLkey=0x17bf7e
MOC-R4PCC04U05:546356:546500 [2] NCCL INFO NET/IB: NCCL Dev 1 IbDev 0 Port 1 qpn 8567 mtu 3 query_ece={supported=1, vendor_id=0x15b3, options=0x30000002, comp_mask=0x0} GID 3 (0/C132A8C0FFFF0000) fifoRkey=0x17d796 fifoLkey=0x17d796
MOC-R4PCC04U05:546356:546500 [2] NCCL INFO NET/IB: IbDev 0 Port 1 qpn 5615 set_ece={supported=1, vendor_id=0x15b3, options=0x0, comp_mask=0x0}
MOC-R4PCC04U05:546356:546500 [2] NCCL INFO NET/IB: IbDev 0 Port 1 qpn 5618 set_ece={supported=1, vendor_id=0x15b3, options=0x0, comp_mask=0x0}
MOC-R4PCC04U05:546356:546500 [2] NCCL INFO NET/IB: NCCL Dev 1 IbDev 0 Port 1 qpn 8572 mtu 3 query_ece={supported=1, vendor_id=0x15b3, options=0x30000002, comp_mask=0x0} GID 3 (0/C132A8C0FFFF0000) fifoRkey=0x170bca fifoLkey=0x170bca
MOC-R4PCC04U05:546356:546500 [2] NCCL INFO NET/IB: IbDev 0 Port 1 qpn 5626 set_ece={supported=1, vendor_id=0x15b3, options=0x0, comp_mask=0x0}
MOC-R4PCC04U05:546356:546500 [2] NCCL INFO NET/IB: NCCL Dev 1 IbDev 0 Port 1 qpn 8581 mtu 3 query_ece={supported=1, vendor_id=0x15b3, options=0x30000002, comp_mask=0x0} GID 3 (0/C132A8C0FFFF0000) fifoRkey=0x179c5b fifoLkey=0x179c5b
MOC-R4PCC04U05:546356:546500 [2] NCCL INFO NET/IB: IbDev 0 Port 1 qpn 5628 set_ece={supported=1, vendor_id=0x15b3, options=0x0, comp_mask=0x0}
step    1/10 | train loss 11.010328 | norm 15.4838 | lr 1.00e-04 | (13881.65 ms | 84979 tok/s)
step    2/10 | train loss 10.133745 | norm 5.7668 | lr 1.00e-04 | (417.80 ms | 2823506 tok/s)
step    3/10 | train loss 9.791649 | norm 2.6214 | lr 1.00e-04 | (310.73 ms | 3796374 tok/s)
step    4/10 | train loss 9.621452 | norm 2.1220 | lr 1.00e-04 | (350.05 ms | 3369923 tok/s)
step    5/10 | train loss 9.538279 | norm 2.1105 | lr 1.00e-04 | (303.27 ms | 3889724 tok/s)
step    6/10 | train loss 9.456858 | norm 2.0044 | lr 1.00e-04 | (584.86 ms | 2016986 tok/s)
step    7/10 | train loss 9.371298 | norm 1.9533 | lr 1.00e-04 | (306.25 ms | 3851914 tok/s)
step    8/10 | train loss 9.279752 | norm 1.9214 | lr 1.00e-04 | (304.98 ms | 3867933 tok/s)
step    9/10 | train loss 9.184245 | norm 1.8719 | lr 1.00e-04 | (428.99 ms | 2749822 tok/s)
step   10/10 | train loss 9.096463 | norm 1.7977 | lr 1.00e-04 | (637.57 ms | 1850223 tok/s)
final 9 iters avg: 404.944ms
peak memory consumption: 16601 MiB
