Running pytorch 2.7.0+cu126
using device: cuda:0
total desired batch size: 786432
=> calculated gradient accumulation steps: 3
using device: cuda:3
using device: cuda:1
using device: cuda:2
compiling the model...
DataLoader: total number of tokens: 1,661,249,667 across 103 files
MOC-R4PCC04U05:394348:394348 [0] NCCL INFO NCCL_SOCKET_IFNAME set to eno7np0
MOC-R4PCC04U05:394348:394348 [0] NCCL INFO NCCL version 2.26.2+cuda12.2
MOC-R4PCC04U05:394348:394396 [0] NCCL INFO NET/Plugin: Could not find: libnccl-net.so. Using internal net plugin.
MOC-R4PCC04U05:394348:394396 [0] NCCL INFO NCCL_IB_HCA set to mlx5_5
MOC-R4PCC04U05:394348:394396 [0] NCCL INFO NET/IB : Made virtual device [0] name=mlx5_5 speed=400000 ndevs=1
MOC-R4PCC04U05:394348:394396 [0] NCCL INFO NET/IB : Using [0]mlx5_5:1/RoCE [RO]; OOB eno7np0:192.168.50.193<0>
MOC-R4PCC04U05:394351:394351 [3] NCCL INFO NCCL_SOCKET_IFNAME set to eno7np0
MOC-R4PCC04U05:394351:394351 [3] NCCL INFO NCCL version 2.26.2+cuda12.2
MOC-R4PCC04U05:394350:394350 [2] NCCL INFO NCCL_SOCKET_IFNAME set to eno7np0
MOC-R4PCC04U05:394350:394350 [2] NCCL INFO NCCL version 2.26.2+cuda12.2
MOC-R4PCC04U05:394349:394349 [1] NCCL INFO NCCL_SOCKET_IFNAME set to eno7np0
MOC-R4PCC04U05:394349:394349 [1] NCCL INFO NCCL version 2.26.2+cuda12.2
MOC-R4PCC04U05:394351:394400 [3] NCCL INFO NET/Plugin: Could not find: libnccl-net.so. Using internal net plugin.
MOC-R4PCC04U05:394351:394400 [3] NCCL INFO NCCL_IB_HCA set to mlx5_5
MOC-R4PCC04U05:394350:394402 [2] NCCL INFO NET/Plugin: Could not find: libnccl-net.so. Using internal net plugin.
MOC-R4PCC04U05:394350:394402 [2] NCCL INFO NCCL_IB_HCA set to mlx5_5
MOC-R4PCC04U05:394349:394403 [1] NCCL INFO NET/Plugin: Could not find: libnccl-net.so. Using internal net plugin.
MOC-R4PCC04U05:394351:394400 [3] NCCL INFO NET/IB : Made virtual device [0] name=mlx5_5 speed=400000 ndevs=1
MOC-R4PCC04U05:394351:394400 [3] NCCL INFO NET/IB : Using [0]mlx5_5:1/RoCE [RO]; OOB eno7np0:192.168.50.193<0>
MOC-R4PCC04U05:394349:394403 [1] NCCL INFO NCCL_IB_HCA set to mlx5_5
MOC-R4PCC04U05:394350:394402 [2] NCCL INFO NET/IB : Made virtual device [0] name=mlx5_5 speed=400000 ndevs=1
MOC-R4PCC04U05:394350:394402 [2] NCCL INFO NET/IB : Using [0]mlx5_5:1/RoCE [RO]; OOB eno7np0:192.168.50.193<0>
MOC-R4PCC04U05:394349:394403 [1] NCCL INFO NET/IB : Made virtual device [0] name=mlx5_5 speed=400000 ndevs=1
MOC-R4PCC04U05:394349:394403 [1] NCCL INFO NET/IB : Using [0]mlx5_5:1/RoCE [RO]; OOB eno7np0:192.168.50.193<0>
MOC-R4PCC04U05:394350:394402 [2] NCCL INFO NET/IB : GPU Direct RDMA Enabled for HCA 0 'mlx5_5'
MOC-R4PCC04U05:394350:394402 [2] NCCL INFO NET/IB : Made virtual device [1] name=mlx5_5 speed=400000 ndevs=1
MOC-R4PCC04U05:394350:394402 [2] NCCL INFO NET/IB : GPU Direct RDMA Enabled for HCA 0 'mlx5_5'
MOC-R4PCC04U05:394350:394402 [2] NCCL INFO NET/IB : GPU Direct RDMA Enabled for HCA 1 'mlx5_5'
MOC-R4PCC04U05:394348:394396 [0] NCCL INFO NET/IB : GPU Direct RDMA Enabled for HCA 0 'mlx5_5'
MOC-R4PCC04U05:394348:394396 [0] NCCL INFO NET/IB : Made virtual device [1] name=mlx5_5 speed=400000 ndevs=1
MOC-R4PCC04U05:394348:394396 [0] NCCL INFO NET/IB : GPU Direct RDMA Enabled for HCA 0 'mlx5_5'
MOC-R4PCC04U05:394348:394396 [0] NCCL INFO NET/IB : GPU Direct RDMA Enabled for HCA 1 'mlx5_5'
MOC-R4PCC04U05:394351:394400 [3] NCCL INFO NET/IB : GPU Direct RDMA Enabled for HCA 0 'mlx5_5'
MOC-R4PCC04U05:394351:394400 [3] NCCL INFO NET/IB : Made virtual device [1] name=mlx5_5 speed=400000 ndevs=1
MOC-R4PCC04U05:394351:394400 [3] NCCL INFO NET/IB : GPU Direct RDMA Enabled for HCA 0 'mlx5_5'
MOC-R4PCC04U05:394351:394400 [3] NCCL INFO NET/IB : GPU Direct RDMA Enabled for HCA 1 'mlx5_5'
MOC-R4PCC04U05:394349:394403 [1] NCCL INFO NET/IB : GPU Direct RDMA Enabled for HCA 0 'mlx5_5'
MOC-R4PCC04U05:394349:394403 [1] NCCL INFO NET/IB : Made virtual device [1] name=mlx5_5 speed=400000 ndevs=1
MOC-R4PCC04U05:394349:394403 [1] NCCL INFO NET/IB : GPU Direct RDMA Enabled for HCA 0 'mlx5_5'
MOC-R4PCC04U05:394349:394403 [1] NCCL INFO NET/IB : GPU Direct RDMA Enabled for HCA 1 'mlx5_5'
MOC-R4PCC04U05:394348:394396 [0] NCCL INFO GPU Direct RDMA Enabled for GPU 0 / HCA 1 (distance 5 <= 5), read 0 mode Default
MOC-R4PCC04U05:394348:394396 [0] NCCL INFO GPU Direct RDMA Enabled for GPU 1 / HCA 1 (distance 5 <= 5), read 0 mode Default
MOC-R4PCC04U05:394348:394396 [0] NCCL INFO GPU Direct RDMA Enabled for GPU 2 / HCA 1 (distance 5 <= 5), read 0 mode Default
MOC-R4PCC04U05:394348:394396 [0] NCCL INFO GPU Direct RDMA Enabled for GPU 3 / HCA 1 (distance 5 <= 5), read 0 mode Default
MOC-R4PCC04U05:394349:394403 [1] NCCL INFO GPU Direct RDMA Enabled for GPU 0 / HCA 1 (distance 5 <= 5), read 0 mode Default
MOC-R4PCC04U05:394348:394396 [0] NCCL INFO GPU Direct RDMA Enabled for GPU 0 / HCA 1 (distance 5 <= 5), read 0 mode Default
MOC-R4PCC04U05:394349:394403 [1] NCCL INFO GPU Direct RDMA Enabled for GPU 1 / HCA 1 (distance 5 <= 5), read 0 mode Default
MOC-R4PCC04U05:394348:394396 [0] NCCL INFO GPU Direct RDMA Enabled for GPU 1 / HCA 1 (distance 5 <= 5), read 0 mode Default
MOC-R4PCC04U05:394349:394403 [1] NCCL INFO GPU Direct RDMA Enabled for GPU 2 / HCA 1 (distance 5 <= 5), read 0 mode Default
MOC-R4PCC04U05:394348:394396 [0] NCCL INFO GPU Direct RDMA Enabled for GPU 2 / HCA 1 (distance 5 <= 5), read 0 mode Default
MOC-R4PCC04U05:394349:394403 [1] NCCL INFO GPU Direct RDMA Enabled for GPU 3 / HCA 1 (distance 5 <= 5), read 0 mode Default
MOC-R4PCC04U05:394348:394396 [0] NCCL INFO GPU Direct RDMA Enabled for GPU 3 / HCA 1 (distance 5 <= 5), read 0 mode Default
MOC-R4PCC04U05:394349:394403 [1] NCCL INFO GPU Direct RDMA Enabled for GPU 0 / HCA 1 (distance 5 <= 5), read 0 mode Default
MOC-R4PCC04U05:394349:394403 [1] NCCL INFO GPU Direct RDMA Enabled for GPU 1 / HCA 1 (distance 5 <= 5), read 0 mode Default
MOC-R4PCC04U05:394349:394403 [1] NCCL INFO GPU Direct RDMA Enabled for GPU 2 / HCA 1 (distance 5 <= 5), read 0 mode Default
MOC-R4PCC04U05:394349:394403 [1] NCCL INFO GPU Direct RDMA Enabled for GPU 3 / HCA 1 (distance 5 <= 5), read 0 mode Default
MOC-R4PCC04U05:394351:394400 [3] NCCL INFO GPU Direct RDMA Enabled for GPU 0 / HCA 1 (distance 5 <= 5), read 0 mode Default
MOC-R4PCC04U05:394351:394400 [3] NCCL INFO GPU Direct RDMA Enabled for GPU 1 / HCA 1 (distance 5 <= 5), read 0 mode Default
MOC-R4PCC04U05:394351:394400 [3] NCCL INFO GPU Direct RDMA Enabled for GPU 2 / HCA 1 (distance 5 <= 5), read 0 mode Default
MOC-R4PCC04U05:394351:394400 [3] NCCL INFO GPU Direct RDMA Enabled for GPU 3 / HCA 1 (distance 5 <= 5), read 0 mode Default
MOC-R4PCC04U05:394351:394400 [3] NCCL INFO GPU Direct RDMA Enabled for GPU 0 / HCA 1 (distance 5 <= 5), read 0 mode Default
MOC-R4PCC04U05:394351:394400 [3] NCCL INFO GPU Direct RDMA Enabled for GPU 1 / HCA 1 (distance 5 <= 5), read 0 mode Default
MOC-R4PCC04U05:394351:394400 [3] NCCL INFO GPU Direct RDMA Enabled for GPU 2 / HCA 1 (distance 5 <= 5), read 0 mode Default
MOC-R4PCC04U05:394351:394400 [3] NCCL INFO GPU Direct RDMA Enabled for GPU 3 / HCA 1 (distance 5 <= 5), read 0 mode Default
MOC-R4PCC04U05:394350:394402 [2] NCCL INFO GPU Direct RDMA Enabled for GPU 0 / HCA 1 (distance 5 <= 5), read 0 mode Default
MOC-R4PCC04U05:394350:394402 [2] NCCL INFO GPU Direct RDMA Enabled for GPU 1 / HCA 1 (distance 5 <= 5), read 0 mode Default
MOC-R4PCC04U05:394350:394402 [2] NCCL INFO GPU Direct RDMA Enabled for GPU 2 / HCA 1 (distance 5 <= 5), read 0 mode Default
MOC-R4PCC04U05:394350:394402 [2] NCCL INFO GPU Direct RDMA Enabled for GPU 3 / HCA 1 (distance 5 <= 5), read 0 mode Default
MOC-R4PCC04U05:394350:394402 [2] NCCL INFO GPU Direct RDMA Enabled for GPU 0 / HCA 1 (distance 5 <= 5), read 0 mode Default
MOC-R4PCC04U05:394350:394402 [2] NCCL INFO GPU Direct RDMA Enabled for GPU 1 / HCA 1 (distance 5 <= 5), read 0 mode Default
MOC-R4PCC04U05:394350:394402 [2] NCCL INFO GPU Direct RDMA Enabled for GPU 2 / HCA 1 (distance 5 <= 5), read 0 mode Default
MOC-R4PCC04U05:394350:394402 [2] NCCL INFO GPU Direct RDMA Enabled for GPU 3 / HCA 1 (distance 5 <= 5), read 0 mode Default
MOC-R4PCC04U05:394350:394423 [2] NCCL INFO GPU Direct RDMA Enabled for GPU 2 / HCA 1 (distance 5 <= 5), read 0 mode Default
MOC-R4PCC04U05:394351:394414 [3] NCCL INFO New proxy recv connection 0 from local rank 3, transport 0
MOC-R4PCC04U05:394351:394424 [3] NCCL INFO Connected to proxy localRank 3 -> connection 0x7fc370004f30
MOC-R4PCC04U05:394351:394414 [3] NCCL INFO New proxy recv connection 1 from local rank 3, transport 0
MOC-R4PCC04U05:394351:394424 [3] NCCL INFO Connected to proxy localRank 3 -> connection 0x7fc370004fa8
MOC-R4PCC04U05:394349:394419 [1] NCCL INFO New proxy recv connection 0 from local rank 1, transport 0
MOC-R4PCC04U05:394349:394425 [1] NCCL INFO Connected to proxy localRank 1 -> connection 0x7efafc004f30
MOC-R4PCC04U05:394351:394414 [3] NCCL INFO New proxy recv connection 2 from local rank 3, transport 0
MOC-R4PCC04U05:394351:394424 [3] NCCL INFO Connected to proxy localRank 3 -> connection 0x7fc370005020
MOC-R4PCC04U05:394351:394414 [3] NCCL INFO New proxy recv connection 3 from local rank 3, transport 0
MOC-R4PCC04U05:394351:394424 [3] NCCL INFO Connected to proxy localRank 3 -> connection 0x7fc370005098
MOC-R4PCC04U05:394349:394419 [1] NCCL INFO New proxy recv connection 1 from local rank 1, transport 0
MOC-R4PCC04U05:394349:394425 [1] NCCL INFO Connected to proxy localRank 1 -> connection 0x7efafc004fa8
MOC-R4PCC04U05:394351:394424 [3] NCCL INFO GPU Direct RDMA Enabled for GPU 3 / HCA 1 (distance 5 <= 5), read 1 mode Default
MOC-R4PCC04U05:394349:394419 [1] NCCL INFO New proxy recv connection 2 from local rank 1, transport 0
MOC-R4PCC04U05:394349:394425 [1] NCCL INFO Connected to proxy localRank 1 -> connection 0x7efafc005020
MOC-R4PCC04U05:394349:394419 [1] NCCL INFO New proxy recv connection 3 from local rank 1, transport 0
MOC-R4PCC04U05:394349:394425 [1] NCCL INFO Connected to proxy localRank 1 -> connection 0x7efafc005098
MOC-R4PCC04U05:394349:394419 [1] NCCL INFO New proxy send connection 4 from local rank 1, transport 0
MOC-R4PCC04U05:394349:394425 [1] NCCL INFO Connected to proxy localRank 1 -> connection 0x7efafc005110
MOC-R4PCC04U05:394349:394419 [1] NCCL INFO New proxy send connection 5 from local rank 1, transport 0
MOC-R4PCC04U05:394349:394425 [1] NCCL INFO Connected to proxy localRank 1 -> connection 0x7efafc005188
MOC-R4PCC04U05:394348:394416 [0] NCCL INFO New proxy send connection 0 from local rank 0, transport 0
MOC-R4PCC04U05:394348:394426 [0] NCCL INFO Connected to proxy localRank 0 -> connection 0x7fe910004f30
MOC-R4PCC04U05:394349:394419 [1] NCCL INFO New proxy send connection 6 from local rank 1, transport 0
MOC-R4PCC04U05:394349:394425 [1] NCCL INFO Connected to proxy localRank 1 -> connection 0x7efafc005200
MOC-R4PCC04U05:394349:394419 [1] NCCL INFO New proxy send connection 7 from local rank 1, transport 0
MOC-R4PCC04U05:394349:394425 [1] NCCL INFO Connected to proxy localRank 1 -> connection 0x7efafc005278
MOC-R4PCC04U05:394350:394415 [2] NCCL INFO New proxy recv connection 0 from local rank 2, transport 2
MOC-R4PCC04U05:394350:394415 [2] NCCL INFO New proxy send connection 1 from local rank 3, transport 2
MOC-R4PCC04U05:394350:394423 [2] NCCL INFO Connected to proxy localRank 2 -> connection 0x7f4768004f30
MOC-R4PCC04U05:394351:394424 [3] NCCL INFO Connected to proxy localRank 2 -> connection 0x7f4768004fa8
MOC-R4PCC04U05:394350:394423 [2] NCCL INFO Channel 00/0 : 7[3] -> 2[2] [receive] via NET/IB/1/GDRDMA
MOC-R4PCC04U05:394350:394423 [2] NCCL INFO GPU Direct RDMA Enabled for GPU 2 / HCA 1 (distance 5 <= 5), read 0 mode Default
MOC-R4PCC04U05:394350:394415 [2] NCCL INFO New proxy recv connection 2 from local rank 2, transport 2
MOC-R4PCC04U05:394350:394423 [2] NCCL INFO Connected to proxy localRank 2 -> connection 0x7f4768005020
MOC-R4PCC04U05:394351:394424 [3] NCCL INFO Channel 00/0 : 3[3] -> 6[2] [send] via NET/IB/1(2)/GDRDMA
MOC-R4PCC04U05:394351:394424 [3] NCCL INFO GPU Direct RDMA Enabled for GPU 3 / HCA 1 (distance 5 <= 5), read 1 mode Default
MOC-R4PCC04U05:394350:394423 [2] NCCL INFO Channel 01/0 : 7[3] -> 2[2] [receive] via NET/IB/1/GDRDMA
MOC-R4PCC04U05:394350:394423 [2] NCCL INFO GPU Direct RDMA Enabled for GPU 2 / HCA 1 (distance 5 <= 5), read 0 mode Default
MOC-R4PCC04U05:394350:394415 [2] NCCL INFO New proxy send connection 3 from local rank 3, transport 2
MOC-R4PCC04U05:394351:394424 [3] NCCL INFO Connected to proxy localRank 2 -> connection 0x7f4768005098
MOC-R4PCC04U05:394350:394415 [2] NCCL INFO New proxy recv connection 4 from local rank 2, transport 2
MOC-R4PCC04U05:394350:394423 [2] NCCL INFO Connected to proxy localRank 2 -> connection 0x7f4768005110
MOC-R4PCC04U05:394351:394424 [3] NCCL INFO Channel 01/0 : 3[3] -> 6[2] [send] via NET/IB/1(2)/GDRDMA
MOC-R4PCC04U05:394351:394424 [3] NCCL INFO GPU Direct RDMA Enabled for GPU 3 / HCA 1 (distance 5 <= 5), read 1 mode Default
MOC-R4PCC04U05:394350:394423 [2] NCCL INFO Channel 02/0 : 7[3] -> 2[2] [receive] via NET/IB/1/GDRDMA
MOC-R4PCC04U05:394350:394423 [2] NCCL INFO GPU Direct RDMA Enabled for GPU 2 / HCA 1 (distance 5 <= 5), read 0 mode Default
MOC-R4PCC04U05:394350:394415 [2] NCCL INFO New proxy send connection 5 from local rank 3, transport 2
MOC-R4PCC04U05:394351:394424 [3] NCCL INFO Connected to proxy localRank 2 -> connection 0x7f4768005188
MOC-R4PCC04U05:394350:394415 [2] NCCL INFO New proxy recv connection 6 from local rank 2, transport 2
MOC-R4PCC04U05:394350:394423 [2] NCCL INFO Connected to proxy localRank 2 -> connection 0x7f4768005200
MOC-R4PCC04U05:394351:394424 [3] NCCL INFO Channel 02/0 : 3[3] -> 6[2] [send] via NET/IB/1(2)/GDRDMA
MOC-R4PCC04U05:394351:394424 [3] NCCL INFO GPU Direct RDMA Enabled for GPU 3 / HCA 1 (distance 5 <= 5), read 1 mode Default
MOC-R4PCC04U05:394350:394423 [2] NCCL INFO Channel 03/0 : 7[3] -> 2[2] [receive] via NET/IB/1/GDRDMA
MOC-R4PCC04U05:394350:394415 [2] NCCL INFO New proxy send connection 7 from local rank 3, transport 2
MOC-R4PCC04U05:394351:394424 [3] NCCL INFO Connected to proxy localRank 2 -> connection 0x7f4768005278
MOC-R4PCC04U05:394351:394424 [3] NCCL INFO Channel 03/0 : 3[3] -> 6[2] [send] via NET/IB/1(2)/GDRDMA
MOC-R4PCC04U05:394350:394415 [2] NCCL INFO New proxy send connection 8 from local rank 2, transport 0
MOC-R4PCC04U05:394350:394423 [2] NCCL INFO Connected to proxy localRank 2 -> connection 0x7f47680052f0
MOC-R4PCC04U05:394348:394416 [0] NCCL INFO New proxy send connection 1 from local rank 0, transport 0
MOC-R4PCC04U05:394348:394426 [0] NCCL INFO Connected to proxy localRank 0 -> connection 0x7fe910004fa8
MOC-R4PCC04U05:394350:394415 [2] NCCL INFO New proxy send connection 9 from local rank 2, transport 0
MOC-R4PCC04U05:394350:394423 [2] NCCL INFO Connected to proxy localRank 2 -> connection 0x7f4768005368
MOC-R4PCC04U05:394348:394416 [0] NCCL INFO New proxy send connection 2 from local rank 0, transport 0
MOC-R4PCC04U05:394348:394426 [0] NCCL INFO Connected to proxy localRank 0 -> connection 0x7fe910005020
MOC-R4PCC04U05:394348:394416 [0] NCCL INFO New proxy send connection 3 from local rank 0, transport 0
MOC-R4PCC04U05:394348:394426 [0] NCCL INFO Connected to proxy localRank 0 -> connection 0x7fe910005098
MOC-R4PCC04U05:394350:394415 [2] NCCL INFO New proxy send connection 10 from local rank 2, transport 0
MOC-R4PCC04U05:394350:394423 [2] NCCL INFO Connected to proxy localRank 2 -> connection 0x7f47680053e0
MOC-R4PCC04U05:394350:394415 [2] NCCL INFO New proxy send connection 11 from local rank 2, transport 0
MOC-R4PCC04U05:394350:394423 [2] NCCL INFO Connected to proxy localRank 2 -> connection 0x7f4768005458
MOC-R4PCC04U05:394348:394416 [0] NCCL INFO New proxy recv connection 4 from local rank 0, transport 0
MOC-R4PCC04U05:394348:394426 [0] NCCL INFO Connected to proxy localRank 0 -> connection 0x7fe910005110
MOC-R4PCC04U05:394348:394416 [0] NCCL INFO New proxy send connection 5 from local rank 3, transport 0
MOC-R4PCC04U05:394351:394424 [3] NCCL INFO Connected to proxy localRank 0 -> connection 0x7fe910005188
MOC-R4PCC04U05:394348:394416 [0] NCCL INFO New proxy recv connection 6 from local rank 0, transport 0
MOC-R4PCC04U05:394348:394426 [0] NCCL INFO Connected to proxy localRank 0 -> connection 0x7fe910005200
MOC-R4PCC04U05:394349:394419 [1] NCCL INFO New proxy send connection 8 from local rank 2, transport 0
MOC-R4PCC04U05:394350:394423 [2] NCCL INFO Connected to proxy localRank 1 -> connection 0x7efafc0052f0
MOC-R4PCC04U05:394348:394416 [0] NCCL INFO New proxy recv connection 7 from local rank 0, transport 0
MOC-R4PCC04U05:394348:394426 [0] NCCL INFO Connected to proxy localRank 0 -> connection 0x7fe910005278
MOC-R4PCC04U05:394350:394415 [2] NCCL INFO NET/IB: NCCL Dev 1 IbDev 0 Port 1 qpn 5702 mtu 3 query_ece={supported=1, vendor_id=0x15b3, options=0x30000002, comp_mask=0x0} GID 3 (0/C132A8C0FFFF0000) fifoRkey=0x1716d5 fifoLkey=0x1716d5
MOC-R4PCC04U05:394348:394416 [0] NCCL INFO New proxy recv connection 8 from local rank 0, transport 0
MOC-R4PCC04U05:394348:394426 [0] NCCL INFO Connected to proxy localRank 0 -> connection 0x7fe9100052f0
MOC-R4PCC04U05:394350:394415 [2] NCCL INFO NET/IB: IbDev 0 Port 1 qpn 5943 set_ece={supported=1, vendor_id=0x15b3, options=0x0, comp_mask=0x0}
MOC-R4PCC04U05:394348:394416 [0] NCCL INFO New proxy send connection 9 from local rank 1, transport 0
MOC-R4PCC04U05:394351:394414 [3] NCCL INFO New proxy send connection 4 from local rank 0, transport 0
MOC-R4PCC04U05:394349:394425 [1] NCCL INFO Connected to proxy localRank 0 -> connection 0x7fe910005368
MOC-R4PCC04U05:394348:394426 [0] NCCL INFO Connected to proxy localRank 3 -> connection 0x7fc370005110
MOC-R4PCC04U05:394350:394415 [2] NCCL INFO New proxy send connection 12 from local rank 1, transport 0
MOC-R4PCC04U05:394349:394425 [1] NCCL INFO Connected to proxy localRank 2 -> connection 0x7f47680054d0
MOC-R4PCC04U05:394350:394415 [2] NCCL INFO NET/IB: NCCL Dev 1 IbDev 0 Port 1 qpn 5711 mtu 3 query_ece={supported=1, vendor_id=0x15b3, options=0x30000002, comp_mask=0x0} GID 3 (0/C132A8C0FFFF0000) fifoRkey=0x17ecab fifoLkey=0x17ecab
MOC-R4PCC04U05:394350:394415 [2] NCCL INFO NET/IB: NCCL Dev 1 IbDev 0 Port 1 qpn 5712 mtu 3 query_ece={supported=1, vendor_id=0x15b3, options=0x30000002, comp_mask=0x0} GID 3 (0/C132A8C0FFFF0000) fifoRkey=0x174705 fifoLkey=0x174705
MOC-R4PCC04U05:394349:394419 [1] NCCL INFO New proxy send connection 9 from local rank 0, transport 0
MOC-R4PCC04U05:394348:394426 [0] NCCL INFO Connected to proxy localRank 1 -> connection 0x7efafc005368
MOC-R4PCC04U05:394350:394415 [2] NCCL INFO NET/IB: IbDev 0 Port 1 qpn 5948 set_ece={supported=1, vendor_id=0x15b3, options=0x0, comp_mask=0x0}
MOC-R4PCC04U05:394350:394415 [2] NCCL INFO NET/IB: IbDev 0 Port 1 qpn 5950 set_ece={supported=1, vendor_id=0x15b3, options=0x0, comp_mask=0x0}
MOC-R4PCC04U05:394350:394415 [2] NCCL INFO New proxy send connection 13 from local rank 3, transport 0
MOC-R4PCC04U05:394351:394424 [3] NCCL INFO Connected to proxy localRank 2 -> connection 0x7f4768005548
MOC-R4PCC04U05:394350:394415 [2] NCCL INFO NET/IB: NCCL Dev 1 IbDev 0 Port 1 qpn 5713 mtu 3 query_ece={supported=1, vendor_id=0x15b3, options=0x30000002, comp_mask=0x0} GID 3 (0/C132A8C0FFFF0000) fifoRkey=0x17d190 fifoLkey=0x17d190
MOC-R4PCC04U05:394350:394415 [2] NCCL INFO NET/IB: IbDev 0 Port 1 qpn 5952 set_ece={supported=1, vendor_id=0x15b3, options=0x0, comp_mask=0x0}
num decayed parameter tensors: 50, with 124,318,464 parameters
num non-decayed parameter tensors: 98, with 121,344 parameters
using fused AdamW: False
using regular AdamW
MOC-R4PCC04U05:394348:394416 [0] NCCL INFO New proxy send connection 10 from local rank 0, transport 0
MOC-R4PCC04U05:394348:395116 [0] NCCL INFO Connected to proxy localRank 0 -> connection 0x7fe9100053e0
MOC-R4PCC04U05:394348:394416 [0] NCCL INFO New proxy send connection 11 from local rank 0, transport 0
MOC-R4PCC04U05:394348:395116 [0] NCCL INFO Connected to proxy localRank 0 -> connection 0x7fe910005458
MOC-R4PCC04U05:394348:394416 [0] NCCL INFO New proxy send connection 12 from local rank 0, transport 0
MOC-R4PCC04U05:394348:395116 [0] NCCL INFO Connected to proxy localRank 0 -> connection 0x7fe9100054d0
MOC-R4PCC04U05:394348:394416 [0] NCCL INFO New proxy send connection 13 from local rank 0, transport 0
MOC-R4PCC04U05:394348:395116 [0] NCCL INFO Connected to proxy localRank 0 -> connection 0x7fe910005548
MOC-R4PCC04U05:394349:394419 [1] NCCL INFO New proxy recv connection 10 from local rank 1, transport 0
MOC-R4PCC04U05:394349:395117 [1] NCCL INFO Connected to proxy localRank 1 -> connection 0x7efafc0053e0
MOC-R4PCC04U05:394349:394419 [1] NCCL INFO New proxy recv connection 11 from local rank 1, transport 0
MOC-R4PCC04U05:394349:395117 [1] NCCL INFO Connected to proxy localRank 1 -> connection 0x7efafc005458
MOC-R4PCC04U05:394349:394419 [1] NCCL INFO New proxy recv connection 12 from local rank 1, transport 0
MOC-R4PCC04U05:394349:395117 [1] NCCL INFO Connected to proxy localRank 1 -> connection 0x7efafc0054d0
MOC-R4PCC04U05:394349:394419 [1] NCCL INFO New proxy recv connection 13 from local rank 1, transport 0
MOC-R4PCC04U05:394349:395117 [1] NCCL INFO Connected to proxy localRank 1 -> connection 0x7efafc005548
MOC-R4PCC04U05:394348:394416 [0] NCCL INFO New proxy recv connection 14 from local rank 0, transport 0
MOC-R4PCC04U05:394348:395116 [0] NCCL INFO Connected to proxy localRank 0 -> connection 0x7fe9100055c0
MOC-R4PCC04U05:394348:394416 [0] NCCL INFO New proxy recv connection 15 from local rank 0, transport 0
MOC-R4PCC04U05:394348:395116 [0] NCCL INFO Connected to proxy localRank 0 -> connection 0x7fe910005638
MOC-R4PCC04U05:394348:394416 [0] NCCL INFO New proxy recv connection 16 from local rank 0, transport 0
MOC-R4PCC04U05:394348:395116 [0] NCCL INFO Connected to proxy localRank 0 -> connection 0x7fe9100056b0
MOC-R4PCC04U05:394348:394416 [0] NCCL INFO New proxy recv connection 17 from local rank 0, transport 0
MOC-R4PCC04U05:394348:395116 [0] NCCL INFO Connected to proxy localRank 0 -> connection 0x7fe910005728
MOC-R4PCC04U05:394351:394414 [3] NCCL INFO New proxy recv connection 5 from local rank 3, transport 0
MOC-R4PCC04U05:394351:395118 [3] NCCL INFO Connected to proxy localRank 3 -> connection 0x7fc370005188
MOC-R4PCC04U05:394351:394414 [3] NCCL INFO New proxy recv connection 6 from local rank 3, transport 0
MOC-R4PCC04U05:394351:395118 [3] NCCL INFO Connected to proxy localRank 3 -> connection 0x7fc370005200
MOC-R4PCC04U05:394351:394414 [3] NCCL INFO New proxy recv connection 7 from local rank 3, transport 0
MOC-R4PCC04U05:394351:395118 [3] NCCL INFO Connected to proxy localRank 3 -> connection 0x7fc370005278
MOC-R4PCC04U05:394351:394414 [3] NCCL INFO New proxy recv connection 8 from local rank 3, transport 0
MOC-R4PCC04U05:394351:395118 [3] NCCL INFO Connected to proxy localRank 3 -> connection 0x7fc3700052f0
MOC-R4PCC04U05:394350:394415 [2] NCCL INFO New proxy send connection 14 from local rank 2, transport 0
MOC-R4PCC04U05:394350:395119 [2] NCCL INFO Connected to proxy localRank 2 -> connection 0x7f47680055c0
MOC-R4PCC04U05:394350:394415 [2] NCCL INFO New proxy send connection 15 from local rank 2, transport 0
MOC-R4PCC04U05:394350:395119 [2] NCCL INFO Connected to proxy localRank 2 -> connection 0x7f4768005638
MOC-R4PCC04U05:394350:394415 [2] NCCL INFO New proxy send connection 16 from local rank 2, transport 0
MOC-R4PCC04U05:394350:395119 [2] NCCL INFO Connected to proxy localRank 2 -> connection 0x7f47680056b0
MOC-R4PCC04U05:394350:394415 [2] NCCL INFO New proxy send connection 17 from local rank 2, transport 0
MOC-R4PCC04U05:394350:395119 [2] NCCL INFO Connected to proxy localRank 2 -> connection 0x7f4768005728
MOC-R4PCC04U05:394350:395119 [2] NCCL INFO GPU Direct RDMA Enabled for GPU 2 / HCA 1 (distance 5 <= 5), read 0 mode Default
MOC-R4PCC04U05:394350:394415 [2] NCCL INFO New proxy recv connection 18 from local rank 2, transport 2
MOC-R4PCC04U05:394350:395119 [2] NCCL INFO Connected to proxy localRank 2 -> connection 0x7f47680057a0
MOC-R4PCC04U05:394350:395119 [2] NCCL INFO Channel 00/0 : 6[2] -> 2[2] [receive] via NET/IB/1/GDRDMA
MOC-R4PCC04U05:394350:395119 [2] NCCL INFO GPU Direct RDMA Enabled for GPU 2 / HCA 1 (distance 5 <= 5), read 0 mode Default
MOC-R4PCC04U05:394351:394414 [3] NCCL INFO New proxy send connection 9 from local rank 3, transport 0
MOC-R4PCC04U05:394350:394415 [2] NCCL INFO New proxy recv connection 19 from local rank 2, transport 2
MOC-R4PCC04U05:394350:395119 [2] NCCL INFO Connected to proxy localRank 2 -> connection 0x7f4768005818
MOC-R4PCC04U05:394351:395118 [3] NCCL INFO Connected to proxy localRank 3 -> connection 0x7fc370005368
MOC-R4PCC04U05:394350:395119 [2] NCCL INFO Channel 01/0 : 6[2] -> 2[2] [receive] via NET/IB/1/GDRDMA
MOC-R4PCC04U05:394350:395119 [2] NCCL INFO GPU Direct RDMA Enabled for GPU 2 / HCA 1 (distance 5 <= 5), read 0 mode Default
MOC-R4PCC04U05:394350:394415 [2] NCCL INFO New proxy recv connection 20 from local rank 2, transport 2
MOC-R4PCC04U05:394350:395119 [2] NCCL INFO Connected to proxy localRank 2 -> connection 0x7f4768005890
MOC-R4PCC04U05:394350:395119 [2] NCCL INFO Channel 02/0 : 6[2] -> 2[2] [receive] via NET/IB/1/GDRDMA
MOC-R4PCC04U05:394350:395119 [2] NCCL INFO GPU Direct RDMA Enabled for GPU 2 / HCA 1 (distance 5 <= 5), read 0 mode Default
MOC-R4PCC04U05:394350:394415 [2] NCCL INFO New proxy recv connection 21 from local rank 2, transport 2
MOC-R4PCC04U05:394350:395119 [2] NCCL INFO Connected to proxy localRank 2 -> connection 0x7f4768005908
MOC-R4PCC04U05:394350:395119 [2] NCCL INFO Channel 03/0 : 6[2] -> 2[2] [receive] via NET/IB/1/GDRDMA
MOC-R4PCC04U05:394350:395119 [2] NCCL INFO GPU Direct RDMA Enabled for GPU 2 / HCA 1 (distance 5 <= 5), read 1 mode Default
MOC-R4PCC04U05:394350:394415 [2] NCCL INFO New proxy send connection 22 from local rank 2, transport 2
MOC-R4PCC04U05:394351:394414 [3] NCCL INFO New proxy send connection 10 from local rank 3, transport 0
MOC-R4PCC04U05:394350:395119 [2] NCCL INFO Connected to proxy localRank 2 -> connection 0x7f4768005980
MOC-R4PCC04U05:394351:395118 [3] NCCL INFO Connected to proxy localRank 3 -> connection 0x7fc3700053e0
MOC-R4PCC04U05:394350:395119 [2] NCCL INFO Channel 00/0 : 2[2] -> 6[2] [send] via NET/IB/1/GDRDMA
MOC-R4PCC04U05:394350:395119 [2] NCCL INFO GPU Direct RDMA Enabled for GPU 2 / HCA 1 (distance 5 <= 5), read 1 mode Default
MOC-R4PCC04U05:394350:394415 [2] NCCL INFO New proxy send connection 23 from local rank 2, transport 2
MOC-R4PCC04U05:394350:395119 [2] NCCL INFO Connected to proxy localRank 2 -> connection 0x7f47680059f8
MOC-R4PCC04U05:394350:395119 [2] NCCL INFO Channel 01/0 : 2[2] -> 6[2] [send] via NET/IB/1/GDRDMA
MOC-R4PCC04U05:394350:395119 [2] NCCL INFO GPU Direct RDMA Enabled for GPU 2 / HCA 1 (distance 5 <= 5), read 1 mode Default
MOC-R4PCC04U05:394350:394415 [2] NCCL INFO New proxy send connection 24 from local rank 2, transport 2
MOC-R4PCC04U05:394350:395119 [2] NCCL INFO Connected to proxy localRank 2 -> connection 0x7f4768005a70
MOC-R4PCC04U05:394351:394414 [3] NCCL INFO New proxy send connection 11 from local rank 3, transport 0
MOC-R4PCC04U05:394351:395118 [3] NCCL INFO Connected to proxy localRank 3 -> connection 0x7fc370005458
MOC-R4PCC04U05:394350:395119 [2] NCCL INFO Channel 02/0 : 2[2] -> 6[2] [send] via NET/IB/1/GDRDMA
MOC-R4PCC04U05:394350:395119 [2] NCCL INFO GPU Direct RDMA Enabled for GPU 2 / HCA 1 (distance 5 <= 5), read 1 mode Default
MOC-R4PCC04U05:394350:394415 [2] NCCL INFO New proxy send connection 25 from local rank 2, transport 2
MOC-R4PCC04U05:394350:395119 [2] NCCL INFO Connected to proxy localRank 2 -> connection 0x7f4768005ae8
MOC-R4PCC04U05:394350:395119 [2] NCCL INFO Channel 03/0 : 2[2] -> 6[2] [send] via NET/IB/1/GDRDMA
MOC-R4PCC04U05:394351:394414 [3] NCCL INFO New proxy send connection 12 from local rank 3, transport 0
MOC-R4PCC04U05:394351:395118 [3] NCCL INFO Connected to proxy localRank 3 -> connection 0x7fc3700054d0
MOC-R4PCC04U05:394350:394415 [2] NCCL INFO New proxy recv connection 26 from local rank 2, transport 0
MOC-R4PCC04U05:394350:395119 [2] NCCL INFO Connected to proxy localRank 2 -> connection 0x7f4768005b60
MOC-R4PCC04U05:394351:394414 [3] NCCL INFO New proxy send connection 13 from local rank 3, transport 0
MOC-R4PCC04U05:394350:394415 [2] NCCL INFO New proxy recv connection 27 from local rank 2, transport 0
MOC-R4PCC04U05:394351:395118 [3] NCCL INFO Connected to proxy localRank 3 -> connection 0x7fc370005548
MOC-R4PCC04U05:394350:395119 [2] NCCL INFO Connected to proxy localRank 2 -> connection 0x7f4768005bd8
MOC-R4PCC04U05:394351:394414 [3] NCCL INFO New proxy send connection 14 from local rank 3, transport 0
MOC-R4PCC04U05:394351:395118 [3] NCCL INFO Connected to proxy localRank 3 -> connection 0x7fc3700055c0
MOC-R4PCC04U05:394350:394415 [2] NCCL INFO New proxy recv connection 28 from local rank 2, transport 0
MOC-R4PCC04U05:394350:395119 [2] NCCL INFO Connected to proxy localRank 2 -> connection 0x7f4768005c50
MOC-R4PCC04U05:394351:394414 [3] NCCL INFO New proxy send connection 15 from local rank 3, transport 0
MOC-R4PCC04U05:394351:395118 [3] NCCL INFO Connected to proxy localRank 3 -> connection 0x7fc370005638
MOC-R4PCC04U05:394350:394415 [2] NCCL INFO New proxy recv connection 29 from local rank 2, transport 0
MOC-R4PCC04U05:394350:395119 [2] NCCL INFO Connected to proxy localRank 2 -> connection 0x7f4768005cc8
MOC-R4PCC04U05:394351:394414 [3] NCCL INFO New proxy send connection 16 from local rank 3, transport 0
MOC-R4PCC04U05:394351:395118 [3] NCCL INFO Connected to proxy localRank 3 -> connection 0x7fc3700056b0
MOC-R4PCC04U05:394351:394414 [3] NCCL INFO New proxy send connection 17 from local rank 2, transport 0
MOC-R4PCC04U05:394350:395119 [2] NCCL INFO Connected to proxy localRank 3 -> connection 0x7fc370005728
MOC-R4PCC04U05:394350:394415 [2] NCCL INFO NET/IB: NCCL Dev 1 IbDev 0 Port 1 qpn 5714 mtu 3 query_ece={supported=1, vendor_id=0x15b3, options=0x30000002, comp_mask=0x0} GID 3 (0/C132A8C0FFFF0000) fifoRkey=0x17e2a1 fifoLkey=0x17e2a1
MOC-R4PCC04U05:394350:394415 [2] NCCL INFO NET/IB: IbDev 0 Port 1 qpn 5955 set_ece={supported=1, vendor_id=0x15b3, options=0x0, comp_mask=0x0}
MOC-R4PCC04U05:394350:394415 [2] NCCL INFO NET/IB: NCCL Dev 1 IbDev 0 Port 1 qpn 5717 mtu 3 query_ece={supported=1, vendor_id=0x15b3, options=0x30000002, comp_mask=0x0} GID 3 (0/C132A8C0FFFF0000) fifoRkey=0x17f9b8 fifoLkey=0x17f9b8
MOC-R4PCC04U05:394350:394415 [2] NCCL INFO NET/IB: IbDev 0 Port 1 qpn 5957 set_ece={supported=1, vendor_id=0x15b3, options=0x0, comp_mask=0x0}
MOC-R4PCC04U05:394350:394415 [2] NCCL INFO NET/IB: NCCL Dev 1 IbDev 0 Port 1 qpn 5718 mtu 3 query_ece={supported=1, vendor_id=0x15b3, options=0x30000002, comp_mask=0x0} GID 3 (0/C132A8C0FFFF0000) fifoRkey=0x1722e1 fifoLkey=0x1722e1
MOC-R4PCC04U05:394350:394415 [2] NCCL INFO NET/IB: NCCL Dev 1 IbDev 0 Port 1 qpn 5721 mtu 3 query_ece={supported=1, vendor_id=0x15b3, options=0x30000002, comp_mask=0x0} GID 3 (0/C132A8C0FFFF0000) fifoRkey=0x17a767 fifoLkey=0x17a767
MOC-R4PCC04U05:394350:394415 [2] NCCL INFO NET/IB: IbDev 0 Port 1 qpn 5962 set_ece={supported=1, vendor_id=0x15b3, options=0x0, comp_mask=0x0}
MOC-R4PCC04U05:394350:394415 [2] NCCL INFO NET/IB: IbDev 0 Port 1 qpn 5964 set_ece={supported=1, vendor_id=0x15b3, options=0x0, comp_mask=0x0}
step    1/10 | train loss 11.010590 | norm 15.5178 | lr 1.00e-04 | (13400.96 ms | 58685 tok/s)
step    2/10 | train loss 10.133060 | norm 5.7704 | lr 1.00e-04 | (342.23 ms | 2297996 tok/s)
step    3/10 | train loss 9.789808 | norm 2.6245 | lr 1.00e-04 | (372.09 ms | 2113562 tok/s)
step    4/10 | train loss 9.619398 | norm 2.1221 | lr 1.00e-04 | (284.75 ms | 2761843 tok/s)
step    5/10 | train loss 9.536016 | norm 2.1102 | lr 1.00e-04 | (334.05 ms | 2354263 tok/s)
step    6/10 | train loss 9.454278 | norm 2.0041 | lr 1.00e-04 | (378.23 ms | 2079259 tok/s)
step    7/10 | train loss 9.368483 | norm 1.9533 | lr 1.00e-04 | (293.67 ms | 2677941 tok/s)
step    8/10 | train loss 9.276953 | norm 1.9199 | lr 1.00e-04 | (317.56 ms | 2476487 tok/s)
step    9/10 | train loss 9.181936 | norm 1.8692 | lr 1.00e-04 | (295.70 ms | 2659590 tok/s)
step   10/10 | train loss 9.094177 | norm 1.7928 | lr 1.00e-04 | (340.30 ms | 2311030 tok/s)
final 9 iters avg: 328.729ms
peak memory consumption: 16601 MiB
