Running pytorch 2.7.0+cu126
using device: cuda:0
total desired batch size: 2359296
=> calculated gradient accumulation steps: 6
using device: cuda:2
using device: cuda:3
using device: cuda:1
compiling the model...
DataLoader: total number of tokens: 1,661,249,667 across 103 files
MOC-R4PCC04U05:553810:553810 [0] NCCL INFO NCCL_SOCKET_IFNAME set to eno7np0
MOC-R4PCC04U05:553810:553810 [0] NCCL INFO NCCL version 2.26.2+cuda12.2
MOC-R4PCC04U05:553810:553914 [0] NCCL INFO NET/Plugin: Could not find: libnccl-net.so. Using internal net plugin.
MOC-R4PCC04U05:553810:553914 [0] NCCL INFO NCCL_IB_HCA set to mlx5_5
MOC-R4PCC04U05:553810:553914 [0] NCCL INFO NET/IB : Made virtual device [0] name=mlx5_5 speed=400000 ndevs=1
MOC-R4PCC04U05:553810:553914 [0] NCCL INFO NET/IB : Using [0]mlx5_5:1/RoCE [RO]; OOB eno7np0:192.168.50.193<0>
MOC-R4PCC04U05:553813:553813 [3] NCCL INFO NCCL_SOCKET_IFNAME set to eno7np0
MOC-R4PCC04U05:553813:553813 [3] NCCL INFO NCCL version 2.26.2+cuda12.2
MOC-R4PCC04U05:553812:553812 [2] NCCL INFO NCCL_SOCKET_IFNAME set to eno7np0
MOC-R4PCC04U05:553812:553812 [2] NCCL INFO NCCL version 2.26.2+cuda12.2
MOC-R4PCC04U05:553811:553811 [1] NCCL INFO NCCL_SOCKET_IFNAME set to eno7np0
MOC-R4PCC04U05:553811:553811 [1] NCCL INFO NCCL version 2.26.2+cuda12.2
MOC-R4PCC04U05:553813:553937 [3] NCCL INFO NET/Plugin: Could not find: libnccl-net.so. Using internal net plugin.
MOC-R4PCC04U05:553813:553937 [3] NCCL INFO NCCL_IB_HCA set to mlx5_5
MOC-R4PCC04U05:553812:553938 [2] NCCL INFO NET/Plugin: Could not find: libnccl-net.so. Using internal net plugin.
MOC-R4PCC04U05:553812:553938 [2] NCCL INFO NCCL_IB_HCA set to mlx5_5
MOC-R4PCC04U05:553811:553939 [1] NCCL INFO NET/Plugin: Could not find: libnccl-net.so. Using internal net plugin.
MOC-R4PCC04U05:553811:553939 [1] NCCL INFO NCCL_IB_HCA set to mlx5_5
MOC-R4PCC04U05:553813:553937 [3] NCCL INFO NET/IB : Made virtual device [0] name=mlx5_5 speed=400000 ndevs=1
MOC-R4PCC04U05:553813:553937 [3] NCCL INFO NET/IB : Using [0]mlx5_5:1/RoCE [RO]; OOB eno7np0:192.168.50.193<0>
MOC-R4PCC04U05:553811:553939 [1] NCCL INFO NET/IB : Made virtual device [0] name=mlx5_5 speed=400000 ndevs=1
MOC-R4PCC04U05:553811:553939 [1] NCCL INFO NET/IB : Using [0]mlx5_5:1/RoCE [RO]; OOB eno7np0:192.168.50.193<0>
MOC-R4PCC04U05:553812:553938 [2] NCCL INFO NET/IB : Made virtual device [0] name=mlx5_5 speed=400000 ndevs=1
MOC-R4PCC04U05:553812:553938 [2] NCCL INFO NET/IB : Using [0]mlx5_5:1/RoCE [RO]; OOB eno7np0:192.168.50.193<0>
MOC-R4PCC04U05:553810:553914 [0] NCCL INFO NET/IB : GPU Direct RDMA Enabled for HCA 0 'mlx5_5'
MOC-R4PCC04U05:553810:553914 [0] NCCL INFO NET/IB : Made virtual device [1] name=mlx5_5 speed=400000 ndevs=1
MOC-R4PCC04U05:553810:553914 [0] NCCL INFO NET/IB : GPU Direct RDMA Enabled for HCA 0 'mlx5_5'
MOC-R4PCC04U05:553810:553914 [0] NCCL INFO NET/IB : GPU Direct RDMA Enabled for HCA 1 'mlx5_5'
MOC-R4PCC04U05:553811:553939 [1] NCCL INFO NET/IB : GPU Direct RDMA Enabled for HCA 0 'mlx5_5'
MOC-R4PCC04U05:553811:553939 [1] NCCL INFO NET/IB : Made virtual device [1] name=mlx5_5 speed=400000 ndevs=1
MOC-R4PCC04U05:553811:553939 [1] NCCL INFO NET/IB : GPU Direct RDMA Enabled for HCA 0 'mlx5_5'
MOC-R4PCC04U05:553811:553939 [1] NCCL INFO NET/IB : GPU Direct RDMA Enabled for HCA 1 'mlx5_5'
MOC-R4PCC04U05:553812:553938 [2] NCCL INFO NET/IB : GPU Direct RDMA Enabled for HCA 0 'mlx5_5'
MOC-R4PCC04U05:553812:553938 [2] NCCL INFO NET/IB : Made virtual device [1] name=mlx5_5 speed=400000 ndevs=1
MOC-R4PCC04U05:553812:553938 [2] NCCL INFO NET/IB : GPU Direct RDMA Enabled for HCA 0 'mlx5_5'
MOC-R4PCC04U05:553812:553938 [2] NCCL INFO NET/IB : GPU Direct RDMA Enabled for HCA 1 'mlx5_5'
MOC-R4PCC04U05:553813:553937 [3] NCCL INFO NET/IB : GPU Direct RDMA Enabled for HCA 0 'mlx5_5'
MOC-R4PCC04U05:553813:553937 [3] NCCL INFO NET/IB : Made virtual device [1] name=mlx5_5 speed=400000 ndevs=1
MOC-R4PCC04U05:553813:553937 [3] NCCL INFO NET/IB : GPU Direct RDMA Enabled for HCA 0 'mlx5_5'
MOC-R4PCC04U05:553813:553937 [3] NCCL INFO NET/IB : GPU Direct RDMA Enabled for HCA 1 'mlx5_5'
MOC-R4PCC04U05:553810:553914 [0] NCCL INFO NCCL_NET_GDR_LEVEL set by environment to LOC
MOC-R4PCC04U05:553810:553914 [0] NCCL INFO GPU Direct RDMA Disabled for GPU 0 / HCA 1 (distance 5 > 0)
MOC-R4PCC04U05:553810:553914 [0] NCCL INFO GPU Direct RDMA Disabled for GPU 1 / HCA 1 (distance 5 > 0)
MOC-R4PCC04U05:553810:553914 [0] NCCL INFO GPU Direct RDMA Disabled for GPU 2 / HCA 1 (distance 5 > 0)
MOC-R4PCC04U05:553810:553914 [0] NCCL INFO GPU Direct RDMA Disabled for GPU 0 / HCA 1 (distance 5 > 0)
MOC-R4PCC04U05:553810:553914 [0] NCCL INFO GPU Direct RDMA Disabled for GPU 1 / HCA 1 (distance 5 > 0)
MOC-R4PCC04U05:553810:553914 [0] NCCL INFO GPU Direct RDMA Disabled for GPU 2 / HCA 1 (distance 5 > 0)
MOC-R4PCC04U05:553813:553937 [3] NCCL INFO NCCL_NET_GDR_LEVEL set by environment to LOC
MOC-R4PCC04U05:553813:553937 [3] NCCL INFO GPU Direct RDMA Disabled for GPU 0 / HCA 1 (distance 5 > 0)
MOC-R4PCC04U05:553812:553938 [2] NCCL INFO NCCL_NET_GDR_LEVEL set by environment to LOC
MOC-R4PCC04U05:553811:553939 [1] NCCL INFO NCCL_NET_GDR_LEVEL set by environment to LOC
MOC-R4PCC04U05:553813:553937 [3] NCCL INFO GPU Direct RDMA Disabled for GPU 1 / HCA 1 (distance 5 > 0)
MOC-R4PCC04U05:553811:553939 [1] NCCL INFO GPU Direct RDMA Disabled for GPU 0 / HCA 1 (distance 5 > 0)
MOC-R4PCC04U05:553812:553938 [2] NCCL INFO GPU Direct RDMA Disabled for GPU 0 / HCA 1 (distance 5 > 0)
MOC-R4PCC04U05:553811:553939 [1] NCCL INFO GPU Direct RDMA Disabled for GPU 1 / HCA 1 (distance 5 > 0)
MOC-R4PCC04U05:553813:553937 [3] NCCL INFO GPU Direct RDMA Disabled for GPU 2 / HCA 1 (distance 5 > 0)
MOC-R4PCC04U05:553812:553938 [2] NCCL INFO GPU Direct RDMA Disabled for GPU 1 / HCA 1 (distance 5 > 0)
MOC-R4PCC04U05:553811:553939 [1] NCCL INFO GPU Direct RDMA Disabled for GPU 2 / HCA 1 (distance 5 > 0)
MOC-R4PCC04U05:553812:553938 [2] NCCL INFO GPU Direct RDMA Disabled for GPU 2 / HCA 1 (distance 5 > 0)
MOC-R4PCC04U05:553813:553937 [3] NCCL INFO GPU Direct RDMA Disabled for GPU 0 / HCA 1 (distance 5 > 0)
MOC-R4PCC04U05:553811:553939 [1] NCCL INFO GPU Direct RDMA Disabled for GPU 0 / HCA 1 (distance 5 > 0)
MOC-R4PCC04U05:553813:553937 [3] NCCL INFO GPU Direct RDMA Disabled for GPU 1 / HCA 1 (distance 5 > 0)
MOC-R4PCC04U05:553812:553938 [2] NCCL INFO GPU Direct RDMA Disabled for GPU 0 / HCA 1 (distance 5 > 0)
MOC-R4PCC04U05:553811:553939 [1] NCCL INFO GPU Direct RDMA Disabled for GPU 1 / HCA 1 (distance 5 > 0)
MOC-R4PCC04U05:553813:553937 [3] NCCL INFO GPU Direct RDMA Disabled for GPU 2 / HCA 1 (distance 5 > 0)
MOC-R4PCC04U05:553812:553938 [2] NCCL INFO GPU Direct RDMA Disabled for GPU 1 / HCA 1 (distance 5 > 0)
MOC-R4PCC04U05:553811:553939 [1] NCCL INFO GPU Direct RDMA Disabled for GPU 2 / HCA 1 (distance 5 > 0)
MOC-R4PCC04U05:553812:553938 [2] NCCL INFO GPU Direct RDMA Disabled for GPU 2 / HCA 1 (distance 5 > 0)
MOC-R4PCC04U05:553810:553955 [0] NCCL INFO New proxy send connection 0 from local rank 0, transport 0
MOC-R4PCC04U05:553810:553959 [0] NCCL INFO Connected to proxy localRank 0 -> connection 0x7f9450004f30
MOC-R4PCC04U05:553810:553955 [0] NCCL INFO New proxy send connection 1 from local rank 0, transport 0
MOC-R4PCC04U05:553810:553959 [0] NCCL INFO Connected to proxy localRank 0 -> connection 0x7f9450004fa8
MOC-R4PCC04U05:553813:553952 [3] NCCL INFO New proxy recv connection 0 from local rank 3, transport 0
MOC-R4PCC04U05:553813:553961 [3] NCCL INFO Connected to proxy localRank 3 -> connection 0x7fbbd0004f30
MOC-R4PCC04U05:553812:553953 [2] NCCL INFO New proxy recv connection 0 from local rank 2, transport 0
MOC-R4PCC04U05:553812:553960 [2] NCCL INFO Connected to proxy localRank 2 -> connection 0x7f9570004f30
MOC-R4PCC04U05:553812:553953 [2] NCCL INFO New proxy recv connection 1 from local rank 2, transport 0
MOC-R4PCC04U05:553812:553960 [2] NCCL INFO Connected to proxy localRank 2 -> connection 0x7f9570004fa8
MOC-R4PCC04U05:553813:553952 [3] NCCL INFO New proxy recv connection 1 from local rank 3, transport 0
MOC-R4PCC04U05:553813:553961 [3] NCCL INFO Connected to proxy localRank 3 -> connection 0x7fbbd0004fa8
MOC-R4PCC04U05:553813:553961 [3] NCCL INFO GPU Direct RDMA Disabled for GPU 3 / HCA 1 (distance 7 > 0)
MOC-R4PCC04U05:553812:553960 [2] NCCL INFO GPU Direct RDMA Disabled for GPU 2 / HCA 1 (distance 7 > 0)
MOC-R4PCC04U05:553810:553955 [0] NCCL INFO New proxy send connection 2 from local rank 0, transport 0
MOC-R4PCC04U05:553810:553959 [0] NCCL INFO Connected to proxy localRank 0 -> connection 0x7f9450005020
MOC-R4PCC04U05:553810:553955 [0] NCCL INFO New proxy send connection 3 from local rank 0, transport 0
MOC-R4PCC04U05:553810:553959 [0] NCCL INFO Connected to proxy localRank 0 -> connection 0x7f9450005098
MOC-R4PCC04U05:553811:553951 [1] NCCL INFO New proxy recv connection 0 from local rank 1, transport 0
MOC-R4PCC04U05:553811:553962 [1] NCCL INFO Connected to proxy localRank 1 -> connection 0x7fb26c004f30
MOC-R4PCC04U05:553811:553951 [1] NCCL INFO New proxy recv connection 1 from local rank 1, transport 0
MOC-R4PCC04U05:553811:553962 [1] NCCL INFO Connected to proxy localRank 1 -> connection 0x7fb26c004fa8
MOC-R4PCC04U05:553812:553953 [2] NCCL INFO New proxy recv connection 2 from local rank 2, transport 2
MOC-R4PCC04U05:553812:553960 [2] NCCL INFO Connected to proxy localRank 2 -> connection 0x7f9570005020
MOC-R4PCC04U05:553813:553952 [3] NCCL INFO New proxy send connection 2 from local rank 3, transport 2
MOC-R4PCC04U05:553812:553960 [2] NCCL INFO Channel 00/0 : 11[3] -> 2[2] [receive] via NET/IB/1
MOC-R4PCC04U05:553812:553960 [2] NCCL INFO GPU Direct RDMA Disabled for GPU 2 / HCA 1 (distance 7 > 0)
MOC-R4PCC04U05:553812:553953 [2] NCCL INFO New proxy recv connection 3 from local rank 2, transport 2
MOC-R4PCC04U05:553812:553960 [2] NCCL INFO Connected to proxy localRank 2 -> connection 0x7f9570005098
MOC-R4PCC04U05:553813:553961 [3] NCCL INFO Connected to proxy localRank 3 -> connection 0x7fbbd0005020
MOC-R4PCC04U05:553812:553960 [2] NCCL INFO Channel 02/0 : 11[3] -> 2[2] [receive] via NET/IB/1
MOC-R4PCC04U05:553813:553961 [3] NCCL INFO Channel 00/0 : 3[3] -> 6[2] [send] via NET/IB/1
MOC-R4PCC04U05:553813:553961 [3] NCCL INFO GPU Direct RDMA Disabled for GPU 3 / HCA 1 (distance 7 > 0)
MOC-R4PCC04U05:553813:553952 [3] NCCL INFO New proxy send connection 3 from local rank 3, transport 2
MOC-R4PCC04U05:553813:553961 [3] NCCL INFO Connected to proxy localRank 3 -> connection 0x7fbbd0005098
MOC-R4PCC04U05:553813:553961 [3] NCCL INFO Channel 02/0 : 3[3] -> 6[2] [send] via NET/IB/1
MOC-R4PCC04U05:553810:553955 [0] NCCL INFO New proxy recv connection 4 from local rank 0, transport 0
MOC-R4PCC04U05:553810:553959 [0] NCCL INFO Connected to proxy localRank 0 -> connection 0x7f9450005110
MOC-R4PCC04U05:553813:553961 [3] NCCL INFO GPU Direct RDMA Disabled for GPU 3 / HCA 1 (distance 7 > 0)
MOC-R4PCC04U05:553813:553952 [3] NCCL INFO New proxy recv connection 4 from local rank 3, transport 2
MOC-R4PCC04U05:553813:553961 [3] NCCL INFO Connected to proxy localRank 3 -> connection 0x7fbbd0005110
MOC-R4PCC04U05:553813:553961 [3] NCCL INFO Channel 01/0 : 10[2] -> 3[3] [receive] via NET/IB/1
MOC-R4PCC04U05:553813:553961 [3] NCCL INFO GPU Direct RDMA Disabled for GPU 3 / HCA 1 (distance 7 > 0)
MOC-R4PCC04U05:553813:553952 [3] NCCL INFO New proxy recv connection 5 from local rank 3, transport 2
MOC-R4PCC04U05:553813:553961 [3] NCCL INFO Connected to proxy localRank 3 -> connection 0x7fbbd0005188
MOC-R4PCC04U05:553813:553961 [3] NCCL INFO Channel 03/0 : 10[2] -> 3[3] [receive] via NET/IB/1
MOC-R4PCC04U05:553810:553955 [0] NCCL INFO New proxy recv connection 5 from local rank 0, transport 0
MOC-R4PCC04U05:553810:553959 [0] NCCL INFO Connected to proxy localRank 0 -> connection 0x7f9450005188
MOC-R4PCC04U05:553810:553955 [0] NCCL INFO New proxy recv connection 6 from local rank 0, transport 0
MOC-R4PCC04U05:553810:553959 [0] NCCL INFO Connected to proxy localRank 0 -> connection 0x7f9450005200
MOC-R4PCC04U05:553810:553955 [0] NCCL INFO New proxy recv connection 7 from local rank 0, transport 0
MOC-R4PCC04U05:553810:553959 [0] NCCL INFO Connected to proxy localRank 0 -> connection 0x7f9450005278
MOC-R4PCC04U05:553812:553960 [2] NCCL INFO GPU Direct RDMA Disabled for GPU 2 / HCA 1 (distance 7 > 0)
MOC-R4PCC04U05:553812:553953 [2] NCCL INFO New proxy send connection 4 from local rank 2, transport 2
MOC-R4PCC04U05:553812:553960 [2] NCCL INFO Connected to proxy localRank 2 -> connection 0x7f9570005110
MOC-R4PCC04U05:553812:553960 [2] NCCL INFO Channel 01/0 : 2[2] -> 7[3] [send] via NET/IB/1
MOC-R4PCC04U05:553812:553960 [2] NCCL INFO GPU Direct RDMA Disabled for GPU 2 / HCA 1 (distance 7 > 0)
MOC-R4PCC04U05:553812:553953 [2] NCCL INFO New proxy send connection 5 from local rank 2, transport 2
MOC-R4PCC04U05:553812:553960 [2] NCCL INFO Connected to proxy localRank 2 -> connection 0x7f9570005188
MOC-R4PCC04U05:553812:553960 [2] NCCL INFO Channel 03/0 : 2[2] -> 7[3] [send] via NET/IB/1
MOC-R4PCC04U05:553813:553952 [3] NCCL INFO New proxy send connection 6 from local rank 3, transport 0
MOC-R4PCC04U05:553813:553961 [3] NCCL INFO Connected to proxy localRank 3 -> connection 0x7fbbd0005200
MOC-R4PCC04U05:553812:553953 [2] NCCL INFO New proxy send connection 6 from local rank 2, transport 0
MOC-R4PCC04U05:553812:553960 [2] NCCL INFO Connected to proxy localRank 2 -> connection 0x7f9570005200
MOC-R4PCC04U05:553813:553952 [3] NCCL INFO New proxy send connection 7 from local rank 3, transport 0
MOC-R4PCC04U05:553813:553961 [3] NCCL INFO Connected to proxy localRank 3 -> connection 0x7fbbd0005278
MOC-R4PCC04U05:553812:553953 [2] NCCL INFO New proxy send connection 7 from local rank 2, transport 0
MOC-R4PCC04U05:553812:553960 [2] NCCL INFO Connected to proxy localRank 2 -> connection 0x7f9570005278
MOC-R4PCC04U05:553811:553951 [1] NCCL INFO New proxy recv connection 2 from local rank 1, transport 0
MOC-R4PCC04U05:553811:553962 [1] NCCL INFO Connected to proxy localRank 1 -> connection 0x7fb26c005020
MOC-R4PCC04U05:553810:553955 [0] NCCL INFO New proxy send connection 8 from local rank 3, transport 0
MOC-R4PCC04U05:553813:553961 [3] NCCL INFO Connected to proxy localRank 0 -> connection 0x7f94500052f0
MOC-R4PCC04U05:553811:553951 [1] NCCL INFO New proxy recv connection 3 from local rank 1, transport 0
MOC-R4PCC04U05:553811:553962 [1] NCCL INFO Connected to proxy localRank 1 -> connection 0x7fb26c005098
MOC-R4PCC04U05:553811:553951 [1] NCCL INFO New proxy send connection 4 from local rank 1, transport 0
MOC-R4PCC04U05:553811:553962 [1] NCCL INFO Connected to proxy localRank 1 -> connection 0x7fb26c005110
MOC-R4PCC04U05:553811:553951 [1] NCCL INFO New proxy send connection 5 from local rank 1, transport 0
MOC-R4PCC04U05:553811:553962 [1] NCCL INFO Connected to proxy localRank 1 -> connection 0x7fb26c005188
MOC-R4PCC04U05:553811:553951 [1] NCCL INFO New proxy send connection 6 from local rank 1, transport 0
MOC-R4PCC04U05:553811:553962 [1] NCCL INFO Connected to proxy localRank 1 -> connection 0x7fb26c005200
MOC-R4PCC04U05:553811:553951 [1] NCCL INFO New proxy send connection 7 from local rank 1, transport 0
MOC-R4PCC04U05:553811:553962 [1] NCCL INFO Connected to proxy localRank 1 -> connection 0x7fb26c005278
MOC-R4PCC04U05:553810:553955 [0] NCCL INFO New proxy send connection 9 from local rank 2, transport 0
MOC-R4PCC04U05:553812:553960 [2] NCCL INFO Connected to proxy localRank 0 -> connection 0x7f9450005368
MOC-R4PCC04U05:553813:553952 [3] NCCL INFO New proxy send connection 8 from local rank 1, transport 0
MOC-R4PCC04U05:553812:553953 [2] NCCL INFO New proxy send connection 8 from local rank 0, transport 0
MOC-R4PCC04U05:553811:553962 [1] NCCL INFO Connected to proxy localRank 3 -> connection 0x7fbbd00052f0
MOC-R4PCC04U05:553810:553959 [0] NCCL INFO Connected to proxy localRank 2 -> connection 0x7f95700052f0
MOC-R4PCC04U05:553811:553951 [1] NCCL INFO New proxy send connection 8 from local rank 3, transport 0
MOC-R4PCC04U05:553813:553961 [3] NCCL INFO Connected to proxy localRank 1 -> connection 0x7fb26c0052f0
MOC-R4PCC04U05:553811:553951 [1] NCCL INFO New proxy send connection 9 from local rank 2, transport 0
MOC-R4PCC04U05:553812:553960 [2] NCCL INFO Connected to proxy localRank 1 -> connection 0x7fb26c005368
MOC-R4PCC04U05:553812:553953 [2] NCCL INFO NET/IB: NCCL Dev 1 IbDev 0 Port 1 qpn 8706 mtu 3 query_ece={supported=1, vendor_id=0x15b3, options=0x30000002, comp_mask=0x0} GID 3 (0/C132A8C0FFFF0000) fifoRkey=0x17e1a0 fifoLkey=0x17e1a0
MOC-R4PCC04U05:553812:553953 [2] NCCL INFO NET/IB: NCCL Dev 1 IbDev 0 Port 1 qpn 8707 mtu 3 query_ece={supported=1, vendor_id=0x15b3, options=0x30000002, comp_mask=0x0} GID 3 (0/C132A8C0FFFF0000) fifoRkey=0x176c2b fifoLkey=0x176c2b
MOC-R4PCC04U05:553812:553953 [2] NCCL INFO NET/IB: IbDev 0 Port 1 qpn 8610 set_ece={supported=1, vendor_id=0x15b3, options=0x0, comp_mask=0x0}
MOC-R4PCC04U05:553813:553952 [3] NCCL INFO NET/IB: NCCL Dev 1 IbDev 0 Port 1 qpn 8708 mtu 3 query_ece={supported=1, vendor_id=0x15b3, options=0x30000002, comp_mask=0x0} GID 3 (0/C132A8C0FFFF0000) fifoRkey=0x175412 fifoLkey=0x175412
MOC-R4PCC04U05:553813:553952 [3] NCCL INFO NET/IB: NCCL Dev 1 IbDev 0 Port 1 qpn 8709 mtu 3 query_ece={supported=1, vendor_id=0x15b3, options=0x30000002, comp_mask=0x0} GID 3 (0/C132A8C0FFFF0000) fifoRkey=0x17d796 fifoLkey=0x17d796
MOC-R4PCC04U05:553813:553952 [3] NCCL INFO New proxy send connection 9 from local rank 0, transport 0
MOC-R4PCC04U05:553810:553959 [0] NCCL INFO Connected to proxy localRank 3 -> connection 0x7fbbd0005368
MOC-R4PCC04U05:553810:553955 [0] NCCL INFO New proxy send connection 10 from local rank 1, transport 0
MOC-R4PCC04U05:553811:553962 [1] NCCL INFO Connected to proxy localRank 0 -> connection 0x7f94500053e0
MOC-R4PCC04U05:553812:553953 [2] NCCL INFO NET/IB: IbDev 0 Port 1 qpn 8612 set_ece={supported=1, vendor_id=0x15b3, options=0x0, comp_mask=0x0}
MOC-R4PCC04U05:553813:553952 [3] NCCL INFO NET/IB: IbDev 0 Port 1 qpn 8614 set_ece={supported=1, vendor_id=0x15b3, options=0x0, comp_mask=0x0}
MOC-R4PCC04U05:553813:553952 [3] NCCL INFO NET/IB: IbDev 0 Port 1 qpn 8616 set_ece={supported=1, vendor_id=0x15b3, options=0x0, comp_mask=0x0}
MOC-R4PCC04U05:553811:553951 [1] NCCL INFO New proxy send connection 10 from local rank 0, transport 0
MOC-R4PCC04U05:553810:553959 [0] NCCL INFO Connected to proxy localRank 1 -> connection 0x7fb26c0053e0
MOC-R4PCC04U05:553812:553953 [2] NCCL INFO New proxy send connection 9 from local rank 1, transport 0
MOC-R4PCC04U05:553811:553962 [1] NCCL INFO Connected to proxy localRank 2 -> connection 0x7f9570005368
num decayed parameter tensors: 50, with 124,318,464 parameters
num non-decayed parameter tensors: 98, with 121,344 parameters
using fused AdamW: False
using regular AdamW
MOC-R4PCC04U05:553813:553952 [3] NCCL INFO New proxy recv connection 10 from local rank 3, transport 0
MOC-R4PCC04U05:553813:554653 [3] NCCL INFO Connected to proxy localRank 3 -> connection 0x7fbbd00053e0
MOC-R4PCC04U05:553813:553952 [3] NCCL INFO New proxy recv connection 11 from local rank 3, transport 0
MOC-R4PCC04U05:553813:554653 [3] NCCL INFO Connected to proxy localRank 3 -> connection 0x7fbbd0005458
MOC-R4PCC04U05:553812:553953 [2] NCCL INFO New proxy recv connection 10 from local rank 2, transport 0
MOC-R4PCC04U05:553812:554654 [2] NCCL INFO Connected to proxy localRank 2 -> connection 0x7f95700053e0
MOC-R4PCC04U05:553812:553953 [2] NCCL INFO New proxy recv connection 11 from local rank 2, transport 0
MOC-R4PCC04U05:553812:554654 [2] NCCL INFO Connected to proxy localRank 2 -> connection 0x7f9570005458
MOC-R4PCC04U05:553812:553953 [2] NCCL INFO New proxy recv connection 12 from local rank 2, transport 0
MOC-R4PCC04U05:553812:554654 [2] NCCL INFO Connected to proxy localRank 2 -> connection 0x7f95700054d0
MOC-R4PCC04U05:553812:553953 [2] NCCL INFO New proxy recv connection 13 from local rank 2, transport 0
MOC-R4PCC04U05:553812:554654 [2] NCCL INFO Connected to proxy localRank 2 -> connection 0x7f9570005548
MOC-R4PCC04U05:553811:553951 [1] NCCL INFO New proxy recv connection 11 from local rank 1, transport 0
MOC-R4PCC04U05:553811:554655 [1] NCCL INFO Connected to proxy localRank 1 -> connection 0x7fb26c005458
MOC-R4PCC04U05:553811:553951 [1] NCCL INFO New proxy recv connection 12 from local rank 1, transport 0
MOC-R4PCC04U05:553811:554655 [1] NCCL INFO Connected to proxy localRank 1 -> connection 0x7fb26c0054d0
MOC-R4PCC04U05:553811:553951 [1] NCCL INFO New proxy recv connection 13 from local rank 1, transport 0
MOC-R4PCC04U05:553811:554655 [1] NCCL INFO Connected to proxy localRank 1 -> connection 0x7fb26c005548
MOC-R4PCC04U05:553811:553951 [1] NCCL INFO New proxy recv connection 14 from local rank 1, transport 0
MOC-R4PCC04U05:553811:554655 [1] NCCL INFO Connected to proxy localRank 1 -> connection 0x7fb26c0055c0
MOC-R4PCC04U05:553811:553951 [1] NCCL INFO New proxy send connection 15 from local rank 1, transport 0
MOC-R4PCC04U05:553811:554655 [1] NCCL INFO Connected to proxy localRank 1 -> connection 0x7fb26c005638
MOC-R4PCC04U05:553811:553951 [1] NCCL INFO New proxy send connection 16 from local rank 1, transport 0
MOC-R4PCC04U05:553811:554655 [1] NCCL INFO Connected to proxy localRank 1 -> connection 0x7fb26c0056b0
MOC-R4PCC04U05:553811:553951 [1] NCCL INFO New proxy send connection 17 from local rank 1, transport 0
MOC-R4PCC04U05:553811:554655 [1] NCCL INFO Connected to proxy localRank 1 -> connection 0x7fb26c005728
MOC-R4PCC04U05:553811:553951 [1] NCCL INFO New proxy send connection 18 from local rank 1, transport 0
MOC-R4PCC04U05:553811:554655 [1] NCCL INFO Connected to proxy localRank 1 -> connection 0x7fb26c0057a0
MOC-R4PCC04U05:553812:553953 [2] NCCL INFO New proxy send connection 14 from local rank 2, transport 0
MOC-R4PCC04U05:553812:554654 [2] NCCL INFO Connected to proxy localRank 2 -> connection 0x7f95700055c0
MOC-R4PCC04U05:553812:553953 [2] NCCL INFO New proxy send connection 15 from local rank 2, transport 0
MOC-R4PCC04U05:553812:554654 [2] NCCL INFO Connected to proxy localRank 2 -> connection 0x7f9570005638
MOC-R4PCC04U05:553810:553955 [0] NCCL INFO New proxy send connection 11 from local rank 0, transport 0
MOC-R4PCC04U05:553810:554656 [0] NCCL INFO Connected to proxy localRank 0 -> connection 0x7f9450005458
MOC-R4PCC04U05:553810:553955 [0] NCCL INFO New proxy send connection 12 from local rank 0, transport 0
MOC-R4PCC04U05:553810:554656 [0] NCCL INFO Connected to proxy localRank 0 -> connection 0x7f94500054d0
MOC-R4PCC04U05:553810:553955 [0] NCCL INFO New proxy send connection 13 from local rank 0, transport 0
MOC-R4PCC04U05:553810:554656 [0] NCCL INFO Connected to proxy localRank 0 -> connection 0x7f9450005548
MOC-R4PCC04U05:553810:553955 [0] NCCL INFO New proxy send connection 14 from local rank 0, transport 0
MOC-R4PCC04U05:553810:554656 [0] NCCL INFO Connected to proxy localRank 0 -> connection 0x7f94500055c0
MOC-R4PCC04U05:553811:553951 [1] NCCL INFO New proxy recv connection 19 from local rank 1, transport 0
MOC-R4PCC04U05:553810:553955 [0] NCCL INFO New proxy send connection 15 from local rank 0, transport 0
MOC-R4PCC04U05:553810:554656 [0] NCCL INFO Connected to proxy localRank 0 -> connection 0x7f9450005638
MOC-R4PCC04U05:553811:554655 [1] NCCL INFO Connected to proxy localRank 1 -> connection 0x7fb26c005818
MOC-R4PCC04U05:553810:553955 [0] NCCL INFO New proxy send connection 16 from local rank 0, transport 0
MOC-R4PCC04U05:553810:554656 [0] NCCL INFO Connected to proxy localRank 0 -> connection 0x7f94500056b0
MOC-R4PCC04U05:553811:553951 [1] NCCL INFO New proxy recv connection 20 from local rank 1, transport 0
MOC-R4PCC04U05:553811:554655 [1] NCCL INFO Connected to proxy localRank 1 -> connection 0x7fb26c005890
MOC-R4PCC04U05:553810:553955 [0] NCCL INFO New proxy recv connection 17 from local rank 0, transport 0
MOC-R4PCC04U05:553810:554656 [0] NCCL INFO Connected to proxy localRank 0 -> connection 0x7f9450005728
MOC-R4PCC04U05:553813:554653 [3] NCCL INFO GPU Direct RDMA Disabled for GPU 3 / HCA 1 (distance 7 > 0)
MOC-R4PCC04U05:553813:553952 [3] NCCL INFO New proxy recv connection 12 from local rank 3, transport 2
MOC-R4PCC04U05:553813:554653 [3] NCCL INFO Connected to proxy localRank 3 -> connection 0x7fbbd00054d0
MOC-R4PCC04U05:553810:553955 [0] NCCL INFO New proxy recv connection 18 from local rank 0, transport 0
MOC-R4PCC04U05:553810:554656 [0] NCCL INFO Connected to proxy localRank 0 -> connection 0x7f94500057a0
MOC-R4PCC04U05:553813:554653 [3] NCCL INFO Channel 00/0 : 11[3] -> 3[3] [receive] via NET/IB/1
MOC-R4PCC04U05:553813:554653 [3] NCCL INFO GPU Direct RDMA Disabled for GPU 3 / HCA 1 (distance 7 > 0)
MOC-R4PCC04U05:553813:553952 [3] NCCL INFO New proxy recv connection 13 from local rank 3, transport 2
MOC-R4PCC04U05:553813:554653 [3] NCCL INFO Connected to proxy localRank 3 -> connection 0x7fbbd0005548
MOC-R4PCC04U05:553813:554653 [3] NCCL INFO Channel 01/0 : 11[3] -> 3[3] [receive] via NET/IB/1
MOC-R4PCC04U05:553813:554653 [3] NCCL INFO GPU Direct RDMA Disabled for GPU 3 / HCA 1 (distance 7 > 0)
MOC-R4PCC04U05:553813:553952 [3] NCCL INFO New proxy recv connection 14 from local rank 3, transport 2
MOC-R4PCC04U05:553813:554653 [3] NCCL INFO Connected to proxy localRank 3 -> connection 0x7fbbd00055c0
MOC-R4PCC04U05:553810:553955 [0] NCCL INFO New proxy recv connection 19 from local rank 0, transport 0
MOC-R4PCC04U05:553810:554656 [0] NCCL INFO Connected to proxy localRank 0 -> connection 0x7f9450005818
MOC-R4PCC04U05:553813:554653 [3] NCCL INFO Channel 02/0 : 11[3] -> 3[3] [receive] via NET/IB/1
MOC-R4PCC04U05:553813:554653 [3] NCCL INFO GPU Direct RDMA Disabled for GPU 3 / HCA 1 (distance 7 > 0)
MOC-R4PCC04U05:553813:553952 [3] NCCL INFO New proxy recv connection 15 from local rank 3, transport 2
MOC-R4PCC04U05:553813:554653 [3] NCCL INFO Connected to proxy localRank 3 -> connection 0x7fbbd0005638
MOC-R4PCC04U05:553813:554653 [3] NCCL INFO Channel 03/0 : 11[3] -> 3[3] [receive] via NET/IB/1
MOC-R4PCC04U05:553813:554653 [3] NCCL INFO GPU Direct RDMA Disabled for GPU 3 / HCA 1 (distance 7 > 0)
MOC-R4PCC04U05:553813:553952 [3] NCCL INFO New proxy send connection 16 from local rank 3, transport 2
MOC-R4PCC04U05:553813:554653 [3] NCCL INFO Connected to proxy localRank 3 -> connection 0x7fbbd00056b0
MOC-R4PCC04U05:553813:554653 [3] NCCL INFO Channel 02/0 : 3[3] -> 7[3] [send] via NET/IB/1
MOC-R4PCC04U05:553813:554653 [3] NCCL INFO GPU Direct RDMA Disabled for GPU 3 / HCA 1 (distance 7 > 0)
MOC-R4PCC04U05:553813:553952 [3] NCCL INFO New proxy send connection 17 from local rank 3, transport 2
MOC-R4PCC04U05:553813:554653 [3] NCCL INFO Connected to proxy localRank 3 -> connection 0x7fbbd0005728
MOC-R4PCC04U05:553813:554653 [3] NCCL INFO Channel 03/0 : 3[3] -> 7[3] [send] via NET/IB/1
MOC-R4PCC04U05:553810:553955 [0] NCCL INFO New proxy recv connection 20 from local rank 0, transport 0
MOC-R4PCC04U05:553810:554656 [0] NCCL INFO Connected to proxy localRank 0 -> connection 0x7f9450005890
MOC-R4PCC04U05:553813:554653 [3] NCCL INFO GPU Direct RDMA Disabled for GPU 3 / HCA 1 (distance 7 > 0)
MOC-R4PCC04U05:553813:553952 [3] NCCL INFO New proxy recv connection 18 from local rank 3, transport 2
MOC-R4PCC04U05:553813:554653 [3] NCCL INFO Connected to proxy localRank 3 -> connection 0x7fbbd00057a0
MOC-R4PCC04U05:553813:554653 [3] NCCL INFO Channel 02/0 : 7[3] -> 3[3] [receive] via NET/IB/1
MOC-R4PCC04U05:553813:554653 [3] NCCL INFO GPU Direct RDMA Disabled for GPU 3 / HCA 1 (distance 7 > 0)
MOC-R4PCC04U05:553813:553952 [3] NCCL INFO New proxy recv connection 19 from local rank 3, transport 2
MOC-R4PCC04U05:553813:554653 [3] NCCL INFO Connected to proxy localRank 3 -> connection 0x7fbbd0005818
MOC-R4PCC04U05:553813:554653 [3] NCCL INFO Channel 03/0 : 7[3] -> 3[3] [receive] via NET/IB/1
MOC-R4PCC04U05:553813:554653 [3] NCCL INFO GPU Direct RDMA Disabled for GPU 3 / HCA 1 (distance 7 > 0)
MOC-R4PCC04U05:553813:553952 [3] NCCL INFO New proxy send connection 20 from local rank 3, transport 2
MOC-R4PCC04U05:553813:554653 [3] NCCL INFO Connected to proxy localRank 3 -> connection 0x7fbbd0005890
MOC-R4PCC04U05:553813:554653 [3] NCCL INFO Channel 00/0 : 3[3] -> 11[3] [send] via NET/IB/1
MOC-R4PCC04U05:553813:554653 [3] NCCL INFO GPU Direct RDMA Disabled for GPU 3 / HCA 1 (distance 7 > 0)
MOC-R4PCC04U05:553813:553952 [3] NCCL INFO New proxy send connection 21 from local rank 3, transport 2
MOC-R4PCC04U05:553813:554653 [3] NCCL INFO Connected to proxy localRank 3 -> connection 0x7fbbd0005908
MOC-R4PCC04U05:553813:554653 [3] NCCL INFO Channel 01/0 : 3[3] -> 11[3] [send] via NET/IB/1
MOC-R4PCC04U05:553813:554653 [3] NCCL INFO GPU Direct RDMA Disabled for GPU 3 / HCA 1 (distance 7 > 0)
MOC-R4PCC04U05:553813:553952 [3] NCCL INFO New proxy send connection 22 from local rank 3, transport 2
MOC-R4PCC04U05:553813:554653 [3] NCCL INFO Connected to proxy localRank 3 -> connection 0x7fbbd0005980
MOC-R4PCC04U05:553813:554653 [3] NCCL INFO Channel 02/0 : 3[3] -> 11[3] [send] via NET/IB/1
MOC-R4PCC04U05:553813:554653 [3] NCCL INFO GPU Direct RDMA Disabled for GPU 3 / HCA 1 (distance 7 > 0)
MOC-R4PCC04U05:553813:553952 [3] NCCL INFO New proxy send connection 23 from local rank 3, transport 2
MOC-R4PCC04U05:553813:554653 [3] NCCL INFO Connected to proxy localRank 3 -> connection 0x7fbbd00059f8
MOC-R4PCC04U05:553813:554653 [3] NCCL INFO Channel 03/0 : 3[3] -> 11[3] [send] via NET/IB/1
MOC-R4PCC04U05:553813:553952 [3] NCCL INFO New proxy send connection 24 from local rank 3, transport 0
MOC-R4PCC04U05:553813:554653 [3] NCCL INFO Connected to proxy localRank 3 -> connection 0x7fbbd0005a70
MOC-R4PCC04U05:553813:553952 [3] NCCL INFO New proxy send connection 25 from local rank 3, transport 0
MOC-R4PCC04U05:553813:554653 [3] NCCL INFO Connected to proxy localRank 3 -> connection 0x7fbbd0005ae8
MOC-R4PCC04U05:553813:553952 [3] NCCL INFO New proxy send connection 26 from local rank 3, transport 0
MOC-R4PCC04U05:553813:554653 [3] NCCL INFO Connected to proxy localRank 3 -> connection 0x7fbbd0005b60
MOC-R4PCC04U05:553813:553952 [3] NCCL INFO New proxy send connection 27 from local rank 3, transport 0
MOC-R4PCC04U05:553813:554653 [3] NCCL INFO Connected to proxy localRank 3 -> connection 0x7fbbd0005bd8
MOC-R4PCC04U05:553813:553952 [3] NCCL INFO NET/IB: NCCL Dev 1 IbDev 0 Port 1 qpn 8714 mtu 3 query_ece={supported=1, vendor_id=0x15b3, options=0x30000002, comp_mask=0x0} GID 3 (0/C132A8C0FFFF0000) fifoRkey=0x17fdbc fifoLkey=0x17fdbc
MOC-R4PCC04U05:553813:553952 [3] NCCL INFO NET/IB: IbDev 0 Port 1 qpn 8618 set_ece={supported=1, vendor_id=0x15b3, options=0x0, comp_mask=0x0}
MOC-R4PCC04U05:553813:553952 [3] NCCL INFO NET/IB: NCCL Dev 1 IbDev 0 Port 1 qpn 8715 mtu 3 query_ece={supported=1, vendor_id=0x15b3, options=0x30000002, comp_mask=0x0} GID 3 (0/C132A8C0FFFF0000) fifoRkey=0x1722e1 fifoLkey=0x1722e1
MOC-R4PCC04U05:553813:553952 [3] NCCL INFO NET/IB: NCCL Dev 1 IbDev 0 Port 1 qpn 8716 mtu 3 query_ece={supported=1, vendor_id=0x15b3, options=0x30000002, comp_mask=0x0} GID 3 (0/C132A8C0FFFF0000) fifoRkey=0x177837 fifoLkey=0x177837
MOC-R4PCC04U05:553813:553952 [3] NCCL INFO NET/IB: NCCL Dev 1 IbDev 0 Port 1 qpn 8717 mtu 3 query_ece={supported=1, vendor_id=0x15b3, options=0x30000002, comp_mask=0x0} GID 3 (0/C132A8C0FFFF0000) fifoRkey=0x17ecab fifoLkey=0x17ecab
MOC-R4PCC04U05:553813:553952 [3] NCCL INFO NET/IB: NCCL Dev 1 IbDev 0 Port 1 qpn 8718 mtu 3 query_ece={supported=1, vendor_id=0x15b3, options=0x30000002, comp_mask=0x0} GID 3 (0/C132A8C0FFFF0000) fifoRkey=0x178443 fifoLkey=0x178443
MOC-R4PCC04U05:553813:553952 [3] NCCL INFO NET/IB: NCCL Dev 1 IbDev 0 Port 1 qpn 8721 mtu 3 query_ece={supported=1, vendor_id=0x15b3, options=0x30000002, comp_mask=0x0} GID 3 (0/C132A8C0FFFF0000) fifoRkey=0x17cb8a fifoLkey=0x17cb8a
MOC-R4PCC04U05:553813:553952 [3] NCCL INFO NET/IB: IbDev 0 Port 1 qpn 8622 set_ece={supported=1, vendor_id=0x15b3, options=0x0, comp_mask=0x0}
MOC-R4PCC04U05:553813:553952 [3] NCCL INFO NET/IB: IbDev 0 Port 1 qpn 5764 set_ece={supported=1, vendor_id=0x15b3, options=0x0, comp_mask=0x0}
MOC-R4PCC04U05:553813:553952 [3] NCCL INFO NET/IB: IbDev 0 Port 1 qpn 5767 set_ece={supported=1, vendor_id=0x15b3, options=0x0, comp_mask=0x0}
MOC-R4PCC04U05:553813:553952 [3] NCCL INFO NET/IB: IbDev 0 Port 1 qpn 5769 set_ece={supported=1, vendor_id=0x15b3, options=0x0, comp_mask=0x0}
MOC-R4PCC04U05:553813:553952 [3] NCCL INFO NET/IB: IbDev 0 Port 1 qpn 5771 set_ece={supported=1, vendor_id=0x15b3, options=0x0, comp_mask=0x0}
step    1/10 | train loss 11.009422 | norm 15.3732 | lr 1.00e-04 | (14301.62 ms | 164967 tok/s)
step    2/10 | train loss 10.139730 | norm 5.7264 | lr 1.00e-04 | (581.58 ms | 4056670 tok/s)
step    3/10 | train loss 9.799682 | norm 2.6010 | lr 1.00e-04 | (539.76 ms | 4371016 tok/s)
step    4/10 | train loss 9.631037 | norm 2.1093 | lr 1.00e-04 | (621.78 ms | 3794423 tok/s)
step    5/10 | train loss 9.548265 | norm 2.0938 | lr 1.00e-04 | (568.27 ms | 4151699 tok/s)
step    6/10 | train loss 9.467414 | norm 1.9919 | lr 1.00e-04 | (572.99 ms | 4117552 tok/s)
step    7/10 | train loss 9.382082 | norm 1.9418 | lr 1.00e-04 | (532.95 ms | 4426892 tok/s)
step    8/10 | train loss 9.290600 | norm 1.9079 | lr 1.00e-04 | (523.14 ms | 4509890 tok/s)
step    9/10 | train loss 9.195723 | norm 1.8515 | lr 1.00e-04 | (538.94 ms | 4377672 tok/s)
step   10/10 | train loss 9.111586 | norm 1.7901 | lr 1.00e-04 | (528.82 ms | 4461425 tok/s)
final 9 iters avg: 556.469ms
peak memory consumption: 16601 MiB
