Running pytorch 2.7.0+cu126
using device: cuda:0
total desired batch size: 3932160
=> calculated gradient accumulation steps: 10
using device: cuda:1
using device: cuda:2
using device: cuda:3
compiling the model...
DataLoader: total number of tokens: 1,661,249,667 across 103 files
MOC-R4PCC04U05:618620:618620 [0] NCCL INFO NCCL_SOCKET_IFNAME set to eno7np0
MOC-R4PCC04U05:618620:618620 [0] NCCL INFO NCCL version 2.26.2+cuda12.2
MOC-R4PCC04U05:618620:618725 [0] NCCL INFO NET/Plugin: Could not find: libnccl-net.so. Using internal net plugin.
MOC-R4PCC04U05:618620:618725 [0] NCCL INFO NET/Socket : Using [0]eno7np0:192.168.50.193<0>
MOC-R4PCC04U05:618621:618621 [1] NCCL INFO NCCL_SOCKET_IFNAME set to eno7np0
MOC-R4PCC04U05:618621:618621 [1] NCCL INFO NCCL version 2.26.2+cuda12.2
MOC-R4PCC04U05:618622:618622 [2] NCCL INFO NCCL_SOCKET_IFNAME set to eno7np0
MOC-R4PCC04U05:618622:618622 [2] NCCL INFO NCCL version 2.26.2+cuda12.2
MOC-R4PCC04U05:618623:618623 [3] NCCL INFO NCCL_SOCKET_IFNAME set to eno7np0
MOC-R4PCC04U05:618623:618623 [3] NCCL INFO NCCL version 2.26.2+cuda12.2
MOC-R4PCC04U05:618621:618747 [1] NCCL INFO NET/Plugin: Could not find: libnccl-net.so. Using internal net plugin.
MOC-R4PCC04U05:618622:618748 [2] NCCL INFO NET/Plugin: Could not find: libnccl-net.so. Using internal net plugin.
MOC-R4PCC04U05:618621:618747 [1] NCCL INFO NET/Socket : Using [0]eno7np0:192.168.50.193<0>
MOC-R4PCC04U05:618622:618748 [2] NCCL INFO NET/Socket : Using [0]eno7np0:192.168.50.193<0>
MOC-R4PCC04U05:618623:618749 [3] NCCL INFO NET/Plugin: Could not find: libnccl-net.so. Using internal net plugin.
MOC-R4PCC04U05:618623:618749 [3] NCCL INFO NET/Socket : Using [0]eno7np0:192.168.50.193<0>
MOC-R4PCC04U05:618621:618747 [1] NCCL INFO NET/Socket : GPU Direct RDMA Disabled for HCA 0 'eno7np0'
MOC-R4PCC04U05:618623:618749 [3] NCCL INFO NET/Socket : GPU Direct RDMA Disabled for HCA 0 'eno7np0'
MOC-R4PCC04U05:618620:618725 [0] NCCL INFO NET/Socket : GPU Direct RDMA Disabled for HCA 0 'eno7np0'
MOC-R4PCC04U05:618622:618748 [2] NCCL INFO NET/Socket : GPU Direct RDMA Disabled for HCA 0 'eno7np0'
MOC-R4PCC04U05:618622:618758 [2] NCCL INFO New proxy recv connection 0 from local rank 2, transport 0
MOC-R4PCC04U05:618622:618833 [2] NCCL INFO Connected to proxy localRank 2 -> connection 0x7f9cf0004f30
MOC-R4PCC04U05:618621:618759 [1] NCCL INFO New proxy recv connection 0 from local rank 1, transport 0
MOC-R4PCC04U05:618621:618834 [1] NCCL INFO Connected to proxy localRank 1 -> connection 0x7fec78004f30
MOC-R4PCC04U05:618622:618758 [2] NCCL INFO New proxy recv connection 1 from local rank 2, transport 0
MOC-R4PCC04U05:618622:618833 [2] NCCL INFO Connected to proxy localRank 2 -> connection 0x7f9cf0004fa8
MOC-R4PCC04U05:618621:618759 [1] NCCL INFO New proxy recv connection 1 from local rank 1, transport 0
MOC-R4PCC04U05:618621:618834 [1] NCCL INFO Connected to proxy localRank 1 -> connection 0x7fec78004fa8
MOC-R4PCC04U05:618620:618760 [0] NCCL INFO New proxy send connection 0 from local rank 0, transport 0
MOC-R4PCC04U05:618620:618835 [0] NCCL INFO Connected to proxy localRank 0 -> connection 0x7f6478004f30
MOC-R4PCC04U05:618620:618760 [0] NCCL INFO New proxy send connection 1 from local rank 0, transport 0
MOC-R4PCC04U05:618620:618835 [0] NCCL INFO Connected to proxy localRank 0 -> connection 0x7f6478004fa8
MOC-R4PCC04U05:618620:618760 [0] NCCL INFO New proxy send connection 2 from local rank 0, transport 0
MOC-R4PCC04U05:618620:618835 [0] NCCL INFO Connected to proxy localRank 0 -> connection 0x7f6478005020
MOC-R4PCC04U05:618623:618764 [3] NCCL INFO New proxy recv connection 0 from local rank 3, transport 0
MOC-R4PCC04U05:618623:618836 [3] NCCL INFO Connected to proxy localRank 3 -> connection 0x7f0138004f30
MOC-R4PCC04U05:618620:618760 [0] NCCL INFO New proxy send connection 3 from local rank 0, transport 0
MOC-R4PCC04U05:618620:618835 [0] NCCL INFO Connected to proxy localRank 0 -> connection 0x7f6478005098
MOC-R4PCC04U05:618623:618764 [3] NCCL INFO New proxy recv connection 1 from local rank 3, transport 0
MOC-R4PCC04U05:618623:618836 [3] NCCL INFO Connected to proxy localRank 3 -> connection 0x7f0138004fa8
MOC-R4PCC04U05:618622:618758 [2] NCCL INFO New proxy recv connection 2 from local rank 2, transport 2
MOC-R4PCC04U05:618622:618833 [2] NCCL INFO Connected to proxy localRank 2 -> connection 0x7f9cf0005020
MOC-R4PCC04U05:618622:618833 [2] NCCL INFO Channel 00/0 : 11[3] -> 2[2] [receive] via NET/Socket/0
MOC-R4PCC04U05:618622:618758 [2] NCCL INFO New proxy recv connection 3 from local rank 2, transport 2
MOC-R4PCC04U05:618622:618833 [2] NCCL INFO Connected to proxy localRank 2 -> connection 0x7f9cf0005098
MOC-R4PCC04U05:618622:618833 [2] NCCL INFO Channel 02/0 : 11[3] -> 2[2] [receive] via NET/Socket/0
MOC-R4PCC04U05:618622:618758 [2] NCCL INFO New proxy send connection 4 from local rank 2, transport 2
MOC-R4PCC04U05:618622:618833 [2] NCCL INFO Connected to proxy localRank 2 -> connection 0x7f9cf0005110
MOC-R4PCC04U05:618622:618833 [2] NCCL INFO Channel 01/0 : 2[2] -> 7[3] [send] via NET/Socket/0
MOC-R4PCC04U05:618622:618758 [2] NCCL INFO New proxy send connection 5 from local rank 2, transport 2
MOC-R4PCC04U05:618622:618833 [2] NCCL INFO Connected to proxy localRank 2 -> connection 0x7f9cf0005188
MOC-R4PCC04U05:618622:618833 [2] NCCL INFO Channel 03/0 : 2[2] -> 7[3] [send] via NET/Socket/0
MOC-R4PCC04U05:618622:618758 [2] NCCL INFO New proxy send connection 6 from local rank 2, transport 0
MOC-R4PCC04U05:618622:618833 [2] NCCL INFO Connected to proxy localRank 2 -> connection 0x7f9cf0005200
MOC-R4PCC04U05:618622:618758 [2] NCCL INFO New proxy send connection 7 from local rank 2, transport 0
MOC-R4PCC04U05:618622:618833 [2] NCCL INFO Connected to proxy localRank 2 -> connection 0x7f9cf0005278
MOC-R4PCC04U05:618623:618764 [3] NCCL INFO New proxy send connection 2 from local rank 3, transport 2
MOC-R4PCC04U05:618623:618836 [3] NCCL INFO Connected to proxy localRank 3 -> connection 0x7f0138005020
MOC-R4PCC04U05:618623:618836 [3] NCCL INFO Channel 00/0 : 3[3] -> 6[2] [send] via NET/Socket/0
MOC-R4PCC04U05:618623:618764 [3] NCCL INFO New proxy send connection 3 from local rank 3, transport 2
MOC-R4PCC04U05:618623:618836 [3] NCCL INFO Connected to proxy localRank 3 -> connection 0x7f0138005098
MOC-R4PCC04U05:618623:618836 [3] NCCL INFO Channel 02/0 : 3[3] -> 6[2] [send] via NET/Socket/0
MOC-R4PCC04U05:618620:618760 [0] NCCL INFO New proxy recv connection 4 from local rank 0, transport 0
MOC-R4PCC04U05:618620:618835 [0] NCCL INFO Connected to proxy localRank 0 -> connection 0x7f6478005110
MOC-R4PCC04U05:618623:618764 [3] NCCL INFO New proxy recv connection 4 from local rank 3, transport 2
MOC-R4PCC04U05:618623:618836 [3] NCCL INFO Connected to proxy localRank 3 -> connection 0x7f0138005110
MOC-R4PCC04U05:618620:618760 [0] NCCL INFO New proxy recv connection 5 from local rank 0, transport 0
MOC-R4PCC04U05:618620:618835 [0] NCCL INFO Connected to proxy localRank 0 -> connection 0x7f6478005188
MOC-R4PCC04U05:618620:618760 [0] NCCL INFO New proxy recv connection 6 from local rank 0, transport 0
MOC-R4PCC04U05:618620:618835 [0] NCCL INFO Connected to proxy localRank 0 -> connection 0x7f6478005200
MOC-R4PCC04U05:618623:618836 [3] NCCL INFO Channel 01/0 : 10[2] -> 3[3] [receive] via NET/Socket/0
MOC-R4PCC04U05:618623:618764 [3] NCCL INFO New proxy recv connection 5 from local rank 3, transport 2
MOC-R4PCC04U05:618623:618836 [3] NCCL INFO Connected to proxy localRank 3 -> connection 0x7f0138005188
MOC-R4PCC04U05:618620:618760 [0] NCCL INFO New proxy recv connection 7 from local rank 0, transport 0
MOC-R4PCC04U05:618620:618835 [0] NCCL INFO Connected to proxy localRank 0 -> connection 0x7f6478005278
MOC-R4PCC04U05:618623:618836 [3] NCCL INFO Channel 03/0 : 10[2] -> 3[3] [receive] via NET/Socket/0
MOC-R4PCC04U05:618623:618764 [3] NCCL INFO New proxy send connection 6 from local rank 3, transport 0
MOC-R4PCC04U05:618623:618836 [3] NCCL INFO Connected to proxy localRank 3 -> connection 0x7f0138005200
MOC-R4PCC04U05:618623:618764 [3] NCCL INFO New proxy send connection 7 from local rank 3, transport 0
MOC-R4PCC04U05:618623:618836 [3] NCCL INFO Connected to proxy localRank 3 -> connection 0x7f0138005278
MOC-R4PCC04U05:618621:618759 [1] NCCL INFO New proxy recv connection 2 from local rank 1, transport 0
MOC-R4PCC04U05:618621:618834 [1] NCCL INFO Connected to proxy localRank 1 -> connection 0x7fec78005020
MOC-R4PCC04U05:618620:618760 [0] NCCL INFO New proxy send connection 8 from local rank 3, transport 0
MOC-R4PCC04U05:618623:618836 [3] NCCL INFO Connected to proxy localRank 0 -> connection 0x7f64780052f0
MOC-R4PCC04U05:618621:618759 [1] NCCL INFO New proxy recv connection 3 from local rank 1, transport 0
MOC-R4PCC04U05:618621:618834 [1] NCCL INFO Connected to proxy localRank 1 -> connection 0x7fec78005098
MOC-R4PCC04U05:618621:618759 [1] NCCL INFO New proxy send connection 4 from local rank 1, transport 0
MOC-R4PCC04U05:618621:618834 [1] NCCL INFO Connected to proxy localRank 1 -> connection 0x7fec78005110
MOC-R4PCC04U05:618621:618759 [1] NCCL INFO New proxy send connection 5 from local rank 1, transport 0
MOC-R4PCC04U05:618621:618834 [1] NCCL INFO Connected to proxy localRank 1 -> connection 0x7fec78005188
MOC-R4PCC04U05:618621:618759 [1] NCCL INFO New proxy send connection 6 from local rank 1, transport 0
MOC-R4PCC04U05:618621:618834 [1] NCCL INFO Connected to proxy localRank 1 -> connection 0x7fec78005200
MOC-R4PCC04U05:618621:618759 [1] NCCL INFO New proxy send connection 7 from local rank 1, transport 0
MOC-R4PCC04U05:618621:618834 [1] NCCL INFO Connected to proxy localRank 1 -> connection 0x7fec78005278
MOC-R4PCC04U05:618622:618758 [2] NCCL INFO New proxy send connection 8 from local rank 0, transport 0
MOC-R4PCC04U05:618620:618760 [0] NCCL INFO New proxy send connection 9 from local rank 2, transport 0
MOC-R4PCC04U05:618620:618835 [0] NCCL INFO Connected to proxy localRank 2 -> connection 0x7f9cf00052f0
MOC-R4PCC04U05:618622:618833 [2] NCCL INFO Connected to proxy localRank 0 -> connection 0x7f6478005368
MOC-R4PCC04U05:618621:618759 [1] NCCL INFO New proxy send connection 8 from local rank 3, transport 0
MOC-R4PCC04U05:618623:618836 [3] NCCL INFO Connected to proxy localRank 1 -> connection 0x7fec780052f0
MOC-R4PCC04U05:618621:618759 [1] NCCL INFO New proxy send connection 9 from local rank 2, transport 0
MOC-R4PCC04U05:618622:618833 [2] NCCL INFO Connected to proxy localRank 1 -> connection 0x7fec78005368
MOC-R4PCC04U05:618623:618764 [3] NCCL INFO New proxy send connection 8 from local rank 1, transport 0
MOC-R4PCC04U05:618621:618834 [1] NCCL INFO Connected to proxy localRank 3 -> connection 0x7f01380052f0
MOC-R4PCC04U05:618623:618764 [3] NCCL INFO New proxy send connection 9 from local rank 0, transport 0
MOC-R4PCC04U05:618620:618835 [0] NCCL INFO Connected to proxy localRank 3 -> connection 0x7f0138005368
MOC-R4PCC04U05:618620:618760 [0] NCCL INFO New proxy send connection 10 from local rank 1, transport 0
MOC-R4PCC04U05:618621:618834 [1] NCCL INFO Connected to proxy localRank 0 -> connection 0x7f64780053e0
MOC-R4PCC04U05:618621:618759 [1] NCCL INFO New proxy send connection 10 from local rank 0, transport 0
MOC-R4PCC04U05:618620:618835 [0] NCCL INFO Connected to proxy localRank 1 -> connection 0x7fec780053e0
MOC-R4PCC04U05:618622:618758 [2] NCCL INFO New proxy send connection 9 from local rank 1, transport 0
MOC-R4PCC04U05:618621:618834 [1] NCCL INFO Connected to proxy localRank 2 -> connection 0x7f9cf0005368
num decayed parameter tensors: 50, with 124,318,464 parameters
num non-decayed parameter tensors: 98, with 121,344 parameters
using fused AdamW: False
using regular AdamW
MOC-R4PCC04U05:618620:618760 [0] NCCL INFO New proxy send connection 11 from local rank 0, transport 0
MOC-R4PCC04U05:618620:619472 [0] NCCL INFO Connected to proxy localRank 0 -> connection 0x7f6478005458
MOC-R4PCC04U05:618620:618760 [0] NCCL INFO New proxy send connection 12 from local rank 0, transport 0
MOC-R4PCC04U05:618620:619472 [0] NCCL INFO Connected to proxy localRank 0 -> connection 0x7f64780054d0
MOC-R4PCC04U05:618620:618760 [0] NCCL INFO New proxy send connection 13 from local rank 0, transport 0
MOC-R4PCC04U05:618620:619472 [0] NCCL INFO Connected to proxy localRank 0 -> connection 0x7f6478005548
MOC-R4PCC04U05:618620:618760 [0] NCCL INFO New proxy send connection 14 from local rank 0, transport 0
MOC-R4PCC04U05:618620:619472 [0] NCCL INFO Connected to proxy localRank 0 -> connection 0x7f64780055c0
MOC-R4PCC04U05:618622:618758 [2] NCCL INFO New proxy recv connection 10 from local rank 2, transport 0
MOC-R4PCC04U05:618622:619473 [2] NCCL INFO Connected to proxy localRank 2 -> connection 0x7f9cf00053e0
MOC-R4PCC04U05:618622:618758 [2] NCCL INFO New proxy recv connection 11 from local rank 2, transport 0
MOC-R4PCC04U05:618622:619473 [2] NCCL INFO Connected to proxy localRank 2 -> connection 0x7f9cf0005458
MOC-R4PCC04U05:618622:618758 [2] NCCL INFO New proxy recv connection 12 from local rank 2, transport 0
MOC-R4PCC04U05:618622:619473 [2] NCCL INFO Connected to proxy localRank 2 -> connection 0x7f9cf00054d0
MOC-R4PCC04U05:618622:618758 [2] NCCL INFO New proxy recv connection 13 from local rank 2, transport 0
MOC-R4PCC04U05:618622:619473 [2] NCCL INFO Connected to proxy localRank 2 -> connection 0x7f9cf0005548
MOC-R4PCC04U05:618621:618759 [1] NCCL INFO New proxy recv connection 11 from local rank 1, transport 0
MOC-R4PCC04U05:618621:619474 [1] NCCL INFO Connected to proxy localRank 1 -> connection 0x7fec78005458
MOC-R4PCC04U05:618621:618759 [1] NCCL INFO New proxy recv connection 12 from local rank 1, transport 0
MOC-R4PCC04U05:618621:619474 [1] NCCL INFO Connected to proxy localRank 1 -> connection 0x7fec780054d0
MOC-R4PCC04U05:618621:618759 [1] NCCL INFO New proxy recv connection 13 from local rank 1, transport 0
MOC-R4PCC04U05:618621:619474 [1] NCCL INFO Connected to proxy localRank 1 -> connection 0x7fec78005548
MOC-R4PCC04U05:618621:618759 [1] NCCL INFO New proxy recv connection 14 from local rank 1, transport 0
MOC-R4PCC04U05:618621:619474 [1] NCCL INFO Connected to proxy localRank 1 -> connection 0x7fec780055c0
MOC-R4PCC04U05:618621:618759 [1] NCCL INFO New proxy send connection 15 from local rank 1, transport 0
MOC-R4PCC04U05:618621:619474 [1] NCCL INFO Connected to proxy localRank 1 -> connection 0x7fec78005638
MOC-R4PCC04U05:618621:618759 [1] NCCL INFO New proxy send connection 16 from local rank 1, transport 0
MOC-R4PCC04U05:618621:619474 [1] NCCL INFO Connected to proxy localRank 1 -> connection 0x7fec780056b0
MOC-R4PCC04U05:618621:618759 [1] NCCL INFO New proxy send connection 17 from local rank 1, transport 0
MOC-R4PCC04U05:618621:619474 [1] NCCL INFO Connected to proxy localRank 1 -> connection 0x7fec78005728
MOC-R4PCC04U05:618621:618759 [1] NCCL INFO New proxy send connection 18 from local rank 1, transport 0
MOC-R4PCC04U05:618621:619474 [1] NCCL INFO Connected to proxy localRank 1 -> connection 0x7fec780057a0
MOC-R4PCC04U05:618620:618760 [0] NCCL INFO New proxy send connection 15 from local rank 0, transport 0
MOC-R4PCC04U05:618620:619472 [0] NCCL INFO Connected to proxy localRank 0 -> connection 0x7f6478005638
MOC-R4PCC04U05:618622:618758 [2] NCCL INFO New proxy send connection 14 from local rank 2, transport 0
MOC-R4PCC04U05:618622:619473 [2] NCCL INFO Connected to proxy localRank 2 -> connection 0x7f9cf00055c0
MOC-R4PCC04U05:618621:618759 [1] NCCL INFO New proxy recv connection 19 from local rank 1, transport 0
MOC-R4PCC04U05:618621:619474 [1] NCCL INFO Connected to proxy localRank 1 -> connection 0x7fec78005818
MOC-R4PCC04U05:618620:618760 [0] NCCL INFO New proxy send connection 16 from local rank 0, transport 0
MOC-R4PCC04U05:618622:618758 [2] NCCL INFO New proxy send connection 15 from local rank 2, transport 0
MOC-R4PCC04U05:618621:618759 [1] NCCL INFO New proxy recv connection 20 from local rank 1, transport 0
MOC-R4PCC04U05:618620:619472 [0] NCCL INFO Connected to proxy localRank 0 -> connection 0x7f64780056b0
MOC-R4PCC04U05:618622:619473 [2] NCCL INFO Connected to proxy localRank 2 -> connection 0x7f9cf0005638
MOC-R4PCC04U05:618621:619474 [1] NCCL INFO Connected to proxy localRank 1 -> connection 0x7fec78005890
MOC-R4PCC04U05:618623:618764 [3] NCCL INFO New proxy recv connection 10 from local rank 3, transport 0
MOC-R4PCC04U05:618623:619475 [3] NCCL INFO Connected to proxy localRank 3 -> connection 0x7f01380053e0
MOC-R4PCC04U05:618623:618764 [3] NCCL INFO New proxy recv connection 11 from local rank 3, transport 0
MOC-R4PCC04U05:618623:619475 [3] NCCL INFO Connected to proxy localRank 3 -> connection 0x7f0138005458
MOC-R4PCC04U05:618623:618764 [3] NCCL INFO New proxy recv connection 12 from local rank 3, transport 2
MOC-R4PCC04U05:618623:619475 [3] NCCL INFO Connected to proxy localRank 3 -> connection 0x7f01380054d0
MOC-R4PCC04U05:618620:618760 [0] NCCL INFO New proxy recv connection 17 from local rank 0, transport 0
MOC-R4PCC04U05:618620:619472 [0] NCCL INFO Connected to proxy localRank 0 -> connection 0x7f6478005728
MOC-R4PCC04U05:618623:619475 [3] NCCL INFO Channel 00/0 : 11[3] -> 3[3] [receive] via NET/Socket/0
MOC-R4PCC04U05:618623:618764 [3] NCCL INFO New proxy recv connection 13 from local rank 3, transport 2
MOC-R4PCC04U05:618623:619475 [3] NCCL INFO Connected to proxy localRank 3 -> connection 0x7f0138005548
MOC-R4PCC04U05:618620:618760 [0] NCCL INFO New proxy recv connection 18 from local rank 0, transport 0
MOC-R4PCC04U05:618620:619472 [0] NCCL INFO Connected to proxy localRank 0 -> connection 0x7f64780057a0
MOC-R4PCC04U05:618620:618760 [0] NCCL INFO New proxy recv connection 19 from local rank 0, transport 0
MOC-R4PCC04U05:618620:619472 [0] NCCL INFO Connected to proxy localRank 0 -> connection 0x7f6478005818
MOC-R4PCC04U05:618623:619475 [3] NCCL INFO Channel 01/0 : 11[3] -> 3[3] [receive] via NET/Socket/0
MOC-R4PCC04U05:618623:618764 [3] NCCL INFO New proxy recv connection 14 from local rank 3, transport 2
MOC-R4PCC04U05:618623:619475 [3] NCCL INFO Connected to proxy localRank 3 -> connection 0x7f01380055c0
MOC-R4PCC04U05:618620:618760 [0] NCCL INFO New proxy recv connection 20 from local rank 0, transport 0
MOC-R4PCC04U05:618620:619472 [0] NCCL INFO Connected to proxy localRank 0 -> connection 0x7f6478005890
MOC-R4PCC04U05:618623:619475 [3] NCCL INFO Channel 02/0 : 11[3] -> 3[3] [receive] via NET/Socket/0
MOC-R4PCC04U05:618623:618764 [3] NCCL INFO New proxy recv connection 15 from local rank 3, transport 2
MOC-R4PCC04U05:618623:619475 [3] NCCL INFO Connected to proxy localRank 3 -> connection 0x7f0138005638
MOC-R4PCC04U05:618623:619475 [3] NCCL INFO Channel 03/0 : 11[3] -> 3[3] [receive] via NET/Socket/0
MOC-R4PCC04U05:618623:618764 [3] NCCL INFO New proxy send connection 16 from local rank 3, transport 2
MOC-R4PCC04U05:618623:619475 [3] NCCL INFO Connected to proxy localRank 3 -> connection 0x7f01380056b0
MOC-R4PCC04U05:618623:619475 [3] NCCL INFO Channel 02/0 : 3[3] -> 7[3] [send] via NET/Socket/0
MOC-R4PCC04U05:618623:618764 [3] NCCL INFO New proxy send connection 17 from local rank 3, transport 2
MOC-R4PCC04U05:618623:619475 [3] NCCL INFO Connected to proxy localRank 3 -> connection 0x7f0138005728
MOC-R4PCC04U05:618623:619475 [3] NCCL INFO Channel 03/0 : 3[3] -> 7[3] [send] via NET/Socket/0
MOC-R4PCC04U05:618623:618764 [3] NCCL INFO New proxy recv connection 18 from local rank 3, transport 2
MOC-R4PCC04U05:618623:619475 [3] NCCL INFO Connected to proxy localRank 3 -> connection 0x7f01380057a0
MOC-R4PCC04U05:618623:619475 [3] NCCL INFO Channel 02/0 : 7[3] -> 3[3] [receive] via NET/Socket/0
MOC-R4PCC04U05:618623:618764 [3] NCCL INFO New proxy recv connection 19 from local rank 3, transport 2
MOC-R4PCC04U05:618623:619475 [3] NCCL INFO Connected to proxy localRank 3 -> connection 0x7f0138005818
MOC-R4PCC04U05:618623:619475 [3] NCCL INFO Channel 03/0 : 7[3] -> 3[3] [receive] via NET/Socket/0
MOC-R4PCC04U05:618623:618764 [3] NCCL INFO New proxy send connection 20 from local rank 3, transport 2
MOC-R4PCC04U05:618623:619475 [3] NCCL INFO Connected to proxy localRank 3 -> connection 0x7f0138005890
MOC-R4PCC04U05:618623:619475 [3] NCCL INFO Channel 00/0 : 3[3] -> 11[3] [send] via NET/Socket/0
MOC-R4PCC04U05:618623:618764 [3] NCCL INFO New proxy send connection 21 from local rank 3, transport 2
MOC-R4PCC04U05:618623:619475 [3] NCCL INFO Connected to proxy localRank 3 -> connection 0x7f0138005908
MOC-R4PCC04U05:618623:619475 [3] NCCL INFO Channel 01/0 : 3[3] -> 11[3] [send] via NET/Socket/0
MOC-R4PCC04U05:618623:618764 [3] NCCL INFO New proxy send connection 22 from local rank 3, transport 2
MOC-R4PCC04U05:618623:619475 [3] NCCL INFO Connected to proxy localRank 3 -> connection 0x7f0138005980
MOC-R4PCC04U05:618623:619475 [3] NCCL INFO Channel 02/0 : 3[3] -> 11[3] [send] via NET/Socket/0
MOC-R4PCC04U05:618623:618764 [3] NCCL INFO New proxy send connection 23 from local rank 3, transport 2
MOC-R4PCC04U05:618623:619475 [3] NCCL INFO Connected to proxy localRank 3 -> connection 0x7f01380059f8
MOC-R4PCC04U05:618623:619475 [3] NCCL INFO Channel 03/0 : 3[3] -> 11[3] [send] via NET/Socket/0
MOC-R4PCC04U05:618623:618764 [3] NCCL INFO New proxy send connection 24 from local rank 3, transport 0
MOC-R4PCC04U05:618623:619475 [3] NCCL INFO Connected to proxy localRank 3 -> connection 0x7f0138005a70
MOC-R4PCC04U05:618623:618764 [3] NCCL INFO New proxy send connection 25 from local rank 3, transport 0
MOC-R4PCC04U05:618623:619475 [3] NCCL INFO Connected to proxy localRank 3 -> connection 0x7f0138005ae8
MOC-R4PCC04U05:618623:618764 [3] NCCL INFO New proxy send connection 26 from local rank 3, transport 0
MOC-R4PCC04U05:618623:619475 [3] NCCL INFO Connected to proxy localRank 3 -> connection 0x7f0138005b60
MOC-R4PCC04U05:618623:618764 [3] NCCL INFO New proxy send connection 27 from local rank 3, transport 0
MOC-R4PCC04U05:618623:619475 [3] NCCL INFO Connected to proxy localRank 3 -> connection 0x7f0138005bd8
step    1/10 | train loss 11.010126 | norm 15.3256 | lr 1.00e-04 | (14719.02 ms | 267148 tok/s)
step    2/10 | train loss 10.140700 | norm 5.7406 | lr 1.00e-04 | (916.27 ms | 4291491 tok/s)
step    3/10 | train loss 9.801214 | norm 2.5999 | lr 1.00e-04 | (910.15 ms | 4320332 tok/s)
step    4/10 | train loss 9.632385 | norm 2.1070 | lr 1.00e-04 | (910.12 ms | 4320490 tok/s)
step    5/10 | train loss 9.549856 | norm 2.1011 | lr 1.00e-04 | (913.06 ms | 4306566 tok/s)
step    6/10 | train loss 9.469213 | norm 1.9918 | lr 1.00e-04 | (916.55 ms | 4290155 tok/s)
step    7/10 | train loss 9.384215 | norm 1.9429 | lr 1.00e-04 | (914.01 ms | 4302114 tok/s)
step    8/10 | train loss 9.293198 | norm 1.9110 | lr 1.00e-04 | (907.83 ms | 4331388 tok/s)
step    9/10 | train loss 9.198158 | norm 1.8587 | lr 1.00e-04 | (909.98 ms | 4321160 tok/s)
step   10/10 | train loss 9.112142 | norm 1.7911 | lr 1.00e-04 | (914.84 ms | 4298189 tok/s)
final 9 iters avg: 912.535ms
peak memory consumption: 16601 MiB
