Running pytorch 2.7.0+cu126
using device: cuda:0
total desired batch size: 2097152
=> calculated gradient accumulation steps: 4
using device: cuda:3
using device: cuda:1
using device: cuda:2
compiling the model...
DataLoader: total number of tokens: 1,661,249,667 across 103 files
MOC-R4PCC04U05:715346:715346 [0] NCCL INFO NCCL_SOCKET_IFNAME set to eno7np0
MOC-R4PCC04U05:715346:715346 [0] NCCL INFO NCCL version 2.26.2+cuda12.2
MOC-R4PCC04U05:715346:715454 [0] NCCL INFO NET/Plugin: Could not find: libnccl-net.so. Using internal net plugin.
MOC-R4PCC04U05:715346:715454 [0] NCCL INFO NET/Socket : Using [0]eno7np0:192.168.50.193<0>
MOC-R4PCC04U05:715349:715349 [3] NCCL INFO NCCL_SOCKET_IFNAME set to eno7np0
MOC-R4PCC04U05:715349:715349 [3] NCCL INFO NCCL version 2.26.2+cuda12.2
MOC-R4PCC04U05:715347:715347 [1] NCCL INFO NCCL_SOCKET_IFNAME set to eno7np0
MOC-R4PCC04U05:715348:715348 [2] NCCL INFO NCCL_SOCKET_IFNAME set to eno7np0
MOC-R4PCC04U05:715347:715347 [1] NCCL INFO NCCL version 2.26.2+cuda12.2
MOC-R4PCC04U05:715348:715348 [2] NCCL INFO NCCL version 2.26.2+cuda12.2
MOC-R4PCC04U05:715349:715476 [3] NCCL INFO NET/Plugin: Could not find: libnccl-net.so. Using internal net plugin.
MOC-R4PCC04U05:715349:715476 [3] NCCL INFO NET/Socket : Using [0]eno7np0:192.168.50.193<0>
MOC-R4PCC04U05:715348:715478 [2] NCCL INFO NET/Plugin: Could not find: libnccl-net.so. Using internal net plugin.
MOC-R4PCC04U05:715348:715478 [2] NCCL INFO NET/Socket : Using [0]eno7np0:192.168.50.193<0>
MOC-R4PCC04U05:715347:715477 [1] NCCL INFO NET/Plugin: Could not find: libnccl-net.so. Using internal net plugin.
MOC-R4PCC04U05:715347:715477 [1] NCCL INFO NET/Socket : Using [0]eno7np0:192.168.50.193<0>
MOC-R4PCC04U05:715346:715454 [0] NCCL INFO NET/Socket : GPU Direct RDMA Disabled for HCA 0 'eno7np0'
MOC-R4PCC04U05:715347:715477 [1] NCCL INFO NET/Socket : GPU Direct RDMA Disabled for HCA 0 'eno7np0'
MOC-R4PCC04U05:715349:715476 [3] NCCL INFO NET/Socket : GPU Direct RDMA Disabled for HCA 0 'eno7np0'
MOC-R4PCC04U05:715348:715478 [2] NCCL INFO NET/Socket : GPU Direct RDMA Disabled for HCA 0 'eno7np0'
MOC-R4PCC04U05:715348:715491 [2] NCCL INFO New proxy recv connection 0 from local rank 2, transport 0
MOC-R4PCC04U05:715348:715497 [2] NCCL INFO Connected to proxy localRank 2 -> connection 0x7f70b8004f30
MOC-R4PCC04U05:715348:715491 [2] NCCL INFO New proxy recv connection 1 from local rank 2, transport 0
MOC-R4PCC04U05:715348:715497 [2] NCCL INFO Connected to proxy localRank 2 -> connection 0x7f70b8004fa8
MOC-R4PCC04U05:715349:715489 [3] NCCL INFO New proxy recv connection 0 from local rank 3, transport 0
MOC-R4PCC04U05:715349:715498 [3] NCCL INFO Connected to proxy localRank 3 -> connection 0x7f8190004f30
MOC-R4PCC04U05:715349:715489 [3] NCCL INFO New proxy recv connection 1 from local rank 3, transport 0
MOC-R4PCC04U05:715349:715498 [3] NCCL INFO Connected to proxy localRank 3 -> connection 0x7f8190004fa8
MOC-R4PCC04U05:715347:715493 [1] NCCL INFO New proxy recv connection 0 from local rank 1, transport 0
MOC-R4PCC04U05:715347:715499 [1] NCCL INFO Connected to proxy localRank 1 -> connection 0x7f4918004f30
MOC-R4PCC04U05:715346:715490 [0] NCCL INFO New proxy send connection 0 from local rank 0, transport 0
MOC-R4PCC04U05:715346:715500 [0] NCCL INFO Connected to proxy localRank 0 -> connection 0x7f42b4004f30
MOC-R4PCC04U05:715347:715493 [1] NCCL INFO New proxy recv connection 1 from local rank 1, transport 0
MOC-R4PCC04U05:715347:715499 [1] NCCL INFO Connected to proxy localRank 1 -> connection 0x7f4918004fa8
MOC-R4PCC04U05:715346:715490 [0] NCCL INFO New proxy send connection 1 from local rank 0, transport 0
MOC-R4PCC04U05:715346:715500 [0] NCCL INFO Connected to proxy localRank 0 -> connection 0x7f42b4004fa8
MOC-R4PCC04U05:715346:715490 [0] NCCL INFO New proxy send connection 2 from local rank 0, transport 0
MOC-R4PCC04U05:715346:715500 [0] NCCL INFO Connected to proxy localRank 0 -> connection 0x7f42b4005020
MOC-R4PCC04U05:715346:715490 [0] NCCL INFO New proxy send connection 3 from local rank 0, transport 0
MOC-R4PCC04U05:715346:715500 [0] NCCL INFO Connected to proxy localRank 0 -> connection 0x7f42b4005098
MOC-R4PCC04U05:715349:715489 [3] NCCL INFO New proxy send connection 2 from local rank 3, transport 2
MOC-R4PCC04U05:715349:715498 [3] NCCL INFO Connected to proxy localRank 3 -> connection 0x7f8190005020
MOC-R4PCC04U05:715349:715498 [3] NCCL INFO Channel 00/0 : 3[3] -> 6[2] [send] via NET/Socket/0
MOC-R4PCC04U05:715349:715489 [3] NCCL INFO New proxy send connection 3 from local rank 3, transport 2
MOC-R4PCC04U05:715349:715498 [3] NCCL INFO Connected to proxy localRank 3 -> connection 0x7f8190005098
MOC-R4PCC04U05:715349:715498 [3] NCCL INFO Channel 02/0 : 3[3] -> 6[2] [send] via NET/Socket/0
MOC-R4PCC04U05:715346:715490 [0] NCCL INFO New proxy recv connection 4 from local rank 0, transport 0
MOC-R4PCC04U05:715346:715500 [0] NCCL INFO Connected to proxy localRank 0 -> connection 0x7f42b4005110
MOC-R4PCC04U05:715348:715491 [2] NCCL INFO New proxy recv connection 2 from local rank 2, transport 2
MOC-R4PCC04U05:715348:715497 [2] NCCL INFO Connected to proxy localRank 2 -> connection 0x7f70b8005020
MOC-R4PCC04U05:715348:715497 [2] NCCL INFO Channel 00/0 : 15[3] -> 2[2] [receive] via NET/Socket/0
MOC-R4PCC04U05:715348:715491 [2] NCCL INFO New proxy recv connection 3 from local rank 2, transport 2
MOC-R4PCC04U05:715348:715497 [2] NCCL INFO Connected to proxy localRank 2 -> connection 0x7f70b8005098
MOC-R4PCC04U05:715348:715497 [2] NCCL INFO Channel 02/0 : 15[3] -> 2[2] [receive] via NET/Socket/0
MOC-R4PCC04U05:715348:715491 [2] NCCL INFO New proxy send connection 4 from local rank 2, transport 2
MOC-R4PCC04U05:715348:715497 [2] NCCL INFO Connected to proxy localRank 2 -> connection 0x7f70b8005110
MOC-R4PCC04U05:715348:715497 [2] NCCL INFO Channel 01/0 : 2[2] -> 7[3] [send] via NET/Socket/0
MOC-R4PCC04U05:715348:715491 [2] NCCL INFO New proxy send connection 5 from local rank 2, transport 2
MOC-R4PCC04U05:715348:715497 [2] NCCL INFO Connected to proxy localRank 2 -> connection 0x7f70b8005188
MOC-R4PCC04U05:715348:715497 [2] NCCL INFO Channel 03/0 : 2[2] -> 7[3] [send] via NET/Socket/0
MOC-R4PCC04U05:715346:715490 [0] NCCL INFO New proxy recv connection 5 from local rank 0, transport 0
MOC-R4PCC04U05:715346:715500 [0] NCCL INFO Connected to proxy localRank 0 -> connection 0x7f42b4005188
MOC-R4PCC04U05:715346:715490 [0] NCCL INFO New proxy recv connection 6 from local rank 0, transport 0
MOC-R4PCC04U05:715346:715500 [0] NCCL INFO Connected to proxy localRank 0 -> connection 0x7f42b4005200
MOC-R4PCC04U05:715346:715490 [0] NCCL INFO New proxy recv connection 7 from local rank 0, transport 0
MOC-R4PCC04U05:715346:715500 [0] NCCL INFO Connected to proxy localRank 0 -> connection 0x7f42b4005278
MOC-R4PCC04U05:715349:715489 [3] NCCL INFO New proxy recv connection 4 from local rank 3, transport 2
MOC-R4PCC04U05:715349:715498 [3] NCCL INFO Connected to proxy localRank 3 -> connection 0x7f8190005110
MOC-R4PCC04U05:715349:715498 [3] NCCL INFO Channel 01/0 : 14[2] -> 3[3] [receive] via NET/Socket/0
MOC-R4PCC04U05:715349:715489 [3] NCCL INFO New proxy recv connection 5 from local rank 3, transport 2
MOC-R4PCC04U05:715349:715498 [3] NCCL INFO Connected to proxy localRank 3 -> connection 0x7f8190005188
MOC-R4PCC04U05:715349:715498 [3] NCCL INFO Channel 03/0 : 14[2] -> 3[3] [receive] via NET/Socket/0
MOC-R4PCC04U05:715349:715489 [3] NCCL INFO New proxy send connection 6 from local rank 3, transport 0
MOC-R4PCC04U05:715349:715498 [3] NCCL INFO Connected to proxy localRank 3 -> connection 0x7f8190005200
MOC-R4PCC04U05:715349:715489 [3] NCCL INFO New proxy send connection 7 from local rank 3, transport 0
MOC-R4PCC04U05:715349:715498 [3] NCCL INFO Connected to proxy localRank 3 -> connection 0x7f8190005278
MOC-R4PCC04U05:715347:715493 [1] NCCL INFO New proxy recv connection 2 from local rank 1, transport 0
MOC-R4PCC04U05:715346:715490 [0] NCCL INFO New proxy send connection 8 from local rank 3, transport 0
MOC-R4PCC04U05:715347:715499 [1] NCCL INFO Connected to proxy localRank 1 -> connection 0x7f4918005020
MOC-R4PCC04U05:715349:715498 [3] NCCL INFO Connected to proxy localRank 0 -> connection 0x7f42b40052f0
MOC-R4PCC04U05:715347:715493 [1] NCCL INFO New proxy recv connection 3 from local rank 1, transport 0
MOC-R4PCC04U05:715347:715499 [1] NCCL INFO Connected to proxy localRank 1 -> connection 0x7f4918005098
MOC-R4PCC04U05:715348:715491 [2] NCCL INFO New proxy send connection 6 from local rank 2, transport 0
MOC-R4PCC04U05:715348:715497 [2] NCCL INFO Connected to proxy localRank 2 -> connection 0x7f70b8005200
MOC-R4PCC04U05:715348:715491 [2] NCCL INFO New proxy send connection 7 from local rank 2, transport 0
MOC-R4PCC04U05:715348:715497 [2] NCCL INFO Connected to proxy localRank 2 -> connection 0x7f70b8005278
MOC-R4PCC04U05:715347:715493 [1] NCCL INFO New proxy send connection 4 from local rank 1, transport 0
MOC-R4PCC04U05:715347:715499 [1] NCCL INFO Connected to proxy localRank 1 -> connection 0x7f4918005110
MOC-R4PCC04U05:715347:715493 [1] NCCL INFO New proxy send connection 5 from local rank 1, transport 0
MOC-R4PCC04U05:715347:715499 [1] NCCL INFO Connected to proxy localRank 1 -> connection 0x7f4918005188
MOC-R4PCC04U05:715347:715493 [1] NCCL INFO New proxy send connection 6 from local rank 1, transport 0
MOC-R4PCC04U05:715347:715499 [1] NCCL INFO Connected to proxy localRank 1 -> connection 0x7f4918005200
MOC-R4PCC04U05:715347:715493 [1] NCCL INFO New proxy send connection 7 from local rank 1, transport 0
MOC-R4PCC04U05:715347:715499 [1] NCCL INFO Connected to proxy localRank 1 -> connection 0x7f4918005278
MOC-R4PCC04U05:715346:715490 [0] NCCL INFO New proxy send connection 9 from local rank 2, transport 0
MOC-R4PCC04U05:715348:715497 [2] NCCL INFO Connected to proxy localRank 0 -> connection 0x7f42b4005368
MOC-R4PCC04U05:715348:715491 [2] NCCL INFO New proxy send connection 8 from local rank 0, transport 0
MOC-R4PCC04U05:715346:715500 [0] NCCL INFO Connected to proxy localRank 2 -> connection 0x7f70b80052f0
MOC-R4PCC04U05:715349:715489 [3] NCCL INFO New proxy send connection 8 from local rank 1, transport 0
MOC-R4PCC04U05:715347:715499 [1] NCCL INFO Connected to proxy localRank 3 -> connection 0x7f81900052f0
MOC-R4PCC04U05:715347:715493 [1] NCCL INFO New proxy send connection 8 from local rank 3, transport 0
MOC-R4PCC04U05:715349:715498 [3] NCCL INFO Connected to proxy localRank 1 -> connection 0x7f49180052f0
MOC-R4PCC04U05:715347:715493 [1] NCCL INFO New proxy send connection 9 from local rank 2, transport 0
MOC-R4PCC04U05:715348:715497 [2] NCCL INFO Connected to proxy localRank 1 -> connection 0x7f4918005368
MOC-R4PCC04U05:715349:715489 [3] NCCL INFO New proxy send connection 9 from local rank 0, transport 0
MOC-R4PCC04U05:715346:715500 [0] NCCL INFO Connected to proxy localRank 3 -> connection 0x7f8190005368
MOC-R4PCC04U05:715346:715490 [0] NCCL INFO New proxy send connection 10 from local rank 1, transport 0
MOC-R4PCC04U05:715347:715499 [1] NCCL INFO Connected to proxy localRank 0 -> connection 0x7f42b40053e0
MOC-R4PCC04U05:715347:715493 [1] NCCL INFO New proxy send connection 10 from local rank 0, transport 0
MOC-R4PCC04U05:715346:715500 [0] NCCL INFO Connected to proxy localRank 1 -> connection 0x7f49180053e0
MOC-R4PCC04U05:715348:715491 [2] NCCL INFO New proxy send connection 9 from local rank 1, transport 0
MOC-R4PCC04U05:715347:715499 [1] NCCL INFO Connected to proxy localRank 2 -> connection 0x7f70b8005368
num decayed parameter tensors: 50, with 124,318,464 parameters
num non-decayed parameter tensors: 98, with 121,344 parameters
using fused AdamW: False
using regular AdamW
MOC-R4PCC04U05:715349:715489 [3] NCCL INFO New proxy recv connection 10 from local rank 3, transport 0
MOC-R4PCC04U05:715349:716207 [3] NCCL INFO Connected to proxy localRank 3 -> connection 0x7f81900053e0
MOC-R4PCC04U05:715349:715489 [3] NCCL INFO New proxy recv connection 11 from local rank 3, transport 0
MOC-R4PCC04U05:715349:716207 [3] NCCL INFO Connected to proxy localRank 3 -> connection 0x7f8190005458
MOC-R4PCC04U05:715346:715490 [0] NCCL INFO New proxy send connection 11 from local rank 0, transport 0
MOC-R4PCC04U05:715346:716208 [0] NCCL INFO Connected to proxy localRank 0 -> connection 0x7f42b4005458
MOC-R4PCC04U05:715346:715490 [0] NCCL INFO New proxy send connection 12 from local rank 0, transport 0
MOC-R4PCC04U05:715346:716208 [0] NCCL INFO Connected to proxy localRank 0 -> connection 0x7f42b40054d0
MOC-R4PCC04U05:715346:715490 [0] NCCL INFO New proxy send connection 13 from local rank 0, transport 0
MOC-R4PCC04U05:715346:716208 [0] NCCL INFO Connected to proxy localRank 0 -> connection 0x7f42b4005548
MOC-R4PCC04U05:715346:715490 [0] NCCL INFO New proxy send connection 14 from local rank 0, transport 0
MOC-R4PCC04U05:715346:716208 [0] NCCL INFO Connected to proxy localRank 0 -> connection 0x7f42b40055c0
MOC-R4PCC04U05:715347:715493 [1] NCCL INFO New proxy recv connection 11 from local rank 1, transport 0
MOC-R4PCC04U05:715347:716209 [1] NCCL INFO Connected to proxy localRank 1 -> connection 0x7f4918005458
MOC-R4PCC04U05:715347:715493 [1] NCCL INFO New proxy recv connection 12 from local rank 1, transport 0
MOC-R4PCC04U05:715347:716209 [1] NCCL INFO Connected to proxy localRank 1 -> connection 0x7f49180054d0
MOC-R4PCC04U05:715347:715493 [1] NCCL INFO New proxy recv connection 13 from local rank 1, transport 0
MOC-R4PCC04U05:715347:716209 [1] NCCL INFO Connected to proxy localRank 1 -> connection 0x7f4918005548
MOC-R4PCC04U05:715347:715493 [1] NCCL INFO New proxy recv connection 14 from local rank 1, transport 0
MOC-R4PCC04U05:715347:716209 [1] NCCL INFO Connected to proxy localRank 1 -> connection 0x7f49180055c0
MOC-R4PCC04U05:715347:715493 [1] NCCL INFO New proxy send connection 15 from local rank 1, transport 0
MOC-R4PCC04U05:715347:716209 [1] NCCL INFO Connected to proxy localRank 1 -> connection 0x7f4918005638
MOC-R4PCC04U05:715347:715493 [1] NCCL INFO New proxy send connection 16 from local rank 1, transport 0
MOC-R4PCC04U05:715347:716209 [1] NCCL INFO Connected to proxy localRank 1 -> connection 0x7f49180056b0
MOC-R4PCC04U05:715347:715493 [1] NCCL INFO New proxy send connection 17 from local rank 1, transport 0
MOC-R4PCC04U05:715347:716209 [1] NCCL INFO Connected to proxy localRank 1 -> connection 0x7f4918005728
MOC-R4PCC04U05:715347:715493 [1] NCCL INFO New proxy send connection 18 from local rank 1, transport 0
MOC-R4PCC04U05:715347:716209 [1] NCCL INFO Connected to proxy localRank 1 -> connection 0x7f49180057a0
MOC-R4PCC04U05:715346:715490 [0] NCCL INFO New proxy send connection 15 from local rank 0, transport 0
MOC-R4PCC04U05:715346:716208 [0] NCCL INFO Connected to proxy localRank 0 -> connection 0x7f42b4005638
MOC-R4PCC04U05:715346:715490 [0] NCCL INFO New proxy send connection 16 from local rank 0, transport 0
MOC-R4PCC04U05:715346:716208 [0] NCCL INFO Connected to proxy localRank 0 -> connection 0x7f42b40056b0
MOC-R4PCC04U05:715346:715490 [0] NCCL INFO New proxy recv connection 17 from local rank 0, transport 0
MOC-R4PCC04U05:715346:716208 [0] NCCL INFO Connected to proxy localRank 0 -> connection 0x7f42b4005728
MOC-R4PCC04U05:715349:715489 [3] NCCL INFO New proxy send connection 12 from local rank 3, transport 2
MOC-R4PCC04U05:715349:716207 [3] NCCL INFO Connected to proxy localRank 3 -> connection 0x7f81900054d0
MOC-R4PCC04U05:715349:716207 [3] NCCL INFO Channel 02/0 : 3[3] -> 7[3] [send] via NET/Socket/0
MOC-R4PCC04U05:715349:715489 [3] NCCL INFO New proxy send connection 13 from local rank 3, transport 2
MOC-R4PCC04U05:715349:716207 [3] NCCL INFO Connected to proxy localRank 3 -> connection 0x7f8190005548
MOC-R4PCC04U05:715346:715490 [0] NCCL INFO New proxy recv connection 18 from local rank 0, transport 0
MOC-R4PCC04U05:715346:716208 [0] NCCL INFO Connected to proxy localRank 0 -> connection 0x7f42b40057a0
MOC-R4PCC04U05:715349:716207 [3] NCCL INFO Channel 03/0 : 3[3] -> 7[3] [send] via NET/Socket/0
MOC-R4PCC04U05:715346:715490 [0] NCCL INFO New proxy recv connection 19 from local rank 0, transport 0
MOC-R4PCC04U05:715346:716208 [0] NCCL INFO Connected to proxy localRank 0 -> connection 0x7f42b4005818
MOC-R4PCC04U05:715346:715490 [0] NCCL INFO New proxy recv connection 20 from local rank 0, transport 0
MOC-R4PCC04U05:715346:716208 [0] NCCL INFO Connected to proxy localRank 0 -> connection 0x7f42b4005890
MOC-R4PCC04U05:715349:715489 [3] NCCL INFO New proxy recv connection 14 from local rank 3, transport 2
MOC-R4PCC04U05:715349:716207 [3] NCCL INFO Connected to proxy localRank 3 -> connection 0x7f81900055c0
MOC-R4PCC04U05:715349:716207 [3] NCCL INFO Channel 00/0 : 11[3] -> 3[3] [receive] via NET/Socket/0
MOC-R4PCC04U05:715349:715489 [3] NCCL INFO New proxy recv connection 15 from local rank 3, transport 2
MOC-R4PCC04U05:715349:716207 [3] NCCL INFO Connected to proxy localRank 3 -> connection 0x7f8190005638
MOC-R4PCC04U05:715349:716207 [3] NCCL INFO Channel 01/0 : 11[3] -> 3[3] [receive] via NET/Socket/0
MOC-R4PCC04U05:715349:715489 [3] NCCL INFO New proxy send connection 16 from local rank 3, transport 2
MOC-R4PCC04U05:715349:716207 [3] NCCL INFO Connected to proxy localRank 3 -> connection 0x7f81900056b0
MOC-R4PCC04U05:715349:716207 [3] NCCL INFO Channel 00/0 : 3[3] -> 11[3] [send] via NET/Socket/0
MOC-R4PCC04U05:715349:715489 [3] NCCL INFO New proxy send connection 17 from local rank 3, transport 2
MOC-R4PCC04U05:715349:716207 [3] NCCL INFO Connected to proxy localRank 3 -> connection 0x7f8190005728
MOC-R4PCC04U05:715349:716207 [3] NCCL INFO Channel 01/0 : 3[3] -> 11[3] [send] via NET/Socket/0
MOC-R4PCC04U05:715348:715491 [2] NCCL INFO New proxy recv connection 10 from local rank 2, transport 0
MOC-R4PCC04U05:715348:716210 [2] NCCL INFO Connected to proxy localRank 2 -> connection 0x7f70b80053e0
MOC-R4PCC04U05:715348:715491 [2] NCCL INFO New proxy recv connection 11 from local rank 2, transport 0
MOC-R4PCC04U05:715348:716210 [2] NCCL INFO Connected to proxy localRank 2 -> connection 0x7f70b8005458
MOC-R4PCC04U05:715348:715491 [2] NCCL INFO New proxy recv connection 12 from local rank 2, transport 0
MOC-R4PCC04U05:715348:716210 [2] NCCL INFO Connected to proxy localRank 2 -> connection 0x7f70b80054d0
MOC-R4PCC04U05:715348:715491 [2] NCCL INFO New proxy recv connection 13 from local rank 2, transport 0
MOC-R4PCC04U05:715348:716210 [2] NCCL INFO Connected to proxy localRank 2 -> connection 0x7f70b8005548
MOC-R4PCC04U05:715348:715491 [2] NCCL INFO New proxy send connection 14 from local rank 2, transport 0
MOC-R4PCC04U05:715348:716210 [2] NCCL INFO Connected to proxy localRank 2 -> connection 0x7f70b80055c0
MOC-R4PCC04U05:715347:715493 [1] NCCL INFO New proxy recv connection 19 from local rank 1, transport 0
MOC-R4PCC04U05:715347:716209 [1] NCCL INFO Connected to proxy localRank 1 -> connection 0x7f4918005818
MOC-R4PCC04U05:715348:715491 [2] NCCL INFO New proxy send connection 15 from local rank 2, transport 0
MOC-R4PCC04U05:715348:716210 [2] NCCL INFO Connected to proxy localRank 2 -> connection 0x7f70b8005638
MOC-R4PCC04U05:715347:715493 [1] NCCL INFO New proxy recv connection 20 from local rank 1, transport 0
MOC-R4PCC04U05:715347:716209 [1] NCCL INFO Connected to proxy localRank 1 -> connection 0x7f4918005890
MOC-R4PCC04U05:715349:715489 [3] NCCL INFO New proxy recv connection 18 from local rank 3, transport 2
MOC-R4PCC04U05:715349:716207 [3] NCCL INFO Connected to proxy localRank 3 -> connection 0x7f81900057a0
MOC-R4PCC04U05:715349:716207 [3] NCCL INFO Channel 02/0 : 7[3] -> 3[3] [receive] via NET/Socket/0
MOC-R4PCC04U05:715349:715489 [3] NCCL INFO New proxy recv connection 19 from local rank 3, transport 2
MOC-R4PCC04U05:715349:716207 [3] NCCL INFO Connected to proxy localRank 3 -> connection 0x7f8190005818
MOC-R4PCC04U05:715349:716207 [3] NCCL INFO Channel 03/0 : 7[3] -> 3[3] [receive] via NET/Socket/0
MOC-R4PCC04U05:715349:715489 [3] NCCL INFO New proxy send connection 20 from local rank 3, transport 0
MOC-R4PCC04U05:715349:716207 [3] NCCL INFO Connected to proxy localRank 3 -> connection 0x7f8190005890
MOC-R4PCC04U05:715349:715489 [3] NCCL INFO New proxy send connection 21 from local rank 3, transport 0
MOC-R4PCC04U05:715349:716207 [3] NCCL INFO Connected to proxy localRank 3 -> connection 0x7f8190005908
MOC-R4PCC04U05:715349:715489 [3] NCCL INFO New proxy send connection 22 from local rank 3, transport 0
MOC-R4PCC04U05:715349:716207 [3] NCCL INFO Connected to proxy localRank 3 -> connection 0x7f8190005980
MOC-R4PCC04U05:715349:715489 [3] NCCL INFO New proxy send connection 23 from local rank 3, transport 0
MOC-R4PCC04U05:715349:716207 [3] NCCL INFO Connected to proxy localRank 3 -> connection 0x7f81900059f8
step    1/10 | train loss 11.009806 | norm 15.3617 | lr 1.00e-04 | (14235.13 ms | 147322 tok/s)
step    2/10 | train loss 10.138537 | norm 5.7423 | lr 1.00e-04 | (424.89 ms | 4935722 tok/s)
step    3/10 | train loss 9.797909 | norm 2.6066 | lr 1.00e-04 | (424.79 ms | 4936949 tok/s)
step    4/10 | train loss 9.628576 | norm 2.1114 | lr 1.00e-04 | (420.35 ms | 4989069 tok/s)
step    5/10 | train loss 9.545596 | norm 2.1044 | lr 1.00e-04 | (419.80 ms | 4995555 tok/s)
step    6/10 | train loss 9.464417 | norm 1.9969 | lr 1.00e-04 | (419.46 ms | 4999598 tok/s)
step    7/10 | train loss 9.378775 | norm 1.9478 | lr 1.00e-04 | (483.35 ms | 4338742 tok/s)
step    8/10 | train loss 9.286814 | norm 1.9138 | lr 1.00e-04 | (420.34 ms | 4989228 tok/s)
step    9/10 | train loss 9.191320 | norm 1.8554 | lr 1.00e-04 | (424.77 ms | 4937165 tok/s)
step   10/10 | train loss 9.107035 | norm 1.7972 | lr 1.00e-04 | (417.41 ms | 5024174 tok/s)
final 9 iters avg: 428.352ms
peak memory consumption: 16601 MiB
