Running pytorch 2.7.0+cu126
using device: cuda:0
total desired batch size: 1048576
=> calculated gradient accumulation steps: 2
using device: cuda:1
using device: cuda:3
using device: cuda:2
compiling the model...
DataLoader: total number of tokens: 1,661,249,667 across 103 files
MOC-R4PCC04U05:653785:653785 [0] NCCL INFO NCCL_SOCKET_IFNAME set to eno7np0
MOC-R4PCC04U05:653785:653785 [0] NCCL INFO NCCL version 2.26.2+cuda12.2
MOC-R4PCC04U05:653785:653892 [0] NCCL INFO NET/Plugin: Could not find: libnccl-net.so. Using internal net plugin.
MOC-R4PCC04U05:653785:653892 [0] NCCL INFO NET/Socket : Using [0]eno7np0:192.168.50.193<0>
MOC-R4PCC04U05:653786:653786 [1] NCCL INFO NCCL_SOCKET_IFNAME set to eno7np0
MOC-R4PCC04U05:653787:653787 [2] NCCL INFO NCCL_SOCKET_IFNAME set to eno7np0
MOC-R4PCC04U05:653786:653786 [1] NCCL INFO NCCL version 2.26.2+cuda12.2
MOC-R4PCC04U05:653787:653787 [2] NCCL INFO NCCL version 2.26.2+cuda12.2
MOC-R4PCC04U05:653788:653788 [3] NCCL INFO NCCL_SOCKET_IFNAME set to eno7np0
MOC-R4PCC04U05:653788:653788 [3] NCCL INFO NCCL version 2.26.2+cuda12.2
MOC-R4PCC04U05:653787:653915 [2] NCCL INFO NET/Plugin: Could not find: libnccl-net.so. Using internal net plugin.
MOC-R4PCC04U05:653786:653914 [1] NCCL INFO NET/Plugin: Could not find: libnccl-net.so. Using internal net plugin.
MOC-R4PCC04U05:653787:653915 [2] NCCL INFO NET/Socket : Using [0]eno7np0:192.168.50.193<0>
MOC-R4PCC04U05:653786:653914 [1] NCCL INFO NET/Socket : Using [0]eno7np0:192.168.50.193<0>
MOC-R4PCC04U05:653788:653916 [3] NCCL INFO NET/Plugin: Could not find: libnccl-net.so. Using internal net plugin.
MOC-R4PCC04U05:653788:653916 [3] NCCL INFO NET/Socket : Using [0]eno7np0:192.168.50.193<0>
MOC-R4PCC04U05:653786:653914 [1] NCCL INFO NET/Socket : GPU Direct RDMA Disabled for HCA 0 'eno7np0'
MOC-R4PCC04U05:653787:653915 [2] NCCL INFO NET/Socket : GPU Direct RDMA Disabled for HCA 0 'eno7np0'
MOC-R4PCC04U05:653788:653916 [3] NCCL INFO NET/Socket : GPU Direct RDMA Disabled for HCA 0 'eno7np0'
MOC-R4PCC04U05:653785:653892 [0] NCCL INFO NET/Socket : GPU Direct RDMA Disabled for HCA 0 'eno7np0'
MOC-R4PCC04U05:653787:653941 [2] NCCL INFO New proxy recv connection 0 from local rank 2, transport 0
MOC-R4PCC04U05:653787:654000 [2] NCCL INFO Connected to proxy localRank 2 -> connection 0x7f9320004f30
MOC-R4PCC04U05:653788:653942 [3] NCCL INFO New proxy recv connection 0 from local rank 3, transport 0
MOC-R4PCC04U05:653788:654001 [3] NCCL INFO Connected to proxy localRank 3 -> connection 0x7fc614004f30
MOC-R4PCC04U05:653787:653941 [2] NCCL INFO New proxy recv connection 1 from local rank 2, transport 0
MOC-R4PCC04U05:653787:654000 [2] NCCL INFO Connected to proxy localRank 2 -> connection 0x7f9320004fa8
MOC-R4PCC04U05:653788:653942 [3] NCCL INFO New proxy recv connection 1 from local rank 3, transport 0
MOC-R4PCC04U05:653788:654001 [3] NCCL INFO Connected to proxy localRank 3 -> connection 0x7fc614004fa8
MOC-R4PCC04U05:653786:653947 [1] NCCL INFO New proxy recv connection 0 from local rank 1, transport 0
MOC-R4PCC04U05:653786:654002 [1] NCCL INFO Connected to proxy localRank 1 -> connection 0x7f3448004f30
MOC-R4PCC04U05:653786:653947 [1] NCCL INFO New proxy recv connection 1 from local rank 1, transport 0
MOC-R4PCC04U05:653786:654002 [1] NCCL INFO Connected to proxy localRank 1 -> connection 0x7f3448004fa8
MOC-R4PCC04U05:653785:653945 [0] NCCL INFO New proxy send connection 0 from local rank 0, transport 0
MOC-R4PCC04U05:653785:654003 [0] NCCL INFO Connected to proxy localRank 0 -> connection 0x7fb260004f30
MOC-R4PCC04U05:653785:653945 [0] NCCL INFO New proxy send connection 1 from local rank 0, transport 0
MOC-R4PCC04U05:653785:654003 [0] NCCL INFO Connected to proxy localRank 0 -> connection 0x7fb260004fa8
MOC-R4PCC04U05:653785:653945 [0] NCCL INFO New proxy send connection 2 from local rank 0, transport 0
MOC-R4PCC04U05:653785:654003 [0] NCCL INFO Connected to proxy localRank 0 -> connection 0x7fb260005020
MOC-R4PCC04U05:653785:653945 [0] NCCL INFO New proxy send connection 3 from local rank 0, transport 0
MOC-R4PCC04U05:653785:654003 [0] NCCL INFO Connected to proxy localRank 0 -> connection 0x7fb260005098
MOC-R4PCC04U05:653788:653942 [3] NCCL INFO New proxy send connection 2 from local rank 3, transport 2
MOC-R4PCC04U05:653788:654001 [3] NCCL INFO Connected to proxy localRank 3 -> connection 0x7fc614005020
MOC-R4PCC04U05:653788:654001 [3] NCCL INFO Channel 00/0 : 3[3] -> 6[2] [send] via NET/Socket/0
MOC-R4PCC04U05:653788:653942 [3] NCCL INFO New proxy send connection 3 from local rank 3, transport 2
MOC-R4PCC04U05:653788:654001 [3] NCCL INFO Connected to proxy localRank 3 -> connection 0x7fc614005098
MOC-R4PCC04U05:653788:654001 [3] NCCL INFO Channel 02/0 : 3[3] -> 6[2] [send] via NET/Socket/0
MOC-R4PCC04U05:653785:653945 [0] NCCL INFO New proxy recv connection 4 from local rank 0, transport 0
MOC-R4PCC04U05:653785:654003 [0] NCCL INFO Connected to proxy localRank 0 -> connection 0x7fb260005110
MOC-R4PCC04U05:653785:653945 [0] NCCL INFO New proxy recv connection 5 from local rank 0, transport 0
MOC-R4PCC04U05:653785:654003 [0] NCCL INFO Connected to proxy localRank 0 -> connection 0x7fb260005188
MOC-R4PCC04U05:653788:653942 [3] NCCL INFO New proxy recv connection 4 from local rank 3, transport 2
MOC-R4PCC04U05:653788:654001 [3] NCCL INFO Connected to proxy localRank 3 -> connection 0x7fc614005110
MOC-R4PCC04U05:653785:653945 [0] NCCL INFO New proxy recv connection 6 from local rank 0, transport 0
MOC-R4PCC04U05:653785:654003 [0] NCCL INFO Connected to proxy localRank 0 -> connection 0x7fb260005200
MOC-R4PCC04U05:653788:654001 [3] NCCL INFO Channel 01/0 : 14[2] -> 3[3] [receive] via NET/Socket/0
MOC-R4PCC04U05:653788:653942 [3] NCCL INFO New proxy recv connection 5 from local rank 3, transport 2
MOC-R4PCC04U05:653785:653945 [0] NCCL INFO New proxy recv connection 7 from local rank 0, transport 0
MOC-R4PCC04U05:653788:654001 [3] NCCL INFO Connected to proxy localRank 3 -> connection 0x7fc614005188
MOC-R4PCC04U05:653785:654003 [0] NCCL INFO Connected to proxy localRank 0 -> connection 0x7fb260005278
MOC-R4PCC04U05:653788:654001 [3] NCCL INFO Channel 03/0 : 14[2] -> 3[3] [receive] via NET/Socket/0
MOC-R4PCC04U05:653788:653942 [3] NCCL INFO New proxy send connection 6 from local rank 3, transport 0
MOC-R4PCC04U05:653788:654001 [3] NCCL INFO Connected to proxy localRank 3 -> connection 0x7fc614005200
MOC-R4PCC04U05:653788:653942 [3] NCCL INFO New proxy send connection 7 from local rank 3, transport 0
MOC-R4PCC04U05:653788:654001 [3] NCCL INFO Connected to proxy localRank 3 -> connection 0x7fc614005278
MOC-R4PCC04U05:653786:653947 [1] NCCL INFO New proxy recv connection 2 from local rank 1, transport 0
MOC-R4PCC04U05:653786:654002 [1] NCCL INFO Connected to proxy localRank 1 -> connection 0x7f3448005020
MOC-R4PCC04U05:653785:653945 [0] NCCL INFO New proxy send connection 8 from local rank 3, transport 0
MOC-R4PCC04U05:653788:654001 [3] NCCL INFO Connected to proxy localRank 0 -> connection 0x7fb2600052f0
MOC-R4PCC04U05:653786:653947 [1] NCCL INFO New proxy recv connection 3 from local rank 1, transport 0
MOC-R4PCC04U05:653786:654002 [1] NCCL INFO Connected to proxy localRank 1 -> connection 0x7f3448005098
MOC-R4PCC04U05:653787:653941 [2] NCCL INFO New proxy recv connection 2 from local rank 2, transport 2
MOC-R4PCC04U05:653787:654000 [2] NCCL INFO Connected to proxy localRank 2 -> connection 0x7f9320005020
MOC-R4PCC04U05:653787:654000 [2] NCCL INFO Channel 00/0 : 15[3] -> 2[2] [receive] via NET/Socket/0
MOC-R4PCC04U05:653787:653941 [2] NCCL INFO New proxy recv connection 3 from local rank 2, transport 2
MOC-R4PCC04U05:653787:654000 [2] NCCL INFO Connected to proxy localRank 2 -> connection 0x7f9320005098
MOC-R4PCC04U05:653787:654000 [2] NCCL INFO Channel 02/0 : 15[3] -> 2[2] [receive] via NET/Socket/0
MOC-R4PCC04U05:653787:653941 [2] NCCL INFO New proxy send connection 4 from local rank 2, transport 2
MOC-R4PCC04U05:653787:654000 [2] NCCL INFO Connected to proxy localRank 2 -> connection 0x7f9320005110
MOC-R4PCC04U05:653787:654000 [2] NCCL INFO Channel 01/0 : 2[2] -> 7[3] [send] via NET/Socket/0
MOC-R4PCC04U05:653787:653941 [2] NCCL INFO New proxy send connection 5 from local rank 2, transport 2
MOC-R4PCC04U05:653787:654000 [2] NCCL INFO Connected to proxy localRank 2 -> connection 0x7f9320005188
MOC-R4PCC04U05:653787:654000 [2] NCCL INFO Channel 03/0 : 2[2] -> 7[3] [send] via NET/Socket/0
MOC-R4PCC04U05:653787:653941 [2] NCCL INFO New proxy send connection 6 from local rank 2, transport 0
MOC-R4PCC04U05:653787:654000 [2] NCCL INFO Connected to proxy localRank 2 -> connection 0x7f9320005200
MOC-R4PCC04U05:653786:653947 [1] NCCL INFO New proxy send connection 4 from local rank 1, transport 0
MOC-R4PCC04U05:653786:654002 [1] NCCL INFO Connected to proxy localRank 1 -> connection 0x7f3448005110
MOC-R4PCC04U05:653787:653941 [2] NCCL INFO New proxy send connection 7 from local rank 2, transport 0
MOC-R4PCC04U05:653787:654000 [2] NCCL INFO Connected to proxy localRank 2 -> connection 0x7f9320005278
MOC-R4PCC04U05:653786:653947 [1] NCCL INFO New proxy send connection 5 from local rank 1, transport 0
MOC-R4PCC04U05:653786:654002 [1] NCCL INFO Connected to proxy localRank 1 -> connection 0x7f3448005188
MOC-R4PCC04U05:653786:653947 [1] NCCL INFO New proxy send connection 6 from local rank 1, transport 0
MOC-R4PCC04U05:653786:654002 [1] NCCL INFO Connected to proxy localRank 1 -> connection 0x7f3448005200
MOC-R4PCC04U05:653786:653947 [1] NCCL INFO New proxy send connection 7 from local rank 1, transport 0
MOC-R4PCC04U05:653786:654002 [1] NCCL INFO Connected to proxy localRank 1 -> connection 0x7f3448005278
MOC-R4PCC04U05:653785:653945 [0] NCCL INFO New proxy send connection 9 from local rank 2, transport 0
MOC-R4PCC04U05:653787:654000 [2] NCCL INFO Connected to proxy localRank 0 -> connection 0x7fb260005368
MOC-R4PCC04U05:653787:653941 [2] NCCL INFO New proxy send connection 8 from local rank 0, transport 0
MOC-R4PCC04U05:653785:654003 [0] NCCL INFO Connected to proxy localRank 2 -> connection 0x7f93200052f0
MOC-R4PCC04U05:653788:653942 [3] NCCL INFO New proxy send connection 8 from local rank 1, transport 0
MOC-R4PCC04U05:653786:654002 [1] NCCL INFO Connected to proxy localRank 3 -> connection 0x7fc6140052f0
MOC-R4PCC04U05:653786:653947 [1] NCCL INFO New proxy send connection 8 from local rank 3, transport 0
MOC-R4PCC04U05:653788:654001 [3] NCCL INFO Connected to proxy localRank 1 -> connection 0x7f34480052f0
MOC-R4PCC04U05:653786:653947 [1] NCCL INFO New proxy send connection 9 from local rank 2, transport 0
MOC-R4PCC04U05:653787:654000 [2] NCCL INFO Connected to proxy localRank 1 -> connection 0x7f3448005368
MOC-R4PCC04U05:653788:653942 [3] NCCL INFO New proxy send connection 9 from local rank 0, transport 0
MOC-R4PCC04U05:653785:654003 [0] NCCL INFO Connected to proxy localRank 3 -> connection 0x7fc614005368
MOC-R4PCC04U05:653785:653945 [0] NCCL INFO New proxy send connection 10 from local rank 1, transport 0
MOC-R4PCC04U05:653786:654002 [1] NCCL INFO Connected to proxy localRank 0 -> connection 0x7fb2600053e0
MOC-R4PCC04U05:653787:653941 [2] NCCL INFO New proxy send connection 9 from local rank 1, transport 0
MOC-R4PCC04U05:653786:654002 [1] NCCL INFO Connected to proxy localRank 2 -> connection 0x7f9320005368
MOC-R4PCC04U05:653786:653947 [1] NCCL INFO New proxy send connection 10 from local rank 0, transport 0
MOC-R4PCC04U05:653785:654003 [0] NCCL INFO Connected to proxy localRank 1 -> connection 0x7f34480053e0
num decayed parameter tensors: 50, with 124,318,464 parameters
num non-decayed parameter tensors: 98, with 121,344 parameters
using fused AdamW: False
using regular AdamW
MOC-R4PCC04U05:653785:653945 [0] NCCL INFO New proxy send connection 11 from local rank 0, transport 0
MOC-R4PCC04U05:653785:654692 [0] NCCL INFO Connected to proxy localRank 0 -> connection 0x7fb260005458
MOC-R4PCC04U05:653785:653945 [0] NCCL INFO New proxy send connection 12 from local rank 0, transport 0
MOC-R4PCC04U05:653785:654692 [0] NCCL INFO Connected to proxy localRank 0 -> connection 0x7fb2600054d0
MOC-R4PCC04U05:653785:653945 [0] NCCL INFO New proxy send connection 13 from local rank 0, transport 0
MOC-R4PCC04U05:653785:654692 [0] NCCL INFO Connected to proxy localRank 0 -> connection 0x7fb260005548
MOC-R4PCC04U05:653785:653945 [0] NCCL INFO New proxy send connection 14 from local rank 0, transport 0
MOC-R4PCC04U05:653785:654692 [0] NCCL INFO Connected to proxy localRank 0 -> connection 0x7fb2600055c0
MOC-R4PCC04U05:653786:653947 [1] NCCL INFO New proxy recv connection 11 from local rank 1, transport 0
MOC-R4PCC04U05:653786:654693 [1] NCCL INFO Connected to proxy localRank 1 -> connection 0x7f3448005458
MOC-R4PCC04U05:653786:653947 [1] NCCL INFO New proxy recv connection 12 from local rank 1, transport 0
MOC-R4PCC04U05:653786:654693 [1] NCCL INFO Connected to proxy localRank 1 -> connection 0x7f34480054d0
MOC-R4PCC04U05:653786:653947 [1] NCCL INFO New proxy recv connection 13 from local rank 1, transport 0
MOC-R4PCC04U05:653786:654693 [1] NCCL INFO Connected to proxy localRank 1 -> connection 0x7f3448005548
MOC-R4PCC04U05:653786:653947 [1] NCCL INFO New proxy recv connection 14 from local rank 1, transport 0
MOC-R4PCC04U05:653786:654693 [1] NCCL INFO Connected to proxy localRank 1 -> connection 0x7f34480055c0
MOC-R4PCC04U05:653786:653947 [1] NCCL INFO New proxy send connection 15 from local rank 1, transport 0
MOC-R4PCC04U05:653786:654693 [1] NCCL INFO Connected to proxy localRank 1 -> connection 0x7f3448005638
MOC-R4PCC04U05:653786:653947 [1] NCCL INFO New proxy send connection 16 from local rank 1, transport 0
MOC-R4PCC04U05:653786:654693 [1] NCCL INFO Connected to proxy localRank 1 -> connection 0x7f34480056b0
MOC-R4PCC04U05:653786:653947 [1] NCCL INFO New proxy send connection 17 from local rank 1, transport 0
MOC-R4PCC04U05:653786:654693 [1] NCCL INFO Connected to proxy localRank 1 -> connection 0x7f3448005728
MOC-R4PCC04U05:653786:653947 [1] NCCL INFO New proxy send connection 18 from local rank 1, transport 0
MOC-R4PCC04U05:653786:654693 [1] NCCL INFO Connected to proxy localRank 1 -> connection 0x7f34480057a0
MOC-R4PCC04U05:653785:653945 [0] NCCL INFO New proxy send connection 15 from local rank 0, transport 0
MOC-R4PCC04U05:653785:654692 [0] NCCL INFO Connected to proxy localRank 0 -> connection 0x7fb260005638
MOC-R4PCC04U05:653785:653945 [0] NCCL INFO New proxy send connection 16 from local rank 0, transport 0
MOC-R4PCC04U05:653785:654692 [0] NCCL INFO Connected to proxy localRank 0 -> connection 0x7fb2600056b0
MOC-R4PCC04U05:653787:653941 [2] NCCL INFO New proxy recv connection 10 from local rank 2, transport 0
MOC-R4PCC04U05:653787:654694 [2] NCCL INFO Connected to proxy localRank 2 -> connection 0x7f93200053e0
MOC-R4PCC04U05:653787:653941 [2] NCCL INFO New proxy recv connection 11 from local rank 2, transport 0
MOC-R4PCC04U05:653787:654694 [2] NCCL INFO Connected to proxy localRank 2 -> connection 0x7f9320005458
MOC-R4PCC04U05:653787:653941 [2] NCCL INFO New proxy recv connection 12 from local rank 2, transport 0
MOC-R4PCC04U05:653787:654694 [2] NCCL INFO Connected to proxy localRank 2 -> connection 0x7f93200054d0
MOC-R4PCC04U05:653787:653941 [2] NCCL INFO New proxy recv connection 13 from local rank 2, transport 0
MOC-R4PCC04U05:653787:654694 [2] NCCL INFO Connected to proxy localRank 2 -> connection 0x7f9320005548
MOC-R4PCC04U05:653786:653947 [1] NCCL INFO New proxy recv connection 19 from local rank 1, transport 0
MOC-R4PCC04U05:653787:653941 [2] NCCL INFO New proxy send connection 14 from local rank 2, transport 0
MOC-R4PCC04U05:653786:654693 [1] NCCL INFO Connected to proxy localRank 1 -> connection 0x7f3448005818
MOC-R4PCC04U05:653787:654694 [2] NCCL INFO Connected to proxy localRank 2 -> connection 0x7f93200055c0
MOC-R4PCC04U05:653787:653941 [2] NCCL INFO New proxy send connection 15 from local rank 2, transport 0
MOC-R4PCC04U05:653787:654694 [2] NCCL INFO Connected to proxy localRank 2 -> connection 0x7f9320005638
MOC-R4PCC04U05:653786:653947 [1] NCCL INFO New proxy recv connection 20 from local rank 1, transport 0
MOC-R4PCC04U05:653786:654693 [1] NCCL INFO Connected to proxy localRank 1 -> connection 0x7f3448005890
MOC-R4PCC04U05:653788:653942 [3] NCCL INFO New proxy recv connection 10 from local rank 3, transport 0
MOC-R4PCC04U05:653788:654695 [3] NCCL INFO Connected to proxy localRank 3 -> connection 0x7fc6140053e0
MOC-R4PCC04U05:653788:653942 [3] NCCL INFO New proxy recv connection 11 from local rank 3, transport 0
MOC-R4PCC04U05:653788:654695 [3] NCCL INFO Connected to proxy localRank 3 -> connection 0x7fc614005458
MOC-R4PCC04U05:653788:653942 [3] NCCL INFO New proxy send connection 12 from local rank 3, transport 2
MOC-R4PCC04U05:653788:654695 [3] NCCL INFO Connected to proxy localRank 3 -> connection 0x7fc6140054d0
MOC-R4PCC04U05:653785:653945 [0] NCCL INFO New proxy recv connection 17 from local rank 0, transport 0
MOC-R4PCC04U05:653785:654692 [0] NCCL INFO Connected to proxy localRank 0 -> connection 0x7fb260005728
MOC-R4PCC04U05:653788:654695 [3] NCCL INFO Channel 02/0 : 3[3] -> 7[3] [send] via NET/Socket/0
MOC-R4PCC04U05:653788:653942 [3] NCCL INFO New proxy send connection 13 from local rank 3, transport 2
MOC-R4PCC04U05:653788:654695 [3] NCCL INFO Connected to proxy localRank 3 -> connection 0x7fc614005548
MOC-R4PCC04U05:653788:654695 [3] NCCL INFO Channel 03/0 : 3[3] -> 7[3] [send] via NET/Socket/0
MOC-R4PCC04U05:653785:653945 [0] NCCL INFO New proxy recv connection 18 from local rank 0, transport 0
MOC-R4PCC04U05:653785:654692 [0] NCCL INFO Connected to proxy localRank 0 -> connection 0x7fb2600057a0
MOC-R4PCC04U05:653788:653942 [3] NCCL INFO New proxy recv connection 14 from local rank 3, transport 2
MOC-R4PCC04U05:653785:653945 [0] NCCL INFO New proxy recv connection 19 from local rank 0, transport 0
MOC-R4PCC04U05:653788:654695 [3] NCCL INFO Connected to proxy localRank 3 -> connection 0x7fc6140055c0
MOC-R4PCC04U05:653785:654692 [0] NCCL INFO Connected to proxy localRank 0 -> connection 0x7fb260005818
MOC-R4PCC04U05:653785:653945 [0] NCCL INFO New proxy recv connection 20 from local rank 0, transport 0
MOC-R4PCC04U05:653785:654692 [0] NCCL INFO Connected to proxy localRank 0 -> connection 0x7fb260005890
MOC-R4PCC04U05:653788:654695 [3] NCCL INFO Channel 00/0 : 11[3] -> 3[3] [receive] via NET/Socket/0
MOC-R4PCC04U05:653788:653942 [3] NCCL INFO New proxy recv connection 15 from local rank 3, transport 2
MOC-R4PCC04U05:653788:654695 [3] NCCL INFO Connected to proxy localRank 3 -> connection 0x7fc614005638
MOC-R4PCC04U05:653788:654695 [3] NCCL INFO Channel 01/0 : 11[3] -> 3[3] [receive] via NET/Socket/0
MOC-R4PCC04U05:653788:653942 [3] NCCL INFO New proxy send connection 16 from local rank 3, transport 2
MOC-R4PCC04U05:653788:654695 [3] NCCL INFO Connected to proxy localRank 3 -> connection 0x7fc6140056b0
MOC-R4PCC04U05:653788:654695 [3] NCCL INFO Channel 00/0 : 3[3] -> 11[3] [send] via NET/Socket/0
MOC-R4PCC04U05:653788:653942 [3] NCCL INFO New proxy send connection 17 from local rank 3, transport 2
MOC-R4PCC04U05:653788:654695 [3] NCCL INFO Connected to proxy localRank 3 -> connection 0x7fc614005728
MOC-R4PCC04U05:653788:654695 [3] NCCL INFO Channel 01/0 : 3[3] -> 11[3] [send] via NET/Socket/0
MOC-R4PCC04U05:653788:653942 [3] NCCL INFO New proxy recv connection 18 from local rank 3, transport 2
MOC-R4PCC04U05:653788:654695 [3] NCCL INFO Connected to proxy localRank 3 -> connection 0x7fc6140057a0
MOC-R4PCC04U05:653788:654695 [3] NCCL INFO Channel 02/0 : 7[3] -> 3[3] [receive] via NET/Socket/0
MOC-R4PCC04U05:653788:653942 [3] NCCL INFO New proxy recv connection 19 from local rank 3, transport 2
MOC-R4PCC04U05:653788:654695 [3] NCCL INFO Connected to proxy localRank 3 -> connection 0x7fc614005818
MOC-R4PCC04U05:653788:654695 [3] NCCL INFO Channel 03/0 : 7[3] -> 3[3] [receive] via NET/Socket/0
MOC-R4PCC04U05:653788:653942 [3] NCCL INFO New proxy send connection 20 from local rank 3, transport 0
MOC-R4PCC04U05:653788:654695 [3] NCCL INFO Connected to proxy localRank 3 -> connection 0x7fc614005890
MOC-R4PCC04U05:653788:653942 [3] NCCL INFO New proxy send connection 21 from local rank 3, transport 0
MOC-R4PCC04U05:653788:654695 [3] NCCL INFO Connected to proxy localRank 3 -> connection 0x7fc614005908
MOC-R4PCC04U05:653788:653942 [3] NCCL INFO New proxy send connection 22 from local rank 3, transport 0
MOC-R4PCC04U05:653788:654695 [3] NCCL INFO Connected to proxy localRank 3 -> connection 0x7fc614005980
MOC-R4PCC04U05:653788:653942 [3] NCCL INFO New proxy send connection 23 from local rank 3, transport 0
MOC-R4PCC04U05:653788:654695 [3] NCCL INFO Connected to proxy localRank 3 -> connection 0x7fc6140059f8
step    1/10 | train loss 11.010097 | norm 15.4736 | lr 1.00e-04 | (14185.78 ms | 73917 tok/s)
step    2/10 | train loss 10.132347 | norm 5.7712 | lr 1.00e-04 | (283.44 ms | 3699478 tok/s)
step    3/10 | train loss 9.790422 | norm 2.6207 | lr 1.00e-04 | (275.43 ms | 3807081 tok/s)
step    4/10 | train loss 9.620093 | norm 2.1209 | lr 1.00e-04 | (489.48 ms | 2142238 tok/s)
step    5/10 | train loss 9.536889 | norm 2.1163 | lr 1.00e-04 | (273.64 ms | 3831949 tok/s)
step    6/10 | train loss 9.455260 | norm 2.0053 | lr 1.00e-04 | (272.12 ms | 3853315 tok/s)
step    7/10 | train loss 9.369595 | norm 1.9544 | lr 1.00e-04 | (483.14 ms | 2170335 tok/s)
step    8/10 | train loss 9.277899 | norm 1.9223 | lr 1.00e-04 | (274.45 ms | 3820588 tok/s)
step    9/10 | train loss 9.182262 | norm 1.8716 | lr 1.00e-04 | (277.70 ms | 3775886 tok/s)
step   10/10 | train loss 9.094438 | norm 1.7972 | lr 1.00e-04 | (485.64 ms | 2159158 tok/s)
final 9 iters avg: 346.116ms
peak memory consumption: 16601 MiB
