Running pytorch 2.7.0+cu126
using device: cuda:0
total desired batch size: 2621440
=> calculated gradient accumulation steps: 10
using device: cuda:1using device: cuda:3

using device: cuda:2
compiling the model...
DataLoader: total number of tokens: 1,661,249,667 across 103 files
MOC-R4PCC04U05:413071:413071 [0] NCCL INFO NCCL_SOCKET_IFNAME set to eno7np0
MOC-R4PCC04U05:413071:413071 [0] NCCL INFO NCCL version 2.26.2+cuda12.2
MOC-R4PCC04U05:413074:413074 [3] NCCL INFO NCCL_SOCKET_IFNAME set to eno7np0
MOC-R4PCC04U05:413073:413073 [2] NCCL INFO NCCL_SOCKET_IFNAME set to eno7np0
MOC-R4PCC04U05:413072:413072 [1] NCCL INFO NCCL_SOCKET_IFNAME set to eno7np0
MOC-R4PCC04U05:413074:413074 [3] NCCL INFO NCCL version 2.26.2+cuda12.2
MOC-R4PCC04U05:413073:413073 [2] NCCL INFO NCCL version 2.26.2+cuda12.2
MOC-R4PCC04U05:413072:413072 [1] NCCL INFO NCCL version 2.26.2+cuda12.2
MOC-R4PCC04U05:413071:413115 [0] NCCL INFO NET/Plugin: Could not find: libnccl-net.so. Using internal net plugin.
MOC-R4PCC04U05:413071:413115 [0] NCCL INFO NCCL_IB_HCA set to mlx5_5
MOC-R4PCC04U05:413074:413118 [3] NCCL INFO NET/Plugin: Could not find: libnccl-net.so. Using internal net plugin.
MOC-R4PCC04U05:413074:413118 [3] NCCL INFO NCCL_IB_HCA set to mlx5_5
MOC-R4PCC04U05:413073:413117 [2] NCCL INFO NET/Plugin: Could not find: libnccl-net.so. Using internal net plugin.
MOC-R4PCC04U05:413073:413117 [2] NCCL INFO NCCL_IB_HCA set to mlx5_5
MOC-R4PCC04U05:413072:413116 [1] NCCL INFO NET/Plugin: Could not find: libnccl-net.so. Using internal net plugin.
MOC-R4PCC04U05:413072:413116 [1] NCCL INFO NCCL_IB_HCA set to mlx5_5
MOC-R4PCC04U05:413071:413115 [0] NCCL INFO NET/IB : Made virtual device [0] name=mlx5_5 speed=400000 ndevs=1
MOC-R4PCC04U05:413071:413115 [0] NCCL INFO NET/IB : Using [0]mlx5_5:1/RoCE [RO]; OOB eno7np0:192.168.50.193<0>
MOC-R4PCC04U05:413074:413118 [3] NCCL INFO NET/IB : Made virtual device [0] name=mlx5_5 speed=400000 ndevs=1
MOC-R4PCC04U05:413074:413118 [3] NCCL INFO NET/IB : Using [0]mlx5_5:1/RoCE [RO]; OOB eno7np0:192.168.50.193<0>
MOC-R4PCC04U05:413073:413117 [2] NCCL INFO NET/IB : Made virtual device [0] name=mlx5_5 speed=400000 ndevs=1
MOC-R4PCC04U05:413072:413116 [1] NCCL INFO NET/IB : Made virtual device [0] name=mlx5_5 speed=400000 ndevs=1
MOC-R4PCC04U05:413073:413117 [2] NCCL INFO NET/IB : Using [0]mlx5_5:1/RoCE [RO]; OOB eno7np0:192.168.50.193<0>
MOC-R4PCC04U05:413072:413116 [1] NCCL INFO NET/IB : Using [0]mlx5_5:1/RoCE [RO]; OOB eno7np0:192.168.50.193<0>
MOC-R4PCC04U05:413072:413116 [1] NCCL INFO NET/IB : GPU Direct RDMA Enabled for HCA 0 'mlx5_5'
MOC-R4PCC04U05:413072:413116 [1] NCCL INFO NET/IB : Made virtual device [1] name=mlx5_5 speed=400000 ndevs=1
MOC-R4PCC04U05:413072:413116 [1] NCCL INFO NET/IB : GPU Direct RDMA Enabled for HCA 0 'mlx5_5'
MOC-R4PCC04U05:413072:413116 [1] NCCL INFO NET/IB : GPU Direct RDMA Enabled for HCA 1 'mlx5_5'
MOC-R4PCC04U05:413071:413115 [0] NCCL INFO NET/IB : GPU Direct RDMA Enabled for HCA 0 'mlx5_5'
MOC-R4PCC04U05:413071:413115 [0] NCCL INFO NET/IB : Made virtual device [1] name=mlx5_5 speed=400000 ndevs=1
MOC-R4PCC04U05:413071:413115 [0] NCCL INFO NET/IB : GPU Direct RDMA Enabled for HCA 0 'mlx5_5'
MOC-R4PCC04U05:413071:413115 [0] NCCL INFO NET/IB : GPU Direct RDMA Enabled for HCA 1 'mlx5_5'
MOC-R4PCC04U05:413074:413118 [3] NCCL INFO NET/IB : GPU Direct RDMA Enabled for HCA 0 'mlx5_5'
MOC-R4PCC04U05:413074:413118 [3] NCCL INFO NET/IB : Made virtual device [1] name=mlx5_5 speed=400000 ndevs=1
MOC-R4PCC04U05:413074:413118 [3] NCCL INFO NET/IB : GPU Direct RDMA Enabled for HCA 0 'mlx5_5'
MOC-R4PCC04U05:413074:413118 [3] NCCL INFO NET/IB : GPU Direct RDMA Enabled for HCA 1 'mlx5_5'
MOC-R4PCC04U05:413073:413117 [2] NCCL INFO NET/IB : GPU Direct RDMA Enabled for HCA 0 'mlx5_5'
MOC-R4PCC04U05:413073:413117 [2] NCCL INFO NET/IB : Made virtual device [1] name=mlx5_5 speed=400000 ndevs=1
MOC-R4PCC04U05:413073:413117 [2] NCCL INFO NET/IB : GPU Direct RDMA Enabled for HCA 0 'mlx5_5'
MOC-R4PCC04U05:413073:413117 [2] NCCL INFO NET/IB : GPU Direct RDMA Enabled for HCA 1 'mlx5_5'
MOC-R4PCC04U05:413072:413116 [1] NCCL INFO GPU Direct RDMA Enabled for GPU 0 / HCA 1 (distance 5 <= 5), read 0 mode Default
MOC-R4PCC04U05:413072:413116 [1] NCCL INFO GPU Direct RDMA Enabled for GPU 1 / HCA 1 (distance 5 <= 5), read 0 mode Default
MOC-R4PCC04U05:413072:413116 [1] NCCL INFO GPU Direct RDMA Enabled for GPU 2 / HCA 1 (distance 5 <= 5), read 0 mode Default
MOC-R4PCC04U05:413072:413116 [1] NCCL INFO GPU Direct RDMA Enabled for GPU 3 / HCA 1 (distance 5 <= 5), read 0 mode Default
MOC-R4PCC04U05:413072:413116 [1] NCCL INFO GPU Direct RDMA Enabled for GPU 0 / HCA 1 (distance 5 <= 5), read 0 mode Default
MOC-R4PCC04U05:413072:413116 [1] NCCL INFO GPU Direct RDMA Enabled for GPU 1 / HCA 1 (distance 5 <= 5), read 0 mode Default
MOC-R4PCC04U05:413072:413116 [1] NCCL INFO GPU Direct RDMA Enabled for GPU 2 / HCA 1 (distance 5 <= 5), read 0 mode Default
MOC-R4PCC04U05:413072:413116 [1] NCCL INFO GPU Direct RDMA Enabled for GPU 3 / HCA 1 (distance 5 <= 5), read 0 mode Default
MOC-R4PCC04U05:413074:413118 [3] NCCL INFO GPU Direct RDMA Enabled for GPU 0 / HCA 1 (distance 5 <= 5), read 0 mode Default
MOC-R4PCC04U05:413074:413118 [3] NCCL INFO GPU Direct RDMA Enabled for GPU 1 / HCA 1 (distance 5 <= 5), read 0 mode Default
MOC-R4PCC04U05:413074:413118 [3] NCCL INFO GPU Direct RDMA Enabled for GPU 2 / HCA 1 (distance 5 <= 5), read 0 mode Default
MOC-R4PCC04U05:413074:413118 [3] NCCL INFO GPU Direct RDMA Enabled for GPU 3 / HCA 1 (distance 5 <= 5), read 0 mode Default
MOC-R4PCC04U05:413073:413117 [2] NCCL INFO GPU Direct RDMA Enabled for GPU 0 / HCA 1 (distance 5 <= 5), read 0 mode Default
MOC-R4PCC04U05:413074:413118 [3] NCCL INFO GPU Direct RDMA Enabled for GPU 0 / HCA 1 (distance 5 <= 5), read 0 mode Default
MOC-R4PCC04U05:413073:413117 [2] NCCL INFO GPU Direct RDMA Enabled for GPU 1 / HCA 1 (distance 5 <= 5), read 0 mode Default
MOC-R4PCC04U05:413074:413118 [3] NCCL INFO GPU Direct RDMA Enabled for GPU 1 / HCA 1 (distance 5 <= 5), read 0 mode Default
MOC-R4PCC04U05:413073:413117 [2] NCCL INFO GPU Direct RDMA Enabled for GPU 2 / HCA 1 (distance 5 <= 5), read 0 mode Default
MOC-R4PCC04U05:413074:413118 [3] NCCL INFO GPU Direct RDMA Enabled for GPU 2 / HCA 1 (distance 5 <= 5), read 0 mode Default
MOC-R4PCC04U05:413073:413117 [2] NCCL INFO GPU Direct RDMA Enabled for GPU 3 / HCA 1 (distance 5 <= 5), read 0 mode Default
MOC-R4PCC04U05:413074:413118 [3] NCCL INFO GPU Direct RDMA Enabled for GPU 3 / HCA 1 (distance 5 <= 5), read 0 mode Default
MOC-R4PCC04U05:413073:413117 [2] NCCL INFO GPU Direct RDMA Enabled for GPU 0 / HCA 1 (distance 5 <= 5), read 0 mode Default
MOC-R4PCC04U05:413073:413117 [2] NCCL INFO GPU Direct RDMA Enabled for GPU 1 / HCA 1 (distance 5 <= 5), read 0 mode Default
MOC-R4PCC04U05:413073:413117 [2] NCCL INFO GPU Direct RDMA Enabled for GPU 2 / HCA 1 (distance 5 <= 5), read 0 mode Default
MOC-R4PCC04U05:413073:413117 [2] NCCL INFO GPU Direct RDMA Enabled for GPU 3 / HCA 1 (distance 5 <= 5), read 0 mode Default
MOC-R4PCC04U05:413071:413115 [0] NCCL INFO GPU Direct RDMA Enabled for GPU 0 / HCA 1 (distance 5 <= 5), read 0 mode Default
MOC-R4PCC04U05:413071:413115 [0] NCCL INFO GPU Direct RDMA Enabled for GPU 1 / HCA 1 (distance 5 <= 5), read 0 mode Default
MOC-R4PCC04U05:413071:413115 [0] NCCL INFO GPU Direct RDMA Enabled for GPU 2 / HCA 1 (distance 5 <= 5), read 0 mode Default
MOC-R4PCC04U05:413071:413115 [0] NCCL INFO GPU Direct RDMA Enabled for GPU 3 / HCA 1 (distance 5 <= 5), read 0 mode Default
MOC-R4PCC04U05:413071:413115 [0] NCCL INFO GPU Direct RDMA Enabled for GPU 0 / HCA 1 (distance 5 <= 5), read 0 mode Default
MOC-R4PCC04U05:413071:413115 [0] NCCL INFO GPU Direct RDMA Enabled for GPU 1 / HCA 1 (distance 5 <= 5), read 0 mode Default
MOC-R4PCC04U05:413071:413115 [0] NCCL INFO GPU Direct RDMA Enabled for GPU 2 / HCA 1 (distance 5 <= 5), read 0 mode Default
MOC-R4PCC04U05:413071:413115 [0] NCCL INFO GPU Direct RDMA Enabled for GPU 3 / HCA 1 (distance 5 <= 5), read 0 mode Default
MOC-R4PCC04U05:413072:413138 [1] NCCL INFO New proxy recv connection 0 from local rank 1, transport 0
MOC-R4PCC04U05:413072:413140 [1] NCCL INFO Connected to proxy localRank 1 -> connection 0x7fc51c004f30
MOC-R4PCC04U05:413074:413132 [3] NCCL INFO New proxy recv connection 0 from local rank 3, transport 0
MOC-R4PCC04U05:413074:413141 [3] NCCL INFO Connected to proxy localRank 3 -> connection 0x7f38c0004f30
MOC-R4PCC04U05:413072:413138 [1] NCCL INFO New proxy recv connection 1 from local rank 1, transport 0
MOC-R4PCC04U05:413072:413140 [1] NCCL INFO Connected to proxy localRank 1 -> connection 0x7fc51c004fa8
MOC-R4PCC04U05:413073:413142 [2] NCCL INFO GPU Direct RDMA Enabled for GPU 2 / HCA 1 (distance 5 <= 5), read 0 mode Default
MOC-R4PCC04U05:413074:413132 [3] NCCL INFO New proxy recv connection 1 from local rank 3, transport 0
MOC-R4PCC04U05:413074:413141 [3] NCCL INFO Connected to proxy localRank 3 -> connection 0x7f38c0004fa8
MOC-R4PCC04U05:413072:413138 [1] NCCL INFO New proxy recv connection 2 from local rank 1, transport 0
MOC-R4PCC04U05:413072:413140 [1] NCCL INFO Connected to proxy localRank 1 -> connection 0x7fc51c005020
MOC-R4PCC04U05:413072:413138 [1] NCCL INFO New proxy recv connection 3 from local rank 1, transport 0
MOC-R4PCC04U05:413074:413132 [3] NCCL INFO New proxy recv connection 2 from local rank 3, transport 0
MOC-R4PCC04U05:413072:413140 [1] NCCL INFO Connected to proxy localRank 1 -> connection 0x7fc51c005098
MOC-R4PCC04U05:413074:413141 [3] NCCL INFO Connected to proxy localRank 3 -> connection 0x7f38c0005020
MOC-R4PCC04U05:413071:413135 [0] NCCL INFO New proxy send connection 0 from local rank 0, transport 0
MOC-R4PCC04U05:413071:413143 [0] NCCL INFO Connected to proxy localRank 0 -> connection 0x7f93fc004f30
MOC-R4PCC04U05:413074:413132 [3] NCCL INFO New proxy recv connection 3 from local rank 3, transport 0
MOC-R4PCC04U05:413074:413141 [3] NCCL INFO Connected to proxy localRank 3 -> connection 0x7f38c0005098
MOC-R4PCC04U05:413071:413135 [0] NCCL INFO New proxy send connection 1 from local rank 0, transport 0
MOC-R4PCC04U05:413072:413138 [1] NCCL INFO New proxy send connection 4 from local rank 1, transport 0
MOC-R4PCC04U05:413071:413143 [0] NCCL INFO Connected to proxy localRank 0 -> connection 0x7f93fc004fa8
MOC-R4PCC04U05:413072:413140 [1] NCCL INFO Connected to proxy localRank 1 -> connection 0x7fc51c005110
MOC-R4PCC04U05:413072:413138 [1] NCCL INFO New proxy send connection 5 from local rank 1, transport 0
MOC-R4PCC04U05:413072:413140 [1] NCCL INFO Connected to proxy localRank 1 -> connection 0x7fc51c005188
MOC-R4PCC04U05:413071:413135 [0] NCCL INFO New proxy send connection 2 from local rank 0, transport 0
MOC-R4PCC04U05:413071:413143 [0] NCCL INFO Connected to proxy localRank 0 -> connection 0x7f93fc005020
MOC-R4PCC04U05:413073:413134 [2] NCCL INFO New proxy recv connection 0 from local rank 2, transport 2
MOC-R4PCC04U05:413073:413142 [2] NCCL INFO Connected to proxy localRank 2 -> connection 0x7fcbf8004f30
MOC-R4PCC04U05:413073:413142 [2] NCCL INFO Channel 00/0 : 7[3] -> 2[2] [receive] via NET/IB/1/GDRDMA
MOC-R4PCC04U05:413073:413142 [2] NCCL INFO GPU Direct RDMA Enabled for GPU 2 / HCA 1 (distance 5 <= 5), read 0 mode Default
MOC-R4PCC04U05:413073:413134 [2] NCCL INFO New proxy recv connection 1 from local rank 2, transport 2
MOC-R4PCC04U05:413073:413142 [2] NCCL INFO Connected to proxy localRank 2 -> connection 0x7fcbf8004fa8
MOC-R4PCC04U05:413073:413142 [2] NCCL INFO Channel 01/0 : 7[3] -> 2[2] [receive] via NET/IB/1/GDRDMA
MOC-R4PCC04U05:413073:413142 [2] NCCL INFO GPU Direct RDMA Enabled for GPU 2 / HCA 1 (distance 5 <= 5), read 0 mode Default
MOC-R4PCC04U05:413073:413134 [2] NCCL INFO New proxy recv connection 2 from local rank 2, transport 2
MOC-R4PCC04U05:413073:413142 [2] NCCL INFO Connected to proxy localRank 2 -> connection 0x7fcbf8005020
MOC-R4PCC04U05:413073:413142 [2] NCCL INFO Channel 02/0 : 7[3] -> 2[2] [receive] via NET/IB/1/GDRDMA
MOC-R4PCC04U05:413073:413142 [2] NCCL INFO GPU Direct RDMA Enabled for GPU 2 / HCA 1 (distance 5 <= 5), read 0 mode Default
MOC-R4PCC04U05:413073:413134 [2] NCCL INFO New proxy recv connection 3 from local rank 2, transport 2
MOC-R4PCC04U05:413073:413142 [2] NCCL INFO Connected to proxy localRank 2 -> connection 0x7fcbf8005098
MOC-R4PCC04U05:413073:413142 [2] NCCL INFO Channel 03/0 : 7[3] -> 2[2] [receive] via NET/IB/1/GDRDMA
MOC-R4PCC04U05:413073:413134 [2] NCCL INFO New proxy send connection 4 from local rank 2, transport 0
MOC-R4PCC04U05:413073:413142 [2] NCCL INFO Connected to proxy localRank 2 -> connection 0x7fcbf8005110
MOC-R4PCC04U05:413074:413141 [3] NCCL INFO GPU Direct RDMA Enabled for GPU 3 / HCA 1 (distance 5 <= 5), read 1 mode Default
MOC-R4PCC04U05:413072:413138 [1] NCCL INFO New proxy send connection 6 from local rank 1, transport 0
MOC-R4PCC04U05:413072:413140 [1] NCCL INFO Connected to proxy localRank 1 -> connection 0x7fc51c005200
MOC-R4PCC04U05:413071:413135 [0] NCCL INFO New proxy send connection 3 from local rank 0, transport 0
MOC-R4PCC04U05:413071:413143 [0] NCCL INFO Connected to proxy localRank 0 -> connection 0x7f93fc005098
MOC-R4PCC04U05:413072:413138 [1] NCCL INFO New proxy send connection 7 from local rank 1, transport 0
MOC-R4PCC04U05:413072:413140 [1] NCCL INFO Connected to proxy localRank 1 -> connection 0x7fc51c005278
MOC-R4PCC04U05:413073:413134 [2] NCCL INFO New proxy send connection 5 from local rank 2, transport 0
MOC-R4PCC04U05:413073:413142 [2] NCCL INFO Connected to proxy localRank 2 -> connection 0x7fcbf8005188
MOC-R4PCC04U05:413073:413134 [2] NCCL INFO New proxy send connection 6 from local rank 3, transport 2
MOC-R4PCC04U05:413074:413141 [3] NCCL INFO Connected to proxy localRank 2 -> connection 0x7fcbf8005200
MOC-R4PCC04U05:413074:413141 [3] NCCL INFO Channel 00/0 : 3[3] -> 6[2] [send] via NET/IB/1(2)/GDRDMA
MOC-R4PCC04U05:413073:413134 [2] NCCL INFO New proxy send connection 7 from local rank 2, transport 0
MOC-R4PCC04U05:413074:413141 [3] NCCL INFO GPU Direct RDMA Enabled for GPU 3 / HCA 1 (distance 5 <= 5), read 1 mode Default
MOC-R4PCC04U05:413073:413142 [2] NCCL INFO Connected to proxy localRank 2 -> connection 0x7fcbf8005278
MOC-R4PCC04U05:413073:413134 [2] NCCL INFO New proxy send connection 8 from local rank 3, transport 2
MOC-R4PCC04U05:413074:413141 [3] NCCL INFO Connected to proxy localRank 2 -> connection 0x7fcbf80052f0
MOC-R4PCC04U05:413074:413141 [3] NCCL INFO Channel 01/0 : 3[3] -> 6[2] [send] via NET/IB/1(2)/GDRDMA
MOC-R4PCC04U05:413074:413141 [3] NCCL INFO GPU Direct RDMA Enabled for GPU 3 / HCA 1 (distance 5 <= 5), read 1 mode Default
MOC-R4PCC04U05:413073:413134 [2] NCCL INFO New proxy send connection 9 from local rank 2, transport 0
MOC-R4PCC04U05:413073:413142 [2] NCCL INFO Connected to proxy localRank 2 -> connection 0x7fcbf8005368
MOC-R4PCC04U05:413073:413134 [2] NCCL INFO New proxy send connection 10 from local rank 3, transport 2
MOC-R4PCC04U05:413074:413141 [3] NCCL INFO Connected to proxy localRank 2 -> connection 0x7fcbf80053e0
MOC-R4PCC04U05:413074:413141 [3] NCCL INFO Channel 02/0 : 3[3] -> 6[2] [send] via NET/IB/1(2)/GDRDMA
MOC-R4PCC04U05:413074:413141 [3] NCCL INFO GPU Direct RDMA Enabled for GPU 3 / HCA 1 (distance 5 <= 5), read 1 mode Default
MOC-R4PCC04U05:413073:413134 [2] NCCL INFO New proxy send connection 11 from local rank 3, transport 2
MOC-R4PCC04U05:413074:413141 [3] NCCL INFO Connected to proxy localRank 2 -> connection 0x7fcbf8005458
MOC-R4PCC04U05:413072:413138 [1] NCCL INFO New proxy send connection 8 from local rank 2, transport 0
MOC-R4PCC04U05:413073:413142 [2] NCCL INFO Connected to proxy localRank 1 -> connection 0x7fc51c0052f0
MOC-R4PCC04U05:413074:413141 [3] NCCL INFO Channel 03/0 : 3[3] -> 6[2] [send] via NET/IB/1(2)/GDRDMA
MOC-R4PCC04U05:413071:413135 [0] NCCL INFO New proxy recv connection 4 from local rank 0, transport 0
MOC-R4PCC04U05:413071:413143 [0] NCCL INFO Connected to proxy localRank 0 -> connection 0x7f93fc005110
MOC-R4PCC04U05:413071:413135 [0] NCCL INFO New proxy send connection 5 from local rank 3, transport 0
MOC-R4PCC04U05:413074:413141 [3] NCCL INFO Connected to proxy localRank 0 -> connection 0x7f93fc005188
MOC-R4PCC04U05:413071:413135 [0] NCCL INFO New proxy recv connection 6 from local rank 0, transport 0
MOC-R4PCC04U05:413071:413143 [0] NCCL INFO Connected to proxy localRank 0 -> connection 0x7f93fc005200
MOC-R4PCC04U05:413071:413135 [0] NCCL INFO New proxy recv connection 7 from local rank 0, transport 0
MOC-R4PCC04U05:413071:413143 [0] NCCL INFO Connected to proxy localRank 0 -> connection 0x7f93fc005278
MOC-R4PCC04U05:413071:413135 [0] NCCL INFO New proxy recv connection 8 from local rank 0, transport 0
MOC-R4PCC04U05:413071:413143 [0] NCCL INFO Connected to proxy localRank 0 -> connection 0x7f93fc0052f0
MOC-R4PCC04U05:413074:413132 [3] NCCL INFO New proxy send connection 4 from local rank 0, transport 0
MOC-R4PCC04U05:413071:413143 [0] NCCL INFO Connected to proxy localRank 3 -> connection 0x7f38c0005110
MOC-R4PCC04U05:413071:413135 [0] NCCL INFO New proxy send connection 9 from local rank 1, transport 0
MOC-R4PCC04U05:413072:413140 [1] NCCL INFO Connected to proxy localRank 0 -> connection 0x7f93fc005368
MOC-R4PCC04U05:413073:413134 [2] NCCL INFO New proxy send connection 12 from local rank 1, transport 0
MOC-R4PCC04U05:413072:413140 [1] NCCL INFO Connected to proxy localRank 2 -> connection 0x7fcbf80054d0
MOC-R4PCC04U05:413073:413134 [2] NCCL INFO NET/IB: NCCL Dev 1 IbDev 0 Port 1 qpn 6046 mtu 3 query_ece={supported=1, vendor_id=0x15b3, options=0x30000002, comp_mask=0x0} GID 3 (0/C132A8C0FFFF0000) fifoRkey=0x179c5b fifoLkey=0x179c5b
MOC-R4PCC04U05:413073:413134 [2] NCCL INFO NET/IB: NCCL Dev 1 IbDev 0 Port 1 qpn 6047 mtu 3 query_ece={supported=1, vendor_id=0x15b3, options=0x30000002, comp_mask=0x0} GID 3 (0/C132A8C0FFFF0000) fifoRkey=0x180ac9 fifoLkey=0x180ac9
MOC-R4PCC04U05:413073:413134 [2] NCCL INFO NET/IB: NCCL Dev 1 IbDev 0 Port 1 qpn 6048 mtu 3 query_ece={supported=1, vendor_id=0x15b3, options=0x30000002, comp_mask=0x0} GID 3 (0/C132A8C0FFFF0000) fifoRkey=0x180dcc fifoLkey=0x180dcc
MOC-R4PCC04U05:413073:413134 [2] NCCL INFO NET/IB: NCCL Dev 1 IbDev 0 Port 1 qpn 6049 mtu 3 query_ece={supported=1, vendor_id=0x15b3, options=0x30000002, comp_mask=0x0} GID 3 (0/C132A8C0FFFF0000) fifoRkey=0x17d08f fifoLkey=0x17d08f
MOC-R4PCC04U05:413072:413138 [1] NCCL INFO New proxy send connection 9 from local rank 0, transport 0
MOC-R4PCC04U05:413071:413143 [0] NCCL INFO Connected to proxy localRank 1 -> connection 0x7fc51c005368
MOC-R4PCC04U05:413073:413134 [2] NCCL INFO NET/IB: IbDev 0 Port 1 qpn 6282 set_ece={supported=1, vendor_id=0x15b3, options=0x0, comp_mask=0x0}
MOC-R4PCC04U05:413073:413134 [2] NCCL INFO NET/IB: IbDev 0 Port 1 qpn 6284 set_ece={supported=1, vendor_id=0x15b3, options=0x0, comp_mask=0x0}
MOC-R4PCC04U05:413073:413134 [2] NCCL INFO NET/IB: IbDev 0 Port 1 qpn 6286 set_ece={supported=1, vendor_id=0x15b3, options=0x0, comp_mask=0x0}
MOC-R4PCC04U05:413073:413134 [2] NCCL INFO NET/IB: IbDev 0 Port 1 qpn 6288 set_ece={supported=1, vendor_id=0x15b3, options=0x0, comp_mask=0x0}
MOC-R4PCC04U05:413073:413134 [2] NCCL INFO New proxy send connection 13 from local rank 3, transport 0
MOC-R4PCC04U05:413074:413141 [3] NCCL INFO Connected to proxy localRank 2 -> connection 0x7fcbf8005548
num decayed parameter tensors: 50, with 124,318,464 parameters
num non-decayed parameter tensors: 98, with 121,344 parameters
using fused AdamW: False
using regular AdamW
MOC-R4PCC04U05:413074:413132 [3] NCCL INFO New proxy recv connection 5 from local rank 3, transport 0
MOC-R4PCC04U05:413074:413833 [3] NCCL INFO Connected to proxy localRank 3 -> connection 0x7f38c0005188
MOC-R4PCC04U05:413074:413132 [3] NCCL INFO New proxy recv connection 6 from local rank 3, transport 0
MOC-R4PCC04U05:413074:413833 [3] NCCL INFO Connected to proxy localRank 3 -> connection 0x7f38c0005200
MOC-R4PCC04U05:413074:413132 [3] NCCL INFO New proxy recv connection 7 from local rank 3, transport 0
MOC-R4PCC04U05:413074:413833 [3] NCCL INFO Connected to proxy localRank 3 -> connection 0x7f38c0005278
MOC-R4PCC04U05:413074:413132 [3] NCCL INFO New proxy recv connection 8 from local rank 3, transport 0
MOC-R4PCC04U05:413074:413833 [3] NCCL INFO Connected to proxy localRank 3 -> connection 0x7f38c00052f0
MOC-R4PCC04U05:413072:413138 [1] NCCL INFO New proxy recv connection 10 from local rank 1, transport 0
MOC-R4PCC04U05:413072:413834 [1] NCCL INFO Connected to proxy localRank 1 -> connection 0x7fc51c0053e0
MOC-R4PCC04U05:413072:413138 [1] NCCL INFO New proxy recv connection 11 from local rank 1, transport 0
MOC-R4PCC04U05:413072:413834 [1] NCCL INFO Connected to proxy localRank 1 -> connection 0x7fc51c005458
MOC-R4PCC04U05:413072:413138 [1] NCCL INFO New proxy recv connection 12 from local rank 1, transport 0
MOC-R4PCC04U05:413072:413834 [1] NCCL INFO Connected to proxy localRank 1 -> connection 0x7fc51c0054d0
MOC-R4PCC04U05:413072:413138 [1] NCCL INFO New proxy recv connection 13 from local rank 1, transport 0
MOC-R4PCC04U05:413072:413834 [1] NCCL INFO Connected to proxy localRank 1 -> connection 0x7fc51c005548
MOC-R4PCC04U05:413073:413134 [2] NCCL INFO New proxy send connection 14 from local rank 2, transport 0
MOC-R4PCC04U05:413073:413835 [2] NCCL INFO Connected to proxy localRank 2 -> connection 0x7fcbf80055c0
MOC-R4PCC04U05:413073:413134 [2] NCCL INFO New proxy send connection 15 from local rank 2, transport 0
MOC-R4PCC04U05:413073:413835 [2] NCCL INFO Connected to proxy localRank 2 -> connection 0x7fcbf8005638
MOC-R4PCC04U05:413073:413134 [2] NCCL INFO New proxy send connection 16 from local rank 2, transport 0
MOC-R4PCC04U05:413073:413835 [2] NCCL INFO Connected to proxy localRank 2 -> connection 0x7fcbf80056b0
MOC-R4PCC04U05:413073:413134 [2] NCCL INFO New proxy send connection 17 from local rank 2, transport 0
MOC-R4PCC04U05:413073:413835 [2] NCCL INFO Connected to proxy localRank 2 -> connection 0x7fcbf8005728
MOC-R4PCC04U05:413073:413835 [2] NCCL INFO GPU Direct RDMA Enabled for GPU 2 / HCA 1 (distance 5 <= 5), read 0 mode Default
MOC-R4PCC04U05:413073:413134 [2] NCCL INFO New proxy recv connection 18 from local rank 2, transport 2
MOC-R4PCC04U05:413073:413835 [2] NCCL INFO Connected to proxy localRank 2 -> connection 0x7fcbf80057a0
MOC-R4PCC04U05:413074:413132 [3] NCCL INFO New proxy send connection 9 from local rank 3, transport 0
MOC-R4PCC04U05:413074:413833 [3] NCCL INFO Connected to proxy localRank 3 -> connection 0x7f38c0005368
MOC-R4PCC04U05:413073:413835 [2] NCCL INFO Channel 00/0 : 6[2] -> 2[2] [receive] via NET/IB/1/GDRDMA
MOC-R4PCC04U05:413073:413835 [2] NCCL INFO GPU Direct RDMA Enabled for GPU 2 / HCA 1 (distance 5 <= 5), read 0 mode Default
MOC-R4PCC04U05:413073:413134 [2] NCCL INFO New proxy recv connection 19 from local rank 2, transport 2
MOC-R4PCC04U05:413073:413835 [2] NCCL INFO Connected to proxy localRank 2 -> connection 0x7fcbf8005818
MOC-R4PCC04U05:413073:413835 [2] NCCL INFO Channel 01/0 : 6[2] -> 2[2] [receive] via NET/IB/1/GDRDMA
MOC-R4PCC04U05:413073:413835 [2] NCCL INFO GPU Direct RDMA Enabled for GPU 2 / HCA 1 (distance 5 <= 5), read 0 mode Default
MOC-R4PCC04U05:413073:413134 [2] NCCL INFO New proxy recv connection 20 from local rank 2, transport 2
MOC-R4PCC04U05:413073:413835 [2] NCCL INFO Connected to proxy localRank 2 -> connection 0x7fcbf8005890
MOC-R4PCC04U05:413073:413835 [2] NCCL INFO Channel 02/0 : 6[2] -> 2[2] [receive] via NET/IB/1/GDRDMA
MOC-R4PCC04U05:413073:413835 [2] NCCL INFO GPU Direct RDMA Enabled for GPU 2 / HCA 1 (distance 5 <= 5), read 0 mode Default
MOC-R4PCC04U05:413073:413134 [2] NCCL INFO New proxy recv connection 21 from local rank 2, transport 2
MOC-R4PCC04U05:413074:413132 [3] NCCL INFO New proxy send connection 10 from local rank 3, transport 0
MOC-R4PCC04U05:413073:413835 [2] NCCL INFO Connected to proxy localRank 2 -> connection 0x7fcbf8005908
MOC-R4PCC04U05:413074:413833 [3] NCCL INFO Connected to proxy localRank 3 -> connection 0x7f38c00053e0
MOC-R4PCC04U05:413073:413835 [2] NCCL INFO Channel 03/0 : 6[2] -> 2[2] [receive] via NET/IB/1/GDRDMA
MOC-R4PCC04U05:413073:413835 [2] NCCL INFO GPU Direct RDMA Enabled for GPU 2 / HCA 1 (distance 5 <= 5), read 1 mode Default
MOC-R4PCC04U05:413073:413134 [2] NCCL INFO New proxy send connection 22 from local rank 2, transport 2
MOC-R4PCC04U05:413073:413835 [2] NCCL INFO Connected to proxy localRank 2 -> connection 0x7fcbf8005980
MOC-R4PCC04U05:413073:413835 [2] NCCL INFO Channel 00/0 : 2[2] -> 6[2] [send] via NET/IB/1/GDRDMA
MOC-R4PCC04U05:413073:413835 [2] NCCL INFO GPU Direct RDMA Enabled for GPU 2 / HCA 1 (distance 5 <= 5), read 1 mode Default
MOC-R4PCC04U05:413074:413132 [3] NCCL INFO New proxy send connection 11 from local rank 3, transport 0
MOC-R4PCC04U05:413073:413134 [2] NCCL INFO New proxy send connection 23 from local rank 2, transport 2
MOC-R4PCC04U05:413074:413833 [3] NCCL INFO Connected to proxy localRank 3 -> connection 0x7f38c0005458
MOC-R4PCC04U05:413073:413835 [2] NCCL INFO Connected to proxy localRank 2 -> connection 0x7fcbf80059f8
MOC-R4PCC04U05:413073:413835 [2] NCCL INFO Channel 01/0 : 2[2] -> 6[2] [send] via NET/IB/1/GDRDMA
MOC-R4PCC04U05:413073:413835 [2] NCCL INFO GPU Direct RDMA Enabled for GPU 2 / HCA 1 (distance 5 <= 5), read 1 mode Default
MOC-R4PCC04U05:413073:413134 [2] NCCL INFO New proxy send connection 24 from local rank 2, transport 2
MOC-R4PCC04U05:413073:413835 [2] NCCL INFO Connected to proxy localRank 2 -> connection 0x7fcbf8005a70
MOC-R4PCC04U05:413073:413835 [2] NCCL INFO Channel 02/0 : 2[2] -> 6[2] [send] via NET/IB/1/GDRDMA
MOC-R4PCC04U05:413073:413835 [2] NCCL INFO GPU Direct RDMA Enabled for GPU 2 / HCA 1 (distance 5 <= 5), read 1 mode Default
MOC-R4PCC04U05:413073:413134 [2] NCCL INFO New proxy send connection 25 from local rank 2, transport 2
MOC-R4PCC04U05:413074:413132 [3] NCCL INFO New proxy send connection 12 from local rank 3, transport 0
MOC-R4PCC04U05:413073:413835 [2] NCCL INFO Connected to proxy localRank 2 -> connection 0x7fcbf8005ae8
MOC-R4PCC04U05:413073:413835 [2] NCCL INFO Channel 03/0 : 2[2] -> 6[2] [send] via NET/IB/1/GDRDMA
MOC-R4PCC04U05:413074:413833 [3] NCCL INFO Connected to proxy localRank 3 -> connection 0x7f38c00054d0
MOC-R4PCC04U05:413071:413135 [0] NCCL INFO New proxy send connection 10 from local rank 0, transport 0
MOC-R4PCC04U05:413071:413836 [0] NCCL INFO Connected to proxy localRank 0 -> connection 0x7f93fc0053e0
MOC-R4PCC04U05:413071:413135 [0] NCCL INFO New proxy send connection 11 from local rank 0, transport 0
MOC-R4PCC04U05:413071:413836 [0] NCCL INFO Connected to proxy localRank 0 -> connection 0x7f93fc005458
MOC-R4PCC04U05:413071:413135 [0] NCCL INFO New proxy send connection 12 from local rank 0, transport 0
MOC-R4PCC04U05:413071:413836 [0] NCCL INFO Connected to proxy localRank 0 -> connection 0x7f93fc0054d0
MOC-R4PCC04U05:413071:413135 [0] NCCL INFO New proxy send connection 13 from local rank 0, transport 0
MOC-R4PCC04U05:413071:413836 [0] NCCL INFO Connected to proxy localRank 0 -> connection 0x7f93fc005548
MOC-R4PCC04U05:413071:413135 [0] NCCL INFO New proxy recv connection 14 from local rank 0, transport 0
MOC-R4PCC04U05:413071:413836 [0] NCCL INFO Connected to proxy localRank 0 -> connection 0x7f93fc0055c0
MOC-R4PCC04U05:413071:413135 [0] NCCL INFO New proxy recv connection 15 from local rank 0, transport 0
MOC-R4PCC04U05:413071:413836 [0] NCCL INFO Connected to proxy localRank 0 -> connection 0x7f93fc005638
MOC-R4PCC04U05:413071:413135 [0] NCCL INFO New proxy recv connection 16 from local rank 0, transport 0
MOC-R4PCC04U05:413071:413836 [0] NCCL INFO Connected to proxy localRank 0 -> connection 0x7f93fc0056b0
MOC-R4PCC04U05:413071:413135 [0] NCCL INFO New proxy recv connection 17 from local rank 0, transport 0
MOC-R4PCC04U05:413071:413836 [0] NCCL INFO Connected to proxy localRank 0 -> connection 0x7f93fc005728
MOC-R4PCC04U05:413074:413132 [3] NCCL INFO New proxy send connection 13 from local rank 3, transport 0
MOC-R4PCC04U05:413074:413833 [3] NCCL INFO Connected to proxy localRank 3 -> connection 0x7f38c0005548
MOC-R4PCC04U05:413074:413132 [3] NCCL INFO New proxy send connection 14 from local rank 3, transport 0
MOC-R4PCC04U05:413074:413833 [3] NCCL INFO Connected to proxy localRank 3 -> connection 0x7f38c00055c0
MOC-R4PCC04U05:413074:413132 [3] NCCL INFO New proxy send connection 15 from local rank 3, transport 0
MOC-R4PCC04U05:413074:413833 [3] NCCL INFO Connected to proxy localRank 3 -> connection 0x7f38c0005638
MOC-R4PCC04U05:413074:413132 [3] NCCL INFO New proxy send connection 16 from local rank 3, transport 0
MOC-R4PCC04U05:413074:413833 [3] NCCL INFO Connected to proxy localRank 3 -> connection 0x7f38c00056b0
MOC-R4PCC04U05:413073:413134 [2] NCCL INFO New proxy recv connection 26 from local rank 2, transport 0
MOC-R4PCC04U05:413073:413835 [2] NCCL INFO Connected to proxy localRank 2 -> connection 0x7fcbf8005b60
MOC-R4PCC04U05:413073:413134 [2] NCCL INFO New proxy recv connection 27 from local rank 2, transport 0
MOC-R4PCC04U05:413073:413835 [2] NCCL INFO Connected to proxy localRank 2 -> connection 0x7fcbf8005bd8
MOC-R4PCC04U05:413073:413134 [2] NCCL INFO New proxy recv connection 28 from local rank 2, transport 0
MOC-R4PCC04U05:413073:413835 [2] NCCL INFO Connected to proxy localRank 2 -> connection 0x7fcbf8005c50
MOC-R4PCC04U05:413073:413134 [2] NCCL INFO New proxy recv connection 29 from local rank 2, transport 0
MOC-R4PCC04U05:413073:413835 [2] NCCL INFO Connected to proxy localRank 2 -> connection 0x7fcbf8005cc8
MOC-R4PCC04U05:413074:413132 [3] NCCL INFO New proxy send connection 17 from local rank 2, transport 0
MOC-R4PCC04U05:413073:413835 [2] NCCL INFO Connected to proxy localRank 3 -> connection 0x7f38c0005728
MOC-R4PCC04U05:413073:413134 [2] NCCL INFO NET/IB: NCCL Dev 1 IbDev 0 Port 1 qpn 6050 mtu 3 query_ece={supported=1, vendor_id=0x15b3, options=0x30000002, comp_mask=0x0} GID 3 (0/C132A8C0FFFF0000) fifoRkey=0x17601f fifoLkey=0x17601f
MOC-R4PCC04U05:413073:413134 [2] NCCL INFO NET/IB: IbDev 0 Port 1 qpn 6291 set_ece={supported=1, vendor_id=0x15b3, options=0x0, comp_mask=0x0}
MOC-R4PCC04U05:413073:413134 [2] NCCL INFO NET/IB: NCCL Dev 1 IbDev 0 Port 1 qpn 6055 mtu 3 query_ece={supported=1, vendor_id=0x15b3, options=0x30000002, comp_mask=0x0} GID 3 (0/C132A8C0FFFF0000) fifoRkey=0x175412 fifoLkey=0x175412
MOC-R4PCC04U05:413073:413134 [2] NCCL INFO NET/IB: IbDev 0 Port 1 qpn 6294 set_ece={supported=1, vendor_id=0x15b3, options=0x0, comp_mask=0x0}
MOC-R4PCC04U05:413073:413134 [2] NCCL INFO NET/IB: NCCL Dev 1 IbDev 0 Port 1 qpn 6056 mtu 3 query_ece={supported=1, vendor_id=0x15b3, options=0x30000002, comp_mask=0x0} GID 3 (0/C132A8C0FFFF0000) fifoRkey=0x17bf7e fifoLkey=0x17bf7e
MOC-R4PCC04U05:413073:413134 [2] NCCL INFO NET/IB: NCCL Dev 1 IbDev 0 Port 1 qpn 6057 mtu 3 query_ece={supported=1, vendor_id=0x15b3, options=0x30000002, comp_mask=0x0} GID 3 (0/C132A8C0FFFF0000) fifoRkey=0x1722e1 fifoLkey=0x1722e1
MOC-R4PCC04U05:413073:413134 [2] NCCL INFO NET/IB: IbDev 0 Port 1 qpn 6296 set_ece={supported=1, vendor_id=0x15b3, options=0x0, comp_mask=0x0}
MOC-R4PCC04U05:413073:413134 [2] NCCL INFO NET/IB: IbDev 0 Port 1 qpn 6299 set_ece={supported=1, vendor_id=0x15b3, options=0x0, comp_mask=0x0}
step    1/10 | train loss 11.009525 | norm 15.3465 | lr 1.00e-04 | (14875.84 ms | 176221 tok/s)
step    2/10 | train loss 10.140072 | norm 5.7338 | lr 1.00e-04 | (789.23 ms | 3321513 tok/s)
step    3/10 | train loss 9.800388 | norm 2.6008 | lr 1.00e-04 | (781.11 ms | 3356038 tok/s)
step    4/10 | train loss 9.631471 | norm 2.1085 | lr 1.00e-04 | (783.14 ms | 3347355 tok/s)
step    5/10 | train loss 9.548708 | norm 2.0999 | lr 1.00e-04 | (794.15 ms | 3300930 tok/s)
step    6/10 | train loss 9.467642 | norm 1.9930 | lr 1.00e-04 | (784.81 ms | 3340218 tok/s)
step    7/10 | train loss 9.382121 | norm 1.9433 | lr 1.00e-04 | (782.58 ms | 3349727 tok/s)
step    8/10 | train loss 9.290381 | norm 1.9093 | lr 1.00e-04 | (783.98 ms | 3343758 tok/s)
step    9/10 | train loss 9.195259 | norm 1.8505 | lr 1.00e-04 | (784.03 ms | 3343536 tok/s)
step   10/10 | train loss 9.111425 | norm 1.7945 | lr 1.00e-04 | (783.61 ms | 3345329 tok/s)
final 9 iters avg: 785.183ms
peak memory consumption: 16601 MiB
