Running pytorch 2.7.0+cu126
using device: cuda:0
total desired batch size: 786432
=> calculated gradient accumulation steps: 2
using device: cuda:3
using device: cuda:2
using device: cuda:1
compiling the model...
DataLoader: total number of tokens: 1,661,249,667 across 103 files
MOC-R4PCC04U05:543575:543575 [0] NCCL INFO NCCL_SOCKET_IFNAME set to eno7np0
MOC-R4PCC04U05:543575:543575 [0] NCCL INFO NCCL version 2.26.2+cuda12.2
MOC-R4PCC04U05:543575:543679 [0] NCCL INFO NET/Plugin: Could not find: libnccl-net.so. Using internal net plugin.
MOC-R4PCC04U05:543575:543679 [0] NCCL INFO NCCL_IB_HCA set to mlx5_5
MOC-R4PCC04U05:543575:543679 [0] NCCL INFO NET/IB : Made virtual device [0] name=mlx5_5 speed=400000 ndevs=1
MOC-R4PCC04U05:543575:543679 [0] NCCL INFO NET/IB : Using [0]mlx5_5:1/RoCE [RO]; OOB eno7np0:192.168.50.193<0>
MOC-R4PCC04U05:543578:543578 [3] NCCL INFO NCCL_SOCKET_IFNAME set to eno7np0
MOC-R4PCC04U05:543578:543578 [3] NCCL INFO NCCL version 2.26.2+cuda12.2
MOC-R4PCC04U05:543577:543577 [2] NCCL INFO NCCL_SOCKET_IFNAME set to eno7np0
MOC-R4PCC04U05:543576:543576 [1] NCCL INFO NCCL_SOCKET_IFNAME set to eno7np0
MOC-R4PCC04U05:543577:543577 [2] NCCL INFO NCCL version 2.26.2+cuda12.2
MOC-R4PCC04U05:543576:543576 [1] NCCL INFO NCCL version 2.26.2+cuda12.2
MOC-R4PCC04U05:543578:543702 [3] NCCL INFO NET/Plugin: Could not find: libnccl-net.so. Using internal net plugin.
MOC-R4PCC04U05:543578:543702 [3] NCCL INFO NCCL_IB_HCA set to mlx5_5
MOC-R4PCC04U05:543577:543703 [2] NCCL INFO NET/Plugin: Could not find: libnccl-net.so. Using internal net plugin.
MOC-R4PCC04U05:543577:543703 [2] NCCL INFO NCCL_IB_HCA set to mlx5_5
MOC-R4PCC04U05:543578:543702 [3] NCCL INFO NET/IB : Made virtual device [0] name=mlx5_5 speed=400000 ndevs=1
MOC-R4PCC04U05:543578:543702 [3] NCCL INFO NET/IB : Using [0]mlx5_5:1/RoCE [RO]; OOB eno7np0:192.168.50.193<0>
MOC-R4PCC04U05:543576:543704 [1] NCCL INFO NET/Plugin: Could not find: libnccl-net.so. Using internal net plugin.
MOC-R4PCC04U05:543576:543704 [1] NCCL INFO NCCL_IB_HCA set to mlx5_5
MOC-R4PCC04U05:543577:543703 [2] NCCL INFO NET/IB : Made virtual device [0] name=mlx5_5 speed=400000 ndevs=1
MOC-R4PCC04U05:543577:543703 [2] NCCL INFO NET/IB : Using [0]mlx5_5:1/RoCE [RO]; OOB eno7np0:192.168.50.193<0>
MOC-R4PCC04U05:543576:543704 [1] NCCL INFO NET/IB : Made virtual device [0] name=mlx5_5 speed=400000 ndevs=1
MOC-R4PCC04U05:543576:543704 [1] NCCL INFO NET/IB : Using [0]mlx5_5:1/RoCE [RO]; OOB eno7np0:192.168.50.193<0>
MOC-R4PCC04U05:543578:543702 [3] NCCL INFO NET/IB : GPU Direct RDMA Enabled for HCA 0 'mlx5_5'
MOC-R4PCC04U05:543578:543702 [3] NCCL INFO NET/IB : Made virtual device [1] name=mlx5_5 speed=400000 ndevs=1
MOC-R4PCC04U05:543578:543702 [3] NCCL INFO NET/IB : GPU Direct RDMA Enabled for HCA 0 'mlx5_5'
MOC-R4PCC04U05:543578:543702 [3] NCCL INFO NET/IB : GPU Direct RDMA Enabled for HCA 1 'mlx5_5'
MOC-R4PCC04U05:543576:543704 [1] NCCL INFO NET/IB : GPU Direct RDMA Enabled for HCA 0 'mlx5_5'
MOC-R4PCC04U05:543576:543704 [1] NCCL INFO NET/IB : Made virtual device [1] name=mlx5_5 speed=400000 ndevs=1
MOC-R4PCC04U05:543576:543704 [1] NCCL INFO NET/IB : GPU Direct RDMA Enabled for HCA 0 'mlx5_5'
MOC-R4PCC04U05:543576:543704 [1] NCCL INFO NET/IB : GPU Direct RDMA Enabled for HCA 1 'mlx5_5'
MOC-R4PCC04U05:543575:543679 [0] NCCL INFO NET/IB : GPU Direct RDMA Enabled for HCA 0 'mlx5_5'
MOC-R4PCC04U05:543575:543679 [0] NCCL INFO NET/IB : Made virtual device [1] name=mlx5_5 speed=400000 ndevs=1
MOC-R4PCC04U05:543575:543679 [0] NCCL INFO NET/IB : GPU Direct RDMA Enabled for HCA 0 'mlx5_5'
MOC-R4PCC04U05:543575:543679 [0] NCCL INFO NET/IB : GPU Direct RDMA Enabled for HCA 1 'mlx5_5'
MOC-R4PCC04U05:543577:543703 [2] NCCL INFO NET/IB : GPU Direct RDMA Enabled for HCA 0 'mlx5_5'
MOC-R4PCC04U05:543577:543703 [2] NCCL INFO NET/IB : Made virtual device [1] name=mlx5_5 speed=400000 ndevs=1
MOC-R4PCC04U05:543577:543703 [2] NCCL INFO NET/IB : GPU Direct RDMA Enabled for HCA 0 'mlx5_5'
MOC-R4PCC04U05:543577:543703 [2] NCCL INFO NET/IB : GPU Direct RDMA Enabled for HCA 1 'mlx5_5'
MOC-R4PCC04U05:543575:543679 [0] NCCL INFO GPU Direct RDMA Enabled for GPU 0 / HCA 1 (distance 5 <= 5), read 0 mode Default
MOC-R4PCC04U05:543575:543679 [0] NCCL INFO GPU Direct RDMA Enabled for GPU 1 / HCA 1 (distance 5 <= 5), read 0 mode Default
MOC-R4PCC04U05:543575:543679 [0] NCCL INFO GPU Direct RDMA Enabled for GPU 2 / HCA 1 (distance 5 <= 5), read 0 mode Default
MOC-R4PCC04U05:543575:543679 [0] NCCL INFO GPU Direct RDMA Enabled for GPU 3 / HCA 1 (distance 5 <= 5), read 0 mode Default
MOC-R4PCC04U05:543575:543679 [0] NCCL INFO GPU Direct RDMA Enabled for GPU 0 / HCA 1 (distance 5 <= 5), read 0 mode Default
MOC-R4PCC04U05:543575:543679 [0] NCCL INFO GPU Direct RDMA Enabled for GPU 1 / HCA 1 (distance 5 <= 5), read 0 mode Default
MOC-R4PCC04U05:543575:543679 [0] NCCL INFO GPU Direct RDMA Enabled for GPU 2 / HCA 1 (distance 5 <= 5), read 0 mode Default
MOC-R4PCC04U05:543575:543679 [0] NCCL INFO GPU Direct RDMA Enabled for GPU 3 / HCA 1 (distance 5 <= 5), read 0 mode Default
MOC-R4PCC04U05:543576:543704 [1] NCCL INFO GPU Direct RDMA Enabled for GPU 0 / HCA 1 (distance 5 <= 5), read 0 mode Default
MOC-R4PCC04U05:543576:543704 [1] NCCL INFO GPU Direct RDMA Enabled for GPU 1 / HCA 1 (distance 5 <= 5), read 0 mode Default
MOC-R4PCC04U05:543576:543704 [1] NCCL INFO GPU Direct RDMA Enabled for GPU 2 / HCA 1 (distance 5 <= 5), read 0 mode Default
MOC-R4PCC04U05:543576:543704 [1] NCCL INFO GPU Direct RDMA Enabled for GPU 3 / HCA 1 (distance 5 <= 5), read 0 mode Default
MOC-R4PCC04U05:543578:543702 [3] NCCL INFO GPU Direct RDMA Enabled for GPU 0 / HCA 1 (distance 5 <= 5), read 0 mode Default
MOC-R4PCC04U05:543578:543702 [3] NCCL INFO GPU Direct RDMA Enabled for GPU 1 / HCA 1 (distance 5 <= 5), read 0 mode Default
MOC-R4PCC04U05:543578:543702 [3] NCCL INFO GPU Direct RDMA Enabled for GPU 2 / HCA 1 (distance 5 <= 5), read 0 mode Default
MOC-R4PCC04U05:543578:543702 [3] NCCL INFO GPU Direct RDMA Enabled for GPU 3 / HCA 1 (distance 5 <= 5), read 0 mode Default
MOC-R4PCC04U05:543576:543704 [1] NCCL INFO GPU Direct RDMA Enabled for GPU 0 / HCA 1 (distance 5 <= 5), read 0 mode Default
MOC-R4PCC04U05:543576:543704 [1] NCCL INFO GPU Direct RDMA Enabled for GPU 1 / HCA 1 (distance 5 <= 5), read 0 mode Default
MOC-R4PCC04U05:543576:543704 [1] NCCL INFO GPU Direct RDMA Enabled for GPU 2 / HCA 1 (distance 5 <= 5), read 0 mode Default
MOC-R4PCC04U05:543576:543704 [1] NCCL INFO GPU Direct RDMA Enabled for GPU 3 / HCA 1 (distance 5 <= 5), read 0 mode Default
MOC-R4PCC04U05:543578:543702 [3] NCCL INFO GPU Direct RDMA Enabled for GPU 0 / HCA 1 (distance 5 <= 5), read 0 mode Default
MOC-R4PCC04U05:543578:543702 [3] NCCL INFO GPU Direct RDMA Enabled for GPU 1 / HCA 1 (distance 5 <= 5), read 0 mode Default
MOC-R4PCC04U05:543578:543702 [3] NCCL INFO GPU Direct RDMA Enabled for GPU 2 / HCA 1 (distance 5 <= 5), read 0 mode Default
MOC-R4PCC04U05:543578:543702 [3] NCCL INFO GPU Direct RDMA Enabled for GPU 3 / HCA 1 (distance 5 <= 5), read 0 mode Default
MOC-R4PCC04U05:543577:543703 [2] NCCL INFO GPU Direct RDMA Enabled for GPU 0 / HCA 1 (distance 5 <= 5), read 0 mode Default
MOC-R4PCC04U05:543577:543703 [2] NCCL INFO GPU Direct RDMA Enabled for GPU 1 / HCA 1 (distance 5 <= 5), read 0 mode Default
MOC-R4PCC04U05:543577:543703 [2] NCCL INFO GPU Direct RDMA Enabled for GPU 2 / HCA 1 (distance 5 <= 5), read 0 mode Default
MOC-R4PCC04U05:543577:543703 [2] NCCL INFO GPU Direct RDMA Enabled for GPU 3 / HCA 1 (distance 5 <= 5), read 0 mode Default
MOC-R4PCC04U05:543577:543703 [2] NCCL INFO GPU Direct RDMA Enabled for GPU 0 / HCA 1 (distance 5 <= 5), read 0 mode Default
MOC-R4PCC04U05:543577:543703 [2] NCCL INFO GPU Direct RDMA Enabled for GPU 1 / HCA 1 (distance 5 <= 5), read 0 mode Default
MOC-R4PCC04U05:543577:543703 [2] NCCL INFO GPU Direct RDMA Enabled for GPU 2 / HCA 1 (distance 5 <= 5), read 0 mode Default
MOC-R4PCC04U05:543577:543703 [2] NCCL INFO GPU Direct RDMA Enabled for GPU 3 / HCA 1 (distance 5 <= 5), read 0 mode Default
MOC-R4PCC04U05:543576:543717 [1] NCCL INFO New proxy recv connection 0 from local rank 1, transport 0
MOC-R4PCC04U05:543576:543724 [1] NCCL INFO Connected to proxy localRank 1 -> connection 0x7fdb5c004f30
MOC-R4PCC04U05:543577:543725 [2] NCCL INFO GPU Direct RDMA Enabled for GPU 2 / HCA 1 (distance 5 <= 5), read 0 mode Default
MOC-R4PCC04U05:543576:543717 [1] NCCL INFO New proxy recv connection 1 from local rank 1, transport 0
MOC-R4PCC04U05:543576:543724 [1] NCCL INFO Connected to proxy localRank 1 -> connection 0x7fdb5c004fa8
MOC-R4PCC04U05:543576:543717 [1] NCCL INFO New proxy recv connection 2 from local rank 1, transport 0
MOC-R4PCC04U05:543576:543724 [1] NCCL INFO Connected to proxy localRank 1 -> connection 0x7fdb5c005020
MOC-R4PCC04U05:543575:543718 [0] NCCL INFO New proxy send connection 0 from local rank 0, transport 0
MOC-R4PCC04U05:543575:543726 [0] NCCL INFO Connected to proxy localRank 0 -> connection 0x7f6a2c004f30
MOC-R4PCC04U05:543576:543717 [1] NCCL INFO New proxy recv connection 3 from local rank 1, transport 0
MOC-R4PCC04U05:543576:543724 [1] NCCL INFO Connected to proxy localRank 1 -> connection 0x7fdb5c005098
MOC-R4PCC04U05:543575:543718 [0] NCCL INFO New proxy send connection 1 from local rank 0, transport 0
MOC-R4PCC04U05:543575:543726 [0] NCCL INFO Connected to proxy localRank 0 -> connection 0x7f6a2c004fa8
MOC-R4PCC04U05:543576:543717 [1] NCCL INFO New proxy send connection 4 from local rank 1, transport 0
MOC-R4PCC04U05:543576:543724 [1] NCCL INFO Connected to proxy localRank 1 -> connection 0x7fdb5c005110
MOC-R4PCC04U05:543575:543718 [0] NCCL INFO New proxy send connection 2 from local rank 0, transport 0
MOC-R4PCC04U05:543575:543726 [0] NCCL INFO Connected to proxy localRank 0 -> connection 0x7f6a2c005020
MOC-R4PCC04U05:543576:543717 [1] NCCL INFO New proxy send connection 5 from local rank 1, transport 0
MOC-R4PCC04U05:543576:543724 [1] NCCL INFO Connected to proxy localRank 1 -> connection 0x7fdb5c005188
MOC-R4PCC04U05:543575:543718 [0] NCCL INFO New proxy send connection 3 from local rank 0, transport 0
MOC-R4PCC04U05:543575:543726 [0] NCCL INFO Connected to proxy localRank 0 -> connection 0x7f6a2c005098
MOC-R4PCC04U05:543578:543716 [3] NCCL INFO New proxy recv connection 0 from local rank 3, transport 0
MOC-R4PCC04U05:543578:543727 [3] NCCL INFO Connected to proxy localRank 3 -> connection 0x7f7980004f30
MOC-R4PCC04U05:543576:543717 [1] NCCL INFO New proxy send connection 6 from local rank 1, transport 0
MOC-R4PCC04U05:543576:543724 [1] NCCL INFO Connected to proxy localRank 1 -> connection 0x7fdb5c005200
MOC-R4PCC04U05:543576:543717 [1] NCCL INFO New proxy send connection 7 from local rank 1, transport 0
MOC-R4PCC04U05:543576:543724 [1] NCCL INFO Connected to proxy localRank 1 -> connection 0x7fdb5c005278
MOC-R4PCC04U05:543578:543716 [3] NCCL INFO New proxy recv connection 1 from local rank 3, transport 0
MOC-R4PCC04U05:543578:543727 [3] NCCL INFO Connected to proxy localRank 3 -> connection 0x7f7980004fa8
MOC-R4PCC04U05:543578:543716 [3] NCCL INFO New proxy recv connection 2 from local rank 3, transport 0
MOC-R4PCC04U05:543578:543727 [3] NCCL INFO Connected to proxy localRank 3 -> connection 0x7f7980005020
MOC-R4PCC04U05:543578:543716 [3] NCCL INFO New proxy recv connection 3 from local rank 3, transport 0
MOC-R4PCC04U05:543578:543727 [3] NCCL INFO Connected to proxy localRank 3 -> connection 0x7f7980005098
MOC-R4PCC04U05:543578:543727 [3] NCCL INFO GPU Direct RDMA Enabled for GPU 3 / HCA 1 (distance 5 <= 5), read 1 mode Default
MOC-R4PCC04U05:543577:543719 [2] NCCL INFO New proxy recv connection 0 from local rank 2, transport 2
MOC-R4PCC04U05:543577:543719 [2] NCCL INFO New proxy send connection 1 from local rank 3, transport 2
MOC-R4PCC04U05:543577:543725 [2] NCCL INFO Connected to proxy localRank 2 -> connection 0x7f0384004f30
MOC-R4PCC04U05:543578:543727 [3] NCCL INFO Connected to proxy localRank 2 -> connection 0x7f0384004fa8
MOC-R4PCC04U05:543577:543725 [2] NCCL INFO Channel 00/0 : 11[3] -> 2[2] [receive] via NET/IB/1/GDRDMA
MOC-R4PCC04U05:543577:543725 [2] NCCL INFO GPU Direct RDMA Enabled for GPU 2 / HCA 1 (distance 5 <= 5), read 0 mode Default
MOC-R4PCC04U05:543578:543727 [3] NCCL INFO Channel 00/0 : 3[3] -> 6[2] [send] via NET/IB/1(2)/GDRDMA
MOC-R4PCC04U05:543578:543727 [3] NCCL INFO GPU Direct RDMA Enabled for GPU 3 / HCA 1 (distance 5 <= 5), read 1 mode Default
MOC-R4PCC04U05:543577:543719 [2] NCCL INFO New proxy recv connection 2 from local rank 2, transport 2
MOC-R4PCC04U05:543577:543725 [2] NCCL INFO Connected to proxy localRank 2 -> connection 0x7f0384005020
MOC-R4PCC04U05:543577:543719 [2] NCCL INFO New proxy send connection 3 from local rank 3, transport 2
MOC-R4PCC04U05:543578:543727 [3] NCCL INFO Connected to proxy localRank 2 -> connection 0x7f0384005098
MOC-R4PCC04U05:543577:543725 [2] NCCL INFO Channel 01/0 : 11[3] -> 2[2] [receive] via NET/IB/1/GDRDMA
MOC-R4PCC04U05:543577:543725 [2] NCCL INFO GPU Direct RDMA Enabled for GPU 2 / HCA 1 (distance 5 <= 5), read 0 mode Default
MOC-R4PCC04U05:543578:543727 [3] NCCL INFO Channel 01/0 : 3[3] -> 6[2] [send] via NET/IB/1(2)/GDRDMA
MOC-R4PCC04U05:543578:543727 [3] NCCL INFO GPU Direct RDMA Enabled for GPU 3 / HCA 1 (distance 5 <= 5), read 1 mode Default
MOC-R4PCC04U05:543577:543719 [2] NCCL INFO New proxy recv connection 4 from local rank 2, transport 2
MOC-R4PCC04U05:543577:543725 [2] NCCL INFO Connected to proxy localRank 2 -> connection 0x7f0384005110
MOC-R4PCC04U05:543577:543719 [2] NCCL INFO New proxy send connection 5 from local rank 3, transport 2
MOC-R4PCC04U05:543578:543727 [3] NCCL INFO Connected to proxy localRank 2 -> connection 0x7f0384005188
MOC-R4PCC04U05:543577:543725 [2] NCCL INFO Channel 02/0 : 11[3] -> 2[2] [receive] via NET/IB/1/GDRDMA
MOC-R4PCC04U05:543577:543725 [2] NCCL INFO GPU Direct RDMA Enabled for GPU 2 / HCA 1 (distance 5 <= 5), read 0 mode Default
MOC-R4PCC04U05:543578:543727 [3] NCCL INFO Channel 02/0 : 3[3] -> 6[2] [send] via NET/IB/1(2)/GDRDMA
MOC-R4PCC04U05:543578:543727 [3] NCCL INFO GPU Direct RDMA Enabled for GPU 3 / HCA 1 (distance 5 <= 5), read 1 mode Default
MOC-R4PCC04U05:543577:543719 [2] NCCL INFO New proxy recv connection 6 from local rank 2, transport 2
MOC-R4PCC04U05:543577:543725 [2] NCCL INFO Connected to proxy localRank 2 -> connection 0x7f0384005200
MOC-R4PCC04U05:543577:543719 [2] NCCL INFO New proxy send connection 7 from local rank 3, transport 2
MOC-R4PCC04U05:543578:543727 [3] NCCL INFO Connected to proxy localRank 2 -> connection 0x7f0384005278
MOC-R4PCC04U05:543577:543725 [2] NCCL INFO Channel 03/0 : 11[3] -> 2[2] [receive] via NET/IB/1/GDRDMA
MOC-R4PCC04U05:543578:543727 [3] NCCL INFO Channel 03/0 : 3[3] -> 6[2] [send] via NET/IB/1(2)/GDRDMA
MOC-R4PCC04U05:543575:543718 [0] NCCL INFO New proxy recv connection 4 from local rank 0, transport 0
MOC-R4PCC04U05:543575:543726 [0] NCCL INFO Connected to proxy localRank 0 -> connection 0x7f6a2c005110
MOC-R4PCC04U05:543575:543718 [0] NCCL INFO New proxy recv connection 5 from local rank 0, transport 0
MOC-R4PCC04U05:543575:543726 [0] NCCL INFO Connected to proxy localRank 0 -> connection 0x7f6a2c005188
MOC-R4PCC04U05:543575:543718 [0] NCCL INFO New proxy recv connection 6 from local rank 0, transport 0
MOC-R4PCC04U05:543575:543726 [0] NCCL INFO Connected to proxy localRank 0 -> connection 0x7f6a2c005200
MOC-R4PCC04U05:543575:543718 [0] NCCL INFO New proxy recv connection 7 from local rank 0, transport 0
MOC-R4PCC04U05:543575:543726 [0] NCCL INFO Connected to proxy localRank 0 -> connection 0x7f6a2c005278
MOC-R4PCC04U05:543575:543718 [0] NCCL INFO New proxy send connection 8 from local rank 3, transport 0
MOC-R4PCC04U05:543578:543727 [3] NCCL INFO Connected to proxy localRank 0 -> connection 0x7f6a2c0052f0
MOC-R4PCC04U05:543578:543716 [3] NCCL INFO New proxy send connection 4 from local rank 0, transport 0
MOC-R4PCC04U05:543575:543726 [0] NCCL INFO Connected to proxy localRank 3 -> connection 0x7f7980005110
MOC-R4PCC04U05:543577:543719 [2] NCCL INFO NET/IB: NCCL Dev 1 IbDev 0 Port 1 qpn 8492 mtu 3 query_ece={supported=1, vendor_id=0x15b3, options=0x30000002, comp_mask=0x0} GID 3 (0/C132A8C0FFFF0000) fifoRkey=0x176c2b fifoLkey=0x176c2b
MOC-R4PCC04U05:543577:543719 [2] NCCL INFO NET/IB: NCCL Dev 1 IbDev 0 Port 1 qpn 8493 mtu 3 query_ece={supported=1, vendor_id=0x15b3, options=0x30000002, comp_mask=0x0} GID 3 (0/C132A8C0FFFF0000) fifoRkey=0x1722e1 fifoLkey=0x1722e1
MOC-R4PCC04U05:543577:543719 [2] NCCL INFO NET/IB: IbDev 0 Port 1 qpn 8438 set_ece={supported=1, vendor_id=0x15b3, options=0x0, comp_mask=0x0}
MOC-R4PCC04U05:543577:543719 [2] NCCL INFO NET/IB: IbDev 0 Port 1 qpn 8440 set_ece={supported=1, vendor_id=0x15b3, options=0x0, comp_mask=0x0}
MOC-R4PCC04U05:543577:543719 [2] NCCL INFO New proxy send connection 8 from local rank 3, transport 0
MOC-R4PCC04U05:543578:543727 [3] NCCL INFO Connected to proxy localRank 2 -> connection 0x7f03840052f0
MOC-R4PCC04U05:543576:543717 [1] NCCL INFO New proxy send connection 8 from local rank 0, transport 0
MOC-R4PCC04U05:543575:543726 [0] NCCL INFO Connected to proxy localRank 1 -> connection 0x7fdb5c0052f0
MOC-R4PCC04U05:543577:543719 [2] NCCL INFO New proxy send connection 9 from local rank 2, transport 0
MOC-R4PCC04U05:543577:543725 [2] NCCL INFO Connected to proxy localRank 2 -> connection 0x7f0384005368
MOC-R4PCC04U05:543577:543719 [2] NCCL INFO NET/IB: NCCL Dev 1 IbDev 0 Port 1 qpn 8494 mtu 3 query_ece={supported=1, vendor_id=0x15b3, options=0x30000002, comp_mask=0x0} GID 3 (0/C132A8C0FFFF0000) fifoRkey=0x17cb8a fifoLkey=0x17cb8a
MOC-R4PCC04U05:543577:543719 [2] NCCL INFO NET/IB: NCCL Dev 1 IbDev 0 Port 1 qpn 8495 mtu 3 query_ece={supported=1, vendor_id=0x15b3, options=0x30000002, comp_mask=0x0} GID 3 (0/C132A8C0FFFF0000) fifoRkey=0x174705 fifoLkey=0x174705
MOC-R4PCC04U05:543577:543719 [2] NCCL INFO New proxy send connection 10 from local rank 2, transport 0
MOC-R4PCC04U05:543577:543725 [2] NCCL INFO Connected to proxy localRank 2 -> connection 0x7f03840053e0
MOC-R4PCC04U05:543577:543719 [2] NCCL INFO NET/IB: IbDev 0 Port 1 qpn 8442 set_ece={supported=1, vendor_id=0x15b3, options=0x0, comp_mask=0x0}
MOC-R4PCC04U05:543577:543719 [2] NCCL INFO NET/IB: IbDev 0 Port 1 qpn 8444 set_ece={supported=1, vendor_id=0x15b3, options=0x0, comp_mask=0x0}
MOC-R4PCC04U05:543577:543719 [2] NCCL INFO New proxy send connection 11 from local rank 2, transport 0
MOC-R4PCC04U05:543577:543725 [2] NCCL INFO Connected to proxy localRank 2 -> connection 0x7f0384005458
MOC-R4PCC04U05:543577:543719 [2] NCCL INFO New proxy send connection 12 from local rank 2, transport 0
MOC-R4PCC04U05:543577:543725 [2] NCCL INFO Connected to proxy localRank 2 -> connection 0x7f03840054d0
MOC-R4PCC04U05:543576:543717 [1] NCCL INFO New proxy send connection 9 from local rank 2, transport 0
MOC-R4PCC04U05:543577:543725 [2] NCCL INFO Connected to proxy localRank 1 -> connection 0x7fdb5c005368
MOC-R4PCC04U05:543575:543718 [0] NCCL INFO New proxy send connection 9 from local rank 1, transport 0
MOC-R4PCC04U05:543576:543724 [1] NCCL INFO Connected to proxy localRank 0 -> connection 0x7f6a2c005368
MOC-R4PCC04U05:543577:543719 [2] NCCL INFO New proxy send connection 13 from local rank 1, transport 0
MOC-R4PCC04U05:543576:543724 [1] NCCL INFO Connected to proxy localRank 2 -> connection 0x7f0384005548
num decayed parameter tensors: 50, with 124,318,464 parameters
num non-decayed parameter tensors: 98, with 121,344 parameters
using fused AdamW: False
using regular AdamW
MOC-R4PCC04U05:543578:543716 [3] NCCL INFO New proxy recv connection 5 from local rank 3, transport 0
MOC-R4PCC04U05:543578:544423 [3] NCCL INFO Connected to proxy localRank 3 -> connection 0x7f7980005188
MOC-R4PCC04U05:543578:543716 [3] NCCL INFO New proxy recv connection 6 from local rank 3, transport 0
MOC-R4PCC04U05:543578:544423 [3] NCCL INFO Connected to proxy localRank 3 -> connection 0x7f7980005200
MOC-R4PCC04U05:543578:543716 [3] NCCL INFO New proxy recv connection 7 from local rank 3, transport 0
MOC-R4PCC04U05:543578:544423 [3] NCCL INFO Connected to proxy localRank 3 -> connection 0x7f7980005278
MOC-R4PCC04U05:543578:543716 [3] NCCL INFO New proxy recv connection 8 from local rank 3, transport 0
MOC-R4PCC04U05:543578:544423 [3] NCCL INFO Connected to proxy localRank 3 -> connection 0x7f79800052f0
MOC-R4PCC04U05:543577:543719 [2] NCCL INFO New proxy send connection 14 from local rank 2, transport 0
MOC-R4PCC04U05:543577:544424 [2] NCCL INFO Connected to proxy localRank 2 -> connection 0x7f03840055c0
MOC-R4PCC04U05:543577:543719 [2] NCCL INFO New proxy send connection 15 from local rank 2, transport 0
MOC-R4PCC04U05:543577:544424 [2] NCCL INFO Connected to proxy localRank 2 -> connection 0x7f0384005638
MOC-R4PCC04U05:543577:543719 [2] NCCL INFO New proxy send connection 16 from local rank 2, transport 0
MOC-R4PCC04U05:543577:544424 [2] NCCL INFO Connected to proxy localRank 2 -> connection 0x7f03840056b0
MOC-R4PCC04U05:543577:543719 [2] NCCL INFO New proxy send connection 17 from local rank 2, transport 0
MOC-R4PCC04U05:543577:544424 [2] NCCL INFO Connected to proxy localRank 2 -> connection 0x7f0384005728
MOC-R4PCC04U05:543577:544424 [2] NCCL INFO GPU Direct RDMA Enabled for GPU 2 / HCA 1 (distance 5 <= 5), read 0 mode Default
MOC-R4PCC04U05:543577:543719 [2] NCCL INFO New proxy recv connection 18 from local rank 2, transport 2
MOC-R4PCC04U05:543577:544424 [2] NCCL INFO Connected to proxy localRank 2 -> connection 0x7f03840057a0
MOC-R4PCC04U05:543578:543716 [3] NCCL INFO New proxy send connection 9 from local rank 3, transport 0
MOC-R4PCC04U05:543578:544423 [3] NCCL INFO Connected to proxy localRank 3 -> connection 0x7f7980005368
MOC-R4PCC04U05:543577:544424 [2] NCCL INFO Channel 00/0 : 10[2] -> 2[2] [receive] via NET/IB/1/GDRDMA
MOC-R4PCC04U05:543577:544424 [2] NCCL INFO GPU Direct RDMA Enabled for GPU 2 / HCA 1 (distance 5 <= 5), read 0 mode Default
MOC-R4PCC04U05:543577:543719 [2] NCCL INFO New proxy recv connection 19 from local rank 2, transport 2
MOC-R4PCC04U05:543577:544424 [2] NCCL INFO Connected to proxy localRank 2 -> connection 0x7f0384005818
MOC-R4PCC04U05:543577:544424 [2] NCCL INFO Channel 01/0 : 10[2] -> 2[2] [receive] via NET/IB/1/GDRDMA
MOC-R4PCC04U05:543577:544424 [2] NCCL INFO GPU Direct RDMA Enabled for GPU 2 / HCA 1 (distance 5 <= 5), read 0 mode Default
MOC-R4PCC04U05:543577:543719 [2] NCCL INFO New proxy recv connection 20 from local rank 2, transport 2
MOC-R4PCC04U05:543577:544424 [2] NCCL INFO Connected to proxy localRank 2 -> connection 0x7f0384005890
MOC-R4PCC04U05:543577:544424 [2] NCCL INFO Channel 02/0 : 10[2] -> 2[2] [receive] via NET/IB/1/GDRDMA
MOC-R4PCC04U05:543577:544424 [2] NCCL INFO GPU Direct RDMA Enabled for GPU 2 / HCA 1 (distance 5 <= 5), read 0 mode Default
MOC-R4PCC04U05:543578:543716 [3] NCCL INFO New proxy send connection 10 from local rank 3, transport 0
MOC-R4PCC04U05:543577:543719 [2] NCCL INFO New proxy recv connection 21 from local rank 2, transport 2
MOC-R4PCC04U05:543578:544423 [3] NCCL INFO Connected to proxy localRank 3 -> connection 0x7f79800053e0
MOC-R4PCC04U05:543577:544424 [2] NCCL INFO Connected to proxy localRank 2 -> connection 0x7f0384005908
MOC-R4PCC04U05:543577:544424 [2] NCCL INFO Channel 03/0 : 10[2] -> 2[2] [receive] via NET/IB/1/GDRDMA
MOC-R4PCC04U05:543577:544424 [2] NCCL INFO GPU Direct RDMA Enabled for GPU 2 / HCA 1 (distance 5 <= 5), read 1 mode Default
MOC-R4PCC04U05:543577:543719 [2] NCCL INFO New proxy send connection 22 from local rank 2, transport 2
MOC-R4PCC04U05:543577:544424 [2] NCCL INFO Connected to proxy localRank 2 -> connection 0x7f0384005980
MOC-R4PCC04U05:543577:544424 [2] NCCL INFO Channel 02/0 : 2[2] -> 6[2] [send] via NET/IB/1/GDRDMA
MOC-R4PCC04U05:543577:544424 [2] NCCL INFO GPU Direct RDMA Enabled for GPU 2 / HCA 1 (distance 5 <= 5), read 1 mode Default
MOC-R4PCC04U05:543578:543716 [3] NCCL INFO New proxy send connection 11 from local rank 3, transport 0
MOC-R4PCC04U05:543578:544423 [3] NCCL INFO Connected to proxy localRank 3 -> connection 0x7f7980005458
MOC-R4PCC04U05:543577:543719 [2] NCCL INFO New proxy send connection 23 from local rank 2, transport 2
MOC-R4PCC04U05:543577:544424 [2] NCCL INFO Connected to proxy localRank 2 -> connection 0x7f03840059f8
MOC-R4PCC04U05:543577:544424 [2] NCCL INFO Channel 03/0 : 2[2] -> 6[2] [send] via NET/IB/1/GDRDMA
MOC-R4PCC04U05:543578:543716 [3] NCCL INFO New proxy send connection 12 from local rank 3, transport 0
MOC-R4PCC04U05:543578:544423 [3] NCCL INFO Connected to proxy localRank 3 -> connection 0x7f79800054d0
MOC-R4PCC04U05:543575:543718 [0] NCCL INFO New proxy send connection 10 from local rank 0, transport 0
MOC-R4PCC04U05:543575:544425 [0] NCCL INFO Connected to proxy localRank 0 -> connection 0x7f6a2c0053e0
MOC-R4PCC04U05:543575:543718 [0] NCCL INFO New proxy send connection 11 from local rank 0, transport 0
MOC-R4PCC04U05:543575:544425 [0] NCCL INFO Connected to proxy localRank 0 -> connection 0x7f6a2c005458
MOC-R4PCC04U05:543575:543718 [0] NCCL INFO New proxy send connection 12 from local rank 0, transport 0
MOC-R4PCC04U05:543575:544425 [0] NCCL INFO Connected to proxy localRank 0 -> connection 0x7f6a2c0054d0
MOC-R4PCC04U05:543575:543718 [0] NCCL INFO New proxy send connection 13 from local rank 0, transport 0
MOC-R4PCC04U05:543575:544425 [0] NCCL INFO Connected to proxy localRank 0 -> connection 0x7f6a2c005548
MOC-R4PCC04U05:543576:543717 [1] NCCL INFO New proxy recv connection 10 from local rank 1, transport 0
MOC-R4PCC04U05:543576:544426 [1] NCCL INFO Connected to proxy localRank 1 -> connection 0x7fdb5c0053e0
MOC-R4PCC04U05:543576:543717 [1] NCCL INFO New proxy recv connection 11 from local rank 1, transport 0
MOC-R4PCC04U05:543576:544426 [1] NCCL INFO Connected to proxy localRank 1 -> connection 0x7fdb5c005458
MOC-R4PCC04U05:543576:543717 [1] NCCL INFO New proxy recv connection 12 from local rank 1, transport 0
MOC-R4PCC04U05:543576:544426 [1] NCCL INFO Connected to proxy localRank 1 -> connection 0x7fdb5c0054d0
MOC-R4PCC04U05:543576:543717 [1] NCCL INFO New proxy recv connection 13 from local rank 1, transport 0
MOC-R4PCC04U05:543576:544426 [1] NCCL INFO Connected to proxy localRank 1 -> connection 0x7fdb5c005548
MOC-R4PCC04U05:543575:543718 [0] NCCL INFO New proxy recv connection 14 from local rank 0, transport 0
MOC-R4PCC04U05:543575:544425 [0] NCCL INFO Connected to proxy localRank 0 -> connection 0x7f6a2c0055c0
MOC-R4PCC04U05:543575:543718 [0] NCCL INFO New proxy recv connection 15 from local rank 0, transport 0
MOC-R4PCC04U05:543575:544425 [0] NCCL INFO Connected to proxy localRank 0 -> connection 0x7f6a2c005638
MOC-R4PCC04U05:543575:543718 [0] NCCL INFO New proxy recv connection 16 from local rank 0, transport 0
MOC-R4PCC04U05:543575:544425 [0] NCCL INFO Connected to proxy localRank 0 -> connection 0x7f6a2c0056b0
MOC-R4PCC04U05:543575:543718 [0] NCCL INFO New proxy recv connection 17 from local rank 0, transport 0
MOC-R4PCC04U05:543575:544425 [0] NCCL INFO Connected to proxy localRank 0 -> connection 0x7f6a2c005728
MOC-R4PCC04U05:543578:543716 [3] NCCL INFO New proxy send connection 13 from local rank 3, transport 0
MOC-R4PCC04U05:543578:544423 [3] NCCL INFO Connected to proxy localRank 3 -> connection 0x7f7980005548
MOC-R4PCC04U05:543578:543716 [3] NCCL INFO New proxy send connection 14 from local rank 3, transport 0
MOC-R4PCC04U05:543578:544423 [3] NCCL INFO Connected to proxy localRank 3 -> connection 0x7f79800055c0
MOC-R4PCC04U05:543578:543716 [3] NCCL INFO New proxy send connection 15 from local rank 3, transport 0
MOC-R4PCC04U05:543578:544423 [3] NCCL INFO Connected to proxy localRank 3 -> connection 0x7f7980005638
MOC-R4PCC04U05:543577:544424 [2] NCCL INFO GPU Direct RDMA Enabled for GPU 2 / HCA 1 (distance 5 <= 5), read 0 mode Default
MOC-R4PCC04U05:543577:543719 [2] NCCL INFO New proxy recv connection 24 from local rank 2, transport 2
MOC-R4PCC04U05:543577:544424 [2] NCCL INFO Connected to proxy localRank 2 -> connection 0x7f0384005a70
MOC-R4PCC04U05:543577:544424 [2] NCCL INFO Channel 02/0 : 6[2] -> 2[2] [receive] via NET/IB/1/GDRDMA
MOC-R4PCC04U05:543577:544424 [2] NCCL INFO GPU Direct RDMA Enabled for GPU 2 / HCA 1 (distance 5 <= 5), read 0 mode Default
MOC-R4PCC04U05:543577:543719 [2] NCCL INFO New proxy recv connection 25 from local rank 2, transport 2
MOC-R4PCC04U05:543577:544424 [2] NCCL INFO Connected to proxy localRank 2 -> connection 0x7f0384005ae8
MOC-R4PCC04U05:543578:543716 [3] NCCL INFO New proxy send connection 16 from local rank 3, transport 0
MOC-R4PCC04U05:543578:544423 [3] NCCL INFO Connected to proxy localRank 3 -> connection 0x7f79800056b0
MOC-R4PCC04U05:543577:544424 [2] NCCL INFO Channel 03/0 : 6[2] -> 2[2] [receive] via NET/IB/1/GDRDMA
MOC-R4PCC04U05:543577:544424 [2] NCCL INFO GPU Direct RDMA Enabled for GPU 2 / HCA 1 (distance 5 <= 5), read 1 mode Default
MOC-R4PCC04U05:543577:543719 [2] NCCL INFO New proxy send connection 26 from local rank 2, transport 2
MOC-R4PCC04U05:543577:544424 [2] NCCL INFO Connected to proxy localRank 2 -> connection 0x7f0384005b60
MOC-R4PCC04U05:543577:544424 [2] NCCL INFO Channel 00/0 : 2[2] -> 10[2] [send] via NET/IB/1/GDRDMA
MOC-R4PCC04U05:543577:544424 [2] NCCL INFO GPU Direct RDMA Enabled for GPU 2 / HCA 1 (distance 5 <= 5), read 1 mode Default
MOC-R4PCC04U05:543577:543719 [2] NCCL INFO New proxy send connection 27 from local rank 2, transport 2
MOC-R4PCC04U05:543577:544424 [2] NCCL INFO Connected to proxy localRank 2 -> connection 0x7f0384005bd8
MOC-R4PCC04U05:543577:544424 [2] NCCL INFO Channel 01/0 : 2[2] -> 10[2] [send] via NET/IB/1/GDRDMA
MOC-R4PCC04U05:543577:544424 [2] NCCL INFO GPU Direct RDMA Enabled for GPU 2 / HCA 1 (distance 5 <= 5), read 1 mode Default
MOC-R4PCC04U05:543577:543719 [2] NCCL INFO New proxy send connection 28 from local rank 2, transport 2
MOC-R4PCC04U05:543577:544424 [2] NCCL INFO Connected to proxy localRank 2 -> connection 0x7f0384005c50
MOC-R4PCC04U05:543577:544424 [2] NCCL INFO Channel 02/0 : 2[2] -> 10[2] [send] via NET/IB/1/GDRDMA
MOC-R4PCC04U05:543577:544424 [2] NCCL INFO GPU Direct RDMA Enabled for GPU 2 / HCA 1 (distance 5 <= 5), read 1 mode Default
MOC-R4PCC04U05:543577:543719 [2] NCCL INFO New proxy send connection 29 from local rank 2, transport 2
MOC-R4PCC04U05:543577:544424 [2] NCCL INFO Connected to proxy localRank 2 -> connection 0x7f0384005cc8
MOC-R4PCC04U05:543577:544424 [2] NCCL INFO Channel 03/0 : 2[2] -> 10[2] [send] via NET/IB/1/GDRDMA
MOC-R4PCC04U05:543577:543719 [2] NCCL INFO New proxy recv connection 30 from local rank 2, transport 0
MOC-R4PCC04U05:543577:544424 [2] NCCL INFO Connected to proxy localRank 2 -> connection 0x7f0384005d40
MOC-R4PCC04U05:543577:543719 [2] NCCL INFO New proxy recv connection 31 from local rank 2, transport 0
MOC-R4PCC04U05:543577:544424 [2] NCCL INFO Connected to proxy localRank 2 -> connection 0x7f0384005db8
MOC-R4PCC04U05:543577:543719 [2] NCCL INFO New proxy recv connection 32 from local rank 2, transport 0
MOC-R4PCC04U05:543577:544424 [2] NCCL INFO Connected to proxy localRank 2 -> connection 0x7f0384005e30
MOC-R4PCC04U05:543577:543719 [2] NCCL INFO New proxy recv connection 33 from local rank 2, transport 0
MOC-R4PCC04U05:543577:544424 [2] NCCL INFO Connected to proxy localRank 2 -> connection 0x7f0384005ea8
MOC-R4PCC04U05:543578:543716 [3] NCCL INFO New proxy send connection 17 from local rank 2, transport 0
MOC-R4PCC04U05:543577:544424 [2] NCCL INFO Connected to proxy localRank 3 -> connection 0x7f7980005728
MOC-R4PCC04U05:543577:543719 [2] NCCL INFO NET/IB: NCCL Dev 1 IbDev 0 Port 1 qpn 8508 mtu 3 query_ece={supported=1, vendor_id=0x15b3, options=0x30000002, comp_mask=0x0} GID 3 (0/C132A8C0FFFF0000) fifoRkey=0x178443 fifoLkey=0x178443
MOC-R4PCC04U05:543577:543719 [2] NCCL INFO NET/IB: NCCL Dev 1 IbDev 0 Port 1 qpn 8511 mtu 3 query_ece={supported=1, vendor_id=0x15b3, options=0x30000002, comp_mask=0x0} GID 3 (0/C132A8C0FFFF0000) fifoRkey=0x17e1a0 fifoLkey=0x17e1a0
MOC-R4PCC04U05:543577:543719 [2] NCCL INFO NET/IB: NCCL Dev 1 IbDev 0 Port 1 qpn 8514 mtu 3 query_ece={supported=1, vendor_id=0x15b3, options=0x30000002, comp_mask=0x0} GID 3 (0/C132A8C0FFFF0000) fifoRkey=0x17bf7e fifoLkey=0x17bf7e
MOC-R4PCC04U05:543577:543719 [2] NCCL INFO NET/IB: IbDev 0 Port 1 qpn 8454 set_ece={supported=1, vendor_id=0x15b3, options=0x0, comp_mask=0x0}
MOC-R4PCC04U05:543577:543719 [2] NCCL INFO NET/IB: IbDev 0 Port 1 qpn 8456 set_ece={supported=1, vendor_id=0x15b3, options=0x0, comp_mask=0x0}
MOC-R4PCC04U05:543577:543719 [2] NCCL INFO NET/IB: IbDev 0 Port 1 qpn 5558 set_ece={supported=1, vendor_id=0x15b3, options=0x0, comp_mask=0x0}
MOC-R4PCC04U05:543577:543719 [2] NCCL INFO NET/IB: NCCL Dev 1 IbDev 0 Port 1 qpn 8515 mtu 3 query_ece={supported=1, vendor_id=0x15b3, options=0x30000002, comp_mask=0x0} GID 3 (0/C132A8C0FFFF0000) fifoRkey=0x17b878 fifoLkey=0x17b878
MOC-R4PCC04U05:543577:543719 [2] NCCL INFO NET/IB: IbDev 0 Port 1 qpn 5564 set_ece={supported=1, vendor_id=0x15b3, options=0x0, comp_mask=0x0}
MOC-R4PCC04U05:543577:543719 [2] NCCL INFO NET/IB: NCCL Dev 1 IbDev 0 Port 1 qpn 8516 mtu 3 query_ece={supported=1, vendor_id=0x15b3, options=0x30000002, comp_mask=0x0} GID 3 (0/C132A8C0FFFF0000) fifoRkey=0x17601f fifoLkey=0x17601f
MOC-R4PCC04U05:543577:543719 [2] NCCL INFO NET/IB: NCCL Dev 1 IbDev 0 Port 1 qpn 8519 mtu 3 query_ece={supported=1, vendor_id=0x15b3, options=0x30000002, comp_mask=0x0} GID 3 (0/C132A8C0FFFF0000) fifoRkey=0x17d796 fifoLkey=0x17d796
MOC-R4PCC04U05:543577:543719 [2] NCCL INFO NET/IB: IbDev 0 Port 1 qpn 5566 set_ece={supported=1, vendor_id=0x15b3, options=0x0, comp_mask=0x0}
MOC-R4PCC04U05:543577:543719 [2] NCCL INFO NET/IB: IbDev 0 Port 1 qpn 5568 set_ece={supported=1, vendor_id=0x15b3, options=0x0, comp_mask=0x0}
step    1/10 | train loss 11.010590 | norm 15.4878 | lr 1.00e-04 | (13829.38 ms | 56867 tok/s)
step    2/10 | train loss 10.133057 | norm 5.7716 | lr 1.00e-04 | (224.45 ms | 3503872 tok/s)
step    3/10 | train loss 9.789966 | norm 2.6230 | lr 1.00e-04 | (222.73 ms | 3530877 tok/s)
step    4/10 | train loss 9.619513 | norm 2.1196 | lr 1.00e-04 | (223.88 ms | 3512704 tok/s)
step    5/10 | train loss 9.536170 | norm 2.1144 | lr 1.00e-04 | (223.39 ms | 3520409 tok/s)
step    6/10 | train loss 9.454327 | norm 2.0046 | lr 1.00e-04 | (223.25 ms | 3522717 tok/s)
step    7/10 | train loss 9.368595 | norm 1.9542 | lr 1.00e-04 | (223.75 ms | 3514774 tok/s)
step    8/10 | train loss 9.277061 | norm 1.9203 | lr 1.00e-04 | (222.37 ms | 3536632 tok/s)
step    9/10 | train loss 9.182123 | norm 1.8690 | lr 1.00e-04 | (222.61 ms | 3532711 tok/s)
step   10/10 | train loss 9.094346 | norm 1.7912 | lr 1.00e-04 | (225.88 ms | 3481619 tok/s)
final 9 iters avg: 223.590ms
peak memory consumption: 16601 MiB
