Running pytorch 2.7.0+cu126
using device: cuda:0
total desired batch size: 1048576
=> calculated gradient accumulation steps: 4
using device: cuda:2
using device: cuda:1
using device: cuda:3
compiling the model...
DataLoader: total number of tokens: 1,661,249,667 across 103 files
MOC-R4PCC04U05:339780:339780 [0] NCCL INFO NCCL_SOCKET_IFNAME set to eno7np0
MOC-R4PCC04U05:339780:339780 [0] NCCL INFO NCCL version 2.26.2+cuda12.2
MOC-R4PCC04U05:339780:339821 [0] NCCL INFO NET/Plugin: Could not find: libnccl-net.so. Using internal net plugin.
MOC-R4PCC04U05:339780:339821 [0] NCCL INFO NET/Socket : Using [0]eno7np0:192.168.50.193<0>
MOC-R4PCC04U05:339782:339782 [2] NCCL INFO NCCL_SOCKET_IFNAME set to eno7np0
MOC-R4PCC04U05:339782:339782 [2] NCCL INFO NCCL version 2.26.2+cuda12.2
MOC-R4PCC04U05:339781:339781 [1] NCCL INFO NCCL_SOCKET_IFNAME set to eno7np0
MOC-R4PCC04U05:339781:339781 [1] NCCL INFO NCCL version 2.26.2+cuda12.2
MOC-R4PCC04U05:339783:339783 [3] NCCL INFO NCCL_SOCKET_IFNAME set to eno7np0
MOC-R4PCC04U05:339783:339783 [3] NCCL INFO NCCL version 2.26.2+cuda12.2
MOC-R4PCC04U05:339782:339822 [2] NCCL INFO NET/Plugin: Could not find: libnccl-net.so. Using internal net plugin.
MOC-R4PCC04U05:339782:339822 [2] NCCL INFO NET/Socket : Using [0]eno7np0:192.168.50.193<0>
MOC-R4PCC04U05:339781:339823 [1] NCCL INFO NET/Plugin: Could not find: libnccl-net.so. Using internal net plugin.
MOC-R4PCC04U05:339781:339823 [1] NCCL INFO NET/Socket : Using [0]eno7np0:192.168.50.193<0>
MOC-R4PCC04U05:339783:339824 [3] NCCL INFO NET/Plugin: Could not find: libnccl-net.so. Using internal net plugin.
MOC-R4PCC04U05:339783:339824 [3] NCCL INFO NET/Socket : Using [0]eno7np0:192.168.50.193<0>
MOC-R4PCC04U05:339782:339822 [2] NCCL INFO NET/Socket : GPU Direct RDMA Disabled for HCA 0 'eno7np0'
MOC-R4PCC04U05:339780:339821 [0] NCCL INFO NET/Socket : GPU Direct RDMA Disabled for HCA 0 'eno7np0'
MOC-R4PCC04U05:339783:339824 [3] NCCL INFO NET/Socket : GPU Direct RDMA Disabled for HCA 0 'eno7np0'
MOC-R4PCC04U05:339781:339823 [1] NCCL INFO NET/Socket : GPU Direct RDMA Disabled for HCA 0 'eno7np0'
MOC-R4PCC04U05:339782:339830 [2] NCCL INFO New proxy recv connection 0 from local rank 2, transport 0
MOC-R4PCC04U05:339782:339840 [2] NCCL INFO Connected to proxy localRank 2 -> connection 0x7f22a8004f30
MOC-R4PCC04U05:339782:339830 [2] NCCL INFO New proxy recv connection 1 from local rank 2, transport 0
MOC-R4PCC04U05:339782:339840 [2] NCCL INFO Connected to proxy localRank 2 -> connection 0x7f22a8004fa8
MOC-R4PCC04U05:339780:339831 [0] NCCL INFO New proxy send connection 0 from local rank 0, transport 0
MOC-R4PCC04U05:339780:339842 [0] NCCL INFO Connected to proxy localRank 0 -> connection 0x7f2ba8004f30
MOC-R4PCC04U05:339781:339832 [1] NCCL INFO New proxy recv connection 0 from local rank 1, transport 0
MOC-R4PCC04U05:339781:339844 [1] NCCL INFO Connected to proxy localRank 1 -> connection 0x7fa494004f30
MOC-R4PCC04U05:339783:339836 [3] NCCL INFO New proxy recv connection 0 from local rank 3, transport 0
MOC-R4PCC04U05:339783:339843 [3] NCCL INFO Connected to proxy localRank 3 -> connection 0x7fdac4004f30
MOC-R4PCC04U05:339781:339832 [1] NCCL INFO New proxy recv connection 1 from local rank 1, transport 0
MOC-R4PCC04U05:339781:339844 [1] NCCL INFO Connected to proxy localRank 1 -> connection 0x7fa494004fa8
MOC-R4PCC04U05:339783:339836 [3] NCCL INFO New proxy recv connection 1 from local rank 3, transport 0
MOC-R4PCC04U05:339783:339843 [3] NCCL INFO Connected to proxy localRank 3 -> connection 0x7fdac4004fa8
MOC-R4PCC04U05:339780:339831 [0] NCCL INFO New proxy send connection 1 from local rank 0, transport 0
MOC-R4PCC04U05:339780:339842 [0] NCCL INFO Connected to proxy localRank 0 -> connection 0x7f2ba8004fa8
MOC-R4PCC04U05:339780:339831 [0] NCCL INFO New proxy send connection 2 from local rank 0, transport 0
MOC-R4PCC04U05:339780:339842 [0] NCCL INFO Connected to proxy localRank 0 -> connection 0x7f2ba8005020
MOC-R4PCC04U05:339780:339831 [0] NCCL INFO New proxy send connection 3 from local rank 0, transport 0
MOC-R4PCC04U05:339780:339842 [0] NCCL INFO Connected to proxy localRank 0 -> connection 0x7f2ba8005098
MOC-R4PCC04U05:339782:339830 [2] NCCL INFO New proxy recv connection 2 from local rank 2, transport 2
MOC-R4PCC04U05:339782:339840 [2] NCCL INFO Connected to proxy localRank 2 -> connection 0x7f22a8005020
MOC-R4PCC04U05:339782:339840 [2] NCCL INFO Channel 00/0 : 7[3] -> 2[2] [receive] via NET/Socket/0
MOC-R4PCC04U05:339782:339830 [2] NCCL INFO New proxy recv connection 3 from local rank 2, transport 2
MOC-R4PCC04U05:339782:339840 [2] NCCL INFO Connected to proxy localRank 2 -> connection 0x7f22a8005098
MOC-R4PCC04U05:339782:339840 [2] NCCL INFO Channel 02/0 : 7[3] -> 2[2] [receive] via NET/Socket/0
MOC-R4PCC04U05:339782:339830 [2] NCCL INFO New proxy send connection 4 from local rank 2, transport 2
MOC-R4PCC04U05:339782:339840 [2] NCCL INFO Connected to proxy localRank 2 -> connection 0x7f22a8005110
MOC-R4PCC04U05:339782:339840 [2] NCCL INFO Channel 01/0 : 2[2] -> 7[3] [send] via NET/Socket/0
MOC-R4PCC04U05:339782:339830 [2] NCCL INFO New proxy send connection 5 from local rank 2, transport 2
MOC-R4PCC04U05:339782:339840 [2] NCCL INFO Connected to proxy localRank 2 -> connection 0x7f22a8005188
MOC-R4PCC04U05:339782:339840 [2] NCCL INFO Channel 03/0 : 2[2] -> 7[3] [send] via NET/Socket/0
MOC-R4PCC04U05:339782:339830 [2] NCCL INFO New proxy send connection 6 from local rank 2, transport 0
MOC-R4PCC04U05:339782:339840 [2] NCCL INFO Connected to proxy localRank 2 -> connection 0x7f22a8005200
MOC-R4PCC04U05:339782:339830 [2] NCCL INFO New proxy send connection 7 from local rank 2, transport 0
MOC-R4PCC04U05:339782:339840 [2] NCCL INFO Connected to proxy localRank 2 -> connection 0x7f22a8005278
MOC-R4PCC04U05:339783:339836 [3] NCCL INFO New proxy send connection 2 from local rank 3, transport 2
MOC-R4PCC04U05:339783:339843 [3] NCCL INFO Connected to proxy localRank 3 -> connection 0x7fdac4005020
MOC-R4PCC04U05:339783:339843 [3] NCCL INFO Channel 00/0 : 3[3] -> 6[2] [send] via NET/Socket/0
MOC-R4PCC04U05:339783:339836 [3] NCCL INFO New proxy send connection 3 from local rank 3, transport 2
MOC-R4PCC04U05:339783:339843 [3] NCCL INFO Connected to proxy localRank 3 -> connection 0x7fdac4005098
MOC-R4PCC04U05:339783:339843 [3] NCCL INFO Channel 02/0 : 3[3] -> 6[2] [send] via NET/Socket/0
MOC-R4PCC04U05:339780:339831 [0] NCCL INFO New proxy recv connection 4 from local rank 0, transport 0
MOC-R4PCC04U05:339783:339836 [3] NCCL INFO New proxy recv connection 4 from local rank 3, transport 2
MOC-R4PCC04U05:339783:339843 [3] NCCL INFO Connected to proxy localRank 3 -> connection 0x7fdac4005110
MOC-R4PCC04U05:339783:339843 [3] NCCL INFO Channel 01/0 : 6[2] -> 3[3] [receive] via NET/Socket/0
MOC-R4PCC04U05:339783:339836 [3] NCCL INFO New proxy recv connection 5 from local rank 3, transport 2
MOC-R4PCC04U05:339783:339843 [3] NCCL INFO Connected to proxy localRank 3 -> connection 0x7fdac4005188
MOC-R4PCC04U05:339780:339842 [0] NCCL INFO Connected to proxy localRank 0 -> connection 0x7f2ba8005110
MOC-R4PCC04U05:339783:339843 [3] NCCL INFO Channel 03/0 : 6[2] -> 3[3] [receive] via NET/Socket/0
MOC-R4PCC04U05:339783:339836 [3] NCCL INFO New proxy send connection 6 from local rank 3, transport 0
MOC-R4PCC04U05:339783:339843 [3] NCCL INFO Connected to proxy localRank 3 -> connection 0x7fdac4005200
MOC-R4PCC04U05:339780:339831 [0] NCCL INFO New proxy recv connection 5 from local rank 0, transport 0
MOC-R4PCC04U05:339780:339842 [0] NCCL INFO Connected to proxy localRank 0 -> connection 0x7f2ba8005188
MOC-R4PCC04U05:339783:339836 [3] NCCL INFO New proxy send connection 7 from local rank 3, transport 0
MOC-R4PCC04U05:339783:339843 [3] NCCL INFO Connected to proxy localRank 3 -> connection 0x7fdac4005278
MOC-R4PCC04U05:339780:339831 [0] NCCL INFO New proxy recv connection 6 from local rank 0, transport 0
MOC-R4PCC04U05:339780:339842 [0] NCCL INFO Connected to proxy localRank 0 -> connection 0x7f2ba8005200
MOC-R4PCC04U05:339781:339832 [1] NCCL INFO New proxy recv connection 2 from local rank 1, transport 0
MOC-R4PCC04U05:339781:339844 [1] NCCL INFO Connected to proxy localRank 1 -> connection 0x7fa494005020
MOC-R4PCC04U05:339780:339831 [0] NCCL INFO New proxy send connection 7 from local rank 3, transport 0
MOC-R4PCC04U05:339783:339843 [3] NCCL INFO Connected to proxy localRank 0 -> connection 0x7f2ba8005278
MOC-R4PCC04U05:339780:339831 [0] NCCL INFO New proxy recv connection 8 from local rank 0, transport 0
MOC-R4PCC04U05:339780:339842 [0] NCCL INFO Connected to proxy localRank 0 -> connection 0x7f2ba80052f0
MOC-R4PCC04U05:339781:339832 [1] NCCL INFO New proxy recv connection 3 from local rank 1, transport 0
MOC-R4PCC04U05:339781:339844 [1] NCCL INFO Connected to proxy localRank 1 -> connection 0x7fa494005098
MOC-R4PCC04U05:339781:339832 [1] NCCL INFO New proxy send connection 4 from local rank 1, transport 0
MOC-R4PCC04U05:339781:339844 [1] NCCL INFO Connected to proxy localRank 1 -> connection 0x7fa494005110
MOC-R4PCC04U05:339781:339832 [1] NCCL INFO New proxy send connection 5 from local rank 1, transport 0
MOC-R4PCC04U05:339781:339844 [1] NCCL INFO Connected to proxy localRank 1 -> connection 0x7fa494005188
MOC-R4PCC04U05:339781:339832 [1] NCCL INFO New proxy send connection 6 from local rank 1, transport 0
MOC-R4PCC04U05:339781:339844 [1] NCCL INFO Connected to proxy localRank 1 -> connection 0x7fa494005200
MOC-R4PCC04U05:339781:339832 [1] NCCL INFO New proxy send connection 7 from local rank 1, transport 0
MOC-R4PCC04U05:339781:339844 [1] NCCL INFO Connected to proxy localRank 1 -> connection 0x7fa494005278
MOC-R4PCC04U05:339780:339831 [0] NCCL INFO New proxy send connection 9 from local rank 2, transport 0
MOC-R4PCC04U05:339782:339840 [2] NCCL INFO Connected to proxy localRank 0 -> connection 0x7f2ba8005368
MOC-R4PCC04U05:339782:339830 [2] NCCL INFO New proxy send connection 8 from local rank 0, transport 0
MOC-R4PCC04U05:339780:339842 [0] NCCL INFO Connected to proxy localRank 2 -> connection 0x7f22a80052f0
MOC-R4PCC04U05:339783:339836 [3] NCCL INFO New proxy send connection 8 from local rank 1, transport 0
MOC-R4PCC04U05:339781:339844 [1] NCCL INFO Connected to proxy localRank 3 -> connection 0x7fdac40052f0
MOC-R4PCC04U05:339781:339832 [1] NCCL INFO New proxy send connection 8 from local rank 2, transport 0
MOC-R4PCC04U05:339782:339840 [2] NCCL INFO Connected to proxy localRank 1 -> connection 0x7fa4940052f0
MOC-R4PCC04U05:339781:339832 [1] NCCL INFO New proxy send connection 9 from local rank 3, transport 0
MOC-R4PCC04U05:339783:339843 [3] NCCL INFO Connected to proxy localRank 1 -> connection 0x7fa494005368
MOC-R4PCC04U05:339783:339836 [3] NCCL INFO New proxy send connection 9 from local rank 0, transport 0
MOC-R4PCC04U05:339780:339842 [0] NCCL INFO Connected to proxy localRank 3 -> connection 0x7fdac4005368
MOC-R4PCC04U05:339780:339831 [0] NCCL INFO New proxy send connection 10 from local rank 1, transport 0
MOC-R4PCC04U05:339781:339844 [1] NCCL INFO Connected to proxy localRank 0 -> connection 0x7f2ba80053e0
MOC-R4PCC04U05:339781:339832 [1] NCCL INFO New proxy send connection 10 from local rank 0, transport 0
MOC-R4PCC04U05:339780:339842 [0] NCCL INFO Connected to proxy localRank 1 -> connection 0x7fa4940053e0
MOC-R4PCC04U05:339782:339830 [2] NCCL INFO New proxy send connection 9 from local rank 1, transport 0
MOC-R4PCC04U05:339781:339844 [1] NCCL INFO Connected to proxy localRank 2 -> connection 0x7f22a8005368
num decayed parameter tensors: 50, with 124,318,464 parameters
num non-decayed parameter tensors: 98, with 121,344 parameters
using fused AdamW: False
using regular AdamW
MOC-R4PCC04U05:339782:339830 [2] NCCL INFO New proxy recv connection 10 from local rank 2, transport 0
MOC-R4PCC04U05:339782:340665 [2] NCCL INFO Connected to proxy localRank 2 -> connection 0x7f22a80053e0
MOC-R4PCC04U05:339782:339830 [2] NCCL INFO New proxy recv connection 11 from local rank 2, transport 0
MOC-R4PCC04U05:339782:340665 [2] NCCL INFO Connected to proxy localRank 2 -> connection 0x7f22a8005458
MOC-R4PCC04U05:339782:339830 [2] NCCL INFO New proxy recv connection 12 from local rank 2, transport 0
MOC-R4PCC04U05:339782:340665 [2] NCCL INFO Connected to proxy localRank 2 -> connection 0x7f22a80054d0
MOC-R4PCC04U05:339782:339830 [2] NCCL INFO New proxy recv connection 13 from local rank 2, transport 0
MOC-R4PCC04U05:339782:340665 [2] NCCL INFO Connected to proxy localRank 2 -> connection 0x7f22a8005548
MOC-R4PCC04U05:339780:339831 [0] NCCL INFO New proxy send connection 11 from local rank 0, transport 0
MOC-R4PCC04U05:339780:340666 [0] NCCL INFO Connected to proxy localRank 0 -> connection 0x7f2ba8005458
MOC-R4PCC04U05:339780:339831 [0] NCCL INFO New proxy send connection 12 from local rank 0, transport 0
MOC-R4PCC04U05:339780:340666 [0] NCCL INFO Connected to proxy localRank 0 -> connection 0x7f2ba80054d0
MOC-R4PCC04U05:339780:339831 [0] NCCL INFO New proxy send connection 13 from local rank 0, transport 0
MOC-R4PCC04U05:339780:340666 [0] NCCL INFO Connected to proxy localRank 0 -> connection 0x7f2ba8005548
MOC-R4PCC04U05:339780:339831 [0] NCCL INFO New proxy send connection 14 from local rank 0, transport 0
MOC-R4PCC04U05:339780:340666 [0] NCCL INFO Connected to proxy localRank 0 -> connection 0x7f2ba80055c0
MOC-R4PCC04U05:339781:339832 [1] NCCL INFO New proxy recv connection 11 from local rank 1, transport 0
MOC-R4PCC04U05:339781:340667 [1] NCCL INFO Connected to proxy localRank 1 -> connection 0x7fa494005458
MOC-R4PCC04U05:339781:339832 [1] NCCL INFO New proxy recv connection 12 from local rank 1, transport 0
MOC-R4PCC04U05:339781:340667 [1] NCCL INFO Connected to proxy localRank 1 -> connection 0x7fa4940054d0
MOC-R4PCC04U05:339781:339832 [1] NCCL INFO New proxy recv connection 13 from local rank 1, transport 0
MOC-R4PCC04U05:339781:340667 [1] NCCL INFO Connected to proxy localRank 1 -> connection 0x7fa494005548
MOC-R4PCC04U05:339781:339832 [1] NCCL INFO New proxy recv connection 14 from local rank 1, transport 0
MOC-R4PCC04U05:339781:340667 [1] NCCL INFO Connected to proxy localRank 1 -> connection 0x7fa4940055c0
MOC-R4PCC04U05:339781:339832 [1] NCCL INFO New proxy send connection 15 from local rank 1, transport 0
MOC-R4PCC04U05:339781:340667 [1] NCCL INFO Connected to proxy localRank 1 -> connection 0x7fa494005638
MOC-R4PCC04U05:339781:339832 [1] NCCL INFO New proxy send connection 16 from local rank 1, transport 0
MOC-R4PCC04U05:339781:340667 [1] NCCL INFO Connected to proxy localRank 1 -> connection 0x7fa4940056b0
MOC-R4PCC04U05:339781:339832 [1] NCCL INFO New proxy send connection 17 from local rank 1, transport 0
MOC-R4PCC04U05:339781:340667 [1] NCCL INFO Connected to proxy localRank 1 -> connection 0x7fa494005728
MOC-R4PCC04U05:339781:339832 [1] NCCL INFO New proxy send connection 18 from local rank 1, transport 0
MOC-R4PCC04U05:339781:340667 [1] NCCL INFO Connected to proxy localRank 1 -> connection 0x7fa4940057a0
MOC-R4PCC04U05:339780:339831 [0] NCCL INFO New proxy send connection 15 from local rank 0, transport 0
MOC-R4PCC04U05:339780:340666 [0] NCCL INFO Connected to proxy localRank 0 -> connection 0x7f2ba8005638
MOC-R4PCC04U05:339781:339832 [1] NCCL INFO New proxy recv connection 19 from local rank 1, transport 0
MOC-R4PCC04U05:339781:340667 [1] NCCL INFO Connected to proxy localRank 1 -> connection 0x7fa494005818
MOC-R4PCC04U05:339782:339830 [2] NCCL INFO New proxy send connection 14 from local rank 2, transport 0
MOC-R4PCC04U05:339780:339831 [0] NCCL INFO New proxy send connection 16 from local rank 0, transport 0
MOC-R4PCC04U05:339782:340665 [2] NCCL INFO Connected to proxy localRank 2 -> connection 0x7f22a80055c0
MOC-R4PCC04U05:339780:340666 [0] NCCL INFO Connected to proxy localRank 0 -> connection 0x7f2ba80056b0
MOC-R4PCC04U05:339781:339832 [1] NCCL INFO New proxy recv connection 20 from local rank 1, transport 0
MOC-R4PCC04U05:339781:340667 [1] NCCL INFO Connected to proxy localRank 1 -> connection 0x7fa494005890
MOC-R4PCC04U05:339782:339830 [2] NCCL INFO New proxy send connection 15 from local rank 2, transport 0
MOC-R4PCC04U05:339782:340665 [2] NCCL INFO Connected to proxy localRank 2 -> connection 0x7f22a8005638
MOC-R4PCC04U05:339783:339836 [3] NCCL INFO New proxy recv connection 10 from local rank 3, transport 0
MOC-R4PCC04U05:339783:340668 [3] NCCL INFO Connected to proxy localRank 3 -> connection 0x7fdac40053e0
MOC-R4PCC04U05:339783:339836 [3] NCCL INFO New proxy recv connection 11 from local rank 3, transport 0
MOC-R4PCC04U05:339783:340668 [3] NCCL INFO Connected to proxy localRank 3 -> connection 0x7fdac4005458
MOC-R4PCC04U05:339780:339831 [0] NCCL INFO New proxy recv connection 17 from local rank 0, transport 0
MOC-R4PCC04U05:339783:339836 [3] NCCL INFO New proxy recv connection 12 from local rank 3, transport 2
MOC-R4PCC04U05:339780:340666 [0] NCCL INFO Connected to proxy localRank 0 -> connection 0x7f2ba8005728
MOC-R4PCC04U05:339783:340668 [3] NCCL INFO Connected to proxy localRank 3 -> connection 0x7fdac40054d0
MOC-R4PCC04U05:339783:340668 [3] NCCL INFO Channel 00/0 : 7[3] -> 3[3] [receive] via NET/Socket/0
MOC-R4PCC04U05:339783:339836 [3] NCCL INFO New proxy recv connection 13 from local rank 3, transport 2
MOC-R4PCC04U05:339783:340668 [3] NCCL INFO Connected to proxy localRank 3 -> connection 0x7fdac4005548
MOC-R4PCC04U05:339783:340668 [3] NCCL INFO Channel 01/0 : 7[3] -> 3[3] [receive] via NET/Socket/0
MOC-R4PCC04U05:339783:339836 [3] NCCL INFO New proxy recv connection 14 from local rank 3, transport 2
MOC-R4PCC04U05:339783:340668 [3] NCCL INFO Connected to proxy localRank 3 -> connection 0x7fdac40055c0
MOC-R4PCC04U05:339783:340668 [3] NCCL INFO Channel 02/0 : 7[3] -> 3[3] [receive] via NET/Socket/0
MOC-R4PCC04U05:339783:339836 [3] NCCL INFO New proxy recv connection 15 from local rank 3, transport 2
MOC-R4PCC04U05:339783:340668 [3] NCCL INFO Connected to proxy localRank 3 -> connection 0x7fdac4005638
MOC-R4PCC04U05:339783:340668 [3] NCCL INFO Channel 03/0 : 7[3] -> 3[3] [receive] via NET/Socket/0
MOC-R4PCC04U05:339783:339836 [3] NCCL INFO New proxy send connection 16 from local rank 3, transport 2
MOC-R4PCC04U05:339783:340668 [3] NCCL INFO Connected to proxy localRank 3 -> connection 0x7fdac40056b0
MOC-R4PCC04U05:339783:340668 [3] NCCL INFO Channel 00/0 : 3[3] -> 7[3] [send] via NET/Socket/0
MOC-R4PCC04U05:339783:339836 [3] NCCL INFO New proxy send connection 17 from local rank 3, transport 2
MOC-R4PCC04U05:339783:340668 [3] NCCL INFO Connected to proxy localRank 3 -> connection 0x7fdac4005728
MOC-R4PCC04U05:339783:340668 [3] NCCL INFO Channel 01/0 : 3[3] -> 7[3] [send] via NET/Socket/0
MOC-R4PCC04U05:339783:339836 [3] NCCL INFO New proxy send connection 18 from local rank 3, transport 2
MOC-R4PCC04U05:339783:340668 [3] NCCL INFO Connected to proxy localRank 3 -> connection 0x7fdac40057a0
MOC-R4PCC04U05:339783:340668 [3] NCCL INFO Channel 02/0 : 3[3] -> 7[3] [send] via NET/Socket/0
MOC-R4PCC04U05:339783:339836 [3] NCCL INFO New proxy send connection 19 from local rank 3, transport 2
MOC-R4PCC04U05:339783:340668 [3] NCCL INFO Connected to proxy localRank 3 -> connection 0x7fdac4005818
MOC-R4PCC04U05:339783:340668 [3] NCCL INFO Channel 03/0 : 3[3] -> 7[3] [send] via NET/Socket/0
MOC-R4PCC04U05:339783:339836 [3] NCCL INFO New proxy send connection 20 from local rank 3, transport 0
MOC-R4PCC04U05:339783:340668 [3] NCCL INFO Connected to proxy localRank 3 -> connection 0x7fdac4005890
MOC-R4PCC04U05:339783:339836 [3] NCCL INFO New proxy send connection 21 from local rank 3, transport 0
MOC-R4PCC04U05:339783:340668 [3] NCCL INFO Connected to proxy localRank 3 -> connection 0x7fdac4005908
MOC-R4PCC04U05:339780:339831 [0] NCCL INFO New proxy recv connection 18 from local rank 0, transport 0
MOC-R4PCC04U05:339780:340666 [0] NCCL INFO Connected to proxy localRank 0 -> connection 0x7f2ba80057a0
MOC-R4PCC04U05:339783:339836 [3] NCCL INFO New proxy send connection 22 from local rank 3, transport 0
MOC-R4PCC04U05:339783:340668 [3] NCCL INFO Connected to proxy localRank 3 -> connection 0x7fdac4005980
MOC-R4PCC04U05:339780:339831 [0] NCCL INFO New proxy recv connection 19 from local rank 0, transport 0
MOC-R4PCC04U05:339780:340666 [0] NCCL INFO Connected to proxy localRank 0 -> connection 0x7f2ba8005818
MOC-R4PCC04U05:339783:339836 [3] NCCL INFO New proxy send connection 23 from local rank 3, transport 0
MOC-R4PCC04U05:339783:340668 [3] NCCL INFO Connected to proxy localRank 3 -> connection 0x7fdac40059f8
MOC-R4PCC04U05:339780:339831 [0] NCCL INFO New proxy recv connection 20 from local rank 0, transport 0
MOC-R4PCC04U05:339780:340666 [0] NCCL INFO Connected to proxy localRank 0 -> connection 0x7f2ba8005890
step    1/10 | train loss 11.010094 | norm 15.4736 | lr 1.00e-04 | (14210.95 ms | 73786 tok/s)
step    2/10 | train loss 10.132359 | norm 5.7712 | lr 1.00e-04 | (364.00 ms | 2880680 tok/s)
step    3/10 | train loss 9.790417 | norm 2.6207 | lr 1.00e-04 | (362.10 ms | 2895852 tok/s)
step    4/10 | train loss 9.620088 | norm 2.1209 | lr 1.00e-04 | (356.56 ms | 2940828 tok/s)
step    5/10 | train loss 9.536893 | norm 2.1162 | lr 1.00e-04 | (359.42 ms | 2917448 tok/s)
step    6/10 | train loss 9.455263 | norm 2.0054 | lr 1.00e-04 | (360.52 ms | 2908488 tok/s)
step    7/10 | train loss 9.369593 | norm 1.9545 | lr 1.00e-04 | (357.53 ms | 2932797 tok/s)
step    8/10 | train loss 9.277901 | norm 1.9223 | lr 1.00e-04 | (359.33 ms | 2918148 tok/s)
step    9/10 | train loss 9.182259 | norm 1.8716 | lr 1.00e-04 | (355.91 ms | 2946196 tok/s)
step   10/10 | train loss 9.094433 | norm 1.7972 | lr 1.00e-04 | (358.94 ms | 2921337 tok/s)
final 9 iters avg: 359.367ms
peak memory consumption: 16601 MiB
