Running pytorch 2.7.0+cu126
using device: cuda:0
total desired batch size: 5242880
=> calculated gradient accumulation steps: 10
using device: cuda:1
using device: cuda:2
using device: cuda:3
compiling the model...
DataLoader: total number of tokens: 1,661,249,667 across 103 files
MOC-R4PCC04U05:647989:647989 [0] NCCL INFO NCCL_SOCKET_IFNAME set to eno7np0
MOC-R4PCC04U05:647989:647989 [0] NCCL INFO NCCL version 2.26.2+cuda12.2
MOC-R4PCC04U05:647989:648093 [0] NCCL INFO NET/Plugin: Could not find: libnccl-net.so. Using internal net plugin.
MOC-R4PCC04U05:647989:648093 [0] NCCL INFO NET/Socket : Using [0]eno7np0:192.168.50.193<0>
MOC-R4PCC04U05:647990:647990 [1] NCCL INFO NCCL_SOCKET_IFNAME set to eno7np0
MOC-R4PCC04U05:647990:647990 [1] NCCL INFO NCCL version 2.26.2+cuda12.2
MOC-R4PCC04U05:647992:647992 [3] NCCL INFO NCCL_SOCKET_IFNAME set to eno7np0
MOC-R4PCC04U05:647992:647992 [3] NCCL INFO NCCL version 2.26.2+cuda12.2
MOC-R4PCC04U05:647991:647991 [2] NCCL INFO NCCL_SOCKET_IFNAME set to eno7np0
MOC-R4PCC04U05:647991:647991 [2] NCCL INFO NCCL version 2.26.2+cuda12.2
MOC-R4PCC04U05:647990:648115 [1] NCCL INFO NET/Plugin: Could not find: libnccl-net.so. Using internal net plugin.
MOC-R4PCC04U05:647992:648116 [3] NCCL INFO NET/Plugin: Could not find: libnccl-net.so. Using internal net plugin.
MOC-R4PCC04U05:647990:648115 [1] NCCL INFO NET/Socket : Using [0]eno7np0:192.168.50.193<0>
MOC-R4PCC04U05:647992:648116 [3] NCCL INFO NET/Socket : Using [0]eno7np0:192.168.50.193<0>
MOC-R4PCC04U05:647991:648117 [2] NCCL INFO NET/Plugin: Could not find: libnccl-net.so. Using internal net plugin.
MOC-R4PCC04U05:647991:648117 [2] NCCL INFO NET/Socket : Using [0]eno7np0:192.168.50.193<0>
MOC-R4PCC04U05:647991:648117 [2] NCCL INFO NET/Socket : GPU Direct RDMA Disabled for HCA 0 'eno7np0'
MOC-R4PCC04U05:647989:648093 [0] NCCL INFO NET/Socket : GPU Direct RDMA Disabled for HCA 0 'eno7np0'
MOC-R4PCC04U05:647992:648116 [3] NCCL INFO NET/Socket : GPU Direct RDMA Disabled for HCA 0 'eno7np0'
MOC-R4PCC04U05:647990:648115 [1] NCCL INFO NET/Socket : GPU Direct RDMA Disabled for HCA 0 'eno7np0'
MOC-R4PCC04U05:647989:648129 [0] NCCL INFO New proxy send connection 0 from local rank 0, transport 0
MOC-R4PCC04U05:647989:648134 [0] NCCL INFO Connected to proxy localRank 0 -> connection 0x7f264c004f30
MOC-R4PCC04U05:647989:648129 [0] NCCL INFO New proxy send connection 1 from local rank 0, transport 0
MOC-R4PCC04U05:647989:648134 [0] NCCL INFO Connected to proxy localRank 0 -> connection 0x7f264c004fa8
MOC-R4PCC04U05:647991:648126 [2] NCCL INFO New proxy recv connection 0 from local rank 2, transport 0
MOC-R4PCC04U05:647991:648135 [2] NCCL INFO Connected to proxy localRank 2 -> connection 0x7fcb88004f30
MOC-R4PCC04U05:647990:648128 [1] NCCL INFO New proxy recv connection 0 from local rank 1, transport 0
MOC-R4PCC04U05:647990:648136 [1] NCCL INFO Connected to proxy localRank 1 -> connection 0x7f8054004f30
MOC-R4PCC04U05:647991:648126 [2] NCCL INFO New proxy recv connection 1 from local rank 2, transport 0
MOC-R4PCC04U05:647991:648135 [2] NCCL INFO Connected to proxy localRank 2 -> connection 0x7fcb88004fa8
MOC-R4PCC04U05:647990:648128 [1] NCCL INFO New proxy recv connection 1 from local rank 1, transport 0
MOC-R4PCC04U05:647990:648136 [1] NCCL INFO Connected to proxy localRank 1 -> connection 0x7f8054004fa8
MOC-R4PCC04U05:647992:648125 [3] NCCL INFO New proxy recv connection 0 from local rank 3, transport 0
MOC-R4PCC04U05:647992:648137 [3] NCCL INFO Connected to proxy localRank 3 -> connection 0x7f35f0004f30
MOC-R4PCC04U05:647989:648129 [0] NCCL INFO New proxy send connection 2 from local rank 0, transport 0
MOC-R4PCC04U05:647989:648134 [0] NCCL INFO Connected to proxy localRank 0 -> connection 0x7f264c005020
MOC-R4PCC04U05:647992:648125 [3] NCCL INFO New proxy recv connection 1 from local rank 3, transport 0
MOC-R4PCC04U05:647992:648137 [3] NCCL INFO Connected to proxy localRank 3 -> connection 0x7f35f0004fa8
MOC-R4PCC04U05:647989:648129 [0] NCCL INFO New proxy send connection 3 from local rank 0, transport 0
MOC-R4PCC04U05:647989:648134 [0] NCCL INFO Connected to proxy localRank 0 -> connection 0x7f264c005098
MOC-R4PCC04U05:647991:648126 [2] NCCL INFO New proxy recv connection 2 from local rank 2, transport 2
MOC-R4PCC04U05:647991:648135 [2] NCCL INFO Connected to proxy localRank 2 -> connection 0x7fcb88005020
MOC-R4PCC04U05:647991:648135 [2] NCCL INFO Channel 00/0 : 15[3] -> 2[2] [receive] via NET/Socket/0
MOC-R4PCC04U05:647991:648126 [2] NCCL INFO New proxy recv connection 3 from local rank 2, transport 2
MOC-R4PCC04U05:647991:648135 [2] NCCL INFO Connected to proxy localRank 2 -> connection 0x7fcb88005098
MOC-R4PCC04U05:647991:648135 [2] NCCL INFO Channel 02/0 : 15[3] -> 2[2] [receive] via NET/Socket/0
MOC-R4PCC04U05:647992:648125 [3] NCCL INFO New proxy send connection 2 from local rank 3, transport 2
MOC-R4PCC04U05:647992:648137 [3] NCCL INFO Connected to proxy localRank 3 -> connection 0x7f35f0005020
MOC-R4PCC04U05:647992:648137 [3] NCCL INFO Channel 00/0 : 3[3] -> 6[2] [send] via NET/Socket/0
MOC-R4PCC04U05:647992:648125 [3] NCCL INFO New proxy send connection 3 from local rank 3, transport 2
MOC-R4PCC04U05:647992:648137 [3] NCCL INFO Connected to proxy localRank 3 -> connection 0x7f35f0005098
MOC-R4PCC04U05:647992:648137 [3] NCCL INFO Channel 02/0 : 3[3] -> 6[2] [send] via NET/Socket/0
MOC-R4PCC04U05:647989:648129 [0] NCCL INFO New proxy recv connection 4 from local rank 0, transport 0
MOC-R4PCC04U05:647989:648134 [0] NCCL INFO Connected to proxy localRank 0 -> connection 0x7f264c005110
MOC-R4PCC04U05:647992:648125 [3] NCCL INFO New proxy recv connection 4 from local rank 3, transport 2
MOC-R4PCC04U05:647992:648137 [3] NCCL INFO Connected to proxy localRank 3 -> connection 0x7f35f0005110
MOC-R4PCC04U05:647992:648137 [3] NCCL INFO Channel 01/0 : 14[2] -> 3[3] [receive] via NET/Socket/0
MOC-R4PCC04U05:647992:648125 [3] NCCL INFO New proxy recv connection 5 from local rank 3, transport 2
MOC-R4PCC04U05:647992:648137 [3] NCCL INFO Connected to proxy localRank 3 -> connection 0x7f35f0005188
MOC-R4PCC04U05:647992:648137 [3] NCCL INFO Channel 03/0 : 14[2] -> 3[3] [receive] via NET/Socket/0
MOC-R4PCC04U05:647989:648129 [0] NCCL INFO New proxy recv connection 5 from local rank 0, transport 0
MOC-R4PCC04U05:647989:648134 [0] NCCL INFO Connected to proxy localRank 0 -> connection 0x7f264c005188
MOC-R4PCC04U05:647989:648129 [0] NCCL INFO New proxy recv connection 6 from local rank 0, transport 0
MOC-R4PCC04U05:647989:648134 [0] NCCL INFO Connected to proxy localRank 0 -> connection 0x7f264c005200
MOC-R4PCC04U05:647989:648129 [0] NCCL INFO New proxy recv connection 7 from local rank 0, transport 0
MOC-R4PCC04U05:647989:648134 [0] NCCL INFO Connected to proxy localRank 0 -> connection 0x7f264c005278
MOC-R4PCC04U05:647991:648126 [2] NCCL INFO New proxy send connection 4 from local rank 2, transport 2
MOC-R4PCC04U05:647991:648135 [2] NCCL INFO Connected to proxy localRank 2 -> connection 0x7fcb88005110
MOC-R4PCC04U05:647991:648135 [2] NCCL INFO Channel 01/0 : 2[2] -> 7[3] [send] via NET/Socket/0
MOC-R4PCC04U05:647991:648126 [2] NCCL INFO New proxy send connection 5 from local rank 2, transport 2
MOC-R4PCC04U05:647991:648135 [2] NCCL INFO Connected to proxy localRank 2 -> connection 0x7fcb88005188
MOC-R4PCC04U05:647991:648135 [2] NCCL INFO Channel 03/0 : 2[2] -> 7[3] [send] via NET/Socket/0
MOC-R4PCC04U05:647991:648126 [2] NCCL INFO New proxy send connection 6 from local rank 2, transport 0
MOC-R4PCC04U05:647991:648135 [2] NCCL INFO Connected to proxy localRank 2 -> connection 0x7fcb88005200
MOC-R4PCC04U05:647991:648126 [2] NCCL INFO New proxy send connection 7 from local rank 2, transport 0
MOC-R4PCC04U05:647991:648135 [2] NCCL INFO Connected to proxy localRank 2 -> connection 0x7fcb88005278
MOC-R4PCC04U05:647992:648125 [3] NCCL INFO New proxy send connection 6 from local rank 3, transport 0
MOC-R4PCC04U05:647992:648137 [3] NCCL INFO Connected to proxy localRank 3 -> connection 0x7f35f0005200
MOC-R4PCC04U05:647992:648125 [3] NCCL INFO New proxy send connection 7 from local rank 3, transport 0
MOC-R4PCC04U05:647992:648137 [3] NCCL INFO Connected to proxy localRank 3 -> connection 0x7f35f0005278
MOC-R4PCC04U05:647990:648128 [1] NCCL INFO New proxy recv connection 2 from local rank 1, transport 0
MOC-R4PCC04U05:647989:648129 [0] NCCL INFO New proxy send connection 8 from local rank 3, transport 0
MOC-R4PCC04U05:647990:648136 [1] NCCL INFO Connected to proxy localRank 1 -> connection 0x7f8054005020
MOC-R4PCC04U05:647992:648137 [3] NCCL INFO Connected to proxy localRank 0 -> connection 0x7f264c0052f0
MOC-R4PCC04U05:647990:648128 [1] NCCL INFO New proxy recv connection 3 from local rank 1, transport 0
MOC-R4PCC04U05:647990:648136 [1] NCCL INFO Connected to proxy localRank 1 -> connection 0x7f8054005098
MOC-R4PCC04U05:647990:648128 [1] NCCL INFO New proxy send connection 4 from local rank 1, transport 0
MOC-R4PCC04U05:647990:648136 [1] NCCL INFO Connected to proxy localRank 1 -> connection 0x7f8054005110
MOC-R4PCC04U05:647990:648128 [1] NCCL INFO New proxy send connection 5 from local rank 1, transport 0
MOC-R4PCC04U05:647990:648136 [1] NCCL INFO Connected to proxy localRank 1 -> connection 0x7f8054005188
MOC-R4PCC04U05:647990:648128 [1] NCCL INFO New proxy send connection 6 from local rank 1, transport 0
MOC-R4PCC04U05:647990:648136 [1] NCCL INFO Connected to proxy localRank 1 -> connection 0x7f8054005200
MOC-R4PCC04U05:647990:648128 [1] NCCL INFO New proxy send connection 7 from local rank 1, transport 0
MOC-R4PCC04U05:647990:648136 [1] NCCL INFO Connected to proxy localRank 1 -> connection 0x7f8054005278
MOC-R4PCC04U05:647989:648129 [0] NCCL INFO New proxy send connection 9 from local rank 2, transport 0
MOC-R4PCC04U05:647991:648135 [2] NCCL INFO Connected to proxy localRank 0 -> connection 0x7f264c005368
MOC-R4PCC04U05:647991:648126 [2] NCCL INFO New proxy send connection 8 from local rank 0, transport 0
MOC-R4PCC04U05:647989:648134 [0] NCCL INFO Connected to proxy localRank 2 -> connection 0x7fcb880052f0
MOC-R4PCC04U05:647992:648125 [3] NCCL INFO New proxy send connection 8 from local rank 1, transport 0
MOC-R4PCC04U05:647990:648136 [1] NCCL INFO Connected to proxy localRank 3 -> connection 0x7f35f00052f0
MOC-R4PCC04U05:647990:648128 [1] NCCL INFO New proxy send connection 8 from local rank 3, transport 0
MOC-R4PCC04U05:647992:648137 [3] NCCL INFO Connected to proxy localRank 1 -> connection 0x7f80540052f0
MOC-R4PCC04U05:647990:648128 [1] NCCL INFO New proxy send connection 9 from local rank 2, transport 0
MOC-R4PCC04U05:647991:648135 [2] NCCL INFO Connected to proxy localRank 1 -> connection 0x7f8054005368
MOC-R4PCC04U05:647992:648125 [3] NCCL INFO New proxy send connection 9 from local rank 0, transport 0
MOC-R4PCC04U05:647989:648134 [0] NCCL INFO Connected to proxy localRank 3 -> connection 0x7f35f0005368
MOC-R4PCC04U05:647989:648129 [0] NCCL INFO New proxy send connection 10 from local rank 1, transport 0
MOC-R4PCC04U05:647990:648136 [1] NCCL INFO Connected to proxy localRank 0 -> connection 0x7f264c0053e0
MOC-R4PCC04U05:647991:648126 [2] NCCL INFO New proxy send connection 9 from local rank 1, transport 0
MOC-R4PCC04U05:647990:648136 [1] NCCL INFO Connected to proxy localRank 2 -> connection 0x7fcb88005368
MOC-R4PCC04U05:647990:648128 [1] NCCL INFO New proxy send connection 10 from local rank 0, transport 0
MOC-R4PCC04U05:647989:648134 [0] NCCL INFO Connected to proxy localRank 1 -> connection 0x7f80540053e0
num decayed parameter tensors: 50, with 124,318,464 parameters
num non-decayed parameter tensors: 98, with 121,344 parameters
using fused AdamW: False
using regular AdamW
MOC-R4PCC04U05:647992:648125 [3] NCCL INFO New proxy recv connection 10 from local rank 3, transport 0
MOC-R4PCC04U05:647992:648958 [3] NCCL INFO Connected to proxy localRank 3 -> connection 0x7f35f00053e0
MOC-R4PCC04U05:647992:648125 [3] NCCL INFO New proxy recv connection 11 from local rank 3, transport 0
MOC-R4PCC04U05:647992:648958 [3] NCCL INFO Connected to proxy localRank 3 -> connection 0x7f35f0005458
MOC-R4PCC04U05:647989:648129 [0] NCCL INFO New proxy send connection 11 from local rank 0, transport 0
MOC-R4PCC04U05:647989:648959 [0] NCCL INFO Connected to proxy localRank 0 -> connection 0x7f264c005458
MOC-R4PCC04U05:647989:648129 [0] NCCL INFO New proxy send connection 12 from local rank 0, transport 0
MOC-R4PCC04U05:647989:648959 [0] NCCL INFO Connected to proxy localRank 0 -> connection 0x7f264c0054d0
MOC-R4PCC04U05:647989:648129 [0] NCCL INFO New proxy send connection 13 from local rank 0, transport 0
MOC-R4PCC04U05:647989:648959 [0] NCCL INFO Connected to proxy localRank 0 -> connection 0x7f264c005548
MOC-R4PCC04U05:647989:648129 [0] NCCL INFO New proxy send connection 14 from local rank 0, transport 0
MOC-R4PCC04U05:647989:648959 [0] NCCL INFO Connected to proxy localRank 0 -> connection 0x7f264c0055c0
MOC-R4PCC04U05:647990:648128 [1] NCCL INFO New proxy recv connection 11 from local rank 1, transport 0
MOC-R4PCC04U05:647990:648960 [1] NCCL INFO Connected to proxy localRank 1 -> connection 0x7f8054005458
MOC-R4PCC04U05:647990:648128 [1] NCCL INFO New proxy recv connection 12 from local rank 1, transport 0
MOC-R4PCC04U05:647990:648960 [1] NCCL INFO Connected to proxy localRank 1 -> connection 0x7f80540054d0
MOC-R4PCC04U05:647990:648128 [1] NCCL INFO New proxy recv connection 13 from local rank 1, transport 0
MOC-R4PCC04U05:647990:648960 [1] NCCL INFO Connected to proxy localRank 1 -> connection 0x7f8054005548
MOC-R4PCC04U05:647990:648128 [1] NCCL INFO New proxy recv connection 14 from local rank 1, transport 0
MOC-R4PCC04U05:647990:648960 [1] NCCL INFO Connected to proxy localRank 1 -> connection 0x7f80540055c0
MOC-R4PCC04U05:647990:648128 [1] NCCL INFO New proxy send connection 15 from local rank 1, transport 0
MOC-R4PCC04U05:647990:648960 [1] NCCL INFO Connected to proxy localRank 1 -> connection 0x7f8054005638
MOC-R4PCC04U05:647990:648128 [1] NCCL INFO New proxy send connection 16 from local rank 1, transport 0
MOC-R4PCC04U05:647990:648960 [1] NCCL INFO Connected to proxy localRank 1 -> connection 0x7f80540056b0
MOC-R4PCC04U05:647990:648128 [1] NCCL INFO New proxy send connection 17 from local rank 1, transport 0
MOC-R4PCC04U05:647990:648960 [1] NCCL INFO Connected to proxy localRank 1 -> connection 0x7f8054005728
MOC-R4PCC04U05:647990:648128 [1] NCCL INFO New proxy send connection 18 from local rank 1, transport 0
MOC-R4PCC04U05:647990:648960 [1] NCCL INFO Connected to proxy localRank 1 -> connection 0x7f80540057a0
MOC-R4PCC04U05:647989:648129 [0] NCCL INFO New proxy send connection 15 from local rank 0, transport 0
MOC-R4PCC04U05:647989:648959 [0] NCCL INFO Connected to proxy localRank 0 -> connection 0x7f264c005638
MOC-R4PCC04U05:647989:648129 [0] NCCL INFO New proxy send connection 16 from local rank 0, transport 0
MOC-R4PCC04U05:647989:648959 [0] NCCL INFO Connected to proxy localRank 0 -> connection 0x7f264c0056b0
MOC-R4PCC04U05:647989:648129 [0] NCCL INFO New proxy recv connection 17 from local rank 0, transport 0
MOC-R4PCC04U05:647989:648959 [0] NCCL INFO Connected to proxy localRank 0 -> connection 0x7f264c005728
MOC-R4PCC04U05:647992:648125 [3] NCCL INFO New proxy send connection 12 from local rank 3, transport 2
MOC-R4PCC04U05:647992:648958 [3] NCCL INFO Connected to proxy localRank 3 -> connection 0x7f35f00054d0
MOC-R4PCC04U05:647989:648129 [0] NCCL INFO New proxy recv connection 18 from local rank 0, transport 0
MOC-R4PCC04U05:647989:648959 [0] NCCL INFO Connected to proxy localRank 0 -> connection 0x7f264c0057a0
MOC-R4PCC04U05:647989:648129 [0] NCCL INFO New proxy recv connection 19 from local rank 0, transport 0
MOC-R4PCC04U05:647989:648959 [0] NCCL INFO Connected to proxy localRank 0 -> connection 0x7f264c005818
MOC-R4PCC04U05:647992:648958 [3] NCCL INFO Channel 02/0 : 3[3] -> 7[3] [send] via NET/Socket/0
MOC-R4PCC04U05:647992:648125 [3] NCCL INFO New proxy send connection 13 from local rank 3, transport 2
MOC-R4PCC04U05:647992:648958 [3] NCCL INFO Connected to proxy localRank 3 -> connection 0x7f35f0005548
MOC-R4PCC04U05:647989:648129 [0] NCCL INFO New proxy recv connection 20 from local rank 0, transport 0
MOC-R4PCC04U05:647989:648959 [0] NCCL INFO Connected to proxy localRank 0 -> connection 0x7f264c005890
MOC-R4PCC04U05:647992:648958 [3] NCCL INFO Channel 03/0 : 3[3] -> 7[3] [send] via NET/Socket/0
MOC-R4PCC04U05:647992:648125 [3] NCCL INFO New proxy recv connection 14 from local rank 3, transport 2
MOC-R4PCC04U05:647992:648958 [3] NCCL INFO Connected to proxy localRank 3 -> connection 0x7f35f00055c0
MOC-R4PCC04U05:647992:648958 [3] NCCL INFO Channel 00/0 : 11[3] -> 3[3] [receive] via NET/Socket/0
MOC-R4PCC04U05:647992:648125 [3] NCCL INFO New proxy recv connection 15 from local rank 3, transport 2
MOC-R4PCC04U05:647992:648958 [3] NCCL INFO Connected to proxy localRank 3 -> connection 0x7f35f0005638
MOC-R4PCC04U05:647992:648958 [3] NCCL INFO Channel 01/0 : 11[3] -> 3[3] [receive] via NET/Socket/0
MOC-R4PCC04U05:647992:648125 [3] NCCL INFO New proxy send connection 16 from local rank 3, transport 2
MOC-R4PCC04U05:647992:648958 [3] NCCL INFO Connected to proxy localRank 3 -> connection 0x7f35f00056b0
MOC-R4PCC04U05:647992:648958 [3] NCCL INFO Channel 00/0 : 3[3] -> 11[3] [send] via NET/Socket/0
MOC-R4PCC04U05:647992:648125 [3] NCCL INFO New proxy send connection 17 from local rank 3, transport 2
MOC-R4PCC04U05:647992:648958 [3] NCCL INFO Connected to proxy localRank 3 -> connection 0x7f35f0005728
MOC-R4PCC04U05:647992:648958 [3] NCCL INFO Channel 01/0 : 3[3] -> 11[3] [send] via NET/Socket/0
MOC-R4PCC04U05:647992:648125 [3] NCCL INFO New proxy recv connection 18 from local rank 3, transport 2
MOC-R4PCC04U05:647992:648958 [3] NCCL INFO Connected to proxy localRank 3 -> connection 0x7f35f00057a0
MOC-R4PCC04U05:647992:648958 [3] NCCL INFO Channel 02/0 : 7[3] -> 3[3] [receive] via NET/Socket/0
MOC-R4PCC04U05:647992:648125 [3] NCCL INFO New proxy recv connection 19 from local rank 3, transport 2
MOC-R4PCC04U05:647992:648958 [3] NCCL INFO Connected to proxy localRank 3 -> connection 0x7f35f0005818
MOC-R4PCC04U05:647992:648958 [3] NCCL INFO Channel 03/0 : 7[3] -> 3[3] [receive] via NET/Socket/0
MOC-R4PCC04U05:647992:648125 [3] NCCL INFO New proxy send connection 20 from local rank 3, transport 0
MOC-R4PCC04U05:647992:648958 [3] NCCL INFO Connected to proxy localRank 3 -> connection 0x7f35f0005890
MOC-R4PCC04U05:647992:648125 [3] NCCL INFO New proxy send connection 21 from local rank 3, transport 0
MOC-R4PCC04U05:647992:648958 [3] NCCL INFO Connected to proxy localRank 3 -> connection 0x7f35f0005908
MOC-R4PCC04U05:647992:648125 [3] NCCL INFO New proxy send connection 22 from local rank 3, transport 0
MOC-R4PCC04U05:647992:648958 [3] NCCL INFO Connected to proxy localRank 3 -> connection 0x7f35f0005980
MOC-R4PCC04U05:647992:648125 [3] NCCL INFO New proxy send connection 23 from local rank 3, transport 0
MOC-R4PCC04U05:647992:648958 [3] NCCL INFO Connected to proxy localRank 3 -> connection 0x7f35f00059f8
MOC-R4PCC04U05:647991:648126 [2] NCCL INFO New proxy recv connection 10 from local rank 2, transport 0
MOC-R4PCC04U05:647991:648961 [2] NCCL INFO Connected to proxy localRank 2 -> connection 0x7fcb880053e0
MOC-R4PCC04U05:647991:648126 [2] NCCL INFO New proxy recv connection 11 from local rank 2, transport 0
MOC-R4PCC04U05:647991:648961 [2] NCCL INFO Connected to proxy localRank 2 -> connection 0x7fcb88005458
MOC-R4PCC04U05:647991:648126 [2] NCCL INFO New proxy recv connection 12 from local rank 2, transport 0
MOC-R4PCC04U05:647991:648961 [2] NCCL INFO Connected to proxy localRank 2 -> connection 0x7fcb880054d0
MOC-R4PCC04U05:647991:648126 [2] NCCL INFO New proxy recv connection 13 from local rank 2, transport 0
MOC-R4PCC04U05:647991:648961 [2] NCCL INFO Connected to proxy localRank 2 -> connection 0x7fcb88005548
MOC-R4PCC04U05:647991:648126 [2] NCCL INFO New proxy send connection 14 from local rank 2, transport 0
MOC-R4PCC04U05:647991:648961 [2] NCCL INFO Connected to proxy localRank 2 -> connection 0x7fcb880055c0
MOC-R4PCC04U05:647990:648128 [1] NCCL INFO New proxy recv connection 19 from local rank 1, transport 0
MOC-R4PCC04U05:647990:648960 [1] NCCL INFO Connected to proxy localRank 1 -> connection 0x7f8054005818
MOC-R4PCC04U05:647990:648128 [1] NCCL INFO New proxy recv connection 20 from local rank 1, transport 0
MOC-R4PCC04U05:647991:648126 [2] NCCL INFO New proxy send connection 15 from local rank 2, transport 0
MOC-R4PCC04U05:647990:648960 [1] NCCL INFO Connected to proxy localRank 1 -> connection 0x7f8054005890
MOC-R4PCC04U05:647991:648961 [2] NCCL INFO Connected to proxy localRank 2 -> connection 0x7fcb88005638
step    1/10 | train loss 11.010067 | norm 15.3476 | lr 1.00e-04 | (14733.97 ms | 355836 tok/s)
step    2/10 | train loss 10.140054 | norm 5.7420 | lr 1.00e-04 | (898.11 ms | 5837696 tok/s)
step    3/10 | train loss 9.801184 | norm 2.5966 | lr 1.00e-04 | (881.39 ms | 5948431 tok/s)
step    4/10 | train loss 9.632750 | norm 2.1052 | lr 1.00e-04 | (876.59 ms | 5980967 tok/s)
step    5/10 | train loss 9.550308 | norm 2.0977 | lr 1.00e-04 | (877.14 ms | 5977267 tok/s)
step    6/10 | train loss 9.470087 | norm 1.9901 | lr 1.00e-04 | (888.04 ms | 5903905 tok/s)
step    7/10 | train loss 9.385623 | norm 1.9404 | lr 1.00e-04 | (1089.48 ms | 4812287 tok/s)
step    8/10 | train loss 9.295286 | norm 1.9082 | lr 1.00e-04 | (888.96 ms | 5897794 tok/s)
step    9/10 | train loss 9.200840 | norm 1.8588 | lr 1.00e-04 | (1089.81 ms | 4810841 tok/s)
step   10/10 | train loss 9.114126 | norm 1.7863 | lr 1.00e-04 | (884.54 ms | 5927256 tok/s)
final 9 iters avg: 930.449ms
peak memory consumption: 16601 MiB
