Running pytorch 2.7.0+cu126
using device: cuda:0
total desired batch size: 524288
=> calculated gradient accumulation steps: 2
using device: cuda:3
using device: cuda:2
using device: cuda:1
compiling the model...
DataLoader: total number of tokens: 1,661,249,667 across 103 files
MOC-R4PCC04U05:364461:364461 [0] NCCL INFO NCCL_SOCKET_IFNAME set to eno7np0
MOC-R4PCC04U05:364461:364461 [0] NCCL INFO NCCL version 2.26.2+cuda12.2
MOC-R4PCC04U05:364464:364464 [3] NCCL INFO NCCL_SOCKET_IFNAME set to eno7np0
MOC-R4PCC04U05:364464:364464 [3] NCCL INFO NCCL version 2.26.2+cuda12.2
MOC-R4PCC04U05:364463:364463 [2] NCCL INFO NCCL_SOCKET_IFNAME set to eno7np0
MOC-R4PCC04U05:364463:364463 [2] NCCL INFO NCCL version 2.26.2+cuda12.2
MOC-R4PCC04U05:364461:364502 [0] NCCL INFO NET/Plugin: Could not find: libnccl-net.so. Using internal net plugin.
MOC-R4PCC04U05:364461:364502 [0] NCCL INFO NCCL_IB_HCA set to mlx5_5
MOC-R4PCC04U05:364464:364503 [3] NCCL INFO NET/Plugin: Could not find: libnccl-net.so. Using internal net plugin.
MOC-R4PCC04U05:364464:364503 [3] NCCL INFO NCCL_IB_HCA set to mlx5_5
MOC-R4PCC04U05:364461:364502 [0] NCCL INFO NET/IB : Made virtual device [0] name=mlx5_5 speed=400000 ndevs=1
MOC-R4PCC04U05:364461:364502 [0] NCCL INFO NET/IB : Using [0]mlx5_5:1/RoCE [RO]; OOB eno7np0:192.168.50.193<0>
MOC-R4PCC04U05:364464:364503 [3] NCCL INFO NET/IB : Made virtual device [0] name=mlx5_5 speed=400000 ndevs=1
MOC-R4PCC04U05:364464:364503 [3] NCCL INFO NET/IB : Using [0]mlx5_5:1/RoCE [RO]; OOB eno7np0:192.168.50.193<0>
MOC-R4PCC04U05:364462:364462 [1] NCCL INFO NCCL_SOCKET_IFNAME set to eno7np0
MOC-R4PCC04U05:364462:364462 [1] NCCL INFO NCCL version 2.26.2+cuda12.2
MOC-R4PCC04U05:364463:364504 [2] NCCL INFO NET/Plugin: Could not find: libnccl-net.so. Using internal net plugin.
MOC-R4PCC04U05:364463:364504 [2] NCCL INFO NCCL_IB_HCA set to mlx5_5
MOC-R4PCC04U05:364463:364504 [2] NCCL INFO NET/IB : Made virtual device [0] name=mlx5_5 speed=400000 ndevs=1
MOC-R4PCC04U05:364463:364504 [2] NCCL INFO NET/IB : Using [0]mlx5_5:1/RoCE [RO]; OOB eno7np0:192.168.50.193<0>
MOC-R4PCC04U05:364462:364507 [1] NCCL INFO NET/Plugin: Could not find: libnccl-net.so. Using internal net plugin.
MOC-R4PCC04U05:364462:364507 [1] NCCL INFO NCCL_IB_HCA set to mlx5_5
MOC-R4PCC04U05:364462:364507 [1] NCCL INFO NET/IB : Made virtual device [0] name=mlx5_5 speed=400000 ndevs=1
MOC-R4PCC04U05:364462:364507 [1] NCCL INFO NET/IB : Using [0]mlx5_5:1/RoCE [RO]; OOB eno7np0:192.168.50.193<0>
MOC-R4PCC04U05:364462:364507 [1] NCCL INFO NET/IB : GPU Direct RDMA Enabled for HCA 0 'mlx5_5'
MOC-R4PCC04U05:364462:364507 [1] NCCL INFO NET/IB : Made virtual device [1] name=mlx5_5 speed=400000 ndevs=1
MOC-R4PCC04U05:364462:364507 [1] NCCL INFO NET/IB : GPU Direct RDMA Enabled for HCA 0 'mlx5_5'
MOC-R4PCC04U05:364462:364507 [1] NCCL INFO NET/IB : GPU Direct RDMA Enabled for HCA 1 'mlx5_5'
MOC-R4PCC04U05:364463:364504 [2] NCCL INFO NET/IB : GPU Direct RDMA Enabled for HCA 0 'mlx5_5'
MOC-R4PCC04U05:364463:364504 [2] NCCL INFO NET/IB : Made virtual device [1] name=mlx5_5 speed=400000 ndevs=1
MOC-R4PCC04U05:364463:364504 [2] NCCL INFO NET/IB : GPU Direct RDMA Enabled for HCA 0 'mlx5_5'
MOC-R4PCC04U05:364463:364504 [2] NCCL INFO NET/IB : GPU Direct RDMA Enabled for HCA 1 'mlx5_5'
MOC-R4PCC04U05:364464:364503 [3] NCCL INFO NET/IB : GPU Direct RDMA Enabled for HCA 0 'mlx5_5'
MOC-R4PCC04U05:364464:364503 [3] NCCL INFO NET/IB : Made virtual device [1] name=mlx5_5 speed=400000 ndevs=1
MOC-R4PCC04U05:364464:364503 [3] NCCL INFO NET/IB : GPU Direct RDMA Enabled for HCA 0 'mlx5_5'
MOC-R4PCC04U05:364464:364503 [3] NCCL INFO NET/IB : GPU Direct RDMA Enabled for HCA 1 'mlx5_5'
MOC-R4PCC04U05:364461:364502 [0] NCCL INFO NET/IB : GPU Direct RDMA Enabled for HCA 0 'mlx5_5'
MOC-R4PCC04U05:364461:364502 [0] NCCL INFO NET/IB : Made virtual device [1] name=mlx5_5 speed=400000 ndevs=1
MOC-R4PCC04U05:364461:364502 [0] NCCL INFO NET/IB : GPU Direct RDMA Enabled for HCA 0 'mlx5_5'
MOC-R4PCC04U05:364461:364502 [0] NCCL INFO NET/IB : GPU Direct RDMA Enabled for HCA 1 'mlx5_5'
MOC-R4PCC04U05:364461:364502 [0] NCCL INFO GPU Direct RDMA Enabled for GPU 0 / HCA 1 (distance 5 <= 5), read 0 mode Default
MOC-R4PCC04U05:364461:364502 [0] NCCL INFO GPU Direct RDMA Enabled for GPU 1 / HCA 1 (distance 5 <= 5), read 0 mode Default
MOC-R4PCC04U05:364461:364502 [0] NCCL INFO GPU Direct RDMA Enabled for GPU 2 / HCA 1 (distance 5 <= 5), read 0 mode Default
MOC-R4PCC04U05:364461:364502 [0] NCCL INFO GPU Direct RDMA Enabled for GPU 3 / HCA 1 (distance 5 <= 5), read 0 mode Default
MOC-R4PCC04U05:364461:364502 [0] NCCL INFO GPU Direct RDMA Enabled for GPU 0 / HCA 1 (distance 5 <= 5), read 0 mode Default
MOC-R4PCC04U05:364461:364502 [0] NCCL INFO GPU Direct RDMA Enabled for GPU 1 / HCA 1 (distance 5 <= 5), read 0 mode Default
MOC-R4PCC04U05:364461:364502 [0] NCCL INFO GPU Direct RDMA Enabled for GPU 2 / HCA 1 (distance 5 <= 5), read 0 mode Default
MOC-R4PCC04U05:364461:364502 [0] NCCL INFO GPU Direct RDMA Enabled for GPU 3 / HCA 1 (distance 5 <= 5), read 0 mode Default
MOC-R4PCC04U05:364464:364503 [3] NCCL INFO GPU Direct RDMA Enabled for GPU 0 / HCA 1 (distance 5 <= 5), read 0 mode Default
MOC-R4PCC04U05:364464:364503 [3] NCCL INFO GPU Direct RDMA Enabled for GPU 1 / HCA 1 (distance 5 <= 5), read 0 mode Default
MOC-R4PCC04U05:364464:364503 [3] NCCL INFO GPU Direct RDMA Enabled for GPU 2 / HCA 1 (distance 5 <= 5), read 0 mode Default
MOC-R4PCC04U05:364464:364503 [3] NCCL INFO GPU Direct RDMA Enabled for GPU 3 / HCA 1 (distance 5 <= 5), read 0 mode Default
MOC-R4PCC04U05:364464:364503 [3] NCCL INFO GPU Direct RDMA Enabled for GPU 0 / HCA 1 (distance 5 <= 5), read 0 mode Default
MOC-R4PCC04U05:364464:364503 [3] NCCL INFO GPU Direct RDMA Enabled for GPU 1 / HCA 1 (distance 5 <= 5), read 0 mode Default
MOC-R4PCC04U05:364464:364503 [3] NCCL INFO GPU Direct RDMA Enabled for GPU 2 / HCA 1 (distance 5 <= 5), read 0 mode Default
MOC-R4PCC04U05:364464:364503 [3] NCCL INFO GPU Direct RDMA Enabled for GPU 3 / HCA 1 (distance 5 <= 5), read 0 mode Default
MOC-R4PCC04U05:364463:364504 [2] NCCL INFO GPU Direct RDMA Enabled for GPU 0 / HCA 1 (distance 5 <= 5), read 0 mode Default
MOC-R4PCC04U05:364463:364504 [2] NCCL INFO GPU Direct RDMA Enabled for GPU 1 / HCA 1 (distance 5 <= 5), read 0 mode Default
MOC-R4PCC04U05:364463:364504 [2] NCCL INFO GPU Direct RDMA Enabled for GPU 2 / HCA 1 (distance 5 <= 5), read 0 mode Default
MOC-R4PCC04U05:364463:364504 [2] NCCL INFO GPU Direct RDMA Enabled for GPU 3 / HCA 1 (distance 5 <= 5), read 0 mode Default
MOC-R4PCC04U05:364463:364504 [2] NCCL INFO GPU Direct RDMA Enabled for GPU 0 / HCA 1 (distance 5 <= 5), read 0 mode Default
MOC-R4PCC04U05:364463:364504 [2] NCCL INFO GPU Direct RDMA Enabled for GPU 1 / HCA 1 (distance 5 <= 5), read 0 mode Default
MOC-R4PCC04U05:364463:364504 [2] NCCL INFO GPU Direct RDMA Enabled for GPU 2 / HCA 1 (distance 5 <= 5), read 0 mode Default
MOC-R4PCC04U05:364463:364504 [2] NCCL INFO GPU Direct RDMA Enabled for GPU 3 / HCA 1 (distance 5 <= 5), read 0 mode Default
MOC-R4PCC04U05:364462:364507 [1] NCCL INFO GPU Direct RDMA Enabled for GPU 0 / HCA 1 (distance 5 <= 5), read 0 mode Default
MOC-R4PCC04U05:364462:364507 [1] NCCL INFO GPU Direct RDMA Enabled for GPU 1 / HCA 1 (distance 5 <= 5), read 0 mode Default
MOC-R4PCC04U05:364462:364507 [1] NCCL INFO GPU Direct RDMA Enabled for GPU 2 / HCA 1 (distance 5 <= 5), read 0 mode Default
MOC-R4PCC04U05:364462:364507 [1] NCCL INFO GPU Direct RDMA Enabled for GPU 3 / HCA 1 (distance 5 <= 5), read 0 mode Default
MOC-R4PCC04U05:364462:364507 [1] NCCL INFO GPU Direct RDMA Enabled for GPU 0 / HCA 1 (distance 5 <= 5), read 0 mode Default
MOC-R4PCC04U05:364462:364507 [1] NCCL INFO GPU Direct RDMA Enabled for GPU 1 / HCA 1 (distance 5 <= 5), read 0 mode Default
MOC-R4PCC04U05:364462:364507 [1] NCCL INFO GPU Direct RDMA Enabled for GPU 2 / HCA 1 (distance 5 <= 5), read 0 mode Default
MOC-R4PCC04U05:364462:364507 [1] NCCL INFO GPU Direct RDMA Enabled for GPU 3 / HCA 1 (distance 5 <= 5), read 0 mode Default
MOC-R4PCC04U05:364463:364526 [2] NCCL INFO GPU Direct RDMA Enabled for GPU 2 / HCA 1 (distance 5 <= 5), read 0 mode Default
MOC-R4PCC04U05:364464:364518 [3] NCCL INFO New proxy recv connection 0 from local rank 3, transport 0
MOC-R4PCC04U05:364464:364527 [3] NCCL INFO Connected to proxy localRank 3 -> connection 0x7f6b88004f30
MOC-R4PCC04U05:364464:364518 [3] NCCL INFO New proxy recv connection 1 from local rank 3, transport 0
MOC-R4PCC04U05:364464:364527 [3] NCCL INFO Connected to proxy localRank 3 -> connection 0x7f6b88004fa8
MOC-R4PCC04U05:364462:364520 [1] NCCL INFO New proxy recv connection 0 from local rank 1, transport 0
MOC-R4PCC04U05:364462:364528 [1] NCCL INFO Connected to proxy localRank 1 -> connection 0x7fd508004f30
MOC-R4PCC04U05:364461:364522 [0] NCCL INFO New proxy send connection 0 from local rank 0, transport 0
MOC-R4PCC04U05:364461:364529 [0] NCCL INFO Connected to proxy localRank 0 -> connection 0x7efb00004f30
MOC-R4PCC04U05:364464:364518 [3] NCCL INFO New proxy recv connection 2 from local rank 3, transport 0
MOC-R4PCC04U05:364464:364527 [3] NCCL INFO Connected to proxy localRank 3 -> connection 0x7f6b88005020
MOC-R4PCC04U05:364462:364520 [1] NCCL INFO New proxy recv connection 1 from local rank 1, transport 0
MOC-R4PCC04U05:364461:364522 [0] NCCL INFO New proxy send connection 1 from local rank 0, transport 0
MOC-R4PCC04U05:364462:364528 [1] NCCL INFO Connected to proxy localRank 1 -> connection 0x7fd508004fa8
MOC-R4PCC04U05:364461:364529 [0] NCCL INFO Connected to proxy localRank 0 -> connection 0x7efb00004fa8
MOC-R4PCC04U05:364462:364520 [1] NCCL INFO New proxy recv connection 2 from local rank 1, transport 0
MOC-R4PCC04U05:364462:364528 [1] NCCL INFO Connected to proxy localRank 1 -> connection 0x7fd508005020
MOC-R4PCC04U05:364461:364522 [0] NCCL INFO New proxy send connection 2 from local rank 0, transport 0
MOC-R4PCC04U05:364461:364529 [0] NCCL INFO Connected to proxy localRank 0 -> connection 0x7efb00005020
MOC-R4PCC04U05:364464:364518 [3] NCCL INFO New proxy recv connection 3 from local rank 3, transport 0
MOC-R4PCC04U05:364464:364527 [3] NCCL INFO Connected to proxy localRank 3 -> connection 0x7f6b88005098
MOC-R4PCC04U05:364461:364522 [0] NCCL INFO New proxy send connection 3 from local rank 0, transport 0
MOC-R4PCC04U05:364461:364529 [0] NCCL INFO Connected to proxy localRank 0 -> connection 0x7efb00005098
MOC-R4PCC04U05:364462:364520 [1] NCCL INFO New proxy recv connection 3 from local rank 1, transport 0
MOC-R4PCC04U05:364462:364528 [1] NCCL INFO Connected to proxy localRank 1 -> connection 0x7fd508005098
MOC-R4PCC04U05:364464:364527 [3] NCCL INFO GPU Direct RDMA Enabled for GPU 3 / HCA 1 (distance 5 <= 5), read 1 mode Default
MOC-R4PCC04U05:364462:364520 [1] NCCL INFO New proxy send connection 4 from local rank 1, transport 0
MOC-R4PCC04U05:364462:364528 [1] NCCL INFO Connected to proxy localRank 1 -> connection 0x7fd508005110
MOC-R4PCC04U05:364462:364520 [1] NCCL INFO New proxy send connection 5 from local rank 1, transport 0
MOC-R4PCC04U05:364462:364528 [1] NCCL INFO Connected to proxy localRank 1 -> connection 0x7fd508005188
MOC-R4PCC04U05:364462:364520 [1] NCCL INFO New proxy send connection 6 from local rank 1, transport 0
MOC-R4PCC04U05:364462:364528 [1] NCCL INFO Connected to proxy localRank 1 -> connection 0x7fd508005200
MOC-R4PCC04U05:364462:364520 [1] NCCL INFO New proxy send connection 7 from local rank 1, transport 0
MOC-R4PCC04U05:364462:364528 [1] NCCL INFO Connected to proxy localRank 1 -> connection 0x7fd508005278
MOC-R4PCC04U05:364463:364519 [2] NCCL INFO New proxy recv connection 0 from local rank 2, transport 2
MOC-R4PCC04U05:364463:364519 [2] NCCL INFO New proxy send connection 1 from local rank 3, transport 2
MOC-R4PCC04U05:364463:364526 [2] NCCL INFO Connected to proxy localRank 2 -> connection 0x7fb060004f30
MOC-R4PCC04U05:364464:364527 [3] NCCL INFO Connected to proxy localRank 2 -> connection 0x7fb060004fa8
MOC-R4PCC04U05:364463:364526 [2] NCCL INFO Channel 00/0 : 7[3] -> 2[2] [receive] via NET/IB/1/GDRDMA
MOC-R4PCC04U05:364463:364526 [2] NCCL INFO GPU Direct RDMA Enabled for GPU 2 / HCA 1 (distance 5 <= 5), read 0 mode Default
MOC-R4PCC04U05:364464:364527 [3] NCCL INFO Channel 00/0 : 3[3] -> 6[2] [send] via NET/IB/1(2)/GDRDMA
MOC-R4PCC04U05:364464:364527 [3] NCCL INFO GPU Direct RDMA Enabled for GPU 3 / HCA 1 (distance 5 <= 5), read 1 mode Default
MOC-R4PCC04U05:364463:364519 [2] NCCL INFO New proxy recv connection 2 from local rank 2, transport 2
MOC-R4PCC04U05:364463:364526 [2] NCCL INFO Connected to proxy localRank 2 -> connection 0x7fb060005020
MOC-R4PCC04U05:364463:364519 [2] NCCL INFO New proxy send connection 3 from local rank 3, transport 2
MOC-R4PCC04U05:364464:364527 [3] NCCL INFO Connected to proxy localRank 2 -> connection 0x7fb060005098
MOC-R4PCC04U05:364463:364526 [2] NCCL INFO Channel 01/0 : 7[3] -> 2[2] [receive] via NET/IB/1/GDRDMA
MOC-R4PCC04U05:364463:364526 [2] NCCL INFO GPU Direct RDMA Enabled for GPU 2 / HCA 1 (distance 5 <= 5), read 0 mode Default
MOC-R4PCC04U05:364464:364527 [3] NCCL INFO Channel 01/0 : 3[3] -> 6[2] [send] via NET/IB/1(2)/GDRDMA
MOC-R4PCC04U05:364464:364527 [3] NCCL INFO GPU Direct RDMA Enabled for GPU 3 / HCA 1 (distance 5 <= 5), read 1 mode Default
MOC-R4PCC04U05:364463:364519 [2] NCCL INFO New proxy recv connection 4 from local rank 2, transport 2
MOC-R4PCC04U05:364463:364526 [2] NCCL INFO Connected to proxy localRank 2 -> connection 0x7fb060005110
MOC-R4PCC04U05:364463:364519 [2] NCCL INFO New proxy send connection 5 from local rank 3, transport 2
MOC-R4PCC04U05:364464:364527 [3] NCCL INFO Connected to proxy localRank 2 -> connection 0x7fb060005188
MOC-R4PCC04U05:364463:364526 [2] NCCL INFO Channel 02/0 : 7[3] -> 2[2] [receive] via NET/IB/1/GDRDMA
MOC-R4PCC04U05:364463:364526 [2] NCCL INFO GPU Direct RDMA Enabled for GPU 2 / HCA 1 (distance 5 <= 5), read 0 mode Default
MOC-R4PCC04U05:364464:364527 [3] NCCL INFO Channel 02/0 : 3[3] -> 6[2] [send] via NET/IB/1(2)/GDRDMA
MOC-R4PCC04U05:364464:364527 [3] NCCL INFO GPU Direct RDMA Enabled for GPU 3 / HCA 1 (distance 5 <= 5), read 1 mode Default
MOC-R4PCC04U05:364463:364519 [2] NCCL INFO New proxy recv connection 6 from local rank 2, transport 2
MOC-R4PCC04U05:364463:364526 [2] NCCL INFO Connected to proxy localRank 2 -> connection 0x7fb060005200
MOC-R4PCC04U05:364463:364519 [2] NCCL INFO New proxy send connection 7 from local rank 3, transport 2
MOC-R4PCC04U05:364464:364527 [3] NCCL INFO Connected to proxy localRank 2 -> connection 0x7fb060005278
MOC-R4PCC04U05:364463:364526 [2] NCCL INFO Channel 03/0 : 7[3] -> 2[2] [receive] via NET/IB/1/GDRDMA
MOC-R4PCC04U05:364464:364527 [3] NCCL INFO Channel 03/0 : 3[3] -> 6[2] [send] via NET/IB/1(2)/GDRDMA
MOC-R4PCC04U05:364461:364522 [0] NCCL INFO New proxy recv connection 4 from local rank 0, transport 0
MOC-R4PCC04U05:364461:364529 [0] NCCL INFO Connected to proxy localRank 0 -> connection 0x7efb00005110
MOC-R4PCC04U05:364461:364522 [0] NCCL INFO New proxy recv connection 5 from local rank 0, transport 0
MOC-R4PCC04U05:364461:364529 [0] NCCL INFO Connected to proxy localRank 0 -> connection 0x7efb00005188
MOC-R4PCC04U05:364461:364522 [0] NCCL INFO New proxy recv connection 6 from local rank 0, transport 0
MOC-R4PCC04U05:364461:364529 [0] NCCL INFO Connected to proxy localRank 0 -> connection 0x7efb00005200
MOC-R4PCC04U05:364461:364522 [0] NCCL INFO New proxy recv connection 7 from local rank 0, transport 0
MOC-R4PCC04U05:364461:364529 [0] NCCL INFO Connected to proxy localRank 0 -> connection 0x7efb00005278
MOC-R4PCC04U05:364464:364518 [3] NCCL INFO New proxy send connection 4 from local rank 0, transport 0
MOC-R4PCC04U05:364461:364529 [0] NCCL INFO Connected to proxy localRank 3 -> connection 0x7f6b88005110
MOC-R4PCC04U05:364461:364522 [0] NCCL INFO New proxy send connection 8 from local rank 3, transport 0
MOC-R4PCC04U05:364464:364527 [3] NCCL INFO Connected to proxy localRank 0 -> connection 0x7efb000052f0
MOC-R4PCC04U05:364463:364519 [2] NCCL INFO New proxy send connection 8 from local rank 2, transport 0
MOC-R4PCC04U05:364463:364526 [2] NCCL INFO Connected to proxy localRank 2 -> connection 0x7fb0600052f0
MOC-R4PCC04U05:364463:364519 [2] NCCL INFO New proxy send connection 9 from local rank 2, transport 0
MOC-R4PCC04U05:364463:364526 [2] NCCL INFO Connected to proxy localRank 2 -> connection 0x7fb060005368
MOC-R4PCC04U05:364463:364519 [2] NCCL INFO New proxy send connection 10 from local rank 2, transport 0
MOC-R4PCC04U05:364463:364526 [2] NCCL INFO Connected to proxy localRank 2 -> connection 0x7fb0600053e0
MOC-R4PCC04U05:364463:364519 [2] NCCL INFO New proxy send connection 11 from local rank 2, transport 0
MOC-R4PCC04U05:364463:364526 [2] NCCL INFO Connected to proxy localRank 2 -> connection 0x7fb060005458
MOC-R4PCC04U05:364461:364522 [0] NCCL INFO New proxy send connection 9 from local rank 1, transport 0
MOC-R4PCC04U05:364462:364528 [1] NCCL INFO Connected to proxy localRank 0 -> connection 0x7efb00005368
MOC-R4PCC04U05:364462:364520 [1] NCCL INFO New proxy send connection 8 from local rank 2, transport 0
MOC-R4PCC04U05:364463:364526 [2] NCCL INFO Connected to proxy localRank 1 -> connection 0x7fd5080052f0
MOC-R4PCC04U05:364463:364519 [2] NCCL INFO NET/IB: NCCL Dev 1 IbDev 0 Port 1 qpn 4042 mtu 3 query_ece={supported=1, vendor_id=0x15b3, options=0x30000002, comp_mask=0x0} GID 3 (0/C132A8C0FFFF0000) fifoRkey=0x172eed fifoLkey=0x172eed
MOC-R4PCC04U05:364463:364519 [2] NCCL INFO NET/IB: NCCL Dev 1 IbDev 0 Port 1 qpn 4043 mtu 3 query_ece={supported=1, vendor_id=0x15b3, options=0x30000002, comp_mask=0x0} GID 3 (0/C132A8C0FFFF0000) fifoRkey=0x180ac9 fifoLkey=0x180ac9
MOC-R4PCC04U05:364463:364519 [2] NCCL INFO NET/IB: IbDev 0 Port 1 qpn 4282 set_ece={supported=1, vendor_id=0x15b3, options=0x0, comp_mask=0x0}
MOC-R4PCC04U05:364463:364519 [2] NCCL INFO NET/IB: IbDev 0 Port 1 qpn 4284 set_ece={supported=1, vendor_id=0x15b3, options=0x0, comp_mask=0x0}
MOC-R4PCC04U05:364462:364520 [1] NCCL INFO New proxy send connection 9 from local rank 0, transport 0
MOC-R4PCC04U05:364461:364529 [0] NCCL INFO Connected to proxy localRank 1 -> connection 0x7fd508005368
MOC-R4PCC04U05:364463:364519 [2] NCCL INFO NET/IB: NCCL Dev 1 IbDev 0 Port 1 qpn 4046 mtu 3 query_ece={supported=1, vendor_id=0x15b3, options=0x30000002, comp_mask=0x0} GID 3 (0/C132A8C0FFFF0000) fifoRkey=0x17e2a1 fifoLkey=0x17e2a1
MOC-R4PCC04U05:364463:364519 [2] NCCL INFO New proxy send connection 12 from local rank 3, transport 0
MOC-R4PCC04U05:364463:364519 [2] NCCL INFO New proxy send connection 13 from local rank 1, transport 0
MOC-R4PCC04U05:364464:364527 [3] NCCL INFO Connected to proxy localRank 2 -> connection 0x7fb0600054d0
MOC-R4PCC04U05:364462:364528 [1] NCCL INFO Connected to proxy localRank 2 -> connection 0x7fb060005548
MOC-R4PCC04U05:364463:364519 [2] NCCL INFO NET/IB: IbDev 0 Port 1 qpn 4288 set_ece={supported=1, vendor_id=0x15b3, options=0x0, comp_mask=0x0}
MOC-R4PCC04U05:364463:364519 [2] NCCL INFO NET/IB: NCCL Dev 1 IbDev 0 Port 1 qpn 4051 mtu 3 query_ece={supported=1, vendor_id=0x15b3, options=0x30000002, comp_mask=0x0} GID 3 (0/C132A8C0FFFF0000) fifoRkey=0x179c5b fifoLkey=0x179c5b
MOC-R4PCC04U05:364463:364519 [2] NCCL INFO NET/IB: IbDev 0 Port 1 qpn 4290 set_ece={supported=1, vendor_id=0x15b3, options=0x0, comp_mask=0x0}
num decayed parameter tensors: 50, with 124,318,464 parameters
num non-decayed parameter tensors: 98, with 121,344 parameters
using fused AdamW: False
using regular AdamW
MOC-R4PCC04U05:364461:364522 [0] NCCL INFO New proxy send connection 10 from local rank 0, transport 0
MOC-R4PCC04U05:364461:365219 [0] NCCL INFO Connected to proxy localRank 0 -> connection 0x7efb000053e0
MOC-R4PCC04U05:364461:364522 [0] NCCL INFO New proxy send connection 11 from local rank 0, transport 0
MOC-R4PCC04U05:364461:365219 [0] NCCL INFO Connected to proxy localRank 0 -> connection 0x7efb00005458
MOC-R4PCC04U05:364461:364522 [0] NCCL INFO New proxy send connection 12 from local rank 0, transport 0
MOC-R4PCC04U05:364461:365219 [0] NCCL INFO Connected to proxy localRank 0 -> connection 0x7efb000054d0
MOC-R4PCC04U05:364461:364522 [0] NCCL INFO New proxy send connection 13 from local rank 0, transport 0
MOC-R4PCC04U05:364461:365219 [0] NCCL INFO Connected to proxy localRank 0 -> connection 0x7efb00005548
MOC-R4PCC04U05:364464:364518 [3] NCCL INFO New proxy recv connection 5 from local rank 3, transport 0
MOC-R4PCC04U05:364464:365220 [3] NCCL INFO Connected to proxy localRank 3 -> connection 0x7f6b88005188
MOC-R4PCC04U05:364464:364518 [3] NCCL INFO New proxy recv connection 6 from local rank 3, transport 0
MOC-R4PCC04U05:364464:365220 [3] NCCL INFO Connected to proxy localRank 3 -> connection 0x7f6b88005200
MOC-R4PCC04U05:364464:364518 [3] NCCL INFO New proxy recv connection 7 from local rank 3, transport 0
MOC-R4PCC04U05:364464:365220 [3] NCCL INFO Connected to proxy localRank 3 -> connection 0x7f6b88005278
MOC-R4PCC04U05:364464:364518 [3] NCCL INFO New proxy recv connection 8 from local rank 3, transport 0
MOC-R4PCC04U05:364464:365220 [3] NCCL INFO Connected to proxy localRank 3 -> connection 0x7f6b880052f0
MOC-R4PCC04U05:364462:364520 [1] NCCL INFO New proxy recv connection 10 from local rank 1, transport 0
MOC-R4PCC04U05:364462:365221 [1] NCCL INFO Connected to proxy localRank 1 -> connection 0x7fd5080053e0
MOC-R4PCC04U05:364462:364520 [1] NCCL INFO New proxy recv connection 11 from local rank 1, transport 0
MOC-R4PCC04U05:364462:365221 [1] NCCL INFO Connected to proxy localRank 1 -> connection 0x7fd508005458
MOC-R4PCC04U05:364462:364520 [1] NCCL INFO New proxy recv connection 12 from local rank 1, transport 0
MOC-R4PCC04U05:364462:365221 [1] NCCL INFO Connected to proxy localRank 1 -> connection 0x7fd5080054d0
MOC-R4PCC04U05:364462:364520 [1] NCCL INFO New proxy recv connection 13 from local rank 1, transport 0
MOC-R4PCC04U05:364462:365221 [1] NCCL INFO Connected to proxy localRank 1 -> connection 0x7fd508005548
MOC-R4PCC04U05:364461:364522 [0] NCCL INFO New proxy recv connection 14 from local rank 0, transport 0
MOC-R4PCC04U05:364461:365219 [0] NCCL INFO Connected to proxy localRank 0 -> connection 0x7efb000055c0
MOC-R4PCC04U05:364461:364522 [0] NCCL INFO New proxy recv connection 15 from local rank 0, transport 0
MOC-R4PCC04U05:364461:365219 [0] NCCL INFO Connected to proxy localRank 0 -> connection 0x7efb00005638
MOC-R4PCC04U05:364461:364522 [0] NCCL INFO New proxy recv connection 16 from local rank 0, transport 0
MOC-R4PCC04U05:364461:365219 [0] NCCL INFO Connected to proxy localRank 0 -> connection 0x7efb000056b0
MOC-R4PCC04U05:364461:364522 [0] NCCL INFO New proxy recv connection 17 from local rank 0, transport 0
MOC-R4PCC04U05:364461:365219 [0] NCCL INFO Connected to proxy localRank 0 -> connection 0x7efb00005728
MOC-R4PCC04U05:364463:364519 [2] NCCL INFO New proxy send connection 14 from local rank 2, transport 0
MOC-R4PCC04U05:364463:365222 [2] NCCL INFO Connected to proxy localRank 2 -> connection 0x7fb0600055c0
MOC-R4PCC04U05:364463:364519 [2] NCCL INFO New proxy send connection 15 from local rank 2, transport 0
MOC-R4PCC04U05:364463:365222 [2] NCCL INFO Connected to proxy localRank 2 -> connection 0x7fb060005638
MOC-R4PCC04U05:364463:364519 [2] NCCL INFO New proxy send connection 16 from local rank 2, transport 0
MOC-R4PCC04U05:364463:365222 [2] NCCL INFO Connected to proxy localRank 2 -> connection 0x7fb0600056b0
MOC-R4PCC04U05:364463:364519 [2] NCCL INFO New proxy send connection 17 from local rank 2, transport 0
MOC-R4PCC04U05:364463:365222 [2] NCCL INFO Connected to proxy localRank 2 -> connection 0x7fb060005728
MOC-R4PCC04U05:364463:365222 [2] NCCL INFO GPU Direct RDMA Enabled for GPU 2 / HCA 1 (distance 5 <= 5), read 0 mode Default
MOC-R4PCC04U05:364463:364519 [2] NCCL INFO New proxy recv connection 18 from local rank 2, transport 2
MOC-R4PCC04U05:364463:365222 [2] NCCL INFO Connected to proxy localRank 2 -> connection 0x7fb0600057a0
MOC-R4PCC04U05:364463:365222 [2] NCCL INFO Channel 00/0 : 6[2] -> 2[2] [receive] via NET/IB/1/GDRDMA
MOC-R4PCC04U05:364463:365222 [2] NCCL INFO GPU Direct RDMA Enabled for GPU 2 / HCA 1 (distance 5 <= 5), read 0 mode Default
MOC-R4PCC04U05:364463:364519 [2] NCCL INFO New proxy recv connection 19 from local rank 2, transport 2
MOC-R4PCC04U05:364463:365222 [2] NCCL INFO Connected to proxy localRank 2 -> connection 0x7fb060005818
MOC-R4PCC04U05:364463:365222 [2] NCCL INFO Channel 01/0 : 6[2] -> 2[2] [receive] via NET/IB/1/GDRDMA
MOC-R4PCC04U05:364463:365222 [2] NCCL INFO GPU Direct RDMA Enabled for GPU 2 / HCA 1 (distance 5 <= 5), read 0 mode Default
MOC-R4PCC04U05:364463:364519 [2] NCCL INFO New proxy recv connection 20 from local rank 2, transport 2
MOC-R4PCC04U05:364463:365222 [2] NCCL INFO Connected to proxy localRank 2 -> connection 0x7fb060005890
MOC-R4PCC04U05:364463:365222 [2] NCCL INFO Channel 02/0 : 6[2] -> 2[2] [receive] via NET/IB/1/GDRDMA
MOC-R4PCC04U05:364463:365222 [2] NCCL INFO GPU Direct RDMA Enabled for GPU 2 / HCA 1 (distance 5 <= 5), read 0 mode Default
MOC-R4PCC04U05:364463:364519 [2] NCCL INFO New proxy recv connection 21 from local rank 2, transport 2
MOC-R4PCC04U05:364463:365222 [2] NCCL INFO Connected to proxy localRank 2 -> connection 0x7fb060005908
MOC-R4PCC04U05:364463:365222 [2] NCCL INFO Channel 03/0 : 6[2] -> 2[2] [receive] via NET/IB/1/GDRDMA
MOC-R4PCC04U05:364463:365222 [2] NCCL INFO GPU Direct RDMA Enabled for GPU 2 / HCA 1 (distance 5 <= 5), read 1 mode Default
MOC-R4PCC04U05:364463:364519 [2] NCCL INFO New proxy send connection 22 from local rank 2, transport 2
MOC-R4PCC04U05:364463:365222 [2] NCCL INFO Connected to proxy localRank 2 -> connection 0x7fb060005980
MOC-R4PCC04U05:364463:365222 [2] NCCL INFO Channel 00/0 : 2[2] -> 6[2] [send] via NET/IB/1/GDRDMA
MOC-R4PCC04U05:364463:365222 [2] NCCL INFO GPU Direct RDMA Enabled for GPU 2 / HCA 1 (distance 5 <= 5), read 1 mode Default
MOC-R4PCC04U05:364463:364519 [2] NCCL INFO New proxy send connection 23 from local rank 2, transport 2
MOC-R4PCC04U05:364463:365222 [2] NCCL INFO Connected to proxy localRank 2 -> connection 0x7fb0600059f8
MOC-R4PCC04U05:364463:365222 [2] NCCL INFO Channel 01/0 : 2[2] -> 6[2] [send] via NET/IB/1/GDRDMA
MOC-R4PCC04U05:364463:365222 [2] NCCL INFO GPU Direct RDMA Enabled for GPU 2 / HCA 1 (distance 5 <= 5), read 1 mode Default
MOC-R4PCC04U05:364463:364519 [2] NCCL INFO New proxy send connection 24 from local rank 2, transport 2
MOC-R4PCC04U05:364463:365222 [2] NCCL INFO Connected to proxy localRank 2 -> connection 0x7fb060005a70
MOC-R4PCC04U05:364463:365222 [2] NCCL INFO Channel 02/0 : 2[2] -> 6[2] [send] via NET/IB/1/GDRDMA
MOC-R4PCC04U05:364463:365222 [2] NCCL INFO GPU Direct RDMA Enabled for GPU 2 / HCA 1 (distance 5 <= 5), read 1 mode Default
MOC-R4PCC04U05:364463:364519 [2] NCCL INFO New proxy send connection 25 from local rank 2, transport 2
MOC-R4PCC04U05:364464:364518 [3] NCCL INFO New proxy send connection 9 from local rank 3, transport 0
MOC-R4PCC04U05:364463:365222 [2] NCCL INFO Connected to proxy localRank 2 -> connection 0x7fb060005ae8
MOC-R4PCC04U05:364464:365220 [3] NCCL INFO Connected to proxy localRank 3 -> connection 0x7f6b88005368
MOC-R4PCC04U05:364463:365222 [2] NCCL INFO Channel 03/0 : 2[2] -> 6[2] [send] via NET/IB/1/GDRDMA
MOC-R4PCC04U05:364463:364519 [2] NCCL INFO New proxy recv connection 26 from local rank 2, transport 0
MOC-R4PCC04U05:364464:364518 [3] NCCL INFO New proxy send connection 10 from local rank 3, transport 0
MOC-R4PCC04U05:364463:365222 [2] NCCL INFO Connected to proxy localRank 2 -> connection 0x7fb060005b60
MOC-R4PCC04U05:364464:365220 [3] NCCL INFO Connected to proxy localRank 3 -> connection 0x7f6b880053e0
MOC-R4PCC04U05:364463:364519 [2] NCCL INFO New proxy recv connection 27 from local rank 2, transport 0
MOC-R4PCC04U05:364464:364518 [3] NCCL INFO New proxy send connection 11 from local rank 3, transport 0
MOC-R4PCC04U05:364463:365222 [2] NCCL INFO Connected to proxy localRank 2 -> connection 0x7fb060005bd8
MOC-R4PCC04U05:364464:365220 [3] NCCL INFO Connected to proxy localRank 3 -> connection 0x7f6b88005458
MOC-R4PCC04U05:364463:364519 [2] NCCL INFO New proxy recv connection 28 from local rank 2, transport 0
MOC-R4PCC04U05:364464:364518 [3] NCCL INFO New proxy send connection 12 from local rank 3, transport 0
MOC-R4PCC04U05:364463:365222 [2] NCCL INFO Connected to proxy localRank 2 -> connection 0x7fb060005c50
MOC-R4PCC04U05:364464:365220 [3] NCCL INFO Connected to proxy localRank 3 -> connection 0x7f6b880054d0
MOC-R4PCC04U05:364463:364519 [2] NCCL INFO New proxy recv connection 29 from local rank 2, transport 0
MOC-R4PCC04U05:364463:365222 [2] NCCL INFO Connected to proxy localRank 2 -> connection 0x7fb060005cc8
MOC-R4PCC04U05:364464:364518 [3] NCCL INFO New proxy send connection 13 from local rank 3, transport 0
MOC-R4PCC04U05:364464:365220 [3] NCCL INFO Connected to proxy localRank 3 -> connection 0x7f6b88005548
MOC-R4PCC04U05:364464:364518 [3] NCCL INFO New proxy send connection 14 from local rank 3, transport 0
MOC-R4PCC04U05:364464:365220 [3] NCCL INFO Connected to proxy localRank 3 -> connection 0x7f6b880055c0
MOC-R4PCC04U05:364464:364518 [3] NCCL INFO New proxy send connection 15 from local rank 3, transport 0
MOC-R4PCC04U05:364464:365220 [3] NCCL INFO Connected to proxy localRank 3 -> connection 0x7f6b88005638
MOC-R4PCC04U05:364464:364518 [3] NCCL INFO New proxy send connection 16 from local rank 3, transport 0
MOC-R4PCC04U05:364464:365220 [3] NCCL INFO Connected to proxy localRank 3 -> connection 0x7f6b880056b0
MOC-R4PCC04U05:364464:364518 [3] NCCL INFO New proxy send connection 17 from local rank 2, transport 0
MOC-R4PCC04U05:364463:365222 [2] NCCL INFO Connected to proxy localRank 3 -> connection 0x7f6b88005728
MOC-R4PCC04U05:364463:364519 [2] NCCL INFO NET/IB: NCCL Dev 1 IbDev 0 Port 1 qpn 4052 mtu 3 query_ece={supported=1, vendor_id=0x15b3, options=0x30000002, comp_mask=0x0} GID 3 (0/C132A8C0FFFF0000) fifoRkey=0x17f5b4 fifoLkey=0x17f5b4
MOC-R4PCC04U05:364463:364519 [2] NCCL INFO NET/IB: NCCL Dev 1 IbDev 0 Port 1 qpn 4055 mtu 3 query_ece={supported=1, vendor_id=0x15b3, options=0x30000002, comp_mask=0x0} GID 3 (0/C132A8C0FFFF0000) fifoRkey=0x17601f fifoLkey=0x17601f
MOC-R4PCC04U05:364463:364519 [2] NCCL INFO NET/IB: IbDev 0 Port 1 qpn 4293 set_ece={supported=1, vendor_id=0x15b3, options=0x0, comp_mask=0x0}
MOC-R4PCC04U05:364463:364519 [2] NCCL INFO NET/IB: IbDev 0 Port 1 qpn 4296 set_ece={supported=1, vendor_id=0x15b3, options=0x0, comp_mask=0x0}
MOC-R4PCC04U05:364463:364519 [2] NCCL INFO NET/IB: NCCL Dev 1 IbDev 0 Port 1 qpn 4058 mtu 3 query_ece={supported=1, vendor_id=0x15b3, options=0x30000002, comp_mask=0x0} GID 3 (0/C132A8C0FFFF0000) fifoRkey=0x179857 fifoLkey=0x179857
MOC-R4PCC04U05:364463:364519 [2] NCCL INFO NET/IB: IbDev 0 Port 1 qpn 4298 set_ece={supported=1, vendor_id=0x15b3, options=0x0, comp_mask=0x0}
MOC-R4PCC04U05:364463:364519 [2] NCCL INFO NET/IB: NCCL Dev 1 IbDev 0 Port 1 qpn 4063 mtu 3 query_ece={supported=1, vendor_id=0x15b3, options=0x30000002, comp_mask=0x0} GID 3 (0/C132A8C0FFFF0000) fifoRkey=0x17d796 fifoLkey=0x17d796
MOC-R4PCC04U05:364463:364519 [2] NCCL INFO NET/IB: IbDev 0 Port 1 qpn 4302 set_ece={supported=1, vendor_id=0x15b3, options=0x0, comp_mask=0x0}
step    1/10 | train loss 11.008972 | norm 15.7108 | lr 1.00e-04 | (13844.84 ms | 37869 tok/s)
step    2/10 | train loss 10.123236 | norm 5.8018 | lr 1.00e-04 | (188.40 ms | 2782838 tok/s)
step    3/10 | train loss 9.777216 | norm 2.6314 | lr 1.00e-04 | (187.36 ms | 2798256 tok/s)
step    4/10 | train loss 9.607360 | norm 2.1166 | lr 1.00e-04 | (187.54 ms | 2795655 tok/s)
step    5/10 | train loss 9.524708 | norm 2.1076 | lr 1.00e-04 | (187.80 ms | 2791723 tok/s)
step    6/10 | train loss 9.443523 | norm 2.0013 | lr 1.00e-04 | (188.07 ms | 2787773 tok/s)
step    7/10 | train loss 9.358727 | norm 1.9491 | lr 1.00e-04 | (187.91 ms | 2790051 tok/s)
step    8/10 | train loss 9.269123 | norm 1.9124 | lr 1.00e-04 | (188.12 ms | 2786957 tok/s)
step    9/10 | train loss 9.176628 | norm 1.8636 | lr 1.00e-04 | (188.30 ms | 2784335 tok/s)
step   10/10 | train loss 9.088058 | norm 1.7782 | lr 1.00e-04 | (189.23 ms | 2770632 tok/s)
final 9 iters avg: 188.081ms
peak memory consumption: 16601 MiB
