Running pytorch 2.7.0+cu126
using device: cuda:0
total desired batch size: 4718592
=> calculated gradient accumulation steps: 9
using device: cuda:1
using device: cuda:3
using device: cuda:2
compiling the model...
DataLoader: total number of tokens: 1,661,249,667 across 103 files
MOC-R4PCC04U05:756281:756281 [0] NCCL INFO NCCL_SOCKET_IFNAME set to eno7np0
MOC-R4PCC04U05:756281:756281 [0] NCCL INFO NCCL version 2.26.2+cuda12.2
MOC-R4PCC04U05:756284:756284 [3] NCCL INFO NCCL_SOCKET_IFNAME set to eno7np0
MOC-R4PCC04U05:756284:756284 [3] NCCL INFO NCCL version 2.26.2+cuda12.2
MOC-R4PCC04U05:756282:756282 [1] NCCL INFO NCCL_SOCKET_IFNAME set to eno7np0
MOC-R4PCC04U05:756282:756282 [1] NCCL INFO NCCL version 2.26.2+cuda12.2
MOC-R4PCC04U05:756283:756283 [2] NCCL INFO NCCL_SOCKET_IFNAME set to eno7np0
MOC-R4PCC04U05:756283:756283 [2] NCCL INFO NCCL version 2.26.2+cuda12.2
MOC-R4PCC04U05:756281:756406 [0] NCCL INFO NET/Plugin: Could not find: libnccl-net.so. Using internal net plugin.
MOC-R4PCC04U05:756281:756406 [0] NCCL INFO NET/Socket : Using [0]eno7np0:192.168.50.193<0>
MOC-R4PCC04U05:756284:756407 [3] NCCL INFO NET/Plugin: Could not find: libnccl-net.so. Using internal net plugin.
MOC-R4PCC04U05:756284:756407 [3] NCCL INFO NET/Socket : Using [0]eno7np0:192.168.50.193<0>
MOC-R4PCC04U05:756282:756408 [1] NCCL INFO NET/Plugin: Could not find: libnccl-net.so. Using internal net plugin.
MOC-R4PCC04U05:756282:756408 [1] NCCL INFO NET/Socket : Using [0]eno7np0:192.168.50.193<0>
MOC-R4PCC04U05:756283:756409 [2] NCCL INFO NET/Plugin: Could not find: libnccl-net.so. Using internal net plugin.
MOC-R4PCC04U05:756283:756409 [2] NCCL INFO NET/Socket : Using [0]eno7np0:192.168.50.193<0>
MOC-R4PCC04U05:756284:756407 [3] NCCL INFO NET/Socket : GPU Direct RDMA Disabled for HCA 0 'eno7np0'
MOC-R4PCC04U05:756283:756409 [2] NCCL INFO NET/Socket : GPU Direct RDMA Disabled for HCA 0 'eno7np0'
MOC-R4PCC04U05:756282:756408 [1] NCCL INFO NET/Socket : GPU Direct RDMA Disabled for HCA 0 'eno7np0'
MOC-R4PCC04U05:756281:756406 [0] NCCL INFO NET/Socket : GPU Direct RDMA Disabled for HCA 0 'eno7np0'
MOC-R4PCC04U05:756284:756418 [3] NCCL INFO New proxy recv connection 0 from local rank 3, transport 0
MOC-R4PCC04U05:756284:756426 [3] NCCL INFO Connected to proxy localRank 3 -> connection 0x7f1ca4004f30
MOC-R4PCC04U05:756284:756418 [3] NCCL INFO New proxy recv connection 1 from local rank 3, transport 0
MOC-R4PCC04U05:756284:756426 [3] NCCL INFO Connected to proxy localRank 3 -> connection 0x7f1ca4004fa8
MOC-R4PCC04U05:756283:756419 [2] NCCL INFO New proxy recv connection 0 from local rank 2, transport 0
MOC-R4PCC04U05:756283:756427 [2] NCCL INFO Connected to proxy localRank 2 -> connection 0x7f2e0c004f30
MOC-R4PCC04U05:756283:756419 [2] NCCL INFO New proxy recv connection 1 from local rank 2, transport 0
MOC-R4PCC04U05:756283:756427 [2] NCCL INFO Connected to proxy localRank 2 -> connection 0x7f2e0c004fa8
MOC-R4PCC04U05:756282:756424 [1] NCCL INFO New proxy recv connection 0 from local rank 1, transport 0
MOC-R4PCC04U05:756282:756428 [1] NCCL INFO Connected to proxy localRank 1 -> connection 0x7fdeb4004f30
MOC-R4PCC04U05:756282:756424 [1] NCCL INFO New proxy recv connection 1 from local rank 1, transport 0
MOC-R4PCC04U05:756282:756428 [1] NCCL INFO Connected to proxy localRank 1 -> connection 0x7fdeb4004fa8
MOC-R4PCC04U05:756281:756420 [0] NCCL INFO New proxy send connection 0 from local rank 0, transport 0
MOC-R4PCC04U05:756281:756429 [0] NCCL INFO Connected to proxy localRank 0 -> connection 0x7ff238004f30
MOC-R4PCC04U05:756281:756420 [0] NCCL INFO New proxy send connection 1 from local rank 0, transport 0
MOC-R4PCC04U05:756281:756429 [0] NCCL INFO Connected to proxy localRank 0 -> connection 0x7ff238004fa8
MOC-R4PCC04U05:756281:756420 [0] NCCL INFO New proxy send connection 2 from local rank 0, transport 0
MOC-R4PCC04U05:756281:756429 [0] NCCL INFO Connected to proxy localRank 0 -> connection 0x7ff238005020
MOC-R4PCC04U05:756281:756420 [0] NCCL INFO New proxy send connection 3 from local rank 0, transport 0
MOC-R4PCC04U05:756281:756429 [0] NCCL INFO Connected to proxy localRank 0 -> connection 0x7ff238005098
MOC-R4PCC04U05:756284:756418 [3] NCCL INFO New proxy send connection 2 from local rank 3, transport 2
MOC-R4PCC04U05:756284:756426 [3] NCCL INFO Connected to proxy localRank 3 -> connection 0x7f1ca4005020
MOC-R4PCC04U05:756284:756426 [3] NCCL INFO Channel 00/0 : 3[3] -> 6[2] [send] via NET/Socket/0
MOC-R4PCC04U05:756284:756418 [3] NCCL INFO New proxy send connection 3 from local rank 3, transport 2
MOC-R4PCC04U05:756284:756426 [3] NCCL INFO Connected to proxy localRank 3 -> connection 0x7f1ca4005098
MOC-R4PCC04U05:756284:756426 [3] NCCL INFO Channel 02/0 : 3[3] -> 6[2] [send] via NET/Socket/0
MOC-R4PCC04U05:756281:756420 [0] NCCL INFO New proxy recv connection 4 from local rank 0, transport 0
MOC-R4PCC04U05:756281:756429 [0] NCCL INFO Connected to proxy localRank 0 -> connection 0x7ff238005110
MOC-R4PCC04U05:756284:756418 [3] NCCL INFO New proxy recv connection 4 from local rank 3, transport 2
MOC-R4PCC04U05:756284:756426 [3] NCCL INFO Connected to proxy localRank 3 -> connection 0x7f1ca4005110
MOC-R4PCC04U05:756281:756420 [0] NCCL INFO New proxy recv connection 5 from local rank 0, transport 0
MOC-R4PCC04U05:756281:756429 [0] NCCL INFO Connected to proxy localRank 0 -> connection 0x7ff238005188
MOC-R4PCC04U05:756284:756426 [3] NCCL INFO Channel 01/0 : 14[2] -> 3[3] [receive] via NET/Socket/0
MOC-R4PCC04U05:756281:756420 [0] NCCL INFO New proxy recv connection 6 from local rank 0, transport 0
MOC-R4PCC04U05:756284:756418 [3] NCCL INFO New proxy recv connection 5 from local rank 3, transport 2
MOC-R4PCC04U05:756281:756429 [0] NCCL INFO Connected to proxy localRank 0 -> connection 0x7ff238005200
MOC-R4PCC04U05:756284:756426 [3] NCCL INFO Connected to proxy localRank 3 -> connection 0x7f1ca4005188
MOC-R4PCC04U05:756281:756420 [0] NCCL INFO New proxy recv connection 7 from local rank 0, transport 0
MOC-R4PCC04U05:756281:756429 [0] NCCL INFO Connected to proxy localRank 0 -> connection 0x7ff238005278
MOC-R4PCC04U05:756284:756426 [3] NCCL INFO Channel 03/0 : 14[2] -> 3[3] [receive] via NET/Socket/0
MOC-R4PCC04U05:756283:756419 [2] NCCL INFO New proxy recv connection 2 from local rank 2, transport 2
MOC-R4PCC04U05:756283:756427 [2] NCCL INFO Connected to proxy localRank 2 -> connection 0x7f2e0c005020
MOC-R4PCC04U05:756283:756427 [2] NCCL INFO Channel 00/0 : 15[3] -> 2[2] [receive] via NET/Socket/0
MOC-R4PCC04U05:756283:756419 [2] NCCL INFO New proxy recv connection 3 from local rank 2, transport 2
MOC-R4PCC04U05:756283:756427 [2] NCCL INFO Connected to proxy localRank 2 -> connection 0x7f2e0c005098
MOC-R4PCC04U05:756283:756427 [2] NCCL INFO Channel 02/0 : 15[3] -> 2[2] [receive] via NET/Socket/0
MOC-R4PCC04U05:756283:756419 [2] NCCL INFO New proxy send connection 4 from local rank 2, transport 2
MOC-R4PCC04U05:756283:756427 [2] NCCL INFO Connected to proxy localRank 2 -> connection 0x7f2e0c005110
MOC-R4PCC04U05:756283:756427 [2] NCCL INFO Channel 01/0 : 2[2] -> 7[3] [send] via NET/Socket/0
MOC-R4PCC04U05:756283:756419 [2] NCCL INFO New proxy send connection 5 from local rank 2, transport 2
MOC-R4PCC04U05:756283:756427 [2] NCCL INFO Connected to proxy localRank 2 -> connection 0x7f2e0c005188
MOC-R4PCC04U05:756283:756427 [2] NCCL INFO Channel 03/0 : 2[2] -> 7[3] [send] via NET/Socket/0
MOC-R4PCC04U05:756283:756419 [2] NCCL INFO New proxy send connection 6 from local rank 2, transport 0
MOC-R4PCC04U05:756283:756427 [2] NCCL INFO Connected to proxy localRank 2 -> connection 0x7f2e0c005200
MOC-R4PCC04U05:756283:756419 [2] NCCL INFO New proxy send connection 7 from local rank 2, transport 0
MOC-R4PCC04U05:756283:756427 [2] NCCL INFO Connected to proxy localRank 2 -> connection 0x7f2e0c005278
MOC-R4PCC04U05:756284:756418 [3] NCCL INFO New proxy send connection 6 from local rank 3, transport 0
MOC-R4PCC04U05:756284:756426 [3] NCCL INFO Connected to proxy localRank 3 -> connection 0x7f1ca4005200
MOC-R4PCC04U05:756284:756418 [3] NCCL INFO New proxy send connection 7 from local rank 3, transport 0
MOC-R4PCC04U05:756284:756426 [3] NCCL INFO Connected to proxy localRank 3 -> connection 0x7f1ca4005278
MOC-R4PCC04U05:756281:756420 [0] NCCL INFO New proxy send connection 8 from local rank 3, transport 0
MOC-R4PCC04U05:756284:756426 [3] NCCL INFO Connected to proxy localRank 0 -> connection 0x7ff2380052f0
MOC-R4PCC04U05:756282:756424 [1] NCCL INFO New proxy recv connection 2 from local rank 1, transport 0
MOC-R4PCC04U05:756282:756428 [1] NCCL INFO Connected to proxy localRank 1 -> connection 0x7fdeb4005020
MOC-R4PCC04U05:756282:756424 [1] NCCL INFO New proxy recv connection 3 from local rank 1, transport 0
MOC-R4PCC04U05:756282:756428 [1] NCCL INFO Connected to proxy localRank 1 -> connection 0x7fdeb4005098
MOC-R4PCC04U05:756282:756424 [1] NCCL INFO New proxy send connection 4 from local rank 1, transport 0
MOC-R4PCC04U05:756282:756428 [1] NCCL INFO Connected to proxy localRank 1 -> connection 0x7fdeb4005110
MOC-R4PCC04U05:756282:756424 [1] NCCL INFO New proxy send connection 5 from local rank 1, transport 0
MOC-R4PCC04U05:756282:756428 [1] NCCL INFO Connected to proxy localRank 1 -> connection 0x7fdeb4005188
MOC-R4PCC04U05:756282:756424 [1] NCCL INFO New proxy send connection 6 from local rank 1, transport 0
MOC-R4PCC04U05:756282:756428 [1] NCCL INFO Connected to proxy localRank 1 -> connection 0x7fdeb4005200
MOC-R4PCC04U05:756282:756424 [1] NCCL INFO New proxy send connection 7 from local rank 1, transport 0
MOC-R4PCC04U05:756282:756428 [1] NCCL INFO Connected to proxy localRank 1 -> connection 0x7fdeb4005278
MOC-R4PCC04U05:756282:756424 [1] NCCL INFO New proxy send connection 8 from local rank 3, transport 0
MOC-R4PCC04U05:756284:756426 [3] NCCL INFO Connected to proxy localRank 1 -> connection 0x7fdeb40052f0
MOC-R4PCC04U05:756283:756419 [2] NCCL INFO New proxy send connection 8 from local rank 0, transport 0
MOC-R4PCC04U05:756281:756429 [0] NCCL INFO Connected to proxy localRank 2 -> connection 0x7f2e0c0052f0
MOC-R4PCC04U05:756281:756420 [0] NCCL INFO New proxy send connection 9 from local rank 2, transport 0
MOC-R4PCC04U05:756283:756427 [2] NCCL INFO Connected to proxy localRank 0 -> connection 0x7ff238005368
MOC-R4PCC04U05:756284:756418 [3] NCCL INFO New proxy send connection 8 from local rank 1, transport 0
MOC-R4PCC04U05:756282:756428 [1] NCCL INFO Connected to proxy localRank 3 -> connection 0x7f1ca40052f0
MOC-R4PCC04U05:756282:756424 [1] NCCL INFO New proxy send connection 9 from local rank 2, transport 0
MOC-R4PCC04U05:756283:756427 [2] NCCL INFO Connected to proxy localRank 1 -> connection 0x7fdeb4005368
MOC-R4PCC04U05:756284:756418 [3] NCCL INFO New proxy send connection 9 from local rank 0, transport 0
MOC-R4PCC04U05:756281:756429 [0] NCCL INFO Connected to proxy localRank 3 -> connection 0x7f1ca4005368
MOC-R4PCC04U05:756281:756420 [0] NCCL INFO New proxy send connection 10 from local rank 1, transport 0
MOC-R4PCC04U05:756282:756428 [1] NCCL INFO Connected to proxy localRank 0 -> connection 0x7ff2380053e0
MOC-R4PCC04U05:756282:756424 [1] NCCL INFO New proxy send connection 10 from local rank 0, transport 0
MOC-R4PCC04U05:756281:756429 [0] NCCL INFO Connected to proxy localRank 1 -> connection 0x7fdeb40053e0
MOC-R4PCC04U05:756283:756419 [2] NCCL INFO New proxy send connection 9 from local rank 1, transport 0
MOC-R4PCC04U05:756282:756428 [1] NCCL INFO Connected to proxy localRank 2 -> connection 0x7f2e0c005368
num decayed parameter tensors: 50, with 124,318,464 parameters
num non-decayed parameter tensors: 98, with 121,344 parameters
using fused AdamW: False
using regular AdamW
MOC-R4PCC04U05:756284:756418 [3] NCCL INFO New proxy recv connection 10 from local rank 3, transport 0
MOC-R4PCC04U05:756284:757130 [3] NCCL INFO Connected to proxy localRank 3 -> connection 0x7f1ca40053e0
MOC-R4PCC04U05:756284:756418 [3] NCCL INFO New proxy recv connection 11 from local rank 3, transport 0
MOC-R4PCC04U05:756284:757130 [3] NCCL INFO Connected to proxy localRank 3 -> connection 0x7f1ca4005458
MOC-R4PCC04U05:756283:756419 [2] NCCL INFO New proxy recv connection 10 from local rank 2, transport 0
MOC-R4PCC04U05:756283:757131 [2] NCCL INFO Connected to proxy localRank 2 -> connection 0x7f2e0c0053e0
MOC-R4PCC04U05:756283:756419 [2] NCCL INFO New proxy recv connection 11 from local rank 2, transport 0
MOC-R4PCC04U05:756283:757131 [2] NCCL INFO Connected to proxy localRank 2 -> connection 0x7f2e0c005458
MOC-R4PCC04U05:756283:756419 [2] NCCL INFO New proxy recv connection 12 from local rank 2, transport 0
MOC-R4PCC04U05:756283:757131 [2] NCCL INFO Connected to proxy localRank 2 -> connection 0x7f2e0c0054d0
MOC-R4PCC04U05:756283:756419 [2] NCCL INFO New proxy recv connection 13 from local rank 2, transport 0
MOC-R4PCC04U05:756283:757131 [2] NCCL INFO Connected to proxy localRank 2 -> connection 0x7f2e0c005548
MOC-R4PCC04U05:756281:756420 [0] NCCL INFO New proxy send connection 11 from local rank 0, transport 0
MOC-R4PCC04U05:756281:757132 [0] NCCL INFO Connected to proxy localRank 0 -> connection 0x7ff238005458
MOC-R4PCC04U05:756281:756420 [0] NCCL INFO New proxy send connection 12 from local rank 0, transport 0
MOC-R4PCC04U05:756281:757132 [0] NCCL INFO Connected to proxy localRank 0 -> connection 0x7ff2380054d0
MOC-R4PCC04U05:756281:756420 [0] NCCL INFO New proxy send connection 13 from local rank 0, transport 0
MOC-R4PCC04U05:756281:757132 [0] NCCL INFO Connected to proxy localRank 0 -> connection 0x7ff238005548
MOC-R4PCC04U05:756281:756420 [0] NCCL INFO New proxy send connection 14 from local rank 0, transport 0
MOC-R4PCC04U05:756281:757132 [0] NCCL INFO Connected to proxy localRank 0 -> connection 0x7ff2380055c0
MOC-R4PCC04U05:756282:756424 [1] NCCL INFO New proxy recv connection 11 from local rank 1, transport 0
MOC-R4PCC04U05:756282:757133 [1] NCCL INFO Connected to proxy localRank 1 -> connection 0x7fdeb4005458
MOC-R4PCC04U05:756282:756424 [1] NCCL INFO New proxy recv connection 12 from local rank 1, transport 0
MOC-R4PCC04U05:756282:757133 [1] NCCL INFO Connected to proxy localRank 1 -> connection 0x7fdeb40054d0
MOC-R4PCC04U05:756282:756424 [1] NCCL INFO New proxy recv connection 13 from local rank 1, transport 0
MOC-R4PCC04U05:756282:757133 [1] NCCL INFO Connected to proxy localRank 1 -> connection 0x7fdeb4005548
MOC-R4PCC04U05:756282:756424 [1] NCCL INFO New proxy recv connection 14 from local rank 1, transport 0
MOC-R4PCC04U05:756282:757133 [1] NCCL INFO Connected to proxy localRank 1 -> connection 0x7fdeb40055c0
MOC-R4PCC04U05:756282:756424 [1] NCCL INFO New proxy send connection 15 from local rank 1, transport 0
MOC-R4PCC04U05:756282:757133 [1] NCCL INFO Connected to proxy localRank 1 -> connection 0x7fdeb4005638
MOC-R4PCC04U05:756282:756424 [1] NCCL INFO New proxy send connection 16 from local rank 1, transport 0
MOC-R4PCC04U05:756282:757133 [1] NCCL INFO Connected to proxy localRank 1 -> connection 0x7fdeb40056b0
MOC-R4PCC04U05:756282:756424 [1] NCCL INFO New proxy send connection 17 from local rank 1, transport 0
MOC-R4PCC04U05:756282:757133 [1] NCCL INFO Connected to proxy localRank 1 -> connection 0x7fdeb4005728
MOC-R4PCC04U05:756282:756424 [1] NCCL INFO New proxy send connection 18 from local rank 1, transport 0
MOC-R4PCC04U05:756282:757133 [1] NCCL INFO Connected to proxy localRank 1 -> connection 0x7fdeb40057a0
MOC-R4PCC04U05:756281:756420 [0] NCCL INFO New proxy send connection 15 from local rank 0, transport 0
MOC-R4PCC04U05:756281:757132 [0] NCCL INFO Connected to proxy localRank 0 -> connection 0x7ff238005638
MOC-R4PCC04U05:756282:756424 [1] NCCL INFO New proxy recv connection 19 from local rank 1, transport 0
MOC-R4PCC04U05:756282:757133 [1] NCCL INFO Connected to proxy localRank 1 -> connection 0x7fdeb4005818
MOC-R4PCC04U05:756283:756419 [2] NCCL INFO New proxy send connection 14 from local rank 2, transport 0
MOC-R4PCC04U05:756283:757131 [2] NCCL INFO Connected to proxy localRank 2 -> connection 0x7f2e0c0055c0
MOC-R4PCC04U05:756281:756420 [0] NCCL INFO New proxy send connection 16 from local rank 0, transport 0
MOC-R4PCC04U05:756282:756424 [1] NCCL INFO New proxy recv connection 20 from local rank 1, transport 0
MOC-R4PCC04U05:756281:757132 [0] NCCL INFO Connected to proxy localRank 0 -> connection 0x7ff2380056b0
MOC-R4PCC04U05:756282:757133 [1] NCCL INFO Connected to proxy localRank 1 -> connection 0x7fdeb4005890
MOC-R4PCC04U05:756283:756419 [2] NCCL INFO New proxy send connection 15 from local rank 2, transport 0
MOC-R4PCC04U05:756283:757131 [2] NCCL INFO Connected to proxy localRank 2 -> connection 0x7f2e0c005638
MOC-R4PCC04U05:756281:756420 [0] NCCL INFO New proxy recv connection 17 from local rank 0, transport 0
MOC-R4PCC04U05:756281:757132 [0] NCCL INFO Connected to proxy localRank 0 -> connection 0x7ff238005728
MOC-R4PCC04U05:756284:756418 [3] NCCL INFO New proxy send connection 12 from local rank 3, transport 2
MOC-R4PCC04U05:756284:757130 [3] NCCL INFO Connected to proxy localRank 3 -> connection 0x7f1ca40054d0
MOC-R4PCC04U05:756281:756420 [0] NCCL INFO New proxy recv connection 18 from local rank 0, transport 0
MOC-R4PCC04U05:756281:757132 [0] NCCL INFO Connected to proxy localRank 0 -> connection 0x7ff2380057a0
MOC-R4PCC04U05:756281:756420 [0] NCCL INFO New proxy recv connection 19 from local rank 0, transport 0
MOC-R4PCC04U05:756281:757132 [0] NCCL INFO Connected to proxy localRank 0 -> connection 0x7ff238005818
MOC-R4PCC04U05:756284:757130 [3] NCCL INFO Channel 02/0 : 3[3] -> 7[3] [send] via NET/Socket/0
MOC-R4PCC04U05:756284:756418 [3] NCCL INFO New proxy send connection 13 from local rank 3, transport 2
MOC-R4PCC04U05:756284:757130 [3] NCCL INFO Connected to proxy localRank 3 -> connection 0x7f1ca4005548
MOC-R4PCC04U05:756281:756420 [0] NCCL INFO New proxy recv connection 20 from local rank 0, transport 0
MOC-R4PCC04U05:756284:757130 [3] NCCL INFO Channel 03/0 : 3[3] -> 7[3] [send] via NET/Socket/0
MOC-R4PCC04U05:756281:757132 [0] NCCL INFO Connected to proxy localRank 0 -> connection 0x7ff238005890
MOC-R4PCC04U05:756284:756418 [3] NCCL INFO New proxy recv connection 14 from local rank 3, transport 2
MOC-R4PCC04U05:756284:757130 [3] NCCL INFO Connected to proxy localRank 3 -> connection 0x7f1ca40055c0
MOC-R4PCC04U05:756284:757130 [3] NCCL INFO Channel 00/0 : 11[3] -> 3[3] [receive] via NET/Socket/0
MOC-R4PCC04U05:756284:756418 [3] NCCL INFO New proxy recv connection 15 from local rank 3, transport 2
MOC-R4PCC04U05:756284:757130 [3] NCCL INFO Connected to proxy localRank 3 -> connection 0x7f1ca4005638
MOC-R4PCC04U05:756284:757130 [3] NCCL INFO Channel 01/0 : 11[3] -> 3[3] [receive] via NET/Socket/0
MOC-R4PCC04U05:756284:756418 [3] NCCL INFO New proxy send connection 16 from local rank 3, transport 2
MOC-R4PCC04U05:756284:757130 [3] NCCL INFO Connected to proxy localRank 3 -> connection 0x7f1ca40056b0
MOC-R4PCC04U05:756284:757130 [3] NCCL INFO Channel 00/0 : 3[3] -> 11[3] [send] via NET/Socket/0
MOC-R4PCC04U05:756284:756418 [3] NCCL INFO New proxy send connection 17 from local rank 3, transport 2
MOC-R4PCC04U05:756284:757130 [3] NCCL INFO Connected to proxy localRank 3 -> connection 0x7f1ca4005728
MOC-R4PCC04U05:756284:757130 [3] NCCL INFO Channel 01/0 : 3[3] -> 11[3] [send] via NET/Socket/0
MOC-R4PCC04U05:756284:756418 [3] NCCL INFO New proxy recv connection 18 from local rank 3, transport 2
MOC-R4PCC04U05:756284:757130 [3] NCCL INFO Connected to proxy localRank 3 -> connection 0x7f1ca40057a0
MOC-R4PCC04U05:756284:757130 [3] NCCL INFO Channel 02/0 : 7[3] -> 3[3] [receive] via NET/Socket/0
MOC-R4PCC04U05:756284:756418 [3] NCCL INFO New proxy recv connection 19 from local rank 3, transport 2
MOC-R4PCC04U05:756284:757130 [3] NCCL INFO Connected to proxy localRank 3 -> connection 0x7f1ca4005818
MOC-R4PCC04U05:756284:757130 [3] NCCL INFO Channel 03/0 : 7[3] -> 3[3] [receive] via NET/Socket/0
MOC-R4PCC04U05:756284:756418 [3] NCCL INFO New proxy send connection 20 from local rank 3, transport 0
MOC-R4PCC04U05:756284:757130 [3] NCCL INFO Connected to proxy localRank 3 -> connection 0x7f1ca4005890
MOC-R4PCC04U05:756284:756418 [3] NCCL INFO New proxy send connection 21 from local rank 3, transport 0
MOC-R4PCC04U05:756284:757130 [3] NCCL INFO Connected to proxy localRank 3 -> connection 0x7f1ca4005908
MOC-R4PCC04U05:756284:756418 [3] NCCL INFO New proxy send connection 22 from local rank 3, transport 0
MOC-R4PCC04U05:756284:757130 [3] NCCL INFO Connected to proxy localRank 3 -> connection 0x7f1ca4005980
MOC-R4PCC04U05:756284:756418 [3] NCCL INFO New proxy send connection 23 from local rank 3, transport 0
MOC-R4PCC04U05:756284:757130 [3] NCCL INFO Connected to proxy localRank 3 -> connection 0x7f1ca40059f8
step    1/10 | train loss 11.010197 | norm 15.3783 | lr 1.00e-04 | (15255.69 ms | 309301 tok/s)
step    2/10 | train loss 10.139421 | norm 5.7379 | lr 1.00e-04 | (852.04 ms | 5538010 tok/s)
step    3/10 | train loss 9.800088 | norm 2.5972 | lr 1.00e-04 | (843.71 ms | 5592647 tok/s)
step    4/10 | train loss 9.631590 | norm 2.1026 | lr 1.00e-04 | (843.17 ms | 5596226 tok/s)
step    5/10 | train loss 9.549200 | norm 2.0954 | lr 1.00e-04 | (851.18 ms | 5543612 tok/s)
step    6/10 | train loss 9.469118 | norm 1.9887 | lr 1.00e-04 | (846.50 ms | 5574211 tok/s)
step    7/10 | train loss 9.384792 | norm 1.9384 | lr 1.00e-04 | (843.12 ms | 5596568 tok/s)
step    8/10 | train loss 9.294771 | norm 1.9078 | lr 1.00e-04 | (847.11 ms | 5570198 tok/s)
step    9/10 | train loss 9.200785 | norm 1.8597 | lr 1.00e-04 | (849.14 ms | 5556904 tok/s)
step   10/10 | train loss 9.113813 | norm 1.7827 | lr 1.00e-04 | (846.91 ms | 5571548 tok/s)
final 9 iters avg: 846.988ms
peak memory consumption: 16601 MiB
