Running pytorch 2.7.0+cu126
using device: cuda:0
total desired batch size: 3670016
=> calculated gradient accumulation steps: 7
using device: cuda:1
using device: cuda:3
using device: cuda:2
compiling the model...
DataLoader: total number of tokens: 1,661,249,667 across 103 files
MOC-R4PCC04U05:750847:750847 [0] NCCL INFO NCCL_SOCKET_IFNAME set to eno7np0
MOC-R4PCC04U05:750847:750847 [0] NCCL INFO NCCL version 2.26.2+cuda12.2
MOC-R4PCC04U05:750848:750848 [1] NCCL INFO NCCL_SOCKET_IFNAME set to eno7np0
MOC-R4PCC04U05:750849:750849 [2] NCCL INFO NCCL_SOCKET_IFNAME set to eno7np0
MOC-R4PCC04U05:750850:750850 [3] NCCL INFO NCCL_SOCKET_IFNAME set to eno7np0
MOC-R4PCC04U05:750848:750848 [1] NCCL INFO NCCL version 2.26.2+cuda12.2
MOC-R4PCC04U05:750849:750849 [2] NCCL INFO NCCL version 2.26.2+cuda12.2
MOC-R4PCC04U05:750850:750850 [3] NCCL INFO NCCL version 2.26.2+cuda12.2
MOC-R4PCC04U05:750847:750972 [0] NCCL INFO NET/Plugin: Could not find: libnccl-net.so. Using internal net plugin.
MOC-R4PCC04U05:750847:750972 [0] NCCL INFO NET/Socket : Using [0]eno7np0:192.168.50.193<0>
MOC-R4PCC04U05:750849:750973 [2] NCCL INFO NET/Plugin: Could not find: libnccl-net.so. Using internal net plugin.
MOC-R4PCC04U05:750849:750973 [2] NCCL INFO NET/Socket : Using [0]eno7np0:192.168.50.193<0>
MOC-R4PCC04U05:750850:750974 [3] NCCL INFO NET/Plugin: Could not find: libnccl-net.so. Using internal net plugin.
MOC-R4PCC04U05:750850:750974 [3] NCCL INFO NET/Socket : Using [0]eno7np0:192.168.50.193<0>
MOC-R4PCC04U05:750848:750975 [1] NCCL INFO NET/Plugin: Could not find: libnccl-net.so. Using internal net plugin.
MOC-R4PCC04U05:750848:750975 [1] NCCL INFO NET/Socket : Using [0]eno7np0:192.168.50.193<0>
MOC-R4PCC04U05:750848:750975 [1] NCCL INFO NET/Socket : GPU Direct RDMA Disabled for HCA 0 'eno7np0'
MOC-R4PCC04U05:750847:750972 [0] NCCL INFO NET/Socket : GPU Direct RDMA Disabled for HCA 0 'eno7np0'
MOC-R4PCC04U05:750850:750974 [3] NCCL INFO NET/Socket : GPU Direct RDMA Disabled for HCA 0 'eno7np0'
MOC-R4PCC04U05:750849:750973 [2] NCCL INFO NET/Socket : GPU Direct RDMA Disabled for HCA 0 'eno7np0'
MOC-R4PCC04U05:750847:750986 [0] NCCL INFO New proxy send connection 0 from local rank 0, transport 0
MOC-R4PCC04U05:750847:750992 [0] NCCL INFO Connected to proxy localRank 0 -> connection 0x7f7eb4004f30
MOC-R4PCC04U05:750849:750985 [2] NCCL INFO New proxy recv connection 0 from local rank 2, transport 0
MOC-R4PCC04U05:750849:750994 [2] NCCL INFO Connected to proxy localRank 2 -> connection 0x7f34ec004f30
MOC-R4PCC04U05:750850:750984 [3] NCCL INFO New proxy recv connection 0 from local rank 3, transport 0
MOC-R4PCC04U05:750850:750993 [3] NCCL INFO Connected to proxy localRank 3 -> connection 0x7f2b68004f30
MOC-R4PCC04U05:750848:750990 [1] NCCL INFO New proxy recv connection 0 from local rank 1, transport 0
MOC-R4PCC04U05:750848:750995 [1] NCCL INFO Connected to proxy localRank 1 -> connection 0x7f5a38004f30
MOC-R4PCC04U05:750847:750986 [0] NCCL INFO New proxy send connection 1 from local rank 0, transport 0
MOC-R4PCC04U05:750847:750992 [0] NCCL INFO Connected to proxy localRank 0 -> connection 0x7f7eb4004fa8
MOC-R4PCC04U05:750849:750985 [2] NCCL INFO New proxy recv connection 1 from local rank 2, transport 0
MOC-R4PCC04U05:750849:750994 [2] NCCL INFO Connected to proxy localRank 2 -> connection 0x7f34ec004fa8
MOC-R4PCC04U05:750850:750984 [3] NCCL INFO New proxy recv connection 1 from local rank 3, transport 0
MOC-R4PCC04U05:750850:750993 [3] NCCL INFO Connected to proxy localRank 3 -> connection 0x7f2b68004fa8
MOC-R4PCC04U05:750848:750990 [1] NCCL INFO New proxy recv connection 1 from local rank 1, transport 0
MOC-R4PCC04U05:750848:750995 [1] NCCL INFO Connected to proxy localRank 1 -> connection 0x7f5a38004fa8
MOC-R4PCC04U05:750847:750986 [0] NCCL INFO New proxy send connection 2 from local rank 0, transport 0
MOC-R4PCC04U05:750847:750992 [0] NCCL INFO Connected to proxy localRank 0 -> connection 0x7f7eb4005020
MOC-R4PCC04U05:750847:750986 [0] NCCL INFO New proxy send connection 3 from local rank 0, transport 0
MOC-R4PCC04U05:750847:750992 [0] NCCL INFO Connected to proxy localRank 0 -> connection 0x7f7eb4005098
MOC-R4PCC04U05:750850:750984 [3] NCCL INFO New proxy send connection 2 from local rank 3, transport 2
MOC-R4PCC04U05:750850:750993 [3] NCCL INFO Connected to proxy localRank 3 -> connection 0x7f2b68005020
MOC-R4PCC04U05:750850:750993 [3] NCCL INFO Channel 00/0 : 3[3] -> 6[2] [send] via NET/Socket/0
MOC-R4PCC04U05:750850:750984 [3] NCCL INFO New proxy send connection 3 from local rank 3, transport 2
MOC-R4PCC04U05:750850:750993 [3] NCCL INFO Connected to proxy localRank 3 -> connection 0x7f2b68005098
MOC-R4PCC04U05:750850:750993 [3] NCCL INFO Channel 02/0 : 3[3] -> 6[2] [send] via NET/Socket/0
MOC-R4PCC04U05:750847:750986 [0] NCCL INFO New proxy recv connection 4 from local rank 0, transport 0
MOC-R4PCC04U05:750847:750992 [0] NCCL INFO Connected to proxy localRank 0 -> connection 0x7f7eb4005110
MOC-R4PCC04U05:750847:750986 [0] NCCL INFO New proxy recv connection 5 from local rank 0, transport 0
MOC-R4PCC04U05:750847:750992 [0] NCCL INFO Connected to proxy localRank 0 -> connection 0x7f7eb4005188
MOC-R4PCC04U05:750847:750986 [0] NCCL INFO New proxy recv connection 6 from local rank 0, transport 0
MOC-R4PCC04U05:750847:750992 [0] NCCL INFO Connected to proxy localRank 0 -> connection 0x7f7eb4005200
MOC-R4PCC04U05:750847:750986 [0] NCCL INFO New proxy recv connection 7 from local rank 0, transport 0
MOC-R4PCC04U05:750847:750992 [0] NCCL INFO Connected to proxy localRank 0 -> connection 0x7f7eb4005278
MOC-R4PCC04U05:750849:750985 [2] NCCL INFO New proxy recv connection 2 from local rank 2, transport 2
MOC-R4PCC04U05:750849:750994 [2] NCCL INFO Connected to proxy localRank 2 -> connection 0x7f34ec005020
MOC-R4PCC04U05:750849:750994 [2] NCCL INFO Channel 00/0 : 15[3] -> 2[2] [receive] via NET/Socket/0
MOC-R4PCC04U05:750849:750985 [2] NCCL INFO New proxy recv connection 3 from local rank 2, transport 2
MOC-R4PCC04U05:750849:750994 [2] NCCL INFO Connected to proxy localRank 2 -> connection 0x7f34ec005098
MOC-R4PCC04U05:750849:750994 [2] NCCL INFO Channel 02/0 : 15[3] -> 2[2] [receive] via NET/Socket/0
MOC-R4PCC04U05:750850:750984 [3] NCCL INFO New proxy recv connection 4 from local rank 3, transport 2
MOC-R4PCC04U05:750850:750993 [3] NCCL INFO Connected to proxy localRank 3 -> connection 0x7f2b68005110
MOC-R4PCC04U05:750849:750985 [2] NCCL INFO New proxy send connection 4 from local rank 2, transport 2
MOC-R4PCC04U05:750849:750994 [2] NCCL INFO Connected to proxy localRank 2 -> connection 0x7f34ec005110
MOC-R4PCC04U05:750850:750993 [3] NCCL INFO Channel 01/0 : 14[2] -> 3[3] [receive] via NET/Socket/0
MOC-R4PCC04U05:750850:750984 [3] NCCL INFO New proxy recv connection 5 from local rank 3, transport 2
MOC-R4PCC04U05:750850:750993 [3] NCCL INFO Connected to proxy localRank 3 -> connection 0x7f2b68005188
MOC-R4PCC04U05:750849:750994 [2] NCCL INFO Channel 01/0 : 2[2] -> 7[3] [send] via NET/Socket/0
MOC-R4PCC04U05:750849:750985 [2] NCCL INFO New proxy send connection 5 from local rank 2, transport 2
MOC-R4PCC04U05:750849:750994 [2] NCCL INFO Connected to proxy localRank 2 -> connection 0x7f34ec005188
MOC-R4PCC04U05:750850:750993 [3] NCCL INFO Channel 03/0 : 14[2] -> 3[3] [receive] via NET/Socket/0
MOC-R4PCC04U05:750849:750994 [2] NCCL INFO Channel 03/0 : 2[2] -> 7[3] [send] via NET/Socket/0
MOC-R4PCC04U05:750849:750985 [2] NCCL INFO New proxy send connection 6 from local rank 2, transport 0
MOC-R4PCC04U05:750849:750994 [2] NCCL INFO Connected to proxy localRank 2 -> connection 0x7f34ec005200
MOC-R4PCC04U05:750849:750985 [2] NCCL INFO New proxy send connection 7 from local rank 2, transport 0
MOC-R4PCC04U05:750849:750994 [2] NCCL INFO Connected to proxy localRank 2 -> connection 0x7f34ec005278
MOC-R4PCC04U05:750850:750984 [3] NCCL INFO New proxy send connection 6 from local rank 3, transport 0
MOC-R4PCC04U05:750850:750993 [3] NCCL INFO Connected to proxy localRank 3 -> connection 0x7f2b68005200
MOC-R4PCC04U05:750850:750984 [3] NCCL INFO New proxy send connection 7 from local rank 3, transport 0
MOC-R4PCC04U05:750850:750993 [3] NCCL INFO Connected to proxy localRank 3 -> connection 0x7f2b68005278
MOC-R4PCC04U05:750848:750990 [1] NCCL INFO New proxy recv connection 2 from local rank 1, transport 0
MOC-R4PCC04U05:750847:750986 [0] NCCL INFO New proxy send connection 8 from local rank 3, transport 0
MOC-R4PCC04U05:750848:750995 [1] NCCL INFO Connected to proxy localRank 1 -> connection 0x7f5a38005020
MOC-R4PCC04U05:750850:750993 [3] NCCL INFO Connected to proxy localRank 0 -> connection 0x7f7eb40052f0
MOC-R4PCC04U05:750848:750990 [1] NCCL INFO New proxy recv connection 3 from local rank 1, transport 0
MOC-R4PCC04U05:750848:750995 [1] NCCL INFO Connected to proxy localRank 1 -> connection 0x7f5a38005098
MOC-R4PCC04U05:750848:750990 [1] NCCL INFO New proxy send connection 4 from local rank 1, transport 0
MOC-R4PCC04U05:750848:750995 [1] NCCL INFO Connected to proxy localRank 1 -> connection 0x7f5a38005110
MOC-R4PCC04U05:750848:750990 [1] NCCL INFO New proxy send connection 5 from local rank 1, transport 0
MOC-R4PCC04U05:750848:750995 [1] NCCL INFO Connected to proxy localRank 1 -> connection 0x7f5a38005188
MOC-R4PCC04U05:750848:750990 [1] NCCL INFO New proxy send connection 6 from local rank 1, transport 0
MOC-R4PCC04U05:750848:750995 [1] NCCL INFO Connected to proxy localRank 1 -> connection 0x7f5a38005200
MOC-R4PCC04U05:750848:750990 [1] NCCL INFO New proxy send connection 7 from local rank 1, transport 0
MOC-R4PCC04U05:750848:750995 [1] NCCL INFO Connected to proxy localRank 1 -> connection 0x7f5a38005278
MOC-R4PCC04U05:750847:750986 [0] NCCL INFO New proxy send connection 9 from local rank 2, transport 0
MOC-R4PCC04U05:750849:750985 [2] NCCL INFO New proxy send connection 8 from local rank 0, transport 0
MOC-R4PCC04U05:750849:750994 [2] NCCL INFO Connected to proxy localRank 0 -> connection 0x7f7eb4005368
MOC-R4PCC04U05:750847:750992 [0] NCCL INFO Connected to proxy localRank 2 -> connection 0x7f34ec0052f0
MOC-R4PCC04U05:750848:750990 [1] NCCL INFO New proxy send connection 8 from local rank 3, transport 0
MOC-R4PCC04U05:750850:750993 [3] NCCL INFO Connected to proxy localRank 1 -> connection 0x7f5a380052f0
MOC-R4PCC04U05:750850:750984 [3] NCCL INFO New proxy send connection 8 from local rank 1, transport 0
MOC-R4PCC04U05:750848:750995 [1] NCCL INFO Connected to proxy localRank 3 -> connection 0x7f2b680052f0
MOC-R4PCC04U05:750850:750984 [3] NCCL INFO New proxy send connection 9 from local rank 0, transport 0
MOC-R4PCC04U05:750847:750992 [0] NCCL INFO Connected to proxy localRank 3 -> connection 0x7f2b68005368
MOC-R4PCC04U05:750848:750990 [1] NCCL INFO New proxy send connection 9 from local rank 2, transport 0
MOC-R4PCC04U05:750849:750994 [2] NCCL INFO Connected to proxy localRank 1 -> connection 0x7f5a38005368
MOC-R4PCC04U05:750847:750986 [0] NCCL INFO New proxy send connection 10 from local rank 1, transport 0
MOC-R4PCC04U05:750848:750995 [1] NCCL INFO Connected to proxy localRank 0 -> connection 0x7f7eb40053e0
MOC-R4PCC04U05:750848:750990 [1] NCCL INFO New proxy send connection 10 from local rank 0, transport 0
MOC-R4PCC04U05:750847:750992 [0] NCCL INFO Connected to proxy localRank 1 -> connection 0x7f5a380053e0
MOC-R4PCC04U05:750849:750985 [2] NCCL INFO New proxy send connection 9 from local rank 1, transport 0
MOC-R4PCC04U05:750848:750995 [1] NCCL INFO Connected to proxy localRank 2 -> connection 0x7f34ec005368
num decayed parameter tensors: 50, with 124,318,464 parameters
num non-decayed parameter tensors: 98, with 121,344 parameters
using fused AdamW: False
using regular AdamW
MOC-R4PCC04U05:750850:750984 [3] NCCL INFO New proxy recv connection 10 from local rank 3, transport 0
MOC-R4PCC04U05:750850:751696 [3] NCCL INFO Connected to proxy localRank 3 -> connection 0x7f2b680053e0
MOC-R4PCC04U05:750850:750984 [3] NCCL INFO New proxy recv connection 11 from local rank 3, transport 0
MOC-R4PCC04U05:750850:751696 [3] NCCL INFO Connected to proxy localRank 3 -> connection 0x7f2b68005458
MOC-R4PCC04U05:750849:750985 [2] NCCL INFO New proxy recv connection 10 from local rank 2, transport 0
MOC-R4PCC04U05:750849:751697 [2] NCCL INFO Connected to proxy localRank 2 -> connection 0x7f34ec0053e0
MOC-R4PCC04U05:750849:750985 [2] NCCL INFO New proxy recv connection 11 from local rank 2, transport 0
MOC-R4PCC04U05:750849:751697 [2] NCCL INFO Connected to proxy localRank 2 -> connection 0x7f34ec005458
MOC-R4PCC04U05:750849:750985 [2] NCCL INFO New proxy recv connection 12 from local rank 2, transport 0
MOC-R4PCC04U05:750849:751697 [2] NCCL INFO Connected to proxy localRank 2 -> connection 0x7f34ec0054d0
MOC-R4PCC04U05:750849:750985 [2] NCCL INFO New proxy recv connection 13 from local rank 2, transport 0
MOC-R4PCC04U05:750849:751697 [2] NCCL INFO Connected to proxy localRank 2 -> connection 0x7f34ec005548
MOC-R4PCC04U05:750848:750990 [1] NCCL INFO New proxy recv connection 11 from local rank 1, transport 0
MOC-R4PCC04U05:750848:751698 [1] NCCL INFO Connected to proxy localRank 1 -> connection 0x7f5a38005458
MOC-R4PCC04U05:750848:750990 [1] NCCL INFO New proxy recv connection 12 from local rank 1, transport 0
MOC-R4PCC04U05:750848:751698 [1] NCCL INFO Connected to proxy localRank 1 -> connection 0x7f5a380054d0
MOC-R4PCC04U05:750848:750990 [1] NCCL INFO New proxy recv connection 13 from local rank 1, transport 0
MOC-R4PCC04U05:750848:751698 [1] NCCL INFO Connected to proxy localRank 1 -> connection 0x7f5a38005548
MOC-R4PCC04U05:750848:750990 [1] NCCL INFO New proxy recv connection 14 from local rank 1, transport 0
MOC-R4PCC04U05:750848:751698 [1] NCCL INFO Connected to proxy localRank 1 -> connection 0x7f5a380055c0
MOC-R4PCC04U05:750848:750990 [1] NCCL INFO New proxy send connection 15 from local rank 1, transport 0
MOC-R4PCC04U05:750848:751698 [1] NCCL INFO Connected to proxy localRank 1 -> connection 0x7f5a38005638
MOC-R4PCC04U05:750848:750990 [1] NCCL INFO New proxy send connection 16 from local rank 1, transport 0
MOC-R4PCC04U05:750848:751698 [1] NCCL INFO Connected to proxy localRank 1 -> connection 0x7f5a380056b0
MOC-R4PCC04U05:750848:750990 [1] NCCL INFO New proxy send connection 17 from local rank 1, transport 0
MOC-R4PCC04U05:750848:751698 [1] NCCL INFO Connected to proxy localRank 1 -> connection 0x7f5a38005728
MOC-R4PCC04U05:750848:750990 [1] NCCL INFO New proxy send connection 18 from local rank 1, transport 0
MOC-R4PCC04U05:750848:751698 [1] NCCL INFO Connected to proxy localRank 1 -> connection 0x7f5a380057a0
MOC-R4PCC04U05:750849:750985 [2] NCCL INFO New proxy send connection 14 from local rank 2, transport 0
MOC-R4PCC04U05:750849:751697 [2] NCCL INFO Connected to proxy localRank 2 -> connection 0x7f34ec0055c0
MOC-R4PCC04U05:750849:750985 [2] NCCL INFO New proxy send connection 15 from local rank 2, transport 0
MOC-R4PCC04U05:750849:751697 [2] NCCL INFO Connected to proxy localRank 2 -> connection 0x7f34ec005638
MOC-R4PCC04U05:750847:750986 [0] NCCL INFO New proxy send connection 11 from local rank 0, transport 0
MOC-R4PCC04U05:750847:751699 [0] NCCL INFO Connected to proxy localRank 0 -> connection 0x7f7eb4005458
MOC-R4PCC04U05:750847:750986 [0] NCCL INFO New proxy send connection 12 from local rank 0, transport 0
MOC-R4PCC04U05:750847:751699 [0] NCCL INFO Connected to proxy localRank 0 -> connection 0x7f7eb40054d0
MOC-R4PCC04U05:750847:750986 [0] NCCL INFO New proxy send connection 13 from local rank 0, transport 0
MOC-R4PCC04U05:750847:751699 [0] NCCL INFO Connected to proxy localRank 0 -> connection 0x7f7eb4005548
MOC-R4PCC04U05:750847:750986 [0] NCCL INFO New proxy send connection 14 from local rank 0, transport 0
MOC-R4PCC04U05:750847:751699 [0] NCCL INFO Connected to proxy localRank 0 -> connection 0x7f7eb40055c0
MOC-R4PCC04U05:750847:750986 [0] NCCL INFO New proxy send connection 15 from local rank 0, transport 0
MOC-R4PCC04U05:750847:751699 [0] NCCL INFO Connected to proxy localRank 0 -> connection 0x7f7eb4005638
MOC-R4PCC04U05:750848:750990 [1] NCCL INFO New proxy recv connection 19 from local rank 1, transport 0
MOC-R4PCC04U05:750848:751698 [1] NCCL INFO Connected to proxy localRank 1 -> connection 0x7f5a38005818
MOC-R4PCC04U05:750847:750986 [0] NCCL INFO New proxy send connection 16 from local rank 0, transport 0
MOC-R4PCC04U05:750847:751699 [0] NCCL INFO Connected to proxy localRank 0 -> connection 0x7f7eb40056b0
MOC-R4PCC04U05:750847:750986 [0] NCCL INFO New proxy recv connection 17 from local rank 0, transport 0
MOC-R4PCC04U05:750848:750990 [1] NCCL INFO New proxy recv connection 20 from local rank 1, transport 0
MOC-R4PCC04U05:750847:751699 [0] NCCL INFO Connected to proxy localRank 0 -> connection 0x7f7eb4005728
MOC-R4PCC04U05:750848:751698 [1] NCCL INFO Connected to proxy localRank 1 -> connection 0x7f5a38005890
MOC-R4PCC04U05:750850:750984 [3] NCCL INFO New proxy send connection 12 from local rank 3, transport 2
MOC-R4PCC04U05:750850:751696 [3] NCCL INFO Connected to proxy localRank 3 -> connection 0x7f2b680054d0
MOC-R4PCC04U05:750847:750986 [0] NCCL INFO New proxy recv connection 18 from local rank 0, transport 0
MOC-R4PCC04U05:750847:751699 [0] NCCL INFO Connected to proxy localRank 0 -> connection 0x7f7eb40057a0
MOC-R4PCC04U05:750847:750986 [0] NCCL INFO New proxy recv connection 19 from local rank 0, transport 0
MOC-R4PCC04U05:750847:751699 [0] NCCL INFO Connected to proxy localRank 0 -> connection 0x7f7eb4005818
MOC-R4PCC04U05:750847:750986 [0] NCCL INFO New proxy recv connection 20 from local rank 0, transport 0
MOC-R4PCC04U05:750847:751699 [0] NCCL INFO Connected to proxy localRank 0 -> connection 0x7f7eb4005890
MOC-R4PCC04U05:750850:751696 [3] NCCL INFO Channel 02/0 : 3[3] -> 7[3] [send] via NET/Socket/0
MOC-R4PCC04U05:750850:750984 [3] NCCL INFO New proxy send connection 13 from local rank 3, transport 2
MOC-R4PCC04U05:750850:751696 [3] NCCL INFO Connected to proxy localRank 3 -> connection 0x7f2b68005548
MOC-R4PCC04U05:750850:751696 [3] NCCL INFO Channel 03/0 : 3[3] -> 7[3] [send] via NET/Socket/0
MOC-R4PCC04U05:750850:750984 [3] NCCL INFO New proxy recv connection 14 from local rank 3, transport 2
MOC-R4PCC04U05:750850:751696 [3] NCCL INFO Connected to proxy localRank 3 -> connection 0x7f2b680055c0
MOC-R4PCC04U05:750850:751696 [3] NCCL INFO Channel 00/0 : 11[3] -> 3[3] [receive] via NET/Socket/0
MOC-R4PCC04U05:750850:750984 [3] NCCL INFO New proxy recv connection 15 from local rank 3, transport 2
MOC-R4PCC04U05:750850:751696 [3] NCCL INFO Connected to proxy localRank 3 -> connection 0x7f2b68005638
MOC-R4PCC04U05:750850:751696 [3] NCCL INFO Channel 01/0 : 11[3] -> 3[3] [receive] via NET/Socket/0
MOC-R4PCC04U05:750850:750984 [3] NCCL INFO New proxy send connection 16 from local rank 3, transport 2
MOC-R4PCC04U05:750850:751696 [3] NCCL INFO Connected to proxy localRank 3 -> connection 0x7f2b680056b0
MOC-R4PCC04U05:750850:751696 [3] NCCL INFO Channel 00/0 : 3[3] -> 11[3] [send] via NET/Socket/0
MOC-R4PCC04U05:750850:750984 [3] NCCL INFO New proxy send connection 17 from local rank 3, transport 2
MOC-R4PCC04U05:750850:751696 [3] NCCL INFO Connected to proxy localRank 3 -> connection 0x7f2b68005728
MOC-R4PCC04U05:750850:751696 [3] NCCL INFO Channel 01/0 : 3[3] -> 11[3] [send] via NET/Socket/0
MOC-R4PCC04U05:750850:750984 [3] NCCL INFO New proxy recv connection 18 from local rank 3, transport 2
MOC-R4PCC04U05:750850:751696 [3] NCCL INFO Connected to proxy localRank 3 -> connection 0x7f2b680057a0
MOC-R4PCC04U05:750850:751696 [3] NCCL INFO Channel 02/0 : 7[3] -> 3[3] [receive] via NET/Socket/0
MOC-R4PCC04U05:750850:750984 [3] NCCL INFO New proxy recv connection 19 from local rank 3, transport 2
MOC-R4PCC04U05:750850:751696 [3] NCCL INFO Connected to proxy localRank 3 -> connection 0x7f2b68005818
MOC-R4PCC04U05:750850:751696 [3] NCCL INFO Channel 03/0 : 7[3] -> 3[3] [receive] via NET/Socket/0
MOC-R4PCC04U05:750850:750984 [3] NCCL INFO New proxy send connection 20 from local rank 3, transport 0
MOC-R4PCC04U05:750850:751696 [3] NCCL INFO Connected to proxy localRank 3 -> connection 0x7f2b68005890
MOC-R4PCC04U05:750850:750984 [3] NCCL INFO New proxy send connection 21 from local rank 3, transport 0
MOC-R4PCC04U05:750850:751696 [3] NCCL INFO Connected to proxy localRank 3 -> connection 0x7f2b68005908
MOC-R4PCC04U05:750850:750984 [3] NCCL INFO New proxy send connection 22 from local rank 3, transport 0
MOC-R4PCC04U05:750850:751696 [3] NCCL INFO Connected to proxy localRank 3 -> connection 0x7f2b68005980
MOC-R4PCC04U05:750850:750984 [3] NCCL INFO New proxy send connection 23 from local rank 3, transport 0
MOC-R4PCC04U05:750850:751696 [3] NCCL INFO Connected to proxy localRank 3 -> connection 0x7f2b680059f8
step    1/10 | train loss 11.010115 | norm 15.2906 | lr 1.00e-04 | (14909.85 ms | 246147 tok/s)
step    2/10 | train loss 10.140852 | norm 5.7211 | lr 1.00e-04 | (704.31 ms | 5210799 tok/s)
step    3/10 | train loss 9.801555 | norm 2.5941 | lr 1.00e-04 | (694.39 ms | 5285213 tok/s)
step    4/10 | train loss 9.632924 | norm 2.0997 | lr 1.00e-04 | (692.51 ms | 5299557 tok/s)
step    5/10 | train loss 9.550364 | norm 2.0944 | lr 1.00e-04 | (693.42 ms | 5292664 tok/s)
step    6/10 | train loss 9.469852 | norm 1.9874 | lr 1.00e-04 | (701.00 ms | 5235431 tok/s)
step    7/10 | train loss 9.385089 | norm 1.9374 | lr 1.00e-04 | (694.53 ms | 5284137 tok/s)
step    8/10 | train loss 9.294361 | norm 1.9058 | lr 1.00e-04 | (696.98 ms | 5265604 tok/s)
step    9/10 | train loss 9.199845 | norm 1.8538 | lr 1.00e-04 | (700.46 ms | 5239419 tok/s)
step   10/10 | train loss 9.114297 | norm 1.7841 | lr 1.00e-04 | (699.58 ms | 5245994 tok/s)
final 9 iters avg: 697.465ms
peak memory consumption: 16601 MiB
