Running pytorch 2.7.0+cu126
using device: cuda:0
total desired batch size: 3670016
=> calculated gradient accumulation steps: 7
using device: cuda:3
using device: cuda:1
using device: cuda:2
compiling the model...
DataLoader: total number of tokens: 1,661,249,667 across 103 files
MOC-R4PCC04U05:697037:697037 [0] NCCL INFO NCCL_SOCKET_IFNAME set to eno7np0
MOC-R4PCC04U05:697037:697037 [0] NCCL INFO NCCL version 2.26.2+cuda12.2
MOC-R4PCC04U05:697037:697141 [0] NCCL INFO NET/Plugin: Could not find: libnccl-net.so. Using internal net plugin.
MOC-R4PCC04U05:697037:697141 [0] NCCL INFO NCCL_IB_HCA set to mlx5_5
MOC-R4PCC04U05:697037:697141 [0] NCCL INFO NET/IB : Made virtual device [0] name=mlx5_5 speed=400000 ndevs=1
MOC-R4PCC04U05:697037:697141 [0] NCCL INFO NET/IB : Using [0]mlx5_5:1/RoCE [RO]; OOB eno7np0:192.168.50.193<0>
MOC-R4PCC04U05:697038:697038 [1] NCCL INFO NCCL_SOCKET_IFNAME set to eno7np0
MOC-R4PCC04U05:697038:697038 [1] NCCL INFO NCCL version 2.26.2+cuda12.2
MOC-R4PCC04U05:697040:697040 [3] NCCL INFO NCCL_SOCKET_IFNAME set to eno7np0
MOC-R4PCC04U05:697039:697039 [2] NCCL INFO NCCL_SOCKET_IFNAME set to eno7np0
MOC-R4PCC04U05:697039:697039 [2] NCCL INFO NCCL version 2.26.2+cuda12.2
MOC-R4PCC04U05:697040:697040 [3] NCCL INFO NCCL version 2.26.2+cuda12.2
MOC-R4PCC04U05:697038:697164 [1] NCCL INFO NET/Plugin: Could not find: libnccl-net.so. Using internal net plugin.
MOC-R4PCC04U05:697038:697164 [1] NCCL INFO NCCL_IB_HCA set to mlx5_5
MOC-R4PCC04U05:697039:697165 [2] NCCL INFO NET/Plugin: Could not find: libnccl-net.so. Using internal net plugin.
MOC-R4PCC04U05:697039:697165 [2] NCCL INFO NCCL_IB_HCA set to mlx5_5
MOC-R4PCC04U05:697040:697166 [3] NCCL INFO NET/Plugin: Could not find: libnccl-net.so. Using internal net plugin.
MOC-R4PCC04U05:697040:697166 [3] NCCL INFO NCCL_IB_HCA set to mlx5_5
MOC-R4PCC04U05:697038:697164 [1] NCCL INFO NET/IB : Made virtual device [0] name=mlx5_5 speed=400000 ndevs=1
MOC-R4PCC04U05:697038:697164 [1] NCCL INFO NET/IB : Using [0]mlx5_5:1/RoCE [RO]; OOB eno7np0:192.168.50.193<0>
MOC-R4PCC04U05:697040:697166 [3] NCCL INFO NET/IB : Made virtual device [0] name=mlx5_5 speed=400000 ndevs=1
MOC-R4PCC04U05:697040:697166 [3] NCCL INFO NET/IB : Using [0]mlx5_5:1/RoCE [RO]; OOB eno7np0:192.168.50.193<0>
MOC-R4PCC04U05:697039:697165 [2] NCCL INFO NET/IB : Made virtual device [0] name=mlx5_5 speed=400000 ndevs=1
MOC-R4PCC04U05:697039:697165 [2] NCCL INFO NET/IB : Using [0]mlx5_5:1/RoCE [RO]; OOB eno7np0:192.168.50.193<0>
MOC-R4PCC04U05:697039:697165 [2] NCCL INFO NET/IB : GPU Direct RDMA Enabled for HCA 0 'mlx5_5'
MOC-R4PCC04U05:697039:697165 [2] NCCL INFO NET/IB : Made virtual device [1] name=mlx5_5 speed=400000 ndevs=1
MOC-R4PCC04U05:697039:697165 [2] NCCL INFO NET/IB : GPU Direct RDMA Enabled for HCA 0 'mlx5_5'
MOC-R4PCC04U05:697039:697165 [2] NCCL INFO NET/IB : GPU Direct RDMA Enabled for HCA 1 'mlx5_5'
MOC-R4PCC04U05:697037:697141 [0] NCCL INFO NET/IB : GPU Direct RDMA Enabled for HCA 0 'mlx5_5'
MOC-R4PCC04U05:697037:697141 [0] NCCL INFO NET/IB : Made virtual device [1] name=mlx5_5 speed=400000 ndevs=1
MOC-R4PCC04U05:697037:697141 [0] NCCL INFO NET/IB : GPU Direct RDMA Enabled for HCA 0 'mlx5_5'
MOC-R4PCC04U05:697037:697141 [0] NCCL INFO NET/IB : GPU Direct RDMA Enabled for HCA 1 'mlx5_5'
MOC-R4PCC04U05:697040:697166 [3] NCCL INFO NET/IB : GPU Direct RDMA Enabled for HCA 0 'mlx5_5'
MOC-R4PCC04U05:697040:697166 [3] NCCL INFO NET/IB : Made virtual device [1] name=mlx5_5 speed=400000 ndevs=1
MOC-R4PCC04U05:697040:697166 [3] NCCL INFO NET/IB : GPU Direct RDMA Enabled for HCA 0 'mlx5_5'
MOC-R4PCC04U05:697040:697166 [3] NCCL INFO NET/IB : GPU Direct RDMA Enabled for HCA 1 'mlx5_5'
MOC-R4PCC04U05:697038:697164 [1] NCCL INFO NET/IB : GPU Direct RDMA Enabled for HCA 0 'mlx5_5'
MOC-R4PCC04U05:697038:697164 [1] NCCL INFO NET/IB : Made virtual device [1] name=mlx5_5 speed=400000 ndevs=1
MOC-R4PCC04U05:697038:697164 [1] NCCL INFO NET/IB : GPU Direct RDMA Enabled for HCA 0 'mlx5_5'
MOC-R4PCC04U05:697038:697164 [1] NCCL INFO NET/IB : GPU Direct RDMA Enabled for HCA 1 'mlx5_5'
MOC-R4PCC04U05:697038:697164 [1] NCCL INFO NCCL_NET_GDR_LEVEL set by environment to LOC
MOC-R4PCC04U05:697038:697164 [1] NCCL INFO GPU Direct RDMA Disabled for GPU 0 / HCA 1 (distance 5 > 0)
MOC-R4PCC04U05:697038:697164 [1] NCCL INFO GPU Direct RDMA Disabled for GPU 1 / HCA 1 (distance 5 > 0)
MOC-R4PCC04U05:697038:697164 [1] NCCL INFO GPU Direct RDMA Disabled for GPU 2 / HCA 1 (distance 5 > 0)
MOC-R4PCC04U05:697038:697164 [1] NCCL INFO GPU Direct RDMA Disabled for GPU 0 / HCA 1 (distance 5 > 0)
MOC-R4PCC04U05:697038:697164 [1] NCCL INFO GPU Direct RDMA Disabled for GPU 1 / HCA 1 (distance 5 > 0)
MOC-R4PCC04U05:697038:697164 [1] NCCL INFO GPU Direct RDMA Disabled for GPU 2 / HCA 1 (distance 5 > 0)
MOC-R4PCC04U05:697037:697141 [0] NCCL INFO NCCL_NET_GDR_LEVEL set by environment to LOC
MOC-R4PCC04U05:697037:697141 [0] NCCL INFO GPU Direct RDMA Disabled for GPU 0 / HCA 1 (distance 5 > 0)
MOC-R4PCC04U05:697037:697141 [0] NCCL INFO GPU Direct RDMA Disabled for GPU 1 / HCA 1 (distance 5 > 0)
MOC-R4PCC04U05:697037:697141 [0] NCCL INFO GPU Direct RDMA Disabled for GPU 2 / HCA 1 (distance 5 > 0)
MOC-R4PCC04U05:697037:697141 [0] NCCL INFO GPU Direct RDMA Disabled for GPU 0 / HCA 1 (distance 5 > 0)
MOC-R4PCC04U05:697037:697141 [0] NCCL INFO GPU Direct RDMA Disabled for GPU 1 / HCA 1 (distance 5 > 0)
MOC-R4PCC04U05:697037:697141 [0] NCCL INFO GPU Direct RDMA Disabled for GPU 2 / HCA 1 (distance 5 > 0)
MOC-R4PCC04U05:697039:697165 [2] NCCL INFO NCCL_NET_GDR_LEVEL set by environment to LOC
MOC-R4PCC04U05:697039:697165 [2] NCCL INFO GPU Direct RDMA Disabled for GPU 0 / HCA 1 (distance 5 > 0)
MOC-R4PCC04U05:697039:697165 [2] NCCL INFO GPU Direct RDMA Disabled for GPU 1 / HCA 1 (distance 5 > 0)
MOC-R4PCC04U05:697039:697165 [2] NCCL INFO GPU Direct RDMA Disabled for GPU 2 / HCA 1 (distance 5 > 0)
MOC-R4PCC04U05:697039:697165 [2] NCCL INFO GPU Direct RDMA Disabled for GPU 0 / HCA 1 (distance 5 > 0)
MOC-R4PCC04U05:697039:697165 [2] NCCL INFO GPU Direct RDMA Disabled for GPU 1 / HCA 1 (distance 5 > 0)
MOC-R4PCC04U05:697039:697165 [2] NCCL INFO GPU Direct RDMA Disabled for GPU 2 / HCA 1 (distance 5 > 0)
MOC-R4PCC04U05:697040:697166 [3] NCCL INFO NCCL_NET_GDR_LEVEL set by environment to LOC
MOC-R4PCC04U05:697040:697166 [3] NCCL INFO GPU Direct RDMA Disabled for GPU 0 / HCA 1 (distance 5 > 0)
MOC-R4PCC04U05:697040:697166 [3] NCCL INFO GPU Direct RDMA Disabled for GPU 1 / HCA 1 (distance 5 > 0)
MOC-R4PCC04U05:697040:697166 [3] NCCL INFO GPU Direct RDMA Disabled for GPU 2 / HCA 1 (distance 5 > 0)
MOC-R4PCC04U05:697040:697166 [3] NCCL INFO GPU Direct RDMA Disabled for GPU 0 / HCA 1 (distance 5 > 0)
MOC-R4PCC04U05:697040:697166 [3] NCCL INFO GPU Direct RDMA Disabled for GPU 1 / HCA 1 (distance 5 > 0)
MOC-R4PCC04U05:697040:697166 [3] NCCL INFO GPU Direct RDMA Disabled for GPU 2 / HCA 1 (distance 5 > 0)
MOC-R4PCC04U05:697039:697178 [2] NCCL INFO New proxy recv connection 0 from local rank 2, transport 0
MOC-R4PCC04U05:697038:697180 [1] NCCL INFO New proxy recv connection 0 from local rank 1, transport 0
MOC-R4PCC04U05:697039:697186 [2] NCCL INFO Connected to proxy localRank 2 -> connection 0x7f5430004f30
MOC-R4PCC04U05:697038:697187 [1] NCCL INFO Connected to proxy localRank 1 -> connection 0x7f2988004f30
MOC-R4PCC04U05:697039:697178 [2] NCCL INFO New proxy recv connection 1 from local rank 2, transport 0
MOC-R4PCC04U05:697039:697186 [2] NCCL INFO Connected to proxy localRank 2 -> connection 0x7f5430004fa8
MOC-R4PCC04U05:697038:697180 [1] NCCL INFO New proxy recv connection 1 from local rank 1, transport 0
MOC-R4PCC04U05:697038:697187 [1] NCCL INFO Connected to proxy localRank 1 -> connection 0x7f2988004fa8
MOC-R4PCC04U05:697037:697183 [0] NCCL INFO New proxy send connection 0 from local rank 0, transport 0
MOC-R4PCC04U05:697037:697188 [0] NCCL INFO Connected to proxy localRank 0 -> connection 0x7f5e44004f30
MOC-R4PCC04U05:697037:697183 [0] NCCL INFO New proxy send connection 1 from local rank 0, transport 0
MOC-R4PCC04U05:697037:697188 [0] NCCL INFO Connected to proxy localRank 0 -> connection 0x7f5e44004fa8
MOC-R4PCC04U05:697039:697186 [2] NCCL INFO GPU Direct RDMA Disabled for GPU 2 / HCA 1 (distance 7 > 0)
MOC-R4PCC04U05:697037:697183 [0] NCCL INFO New proxy send connection 2 from local rank 0, transport 0
MOC-R4PCC04U05:697037:697188 [0] NCCL INFO Connected to proxy localRank 0 -> connection 0x7f5e44005020
MOC-R4PCC04U05:697040:697179 [3] NCCL INFO New proxy recv connection 0 from local rank 3, transport 0
MOC-R4PCC04U05:697040:697189 [3] NCCL INFO Connected to proxy localRank 3 -> connection 0x7f1318004f30
MOC-R4PCC04U05:697037:697183 [0] NCCL INFO New proxy send connection 3 from local rank 0, transport 0
MOC-R4PCC04U05:697037:697188 [0] NCCL INFO Connected to proxy localRank 0 -> connection 0x7f5e44005098
MOC-R4PCC04U05:697040:697179 [3] NCCL INFO New proxy recv connection 1 from local rank 3, transport 0
MOC-R4PCC04U05:697040:697189 [3] NCCL INFO Connected to proxy localRank 3 -> connection 0x7f1318004fa8
MOC-R4PCC04U05:697040:697189 [3] NCCL INFO GPU Direct RDMA Disabled for GPU 3 / HCA 1 (distance 7 > 0)
MOC-R4PCC04U05:697039:697178 [2] NCCL INFO New proxy recv connection 2 from local rank 2, transport 2
MOC-R4PCC04U05:697039:697186 [2] NCCL INFO Connected to proxy localRank 2 -> connection 0x7f5430005020
MOC-R4PCC04U05:697039:697186 [2] NCCL INFO Channel 00/0 : 15[3] -> 2[2] [receive] via NET/IB/1
MOC-R4PCC04U05:697039:697186 [2] NCCL INFO GPU Direct RDMA Disabled for GPU 2 / HCA 1 (distance 7 > 0)
MOC-R4PCC04U05:697039:697178 [2] NCCL INFO New proxy recv connection 3 from local rank 2, transport 2
MOC-R4PCC04U05:697039:697186 [2] NCCL INFO Connected to proxy localRank 2 -> connection 0x7f5430005098
MOC-R4PCC04U05:697039:697186 [2] NCCL INFO Channel 02/0 : 15[3] -> 2[2] [receive] via NET/IB/1
MOC-R4PCC04U05:697039:697186 [2] NCCL INFO GPU Direct RDMA Disabled for GPU 2 / HCA 1 (distance 7 > 0)
MOC-R4PCC04U05:697039:697178 [2] NCCL INFO New proxy send connection 4 from local rank 2, transport 2
MOC-R4PCC04U05:697039:697186 [2] NCCL INFO Connected to proxy localRank 2 -> connection 0x7f5430005110
MOC-R4PCC04U05:697039:697186 [2] NCCL INFO Channel 01/0 : 2[2] -> 7[3] [send] via NET/IB/1
MOC-R4PCC04U05:697039:697186 [2] NCCL INFO GPU Direct RDMA Disabled for GPU 2 / HCA 1 (distance 7 > 0)
MOC-R4PCC04U05:697039:697178 [2] NCCL INFO New proxy send connection 5 from local rank 2, transport 2
MOC-R4PCC04U05:697039:697186 [2] NCCL INFO Connected to proxy localRank 2 -> connection 0x7f5430005188
MOC-R4PCC04U05:697039:697186 [2] NCCL INFO Channel 03/0 : 2[2] -> 7[3] [send] via NET/IB/1
MOC-R4PCC04U05:697040:697179 [3] NCCL INFO New proxy send connection 2 from local rank 3, transport 2
MOC-R4PCC04U05:697040:697189 [3] NCCL INFO Connected to proxy localRank 3 -> connection 0x7f1318005020
MOC-R4PCC04U05:697040:697189 [3] NCCL INFO Channel 00/0 : 3[3] -> 6[2] [send] via NET/IB/1
MOC-R4PCC04U05:697040:697189 [3] NCCL INFO GPU Direct RDMA Disabled for GPU 3 / HCA 1 (distance 7 > 0)
MOC-R4PCC04U05:697040:697179 [3] NCCL INFO New proxy send connection 3 from local rank 3, transport 2
MOC-R4PCC04U05:697040:697189 [3] NCCL INFO Connected to proxy localRank 3 -> connection 0x7f1318005098
MOC-R4PCC04U05:697040:697189 [3] NCCL INFO Channel 02/0 : 3[3] -> 6[2] [send] via NET/IB/1
MOC-R4PCC04U05:697037:697183 [0] NCCL INFO New proxy recv connection 4 from local rank 0, transport 0
MOC-R4PCC04U05:697037:697188 [0] NCCL INFO Connected to proxy localRank 0 -> connection 0x7f5e44005110
MOC-R4PCC04U05:697037:697183 [0] NCCL INFO New proxy recv connection 5 from local rank 0, transport 0
MOC-R4PCC04U05:697037:697188 [0] NCCL INFO Connected to proxy localRank 0 -> connection 0x7f5e44005188
MOC-R4PCC04U05:697037:697183 [0] NCCL INFO New proxy recv connection 6 from local rank 0, transport 0
MOC-R4PCC04U05:697037:697188 [0] NCCL INFO Connected to proxy localRank 0 -> connection 0x7f5e44005200
MOC-R4PCC04U05:697037:697183 [0] NCCL INFO New proxy recv connection 7 from local rank 0, transport 0
MOC-R4PCC04U05:697037:697188 [0] NCCL INFO Connected to proxy localRank 0 -> connection 0x7f5e44005278
MOC-R4PCC04U05:697039:697178 [2] NCCL INFO New proxy send connection 6 from local rank 2, transport 0
MOC-R4PCC04U05:697039:697186 [2] NCCL INFO Connected to proxy localRank 2 -> connection 0x7f5430005200
MOC-R4PCC04U05:697040:697189 [3] NCCL INFO GPU Direct RDMA Disabled for GPU 3 / HCA 1 (distance 7 > 0)
MOC-R4PCC04U05:697040:697179 [3] NCCL INFO New proxy recv connection 4 from local rank 3, transport 2
MOC-R4PCC04U05:697040:697189 [3] NCCL INFO Connected to proxy localRank 3 -> connection 0x7f1318005110
MOC-R4PCC04U05:697040:697189 [3] NCCL INFO Channel 01/0 : 14[2] -> 3[3] [receive] via NET/IB/1
MOC-R4PCC04U05:697040:697189 [3] NCCL INFO GPU Direct RDMA Disabled for GPU 3 / HCA 1 (distance 7 > 0)
MOC-R4PCC04U05:697040:697179 [3] NCCL INFO New proxy recv connection 5 from local rank 3, transport 2
MOC-R4PCC04U05:697040:697189 [3] NCCL INFO Connected to proxy localRank 3 -> connection 0x7f1318005188
MOC-R4PCC04U05:697040:697189 [3] NCCL INFO Channel 03/0 : 14[2] -> 3[3] [receive] via NET/IB/1
MOC-R4PCC04U05:697040:697179 [3] NCCL INFO New proxy send connection 6 from local rank 3, transport 0
MOC-R4PCC04U05:697040:697189 [3] NCCL INFO Connected to proxy localRank 3 -> connection 0x7f1318005200
MOC-R4PCC04U05:697039:697178 [2] NCCL INFO New proxy send connection 7 from local rank 2, transport 0
MOC-R4PCC04U05:697039:697186 [2] NCCL INFO Connected to proxy localRank 2 -> connection 0x7f5430005278
MOC-R4PCC04U05:697040:697179 [3] NCCL INFO New proxy send connection 7 from local rank 3, transport 0
MOC-R4PCC04U05:697040:697189 [3] NCCL INFO Connected to proxy localRank 3 -> connection 0x7f1318005278
MOC-R4PCC04U05:697038:697180 [1] NCCL INFO New proxy recv connection 2 from local rank 1, transport 0
MOC-R4PCC04U05:697038:697187 [1] NCCL INFO Connected to proxy localRank 1 -> connection 0x7f2988005020
MOC-R4PCC04U05:697037:697183 [0] NCCL INFO New proxy send connection 8 from local rank 3, transport 0
MOC-R4PCC04U05:697040:697189 [3] NCCL INFO Connected to proxy localRank 0 -> connection 0x7f5e440052f0
MOC-R4PCC04U05:697038:697180 [1] NCCL INFO New proxy recv connection 3 from local rank 1, transport 0
MOC-R4PCC04U05:697038:697187 [1] NCCL INFO Connected to proxy localRank 1 -> connection 0x7f2988005098
MOC-R4PCC04U05:697038:697180 [1] NCCL INFO New proxy send connection 4 from local rank 1, transport 0
MOC-R4PCC04U05:697038:697187 [1] NCCL INFO Connected to proxy localRank 1 -> connection 0x7f2988005110
MOC-R4PCC04U05:697038:697180 [1] NCCL INFO New proxy send connection 5 from local rank 1, transport 0
MOC-R4PCC04U05:697038:697187 [1] NCCL INFO Connected to proxy localRank 1 -> connection 0x7f2988005188
MOC-R4PCC04U05:697038:697180 [1] NCCL INFO New proxy send connection 6 from local rank 1, transport 0
MOC-R4PCC04U05:697038:697187 [1] NCCL INFO Connected to proxy localRank 1 -> connection 0x7f2988005200
MOC-R4PCC04U05:697038:697180 [1] NCCL INFO New proxy send connection 7 from local rank 1, transport 0
MOC-R4PCC04U05:697038:697187 [1] NCCL INFO Connected to proxy localRank 1 -> connection 0x7f2988005278
MOC-R4PCC04U05:697040:697179 [3] NCCL INFO New proxy send connection 8 from local rank 1, transport 0
MOC-R4PCC04U05:697038:697187 [1] NCCL INFO Connected to proxy localRank 3 -> connection 0x7f13180052f0
MOC-R4PCC04U05:697039:697178 [2] NCCL INFO New proxy send connection 8 from local rank 0, transport 0
MOC-R4PCC04U05:697037:697188 [0] NCCL INFO Connected to proxy localRank 2 -> connection 0x7f54300052f0
MOC-R4PCC04U05:697037:697183 [0] NCCL INFO New proxy send connection 9 from local rank 2, transport 0
MOC-R4PCC04U05:697039:697186 [2] NCCL INFO Connected to proxy localRank 0 -> connection 0x7f5e44005368
MOC-R4PCC04U05:697038:697180 [1] NCCL INFO New proxy send connection 8 from local rank 3, transport 0
MOC-R4PCC04U05:697040:697189 [3] NCCL INFO Connected to proxy localRank 1 -> connection 0x7f29880052f0
MOC-R4PCC04U05:697040:697179 [3] NCCL INFO NET/IB: NCCL Dev 1 IbDev 0 Port 1 qpn 11450 mtu 3 query_ece={supported=1, vendor_id=0x15b3, options=0x30000002, comp_mask=0x0} GID 3 (0/C132A8C0FFFF0000) fifoRkey=0x17601f fifoLkey=0x17601f
MOC-R4PCC04U05:697040:697179 [3] NCCL INFO NET/IB: NCCL Dev 1 IbDev 0 Port 1 qpn 11451 mtu 3 query_ece={supported=1, vendor_id=0x15b3, options=0x30000002, comp_mask=0x0} GID 3 (0/C132A8C0FFFF0000) fifoRkey=0x177837 fifoLkey=0x177837
MOC-R4PCC04U05:697040:697179 [3] NCCL INFO NET/IB: IbDev 0 Port 1 qpn 11680 set_ece={supported=1, vendor_id=0x15b3, options=0x0, comp_mask=0x0}
MOC-R4PCC04U05:697040:697179 [3] NCCL INFO NET/IB: IbDev 0 Port 1 qpn 11682 set_ece={supported=1, vendor_id=0x15b3, options=0x0, comp_mask=0x0}
MOC-R4PCC04U05:697038:697180 [1] NCCL INFO New proxy send connection 9 from local rank 2, transport 0
MOC-R4PCC04U05:697039:697186 [2] NCCL INFO Connected to proxy localRank 1 -> connection 0x7f2988005368
MOC-R4PCC04U05:697039:697178 [2] NCCL INFO NET/IB: NCCL Dev 1 IbDev 0 Port 1 qpn 11452 mtu 3 query_ece={supported=1, vendor_id=0x15b3, options=0x30000002, comp_mask=0x0} GID 3 (0/C132A8C0FFFF0000) fifoRkey=0x17d796 fifoLkey=0x17d796
MOC-R4PCC04U05:697039:697178 [2] NCCL INFO NET/IB: NCCL Dev 1 IbDev 0 Port 1 qpn 11453 mtu 3 query_ece={supported=1, vendor_id=0x15b3, options=0x30000002, comp_mask=0x0} GID 3 (0/C132A8C0FFFF0000) fifoRkey=0x170bca fifoLkey=0x170bca
MOC-R4PCC04U05:697040:697179 [3] NCCL INFO New proxy send connection 9 from local rank 0, transport 0
MOC-R4PCC04U05:697037:697188 [0] NCCL INFO Connected to proxy localRank 3 -> connection 0x7f1318005368
MOC-R4PCC04U05:697037:697183 [0] NCCL INFO New proxy send connection 10 from local rank 1, transport 0
MOC-R4PCC04U05:697038:697187 [1] NCCL INFO Connected to proxy localRank 0 -> connection 0x7f5e440053e0
MOC-R4PCC04U05:697039:697178 [2] NCCL INFO NET/IB: IbDev 0 Port 1 qpn 11686 set_ece={supported=1, vendor_id=0x15b3, options=0x0, comp_mask=0x0}
MOC-R4PCC04U05:697039:697178 [2] NCCL INFO NET/IB: IbDev 0 Port 1 qpn 11688 set_ece={supported=1, vendor_id=0x15b3, options=0x0, comp_mask=0x0}
MOC-R4PCC04U05:697038:697180 [1] NCCL INFO New proxy send connection 10 from local rank 0, transport 0
MOC-R4PCC04U05:697037:697188 [0] NCCL INFO Connected to proxy localRank 1 -> connection 0x7f29880053e0
MOC-R4PCC04U05:697039:697178 [2] NCCL INFO New proxy send connection 9 from local rank 1, transport 0
MOC-R4PCC04U05:697038:697187 [1] NCCL INFO Connected to proxy localRank 2 -> connection 0x7f5430005368
num decayed parameter tensors: 50, with 124,318,464 parameters
num non-decayed parameter tensors: 98, with 121,344 parameters
using fused AdamW: False
using regular AdamW
MOC-R4PCC04U05:697039:697178 [2] NCCL INFO New proxy recv connection 10 from local rank 2, transport 0
MOC-R4PCC04U05:697039:697880 [2] NCCL INFO Connected to proxy localRank 2 -> connection 0x7f54300053e0
MOC-R4PCC04U05:697039:697178 [2] NCCL INFO New proxy recv connection 11 from local rank 2, transport 0
MOC-R4PCC04U05:697039:697880 [2] NCCL INFO Connected to proxy localRank 2 -> connection 0x7f5430005458
MOC-R4PCC04U05:697039:697178 [2] NCCL INFO New proxy recv connection 12 from local rank 2, transport 0
MOC-R4PCC04U05:697039:697880 [2] NCCL INFO Connected to proxy localRank 2 -> connection 0x7f54300054d0
MOC-R4PCC04U05:697039:697178 [2] NCCL INFO New proxy recv connection 13 from local rank 2, transport 0
MOC-R4PCC04U05:697039:697880 [2] NCCL INFO Connected to proxy localRank 2 -> connection 0x7f5430005548
MOC-R4PCC04U05:697037:697183 [0] NCCL INFO New proxy send connection 11 from local rank 0, transport 0
MOC-R4PCC04U05:697037:697881 [0] NCCL INFO Connected to proxy localRank 0 -> connection 0x7f5e44005458
MOC-R4PCC04U05:697037:697183 [0] NCCL INFO New proxy send connection 12 from local rank 0, transport 0
MOC-R4PCC04U05:697037:697881 [0] NCCL INFO Connected to proxy localRank 0 -> connection 0x7f5e440054d0
MOC-R4PCC04U05:697037:697183 [0] NCCL INFO New proxy send connection 13 from local rank 0, transport 0
MOC-R4PCC04U05:697037:697881 [0] NCCL INFO Connected to proxy localRank 0 -> connection 0x7f5e44005548
MOC-R4PCC04U05:697037:697183 [0] NCCL INFO New proxy send connection 14 from local rank 0, transport 0
MOC-R4PCC04U05:697037:697881 [0] NCCL INFO Connected to proxy localRank 0 -> connection 0x7f5e440055c0
MOC-R4PCC04U05:697038:697180 [1] NCCL INFO New proxy recv connection 11 from local rank 1, transport 0
MOC-R4PCC04U05:697038:697882 [1] NCCL INFO Connected to proxy localRank 1 -> connection 0x7f2988005458
MOC-R4PCC04U05:697038:697180 [1] NCCL INFO New proxy recv connection 12 from local rank 1, transport 0
MOC-R4PCC04U05:697038:697882 [1] NCCL INFO Connected to proxy localRank 1 -> connection 0x7f29880054d0
MOC-R4PCC04U05:697038:697180 [1] NCCL INFO New proxy recv connection 13 from local rank 1, transport 0
MOC-R4PCC04U05:697038:697882 [1] NCCL INFO Connected to proxy localRank 1 -> connection 0x7f2988005548
MOC-R4PCC04U05:697038:697180 [1] NCCL INFO New proxy recv connection 14 from local rank 1, transport 0
MOC-R4PCC04U05:697038:697882 [1] NCCL INFO Connected to proxy localRank 1 -> connection 0x7f29880055c0
MOC-R4PCC04U05:697038:697180 [1] NCCL INFO New proxy send connection 15 from local rank 1, transport 0
MOC-R4PCC04U05:697038:697882 [1] NCCL INFO Connected to proxy localRank 1 -> connection 0x7f2988005638
MOC-R4PCC04U05:697038:697180 [1] NCCL INFO New proxy send connection 16 from local rank 1, transport 0
MOC-R4PCC04U05:697038:697882 [1] NCCL INFO Connected to proxy localRank 1 -> connection 0x7f29880056b0
MOC-R4PCC04U05:697038:697180 [1] NCCL INFO New proxy send connection 17 from local rank 1, transport 0
MOC-R4PCC04U05:697038:697882 [1] NCCL INFO Connected to proxy localRank 1 -> connection 0x7f2988005728
MOC-R4PCC04U05:697038:697180 [1] NCCL INFO New proxy send connection 18 from local rank 1, transport 0
MOC-R4PCC04U05:697038:697882 [1] NCCL INFO Connected to proxy localRank 1 -> connection 0x7f29880057a0
MOC-R4PCC04U05:697037:697183 [0] NCCL INFO New proxy send connection 15 from local rank 0, transport 0
MOC-R4PCC04U05:697037:697881 [0] NCCL INFO Connected to proxy localRank 0 -> connection 0x7f5e44005638
MOC-R4PCC04U05:697038:697180 [1] NCCL INFO New proxy recv connection 19 from local rank 1, transport 0
MOC-R4PCC04U05:697038:697882 [1] NCCL INFO Connected to proxy localRank 1 -> connection 0x7f2988005818
MOC-R4PCC04U05:697039:697178 [2] NCCL INFO New proxy send connection 14 from local rank 2, transport 0
MOC-R4PCC04U05:697039:697880 [2] NCCL INFO Connected to proxy localRank 2 -> connection 0x7f54300055c0
MOC-R4PCC04U05:697038:697180 [1] NCCL INFO New proxy recv connection 20 from local rank 1, transport 0
MOC-R4PCC04U05:697038:697882 [1] NCCL INFO Connected to proxy localRank 1 -> connection 0x7f2988005890
MOC-R4PCC04U05:697039:697178 [2] NCCL INFO New proxy send connection 15 from local rank 2, transport 0
MOC-R4PCC04U05:697039:697880 [2] NCCL INFO Connected to proxy localRank 2 -> connection 0x7f5430005638
MOC-R4PCC04U05:697037:697183 [0] NCCL INFO New proxy send connection 16 from local rank 0, transport 0
MOC-R4PCC04U05:697037:697881 [0] NCCL INFO Connected to proxy localRank 0 -> connection 0x7f5e440056b0
MOC-R4PCC04U05:697040:697179 [3] NCCL INFO New proxy recv connection 10 from local rank 3, transport 0
MOC-R4PCC04U05:697040:697883 [3] NCCL INFO Connected to proxy localRank 3 -> connection 0x7f13180053e0
MOC-R4PCC04U05:697040:697179 [3] NCCL INFO New proxy recv connection 11 from local rank 3, transport 0
MOC-R4PCC04U05:697040:697883 [3] NCCL INFO Connected to proxy localRank 3 -> connection 0x7f1318005458
MOC-R4PCC04U05:697037:697183 [0] NCCL INFO New proxy recv connection 17 from local rank 0, transport 0
MOC-R4PCC04U05:697040:697883 [3] NCCL INFO GPU Direct RDMA Disabled for GPU 3 / HCA 1 (distance 7 > 0)
MOC-R4PCC04U05:697037:697881 [0] NCCL INFO Connected to proxy localRank 0 -> connection 0x7f5e44005728
MOC-R4PCC04U05:697040:697179 [3] NCCL INFO New proxy send connection 12 from local rank 3, transport 2
MOC-R4PCC04U05:697040:697883 [3] NCCL INFO Connected to proxy localRank 3 -> connection 0x7f13180054d0
MOC-R4PCC04U05:697040:697883 [3] NCCL INFO Channel 02/0 : 3[3] -> 7[3] [send] via NET/IB/1
MOC-R4PCC04U05:697040:697883 [3] NCCL INFO GPU Direct RDMA Disabled for GPU 3 / HCA 1 (distance 7 > 0)
MOC-R4PCC04U05:697040:697179 [3] NCCL INFO New proxy send connection 13 from local rank 3, transport 2
MOC-R4PCC04U05:697040:697883 [3] NCCL INFO Connected to proxy localRank 3 -> connection 0x7f1318005548
MOC-R4PCC04U05:697040:697883 [3] NCCL INFO Channel 03/0 : 3[3] -> 7[3] [send] via NET/IB/1
MOC-R4PCC04U05:697040:697883 [3] NCCL INFO GPU Direct RDMA Disabled for GPU 3 / HCA 1 (distance 7 > 0)
MOC-R4PCC04U05:697040:697179 [3] NCCL INFO New proxy recv connection 14 from local rank 3, transport 2
MOC-R4PCC04U05:697040:697883 [3] NCCL INFO Connected to proxy localRank 3 -> connection 0x7f13180055c0
MOC-R4PCC04U05:697040:697883 [3] NCCL INFO Channel 00/0 : 11[3] -> 3[3] [receive] via NET/IB/1
MOC-R4PCC04U05:697040:697883 [3] NCCL INFO GPU Direct RDMA Disabled for GPU 3 / HCA 1 (distance 7 > 0)
MOC-R4PCC04U05:697040:697179 [3] NCCL INFO New proxy recv connection 15 from local rank 3, transport 2
MOC-R4PCC04U05:697040:697883 [3] NCCL INFO Connected to proxy localRank 3 -> connection 0x7f1318005638
MOC-R4PCC04U05:697040:697883 [3] NCCL INFO Channel 01/0 : 11[3] -> 3[3] [receive] via NET/IB/1
MOC-R4PCC04U05:697040:697883 [3] NCCL INFO GPU Direct RDMA Disabled for GPU 3 / HCA 1 (distance 7 > 0)
MOC-R4PCC04U05:697040:697179 [3] NCCL INFO New proxy send connection 16 from local rank 3, transport 2
MOC-R4PCC04U05:697040:697883 [3] NCCL INFO Connected to proxy localRank 3 -> connection 0x7f13180056b0
MOC-R4PCC04U05:697040:697883 [3] NCCL INFO Channel 00/0 : 3[3] -> 11[3] [send] via NET/IB/1
MOC-R4PCC04U05:697040:697883 [3] NCCL INFO GPU Direct RDMA Disabled for GPU 3 / HCA 1 (distance 7 > 0)
MOC-R4PCC04U05:697040:697179 [3] NCCL INFO New proxy send connection 17 from local rank 3, transport 2
MOC-R4PCC04U05:697040:697883 [3] NCCL INFO Connected to proxy localRank 3 -> connection 0x7f1318005728
MOC-R4PCC04U05:697040:697883 [3] NCCL INFO Channel 01/0 : 3[3] -> 11[3] [send] via NET/IB/1
MOC-R4PCC04U05:697037:697183 [0] NCCL INFO New proxy recv connection 18 from local rank 0, transport 0
MOC-R4PCC04U05:697037:697881 [0] NCCL INFO Connected to proxy localRank 0 -> connection 0x7f5e440057a0
MOC-R4PCC04U05:697040:697883 [3] NCCL INFO GPU Direct RDMA Disabled for GPU 3 / HCA 1 (distance 7 > 0)
MOC-R4PCC04U05:697040:697179 [3] NCCL INFO New proxy recv connection 18 from local rank 3, transport 2
MOC-R4PCC04U05:697040:697883 [3] NCCL INFO Connected to proxy localRank 3 -> connection 0x7f13180057a0
MOC-R4PCC04U05:697040:697883 [3] NCCL INFO Channel 02/0 : 7[3] -> 3[3] [receive] via NET/IB/1
MOC-R4PCC04U05:697040:697883 [3] NCCL INFO GPU Direct RDMA Disabled for GPU 3 / HCA 1 (distance 7 > 0)
MOC-R4PCC04U05:697040:697179 [3] NCCL INFO New proxy recv connection 19 from local rank 3, transport 2
MOC-R4PCC04U05:697040:697883 [3] NCCL INFO Connected to proxy localRank 3 -> connection 0x7f1318005818
MOC-R4PCC04U05:697040:697883 [3] NCCL INFO Channel 03/0 : 7[3] -> 3[3] [receive] via NET/IB/1
MOC-R4PCC04U05:697040:697179 [3] NCCL INFO New proxy send connection 20 from local rank 3, transport 0
MOC-R4PCC04U05:697040:697883 [3] NCCL INFO Connected to proxy localRank 3 -> connection 0x7f1318005890
MOC-R4PCC04U05:697037:697183 [0] NCCL INFO New proxy recv connection 19 from local rank 0, transport 0
MOC-R4PCC04U05:697037:697881 [0] NCCL INFO Connected to proxy localRank 0 -> connection 0x7f5e44005818
MOC-R4PCC04U05:697040:697179 [3] NCCL INFO New proxy send connection 21 from local rank 3, transport 0
MOC-R4PCC04U05:697040:697883 [3] NCCL INFO Connected to proxy localRank 3 -> connection 0x7f1318005908
MOC-R4PCC04U05:697037:697183 [0] NCCL INFO New proxy recv connection 20 from local rank 0, transport 0
MOC-R4PCC04U05:697037:697881 [0] NCCL INFO Connected to proxy localRank 0 -> connection 0x7f5e44005890
MOC-R4PCC04U05:697040:697179 [3] NCCL INFO New proxy send connection 22 from local rank 3, transport 0
MOC-R4PCC04U05:697040:697883 [3] NCCL INFO Connected to proxy localRank 3 -> connection 0x7f1318005980
MOC-R4PCC04U05:697040:697179 [3] NCCL INFO New proxy send connection 23 from local rank 3, transport 0
MOC-R4PCC04U05:697040:697883 [3] NCCL INFO Connected to proxy localRank 3 -> connection 0x7f13180059f8
MOC-R4PCC04U05:697040:697179 [3] NCCL INFO NET/IB: NCCL Dev 1 IbDev 0 Port 1 qpn 11464 mtu 3 query_ece={supported=1, vendor_id=0x15b3, options=0x30000002, comp_mask=0x0} GID 3 (0/C132A8C0FFFF0000) fifoRkey=0x175412 fifoLkey=0x175412
MOC-R4PCC04U05:697040:697179 [3] NCCL INFO NET/IB: NCCL Dev 1 IbDev 0 Port 1 qpn 11467 mtu 3 query_ece={supported=1, vendor_id=0x15b3, options=0x30000002, comp_mask=0x0} GID 3 (0/C132A8C0FFFF0000) fifoRkey=0x17cb8a fifoLkey=0x17cb8a
MOC-R4PCC04U05:697040:697179 [3] NCCL INFO NET/IB: NCCL Dev 1 IbDev 0 Port 1 qpn 11468 mtu 3 query_ece={supported=1, vendor_id=0x15b3, options=0x30000002, comp_mask=0x0} GID 3 (0/C132A8C0FFFF0000) fifoRkey=0x17904f fifoLkey=0x17904f
MOC-R4PCC04U05:697040:697179 [3] NCCL INFO NET/IB: NCCL Dev 1 IbDev 0 Port 1 qpn 11469 mtu 3 query_ece={supported=1, vendor_id=0x15b3, options=0x30000002, comp_mask=0x0} GID 3 (0/C132A8C0FFFF0000) fifoRkey=0x1722e1 fifoLkey=0x1722e1
MOC-R4PCC04U05:697040:697179 [3] NCCL INFO NET/IB: IbDev 0 Port 1 qpn 11695 set_ece={supported=1, vendor_id=0x15b3, options=0x0, comp_mask=0x0}
MOC-R4PCC04U05:697040:697179 [3] NCCL INFO NET/IB: IbDev 0 Port 1 qpn 11697 set_ece={supported=1, vendor_id=0x15b3, options=0x0, comp_mask=0x0}
MOC-R4PCC04U05:697040:697179 [3] NCCL INFO NET/IB: IbDev 0 Port 1 qpn 9146 set_ece={supported=1, vendor_id=0x15b3, options=0x0, comp_mask=0x0}
MOC-R4PCC04U05:697040:697179 [3] NCCL INFO NET/IB: IbDev 0 Port 1 qpn 9148 set_ece={supported=1, vendor_id=0x15b3, options=0x0, comp_mask=0x0}
step    1/10 | train loss 11.010115 | norm 15.2907 | lr 1.00e-04 | (14792.90 ms | 248093 tok/s)
step    2/10 | train loss 10.140854 | norm 5.7211 | lr 1.00e-04 | (584.84 ms | 6275301 tok/s)
step    3/10 | train loss 9.801556 | norm 2.5941 | lr 1.00e-04 | (581.08 ms | 6315810 tok/s)
step    4/10 | train loss 9.632921 | norm 2.0997 | lr 1.00e-04 | (582.44 ms | 6301086 tok/s)
step    5/10 | train loss 9.550364 | norm 2.0945 | lr 1.00e-04 | (585.11 ms | 6272396 tok/s)
step    6/10 | train loss 9.469849 | norm 1.9874 | lr 1.00e-04 | (581.26 ms | 6313944 tok/s)
step    7/10 | train loss 9.385088 | norm 1.9374 | lr 1.00e-04 | (585.97 ms | 6263099 tok/s)
step    8/10 | train loss 9.294358 | norm 1.9058 | lr 1.00e-04 | (586.14 ms | 6261283 tok/s)
step    9/10 | train loss 9.199849 | norm 1.8538 | lr 1.00e-04 | (584.48 ms | 6279128 tok/s)
step   10/10 | train loss 9.114296 | norm 1.7841 | lr 1.00e-04 | (586.30 ms | 6259594 tok/s)
final 9 iters avg: 584.180ms
peak memory consumption: 16601 MiB
