Running pytorch 2.7.0+cu126
using device: cuda:0
total desired batch size: 2621440
=> calculated gradient accumulation steps: 10
using device: cuda:3
using device: cuda:2
using device: cuda:1
compiling the model...
DataLoader: total number of tokens: 1,661,249,667 across 103 files
MOC-R4PCC04U05:438617:438617 [0] NCCL INFO NCCL_SOCKET_IFNAME set to eno7np0
MOC-R4PCC04U05:438617:438617 [0] NCCL INFO NCCL version 2.26.2+cuda12.2
MOC-R4PCC04U05:438617:438658 [0] NCCL INFO NET/Plugin: Could not find: libnccl-net.so. Using internal net plugin.
MOC-R4PCC04U05:438617:438658 [0] NCCL INFO NCCL_IB_HCA set to mlx5_5
MOC-R4PCC04U05:438619:438619 [2] NCCL INFO NCCL_SOCKET_IFNAME set to eno7np0
MOC-R4PCC04U05:438619:438619 [2] NCCL INFO NCCL version 2.26.2+cuda12.2
MOC-R4PCC04U05:438617:438658 [0] NCCL INFO NET/IB : Made virtual device [0] name=mlx5_5 speed=400000 ndevs=1
MOC-R4PCC04U05:438617:438658 [0] NCCL INFO NET/IB : Using [0]mlx5_5:1/RoCE [RO]; OOB eno7np0:192.168.50.193<0>
MOC-R4PCC04U05:438618:438618 [1] NCCL INFO NCCL_SOCKET_IFNAME set to eno7np0
MOC-R4PCC04U05:438618:438618 [1] NCCL INFO NCCL version 2.26.2+cuda12.2
MOC-R4PCC04U05:438620:438620 [3] NCCL INFO NCCL_SOCKET_IFNAME set to eno7np0
MOC-R4PCC04U05:438620:438620 [3] NCCL INFO NCCL version 2.26.2+cuda12.2
MOC-R4PCC04U05:438619:438659 [2] NCCL INFO NET/Plugin: Could not find: libnccl-net.so. Using internal net plugin.
MOC-R4PCC04U05:438619:438659 [2] NCCL INFO NCCL_IB_HCA set to mlx5_5
MOC-R4PCC04U05:438619:438659 [2] NCCL INFO NET/IB : Made virtual device [0] name=mlx5_5 speed=400000 ndevs=1
MOC-R4PCC04U05:438619:438659 [2] NCCL INFO NET/IB : Using [0]mlx5_5:1/RoCE [RO]; OOB eno7np0:192.168.50.193<0>
MOC-R4PCC04U05:438620:438662 [3] NCCL INFO NET/Plugin: Could not find: libnccl-net.so. Using internal net plugin.
MOC-R4PCC04U05:438620:438662 [3] NCCL INFO NCCL_IB_HCA set to mlx5_5
MOC-R4PCC04U05:438620:438662 [3] NCCL INFO NET/IB : Made virtual device [0] name=mlx5_5 speed=400000 ndevs=1
MOC-R4PCC04U05:438620:438662 [3] NCCL INFO NET/IB : Using [0]mlx5_5:1/RoCE [RO]; OOB eno7np0:192.168.50.193<0>
MOC-R4PCC04U05:438618:438661 [1] NCCL INFO NET/Plugin: Could not find: libnccl-net.so. Using internal net plugin.
MOC-R4PCC04U05:438618:438661 [1] NCCL INFO NCCL_IB_HCA set to mlx5_5
MOC-R4PCC04U05:438618:438661 [1] NCCL INFO NET/IB : Made virtual device [0] name=mlx5_5 speed=400000 ndevs=1
MOC-R4PCC04U05:438618:438661 [1] NCCL INFO NET/IB : Using [0]mlx5_5:1/RoCE [RO]; OOB eno7np0:192.168.50.193<0>
MOC-R4PCC04U05:438619:438659 [2] NCCL INFO NET/IB : GPU Direct RDMA Enabled for HCA 0 'mlx5_5'
MOC-R4PCC04U05:438619:438659 [2] NCCL INFO NET/IB : Made virtual device [1] name=mlx5_5 speed=400000 ndevs=1
MOC-R4PCC04U05:438619:438659 [2] NCCL INFO NET/IB : GPU Direct RDMA Enabled for HCA 0 'mlx5_5'
MOC-R4PCC04U05:438619:438659 [2] NCCL INFO NET/IB : GPU Direct RDMA Enabled for HCA 1 'mlx5_5'
MOC-R4PCC04U05:438620:438662 [3] NCCL INFO NET/IB : GPU Direct RDMA Enabled for HCA 0 'mlx5_5'
MOC-R4PCC04U05:438618:438661 [1] NCCL INFO NET/IB : GPU Direct RDMA Enabled for HCA 0 'mlx5_5'
MOC-R4PCC04U05:438620:438662 [3] NCCL INFO NET/IB : Made virtual device [1] name=mlx5_5 speed=400000 ndevs=1
MOC-R4PCC04U05:438620:438662 [3] NCCL INFO NET/IB : GPU Direct RDMA Enabled for HCA 0 'mlx5_5'
MOC-R4PCC04U05:438620:438662 [3] NCCL INFO NET/IB : GPU Direct RDMA Enabled for HCA 1 'mlx5_5'
MOC-R4PCC04U05:438618:438661 [1] NCCL INFO NET/IB : Made virtual device [1] name=mlx5_5 speed=400000 ndevs=1
MOC-R4PCC04U05:438618:438661 [1] NCCL INFO NET/IB : GPU Direct RDMA Enabled for HCA 0 'mlx5_5'
MOC-R4PCC04U05:438618:438661 [1] NCCL INFO NET/IB : GPU Direct RDMA Enabled for HCA 1 'mlx5_5'
MOC-R4PCC04U05:438617:438658 [0] NCCL INFO NET/IB : GPU Direct RDMA Enabled for HCA 0 'mlx5_5'
MOC-R4PCC04U05:438617:438658 [0] NCCL INFO NET/IB : Made virtual device [1] name=mlx5_5 speed=400000 ndevs=1
MOC-R4PCC04U05:438617:438658 [0] NCCL INFO NET/IB : GPU Direct RDMA Enabled for HCA 0 'mlx5_5'
MOC-R4PCC04U05:438617:438658 [0] NCCL INFO NET/IB : GPU Direct RDMA Enabled for HCA 1 'mlx5_5'
MOC-R4PCC04U05:438617:438658 [0] NCCL INFO NCCL_NET_GDR_LEVEL set by environment to LOC
MOC-R4PCC04U05:438617:438658 [0] NCCL INFO GPU Direct RDMA Disabled for GPU 0 / HCA 1 (distance 5 > 0)
MOC-R4PCC04U05:438617:438658 [0] NCCL INFO GPU Direct RDMA Disabled for GPU 1 / HCA 1 (distance 5 > 0)
MOC-R4PCC04U05:438617:438658 [0] NCCL INFO GPU Direct RDMA Disabled for GPU 2 / HCA 1 (distance 5 > 0)
MOC-R4PCC04U05:438617:438658 [0] NCCL INFO GPU Direct RDMA Disabled for GPU 0 / HCA 1 (distance 5 > 0)
MOC-R4PCC04U05:438617:438658 [0] NCCL INFO GPU Direct RDMA Disabled for GPU 1 / HCA 1 (distance 5 > 0)
MOC-R4PCC04U05:438617:438658 [0] NCCL INFO GPU Direct RDMA Disabled for GPU 2 / HCA 1 (distance 5 > 0)
MOC-R4PCC04U05:438618:438661 [1] NCCL INFO NCCL_NET_GDR_LEVEL set by environment to LOC
MOC-R4PCC04U05:438618:438661 [1] NCCL INFO GPU Direct RDMA Disabled for GPU 0 / HCA 1 (distance 5 > 0)
MOC-R4PCC04U05:438618:438661 [1] NCCL INFO GPU Direct RDMA Disabled for GPU 1 / HCA 1 (distance 5 > 0)
MOC-R4PCC04U05:438618:438661 [1] NCCL INFO GPU Direct RDMA Disabled for GPU 2 / HCA 1 (distance 5 > 0)
MOC-R4PCC04U05:438618:438661 [1] NCCL INFO GPU Direct RDMA Disabled for GPU 0 / HCA 1 (distance 5 > 0)
MOC-R4PCC04U05:438618:438661 [1] NCCL INFO GPU Direct RDMA Disabled for GPU 1 / HCA 1 (distance 5 > 0)
MOC-R4PCC04U05:438618:438661 [1] NCCL INFO GPU Direct RDMA Disabled for GPU 2 / HCA 1 (distance 5 > 0)
MOC-R4PCC04U05:438620:438662 [3] NCCL INFO NCCL_NET_GDR_LEVEL set by environment to LOC
MOC-R4PCC04U05:438620:438662 [3] NCCL INFO GPU Direct RDMA Disabled for GPU 0 / HCA 1 (distance 5 > 0)
MOC-R4PCC04U05:438620:438662 [3] NCCL INFO GPU Direct RDMA Disabled for GPU 1 / HCA 1 (distance 5 > 0)
MOC-R4PCC04U05:438620:438662 [3] NCCL INFO GPU Direct RDMA Disabled for GPU 2 / HCA 1 (distance 5 > 0)
MOC-R4PCC04U05:438620:438662 [3] NCCL INFO GPU Direct RDMA Disabled for GPU 0 / HCA 1 (distance 5 > 0)
MOC-R4PCC04U05:438620:438662 [3] NCCL INFO GPU Direct RDMA Disabled for GPU 1 / HCA 1 (distance 5 > 0)
MOC-R4PCC04U05:438620:438662 [3] NCCL INFO GPU Direct RDMA Disabled for GPU 2 / HCA 1 (distance 5 > 0)
MOC-R4PCC04U05:438619:438659 [2] NCCL INFO NCCL_NET_GDR_LEVEL set by environment to LOC
MOC-R4PCC04U05:438619:438659 [2] NCCL INFO GPU Direct RDMA Disabled for GPU 0 / HCA 1 (distance 5 > 0)
MOC-R4PCC04U05:438619:438659 [2] NCCL INFO GPU Direct RDMA Disabled for GPU 1 / HCA 1 (distance 5 > 0)
MOC-R4PCC04U05:438619:438659 [2] NCCL INFO GPU Direct RDMA Disabled for GPU 2 / HCA 1 (distance 5 > 0)
MOC-R4PCC04U05:438619:438659 [2] NCCL INFO GPU Direct RDMA Disabled for GPU 0 / HCA 1 (distance 5 > 0)
MOC-R4PCC04U05:438619:438659 [2] NCCL INFO GPU Direct RDMA Disabled for GPU 1 / HCA 1 (distance 5 > 0)
MOC-R4PCC04U05:438619:438659 [2] NCCL INFO GPU Direct RDMA Disabled for GPU 2 / HCA 1 (distance 5 > 0)
MOC-R4PCC04U05:438617:438678 [0] NCCL INFO New proxy send connection 0 from local rank 0, transport 0
MOC-R4PCC04U05:438617:438682 [0] NCCL INFO Connected to proxy localRank 0 -> connection 0x7f4d74004f30
MOC-R4PCC04U05:438618:438679 [1] NCCL INFO New proxy recv connection 0 from local rank 1, transport 0
MOC-R4PCC04U05:438618:438683 [1] NCCL INFO Connected to proxy localRank 1 -> connection 0x7fb778004f30
MOC-R4PCC04U05:438617:438678 [0] NCCL INFO New proxy send connection 1 from local rank 0, transport 0
MOC-R4PCC04U05:438617:438682 [0] NCCL INFO Connected to proxy localRank 0 -> connection 0x7f4d74004fa8
MOC-R4PCC04U05:438618:438679 [1] NCCL INFO New proxy recv connection 1 from local rank 1, transport 0
MOC-R4PCC04U05:438618:438683 [1] NCCL INFO Connected to proxy localRank 1 -> connection 0x7fb778004fa8
MOC-R4PCC04U05:438620:438674 [3] NCCL INFO New proxy recv connection 0 from local rank 3, transport 0
MOC-R4PCC04U05:438620:438684 [3] NCCL INFO Connected to proxy localRank 3 -> connection 0x7f6334004f30
MOC-R4PCC04U05:438619:438675 [2] NCCL INFO New proxy recv connection 0 from local rank 2, transport 0
MOC-R4PCC04U05:438619:438685 [2] NCCL INFO Connected to proxy localRank 2 -> connection 0x7f9bb4004f30
MOC-R4PCC04U05:438620:438674 [3] NCCL INFO New proxy recv connection 1 from local rank 3, transport 0
MOC-R4PCC04U05:438620:438684 [3] NCCL INFO Connected to proxy localRank 3 -> connection 0x7f6334004fa8
MOC-R4PCC04U05:438619:438675 [2] NCCL INFO New proxy recv connection 1 from local rank 2, transport 0
MOC-R4PCC04U05:438619:438685 [2] NCCL INFO Connected to proxy localRank 2 -> connection 0x7f9bb4004fa8
MOC-R4PCC04U05:438620:438684 [3] NCCL INFO GPU Direct RDMA Disabled for GPU 3 / HCA 1 (distance 7 > 0)
MOC-R4PCC04U05:438617:438678 [0] NCCL INFO New proxy send connection 2 from local rank 0, transport 0
MOC-R4PCC04U05:438619:438685 [2] NCCL INFO GPU Direct RDMA Disabled for GPU 2 / HCA 1 (distance 7 > 0)
MOC-R4PCC04U05:438617:438682 [0] NCCL INFO Connected to proxy localRank 0 -> connection 0x7f4d74005020
MOC-R4PCC04U05:438617:438678 [0] NCCL INFO New proxy send connection 3 from local rank 0, transport 0
MOC-R4PCC04U05:438617:438682 [0] NCCL INFO Connected to proxy localRank 0 -> connection 0x7f4d74005098
MOC-R4PCC04U05:438619:438675 [2] NCCL INFO New proxy recv connection 2 from local rank 2, transport 2
MOC-R4PCC04U05:438620:438674 [3] NCCL INFO New proxy send connection 2 from local rank 3, transport 2
MOC-R4PCC04U05:438619:438685 [2] NCCL INFO Connected to proxy localRank 2 -> connection 0x7f9bb4005020
MOC-R4PCC04U05:438620:438684 [3] NCCL INFO Connected to proxy localRank 3 -> connection 0x7f6334005020
MOC-R4PCC04U05:438620:438684 [3] NCCL INFO Channel 00/0 : 3[3] -> 6[2] [send] via NET/IB/1
MOC-R4PCC04U05:438620:438684 [3] NCCL INFO GPU Direct RDMA Disabled for GPU 3 / HCA 1 (distance 7 > 0)
MOC-R4PCC04U05:438619:438685 [2] NCCL INFO Channel 00/0 : 7[3] -> 2[2] [receive] via NET/IB/1
MOC-R4PCC04U05:438619:438685 [2] NCCL INFO GPU Direct RDMA Disabled for GPU 2 / HCA 1 (distance 7 > 0)
MOC-R4PCC04U05:438620:438674 [3] NCCL INFO New proxy send connection 3 from local rank 3, transport 2
MOC-R4PCC04U05:438620:438684 [3] NCCL INFO Connected to proxy localRank 3 -> connection 0x7f6334005098
MOC-R4PCC04U05:438619:438675 [2] NCCL INFO New proxy recv connection 3 from local rank 2, transport 2
MOC-R4PCC04U05:438619:438685 [2] NCCL INFO Connected to proxy localRank 2 -> connection 0x7f9bb4005098
MOC-R4PCC04U05:438620:438684 [3] NCCL INFO Channel 02/0 : 3[3] -> 6[2] [send] via NET/IB/1
MOC-R4PCC04U05:438619:438685 [2] NCCL INFO Channel 02/0 : 7[3] -> 2[2] [receive] via NET/IB/1
MOC-R4PCC04U05:438617:438678 [0] NCCL INFO New proxy recv connection 4 from local rank 0, transport 0
MOC-R4PCC04U05:438619:438685 [2] NCCL INFO GPU Direct RDMA Disabled for GPU 2 / HCA 1 (distance 7 > 0)
MOC-R4PCC04U05:438619:438675 [2] NCCL INFO New proxy send connection 4 from local rank 2, transport 2
MOC-R4PCC04U05:438619:438685 [2] NCCL INFO Connected to proxy localRank 2 -> connection 0x7f9bb4005110
MOC-R4PCC04U05:438617:438682 [0] NCCL INFO Connected to proxy localRank 0 -> connection 0x7f4d74005110
MOC-R4PCC04U05:438619:438685 [2] NCCL INFO Channel 01/0 : 2[2] -> 7[3] [send] via NET/IB/1
MOC-R4PCC04U05:438619:438685 [2] NCCL INFO GPU Direct RDMA Disabled for GPU 2 / HCA 1 (distance 7 > 0)
MOC-R4PCC04U05:438619:438675 [2] NCCL INFO New proxy send connection 5 from local rank 2, transport 2
MOC-R4PCC04U05:438619:438685 [2] NCCL INFO Connected to proxy localRank 2 -> connection 0x7f9bb4005188
MOC-R4PCC04U05:438619:438685 [2] NCCL INFO Channel 03/0 : 2[2] -> 7[3] [send] via NET/IB/1
MOC-R4PCC04U05:438620:438684 [3] NCCL INFO GPU Direct RDMA Disabled for GPU 3 / HCA 1 (distance 7 > 0)
MOC-R4PCC04U05:438620:438674 [3] NCCL INFO New proxy recv connection 4 from local rank 3, transport 2
MOC-R4PCC04U05:438620:438684 [3] NCCL INFO Connected to proxy localRank 3 -> connection 0x7f6334005110
MOC-R4PCC04U05:438620:438684 [3] NCCL INFO Channel 01/0 : 6[2] -> 3[3] [receive] via NET/IB/1
MOC-R4PCC04U05:438620:438684 [3] NCCL INFO GPU Direct RDMA Disabled for GPU 3 / HCA 1 (distance 7 > 0)
MOC-R4PCC04U05:438620:438674 [3] NCCL INFO New proxy recv connection 5 from local rank 3, transport 2
MOC-R4PCC04U05:438620:438684 [3] NCCL INFO Connected to proxy localRank 3 -> connection 0x7f6334005188
MOC-R4PCC04U05:438620:438684 [3] NCCL INFO Channel 03/0 : 6[2] -> 3[3] [receive] via NET/IB/1
MOC-R4PCC04U05:438619:438675 [2] NCCL INFO New proxy send connection 6 from local rank 2, transport 0
MOC-R4PCC04U05:438619:438685 [2] NCCL INFO Connected to proxy localRank 2 -> connection 0x7f9bb4005200
MOC-R4PCC04U05:438620:438674 [3] NCCL INFO New proxy send connection 6 from local rank 3, transport 0
MOC-R4PCC04U05:438620:438684 [3] NCCL INFO Connected to proxy localRank 3 -> connection 0x7f6334005200
MOC-R4PCC04U05:438620:438674 [3] NCCL INFO New proxy send connection 7 from local rank 3, transport 0
MOC-R4PCC04U05:438620:438684 [3] NCCL INFO Connected to proxy localRank 3 -> connection 0x7f6334005278
MOC-R4PCC04U05:438619:438675 [2] NCCL INFO New proxy send connection 7 from local rank 2, transport 0
MOC-R4PCC04U05:438619:438685 [2] NCCL INFO Connected to proxy localRank 2 -> connection 0x7f9bb4005278
MOC-R4PCC04U05:438617:438678 [0] NCCL INFO New proxy recv connection 5 from local rank 0, transport 0
MOC-R4PCC04U05:438617:438682 [0] NCCL INFO Connected to proxy localRank 0 -> connection 0x7f4d74005188
MOC-R4PCC04U05:438618:438679 [1] NCCL INFO New proxy recv connection 2 from local rank 1, transport 0
MOC-R4PCC04U05:438618:438683 [1] NCCL INFO Connected to proxy localRank 1 -> connection 0x7fb778005020
MOC-R4PCC04U05:438618:438679 [1] NCCL INFO New proxy recv connection 3 from local rank 1, transport 0
MOC-R4PCC04U05:438617:438678 [0] NCCL INFO New proxy recv connection 6 from local rank 0, transport 0
MOC-R4PCC04U05:438618:438683 [1] NCCL INFO Connected to proxy localRank 1 -> connection 0x7fb778005098
MOC-R4PCC04U05:438617:438682 [0] NCCL INFO Connected to proxy localRank 0 -> connection 0x7f4d74005200
MOC-R4PCC04U05:438617:438678 [0] NCCL INFO New proxy send connection 7 from local rank 3, transport 0
MOC-R4PCC04U05:438620:438684 [3] NCCL INFO Connected to proxy localRank 0 -> connection 0x7f4d74005278
MOC-R4PCC04U05:438617:438678 [0] NCCL INFO New proxy recv connection 8 from local rank 0, transport 0
MOC-R4PCC04U05:438618:438679 [1] NCCL INFO New proxy send connection 4 from local rank 1, transport 0
MOC-R4PCC04U05:438617:438682 [0] NCCL INFO Connected to proxy localRank 0 -> connection 0x7f4d740052f0
MOC-R4PCC04U05:438618:438683 [1] NCCL INFO Connected to proxy localRank 1 -> connection 0x7fb778005110
MOC-R4PCC04U05:438618:438679 [1] NCCL INFO New proxy send connection 5 from local rank 1, transport 0
MOC-R4PCC04U05:438618:438683 [1] NCCL INFO Connected to proxy localRank 1 -> connection 0x7fb778005188
MOC-R4PCC04U05:438618:438679 [1] NCCL INFO New proxy send connection 6 from local rank 1, transport 0
MOC-R4PCC04U05:438618:438683 [1] NCCL INFO Connected to proxy localRank 1 -> connection 0x7fb778005200
MOC-R4PCC04U05:438618:438679 [1] NCCL INFO New proxy send connection 7 from local rank 1, transport 0
MOC-R4PCC04U05:438618:438683 [1] NCCL INFO Connected to proxy localRank 1 -> connection 0x7fb778005278
MOC-R4PCC04U05:438617:438678 [0] NCCL INFO New proxy send connection 9 from local rank 2, transport 0
MOC-R4PCC04U05:438619:438685 [2] NCCL INFO Connected to proxy localRank 0 -> connection 0x7f4d74005368
MOC-R4PCC04U05:438619:438675 [2] NCCL INFO New proxy send connection 8 from local rank 0, transport 0
MOC-R4PCC04U05:438617:438682 [0] NCCL INFO Connected to proxy localRank 2 -> connection 0x7f9bb40052f0
MOC-R4PCC04U05:438620:438674 [3] NCCL INFO New proxy send connection 8 from local rank 1, transport 0
MOC-R4PCC04U05:438618:438683 [1] NCCL INFO Connected to proxy localRank 3 -> connection 0x7f63340052f0
MOC-R4PCC04U05:438618:438679 [1] NCCL INFO New proxy send connection 8 from local rank 3, transport 0
MOC-R4PCC04U05:438620:438684 [3] NCCL INFO Connected to proxy localRank 1 -> connection 0x7fb7780052f0
MOC-R4PCC04U05:438618:438679 [1] NCCL INFO New proxy send connection 9 from local rank 2, transport 0
MOC-R4PCC04U05:438619:438685 [2] NCCL INFO Connected to proxy localRank 1 -> connection 0x7fb778005368
MOC-R4PCC04U05:438617:438678 [0] NCCL INFO New proxy send connection 10 from local rank 1, transport 0
MOC-R4PCC04U05:438620:438674 [3] NCCL INFO New proxy send connection 9 from local rank 0, transport 0
MOC-R4PCC04U05:438618:438683 [1] NCCL INFO Connected to proxy localRank 0 -> connection 0x7f4d740053e0
MOC-R4PCC04U05:438617:438682 [0] NCCL INFO Connected to proxy localRank 3 -> connection 0x7f6334005368
MOC-R4PCC04U05:438619:438675 [2] NCCL INFO New proxy send connection 9 from local rank 1, transport 0
MOC-R4PCC04U05:438618:438683 [1] NCCL INFO Connected to proxy localRank 2 -> connection 0x7f9bb4005368
MOC-R4PCC04U05:438619:438675 [2] NCCL INFO NET/IB: NCCL Dev 1 IbDev 0 Port 1 qpn 6498 mtu 3 query_ece={supported=1, vendor_id=0x15b3, options=0x30000002, comp_mask=0x0} GID 3 (0/C132A8C0FFFF0000) fifoRkey=0x1716d5 fifoLkey=0x1716d5
MOC-R4PCC04U05:438619:438675 [2] NCCL INFO NET/IB: NCCL Dev 1 IbDev 0 Port 1 qpn 6499 mtu 3 query_ece={supported=1, vendor_id=0x15b3, options=0x30000002, comp_mask=0x0} GID 3 (0/C132A8C0FFFF0000) fifoRkey=0x177837 fifoLkey=0x177837
MOC-R4PCC04U05:438619:438675 [2] NCCL INFO NET/IB: IbDev 0 Port 1 qpn 6736 set_ece={supported=1, vendor_id=0x15b3, options=0x0, comp_mask=0x0}
MOC-R4PCC04U05:438619:438675 [2] NCCL INFO NET/IB: IbDev 0 Port 1 qpn 6738 set_ece={supported=1, vendor_id=0x15b3, options=0x0, comp_mask=0x0}
MOC-R4PCC04U05:438618:438679 [1] NCCL INFO New proxy send connection 10 from local rank 0, transport 0
MOC-R4PCC04U05:438617:438682 [0] NCCL INFO Connected to proxy localRank 1 -> connection 0x7fb7780053e0
MOC-R4PCC04U05:438620:438674 [3] NCCL INFO NET/IB: NCCL Dev 1 IbDev 0 Port 1 qpn 6500 mtu 3 query_ece={supported=1, vendor_id=0x15b3, options=0x30000002, comp_mask=0x0} GID 3 (0/C132A8C0FFFF0000) fifoRkey=0x17904f fifoLkey=0x17904f
MOC-R4PCC04U05:438620:438674 [3] NCCL INFO NET/IB: NCCL Dev 1 IbDev 0 Port 1 qpn 6501 mtu 3 query_ece={supported=1, vendor_id=0x15b3, options=0x30000002, comp_mask=0x0} GID 3 (0/C132A8C0FFFF0000) fifoRkey=0x175412 fifoLkey=0x175412
MOC-R4PCC04U05:438620:438674 [3] NCCL INFO NET/IB: IbDev 0 Port 1 qpn 6740 set_ece={supported=1, vendor_id=0x15b3, options=0x0, comp_mask=0x0}
MOC-R4PCC04U05:438620:438674 [3] NCCL INFO NET/IB: IbDev 0 Port 1 qpn 6742 set_ece={supported=1, vendor_id=0x15b3, options=0x0, comp_mask=0x0}
num decayed parameter tensors: 50, with 124,318,464 parameters
num non-decayed parameter tensors: 98, with 121,344 parameters
using fused AdamW: False
using regular AdamW
MOC-R4PCC04U05:438619:438675 [2] NCCL INFO New proxy recv connection 10 from local rank 2, transport 0
MOC-R4PCC04U05:438619:439377 [2] NCCL INFO Connected to proxy localRank 2 -> connection 0x7f9bb40053e0
MOC-R4PCC04U05:438619:438675 [2] NCCL INFO New proxy recv connection 11 from local rank 2, transport 0
MOC-R4PCC04U05:438619:439377 [2] NCCL INFO Connected to proxy localRank 2 -> connection 0x7f9bb4005458
MOC-R4PCC04U05:438619:438675 [2] NCCL INFO New proxy recv connection 12 from local rank 2, transport 0
MOC-R4PCC04U05:438619:439377 [2] NCCL INFO Connected to proxy localRank 2 -> connection 0x7f9bb40054d0
MOC-R4PCC04U05:438619:438675 [2] NCCL INFO New proxy recv connection 13 from local rank 2, transport 0
MOC-R4PCC04U05:438619:439377 [2] NCCL INFO Connected to proxy localRank 2 -> connection 0x7f9bb4005548
MOC-R4PCC04U05:438617:438678 [0] NCCL INFO New proxy send connection 11 from local rank 0, transport 0
MOC-R4PCC04U05:438617:439378 [0] NCCL INFO Connected to proxy localRank 0 -> connection 0x7f4d74005458
MOC-R4PCC04U05:438617:438678 [0] NCCL INFO New proxy send connection 12 from local rank 0, transport 0
MOC-R4PCC04U05:438617:439378 [0] NCCL INFO Connected to proxy localRank 0 -> connection 0x7f4d740054d0
MOC-R4PCC04U05:438617:438678 [0] NCCL INFO New proxy send connection 13 from local rank 0, transport 0
MOC-R4PCC04U05:438617:439378 [0] NCCL INFO Connected to proxy localRank 0 -> connection 0x7f4d74005548
MOC-R4PCC04U05:438617:438678 [0] NCCL INFO New proxy send connection 14 from local rank 0, transport 0
MOC-R4PCC04U05:438617:439378 [0] NCCL INFO Connected to proxy localRank 0 -> connection 0x7f4d740055c0
MOC-R4PCC04U05:438618:438679 [1] NCCL INFO New proxy recv connection 11 from local rank 1, transport 0
MOC-R4PCC04U05:438618:439379 [1] NCCL INFO Connected to proxy localRank 1 -> connection 0x7fb778005458
MOC-R4PCC04U05:438618:438679 [1] NCCL INFO New proxy recv connection 12 from local rank 1, transport 0
MOC-R4PCC04U05:438618:439379 [1] NCCL INFO Connected to proxy localRank 1 -> connection 0x7fb7780054d0
MOC-R4PCC04U05:438618:438679 [1] NCCL INFO New proxy recv connection 13 from local rank 1, transport 0
MOC-R4PCC04U05:438618:439379 [1] NCCL INFO Connected to proxy localRank 1 -> connection 0x7fb778005548
MOC-R4PCC04U05:438618:438679 [1] NCCL INFO New proxy recv connection 14 from local rank 1, transport 0
MOC-R4PCC04U05:438618:439379 [1] NCCL INFO Connected to proxy localRank 1 -> connection 0x7fb7780055c0
MOC-R4PCC04U05:438618:438679 [1] NCCL INFO New proxy send connection 15 from local rank 1, transport 0
MOC-R4PCC04U05:438618:439379 [1] NCCL INFO Connected to proxy localRank 1 -> connection 0x7fb778005638
MOC-R4PCC04U05:438618:438679 [1] NCCL INFO New proxy send connection 16 from local rank 1, transport 0
MOC-R4PCC04U05:438618:439379 [1] NCCL INFO Connected to proxy localRank 1 -> connection 0x7fb7780056b0
MOC-R4PCC04U05:438618:438679 [1] NCCL INFO New proxy send connection 17 from local rank 1, transport 0
MOC-R4PCC04U05:438618:439379 [1] NCCL INFO Connected to proxy localRank 1 -> connection 0x7fb778005728
MOC-R4PCC04U05:438618:438679 [1] NCCL INFO New proxy send connection 18 from local rank 1, transport 0
MOC-R4PCC04U05:438618:439379 [1] NCCL INFO Connected to proxy localRank 1 -> connection 0x7fb7780057a0
MOC-R4PCC04U05:438617:438678 [0] NCCL INFO New proxy send connection 15 from local rank 0, transport 0
MOC-R4PCC04U05:438618:438679 [1] NCCL INFO New proxy recv connection 19 from local rank 1, transport 0
MOC-R4PCC04U05:438618:439379 [1] NCCL INFO Connected to proxy localRank 1 -> connection 0x7fb778005818
MOC-R4PCC04U05:438617:439378 [0] NCCL INFO Connected to proxy localRank 0 -> connection 0x7f4d74005638
MOC-R4PCC04U05:438619:438675 [2] NCCL INFO New proxy send connection 14 from local rank 2, transport 0
MOC-R4PCC04U05:438619:439377 [2] NCCL INFO Connected to proxy localRank 2 -> connection 0x7f9bb40055c0
MOC-R4PCC04U05:438618:438679 [1] NCCL INFO New proxy recv connection 20 from local rank 1, transport 0
MOC-R4PCC04U05:438618:439379 [1] NCCL INFO Connected to proxy localRank 1 -> connection 0x7fb778005890
MOC-R4PCC04U05:438617:438678 [0] NCCL INFO New proxy send connection 16 from local rank 0, transport 0
MOC-R4PCC04U05:438619:438675 [2] NCCL INFO New proxy send connection 15 from local rank 2, transport 0
MOC-R4PCC04U05:438617:439378 [0] NCCL INFO Connected to proxy localRank 0 -> connection 0x7f4d740056b0
MOC-R4PCC04U05:438619:439377 [2] NCCL INFO Connected to proxy localRank 2 -> connection 0x7f9bb4005638
MOC-R4PCC04U05:438620:438674 [3] NCCL INFO New proxy recv connection 10 from local rank 3, transport 0
MOC-R4PCC04U05:438620:439380 [3] NCCL INFO Connected to proxy localRank 3 -> connection 0x7f63340053e0
MOC-R4PCC04U05:438620:438674 [3] NCCL INFO New proxy recv connection 11 from local rank 3, transport 0
MOC-R4PCC04U05:438620:439380 [3] NCCL INFO Connected to proxy localRank 3 -> connection 0x7f6334005458
MOC-R4PCC04U05:438620:439380 [3] NCCL INFO GPU Direct RDMA Disabled for GPU 3 / HCA 1 (distance 7 > 0)
MOC-R4PCC04U05:438620:438674 [3] NCCL INFO New proxy recv connection 12 from local rank 3, transport 2
MOC-R4PCC04U05:438620:439380 [3] NCCL INFO Connected to proxy localRank 3 -> connection 0x7f63340054d0
MOC-R4PCC04U05:438617:438678 [0] NCCL INFO New proxy recv connection 17 from local rank 0, transport 0
MOC-R4PCC04U05:438617:439378 [0] NCCL INFO Connected to proxy localRank 0 -> connection 0x7f4d74005728
MOC-R4PCC04U05:438620:439380 [3] NCCL INFO Channel 00/0 : 7[3] -> 3[3] [receive] via NET/IB/1
MOC-R4PCC04U05:438620:439380 [3] NCCL INFO GPU Direct RDMA Disabled for GPU 3 / HCA 1 (distance 7 > 0)
MOC-R4PCC04U05:438620:438674 [3] NCCL INFO New proxy recv connection 13 from local rank 3, transport 2
MOC-R4PCC04U05:438620:439380 [3] NCCL INFO Connected to proxy localRank 3 -> connection 0x7f6334005548
MOC-R4PCC04U05:438620:439380 [3] NCCL INFO Channel 01/0 : 7[3] -> 3[3] [receive] via NET/IB/1
MOC-R4PCC04U05:438620:439380 [3] NCCL INFO GPU Direct RDMA Disabled for GPU 3 / HCA 1 (distance 7 > 0)
MOC-R4PCC04U05:438620:438674 [3] NCCL INFO New proxy recv connection 14 from local rank 3, transport 2
MOC-R4PCC04U05:438620:439380 [3] NCCL INFO Connected to proxy localRank 3 -> connection 0x7f63340055c0
MOC-R4PCC04U05:438620:439380 [3] NCCL INFO Channel 02/0 : 7[3] -> 3[3] [receive] via NET/IB/1
MOC-R4PCC04U05:438620:439380 [3] NCCL INFO GPU Direct RDMA Disabled for GPU 3 / HCA 1 (distance 7 > 0)
MOC-R4PCC04U05:438620:438674 [3] NCCL INFO New proxy recv connection 15 from local rank 3, transport 2
MOC-R4PCC04U05:438620:439380 [3] NCCL INFO Connected to proxy localRank 3 -> connection 0x7f6334005638
MOC-R4PCC04U05:438620:439380 [3] NCCL INFO Channel 03/0 : 7[3] -> 3[3] [receive] via NET/IB/1
MOC-R4PCC04U05:438620:439380 [3] NCCL INFO GPU Direct RDMA Disabled for GPU 3 / HCA 1 (distance 7 > 0)
MOC-R4PCC04U05:438620:438674 [3] NCCL INFO New proxy send connection 16 from local rank 3, transport 2
MOC-R4PCC04U05:438620:439380 [3] NCCL INFO Connected to proxy localRank 3 -> connection 0x7f63340056b0
MOC-R4PCC04U05:438617:438678 [0] NCCL INFO New proxy recv connection 18 from local rank 0, transport 0
MOC-R4PCC04U05:438620:439380 [3] NCCL INFO Channel 00/0 : 3[3] -> 7[3] [send] via NET/IB/1
MOC-R4PCC04U05:438620:439380 [3] NCCL INFO GPU Direct RDMA Disabled for GPU 3 / HCA 1 (distance 7 > 0)
MOC-R4PCC04U05:438617:439378 [0] NCCL INFO Connected to proxy localRank 0 -> connection 0x7f4d740057a0
MOC-R4PCC04U05:438620:438674 [3] NCCL INFO New proxy send connection 17 from local rank 3, transport 2
MOC-R4PCC04U05:438620:439380 [3] NCCL INFO Connected to proxy localRank 3 -> connection 0x7f6334005728
MOC-R4PCC04U05:438620:439380 [3] NCCL INFO Channel 01/0 : 3[3] -> 7[3] [send] via NET/IB/1
MOC-R4PCC04U05:438620:439380 [3] NCCL INFO GPU Direct RDMA Disabled for GPU 3 / HCA 1 (distance 7 > 0)
MOC-R4PCC04U05:438620:438674 [3] NCCL INFO New proxy send connection 18 from local rank 3, transport 2
MOC-R4PCC04U05:438620:439380 [3] NCCL INFO Connected to proxy localRank 3 -> connection 0x7f63340057a0
MOC-R4PCC04U05:438620:439380 [3] NCCL INFO Channel 02/0 : 3[3] -> 7[3] [send] via NET/IB/1
MOC-R4PCC04U05:438620:439380 [3] NCCL INFO GPU Direct RDMA Disabled for GPU 3 / HCA 1 (distance 7 > 0)
MOC-R4PCC04U05:438617:438678 [0] NCCL INFO New proxy recv connection 19 from local rank 0, transport 0
MOC-R4PCC04U05:438617:439378 [0] NCCL INFO Connected to proxy localRank 0 -> connection 0x7f4d74005818
MOC-R4PCC04U05:438620:438674 [3] NCCL INFO New proxy send connection 19 from local rank 3, transport 2
MOC-R4PCC04U05:438620:439380 [3] NCCL INFO Connected to proxy localRank 3 -> connection 0x7f6334005818
MOC-R4PCC04U05:438620:439380 [3] NCCL INFO Channel 03/0 : 3[3] -> 7[3] [send] via NET/IB/1
MOC-R4PCC04U05:438617:438678 [0] NCCL INFO New proxy recv connection 20 from local rank 0, transport 0
MOC-R4PCC04U05:438617:439378 [0] NCCL INFO Connected to proxy localRank 0 -> connection 0x7f4d74005890
MOC-R4PCC04U05:438620:438674 [3] NCCL INFO New proxy send connection 20 from local rank 3, transport 0
MOC-R4PCC04U05:438620:439380 [3] NCCL INFO Connected to proxy localRank 3 -> connection 0x7f6334005890
MOC-R4PCC04U05:438620:438674 [3] NCCL INFO New proxy send connection 21 from local rank 3, transport 0
MOC-R4PCC04U05:438620:439380 [3] NCCL INFO Connected to proxy localRank 3 -> connection 0x7f6334005908
MOC-R4PCC04U05:438620:438674 [3] NCCL INFO New proxy send connection 22 from local rank 3, transport 0
MOC-R4PCC04U05:438620:439380 [3] NCCL INFO Connected to proxy localRank 3 -> connection 0x7f6334005980
MOC-R4PCC04U05:438620:438674 [3] NCCL INFO New proxy send connection 23 from local rank 3, transport 0
MOC-R4PCC04U05:438620:439380 [3] NCCL INFO Connected to proxy localRank 3 -> connection 0x7f63340059f8
MOC-R4PCC04U05:438620:438674 [3] NCCL INFO NET/IB: NCCL Dev 1 IbDev 0 Port 1 qpn 6508 mtu 3 query_ece={supported=1, vendor_id=0x15b3, options=0x30000002, comp_mask=0x0} GID 3 (0/C132A8C0FFFF0000) fifoRkey=0x179c5b fifoLkey=0x179c5b
MOC-R4PCC04U05:438620:438674 [3] NCCL INFO NET/IB: NCCL Dev 1 IbDev 0 Port 1 qpn 6511 mtu 3 query_ece={supported=1, vendor_id=0x15b3, options=0x30000002, comp_mask=0x0} GID 3 (0/C132A8C0FFFF0000) fifoRkey=0x17d796 fifoLkey=0x17d796
MOC-R4PCC04U05:438620:438674 [3] NCCL INFO NET/IB: NCCL Dev 1 IbDev 0 Port 1 qpn 6514 mtu 3 query_ece={supported=1, vendor_id=0x15b3, options=0x30000002, comp_mask=0x0} GID 3 (0/C132A8C0FFFF0000) fifoRkey=0x17a767 fifoLkey=0x17a767
MOC-R4PCC04U05:438620:438674 [3] NCCL INFO NET/IB: IbDev 0 Port 1 qpn 6749 set_ece={supported=1, vendor_id=0x15b3, options=0x0, comp_mask=0x0}
MOC-R4PCC04U05:438620:438674 [3] NCCL INFO NET/IB: IbDev 0 Port 1 qpn 6751 set_ece={supported=1, vendor_id=0x15b3, options=0x0, comp_mask=0x0}
MOC-R4PCC04U05:438620:438674 [3] NCCL INFO NET/IB: IbDev 0 Port 1 qpn 6753 set_ece={supported=1, vendor_id=0x15b3, options=0x0, comp_mask=0x0}
MOC-R4PCC04U05:438620:438674 [3] NCCL INFO NET/IB: NCCL Dev 1 IbDev 0 Port 1 qpn 6515 mtu 3 query_ece={supported=1, vendor_id=0x15b3, options=0x30000002, comp_mask=0x0} GID 3 (0/C132A8C0FFFF0000) fifoRkey=0x1722e1 fifoLkey=0x1722e1
MOC-R4PCC04U05:438620:438674 [3] NCCL INFO NET/IB: IbDev 0 Port 1 qpn 6756 set_ece={supported=1, vendor_id=0x15b3, options=0x0, comp_mask=0x0}
step    1/10 | train loss 11.009525 | norm 15.3465 | lr 1.00e-04 | (14560.84 ms | 180034 tok/s)
step    2/10 | train loss 10.140072 | norm 5.7337 | lr 1.00e-04 | (861.37 ms | 3043346 tok/s)
step    3/10 | train loss 9.800385 | norm 2.6009 | lr 1.00e-04 | (846.43 ms | 3097046 tok/s)
step    4/10 | train loss 9.631469 | norm 2.1085 | lr 1.00e-04 | (814.59 ms | 3218103 tok/s)
step    5/10 | train loss 9.548707 | norm 2.0999 | lr 1.00e-04 | (791.33 ms | 3312695 tok/s)
step    6/10 | train loss 9.467640 | norm 1.9930 | lr 1.00e-04 | (796.58 ms | 3290881 tok/s)
step    7/10 | train loss 9.382118 | norm 1.9432 | lr 1.00e-04 | (780.61 ms | 3358175 tok/s)
step    8/10 | train loss 9.290379 | norm 1.9093 | lr 1.00e-04 | (813.01 ms | 3224364 tok/s)
step    9/10 | train loss 9.195257 | norm 1.8505 | lr 1.00e-04 | (784.11 ms | 3343200 tok/s)
step   10/10 | train loss 9.111423 | norm 1.7945 | lr 1.00e-04 | (856.11 ms | 3062054 tok/s)
final 9 iters avg: 816.016ms
peak memory consumption: 16601 MiB
