Running pytorch 2.7.0+cu126
using device: cuda:0
total desired batch size: 1179648
=> calculated gradient accumulation steps: 3
using device: cuda:3
using device: cuda:2
using device: cuda:1
compiling the model...
DataLoader: total number of tokens: 1,661,249,667 across 103 files
MOC-R4PCC04U05:573181:573181 [0] NCCL INFO NCCL_SOCKET_IFNAME set to eno7np0
MOC-R4PCC04U05:573181:573181 [0] NCCL INFO NCCL version 2.26.2+cuda12.2
MOC-R4PCC04U05:573181:573285 [0] NCCL INFO NET/Plugin: Could not find: libnccl-net.so. Using internal net plugin.
MOC-R4PCC04U05:573181:573285 [0] NCCL INFO NCCL_IB_HCA set to mlx5_5
MOC-R4PCC04U05:573184:573184 [3] NCCL INFO NCCL_SOCKET_IFNAME set to eno7np0
MOC-R4PCC04U05:573184:573184 [3] NCCL INFO NCCL version 2.26.2+cuda12.2
MOC-R4PCC04U05:573183:573183 [2] NCCL INFO NCCL_SOCKET_IFNAME set to eno7np0
MOC-R4PCC04U05:573183:573183 [2] NCCL INFO NCCL version 2.26.2+cuda12.2
MOC-R4PCC04U05:573181:573285 [0] NCCL INFO NET/IB : Made virtual device [0] name=mlx5_5 speed=400000 ndevs=1
MOC-R4PCC04U05:573181:573285 [0] NCCL INFO NET/IB : Using [0]mlx5_5:1/RoCE [RO]; OOB eno7np0:192.168.50.193<0>
MOC-R4PCC04U05:573182:573182 [1] NCCL INFO NCCL_SOCKET_IFNAME set to eno7np0
MOC-R4PCC04U05:573182:573182 [1] NCCL INFO NCCL version 2.26.2+cuda12.2
MOC-R4PCC04U05:573184:573307 [3] NCCL INFO NET/Plugin: Could not find: libnccl-net.so. Using internal net plugin.
MOC-R4PCC04U05:573183:573308 [2] NCCL INFO NET/Plugin: Could not find: libnccl-net.so. Using internal net plugin.
MOC-R4PCC04U05:573184:573307 [3] NCCL INFO NCCL_IB_HCA set to mlx5_5
MOC-R4PCC04U05:573183:573308 [2] NCCL INFO NCCL_IB_HCA set to mlx5_5
MOC-R4PCC04U05:573184:573307 [3] NCCL INFO NET/IB : Made virtual device [0] name=mlx5_5 speed=400000 ndevs=1
MOC-R4PCC04U05:573184:573307 [3] NCCL INFO NET/IB : Using [0]mlx5_5:1/RoCE [RO]; OOB eno7np0:192.168.50.193<0>
MOC-R4PCC04U05:573183:573308 [2] NCCL INFO NET/IB : Made virtual device [0] name=mlx5_5 speed=400000 ndevs=1
MOC-R4PCC04U05:573183:573308 [2] NCCL INFO NET/IB : Using [0]mlx5_5:1/RoCE [RO]; OOB eno7np0:192.168.50.193<0>
MOC-R4PCC04U05:573182:573310 [1] NCCL INFO NET/Plugin: Could not find: libnccl-net.so. Using internal net plugin.
MOC-R4PCC04U05:573182:573310 [1] NCCL INFO NCCL_IB_HCA set to mlx5_5
MOC-R4PCC04U05:573182:573310 [1] NCCL INFO NET/IB : Made virtual device [0] name=mlx5_5 speed=400000 ndevs=1
MOC-R4PCC04U05:573182:573310 [1] NCCL INFO NET/IB : Using [0]mlx5_5:1/RoCE [RO]; OOB eno7np0:192.168.50.193<0>
MOC-R4PCC04U05:573184:573307 [3] NCCL INFO NET/IB : GPU Direct RDMA Enabled for HCA 0 'mlx5_5'
MOC-R4PCC04U05:573184:573307 [3] NCCL INFO NET/IB : Made virtual device [1] name=mlx5_5 speed=400000 ndevs=1
MOC-R4PCC04U05:573184:573307 [3] NCCL INFO NET/IB : GPU Direct RDMA Enabled for HCA 0 'mlx5_5'
MOC-R4PCC04U05:573184:573307 [3] NCCL INFO NET/IB : GPU Direct RDMA Enabled for HCA 1 'mlx5_5'
MOC-R4PCC04U05:573182:573310 [1] NCCL INFO NET/IB : GPU Direct RDMA Enabled for HCA 0 'mlx5_5'
MOC-R4PCC04U05:573182:573310 [1] NCCL INFO NET/IB : Made virtual device [1] name=mlx5_5 speed=400000 ndevs=1
MOC-R4PCC04U05:573182:573310 [1] NCCL INFO NET/IB : GPU Direct RDMA Enabled for HCA 0 'mlx5_5'
MOC-R4PCC04U05:573182:573310 [1] NCCL INFO NET/IB : GPU Direct RDMA Enabled for HCA 1 'mlx5_5'
MOC-R4PCC04U05:573181:573285 [0] NCCL INFO NET/IB : GPU Direct RDMA Enabled for HCA 0 'mlx5_5'
MOC-R4PCC04U05:573181:573285 [0] NCCL INFO NET/IB : Made virtual device [1] name=mlx5_5 speed=400000 ndevs=1
MOC-R4PCC04U05:573181:573285 [0] NCCL INFO NET/IB : GPU Direct RDMA Enabled for HCA 0 'mlx5_5'
MOC-R4PCC04U05:573181:573285 [0] NCCL INFO NET/IB : GPU Direct RDMA Enabled for HCA 1 'mlx5_5'
MOC-R4PCC04U05:573183:573308 [2] NCCL INFO NET/IB : GPU Direct RDMA Enabled for HCA 0 'mlx5_5'
MOC-R4PCC04U05:573183:573308 [2] NCCL INFO NET/IB : Made virtual device [1] name=mlx5_5 speed=400000 ndevs=1
MOC-R4PCC04U05:573183:573308 [2] NCCL INFO NET/IB : GPU Direct RDMA Enabled for HCA 0 'mlx5_5'
MOC-R4PCC04U05:573183:573308 [2] NCCL INFO NET/IB : GPU Direct RDMA Enabled for HCA 1 'mlx5_5'
MOC-R4PCC04U05:573182:573310 [1] NCCL INFO NCCL_NET_GDR_LEVEL set by environment to LOC
MOC-R4PCC04U05:573182:573310 [1] NCCL INFO GPU Direct RDMA Disabled for GPU 0 / HCA 1 (distance 5 > 0)
MOC-R4PCC04U05:573182:573310 [1] NCCL INFO GPU Direct RDMA Disabled for GPU 1 / HCA 1 (distance 5 > 0)
MOC-R4PCC04U05:573182:573310 [1] NCCL INFO GPU Direct RDMA Disabled for GPU 2 / HCA 1 (distance 5 > 0)
MOC-R4PCC04U05:573182:573310 [1] NCCL INFO GPU Direct RDMA Disabled for GPU 0 / HCA 1 (distance 5 > 0)
MOC-R4PCC04U05:573182:573310 [1] NCCL INFO GPU Direct RDMA Disabled for GPU 1 / HCA 1 (distance 5 > 0)
MOC-R4PCC04U05:573182:573310 [1] NCCL INFO GPU Direct RDMA Disabled for GPU 2 / HCA 1 (distance 5 > 0)
MOC-R4PCC04U05:573181:573285 [0] NCCL INFO NCCL_NET_GDR_LEVEL set by environment to LOC
MOC-R4PCC04U05:573181:573285 [0] NCCL INFO GPU Direct RDMA Disabled for GPU 0 / HCA 1 (distance 5 > 0)
MOC-R4PCC04U05:573181:573285 [0] NCCL INFO GPU Direct RDMA Disabled for GPU 1 / HCA 1 (distance 5 > 0)
MOC-R4PCC04U05:573181:573285 [0] NCCL INFO GPU Direct RDMA Disabled for GPU 2 / HCA 1 (distance 5 > 0)
MOC-R4PCC04U05:573181:573285 [0] NCCL INFO GPU Direct RDMA Disabled for GPU 0 / HCA 1 (distance 5 > 0)
MOC-R4PCC04U05:573181:573285 [0] NCCL INFO GPU Direct RDMA Disabled for GPU 1 / HCA 1 (distance 5 > 0)
MOC-R4PCC04U05:573181:573285 [0] NCCL INFO GPU Direct RDMA Disabled for GPU 2 / HCA 1 (distance 5 > 0)
MOC-R4PCC04U05:573184:573307 [3] NCCL INFO NCCL_NET_GDR_LEVEL set by environment to LOC
MOC-R4PCC04U05:573184:573307 [3] NCCL INFO GPU Direct RDMA Disabled for GPU 0 / HCA 1 (distance 5 > 0)
MOC-R4PCC04U05:573184:573307 [3] NCCL INFO GPU Direct RDMA Disabled for GPU 1 / HCA 1 (distance 5 > 0)
MOC-R4PCC04U05:573184:573307 [3] NCCL INFO GPU Direct RDMA Disabled for GPU 2 / HCA 1 (distance 5 > 0)
MOC-R4PCC04U05:573184:573307 [3] NCCL INFO GPU Direct RDMA Disabled for GPU 0 / HCA 1 (distance 5 > 0)
MOC-R4PCC04U05:573184:573307 [3] NCCL INFO GPU Direct RDMA Disabled for GPU 1 / HCA 1 (distance 5 > 0)
MOC-R4PCC04U05:573184:573307 [3] NCCL INFO GPU Direct RDMA Disabled for GPU 2 / HCA 1 (distance 5 > 0)
MOC-R4PCC04U05:573183:573308 [2] NCCL INFO NCCL_NET_GDR_LEVEL set by environment to LOC
MOC-R4PCC04U05:573183:573308 [2] NCCL INFO GPU Direct RDMA Disabled for GPU 0 / HCA 1 (distance 5 > 0)
MOC-R4PCC04U05:573183:573308 [2] NCCL INFO GPU Direct RDMA Disabled for GPU 1 / HCA 1 (distance 5 > 0)
MOC-R4PCC04U05:573183:573308 [2] NCCL INFO GPU Direct RDMA Disabled for GPU 2 / HCA 1 (distance 5 > 0)
MOC-R4PCC04U05:573183:573308 [2] NCCL INFO GPU Direct RDMA Disabled for GPU 0 / HCA 1 (distance 5 > 0)
MOC-R4PCC04U05:573183:573308 [2] NCCL INFO GPU Direct RDMA Disabled for GPU 1 / HCA 1 (distance 5 > 0)
MOC-R4PCC04U05:573183:573308 [2] NCCL INFO GPU Direct RDMA Disabled for GPU 2 / HCA 1 (distance 5 > 0)
MOC-R4PCC04U05:573182:573323 [1] NCCL INFO New proxy recv connection 0 from local rank 1, transport 0
MOC-R4PCC04U05:573182:573330 [1] NCCL INFO Connected to proxy localRank 1 -> connection 0x7fa7e8004f30
MOC-R4PCC04U05:573182:573323 [1] NCCL INFO New proxy recv connection 1 from local rank 1, transport 0
MOC-R4PCC04U05:573182:573330 [1] NCCL INFO Connected to proxy localRank 1 -> connection 0x7fa7e8004fa8
MOC-R4PCC04U05:573183:573322 [2] NCCL INFO New proxy recv connection 0 from local rank 2, transport 0
MOC-R4PCC04U05:573183:573332 [2] NCCL INFO Connected to proxy localRank 2 -> connection 0x7fa31c004f30
MOC-R4PCC04U05:573184:573324 [3] NCCL INFO New proxy recv connection 0 from local rank 3, transport 0
MOC-R4PCC04U05:573184:573331 [3] NCCL INFO Connected to proxy localRank 3 -> connection 0x7efff8004f30
MOC-R4PCC04U05:573184:573324 [3] NCCL INFO New proxy recv connection 1 from local rank 3, transport 0
MOC-R4PCC04U05:573183:573322 [2] NCCL INFO New proxy recv connection 1 from local rank 2, transport 0
MOC-R4PCC04U05:573184:573331 [3] NCCL INFO Connected to proxy localRank 3 -> connection 0x7efff8004fa8
MOC-R4PCC04U05:573183:573332 [2] NCCL INFO Connected to proxy localRank 2 -> connection 0x7fa31c004fa8
MOC-R4PCC04U05:573181:573325 [0] NCCL INFO New proxy send connection 0 from local rank 0, transport 0
MOC-R4PCC04U05:573181:573333 [0] NCCL INFO Connected to proxy localRank 0 -> connection 0x7f69e4004f30
MOC-R4PCC04U05:573184:573331 [3] NCCL INFO GPU Direct RDMA Disabled for GPU 3 / HCA 1 (distance 7 > 0)
MOC-R4PCC04U05:573181:573325 [0] NCCL INFO New proxy send connection 1 from local rank 0, transport 0
MOC-R4PCC04U05:573181:573333 [0] NCCL INFO Connected to proxy localRank 0 -> connection 0x7f69e4004fa8
MOC-R4PCC04U05:573183:573332 [2] NCCL INFO GPU Direct RDMA Disabled for GPU 2 / HCA 1 (distance 7 > 0)
MOC-R4PCC04U05:573181:573325 [0] NCCL INFO New proxy send connection 2 from local rank 0, transport 0
MOC-R4PCC04U05:573181:573333 [0] NCCL INFO Connected to proxy localRank 0 -> connection 0x7f69e4005020
MOC-R4PCC04U05:573181:573325 [0] NCCL INFO New proxy send connection 3 from local rank 0, transport 0
MOC-R4PCC04U05:573181:573333 [0] NCCL INFO Connected to proxy localRank 0 -> connection 0x7f69e4005098
MOC-R4PCC04U05:573184:573324 [3] NCCL INFO New proxy send connection 2 from local rank 3, transport 2
MOC-R4PCC04U05:573184:573331 [3] NCCL INFO Connected to proxy localRank 3 -> connection 0x7efff8005020
MOC-R4PCC04U05:573184:573331 [3] NCCL INFO Channel 00/0 : 3[3] -> 6[2] [send] via NET/IB/1
MOC-R4PCC04U05:573184:573331 [3] NCCL INFO GPU Direct RDMA Disabled for GPU 3 / HCA 1 (distance 7 > 0)
MOC-R4PCC04U05:573184:573324 [3] NCCL INFO New proxy send connection 3 from local rank 3, transport 2
MOC-R4PCC04U05:573184:573331 [3] NCCL INFO Connected to proxy localRank 3 -> connection 0x7efff8005098
MOC-R4PCC04U05:573184:573331 [3] NCCL INFO Channel 02/0 : 3[3] -> 6[2] [send] via NET/IB/1
MOC-R4PCC04U05:573181:573325 [0] NCCL INFO New proxy recv connection 4 from local rank 0, transport 0
MOC-R4PCC04U05:573181:573333 [0] NCCL INFO Connected to proxy localRank 0 -> connection 0x7f69e4005110
MOC-R4PCC04U05:573183:573322 [2] NCCL INFO New proxy recv connection 2 from local rank 2, transport 2
MOC-R4PCC04U05:573183:573332 [2] NCCL INFO Connected to proxy localRank 2 -> connection 0x7fa31c005020
MOC-R4PCC04U05:573183:573332 [2] NCCL INFO Channel 00/0 : 11[3] -> 2[2] [receive] via NET/IB/1
MOC-R4PCC04U05:573183:573332 [2] NCCL INFO GPU Direct RDMA Disabled for GPU 2 / HCA 1 (distance 7 > 0)
MOC-R4PCC04U05:573183:573322 [2] NCCL INFO New proxy recv connection 3 from local rank 2, transport 2
MOC-R4PCC04U05:573183:573332 [2] NCCL INFO Connected to proxy localRank 2 -> connection 0x7fa31c005098
MOC-R4PCC04U05:573183:573332 [2] NCCL INFO Channel 02/0 : 11[3] -> 2[2] [receive] via NET/IB/1
MOC-R4PCC04U05:573184:573331 [3] NCCL INFO GPU Direct RDMA Disabled for GPU 3 / HCA 1 (distance 7 > 0)
MOC-R4PCC04U05:573184:573324 [3] NCCL INFO New proxy recv connection 4 from local rank 3, transport 2
MOC-R4PCC04U05:573184:573331 [3] NCCL INFO Connected to proxy localRank 3 -> connection 0x7efff8005110
MOC-R4PCC04U05:573184:573331 [3] NCCL INFO Channel 01/0 : 10[2] -> 3[3] [receive] via NET/IB/1
MOC-R4PCC04U05:573184:573331 [3] NCCL INFO GPU Direct RDMA Disabled for GPU 3 / HCA 1 (distance 7 > 0)
MOC-R4PCC04U05:573184:573324 [3] NCCL INFO New proxy recv connection 5 from local rank 3, transport 2
MOC-R4PCC04U05:573184:573331 [3] NCCL INFO Connected to proxy localRank 3 -> connection 0x7efff8005188
MOC-R4PCC04U05:573184:573331 [3] NCCL INFO Channel 03/0 : 10[2] -> 3[3] [receive] via NET/IB/1
MOC-R4PCC04U05:573181:573325 [0] NCCL INFO New proxy recv connection 5 from local rank 0, transport 0
MOC-R4PCC04U05:573181:573333 [0] NCCL INFO Connected to proxy localRank 0 -> connection 0x7f69e4005188
MOC-R4PCC04U05:573181:573325 [0] NCCL INFO New proxy recv connection 6 from local rank 0, transport 0
MOC-R4PCC04U05:573181:573333 [0] NCCL INFO Connected to proxy localRank 0 -> connection 0x7f69e4005200
MOC-R4PCC04U05:573181:573325 [0] NCCL INFO New proxy recv connection 7 from local rank 0, transport 0
MOC-R4PCC04U05:573181:573333 [0] NCCL INFO Connected to proxy localRank 0 -> connection 0x7f69e4005278
MOC-R4PCC04U05:573183:573332 [2] NCCL INFO GPU Direct RDMA Disabled for GPU 2 / HCA 1 (distance 7 > 0)
MOC-R4PCC04U05:573183:573322 [2] NCCL INFO New proxy send connection 4 from local rank 2, transport 2
MOC-R4PCC04U05:573183:573332 [2] NCCL INFO Connected to proxy localRank 2 -> connection 0x7fa31c005110
MOC-R4PCC04U05:573183:573332 [2] NCCL INFO Channel 01/0 : 2[2] -> 7[3] [send] via NET/IB/1
MOC-R4PCC04U05:573183:573332 [2] NCCL INFO GPU Direct RDMA Disabled for GPU 2 / HCA 1 (distance 7 > 0)
MOC-R4PCC04U05:573183:573322 [2] NCCL INFO New proxy send connection 5 from local rank 2, transport 2
MOC-R4PCC04U05:573183:573332 [2] NCCL INFO Connected to proxy localRank 2 -> connection 0x7fa31c005188
MOC-R4PCC04U05:573183:573332 [2] NCCL INFO Channel 03/0 : 2[2] -> 7[3] [send] via NET/IB/1
MOC-R4PCC04U05:573184:573324 [3] NCCL INFO New proxy send connection 6 from local rank 3, transport 0
MOC-R4PCC04U05:573183:573322 [2] NCCL INFO New proxy send connection 6 from local rank 2, transport 0
MOC-R4PCC04U05:573184:573331 [3] NCCL INFO Connected to proxy localRank 3 -> connection 0x7efff8005200
MOC-R4PCC04U05:573183:573332 [2] NCCL INFO Connected to proxy localRank 2 -> connection 0x7fa31c005200
MOC-R4PCC04U05:573184:573324 [3] NCCL INFO New proxy send connection 7 from local rank 3, transport 0
MOC-R4PCC04U05:573183:573322 [2] NCCL INFO New proxy send connection 7 from local rank 2, transport 0
MOC-R4PCC04U05:573184:573331 [3] NCCL INFO Connected to proxy localRank 3 -> connection 0x7efff8005278
MOC-R4PCC04U05:573183:573332 [2] NCCL INFO Connected to proxy localRank 2 -> connection 0x7fa31c005278
MOC-R4PCC04U05:573182:573323 [1] NCCL INFO New proxy recv connection 2 from local rank 1, transport 0
MOC-R4PCC04U05:573182:573330 [1] NCCL INFO Connected to proxy localRank 1 -> connection 0x7fa7e8005020
MOC-R4PCC04U05:573181:573325 [0] NCCL INFO New proxy send connection 8 from local rank 3, transport 0
MOC-R4PCC04U05:573184:573331 [3] NCCL INFO Connected to proxy localRank 0 -> connection 0x7f69e40052f0
MOC-R4PCC04U05:573182:573323 [1] NCCL INFO New proxy recv connection 3 from local rank 1, transport 0
MOC-R4PCC04U05:573182:573330 [1] NCCL INFO Connected to proxy localRank 1 -> connection 0x7fa7e8005098
MOC-R4PCC04U05:573182:573323 [1] NCCL INFO New proxy send connection 4 from local rank 1, transport 0
MOC-R4PCC04U05:573182:573330 [1] NCCL INFO Connected to proxy localRank 1 -> connection 0x7fa7e8005110
MOC-R4PCC04U05:573182:573323 [1] NCCL INFO New proxy send connection 5 from local rank 1, transport 0
MOC-R4PCC04U05:573182:573330 [1] NCCL INFO Connected to proxy localRank 1 -> connection 0x7fa7e8005188
MOC-R4PCC04U05:573182:573323 [1] NCCL INFO New proxy send connection 6 from local rank 1, transport 0
MOC-R4PCC04U05:573182:573330 [1] NCCL INFO Connected to proxy localRank 1 -> connection 0x7fa7e8005200
MOC-R4PCC04U05:573182:573323 [1] NCCL INFO New proxy send connection 7 from local rank 1, transport 0
MOC-R4PCC04U05:573182:573330 [1] NCCL INFO Connected to proxy localRank 1 -> connection 0x7fa7e8005278
MOC-R4PCC04U05:573184:573324 [3] NCCL INFO New proxy send connection 8 from local rank 1, transport 0
MOC-R4PCC04U05:573182:573330 [1] NCCL INFO Connected to proxy localRank 3 -> connection 0x7efff80052f0
MOC-R4PCC04U05:573181:573325 [0] NCCL INFO New proxy send connection 9 from local rank 2, transport 0
MOC-R4PCC04U05:573183:573332 [2] NCCL INFO Connected to proxy localRank 0 -> connection 0x7f69e4005368
MOC-R4PCC04U05:573183:573322 [2] NCCL INFO New proxy send connection 8 from local rank 0, transport 0
MOC-R4PCC04U05:573181:573333 [0] NCCL INFO Connected to proxy localRank 2 -> connection 0x7fa31c0052f0
MOC-R4PCC04U05:573182:573323 [1] NCCL INFO New proxy send connection 8 from local rank 3, transport 0
MOC-R4PCC04U05:573184:573331 [3] NCCL INFO Connected to proxy localRank 1 -> connection 0x7fa7e80052f0
MOC-R4PCC04U05:573184:573324 [3] NCCL INFO NET/IB: NCCL Dev 1 IbDev 0 Port 1 qpn 9122 mtu 3 query_ece={supported=1, vendor_id=0x15b3, options=0x30000002, comp_mask=0x0} GID 3 (0/C132A8C0FFFF0000) fifoRkey=0x17e1a0 fifoLkey=0x17e1a0
MOC-R4PCC04U05:573182:573323 [1] NCCL INFO New proxy send connection 9 from local rank 2, transport 0
MOC-R4PCC04U05:573183:573332 [2] NCCL INFO Connected to proxy localRank 1 -> connection 0x7fa7e8005368
MOC-R4PCC04U05:573181:573325 [0] NCCL INFO New proxy send connection 10 from local rank 1, transport 0
MOC-R4PCC04U05:573182:573330 [1] NCCL INFO Connected to proxy localRank 0 -> connection 0x7f69e40053e0
MOC-R4PCC04U05:573184:573324 [3] NCCL INFO NET/IB: NCCL Dev 1 IbDev 0 Port 1 qpn 9123 mtu 3 query_ece={supported=1, vendor_id=0x15b3, options=0x30000002, comp_mask=0x0} GID 3 (0/C132A8C0FFFF0000) fifoRkey=0x177837 fifoLkey=0x177837
MOC-R4PCC04U05:573183:573322 [2] NCCL INFO NET/IB: NCCL Dev 1 IbDev 0 Port 1 qpn 9124 mtu 3 query_ece={supported=1, vendor_id=0x15b3, options=0x30000002, comp_mask=0x0} GID 3 (0/C132A8C0FFFF0000) fifoRkey=0x17cb8a fifoLkey=0x17cb8a
MOC-R4PCC04U05:573183:573322 [2] NCCL INFO NET/IB: NCCL Dev 1 IbDev 0 Port 1 qpn 9125 mtu 3 query_ece={supported=1, vendor_id=0x15b3, options=0x30000002, comp_mask=0x0} GID 3 (0/C132A8C0FFFF0000) fifoRkey=0x17ecab fifoLkey=0x17ecab
MOC-R4PCC04U05:573184:573324 [3] NCCL INFO New proxy send connection 9 from local rank 0, transport 0
MOC-R4PCC04U05:573181:573333 [0] NCCL INFO Connected to proxy localRank 3 -> connection 0x7efff8005368
MOC-R4PCC04U05:573184:573324 [3] NCCL INFO NET/IB: IbDev 0 Port 1 qpn 8944 set_ece={supported=1, vendor_id=0x15b3, options=0x0, comp_mask=0x0}
MOC-R4PCC04U05:573183:573322 [2] NCCL INFO NET/IB: IbDev 0 Port 1 qpn 8946 set_ece={supported=1, vendor_id=0x15b3, options=0x0, comp_mask=0x0}
MOC-R4PCC04U05:573184:573324 [3] NCCL INFO NET/IB: IbDev 0 Port 1 qpn 8948 set_ece={supported=1, vendor_id=0x15b3, options=0x0, comp_mask=0x0}
MOC-R4PCC04U05:573183:573322 [2] NCCL INFO NET/IB: IbDev 0 Port 1 qpn 8950 set_ece={supported=1, vendor_id=0x15b3, options=0x0, comp_mask=0x0}
MOC-R4PCC04U05:573182:573323 [1] NCCL INFO New proxy send connection 10 from local rank 0, transport 0
MOC-R4PCC04U05:573181:573333 [0] NCCL INFO Connected to proxy localRank 1 -> connection 0x7fa7e80053e0
MOC-R4PCC04U05:573183:573322 [2] NCCL INFO New proxy send connection 9 from local rank 1, transport 0
MOC-R4PCC04U05:573182:573330 [1] NCCL INFO Connected to proxy localRank 2 -> connection 0x7fa31c005368
num decayed parameter tensors: 50, with 124,318,464 parameters
num non-decayed parameter tensors: 98, with 121,344 parameters
using fused AdamW: False
using regular AdamW
MOC-R4PCC04U05:573184:573324 [3] NCCL INFO New proxy recv connection 10 from local rank 3, transport 0
MOC-R4PCC04U05:573184:574024 [3] NCCL INFO Connected to proxy localRank 3 -> connection 0x7efff80053e0
MOC-R4PCC04U05:573184:573324 [3] NCCL INFO New proxy recv connection 11 from local rank 3, transport 0
MOC-R4PCC04U05:573184:574024 [3] NCCL INFO Connected to proxy localRank 3 -> connection 0x7efff8005458
MOC-R4PCC04U05:573181:573325 [0] NCCL INFO New proxy send connection 11 from local rank 0, transport 0
MOC-R4PCC04U05:573181:574025 [0] NCCL INFO Connected to proxy localRank 0 -> connection 0x7f69e4005458
MOC-R4PCC04U05:573181:573325 [0] NCCL INFO New proxy send connection 12 from local rank 0, transport 0
MOC-R4PCC04U05:573181:574025 [0] NCCL INFO Connected to proxy localRank 0 -> connection 0x7f69e40054d0
MOC-R4PCC04U05:573181:573325 [0] NCCL INFO New proxy send connection 13 from local rank 0, transport 0
MOC-R4PCC04U05:573181:574025 [0] NCCL INFO Connected to proxy localRank 0 -> connection 0x7f69e4005548
MOC-R4PCC04U05:573181:573325 [0] NCCL INFO New proxy send connection 14 from local rank 0, transport 0
MOC-R4PCC04U05:573181:574025 [0] NCCL INFO Connected to proxy localRank 0 -> connection 0x7f69e40055c0
MOC-R4PCC04U05:573183:573322 [2] NCCL INFO New proxy recv connection 10 from local rank 2, transport 0
MOC-R4PCC04U05:573183:574026 [2] NCCL INFO Connected to proxy localRank 2 -> connection 0x7fa31c0053e0
MOC-R4PCC04U05:573183:573322 [2] NCCL INFO New proxy recv connection 11 from local rank 2, transport 0
MOC-R4PCC04U05:573183:574026 [2] NCCL INFO Connected to proxy localRank 2 -> connection 0x7fa31c005458
MOC-R4PCC04U05:573183:573322 [2] NCCL INFO New proxy recv connection 12 from local rank 2, transport 0
MOC-R4PCC04U05:573183:574026 [2] NCCL INFO Connected to proxy localRank 2 -> connection 0x7fa31c0054d0
MOC-R4PCC04U05:573183:573322 [2] NCCL INFO New proxy recv connection 13 from local rank 2, transport 0
MOC-R4PCC04U05:573183:574026 [2] NCCL INFO Connected to proxy localRank 2 -> connection 0x7fa31c005548
MOC-R4PCC04U05:573182:573323 [1] NCCL INFO New proxy recv connection 11 from local rank 1, transport 0
MOC-R4PCC04U05:573182:574027 [1] NCCL INFO Connected to proxy localRank 1 -> connection 0x7fa7e8005458
MOC-R4PCC04U05:573182:573323 [1] NCCL INFO New proxy recv connection 12 from local rank 1, transport 0
MOC-R4PCC04U05:573182:574027 [1] NCCL INFO Connected to proxy localRank 1 -> connection 0x7fa7e80054d0
MOC-R4PCC04U05:573182:573323 [1] NCCL INFO New proxy recv connection 13 from local rank 1, transport 0
MOC-R4PCC04U05:573182:574027 [1] NCCL INFO Connected to proxy localRank 1 -> connection 0x7fa7e8005548
MOC-R4PCC04U05:573182:573323 [1] NCCL INFO New proxy recv connection 14 from local rank 1, transport 0
MOC-R4PCC04U05:573182:574027 [1] NCCL INFO Connected to proxy localRank 1 -> connection 0x7fa7e80055c0
MOC-R4PCC04U05:573182:573323 [1] NCCL INFO New proxy send connection 15 from local rank 1, transport 0
MOC-R4PCC04U05:573182:574027 [1] NCCL INFO Connected to proxy localRank 1 -> connection 0x7fa7e8005638
MOC-R4PCC04U05:573182:573323 [1] NCCL INFO New proxy send connection 16 from local rank 1, transport 0
MOC-R4PCC04U05:573182:574027 [1] NCCL INFO Connected to proxy localRank 1 -> connection 0x7fa7e80056b0
MOC-R4PCC04U05:573182:573323 [1] NCCL INFO New proxy send connection 17 from local rank 1, transport 0
MOC-R4PCC04U05:573182:574027 [1] NCCL INFO Connected to proxy localRank 1 -> connection 0x7fa7e8005728
MOC-R4PCC04U05:573182:573323 [1] NCCL INFO New proxy send connection 18 from local rank 1, transport 0
MOC-R4PCC04U05:573182:574027 [1] NCCL INFO Connected to proxy localRank 1 -> connection 0x7fa7e80057a0
MOC-R4PCC04U05:573181:573325 [0] NCCL INFO New proxy send connection 15 from local rank 0, transport 0
MOC-R4PCC04U05:573181:574025 [0] NCCL INFO Connected to proxy localRank 0 -> connection 0x7f69e4005638
MOC-R4PCC04U05:573182:573323 [1] NCCL INFO New proxy recv connection 19 from local rank 1, transport 0
MOC-R4PCC04U05:573182:574027 [1] NCCL INFO Connected to proxy localRank 1 -> connection 0x7fa7e8005818
MOC-R4PCC04U05:573183:573322 [2] NCCL INFO New proxy send connection 14 from local rank 2, transport 0
MOC-R4PCC04U05:573183:574026 [2] NCCL INFO Connected to proxy localRank 2 -> connection 0x7fa31c0055c0
MOC-R4PCC04U05:573182:573323 [1] NCCL INFO New proxy recv connection 20 from local rank 1, transport 0
MOC-R4PCC04U05:573182:574027 [1] NCCL INFO Connected to proxy localRank 1 -> connection 0x7fa7e8005890
MOC-R4PCC04U05:573183:573322 [2] NCCL INFO New proxy send connection 15 from local rank 2, transport 0
MOC-R4PCC04U05:573183:574026 [2] NCCL INFO Connected to proxy localRank 2 -> connection 0x7fa31c005638
MOC-R4PCC04U05:573181:573325 [0] NCCL INFO New proxy send connection 16 from local rank 0, transport 0
MOC-R4PCC04U05:573181:574025 [0] NCCL INFO Connected to proxy localRank 0 -> connection 0x7f69e40056b0
MOC-R4PCC04U05:573181:573325 [0] NCCL INFO New proxy recv connection 17 from local rank 0, transport 0
MOC-R4PCC04U05:573181:574025 [0] NCCL INFO Connected to proxy localRank 0 -> connection 0x7f69e4005728
MOC-R4PCC04U05:573184:574024 [3] NCCL INFO GPU Direct RDMA Disabled for GPU 3 / HCA 1 (distance 7 > 0)
MOC-R4PCC04U05:573184:573324 [3] NCCL INFO New proxy recv connection 12 from local rank 3, transport 2
MOC-R4PCC04U05:573184:574024 [3] NCCL INFO Connected to proxy localRank 3 -> connection 0x7efff80054d0
MOC-R4PCC04U05:573184:574024 [3] NCCL INFO Channel 00/0 : 11[3] -> 3[3] [receive] via NET/IB/1
MOC-R4PCC04U05:573181:573325 [0] NCCL INFO New proxy recv connection 18 from local rank 0, transport 0
MOC-R4PCC04U05:573184:574024 [3] NCCL INFO GPU Direct RDMA Disabled for GPU 3 / HCA 1 (distance 7 > 0)
MOC-R4PCC04U05:573181:574025 [0] NCCL INFO Connected to proxy localRank 0 -> connection 0x7f69e40057a0
MOC-R4PCC04U05:573184:573324 [3] NCCL INFO New proxy recv connection 13 from local rank 3, transport 2
MOC-R4PCC04U05:573184:574024 [3] NCCL INFO Connected to proxy localRank 3 -> connection 0x7efff8005548
MOC-R4PCC04U05:573184:574024 [3] NCCL INFO Channel 01/0 : 11[3] -> 3[3] [receive] via NET/IB/1
MOC-R4PCC04U05:573184:574024 [3] NCCL INFO GPU Direct RDMA Disabled for GPU 3 / HCA 1 (distance 7 > 0)
MOC-R4PCC04U05:573184:573324 [3] NCCL INFO New proxy recv connection 14 from local rank 3, transport 2
MOC-R4PCC04U05:573184:574024 [3] NCCL INFO Connected to proxy localRank 3 -> connection 0x7efff80055c0
MOC-R4PCC04U05:573184:574024 [3] NCCL INFO Channel 02/0 : 11[3] -> 3[3] [receive] via NET/IB/1
MOC-R4PCC04U05:573184:574024 [3] NCCL INFO GPU Direct RDMA Disabled for GPU 3 / HCA 1 (distance 7 > 0)
MOC-R4PCC04U05:573184:573324 [3] NCCL INFO New proxy recv connection 15 from local rank 3, transport 2
MOC-R4PCC04U05:573184:574024 [3] NCCL INFO Connected to proxy localRank 3 -> connection 0x7efff8005638
MOC-R4PCC04U05:573184:574024 [3] NCCL INFO Channel 03/0 : 11[3] -> 3[3] [receive] via NET/IB/1
MOC-R4PCC04U05:573184:574024 [3] NCCL INFO GPU Direct RDMA Disabled for GPU 3 / HCA 1 (distance 7 > 0)
MOC-R4PCC04U05:573184:573324 [3] NCCL INFO New proxy send connection 16 from local rank 3, transport 2
MOC-R4PCC04U05:573184:574024 [3] NCCL INFO Connected to proxy localRank 3 -> connection 0x7efff80056b0
MOC-R4PCC04U05:573184:574024 [3] NCCL INFO Channel 02/0 : 3[3] -> 7[3] [send] via NET/IB/1
MOC-R4PCC04U05:573184:574024 [3] NCCL INFO GPU Direct RDMA Disabled for GPU 3 / HCA 1 (distance 7 > 0)
MOC-R4PCC04U05:573184:573324 [3] NCCL INFO New proxy send connection 17 from local rank 3, transport 2
MOC-R4PCC04U05:573184:574024 [3] NCCL INFO Connected to proxy localRank 3 -> connection 0x7efff8005728
MOC-R4PCC04U05:573184:574024 [3] NCCL INFO Channel 03/0 : 3[3] -> 7[3] [send] via NET/IB/1
MOC-R4PCC04U05:573181:573325 [0] NCCL INFO New proxy recv connection 19 from local rank 0, transport 0
MOC-R4PCC04U05:573181:574025 [0] NCCL INFO Connected to proxy localRank 0 -> connection 0x7f69e4005818
MOC-R4PCC04U05:573181:573325 [0] NCCL INFO New proxy recv connection 20 from local rank 0, transport 0
MOC-R4PCC04U05:573181:574025 [0] NCCL INFO Connected to proxy localRank 0 -> connection 0x7f69e4005890
MOC-R4PCC04U05:573184:574024 [3] NCCL INFO GPU Direct RDMA Disabled for GPU 3 / HCA 1 (distance 7 > 0)
MOC-R4PCC04U05:573184:573324 [3] NCCL INFO New proxy recv connection 18 from local rank 3, transport 2
MOC-R4PCC04U05:573184:574024 [3] NCCL INFO Connected to proxy localRank 3 -> connection 0x7efff80057a0
MOC-R4PCC04U05:573184:574024 [3] NCCL INFO Channel 02/0 : 7[3] -> 3[3] [receive] via NET/IB/1
MOC-R4PCC04U05:573184:574024 [3] NCCL INFO GPU Direct RDMA Disabled for GPU 3 / HCA 1 (distance 7 > 0)
MOC-R4PCC04U05:573184:573324 [3] NCCL INFO New proxy recv connection 19 from local rank 3, transport 2
MOC-R4PCC04U05:573184:574024 [3] NCCL INFO Connected to proxy localRank 3 -> connection 0x7efff8005818
MOC-R4PCC04U05:573184:574024 [3] NCCL INFO Channel 03/0 : 7[3] -> 3[3] [receive] via NET/IB/1
MOC-R4PCC04U05:573184:574024 [3] NCCL INFO GPU Direct RDMA Disabled for GPU 3 / HCA 1 (distance 7 > 0)
MOC-R4PCC04U05:573184:573324 [3] NCCL INFO New proxy send connection 20 from local rank 3, transport 2
MOC-R4PCC04U05:573184:574024 [3] NCCL INFO Connected to proxy localRank 3 -> connection 0x7efff8005890
MOC-R4PCC04U05:573184:574024 [3] NCCL INFO Channel 00/0 : 3[3] -> 11[3] [send] via NET/IB/1
MOC-R4PCC04U05:573184:574024 [3] NCCL INFO GPU Direct RDMA Disabled for GPU 3 / HCA 1 (distance 7 > 0)
MOC-R4PCC04U05:573184:573324 [3] NCCL INFO New proxy send connection 21 from local rank 3, transport 2
MOC-R4PCC04U05:573184:574024 [3] NCCL INFO Connected to proxy localRank 3 -> connection 0x7efff8005908
MOC-R4PCC04U05:573184:574024 [3] NCCL INFO Channel 01/0 : 3[3] -> 11[3] [send] via NET/IB/1
MOC-R4PCC04U05:573184:574024 [3] NCCL INFO GPU Direct RDMA Disabled for GPU 3 / HCA 1 (distance 7 > 0)
MOC-R4PCC04U05:573184:573324 [3] NCCL INFO New proxy send connection 22 from local rank 3, transport 2
MOC-R4PCC04U05:573184:574024 [3] NCCL INFO Connected to proxy localRank 3 -> connection 0x7efff8005980
MOC-R4PCC04U05:573184:574024 [3] NCCL INFO Channel 02/0 : 3[3] -> 11[3] [send] via NET/IB/1
MOC-R4PCC04U05:573184:574024 [3] NCCL INFO GPU Direct RDMA Disabled for GPU 3 / HCA 1 (distance 7 > 0)
MOC-R4PCC04U05:573184:573324 [3] NCCL INFO New proxy send connection 23 from local rank 3, transport 2
MOC-R4PCC04U05:573184:574024 [3] NCCL INFO Connected to proxy localRank 3 -> connection 0x7efff80059f8
MOC-R4PCC04U05:573184:574024 [3] NCCL INFO Channel 03/0 : 3[3] -> 11[3] [send] via NET/IB/1
MOC-R4PCC04U05:573184:573324 [3] NCCL INFO New proxy send connection 24 from local rank 3, transport 0
MOC-R4PCC04U05:573184:574024 [3] NCCL INFO Connected to proxy localRank 3 -> connection 0x7efff8005a70
MOC-R4PCC04U05:573184:573324 [3] NCCL INFO New proxy send connection 25 from local rank 3, transport 0
MOC-R4PCC04U05:573184:574024 [3] NCCL INFO Connected to proxy localRank 3 -> connection 0x7efff8005ae8
MOC-R4PCC04U05:573184:573324 [3] NCCL INFO New proxy send connection 26 from local rank 3, transport 0
MOC-R4PCC04U05:573184:574024 [3] NCCL INFO Connected to proxy localRank 3 -> connection 0x7efff8005b60
MOC-R4PCC04U05:573184:573324 [3] NCCL INFO New proxy send connection 27 from local rank 3, transport 0
MOC-R4PCC04U05:573184:574024 [3] NCCL INFO Connected to proxy localRank 3 -> connection 0x7efff8005bd8
MOC-R4PCC04U05:573184:573324 [3] NCCL INFO NET/IB: NCCL Dev 1 IbDev 0 Port 1 qpn 9138 mtu 3 query_ece={supported=1, vendor_id=0x15b3, options=0x30000002, comp_mask=0x0} GID 3 (0/C132A8C0FFFF0000) fifoRkey=0x179c5b fifoLkey=0x179c5b
MOC-R4PCC04U05:573184:573324 [3] NCCL INFO NET/IB: NCCL Dev 1 IbDev 0 Port 1 qpn 9141 mtu 3 query_ece={supported=1, vendor_id=0x15b3, options=0x30000002, comp_mask=0x0} GID 3 (0/C132A8C0FFFF0000) fifoRkey=0x172eed fifoLkey=0x172eed
MOC-R4PCC04U05:573184:573324 [3] NCCL INFO NET/IB: NCCL Dev 1 IbDev 0 Port 1 qpn 9144 mtu 3 query_ece={supported=1, vendor_id=0x15b3, options=0x30000002, comp_mask=0x0} GID 3 (0/C132A8C0FFFF0000) fifoRkey=0x17a767 fifoLkey=0x17a767
MOC-R4PCC04U05:573184:573324 [3] NCCL INFO NET/IB: NCCL Dev 1 IbDev 0 Port 1 qpn 9145 mtu 3 query_ece={supported=1, vendor_id=0x15b3, options=0x30000002, comp_mask=0x0} GID 3 (0/C132A8C0FFFF0000) fifoRkey=0x17601f fifoLkey=0x17601f
MOC-R4PCC04U05:573184:573324 [3] NCCL INFO NET/IB: IbDev 0 Port 1 qpn 8959 set_ece={supported=1, vendor_id=0x15b3, options=0x0, comp_mask=0x0}
MOC-R4PCC04U05:573184:573324 [3] NCCL INFO NET/IB: IbDev 0 Port 1 qpn 8961 set_ece={supported=1, vendor_id=0x15b3, options=0x0, comp_mask=0x0}
MOC-R4PCC04U05:573184:573324 [3] NCCL INFO NET/IB: IbDev 0 Port 1 qpn 6190 set_ece={supported=1, vendor_id=0x15b3, options=0x0, comp_mask=0x0}
MOC-R4PCC04U05:573184:573324 [3] NCCL INFO NET/IB: IbDev 0 Port 1 qpn 6192 set_ece={supported=1, vendor_id=0x15b3, options=0x0, comp_mask=0x0}
MOC-R4PCC04U05:573184:573324 [3] NCCL INFO NET/IB: NCCL Dev 1 IbDev 0 Port 1 qpn 9146 mtu 3 query_ece={supported=1, vendor_id=0x15b3, options=0x30000002, comp_mask=0x0} GID 3 (0/C132A8C0FFFF0000) fifoRkey=0x174705 fifoLkey=0x174705
MOC-R4PCC04U05:573184:573324 [3] NCCL INFO NET/IB: NCCL Dev 1 IbDev 0 Port 1 qpn 9149 mtu 3 query_ece={supported=1, vendor_id=0x15b3, options=0x30000002, comp_mask=0x0} GID 3 (0/C132A8C0FFFF0000) fifoRkey=0x17b372 fifoLkey=0x17b372
MOC-R4PCC04U05:573184:573324 [3] NCCL INFO NET/IB: IbDev 0 Port 1 qpn 6196 set_ece={supported=1, vendor_id=0x15b3, options=0x0, comp_mask=0x0}
MOC-R4PCC04U05:573184:573324 [3] NCCL INFO NET/IB: IbDev 0 Port 1 qpn 6198 set_ece={supported=1, vendor_id=0x15b3, options=0x0, comp_mask=0x0}
step    1/10 | train loss 11.010328 | norm 15.4838 | lr 1.00e-04 | (14065.00 ms | 83871 tok/s)
step    2/10 | train loss 10.133751 | norm 5.7669 | lr 1.00e-04 | (278.07 ms | 4242256 tok/s)
step    3/10 | train loss 9.791651 | norm 2.6214 | lr 1.00e-04 | (280.41 ms | 4206893 tok/s)
step    4/10 | train loss 9.621454 | norm 2.1220 | lr 1.00e-04 | (277.26 ms | 4254728 tok/s)
step    5/10 | train loss 9.538269 | norm 2.1104 | lr 1.00e-04 | (279.13 ms | 4226171 tok/s)
step    6/10 | train loss 9.456856 | norm 2.0044 | lr 1.00e-04 | (283.54 ms | 4160485 tok/s)
step    7/10 | train loss 9.371300 | norm 1.9533 | lr 1.00e-04 | (277.56 ms | 4250021 tok/s)
step    8/10 | train loss 9.279752 | norm 1.9214 | lr 1.00e-04 | (280.78 ms | 4201345 tok/s)
step    9/10 | train loss 9.184247 | norm 1.8719 | lr 1.00e-04 | (283.05 ms | 4167676 tok/s)
step   10/10 | train loss 9.096458 | norm 1.7977 | lr 1.00e-04 | (283.90 ms | 4155111 tok/s)
final 9 iters avg: 280.410ms
peak memory consumption: 16601 MiB
