Running pytorch 2.7.0+cu126
using device: cuda:0
total desired batch size: 3932160
=> calculated gradient accumulation steps: 10
using device: cuda:3
using device: cuda:2
using device: cuda:1
compiling the model...
DataLoader: total number of tokens: 1,661,249,667 across 103 files
MOC-R4PCC04U05:563967:563967 [0] NCCL INFO NCCL_SOCKET_IFNAME set to eno7np0
MOC-R4PCC04U05:563967:563967 [0] NCCL INFO NCCL version 2.26.2+cuda12.2
MOC-R4PCC04U05:563967:564073 [0] NCCL INFO NET/Plugin: Could not find: libnccl-net.so. Using internal net plugin.
MOC-R4PCC04U05:563967:564073 [0] NCCL INFO NET/Socket : Using [0]eno7np0:192.168.50.193<0>
MOC-R4PCC04U05:563970:563970 [3] NCCL INFO NCCL_SOCKET_IFNAME set to eno7np0
MOC-R4PCC04U05:563970:563970 [3] NCCL INFO NCCL version 2.26.2+cuda12.2
MOC-R4PCC04U05:563969:563969 [2] NCCL INFO NCCL_SOCKET_IFNAME set to eno7np0
MOC-R4PCC04U05:563969:563969 [2] NCCL INFO NCCL version 2.26.2+cuda12.2
MOC-R4PCC04U05:563968:563968 [1] NCCL INFO NCCL_SOCKET_IFNAME set to eno7np0
MOC-R4PCC04U05:563968:563968 [1] NCCL INFO NCCL version 2.26.2+cuda12.2
MOC-R4PCC04U05:563970:564095 [3] NCCL INFO NET/Plugin: Could not find: libnccl-net.so. Using internal net plugin.
MOC-R4PCC04U05:563969:564096 [2] NCCL INFO NET/Plugin: Could not find: libnccl-net.so. Using internal net plugin.
MOC-R4PCC04U05:563970:564095 [3] NCCL INFO NET/Socket : Using [0]eno7np0:192.168.50.193<0>
MOC-R4PCC04U05:563969:564096 [2] NCCL INFO NET/Socket : Using [0]eno7np0:192.168.50.193<0>
MOC-R4PCC04U05:563968:564097 [1] NCCL INFO NET/Plugin: Could not find: libnccl-net.so. Using internal net plugin.
MOC-R4PCC04U05:563968:564097 [1] NCCL INFO NET/Socket : Using [0]eno7np0:192.168.50.193<0>
MOC-R4PCC04U05:563970:564095 [3] NCCL INFO NET/Socket : GPU Direct RDMA Disabled for HCA 0 'eno7np0'
MOC-R4PCC04U05:563969:564096 [2] NCCL INFO NET/Socket : GPU Direct RDMA Disabled for HCA 0 'eno7np0'
MOC-R4PCC04U05:563968:564097 [1] NCCL INFO NET/Socket : GPU Direct RDMA Disabled for HCA 0 'eno7np0'
MOC-R4PCC04U05:563967:564073 [0] NCCL INFO NET/Socket : GPU Direct RDMA Disabled for HCA 0 'eno7np0'
MOC-R4PCC04U05:563969:564108 [2] NCCL INFO New proxy recv connection 0 from local rank 2, transport 0
MOC-R4PCC04U05:563969:564114 [2] NCCL INFO Connected to proxy localRank 2 -> connection 0x7f4968004f30
MOC-R4PCC04U05:563969:564108 [2] NCCL INFO New proxy recv connection 1 from local rank 2, transport 0
MOC-R4PCC04U05:563969:564114 [2] NCCL INFO Connected to proxy localRank 2 -> connection 0x7f4968004fa8
MOC-R4PCC04U05:563968:564107 [1] NCCL INFO New proxy recv connection 0 from local rank 1, transport 0
MOC-R4PCC04U05:563968:564115 [1] NCCL INFO Connected to proxy localRank 1 -> connection 0x7f1364004f30
MOC-R4PCC04U05:563968:564107 [1] NCCL INFO New proxy recv connection 1 from local rank 1, transport 0
MOC-R4PCC04U05:563968:564115 [1] NCCL INFO Connected to proxy localRank 1 -> connection 0x7f1364004fa8
MOC-R4PCC04U05:563967:564111 [0] NCCL INFO New proxy send connection 0 from local rank 0, transport 0
MOC-R4PCC04U05:563967:564117 [0] NCCL INFO Connected to proxy localRank 0 -> connection 0x7fe660004f30
MOC-R4PCC04U05:563970:564106 [3] NCCL INFO New proxy recv connection 0 from local rank 3, transport 0
MOC-R4PCC04U05:563970:564116 [3] NCCL INFO Connected to proxy localRank 3 -> connection 0x7f1600004f30
MOC-R4PCC04U05:563967:564111 [0] NCCL INFO New proxy send connection 1 from local rank 0, transport 0
MOC-R4PCC04U05:563967:564117 [0] NCCL INFO Connected to proxy localRank 0 -> connection 0x7fe660004fa8
MOC-R4PCC04U05:563970:564106 [3] NCCL INFO New proxy recv connection 1 from local rank 3, transport 0
MOC-R4PCC04U05:563970:564116 [3] NCCL INFO Connected to proxy localRank 3 -> connection 0x7f1600004fa8
MOC-R4PCC04U05:563967:564111 [0] NCCL INFO New proxy send connection 2 from local rank 0, transport 0
MOC-R4PCC04U05:563967:564117 [0] NCCL INFO Connected to proxy localRank 0 -> connection 0x7fe660005020
MOC-R4PCC04U05:563967:564111 [0] NCCL INFO New proxy send connection 3 from local rank 0, transport 0
MOC-R4PCC04U05:563967:564117 [0] NCCL INFO Connected to proxy localRank 0 -> connection 0x7fe660005098
MOC-R4PCC04U05:563970:564106 [3] NCCL INFO New proxy send connection 2 from local rank 3, transport 2
MOC-R4PCC04U05:563970:564116 [3] NCCL INFO Connected to proxy localRank 3 -> connection 0x7f1600005020
MOC-R4PCC04U05:563969:564108 [2] NCCL INFO New proxy recv connection 2 from local rank 2, transport 2
MOC-R4PCC04U05:563969:564114 [2] NCCL INFO Connected to proxy localRank 2 -> connection 0x7f4968005020
MOC-R4PCC04U05:563970:564116 [3] NCCL INFO Channel 00/0 : 3[3] -> 6[2] [send] via NET/Socket/0
MOC-R4PCC04U05:563970:564106 [3] NCCL INFO New proxy send connection 3 from local rank 3, transport 2
MOC-R4PCC04U05:563970:564116 [3] NCCL INFO Connected to proxy localRank 3 -> connection 0x7f1600005098
MOC-R4PCC04U05:563969:564114 [2] NCCL INFO Channel 00/0 : 11[3] -> 2[2] [receive] via NET/Socket/0
MOC-R4PCC04U05:563969:564108 [2] NCCL INFO New proxy recv connection 3 from local rank 2, transport 2
MOC-R4PCC04U05:563969:564114 [2] NCCL INFO Connected to proxy localRank 2 -> connection 0x7f4968005098
MOC-R4PCC04U05:563970:564116 [3] NCCL INFO Channel 02/0 : 3[3] -> 6[2] [send] via NET/Socket/0
MOC-R4PCC04U05:563969:564114 [2] NCCL INFO Channel 02/0 : 11[3] -> 2[2] [receive] via NET/Socket/0
MOC-R4PCC04U05:563967:564111 [0] NCCL INFO New proxy recv connection 4 from local rank 0, transport 0
MOC-R4PCC04U05:563967:564117 [0] NCCL INFO Connected to proxy localRank 0 -> connection 0x7fe660005110
MOC-R4PCC04U05:563967:564111 [0] NCCL INFO New proxy recv connection 5 from local rank 0, transport 0
MOC-R4PCC04U05:563967:564117 [0] NCCL INFO Connected to proxy localRank 0 -> connection 0x7fe660005188
MOC-R4PCC04U05:563967:564111 [0] NCCL INFO New proxy recv connection 6 from local rank 0, transport 0
MOC-R4PCC04U05:563967:564117 [0] NCCL INFO Connected to proxy localRank 0 -> connection 0x7fe660005200
MOC-R4PCC04U05:563967:564111 [0] NCCL INFO New proxy recv connection 7 from local rank 0, transport 0
MOC-R4PCC04U05:563967:564117 [0] NCCL INFO Connected to proxy localRank 0 -> connection 0x7fe660005278
MOC-R4PCC04U05:563969:564108 [2] NCCL INFO New proxy send connection 4 from local rank 2, transport 2
MOC-R4PCC04U05:563969:564114 [2] NCCL INFO Connected to proxy localRank 2 -> connection 0x7f4968005110
MOC-R4PCC04U05:563969:564114 [2] NCCL INFO Channel 01/0 : 2[2] -> 7[3] [send] via NET/Socket/0
MOC-R4PCC04U05:563969:564108 [2] NCCL INFO New proxy send connection 5 from local rank 2, transport 2
MOC-R4PCC04U05:563969:564114 [2] NCCL INFO Connected to proxy localRank 2 -> connection 0x7f4968005188
MOC-R4PCC04U05:563969:564114 [2] NCCL INFO Channel 03/0 : 2[2] -> 7[3] [send] via NET/Socket/0
MOC-R4PCC04U05:563970:564106 [3] NCCL INFO New proxy recv connection 4 from local rank 3, transport 2
MOC-R4PCC04U05:563970:564116 [3] NCCL INFO Connected to proxy localRank 3 -> connection 0x7f1600005110
MOC-R4PCC04U05:563970:564116 [3] NCCL INFO Channel 01/0 : 10[2] -> 3[3] [receive] via NET/Socket/0
MOC-R4PCC04U05:563970:564106 [3] NCCL INFO New proxy recv connection 5 from local rank 3, transport 2
MOC-R4PCC04U05:563970:564116 [3] NCCL INFO Connected to proxy localRank 3 -> connection 0x7f1600005188
MOC-R4PCC04U05:563970:564116 [3] NCCL INFO Channel 03/0 : 10[2] -> 3[3] [receive] via NET/Socket/0
MOC-R4PCC04U05:563969:564108 [2] NCCL INFO New proxy send connection 6 from local rank 2, transport 0
MOC-R4PCC04U05:563969:564114 [2] NCCL INFO Connected to proxy localRank 2 -> connection 0x7f4968005200
MOC-R4PCC04U05:563969:564108 [2] NCCL INFO New proxy send connection 7 from local rank 2, transport 0
MOC-R4PCC04U05:563969:564114 [2] NCCL INFO Connected to proxy localRank 2 -> connection 0x7f4968005278
MOC-R4PCC04U05:563970:564106 [3] NCCL INFO New proxy send connection 6 from local rank 3, transport 0
MOC-R4PCC04U05:563970:564116 [3] NCCL INFO Connected to proxy localRank 3 -> connection 0x7f1600005200
MOC-R4PCC04U05:563970:564106 [3] NCCL INFO New proxy send connection 7 from local rank 3, transport 0
MOC-R4PCC04U05:563970:564116 [3] NCCL INFO Connected to proxy localRank 3 -> connection 0x7f1600005278
MOC-R4PCC04U05:563968:564107 [1] NCCL INFO New proxy recv connection 2 from local rank 1, transport 0
MOC-R4PCC04U05:563968:564115 [1] NCCL INFO Connected to proxy localRank 1 -> connection 0x7f1364005020
MOC-R4PCC04U05:563967:564111 [0] NCCL INFO New proxy send connection 8 from local rank 3, transport 0
MOC-R4PCC04U05:563970:564116 [3] NCCL INFO Connected to proxy localRank 0 -> connection 0x7fe6600052f0
MOC-R4PCC04U05:563968:564107 [1] NCCL INFO New proxy recv connection 3 from local rank 1, transport 0
MOC-R4PCC04U05:563968:564115 [1] NCCL INFO Connected to proxy localRank 1 -> connection 0x7f1364005098
MOC-R4PCC04U05:563968:564107 [1] NCCL INFO New proxy send connection 4 from local rank 1, transport 0
MOC-R4PCC04U05:563968:564115 [1] NCCL INFO Connected to proxy localRank 1 -> connection 0x7f1364005110
MOC-R4PCC04U05:563968:564107 [1] NCCL INFO New proxy send connection 5 from local rank 1, transport 0
MOC-R4PCC04U05:563968:564115 [1] NCCL INFO Connected to proxy localRank 1 -> connection 0x7f1364005188
MOC-R4PCC04U05:563968:564107 [1] NCCL INFO New proxy send connection 6 from local rank 1, transport 0
MOC-R4PCC04U05:563968:564115 [1] NCCL INFO Connected to proxy localRank 1 -> connection 0x7f1364005200
MOC-R4PCC04U05:563968:564107 [1] NCCL INFO New proxy send connection 7 from local rank 1, transport 0
MOC-R4PCC04U05:563968:564115 [1] NCCL INFO Connected to proxy localRank 1 -> connection 0x7f1364005278
MOC-R4PCC04U05:563967:564111 [0] NCCL INFO New proxy send connection 9 from local rank 2, transport 0
MOC-R4PCC04U05:563969:564114 [2] NCCL INFO Connected to proxy localRank 0 -> connection 0x7fe660005368
MOC-R4PCC04U05:563969:564108 [2] NCCL INFO New proxy send connection 8 from local rank 0, transport 0
MOC-R4PCC04U05:563967:564117 [0] NCCL INFO Connected to proxy localRank 2 -> connection 0x7f49680052f0
MOC-R4PCC04U05:563970:564106 [3] NCCL INFO New proxy send connection 8 from local rank 1, transport 0
MOC-R4PCC04U05:563968:564115 [1] NCCL INFO Connected to proxy localRank 3 -> connection 0x7f16000052f0
MOC-R4PCC04U05:563968:564107 [1] NCCL INFO New proxy send connection 8 from local rank 3, transport 0
MOC-R4PCC04U05:563970:564116 [3] NCCL INFO Connected to proxy localRank 1 -> connection 0x7f13640052f0
MOC-R4PCC04U05:563968:564107 [1] NCCL INFO New proxy send connection 9 from local rank 2, transport 0
MOC-R4PCC04U05:563969:564114 [2] NCCL INFO Connected to proxy localRank 1 -> connection 0x7f1364005368
MOC-R4PCC04U05:563970:564106 [3] NCCL INFO New proxy send connection 9 from local rank 0, transport 0
MOC-R4PCC04U05:563967:564117 [0] NCCL INFO Connected to proxy localRank 3 -> connection 0x7f1600005368
MOC-R4PCC04U05:563967:564111 [0] NCCL INFO New proxy send connection 10 from local rank 1, transport 0
MOC-R4PCC04U05:563968:564115 [1] NCCL INFO Connected to proxy localRank 0 -> connection 0x7fe6600053e0
MOC-R4PCC04U05:563968:564107 [1] NCCL INFO New proxy send connection 10 from local rank 0, transport 0
MOC-R4PCC04U05:563967:564117 [0] NCCL INFO Connected to proxy localRank 1 -> connection 0x7f13640053e0
MOC-R4PCC04U05:563969:564108 [2] NCCL INFO New proxy send connection 9 from local rank 1, transport 0
MOC-R4PCC04U05:563968:564115 [1] NCCL INFO Connected to proxy localRank 2 -> connection 0x7f4968005368
num decayed parameter tensors: 50, with 124,318,464 parameters
num non-decayed parameter tensors: 98, with 121,344 parameters
using fused AdamW: False
using regular AdamW
MOC-R4PCC04U05:563970:564106 [3] NCCL INFO New proxy recv connection 10 from local rank 3, transport 0
MOC-R4PCC04U05:563970:564845 [3] NCCL INFO Connected to proxy localRank 3 -> connection 0x7f16000053e0
MOC-R4PCC04U05:563970:564106 [3] NCCL INFO New proxy recv connection 11 from local rank 3, transport 0
MOC-R4PCC04U05:563970:564845 [3] NCCL INFO Connected to proxy localRank 3 -> connection 0x7f1600005458
MOC-R4PCC04U05:563967:564111 [0] NCCL INFO New proxy send connection 11 from local rank 0, transport 0
MOC-R4PCC04U05:563967:564846 [0] NCCL INFO Connected to proxy localRank 0 -> connection 0x7fe660005458
MOC-R4PCC04U05:563967:564111 [0] NCCL INFO New proxy send connection 12 from local rank 0, transport 0
MOC-R4PCC04U05:563967:564846 [0] NCCL INFO Connected to proxy localRank 0 -> connection 0x7fe6600054d0
MOC-R4PCC04U05:563967:564111 [0] NCCL INFO New proxy send connection 13 from local rank 0, transport 0
MOC-R4PCC04U05:563967:564846 [0] NCCL INFO Connected to proxy localRank 0 -> connection 0x7fe660005548
MOC-R4PCC04U05:563967:564111 [0] NCCL INFO New proxy send connection 14 from local rank 0, transport 0
MOC-R4PCC04U05:563967:564846 [0] NCCL INFO Connected to proxy localRank 0 -> connection 0x7fe6600055c0
MOC-R4PCC04U05:563969:564108 [2] NCCL INFO New proxy recv connection 10 from local rank 2, transport 0
MOC-R4PCC04U05:563969:564847 [2] NCCL INFO Connected to proxy localRank 2 -> connection 0x7f49680053e0
MOC-R4PCC04U05:563969:564108 [2] NCCL INFO New proxy recv connection 11 from local rank 2, transport 0
MOC-R4PCC04U05:563969:564847 [2] NCCL INFO Connected to proxy localRank 2 -> connection 0x7f4968005458
MOC-R4PCC04U05:563969:564108 [2] NCCL INFO New proxy recv connection 12 from local rank 2, transport 0
MOC-R4PCC04U05:563969:564847 [2] NCCL INFO Connected to proxy localRank 2 -> connection 0x7f49680054d0
MOC-R4PCC04U05:563969:564108 [2] NCCL INFO New proxy recv connection 13 from local rank 2, transport 0
MOC-R4PCC04U05:563969:564847 [2] NCCL INFO Connected to proxy localRank 2 -> connection 0x7f4968005548
MOC-R4PCC04U05:563968:564107 [1] NCCL INFO New proxy recv connection 11 from local rank 1, transport 0
MOC-R4PCC04U05:563968:564848 [1] NCCL INFO Connected to proxy localRank 1 -> connection 0x7f1364005458
MOC-R4PCC04U05:563968:564107 [1] NCCL INFO New proxy recv connection 12 from local rank 1, transport 0
MOC-R4PCC04U05:563968:564848 [1] NCCL INFO Connected to proxy localRank 1 -> connection 0x7f13640054d0
MOC-R4PCC04U05:563968:564107 [1] NCCL INFO New proxy recv connection 13 from local rank 1, transport 0
MOC-R4PCC04U05:563968:564848 [1] NCCL INFO Connected to proxy localRank 1 -> connection 0x7f1364005548
MOC-R4PCC04U05:563968:564107 [1] NCCL INFO New proxy recv connection 14 from local rank 1, transport 0
MOC-R4PCC04U05:563968:564848 [1] NCCL INFO Connected to proxy localRank 1 -> connection 0x7f13640055c0
MOC-R4PCC04U05:563968:564107 [1] NCCL INFO New proxy send connection 15 from local rank 1, transport 0
MOC-R4PCC04U05:563968:564848 [1] NCCL INFO Connected to proxy localRank 1 -> connection 0x7f1364005638
MOC-R4PCC04U05:563968:564107 [1] NCCL INFO New proxy send connection 16 from local rank 1, transport 0
MOC-R4PCC04U05:563968:564848 [1] NCCL INFO Connected to proxy localRank 1 -> connection 0x7f13640056b0
MOC-R4PCC04U05:563968:564107 [1] NCCL INFO New proxy send connection 17 from local rank 1, transport 0
MOC-R4PCC04U05:563968:564848 [1] NCCL INFO Connected to proxy localRank 1 -> connection 0x7f1364005728
MOC-R4PCC04U05:563968:564107 [1] NCCL INFO New proxy send connection 18 from local rank 1, transport 0
MOC-R4PCC04U05:563968:564848 [1] NCCL INFO Connected to proxy localRank 1 -> connection 0x7f13640057a0
MOC-R4PCC04U05:563968:564107 [1] NCCL INFO New proxy recv connection 19 from local rank 1, transport 0
MOC-R4PCC04U05:563967:564111 [0] NCCL INFO New proxy send connection 15 from local rank 0, transport 0
MOC-R4PCC04U05:563968:564848 [1] NCCL INFO Connected to proxy localRank 1 -> connection 0x7f1364005818
MOC-R4PCC04U05:563967:564846 [0] NCCL INFO Connected to proxy localRank 0 -> connection 0x7fe660005638
MOC-R4PCC04U05:563969:564108 [2] NCCL INFO New proxy send connection 14 from local rank 2, transport 0
MOC-R4PCC04U05:563969:564847 [2] NCCL INFO Connected to proxy localRank 2 -> connection 0x7f49680055c0
MOC-R4PCC04U05:563968:564107 [1] NCCL INFO New proxy recv connection 20 from local rank 1, transport 0
MOC-R4PCC04U05:563968:564848 [1] NCCL INFO Connected to proxy localRank 1 -> connection 0x7f1364005890
MOC-R4PCC04U05:563967:564111 [0] NCCL INFO New proxy send connection 16 from local rank 0, transport 0
MOC-R4PCC04U05:563967:564846 [0] NCCL INFO Connected to proxy localRank 0 -> connection 0x7fe6600056b0
MOC-R4PCC04U05:563969:564108 [2] NCCL INFO New proxy send connection 15 from local rank 2, transport 0
MOC-R4PCC04U05:563969:564847 [2] NCCL INFO Connected to proxy localRank 2 -> connection 0x7f4968005638
MOC-R4PCC04U05:563967:564111 [0] NCCL INFO New proxy recv connection 17 from local rank 0, transport 0
MOC-R4PCC04U05:563967:564846 [0] NCCL INFO Connected to proxy localRank 0 -> connection 0x7fe660005728
MOC-R4PCC04U05:563970:564106 [3] NCCL INFO New proxy recv connection 12 from local rank 3, transport 2
MOC-R4PCC04U05:563970:564845 [3] NCCL INFO Connected to proxy localRank 3 -> connection 0x7f16000054d0
MOC-R4PCC04U05:563967:564111 [0] NCCL INFO New proxy recv connection 18 from local rank 0, transport 0
MOC-R4PCC04U05:563967:564846 [0] NCCL INFO Connected to proxy localRank 0 -> connection 0x7fe6600057a0
MOC-R4PCC04U05:563970:564845 [3] NCCL INFO Channel 00/0 : 11[3] -> 3[3] [receive] via NET/Socket/0
MOC-R4PCC04U05:563970:564106 [3] NCCL INFO New proxy recv connection 13 from local rank 3, transport 2
MOC-R4PCC04U05:563970:564845 [3] NCCL INFO Connected to proxy localRank 3 -> connection 0x7f1600005548
MOC-R4PCC04U05:563970:564845 [3] NCCL INFO Channel 01/0 : 11[3] -> 3[3] [receive] via NET/Socket/0
MOC-R4PCC04U05:563970:564106 [3] NCCL INFO New proxy recv connection 14 from local rank 3, transport 2
MOC-R4PCC04U05:563970:564845 [3] NCCL INFO Connected to proxy localRank 3 -> connection 0x7f16000055c0
MOC-R4PCC04U05:563967:564111 [0] NCCL INFO New proxy recv connection 19 from local rank 0, transport 0
MOC-R4PCC04U05:563967:564846 [0] NCCL INFO Connected to proxy localRank 0 -> connection 0x7fe660005818
MOC-R4PCC04U05:563970:564845 [3] NCCL INFO Channel 02/0 : 11[3] -> 3[3] [receive] via NET/Socket/0
MOC-R4PCC04U05:563970:564106 [3] NCCL INFO New proxy recv connection 15 from local rank 3, transport 2
MOC-R4PCC04U05:563970:564845 [3] NCCL INFO Connected to proxy localRank 3 -> connection 0x7f1600005638
MOC-R4PCC04U05:563970:564845 [3] NCCL INFO Channel 03/0 : 11[3] -> 3[3] [receive] via NET/Socket/0
MOC-R4PCC04U05:563970:564106 [3] NCCL INFO New proxy send connection 16 from local rank 3, transport 2
MOC-R4PCC04U05:563970:564845 [3] NCCL INFO Connected to proxy localRank 3 -> connection 0x7f16000056b0
MOC-R4PCC04U05:563970:564845 [3] NCCL INFO Channel 02/0 : 3[3] -> 7[3] [send] via NET/Socket/0
MOC-R4PCC04U05:563970:564106 [3] NCCL INFO New proxy send connection 17 from local rank 3, transport 2
MOC-R4PCC04U05:563970:564845 [3] NCCL INFO Connected to proxy localRank 3 -> connection 0x7f1600005728
MOC-R4PCC04U05:563967:564111 [0] NCCL INFO New proxy recv connection 20 from local rank 0, transport 0
MOC-R4PCC04U05:563967:564846 [0] NCCL INFO Connected to proxy localRank 0 -> connection 0x7fe660005890
MOC-R4PCC04U05:563970:564845 [3] NCCL INFO Channel 03/0 : 3[3] -> 7[3] [send] via NET/Socket/0
MOC-R4PCC04U05:563970:564106 [3] NCCL INFO New proxy recv connection 18 from local rank 3, transport 2
MOC-R4PCC04U05:563970:564845 [3] NCCL INFO Connected to proxy localRank 3 -> connection 0x7f16000057a0
MOC-R4PCC04U05:563970:564845 [3] NCCL INFO Channel 02/0 : 7[3] -> 3[3] [receive] via NET/Socket/0
MOC-R4PCC04U05:563970:564106 [3] NCCL INFO New proxy recv connection 19 from local rank 3, transport 2
MOC-R4PCC04U05:563970:564845 [3] NCCL INFO Connected to proxy localRank 3 -> connection 0x7f1600005818
MOC-R4PCC04U05:563970:564845 [3] NCCL INFO Channel 03/0 : 7[3] -> 3[3] [receive] via NET/Socket/0
MOC-R4PCC04U05:563970:564106 [3] NCCL INFO New proxy send connection 20 from local rank 3, transport 2
MOC-R4PCC04U05:563970:564845 [3] NCCL INFO Connected to proxy localRank 3 -> connection 0x7f1600005890
MOC-R4PCC04U05:563970:564845 [3] NCCL INFO Channel 00/0 : 3[3] -> 11[3] [send] via NET/Socket/0
MOC-R4PCC04U05:563970:564106 [3] NCCL INFO New proxy send connection 21 from local rank 3, transport 2
MOC-R4PCC04U05:563970:564845 [3] NCCL INFO Connected to proxy localRank 3 -> connection 0x7f1600005908
MOC-R4PCC04U05:563970:564845 [3] NCCL INFO Channel 01/0 : 3[3] -> 11[3] [send] via NET/Socket/0
MOC-R4PCC04U05:563970:564106 [3] NCCL INFO New proxy send connection 22 from local rank 3, transport 2
MOC-R4PCC04U05:563970:564845 [3] NCCL INFO Connected to proxy localRank 3 -> connection 0x7f1600005980
MOC-R4PCC04U05:563970:564845 [3] NCCL INFO Channel 02/0 : 3[3] -> 11[3] [send] via NET/Socket/0
MOC-R4PCC04U05:563970:564106 [3] NCCL INFO New proxy send connection 23 from local rank 3, transport 2
MOC-R4PCC04U05:563970:564845 [3] NCCL INFO Connected to proxy localRank 3 -> connection 0x7f16000059f8
MOC-R4PCC04U05:563970:564845 [3] NCCL INFO Channel 03/0 : 3[3] -> 11[3] [send] via NET/Socket/0
MOC-R4PCC04U05:563970:564106 [3] NCCL INFO New proxy send connection 24 from local rank 3, transport 0
MOC-R4PCC04U05:563970:564845 [3] NCCL INFO Connected to proxy localRank 3 -> connection 0x7f1600005a70
MOC-R4PCC04U05:563970:564106 [3] NCCL INFO New proxy send connection 25 from local rank 3, transport 0
MOC-R4PCC04U05:563970:564845 [3] NCCL INFO Connected to proxy localRank 3 -> connection 0x7f1600005ae8
MOC-R4PCC04U05:563970:564106 [3] NCCL INFO New proxy send connection 26 from local rank 3, transport 0
MOC-R4PCC04U05:563970:564845 [3] NCCL INFO Connected to proxy localRank 3 -> connection 0x7f1600005b60
MOC-R4PCC04U05:563970:564106 [3] NCCL INFO New proxy send connection 27 from local rank 3, transport 0
MOC-R4PCC04U05:563970:564845 [3] NCCL INFO Connected to proxy localRank 3 -> connection 0x7f1600005bd8
step    1/10 | train loss 11.010126 | norm 15.3256 | lr 1.00e-04 | (14873.36 ms | 264376 tok/s)
step    2/10 | train loss 10.140699 | norm 5.7407 | lr 1.00e-04 | (841.37 ms | 4673537 tok/s)
step    3/10 | train loss 9.801214 | norm 2.5999 | lr 1.00e-04 | (834.43 ms | 4712399 tok/s)
step    4/10 | train loss 9.632386 | norm 2.1070 | lr 1.00e-04 | (832.47 ms | 4723494 tok/s)
step    5/10 | train loss 9.549857 | norm 2.1011 | lr 1.00e-04 | (833.66 ms | 4716741 tok/s)
step    6/10 | train loss 9.469213 | norm 1.9918 | lr 1.00e-04 | (837.17 ms | 4696941 tok/s)
step    7/10 | train loss 9.384212 | norm 1.9429 | lr 1.00e-04 | (834.39 ms | 4712611 tok/s)
step    8/10 | train loss 9.293196 | norm 1.9109 | lr 1.00e-04 | (831.68 ms | 4727979 tok/s)
step    9/10 | train loss 9.198155 | norm 1.8587 | lr 1.00e-04 | (838.19 ms | 4691274 tok/s)
step   10/10 | train loss 9.112144 | norm 1.7911 | lr 1.00e-04 | (845.46 ms | 4650931 tok/s)
final 9 iters avg: 836.535ms
peak memory consumption: 16601 MiB
