Running pytorch 2.7.0+cu126
using device: cuda:0
total desired batch size: 1966080
=> calculated gradient accumulation steps: 5
using device: cuda:2
using device: cuda:1
using device: cuda:3
compiling the model...
DataLoader: total number of tokens: 1,661,249,667 across 103 files
MOC-R4PCC04U05:521745:521745 [0] NCCL INFO NCCL_SOCKET_IFNAME set to eno7np0
MOC-R4PCC04U05:521745:521745 [0] NCCL INFO NCCL version 2.26.2+cuda12.2
MOC-R4PCC04U05:521745:521849 [0] NCCL INFO NET/Plugin: Could not find: libnccl-net.so. Using internal net plugin.
MOC-R4PCC04U05:521745:521849 [0] NCCL INFO NET/Socket : Using [0]eno7np0:192.168.50.193<0>
MOC-R4PCC04U05:521746:521746 [1] NCCL INFO NCCL_SOCKET_IFNAME set to eno7np0
MOC-R4PCC04U05:521746:521746 [1] NCCL INFO NCCL version 2.26.2+cuda12.2
MOC-R4PCC04U05:521747:521747 [2] NCCL INFO NCCL_SOCKET_IFNAME set to eno7np0
MOC-R4PCC04U05:521747:521747 [2] NCCL INFO NCCL version 2.26.2+cuda12.2
MOC-R4PCC04U05:521748:521748 [3] NCCL INFO NCCL_SOCKET_IFNAME set to eno7np0
MOC-R4PCC04U05:521748:521748 [3] NCCL INFO NCCL version 2.26.2+cuda12.2
MOC-R4PCC04U05:521747:521872 [2] NCCL INFO NET/Plugin: Could not find: libnccl-net.so. Using internal net plugin.
MOC-R4PCC04U05:521747:521872 [2] NCCL INFO NET/Socket : Using [0]eno7np0:192.168.50.193<0>
MOC-R4PCC04U05:521746:521871 [1] NCCL INFO NET/Plugin: Could not find: libnccl-net.so. Using internal net plugin.
MOC-R4PCC04U05:521746:521871 [1] NCCL INFO NET/Socket : Using [0]eno7np0:192.168.50.193<0>
MOC-R4PCC04U05:521748:521873 [3] NCCL INFO NET/Plugin: Could not find: libnccl-net.so. Using internal net plugin.
MOC-R4PCC04U05:521748:521873 [3] NCCL INFO NET/Socket : Using [0]eno7np0:192.168.50.193<0>
MOC-R4PCC04U05:521748:521873 [3] NCCL INFO NET/Socket : GPU Direct RDMA Disabled for HCA 0 'eno7np0'
MOC-R4PCC04U05:521747:521872 [2] NCCL INFO NET/Socket : GPU Direct RDMA Disabled for HCA 0 'eno7np0'
MOC-R4PCC04U05:521745:521849 [0] NCCL INFO NET/Socket : GPU Direct RDMA Disabled for HCA 0 'eno7np0'
MOC-R4PCC04U05:521746:521871 [1] NCCL INFO NET/Socket : GPU Direct RDMA Disabled for HCA 0 'eno7np0'
MOC-R4PCC04U05:521747:521882 [2] NCCL INFO New proxy recv connection 0 from local rank 2, transport 0
MOC-R4PCC04U05:521747:521957 [2] NCCL INFO Connected to proxy localRank 2 -> connection 0x7f503c004f30
MOC-R4PCC04U05:521745:521887 [0] NCCL INFO New proxy send connection 0 from local rank 0, transport 0
MOC-R4PCC04U05:521745:521958 [0] NCCL INFO Connected to proxy localRank 0 -> connection 0x7f5824004f30
MOC-R4PCC04U05:521745:521887 [0] NCCL INFO New proxy send connection 1 from local rank 0, transport 0
MOC-R4PCC04U05:521745:521958 [0] NCCL INFO Connected to proxy localRank 0 -> connection 0x7f5824004fa8
MOC-R4PCC04U05:521746:521883 [1] NCCL INFO New proxy recv connection 0 from local rank 1, transport 0
MOC-R4PCC04U05:521746:521959 [1] NCCL INFO Connected to proxy localRank 1 -> connection 0x7efe60004f30
MOC-R4PCC04U05:521747:521882 [2] NCCL INFO New proxy recv connection 1 from local rank 2, transport 0
MOC-R4PCC04U05:521747:521957 [2] NCCL INFO Connected to proxy localRank 2 -> connection 0x7f503c004fa8
MOC-R4PCC04U05:521746:521883 [1] NCCL INFO New proxy recv connection 1 from local rank 1, transport 0
MOC-R4PCC04U05:521746:521959 [1] NCCL INFO Connected to proxy localRank 1 -> connection 0x7efe60004fa8
MOC-R4PCC04U05:521745:521887 [0] NCCL INFO New proxy send connection 2 from local rank 0, transport 0
MOC-R4PCC04U05:521745:521958 [0] NCCL INFO Connected to proxy localRank 0 -> connection 0x7f5824005020
MOC-R4PCC04U05:521745:521887 [0] NCCL INFO New proxy send connection 3 from local rank 0, transport 0
MOC-R4PCC04U05:521745:521958 [0] NCCL INFO Connected to proxy localRank 0 -> connection 0x7f5824005098
MOC-R4PCC04U05:521748:521886 [3] NCCL INFO New proxy recv connection 0 from local rank 3, transport 0
MOC-R4PCC04U05:521748:521960 [3] NCCL INFO Connected to proxy localRank 3 -> connection 0x7efe40004f30
MOC-R4PCC04U05:521748:521886 [3] NCCL INFO New proxy recv connection 1 from local rank 3, transport 0
MOC-R4PCC04U05:521748:521960 [3] NCCL INFO Connected to proxy localRank 3 -> connection 0x7efe40004fa8
MOC-R4PCC04U05:521747:521882 [2] NCCL INFO New proxy recv connection 2 from local rank 2, transport 2
MOC-R4PCC04U05:521747:521957 [2] NCCL INFO Connected to proxy localRank 2 -> connection 0x7f503c005020
MOC-R4PCC04U05:521747:521957 [2] NCCL INFO Channel 00/0 : 11[3] -> 2[2] [receive] via NET/Socket/0
MOC-R4PCC04U05:521747:521882 [2] NCCL INFO New proxy recv connection 3 from local rank 2, transport 2
MOC-R4PCC04U05:521747:521957 [2] NCCL INFO Connected to proxy localRank 2 -> connection 0x7f503c005098
MOC-R4PCC04U05:521747:521957 [2] NCCL INFO Channel 02/0 : 11[3] -> 2[2] [receive] via NET/Socket/0
MOC-R4PCC04U05:521748:521886 [3] NCCL INFO New proxy send connection 2 from local rank 3, transport 2
MOC-R4PCC04U05:521748:521960 [3] NCCL INFO Connected to proxy localRank 3 -> connection 0x7efe40005020
MOC-R4PCC04U05:521748:521960 [3] NCCL INFO Channel 00/0 : 3[3] -> 6[2] [send] via NET/Socket/0
MOC-R4PCC04U05:521748:521886 [3] NCCL INFO New proxy send connection 3 from local rank 3, transport 2
MOC-R4PCC04U05:521748:521960 [3] NCCL INFO Connected to proxy localRank 3 -> connection 0x7efe40005098
MOC-R4PCC04U05:521748:521960 [3] NCCL INFO Channel 02/0 : 3[3] -> 6[2] [send] via NET/Socket/0
MOC-R4PCC04U05:521745:521887 [0] NCCL INFO New proxy recv connection 4 from local rank 0, transport 0
MOC-R4PCC04U05:521745:521958 [0] NCCL INFO Connected to proxy localRank 0 -> connection 0x7f5824005110
MOC-R4PCC04U05:521745:521887 [0] NCCL INFO New proxy recv connection 5 from local rank 0, transport 0
MOC-R4PCC04U05:521745:521958 [0] NCCL INFO Connected to proxy localRank 0 -> connection 0x7f5824005188
MOC-R4PCC04U05:521745:521887 [0] NCCL INFO New proxy recv connection 6 from local rank 0, transport 0
MOC-R4PCC04U05:521745:521958 [0] NCCL INFO Connected to proxy localRank 0 -> connection 0x7f5824005200
MOC-R4PCC04U05:521745:521887 [0] NCCL INFO New proxy recv connection 7 from local rank 0, transport 0
MOC-R4PCC04U05:521745:521958 [0] NCCL INFO Connected to proxy localRank 0 -> connection 0x7f5824005278
MOC-R4PCC04U05:521747:521882 [2] NCCL INFO New proxy send connection 4 from local rank 2, transport 2
MOC-R4PCC04U05:521747:521957 [2] NCCL INFO Connected to proxy localRank 2 -> connection 0x7f503c005110
MOC-R4PCC04U05:521747:521957 [2] NCCL INFO Channel 01/0 : 2[2] -> 7[3] [send] via NET/Socket/0
MOC-R4PCC04U05:521747:521882 [2] NCCL INFO New proxy send connection 5 from local rank 2, transport 2
MOC-R4PCC04U05:521747:521957 [2] NCCL INFO Connected to proxy localRank 2 -> connection 0x7f503c005188
MOC-R4PCC04U05:521747:521957 [2] NCCL INFO Channel 03/0 : 2[2] -> 7[3] [send] via NET/Socket/0
MOC-R4PCC04U05:521748:521886 [3] NCCL INFO New proxy recv connection 4 from local rank 3, transport 2
MOC-R4PCC04U05:521748:521960 [3] NCCL INFO Connected to proxy localRank 3 -> connection 0x7efe40005110
MOC-R4PCC04U05:521748:521960 [3] NCCL INFO Channel 01/0 : 10[2] -> 3[3] [receive] via NET/Socket/0
MOC-R4PCC04U05:521748:521886 [3] NCCL INFO New proxy recv connection 5 from local rank 3, transport 2
MOC-R4PCC04U05:521748:521960 [3] NCCL INFO Connected to proxy localRank 3 -> connection 0x7efe40005188
MOC-R4PCC04U05:521748:521960 [3] NCCL INFO Channel 03/0 : 10[2] -> 3[3] [receive] via NET/Socket/0
MOC-R4PCC04U05:521748:521886 [3] NCCL INFO New proxy send connection 6 from local rank 3, transport 0
MOC-R4PCC04U05:521748:521960 [3] NCCL INFO Connected to proxy localRank 3 -> connection 0x7efe40005200
MOC-R4PCC04U05:521747:521882 [2] NCCL INFO New proxy send connection 6 from local rank 2, transport 0
MOC-R4PCC04U05:521747:521957 [2] NCCL INFO Connected to proxy localRank 2 -> connection 0x7f503c005200
MOC-R4PCC04U05:521748:521886 [3] NCCL INFO New proxy send connection 7 from local rank 3, transport 0
MOC-R4PCC04U05:521748:521960 [3] NCCL INFO Connected to proxy localRank 3 -> connection 0x7efe40005278
MOC-R4PCC04U05:521747:521882 [2] NCCL INFO New proxy send connection 7 from local rank 2, transport 0
MOC-R4PCC04U05:521747:521957 [2] NCCL INFO Connected to proxy localRank 2 -> connection 0x7f503c005278
MOC-R4PCC04U05:521746:521883 [1] NCCL INFO New proxy recv connection 2 from local rank 1, transport 0
MOC-R4PCC04U05:521746:521959 [1] NCCL INFO Connected to proxy localRank 1 -> connection 0x7efe60005020
MOC-R4PCC04U05:521745:521887 [0] NCCL INFO New proxy send connection 8 from local rank 3, transport 0
MOC-R4PCC04U05:521748:521960 [3] NCCL INFO Connected to proxy localRank 0 -> connection 0x7f58240052f0
MOC-R4PCC04U05:521746:521883 [1] NCCL INFO New proxy recv connection 3 from local rank 1, transport 0
MOC-R4PCC04U05:521746:521959 [1] NCCL INFO Connected to proxy localRank 1 -> connection 0x7efe60005098
MOC-R4PCC04U05:521746:521883 [1] NCCL INFO New proxy send connection 4 from local rank 1, transport 0
MOC-R4PCC04U05:521746:521959 [1] NCCL INFO Connected to proxy localRank 1 -> connection 0x7efe60005110
MOC-R4PCC04U05:521746:521883 [1] NCCL INFO New proxy send connection 5 from local rank 1, transport 0
MOC-R4PCC04U05:521746:521959 [1] NCCL INFO Connected to proxy localRank 1 -> connection 0x7efe60005188
MOC-R4PCC04U05:521746:521883 [1] NCCL INFO New proxy send connection 6 from local rank 1, transport 0
MOC-R4PCC04U05:521746:521959 [1] NCCL INFO Connected to proxy localRank 1 -> connection 0x7efe60005200
MOC-R4PCC04U05:521746:521883 [1] NCCL INFO New proxy send connection 7 from local rank 1, transport 0
MOC-R4PCC04U05:521746:521959 [1] NCCL INFO Connected to proxy localRank 1 -> connection 0x7efe60005278
MOC-R4PCC04U05:521745:521887 [0] NCCL INFO New proxy send connection 9 from local rank 2, transport 0
MOC-R4PCC04U05:521747:521957 [2] NCCL INFO Connected to proxy localRank 0 -> connection 0x7f5824005368
MOC-R4PCC04U05:521747:521882 [2] NCCL INFO New proxy send connection 8 from local rank 0, transport 0
MOC-R4PCC04U05:521745:521958 [0] NCCL INFO Connected to proxy localRank 2 -> connection 0x7f503c0052f0
MOC-R4PCC04U05:521746:521883 [1] NCCL INFO New proxy send connection 8 from local rank 3, transport 0
MOC-R4PCC04U05:521748:521960 [3] NCCL INFO Connected to proxy localRank 1 -> connection 0x7efe600052f0
MOC-R4PCC04U05:521748:521886 [3] NCCL INFO New proxy send connection 8 from local rank 1, transport 0
MOC-R4PCC04U05:521746:521959 [1] NCCL INFO Connected to proxy localRank 3 -> connection 0x7efe400052f0
MOC-R4PCC04U05:521746:521883 [1] NCCL INFO New proxy send connection 9 from local rank 2, transport 0
MOC-R4PCC04U05:521747:521957 [2] NCCL INFO Connected to proxy localRank 1 -> connection 0x7efe60005368
MOC-R4PCC04U05:521748:521886 [3] NCCL INFO New proxy send connection 9 from local rank 0, transport 0
MOC-R4PCC04U05:521745:521958 [0] NCCL INFO Connected to proxy localRank 3 -> connection 0x7efe40005368
MOC-R4PCC04U05:521745:521887 [0] NCCL INFO New proxy send connection 10 from local rank 1, transport 0
MOC-R4PCC04U05:521746:521959 [1] NCCL INFO Connected to proxy localRank 0 -> connection 0x7f58240053e0
MOC-R4PCC04U05:521746:521883 [1] NCCL INFO New proxy send connection 10 from local rank 0, transport 0
MOC-R4PCC04U05:521745:521958 [0] NCCL INFO Connected to proxy localRank 1 -> connection 0x7efe600053e0
MOC-R4PCC04U05:521747:521882 [2] NCCL INFO New proxy send connection 9 from local rank 1, transport 0
MOC-R4PCC04U05:521746:521959 [1] NCCL INFO Connected to proxy localRank 2 -> connection 0x7f503c005368
num decayed parameter tensors: 50, with 124,318,464 parameters
num non-decayed parameter tensors: 98, with 121,344 parameters
using fused AdamW: False
using regular AdamW
MOC-R4PCC04U05:521745:521887 [0] NCCL INFO New proxy send connection 11 from local rank 0, transport 0
MOC-R4PCC04U05:521745:522650 [0] NCCL INFO Connected to proxy localRank 0 -> connection 0x7f5824005458
MOC-R4PCC04U05:521745:521887 [0] NCCL INFO New proxy send connection 12 from local rank 0, transport 0
MOC-R4PCC04U05:521745:522650 [0] NCCL INFO Connected to proxy localRank 0 -> connection 0x7f58240054d0
MOC-R4PCC04U05:521745:521887 [0] NCCL INFO New proxy send connection 13 from local rank 0, transport 0
MOC-R4PCC04U05:521745:522650 [0] NCCL INFO Connected to proxy localRank 0 -> connection 0x7f5824005548
MOC-R4PCC04U05:521745:521887 [0] NCCL INFO New proxy send connection 14 from local rank 0, transport 0
MOC-R4PCC04U05:521745:522650 [0] NCCL INFO Connected to proxy localRank 0 -> connection 0x7f58240055c0
MOC-R4PCC04U05:521747:521882 [2] NCCL INFO New proxy recv connection 10 from local rank 2, transport 0
MOC-R4PCC04U05:521747:522651 [2] NCCL INFO Connected to proxy localRank 2 -> connection 0x7f503c0053e0
MOC-R4PCC04U05:521747:521882 [2] NCCL INFO New proxy recv connection 11 from local rank 2, transport 0
MOC-R4PCC04U05:521747:522651 [2] NCCL INFO Connected to proxy localRank 2 -> connection 0x7f503c005458
MOC-R4PCC04U05:521747:521882 [2] NCCL INFO New proxy recv connection 12 from local rank 2, transport 0
MOC-R4PCC04U05:521747:522651 [2] NCCL INFO Connected to proxy localRank 2 -> connection 0x7f503c0054d0
MOC-R4PCC04U05:521747:521882 [2] NCCL INFO New proxy recv connection 13 from local rank 2, transport 0
MOC-R4PCC04U05:521747:522651 [2] NCCL INFO Connected to proxy localRank 2 -> connection 0x7f503c005548
MOC-R4PCC04U05:521746:521883 [1] NCCL INFO New proxy recv connection 11 from local rank 1, transport 0
MOC-R4PCC04U05:521746:522652 [1] NCCL INFO Connected to proxy localRank 1 -> connection 0x7efe60005458
MOC-R4PCC04U05:521746:521883 [1] NCCL INFO New proxy recv connection 12 from local rank 1, transport 0
MOC-R4PCC04U05:521746:522652 [1] NCCL INFO Connected to proxy localRank 1 -> connection 0x7efe600054d0
MOC-R4PCC04U05:521746:521883 [1] NCCL INFO New proxy recv connection 13 from local rank 1, transport 0
MOC-R4PCC04U05:521746:522652 [1] NCCL INFO Connected to proxy localRank 1 -> connection 0x7efe60005548
MOC-R4PCC04U05:521746:521883 [1] NCCL INFO New proxy recv connection 14 from local rank 1, transport 0
MOC-R4PCC04U05:521746:522652 [1] NCCL INFO Connected to proxy localRank 1 -> connection 0x7efe600055c0
MOC-R4PCC04U05:521746:521883 [1] NCCL INFO New proxy send connection 15 from local rank 1, transport 0
MOC-R4PCC04U05:521746:522652 [1] NCCL INFO Connected to proxy localRank 1 -> connection 0x7efe60005638
MOC-R4PCC04U05:521746:521883 [1] NCCL INFO New proxy send connection 16 from local rank 1, transport 0
MOC-R4PCC04U05:521746:522652 [1] NCCL INFO Connected to proxy localRank 1 -> connection 0x7efe600056b0
MOC-R4PCC04U05:521746:521883 [1] NCCL INFO New proxy send connection 17 from local rank 1, transport 0
MOC-R4PCC04U05:521746:522652 [1] NCCL INFO Connected to proxy localRank 1 -> connection 0x7efe60005728
MOC-R4PCC04U05:521746:521883 [1] NCCL INFO New proxy send connection 18 from local rank 1, transport 0
MOC-R4PCC04U05:521746:522652 [1] NCCL INFO Connected to proxy localRank 1 -> connection 0x7efe600057a0
MOC-R4PCC04U05:521745:521887 [0] NCCL INFO New proxy send connection 15 from local rank 0, transport 0
MOC-R4PCC04U05:521745:522650 [0] NCCL INFO Connected to proxy localRank 0 -> connection 0x7f5824005638
MOC-R4PCC04U05:521747:521882 [2] NCCL INFO New proxy send connection 14 from local rank 2, transport 0
MOC-R4PCC04U05:521747:522651 [2] NCCL INFO Connected to proxy localRank 2 -> connection 0x7f503c0055c0
MOC-R4PCC04U05:521746:521883 [1] NCCL INFO New proxy recv connection 19 from local rank 1, transport 0
MOC-R4PCC04U05:521746:522652 [1] NCCL INFO Connected to proxy localRank 1 -> connection 0x7efe60005818
MOC-R4PCC04U05:521745:521887 [0] NCCL INFO New proxy send connection 16 from local rank 0, transport 0
MOC-R4PCC04U05:521746:521883 [1] NCCL INFO New proxy recv connection 20 from local rank 1, transport 0
MOC-R4PCC04U05:521745:522650 [0] NCCL INFO Connected to proxy localRank 0 -> connection 0x7f58240056b0
MOC-R4PCC04U05:521746:522652 [1] NCCL INFO Connected to proxy localRank 1 -> connection 0x7efe60005890
MOC-R4PCC04U05:521747:521882 [2] NCCL INFO New proxy send connection 15 from local rank 2, transport 0
MOC-R4PCC04U05:521747:522651 [2] NCCL INFO Connected to proxy localRank 2 -> connection 0x7f503c005638
MOC-R4PCC04U05:521748:521886 [3] NCCL INFO New proxy recv connection 10 from local rank 3, transport 0
MOC-R4PCC04U05:521748:522653 [3] NCCL INFO Connected to proxy localRank 3 -> connection 0x7efe400053e0
MOC-R4PCC04U05:521748:521886 [3] NCCL INFO New proxy recv connection 11 from local rank 3, transport 0
MOC-R4PCC04U05:521748:522653 [3] NCCL INFO Connected to proxy localRank 3 -> connection 0x7efe40005458
MOC-R4PCC04U05:521748:521886 [3] NCCL INFO New proxy recv connection 12 from local rank 3, transport 2
MOC-R4PCC04U05:521748:522653 [3] NCCL INFO Connected to proxy localRank 3 -> connection 0x7efe400054d0
MOC-R4PCC04U05:521745:521887 [0] NCCL INFO New proxy recv connection 17 from local rank 0, transport 0
MOC-R4PCC04U05:521745:522650 [0] NCCL INFO Connected to proxy localRank 0 -> connection 0x7f5824005728
MOC-R4PCC04U05:521748:522653 [3] NCCL INFO Channel 00/0 : 11[3] -> 3[3] [receive] via NET/Socket/0
MOC-R4PCC04U05:521748:521886 [3] NCCL INFO New proxy recv connection 13 from local rank 3, transport 2
MOC-R4PCC04U05:521748:522653 [3] NCCL INFO Connected to proxy localRank 3 -> connection 0x7efe40005548
MOC-R4PCC04U05:521745:521887 [0] NCCL INFO New proxy recv connection 18 from local rank 0, transport 0
MOC-R4PCC04U05:521745:522650 [0] NCCL INFO Connected to proxy localRank 0 -> connection 0x7f58240057a0
MOC-R4PCC04U05:521745:521887 [0] NCCL INFO New proxy recv connection 19 from local rank 0, transport 0
MOC-R4PCC04U05:521745:522650 [0] NCCL INFO Connected to proxy localRank 0 -> connection 0x7f5824005818
MOC-R4PCC04U05:521748:522653 [3] NCCL INFO Channel 01/0 : 11[3] -> 3[3] [receive] via NET/Socket/0
MOC-R4PCC04U05:521748:521886 [3] NCCL INFO New proxy recv connection 14 from local rank 3, transport 2
MOC-R4PCC04U05:521748:522653 [3] NCCL INFO Connected to proxy localRank 3 -> connection 0x7efe400055c0
MOC-R4PCC04U05:521745:521887 [0] NCCL INFO New proxy recv connection 20 from local rank 0, transport 0
MOC-R4PCC04U05:521745:522650 [0] NCCL INFO Connected to proxy localRank 0 -> connection 0x7f5824005890
MOC-R4PCC04U05:521748:522653 [3] NCCL INFO Channel 02/0 : 11[3] -> 3[3] [receive] via NET/Socket/0
MOC-R4PCC04U05:521748:521886 [3] NCCL INFO New proxy recv connection 15 from local rank 3, transport 2
MOC-R4PCC04U05:521748:522653 [3] NCCL INFO Connected to proxy localRank 3 -> connection 0x7efe40005638
MOC-R4PCC04U05:521748:522653 [3] NCCL INFO Channel 03/0 : 11[3] -> 3[3] [receive] via NET/Socket/0
MOC-R4PCC04U05:521748:521886 [3] NCCL INFO New proxy send connection 16 from local rank 3, transport 2
MOC-R4PCC04U05:521748:522653 [3] NCCL INFO Connected to proxy localRank 3 -> connection 0x7efe400056b0
MOC-R4PCC04U05:521748:522653 [3] NCCL INFO Channel 02/0 : 3[3] -> 7[3] [send] via NET/Socket/0
MOC-R4PCC04U05:521748:521886 [3] NCCL INFO New proxy send connection 17 from local rank 3, transport 2
MOC-R4PCC04U05:521748:522653 [3] NCCL INFO Connected to proxy localRank 3 -> connection 0x7efe40005728
MOC-R4PCC04U05:521748:522653 [3] NCCL INFO Channel 03/0 : 3[3] -> 7[3] [send] via NET/Socket/0
MOC-R4PCC04U05:521748:521886 [3] NCCL INFO New proxy recv connection 18 from local rank 3, transport 2
MOC-R4PCC04U05:521748:522653 [3] NCCL INFO Connected to proxy localRank 3 -> connection 0x7efe400057a0
MOC-R4PCC04U05:521748:522653 [3] NCCL INFO Channel 02/0 : 7[3] -> 3[3] [receive] via NET/Socket/0
MOC-R4PCC04U05:521748:521886 [3] NCCL INFO New proxy recv connection 19 from local rank 3, transport 2
MOC-R4PCC04U05:521748:522653 [3] NCCL INFO Connected to proxy localRank 3 -> connection 0x7efe40005818
MOC-R4PCC04U05:521748:522653 [3] NCCL INFO Channel 03/0 : 7[3] -> 3[3] [receive] via NET/Socket/0
MOC-R4PCC04U05:521748:521886 [3] NCCL INFO New proxy send connection 20 from local rank 3, transport 2
MOC-R4PCC04U05:521748:522653 [3] NCCL INFO Connected to proxy localRank 3 -> connection 0x7efe40005890
MOC-R4PCC04U05:521748:522653 [3] NCCL INFO Channel 00/0 : 3[3] -> 11[3] [send] via NET/Socket/0
MOC-R4PCC04U05:521748:521886 [3] NCCL INFO New proxy send connection 21 from local rank 3, transport 2
MOC-R4PCC04U05:521748:522653 [3] NCCL INFO Connected to proxy localRank 3 -> connection 0x7efe40005908
MOC-R4PCC04U05:521748:522653 [3] NCCL INFO Channel 01/0 : 3[3] -> 11[3] [send] via NET/Socket/0
MOC-R4PCC04U05:521748:521886 [3] NCCL INFO New proxy send connection 22 from local rank 3, transport 2
MOC-R4PCC04U05:521748:522653 [3] NCCL INFO Connected to proxy localRank 3 -> connection 0x7efe40005980
MOC-R4PCC04U05:521748:522653 [3] NCCL INFO Channel 02/0 : 3[3] -> 11[3] [send] via NET/Socket/0
MOC-R4PCC04U05:521748:521886 [3] NCCL INFO New proxy send connection 23 from local rank 3, transport 2
MOC-R4PCC04U05:521748:522653 [3] NCCL INFO Connected to proxy localRank 3 -> connection 0x7efe400059f8
MOC-R4PCC04U05:521748:522653 [3] NCCL INFO Channel 03/0 : 3[3] -> 11[3] [send] via NET/Socket/0
MOC-R4PCC04U05:521748:521886 [3] NCCL INFO New proxy send connection 24 from local rank 3, transport 0
MOC-R4PCC04U05:521748:522653 [3] NCCL INFO Connected to proxy localRank 3 -> connection 0x7efe40005a70
MOC-R4PCC04U05:521748:521886 [3] NCCL INFO New proxy send connection 25 from local rank 3, transport 0
MOC-R4PCC04U05:521748:522653 [3] NCCL INFO Connected to proxy localRank 3 -> connection 0x7efe40005ae8
MOC-R4PCC04U05:521748:521886 [3] NCCL INFO New proxy send connection 26 from local rank 3, transport 0
MOC-R4PCC04U05:521748:522653 [3] NCCL INFO Connected to proxy localRank 3 -> connection 0x7efe40005b60
MOC-R4PCC04U05:521748:521886 [3] NCCL INFO New proxy send connection 27 from local rank 3, transport 0
MOC-R4PCC04U05:521748:522653 [3] NCCL INFO Connected to proxy localRank 3 -> connection 0x7efe40005bd8
step    1/10 | train loss 11.009883 | norm 15.4032 | lr 1.00e-04 | (14221.80 ms | 138244 tok/s)
step    2/10 | train loss 10.137027 | norm 5.7553 | lr 1.00e-04 | (476.39 ms | 4127081 tok/s)
step    3/10 | train loss 9.795781 | norm 2.6138 | lr 1.00e-04 | (470.92 ms | 4175012 tok/s)
step    4/10 | train loss 9.626217 | norm 2.1172 | lr 1.00e-04 | (472.82 ms | 4158189 tok/s)
step    5/10 | train loss 9.543115 | norm 2.1086 | lr 1.00e-04 | (679.43 ms | 2893733 tok/s)
step    6/10 | train loss 9.461718 | norm 2.0012 | lr 1.00e-04 | (677.61 ms | 2901479 tok/s)
step    7/10 | train loss 9.375904 | norm 1.9512 | lr 1.00e-04 | (471.85 ms | 4166715 tok/s)
step    8/10 | train loss 9.283655 | norm 1.9173 | lr 1.00e-04 | (685.11 ms | 2869746 tok/s)
step    9/10 | train loss 9.187842 | norm 1.8581 | lr 1.00e-04 | (470.10 ms | 4182217 tok/s)
step   10/10 | train loss 9.103611 | norm 1.8050 | lr 1.00e-04 | (681.30 ms | 2885765 tok/s)
final 9 iters avg: 565.059ms
peak memory consumption: 16601 MiB
