Running pytorch 2.7.0+cu126
using device: cuda:0
total desired batch size: 2097152
=> calculated gradient accumulation steps: 4
using device: cuda:1
using device: cuda:3
using device: cuda:2
compiling the model...
DataLoader: total number of tokens: 1,661,249,667 across 103 files
MOC-R4PCC04U05:659458:659458 [0] NCCL INFO NCCL_SOCKET_IFNAME set to eno7np0
MOC-R4PCC04U05:659458:659458 [0] NCCL INFO NCCL version 2.26.2+cuda12.2
MOC-R4PCC04U05:659458:659562 [0] NCCL INFO NET/Plugin: Could not find: libnccl-net.so. Using internal net plugin.
MOC-R4PCC04U05:659458:659562 [0] NCCL INFO NET/Socket : Using [0]eno7np0:192.168.50.193<0>
MOC-R4PCC04U05:659459:659459 [1] NCCL INFO NCCL_SOCKET_IFNAME set to eno7np0
MOC-R4PCC04U05:659459:659459 [1] NCCL INFO NCCL version 2.26.2+cuda12.2
MOC-R4PCC04U05:659461:659461 [3] NCCL INFO NCCL_SOCKET_IFNAME set to eno7np0
MOC-R4PCC04U05:659461:659461 [3] NCCL INFO NCCL version 2.26.2+cuda12.2
MOC-R4PCC04U05:659460:659460 [2] NCCL INFO NCCL_SOCKET_IFNAME set to eno7np0
MOC-R4PCC04U05:659460:659460 [2] NCCL INFO NCCL version 2.26.2+cuda12.2
MOC-R4PCC04U05:659459:659584 [1] NCCL INFO NET/Plugin: Could not find: libnccl-net.so. Using internal net plugin.
MOC-R4PCC04U05:659461:659585 [3] NCCL INFO NET/Plugin: Could not find: libnccl-net.so. Using internal net plugin.
MOC-R4PCC04U05:659460:659586 [2] NCCL INFO NET/Plugin: Could not find: libnccl-net.so. Using internal net plugin.
MOC-R4PCC04U05:659459:659584 [1] NCCL INFO NET/Socket : Using [0]eno7np0:192.168.50.193<0>
MOC-R4PCC04U05:659461:659585 [3] NCCL INFO NET/Socket : Using [0]eno7np0:192.168.50.193<0>
MOC-R4PCC04U05:659460:659586 [2] NCCL INFO NET/Socket : Using [0]eno7np0:192.168.50.193<0>
MOC-R4PCC04U05:659460:659586 [2] NCCL INFO NET/Socket : GPU Direct RDMA Disabled for HCA 0 'eno7np0'
MOC-R4PCC04U05:659459:659584 [1] NCCL INFO NET/Socket : GPU Direct RDMA Disabled for HCA 0 'eno7np0'
MOC-R4PCC04U05:659458:659562 [0] NCCL INFO NET/Socket : GPU Direct RDMA Disabled for HCA 0 'eno7np0'
MOC-R4PCC04U05:659461:659585 [3] NCCL INFO NET/Socket : GPU Direct RDMA Disabled for HCA 0 'eno7np0'
MOC-R4PCC04U05:659461:659595 [3] NCCL INFO New proxy recv connection 0 from local rank 3, transport 0
MOC-R4PCC04U05:659461:659603 [3] NCCL INFO Connected to proxy localRank 3 -> connection 0x7f08c0004f30
MOC-R4PCC04U05:659459:659601 [1] NCCL INFO New proxy recv connection 0 from local rank 1, transport 0
MOC-R4PCC04U05:659458:659596 [0] NCCL INFO New proxy send connection 0 from local rank 0, transport 0
MOC-R4PCC04U05:659459:659604 [1] NCCL INFO Connected to proxy localRank 1 -> connection 0x7fae90004f30
MOC-R4PCC04U05:659458:659605 [0] NCCL INFO Connected to proxy localRank 0 -> connection 0x7fd1c8004f30
MOC-R4PCC04U05:659458:659596 [0] NCCL INFO New proxy send connection 1 from local rank 0, transport 0
MOC-R4PCC04U05:659458:659605 [0] NCCL INFO Connected to proxy localRank 0 -> connection 0x7fd1c8004fa8
MOC-R4PCC04U05:659461:659595 [3] NCCL INFO New proxy recv connection 1 from local rank 3, transport 0
MOC-R4PCC04U05:659461:659603 [3] NCCL INFO Connected to proxy localRank 3 -> connection 0x7f08c0004fa8
MOC-R4PCC04U05:659459:659601 [1] NCCL INFO New proxy recv connection 1 from local rank 1, transport 0
MOC-R4PCC04U05:659459:659604 [1] NCCL INFO Connected to proxy localRank 1 -> connection 0x7fae90004fa8
MOC-R4PCC04U05:659460:659597 [2] NCCL INFO New proxy recv connection 0 from local rank 2, transport 0
MOC-R4PCC04U05:659460:659606 [2] NCCL INFO Connected to proxy localRank 2 -> connection 0x7f9064004f30
MOC-R4PCC04U05:659460:659597 [2] NCCL INFO New proxy recv connection 1 from local rank 2, transport 0
MOC-R4PCC04U05:659460:659606 [2] NCCL INFO Connected to proxy localRank 2 -> connection 0x7f9064004fa8
MOC-R4PCC04U05:659458:659596 [0] NCCL INFO New proxy send connection 2 from local rank 0, transport 0
MOC-R4PCC04U05:659458:659605 [0] NCCL INFO Connected to proxy localRank 0 -> connection 0x7fd1c8005020
MOC-R4PCC04U05:659458:659596 [0] NCCL INFO New proxy send connection 3 from local rank 0, transport 0
MOC-R4PCC04U05:659458:659605 [0] NCCL INFO Connected to proxy localRank 0 -> connection 0x7fd1c8005098
MOC-R4PCC04U05:659461:659595 [3] NCCL INFO New proxy send connection 2 from local rank 3, transport 2
MOC-R4PCC04U05:659461:659603 [3] NCCL INFO Connected to proxy localRank 3 -> connection 0x7f08c0005020
MOC-R4PCC04U05:659461:659603 [3] NCCL INFO Channel 00/0 : 3[3] -> 6[2] [send] via NET/Socket/0
MOC-R4PCC04U05:659461:659595 [3] NCCL INFO New proxy send connection 3 from local rank 3, transport 2
MOC-R4PCC04U05:659461:659603 [3] NCCL INFO Connected to proxy localRank 3 -> connection 0x7f08c0005098
MOC-R4PCC04U05:659461:659603 [3] NCCL INFO Channel 02/0 : 3[3] -> 6[2] [send] via NET/Socket/0
MOC-R4PCC04U05:659458:659596 [0] NCCL INFO New proxy recv connection 4 from local rank 0, transport 0
MOC-R4PCC04U05:659458:659605 [0] NCCL INFO Connected to proxy localRank 0 -> connection 0x7fd1c8005110
MOC-R4PCC04U05:659461:659595 [3] NCCL INFO New proxy recv connection 4 from local rank 3, transport 2
MOC-R4PCC04U05:659461:659603 [3] NCCL INFO Connected to proxy localRank 3 -> connection 0x7f08c0005110
MOC-R4PCC04U05:659461:659603 [3] NCCL INFO Channel 01/0 : 14[2] -> 3[3] [receive] via NET/Socket/0
MOC-R4PCC04U05:659461:659595 [3] NCCL INFO New proxy recv connection 5 from local rank 3, transport 2
MOC-R4PCC04U05:659461:659603 [3] NCCL INFO Connected to proxy localRank 3 -> connection 0x7f08c0005188
MOC-R4PCC04U05:659461:659603 [3] NCCL INFO Channel 03/0 : 14[2] -> 3[3] [receive] via NET/Socket/0
MOC-R4PCC04U05:659460:659597 [2] NCCL INFO New proxy recv connection 2 from local rank 2, transport 2
MOC-R4PCC04U05:659460:659606 [2] NCCL INFO Connected to proxy localRank 2 -> connection 0x7f9064005020
MOC-R4PCC04U05:659461:659595 [3] NCCL INFO New proxy send connection 6 from local rank 3, transport 0
MOC-R4PCC04U05:659461:659603 [3] NCCL INFO Connected to proxy localRank 3 -> connection 0x7f08c0005200
MOC-R4PCC04U05:659460:659606 [2] NCCL INFO Channel 00/0 : 15[3] -> 2[2] [receive] via NET/Socket/0
MOC-R4PCC04U05:659460:659597 [2] NCCL INFO New proxy recv connection 3 from local rank 2, transport 2
MOC-R4PCC04U05:659460:659606 [2] NCCL INFO Connected to proxy localRank 2 -> connection 0x7f9064005098
MOC-R4PCC04U05:659460:659606 [2] NCCL INFO Channel 02/0 : 15[3] -> 2[2] [receive] via NET/Socket/0
MOC-R4PCC04U05:659458:659596 [0] NCCL INFO New proxy recv connection 5 from local rank 0, transport 0
MOC-R4PCC04U05:659458:659605 [0] NCCL INFO Connected to proxy localRank 0 -> connection 0x7fd1c8005188
MOC-R4PCC04U05:659461:659595 [3] NCCL INFO New proxy send connection 7 from local rank 3, transport 0
MOC-R4PCC04U05:659461:659603 [3] NCCL INFO Connected to proxy localRank 3 -> connection 0x7f08c0005278
MOC-R4PCC04U05:659460:659597 [2] NCCL INFO New proxy send connection 4 from local rank 2, transport 2
MOC-R4PCC04U05:659460:659606 [2] NCCL INFO Connected to proxy localRank 2 -> connection 0x7f9064005110
MOC-R4PCC04U05:659460:659606 [2] NCCL INFO Channel 01/0 : 2[2] -> 7[3] [send] via NET/Socket/0
MOC-R4PCC04U05:659460:659597 [2] NCCL INFO New proxy send connection 5 from local rank 2, transport 2
MOC-R4PCC04U05:659460:659606 [2] NCCL INFO Connected to proxy localRank 2 -> connection 0x7f9064005188
MOC-R4PCC04U05:659460:659606 [2] NCCL INFO Channel 03/0 : 2[2] -> 7[3] [send] via NET/Socket/0
MOC-R4PCC04U05:659460:659597 [2] NCCL INFO New proxy send connection 6 from local rank 2, transport 0
MOC-R4PCC04U05:659460:659606 [2] NCCL INFO Connected to proxy localRank 2 -> connection 0x7f9064005200
MOC-R4PCC04U05:659460:659597 [2] NCCL INFO New proxy send connection 7 from local rank 2, transport 0
MOC-R4PCC04U05:659460:659606 [2] NCCL INFO Connected to proxy localRank 2 -> connection 0x7f9064005278
MOC-R4PCC04U05:659458:659596 [0] NCCL INFO New proxy recv connection 6 from local rank 0, transport 0
MOC-R4PCC04U05:659458:659605 [0] NCCL INFO Connected to proxy localRank 0 -> connection 0x7fd1c8005200
MOC-R4PCC04U05:659459:659601 [1] NCCL INFO New proxy recv connection 2 from local rank 1, transport 0
MOC-R4PCC04U05:659459:659604 [1] NCCL INFO Connected to proxy localRank 1 -> connection 0x7fae90005020
MOC-R4PCC04U05:659458:659596 [0] NCCL INFO New proxy recv connection 7 from local rank 0, transport 0
MOC-R4PCC04U05:659458:659605 [0] NCCL INFO Connected to proxy localRank 0 -> connection 0x7fd1c8005278
MOC-R4PCC04U05:659458:659596 [0] NCCL INFO New proxy send connection 8 from local rank 3, transport 0
MOC-R4PCC04U05:659461:659603 [3] NCCL INFO Connected to proxy localRank 0 -> connection 0x7fd1c80052f0
MOC-R4PCC04U05:659459:659601 [1] NCCL INFO New proxy recv connection 3 from local rank 1, transport 0
MOC-R4PCC04U05:659459:659604 [1] NCCL INFO Connected to proxy localRank 1 -> connection 0x7fae90005098
MOC-R4PCC04U05:659459:659601 [1] NCCL INFO New proxy send connection 4 from local rank 1, transport 0
MOC-R4PCC04U05:659459:659604 [1] NCCL INFO Connected to proxy localRank 1 -> connection 0x7fae90005110
MOC-R4PCC04U05:659459:659601 [1] NCCL INFO New proxy send connection 5 from local rank 1, transport 0
MOC-R4PCC04U05:659459:659604 [1] NCCL INFO Connected to proxy localRank 1 -> connection 0x7fae90005188
MOC-R4PCC04U05:659459:659601 [1] NCCL INFO New proxy send connection 6 from local rank 1, transport 0
MOC-R4PCC04U05:659459:659604 [1] NCCL INFO Connected to proxy localRank 1 -> connection 0x7fae90005200
MOC-R4PCC04U05:659459:659601 [1] NCCL INFO New proxy send connection 7 from local rank 1, transport 0
MOC-R4PCC04U05:659459:659604 [1] NCCL INFO Connected to proxy localRank 1 -> connection 0x7fae90005278
MOC-R4PCC04U05:659458:659596 [0] NCCL INFO New proxy send connection 9 from local rank 2, transport 0
MOC-R4PCC04U05:659460:659597 [2] NCCL INFO New proxy send connection 8 from local rank 0, transport 0
MOC-R4PCC04U05:659458:659605 [0] NCCL INFO Connected to proxy localRank 2 -> connection 0x7f90640052f0
MOC-R4PCC04U05:659460:659606 [2] NCCL INFO Connected to proxy localRank 0 -> connection 0x7fd1c8005368
MOC-R4PCC04U05:659461:659595 [3] NCCL INFO New proxy send connection 8 from local rank 1, transport 0
MOC-R4PCC04U05:659459:659604 [1] NCCL INFO Connected to proxy localRank 3 -> connection 0x7f08c00052f0
MOC-R4PCC04U05:659459:659601 [1] NCCL INFO New proxy send connection 8 from local rank 2, transport 0
MOC-R4PCC04U05:659460:659606 [2] NCCL INFO Connected to proxy localRank 1 -> connection 0x7fae900052f0
MOC-R4PCC04U05:659461:659595 [3] NCCL INFO New proxy send connection 9 from local rank 0, transport 0
MOC-R4PCC04U05:659458:659605 [0] NCCL INFO Connected to proxy localRank 3 -> connection 0x7f08c0005368
MOC-R4PCC04U05:659459:659601 [1] NCCL INFO New proxy send connection 9 from local rank 3, transport 0
MOC-R4PCC04U05:659461:659603 [3] NCCL INFO Connected to proxy localRank 1 -> connection 0x7fae90005368
MOC-R4PCC04U05:659458:659596 [0] NCCL INFO New proxy send connection 10 from local rank 1, transport 0
MOC-R4PCC04U05:659459:659604 [1] NCCL INFO Connected to proxy localRank 0 -> connection 0x7fd1c80053e0
MOC-R4PCC04U05:659460:659597 [2] NCCL INFO New proxy send connection 9 from local rank 1, transport 0
MOC-R4PCC04U05:659459:659604 [1] NCCL INFO Connected to proxy localRank 2 -> connection 0x7f9064005368
MOC-R4PCC04U05:659459:659601 [1] NCCL INFO New proxy send connection 10 from local rank 0, transport 0
MOC-R4PCC04U05:659458:659605 [0] NCCL INFO Connected to proxy localRank 1 -> connection 0x7fae900053e0
num decayed parameter tensors: 50, with 124,318,464 parameters
num non-decayed parameter tensors: 98, with 121,344 parameters
using fused AdamW: False
using regular AdamW
MOC-R4PCC04U05:659458:659596 [0] NCCL INFO New proxy send connection 11 from local rank 0, transport 0
MOC-R4PCC04U05:659458:660361 [0] NCCL INFO Connected to proxy localRank 0 -> connection 0x7fd1c8005458
MOC-R4PCC04U05:659458:659596 [0] NCCL INFO New proxy send connection 12 from local rank 0, transport 0
MOC-R4PCC04U05:659458:660361 [0] NCCL INFO Connected to proxy localRank 0 -> connection 0x7fd1c80054d0
MOC-R4PCC04U05:659458:659596 [0] NCCL INFO New proxy send connection 13 from local rank 0, transport 0
MOC-R4PCC04U05:659458:660361 [0] NCCL INFO Connected to proxy localRank 0 -> connection 0x7fd1c8005548
MOC-R4PCC04U05:659458:659596 [0] NCCL INFO New proxy send connection 14 from local rank 0, transport 0
MOC-R4PCC04U05:659458:660361 [0] NCCL INFO Connected to proxy localRank 0 -> connection 0x7fd1c80055c0
MOC-R4PCC04U05:659461:659595 [3] NCCL INFO New proxy recv connection 10 from local rank 3, transport 0
MOC-R4PCC04U05:659461:660362 [3] NCCL INFO Connected to proxy localRank 3 -> connection 0x7f08c00053e0
MOC-R4PCC04U05:659461:659595 [3] NCCL INFO New proxy recv connection 11 from local rank 3, transport 0
MOC-R4PCC04U05:659461:660362 [3] NCCL INFO Connected to proxy localRank 3 -> connection 0x7f08c0005458
MOC-R4PCC04U05:659459:659601 [1] NCCL INFO New proxy recv connection 11 from local rank 1, transport 0
MOC-R4PCC04U05:659459:660363 [1] NCCL INFO Connected to proxy localRank 1 -> connection 0x7fae90005458
MOC-R4PCC04U05:659459:659601 [1] NCCL INFO New proxy recv connection 12 from local rank 1, transport 0
MOC-R4PCC04U05:659459:660363 [1] NCCL INFO Connected to proxy localRank 1 -> connection 0x7fae900054d0
MOC-R4PCC04U05:659459:659601 [1] NCCL INFO New proxy recv connection 13 from local rank 1, transport 0
MOC-R4PCC04U05:659459:660363 [1] NCCL INFO Connected to proxy localRank 1 -> connection 0x7fae90005548
MOC-R4PCC04U05:659459:659601 [1] NCCL INFO New proxy recv connection 14 from local rank 1, transport 0
MOC-R4PCC04U05:659459:660363 [1] NCCL INFO Connected to proxy localRank 1 -> connection 0x7fae900055c0
MOC-R4PCC04U05:659459:659601 [1] NCCL INFO New proxy send connection 15 from local rank 1, transport 0
MOC-R4PCC04U05:659459:660363 [1] NCCL INFO Connected to proxy localRank 1 -> connection 0x7fae90005638
MOC-R4PCC04U05:659459:659601 [1] NCCL INFO New proxy send connection 16 from local rank 1, transport 0
MOC-R4PCC04U05:659459:660363 [1] NCCL INFO Connected to proxy localRank 1 -> connection 0x7fae900056b0
MOC-R4PCC04U05:659459:659601 [1] NCCL INFO New proxy send connection 17 from local rank 1, transport 0
MOC-R4PCC04U05:659459:660363 [1] NCCL INFO Connected to proxy localRank 1 -> connection 0x7fae90005728
MOC-R4PCC04U05:659459:659601 [1] NCCL INFO New proxy send connection 18 from local rank 1, transport 0
MOC-R4PCC04U05:659459:660363 [1] NCCL INFO Connected to proxy localRank 1 -> connection 0x7fae900057a0
MOC-R4PCC04U05:659458:659596 [0] NCCL INFO New proxy send connection 15 from local rank 0, transport 0
MOC-R4PCC04U05:659458:660361 [0] NCCL INFO Connected to proxy localRank 0 -> connection 0x7fd1c8005638
MOC-R4PCC04U05:659458:659596 [0] NCCL INFO New proxy send connection 16 from local rank 0, transport 0
MOC-R4PCC04U05:659458:660361 [0] NCCL INFO Connected to proxy localRank 0 -> connection 0x7fd1c80056b0
MOC-R4PCC04U05:659458:659596 [0] NCCL INFO New proxy recv connection 17 from local rank 0, transport 0
MOC-R4PCC04U05:659458:660361 [0] NCCL INFO Connected to proxy localRank 0 -> connection 0x7fd1c8005728
MOC-R4PCC04U05:659461:659595 [3] NCCL INFO New proxy send connection 12 from local rank 3, transport 2
MOC-R4PCC04U05:659461:660362 [3] NCCL INFO Connected to proxy localRank 3 -> connection 0x7f08c00054d0
MOC-R4PCC04U05:659458:659596 [0] NCCL INFO New proxy recv connection 18 from local rank 0, transport 0
MOC-R4PCC04U05:659458:660361 [0] NCCL INFO Connected to proxy localRank 0 -> connection 0x7fd1c80057a0
MOC-R4PCC04U05:659458:659596 [0] NCCL INFO New proxy recv connection 19 from local rank 0, transport 0
MOC-R4PCC04U05:659458:660361 [0] NCCL INFO Connected to proxy localRank 0 -> connection 0x7fd1c8005818
MOC-R4PCC04U05:659461:660362 [3] NCCL INFO Channel 02/0 : 3[3] -> 7[3] [send] via NET/Socket/0
MOC-R4PCC04U05:659461:659595 [3] NCCL INFO New proxy send connection 13 from local rank 3, transport 2
MOC-R4PCC04U05:659461:660362 [3] NCCL INFO Connected to proxy localRank 3 -> connection 0x7f08c0005548
MOC-R4PCC04U05:659458:659596 [0] NCCL INFO New proxy recv connection 20 from local rank 0, transport 0
MOC-R4PCC04U05:659458:660361 [0] NCCL INFO Connected to proxy localRank 0 -> connection 0x7fd1c8005890
MOC-R4PCC04U05:659461:660362 [3] NCCL INFO Channel 03/0 : 3[3] -> 7[3] [send] via NET/Socket/0
MOC-R4PCC04U05:659461:659595 [3] NCCL INFO New proxy recv connection 14 from local rank 3, transport 2
MOC-R4PCC04U05:659461:660362 [3] NCCL INFO Connected to proxy localRank 3 -> connection 0x7f08c00055c0
MOC-R4PCC04U05:659461:660362 [3] NCCL INFO Channel 00/0 : 11[3] -> 3[3] [receive] via NET/Socket/0
MOC-R4PCC04U05:659461:659595 [3] NCCL INFO New proxy recv connection 15 from local rank 3, transport 2
MOC-R4PCC04U05:659461:660362 [3] NCCL INFO Connected to proxy localRank 3 -> connection 0x7f08c0005638
MOC-R4PCC04U05:659461:660362 [3] NCCL INFO Channel 01/0 : 11[3] -> 3[3] [receive] via NET/Socket/0
MOC-R4PCC04U05:659461:659595 [3] NCCL INFO New proxy send connection 16 from local rank 3, transport 2
MOC-R4PCC04U05:659461:660362 [3] NCCL INFO Connected to proxy localRank 3 -> connection 0x7f08c00056b0
MOC-R4PCC04U05:659461:660362 [3] NCCL INFO Channel 00/0 : 3[3] -> 11[3] [send] via NET/Socket/0
MOC-R4PCC04U05:659461:659595 [3] NCCL INFO New proxy send connection 17 from local rank 3, transport 2
MOC-R4PCC04U05:659461:660362 [3] NCCL INFO Connected to proxy localRank 3 -> connection 0x7f08c0005728
MOC-R4PCC04U05:659461:660362 [3] NCCL INFO Channel 01/0 : 3[3] -> 11[3] [send] via NET/Socket/0
MOC-R4PCC04U05:659461:659595 [3] NCCL INFO New proxy recv connection 18 from local rank 3, transport 2
MOC-R4PCC04U05:659461:660362 [3] NCCL INFO Connected to proxy localRank 3 -> connection 0x7f08c00057a0
MOC-R4PCC04U05:659461:660362 [3] NCCL INFO Channel 02/0 : 7[3] -> 3[3] [receive] via NET/Socket/0
MOC-R4PCC04U05:659461:659595 [3] NCCL INFO New proxy recv connection 19 from local rank 3, transport 2
MOC-R4PCC04U05:659461:660362 [3] NCCL INFO Connected to proxy localRank 3 -> connection 0x7f08c0005818
MOC-R4PCC04U05:659461:660362 [3] NCCL INFO Channel 03/0 : 7[3] -> 3[3] [receive] via NET/Socket/0
MOC-R4PCC04U05:659461:659595 [3] NCCL INFO New proxy send connection 20 from local rank 3, transport 0
MOC-R4PCC04U05:659461:660362 [3] NCCL INFO Connected to proxy localRank 3 -> connection 0x7f08c0005890
MOC-R4PCC04U05:659461:659595 [3] NCCL INFO New proxy send connection 21 from local rank 3, transport 0
MOC-R4PCC04U05:659461:660362 [3] NCCL INFO Connected to proxy localRank 3 -> connection 0x7f08c0005908
MOC-R4PCC04U05:659461:659595 [3] NCCL INFO New proxy send connection 22 from local rank 3, transport 0
MOC-R4PCC04U05:659461:660362 [3] NCCL INFO Connected to proxy localRank 3 -> connection 0x7f08c0005980
MOC-R4PCC04U05:659461:659595 [3] NCCL INFO New proxy send connection 23 from local rank 3, transport 0
MOC-R4PCC04U05:659461:660362 [3] NCCL INFO Connected to proxy localRank 3 -> connection 0x7f08c00059f8
MOC-R4PCC04U05:659460:659597 [2] NCCL INFO New proxy recv connection 10 from local rank 2, transport 0
MOC-R4PCC04U05:659460:660364 [2] NCCL INFO Connected to proxy localRank 2 -> connection 0x7f90640053e0
MOC-R4PCC04U05:659460:659597 [2] NCCL INFO New proxy recv connection 11 from local rank 2, transport 0
MOC-R4PCC04U05:659460:660364 [2] NCCL INFO Connected to proxy localRank 2 -> connection 0x7f9064005458
MOC-R4PCC04U05:659460:659597 [2] NCCL INFO New proxy recv connection 12 from local rank 2, transport 0
MOC-R4PCC04U05:659460:660364 [2] NCCL INFO Connected to proxy localRank 2 -> connection 0x7f90640054d0
MOC-R4PCC04U05:659460:659597 [2] NCCL INFO New proxy recv connection 13 from local rank 2, transport 0
MOC-R4PCC04U05:659460:660364 [2] NCCL INFO Connected to proxy localRank 2 -> connection 0x7f9064005548
MOC-R4PCC04U05:659460:659597 [2] NCCL INFO New proxy send connection 14 from local rank 2, transport 0
MOC-R4PCC04U05:659460:660364 [2] NCCL INFO Connected to proxy localRank 2 -> connection 0x7f90640055c0
MOC-R4PCC04U05:659459:659601 [1] NCCL INFO New proxy recv connection 19 from local rank 1, transport 0
MOC-R4PCC04U05:659459:660363 [1] NCCL INFO Connected to proxy localRank 1 -> connection 0x7fae90005818
MOC-R4PCC04U05:659460:659597 [2] NCCL INFO New proxy send connection 15 from local rank 2, transport 0
MOC-R4PCC04U05:659460:660364 [2] NCCL INFO Connected to proxy localRank 2 -> connection 0x7f9064005638
MOC-R4PCC04U05:659459:659601 [1] NCCL INFO New proxy recv connection 20 from local rank 1, transport 0
MOC-R4PCC04U05:659459:660363 [1] NCCL INFO Connected to proxy localRank 1 -> connection 0x7fae90005890
step    1/10 | train loss 11.009806 | norm 15.3616 | lr 1.00e-04 | (14287.13 ms | 146786 tok/s)
step    2/10 | train loss 10.138535 | norm 5.7423 | lr 1.00e-04 | (432.44 ms | 4849613 tok/s)
step    3/10 | train loss 9.797907 | norm 2.6066 | lr 1.00e-04 | (637.33 ms | 3290532 tok/s)
step    4/10 | train loss 9.628576 | norm 2.1114 | lr 1.00e-04 | (423.45 ms | 4952560 tok/s)
step    5/10 | train loss 9.545594 | norm 2.1044 | lr 1.00e-04 | (425.63 ms | 4927118 tok/s)
step    6/10 | train loss 9.464417 | norm 1.9969 | lr 1.00e-04 | (426.95 ms | 4911952 tok/s)
step    7/10 | train loss 9.378774 | norm 1.9478 | lr 1.00e-04 | (426.03 ms | 4922499 tok/s)
step    8/10 | train loss 9.286810 | norm 1.9138 | lr 1.00e-04 | (468.66 ms | 4474830 tok/s)
step    9/10 | train loss 9.191317 | norm 1.8554 | lr 1.00e-04 | (432.51 ms | 4848785 tok/s)
step   10/10 | train loss 9.107036 | norm 1.7972 | lr 1.00e-04 | (427.82 ms | 4901955 tok/s)
final 9 iters avg: 455.646ms
peak memory consumption: 16601 MiB
