Running pytorch 2.7.0+cu126
using device: cuda:0
total desired batch size: 3145728
=> calculated gradient accumulation steps: 6
using device: cuda:2
using device: cuda:1
using device: cuda:3
compiling the model...
DataLoader: total number of tokens: 1,661,249,667 across 103 files
MOC-R4PCC04U05:721785:721785 [0] NCCL INFO NCCL_SOCKET_IFNAME set to eno7np0
MOC-R4PCC04U05:721785:721785 [0] NCCL INFO NCCL version 2.26.2+cuda12.2
MOC-R4PCC04U05:721785:721893 [0] NCCL INFO NET/Plugin: Could not find: libnccl-net.so. Using internal net plugin.
MOC-R4PCC04U05:721785:721893 [0] NCCL INFO NCCL_IB_HCA set to mlx5_5
MOC-R4PCC04U05:721788:721788 [3] NCCL INFO NCCL_SOCKET_IFNAME set to eno7np0
MOC-R4PCC04U05:721788:721788 [3] NCCL INFO NCCL version 2.26.2+cuda12.2
MOC-R4PCC04U05:721786:721786 [1] NCCL INFO NCCL_SOCKET_IFNAME set to eno7np0
MOC-R4PCC04U05:721786:721786 [1] NCCL INFO NCCL version 2.26.2+cuda12.2
MOC-R4PCC04U05:721785:721893 [0] NCCL INFO NET/IB : Made virtual device [0] name=mlx5_5 speed=400000 ndevs=1
MOC-R4PCC04U05:721785:721893 [0] NCCL INFO NET/IB : Using [0]mlx5_5:1/RoCE [RO]; OOB eno7np0:192.168.50.193<0>
MOC-R4PCC04U05:721787:721787 [2] NCCL INFO NCCL_SOCKET_IFNAME set to eno7np0
MOC-R4PCC04U05:721787:721787 [2] NCCL INFO NCCL version 2.26.2+cuda12.2
MOC-R4PCC04U05:721788:721915 [3] NCCL INFO NET/Plugin: Could not find: libnccl-net.so. Using internal net plugin.
MOC-R4PCC04U05:721788:721915 [3] NCCL INFO NCCL_IB_HCA set to mlx5_5
MOC-R4PCC04U05:721786:721916 [1] NCCL INFO NET/Plugin: Could not find: libnccl-net.so. Using internal net plugin.
MOC-R4PCC04U05:721786:721916 [1] NCCL INFO NCCL_IB_HCA set to mlx5_5
MOC-R4PCC04U05:721788:721915 [3] NCCL INFO NET/IB : Made virtual device [0] name=mlx5_5 speed=400000 ndevs=1
MOC-R4PCC04U05:721788:721915 [3] NCCL INFO NET/IB : Using [0]mlx5_5:1/RoCE [RO]; OOB eno7np0:192.168.50.193<0>
MOC-R4PCC04U05:721786:721916 [1] NCCL INFO NET/IB : Made virtual device [0] name=mlx5_5 speed=400000 ndevs=1
MOC-R4PCC04U05:721786:721916 [1] NCCL INFO NET/IB : Using [0]mlx5_5:1/RoCE [RO]; OOB eno7np0:192.168.50.193<0>
MOC-R4PCC04U05:721787:721918 [2] NCCL INFO NET/Plugin: Could not find: libnccl-net.so. Using internal net plugin.
MOC-R4PCC04U05:721787:721918 [2] NCCL INFO NCCL_IB_HCA set to mlx5_5
MOC-R4PCC04U05:721787:721918 [2] NCCL INFO NET/IB : Made virtual device [0] name=mlx5_5 speed=400000 ndevs=1
MOC-R4PCC04U05:721787:721918 [2] NCCL INFO NET/IB : Using [0]mlx5_5:1/RoCE [RO]; OOB eno7np0:192.168.50.193<0>
MOC-R4PCC04U05:721786:721916 [1] NCCL INFO NET/IB : GPU Direct RDMA Enabled for HCA 0 'mlx5_5'
MOC-R4PCC04U05:721786:721916 [1] NCCL INFO NET/IB : Made virtual device [1] name=mlx5_5 speed=400000 ndevs=1
MOC-R4PCC04U05:721786:721916 [1] NCCL INFO NET/IB : GPU Direct RDMA Enabled for HCA 0 'mlx5_5'
MOC-R4PCC04U05:721786:721916 [1] NCCL INFO NET/IB : GPU Direct RDMA Enabled for HCA 1 'mlx5_5'
MOC-R4PCC04U05:721788:721915 [3] NCCL INFO NET/IB : GPU Direct RDMA Enabled for HCA 0 'mlx5_5'
MOC-R4PCC04U05:721788:721915 [3] NCCL INFO NET/IB : Made virtual device [1] name=mlx5_5 speed=400000 ndevs=1
MOC-R4PCC04U05:721788:721915 [3] NCCL INFO NET/IB : GPU Direct RDMA Enabled for HCA 0 'mlx5_5'
MOC-R4PCC04U05:721788:721915 [3] NCCL INFO NET/IB : GPU Direct RDMA Enabled for HCA 1 'mlx5_5'
MOC-R4PCC04U05:721785:721893 [0] NCCL INFO NET/IB : GPU Direct RDMA Enabled for HCA 0 'mlx5_5'
MOC-R4PCC04U05:721785:721893 [0] NCCL INFO NET/IB : Made virtual device [1] name=mlx5_5 speed=400000 ndevs=1
MOC-R4PCC04U05:721785:721893 [0] NCCL INFO NET/IB : GPU Direct RDMA Enabled for HCA 0 'mlx5_5'
MOC-R4PCC04U05:721785:721893 [0] NCCL INFO NET/IB : GPU Direct RDMA Enabled for HCA 1 'mlx5_5'
MOC-R4PCC04U05:721787:721918 [2] NCCL INFO NET/IB : GPU Direct RDMA Enabled for HCA 0 'mlx5_5'
MOC-R4PCC04U05:721787:721918 [2] NCCL INFO NET/IB : Made virtual device [1] name=mlx5_5 speed=400000 ndevs=1
MOC-R4PCC04U05:721787:721918 [2] NCCL INFO NET/IB : GPU Direct RDMA Enabled for HCA 0 'mlx5_5'
MOC-R4PCC04U05:721787:721918 [2] NCCL INFO NET/IB : GPU Direct RDMA Enabled for HCA 1 'mlx5_5'
MOC-R4PCC04U05:721785:721893 [0] NCCL INFO NCCL_NET_GDR_LEVEL set by environment to LOC
MOC-R4PCC04U05:721785:721893 [0] NCCL INFO GPU Direct RDMA Disabled for GPU 0 / HCA 1 (distance 5 > 0)
MOC-R4PCC04U05:721785:721893 [0] NCCL INFO GPU Direct RDMA Disabled for GPU 1 / HCA 1 (distance 5 > 0)
MOC-R4PCC04U05:721785:721893 [0] NCCL INFO GPU Direct RDMA Disabled for GPU 2 / HCA 1 (distance 5 > 0)
MOC-R4PCC04U05:721785:721893 [0] NCCL INFO GPU Direct RDMA Disabled for GPU 0 / HCA 1 (distance 5 > 0)
MOC-R4PCC04U05:721785:721893 [0] NCCL INFO GPU Direct RDMA Disabled for GPU 1 / HCA 1 (distance 5 > 0)
MOC-R4PCC04U05:721785:721893 [0] NCCL INFO GPU Direct RDMA Disabled for GPU 2 / HCA 1 (distance 5 > 0)
MOC-R4PCC04U05:721786:721916 [1] NCCL INFO NCCL_NET_GDR_LEVEL set by environment to LOC
MOC-R4PCC04U05:721786:721916 [1] NCCL INFO GPU Direct RDMA Disabled for GPU 0 / HCA 1 (distance 5 > 0)
MOC-R4PCC04U05:721786:721916 [1] NCCL INFO GPU Direct RDMA Disabled for GPU 1 / HCA 1 (distance 5 > 0)
MOC-R4PCC04U05:721786:721916 [1] NCCL INFO GPU Direct RDMA Disabled for GPU 2 / HCA 1 (distance 5 > 0)
MOC-R4PCC04U05:721788:721915 [3] NCCL INFO NCCL_NET_GDR_LEVEL set by environment to LOC
MOC-R4PCC04U05:721788:721915 [3] NCCL INFO GPU Direct RDMA Disabled for GPU 0 / HCA 1 (distance 5 > 0)
MOC-R4PCC04U05:721788:721915 [3] NCCL INFO GPU Direct RDMA Disabled for GPU 1 / HCA 1 (distance 5 > 0)
MOC-R4PCC04U05:721788:721915 [3] NCCL INFO GPU Direct RDMA Disabled for GPU 2 / HCA 1 (distance 5 > 0)
MOC-R4PCC04U05:721786:721916 [1] NCCL INFO GPU Direct RDMA Disabled for GPU 0 / HCA 1 (distance 5 > 0)
MOC-R4PCC04U05:721786:721916 [1] NCCL INFO GPU Direct RDMA Disabled for GPU 1 / HCA 1 (distance 5 > 0)
MOC-R4PCC04U05:721786:721916 [1] NCCL INFO GPU Direct RDMA Disabled for GPU 2 / HCA 1 (distance 5 > 0)
MOC-R4PCC04U05:721788:721915 [3] NCCL INFO GPU Direct RDMA Disabled for GPU 0 / HCA 1 (distance 5 > 0)
MOC-R4PCC04U05:721788:721915 [3] NCCL INFO GPU Direct RDMA Disabled for GPU 1 / HCA 1 (distance 5 > 0)
MOC-R4PCC04U05:721788:721915 [3] NCCL INFO GPU Direct RDMA Disabled for GPU 2 / HCA 1 (distance 5 > 0)
MOC-R4PCC04U05:721787:721918 [2] NCCL INFO NCCL_NET_GDR_LEVEL set by environment to LOC
MOC-R4PCC04U05:721787:721918 [2] NCCL INFO GPU Direct RDMA Disabled for GPU 0 / HCA 1 (distance 5 > 0)
MOC-R4PCC04U05:721787:721918 [2] NCCL INFO GPU Direct RDMA Disabled for GPU 1 / HCA 1 (distance 5 > 0)
MOC-R4PCC04U05:721787:721918 [2] NCCL INFO GPU Direct RDMA Disabled for GPU 2 / HCA 1 (distance 5 > 0)
MOC-R4PCC04U05:721787:721918 [2] NCCL INFO GPU Direct RDMA Disabled for GPU 0 / HCA 1 (distance 5 > 0)
MOC-R4PCC04U05:721787:721918 [2] NCCL INFO GPU Direct RDMA Disabled for GPU 1 / HCA 1 (distance 5 > 0)
MOC-R4PCC04U05:721787:721918 [2] NCCL INFO GPU Direct RDMA Disabled for GPU 2 / HCA 1 (distance 5 > 0)
MOC-R4PCC04U05:721788:721930 [3] NCCL INFO New proxy recv connection 0 from local rank 3, transport 0
MOC-R4PCC04U05:721788:722005 [3] NCCL INFO Connected to proxy localRank 3 -> connection 0x7f7108004f30
MOC-R4PCC04U05:721788:721930 [3] NCCL INFO New proxy recv connection 1 from local rank 3, transport 0
MOC-R4PCC04U05:721788:722005 [3] NCCL INFO Connected to proxy localRank 3 -> connection 0x7f7108004fa8
MOC-R4PCC04U05:721788:722005 [3] NCCL INFO GPU Direct RDMA Disabled for GPU 3 / HCA 1 (distance 7 > 0)
MOC-R4PCC04U05:721785:721932 [0] NCCL INFO New proxy send connection 0 from local rank 0, transport 0
MOC-R4PCC04U05:721785:722006 [0] NCCL INFO Connected to proxy localRank 0 -> connection 0x7f49ec004f30
MOC-R4PCC04U05:721787:721935 [2] NCCL INFO New proxy recv connection 0 from local rank 2, transport 0
MOC-R4PCC04U05:721787:722007 [2] NCCL INFO Connected to proxy localRank 2 -> connection 0x7f0088004f30
MOC-R4PCC04U05:721787:721935 [2] NCCL INFO New proxy recv connection 1 from local rank 2, transport 0
MOC-R4PCC04U05:721787:722007 [2] NCCL INFO Connected to proxy localRank 2 -> connection 0x7f0088004fa8
MOC-R4PCC04U05:721785:721932 [0] NCCL INFO New proxy send connection 1 from local rank 0, transport 0
MOC-R4PCC04U05:721785:722006 [0] NCCL INFO Connected to proxy localRank 0 -> connection 0x7f49ec004fa8
MOC-R4PCC04U05:721786:721931 [1] NCCL INFO New proxy recv connection 0 from local rank 1, transport 0
MOC-R4PCC04U05:721786:722008 [1] NCCL INFO Connected to proxy localRank 1 -> connection 0x7f0100004f30
MOC-R4PCC04U05:721787:722007 [2] NCCL INFO GPU Direct RDMA Disabled for GPU 2 / HCA 1 (distance 7 > 0)
MOC-R4PCC04U05:721785:721932 [0] NCCL INFO New proxy send connection 2 from local rank 0, transport 0
MOC-R4PCC04U05:721785:722006 [0] NCCL INFO Connected to proxy localRank 0 -> connection 0x7f49ec005020
MOC-R4PCC04U05:721786:721931 [1] NCCL INFO New proxy recv connection 1 from local rank 1, transport 0
MOC-R4PCC04U05:721786:722008 [1] NCCL INFO Connected to proxy localRank 1 -> connection 0x7f0100004fa8
MOC-R4PCC04U05:721785:721932 [0] NCCL INFO New proxy send connection 3 from local rank 0, transport 0
MOC-R4PCC04U05:721785:722006 [0] NCCL INFO Connected to proxy localRank 0 -> connection 0x7f49ec005098
MOC-R4PCC04U05:721788:721930 [3] NCCL INFO New proxy send connection 2 from local rank 3, transport 2
MOC-R4PCC04U05:721788:722005 [3] NCCL INFO Connected to proxy localRank 3 -> connection 0x7f7108005020
MOC-R4PCC04U05:721788:722005 [3] NCCL INFO Channel 00/0 : 3[3] -> 6[2] [send] via NET/IB/1
MOC-R4PCC04U05:721788:722005 [3] NCCL INFO GPU Direct RDMA Disabled for GPU 3 / HCA 1 (distance 7 > 0)
MOC-R4PCC04U05:721788:721930 [3] NCCL INFO New proxy send connection 3 from local rank 3, transport 2
MOC-R4PCC04U05:721788:722005 [3] NCCL INFO Connected to proxy localRank 3 -> connection 0x7f7108005098
MOC-R4PCC04U05:721788:722005 [3] NCCL INFO Channel 02/0 : 3[3] -> 6[2] [send] via NET/IB/1
MOC-R4PCC04U05:721785:721932 [0] NCCL INFO New proxy recv connection 4 from local rank 0, transport 0
MOC-R4PCC04U05:721785:722006 [0] NCCL INFO Connected to proxy localRank 0 -> connection 0x7f49ec005110
MOC-R4PCC04U05:721788:722005 [3] NCCL INFO GPU Direct RDMA Disabled for GPU 3 / HCA 1 (distance 7 > 0)
MOC-R4PCC04U05:721788:721930 [3] NCCL INFO New proxy recv connection 4 from local rank 3, transport 2
MOC-R4PCC04U05:721788:722005 [3] NCCL INFO Connected to proxy localRank 3 -> connection 0x7f7108005110
MOC-R4PCC04U05:721788:722005 [3] NCCL INFO Channel 01/0 : 14[2] -> 3[3] [receive] via NET/IB/1
MOC-R4PCC04U05:721788:722005 [3] NCCL INFO GPU Direct RDMA Disabled for GPU 3 / HCA 1 (distance 7 > 0)
MOC-R4PCC04U05:721788:721930 [3] NCCL INFO New proxy recv connection 5 from local rank 3, transport 2
MOC-R4PCC04U05:721788:722005 [3] NCCL INFO Connected to proxy localRank 3 -> connection 0x7f7108005188
MOC-R4PCC04U05:721788:722005 [3] NCCL INFO Channel 03/0 : 14[2] -> 3[3] [receive] via NET/IB/1
MOC-R4PCC04U05:721785:721932 [0] NCCL INFO New proxy recv connection 5 from local rank 0, transport 0
MOC-R4PCC04U05:721785:722006 [0] NCCL INFO Connected to proxy localRank 0 -> connection 0x7f49ec005188
MOC-R4PCC04U05:721788:721930 [3] NCCL INFO New proxy send connection 6 from local rank 3, transport 0
MOC-R4PCC04U05:721788:722005 [3] NCCL INFO Connected to proxy localRank 3 -> connection 0x7f7108005200
MOC-R4PCC04U05:721785:721932 [0] NCCL INFO New proxy recv connection 6 from local rank 0, transport 0
MOC-R4PCC04U05:721785:722006 [0] NCCL INFO Connected to proxy localRank 0 -> connection 0x7f49ec005200
MOC-R4PCC04U05:721788:721930 [3] NCCL INFO New proxy send connection 7 from local rank 3, transport 0
MOC-R4PCC04U05:721788:722005 [3] NCCL INFO Connected to proxy localRank 3 -> connection 0x7f7108005278
MOC-R4PCC04U05:721785:721932 [0] NCCL INFO New proxy recv connection 7 from local rank 0, transport 0
MOC-R4PCC04U05:721785:722006 [0] NCCL INFO Connected to proxy localRank 0 -> connection 0x7f49ec005278
MOC-R4PCC04U05:721786:721931 [1] NCCL INFO New proxy recv connection 2 from local rank 1, transport 0
MOC-R4PCC04U05:721786:722008 [1] NCCL INFO Connected to proxy localRank 1 -> connection 0x7f0100005020
MOC-R4PCC04U05:721785:721932 [0] NCCL INFO New proxy send connection 8 from local rank 3, transport 0
MOC-R4PCC04U05:721788:722005 [3] NCCL INFO Connected to proxy localRank 0 -> connection 0x7f49ec0052f0
MOC-R4PCC04U05:721786:721931 [1] NCCL INFO New proxy recv connection 3 from local rank 1, transport 0
MOC-R4PCC04U05:721786:722008 [1] NCCL INFO Connected to proxy localRank 1 -> connection 0x7f0100005098
MOC-R4PCC04U05:721786:721931 [1] NCCL INFO New proxy send connection 4 from local rank 1, transport 0
MOC-R4PCC04U05:721786:722008 [1] NCCL INFO Connected to proxy localRank 1 -> connection 0x7f0100005110
MOC-R4PCC04U05:721786:721931 [1] NCCL INFO New proxy send connection 5 from local rank 1, transport 0
MOC-R4PCC04U05:721786:722008 [1] NCCL INFO Connected to proxy localRank 1 -> connection 0x7f0100005188
MOC-R4PCC04U05:721787:721935 [2] NCCL INFO New proxy recv connection 2 from local rank 2, transport 2
MOC-R4PCC04U05:721787:722007 [2] NCCL INFO Connected to proxy localRank 2 -> connection 0x7f0088005020
MOC-R4PCC04U05:721787:722007 [2] NCCL INFO Channel 00/0 : 15[3] -> 2[2] [receive] via NET/IB/1
MOC-R4PCC04U05:721787:722007 [2] NCCL INFO GPU Direct RDMA Disabled for GPU 2 / HCA 1 (distance 7 > 0)
MOC-R4PCC04U05:721787:721935 [2] NCCL INFO New proxy recv connection 3 from local rank 2, transport 2
MOC-R4PCC04U05:721787:722007 [2] NCCL INFO Connected to proxy localRank 2 -> connection 0x7f0088005098
MOC-R4PCC04U05:721787:722007 [2] NCCL INFO Channel 02/0 : 15[3] -> 2[2] [receive] via NET/IB/1
MOC-R4PCC04U05:721787:722007 [2] NCCL INFO GPU Direct RDMA Disabled for GPU 2 / HCA 1 (distance 7 > 0)
MOC-R4PCC04U05:721787:721935 [2] NCCL INFO New proxy send connection 4 from local rank 2, transport 2
MOC-R4PCC04U05:721787:722007 [2] NCCL INFO Connected to proxy localRank 2 -> connection 0x7f0088005110
MOC-R4PCC04U05:721787:722007 [2] NCCL INFO Channel 01/0 : 2[2] -> 7[3] [send] via NET/IB/1
MOC-R4PCC04U05:721787:722007 [2] NCCL INFO GPU Direct RDMA Disabled for GPU 2 / HCA 1 (distance 7 > 0)
MOC-R4PCC04U05:721787:721935 [2] NCCL INFO New proxy send connection 5 from local rank 2, transport 2
MOC-R4PCC04U05:721787:722007 [2] NCCL INFO Connected to proxy localRank 2 -> connection 0x7f0088005188
MOC-R4PCC04U05:721787:722007 [2] NCCL INFO Channel 03/0 : 2[2] -> 7[3] [send] via NET/IB/1
MOC-R4PCC04U05:721787:721935 [2] NCCL INFO New proxy send connection 6 from local rank 2, transport 0
MOC-R4PCC04U05:721787:722007 [2] NCCL INFO Connected to proxy localRank 2 -> connection 0x7f0088005200
MOC-R4PCC04U05:721786:721931 [1] NCCL INFO New proxy send connection 6 from local rank 1, transport 0
MOC-R4PCC04U05:721786:722008 [1] NCCL INFO Connected to proxy localRank 1 -> connection 0x7f0100005200
MOC-R4PCC04U05:721787:721935 [2] NCCL INFO New proxy send connection 7 from local rank 2, transport 0
MOC-R4PCC04U05:721787:722007 [2] NCCL INFO Connected to proxy localRank 2 -> connection 0x7f0088005278
MOC-R4PCC04U05:721786:721931 [1] NCCL INFO New proxy send connection 7 from local rank 1, transport 0
MOC-R4PCC04U05:721786:722008 [1] NCCL INFO Connected to proxy localRank 1 -> connection 0x7f0100005278
MOC-R4PCC04U05:721787:721935 [2] NCCL INFO New proxy send connection 8 from local rank 0, transport 0
MOC-R4PCC04U05:721785:722006 [0] NCCL INFO Connected to proxy localRank 2 -> connection 0x7f00880052f0
MOC-R4PCC04U05:721788:721930 [3] NCCL INFO New proxy send connection 8 from local rank 1, transport 0
MOC-R4PCC04U05:721785:721932 [0] NCCL INFO New proxy send connection 9 from local rank 2, transport 0
MOC-R4PCC04U05:721786:722008 [1] NCCL INFO Connected to proxy localRank 3 -> connection 0x7f71080052f0
MOC-R4PCC04U05:721787:722007 [2] NCCL INFO Connected to proxy localRank 0 -> connection 0x7f49ec005368
MOC-R4PCC04U05:721786:721931 [1] NCCL INFO New proxy send connection 8 from local rank 3, transport 0
MOC-R4PCC04U05:721788:722005 [3] NCCL INFO Connected to proxy localRank 1 -> connection 0x7f01000052f0
MOC-R4PCC04U05:721786:721931 [1] NCCL INFO New proxy send connection 9 from local rank 2, transport 0
MOC-R4PCC04U05:721787:722007 [2] NCCL INFO Connected to proxy localRank 1 -> connection 0x7f0100005368
MOC-R4PCC04U05:721785:721932 [0] NCCL INFO New proxy send connection 10 from local rank 1, transport 0
MOC-R4PCC04U05:721788:721930 [3] NCCL INFO New proxy send connection 9 from local rank 0, transport 0
MOC-R4PCC04U05:721786:722008 [1] NCCL INFO Connected to proxy localRank 0 -> connection 0x7f49ec0053e0
MOC-R4PCC04U05:721785:722006 [0] NCCL INFO Connected to proxy localRank 3 -> connection 0x7f7108005368
MOC-R4PCC04U05:721787:721935 [2] NCCL INFO NET/IB: NCCL Dev 1 IbDev 0 Port 1 qpn 11882 mtu 3 query_ece={supported=1, vendor_id=0x15b3, options=0x30000002, comp_mask=0x0} GID 3 (0/C132A8C0FFFF0000) fifoRkey=0x1722e1 fifoLkey=0x1722e1
MOC-R4PCC04U05:721787:721935 [2] NCCL INFO NET/IB: NCCL Dev 1 IbDev 0 Port 1 qpn 11883 mtu 3 query_ece={supported=1, vendor_id=0x15b3, options=0x30000002, comp_mask=0x0} GID 3 (0/C132A8C0FFFF0000) fifoRkey=0x170bca fifoLkey=0x170bca
MOC-R4PCC04U05:721787:721935 [2] NCCL INFO NET/IB: IbDev 0 Port 1 qpn 12326 set_ece={supported=1, vendor_id=0x15b3, options=0x0, comp_mask=0x0}
MOC-R4PCC04U05:721787:721935 [2] NCCL INFO NET/IB: IbDev 0 Port 1 qpn 12328 set_ece={supported=1, vendor_id=0x15b3, options=0x0, comp_mask=0x0}
MOC-R4PCC04U05:721786:721931 [1] NCCL INFO New proxy send connection 10 from local rank 0, transport 0
MOC-R4PCC04U05:721785:722006 [0] NCCL INFO Connected to proxy localRank 1 -> connection 0x7f01000053e0
MOC-R4PCC04U05:721788:721930 [3] NCCL INFO NET/IB: NCCL Dev 1 IbDev 0 Port 1 qpn 11892 mtu 3 query_ece={supported=1, vendor_id=0x15b3, options=0x30000002, comp_mask=0x0} GID 3 (0/C132A8C0FFFF0000) fifoRkey=0x179c5b fifoLkey=0x179c5b
MOC-R4PCC04U05:721788:721930 [3] NCCL INFO NET/IB: NCCL Dev 1 IbDev 0 Port 1 qpn 11893 mtu 3 query_ece={supported=1, vendor_id=0x15b3, options=0x30000002, comp_mask=0x0} GID 3 (0/C132A8C0FFFF0000) fifoRkey=0x17d796 fifoLkey=0x17d796
MOC-R4PCC04U05:721788:721930 [3] NCCL INFO NET/IB: IbDev 0 Port 1 qpn 12334 set_ece={supported=1, vendor_id=0x15b3, options=0x0, comp_mask=0x0}
MOC-R4PCC04U05:721787:721935 [2] NCCL INFO New proxy send connection 9 from local rank 1, transport 0
MOC-R4PCC04U05:721786:722008 [1] NCCL INFO Connected to proxy localRank 2 -> connection 0x7f0088005368
MOC-R4PCC04U05:721788:721930 [3] NCCL INFO NET/IB: IbDev 0 Port 1 qpn 12336 set_ece={supported=1, vendor_id=0x15b3, options=0x0, comp_mask=0x0}
num decayed parameter tensors: 50, with 124,318,464 parameters
num non-decayed parameter tensors: 98, with 121,344 parameters
using fused AdamW: False
using regular AdamW
MOC-R4PCC04U05:721785:721932 [0] NCCL INFO New proxy send connection 11 from local rank 0, transport 0
MOC-R4PCC04U05:721785:722632 [0] NCCL INFO Connected to proxy localRank 0 -> connection 0x7f49ec005458
MOC-R4PCC04U05:721785:721932 [0] NCCL INFO New proxy send connection 12 from local rank 0, transport 0
MOC-R4PCC04U05:721785:722632 [0] NCCL INFO Connected to proxy localRank 0 -> connection 0x7f49ec0054d0
MOC-R4PCC04U05:721785:721932 [0] NCCL INFO New proxy send connection 13 from local rank 0, transport 0
MOC-R4PCC04U05:721785:722632 [0] NCCL INFO Connected to proxy localRank 0 -> connection 0x7f49ec005548
MOC-R4PCC04U05:721785:721932 [0] NCCL INFO New proxy send connection 14 from local rank 0, transport 0
MOC-R4PCC04U05:721785:722632 [0] NCCL INFO Connected to proxy localRank 0 -> connection 0x7f49ec0055c0
MOC-R4PCC04U05:721788:721930 [3] NCCL INFO New proxy recv connection 10 from local rank 3, transport 0
MOC-R4PCC04U05:721788:722633 [3] NCCL INFO Connected to proxy localRank 3 -> connection 0x7f71080053e0
MOC-R4PCC04U05:721788:721930 [3] NCCL INFO New proxy recv connection 11 from local rank 3, transport 0
MOC-R4PCC04U05:721788:722633 [3] NCCL INFO Connected to proxy localRank 3 -> connection 0x7f7108005458
MOC-R4PCC04U05:721786:721931 [1] NCCL INFO New proxy recv connection 11 from local rank 1, transport 0
MOC-R4PCC04U05:721786:722634 [1] NCCL INFO Connected to proxy localRank 1 -> connection 0x7f0100005458
MOC-R4PCC04U05:721786:721931 [1] NCCL INFO New proxy recv connection 12 from local rank 1, transport 0
MOC-R4PCC04U05:721786:722634 [1] NCCL INFO Connected to proxy localRank 1 -> connection 0x7f01000054d0
MOC-R4PCC04U05:721786:721931 [1] NCCL INFO New proxy recv connection 13 from local rank 1, transport 0
MOC-R4PCC04U05:721786:722634 [1] NCCL INFO Connected to proxy localRank 1 -> connection 0x7f0100005548
MOC-R4PCC04U05:721786:721931 [1] NCCL INFO New proxy recv connection 14 from local rank 1, transport 0
MOC-R4PCC04U05:721786:722634 [1] NCCL INFO Connected to proxy localRank 1 -> connection 0x7f01000055c0
MOC-R4PCC04U05:721786:721931 [1] NCCL INFO New proxy send connection 15 from local rank 1, transport 0
MOC-R4PCC04U05:721786:722634 [1] NCCL INFO Connected to proxy localRank 1 -> connection 0x7f0100005638
MOC-R4PCC04U05:721786:721931 [1] NCCL INFO New proxy send connection 16 from local rank 1, transport 0
MOC-R4PCC04U05:721786:722634 [1] NCCL INFO Connected to proxy localRank 1 -> connection 0x7f01000056b0
MOC-R4PCC04U05:721786:721931 [1] NCCL INFO New proxy send connection 17 from local rank 1, transport 0
MOC-R4PCC04U05:721786:722634 [1] NCCL INFO Connected to proxy localRank 1 -> connection 0x7f0100005728
MOC-R4PCC04U05:721786:721931 [1] NCCL INFO New proxy send connection 18 from local rank 1, transport 0
MOC-R4PCC04U05:721786:722634 [1] NCCL INFO Connected to proxy localRank 1 -> connection 0x7f01000057a0
MOC-R4PCC04U05:721785:721932 [0] NCCL INFO New proxy send connection 15 from local rank 0, transport 0
MOC-R4PCC04U05:721785:722632 [0] NCCL INFO Connected to proxy localRank 0 -> connection 0x7f49ec005638
MOC-R4PCC04U05:721785:721932 [0] NCCL INFO New proxy send connection 16 from local rank 0, transport 0
MOC-R4PCC04U05:721785:722632 [0] NCCL INFO Connected to proxy localRank 0 -> connection 0x7f49ec0056b0
MOC-R4PCC04U05:721788:722633 [3] NCCL INFO GPU Direct RDMA Disabled for GPU 3 / HCA 1 (distance 7 > 0)
MOC-R4PCC04U05:721785:721932 [0] NCCL INFO New proxy recv connection 17 from local rank 0, transport 0
MOC-R4PCC04U05:721785:722632 [0] NCCL INFO Connected to proxy localRank 0 -> connection 0x7f49ec005728
MOC-R4PCC04U05:721788:721930 [3] NCCL INFO New proxy send connection 12 from local rank 3, transport 2
MOC-R4PCC04U05:721788:722633 [3] NCCL INFO Connected to proxy localRank 3 -> connection 0x7f71080054d0
MOC-R4PCC04U05:721788:722633 [3] NCCL INFO Channel 02/0 : 3[3] -> 7[3] [send] via NET/IB/1
MOC-R4PCC04U05:721788:722633 [3] NCCL INFO GPU Direct RDMA Disabled for GPU 3 / HCA 1 (distance 7 > 0)
MOC-R4PCC04U05:721788:721930 [3] NCCL INFO New proxy send connection 13 from local rank 3, transport 2
MOC-R4PCC04U05:721788:722633 [3] NCCL INFO Connected to proxy localRank 3 -> connection 0x7f7108005548
MOC-R4PCC04U05:721788:722633 [3] NCCL INFO Channel 03/0 : 3[3] -> 7[3] [send] via NET/IB/1
MOC-R4PCC04U05:721785:721932 [0] NCCL INFO New proxy recv connection 18 from local rank 0, transport 0
MOC-R4PCC04U05:721785:722632 [0] NCCL INFO Connected to proxy localRank 0 -> connection 0x7f49ec0057a0
MOC-R4PCC04U05:721785:721932 [0] NCCL INFO New proxy recv connection 19 from local rank 0, transport 0
MOC-R4PCC04U05:721785:722632 [0] NCCL INFO Connected to proxy localRank 0 -> connection 0x7f49ec005818
MOC-R4PCC04U05:721785:721932 [0] NCCL INFO New proxy recv connection 20 from local rank 0, transport 0
MOC-R4PCC04U05:721785:722632 [0] NCCL INFO Connected to proxy localRank 0 -> connection 0x7f49ec005890
MOC-R4PCC04U05:721787:721935 [2] NCCL INFO New proxy recv connection 10 from local rank 2, transport 0
MOC-R4PCC04U05:721787:722635 [2] NCCL INFO Connected to proxy localRank 2 -> connection 0x7f00880053e0
MOC-R4PCC04U05:721787:721935 [2] NCCL INFO New proxy recv connection 11 from local rank 2, transport 0
MOC-R4PCC04U05:721787:722635 [2] NCCL INFO Connected to proxy localRank 2 -> connection 0x7f0088005458
MOC-R4PCC04U05:721787:721935 [2] NCCL INFO New proxy recv connection 12 from local rank 2, transport 0
MOC-R4PCC04U05:721787:722635 [2] NCCL INFO Connected to proxy localRank 2 -> connection 0x7f00880054d0
MOC-R4PCC04U05:721787:721935 [2] NCCL INFO New proxy recv connection 13 from local rank 2, transport 0
MOC-R4PCC04U05:721787:722635 [2] NCCL INFO Connected to proxy localRank 2 -> connection 0x7f0088005548
MOC-R4PCC04U05:721787:721935 [2] NCCL INFO New proxy send connection 14 from local rank 2, transport 0
MOC-R4PCC04U05:721787:722635 [2] NCCL INFO Connected to proxy localRank 2 -> connection 0x7f00880055c0
MOC-R4PCC04U05:721786:721931 [1] NCCL INFO New proxy recv connection 19 from local rank 1, transport 0
MOC-R4PCC04U05:721786:722634 [1] NCCL INFO Connected to proxy localRank 1 -> connection 0x7f0100005818
MOC-R4PCC04U05:721787:721935 [2] NCCL INFO New proxy send connection 15 from local rank 2, transport 0
MOC-R4PCC04U05:721787:722635 [2] NCCL INFO Connected to proxy localRank 2 -> connection 0x7f0088005638
MOC-R4PCC04U05:721786:721931 [1] NCCL INFO New proxy recv connection 20 from local rank 1, transport 0
MOC-R4PCC04U05:721786:722634 [1] NCCL INFO Connected to proxy localRank 1 -> connection 0x7f0100005890
MOC-R4PCC04U05:721788:722633 [3] NCCL INFO GPU Direct RDMA Disabled for GPU 3 / HCA 1 (distance 7 > 0)
MOC-R4PCC04U05:721788:721930 [3] NCCL INFO New proxy recv connection 14 from local rank 3, transport 2
MOC-R4PCC04U05:721788:722633 [3] NCCL INFO Connected to proxy localRank 3 -> connection 0x7f71080055c0
MOC-R4PCC04U05:721788:722633 [3] NCCL INFO Channel 00/0 : 11[3] -> 3[3] [receive] via NET/IB/1
MOC-R4PCC04U05:721788:722633 [3] NCCL INFO GPU Direct RDMA Disabled for GPU 3 / HCA 1 (distance 7 > 0)
MOC-R4PCC04U05:721788:721930 [3] NCCL INFO New proxy recv connection 15 from local rank 3, transport 2
MOC-R4PCC04U05:721788:722633 [3] NCCL INFO Connected to proxy localRank 3 -> connection 0x7f7108005638
MOC-R4PCC04U05:721788:722633 [3] NCCL INFO Channel 01/0 : 11[3] -> 3[3] [receive] via NET/IB/1
MOC-R4PCC04U05:721788:722633 [3] NCCL INFO GPU Direct RDMA Disabled for GPU 3 / HCA 1 (distance 7 > 0)
MOC-R4PCC04U05:721788:721930 [3] NCCL INFO New proxy send connection 16 from local rank 3, transport 2
MOC-R4PCC04U05:721788:722633 [3] NCCL INFO Connected to proxy localRank 3 -> connection 0x7f71080056b0
MOC-R4PCC04U05:721788:722633 [3] NCCL INFO Channel 00/0 : 3[3] -> 11[3] [send] via NET/IB/1
MOC-R4PCC04U05:721788:722633 [3] NCCL INFO GPU Direct RDMA Disabled for GPU 3 / HCA 1 (distance 7 > 0)
MOC-R4PCC04U05:721788:721930 [3] NCCL INFO New proxy send connection 17 from local rank 3, transport 2
MOC-R4PCC04U05:721788:722633 [3] NCCL INFO Connected to proxy localRank 3 -> connection 0x7f7108005728
MOC-R4PCC04U05:721788:722633 [3] NCCL INFO Channel 01/0 : 3[3] -> 11[3] [send] via NET/IB/1
MOC-R4PCC04U05:721788:722633 [3] NCCL INFO GPU Direct RDMA Disabled for GPU 3 / HCA 1 (distance 7 > 0)
MOC-R4PCC04U05:721788:721930 [3] NCCL INFO New proxy recv connection 18 from local rank 3, transport 2
MOC-R4PCC04U05:721788:722633 [3] NCCL INFO Connected to proxy localRank 3 -> connection 0x7f71080057a0
MOC-R4PCC04U05:721788:722633 [3] NCCL INFO Channel 02/0 : 7[3] -> 3[3] [receive] via NET/IB/1
MOC-R4PCC04U05:721788:722633 [3] NCCL INFO GPU Direct RDMA Disabled for GPU 3 / HCA 1 (distance 7 > 0)
MOC-R4PCC04U05:721788:721930 [3] NCCL INFO New proxy recv connection 19 from local rank 3, transport 2
MOC-R4PCC04U05:721788:722633 [3] NCCL INFO Connected to proxy localRank 3 -> connection 0x7f7108005818
MOC-R4PCC04U05:721788:722633 [3] NCCL INFO Channel 03/0 : 7[3] -> 3[3] [receive] via NET/IB/1
MOC-R4PCC04U05:721788:721930 [3] NCCL INFO New proxy send connection 20 from local rank 3, transport 0
MOC-R4PCC04U05:721788:722633 [3] NCCL INFO Connected to proxy localRank 3 -> connection 0x7f7108005890
MOC-R4PCC04U05:721788:721930 [3] NCCL INFO New proxy send connection 21 from local rank 3, transport 0
MOC-R4PCC04U05:721788:722633 [3] NCCL INFO Connected to proxy localRank 3 -> connection 0x7f7108005908
MOC-R4PCC04U05:721788:721930 [3] NCCL INFO New proxy send connection 22 from local rank 3, transport 0
MOC-R4PCC04U05:721788:722633 [3] NCCL INFO Connected to proxy localRank 3 -> connection 0x7f7108005980
MOC-R4PCC04U05:721788:721930 [3] NCCL INFO New proxy send connection 23 from local rank 3, transport 0
MOC-R4PCC04U05:721788:722633 [3] NCCL INFO Connected to proxy localRank 3 -> connection 0x7f71080059f8
MOC-R4PCC04U05:721788:721930 [3] NCCL INFO NET/IB: NCCL Dev 1 IbDev 0 Port 1 qpn 11894 mtu 3 query_ece={supported=1, vendor_id=0x15b3, options=0x30000002, comp_mask=0x0} GID 3 (0/C132A8C0FFFF0000) fifoRkey=0x172eed fifoLkey=0x172eed
MOC-R4PCC04U05:721788:721930 [3] NCCL INFO NET/IB: NCCL Dev 1 IbDev 0 Port 1 qpn 11897 mtu 3 query_ece={supported=1, vendor_id=0x15b3, options=0x30000002, comp_mask=0x0} GID 3 (0/C132A8C0FFFF0000) fifoRkey=0x175412 fifoLkey=0x175412
MOC-R4PCC04U05:721788:721930 [3] NCCL INFO NET/IB: NCCL Dev 1 IbDev 0 Port 1 qpn 11900 mtu 3 query_ece={supported=1, vendor_id=0x15b3, options=0x30000002, comp_mask=0x0} GID 3 (0/C132A8C0FFFF0000) fifoRkey=0x17bf7e fifoLkey=0x17bf7e
MOC-R4PCC04U05:721788:721930 [3] NCCL INFO NET/IB: IbDev 0 Port 1 qpn 12341 set_ece={supported=1, vendor_id=0x15b3, options=0x0, comp_mask=0x0}
MOC-R4PCC04U05:721788:721930 [3] NCCL INFO NET/IB: NCCL Dev 1 IbDev 0 Port 1 qpn 11901 mtu 3 query_ece={supported=1, vendor_id=0x15b3, options=0x30000002, comp_mask=0x0} GID 3 (0/C132A8C0FFFF0000) fifoRkey=0x17cb8a fifoLkey=0x17cb8a
MOC-R4PCC04U05:721788:721930 [3] NCCL INFO NET/IB: IbDev 0 Port 1 qpn 12344 set_ece={supported=1, vendor_id=0x15b3, options=0x0, comp_mask=0x0}
MOC-R4PCC04U05:721788:721930 [3] NCCL INFO NET/IB: IbDev 0 Port 1 qpn 9794 set_ece={supported=1, vendor_id=0x15b3, options=0x0, comp_mask=0x0}
MOC-R4PCC04U05:721788:721930 [3] NCCL INFO NET/IB: IbDev 0 Port 1 qpn 9796 set_ece={supported=1, vendor_id=0x15b3, options=0x0, comp_mask=0x0}
step    1/10 | train loss 11.009266 | norm 15.3566 | lr 1.00e-04 | (14194.24 ms | 221620 tok/s)
step    2/10 | train loss 10.139996 | norm 5.7234 | lr 1.00e-04 | (506.64 ms | 6209057 tok/s)
step    3/10 | train loss 9.800401 | norm 2.6013 | lr 1.00e-04 | (511.56 ms | 6149339 tok/s)
step    4/10 | train loss 9.631657 | norm 2.1118 | lr 1.00e-04 | (509.05 ms | 6179653 tok/s)
step    5/10 | train loss 9.548893 | norm 2.0959 | lr 1.00e-04 | (503.30 ms | 6250264 tok/s)
step    6/10 | train loss 9.468095 | norm 1.9942 | lr 1.00e-04 | (508.98 ms | 6180405 tok/s)
step    7/10 | train loss 9.382741 | norm 1.9443 | lr 1.00e-04 | (507.98 ms | 6192647 tok/s)
step    8/10 | train loss 9.291196 | norm 1.9106 | lr 1.00e-04 | (508.41 ms | 6187428 tok/s)
step    9/10 | train loss 9.195948 | norm 1.8556 | lr 1.00e-04 | (508.29 ms | 6188836 tok/s)
step   10/10 | train loss 9.110963 | norm 1.7932 | lr 1.00e-04 | (508.95 ms | 6180799 tok/s)
final 9 iters avg: 508.127ms
peak memory consumption: 16601 MiB
