Running pytorch 2.7.0+cu126
using device: cuda:0
total desired batch size: 1572864
=> calculated gradient accumulation steps: 6
using device: cuda:3
using device: cuda:2
using device: cuda:1
compiling the model...
DataLoader: total number of tokens: 1,661,249,667 across 103 files
MOC-R4PCC04U05:401503:401503 [0] NCCL INFO NCCL_SOCKET_IFNAME set to eno7np0
MOC-R4PCC04U05:401503:401503 [0] NCCL INFO NCCL version 2.26.2+cuda12.2
MOC-R4PCC04U05:401503:401546 [0] NCCL INFO NET/Plugin: Could not find: libnccl-net.so. Using internal net plugin.
MOC-R4PCC04U05:401503:401546 [0] NCCL INFO NCCL_IB_HCA set to mlx5_5
MOC-R4PCC04U05:401503:401546 [0] NCCL INFO NET/IB : Made virtual device [0] name=mlx5_5 speed=400000 ndevs=1
MOC-R4PCC04U05:401503:401546 [0] NCCL INFO NET/IB : Using [0]mlx5_5:1/RoCE [RO]; OOB eno7np0:192.168.50.193<0>
MOC-R4PCC04U05:401506:401506 [3] NCCL INFO NCCL_SOCKET_IFNAME set to eno7np0
MOC-R4PCC04U05:401506:401506 [3] NCCL INFO NCCL version 2.26.2+cuda12.2
MOC-R4PCC04U05:401504:401504 [1] NCCL INFO NCCL_SOCKET_IFNAME set to eno7np0
MOC-R4PCC04U05:401504:401504 [1] NCCL INFO NCCL version 2.26.2+cuda12.2
MOC-R4PCC04U05:401505:401505 [2] NCCL INFO NCCL_SOCKET_IFNAME set to eno7np0
MOC-R4PCC04U05:401505:401505 [2] NCCL INFO NCCL version 2.26.2+cuda12.2
MOC-R4PCC04U05:401506:401548 [3] NCCL INFO NET/Plugin: Could not find: libnccl-net.so. Using internal net plugin.
MOC-R4PCC04U05:401506:401548 [3] NCCL INFO NCCL_IB_HCA set to mlx5_5
MOC-R4PCC04U05:401505:401550 [2] NCCL INFO NET/Plugin: Could not find: libnccl-net.so. Using internal net plugin.
MOC-R4PCC04U05:401504:401549 [1] NCCL INFO NET/Plugin: Could not find: libnccl-net.so. Using internal net plugin.
MOC-R4PCC04U05:401505:401550 [2] NCCL INFO NCCL_IB_HCA set to mlx5_5
MOC-R4PCC04U05:401504:401549 [1] NCCL INFO NCCL_IB_HCA set to mlx5_5
MOC-R4PCC04U05:401506:401548 [3] NCCL INFO NET/IB : Made virtual device [0] name=mlx5_5 speed=400000 ndevs=1
MOC-R4PCC04U05:401506:401548 [3] NCCL INFO NET/IB : Using [0]mlx5_5:1/RoCE [RO]; OOB eno7np0:192.168.50.193<0>
MOC-R4PCC04U05:401505:401550 [2] NCCL INFO NET/IB : Made virtual device [0] name=mlx5_5 speed=400000 ndevs=1
MOC-R4PCC04U05:401505:401550 [2] NCCL INFO NET/IB : Using [0]mlx5_5:1/RoCE [RO]; OOB eno7np0:192.168.50.193<0>
MOC-R4PCC04U05:401504:401549 [1] NCCL INFO NET/IB : Made virtual device [0] name=mlx5_5 speed=400000 ndevs=1
MOC-R4PCC04U05:401504:401549 [1] NCCL INFO NET/IB : Using [0]mlx5_5:1/RoCE [RO]; OOB eno7np0:192.168.50.193<0>
MOC-R4PCC04U05:401505:401550 [2] NCCL INFO NET/IB : GPU Direct RDMA Enabled for HCA 0 'mlx5_5'
MOC-R4PCC04U05:401505:401550 [2] NCCL INFO NET/IB : Made virtual device [1] name=mlx5_5 speed=400000 ndevs=1
MOC-R4PCC04U05:401505:401550 [2] NCCL INFO NET/IB : GPU Direct RDMA Enabled for HCA 0 'mlx5_5'
MOC-R4PCC04U05:401505:401550 [2] NCCL INFO NET/IB : GPU Direct RDMA Enabled for HCA 1 'mlx5_5'
MOC-R4PCC04U05:401504:401549 [1] NCCL INFO NET/IB : GPU Direct RDMA Enabled for HCA 0 'mlx5_5'
MOC-R4PCC04U05:401503:401546 [0] NCCL INFO NET/IB : GPU Direct RDMA Enabled for HCA 0 'mlx5_5'
MOC-R4PCC04U05:401504:401549 [1] NCCL INFO NET/IB : Made virtual device [1] name=mlx5_5 speed=400000 ndevs=1
MOC-R4PCC04U05:401504:401549 [1] NCCL INFO NET/IB : GPU Direct RDMA Enabled for HCA 0 'mlx5_5'
MOC-R4PCC04U05:401504:401549 [1] NCCL INFO NET/IB : GPU Direct RDMA Enabled for HCA 1 'mlx5_5'
MOC-R4PCC04U05:401503:401546 [0] NCCL INFO NET/IB : Made virtual device [1] name=mlx5_5 speed=400000 ndevs=1
MOC-R4PCC04U05:401503:401546 [0] NCCL INFO NET/IB : GPU Direct RDMA Enabled for HCA 0 'mlx5_5'
MOC-R4PCC04U05:401503:401546 [0] NCCL INFO NET/IB : GPU Direct RDMA Enabled for HCA 1 'mlx5_5'
MOC-R4PCC04U05:401506:401548 [3] NCCL INFO NET/IB : GPU Direct RDMA Enabled for HCA 0 'mlx5_5'
MOC-R4PCC04U05:401506:401548 [3] NCCL INFO NET/IB : Made virtual device [1] name=mlx5_5 speed=400000 ndevs=1
MOC-R4PCC04U05:401506:401548 [3] NCCL INFO NET/IB : GPU Direct RDMA Enabled for HCA 0 'mlx5_5'
MOC-R4PCC04U05:401506:401548 [3] NCCL INFO NET/IB : GPU Direct RDMA Enabled for HCA 1 'mlx5_5'
MOC-R4PCC04U05:401504:401549 [1] NCCL INFO NCCL_NET_GDR_LEVEL set by environment to LOC
MOC-R4PCC04U05:401504:401549 [1] NCCL INFO GPU Direct RDMA Disabled for GPU 0 / HCA 1 (distance 5 > 0)
MOC-R4PCC04U05:401504:401549 [1] NCCL INFO GPU Direct RDMA Disabled for GPU 1 / HCA 1 (distance 5 > 0)
MOC-R4PCC04U05:401504:401549 [1] NCCL INFO GPU Direct RDMA Disabled for GPU 2 / HCA 1 (distance 5 > 0)
MOC-R4PCC04U05:401504:401549 [1] NCCL INFO GPU Direct RDMA Disabled for GPU 0 / HCA 1 (distance 5 > 0)
MOC-R4PCC04U05:401504:401549 [1] NCCL INFO GPU Direct RDMA Disabled for GPU 1 / HCA 1 (distance 5 > 0)
MOC-R4PCC04U05:401504:401549 [1] NCCL INFO GPU Direct RDMA Disabled for GPU 2 / HCA 1 (distance 5 > 0)
MOC-R4PCC04U05:401503:401546 [0] NCCL INFO NCCL_NET_GDR_LEVEL set by environment to LOC
MOC-R4PCC04U05:401503:401546 [0] NCCL INFO GPU Direct RDMA Disabled for GPU 0 / HCA 1 (distance 5 > 0)
MOC-R4PCC04U05:401503:401546 [0] NCCL INFO GPU Direct RDMA Disabled for GPU 1 / HCA 1 (distance 5 > 0)
MOC-R4PCC04U05:401503:401546 [0] NCCL INFO GPU Direct RDMA Disabled for GPU 2 / HCA 1 (distance 5 > 0)
MOC-R4PCC04U05:401503:401546 [0] NCCL INFO GPU Direct RDMA Disabled for GPU 0 / HCA 1 (distance 5 > 0)
MOC-R4PCC04U05:401503:401546 [0] NCCL INFO GPU Direct RDMA Disabled for GPU 1 / HCA 1 (distance 5 > 0)
MOC-R4PCC04U05:401503:401546 [0] NCCL INFO GPU Direct RDMA Disabled for GPU 2 / HCA 1 (distance 5 > 0)
MOC-R4PCC04U05:401505:401550 [2] NCCL INFO NCCL_NET_GDR_LEVEL set by environment to LOC
MOC-R4PCC04U05:401505:401550 [2] NCCL INFO GPU Direct RDMA Disabled for GPU 0 / HCA 1 (distance 5 > 0)
MOC-R4PCC04U05:401505:401550 [2] NCCL INFO GPU Direct RDMA Disabled for GPU 1 / HCA 1 (distance 5 > 0)
MOC-R4PCC04U05:401505:401550 [2] NCCL INFO GPU Direct RDMA Disabled for GPU 2 / HCA 1 (distance 5 > 0)
MOC-R4PCC04U05:401505:401550 [2] NCCL INFO GPU Direct RDMA Disabled for GPU 0 / HCA 1 (distance 5 > 0)
MOC-R4PCC04U05:401505:401550 [2] NCCL INFO GPU Direct RDMA Disabled for GPU 1 / HCA 1 (distance 5 > 0)
MOC-R4PCC04U05:401505:401550 [2] NCCL INFO GPU Direct RDMA Disabled for GPU 2 / HCA 1 (distance 5 > 0)
MOC-R4PCC04U05:401506:401548 [3] NCCL INFO NCCL_NET_GDR_LEVEL set by environment to LOC
MOC-R4PCC04U05:401506:401548 [3] NCCL INFO GPU Direct RDMA Disabled for GPU 0 / HCA 1 (distance 5 > 0)
MOC-R4PCC04U05:401506:401548 [3] NCCL INFO GPU Direct RDMA Disabled for GPU 1 / HCA 1 (distance 5 > 0)
MOC-R4PCC04U05:401506:401548 [3] NCCL INFO GPU Direct RDMA Disabled for GPU 2 / HCA 1 (distance 5 > 0)
MOC-R4PCC04U05:401506:401548 [3] NCCL INFO GPU Direct RDMA Disabled for GPU 0 / HCA 1 (distance 5 > 0)
MOC-R4PCC04U05:401506:401548 [3] NCCL INFO GPU Direct RDMA Disabled for GPU 1 / HCA 1 (distance 5 > 0)
MOC-R4PCC04U05:401506:401548 [3] NCCL INFO GPU Direct RDMA Disabled for GPU 2 / HCA 1 (distance 5 > 0)
MOC-R4PCC04U05:401505:401564 [2] NCCL INFO New proxy recv connection 0 from local rank 2, transport 0
MOC-R4PCC04U05:401505:401570 [2] NCCL INFO Connected to proxy localRank 2 -> connection 0x7f6930004f30
MOC-R4PCC04U05:401503:401563 [0] NCCL INFO New proxy send connection 0 from local rank 0, transport 0
MOC-R4PCC04U05:401503:401571 [0] NCCL INFO Connected to proxy localRank 0 -> connection 0x7ff498004f30
MOC-R4PCC04U05:401506:401562 [3] NCCL INFO New proxy recv connection 0 from local rank 3, transport 0
MOC-R4PCC04U05:401506:401572 [3] NCCL INFO Connected to proxy localRank 3 -> connection 0x7f3cf0004f30
MOC-R4PCC04U05:401505:401564 [2] NCCL INFO New proxy recv connection 1 from local rank 2, transport 0
MOC-R4PCC04U05:401505:401570 [2] NCCL INFO Connected to proxy localRank 2 -> connection 0x7f6930004fa8
MOC-R4PCC04U05:401506:401562 [3] NCCL INFO New proxy recv connection 1 from local rank 3, transport 0
MOC-R4PCC04U05:401503:401563 [0] NCCL INFO New proxy send connection 1 from local rank 0, transport 0
MOC-R4PCC04U05:401506:401572 [3] NCCL INFO Connected to proxy localRank 3 -> connection 0x7f3cf0004fa8
MOC-R4PCC04U05:401503:401571 [0] NCCL INFO Connected to proxy localRank 0 -> connection 0x7ff498004fa8
MOC-R4PCC04U05:401506:401572 [3] NCCL INFO GPU Direct RDMA Disabled for GPU 3 / HCA 1 (distance 7 > 0)
MOC-R4PCC04U05:401505:401570 [2] NCCL INFO GPU Direct RDMA Disabled for GPU 2 / HCA 1 (distance 7 > 0)
MOC-R4PCC04U05:401503:401563 [0] NCCL INFO New proxy send connection 2 from local rank 0, transport 0
MOC-R4PCC04U05:401503:401571 [0] NCCL INFO Connected to proxy localRank 0 -> connection 0x7ff498005020
MOC-R4PCC04U05:401504:401565 [1] NCCL INFO New proxy recv connection 0 from local rank 1, transport 0
MOC-R4PCC04U05:401504:401573 [1] NCCL INFO Connected to proxy localRank 1 -> connection 0x7f0e64004f30
MOC-R4PCC04U05:401503:401563 [0] NCCL INFO New proxy send connection 3 from local rank 0, transport 0
MOC-R4PCC04U05:401504:401565 [1] NCCL INFO New proxy recv connection 1 from local rank 1, transport 0
MOC-R4PCC04U05:401503:401571 [0] NCCL INFO Connected to proxy localRank 0 -> connection 0x7ff498005098
MOC-R4PCC04U05:401504:401573 [1] NCCL INFO Connected to proxy localRank 1 -> connection 0x7f0e64004fa8
MOC-R4PCC04U05:401506:401562 [3] NCCL INFO New proxy send connection 2 from local rank 3, transport 2
MOC-R4PCC04U05:401506:401572 [3] NCCL INFO Connected to proxy localRank 3 -> connection 0x7f3cf0005020
MOC-R4PCC04U05:401506:401572 [3] NCCL INFO Channel 00/0 : 3[3] -> 6[2] [send] via NET/IB/1
MOC-R4PCC04U05:401506:401572 [3] NCCL INFO GPU Direct RDMA Disabled for GPU 3 / HCA 1 (distance 7 > 0)
MOC-R4PCC04U05:401506:401562 [3] NCCL INFO New proxy send connection 3 from local rank 3, transport 2
MOC-R4PCC04U05:401506:401572 [3] NCCL INFO Connected to proxy localRank 3 -> connection 0x7f3cf0005098
MOC-R4PCC04U05:401506:401572 [3] NCCL INFO Channel 02/0 : 3[3] -> 6[2] [send] via NET/IB/1
MOC-R4PCC04U05:401505:401564 [2] NCCL INFO New proxy recv connection 2 from local rank 2, transport 2
MOC-R4PCC04U05:401505:401570 [2] NCCL INFO Connected to proxy localRank 2 -> connection 0x7f6930005020
MOC-R4PCC04U05:401503:401563 [0] NCCL INFO New proxy recv connection 4 from local rank 0, transport 0
MOC-R4PCC04U05:401503:401571 [0] NCCL INFO Connected to proxy localRank 0 -> connection 0x7ff498005110
MOC-R4PCC04U05:401505:401570 [2] NCCL INFO Channel 00/0 : 7[3] -> 2[2] [receive] via NET/IB/1
MOC-R4PCC04U05:401505:401570 [2] NCCL INFO GPU Direct RDMA Disabled for GPU 2 / HCA 1 (distance 7 > 0)
MOC-R4PCC04U05:401505:401564 [2] NCCL INFO New proxy recv connection 3 from local rank 2, transport 2
MOC-R4PCC04U05:401505:401570 [2] NCCL INFO Connected to proxy localRank 2 -> connection 0x7f6930005098
MOC-R4PCC04U05:401505:401570 [2] NCCL INFO Channel 02/0 : 7[3] -> 2[2] [receive] via NET/IB/1
MOC-R4PCC04U05:401505:401570 [2] NCCL INFO GPU Direct RDMA Disabled for GPU 2 / HCA 1 (distance 7 > 0)
MOC-R4PCC04U05:401505:401564 [2] NCCL INFO New proxy send connection 4 from local rank 2, transport 2
MOC-R4PCC04U05:401505:401570 [2] NCCL INFO Connected to proxy localRank 2 -> connection 0x7f6930005110
MOC-R4PCC04U05:401505:401570 [2] NCCL INFO Channel 01/0 : 2[2] -> 7[3] [send] via NET/IB/1
MOC-R4PCC04U05:401505:401570 [2] NCCL INFO GPU Direct RDMA Disabled for GPU 2 / HCA 1 (distance 7 > 0)
MOC-R4PCC04U05:401505:401564 [2] NCCL INFO New proxy send connection 5 from local rank 2, transport 2
MOC-R4PCC04U05:401505:401570 [2] NCCL INFO Connected to proxy localRank 2 -> connection 0x7f6930005188
MOC-R4PCC04U05:401505:401570 [2] NCCL INFO Channel 03/0 : 2[2] -> 7[3] [send] via NET/IB/1
MOC-R4PCC04U05:401503:401563 [0] NCCL INFO New proxy recv connection 5 from local rank 0, transport 0
MOC-R4PCC04U05:401503:401571 [0] NCCL INFO Connected to proxy localRank 0 -> connection 0x7ff498005188
MOC-R4PCC04U05:401503:401563 [0] NCCL INFO New proxy recv connection 6 from local rank 0, transport 0
MOC-R4PCC04U05:401503:401571 [0] NCCL INFO Connected to proxy localRank 0 -> connection 0x7ff498005200
MOC-R4PCC04U05:401505:401564 [2] NCCL INFO New proxy send connection 6 from local rank 2, transport 0
MOC-R4PCC04U05:401505:401570 [2] NCCL INFO Connected to proxy localRank 2 -> connection 0x7f6930005200
MOC-R4PCC04U05:401506:401572 [3] NCCL INFO GPU Direct RDMA Disabled for GPU 3 / HCA 1 (distance 7 > 0)
MOC-R4PCC04U05:401506:401562 [3] NCCL INFO New proxy recv connection 4 from local rank 3, transport 2
MOC-R4PCC04U05:401506:401572 [3] NCCL INFO Connected to proxy localRank 3 -> connection 0x7f3cf0005110
MOC-R4PCC04U05:401506:401572 [3] NCCL INFO Channel 01/0 : 6[2] -> 3[3] [receive] via NET/IB/1
MOC-R4PCC04U05:401506:401572 [3] NCCL INFO GPU Direct RDMA Disabled for GPU 3 / HCA 1 (distance 7 > 0)
MOC-R4PCC04U05:401506:401562 [3] NCCL INFO New proxy recv connection 5 from local rank 3, transport 2
MOC-R4PCC04U05:401506:401572 [3] NCCL INFO Connected to proxy localRank 3 -> connection 0x7f3cf0005188
MOC-R4PCC04U05:401506:401572 [3] NCCL INFO Channel 03/0 : 6[2] -> 3[3] [receive] via NET/IB/1
MOC-R4PCC04U05:401506:401562 [3] NCCL INFO New proxy send connection 6 from local rank 3, transport 0
MOC-R4PCC04U05:401506:401572 [3] NCCL INFO Connected to proxy localRank 3 -> connection 0x7f3cf0005200
MOC-R4PCC04U05:401503:401563 [0] NCCL INFO New proxy recv connection 7 from local rank 0, transport 0
MOC-R4PCC04U05:401506:401562 [3] NCCL INFO New proxy send connection 7 from local rank 3, transport 0
MOC-R4PCC04U05:401503:401571 [0] NCCL INFO Connected to proxy localRank 0 -> connection 0x7ff498005278
MOC-R4PCC04U05:401506:401572 [3] NCCL INFO Connected to proxy localRank 3 -> connection 0x7f3cf0005278
MOC-R4PCC04U05:401505:401564 [2] NCCL INFO New proxy send connection 7 from local rank 2, transport 0
MOC-R4PCC04U05:401505:401570 [2] NCCL INFO Connected to proxy localRank 2 -> connection 0x7f6930005278
MOC-R4PCC04U05:401503:401563 [0] NCCL INFO New proxy send connection 8 from local rank 3, transport 0
MOC-R4PCC04U05:401504:401565 [1] NCCL INFO New proxy recv connection 2 from local rank 1, transport 0
MOC-R4PCC04U05:401506:401572 [3] NCCL INFO Connected to proxy localRank 0 -> connection 0x7ff4980052f0
MOC-R4PCC04U05:401504:401573 [1] NCCL INFO Connected to proxy localRank 1 -> connection 0x7f0e64005020
MOC-R4PCC04U05:401504:401565 [1] NCCL INFO New proxy recv connection 3 from local rank 1, transport 0
MOC-R4PCC04U05:401504:401573 [1] NCCL INFO Connected to proxy localRank 1 -> connection 0x7f0e64005098
MOC-R4PCC04U05:401504:401565 [1] NCCL INFO New proxy send connection 4 from local rank 1, transport 0
MOC-R4PCC04U05:401504:401573 [1] NCCL INFO Connected to proxy localRank 1 -> connection 0x7f0e64005110
MOC-R4PCC04U05:401504:401565 [1] NCCL INFO New proxy send connection 5 from local rank 1, transport 0
MOC-R4PCC04U05:401504:401573 [1] NCCL INFO Connected to proxy localRank 1 -> connection 0x7f0e64005188
MOC-R4PCC04U05:401504:401565 [1] NCCL INFO New proxy send connection 6 from local rank 1, transport 0
MOC-R4PCC04U05:401504:401573 [1] NCCL INFO Connected to proxy localRank 1 -> connection 0x7f0e64005200
MOC-R4PCC04U05:401504:401565 [1] NCCL INFO New proxy send connection 7 from local rank 1, transport 0
MOC-R4PCC04U05:401504:401573 [1] NCCL INFO Connected to proxy localRank 1 -> connection 0x7f0e64005278
MOC-R4PCC04U05:401504:401565 [1] NCCL INFO New proxy send connection 8 from local rank 3, transport 0
MOC-R4PCC04U05:401506:401572 [3] NCCL INFO Connected to proxy localRank 1 -> connection 0x7f0e640052f0
MOC-R4PCC04U05:401503:401563 [0] NCCL INFO New proxy send connection 9 from local rank 2, transport 0
MOC-R4PCC04U05:401506:401562 [3] NCCL INFO New proxy send connection 8 from local rank 1, transport 0
MOC-R4PCC04U05:401505:401564 [2] NCCL INFO New proxy send connection 8 from local rank 0, transport 0
MOC-R4PCC04U05:401504:401573 [1] NCCL INFO Connected to proxy localRank 3 -> connection 0x7f3cf00052f0
MOC-R4PCC04U05:401505:401570 [2] NCCL INFO Connected to proxy localRank 0 -> connection 0x7ff498005368
MOC-R4PCC04U05:401503:401571 [0] NCCL INFO Connected to proxy localRank 2 -> connection 0x7f69300052f0
MOC-R4PCC04U05:401504:401565 [1] NCCL INFO New proxy send connection 9 from local rank 2, transport 0
MOC-R4PCC04U05:401505:401570 [2] NCCL INFO Connected to proxy localRank 1 -> connection 0x7f0e64005368
MOC-R4PCC04U05:401503:401563 [0] NCCL INFO New proxy send connection 10 from local rank 1, transport 0
MOC-R4PCC04U05:401504:401573 [1] NCCL INFO Connected to proxy localRank 0 -> connection 0x7ff4980053e0
MOC-R4PCC04U05:401506:401562 [3] NCCL INFO New proxy send connection 9 from local rank 0, transport 0
MOC-R4PCC04U05:401503:401571 [0] NCCL INFO Connected to proxy localRank 3 -> connection 0x7f3cf0005368
MOC-R4PCC04U05:401505:401564 [2] NCCL INFO NET/IB: NCCL Dev 1 IbDev 0 Port 1 qpn 5826 mtu 3 query_ece={supported=1, vendor_id=0x15b3, options=0x30000002, comp_mask=0x0} GID 3 (0/C132A8C0FFFF0000) fifoRkey=0x17d796 fifoLkey=0x17d796
MOC-R4PCC04U05:401505:401564 [2] NCCL INFO NET/IB: NCCL Dev 1 IbDev 0 Port 1 qpn 5827 mtu 3 query_ece={supported=1, vendor_id=0x15b3, options=0x30000002, comp_mask=0x0} GID 3 (0/C132A8C0FFFF0000) fifoRkey=0x17cb8a fifoLkey=0x17cb8a
MOC-R4PCC04U05:401506:401562 [3] NCCL INFO NET/IB: NCCL Dev 1 IbDev 0 Port 1 qpn 5828 mtu 3 query_ece={supported=1, vendor_id=0x15b3, options=0x30000002, comp_mask=0x0} GID 3 (0/C132A8C0FFFF0000) fifoRkey=0x1716d5 fifoLkey=0x1716d5
MOC-R4PCC04U05:401506:401562 [3] NCCL INFO NET/IB: NCCL Dev 1 IbDev 0 Port 1 qpn 5829 mtu 3 query_ece={supported=1, vendor_id=0x15b3, options=0x30000002, comp_mask=0x0} GID 3 (0/C132A8C0FFFF0000) fifoRkey=0x17a767 fifoLkey=0x17a767
MOC-R4PCC04U05:401506:401562 [3] NCCL INFO NET/IB: IbDev 0 Port 1 qpn 6064 set_ece={supported=1, vendor_id=0x15b3, options=0x0, comp_mask=0x0}
MOC-R4PCC04U05:401506:401562 [3] NCCL INFO NET/IB: IbDev 0 Port 1 qpn 6066 set_ece={supported=1, vendor_id=0x15b3, options=0x0, comp_mask=0x0}
MOC-R4PCC04U05:401505:401564 [2] NCCL INFO NET/IB: IbDev 0 Port 1 qpn 6070 set_ece={supported=1, vendor_id=0x15b3, options=0x0, comp_mask=0x0}
MOC-R4PCC04U05:401505:401564 [2] NCCL INFO NET/IB: IbDev 0 Port 1 qpn 6072 set_ece={supported=1, vendor_id=0x15b3, options=0x0, comp_mask=0x0}
MOC-R4PCC04U05:401505:401564 [2] NCCL INFO New proxy send connection 9 from local rank 1, transport 0
MOC-R4PCC04U05:401504:401573 [1] NCCL INFO Connected to proxy localRank 2 -> connection 0x7f6930005368
MOC-R4PCC04U05:401504:401565 [1] NCCL INFO New proxy send connection 10 from local rank 0, transport 0
MOC-R4PCC04U05:401503:401571 [0] NCCL INFO Connected to proxy localRank 1 -> connection 0x7f0e640053e0
num decayed parameter tensors: 50, with 124,318,464 parameters
num non-decayed parameter tensors: 98, with 121,344 parameters
using fused AdamW: False
using regular AdamW
MOC-R4PCC04U05:401503:401563 [0] NCCL INFO New proxy send connection 11 from local rank 0, transport 0
MOC-R4PCC04U05:401503:402266 [0] NCCL INFO Connected to proxy localRank 0 -> connection 0x7ff498005458
MOC-R4PCC04U05:401503:401563 [0] NCCL INFO New proxy send connection 12 from local rank 0, transport 0
MOC-R4PCC04U05:401503:402266 [0] NCCL INFO Connected to proxy localRank 0 -> connection 0x7ff4980054d0
MOC-R4PCC04U05:401503:401563 [0] NCCL INFO New proxy send connection 13 from local rank 0, transport 0
MOC-R4PCC04U05:401503:402266 [0] NCCL INFO Connected to proxy localRank 0 -> connection 0x7ff498005548
MOC-R4PCC04U05:401503:401563 [0] NCCL INFO New proxy send connection 14 from local rank 0, transport 0
MOC-R4PCC04U05:401503:402266 [0] NCCL INFO Connected to proxy localRank 0 -> connection 0x7ff4980055c0
MOC-R4PCC04U05:401506:401562 [3] NCCL INFO New proxy recv connection 10 from local rank 3, transport 0
MOC-R4PCC04U05:401506:402267 [3] NCCL INFO Connected to proxy localRank 3 -> connection 0x7f3cf00053e0
MOC-R4PCC04U05:401506:401562 [3] NCCL INFO New proxy recv connection 11 from local rank 3, transport 0
MOC-R4PCC04U05:401506:402267 [3] NCCL INFO Connected to proxy localRank 3 -> connection 0x7f3cf0005458
MOC-R4PCC04U05:401504:401565 [1] NCCL INFO New proxy recv connection 11 from local rank 1, transport 0
MOC-R4PCC04U05:401504:402268 [1] NCCL INFO Connected to proxy localRank 1 -> connection 0x7f0e64005458
MOC-R4PCC04U05:401504:401565 [1] NCCL INFO New proxy recv connection 12 from local rank 1, transport 0
MOC-R4PCC04U05:401504:402268 [1] NCCL INFO Connected to proxy localRank 1 -> connection 0x7f0e640054d0
MOC-R4PCC04U05:401504:401565 [1] NCCL INFO New proxy recv connection 13 from local rank 1, transport 0
MOC-R4PCC04U05:401504:402268 [1] NCCL INFO Connected to proxy localRank 1 -> connection 0x7f0e64005548
MOC-R4PCC04U05:401504:401565 [1] NCCL INFO New proxy recv connection 14 from local rank 1, transport 0
MOC-R4PCC04U05:401504:402268 [1] NCCL INFO Connected to proxy localRank 1 -> connection 0x7f0e640055c0
MOC-R4PCC04U05:401504:401565 [1] NCCL INFO New proxy send connection 15 from local rank 1, transport 0
MOC-R4PCC04U05:401504:402268 [1] NCCL INFO Connected to proxy localRank 1 -> connection 0x7f0e64005638
MOC-R4PCC04U05:401504:401565 [1] NCCL INFO New proxy send connection 16 from local rank 1, transport 0
MOC-R4PCC04U05:401504:402268 [1] NCCL INFO Connected to proxy localRank 1 -> connection 0x7f0e640056b0
MOC-R4PCC04U05:401504:401565 [1] NCCL INFO New proxy send connection 17 from local rank 1, transport 0
MOC-R4PCC04U05:401504:402268 [1] NCCL INFO Connected to proxy localRank 1 -> connection 0x7f0e64005728
MOC-R4PCC04U05:401504:401565 [1] NCCL INFO New proxy send connection 18 from local rank 1, transport 0
MOC-R4PCC04U05:401504:402268 [1] NCCL INFO Connected to proxy localRank 1 -> connection 0x7f0e640057a0
MOC-R4PCC04U05:401503:401563 [0] NCCL INFO New proxy send connection 15 from local rank 0, transport 0
MOC-R4PCC04U05:401503:402266 [0] NCCL INFO Connected to proxy localRank 0 -> connection 0x7ff498005638
MOC-R4PCC04U05:401503:401563 [0] NCCL INFO New proxy send connection 16 from local rank 0, transport 0
MOC-R4PCC04U05:401503:402266 [0] NCCL INFO Connected to proxy localRank 0 -> connection 0x7ff4980056b0
MOC-R4PCC04U05:401506:402267 [3] NCCL INFO GPU Direct RDMA Disabled for GPU 3 / HCA 1 (distance 7 > 0)
MOC-R4PCC04U05:401503:401563 [0] NCCL INFO New proxy recv connection 17 from local rank 0, transport 0
MOC-R4PCC04U05:401506:401562 [3] NCCL INFO New proxy recv connection 12 from local rank 3, transport 2
MOC-R4PCC04U05:401506:402267 [3] NCCL INFO Connected to proxy localRank 3 -> connection 0x7f3cf00054d0
MOC-R4PCC04U05:401506:402267 [3] NCCL INFO Channel 00/0 : 7[3] -> 3[3] [receive] via NET/IB/1
MOC-R4PCC04U05:401506:402267 [3] NCCL INFO GPU Direct RDMA Disabled for GPU 3 / HCA 1 (distance 7 > 0)
MOC-R4PCC04U05:401506:401562 [3] NCCL INFO New proxy recv connection 13 from local rank 3, transport 2
MOC-R4PCC04U05:401506:402267 [3] NCCL INFO Connected to proxy localRank 3 -> connection 0x7f3cf0005548
MOC-R4PCC04U05:401506:402267 [3] NCCL INFO Channel 01/0 : 7[3] -> 3[3] [receive] via NET/IB/1
MOC-R4PCC04U05:401506:402267 [3] NCCL INFO GPU Direct RDMA Disabled for GPU 3 / HCA 1 (distance 7 > 0)
MOC-R4PCC04U05:401506:401562 [3] NCCL INFO New proxy recv connection 14 from local rank 3, transport 2
MOC-R4PCC04U05:401506:402267 [3] NCCL INFO Connected to proxy localRank 3 -> connection 0x7f3cf00055c0
MOC-R4PCC04U05:401503:402266 [0] NCCL INFO Connected to proxy localRank 0 -> connection 0x7ff498005728
MOC-R4PCC04U05:401506:402267 [3] NCCL INFO Channel 02/0 : 7[3] -> 3[3] [receive] via NET/IB/1
MOC-R4PCC04U05:401506:402267 [3] NCCL INFO GPU Direct RDMA Disabled for GPU 3 / HCA 1 (distance 7 > 0)
MOC-R4PCC04U05:401506:401562 [3] NCCL INFO New proxy recv connection 15 from local rank 3, transport 2
MOC-R4PCC04U05:401506:402267 [3] NCCL INFO Connected to proxy localRank 3 -> connection 0x7f3cf0005638
MOC-R4PCC04U05:401506:402267 [3] NCCL INFO Channel 03/0 : 7[3] -> 3[3] [receive] via NET/IB/1
MOC-R4PCC04U05:401506:402267 [3] NCCL INFO GPU Direct RDMA Disabled for GPU 3 / HCA 1 (distance 7 > 0)
MOC-R4PCC04U05:401506:401562 [3] NCCL INFO New proxy send connection 16 from local rank 3, transport 2
MOC-R4PCC04U05:401506:402267 [3] NCCL INFO Connected to proxy localRank 3 -> connection 0x7f3cf00056b0
MOC-R4PCC04U05:401503:401563 [0] NCCL INFO New proxy recv connection 18 from local rank 0, transport 0
MOC-R4PCC04U05:401503:402266 [0] NCCL INFO Connected to proxy localRank 0 -> connection 0x7ff4980057a0
MOC-R4PCC04U05:401506:402267 [3] NCCL INFO Channel 00/0 : 3[3] -> 7[3] [send] via NET/IB/1
MOC-R4PCC04U05:401506:402267 [3] NCCL INFO GPU Direct RDMA Disabled for GPU 3 / HCA 1 (distance 7 > 0)
MOC-R4PCC04U05:401506:401562 [3] NCCL INFO New proxy send connection 17 from local rank 3, transport 2
MOC-R4PCC04U05:401506:402267 [3] NCCL INFO Connected to proxy localRank 3 -> connection 0x7f3cf0005728
MOC-R4PCC04U05:401506:402267 [3] NCCL INFO Channel 01/0 : 3[3] -> 7[3] [send] via NET/IB/1
MOC-R4PCC04U05:401506:402267 [3] NCCL INFO GPU Direct RDMA Disabled for GPU 3 / HCA 1 (distance 7 > 0)
MOC-R4PCC04U05:401506:401562 [3] NCCL INFO New proxy send connection 18 from local rank 3, transport 2
MOC-R4PCC04U05:401506:402267 [3] NCCL INFO Connected to proxy localRank 3 -> connection 0x7f3cf00057a0
MOC-R4PCC04U05:401503:401563 [0] NCCL INFO New proxy recv connection 19 from local rank 0, transport 0
MOC-R4PCC04U05:401506:402267 [3] NCCL INFO Channel 02/0 : 3[3] -> 7[3] [send] via NET/IB/1
MOC-R4PCC04U05:401506:402267 [3] NCCL INFO GPU Direct RDMA Disabled for GPU 3 / HCA 1 (distance 7 > 0)
MOC-R4PCC04U05:401503:402266 [0] NCCL INFO Connected to proxy localRank 0 -> connection 0x7ff498005818
MOC-R4PCC04U05:401506:401562 [3] NCCL INFO New proxy send connection 19 from local rank 3, transport 2
MOC-R4PCC04U05:401506:402267 [3] NCCL INFO Connected to proxy localRank 3 -> connection 0x7f3cf0005818
MOC-R4PCC04U05:401506:402267 [3] NCCL INFO Channel 03/0 : 3[3] -> 7[3] [send] via NET/IB/1
MOC-R4PCC04U05:401503:401563 [0] NCCL INFO New proxy recv connection 20 from local rank 0, transport 0
MOC-R4PCC04U05:401503:402266 [0] NCCL INFO Connected to proxy localRank 0 -> connection 0x7ff498005890
MOC-R4PCC04U05:401506:401562 [3] NCCL INFO New proxy send connection 20 from local rank 3, transport 0
MOC-R4PCC04U05:401506:402267 [3] NCCL INFO Connected to proxy localRank 3 -> connection 0x7f3cf0005890
MOC-R4PCC04U05:401506:401562 [3] NCCL INFO New proxy send connection 21 from local rank 3, transport 0
MOC-R4PCC04U05:401506:402267 [3] NCCL INFO Connected to proxy localRank 3 -> connection 0x7f3cf0005908
MOC-R4PCC04U05:401506:401562 [3] NCCL INFO New proxy send connection 22 from local rank 3, transport 0
MOC-R4PCC04U05:401506:402267 [3] NCCL INFO Connected to proxy localRank 3 -> connection 0x7f3cf0005980
MOC-R4PCC04U05:401506:401562 [3] NCCL INFO New proxy send connection 23 from local rank 3, transport 0
MOC-R4PCC04U05:401506:402267 [3] NCCL INFO Connected to proxy localRank 3 -> connection 0x7f3cf00059f8
MOC-R4PCC04U05:401506:401562 [3] NCCL INFO NET/IB: NCCL Dev 1 IbDev 0 Port 1 qpn 5836 mtu 3 query_ece={supported=1, vendor_id=0x15b3, options=0x30000002, comp_mask=0x0} GID 3 (0/C132A8C0FFFF0000) fifoRkey=0x174705 fifoLkey=0x174705
MOC-R4PCC04U05:401506:401562 [3] NCCL INFO NET/IB: NCCL Dev 1 IbDev 0 Port 1 qpn 5839 mtu 3 query_ece={supported=1, vendor_id=0x15b3, options=0x30000002, comp_mask=0x0} GID 3 (0/C132A8C0FFFF0000) fifoRkey=0x178443 fifoLkey=0x178443
MOC-R4PCC04U05:401506:401562 [3] NCCL INFO NET/IB: NCCL Dev 1 IbDev 0 Port 1 qpn 5840 mtu 3 query_ece={supported=1, vendor_id=0x15b3, options=0x30000002, comp_mask=0x0} GID 3 (0/C132A8C0FFFF0000) fifoRkey=0x177837 fifoLkey=0x177837
MOC-R4PCC04U05:401506:401562 [3] NCCL INFO NET/IB: NCCL Dev 1 IbDev 0 Port 1 qpn 5841 mtu 3 query_ece={supported=1, vendor_id=0x15b3, options=0x30000002, comp_mask=0x0} GID 3 (0/C132A8C0FFFF0000) fifoRkey=0x179c5b fifoLkey=0x179c5b
MOC-R4PCC04U05:401506:401562 [3] NCCL INFO NET/IB: IbDev 0 Port 1 qpn 6076 set_ece={supported=1, vendor_id=0x15b3, options=0x0, comp_mask=0x0}
MOC-R4PCC04U05:401506:401562 [3] NCCL INFO NET/IB: IbDev 0 Port 1 qpn 6078 set_ece={supported=1, vendor_id=0x15b3, options=0x0, comp_mask=0x0}
MOC-R4PCC04U05:401506:401562 [3] NCCL INFO NET/IB: IbDev 0 Port 1 qpn 6081 set_ece={supported=1, vendor_id=0x15b3, options=0x0, comp_mask=0x0}
MOC-R4PCC04U05:401506:401562 [3] NCCL INFO NET/IB: IbDev 0 Port 1 qpn 6084 set_ece={supported=1, vendor_id=0x15b3, options=0x0, comp_mask=0x0}
MOC-R4PCC04U05:401505:401564 [2] NCCL INFO New proxy recv connection 10 from local rank 2, transport 0
MOC-R4PCC04U05:401505:402269 [2] NCCL INFO Connected to proxy localRank 2 -> connection 0x7f69300053e0
MOC-R4PCC04U05:401505:401564 [2] NCCL INFO New proxy recv connection 11 from local rank 2, transport 0
MOC-R4PCC04U05:401505:402269 [2] NCCL INFO Connected to proxy localRank 2 -> connection 0x7f6930005458
MOC-R4PCC04U05:401505:401564 [2] NCCL INFO New proxy recv connection 12 from local rank 2, transport 0
MOC-R4PCC04U05:401505:402269 [2] NCCL INFO Connected to proxy localRank 2 -> connection 0x7f69300054d0
MOC-R4PCC04U05:401505:401564 [2] NCCL INFO New proxy recv connection 13 from local rank 2, transport 0
MOC-R4PCC04U05:401505:402269 [2] NCCL INFO Connected to proxy localRank 2 -> connection 0x7f6930005548
MOC-R4PCC04U05:401505:401564 [2] NCCL INFO New proxy send connection 14 from local rank 2, transport 0
MOC-R4PCC04U05:401505:402269 [2] NCCL INFO Connected to proxy localRank 2 -> connection 0x7f69300055c0
MOC-R4PCC04U05:401504:401565 [1] NCCL INFO New proxy recv connection 19 from local rank 1, transport 0
MOC-R4PCC04U05:401504:402268 [1] NCCL INFO Connected to proxy localRank 1 -> connection 0x7f0e64005818
MOC-R4PCC04U05:401505:401564 [2] NCCL INFO New proxy send connection 15 from local rank 2, transport 0
MOC-R4PCC04U05:401505:402269 [2] NCCL INFO Connected to proxy localRank 2 -> connection 0x7f6930005638
MOC-R4PCC04U05:401504:401565 [1] NCCL INFO New proxy recv connection 20 from local rank 1, transport 0
MOC-R4PCC04U05:401504:402268 [1] NCCL INFO Connected to proxy localRank 1 -> connection 0x7f0e64005890
step    1/10 | train loss 11.010139 | norm 15.4234 | lr 1.00e-04 | (14033.46 ms | 112080 tok/s)
step    2/10 | train loss 10.136943 | norm 5.7587 | lr 1.00e-04 | (496.97 ms | 3164879 tok/s)
step    3/10 | train loss 9.795479 | norm 2.6123 | lr 1.00e-04 | (480.35 ms | 3274401 tok/s)
step    4/10 | train loss 9.625647 | norm 2.1154 | lr 1.00e-04 | (486.80 ms | 3231034 tok/s)
step    5/10 | train loss 9.542594 | norm 2.1031 | lr 1.00e-04 | (493.63 ms | 3186339 tok/s)
step    6/10 | train loss 9.461353 | norm 1.9978 | lr 1.00e-04 | (484.30 ms | 3247679 tok/s)
step    7/10 | train loss 9.375710 | norm 1.9473 | lr 1.00e-04 | (510.55 ms | 3080750 tok/s)
step    8/10 | train loss 9.283988 | norm 1.9146 | lr 1.00e-04 | (483.44 ms | 3253476 tok/s)
step    9/10 | train loss 9.188589 | norm 1.8601 | lr 1.00e-04 | (495.59 ms | 3173748 tok/s)
step   10/10 | train loss 9.103172 | norm 1.7948 | lr 1.00e-04 | (489.53 ms | 3213013 tok/s)
final 9 iters avg: 491.240ms
peak memory consumption: 16601 MiB
