Running pytorch 2.7.0+cu126
using device: cuda:0
total desired batch size: 1179648
=> calculated gradient accumulation steps: 3
using device: cuda:1
using device: cuda:2
using device: cuda:3
compiling the model...
DataLoader: total number of tokens: 1,661,249,667 across 103 files
MOC-R4PCC04U05:544473:544473 [0] NCCL INFO NCCL_SOCKET_IFNAME set to eno7np0
MOC-R4PCC04U05:544473:544473 [0] NCCL INFO NCCL version 2.26.2+cuda12.2
MOC-R4PCC04U05:544473:544577 [0] NCCL INFO NET/Plugin: Could not find: libnccl-net.so. Using internal net plugin.
MOC-R4PCC04U05:544473:544577 [0] NCCL INFO NET/Socket : Using [0]eno7np0:192.168.50.193<0>
MOC-R4PCC04U05:544476:544476 [3] NCCL INFO NCCL_SOCKET_IFNAME set to eno7np0
MOC-R4PCC04U05:544475:544475 [2] NCCL INFO NCCL_SOCKET_IFNAME set to eno7np0
MOC-R4PCC04U05:544475:544475 [2] NCCL INFO NCCL version 2.26.2+cuda12.2
MOC-R4PCC04U05:544476:544476 [3] NCCL INFO NCCL version 2.26.2+cuda12.2
MOC-R4PCC04U05:544474:544474 [1] NCCL INFO NCCL_SOCKET_IFNAME set to eno7np0
MOC-R4PCC04U05:544474:544474 [1] NCCL INFO NCCL version 2.26.2+cuda12.2
MOC-R4PCC04U05:544476:544599 [3] NCCL INFO NET/Plugin: Could not find: libnccl-net.so. Using internal net plugin.
MOC-R4PCC04U05:544476:544599 [3] NCCL INFO NET/Socket : Using [0]eno7np0:192.168.50.193<0>
MOC-R4PCC04U05:544475:544600 [2] NCCL INFO NET/Plugin: Could not find: libnccl-net.so. Using internal net plugin.
MOC-R4PCC04U05:544475:544600 [2] NCCL INFO NET/Socket : Using [0]eno7np0:192.168.50.193<0>
MOC-R4PCC04U05:544474:544601 [1] NCCL INFO NET/Plugin: Could not find: libnccl-net.so. Using internal net plugin.
MOC-R4PCC04U05:544474:544601 [1] NCCL INFO NET/Socket : Using [0]eno7np0:192.168.50.193<0>
MOC-R4PCC04U05:544473:544577 [0] NCCL INFO NET/Socket : GPU Direct RDMA Disabled for HCA 0 'eno7np0'
MOC-R4PCC04U05:544475:544600 [2] NCCL INFO NET/Socket : GPU Direct RDMA Disabled for HCA 0 'eno7np0'
MOC-R4PCC04U05:544476:544599 [3] NCCL INFO NET/Socket : GPU Direct RDMA Disabled for HCA 0 'eno7np0'
MOC-R4PCC04U05:544474:544601 [1] NCCL INFO NET/Socket : GPU Direct RDMA Disabled for HCA 0 'eno7np0'
MOC-R4PCC04U05:544473:544614 [0] NCCL INFO New proxy send connection 0 from local rank 0, transport 0
MOC-R4PCC04U05:544473:544618 [0] NCCL INFO Connected to proxy localRank 0 -> connection 0x7f2ccc004f30
MOC-R4PCC04U05:544473:544614 [0] NCCL INFO New proxy send connection 1 from local rank 0, transport 0
MOC-R4PCC04U05:544473:544618 [0] NCCL INFO Connected to proxy localRank 0 -> connection 0x7f2ccc004fa8
MOC-R4PCC04U05:544475:544612 [2] NCCL INFO New proxy recv connection 0 from local rank 2, transport 0
MOC-R4PCC04U05:544475:544619 [2] NCCL INFO Connected to proxy localRank 2 -> connection 0x7f52d0004f30
MOC-R4PCC04U05:544476:544610 [3] NCCL INFO New proxy recv connection 0 from local rank 3, transport 0
MOC-R4PCC04U05:544476:544620 [3] NCCL INFO Connected to proxy localRank 3 -> connection 0x7f9218004f30
MOC-R4PCC04U05:544475:544612 [2] NCCL INFO New proxy recv connection 1 from local rank 2, transport 0
MOC-R4PCC04U05:544475:544619 [2] NCCL INFO Connected to proxy localRank 2 -> connection 0x7f52d0004fa8
MOC-R4PCC04U05:544476:544610 [3] NCCL INFO New proxy recv connection 1 from local rank 3, transport 0
MOC-R4PCC04U05:544476:544620 [3] NCCL INFO Connected to proxy localRank 3 -> connection 0x7f9218004fa8
MOC-R4PCC04U05:544473:544614 [0] NCCL INFO New proxy send connection 2 from local rank 0, transport 0
MOC-R4PCC04U05:544473:544618 [0] NCCL INFO Connected to proxy localRank 0 -> connection 0x7f2ccc005020
MOC-R4PCC04U05:544473:544614 [0] NCCL INFO New proxy send connection 3 from local rank 0, transport 0
MOC-R4PCC04U05:544473:544618 [0] NCCL INFO Connected to proxy localRank 0 -> connection 0x7f2ccc005098
MOC-R4PCC04U05:544474:544613 [1] NCCL INFO New proxy recv connection 0 from local rank 1, transport 0
MOC-R4PCC04U05:544474:544621 [1] NCCL INFO Connected to proxy localRank 1 -> connection 0x7f2300004f30
MOC-R4PCC04U05:544474:544613 [1] NCCL INFO New proxy recv connection 1 from local rank 1, transport 0
MOC-R4PCC04U05:544474:544621 [1] NCCL INFO Connected to proxy localRank 1 -> connection 0x7f2300004fa8
MOC-R4PCC04U05:544476:544610 [3] NCCL INFO New proxy send connection 2 from local rank 3, transport 2
MOC-R4PCC04U05:544476:544620 [3] NCCL INFO Connected to proxy localRank 3 -> connection 0x7f9218005020
MOC-R4PCC04U05:544475:544612 [2] NCCL INFO New proxy recv connection 2 from local rank 2, transport 2
MOC-R4PCC04U05:544475:544619 [2] NCCL INFO Connected to proxy localRank 2 -> connection 0x7f52d0005020
MOC-R4PCC04U05:544476:544620 [3] NCCL INFO Channel 00/0 : 3[3] -> 6[2] [send] via NET/Socket/0
MOC-R4PCC04U05:544476:544610 [3] NCCL INFO New proxy send connection 3 from local rank 3, transport 2
MOC-R4PCC04U05:544476:544620 [3] NCCL INFO Connected to proxy localRank 3 -> connection 0x7f9218005098
MOC-R4PCC04U05:544475:544619 [2] NCCL INFO Channel 00/0 : 11[3] -> 2[2] [receive] via NET/Socket/0
MOC-R4PCC04U05:544475:544612 [2] NCCL INFO New proxy recv connection 3 from local rank 2, transport 2
MOC-R4PCC04U05:544475:544619 [2] NCCL INFO Connected to proxy localRank 2 -> connection 0x7f52d0005098
MOC-R4PCC04U05:544476:544620 [3] NCCL INFO Channel 02/0 : 3[3] -> 6[2] [send] via NET/Socket/0
MOC-R4PCC04U05:544475:544619 [2] NCCL INFO Channel 02/0 : 11[3] -> 2[2] [receive] via NET/Socket/0
MOC-R4PCC04U05:544473:544614 [0] NCCL INFO New proxy recv connection 4 from local rank 0, transport 0
MOC-R4PCC04U05:544473:544618 [0] NCCL INFO Connected to proxy localRank 0 -> connection 0x7f2ccc005110
MOC-R4PCC04U05:544473:544614 [0] NCCL INFO New proxy recv connection 5 from local rank 0, transport 0
MOC-R4PCC04U05:544473:544618 [0] NCCL INFO Connected to proxy localRank 0 -> connection 0x7f2ccc005188
MOC-R4PCC04U05:544473:544614 [0] NCCL INFO New proxy recv connection 6 from local rank 0, transport 0
MOC-R4PCC04U05:544473:544618 [0] NCCL INFO Connected to proxy localRank 0 -> connection 0x7f2ccc005200
MOC-R4PCC04U05:544473:544614 [0] NCCL INFO New proxy recv connection 7 from local rank 0, transport 0
MOC-R4PCC04U05:544473:544618 [0] NCCL INFO Connected to proxy localRank 0 -> connection 0x7f2ccc005278
MOC-R4PCC04U05:544476:544610 [3] NCCL INFO New proxy recv connection 4 from local rank 3, transport 2
MOC-R4PCC04U05:544476:544620 [3] NCCL INFO Connected to proxy localRank 3 -> connection 0x7f9218005110
MOC-R4PCC04U05:544476:544620 [3] NCCL INFO Channel 01/0 : 10[2] -> 3[3] [receive] via NET/Socket/0
MOC-R4PCC04U05:544476:544610 [3] NCCL INFO New proxy recv connection 5 from local rank 3, transport 2
MOC-R4PCC04U05:544476:544620 [3] NCCL INFO Connected to proxy localRank 3 -> connection 0x7f9218005188
MOC-R4PCC04U05:544476:544620 [3] NCCL INFO Channel 03/0 : 10[2] -> 3[3] [receive] via NET/Socket/0
MOC-R4PCC04U05:544475:544612 [2] NCCL INFO New proxy send connection 4 from local rank 2, transport 2
MOC-R4PCC04U05:544475:544619 [2] NCCL INFO Connected to proxy localRank 2 -> connection 0x7f52d0005110
MOC-R4PCC04U05:544475:544619 [2] NCCL INFO Channel 01/0 : 2[2] -> 7[3] [send] via NET/Socket/0
MOC-R4PCC04U05:544475:544612 [2] NCCL INFO New proxy send connection 5 from local rank 2, transport 2
MOC-R4PCC04U05:544475:544619 [2] NCCL INFO Connected to proxy localRank 2 -> connection 0x7f52d0005188
MOC-R4PCC04U05:544475:544619 [2] NCCL INFO Channel 03/0 : 2[2] -> 7[3] [send] via NET/Socket/0
MOC-R4PCC04U05:544476:544610 [3] NCCL INFO New proxy send connection 6 from local rank 3, transport 0
MOC-R4PCC04U05:544476:544620 [3] NCCL INFO Connected to proxy localRank 3 -> connection 0x7f9218005200
MOC-R4PCC04U05:544475:544612 [2] NCCL INFO New proxy send connection 6 from local rank 2, transport 0
MOC-R4PCC04U05:544475:544619 [2] NCCL INFO Connected to proxy localRank 2 -> connection 0x7f52d0005200
MOC-R4PCC04U05:544476:544610 [3] NCCL INFO New proxy send connection 7 from local rank 3, transport 0
MOC-R4PCC04U05:544476:544620 [3] NCCL INFO Connected to proxy localRank 3 -> connection 0x7f9218005278
MOC-R4PCC04U05:544475:544612 [2] NCCL INFO New proxy send connection 7 from local rank 2, transport 0
MOC-R4PCC04U05:544475:544619 [2] NCCL INFO Connected to proxy localRank 2 -> connection 0x7f52d0005278
MOC-R4PCC04U05:544474:544613 [1] NCCL INFO New proxy recv connection 2 from local rank 1, transport 0
MOC-R4PCC04U05:544474:544621 [1] NCCL INFO Connected to proxy localRank 1 -> connection 0x7f2300005020
MOC-R4PCC04U05:544473:544614 [0] NCCL INFO New proxy send connection 8 from local rank 3, transport 0
MOC-R4PCC04U05:544476:544620 [3] NCCL INFO Connected to proxy localRank 0 -> connection 0x7f2ccc0052f0
MOC-R4PCC04U05:544474:544613 [1] NCCL INFO New proxy recv connection 3 from local rank 1, transport 0
MOC-R4PCC04U05:544474:544621 [1] NCCL INFO Connected to proxy localRank 1 -> connection 0x7f2300005098
MOC-R4PCC04U05:544474:544613 [1] NCCL INFO New proxy send connection 4 from local rank 1, transport 0
MOC-R4PCC04U05:544474:544621 [1] NCCL INFO Connected to proxy localRank 1 -> connection 0x7f2300005110
MOC-R4PCC04U05:544474:544613 [1] NCCL INFO New proxy send connection 5 from local rank 1, transport 0
MOC-R4PCC04U05:544474:544621 [1] NCCL INFO Connected to proxy localRank 1 -> connection 0x7f2300005188
MOC-R4PCC04U05:544474:544613 [1] NCCL INFO New proxy send connection 6 from local rank 1, transport 0
MOC-R4PCC04U05:544474:544621 [1] NCCL INFO Connected to proxy localRank 1 -> connection 0x7f2300005200
MOC-R4PCC04U05:544474:544613 [1] NCCL INFO New proxy send connection 7 from local rank 1, transport 0
MOC-R4PCC04U05:544474:544621 [1] NCCL INFO Connected to proxy localRank 1 -> connection 0x7f2300005278
MOC-R4PCC04U05:544473:544614 [0] NCCL INFO New proxy send connection 9 from local rank 2, transport 0
MOC-R4PCC04U05:544475:544619 [2] NCCL INFO Connected to proxy localRank 0 -> connection 0x7f2ccc005368
MOC-R4PCC04U05:544475:544612 [2] NCCL INFO New proxy send connection 8 from local rank 0, transport 0
MOC-R4PCC04U05:544473:544618 [0] NCCL INFO Connected to proxy localRank 2 -> connection 0x7f52d00052f0
MOC-R4PCC04U05:544476:544610 [3] NCCL INFO New proxy send connection 8 from local rank 1, transport 0
MOC-R4PCC04U05:544474:544621 [1] NCCL INFO Connected to proxy localRank 3 -> connection 0x7f92180052f0
MOC-R4PCC04U05:544474:544613 [1] NCCL INFO New proxy send connection 8 from local rank 3, transport 0
MOC-R4PCC04U05:544476:544620 [3] NCCL INFO Connected to proxy localRank 1 -> connection 0x7f23000052f0
MOC-R4PCC04U05:544476:544610 [3] NCCL INFO New proxy send connection 9 from local rank 0, transport 0
MOC-R4PCC04U05:544473:544618 [0] NCCL INFO Connected to proxy localRank 3 -> connection 0x7f9218005368
MOC-R4PCC04U05:544474:544613 [1] NCCL INFO New proxy send connection 9 from local rank 2, transport 0
MOC-R4PCC04U05:544475:544619 [2] NCCL INFO Connected to proxy localRank 1 -> connection 0x7f2300005368
MOC-R4PCC04U05:544473:544614 [0] NCCL INFO New proxy send connection 10 from local rank 1, transport 0
MOC-R4PCC04U05:544474:544621 [1] NCCL INFO Connected to proxy localRank 0 -> connection 0x7f2ccc0053e0
MOC-R4PCC04U05:544474:544613 [1] NCCL INFO New proxy send connection 10 from local rank 0, transport 0
MOC-R4PCC04U05:544473:544618 [0] NCCL INFO Connected to proxy localRank 1 -> connection 0x7f23000053e0
MOC-R4PCC04U05:544475:544612 [2] NCCL INFO New proxy send connection 9 from local rank 1, transport 0
MOC-R4PCC04U05:544474:544621 [1] NCCL INFO Connected to proxy localRank 2 -> connection 0x7f52d0005368
num decayed parameter tensors: 50, with 124,318,464 parameters
num non-decayed parameter tensors: 98, with 121,344 parameters
using fused AdamW: False
using regular AdamW
MOC-R4PCC04U05:544473:544614 [0] NCCL INFO New proxy send connection 11 from local rank 0, transport 0
MOC-R4PCC04U05:544473:545345 [0] NCCL INFO Connected to proxy localRank 0 -> connection 0x7f2ccc005458
MOC-R4PCC04U05:544473:544614 [0] NCCL INFO New proxy send connection 12 from local rank 0, transport 0
MOC-R4PCC04U05:544473:545345 [0] NCCL INFO Connected to proxy localRank 0 -> connection 0x7f2ccc0054d0
MOC-R4PCC04U05:544473:544614 [0] NCCL INFO New proxy send connection 13 from local rank 0, transport 0
MOC-R4PCC04U05:544473:545345 [0] NCCL INFO Connected to proxy localRank 0 -> connection 0x7f2ccc005548
MOC-R4PCC04U05:544473:544614 [0] NCCL INFO New proxy send connection 14 from local rank 0, transport 0
MOC-R4PCC04U05:544473:545345 [0] NCCL INFO Connected to proxy localRank 0 -> connection 0x7f2ccc0055c0
MOC-R4PCC04U05:544476:544610 [3] NCCL INFO New proxy recv connection 10 from local rank 3, transport 0
MOC-R4PCC04U05:544476:545346 [3] NCCL INFO Connected to proxy localRank 3 -> connection 0x7f92180053e0
MOC-R4PCC04U05:544476:544610 [3] NCCL INFO New proxy recv connection 11 from local rank 3, transport 0
MOC-R4PCC04U05:544476:545346 [3] NCCL INFO Connected to proxy localRank 3 -> connection 0x7f9218005458
MOC-R4PCC04U05:544475:544612 [2] NCCL INFO New proxy recv connection 10 from local rank 2, transport 0
MOC-R4PCC04U05:544475:545347 [2] NCCL INFO Connected to proxy localRank 2 -> connection 0x7f52d00053e0
MOC-R4PCC04U05:544475:544612 [2] NCCL INFO New proxy recv connection 11 from local rank 2, transport 0
MOC-R4PCC04U05:544475:545347 [2] NCCL INFO Connected to proxy localRank 2 -> connection 0x7f52d0005458
MOC-R4PCC04U05:544475:544612 [2] NCCL INFO New proxy recv connection 12 from local rank 2, transport 0
MOC-R4PCC04U05:544475:545347 [2] NCCL INFO Connected to proxy localRank 2 -> connection 0x7f52d00054d0
MOC-R4PCC04U05:544475:544612 [2] NCCL INFO New proxy recv connection 13 from local rank 2, transport 0
MOC-R4PCC04U05:544475:545347 [2] NCCL INFO Connected to proxy localRank 2 -> connection 0x7f52d0005548
MOC-R4PCC04U05:544474:544613 [1] NCCL INFO New proxy recv connection 11 from local rank 1, transport 0
MOC-R4PCC04U05:544474:545348 [1] NCCL INFO Connected to proxy localRank 1 -> connection 0x7f2300005458
MOC-R4PCC04U05:544474:544613 [1] NCCL INFO New proxy recv connection 12 from local rank 1, transport 0
MOC-R4PCC04U05:544474:545348 [1] NCCL INFO Connected to proxy localRank 1 -> connection 0x7f23000054d0
MOC-R4PCC04U05:544474:544613 [1] NCCL INFO New proxy recv connection 13 from local rank 1, transport 0
MOC-R4PCC04U05:544474:545348 [1] NCCL INFO Connected to proxy localRank 1 -> connection 0x7f2300005548
MOC-R4PCC04U05:544474:544613 [1] NCCL INFO New proxy recv connection 14 from local rank 1, transport 0
MOC-R4PCC04U05:544474:545348 [1] NCCL INFO Connected to proxy localRank 1 -> connection 0x7f23000055c0
MOC-R4PCC04U05:544474:544613 [1] NCCL INFO New proxy send connection 15 from local rank 1, transport 0
MOC-R4PCC04U05:544474:545348 [1] NCCL INFO Connected to proxy localRank 1 -> connection 0x7f2300005638
MOC-R4PCC04U05:544474:544613 [1] NCCL INFO New proxy send connection 16 from local rank 1, transport 0
MOC-R4PCC04U05:544474:545348 [1] NCCL INFO Connected to proxy localRank 1 -> connection 0x7f23000056b0
MOC-R4PCC04U05:544474:544613 [1] NCCL INFO New proxy send connection 17 from local rank 1, transport 0
MOC-R4PCC04U05:544474:545348 [1] NCCL INFO Connected to proxy localRank 1 -> connection 0x7f2300005728
MOC-R4PCC04U05:544474:544613 [1] NCCL INFO New proxy send connection 18 from local rank 1, transport 0
MOC-R4PCC04U05:544474:545348 [1] NCCL INFO Connected to proxy localRank 1 -> connection 0x7f23000057a0
MOC-R4PCC04U05:544474:544613 [1] NCCL INFO New proxy recv connection 19 from local rank 1, transport 0
MOC-R4PCC04U05:544474:545348 [1] NCCL INFO Connected to proxy localRank 1 -> connection 0x7f2300005818
MOC-R4PCC04U05:544473:544614 [0] NCCL INFO New proxy send connection 15 from local rank 0, transport 0
MOC-R4PCC04U05:544473:545345 [0] NCCL INFO Connected to proxy localRank 0 -> connection 0x7f2ccc005638
MOC-R4PCC04U05:544475:544612 [2] NCCL INFO New proxy send connection 14 from local rank 2, transport 0
MOC-R4PCC04U05:544475:545347 [2] NCCL INFO Connected to proxy localRank 2 -> connection 0x7f52d00055c0
MOC-R4PCC04U05:544474:544613 [1] NCCL INFO New proxy recv connection 20 from local rank 1, transport 0
MOC-R4PCC04U05:544474:545348 [1] NCCL INFO Connected to proxy localRank 1 -> connection 0x7f2300005890
MOC-R4PCC04U05:544473:544614 [0] NCCL INFO New proxy send connection 16 from local rank 0, transport 0
MOC-R4PCC04U05:544475:544612 [2] NCCL INFO New proxy send connection 15 from local rank 2, transport 0
MOC-R4PCC04U05:544473:545345 [0] NCCL INFO Connected to proxy localRank 0 -> connection 0x7f2ccc0056b0
MOC-R4PCC04U05:544475:545347 [2] NCCL INFO Connected to proxy localRank 2 -> connection 0x7f52d0005638
MOC-R4PCC04U05:544473:544614 [0] NCCL INFO New proxy recv connection 17 from local rank 0, transport 0
MOC-R4PCC04U05:544473:545345 [0] NCCL INFO Connected to proxy localRank 0 -> connection 0x7f2ccc005728
MOC-R4PCC04U05:544476:544610 [3] NCCL INFO New proxy recv connection 12 from local rank 3, transport 2
MOC-R4PCC04U05:544476:545346 [3] NCCL INFO Connected to proxy localRank 3 -> connection 0x7f92180054d0
MOC-R4PCC04U05:544473:544614 [0] NCCL INFO New proxy recv connection 18 from local rank 0, transport 0
MOC-R4PCC04U05:544473:545345 [0] NCCL INFO Connected to proxy localRank 0 -> connection 0x7f2ccc0057a0
MOC-R4PCC04U05:544476:545346 [3] NCCL INFO Channel 00/0 : 11[3] -> 3[3] [receive] via NET/Socket/0
MOC-R4PCC04U05:544476:544610 [3] NCCL INFO New proxy recv connection 13 from local rank 3, transport 2
MOC-R4PCC04U05:544476:545346 [3] NCCL INFO Connected to proxy localRank 3 -> connection 0x7f9218005548
MOC-R4PCC04U05:544476:545346 [3] NCCL INFO Channel 01/0 : 11[3] -> 3[3] [receive] via NET/Socket/0
MOC-R4PCC04U05:544476:544610 [3] NCCL INFO New proxy recv connection 14 from local rank 3, transport 2
MOC-R4PCC04U05:544476:545346 [3] NCCL INFO Connected to proxy localRank 3 -> connection 0x7f92180055c0
MOC-R4PCC04U05:544476:545346 [3] NCCL INFO Channel 02/0 : 11[3] -> 3[3] [receive] via NET/Socket/0
MOC-R4PCC04U05:544476:544610 [3] NCCL INFO New proxy recv connection 15 from local rank 3, transport 2
MOC-R4PCC04U05:544476:545346 [3] NCCL INFO Connected to proxy localRank 3 -> connection 0x7f9218005638
MOC-R4PCC04U05:544476:545346 [3] NCCL INFO Channel 03/0 : 11[3] -> 3[3] [receive] via NET/Socket/0
MOC-R4PCC04U05:544476:544610 [3] NCCL INFO New proxy send connection 16 from local rank 3, transport 2
MOC-R4PCC04U05:544476:545346 [3] NCCL INFO Connected to proxy localRank 3 -> connection 0x7f92180056b0
MOC-R4PCC04U05:544476:545346 [3] NCCL INFO Channel 02/0 : 3[3] -> 7[3] [send] via NET/Socket/0
MOC-R4PCC04U05:544476:544610 [3] NCCL INFO New proxy send connection 17 from local rank 3, transport 2
MOC-R4PCC04U05:544476:545346 [3] NCCL INFO Connected to proxy localRank 3 -> connection 0x7f9218005728
MOC-R4PCC04U05:544476:545346 [3] NCCL INFO Channel 03/0 : 3[3] -> 7[3] [send] via NET/Socket/0
MOC-R4PCC04U05:544473:544614 [0] NCCL INFO New proxy recv connection 19 from local rank 0, transport 0
MOC-R4PCC04U05:544473:545345 [0] NCCL INFO Connected to proxy localRank 0 -> connection 0x7f2ccc005818
MOC-R4PCC04U05:544473:544614 [0] NCCL INFO New proxy recv connection 20 from local rank 0, transport 0
MOC-R4PCC04U05:544473:545345 [0] NCCL INFO Connected to proxy localRank 0 -> connection 0x7f2ccc005890
MOC-R4PCC04U05:544476:544610 [3] NCCL INFO New proxy recv connection 18 from local rank 3, transport 2
MOC-R4PCC04U05:544476:545346 [3] NCCL INFO Connected to proxy localRank 3 -> connection 0x7f92180057a0
MOC-R4PCC04U05:544476:545346 [3] NCCL INFO Channel 02/0 : 7[3] -> 3[3] [receive] via NET/Socket/0
MOC-R4PCC04U05:544476:544610 [3] NCCL INFO New proxy recv connection 19 from local rank 3, transport 2
MOC-R4PCC04U05:544476:545346 [3] NCCL INFO Connected to proxy localRank 3 -> connection 0x7f9218005818
MOC-R4PCC04U05:544476:545346 [3] NCCL INFO Channel 03/0 : 7[3] -> 3[3] [receive] via NET/Socket/0
MOC-R4PCC04U05:544476:544610 [3] NCCL INFO New proxy send connection 20 from local rank 3, transport 2
MOC-R4PCC04U05:544476:545346 [3] NCCL INFO Connected to proxy localRank 3 -> connection 0x7f9218005890
MOC-R4PCC04U05:544476:545346 [3] NCCL INFO Channel 00/0 : 3[3] -> 11[3] [send] via NET/Socket/0
MOC-R4PCC04U05:544476:544610 [3] NCCL INFO New proxy send connection 21 from local rank 3, transport 2
MOC-R4PCC04U05:544476:545346 [3] NCCL INFO Connected to proxy localRank 3 -> connection 0x7f9218005908
MOC-R4PCC04U05:544476:545346 [3] NCCL INFO Channel 01/0 : 3[3] -> 11[3] [send] via NET/Socket/0
MOC-R4PCC04U05:544476:544610 [3] NCCL INFO New proxy send connection 22 from local rank 3, transport 2
MOC-R4PCC04U05:544476:545346 [3] NCCL INFO Connected to proxy localRank 3 -> connection 0x7f9218005980
MOC-R4PCC04U05:544476:545346 [3] NCCL INFO Channel 02/0 : 3[3] -> 11[3] [send] via NET/Socket/0
MOC-R4PCC04U05:544476:544610 [3] NCCL INFO New proxy send connection 23 from local rank 3, transport 2
MOC-R4PCC04U05:544476:545346 [3] NCCL INFO Connected to proxy localRank 3 -> connection 0x7f92180059f8
MOC-R4PCC04U05:544476:545346 [3] NCCL INFO Channel 03/0 : 3[3] -> 11[3] [send] via NET/Socket/0
MOC-R4PCC04U05:544476:544610 [3] NCCL INFO New proxy send connection 24 from local rank 3, transport 0
MOC-R4PCC04U05:544476:545346 [3] NCCL INFO Connected to proxy localRank 3 -> connection 0x7f9218005a70
MOC-R4PCC04U05:544476:544610 [3] NCCL INFO New proxy send connection 25 from local rank 3, transport 0
MOC-R4PCC04U05:544476:545346 [3] NCCL INFO Connected to proxy localRank 3 -> connection 0x7f9218005ae8
MOC-R4PCC04U05:544476:544610 [3] NCCL INFO New proxy send connection 26 from local rank 3, transport 0
MOC-R4PCC04U05:544476:545346 [3] NCCL INFO Connected to proxy localRank 3 -> connection 0x7f9218005b60
MOC-R4PCC04U05:544476:544610 [3] NCCL INFO New proxy send connection 27 from local rank 3, transport 0
MOC-R4PCC04U05:544476:545346 [3] NCCL INFO Connected to proxy localRank 3 -> connection 0x7f9218005bd8
step    1/10 | train loss 11.010328 | norm 15.4838 | lr 1.00e-04 | (14001.26 ms | 84253 tok/s)
step    2/10 | train loss 10.133749 | norm 5.7669 | lr 1.00e-04 | (322.33 ms | 3659698 tok/s)
step    3/10 | train loss 9.791646 | norm 2.6214 | lr 1.00e-04 | (311.10 ms | 3791893 tok/s)
step    4/10 | train loss 9.621454 | norm 2.1220 | lr 1.00e-04 | (311.23 ms | 3790298 tok/s)
step    5/10 | train loss 9.538275 | norm 2.1105 | lr 1.00e-04 | (311.19 ms | 3790792 tok/s)
step    6/10 | train loss 9.456856 | norm 2.0044 | lr 1.00e-04 | (312.18 ms | 3778748 tok/s)
step    7/10 | train loss 9.371297 | norm 1.9533 | lr 1.00e-04 | (312.55 ms | 3774240 tok/s)
step    8/10 | train loss 9.279752 | norm 1.9214 | lr 1.00e-04 | (310.34 ms | 3801201 tok/s)
step    9/10 | train loss 9.184250 | norm 1.8719 | lr 1.00e-04 | (309.94 ms | 3805999 tok/s)
step   10/10 | train loss 9.096462 | norm 1.7977 | lr 1.00e-04 | (513.93 ms | 2295331 tok/s)
final 9 iters avg: 334.977ms
peak memory consumption: 16601 MiB
