Running pytorch 2.7.0+cu126
using device: cuda:0
total desired batch size: 1048576
=> calculated gradient accumulation steps: 4
using device: cuda:2
using device: cuda:3
using device: cuda:1
compiling the model...
DataLoader: total number of tokens: 1,661,249,667 across 103 files
MOC-R4PCC04U05:369058:369058 [0] NCCL INFO NCCL_SOCKET_IFNAME set to eno7np0
MOC-R4PCC04U05:369058:369058 [0] NCCL INFO NCCL version 2.26.2+cuda12.2
MOC-R4PCC04U05:369058:369099 [0] NCCL INFO NET/Plugin: Could not find: libnccl-net.so. Using internal net plugin.
MOC-R4PCC04U05:369058:369099 [0] NCCL INFO NCCL_IB_HCA set to mlx5_5
MOC-R4PCC04U05:369058:369099 [0] NCCL INFO NET/IB : Made virtual device [0] name=mlx5_5 speed=400000 ndevs=1
MOC-R4PCC04U05:369058:369099 [0] NCCL INFO NET/IB : Using [0]mlx5_5:1/RoCE [RO]; OOB eno7np0:192.168.50.193<0>
MOC-R4PCC04U05:369060:369060 [2] NCCL INFO NCCL_SOCKET_IFNAME set to eno7np0
MOC-R4PCC04U05:369061:369061 [3] NCCL INFO NCCL_SOCKET_IFNAME set to eno7np0
MOC-R4PCC04U05:369060:369060 [2] NCCL INFO NCCL version 2.26.2+cuda12.2
MOC-R4PCC04U05:369061:369061 [3] NCCL INFO NCCL version 2.26.2+cuda12.2
MOC-R4PCC04U05:369059:369059 [1] NCCL INFO NCCL_SOCKET_IFNAME set to eno7np0
MOC-R4PCC04U05:369059:369059 [1] NCCL INFO NCCL version 2.26.2+cuda12.2
MOC-R4PCC04U05:369061:369102 [3] NCCL INFO NET/Plugin: Could not find: libnccl-net.so. Using internal net plugin.
MOC-R4PCC04U05:369060:369101 [2] NCCL INFO NET/Plugin: Could not find: libnccl-net.so. Using internal net plugin.
MOC-R4PCC04U05:369059:369103 [1] NCCL INFO NET/Plugin: Could not find: libnccl-net.so. Using internal net plugin.
MOC-R4PCC04U05:369061:369102 [3] NCCL INFO NCCL_IB_HCA set to mlx5_5
MOC-R4PCC04U05:369060:369101 [2] NCCL INFO NCCL_IB_HCA set to mlx5_5
MOC-R4PCC04U05:369059:369103 [1] NCCL INFO NCCL_IB_HCA set to mlx5_5
MOC-R4PCC04U05:369061:369102 [3] NCCL INFO NET/IB : Made virtual device [0] name=mlx5_5 speed=400000 ndevs=1
MOC-R4PCC04U05:369061:369102 [3] NCCL INFO NET/IB : Using [0]mlx5_5:1/RoCE [RO]; OOB eno7np0:192.168.50.193<0>
MOC-R4PCC04U05:369059:369103 [1] NCCL INFO NET/IB : Made virtual device [0] name=mlx5_5 speed=400000 ndevs=1
MOC-R4PCC04U05:369060:369101 [2] NCCL INFO NET/IB : Made virtual device [0] name=mlx5_5 speed=400000 ndevs=1
MOC-R4PCC04U05:369059:369103 [1] NCCL INFO NET/IB : Using [0]mlx5_5:1/RoCE [RO]; OOB eno7np0:192.168.50.193<0>
MOC-R4PCC04U05:369060:369101 [2] NCCL INFO NET/IB : Using [0]mlx5_5:1/RoCE [RO]; OOB eno7np0:192.168.50.193<0>
MOC-R4PCC04U05:369060:369101 [2] NCCL INFO NET/IB : GPU Direct RDMA Enabled for HCA 0 'mlx5_5'
MOC-R4PCC04U05:369060:369101 [2] NCCL INFO NET/IB : Made virtual device [1] name=mlx5_5 speed=400000 ndevs=1
MOC-R4PCC04U05:369060:369101 [2] NCCL INFO NET/IB : GPU Direct RDMA Enabled for HCA 0 'mlx5_5'
MOC-R4PCC04U05:369060:369101 [2] NCCL INFO NET/IB : GPU Direct RDMA Enabled for HCA 1 'mlx5_5'
MOC-R4PCC04U05:369061:369102 [3] NCCL INFO NET/IB : GPU Direct RDMA Enabled for HCA 0 'mlx5_5'
MOC-R4PCC04U05:369061:369102 [3] NCCL INFO NET/IB : Made virtual device [1] name=mlx5_5 speed=400000 ndevs=1
MOC-R4PCC04U05:369061:369102 [3] NCCL INFO NET/IB : GPU Direct RDMA Enabled for HCA 0 'mlx5_5'
MOC-R4PCC04U05:369061:369102 [3] NCCL INFO NET/IB : GPU Direct RDMA Enabled for HCA 1 'mlx5_5'
MOC-R4PCC04U05:369059:369103 [1] NCCL INFO NET/IB : GPU Direct RDMA Enabled for HCA 0 'mlx5_5'
MOC-R4PCC04U05:369059:369103 [1] NCCL INFO NET/IB : Made virtual device [1] name=mlx5_5 speed=400000 ndevs=1
MOC-R4PCC04U05:369059:369103 [1] NCCL INFO NET/IB : GPU Direct RDMA Enabled for HCA 0 'mlx5_5'
MOC-R4PCC04U05:369059:369103 [1] NCCL INFO NET/IB : GPU Direct RDMA Enabled for HCA 1 'mlx5_5'
MOC-R4PCC04U05:369058:369099 [0] NCCL INFO NET/IB : GPU Direct RDMA Enabled for HCA 0 'mlx5_5'
MOC-R4PCC04U05:369058:369099 [0] NCCL INFO NET/IB : Made virtual device [1] name=mlx5_5 speed=400000 ndevs=1
MOC-R4PCC04U05:369058:369099 [0] NCCL INFO NET/IB : GPU Direct RDMA Enabled for HCA 0 'mlx5_5'
MOC-R4PCC04U05:369058:369099 [0] NCCL INFO NET/IB : GPU Direct RDMA Enabled for HCA 1 'mlx5_5'
MOC-R4PCC04U05:369058:369099 [0] NCCL INFO NCCL_NET_GDR_LEVEL set by environment to LOC
MOC-R4PCC04U05:369058:369099 [0] NCCL INFO GPU Direct RDMA Disabled for GPU 0 / HCA 1 (distance 5 > 0)
MOC-R4PCC04U05:369058:369099 [0] NCCL INFO GPU Direct RDMA Disabled for GPU 1 / HCA 1 (distance 5 > 0)
MOC-R4PCC04U05:369058:369099 [0] NCCL INFO GPU Direct RDMA Disabled for GPU 2 / HCA 1 (distance 5 > 0)
MOC-R4PCC04U05:369058:369099 [0] NCCL INFO GPU Direct RDMA Disabled for GPU 0 / HCA 1 (distance 5 > 0)
MOC-R4PCC04U05:369058:369099 [0] NCCL INFO GPU Direct RDMA Disabled for GPU 1 / HCA 1 (distance 5 > 0)
MOC-R4PCC04U05:369058:369099 [0] NCCL INFO GPU Direct RDMA Disabled for GPU 2 / HCA 1 (distance 5 > 0)
MOC-R4PCC04U05:369061:369102 [3] NCCL INFO NCCL_NET_GDR_LEVEL set by environment to LOC
MOC-R4PCC04U05:369061:369102 [3] NCCL INFO GPU Direct RDMA Disabled for GPU 0 / HCA 1 (distance 5 > 0)
MOC-R4PCC04U05:369061:369102 [3] NCCL INFO GPU Direct RDMA Disabled for GPU 1 / HCA 1 (distance 5 > 0)
MOC-R4PCC04U05:369061:369102 [3] NCCL INFO GPU Direct RDMA Disabled for GPU 2 / HCA 1 (distance 5 > 0)
MOC-R4PCC04U05:369060:369101 [2] NCCL INFO NCCL_NET_GDR_LEVEL set by environment to LOC
MOC-R4PCC04U05:369060:369101 [2] NCCL INFO GPU Direct RDMA Disabled for GPU 0 / HCA 1 (distance 5 > 0)
MOC-R4PCC04U05:369060:369101 [2] NCCL INFO GPU Direct RDMA Disabled for GPU 1 / HCA 1 (distance 5 > 0)
MOC-R4PCC04U05:369060:369101 [2] NCCL INFO GPU Direct RDMA Disabled for GPU 2 / HCA 1 (distance 5 > 0)
MOC-R4PCC04U05:369061:369102 [3] NCCL INFO GPU Direct RDMA Disabled for GPU 0 / HCA 1 (distance 5 > 0)
MOC-R4PCC04U05:369061:369102 [3] NCCL INFO GPU Direct RDMA Disabled for GPU 1 / HCA 1 (distance 5 > 0)
MOC-R4PCC04U05:369061:369102 [3] NCCL INFO GPU Direct RDMA Disabled for GPU 2 / HCA 1 (distance 5 > 0)
MOC-R4PCC04U05:369060:369101 [2] NCCL INFO GPU Direct RDMA Disabled for GPU 0 / HCA 1 (distance 5 > 0)
MOC-R4PCC04U05:369060:369101 [2] NCCL INFO GPU Direct RDMA Disabled for GPU 1 / HCA 1 (distance 5 > 0)
MOC-R4PCC04U05:369060:369101 [2] NCCL INFO GPU Direct RDMA Disabled for GPU 2 / HCA 1 (distance 5 > 0)
MOC-R4PCC04U05:369059:369103 [1] NCCL INFO NCCL_NET_GDR_LEVEL set by environment to LOC
MOC-R4PCC04U05:369059:369103 [1] NCCL INFO GPU Direct RDMA Disabled for GPU 0 / HCA 1 (distance 5 > 0)
MOC-R4PCC04U05:369059:369103 [1] NCCL INFO GPU Direct RDMA Disabled for GPU 1 / HCA 1 (distance 5 > 0)
MOC-R4PCC04U05:369059:369103 [1] NCCL INFO GPU Direct RDMA Disabled for GPU 2 / HCA 1 (distance 5 > 0)
MOC-R4PCC04U05:369059:369103 [1] NCCL INFO GPU Direct RDMA Disabled for GPU 0 / HCA 1 (distance 5 > 0)
MOC-R4PCC04U05:369059:369103 [1] NCCL INFO GPU Direct RDMA Disabled for GPU 1 / HCA 1 (distance 5 > 0)
MOC-R4PCC04U05:369059:369103 [1] NCCL INFO GPU Direct RDMA Disabled for GPU 2 / HCA 1 (distance 5 > 0)
MOC-R4PCC04U05:369059:369116 [1] NCCL INFO New proxy recv connection 0 from local rank 1, transport 0
MOC-R4PCC04U05:369059:369123 [1] NCCL INFO Connected to proxy localRank 1 -> connection 0x7f4f70004f30
MOC-R4PCC04U05:369061:369115 [3] NCCL INFO New proxy recv connection 0 from local rank 3, transport 0
MOC-R4PCC04U05:369061:369124 [3] NCCL INFO Connected to proxy localRank 3 -> connection 0x7f9558004f30
MOC-R4PCC04U05:369059:369116 [1] NCCL INFO New proxy recv connection 1 from local rank 1, transport 0
MOC-R4PCC04U05:369059:369123 [1] NCCL INFO Connected to proxy localRank 1 -> connection 0x7f4f70004fa8
MOC-R4PCC04U05:369061:369115 [3] NCCL INFO New proxy recv connection 1 from local rank 3, transport 0
MOC-R4PCC04U05:369061:369124 [3] NCCL INFO Connected to proxy localRank 3 -> connection 0x7f9558004fa8
MOC-R4PCC04U05:369061:369124 [3] NCCL INFO GPU Direct RDMA Disabled for GPU 3 / HCA 1 (distance 7 > 0)
MOC-R4PCC04U05:369060:369118 [2] NCCL INFO New proxy recv connection 0 from local rank 2, transport 0
MOC-R4PCC04U05:369060:369125 [2] NCCL INFO Connected to proxy localRank 2 -> connection 0x7f51b0004f30
MOC-R4PCC04U05:369058:369117 [0] NCCL INFO New proxy send connection 0 from local rank 0, transport 0
MOC-R4PCC04U05:369058:369126 [0] NCCL INFO Connected to proxy localRank 0 -> connection 0x7f1680004f30
MOC-R4PCC04U05:369058:369117 [0] NCCL INFO New proxy send connection 1 from local rank 0, transport 0
MOC-R4PCC04U05:369058:369126 [0] NCCL INFO Connected to proxy localRank 0 -> connection 0x7f1680004fa8
MOC-R4PCC04U05:369060:369118 [2] NCCL INFO New proxy recv connection 1 from local rank 2, transport 0
MOC-R4PCC04U05:369060:369125 [2] NCCL INFO Connected to proxy localRank 2 -> connection 0x7f51b0004fa8
MOC-R4PCC04U05:369058:369117 [0] NCCL INFO New proxy send connection 2 from local rank 0, transport 0
MOC-R4PCC04U05:369060:369125 [2] NCCL INFO GPU Direct RDMA Disabled for GPU 2 / HCA 1 (distance 7 > 0)
MOC-R4PCC04U05:369058:369126 [0] NCCL INFO Connected to proxy localRank 0 -> connection 0x7f1680005020
MOC-R4PCC04U05:369058:369117 [0] NCCL INFO New proxy send connection 3 from local rank 0, transport 0
MOC-R4PCC04U05:369058:369126 [0] NCCL INFO Connected to proxy localRank 0 -> connection 0x7f1680005098
MOC-R4PCC04U05:369061:369115 [3] NCCL INFO New proxy send connection 2 from local rank 3, transport 2
MOC-R4PCC04U05:369061:369124 [3] NCCL INFO Connected to proxy localRank 3 -> connection 0x7f9558005020
MOC-R4PCC04U05:369061:369124 [3] NCCL INFO Channel 00/0 : 3[3] -> 6[2] [send] via NET/IB/1
MOC-R4PCC04U05:369061:369124 [3] NCCL INFO GPU Direct RDMA Disabled for GPU 3 / HCA 1 (distance 7 > 0)
MOC-R4PCC04U05:369061:369115 [3] NCCL INFO New proxy send connection 3 from local rank 3, transport 2
MOC-R4PCC04U05:369061:369124 [3] NCCL INFO Connected to proxy localRank 3 -> connection 0x7f9558005098
MOC-R4PCC04U05:369061:369124 [3] NCCL INFO Channel 02/0 : 3[3] -> 6[2] [send] via NET/IB/1
MOC-R4PCC04U05:369060:369118 [2] NCCL INFO New proxy recv connection 2 from local rank 2, transport 2
MOC-R4PCC04U05:369060:369125 [2] NCCL INFO Connected to proxy localRank 2 -> connection 0x7f51b0005020
MOC-R4PCC04U05:369060:369125 [2] NCCL INFO Channel 00/0 : 7[3] -> 2[2] [receive] via NET/IB/1
MOC-R4PCC04U05:369060:369125 [2] NCCL INFO GPU Direct RDMA Disabled for GPU 2 / HCA 1 (distance 7 > 0)
MOC-R4PCC04U05:369060:369118 [2] NCCL INFO New proxy recv connection 3 from local rank 2, transport 2
MOC-R4PCC04U05:369060:369125 [2] NCCL INFO Connected to proxy localRank 2 -> connection 0x7f51b0005098
MOC-R4PCC04U05:369060:369125 [2] NCCL INFO Channel 02/0 : 7[3] -> 2[2] [receive] via NET/IB/1
MOC-R4PCC04U05:369060:369125 [2] NCCL INFO GPU Direct RDMA Disabled for GPU 2 / HCA 1 (distance 7 > 0)
MOC-R4PCC04U05:369060:369118 [2] NCCL INFO New proxy send connection 4 from local rank 2, transport 2
MOC-R4PCC04U05:369060:369125 [2] NCCL INFO Connected to proxy localRank 2 -> connection 0x7f51b0005110
MOC-R4PCC04U05:369060:369125 [2] NCCL INFO Channel 01/0 : 2[2] -> 7[3] [send] via NET/IB/1
MOC-R4PCC04U05:369060:369125 [2] NCCL INFO GPU Direct RDMA Disabled for GPU 2 / HCA 1 (distance 7 > 0)
MOC-R4PCC04U05:369060:369118 [2] NCCL INFO New proxy send connection 5 from local rank 2, transport 2
MOC-R4PCC04U05:369060:369125 [2] NCCL INFO Connected to proxy localRank 2 -> connection 0x7f51b0005188
MOC-R4PCC04U05:369060:369125 [2] NCCL INFO Channel 03/0 : 2[2] -> 7[3] [send] via NET/IB/1
MOC-R4PCC04U05:369060:369118 [2] NCCL INFO New proxy send connection 6 from local rank 2, transport 0
MOC-R4PCC04U05:369060:369125 [2] NCCL INFO Connected to proxy localRank 2 -> connection 0x7f51b0005200
MOC-R4PCC04U05:369058:369117 [0] NCCL INFO New proxy recv connection 4 from local rank 0, transport 0
MOC-R4PCC04U05:369061:369124 [3] NCCL INFO GPU Direct RDMA Disabled for GPU 3 / HCA 1 (distance 7 > 0)
MOC-R4PCC04U05:369058:369126 [0] NCCL INFO Connected to proxy localRank 0 -> connection 0x7f1680005110
MOC-R4PCC04U05:369061:369115 [3] NCCL INFO New proxy recv connection 4 from local rank 3, transport 2
MOC-R4PCC04U05:369061:369124 [3] NCCL INFO Connected to proxy localRank 3 -> connection 0x7f9558005110
MOC-R4PCC04U05:369061:369124 [3] NCCL INFO Channel 01/0 : 6[2] -> 3[3] [receive] via NET/IB/1
MOC-R4PCC04U05:369061:369124 [3] NCCL INFO GPU Direct RDMA Disabled for GPU 3 / HCA 1 (distance 7 > 0)
MOC-R4PCC04U05:369061:369115 [3] NCCL INFO New proxy recv connection 5 from local rank 3, transport 2
MOC-R4PCC04U05:369061:369124 [3] NCCL INFO Connected to proxy localRank 3 -> connection 0x7f9558005188
MOC-R4PCC04U05:369061:369124 [3] NCCL INFO Channel 03/0 : 6[2] -> 3[3] [receive] via NET/IB/1
MOC-R4PCC04U05:369061:369115 [3] NCCL INFO New proxy send connection 6 from local rank 3, transport 0
MOC-R4PCC04U05:369061:369124 [3] NCCL INFO Connected to proxy localRank 3 -> connection 0x7f9558005200
MOC-R4PCC04U05:369060:369118 [2] NCCL INFO New proxy send connection 7 from local rank 2, transport 0
MOC-R4PCC04U05:369060:369125 [2] NCCL INFO Connected to proxy localRank 2 -> connection 0x7f51b0005278
MOC-R4PCC04U05:369058:369117 [0] NCCL INFO New proxy recv connection 5 from local rank 0, transport 0
MOC-R4PCC04U05:369058:369126 [0] NCCL INFO Connected to proxy localRank 0 -> connection 0x7f1680005188
MOC-R4PCC04U05:369061:369115 [3] NCCL INFO New proxy send connection 7 from local rank 3, transport 0
MOC-R4PCC04U05:369061:369124 [3] NCCL INFO Connected to proxy localRank 3 -> connection 0x7f9558005278
MOC-R4PCC04U05:369058:369117 [0] NCCL INFO New proxy recv connection 6 from local rank 0, transport 0
MOC-R4PCC04U05:369058:369126 [0] NCCL INFO Connected to proxy localRank 0 -> connection 0x7f1680005200
MOC-R4PCC04U05:369058:369117 [0] NCCL INFO New proxy recv connection 7 from local rank 0, transport 0
MOC-R4PCC04U05:369058:369126 [0] NCCL INFO Connected to proxy localRank 0 -> connection 0x7f1680005278
MOC-R4PCC04U05:369059:369116 [1] NCCL INFO New proxy recv connection 2 from local rank 1, transport 0
MOC-R4PCC04U05:369059:369123 [1] NCCL INFO Connected to proxy localRank 1 -> connection 0x7f4f70005020
MOC-R4PCC04U05:369058:369117 [0] NCCL INFO New proxy send connection 8 from local rank 3, transport 0
MOC-R4PCC04U05:369061:369124 [3] NCCL INFO Connected to proxy localRank 0 -> connection 0x7f16800052f0
MOC-R4PCC04U05:369059:369116 [1] NCCL INFO New proxy recv connection 3 from local rank 1, transport 0
MOC-R4PCC04U05:369059:369123 [1] NCCL INFO Connected to proxy localRank 1 -> connection 0x7f4f70005098
MOC-R4PCC04U05:369059:369116 [1] NCCL INFO New proxy send connection 4 from local rank 1, transport 0
MOC-R4PCC04U05:369059:369123 [1] NCCL INFO Connected to proxy localRank 1 -> connection 0x7f4f70005110
MOC-R4PCC04U05:369059:369116 [1] NCCL INFO New proxy send connection 5 from local rank 1, transport 0
MOC-R4PCC04U05:369059:369123 [1] NCCL INFO Connected to proxy localRank 1 -> connection 0x7f4f70005188
MOC-R4PCC04U05:369059:369116 [1] NCCL INFO New proxy send connection 6 from local rank 1, transport 0
MOC-R4PCC04U05:369059:369123 [1] NCCL INFO Connected to proxy localRank 1 -> connection 0x7f4f70005200
MOC-R4PCC04U05:369059:369116 [1] NCCL INFO New proxy send connection 7 from local rank 1, transport 0
MOC-R4PCC04U05:369059:369123 [1] NCCL INFO Connected to proxy localRank 1 -> connection 0x7f4f70005278
MOC-R4PCC04U05:369058:369117 [0] NCCL INFO New proxy send connection 9 from local rank 2, transport 0
MOC-R4PCC04U05:369061:369115 [3] NCCL INFO New proxy send connection 8 from local rank 1, transport 0
MOC-R4PCC04U05:369060:369125 [2] NCCL INFO Connected to proxy localRank 0 -> connection 0x7f1680005368
MOC-R4PCC04U05:369059:369123 [1] NCCL INFO Connected to proxy localRank 3 -> connection 0x7f95580052f0
MOC-R4PCC04U05:369060:369118 [2] NCCL INFO New proxy send connection 8 from local rank 0, transport 0
MOC-R4PCC04U05:369058:369126 [0] NCCL INFO Connected to proxy localRank 2 -> connection 0x7f51b00052f0
MOC-R4PCC04U05:369059:369116 [1] NCCL INFO New proxy send connection 8 from local rank 3, transport 0
MOC-R4PCC04U05:369061:369124 [3] NCCL INFO Connected to proxy localRank 1 -> connection 0x7f4f700052f0
MOC-R4PCC04U05:369059:369116 [1] NCCL INFO New proxy send connection 9 from local rank 2, transport 0
MOC-R4PCC04U05:369060:369125 [2] NCCL INFO Connected to proxy localRank 1 -> connection 0x7f4f70005368
MOC-R4PCC04U05:369061:369115 [3] NCCL INFO New proxy send connection 9 from local rank 0, transport 0
MOC-R4PCC04U05:369058:369126 [0] NCCL INFO Connected to proxy localRank 3 -> connection 0x7f9558005368
MOC-R4PCC04U05:369058:369117 [0] NCCL INFO New proxy send connection 10 from local rank 1, transport 0
MOC-R4PCC04U05:369059:369123 [1] NCCL INFO Connected to proxy localRank 0 -> connection 0x7f16800053e0
MOC-R4PCC04U05:369060:369118 [2] NCCL INFO NET/IB: NCCL Dev 1 IbDev 0 Port 1 qpn 4116 mtu 3 query_ece={supported=1, vendor_id=0x15b3, options=0x30000002, comp_mask=0x0} GID 3 (0/C132A8C0FFFF0000) fifoRkey=0x174705 fifoLkey=0x174705
MOC-R4PCC04U05:369060:369118 [2] NCCL INFO NET/IB: NCCL Dev 1 IbDev 0 Port 1 qpn 4117 mtu 3 query_ece={supported=1, vendor_id=0x15b3, options=0x30000002, comp_mask=0x0} GID 3 (0/C132A8C0FFFF0000) fifoRkey=0x1722e1 fifoLkey=0x1722e1
MOC-R4PCC04U05:369061:369115 [3] NCCL INFO NET/IB: NCCL Dev 1 IbDev 0 Port 1 qpn 4118 mtu 3 query_ece={supported=1, vendor_id=0x15b3, options=0x30000002, comp_mask=0x0} GID 3 (0/C132A8C0FFFF0000) fifoRkey=0x17ecab fifoLkey=0x17ecab
MOC-R4PCC04U05:369061:369115 [3] NCCL INFO NET/IB: NCCL Dev 1 IbDev 0 Port 1 qpn 4119 mtu 3 query_ece={supported=1, vendor_id=0x15b3, options=0x30000002, comp_mask=0x0} GID 3 (0/C132A8C0FFFF0000) fifoRkey=0x17bf7e fifoLkey=0x17bf7e
MOC-R4PCC04U05:369061:369115 [3] NCCL INFO NET/IB: IbDev 0 Port 1 qpn 4354 set_ece={supported=1, vendor_id=0x15b3, options=0x0, comp_mask=0x0}
MOC-R4PCC04U05:369061:369115 [3] NCCL INFO NET/IB: IbDev 0 Port 1 qpn 4356 set_ece={supported=1, vendor_id=0x15b3, options=0x0, comp_mask=0x0}
MOC-R4PCC04U05:369060:369118 [2] NCCL INFO NET/IB: IbDev 0 Port 1 qpn 4358 set_ece={supported=1, vendor_id=0x15b3, options=0x0, comp_mask=0x0}
MOC-R4PCC04U05:369060:369118 [2] NCCL INFO NET/IB: IbDev 0 Port 1 qpn 4362 set_ece={supported=1, vendor_id=0x15b3, options=0x0, comp_mask=0x0}
MOC-R4PCC04U05:369059:369116 [1] NCCL INFO New proxy send connection 10 from local rank 0, transport 0
MOC-R4PCC04U05:369058:369126 [0] NCCL INFO Connected to proxy localRank 1 -> connection 0x7f4f700053e0
MOC-R4PCC04U05:369060:369118 [2] NCCL INFO New proxy send connection 9 from local rank 1, transport 0
MOC-R4PCC04U05:369059:369123 [1] NCCL INFO Connected to proxy localRank 2 -> connection 0x7f51b0005368
num decayed parameter tensors: 50, with 124,318,464 parameters
num non-decayed parameter tensors: 98, with 121,344 parameters
using fused AdamW: False
using regular AdamW
MOC-R4PCC04U05:369061:369115 [3] NCCL INFO New proxy recv connection 10 from local rank 3, transport 0
MOC-R4PCC04U05:369061:369818 [3] NCCL INFO Connected to proxy localRank 3 -> connection 0x7f95580053e0
MOC-R4PCC04U05:369061:369115 [3] NCCL INFO New proxy recv connection 11 from local rank 3, transport 0
MOC-R4PCC04U05:369061:369818 [3] NCCL INFO Connected to proxy localRank 3 -> connection 0x7f9558005458
MOC-R4PCC04U05:369060:369118 [2] NCCL INFO New proxy recv connection 10 from local rank 2, transport 0
MOC-R4PCC04U05:369060:369819 [2] NCCL INFO Connected to proxy localRank 2 -> connection 0x7f51b00053e0
MOC-R4PCC04U05:369060:369118 [2] NCCL INFO New proxy recv connection 11 from local rank 2, transport 0
MOC-R4PCC04U05:369060:369819 [2] NCCL INFO Connected to proxy localRank 2 -> connection 0x7f51b0005458
MOC-R4PCC04U05:369060:369118 [2] NCCL INFO New proxy recv connection 12 from local rank 2, transport 0
MOC-R4PCC04U05:369060:369819 [2] NCCL INFO Connected to proxy localRank 2 -> connection 0x7f51b00054d0
MOC-R4PCC04U05:369060:369118 [2] NCCL INFO New proxy recv connection 13 from local rank 2, transport 0
MOC-R4PCC04U05:369060:369819 [2] NCCL INFO Connected to proxy localRank 2 -> connection 0x7f51b0005548
MOC-R4PCC04U05:369059:369116 [1] NCCL INFO New proxy recv connection 11 from local rank 1, transport 0
MOC-R4PCC04U05:369059:369820 [1] NCCL INFO Connected to proxy localRank 1 -> connection 0x7f4f70005458
MOC-R4PCC04U05:369059:369116 [1] NCCL INFO New proxy recv connection 12 from local rank 1, transport 0
MOC-R4PCC04U05:369059:369820 [1] NCCL INFO Connected to proxy localRank 1 -> connection 0x7f4f700054d0
MOC-R4PCC04U05:369059:369116 [1] NCCL INFO New proxy recv connection 13 from local rank 1, transport 0
MOC-R4PCC04U05:369059:369820 [1] NCCL INFO Connected to proxy localRank 1 -> connection 0x7f4f70005548
MOC-R4PCC04U05:369059:369116 [1] NCCL INFO New proxy recv connection 14 from local rank 1, transport 0
MOC-R4PCC04U05:369059:369820 [1] NCCL INFO Connected to proxy localRank 1 -> connection 0x7f4f700055c0
MOC-R4PCC04U05:369059:369116 [1] NCCL INFO New proxy send connection 15 from local rank 1, transport 0
MOC-R4PCC04U05:369059:369820 [1] NCCL INFO Connected to proxy localRank 1 -> connection 0x7f4f70005638
MOC-R4PCC04U05:369059:369116 [1] NCCL INFO New proxy send connection 16 from local rank 1, transport 0
MOC-R4PCC04U05:369059:369820 [1] NCCL INFO Connected to proxy localRank 1 -> connection 0x7f4f700056b0
MOC-R4PCC04U05:369059:369116 [1] NCCL INFO New proxy send connection 17 from local rank 1, transport 0
MOC-R4PCC04U05:369059:369820 [1] NCCL INFO Connected to proxy localRank 1 -> connection 0x7f4f70005728
MOC-R4PCC04U05:369059:369116 [1] NCCL INFO New proxy send connection 18 from local rank 1, transport 0
MOC-R4PCC04U05:369059:369820 [1] NCCL INFO Connected to proxy localRank 1 -> connection 0x7f4f700057a0
MOC-R4PCC04U05:369060:369118 [2] NCCL INFO New proxy send connection 14 from local rank 2, transport 0
MOC-R4PCC04U05:369060:369819 [2] NCCL INFO Connected to proxy localRank 2 -> connection 0x7f51b00055c0
MOC-R4PCC04U05:369060:369118 [2] NCCL INFO New proxy send connection 15 from local rank 2, transport 0
MOC-R4PCC04U05:369060:369819 [2] NCCL INFO Connected to proxy localRank 2 -> connection 0x7f51b0005638
MOC-R4PCC04U05:369058:369117 [0] NCCL INFO New proxy send connection 11 from local rank 0, transport 0
MOC-R4PCC04U05:369058:369821 [0] NCCL INFO Connected to proxy localRank 0 -> connection 0x7f1680005458
MOC-R4PCC04U05:369058:369117 [0] NCCL INFO New proxy send connection 12 from local rank 0, transport 0
MOC-R4PCC04U05:369058:369821 [0] NCCL INFO Connected to proxy localRank 0 -> connection 0x7f16800054d0
MOC-R4PCC04U05:369058:369117 [0] NCCL INFO New proxy send connection 13 from local rank 0, transport 0
MOC-R4PCC04U05:369058:369821 [0] NCCL INFO Connected to proxy localRank 0 -> connection 0x7f1680005548
MOC-R4PCC04U05:369058:369117 [0] NCCL INFO New proxy send connection 14 from local rank 0, transport 0
MOC-R4PCC04U05:369058:369821 [0] NCCL INFO Connected to proxy localRank 0 -> connection 0x7f16800055c0
MOC-R4PCC04U05:369059:369116 [1] NCCL INFO New proxy recv connection 19 from local rank 1, transport 0
MOC-R4PCC04U05:369058:369117 [0] NCCL INFO New proxy send connection 15 from local rank 0, transport 0
MOC-R4PCC04U05:369059:369820 [1] NCCL INFO Connected to proxy localRank 1 -> connection 0x7f4f70005818
MOC-R4PCC04U05:369058:369821 [0] NCCL INFO Connected to proxy localRank 0 -> connection 0x7f1680005638
MOC-R4PCC04U05:369058:369117 [0] NCCL INFO New proxy send connection 16 from local rank 0, transport 0
MOC-R4PCC04U05:369058:369821 [0] NCCL INFO Connected to proxy localRank 0 -> connection 0x7f16800056b0
MOC-R4PCC04U05:369059:369116 [1] NCCL INFO New proxy recv connection 20 from local rank 1, transport 0
MOC-R4PCC04U05:369059:369820 [1] NCCL INFO Connected to proxy localRank 1 -> connection 0x7f4f70005890
MOC-R4PCC04U05:369058:369117 [0] NCCL INFO New proxy recv connection 17 from local rank 0, transport 0
MOC-R4PCC04U05:369058:369821 [0] NCCL INFO Connected to proxy localRank 0 -> connection 0x7f1680005728
MOC-R4PCC04U05:369061:369818 [3] NCCL INFO GPU Direct RDMA Disabled for GPU 3 / HCA 1 (distance 7 > 0)
MOC-R4PCC04U05:369061:369115 [3] NCCL INFO New proxy recv connection 12 from local rank 3, transport 2
MOC-R4PCC04U05:369061:369818 [3] NCCL INFO Connected to proxy localRank 3 -> connection 0x7f95580054d0
MOC-R4PCC04U05:369058:369117 [0] NCCL INFO New proxy recv connection 18 from local rank 0, transport 0
MOC-R4PCC04U05:369058:369821 [0] NCCL INFO Connected to proxy localRank 0 -> connection 0x7f16800057a0
MOC-R4PCC04U05:369061:369818 [3] NCCL INFO Channel 00/0 : 7[3] -> 3[3] [receive] via NET/IB/1
MOC-R4PCC04U05:369061:369818 [3] NCCL INFO GPU Direct RDMA Disabled for GPU 3 / HCA 1 (distance 7 > 0)
MOC-R4PCC04U05:369061:369115 [3] NCCL INFO New proxy recv connection 13 from local rank 3, transport 2
MOC-R4PCC04U05:369061:369818 [3] NCCL INFO Connected to proxy localRank 3 -> connection 0x7f9558005548
MOC-R4PCC04U05:369061:369818 [3] NCCL INFO Channel 01/0 : 7[3] -> 3[3] [receive] via NET/IB/1
MOC-R4PCC04U05:369061:369818 [3] NCCL INFO GPU Direct RDMA Disabled for GPU 3 / HCA 1 (distance 7 > 0)
MOC-R4PCC04U05:369061:369115 [3] NCCL INFO New proxy recv connection 14 from local rank 3, transport 2
MOC-R4PCC04U05:369061:369818 [3] NCCL INFO Connected to proxy localRank 3 -> connection 0x7f95580055c0
MOC-R4PCC04U05:369061:369818 [3] NCCL INFO Channel 02/0 : 7[3] -> 3[3] [receive] via NET/IB/1
MOC-R4PCC04U05:369061:369818 [3] NCCL INFO GPU Direct RDMA Disabled for GPU 3 / HCA 1 (distance 7 > 0)
MOC-R4PCC04U05:369058:369117 [0] NCCL INFO New proxy recv connection 19 from local rank 0, transport 0
MOC-R4PCC04U05:369058:369821 [0] NCCL INFO Connected to proxy localRank 0 -> connection 0x7f1680005818
MOC-R4PCC04U05:369061:369115 [3] NCCL INFO New proxy recv connection 15 from local rank 3, transport 2
MOC-R4PCC04U05:369061:369818 [3] NCCL INFO Connected to proxy localRank 3 -> connection 0x7f9558005638
MOC-R4PCC04U05:369061:369818 [3] NCCL INFO Channel 03/0 : 7[3] -> 3[3] [receive] via NET/IB/1
MOC-R4PCC04U05:369061:369818 [3] NCCL INFO GPU Direct RDMA Disabled for GPU 3 / HCA 1 (distance 7 > 0)
MOC-R4PCC04U05:369061:369115 [3] NCCL INFO New proxy send connection 16 from local rank 3, transport 2
MOC-R4PCC04U05:369061:369818 [3] NCCL INFO Connected to proxy localRank 3 -> connection 0x7f95580056b0
MOC-R4PCC04U05:369061:369818 [3] NCCL INFO Channel 00/0 : 3[3] -> 7[3] [send] via NET/IB/1
MOC-R4PCC04U05:369061:369818 [3] NCCL INFO GPU Direct RDMA Disabled for GPU 3 / HCA 1 (distance 7 > 0)
MOC-R4PCC04U05:369061:369115 [3] NCCL INFO New proxy send connection 17 from local rank 3, transport 2
MOC-R4PCC04U05:369061:369818 [3] NCCL INFO Connected to proxy localRank 3 -> connection 0x7f9558005728
MOC-R4PCC04U05:369061:369818 [3] NCCL INFO Channel 01/0 : 3[3] -> 7[3] [send] via NET/IB/1
MOC-R4PCC04U05:369061:369818 [3] NCCL INFO GPU Direct RDMA Disabled for GPU 3 / HCA 1 (distance 7 > 0)
MOC-R4PCC04U05:369061:369115 [3] NCCL INFO New proxy send connection 18 from local rank 3, transport 2
MOC-R4PCC04U05:369061:369818 [3] NCCL INFO Connected to proxy localRank 3 -> connection 0x7f95580057a0
MOC-R4PCC04U05:369061:369818 [3] NCCL INFO Channel 02/0 : 3[3] -> 7[3] [send] via NET/IB/1
MOC-R4PCC04U05:369061:369818 [3] NCCL INFO GPU Direct RDMA Disabled for GPU 3 / HCA 1 (distance 7 > 0)
MOC-R4PCC04U05:369061:369115 [3] NCCL INFO New proxy send connection 19 from local rank 3, transport 2
MOC-R4PCC04U05:369061:369818 [3] NCCL INFO Connected to proxy localRank 3 -> connection 0x7f9558005818
MOC-R4PCC04U05:369061:369818 [3] NCCL INFO Channel 03/0 : 3[3] -> 7[3] [send] via NET/IB/1
MOC-R4PCC04U05:369061:369115 [3] NCCL INFO New proxy send connection 20 from local rank 3, transport 0
MOC-R4PCC04U05:369061:369818 [3] NCCL INFO Connected to proxy localRank 3 -> connection 0x7f9558005890
MOC-R4PCC04U05:369058:369117 [0] NCCL INFO New proxy recv connection 20 from local rank 0, transport 0
MOC-R4PCC04U05:369061:369115 [3] NCCL INFO New proxy send connection 21 from local rank 3, transport 0
MOC-R4PCC04U05:369058:369821 [0] NCCL INFO Connected to proxy localRank 0 -> connection 0x7f1680005890
MOC-R4PCC04U05:369061:369818 [3] NCCL INFO Connected to proxy localRank 3 -> connection 0x7f9558005908
MOC-R4PCC04U05:369061:369115 [3] NCCL INFO New proxy send connection 22 from local rank 3, transport 0
MOC-R4PCC04U05:369061:369818 [3] NCCL INFO Connected to proxy localRank 3 -> connection 0x7f9558005980
MOC-R4PCC04U05:369061:369115 [3] NCCL INFO New proxy send connection 23 from local rank 3, transport 0
MOC-R4PCC04U05:369061:369818 [3] NCCL INFO Connected to proxy localRank 3 -> connection 0x7f95580059f8
MOC-R4PCC04U05:369061:369115 [3] NCCL INFO NET/IB: NCCL Dev 1 IbDev 0 Port 1 qpn 4124 mtu 3 query_ece={supported=1, vendor_id=0x15b3, options=0x30000002, comp_mask=0x0} GID 3 (0/C132A8C0FFFF0000) fifoRkey=0x178443 fifoLkey=0x178443
MOC-R4PCC04U05:369061:369115 [3] NCCL INFO NET/IB: IbDev 0 Port 1 qpn 4365 set_ece={supported=1, vendor_id=0x15b3, options=0x0, comp_mask=0x0}
MOC-R4PCC04U05:369061:369115 [3] NCCL INFO NET/IB: NCCL Dev 1 IbDev 0 Port 1 qpn 4127 mtu 3 query_ece={supported=1, vendor_id=0x15b3, options=0x30000002, comp_mask=0x0} GID 3 (0/C132A8C0FFFF0000) fifoRkey=0x172eed fifoLkey=0x172eed
MOC-R4PCC04U05:369061:369115 [3] NCCL INFO NET/IB: IbDev 0 Port 1 qpn 4367 set_ece={supported=1, vendor_id=0x15b3, options=0x0, comp_mask=0x0}
MOC-R4PCC04U05:369061:369115 [3] NCCL INFO NET/IB: NCCL Dev 1 IbDev 0 Port 1 qpn 4130 mtu 3 query_ece={supported=1, vendor_id=0x15b3, options=0x30000002, comp_mask=0x0} GID 3 (0/C132A8C0FFFF0000) fifoRkey=0x17e2a1 fifoLkey=0x17e2a1
MOC-R4PCC04U05:369061:369115 [3] NCCL INFO NET/IB: NCCL Dev 1 IbDev 0 Port 1 qpn 4133 mtu 3 query_ece={supported=1, vendor_id=0x15b3, options=0x30000002, comp_mask=0x0} GID 3 (0/C132A8C0FFFF0000) fifoRkey=0x17f5b4 fifoLkey=0x17f5b4
MOC-R4PCC04U05:369061:369115 [3] NCCL INFO NET/IB: IbDev 0 Port 1 qpn 4372 set_ece={supported=1, vendor_id=0x15b3, options=0x0, comp_mask=0x0}
MOC-R4PCC04U05:369061:369115 [3] NCCL INFO NET/IB: IbDev 0 Port 1 qpn 4374 set_ece={supported=1, vendor_id=0x15b3, options=0x0, comp_mask=0x0}
step    1/10 | train loss 11.010094 | norm 15.4736 | lr 1.00e-04 | (13439.07 ms | 78024 tok/s)
step    2/10 | train loss 10.132353 | norm 5.7712 | lr 1.00e-04 | (332.05 ms | 3157892 tok/s)
step    3/10 | train loss 9.790421 | norm 2.6207 | lr 1.00e-04 | (394.45 ms | 2658304 tok/s)
step    4/10 | train loss 9.620089 | norm 2.1208 | lr 1.00e-04 | (341.38 ms | 3071583 tok/s)
step    5/10 | train loss 9.536896 | norm 2.1163 | lr 1.00e-04 | (406.82 ms | 2577502 tok/s)
step    6/10 | train loss 9.455267 | norm 2.0053 | lr 1.00e-04 | (338.54 ms | 3097360 tok/s)
step    7/10 | train loss 9.369595 | norm 1.9545 | lr 1.00e-04 | (364.63 ms | 2875722 tok/s)
step    8/10 | train loss 9.277899 | norm 1.9223 | lr 1.00e-04 | (395.71 ms | 2649874 tok/s)
step    9/10 | train loss 9.182260 | norm 1.8716 | lr 1.00e-04 | (386.20 ms | 2715083 tok/s)
step   10/10 | train loss 9.094441 | norm 1.7972 | lr 1.00e-04 | (334.15 ms | 3138001 tok/s)
final 9 iters avg: 365.993ms
peak memory consumption: 16601 MiB
