Running pytorch 2.7.0+cu126
using device: cuda:0
total desired batch size: 2621440
=> calculated gradient accumulation steps: 5
using device: cuda:2
using device: cuda:1
using device: cuda:3
compiling the model...
DataLoader: total number of tokens: 1,661,249,667 across 103 files
MOC-R4PCC04U05:747233:747233 [0] NCCL INFO NCCL_SOCKET_IFNAME set to eno7np0
MOC-R4PCC04U05:747233:747233 [0] NCCL INFO NCCL version 2.26.2+cuda12.2
MOC-R4PCC04U05:747233:747339 [0] NCCL INFO NET/Plugin: Could not find: libnccl-net.so. Using internal net plugin.
MOC-R4PCC04U05:747233:747339 [0] NCCL INFO NCCL_IB_HCA set to mlx5_5
MOC-R4PCC04U05:747233:747339 [0] NCCL INFO NET/IB : Made virtual device [0] name=mlx5_5 speed=400000 ndevs=1
MOC-R4PCC04U05:747233:747339 [0] NCCL INFO NET/IB : Using [0]mlx5_5:1/RoCE [RO]; OOB eno7np0:192.168.50.193<0>
MOC-R4PCC04U05:747235:747235 [2] NCCL INFO NCCL_SOCKET_IFNAME set to eno7np0
MOC-R4PCC04U05:747235:747235 [2] NCCL INFO NCCL version 2.26.2+cuda12.2
MOC-R4PCC04U05:747234:747234 [1] NCCL INFO NCCL_SOCKET_IFNAME set to eno7np0
MOC-R4PCC04U05:747234:747234 [1] NCCL INFO NCCL version 2.26.2+cuda12.2
MOC-R4PCC04U05:747236:747236 [3] NCCL INFO NCCL_SOCKET_IFNAME set to eno7np0
MOC-R4PCC04U05:747236:747236 [3] NCCL INFO NCCL version 2.26.2+cuda12.2
MOC-R4PCC04U05:747235:747362 [2] NCCL INFO NET/Plugin: Could not find: libnccl-net.so. Using internal net plugin.
MOC-R4PCC04U05:747235:747362 [2] NCCL INFO NCCL_IB_HCA set to mlx5_5
MOC-R4PCC04U05:747234:747363 [1] NCCL INFO NET/Plugin: Could not find: libnccl-net.so. Using internal net plugin.
MOC-R4PCC04U05:747234:747363 [1] NCCL INFO NCCL_IB_HCA set to mlx5_5
MOC-R4PCC04U05:747236:747364 [3] NCCL INFO NET/Plugin: Could not find: libnccl-net.so. Using internal net plugin.
MOC-R4PCC04U05:747236:747364 [3] NCCL INFO NCCL_IB_HCA set to mlx5_5
MOC-R4PCC04U05:747235:747362 [2] NCCL INFO NET/IB : Made virtual device [0] name=mlx5_5 speed=400000 ndevs=1
MOC-R4PCC04U05:747235:747362 [2] NCCL INFO NET/IB : Using [0]mlx5_5:1/RoCE [RO]; OOB eno7np0:192.168.50.193<0>
MOC-R4PCC04U05:747234:747363 [1] NCCL INFO NET/IB : Made virtual device [0] name=mlx5_5 speed=400000 ndevs=1
MOC-R4PCC04U05:747236:747364 [3] NCCL INFO NET/IB : Made virtual device [0] name=mlx5_5 speed=400000 ndevs=1
MOC-R4PCC04U05:747234:747363 [1] NCCL INFO NET/IB : Using [0]mlx5_5:1/RoCE [RO]; OOB eno7np0:192.168.50.193<0>
MOC-R4PCC04U05:747236:747364 [3] NCCL INFO NET/IB : Using [0]mlx5_5:1/RoCE [RO]; OOB eno7np0:192.168.50.193<0>
MOC-R4PCC04U05:747236:747364 [3] NCCL INFO NET/IB : GPU Direct RDMA Enabled for HCA 0 'mlx5_5'
MOC-R4PCC04U05:747236:747364 [3] NCCL INFO NET/IB : Made virtual device [1] name=mlx5_5 speed=400000 ndevs=1
MOC-R4PCC04U05:747236:747364 [3] NCCL INFO NET/IB : GPU Direct RDMA Enabled for HCA 0 'mlx5_5'
MOC-R4PCC04U05:747236:747364 [3] NCCL INFO NET/IB : GPU Direct RDMA Enabled for HCA 1 'mlx5_5'
MOC-R4PCC04U05:747234:747363 [1] NCCL INFO NET/IB : GPU Direct RDMA Enabled for HCA 0 'mlx5_5'
MOC-R4PCC04U05:747234:747363 [1] NCCL INFO NET/IB : Made virtual device [1] name=mlx5_5 speed=400000 ndevs=1
MOC-R4PCC04U05:747234:747363 [1] NCCL INFO NET/IB : GPU Direct RDMA Enabled for HCA 0 'mlx5_5'
MOC-R4PCC04U05:747234:747363 [1] NCCL INFO NET/IB : GPU Direct RDMA Enabled for HCA 1 'mlx5_5'
MOC-R4PCC04U05:747235:747362 [2] NCCL INFO NET/IB : GPU Direct RDMA Enabled for HCA 0 'mlx5_5'
MOC-R4PCC04U05:747235:747362 [2] NCCL INFO NET/IB : Made virtual device [1] name=mlx5_5 speed=400000 ndevs=1
MOC-R4PCC04U05:747235:747362 [2] NCCL INFO NET/IB : GPU Direct RDMA Enabled for HCA 0 'mlx5_5'
MOC-R4PCC04U05:747235:747362 [2] NCCL INFO NET/IB : GPU Direct RDMA Enabled for HCA 1 'mlx5_5'
MOC-R4PCC04U05:747233:747339 [0] NCCL INFO NET/IB : GPU Direct RDMA Enabled for HCA 0 'mlx5_5'
MOC-R4PCC04U05:747233:747339 [0] NCCL INFO NET/IB : Made virtual device [1] name=mlx5_5 speed=400000 ndevs=1
MOC-R4PCC04U05:747233:747339 [0] NCCL INFO NET/IB : GPU Direct RDMA Enabled for HCA 0 'mlx5_5'
MOC-R4PCC04U05:747233:747339 [0] NCCL INFO NET/IB : GPU Direct RDMA Enabled for HCA 1 'mlx5_5'
MOC-R4PCC04U05:747233:747339 [0] NCCL INFO GPU Direct RDMA Enabled for GPU 0 / HCA 1 (distance 5 <= 5), read 0 mode Default
MOC-R4PCC04U05:747233:747339 [0] NCCL INFO GPU Direct RDMA Enabled for GPU 1 / HCA 1 (distance 5 <= 5), read 0 mode Default
MOC-R4PCC04U05:747233:747339 [0] NCCL INFO GPU Direct RDMA Enabled for GPU 2 / HCA 1 (distance 5 <= 5), read 0 mode Default
MOC-R4PCC04U05:747233:747339 [0] NCCL INFO GPU Direct RDMA Enabled for GPU 3 / HCA 1 (distance 5 <= 5), read 0 mode Default
MOC-R4PCC04U05:747233:747339 [0] NCCL INFO GPU Direct RDMA Enabled for GPU 0 / HCA 1 (distance 5 <= 5), read 0 mode Default
MOC-R4PCC04U05:747233:747339 [0] NCCL INFO GPU Direct RDMA Enabled for GPU 1 / HCA 1 (distance 5 <= 5), read 0 mode Default
MOC-R4PCC04U05:747233:747339 [0] NCCL INFO GPU Direct RDMA Enabled for GPU 2 / HCA 1 (distance 5 <= 5), read 0 mode Default
MOC-R4PCC04U05:747233:747339 [0] NCCL INFO GPU Direct RDMA Enabled for GPU 3 / HCA 1 (distance 5 <= 5), read 0 mode Default
MOC-R4PCC04U05:747234:747363 [1] NCCL INFO GPU Direct RDMA Enabled for GPU 0 / HCA 1 (distance 5 <= 5), read 0 mode Default
MOC-R4PCC04U05:747234:747363 [1] NCCL INFO GPU Direct RDMA Enabled for GPU 1 / HCA 1 (distance 5 <= 5), read 0 mode Default
MOC-R4PCC04U05:747234:747363 [1] NCCL INFO GPU Direct RDMA Enabled for GPU 2 / HCA 1 (distance 5 <= 5), read 0 mode Default
MOC-R4PCC04U05:747234:747363 [1] NCCL INFO GPU Direct RDMA Enabled for GPU 3 / HCA 1 (distance 5 <= 5), read 0 mode Default
MOC-R4PCC04U05:747234:747363 [1] NCCL INFO GPU Direct RDMA Enabled for GPU 0 / HCA 1 (distance 5 <= 5), read 0 mode Default
MOC-R4PCC04U05:747234:747363 [1] NCCL INFO GPU Direct RDMA Enabled for GPU 1 / HCA 1 (distance 5 <= 5), read 0 mode Default
MOC-R4PCC04U05:747234:747363 [1] NCCL INFO GPU Direct RDMA Enabled for GPU 2 / HCA 1 (distance 5 <= 5), read 0 mode Default
MOC-R4PCC04U05:747234:747363 [1] NCCL INFO GPU Direct RDMA Enabled for GPU 3 / HCA 1 (distance 5 <= 5), read 0 mode Default
MOC-R4PCC04U05:747235:747362 [2] NCCL INFO GPU Direct RDMA Enabled for GPU 0 / HCA 1 (distance 5 <= 5), read 0 mode Default
MOC-R4PCC04U05:747235:747362 [2] NCCL INFO GPU Direct RDMA Enabled for GPU 1 / HCA 1 (distance 5 <= 5), read 0 mode Default
MOC-R4PCC04U05:747235:747362 [2] NCCL INFO GPU Direct RDMA Enabled for GPU 2 / HCA 1 (distance 5 <= 5), read 0 mode Default
MOC-R4PCC04U05:747235:747362 [2] NCCL INFO GPU Direct RDMA Enabled for GPU 3 / HCA 1 (distance 5 <= 5), read 0 mode Default
MOC-R4PCC04U05:747235:747362 [2] NCCL INFO GPU Direct RDMA Enabled for GPU 0 / HCA 1 (distance 5 <= 5), read 0 mode Default
MOC-R4PCC04U05:747235:747362 [2] NCCL INFO GPU Direct RDMA Enabled for GPU 1 / HCA 1 (distance 5 <= 5), read 0 mode Default
MOC-R4PCC04U05:747235:747362 [2] NCCL INFO GPU Direct RDMA Enabled for GPU 2 / HCA 1 (distance 5 <= 5), read 0 mode Default
MOC-R4PCC04U05:747235:747362 [2] NCCL INFO GPU Direct RDMA Enabled for GPU 3 / HCA 1 (distance 5 <= 5), read 0 mode Default
MOC-R4PCC04U05:747236:747364 [3] NCCL INFO GPU Direct RDMA Enabled for GPU 0 / HCA 1 (distance 5 <= 5), read 0 mode Default
MOC-R4PCC04U05:747236:747364 [3] NCCL INFO GPU Direct RDMA Enabled for GPU 1 / HCA 1 (distance 5 <= 5), read 0 mode Default
MOC-R4PCC04U05:747236:747364 [3] NCCL INFO GPU Direct RDMA Enabled for GPU 2 / HCA 1 (distance 5 <= 5), read 0 mode Default
MOC-R4PCC04U05:747236:747364 [3] NCCL INFO GPU Direct RDMA Enabled for GPU 3 / HCA 1 (distance 5 <= 5), read 0 mode Default
MOC-R4PCC04U05:747236:747364 [3] NCCL INFO GPU Direct RDMA Enabled for GPU 0 / HCA 1 (distance 5 <= 5), read 0 mode Default
MOC-R4PCC04U05:747236:747364 [3] NCCL INFO GPU Direct RDMA Enabled for GPU 1 / HCA 1 (distance 5 <= 5), read 0 mode Default
MOC-R4PCC04U05:747236:747364 [3] NCCL INFO GPU Direct RDMA Enabled for GPU 2 / HCA 1 (distance 5 <= 5), read 0 mode Default
MOC-R4PCC04U05:747236:747364 [3] NCCL INFO GPU Direct RDMA Enabled for GPU 3 / HCA 1 (distance 5 <= 5), read 0 mode Default
MOC-R4PCC04U05:747235:747384 [2] NCCL INFO GPU Direct RDMA Enabled for GPU 2 / HCA 1 (distance 5 <= 5), read 0 mode Default
MOC-R4PCC04U05:747233:747380 [0] NCCL INFO New proxy send connection 0 from local rank 0, transport 0
MOC-R4PCC04U05:747233:747385 [0] NCCL INFO Connected to proxy localRank 0 -> connection 0x7f38b8004f30
MOC-R4PCC04U05:747233:747380 [0] NCCL INFO New proxy send connection 1 from local rank 0, transport 0
MOC-R4PCC04U05:747233:747385 [0] NCCL INFO Connected to proxy localRank 0 -> connection 0x7f38b8004fa8
MOC-R4PCC04U05:747233:747380 [0] NCCL INFO New proxy send connection 2 from local rank 0, transport 0
MOC-R4PCC04U05:747233:747385 [0] NCCL INFO Connected to proxy localRank 0 -> connection 0x7f38b8005020
MOC-R4PCC04U05:747233:747380 [0] NCCL INFO New proxy send connection 3 from local rank 0, transport 0
MOC-R4PCC04U05:747233:747385 [0] NCCL INFO Connected to proxy localRank 0 -> connection 0x7f38b8005098
MOC-R4PCC04U05:747234:747377 [1] NCCL INFO New proxy recv connection 0 from local rank 1, transport 0
MOC-R4PCC04U05:747234:747386 [1] NCCL INFO Connected to proxy localRank 1 -> connection 0x7fd8a8004f30
MOC-R4PCC04U05:747235:747376 [2] NCCL INFO New proxy recv connection 0 from local rank 2, transport 2
MOC-R4PCC04U05:747235:747384 [2] NCCL INFO Connected to proxy localRank 2 -> connection 0x7f3664004f30
MOC-R4PCC04U05:747235:747384 [2] NCCL INFO Channel 00/0 : 15[3] -> 2[2] [receive] via NET/IB/1/GDRDMA
MOC-R4PCC04U05:747235:747384 [2] NCCL INFO GPU Direct RDMA Enabled for GPU 2 / HCA 1 (distance 5 <= 5), read 0 mode Default
MOC-R4PCC04U05:747235:747376 [2] NCCL INFO New proxy recv connection 1 from local rank 2, transport 2
MOC-R4PCC04U05:747235:747384 [2] NCCL INFO Connected to proxy localRank 2 -> connection 0x7f3664004fa8
MOC-R4PCC04U05:747235:747384 [2] NCCL INFO Channel 01/0 : 15[3] -> 2[2] [receive] via NET/IB/1/GDRDMA
MOC-R4PCC04U05:747235:747384 [2] NCCL INFO GPU Direct RDMA Enabled for GPU 2 / HCA 1 (distance 5 <= 5), read 0 mode Default
MOC-R4PCC04U05:747235:747376 [2] NCCL INFO New proxy recv connection 2 from local rank 2, transport 2
MOC-R4PCC04U05:747235:747384 [2] NCCL INFO Connected to proxy localRank 2 -> connection 0x7f3664005020
MOC-R4PCC04U05:747235:747384 [2] NCCL INFO Channel 02/0 : 15[3] -> 2[2] [receive] via NET/IB/1/GDRDMA
MOC-R4PCC04U05:747235:747384 [2] NCCL INFO GPU Direct RDMA Enabled for GPU 2 / HCA 1 (distance 5 <= 5), read 0 mode Default
MOC-R4PCC04U05:747235:747376 [2] NCCL INFO New proxy recv connection 3 from local rank 2, transport 2
MOC-R4PCC04U05:747235:747384 [2] NCCL INFO Connected to proxy localRank 2 -> connection 0x7f3664005098
MOC-R4PCC04U05:747235:747384 [2] NCCL INFO Channel 03/0 : 15[3] -> 2[2] [receive] via NET/IB/1/GDRDMA
MOC-R4PCC04U05:747234:747377 [1] NCCL INFO New proxy recv connection 1 from local rank 1, transport 0
MOC-R4PCC04U05:747234:747386 [1] NCCL INFO Connected to proxy localRank 1 -> connection 0x7fd8a8004fa8
MOC-R4PCC04U05:747236:747379 [3] NCCL INFO New proxy recv connection 0 from local rank 3, transport 0
MOC-R4PCC04U05:747236:747389 [3] NCCL INFO Connected to proxy localRank 3 -> connection 0x7f9d8c004f30
MOC-R4PCC04U05:747234:747377 [1] NCCL INFO New proxy recv connection 2 from local rank 1, transport 0
MOC-R4PCC04U05:747234:747386 [1] NCCL INFO Connected to proxy localRank 1 -> connection 0x7fd8a8005020
MOC-R4PCC04U05:747234:747377 [1] NCCL INFO New proxy recv connection 3 from local rank 1, transport 0
MOC-R4PCC04U05:747234:747386 [1] NCCL INFO Connected to proxy localRank 1 -> connection 0x7fd8a8005098
MOC-R4PCC04U05:747236:747379 [3] NCCL INFO New proxy recv connection 1 from local rank 3, transport 0
MOC-R4PCC04U05:747236:747389 [3] NCCL INFO Connected to proxy localRank 3 -> connection 0x7f9d8c004fa8
MOC-R4PCC04U05:747236:747379 [3] NCCL INFO New proxy recv connection 2 from local rank 3, transport 0
MOC-R4PCC04U05:747236:747389 [3] NCCL INFO Connected to proxy localRank 3 -> connection 0x7f9d8c005020
MOC-R4PCC04U05:747234:747377 [1] NCCL INFO New proxy send connection 4 from local rank 1, transport 0
MOC-R4PCC04U05:747234:747386 [1] NCCL INFO Connected to proxy localRank 1 -> connection 0x7fd8a8005110
MOC-R4PCC04U05:747236:747379 [3] NCCL INFO New proxy recv connection 3 from local rank 3, transport 0
MOC-R4PCC04U05:747236:747389 [3] NCCL INFO Connected to proxy localRank 3 -> connection 0x7f9d8c005098
MOC-R4PCC04U05:747234:747377 [1] NCCL INFO New proxy send connection 5 from local rank 1, transport 0
MOC-R4PCC04U05:747234:747386 [1] NCCL INFO Connected to proxy localRank 1 -> connection 0x7fd8a8005188
MOC-R4PCC04U05:747234:747377 [1] NCCL INFO New proxy send connection 6 from local rank 1, transport 0
MOC-R4PCC04U05:747234:747386 [1] NCCL INFO Connected to proxy localRank 1 -> connection 0x7fd8a8005200
MOC-R4PCC04U05:747236:747389 [3] NCCL INFO GPU Direct RDMA Enabled for GPU 3 / HCA 1 (distance 5 <= 5), read 1 mode Default
MOC-R4PCC04U05:747235:747376 [2] NCCL INFO New proxy send connection 4 from local rank 3, transport 2
MOC-R4PCC04U05:747236:747389 [3] NCCL INFO Connected to proxy localRank 2 -> connection 0x7f3664005110
MOC-R4PCC04U05:747236:747389 [3] NCCL INFO Channel 00/0 : 3[3] -> 6[2] [send] via NET/IB/1(2)/GDRDMA
MOC-R4PCC04U05:747236:747389 [3] NCCL INFO GPU Direct RDMA Enabled for GPU 3 / HCA 1 (distance 5 <= 5), read 1 mode Default
MOC-R4PCC04U05:747235:747376 [2] NCCL INFO New proxy send connection 5 from local rank 3, transport 2
MOC-R4PCC04U05:747236:747389 [3] NCCL INFO Connected to proxy localRank 2 -> connection 0x7f3664005188
MOC-R4PCC04U05:747236:747389 [3] NCCL INFO Channel 01/0 : 3[3] -> 6[2] [send] via NET/IB/1(2)/GDRDMA
MOC-R4PCC04U05:747236:747389 [3] NCCL INFO GPU Direct RDMA Enabled for GPU 3 / HCA 1 (distance 5 <= 5), read 1 mode Default
MOC-R4PCC04U05:747235:747376 [2] NCCL INFO New proxy send connection 6 from local rank 3, transport 2
MOC-R4PCC04U05:747236:747389 [3] NCCL INFO Connected to proxy localRank 2 -> connection 0x7f3664005200
MOC-R4PCC04U05:747236:747389 [3] NCCL INFO Channel 02/0 : 3[3] -> 6[2] [send] via NET/IB/1(2)/GDRDMA
MOC-R4PCC04U05:747236:747389 [3] NCCL INFO GPU Direct RDMA Enabled for GPU 3 / HCA 1 (distance 5 <= 5), read 1 mode Default
MOC-R4PCC04U05:747235:747376 [2] NCCL INFO New proxy send connection 7 from local rank 3, transport 2
MOC-R4PCC04U05:747236:747389 [3] NCCL INFO Connected to proxy localRank 2 -> connection 0x7f3664005278
MOC-R4PCC04U05:747236:747389 [3] NCCL INFO Channel 03/0 : 3[3] -> 6[2] [send] via NET/IB/1(2)/GDRDMA
MOC-R4PCC04U05:747233:747380 [0] NCCL INFO New proxy recv connection 4 from local rank 0, transport 0
MOC-R4PCC04U05:747233:747385 [0] NCCL INFO Connected to proxy localRank 0 -> connection 0x7f38b8005110
MOC-R4PCC04U05:747234:747377 [1] NCCL INFO New proxy send connection 7 from local rank 1, transport 0
MOC-R4PCC04U05:747234:747386 [1] NCCL INFO Connected to proxy localRank 1 -> connection 0x7fd8a8005278
MOC-R4PCC04U05:747233:747380 [0] NCCL INFO New proxy recv connection 5 from local rank 0, transport 0
MOC-R4PCC04U05:747233:747385 [0] NCCL INFO Connected to proxy localRank 0 -> connection 0x7f38b8005188
MOC-R4PCC04U05:747233:747380 [0] NCCL INFO New proxy recv connection 6 from local rank 0, transport 0
MOC-R4PCC04U05:747233:747385 [0] NCCL INFO Connected to proxy localRank 0 -> connection 0x7f38b8005200
MOC-R4PCC04U05:747233:747380 [0] NCCL INFO New proxy recv connection 7 from local rank 0, transport 0
MOC-R4PCC04U05:747233:747385 [0] NCCL INFO Connected to proxy localRank 0 -> connection 0x7f38b8005278
MOC-R4PCC04U05:747236:747379 [3] NCCL INFO New proxy send connection 4 from local rank 0, transport 0
MOC-R4PCC04U05:747233:747385 [0] NCCL INFO Connected to proxy localRank 3 -> connection 0x7f9d8c005110
MOC-R4PCC04U05:747235:747376 [2] NCCL INFO New proxy send connection 8 from local rank 2, transport 0
MOC-R4PCC04U05:747235:747384 [2] NCCL INFO Connected to proxy localRank 2 -> connection 0x7f36640052f0
MOC-R4PCC04U05:747234:747377 [1] NCCL INFO New proxy send connection 8 from local rank 0, transport 0
MOC-R4PCC04U05:747233:747385 [0] NCCL INFO Connected to proxy localRank 1 -> connection 0x7fd8a80052f0
MOC-R4PCC04U05:747235:747376 [2] NCCL INFO New proxy send connection 9 from local rank 2, transport 0
MOC-R4PCC04U05:747235:747384 [2] NCCL INFO Connected to proxy localRank 2 -> connection 0x7f3664005368
MOC-R4PCC04U05:747235:747376 [2] NCCL INFO New proxy send connection 10 from local rank 2, transport 0
MOC-R4PCC04U05:747235:747384 [2] NCCL INFO Connected to proxy localRank 2 -> connection 0x7f36640053e0
MOC-R4PCC04U05:747235:747376 [2] NCCL INFO New proxy send connection 11 from local rank 2, transport 0
MOC-R4PCC04U05:747235:747384 [2] NCCL INFO Connected to proxy localRank 2 -> connection 0x7f3664005458
MOC-R4PCC04U05:747233:747380 [0] NCCL INFO New proxy send connection 8 from local rank 1, transport 0
MOC-R4PCC04U05:747234:747386 [1] NCCL INFO Connected to proxy localRank 0 -> connection 0x7f38b80052f0
MOC-R4PCC04U05:747234:747377 [1] NCCL INFO New proxy send connection 9 from local rank 2, transport 0
MOC-R4PCC04U05:747235:747384 [2] NCCL INFO Connected to proxy localRank 1 -> connection 0x7fd8a8005368
MOC-R4PCC04U05:747233:747380 [0] NCCL INFO New proxy send connection 9 from local rank 3, transport 0
MOC-R4PCC04U05:747236:747389 [3] NCCL INFO Connected to proxy localRank 0 -> connection 0x7f38b8005368
MOC-R4PCC04U05:747235:747376 [2] NCCL INFO New proxy send connection 12 from local rank 1, transport 0
MOC-R4PCC04U05:747234:747386 [1] NCCL INFO Connected to proxy localRank 2 -> connection 0x7f36640054d0
MOC-R4PCC04U05:747235:747376 [2] NCCL INFO NET/IB: NCCL Dev 1 IbDev 0 Port 1 qpn 12344 mtu 3 query_ece={supported=1, vendor_id=0x15b3, options=0x30000002, comp_mask=0x0} GID 3 (0/C132A8C0FFFF0000) fifoRkey=0x17edac fifoLkey=0x17edac
MOC-R4PCC04U05:747235:747376 [2] NCCL INFO NET/IB: NCCL Dev 1 IbDev 0 Port 1 qpn 12345 mtu 3 query_ece={supported=1, vendor_id=0x15b3, options=0x30000002, comp_mask=0x0} GID 3 (0/C132A8C0FFFF0000) fifoRkey=0x17c584 fifoLkey=0x17c584
MOC-R4PCC04U05:747235:747376 [2] NCCL INFO NET/IB: NCCL Dev 1 IbDev 0 Port 1 qpn 12346 mtu 3 query_ece={supported=1, vendor_id=0x15b3, options=0x30000002, comp_mask=0x0} GID 3 (0/C132A8C0FFFF0000) fifoRkey=0x17da99 fifoLkey=0x17da99
MOC-R4PCC04U05:747235:747376 [2] NCCL INFO NET/IB: IbDev 0 Port 1 qpn 13012 set_ece={supported=1, vendor_id=0x15b3, options=0x0, comp_mask=0x0}
MOC-R4PCC04U05:747235:747376 [2] NCCL INFO NET/IB: IbDev 0 Port 1 qpn 13014 set_ece={supported=1, vendor_id=0x15b3, options=0x0, comp_mask=0x0}
MOC-R4PCC04U05:747235:747376 [2] NCCL INFO New proxy send connection 13 from local rank 3, transport 0
MOC-R4PCC04U05:747236:747389 [3] NCCL INFO Connected to proxy localRank 2 -> connection 0x7f3664005548
MOC-R4PCC04U05:747235:747376 [2] NCCL INFO NET/IB: NCCL Dev 1 IbDev 0 Port 1 qpn 12349 mtu 3 query_ece={supported=1, vendor_id=0x15b3, options=0x30000002, comp_mask=0x0} GID 3 (0/C132A8C0FFFF0000) fifoRkey=0x17601f fifoLkey=0x17601f
MOC-R4PCC04U05:747235:747376 [2] NCCL INFO NET/IB: IbDev 0 Port 1 qpn 13016 set_ece={supported=1, vendor_id=0x15b3, options=0x0, comp_mask=0x0}
MOC-R4PCC04U05:747235:747376 [2] NCCL INFO NET/IB: IbDev 0 Port 1 qpn 13018 set_ece={supported=1, vendor_id=0x15b3, options=0x0, comp_mask=0x0}
num decayed parameter tensors: 50, with 124,318,464 parameters
num non-decayed parameter tensors: 98, with 121,344 parameters
using fused AdamW: False
using regular AdamW
MOC-R4PCC04U05:747233:747380 [0] NCCL INFO New proxy send connection 10 from local rank 0, transport 0
MOC-R4PCC04U05:747233:748077 [0] NCCL INFO Connected to proxy localRank 0 -> connection 0x7f38b80053e0
MOC-R4PCC04U05:747233:747380 [0] NCCL INFO New proxy send connection 11 from local rank 0, transport 0
MOC-R4PCC04U05:747233:748077 [0] NCCL INFO Connected to proxy localRank 0 -> connection 0x7f38b8005458
MOC-R4PCC04U05:747233:747380 [0] NCCL INFO New proxy send connection 12 from local rank 0, transport 0
MOC-R4PCC04U05:747233:748077 [0] NCCL INFO Connected to proxy localRank 0 -> connection 0x7f38b80054d0
MOC-R4PCC04U05:747233:747380 [0] NCCL INFO New proxy send connection 13 from local rank 0, transport 0
MOC-R4PCC04U05:747233:748077 [0] NCCL INFO Connected to proxy localRank 0 -> connection 0x7f38b8005548
MOC-R4PCC04U05:747235:747376 [2] NCCL INFO New proxy send connection 14 from local rank 2, transport 0
MOC-R4PCC04U05:747235:748078 [2] NCCL INFO Connected to proxy localRank 2 -> connection 0x7f36640055c0
MOC-R4PCC04U05:747235:747376 [2] NCCL INFO New proxy send connection 15 from local rank 2, transport 0
MOC-R4PCC04U05:747235:748078 [2] NCCL INFO Connected to proxy localRank 2 -> connection 0x7f3664005638
MOC-R4PCC04U05:747235:747376 [2] NCCL INFO New proxy send connection 16 from local rank 2, transport 0
MOC-R4PCC04U05:747235:748078 [2] NCCL INFO Connected to proxy localRank 2 -> connection 0x7f36640056b0
MOC-R4PCC04U05:747235:747376 [2] NCCL INFO New proxy send connection 17 from local rank 2, transport 0
MOC-R4PCC04U05:747235:748078 [2] NCCL INFO Connected to proxy localRank 2 -> connection 0x7f3664005728
MOC-R4PCC04U05:747234:747377 [1] NCCL INFO New proxy recv connection 10 from local rank 1, transport 0
MOC-R4PCC04U05:747234:748079 [1] NCCL INFO Connected to proxy localRank 1 -> connection 0x7fd8a80053e0
MOC-R4PCC04U05:747234:747377 [1] NCCL INFO New proxy recv connection 11 from local rank 1, transport 0
MOC-R4PCC04U05:747234:748079 [1] NCCL INFO Connected to proxy localRank 1 -> connection 0x7fd8a8005458
MOC-R4PCC04U05:747234:747377 [1] NCCL INFO New proxy recv connection 12 from local rank 1, transport 0
MOC-R4PCC04U05:747234:748079 [1] NCCL INFO Connected to proxy localRank 1 -> connection 0x7fd8a80054d0
MOC-R4PCC04U05:747234:747377 [1] NCCL INFO New proxy recv connection 13 from local rank 1, transport 0
MOC-R4PCC04U05:747234:748079 [1] NCCL INFO Connected to proxy localRank 1 -> connection 0x7fd8a8005548
MOC-R4PCC04U05:747233:747380 [0] NCCL INFO New proxy recv connection 14 from local rank 0, transport 0
MOC-R4PCC04U05:747233:748077 [0] NCCL INFO Connected to proxy localRank 0 -> connection 0x7f38b80055c0
MOC-R4PCC04U05:747233:747380 [0] NCCL INFO New proxy recv connection 15 from local rank 0, transport 0
MOC-R4PCC04U05:747233:748077 [0] NCCL INFO Connected to proxy localRank 0 -> connection 0x7f38b8005638
MOC-R4PCC04U05:747233:747380 [0] NCCL INFO New proxy recv connection 16 from local rank 0, transport 0
MOC-R4PCC04U05:747233:748077 [0] NCCL INFO Connected to proxy localRank 0 -> connection 0x7f38b80056b0
MOC-R4PCC04U05:747233:747380 [0] NCCL INFO New proxy recv connection 17 from local rank 0, transport 0
MOC-R4PCC04U05:747233:748077 [0] NCCL INFO Connected to proxy localRank 0 -> connection 0x7f38b8005728
MOC-R4PCC04U05:747236:747379 [3] NCCL INFO New proxy recv connection 5 from local rank 3, transport 0
MOC-R4PCC04U05:747236:748080 [3] NCCL INFO Connected to proxy localRank 3 -> connection 0x7f9d8c005188
MOC-R4PCC04U05:747236:747379 [3] NCCL INFO New proxy recv connection 6 from local rank 3, transport 0
MOC-R4PCC04U05:747236:748080 [3] NCCL INFO Connected to proxy localRank 3 -> connection 0x7f9d8c005200
MOC-R4PCC04U05:747236:747379 [3] NCCL INFO New proxy recv connection 7 from local rank 3, transport 0
MOC-R4PCC04U05:747236:748080 [3] NCCL INFO Connected to proxy localRank 3 -> connection 0x7f9d8c005278
MOC-R4PCC04U05:747236:747379 [3] NCCL INFO New proxy recv connection 8 from local rank 3, transport 0
MOC-R4PCC04U05:747236:748080 [3] NCCL INFO Connected to proxy localRank 3 -> connection 0x7f9d8c0052f0
MOC-R4PCC04U05:747236:747379 [3] NCCL INFO New proxy send connection 9 from local rank 3, transport 0
MOC-R4PCC04U05:747235:748078 [2] NCCL INFO GPU Direct RDMA Enabled for GPU 2 / HCA 1 (distance 5 <= 5), read 1 mode Default
MOC-R4PCC04U05:747236:748080 [3] NCCL INFO Connected to proxy localRank 3 -> connection 0x7f9d8c005368
MOC-R4PCC04U05:747235:747376 [2] NCCL INFO New proxy send connection 18 from local rank 2, transport 2
MOC-R4PCC04U05:747235:748078 [2] NCCL INFO Connected to proxy localRank 2 -> connection 0x7f36640057a0
MOC-R4PCC04U05:747235:748078 [2] NCCL INFO Channel 02/0 : 2[2] -> 6[2] [send] via NET/IB/1/GDRDMA
MOC-R4PCC04U05:747235:748078 [2] NCCL INFO GPU Direct RDMA Enabled for GPU 2 / HCA 1 (distance 5 <= 5), read 1 mode Default
MOC-R4PCC04U05:747236:747379 [3] NCCL INFO New proxy send connection 10 from local rank 3, transport 0
MOC-R4PCC04U05:747235:747376 [2] NCCL INFO New proxy send connection 19 from local rank 2, transport 2
MOC-R4PCC04U05:747236:748080 [3] NCCL INFO Connected to proxy localRank 3 -> connection 0x7f9d8c0053e0
MOC-R4PCC04U05:747235:748078 [2] NCCL INFO Connected to proxy localRank 2 -> connection 0x7f3664005818
MOC-R4PCC04U05:747235:748078 [2] NCCL INFO Channel 03/0 : 2[2] -> 6[2] [send] via NET/IB/1/GDRDMA
MOC-R4PCC04U05:747236:747379 [3] NCCL INFO New proxy send connection 11 from local rank 3, transport 0
MOC-R4PCC04U05:747236:748080 [3] NCCL INFO Connected to proxy localRank 3 -> connection 0x7f9d8c005458
MOC-R4PCC04U05:747235:748078 [2] NCCL INFO GPU Direct RDMA Enabled for GPU 2 / HCA 1 (distance 5 <= 5), read 0 mode Default
MOC-R4PCC04U05:747236:747379 [3] NCCL INFO New proxy send connection 12 from local rank 3, transport 0
MOC-R4PCC04U05:747236:748080 [3] NCCL INFO Connected to proxy localRank 3 -> connection 0x7f9d8c0054d0
MOC-R4PCC04U05:747235:747376 [2] NCCL INFO New proxy recv connection 20 from local rank 2, transport 2
MOC-R4PCC04U05:747235:748078 [2] NCCL INFO Connected to proxy localRank 2 -> connection 0x7f3664005890
MOC-R4PCC04U05:747235:748078 [2] NCCL INFO Channel 00/0 : 10[2] -> 2[2] [receive] via NET/IB/1/GDRDMA
MOC-R4PCC04U05:747235:748078 [2] NCCL INFO GPU Direct RDMA Enabled for GPU 2 / HCA 1 (distance 5 <= 5), read 0 mode Default
MOC-R4PCC04U05:747235:747376 [2] NCCL INFO New proxy recv connection 21 from local rank 2, transport 2
MOC-R4PCC04U05:747235:748078 [2] NCCL INFO Connected to proxy localRank 2 -> connection 0x7f3664005908
MOC-R4PCC04U05:747235:748078 [2] NCCL INFO Channel 01/0 : 10[2] -> 2[2] [receive] via NET/IB/1/GDRDMA
MOC-R4PCC04U05:747235:748078 [2] NCCL INFO GPU Direct RDMA Enabled for GPU 2 / HCA 1 (distance 5 <= 5), read 1 mode Default
MOC-R4PCC04U05:747235:747376 [2] NCCL INFO New proxy send connection 22 from local rank 2, transport 2
MOC-R4PCC04U05:747235:748078 [2] NCCL INFO Connected to proxy localRank 2 -> connection 0x7f3664005980
MOC-R4PCC04U05:747236:747379 [3] NCCL INFO New proxy send connection 13 from local rank 3, transport 0
MOC-R4PCC04U05:747235:748078 [2] NCCL INFO Channel 00/0 : 2[2] -> 10[2] [send] via NET/IB/1/GDRDMA
MOC-R4PCC04U05:747235:748078 [2] NCCL INFO GPU Direct RDMA Enabled for GPU 2 / HCA 1 (distance 5 <= 5), read 1 mode Default
MOC-R4PCC04U05:747236:748080 [3] NCCL INFO Connected to proxy localRank 3 -> connection 0x7f9d8c005548
MOC-R4PCC04U05:747235:747376 [2] NCCL INFO New proxy send connection 23 from local rank 2, transport 2
MOC-R4PCC04U05:747235:748078 [2] NCCL INFO Connected to proxy localRank 2 -> connection 0x7f36640059f8
MOC-R4PCC04U05:747235:748078 [2] NCCL INFO Channel 01/0 : 2[2] -> 10[2] [send] via NET/IB/1/GDRDMA
MOC-R4PCC04U05:747236:747379 [3] NCCL INFO New proxy send connection 14 from local rank 3, transport 0
MOC-R4PCC04U05:747236:748080 [3] NCCL INFO Connected to proxy localRank 3 -> connection 0x7f9d8c0055c0
MOC-R4PCC04U05:747236:747379 [3] NCCL INFO New proxy send connection 15 from local rank 3, transport 0
MOC-R4PCC04U05:747236:748080 [3] NCCL INFO Connected to proxy localRank 3 -> connection 0x7f9d8c005638
MOC-R4PCC04U05:747236:747379 [3] NCCL INFO New proxy send connection 16 from local rank 3, transport 0
MOC-R4PCC04U05:747236:748080 [3] NCCL INFO Connected to proxy localRank 3 -> connection 0x7f9d8c0056b0
MOC-R4PCC04U05:747235:748078 [2] NCCL INFO GPU Direct RDMA Enabled for GPU 2 / HCA 1 (distance 5 <= 5), read 0 mode Default
MOC-R4PCC04U05:747235:747376 [2] NCCL INFO New proxy recv connection 24 from local rank 2, transport 2
MOC-R4PCC04U05:747235:748078 [2] NCCL INFO Connected to proxy localRank 2 -> connection 0x7f3664005a70
MOC-R4PCC04U05:747235:748078 [2] NCCL INFO Channel 02/0 : 6[2] -> 2[2] [receive] via NET/IB/1/GDRDMA
MOC-R4PCC04U05:747235:748078 [2] NCCL INFO GPU Direct RDMA Enabled for GPU 2 / HCA 1 (distance 5 <= 5), read 0 mode Default
MOC-R4PCC04U05:747235:747376 [2] NCCL INFO New proxy recv connection 25 from local rank 2, transport 2
MOC-R4PCC04U05:747235:748078 [2] NCCL INFO Connected to proxy localRank 2 -> connection 0x7f3664005ae8
MOC-R4PCC04U05:747235:748078 [2] NCCL INFO Channel 03/0 : 6[2] -> 2[2] [receive] via NET/IB/1/GDRDMA
MOC-R4PCC04U05:747235:747376 [2] NCCL INFO New proxy recv connection 26 from local rank 2, transport 0
MOC-R4PCC04U05:747235:748078 [2] NCCL INFO Connected to proxy localRank 2 -> connection 0x7f3664005b60
MOC-R4PCC04U05:747235:747376 [2] NCCL INFO New proxy recv connection 27 from local rank 2, transport 0
MOC-R4PCC04U05:747235:748078 [2] NCCL INFO Connected to proxy localRank 2 -> connection 0x7f3664005bd8
MOC-R4PCC04U05:747235:747376 [2] NCCL INFO New proxy recv connection 28 from local rank 2, transport 0
MOC-R4PCC04U05:747235:748078 [2] NCCL INFO Connected to proxy localRank 2 -> connection 0x7f3664005c50
MOC-R4PCC04U05:747235:747376 [2] NCCL INFO New proxy recv connection 29 from local rank 2, transport 0
MOC-R4PCC04U05:747235:748078 [2] NCCL INFO Connected to proxy localRank 2 -> connection 0x7f3664005cc8
MOC-R4PCC04U05:747236:747379 [3] NCCL INFO New proxy send connection 17 from local rank 2, transport 0
MOC-R4PCC04U05:747235:748078 [2] NCCL INFO Connected to proxy localRank 3 -> connection 0x7f9d8c005728
MOC-R4PCC04U05:747235:747376 [2] NCCL INFO NET/IB: NCCL Dev 1 IbDev 0 Port 1 qpn 12350 mtu 3 query_ece={supported=1, vendor_id=0x15b3, options=0x30000002, comp_mask=0x0} GID 3 (0/C132A8C0FFFF0000) fifoRkey=0x17d796 fifoLkey=0x17d796
MOC-R4PCC04U05:747235:747376 [2] NCCL INFO NET/IB: NCCL Dev 1 IbDev 0 Port 1 qpn 12351 mtu 3 query_ece={supported=1, vendor_id=0x15b3, options=0x30000002, comp_mask=0x0} GID 3 (0/C132A8C0FFFF0000) fifoRkey=0x17b372 fifoLkey=0x17b372
MOC-R4PCC04U05:747235:747376 [2] NCCL INFO NET/IB: NCCL Dev 1 IbDev 0 Port 1 qpn 12352 mtu 3 query_ece={supported=1, vendor_id=0x15b3, options=0x30000002, comp_mask=0x0} GID 3 (0/C132A8C0FFFF0000) fifoRkey=0x173af9 fifoLkey=0x173af9
MOC-R4PCC04U05:747235:747376 [2] NCCL INFO NET/IB: IbDev 0 Port 1 qpn 13025 set_ece={supported=1, vendor_id=0x15b3, options=0x0, comp_mask=0x0}
MOC-R4PCC04U05:747235:747376 [2] NCCL INFO NET/IB: IbDev 0 Port 1 qpn 13028 set_ece={supported=1, vendor_id=0x15b3, options=0x0, comp_mask=0x0}
MOC-R4PCC04U05:747235:747376 [2] NCCL INFO NET/IB: NCCL Dev 1 IbDev 0 Port 1 qpn 12355 mtu 3 query_ece={supported=1, vendor_id=0x15b3, options=0x30000002, comp_mask=0x0} GID 3 (0/C132A8C0FFFF0000) fifoRkey=0x177837 fifoLkey=0x177837
MOC-R4PCC04U05:747235:747376 [2] NCCL INFO NET/IB: IbDev 0 Port 1 qpn 10475 set_ece={supported=1, vendor_id=0x15b3, options=0x0, comp_mask=0x0}
MOC-R4PCC04U05:747235:747376 [2] NCCL INFO NET/IB: IbDev 0 Port 1 qpn 10478 set_ece={supported=1, vendor_id=0x15b3, options=0x0, comp_mask=0x0}
step    1/10 | train loss 11.009524 | norm 15.3465 | lr 1.00e-04 | (14177.36 ms | 184903 tok/s)
step    2/10 | train loss 10.140064 | norm 5.7338 | lr 1.00e-04 | (444.74 ms | 5894288 tok/s)
step    3/10 | train loss 9.800387 | norm 2.6009 | lr 1.00e-04 | (447.47 ms | 5858329 tok/s)
step    4/10 | train loss 9.631466 | norm 2.1085 | lr 1.00e-04 | (446.57 ms | 5870101 tok/s)
step    5/10 | train loss 9.548706 | norm 2.0999 | lr 1.00e-04 | (447.99 ms | 5851498 tok/s)
step    6/10 | train loss 9.467640 | norm 1.9930 | lr 1.00e-04 | (453.32 ms | 5782734 tok/s)
step    7/10 | train loss 9.382117 | norm 1.9433 | lr 1.00e-04 | (450.15 ms | 5823465 tok/s)
step    8/10 | train loss 9.290379 | norm 1.9093 | lr 1.00e-04 | (460.73 ms | 5689711 tok/s)
step    9/10 | train loss 9.195259 | norm 1.8505 | lr 1.00e-04 | (449.14 ms | 5836597 tok/s)
step   10/10 | train loss 9.111429 | norm 1.7945 | lr 1.00e-04 | (450.54 ms | 5818498 tok/s)
final 9 iters avg: 450.074ms
peak memory consumption: 16601 MiB
