Running pytorch 2.7.0+cu126
using device: cuda:0
total desired batch size: 3932160
=> calculated gradient accumulation steps: 10
using device: cuda:3
using device: cuda:2
using device: cuda:1
compiling the model...
DataLoader: total number of tokens: 1,661,249,667 across 103 files
MOC-R4PCC04U05:592376:592376 [0] NCCL INFO NCCL_SOCKET_IFNAME set to eno7np0
MOC-R4PCC04U05:592376:592376 [0] NCCL INFO NCCL version 2.26.2+cuda12.2
MOC-R4PCC04U05:592376:592480 [0] NCCL INFO NET/Plugin: Could not find: libnccl-net.so. Using internal net plugin.
MOC-R4PCC04U05:592376:592480 [0] NCCL INFO NCCL_IB_HCA set to mlx5_5
MOC-R4PCC04U05:592379:592379 [3] NCCL INFO NCCL_SOCKET_IFNAME set to eno7np0
MOC-R4PCC04U05:592379:592379 [3] NCCL INFO NCCL version 2.26.2+cuda12.2
MOC-R4PCC04U05:592376:592480 [0] NCCL INFO NET/IB : Made virtual device [0] name=mlx5_5 speed=400000 ndevs=1
MOC-R4PCC04U05:592376:592480 [0] NCCL INFO NET/IB : Using [0]mlx5_5:1/RoCE [RO]; OOB eno7np0:192.168.50.193<0>
MOC-R4PCC04U05:592378:592378 [2] NCCL INFO NCCL_SOCKET_IFNAME set to eno7np0
MOC-R4PCC04U05:592378:592378 [2] NCCL INFO NCCL version 2.26.2+cuda12.2
MOC-R4PCC04U05:592377:592377 [1] NCCL INFO NCCL_SOCKET_IFNAME set to eno7np0
MOC-R4PCC04U05:592377:592377 [1] NCCL INFO NCCL version 2.26.2+cuda12.2
MOC-R4PCC04U05:592379:592502 [3] NCCL INFO NET/Plugin: Could not find: libnccl-net.so. Using internal net plugin.
MOC-R4PCC04U05:592379:592502 [3] NCCL INFO NCCL_IB_HCA set to mlx5_5
MOC-R4PCC04U05:592379:592502 [3] NCCL INFO NET/IB : Made virtual device [0] name=mlx5_5 speed=400000 ndevs=1
MOC-R4PCC04U05:592379:592502 [3] NCCL INFO NET/IB : Using [0]mlx5_5:1/RoCE [RO]; OOB eno7np0:192.168.50.193<0>
MOC-R4PCC04U05:592378:592504 [2] NCCL INFO NET/Plugin: Could not find: libnccl-net.so. Using internal net plugin.
MOC-R4PCC04U05:592378:592504 [2] NCCL INFO NCCL_IB_HCA set to mlx5_5
MOC-R4PCC04U05:592378:592504 [2] NCCL INFO NET/IB : Made virtual device [0] name=mlx5_5 speed=400000 ndevs=1
MOC-R4PCC04U05:592378:592504 [2] NCCL INFO NET/IB : Using [0]mlx5_5:1/RoCE [RO]; OOB eno7np0:192.168.50.193<0>
MOC-R4PCC04U05:592377:592505 [1] NCCL INFO NET/Plugin: Could not find: libnccl-net.so. Using internal net plugin.
MOC-R4PCC04U05:592377:592505 [1] NCCL INFO NCCL_IB_HCA set to mlx5_5
MOC-R4PCC04U05:592377:592505 [1] NCCL INFO NET/IB : Made virtual device [0] name=mlx5_5 speed=400000 ndevs=1
MOC-R4PCC04U05:592377:592505 [1] NCCL INFO NET/IB : Using [0]mlx5_5:1/RoCE [RO]; OOB eno7np0:192.168.50.193<0>
MOC-R4PCC04U05:592377:592505 [1] NCCL INFO NET/IB : GPU Direct RDMA Enabled for HCA 0 'mlx5_5'
MOC-R4PCC04U05:592377:592505 [1] NCCL INFO NET/IB : Made virtual device [1] name=mlx5_5 speed=400000 ndevs=1
MOC-R4PCC04U05:592377:592505 [1] NCCL INFO NET/IB : GPU Direct RDMA Enabled for HCA 0 'mlx5_5'
MOC-R4PCC04U05:592377:592505 [1] NCCL INFO NET/IB : GPU Direct RDMA Enabled for HCA 1 'mlx5_5'
MOC-R4PCC04U05:592376:592480 [0] NCCL INFO NET/IB : GPU Direct RDMA Enabled for HCA 0 'mlx5_5'
MOC-R4PCC04U05:592376:592480 [0] NCCL INFO NET/IB : Made virtual device [1] name=mlx5_5 speed=400000 ndevs=1
MOC-R4PCC04U05:592376:592480 [0] NCCL INFO NET/IB : GPU Direct RDMA Enabled for HCA 0 'mlx5_5'
MOC-R4PCC04U05:592376:592480 [0] NCCL INFO NET/IB : GPU Direct RDMA Enabled for HCA 1 'mlx5_5'
MOC-R4PCC04U05:592379:592502 [3] NCCL INFO NET/IB : GPU Direct RDMA Enabled for HCA 0 'mlx5_5'
MOC-R4PCC04U05:592379:592502 [3] NCCL INFO NET/IB : Made virtual device [1] name=mlx5_5 speed=400000 ndevs=1
MOC-R4PCC04U05:592379:592502 [3] NCCL INFO NET/IB : GPU Direct RDMA Enabled for HCA 0 'mlx5_5'
MOC-R4PCC04U05:592379:592502 [3] NCCL INFO NET/IB : GPU Direct RDMA Enabled for HCA 1 'mlx5_5'
MOC-R4PCC04U05:592378:592504 [2] NCCL INFO NET/IB : GPU Direct RDMA Enabled for HCA 0 'mlx5_5'
MOC-R4PCC04U05:592378:592504 [2] NCCL INFO NET/IB : Made virtual device [1] name=mlx5_5 speed=400000 ndevs=1
MOC-R4PCC04U05:592378:592504 [2] NCCL INFO NET/IB : GPU Direct RDMA Enabled for HCA 0 'mlx5_5'
MOC-R4PCC04U05:592378:592504 [2] NCCL INFO NET/IB : GPU Direct RDMA Enabled for HCA 1 'mlx5_5'
MOC-R4PCC04U05:592376:592480 [0] NCCL INFO NCCL_NET_GDR_LEVEL set by environment to LOC
MOC-R4PCC04U05:592376:592480 [0] NCCL INFO GPU Direct RDMA Disabled for GPU 0 / HCA 1 (distance 5 > 0)
MOC-R4PCC04U05:592376:592480 [0] NCCL INFO GPU Direct RDMA Disabled for GPU 1 / HCA 1 (distance 5 > 0)
MOC-R4PCC04U05:592376:592480 [0] NCCL INFO GPU Direct RDMA Disabled for GPU 2 / HCA 1 (distance 5 > 0)
MOC-R4PCC04U05:592376:592480 [0] NCCL INFO GPU Direct RDMA Disabled for GPU 0 / HCA 1 (distance 5 > 0)
MOC-R4PCC04U05:592376:592480 [0] NCCL INFO GPU Direct RDMA Disabled for GPU 1 / HCA 1 (distance 5 > 0)
MOC-R4PCC04U05:592376:592480 [0] NCCL INFO GPU Direct RDMA Disabled for GPU 2 / HCA 1 (distance 5 > 0)
MOC-R4PCC04U05:592377:592505 [1] NCCL INFO NCCL_NET_GDR_LEVEL set by environment to LOC
MOC-R4PCC04U05:592377:592505 [1] NCCL INFO GPU Direct RDMA Disabled for GPU 0 / HCA 1 (distance 5 > 0)
MOC-R4PCC04U05:592377:592505 [1] NCCL INFO GPU Direct RDMA Disabled for GPU 1 / HCA 1 (distance 5 > 0)
MOC-R4PCC04U05:592377:592505 [1] NCCL INFO GPU Direct RDMA Disabled for GPU 2 / HCA 1 (distance 5 > 0)
MOC-R4PCC04U05:592377:592505 [1] NCCL INFO GPU Direct RDMA Disabled for GPU 0 / HCA 1 (distance 5 > 0)
MOC-R4PCC04U05:592377:592505 [1] NCCL INFO GPU Direct RDMA Disabled for GPU 1 / HCA 1 (distance 5 > 0)
MOC-R4PCC04U05:592377:592505 [1] NCCL INFO GPU Direct RDMA Disabled for GPU 2 / HCA 1 (distance 5 > 0)
MOC-R4PCC04U05:592378:592504 [2] NCCL INFO NCCL_NET_GDR_LEVEL set by environment to LOC
MOC-R4PCC04U05:592378:592504 [2] NCCL INFO GPU Direct RDMA Disabled for GPU 0 / HCA 1 (distance 5 > 0)
MOC-R4PCC04U05:592378:592504 [2] NCCL INFO GPU Direct RDMA Disabled for GPU 1 / HCA 1 (distance 5 > 0)
MOC-R4PCC04U05:592378:592504 [2] NCCL INFO GPU Direct RDMA Disabled for GPU 2 / HCA 1 (distance 5 > 0)
MOC-R4PCC04U05:592379:592502 [3] NCCL INFO NCCL_NET_GDR_LEVEL set by environment to LOC
MOC-R4PCC04U05:592378:592504 [2] NCCL INFO GPU Direct RDMA Disabled for GPU 0 / HCA 1 (distance 5 > 0)
MOC-R4PCC04U05:592379:592502 [3] NCCL INFO GPU Direct RDMA Disabled for GPU 0 / HCA 1 (distance 5 > 0)
MOC-R4PCC04U05:592378:592504 [2] NCCL INFO GPU Direct RDMA Disabled for GPU 1 / HCA 1 (distance 5 > 0)
MOC-R4PCC04U05:592379:592502 [3] NCCL INFO GPU Direct RDMA Disabled for GPU 1 / HCA 1 (distance 5 > 0)
MOC-R4PCC04U05:592378:592504 [2] NCCL INFO GPU Direct RDMA Disabled for GPU 2 / HCA 1 (distance 5 > 0)
MOC-R4PCC04U05:592379:592502 [3] NCCL INFO GPU Direct RDMA Disabled for GPU 2 / HCA 1 (distance 5 > 0)
MOC-R4PCC04U05:592379:592502 [3] NCCL INFO GPU Direct RDMA Disabled for GPU 0 / HCA 1 (distance 5 > 0)
MOC-R4PCC04U05:592379:592502 [3] NCCL INFO GPU Direct RDMA Disabled for GPU 1 / HCA 1 (distance 5 > 0)
MOC-R4PCC04U05:592379:592502 [3] NCCL INFO GPU Direct RDMA Disabled for GPU 2 / HCA 1 (distance 5 > 0)
MOC-R4PCC04U05:592378:592519 [2] NCCL INFO New proxy recv connection 0 from local rank 2, transport 0
MOC-R4PCC04U05:592378:592592 [2] NCCL INFO Connected to proxy localRank 2 -> connection 0x7ef980004f30
MOC-R4PCC04U05:592376:592523 [0] NCCL INFO New proxy send connection 0 from local rank 0, transport 0
MOC-R4PCC04U05:592376:592593 [0] NCCL INFO Connected to proxy localRank 0 -> connection 0x7fad9c004f30
MOC-R4PCC04U05:592376:592523 [0] NCCL INFO New proxy send connection 1 from local rank 0, transport 0
MOC-R4PCC04U05:592376:592593 [0] NCCL INFO Connected to proxy localRank 0 -> connection 0x7fad9c004fa8
MOC-R4PCC04U05:592378:592519 [2] NCCL INFO New proxy recv connection 1 from local rank 2, transport 0
MOC-R4PCC04U05:592378:592592 [2] NCCL INFO Connected to proxy localRank 2 -> connection 0x7ef980004fa8
MOC-R4PCC04U05:592376:592523 [0] NCCL INFO New proxy send connection 2 from local rank 0, transport 0
MOC-R4PCC04U05:592378:592592 [2] NCCL INFO GPU Direct RDMA Disabled for GPU 2 / HCA 1 (distance 7 > 0)
MOC-R4PCC04U05:592376:592593 [0] NCCL INFO Connected to proxy localRank 0 -> connection 0x7fad9c005020
MOC-R4PCC04U05:592379:592518 [3] NCCL INFO New proxy recv connection 0 from local rank 3, transport 0
MOC-R4PCC04U05:592379:592594 [3] NCCL INFO Connected to proxy localRank 3 -> connection 0x7fc070004f30
MOC-R4PCC04U05:592376:592523 [0] NCCL INFO New proxy send connection 3 from local rank 0, transport 0
MOC-R4PCC04U05:592376:592593 [0] NCCL INFO Connected to proxy localRank 0 -> connection 0x7fad9c005098
MOC-R4PCC04U05:592379:592518 [3] NCCL INFO New proxy recv connection 1 from local rank 3, transport 0
MOC-R4PCC04U05:592379:592594 [3] NCCL INFO Connected to proxy localRank 3 -> connection 0x7fc070004fa8
MOC-R4PCC04U05:592379:592594 [3] NCCL INFO GPU Direct RDMA Disabled for GPU 3 / HCA 1 (distance 7 > 0)
MOC-R4PCC04U05:592377:592517 [1] NCCL INFO New proxy recv connection 0 from local rank 1, transport 0
MOC-R4PCC04U05:592377:592595 [1] NCCL INFO Connected to proxy localRank 1 -> connection 0x7fd828004f30
MOC-R4PCC04U05:592377:592517 [1] NCCL INFO New proxy recv connection 1 from local rank 1, transport 0
MOC-R4PCC04U05:592377:592595 [1] NCCL INFO Connected to proxy localRank 1 -> connection 0x7fd828004fa8
MOC-R4PCC04U05:592378:592519 [2] NCCL INFO New proxy recv connection 2 from local rank 2, transport 2
MOC-R4PCC04U05:592378:592592 [2] NCCL INFO Connected to proxy localRank 2 -> connection 0x7ef980005020
MOC-R4PCC04U05:592378:592592 [2] NCCL INFO Channel 00/0 : 11[3] -> 2[2] [receive] via NET/IB/1
MOC-R4PCC04U05:592378:592592 [2] NCCL INFO GPU Direct RDMA Disabled for GPU 2 / HCA 1 (distance 7 > 0)
MOC-R4PCC04U05:592378:592519 [2] NCCL INFO New proxy recv connection 3 from local rank 2, transport 2
MOC-R4PCC04U05:592378:592592 [2] NCCL INFO Connected to proxy localRank 2 -> connection 0x7ef980005098
MOC-R4PCC04U05:592378:592592 [2] NCCL INFO Channel 02/0 : 11[3] -> 2[2] [receive] via NET/IB/1
MOC-R4PCC04U05:592379:592518 [3] NCCL INFO New proxy send connection 2 from local rank 3, transport 2
MOC-R4PCC04U05:592379:592594 [3] NCCL INFO Connected to proxy localRank 3 -> connection 0x7fc070005020
MOC-R4PCC04U05:592379:592594 [3] NCCL INFO Channel 00/0 : 3[3] -> 6[2] [send] via NET/IB/1
MOC-R4PCC04U05:592379:592594 [3] NCCL INFO GPU Direct RDMA Disabled for GPU 3 / HCA 1 (distance 7 > 0)
MOC-R4PCC04U05:592379:592518 [3] NCCL INFO New proxy send connection 3 from local rank 3, transport 2
MOC-R4PCC04U05:592379:592594 [3] NCCL INFO Connected to proxy localRank 3 -> connection 0x7fc070005098
MOC-R4PCC04U05:592379:592594 [3] NCCL INFO Channel 02/0 : 3[3] -> 6[2] [send] via NET/IB/1
MOC-R4PCC04U05:592376:592523 [0] NCCL INFO New proxy recv connection 4 from local rank 0, transport 0
MOC-R4PCC04U05:592376:592593 [0] NCCL INFO Connected to proxy localRank 0 -> connection 0x7fad9c005110
MOC-R4PCC04U05:592379:592594 [3] NCCL INFO GPU Direct RDMA Disabled for GPU 3 / HCA 1 (distance 7 > 0)
MOC-R4PCC04U05:592379:592518 [3] NCCL INFO New proxy recv connection 4 from local rank 3, transport 2
MOC-R4PCC04U05:592379:592594 [3] NCCL INFO Connected to proxy localRank 3 -> connection 0x7fc070005110
MOC-R4PCC04U05:592379:592594 [3] NCCL INFO Channel 01/0 : 10[2] -> 3[3] [receive] via NET/IB/1
MOC-R4PCC04U05:592379:592594 [3] NCCL INFO GPU Direct RDMA Disabled for GPU 3 / HCA 1 (distance 7 > 0)
MOC-R4PCC04U05:592379:592518 [3] NCCL INFO New proxy recv connection 5 from local rank 3, transport 2
MOC-R4PCC04U05:592379:592594 [3] NCCL INFO Connected to proxy localRank 3 -> connection 0x7fc070005188
MOC-R4PCC04U05:592379:592594 [3] NCCL INFO Channel 03/0 : 10[2] -> 3[3] [receive] via NET/IB/1
MOC-R4PCC04U05:592376:592523 [0] NCCL INFO New proxy recv connection 5 from local rank 0, transport 0
MOC-R4PCC04U05:592376:592593 [0] NCCL INFO Connected to proxy localRank 0 -> connection 0x7fad9c005188
MOC-R4PCC04U05:592376:592523 [0] NCCL INFO New proxy recv connection 6 from local rank 0, transport 0
MOC-R4PCC04U05:592376:592593 [0] NCCL INFO Connected to proxy localRank 0 -> connection 0x7fad9c005200
MOC-R4PCC04U05:592376:592523 [0] NCCL INFO New proxy recv connection 7 from local rank 0, transport 0
MOC-R4PCC04U05:592376:592593 [0] NCCL INFO Connected to proxy localRank 0 -> connection 0x7fad9c005278
MOC-R4PCC04U05:592379:592518 [3] NCCL INFO New proxy send connection 6 from local rank 3, transport 0
MOC-R4PCC04U05:592379:592594 [3] NCCL INFO Connected to proxy localRank 3 -> connection 0x7fc070005200
MOC-R4PCC04U05:592379:592518 [3] NCCL INFO New proxy send connection 7 from local rank 3, transport 0
MOC-R4PCC04U05:592379:592594 [3] NCCL INFO Connected to proxy localRank 3 -> connection 0x7fc070005278
MOC-R4PCC04U05:592377:592517 [1] NCCL INFO New proxy recv connection 2 from local rank 1, transport 0
MOC-R4PCC04U05:592377:592595 [1] NCCL INFO Connected to proxy localRank 1 -> connection 0x7fd828005020
MOC-R4PCC04U05:592376:592523 [0] NCCL INFO New proxy send connection 8 from local rank 3, transport 0
MOC-R4PCC04U05:592379:592594 [3] NCCL INFO Connected to proxy localRank 0 -> connection 0x7fad9c0052f0
MOC-R4PCC04U05:592377:592517 [1] NCCL INFO New proxy recv connection 3 from local rank 1, transport 0
MOC-R4PCC04U05:592377:592595 [1] NCCL INFO Connected to proxy localRank 1 -> connection 0x7fd828005098
MOC-R4PCC04U05:592377:592517 [1] NCCL INFO New proxy send connection 4 from local rank 1, transport 0
MOC-R4PCC04U05:592377:592595 [1] NCCL INFO Connected to proxy localRank 1 -> connection 0x7fd828005110
MOC-R4PCC04U05:592378:592592 [2] NCCL INFO GPU Direct RDMA Disabled for GPU 2 / HCA 1 (distance 7 > 0)
MOC-R4PCC04U05:592378:592519 [2] NCCL INFO New proxy send connection 4 from local rank 2, transport 2
MOC-R4PCC04U05:592378:592592 [2] NCCL INFO Connected to proxy localRank 2 -> connection 0x7ef980005110
MOC-R4PCC04U05:592378:592592 [2] NCCL INFO Channel 01/0 : 2[2] -> 7[3] [send] via NET/IB/1
MOC-R4PCC04U05:592378:592592 [2] NCCL INFO GPU Direct RDMA Disabled for GPU 2 / HCA 1 (distance 7 > 0)
MOC-R4PCC04U05:592378:592519 [2] NCCL INFO New proxy send connection 5 from local rank 2, transport 2
MOC-R4PCC04U05:592378:592592 [2] NCCL INFO Connected to proxy localRank 2 -> connection 0x7ef980005188
MOC-R4PCC04U05:592378:592592 [2] NCCL INFO Channel 03/0 : 2[2] -> 7[3] [send] via NET/IB/1
MOC-R4PCC04U05:592378:592519 [2] NCCL INFO New proxy send connection 6 from local rank 2, transport 0
MOC-R4PCC04U05:592378:592592 [2] NCCL INFO Connected to proxy localRank 2 -> connection 0x7ef980005200
MOC-R4PCC04U05:592378:592519 [2] NCCL INFO New proxy send connection 7 from local rank 2, transport 0
MOC-R4PCC04U05:592378:592592 [2] NCCL INFO Connected to proxy localRank 2 -> connection 0x7ef980005278
MOC-R4PCC04U05:592377:592517 [1] NCCL INFO New proxy send connection 5 from local rank 1, transport 0
MOC-R4PCC04U05:592377:592595 [1] NCCL INFO Connected to proxy localRank 1 -> connection 0x7fd828005188
MOC-R4PCC04U05:592377:592517 [1] NCCL INFO New proxy send connection 6 from local rank 1, transport 0
MOC-R4PCC04U05:592377:592595 [1] NCCL INFO Connected to proxy localRank 1 -> connection 0x7fd828005200
MOC-R4PCC04U05:592377:592517 [1] NCCL INFO New proxy send connection 7 from local rank 1, transport 0
MOC-R4PCC04U05:592377:592595 [1] NCCL INFO Connected to proxy localRank 1 -> connection 0x7fd828005278
MOC-R4PCC04U05:592377:592517 [1] NCCL INFO New proxy send connection 8 from local rank 3, transport 0
MOC-R4PCC04U05:592379:592594 [3] NCCL INFO Connected to proxy localRank 1 -> connection 0x7fd8280052f0
MOC-R4PCC04U05:592376:592523 [0] NCCL INFO New proxy send connection 9 from local rank 2, transport 0
MOC-R4PCC04U05:592378:592592 [2] NCCL INFO Connected to proxy localRank 0 -> connection 0x7fad9c005368
MOC-R4PCC04U05:592379:592518 [3] NCCL INFO New proxy send connection 8 from local rank 1, transport 0
MOC-R4PCC04U05:592378:592519 [2] NCCL INFO New proxy send connection 8 from local rank 0, transport 0
MOC-R4PCC04U05:592377:592595 [1] NCCL INFO Connected to proxy localRank 3 -> connection 0x7fc0700052f0
MOC-R4PCC04U05:592376:592593 [0] NCCL INFO Connected to proxy localRank 2 -> connection 0x7ef9800052f0
MOC-R4PCC04U05:592377:592517 [1] NCCL INFO New proxy send connection 9 from local rank 2, transport 0
MOC-R4PCC04U05:592378:592592 [2] NCCL INFO Connected to proxy localRank 1 -> connection 0x7fd828005368
MOC-R4PCC04U05:592378:592519 [2] NCCL INFO NET/IB: NCCL Dev 1 IbDev 0 Port 1 qpn 9542 mtu 3 query_ece={supported=1, vendor_id=0x15b3, options=0x30000002, comp_mask=0x0} GID 3 (0/C132A8C0FFFF0000) fifoRkey=0x17b372 fifoLkey=0x17b372
MOC-R4PCC04U05:592376:592523 [0] NCCL INFO New proxy send connection 10 from local rank 1, transport 0
MOC-R4PCC04U05:592377:592595 [1] NCCL INFO Connected to proxy localRank 0 -> connection 0x7fad9c0053e0
MOC-R4PCC04U05:592378:592519 [2] NCCL INFO NET/IB: NCCL Dev 1 IbDev 0 Port 1 qpn 9544 mtu 3 query_ece={supported=1, vendor_id=0x15b3, options=0x30000002, comp_mask=0x0} GID 3 (0/C132A8C0FFFF0000) fifoRkey=0x17d796 fifoLkey=0x17d796
MOC-R4PCC04U05:592379:592518 [3] NCCL INFO New proxy send connection 9 from local rank 0, transport 0
MOC-R4PCC04U05:592376:592593 [0] NCCL INFO Connected to proxy localRank 3 -> connection 0x7fc070005368
MOC-R4PCC04U05:592378:592519 [2] NCCL INFO NET/IB: IbDev 0 Port 1 qpn 9280 set_ece={supported=1, vendor_id=0x15b3, options=0x0, comp_mask=0x0}
MOC-R4PCC04U05:592378:592519 [2] NCCL INFO NET/IB: IbDev 0 Port 1 qpn 9282 set_ece={supported=1, vendor_id=0x15b3, options=0x0, comp_mask=0x0}
MOC-R4PCC04U05:592379:592518 [3] NCCL INFO NET/IB: NCCL Dev 1 IbDev 0 Port 1 qpn 9552 mtu 3 query_ece={supported=1, vendor_id=0x15b3, options=0x30000002, comp_mask=0x0} GID 3 (0/C132A8C0FFFF0000) fifoRkey=0x1716d5 fifoLkey=0x1716d5
MOC-R4PCC04U05:592379:592518 [3] NCCL INFO NET/IB: NCCL Dev 1 IbDev 0 Port 1 qpn 9553 mtu 3 query_ece={supported=1, vendor_id=0x15b3, options=0x30000002, comp_mask=0x0} GID 3 (0/C132A8C0FFFF0000) fifoRkey=0x174705 fifoLkey=0x174705
MOC-R4PCC04U05:592379:592518 [3] NCCL INFO NET/IB: IbDev 0 Port 1 qpn 9286 set_ece={supported=1, vendor_id=0x15b3, options=0x0, comp_mask=0x0}
MOC-R4PCC04U05:592379:592518 [3] NCCL INFO NET/IB: IbDev 0 Port 1 qpn 9288 set_ece={supported=1, vendor_id=0x15b3, options=0x0, comp_mask=0x0}
MOC-R4PCC04U05:592377:592517 [1] NCCL INFO New proxy send connection 10 from local rank 0, transport 0
MOC-R4PCC04U05:592376:592593 [0] NCCL INFO Connected to proxy localRank 1 -> connection 0x7fd8280053e0
MOC-R4PCC04U05:592378:592519 [2] NCCL INFO New proxy send connection 9 from local rank 1, transport 0
MOC-R4PCC04U05:592377:592595 [1] NCCL INFO Connected to proxy localRank 2 -> connection 0x7ef980005368
num decayed parameter tensors: 50, with 124,318,464 parameters
num non-decayed parameter tensors: 98, with 121,344 parameters
using fused AdamW: False
using regular AdamW
MOC-R4PCC04U05:592379:592518 [3] NCCL INFO New proxy recv connection 10 from local rank 3, transport 0
MOC-R4PCC04U05:592379:593220 [3] NCCL INFO Connected to proxy localRank 3 -> connection 0x7fc0700053e0
MOC-R4PCC04U05:592379:592518 [3] NCCL INFO New proxy recv connection 11 from local rank 3, transport 0
MOC-R4PCC04U05:592379:593220 [3] NCCL INFO Connected to proxy localRank 3 -> connection 0x7fc070005458
MOC-R4PCC04U05:592378:592519 [2] NCCL INFO New proxy recv connection 10 from local rank 2, transport 0
MOC-R4PCC04U05:592378:593221 [2] NCCL INFO Connected to proxy localRank 2 -> connection 0x7ef9800053e0
MOC-R4PCC04U05:592378:592519 [2] NCCL INFO New proxy recv connection 11 from local rank 2, transport 0
MOC-R4PCC04U05:592378:593221 [2] NCCL INFO Connected to proxy localRank 2 -> connection 0x7ef980005458
MOC-R4PCC04U05:592378:592519 [2] NCCL INFO New proxy recv connection 12 from local rank 2, transport 0
MOC-R4PCC04U05:592378:593221 [2] NCCL INFO Connected to proxy localRank 2 -> connection 0x7ef9800054d0
MOC-R4PCC04U05:592378:592519 [2] NCCL INFO New proxy recv connection 13 from local rank 2, transport 0
MOC-R4PCC04U05:592378:593221 [2] NCCL INFO Connected to proxy localRank 2 -> connection 0x7ef980005548
MOC-R4PCC04U05:592377:592517 [1] NCCL INFO New proxy recv connection 11 from local rank 1, transport 0
MOC-R4PCC04U05:592377:593222 [1] NCCL INFO Connected to proxy localRank 1 -> connection 0x7fd828005458
MOC-R4PCC04U05:592377:592517 [1] NCCL INFO New proxy recv connection 12 from local rank 1, transport 0
MOC-R4PCC04U05:592377:593222 [1] NCCL INFO Connected to proxy localRank 1 -> connection 0x7fd8280054d0
MOC-R4PCC04U05:592377:592517 [1] NCCL INFO New proxy recv connection 13 from local rank 1, transport 0
MOC-R4PCC04U05:592377:593222 [1] NCCL INFO Connected to proxy localRank 1 -> connection 0x7fd828005548
MOC-R4PCC04U05:592377:592517 [1] NCCL INFO New proxy recv connection 14 from local rank 1, transport 0
MOC-R4PCC04U05:592377:593222 [1] NCCL INFO Connected to proxy localRank 1 -> connection 0x7fd8280055c0
MOC-R4PCC04U05:592377:592517 [1] NCCL INFO New proxy send connection 15 from local rank 1, transport 0
MOC-R4PCC04U05:592377:593222 [1] NCCL INFO Connected to proxy localRank 1 -> connection 0x7fd828005638
MOC-R4PCC04U05:592377:592517 [1] NCCL INFO New proxy send connection 16 from local rank 1, transport 0
MOC-R4PCC04U05:592377:593222 [1] NCCL INFO Connected to proxy localRank 1 -> connection 0x7fd8280056b0
MOC-R4PCC04U05:592377:592517 [1] NCCL INFO New proxy send connection 17 from local rank 1, transport 0
MOC-R4PCC04U05:592377:593222 [1] NCCL INFO Connected to proxy localRank 1 -> connection 0x7fd828005728
MOC-R4PCC04U05:592377:592517 [1] NCCL INFO New proxy send connection 18 from local rank 1, transport 0
MOC-R4PCC04U05:592377:593222 [1] NCCL INFO Connected to proxy localRank 1 -> connection 0x7fd8280057a0
MOC-R4PCC04U05:592378:592519 [2] NCCL INFO New proxy send connection 14 from local rank 2, transport 0
MOC-R4PCC04U05:592378:593221 [2] NCCL INFO Connected to proxy localRank 2 -> connection 0x7ef9800055c0
MOC-R4PCC04U05:592378:592519 [2] NCCL INFO New proxy send connection 15 from local rank 2, transport 0
MOC-R4PCC04U05:592378:593221 [2] NCCL INFO Connected to proxy localRank 2 -> connection 0x7ef980005638
MOC-R4PCC04U05:592376:592523 [0] NCCL INFO New proxy send connection 11 from local rank 0, transport 0
MOC-R4PCC04U05:592376:593223 [0] NCCL INFO Connected to proxy localRank 0 -> connection 0x7fad9c005458
MOC-R4PCC04U05:592376:592523 [0] NCCL INFO New proxy send connection 12 from local rank 0, transport 0
MOC-R4PCC04U05:592376:593223 [0] NCCL INFO Connected to proxy localRank 0 -> connection 0x7fad9c0054d0
MOC-R4PCC04U05:592376:592523 [0] NCCL INFO New proxy send connection 13 from local rank 0, transport 0
MOC-R4PCC04U05:592376:593223 [0] NCCL INFO Connected to proxy localRank 0 -> connection 0x7fad9c005548
MOC-R4PCC04U05:592376:592523 [0] NCCL INFO New proxy send connection 14 from local rank 0, transport 0
MOC-R4PCC04U05:592376:593223 [0] NCCL INFO Connected to proxy localRank 0 -> connection 0x7fad9c0055c0
MOC-R4PCC04U05:592377:592517 [1] NCCL INFO New proxy recv connection 19 from local rank 1, transport 0
MOC-R4PCC04U05:592377:593222 [1] NCCL INFO Connected to proxy localRank 1 -> connection 0x7fd828005818
MOC-R4PCC04U05:592376:592523 [0] NCCL INFO New proxy send connection 15 from local rank 0, transport 0
MOC-R4PCC04U05:592376:593223 [0] NCCL INFO Connected to proxy localRank 0 -> connection 0x7fad9c005638
MOC-R4PCC04U05:592377:592517 [1] NCCL INFO New proxy recv connection 20 from local rank 1, transport 0
MOC-R4PCC04U05:592377:593222 [1] NCCL INFO Connected to proxy localRank 1 -> connection 0x7fd828005890
MOC-R4PCC04U05:592376:592523 [0] NCCL INFO New proxy send connection 16 from local rank 0, transport 0
MOC-R4PCC04U05:592376:593223 [0] NCCL INFO Connected to proxy localRank 0 -> connection 0x7fad9c0056b0
MOC-R4PCC04U05:592376:592523 [0] NCCL INFO New proxy recv connection 17 from local rank 0, transport 0
MOC-R4PCC04U05:592376:593223 [0] NCCL INFO Connected to proxy localRank 0 -> connection 0x7fad9c005728
MOC-R4PCC04U05:592379:593220 [3] NCCL INFO GPU Direct RDMA Disabled for GPU 3 / HCA 1 (distance 7 > 0)
MOC-R4PCC04U05:592379:592518 [3] NCCL INFO New proxy recv connection 12 from local rank 3, transport 2
MOC-R4PCC04U05:592379:593220 [3] NCCL INFO Connected to proxy localRank 3 -> connection 0x7fc0700054d0
MOC-R4PCC04U05:592376:592523 [0] NCCL INFO New proxy recv connection 18 from local rank 0, transport 0
MOC-R4PCC04U05:592376:593223 [0] NCCL INFO Connected to proxy localRank 0 -> connection 0x7fad9c0057a0
MOC-R4PCC04U05:592379:593220 [3] NCCL INFO Channel 00/0 : 11[3] -> 3[3] [receive] via NET/IB/1
MOC-R4PCC04U05:592379:593220 [3] NCCL INFO GPU Direct RDMA Disabled for GPU 3 / HCA 1 (distance 7 > 0)
MOC-R4PCC04U05:592379:592518 [3] NCCL INFO New proxy recv connection 13 from local rank 3, transport 2
MOC-R4PCC04U05:592379:593220 [3] NCCL INFO Connected to proxy localRank 3 -> connection 0x7fc070005548
MOC-R4PCC04U05:592379:593220 [3] NCCL INFO Channel 01/0 : 11[3] -> 3[3] [receive] via NET/IB/1
MOC-R4PCC04U05:592379:593220 [3] NCCL INFO GPU Direct RDMA Disabled for GPU 3 / HCA 1 (distance 7 > 0)
MOC-R4PCC04U05:592379:592518 [3] NCCL INFO New proxy recv connection 14 from local rank 3, transport 2
MOC-R4PCC04U05:592379:593220 [3] NCCL INFO Connected to proxy localRank 3 -> connection 0x7fc0700055c0
MOC-R4PCC04U05:592379:593220 [3] NCCL INFO Channel 02/0 : 11[3] -> 3[3] [receive] via NET/IB/1
MOC-R4PCC04U05:592379:593220 [3] NCCL INFO GPU Direct RDMA Disabled for GPU 3 / HCA 1 (distance 7 > 0)
MOC-R4PCC04U05:592379:592518 [3] NCCL INFO New proxy recv connection 15 from local rank 3, transport 2
MOC-R4PCC04U05:592379:593220 [3] NCCL INFO Connected to proxy localRank 3 -> connection 0x7fc070005638
MOC-R4PCC04U05:592379:593220 [3] NCCL INFO Channel 03/0 : 11[3] -> 3[3] [receive] via NET/IB/1
MOC-R4PCC04U05:592379:593220 [3] NCCL INFO GPU Direct RDMA Disabled for GPU 3 / HCA 1 (distance 7 > 0)
MOC-R4PCC04U05:592379:592518 [3] NCCL INFO New proxy send connection 16 from local rank 3, transport 2
MOC-R4PCC04U05:592379:593220 [3] NCCL INFO Connected to proxy localRank 3 -> connection 0x7fc0700056b0
MOC-R4PCC04U05:592379:593220 [3] NCCL INFO Channel 02/0 : 3[3] -> 7[3] [send] via NET/IB/1
MOC-R4PCC04U05:592379:593220 [3] NCCL INFO GPU Direct RDMA Disabled for GPU 3 / HCA 1 (distance 7 > 0)
MOC-R4PCC04U05:592379:592518 [3] NCCL INFO New proxy send connection 17 from local rank 3, transport 2
MOC-R4PCC04U05:592379:593220 [3] NCCL INFO Connected to proxy localRank 3 -> connection 0x7fc070005728
MOC-R4PCC04U05:592379:593220 [3] NCCL INFO Channel 03/0 : 3[3] -> 7[3] [send] via NET/IB/1
MOC-R4PCC04U05:592376:592523 [0] NCCL INFO New proxy recv connection 19 from local rank 0, transport 0
MOC-R4PCC04U05:592376:593223 [0] NCCL INFO Connected to proxy localRank 0 -> connection 0x7fad9c005818
MOC-R4PCC04U05:592376:592523 [0] NCCL INFO New proxy recv connection 20 from local rank 0, transport 0
MOC-R4PCC04U05:592376:593223 [0] NCCL INFO Connected to proxy localRank 0 -> connection 0x7fad9c005890
MOC-R4PCC04U05:592379:593220 [3] NCCL INFO GPU Direct RDMA Disabled for GPU 3 / HCA 1 (distance 7 > 0)
MOC-R4PCC04U05:592379:592518 [3] NCCL INFO New proxy recv connection 18 from local rank 3, transport 2
MOC-R4PCC04U05:592379:593220 [3] NCCL INFO Connected to proxy localRank 3 -> connection 0x7fc0700057a0
MOC-R4PCC04U05:592379:593220 [3] NCCL INFO Channel 02/0 : 7[3] -> 3[3] [receive] via NET/IB/1
MOC-R4PCC04U05:592379:593220 [3] NCCL INFO GPU Direct RDMA Disabled for GPU 3 / HCA 1 (distance 7 > 0)
MOC-R4PCC04U05:592379:592518 [3] NCCL INFO New proxy recv connection 19 from local rank 3, transport 2
MOC-R4PCC04U05:592379:593220 [3] NCCL INFO Connected to proxy localRank 3 -> connection 0x7fc070005818
MOC-R4PCC04U05:592379:593220 [3] NCCL INFO Channel 03/0 : 7[3] -> 3[3] [receive] via NET/IB/1
MOC-R4PCC04U05:592379:593220 [3] NCCL INFO GPU Direct RDMA Disabled for GPU 3 / HCA 1 (distance 7 > 0)
MOC-R4PCC04U05:592379:592518 [3] NCCL INFO New proxy send connection 20 from local rank 3, transport 2
MOC-R4PCC04U05:592379:593220 [3] NCCL INFO Connected to proxy localRank 3 -> connection 0x7fc070005890
MOC-R4PCC04U05:592379:593220 [3] NCCL INFO Channel 00/0 : 3[3] -> 11[3] [send] via NET/IB/1
MOC-R4PCC04U05:592379:593220 [3] NCCL INFO GPU Direct RDMA Disabled for GPU 3 / HCA 1 (distance 7 > 0)
MOC-R4PCC04U05:592379:592518 [3] NCCL INFO New proxy send connection 21 from local rank 3, transport 2
MOC-R4PCC04U05:592379:593220 [3] NCCL INFO Connected to proxy localRank 3 -> connection 0x7fc070005908
MOC-R4PCC04U05:592379:593220 [3] NCCL INFO Channel 01/0 : 3[3] -> 11[3] [send] via NET/IB/1
MOC-R4PCC04U05:592379:593220 [3] NCCL INFO GPU Direct RDMA Disabled for GPU 3 / HCA 1 (distance 7 > 0)
MOC-R4PCC04U05:592379:592518 [3] NCCL INFO New proxy send connection 22 from local rank 3, transport 2
MOC-R4PCC04U05:592379:593220 [3] NCCL INFO Connected to proxy localRank 3 -> connection 0x7fc070005980
MOC-R4PCC04U05:592379:593220 [3] NCCL INFO Channel 02/0 : 3[3] -> 11[3] [send] via NET/IB/1
MOC-R4PCC04U05:592379:593220 [3] NCCL INFO GPU Direct RDMA Disabled for GPU 3 / HCA 1 (distance 7 > 0)
MOC-R4PCC04U05:592379:592518 [3] NCCL INFO New proxy send connection 23 from local rank 3, transport 2
MOC-R4PCC04U05:592379:593220 [3] NCCL INFO Connected to proxy localRank 3 -> connection 0x7fc0700059f8
MOC-R4PCC04U05:592379:593220 [3] NCCL INFO Channel 03/0 : 3[3] -> 11[3] [send] via NET/IB/1
MOC-R4PCC04U05:592379:592518 [3] NCCL INFO New proxy send connection 24 from local rank 3, transport 0
MOC-R4PCC04U05:592379:593220 [3] NCCL INFO Connected to proxy localRank 3 -> connection 0x7fc070005a70
MOC-R4PCC04U05:592379:592518 [3] NCCL INFO New proxy send connection 25 from local rank 3, transport 0
MOC-R4PCC04U05:592379:593220 [3] NCCL INFO Connected to proxy localRank 3 -> connection 0x7fc070005ae8
MOC-R4PCC04U05:592379:592518 [3] NCCL INFO New proxy send connection 26 from local rank 3, transport 0
MOC-R4PCC04U05:592379:593220 [3] NCCL INFO Connected to proxy localRank 3 -> connection 0x7fc070005b60
MOC-R4PCC04U05:592379:592518 [3] NCCL INFO New proxy send connection 27 from local rank 3, transport 0
MOC-R4PCC04U05:592379:593220 [3] NCCL INFO Connected to proxy localRank 3 -> connection 0x7fc070005bd8
MOC-R4PCC04U05:592379:592518 [3] NCCL INFO NET/IB: NCCL Dev 1 IbDev 0 Port 1 qpn 9554 mtu 3 query_ece={supported=1, vendor_id=0x15b3, options=0x30000002, comp_mask=0x0} GID 3 (0/C132A8C0FFFF0000) fifoRkey=0x17a767 fifoLkey=0x17a767
MOC-R4PCC04U05:592379:592518 [3] NCCL INFO NET/IB: IbDev 0 Port 1 qpn 9292 set_ece={supported=1, vendor_id=0x15b3, options=0x0, comp_mask=0x0}
MOC-R4PCC04U05:592379:592518 [3] NCCL INFO NET/IB: NCCL Dev 1 IbDev 0 Port 1 qpn 9565 mtu 3 query_ece={supported=1, vendor_id=0x15b3, options=0x30000002, comp_mask=0x0} GID 3 (0/C132A8C0FFFF0000) fifoRkey=0x1801c0 fifoLkey=0x1801c0
MOC-R4PCC04U05:592379:592518 [3] NCCL INFO NET/IB: NCCL Dev 1 IbDev 0 Port 1 qpn 9566 mtu 3 query_ece={supported=1, vendor_id=0x15b3, options=0x30000002, comp_mask=0x0} GID 3 (0/C132A8C0FFFF0000) fifoRkey=0x17b979 fifoLkey=0x17b979
MOC-R4PCC04U05:592379:592518 [3] NCCL INFO NET/IB: IbDev 0 Port 1 qpn 9298 set_ece={supported=1, vendor_id=0x15b3, options=0x0, comp_mask=0x0}
MOC-R4PCC04U05:592379:592518 [3] NCCL INFO NET/IB: IbDev 0 Port 1 qpn 6611 set_ece={supported=1, vendor_id=0x15b3, options=0x0, comp_mask=0x0}
MOC-R4PCC04U05:592379:592518 [3] NCCL INFO NET/IB: NCCL Dev 1 IbDev 0 Port 1 qpn 9569 mtu 3 query_ece={supported=1, vendor_id=0x15b3, options=0x30000002, comp_mask=0x0} GID 3 (0/C132A8C0FFFF0000) fifoRkey=0x16d291 fifoLkey=0x16d291
MOC-R4PCC04U05:592379:592518 [3] NCCL INFO NET/IB: NCCL Dev 1 IbDev 0 Port 1 qpn 9570 mtu 3 query_ece={supported=1, vendor_id=0x15b3, options=0x30000002, comp_mask=0x0} GID 3 (0/C132A8C0FFFF0000) fifoRkey=0x17f9b8 fifoLkey=0x17f9b8
MOC-R4PCC04U05:592379:592518 [3] NCCL INFO NET/IB: NCCL Dev 1 IbDev 0 Port 1 qpn 9571 mtu 3 query_ece={supported=1, vendor_id=0x15b3, options=0x30000002, comp_mask=0x0} GID 3 (0/C132A8C0FFFF0000) fifoRkey=0x17f1b0 fifoLkey=0x17f1b0
MOC-R4PCC04U05:592379:592518 [3] NCCL INFO NET/IB: IbDev 0 Port 1 qpn 6614 set_ece={supported=1, vendor_id=0x15b3, options=0x0, comp_mask=0x0}
MOC-R4PCC04U05:592379:592518 [3] NCCL INFO NET/IB: IbDev 0 Port 1 qpn 6616 set_ece={supported=1, vendor_id=0x15b3, options=0x0, comp_mask=0x0}
MOC-R4PCC04U05:592379:592518 [3] NCCL INFO NET/IB: IbDev 0 Port 1 qpn 6618 set_ece={supported=1, vendor_id=0x15b3, options=0x0, comp_mask=0x0}
step    1/10 | train loss 11.010126 | norm 15.3256 | lr 1.00e-04 | (14614.23 ms | 269064 tok/s)
step    2/10 | train loss 10.140701 | norm 5.7407 | lr 1.00e-04 | (815.16 ms | 4823781 tok/s)
step    3/10 | train loss 9.801216 | norm 2.5999 | lr 1.00e-04 | (797.49 ms | 4930653 tok/s)
step    4/10 | train loss 9.632386 | norm 2.1070 | lr 1.00e-04 | (799.19 ms | 4920164 tok/s)
step    5/10 | train loss 9.549857 | norm 2.1011 | lr 1.00e-04 | (799.77 ms | 4916627 tok/s)
step    6/10 | train loss 9.469212 | norm 1.9918 | lr 1.00e-04 | (804.63 ms | 4886909 tok/s)
step    7/10 | train loss 9.384212 | norm 1.9429 | lr 1.00e-04 | (799.17 ms | 4920334 tok/s)
step    8/10 | train loss 9.293196 | norm 1.9109 | lr 1.00e-04 | (799.75 ms | 4916764 tok/s)
step    9/10 | train loss 9.198157 | norm 1.8587 | lr 1.00e-04 | (798.18 ms | 4926407 tok/s)
step   10/10 | train loss 9.112143 | norm 1.7911 | lr 1.00e-04 | (808.98 ms | 4860624 tok/s)
final 9 iters avg: 802.480ms
peak memory consumption: 16601 MiB
