Running pytorch 2.7.0+cu126
using device: cuda:0
total desired batch size: 4718592
=> calculated gradient accumulation steps: 9
using device: cuda:2
using device: cuda:1
using device: cuda:3
compiling the model...
DataLoader: total number of tokens: 1,661,249,667 across 103 files
MOC-R4PCC04U05:673625:673625 [0] NCCL INFO NCCL_SOCKET_IFNAME set to eno7np0
MOC-R4PCC04U05:673625:673625 [0] NCCL INFO NCCL version 2.26.2+cuda12.2
MOC-R4PCC04U05:673626:673626 [1] NCCL INFO NCCL_SOCKET_IFNAME set to eno7np0
MOC-R4PCC04U05:673626:673626 [1] NCCL INFO NCCL version 2.26.2+cuda12.2
MOC-R4PCC04U05:673627:673627 [2] NCCL INFO NCCL_SOCKET_IFNAME set to eno7np0
MOC-R4PCC04U05:673627:673627 [2] NCCL INFO NCCL version 2.26.2+cuda12.2
MOC-R4PCC04U05:673625:673729 [0] NCCL INFO NET/Plugin: Could not find: libnccl-net.so. Using internal net plugin.
MOC-R4PCC04U05:673625:673729 [0] NCCL INFO NET/Socket : Using [0]eno7np0:192.168.50.193<0>
MOC-R4PCC04U05:673628:673628 [3] NCCL INFO NCCL_SOCKET_IFNAME set to eno7np0
MOC-R4PCC04U05:673628:673628 [3] NCCL INFO NCCL version 2.26.2+cuda12.2
MOC-R4PCC04U05:673626:673751 [1] NCCL INFO NET/Plugin: Could not find: libnccl-net.so. Using internal net plugin.
MOC-R4PCC04U05:673627:673752 [2] NCCL INFO NET/Plugin: Could not find: libnccl-net.so. Using internal net plugin.
MOC-R4PCC04U05:673626:673751 [1] NCCL INFO NET/Socket : Using [0]eno7np0:192.168.50.193<0>
MOC-R4PCC04U05:673627:673752 [2] NCCL INFO NET/Socket : Using [0]eno7np0:192.168.50.193<0>
MOC-R4PCC04U05:673628:673753 [3] NCCL INFO NET/Plugin: Could not find: libnccl-net.so. Using internal net plugin.
MOC-R4PCC04U05:673628:673753 [3] NCCL INFO NET/Socket : Using [0]eno7np0:192.168.50.193<0>
MOC-R4PCC04U05:673628:673753 [3] NCCL INFO NET/Socket : GPU Direct RDMA Disabled for HCA 0 'eno7np0'
MOC-R4PCC04U05:673625:673729 [0] NCCL INFO NET/Socket : GPU Direct RDMA Disabled for HCA 0 'eno7np0'
MOC-R4PCC04U05:673627:673752 [2] NCCL INFO NET/Socket : GPU Direct RDMA Disabled for HCA 0 'eno7np0'
MOC-R4PCC04U05:673626:673751 [1] NCCL INFO NET/Socket : GPU Direct RDMA Disabled for HCA 0 'eno7np0'
MOC-R4PCC04U05:673626:673766 [1] NCCL INFO New proxy recv connection 0 from local rank 1, transport 0
MOC-R4PCC04U05:673626:673770 [1] NCCL INFO Connected to proxy localRank 1 -> connection 0x7f2858004f30
MOC-R4PCC04U05:673628:673762 [3] NCCL INFO New proxy recv connection 0 from local rank 3, transport 0
MOC-R4PCC04U05:673628:673771 [3] NCCL INFO Connected to proxy localRank 3 -> connection 0x7f0578004f30
MOC-R4PCC04U05:673626:673766 [1] NCCL INFO New proxy recv connection 1 from local rank 1, transport 0
MOC-R4PCC04U05:673626:673770 [1] NCCL INFO Connected to proxy localRank 1 -> connection 0x7f2858004fa8
MOC-R4PCC04U05:673625:673763 [0] NCCL INFO New proxy send connection 0 from local rank 0, transport 0
MOC-R4PCC04U05:673625:673772 [0] NCCL INFO Connected to proxy localRank 0 -> connection 0x7f9504004f30
MOC-R4PCC04U05:673628:673762 [3] NCCL INFO New proxy recv connection 1 from local rank 3, transport 0
MOC-R4PCC04U05:673628:673771 [3] NCCL INFO Connected to proxy localRank 3 -> connection 0x7f0578004fa8
MOC-R4PCC04U05:673625:673763 [0] NCCL INFO New proxy send connection 1 from local rank 0, transport 0
MOC-R4PCC04U05:673625:673772 [0] NCCL INFO Connected to proxy localRank 0 -> connection 0x7f9504004fa8
MOC-R4PCC04U05:673627:673764 [2] NCCL INFO New proxy recv connection 0 from local rank 2, transport 0
MOC-R4PCC04U05:673627:673773 [2] NCCL INFO Connected to proxy localRank 2 -> connection 0x7fe6c4004f30
MOC-R4PCC04U05:673627:673764 [2] NCCL INFO New proxy recv connection 1 from local rank 2, transport 0
MOC-R4PCC04U05:673627:673773 [2] NCCL INFO Connected to proxy localRank 2 -> connection 0x7fe6c4004fa8
MOC-R4PCC04U05:673625:673763 [0] NCCL INFO New proxy send connection 2 from local rank 0, transport 0
MOC-R4PCC04U05:673625:673772 [0] NCCL INFO Connected to proxy localRank 0 -> connection 0x7f9504005020
MOC-R4PCC04U05:673625:673763 [0] NCCL INFO New proxy send connection 3 from local rank 0, transport 0
MOC-R4PCC04U05:673625:673772 [0] NCCL INFO Connected to proxy localRank 0 -> connection 0x7f9504005098
MOC-R4PCC04U05:673628:673762 [3] NCCL INFO New proxy send connection 2 from local rank 3, transport 2
MOC-R4PCC04U05:673628:673771 [3] NCCL INFO Connected to proxy localRank 3 -> connection 0x7f0578005020
MOC-R4PCC04U05:673628:673771 [3] NCCL INFO Channel 00/0 : 3[3] -> 6[2] [send] via NET/Socket/0
MOC-R4PCC04U05:673628:673762 [3] NCCL INFO New proxy send connection 3 from local rank 3, transport 2
MOC-R4PCC04U05:673628:673771 [3] NCCL INFO Connected to proxy localRank 3 -> connection 0x7f0578005098
MOC-R4PCC04U05:673628:673771 [3] NCCL INFO Channel 02/0 : 3[3] -> 6[2] [send] via NET/Socket/0
MOC-R4PCC04U05:673625:673763 [0] NCCL INFO New proxy recv connection 4 from local rank 0, transport 0
MOC-R4PCC04U05:673625:673772 [0] NCCL INFO Connected to proxy localRank 0 -> connection 0x7f9504005110
MOC-R4PCC04U05:673628:673762 [3] NCCL INFO New proxy recv connection 4 from local rank 3, transport 2
MOC-R4PCC04U05:673628:673771 [3] NCCL INFO Connected to proxy localRank 3 -> connection 0x7f0578005110
MOC-R4PCC04U05:673628:673771 [3] NCCL INFO Channel 01/0 : 14[2] -> 3[3] [receive] via NET/Socket/0
MOC-R4PCC04U05:673628:673762 [3] NCCL INFO New proxy recv connection 5 from local rank 3, transport 2
MOC-R4PCC04U05:673628:673771 [3] NCCL INFO Connected to proxy localRank 3 -> connection 0x7f0578005188
MOC-R4PCC04U05:673628:673771 [3] NCCL INFO Channel 03/0 : 14[2] -> 3[3] [receive] via NET/Socket/0
MOC-R4PCC04U05:673625:673763 [0] NCCL INFO New proxy recv connection 5 from local rank 0, transport 0
MOC-R4PCC04U05:673625:673772 [0] NCCL INFO Connected to proxy localRank 0 -> connection 0x7f9504005188
MOC-R4PCC04U05:673625:673763 [0] NCCL INFO New proxy recv connection 6 from local rank 0, transport 0
MOC-R4PCC04U05:673625:673772 [0] NCCL INFO Connected to proxy localRank 0 -> connection 0x7f9504005200
MOC-R4PCC04U05:673625:673763 [0] NCCL INFO New proxy recv connection 7 from local rank 0, transport 0
MOC-R4PCC04U05:673625:673772 [0] NCCL INFO Connected to proxy localRank 0 -> connection 0x7f9504005278
MOC-R4PCC04U05:673627:673764 [2] NCCL INFO New proxy recv connection 2 from local rank 2, transport 2
MOC-R4PCC04U05:673627:673773 [2] NCCL INFO Connected to proxy localRank 2 -> connection 0x7fe6c4005020
MOC-R4PCC04U05:673627:673773 [2] NCCL INFO Channel 00/0 : 15[3] -> 2[2] [receive] via NET/Socket/0
MOC-R4PCC04U05:673627:673764 [2] NCCL INFO New proxy recv connection 3 from local rank 2, transport 2
MOC-R4PCC04U05:673627:673773 [2] NCCL INFO Connected to proxy localRank 2 -> connection 0x7fe6c4005098
MOC-R4PCC04U05:673627:673773 [2] NCCL INFO Channel 02/0 : 15[3] -> 2[2] [receive] via NET/Socket/0
MOC-R4PCC04U05:673628:673762 [3] NCCL INFO New proxy send connection 6 from local rank 3, transport 0
MOC-R4PCC04U05:673628:673771 [3] NCCL INFO Connected to proxy localRank 3 -> connection 0x7f0578005200
MOC-R4PCC04U05:673627:673764 [2] NCCL INFO New proxy send connection 4 from local rank 2, transport 2
MOC-R4PCC04U05:673627:673773 [2] NCCL INFO Connected to proxy localRank 2 -> connection 0x7fe6c4005110
MOC-R4PCC04U05:673627:673773 [2] NCCL INFO Channel 01/0 : 2[2] -> 7[3] [send] via NET/Socket/0
MOC-R4PCC04U05:673627:673764 [2] NCCL INFO New proxy send connection 5 from local rank 2, transport 2
MOC-R4PCC04U05:673627:673773 [2] NCCL INFO Connected to proxy localRank 2 -> connection 0x7fe6c4005188
MOC-R4PCC04U05:673627:673773 [2] NCCL INFO Channel 03/0 : 2[2] -> 7[3] [send] via NET/Socket/0
MOC-R4PCC04U05:673627:673764 [2] NCCL INFO New proxy send connection 6 from local rank 2, transport 0
MOC-R4PCC04U05:673627:673773 [2] NCCL INFO Connected to proxy localRank 2 -> connection 0x7fe6c4005200
MOC-R4PCC04U05:673628:673762 [3] NCCL INFO New proxy send connection 7 from local rank 3, transport 0
MOC-R4PCC04U05:673628:673771 [3] NCCL INFO Connected to proxy localRank 3 -> connection 0x7f0578005278
MOC-R4PCC04U05:673627:673764 [2] NCCL INFO New proxy send connection 7 from local rank 2, transport 0
MOC-R4PCC04U05:673627:673773 [2] NCCL INFO Connected to proxy localRank 2 -> connection 0x7fe6c4005278
MOC-R4PCC04U05:673626:673766 [1] NCCL INFO New proxy recv connection 2 from local rank 1, transport 0
MOC-R4PCC04U05:673625:673763 [0] NCCL INFO New proxy send connection 8 from local rank 3, transport 0
MOC-R4PCC04U05:673626:673770 [1] NCCL INFO Connected to proxy localRank 1 -> connection 0x7f2858005020
MOC-R4PCC04U05:673628:673771 [3] NCCL INFO Connected to proxy localRank 0 -> connection 0x7f95040052f0
MOC-R4PCC04U05:673626:673766 [1] NCCL INFO New proxy recv connection 3 from local rank 1, transport 0
MOC-R4PCC04U05:673626:673770 [1] NCCL INFO Connected to proxy localRank 1 -> connection 0x7f2858005098
MOC-R4PCC04U05:673626:673766 [1] NCCL INFO New proxy send connection 4 from local rank 1, transport 0
MOC-R4PCC04U05:673626:673770 [1] NCCL INFO Connected to proxy localRank 1 -> connection 0x7f2858005110
MOC-R4PCC04U05:673626:673766 [1] NCCL INFO New proxy send connection 5 from local rank 1, transport 0
MOC-R4PCC04U05:673626:673770 [1] NCCL INFO Connected to proxy localRank 1 -> connection 0x7f2858005188
MOC-R4PCC04U05:673626:673766 [1] NCCL INFO New proxy send connection 6 from local rank 1, transport 0
MOC-R4PCC04U05:673626:673770 [1] NCCL INFO Connected to proxy localRank 1 -> connection 0x7f2858005200
MOC-R4PCC04U05:673626:673766 [1] NCCL INFO New proxy send connection 7 from local rank 1, transport 0
MOC-R4PCC04U05:673626:673770 [1] NCCL INFO Connected to proxy localRank 1 -> connection 0x7f2858005278
MOC-R4PCC04U05:673626:673766 [1] NCCL INFO New proxy send connection 8 from local rank 3, transport 0
MOC-R4PCC04U05:673628:673771 [3] NCCL INFO Connected to proxy localRank 1 -> connection 0x7f28580052f0
MOC-R4PCC04U05:673625:673763 [0] NCCL INFO New proxy send connection 9 from local rank 2, transport 0
MOC-R4PCC04U05:673627:673773 [2] NCCL INFO Connected to proxy localRank 0 -> connection 0x7f9504005368
MOC-R4PCC04U05:673627:673764 [2] NCCL INFO New proxy send connection 8 from local rank 0, transport 0
MOC-R4PCC04U05:673625:673772 [0] NCCL INFO Connected to proxy localRank 2 -> connection 0x7fe6c40052f0
MOC-R4PCC04U05:673628:673762 [3] NCCL INFO New proxy send connection 8 from local rank 1, transport 0
MOC-R4PCC04U05:673626:673770 [1] NCCL INFO Connected to proxy localRank 3 -> connection 0x7f05780052f0
MOC-R4PCC04U05:673626:673766 [1] NCCL INFO New proxy send connection 9 from local rank 2, transport 0
MOC-R4PCC04U05:673627:673773 [2] NCCL INFO Connected to proxy localRank 1 -> connection 0x7f2858005368
MOC-R4PCC04U05:673628:673762 [3] NCCL INFO New proxy send connection 9 from local rank 0, transport 0
MOC-R4PCC04U05:673625:673772 [0] NCCL INFO Connected to proxy localRank 3 -> connection 0x7f0578005368
MOC-R4PCC04U05:673625:673763 [0] NCCL INFO New proxy send connection 10 from local rank 1, transport 0
MOC-R4PCC04U05:673626:673770 [1] NCCL INFO Connected to proxy localRank 0 -> connection 0x7f95040053e0
MOC-R4PCC04U05:673627:673764 [2] NCCL INFO New proxy send connection 9 from local rank 1, transport 0
MOC-R4PCC04U05:673626:673770 [1] NCCL INFO Connected to proxy localRank 2 -> connection 0x7fe6c4005368
MOC-R4PCC04U05:673626:673766 [1] NCCL INFO New proxy send connection 10 from local rank 0, transport 0
MOC-R4PCC04U05:673625:673772 [0] NCCL INFO Connected to proxy localRank 1 -> connection 0x7f28580053e0
num decayed parameter tensors: 50, with 124,318,464 parameters
num non-decayed parameter tensors: 98, with 121,344 parameters
using fused AdamW: False
using regular AdamW
MOC-R4PCC04U05:673625:673763 [0] NCCL INFO New proxy send connection 11 from local rank 0, transport 0
MOC-R4PCC04U05:673625:674529 [0] NCCL INFO Connected to proxy localRank 0 -> connection 0x7f9504005458
MOC-R4PCC04U05:673625:673763 [0] NCCL INFO New proxy send connection 12 from local rank 0, transport 0
MOC-R4PCC04U05:673625:674529 [0] NCCL INFO Connected to proxy localRank 0 -> connection 0x7f95040054d0
MOC-R4PCC04U05:673625:673763 [0] NCCL INFO New proxy send connection 13 from local rank 0, transport 0
MOC-R4PCC04U05:673625:674529 [0] NCCL INFO Connected to proxy localRank 0 -> connection 0x7f9504005548
MOC-R4PCC04U05:673625:673763 [0] NCCL INFO New proxy send connection 14 from local rank 0, transport 0
MOC-R4PCC04U05:673625:674529 [0] NCCL INFO Connected to proxy localRank 0 -> connection 0x7f95040055c0
MOC-R4PCC04U05:673626:673766 [1] NCCL INFO New proxy recv connection 11 from local rank 1, transport 0
MOC-R4PCC04U05:673626:674530 [1] NCCL INFO Connected to proxy localRank 1 -> connection 0x7f2858005458
MOC-R4PCC04U05:673626:673766 [1] NCCL INFO New proxy recv connection 12 from local rank 1, transport 0
MOC-R4PCC04U05:673626:674530 [1] NCCL INFO Connected to proxy localRank 1 -> connection 0x7f28580054d0
MOC-R4PCC04U05:673626:673766 [1] NCCL INFO New proxy recv connection 13 from local rank 1, transport 0
MOC-R4PCC04U05:673626:674530 [1] NCCL INFO Connected to proxy localRank 1 -> connection 0x7f2858005548
MOC-R4PCC04U05:673626:673766 [1] NCCL INFO New proxy recv connection 14 from local rank 1, transport 0
MOC-R4PCC04U05:673626:674530 [1] NCCL INFO Connected to proxy localRank 1 -> connection 0x7f28580055c0
MOC-R4PCC04U05:673626:673766 [1] NCCL INFO New proxy send connection 15 from local rank 1, transport 0
MOC-R4PCC04U05:673626:674530 [1] NCCL INFO Connected to proxy localRank 1 -> connection 0x7f2858005638
MOC-R4PCC04U05:673626:673766 [1] NCCL INFO New proxy send connection 16 from local rank 1, transport 0
MOC-R4PCC04U05:673626:674530 [1] NCCL INFO Connected to proxy localRank 1 -> connection 0x7f28580056b0
MOC-R4PCC04U05:673626:673766 [1] NCCL INFO New proxy send connection 17 from local rank 1, transport 0
MOC-R4PCC04U05:673626:674530 [1] NCCL INFO Connected to proxy localRank 1 -> connection 0x7f2858005728
MOC-R4PCC04U05:673626:673766 [1] NCCL INFO New proxy send connection 18 from local rank 1, transport 0
MOC-R4PCC04U05:673626:674530 [1] NCCL INFO Connected to proxy localRank 1 -> connection 0x7f28580057a0
MOC-R4PCC04U05:673625:673763 [0] NCCL INFO New proxy send connection 15 from local rank 0, transport 0
MOC-R4PCC04U05:673625:674529 [0] NCCL INFO Connected to proxy localRank 0 -> connection 0x7f9504005638
MOC-R4PCC04U05:673625:673763 [0] NCCL INFO New proxy send connection 16 from local rank 0, transport 0
MOC-R4PCC04U05:673625:674529 [0] NCCL INFO Connected to proxy localRank 0 -> connection 0x7f95040056b0
MOC-R4PCC04U05:673628:673762 [3] NCCL INFO New proxy recv connection 10 from local rank 3, transport 0
MOC-R4PCC04U05:673628:674531 [3] NCCL INFO Connected to proxy localRank 3 -> connection 0x7f05780053e0
MOC-R4PCC04U05:673628:673762 [3] NCCL INFO New proxy recv connection 11 from local rank 3, transport 0
MOC-R4PCC04U05:673628:674531 [3] NCCL INFO Connected to proxy localRank 3 -> connection 0x7f0578005458
MOC-R4PCC04U05:673628:673762 [3] NCCL INFO New proxy send connection 12 from local rank 3, transport 2
MOC-R4PCC04U05:673628:674531 [3] NCCL INFO Connected to proxy localRank 3 -> connection 0x7f05780054d0
MOC-R4PCC04U05:673628:674531 [3] NCCL INFO Channel 02/0 : 3[3] -> 7[3] [send] via NET/Socket/0
MOC-R4PCC04U05:673625:673763 [0] NCCL INFO New proxy recv connection 17 from local rank 0, transport 0
MOC-R4PCC04U05:673628:673762 [3] NCCL INFO New proxy send connection 13 from local rank 3, transport 2
MOC-R4PCC04U05:673628:674531 [3] NCCL INFO Connected to proxy localRank 3 -> connection 0x7f0578005548
MOC-R4PCC04U05:673625:674529 [0] NCCL INFO Connected to proxy localRank 0 -> connection 0x7f9504005728
MOC-R4PCC04U05:673628:674531 [3] NCCL INFO Channel 03/0 : 3[3] -> 7[3] [send] via NET/Socket/0
MOC-R4PCC04U05:673625:673763 [0] NCCL INFO New proxy recv connection 18 from local rank 0, transport 0
MOC-R4PCC04U05:673625:674529 [0] NCCL INFO Connected to proxy localRank 0 -> connection 0x7f95040057a0
MOC-R4PCC04U05:673625:673763 [0] NCCL INFO New proxy recv connection 19 from local rank 0, transport 0
MOC-R4PCC04U05:673625:674529 [0] NCCL INFO Connected to proxy localRank 0 -> connection 0x7f9504005818
MOC-R4PCC04U05:673625:673763 [0] NCCL INFO New proxy recv connection 20 from local rank 0, transport 0
MOC-R4PCC04U05:673625:674529 [0] NCCL INFO Connected to proxy localRank 0 -> connection 0x7f9504005890
MOC-R4PCC04U05:673627:673764 [2] NCCL INFO New proxy recv connection 10 from local rank 2, transport 0
MOC-R4PCC04U05:673627:674532 [2] NCCL INFO Connected to proxy localRank 2 -> connection 0x7fe6c40053e0
MOC-R4PCC04U05:673627:673764 [2] NCCL INFO New proxy recv connection 11 from local rank 2, transport 0
MOC-R4PCC04U05:673627:674532 [2] NCCL INFO Connected to proxy localRank 2 -> connection 0x7fe6c4005458
MOC-R4PCC04U05:673627:673764 [2] NCCL INFO New proxy recv connection 12 from local rank 2, transport 0
MOC-R4PCC04U05:673627:674532 [2] NCCL INFO Connected to proxy localRank 2 -> connection 0x7fe6c40054d0
MOC-R4PCC04U05:673627:673764 [2] NCCL INFO New proxy recv connection 13 from local rank 2, transport 0
MOC-R4PCC04U05:673627:674532 [2] NCCL INFO Connected to proxy localRank 2 -> connection 0x7fe6c4005548
MOC-R4PCC04U05:673627:673764 [2] NCCL INFO New proxy send connection 14 from local rank 2, transport 0
MOC-R4PCC04U05:673627:674532 [2] NCCL INFO Connected to proxy localRank 2 -> connection 0x7fe6c40055c0
MOC-R4PCC04U05:673626:673766 [1] NCCL INFO New proxy recv connection 19 from local rank 1, transport 0
MOC-R4PCC04U05:673626:674530 [1] NCCL INFO Connected to proxy localRank 1 -> connection 0x7f2858005818
MOC-R4PCC04U05:673627:673764 [2] NCCL INFO New proxy send connection 15 from local rank 2, transport 0
MOC-R4PCC04U05:673627:674532 [2] NCCL INFO Connected to proxy localRank 2 -> connection 0x7fe6c4005638
MOC-R4PCC04U05:673626:673766 [1] NCCL INFO New proxy recv connection 20 from local rank 1, transport 0
MOC-R4PCC04U05:673626:674530 [1] NCCL INFO Connected to proxy localRank 1 -> connection 0x7f2858005890
MOC-R4PCC04U05:673628:673762 [3] NCCL INFO New proxy recv connection 14 from local rank 3, transport 2
MOC-R4PCC04U05:673628:674531 [3] NCCL INFO Connected to proxy localRank 3 -> connection 0x7f05780055c0
MOC-R4PCC04U05:673628:674531 [3] NCCL INFO Channel 00/0 : 11[3] -> 3[3] [receive] via NET/Socket/0
MOC-R4PCC04U05:673628:673762 [3] NCCL INFO New proxy recv connection 15 from local rank 3, transport 2
MOC-R4PCC04U05:673628:674531 [3] NCCL INFO Connected to proxy localRank 3 -> connection 0x7f0578005638
MOC-R4PCC04U05:673628:674531 [3] NCCL INFO Channel 01/0 : 11[3] -> 3[3] [receive] via NET/Socket/0
MOC-R4PCC04U05:673628:673762 [3] NCCL INFO New proxy send connection 16 from local rank 3, transport 2
MOC-R4PCC04U05:673628:674531 [3] NCCL INFO Connected to proxy localRank 3 -> connection 0x7f05780056b0
MOC-R4PCC04U05:673628:674531 [3] NCCL INFO Channel 00/0 : 3[3] -> 11[3] [send] via NET/Socket/0
MOC-R4PCC04U05:673628:673762 [3] NCCL INFO New proxy send connection 17 from local rank 3, transport 2
MOC-R4PCC04U05:673628:674531 [3] NCCL INFO Connected to proxy localRank 3 -> connection 0x7f0578005728
MOC-R4PCC04U05:673628:674531 [3] NCCL INFO Channel 01/0 : 3[3] -> 11[3] [send] via NET/Socket/0
MOC-R4PCC04U05:673628:673762 [3] NCCL INFO New proxy recv connection 18 from local rank 3, transport 2
MOC-R4PCC04U05:673628:674531 [3] NCCL INFO Connected to proxy localRank 3 -> connection 0x7f05780057a0
MOC-R4PCC04U05:673628:674531 [3] NCCL INFO Channel 02/0 : 7[3] -> 3[3] [receive] via NET/Socket/0
MOC-R4PCC04U05:673628:673762 [3] NCCL INFO New proxy recv connection 19 from local rank 3, transport 2
MOC-R4PCC04U05:673628:674531 [3] NCCL INFO Connected to proxy localRank 3 -> connection 0x7f0578005818
MOC-R4PCC04U05:673628:674531 [3] NCCL INFO Channel 03/0 : 7[3] -> 3[3] [receive] via NET/Socket/0
MOC-R4PCC04U05:673628:673762 [3] NCCL INFO New proxy send connection 20 from local rank 3, transport 0
MOC-R4PCC04U05:673628:674531 [3] NCCL INFO Connected to proxy localRank 3 -> connection 0x7f0578005890
MOC-R4PCC04U05:673628:673762 [3] NCCL INFO New proxy send connection 21 from local rank 3, transport 0
MOC-R4PCC04U05:673628:674531 [3] NCCL INFO Connected to proxy localRank 3 -> connection 0x7f0578005908
MOC-R4PCC04U05:673628:673762 [3] NCCL INFO New proxy send connection 22 from local rank 3, transport 0
MOC-R4PCC04U05:673628:674531 [3] NCCL INFO Connected to proxy localRank 3 -> connection 0x7f0578005980
MOC-R4PCC04U05:673628:673762 [3] NCCL INFO New proxy send connection 23 from local rank 3, transport 0
MOC-R4PCC04U05:673628:674531 [3] NCCL INFO Connected to proxy localRank 3 -> connection 0x7f05780059f8
step    1/10 | train loss 11.010197 | norm 15.3783 | lr 1.00e-04 | (14751.22 ms | 319878 tok/s)
step    2/10 | train loss 10.139422 | norm 5.7379 | lr 1.00e-04 | (807.03 ms | 5846863 tok/s)
step    3/10 | train loss 9.800091 | norm 2.5971 | lr 1.00e-04 | (796.44 ms | 5924573 tok/s)
step    4/10 | train loss 9.631591 | norm 2.1026 | lr 1.00e-04 | (803.28 ms | 5874132 tok/s)
step    5/10 | train loss 9.549200 | norm 2.0954 | lr 1.00e-04 | (797.65 ms | 5915654 tok/s)
step    6/10 | train loss 9.469116 | norm 1.9887 | lr 1.00e-04 | (797.79 ms | 5914586 tok/s)
step    7/10 | train loss 9.384793 | norm 1.9384 | lr 1.00e-04 | (1008.87 ms | 4677107 tok/s)
step    8/10 | train loss 9.294770 | norm 1.9078 | lr 1.00e-04 | (798.25 ms | 5911199 tok/s)
step    9/10 | train loss 9.200788 | norm 1.8597 | lr 1.00e-04 | (798.04 ms | 5912727 tok/s)
step   10/10 | train loss 9.113815 | norm 1.7827 | lr 1.00e-04 | (798.13 ms | 5912087 tok/s)
final 9 iters avg: 822.830ms
peak memory consumption: 16601 MiB
