Running pytorch 2.7.0+cu126
using device: cuda:0
total desired batch size: 1048576
=> calculated gradient accumulation steps: 4
using device: cuda:3
using device: cuda:1
using device: cuda:2
compiling the model...
DataLoader: total number of tokens: 1,661,249,667 across 103 files
MOC-R4PCC04U05:395219:395219 [0] NCCL INFO NCCL_SOCKET_IFNAME set to eno7np0
MOC-R4PCC04U05:395219:395219 [0] NCCL INFO NCCL version 2.26.2+cuda12.2
MOC-R4PCC04U05:395219:395260 [0] NCCL INFO NET/Plugin: Could not find: libnccl-net.so. Using internal net plugin.
MOC-R4PCC04U05:395219:395260 [0] NCCL INFO NET/Socket : Using [0]eno7np0:192.168.50.193<0>
MOC-R4PCC04U05:395222:395222 [3] NCCL INFO NCCL_SOCKET_IFNAME set to eno7np0
MOC-R4PCC04U05:395221:395221 [2] NCCL INFO NCCL_SOCKET_IFNAME set to eno7np0
MOC-R4PCC04U05:395222:395222 [3] NCCL INFO NCCL version 2.26.2+cuda12.2
MOC-R4PCC04U05:395221:395221 [2] NCCL INFO NCCL version 2.26.2+cuda12.2
MOC-R4PCC04U05:395220:395220 [1] NCCL INFO NCCL_SOCKET_IFNAME set to eno7np0
MOC-R4PCC04U05:395220:395220 [1] NCCL INFO NCCL version 2.26.2+cuda12.2
MOC-R4PCC04U05:395222:395262 [3] NCCL INFO NET/Plugin: Could not find: libnccl-net.so. Using internal net plugin.
MOC-R4PCC04U05:395221:395261 [2] NCCL INFO NET/Plugin: Could not find: libnccl-net.so. Using internal net plugin.
MOC-R4PCC04U05:395222:395262 [3] NCCL INFO NET/Socket : Using [0]eno7np0:192.168.50.193<0>
MOC-R4PCC04U05:395221:395261 [2] NCCL INFO NET/Socket : Using [0]eno7np0:192.168.50.193<0>
MOC-R4PCC04U05:395220:395263 [1] NCCL INFO NET/Plugin: Could not find: libnccl-net.so. Using internal net plugin.
MOC-R4PCC04U05:395220:395263 [1] NCCL INFO NET/Socket : Using [0]eno7np0:192.168.50.193<0>
MOC-R4PCC04U05:395222:395262 [3] NCCL INFO NET/Socket : GPU Direct RDMA Disabled for HCA 0 'eno7np0'
MOC-R4PCC04U05:395221:395261 [2] NCCL INFO NET/Socket : GPU Direct RDMA Disabled for HCA 0 'eno7np0'
MOC-R4PCC04U05:395219:395260 [0] NCCL INFO NET/Socket : GPU Direct RDMA Disabled for HCA 0 'eno7np0'
MOC-R4PCC04U05:395220:395263 [1] NCCL INFO NET/Socket : GPU Direct RDMA Disabled for HCA 0 'eno7np0'
MOC-R4PCC04U05:395221:395273 [2] NCCL INFO New proxy recv connection 0 from local rank 2, transport 0
MOC-R4PCC04U05:395221:395280 [2] NCCL INFO Connected to proxy localRank 2 -> connection 0x7ff838004f30
MOC-R4PCC04U05:395221:395273 [2] NCCL INFO New proxy recv connection 1 from local rank 2, transport 0
MOC-R4PCC04U05:395221:395280 [2] NCCL INFO Connected to proxy localRank 2 -> connection 0x7ff838004fa8
MOC-R4PCC04U05:395219:395276 [0] NCCL INFO New proxy send connection 0 from local rank 0, transport 0
MOC-R4PCC04U05:395219:395281 [0] NCCL INFO Connected to proxy localRank 0 -> connection 0x7f1ef4004f30
MOC-R4PCC04U05:395222:395272 [3] NCCL INFO New proxy recv connection 0 from local rank 3, transport 0
MOC-R4PCC04U05:395222:395282 [3] NCCL INFO Connected to proxy localRank 3 -> connection 0x7fd888004f30
MOC-R4PCC04U05:395220:395274 [1] NCCL INFO New proxy recv connection 0 from local rank 1, transport 0
MOC-R4PCC04U05:395220:395283 [1] NCCL INFO Connected to proxy localRank 1 -> connection 0x7f816c004f30
MOC-R4PCC04U05:395219:395276 [0] NCCL INFO New proxy send connection 1 from local rank 0, transport 0
MOC-R4PCC04U05:395219:395281 [0] NCCL INFO Connected to proxy localRank 0 -> connection 0x7f1ef4004fa8
MOC-R4PCC04U05:395222:395272 [3] NCCL INFO New proxy recv connection 1 from local rank 3, transport 0
MOC-R4PCC04U05:395222:395282 [3] NCCL INFO Connected to proxy localRank 3 -> connection 0x7fd888004fa8
MOC-R4PCC04U05:395220:395274 [1] NCCL INFO New proxy recv connection 1 from local rank 1, transport 0
MOC-R4PCC04U05:395220:395283 [1] NCCL INFO Connected to proxy localRank 1 -> connection 0x7f816c004fa8
MOC-R4PCC04U05:395219:395276 [0] NCCL INFO New proxy send connection 2 from local rank 0, transport 0
MOC-R4PCC04U05:395219:395281 [0] NCCL INFO Connected to proxy localRank 0 -> connection 0x7f1ef4005020
MOC-R4PCC04U05:395219:395276 [0] NCCL INFO New proxy send connection 3 from local rank 0, transport 0
MOC-R4PCC04U05:395219:395281 [0] NCCL INFO Connected to proxy localRank 0 -> connection 0x7f1ef4005098
MOC-R4PCC04U05:395221:395273 [2] NCCL INFO New proxy recv connection 2 from local rank 2, transport 2
MOC-R4PCC04U05:395221:395280 [2] NCCL INFO Connected to proxy localRank 2 -> connection 0x7ff838005020
MOC-R4PCC04U05:395221:395280 [2] NCCL INFO Channel 00/0 : 7[3] -> 2[2] [receive] via NET/Socket/0
MOC-R4PCC04U05:395221:395273 [2] NCCL INFO New proxy recv connection 3 from local rank 2, transport 2
MOC-R4PCC04U05:395221:395280 [2] NCCL INFO Connected to proxy localRank 2 -> connection 0x7ff838005098
MOC-R4PCC04U05:395221:395280 [2] NCCL INFO Channel 02/0 : 7[3] -> 2[2] [receive] via NET/Socket/0
MOC-R4PCC04U05:395222:395272 [3] NCCL INFO New proxy send connection 2 from local rank 3, transport 2
MOC-R4PCC04U05:395222:395282 [3] NCCL INFO Connected to proxy localRank 3 -> connection 0x7fd888005020
MOC-R4PCC04U05:395222:395282 [3] NCCL INFO Channel 00/0 : 3[3] -> 6[2] [send] via NET/Socket/0
MOC-R4PCC04U05:395222:395272 [3] NCCL INFO New proxy send connection 3 from local rank 3, transport 2
MOC-R4PCC04U05:395222:395282 [3] NCCL INFO Connected to proxy localRank 3 -> connection 0x7fd888005098
MOC-R4PCC04U05:395222:395282 [3] NCCL INFO Channel 02/0 : 3[3] -> 6[2] [send] via NET/Socket/0
MOC-R4PCC04U05:395219:395276 [0] NCCL INFO New proxy recv connection 4 from local rank 0, transport 0
MOC-R4PCC04U05:395219:395281 [0] NCCL INFO Connected to proxy localRank 0 -> connection 0x7f1ef4005110
MOC-R4PCC04U05:395221:395273 [2] NCCL INFO New proxy send connection 4 from local rank 2, transport 2
MOC-R4PCC04U05:395221:395280 [2] NCCL INFO Connected to proxy localRank 2 -> connection 0x7ff838005110
MOC-R4PCC04U05:395221:395280 [2] NCCL INFO Channel 01/0 : 2[2] -> 7[3] [send] via NET/Socket/0
MOC-R4PCC04U05:395221:395273 [2] NCCL INFO New proxy send connection 5 from local rank 2, transport 2
MOC-R4PCC04U05:395221:395280 [2] NCCL INFO Connected to proxy localRank 2 -> connection 0x7ff838005188
MOC-R4PCC04U05:395221:395280 [2] NCCL INFO Channel 03/0 : 2[2] -> 7[3] [send] via NET/Socket/0
MOC-R4PCC04U05:395221:395273 [2] NCCL INFO New proxy send connection 6 from local rank 2, transport 0
MOC-R4PCC04U05:395221:395280 [2] NCCL INFO Connected to proxy localRank 2 -> connection 0x7ff838005200
MOC-R4PCC04U05:395222:395272 [3] NCCL INFO New proxy recv connection 4 from local rank 3, transport 2
MOC-R4PCC04U05:395222:395282 [3] NCCL INFO Connected to proxy localRank 3 -> connection 0x7fd888005110
MOC-R4PCC04U05:395222:395282 [3] NCCL INFO Channel 01/0 : 6[2] -> 3[3] [receive] via NET/Socket/0
MOC-R4PCC04U05:395222:395272 [3] NCCL INFO New proxy recv connection 5 from local rank 3, transport 2
MOC-R4PCC04U05:395222:395282 [3] NCCL INFO Connected to proxy localRank 3 -> connection 0x7fd888005188
MOC-R4PCC04U05:395222:395282 [3] NCCL INFO Channel 03/0 : 6[2] -> 3[3] [receive] via NET/Socket/0
MOC-R4PCC04U05:395222:395272 [3] NCCL INFO New proxy send connection 6 from local rank 3, transport 0
MOC-R4PCC04U05:395222:395282 [3] NCCL INFO Connected to proxy localRank 3 -> connection 0x7fd888005200
MOC-R4PCC04U05:395221:395273 [2] NCCL INFO New proxy send connection 7 from local rank 2, transport 0
MOC-R4PCC04U05:395221:395280 [2] NCCL INFO Connected to proxy localRank 2 -> connection 0x7ff838005278
MOC-R4PCC04U05:395222:395272 [3] NCCL INFO New proxy send connection 7 from local rank 3, transport 0
MOC-R4PCC04U05:395222:395282 [3] NCCL INFO Connected to proxy localRank 3 -> connection 0x7fd888005278
MOC-R4PCC04U05:395219:395276 [0] NCCL INFO New proxy recv connection 5 from local rank 0, transport 0
MOC-R4PCC04U05:395219:395281 [0] NCCL INFO Connected to proxy localRank 0 -> connection 0x7f1ef4005188
MOC-R4PCC04U05:395220:395274 [1] NCCL INFO New proxy recv connection 2 from local rank 1, transport 0
MOC-R4PCC04U05:395220:395283 [1] NCCL INFO Connected to proxy localRank 1 -> connection 0x7f816c005020
MOC-R4PCC04U05:395219:395276 [0] NCCL INFO New proxy recv connection 6 from local rank 0, transport 0
MOC-R4PCC04U05:395219:395281 [0] NCCL INFO Connected to proxy localRank 0 -> connection 0x7f1ef4005200
MOC-R4PCC04U05:395219:395276 [0] NCCL INFO New proxy send connection 7 from local rank 3, transport 0
MOC-R4PCC04U05:395222:395282 [3] NCCL INFO Connected to proxy localRank 0 -> connection 0x7f1ef4005278
MOC-R4PCC04U05:395219:395276 [0] NCCL INFO New proxy recv connection 8 from local rank 0, transport 0
MOC-R4PCC04U05:395219:395281 [0] NCCL INFO Connected to proxy localRank 0 -> connection 0x7f1ef40052f0
MOC-R4PCC04U05:395220:395274 [1] NCCL INFO New proxy recv connection 3 from local rank 1, transport 0
MOC-R4PCC04U05:395220:395283 [1] NCCL INFO Connected to proxy localRank 1 -> connection 0x7f816c005098
MOC-R4PCC04U05:395220:395274 [1] NCCL INFO New proxy send connection 4 from local rank 1, transport 0
MOC-R4PCC04U05:395220:395283 [1] NCCL INFO Connected to proxy localRank 1 -> connection 0x7f816c005110
MOC-R4PCC04U05:395220:395274 [1] NCCL INFO New proxy send connection 5 from local rank 1, transport 0
MOC-R4PCC04U05:395220:395283 [1] NCCL INFO Connected to proxy localRank 1 -> connection 0x7f816c005188
MOC-R4PCC04U05:395220:395274 [1] NCCL INFO New proxy send connection 6 from local rank 1, transport 0
MOC-R4PCC04U05:395220:395283 [1] NCCL INFO Connected to proxy localRank 1 -> connection 0x7f816c005200
MOC-R4PCC04U05:395220:395274 [1] NCCL INFO New proxy send connection 7 from local rank 1, transport 0
MOC-R4PCC04U05:395220:395283 [1] NCCL INFO Connected to proxy localRank 1 -> connection 0x7f816c005278
MOC-R4PCC04U05:395219:395276 [0] NCCL INFO New proxy send connection 9 from local rank 2, transport 0
MOC-R4PCC04U05:395221:395280 [2] NCCL INFO Connected to proxy localRank 0 -> connection 0x7f1ef4005368
MOC-R4PCC04U05:395221:395273 [2] NCCL INFO New proxy send connection 8 from local rank 0, transport 0
MOC-R4PCC04U05:395219:395281 [0] NCCL INFO Connected to proxy localRank 2 -> connection 0x7ff8380052f0
MOC-R4PCC04U05:395222:395272 [3] NCCL INFO New proxy send connection 8 from local rank 1, transport 0
MOC-R4PCC04U05:395220:395283 [1] NCCL INFO Connected to proxy localRank 3 -> connection 0x7fd8880052f0
MOC-R4PCC04U05:395220:395274 [1] NCCL INFO New proxy send connection 8 from local rank 3, transport 0
MOC-R4PCC04U05:395222:395282 [3] NCCL INFO Connected to proxy localRank 1 -> connection 0x7f816c0052f0
MOC-R4PCC04U05:395220:395274 [1] NCCL INFO New proxy send connection 9 from local rank 2, transport 0
MOC-R4PCC04U05:395221:395280 [2] NCCL INFO Connected to proxy localRank 1 -> connection 0x7f816c005368
MOC-R4PCC04U05:395222:395272 [3] NCCL INFO New proxy send connection 9 from local rank 0, transport 0
MOC-R4PCC04U05:395219:395281 [0] NCCL INFO Connected to proxy localRank 3 -> connection 0x7fd888005368
MOC-R4PCC04U05:395219:395276 [0] NCCL INFO New proxy send connection 10 from local rank 1, transport 0
MOC-R4PCC04U05:395220:395283 [1] NCCL INFO Connected to proxy localRank 0 -> connection 0x7f1ef40053e0
MOC-R4PCC04U05:395221:395273 [2] NCCL INFO New proxy send connection 9 from local rank 1, transport 0
MOC-R4PCC04U05:395220:395283 [1] NCCL INFO Connected to proxy localRank 2 -> connection 0x7ff838005368
MOC-R4PCC04U05:395220:395274 [1] NCCL INFO New proxy send connection 10 from local rank 0, transport 0
MOC-R4PCC04U05:395219:395281 [0] NCCL INFO Connected to proxy localRank 1 -> connection 0x7f816c0053e0
num decayed parameter tensors: 50, with 124,318,464 parameters
num non-decayed parameter tensors: 98, with 121,344 parameters
using fused AdamW: False
using regular AdamW
MOC-R4PCC04U05:395222:395272 [3] NCCL INFO New proxy recv connection 10 from local rank 3, transport 0
MOC-R4PCC04U05:395222:396006 [3] NCCL INFO Connected to proxy localRank 3 -> connection 0x7fd8880053e0
MOC-R4PCC04U05:395222:395272 [3] NCCL INFO New proxy recv connection 11 from local rank 3, transport 0
MOC-R4PCC04U05:395222:396006 [3] NCCL INFO Connected to proxy localRank 3 -> connection 0x7fd888005458
MOC-R4PCC04U05:395219:395276 [0] NCCL INFO New proxy send connection 11 from local rank 0, transport 0
MOC-R4PCC04U05:395219:396007 [0] NCCL INFO Connected to proxy localRank 0 -> connection 0x7f1ef4005458
MOC-R4PCC04U05:395219:395276 [0] NCCL INFO New proxy send connection 12 from local rank 0, transport 0
MOC-R4PCC04U05:395219:396007 [0] NCCL INFO Connected to proxy localRank 0 -> connection 0x7f1ef40054d0
MOC-R4PCC04U05:395219:395276 [0] NCCL INFO New proxy send connection 13 from local rank 0, transport 0
MOC-R4PCC04U05:395219:396007 [0] NCCL INFO Connected to proxy localRank 0 -> connection 0x7f1ef4005548
MOC-R4PCC04U05:395219:395276 [0] NCCL INFO New proxy send connection 14 from local rank 0, transport 0
MOC-R4PCC04U05:395219:396007 [0] NCCL INFO Connected to proxy localRank 0 -> connection 0x7f1ef40055c0
MOC-R4PCC04U05:395221:395273 [2] NCCL INFO New proxy recv connection 10 from local rank 2, transport 0
MOC-R4PCC04U05:395221:396008 [2] NCCL INFO Connected to proxy localRank 2 -> connection 0x7ff8380053e0
MOC-R4PCC04U05:395221:395273 [2] NCCL INFO New proxy recv connection 11 from local rank 2, transport 0
MOC-R4PCC04U05:395221:396008 [2] NCCL INFO Connected to proxy localRank 2 -> connection 0x7ff838005458
MOC-R4PCC04U05:395221:395273 [2] NCCL INFO New proxy recv connection 12 from local rank 2, transport 0
MOC-R4PCC04U05:395221:396008 [2] NCCL INFO Connected to proxy localRank 2 -> connection 0x7ff8380054d0
MOC-R4PCC04U05:395221:395273 [2] NCCL INFO New proxy recv connection 13 from local rank 2, transport 0
MOC-R4PCC04U05:395221:396008 [2] NCCL INFO Connected to proxy localRank 2 -> connection 0x7ff838005548
MOC-R4PCC04U05:395220:395274 [1] NCCL INFO New proxy recv connection 11 from local rank 1, transport 0
MOC-R4PCC04U05:395220:396009 [1] NCCL INFO Connected to proxy localRank 1 -> connection 0x7f816c005458
MOC-R4PCC04U05:395220:395274 [1] NCCL INFO New proxy recv connection 12 from local rank 1, transport 0
MOC-R4PCC04U05:395220:396009 [1] NCCL INFO Connected to proxy localRank 1 -> connection 0x7f816c0054d0
MOC-R4PCC04U05:395220:395274 [1] NCCL INFO New proxy recv connection 13 from local rank 1, transport 0
MOC-R4PCC04U05:395220:396009 [1] NCCL INFO Connected to proxy localRank 1 -> connection 0x7f816c005548
MOC-R4PCC04U05:395220:395274 [1] NCCL INFO New proxy recv connection 14 from local rank 1, transport 0
MOC-R4PCC04U05:395220:396009 [1] NCCL INFO Connected to proxy localRank 1 -> connection 0x7f816c0055c0
MOC-R4PCC04U05:395220:395274 [1] NCCL INFO New proxy send connection 15 from local rank 1, transport 0
MOC-R4PCC04U05:395220:396009 [1] NCCL INFO Connected to proxy localRank 1 -> connection 0x7f816c005638
MOC-R4PCC04U05:395220:395274 [1] NCCL INFO New proxy send connection 16 from local rank 1, transport 0
MOC-R4PCC04U05:395220:396009 [1] NCCL INFO Connected to proxy localRank 1 -> connection 0x7f816c0056b0
MOC-R4PCC04U05:395220:395274 [1] NCCL INFO New proxy send connection 17 from local rank 1, transport 0
MOC-R4PCC04U05:395220:396009 [1] NCCL INFO Connected to proxy localRank 1 -> connection 0x7f816c005728
MOC-R4PCC04U05:395220:395274 [1] NCCL INFO New proxy send connection 18 from local rank 1, transport 0
MOC-R4PCC04U05:395220:396009 [1] NCCL INFO Connected to proxy localRank 1 -> connection 0x7f816c0057a0
MOC-R4PCC04U05:395220:395274 [1] NCCL INFO New proxy recv connection 19 from local rank 1, transport 0
MOC-R4PCC04U05:395220:396009 [1] NCCL INFO Connected to proxy localRank 1 -> connection 0x7f816c005818
MOC-R4PCC04U05:395219:395276 [0] NCCL INFO New proxy send connection 15 from local rank 0, transport 0
MOC-R4PCC04U05:395219:396007 [0] NCCL INFO Connected to proxy localRank 0 -> connection 0x7f1ef4005638
MOC-R4PCC04U05:395221:395273 [2] NCCL INFO New proxy send connection 14 from local rank 2, transport 0
MOC-R4PCC04U05:395221:396008 [2] NCCL INFO Connected to proxy localRank 2 -> connection 0x7ff8380055c0
MOC-R4PCC04U05:395220:395274 [1] NCCL INFO New proxy recv connection 20 from local rank 1, transport 0
MOC-R4PCC04U05:395220:396009 [1] NCCL INFO Connected to proxy localRank 1 -> connection 0x7f816c005890
MOC-R4PCC04U05:395219:395276 [0] NCCL INFO New proxy send connection 16 from local rank 0, transport 0
MOC-R4PCC04U05:395221:395273 [2] NCCL INFO New proxy send connection 15 from local rank 2, transport 0
MOC-R4PCC04U05:395219:396007 [0] NCCL INFO Connected to proxy localRank 0 -> connection 0x7f1ef40056b0
MOC-R4PCC04U05:395221:396008 [2] NCCL INFO Connected to proxy localRank 2 -> connection 0x7ff838005638
MOC-R4PCC04U05:395219:395276 [0] NCCL INFO New proxy recv connection 17 from local rank 0, transport 0
MOC-R4PCC04U05:395219:396007 [0] NCCL INFO Connected to proxy localRank 0 -> connection 0x7f1ef4005728
MOC-R4PCC04U05:395222:395272 [3] NCCL INFO New proxy recv connection 12 from local rank 3, transport 2
MOC-R4PCC04U05:395222:396006 [3] NCCL INFO Connected to proxy localRank 3 -> connection 0x7fd8880054d0
MOC-R4PCC04U05:395219:395276 [0] NCCL INFO New proxy recv connection 18 from local rank 0, transport 0
MOC-R4PCC04U05:395219:396007 [0] NCCL INFO Connected to proxy localRank 0 -> connection 0x7f1ef40057a0
MOC-R4PCC04U05:395222:396006 [3] NCCL INFO Channel 00/0 : 7[3] -> 3[3] [receive] via NET/Socket/0
MOC-R4PCC04U05:395222:395272 [3] NCCL INFO New proxy recv connection 13 from local rank 3, transport 2
MOC-R4PCC04U05:395222:396006 [3] NCCL INFO Connected to proxy localRank 3 -> connection 0x7fd888005548
MOC-R4PCC04U05:395222:396006 [3] NCCL INFO Channel 01/0 : 7[3] -> 3[3] [receive] via NET/Socket/0
MOC-R4PCC04U05:395222:395272 [3] NCCL INFO New proxy recv connection 14 from local rank 3, transport 2
MOC-R4PCC04U05:395222:396006 [3] NCCL INFO Connected to proxy localRank 3 -> connection 0x7fd8880055c0
MOC-R4PCC04U05:395222:396006 [3] NCCL INFO Channel 02/0 : 7[3] -> 3[3] [receive] via NET/Socket/0
MOC-R4PCC04U05:395222:395272 [3] NCCL INFO New proxy recv connection 15 from local rank 3, transport 2
MOC-R4PCC04U05:395222:396006 [3] NCCL INFO Connected to proxy localRank 3 -> connection 0x7fd888005638
MOC-R4PCC04U05:395219:395276 [0] NCCL INFO New proxy recv connection 19 from local rank 0, transport 0
MOC-R4PCC04U05:395219:396007 [0] NCCL INFO Connected to proxy localRank 0 -> connection 0x7f1ef4005818
MOC-R4PCC04U05:395222:396006 [3] NCCL INFO Channel 03/0 : 7[3] -> 3[3] [receive] via NET/Socket/0
MOC-R4PCC04U05:395222:395272 [3] NCCL INFO New proxy send connection 16 from local rank 3, transport 2
MOC-R4PCC04U05:395222:396006 [3] NCCL INFO Connected to proxy localRank 3 -> connection 0x7fd8880056b0
MOC-R4PCC04U05:395222:396006 [3] NCCL INFO Channel 00/0 : 3[3] -> 7[3] [send] via NET/Socket/0
MOC-R4PCC04U05:395222:395272 [3] NCCL INFO New proxy send connection 17 from local rank 3, transport 2
MOC-R4PCC04U05:395222:396006 [3] NCCL INFO Connected to proxy localRank 3 -> connection 0x7fd888005728
MOC-R4PCC04U05:395222:396006 [3] NCCL INFO Channel 01/0 : 3[3] -> 7[3] [send] via NET/Socket/0
MOC-R4PCC04U05:395222:395272 [3] NCCL INFO New proxy send connection 18 from local rank 3, transport 2
MOC-R4PCC04U05:395222:396006 [3] NCCL INFO Connected to proxy localRank 3 -> connection 0x7fd8880057a0
MOC-R4PCC04U05:395219:395276 [0] NCCL INFO New proxy recv connection 20 from local rank 0, transport 0
MOC-R4PCC04U05:395219:396007 [0] NCCL INFO Connected to proxy localRank 0 -> connection 0x7f1ef4005890
MOC-R4PCC04U05:395222:396006 [3] NCCL INFO Channel 02/0 : 3[3] -> 7[3] [send] via NET/Socket/0
MOC-R4PCC04U05:395222:395272 [3] NCCL INFO New proxy send connection 19 from local rank 3, transport 2
MOC-R4PCC04U05:395222:396006 [3] NCCL INFO Connected to proxy localRank 3 -> connection 0x7fd888005818
MOC-R4PCC04U05:395222:396006 [3] NCCL INFO Channel 03/0 : 3[3] -> 7[3] [send] via NET/Socket/0
MOC-R4PCC04U05:395222:395272 [3] NCCL INFO New proxy send connection 20 from local rank 3, transport 0
MOC-R4PCC04U05:395222:396006 [3] NCCL INFO Connected to proxy localRank 3 -> connection 0x7fd888005890
MOC-R4PCC04U05:395222:395272 [3] NCCL INFO New proxy send connection 21 from local rank 3, transport 0
MOC-R4PCC04U05:395222:396006 [3] NCCL INFO Connected to proxy localRank 3 -> connection 0x7fd888005908
MOC-R4PCC04U05:395222:395272 [3] NCCL INFO New proxy send connection 22 from local rank 3, transport 0
MOC-R4PCC04U05:395222:396006 [3] NCCL INFO Connected to proxy localRank 3 -> connection 0x7fd888005980
MOC-R4PCC04U05:395222:395272 [3] NCCL INFO New proxy send connection 23 from local rank 3, transport 0
MOC-R4PCC04U05:395222:396006 [3] NCCL INFO Connected to proxy localRank 3 -> connection 0x7fd8880059f8
step    1/10 | train loss 11.010094 | norm 15.4736 | lr 1.00e-04 | (14086.23 ms | 74440 tok/s)
step    2/10 | train loss 10.132356 | norm 5.7712 | lr 1.00e-04 | (351.29 ms | 2984932 tok/s)
step    3/10 | train loss 9.790414 | norm 2.6207 | lr 1.00e-04 | (348.52 ms | 3008658 tok/s)
step    4/10 | train loss 9.620089 | norm 2.1209 | lr 1.00e-04 | (348.39 ms | 3009741 tok/s)
step    5/10 | train loss 9.536892 | norm 2.1162 | lr 1.00e-04 | (347.20 ms | 3020089 tok/s)
step    6/10 | train loss 9.455262 | norm 2.0054 | lr 1.00e-04 | (551.05 ms | 1902868 tok/s)
step    7/10 | train loss 9.369593 | norm 1.9545 | lr 1.00e-04 | (345.82 ms | 3032126 tok/s)
step    8/10 | train loss 9.277897 | norm 1.9223 | lr 1.00e-04 | (346.37 ms | 3027329 tok/s)
step    9/10 | train loss 9.182257 | norm 1.8716 | lr 1.00e-04 | (344.77 ms | 3041414 tok/s)
step   10/10 | train loss 9.094435 | norm 1.7971 | lr 1.00e-04 | (345.20 ms | 3037551 tok/s)
final 9 iters avg: 369.846ms
peak memory consumption: 16601 MiB
