Running pytorch 2.7.0+cu126
using device: cuda:0
total desired batch size: 524288
=> calculated gradient accumulation steps: 1
using device: cuda:3
using device: cuda:1
using device: cuda:2
compiling the model...
DataLoader: total number of tokens: 1,661,249,667 across 103 files
MOC-R4PCC04U05:622515:622515 [0] NCCL INFO NCCL_SOCKET_IFNAME set to eno7np0
MOC-R4PCC04U05:622515:622515 [0] NCCL INFO NCCL version 2.26.2+cuda12.2
MOC-R4PCC04U05:622516:622516 [1] NCCL INFO NCCL_SOCKET_IFNAME set to eno7np0
MOC-R4PCC04U05:622516:622516 [1] NCCL INFO NCCL version 2.26.2+cuda12.2
MOC-R4PCC04U05:622518:622518 [3] NCCL INFO NCCL_SOCKET_IFNAME set to eno7np0
MOC-R4PCC04U05:622518:622518 [3] NCCL INFO NCCL version 2.26.2+cuda12.2
MOC-R4PCC04U05:622515:622621 [0] NCCL INFO NET/Plugin: Could not find: libnccl-net.so. Using internal net plugin.
MOC-R4PCC04U05:622515:622621 [0] NCCL INFO NCCL_IB_HCA set to mlx5_5
MOC-R4PCC04U05:622515:622621 [0] NCCL INFO NET/IB : Made virtual device [0] name=mlx5_5 speed=400000 ndevs=1
MOC-R4PCC04U05:622515:622621 [0] NCCL INFO NET/IB : Using [0]mlx5_5:1/RoCE [RO]; OOB eno7np0:192.168.50.193<0>
MOC-R4PCC04U05:622517:622517 [2] NCCL INFO NCCL_SOCKET_IFNAME set to eno7np0
MOC-R4PCC04U05:622517:622517 [2] NCCL INFO NCCL version 2.26.2+cuda12.2
MOC-R4PCC04U05:622516:622643 [1] NCCL INFO NET/Plugin: Could not find: libnccl-net.so. Using internal net plugin.
MOC-R4PCC04U05:622516:622643 [1] NCCL INFO NCCL_IB_HCA set to mlx5_5
MOC-R4PCC04U05:622518:622644 [3] NCCL INFO NET/Plugin: Could not find: libnccl-net.so. Using internal net plugin.
MOC-R4PCC04U05:622518:622644 [3] NCCL INFO NCCL_IB_HCA set to mlx5_5
MOC-R4PCC04U05:622516:622643 [1] NCCL INFO NET/IB : Made virtual device [0] name=mlx5_5 speed=400000 ndevs=1
MOC-R4PCC04U05:622516:622643 [1] NCCL INFO NET/IB : Using [0]mlx5_5:1/RoCE [RO]; OOB eno7np0:192.168.50.193<0>
MOC-R4PCC04U05:622518:622644 [3] NCCL INFO NET/IB : Made virtual device [0] name=mlx5_5 speed=400000 ndevs=1
MOC-R4PCC04U05:622518:622644 [3] NCCL INFO NET/IB : Using [0]mlx5_5:1/RoCE [RO]; OOB eno7np0:192.168.50.193<0>
MOC-R4PCC04U05:622517:622646 [2] NCCL INFO NET/Plugin: Could not find: libnccl-net.so. Using internal net plugin.
MOC-R4PCC04U05:622517:622646 [2] NCCL INFO NCCL_IB_HCA set to mlx5_5
MOC-R4PCC04U05:622517:622646 [2] NCCL INFO NET/IB : Made virtual device [0] name=mlx5_5 speed=400000 ndevs=1
MOC-R4PCC04U05:622517:622646 [2] NCCL INFO NET/IB : Using [0]mlx5_5:1/RoCE [RO]; OOB eno7np0:192.168.50.193<0>
MOC-R4PCC04U05:622517:622646 [2] NCCL INFO NET/IB : GPU Direct RDMA Enabled for HCA 0 'mlx5_5'
MOC-R4PCC04U05:622517:622646 [2] NCCL INFO NET/IB : Made virtual device [1] name=mlx5_5 speed=400000 ndevs=1
MOC-R4PCC04U05:622517:622646 [2] NCCL INFO NET/IB : GPU Direct RDMA Enabled for HCA 0 'mlx5_5'
MOC-R4PCC04U05:622517:622646 [2] NCCL INFO NET/IB : GPU Direct RDMA Enabled for HCA 1 'mlx5_5'
MOC-R4PCC04U05:622518:622644 [3] NCCL INFO NET/IB : GPU Direct RDMA Enabled for HCA 0 'mlx5_5'
MOC-R4PCC04U05:622518:622644 [3] NCCL INFO NET/IB : Made virtual device [1] name=mlx5_5 speed=400000 ndevs=1
MOC-R4PCC04U05:622518:622644 [3] NCCL INFO NET/IB : GPU Direct RDMA Enabled for HCA 0 'mlx5_5'
MOC-R4PCC04U05:622518:622644 [3] NCCL INFO NET/IB : GPU Direct RDMA Enabled for HCA 1 'mlx5_5'
MOC-R4PCC04U05:622515:622621 [0] NCCL INFO NET/IB : GPU Direct RDMA Enabled for HCA 0 'mlx5_5'
MOC-R4PCC04U05:622515:622621 [0] NCCL INFO NET/IB : Made virtual device [1] name=mlx5_5 speed=400000 ndevs=1
MOC-R4PCC04U05:622515:622621 [0] NCCL INFO NET/IB : GPU Direct RDMA Enabled for HCA 0 'mlx5_5'
MOC-R4PCC04U05:622515:622621 [0] NCCL INFO NET/IB : GPU Direct RDMA Enabled for HCA 1 'mlx5_5'
MOC-R4PCC04U05:622516:622643 [1] NCCL INFO NET/IB : GPU Direct RDMA Enabled for HCA 0 'mlx5_5'
MOC-R4PCC04U05:622516:622643 [1] NCCL INFO NET/IB : Made virtual device [1] name=mlx5_5 speed=400000 ndevs=1
MOC-R4PCC04U05:622516:622643 [1] NCCL INFO NET/IB : GPU Direct RDMA Enabled for HCA 0 'mlx5_5'
MOC-R4PCC04U05:622516:622643 [1] NCCL INFO NET/IB : GPU Direct RDMA Enabled for HCA 1 'mlx5_5'
MOC-R4PCC04U05:622515:622621 [0] NCCL INFO NCCL_NET_GDR_LEVEL set by environment to LOC
MOC-R4PCC04U05:622515:622621 [0] NCCL INFO GPU Direct RDMA Disabled for GPU 0 / HCA 1 (distance 5 > 0)
MOC-R4PCC04U05:622515:622621 [0] NCCL INFO GPU Direct RDMA Disabled for GPU 1 / HCA 1 (distance 5 > 0)
MOC-R4PCC04U05:622515:622621 [0] NCCL INFO GPU Direct RDMA Disabled for GPU 2 / HCA 1 (distance 5 > 0)
MOC-R4PCC04U05:622515:622621 [0] NCCL INFO GPU Direct RDMA Disabled for GPU 0 / HCA 1 (distance 5 > 0)
MOC-R4PCC04U05:622515:622621 [0] NCCL INFO GPU Direct RDMA Disabled for GPU 1 / HCA 1 (distance 5 > 0)
MOC-R4PCC04U05:622515:622621 [0] NCCL INFO GPU Direct RDMA Disabled for GPU 2 / HCA 1 (distance 5 > 0)
MOC-R4PCC04U05:622516:622643 [1] NCCL INFO NCCL_NET_GDR_LEVEL set by environment to LOC
MOC-R4PCC04U05:622516:622643 [1] NCCL INFO GPU Direct RDMA Disabled for GPU 0 / HCA 1 (distance 5 > 0)
MOC-R4PCC04U05:622516:622643 [1] NCCL INFO GPU Direct RDMA Disabled for GPU 1 / HCA 1 (distance 5 > 0)
MOC-R4PCC04U05:622516:622643 [1] NCCL INFO GPU Direct RDMA Disabled for GPU 2 / HCA 1 (distance 5 > 0)
MOC-R4PCC04U05:622516:622643 [1] NCCL INFO GPU Direct RDMA Disabled for GPU 0 / HCA 1 (distance 5 > 0)
MOC-R4PCC04U05:622516:622643 [1] NCCL INFO GPU Direct RDMA Disabled for GPU 1 / HCA 1 (distance 5 > 0)
MOC-R4PCC04U05:622516:622643 [1] NCCL INFO GPU Direct RDMA Disabled for GPU 2 / HCA 1 (distance 5 > 0)
MOC-R4PCC04U05:622517:622646 [2] NCCL INFO NCCL_NET_GDR_LEVEL set by environment to LOC
MOC-R4PCC04U05:622517:622646 [2] NCCL INFO GPU Direct RDMA Disabled for GPU 0 / HCA 1 (distance 5 > 0)
MOC-R4PCC04U05:622517:622646 [2] NCCL INFO GPU Direct RDMA Disabled for GPU 1 / HCA 1 (distance 5 > 0)
MOC-R4PCC04U05:622517:622646 [2] NCCL INFO GPU Direct RDMA Disabled for GPU 2 / HCA 1 (distance 5 > 0)
MOC-R4PCC04U05:622517:622646 [2] NCCL INFO GPU Direct RDMA Disabled for GPU 0 / HCA 1 (distance 5 > 0)
MOC-R4PCC04U05:622517:622646 [2] NCCL INFO GPU Direct RDMA Disabled for GPU 1 / HCA 1 (distance 5 > 0)
MOC-R4PCC04U05:622517:622646 [2] NCCL INFO GPU Direct RDMA Disabled for GPU 2 / HCA 1 (distance 5 > 0)
MOC-R4PCC04U05:622518:622644 [3] NCCL INFO NCCL_NET_GDR_LEVEL set by environment to LOC
MOC-R4PCC04U05:622518:622644 [3] NCCL INFO GPU Direct RDMA Disabled for GPU 0 / HCA 1 (distance 5 > 0)
MOC-R4PCC04U05:622518:622644 [3] NCCL INFO GPU Direct RDMA Disabled for GPU 1 / HCA 1 (distance 5 > 0)
MOC-R4PCC04U05:622518:622644 [3] NCCL INFO GPU Direct RDMA Disabled for GPU 2 / HCA 1 (distance 5 > 0)
MOC-R4PCC04U05:622518:622644 [3] NCCL INFO GPU Direct RDMA Disabled for GPU 0 / HCA 1 (distance 5 > 0)
MOC-R4PCC04U05:622518:622644 [3] NCCL INFO GPU Direct RDMA Disabled for GPU 1 / HCA 1 (distance 5 > 0)
MOC-R4PCC04U05:622518:622644 [3] NCCL INFO GPU Direct RDMA Disabled for GPU 2 / HCA 1 (distance 5 > 0)
MOC-R4PCC04U05:622515:622662 [0] NCCL INFO New proxy send connection 0 from local rank 0, transport 0
MOC-R4PCC04U05:622515:622666 [0] NCCL INFO Connected to proxy localRank 0 -> connection 0x7f7d18004f30
MOC-R4PCC04U05:622515:622662 [0] NCCL INFO New proxy send connection 1 from local rank 0, transport 0
MOC-R4PCC04U05:622515:622666 [0] NCCL INFO Connected to proxy localRank 0 -> connection 0x7f7d18004fa8
MOC-R4PCC04U05:622518:622658 [3] NCCL INFO New proxy recv connection 0 from local rank 3, transport 0
MOC-R4PCC04U05:622516:622659 [1] NCCL INFO New proxy recv connection 0 from local rank 1, transport 0
MOC-R4PCC04U05:622518:622667 [3] NCCL INFO Connected to proxy localRank 3 -> connection 0x7fb034004f30
MOC-R4PCC04U05:622516:622668 [1] NCCL INFO Connected to proxy localRank 1 -> connection 0x7f62c0004f30
MOC-R4PCC04U05:622518:622658 [3] NCCL INFO New proxy recv connection 1 from local rank 3, transport 0
MOC-R4PCC04U05:622518:622667 [3] NCCL INFO Connected to proxy localRank 3 -> connection 0x7fb034004fa8
MOC-R4PCC04U05:622518:622667 [3] NCCL INFO GPU Direct RDMA Disabled for GPU 3 / HCA 1 (distance 7 > 0)
MOC-R4PCC04U05:622516:622659 [1] NCCL INFO New proxy recv connection 1 from local rank 1, transport 0
MOC-R4PCC04U05:622516:622668 [1] NCCL INFO Connected to proxy localRank 1 -> connection 0x7f62c0004fa8
MOC-R4PCC04U05:622517:622660 [2] NCCL INFO New proxy recv connection 0 from local rank 2, transport 0
MOC-R4PCC04U05:622517:622669 [2] NCCL INFO Connected to proxy localRank 2 -> connection 0x7f3394004f30
MOC-R4PCC04U05:622517:622660 [2] NCCL INFO New proxy recv connection 1 from local rank 2, transport 0
MOC-R4PCC04U05:622517:622669 [2] NCCL INFO Connected to proxy localRank 2 -> connection 0x7f3394004fa8
MOC-R4PCC04U05:622515:622662 [0] NCCL INFO New proxy send connection 2 from local rank 0, transport 0
MOC-R4PCC04U05:622517:622669 [2] NCCL INFO GPU Direct RDMA Disabled for GPU 2 / HCA 1 (distance 7 > 0)
MOC-R4PCC04U05:622515:622666 [0] NCCL INFO Connected to proxy localRank 0 -> connection 0x7f7d18005020
MOC-R4PCC04U05:622518:622658 [3] NCCL INFO New proxy send connection 2 from local rank 3, transport 2
MOC-R4PCC04U05:622518:622667 [3] NCCL INFO Connected to proxy localRank 3 -> connection 0x7fb034005020
MOC-R4PCC04U05:622518:622667 [3] NCCL INFO Channel 00/0 : 3[3] -> 6[2] [send] via NET/IB/1
MOC-R4PCC04U05:622518:622667 [3] NCCL INFO GPU Direct RDMA Disabled for GPU 3 / HCA 1 (distance 7 > 0)
MOC-R4PCC04U05:622518:622658 [3] NCCL INFO New proxy send connection 3 from local rank 3, transport 2
MOC-R4PCC04U05:622518:622667 [3] NCCL INFO Connected to proxy localRank 3 -> connection 0x7fb034005098
MOC-R4PCC04U05:622518:622667 [3] NCCL INFO Channel 02/0 : 3[3] -> 6[2] [send] via NET/IB/1
MOC-R4PCC04U05:622517:622660 [2] NCCL INFO New proxy recv connection 2 from local rank 2, transport 2
MOC-R4PCC04U05:622517:622669 [2] NCCL INFO Connected to proxy localRank 2 -> connection 0x7f3394005020
MOC-R4PCC04U05:622517:622669 [2] NCCL INFO Channel 00/0 : 15[3] -> 2[2] [receive] via NET/IB/1
MOC-R4PCC04U05:622517:622669 [2] NCCL INFO GPU Direct RDMA Disabled for GPU 2 / HCA 1 (distance 7 > 0)
MOC-R4PCC04U05:622517:622660 [2] NCCL INFO New proxy recv connection 3 from local rank 2, transport 2
MOC-R4PCC04U05:622517:622669 [2] NCCL INFO Connected to proxy localRank 2 -> connection 0x7f3394005098
MOC-R4PCC04U05:622517:622669 [2] NCCL INFO Channel 02/0 : 15[3] -> 2[2] [receive] via NET/IB/1
MOC-R4PCC04U05:622515:622662 [0] NCCL INFO New proxy send connection 3 from local rank 0, transport 0
MOC-R4PCC04U05:622515:622666 [0] NCCL INFO Connected to proxy localRank 0 -> connection 0x7f7d18005098
MOC-R4PCC04U05:622515:622662 [0] NCCL INFO New proxy recv connection 4 from local rank 0, transport 0
MOC-R4PCC04U05:622515:622666 [0] NCCL INFO Connected to proxy localRank 0 -> connection 0x7f7d18005110
MOC-R4PCC04U05:622515:622662 [0] NCCL INFO New proxy recv connection 5 from local rank 0, transport 0
MOC-R4PCC04U05:622515:622666 [0] NCCL INFO Connected to proxy localRank 0 -> connection 0x7f7d18005188
MOC-R4PCC04U05:622515:622662 [0] NCCL INFO New proxy recv connection 6 from local rank 0, transport 0
MOC-R4PCC04U05:622515:622666 [0] NCCL INFO Connected to proxy localRank 0 -> connection 0x7f7d18005200
MOC-R4PCC04U05:622515:622662 [0] NCCL INFO New proxy recv connection 7 from local rank 0, transport 0
MOC-R4PCC04U05:622515:622666 [0] NCCL INFO Connected to proxy localRank 0 -> connection 0x7f7d18005278
MOC-R4PCC04U05:622518:622667 [3] NCCL INFO GPU Direct RDMA Disabled for GPU 3 / HCA 1 (distance 7 > 0)
MOC-R4PCC04U05:622518:622658 [3] NCCL INFO New proxy recv connection 4 from local rank 3, transport 2
MOC-R4PCC04U05:622518:622667 [3] NCCL INFO Connected to proxy localRank 3 -> connection 0x7fb034005110
MOC-R4PCC04U05:622518:622667 [3] NCCL INFO Channel 01/0 : 14[2] -> 3[3] [receive] via NET/IB/1
MOC-R4PCC04U05:622518:622667 [3] NCCL INFO GPU Direct RDMA Disabled for GPU 3 / HCA 1 (distance 7 > 0)
MOC-R4PCC04U05:622518:622658 [3] NCCL INFO New proxy recv connection 5 from local rank 3, transport 2
MOC-R4PCC04U05:622518:622667 [3] NCCL INFO Connected to proxy localRank 3 -> connection 0x7fb034005188
MOC-R4PCC04U05:622518:622667 [3] NCCL INFO Channel 03/0 : 14[2] -> 3[3] [receive] via NET/IB/1
MOC-R4PCC04U05:622517:622669 [2] NCCL INFO GPU Direct RDMA Disabled for GPU 2 / HCA 1 (distance 7 > 0)
MOC-R4PCC04U05:622517:622660 [2] NCCL INFO New proxy send connection 4 from local rank 2, transport 2
MOC-R4PCC04U05:622517:622669 [2] NCCL INFO Connected to proxy localRank 2 -> connection 0x7f3394005110
MOC-R4PCC04U05:622517:622669 [2] NCCL INFO Channel 01/0 : 2[2] -> 7[3] [send] via NET/IB/1
MOC-R4PCC04U05:622517:622669 [2] NCCL INFO GPU Direct RDMA Disabled for GPU 2 / HCA 1 (distance 7 > 0)
MOC-R4PCC04U05:622517:622660 [2] NCCL INFO New proxy send connection 5 from local rank 2, transport 2
MOC-R4PCC04U05:622517:622669 [2] NCCL INFO Connected to proxy localRank 2 -> connection 0x7f3394005188
MOC-R4PCC04U05:622517:622669 [2] NCCL INFO Channel 03/0 : 2[2] -> 7[3] [send] via NET/IB/1
MOC-R4PCC04U05:622517:622660 [2] NCCL INFO New proxy send connection 6 from local rank 2, transport 0
MOC-R4PCC04U05:622517:622669 [2] NCCL INFO Connected to proxy localRank 2 -> connection 0x7f3394005200
MOC-R4PCC04U05:622517:622660 [2] NCCL INFO New proxy send connection 7 from local rank 2, transport 0
MOC-R4PCC04U05:622517:622669 [2] NCCL INFO Connected to proxy localRank 2 -> connection 0x7f3394005278
MOC-R4PCC04U05:622518:622658 [3] NCCL INFO New proxy send connection 6 from local rank 3, transport 0
MOC-R4PCC04U05:622518:622667 [3] NCCL INFO Connected to proxy localRank 3 -> connection 0x7fb034005200
MOC-R4PCC04U05:622518:622658 [3] NCCL INFO New proxy send connection 7 from local rank 3, transport 0
MOC-R4PCC04U05:622518:622667 [3] NCCL INFO Connected to proxy localRank 3 -> connection 0x7fb034005278
MOC-R4PCC04U05:622516:622659 [1] NCCL INFO New proxy recv connection 2 from local rank 1, transport 0
MOC-R4PCC04U05:622515:622662 [0] NCCL INFO New proxy send connection 8 from local rank 3, transport 0
MOC-R4PCC04U05:622516:622668 [1] NCCL INFO Connected to proxy localRank 1 -> connection 0x7f62c0005020
MOC-R4PCC04U05:622518:622667 [3] NCCL INFO Connected to proxy localRank 0 -> connection 0x7f7d180052f0
MOC-R4PCC04U05:622516:622659 [1] NCCL INFO New proxy recv connection 3 from local rank 1, transport 0
MOC-R4PCC04U05:622516:622668 [1] NCCL INFO Connected to proxy localRank 1 -> connection 0x7f62c0005098
MOC-R4PCC04U05:622516:622659 [1] NCCL INFO New proxy send connection 4 from local rank 1, transport 0
MOC-R4PCC04U05:622516:622668 [1] NCCL INFO Connected to proxy localRank 1 -> connection 0x7f62c0005110
MOC-R4PCC04U05:622516:622659 [1] NCCL INFO New proxy send connection 5 from local rank 1, transport 0
MOC-R4PCC04U05:622516:622668 [1] NCCL INFO Connected to proxy localRank 1 -> connection 0x7f62c0005188
MOC-R4PCC04U05:622516:622659 [1] NCCL INFO New proxy send connection 6 from local rank 1, transport 0
MOC-R4PCC04U05:622516:622668 [1] NCCL INFO Connected to proxy localRank 1 -> connection 0x7f62c0005200
MOC-R4PCC04U05:622516:622659 [1] NCCL INFO New proxy send connection 7 from local rank 1, transport 0
MOC-R4PCC04U05:622516:622668 [1] NCCL INFO Connected to proxy localRank 1 -> connection 0x7f62c0005278
MOC-R4PCC04U05:622516:622659 [1] NCCL INFO New proxy send connection 8 from local rank 3, transport 0
MOC-R4PCC04U05:622518:622667 [3] NCCL INFO Connected to proxy localRank 1 -> connection 0x7f62c00052f0
MOC-R4PCC04U05:622515:622662 [0] NCCL INFO New proxy send connection 9 from local rank 2, transport 0
MOC-R4PCC04U05:622518:622658 [3] NCCL INFO New proxy send connection 8 from local rank 1, transport 0
MOC-R4PCC04U05:622517:622669 [2] NCCL INFO Connected to proxy localRank 0 -> connection 0x7f7d18005368
MOC-R4PCC04U05:622516:622668 [1] NCCL INFO Connected to proxy localRank 3 -> connection 0x7fb0340052f0
MOC-R4PCC04U05:622517:622660 [2] NCCL INFO New proxy send connection 8 from local rank 0, transport 0
MOC-R4PCC04U05:622515:622666 [0] NCCL INFO Connected to proxy localRank 2 -> connection 0x7f33940052f0
MOC-R4PCC04U05:622518:622658 [3] NCCL INFO NET/IB: NCCL Dev 1 IbDev 0 Port 1 qpn 10202 mtu 3 query_ece={supported=1, vendor_id=0x15b3, options=0x30000002, comp_mask=0x0} GID 3 (0/C132A8C0FFFF0000) fifoRkey=0x177837 fifoLkey=0x177837
MOC-R4PCC04U05:622518:622658 [3] NCCL INFO NET/IB: NCCL Dev 1 IbDev 0 Port 1 qpn 10203 mtu 3 query_ece={supported=1, vendor_id=0x15b3, options=0x30000002, comp_mask=0x0} GID 3 (0/C132A8C0FFFF0000) fifoRkey=0x174705 fifoLkey=0x174705
MOC-R4PCC04U05:622518:622658 [3] NCCL INFO NET/IB: IbDev 0 Port 1 qpn 9810 set_ece={supported=1, vendor_id=0x15b3, options=0x0, comp_mask=0x0}
MOC-R4PCC04U05:622518:622658 [3] NCCL INFO NET/IB: IbDev 0 Port 1 qpn 9812 set_ece={supported=1, vendor_id=0x15b3, options=0x0, comp_mask=0x0}
MOC-R4PCC04U05:622515:622662 [0] NCCL INFO New proxy send connection 10 from local rank 1, transport 0
MOC-R4PCC04U05:622516:622668 [1] NCCL INFO Connected to proxy localRank 0 -> connection 0x7f7d180053e0
MOC-R4PCC04U05:622516:622659 [1] NCCL INFO New proxy send connection 9 from local rank 2, transport 0
MOC-R4PCC04U05:622517:622669 [2] NCCL INFO Connected to proxy localRank 1 -> connection 0x7f62c0005368
MOC-R4PCC04U05:622518:622658 [3] NCCL INFO New proxy send connection 9 from local rank 0, transport 0
MOC-R4PCC04U05:622515:622666 [0] NCCL INFO Connected to proxy localRank 3 -> connection 0x7fb034005368
MOC-R4PCC04U05:622517:622660 [2] NCCL INFO NET/IB: NCCL Dev 1 IbDev 0 Port 1 qpn 10212 mtu 3 query_ece={supported=1, vendor_id=0x15b3, options=0x30000002, comp_mask=0x0} GID 3 (0/C132A8C0FFFF0000) fifoRkey=0x17904f fifoLkey=0x17904f
MOC-R4PCC04U05:622516:622659 [1] NCCL INFO New proxy send connection 10 from local rank 0, transport 0
MOC-R4PCC04U05:622515:622666 [0] NCCL INFO Connected to proxy localRank 1 -> connection 0x7f62c00053e0
MOC-R4PCC04U05:622517:622660 [2] NCCL INFO NET/IB: NCCL Dev 1 IbDev 0 Port 1 qpn 10213 mtu 3 query_ece={supported=1, vendor_id=0x15b3, options=0x30000002, comp_mask=0x0} GID 3 (0/C132A8C0FFFF0000) fifoRkey=0x1722e1 fifoLkey=0x1722e1
MOC-R4PCC04U05:622517:622660 [2] NCCL INFO New proxy send connection 9 from local rank 1, transport 0
MOC-R4PCC04U05:622516:622668 [1] NCCL INFO Connected to proxy localRank 2 -> connection 0x7f3394005368
MOC-R4PCC04U05:622517:622660 [2] NCCL INFO NET/IB: IbDev 0 Port 1 qpn 9814 set_ece={supported=1, vendor_id=0x15b3, options=0x0, comp_mask=0x0}
MOC-R4PCC04U05:622517:622660 [2] NCCL INFO NET/IB: IbDev 0 Port 1 qpn 9816 set_ece={supported=1, vendor_id=0x15b3, options=0x0, comp_mask=0x0}
num decayed parameter tensors: 50, with 124,318,464 parameters
num non-decayed parameter tensors: 98, with 121,344 parameters
using fused AdamW: False
using regular AdamW
MOC-R4PCC04U05:622515:622662 [0] NCCL INFO New proxy send connection 11 from local rank 0, transport 0
MOC-R4PCC04U05:622515:623360 [0] NCCL INFO Connected to proxy localRank 0 -> connection 0x7f7d18005458
MOC-R4PCC04U05:622515:622662 [0] NCCL INFO New proxy send connection 12 from local rank 0, transport 0
MOC-R4PCC04U05:622515:623360 [0] NCCL INFO Connected to proxy localRank 0 -> connection 0x7f7d180054d0
MOC-R4PCC04U05:622515:622662 [0] NCCL INFO New proxy send connection 13 from local rank 0, transport 0
MOC-R4PCC04U05:622515:623360 [0] NCCL INFO Connected to proxy localRank 0 -> connection 0x7f7d18005548
MOC-R4PCC04U05:622515:622662 [0] NCCL INFO New proxy send connection 14 from local rank 0, transport 0
MOC-R4PCC04U05:622515:623360 [0] NCCL INFO Connected to proxy localRank 0 -> connection 0x7f7d180055c0
MOC-R4PCC04U05:622518:622658 [3] NCCL INFO New proxy recv connection 10 from local rank 3, transport 0
MOC-R4PCC04U05:622518:623361 [3] NCCL INFO Connected to proxy localRank 3 -> connection 0x7fb0340053e0
MOC-R4PCC04U05:622518:622658 [3] NCCL INFO New proxy recv connection 11 from local rank 3, transport 0
MOC-R4PCC04U05:622518:623361 [3] NCCL INFO Connected to proxy localRank 3 -> connection 0x7fb034005458
MOC-R4PCC04U05:622516:622659 [1] NCCL INFO New proxy recv connection 11 from local rank 1, transport 0
MOC-R4PCC04U05:622516:623362 [1] NCCL INFO Connected to proxy localRank 1 -> connection 0x7f62c0005458
MOC-R4PCC04U05:622516:622659 [1] NCCL INFO New proxy recv connection 12 from local rank 1, transport 0
MOC-R4PCC04U05:622516:623362 [1] NCCL INFO Connected to proxy localRank 1 -> connection 0x7f62c00054d0
MOC-R4PCC04U05:622516:622659 [1] NCCL INFO New proxy recv connection 13 from local rank 1, transport 0
MOC-R4PCC04U05:622516:623362 [1] NCCL INFO Connected to proxy localRank 1 -> connection 0x7f62c0005548
MOC-R4PCC04U05:622516:622659 [1] NCCL INFO New proxy recv connection 14 from local rank 1, transport 0
MOC-R4PCC04U05:622516:623362 [1] NCCL INFO Connected to proxy localRank 1 -> connection 0x7f62c00055c0
MOC-R4PCC04U05:622516:622659 [1] NCCL INFO New proxy send connection 15 from local rank 1, transport 0
MOC-R4PCC04U05:622516:623362 [1] NCCL INFO Connected to proxy localRank 1 -> connection 0x7f62c0005638
MOC-R4PCC04U05:622516:622659 [1] NCCL INFO New proxy send connection 16 from local rank 1, transport 0
MOC-R4PCC04U05:622516:623362 [1] NCCL INFO Connected to proxy localRank 1 -> connection 0x7f62c00056b0
MOC-R4PCC04U05:622516:622659 [1] NCCL INFO New proxy send connection 17 from local rank 1, transport 0
MOC-R4PCC04U05:622516:623362 [1] NCCL INFO Connected to proxy localRank 1 -> connection 0x7f62c0005728
MOC-R4PCC04U05:622516:622659 [1] NCCL INFO New proxy send connection 18 from local rank 1, transport 0
MOC-R4PCC04U05:622516:623362 [1] NCCL INFO Connected to proxy localRank 1 -> connection 0x7f62c00057a0
MOC-R4PCC04U05:622515:622662 [0] NCCL INFO New proxy send connection 15 from local rank 0, transport 0
MOC-R4PCC04U05:622515:623360 [0] NCCL INFO Connected to proxy localRank 0 -> connection 0x7f7d18005638
MOC-R4PCC04U05:622515:622662 [0] NCCL INFO New proxy send connection 16 from local rank 0, transport 0
MOC-R4PCC04U05:622515:623360 [0] NCCL INFO Connected to proxy localRank 0 -> connection 0x7f7d180056b0
MOC-R4PCC04U05:622515:622662 [0] NCCL INFO New proxy recv connection 17 from local rank 0, transport 0
MOC-R4PCC04U05:622515:623360 [0] NCCL INFO Connected to proxy localRank 0 -> connection 0x7f7d18005728
MOC-R4PCC04U05:622518:623361 [3] NCCL INFO GPU Direct RDMA Disabled for GPU 3 / HCA 1 (distance 7 > 0)
MOC-R4PCC04U05:622518:622658 [3] NCCL INFO New proxy send connection 12 from local rank 3, transport 2
MOC-R4PCC04U05:622518:623361 [3] NCCL INFO Connected to proxy localRank 3 -> connection 0x7fb0340054d0
MOC-R4PCC04U05:622518:623361 [3] NCCL INFO Channel 02/0 : 3[3] -> 7[3] [send] via NET/IB/1
MOC-R4PCC04U05:622515:622662 [0] NCCL INFO New proxy recv connection 18 from local rank 0, transport 0
MOC-R4PCC04U05:622518:623361 [3] NCCL INFO GPU Direct RDMA Disabled for GPU 3 / HCA 1 (distance 7 > 0)
MOC-R4PCC04U05:622515:623360 [0] NCCL INFO Connected to proxy localRank 0 -> connection 0x7f7d180057a0
MOC-R4PCC04U05:622518:622658 [3] NCCL INFO New proxy send connection 13 from local rank 3, transport 2
MOC-R4PCC04U05:622518:623361 [3] NCCL INFO Connected to proxy localRank 3 -> connection 0x7fb034005548
MOC-R4PCC04U05:622518:623361 [3] NCCL INFO Channel 03/0 : 3[3] -> 7[3] [send] via NET/IB/1
MOC-R4PCC04U05:622515:622662 [0] NCCL INFO New proxy recv connection 19 from local rank 0, transport 0
MOC-R4PCC04U05:622515:623360 [0] NCCL INFO Connected to proxy localRank 0 -> connection 0x7f7d18005818
MOC-R4PCC04U05:622515:622662 [0] NCCL INFO New proxy recv connection 20 from local rank 0, transport 0
MOC-R4PCC04U05:622515:623360 [0] NCCL INFO Connected to proxy localRank 0 -> connection 0x7f7d18005890
MOC-R4PCC04U05:622518:623361 [3] NCCL INFO GPU Direct RDMA Disabled for GPU 3 / HCA 1 (distance 7 > 0)
MOC-R4PCC04U05:622518:622658 [3] NCCL INFO New proxy recv connection 14 from local rank 3, transport 2
MOC-R4PCC04U05:622518:623361 [3] NCCL INFO Connected to proxy localRank 3 -> connection 0x7fb0340055c0
MOC-R4PCC04U05:622518:623361 [3] NCCL INFO Channel 00/0 : 11[3] -> 3[3] [receive] via NET/IB/1
MOC-R4PCC04U05:622518:623361 [3] NCCL INFO GPU Direct RDMA Disabled for GPU 3 / HCA 1 (distance 7 > 0)
MOC-R4PCC04U05:622518:622658 [3] NCCL INFO New proxy recv connection 15 from local rank 3, transport 2
MOC-R4PCC04U05:622518:623361 [3] NCCL INFO Connected to proxy localRank 3 -> connection 0x7fb034005638
MOC-R4PCC04U05:622518:623361 [3] NCCL INFO Channel 01/0 : 11[3] -> 3[3] [receive] via NET/IB/1
MOC-R4PCC04U05:622518:623361 [3] NCCL INFO GPU Direct RDMA Disabled for GPU 3 / HCA 1 (distance 7 > 0)
MOC-R4PCC04U05:622518:622658 [3] NCCL INFO New proxy send connection 16 from local rank 3, transport 2
MOC-R4PCC04U05:622518:623361 [3] NCCL INFO Connected to proxy localRank 3 -> connection 0x7fb0340056b0
MOC-R4PCC04U05:622518:623361 [3] NCCL INFO Channel 00/0 : 3[3] -> 11[3] [send] via NET/IB/1
MOC-R4PCC04U05:622518:623361 [3] NCCL INFO GPU Direct RDMA Disabled for GPU 3 / HCA 1 (distance 7 > 0)
MOC-R4PCC04U05:622518:622658 [3] NCCL INFO New proxy send connection 17 from local rank 3, transport 2
MOC-R4PCC04U05:622518:623361 [3] NCCL INFO Connected to proxy localRank 3 -> connection 0x7fb034005728
MOC-R4PCC04U05:622518:623361 [3] NCCL INFO Channel 01/0 : 3[3] -> 11[3] [send] via NET/IB/1
MOC-R4PCC04U05:622518:623361 [3] NCCL INFO GPU Direct RDMA Disabled for GPU 3 / HCA 1 (distance 7 > 0)
MOC-R4PCC04U05:622518:622658 [3] NCCL INFO New proxy recv connection 18 from local rank 3, transport 2
MOC-R4PCC04U05:622518:623361 [3] NCCL INFO Connected to proxy localRank 3 -> connection 0x7fb0340057a0
MOC-R4PCC04U05:622518:623361 [3] NCCL INFO Channel 02/0 : 7[3] -> 3[3] [receive] via NET/IB/1
MOC-R4PCC04U05:622518:623361 [3] NCCL INFO GPU Direct RDMA Disabled for GPU 3 / HCA 1 (distance 7 > 0)
MOC-R4PCC04U05:622518:622658 [3] NCCL INFO New proxy recv connection 19 from local rank 3, transport 2
MOC-R4PCC04U05:622518:623361 [3] NCCL INFO Connected to proxy localRank 3 -> connection 0x7fb034005818
MOC-R4PCC04U05:622518:623361 [3] NCCL INFO Channel 03/0 : 7[3] -> 3[3] [receive] via NET/IB/1
MOC-R4PCC04U05:622518:622658 [3] NCCL INFO New proxy send connection 20 from local rank 3, transport 0
MOC-R4PCC04U05:622518:623361 [3] NCCL INFO Connected to proxy localRank 3 -> connection 0x7fb034005890
MOC-R4PCC04U05:622518:622658 [3] NCCL INFO New proxy send connection 21 from local rank 3, transport 0
MOC-R4PCC04U05:622518:623361 [3] NCCL INFO Connected to proxy localRank 3 -> connection 0x7fb034005908
MOC-R4PCC04U05:622518:622658 [3] NCCL INFO New proxy send connection 22 from local rank 3, transport 0
MOC-R4PCC04U05:622518:623361 [3] NCCL INFO Connected to proxy localRank 3 -> connection 0x7fb034005980
MOC-R4PCC04U05:622518:622658 [3] NCCL INFO New proxy send connection 23 from local rank 3, transport 0
MOC-R4PCC04U05:622518:623361 [3] NCCL INFO Connected to proxy localRank 3 -> connection 0x7fb0340059f8
MOC-R4PCC04U05:622518:622658 [3] NCCL INFO NET/IB: NCCL Dev 1 IbDev 0 Port 1 qpn 10214 mtu 3 query_ece={supported=1, vendor_id=0x15b3, options=0x30000002, comp_mask=0x0} GID 3 (0/C132A8C0FFFF0000) fifoRkey=0x173af9 fifoLkey=0x173af9
MOC-R4PCC04U05:622518:622658 [3] NCCL INFO NET/IB: NCCL Dev 1 IbDev 0 Port 1 qpn 10217 mtu 3 query_ece={supported=1, vendor_id=0x15b3, options=0x30000002, comp_mask=0x0} GID 3 (0/C132A8C0FFFF0000) fifoRkey=0x17d796 fifoLkey=0x17d796
MOC-R4PCC04U05:622518:622658 [3] NCCL INFO NET/IB: NCCL Dev 1 IbDev 0 Port 1 qpn 10218 mtu 3 query_ece={supported=1, vendor_id=0x15b3, options=0x30000002, comp_mask=0x0} GID 3 (0/C132A8C0FFFF0000) fifoRkey=0x17601f fifoLkey=0x17601f
MOC-R4PCC04U05:622518:622658 [3] NCCL INFO NET/IB: IbDev 0 Port 1 qpn 9820 set_ece={supported=1, vendor_id=0x15b3, options=0x0, comp_mask=0x0}
MOC-R4PCC04U05:622518:622658 [3] NCCL INFO NET/IB: IbDev 0 Port 1 qpn 9822 set_ece={supported=1, vendor_id=0x15b3, options=0x0, comp_mask=0x0}
MOC-R4PCC04U05:622518:622658 [3] NCCL INFO NET/IB: NCCL Dev 1 IbDev 0 Port 1 qpn 10221 mtu 3 query_ece={supported=1, vendor_id=0x15b3, options=0x30000002, comp_mask=0x0} GID 3 (0/C132A8C0FFFF0000) fifoRkey=0x17b372 fifoLkey=0x17b372
MOC-R4PCC04U05:622518:622658 [3] NCCL INFO NET/IB: IbDev 0 Port 1 qpn 7267 set_ece={supported=1, vendor_id=0x15b3, options=0x0, comp_mask=0x0}
MOC-R4PCC04U05:622518:622658 [3] NCCL INFO NET/IB: IbDev 0 Port 1 qpn 7270 set_ece={supported=1, vendor_id=0x15b3, options=0x0, comp_mask=0x0}
MOC-R4PCC04U05:622517:622660 [2] NCCL INFO New proxy recv connection 10 from local rank 2, transport 0
MOC-R4PCC04U05:622517:623363 [2] NCCL INFO Connected to proxy localRank 2 -> connection 0x7f33940053e0
MOC-R4PCC04U05:622517:622660 [2] NCCL INFO New proxy recv connection 11 from local rank 2, transport 0
MOC-R4PCC04U05:622517:623363 [2] NCCL INFO Connected to proxy localRank 2 -> connection 0x7f3394005458
MOC-R4PCC04U05:622517:622660 [2] NCCL INFO New proxy recv connection 12 from local rank 2, transport 0
MOC-R4PCC04U05:622517:623363 [2] NCCL INFO Connected to proxy localRank 2 -> connection 0x7f33940054d0
MOC-R4PCC04U05:622517:622660 [2] NCCL INFO New proxy recv connection 13 from local rank 2, transport 0
MOC-R4PCC04U05:622517:623363 [2] NCCL INFO Connected to proxy localRank 2 -> connection 0x7f3394005548
MOC-R4PCC04U05:622517:622660 [2] NCCL INFO New proxy send connection 14 from local rank 2, transport 0
MOC-R4PCC04U05:622517:623363 [2] NCCL INFO Connected to proxy localRank 2 -> connection 0x7f33940055c0
MOC-R4PCC04U05:622516:622659 [1] NCCL INFO New proxy recv connection 19 from local rank 1, transport 0
MOC-R4PCC04U05:622516:623362 [1] NCCL INFO Connected to proxy localRank 1 -> connection 0x7f62c0005818
MOC-R4PCC04U05:622517:622660 [2] NCCL INFO New proxy send connection 15 from local rank 2, transport 0
MOC-R4PCC04U05:622517:623363 [2] NCCL INFO Connected to proxy localRank 2 -> connection 0x7f3394005638
MOC-R4PCC04U05:622516:622659 [1] NCCL INFO New proxy recv connection 20 from local rank 1, transport 0
MOC-R4PCC04U05:622516:623362 [1] NCCL INFO Connected to proxy localRank 1 -> connection 0x7f62c0005890
step    1/10 | train loss 11.008971 | norm 15.7108 | lr 1.00e-04 | (14018.81 ms | 37399 tok/s)
step    2/10 | train loss 10.123237 | norm 5.8021 | lr 1.00e-04 | (146.80 ms | 3571461 tok/s)
step    3/10 | train loss 9.777225 | norm 2.6314 | lr 1.00e-04 | (140.94 ms | 3719933 tok/s)
step    4/10 | train loss 9.607364 | norm 2.1166 | lr 1.00e-04 | (139.20 ms | 3766483 tok/s)
step    5/10 | train loss 9.524719 | norm 2.1075 | lr 1.00e-04 | (162.29 ms | 3230556 tok/s)
step    6/10 | train loss 9.443526 | norm 2.0012 | lr 1.00e-04 | (134.66 ms | 3893496 tok/s)
step    7/10 | train loss 9.358727 | norm 1.9491 | lr 1.00e-04 | (132.37 ms | 3960734 tok/s)
step    8/10 | train loss 9.269132 | norm 1.9124 | lr 1.00e-04 | (136.36 ms | 3844762 tok/s)
step    9/10 | train loss 9.176634 | norm 1.8636 | lr 1.00e-04 | (136.83 ms | 3831538 tok/s)
step   10/10 | train loss 9.088060 | norm 1.7782 | lr 1.00e-04 | (134.30 ms | 3903726 tok/s)
final 9 iters avg: 140.418ms
peak memory consumption: 16121 MiB
