Running pytorch 2.7.0+cu126
using device: cuda:0
total desired batch size: 2097152
=> calculated gradient accumulation steps: 8
using device: cuda:2
using device: cuda:3
using device: cuda:1
compiling the model...
DataLoader: total number of tokens: 1,661,249,667 across 103 files
MOC-R4PCC04U05:433337:433337 [0] NCCL INFO NCCL_SOCKET_IFNAME set to eno7np0
MOC-R4PCC04U05:433337:433337 [0] NCCL INFO NCCL version 2.26.2+cuda12.2
MOC-R4PCC04U05:433337:433378 [0] NCCL INFO NET/Plugin: Could not find: libnccl-net.so. Using internal net plugin.
MOC-R4PCC04U05:433337:433378 [0] NCCL INFO NCCL_IB_HCA set to mlx5_5
MOC-R4PCC04U05:433337:433378 [0] NCCL INFO NET/IB : Made virtual device [0] name=mlx5_5 speed=400000 ndevs=1
MOC-R4PCC04U05:433337:433378 [0] NCCL INFO NET/IB : Using [0]mlx5_5:1/RoCE [RO]; OOB eno7np0:192.168.50.193<0>
MOC-R4PCC04U05:433339:433339 [2] NCCL INFO NCCL_SOCKET_IFNAME set to eno7np0
MOC-R4PCC04U05:433339:433339 [2] NCCL INFO NCCL version 2.26.2+cuda12.2
MOC-R4PCC04U05:433340:433340 [3] NCCL INFO NCCL_SOCKET_IFNAME set to eno7np0
MOC-R4PCC04U05:433340:433340 [3] NCCL INFO NCCL version 2.26.2+cuda12.2
MOC-R4PCC04U05:433338:433338 [1] NCCL INFO NCCL_SOCKET_IFNAME set to eno7np0
MOC-R4PCC04U05:433338:433338 [1] NCCL INFO NCCL version 2.26.2+cuda12.2
MOC-R4PCC04U05:433339:433380 [2] NCCL INFO NET/Plugin: Could not find: libnccl-net.so. Using internal net plugin.
MOC-R4PCC04U05:433340:433381 [3] NCCL INFO NET/Plugin: Could not find: libnccl-net.so. Using internal net plugin.
MOC-R4PCC04U05:433339:433380 [2] NCCL INFO NCCL_IB_HCA set to mlx5_5
MOC-R4PCC04U05:433340:433381 [3] NCCL INFO NCCL_IB_HCA set to mlx5_5
MOC-R4PCC04U05:433338:433382 [1] NCCL INFO NET/Plugin: Could not find: libnccl-net.so. Using internal net plugin.
MOC-R4PCC04U05:433338:433382 [1] NCCL INFO NCCL_IB_HCA set to mlx5_5
MOC-R4PCC04U05:433339:433380 [2] NCCL INFO NET/IB : Made virtual device [0] name=mlx5_5 speed=400000 ndevs=1
MOC-R4PCC04U05:433339:433380 [2] NCCL INFO NET/IB : Using [0]mlx5_5:1/RoCE [RO]; OOB eno7np0:192.168.50.193<0>
MOC-R4PCC04U05:433340:433381 [3] NCCL INFO NET/IB : Made virtual device [0] name=mlx5_5 speed=400000 ndevs=1
MOC-R4PCC04U05:433340:433381 [3] NCCL INFO NET/IB : Using [0]mlx5_5:1/RoCE [RO]; OOB eno7np0:192.168.50.193<0>
MOC-R4PCC04U05:433338:433382 [1] NCCL INFO NET/IB : Made virtual device [0] name=mlx5_5 speed=400000 ndevs=1
MOC-R4PCC04U05:433338:433382 [1] NCCL INFO NET/IB : Using [0]mlx5_5:1/RoCE [RO]; OOB eno7np0:192.168.50.193<0>
MOC-R4PCC04U05:433338:433382 [1] NCCL INFO NET/IB : GPU Direct RDMA Enabled for HCA 0 'mlx5_5'
MOC-R4PCC04U05:433338:433382 [1] NCCL INFO NET/IB : Made virtual device [1] name=mlx5_5 speed=400000 ndevs=1
MOC-R4PCC04U05:433338:433382 [1] NCCL INFO NET/IB : GPU Direct RDMA Enabled for HCA 0 'mlx5_5'
MOC-R4PCC04U05:433338:433382 [1] NCCL INFO NET/IB : GPU Direct RDMA Enabled for HCA 1 'mlx5_5'
MOC-R4PCC04U05:433339:433380 [2] NCCL INFO NET/IB : GPU Direct RDMA Enabled for HCA 0 'mlx5_5'
MOC-R4PCC04U05:433339:433380 [2] NCCL INFO NET/IB : Made virtual device [1] name=mlx5_5 speed=400000 ndevs=1
MOC-R4PCC04U05:433339:433380 [2] NCCL INFO NET/IB : GPU Direct RDMA Enabled for HCA 0 'mlx5_5'
MOC-R4PCC04U05:433339:433380 [2] NCCL INFO NET/IB : GPU Direct RDMA Enabled for HCA 1 'mlx5_5'
MOC-R4PCC04U05:433340:433381 [3] NCCL INFO NET/IB : GPU Direct RDMA Enabled for HCA 0 'mlx5_5'
MOC-R4PCC04U05:433337:433378 [0] NCCL INFO NET/IB : GPU Direct RDMA Enabled for HCA 0 'mlx5_5'
MOC-R4PCC04U05:433340:433381 [3] NCCL INFO NET/IB : Made virtual device [1] name=mlx5_5 speed=400000 ndevs=1
MOC-R4PCC04U05:433340:433381 [3] NCCL INFO NET/IB : GPU Direct RDMA Enabled for HCA 0 'mlx5_5'
MOC-R4PCC04U05:433337:433378 [0] NCCL INFO NET/IB : Made virtual device [1] name=mlx5_5 speed=400000 ndevs=1
MOC-R4PCC04U05:433340:433381 [3] NCCL INFO NET/IB : GPU Direct RDMA Enabled for HCA 1 'mlx5_5'
MOC-R4PCC04U05:433337:433378 [0] NCCL INFO NET/IB : GPU Direct RDMA Enabled for HCA 0 'mlx5_5'
MOC-R4PCC04U05:433337:433378 [0] NCCL INFO NET/IB : GPU Direct RDMA Enabled for HCA 1 'mlx5_5'
MOC-R4PCC04U05:433337:433378 [0] NCCL INFO NCCL_NET_GDR_LEVEL set by environment to LOC
MOC-R4PCC04U05:433337:433378 [0] NCCL INFO GPU Direct RDMA Disabled for GPU 0 / HCA 1 (distance 5 > 0)
MOC-R4PCC04U05:433337:433378 [0] NCCL INFO GPU Direct RDMA Disabled for GPU 1 / HCA 1 (distance 5 > 0)
MOC-R4PCC04U05:433337:433378 [0] NCCL INFO GPU Direct RDMA Disabled for GPU 2 / HCA 1 (distance 5 > 0)
MOC-R4PCC04U05:433337:433378 [0] NCCL INFO GPU Direct RDMA Disabled for GPU 0 / HCA 1 (distance 5 > 0)
MOC-R4PCC04U05:433337:433378 [0] NCCL INFO GPU Direct RDMA Disabled for GPU 1 / HCA 1 (distance 5 > 0)
MOC-R4PCC04U05:433337:433378 [0] NCCL INFO GPU Direct RDMA Disabled for GPU 2 / HCA 1 (distance 5 > 0)
MOC-R4PCC04U05:433340:433381 [3] NCCL INFO NCCL_NET_GDR_LEVEL set by environment to LOC
MOC-R4PCC04U05:433340:433381 [3] NCCL INFO GPU Direct RDMA Disabled for GPU 0 / HCA 1 (distance 5 > 0)
MOC-R4PCC04U05:433340:433381 [3] NCCL INFO GPU Direct RDMA Disabled for GPU 1 / HCA 1 (distance 5 > 0)
MOC-R4PCC04U05:433340:433381 [3] NCCL INFO GPU Direct RDMA Disabled for GPU 2 / HCA 1 (distance 5 > 0)
MOC-R4PCC04U05:433340:433381 [3] NCCL INFO GPU Direct RDMA Disabled for GPU 0 / HCA 1 (distance 5 > 0)
MOC-R4PCC04U05:433340:433381 [3] NCCL INFO GPU Direct RDMA Disabled for GPU 1 / HCA 1 (distance 5 > 0)
MOC-R4PCC04U05:433340:433381 [3] NCCL INFO GPU Direct RDMA Disabled for GPU 2 / HCA 1 (distance 5 > 0)
MOC-R4PCC04U05:433339:433380 [2] NCCL INFO NCCL_NET_GDR_LEVEL set by environment to LOC
MOC-R4PCC04U05:433339:433380 [2] NCCL INFO GPU Direct RDMA Disabled for GPU 0 / HCA 1 (distance 5 > 0)
MOC-R4PCC04U05:433339:433380 [2] NCCL INFO GPU Direct RDMA Disabled for GPU 1 / HCA 1 (distance 5 > 0)
MOC-R4PCC04U05:433339:433380 [2] NCCL INFO GPU Direct RDMA Disabled for GPU 2 / HCA 1 (distance 5 > 0)
MOC-R4PCC04U05:433339:433380 [2] NCCL INFO GPU Direct RDMA Disabled for GPU 0 / HCA 1 (distance 5 > 0)
MOC-R4PCC04U05:433339:433380 [2] NCCL INFO GPU Direct RDMA Disabled for GPU 1 / HCA 1 (distance 5 > 0)
MOC-R4PCC04U05:433339:433380 [2] NCCL INFO GPU Direct RDMA Disabled for GPU 2 / HCA 1 (distance 5 > 0)
MOC-R4PCC04U05:433338:433382 [1] NCCL INFO NCCL_NET_GDR_LEVEL set by environment to LOC
MOC-R4PCC04U05:433338:433382 [1] NCCL INFO GPU Direct RDMA Disabled for GPU 0 / HCA 1 (distance 5 > 0)
MOC-R4PCC04U05:433338:433382 [1] NCCL INFO GPU Direct RDMA Disabled for GPU 1 / HCA 1 (distance 5 > 0)
MOC-R4PCC04U05:433338:433382 [1] NCCL INFO GPU Direct RDMA Disabled for GPU 2 / HCA 1 (distance 5 > 0)
MOC-R4PCC04U05:433338:433382 [1] NCCL INFO GPU Direct RDMA Disabled for GPU 0 / HCA 1 (distance 5 > 0)
MOC-R4PCC04U05:433338:433382 [1] NCCL INFO GPU Direct RDMA Disabled for GPU 1 / HCA 1 (distance 5 > 0)
MOC-R4PCC04U05:433338:433382 [1] NCCL INFO GPU Direct RDMA Disabled for GPU 2 / HCA 1 (distance 5 > 0)
MOC-R4PCC04U05:433339:433395 [2] NCCL INFO New proxy recv connection 0 from local rank 2, transport 0
MOC-R4PCC04U05:433339:433402 [2] NCCL INFO Connected to proxy localRank 2 -> connection 0x7fabd8004f30
MOC-R4PCC04U05:433339:433395 [2] NCCL INFO New proxy recv connection 1 from local rank 2, transport 0
MOC-R4PCC04U05:433339:433402 [2] NCCL INFO Connected to proxy localRank 2 -> connection 0x7fabd8004fa8
MOC-R4PCC04U05:433338:433396 [1] NCCL INFO New proxy recv connection 0 from local rank 1, transport 0
MOC-R4PCC04U05:433338:433403 [1] NCCL INFO Connected to proxy localRank 1 -> connection 0x7f32e8004f30
MOC-R4PCC04U05:433340:433394 [3] NCCL INFO New proxy recv connection 0 from local rank 3, transport 0
MOC-R4PCC04U05:433340:433404 [3] NCCL INFO Connected to proxy localRank 3 -> connection 0x7f3994004f30
MOC-R4PCC04U05:433338:433396 [1] NCCL INFO New proxy recv connection 1 from local rank 1, transport 0
MOC-R4PCC04U05:433338:433403 [1] NCCL INFO Connected to proxy localRank 1 -> connection 0x7f32e8004fa8
MOC-R4PCC04U05:433340:433394 [3] NCCL INFO New proxy recv connection 1 from local rank 3, transport 0
MOC-R4PCC04U05:433340:433404 [3] NCCL INFO Connected to proxy localRank 3 -> connection 0x7f3994004fa8
MOC-R4PCC04U05:433340:433404 [3] NCCL INFO GPU Direct RDMA Disabled for GPU 3 / HCA 1 (distance 7 > 0)
MOC-R4PCC04U05:433340:433394 [3] NCCL INFO New proxy send connection 2 from local rank 3, transport 2
MOC-R4PCC04U05:433340:433404 [3] NCCL INFO Connected to proxy localRank 3 -> connection 0x7f3994005020
MOC-R4PCC04U05:433340:433404 [3] NCCL INFO Channel 00/0 : 3[3] -> 6[2] [send] via NET/IB/1
MOC-R4PCC04U05:433340:433404 [3] NCCL INFO GPU Direct RDMA Disabled for GPU 3 / HCA 1 (distance 7 > 0)
MOC-R4PCC04U05:433340:433394 [3] NCCL INFO New proxy send connection 3 from local rank 3, transport 2
MOC-R4PCC04U05:433340:433404 [3] NCCL INFO Connected to proxy localRank 3 -> connection 0x7f3994005098
MOC-R4PCC04U05:433340:433404 [3] NCCL INFO Channel 02/0 : 3[3] -> 6[2] [send] via NET/IB/1
MOC-R4PCC04U05:433337:433398 [0] NCCL INFO New proxy send connection 0 from local rank 0, transport 0
MOC-R4PCC04U05:433337:433406 [0] NCCL INFO Connected to proxy localRank 0 -> connection 0x7f0570004f30
MOC-R4PCC04U05:433337:433398 [0] NCCL INFO New proxy send connection 1 from local rank 0, transport 0
MOC-R4PCC04U05:433337:433406 [0] NCCL INFO Connected to proxy localRank 0 -> connection 0x7f0570004fa8
MOC-R4PCC04U05:433337:433398 [0] NCCL INFO New proxy send connection 2 from local rank 0, transport 0
MOC-R4PCC04U05:433337:433406 [0] NCCL INFO Connected to proxy localRank 0 -> connection 0x7f0570005020
MOC-R4PCC04U05:433339:433402 [2] NCCL INFO GPU Direct RDMA Disabled for GPU 2 / HCA 1 (distance 7 > 0)
MOC-R4PCC04U05:433337:433398 [0] NCCL INFO New proxy send connection 3 from local rank 0, transport 0
MOC-R4PCC04U05:433337:433406 [0] NCCL INFO Connected to proxy localRank 0 -> connection 0x7f0570005098
MOC-R4PCC04U05:433337:433398 [0] NCCL INFO New proxy recv connection 4 from local rank 0, transport 0
MOC-R4PCC04U05:433337:433406 [0] NCCL INFO Connected to proxy localRank 0 -> connection 0x7f0570005110
MOC-R4PCC04U05:433337:433398 [0] NCCL INFO New proxy recv connection 5 from local rank 0, transport 0
MOC-R4PCC04U05:433337:433406 [0] NCCL INFO Connected to proxy localRank 0 -> connection 0x7f0570005188
MOC-R4PCC04U05:433337:433398 [0] NCCL INFO New proxy recv connection 6 from local rank 0, transport 0
MOC-R4PCC04U05:433337:433406 [0] NCCL INFO Connected to proxy localRank 0 -> connection 0x7f0570005200
MOC-R4PCC04U05:433337:433398 [0] NCCL INFO New proxy recv connection 7 from local rank 0, transport 0
MOC-R4PCC04U05:433337:433406 [0] NCCL INFO Connected to proxy localRank 0 -> connection 0x7f0570005278
MOC-R4PCC04U05:433340:433404 [3] NCCL INFO GPU Direct RDMA Disabled for GPU 3 / HCA 1 (distance 7 > 0)
MOC-R4PCC04U05:433340:433394 [3] NCCL INFO New proxy recv connection 4 from local rank 3, transport 2
MOC-R4PCC04U05:433340:433404 [3] NCCL INFO Connected to proxy localRank 3 -> connection 0x7f3994005110
MOC-R4PCC04U05:433340:433404 [3] NCCL INFO Channel 01/0 : 6[2] -> 3[3] [receive] via NET/IB/1
MOC-R4PCC04U05:433340:433404 [3] NCCL INFO GPU Direct RDMA Disabled for GPU 3 / HCA 1 (distance 7 > 0)
MOC-R4PCC04U05:433340:433394 [3] NCCL INFO New proxy recv connection 5 from local rank 3, transport 2
MOC-R4PCC04U05:433340:433404 [3] NCCL INFO Connected to proxy localRank 3 -> connection 0x7f3994005188
MOC-R4PCC04U05:433340:433404 [3] NCCL INFO Channel 03/0 : 6[2] -> 3[3] [receive] via NET/IB/1
MOC-R4PCC04U05:433340:433394 [3] NCCL INFO New proxy send connection 6 from local rank 3, transport 0
MOC-R4PCC04U05:433340:433404 [3] NCCL INFO Connected to proxy localRank 3 -> connection 0x7f3994005200
MOC-R4PCC04U05:433339:433395 [2] NCCL INFO New proxy recv connection 2 from local rank 2, transport 2
MOC-R4PCC04U05:433339:433402 [2] NCCL INFO Connected to proxy localRank 2 -> connection 0x7fabd8005020
MOC-R4PCC04U05:433339:433402 [2] NCCL INFO Channel 00/0 : 7[3] -> 2[2] [receive] via NET/IB/1
MOC-R4PCC04U05:433339:433402 [2] NCCL INFO GPU Direct RDMA Disabled for GPU 2 / HCA 1 (distance 7 > 0)
MOC-R4PCC04U05:433339:433395 [2] NCCL INFO New proxy recv connection 3 from local rank 2, transport 2
MOC-R4PCC04U05:433339:433402 [2] NCCL INFO Connected to proxy localRank 2 -> connection 0x7fabd8005098
MOC-R4PCC04U05:433339:433402 [2] NCCL INFO Channel 02/0 : 7[3] -> 2[2] [receive] via NET/IB/1
MOC-R4PCC04U05:433339:433402 [2] NCCL INFO GPU Direct RDMA Disabled for GPU 2 / HCA 1 (distance 7 > 0)
MOC-R4PCC04U05:433339:433395 [2] NCCL INFO New proxy send connection 4 from local rank 2, transport 2
MOC-R4PCC04U05:433339:433402 [2] NCCL INFO Connected to proxy localRank 2 -> connection 0x7fabd8005110
MOC-R4PCC04U05:433339:433402 [2] NCCL INFO Channel 01/0 : 2[2] -> 7[3] [send] via NET/IB/1
MOC-R4PCC04U05:433339:433402 [2] NCCL INFO GPU Direct RDMA Disabled for GPU 2 / HCA 1 (distance 7 > 0)
MOC-R4PCC04U05:433339:433395 [2] NCCL INFO New proxy send connection 5 from local rank 2, transport 2
MOC-R4PCC04U05:433339:433402 [2] NCCL INFO Connected to proxy localRank 2 -> connection 0x7fabd8005188
MOC-R4PCC04U05:433339:433402 [2] NCCL INFO Channel 03/0 : 2[2] -> 7[3] [send] via NET/IB/1
MOC-R4PCC04U05:433340:433394 [3] NCCL INFO New proxy send connection 7 from local rank 3, transport 0
MOC-R4PCC04U05:433340:433404 [3] NCCL INFO Connected to proxy localRank 3 -> connection 0x7f3994005278
MOC-R4PCC04U05:433338:433396 [1] NCCL INFO New proxy recv connection 2 from local rank 1, transport 0
MOC-R4PCC04U05:433337:433398 [0] NCCL INFO New proxy send connection 8 from local rank 3, transport 0
MOC-R4PCC04U05:433338:433403 [1] NCCL INFO Connected to proxy localRank 1 -> connection 0x7f32e8005020
MOC-R4PCC04U05:433340:433404 [3] NCCL INFO Connected to proxy localRank 0 -> connection 0x7f05700052f0
MOC-R4PCC04U05:433338:433396 [1] NCCL INFO New proxy recv connection 3 from local rank 1, transport 0
MOC-R4PCC04U05:433338:433403 [1] NCCL INFO Connected to proxy localRank 1 -> connection 0x7f32e8005098
MOC-R4PCC04U05:433339:433395 [2] NCCL INFO New proxy send connection 6 from local rank 2, transport 0
MOC-R4PCC04U05:433339:433402 [2] NCCL INFO Connected to proxy localRank 2 -> connection 0x7fabd8005200
MOC-R4PCC04U05:433338:433396 [1] NCCL INFO New proxy send connection 4 from local rank 1, transport 0
MOC-R4PCC04U05:433338:433403 [1] NCCL INFO Connected to proxy localRank 1 -> connection 0x7f32e8005110
MOC-R4PCC04U05:433339:433395 [2] NCCL INFO New proxy send connection 7 from local rank 2, transport 0
MOC-R4PCC04U05:433339:433402 [2] NCCL INFO Connected to proxy localRank 2 -> connection 0x7fabd8005278
MOC-R4PCC04U05:433338:433396 [1] NCCL INFO New proxy send connection 5 from local rank 1, transport 0
MOC-R4PCC04U05:433338:433403 [1] NCCL INFO Connected to proxy localRank 1 -> connection 0x7f32e8005188
MOC-R4PCC04U05:433338:433396 [1] NCCL INFO New proxy send connection 6 from local rank 1, transport 0
MOC-R4PCC04U05:433338:433403 [1] NCCL INFO Connected to proxy localRank 1 -> connection 0x7f32e8005200
MOC-R4PCC04U05:433338:433396 [1] NCCL INFO New proxy send connection 7 from local rank 1, transport 0
MOC-R4PCC04U05:433338:433403 [1] NCCL INFO Connected to proxy localRank 1 -> connection 0x7f32e8005278
MOC-R4PCC04U05:433337:433398 [0] NCCL INFO New proxy send connection 9 from local rank 2, transport 0
MOC-R4PCC04U05:433340:433394 [3] NCCL INFO New proxy send connection 8 from local rank 1, transport 0
MOC-R4PCC04U05:433339:433402 [2] NCCL INFO Connected to proxy localRank 0 -> connection 0x7f0570005368
MOC-R4PCC04U05:433338:433403 [1] NCCL INFO Connected to proxy localRank 3 -> connection 0x7f39940052f0
MOC-R4PCC04U05:433339:433395 [2] NCCL INFO New proxy send connection 8 from local rank 0, transport 0
MOC-R4PCC04U05:433337:433406 [0] NCCL INFO Connected to proxy localRank 2 -> connection 0x7fabd80052f0
MOC-R4PCC04U05:433338:433396 [1] NCCL INFO New proxy send connection 8 from local rank 3, transport 0
MOC-R4PCC04U05:433340:433404 [3] NCCL INFO Connected to proxy localRank 1 -> connection 0x7f32e80052f0
MOC-R4PCC04U05:433340:433394 [3] NCCL INFO NET/IB: NCCL Dev 1 IbDev 0 Port 1 qpn 6398 mtu 3 query_ece={supported=1, vendor_id=0x15b3, options=0x30000002, comp_mask=0x0} GID 3 (0/C132A8C0FFFF0000) fifoRkey=0x1722e1 fifoLkey=0x1722e1
MOC-R4PCC04U05:433340:433394 [3] NCCL INFO NET/IB: NCCL Dev 1 IbDev 0 Port 1 qpn 6399 mtu 3 query_ece={supported=1, vendor_id=0x15b3, options=0x30000002, comp_mask=0x0} GID 3 (0/C132A8C0FFFF0000) fifoRkey=0x172eed fifoLkey=0x172eed
MOC-R4PCC04U05:433340:433394 [3] NCCL INFO NET/IB: IbDev 0 Port 1 qpn 6638 set_ece={supported=1, vendor_id=0x15b3, options=0x0, comp_mask=0x0}
MOC-R4PCC04U05:433338:433396 [1] NCCL INFO New proxy send connection 9 from local rank 2, transport 0
MOC-R4PCC04U05:433339:433402 [2] NCCL INFO Connected to proxy localRank 1 -> connection 0x7f32e8005368
MOC-R4PCC04U05:433337:433398 [0] NCCL INFO New proxy send connection 10 from local rank 1, transport 0
MOC-R4PCC04U05:433340:433394 [3] NCCL INFO NET/IB: IbDev 0 Port 1 qpn 6640 set_ece={supported=1, vendor_id=0x15b3, options=0x0, comp_mask=0x0}
MOC-R4PCC04U05:433338:433403 [1] NCCL INFO Connected to proxy localRank 0 -> connection 0x7f05700053e0
MOC-R4PCC04U05:433339:433395 [2] NCCL INFO NET/IB: NCCL Dev 1 IbDev 0 Port 1 qpn 6404 mtu 3 query_ece={supported=1, vendor_id=0x15b3, options=0x30000002, comp_mask=0x0} GID 3 (0/C132A8C0FFFF0000) fifoRkey=0x1716d5 fifoLkey=0x1716d5
MOC-R4PCC04U05:433339:433395 [2] NCCL INFO NET/IB: NCCL Dev 1 IbDev 0 Port 1 qpn 6405 mtu 3 query_ece={supported=1, vendor_id=0x15b3, options=0x30000002, comp_mask=0x0} GID 3 (0/C132A8C0FFFF0000) fifoRkey=0x17cb8a fifoLkey=0x17cb8a
MOC-R4PCC04U05:433340:433394 [3] NCCL INFO New proxy send connection 9 from local rank 0, transport 0
MOC-R4PCC04U05:433337:433406 [0] NCCL INFO Connected to proxy localRank 3 -> connection 0x7f3994005368
MOC-R4PCC04U05:433339:433395 [2] NCCL INFO NET/IB: IbDev 0 Port 1 qpn 6646 set_ece={supported=1, vendor_id=0x15b3, options=0x0, comp_mask=0x0}
MOC-R4PCC04U05:433339:433395 [2] NCCL INFO NET/IB: IbDev 0 Port 1 qpn 6648 set_ece={supported=1, vendor_id=0x15b3, options=0x0, comp_mask=0x0}
MOC-R4PCC04U05:433338:433396 [1] NCCL INFO New proxy send connection 10 from local rank 0, transport 0
MOC-R4PCC04U05:433337:433406 [0] NCCL INFO Connected to proxy localRank 1 -> connection 0x7f32e80053e0
MOC-R4PCC04U05:433339:433395 [2] NCCL INFO New proxy send connection 9 from local rank 1, transport 0
MOC-R4PCC04U05:433338:433403 [1] NCCL INFO Connected to proxy localRank 2 -> connection 0x7fabd8005368
num decayed parameter tensors: 50, with 124,318,464 parameters
num non-decayed parameter tensors: 98, with 121,344 parameters
using fused AdamW: False
using regular AdamW
MOC-R4PCC04U05:433339:433395 [2] NCCL INFO New proxy recv connection 10 from local rank 2, transport 0
MOC-R4PCC04U05:433339:434097 [2] NCCL INFO Connected to proxy localRank 2 -> connection 0x7fabd80053e0
MOC-R4PCC04U05:433339:433395 [2] NCCL INFO New proxy recv connection 11 from local rank 2, transport 0
MOC-R4PCC04U05:433339:434097 [2] NCCL INFO Connected to proxy localRank 2 -> connection 0x7fabd8005458
MOC-R4PCC04U05:433339:433395 [2] NCCL INFO New proxy recv connection 12 from local rank 2, transport 0
MOC-R4PCC04U05:433339:434097 [2] NCCL INFO Connected to proxy localRank 2 -> connection 0x7fabd80054d0
MOC-R4PCC04U05:433339:433395 [2] NCCL INFO New proxy recv connection 13 from local rank 2, transport 0
MOC-R4PCC04U05:433339:434097 [2] NCCL INFO Connected to proxy localRank 2 -> connection 0x7fabd8005548
MOC-R4PCC04U05:433337:433398 [0] NCCL INFO New proxy send connection 11 from local rank 0, transport 0
MOC-R4PCC04U05:433337:434098 [0] NCCL INFO Connected to proxy localRank 0 -> connection 0x7f0570005458
MOC-R4PCC04U05:433337:433398 [0] NCCL INFO New proxy send connection 12 from local rank 0, transport 0
MOC-R4PCC04U05:433337:434098 [0] NCCL INFO Connected to proxy localRank 0 -> connection 0x7f05700054d0
MOC-R4PCC04U05:433337:433398 [0] NCCL INFO New proxy send connection 13 from local rank 0, transport 0
MOC-R4PCC04U05:433337:434098 [0] NCCL INFO Connected to proxy localRank 0 -> connection 0x7f0570005548
MOC-R4PCC04U05:433337:433398 [0] NCCL INFO New proxy send connection 14 from local rank 0, transport 0
MOC-R4PCC04U05:433337:434098 [0] NCCL INFO Connected to proxy localRank 0 -> connection 0x7f05700055c0
MOC-R4PCC04U05:433338:433396 [1] NCCL INFO New proxy recv connection 11 from local rank 1, transport 0
MOC-R4PCC04U05:433338:434099 [1] NCCL INFO Connected to proxy localRank 1 -> connection 0x7f32e8005458
MOC-R4PCC04U05:433338:433396 [1] NCCL INFO New proxy recv connection 12 from local rank 1, transport 0
MOC-R4PCC04U05:433338:434099 [1] NCCL INFO Connected to proxy localRank 1 -> connection 0x7f32e80054d0
MOC-R4PCC04U05:433338:433396 [1] NCCL INFO New proxy recv connection 13 from local rank 1, transport 0
MOC-R4PCC04U05:433338:434099 [1] NCCL INFO Connected to proxy localRank 1 -> connection 0x7f32e8005548
MOC-R4PCC04U05:433338:433396 [1] NCCL INFO New proxy recv connection 14 from local rank 1, transport 0
MOC-R4PCC04U05:433338:434099 [1] NCCL INFO Connected to proxy localRank 1 -> connection 0x7f32e80055c0
MOC-R4PCC04U05:433338:433396 [1] NCCL INFO New proxy send connection 15 from local rank 1, transport 0
MOC-R4PCC04U05:433338:434099 [1] NCCL INFO Connected to proxy localRank 1 -> connection 0x7f32e8005638
MOC-R4PCC04U05:433338:433396 [1] NCCL INFO New proxy send connection 16 from local rank 1, transport 0
MOC-R4PCC04U05:433338:434099 [1] NCCL INFO Connected to proxy localRank 1 -> connection 0x7f32e80056b0
MOC-R4PCC04U05:433338:433396 [1] NCCL INFO New proxy send connection 17 from local rank 1, transport 0
MOC-R4PCC04U05:433338:434099 [1] NCCL INFO Connected to proxy localRank 1 -> connection 0x7f32e8005728
MOC-R4PCC04U05:433338:433396 [1] NCCL INFO New proxy send connection 18 from local rank 1, transport 0
MOC-R4PCC04U05:433338:434099 [1] NCCL INFO Connected to proxy localRank 1 -> connection 0x7f32e80057a0
MOC-R4PCC04U05:433337:433398 [0] NCCL INFO New proxy send connection 15 from local rank 0, transport 0
MOC-R4PCC04U05:433337:434098 [0] NCCL INFO Connected to proxy localRank 0 -> connection 0x7f0570005638
MOC-R4PCC04U05:433338:433396 [1] NCCL INFO New proxy recv connection 19 from local rank 1, transport 0
MOC-R4PCC04U05:433338:434099 [1] NCCL INFO Connected to proxy localRank 1 -> connection 0x7f32e8005818
MOC-R4PCC04U05:433339:433395 [2] NCCL INFO New proxy send connection 14 from local rank 2, transport 0
MOC-R4PCC04U05:433339:434097 [2] NCCL INFO Connected to proxy localRank 2 -> connection 0x7fabd80055c0
MOC-R4PCC04U05:433337:433398 [0] NCCL INFO New proxy send connection 16 from local rank 0, transport 0
MOC-R4PCC04U05:433338:433396 [1] NCCL INFO New proxy recv connection 20 from local rank 1, transport 0
MOC-R4PCC04U05:433337:434098 [0] NCCL INFO Connected to proxy localRank 0 -> connection 0x7f05700056b0
MOC-R4PCC04U05:433338:434099 [1] NCCL INFO Connected to proxy localRank 1 -> connection 0x7f32e8005890
MOC-R4PCC04U05:433339:433395 [2] NCCL INFO New proxy send connection 15 from local rank 2, transport 0
MOC-R4PCC04U05:433339:434097 [2] NCCL INFO Connected to proxy localRank 2 -> connection 0x7fabd8005638
MOC-R4PCC04U05:433340:433394 [3] NCCL INFO New proxy recv connection 10 from local rank 3, transport 0
MOC-R4PCC04U05:433340:434100 [3] NCCL INFO Connected to proxy localRank 3 -> connection 0x7f39940053e0
MOC-R4PCC04U05:433340:433394 [3] NCCL INFO New proxy recv connection 11 from local rank 3, transport 0
MOC-R4PCC04U05:433340:434100 [3] NCCL INFO Connected to proxy localRank 3 -> connection 0x7f3994005458
MOC-R4PCC04U05:433340:434100 [3] NCCL INFO GPU Direct RDMA Disabled for GPU 3 / HCA 1 (distance 7 > 0)
MOC-R4PCC04U05:433337:433398 [0] NCCL INFO New proxy recv connection 17 from local rank 0, transport 0
MOC-R4PCC04U05:433340:433394 [3] NCCL INFO New proxy recv connection 12 from local rank 3, transport 2
MOC-R4PCC04U05:433337:434098 [0] NCCL INFO Connected to proxy localRank 0 -> connection 0x7f0570005728
MOC-R4PCC04U05:433340:434100 [3] NCCL INFO Connected to proxy localRank 3 -> connection 0x7f39940054d0
MOC-R4PCC04U05:433340:434100 [3] NCCL INFO Channel 00/0 : 7[3] -> 3[3] [receive] via NET/IB/1
MOC-R4PCC04U05:433340:434100 [3] NCCL INFO GPU Direct RDMA Disabled for GPU 3 / HCA 1 (distance 7 > 0)
MOC-R4PCC04U05:433340:433394 [3] NCCL INFO New proxy recv connection 13 from local rank 3, transport 2
MOC-R4PCC04U05:433340:434100 [3] NCCL INFO Connected to proxy localRank 3 -> connection 0x7f3994005548
MOC-R4PCC04U05:433340:434100 [3] NCCL INFO Channel 01/0 : 7[3] -> 3[3] [receive] via NET/IB/1
MOC-R4PCC04U05:433340:434100 [3] NCCL INFO GPU Direct RDMA Disabled for GPU 3 / HCA 1 (distance 7 > 0)
MOC-R4PCC04U05:433340:433394 [3] NCCL INFO New proxy recv connection 14 from local rank 3, transport 2
MOC-R4PCC04U05:433340:434100 [3] NCCL INFO Connected to proxy localRank 3 -> connection 0x7f39940055c0
MOC-R4PCC04U05:433340:434100 [3] NCCL INFO Channel 02/0 : 7[3] -> 3[3] [receive] via NET/IB/1
MOC-R4PCC04U05:433340:434100 [3] NCCL INFO GPU Direct RDMA Disabled for GPU 3 / HCA 1 (distance 7 > 0)
MOC-R4PCC04U05:433340:433394 [3] NCCL INFO New proxy recv connection 15 from local rank 3, transport 2
MOC-R4PCC04U05:433340:434100 [3] NCCL INFO Connected to proxy localRank 3 -> connection 0x7f3994005638
MOC-R4PCC04U05:433340:434100 [3] NCCL INFO Channel 03/0 : 7[3] -> 3[3] [receive] via NET/IB/1
MOC-R4PCC04U05:433340:434100 [3] NCCL INFO GPU Direct RDMA Disabled for GPU 3 / HCA 1 (distance 7 > 0)
MOC-R4PCC04U05:433340:433394 [3] NCCL INFO New proxy send connection 16 from local rank 3, transport 2
MOC-R4PCC04U05:433340:434100 [3] NCCL INFO Connected to proxy localRank 3 -> connection 0x7f39940056b0
MOC-R4PCC04U05:433340:434100 [3] NCCL INFO Channel 00/0 : 3[3] -> 7[3] [send] via NET/IB/1
MOC-R4PCC04U05:433340:434100 [3] NCCL INFO GPU Direct RDMA Disabled for GPU 3 / HCA 1 (distance 7 > 0)
MOC-R4PCC04U05:433340:433394 [3] NCCL INFO New proxy send connection 17 from local rank 3, transport 2
MOC-R4PCC04U05:433340:434100 [3] NCCL INFO Connected to proxy localRank 3 -> connection 0x7f3994005728
MOC-R4PCC04U05:433340:434100 [3] NCCL INFO Channel 01/0 : 3[3] -> 7[3] [send] via NET/IB/1
MOC-R4PCC04U05:433340:434100 [3] NCCL INFO GPU Direct RDMA Disabled for GPU 3 / HCA 1 (distance 7 > 0)
MOC-R4PCC04U05:433340:433394 [3] NCCL INFO New proxy send connection 18 from local rank 3, transport 2
MOC-R4PCC04U05:433340:434100 [3] NCCL INFO Connected to proxy localRank 3 -> connection 0x7f39940057a0
MOC-R4PCC04U05:433340:434100 [3] NCCL INFO Channel 02/0 : 3[3] -> 7[3] [send] via NET/IB/1
MOC-R4PCC04U05:433340:434100 [3] NCCL INFO GPU Direct RDMA Disabled for GPU 3 / HCA 1 (distance 7 > 0)
MOC-R4PCC04U05:433340:433394 [3] NCCL INFO New proxy send connection 19 from local rank 3, transport 2
MOC-R4PCC04U05:433340:434100 [3] NCCL INFO Connected to proxy localRank 3 -> connection 0x7f3994005818
MOC-R4PCC04U05:433340:434100 [3] NCCL INFO Channel 03/0 : 3[3] -> 7[3] [send] via NET/IB/1
MOC-R4PCC04U05:433337:433398 [0] NCCL INFO New proxy recv connection 18 from local rank 0, transport 0
MOC-R4PCC04U05:433337:434098 [0] NCCL INFO Connected to proxy localRank 0 -> connection 0x7f05700057a0
MOC-R4PCC04U05:433337:433398 [0] NCCL INFO New proxy recv connection 19 from local rank 0, transport 0
MOC-R4PCC04U05:433337:434098 [0] NCCL INFO Connected to proxy localRank 0 -> connection 0x7f0570005818
MOC-R4PCC04U05:433337:433398 [0] NCCL INFO New proxy recv connection 20 from local rank 0, transport 0
MOC-R4PCC04U05:433337:434098 [0] NCCL INFO Connected to proxy localRank 0 -> connection 0x7f0570005890
MOC-R4PCC04U05:433340:433394 [3] NCCL INFO New proxy send connection 20 from local rank 3, transport 0
MOC-R4PCC04U05:433340:434100 [3] NCCL INFO Connected to proxy localRank 3 -> connection 0x7f3994005890
MOC-R4PCC04U05:433340:433394 [3] NCCL INFO New proxy send connection 21 from local rank 3, transport 0
MOC-R4PCC04U05:433340:434100 [3] NCCL INFO Connected to proxy localRank 3 -> connection 0x7f3994005908
MOC-R4PCC04U05:433340:433394 [3] NCCL INFO New proxy send connection 22 from local rank 3, transport 0
MOC-R4PCC04U05:433340:434100 [3] NCCL INFO Connected to proxy localRank 3 -> connection 0x7f3994005980
MOC-R4PCC04U05:433340:433394 [3] NCCL INFO New proxy send connection 23 from local rank 3, transport 0
MOC-R4PCC04U05:433340:434100 [3] NCCL INFO Connected to proxy localRank 3 -> connection 0x7f39940059f8
MOC-R4PCC04U05:433340:433394 [3] NCCL INFO NET/IB: NCCL Dev 1 IbDev 0 Port 1 qpn 6410 mtu 3 query_ece={supported=1, vendor_id=0x15b3, options=0x30000002, comp_mask=0x0} GID 3 (0/C132A8C0FFFF0000) fifoRkey=0x178443 fifoLkey=0x178443
MOC-R4PCC04U05:433340:433394 [3] NCCL INFO NET/IB: IbDev 0 Port 1 qpn 6651 set_ece={supported=1, vendor_id=0x15b3, options=0x0, comp_mask=0x0}
MOC-R4PCC04U05:433340:433394 [3] NCCL INFO NET/IB: NCCL Dev 1 IbDev 0 Port 1 qpn 6413 mtu 3 query_ece={supported=1, vendor_id=0x15b3, options=0x30000002, comp_mask=0x0} GID 3 (0/C132A8C0FFFF0000) fifoRkey=0x175412 fifoLkey=0x175412
MOC-R4PCC04U05:433340:433394 [3] NCCL INFO NET/IB: IbDev 0 Port 1 qpn 6654 set_ece={supported=1, vendor_id=0x15b3, options=0x0, comp_mask=0x0}
MOC-R4PCC04U05:433340:433394 [3] NCCL INFO NET/IB: NCCL Dev 1 IbDev 0 Port 1 qpn 6418 mtu 3 query_ece={supported=1, vendor_id=0x15b3, options=0x30000002, comp_mask=0x0} GID 3 (0/C132A8C0FFFF0000) fifoRkey=0x177837 fifoLkey=0x177837
MOC-R4PCC04U05:433340:433394 [3] NCCL INFO NET/IB: NCCL Dev 1 IbDev 0 Port 1 qpn 6419 mtu 3 query_ece={supported=1, vendor_id=0x15b3, options=0x30000002, comp_mask=0x0} GID 3 (0/C132A8C0FFFF0000) fifoRkey=0x180dcc fifoLkey=0x180dcc
MOC-R4PCC04U05:433340:433394 [3] NCCL INFO NET/IB: IbDev 0 Port 1 qpn 6657 set_ece={supported=1, vendor_id=0x15b3, options=0x0, comp_mask=0x0}
MOC-R4PCC04U05:433340:433394 [3] NCCL INFO NET/IB: IbDev 0 Port 1 qpn 6660 set_ece={supported=1, vendor_id=0x15b3, options=0x0, comp_mask=0x0}
step    1/10 | train loss 11.009807 | norm 15.3616 | lr 1.00e-04 | (13947.30 ms | 150363 tok/s)
step    2/10 | train loss 10.138540 | norm 5.7423 | lr 1.00e-04 | (627.93 ms | 3339761 tok/s)
step    3/10 | train loss 9.797913 | norm 2.6066 | lr 1.00e-04 | (628.76 ms | 3335380 tok/s)
step    4/10 | train loss 9.628581 | norm 2.1114 | lr 1.00e-04 | (626.79 ms | 3345886 tok/s)
step    5/10 | train loss 9.545599 | norm 2.1044 | lr 1.00e-04 | (629.92 ms | 3329242 tok/s)
step    6/10 | train loss 9.464418 | norm 1.9969 | lr 1.00e-04 | (629.49 ms | 3331504 tok/s)
step    7/10 | train loss 9.378775 | norm 1.9478 | lr 1.00e-04 | (629.55 ms | 3331188 tok/s)
step    8/10 | train loss 9.286817 | norm 1.9138 | lr 1.00e-04 | (631.87 ms | 3318966 tok/s)
step    9/10 | train loss 9.191320 | norm 1.8554 | lr 1.00e-04 | (634.97 ms | 3302768 tok/s)
step   10/10 | train loss 9.107038 | norm 1.7972 | lr 1.00e-04 | (635.99 ms | 3297446 tok/s)
final 9 iters avg: 630.586ms
peak memory consumption: 16601 MiB
