Running pytorch 2.7.0+cu126
using device: cuda:0
total desired batch size: 1572864
=> calculated gradient accumulation steps: 6
using device: cuda:3
using device: cuda:2
using device: cuda:1
compiling the model...
DataLoader: total number of tokens: 1,661,249,667 across 103 files
MOC-R4PCC04U05:402371:402371 [0] NCCL INFO NCCL_SOCKET_IFNAME set to eno7np0
MOC-R4PCC04U05:402371:402371 [0] NCCL INFO NCCL version 2.26.2+cuda12.2
MOC-R4PCC04U05:402371:402413 [0] NCCL INFO NET/Plugin: Could not find: libnccl-net.so. Using internal net plugin.
MOC-R4PCC04U05:402371:402413 [0] NCCL INFO NCCL_IB_HCA set to mlx5_5
MOC-R4PCC04U05:402373:402373 [2] NCCL INFO NCCL_SOCKET_IFNAME set to eno7np0
MOC-R4PCC04U05:402373:402373 [2] NCCL INFO NCCL version 2.26.2+cuda12.2
MOC-R4PCC04U05:402371:402413 [0] NCCL INFO NET/IB : Made virtual device [0] name=mlx5_5 speed=400000 ndevs=1
MOC-R4PCC04U05:402371:402413 [0] NCCL INFO NET/IB : Using [0]mlx5_5:1/RoCE [RO]; OOB eno7np0:192.168.50.193<0>
MOC-R4PCC04U05:402374:402374 [3] NCCL INFO NCCL_SOCKET_IFNAME set to eno7np0
MOC-R4PCC04U05:402374:402374 [3] NCCL INFO NCCL version 2.26.2+cuda12.2
MOC-R4PCC04U05:402372:402372 [1] NCCL INFO NCCL_SOCKET_IFNAME set to eno7np0
MOC-R4PCC04U05:402372:402372 [1] NCCL INFO NCCL version 2.26.2+cuda12.2
MOC-R4PCC04U05:402373:402414 [2] NCCL INFO NET/Plugin: Could not find: libnccl-net.so. Using internal net plugin.
MOC-R4PCC04U05:402373:402414 [2] NCCL INFO NCCL_IB_HCA set to mlx5_5
MOC-R4PCC04U05:402373:402414 [2] NCCL INFO NET/IB : Made virtual device [0] name=mlx5_5 speed=400000 ndevs=1
MOC-R4PCC04U05:402373:402414 [2] NCCL INFO NET/IB : Using [0]mlx5_5:1/RoCE [RO]; OOB eno7np0:192.168.50.193<0>
MOC-R4PCC04U05:402374:402416 [3] NCCL INFO NET/Plugin: Could not find: libnccl-net.so. Using internal net plugin.
MOC-R4PCC04U05:402374:402416 [3] NCCL INFO NCCL_IB_HCA set to mlx5_5
MOC-R4PCC04U05:402374:402416 [3] NCCL INFO NET/IB : Made virtual device [0] name=mlx5_5 speed=400000 ndevs=1
MOC-R4PCC04U05:402374:402416 [3] NCCL INFO NET/IB : Using [0]mlx5_5:1/RoCE [RO]; OOB eno7np0:192.168.50.193<0>
MOC-R4PCC04U05:402372:402417 [1] NCCL INFO NET/Plugin: Could not find: libnccl-net.so. Using internal net plugin.
MOC-R4PCC04U05:402372:402417 [1] NCCL INFO NCCL_IB_HCA set to mlx5_5
MOC-R4PCC04U05:402372:402417 [1] NCCL INFO NET/IB : Made virtual device [0] name=mlx5_5 speed=400000 ndevs=1
MOC-R4PCC04U05:402372:402417 [1] NCCL INFO NET/IB : Using [0]mlx5_5:1/RoCE [RO]; OOB eno7np0:192.168.50.193<0>
MOC-R4PCC04U05:402374:402416 [3] NCCL INFO NET/IB : GPU Direct RDMA Enabled for HCA 0 'mlx5_5'
MOC-R4PCC04U05:402374:402416 [3] NCCL INFO NET/IB : Made virtual device [1] name=mlx5_5 speed=400000 ndevs=1
MOC-R4PCC04U05:402374:402416 [3] NCCL INFO NET/IB : GPU Direct RDMA Enabled for HCA 0 'mlx5_5'
MOC-R4PCC04U05:402374:402416 [3] NCCL INFO NET/IB : GPU Direct RDMA Enabled for HCA 1 'mlx5_5'
MOC-R4PCC04U05:402373:402414 [2] NCCL INFO NET/IB : GPU Direct RDMA Enabled for HCA 0 'mlx5_5'
MOC-R4PCC04U05:402373:402414 [2] NCCL INFO NET/IB : Made virtual device [1] name=mlx5_5 speed=400000 ndevs=1
MOC-R4PCC04U05:402373:402414 [2] NCCL INFO NET/IB : GPU Direct RDMA Enabled for HCA 0 'mlx5_5'
MOC-R4PCC04U05:402373:402414 [2] NCCL INFO NET/IB : GPU Direct RDMA Enabled for HCA 1 'mlx5_5'
MOC-R4PCC04U05:402372:402417 [1] NCCL INFO NET/IB : GPU Direct RDMA Enabled for HCA 0 'mlx5_5'
MOC-R4PCC04U05:402372:402417 [1] NCCL INFO NET/IB : Made virtual device [1] name=mlx5_5 speed=400000 ndevs=1
MOC-R4PCC04U05:402372:402417 [1] NCCL INFO NET/IB : GPU Direct RDMA Enabled for HCA 0 'mlx5_5'
MOC-R4PCC04U05:402372:402417 [1] NCCL INFO NET/IB : GPU Direct RDMA Enabled for HCA 1 'mlx5_5'
MOC-R4PCC04U05:402371:402413 [0] NCCL INFO NET/IB : GPU Direct RDMA Enabled for HCA 0 'mlx5_5'
MOC-R4PCC04U05:402371:402413 [0] NCCL INFO NET/IB : Made virtual device [1] name=mlx5_5 speed=400000 ndevs=1
MOC-R4PCC04U05:402371:402413 [0] NCCL INFO NET/IB : GPU Direct RDMA Enabled for HCA 0 'mlx5_5'
MOC-R4PCC04U05:402371:402413 [0] NCCL INFO NET/IB : GPU Direct RDMA Enabled for HCA 1 'mlx5_5'
MOC-R4PCC04U05:402371:402413 [0] NCCL INFO GPU Direct RDMA Enabled for GPU 0 / HCA 1 (distance 5 <= 5), read 0 mode Default
MOC-R4PCC04U05:402371:402413 [0] NCCL INFO GPU Direct RDMA Enabled for GPU 1 / HCA 1 (distance 5 <= 5), read 0 mode Default
MOC-R4PCC04U05:402371:402413 [0] NCCL INFO GPU Direct RDMA Enabled for GPU 2 / HCA 1 (distance 5 <= 5), read 0 mode Default
MOC-R4PCC04U05:402371:402413 [0] NCCL INFO GPU Direct RDMA Enabled for GPU 3 / HCA 1 (distance 5 <= 5), read 0 mode Default
MOC-R4PCC04U05:402371:402413 [0] NCCL INFO GPU Direct RDMA Enabled for GPU 0 / HCA 1 (distance 5 <= 5), read 0 mode Default
MOC-R4PCC04U05:402371:402413 [0] NCCL INFO GPU Direct RDMA Enabled for GPU 1 / HCA 1 (distance 5 <= 5), read 0 mode Default
MOC-R4PCC04U05:402371:402413 [0] NCCL INFO GPU Direct RDMA Enabled for GPU 2 / HCA 1 (distance 5 <= 5), read 0 mode Default
MOC-R4PCC04U05:402371:402413 [0] NCCL INFO GPU Direct RDMA Enabled for GPU 3 / HCA 1 (distance 5 <= 5), read 0 mode Default
MOC-R4PCC04U05:402373:402414 [2] NCCL INFO GPU Direct RDMA Enabled for GPU 0 / HCA 1 (distance 5 <= 5), read 0 mode Default
MOC-R4PCC04U05:402373:402414 [2] NCCL INFO GPU Direct RDMA Enabled for GPU 1 / HCA 1 (distance 5 <= 5), read 0 mode Default
MOC-R4PCC04U05:402373:402414 [2] NCCL INFO GPU Direct RDMA Enabled for GPU 2 / HCA 1 (distance 5 <= 5), read 0 mode Default
MOC-R4PCC04U05:402373:402414 [2] NCCL INFO GPU Direct RDMA Enabled for GPU 3 / HCA 1 (distance 5 <= 5), read 0 mode Default
MOC-R4PCC04U05:402373:402414 [2] NCCL INFO GPU Direct RDMA Enabled for GPU 0 / HCA 1 (distance 5 <= 5), read 0 mode Default
MOC-R4PCC04U05:402373:402414 [2] NCCL INFO GPU Direct RDMA Enabled for GPU 1 / HCA 1 (distance 5 <= 5), read 0 mode Default
MOC-R4PCC04U05:402373:402414 [2] NCCL INFO GPU Direct RDMA Enabled for GPU 2 / HCA 1 (distance 5 <= 5), read 0 mode Default
MOC-R4PCC04U05:402373:402414 [2] NCCL INFO GPU Direct RDMA Enabled for GPU 3 / HCA 1 (distance 5 <= 5), read 0 mode Default
MOC-R4PCC04U05:402374:402416 [3] NCCL INFO GPU Direct RDMA Enabled for GPU 0 / HCA 1 (distance 5 <= 5), read 0 mode Default
MOC-R4PCC04U05:402374:402416 [3] NCCL INFO GPU Direct RDMA Enabled for GPU 1 / HCA 1 (distance 5 <= 5), read 0 mode Default
MOC-R4PCC04U05:402374:402416 [3] NCCL INFO GPU Direct RDMA Enabled for GPU 2 / HCA 1 (distance 5 <= 5), read 0 mode Default
MOC-R4PCC04U05:402374:402416 [3] NCCL INFO GPU Direct RDMA Enabled for GPU 3 / HCA 1 (distance 5 <= 5), read 0 mode Default
MOC-R4PCC04U05:402372:402417 [1] NCCL INFO GPU Direct RDMA Enabled for GPU 0 / HCA 1 (distance 5 <= 5), read 0 mode Default
MOC-R4PCC04U05:402374:402416 [3] NCCL INFO GPU Direct RDMA Enabled for GPU 0 / HCA 1 (distance 5 <= 5), read 0 mode Default
MOC-R4PCC04U05:402372:402417 [1] NCCL INFO GPU Direct RDMA Enabled for GPU 1 / HCA 1 (distance 5 <= 5), read 0 mode Default
MOC-R4PCC04U05:402374:402416 [3] NCCL INFO GPU Direct RDMA Enabled for GPU 1 / HCA 1 (distance 5 <= 5), read 0 mode Default
MOC-R4PCC04U05:402372:402417 [1] NCCL INFO GPU Direct RDMA Enabled for GPU 2 / HCA 1 (distance 5 <= 5), read 0 mode Default
MOC-R4PCC04U05:402374:402416 [3] NCCL INFO GPU Direct RDMA Enabled for GPU 2 / HCA 1 (distance 5 <= 5), read 0 mode Default
MOC-R4PCC04U05:402372:402417 [1] NCCL INFO GPU Direct RDMA Enabled for GPU 3 / HCA 1 (distance 5 <= 5), read 0 mode Default
MOC-R4PCC04U05:402374:402416 [3] NCCL INFO GPU Direct RDMA Enabled for GPU 3 / HCA 1 (distance 5 <= 5), read 0 mode Default
MOC-R4PCC04U05:402372:402417 [1] NCCL INFO GPU Direct RDMA Enabled for GPU 0 / HCA 1 (distance 5 <= 5), read 0 mode Default
MOC-R4PCC04U05:402372:402417 [1] NCCL INFO GPU Direct RDMA Enabled for GPU 1 / HCA 1 (distance 5 <= 5), read 0 mode Default
MOC-R4PCC04U05:402372:402417 [1] NCCL INFO GPU Direct RDMA Enabled for GPU 2 / HCA 1 (distance 5 <= 5), read 0 mode Default
MOC-R4PCC04U05:402372:402417 [1] NCCL INFO GPU Direct RDMA Enabled for GPU 3 / HCA 1 (distance 5 <= 5), read 0 mode Default
MOC-R4PCC04U05:402372:402430 [1] NCCL INFO New proxy recv connection 0 from local rank 1, transport 0
MOC-R4PCC04U05:402372:402437 [1] NCCL INFO Connected to proxy localRank 1 -> connection 0x7efa6c004f30
MOC-R4PCC04U05:402373:402438 [2] NCCL INFO GPU Direct RDMA Enabled for GPU 2 / HCA 1 (distance 5 <= 5), read 0 mode Default
MOC-R4PCC04U05:402372:402430 [1] NCCL INFO New proxy recv connection 1 from local rank 1, transport 0
MOC-R4PCC04U05:402372:402437 [1] NCCL INFO Connected to proxy localRank 1 -> connection 0x7efa6c004fa8
MOC-R4PCC04U05:402374:402429 [3] NCCL INFO New proxy recv connection 0 from local rank 3, transport 0
MOC-R4PCC04U05:402374:402439 [3] NCCL INFO Connected to proxy localRank 3 -> connection 0x7fd1f0004f30
MOC-R4PCC04U05:402372:402430 [1] NCCL INFO New proxy recv connection 2 from local rank 1, transport 0
MOC-R4PCC04U05:402372:402437 [1] NCCL INFO Connected to proxy localRank 1 -> connection 0x7efa6c005020
MOC-R4PCC04U05:402373:402435 [2] NCCL INFO New proxy recv connection 0 from local rank 2, transport 2
MOC-R4PCC04U05:402373:402438 [2] NCCL INFO Connected to proxy localRank 2 -> connection 0x7f0a9c004f30
MOC-R4PCC04U05:402373:402438 [2] NCCL INFO Channel 00/0 : 7[3] -> 2[2] [receive] via NET/IB/1/GDRDMA
MOC-R4PCC04U05:402373:402438 [2] NCCL INFO GPU Direct RDMA Enabled for GPU 2 / HCA 1 (distance 5 <= 5), read 0 mode Default
MOC-R4PCC04U05:402373:402435 [2] NCCL INFO New proxy recv connection 1 from local rank 2, transport 2
MOC-R4PCC04U05:402373:402438 [2] NCCL INFO Connected to proxy localRank 2 -> connection 0x7f0a9c004fa8
MOC-R4PCC04U05:402373:402438 [2] NCCL INFO Channel 01/0 : 7[3] -> 2[2] [receive] via NET/IB/1/GDRDMA
MOC-R4PCC04U05:402373:402438 [2] NCCL INFO GPU Direct RDMA Enabled for GPU 2 / HCA 1 (distance 5 <= 5), read 0 mode Default
MOC-R4PCC04U05:402373:402435 [2] NCCL INFO New proxy recv connection 2 from local rank 2, transport 2
MOC-R4PCC04U05:402373:402438 [2] NCCL INFO Connected to proxy localRank 2 -> connection 0x7f0a9c005020
MOC-R4PCC04U05:402373:402438 [2] NCCL INFO Channel 02/0 : 7[3] -> 2[2] [receive] via NET/IB/1/GDRDMA
MOC-R4PCC04U05:402373:402438 [2] NCCL INFO GPU Direct RDMA Enabled for GPU 2 / HCA 1 (distance 5 <= 5), read 0 mode Default
MOC-R4PCC04U05:402373:402435 [2] NCCL INFO New proxy recv connection 3 from local rank 2, transport 2
MOC-R4PCC04U05:402373:402438 [2] NCCL INFO Connected to proxy localRank 2 -> connection 0x7f0a9c005098
MOC-R4PCC04U05:402373:402438 [2] NCCL INFO Channel 03/0 : 7[3] -> 2[2] [receive] via NET/IB/1/GDRDMA
MOC-R4PCC04U05:402373:402435 [2] NCCL INFO New proxy send connection 4 from local rank 2, transport 0
MOC-R4PCC04U05:402373:402438 [2] NCCL INFO Connected to proxy localRank 2 -> connection 0x7f0a9c005110
MOC-R4PCC04U05:402374:402429 [3] NCCL INFO New proxy recv connection 1 from local rank 3, transport 0
MOC-R4PCC04U05:402374:402439 [3] NCCL INFO Connected to proxy localRank 3 -> connection 0x7fd1f0004fa8
MOC-R4PCC04U05:402372:402430 [1] NCCL INFO New proxy recv connection 3 from local rank 1, transport 0
MOC-R4PCC04U05:402372:402437 [1] NCCL INFO Connected to proxy localRank 1 -> connection 0x7efa6c005098
MOC-R4PCC04U05:402374:402429 [3] NCCL INFO New proxy recv connection 2 from local rank 3, transport 0
MOC-R4PCC04U05:402372:402430 [1] NCCL INFO New proxy send connection 4 from local rank 1, transport 0
MOC-R4PCC04U05:402374:402439 [3] NCCL INFO Connected to proxy localRank 3 -> connection 0x7fd1f0005020
MOC-R4PCC04U05:402372:402437 [1] NCCL INFO Connected to proxy localRank 1 -> connection 0x7efa6c005110
MOC-R4PCC04U05:402374:402429 [3] NCCL INFO New proxy recv connection 3 from local rank 3, transport 0
MOC-R4PCC04U05:402373:402435 [2] NCCL INFO New proxy send connection 5 from local rank 2, transport 0
MOC-R4PCC04U05:402374:402439 [3] NCCL INFO Connected to proxy localRank 3 -> connection 0x7fd1f0005098
MOC-R4PCC04U05:402373:402438 [2] NCCL INFO Connected to proxy localRank 2 -> connection 0x7f0a9c005188
MOC-R4PCC04U05:402372:402430 [1] NCCL INFO New proxy send connection 5 from local rank 1, transport 0
MOC-R4PCC04U05:402372:402437 [1] NCCL INFO Connected to proxy localRank 1 -> connection 0x7efa6c005188
MOC-R4PCC04U05:402371:402431 [0] NCCL INFO New proxy send connection 0 from local rank 0, transport 0
MOC-R4PCC04U05:402371:402441 [0] NCCL INFO Connected to proxy localRank 0 -> connection 0x7f560c004f30
MOC-R4PCC04U05:402374:402439 [3] NCCL INFO GPU Direct RDMA Enabled for GPU 3 / HCA 1 (distance 5 <= 5), read 1 mode Default
MOC-R4PCC04U05:402372:402430 [1] NCCL INFO New proxy send connection 6 from local rank 1, transport 0
MOC-R4PCC04U05:402372:402437 [1] NCCL INFO Connected to proxy localRank 1 -> connection 0x7efa6c005200
MOC-R4PCC04U05:402373:402435 [2] NCCL INFO New proxy send connection 6 from local rank 2, transport 0
MOC-R4PCC04U05:402373:402438 [2] NCCL INFO Connected to proxy localRank 2 -> connection 0x7f0a9c005200
MOC-R4PCC04U05:402373:402435 [2] NCCL INFO New proxy send connection 7 from local rank 3, transport 2
MOC-R4PCC04U05:402374:402439 [3] NCCL INFO Connected to proxy localRank 2 -> connection 0x7f0a9c005278
MOC-R4PCC04U05:402372:402430 [1] NCCL INFO New proxy send connection 7 from local rank 1, transport 0
MOC-R4PCC04U05:402372:402437 [1] NCCL INFO Connected to proxy localRank 1 -> connection 0x7efa6c005278
MOC-R4PCC04U05:402371:402431 [0] NCCL INFO New proxy send connection 1 from local rank 0, transport 0
MOC-R4PCC04U05:402371:402441 [0] NCCL INFO Connected to proxy localRank 0 -> connection 0x7f560c004fa8
MOC-R4PCC04U05:402374:402439 [3] NCCL INFO Channel 00/0 : 3[3] -> 6[2] [send] via NET/IB/1(2)/GDRDMA
MOC-R4PCC04U05:402374:402439 [3] NCCL INFO GPU Direct RDMA Enabled for GPU 3 / HCA 1 (distance 5 <= 5), read 1 mode Default
MOC-R4PCC04U05:402373:402435 [2] NCCL INFO New proxy send connection 8 from local rank 2, transport 0
MOC-R4PCC04U05:402373:402438 [2] NCCL INFO Connected to proxy localRank 2 -> connection 0x7f0a9c0052f0
MOC-R4PCC04U05:402373:402435 [2] NCCL INFO New proxy send connection 9 from local rank 3, transport 2
MOC-R4PCC04U05:402374:402439 [3] NCCL INFO Connected to proxy localRank 2 -> connection 0x7f0a9c005368
MOC-R4PCC04U05:402371:402431 [0] NCCL INFO New proxy send connection 2 from local rank 0, transport 0
MOC-R4PCC04U05:402371:402441 [0] NCCL INFO Connected to proxy localRank 0 -> connection 0x7f560c005020
MOC-R4PCC04U05:402374:402439 [3] NCCL INFO Channel 01/0 : 3[3] -> 6[2] [send] via NET/IB/1(2)/GDRDMA
MOC-R4PCC04U05:402374:402439 [3] NCCL INFO GPU Direct RDMA Enabled for GPU 3 / HCA 1 (distance 5 <= 5), read 1 mode Default
MOC-R4PCC04U05:402373:402435 [2] NCCL INFO New proxy send connection 10 from local rank 3, transport 2
MOC-R4PCC04U05:402374:402439 [3] NCCL INFO Connected to proxy localRank 2 -> connection 0x7f0a9c0053e0
MOC-R4PCC04U05:402371:402431 [0] NCCL INFO New proxy send connection 3 from local rank 0, transport 0
MOC-R4PCC04U05:402374:402439 [3] NCCL INFO Channel 02/0 : 3[3] -> 6[2] [send] via NET/IB/1(2)/GDRDMA
MOC-R4PCC04U05:402374:402439 [3] NCCL INFO GPU Direct RDMA Enabled for GPU 3 / HCA 1 (distance 5 <= 5), read 1 mode Default
MOC-R4PCC04U05:402371:402441 [0] NCCL INFO Connected to proxy localRank 0 -> connection 0x7f560c005098
MOC-R4PCC04U05:402373:402435 [2] NCCL INFO New proxy send connection 11 from local rank 3, transport 2
MOC-R4PCC04U05:402374:402439 [3] NCCL INFO Connected to proxy localRank 2 -> connection 0x7f0a9c005458
MOC-R4PCC04U05:402374:402439 [3] NCCL INFO Channel 03/0 : 3[3] -> 6[2] [send] via NET/IB/1(2)/GDRDMA
MOC-R4PCC04U05:402372:402430 [1] NCCL INFO New proxy send connection 8 from local rank 2, transport 0
MOC-R4PCC04U05:402373:402438 [2] NCCL INFO Connected to proxy localRank 1 -> connection 0x7efa6c0052f0
MOC-R4PCC04U05:402371:402431 [0] NCCL INFO New proxy recv connection 4 from local rank 0, transport 0
MOC-R4PCC04U05:402371:402441 [0] NCCL INFO Connected to proxy localRank 0 -> connection 0x7f560c005110
MOC-R4PCC04U05:402371:402431 [0] NCCL INFO New proxy send connection 5 from local rank 3, transport 0
MOC-R4PCC04U05:402374:402439 [3] NCCL INFO Connected to proxy localRank 0 -> connection 0x7f560c005188
MOC-R4PCC04U05:402371:402431 [0] NCCL INFO New proxy recv connection 6 from local rank 0, transport 0
MOC-R4PCC04U05:402371:402441 [0] NCCL INFO Connected to proxy localRank 0 -> connection 0x7f560c005200
MOC-R4PCC04U05:402371:402431 [0] NCCL INFO New proxy recv connection 7 from local rank 0, transport 0
MOC-R4PCC04U05:402371:402441 [0] NCCL INFO Connected to proxy localRank 0 -> connection 0x7f560c005278
MOC-R4PCC04U05:402371:402431 [0] NCCL INFO New proxy recv connection 8 from local rank 0, transport 0
MOC-R4PCC04U05:402371:402441 [0] NCCL INFO Connected to proxy localRank 0 -> connection 0x7f560c0052f0
MOC-R4PCC04U05:402371:402431 [0] NCCL INFO New proxy send connection 9 from local rank 1, transport 0
MOC-R4PCC04U05:402374:402429 [3] NCCL INFO New proxy send connection 4 from local rank 0, transport 0
MOC-R4PCC04U05:402372:402437 [1] NCCL INFO Connected to proxy localRank 0 -> connection 0x7f560c005368
MOC-R4PCC04U05:402371:402441 [0] NCCL INFO Connected to proxy localRank 3 -> connection 0x7fd1f0005110
MOC-R4PCC04U05:402373:402435 [2] NCCL INFO New proxy send connection 12 from local rank 1, transport 0
MOC-R4PCC04U05:402372:402437 [1] NCCL INFO Connected to proxy localRank 2 -> connection 0x7f0a9c0054d0
MOC-R4PCC04U05:402372:402430 [1] NCCL INFO New proxy send connection 9 from local rank 0, transport 0
MOC-R4PCC04U05:402371:402441 [0] NCCL INFO Connected to proxy localRank 1 -> connection 0x7efa6c005368
MOC-R4PCC04U05:402373:402435 [2] NCCL INFO NET/IB: NCCL Dev 1 IbDev 0 Port 1 qpn 5854 mtu 3 query_ece={supported=1, vendor_id=0x15b3, options=0x30000002, comp_mask=0x0} GID 3 (0/C132A8C0FFFF0000) fifoRkey=0x17bf7e fifoLkey=0x17bf7e
MOC-R4PCC04U05:402373:402435 [2] NCCL INFO NET/IB: NCCL Dev 1 IbDev 0 Port 1 qpn 5855 mtu 3 query_ece={supported=1, vendor_id=0x15b3, options=0x30000002, comp_mask=0x0} GID 3 (0/C132A8C0FFFF0000) fifoRkey=0x1722e1 fifoLkey=0x1722e1
MOC-R4PCC04U05:402373:402435 [2] NCCL INFO NET/IB: NCCL Dev 1 IbDev 0 Port 1 qpn 5856 mtu 3 query_ece={supported=1, vendor_id=0x15b3, options=0x30000002, comp_mask=0x0} GID 3 (0/C132A8C0FFFF0000) fifoRkey=0x175412 fifoLkey=0x175412
MOC-R4PCC04U05:402373:402435 [2] NCCL INFO NET/IB: NCCL Dev 1 IbDev 0 Port 1 qpn 5857 mtu 3 query_ece={supported=1, vendor_id=0x15b3, options=0x30000002, comp_mask=0x0} GID 3 (0/C132A8C0FFFF0000) fifoRkey=0x170bca fifoLkey=0x170bca
MOC-R4PCC04U05:402373:402435 [2] NCCL INFO NET/IB: IbDev 0 Port 1 qpn 6090 set_ece={supported=1, vendor_id=0x15b3, options=0x0, comp_mask=0x0}
MOC-R4PCC04U05:402373:402435 [2] NCCL INFO New proxy send connection 13 from local rank 3, transport 0
MOC-R4PCC04U05:402374:402439 [3] NCCL INFO Connected to proxy localRank 2 -> connection 0x7f0a9c005548
MOC-R4PCC04U05:402373:402435 [2] NCCL INFO NET/IB: IbDev 0 Port 1 qpn 6092 set_ece={supported=1, vendor_id=0x15b3, options=0x0, comp_mask=0x0}
MOC-R4PCC04U05:402373:402435 [2] NCCL INFO NET/IB: IbDev 0 Port 1 qpn 6094 set_ece={supported=1, vendor_id=0x15b3, options=0x0, comp_mask=0x0}
MOC-R4PCC04U05:402373:402435 [2] NCCL INFO NET/IB: IbDev 0 Port 1 qpn 6096 set_ece={supported=1, vendor_id=0x15b3, options=0x0, comp_mask=0x0}
num decayed parameter tensors: 50, with 124,318,464 parameters
num non-decayed parameter tensors: 98, with 121,344 parameters
using fused AdamW: False
using regular AdamW
MOC-R4PCC04U05:402371:402431 [0] NCCL INFO New proxy send connection 10 from local rank 0, transport 0
MOC-R4PCC04U05:402371:403130 [0] NCCL INFO Connected to proxy localRank 0 -> connection 0x7f560c0053e0
MOC-R4PCC04U05:402371:402431 [0] NCCL INFO New proxy send connection 11 from local rank 0, transport 0
MOC-R4PCC04U05:402371:403130 [0] NCCL INFO Connected to proxy localRank 0 -> connection 0x7f560c005458
MOC-R4PCC04U05:402371:402431 [0] NCCL INFO New proxy send connection 12 from local rank 0, transport 0
MOC-R4PCC04U05:402371:403130 [0] NCCL INFO Connected to proxy localRank 0 -> connection 0x7f560c0054d0
MOC-R4PCC04U05:402371:402431 [0] NCCL INFO New proxy send connection 13 from local rank 0, transport 0
MOC-R4PCC04U05:402371:403130 [0] NCCL INFO Connected to proxy localRank 0 -> connection 0x7f560c005548
MOC-R4PCC04U05:402374:402429 [3] NCCL INFO New proxy recv connection 5 from local rank 3, transport 0
MOC-R4PCC04U05:402374:403131 [3] NCCL INFO Connected to proxy localRank 3 -> connection 0x7fd1f0005188
MOC-R4PCC04U05:402374:402429 [3] NCCL INFO New proxy recv connection 6 from local rank 3, transport 0
MOC-R4PCC04U05:402374:403131 [3] NCCL INFO Connected to proxy localRank 3 -> connection 0x7fd1f0005200
MOC-R4PCC04U05:402374:402429 [3] NCCL INFO New proxy recv connection 7 from local rank 3, transport 0
MOC-R4PCC04U05:402374:403131 [3] NCCL INFO Connected to proxy localRank 3 -> connection 0x7fd1f0005278
MOC-R4PCC04U05:402374:402429 [3] NCCL INFO New proxy recv connection 8 from local rank 3, transport 0
MOC-R4PCC04U05:402374:403131 [3] NCCL INFO Connected to proxy localRank 3 -> connection 0x7fd1f00052f0
MOC-R4PCC04U05:402373:402435 [2] NCCL INFO New proxy send connection 14 from local rank 2, transport 0
MOC-R4PCC04U05:402373:403132 [2] NCCL INFO Connected to proxy localRank 2 -> connection 0x7f0a9c0055c0
MOC-R4PCC04U05:402373:402435 [2] NCCL INFO New proxy send connection 15 from local rank 2, transport 0
MOC-R4PCC04U05:402373:403132 [2] NCCL INFO Connected to proxy localRank 2 -> connection 0x7f0a9c005638
MOC-R4PCC04U05:402373:402435 [2] NCCL INFO New proxy send connection 16 from local rank 2, transport 0
MOC-R4PCC04U05:402373:403132 [2] NCCL INFO Connected to proxy localRank 2 -> connection 0x7f0a9c0056b0
MOC-R4PCC04U05:402373:402435 [2] NCCL INFO New proxy send connection 17 from local rank 2, transport 0
MOC-R4PCC04U05:402373:403132 [2] NCCL INFO Connected to proxy localRank 2 -> connection 0x7f0a9c005728
MOC-R4PCC04U05:402373:403132 [2] NCCL INFO GPU Direct RDMA Enabled for GPU 2 / HCA 1 (distance 5 <= 5), read 0 mode Default
MOC-R4PCC04U05:402373:402435 [2] NCCL INFO New proxy recv connection 18 from local rank 2, transport 2
MOC-R4PCC04U05:402373:403132 [2] NCCL INFO Connected to proxy localRank 2 -> connection 0x7f0a9c0057a0
MOC-R4PCC04U05:402374:402429 [3] NCCL INFO New proxy send connection 9 from local rank 3, transport 0
MOC-R4PCC04U05:402373:403132 [2] NCCL INFO Channel 00/0 : 6[2] -> 2[2] [receive] via NET/IB/1/GDRDMA
MOC-R4PCC04U05:402373:403132 [2] NCCL INFO GPU Direct RDMA Enabled for GPU 2 / HCA 1 (distance 5 <= 5), read 0 mode Default
MOC-R4PCC04U05:402374:403131 [3] NCCL INFO Connected to proxy localRank 3 -> connection 0x7fd1f0005368
MOC-R4PCC04U05:402373:402435 [2] NCCL INFO New proxy recv connection 19 from local rank 2, transport 2
MOC-R4PCC04U05:402373:403132 [2] NCCL INFO Connected to proxy localRank 2 -> connection 0x7f0a9c005818
MOC-R4PCC04U05:402373:403132 [2] NCCL INFO Channel 01/0 : 6[2] -> 2[2] [receive] via NET/IB/1/GDRDMA
MOC-R4PCC04U05:402373:403132 [2] NCCL INFO GPU Direct RDMA Enabled for GPU 2 / HCA 1 (distance 5 <= 5), read 0 mode Default
MOC-R4PCC04U05:402373:402435 [2] NCCL INFO New proxy recv connection 20 from local rank 2, transport 2
MOC-R4PCC04U05:402373:403132 [2] NCCL INFO Connected to proxy localRank 2 -> connection 0x7f0a9c005890
MOC-R4PCC04U05:402373:403132 [2] NCCL INFO Channel 02/0 : 6[2] -> 2[2] [receive] via NET/IB/1/GDRDMA
MOC-R4PCC04U05:402373:403132 [2] NCCL INFO GPU Direct RDMA Enabled for GPU 2 / HCA 1 (distance 5 <= 5), read 0 mode Default
MOC-R4PCC04U05:402373:402435 [2] NCCL INFO New proxy recv connection 21 from local rank 2, transport 2
MOC-R4PCC04U05:402373:403132 [2] NCCL INFO Connected to proxy localRank 2 -> connection 0x7f0a9c005908
MOC-R4PCC04U05:402373:403132 [2] NCCL INFO Channel 03/0 : 6[2] -> 2[2] [receive] via NET/IB/1/GDRDMA
MOC-R4PCC04U05:402373:403132 [2] NCCL INFO GPU Direct RDMA Enabled for GPU 2 / HCA 1 (distance 5 <= 5), read 1 mode Default
MOC-R4PCC04U05:402374:402429 [3] NCCL INFO New proxy send connection 10 from local rank 3, transport 0
MOC-R4PCC04U05:402374:403131 [3] NCCL INFO Connected to proxy localRank 3 -> connection 0x7fd1f00053e0
MOC-R4PCC04U05:402373:402435 [2] NCCL INFO New proxy send connection 22 from local rank 2, transport 2
MOC-R4PCC04U05:402373:403132 [2] NCCL INFO Connected to proxy localRank 2 -> connection 0x7f0a9c005980
MOC-R4PCC04U05:402373:403132 [2] NCCL INFO Channel 00/0 : 2[2] -> 6[2] [send] via NET/IB/1/GDRDMA
MOC-R4PCC04U05:402373:403132 [2] NCCL INFO GPU Direct RDMA Enabled for GPU 2 / HCA 1 (distance 5 <= 5), read 1 mode Default
MOC-R4PCC04U05:402373:402435 [2] NCCL INFO New proxy send connection 23 from local rank 2, transport 2
MOC-R4PCC04U05:402373:403132 [2] NCCL INFO Connected to proxy localRank 2 -> connection 0x7f0a9c0059f8
MOC-R4PCC04U05:402373:403132 [2] NCCL INFO Channel 01/0 : 2[2] -> 6[2] [send] via NET/IB/1/GDRDMA
MOC-R4PCC04U05:402373:403132 [2] NCCL INFO GPU Direct RDMA Enabled for GPU 2 / HCA 1 (distance 5 <= 5), read 1 mode Default
MOC-R4PCC04U05:402374:402429 [3] NCCL INFO New proxy send connection 11 from local rank 3, transport 0
MOC-R4PCC04U05:402374:403131 [3] NCCL INFO Connected to proxy localRank 3 -> connection 0x7fd1f0005458
MOC-R4PCC04U05:402373:402435 [2] NCCL INFO New proxy send connection 24 from local rank 2, transport 2
MOC-R4PCC04U05:402373:403132 [2] NCCL INFO Connected to proxy localRank 2 -> connection 0x7f0a9c005a70
MOC-R4PCC04U05:402373:403132 [2] NCCL INFO Channel 02/0 : 2[2] -> 6[2] [send] via NET/IB/1/GDRDMA
MOC-R4PCC04U05:402373:403132 [2] NCCL INFO GPU Direct RDMA Enabled for GPU 2 / HCA 1 (distance 5 <= 5), read 1 mode Default
MOC-R4PCC04U05:402373:402435 [2] NCCL INFO New proxy send connection 25 from local rank 2, transport 2
MOC-R4PCC04U05:402373:403132 [2] NCCL INFO Connected to proxy localRank 2 -> connection 0x7f0a9c005ae8
MOC-R4PCC04U05:402373:403132 [2] NCCL INFO Channel 03/0 : 2[2] -> 6[2] [send] via NET/IB/1/GDRDMA
MOC-R4PCC04U05:402374:402429 [3] NCCL INFO New proxy send connection 12 from local rank 3, transport 0
MOC-R4PCC04U05:402374:403131 [3] NCCL INFO Connected to proxy localRank 3 -> connection 0x7fd1f00054d0
MOC-R4PCC04U05:402373:402435 [2] NCCL INFO New proxy recv connection 26 from local rank 2, transport 0
MOC-R4PCC04U05:402373:403132 [2] NCCL INFO Connected to proxy localRank 2 -> connection 0x7f0a9c005b60
MOC-R4PCC04U05:402373:402435 [2] NCCL INFO New proxy recv connection 27 from local rank 2, transport 0
MOC-R4PCC04U05:402373:403132 [2] NCCL INFO Connected to proxy localRank 2 -> connection 0x7f0a9c005bd8
MOC-R4PCC04U05:402373:402435 [2] NCCL INFO New proxy recv connection 28 from local rank 2, transport 0
MOC-R4PCC04U05:402373:403132 [2] NCCL INFO Connected to proxy localRank 2 -> connection 0x7f0a9c005c50
MOC-R4PCC04U05:402373:402435 [2] NCCL INFO New proxy recv connection 29 from local rank 2, transport 0
MOC-R4PCC04U05:402373:403132 [2] NCCL INFO Connected to proxy localRank 2 -> connection 0x7f0a9c005cc8
MOC-R4PCC04U05:402372:402430 [1] NCCL INFO New proxy recv connection 10 from local rank 1, transport 0
MOC-R4PCC04U05:402372:403133 [1] NCCL INFO Connected to proxy localRank 1 -> connection 0x7efa6c0053e0
MOC-R4PCC04U05:402372:402430 [1] NCCL INFO New proxy recv connection 11 from local rank 1, transport 0
MOC-R4PCC04U05:402372:403133 [1] NCCL INFO Connected to proxy localRank 1 -> connection 0x7efa6c005458
MOC-R4PCC04U05:402372:402430 [1] NCCL INFO New proxy recv connection 12 from local rank 1, transport 0
MOC-R4PCC04U05:402372:403133 [1] NCCL INFO Connected to proxy localRank 1 -> connection 0x7efa6c0054d0
MOC-R4PCC04U05:402372:402430 [1] NCCL INFO New proxy recv connection 13 from local rank 1, transport 0
MOC-R4PCC04U05:402372:403133 [1] NCCL INFO Connected to proxy localRank 1 -> connection 0x7efa6c005548
MOC-R4PCC04U05:402371:402431 [0] NCCL INFO New proxy recv connection 14 from local rank 0, transport 0
MOC-R4PCC04U05:402371:403130 [0] NCCL INFO Connected to proxy localRank 0 -> connection 0x7f560c0055c0
MOC-R4PCC04U05:402371:402431 [0] NCCL INFO New proxy recv connection 15 from local rank 0, transport 0
MOC-R4PCC04U05:402371:403130 [0] NCCL INFO Connected to proxy localRank 0 -> connection 0x7f560c005638
MOC-R4PCC04U05:402371:402431 [0] NCCL INFO New proxy recv connection 16 from local rank 0, transport 0
MOC-R4PCC04U05:402371:403130 [0] NCCL INFO Connected to proxy localRank 0 -> connection 0x7f560c0056b0
MOC-R4PCC04U05:402371:402431 [0] NCCL INFO New proxy recv connection 17 from local rank 0, transport 0
MOC-R4PCC04U05:402371:403130 [0] NCCL INFO Connected to proxy localRank 0 -> connection 0x7f560c005728
MOC-R4PCC04U05:402374:402429 [3] NCCL INFO New proxy send connection 13 from local rank 3, transport 0
MOC-R4PCC04U05:402374:403131 [3] NCCL INFO Connected to proxy localRank 3 -> connection 0x7fd1f0005548
MOC-R4PCC04U05:402374:402429 [3] NCCL INFO New proxy send connection 14 from local rank 3, transport 0
MOC-R4PCC04U05:402374:403131 [3] NCCL INFO Connected to proxy localRank 3 -> connection 0x7fd1f00055c0
MOC-R4PCC04U05:402374:402429 [3] NCCL INFO New proxy send connection 15 from local rank 3, transport 0
MOC-R4PCC04U05:402374:403131 [3] NCCL INFO Connected to proxy localRank 3 -> connection 0x7fd1f0005638
MOC-R4PCC04U05:402374:402429 [3] NCCL INFO New proxy send connection 16 from local rank 3, transport 0
MOC-R4PCC04U05:402374:403131 [3] NCCL INFO Connected to proxy localRank 3 -> connection 0x7fd1f00056b0
MOC-R4PCC04U05:402374:402429 [3] NCCL INFO New proxy send connection 17 from local rank 2, transport 0
MOC-R4PCC04U05:402373:403132 [2] NCCL INFO Connected to proxy localRank 3 -> connection 0x7fd1f0005728
MOC-R4PCC04U05:402373:402435 [2] NCCL INFO NET/IB: NCCL Dev 1 IbDev 0 Port 1 qpn 5858 mtu 3 query_ece={supported=1, vendor_id=0x15b3, options=0x30000002, comp_mask=0x0} GID 3 (0/C132A8C0FFFF0000) fifoRkey=0x17cb8a fifoLkey=0x17cb8a
MOC-R4PCC04U05:402373:402435 [2] NCCL INFO NET/IB: IbDev 0 Port 1 qpn 6099 set_ece={supported=1, vendor_id=0x15b3, options=0x0, comp_mask=0x0}
MOC-R4PCC04U05:402373:402435 [2] NCCL INFO NET/IB: NCCL Dev 1 IbDev 0 Port 1 qpn 5861 mtu 3 query_ece={supported=1, vendor_id=0x15b3, options=0x30000002, comp_mask=0x0} GID 3 (0/C132A8C0FFFF0000) fifoRkey=0x17da99 fifoLkey=0x17da99
MOC-R4PCC04U05:402373:402435 [2] NCCL INFO NET/IB: NCCL Dev 1 IbDev 0 Port 1 qpn 5864 mtu 3 query_ece={supported=1, vendor_id=0x15b3, options=0x30000002, comp_mask=0x0} GID 3 (0/C132A8C0FFFF0000) fifoRkey=0x17ecab fifoLkey=0x17ecab
MOC-R4PCC04U05:402373:402435 [2] NCCL INFO NET/IB: IbDev 0 Port 1 qpn 6102 set_ece={supported=1, vendor_id=0x15b3, options=0x0, comp_mask=0x0}
MOC-R4PCC04U05:402373:402435 [2] NCCL INFO NET/IB: IbDev 0 Port 1 qpn 6105 set_ece={supported=1, vendor_id=0x15b3, options=0x0, comp_mask=0x0}
MOC-R4PCC04U05:402373:402435 [2] NCCL INFO NET/IB: NCCL Dev 1 IbDev 0 Port 1 qpn 5867 mtu 3 query_ece={supported=1, vendor_id=0x15b3, options=0x30000002, comp_mask=0x0} GID 3 (0/C132A8C0FFFF0000) fifoRkey=0x172eed fifoLkey=0x172eed
MOC-R4PCC04U05:402373:402435 [2] NCCL INFO NET/IB: IbDev 0 Port 1 qpn 6107 set_ece={supported=1, vendor_id=0x15b3, options=0x0, comp_mask=0x0}
step    1/10 | train loss 11.010139 | norm 15.4234 | lr 1.00e-04 | (14143.26 ms | 111209 tok/s)
step    2/10 | train loss 10.136944 | norm 5.7587 | lr 1.00e-04 | (490.46 ms | 3206896 tok/s)
step    3/10 | train loss 9.795479 | norm 2.6123 | lr 1.00e-04 | (486.33 ms | 3234176 tok/s)
step    4/10 | train loss 9.625647 | norm 2.1154 | lr 1.00e-04 | (487.11 ms | 3228970 tok/s)
step    5/10 | train loss 9.542590 | norm 2.1031 | lr 1.00e-04 | (486.46 ms | 3233293 tok/s)
step    6/10 | train loss 9.461353 | norm 1.9977 | lr 1.00e-04 | (487.77 ms | 3224581 tok/s)
step    7/10 | train loss 9.375708 | norm 1.9472 | lr 1.00e-04 | (484.38 ms | 3247192 tok/s)
step    8/10 | train loss 9.283991 | norm 1.9146 | lr 1.00e-04 | (486.98 ms | 3229808 tok/s)
step    9/10 | train loss 9.188591 | norm 1.8601 | lr 1.00e-04 | (487.10 ms | 3229047 tok/s)
step   10/10 | train loss 9.103174 | norm 1.7948 | lr 1.00e-04 | (485.73 ms | 3238142 tok/s)
final 9 iters avg: 486.924ms
peak memory consumption: 16601 MiB
