Running pytorch 2.7.0+cu126
using device: cuda:0
total desired batch size: 2097152
=> calculated gradient accumulation steps: 8
using device: cuda:2
using device: cuda:3
using device: cuda:1
compiling the model...
DataLoader: total number of tokens: 1,661,249,667 across 103 files
MOC-R4PCC04U05:353254:353254 [0] NCCL INFO NCCL_SOCKET_IFNAME set to eno7np0
MOC-R4PCC04U05:353254:353254 [0] NCCL INFO NCCL version 2.26.2+cuda12.2
MOC-R4PCC04U05:353256:353256 [2] NCCL INFO NCCL_SOCKET_IFNAME set to eno7np0
MOC-R4PCC04U05:353257:353257 [3] NCCL INFO NCCL_SOCKET_IFNAME set to eno7np0
MOC-R4PCC04U05:353256:353256 [2] NCCL INFO NCCL version 2.26.2+cuda12.2
MOC-R4PCC04U05:353257:353257 [3] NCCL INFO NCCL version 2.26.2+cuda12.2
MOC-R4PCC04U05:353255:353255 [1] NCCL INFO NCCL_SOCKET_IFNAME set to eno7np0
MOC-R4PCC04U05:353255:353255 [1] NCCL INFO NCCL version 2.26.2+cuda12.2
MOC-R4PCC04U05:353254:353295 [0] NCCL INFO NET/Plugin: Could not find: libnccl-net.so. Using internal net plugin.
MOC-R4PCC04U05:353254:353295 [0] NCCL INFO NCCL_IB_HCA set to mlx5_5
MOC-R4PCC04U05:353257:353297 [3] NCCL INFO NET/Plugin: Could not find: libnccl-net.so. Using internal net plugin.
MOC-R4PCC04U05:353256:353296 [2] NCCL INFO NET/Plugin: Could not find: libnccl-net.so. Using internal net plugin.
MOC-R4PCC04U05:353257:353297 [3] NCCL INFO NCCL_IB_HCA set to mlx5_5
MOC-R4PCC04U05:353256:353296 [2] NCCL INFO NCCL_IB_HCA set to mlx5_5
MOC-R4PCC04U05:353255:353298 [1] NCCL INFO NET/Plugin: Could not find: libnccl-net.so. Using internal net plugin.
MOC-R4PCC04U05:353255:353298 [1] NCCL INFO NCCL_IB_HCA set to mlx5_5
MOC-R4PCC04U05:353254:353295 [0] NCCL INFO NET/IB : Made virtual device [0] name=mlx5_5 speed=400000 ndevs=1
MOC-R4PCC04U05:353254:353295 [0] NCCL INFO NET/IB : Using [0]mlx5_5:1/RoCE [RO]; OOB eno7np0:192.168.50.193<0>
MOC-R4PCC04U05:353256:353296 [2] NCCL INFO NET/IB : Made virtual device [0] name=mlx5_5 speed=400000 ndevs=1
MOC-R4PCC04U05:353256:353296 [2] NCCL INFO NET/IB : Using [0]mlx5_5:1/RoCE [RO]; OOB eno7np0:192.168.50.193<0>
MOC-R4PCC04U05:353257:353297 [3] NCCL INFO NET/IB : Made virtual device [0] name=mlx5_5 speed=400000 ndevs=1
MOC-R4PCC04U05:353257:353297 [3] NCCL INFO NET/IB : Using [0]mlx5_5:1/RoCE [RO]; OOB eno7np0:192.168.50.193<0>
MOC-R4PCC04U05:353255:353298 [1] NCCL INFO NET/IB : Made virtual device [0] name=mlx5_5 speed=400000 ndevs=1
MOC-R4PCC04U05:353255:353298 [1] NCCL INFO NET/IB : Using [0]mlx5_5:1/RoCE [RO]; OOB eno7np0:192.168.50.193<0>
MOC-R4PCC04U05:353257:353297 [3] NCCL INFO NET/IB : GPU Direct RDMA Enabled for HCA 0 'mlx5_5'
MOC-R4PCC04U05:353257:353297 [3] NCCL INFO NET/IB : Made virtual device [1] name=mlx5_5 speed=400000 ndevs=1
MOC-R4PCC04U05:353257:353297 [3] NCCL INFO NET/IB : GPU Direct RDMA Enabled for HCA 0 'mlx5_5'
MOC-R4PCC04U05:353257:353297 [3] NCCL INFO NET/IB : GPU Direct RDMA Enabled for HCA 1 'mlx5_5'
MOC-R4PCC04U05:353256:353296 [2] NCCL INFO NET/IB : GPU Direct RDMA Enabled for HCA 0 'mlx5_5'
MOC-R4PCC04U05:353256:353296 [2] NCCL INFO NET/IB : Made virtual device [1] name=mlx5_5 speed=400000 ndevs=1
MOC-R4PCC04U05:353256:353296 [2] NCCL INFO NET/IB : GPU Direct RDMA Enabled for HCA 0 'mlx5_5'
MOC-R4PCC04U05:353256:353296 [2] NCCL INFO NET/IB : GPU Direct RDMA Enabled for HCA 1 'mlx5_5'
MOC-R4PCC04U05:353254:353295 [0] NCCL INFO NET/IB : GPU Direct RDMA Enabled for HCA 0 'mlx5_5'
MOC-R4PCC04U05:353254:353295 [0] NCCL INFO NET/IB : Made virtual device [1] name=mlx5_5 speed=400000 ndevs=1
MOC-R4PCC04U05:353254:353295 [0] NCCL INFO NET/IB : GPU Direct RDMA Enabled for HCA 0 'mlx5_5'
MOC-R4PCC04U05:353254:353295 [0] NCCL INFO NET/IB : GPU Direct RDMA Enabled for HCA 1 'mlx5_5'
MOC-R4PCC04U05:353255:353298 [1] NCCL INFO NET/IB : GPU Direct RDMA Enabled for HCA 0 'mlx5_5'
MOC-R4PCC04U05:353255:353298 [1] NCCL INFO NET/IB : Made virtual device [1] name=mlx5_5 speed=400000 ndevs=1
MOC-R4PCC04U05:353255:353298 [1] NCCL INFO NET/IB : GPU Direct RDMA Enabled for HCA 0 'mlx5_5'
MOC-R4PCC04U05:353255:353298 [1] NCCL INFO NET/IB : GPU Direct RDMA Enabled for HCA 1 'mlx5_5'
MOC-R4PCC04U05:353257:353297 [3] NCCL INFO GPU Direct RDMA Enabled for GPU 0 / HCA 1 (distance 5 <= 5), read 0 mode Default
MOC-R4PCC04U05:353257:353297 [3] NCCL INFO GPU Direct RDMA Enabled for GPU 1 / HCA 1 (distance 5 <= 5), read 0 mode Default
MOC-R4PCC04U05:353257:353297 [3] NCCL INFO GPU Direct RDMA Enabled for GPU 2 / HCA 1 (distance 5 <= 5), read 0 mode Default
MOC-R4PCC04U05:353257:353297 [3] NCCL INFO GPU Direct RDMA Enabled for GPU 3 / HCA 1 (distance 5 <= 5), read 0 mode Default
MOC-R4PCC04U05:353257:353297 [3] NCCL INFO GPU Direct RDMA Enabled for GPU 0 / HCA 1 (distance 5 <= 5), read 0 mode Default
MOC-R4PCC04U05:353257:353297 [3] NCCL INFO GPU Direct RDMA Enabled for GPU 1 / HCA 1 (distance 5 <= 5), read 0 mode Default
MOC-R4PCC04U05:353257:353297 [3] NCCL INFO GPU Direct RDMA Enabled for GPU 2 / HCA 1 (distance 5 <= 5), read 0 mode Default
MOC-R4PCC04U05:353257:353297 [3] NCCL INFO GPU Direct RDMA Enabled for GPU 3 / HCA 1 (distance 5 <= 5), read 0 mode Default
MOC-R4PCC04U05:353255:353298 [1] NCCL INFO GPU Direct RDMA Enabled for GPU 0 / HCA 1 (distance 5 <= 5), read 0 mode Default
MOC-R4PCC04U05:353255:353298 [1] NCCL INFO GPU Direct RDMA Enabled for GPU 1 / HCA 1 (distance 5 <= 5), read 0 mode Default
MOC-R4PCC04U05:353255:353298 [1] NCCL INFO GPU Direct RDMA Enabled for GPU 2 / HCA 1 (distance 5 <= 5), read 0 mode Default
MOC-R4PCC04U05:353255:353298 [1] NCCL INFO GPU Direct RDMA Enabled for GPU 3 / HCA 1 (distance 5 <= 5), read 0 mode Default
MOC-R4PCC04U05:353255:353298 [1] NCCL INFO GPU Direct RDMA Enabled for GPU 0 / HCA 1 (distance 5 <= 5), read 0 mode Default
MOC-R4PCC04U05:353255:353298 [1] NCCL INFO GPU Direct RDMA Enabled for GPU 1 / HCA 1 (distance 5 <= 5), read 0 mode Default
MOC-R4PCC04U05:353255:353298 [1] NCCL INFO GPU Direct RDMA Enabled for GPU 2 / HCA 1 (distance 5 <= 5), read 0 mode Default
MOC-R4PCC04U05:353255:353298 [1] NCCL INFO GPU Direct RDMA Enabled for GPU 3 / HCA 1 (distance 5 <= 5), read 0 mode Default
MOC-R4PCC04U05:353256:353296 [2] NCCL INFO GPU Direct RDMA Enabled for GPU 0 / HCA 1 (distance 5 <= 5), read 0 mode Default
MOC-R4PCC04U05:353256:353296 [2] NCCL INFO GPU Direct RDMA Enabled for GPU 1 / HCA 1 (distance 5 <= 5), read 0 mode Default
MOC-R4PCC04U05:353256:353296 [2] NCCL INFO GPU Direct RDMA Enabled for GPU 2 / HCA 1 (distance 5 <= 5), read 0 mode Default
MOC-R4PCC04U05:353256:353296 [2] NCCL INFO GPU Direct RDMA Enabled for GPU 3 / HCA 1 (distance 5 <= 5), read 0 mode Default
MOC-R4PCC04U05:353256:353296 [2] NCCL INFO GPU Direct RDMA Enabled for GPU 0 / HCA 1 (distance 5 <= 5), read 0 mode Default
MOC-R4PCC04U05:353256:353296 [2] NCCL INFO GPU Direct RDMA Enabled for GPU 1 / HCA 1 (distance 5 <= 5), read 0 mode Default
MOC-R4PCC04U05:353256:353296 [2] NCCL INFO GPU Direct RDMA Enabled for GPU 2 / HCA 1 (distance 5 <= 5), read 0 mode Default
MOC-R4PCC04U05:353256:353296 [2] NCCL INFO GPU Direct RDMA Enabled for GPU 3 / HCA 1 (distance 5 <= 5), read 0 mode Default
MOC-R4PCC04U05:353254:353295 [0] NCCL INFO GPU Direct RDMA Enabled for GPU 0 / HCA 1 (distance 5 <= 5), read 0 mode Default
MOC-R4PCC04U05:353254:353295 [0] NCCL INFO GPU Direct RDMA Enabled for GPU 1 / HCA 1 (distance 5 <= 5), read 0 mode Default
MOC-R4PCC04U05:353254:353295 [0] NCCL INFO GPU Direct RDMA Enabled for GPU 2 / HCA 1 (distance 5 <= 5), read 0 mode Default
MOC-R4PCC04U05:353254:353295 [0] NCCL INFO GPU Direct RDMA Enabled for GPU 3 / HCA 1 (distance 5 <= 5), read 0 mode Default
MOC-R4PCC04U05:353254:353295 [0] NCCL INFO GPU Direct RDMA Enabled for GPU 0 / HCA 1 (distance 5 <= 5), read 0 mode Default
MOC-R4PCC04U05:353254:353295 [0] NCCL INFO GPU Direct RDMA Enabled for GPU 1 / HCA 1 (distance 5 <= 5), read 0 mode Default
MOC-R4PCC04U05:353254:353295 [0] NCCL INFO GPU Direct RDMA Enabled for GPU 2 / HCA 1 (distance 5 <= 5), read 0 mode Default
MOC-R4PCC04U05:353254:353295 [0] NCCL INFO GPU Direct RDMA Enabled for GPU 3 / HCA 1 (distance 5 <= 5), read 0 mode Default
MOC-R4PCC04U05:353256:353319 [2] NCCL INFO GPU Direct RDMA Enabled for GPU 2 / HCA 1 (distance 5 <= 5), read 0 mode Default
MOC-R4PCC04U05:353255:353316 [1] NCCL INFO New proxy recv connection 0 from local rank 1, transport 0
MOC-R4PCC04U05:353255:353320 [1] NCCL INFO Connected to proxy localRank 1 -> connection 0x7f5ca8004f30
MOC-R4PCC04U05:353255:353316 [1] NCCL INFO New proxy recv connection 1 from local rank 1, transport 0
MOC-R4PCC04U05:353255:353320 [1] NCCL INFO Connected to proxy localRank 1 -> connection 0x7f5ca8004fa8
MOC-R4PCC04U05:353255:353316 [1] NCCL INFO New proxy recv connection 2 from local rank 1, transport 0
MOC-R4PCC04U05:353255:353320 [1] NCCL INFO Connected to proxy localRank 1 -> connection 0x7f5ca8005020
MOC-R4PCC04U05:353257:353311 [3] NCCL INFO New proxy recv connection 0 from local rank 3, transport 0
MOC-R4PCC04U05:353257:353321 [3] NCCL INFO Connected to proxy localRank 3 -> connection 0x7f04a0004f30
MOC-R4PCC04U05:353254:353312 [0] NCCL INFO New proxy send connection 0 from local rank 0, transport 0
MOC-R4PCC04U05:353254:353322 [0] NCCL INFO Connected to proxy localRank 0 -> connection 0x7f79a8004f30
MOC-R4PCC04U05:353255:353316 [1] NCCL INFO New proxy recv connection 3 from local rank 1, transport 0
MOC-R4PCC04U05:353255:353320 [1] NCCL INFO Connected to proxy localRank 1 -> connection 0x7f5ca8005098
MOC-R4PCC04U05:353257:353311 [3] NCCL INFO New proxy recv connection 1 from local rank 3, transport 0
MOC-R4PCC04U05:353257:353321 [3] NCCL INFO Connected to proxy localRank 3 -> connection 0x7f04a0004fa8
MOC-R4PCC04U05:353257:353311 [3] NCCL INFO New proxy recv connection 2 from local rank 3, transport 0
MOC-R4PCC04U05:353257:353321 [3] NCCL INFO Connected to proxy localRank 3 -> connection 0x7f04a0005020
MOC-R4PCC04U05:353254:353312 [0] NCCL INFO New proxy send connection 1 from local rank 0, transport 0
MOC-R4PCC04U05:353255:353316 [1] NCCL INFO New proxy send connection 4 from local rank 1, transport 0
MOC-R4PCC04U05:353254:353322 [0] NCCL INFO Connected to proxy localRank 0 -> connection 0x7f79a8004fa8
MOC-R4PCC04U05:353255:353320 [1] NCCL INFO Connected to proxy localRank 1 -> connection 0x7f5ca8005110
MOC-R4PCC04U05:353257:353311 [3] NCCL INFO New proxy recv connection 3 from local rank 3, transport 0
MOC-R4PCC04U05:353257:353321 [3] NCCL INFO Connected to proxy localRank 3 -> connection 0x7f04a0005098
MOC-R4PCC04U05:353254:353312 [0] NCCL INFO New proxy send connection 2 from local rank 0, transport 0
MOC-R4PCC04U05:353254:353322 [0] NCCL INFO Connected to proxy localRank 0 -> connection 0x7f79a8005020
MOC-R4PCC04U05:353255:353316 [1] NCCL INFO New proxy send connection 5 from local rank 1, transport 0
MOC-R4PCC04U05:353255:353320 [1] NCCL INFO Connected to proxy localRank 1 -> connection 0x7f5ca8005188
MOC-R4PCC04U05:353257:353321 [3] NCCL INFO GPU Direct RDMA Enabled for GPU 3 / HCA 1 (distance 5 <= 5), read 1 mode Default
MOC-R4PCC04U05:353254:353312 [0] NCCL INFO New proxy send connection 3 from local rank 0, transport 0
MOC-R4PCC04U05:353254:353322 [0] NCCL INFO Connected to proxy localRank 0 -> connection 0x7f79a8005098
MOC-R4PCC04U05:353255:353316 [1] NCCL INFO New proxy send connection 6 from local rank 1, transport 0
MOC-R4PCC04U05:353255:353320 [1] NCCL INFO Connected to proxy localRank 1 -> connection 0x7f5ca8005200
MOC-R4PCC04U05:353255:353316 [1] NCCL INFO New proxy send connection 7 from local rank 1, transport 0
MOC-R4PCC04U05:353255:353320 [1] NCCL INFO Connected to proxy localRank 1 -> connection 0x7f5ca8005278
MOC-R4PCC04U05:353256:353313 [2] NCCL INFO New proxy recv connection 0 from local rank 2, transport 2
MOC-R4PCC04U05:353256:353313 [2] NCCL INFO New proxy send connection 1 from local rank 3, transport 2
MOC-R4PCC04U05:353256:353319 [2] NCCL INFO Connected to proxy localRank 2 -> connection 0x7f1908004f30
MOC-R4PCC04U05:353257:353321 [3] NCCL INFO Connected to proxy localRank 2 -> connection 0x7f1908004fa8
MOC-R4PCC04U05:353256:353319 [2] NCCL INFO Channel 00/0 : 7[3] -> 2[2] [receive] via NET/IB/1/GDRDMA
MOC-R4PCC04U05:353256:353319 [2] NCCL INFO GPU Direct RDMA Enabled for GPU 2 / HCA 1 (distance 5 <= 5), read 0 mode Default
MOC-R4PCC04U05:353257:353321 [3] NCCL INFO Channel 00/0 : 3[3] -> 6[2] [send] via NET/IB/1(2)/GDRDMA
MOC-R4PCC04U05:353257:353321 [3] NCCL INFO GPU Direct RDMA Enabled for GPU 3 / HCA 1 (distance 5 <= 5), read 1 mode Default
MOC-R4PCC04U05:353256:353313 [2] NCCL INFO New proxy recv connection 2 from local rank 2, transport 2
MOC-R4PCC04U05:353256:353319 [2] NCCL INFO Connected to proxy localRank 2 -> connection 0x7f1908005020
MOC-R4PCC04U05:353256:353313 [2] NCCL INFO New proxy send connection 3 from local rank 3, transport 2
MOC-R4PCC04U05:353257:353321 [3] NCCL INFO Connected to proxy localRank 2 -> connection 0x7f1908005098
MOC-R4PCC04U05:353256:353319 [2] NCCL INFO Channel 01/0 : 7[3] -> 2[2] [receive] via NET/IB/1/GDRDMA
MOC-R4PCC04U05:353256:353319 [2] NCCL INFO GPU Direct RDMA Enabled for GPU 2 / HCA 1 (distance 5 <= 5), read 0 mode Default
MOC-R4PCC04U05:353257:353321 [3] NCCL INFO Channel 01/0 : 3[3] -> 6[2] [send] via NET/IB/1(2)/GDRDMA
MOC-R4PCC04U05:353257:353321 [3] NCCL INFO GPU Direct RDMA Enabled for GPU 3 / HCA 1 (distance 5 <= 5), read 1 mode Default
MOC-R4PCC04U05:353256:353313 [2] NCCL INFO New proxy recv connection 4 from local rank 2, transport 2
MOC-R4PCC04U05:353256:353319 [2] NCCL INFO Connected to proxy localRank 2 -> connection 0x7f1908005110
MOC-R4PCC04U05:353256:353313 [2] NCCL INFO New proxy send connection 5 from local rank 3, transport 2
MOC-R4PCC04U05:353257:353321 [3] NCCL INFO Connected to proxy localRank 2 -> connection 0x7f1908005188
MOC-R4PCC04U05:353256:353319 [2] NCCL INFO Channel 02/0 : 7[3] -> 2[2] [receive] via NET/IB/1/GDRDMA
MOC-R4PCC04U05:353256:353319 [2] NCCL INFO GPU Direct RDMA Enabled for GPU 2 / HCA 1 (distance 5 <= 5), read 0 mode Default
MOC-R4PCC04U05:353257:353321 [3] NCCL INFO Channel 02/0 : 3[3] -> 6[2] [send] via NET/IB/1(2)/GDRDMA
MOC-R4PCC04U05:353257:353321 [3] NCCL INFO GPU Direct RDMA Enabled for GPU 3 / HCA 1 (distance 5 <= 5), read 1 mode Default
MOC-R4PCC04U05:353256:353313 [2] NCCL INFO New proxy recv connection 6 from local rank 2, transport 2
MOC-R4PCC04U05:353256:353319 [2] NCCL INFO Connected to proxy localRank 2 -> connection 0x7f1908005200
MOC-R4PCC04U05:353256:353313 [2] NCCL INFO New proxy send connection 7 from local rank 3, transport 2
MOC-R4PCC04U05:353257:353321 [3] NCCL INFO Connected to proxy localRank 2 -> connection 0x7f1908005278
MOC-R4PCC04U05:353256:353319 [2] NCCL INFO Channel 03/0 : 7[3] -> 2[2] [receive] via NET/IB/1/GDRDMA
MOC-R4PCC04U05:353257:353321 [3] NCCL INFO Channel 03/0 : 3[3] -> 6[2] [send] via NET/IB/1(2)/GDRDMA
MOC-R4PCC04U05:353254:353312 [0] NCCL INFO New proxy recv connection 4 from local rank 0, transport 0
MOC-R4PCC04U05:353254:353322 [0] NCCL INFO Connected to proxy localRank 0 -> connection 0x7f79a8005110
MOC-R4PCC04U05:353256:353313 [2] NCCL INFO New proxy send connection 8 from local rank 2, transport 0
MOC-R4PCC04U05:353256:353319 [2] NCCL INFO Connected to proxy localRank 2 -> connection 0x7f19080052f0
MOC-R4PCC04U05:353254:353312 [0] NCCL INFO New proxy recv connection 5 from local rank 0, transport 0
MOC-R4PCC04U05:353254:353322 [0] NCCL INFO Connected to proxy localRank 0 -> connection 0x7f79a8005188
MOC-R4PCC04U05:353254:353312 [0] NCCL INFO New proxy send connection 6 from local rank 3, transport 0
MOC-R4PCC04U05:353257:353321 [3] NCCL INFO Connected to proxy localRank 0 -> connection 0x7f79a8005200
MOC-R4PCC04U05:353256:353313 [2] NCCL INFO New proxy send connection 9 from local rank 2, transport 0
MOC-R4PCC04U05:353256:353319 [2] NCCL INFO Connected to proxy localRank 2 -> connection 0x7f1908005368
MOC-R4PCC04U05:353254:353312 [0] NCCL INFO New proxy recv connection 7 from local rank 0, transport 0
MOC-R4PCC04U05:353254:353322 [0] NCCL INFO Connected to proxy localRank 0 -> connection 0x7f79a8005278
MOC-R4PCC04U05:353254:353312 [0] NCCL INFO New proxy recv connection 8 from local rank 0, transport 0
MOC-R4PCC04U05:353254:353322 [0] NCCL INFO Connected to proxy localRank 0 -> connection 0x7f79a80052f0
MOC-R4PCC04U05:353256:353313 [2] NCCL INFO New proxy send connection 10 from local rank 2, transport 0
MOC-R4PCC04U05:353256:353319 [2] NCCL INFO Connected to proxy localRank 2 -> connection 0x7f19080053e0
MOC-R4PCC04U05:353256:353313 [2] NCCL INFO New proxy send connection 11 from local rank 2, transport 0
MOC-R4PCC04U05:353256:353319 [2] NCCL INFO Connected to proxy localRank 2 -> connection 0x7f1908005458
MOC-R4PCC04U05:353257:353311 [3] NCCL INFO New proxy send connection 4 from local rank 0, transport 0
MOC-R4PCC04U05:353254:353322 [0] NCCL INFO Connected to proxy localRank 3 -> connection 0x7f04a0005110
MOC-R4PCC04U05:353254:353312 [0] NCCL INFO New proxy send connection 9 from local rank 1, transport 0
MOC-R4PCC04U05:353255:353320 [1] NCCL INFO Connected to proxy localRank 0 -> connection 0x7f79a8005368
MOC-R4PCC04U05:353255:353316 [1] NCCL INFO New proxy send connection 8 from local rank 2, transport 0
MOC-R4PCC04U05:353256:353319 [2] NCCL INFO Connected to proxy localRank 1 -> connection 0x7f5ca80052f0
MOC-R4PCC04U05:353256:353313 [2] NCCL INFO New proxy send connection 12 from local rank 1, transport 0
MOC-R4PCC04U05:353255:353320 [1] NCCL INFO Connected to proxy localRank 2 -> connection 0x7f19080054d0
MOC-R4PCC04U05:353256:353313 [2] NCCL INFO NET/IB: NCCL Dev 1 IbDev 0 Port 1 qpn 3850 mtu 3 query_ece={supported=1, vendor_id=0x15b3, options=0x30000002, comp_mask=0x0} GID 3 (0/C132A8C0FFFF0000) fifoRkey=0x1722e1 fifoLkey=0x1722e1
MOC-R4PCC04U05:353256:353313 [2] NCCL INFO NET/IB: NCCL Dev 1 IbDev 0 Port 1 qpn 3851 mtu 3 query_ece={supported=1, vendor_id=0x15b3, options=0x30000002, comp_mask=0x0} GID 3 (0/C132A8C0FFFF0000) fifoRkey=0x17fdbc fifoLkey=0x17fdbc
MOC-R4PCC04U05:353256:353313 [2] NCCL INFO NET/IB: IbDev 0 Port 1 qpn 4092 set_ece={supported=1, vendor_id=0x15b3, options=0x0, comp_mask=0x0}
MOC-R4PCC04U05:353256:353313 [2] NCCL INFO NET/IB: IbDev 0 Port 1 qpn 4094 set_ece={supported=1, vendor_id=0x15b3, options=0x0, comp_mask=0x0}
MOC-R4PCC04U05:353255:353316 [1] NCCL INFO New proxy send connection 9 from local rank 0, transport 0
MOC-R4PCC04U05:353254:353322 [0] NCCL INFO Connected to proxy localRank 1 -> connection 0x7f5ca8005368
MOC-R4PCC04U05:353256:353313 [2] NCCL INFO New proxy send connection 13 from local rank 3, transport 0
MOC-R4PCC04U05:353257:353321 [3] NCCL INFO Connected to proxy localRank 2 -> connection 0x7f1908005548
MOC-R4PCC04U05:353256:353313 [2] NCCL INFO NET/IB: NCCL Dev 1 IbDev 0 Port 1 qpn 3858 mtu 3 query_ece={supported=1, vendor_id=0x15b3, options=0x30000002, comp_mask=0x0} GID 3 (0/C132A8C0FFFF0000) fifoRkey=0x17e2a1 fifoLkey=0x17e2a1
MOC-R4PCC04U05:353256:353313 [2] NCCL INFO NET/IB: NCCL Dev 1 IbDev 0 Port 1 qpn 3859 mtu 3 query_ece={supported=1, vendor_id=0x15b3, options=0x30000002, comp_mask=0x0} GID 3 (0/C132A8C0FFFF0000) fifoRkey=0x1801c0 fifoLkey=0x1801c0
MOC-R4PCC04U05:353256:353313 [2] NCCL INFO NET/IB: IbDev 0 Port 1 qpn 4096 set_ece={supported=1, vendor_id=0x15b3, options=0x0, comp_mask=0x0}
MOC-R4PCC04U05:353256:353313 [2] NCCL INFO NET/IB: IbDev 0 Port 1 qpn 4098 set_ece={supported=1, vendor_id=0x15b3, options=0x0, comp_mask=0x0}
num decayed parameter tensors: 50, with 124,318,464 parameters
num non-decayed parameter tensors: 98, with 121,344 parameters
using fused AdamW: False
using regular AdamW
MOC-R4PCC04U05:353254:353312 [0] NCCL INFO New proxy send connection 10 from local rank 0, transport 0
MOC-R4PCC04U05:353254:354012 [0] NCCL INFO Connected to proxy localRank 0 -> connection 0x7f79a80053e0
MOC-R4PCC04U05:353254:353312 [0] NCCL INFO New proxy send connection 11 from local rank 0, transport 0
MOC-R4PCC04U05:353254:354012 [0] NCCL INFO Connected to proxy localRank 0 -> connection 0x7f79a8005458
MOC-R4PCC04U05:353254:353312 [0] NCCL INFO New proxy send connection 12 from local rank 0, transport 0
MOC-R4PCC04U05:353254:354012 [0] NCCL INFO Connected to proxy localRank 0 -> connection 0x7f79a80054d0
MOC-R4PCC04U05:353254:353312 [0] NCCL INFO New proxy send connection 13 from local rank 0, transport 0
MOC-R4PCC04U05:353254:354012 [0] NCCL INFO Connected to proxy localRank 0 -> connection 0x7f79a8005548
MOC-R4PCC04U05:353256:353313 [2] NCCL INFO New proxy send connection 14 from local rank 2, transport 0
MOC-R4PCC04U05:353256:354013 [2] NCCL INFO Connected to proxy localRank 2 -> connection 0x7f19080055c0
MOC-R4PCC04U05:353256:353313 [2] NCCL INFO New proxy send connection 15 from local rank 2, transport 0
MOC-R4PCC04U05:353256:354013 [2] NCCL INFO Connected to proxy localRank 2 -> connection 0x7f1908005638
MOC-R4PCC04U05:353256:353313 [2] NCCL INFO New proxy send connection 16 from local rank 2, transport 0
MOC-R4PCC04U05:353256:354013 [2] NCCL INFO Connected to proxy localRank 2 -> connection 0x7f19080056b0
MOC-R4PCC04U05:353256:353313 [2] NCCL INFO New proxy send connection 17 from local rank 2, transport 0
MOC-R4PCC04U05:353256:354013 [2] NCCL INFO Connected to proxy localRank 2 -> connection 0x7f1908005728
MOC-R4PCC04U05:353257:353311 [3] NCCL INFO New proxy recv connection 5 from local rank 3, transport 0
MOC-R4PCC04U05:353257:354014 [3] NCCL INFO Connected to proxy localRank 3 -> connection 0x7f04a0005188
MOC-R4PCC04U05:353257:353311 [3] NCCL INFO New proxy recv connection 6 from local rank 3, transport 0
MOC-R4PCC04U05:353257:354014 [3] NCCL INFO Connected to proxy localRank 3 -> connection 0x7f04a0005200
MOC-R4PCC04U05:353257:353311 [3] NCCL INFO New proxy recv connection 7 from local rank 3, transport 0
MOC-R4PCC04U05:353257:354014 [3] NCCL INFO Connected to proxy localRank 3 -> connection 0x7f04a0005278
MOC-R4PCC04U05:353257:353311 [3] NCCL INFO New proxy recv connection 8 from local rank 3, transport 0
MOC-R4PCC04U05:353257:354014 [3] NCCL INFO Connected to proxy localRank 3 -> connection 0x7f04a00052f0
MOC-R4PCC04U05:353257:353311 [3] NCCL INFO New proxy send connection 9 from local rank 3, transport 0
MOC-R4PCC04U05:353257:354014 [3] NCCL INFO Connected to proxy localRank 3 -> connection 0x7f04a0005368
MOC-R4PCC04U05:353256:354013 [2] NCCL INFO GPU Direct RDMA Enabled for GPU 2 / HCA 1 (distance 5 <= 5), read 0 mode Default
MOC-R4PCC04U05:353257:353311 [3] NCCL INFO New proxy send connection 10 from local rank 3, transport 0
MOC-R4PCC04U05:353257:354014 [3] NCCL INFO Connected to proxy localRank 3 -> connection 0x7f04a00053e0
MOC-R4PCC04U05:353256:353313 [2] NCCL INFO New proxy recv connection 18 from local rank 2, transport 2
MOC-R4PCC04U05:353256:354013 [2] NCCL INFO Connected to proxy localRank 2 -> connection 0x7f19080057a0
MOC-R4PCC04U05:353257:353311 [3] NCCL INFO New proxy send connection 11 from local rank 3, transport 0
MOC-R4PCC04U05:353257:354014 [3] NCCL INFO Connected to proxy localRank 3 -> connection 0x7f04a0005458
MOC-R4PCC04U05:353256:354013 [2] NCCL INFO Channel 00/0 : 6[2] -> 2[2] [receive] via NET/IB/1/GDRDMA
MOC-R4PCC04U05:353256:354013 [2] NCCL INFO GPU Direct RDMA Enabled for GPU 2 / HCA 1 (distance 5 <= 5), read 0 mode Default
MOC-R4PCC04U05:353256:353313 [2] NCCL INFO New proxy recv connection 19 from local rank 2, transport 2
MOC-R4PCC04U05:353256:354013 [2] NCCL INFO Connected to proxy localRank 2 -> connection 0x7f1908005818
MOC-R4PCC04U05:353256:354013 [2] NCCL INFO Channel 01/0 : 6[2] -> 2[2] [receive] via NET/IB/1/GDRDMA
MOC-R4PCC04U05:353256:354013 [2] NCCL INFO GPU Direct RDMA Enabled for GPU 2 / HCA 1 (distance 5 <= 5), read 0 mode Default
MOC-R4PCC04U05:353257:353311 [3] NCCL INFO New proxy send connection 12 from local rank 3, transport 0
MOC-R4PCC04U05:353257:354014 [3] NCCL INFO Connected to proxy localRank 3 -> connection 0x7f04a00054d0
MOC-R4PCC04U05:353256:353313 [2] NCCL INFO New proxy recv connection 20 from local rank 2, transport 2
MOC-R4PCC04U05:353256:354013 [2] NCCL INFO Connected to proxy localRank 2 -> connection 0x7f1908005890
MOC-R4PCC04U05:353256:354013 [2] NCCL INFO Channel 02/0 : 6[2] -> 2[2] [receive] via NET/IB/1/GDRDMA
MOC-R4PCC04U05:353256:354013 [2] NCCL INFO GPU Direct RDMA Enabled for GPU 2 / HCA 1 (distance 5 <= 5), read 0 mode Default
MOC-R4PCC04U05:353256:353313 [2] NCCL INFO New proxy recv connection 21 from local rank 2, transport 2
MOC-R4PCC04U05:353256:354013 [2] NCCL INFO Connected to proxy localRank 2 -> connection 0x7f1908005908
MOC-R4PCC04U05:353256:354013 [2] NCCL INFO Channel 03/0 : 6[2] -> 2[2] [receive] via NET/IB/1/GDRDMA
MOC-R4PCC04U05:353256:354013 [2] NCCL INFO GPU Direct RDMA Enabled for GPU 2 / HCA 1 (distance 5 <= 5), read 1 mode Default
MOC-R4PCC04U05:353256:353313 [2] NCCL INFO New proxy send connection 22 from local rank 2, transport 2
MOC-R4PCC04U05:353256:354013 [2] NCCL INFO Connected to proxy localRank 2 -> connection 0x7f1908005980
MOC-R4PCC04U05:353256:354013 [2] NCCL INFO Channel 00/0 : 2[2] -> 6[2] [send] via NET/IB/1/GDRDMA
MOC-R4PCC04U05:353256:354013 [2] NCCL INFO GPU Direct RDMA Enabled for GPU 2 / HCA 1 (distance 5 <= 5), read 1 mode Default
MOC-R4PCC04U05:353256:353313 [2] NCCL INFO New proxy send connection 23 from local rank 2, transport 2
MOC-R4PCC04U05:353256:354013 [2] NCCL INFO Connected to proxy localRank 2 -> connection 0x7f19080059f8
MOC-R4PCC04U05:353256:354013 [2] NCCL INFO Channel 01/0 : 2[2] -> 6[2] [send] via NET/IB/1/GDRDMA
MOC-R4PCC04U05:353256:354013 [2] NCCL INFO GPU Direct RDMA Enabled for GPU 2 / HCA 1 (distance 5 <= 5), read 1 mode Default
MOC-R4PCC04U05:353256:353313 [2] NCCL INFO New proxy send connection 24 from local rank 2, transport 2
MOC-R4PCC04U05:353256:354013 [2] NCCL INFO Connected to proxy localRank 2 -> connection 0x7f1908005a70
MOC-R4PCC04U05:353256:354013 [2] NCCL INFO Channel 02/0 : 2[2] -> 6[2] [send] via NET/IB/1/GDRDMA
MOC-R4PCC04U05:353256:354013 [2] NCCL INFO GPU Direct RDMA Enabled for GPU 2 / HCA 1 (distance 5 <= 5), read 1 mode Default
MOC-R4PCC04U05:353256:353313 [2] NCCL INFO New proxy send connection 25 from local rank 2, transport 2
MOC-R4PCC04U05:353256:354013 [2] NCCL INFO Connected to proxy localRank 2 -> connection 0x7f1908005ae8
MOC-R4PCC04U05:353256:354013 [2] NCCL INFO Channel 03/0 : 2[2] -> 6[2] [send] via NET/IB/1/GDRDMA
MOC-R4PCC04U05:353256:353313 [2] NCCL INFO New proxy recv connection 26 from local rank 2, transport 0
MOC-R4PCC04U05:353256:354013 [2] NCCL INFO Connected to proxy localRank 2 -> connection 0x7f1908005b60
MOC-R4PCC04U05:353256:353313 [2] NCCL INFO New proxy recv connection 27 from local rank 2, transport 0
MOC-R4PCC04U05:353256:354013 [2] NCCL INFO Connected to proxy localRank 2 -> connection 0x7f1908005bd8
MOC-R4PCC04U05:353256:353313 [2] NCCL INFO New proxy recv connection 28 from local rank 2, transport 0
MOC-R4PCC04U05:353256:354013 [2] NCCL INFO Connected to proxy localRank 2 -> connection 0x7f1908005c50
MOC-R4PCC04U05:353256:353313 [2] NCCL INFO New proxy recv connection 29 from local rank 2, transport 0
MOC-R4PCC04U05:353256:354013 [2] NCCL INFO Connected to proxy localRank 2 -> connection 0x7f1908005cc8
MOC-R4PCC04U05:353255:353316 [1] NCCL INFO New proxy recv connection 10 from local rank 1, transport 0
MOC-R4PCC04U05:353255:354015 [1] NCCL INFO Connected to proxy localRank 1 -> connection 0x7f5ca80053e0
MOC-R4PCC04U05:353255:353316 [1] NCCL INFO New proxy recv connection 11 from local rank 1, transport 0
MOC-R4PCC04U05:353255:354015 [1] NCCL INFO Connected to proxy localRank 1 -> connection 0x7f5ca8005458
MOC-R4PCC04U05:353255:353316 [1] NCCL INFO New proxy recv connection 12 from local rank 1, transport 0
MOC-R4PCC04U05:353255:354015 [1] NCCL INFO Connected to proxy localRank 1 -> connection 0x7f5ca80054d0
MOC-R4PCC04U05:353255:353316 [1] NCCL INFO New proxy recv connection 13 from local rank 1, transport 0
MOC-R4PCC04U05:353255:354015 [1] NCCL INFO Connected to proxy localRank 1 -> connection 0x7f5ca8005548
MOC-R4PCC04U05:353254:353312 [0] NCCL INFO New proxy recv connection 14 from local rank 0, transport 0
MOC-R4PCC04U05:353254:354012 [0] NCCL INFO Connected to proxy localRank 0 -> connection 0x7f79a80055c0
MOC-R4PCC04U05:353254:353312 [0] NCCL INFO New proxy recv connection 15 from local rank 0, transport 0
MOC-R4PCC04U05:353254:354012 [0] NCCL INFO Connected to proxy localRank 0 -> connection 0x7f79a8005638
MOC-R4PCC04U05:353254:353312 [0] NCCL INFO New proxy recv connection 16 from local rank 0, transport 0
MOC-R4PCC04U05:353254:354012 [0] NCCL INFO Connected to proxy localRank 0 -> connection 0x7f79a80056b0
MOC-R4PCC04U05:353254:353312 [0] NCCL INFO New proxy recv connection 17 from local rank 0, transport 0
MOC-R4PCC04U05:353254:354012 [0] NCCL INFO Connected to proxy localRank 0 -> connection 0x7f79a8005728
MOC-R4PCC04U05:353257:353311 [3] NCCL INFO New proxy send connection 13 from local rank 3, transport 0
MOC-R4PCC04U05:353257:354014 [3] NCCL INFO Connected to proxy localRank 3 -> connection 0x7f04a0005548
MOC-R4PCC04U05:353257:353311 [3] NCCL INFO New proxy send connection 14 from local rank 3, transport 0
MOC-R4PCC04U05:353257:354014 [3] NCCL INFO Connected to proxy localRank 3 -> connection 0x7f04a00055c0
MOC-R4PCC04U05:353257:353311 [3] NCCL INFO New proxy send connection 15 from local rank 3, transport 0
MOC-R4PCC04U05:353257:354014 [3] NCCL INFO Connected to proxy localRank 3 -> connection 0x7f04a0005638
MOC-R4PCC04U05:353257:353311 [3] NCCL INFO New proxy send connection 16 from local rank 3, transport 0
MOC-R4PCC04U05:353257:354014 [3] NCCL INFO Connected to proxy localRank 3 -> connection 0x7f04a00056b0
MOC-R4PCC04U05:353257:353311 [3] NCCL INFO New proxy send connection 17 from local rank 2, transport 0
MOC-R4PCC04U05:353256:354013 [2] NCCL INFO Connected to proxy localRank 3 -> connection 0x7f04a0005728
MOC-R4PCC04U05:353256:353313 [2] NCCL INFO NET/IB: NCCL Dev 1 IbDev 0 Port 1 qpn 3860 mtu 3 query_ece={supported=1, vendor_id=0x15b3, options=0x30000002, comp_mask=0x0} GID 3 (0/C132A8C0FFFF0000) fifoRkey=0x180ac9 fifoLkey=0x180ac9
MOC-R4PCC04U05:353256:353313 [2] NCCL INFO NET/IB: NCCL Dev 1 IbDev 0 Port 1 qpn 3863 mtu 3 query_ece={supported=1, vendor_id=0x15b3, options=0x30000002, comp_mask=0x0} GID 3 (0/C132A8C0FFFF0000) fifoRkey=0x178443 fifoLkey=0x178443
MOC-R4PCC04U05:353256:353313 [2] NCCL INFO NET/IB: IbDev 0 Port 1 qpn 4101 set_ece={supported=1, vendor_id=0x15b3, options=0x0, comp_mask=0x0}
MOC-R4PCC04U05:353256:353313 [2] NCCL INFO NET/IB: IbDev 0 Port 1 qpn 4103 set_ece={supported=1, vendor_id=0x15b3, options=0x0, comp_mask=0x0}
MOC-R4PCC04U05:353256:353313 [2] NCCL INFO NET/IB: NCCL Dev 1 IbDev 0 Port 1 qpn 3868 mtu 3 query_ece={supported=1, vendor_id=0x15b3, options=0x30000002, comp_mask=0x0} GID 3 (0/C132A8C0FFFF0000) fifoRkey=0x177433 fifoLkey=0x177433
MOC-R4PCC04U05:353256:353313 [2] NCCL INFO NET/IB: NCCL Dev 1 IbDev 0 Port 1 qpn 3871 mtu 3 query_ece={supported=1, vendor_id=0x15b3, options=0x30000002, comp_mask=0x0} GID 3 (0/C132A8C0FFFF0000) fifoRkey=0x1723e2 fifoLkey=0x1723e2
MOC-R4PCC04U05:353256:353313 [2] NCCL INFO NET/IB: IbDev 0 Port 1 qpn 4108 set_ece={supported=1, vendor_id=0x15b3, options=0x0, comp_mask=0x0}
MOC-R4PCC04U05:353256:353313 [2] NCCL INFO NET/IB: IbDev 0 Port 1 qpn 4110 set_ece={supported=1, vendor_id=0x15b3, options=0x0, comp_mask=0x0}
step    1/10 | train loss 11.009806 | norm 15.3617 | lr 1.00e-04 | (14273.02 ms | 146931 tok/s)
step    2/10 | train loss 10.138540 | norm 5.7423 | lr 1.00e-04 | (634.94 ms | 3302923 tok/s)
step    3/10 | train loss 9.797907 | norm 2.6066 | lr 1.00e-04 | (634.90 ms | 3303137 tok/s)
step    4/10 | train loss 9.628573 | norm 2.1114 | lr 1.00e-04 | (631.28 ms | 3322067 tok/s)
step    5/10 | train loss 9.545596 | norm 2.1044 | lr 1.00e-04 | (632.48 ms | 3315773 tok/s)
step    6/10 | train loss 9.464415 | norm 1.9969 | lr 1.00e-04 | (637.22 ms | 3291097 tok/s)
step    7/10 | train loss 9.378774 | norm 1.9478 | lr 1.00e-04 | (635.12 ms | 3301974 tok/s)
step    8/10 | train loss 9.286814 | norm 1.9138 | lr 1.00e-04 | (639.20 ms | 3280910 tok/s)
step    9/10 | train loss 9.191317 | norm 1.8553 | lr 1.00e-04 | (634.52 ms | 3305105 tok/s)
step   10/10 | train loss 9.107035 | norm 1.7972 | lr 1.00e-04 | (636.19 ms | 3296402 tok/s)
final 9 iters avg: 635.094ms
peak memory consumption: 16601 MiB
