Running pytorch 2.7.0+cu126
using device: cuda:0
total desired batch size: 3145728
=> calculated gradient accumulation steps: 8
using device: cuda:3
using device: cuda:1
using device: cuda:2
compiling the model...
DataLoader: total number of tokens: 1,661,249,667 across 103 files
MOC-R4PCC04U05:587777:587777 [0] NCCL INFO NCCL_SOCKET_IFNAME set to eno7np0
MOC-R4PCC04U05:587777:587777 [0] NCCL INFO NCCL version 2.26.2+cuda12.2
MOC-R4PCC04U05:587777:587883 [0] NCCL INFO NET/Plugin: Could not find: libnccl-net.so. Using internal net plugin.
MOC-R4PCC04U05:587777:587883 [0] NCCL INFO NCCL_IB_HCA set to mlx5_5
MOC-R4PCC04U05:587780:587780 [3] NCCL INFO NCCL_SOCKET_IFNAME set to eno7np0
MOC-R4PCC04U05:587780:587780 [3] NCCL INFO NCCL version 2.26.2+cuda12.2
MOC-R4PCC04U05:587777:587883 [0] NCCL INFO NET/IB : Made virtual device [0] name=mlx5_5 speed=400000 ndevs=1
MOC-R4PCC04U05:587777:587883 [0] NCCL INFO NET/IB : Using [0]mlx5_5:1/RoCE [RO]; OOB eno7np0:192.168.50.193<0>
MOC-R4PCC04U05:587778:587778 [1] NCCL INFO NCCL_SOCKET_IFNAME set to eno7np0
MOC-R4PCC04U05:587778:587778 [1] NCCL INFO NCCL version 2.26.2+cuda12.2
MOC-R4PCC04U05:587779:587779 [2] NCCL INFO NCCL_SOCKET_IFNAME set to eno7np0
MOC-R4PCC04U05:587779:587779 [2] NCCL INFO NCCL version 2.26.2+cuda12.2
MOC-R4PCC04U05:587780:587905 [3] NCCL INFO NET/Plugin: Could not find: libnccl-net.so. Using internal net plugin.
MOC-R4PCC04U05:587780:587905 [3] NCCL INFO NCCL_IB_HCA set to mlx5_5
MOC-R4PCC04U05:587778:587907 [1] NCCL INFO NET/Plugin: Could not find: libnccl-net.so. Using internal net plugin.
MOC-R4PCC04U05:587778:587907 [1] NCCL INFO NCCL_IB_HCA set to mlx5_5
MOC-R4PCC04U05:587780:587905 [3] NCCL INFO NET/IB : Made virtual device [0] name=mlx5_5 speed=400000 ndevs=1
MOC-R4PCC04U05:587780:587905 [3] NCCL INFO NET/IB : Using [0]mlx5_5:1/RoCE [RO]; OOB eno7np0:192.168.50.193<0>
MOC-R4PCC04U05:587778:587907 [1] NCCL INFO NET/IB : Made virtual device [0] name=mlx5_5 speed=400000 ndevs=1
MOC-R4PCC04U05:587778:587907 [1] NCCL INFO NET/IB : Using [0]mlx5_5:1/RoCE [RO]; OOB eno7np0:192.168.50.193<0>
MOC-R4PCC04U05:587779:587908 [2] NCCL INFO NET/Plugin: Could not find: libnccl-net.so. Using internal net plugin.
MOC-R4PCC04U05:587779:587908 [2] NCCL INFO NCCL_IB_HCA set to mlx5_5
MOC-R4PCC04U05:587779:587908 [2] NCCL INFO NET/IB : Made virtual device [0] name=mlx5_5 speed=400000 ndevs=1
MOC-R4PCC04U05:587779:587908 [2] NCCL INFO NET/IB : Using [0]mlx5_5:1/RoCE [RO]; OOB eno7np0:192.168.50.193<0>
MOC-R4PCC04U05:587779:587908 [2] NCCL INFO NET/IB : GPU Direct RDMA Enabled for HCA 0 'mlx5_5'
MOC-R4PCC04U05:587779:587908 [2] NCCL INFO NET/IB : Made virtual device [1] name=mlx5_5 speed=400000 ndevs=1
MOC-R4PCC04U05:587779:587908 [2] NCCL INFO NET/IB : GPU Direct RDMA Enabled for HCA 0 'mlx5_5'
MOC-R4PCC04U05:587779:587908 [2] NCCL INFO NET/IB : GPU Direct RDMA Enabled for HCA 1 'mlx5_5'
MOC-R4PCC04U05:587780:587905 [3] NCCL INFO NET/IB : GPU Direct RDMA Enabled for HCA 0 'mlx5_5'
MOC-R4PCC04U05:587780:587905 [3] NCCL INFO NET/IB : Made virtual device [1] name=mlx5_5 speed=400000 ndevs=1
MOC-R4PCC04U05:587780:587905 [3] NCCL INFO NET/IB : GPU Direct RDMA Enabled for HCA 0 'mlx5_5'
MOC-R4PCC04U05:587780:587905 [3] NCCL INFO NET/IB : GPU Direct RDMA Enabled for HCA 1 'mlx5_5'
MOC-R4PCC04U05:587777:587883 [0] NCCL INFO NET/IB : GPU Direct RDMA Enabled for HCA 0 'mlx5_5'
MOC-R4PCC04U05:587777:587883 [0] NCCL INFO NET/IB : Made virtual device [1] name=mlx5_5 speed=400000 ndevs=1
MOC-R4PCC04U05:587777:587883 [0] NCCL INFO NET/IB : GPU Direct RDMA Enabled for HCA 0 'mlx5_5'
MOC-R4PCC04U05:587777:587883 [0] NCCL INFO NET/IB : GPU Direct RDMA Enabled for HCA 1 'mlx5_5'
MOC-R4PCC04U05:587778:587907 [1] NCCL INFO NET/IB : GPU Direct RDMA Enabled for HCA 0 'mlx5_5'
MOC-R4PCC04U05:587778:587907 [1] NCCL INFO NET/IB : Made virtual device [1] name=mlx5_5 speed=400000 ndevs=1
MOC-R4PCC04U05:587778:587907 [1] NCCL INFO NET/IB : GPU Direct RDMA Enabled for HCA 0 'mlx5_5'
MOC-R4PCC04U05:587778:587907 [1] NCCL INFO NET/IB : GPU Direct RDMA Enabled for HCA 1 'mlx5_5'
MOC-R4PCC04U05:587777:587883 [0] NCCL INFO GPU Direct RDMA Enabled for GPU 0 / HCA 1 (distance 5 <= 5), read 0 mode Default
MOC-R4PCC04U05:587777:587883 [0] NCCL INFO GPU Direct RDMA Enabled for GPU 1 / HCA 1 (distance 5 <= 5), read 0 mode Default
MOC-R4PCC04U05:587777:587883 [0] NCCL INFO GPU Direct RDMA Enabled for GPU 2 / HCA 1 (distance 5 <= 5), read 0 mode Default
MOC-R4PCC04U05:587777:587883 [0] NCCL INFO GPU Direct RDMA Enabled for GPU 3 / HCA 1 (distance 5 <= 5), read 0 mode Default
MOC-R4PCC04U05:587777:587883 [0] NCCL INFO GPU Direct RDMA Enabled for GPU 0 / HCA 1 (distance 5 <= 5), read 0 mode Default
MOC-R4PCC04U05:587777:587883 [0] NCCL INFO GPU Direct RDMA Enabled for GPU 1 / HCA 1 (distance 5 <= 5), read 0 mode Default
MOC-R4PCC04U05:587777:587883 [0] NCCL INFO GPU Direct RDMA Enabled for GPU 2 / HCA 1 (distance 5 <= 5), read 0 mode Default
MOC-R4PCC04U05:587777:587883 [0] NCCL INFO GPU Direct RDMA Enabled for GPU 3 / HCA 1 (distance 5 <= 5), read 0 mode Default
MOC-R4PCC04U05:587778:587907 [1] NCCL INFO GPU Direct RDMA Enabled for GPU 0 / HCA 1 (distance 5 <= 5), read 0 mode Default
MOC-R4PCC04U05:587778:587907 [1] NCCL INFO GPU Direct RDMA Enabled for GPU 1 / HCA 1 (distance 5 <= 5), read 0 mode Default
MOC-R4PCC04U05:587778:587907 [1] NCCL INFO GPU Direct RDMA Enabled for GPU 2 / HCA 1 (distance 5 <= 5), read 0 mode Default
MOC-R4PCC04U05:587778:587907 [1] NCCL INFO GPU Direct RDMA Enabled for GPU 3 / HCA 1 (distance 5 <= 5), read 0 mode Default
MOC-R4PCC04U05:587778:587907 [1] NCCL INFO GPU Direct RDMA Enabled for GPU 0 / HCA 1 (distance 5 <= 5), read 0 mode Default
MOC-R4PCC04U05:587778:587907 [1] NCCL INFO GPU Direct RDMA Enabled for GPU 1 / HCA 1 (distance 5 <= 5), read 0 mode Default
MOC-R4PCC04U05:587778:587907 [1] NCCL INFO GPU Direct RDMA Enabled for GPU 2 / HCA 1 (distance 5 <= 5), read 0 mode Default
MOC-R4PCC04U05:587778:587907 [1] NCCL INFO GPU Direct RDMA Enabled for GPU 3 / HCA 1 (distance 5 <= 5), read 0 mode Default
MOC-R4PCC04U05:587780:587905 [3] NCCL INFO GPU Direct RDMA Enabled for GPU 0 / HCA 1 (distance 5 <= 5), read 0 mode Default
MOC-R4PCC04U05:587780:587905 [3] NCCL INFO GPU Direct RDMA Enabled for GPU 1 / HCA 1 (distance 5 <= 5), read 0 mode Default
MOC-R4PCC04U05:587780:587905 [3] NCCL INFO GPU Direct RDMA Enabled for GPU 2 / HCA 1 (distance 5 <= 5), read 0 mode Default
MOC-R4PCC04U05:587780:587905 [3] NCCL INFO GPU Direct RDMA Enabled for GPU 3 / HCA 1 (distance 5 <= 5), read 0 mode Default
MOC-R4PCC04U05:587780:587905 [3] NCCL INFO GPU Direct RDMA Enabled for GPU 0 / HCA 1 (distance 5 <= 5), read 0 mode Default
MOC-R4PCC04U05:587780:587905 [3] NCCL INFO GPU Direct RDMA Enabled for GPU 1 / HCA 1 (distance 5 <= 5), read 0 mode Default
MOC-R4PCC04U05:587780:587905 [3] NCCL INFO GPU Direct RDMA Enabled for GPU 2 / HCA 1 (distance 5 <= 5), read 0 mode Default
MOC-R4PCC04U05:587780:587905 [3] NCCL INFO GPU Direct RDMA Enabled for GPU 3 / HCA 1 (distance 5 <= 5), read 0 mode Default
MOC-R4PCC04U05:587779:587908 [2] NCCL INFO GPU Direct RDMA Enabled for GPU 0 / HCA 1 (distance 5 <= 5), read 0 mode Default
MOC-R4PCC04U05:587779:587908 [2] NCCL INFO GPU Direct RDMA Enabled for GPU 1 / HCA 1 (distance 5 <= 5), read 0 mode Default
MOC-R4PCC04U05:587779:587908 [2] NCCL INFO GPU Direct RDMA Enabled for GPU 2 / HCA 1 (distance 5 <= 5), read 0 mode Default
MOC-R4PCC04U05:587779:587908 [2] NCCL INFO GPU Direct RDMA Enabled for GPU 3 / HCA 1 (distance 5 <= 5), read 0 mode Default
MOC-R4PCC04U05:587779:587908 [2] NCCL INFO GPU Direct RDMA Enabled for GPU 0 / HCA 1 (distance 5 <= 5), read 0 mode Default
MOC-R4PCC04U05:587779:587908 [2] NCCL INFO GPU Direct RDMA Enabled for GPU 1 / HCA 1 (distance 5 <= 5), read 0 mode Default
MOC-R4PCC04U05:587779:587908 [2] NCCL INFO GPU Direct RDMA Enabled for GPU 2 / HCA 1 (distance 5 <= 5), read 0 mode Default
MOC-R4PCC04U05:587779:587908 [2] NCCL INFO GPU Direct RDMA Enabled for GPU 3 / HCA 1 (distance 5 <= 5), read 0 mode Default
MOC-R4PCC04U05:587777:587921 [0] NCCL INFO New proxy send connection 0 from local rank 0, transport 0
MOC-R4PCC04U05:587777:587928 [0] NCCL INFO Connected to proxy localRank 0 -> connection 0x7f70f8004f30
MOC-R4PCC04U05:587777:587921 [0] NCCL INFO New proxy send connection 1 from local rank 0, transport 0
MOC-R4PCC04U05:587777:587928 [0] NCCL INFO Connected to proxy localRank 0 -> connection 0x7f70f8004fa8
MOC-R4PCC04U05:587777:587921 [0] NCCL INFO New proxy send connection 2 from local rank 0, transport 0
MOC-R4PCC04U05:587777:587928 [0] NCCL INFO Connected to proxy localRank 0 -> connection 0x7f70f8005020
MOC-R4PCC04U05:587777:587921 [0] NCCL INFO New proxy send connection 3 from local rank 0, transport 0
MOC-R4PCC04U05:587777:587928 [0] NCCL INFO Connected to proxy localRank 0 -> connection 0x7f70f8005098
MOC-R4PCC04U05:587780:587920 [3] NCCL INFO New proxy recv connection 0 from local rank 3, transport 0
MOC-R4PCC04U05:587780:587929 [3] NCCL INFO Connected to proxy localRank 3 -> connection 0x7fa6d8004f30
MOC-R4PCC04U05:587778:587926 [1] NCCL INFO New proxy recv connection 0 from local rank 1, transport 0
MOC-R4PCC04U05:587778:587930 [1] NCCL INFO Connected to proxy localRank 1 -> connection 0x7f6d30004f30
MOC-R4PCC04U05:587780:587920 [3] NCCL INFO New proxy recv connection 1 from local rank 3, transport 0
MOC-R4PCC04U05:587780:587929 [3] NCCL INFO Connected to proxy localRank 3 -> connection 0x7fa6d8004fa8
MOC-R4PCC04U05:587778:587926 [1] NCCL INFO New proxy recv connection 1 from local rank 1, transport 0
MOC-R4PCC04U05:587778:587930 [1] NCCL INFO Connected to proxy localRank 1 -> connection 0x7f6d30004fa8
MOC-R4PCC04U05:587779:587931 [2] NCCL INFO GPU Direct RDMA Enabled for GPU 2 / HCA 1 (distance 5 <= 5), read 0 mode Default
MOC-R4PCC04U05:587780:587920 [3] NCCL INFO New proxy recv connection 2 from local rank 3, transport 0
MOC-R4PCC04U05:587780:587929 [3] NCCL INFO Connected to proxy localRank 3 -> connection 0x7fa6d8005020
MOC-R4PCC04U05:587778:587926 [1] NCCL INFO New proxy recv connection 2 from local rank 1, transport 0
MOC-R4PCC04U05:587778:587930 [1] NCCL INFO Connected to proxy localRank 1 -> connection 0x7f6d30005020
MOC-R4PCC04U05:587780:587920 [3] NCCL INFO New proxy recv connection 3 from local rank 3, transport 0
MOC-R4PCC04U05:587780:587929 [3] NCCL INFO Connected to proxy localRank 3 -> connection 0x7fa6d8005098
MOC-R4PCC04U05:587778:587926 [1] NCCL INFO New proxy recv connection 3 from local rank 1, transport 0
MOC-R4PCC04U05:587778:587930 [1] NCCL INFO Connected to proxy localRank 1 -> connection 0x7f6d30005098
MOC-R4PCC04U05:587780:587929 [3] NCCL INFO GPU Direct RDMA Enabled for GPU 3 / HCA 1 (distance 5 <= 5), read 1 mode Default
MOC-R4PCC04U05:587778:587926 [1] NCCL INFO New proxy send connection 4 from local rank 1, transport 0
MOC-R4PCC04U05:587778:587930 [1] NCCL INFO Connected to proxy localRank 1 -> connection 0x7f6d30005110
MOC-R4PCC04U05:587778:587926 [1] NCCL INFO New proxy send connection 5 from local rank 1, transport 0
MOC-R4PCC04U05:587778:587930 [1] NCCL INFO Connected to proxy localRank 1 -> connection 0x7f6d30005188
MOC-R4PCC04U05:587778:587926 [1] NCCL INFO New proxy send connection 6 from local rank 1, transport 0
MOC-R4PCC04U05:587778:587930 [1] NCCL INFO Connected to proxy localRank 1 -> connection 0x7f6d30005200
MOC-R4PCC04U05:587779:587922 [2] NCCL INFO New proxy recv connection 0 from local rank 2, transport 2
MOC-R4PCC04U05:587779:587922 [2] NCCL INFO New proxy send connection 1 from local rank 3, transport 2
MOC-R4PCC04U05:587779:587931 [2] NCCL INFO Connected to proxy localRank 2 -> connection 0x7f6320004f30
MOC-R4PCC04U05:587780:587929 [3] NCCL INFO Connected to proxy localRank 2 -> connection 0x7f6320004fa8
MOC-R4PCC04U05:587779:587931 [2] NCCL INFO Channel 00/0 : 11[3] -> 2[2] [receive] via NET/IB/1/GDRDMA
MOC-R4PCC04U05:587779:587931 [2] NCCL INFO GPU Direct RDMA Enabled for GPU 2 / HCA 1 (distance 5 <= 5), read 0 mode Default
MOC-R4PCC04U05:587779:587922 [2] NCCL INFO New proxy recv connection 2 from local rank 2, transport 2
MOC-R4PCC04U05:587779:587931 [2] NCCL INFO Connected to proxy localRank 2 -> connection 0x7f6320005020
MOC-R4PCC04U05:587780:587929 [3] NCCL INFO Channel 00/0 : 3[3] -> 6[2] [send] via NET/IB/1(2)/GDRDMA
MOC-R4PCC04U05:587780:587929 [3] NCCL INFO GPU Direct RDMA Enabled for GPU 3 / HCA 1 (distance 5 <= 5), read 1 mode Default
MOC-R4PCC04U05:587779:587931 [2] NCCL INFO Channel 01/0 : 11[3] -> 2[2] [receive] via NET/IB/1/GDRDMA
MOC-R4PCC04U05:587779:587931 [2] NCCL INFO GPU Direct RDMA Enabled for GPU 2 / HCA 1 (distance 5 <= 5), read 0 mode Default
MOC-R4PCC04U05:587779:587922 [2] NCCL INFO New proxy send connection 3 from local rank 3, transport 2
MOC-R4PCC04U05:587780:587929 [3] NCCL INFO Connected to proxy localRank 2 -> connection 0x7f6320005098
MOC-R4PCC04U05:587779:587922 [2] NCCL INFO New proxy recv connection 4 from local rank 2, transport 2
MOC-R4PCC04U05:587779:587931 [2] NCCL INFO Connected to proxy localRank 2 -> connection 0x7f6320005110
MOC-R4PCC04U05:587780:587929 [3] NCCL INFO Channel 01/0 : 3[3] -> 6[2] [send] via NET/IB/1(2)/GDRDMA
MOC-R4PCC04U05:587780:587929 [3] NCCL INFO GPU Direct RDMA Enabled for GPU 3 / HCA 1 (distance 5 <= 5), read 1 mode Default
MOC-R4PCC04U05:587779:587931 [2] NCCL INFO Channel 02/0 : 11[3] -> 2[2] [receive] via NET/IB/1/GDRDMA
MOC-R4PCC04U05:587779:587931 [2] NCCL INFO GPU Direct RDMA Enabled for GPU 2 / HCA 1 (distance 5 <= 5), read 0 mode Default
MOC-R4PCC04U05:587779:587922 [2] NCCL INFO New proxy send connection 5 from local rank 3, transport 2
MOC-R4PCC04U05:587780:587929 [3] NCCL INFO Connected to proxy localRank 2 -> connection 0x7f6320005188
MOC-R4PCC04U05:587779:587922 [2] NCCL INFO New proxy recv connection 6 from local rank 2, transport 2
MOC-R4PCC04U05:587779:587931 [2] NCCL INFO Connected to proxy localRank 2 -> connection 0x7f6320005200
MOC-R4PCC04U05:587780:587929 [3] NCCL INFO Channel 02/0 : 3[3] -> 6[2] [send] via NET/IB/1(2)/GDRDMA
MOC-R4PCC04U05:587780:587929 [3] NCCL INFO GPU Direct RDMA Enabled for GPU 3 / HCA 1 (distance 5 <= 5), read 1 mode Default
MOC-R4PCC04U05:587779:587931 [2] NCCL INFO Channel 03/0 : 11[3] -> 2[2] [receive] via NET/IB/1/GDRDMA
MOC-R4PCC04U05:587779:587922 [2] NCCL INFO New proxy send connection 7 from local rank 3, transport 2
MOC-R4PCC04U05:587780:587929 [3] NCCL INFO Connected to proxy localRank 2 -> connection 0x7f6320005278
MOC-R4PCC04U05:587780:587929 [3] NCCL INFO Channel 03/0 : 3[3] -> 6[2] [send] via NET/IB/1(2)/GDRDMA
MOC-R4PCC04U05:587777:587921 [0] NCCL INFO New proxy recv connection 4 from local rank 0, transport 0
MOC-R4PCC04U05:587777:587928 [0] NCCL INFO Connected to proxy localRank 0 -> connection 0x7f70f8005110
MOC-R4PCC04U05:587777:587921 [0] NCCL INFO New proxy recv connection 5 from local rank 0, transport 0
MOC-R4PCC04U05:587777:587928 [0] NCCL INFO Connected to proxy localRank 0 -> connection 0x7f70f8005188
MOC-R4PCC04U05:587778:587926 [1] NCCL INFO New proxy send connection 7 from local rank 1, transport 0
MOC-R4PCC04U05:587778:587930 [1] NCCL INFO Connected to proxy localRank 1 -> connection 0x7f6d30005278
MOC-R4PCC04U05:587777:587921 [0] NCCL INFO New proxy recv connection 6 from local rank 0, transport 0
MOC-R4PCC04U05:587777:587928 [0] NCCL INFO Connected to proxy localRank 0 -> connection 0x7f70f8005200
MOC-R4PCC04U05:587777:587921 [0] NCCL INFO New proxy recv connection 7 from local rank 0, transport 0
MOC-R4PCC04U05:587777:587928 [0] NCCL INFO Connected to proxy localRank 0 -> connection 0x7f70f8005278
MOC-R4PCC04U05:587780:587920 [3] NCCL INFO New proxy send connection 4 from local rank 0, transport 0
MOC-R4PCC04U05:587777:587928 [0] NCCL INFO Connected to proxy localRank 3 -> connection 0x7fa6d8005110
MOC-R4PCC04U05:587778:587926 [1] NCCL INFO New proxy send connection 8 from local rank 0, transport 0
MOC-R4PCC04U05:587777:587928 [0] NCCL INFO Connected to proxy localRank 1 -> connection 0x7f6d300052f0
MOC-R4PCC04U05:587779:587922 [2] NCCL INFO New proxy send connection 8 from local rank 2, transport 0
MOC-R4PCC04U05:587779:587931 [2] NCCL INFO Connected to proxy localRank 2 -> connection 0x7f63200052f0
MOC-R4PCC04U05:587779:587922 [2] NCCL INFO New proxy send connection 9 from local rank 2, transport 0
MOC-R4PCC04U05:587779:587931 [2] NCCL INFO Connected to proxy localRank 2 -> connection 0x7f6320005368
MOC-R4PCC04U05:587779:587922 [2] NCCL INFO New proxy send connection 10 from local rank 2, transport 0
MOC-R4PCC04U05:587779:587931 [2] NCCL INFO Connected to proxy localRank 2 -> connection 0x7f63200053e0
MOC-R4PCC04U05:587779:587922 [2] NCCL INFO New proxy send connection 11 from local rank 2, transport 0
MOC-R4PCC04U05:587779:587931 [2] NCCL INFO Connected to proxy localRank 2 -> connection 0x7f6320005458
MOC-R4PCC04U05:587777:587921 [0] NCCL INFO New proxy send connection 8 from local rank 1, transport 0
MOC-R4PCC04U05:587778:587930 [1] NCCL INFO Connected to proxy localRank 0 -> connection 0x7f70f80052f0
MOC-R4PCC04U05:587778:587926 [1] NCCL INFO New proxy send connection 9 from local rank 2, transport 0
MOC-R4PCC04U05:587779:587931 [2] NCCL INFO Connected to proxy localRank 1 -> connection 0x7f6d30005368
MOC-R4PCC04U05:587777:587921 [0] NCCL INFO New proxy send connection 9 from local rank 3, transport 0
MOC-R4PCC04U05:587780:587929 [3] NCCL INFO Connected to proxy localRank 0 -> connection 0x7f70f8005368
MOC-R4PCC04U05:587779:587922 [2] NCCL INFO New proxy send connection 12 from local rank 1, transport 0
MOC-R4PCC04U05:587778:587930 [1] NCCL INFO Connected to proxy localRank 2 -> connection 0x7f63200054d0
MOC-R4PCC04U05:587779:587922 [2] NCCL INFO NET/IB: NCCL Dev 1 IbDev 0 Port 1 qpn 9460 mtu 3 query_ece={supported=1, vendor_id=0x15b3, options=0x30000002, comp_mask=0x0} GID 3 (0/C132A8C0FFFF0000) fifoRkey=0x180fce fifoLkey=0x180fce
MOC-R4PCC04U05:587779:587922 [2] NCCL INFO NET/IB: IbDev 0 Port 1 qpn 9210 set_ece={supported=1, vendor_id=0x15b3, options=0x0, comp_mask=0x0}
MOC-R4PCC04U05:587779:587922 [2] NCCL INFO NET/IB: NCCL Dev 1 IbDev 0 Port 1 qpn 9461 mtu 3 query_ece={supported=1, vendor_id=0x15b3, options=0x30000002, comp_mask=0x0} GID 3 (0/C132A8C0FFFF0000) fifoRkey=0x17f9b8 fifoLkey=0x17f9b8
MOC-R4PCC04U05:587779:587922 [2] NCCL INFO NET/IB: NCCL Dev 1 IbDev 0 Port 1 qpn 9462 mtu 3 query_ece={supported=1, vendor_id=0x15b3, options=0x30000002, comp_mask=0x0} GID 3 (0/C132A8C0FFFF0000) fifoRkey=0x17b878 fifoLkey=0x17b878
MOC-R4PCC04U05:587779:587922 [2] NCCL INFO NET/IB: NCCL Dev 1 IbDev 0 Port 1 qpn 9463 mtu 3 query_ece={supported=1, vendor_id=0x15b3, options=0x30000002, comp_mask=0x0} GID 3 (0/C132A8C0FFFF0000) fifoRkey=0x17f1b0 fifoLkey=0x17f1b0
MOC-R4PCC04U05:587779:587922 [2] NCCL INFO New proxy send connection 13 from local rank 3, transport 0
MOC-R4PCC04U05:587780:587929 [3] NCCL INFO Connected to proxy localRank 2 -> connection 0x7f6320005548
MOC-R4PCC04U05:587779:587922 [2] NCCL INFO NET/IB: IbDev 0 Port 1 qpn 9212 set_ece={supported=1, vendor_id=0x15b3, options=0x0, comp_mask=0x0}
MOC-R4PCC04U05:587779:587922 [2] NCCL INFO NET/IB: IbDev 0 Port 1 qpn 9214 set_ece={supported=1, vendor_id=0x15b3, options=0x0, comp_mask=0x0}
MOC-R4PCC04U05:587779:587922 [2] NCCL INFO NET/IB: IbDev 0 Port 1 qpn 9216 set_ece={supported=1, vendor_id=0x15b3, options=0x0, comp_mask=0x0}
num decayed parameter tensors: 50, with 124,318,464 parameters
num non-decayed parameter tensors: 98, with 121,344 parameters
using fused AdamW: False
using regular AdamW
MOC-R4PCC04U05:587780:587920 [3] NCCL INFO New proxy recv connection 5 from local rank 3, transport 0
MOC-R4PCC04U05:587780:588623 [3] NCCL INFO Connected to proxy localRank 3 -> connection 0x7fa6d8005188
MOC-R4PCC04U05:587780:587920 [3] NCCL INFO New proxy recv connection 6 from local rank 3, transport 0
MOC-R4PCC04U05:587780:588623 [3] NCCL INFO Connected to proxy localRank 3 -> connection 0x7fa6d8005200
MOC-R4PCC04U05:587780:587920 [3] NCCL INFO New proxy recv connection 7 from local rank 3, transport 0
MOC-R4PCC04U05:587780:588623 [3] NCCL INFO Connected to proxy localRank 3 -> connection 0x7fa6d8005278
MOC-R4PCC04U05:587780:587920 [3] NCCL INFO New proxy recv connection 8 from local rank 3, transport 0
MOC-R4PCC04U05:587780:588623 [3] NCCL INFO Connected to proxy localRank 3 -> connection 0x7fa6d80052f0
MOC-R4PCC04U05:587777:587921 [0] NCCL INFO New proxy send connection 10 from local rank 0, transport 0
MOC-R4PCC04U05:587777:588624 [0] NCCL INFO Connected to proxy localRank 0 -> connection 0x7f70f80053e0
MOC-R4PCC04U05:587777:587921 [0] NCCL INFO New proxy send connection 11 from local rank 0, transport 0
MOC-R4PCC04U05:587777:588624 [0] NCCL INFO Connected to proxy localRank 0 -> connection 0x7f70f8005458
MOC-R4PCC04U05:587777:587921 [0] NCCL INFO New proxy send connection 12 from local rank 0, transport 0
MOC-R4PCC04U05:587777:588624 [0] NCCL INFO Connected to proxy localRank 0 -> connection 0x7f70f80054d0
MOC-R4PCC04U05:587777:587921 [0] NCCL INFO New proxy send connection 13 from local rank 0, transport 0
MOC-R4PCC04U05:587777:588624 [0] NCCL INFO Connected to proxy localRank 0 -> connection 0x7f70f8005548
MOC-R4PCC04U05:587778:587926 [1] NCCL INFO New proxy recv connection 10 from local rank 1, transport 0
MOC-R4PCC04U05:587778:588625 [1] NCCL INFO Connected to proxy localRank 1 -> connection 0x7f6d300053e0
MOC-R4PCC04U05:587778:587926 [1] NCCL INFO New proxy recv connection 11 from local rank 1, transport 0
MOC-R4PCC04U05:587778:588625 [1] NCCL INFO Connected to proxy localRank 1 -> connection 0x7f6d30005458
MOC-R4PCC04U05:587778:587926 [1] NCCL INFO New proxy recv connection 12 from local rank 1, transport 0
MOC-R4PCC04U05:587778:588625 [1] NCCL INFO Connected to proxy localRank 1 -> connection 0x7f6d300054d0
MOC-R4PCC04U05:587778:587926 [1] NCCL INFO New proxy recv connection 13 from local rank 1, transport 0
MOC-R4PCC04U05:587778:588625 [1] NCCL INFO Connected to proxy localRank 1 -> connection 0x7f6d30005548
MOC-R4PCC04U05:587777:587921 [0] NCCL INFO New proxy recv connection 14 from local rank 0, transport 0
MOC-R4PCC04U05:587777:588624 [0] NCCL INFO Connected to proxy localRank 0 -> connection 0x7f70f80055c0
MOC-R4PCC04U05:587777:587921 [0] NCCL INFO New proxy recv connection 15 from local rank 0, transport 0
MOC-R4PCC04U05:587777:588624 [0] NCCL INFO Connected to proxy localRank 0 -> connection 0x7f70f8005638
MOC-R4PCC04U05:587777:587921 [0] NCCL INFO New proxy recv connection 16 from local rank 0, transport 0
MOC-R4PCC04U05:587777:588624 [0] NCCL INFO Connected to proxy localRank 0 -> connection 0x7f70f80056b0
MOC-R4PCC04U05:587777:587921 [0] NCCL INFO New proxy recv connection 17 from local rank 0, transport 0
MOC-R4PCC04U05:587777:588624 [0] NCCL INFO Connected to proxy localRank 0 -> connection 0x7f70f8005728
MOC-R4PCC04U05:587779:587922 [2] NCCL INFO New proxy send connection 14 from local rank 2, transport 0
MOC-R4PCC04U05:587779:588626 [2] NCCL INFO Connected to proxy localRank 2 -> connection 0x7f63200055c0
MOC-R4PCC04U05:587779:587922 [2] NCCL INFO New proxy send connection 15 from local rank 2, transport 0
MOC-R4PCC04U05:587779:588626 [2] NCCL INFO Connected to proxy localRank 2 -> connection 0x7f6320005638
MOC-R4PCC04U05:587779:587922 [2] NCCL INFO New proxy send connection 16 from local rank 2, transport 0
MOC-R4PCC04U05:587779:588626 [2] NCCL INFO Connected to proxy localRank 2 -> connection 0x7f63200056b0
MOC-R4PCC04U05:587779:587922 [2] NCCL INFO New proxy send connection 17 from local rank 2, transport 0
MOC-R4PCC04U05:587779:588626 [2] NCCL INFO Connected to proxy localRank 2 -> connection 0x7f6320005728
MOC-R4PCC04U05:587779:588626 [2] NCCL INFO GPU Direct RDMA Enabled for GPU 2 / HCA 1 (distance 5 <= 5), read 0 mode Default
MOC-R4PCC04U05:587780:587920 [3] NCCL INFO New proxy send connection 9 from local rank 3, transport 0
MOC-R4PCC04U05:587779:587922 [2] NCCL INFO New proxy recv connection 18 from local rank 2, transport 2
MOC-R4PCC04U05:587779:588626 [2] NCCL INFO Connected to proxy localRank 2 -> connection 0x7f63200057a0
MOC-R4PCC04U05:587780:588623 [3] NCCL INFO Connected to proxy localRank 3 -> connection 0x7fa6d8005368
MOC-R4PCC04U05:587779:588626 [2] NCCL INFO Channel 00/0 : 10[2] -> 2[2] [receive] via NET/IB/1/GDRDMA
MOC-R4PCC04U05:587779:588626 [2] NCCL INFO GPU Direct RDMA Enabled for GPU 2 / HCA 1 (distance 5 <= 5), read 0 mode Default
MOC-R4PCC04U05:587779:587922 [2] NCCL INFO New proxy recv connection 19 from local rank 2, transport 2
MOC-R4PCC04U05:587779:588626 [2] NCCL INFO Connected to proxy localRank 2 -> connection 0x7f6320005818
MOC-R4PCC04U05:587779:588626 [2] NCCL INFO Channel 01/0 : 10[2] -> 2[2] [receive] via NET/IB/1/GDRDMA
MOC-R4PCC04U05:587779:588626 [2] NCCL INFO GPU Direct RDMA Enabled for GPU 2 / HCA 1 (distance 5 <= 5), read 0 mode Default
MOC-R4PCC04U05:587779:587922 [2] NCCL INFO New proxy recv connection 20 from local rank 2, transport 2
MOC-R4PCC04U05:587780:587920 [3] NCCL INFO New proxy send connection 10 from local rank 3, transport 0
MOC-R4PCC04U05:587779:588626 [2] NCCL INFO Connected to proxy localRank 2 -> connection 0x7f6320005890
MOC-R4PCC04U05:587780:588623 [3] NCCL INFO Connected to proxy localRank 3 -> connection 0x7fa6d80053e0
MOC-R4PCC04U05:587779:588626 [2] NCCL INFO Channel 02/0 : 10[2] -> 2[2] [receive] via NET/IB/1/GDRDMA
MOC-R4PCC04U05:587779:588626 [2] NCCL INFO GPU Direct RDMA Enabled for GPU 2 / HCA 1 (distance 5 <= 5), read 0 mode Default
MOC-R4PCC04U05:587779:587922 [2] NCCL INFO New proxy recv connection 21 from local rank 2, transport 2
MOC-R4PCC04U05:587779:588626 [2] NCCL INFO Connected to proxy localRank 2 -> connection 0x7f6320005908
MOC-R4PCC04U05:587779:588626 [2] NCCL INFO Channel 03/0 : 10[2] -> 2[2] [receive] via NET/IB/1/GDRDMA
MOC-R4PCC04U05:587779:588626 [2] NCCL INFO GPU Direct RDMA Enabled for GPU 2 / HCA 1 (distance 5 <= 5), read 1 mode Default
MOC-R4PCC04U05:587780:587920 [3] NCCL INFO New proxy send connection 11 from local rank 3, transport 0
MOC-R4PCC04U05:587780:588623 [3] NCCL INFO Connected to proxy localRank 3 -> connection 0x7fa6d8005458
MOC-R4PCC04U05:587779:587922 [2] NCCL INFO New proxy send connection 22 from local rank 2, transport 2
MOC-R4PCC04U05:587779:588626 [2] NCCL INFO Connected to proxy localRank 2 -> connection 0x7f6320005980
MOC-R4PCC04U05:587779:588626 [2] NCCL INFO Channel 02/0 : 2[2] -> 6[2] [send] via NET/IB/1/GDRDMA
MOC-R4PCC04U05:587779:588626 [2] NCCL INFO GPU Direct RDMA Enabled for GPU 2 / HCA 1 (distance 5 <= 5), read 1 mode Default
MOC-R4PCC04U05:587779:587922 [2] NCCL INFO New proxy send connection 23 from local rank 2, transport 2
MOC-R4PCC04U05:587779:588626 [2] NCCL INFO Connected to proxy localRank 2 -> connection 0x7f63200059f8
MOC-R4PCC04U05:587779:588626 [2] NCCL INFO Channel 03/0 : 2[2] -> 6[2] [send] via NET/IB/1/GDRDMA
MOC-R4PCC04U05:587780:587920 [3] NCCL INFO New proxy send connection 12 from local rank 3, transport 0
MOC-R4PCC04U05:587780:588623 [3] NCCL INFO Connected to proxy localRank 3 -> connection 0x7fa6d80054d0
MOC-R4PCC04U05:587780:587920 [3] NCCL INFO New proxy send connection 13 from local rank 3, transport 0
MOC-R4PCC04U05:587780:588623 [3] NCCL INFO Connected to proxy localRank 3 -> connection 0x7fa6d8005548
MOC-R4PCC04U05:587780:587920 [3] NCCL INFO New proxy send connection 14 from local rank 3, transport 0
MOC-R4PCC04U05:587780:588623 [3] NCCL INFO Connected to proxy localRank 3 -> connection 0x7fa6d80055c0
MOC-R4PCC04U05:587779:588626 [2] NCCL INFO GPU Direct RDMA Enabled for GPU 2 / HCA 1 (distance 5 <= 5), read 0 mode Default
MOC-R4PCC04U05:587779:587922 [2] NCCL INFO New proxy recv connection 24 from local rank 2, transport 2
MOC-R4PCC04U05:587779:588626 [2] NCCL INFO Connected to proxy localRank 2 -> connection 0x7f6320005a70
MOC-R4PCC04U05:587779:588626 [2] NCCL INFO Channel 02/0 : 6[2] -> 2[2] [receive] via NET/IB/1/GDRDMA
MOC-R4PCC04U05:587779:588626 [2] NCCL INFO GPU Direct RDMA Enabled for GPU 2 / HCA 1 (distance 5 <= 5), read 0 mode Default
MOC-R4PCC04U05:587779:587922 [2] NCCL INFO New proxy recv connection 25 from local rank 2, transport 2
MOC-R4PCC04U05:587779:588626 [2] NCCL INFO Connected to proxy localRank 2 -> connection 0x7f6320005ae8
MOC-R4PCC04U05:587779:588626 [2] NCCL INFO Channel 03/0 : 6[2] -> 2[2] [receive] via NET/IB/1/GDRDMA
MOC-R4PCC04U05:587779:588626 [2] NCCL INFO GPU Direct RDMA Enabled for GPU 2 / HCA 1 (distance 5 <= 5), read 1 mode Default
MOC-R4PCC04U05:587779:587922 [2] NCCL INFO New proxy send connection 26 from local rank 2, transport 2
MOC-R4PCC04U05:587779:588626 [2] NCCL INFO Connected to proxy localRank 2 -> connection 0x7f6320005b60
MOC-R4PCC04U05:587779:588626 [2] NCCL INFO Channel 00/0 : 2[2] -> 10[2] [send] via NET/IB/1/GDRDMA
MOC-R4PCC04U05:587779:588626 [2] NCCL INFO GPU Direct RDMA Enabled for GPU 2 / HCA 1 (distance 5 <= 5), read 1 mode Default
MOC-R4PCC04U05:587779:587922 [2] NCCL INFO New proxy send connection 27 from local rank 2, transport 2
MOC-R4PCC04U05:587779:588626 [2] NCCL INFO Connected to proxy localRank 2 -> connection 0x7f6320005bd8
MOC-R4PCC04U05:587779:588626 [2] NCCL INFO Channel 01/0 : 2[2] -> 10[2] [send] via NET/IB/1/GDRDMA
MOC-R4PCC04U05:587779:588626 [2] NCCL INFO GPU Direct RDMA Enabled for GPU 2 / HCA 1 (distance 5 <= 5), read 1 mode Default
MOC-R4PCC04U05:587779:587922 [2] NCCL INFO New proxy send connection 28 from local rank 2, transport 2
MOC-R4PCC04U05:587779:588626 [2] NCCL INFO Connected to proxy localRank 2 -> connection 0x7f6320005c50
MOC-R4PCC04U05:587779:588626 [2] NCCL INFO Channel 02/0 : 2[2] -> 10[2] [send] via NET/IB/1/GDRDMA
MOC-R4PCC04U05:587779:588626 [2] NCCL INFO GPU Direct RDMA Enabled for GPU 2 / HCA 1 (distance 5 <= 5), read 1 mode Default
MOC-R4PCC04U05:587779:587922 [2] NCCL INFO New proxy send connection 29 from local rank 2, transport 2
MOC-R4PCC04U05:587779:588626 [2] NCCL INFO Connected to proxy localRank 2 -> connection 0x7f6320005cc8
MOC-R4PCC04U05:587779:588626 [2] NCCL INFO Channel 03/0 : 2[2] -> 10[2] [send] via NET/IB/1/GDRDMA
MOC-R4PCC04U05:587779:587922 [2] NCCL INFO New proxy recv connection 30 from local rank 2, transport 0
MOC-R4PCC04U05:587779:588626 [2] NCCL INFO Connected to proxy localRank 2 -> connection 0x7f6320005d40
MOC-R4PCC04U05:587780:587920 [3] NCCL INFO New proxy send connection 15 from local rank 3, transport 0
MOC-R4PCC04U05:587780:588623 [3] NCCL INFO Connected to proxy localRank 3 -> connection 0x7fa6d8005638
MOC-R4PCC04U05:587779:587922 [2] NCCL INFO New proxy recv connection 31 from local rank 2, transport 0
MOC-R4PCC04U05:587779:588626 [2] NCCL INFO Connected to proxy localRank 2 -> connection 0x7f6320005db8
MOC-R4PCC04U05:587780:587920 [3] NCCL INFO New proxy send connection 16 from local rank 3, transport 0
MOC-R4PCC04U05:587780:588623 [3] NCCL INFO Connected to proxy localRank 3 -> connection 0x7fa6d80056b0
MOC-R4PCC04U05:587779:587922 [2] NCCL INFO New proxy recv connection 32 from local rank 2, transport 0
MOC-R4PCC04U05:587779:588626 [2] NCCL INFO Connected to proxy localRank 2 -> connection 0x7f6320005e30
MOC-R4PCC04U05:587779:587922 [2] NCCL INFO New proxy recv connection 33 from local rank 2, transport 0
MOC-R4PCC04U05:587779:588626 [2] NCCL INFO Connected to proxy localRank 2 -> connection 0x7f6320005ea8
MOC-R4PCC04U05:587780:587920 [3] NCCL INFO New proxy send connection 17 from local rank 2, transport 0
MOC-R4PCC04U05:587779:588626 [2] NCCL INFO Connected to proxy localRank 3 -> connection 0x7fa6d8005728
MOC-R4PCC04U05:587779:587922 [2] NCCL INFO NET/IB: NCCL Dev 1 IbDev 0 Port 1 qpn 9470 mtu 3 query_ece={supported=1, vendor_id=0x15b3, options=0x30000002, comp_mask=0x0} GID 3 (0/C132A8C0FFFF0000) fifoRkey=0x1722e1 fifoLkey=0x1722e1
MOC-R4PCC04U05:587779:587922 [2] NCCL INFO NET/IB: NCCL Dev 1 IbDev 0 Port 1 qpn 9471 mtu 3 query_ece={supported=1, vendor_id=0x15b3, options=0x30000002, comp_mask=0x0} GID 3 (0/C132A8C0FFFF0000) fifoRkey=0x178443 fifoLkey=0x178443
MOC-R4PCC04U05:587779:587922 [2] NCCL INFO NET/IB: NCCL Dev 1 IbDev 0 Port 1 qpn 9472 mtu 3 query_ece={supported=1, vendor_id=0x15b3, options=0x30000002, comp_mask=0x0} GID 3 (0/C132A8C0FFFF0000) fifoRkey=0x17e2a1 fifoLkey=0x17e2a1
MOC-R4PCC04U05:587779:587922 [2] NCCL INFO NET/IB: NCCL Dev 1 IbDev 0 Port 1 qpn 9473 mtu 3 query_ece={supported=1, vendor_id=0x15b3, options=0x30000002, comp_mask=0x0} GID 3 (0/C132A8C0FFFF0000) fifoRkey=0x180ac9 fifoLkey=0x180ac9
MOC-R4PCC04U05:587779:587922 [2] NCCL INFO NET/IB: NCCL Dev 1 IbDev 0 Port 1 qpn 9476 mtu 3 query_ece={supported=1, vendor_id=0x15b3, options=0x30000002, comp_mask=0x0} GID 3 (0/C132A8C0FFFF0000) fifoRkey=0x17bf7e fifoLkey=0x17bf7e
MOC-R4PCC04U05:587779:587922 [2] NCCL INFO NET/IB: NCCL Dev 1 IbDev 0 Port 1 qpn 9477 mtu 3 query_ece={supported=1, vendor_id=0x15b3, options=0x30000002, comp_mask=0x0} GID 3 (0/C132A8C0FFFF0000) fifoRkey=0x173af9 fifoLkey=0x173af9
MOC-R4PCC04U05:587779:587922 [2] NCCL INFO NET/IB: IbDev 0 Port 1 qpn 6522 set_ece={supported=1, vendor_id=0x15b3, options=0x0, comp_mask=0x0}
MOC-R4PCC04U05:587779:587922 [2] NCCL INFO NET/IB: IbDev 0 Port 1 qpn 9226 set_ece={supported=1, vendor_id=0x15b3, options=0x0, comp_mask=0x0}
MOC-R4PCC04U05:587779:587922 [2] NCCL INFO NET/IB: IbDev 0 Port 1 qpn 9228 set_ece={supported=1, vendor_id=0x15b3, options=0x0, comp_mask=0x0}
MOC-R4PCC04U05:587779:587922 [2] NCCL INFO NET/IB: IbDev 0 Port 1 qpn 6524 set_ece={supported=1, vendor_id=0x15b3, options=0x0, comp_mask=0x0}
MOC-R4PCC04U05:587779:587922 [2] NCCL INFO NET/IB: IbDev 0 Port 1 qpn 6526 set_ece={supported=1, vendor_id=0x15b3, options=0x0, comp_mask=0x0}
MOC-R4PCC04U05:587779:587922 [2] NCCL INFO NET/IB: IbDev 0 Port 1 qpn 6528 set_ece={supported=1, vendor_id=0x15b3, options=0x0, comp_mask=0x0}
step    1/10 | train loss 11.009265 | norm 15.3268 | lr 1.00e-04 | (14415.52 ms | 218218 tok/s)
step    2/10 | train loss 10.139996 | norm 5.7240 | lr 1.00e-04 | (758.96 ms | 4144806 tok/s)
step    3/10 | train loss 9.800570 | norm 2.6000 | lr 1.00e-04 | (684.60 ms | 4595016 tok/s)
step    4/10 | train loss 9.631748 | norm 2.1088 | lr 1.00e-04 | (671.60 ms | 4683924 tok/s)
step    5/10 | train loss 9.549011 | norm 2.0997 | lr 1.00e-04 | (669.05 ms | 4701772 tok/s)
step    6/10 | train loss 9.468162 | norm 1.9943 | lr 1.00e-04 | (708.53 ms | 4439797 tok/s)
step    7/10 | train loss 9.382838 | norm 1.9455 | lr 1.00e-04 | (668.34 ms | 4706782 tok/s)
step    8/10 | train loss 9.291341 | norm 1.9113 | lr 1.00e-04 | (672.30 ms | 4679068 tok/s)
step    9/10 | train loss 9.196156 | norm 1.8552 | lr 1.00e-04 | (680.16 ms | 4624967 tok/s)
step   10/10 | train loss 9.111104 | norm 1.7914 | lr 1.00e-04 | (677.19 ms | 4645295 tok/s)
final 9 iters avg: 687.858ms
peak memory consumption: 16601 MiB
