Running pytorch 2.7.0+cu126
using device: cuda:0
total desired batch size: 524288
=> calculated gradient accumulation steps: 2
using device: cuda:3
using device: cuda:2
using device: cuda:1
compiling the model...
DataLoader: total number of tokens: 1,661,249,667 across 103 files
MOC-R4PCC04U05:334060:334060 [0] NCCL INFO NCCL_SOCKET_IFNAME set to eno7np0
MOC-R4PCC04U05:334060:334060 [0] NCCL INFO NCCL version 2.26.2+cuda12.2
MOC-R4PCC04U05:334063:334063 [3] NCCL INFO NCCL_SOCKET_IFNAME set to eno7np0
MOC-R4PCC04U05:334063:334063 [3] NCCL INFO NCCL version 2.26.2+cuda12.2
MOC-R4PCC04U05:334062:334062 [2] NCCL INFO NCCL_SOCKET_IFNAME set to eno7np0
MOC-R4PCC04U05:334062:334062 [2] NCCL INFO NCCL version 2.26.2+cuda12.2
MOC-R4PCC04U05:334061:334061 [1] NCCL INFO NCCL_SOCKET_IFNAME set to eno7np0
MOC-R4PCC04U05:334061:334061 [1] NCCL INFO NCCL version 2.26.2+cuda12.2
MOC-R4PCC04U05:334060:334103 [0] NCCL INFO NET/Plugin: Could not find: libnccl-net.so. Using internal net plugin.
MOC-R4PCC04U05:334060:334103 [0] NCCL INFO NET/Socket : Using [0]eno7np0:192.168.50.193<0>
MOC-R4PCC04U05:334063:334104 [3] NCCL INFO NET/Plugin: Could not find: libnccl-net.so. Using internal net plugin.
MOC-R4PCC04U05:334063:334104 [3] NCCL INFO NET/Socket : Using [0]eno7np0:192.168.50.193<0>
MOC-R4PCC04U05:334062:334105 [2] NCCL INFO NET/Plugin: Could not find: libnccl-net.so. Using internal net plugin.
MOC-R4PCC04U05:334062:334105 [2] NCCL INFO NET/Socket : Using [0]eno7np0:192.168.50.193<0>
MOC-R4PCC04U05:334061:334106 [1] NCCL INFO NET/Plugin: Could not find: libnccl-net.so. Using internal net plugin.
MOC-R4PCC04U05:334061:334106 [1] NCCL INFO NET/Socket : Using [0]eno7np0:192.168.50.193<0>
MOC-R4PCC04U05:334063:334104 [3] NCCL INFO NET/Socket : GPU Direct RDMA Disabled for HCA 0 'eno7np0'
MOC-R4PCC04U05:334062:334105 [2] NCCL INFO NET/Socket : GPU Direct RDMA Disabled for HCA 0 'eno7np0'
MOC-R4PCC04U05:334060:334103 [0] NCCL INFO NET/Socket : GPU Direct RDMA Disabled for HCA 0 'eno7np0'
MOC-R4PCC04U05:334061:334106 [1] NCCL INFO NET/Socket : GPU Direct RDMA Disabled for HCA 0 'eno7np0'
MOC-R4PCC04U05:334062:334117 [2] NCCL INFO New proxy recv connection 0 from local rank 2, transport 0
MOC-R4PCC04U05:334062:334123 [2] NCCL INFO Connected to proxy localRank 2 -> connection 0x7f7d50004f30
MOC-R4PCC04U05:334062:334117 [2] NCCL INFO New proxy recv connection 1 from local rank 2, transport 0
MOC-R4PCC04U05:334062:334123 [2] NCCL INFO Connected to proxy localRank 2 -> connection 0x7f7d50004fa8
MOC-R4PCC04U05:334060:334115 [0] NCCL INFO New proxy send connection 0 from local rank 0, transport 0
MOC-R4PCC04U05:334060:334124 [0] NCCL INFO Connected to proxy localRank 0 -> connection 0x7f9090004f30
MOC-R4PCC04U05:334060:334115 [0] NCCL INFO New proxy send connection 1 from local rank 0, transport 0
MOC-R4PCC04U05:334060:334124 [0] NCCL INFO Connected to proxy localRank 0 -> connection 0x7f9090004fa8
MOC-R4PCC04U05:334060:334115 [0] NCCL INFO New proxy send connection 2 from local rank 0, transport 0
MOC-R4PCC04U05:334060:334124 [0] NCCL INFO Connected to proxy localRank 0 -> connection 0x7f9090005020
MOC-R4PCC04U05:334061:334118 [1] NCCL INFO New proxy recv connection 0 from local rank 1, transport 0
MOC-R4PCC04U05:334061:334125 [1] NCCL INFO Connected to proxy localRank 1 -> connection 0x7f57b0004f30
MOC-R4PCC04U05:334060:334115 [0] NCCL INFO New proxy send connection 3 from local rank 0, transport 0
MOC-R4PCC04U05:334060:334124 [0] NCCL INFO Connected to proxy localRank 0 -> connection 0x7f9090005098
MOC-R4PCC04U05:334061:334118 [1] NCCL INFO New proxy recv connection 1 from local rank 1, transport 0
MOC-R4PCC04U05:334061:334125 [1] NCCL INFO Connected to proxy localRank 1 -> connection 0x7f57b0004fa8
MOC-R4PCC04U05:334062:334117 [2] NCCL INFO New proxy recv connection 2 from local rank 2, transport 2
MOC-R4PCC04U05:334062:334123 [2] NCCL INFO Connected to proxy localRank 2 -> connection 0x7f7d50005020
MOC-R4PCC04U05:334062:334123 [2] NCCL INFO Channel 00/0 : 7[3] -> 2[2] [receive] via NET/Socket/0
MOC-R4PCC04U05:334062:334117 [2] NCCL INFO New proxy recv connection 3 from local rank 2, transport 2
MOC-R4PCC04U05:334062:334123 [2] NCCL INFO Connected to proxy localRank 2 -> connection 0x7f7d50005098
MOC-R4PCC04U05:334062:334123 [2] NCCL INFO Channel 02/0 : 7[3] -> 2[2] [receive] via NET/Socket/0
MOC-R4PCC04U05:334063:334116 [3] NCCL INFO New proxy recv connection 0 from local rank 3, transport 0
MOC-R4PCC04U05:334063:334127 [3] NCCL INFO Connected to proxy localRank 3 -> connection 0x7f3d78004f30
MOC-R4PCC04U05:334063:334116 [3] NCCL INFO New proxy recv connection 1 from local rank 3, transport 0
MOC-R4PCC04U05:334063:334127 [3] NCCL INFO Connected to proxy localRank 3 -> connection 0x7f3d78004fa8
MOC-R4PCC04U05:334062:334117 [2] NCCL INFO New proxy send connection 4 from local rank 2, transport 2
MOC-R4PCC04U05:334062:334123 [2] NCCL INFO Connected to proxy localRank 2 -> connection 0x7f7d50005110
MOC-R4PCC04U05:334062:334123 [2] NCCL INFO Channel 01/0 : 2[2] -> 7[3] [send] via NET/Socket/0
MOC-R4PCC04U05:334062:334117 [2] NCCL INFO New proxy send connection 5 from local rank 2, transport 2
MOC-R4PCC04U05:334062:334123 [2] NCCL INFO Connected to proxy localRank 2 -> connection 0x7f7d50005188
MOC-R4PCC04U05:334062:334123 [2] NCCL INFO Channel 03/0 : 2[2] -> 7[3] [send] via NET/Socket/0
MOC-R4PCC04U05:334062:334117 [2] NCCL INFO New proxy send connection 6 from local rank 2, transport 0
MOC-R4PCC04U05:334062:334123 [2] NCCL INFO Connected to proxy localRank 2 -> connection 0x7f7d50005200
MOC-R4PCC04U05:334062:334117 [2] NCCL INFO New proxy send connection 7 from local rank 2, transport 0
MOC-R4PCC04U05:334062:334123 [2] NCCL INFO Connected to proxy localRank 2 -> connection 0x7f7d50005278
MOC-R4PCC04U05:334063:334116 [3] NCCL INFO New proxy send connection 2 from local rank 3, transport 2
MOC-R4PCC04U05:334063:334127 [3] NCCL INFO Connected to proxy localRank 3 -> connection 0x7f3d78005020
MOC-R4PCC04U05:334063:334127 [3] NCCL INFO Channel 00/0 : 3[3] -> 6[2] [send] via NET/Socket/0
MOC-R4PCC04U05:334063:334116 [3] NCCL INFO New proxy send connection 3 from local rank 3, transport 2
MOC-R4PCC04U05:334063:334127 [3] NCCL INFO Connected to proxy localRank 3 -> connection 0x7f3d78005098
MOC-R4PCC04U05:334063:334127 [3] NCCL INFO Channel 02/0 : 3[3] -> 6[2] [send] via NET/Socket/0
MOC-R4PCC04U05:334060:334115 [0] NCCL INFO New proxy recv connection 4 from local rank 0, transport 0
MOC-R4PCC04U05:334060:334124 [0] NCCL INFO Connected to proxy localRank 0 -> connection 0x7f9090005110
MOC-R4PCC04U05:334063:334116 [3] NCCL INFO New proxy recv connection 4 from local rank 3, transport 2
MOC-R4PCC04U05:334063:334127 [3] NCCL INFO Connected to proxy localRank 3 -> connection 0x7f3d78005110
MOC-R4PCC04U05:334063:334127 [3] NCCL INFO Channel 01/0 : 6[2] -> 3[3] [receive] via NET/Socket/0
MOC-R4PCC04U05:334063:334116 [3] NCCL INFO New proxy recv connection 5 from local rank 3, transport 2
MOC-R4PCC04U05:334063:334127 [3] NCCL INFO Connected to proxy localRank 3 -> connection 0x7f3d78005188
MOC-R4PCC04U05:334063:334127 [3] NCCL INFO Channel 03/0 : 6[2] -> 3[3] [receive] via NET/Socket/0
MOC-R4PCC04U05:334063:334116 [3] NCCL INFO New proxy send connection 6 from local rank 3, transport 0
MOC-R4PCC04U05:334063:334127 [3] NCCL INFO Connected to proxy localRank 3 -> connection 0x7f3d78005200
MOC-R4PCC04U05:334060:334115 [0] NCCL INFO New proxy recv connection 5 from local rank 0, transport 0
MOC-R4PCC04U05:334060:334124 [0] NCCL INFO Connected to proxy localRank 0 -> connection 0x7f9090005188
MOC-R4PCC04U05:334063:334116 [3] NCCL INFO New proxy send connection 7 from local rank 3, transport 0
MOC-R4PCC04U05:334063:334127 [3] NCCL INFO Connected to proxy localRank 3 -> connection 0x7f3d78005278
MOC-R4PCC04U05:334060:334115 [0] NCCL INFO New proxy recv connection 6 from local rank 0, transport 0
MOC-R4PCC04U05:334060:334124 [0] NCCL INFO Connected to proxy localRank 0 -> connection 0x7f9090005200
MOC-R4PCC04U05:334061:334118 [1] NCCL INFO New proxy recv connection 2 from local rank 1, transport 0
MOC-R4PCC04U05:334061:334125 [1] NCCL INFO Connected to proxy localRank 1 -> connection 0x7f57b0005020
MOC-R4PCC04U05:334060:334115 [0] NCCL INFO New proxy recv connection 7 from local rank 0, transport 0
MOC-R4PCC04U05:334060:334124 [0] NCCL INFO Connected to proxy localRank 0 -> connection 0x7f9090005278
MOC-R4PCC04U05:334060:334115 [0] NCCL INFO New proxy send connection 8 from local rank 3, transport 0
MOC-R4PCC04U05:334063:334127 [3] NCCL INFO Connected to proxy localRank 0 -> connection 0x7f90900052f0
MOC-R4PCC04U05:334061:334118 [1] NCCL INFO New proxy recv connection 3 from local rank 1, transport 0
MOC-R4PCC04U05:334061:334125 [1] NCCL INFO Connected to proxy localRank 1 -> connection 0x7f57b0005098
MOC-R4PCC04U05:334061:334118 [1] NCCL INFO New proxy send connection 4 from local rank 1, transport 0
MOC-R4PCC04U05:334061:334125 [1] NCCL INFO Connected to proxy localRank 1 -> connection 0x7f57b0005110
MOC-R4PCC04U05:334061:334118 [1] NCCL INFO New proxy send connection 5 from local rank 1, transport 0
MOC-R4PCC04U05:334061:334125 [1] NCCL INFO Connected to proxy localRank 1 -> connection 0x7f57b0005188
MOC-R4PCC04U05:334061:334118 [1] NCCL INFO New proxy send connection 6 from local rank 1, transport 0
MOC-R4PCC04U05:334061:334125 [1] NCCL INFO Connected to proxy localRank 1 -> connection 0x7f57b0005200
MOC-R4PCC04U05:334061:334118 [1] NCCL INFO New proxy send connection 7 from local rank 1, transport 0
MOC-R4PCC04U05:334061:334125 [1] NCCL INFO Connected to proxy localRank 1 -> connection 0x7f57b0005278
MOC-R4PCC04U05:334060:334115 [0] NCCL INFO New proxy send connection 9 from local rank 2, transport 0
MOC-R4PCC04U05:334062:334123 [2] NCCL INFO Connected to proxy localRank 0 -> connection 0x7f9090005368
MOC-R4PCC04U05:334062:334117 [2] NCCL INFO New proxy send connection 8 from local rank 0, transport 0
MOC-R4PCC04U05:334060:334124 [0] NCCL INFO Connected to proxy localRank 2 -> connection 0x7f7d500052f0
MOC-R4PCC04U05:334063:334116 [3] NCCL INFO New proxy send connection 8 from local rank 1, transport 0
MOC-R4PCC04U05:334061:334125 [1] NCCL INFO Connected to proxy localRank 3 -> connection 0x7f3d780052f0
MOC-R4PCC04U05:334061:334118 [1] NCCL INFO New proxy send connection 8 from local rank 3, transport 0
MOC-R4PCC04U05:334063:334127 [3] NCCL INFO Connected to proxy localRank 1 -> connection 0x7f57b00052f0
MOC-R4PCC04U05:334061:334118 [1] NCCL INFO New proxy send connection 9 from local rank 2, transport 0
MOC-R4PCC04U05:334062:334123 [2] NCCL INFO Connected to proxy localRank 1 -> connection 0x7f57b0005368
MOC-R4PCC04U05:334063:334116 [3] NCCL INFO New proxy send connection 9 from local rank 0, transport 0
MOC-R4PCC04U05:334060:334124 [0] NCCL INFO Connected to proxy localRank 3 -> connection 0x7f3d78005368
MOC-R4PCC04U05:334060:334115 [0] NCCL INFO New proxy send connection 10 from local rank 1, transport 0
MOC-R4PCC04U05:334061:334125 [1] NCCL INFO Connected to proxy localRank 0 -> connection 0x7f90900053e0
MOC-R4PCC04U05:334061:334118 [1] NCCL INFO New proxy send connection 10 from local rank 0, transport 0
MOC-R4PCC04U05:334060:334124 [0] NCCL INFO Connected to proxy localRank 1 -> connection 0x7f57b00053e0
MOC-R4PCC04U05:334062:334117 [2] NCCL INFO New proxy send connection 9 from local rank 1, transport 0
MOC-R4PCC04U05:334061:334125 [1] NCCL INFO Connected to proxy localRank 2 -> connection 0x7f7d50005368
num decayed parameter tensors: 50, with 124,318,464 parameters
num non-decayed parameter tensors: 98, with 121,344 parameters
using fused AdamW: False
using regular AdamW
MOC-R4PCC04U05:334063:334116 [3] NCCL INFO New proxy recv connection 10 from local rank 3, transport 0
MOC-R4PCC04U05:334063:334948 [3] NCCL INFO Connected to proxy localRank 3 -> connection 0x7f3d780053e0
MOC-R4PCC04U05:334063:334116 [3] NCCL INFO New proxy recv connection 11 from local rank 3, transport 0
MOC-R4PCC04U05:334063:334948 [3] NCCL INFO Connected to proxy localRank 3 -> connection 0x7f3d78005458
MOC-R4PCC04U05:334060:334115 [0] NCCL INFO New proxy send connection 11 from local rank 0, transport 0
MOC-R4PCC04U05:334060:334949 [0] NCCL INFO Connected to proxy localRank 0 -> connection 0x7f9090005458
MOC-R4PCC04U05:334060:334115 [0] NCCL INFO New proxy send connection 12 from local rank 0, transport 0
MOC-R4PCC04U05:334060:334949 [0] NCCL INFO Connected to proxy localRank 0 -> connection 0x7f90900054d0
MOC-R4PCC04U05:334060:334115 [0] NCCL INFO New proxy send connection 13 from local rank 0, transport 0
MOC-R4PCC04U05:334060:334949 [0] NCCL INFO Connected to proxy localRank 0 -> connection 0x7f9090005548
MOC-R4PCC04U05:334060:334115 [0] NCCL INFO New proxy send connection 14 from local rank 0, transport 0
MOC-R4PCC04U05:334060:334949 [0] NCCL INFO Connected to proxy localRank 0 -> connection 0x7f90900055c0
MOC-R4PCC04U05:334062:334117 [2] NCCL INFO New proxy recv connection 10 from local rank 2, transport 0
MOC-R4PCC04U05:334062:334950 [2] NCCL INFO Connected to proxy localRank 2 -> connection 0x7f7d500053e0
MOC-R4PCC04U05:334062:334117 [2] NCCL INFO New proxy recv connection 11 from local rank 2, transport 0
MOC-R4PCC04U05:334062:334950 [2] NCCL INFO Connected to proxy localRank 2 -> connection 0x7f7d50005458
MOC-R4PCC04U05:334062:334117 [2] NCCL INFO New proxy recv connection 12 from local rank 2, transport 0
MOC-R4PCC04U05:334062:334950 [2] NCCL INFO Connected to proxy localRank 2 -> connection 0x7f7d500054d0
MOC-R4PCC04U05:334062:334117 [2] NCCL INFO New proxy recv connection 13 from local rank 2, transport 0
MOC-R4PCC04U05:334062:334950 [2] NCCL INFO Connected to proxy localRank 2 -> connection 0x7f7d50005548
MOC-R4PCC04U05:334061:334118 [1] NCCL INFO New proxy recv connection 11 from local rank 1, transport 0
MOC-R4PCC04U05:334061:334951 [1] NCCL INFO Connected to proxy localRank 1 -> connection 0x7f57b0005458
MOC-R4PCC04U05:334061:334118 [1] NCCL INFO New proxy recv connection 12 from local rank 1, transport 0
MOC-R4PCC04U05:334061:334951 [1] NCCL INFO Connected to proxy localRank 1 -> connection 0x7f57b00054d0
MOC-R4PCC04U05:334061:334118 [1] NCCL INFO New proxy recv connection 13 from local rank 1, transport 0
MOC-R4PCC04U05:334061:334951 [1] NCCL INFO Connected to proxy localRank 1 -> connection 0x7f57b0005548
MOC-R4PCC04U05:334061:334118 [1] NCCL INFO New proxy recv connection 14 from local rank 1, transport 0
MOC-R4PCC04U05:334061:334951 [1] NCCL INFO Connected to proxy localRank 1 -> connection 0x7f57b00055c0
MOC-R4PCC04U05:334061:334118 [1] NCCL INFO New proxy send connection 15 from local rank 1, transport 0
MOC-R4PCC04U05:334061:334951 [1] NCCL INFO Connected to proxy localRank 1 -> connection 0x7f57b0005638
MOC-R4PCC04U05:334061:334118 [1] NCCL INFO New proxy send connection 16 from local rank 1, transport 0
MOC-R4PCC04U05:334061:334951 [1] NCCL INFO Connected to proxy localRank 1 -> connection 0x7f57b00056b0
MOC-R4PCC04U05:334061:334118 [1] NCCL INFO New proxy send connection 17 from local rank 1, transport 0
MOC-R4PCC04U05:334061:334951 [1] NCCL INFO Connected to proxy localRank 1 -> connection 0x7f57b0005728
MOC-R4PCC04U05:334061:334118 [1] NCCL INFO New proxy send connection 18 from local rank 1, transport 0
MOC-R4PCC04U05:334061:334951 [1] NCCL INFO Connected to proxy localRank 1 -> connection 0x7f57b00057a0
MOC-R4PCC04U05:334060:334115 [0] NCCL INFO New proxy send connection 15 from local rank 0, transport 0
MOC-R4PCC04U05:334060:334949 [0] NCCL INFO Connected to proxy localRank 0 -> connection 0x7f9090005638
MOC-R4PCC04U05:334061:334118 [1] NCCL INFO New proxy recv connection 19 from local rank 1, transport 0
MOC-R4PCC04U05:334061:334951 [1] NCCL INFO Connected to proxy localRank 1 -> connection 0x7f57b0005818
MOC-R4PCC04U05:334062:334117 [2] NCCL INFO New proxy send connection 14 from local rank 2, transport 0
MOC-R4PCC04U05:334062:334950 [2] NCCL INFO Connected to proxy localRank 2 -> connection 0x7f7d500055c0
MOC-R4PCC04U05:334061:334118 [1] NCCL INFO New proxy recv connection 20 from local rank 1, transport 0
MOC-R4PCC04U05:334061:334951 [1] NCCL INFO Connected to proxy localRank 1 -> connection 0x7f57b0005890
MOC-R4PCC04U05:334060:334115 [0] NCCL INFO New proxy send connection 16 from local rank 0, transport 0
MOC-R4PCC04U05:334062:334117 [2] NCCL INFO New proxy send connection 15 from local rank 2, transport 0
MOC-R4PCC04U05:334060:334949 [0] NCCL INFO Connected to proxy localRank 0 -> connection 0x7f90900056b0
MOC-R4PCC04U05:334062:334950 [2] NCCL INFO Connected to proxy localRank 2 -> connection 0x7f7d50005638
MOC-R4PCC04U05:334060:334115 [0] NCCL INFO New proxy recv connection 17 from local rank 0, transport 0
MOC-R4PCC04U05:334060:334949 [0] NCCL INFO Connected to proxy localRank 0 -> connection 0x7f9090005728
MOC-R4PCC04U05:334063:334116 [3] NCCL INFO New proxy recv connection 12 from local rank 3, transport 2
MOC-R4PCC04U05:334063:334948 [3] NCCL INFO Connected to proxy localRank 3 -> connection 0x7f3d780054d0
MOC-R4PCC04U05:334060:334115 [0] NCCL INFO New proxy recv connection 18 from local rank 0, transport 0
MOC-R4PCC04U05:334060:334949 [0] NCCL INFO Connected to proxy localRank 0 -> connection 0x7f90900057a0
MOC-R4PCC04U05:334063:334948 [3] NCCL INFO Channel 00/0 : 7[3] -> 3[3] [receive] via NET/Socket/0
MOC-R4PCC04U05:334063:334116 [3] NCCL INFO New proxy recv connection 13 from local rank 3, transport 2
MOC-R4PCC04U05:334063:334948 [3] NCCL INFO Connected to proxy localRank 3 -> connection 0x7f3d78005548
MOC-R4PCC04U05:334063:334948 [3] NCCL INFO Channel 01/0 : 7[3] -> 3[3] [receive] via NET/Socket/0
MOC-R4PCC04U05:334063:334116 [3] NCCL INFO New proxy recv connection 14 from local rank 3, transport 2
MOC-R4PCC04U05:334063:334948 [3] NCCL INFO Connected to proxy localRank 3 -> connection 0x7f3d780055c0
MOC-R4PCC04U05:334063:334948 [3] NCCL INFO Channel 02/0 : 7[3] -> 3[3] [receive] via NET/Socket/0
MOC-R4PCC04U05:334063:334116 [3] NCCL INFO New proxy recv connection 15 from local rank 3, transport 2
MOC-R4PCC04U05:334063:334948 [3] NCCL INFO Connected to proxy localRank 3 -> connection 0x7f3d78005638
MOC-R4PCC04U05:334063:334948 [3] NCCL INFO Channel 03/0 : 7[3] -> 3[3] [receive] via NET/Socket/0
MOC-R4PCC04U05:334063:334116 [3] NCCL INFO New proxy send connection 16 from local rank 3, transport 2
MOC-R4PCC04U05:334063:334948 [3] NCCL INFO Connected to proxy localRank 3 -> connection 0x7f3d780056b0
MOC-R4PCC04U05:334060:334115 [0] NCCL INFO New proxy recv connection 19 from local rank 0, transport 0
MOC-R4PCC04U05:334060:334949 [0] NCCL INFO Connected to proxy localRank 0 -> connection 0x7f9090005818
MOC-R4PCC04U05:334063:334948 [3] NCCL INFO Channel 00/0 : 3[3] -> 7[3] [send] via NET/Socket/0
MOC-R4PCC04U05:334063:334116 [3] NCCL INFO New proxy send connection 17 from local rank 3, transport 2
MOC-R4PCC04U05:334063:334948 [3] NCCL INFO Connected to proxy localRank 3 -> connection 0x7f3d78005728
MOC-R4PCC04U05:334063:334948 [3] NCCL INFO Channel 01/0 : 3[3] -> 7[3] [send] via NET/Socket/0
MOC-R4PCC04U05:334063:334116 [3] NCCL INFO New proxy send connection 18 from local rank 3, transport 2
MOC-R4PCC04U05:334063:334948 [3] NCCL INFO Connected to proxy localRank 3 -> connection 0x7f3d780057a0
MOC-R4PCC04U05:334063:334948 [3] NCCL INFO Channel 02/0 : 3[3] -> 7[3] [send] via NET/Socket/0
MOC-R4PCC04U05:334063:334116 [3] NCCL INFO New proxy send connection 19 from local rank 3, transport 2
MOC-R4PCC04U05:334063:334948 [3] NCCL INFO Connected to proxy localRank 3 -> connection 0x7f3d78005818
MOC-R4PCC04U05:334063:334948 [3] NCCL INFO Channel 03/0 : 3[3] -> 7[3] [send] via NET/Socket/0
MOC-R4PCC04U05:334060:334115 [0] NCCL INFO New proxy recv connection 20 from local rank 0, transport 0
MOC-R4PCC04U05:334060:334949 [0] NCCL INFO Connected to proxy localRank 0 -> connection 0x7f9090005890
MOC-R4PCC04U05:334063:334116 [3] NCCL INFO New proxy send connection 20 from local rank 3, transport 0
MOC-R4PCC04U05:334063:334948 [3] NCCL INFO Connected to proxy localRank 3 -> connection 0x7f3d78005890
MOC-R4PCC04U05:334063:334116 [3] NCCL INFO New proxy send connection 21 from local rank 3, transport 0
MOC-R4PCC04U05:334063:334948 [3] NCCL INFO Connected to proxy localRank 3 -> connection 0x7f3d78005908
MOC-R4PCC04U05:334063:334116 [3] NCCL INFO New proxy send connection 22 from local rank 3, transport 0
MOC-R4PCC04U05:334063:334948 [3] NCCL INFO Connected to proxy localRank 3 -> connection 0x7f3d78005980
MOC-R4PCC04U05:334063:334116 [3] NCCL INFO New proxy send connection 23 from local rank 3, transport 0
MOC-R4PCC04U05:334063:334948 [3] NCCL INFO Connected to proxy localRank 3 -> connection 0x7f3d780059f8
step    1/10 | train loss 11.008972 | norm 15.7108 | lr 1.00e-04 | (14043.94 ms | 37332 tok/s)
step    2/10 | train loss 10.123232 | norm 5.8019 | lr 1.00e-04 | (217.61 ms | 2409268 tok/s)
step    3/10 | train loss 9.777216 | norm 2.6314 | lr 1.00e-04 | (210.97 ms | 2485117 tok/s)
step    4/10 | train loss 9.607364 | norm 2.1165 | lr 1.00e-04 | (210.18 ms | 2494437 tok/s)
step    5/10 | train loss 9.524706 | norm 2.1076 | lr 1.00e-04 | (209.39 ms | 2503866 tok/s)
step    6/10 | train loss 9.443519 | norm 2.0013 | lr 1.00e-04 | (210.28 ms | 2493243 tok/s)
step    7/10 | train loss 9.358722 | norm 1.9491 | lr 1.00e-04 | (211.67 ms | 2476927 tok/s)
step    8/10 | train loss 9.269129 | norm 1.9124 | lr 1.00e-04 | (208.99 ms | 2508734 tok/s)
step    9/10 | train loss 9.176627 | norm 1.8636 | lr 1.00e-04 | (209.07 ms | 2507667 tok/s)
step   10/10 | train loss 9.088064 | norm 1.7782 | lr 1.00e-04 | (212.70 ms | 2464966 tok/s)
final 9 iters avg: 211.207ms
peak memory consumption: 16601 MiB
