Running pytorch 2.7.0+cu126
using device: cuda:0
total desired batch size: 1310720
=> calculated gradient accumulation steps: 5
using device: cuda:3
using device: cuda:2
using device: cuda:1
compiling the model...
DataLoader: total number of tokens: 1,661,249,667 across 103 files
MOC-R4PCC04U05:397888:397888 [0] NCCL INFO NCCL_SOCKET_IFNAME set to eno7np0
MOC-R4PCC04U05:397888:397888 [0] NCCL INFO NCCL version 2.26.2+cuda12.2
MOC-R4PCC04U05:397889:397889 [1] NCCL INFO NCCL_SOCKET_IFNAME set to eno7np0
MOC-R4PCC04U05:397889:397889 [1] NCCL INFO NCCL version 2.26.2+cuda12.2
MOC-R4PCC04U05:397891:397891 [3] NCCL INFO NCCL_SOCKET_IFNAME set to eno7np0
MOC-R4PCC04U05:397890:397890 [2] NCCL INFO NCCL_SOCKET_IFNAME set to eno7np0
MOC-R4PCC04U05:397891:397891 [3] NCCL INFO NCCL version 2.26.2+cuda12.2
MOC-R4PCC04U05:397890:397890 [2] NCCL INFO NCCL version 2.26.2+cuda12.2
MOC-R4PCC04U05:397888:397929 [0] NCCL INFO NET/Plugin: Could not find: libnccl-net.so. Using internal net plugin.
MOC-R4PCC04U05:397888:397929 [0] NCCL INFO NET/Socket : Using [0]eno7np0:192.168.50.193<0>
MOC-R4PCC04U05:397891:397932 [3] NCCL INFO NET/Plugin: Could not find: libnccl-net.so. Using internal net plugin.
MOC-R4PCC04U05:397891:397932 [3] NCCL INFO NET/Socket : Using [0]eno7np0:192.168.50.193<0>
MOC-R4PCC04U05:397889:397930 [1] NCCL INFO NET/Plugin: Could not find: libnccl-net.so. Using internal net plugin.
MOC-R4PCC04U05:397889:397930 [1] NCCL INFO NET/Socket : Using [0]eno7np0:192.168.50.193<0>
MOC-R4PCC04U05:397890:397931 [2] NCCL INFO NET/Plugin: Could not find: libnccl-net.so. Using internal net plugin.
MOC-R4PCC04U05:397890:397931 [2] NCCL INFO NET/Socket : Using [0]eno7np0:192.168.50.193<0>
MOC-R4PCC04U05:397888:397929 [0] NCCL INFO NET/Socket : GPU Direct RDMA Disabled for HCA 0 'eno7np0'
MOC-R4PCC04U05:397891:397932 [3] NCCL INFO NET/Socket : GPU Direct RDMA Disabled for HCA 0 'eno7np0'
MOC-R4PCC04U05:397890:397931 [2] NCCL INFO NET/Socket : GPU Direct RDMA Disabled for HCA 0 'eno7np0'
MOC-R4PCC04U05:397889:397930 [1] NCCL INFO NET/Socket : GPU Direct RDMA Disabled for HCA 0 'eno7np0'
MOC-R4PCC04U05:397891:397941 [3] NCCL INFO New proxy recv connection 0 from local rank 3, transport 0
MOC-R4PCC04U05:397891:397949 [3] NCCL INFO Connected to proxy localRank 3 -> connection 0x7f93f4004f30
MOC-R4PCC04U05:397891:397941 [3] NCCL INFO New proxy recv connection 1 from local rank 3, transport 0
MOC-R4PCC04U05:397891:397949 [3] NCCL INFO Connected to proxy localRank 3 -> connection 0x7f93f4004fa8
MOC-R4PCC04U05:397891:397941 [3] NCCL INFO New proxy send connection 2 from local rank 3, transport 2
MOC-R4PCC04U05:397891:397949 [3] NCCL INFO Connected to proxy localRank 3 -> connection 0x7f93f4005020
MOC-R4PCC04U05:397891:397949 [3] NCCL INFO Channel 00/0 : 3[3] -> 6[2] [send] via NET/Socket/0
MOC-R4PCC04U05:397891:397941 [3] NCCL INFO New proxy send connection 3 from local rank 3, transport 2
MOC-R4PCC04U05:397891:397949 [3] NCCL INFO Connected to proxy localRank 3 -> connection 0x7f93f4005098
MOC-R4PCC04U05:397891:397949 [3] NCCL INFO Channel 02/0 : 3[3] -> 6[2] [send] via NET/Socket/0
MOC-R4PCC04U05:397890:397942 [2] NCCL INFO New proxy recv connection 0 from local rank 2, transport 0
MOC-R4PCC04U05:397890:397951 [2] NCCL INFO Connected to proxy localRank 2 -> connection 0x7f5ca4004f30
MOC-R4PCC04U05:397889:397943 [1] NCCL INFO New proxy recv connection 0 from local rank 1, transport 0
MOC-R4PCC04U05:397889:397952 [1] NCCL INFO Connected to proxy localRank 1 -> connection 0x7f26c8004f30
MOC-R4PCC04U05:397890:397942 [2] NCCL INFO New proxy recv connection 1 from local rank 2, transport 0
MOC-R4PCC04U05:397890:397951 [2] NCCL INFO Connected to proxy localRank 2 -> connection 0x7f5ca4004fa8
MOC-R4PCC04U05:397889:397943 [1] NCCL INFO New proxy recv connection 1 from local rank 1, transport 0
MOC-R4PCC04U05:397889:397952 [1] NCCL INFO Connected to proxy localRank 1 -> connection 0x7f26c8004fa8
MOC-R4PCC04U05:397888:397944 [0] NCCL INFO New proxy send connection 0 from local rank 0, transport 0
MOC-R4PCC04U05:397888:397953 [0] NCCL INFO Connected to proxy localRank 0 -> connection 0x7f1700004f30
MOC-R4PCC04U05:397888:397944 [0] NCCL INFO New proxy send connection 1 from local rank 0, transport 0
MOC-R4PCC04U05:397888:397953 [0] NCCL INFO Connected to proxy localRank 0 -> connection 0x7f1700004fa8
MOC-R4PCC04U05:397888:397944 [0] NCCL INFO New proxy send connection 2 from local rank 0, transport 0
MOC-R4PCC04U05:397888:397953 [0] NCCL INFO Connected to proxy localRank 0 -> connection 0x7f1700005020
MOC-R4PCC04U05:397888:397944 [0] NCCL INFO New proxy send connection 3 from local rank 0, transport 0
MOC-R4PCC04U05:397888:397953 [0] NCCL INFO Connected to proxy localRank 0 -> connection 0x7f1700005098
MOC-R4PCC04U05:397888:397944 [0] NCCL INFO New proxy recv connection 4 from local rank 0, transport 0
MOC-R4PCC04U05:397888:397953 [0] NCCL INFO Connected to proxy localRank 0 -> connection 0x7f1700005110
MOC-R4PCC04U05:397891:397941 [3] NCCL INFO New proxy recv connection 4 from local rank 3, transport 2
MOC-R4PCC04U05:397891:397949 [3] NCCL INFO Connected to proxy localRank 3 -> connection 0x7f93f4005110
MOC-R4PCC04U05:397891:397949 [3] NCCL INFO Channel 01/0 : 6[2] -> 3[3] [receive] via NET/Socket/0
MOC-R4PCC04U05:397891:397941 [3] NCCL INFO New proxy recv connection 5 from local rank 3, transport 2
MOC-R4PCC04U05:397891:397949 [3] NCCL INFO Connected to proxy localRank 3 -> connection 0x7f93f4005188
MOC-R4PCC04U05:397891:397949 [3] NCCL INFO Channel 03/0 : 6[2] -> 3[3] [receive] via NET/Socket/0
MOC-R4PCC04U05:397891:397941 [3] NCCL INFO New proxy send connection 6 from local rank 3, transport 0
MOC-R4PCC04U05:397891:397949 [3] NCCL INFO Connected to proxy localRank 3 -> connection 0x7f93f4005200
MOC-R4PCC04U05:397890:397942 [2] NCCL INFO New proxy recv connection 2 from local rank 2, transport 2
MOC-R4PCC04U05:397890:397951 [2] NCCL INFO Connected to proxy localRank 2 -> connection 0x7f5ca4005020
MOC-R4PCC04U05:397890:397951 [2] NCCL INFO Channel 00/0 : 7[3] -> 2[2] [receive] via NET/Socket/0
MOC-R4PCC04U05:397890:397942 [2] NCCL INFO New proxy recv connection 3 from local rank 2, transport 2
MOC-R4PCC04U05:397890:397951 [2] NCCL INFO Connected to proxy localRank 2 -> connection 0x7f5ca4005098
MOC-R4PCC04U05:397890:397951 [2] NCCL INFO Channel 02/0 : 7[3] -> 2[2] [receive] via NET/Socket/0
MOC-R4PCC04U05:397890:397942 [2] NCCL INFO New proxy send connection 4 from local rank 2, transport 2
MOC-R4PCC04U05:397890:397951 [2] NCCL INFO Connected to proxy localRank 2 -> connection 0x7f5ca4005110
MOC-R4PCC04U05:397890:397951 [2] NCCL INFO Channel 01/0 : 2[2] -> 7[3] [send] via NET/Socket/0
MOC-R4PCC04U05:397890:397942 [2] NCCL INFO New proxy send connection 5 from local rank 2, transport 2
MOC-R4PCC04U05:397890:397951 [2] NCCL INFO Connected to proxy localRank 2 -> connection 0x7f5ca4005188
MOC-R4PCC04U05:397890:397951 [2] NCCL INFO Channel 03/0 : 2[2] -> 7[3] [send] via NET/Socket/0
MOC-R4PCC04U05:397890:397942 [2] NCCL INFO New proxy send connection 6 from local rank 2, transport 0
MOC-R4PCC04U05:397890:397951 [2] NCCL INFO Connected to proxy localRank 2 -> connection 0x7f5ca4005200
MOC-R4PCC04U05:397888:397944 [0] NCCL INFO New proxy recv connection 5 from local rank 0, transport 0
MOC-R4PCC04U05:397888:397953 [0] NCCL INFO Connected to proxy localRank 0 -> connection 0x7f1700005188
MOC-R4PCC04U05:397891:397941 [3] NCCL INFO New proxy send connection 7 from local rank 3, transport 0
MOC-R4PCC04U05:397891:397949 [3] NCCL INFO Connected to proxy localRank 3 -> connection 0x7f93f4005278
MOC-R4PCC04U05:397888:397944 [0] NCCL INFO New proxy recv connection 6 from local rank 0, transport 0
MOC-R4PCC04U05:397888:397953 [0] NCCL INFO Connected to proxy localRank 0 -> connection 0x7f1700005200
MOC-R4PCC04U05:397889:397943 [1] NCCL INFO New proxy recv connection 2 from local rank 1, transport 0
MOC-R4PCC04U05:397890:397942 [2] NCCL INFO New proxy send connection 7 from local rank 2, transport 0
MOC-R4PCC04U05:397889:397952 [1] NCCL INFO Connected to proxy localRank 1 -> connection 0x7f26c8005020
MOC-R4PCC04U05:397890:397951 [2] NCCL INFO Connected to proxy localRank 2 -> connection 0x7f5ca4005278
MOC-R4PCC04U05:397888:397944 [0] NCCL INFO New proxy recv connection 7 from local rank 0, transport 0
MOC-R4PCC04U05:397888:397953 [0] NCCL INFO Connected to proxy localRank 0 -> connection 0x7f1700005278
MOC-R4PCC04U05:397888:397944 [0] NCCL INFO New proxy send connection 8 from local rank 3, transport 0
MOC-R4PCC04U05:397891:397949 [3] NCCL INFO Connected to proxy localRank 0 -> connection 0x7f17000052f0
MOC-R4PCC04U05:397889:397943 [1] NCCL INFO New proxy recv connection 3 from local rank 1, transport 0
MOC-R4PCC04U05:397889:397952 [1] NCCL INFO Connected to proxy localRank 1 -> connection 0x7f26c8005098
MOC-R4PCC04U05:397889:397943 [1] NCCL INFO New proxy send connection 4 from local rank 1, transport 0
MOC-R4PCC04U05:397889:397952 [1] NCCL INFO Connected to proxy localRank 1 -> connection 0x7f26c8005110
MOC-R4PCC04U05:397889:397943 [1] NCCL INFO New proxy send connection 5 from local rank 1, transport 0
MOC-R4PCC04U05:397889:397952 [1] NCCL INFO Connected to proxy localRank 1 -> connection 0x7f26c8005188
MOC-R4PCC04U05:397889:397943 [1] NCCL INFO New proxy send connection 6 from local rank 1, transport 0
MOC-R4PCC04U05:397889:397952 [1] NCCL INFO Connected to proxy localRank 1 -> connection 0x7f26c8005200
MOC-R4PCC04U05:397889:397943 [1] NCCL INFO New proxy send connection 7 from local rank 1, transport 0
MOC-R4PCC04U05:397889:397952 [1] NCCL INFO Connected to proxy localRank 1 -> connection 0x7f26c8005278
MOC-R4PCC04U05:397888:397944 [0] NCCL INFO New proxy send connection 9 from local rank 2, transport 0
MOC-R4PCC04U05:397890:397951 [2] NCCL INFO Connected to proxy localRank 0 -> connection 0x7f1700005368
MOC-R4PCC04U05:397890:397942 [2] NCCL INFO New proxy send connection 8 from local rank 0, transport 0
MOC-R4PCC04U05:397888:397953 [0] NCCL INFO Connected to proxy localRank 2 -> connection 0x7f5ca40052f0
MOC-R4PCC04U05:397891:397941 [3] NCCL INFO New proxy send connection 8 from local rank 1, transport 0
MOC-R4PCC04U05:397889:397952 [1] NCCL INFO Connected to proxy localRank 3 -> connection 0x7f93f40052f0
MOC-R4PCC04U05:397889:397943 [1] NCCL INFO New proxy send connection 8 from local rank 2, transport 0
MOC-R4PCC04U05:397890:397951 [2] NCCL INFO Connected to proxy localRank 1 -> connection 0x7f26c80052f0
MOC-R4PCC04U05:397889:397943 [1] NCCL INFO New proxy send connection 9 from local rank 3, transport 0
MOC-R4PCC04U05:397891:397949 [3] NCCL INFO Connected to proxy localRank 1 -> connection 0x7f26c8005368
MOC-R4PCC04U05:397891:397941 [3] NCCL INFO New proxy send connection 9 from local rank 0, transport 0
MOC-R4PCC04U05:397888:397953 [0] NCCL INFO Connected to proxy localRank 3 -> connection 0x7f93f4005368
MOC-R4PCC04U05:397888:397944 [0] NCCL INFO New proxy send connection 10 from local rank 1, transport 0
MOC-R4PCC04U05:397889:397952 [1] NCCL INFO Connected to proxy localRank 0 -> connection 0x7f17000053e0
MOC-R4PCC04U05:397889:397943 [1] NCCL INFO New proxy send connection 10 from local rank 0, transport 0
MOC-R4PCC04U05:397888:397953 [0] NCCL INFO Connected to proxy localRank 1 -> connection 0x7f26c80053e0
MOC-R4PCC04U05:397890:397942 [2] NCCL INFO New proxy send connection 9 from local rank 1, transport 0
MOC-R4PCC04U05:397889:397952 [1] NCCL INFO Connected to proxy localRank 2 -> connection 0x7f5ca4005368
num decayed parameter tensors: 50, with 124,318,464 parameters
num non-decayed parameter tensors: 98, with 121,344 parameters
using fused AdamW: False
using regular AdamW
MOC-R4PCC04U05:397891:397941 [3] NCCL INFO New proxy recv connection 10 from local rank 3, transport 0
MOC-R4PCC04U05:397891:398679 [3] NCCL INFO Connected to proxy localRank 3 -> connection 0x7f93f40053e0
MOC-R4PCC04U05:397891:397941 [3] NCCL INFO New proxy recv connection 11 from local rank 3, transport 0
MOC-R4PCC04U05:397891:398679 [3] NCCL INFO Connected to proxy localRank 3 -> connection 0x7f93f4005458
MOC-R4PCC04U05:397890:397942 [2] NCCL INFO New proxy recv connection 10 from local rank 2, transport 0
MOC-R4PCC04U05:397890:398680 [2] NCCL INFO Connected to proxy localRank 2 -> connection 0x7f5ca40053e0
MOC-R4PCC04U05:397890:397942 [2] NCCL INFO New proxy recv connection 11 from local rank 2, transport 0
MOC-R4PCC04U05:397890:398680 [2] NCCL INFO Connected to proxy localRank 2 -> connection 0x7f5ca4005458
MOC-R4PCC04U05:397890:397942 [2] NCCL INFO New proxy recv connection 12 from local rank 2, transport 0
MOC-R4PCC04U05:397890:398680 [2] NCCL INFO Connected to proxy localRank 2 -> connection 0x7f5ca40054d0
MOC-R4PCC04U05:397890:397942 [2] NCCL INFO New proxy recv connection 13 from local rank 2, transport 0
MOC-R4PCC04U05:397890:398680 [2] NCCL INFO Connected to proxy localRank 2 -> connection 0x7f5ca4005548
MOC-R4PCC04U05:397889:397943 [1] NCCL INFO New proxy recv connection 11 from local rank 1, transport 0
MOC-R4PCC04U05:397889:398681 [1] NCCL INFO Connected to proxy localRank 1 -> connection 0x7f26c8005458
MOC-R4PCC04U05:397889:397943 [1] NCCL INFO New proxy recv connection 12 from local rank 1, transport 0
MOC-R4PCC04U05:397889:398681 [1] NCCL INFO Connected to proxy localRank 1 -> connection 0x7f26c80054d0
MOC-R4PCC04U05:397888:397944 [0] NCCL INFO New proxy send connection 11 from local rank 0, transport 0
MOC-R4PCC04U05:397888:398682 [0] NCCL INFO Connected to proxy localRank 0 -> connection 0x7f1700005458
MOC-R4PCC04U05:397889:397943 [1] NCCL INFO New proxy recv connection 13 from local rank 1, transport 0
MOC-R4PCC04U05:397889:398681 [1] NCCL INFO Connected to proxy localRank 1 -> connection 0x7f26c8005548
MOC-R4PCC04U05:397889:397943 [1] NCCL INFO New proxy recv connection 14 from local rank 1, transport 0
MOC-R4PCC04U05:397889:398681 [1] NCCL INFO Connected to proxy localRank 1 -> connection 0x7f26c80055c0
MOC-R4PCC04U05:397888:397944 [0] NCCL INFO New proxy send connection 12 from local rank 0, transport 0
MOC-R4PCC04U05:397888:398682 [0] NCCL INFO Connected to proxy localRank 0 -> connection 0x7f17000054d0
MOC-R4PCC04U05:397889:397943 [1] NCCL INFO New proxy send connection 15 from local rank 1, transport 0
MOC-R4PCC04U05:397889:398681 [1] NCCL INFO Connected to proxy localRank 1 -> connection 0x7f26c8005638
MOC-R4PCC04U05:397888:397944 [0] NCCL INFO New proxy send connection 13 from local rank 0, transport 0
MOC-R4PCC04U05:397888:398682 [0] NCCL INFO Connected to proxy localRank 0 -> connection 0x7f1700005548
MOC-R4PCC04U05:397889:397943 [1] NCCL INFO New proxy send connection 16 from local rank 1, transport 0
MOC-R4PCC04U05:397889:398681 [1] NCCL INFO Connected to proxy localRank 1 -> connection 0x7f26c80056b0
MOC-R4PCC04U05:397888:397944 [0] NCCL INFO New proxy send connection 14 from local rank 0, transport 0
MOC-R4PCC04U05:397888:398682 [0] NCCL INFO Connected to proxy localRank 0 -> connection 0x7f17000055c0
MOC-R4PCC04U05:397889:397943 [1] NCCL INFO New proxy send connection 17 from local rank 1, transport 0
MOC-R4PCC04U05:397889:398681 [1] NCCL INFO Connected to proxy localRank 1 -> connection 0x7f26c8005728
MOC-R4PCC04U05:397889:397943 [1] NCCL INFO New proxy send connection 18 from local rank 1, transport 0
MOC-R4PCC04U05:397889:398681 [1] NCCL INFO Connected to proxy localRank 1 -> connection 0x7f26c80057a0
MOC-R4PCC04U05:397888:397944 [0] NCCL INFO New proxy send connection 15 from local rank 0, transport 0
MOC-R4PCC04U05:397888:398682 [0] NCCL INFO Connected to proxy localRank 0 -> connection 0x7f1700005638
MOC-R4PCC04U05:397889:397943 [1] NCCL INFO New proxy recv connection 19 from local rank 1, transport 0
MOC-R4PCC04U05:397889:398681 [1] NCCL INFO Connected to proxy localRank 1 -> connection 0x7f26c8005818
MOC-R4PCC04U05:397888:397944 [0] NCCL INFO New proxy send connection 16 from local rank 0, transport 0
MOC-R4PCC04U05:397890:397942 [2] NCCL INFO New proxy send connection 14 from local rank 2, transport 0
MOC-R4PCC04U05:397888:398682 [0] NCCL INFO Connected to proxy localRank 0 -> connection 0x7f17000056b0
MOC-R4PCC04U05:397890:398680 [2] NCCL INFO Connected to proxy localRank 2 -> connection 0x7f5ca40055c0
MOC-R4PCC04U05:397889:397943 [1] NCCL INFO New proxy recv connection 20 from local rank 1, transport 0
MOC-R4PCC04U05:397889:398681 [1] NCCL INFO Connected to proxy localRank 1 -> connection 0x7f26c8005890
MOC-R4PCC04U05:397888:397944 [0] NCCL INFO New proxy recv connection 17 from local rank 0, transport 0
MOC-R4PCC04U05:397890:397942 [2] NCCL INFO New proxy send connection 15 from local rank 2, transport 0
MOC-R4PCC04U05:397888:398682 [0] NCCL INFO Connected to proxy localRank 0 -> connection 0x7f1700005728
MOC-R4PCC04U05:397890:398680 [2] NCCL INFO Connected to proxy localRank 2 -> connection 0x7f5ca4005638
MOC-R4PCC04U05:397891:397941 [3] NCCL INFO New proxy recv connection 12 from local rank 3, transport 2
MOC-R4PCC04U05:397891:398679 [3] NCCL INFO Connected to proxy localRank 3 -> connection 0x7f93f40054d0
MOC-R4PCC04U05:397888:397944 [0] NCCL INFO New proxy recv connection 18 from local rank 0, transport 0
MOC-R4PCC04U05:397888:398682 [0] NCCL INFO Connected to proxy localRank 0 -> connection 0x7f17000057a0
MOC-R4PCC04U05:397888:397944 [0] NCCL INFO New proxy recv connection 19 from local rank 0, transport 0
MOC-R4PCC04U05:397888:398682 [0] NCCL INFO Connected to proxy localRank 0 -> connection 0x7f1700005818
MOC-R4PCC04U05:397891:398679 [3] NCCL INFO Channel 00/0 : 7[3] -> 3[3] [receive] via NET/Socket/0
MOC-R4PCC04U05:397891:397941 [3] NCCL INFO New proxy recv connection 13 from local rank 3, transport 2
MOC-R4PCC04U05:397891:398679 [3] NCCL INFO Connected to proxy localRank 3 -> connection 0x7f93f4005548
MOC-R4PCC04U05:397888:397944 [0] NCCL INFO New proxy recv connection 20 from local rank 0, transport 0
MOC-R4PCC04U05:397888:398682 [0] NCCL INFO Connected to proxy localRank 0 -> connection 0x7f1700005890
MOC-R4PCC04U05:397891:398679 [3] NCCL INFO Channel 01/0 : 7[3] -> 3[3] [receive] via NET/Socket/0
MOC-R4PCC04U05:397891:397941 [3] NCCL INFO New proxy recv connection 14 from local rank 3, transport 2
MOC-R4PCC04U05:397891:398679 [3] NCCL INFO Connected to proxy localRank 3 -> connection 0x7f93f40055c0
MOC-R4PCC04U05:397891:398679 [3] NCCL INFO Channel 02/0 : 7[3] -> 3[3] [receive] via NET/Socket/0
MOC-R4PCC04U05:397891:397941 [3] NCCL INFO New proxy recv connection 15 from local rank 3, transport 2
MOC-R4PCC04U05:397891:398679 [3] NCCL INFO Connected to proxy localRank 3 -> connection 0x7f93f4005638
MOC-R4PCC04U05:397891:398679 [3] NCCL INFO Channel 03/0 : 7[3] -> 3[3] [receive] via NET/Socket/0
MOC-R4PCC04U05:397891:397941 [3] NCCL INFO New proxy send connection 16 from local rank 3, transport 2
MOC-R4PCC04U05:397891:398679 [3] NCCL INFO Connected to proxy localRank 3 -> connection 0x7f93f40056b0
MOC-R4PCC04U05:397891:398679 [3] NCCL INFO Channel 00/0 : 3[3] -> 7[3] [send] via NET/Socket/0
MOC-R4PCC04U05:397891:397941 [3] NCCL INFO New proxy send connection 17 from local rank 3, transport 2
MOC-R4PCC04U05:397891:398679 [3] NCCL INFO Connected to proxy localRank 3 -> connection 0x7f93f4005728
MOC-R4PCC04U05:397891:398679 [3] NCCL INFO Channel 01/0 : 3[3] -> 7[3] [send] via NET/Socket/0
MOC-R4PCC04U05:397891:397941 [3] NCCL INFO New proxy send connection 18 from local rank 3, transport 2
MOC-R4PCC04U05:397891:398679 [3] NCCL INFO Connected to proxy localRank 3 -> connection 0x7f93f40057a0
MOC-R4PCC04U05:397891:398679 [3] NCCL INFO Channel 02/0 : 3[3] -> 7[3] [send] via NET/Socket/0
MOC-R4PCC04U05:397891:397941 [3] NCCL INFO New proxy send connection 19 from local rank 3, transport 2
MOC-R4PCC04U05:397891:398679 [3] NCCL INFO Connected to proxy localRank 3 -> connection 0x7f93f4005818
MOC-R4PCC04U05:397891:398679 [3] NCCL INFO Channel 03/0 : 3[3] -> 7[3] [send] via NET/Socket/0
MOC-R4PCC04U05:397891:397941 [3] NCCL INFO New proxy send connection 20 from local rank 3, transport 0
MOC-R4PCC04U05:397891:398679 [3] NCCL INFO Connected to proxy localRank 3 -> connection 0x7f93f4005890
MOC-R4PCC04U05:397891:397941 [3] NCCL INFO New proxy send connection 21 from local rank 3, transport 0
MOC-R4PCC04U05:397891:398679 [3] NCCL INFO Connected to proxy localRank 3 -> connection 0x7f93f4005908
MOC-R4PCC04U05:397891:397941 [3] NCCL INFO New proxy send connection 22 from local rank 3, transport 0
MOC-R4PCC04U05:397891:398679 [3] NCCL INFO Connected to proxy localRank 3 -> connection 0x7f93f4005980
MOC-R4PCC04U05:397891:397941 [3] NCCL INFO New proxy send connection 23 from local rank 3, transport 0
MOC-R4PCC04U05:397891:398679 [3] NCCL INFO Connected to proxy localRank 3 -> connection 0x7f93f40059f8
step    1/10 | train loss 11.010132 | norm 15.4557 | lr 1.00e-04 | (14118.08 ms | 92840 tok/s)
step    2/10 | train loss 10.134741 | norm 5.7680 | lr 1.00e-04 | (424.06 ms | 3090893 tok/s)
step    3/10 | train loss 9.792706 | norm 2.6181 | lr 1.00e-04 | (424.66 ms | 3086511 tok/s)
step    4/10 | train loss 9.622597 | norm 2.1198 | lr 1.00e-04 | (421.70 ms | 3108206 tok/s)
step    5/10 | train loss 9.539335 | norm 2.1126 | lr 1.00e-04 | (623.73 ms | 2101423 tok/s)
step    6/10 | train loss 9.457713 | norm 2.0030 | lr 1.00e-04 | (421.61 ms | 3108861 tok/s)
step    7/10 | train loss 9.371841 | norm 1.9528 | lr 1.00e-04 | (423.87 ms | 3092272 tok/s)
step    8/10 | train loss 9.279831 | norm 1.9192 | lr 1.00e-04 | (634.15 ms | 2066886 tok/s)
step    9/10 | train loss 9.184059 | norm 1.8636 | lr 1.00e-04 | (423.77 ms | 3093020 tok/s)
step   10/10 | train loss 9.097851 | norm 1.7989 | lr 1.00e-04 | (421.46 ms | 3109950 tok/s)
final 9 iters avg: 468.778ms
peak memory consumption: 16601 MiB
