Running pytorch 2.7.0+cu126
using device: cuda:0
total desired batch size: 1572864
=> calculated gradient accumulation steps: 4
using device: cuda:1
using device: cuda:3
using device: cuda:2
compiling the model...
DataLoader: total number of tokens: 1,661,249,667 across 103 files
MOC-R4PCC04U05:490445:490445 [0] NCCL INFO NCCL_SOCKET_IFNAME set to eno7np0
MOC-R4PCC04U05:490445:490445 [0] NCCL INFO NCCL version 2.26.2+cuda12.2
MOC-R4PCC04U05:490445:491046 [0] NCCL INFO NET/Plugin: Could not find: libnccl-net.so. Using internal net plugin.
MOC-R4PCC04U05:490445:491046 [0] NCCL INFO NCCL_IB_HCA set to mlx5_5
MOC-R4PCC04U05:490446:490446 [1] NCCL INFO NCCL_SOCKET_IFNAME set to eno7np0
MOC-R4PCC04U05:490446:490446 [1] NCCL INFO NCCL version 2.26.2+cuda12.2
MOC-R4PCC04U05:490445:491046 [0] NCCL INFO NET/IB : Made virtual device [0] name=mlx5_5 speed=400000 ndevs=1
MOC-R4PCC04U05:490445:491046 [0] NCCL INFO NET/IB : Using [0]mlx5_5:1/RoCE [RO]; OOB eno7np0:192.168.50.193<0>
MOC-R4PCC04U05:490448:490448 [3] NCCL INFO NCCL_SOCKET_IFNAME set to eno7np0
MOC-R4PCC04U05:490448:490448 [3] NCCL INFO NCCL version 2.26.2+cuda12.2
MOC-R4PCC04U05:490447:490447 [2] NCCL INFO NCCL_SOCKET_IFNAME set to eno7np0
MOC-R4PCC04U05:490447:490447 [2] NCCL INFO NCCL version 2.26.2+cuda12.2
MOC-R4PCC04U05:490446:491070 [1] NCCL INFO NET/Plugin: Could not find: libnccl-net.so. Using internal net plugin.
MOC-R4PCC04U05:490446:491070 [1] NCCL INFO NCCL_IB_HCA set to mlx5_5
MOC-R4PCC04U05:490446:491070 [1] NCCL INFO NET/IB : Made virtual device [0] name=mlx5_5 speed=400000 ndevs=1
MOC-R4PCC04U05:490446:491070 [1] NCCL INFO NET/IB : Using [0]mlx5_5:1/RoCE [RO]; OOB eno7np0:192.168.50.193<0>
MOC-R4PCC04U05:490448:491076 [3] NCCL INFO NET/Plugin: Could not find: libnccl-net.so. Using internal net plugin.
MOC-R4PCC04U05:490448:491076 [3] NCCL INFO NCCL_IB_HCA set to mlx5_5
MOC-R4PCC04U05:490448:491076 [3] NCCL INFO NET/IB : Made virtual device [0] name=mlx5_5 speed=400000 ndevs=1
MOC-R4PCC04U05:490448:491076 [3] NCCL INFO NET/IB : Using [0]mlx5_5:1/RoCE [RO]; OOB eno7np0:192.168.50.193<0>
MOC-R4PCC04U05:490447:491077 [2] NCCL INFO NET/Plugin: Could not find: libnccl-net.so. Using internal net plugin.
MOC-R4PCC04U05:490447:491077 [2] NCCL INFO NCCL_IB_HCA set to mlx5_5
MOC-R4PCC04U05:490447:491077 [2] NCCL INFO NET/IB : Made virtual device [0] name=mlx5_5 speed=400000 ndevs=1
MOC-R4PCC04U05:490447:491077 [2] NCCL INFO NET/IB : Using [0]mlx5_5:1/RoCE [RO]; OOB eno7np0:192.168.50.193<0>
MOC-R4PCC04U05:490445:491046 [0] NCCL INFO NET/IB : GPU Direct RDMA Enabled for HCA 0 'mlx5_5'
MOC-R4PCC04U05:490445:491046 [0] NCCL INFO NET/IB : Made virtual device [1] name=mlx5_5 speed=400000 ndevs=1
MOC-R4PCC04U05:490445:491046 [0] NCCL INFO NET/IB : GPU Direct RDMA Enabled for HCA 0 'mlx5_5'
MOC-R4PCC04U05:490445:491046 [0] NCCL INFO NET/IB : GPU Direct RDMA Enabled for HCA 1 'mlx5_5'
MOC-R4PCC04U05:490447:491077 [2] NCCL INFO NET/IB : GPU Direct RDMA Enabled for HCA 0 'mlx5_5'
MOC-R4PCC04U05:490447:491077 [2] NCCL INFO NET/IB : Made virtual device [1] name=mlx5_5 speed=400000 ndevs=1
MOC-R4PCC04U05:490447:491077 [2] NCCL INFO NET/IB : GPU Direct RDMA Enabled for HCA 0 'mlx5_5'
MOC-R4PCC04U05:490447:491077 [2] NCCL INFO NET/IB : GPU Direct RDMA Enabled for HCA 1 'mlx5_5'
MOC-R4PCC04U05:490446:491070 [1] NCCL INFO NET/IB : GPU Direct RDMA Enabled for HCA 0 'mlx5_5'
MOC-R4PCC04U05:490446:491070 [1] NCCL INFO NET/IB : Made virtual device [1] name=mlx5_5 speed=400000 ndevs=1
MOC-R4PCC04U05:490446:491070 [1] NCCL INFO NET/IB : GPU Direct RDMA Enabled for HCA 0 'mlx5_5'
MOC-R4PCC04U05:490446:491070 [1] NCCL INFO NET/IB : GPU Direct RDMA Enabled for HCA 1 'mlx5_5'
MOC-R4PCC04U05:490448:491076 [3] NCCL INFO NET/IB : GPU Direct RDMA Enabled for HCA 0 'mlx5_5'
MOC-R4PCC04U05:490448:491076 [3] NCCL INFO NET/IB : Made virtual device [1] name=mlx5_5 speed=400000 ndevs=1
MOC-R4PCC04U05:490448:491076 [3] NCCL INFO NET/IB : GPU Direct RDMA Enabled for HCA 0 'mlx5_5'
MOC-R4PCC04U05:490448:491076 [3] NCCL INFO NET/IB : GPU Direct RDMA Enabled for HCA 1 'mlx5_5'
MOC-R4PCC04U05:490445:491046 [0] NCCL INFO GPU Direct RDMA Enabled for GPU 0 / HCA 1 (distance 5 <= 5), read 0 mode Default
MOC-R4PCC04U05:490445:491046 [0] NCCL INFO GPU Direct RDMA Enabled for GPU 1 / HCA 1 (distance 5 <= 5), read 0 mode Default
MOC-R4PCC04U05:490445:491046 [0] NCCL INFO GPU Direct RDMA Enabled for GPU 2 / HCA 1 (distance 5 <= 5), read 0 mode Default
MOC-R4PCC04U05:490445:491046 [0] NCCL INFO GPU Direct RDMA Enabled for GPU 3 / HCA 1 (distance 5 <= 5), read 0 mode Default
MOC-R4PCC04U05:490445:491046 [0] NCCL INFO GPU Direct RDMA Enabled for GPU 0 / HCA 1 (distance 5 <= 5), read 0 mode Default
MOC-R4PCC04U05:490445:491046 [0] NCCL INFO GPU Direct RDMA Enabled for GPU 1 / HCA 1 (distance 5 <= 5), read 0 mode Default
MOC-R4PCC04U05:490445:491046 [0] NCCL INFO GPU Direct RDMA Enabled for GPU 2 / HCA 1 (distance 5 <= 5), read 0 mode Default
MOC-R4PCC04U05:490445:491046 [0] NCCL INFO GPU Direct RDMA Enabled for GPU 3 / HCA 1 (distance 5 <= 5), read 0 mode Default
MOC-R4PCC04U05:490446:491070 [1] NCCL INFO GPU Direct RDMA Enabled for GPU 0 / HCA 1 (distance 5 <= 5), read 0 mode Default
MOC-R4PCC04U05:490446:491070 [1] NCCL INFO GPU Direct RDMA Enabled for GPU 1 / HCA 1 (distance 5 <= 5), read 0 mode Default
MOC-R4PCC04U05:490446:491070 [1] NCCL INFO GPU Direct RDMA Enabled for GPU 2 / HCA 1 (distance 5 <= 5), read 0 mode Default
MOC-R4PCC04U05:490446:491070 [1] NCCL INFO GPU Direct RDMA Enabled for GPU 3 / HCA 1 (distance 5 <= 5), read 0 mode Default
MOC-R4PCC04U05:490446:491070 [1] NCCL INFO GPU Direct RDMA Enabled for GPU 0 / HCA 1 (distance 5 <= 5), read 0 mode Default
MOC-R4PCC04U05:490446:491070 [1] NCCL INFO GPU Direct RDMA Enabled for GPU 1 / HCA 1 (distance 5 <= 5), read 0 mode Default
MOC-R4PCC04U05:490446:491070 [1] NCCL INFO GPU Direct RDMA Enabled for GPU 2 / HCA 1 (distance 5 <= 5), read 0 mode Default
MOC-R4PCC04U05:490446:491070 [1] NCCL INFO GPU Direct RDMA Enabled for GPU 3 / HCA 1 (distance 5 <= 5), read 0 mode Default
MOC-R4PCC04U05:490448:491076 [3] NCCL INFO GPU Direct RDMA Enabled for GPU 0 / HCA 1 (distance 5 <= 5), read 0 mode Default
MOC-R4PCC04U05:490448:491076 [3] NCCL INFO GPU Direct RDMA Enabled for GPU 1 / HCA 1 (distance 5 <= 5), read 0 mode Default
MOC-R4PCC04U05:490448:491076 [3] NCCL INFO GPU Direct RDMA Enabled for GPU 2 / HCA 1 (distance 5 <= 5), read 0 mode Default
MOC-R4PCC04U05:490448:491076 [3] NCCL INFO GPU Direct RDMA Enabled for GPU 3 / HCA 1 (distance 5 <= 5), read 0 mode Default
MOC-R4PCC04U05:490448:491076 [3] NCCL INFO GPU Direct RDMA Enabled for GPU 0 / HCA 1 (distance 5 <= 5), read 0 mode Default
MOC-R4PCC04U05:490448:491076 [3] NCCL INFO GPU Direct RDMA Enabled for GPU 1 / HCA 1 (distance 5 <= 5), read 0 mode Default
MOC-R4PCC04U05:490448:491076 [3] NCCL INFO GPU Direct RDMA Enabled for GPU 2 / HCA 1 (distance 5 <= 5), read 0 mode Default
MOC-R4PCC04U05:490448:491076 [3] NCCL INFO GPU Direct RDMA Enabled for GPU 3 / HCA 1 (distance 5 <= 5), read 0 mode Default
MOC-R4PCC04U05:490447:491077 [2] NCCL INFO GPU Direct RDMA Enabled for GPU 0 / HCA 1 (distance 5 <= 5), read 0 mode Default
MOC-R4PCC04U05:490447:491077 [2] NCCL INFO GPU Direct RDMA Enabled for GPU 1 / HCA 1 (distance 5 <= 5), read 0 mode Default
MOC-R4PCC04U05:490447:491077 [2] NCCL INFO GPU Direct RDMA Enabled for GPU 2 / HCA 1 (distance 5 <= 5), read 0 mode Default
MOC-R4PCC04U05:490447:491077 [2] NCCL INFO GPU Direct RDMA Enabled for GPU 3 / HCA 1 (distance 5 <= 5), read 0 mode Default
MOC-R4PCC04U05:490447:491077 [2] NCCL INFO GPU Direct RDMA Enabled for GPU 0 / HCA 1 (distance 5 <= 5), read 0 mode Default
MOC-R4PCC04U05:490447:491077 [2] NCCL INFO GPU Direct RDMA Enabled for GPU 1 / HCA 1 (distance 5 <= 5), read 0 mode Default
MOC-R4PCC04U05:490447:491077 [2] NCCL INFO GPU Direct RDMA Enabled for GPU 2 / HCA 1 (distance 5 <= 5), read 0 mode Default
MOC-R4PCC04U05:490447:491077 [2] NCCL INFO GPU Direct RDMA Enabled for GPU 3 / HCA 1 (distance 5 <= 5), read 0 mode Default
MOC-R4PCC04U05:490448:491090 [3] NCCL INFO New proxy recv connection 0 from local rank 3, transport 0
MOC-R4PCC04U05:490448:491097 [3] NCCL INFO Connected to proxy localRank 3 -> connection 0x7f1ae4004f30
MOC-R4PCC04U05:490445:491089 [0] NCCL INFO New proxy send connection 0 from local rank 0, transport 0
MOC-R4PCC04U05:490445:491098 [0] NCCL INFO Connected to proxy localRank 0 -> connection 0x7f030c004f30
MOC-R4PCC04U05:490448:491090 [3] NCCL INFO New proxy recv connection 1 from local rank 3, transport 0
MOC-R4PCC04U05:490448:491097 [3] NCCL INFO Connected to proxy localRank 3 -> connection 0x7f1ae4004fa8
MOC-R4PCC04U05:490448:491090 [3] NCCL INFO New proxy recv connection 2 from local rank 3, transport 0
MOC-R4PCC04U05:490448:491097 [3] NCCL INFO Connected to proxy localRank 3 -> connection 0x7f1ae4005020
MOC-R4PCC04U05:490445:491089 [0] NCCL INFO New proxy send connection 1 from local rank 0, transport 0
MOC-R4PCC04U05:490445:491098 [0] NCCL INFO Connected to proxy localRank 0 -> connection 0x7f030c004fa8
MOC-R4PCC04U05:490445:491089 [0] NCCL INFO New proxy send connection 2 from local rank 0, transport 0
MOC-R4PCC04U05:490445:491098 [0] NCCL INFO Connected to proxy localRank 0 -> connection 0x7f030c005020
MOC-R4PCC04U05:490446:491095 [1] NCCL INFO New proxy recv connection 0 from local rank 1, transport 0
MOC-R4PCC04U05:490446:491099 [1] NCCL INFO Connected to proxy localRank 1 -> connection 0x7f1e70004f30
MOC-R4PCC04U05:490446:491095 [1] NCCL INFO New proxy recv connection 1 from local rank 1, transport 0
MOC-R4PCC04U05:490446:491099 [1] NCCL INFO Connected to proxy localRank 1 -> connection 0x7f1e70004fa8
MOC-R4PCC04U05:490446:491095 [1] NCCL INFO New proxy recv connection 2 from local rank 1, transport 0
MOC-R4PCC04U05:490446:491099 [1] NCCL INFO Connected to proxy localRank 1 -> connection 0x7f1e70005020
MOC-R4PCC04U05:490448:491090 [3] NCCL INFO New proxy recv connection 3 from local rank 3, transport 0
MOC-R4PCC04U05:490448:491097 [3] NCCL INFO Connected to proxy localRank 3 -> connection 0x7f1ae4005098
MOC-R4PCC04U05:490445:491089 [0] NCCL INFO New proxy send connection 3 from local rank 0, transport 0
MOC-R4PCC04U05:490446:491095 [1] NCCL INFO New proxy recv connection 3 from local rank 1, transport 0
MOC-R4PCC04U05:490446:491099 [1] NCCL INFO Connected to proxy localRank 1 -> connection 0x7f1e70005098
MOC-R4PCC04U05:490445:491098 [0] NCCL INFO Connected to proxy localRank 0 -> connection 0x7f030c005098
MOC-R4PCC04U05:490448:491097 [3] NCCL INFO GPU Direct RDMA Enabled for GPU 3 / HCA 1 (distance 5 <= 5), read 1 mode Default
MOC-R4PCC04U05:490447:491091 [2] NCCL INFO New proxy send connection 0 from local rank 3, transport 2
MOC-R4PCC04U05:490448:491097 [3] NCCL INFO Connected to proxy localRank 2 -> connection 0x7f3ae8004f30
MOC-R4PCC04U05:490448:491097 [3] NCCL INFO Channel 00/0 : 3[3] -> 6[2] [send] via NET/IB/1(2)/GDRDMA
MOC-R4PCC04U05:490448:491097 [3] NCCL INFO GPU Direct RDMA Enabled for GPU 3 / HCA 1 (distance 5 <= 5), read 1 mode Default
MOC-R4PCC04U05:490447:491091 [2] NCCL INFO New proxy send connection 1 from local rank 3, transport 2
MOC-R4PCC04U05:490448:491097 [3] NCCL INFO Connected to proxy localRank 2 -> connection 0x7f3ae8004fa8
MOC-R4PCC04U05:490448:491097 [3] NCCL INFO Channel 01/0 : 3[3] -> 6[2] [send] via NET/IB/1(2)/GDRDMA
MOC-R4PCC04U05:490448:491097 [3] NCCL INFO GPU Direct RDMA Enabled for GPU 3 / HCA 1 (distance 5 <= 5), read 1 mode Default
MOC-R4PCC04U05:490447:491091 [2] NCCL INFO New proxy send connection 2 from local rank 3, transport 2
MOC-R4PCC04U05:490448:491097 [3] NCCL INFO Connected to proxy localRank 2 -> connection 0x7f3ae8005020
MOC-R4PCC04U05:490448:491097 [3] NCCL INFO Channel 02/0 : 3[3] -> 6[2] [send] via NET/IB/1(2)/GDRDMA
MOC-R4PCC04U05:490448:491097 [3] NCCL INFO GPU Direct RDMA Enabled for GPU 3 / HCA 1 (distance 5 <= 5), read 1 mode Default
MOC-R4PCC04U05:490447:491091 [2] NCCL INFO New proxy send connection 3 from local rank 3, transport 2
MOC-R4PCC04U05:490448:491097 [3] NCCL INFO Connected to proxy localRank 2 -> connection 0x7f3ae8005098
MOC-R4PCC04U05:490448:491097 [3] NCCL INFO Channel 03/0 : 3[3] -> 6[2] [send] via NET/IB/1(2)/GDRDMA
MOC-R4PCC04U05:490445:491089 [0] NCCL INFO New proxy recv connection 4 from local rank 0, transport 0
MOC-R4PCC04U05:490445:491098 [0] NCCL INFO Connected to proxy localRank 0 -> connection 0x7f030c005110
MOC-R4PCC04U05:490447:491091 [2] NCCL INFO NET/IB: NCCL Dev 1 IbDev 0 Port 1 qpn 7412 mtu 3 query_ece={supported=1, vendor_id=0x15b3, options=0x30000002, comp_mask=0x0} GID 3 (0/C132A8C0FFFF0000) fifoRkey=0x172eed fifoLkey=0x172eed
MOC-R4PCC04U05:490447:491091 [2] NCCL INFO NET/IB: IbDev 0 Port 1 qpn 7574 set_ece={supported=1, vendor_id=0x15b3, options=0x0, comp_mask=0x0}
MOC-R4PCC04U05:490446:491095 [1] NCCL INFO New proxy send connection 4 from local rank 1, transport 0
MOC-R4PCC04U05:490446:491099 [1] NCCL INFO Connected to proxy localRank 1 -> connection 0x7f1e70005110
MOC-R4PCC04U05:490446:491095 [1] NCCL INFO New proxy send connection 5 from local rank 1, transport 0
MOC-R4PCC04U05:490446:491099 [1] NCCL INFO Connected to proxy localRank 1 -> connection 0x7f1e70005188
MOC-R4PCC04U05:490445:491089 [0] NCCL INFO New proxy recv connection 5 from local rank 0, transport 0
MOC-R4PCC04U05:490445:491098 [0] NCCL INFO Connected to proxy localRank 0 -> connection 0x7f030c005188
MOC-R4PCC04U05:490445:491089 [0] NCCL INFO New proxy send connection 6 from local rank 3, transport 0
MOC-R4PCC04U05:490448:491097 [3] NCCL INFO Connected to proxy localRank 0 -> connection 0x7f030c005200
MOC-R4PCC04U05:490445:491089 [0] NCCL INFO New proxy recv connection 7 from local rank 0, transport 0
MOC-R4PCC04U05:490445:491098 [0] NCCL INFO Connected to proxy localRank 0 -> connection 0x7f030c005278
MOC-R4PCC04U05:490445:491089 [0] NCCL INFO New proxy recv connection 8 from local rank 0, transport 0
MOC-R4PCC04U05:490445:491098 [0] NCCL INFO Connected to proxy localRank 0 -> connection 0x7f030c0052f0
MOC-R4PCC04U05:490446:491095 [1] NCCL INFO New proxy send connection 6 from local rank 1, transport 0
MOC-R4PCC04U05:490446:491099 [1] NCCL INFO Connected to proxy localRank 1 -> connection 0x7f1e70005200
MOC-R4PCC04U05:490446:491095 [1] NCCL INFO New proxy send connection 7 from local rank 1, transport 0
MOC-R4PCC04U05:490446:491099 [1] NCCL INFO Connected to proxy localRank 1 -> connection 0x7f1e70005278
MOC-R4PCC04U05:490447:491101 [2] NCCL INFO GPU Direct RDMA Enabled for GPU 2 / HCA 1 (distance 5 <= 5), read 0 mode Default
MOC-R4PCC04U05:490448:491090 [3] NCCL INFO New proxy send connection 4 from local rank 0, transport 0
MOC-R4PCC04U05:490445:491098 [0] NCCL INFO Connected to proxy localRank 3 -> connection 0x7f1ae4005110
MOC-R4PCC04U05:490447:491091 [2] NCCL INFO New proxy recv connection 4 from local rank 2, transport 2
MOC-R4PCC04U05:490447:491101 [2] NCCL INFO Connected to proxy localRank 2 -> connection 0x7f3ae8005110
MOC-R4PCC04U05:490447:491101 [2] NCCL INFO Channel 00/0 : 11[3] -> 2[2] [receive] via NET/IB/1/GDRDMA
MOC-R4PCC04U05:490447:491101 [2] NCCL INFO GPU Direct RDMA Enabled for GPU 2 / HCA 1 (distance 5 <= 5), read 0 mode Default
MOC-R4PCC04U05:490447:491091 [2] NCCL INFO New proxy recv connection 5 from local rank 2, transport 2
MOC-R4PCC04U05:490447:491101 [2] NCCL INFO Connected to proxy localRank 2 -> connection 0x7f3ae8005188
MOC-R4PCC04U05:490447:491101 [2] NCCL INFO Channel 01/0 : 11[3] -> 2[2] [receive] via NET/IB/1/GDRDMA
MOC-R4PCC04U05:490447:491101 [2] NCCL INFO GPU Direct RDMA Enabled for GPU 2 / HCA 1 (distance 5 <= 5), read 0 mode Default
MOC-R4PCC04U05:490447:491091 [2] NCCL INFO New proxy recv connection 6 from local rank 2, transport 2
MOC-R4PCC04U05:490447:491101 [2] NCCL INFO Connected to proxy localRank 2 -> connection 0x7f3ae8005200
MOC-R4PCC04U05:490447:491101 [2] NCCL INFO Channel 02/0 : 11[3] -> 2[2] [receive] via NET/IB/1/GDRDMA
MOC-R4PCC04U05:490447:491101 [2] NCCL INFO GPU Direct RDMA Enabled for GPU 2 / HCA 1 (distance 5 <= 5), read 0 mode Default
MOC-R4PCC04U05:490447:491091 [2] NCCL INFO New proxy recv connection 7 from local rank 2, transport 2
MOC-R4PCC04U05:490447:491101 [2] NCCL INFO Connected to proxy localRank 2 -> connection 0x7f3ae8005278
MOC-R4PCC04U05:490447:491101 [2] NCCL INFO Channel 03/0 : 11[3] -> 2[2] [receive] via NET/IB/1/GDRDMA
MOC-R4PCC04U05:490447:491091 [2] NCCL INFO New proxy send connection 8 from local rank 2, transport 0
MOC-R4PCC04U05:490447:491101 [2] NCCL INFO Connected to proxy localRank 2 -> connection 0x7f3ae80052f0
MOC-R4PCC04U05:490447:491091 [2] NCCL INFO New proxy send connection 9 from local rank 2, transport 0
MOC-R4PCC04U05:490447:491101 [2] NCCL INFO Connected to proxy localRank 2 -> connection 0x7f3ae8005368
MOC-R4PCC04U05:490447:491091 [2] NCCL INFO New proxy send connection 10 from local rank 2, transport 0
MOC-R4PCC04U05:490447:491101 [2] NCCL INFO Connected to proxy localRank 2 -> connection 0x7f3ae80053e0
MOC-R4PCC04U05:490447:491091 [2] NCCL INFO New proxy send connection 11 from local rank 2, transport 0
MOC-R4PCC04U05:490447:491101 [2] NCCL INFO Connected to proxy localRank 2 -> connection 0x7f3ae8005458
MOC-R4PCC04U05:490445:491089 [0] NCCL INFO New proxy send connection 9 from local rank 1, transport 0
MOC-R4PCC04U05:490446:491099 [1] NCCL INFO Connected to proxy localRank 0 -> connection 0x7f030c005368
MOC-R4PCC04U05:490446:491095 [1] NCCL INFO New proxy send connection 8 from local rank 2, transport 0
MOC-R4PCC04U05:490447:491101 [2] NCCL INFO Connected to proxy localRank 1 -> connection 0x7f1e700052f0
MOC-R4PCC04U05:490447:491091 [2] NCCL INFO NET/IB: NCCL Dev 1 IbDev 0 Port 1 qpn 7415 mtu 3 query_ece={supported=1, vendor_id=0x15b3, options=0x30000002, comp_mask=0x0} GID 3 (0/C132A8C0FFFF0000) fifoRkey=0x17e2a1 fifoLkey=0x17e2a1
MOC-R4PCC04U05:490447:491091 [2] NCCL INFO NET/IB: NCCL Dev 1 IbDev 0 Port 1 qpn 7416 mtu 3 query_ece={supported=1, vendor_id=0x15b3, options=0x30000002, comp_mask=0x0} GID 3 (0/C132A8C0FFFF0000) fifoRkey=0x17d796 fifoLkey=0x17d796
MOC-R4PCC04U05:490447:491091 [2] NCCL INFO NET/IB: IbDev 0 Port 1 qpn 7579 set_ece={supported=1, vendor_id=0x15b3, options=0x0, comp_mask=0x0}
MOC-R4PCC04U05:490447:491091 [2] NCCL INFO NET/IB: IbDev 0 Port 1 qpn 7581 set_ece={supported=1, vendor_id=0x15b3, options=0x0, comp_mask=0x0}
MOC-R4PCC04U05:490447:491091 [2] NCCL INFO NET/IB: NCCL Dev 1 IbDev 0 Port 1 qpn 7417 mtu 3 query_ece={supported=1, vendor_id=0x15b3, options=0x30000002, comp_mask=0x0} GID 3 (0/C132A8C0FFFF0000) fifoRkey=0x17c483 fifoLkey=0x17c483
MOC-R4PCC04U05:490447:491091 [2] NCCL INFO New proxy send connection 12 from local rank 3, transport 0
MOC-R4PCC04U05:490447:491091 [2] NCCL INFO New proxy send connection 13 from local rank 1, transport 0
MOC-R4PCC04U05:490448:491097 [3] NCCL INFO Connected to proxy localRank 2 -> connection 0x7f3ae80054d0
MOC-R4PCC04U05:490446:491099 [1] NCCL INFO Connected to proxy localRank 2 -> connection 0x7f3ae8005548
MOC-R4PCC04U05:490446:491095 [1] NCCL INFO New proxy send connection 9 from local rank 0, transport 0
MOC-R4PCC04U05:490445:491098 [0] NCCL INFO Connected to proxy localRank 1 -> connection 0x7f1e70005368
MOC-R4PCC04U05:490447:491091 [2] NCCL INFO NET/IB: IbDev 0 Port 1 qpn 7584 set_ece={supported=1, vendor_id=0x15b3, options=0x0, comp_mask=0x0}
num decayed parameter tensors: 50, with 124,318,464 parameters
num non-decayed parameter tensors: 98, with 121,344 parameters
using fused AdamW: False
using regular AdamW
MOC-R4PCC04U05:490448:491090 [3] NCCL INFO New proxy recv connection 5 from local rank 3, transport 0
MOC-R4PCC04U05:490448:491884 [3] NCCL INFO Connected to proxy localRank 3 -> connection 0x7f1ae4005188
MOC-R4PCC04U05:490448:491090 [3] NCCL INFO New proxy recv connection 6 from local rank 3, transport 0
MOC-R4PCC04U05:490448:491884 [3] NCCL INFO Connected to proxy localRank 3 -> connection 0x7f1ae4005200
MOC-R4PCC04U05:490448:491090 [3] NCCL INFO New proxy recv connection 7 from local rank 3, transport 0
MOC-R4PCC04U05:490448:491884 [3] NCCL INFO Connected to proxy localRank 3 -> connection 0x7f1ae4005278
MOC-R4PCC04U05:490448:491090 [3] NCCL INFO New proxy recv connection 8 from local rank 3, transport 0
MOC-R4PCC04U05:490448:491884 [3] NCCL INFO Connected to proxy localRank 3 -> connection 0x7f1ae40052f0
MOC-R4PCC04U05:490445:491089 [0] NCCL INFO New proxy send connection 10 from local rank 0, transport 0
MOC-R4PCC04U05:490445:491885 [0] NCCL INFO Connected to proxy localRank 0 -> connection 0x7f030c0053e0
MOC-R4PCC04U05:490445:491089 [0] NCCL INFO New proxy send connection 11 from local rank 0, transport 0
MOC-R4PCC04U05:490445:491885 [0] NCCL INFO Connected to proxy localRank 0 -> connection 0x7f030c005458
MOC-R4PCC04U05:490445:491089 [0] NCCL INFO New proxy send connection 12 from local rank 0, transport 0
MOC-R4PCC04U05:490445:491885 [0] NCCL INFO Connected to proxy localRank 0 -> connection 0x7f030c0054d0
MOC-R4PCC04U05:490445:491089 [0] NCCL INFO New proxy send connection 13 from local rank 0, transport 0
MOC-R4PCC04U05:490445:491885 [0] NCCL INFO Connected to proxy localRank 0 -> connection 0x7f030c005548
MOC-R4PCC04U05:490446:491095 [1] NCCL INFO New proxy recv connection 10 from local rank 1, transport 0
MOC-R4PCC04U05:490446:491886 [1] NCCL INFO Connected to proxy localRank 1 -> connection 0x7f1e700053e0
MOC-R4PCC04U05:490446:491095 [1] NCCL INFO New proxy recv connection 11 from local rank 1, transport 0
MOC-R4PCC04U05:490446:491886 [1] NCCL INFO Connected to proxy localRank 1 -> connection 0x7f1e70005458
MOC-R4PCC04U05:490446:491095 [1] NCCL INFO New proxy recv connection 12 from local rank 1, transport 0
MOC-R4PCC04U05:490446:491886 [1] NCCL INFO Connected to proxy localRank 1 -> connection 0x7f1e700054d0
MOC-R4PCC04U05:490446:491095 [1] NCCL INFO New proxy recv connection 13 from local rank 1, transport 0
MOC-R4PCC04U05:490446:491886 [1] NCCL INFO Connected to proxy localRank 1 -> connection 0x7f1e70005548
MOC-R4PCC04U05:490445:491089 [0] NCCL INFO New proxy recv connection 14 from local rank 0, transport 0
MOC-R4PCC04U05:490445:491885 [0] NCCL INFO Connected to proxy localRank 0 -> connection 0x7f030c0055c0
MOC-R4PCC04U05:490445:491089 [0] NCCL INFO New proxy recv connection 15 from local rank 0, transport 0
MOC-R4PCC04U05:490445:491885 [0] NCCL INFO Connected to proxy localRank 0 -> connection 0x7f030c005638
MOC-R4PCC04U05:490445:491089 [0] NCCL INFO New proxy recv connection 16 from local rank 0, transport 0
MOC-R4PCC04U05:490445:491885 [0] NCCL INFO Connected to proxy localRank 0 -> connection 0x7f030c0056b0
MOC-R4PCC04U05:490445:491089 [0] NCCL INFO New proxy recv connection 17 from local rank 0, transport 0
MOC-R4PCC04U05:490445:491885 [0] NCCL INFO Connected to proxy localRank 0 -> connection 0x7f030c005728
MOC-R4PCC04U05:490447:491091 [2] NCCL INFO New proxy send connection 14 from local rank 2, transport 0
MOC-R4PCC04U05:490447:491887 [2] NCCL INFO Connected to proxy localRank 2 -> connection 0x7f3ae80055c0
MOC-R4PCC04U05:490447:491091 [2] NCCL INFO New proxy send connection 15 from local rank 2, transport 0
MOC-R4PCC04U05:490447:491887 [2] NCCL INFO Connected to proxy localRank 2 -> connection 0x7f3ae8005638
MOC-R4PCC04U05:490447:491091 [2] NCCL INFO New proxy send connection 16 from local rank 2, transport 0
MOC-R4PCC04U05:490447:491887 [2] NCCL INFO Connected to proxy localRank 2 -> connection 0x7f3ae80056b0
MOC-R4PCC04U05:490447:491091 [2] NCCL INFO New proxy send connection 17 from local rank 2, transport 0
MOC-R4PCC04U05:490447:491887 [2] NCCL INFO Connected to proxy localRank 2 -> connection 0x7f3ae8005728
MOC-R4PCC04U05:490447:491887 [2] NCCL INFO GPU Direct RDMA Enabled for GPU 2 / HCA 1 (distance 5 <= 5), read 0 mode Default
MOC-R4PCC04U05:490447:491091 [2] NCCL INFO New proxy recv connection 18 from local rank 2, transport 2
MOC-R4PCC04U05:490447:491887 [2] NCCL INFO Connected to proxy localRank 2 -> connection 0x7f3ae80057a0
MOC-R4PCC04U05:490448:491090 [3] NCCL INFO New proxy send connection 9 from local rank 3, transport 0
MOC-R4PCC04U05:490448:491884 [3] NCCL INFO Connected to proxy localRank 3 -> connection 0x7f1ae4005368
MOC-R4PCC04U05:490447:491887 [2] NCCL INFO Channel 00/0 : 10[2] -> 2[2] [receive] via NET/IB/1/GDRDMA
MOC-R4PCC04U05:490447:491887 [2] NCCL INFO GPU Direct RDMA Enabled for GPU 2 / HCA 1 (distance 5 <= 5), read 0 mode Default
MOC-R4PCC04U05:490447:491091 [2] NCCL INFO New proxy recv connection 19 from local rank 2, transport 2
MOC-R4PCC04U05:490447:491887 [2] NCCL INFO Connected to proxy localRank 2 -> connection 0x7f3ae8005818
MOC-R4PCC04U05:490447:491887 [2] NCCL INFO Channel 01/0 : 10[2] -> 2[2] [receive] via NET/IB/1/GDRDMA
MOC-R4PCC04U05:490447:491887 [2] NCCL INFO GPU Direct RDMA Enabled for GPU 2 / HCA 1 (distance 5 <= 5), read 0 mode Default
MOC-R4PCC04U05:490447:491091 [2] NCCL INFO New proxy recv connection 20 from local rank 2, transport 2
MOC-R4PCC04U05:490447:491887 [2] NCCL INFO Connected to proxy localRank 2 -> connection 0x7f3ae8005890
MOC-R4PCC04U05:490447:491887 [2] NCCL INFO Channel 02/0 : 10[2] -> 2[2] [receive] via NET/IB/1/GDRDMA
MOC-R4PCC04U05:490447:491887 [2] NCCL INFO GPU Direct RDMA Enabled for GPU 2 / HCA 1 (distance 5 <= 5), read 0 mode Default
MOC-R4PCC04U05:490447:491091 [2] NCCL INFO New proxy recv connection 21 from local rank 2, transport 2
MOC-R4PCC04U05:490448:491090 [3] NCCL INFO New proxy send connection 10 from local rank 3, transport 0
MOC-R4PCC04U05:490447:491887 [2] NCCL INFO Connected to proxy localRank 2 -> connection 0x7f3ae8005908
MOC-R4PCC04U05:490448:491884 [3] NCCL INFO Connected to proxy localRank 3 -> connection 0x7f1ae40053e0
MOC-R4PCC04U05:490447:491887 [2] NCCL INFO Channel 03/0 : 10[2] -> 2[2] [receive] via NET/IB/1/GDRDMA
MOC-R4PCC04U05:490447:491887 [2] NCCL INFO GPU Direct RDMA Enabled for GPU 2 / HCA 1 (distance 5 <= 5), read 1 mode Default
MOC-R4PCC04U05:490447:491091 [2] NCCL INFO New proxy send connection 22 from local rank 2, transport 2
MOC-R4PCC04U05:490447:491887 [2] NCCL INFO Connected to proxy localRank 2 -> connection 0x7f3ae8005980
MOC-R4PCC04U05:490447:491887 [2] NCCL INFO Channel 02/0 : 2[2] -> 6[2] [send] via NET/IB/1/GDRDMA
MOC-R4PCC04U05:490447:491887 [2] NCCL INFO GPU Direct RDMA Enabled for GPU 2 / HCA 1 (distance 5 <= 5), read 1 mode Default
MOC-R4PCC04U05:490448:491090 [3] NCCL INFO New proxy send connection 11 from local rank 3, transport 0
MOC-R4PCC04U05:490447:491091 [2] NCCL INFO New proxy send connection 23 from local rank 2, transport 2
MOC-R4PCC04U05:490448:491884 [3] NCCL INFO Connected to proxy localRank 3 -> connection 0x7f1ae4005458
MOC-R4PCC04U05:490447:491887 [2] NCCL INFO Connected to proxy localRank 2 -> connection 0x7f3ae80059f8
MOC-R4PCC04U05:490447:491887 [2] NCCL INFO Channel 03/0 : 2[2] -> 6[2] [send] via NET/IB/1/GDRDMA
MOC-R4PCC04U05:490447:491887 [2] NCCL INFO GPU Direct RDMA Enabled for GPU 2 / HCA 1 (distance 5 <= 5), read 0 mode Default
MOC-R4PCC04U05:490447:491091 [2] NCCL INFO New proxy recv connection 24 from local rank 2, transport 2
MOC-R4PCC04U05:490447:491887 [2] NCCL INFO Connected to proxy localRank 2 -> connection 0x7f3ae8005a70
MOC-R4PCC04U05:490447:491887 [2] NCCL INFO Channel 02/0 : 6[2] -> 2[2] [receive] via NET/IB/1/GDRDMA
MOC-R4PCC04U05:490447:491887 [2] NCCL INFO GPU Direct RDMA Enabled for GPU 2 / HCA 1 (distance 5 <= 5), read 0 mode Default
MOC-R4PCC04U05:490448:491090 [3] NCCL INFO New proxy send connection 12 from local rank 3, transport 0
MOC-R4PCC04U05:490448:491884 [3] NCCL INFO Connected to proxy localRank 3 -> connection 0x7f1ae40054d0
MOC-R4PCC04U05:490447:491091 [2] NCCL INFO New proxy recv connection 25 from local rank 2, transport 2
MOC-R4PCC04U05:490447:491887 [2] NCCL INFO Connected to proxy localRank 2 -> connection 0x7f3ae8005ae8
MOC-R4PCC04U05:490447:491887 [2] NCCL INFO Channel 03/0 : 6[2] -> 2[2] [receive] via NET/IB/1/GDRDMA
MOC-R4PCC04U05:490447:491887 [2] NCCL INFO GPU Direct RDMA Enabled for GPU 2 / HCA 1 (distance 5 <= 5), read 1 mode Default
MOC-R4PCC04U05:490447:491091 [2] NCCL INFO New proxy send connection 26 from local rank 2, transport 2
MOC-R4PCC04U05:490447:491887 [2] NCCL INFO Connected to proxy localRank 2 -> connection 0x7f3ae8005b60
MOC-R4PCC04U05:490447:491887 [2] NCCL INFO Channel 00/0 : 2[2] -> 10[2] [send] via NET/IB/1/GDRDMA
MOC-R4PCC04U05:490447:491887 [2] NCCL INFO GPU Direct RDMA Enabled for GPU 2 / HCA 1 (distance 5 <= 5), read 1 mode Default
MOC-R4PCC04U05:490447:491091 [2] NCCL INFO New proxy send connection 27 from local rank 2, transport 2
MOC-R4PCC04U05:490447:491887 [2] NCCL INFO Connected to proxy localRank 2 -> connection 0x7f3ae8005bd8
MOC-R4PCC04U05:490447:491887 [2] NCCL INFO Channel 01/0 : 2[2] -> 10[2] [send] via NET/IB/1/GDRDMA
MOC-R4PCC04U05:490447:491887 [2] NCCL INFO GPU Direct RDMA Enabled for GPU 2 / HCA 1 (distance 5 <= 5), read 1 mode Default
MOC-R4PCC04U05:490448:491090 [3] NCCL INFO New proxy send connection 13 from local rank 3, transport 0
MOC-R4PCC04U05:490448:491884 [3] NCCL INFO Connected to proxy localRank 3 -> connection 0x7f1ae4005548
MOC-R4PCC04U05:490447:491091 [2] NCCL INFO New proxy send connection 28 from local rank 2, transport 2
MOC-R4PCC04U05:490447:491887 [2] NCCL INFO Connected to proxy localRank 2 -> connection 0x7f3ae8005c50
MOC-R4PCC04U05:490447:491887 [2] NCCL INFO Channel 02/0 : 2[2] -> 10[2] [send] via NET/IB/1/GDRDMA
MOC-R4PCC04U05:490447:491887 [2] NCCL INFO GPU Direct RDMA Enabled for GPU 2 / HCA 1 (distance 5 <= 5), read 1 mode Default
MOC-R4PCC04U05:490447:491091 [2] NCCL INFO New proxy send connection 29 from local rank 2, transport 2
MOC-R4PCC04U05:490447:491887 [2] NCCL INFO Connected to proxy localRank 2 -> connection 0x7f3ae8005cc8
MOC-R4PCC04U05:490447:491887 [2] NCCL INFO Channel 03/0 : 2[2] -> 10[2] [send] via NET/IB/1/GDRDMA
MOC-R4PCC04U05:490447:491091 [2] NCCL INFO New proxy recv connection 30 from local rank 2, transport 0
MOC-R4PCC04U05:490447:491887 [2] NCCL INFO Connected to proxy localRank 2 -> connection 0x7f3ae8005d40
MOC-R4PCC04U05:490448:491090 [3] NCCL INFO New proxy send connection 14 from local rank 3, transport 0
MOC-R4PCC04U05:490448:491884 [3] NCCL INFO Connected to proxy localRank 3 -> connection 0x7f1ae40055c0
MOC-R4PCC04U05:490447:491091 [2] NCCL INFO New proxy recv connection 31 from local rank 2, transport 0
MOC-R4PCC04U05:490447:491887 [2] NCCL INFO Connected to proxy localRank 2 -> connection 0x7f3ae8005db8
MOC-R4PCC04U05:490448:491090 [3] NCCL INFO New proxy send connection 15 from local rank 3, transport 0
MOC-R4PCC04U05:490448:491884 [3] NCCL INFO Connected to proxy localRank 3 -> connection 0x7f1ae4005638
MOC-R4PCC04U05:490447:491091 [2] NCCL INFO New proxy recv connection 32 from local rank 2, transport 0
MOC-R4PCC04U05:490448:491090 [3] NCCL INFO New proxy send connection 16 from local rank 3, transport 0
MOC-R4PCC04U05:490447:491887 [2] NCCL INFO Connected to proxy localRank 2 -> connection 0x7f3ae8005e30
MOC-R4PCC04U05:490448:491884 [3] NCCL INFO Connected to proxy localRank 3 -> connection 0x7f1ae40056b0
MOC-R4PCC04U05:490447:491091 [2] NCCL INFO New proxy recv connection 33 from local rank 2, transport 0
MOC-R4PCC04U05:490447:491887 [2] NCCL INFO Connected to proxy localRank 2 -> connection 0x7f3ae8005ea8
MOC-R4PCC04U05:490448:491090 [3] NCCL INFO New proxy send connection 17 from local rank 2, transport 0
MOC-R4PCC04U05:490447:491887 [2] NCCL INFO Connected to proxy localRank 3 -> connection 0x7f1ae4005728
MOC-R4PCC04U05:490447:491091 [2] NCCL INFO NET/IB: NCCL Dev 1 IbDev 0 Port 1 qpn 7426 mtu 3 query_ece={supported=1, vendor_id=0x15b3, options=0x30000002, comp_mask=0x0} GID 3 (0/C132A8C0FFFF0000) fifoRkey=0x17b878 fifoLkey=0x17b878
MOC-R4PCC04U05:490447:491091 [2] NCCL INFO NET/IB: NCCL Dev 1 IbDev 0 Port 1 qpn 7427 mtu 3 query_ece={supported=1, vendor_id=0x15b3, options=0x30000002, comp_mask=0x0} GID 3 (0/C132A8C0FFFF0000) fifoRkey=0x17e5a4 fifoLkey=0x17e5a4
MOC-R4PCC04U05:490447:491091 [2] NCCL INFO NET/IB: NCCL Dev 1 IbDev 0 Port 1 qpn 7430 mtu 3 query_ece={supported=1, vendor_id=0x15b3, options=0x30000002, comp_mask=0x0} GID 3 (0/C132A8C0FFFF0000) fifoRkey=0x17da99 fifoLkey=0x17da99
MOC-R4PCC04U05:490447:491091 [2] NCCL INFO NET/IB: IbDev 0 Port 1 qpn 7590 set_ece={supported=1, vendor_id=0x15b3, options=0x0, comp_mask=0x0}
MOC-R4PCC04U05:490447:491091 [2] NCCL INFO NET/IB: IbDev 0 Port 1 qpn 7592 set_ece={supported=1, vendor_id=0x15b3, options=0x0, comp_mask=0x0}
MOC-R4PCC04U05:490447:491091 [2] NCCL INFO NET/IB: IbDev 0 Port 1 qpn 3347 set_ece={supported=1, vendor_id=0x15b3, options=0x0, comp_mask=0x0}
MOC-R4PCC04U05:490447:491091 [2] NCCL INFO NET/IB: NCCL Dev 1 IbDev 0 Port 1 qpn 7435 mtu 3 query_ece={supported=1, vendor_id=0x15b3, options=0x30000002, comp_mask=0x0} GID 3 (0/C132A8C0FFFF0000) fifoRkey=0x17d190 fifoLkey=0x17d190
MOC-R4PCC04U05:490447:491091 [2] NCCL INFO NET/IB: NCCL Dev 1 IbDev 0 Port 1 qpn 7436 mtu 3 query_ece={supported=1, vendor_id=0x15b3, options=0x30000002, comp_mask=0x0} GID 3 (0/C132A8C0FFFF0000) fifoRkey=0x17601f fifoLkey=0x17601f
MOC-R4PCC04U05:490447:491091 [2] NCCL INFO NET/IB: IbDev 0 Port 1 qpn 3350 set_ece={supported=1, vendor_id=0x15b3, options=0x0, comp_mask=0x0}
MOC-R4PCC04U05:490447:491091 [2] NCCL INFO NET/IB: IbDev 0 Port 1 qpn 3352 set_ece={supported=1, vendor_id=0x15b3, options=0x0, comp_mask=0x0}
MOC-R4PCC04U05:490447:491091 [2] NCCL INFO NET/IB: NCCL Dev 1 IbDev 0 Port 1 qpn 7439 mtu 3 query_ece={supported=1, vendor_id=0x15b3, options=0x30000002, comp_mask=0x0} GID 3 (0/C132A8C0FFFF0000) fifoRkey=0x17dc9b fifoLkey=0x17dc9b
MOC-R4PCC04U05:490447:491091 [2] NCCL INFO NET/IB: IbDev 0 Port 1 qpn 3354 set_ece={supported=1, vendor_id=0x15b3, options=0x0, comp_mask=0x0}
step    1/10 | train loss 11.010138 | norm 15.3935 | lr 1.00e-04 | (14306.81 ms | 109938 tok/s)
step    2/10 | train loss 10.136946 | norm 5.7599 | lr 1.00e-04 | (370.92 ms | 4240443 tok/s)
step    3/10 | train loss 9.795641 | norm 2.6109 | lr 1.00e-04 | (366.34 ms | 4293505 tok/s)
step    4/10 | train loss 9.625731 | norm 2.1127 | lr 1.00e-04 | (366.86 ms | 4287386 tok/s)
step    5/10 | train loss 9.542713 | norm 2.1073 | lr 1.00e-04 | (367.98 ms | 4274369 tok/s)
step    6/10 | train loss 9.461393 | norm 1.9981 | lr 1.00e-04 | (368.79 ms | 4264916 tok/s)
step    7/10 | train loss 9.375809 | norm 1.9481 | lr 1.00e-04 | (369.84 ms | 4252827 tok/s)
step    8/10 | train loss 9.284138 | norm 1.9149 | lr 1.00e-04 | (383.79 ms | 4098208 tok/s)
step    9/10 | train loss 9.188794 | norm 1.8598 | lr 1.00e-04 | (373.63 ms | 4209629 tok/s)
step   10/10 | train loss 9.103305 | norm 1.7929 | lr 1.00e-04 | (380.02 ms | 4138915 tok/s)
final 9 iters avg: 372.019ms
peak memory consumption: 16601 MiB
