Running pytorch 2.7.0+cu126
using device: cuda:0
total desired batch size: 1179648
=> calculated gradient accumulation steps: 3
using device: cuda:2
using device: cuda:1
using device: cuda:3
compiling the model...
DataLoader: total number of tokens: 1,661,249,667 across 103 files
MOC-R4PCC04U05:599590:599590 [0] NCCL INFO NCCL_SOCKET_IFNAME set to eno7np0
MOC-R4PCC04U05:599590:599590 [0] NCCL INFO NCCL version 2.26.2+cuda12.2
MOC-R4PCC04U05:599591:599591 [1] NCCL INFO NCCL_SOCKET_IFNAME set to eno7np0
MOC-R4PCC04U05:599591:599591 [1] NCCL INFO NCCL version 2.26.2+cuda12.2
MOC-R4PCC04U05:599592:599592 [2] NCCL INFO NCCL_SOCKET_IFNAME set to eno7np0
MOC-R4PCC04U05:599592:599592 [2] NCCL INFO NCCL version 2.26.2+cuda12.2
MOC-R4PCC04U05:599590:599696 [0] NCCL INFO NET/Plugin: Could not find: libnccl-net.so. Using internal net plugin.
MOC-R4PCC04U05:599590:599696 [0] NCCL INFO NET/Socket : Using [0]eno7np0:192.168.50.193<0>
MOC-R4PCC04U05:599593:599593 [3] NCCL INFO NCCL_SOCKET_IFNAME set to eno7np0
MOC-R4PCC04U05:599593:599593 [3] NCCL INFO NCCL version 2.26.2+cuda12.2
MOC-R4PCC04U05:599592:599719 [2] NCCL INFO NET/Plugin: Could not find: libnccl-net.so. Using internal net plugin.
MOC-R4PCC04U05:599592:599719 [2] NCCL INFO NET/Socket : Using [0]eno7np0:192.168.50.193<0>
MOC-R4PCC04U05:599591:599718 [1] NCCL INFO NET/Plugin: Could not find: libnccl-net.so. Using internal net plugin.
MOC-R4PCC04U05:599591:599718 [1] NCCL INFO NET/Socket : Using [0]eno7np0:192.168.50.193<0>
MOC-R4PCC04U05:599593:599720 [3] NCCL INFO NET/Plugin: Could not find: libnccl-net.so. Using internal net plugin.
MOC-R4PCC04U05:599593:599720 [3] NCCL INFO NET/Socket : Using [0]eno7np0:192.168.50.193<0>
MOC-R4PCC04U05:599591:599718 [1] NCCL INFO NET/Socket : GPU Direct RDMA Disabled for HCA 0 'eno7np0'
MOC-R4PCC04U05:599590:599696 [0] NCCL INFO NET/Socket : GPU Direct RDMA Disabled for HCA 0 'eno7np0'
MOC-R4PCC04U05:599593:599720 [3] NCCL INFO NET/Socket : GPU Direct RDMA Disabled for HCA 0 'eno7np0'
MOC-R4PCC04U05:599592:599719 [2] NCCL INFO NET/Socket : GPU Direct RDMA Disabled for HCA 0 'eno7np0'
MOC-R4PCC04U05:599592:599729 [2] NCCL INFO New proxy recv connection 0 from local rank 2, transport 0
MOC-R4PCC04U05:599591:599730 [1] NCCL INFO New proxy recv connection 0 from local rank 1, transport 0
MOC-R4PCC04U05:599592:599738 [2] NCCL INFO Connected to proxy localRank 2 -> connection 0x7f42c8004f30
MOC-R4PCC04U05:599591:599737 [1] NCCL INFO Connected to proxy localRank 1 -> connection 0x7f01ec004f30
MOC-R4PCC04U05:599592:599729 [2] NCCL INFO New proxy recv connection 1 from local rank 2, transport 0
MOC-R4PCC04U05:599592:599738 [2] NCCL INFO Connected to proxy localRank 2 -> connection 0x7f42c8004fa8
MOC-R4PCC04U05:599591:599730 [1] NCCL INFO New proxy recv connection 1 from local rank 1, transport 0
MOC-R4PCC04U05:599591:599737 [1] NCCL INFO Connected to proxy localRank 1 -> connection 0x7f01ec004fa8
MOC-R4PCC04U05:599590:599732 [0] NCCL INFO New proxy send connection 0 from local rank 0, transport 0
MOC-R4PCC04U05:599590:599739 [0] NCCL INFO Connected to proxy localRank 0 -> connection 0x7f5df4004f30
MOC-R4PCC04U05:599590:599732 [0] NCCL INFO New proxy send connection 1 from local rank 0, transport 0
MOC-R4PCC04U05:599590:599739 [0] NCCL INFO Connected to proxy localRank 0 -> connection 0x7f5df4004fa8
MOC-R4PCC04U05:599590:599732 [0] NCCL INFO New proxy send connection 2 from local rank 0, transport 0
MOC-R4PCC04U05:599590:599739 [0] NCCL INFO Connected to proxy localRank 0 -> connection 0x7f5df4005020
MOC-R4PCC04U05:599590:599732 [0] NCCL INFO New proxy send connection 3 from local rank 0, transport 0
MOC-R4PCC04U05:599590:599739 [0] NCCL INFO Connected to proxy localRank 0 -> connection 0x7f5df4005098
MOC-R4PCC04U05:599593:599733 [3] NCCL INFO New proxy recv connection 0 from local rank 3, transport 0
MOC-R4PCC04U05:599593:599740 [3] NCCL INFO Connected to proxy localRank 3 -> connection 0x7f91e0004f30
MOC-R4PCC04U05:599593:599733 [3] NCCL INFO New proxy recv connection 1 from local rank 3, transport 0
MOC-R4PCC04U05:599593:599740 [3] NCCL INFO Connected to proxy localRank 3 -> connection 0x7f91e0004fa8
MOC-R4PCC04U05:599592:599729 [2] NCCL INFO New proxy recv connection 2 from local rank 2, transport 2
MOC-R4PCC04U05:599592:599738 [2] NCCL INFO Connected to proxy localRank 2 -> connection 0x7f42c8005020
MOC-R4PCC04U05:599592:599738 [2] NCCL INFO Channel 00/0 : 11[3] -> 2[2] [receive] via NET/Socket/0
MOC-R4PCC04U05:599592:599729 [2] NCCL INFO New proxy recv connection 3 from local rank 2, transport 2
MOC-R4PCC04U05:599592:599738 [2] NCCL INFO Connected to proxy localRank 2 -> connection 0x7f42c8005098
MOC-R4PCC04U05:599592:599738 [2] NCCL INFO Channel 02/0 : 11[3] -> 2[2] [receive] via NET/Socket/0
MOC-R4PCC04U05:599593:599733 [3] NCCL INFO New proxy send connection 2 from local rank 3, transport 2
MOC-R4PCC04U05:599593:599740 [3] NCCL INFO Connected to proxy localRank 3 -> connection 0x7f91e0005020
MOC-R4PCC04U05:599593:599740 [3] NCCL INFO Channel 00/0 : 3[3] -> 6[2] [send] via NET/Socket/0
MOC-R4PCC04U05:599593:599733 [3] NCCL INFO New proxy send connection 3 from local rank 3, transport 2
MOC-R4PCC04U05:599593:599740 [3] NCCL INFO Connected to proxy localRank 3 -> connection 0x7f91e0005098
MOC-R4PCC04U05:599593:599740 [3] NCCL INFO Channel 02/0 : 3[3] -> 6[2] [send] via NET/Socket/0
MOC-R4PCC04U05:599590:599732 [0] NCCL INFO New proxy recv connection 4 from local rank 0, transport 0
MOC-R4PCC04U05:599590:599739 [0] NCCL INFO Connected to proxy localRank 0 -> connection 0x7f5df4005110
MOC-R4PCC04U05:599590:599732 [0] NCCL INFO New proxy recv connection 5 from local rank 0, transport 0
MOC-R4PCC04U05:599590:599739 [0] NCCL INFO Connected to proxy localRank 0 -> connection 0x7f5df4005188
MOC-R4PCC04U05:599590:599732 [0] NCCL INFO New proxy recv connection 6 from local rank 0, transport 0
MOC-R4PCC04U05:599590:599739 [0] NCCL INFO Connected to proxy localRank 0 -> connection 0x7f5df4005200
MOC-R4PCC04U05:599590:599732 [0] NCCL INFO New proxy recv connection 7 from local rank 0, transport 0
MOC-R4PCC04U05:599590:599739 [0] NCCL INFO Connected to proxy localRank 0 -> connection 0x7f5df4005278
MOC-R4PCC04U05:599593:599733 [3] NCCL INFO New proxy recv connection 4 from local rank 3, transport 2
MOC-R4PCC04U05:599593:599740 [3] NCCL INFO Connected to proxy localRank 3 -> connection 0x7f91e0005110
MOC-R4PCC04U05:599593:599740 [3] NCCL INFO Channel 01/0 : 10[2] -> 3[3] [receive] via NET/Socket/0
MOC-R4PCC04U05:599593:599733 [3] NCCL INFO New proxy recv connection 5 from local rank 3, transport 2
MOC-R4PCC04U05:599593:599740 [3] NCCL INFO Connected to proxy localRank 3 -> connection 0x7f91e0005188
MOC-R4PCC04U05:599593:599740 [3] NCCL INFO Channel 03/0 : 10[2] -> 3[3] [receive] via NET/Socket/0
MOC-R4PCC04U05:599593:599733 [3] NCCL INFO New proxy send connection 6 from local rank 3, transport 0
MOC-R4PCC04U05:599593:599740 [3] NCCL INFO Connected to proxy localRank 3 -> connection 0x7f91e0005200
MOC-R4PCC04U05:599593:599733 [3] NCCL INFO New proxy send connection 7 from local rank 3, transport 0
MOC-R4PCC04U05:599593:599740 [3] NCCL INFO Connected to proxy localRank 3 -> connection 0x7f91e0005278
MOC-R4PCC04U05:599590:599732 [0] NCCL INFO New proxy send connection 8 from local rank 3, transport 0
MOC-R4PCC04U05:599591:599730 [1] NCCL INFO New proxy recv connection 2 from local rank 1, transport 0
MOC-R4PCC04U05:599591:599737 [1] NCCL INFO Connected to proxy localRank 1 -> connection 0x7f01ec005020
MOC-R4PCC04U05:599593:599740 [3] NCCL INFO Connected to proxy localRank 0 -> connection 0x7f5df40052f0
MOC-R4PCC04U05:599591:599730 [1] NCCL INFO New proxy recv connection 3 from local rank 1, transport 0
MOC-R4PCC04U05:599591:599737 [1] NCCL INFO Connected to proxy localRank 1 -> connection 0x7f01ec005098
MOC-R4PCC04U05:599591:599730 [1] NCCL INFO New proxy send connection 4 from local rank 1, transport 0
MOC-R4PCC04U05:599591:599737 [1] NCCL INFO Connected to proxy localRank 1 -> connection 0x7f01ec005110
MOC-R4PCC04U05:599592:599729 [2] NCCL INFO New proxy send connection 4 from local rank 2, transport 2
MOC-R4PCC04U05:599592:599738 [2] NCCL INFO Connected to proxy localRank 2 -> connection 0x7f42c8005110
MOC-R4PCC04U05:599592:599738 [2] NCCL INFO Channel 01/0 : 2[2] -> 7[3] [send] via NET/Socket/0
MOC-R4PCC04U05:599592:599729 [2] NCCL INFO New proxy send connection 5 from local rank 2, transport 2
MOC-R4PCC04U05:599592:599738 [2] NCCL INFO Connected to proxy localRank 2 -> connection 0x7f42c8005188
MOC-R4PCC04U05:599592:599738 [2] NCCL INFO Channel 03/0 : 2[2] -> 7[3] [send] via NET/Socket/0
MOC-R4PCC04U05:599592:599729 [2] NCCL INFO New proxy send connection 6 from local rank 2, transport 0
MOC-R4PCC04U05:599592:599738 [2] NCCL INFO Connected to proxy localRank 2 -> connection 0x7f42c8005200
MOC-R4PCC04U05:599591:599730 [1] NCCL INFO New proxy send connection 5 from local rank 1, transport 0
MOC-R4PCC04U05:599591:599737 [1] NCCL INFO Connected to proxy localRank 1 -> connection 0x7f01ec005188
MOC-R4PCC04U05:599591:599730 [1] NCCL INFO New proxy send connection 6 from local rank 1, transport 0
MOC-R4PCC04U05:599591:599737 [1] NCCL INFO Connected to proxy localRank 1 -> connection 0x7f01ec005200
MOC-R4PCC04U05:599592:599729 [2] NCCL INFO New proxy send connection 7 from local rank 2, transport 0
MOC-R4PCC04U05:599592:599738 [2] NCCL INFO Connected to proxy localRank 2 -> connection 0x7f42c8005278
MOC-R4PCC04U05:599591:599730 [1] NCCL INFO New proxy send connection 7 from local rank 1, transport 0
MOC-R4PCC04U05:599591:599737 [1] NCCL INFO Connected to proxy localRank 1 -> connection 0x7f01ec005278
MOC-R4PCC04U05:599590:599732 [0] NCCL INFO New proxy send connection 9 from local rank 2, transport 0
MOC-R4PCC04U05:599592:599738 [2] NCCL INFO Connected to proxy localRank 0 -> connection 0x7f5df4005368
MOC-R4PCC04U05:599592:599729 [2] NCCL INFO New proxy send connection 8 from local rank 0, transport 0
MOC-R4PCC04U05:599590:599739 [0] NCCL INFO Connected to proxy localRank 2 -> connection 0x7f42c80052f0
MOC-R4PCC04U05:599591:599730 [1] NCCL INFO New proxy send connection 8 from local rank 3, transport 0
MOC-R4PCC04U05:599593:599740 [3] NCCL INFO Connected to proxy localRank 1 -> connection 0x7f01ec0052f0
MOC-R4PCC04U05:599593:599733 [3] NCCL INFO New proxy send connection 8 from local rank 1, transport 0
MOC-R4PCC04U05:599591:599737 [1] NCCL INFO Connected to proxy localRank 3 -> connection 0x7f91e00052f0
MOC-R4PCC04U05:599591:599730 [1] NCCL INFO New proxy send connection 9 from local rank 2, transport 0
MOC-R4PCC04U05:599592:599738 [2] NCCL INFO Connected to proxy localRank 1 -> connection 0x7f01ec005368
MOC-R4PCC04U05:599593:599733 [3] NCCL INFO New proxy send connection 9 from local rank 0, transport 0
MOC-R4PCC04U05:599590:599739 [0] NCCL INFO Connected to proxy localRank 3 -> connection 0x7f91e0005368
MOC-R4PCC04U05:599590:599732 [0] NCCL INFO New proxy send connection 10 from local rank 1, transport 0
MOC-R4PCC04U05:599591:599737 [1] NCCL INFO Connected to proxy localRank 0 -> connection 0x7f5df40053e0
MOC-R4PCC04U05:599591:599730 [1] NCCL INFO New proxy send connection 10 from local rank 0, transport 0
MOC-R4PCC04U05:599590:599739 [0] NCCL INFO Connected to proxy localRank 1 -> connection 0x7f01ec0053e0
MOC-R4PCC04U05:599592:599729 [2] NCCL INFO New proxy send connection 9 from local rank 1, transport 0
MOC-R4PCC04U05:599591:599737 [1] NCCL INFO Connected to proxy localRank 2 -> connection 0x7f42c8005368
num decayed parameter tensors: 50, with 124,318,464 parameters
num non-decayed parameter tensors: 98, with 121,344 parameters
using fused AdamW: False
using regular AdamW
MOC-R4PCC04U05:599590:599732 [0] NCCL INFO New proxy send connection 11 from local rank 0, transport 0
MOC-R4PCC04U05:599590:600440 [0] NCCL INFO Connected to proxy localRank 0 -> connection 0x7f5df4005458
MOC-R4PCC04U05:599590:599732 [0] NCCL INFO New proxy send connection 12 from local rank 0, transport 0
MOC-R4PCC04U05:599590:600440 [0] NCCL INFO Connected to proxy localRank 0 -> connection 0x7f5df40054d0
MOC-R4PCC04U05:599590:599732 [0] NCCL INFO New proxy send connection 13 from local rank 0, transport 0
MOC-R4PCC04U05:599590:600440 [0] NCCL INFO Connected to proxy localRank 0 -> connection 0x7f5df4005548
MOC-R4PCC04U05:599590:599732 [0] NCCL INFO New proxy send connection 14 from local rank 0, transport 0
MOC-R4PCC04U05:599590:600440 [0] NCCL INFO Connected to proxy localRank 0 -> connection 0x7f5df40055c0
MOC-R4PCC04U05:599593:599733 [3] NCCL INFO New proxy recv connection 10 from local rank 3, transport 0
MOC-R4PCC04U05:599593:600441 [3] NCCL INFO Connected to proxy localRank 3 -> connection 0x7f91e00053e0
MOC-R4PCC04U05:599593:599733 [3] NCCL INFO New proxy recv connection 11 from local rank 3, transport 0
MOC-R4PCC04U05:599593:600441 [3] NCCL INFO Connected to proxy localRank 3 -> connection 0x7f91e0005458
MOC-R4PCC04U05:599591:599730 [1] NCCL INFO New proxy recv connection 11 from local rank 1, transport 0
MOC-R4PCC04U05:599591:600442 [1] NCCL INFO Connected to proxy localRank 1 -> connection 0x7f01ec005458
MOC-R4PCC04U05:599591:599730 [1] NCCL INFO New proxy recv connection 12 from local rank 1, transport 0
MOC-R4PCC04U05:599591:600442 [1] NCCL INFO Connected to proxy localRank 1 -> connection 0x7f01ec0054d0
MOC-R4PCC04U05:599592:599729 [2] NCCL INFO New proxy recv connection 10 from local rank 2, transport 0
MOC-R4PCC04U05:599591:599730 [1] NCCL INFO New proxy recv connection 13 from local rank 1, transport 0
MOC-R4PCC04U05:599591:600442 [1] NCCL INFO Connected to proxy localRank 1 -> connection 0x7f01ec005548
MOC-R4PCC04U05:599592:600443 [2] NCCL INFO Connected to proxy localRank 2 -> connection 0x7f42c80053e0
MOC-R4PCC04U05:599591:599730 [1] NCCL INFO New proxy recv connection 14 from local rank 1, transport 0
MOC-R4PCC04U05:599591:600442 [1] NCCL INFO Connected to proxy localRank 1 -> connection 0x7f01ec0055c0
MOC-R4PCC04U05:599592:599729 [2] NCCL INFO New proxy recv connection 11 from local rank 2, transport 0
MOC-R4PCC04U05:599592:600443 [2] NCCL INFO Connected to proxy localRank 2 -> connection 0x7f42c8005458
MOC-R4PCC04U05:599591:599730 [1] NCCL INFO New proxy send connection 15 from local rank 1, transport 0
MOC-R4PCC04U05:599591:600442 [1] NCCL INFO Connected to proxy localRank 1 -> connection 0x7f01ec005638
MOC-R4PCC04U05:599592:599729 [2] NCCL INFO New proxy recv connection 12 from local rank 2, transport 0
MOC-R4PCC04U05:599592:600443 [2] NCCL INFO Connected to proxy localRank 2 -> connection 0x7f42c80054d0
MOC-R4PCC04U05:599591:599730 [1] NCCL INFO New proxy send connection 16 from local rank 1, transport 0
MOC-R4PCC04U05:599591:600442 [1] NCCL INFO Connected to proxy localRank 1 -> connection 0x7f01ec0056b0
MOC-R4PCC04U05:599592:599729 [2] NCCL INFO New proxy recv connection 13 from local rank 2, transport 0
MOC-R4PCC04U05:599591:599730 [1] NCCL INFO New proxy send connection 17 from local rank 1, transport 0
MOC-R4PCC04U05:599592:600443 [2] NCCL INFO Connected to proxy localRank 2 -> connection 0x7f42c8005548
MOC-R4PCC04U05:599591:600442 [1] NCCL INFO Connected to proxy localRank 1 -> connection 0x7f01ec005728
MOC-R4PCC04U05:599591:599730 [1] NCCL INFO New proxy send connection 18 from local rank 1, transport 0
MOC-R4PCC04U05:599591:600442 [1] NCCL INFO Connected to proxy localRank 1 -> connection 0x7f01ec0057a0
MOC-R4PCC04U05:599592:599729 [2] NCCL INFO New proxy send connection 14 from local rank 2, transport 0
MOC-R4PCC04U05:599592:600443 [2] NCCL INFO Connected to proxy localRank 2 -> connection 0x7f42c80055c0
MOC-R4PCC04U05:599590:599732 [0] NCCL INFO New proxy send connection 15 from local rank 0, transport 0
MOC-R4PCC04U05:599591:599730 [1] NCCL INFO New proxy recv connection 19 from local rank 1, transport 0
MOC-R4PCC04U05:599591:600442 [1] NCCL INFO Connected to proxy localRank 1 -> connection 0x7f01ec005818
MOC-R4PCC04U05:599590:600440 [0] NCCL INFO Connected to proxy localRank 0 -> connection 0x7f5df4005638
MOC-R4PCC04U05:599592:599729 [2] NCCL INFO New proxy send connection 15 from local rank 2, transport 0
MOC-R4PCC04U05:599592:600443 [2] NCCL INFO Connected to proxy localRank 2 -> connection 0x7f42c8005638
MOC-R4PCC04U05:599591:599730 [1] NCCL INFO New proxy recv connection 20 from local rank 1, transport 0
MOC-R4PCC04U05:599591:600442 [1] NCCL INFO Connected to proxy localRank 1 -> connection 0x7f01ec005890
MOC-R4PCC04U05:599590:599732 [0] NCCL INFO New proxy send connection 16 from local rank 0, transport 0
MOC-R4PCC04U05:599590:600440 [0] NCCL INFO Connected to proxy localRank 0 -> connection 0x7f5df40056b0
MOC-R4PCC04U05:599590:599732 [0] NCCL INFO New proxy recv connection 17 from local rank 0, transport 0
MOC-R4PCC04U05:599590:600440 [0] NCCL INFO Connected to proxy localRank 0 -> connection 0x7f5df4005728
MOC-R4PCC04U05:599593:599733 [3] NCCL INFO New proxy recv connection 12 from local rank 3, transport 2
MOC-R4PCC04U05:599593:600441 [3] NCCL INFO Connected to proxy localRank 3 -> connection 0x7f91e00054d0
MOC-R4PCC04U05:599593:600441 [3] NCCL INFO Channel 00/0 : 11[3] -> 3[3] [receive] via NET/Socket/0
MOC-R4PCC04U05:599593:599733 [3] NCCL INFO New proxy recv connection 13 from local rank 3, transport 2
MOC-R4PCC04U05:599593:600441 [3] NCCL INFO Connected to proxy localRank 3 -> connection 0x7f91e0005548
MOC-R4PCC04U05:599590:599732 [0] NCCL INFO New proxy recv connection 18 from local rank 0, transport 0
MOC-R4PCC04U05:599590:600440 [0] NCCL INFO Connected to proxy localRank 0 -> connection 0x7f5df40057a0
MOC-R4PCC04U05:599593:600441 [3] NCCL INFO Channel 01/0 : 11[3] -> 3[3] [receive] via NET/Socket/0
MOC-R4PCC04U05:599593:599733 [3] NCCL INFO New proxy recv connection 14 from local rank 3, transport 2
MOC-R4PCC04U05:599593:600441 [3] NCCL INFO Connected to proxy localRank 3 -> connection 0x7f91e00055c0
MOC-R4PCC04U05:599593:600441 [3] NCCL INFO Channel 02/0 : 11[3] -> 3[3] [receive] via NET/Socket/0
MOC-R4PCC04U05:599593:599733 [3] NCCL INFO New proxy recv connection 15 from local rank 3, transport 2
MOC-R4PCC04U05:599593:600441 [3] NCCL INFO Connected to proxy localRank 3 -> connection 0x7f91e0005638
MOC-R4PCC04U05:599593:600441 [3] NCCL INFO Channel 03/0 : 11[3] -> 3[3] [receive] via NET/Socket/0
MOC-R4PCC04U05:599593:599733 [3] NCCL INFO New proxy send connection 16 from local rank 3, transport 2
MOC-R4PCC04U05:599593:600441 [3] NCCL INFO Connected to proxy localRank 3 -> connection 0x7f91e00056b0
MOC-R4PCC04U05:599590:599732 [0] NCCL INFO New proxy recv connection 19 from local rank 0, transport 0
MOC-R4PCC04U05:599593:600441 [3] NCCL INFO Channel 02/0 : 3[3] -> 7[3] [send] via NET/Socket/0
MOC-R4PCC04U05:599590:600440 [0] NCCL INFO Connected to proxy localRank 0 -> connection 0x7f5df4005818
MOC-R4PCC04U05:599593:599733 [3] NCCL INFO New proxy send connection 17 from local rank 3, transport 2
MOC-R4PCC04U05:599593:600441 [3] NCCL INFO Connected to proxy localRank 3 -> connection 0x7f91e0005728
MOC-R4PCC04U05:599593:600441 [3] NCCL INFO Channel 03/0 : 3[3] -> 7[3] [send] via NET/Socket/0
MOC-R4PCC04U05:599590:599732 [0] NCCL INFO New proxy recv connection 20 from local rank 0, transport 0
MOC-R4PCC04U05:599590:600440 [0] NCCL INFO Connected to proxy localRank 0 -> connection 0x7f5df4005890
MOC-R4PCC04U05:599593:599733 [3] NCCL INFO New proxy recv connection 18 from local rank 3, transport 2
MOC-R4PCC04U05:599593:600441 [3] NCCL INFO Connected to proxy localRank 3 -> connection 0x7f91e00057a0
MOC-R4PCC04U05:599593:600441 [3] NCCL INFO Channel 02/0 : 7[3] -> 3[3] [receive] via NET/Socket/0
MOC-R4PCC04U05:599593:599733 [3] NCCL INFO New proxy recv connection 19 from local rank 3, transport 2
MOC-R4PCC04U05:599593:600441 [3] NCCL INFO Connected to proxy localRank 3 -> connection 0x7f91e0005818
MOC-R4PCC04U05:599593:600441 [3] NCCL INFO Channel 03/0 : 7[3] -> 3[3] [receive] via NET/Socket/0
MOC-R4PCC04U05:599593:599733 [3] NCCL INFO New proxy send connection 20 from local rank 3, transport 2
MOC-R4PCC04U05:599593:600441 [3] NCCL INFO Connected to proxy localRank 3 -> connection 0x7f91e0005890
MOC-R4PCC04U05:599593:600441 [3] NCCL INFO Channel 00/0 : 3[3] -> 11[3] [send] via NET/Socket/0
MOC-R4PCC04U05:599593:599733 [3] NCCL INFO New proxy send connection 21 from local rank 3, transport 2
MOC-R4PCC04U05:599593:600441 [3] NCCL INFO Connected to proxy localRank 3 -> connection 0x7f91e0005908
MOC-R4PCC04U05:599593:600441 [3] NCCL INFO Channel 01/0 : 3[3] -> 11[3] [send] via NET/Socket/0
MOC-R4PCC04U05:599593:599733 [3] NCCL INFO New proxy send connection 22 from local rank 3, transport 2
MOC-R4PCC04U05:599593:600441 [3] NCCL INFO Connected to proxy localRank 3 -> connection 0x7f91e0005980
MOC-R4PCC04U05:599593:600441 [3] NCCL INFO Channel 02/0 : 3[3] -> 11[3] [send] via NET/Socket/0
MOC-R4PCC04U05:599593:599733 [3] NCCL INFO New proxy send connection 23 from local rank 3, transport 2
MOC-R4PCC04U05:599593:600441 [3] NCCL INFO Connected to proxy localRank 3 -> connection 0x7f91e00059f8
MOC-R4PCC04U05:599593:600441 [3] NCCL INFO Channel 03/0 : 3[3] -> 11[3] [send] via NET/Socket/0
MOC-R4PCC04U05:599593:599733 [3] NCCL INFO New proxy send connection 24 from local rank 3, transport 0
MOC-R4PCC04U05:599593:600441 [3] NCCL INFO Connected to proxy localRank 3 -> connection 0x7f91e0005a70
MOC-R4PCC04U05:599593:599733 [3] NCCL INFO New proxy send connection 25 from local rank 3, transport 0
MOC-R4PCC04U05:599593:600441 [3] NCCL INFO Connected to proxy localRank 3 -> connection 0x7f91e0005ae8
MOC-R4PCC04U05:599593:599733 [3] NCCL INFO New proxy send connection 26 from local rank 3, transport 0
MOC-R4PCC04U05:599593:600441 [3] NCCL INFO Connected to proxy localRank 3 -> connection 0x7f91e0005b60
MOC-R4PCC04U05:599593:599733 [3] NCCL INFO New proxy send connection 27 from local rank 3, transport 0
MOC-R4PCC04U05:599593:600441 [3] NCCL INFO Connected to proxy localRank 3 -> connection 0x7f91e0005bd8
step    1/10 | train loss 11.010328 | norm 15.4838 | lr 1.00e-04 | (14080.60 ms | 83778 tok/s)
step    2/10 | train loss 10.133748 | norm 5.7668 | lr 1.00e-04 | (395.43 ms | 2983179 tok/s)
step    3/10 | train loss 9.791649 | norm 2.6214 | lr 1.00e-04 | (389.59 ms | 3027894 tok/s)
step    4/10 | train loss 9.621452 | norm 2.1220 | lr 1.00e-04 | (390.91 ms | 3017687 tok/s)
step    5/10 | train loss 9.538275 | norm 2.1105 | lr 1.00e-04 | (389.16 ms | 3031236 tok/s)
step    6/10 | train loss 9.456855 | norm 2.0044 | lr 1.00e-04 | (393.78 ms | 2995703 tok/s)
step    7/10 | train loss 9.371299 | norm 1.9533 | lr 1.00e-04 | (391.76 ms | 3011151 tok/s)
step    8/10 | train loss 9.279752 | norm 1.9214 | lr 1.00e-04 | (392.36 ms | 3006511 tok/s)
step    9/10 | train loss 9.184244 | norm 1.8719 | lr 1.00e-04 | (391.37 ms | 3014135 tok/s)
step   10/10 | train loss 9.096456 | norm 1.7977 | lr 1.00e-04 | (398.61 ms | 2959437 tok/s)
final 9 iters avg: 392.554ms
peak memory consumption: 16601 MiB
