Running pytorch 2.7.0+cu126
using device: cuda:0
total desired batch size: 786432
=> calculated gradient accumulation steps: 2
using device: cuda:2
using device: cuda:1
using device: cuda:3
compiling the model...
DataLoader: total number of tokens: 1,661,249,667 across 103 files
MOC-R4PCC04U05:598698:598698 [0] NCCL INFO NCCL_SOCKET_IFNAME set to eno7np0
MOC-R4PCC04U05:598698:598698 [0] NCCL INFO NCCL version 2.26.2+cuda12.2
MOC-R4PCC04U05:598701:598701 [3] NCCL INFO NCCL_SOCKET_IFNAME set to eno7np0
MOC-R4PCC04U05:598701:598701 [3] NCCL INFO NCCL version 2.26.2+cuda12.2
MOC-R4PCC04U05:598700:598700 [2] NCCL INFO NCCL_SOCKET_IFNAME set to eno7np0
MOC-R4PCC04U05:598700:598700 [2] NCCL INFO NCCL version 2.26.2+cuda12.2
MOC-R4PCC04U05:598699:598699 [1] NCCL INFO NCCL_SOCKET_IFNAME set to eno7np0
MOC-R4PCC04U05:598699:598699 [1] NCCL INFO NCCL version 2.26.2+cuda12.2
MOC-R4PCC04U05:598698:598823 [0] NCCL INFO NET/Plugin: Could not find: libnccl-net.so. Using internal net plugin.
MOC-R4PCC04U05:598698:598823 [0] NCCL INFO NCCL_IB_HCA set to mlx5_5
MOC-R4PCC04U05:598701:598824 [3] NCCL INFO NET/Plugin: Could not find: libnccl-net.so. Using internal net plugin.
MOC-R4PCC04U05:598700:598826 [2] NCCL INFO NET/Plugin: Could not find: libnccl-net.so. Using internal net plugin.
MOC-R4PCC04U05:598701:598824 [3] NCCL INFO NCCL_IB_HCA set to mlx5_5
MOC-R4PCC04U05:598699:598825 [1] NCCL INFO NET/Plugin: Could not find: libnccl-net.so. Using internal net plugin.
MOC-R4PCC04U05:598700:598826 [2] NCCL INFO NCCL_IB_HCA set to mlx5_5
MOC-R4PCC04U05:598699:598825 [1] NCCL INFO NCCL_IB_HCA set to mlx5_5
MOC-R4PCC04U05:598698:598823 [0] NCCL INFO NET/IB : Made virtual device [0] name=mlx5_5 speed=400000 ndevs=1
MOC-R4PCC04U05:598698:598823 [0] NCCL INFO NET/IB : Using [0]mlx5_5:1/RoCE [RO]; OOB eno7np0:192.168.50.193<0>
MOC-R4PCC04U05:598701:598824 [3] NCCL INFO NET/IB : Made virtual device [0] name=mlx5_5 speed=400000 ndevs=1
MOC-R4PCC04U05:598701:598824 [3] NCCL INFO NET/IB : Using [0]mlx5_5:1/RoCE [RO]; OOB eno7np0:192.168.50.193<0>
MOC-R4PCC04U05:598699:598825 [1] NCCL INFO NET/IB : Made virtual device [0] name=mlx5_5 speed=400000 ndevs=1
MOC-R4PCC04U05:598699:598825 [1] NCCL INFO NET/IB : Using [0]mlx5_5:1/RoCE [RO]; OOB eno7np0:192.168.50.193<0>
MOC-R4PCC04U05:598700:598826 [2] NCCL INFO NET/IB : Made virtual device [0] name=mlx5_5 speed=400000 ndevs=1
MOC-R4PCC04U05:598700:598826 [2] NCCL INFO NET/IB : Using [0]mlx5_5:1/RoCE [RO]; OOB eno7np0:192.168.50.193<0>
MOC-R4PCC04U05:598699:598825 [1] NCCL INFO NET/IB : GPU Direct RDMA Enabled for HCA 0 'mlx5_5'
MOC-R4PCC04U05:598699:598825 [1] NCCL INFO NET/IB : Made virtual device [1] name=mlx5_5 speed=400000 ndevs=1
MOC-R4PCC04U05:598699:598825 [1] NCCL INFO NET/IB : GPU Direct RDMA Enabled for HCA 0 'mlx5_5'
MOC-R4PCC04U05:598699:598825 [1] NCCL INFO NET/IB : GPU Direct RDMA Enabled for HCA 1 'mlx5_5'
MOC-R4PCC04U05:598701:598824 [3] NCCL INFO NET/IB : GPU Direct RDMA Enabled for HCA 0 'mlx5_5'
MOC-R4PCC04U05:598701:598824 [3] NCCL INFO NET/IB : Made virtual device [1] name=mlx5_5 speed=400000 ndevs=1
MOC-R4PCC04U05:598701:598824 [3] NCCL INFO NET/IB : GPU Direct RDMA Enabled for HCA 0 'mlx5_5'
MOC-R4PCC04U05:598701:598824 [3] NCCL INFO NET/IB : GPU Direct RDMA Enabled for HCA 1 'mlx5_5'
MOC-R4PCC04U05:598698:598823 [0] NCCL INFO NET/IB : GPU Direct RDMA Enabled for HCA 0 'mlx5_5'
MOC-R4PCC04U05:598698:598823 [0] NCCL INFO NET/IB : Made virtual device [1] name=mlx5_5 speed=400000 ndevs=1
MOC-R4PCC04U05:598698:598823 [0] NCCL INFO NET/IB : GPU Direct RDMA Enabled for HCA 0 'mlx5_5'
MOC-R4PCC04U05:598698:598823 [0] NCCL INFO NET/IB : GPU Direct RDMA Enabled for HCA 1 'mlx5_5'
MOC-R4PCC04U05:598700:598826 [2] NCCL INFO NET/IB : GPU Direct RDMA Enabled for HCA 0 'mlx5_5'
MOC-R4PCC04U05:598700:598826 [2] NCCL INFO NET/IB : Made virtual device [1] name=mlx5_5 speed=400000 ndevs=1
MOC-R4PCC04U05:598700:598826 [2] NCCL INFO NET/IB : GPU Direct RDMA Enabled for HCA 0 'mlx5_5'
MOC-R4PCC04U05:598700:598826 [2] NCCL INFO NET/IB : GPU Direct RDMA Enabled for HCA 1 'mlx5_5'
MOC-R4PCC04U05:598701:598824 [3] NCCL INFO GPU Direct RDMA Enabled for GPU 0 / HCA 1 (distance 5 <= 5), read 0 mode Default
MOC-R4PCC04U05:598701:598824 [3] NCCL INFO GPU Direct RDMA Enabled for GPU 1 / HCA 1 (distance 5 <= 5), read 0 mode Default
MOC-R4PCC04U05:598701:598824 [3] NCCL INFO GPU Direct RDMA Enabled for GPU 2 / HCA 1 (distance 5 <= 5), read 0 mode Default
MOC-R4PCC04U05:598701:598824 [3] NCCL INFO GPU Direct RDMA Enabled for GPU 3 / HCA 1 (distance 5 <= 5), read 0 mode Default
MOC-R4PCC04U05:598701:598824 [3] NCCL INFO GPU Direct RDMA Enabled for GPU 0 / HCA 1 (distance 5 <= 5), read 0 mode Default
MOC-R4PCC04U05:598701:598824 [3] NCCL INFO GPU Direct RDMA Enabled for GPU 1 / HCA 1 (distance 5 <= 5), read 0 mode Default
MOC-R4PCC04U05:598701:598824 [3] NCCL INFO GPU Direct RDMA Enabled for GPU 2 / HCA 1 (distance 5 <= 5), read 0 mode Default
MOC-R4PCC04U05:598701:598824 [3] NCCL INFO GPU Direct RDMA Enabled for GPU 3 / HCA 1 (distance 5 <= 5), read 0 mode Default
MOC-R4PCC04U05:598698:598823 [0] NCCL INFO GPU Direct RDMA Enabled for GPU 0 / HCA 1 (distance 5 <= 5), read 0 mode Default
MOC-R4PCC04U05:598698:598823 [0] NCCL INFO GPU Direct RDMA Enabled for GPU 1 / HCA 1 (distance 5 <= 5), read 0 mode Default
MOC-R4PCC04U05:598698:598823 [0] NCCL INFO GPU Direct RDMA Enabled for GPU 2 / HCA 1 (distance 5 <= 5), read 0 mode Default
MOC-R4PCC04U05:598698:598823 [0] NCCL INFO GPU Direct RDMA Enabled for GPU 3 / HCA 1 (distance 5 <= 5), read 0 mode Default
MOC-R4PCC04U05:598700:598826 [2] NCCL INFO GPU Direct RDMA Enabled for GPU 0 / HCA 1 (distance 5 <= 5), read 0 mode Default
MOC-R4PCC04U05:598698:598823 [0] NCCL INFO GPU Direct RDMA Enabled for GPU 0 / HCA 1 (distance 5 <= 5), read 0 mode Default
MOC-R4PCC04U05:598700:598826 [2] NCCL INFO GPU Direct RDMA Enabled for GPU 1 / HCA 1 (distance 5 <= 5), read 0 mode Default
MOC-R4PCC04U05:598698:598823 [0] NCCL INFO GPU Direct RDMA Enabled for GPU 1 / HCA 1 (distance 5 <= 5), read 0 mode Default
MOC-R4PCC04U05:598700:598826 [2] NCCL INFO GPU Direct RDMA Enabled for GPU 2 / HCA 1 (distance 5 <= 5), read 0 mode Default
MOC-R4PCC04U05:598698:598823 [0] NCCL INFO GPU Direct RDMA Enabled for GPU 2 / HCA 1 (distance 5 <= 5), read 0 mode Default
MOC-R4PCC04U05:598700:598826 [2] NCCL INFO GPU Direct RDMA Enabled for GPU 3 / HCA 1 (distance 5 <= 5), read 0 mode Default
MOC-R4PCC04U05:598698:598823 [0] NCCL INFO GPU Direct RDMA Enabled for GPU 3 / HCA 1 (distance 5 <= 5), read 0 mode Default
MOC-R4PCC04U05:598700:598826 [2] NCCL INFO GPU Direct RDMA Enabled for GPU 0 / HCA 1 (distance 5 <= 5), read 0 mode Default
MOC-R4PCC04U05:598700:598826 [2] NCCL INFO GPU Direct RDMA Enabled for GPU 1 / HCA 1 (distance 5 <= 5), read 0 mode Default
MOC-R4PCC04U05:598700:598826 [2] NCCL INFO GPU Direct RDMA Enabled for GPU 2 / HCA 1 (distance 5 <= 5), read 0 mode Default
MOC-R4PCC04U05:598700:598826 [2] NCCL INFO GPU Direct RDMA Enabled for GPU 3 / HCA 1 (distance 5 <= 5), read 0 mode Default
MOC-R4PCC04U05:598699:598825 [1] NCCL INFO GPU Direct RDMA Enabled for GPU 0 / HCA 1 (distance 5 <= 5), read 0 mode Default
MOC-R4PCC04U05:598699:598825 [1] NCCL INFO GPU Direct RDMA Enabled for GPU 1 / HCA 1 (distance 5 <= 5), read 0 mode Default
MOC-R4PCC04U05:598699:598825 [1] NCCL INFO GPU Direct RDMA Enabled for GPU 2 / HCA 1 (distance 5 <= 5), read 0 mode Default
MOC-R4PCC04U05:598699:598825 [1] NCCL INFO GPU Direct RDMA Enabled for GPU 3 / HCA 1 (distance 5 <= 5), read 0 mode Default
MOC-R4PCC04U05:598699:598825 [1] NCCL INFO GPU Direct RDMA Enabled for GPU 0 / HCA 1 (distance 5 <= 5), read 0 mode Default
MOC-R4PCC04U05:598699:598825 [1] NCCL INFO GPU Direct RDMA Enabled for GPU 1 / HCA 1 (distance 5 <= 5), read 0 mode Default
MOC-R4PCC04U05:598699:598825 [1] NCCL INFO GPU Direct RDMA Enabled for GPU 2 / HCA 1 (distance 5 <= 5), read 0 mode Default
MOC-R4PCC04U05:598699:598825 [1] NCCL INFO GPU Direct RDMA Enabled for GPU 3 / HCA 1 (distance 5 <= 5), read 0 mode Default
MOC-R4PCC04U05:598699:598845 [1] NCCL INFO New proxy recv connection 0 from local rank 1, transport 0
MOC-R4PCC04U05:598699:598847 [1] NCCL INFO Connected to proxy localRank 1 -> connection 0x7f1670004f30
MOC-R4PCC04U05:598699:598845 [1] NCCL INFO New proxy recv connection 1 from local rank 1, transport 0
MOC-R4PCC04U05:598699:598847 [1] NCCL INFO Connected to proxy localRank 1 -> connection 0x7f1670004fa8
MOC-R4PCC04U05:598699:598845 [1] NCCL INFO New proxy recv connection 2 from local rank 1, transport 0
MOC-R4PCC04U05:598699:598847 [1] NCCL INFO Connected to proxy localRank 1 -> connection 0x7f1670005020
MOC-R4PCC04U05:598699:598845 [1] NCCL INFO New proxy recv connection 3 from local rank 1, transport 0
MOC-R4PCC04U05:598699:598847 [1] NCCL INFO Connected to proxy localRank 1 -> connection 0x7f1670005098
MOC-R4PCC04U05:598700:598848 [2] NCCL INFO GPU Direct RDMA Enabled for GPU 2 / HCA 1 (distance 5 <= 5), read 0 mode Default
MOC-R4PCC04U05:598699:598845 [1] NCCL INFO New proxy send connection 4 from local rank 1, transport 0
MOC-R4PCC04U05:598699:598847 [1] NCCL INFO Connected to proxy localRank 1 -> connection 0x7f1670005110
MOC-R4PCC04U05:598698:598840 [0] NCCL INFO New proxy send connection 0 from local rank 0, transport 0
MOC-R4PCC04U05:598698:598849 [0] NCCL INFO Connected to proxy localRank 0 -> connection 0x7fc5bc004f30
MOC-R4PCC04U05:598701:598839 [3] NCCL INFO New proxy recv connection 0 from local rank 3, transport 0
MOC-R4PCC04U05:598701:598850 [3] NCCL INFO Connected to proxy localRank 3 -> connection 0x7f6cc8004f30
MOC-R4PCC04U05:598699:598845 [1] NCCL INFO New proxy send connection 5 from local rank 1, transport 0
MOC-R4PCC04U05:598699:598847 [1] NCCL INFO Connected to proxy localRank 1 -> connection 0x7f1670005188
MOC-R4PCC04U05:598698:598840 [0] NCCL INFO New proxy send connection 1 from local rank 0, transport 0
MOC-R4PCC04U05:598698:598849 [0] NCCL INFO Connected to proxy localRank 0 -> connection 0x7fc5bc004fa8
MOC-R4PCC04U05:598699:598845 [1] NCCL INFO New proxy send connection 6 from local rank 1, transport 0
MOC-R4PCC04U05:598699:598847 [1] NCCL INFO Connected to proxy localRank 1 -> connection 0x7f1670005200
MOC-R4PCC04U05:598701:598839 [3] NCCL INFO New proxy recv connection 1 from local rank 3, transport 0
MOC-R4PCC04U05:598701:598850 [3] NCCL INFO Connected to proxy localRank 3 -> connection 0x7f6cc8004fa8
MOC-R4PCC04U05:598698:598840 [0] NCCL INFO New proxy send connection 2 from local rank 0, transport 0
MOC-R4PCC04U05:598698:598849 [0] NCCL INFO Connected to proxy localRank 0 -> connection 0x7fc5bc005020
MOC-R4PCC04U05:598699:598845 [1] NCCL INFO New proxy send connection 7 from local rank 1, transport 0
MOC-R4PCC04U05:598699:598847 [1] NCCL INFO Connected to proxy localRank 1 -> connection 0x7f1670005278
MOC-R4PCC04U05:598701:598839 [3] NCCL INFO New proxy recv connection 2 from local rank 3, transport 0
MOC-R4PCC04U05:598701:598850 [3] NCCL INFO Connected to proxy localRank 3 -> connection 0x7f6cc8005020
MOC-R4PCC04U05:598698:598840 [0] NCCL INFO New proxy send connection 3 from local rank 0, transport 0
MOC-R4PCC04U05:598698:598849 [0] NCCL INFO Connected to proxy localRank 0 -> connection 0x7fc5bc005098
MOC-R4PCC04U05:598701:598839 [3] NCCL INFO New proxy recv connection 3 from local rank 3, transport 0
MOC-R4PCC04U05:598701:598850 [3] NCCL INFO Connected to proxy localRank 3 -> connection 0x7f6cc8005098
MOC-R4PCC04U05:598701:598850 [3] NCCL INFO GPU Direct RDMA Enabled for GPU 3 / HCA 1 (distance 5 <= 5), read 1 mode Default
MOC-R4PCC04U05:598700:598841 [2] NCCL INFO New proxy recv connection 0 from local rank 2, transport 2
MOC-R4PCC04U05:598700:598841 [2] NCCL INFO New proxy send connection 1 from local rank 3, transport 2
MOC-R4PCC04U05:598700:598848 [2] NCCL INFO Connected to proxy localRank 2 -> connection 0x7fd038004f30
MOC-R4PCC04U05:598701:598850 [3] NCCL INFO Connected to proxy localRank 2 -> connection 0x7fd038004fa8
MOC-R4PCC04U05:598700:598848 [2] NCCL INFO Channel 00/0 : 11[3] -> 2[2] [receive] via NET/IB/1/GDRDMA
MOC-R4PCC04U05:598700:598848 [2] NCCL INFO GPU Direct RDMA Enabled for GPU 2 / HCA 1 (distance 5 <= 5), read 0 mode Default
MOC-R4PCC04U05:598701:598850 [3] NCCL INFO Channel 00/0 : 3[3] -> 6[2] [send] via NET/IB/1(2)/GDRDMA
MOC-R4PCC04U05:598701:598850 [3] NCCL INFO GPU Direct RDMA Enabled for GPU 3 / HCA 1 (distance 5 <= 5), read 1 mode Default
MOC-R4PCC04U05:598700:598841 [2] NCCL INFO New proxy recv connection 2 from local rank 2, transport 2
MOC-R4PCC04U05:598700:598848 [2] NCCL INFO Connected to proxy localRank 2 -> connection 0x7fd038005020
MOC-R4PCC04U05:598700:598841 [2] NCCL INFO New proxy send connection 3 from local rank 3, transport 2
MOC-R4PCC04U05:598701:598850 [3] NCCL INFO Connected to proxy localRank 2 -> connection 0x7fd038005098
MOC-R4PCC04U05:598700:598848 [2] NCCL INFO Channel 01/0 : 11[3] -> 2[2] [receive] via NET/IB/1/GDRDMA
MOC-R4PCC04U05:598700:598848 [2] NCCL INFO GPU Direct RDMA Enabled for GPU 2 / HCA 1 (distance 5 <= 5), read 0 mode Default
MOC-R4PCC04U05:598701:598850 [3] NCCL INFO Channel 01/0 : 3[3] -> 6[2] [send] via NET/IB/1(2)/GDRDMA
MOC-R4PCC04U05:598701:598850 [3] NCCL INFO GPU Direct RDMA Enabled for GPU 3 / HCA 1 (distance 5 <= 5), read 1 mode Default
MOC-R4PCC04U05:598700:598841 [2] NCCL INFO New proxy recv connection 4 from local rank 2, transport 2
MOC-R4PCC04U05:598700:598848 [2] NCCL INFO Connected to proxy localRank 2 -> connection 0x7fd038005110
MOC-R4PCC04U05:598700:598841 [2] NCCL INFO New proxy send connection 5 from local rank 3, transport 2
MOC-R4PCC04U05:598701:598850 [3] NCCL INFO Connected to proxy localRank 2 -> connection 0x7fd038005188
MOC-R4PCC04U05:598700:598848 [2] NCCL INFO Channel 02/0 : 11[3] -> 2[2] [receive] via NET/IB/1/GDRDMA
MOC-R4PCC04U05:598700:598848 [2] NCCL INFO GPU Direct RDMA Enabled for GPU 2 / HCA 1 (distance 5 <= 5), read 0 mode Default
MOC-R4PCC04U05:598701:598850 [3] NCCL INFO Channel 02/0 : 3[3] -> 6[2] [send] via NET/IB/1(2)/GDRDMA
MOC-R4PCC04U05:598701:598850 [3] NCCL INFO GPU Direct RDMA Enabled for GPU 3 / HCA 1 (distance 5 <= 5), read 1 mode Default
MOC-R4PCC04U05:598700:598841 [2] NCCL INFO New proxy recv connection 6 from local rank 2, transport 2
MOC-R4PCC04U05:598700:598848 [2] NCCL INFO Connected to proxy localRank 2 -> connection 0x7fd038005200
MOC-R4PCC04U05:598700:598841 [2] NCCL INFO New proxy send connection 7 from local rank 3, transport 2
MOC-R4PCC04U05:598701:598850 [3] NCCL INFO Connected to proxy localRank 2 -> connection 0x7fd038005278
MOC-R4PCC04U05:598700:598848 [2] NCCL INFO Channel 03/0 : 11[3] -> 2[2] [receive] via NET/IB/1/GDRDMA
MOC-R4PCC04U05:598701:598850 [3] NCCL INFO Channel 03/0 : 3[3] -> 6[2] [send] via NET/IB/1(2)/GDRDMA
MOC-R4PCC04U05:598698:598840 [0] NCCL INFO New proxy recv connection 4 from local rank 0, transport 0
MOC-R4PCC04U05:598698:598849 [0] NCCL INFO Connected to proxy localRank 0 -> connection 0x7fc5bc005110
MOC-R4PCC04U05:598700:598841 [2] NCCL INFO New proxy send connection 8 from local rank 2, transport 0
MOC-R4PCC04U05:598700:598848 [2] NCCL INFO Connected to proxy localRank 2 -> connection 0x7fd0380052f0
MOC-R4PCC04U05:598698:598840 [0] NCCL INFO New proxy recv connection 5 from local rank 0, transport 0
MOC-R4PCC04U05:598698:598849 [0] NCCL INFO Connected to proxy localRank 0 -> connection 0x7fc5bc005188
MOC-R4PCC04U05:598698:598840 [0] NCCL INFO New proxy send connection 6 from local rank 3, transport 0
MOC-R4PCC04U05:598701:598850 [3] NCCL INFO Connected to proxy localRank 0 -> connection 0x7fc5bc005200
MOC-R4PCC04U05:598698:598840 [0] NCCL INFO New proxy recv connection 7 from local rank 0, transport 0
MOC-R4PCC04U05:598698:598849 [0] NCCL INFO Connected to proxy localRank 0 -> connection 0x7fc5bc005278
MOC-R4PCC04U05:598700:598841 [2] NCCL INFO New proxy send connection 9 from local rank 2, transport 0
MOC-R4PCC04U05:598700:598848 [2] NCCL INFO Connected to proxy localRank 2 -> connection 0x7fd038005368
MOC-R4PCC04U05:598698:598840 [0] NCCL INFO New proxy recv connection 8 from local rank 0, transport 0
MOC-R4PCC04U05:598698:598849 [0] NCCL INFO Connected to proxy localRank 0 -> connection 0x7fc5bc0052f0
MOC-R4PCC04U05:598700:598841 [2] NCCL INFO New proxy send connection 10 from local rank 2, transport 0
MOC-R4PCC04U05:598700:598848 [2] NCCL INFO Connected to proxy localRank 2 -> connection 0x7fd0380053e0
MOC-R4PCC04U05:598701:598839 [3] NCCL INFO New proxy send connection 4 from local rank 0, transport 0
MOC-R4PCC04U05:598698:598849 [0] NCCL INFO Connected to proxy localRank 3 -> connection 0x7f6cc8005110
MOC-R4PCC04U05:598700:598841 [2] NCCL INFO New proxy send connection 11 from local rank 2, transport 0
MOC-R4PCC04U05:598700:598848 [2] NCCL INFO Connected to proxy localRank 2 -> connection 0x7fd038005458
MOC-R4PCC04U05:598699:598845 [1] NCCL INFO New proxy send connection 8 from local rank 2, transport 0
MOC-R4PCC04U05:598700:598848 [2] NCCL INFO Connected to proxy localRank 1 -> connection 0x7f16700052f0
MOC-R4PCC04U05:598698:598840 [0] NCCL INFO New proxy send connection 9 from local rank 1, transport 0
MOC-R4PCC04U05:598699:598847 [1] NCCL INFO Connected to proxy localRank 0 -> connection 0x7fc5bc005368
MOC-R4PCC04U05:598700:598841 [2] NCCL INFO New proxy send connection 12 from local rank 1, transport 0
MOC-R4PCC04U05:598699:598847 [1] NCCL INFO Connected to proxy localRank 2 -> connection 0x7fd0380054d0
MOC-R4PCC04U05:598700:598841 [2] NCCL INFO NET/IB: NCCL Dev 1 IbDev 0 Port 1 qpn 9694 mtu 3 query_ece={supported=1, vendor_id=0x15b3, options=0x30000002, comp_mask=0x0} GID 3 (0/C132A8C0FFFF0000) fifoRkey=0x172eed fifoLkey=0x172eed
MOC-R4PCC04U05:598700:598841 [2] NCCL INFO NET/IB: NCCL Dev 1 IbDev 0 Port 1 qpn 9695 mtu 3 query_ece={supported=1, vendor_id=0x15b3, options=0x30000002, comp_mask=0x0} GID 3 (0/C132A8C0FFFF0000) fifoRkey=0x1801c0 fifoLkey=0x1801c0
MOC-R4PCC04U05:598700:598841 [2] NCCL INFO NET/IB: NCCL Dev 1 IbDev 0 Port 1 qpn 9696 mtu 3 query_ece={supported=1, vendor_id=0x15b3, options=0x30000002, comp_mask=0x0} GID 3 (0/C132A8C0FFFF0000) fifoRkey=0x180ac9 fifoLkey=0x180ac9
MOC-R4PCC04U05:598700:598841 [2] NCCL INFO NET/IB: NCCL Dev 1 IbDev 0 Port 1 qpn 9697 mtu 3 query_ece={supported=1, vendor_id=0x15b3, options=0x30000002, comp_mask=0x0} GID 3 (0/C132A8C0FFFF0000) fifoRkey=0x17b979 fifoLkey=0x17b979
MOC-R4PCC04U05:598700:598841 [2] NCCL INFO NET/IB: IbDev 0 Port 1 qpn 9399 set_ece={supported=1, vendor_id=0x15b3, options=0x0, comp_mask=0x0}
MOC-R4PCC04U05:598699:598845 [1] NCCL INFO New proxy send connection 9 from local rank 0, transport 0
MOC-R4PCC04U05:598698:598849 [0] NCCL INFO Connected to proxy localRank 1 -> connection 0x7f1670005368
MOC-R4PCC04U05:598700:598841 [2] NCCL INFO NET/IB: IbDev 0 Port 1 qpn 9401 set_ece={supported=1, vendor_id=0x15b3, options=0x0, comp_mask=0x0}
MOC-R4PCC04U05:598700:598841 [2] NCCL INFO NET/IB: IbDev 0 Port 1 qpn 9403 set_ece={supported=1, vendor_id=0x15b3, options=0x0, comp_mask=0x0}
MOC-R4PCC04U05:598700:598841 [2] NCCL INFO NET/IB: IbDev 0 Port 1 qpn 9405 set_ece={supported=1, vendor_id=0x15b3, options=0x0, comp_mask=0x0}
MOC-R4PCC04U05:598700:598841 [2] NCCL INFO New proxy send connection 13 from local rank 3, transport 0
MOC-R4PCC04U05:598701:598850 [3] NCCL INFO Connected to proxy localRank 2 -> connection 0x7fd038005548
num decayed parameter tensors: 50, with 124,318,464 parameters
num non-decayed parameter tensors: 98, with 121,344 parameters
using fused AdamW: False
using regular AdamW
MOC-R4PCC04U05:598700:598841 [2] NCCL INFO New proxy send connection 14 from local rank 2, transport 0
MOC-R4PCC04U05:598700:599540 [2] NCCL INFO Connected to proxy localRank 2 -> connection 0x7fd0380055c0
MOC-R4PCC04U05:598700:598841 [2] NCCL INFO New proxy send connection 15 from local rank 2, transport 0
MOC-R4PCC04U05:598700:599540 [2] NCCL INFO Connected to proxy localRank 2 -> connection 0x7fd038005638
MOC-R4PCC04U05:598700:598841 [2] NCCL INFO New proxy send connection 16 from local rank 2, transport 0
MOC-R4PCC04U05:598700:599540 [2] NCCL INFO Connected to proxy localRank 2 -> connection 0x7fd0380056b0
MOC-R4PCC04U05:598700:598841 [2] NCCL INFO New proxy send connection 17 from local rank 2, transport 0
MOC-R4PCC04U05:598700:599540 [2] NCCL INFO Connected to proxy localRank 2 -> connection 0x7fd038005728
MOC-R4PCC04U05:598701:598839 [3] NCCL INFO New proxy recv connection 5 from local rank 3, transport 0
MOC-R4PCC04U05:598701:599541 [3] NCCL INFO Connected to proxy localRank 3 -> connection 0x7f6cc8005188
MOC-R4PCC04U05:598701:598839 [3] NCCL INFO New proxy recv connection 6 from local rank 3, transport 0
MOC-R4PCC04U05:598701:599541 [3] NCCL INFO Connected to proxy localRank 3 -> connection 0x7f6cc8005200
MOC-R4PCC04U05:598701:598839 [3] NCCL INFO New proxy recv connection 7 from local rank 3, transport 0
MOC-R4PCC04U05:598701:599541 [3] NCCL INFO Connected to proxy localRank 3 -> connection 0x7f6cc8005278
MOC-R4PCC04U05:598701:598839 [3] NCCL INFO New proxy recv connection 8 from local rank 3, transport 0
MOC-R4PCC04U05:598701:599541 [3] NCCL INFO Connected to proxy localRank 3 -> connection 0x7f6cc80052f0
MOC-R4PCC04U05:598701:598839 [3] NCCL INFO New proxy send connection 9 from local rank 3, transport 0
MOC-R4PCC04U05:598700:599540 [2] NCCL INFO GPU Direct RDMA Enabled for GPU 2 / HCA 1 (distance 5 <= 5), read 0 mode Default
MOC-R4PCC04U05:598701:599541 [3] NCCL INFO Connected to proxy localRank 3 -> connection 0x7f6cc8005368
MOC-R4PCC04U05:598700:598841 [2] NCCL INFO New proxy recv connection 18 from local rank 2, transport 2
MOC-R4PCC04U05:598700:599540 [2] NCCL INFO Connected to proxy localRank 2 -> connection 0x7fd0380057a0
MOC-R4PCC04U05:598701:598839 [3] NCCL INFO New proxy send connection 10 from local rank 3, transport 0
MOC-R4PCC04U05:598701:599541 [3] NCCL INFO Connected to proxy localRank 3 -> connection 0x7f6cc80053e0
MOC-R4PCC04U05:598700:599540 [2] NCCL INFO Channel 00/0 : 10[2] -> 2[2] [receive] via NET/IB/1/GDRDMA
MOC-R4PCC04U05:598700:599540 [2] NCCL INFO GPU Direct RDMA Enabled for GPU 2 / HCA 1 (distance 5 <= 5), read 0 mode Default
MOC-R4PCC04U05:598700:598841 [2] NCCL INFO New proxy recv connection 19 from local rank 2, transport 2
MOC-R4PCC04U05:598700:599540 [2] NCCL INFO Connected to proxy localRank 2 -> connection 0x7fd038005818
MOC-R4PCC04U05:598700:599540 [2] NCCL INFO Channel 01/0 : 10[2] -> 2[2] [receive] via NET/IB/1/GDRDMA
MOC-R4PCC04U05:598700:599540 [2] NCCL INFO GPU Direct RDMA Enabled for GPU 2 / HCA 1 (distance 5 <= 5), read 0 mode Default
MOC-R4PCC04U05:598701:598839 [3] NCCL INFO New proxy send connection 11 from local rank 3, transport 0
MOC-R4PCC04U05:598701:599541 [3] NCCL INFO Connected to proxy localRank 3 -> connection 0x7f6cc8005458
MOC-R4PCC04U05:598700:598841 [2] NCCL INFO New proxy recv connection 20 from local rank 2, transport 2
MOC-R4PCC04U05:598700:599540 [2] NCCL INFO Connected to proxy localRank 2 -> connection 0x7fd038005890
MOC-R4PCC04U05:598700:599540 [2] NCCL INFO Channel 02/0 : 10[2] -> 2[2] [receive] via NET/IB/1/GDRDMA
MOC-R4PCC04U05:598700:599540 [2] NCCL INFO GPU Direct RDMA Enabled for GPU 2 / HCA 1 (distance 5 <= 5), read 0 mode Default
MOC-R4PCC04U05:598700:598841 [2] NCCL INFO New proxy recv connection 21 from local rank 2, transport 2
MOC-R4PCC04U05:598700:599540 [2] NCCL INFO Connected to proxy localRank 2 -> connection 0x7fd038005908
MOC-R4PCC04U05:598701:598839 [3] NCCL INFO New proxy send connection 12 from local rank 3, transport 0
MOC-R4PCC04U05:598700:599540 [2] NCCL INFO Channel 03/0 : 10[2] -> 2[2] [receive] via NET/IB/1/GDRDMA
MOC-R4PCC04U05:598701:599541 [3] NCCL INFO Connected to proxy localRank 3 -> connection 0x7f6cc80054d0
MOC-R4PCC04U05:598700:599540 [2] NCCL INFO GPU Direct RDMA Enabled for GPU 2 / HCA 1 (distance 5 <= 5), read 1 mode Default
MOC-R4PCC04U05:598700:598841 [2] NCCL INFO New proxy send connection 22 from local rank 2, transport 2
MOC-R4PCC04U05:598700:599540 [2] NCCL INFO Connected to proxy localRank 2 -> connection 0x7fd038005980
MOC-R4PCC04U05:598700:599540 [2] NCCL INFO Channel 02/0 : 2[2] -> 6[2] [send] via NET/IB/1/GDRDMA
MOC-R4PCC04U05:598700:599540 [2] NCCL INFO GPU Direct RDMA Enabled for GPU 2 / HCA 1 (distance 5 <= 5), read 1 mode Default
MOC-R4PCC04U05:598700:598841 [2] NCCL INFO New proxy send connection 23 from local rank 2, transport 2
MOC-R4PCC04U05:598700:599540 [2] NCCL INFO Connected to proxy localRank 2 -> connection 0x7fd0380059f8
MOC-R4PCC04U05:598700:599540 [2] NCCL INFO Channel 03/0 : 2[2] -> 6[2] [send] via NET/IB/1/GDRDMA
MOC-R4PCC04U05:598700:599540 [2] NCCL INFO GPU Direct RDMA Enabled for GPU 2 / HCA 1 (distance 5 <= 5), read 0 mode Default
MOC-R4PCC04U05:598700:598841 [2] NCCL INFO New proxy recv connection 24 from local rank 2, transport 2
MOC-R4PCC04U05:598700:599540 [2] NCCL INFO Connected to proxy localRank 2 -> connection 0x7fd038005a70
MOC-R4PCC04U05:598700:599540 [2] NCCL INFO Channel 02/0 : 6[2] -> 2[2] [receive] via NET/IB/1/GDRDMA
MOC-R4PCC04U05:598700:599540 [2] NCCL INFO GPU Direct RDMA Enabled for GPU 2 / HCA 1 (distance 5 <= 5), read 0 mode Default
MOC-R4PCC04U05:598700:598841 [2] NCCL INFO New proxy recv connection 25 from local rank 2, transport 2
MOC-R4PCC04U05:598700:599540 [2] NCCL INFO Connected to proxy localRank 2 -> connection 0x7fd038005ae8
MOC-R4PCC04U05:598700:599540 [2] NCCL INFO Channel 03/0 : 6[2] -> 2[2] [receive] via NET/IB/1/GDRDMA
MOC-R4PCC04U05:598700:599540 [2] NCCL INFO GPU Direct RDMA Enabled for GPU 2 / HCA 1 (distance 5 <= 5), read 1 mode Default
MOC-R4PCC04U05:598700:598841 [2] NCCL INFO New proxy send connection 26 from local rank 2, transport 2
MOC-R4PCC04U05:598700:599540 [2] NCCL INFO Connected to proxy localRank 2 -> connection 0x7fd038005b60
MOC-R4PCC04U05:598700:599540 [2] NCCL INFO Channel 00/0 : 2[2] -> 10[2] [send] via NET/IB/1/GDRDMA
MOC-R4PCC04U05:598700:599540 [2] NCCL INFO GPU Direct RDMA Enabled for GPU 2 / HCA 1 (distance 5 <= 5), read 1 mode Default
MOC-R4PCC04U05:598700:598841 [2] NCCL INFO New proxy send connection 27 from local rank 2, transport 2
MOC-R4PCC04U05:598700:599540 [2] NCCL INFO Connected to proxy localRank 2 -> connection 0x7fd038005bd8
MOC-R4PCC04U05:598700:599540 [2] NCCL INFO Channel 01/0 : 2[2] -> 10[2] [send] via NET/IB/1/GDRDMA
MOC-R4PCC04U05:598700:599540 [2] NCCL INFO GPU Direct RDMA Enabled for GPU 2 / HCA 1 (distance 5 <= 5), read 1 mode Default
MOC-R4PCC04U05:598700:598841 [2] NCCL INFO New proxy send connection 28 from local rank 2, transport 2
MOC-R4PCC04U05:598700:599540 [2] NCCL INFO Connected to proxy localRank 2 -> connection 0x7fd038005c50
MOC-R4PCC04U05:598700:599540 [2] NCCL INFO Channel 02/0 : 2[2] -> 10[2] [send] via NET/IB/1/GDRDMA
MOC-R4PCC04U05:598700:599540 [2] NCCL INFO GPU Direct RDMA Enabled for GPU 2 / HCA 1 (distance 5 <= 5), read 1 mode Default
MOC-R4PCC04U05:598700:598841 [2] NCCL INFO New proxy send connection 29 from local rank 2, transport 2
MOC-R4PCC04U05:598700:599540 [2] NCCL INFO Connected to proxy localRank 2 -> connection 0x7fd038005cc8
MOC-R4PCC04U05:598700:599540 [2] NCCL INFO Channel 03/0 : 2[2] -> 10[2] [send] via NET/IB/1/GDRDMA
MOC-R4PCC04U05:598700:598841 [2] NCCL INFO New proxy recv connection 30 from local rank 2, transport 0
MOC-R4PCC04U05:598700:599540 [2] NCCL INFO Connected to proxy localRank 2 -> connection 0x7fd038005d40
MOC-R4PCC04U05:598700:598841 [2] NCCL INFO New proxy recv connection 31 from local rank 2, transport 0
MOC-R4PCC04U05:598700:599540 [2] NCCL INFO Connected to proxy localRank 2 -> connection 0x7fd038005db8
MOC-R4PCC04U05:598700:598841 [2] NCCL INFO New proxy recv connection 32 from local rank 2, transport 0
MOC-R4PCC04U05:598700:599540 [2] NCCL INFO Connected to proxy localRank 2 -> connection 0x7fd038005e30
MOC-R4PCC04U05:598700:598841 [2] NCCL INFO New proxy recv connection 33 from local rank 2, transport 0
MOC-R4PCC04U05:598700:599540 [2] NCCL INFO Connected to proxy localRank 2 -> connection 0x7fd038005ea8
MOC-R4PCC04U05:598698:598840 [0] NCCL INFO New proxy send connection 10 from local rank 0, transport 0
MOC-R4PCC04U05:598698:599542 [0] NCCL INFO Connected to proxy localRank 0 -> connection 0x7fc5bc0053e0
MOC-R4PCC04U05:598698:598840 [0] NCCL INFO New proxy send connection 11 from local rank 0, transport 0
MOC-R4PCC04U05:598698:599542 [0] NCCL INFO Connected to proxy localRank 0 -> connection 0x7fc5bc005458
MOC-R4PCC04U05:598698:598840 [0] NCCL INFO New proxy send connection 12 from local rank 0, transport 0
MOC-R4PCC04U05:598698:599542 [0] NCCL INFO Connected to proxy localRank 0 -> connection 0x7fc5bc0054d0
MOC-R4PCC04U05:598698:598840 [0] NCCL INFO New proxy send connection 13 from local rank 0, transport 0
MOC-R4PCC04U05:598698:599542 [0] NCCL INFO Connected to proxy localRank 0 -> connection 0x7fc5bc005548
MOC-R4PCC04U05:598699:598845 [1] NCCL INFO New proxy recv connection 10 from local rank 1, transport 0
MOC-R4PCC04U05:598699:599543 [1] NCCL INFO Connected to proxy localRank 1 -> connection 0x7f16700053e0
MOC-R4PCC04U05:598699:598845 [1] NCCL INFO New proxy recv connection 11 from local rank 1, transport 0
MOC-R4PCC04U05:598699:599543 [1] NCCL INFO Connected to proxy localRank 1 -> connection 0x7f1670005458
MOC-R4PCC04U05:598699:598845 [1] NCCL INFO New proxy recv connection 12 from local rank 1, transport 0
MOC-R4PCC04U05:598699:599543 [1] NCCL INFO Connected to proxy localRank 1 -> connection 0x7f16700054d0
MOC-R4PCC04U05:598699:598845 [1] NCCL INFO New proxy recv connection 13 from local rank 1, transport 0
MOC-R4PCC04U05:598699:599543 [1] NCCL INFO Connected to proxy localRank 1 -> connection 0x7f1670005548
MOC-R4PCC04U05:598698:598840 [0] NCCL INFO New proxy recv connection 14 from local rank 0, transport 0
MOC-R4PCC04U05:598698:599542 [0] NCCL INFO Connected to proxy localRank 0 -> connection 0x7fc5bc0055c0
MOC-R4PCC04U05:598698:598840 [0] NCCL INFO New proxy recv connection 15 from local rank 0, transport 0
MOC-R4PCC04U05:598698:599542 [0] NCCL INFO Connected to proxy localRank 0 -> connection 0x7fc5bc005638
MOC-R4PCC04U05:598698:598840 [0] NCCL INFO New proxy recv connection 16 from local rank 0, transport 0
MOC-R4PCC04U05:598698:599542 [0] NCCL INFO Connected to proxy localRank 0 -> connection 0x7fc5bc0056b0
MOC-R4PCC04U05:598698:598840 [0] NCCL INFO New proxy recv connection 17 from local rank 0, transport 0
MOC-R4PCC04U05:598698:599542 [0] NCCL INFO Connected to proxy localRank 0 -> connection 0x7fc5bc005728
MOC-R4PCC04U05:598701:598839 [3] NCCL INFO New proxy send connection 13 from local rank 3, transport 0
MOC-R4PCC04U05:598701:599541 [3] NCCL INFO Connected to proxy localRank 3 -> connection 0x7f6cc8005548
MOC-R4PCC04U05:598701:598839 [3] NCCL INFO New proxy send connection 14 from local rank 3, transport 0
MOC-R4PCC04U05:598701:599541 [3] NCCL INFO Connected to proxy localRank 3 -> connection 0x7f6cc80055c0
MOC-R4PCC04U05:598701:598839 [3] NCCL INFO New proxy send connection 15 from local rank 3, transport 0
MOC-R4PCC04U05:598701:599541 [3] NCCL INFO Connected to proxy localRank 3 -> connection 0x7f6cc8005638
MOC-R4PCC04U05:598701:598839 [3] NCCL INFO New proxy send connection 16 from local rank 3, transport 0
MOC-R4PCC04U05:598701:599541 [3] NCCL INFO Connected to proxy localRank 3 -> connection 0x7f6cc80056b0
MOC-R4PCC04U05:598701:598839 [3] NCCL INFO New proxy send connection 17 from local rank 2, transport 0
MOC-R4PCC04U05:598700:599540 [2] NCCL INFO Connected to proxy localRank 3 -> connection 0x7f6cc8005728
MOC-R4PCC04U05:598700:598841 [2] NCCL INFO NET/IB: NCCL Dev 1 IbDev 0 Port 1 qpn 9704 mtu 3 query_ece={supported=1, vendor_id=0x15b3, options=0x30000002, comp_mask=0x0} GID 3 (0/C132A8C0FFFF0000) fifoRkey=0x17da99 fifoLkey=0x17da99
MOC-R4PCC04U05:598700:598841 [2] NCCL INFO NET/IB: IbDev 0 Port 1 qpn 9416 set_ece={supported=1, vendor_id=0x15b3, options=0x0, comp_mask=0x0}
MOC-R4PCC04U05:598700:598841 [2] NCCL INFO NET/IB: NCCL Dev 1 IbDev 0 Port 1 qpn 9711 mtu 3 query_ece={supported=1, vendor_id=0x15b3, options=0x30000002, comp_mask=0x0} GID 3 (0/C132A8C0FFFF0000) fifoRkey=0x17a767 fifoLkey=0x17a767
MOC-R4PCC04U05:598700:598841 [2] NCCL INFO NET/IB: IbDev 0 Port 1 qpn 9418 set_ece={supported=1, vendor_id=0x15b3, options=0x0, comp_mask=0x0}
MOC-R4PCC04U05:598700:598841 [2] NCCL INFO NET/IB: NCCL Dev 1 IbDev 0 Port 1 qpn 9714 mtu 3 query_ece={supported=1, vendor_id=0x15b3, options=0x30000002, comp_mask=0x0} GID 3 (0/C132A8C0FFFF0000) fifoRkey=0x17c584 fifoLkey=0x17c584
MOC-R4PCC04U05:598700:598841 [2] NCCL INFO NET/IB: NCCL Dev 1 IbDev 0 Port 1 qpn 9715 mtu 3 query_ece={supported=1, vendor_id=0x15b3, options=0x30000002, comp_mask=0x0} GID 3 (0/C132A8C0FFFF0000) fifoRkey=0x17fdbc fifoLkey=0x17fdbc
MOC-R4PCC04U05:598700:598841 [2] NCCL INFO NET/IB: IbDev 0 Port 1 qpn 6762 set_ece={supported=1, vendor_id=0x15b3, options=0x0, comp_mask=0x0}
MOC-R4PCC04U05:598700:598841 [2] NCCL INFO NET/IB: NCCL Dev 1 IbDev 0 Port 1 qpn 9718 mtu 3 query_ece={supported=1, vendor_id=0x15b3, options=0x30000002, comp_mask=0x0} GID 3 (0/C132A8C0FFFF0000) fifoRkey=0x17f5b4 fifoLkey=0x17f5b4
MOC-R4PCC04U05:598700:598841 [2] NCCL INFO NET/IB: IbDev 0 Port 1 qpn 6764 set_ece={supported=1, vendor_id=0x15b3, options=0x0, comp_mask=0x0}
MOC-R4PCC04U05:598700:598841 [2] NCCL INFO NET/IB: NCCL Dev 1 IbDev 0 Port 1 qpn 9721 mtu 3 query_ece={supported=1, vendor_id=0x15b3, options=0x30000002, comp_mask=0x0} GID 3 (0/C132A8C0FFFF0000) fifoRkey=0x17edac fifoLkey=0x17edac
MOC-R4PCC04U05:598700:598841 [2] NCCL INFO NET/IB: IbDev 0 Port 1 qpn 6766 set_ece={supported=1, vendor_id=0x15b3, options=0x0, comp_mask=0x0}
MOC-R4PCC04U05:598700:598841 [2] NCCL INFO NET/IB: IbDev 0 Port 1 qpn 6768 set_ece={supported=1, vendor_id=0x15b3, options=0x0, comp_mask=0x0}
step    1/10 | train loss 11.010590 | norm 15.4878 | lr 1.00e-04 | (14044.32 ms | 55996 tok/s)
step    2/10 | train loss 10.133062 | norm 5.7716 | lr 1.00e-04 | (223.93 ms | 3512024 tok/s)
step    3/10 | train loss 9.789968 | norm 2.6230 | lr 1.00e-04 | (220.24 ms | 3570747 tok/s)
step    4/10 | train loss 9.619511 | norm 2.1196 | lr 1.00e-04 | (221.68 ms | 3547609 tok/s)
step    5/10 | train loss 9.536170 | norm 2.1144 | lr 1.00e-04 | (220.79 ms | 3561921 tok/s)
step    6/10 | train loss 9.454325 | norm 2.0046 | lr 1.00e-04 | (217.93 ms | 3608663 tok/s)
step    7/10 | train loss 9.368589 | norm 1.9542 | lr 1.00e-04 | (218.74 ms | 3595247 tok/s)
step    8/10 | train loss 9.277065 | norm 1.9203 | lr 1.00e-04 | (219.88 ms | 3576597 tok/s)
step    9/10 | train loss 9.182121 | norm 1.8690 | lr 1.00e-04 | (220.63 ms | 3564473 tok/s)
step   10/10 | train loss 9.094345 | norm 1.7912 | lr 1.00e-04 | (218.75 ms | 3595071 tok/s)
final 9 iters avg: 220.286ms
peak memory consumption: 16601 MiB
