Running pytorch 2.7.0+cu126
using device: cuda:0
total desired batch size: 4194304
=> calculated gradient accumulation steps: 8
using device: cuda:1
using device: cuda:2
using device: cuda:3
compiling the model...
DataLoader: total number of tokens: 1,661,249,667 across 103 files
MOC-R4PCC04U05:699808:699808 [0] NCCL INFO NCCL_SOCKET_IFNAME set to eno7np0
MOC-R4PCC04U05:699808:699808 [0] NCCL INFO NCCL version 2.26.2+cuda12.2
MOC-R4PCC04U05:699808:699912 [0] NCCL INFO NET/Plugin: Could not find: libnccl-net.so. Using internal net plugin.
MOC-R4PCC04U05:699809:699809 [1] NCCL INFO NCCL_SOCKET_IFNAME set to eno7np0
MOC-R4PCC04U05:699808:699912 [0] NCCL INFO NCCL_IB_HCA set to mlx5_5
MOC-R4PCC04U05:699809:699809 [1] NCCL INFO NCCL version 2.26.2+cuda12.2
MOC-R4PCC04U05:699810:699810 [2] NCCL INFO NCCL_SOCKET_IFNAME set to eno7np0
MOC-R4PCC04U05:699810:699810 [2] NCCL INFO NCCL version 2.26.2+cuda12.2
MOC-R4PCC04U05:699808:699912 [0] NCCL INFO NET/IB : Made virtual device [0] name=mlx5_5 speed=400000 ndevs=1
MOC-R4PCC04U05:699808:699912 [0] NCCL INFO NET/IB : Using [0]mlx5_5:1/RoCE [RO]; OOB eno7np0:192.168.50.193<0>
MOC-R4PCC04U05:699811:699811 [3] NCCL INFO NCCL_SOCKET_IFNAME set to eno7np0
MOC-R4PCC04U05:699811:699811 [3] NCCL INFO NCCL version 2.26.2+cuda12.2
MOC-R4PCC04U05:699809:699934 [1] NCCL INFO NET/Plugin: Could not find: libnccl-net.so. Using internal net plugin.
MOC-R4PCC04U05:699809:699934 [1] NCCL INFO NCCL_IB_HCA set to mlx5_5
MOC-R4PCC04U05:699810:699935 [2] NCCL INFO NET/Plugin: Could not find: libnccl-net.so. Using internal net plugin.
MOC-R4PCC04U05:699810:699935 [2] NCCL INFO NCCL_IB_HCA set to mlx5_5
MOC-R4PCC04U05:699809:699934 [1] NCCL INFO NET/IB : Made virtual device [0] name=mlx5_5 speed=400000 ndevs=1
MOC-R4PCC04U05:699809:699934 [1] NCCL INFO NET/IB : Using [0]mlx5_5:1/RoCE [RO]; OOB eno7np0:192.168.50.193<0>
MOC-R4PCC04U05:699810:699935 [2] NCCL INFO NET/IB : Made virtual device [0] name=mlx5_5 speed=400000 ndevs=1
MOC-R4PCC04U05:699810:699935 [2] NCCL INFO NET/IB : Using [0]mlx5_5:1/RoCE [RO]; OOB eno7np0:192.168.50.193<0>
MOC-R4PCC04U05:699811:699937 [3] NCCL INFO NET/Plugin: Could not find: libnccl-net.so. Using internal net plugin.
MOC-R4PCC04U05:699811:699937 [3] NCCL INFO NCCL_IB_HCA set to mlx5_5
MOC-R4PCC04U05:699811:699937 [3] NCCL INFO NET/IB : Made virtual device [0] name=mlx5_5 speed=400000 ndevs=1
MOC-R4PCC04U05:699811:699937 [3] NCCL INFO NET/IB : Using [0]mlx5_5:1/RoCE [RO]; OOB eno7np0:192.168.50.193<0>
MOC-R4PCC04U05:699810:699935 [2] NCCL INFO NET/IB : GPU Direct RDMA Enabled for HCA 0 'mlx5_5'
MOC-R4PCC04U05:699810:699935 [2] NCCL INFO NET/IB : Made virtual device [1] name=mlx5_5 speed=400000 ndevs=1
MOC-R4PCC04U05:699810:699935 [2] NCCL INFO NET/IB : GPU Direct RDMA Enabled for HCA 0 'mlx5_5'
MOC-R4PCC04U05:699810:699935 [2] NCCL INFO NET/IB : GPU Direct RDMA Enabled for HCA 1 'mlx5_5'
MOC-R4PCC04U05:699808:699912 [0] NCCL INFO NET/IB : GPU Direct RDMA Enabled for HCA 0 'mlx5_5'
MOC-R4PCC04U05:699808:699912 [0] NCCL INFO NET/IB : Made virtual device [1] name=mlx5_5 speed=400000 ndevs=1
MOC-R4PCC04U05:699808:699912 [0] NCCL INFO NET/IB : GPU Direct RDMA Enabled for HCA 0 'mlx5_5'
MOC-R4PCC04U05:699808:699912 [0] NCCL INFO NET/IB : GPU Direct RDMA Enabled for HCA 1 'mlx5_5'
MOC-R4PCC04U05:699811:699937 [3] NCCL INFO NET/IB : GPU Direct RDMA Enabled for HCA 0 'mlx5_5'
MOC-R4PCC04U05:699811:699937 [3] NCCL INFO NET/IB : Made virtual device [1] name=mlx5_5 speed=400000 ndevs=1
MOC-R4PCC04U05:699811:699937 [3] NCCL INFO NET/IB : GPU Direct RDMA Enabled for HCA 0 'mlx5_5'
MOC-R4PCC04U05:699811:699937 [3] NCCL INFO NET/IB : GPU Direct RDMA Enabled for HCA 1 'mlx5_5'
MOC-R4PCC04U05:699809:699934 [1] NCCL INFO NET/IB : GPU Direct RDMA Enabled for HCA 0 'mlx5_5'
MOC-R4PCC04U05:699809:699934 [1] NCCL INFO NET/IB : Made virtual device [1] name=mlx5_5 speed=400000 ndevs=1
MOC-R4PCC04U05:699809:699934 [1] NCCL INFO NET/IB : GPU Direct RDMA Enabled for HCA 0 'mlx5_5'
MOC-R4PCC04U05:699809:699934 [1] NCCL INFO NET/IB : GPU Direct RDMA Enabled for HCA 1 'mlx5_5'
MOC-R4PCC04U05:699808:699912 [0] NCCL INFO NCCL_NET_GDR_LEVEL set by environment to LOC
MOC-R4PCC04U05:699808:699912 [0] NCCL INFO GPU Direct RDMA Disabled for GPU 0 / HCA 1 (distance 5 > 0)
MOC-R4PCC04U05:699808:699912 [0] NCCL INFO GPU Direct RDMA Disabled for GPU 1 / HCA 1 (distance 5 > 0)
MOC-R4PCC04U05:699808:699912 [0] NCCL INFO GPU Direct RDMA Disabled for GPU 2 / HCA 1 (distance 5 > 0)
MOC-R4PCC04U05:699808:699912 [0] NCCL INFO GPU Direct RDMA Disabled for GPU 0 / HCA 1 (distance 5 > 0)
MOC-R4PCC04U05:699808:699912 [0] NCCL INFO GPU Direct RDMA Disabled for GPU 1 / HCA 1 (distance 5 > 0)
MOC-R4PCC04U05:699808:699912 [0] NCCL INFO GPU Direct RDMA Disabled for GPU 2 / HCA 1 (distance 5 > 0)
MOC-R4PCC04U05:699809:699934 [1] NCCL INFO NCCL_NET_GDR_LEVEL set by environment to LOC
MOC-R4PCC04U05:699809:699934 [1] NCCL INFO GPU Direct RDMA Disabled for GPU 0 / HCA 1 (distance 5 > 0)
MOC-R4PCC04U05:699809:699934 [1] NCCL INFO GPU Direct RDMA Disabled for GPU 1 / HCA 1 (distance 5 > 0)
MOC-R4PCC04U05:699809:699934 [1] NCCL INFO GPU Direct RDMA Disabled for GPU 2 / HCA 1 (distance 5 > 0)
MOC-R4PCC04U05:699809:699934 [1] NCCL INFO GPU Direct RDMA Disabled for GPU 0 / HCA 1 (distance 5 > 0)
MOC-R4PCC04U05:699809:699934 [1] NCCL INFO GPU Direct RDMA Disabled for GPU 1 / HCA 1 (distance 5 > 0)
MOC-R4PCC04U05:699809:699934 [1] NCCL INFO GPU Direct RDMA Disabled for GPU 2 / HCA 1 (distance 5 > 0)
MOC-R4PCC04U05:699810:699935 [2] NCCL INFO NCCL_NET_GDR_LEVEL set by environment to LOC
MOC-R4PCC04U05:699810:699935 [2] NCCL INFO GPU Direct RDMA Disabled for GPU 0 / HCA 1 (distance 5 > 0)
MOC-R4PCC04U05:699810:699935 [2] NCCL INFO GPU Direct RDMA Disabled for GPU 1 / HCA 1 (distance 5 > 0)
MOC-R4PCC04U05:699810:699935 [2] NCCL INFO GPU Direct RDMA Disabled for GPU 2 / HCA 1 (distance 5 > 0)
MOC-R4PCC04U05:699811:699937 [3] NCCL INFO NCCL_NET_GDR_LEVEL set by environment to LOC
MOC-R4PCC04U05:699811:699937 [3] NCCL INFO GPU Direct RDMA Disabled for GPU 0 / HCA 1 (distance 5 > 0)
MOC-R4PCC04U05:699811:699937 [3] NCCL INFO GPU Direct RDMA Disabled for GPU 1 / HCA 1 (distance 5 > 0)
MOC-R4PCC04U05:699811:699937 [3] NCCL INFO GPU Direct RDMA Disabled for GPU 2 / HCA 1 (distance 5 > 0)
MOC-R4PCC04U05:699811:699937 [3] NCCL INFO GPU Direct RDMA Disabled for GPU 0 / HCA 1 (distance 5 > 0)
MOC-R4PCC04U05:699811:699937 [3] NCCL INFO GPU Direct RDMA Disabled for GPU 1 / HCA 1 (distance 5 > 0)
MOC-R4PCC04U05:699811:699937 [3] NCCL INFO GPU Direct RDMA Disabled for GPU 2 / HCA 1 (distance 5 > 0)
MOC-R4PCC04U05:699810:699935 [2] NCCL INFO GPU Direct RDMA Disabled for GPU 0 / HCA 1 (distance 5 > 0)
MOC-R4PCC04U05:699810:699935 [2] NCCL INFO GPU Direct RDMA Disabled for GPU 1 / HCA 1 (distance 5 > 0)
MOC-R4PCC04U05:699810:699935 [2] NCCL INFO GPU Direct RDMA Disabled for GPU 2 / HCA 1 (distance 5 > 0)
MOC-R4PCC04U05:699808:699951 [0] NCCL INFO New proxy send connection 0 from local rank 0, transport 0
MOC-R4PCC04U05:699808:699957 [0] NCCL INFO Connected to proxy localRank 0 -> connection 0x7f2c00004f30
MOC-R4PCC04U05:699808:699951 [0] NCCL INFO New proxy send connection 1 from local rank 0, transport 0
MOC-R4PCC04U05:699808:699957 [0] NCCL INFO Connected to proxy localRank 0 -> connection 0x7f2c00004fa8
MOC-R4PCC04U05:699810:699949 [2] NCCL INFO New proxy recv connection 0 from local rank 2, transport 0
MOC-R4PCC04U05:699810:699958 [2] NCCL INFO Connected to proxy localRank 2 -> connection 0x7fc3a0004f30
MOC-R4PCC04U05:699811:699950 [3] NCCL INFO New proxy recv connection 0 from local rank 3, transport 0
MOC-R4PCC04U05:699811:699959 [3] NCCL INFO Connected to proxy localRank 3 -> connection 0x7f3530004f30
MOC-R4PCC04U05:699811:699950 [3] NCCL INFO New proxy recv connection 1 from local rank 3, transport 0
MOC-R4PCC04U05:699811:699959 [3] NCCL INFO Connected to proxy localRank 3 -> connection 0x7f3530004fa8
MOC-R4PCC04U05:699810:699949 [2] NCCL INFO New proxy recv connection 1 from local rank 2, transport 0
MOC-R4PCC04U05:699810:699958 [2] NCCL INFO Connected to proxy localRank 2 -> connection 0x7fc3a0004fa8
MOC-R4PCC04U05:699810:699958 [2] NCCL INFO GPU Direct RDMA Disabled for GPU 2 / HCA 1 (distance 7 > 0)
MOC-R4PCC04U05:699811:699959 [3] NCCL INFO GPU Direct RDMA Disabled for GPU 3 / HCA 1 (distance 7 > 0)
MOC-R4PCC04U05:699808:699951 [0] NCCL INFO New proxy send connection 2 from local rank 0, transport 0
MOC-R4PCC04U05:699808:699957 [0] NCCL INFO Connected to proxy localRank 0 -> connection 0x7f2c00005020
MOC-R4PCC04U05:699810:699949 [2] NCCL INFO New proxy recv connection 2 from local rank 2, transport 2
MOC-R4PCC04U05:699810:699958 [2] NCCL INFO Connected to proxy localRank 2 -> connection 0x7fc3a0005020
MOC-R4PCC04U05:699810:699958 [2] NCCL INFO Channel 00/0 : 15[3] -> 2[2] [receive] via NET/IB/1
MOC-R4PCC04U05:699810:699958 [2] NCCL INFO GPU Direct RDMA Disabled for GPU 2 / HCA 1 (distance 7 > 0)
MOC-R4PCC04U05:699810:699949 [2] NCCL INFO New proxy recv connection 3 from local rank 2, transport 2
MOC-R4PCC04U05:699810:699958 [2] NCCL INFO Connected to proxy localRank 2 -> connection 0x7fc3a0005098
MOC-R4PCC04U05:699810:699958 [2] NCCL INFO Channel 02/0 : 15[3] -> 2[2] [receive] via NET/IB/1
MOC-R4PCC04U05:699811:699950 [3] NCCL INFO New proxy send connection 2 from local rank 3, transport 2
MOC-R4PCC04U05:699811:699959 [3] NCCL INFO Connected to proxy localRank 3 -> connection 0x7f3530005020
MOC-R4PCC04U05:699811:699959 [3] NCCL INFO Channel 00/0 : 3[3] -> 6[2] [send] via NET/IB/1
MOC-R4PCC04U05:699811:699959 [3] NCCL INFO GPU Direct RDMA Disabled for GPU 3 / HCA 1 (distance 7 > 0)
MOC-R4PCC04U05:699811:699950 [3] NCCL INFO New proxy send connection 3 from local rank 3, transport 2
MOC-R4PCC04U05:699811:699959 [3] NCCL INFO Connected to proxy localRank 3 -> connection 0x7f3530005098
MOC-R4PCC04U05:699811:699959 [3] NCCL INFO Channel 02/0 : 3[3] -> 6[2] [send] via NET/IB/1
MOC-R4PCC04U05:699808:699951 [0] NCCL INFO New proxy send connection 3 from local rank 0, transport 0
MOC-R4PCC04U05:699808:699957 [0] NCCL INFO Connected to proxy localRank 0 -> connection 0x7f2c00005098
MOC-R4PCC04U05:699809:699952 [1] NCCL INFO New proxy recv connection 0 from local rank 1, transport 0
MOC-R4PCC04U05:699809:700029 [1] NCCL INFO Connected to proxy localRank 1 -> connection 0x7f108c004f30
MOC-R4PCC04U05:699808:699951 [0] NCCL INFO New proxy recv connection 4 from local rank 0, transport 0
MOC-R4PCC04U05:699811:699959 [3] NCCL INFO GPU Direct RDMA Disabled for GPU 3 / HCA 1 (distance 7 > 0)
MOC-R4PCC04U05:699808:699957 [0] NCCL INFO Connected to proxy localRank 0 -> connection 0x7f2c00005110
MOC-R4PCC04U05:699811:699950 [3] NCCL INFO New proxy recv connection 4 from local rank 3, transport 2
MOC-R4PCC04U05:699811:699959 [3] NCCL INFO Connected to proxy localRank 3 -> connection 0x7f3530005110
MOC-R4PCC04U05:699811:699959 [3] NCCL INFO Channel 01/0 : 14[2] -> 3[3] [receive] via NET/IB/1
MOC-R4PCC04U05:699811:699959 [3] NCCL INFO GPU Direct RDMA Disabled for GPU 3 / HCA 1 (distance 7 > 0)
MOC-R4PCC04U05:699811:699950 [3] NCCL INFO New proxy recv connection 5 from local rank 3, transport 2
MOC-R4PCC04U05:699811:699959 [3] NCCL INFO Connected to proxy localRank 3 -> connection 0x7f3530005188
MOC-R4PCC04U05:699811:699959 [3] NCCL INFO Channel 03/0 : 14[2] -> 3[3] [receive] via NET/IB/1
MOC-R4PCC04U05:699809:699952 [1] NCCL INFO New proxy recv connection 1 from local rank 1, transport 0
MOC-R4PCC04U05:699809:700029 [1] NCCL INFO Connected to proxy localRank 1 -> connection 0x7f108c004fa8
MOC-R4PCC04U05:699808:699951 [0] NCCL INFO New proxy recv connection 5 from local rank 0, transport 0
MOC-R4PCC04U05:699808:699957 [0] NCCL INFO Connected to proxy localRank 0 -> connection 0x7f2c00005188
MOC-R4PCC04U05:699808:699951 [0] NCCL INFO New proxy recv connection 6 from local rank 0, transport 0
MOC-R4PCC04U05:699808:699957 [0] NCCL INFO Connected to proxy localRank 0 -> connection 0x7f2c00005200
MOC-R4PCC04U05:699808:699951 [0] NCCL INFO New proxy recv connection 7 from local rank 0, transport 0
MOC-R4PCC04U05:699808:699957 [0] NCCL INFO Connected to proxy localRank 0 -> connection 0x7f2c00005278
MOC-R4PCC04U05:699810:699958 [2] NCCL INFO GPU Direct RDMA Disabled for GPU 2 / HCA 1 (distance 7 > 0)
MOC-R4PCC04U05:699810:699949 [2] NCCL INFO New proxy send connection 4 from local rank 2, transport 2
MOC-R4PCC04U05:699810:699958 [2] NCCL INFO Connected to proxy localRank 2 -> connection 0x7fc3a0005110
MOC-R4PCC04U05:699810:699958 [2] NCCL INFO Channel 01/0 : 2[2] -> 7[3] [send] via NET/IB/1
MOC-R4PCC04U05:699810:699958 [2] NCCL INFO GPU Direct RDMA Disabled for GPU 2 / HCA 1 (distance 7 > 0)
MOC-R4PCC04U05:699810:699949 [2] NCCL INFO New proxy send connection 5 from local rank 2, transport 2
MOC-R4PCC04U05:699810:699958 [2] NCCL INFO Connected to proxy localRank 2 -> connection 0x7fc3a0005188
MOC-R4PCC04U05:699810:699958 [2] NCCL INFO Channel 03/0 : 2[2] -> 7[3] [send] via NET/IB/1
MOC-R4PCC04U05:699810:699949 [2] NCCL INFO New proxy send connection 6 from local rank 2, transport 0
MOC-R4PCC04U05:699810:699958 [2] NCCL INFO Connected to proxy localRank 2 -> connection 0x7fc3a0005200
MOC-R4PCC04U05:699810:699949 [2] NCCL INFO New proxy send connection 7 from local rank 2, transport 0
MOC-R4PCC04U05:699810:699958 [2] NCCL INFO Connected to proxy localRank 2 -> connection 0x7fc3a0005278
MOC-R4PCC04U05:699811:699950 [3] NCCL INFO New proxy send connection 6 from local rank 3, transport 0
MOC-R4PCC04U05:699811:699959 [3] NCCL INFO Connected to proxy localRank 3 -> connection 0x7f3530005200
MOC-R4PCC04U05:699811:699950 [3] NCCL INFO New proxy send connection 7 from local rank 3, transport 0
MOC-R4PCC04U05:699811:699959 [3] NCCL INFO Connected to proxy localRank 3 -> connection 0x7f3530005278
MOC-R4PCC04U05:699809:699952 [1] NCCL INFO New proxy recv connection 2 from local rank 1, transport 0
MOC-R4PCC04U05:699809:700029 [1] NCCL INFO Connected to proxy localRank 1 -> connection 0x7f108c005020
MOC-R4PCC04U05:699808:699951 [0] NCCL INFO New proxy send connection 8 from local rank 3, transport 0
MOC-R4PCC04U05:699811:699959 [3] NCCL INFO Connected to proxy localRank 0 -> connection 0x7f2c000052f0
MOC-R4PCC04U05:699809:699952 [1] NCCL INFO New proxy recv connection 3 from local rank 1, transport 0
MOC-R4PCC04U05:699809:700029 [1] NCCL INFO Connected to proxy localRank 1 -> connection 0x7f108c005098
MOC-R4PCC04U05:699809:699952 [1] NCCL INFO New proxy send connection 4 from local rank 1, transport 0
MOC-R4PCC04U05:699809:700029 [1] NCCL INFO Connected to proxy localRank 1 -> connection 0x7f108c005110
MOC-R4PCC04U05:699809:699952 [1] NCCL INFO New proxy send connection 5 from local rank 1, transport 0
MOC-R4PCC04U05:699809:700029 [1] NCCL INFO Connected to proxy localRank 1 -> connection 0x7f108c005188
MOC-R4PCC04U05:699809:699952 [1] NCCL INFO New proxy send connection 6 from local rank 1, transport 0
MOC-R4PCC04U05:699809:700029 [1] NCCL INFO Connected to proxy localRank 1 -> connection 0x7f108c005200
MOC-R4PCC04U05:699809:699952 [1] NCCL INFO New proxy send connection 7 from local rank 1, transport 0
MOC-R4PCC04U05:699809:700029 [1] NCCL INFO Connected to proxy localRank 1 -> connection 0x7f108c005278
MOC-R4PCC04U05:699809:699952 [1] NCCL INFO New proxy send connection 8 from local rank 3, transport 0
MOC-R4PCC04U05:699811:699959 [3] NCCL INFO Connected to proxy localRank 1 -> connection 0x7f108c0052f0
MOC-R4PCC04U05:699811:699950 [3] NCCL INFO New proxy send connection 8 from local rank 1, transport 0
MOC-R4PCC04U05:699809:700029 [1] NCCL INFO Connected to proxy localRank 3 -> connection 0x7f35300052f0
MOC-R4PCC04U05:699808:699951 [0] NCCL INFO New proxy send connection 9 from local rank 2, transport 0
MOC-R4PCC04U05:699810:699958 [2] NCCL INFO Connected to proxy localRank 0 -> connection 0x7f2c00005368
MOC-R4PCC04U05:699810:699949 [2] NCCL INFO New proxy send connection 8 from local rank 0, transport 0
MOC-R4PCC04U05:699808:699957 [0] NCCL INFO Connected to proxy localRank 2 -> connection 0x7fc3a00052f0
MOC-R4PCC04U05:699811:699950 [3] NCCL INFO NET/IB: NCCL Dev 1 IbDev 0 Port 1 qpn 11498 mtu 3 query_ece={supported=1, vendor_id=0x15b3, options=0x30000002, comp_mask=0x0} GID 3 (0/C132A8C0FFFF0000) fifoRkey=0x173af9 fifoLkey=0x173af9
MOC-R4PCC04U05:699811:699950 [3] NCCL INFO NET/IB: NCCL Dev 1 IbDev 0 Port 1 qpn 11499 mtu 3 query_ece={supported=1, vendor_id=0x15b3, options=0x30000002, comp_mask=0x0} GID 3 (0/C132A8C0FFFF0000) fifoRkey=0x17d796 fifoLkey=0x17d796
MOC-R4PCC04U05:699811:699950 [3] NCCL INFO NET/IB: IbDev 0 Port 1 qpn 11752 set_ece={supported=1, vendor_id=0x15b3, options=0x0, comp_mask=0x0}
MOC-R4PCC04U05:699809:699952 [1] NCCL INFO New proxy send connection 9 from local rank 2, transport 0
MOC-R4PCC04U05:699810:699958 [2] NCCL INFO Connected to proxy localRank 1 -> connection 0x7f108c005368
MOC-R4PCC04U05:699811:699950 [3] NCCL INFO NET/IB: IbDev 0 Port 1 qpn 11755 set_ece={supported=1, vendor_id=0x15b3, options=0x0, comp_mask=0x0}
MOC-R4PCC04U05:699808:699951 [0] NCCL INFO New proxy send connection 10 from local rank 1, transport 0
MOC-R4PCC04U05:699809:700029 [1] NCCL INFO Connected to proxy localRank 0 -> connection 0x7f2c000053e0
MOC-R4PCC04U05:699811:699950 [3] NCCL INFO New proxy send connection 9 from local rank 0, transport 0
MOC-R4PCC04U05:699808:699957 [0] NCCL INFO Connected to proxy localRank 3 -> connection 0x7f3530005368
MOC-R4PCC04U05:699810:699949 [2] NCCL INFO NET/IB: NCCL Dev 1 IbDev 0 Port 1 qpn 11504 mtu 3 query_ece={supported=1, vendor_id=0x15b3, options=0x30000002, comp_mask=0x0} GID 3 (0/C132A8C0FFFF0000) fifoRkey=0x172eed fifoLkey=0x172eed
MOC-R4PCC04U05:699810:699949 [2] NCCL INFO NET/IB: NCCL Dev 1 IbDev 0 Port 1 qpn 11505 mtu 3 query_ece={supported=1, vendor_id=0x15b3, options=0x30000002, comp_mask=0x0} GID 3 (0/C132A8C0FFFF0000) fifoRkey=0x177837 fifoLkey=0x177837
MOC-R4PCC04U05:699810:699949 [2] NCCL INFO NET/IB: IbDev 0 Port 1 qpn 11758 set_ece={supported=1, vendor_id=0x15b3, options=0x0, comp_mask=0x0}
MOC-R4PCC04U05:699810:699949 [2] NCCL INFO NET/IB: IbDev 0 Port 1 qpn 11760 set_ece={supported=1, vendor_id=0x15b3, options=0x0, comp_mask=0x0}
MOC-R4PCC04U05:699809:699952 [1] NCCL INFO New proxy send connection 10 from local rank 0, transport 0
MOC-R4PCC04U05:699808:699957 [0] NCCL INFO Connected to proxy localRank 1 -> connection 0x7f108c0053e0
MOC-R4PCC04U05:699810:699949 [2] NCCL INFO New proxy send connection 9 from local rank 1, transport 0
MOC-R4PCC04U05:699809:700029 [1] NCCL INFO Connected to proxy localRank 2 -> connection 0x7fc3a0005368
num decayed parameter tensors: 50, with 124,318,464 parameters
num non-decayed parameter tensors: 98, with 121,344 parameters
using fused AdamW: False
using regular AdamW
MOC-R4PCC04U05:699808:699951 [0] NCCL INFO New proxy send connection 11 from local rank 0, transport 0
MOC-R4PCC04U05:699808:700653 [0] NCCL INFO Connected to proxy localRank 0 -> connection 0x7f2c00005458
MOC-R4PCC04U05:699808:699951 [0] NCCL INFO New proxy send connection 12 from local rank 0, transport 0
MOC-R4PCC04U05:699808:700653 [0] NCCL INFO Connected to proxy localRank 0 -> connection 0x7f2c000054d0
MOC-R4PCC04U05:699808:699951 [0] NCCL INFO New proxy send connection 13 from local rank 0, transport 0
MOC-R4PCC04U05:699808:700653 [0] NCCL INFO Connected to proxy localRank 0 -> connection 0x7f2c00005548
MOC-R4PCC04U05:699808:699951 [0] NCCL INFO New proxy send connection 14 from local rank 0, transport 0
MOC-R4PCC04U05:699808:700653 [0] NCCL INFO Connected to proxy localRank 0 -> connection 0x7f2c000055c0
MOC-R4PCC04U05:699809:699952 [1] NCCL INFO New proxy recv connection 11 from local rank 1, transport 0
MOC-R4PCC04U05:699809:700654 [1] NCCL INFO Connected to proxy localRank 1 -> connection 0x7f108c005458
MOC-R4PCC04U05:699809:699952 [1] NCCL INFO New proxy recv connection 12 from local rank 1, transport 0
MOC-R4PCC04U05:699809:700654 [1] NCCL INFO Connected to proxy localRank 1 -> connection 0x7f108c0054d0
MOC-R4PCC04U05:699809:699952 [1] NCCL INFO New proxy recv connection 13 from local rank 1, transport 0
MOC-R4PCC04U05:699809:700654 [1] NCCL INFO Connected to proxy localRank 1 -> connection 0x7f108c005548
MOC-R4PCC04U05:699809:699952 [1] NCCL INFO New proxy recv connection 14 from local rank 1, transport 0
MOC-R4PCC04U05:699809:700654 [1] NCCL INFO Connected to proxy localRank 1 -> connection 0x7f108c0055c0
MOC-R4PCC04U05:699809:699952 [1] NCCL INFO New proxy send connection 15 from local rank 1, transport 0
MOC-R4PCC04U05:699809:700654 [1] NCCL INFO Connected to proxy localRank 1 -> connection 0x7f108c005638
MOC-R4PCC04U05:699809:699952 [1] NCCL INFO New proxy send connection 16 from local rank 1, transport 0
MOC-R4PCC04U05:699809:700654 [1] NCCL INFO Connected to proxy localRank 1 -> connection 0x7f108c0056b0
MOC-R4PCC04U05:699809:699952 [1] NCCL INFO New proxy send connection 17 from local rank 1, transport 0
MOC-R4PCC04U05:699809:700654 [1] NCCL INFO Connected to proxy localRank 1 -> connection 0x7f108c005728
MOC-R4PCC04U05:699809:699952 [1] NCCL INFO New proxy send connection 18 from local rank 1, transport 0
MOC-R4PCC04U05:699809:700654 [1] NCCL INFO Connected to proxy localRank 1 -> connection 0x7f108c0057a0
MOC-R4PCC04U05:699808:699951 [0] NCCL INFO New proxy send connection 15 from local rank 0, transport 0
MOC-R4PCC04U05:699808:700653 [0] NCCL INFO Connected to proxy localRank 0 -> connection 0x7f2c00005638
MOC-R4PCC04U05:699808:699951 [0] NCCL INFO New proxy send connection 16 from local rank 0, transport 0
MOC-R4PCC04U05:699808:700653 [0] NCCL INFO Connected to proxy localRank 0 -> connection 0x7f2c000056b0
MOC-R4PCC04U05:699810:699949 [2] NCCL INFO New proxy recv connection 10 from local rank 2, transport 0
MOC-R4PCC04U05:699810:700655 [2] NCCL INFO Connected to proxy localRank 2 -> connection 0x7fc3a00053e0
MOC-R4PCC04U05:699810:699949 [2] NCCL INFO New proxy recv connection 11 from local rank 2, transport 0
MOC-R4PCC04U05:699810:700655 [2] NCCL INFO Connected to proxy localRank 2 -> connection 0x7fc3a0005458
MOC-R4PCC04U05:699810:699949 [2] NCCL INFO New proxy recv connection 12 from local rank 2, transport 0
MOC-R4PCC04U05:699810:700655 [2] NCCL INFO Connected to proxy localRank 2 -> connection 0x7fc3a00054d0
MOC-R4PCC04U05:699810:699949 [2] NCCL INFO New proxy recv connection 13 from local rank 2, transport 0
MOC-R4PCC04U05:699810:700655 [2] NCCL INFO Connected to proxy localRank 2 -> connection 0x7fc3a0005548
MOC-R4PCC04U05:699809:699952 [1] NCCL INFO New proxy recv connection 19 from local rank 1, transport 0
MOC-R4PCC04U05:699810:699949 [2] NCCL INFO New proxy send connection 14 from local rank 2, transport 0
MOC-R4PCC04U05:699809:700654 [1] NCCL INFO Connected to proxy localRank 1 -> connection 0x7f108c005818
MOC-R4PCC04U05:699810:700655 [2] NCCL INFO Connected to proxy localRank 2 -> connection 0x7fc3a00055c0
MOC-R4PCC04U05:699810:699949 [2] NCCL INFO New proxy send connection 15 from local rank 2, transport 0
MOC-R4PCC04U05:699809:699952 [1] NCCL INFO New proxy recv connection 20 from local rank 1, transport 0
MOC-R4PCC04U05:699810:700655 [2] NCCL INFO Connected to proxy localRank 2 -> connection 0x7fc3a0005638
MOC-R4PCC04U05:699809:700654 [1] NCCL INFO Connected to proxy localRank 1 -> connection 0x7f108c005890
MOC-R4PCC04U05:699811:699950 [3] NCCL INFO New proxy recv connection 10 from local rank 3, transport 0
MOC-R4PCC04U05:699811:700656 [3] NCCL INFO Connected to proxy localRank 3 -> connection 0x7f35300053e0
MOC-R4PCC04U05:699811:699950 [3] NCCL INFO New proxy recv connection 11 from local rank 3, transport 0
MOC-R4PCC04U05:699811:700656 [3] NCCL INFO Connected to proxy localRank 3 -> connection 0x7f3530005458
MOC-R4PCC04U05:699811:700656 [3] NCCL INFO GPU Direct RDMA Disabled for GPU 3 / HCA 1 (distance 7 > 0)
MOC-R4PCC04U05:699811:699950 [3] NCCL INFO New proxy send connection 12 from local rank 3, transport 2
MOC-R4PCC04U05:699811:700656 [3] NCCL INFO Connected to proxy localRank 3 -> connection 0x7f35300054d0
MOC-R4PCC04U05:699811:700656 [3] NCCL INFO Channel 02/0 : 3[3] -> 7[3] [send] via NET/IB/1
MOC-R4PCC04U05:699811:700656 [3] NCCL INFO GPU Direct RDMA Disabled for GPU 3 / HCA 1 (distance 7 > 0)
MOC-R4PCC04U05:699808:699951 [0] NCCL INFO New proxy recv connection 17 from local rank 0, transport 0
MOC-R4PCC04U05:699811:699950 [3] NCCL INFO New proxy send connection 13 from local rank 3, transport 2
MOC-R4PCC04U05:699811:700656 [3] NCCL INFO Connected to proxy localRank 3 -> connection 0x7f3530005548
MOC-R4PCC04U05:699808:700653 [0] NCCL INFO Connected to proxy localRank 0 -> connection 0x7f2c00005728
MOC-R4PCC04U05:699811:700656 [3] NCCL INFO Channel 03/0 : 3[3] -> 7[3] [send] via NET/IB/1
MOC-R4PCC04U05:699808:699951 [0] NCCL INFO New proxy recv connection 18 from local rank 0, transport 0
MOC-R4PCC04U05:699808:700653 [0] NCCL INFO Connected to proxy localRank 0 -> connection 0x7f2c000057a0
MOC-R4PCC04U05:699808:699951 [0] NCCL INFO New proxy recv connection 19 from local rank 0, transport 0
MOC-R4PCC04U05:699808:700653 [0] NCCL INFO Connected to proxy localRank 0 -> connection 0x7f2c00005818
MOC-R4PCC04U05:699808:699951 [0] NCCL INFO New proxy recv connection 20 from local rank 0, transport 0
MOC-R4PCC04U05:699808:700653 [0] NCCL INFO Connected to proxy localRank 0 -> connection 0x7f2c00005890
MOC-R4PCC04U05:699811:700656 [3] NCCL INFO GPU Direct RDMA Disabled for GPU 3 / HCA 1 (distance 7 > 0)
MOC-R4PCC04U05:699811:699950 [3] NCCL INFO New proxy recv connection 14 from local rank 3, transport 2
MOC-R4PCC04U05:699811:700656 [3] NCCL INFO Connected to proxy localRank 3 -> connection 0x7f35300055c0
MOC-R4PCC04U05:699811:700656 [3] NCCL INFO Channel 00/0 : 11[3] -> 3[3] [receive] via NET/IB/1
MOC-R4PCC04U05:699811:700656 [3] NCCL INFO GPU Direct RDMA Disabled for GPU 3 / HCA 1 (distance 7 > 0)
MOC-R4PCC04U05:699811:699950 [3] NCCL INFO New proxy recv connection 15 from local rank 3, transport 2
MOC-R4PCC04U05:699811:700656 [3] NCCL INFO Connected to proxy localRank 3 -> connection 0x7f3530005638
MOC-R4PCC04U05:699811:700656 [3] NCCL INFO Channel 01/0 : 11[3] -> 3[3] [receive] via NET/IB/1
MOC-R4PCC04U05:699811:700656 [3] NCCL INFO GPU Direct RDMA Disabled for GPU 3 / HCA 1 (distance 7 > 0)
MOC-R4PCC04U05:699811:699950 [3] NCCL INFO New proxy send connection 16 from local rank 3, transport 2
MOC-R4PCC04U05:699811:700656 [3] NCCL INFO Connected to proxy localRank 3 -> connection 0x7f35300056b0
MOC-R4PCC04U05:699811:700656 [3] NCCL INFO Channel 00/0 : 3[3] -> 11[3] [send] via NET/IB/1
MOC-R4PCC04U05:699811:700656 [3] NCCL INFO GPU Direct RDMA Disabled for GPU 3 / HCA 1 (distance 7 > 0)
MOC-R4PCC04U05:699811:699950 [3] NCCL INFO New proxy send connection 17 from local rank 3, transport 2
MOC-R4PCC04U05:699811:700656 [3] NCCL INFO Connected to proxy localRank 3 -> connection 0x7f3530005728
MOC-R4PCC04U05:699811:700656 [3] NCCL INFO Channel 01/0 : 3[3] -> 11[3] [send] via NET/IB/1
MOC-R4PCC04U05:699811:700656 [3] NCCL INFO GPU Direct RDMA Disabled for GPU 3 / HCA 1 (distance 7 > 0)
MOC-R4PCC04U05:699811:699950 [3] NCCL INFO New proxy recv connection 18 from local rank 3, transport 2
MOC-R4PCC04U05:699811:700656 [3] NCCL INFO Connected to proxy localRank 3 -> connection 0x7f35300057a0
MOC-R4PCC04U05:699811:700656 [3] NCCL INFO Channel 02/0 : 7[3] -> 3[3] [receive] via NET/IB/1
MOC-R4PCC04U05:699811:700656 [3] NCCL INFO GPU Direct RDMA Disabled for GPU 3 / HCA 1 (distance 7 > 0)
MOC-R4PCC04U05:699811:699950 [3] NCCL INFO New proxy recv connection 19 from local rank 3, transport 2
MOC-R4PCC04U05:699811:700656 [3] NCCL INFO Connected to proxy localRank 3 -> connection 0x7f3530005818
MOC-R4PCC04U05:699811:700656 [3] NCCL INFO Channel 03/0 : 7[3] -> 3[3] [receive] via NET/IB/1
MOC-R4PCC04U05:699811:699950 [3] NCCL INFO New proxy send connection 20 from local rank 3, transport 0
MOC-R4PCC04U05:699811:700656 [3] NCCL INFO Connected to proxy localRank 3 -> connection 0x7f3530005890
MOC-R4PCC04U05:699811:699950 [3] NCCL INFO New proxy send connection 21 from local rank 3, transport 0
MOC-R4PCC04U05:699811:700656 [3] NCCL INFO Connected to proxy localRank 3 -> connection 0x7f3530005908
MOC-R4PCC04U05:699811:699950 [3] NCCL INFO New proxy send connection 22 from local rank 3, transport 0
MOC-R4PCC04U05:699811:700656 [3] NCCL INFO Connected to proxy localRank 3 -> connection 0x7f3530005980
MOC-R4PCC04U05:699811:699950 [3] NCCL INFO New proxy send connection 23 from local rank 3, transport 0
MOC-R4PCC04U05:699811:700656 [3] NCCL INFO Connected to proxy localRank 3 -> connection 0x7f35300059f8
MOC-R4PCC04U05:699811:699950 [3] NCCL INFO NET/IB: NCCL Dev 1 IbDev 0 Port 1 qpn 11510 mtu 3 query_ece={supported=1, vendor_id=0x15b3, options=0x30000002, comp_mask=0x0} GID 3 (0/C132A8C0FFFF0000) fifoRkey=0x17a767 fifoLkey=0x17a767
MOC-R4PCC04U05:699811:699950 [3] NCCL INFO NET/IB: NCCL Dev 1 IbDev 0 Port 1 qpn 11511 mtu 3 query_ece={supported=1, vendor_id=0x15b3, options=0x30000002, comp_mask=0x0} GID 3 (0/C132A8C0FFFF0000) fifoRkey=0x1722e1 fifoLkey=0x1722e1
MOC-R4PCC04U05:699811:699950 [3] NCCL INFO NET/IB: IbDev 0 Port 1 qpn 11765 set_ece={supported=1, vendor_id=0x15b3, options=0x0, comp_mask=0x0}
MOC-R4PCC04U05:699811:699950 [3] NCCL INFO NET/IB: IbDev 0 Port 1 qpn 11768 set_ece={supported=1, vendor_id=0x15b3, options=0x0, comp_mask=0x0}
MOC-R4PCC04U05:699811:699950 [3] NCCL INFO NET/IB: NCCL Dev 1 IbDev 0 Port 1 qpn 11518 mtu 3 query_ece={supported=1, vendor_id=0x15b3, options=0x30000002, comp_mask=0x0} GID 3 (0/C132A8C0FFFF0000) fifoRkey=0x17bf7e fifoLkey=0x17bf7e
MOC-R4PCC04U05:699811:699950 [3] NCCL INFO NET/IB: NCCL Dev 1 IbDev 0 Port 1 qpn 11519 mtu 3 query_ece={supported=1, vendor_id=0x15b3, options=0x30000002, comp_mask=0x0} GID 3 (0/C132A8C0FFFF0000) fifoRkey=0x175412 fifoLkey=0x175412
MOC-R4PCC04U05:699811:699950 [3] NCCL INFO NET/IB: IbDev 0 Port 1 qpn 9217 set_ece={supported=1, vendor_id=0x15b3, options=0x0, comp_mask=0x0}
MOC-R4PCC04U05:699811:699950 [3] NCCL INFO NET/IB: IbDev 0 Port 1 qpn 9220 set_ece={supported=1, vendor_id=0x15b3, options=0x0, comp_mask=0x0}
step    1/10 | train loss 11.010080 | norm 15.3560 | lr 1.00e-04 | (14615.66 ms | 286973 tok/s)
step    2/10 | train loss 10.138500 | norm 5.7509 | lr 1.00e-04 | (654.32 ms | 6410191 tok/s)
step    3/10 | train loss 9.798906 | norm 2.6008 | lr 1.00e-04 | (653.57 ms | 6417492 tok/s)
step    4/10 | train loss 9.629972 | norm 2.1074 | lr 1.00e-04 | (656.98 ms | 6384186 tok/s)
step    5/10 | train loss 9.547401 | norm 2.1023 | lr 1.00e-04 | (656.71 ms | 6386798 tok/s)
step    6/10 | train loss 9.467024 | norm 1.9934 | lr 1.00e-04 | (723.16 ms | 5799953 tok/s)
step    7/10 | train loss 9.382393 | norm 1.9432 | lr 1.00e-04 | (659.94 ms | 6355611 tok/s)
step    8/10 | train loss 9.291875 | norm 1.9119 | lr 1.00e-04 | (655.13 ms | 6402245 tok/s)
step    9/10 | train loss 9.197287 | norm 1.8625 | lr 1.00e-04 | (694.42 ms | 6040030 tok/s)
step   10/10 | train loss 9.110221 | norm 1.7873 | lr 1.00e-04 | (661.08 ms | 6344595 tok/s)
final 9 iters avg: 668.369ms
peak memory consumption: 16601 MiB
