Running pytorch 2.7.0+cu126
using device: cuda:0
total desired batch size: 1179648
=> calculated gradient accumulation steps: 3
using device: cuda:1
using device: cuda:3
using device: cuda:2
compiling the model...
DataLoader: total number of tokens: 1,661,249,667 across 103 files
MOC-R4PCC04U05:517987:517987 [0] NCCL INFO NCCL_SOCKET_IFNAME set to eno7np0
MOC-R4PCC04U05:517987:517987 [0] NCCL INFO NCCL version 2.26.2+cuda12.2
MOC-R4PCC04U05:517987:518091 [0] NCCL INFO NET/Plugin: Could not find: libnccl-net.so. Using internal net plugin.
MOC-R4PCC04U05:517987:518091 [0] NCCL INFO NCCL_IB_HCA set to mlx5_5
MOC-R4PCC04U05:517988:517988 [1] NCCL INFO NCCL_SOCKET_IFNAME set to eno7np0
MOC-R4PCC04U05:517987:518091 [0] NCCL INFO NET/IB : Made virtual device [0] name=mlx5_5 speed=400000 ndevs=1
MOC-R4PCC04U05:517987:518091 [0] NCCL INFO NET/IB : Using [0]mlx5_5:1/RoCE [RO]; OOB eno7np0:192.168.50.193<0>
MOC-R4PCC04U05:517988:517988 [1] NCCL INFO NCCL version 2.26.2+cuda12.2
MOC-R4PCC04U05:517990:517990 [3] NCCL INFO NCCL_SOCKET_IFNAME set to eno7np0
MOC-R4PCC04U05:517989:517989 [2] NCCL INFO NCCL_SOCKET_IFNAME set to eno7np0
MOC-R4PCC04U05:517990:517990 [3] NCCL INFO NCCL version 2.26.2+cuda12.2
MOC-R4PCC04U05:517989:517989 [2] NCCL INFO NCCL version 2.26.2+cuda12.2
MOC-R4PCC04U05:517988:518114 [1] NCCL INFO NET/Plugin: Could not find: libnccl-net.so. Using internal net plugin.
MOC-R4PCC04U05:517988:518114 [1] NCCL INFO NCCL_IB_HCA set to mlx5_5
MOC-R4PCC04U05:517988:518114 [1] NCCL INFO NET/IB : Made virtual device [0] name=mlx5_5 speed=400000 ndevs=1
MOC-R4PCC04U05:517988:518114 [1] NCCL INFO NET/IB : Using [0]mlx5_5:1/RoCE [RO]; OOB eno7np0:192.168.50.193<0>
MOC-R4PCC04U05:517990:518115 [3] NCCL INFO NET/Plugin: Could not find: libnccl-net.so. Using internal net plugin.
MOC-R4PCC04U05:517990:518115 [3] NCCL INFO NCCL_IB_HCA set to mlx5_5
MOC-R4PCC04U05:517990:518115 [3] NCCL INFO NET/IB : Made virtual device [0] name=mlx5_5 speed=400000 ndevs=1
MOC-R4PCC04U05:517990:518115 [3] NCCL INFO NET/IB : Using [0]mlx5_5:1/RoCE [RO]; OOB eno7np0:192.168.50.193<0>
MOC-R4PCC04U05:517989:518116 [2] NCCL INFO NET/Plugin: Could not find: libnccl-net.so. Using internal net plugin.
MOC-R4PCC04U05:517989:518116 [2] NCCL INFO NCCL_IB_HCA set to mlx5_5
MOC-R4PCC04U05:517989:518116 [2] NCCL INFO NET/IB : Made virtual device [0] name=mlx5_5 speed=400000 ndevs=1
MOC-R4PCC04U05:517989:518116 [2] NCCL INFO NET/IB : Using [0]mlx5_5:1/RoCE [RO]; OOB eno7np0:192.168.50.193<0>
MOC-R4PCC04U05:517990:518115 [3] NCCL INFO NET/IB : GPU Direct RDMA Enabled for HCA 0 'mlx5_5'
MOC-R4PCC04U05:517990:518115 [3] NCCL INFO NET/IB : Made virtual device [1] name=mlx5_5 speed=400000 ndevs=1
MOC-R4PCC04U05:517990:518115 [3] NCCL INFO NET/IB : GPU Direct RDMA Enabled for HCA 0 'mlx5_5'
MOC-R4PCC04U05:517990:518115 [3] NCCL INFO NET/IB : GPU Direct RDMA Enabled for HCA 1 'mlx5_5'
MOC-R4PCC04U05:517989:518116 [2] NCCL INFO NET/IB : GPU Direct RDMA Enabled for HCA 0 'mlx5_5'
MOC-R4PCC04U05:517989:518116 [2] NCCL INFO NET/IB : Made virtual device [1] name=mlx5_5 speed=400000 ndevs=1
MOC-R4PCC04U05:517989:518116 [2] NCCL INFO NET/IB : GPU Direct RDMA Enabled for HCA 0 'mlx5_5'
MOC-R4PCC04U05:517989:518116 [2] NCCL INFO NET/IB : GPU Direct RDMA Enabled for HCA 1 'mlx5_5'
MOC-R4PCC04U05:517987:518091 [0] NCCL INFO NET/IB : GPU Direct RDMA Enabled for HCA 0 'mlx5_5'
MOC-R4PCC04U05:517987:518091 [0] NCCL INFO NET/IB : Made virtual device [1] name=mlx5_5 speed=400000 ndevs=1
MOC-R4PCC04U05:517987:518091 [0] NCCL INFO NET/IB : GPU Direct RDMA Enabled for HCA 0 'mlx5_5'
MOC-R4PCC04U05:517987:518091 [0] NCCL INFO NET/IB : GPU Direct RDMA Enabled for HCA 1 'mlx5_5'
MOC-R4PCC04U05:517988:518114 [1] NCCL INFO NET/IB : GPU Direct RDMA Enabled for HCA 0 'mlx5_5'
MOC-R4PCC04U05:517988:518114 [1] NCCL INFO NET/IB : Made virtual device [1] name=mlx5_5 speed=400000 ndevs=1
MOC-R4PCC04U05:517988:518114 [1] NCCL INFO NET/IB : GPU Direct RDMA Enabled for HCA 0 'mlx5_5'
MOC-R4PCC04U05:517988:518114 [1] NCCL INFO NET/IB : GPU Direct RDMA Enabled for HCA 1 'mlx5_5'
MOC-R4PCC04U05:517987:518091 [0] NCCL INFO GPU Direct RDMA Enabled for GPU 0 / HCA 1 (distance 5 <= 5), read 0 mode Default
MOC-R4PCC04U05:517987:518091 [0] NCCL INFO GPU Direct RDMA Enabled for GPU 1 / HCA 1 (distance 5 <= 5), read 0 mode Default
MOC-R4PCC04U05:517987:518091 [0] NCCL INFO GPU Direct RDMA Enabled for GPU 2 / HCA 1 (distance 5 <= 5), read 0 mode Default
MOC-R4PCC04U05:517987:518091 [0] NCCL INFO GPU Direct RDMA Enabled for GPU 3 / HCA 1 (distance 5 <= 5), read 0 mode Default
MOC-R4PCC04U05:517988:518114 [1] NCCL INFO GPU Direct RDMA Enabled for GPU 0 / HCA 1 (distance 5 <= 5), read 0 mode Default
MOC-R4PCC04U05:517988:518114 [1] NCCL INFO GPU Direct RDMA Enabled for GPU 1 / HCA 1 (distance 5 <= 5), read 0 mode Default
MOC-R4PCC04U05:517988:518114 [1] NCCL INFO GPU Direct RDMA Enabled for GPU 2 / HCA 1 (distance 5 <= 5), read 0 mode Default
MOC-R4PCC04U05:517988:518114 [1] NCCL INFO GPU Direct RDMA Enabled for GPU 3 / HCA 1 (distance 5 <= 5), read 0 mode Default
MOC-R4PCC04U05:517987:518091 [0] NCCL INFO GPU Direct RDMA Enabled for GPU 0 / HCA 1 (distance 5 <= 5), read 0 mode Default
MOC-R4PCC04U05:517987:518091 [0] NCCL INFO GPU Direct RDMA Enabled for GPU 1 / HCA 1 (distance 5 <= 5), read 0 mode Default
MOC-R4PCC04U05:517987:518091 [0] NCCL INFO GPU Direct RDMA Enabled for GPU 2 / HCA 1 (distance 5 <= 5), read 0 mode Default
MOC-R4PCC04U05:517987:518091 [0] NCCL INFO GPU Direct RDMA Enabled for GPU 3 / HCA 1 (distance 5 <= 5), read 0 mode Default
MOC-R4PCC04U05:517988:518114 [1] NCCL INFO GPU Direct RDMA Enabled for GPU 0 / HCA 1 (distance 5 <= 5), read 0 mode Default
MOC-R4PCC04U05:517988:518114 [1] NCCL INFO GPU Direct RDMA Enabled for GPU 1 / HCA 1 (distance 5 <= 5), read 0 mode Default
MOC-R4PCC04U05:517988:518114 [1] NCCL INFO GPU Direct RDMA Enabled for GPU 2 / HCA 1 (distance 5 <= 5), read 0 mode Default
MOC-R4PCC04U05:517988:518114 [1] NCCL INFO GPU Direct RDMA Enabled for GPU 3 / HCA 1 (distance 5 <= 5), read 0 mode Default
MOC-R4PCC04U05:517990:518115 [3] NCCL INFO GPU Direct RDMA Enabled for GPU 0 / HCA 1 (distance 5 <= 5), read 0 mode Default
MOC-R4PCC04U05:517990:518115 [3] NCCL INFO GPU Direct RDMA Enabled for GPU 1 / HCA 1 (distance 5 <= 5), read 0 mode Default
MOC-R4PCC04U05:517990:518115 [3] NCCL INFO GPU Direct RDMA Enabled for GPU 2 / HCA 1 (distance 5 <= 5), read 0 mode Default
MOC-R4PCC04U05:517990:518115 [3] NCCL INFO GPU Direct RDMA Enabled for GPU 3 / HCA 1 (distance 5 <= 5), read 0 mode Default
MOC-R4PCC04U05:517990:518115 [3] NCCL INFO GPU Direct RDMA Enabled for GPU 0 / HCA 1 (distance 5 <= 5), read 0 mode Default
MOC-R4PCC04U05:517990:518115 [3] NCCL INFO GPU Direct RDMA Enabled for GPU 1 / HCA 1 (distance 5 <= 5), read 0 mode Default
MOC-R4PCC04U05:517990:518115 [3] NCCL INFO GPU Direct RDMA Enabled for GPU 2 / HCA 1 (distance 5 <= 5), read 0 mode Default
MOC-R4PCC04U05:517990:518115 [3] NCCL INFO GPU Direct RDMA Enabled for GPU 3 / HCA 1 (distance 5 <= 5), read 0 mode Default
MOC-R4PCC04U05:517989:518116 [2] NCCL INFO GPU Direct RDMA Enabled for GPU 0 / HCA 1 (distance 5 <= 5), read 0 mode Default
MOC-R4PCC04U05:517989:518116 [2] NCCL INFO GPU Direct RDMA Enabled for GPU 1 / HCA 1 (distance 5 <= 5), read 0 mode Default
MOC-R4PCC04U05:517989:518116 [2] NCCL INFO GPU Direct RDMA Enabled for GPU 2 / HCA 1 (distance 5 <= 5), read 0 mode Default
MOC-R4PCC04U05:517989:518116 [2] NCCL INFO GPU Direct RDMA Enabled for GPU 3 / HCA 1 (distance 5 <= 5), read 0 mode Default
MOC-R4PCC04U05:517989:518116 [2] NCCL INFO GPU Direct RDMA Enabled for GPU 0 / HCA 1 (distance 5 <= 5), read 0 mode Default
MOC-R4PCC04U05:517989:518116 [2] NCCL INFO GPU Direct RDMA Enabled for GPU 1 / HCA 1 (distance 5 <= 5), read 0 mode Default
MOC-R4PCC04U05:517989:518116 [2] NCCL INFO GPU Direct RDMA Enabled for GPU 2 / HCA 1 (distance 5 <= 5), read 0 mode Default
MOC-R4PCC04U05:517989:518116 [2] NCCL INFO GPU Direct RDMA Enabled for GPU 3 / HCA 1 (distance 5 <= 5), read 0 mode Default
MOC-R4PCC04U05:517987:518134 [0] NCCL INFO New proxy send connection 0 from local rank 0, transport 0
MOC-R4PCC04U05:517987:518136 [0] NCCL INFO Connected to proxy localRank 0 -> connection 0x7f17ec004f30
MOC-R4PCC04U05:517990:518128 [3] NCCL INFO New proxy recv connection 0 from local rank 3, transport 0
MOC-R4PCC04U05:517990:518137 [3] NCCL INFO Connected to proxy localRank 3 -> connection 0x7f7bc8004f30
MOC-R4PCC04U05:517988:518130 [1] NCCL INFO New proxy recv connection 0 from local rank 1, transport 0
MOC-R4PCC04U05:517988:518138 [1] NCCL INFO Connected to proxy localRank 1 -> connection 0x7f7538004f30
MOC-R4PCC04U05:517987:518134 [0] NCCL INFO New proxy send connection 1 from local rank 0, transport 0
MOC-R4PCC04U05:517987:518136 [0] NCCL INFO Connected to proxy localRank 0 -> connection 0x7f17ec004fa8
MOC-R4PCC04U05:517990:518128 [3] NCCL INFO New proxy recv connection 1 from local rank 3, transport 0
MOC-R4PCC04U05:517990:518137 [3] NCCL INFO Connected to proxy localRank 3 -> connection 0x7f7bc8004fa8
MOC-R4PCC04U05:517989:518139 [2] NCCL INFO GPU Direct RDMA Enabled for GPU 2 / HCA 1 (distance 5 <= 5), read 0 mode Default
MOC-R4PCC04U05:517987:518134 [0] NCCL INFO New proxy send connection 2 from local rank 0, transport 0
MOC-R4PCC04U05:517987:518136 [0] NCCL INFO Connected to proxy localRank 0 -> connection 0x7f17ec005020
MOC-R4PCC04U05:517988:518130 [1] NCCL INFO New proxy recv connection 1 from local rank 1, transport 0
MOC-R4PCC04U05:517988:518138 [1] NCCL INFO Connected to proxy localRank 1 -> connection 0x7f7538004fa8
MOC-R4PCC04U05:517990:518128 [3] NCCL INFO New proxy recv connection 2 from local rank 3, transport 0
MOC-R4PCC04U05:517990:518137 [3] NCCL INFO Connected to proxy localRank 3 -> connection 0x7f7bc8005020
MOC-R4PCC04U05:517987:518134 [0] NCCL INFO New proxy send connection 3 from local rank 0, transport 0
MOC-R4PCC04U05:517987:518136 [0] NCCL INFO Connected to proxy localRank 0 -> connection 0x7f17ec005098
MOC-R4PCC04U05:517988:518130 [1] NCCL INFO New proxy recv connection 2 from local rank 1, transport 0
MOC-R4PCC04U05:517988:518138 [1] NCCL INFO Connected to proxy localRank 1 -> connection 0x7f7538005020
MOC-R4PCC04U05:517990:518128 [3] NCCL INFO New proxy recv connection 3 from local rank 3, transport 0
MOC-R4PCC04U05:517990:518137 [3] NCCL INFO Connected to proxy localRank 3 -> connection 0x7f7bc8005098
MOC-R4PCC04U05:517990:518137 [3] NCCL INFO GPU Direct RDMA Enabled for GPU 3 / HCA 1 (distance 5 <= 5), read 1 mode Default
MOC-R4PCC04U05:517988:518130 [1] NCCL INFO New proxy recv connection 3 from local rank 1, transport 0
MOC-R4PCC04U05:517988:518138 [1] NCCL INFO Connected to proxy localRank 1 -> connection 0x7f7538005098
MOC-R4PCC04U05:517988:518130 [1] NCCL INFO New proxy send connection 4 from local rank 1, transport 0
MOC-R4PCC04U05:517988:518138 [1] NCCL INFO Connected to proxy localRank 1 -> connection 0x7f7538005110
MOC-R4PCC04U05:517988:518130 [1] NCCL INFO New proxy send connection 5 from local rank 1, transport 0
MOC-R4PCC04U05:517988:518138 [1] NCCL INFO Connected to proxy localRank 1 -> connection 0x7f7538005188
MOC-R4PCC04U05:517988:518130 [1] NCCL INFO New proxy send connection 6 from local rank 1, transport 0
MOC-R4PCC04U05:517988:518138 [1] NCCL INFO Connected to proxy localRank 1 -> connection 0x7f7538005200
MOC-R4PCC04U05:517988:518130 [1] NCCL INFO New proxy send connection 7 from local rank 1, transport 0
MOC-R4PCC04U05:517988:518138 [1] NCCL INFO Connected to proxy localRank 1 -> connection 0x7f7538005278
MOC-R4PCC04U05:517989:518129 [2] NCCL INFO New proxy recv connection 0 from local rank 2, transport 2
MOC-R4PCC04U05:517989:518129 [2] NCCL INFO New proxy send connection 1 from local rank 3, transport 2
MOC-R4PCC04U05:517989:518139 [2] NCCL INFO Connected to proxy localRank 2 -> connection 0x7f3140004f30
MOC-R4PCC04U05:517990:518137 [3] NCCL INFO Connected to proxy localRank 2 -> connection 0x7f3140004fa8
MOC-R4PCC04U05:517989:518139 [2] NCCL INFO Channel 00/0 : 11[3] -> 2[2] [receive] via NET/IB/1/GDRDMA
MOC-R4PCC04U05:517989:518139 [2] NCCL INFO GPU Direct RDMA Enabled for GPU 2 / HCA 1 (distance 5 <= 5), read 0 mode Default
MOC-R4PCC04U05:517989:518129 [2] NCCL INFO New proxy recv connection 2 from local rank 2, transport 2
MOC-R4PCC04U05:517989:518139 [2] NCCL INFO Connected to proxy localRank 2 -> connection 0x7f3140005020
MOC-R4PCC04U05:517990:518137 [3] NCCL INFO Channel 00/0 : 3[3] -> 6[2] [send] via NET/IB/1(2)/GDRDMA
MOC-R4PCC04U05:517990:518137 [3] NCCL INFO GPU Direct RDMA Enabled for GPU 3 / HCA 1 (distance 5 <= 5), read 1 mode Default
MOC-R4PCC04U05:517989:518139 [2] NCCL INFO Channel 01/0 : 11[3] -> 2[2] [receive] via NET/IB/1/GDRDMA
MOC-R4PCC04U05:517989:518129 [2] NCCL INFO New proxy send connection 3 from local rank 3, transport 2
MOC-R4PCC04U05:517989:518139 [2] NCCL INFO GPU Direct RDMA Enabled for GPU 2 / HCA 1 (distance 5 <= 5), read 0 mode Default
MOC-R4PCC04U05:517990:518137 [3] NCCL INFO Connected to proxy localRank 2 -> connection 0x7f3140005098
MOC-R4PCC04U05:517989:518129 [2] NCCL INFO New proxy recv connection 4 from local rank 2, transport 2
MOC-R4PCC04U05:517989:518139 [2] NCCL INFO Connected to proxy localRank 2 -> connection 0x7f3140005110
MOC-R4PCC04U05:517990:518137 [3] NCCL INFO Channel 01/0 : 3[3] -> 6[2] [send] via NET/IB/1(2)/GDRDMA
MOC-R4PCC04U05:517990:518137 [3] NCCL INFO GPU Direct RDMA Enabled for GPU 3 / HCA 1 (distance 5 <= 5), read 1 mode Default
MOC-R4PCC04U05:517989:518139 [2] NCCL INFO Channel 02/0 : 11[3] -> 2[2] [receive] via NET/IB/1/GDRDMA
MOC-R4PCC04U05:517989:518139 [2] NCCL INFO GPU Direct RDMA Enabled for GPU 2 / HCA 1 (distance 5 <= 5), read 0 mode Default
MOC-R4PCC04U05:517989:518129 [2] NCCL INFO New proxy send connection 5 from local rank 3, transport 2
MOC-R4PCC04U05:517990:518137 [3] NCCL INFO Connected to proxy localRank 2 -> connection 0x7f3140005188
MOC-R4PCC04U05:517989:518129 [2] NCCL INFO New proxy recv connection 6 from local rank 2, transport 2
MOC-R4PCC04U05:517989:518139 [2] NCCL INFO Connected to proxy localRank 2 -> connection 0x7f3140005200
MOC-R4PCC04U05:517990:518137 [3] NCCL INFO Channel 02/0 : 3[3] -> 6[2] [send] via NET/IB/1(2)/GDRDMA
MOC-R4PCC04U05:517990:518137 [3] NCCL INFO GPU Direct RDMA Enabled for GPU 3 / HCA 1 (distance 5 <= 5), read 1 mode Default
MOC-R4PCC04U05:517989:518139 [2] NCCL INFO Channel 03/0 : 11[3] -> 2[2] [receive] via NET/IB/1/GDRDMA
MOC-R4PCC04U05:517989:518129 [2] NCCL INFO New proxy send connection 7 from local rank 3, transport 2
MOC-R4PCC04U05:517990:518137 [3] NCCL INFO Connected to proxy localRank 2 -> connection 0x7f3140005278
MOC-R4PCC04U05:517990:518137 [3] NCCL INFO Channel 03/0 : 3[3] -> 6[2] [send] via NET/IB/1(2)/GDRDMA
MOC-R4PCC04U05:517987:518134 [0] NCCL INFO New proxy recv connection 4 from local rank 0, transport 0
MOC-R4PCC04U05:517987:518136 [0] NCCL INFO Connected to proxy localRank 0 -> connection 0x7f17ec005110
MOC-R4PCC04U05:517989:518129 [2] NCCL INFO New proxy send connection 8 from local rank 2, transport 0
MOC-R4PCC04U05:517989:518139 [2] NCCL INFO Connected to proxy localRank 2 -> connection 0x7f31400052f0
MOC-R4PCC04U05:517987:518134 [0] NCCL INFO New proxy recv connection 5 from local rank 0, transport 0
MOC-R4PCC04U05:517987:518136 [0] NCCL INFO Connected to proxy localRank 0 -> connection 0x7f17ec005188
MOC-R4PCC04U05:517987:518134 [0] NCCL INFO New proxy send connection 6 from local rank 3, transport 0
MOC-R4PCC04U05:517990:518137 [3] NCCL INFO Connected to proxy localRank 0 -> connection 0x7f17ec005200
MOC-R4PCC04U05:517987:518134 [0] NCCL INFO New proxy recv connection 7 from local rank 0, transport 0
MOC-R4PCC04U05:517987:518136 [0] NCCL INFO Connected to proxy localRank 0 -> connection 0x7f17ec005278
MOC-R4PCC04U05:517989:518129 [2] NCCL INFO New proxy send connection 9 from local rank 2, transport 0
MOC-R4PCC04U05:517989:518139 [2] NCCL INFO Connected to proxy localRank 2 -> connection 0x7f3140005368
MOC-R4PCC04U05:517989:518129 [2] NCCL INFO New proxy send connection 10 from local rank 2, transport 0
MOC-R4PCC04U05:517987:518134 [0] NCCL INFO New proxy recv connection 8 from local rank 0, transport 0
MOC-R4PCC04U05:517989:518139 [2] NCCL INFO Connected to proxy localRank 2 -> connection 0x7f31400053e0
MOC-R4PCC04U05:517987:518136 [0] NCCL INFO Connected to proxy localRank 0 -> connection 0x7f17ec0052f0
MOC-R4PCC04U05:517989:518129 [2] NCCL INFO New proxy send connection 11 from local rank 2, transport 0
MOC-R4PCC04U05:517989:518139 [2] NCCL INFO Connected to proxy localRank 2 -> connection 0x7f3140005458
MOC-R4PCC04U05:517988:518130 [1] NCCL INFO New proxy send connection 8 from local rank 2, transport 0
MOC-R4PCC04U05:517989:518139 [2] NCCL INFO Connected to proxy localRank 1 -> connection 0x7f75380052f0
MOC-R4PCC04U05:517987:518134 [0] NCCL INFO New proxy send connection 9 from local rank 1, transport 0
MOC-R4PCC04U05:517990:518128 [3] NCCL INFO New proxy send connection 4 from local rank 0, transport 0
MOC-R4PCC04U05:517988:518138 [1] NCCL INFO Connected to proxy localRank 0 -> connection 0x7f17ec005368
MOC-R4PCC04U05:517987:518136 [0] NCCL INFO Connected to proxy localRank 3 -> connection 0x7f7bc8005110
MOC-R4PCC04U05:517989:518129 [2] NCCL INFO NET/IB: NCCL Dev 1 IbDev 0 Port 1 qpn 7952 mtu 3 query_ece={supported=1, vendor_id=0x15b3, options=0x30000002, comp_mask=0x0} GID 3 (0/C132A8C0FFFF0000) fifoRkey=0x170bca fifoLkey=0x170bca
MOC-R4PCC04U05:517989:518129 [2] NCCL INFO NET/IB: IbDev 0 Port 1 qpn 8006 set_ece={supported=1, vendor_id=0x15b3, options=0x0, comp_mask=0x0}
MOC-R4PCC04U05:517989:518129 [2] NCCL INFO NET/IB: NCCL Dev 1 IbDev 0 Port 1 qpn 7953 mtu 3 query_ece={supported=1, vendor_id=0x15b3, options=0x30000002, comp_mask=0x0} GID 3 (0/C132A8C0FFFF0000) fifoRkey=0x17f9b8 fifoLkey=0x17f9b8
MOC-R4PCC04U05:517989:518129 [2] NCCL INFO NET/IB: IbDev 0 Port 1 qpn 8008 set_ece={supported=1, vendor_id=0x15b3, options=0x0, comp_mask=0x0}
MOC-R4PCC04U05:517989:518129 [2] NCCL INFO NET/IB: NCCL Dev 1 IbDev 0 Port 1 qpn 7954 mtu 3 query_ece={supported=1, vendor_id=0x15b3, options=0x30000002, comp_mask=0x0} GID 3 (0/C132A8C0FFFF0000) fifoRkey=0x175412 fifoLkey=0x175412
MOC-R4PCC04U05:517989:518129 [2] NCCL INFO New proxy send connection 12 from local rank 1, transport 0
MOC-R4PCC04U05:517988:518138 [1] NCCL INFO Connected to proxy localRank 2 -> connection 0x7f31400054d0
MOC-R4PCC04U05:517989:518129 [2] NCCL INFO New proxy send connection 13 from local rank 3, transport 0
MOC-R4PCC04U05:517990:518137 [3] NCCL INFO Connected to proxy localRank 2 -> connection 0x7f3140005548
MOC-R4PCC04U05:517989:518129 [2] NCCL INFO NET/IB: IbDev 0 Port 1 qpn 8010 set_ece={supported=1, vendor_id=0x15b3, options=0x0, comp_mask=0x0}
MOC-R4PCC04U05:517988:518130 [1] NCCL INFO New proxy send connection 9 from local rank 0, transport 0
MOC-R4PCC04U05:517987:518136 [0] NCCL INFO Connected to proxy localRank 1 -> connection 0x7f7538005368
MOC-R4PCC04U05:517989:518129 [2] NCCL INFO NET/IB: NCCL Dev 1 IbDev 0 Port 1 qpn 7957 mtu 3 query_ece={supported=1, vendor_id=0x15b3, options=0x30000002, comp_mask=0x0} GID 3 (0/C132A8C0FFFF0000) fifoRkey=0x17e7a6 fifoLkey=0x17e7a6
MOC-R4PCC04U05:517989:518129 [2] NCCL INFO NET/IB: IbDev 0 Port 1 qpn 8016 set_ece={supported=1, vendor_id=0x15b3, options=0x0, comp_mask=0x0}
num decayed parameter tensors: 50, with 124,318,464 parameters
num non-decayed parameter tensors: 98, with 121,344 parameters
using fused AdamW: False
using regular AdamW
MOC-R4PCC04U05:517990:518128 [3] NCCL INFO New proxy recv connection 5 from local rank 3, transport 0
MOC-R4PCC04U05:517990:518830 [3] NCCL INFO Connected to proxy localRank 3 -> connection 0x7f7bc8005188
MOC-R4PCC04U05:517990:518128 [3] NCCL INFO New proxy recv connection 6 from local rank 3, transport 0
MOC-R4PCC04U05:517990:518830 [3] NCCL INFO Connected to proxy localRank 3 -> connection 0x7f7bc8005200
MOC-R4PCC04U05:517990:518128 [3] NCCL INFO New proxy recv connection 7 from local rank 3, transport 0
MOC-R4PCC04U05:517990:518830 [3] NCCL INFO Connected to proxy localRank 3 -> connection 0x7f7bc8005278
MOC-R4PCC04U05:517990:518128 [3] NCCL INFO New proxy recv connection 8 from local rank 3, transport 0
MOC-R4PCC04U05:517990:518830 [3] NCCL INFO Connected to proxy localRank 3 -> connection 0x7f7bc80052f0
MOC-R4PCC04U05:517987:518134 [0] NCCL INFO New proxy send connection 10 from local rank 0, transport 0
MOC-R4PCC04U05:517987:518831 [0] NCCL INFO Connected to proxy localRank 0 -> connection 0x7f17ec0053e0
MOC-R4PCC04U05:517987:518134 [0] NCCL INFO New proxy send connection 11 from local rank 0, transport 0
MOC-R4PCC04U05:517987:518831 [0] NCCL INFO Connected to proxy localRank 0 -> connection 0x7f17ec005458
MOC-R4PCC04U05:517987:518134 [0] NCCL INFO New proxy send connection 12 from local rank 0, transport 0
MOC-R4PCC04U05:517987:518831 [0] NCCL INFO Connected to proxy localRank 0 -> connection 0x7f17ec0054d0
MOC-R4PCC04U05:517987:518134 [0] NCCL INFO New proxy send connection 13 from local rank 0, transport 0
MOC-R4PCC04U05:517987:518831 [0] NCCL INFO Connected to proxy localRank 0 -> connection 0x7f17ec005548
MOC-R4PCC04U05:517989:518129 [2] NCCL INFO New proxy send connection 14 from local rank 2, transport 0
MOC-R4PCC04U05:517989:518832 [2] NCCL INFO Connected to proxy localRank 2 -> connection 0x7f31400055c0
MOC-R4PCC04U05:517989:518129 [2] NCCL INFO New proxy send connection 15 from local rank 2, transport 0
MOC-R4PCC04U05:517989:518832 [2] NCCL INFO Connected to proxy localRank 2 -> connection 0x7f3140005638
MOC-R4PCC04U05:517989:518129 [2] NCCL INFO New proxy send connection 16 from local rank 2, transport 0
MOC-R4PCC04U05:517989:518832 [2] NCCL INFO Connected to proxy localRank 2 -> connection 0x7f31400056b0
MOC-R4PCC04U05:517989:518129 [2] NCCL INFO New proxy send connection 17 from local rank 2, transport 0
MOC-R4PCC04U05:517989:518832 [2] NCCL INFO Connected to proxy localRank 2 -> connection 0x7f3140005728
MOC-R4PCC04U05:517989:518832 [2] NCCL INFO GPU Direct RDMA Enabled for GPU 2 / HCA 1 (distance 5 <= 5), read 0 mode Default
MOC-R4PCC04U05:517989:518129 [2] NCCL INFO New proxy recv connection 18 from local rank 2, transport 2
MOC-R4PCC04U05:517989:518832 [2] NCCL INFO Connected to proxy localRank 2 -> connection 0x7f31400057a0
MOC-R4PCC04U05:517990:518128 [3] NCCL INFO New proxy send connection 9 from local rank 3, transport 0
MOC-R4PCC04U05:517989:518832 [2] NCCL INFO Channel 00/0 : 10[2] -> 2[2] [receive] via NET/IB/1/GDRDMA
MOC-R4PCC04U05:517989:518832 [2] NCCL INFO GPU Direct RDMA Enabled for GPU 2 / HCA 1 (distance 5 <= 5), read 0 mode Default
MOC-R4PCC04U05:517990:518830 [3] NCCL INFO Connected to proxy localRank 3 -> connection 0x7f7bc8005368
MOC-R4PCC04U05:517989:518129 [2] NCCL INFO New proxy recv connection 19 from local rank 2, transport 2
MOC-R4PCC04U05:517989:518832 [2] NCCL INFO Connected to proxy localRank 2 -> connection 0x7f3140005818
MOC-R4PCC04U05:517989:518832 [2] NCCL INFO Channel 01/0 : 10[2] -> 2[2] [receive] via NET/IB/1/GDRDMA
MOC-R4PCC04U05:517989:518832 [2] NCCL INFO GPU Direct RDMA Enabled for GPU 2 / HCA 1 (distance 5 <= 5), read 0 mode Default
MOC-R4PCC04U05:517989:518129 [2] NCCL INFO New proxy recv connection 20 from local rank 2, transport 2
MOC-R4PCC04U05:517989:518832 [2] NCCL INFO Connected to proxy localRank 2 -> connection 0x7f3140005890
MOC-R4PCC04U05:517989:518832 [2] NCCL INFO Channel 02/0 : 10[2] -> 2[2] [receive] via NET/IB/1/GDRDMA
MOC-R4PCC04U05:517989:518832 [2] NCCL INFO GPU Direct RDMA Enabled for GPU 2 / HCA 1 (distance 5 <= 5), read 0 mode Default
MOC-R4PCC04U05:517989:518129 [2] NCCL INFO New proxy recv connection 21 from local rank 2, transport 2
MOC-R4PCC04U05:517989:518832 [2] NCCL INFO Connected to proxy localRank 2 -> connection 0x7f3140005908
MOC-R4PCC04U05:517990:518128 [3] NCCL INFO New proxy send connection 10 from local rank 3, transport 0
MOC-R4PCC04U05:517989:518832 [2] NCCL INFO Channel 03/0 : 10[2] -> 2[2] [receive] via NET/IB/1/GDRDMA
MOC-R4PCC04U05:517989:518832 [2] NCCL INFO GPU Direct RDMA Enabled for GPU 2 / HCA 1 (distance 5 <= 5), read 1 mode Default
MOC-R4PCC04U05:517990:518830 [3] NCCL INFO Connected to proxy localRank 3 -> connection 0x7f7bc80053e0
MOC-R4PCC04U05:517989:518129 [2] NCCL INFO New proxy send connection 22 from local rank 2, transport 2
MOC-R4PCC04U05:517989:518832 [2] NCCL INFO Connected to proxy localRank 2 -> connection 0x7f3140005980
MOC-R4PCC04U05:517989:518832 [2] NCCL INFO Channel 02/0 : 2[2] -> 6[2] [send] via NET/IB/1/GDRDMA
MOC-R4PCC04U05:517989:518832 [2] NCCL INFO GPU Direct RDMA Enabled for GPU 2 / HCA 1 (distance 5 <= 5), read 1 mode Default
MOC-R4PCC04U05:517989:518129 [2] NCCL INFO New proxy send connection 23 from local rank 2, transport 2
MOC-R4PCC04U05:517989:518832 [2] NCCL INFO Connected to proxy localRank 2 -> connection 0x7f31400059f8
MOC-R4PCC04U05:517990:518128 [3] NCCL INFO New proxy send connection 11 from local rank 3, transport 0
MOC-R4PCC04U05:517989:518832 [2] NCCL INFO Channel 03/0 : 2[2] -> 6[2] [send] via NET/IB/1/GDRDMA
MOC-R4PCC04U05:517990:518830 [3] NCCL INFO Connected to proxy localRank 3 -> connection 0x7f7bc8005458
MOC-R4PCC04U05:517990:518128 [3] NCCL INFO New proxy send connection 12 from local rank 3, transport 0
MOC-R4PCC04U05:517990:518830 [3] NCCL INFO Connected to proxy localRank 3 -> connection 0x7f7bc80054d0
MOC-R4PCC04U05:517988:518130 [1] NCCL INFO New proxy recv connection 10 from local rank 1, transport 0
MOC-R4PCC04U05:517988:518833 [1] NCCL INFO Connected to proxy localRank 1 -> connection 0x7f75380053e0
MOC-R4PCC04U05:517988:518130 [1] NCCL INFO New proxy recv connection 11 from local rank 1, transport 0
MOC-R4PCC04U05:517988:518833 [1] NCCL INFO Connected to proxy localRank 1 -> connection 0x7f7538005458
MOC-R4PCC04U05:517988:518130 [1] NCCL INFO New proxy recv connection 12 from local rank 1, transport 0
MOC-R4PCC04U05:517988:518833 [1] NCCL INFO Connected to proxy localRank 1 -> connection 0x7f75380054d0
MOC-R4PCC04U05:517988:518130 [1] NCCL INFO New proxy recv connection 13 from local rank 1, transport 0
MOC-R4PCC04U05:517988:518833 [1] NCCL INFO Connected to proxy localRank 1 -> connection 0x7f7538005548
MOC-R4PCC04U05:517987:518134 [0] NCCL INFO New proxy recv connection 14 from local rank 0, transport 0
MOC-R4PCC04U05:517987:518831 [0] NCCL INFO Connected to proxy localRank 0 -> connection 0x7f17ec0055c0
MOC-R4PCC04U05:517987:518134 [0] NCCL INFO New proxy recv connection 15 from local rank 0, transport 0
MOC-R4PCC04U05:517987:518831 [0] NCCL INFO Connected to proxy localRank 0 -> connection 0x7f17ec005638
MOC-R4PCC04U05:517987:518134 [0] NCCL INFO New proxy recv connection 16 from local rank 0, transport 0
MOC-R4PCC04U05:517987:518831 [0] NCCL INFO Connected to proxy localRank 0 -> connection 0x7f17ec0056b0
MOC-R4PCC04U05:517987:518134 [0] NCCL INFO New proxy recv connection 17 from local rank 0, transport 0
MOC-R4PCC04U05:517987:518831 [0] NCCL INFO Connected to proxy localRank 0 -> connection 0x7f17ec005728
MOC-R4PCC04U05:517990:518128 [3] NCCL INFO New proxy send connection 13 from local rank 3, transport 0
MOC-R4PCC04U05:517990:518830 [3] NCCL INFO Connected to proxy localRank 3 -> connection 0x7f7bc8005548
MOC-R4PCC04U05:517990:518128 [3] NCCL INFO New proxy send connection 14 from local rank 3, transport 0
MOC-R4PCC04U05:517990:518830 [3] NCCL INFO Connected to proxy localRank 3 -> connection 0x7f7bc80055c0
MOC-R4PCC04U05:517990:518128 [3] NCCL INFO New proxy send connection 15 from local rank 3, transport 0
MOC-R4PCC04U05:517990:518830 [3] NCCL INFO Connected to proxy localRank 3 -> connection 0x7f7bc8005638
MOC-R4PCC04U05:517990:518128 [3] NCCL INFO New proxy send connection 16 from local rank 3, transport 0
MOC-R4PCC04U05:517990:518830 [3] NCCL INFO Connected to proxy localRank 3 -> connection 0x7f7bc80056b0
MOC-R4PCC04U05:517989:518832 [2] NCCL INFO GPU Direct RDMA Enabled for GPU 2 / HCA 1 (distance 5 <= 5), read 0 mode Default
MOC-R4PCC04U05:517989:518129 [2] NCCL INFO New proxy recv connection 24 from local rank 2, transport 2
MOC-R4PCC04U05:517989:518832 [2] NCCL INFO Connected to proxy localRank 2 -> connection 0x7f3140005a70
MOC-R4PCC04U05:517989:518832 [2] NCCL INFO Channel 02/0 : 6[2] -> 2[2] [receive] via NET/IB/1/GDRDMA
MOC-R4PCC04U05:517989:518832 [2] NCCL INFO GPU Direct RDMA Enabled for GPU 2 / HCA 1 (distance 5 <= 5), read 0 mode Default
MOC-R4PCC04U05:517989:518129 [2] NCCL INFO New proxy recv connection 25 from local rank 2, transport 2
MOC-R4PCC04U05:517989:518832 [2] NCCL INFO Connected to proxy localRank 2 -> connection 0x7f3140005ae8
MOC-R4PCC04U05:517989:518832 [2] NCCL INFO Channel 03/0 : 6[2] -> 2[2] [receive] via NET/IB/1/GDRDMA
MOC-R4PCC04U05:517989:518832 [2] NCCL INFO GPU Direct RDMA Enabled for GPU 2 / HCA 1 (distance 5 <= 5), read 1 mode Default
MOC-R4PCC04U05:517989:518129 [2] NCCL INFO New proxy send connection 26 from local rank 2, transport 2
MOC-R4PCC04U05:517989:518832 [2] NCCL INFO Connected to proxy localRank 2 -> connection 0x7f3140005b60
MOC-R4PCC04U05:517989:518832 [2] NCCL INFO Channel 00/0 : 2[2] -> 10[2] [send] via NET/IB/1/GDRDMA
MOC-R4PCC04U05:517989:518832 [2] NCCL INFO GPU Direct RDMA Enabled for GPU 2 / HCA 1 (distance 5 <= 5), read 1 mode Default
MOC-R4PCC04U05:517989:518129 [2] NCCL INFO New proxy send connection 27 from local rank 2, transport 2
MOC-R4PCC04U05:517989:518832 [2] NCCL INFO Connected to proxy localRank 2 -> connection 0x7f3140005bd8
MOC-R4PCC04U05:517989:518832 [2] NCCL INFO Channel 01/0 : 2[2] -> 10[2] [send] via NET/IB/1/GDRDMA
MOC-R4PCC04U05:517989:518832 [2] NCCL INFO GPU Direct RDMA Enabled for GPU 2 / HCA 1 (distance 5 <= 5), read 1 mode Default
MOC-R4PCC04U05:517989:518129 [2] NCCL INFO New proxy send connection 28 from local rank 2, transport 2
MOC-R4PCC04U05:517989:518832 [2] NCCL INFO Connected to proxy localRank 2 -> connection 0x7f3140005c50
MOC-R4PCC04U05:517989:518832 [2] NCCL INFO Channel 02/0 : 2[2] -> 10[2] [send] via NET/IB/1/GDRDMA
MOC-R4PCC04U05:517989:518832 [2] NCCL INFO GPU Direct RDMA Enabled for GPU 2 / HCA 1 (distance 5 <= 5), read 1 mode Default
MOC-R4PCC04U05:517989:518129 [2] NCCL INFO New proxy send connection 29 from local rank 2, transport 2
MOC-R4PCC04U05:517989:518832 [2] NCCL INFO Connected to proxy localRank 2 -> connection 0x7f3140005cc8
MOC-R4PCC04U05:517989:518832 [2] NCCL INFO Channel 03/0 : 2[2] -> 10[2] [send] via NET/IB/1/GDRDMA
MOC-R4PCC04U05:517989:518129 [2] NCCL INFO New proxy recv connection 30 from local rank 2, transport 0
MOC-R4PCC04U05:517989:518832 [2] NCCL INFO Connected to proxy localRank 2 -> connection 0x7f3140005d40
MOC-R4PCC04U05:517989:518129 [2] NCCL INFO New proxy recv connection 31 from local rank 2, transport 0
MOC-R4PCC04U05:517989:518832 [2] NCCL INFO Connected to proxy localRank 2 -> connection 0x7f3140005db8
MOC-R4PCC04U05:517989:518129 [2] NCCL INFO New proxy recv connection 32 from local rank 2, transport 0
MOC-R4PCC04U05:517989:518832 [2] NCCL INFO Connected to proxy localRank 2 -> connection 0x7f3140005e30
MOC-R4PCC04U05:517989:518129 [2] NCCL INFO New proxy recv connection 33 from local rank 2, transport 0
MOC-R4PCC04U05:517989:518832 [2] NCCL INFO Connected to proxy localRank 2 -> connection 0x7f3140005ea8
MOC-R4PCC04U05:517990:518128 [3] NCCL INFO New proxy send connection 17 from local rank 2, transport 0
MOC-R4PCC04U05:517989:518832 [2] NCCL INFO Connected to proxy localRank 3 -> connection 0x7f7bc8005728
MOC-R4PCC04U05:517989:518129 [2] NCCL INFO NET/IB: NCCL Dev 1 IbDev 0 Port 1 qpn 7964 mtu 3 query_ece={supported=1, vendor_id=0x15b3, options=0x30000002, comp_mask=0x0} GID 3 (0/C132A8C0FFFF0000) fifoRkey=0x1801c0 fifoLkey=0x1801c0
MOC-R4PCC04U05:517989:518129 [2] NCCL INFO NET/IB: NCCL Dev 1 IbDev 0 Port 1 qpn 7965 mtu 3 query_ece={supported=1, vendor_id=0x15b3, options=0x30000002, comp_mask=0x0} GID 3 (0/C132A8C0FFFF0000) fifoRkey=0x17e1a0 fifoLkey=0x17e1a0
MOC-R4PCC04U05:517989:518129 [2] NCCL INFO NET/IB: IbDev 0 Port 1 qpn 8018 set_ece={supported=1, vendor_id=0x15b3, options=0x0, comp_mask=0x0}
MOC-R4PCC04U05:517989:518129 [2] NCCL INFO NET/IB: IbDev 0 Port 1 qpn 8022 set_ece={supported=1, vendor_id=0x15b3, options=0x0, comp_mask=0x0}
MOC-R4PCC04U05:517989:518129 [2] NCCL INFO NET/IB: NCCL Dev 1 IbDev 0 Port 1 qpn 7978 mtu 3 query_ece={supported=1, vendor_id=0x15b3, options=0x30000002, comp_mask=0x0} GID 3 (0/C132A8C0FFFF0000) fifoRkey=0x17a767 fifoLkey=0x17a767
MOC-R4PCC04U05:517989:518129 [2] NCCL INFO NET/IB: NCCL Dev 1 IbDev 0 Port 1 qpn 7979 mtu 3 query_ece={supported=1, vendor_id=0x15b3, options=0x30000002, comp_mask=0x0} GID 3 (0/C132A8C0FFFF0000) fifoRkey=0x172eed fifoLkey=0x172eed
MOC-R4PCC04U05:517989:518129 [2] NCCL INFO NET/IB: NCCL Dev 1 IbDev 0 Port 1 qpn 7980 mtu 3 query_ece={supported=1, vendor_id=0x15b3, options=0x30000002, comp_mask=0x0} GID 3 (0/C132A8C0FFFF0000) fifoRkey=0x17b372 fifoLkey=0x17b372
MOC-R4PCC04U05:517989:518129 [2] NCCL INFO NET/IB: NCCL Dev 1 IbDev 0 Port 1 qpn 7981 mtu 3 query_ece={supported=1, vendor_id=0x15b3, options=0x30000002, comp_mask=0x0} GID 3 (0/C132A8C0FFFF0000) fifoRkey=0x1722e1 fifoLkey=0x1722e1
MOC-R4PCC04U05:517989:518129 [2] NCCL INFO NET/IB: IbDev 0 Port 1 qpn 3887 set_ece={supported=1, vendor_id=0x15b3, options=0x0, comp_mask=0x0}
MOC-R4PCC04U05:517989:518129 [2] NCCL INFO NET/IB: IbDev 0 Port 1 qpn 3890 set_ece={supported=1, vendor_id=0x15b3, options=0x0, comp_mask=0x0}
MOC-R4PCC04U05:517989:518129 [2] NCCL INFO NET/IB: IbDev 0 Port 1 qpn 3892 set_ece={supported=1, vendor_id=0x15b3, options=0x0, comp_mask=0x0}
MOC-R4PCC04U05:517989:518129 [2] NCCL INFO NET/IB: IbDev 0 Port 1 qpn 3894 set_ece={supported=1, vendor_id=0x15b3, options=0x0, comp_mask=0x0}
step    1/10 | train loss 11.010328 | norm 15.4838 | lr 1.00e-04 | (13970.09 ms | 84441 tok/s)
step    2/10 | train loss 10.133744 | norm 5.7667 | lr 1.00e-04 | (297.69 ms | 3962610 tok/s)
step    3/10 | train loss 9.791647 | norm 2.6213 | lr 1.00e-04 | (296.83 ms | 3974158 tok/s)
step    4/10 | train loss 9.621453 | norm 2.1220 | lr 1.00e-04 | (299.07 ms | 3944399 tok/s)
step    5/10 | train loss 9.538268 | norm 2.1104 | lr 1.00e-04 | (297.28 ms | 3968185 tok/s)
step    6/10 | train loss 9.456854 | norm 2.0044 | lr 1.00e-04 | (298.29 ms | 3954661 tok/s)
step    7/10 | train loss 9.371297 | norm 1.9533 | lr 1.00e-04 | (299.90 ms | 3933417 tok/s)
step    8/10 | train loss 9.279748 | norm 1.9214 | lr 1.00e-04 | (299.76 ms | 3935313 tok/s)
step    9/10 | train loss 9.184243 | norm 1.8719 | lr 1.00e-04 | (299.56 ms | 3937878 tok/s)
step   10/10 | train loss 9.096458 | norm 1.7977 | lr 1.00e-04 | (299.36 ms | 3940554 tok/s)
final 9 iters avg: 298.639ms
peak memory consumption: 16601 MiB
