Running pytorch 2.7.0+cu126
using device: cuda:0
total desired batch size: 2097152
=> calculated gradient accumulation steps: 4
using device: cuda:2
using device: cuda:1
using device: cuda:3
compiling the model...
DataLoader: total number of tokens: 1,661,249,667 across 103 files
MOC-R4PCC04U05:744515:744515 [0] NCCL INFO NCCL_SOCKET_IFNAME set to eno7np0
MOC-R4PCC04U05:744515:744515 [0] NCCL INFO NCCL version 2.26.2+cuda12.2
MOC-R4PCC04U05:744518:744518 [3] NCCL INFO NCCL_SOCKET_IFNAME set to eno7np0
MOC-R4PCC04U05:744518:744518 [3] NCCL INFO NCCL version 2.26.2+cuda12.2
MOC-R4PCC04U05:744517:744517 [2] NCCL INFO NCCL_SOCKET_IFNAME set to eno7np0
MOC-R4PCC04U05:744517:744517 [2] NCCL INFO NCCL version 2.26.2+cuda12.2
MOC-R4PCC04U05:744515:744619 [0] NCCL INFO NET/Plugin: Could not find: libnccl-net.so. Using internal net plugin.
MOC-R4PCC04U05:744515:744619 [0] NCCL INFO NCCL_IB_HCA set to mlx5_5
MOC-R4PCC04U05:744515:744619 [0] NCCL INFO NET/IB : Made virtual device [0] name=mlx5_5 speed=400000 ndevs=1
MOC-R4PCC04U05:744515:744619 [0] NCCL INFO NET/IB : Using [0]mlx5_5:1/RoCE [RO]; OOB eno7np0:192.168.50.193<0>
MOC-R4PCC04U05:744516:744516 [1] NCCL INFO NCCL_SOCKET_IFNAME set to eno7np0
MOC-R4PCC04U05:744516:744516 [1] NCCL INFO NCCL version 2.26.2+cuda12.2
MOC-R4PCC04U05:744518:744641 [3] NCCL INFO NET/Plugin: Could not find: libnccl-net.so. Using internal net plugin.
MOC-R4PCC04U05:744518:744641 [3] NCCL INFO NCCL_IB_HCA set to mlx5_5
MOC-R4PCC04U05:744517:744642 [2] NCCL INFO NET/Plugin: Could not find: libnccl-net.so. Using internal net plugin.
MOC-R4PCC04U05:744517:744642 [2] NCCL INFO NCCL_IB_HCA set to mlx5_5
MOC-R4PCC04U05:744518:744641 [3] NCCL INFO NET/IB : Made virtual device [0] name=mlx5_5 speed=400000 ndevs=1
MOC-R4PCC04U05:744518:744641 [3] NCCL INFO NET/IB : Using [0]mlx5_5:1/RoCE [RO]; OOB eno7np0:192.168.50.193<0>
MOC-R4PCC04U05:744517:744642 [2] NCCL INFO NET/IB : Made virtual device [0] name=mlx5_5 speed=400000 ndevs=1
MOC-R4PCC04U05:744517:744642 [2] NCCL INFO NET/IB : Using [0]mlx5_5:1/RoCE [RO]; OOB eno7np0:192.168.50.193<0>
MOC-R4PCC04U05:744516:744644 [1] NCCL INFO NET/Plugin: Could not find: libnccl-net.so. Using internal net plugin.
MOC-R4PCC04U05:744516:744644 [1] NCCL INFO NCCL_IB_HCA set to mlx5_5
MOC-R4PCC04U05:744516:744644 [1] NCCL INFO NET/IB : Made virtual device [0] name=mlx5_5 speed=400000 ndevs=1
MOC-R4PCC04U05:744516:744644 [1] NCCL INFO NET/IB : Using [0]mlx5_5:1/RoCE [RO]; OOB eno7np0:192.168.50.193<0>
MOC-R4PCC04U05:744516:744644 [1] NCCL INFO NET/IB : GPU Direct RDMA Enabled for HCA 0 'mlx5_5'
MOC-R4PCC04U05:744516:744644 [1] NCCL INFO NET/IB : Made virtual device [1] name=mlx5_5 speed=400000 ndevs=1
MOC-R4PCC04U05:744516:744644 [1] NCCL INFO NET/IB : GPU Direct RDMA Enabled for HCA 0 'mlx5_5'
MOC-R4PCC04U05:744516:744644 [1] NCCL INFO NET/IB : GPU Direct RDMA Enabled for HCA 1 'mlx5_5'
MOC-R4PCC04U05:744515:744619 [0] NCCL INFO NET/IB : GPU Direct RDMA Enabled for HCA 0 'mlx5_5'
MOC-R4PCC04U05:744515:744619 [0] NCCL INFO NET/IB : Made virtual device [1] name=mlx5_5 speed=400000 ndevs=1
MOC-R4PCC04U05:744515:744619 [0] NCCL INFO NET/IB : GPU Direct RDMA Enabled for HCA 0 'mlx5_5'
MOC-R4PCC04U05:744515:744619 [0] NCCL INFO NET/IB : GPU Direct RDMA Enabled for HCA 1 'mlx5_5'
MOC-R4PCC04U05:744518:744641 [3] NCCL INFO NET/IB : GPU Direct RDMA Enabled for HCA 0 'mlx5_5'
MOC-R4PCC04U05:744518:744641 [3] NCCL INFO NET/IB : Made virtual device [1] name=mlx5_5 speed=400000 ndevs=1
MOC-R4PCC04U05:744518:744641 [3] NCCL INFO NET/IB : GPU Direct RDMA Enabled for HCA 0 'mlx5_5'
MOC-R4PCC04U05:744518:744641 [3] NCCL INFO NET/IB : GPU Direct RDMA Enabled for HCA 1 'mlx5_5'
MOC-R4PCC04U05:744517:744642 [2] NCCL INFO NET/IB : GPU Direct RDMA Enabled for HCA 0 'mlx5_5'
MOC-R4PCC04U05:744517:744642 [2] NCCL INFO NET/IB : Made virtual device [1] name=mlx5_5 speed=400000 ndevs=1
MOC-R4PCC04U05:744517:744642 [2] NCCL INFO NET/IB : GPU Direct RDMA Enabled for HCA 0 'mlx5_5'
MOC-R4PCC04U05:744517:744642 [2] NCCL INFO NET/IB : GPU Direct RDMA Enabled for HCA 1 'mlx5_5'
MOC-R4PCC04U05:744516:744644 [1] NCCL INFO GPU Direct RDMA Enabled for GPU 0 / HCA 1 (distance 5 <= 5), read 0 mode Default
MOC-R4PCC04U05:744516:744644 [1] NCCL INFO GPU Direct RDMA Enabled for GPU 1 / HCA 1 (distance 5 <= 5), read 0 mode Default
MOC-R4PCC04U05:744516:744644 [1] NCCL INFO GPU Direct RDMA Enabled for GPU 2 / HCA 1 (distance 5 <= 5), read 0 mode Default
MOC-R4PCC04U05:744516:744644 [1] NCCL INFO GPU Direct RDMA Enabled for GPU 3 / HCA 1 (distance 5 <= 5), read 0 mode Default
MOC-R4PCC04U05:744515:744619 [0] NCCL INFO GPU Direct RDMA Enabled for GPU 0 / HCA 1 (distance 5 <= 5), read 0 mode Default
MOC-R4PCC04U05:744515:744619 [0] NCCL INFO GPU Direct RDMA Enabled for GPU 1 / HCA 1 (distance 5 <= 5), read 0 mode Default
MOC-R4PCC04U05:744515:744619 [0] NCCL INFO GPU Direct RDMA Enabled for GPU 2 / HCA 1 (distance 5 <= 5), read 0 mode Default
MOC-R4PCC04U05:744515:744619 [0] NCCL INFO GPU Direct RDMA Enabled for GPU 3 / HCA 1 (distance 5 <= 5), read 0 mode Default
MOC-R4PCC04U05:744516:744644 [1] NCCL INFO GPU Direct RDMA Enabled for GPU 0 / HCA 1 (distance 5 <= 5), read 0 mode Default
MOC-R4PCC04U05:744516:744644 [1] NCCL INFO GPU Direct RDMA Enabled for GPU 1 / HCA 1 (distance 5 <= 5), read 0 mode Default
MOC-R4PCC04U05:744516:744644 [1] NCCL INFO GPU Direct RDMA Enabled for GPU 2 / HCA 1 (distance 5 <= 5), read 0 mode Default
MOC-R4PCC04U05:744516:744644 [1] NCCL INFO GPU Direct RDMA Enabled for GPU 3 / HCA 1 (distance 5 <= 5), read 0 mode Default
MOC-R4PCC04U05:744515:744619 [0] NCCL INFO GPU Direct RDMA Enabled for GPU 0 / HCA 1 (distance 5 <= 5), read 0 mode Default
MOC-R4PCC04U05:744515:744619 [0] NCCL INFO GPU Direct RDMA Enabled for GPU 1 / HCA 1 (distance 5 <= 5), read 0 mode Default
MOC-R4PCC04U05:744515:744619 [0] NCCL INFO GPU Direct RDMA Enabled for GPU 2 / HCA 1 (distance 5 <= 5), read 0 mode Default
MOC-R4PCC04U05:744515:744619 [0] NCCL INFO GPU Direct RDMA Enabled for GPU 3 / HCA 1 (distance 5 <= 5), read 0 mode Default
MOC-R4PCC04U05:744517:744642 [2] NCCL INFO GPU Direct RDMA Enabled for GPU 0 / HCA 1 (distance 5 <= 5), read 0 mode Default
MOC-R4PCC04U05:744517:744642 [2] NCCL INFO GPU Direct RDMA Enabled for GPU 1 / HCA 1 (distance 5 <= 5), read 0 mode Default
MOC-R4PCC04U05:744517:744642 [2] NCCL INFO GPU Direct RDMA Enabled for GPU 2 / HCA 1 (distance 5 <= 5), read 0 mode Default
MOC-R4PCC04U05:744517:744642 [2] NCCL INFO GPU Direct RDMA Enabled for GPU 3 / HCA 1 (distance 5 <= 5), read 0 mode Default
MOC-R4PCC04U05:744518:744641 [3] NCCL INFO GPU Direct RDMA Enabled for GPU 0 / HCA 1 (distance 5 <= 5), read 0 mode Default
MOC-R4PCC04U05:744518:744641 [3] NCCL INFO GPU Direct RDMA Enabled for GPU 1 / HCA 1 (distance 5 <= 5), read 0 mode Default
MOC-R4PCC04U05:744518:744641 [3] NCCL INFO GPU Direct RDMA Enabled for GPU 2 / HCA 1 (distance 5 <= 5), read 0 mode Default
MOC-R4PCC04U05:744518:744641 [3] NCCL INFO GPU Direct RDMA Enabled for GPU 3 / HCA 1 (distance 5 <= 5), read 0 mode Default
MOC-R4PCC04U05:744517:744642 [2] NCCL INFO GPU Direct RDMA Enabled for GPU 0 / HCA 1 (distance 5 <= 5), read 0 mode Default
MOC-R4PCC04U05:744517:744642 [2] NCCL INFO GPU Direct RDMA Enabled for GPU 1 / HCA 1 (distance 5 <= 5), read 0 mode Default
MOC-R4PCC04U05:744517:744642 [2] NCCL INFO GPU Direct RDMA Enabled for GPU 2 / HCA 1 (distance 5 <= 5), read 0 mode Default
MOC-R4PCC04U05:744517:744642 [2] NCCL INFO GPU Direct RDMA Enabled for GPU 3 / HCA 1 (distance 5 <= 5), read 0 mode Default
MOC-R4PCC04U05:744518:744641 [3] NCCL INFO GPU Direct RDMA Enabled for GPU 0 / HCA 1 (distance 5 <= 5), read 0 mode Default
MOC-R4PCC04U05:744518:744641 [3] NCCL INFO GPU Direct RDMA Enabled for GPU 1 / HCA 1 (distance 5 <= 5), read 0 mode Default
MOC-R4PCC04U05:744518:744641 [3] NCCL INFO GPU Direct RDMA Enabled for GPU 2 / HCA 1 (distance 5 <= 5), read 0 mode Default
MOC-R4PCC04U05:744518:744641 [3] NCCL INFO GPU Direct RDMA Enabled for GPU 3 / HCA 1 (distance 5 <= 5), read 0 mode Default
MOC-R4PCC04U05:744517:744664 [2] NCCL INFO GPU Direct RDMA Enabled for GPU 2 / HCA 1 (distance 5 <= 5), read 0 mode Default
MOC-R4PCC04U05:744515:744662 [0] NCCL INFO New proxy send connection 0 from local rank 0, transport 0
MOC-R4PCC04U05:744515:744665 [0] NCCL INFO Connected to proxy localRank 0 -> connection 0x7feb28004f30
MOC-R4PCC04U05:744518:744656 [3] NCCL INFO New proxy recv connection 0 from local rank 3, transport 0
MOC-R4PCC04U05:744518:744666 [3] NCCL INFO Connected to proxy localRank 3 -> connection 0x7fb2f8004f30
MOC-R4PCC04U05:744515:744662 [0] NCCL INFO New proxy send connection 1 from local rank 0, transport 0
MOC-R4PCC04U05:744515:744665 [0] NCCL INFO Connected to proxy localRank 0 -> connection 0x7feb28004fa8
MOC-R4PCC04U05:744518:744656 [3] NCCL INFO New proxy recv connection 1 from local rank 3, transport 0
MOC-R4PCC04U05:744515:744662 [0] NCCL INFO New proxy send connection 2 from local rank 0, transport 0
MOC-R4PCC04U05:744518:744666 [3] NCCL INFO Connected to proxy localRank 3 -> connection 0x7fb2f8004fa8
MOC-R4PCC04U05:744515:744665 [0] NCCL INFO Connected to proxy localRank 0 -> connection 0x7feb28005020
MOC-R4PCC04U05:744515:744662 [0] NCCL INFO New proxy send connection 3 from local rank 0, transport 0
MOC-R4PCC04U05:744515:744665 [0] NCCL INFO Connected to proxy localRank 0 -> connection 0x7feb28005098
MOC-R4PCC04U05:744518:744656 [3] NCCL INFO New proxy recv connection 2 from local rank 3, transport 0
MOC-R4PCC04U05:744518:744666 [3] NCCL INFO Connected to proxy localRank 3 -> connection 0x7fb2f8005020
MOC-R4PCC04U05:744518:744656 [3] NCCL INFO New proxy recv connection 3 from local rank 3, transport 0
MOC-R4PCC04U05:744518:744666 [3] NCCL INFO Connected to proxy localRank 3 -> connection 0x7fb2f8005098
MOC-R4PCC04U05:744517:744657 [2] NCCL INFO New proxy recv connection 0 from local rank 2, transport 2
MOC-R4PCC04U05:744517:744664 [2] NCCL INFO Connected to proxy localRank 2 -> connection 0x7f14d0004f30
MOC-R4PCC04U05:744517:744664 [2] NCCL INFO Channel 00/0 : 15[3] -> 2[2] [receive] via NET/IB/1/GDRDMA
MOC-R4PCC04U05:744517:744664 [2] NCCL INFO GPU Direct RDMA Enabled for GPU 2 / HCA 1 (distance 5 <= 5), read 0 mode Default
MOC-R4PCC04U05:744517:744657 [2] NCCL INFO New proxy recv connection 1 from local rank 2, transport 2
MOC-R4PCC04U05:744517:744664 [2] NCCL INFO Connected to proxy localRank 2 -> connection 0x7f14d0004fa8
MOC-R4PCC04U05:744517:744664 [2] NCCL INFO Channel 01/0 : 15[3] -> 2[2] [receive] via NET/IB/1/GDRDMA
MOC-R4PCC04U05:744517:744664 [2] NCCL INFO GPU Direct RDMA Enabled for GPU 2 / HCA 1 (distance 5 <= 5), read 0 mode Default
MOC-R4PCC04U05:744517:744657 [2] NCCL INFO New proxy recv connection 2 from local rank 2, transport 2
MOC-R4PCC04U05:744517:744664 [2] NCCL INFO Connected to proxy localRank 2 -> connection 0x7f14d0005020
MOC-R4PCC04U05:744517:744664 [2] NCCL INFO Channel 02/0 : 15[3] -> 2[2] [receive] via NET/IB/1/GDRDMA
MOC-R4PCC04U05:744517:744664 [2] NCCL INFO GPU Direct RDMA Enabled for GPU 2 / HCA 1 (distance 5 <= 5), read 0 mode Default
MOC-R4PCC04U05:744517:744657 [2] NCCL INFO New proxy recv connection 3 from local rank 2, transport 2
MOC-R4PCC04U05:744517:744664 [2] NCCL INFO Connected to proxy localRank 2 -> connection 0x7f14d0005098
MOC-R4PCC04U05:744517:744664 [2] NCCL INFO Channel 03/0 : 15[3] -> 2[2] [receive] via NET/IB/1/GDRDMA
MOC-R4PCC04U05:744517:744657 [2] NCCL INFO New proxy send connection 4 from local rank 2, transport 0
MOC-R4PCC04U05:744517:744664 [2] NCCL INFO Connected to proxy localRank 2 -> connection 0x7f14d0005110
MOC-R4PCC04U05:744518:744666 [3] NCCL INFO GPU Direct RDMA Enabled for GPU 3 / HCA 1 (distance 5 <= 5), read 1 mode Default
MOC-R4PCC04U05:744517:744657 [2] NCCL INFO New proxy send connection 5 from local rank 2, transport 0
MOC-R4PCC04U05:744517:744664 [2] NCCL INFO Connected to proxy localRank 2 -> connection 0x7f14d0005188
MOC-R4PCC04U05:744517:744657 [2] NCCL INFO New proxy send connection 6 from local rank 3, transport 2
MOC-R4PCC04U05:744518:744666 [3] NCCL INFO Connected to proxy localRank 2 -> connection 0x7f14d0005200
MOC-R4PCC04U05:744518:744666 [3] NCCL INFO Channel 00/0 : 3[3] -> 6[2] [send] via NET/IB/1(2)/GDRDMA
MOC-R4PCC04U05:744518:744666 [3] NCCL INFO GPU Direct RDMA Enabled for GPU 3 / HCA 1 (distance 5 <= 5), read 1 mode Default
MOC-R4PCC04U05:744517:744657 [2] NCCL INFO New proxy send connection 7 from local rank 2, transport 0
MOC-R4PCC04U05:744517:744664 [2] NCCL INFO Connected to proxy localRank 2 -> connection 0x7f14d0005278
MOC-R4PCC04U05:744517:744657 [2] NCCL INFO New proxy send connection 8 from local rank 3, transport 2
MOC-R4PCC04U05:744518:744666 [3] NCCL INFO Connected to proxy localRank 2 -> connection 0x7f14d00052f0
MOC-R4PCC04U05:744518:744666 [3] NCCL INFO Channel 01/0 : 3[3] -> 6[2] [send] via NET/IB/1(2)/GDRDMA
MOC-R4PCC04U05:744518:744666 [3] NCCL INFO GPU Direct RDMA Enabled for GPU 3 / HCA 1 (distance 5 <= 5), read 1 mode Default
MOC-R4PCC04U05:744517:744657 [2] NCCL INFO New proxy send connection 9 from local rank 2, transport 0
MOC-R4PCC04U05:744517:744664 [2] NCCL INFO Connected to proxy localRank 2 -> connection 0x7f14d0005368
MOC-R4PCC04U05:744517:744657 [2] NCCL INFO New proxy send connection 10 from local rank 3, transport 2
MOC-R4PCC04U05:744518:744666 [3] NCCL INFO Connected to proxy localRank 2 -> connection 0x7f14d00053e0
MOC-R4PCC04U05:744516:744660 [1] NCCL INFO New proxy recv connection 0 from local rank 1, transport 0
MOC-R4PCC04U05:744516:744668 [1] NCCL INFO Connected to proxy localRank 1 -> connection 0x7f1474004f30
MOC-R4PCC04U05:744518:744666 [3] NCCL INFO Channel 02/0 : 3[3] -> 6[2] [send] via NET/IB/1(2)/GDRDMA
MOC-R4PCC04U05:744518:744666 [3] NCCL INFO GPU Direct RDMA Enabled for GPU 3 / HCA 1 (distance 5 <= 5), read 1 mode Default
MOC-R4PCC04U05:744517:744657 [2] NCCL INFO New proxy send connection 11 from local rank 3, transport 2
MOC-R4PCC04U05:744518:744666 [3] NCCL INFO Connected to proxy localRank 2 -> connection 0x7f14d0005458
MOC-R4PCC04U05:744518:744666 [3] NCCL INFO Channel 03/0 : 3[3] -> 6[2] [send] via NET/IB/1(2)/GDRDMA
MOC-R4PCC04U05:744515:744662 [0] NCCL INFO New proxy recv connection 4 from local rank 0, transport 0
MOC-R4PCC04U05:744515:744665 [0] NCCL INFO Connected to proxy localRank 0 -> connection 0x7feb28005110
MOC-R4PCC04U05:744516:744660 [1] NCCL INFO New proxy recv connection 1 from local rank 1, transport 0
MOC-R4PCC04U05:744516:744668 [1] NCCL INFO Connected to proxy localRank 1 -> connection 0x7f1474004fa8
MOC-R4PCC04U05:744516:744660 [1] NCCL INFO New proxy recv connection 2 from local rank 1, transport 0
MOC-R4PCC04U05:744516:744668 [1] NCCL INFO Connected to proxy localRank 1 -> connection 0x7f1474005020
MOC-R4PCC04U05:744515:744662 [0] NCCL INFO New proxy recv connection 5 from local rank 0, transport 0
MOC-R4PCC04U05:744515:744665 [0] NCCL INFO Connected to proxy localRank 0 -> connection 0x7feb28005188
MOC-R4PCC04U05:744515:744662 [0] NCCL INFO New proxy send connection 6 from local rank 3, transport 0
MOC-R4PCC04U05:744518:744666 [3] NCCL INFO Connected to proxy localRank 0 -> connection 0x7feb28005200
MOC-R4PCC04U05:744516:744660 [1] NCCL INFO New proxy recv connection 3 from local rank 1, transport 0
MOC-R4PCC04U05:744516:744668 [1] NCCL INFO Connected to proxy localRank 1 -> connection 0x7f1474005098
MOC-R4PCC04U05:744515:744662 [0] NCCL INFO New proxy recv connection 7 from local rank 0, transport 0
MOC-R4PCC04U05:744515:744665 [0] NCCL INFO Connected to proxy localRank 0 -> connection 0x7feb28005278
MOC-R4PCC04U05:744516:744660 [1] NCCL INFO New proxy send connection 4 from local rank 1, transport 0
MOC-R4PCC04U05:744516:744668 [1] NCCL INFO Connected to proxy localRank 1 -> connection 0x7f1474005110
MOC-R4PCC04U05:744515:744662 [0] NCCL INFO New proxy recv connection 8 from local rank 0, transport 0
MOC-R4PCC04U05:744515:744665 [0] NCCL INFO Connected to proxy localRank 0 -> connection 0x7feb280052f0
MOC-R4PCC04U05:744516:744660 [1] NCCL INFO New proxy send connection 5 from local rank 1, transport 0
MOC-R4PCC04U05:744516:744668 [1] NCCL INFO Connected to proxy localRank 1 -> connection 0x7f1474005188
MOC-R4PCC04U05:744516:744660 [1] NCCL INFO New proxy send connection 6 from local rank 1, transport 0
MOC-R4PCC04U05:744516:744668 [1] NCCL INFO Connected to proxy localRank 1 -> connection 0x7f1474005200
MOC-R4PCC04U05:744516:744660 [1] NCCL INFO New proxy send connection 7 from local rank 1, transport 0
MOC-R4PCC04U05:744516:744668 [1] NCCL INFO Connected to proxy localRank 1 -> connection 0x7f1474005278
MOC-R4PCC04U05:744515:744662 [0] NCCL INFO New proxy send connection 9 from local rank 1, transport 0
MOC-R4PCC04U05:744518:744656 [3] NCCL INFO New proxy send connection 4 from local rank 0, transport 0
MOC-R4PCC04U05:744516:744668 [1] NCCL INFO Connected to proxy localRank 0 -> connection 0x7feb28005368
MOC-R4PCC04U05:744515:744665 [0] NCCL INFO Connected to proxy localRank 3 -> connection 0x7fb2f8005110
MOC-R4PCC04U05:744516:744660 [1] NCCL INFO New proxy send connection 8 from local rank 2, transport 0
MOC-R4PCC04U05:744517:744664 [2] NCCL INFO Connected to proxy localRank 1 -> connection 0x7f14740052f0
MOC-R4PCC04U05:744517:744657 [2] NCCL INFO New proxy send connection 12 from local rank 1, transport 0
MOC-R4PCC04U05:744516:744668 [1] NCCL INFO Connected to proxy localRank 2 -> connection 0x7f14d00054d0
MOC-R4PCC04U05:744516:744660 [1] NCCL INFO New proxy send connection 9 from local rank 0, transport 0
MOC-R4PCC04U05:744515:744665 [0] NCCL INFO Connected to proxy localRank 1 -> connection 0x7f1474005368
MOC-R4PCC04U05:744517:744657 [2] NCCL INFO NET/IB: NCCL Dev 1 IbDev 0 Port 1 qpn 12290 mtu 3 query_ece={supported=1, vendor_id=0x15b3, options=0x30000002, comp_mask=0x0} GID 3 (0/C132A8C0FFFF0000) fifoRkey=0x17bf7e fifoLkey=0x17bf7e
MOC-R4PCC04U05:744517:744657 [2] NCCL INFO NET/IB: NCCL Dev 1 IbDev 0 Port 1 qpn 12291 mtu 3 query_ece={supported=1, vendor_id=0x15b3, options=0x30000002, comp_mask=0x0} GID 3 (0/C132A8C0FFFF0000) fifoRkey=0x17e1a0 fifoLkey=0x17e1a0
MOC-R4PCC04U05:744517:744657 [2] NCCL INFO NET/IB: NCCL Dev 1 IbDev 0 Port 1 qpn 12292 mtu 3 query_ece={supported=1, vendor_id=0x15b3, options=0x30000002, comp_mask=0x0} GID 3 (0/C132A8C0FFFF0000) fifoRkey=0x17cb8a fifoLkey=0x17cb8a
MOC-R4PCC04U05:744517:744657 [2] NCCL INFO NET/IB: NCCL Dev 1 IbDev 0 Port 1 qpn 12293 mtu 3 query_ece={supported=1, vendor_id=0x15b3, options=0x30000002, comp_mask=0x0} GID 3 (0/C132A8C0FFFF0000) fifoRkey=0x1722e1 fifoLkey=0x1722e1
MOC-R4PCC04U05:744517:744657 [2] NCCL INFO NET/IB: IbDev 0 Port 1 qpn 12942 set_ece={supported=1, vendor_id=0x15b3, options=0x0, comp_mask=0x0}
MOC-R4PCC04U05:744517:744657 [2] NCCL INFO NET/IB: IbDev 0 Port 1 qpn 12944 set_ece={supported=1, vendor_id=0x15b3, options=0x0, comp_mask=0x0}
MOC-R4PCC04U05:744517:744657 [2] NCCL INFO New proxy send connection 13 from local rank 3, transport 0
MOC-R4PCC04U05:744518:744666 [3] NCCL INFO Connected to proxy localRank 2 -> connection 0x7f14d0005548
MOC-R4PCC04U05:744517:744657 [2] NCCL INFO NET/IB: IbDev 0 Port 1 qpn 12946 set_ece={supported=1, vendor_id=0x15b3, options=0x0, comp_mask=0x0}
MOC-R4PCC04U05:744517:744657 [2] NCCL INFO NET/IB: IbDev 0 Port 1 qpn 12948 set_ece={supported=1, vendor_id=0x15b3, options=0x0, comp_mask=0x0}
num decayed parameter tensors: 50, with 124,318,464 parameters
num non-decayed parameter tensors: 98, with 121,344 parameters
using fused AdamW: False
using regular AdamW
MOC-R4PCC04U05:744518:744656 [3] NCCL INFO New proxy recv connection 5 from local rank 3, transport 0
MOC-R4PCC04U05:744518:745357 [3] NCCL INFO Connected to proxy localRank 3 -> connection 0x7fb2f8005188
MOC-R4PCC04U05:744518:744656 [3] NCCL INFO New proxy recv connection 6 from local rank 3, transport 0
MOC-R4PCC04U05:744518:745357 [3] NCCL INFO Connected to proxy localRank 3 -> connection 0x7fb2f8005200
MOC-R4PCC04U05:744518:744656 [3] NCCL INFO New proxy recv connection 7 from local rank 3, transport 0
MOC-R4PCC04U05:744518:745357 [3] NCCL INFO Connected to proxy localRank 3 -> connection 0x7fb2f8005278
MOC-R4PCC04U05:744518:744656 [3] NCCL INFO New proxy recv connection 8 from local rank 3, transport 0
MOC-R4PCC04U05:744518:745357 [3] NCCL INFO Connected to proxy localRank 3 -> connection 0x7fb2f80052f0
MOC-R4PCC04U05:744515:744662 [0] NCCL INFO New proxy send connection 10 from local rank 0, transport 0
MOC-R4PCC04U05:744515:745358 [0] NCCL INFO Connected to proxy localRank 0 -> connection 0x7feb280053e0
MOC-R4PCC04U05:744515:744662 [0] NCCL INFO New proxy send connection 11 from local rank 0, transport 0
MOC-R4PCC04U05:744515:745358 [0] NCCL INFO Connected to proxy localRank 0 -> connection 0x7feb28005458
MOC-R4PCC04U05:744515:744662 [0] NCCL INFO New proxy send connection 12 from local rank 0, transport 0
MOC-R4PCC04U05:744515:745358 [0] NCCL INFO Connected to proxy localRank 0 -> connection 0x7feb280054d0
MOC-R4PCC04U05:744515:744662 [0] NCCL INFO New proxy send connection 13 from local rank 0, transport 0
MOC-R4PCC04U05:744515:745358 [0] NCCL INFO Connected to proxy localRank 0 -> connection 0x7feb28005548
MOC-R4PCC04U05:744517:744657 [2] NCCL INFO New proxy send connection 14 from local rank 2, transport 0
MOC-R4PCC04U05:744517:745359 [2] NCCL INFO Connected to proxy localRank 2 -> connection 0x7f14d00055c0
MOC-R4PCC04U05:744517:744657 [2] NCCL INFO New proxy send connection 15 from local rank 2, transport 0
MOC-R4PCC04U05:744517:745359 [2] NCCL INFO Connected to proxy localRank 2 -> connection 0x7f14d0005638
MOC-R4PCC04U05:744517:744657 [2] NCCL INFO New proxy send connection 16 from local rank 2, transport 0
MOC-R4PCC04U05:744517:745359 [2] NCCL INFO Connected to proxy localRank 2 -> connection 0x7f14d00056b0
MOC-R4PCC04U05:744517:744657 [2] NCCL INFO New proxy send connection 17 from local rank 2, transport 0
MOC-R4PCC04U05:744517:745359 [2] NCCL INFO Connected to proxy localRank 2 -> connection 0x7f14d0005728
MOC-R4PCC04U05:744517:745359 [2] NCCL INFO GPU Direct RDMA Enabled for GPU 2 / HCA 1 (distance 5 <= 5), read 1 mode Default
MOC-R4PCC04U05:744517:744657 [2] NCCL INFO New proxy send connection 18 from local rank 2, transport 2
MOC-R4PCC04U05:744517:745359 [2] NCCL INFO Connected to proxy localRank 2 -> connection 0x7f14d00057a0
MOC-R4PCC04U05:744518:744656 [3] NCCL INFO New proxy send connection 9 from local rank 3, transport 0
MOC-R4PCC04U05:744517:745359 [2] NCCL INFO Channel 02/0 : 2[2] -> 6[2] [send] via NET/IB/1/GDRDMA
MOC-R4PCC04U05:744517:745359 [2] NCCL INFO GPU Direct RDMA Enabled for GPU 2 / HCA 1 (distance 5 <= 5), read 1 mode Default
MOC-R4PCC04U05:744518:745357 [3] NCCL INFO Connected to proxy localRank 3 -> connection 0x7fb2f8005368
MOC-R4PCC04U05:744517:744657 [2] NCCL INFO New proxy send connection 19 from local rank 2, transport 2
MOC-R4PCC04U05:744517:745359 [2] NCCL INFO Connected to proxy localRank 2 -> connection 0x7f14d0005818
MOC-R4PCC04U05:744517:745359 [2] NCCL INFO Channel 03/0 : 2[2] -> 6[2] [send] via NET/IB/1/GDRDMA
MOC-R4PCC04U05:744518:744656 [3] NCCL INFO New proxy send connection 10 from local rank 3, transport 0
MOC-R4PCC04U05:744518:745357 [3] NCCL INFO Connected to proxy localRank 3 -> connection 0x7fb2f80053e0
MOC-R4PCC04U05:744518:744656 [3] NCCL INFO New proxy send connection 11 from local rank 3, transport 0
MOC-R4PCC04U05:744518:745357 [3] NCCL INFO Connected to proxy localRank 3 -> connection 0x7fb2f8005458
MOC-R4PCC04U05:744518:744656 [3] NCCL INFO New proxy send connection 12 from local rank 3, transport 0
MOC-R4PCC04U05:744518:745357 [3] NCCL INFO Connected to proxy localRank 3 -> connection 0x7fb2f80054d0
MOC-R4PCC04U05:744516:744660 [1] NCCL INFO New proxy recv connection 10 from local rank 1, transport 0
MOC-R4PCC04U05:744516:745360 [1] NCCL INFO Connected to proxy localRank 1 -> connection 0x7f14740053e0
MOC-R4PCC04U05:744516:744660 [1] NCCL INFO New proxy recv connection 11 from local rank 1, transport 0
MOC-R4PCC04U05:744516:745360 [1] NCCL INFO Connected to proxy localRank 1 -> connection 0x7f1474005458
MOC-R4PCC04U05:744516:744660 [1] NCCL INFO New proxy recv connection 12 from local rank 1, transport 0
MOC-R4PCC04U05:744516:745360 [1] NCCL INFO Connected to proxy localRank 1 -> connection 0x7f14740054d0
MOC-R4PCC04U05:744516:744660 [1] NCCL INFO New proxy recv connection 13 from local rank 1, transport 0
MOC-R4PCC04U05:744516:745360 [1] NCCL INFO Connected to proxy localRank 1 -> connection 0x7f1474005548
MOC-R4PCC04U05:744515:744662 [0] NCCL INFO New proxy recv connection 14 from local rank 0, transport 0
MOC-R4PCC04U05:744515:745358 [0] NCCL INFO Connected to proxy localRank 0 -> connection 0x7feb280055c0
MOC-R4PCC04U05:744515:744662 [0] NCCL INFO New proxy recv connection 15 from local rank 0, transport 0
MOC-R4PCC04U05:744515:745358 [0] NCCL INFO Connected to proxy localRank 0 -> connection 0x7feb28005638
MOC-R4PCC04U05:744515:744662 [0] NCCL INFO New proxy recv connection 16 from local rank 0, transport 0
MOC-R4PCC04U05:744515:745358 [0] NCCL INFO Connected to proxy localRank 0 -> connection 0x7feb280056b0
MOC-R4PCC04U05:744515:744662 [0] NCCL INFO New proxy recv connection 17 from local rank 0, transport 0
MOC-R4PCC04U05:744515:745358 [0] NCCL INFO Connected to proxy localRank 0 -> connection 0x7feb28005728
MOC-R4PCC04U05:744518:744656 [3] NCCL INFO New proxy send connection 13 from local rank 3, transport 0
MOC-R4PCC04U05:744518:745357 [3] NCCL INFO Connected to proxy localRank 3 -> connection 0x7fb2f8005548
MOC-R4PCC04U05:744518:744656 [3] NCCL INFO New proxy send connection 14 from local rank 3, transport 0
MOC-R4PCC04U05:744518:745357 [3] NCCL INFO Connected to proxy localRank 3 -> connection 0x7fb2f80055c0
MOC-R4PCC04U05:744518:744656 [3] NCCL INFO New proxy send connection 15 from local rank 3, transport 0
MOC-R4PCC04U05:744518:745357 [3] NCCL INFO Connected to proxy localRank 3 -> connection 0x7fb2f8005638
MOC-R4PCC04U05:744518:744656 [3] NCCL INFO New proxy send connection 16 from local rank 3, transport 0
MOC-R4PCC04U05:744518:745357 [3] NCCL INFO Connected to proxy localRank 3 -> connection 0x7fb2f80056b0
MOC-R4PCC04U05:744517:745359 [2] NCCL INFO GPU Direct RDMA Enabled for GPU 2 / HCA 1 (distance 5 <= 5), read 0 mode Default
MOC-R4PCC04U05:744517:744657 [2] NCCL INFO New proxy recv connection 20 from local rank 2, transport 2
MOC-R4PCC04U05:744517:745359 [2] NCCL INFO Connected to proxy localRank 2 -> connection 0x7f14d0005890
MOC-R4PCC04U05:744517:745359 [2] NCCL INFO Channel 00/0 : 10[2] -> 2[2] [receive] via NET/IB/1/GDRDMA
MOC-R4PCC04U05:744517:745359 [2] NCCL INFO GPU Direct RDMA Enabled for GPU 2 / HCA 1 (distance 5 <= 5), read 0 mode Default
MOC-R4PCC04U05:744517:744657 [2] NCCL INFO New proxy recv connection 21 from local rank 2, transport 2
MOC-R4PCC04U05:744517:745359 [2] NCCL INFO Connected to proxy localRank 2 -> connection 0x7f14d0005908
MOC-R4PCC04U05:744517:745359 [2] NCCL INFO Channel 01/0 : 10[2] -> 2[2] [receive] via NET/IB/1/GDRDMA
MOC-R4PCC04U05:744517:745359 [2] NCCL INFO GPU Direct RDMA Enabled for GPU 2 / HCA 1 (distance 5 <= 5), read 1 mode Default
MOC-R4PCC04U05:744517:744657 [2] NCCL INFO New proxy send connection 22 from local rank 2, transport 2
MOC-R4PCC04U05:744517:745359 [2] NCCL INFO Connected to proxy localRank 2 -> connection 0x7f14d0005980
MOC-R4PCC04U05:744517:745359 [2] NCCL INFO Channel 00/0 : 2[2] -> 10[2] [send] via NET/IB/1/GDRDMA
MOC-R4PCC04U05:744517:745359 [2] NCCL INFO GPU Direct RDMA Enabled for GPU 2 / HCA 1 (distance 5 <= 5), read 1 mode Default
MOC-R4PCC04U05:744517:744657 [2] NCCL INFO New proxy send connection 23 from local rank 2, transport 2
MOC-R4PCC04U05:744517:745359 [2] NCCL INFO Connected to proxy localRank 2 -> connection 0x7f14d00059f8
MOC-R4PCC04U05:744517:745359 [2] NCCL INFO Channel 01/0 : 2[2] -> 10[2] [send] via NET/IB/1/GDRDMA
MOC-R4PCC04U05:744517:745359 [2] NCCL INFO GPU Direct RDMA Enabled for GPU 2 / HCA 1 (distance 5 <= 5), read 0 mode Default
MOC-R4PCC04U05:744517:744657 [2] NCCL INFO New proxy recv connection 24 from local rank 2, transport 2
MOC-R4PCC04U05:744517:745359 [2] NCCL INFO Connected to proxy localRank 2 -> connection 0x7f14d0005a70
MOC-R4PCC04U05:744517:745359 [2] NCCL INFO Channel 02/0 : 6[2] -> 2[2] [receive] via NET/IB/1/GDRDMA
MOC-R4PCC04U05:744517:745359 [2] NCCL INFO GPU Direct RDMA Enabled for GPU 2 / HCA 1 (distance 5 <= 5), read 0 mode Default
MOC-R4PCC04U05:744517:744657 [2] NCCL INFO New proxy recv connection 25 from local rank 2, transport 2
MOC-R4PCC04U05:744517:745359 [2] NCCL INFO Connected to proxy localRank 2 -> connection 0x7f14d0005ae8
MOC-R4PCC04U05:744517:745359 [2] NCCL INFO Channel 03/0 : 6[2] -> 2[2] [receive] via NET/IB/1/GDRDMA
MOC-R4PCC04U05:744517:744657 [2] NCCL INFO New proxy recv connection 26 from local rank 2, transport 0
MOC-R4PCC04U05:744517:745359 [2] NCCL INFO Connected to proxy localRank 2 -> connection 0x7f14d0005b60
MOC-R4PCC04U05:744517:744657 [2] NCCL INFO New proxy recv connection 27 from local rank 2, transport 0
MOC-R4PCC04U05:744517:745359 [2] NCCL INFO Connected to proxy localRank 2 -> connection 0x7f14d0005bd8
MOC-R4PCC04U05:744517:744657 [2] NCCL INFO New proxy recv connection 28 from local rank 2, transport 0
MOC-R4PCC04U05:744517:745359 [2] NCCL INFO Connected to proxy localRank 2 -> connection 0x7f14d0005c50
MOC-R4PCC04U05:744517:744657 [2] NCCL INFO New proxy recv connection 29 from local rank 2, transport 0
MOC-R4PCC04U05:744517:745359 [2] NCCL INFO Connected to proxy localRank 2 -> connection 0x7f14d0005cc8
MOC-R4PCC04U05:744518:744656 [3] NCCL INFO New proxy send connection 17 from local rank 2, transport 0
MOC-R4PCC04U05:744517:745359 [2] NCCL INFO Connected to proxy localRank 3 -> connection 0x7fb2f8005728
MOC-R4PCC04U05:744517:744657 [2] NCCL INFO NET/IB: NCCL Dev 1 IbDev 0 Port 1 qpn 12302 mtu 3 query_ece={supported=1, vendor_id=0x15b3, options=0x30000002, comp_mask=0x0} GID 3 (0/C132A8C0FFFF0000) fifoRkey=0x179c5b fifoLkey=0x179c5b
MOC-R4PCC04U05:744517:744657 [2] NCCL INFO NET/IB: IbDev 0 Port 1 qpn 10397 set_ece={supported=1, vendor_id=0x15b3, options=0x0, comp_mask=0x0}
MOC-R4PCC04U05:744517:744657 [2] NCCL INFO NET/IB: NCCL Dev 1 IbDev 0 Port 1 qpn 12305 mtu 3 query_ece={supported=1, vendor_id=0x15b3, options=0x30000002, comp_mask=0x0} GID 3 (0/C132A8C0FFFF0000) fifoRkey=0x17a767 fifoLkey=0x17a767
MOC-R4PCC04U05:744517:744657 [2] NCCL INFO NET/IB: IbDev 0 Port 1 qpn 10400 set_ece={supported=1, vendor_id=0x15b3, options=0x0, comp_mask=0x0}
MOC-R4PCC04U05:744517:744657 [2] NCCL INFO NET/IB: NCCL Dev 1 IbDev 0 Port 1 qpn 12308 mtu 3 query_ece={supported=1, vendor_id=0x15b3, options=0x30000002, comp_mask=0x0} GID 3 (0/C132A8C0FFFF0000) fifoRkey=0x17d796 fifoLkey=0x17d796
MOC-R4PCC04U05:744517:744657 [2] NCCL INFO NET/IB: NCCL Dev 1 IbDev 0 Port 1 qpn 12309 mtu 3 query_ece={supported=1, vendor_id=0x15b3, options=0x30000002, comp_mask=0x0} GID 3 (0/C132A8C0FFFF0000) fifoRkey=0x173af9 fifoLkey=0x173af9
MOC-R4PCC04U05:744517:744657 [2] NCCL INFO NET/IB: IbDev 0 Port 1 qpn 12953 set_ece={supported=1, vendor_id=0x15b3, options=0x0, comp_mask=0x0}
MOC-R4PCC04U05:744517:744657 [2] NCCL INFO NET/IB: IbDev 0 Port 1 qpn 12956 set_ece={supported=1, vendor_id=0x15b3, options=0x0, comp_mask=0x0}
step    1/10 | train loss 11.009806 | norm 15.3616 | lr 1.00e-04 | (14161.72 ms | 148086 tok/s)
step    2/10 | train loss 10.138540 | norm 5.7423 | lr 1.00e-04 | (375.91 ms | 5578902 tok/s)
step    3/10 | train loss 9.797909 | norm 2.6066 | lr 1.00e-04 | (406.99 ms | 5152876 tok/s)
step    4/10 | train loss 9.628575 | norm 2.1113 | lr 1.00e-04 | (376.45 ms | 5570878 tok/s)
step    5/10 | train loss 9.545595 | norm 2.1044 | lr 1.00e-04 | (379.48 ms | 5526330 tok/s)
step    6/10 | train loss 9.464416 | norm 1.9969 | lr 1.00e-04 | (375.45 ms | 5585630 tok/s)
step    7/10 | train loss 9.378773 | norm 1.9478 | lr 1.00e-04 | (378.69 ms | 5537846 tok/s)
step    8/10 | train loss 9.286810 | norm 1.9138 | lr 1.00e-04 | (378.19 ms | 5545177 tok/s)
step    9/10 | train loss 9.191317 | norm 1.8553 | lr 1.00e-04 | (389.98 ms | 5377647 tok/s)
step   10/10 | train loss 9.107033 | norm 1.7972 | lr 1.00e-04 | (378.02 ms | 5547716 tok/s)
final 9 iters avg: 382.130ms
peak memory consumption: 16601 MiB
