Running pytorch 2.7.0+cu126
using device: cuda:0
total desired batch size: 1966080
=> calculated gradient accumulation steps: 5
using device: cuda:3
using device: cuda:1
using device: cuda:2
compiling the model...
DataLoader: total number of tokens: 1,661,249,667 across 103 files
MOC-R4PCC04U05:579557:579557 [0] NCCL INFO NCCL_SOCKET_IFNAME set to eno7np0
MOC-R4PCC04U05:579557:579557 [0] NCCL INFO NCCL version 2.26.2+cuda12.2
MOC-R4PCC04U05:579560:579560 [3] NCCL INFO NCCL_SOCKET_IFNAME set to eno7np0
MOC-R4PCC04U05:579560:579560 [3] NCCL INFO NCCL version 2.26.2+cuda12.2
MOC-R4PCC04U05:579558:579558 [1] NCCL INFO NCCL_SOCKET_IFNAME set to eno7np0
MOC-R4PCC04U05:579558:579558 [1] NCCL INFO NCCL version 2.26.2+cuda12.2
MOC-R4PCC04U05:579559:579559 [2] NCCL INFO NCCL_SOCKET_IFNAME set to eno7np0
MOC-R4PCC04U05:579559:579559 [2] NCCL INFO NCCL version 2.26.2+cuda12.2
MOC-R4PCC04U05:579557:579683 [0] NCCL INFO NET/Plugin: Could not find: libnccl-net.so. Using internal net plugin.
MOC-R4PCC04U05:579557:579683 [0] NCCL INFO NCCL_IB_HCA set to mlx5_5
MOC-R4PCC04U05:579560:579684 [3] NCCL INFO NET/Plugin: Could not find: libnccl-net.so. Using internal net plugin.
MOC-R4PCC04U05:579560:579684 [3] NCCL INFO NCCL_IB_HCA set to mlx5_5
MOC-R4PCC04U05:579558:579685 [1] NCCL INFO NET/Plugin: Could not find: libnccl-net.so. Using internal net plugin.
MOC-R4PCC04U05:579558:579685 [1] NCCL INFO NCCL_IB_HCA set to mlx5_5
MOC-R4PCC04U05:579557:579683 [0] NCCL INFO NET/IB : Made virtual device [0] name=mlx5_5 speed=400000 ndevs=1
MOC-R4PCC04U05:579557:579683 [0] NCCL INFO NET/IB : Using [0]mlx5_5:1/RoCE [RO]; OOB eno7np0:192.168.50.193<0>
MOC-R4PCC04U05:579560:579684 [3] NCCL INFO NET/IB : Made virtual device [0] name=mlx5_5 speed=400000 ndevs=1
MOC-R4PCC04U05:579560:579684 [3] NCCL INFO NET/IB : Using [0]mlx5_5:1/RoCE [RO]; OOB eno7np0:192.168.50.193<0>
MOC-R4PCC04U05:579558:579685 [1] NCCL INFO NET/IB : Made virtual device [0] name=mlx5_5 speed=400000 ndevs=1
MOC-R4PCC04U05:579558:579685 [1] NCCL INFO NET/IB : Using [0]mlx5_5:1/RoCE [RO]; OOB eno7np0:192.168.50.193<0>
MOC-R4PCC04U05:579559:579686 [2] NCCL INFO NET/Plugin: Could not find: libnccl-net.so. Using internal net plugin.
MOC-R4PCC04U05:579559:579686 [2] NCCL INFO NCCL_IB_HCA set to mlx5_5
MOC-R4PCC04U05:579559:579686 [2] NCCL INFO NET/IB : Made virtual device [0] name=mlx5_5 speed=400000 ndevs=1
MOC-R4PCC04U05:579559:579686 [2] NCCL INFO NET/IB : Using [0]mlx5_5:1/RoCE [RO]; OOB eno7np0:192.168.50.193<0>
MOC-R4PCC04U05:579559:579686 [2] NCCL INFO NET/IB : GPU Direct RDMA Enabled for HCA 0 'mlx5_5'
MOC-R4PCC04U05:579559:579686 [2] NCCL INFO NET/IB : Made virtual device [1] name=mlx5_5 speed=400000 ndevs=1
MOC-R4PCC04U05:579559:579686 [2] NCCL INFO NET/IB : GPU Direct RDMA Enabled for HCA 0 'mlx5_5'
MOC-R4PCC04U05:579559:579686 [2] NCCL INFO NET/IB : GPU Direct RDMA Enabled for HCA 1 'mlx5_5'
MOC-R4PCC04U05:579558:579685 [1] NCCL INFO NET/IB : GPU Direct RDMA Enabled for HCA 0 'mlx5_5'
MOC-R4PCC04U05:579558:579685 [1] NCCL INFO NET/IB : Made virtual device [1] name=mlx5_5 speed=400000 ndevs=1
MOC-R4PCC04U05:579558:579685 [1] NCCL INFO NET/IB : GPU Direct RDMA Enabled for HCA 0 'mlx5_5'
MOC-R4PCC04U05:579558:579685 [1] NCCL INFO NET/IB : GPU Direct RDMA Enabled for HCA 1 'mlx5_5'
MOC-R4PCC04U05:579557:579683 [0] NCCL INFO NET/IB : GPU Direct RDMA Enabled for HCA 0 'mlx5_5'
MOC-R4PCC04U05:579560:579684 [3] NCCL INFO NET/IB : GPU Direct RDMA Enabled for HCA 0 'mlx5_5'
MOC-R4PCC04U05:579557:579683 [0] NCCL INFO NET/IB : Made virtual device [1] name=mlx5_5 speed=400000 ndevs=1
MOC-R4PCC04U05:579557:579683 [0] NCCL INFO NET/IB : GPU Direct RDMA Enabled for HCA 0 'mlx5_5'
MOC-R4PCC04U05:579560:579684 [3] NCCL INFO NET/IB : Made virtual device [1] name=mlx5_5 speed=400000 ndevs=1
MOC-R4PCC04U05:579557:579683 [0] NCCL INFO NET/IB : GPU Direct RDMA Enabled for HCA 1 'mlx5_5'
MOC-R4PCC04U05:579560:579684 [3] NCCL INFO NET/IB : GPU Direct RDMA Enabled for HCA 0 'mlx5_5'
MOC-R4PCC04U05:579560:579684 [3] NCCL INFO NET/IB : GPU Direct RDMA Enabled for HCA 1 'mlx5_5'
MOC-R4PCC04U05:579557:579683 [0] NCCL INFO GPU Direct RDMA Enabled for GPU 0 / HCA 1 (distance 5 <= 5), read 0 mode Default
MOC-R4PCC04U05:579557:579683 [0] NCCL INFO GPU Direct RDMA Enabled for GPU 1 / HCA 1 (distance 5 <= 5), read 0 mode Default
MOC-R4PCC04U05:579557:579683 [0] NCCL INFO GPU Direct RDMA Enabled for GPU 2 / HCA 1 (distance 5 <= 5), read 0 mode Default
MOC-R4PCC04U05:579557:579683 [0] NCCL INFO GPU Direct RDMA Enabled for GPU 3 / HCA 1 (distance 5 <= 5), read 0 mode Default
MOC-R4PCC04U05:579557:579683 [0] NCCL INFO GPU Direct RDMA Enabled for GPU 0 / HCA 1 (distance 5 <= 5), read 0 mode Default
MOC-R4PCC04U05:579557:579683 [0] NCCL INFO GPU Direct RDMA Enabled for GPU 1 / HCA 1 (distance 5 <= 5), read 0 mode Default
MOC-R4PCC04U05:579557:579683 [0] NCCL INFO GPU Direct RDMA Enabled for GPU 2 / HCA 1 (distance 5 <= 5), read 0 mode Default
MOC-R4PCC04U05:579557:579683 [0] NCCL INFO GPU Direct RDMA Enabled for GPU 3 / HCA 1 (distance 5 <= 5), read 0 mode Default
MOC-R4PCC04U05:579560:579684 [3] NCCL INFO GPU Direct RDMA Enabled for GPU 0 / HCA 1 (distance 5 <= 5), read 0 mode Default
MOC-R4PCC04U05:579560:579684 [3] NCCL INFO GPU Direct RDMA Enabled for GPU 1 / HCA 1 (distance 5 <= 5), read 0 mode Default
MOC-R4PCC04U05:579560:579684 [3] NCCL INFO GPU Direct RDMA Enabled for GPU 2 / HCA 1 (distance 5 <= 5), read 0 mode Default
MOC-R4PCC04U05:579560:579684 [3] NCCL INFO GPU Direct RDMA Enabled for GPU 3 / HCA 1 (distance 5 <= 5), read 0 mode Default
MOC-R4PCC04U05:579560:579684 [3] NCCL INFO GPU Direct RDMA Enabled for GPU 0 / HCA 1 (distance 5 <= 5), read 0 mode Default
MOC-R4PCC04U05:579560:579684 [3] NCCL INFO GPU Direct RDMA Enabled for GPU 1 / HCA 1 (distance 5 <= 5), read 0 mode Default
MOC-R4PCC04U05:579560:579684 [3] NCCL INFO GPU Direct RDMA Enabled for GPU 2 / HCA 1 (distance 5 <= 5), read 0 mode Default
MOC-R4PCC04U05:579558:579685 [1] NCCL INFO GPU Direct RDMA Enabled for GPU 0 / HCA 1 (distance 5 <= 5), read 0 mode Default
MOC-R4PCC04U05:579560:579684 [3] NCCL INFO GPU Direct RDMA Enabled for GPU 3 / HCA 1 (distance 5 <= 5), read 0 mode Default
MOC-R4PCC04U05:579558:579685 [1] NCCL INFO GPU Direct RDMA Enabled for GPU 1 / HCA 1 (distance 5 <= 5), read 0 mode Default
MOC-R4PCC04U05:579558:579685 [1] NCCL INFO GPU Direct RDMA Enabled for GPU 2 / HCA 1 (distance 5 <= 5), read 0 mode Default
MOC-R4PCC04U05:579558:579685 [1] NCCL INFO GPU Direct RDMA Enabled for GPU 3 / HCA 1 (distance 5 <= 5), read 0 mode Default
MOC-R4PCC04U05:579558:579685 [1] NCCL INFO GPU Direct RDMA Enabled for GPU 0 / HCA 1 (distance 5 <= 5), read 0 mode Default
MOC-R4PCC04U05:579558:579685 [1] NCCL INFO GPU Direct RDMA Enabled for GPU 1 / HCA 1 (distance 5 <= 5), read 0 mode Default
MOC-R4PCC04U05:579558:579685 [1] NCCL INFO GPU Direct RDMA Enabled for GPU 2 / HCA 1 (distance 5 <= 5), read 0 mode Default
MOC-R4PCC04U05:579558:579685 [1] NCCL INFO GPU Direct RDMA Enabled for GPU 3 / HCA 1 (distance 5 <= 5), read 0 mode Default
MOC-R4PCC04U05:579559:579686 [2] NCCL INFO GPU Direct RDMA Enabled for GPU 0 / HCA 1 (distance 5 <= 5), read 0 mode Default
MOC-R4PCC04U05:579559:579686 [2] NCCL INFO GPU Direct RDMA Enabled for GPU 1 / HCA 1 (distance 5 <= 5), read 0 mode Default
MOC-R4PCC04U05:579559:579686 [2] NCCL INFO GPU Direct RDMA Enabled for GPU 2 / HCA 1 (distance 5 <= 5), read 0 mode Default
MOC-R4PCC04U05:579559:579686 [2] NCCL INFO GPU Direct RDMA Enabled for GPU 3 / HCA 1 (distance 5 <= 5), read 0 mode Default
MOC-R4PCC04U05:579559:579686 [2] NCCL INFO GPU Direct RDMA Enabled for GPU 0 / HCA 1 (distance 5 <= 5), read 0 mode Default
MOC-R4PCC04U05:579559:579686 [2] NCCL INFO GPU Direct RDMA Enabled for GPU 1 / HCA 1 (distance 5 <= 5), read 0 mode Default
MOC-R4PCC04U05:579559:579686 [2] NCCL INFO GPU Direct RDMA Enabled for GPU 2 / HCA 1 (distance 5 <= 5), read 0 mode Default
MOC-R4PCC04U05:579559:579686 [2] NCCL INFO GPU Direct RDMA Enabled for GPU 3 / HCA 1 (distance 5 <= 5), read 0 mode Default
MOC-R4PCC04U05:579560:579700 [3] NCCL INFO New proxy recv connection 0 from local rank 3, transport 0
MOC-R4PCC04U05:579560:579707 [3] NCCL INFO Connected to proxy localRank 3 -> connection 0x7f2730004f30
MOC-R4PCC04U05:579560:579700 [3] NCCL INFO New proxy recv connection 1 from local rank 3, transport 0
MOC-R4PCC04U05:579560:579707 [3] NCCL INFO Connected to proxy localRank 3 -> connection 0x7f2730004fa8
MOC-R4PCC04U05:579559:579708 [2] NCCL INFO GPU Direct RDMA Enabled for GPU 2 / HCA 1 (distance 5 <= 5), read 0 mode Default
MOC-R4PCC04U05:579560:579700 [3] NCCL INFO New proxy recv connection 2 from local rank 3, transport 0
MOC-R4PCC04U05:579560:579707 [3] NCCL INFO Connected to proxy localRank 3 -> connection 0x7f2730005020
MOC-R4PCC04U05:579560:579700 [3] NCCL INFO New proxy recv connection 3 from local rank 3, transport 0
MOC-R4PCC04U05:579560:579707 [3] NCCL INFO Connected to proxy localRank 3 -> connection 0x7f2730005098
MOC-R4PCC04U05:579558:579701 [1] NCCL INFO New proxy recv connection 0 from local rank 1, transport 0
MOC-R4PCC04U05:579558:579709 [1] NCCL INFO Connected to proxy localRank 1 -> connection 0x7f3954004f30
MOC-R4PCC04U05:579558:579701 [1] NCCL INFO New proxy recv connection 1 from local rank 1, transport 0
MOC-R4PCC04U05:579558:579709 [1] NCCL INFO Connected to proxy localRank 1 -> connection 0x7f3954004fa8
MOC-R4PCC04U05:579558:579701 [1] NCCL INFO New proxy recv connection 2 from local rank 1, transport 0
MOC-R4PCC04U05:579558:579709 [1] NCCL INFO Connected to proxy localRank 1 -> connection 0x7f3954005020
MOC-R4PCC04U05:579560:579707 [3] NCCL INFO GPU Direct RDMA Enabled for GPU 3 / HCA 1 (distance 5 <= 5), read 1 mode Default
MOC-R4PCC04U05:579558:579701 [1] NCCL INFO New proxy recv connection 3 from local rank 1, transport 0
MOC-R4PCC04U05:579558:579709 [1] NCCL INFO Connected to proxy localRank 1 -> connection 0x7f3954005098
MOC-R4PCC04U05:579558:579701 [1] NCCL INFO New proxy send connection 4 from local rank 1, transport 0
MOC-R4PCC04U05:579558:579709 [1] NCCL INFO Connected to proxy localRank 1 -> connection 0x7f3954005110
MOC-R4PCC04U05:579558:579701 [1] NCCL INFO New proxy send connection 5 from local rank 1, transport 0
MOC-R4PCC04U05:579558:579709 [1] NCCL INFO Connected to proxy localRank 1 -> connection 0x7f3954005188
MOC-R4PCC04U05:579558:579701 [1] NCCL INFO New proxy send connection 6 from local rank 1, transport 0
MOC-R4PCC04U05:579558:579709 [1] NCCL INFO Connected to proxy localRank 1 -> connection 0x7f3954005200
MOC-R4PCC04U05:579557:579699 [0] NCCL INFO New proxy send connection 0 from local rank 0, transport 0
MOC-R4PCC04U05:579557:579710 [0] NCCL INFO Connected to proxy localRank 0 -> connection 0x7fb9d0004f30
MOC-R4PCC04U05:579558:579701 [1] NCCL INFO New proxy send connection 7 from local rank 1, transport 0
MOC-R4PCC04U05:579558:579709 [1] NCCL INFO Connected to proxy localRank 1 -> connection 0x7f3954005278
MOC-R4PCC04U05:579557:579699 [0] NCCL INFO New proxy send connection 1 from local rank 0, transport 0
MOC-R4PCC04U05:579557:579710 [0] NCCL INFO Connected to proxy localRank 0 -> connection 0x7fb9d0004fa8
MOC-R4PCC04U05:579559:579702 [2] NCCL INFO New proxy recv connection 0 from local rank 2, transport 2
MOC-R4PCC04U05:579559:579702 [2] NCCL INFO New proxy send connection 1 from local rank 3, transport 2
MOC-R4PCC04U05:579559:579708 [2] NCCL INFO Connected to proxy localRank 2 -> connection 0x7f50a8004f30
MOC-R4PCC04U05:579560:579707 [3] NCCL INFO Connected to proxy localRank 2 -> connection 0x7f50a8004fa8
MOC-R4PCC04U05:579559:579708 [2] NCCL INFO Channel 00/0 : 11[3] -> 2[2] [receive] via NET/IB/1/GDRDMA
MOC-R4PCC04U05:579559:579708 [2] NCCL INFO GPU Direct RDMA Enabled for GPU 2 / HCA 1 (distance 5 <= 5), read 0 mode Default
MOC-R4PCC04U05:579560:579707 [3] NCCL INFO Channel 00/0 : 3[3] -> 6[2] [send] via NET/IB/1(2)/GDRDMA
MOC-R4PCC04U05:579560:579707 [3] NCCL INFO GPU Direct RDMA Enabled for GPU 3 / HCA 1 (distance 5 <= 5), read 1 mode Default
MOC-R4PCC04U05:579559:579702 [2] NCCL INFO New proxy recv connection 2 from local rank 2, transport 2
MOC-R4PCC04U05:579559:579708 [2] NCCL INFO Connected to proxy localRank 2 -> connection 0x7f50a8005020
MOC-R4PCC04U05:579559:579702 [2] NCCL INFO New proxy send connection 3 from local rank 3, transport 2
MOC-R4PCC04U05:579560:579707 [3] NCCL INFO Connected to proxy localRank 2 -> connection 0x7f50a8005098
MOC-R4PCC04U05:579559:579708 [2] NCCL INFO Channel 01/0 : 11[3] -> 2[2] [receive] via NET/IB/1/GDRDMA
MOC-R4PCC04U05:579559:579708 [2] NCCL INFO GPU Direct RDMA Enabled for GPU 2 / HCA 1 (distance 5 <= 5), read 0 mode Default
MOC-R4PCC04U05:579560:579707 [3] NCCL INFO Channel 01/0 : 3[3] -> 6[2] [send] via NET/IB/1(2)/GDRDMA
MOC-R4PCC04U05:579560:579707 [3] NCCL INFO GPU Direct RDMA Enabled for GPU 3 / HCA 1 (distance 5 <= 5), read 1 mode Default
MOC-R4PCC04U05:579559:579702 [2] NCCL INFO New proxy recv connection 4 from local rank 2, transport 2
MOC-R4PCC04U05:579559:579708 [2] NCCL INFO Connected to proxy localRank 2 -> connection 0x7f50a8005110
MOC-R4PCC04U05:579559:579702 [2] NCCL INFO New proxy send connection 5 from local rank 3, transport 2
MOC-R4PCC04U05:579560:579707 [3] NCCL INFO Connected to proxy localRank 2 -> connection 0x7f50a8005188
MOC-R4PCC04U05:579559:579708 [2] NCCL INFO Channel 02/0 : 11[3] -> 2[2] [receive] via NET/IB/1/GDRDMA
MOC-R4PCC04U05:579559:579708 [2] NCCL INFO GPU Direct RDMA Enabled for GPU 2 / HCA 1 (distance 5 <= 5), read 0 mode Default
MOC-R4PCC04U05:579560:579707 [3] NCCL INFO Channel 02/0 : 3[3] -> 6[2] [send] via NET/IB/1(2)/GDRDMA
MOC-R4PCC04U05:579560:579707 [3] NCCL INFO GPU Direct RDMA Enabled for GPU 3 / HCA 1 (distance 5 <= 5), read 1 mode Default
MOC-R4PCC04U05:579559:579702 [2] NCCL INFO New proxy recv connection 6 from local rank 2, transport 2
MOC-R4PCC04U05:579559:579708 [2] NCCL INFO Connected to proxy localRank 2 -> connection 0x7f50a8005200
MOC-R4PCC04U05:579559:579702 [2] NCCL INFO New proxy send connection 7 from local rank 3, transport 2
MOC-R4PCC04U05:579560:579707 [3] NCCL INFO Connected to proxy localRank 2 -> connection 0x7f50a8005278
MOC-R4PCC04U05:579559:579708 [2] NCCL INFO Channel 03/0 : 11[3] -> 2[2] [receive] via NET/IB/1/GDRDMA
MOC-R4PCC04U05:579560:579707 [3] NCCL INFO Channel 03/0 : 3[3] -> 6[2] [send] via NET/IB/1(2)/GDRDMA
MOC-R4PCC04U05:579557:579699 [0] NCCL INFO New proxy send connection 2 from local rank 0, transport 0
MOC-R4PCC04U05:579557:579710 [0] NCCL INFO Connected to proxy localRank 0 -> connection 0x7fb9d0005020
MOC-R4PCC04U05:579559:579702 [2] NCCL INFO New proxy send connection 8 from local rank 2, transport 0
MOC-R4PCC04U05:579559:579708 [2] NCCL INFO Connected to proxy localRank 2 -> connection 0x7f50a80052f0
MOC-R4PCC04U05:579557:579699 [0] NCCL INFO New proxy send connection 3 from local rank 0, transport 0
MOC-R4PCC04U05:579557:579710 [0] NCCL INFO Connected to proxy localRank 0 -> connection 0x7fb9d0005098
MOC-R4PCC04U05:579559:579702 [2] NCCL INFO New proxy send connection 9 from local rank 2, transport 0
MOC-R4PCC04U05:579559:579708 [2] NCCL INFO Connected to proxy localRank 2 -> connection 0x7f50a8005368
MOC-R4PCC04U05:579557:579699 [0] NCCL INFO New proxy recv connection 4 from local rank 0, transport 0
MOC-R4PCC04U05:579557:579710 [0] NCCL INFO Connected to proxy localRank 0 -> connection 0x7fb9d0005110
MOC-R4PCC04U05:579559:579702 [2] NCCL INFO New proxy send connection 10 from local rank 2, transport 0
MOC-R4PCC04U05:579559:579708 [2] NCCL INFO Connected to proxy localRank 2 -> connection 0x7f50a80053e0
MOC-R4PCC04U05:579557:579699 [0] NCCL INFO New proxy send connection 5 from local rank 3, transport 0
MOC-R4PCC04U05:579560:579707 [3] NCCL INFO Connected to proxy localRank 0 -> connection 0x7fb9d0005188
MOC-R4PCC04U05:579557:579699 [0] NCCL INFO New proxy recv connection 6 from local rank 0, transport 0
MOC-R4PCC04U05:579557:579710 [0] NCCL INFO Connected to proxy localRank 0 -> connection 0x7fb9d0005200
MOC-R4PCC04U05:579559:579702 [2] NCCL INFO New proxy send connection 11 from local rank 2, transport 0
MOC-R4PCC04U05:579559:579708 [2] NCCL INFO Connected to proxy localRank 2 -> connection 0x7f50a8005458
MOC-R4PCC04U05:579557:579699 [0] NCCL INFO New proxy recv connection 7 from local rank 0, transport 0
MOC-R4PCC04U05:579557:579710 [0] NCCL INFO Connected to proxy localRank 0 -> connection 0x7fb9d0005278
MOC-R4PCC04U05:579558:579701 [1] NCCL INFO New proxy send connection 8 from local rank 2, transport 0
MOC-R4PCC04U05:579559:579708 [2] NCCL INFO Connected to proxy localRank 1 -> connection 0x7f39540052f0
MOC-R4PCC04U05:579557:579699 [0] NCCL INFO New proxy recv connection 8 from local rank 0, transport 0
MOC-R4PCC04U05:579557:579710 [0] NCCL INFO Connected to proxy localRank 0 -> connection 0x7fb9d00052f0
MOC-R4PCC04U05:579560:579700 [3] NCCL INFO New proxy send connection 4 from local rank 0, transport 0
MOC-R4PCC04U05:579557:579699 [0] NCCL INFO New proxy send connection 9 from local rank 1, transport 0
MOC-R4PCC04U05:579558:579709 [1] NCCL INFO Connected to proxy localRank 0 -> connection 0x7fb9d0005368
MOC-R4PCC04U05:579557:579710 [0] NCCL INFO Connected to proxy localRank 3 -> connection 0x7f2730005110
MOC-R4PCC04U05:579559:579702 [2] NCCL INFO New proxy send connection 12 from local rank 1, transport 0
MOC-R4PCC04U05:579558:579709 [1] NCCL INFO Connected to proxy localRank 2 -> connection 0x7f50a80054d0
MOC-R4PCC04U05:579558:579701 [1] NCCL INFO New proxy send connection 9 from local rank 0, transport 0
MOC-R4PCC04U05:579557:579710 [0] NCCL INFO Connected to proxy localRank 1 -> connection 0x7f3954005368
MOC-R4PCC04U05:579559:579702 [2] NCCL INFO NET/IB: NCCL Dev 1 IbDev 0 Port 1 qpn 9280 mtu 3 query_ece={supported=1, vendor_id=0x15b3, options=0x30000002, comp_mask=0x0} GID 3 (0/C132A8C0FFFF0000) fifoRkey=0x17da99 fifoLkey=0x17da99
MOC-R4PCC04U05:579559:579702 [2] NCCL INFO NET/IB: NCCL Dev 1 IbDev 0 Port 1 qpn 9281 mtu 3 query_ece={supported=1, vendor_id=0x15b3, options=0x30000002, comp_mask=0x0} GID 3 (0/C132A8C0FFFF0000) fifoRkey=0x17e1a0 fifoLkey=0x17e1a0
MOC-R4PCC04U05:579559:579702 [2] NCCL INFO NET/IB: NCCL Dev 1 IbDev 0 Port 1 qpn 9282 mtu 3 query_ece={supported=1, vendor_id=0x15b3, options=0x30000002, comp_mask=0x0} GID 3 (0/C132A8C0FFFF0000) fifoRkey=0x17b979 fifoLkey=0x17b979
MOC-R4PCC04U05:579559:579702 [2] NCCL INFO NET/IB: NCCL Dev 1 IbDev 0 Port 1 qpn 9283 mtu 3 query_ece={supported=1, vendor_id=0x15b3, options=0x30000002, comp_mask=0x0} GID 3 (0/C132A8C0FFFF0000) fifoRkey=0x180dcc fifoLkey=0x180dcc
MOC-R4PCC04U05:579559:579702 [2] NCCL INFO NET/IB: IbDev 0 Port 1 qpn 9066 set_ece={supported=1, vendor_id=0x15b3, options=0x0, comp_mask=0x0}
MOC-R4PCC04U05:579559:579702 [2] NCCL INFO NET/IB: IbDev 0 Port 1 qpn 9068 set_ece={supported=1, vendor_id=0x15b3, options=0x0, comp_mask=0x0}
MOC-R4PCC04U05:579559:579702 [2] NCCL INFO New proxy send connection 13 from local rank 3, transport 0
MOC-R4PCC04U05:579560:579707 [3] NCCL INFO Connected to proxy localRank 2 -> connection 0x7f50a8005548
MOC-R4PCC04U05:579559:579702 [2] NCCL INFO NET/IB: IbDev 0 Port 1 qpn 9070 set_ece={supported=1, vendor_id=0x15b3, options=0x0, comp_mask=0x0}
MOC-R4PCC04U05:579559:579702 [2] NCCL INFO NET/IB: IbDev 0 Port 1 qpn 9072 set_ece={supported=1, vendor_id=0x15b3, options=0x0, comp_mask=0x0}
num decayed parameter tensors: 50, with 124,318,464 parameters
num non-decayed parameter tensors: 98, with 121,344 parameters
using fused AdamW: False
using regular AdamW
MOC-R4PCC04U05:579560:579700 [3] NCCL INFO New proxy recv connection 5 from local rank 3, transport 0
MOC-R4PCC04U05:579560:580402 [3] NCCL INFO Connected to proxy localRank 3 -> connection 0x7f2730005188
MOC-R4PCC04U05:579560:579700 [3] NCCL INFO New proxy recv connection 6 from local rank 3, transport 0
MOC-R4PCC04U05:579560:580402 [3] NCCL INFO Connected to proxy localRank 3 -> connection 0x7f2730005200
MOC-R4PCC04U05:579560:579700 [3] NCCL INFO New proxy recv connection 7 from local rank 3, transport 0
MOC-R4PCC04U05:579560:580402 [3] NCCL INFO Connected to proxy localRank 3 -> connection 0x7f2730005278
MOC-R4PCC04U05:579560:579700 [3] NCCL INFO New proxy recv connection 8 from local rank 3, transport 0
MOC-R4PCC04U05:579560:580402 [3] NCCL INFO Connected to proxy localRank 3 -> connection 0x7f27300052f0
MOC-R4PCC04U05:579559:579702 [2] NCCL INFO New proxy send connection 14 from local rank 2, transport 0
MOC-R4PCC04U05:579559:580403 [2] NCCL INFO Connected to proxy localRank 2 -> connection 0x7f50a80055c0
MOC-R4PCC04U05:579559:579702 [2] NCCL INFO New proxy send connection 15 from local rank 2, transport 0
MOC-R4PCC04U05:579559:580403 [2] NCCL INFO Connected to proxy localRank 2 -> connection 0x7f50a8005638
MOC-R4PCC04U05:579559:579702 [2] NCCL INFO New proxy send connection 16 from local rank 2, transport 0
MOC-R4PCC04U05:579559:580403 [2] NCCL INFO Connected to proxy localRank 2 -> connection 0x7f50a80056b0
MOC-R4PCC04U05:579559:579702 [2] NCCL INFO New proxy send connection 17 from local rank 2, transport 0
MOC-R4PCC04U05:579559:580403 [2] NCCL INFO Connected to proxy localRank 2 -> connection 0x7f50a8005728
MOC-R4PCC04U05:579559:580403 [2] NCCL INFO GPU Direct RDMA Enabled for GPU 2 / HCA 1 (distance 5 <= 5), read 0 mode Default
MOC-R4PCC04U05:579559:579702 [2] NCCL INFO New proxy recv connection 18 from local rank 2, transport 2
MOC-R4PCC04U05:579559:580403 [2] NCCL INFO Connected to proxy localRank 2 -> connection 0x7f50a80057a0
MOC-R4PCC04U05:579560:579700 [3] NCCL INFO New proxy send connection 9 from local rank 3, transport 0
MOC-R4PCC04U05:579559:580403 [2] NCCL INFO Channel 00/0 : 10[2] -> 2[2] [receive] via NET/IB/1/GDRDMA
MOC-R4PCC04U05:579559:580403 [2] NCCL INFO GPU Direct RDMA Enabled for GPU 2 / HCA 1 (distance 5 <= 5), read 0 mode Default
MOC-R4PCC04U05:579560:580402 [3] NCCL INFO Connected to proxy localRank 3 -> connection 0x7f2730005368
MOC-R4PCC04U05:579559:579702 [2] NCCL INFO New proxy recv connection 19 from local rank 2, transport 2
MOC-R4PCC04U05:579559:580403 [2] NCCL INFO Connected to proxy localRank 2 -> connection 0x7f50a8005818
MOC-R4PCC04U05:579559:580403 [2] NCCL INFO Channel 01/0 : 10[2] -> 2[2] [receive] via NET/IB/1/GDRDMA
MOC-R4PCC04U05:579559:580403 [2] NCCL INFO GPU Direct RDMA Enabled for GPU 2 / HCA 1 (distance 5 <= 5), read 0 mode Default
MOC-R4PCC04U05:579559:579702 [2] NCCL INFO New proxy recv connection 20 from local rank 2, transport 2
MOC-R4PCC04U05:579559:580403 [2] NCCL INFO Connected to proxy localRank 2 -> connection 0x7f50a8005890
MOC-R4PCC04U05:579559:580403 [2] NCCL INFO Channel 02/0 : 10[2] -> 2[2] [receive] via NET/IB/1/GDRDMA
MOC-R4PCC04U05:579559:580403 [2] NCCL INFO GPU Direct RDMA Enabled for GPU 2 / HCA 1 (distance 5 <= 5), read 0 mode Default
MOC-R4PCC04U05:579559:579702 [2] NCCL INFO New proxy recv connection 21 from local rank 2, transport 2
MOC-R4PCC04U05:579559:580403 [2] NCCL INFO Connected to proxy localRank 2 -> connection 0x7f50a8005908
MOC-R4PCC04U05:579560:579700 [3] NCCL INFO New proxy send connection 10 from local rank 3, transport 0
MOC-R4PCC04U05:579559:580403 [2] NCCL INFO Channel 03/0 : 10[2] -> 2[2] [receive] via NET/IB/1/GDRDMA
MOC-R4PCC04U05:579559:580403 [2] NCCL INFO GPU Direct RDMA Enabled for GPU 2 / HCA 1 (distance 5 <= 5), read 1 mode Default
MOC-R4PCC04U05:579560:580402 [3] NCCL INFO Connected to proxy localRank 3 -> connection 0x7f27300053e0
MOC-R4PCC04U05:579559:579702 [2] NCCL INFO New proxy send connection 22 from local rank 2, transport 2
MOC-R4PCC04U05:579559:580403 [2] NCCL INFO Connected to proxy localRank 2 -> connection 0x7f50a8005980
MOC-R4PCC04U05:579559:580403 [2] NCCL INFO Channel 02/0 : 2[2] -> 6[2] [send] via NET/IB/1/GDRDMA
MOC-R4PCC04U05:579559:580403 [2] NCCL INFO GPU Direct RDMA Enabled for GPU 2 / HCA 1 (distance 5 <= 5), read 1 mode Default
MOC-R4PCC04U05:579559:579702 [2] NCCL INFO New proxy send connection 23 from local rank 2, transport 2
MOC-R4PCC04U05:579559:580403 [2] NCCL INFO Connected to proxy localRank 2 -> connection 0x7f50a80059f8
MOC-R4PCC04U05:579559:580403 [2] NCCL INFO Channel 03/0 : 2[2] -> 6[2] [send] via NET/IB/1/GDRDMA
MOC-R4PCC04U05:579560:579700 [3] NCCL INFO New proxy send connection 11 from local rank 3, transport 0
MOC-R4PCC04U05:579560:580402 [3] NCCL INFO Connected to proxy localRank 3 -> connection 0x7f2730005458
MOC-R4PCC04U05:579560:579700 [3] NCCL INFO New proxy send connection 12 from local rank 3, transport 0
MOC-R4PCC04U05:579560:580402 [3] NCCL INFO Connected to proxy localRank 3 -> connection 0x7f27300054d0
MOC-R4PCC04U05:579557:579699 [0] NCCL INFO New proxy send connection 10 from local rank 0, transport 0
MOC-R4PCC04U05:579557:580404 [0] NCCL INFO Connected to proxy localRank 0 -> connection 0x7fb9d00053e0
MOC-R4PCC04U05:579557:579699 [0] NCCL INFO New proxy send connection 11 from local rank 0, transport 0
MOC-R4PCC04U05:579557:580404 [0] NCCL INFO Connected to proxy localRank 0 -> connection 0x7fb9d0005458
MOC-R4PCC04U05:579557:579699 [0] NCCL INFO New proxy send connection 12 from local rank 0, transport 0
MOC-R4PCC04U05:579557:580404 [0] NCCL INFO Connected to proxy localRank 0 -> connection 0x7fb9d00054d0
MOC-R4PCC04U05:579557:579699 [0] NCCL INFO New proxy send connection 13 from local rank 0, transport 0
MOC-R4PCC04U05:579557:580404 [0] NCCL INFO Connected to proxy localRank 0 -> connection 0x7fb9d0005548
MOC-R4PCC04U05:579558:579701 [1] NCCL INFO New proxy recv connection 10 from local rank 1, transport 0
MOC-R4PCC04U05:579558:580405 [1] NCCL INFO Connected to proxy localRank 1 -> connection 0x7f39540053e0
MOC-R4PCC04U05:579558:579701 [1] NCCL INFO New proxy recv connection 11 from local rank 1, transport 0
MOC-R4PCC04U05:579558:580405 [1] NCCL INFO Connected to proxy localRank 1 -> connection 0x7f3954005458
MOC-R4PCC04U05:579558:579701 [1] NCCL INFO New proxy recv connection 12 from local rank 1, transport 0
MOC-R4PCC04U05:579558:580405 [1] NCCL INFO Connected to proxy localRank 1 -> connection 0x7f39540054d0
MOC-R4PCC04U05:579558:579701 [1] NCCL INFO New proxy recv connection 13 from local rank 1, transport 0
MOC-R4PCC04U05:579558:580405 [1] NCCL INFO Connected to proxy localRank 1 -> connection 0x7f3954005548
MOC-R4PCC04U05:579557:579699 [0] NCCL INFO New proxy recv connection 14 from local rank 0, transport 0
MOC-R4PCC04U05:579557:580404 [0] NCCL INFO Connected to proxy localRank 0 -> connection 0x7fb9d00055c0
MOC-R4PCC04U05:579557:579699 [0] NCCL INFO New proxy recv connection 15 from local rank 0, transport 0
MOC-R4PCC04U05:579557:580404 [0] NCCL INFO Connected to proxy localRank 0 -> connection 0x7fb9d0005638
MOC-R4PCC04U05:579557:579699 [0] NCCL INFO New proxy recv connection 16 from local rank 0, transport 0
MOC-R4PCC04U05:579557:580404 [0] NCCL INFO Connected to proxy localRank 0 -> connection 0x7fb9d00056b0
MOC-R4PCC04U05:579557:579699 [0] NCCL INFO New proxy recv connection 17 from local rank 0, transport 0
MOC-R4PCC04U05:579557:580404 [0] NCCL INFO Connected to proxy localRank 0 -> connection 0x7fb9d0005728
MOC-R4PCC04U05:579560:579700 [3] NCCL INFO New proxy send connection 13 from local rank 3, transport 0
MOC-R4PCC04U05:579560:580402 [3] NCCL INFO Connected to proxy localRank 3 -> connection 0x7f2730005548
MOC-R4PCC04U05:579560:579700 [3] NCCL INFO New proxy send connection 14 from local rank 3, transport 0
MOC-R4PCC04U05:579560:580402 [3] NCCL INFO Connected to proxy localRank 3 -> connection 0x7f27300055c0
MOC-R4PCC04U05:579560:579700 [3] NCCL INFO New proxy send connection 15 from local rank 3, transport 0
MOC-R4PCC04U05:579560:580402 [3] NCCL INFO Connected to proxy localRank 3 -> connection 0x7f2730005638
MOC-R4PCC04U05:579560:579700 [3] NCCL INFO New proxy send connection 16 from local rank 3, transport 0
MOC-R4PCC04U05:579560:580402 [3] NCCL INFO Connected to proxy localRank 3 -> connection 0x7f27300056b0
MOC-R4PCC04U05:579559:580403 [2] NCCL INFO GPU Direct RDMA Enabled for GPU 2 / HCA 1 (distance 5 <= 5), read 0 mode Default
MOC-R4PCC04U05:579559:579702 [2] NCCL INFO New proxy recv connection 24 from local rank 2, transport 2
MOC-R4PCC04U05:579559:580403 [2] NCCL INFO Connected to proxy localRank 2 -> connection 0x7f50a8005a70
MOC-R4PCC04U05:579559:580403 [2] NCCL INFO Channel 02/0 : 6[2] -> 2[2] [receive] via NET/IB/1/GDRDMA
MOC-R4PCC04U05:579559:580403 [2] NCCL INFO GPU Direct RDMA Enabled for GPU 2 / HCA 1 (distance 5 <= 5), read 0 mode Default
MOC-R4PCC04U05:579559:579702 [2] NCCL INFO New proxy recv connection 25 from local rank 2, transport 2
MOC-R4PCC04U05:579559:580403 [2] NCCL INFO Connected to proxy localRank 2 -> connection 0x7f50a8005ae8
MOC-R4PCC04U05:579559:580403 [2] NCCL INFO Channel 03/0 : 6[2] -> 2[2] [receive] via NET/IB/1/GDRDMA
MOC-R4PCC04U05:579559:580403 [2] NCCL INFO GPU Direct RDMA Enabled for GPU 2 / HCA 1 (distance 5 <= 5), read 1 mode Default
MOC-R4PCC04U05:579559:579702 [2] NCCL INFO New proxy send connection 26 from local rank 2, transport 2
MOC-R4PCC04U05:579559:580403 [2] NCCL INFO Connected to proxy localRank 2 -> connection 0x7f50a8005b60
MOC-R4PCC04U05:579559:580403 [2] NCCL INFO Channel 00/0 : 2[2] -> 10[2] [send] via NET/IB/1/GDRDMA
MOC-R4PCC04U05:579559:580403 [2] NCCL INFO GPU Direct RDMA Enabled for GPU 2 / HCA 1 (distance 5 <= 5), read 1 mode Default
MOC-R4PCC04U05:579559:579702 [2] NCCL INFO New proxy send connection 27 from local rank 2, transport 2
MOC-R4PCC04U05:579559:580403 [2] NCCL INFO Connected to proxy localRank 2 -> connection 0x7f50a8005bd8
MOC-R4PCC04U05:579559:580403 [2] NCCL INFO Channel 01/0 : 2[2] -> 10[2] [send] via NET/IB/1/GDRDMA
MOC-R4PCC04U05:579559:580403 [2] NCCL INFO GPU Direct RDMA Enabled for GPU 2 / HCA 1 (distance 5 <= 5), read 1 mode Default
MOC-R4PCC04U05:579559:579702 [2] NCCL INFO New proxy send connection 28 from local rank 2, transport 2
MOC-R4PCC04U05:579559:580403 [2] NCCL INFO Connected to proxy localRank 2 -> connection 0x7f50a8005c50
MOC-R4PCC04U05:579559:580403 [2] NCCL INFO Channel 02/0 : 2[2] -> 10[2] [send] via NET/IB/1/GDRDMA
MOC-R4PCC04U05:579559:580403 [2] NCCL INFO GPU Direct RDMA Enabled for GPU 2 / HCA 1 (distance 5 <= 5), read 1 mode Default
MOC-R4PCC04U05:579559:579702 [2] NCCL INFO New proxy send connection 29 from local rank 2, transport 2
MOC-R4PCC04U05:579559:580403 [2] NCCL INFO Connected to proxy localRank 2 -> connection 0x7f50a8005cc8
MOC-R4PCC04U05:579559:580403 [2] NCCL INFO Channel 03/0 : 2[2] -> 10[2] [send] via NET/IB/1/GDRDMA
MOC-R4PCC04U05:579559:579702 [2] NCCL INFO New proxy recv connection 30 from local rank 2, transport 0
MOC-R4PCC04U05:579559:580403 [2] NCCL INFO Connected to proxy localRank 2 -> connection 0x7f50a8005d40
MOC-R4PCC04U05:579559:579702 [2] NCCL INFO New proxy recv connection 31 from local rank 2, transport 0
MOC-R4PCC04U05:579559:580403 [2] NCCL INFO Connected to proxy localRank 2 -> connection 0x7f50a8005db8
MOC-R4PCC04U05:579559:579702 [2] NCCL INFO New proxy recv connection 32 from local rank 2, transport 0
MOC-R4PCC04U05:579559:580403 [2] NCCL INFO Connected to proxy localRank 2 -> connection 0x7f50a8005e30
MOC-R4PCC04U05:579559:579702 [2] NCCL INFO New proxy recv connection 33 from local rank 2, transport 0
MOC-R4PCC04U05:579559:580403 [2] NCCL INFO Connected to proxy localRank 2 -> connection 0x7f50a8005ea8
MOC-R4PCC04U05:579560:579700 [3] NCCL INFO New proxy send connection 17 from local rank 2, transport 0
MOC-R4PCC04U05:579559:580403 [2] NCCL INFO Connected to proxy localRank 3 -> connection 0x7f2730005728
MOC-R4PCC04U05:579559:579702 [2] NCCL INFO NET/IB: NCCL Dev 1 IbDev 0 Port 1 qpn 9284 mtu 3 query_ece={supported=1, vendor_id=0x15b3, options=0x30000002, comp_mask=0x0} GID 3 (0/C132A8C0FFFF0000) fifoRkey=0x177837 fifoLkey=0x177837
MOC-R4PCC04U05:579559:579702 [2] NCCL INFO NET/IB: NCCL Dev 1 IbDev 0 Port 1 qpn 9285 mtu 3 query_ece={supported=1, vendor_id=0x15b3, options=0x30000002, comp_mask=0x0} GID 3 (0/C132A8C0FFFF0000) fifoRkey=0x17b372 fifoLkey=0x17b372
MOC-R4PCC04U05:579559:579702 [2] NCCL INFO NET/IB: IbDev 0 Port 1 qpn 9074 set_ece={supported=1, vendor_id=0x15b3, options=0x0, comp_mask=0x0}
MOC-R4PCC04U05:579559:579702 [2] NCCL INFO NET/IB: IbDev 0 Port 1 qpn 9076 set_ece={supported=1, vendor_id=0x15b3, options=0x0, comp_mask=0x0}
MOC-R4PCC04U05:579559:579702 [2] NCCL INFO NET/IB: NCCL Dev 1 IbDev 0 Port 1 qpn 9286 mtu 3 query_ece={supported=1, vendor_id=0x15b3, options=0x30000002, comp_mask=0x0} GID 3 (0/C132A8C0FFFF0000) fifoRkey=0x17ecab fifoLkey=0x17ecab
MOC-R4PCC04U05:579559:579702 [2] NCCL INFO NET/IB: NCCL Dev 1 IbDev 0 Port 1 qpn 9287 mtu 3 query_ece={supported=1, vendor_id=0x15b3, options=0x30000002, comp_mask=0x0} GID 3 (0/C132A8C0FFFF0000) fifoRkey=0x1722e1 fifoLkey=0x1722e1
MOC-R4PCC04U05:579559:579702 [2] NCCL INFO NET/IB: NCCL Dev 1 IbDev 0 Port 1 qpn 9288 mtu 3 query_ece={supported=1, vendor_id=0x15b3, options=0x30000002, comp_mask=0x0} GID 3 (0/C132A8C0FFFF0000) fifoRkey=0x17904f fifoLkey=0x17904f
MOC-R4PCC04U05:579559:579702 [2] NCCL INFO NET/IB: IbDev 0 Port 1 qpn 6340 set_ece={supported=1, vendor_id=0x15b3, options=0x0, comp_mask=0x0}
MOC-R4PCC04U05:579559:579702 [2] NCCL INFO NET/IB: IbDev 0 Port 1 qpn 6342 set_ece={supported=1, vendor_id=0x15b3, options=0x0, comp_mask=0x0}
MOC-R4PCC04U05:579559:579702 [2] NCCL INFO NET/IB: IbDev 0 Port 1 qpn 6344 set_ece={supported=1, vendor_id=0x15b3, options=0x0, comp_mask=0x0}
MOC-R4PCC04U05:579559:579702 [2] NCCL INFO NET/IB: NCCL Dev 1 IbDev 0 Port 1 qpn 9297 mtu 3 query_ece={supported=1, vendor_id=0x15b3, options=0x30000002, comp_mask=0x0} GID 3 (0/C132A8C0FFFF0000) fifoRkey=0x179c5b fifoLkey=0x179c5b
MOC-R4PCC04U05:579559:579702 [2] NCCL INFO NET/IB: IbDev 0 Port 1 qpn 6348 set_ece={supported=1, vendor_id=0x15b3, options=0x0, comp_mask=0x0}
step    1/10 | train loss 11.009882 | norm 15.4032 | lr 1.00e-04 | (14223.94 ms | 138223 tok/s)
step    2/10 | train loss 10.137028 | norm 5.7554 | lr 1.00e-04 | (694.57 ms | 2830660 tok/s)
step    3/10 | train loss 9.795784 | norm 2.6138 | lr 1.00e-04 | (536.66 ms | 3663552 tok/s)
step    4/10 | train loss 9.626217 | norm 2.1172 | lr 1.00e-04 | (458.26 ms | 4290282 tok/s)
step    5/10 | train loss 9.543116 | norm 2.1086 | lr 1.00e-04 | (447.33 ms | 4395102 tok/s)
step    6/10 | train loss 9.461720 | norm 2.0012 | lr 1.00e-04 | (446.13 ms | 4406945 tok/s)
step    7/10 | train loss 9.375908 | norm 1.9512 | lr 1.00e-04 | (463.87 ms | 4238387 tok/s)
step    8/10 | train loss 9.283658 | norm 1.9173 | lr 1.00e-04 | (447.57 ms | 4392780 tok/s)
step    9/10 | train loss 9.187843 | norm 1.8581 | lr 1.00e-04 | (454.16 ms | 4329072 tok/s)
step   10/10 | train loss 9.103610 | norm 1.8050 | lr 1.00e-04 | (449.08 ms | 4377980 tok/s)
final 9 iters avg: 488.627ms
peak memory consumption: 16601 MiB
