Running pytorch 2.7.0+cu126
using device: cuda:0
total desired batch size: 1048576
=> calculated gradient accumulation steps: 4
using device: cuda:2
using device: cuda:1
using device: cuda:3
compiling the model...
DataLoader: total number of tokens: 1,661,249,667 across 103 files
MOC-R4PCC04U05:369921:369921 [0] NCCL INFO NCCL_SOCKET_IFNAME set to eno7np0
MOC-R4PCC04U05:369921:369921 [0] NCCL INFO NCCL version 2.26.2+cuda12.2
MOC-R4PCC04U05:369921:369962 [0] NCCL INFO NET/Plugin: Could not find: libnccl-net.so. Using internal net plugin.
MOC-R4PCC04U05:369921:369962 [0] NCCL INFO NCCL_IB_HCA set to mlx5_5
MOC-R4PCC04U05:369923:369923 [2] NCCL INFO NCCL_SOCKET_IFNAME set to eno7np0
MOC-R4PCC04U05:369923:369923 [2] NCCL INFO NCCL version 2.26.2+cuda12.2
MOC-R4PCC04U05:369922:369922 [1] NCCL INFO NCCL_SOCKET_IFNAME set to eno7np0
MOC-R4PCC04U05:369922:369922 [1] NCCL INFO NCCL version 2.26.2+cuda12.2
MOC-R4PCC04U05:369921:369962 [0] NCCL INFO NET/IB : Made virtual device [0] name=mlx5_5 speed=400000 ndevs=1
MOC-R4PCC04U05:369921:369962 [0] NCCL INFO NET/IB : Using [0]mlx5_5:1/RoCE [RO]; OOB eno7np0:192.168.50.193<0>
MOC-R4PCC04U05:369924:369924 [3] NCCL INFO NCCL_SOCKET_IFNAME set to eno7np0
MOC-R4PCC04U05:369924:369924 [3] NCCL INFO NCCL version 2.26.2+cuda12.2
MOC-R4PCC04U05:369923:369963 [2] NCCL INFO NET/Plugin: Could not find: libnccl-net.so. Using internal net plugin.
MOC-R4PCC04U05:369922:369964 [1] NCCL INFO NET/Plugin: Could not find: libnccl-net.so. Using internal net plugin.
MOC-R4PCC04U05:369922:369964 [1] NCCL INFO NCCL_IB_HCA set to mlx5_5
MOC-R4PCC04U05:369923:369963 [2] NCCL INFO NCCL_IB_HCA set to mlx5_5
MOC-R4PCC04U05:369924:369966 [3] NCCL INFO NET/Plugin: Could not find: libnccl-net.so. Using internal net plugin.
MOC-R4PCC04U05:369922:369964 [1] NCCL INFO NET/IB : Made virtual device [0] name=mlx5_5 speed=400000 ndevs=1
MOC-R4PCC04U05:369923:369963 [2] NCCL INFO NET/IB : Made virtual device [0] name=mlx5_5 speed=400000 ndevs=1
MOC-R4PCC04U05:369922:369964 [1] NCCL INFO NET/IB : Using [0]mlx5_5:1/RoCE [RO]; OOB eno7np0:192.168.50.193<0>
MOC-R4PCC04U05:369923:369963 [2] NCCL INFO NET/IB : Using [0]mlx5_5:1/RoCE [RO]; OOB eno7np0:192.168.50.193<0>
MOC-R4PCC04U05:369924:369966 [3] NCCL INFO NCCL_IB_HCA set to mlx5_5
MOC-R4PCC04U05:369924:369966 [3] NCCL INFO NET/IB : Made virtual device [0] name=mlx5_5 speed=400000 ndevs=1
MOC-R4PCC04U05:369924:369966 [3] NCCL INFO NET/IB : Using [0]mlx5_5:1/RoCE [RO]; OOB eno7np0:192.168.50.193<0>
MOC-R4PCC04U05:369924:369966 [3] NCCL INFO NET/IB : GPU Direct RDMA Enabled for HCA 0 'mlx5_5'
MOC-R4PCC04U05:369924:369966 [3] NCCL INFO NET/IB : Made virtual device [1] name=mlx5_5 speed=400000 ndevs=1
MOC-R4PCC04U05:369924:369966 [3] NCCL INFO NET/IB : GPU Direct RDMA Enabled for HCA 0 'mlx5_5'
MOC-R4PCC04U05:369924:369966 [3] NCCL INFO NET/IB : GPU Direct RDMA Enabled for HCA 1 'mlx5_5'
MOC-R4PCC04U05:369921:369962 [0] NCCL INFO NET/IB : GPU Direct RDMA Enabled for HCA 0 'mlx5_5'
MOC-R4PCC04U05:369921:369962 [0] NCCL INFO NET/IB : Made virtual device [1] name=mlx5_5 speed=400000 ndevs=1
MOC-R4PCC04U05:369921:369962 [0] NCCL INFO NET/IB : GPU Direct RDMA Enabled for HCA 0 'mlx5_5'
MOC-R4PCC04U05:369921:369962 [0] NCCL INFO NET/IB : GPU Direct RDMA Enabled for HCA 1 'mlx5_5'
MOC-R4PCC04U05:369923:369963 [2] NCCL INFO NET/IB : GPU Direct RDMA Enabled for HCA 0 'mlx5_5'
MOC-R4PCC04U05:369923:369963 [2] NCCL INFO NET/IB : Made virtual device [1] name=mlx5_5 speed=400000 ndevs=1
MOC-R4PCC04U05:369923:369963 [2] NCCL INFO NET/IB : GPU Direct RDMA Enabled for HCA 0 'mlx5_5'
MOC-R4PCC04U05:369923:369963 [2] NCCL INFO NET/IB : GPU Direct RDMA Enabled for HCA 1 'mlx5_5'
MOC-R4PCC04U05:369922:369964 [1] NCCL INFO NET/IB : GPU Direct RDMA Enabled for HCA 0 'mlx5_5'
MOC-R4PCC04U05:369922:369964 [1] NCCL INFO NET/IB : Made virtual device [1] name=mlx5_5 speed=400000 ndevs=1
MOC-R4PCC04U05:369922:369964 [1] NCCL INFO NET/IB : GPU Direct RDMA Enabled for HCA 0 'mlx5_5'
MOC-R4PCC04U05:369922:369964 [1] NCCL INFO NET/IB : GPU Direct RDMA Enabled for HCA 1 'mlx5_5'
MOC-R4PCC04U05:369923:369963 [2] NCCL INFO GPU Direct RDMA Enabled for GPU 0 / HCA 1 (distance 5 <= 5), read 0 mode Default
MOC-R4PCC04U05:369923:369963 [2] NCCL INFO GPU Direct RDMA Enabled for GPU 1 / HCA 1 (distance 5 <= 5), read 0 mode Default
MOC-R4PCC04U05:369923:369963 [2] NCCL INFO GPU Direct RDMA Enabled for GPU 2 / HCA 1 (distance 5 <= 5), read 0 mode Default
MOC-R4PCC04U05:369923:369963 [2] NCCL INFO GPU Direct RDMA Enabled for GPU 3 / HCA 1 (distance 5 <= 5), read 0 mode Default
MOC-R4PCC04U05:369923:369963 [2] NCCL INFO GPU Direct RDMA Enabled for GPU 0 / HCA 1 (distance 5 <= 5), read 0 mode Default
MOC-R4PCC04U05:369923:369963 [2] NCCL INFO GPU Direct RDMA Enabled for GPU 1 / HCA 1 (distance 5 <= 5), read 0 mode Default
MOC-R4PCC04U05:369923:369963 [2] NCCL INFO GPU Direct RDMA Enabled for GPU 2 / HCA 1 (distance 5 <= 5), read 0 mode Default
MOC-R4PCC04U05:369923:369963 [2] NCCL INFO GPU Direct RDMA Enabled for GPU 3 / HCA 1 (distance 5 <= 5), read 0 mode Default
MOC-R4PCC04U05:369922:369964 [1] NCCL INFO GPU Direct RDMA Enabled for GPU 0 / HCA 1 (distance 5 <= 5), read 0 mode Default
MOC-R4PCC04U05:369922:369964 [1] NCCL INFO GPU Direct RDMA Enabled for GPU 1 / HCA 1 (distance 5 <= 5), read 0 mode Default
MOC-R4PCC04U05:369922:369964 [1] NCCL INFO GPU Direct RDMA Enabled for GPU 2 / HCA 1 (distance 5 <= 5), read 0 mode Default
MOC-R4PCC04U05:369922:369964 [1] NCCL INFO GPU Direct RDMA Enabled for GPU 3 / HCA 1 (distance 5 <= 5), read 0 mode Default
MOC-R4PCC04U05:369922:369964 [1] NCCL INFO GPU Direct RDMA Enabled for GPU 0 / HCA 1 (distance 5 <= 5), read 0 mode Default
MOC-R4PCC04U05:369922:369964 [1] NCCL INFO GPU Direct RDMA Enabled for GPU 1 / HCA 1 (distance 5 <= 5), read 0 mode Default
MOC-R4PCC04U05:369922:369964 [1] NCCL INFO GPU Direct RDMA Enabled for GPU 2 / HCA 1 (distance 5 <= 5), read 0 mode Default
MOC-R4PCC04U05:369922:369964 [1] NCCL INFO GPU Direct RDMA Enabled for GPU 3 / HCA 1 (distance 5 <= 5), read 0 mode Default
MOC-R4PCC04U05:369921:369962 [0] NCCL INFO GPU Direct RDMA Enabled for GPU 0 / HCA 1 (distance 5 <= 5), read 0 mode Default
MOC-R4PCC04U05:369921:369962 [0] NCCL INFO GPU Direct RDMA Enabled for GPU 1 / HCA 1 (distance 5 <= 5), read 0 mode Default
MOC-R4PCC04U05:369921:369962 [0] NCCL INFO GPU Direct RDMA Enabled for GPU 2 / HCA 1 (distance 5 <= 5), read 0 mode Default
MOC-R4PCC04U05:369921:369962 [0] NCCL INFO GPU Direct RDMA Enabled for GPU 3 / HCA 1 (distance 5 <= 5), read 0 mode Default
MOC-R4PCC04U05:369921:369962 [0] NCCL INFO GPU Direct RDMA Enabled for GPU 0 / HCA 1 (distance 5 <= 5), read 0 mode Default
MOC-R4PCC04U05:369921:369962 [0] NCCL INFO GPU Direct RDMA Enabled for GPU 1 / HCA 1 (distance 5 <= 5), read 0 mode Default
MOC-R4PCC04U05:369921:369962 [0] NCCL INFO GPU Direct RDMA Enabled for GPU 2 / HCA 1 (distance 5 <= 5), read 0 mode Default
MOC-R4PCC04U05:369921:369962 [0] NCCL INFO GPU Direct RDMA Enabled for GPU 3 / HCA 1 (distance 5 <= 5), read 0 mode Default
MOC-R4PCC04U05:369924:369966 [3] NCCL INFO GPU Direct RDMA Enabled for GPU 0 / HCA 1 (distance 5 <= 5), read 0 mode Default
MOC-R4PCC04U05:369924:369966 [3] NCCL INFO GPU Direct RDMA Enabled for GPU 1 / HCA 1 (distance 5 <= 5), read 0 mode Default
MOC-R4PCC04U05:369924:369966 [3] NCCL INFO GPU Direct RDMA Enabled for GPU 2 / HCA 1 (distance 5 <= 5), read 0 mode Default
MOC-R4PCC04U05:369924:369966 [3] NCCL INFO GPU Direct RDMA Enabled for GPU 3 / HCA 1 (distance 5 <= 5), read 0 mode Default
MOC-R4PCC04U05:369924:369966 [3] NCCL INFO GPU Direct RDMA Enabled for GPU 0 / HCA 1 (distance 5 <= 5), read 0 mode Default
MOC-R4PCC04U05:369924:369966 [3] NCCL INFO GPU Direct RDMA Enabled for GPU 1 / HCA 1 (distance 5 <= 5), read 0 mode Default
MOC-R4PCC04U05:369924:369966 [3] NCCL INFO GPU Direct RDMA Enabled for GPU 2 / HCA 1 (distance 5 <= 5), read 0 mode Default
MOC-R4PCC04U05:369924:369966 [3] NCCL INFO GPU Direct RDMA Enabled for GPU 3 / HCA 1 (distance 5 <= 5), read 0 mode Default
MOC-R4PCC04U05:369923:369986 [2] NCCL INFO GPU Direct RDMA Enabled for GPU 2 / HCA 1 (distance 5 <= 5), read 0 mode Default
MOC-R4PCC04U05:369922:369981 [1] NCCL INFO New proxy recv connection 0 from local rank 1, transport 0
MOC-R4PCC04U05:369922:369987 [1] NCCL INFO Connected to proxy localRank 1 -> connection 0x7f01a4004f30
MOC-R4PCC04U05:369922:369981 [1] NCCL INFO New proxy recv connection 1 from local rank 1, transport 0
MOC-R4PCC04U05:369922:369987 [1] NCCL INFO Connected to proxy localRank 1 -> connection 0x7f01a4004fa8
MOC-R4PCC04U05:369922:369981 [1] NCCL INFO New proxy recv connection 2 from local rank 1, transport 0
MOC-R4PCC04U05:369922:369987 [1] NCCL INFO Connected to proxy localRank 1 -> connection 0x7f01a4005020
MOC-R4PCC04U05:369922:369981 [1] NCCL INFO New proxy recv connection 3 from local rank 1, transport 0
MOC-R4PCC04U05:369922:369987 [1] NCCL INFO Connected to proxy localRank 1 -> connection 0x7f01a4005098
MOC-R4PCC04U05:369922:369981 [1] NCCL INFO New proxy send connection 4 from local rank 1, transport 0
MOC-R4PCC04U05:369922:369987 [1] NCCL INFO Connected to proxy localRank 1 -> connection 0x7f01a4005110
MOC-R4PCC04U05:369922:369981 [1] NCCL INFO New proxy send connection 5 from local rank 1, transport 0
MOC-R4PCC04U05:369922:369987 [1] NCCL INFO Connected to proxy localRank 1 -> connection 0x7f01a4005188
MOC-R4PCC04U05:369921:369983 [0] NCCL INFO New proxy send connection 0 from local rank 0, transport 0
MOC-R4PCC04U05:369921:369988 [0] NCCL INFO Connected to proxy localRank 0 -> connection 0x7f01ec004f30
MOC-R4PCC04U05:369922:369981 [1] NCCL INFO New proxy send connection 6 from local rank 1, transport 0
MOC-R4PCC04U05:369922:369987 [1] NCCL INFO Connected to proxy localRank 1 -> connection 0x7f01a4005200
MOC-R4PCC04U05:369923:369978 [2] NCCL INFO New proxy recv connection 0 from local rank 2, transport 2
MOC-R4PCC04U05:369921:369983 [0] NCCL INFO New proxy send connection 1 from local rank 0, transport 0
MOC-R4PCC04U05:369921:369988 [0] NCCL INFO Connected to proxy localRank 0 -> connection 0x7f01ec004fa8
MOC-R4PCC04U05:369923:369986 [2] NCCL INFO Connected to proxy localRank 2 -> connection 0x7f4314004f30
MOC-R4PCC04U05:369923:369986 [2] NCCL INFO Channel 00/0 : 7[3] -> 2[2] [receive] via NET/IB/1/GDRDMA
MOC-R4PCC04U05:369923:369986 [2] NCCL INFO GPU Direct RDMA Enabled for GPU 2 / HCA 1 (distance 5 <= 5), read 0 mode Default
MOC-R4PCC04U05:369923:369978 [2] NCCL INFO New proxy recv connection 1 from local rank 2, transport 2
MOC-R4PCC04U05:369923:369986 [2] NCCL INFO Connected to proxy localRank 2 -> connection 0x7f4314004fa8
MOC-R4PCC04U05:369923:369986 [2] NCCL INFO Channel 01/0 : 7[3] -> 2[2] [receive] via NET/IB/1/GDRDMA
MOC-R4PCC04U05:369923:369986 [2] NCCL INFO GPU Direct RDMA Enabled for GPU 2 / HCA 1 (distance 5 <= 5), read 0 mode Default
MOC-R4PCC04U05:369923:369978 [2] NCCL INFO New proxy recv connection 2 from local rank 2, transport 2
MOC-R4PCC04U05:369923:369986 [2] NCCL INFO Connected to proxy localRank 2 -> connection 0x7f4314005020
MOC-R4PCC04U05:369923:369986 [2] NCCL INFO Channel 02/0 : 7[3] -> 2[2] [receive] via NET/IB/1/GDRDMA
MOC-R4PCC04U05:369923:369986 [2] NCCL INFO GPU Direct RDMA Enabled for GPU 2 / HCA 1 (distance 5 <= 5), read 0 mode Default
MOC-R4PCC04U05:369923:369978 [2] NCCL INFO New proxy recv connection 3 from local rank 2, transport 2
MOC-R4PCC04U05:369923:369986 [2] NCCL INFO Connected to proxy localRank 2 -> connection 0x7f4314005098
MOC-R4PCC04U05:369923:369986 [2] NCCL INFO Channel 03/0 : 7[3] -> 2[2] [receive] via NET/IB/1/GDRDMA
MOC-R4PCC04U05:369924:369979 [3] NCCL INFO New proxy recv connection 0 from local rank 3, transport 0
MOC-R4PCC04U05:369924:369990 [3] NCCL INFO Connected to proxy localRank 3 -> connection 0x7ff0a8004f30
MOC-R4PCC04U05:369923:369978 [2] NCCL INFO New proxy send connection 4 from local rank 2, transport 0
MOC-R4PCC04U05:369923:369986 [2] NCCL INFO Connected to proxy localRank 2 -> connection 0x7f4314005110
MOC-R4PCC04U05:369922:369981 [1] NCCL INFO New proxy send connection 7 from local rank 1, transport 0
MOC-R4PCC04U05:369922:369987 [1] NCCL INFO Connected to proxy localRank 1 -> connection 0x7f01a4005278
MOC-R4PCC04U05:369921:369983 [0] NCCL INFO New proxy send connection 2 from local rank 0, transport 0
MOC-R4PCC04U05:369924:369979 [3] NCCL INFO New proxy recv connection 1 from local rank 3, transport 0
MOC-R4PCC04U05:369921:369988 [0] NCCL INFO Connected to proxy localRank 0 -> connection 0x7f01ec005020
MOC-R4PCC04U05:369924:369990 [3] NCCL INFO Connected to proxy localRank 3 -> connection 0x7ff0a8004fa8
MOC-R4PCC04U05:369923:369978 [2] NCCL INFO New proxy send connection 5 from local rank 2, transport 0
MOC-R4PCC04U05:369923:369986 [2] NCCL INFO Connected to proxy localRank 2 -> connection 0x7f4314005188
MOC-R4PCC04U05:369921:369983 [0] NCCL INFO New proxy send connection 3 from local rank 0, transport 0
MOC-R4PCC04U05:369921:369988 [0] NCCL INFO Connected to proxy localRank 0 -> connection 0x7f01ec005098
MOC-R4PCC04U05:369923:369978 [2] NCCL INFO New proxy send connection 6 from local rank 2, transport 0
MOC-R4PCC04U05:369923:369986 [2] NCCL INFO Connected to proxy localRank 2 -> connection 0x7f4314005200
MOC-R4PCC04U05:369924:369979 [3] NCCL INFO New proxy recv connection 2 from local rank 3, transport 0
MOC-R4PCC04U05:369924:369990 [3] NCCL INFO Connected to proxy localRank 3 -> connection 0x7ff0a8005020
MOC-R4PCC04U05:369923:369978 [2] NCCL INFO New proxy send connection 7 from local rank 2, transport 0
MOC-R4PCC04U05:369923:369986 [2] NCCL INFO Connected to proxy localRank 2 -> connection 0x7f4314005278
MOC-R4PCC04U05:369924:369979 [3] NCCL INFO New proxy recv connection 3 from local rank 3, transport 0
MOC-R4PCC04U05:369924:369990 [3] NCCL INFO Connected to proxy localRank 3 -> connection 0x7ff0a8005098
MOC-R4PCC04U05:369922:369981 [1] NCCL INFO New proxy send connection 8 from local rank 2, transport 0
MOC-R4PCC04U05:369923:369986 [2] NCCL INFO Connected to proxy localRank 1 -> connection 0x7f01a40052f0
MOC-R4PCC04U05:369924:369990 [3] NCCL INFO GPU Direct RDMA Enabled for GPU 3 / HCA 1 (distance 5 <= 5), read 1 mode Default
MOC-R4PCC04U05:369923:369978 [2] NCCL INFO New proxy send connection 8 from local rank 3, transport 2
MOC-R4PCC04U05:369924:369990 [3] NCCL INFO Connected to proxy localRank 2 -> connection 0x7f43140052f0
MOC-R4PCC04U05:369924:369990 [3] NCCL INFO Channel 00/0 : 3[3] -> 6[2] [send] via NET/IB/1(2)/GDRDMA
MOC-R4PCC04U05:369924:369990 [3] NCCL INFO GPU Direct RDMA Enabled for GPU 3 / HCA 1 (distance 5 <= 5), read 1 mode Default
MOC-R4PCC04U05:369923:369978 [2] NCCL INFO New proxy send connection 9 from local rank 3, transport 2
MOC-R4PCC04U05:369924:369990 [3] NCCL INFO Connected to proxy localRank 2 -> connection 0x7f4314005368
MOC-R4PCC04U05:369924:369990 [3] NCCL INFO Channel 01/0 : 3[3] -> 6[2] [send] via NET/IB/1(2)/GDRDMA
MOC-R4PCC04U05:369924:369990 [3] NCCL INFO GPU Direct RDMA Enabled for GPU 3 / HCA 1 (distance 5 <= 5), read 1 mode Default
MOC-R4PCC04U05:369923:369978 [2] NCCL INFO New proxy send connection 10 from local rank 3, transport 2
MOC-R4PCC04U05:369924:369990 [3] NCCL INFO Connected to proxy localRank 2 -> connection 0x7f43140053e0
MOC-R4PCC04U05:369924:369990 [3] NCCL INFO Channel 02/0 : 3[3] -> 6[2] [send] via NET/IB/1(2)/GDRDMA
MOC-R4PCC04U05:369924:369990 [3] NCCL INFO GPU Direct RDMA Enabled for GPU 3 / HCA 1 (distance 5 <= 5), read 1 mode Default
MOC-R4PCC04U05:369923:369978 [2] NCCL INFO New proxy send connection 11 from local rank 3, transport 2
MOC-R4PCC04U05:369924:369990 [3] NCCL INFO Connected to proxy localRank 2 -> connection 0x7f4314005458
MOC-R4PCC04U05:369924:369990 [3] NCCL INFO Channel 03/0 : 3[3] -> 6[2] [send] via NET/IB/1(2)/GDRDMA
MOC-R4PCC04U05:369921:369983 [0] NCCL INFO New proxy recv connection 4 from local rank 0, transport 0
MOC-R4PCC04U05:369921:369988 [0] NCCL INFO Connected to proxy localRank 0 -> connection 0x7f01ec005110
MOC-R4PCC04U05:369921:369983 [0] NCCL INFO New proxy recv connection 5 from local rank 0, transport 0
MOC-R4PCC04U05:369921:369988 [0] NCCL INFO Connected to proxy localRank 0 -> connection 0x7f01ec005188
MOC-R4PCC04U05:369921:369983 [0] NCCL INFO New proxy send connection 6 from local rank 3, transport 0
MOC-R4PCC04U05:369924:369990 [3] NCCL INFO Connected to proxy localRank 0 -> connection 0x7f01ec005200
MOC-R4PCC04U05:369921:369983 [0] NCCL INFO New proxy recv connection 7 from local rank 0, transport 0
MOC-R4PCC04U05:369921:369988 [0] NCCL INFO Connected to proxy localRank 0 -> connection 0x7f01ec005278
MOC-R4PCC04U05:369921:369983 [0] NCCL INFO New proxy recv connection 8 from local rank 0, transport 0
MOC-R4PCC04U05:369921:369988 [0] NCCL INFO Connected to proxy localRank 0 -> connection 0x7f01ec0052f0
MOC-R4PCC04U05:369921:369983 [0] NCCL INFO New proxy send connection 9 from local rank 1, transport 0
MOC-R4PCC04U05:369924:369979 [3] NCCL INFO New proxy send connection 4 from local rank 0, transport 0
MOC-R4PCC04U05:369922:369987 [1] NCCL INFO Connected to proxy localRank 0 -> connection 0x7f01ec005368
MOC-R4PCC04U05:369921:369988 [0] NCCL INFO Connected to proxy localRank 3 -> connection 0x7ff0a8005110
MOC-R4PCC04U05:369923:369978 [2] NCCL INFO New proxy send connection 12 from local rank 1, transport 0
MOC-R4PCC04U05:369922:369987 [1] NCCL INFO Connected to proxy localRank 2 -> connection 0x7f43140054d0
MOC-R4PCC04U05:369923:369978 [2] NCCL INFO NET/IB: NCCL Dev 1 IbDev 0 Port 1 qpn 4142 mtu 3 query_ece={supported=1, vendor_id=0x15b3, options=0x30000002, comp_mask=0x0} GID 3 (0/C132A8C0FFFF0000) fifoRkey=0x172eed fifoLkey=0x172eed
MOC-R4PCC04U05:369923:369978 [2] NCCL INFO NET/IB: NCCL Dev 1 IbDev 0 Port 1 qpn 4143 mtu 3 query_ece={supported=1, vendor_id=0x15b3, options=0x30000002, comp_mask=0x0} GID 3 (0/C132A8C0FFFF0000) fifoRkey=0x178443 fifoLkey=0x178443
MOC-R4PCC04U05:369923:369978 [2] NCCL INFO NET/IB: NCCL Dev 1 IbDev 0 Port 1 qpn 4144 mtu 3 query_ece={supported=1, vendor_id=0x15b3, options=0x30000002, comp_mask=0x0} GID 3 (0/C132A8C0FFFF0000) fifoRkey=0x170bca fifoLkey=0x170bca
MOC-R4PCC04U05:369922:369981 [1] NCCL INFO New proxy send connection 9 from local rank 0, transport 0
MOC-R4PCC04U05:369923:369978 [2] NCCL INFO NET/IB: NCCL Dev 1 IbDev 0 Port 1 qpn 4145 mtu 3 query_ece={supported=1, vendor_id=0x15b3, options=0x30000002, comp_mask=0x0} GID 3 (0/C132A8C0FFFF0000) fifoRkey=0x175412 fifoLkey=0x175412
MOC-R4PCC04U05:369921:369988 [0] NCCL INFO Connected to proxy localRank 1 -> connection 0x7f01a4005368
MOC-R4PCC04U05:369923:369978 [2] NCCL INFO NET/IB: IbDev 0 Port 1 qpn 4380 set_ece={supported=1, vendor_id=0x15b3, options=0x0, comp_mask=0x0}
MOC-R4PCC04U05:369923:369978 [2] NCCL INFO NET/IB: IbDev 0 Port 1 qpn 4382 set_ece={supported=1, vendor_id=0x15b3, options=0x0, comp_mask=0x0}
MOC-R4PCC04U05:369923:369978 [2] NCCL INFO NET/IB: IbDev 0 Port 1 qpn 4384 set_ece={supported=1, vendor_id=0x15b3, options=0x0, comp_mask=0x0}
MOC-R4PCC04U05:369923:369978 [2] NCCL INFO NET/IB: IbDev 0 Port 1 qpn 4386 set_ece={supported=1, vendor_id=0x15b3, options=0x0, comp_mask=0x0}
MOC-R4PCC04U05:369923:369978 [2] NCCL INFO New proxy send connection 13 from local rank 3, transport 0
MOC-R4PCC04U05:369924:369990 [3] NCCL INFO Connected to proxy localRank 2 -> connection 0x7f4314005548
num decayed parameter tensors: 50, with 124,318,464 parameters
num non-decayed parameter tensors: 98, with 121,344 parameters
using fused AdamW: False
using regular AdamW
MOC-R4PCC04U05:369923:369978 [2] NCCL INFO New proxy send connection 14 from local rank 2, transport 0
MOC-R4PCC04U05:369923:370679 [2] NCCL INFO Connected to proxy localRank 2 -> connection 0x7f43140055c0
MOC-R4PCC04U05:369923:369978 [2] NCCL INFO New proxy send connection 15 from local rank 2, transport 0
MOC-R4PCC04U05:369923:370679 [2] NCCL INFO Connected to proxy localRank 2 -> connection 0x7f4314005638
MOC-R4PCC04U05:369923:369978 [2] NCCL INFO New proxy send connection 16 from local rank 2, transport 0
MOC-R4PCC04U05:369923:370679 [2] NCCL INFO Connected to proxy localRank 2 -> connection 0x7f43140056b0
MOC-R4PCC04U05:369923:369978 [2] NCCL INFO New proxy send connection 17 from local rank 2, transport 0
MOC-R4PCC04U05:369923:370679 [2] NCCL INFO Connected to proxy localRank 2 -> connection 0x7f4314005728
MOC-R4PCC04U05:369921:369983 [0] NCCL INFO New proxy send connection 10 from local rank 0, transport 0
MOC-R4PCC04U05:369921:370680 [0] NCCL INFO Connected to proxy localRank 0 -> connection 0x7f01ec0053e0
MOC-R4PCC04U05:369921:369983 [0] NCCL INFO New proxy send connection 11 from local rank 0, transport 0
MOC-R4PCC04U05:369921:370680 [0] NCCL INFO Connected to proxy localRank 0 -> connection 0x7f01ec005458
MOC-R4PCC04U05:369921:369983 [0] NCCL INFO New proxy send connection 12 from local rank 0, transport 0
MOC-R4PCC04U05:369921:370680 [0] NCCL INFO Connected to proxy localRank 0 -> connection 0x7f01ec0054d0
MOC-R4PCC04U05:369921:369983 [0] NCCL INFO New proxy send connection 13 from local rank 0, transport 0
MOC-R4PCC04U05:369921:370680 [0] NCCL INFO Connected to proxy localRank 0 -> connection 0x7f01ec005548
MOC-R4PCC04U05:369922:369981 [1] NCCL INFO New proxy recv connection 10 from local rank 1, transport 0
MOC-R4PCC04U05:369922:370681 [1] NCCL INFO Connected to proxy localRank 1 -> connection 0x7f01a40053e0
MOC-R4PCC04U05:369922:369981 [1] NCCL INFO New proxy recv connection 11 from local rank 1, transport 0
MOC-R4PCC04U05:369922:370681 [1] NCCL INFO Connected to proxy localRank 1 -> connection 0x7f01a4005458
MOC-R4PCC04U05:369922:369981 [1] NCCL INFO New proxy recv connection 12 from local rank 1, transport 0
MOC-R4PCC04U05:369922:370681 [1] NCCL INFO Connected to proxy localRank 1 -> connection 0x7f01a40054d0
MOC-R4PCC04U05:369922:369981 [1] NCCL INFO New proxy recv connection 13 from local rank 1, transport 0
MOC-R4PCC04U05:369922:370681 [1] NCCL INFO Connected to proxy localRank 1 -> connection 0x7f01a4005548
MOC-R4PCC04U05:369921:369983 [0] NCCL INFO New proxy recv connection 14 from local rank 0, transport 0
MOC-R4PCC04U05:369921:370680 [0] NCCL INFO Connected to proxy localRank 0 -> connection 0x7f01ec0055c0
MOC-R4PCC04U05:369921:369983 [0] NCCL INFO New proxy recv connection 15 from local rank 0, transport 0
MOC-R4PCC04U05:369921:370680 [0] NCCL INFO Connected to proxy localRank 0 -> connection 0x7f01ec005638
MOC-R4PCC04U05:369921:369983 [0] NCCL INFO New proxy recv connection 16 from local rank 0, transport 0
MOC-R4PCC04U05:369921:370680 [0] NCCL INFO Connected to proxy localRank 0 -> connection 0x7f01ec0056b0
MOC-R4PCC04U05:369921:369983 [0] NCCL INFO New proxy recv connection 17 from local rank 0, transport 0
MOC-R4PCC04U05:369921:370680 [0] NCCL INFO Connected to proxy localRank 0 -> connection 0x7f01ec005728
MOC-R4PCC04U05:369924:369979 [3] NCCL INFO New proxy recv connection 5 from local rank 3, transport 0
MOC-R4PCC04U05:369924:370682 [3] NCCL INFO Connected to proxy localRank 3 -> connection 0x7ff0a8005188
MOC-R4PCC04U05:369924:369979 [3] NCCL INFO New proxy recv connection 6 from local rank 3, transport 0
MOC-R4PCC04U05:369924:370682 [3] NCCL INFO Connected to proxy localRank 3 -> connection 0x7ff0a8005200
MOC-R4PCC04U05:369924:369979 [3] NCCL INFO New proxy recv connection 7 from local rank 3, transport 0
MOC-R4PCC04U05:369924:370682 [3] NCCL INFO Connected to proxy localRank 3 -> connection 0x7ff0a8005278
MOC-R4PCC04U05:369924:369979 [3] NCCL INFO New proxy recv connection 8 from local rank 3, transport 0
MOC-R4PCC04U05:369924:370682 [3] NCCL INFO Connected to proxy localRank 3 -> connection 0x7ff0a80052f0
MOC-R4PCC04U05:369924:369979 [3] NCCL INFO New proxy send connection 9 from local rank 3, transport 0
MOC-R4PCC04U05:369923:370679 [2] NCCL INFO GPU Direct RDMA Enabled for GPU 2 / HCA 1 (distance 5 <= 5), read 0 mode Default
MOC-R4PCC04U05:369924:370682 [3] NCCL INFO Connected to proxy localRank 3 -> connection 0x7ff0a8005368
MOC-R4PCC04U05:369923:369978 [2] NCCL INFO New proxy recv connection 18 from local rank 2, transport 2
MOC-R4PCC04U05:369923:370679 [2] NCCL INFO Connected to proxy localRank 2 -> connection 0x7f43140057a0
MOC-R4PCC04U05:369924:369979 [3] NCCL INFO New proxy send connection 10 from local rank 3, transport 0
MOC-R4PCC04U05:369924:370682 [3] NCCL INFO Connected to proxy localRank 3 -> connection 0x7ff0a80053e0
MOC-R4PCC04U05:369923:370679 [2] NCCL INFO Channel 00/0 : 6[2] -> 2[2] [receive] via NET/IB/1/GDRDMA
MOC-R4PCC04U05:369923:370679 [2] NCCL INFO GPU Direct RDMA Enabled for GPU 2 / HCA 1 (distance 5 <= 5), read 0 mode Default
MOC-R4PCC04U05:369923:369978 [2] NCCL INFO New proxy recv connection 19 from local rank 2, transport 2
MOC-R4PCC04U05:369923:370679 [2] NCCL INFO Connected to proxy localRank 2 -> connection 0x7f4314005818
MOC-R4PCC04U05:369923:370679 [2] NCCL INFO Channel 01/0 : 6[2] -> 2[2] [receive] via NET/IB/1/GDRDMA
MOC-R4PCC04U05:369923:370679 [2] NCCL INFO GPU Direct RDMA Enabled for GPU 2 / HCA 1 (distance 5 <= 5), read 0 mode Default
MOC-R4PCC04U05:369924:369979 [3] NCCL INFO New proxy send connection 11 from local rank 3, transport 0
MOC-R4PCC04U05:369923:369978 [2] NCCL INFO New proxy recv connection 20 from local rank 2, transport 2
MOC-R4PCC04U05:369924:370682 [3] NCCL INFO Connected to proxy localRank 3 -> connection 0x7ff0a8005458
MOC-R4PCC04U05:369923:370679 [2] NCCL INFO Connected to proxy localRank 2 -> connection 0x7f4314005890
MOC-R4PCC04U05:369923:370679 [2] NCCL INFO Channel 02/0 : 6[2] -> 2[2] [receive] via NET/IB/1/GDRDMA
MOC-R4PCC04U05:369923:370679 [2] NCCL INFO GPU Direct RDMA Enabled for GPU 2 / HCA 1 (distance 5 <= 5), read 0 mode Default
MOC-R4PCC04U05:369923:369978 [2] NCCL INFO New proxy recv connection 21 from local rank 2, transport 2
MOC-R4PCC04U05:369923:370679 [2] NCCL INFO Connected to proxy localRank 2 -> connection 0x7f4314005908
MOC-R4PCC04U05:369923:370679 [2] NCCL INFO Channel 03/0 : 6[2] -> 2[2] [receive] via NET/IB/1/GDRDMA
MOC-R4PCC04U05:369924:369979 [3] NCCL INFO New proxy send connection 12 from local rank 3, transport 0
MOC-R4PCC04U05:369923:370679 [2] NCCL INFO GPU Direct RDMA Enabled for GPU 2 / HCA 1 (distance 5 <= 5), read 1 mode Default
MOC-R4PCC04U05:369924:370682 [3] NCCL INFO Connected to proxy localRank 3 -> connection 0x7ff0a80054d0
MOC-R4PCC04U05:369923:369978 [2] NCCL INFO New proxy send connection 22 from local rank 2, transport 2
MOC-R4PCC04U05:369923:370679 [2] NCCL INFO Connected to proxy localRank 2 -> connection 0x7f4314005980
MOC-R4PCC04U05:369923:370679 [2] NCCL INFO Channel 00/0 : 2[2] -> 6[2] [send] via NET/IB/1/GDRDMA
MOC-R4PCC04U05:369923:370679 [2] NCCL INFO GPU Direct RDMA Enabled for GPU 2 / HCA 1 (distance 5 <= 5), read 1 mode Default
MOC-R4PCC04U05:369923:369978 [2] NCCL INFO New proxy send connection 23 from local rank 2, transport 2
MOC-R4PCC04U05:369923:370679 [2] NCCL INFO Connected to proxy localRank 2 -> connection 0x7f43140059f8
MOC-R4PCC04U05:369923:370679 [2] NCCL INFO Channel 01/0 : 2[2] -> 6[2] [send] via NET/IB/1/GDRDMA
MOC-R4PCC04U05:369923:370679 [2] NCCL INFO GPU Direct RDMA Enabled for GPU 2 / HCA 1 (distance 5 <= 5), read 1 mode Default
MOC-R4PCC04U05:369923:369978 [2] NCCL INFO New proxy send connection 24 from local rank 2, transport 2
MOC-R4PCC04U05:369923:370679 [2] NCCL INFO Connected to proxy localRank 2 -> connection 0x7f4314005a70
MOC-R4PCC04U05:369923:370679 [2] NCCL INFO Channel 02/0 : 2[2] -> 6[2] [send] via NET/IB/1/GDRDMA
MOC-R4PCC04U05:369923:370679 [2] NCCL INFO GPU Direct RDMA Enabled for GPU 2 / HCA 1 (distance 5 <= 5), read 1 mode Default
MOC-R4PCC04U05:369923:369978 [2] NCCL INFO New proxy send connection 25 from local rank 2, transport 2
MOC-R4PCC04U05:369923:370679 [2] NCCL INFO Connected to proxy localRank 2 -> connection 0x7f4314005ae8
MOC-R4PCC04U05:369924:369979 [3] NCCL INFO New proxy send connection 13 from local rank 3, transport 0
MOC-R4PCC04U05:369924:370682 [3] NCCL INFO Connected to proxy localRank 3 -> connection 0x7ff0a8005548
MOC-R4PCC04U05:369923:370679 [2] NCCL INFO Channel 03/0 : 2[2] -> 6[2] [send] via NET/IB/1/GDRDMA
MOC-R4PCC04U05:369924:369979 [3] NCCL INFO New proxy send connection 14 from local rank 3, transport 0
MOC-R4PCC04U05:369924:370682 [3] NCCL INFO Connected to proxy localRank 3 -> connection 0x7ff0a80055c0
MOC-R4PCC04U05:369924:369979 [3] NCCL INFO New proxy send connection 15 from local rank 3, transport 0
MOC-R4PCC04U05:369924:370682 [3] NCCL INFO Connected to proxy localRank 3 -> connection 0x7ff0a8005638
MOC-R4PCC04U05:369924:369979 [3] NCCL INFO New proxy send connection 16 from local rank 3, transport 0
MOC-R4PCC04U05:369924:370682 [3] NCCL INFO Connected to proxy localRank 3 -> connection 0x7ff0a80056b0
MOC-R4PCC04U05:369923:369978 [2] NCCL INFO New proxy recv connection 26 from local rank 2, transport 0
MOC-R4PCC04U05:369923:370679 [2] NCCL INFO Connected to proxy localRank 2 -> connection 0x7f4314005b60
MOC-R4PCC04U05:369923:369978 [2] NCCL INFO New proxy recv connection 27 from local rank 2, transport 0
MOC-R4PCC04U05:369923:370679 [2] NCCL INFO Connected to proxy localRank 2 -> connection 0x7f4314005bd8
MOC-R4PCC04U05:369923:369978 [2] NCCL INFO New proxy recv connection 28 from local rank 2, transport 0
MOC-R4PCC04U05:369923:370679 [2] NCCL INFO Connected to proxy localRank 2 -> connection 0x7f4314005c50
MOC-R4PCC04U05:369923:369978 [2] NCCL INFO New proxy recv connection 29 from local rank 2, transport 0
MOC-R4PCC04U05:369923:370679 [2] NCCL INFO Connected to proxy localRank 2 -> connection 0x7f4314005cc8
MOC-R4PCC04U05:369924:369979 [3] NCCL INFO New proxy send connection 17 from local rank 2, transport 0
MOC-R4PCC04U05:369923:370679 [2] NCCL INFO Connected to proxy localRank 3 -> connection 0x7ff0a8005728
MOC-R4PCC04U05:369923:369978 [2] NCCL INFO NET/IB: NCCL Dev 1 IbDev 0 Port 1 qpn 4148 mtu 3 query_ece={supported=1, vendor_id=0x15b3, options=0x30000002, comp_mask=0x0} GID 3 (0/C132A8C0FFFF0000) fifoRkey=0x17e2a1 fifoLkey=0x17e2a1
MOC-R4PCC04U05:369923:369978 [2] NCCL INFO NET/IB: NCCL Dev 1 IbDev 0 Port 1 qpn 4151 mtu 3 query_ece={supported=1, vendor_id=0x15b3, options=0x30000002, comp_mask=0x0} GID 3 (0/C132A8C0FFFF0000) fifoRkey=0x180ac9 fifoLkey=0x180ac9
MOC-R4PCC04U05:369923:369978 [2] NCCL INFO NET/IB: NCCL Dev 1 IbDev 0 Port 1 qpn 4152 mtu 3 query_ece={supported=1, vendor_id=0x15b3, options=0x30000002, comp_mask=0x0} GID 3 (0/C132A8C0FFFF0000) fifoRkey=0x17fdbc fifoLkey=0x17fdbc
MOC-R4PCC04U05:369923:369978 [2] NCCL INFO NET/IB: IbDev 0 Port 1 qpn 4389 set_ece={supported=1, vendor_id=0x15b3, options=0x0, comp_mask=0x0}
MOC-R4PCC04U05:369923:369978 [2] NCCL INFO NET/IB: IbDev 0 Port 1 qpn 5526 set_ece={supported=1, vendor_id=0x15b3, options=0x0, comp_mask=0x0}
MOC-R4PCC04U05:369923:369978 [2] NCCL INFO NET/IB: IbDev 0 Port 1 qpn 5529 set_ece={supported=1, vendor_id=0x15b3, options=0x0, comp_mask=0x0}
MOC-R4PCC04U05:369923:369978 [2] NCCL INFO NET/IB: NCCL Dev 1 IbDev 0 Port 1 qpn 4159 mtu 3 query_ece={supported=1, vendor_id=0x15b3, options=0x30000002, comp_mask=0x0} GID 3 (0/C132A8C0FFFF0000) fifoRkey=0x180fce fifoLkey=0x180fce
MOC-R4PCC04U05:369923:369978 [2] NCCL INFO NET/IB: IbDev 0 Port 1 qpn 5532 set_ece={supported=1, vendor_id=0x15b3, options=0x0, comp_mask=0x0}
step    1/10 | train loss 11.010094 | norm 15.4736 | lr 1.00e-04 | (14335.39 ms | 73146 tok/s)
step    2/10 | train loss 10.132356 | norm 5.7712 | lr 1.00e-04 | (339.18 ms | 3091536 tok/s)
step    3/10 | train loss 9.790423 | norm 2.6207 | lr 1.00e-04 | (337.76 ms | 3104492 tok/s)
step    4/10 | train loss 9.620090 | norm 2.1209 | lr 1.00e-04 | (338.10 ms | 3101355 tok/s)
step    5/10 | train loss 9.536898 | norm 2.1163 | lr 1.00e-04 | (335.21 ms | 3128096 tok/s)
step    6/10 | train loss 9.455269 | norm 2.0053 | lr 1.00e-04 | (337.23 ms | 3109393 tok/s)
step    7/10 | train loss 9.369600 | norm 1.9545 | lr 1.00e-04 | (336.15 ms | 3119335 tok/s)
step    8/10 | train loss 9.277903 | norm 1.9223 | lr 1.00e-04 | (341.50 ms | 3070483 tok/s)
step    9/10 | train loss 9.182264 | norm 1.8716 | lr 1.00e-04 | (339.88 ms | 3085171 tok/s)
step   10/10 | train loss 9.094440 | norm 1.7971 | lr 1.00e-04 | (337.22 ms | 3109457 tok/s)
final 9 iters avg: 338.026ms
peak memory consumption: 16601 MiB
