Running pytorch 2.7.0+cu126
using device: cuda:0
total desired batch size: 1310720
=> calculated gradient accumulation steps: 5
using device: cuda:3
using device: cuda:2
using device: cuda:1
compiling the model...
DataLoader: total number of tokens: 1,661,249,667 across 103 files
MOC-R4PCC04U05:450819:450819 [0] NCCL INFO NCCL_SOCKET_IFNAME set to eno7np0
MOC-R4PCC04U05:450819:450819 [0] NCCL INFO NCCL version 2.26.2+cuda12.2
MOC-R4PCC04U05:450819:450861 [0] NCCL INFO NET/Plugin: Could not find: libnccl-net.so. Using internal net plugin.
MOC-R4PCC04U05:450819:450861 [0] NCCL INFO NET/Socket : Using [0]eno7np0:192.168.50.193<0>
MOC-R4PCC04U05:450822:450822 [3] NCCL INFO NCCL_SOCKET_IFNAME set to eno7np0
MOC-R4PCC04U05:450822:450822 [3] NCCL INFO NCCL version 2.26.2+cuda12.2
MOC-R4PCC04U05:450821:450821 [2] NCCL INFO NCCL_SOCKET_IFNAME set to eno7np0
MOC-R4PCC04U05:450821:450821 [2] NCCL INFO NCCL version 2.26.2+cuda12.2
MOC-R4PCC04U05:450820:450820 [1] NCCL INFO NCCL_SOCKET_IFNAME set to eno7np0
MOC-R4PCC04U05:450820:450820 [1] NCCL INFO NCCL version 2.26.2+cuda12.2
MOC-R4PCC04U05:450822:450862 [3] NCCL INFO NET/Plugin: Could not find: libnccl-net.so. Using internal net plugin.
MOC-R4PCC04U05:450822:450862 [3] NCCL INFO NET/Socket : Using [0]eno7np0:192.168.50.193<0>
MOC-R4PCC04U05:450821:450863 [2] NCCL INFO NET/Plugin: Could not find: libnccl-net.so. Using internal net plugin.
MOC-R4PCC04U05:450821:450863 [2] NCCL INFO NET/Socket : Using [0]eno7np0:192.168.50.193<0>
MOC-R4PCC04U05:450820:450864 [1] NCCL INFO NET/Plugin: Could not find: libnccl-net.so. Using internal net plugin.
MOC-R4PCC04U05:450820:450864 [1] NCCL INFO NET/Socket : Using [0]eno7np0:192.168.50.193<0>
MOC-R4PCC04U05:450821:450863 [2] NCCL INFO NET/Socket : GPU Direct RDMA Disabled for HCA 0 'eno7np0'
MOC-R4PCC04U05:450822:450862 [3] NCCL INFO NET/Socket : GPU Direct RDMA Disabled for HCA 0 'eno7np0'
MOC-R4PCC04U05:450819:450861 [0] NCCL INFO NET/Socket : GPU Direct RDMA Disabled for HCA 0 'eno7np0'
MOC-R4PCC04U05:450820:450864 [1] NCCL INFO NET/Socket : GPU Direct RDMA Disabled for HCA 0 'eno7np0'
MOC-R4PCC04U05:450820:450873 [1] NCCL INFO New proxy recv connection 0 from local rank 1, transport 0
MOC-R4PCC04U05:450820:450880 [1] NCCL INFO Connected to proxy localRank 1 -> connection 0x7f51e8004f30
MOC-R4PCC04U05:450820:450873 [1] NCCL INFO New proxy recv connection 1 from local rank 1, transport 0
MOC-R4PCC04U05:450820:450880 [1] NCCL INFO Connected to proxy localRank 1 -> connection 0x7f51e8004fa8
MOC-R4PCC04U05:450822:450872 [3] NCCL INFO New proxy recv connection 0 from local rank 3, transport 0
MOC-R4PCC04U05:450819:450878 [0] NCCL INFO New proxy send connection 0 from local rank 0, transport 0
MOC-R4PCC04U05:450822:450881 [3] NCCL INFO Connected to proxy localRank 3 -> connection 0x7fbae0004f30
MOC-R4PCC04U05:450819:450882 [0] NCCL INFO Connected to proxy localRank 0 -> connection 0x7fe0f4004f30
MOC-R4PCC04U05:450822:450872 [3] NCCL INFO New proxy recv connection 1 from local rank 3, transport 0
MOC-R4PCC04U05:450822:450881 [3] NCCL INFO Connected to proxy localRank 3 -> connection 0x7fbae0004fa8
MOC-R4PCC04U05:450819:450878 [0] NCCL INFO New proxy send connection 1 from local rank 0, transport 0
MOC-R4PCC04U05:450819:450882 [0] NCCL INFO Connected to proxy localRank 0 -> connection 0x7fe0f4004fa8
MOC-R4PCC04U05:450821:450875 [2] NCCL INFO New proxy recv connection 0 from local rank 2, transport 0
MOC-R4PCC04U05:450821:450883 [2] NCCL INFO Connected to proxy localRank 2 -> connection 0x7f89c4004f30
MOC-R4PCC04U05:450821:450875 [2] NCCL INFO New proxy recv connection 1 from local rank 2, transport 0
MOC-R4PCC04U05:450821:450883 [2] NCCL INFO Connected to proxy localRank 2 -> connection 0x7f89c4004fa8
MOC-R4PCC04U05:450819:450878 [0] NCCL INFO New proxy send connection 2 from local rank 0, transport 0
MOC-R4PCC04U05:450819:450882 [0] NCCL INFO Connected to proxy localRank 0 -> connection 0x7fe0f4005020
MOC-R4PCC04U05:450819:450878 [0] NCCL INFO New proxy send connection 3 from local rank 0, transport 0
MOC-R4PCC04U05:450819:450882 [0] NCCL INFO Connected to proxy localRank 0 -> connection 0x7fe0f4005098
MOC-R4PCC04U05:450822:450872 [3] NCCL INFO New proxy send connection 2 from local rank 3, transport 2
MOC-R4PCC04U05:450822:450881 [3] NCCL INFO Connected to proxy localRank 3 -> connection 0x7fbae0005020
MOC-R4PCC04U05:450822:450881 [3] NCCL INFO Channel 00/0 : 3[3] -> 6[2] [send] via NET/Socket/0
MOC-R4PCC04U05:450822:450872 [3] NCCL INFO New proxy send connection 3 from local rank 3, transport 2
MOC-R4PCC04U05:450822:450881 [3] NCCL INFO Connected to proxy localRank 3 -> connection 0x7fbae0005098
MOC-R4PCC04U05:450822:450881 [3] NCCL INFO Channel 02/0 : 3[3] -> 6[2] [send] via NET/Socket/0
MOC-R4PCC04U05:450819:450878 [0] NCCL INFO New proxy recv connection 4 from local rank 0, transport 0
MOC-R4PCC04U05:450819:450882 [0] NCCL INFO Connected to proxy localRank 0 -> connection 0x7fe0f4005110
MOC-R4PCC04U05:450822:450872 [3] NCCL INFO New proxy recv connection 4 from local rank 3, transport 2
MOC-R4PCC04U05:450822:450881 [3] NCCL INFO Connected to proxy localRank 3 -> connection 0x7fbae0005110
MOC-R4PCC04U05:450822:450881 [3] NCCL INFO Channel 01/0 : 6[2] -> 3[3] [receive] via NET/Socket/0
MOC-R4PCC04U05:450822:450872 [3] NCCL INFO New proxy recv connection 5 from local rank 3, transport 2
MOC-R4PCC04U05:450822:450881 [3] NCCL INFO Connected to proxy localRank 3 -> connection 0x7fbae0005188
MOC-R4PCC04U05:450822:450881 [3] NCCL INFO Channel 03/0 : 6[2] -> 3[3] [receive] via NET/Socket/0
MOC-R4PCC04U05:450819:450878 [0] NCCL INFO New proxy recv connection 5 from local rank 0, transport 0
MOC-R4PCC04U05:450819:450882 [0] NCCL INFO Connected to proxy localRank 0 -> connection 0x7fe0f4005188
MOC-R4PCC04U05:450822:450872 [3] NCCL INFO New proxy send connection 6 from local rank 3, transport 0
MOC-R4PCC04U05:450822:450881 [3] NCCL INFO Connected to proxy localRank 3 -> connection 0x7fbae0005200
MOC-R4PCC04U05:450819:450878 [0] NCCL INFO New proxy recv connection 6 from local rank 0, transport 0
MOC-R4PCC04U05:450819:450882 [0] NCCL INFO Connected to proxy localRank 0 -> connection 0x7fe0f4005200
MOC-R4PCC04U05:450822:450872 [3] NCCL INFO New proxy send connection 7 from local rank 3, transport 0
MOC-R4PCC04U05:450822:450881 [3] NCCL INFO Connected to proxy localRank 3 -> connection 0x7fbae0005278
MOC-R4PCC04U05:450819:450878 [0] NCCL INFO New proxy recv connection 7 from local rank 0, transport 0
MOC-R4PCC04U05:450819:450882 [0] NCCL INFO Connected to proxy localRank 0 -> connection 0x7fe0f4005278
MOC-R4PCC04U05:450820:450873 [1] NCCL INFO New proxy recv connection 2 from local rank 1, transport 0
MOC-R4PCC04U05:450820:450880 [1] NCCL INFO Connected to proxy localRank 1 -> connection 0x7f51e8005020
MOC-R4PCC04U05:450821:450875 [2] NCCL INFO New proxy recv connection 2 from local rank 2, transport 2
MOC-R4PCC04U05:450821:450883 [2] NCCL INFO Connected to proxy localRank 2 -> connection 0x7f89c4005020
MOC-R4PCC04U05:450821:450883 [2] NCCL INFO Channel 00/0 : 7[3] -> 2[2] [receive] via NET/Socket/0
MOC-R4PCC04U05:450821:450875 [2] NCCL INFO New proxy recv connection 3 from local rank 2, transport 2
MOC-R4PCC04U05:450821:450883 [2] NCCL INFO Connected to proxy localRank 2 -> connection 0x7f89c4005098
MOC-R4PCC04U05:450821:450883 [2] NCCL INFO Channel 02/0 : 7[3] -> 2[2] [receive] via NET/Socket/0
MOC-R4PCC04U05:450821:450875 [2] NCCL INFO New proxy send connection 4 from local rank 2, transport 2
MOC-R4PCC04U05:450821:450883 [2] NCCL INFO Connected to proxy localRank 2 -> connection 0x7f89c4005110
MOC-R4PCC04U05:450821:450883 [2] NCCL INFO Channel 01/0 : 2[2] -> 7[3] [send] via NET/Socket/0
MOC-R4PCC04U05:450821:450875 [2] NCCL INFO New proxy send connection 5 from local rank 2, transport 2
MOC-R4PCC04U05:450821:450883 [2] NCCL INFO Connected to proxy localRank 2 -> connection 0x7f89c4005188
MOC-R4PCC04U05:450821:450883 [2] NCCL INFO Channel 03/0 : 2[2] -> 7[3] [send] via NET/Socket/0
MOC-R4PCC04U05:450821:450875 [2] NCCL INFO New proxy send connection 6 from local rank 2, transport 0
MOC-R4PCC04U05:450821:450883 [2] NCCL INFO Connected to proxy localRank 2 -> connection 0x7f89c4005200
MOC-R4PCC04U05:450820:450873 [1] NCCL INFO New proxy recv connection 3 from local rank 1, transport 0
MOC-R4PCC04U05:450820:450880 [1] NCCL INFO Connected to proxy localRank 1 -> connection 0x7f51e8005098
MOC-R4PCC04U05:450821:450875 [2] NCCL INFO New proxy send connection 7 from local rank 2, transport 0
MOC-R4PCC04U05:450821:450883 [2] NCCL INFO Connected to proxy localRank 2 -> connection 0x7f89c4005278
MOC-R4PCC04U05:450819:450878 [0] NCCL INFO New proxy send connection 8 from local rank 3, transport 0
MOC-R4PCC04U05:450822:450881 [3] NCCL INFO Connected to proxy localRank 0 -> connection 0x7fe0f40052f0
MOC-R4PCC04U05:450820:450873 [1] NCCL INFO New proxy send connection 4 from local rank 1, transport 0
MOC-R4PCC04U05:450820:450880 [1] NCCL INFO Connected to proxy localRank 1 -> connection 0x7f51e8005110
MOC-R4PCC04U05:450820:450873 [1] NCCL INFO New proxy send connection 5 from local rank 1, transport 0
MOC-R4PCC04U05:450820:450880 [1] NCCL INFO Connected to proxy localRank 1 -> connection 0x7f51e8005188
MOC-R4PCC04U05:450820:450873 [1] NCCL INFO New proxy send connection 6 from local rank 1, transport 0
MOC-R4PCC04U05:450820:450880 [1] NCCL INFO Connected to proxy localRank 1 -> connection 0x7f51e8005200
MOC-R4PCC04U05:450820:450873 [1] NCCL INFO New proxy send connection 7 from local rank 1, transport 0
MOC-R4PCC04U05:450820:450880 [1] NCCL INFO Connected to proxy localRank 1 -> connection 0x7f51e8005278
MOC-R4PCC04U05:450819:450878 [0] NCCL INFO New proxy send connection 9 from local rank 2, transport 0
MOC-R4PCC04U05:450821:450883 [2] NCCL INFO Connected to proxy localRank 0 -> connection 0x7fe0f4005368
MOC-R4PCC04U05:450821:450875 [2] NCCL INFO New proxy send connection 8 from local rank 0, transport 0
MOC-R4PCC04U05:450819:450882 [0] NCCL INFO Connected to proxy localRank 2 -> connection 0x7f89c40052f0
MOC-R4PCC04U05:450820:450873 [1] NCCL INFO New proxy send connection 8 from local rank 3, transport 0
MOC-R4PCC04U05:450822:450881 [3] NCCL INFO Connected to proxy localRank 1 -> connection 0x7f51e80052f0
MOC-R4PCC04U05:450822:450872 [3] NCCL INFO New proxy send connection 8 from local rank 1, transport 0
MOC-R4PCC04U05:450820:450880 [1] NCCL INFO Connected to proxy localRank 3 -> connection 0x7fbae00052f0
MOC-R4PCC04U05:450820:450873 [1] NCCL INFO New proxy send connection 9 from local rank 2, transport 0
MOC-R4PCC04U05:450821:450883 [2] NCCL INFO Connected to proxy localRank 1 -> connection 0x7f51e8005368
MOC-R4PCC04U05:450822:450872 [3] NCCL INFO New proxy send connection 9 from local rank 0, transport 0
MOC-R4PCC04U05:450819:450882 [0] NCCL INFO Connected to proxy localRank 3 -> connection 0x7fbae0005368
MOC-R4PCC04U05:450819:450878 [0] NCCL INFO New proxy send connection 10 from local rank 1, transport 0
MOC-R4PCC04U05:450820:450880 [1] NCCL INFO Connected to proxy localRank 0 -> connection 0x7fe0f40053e0
MOC-R4PCC04U05:450821:450875 [2] NCCL INFO New proxy send connection 9 from local rank 1, transport 0
MOC-R4PCC04U05:450820:450880 [1] NCCL INFO Connected to proxy localRank 2 -> connection 0x7f89c4005368
MOC-R4PCC04U05:450820:450873 [1] NCCL INFO New proxy send connection 10 from local rank 0, transport 0
MOC-R4PCC04U05:450819:450882 [0] NCCL INFO Connected to proxy localRank 1 -> connection 0x7f51e80053e0
num decayed parameter tensors: 50, with 124,318,464 parameters
num non-decayed parameter tensors: 98, with 121,344 parameters
using fused AdamW: False
using regular AdamW
MOC-R4PCC04U05:450820:450873 [1] NCCL INFO New proxy recv connection 11 from local rank 1, transport 0
MOC-R4PCC04U05:450820:451583 [1] NCCL INFO Connected to proxy localRank 1 -> connection 0x7f51e8005458
MOC-R4PCC04U05:450820:450873 [1] NCCL INFO New proxy recv connection 12 from local rank 1, transport 0
MOC-R4PCC04U05:450822:450872 [3] NCCL INFO New proxy recv connection 10 from local rank 3, transport 0
MOC-R4PCC04U05:450820:451583 [1] NCCL INFO Connected to proxy localRank 1 -> connection 0x7f51e80054d0
MOC-R4PCC04U05:450822:451584 [3] NCCL INFO Connected to proxy localRank 3 -> connection 0x7fbae00053e0
MOC-R4PCC04U05:450820:450873 [1] NCCL INFO New proxy recv connection 13 from local rank 1, transport 0
MOC-R4PCC04U05:450820:451583 [1] NCCL INFO Connected to proxy localRank 1 -> connection 0x7f51e8005548
MOC-R4PCC04U05:450822:450872 [3] NCCL INFO New proxy recv connection 11 from local rank 3, transport 0
MOC-R4PCC04U05:450822:451584 [3] NCCL INFO Connected to proxy localRank 3 -> connection 0x7fbae0005458
MOC-R4PCC04U05:450820:450873 [1] NCCL INFO New proxy recv connection 14 from local rank 1, transport 0
MOC-R4PCC04U05:450820:451583 [1] NCCL INFO Connected to proxy localRank 1 -> connection 0x7f51e80055c0
MOC-R4PCC04U05:450820:450873 [1] NCCL INFO New proxy send connection 15 from local rank 1, transport 0
MOC-R4PCC04U05:450820:451583 [1] NCCL INFO Connected to proxy localRank 1 -> connection 0x7f51e8005638
MOC-R4PCC04U05:450820:450873 [1] NCCL INFO New proxy send connection 16 from local rank 1, transport 0
MOC-R4PCC04U05:450820:451583 [1] NCCL INFO Connected to proxy localRank 1 -> connection 0x7f51e80056b0
MOC-R4PCC04U05:450820:450873 [1] NCCL INFO New proxy send connection 17 from local rank 1, transport 0
MOC-R4PCC04U05:450820:451583 [1] NCCL INFO Connected to proxy localRank 1 -> connection 0x7f51e8005728
MOC-R4PCC04U05:450820:450873 [1] NCCL INFO New proxy send connection 18 from local rank 1, transport 0
MOC-R4PCC04U05:450820:451583 [1] NCCL INFO Connected to proxy localRank 1 -> connection 0x7f51e80057a0
MOC-R4PCC04U05:450821:450875 [2] NCCL INFO New proxy recv connection 10 from local rank 2, transport 0
MOC-R4PCC04U05:450821:451585 [2] NCCL INFO Connected to proxy localRank 2 -> connection 0x7f89c40053e0
MOC-R4PCC04U05:450821:450875 [2] NCCL INFO New proxy recv connection 11 from local rank 2, transport 0
MOC-R4PCC04U05:450821:451585 [2] NCCL INFO Connected to proxy localRank 2 -> connection 0x7f89c4005458
MOC-R4PCC04U05:450821:450875 [2] NCCL INFO New proxy recv connection 12 from local rank 2, transport 0
MOC-R4PCC04U05:450821:451585 [2] NCCL INFO Connected to proxy localRank 2 -> connection 0x7f89c40054d0
MOC-R4PCC04U05:450821:450875 [2] NCCL INFO New proxy recv connection 13 from local rank 2, transport 0
MOC-R4PCC04U05:450821:451585 [2] NCCL INFO Connected to proxy localRank 2 -> connection 0x7f89c4005548
MOC-R4PCC04U05:450821:450875 [2] NCCL INFO New proxy send connection 14 from local rank 2, transport 0
MOC-R4PCC04U05:450821:451585 [2] NCCL INFO Connected to proxy localRank 2 -> connection 0x7f89c40055c0
MOC-R4PCC04U05:450821:450875 [2] NCCL INFO New proxy send connection 15 from local rank 2, transport 0
MOC-R4PCC04U05:450821:451585 [2] NCCL INFO Connected to proxy localRank 2 -> connection 0x7f89c4005638
MOC-R4PCC04U05:450819:450878 [0] NCCL INFO New proxy send connection 11 from local rank 0, transport 0
MOC-R4PCC04U05:450819:451586 [0] NCCL INFO Connected to proxy localRank 0 -> connection 0x7fe0f4005458
MOC-R4PCC04U05:450819:450878 [0] NCCL INFO New proxy send connection 12 from local rank 0, transport 0
MOC-R4PCC04U05:450819:451586 [0] NCCL INFO Connected to proxy localRank 0 -> connection 0x7fe0f40054d0
MOC-R4PCC04U05:450819:450878 [0] NCCL INFO New proxy send connection 13 from local rank 0, transport 0
MOC-R4PCC04U05:450819:451586 [0] NCCL INFO Connected to proxy localRank 0 -> connection 0x7fe0f4005548
MOC-R4PCC04U05:450819:450878 [0] NCCL INFO New proxy send connection 14 from local rank 0, transport 0
MOC-R4PCC04U05:450819:451586 [0] NCCL INFO Connected to proxy localRank 0 -> connection 0x7fe0f40055c0
MOC-R4PCC04U05:450819:450878 [0] NCCL INFO New proxy send connection 15 from local rank 0, transport 0
MOC-R4PCC04U05:450819:451586 [0] NCCL INFO Connected to proxy localRank 0 -> connection 0x7fe0f4005638
MOC-R4PCC04U05:450820:450873 [1] NCCL INFO New proxy recv connection 19 from local rank 1, transport 0
MOC-R4PCC04U05:450820:451583 [1] NCCL INFO Connected to proxy localRank 1 -> connection 0x7f51e8005818
MOC-R4PCC04U05:450819:450878 [0] NCCL INFO New proxy send connection 16 from local rank 0, transport 0
MOC-R4PCC04U05:450819:451586 [0] NCCL INFO Connected to proxy localRank 0 -> connection 0x7fe0f40056b0
MOC-R4PCC04U05:450820:450873 [1] NCCL INFO New proxy recv connection 20 from local rank 1, transport 0
MOC-R4PCC04U05:450819:450878 [0] NCCL INFO New proxy recv connection 17 from local rank 0, transport 0
MOC-R4PCC04U05:450820:451583 [1] NCCL INFO Connected to proxy localRank 1 -> connection 0x7f51e8005890
MOC-R4PCC04U05:450819:451586 [0] NCCL INFO Connected to proxy localRank 0 -> connection 0x7fe0f4005728
MOC-R4PCC04U05:450822:450872 [3] NCCL INFO New proxy recv connection 12 from local rank 3, transport 2
MOC-R4PCC04U05:450822:451584 [3] NCCL INFO Connected to proxy localRank 3 -> connection 0x7fbae00054d0
MOC-R4PCC04U05:450819:450878 [0] NCCL INFO New proxy recv connection 18 from local rank 0, transport 0
MOC-R4PCC04U05:450819:451586 [0] NCCL INFO Connected to proxy localRank 0 -> connection 0x7fe0f40057a0
MOC-R4PCC04U05:450819:450878 [0] NCCL INFO New proxy recv connection 19 from local rank 0, transport 0
MOC-R4PCC04U05:450819:451586 [0] NCCL INFO Connected to proxy localRank 0 -> connection 0x7fe0f4005818
MOC-R4PCC04U05:450819:450878 [0] NCCL INFO New proxy recv connection 20 from local rank 0, transport 0
MOC-R4PCC04U05:450819:451586 [0] NCCL INFO Connected to proxy localRank 0 -> connection 0x7fe0f4005890
MOC-R4PCC04U05:450822:451584 [3] NCCL INFO Channel 00/0 : 7[3] -> 3[3] [receive] via NET/Socket/0
MOC-R4PCC04U05:450822:450872 [3] NCCL INFO New proxy recv connection 13 from local rank 3, transport 2
MOC-R4PCC04U05:450822:451584 [3] NCCL INFO Connected to proxy localRank 3 -> connection 0x7fbae0005548
MOC-R4PCC04U05:450822:451584 [3] NCCL INFO Channel 01/0 : 7[3] -> 3[3] [receive] via NET/Socket/0
MOC-R4PCC04U05:450822:450872 [3] NCCL INFO New proxy recv connection 14 from local rank 3, transport 2
MOC-R4PCC04U05:450822:451584 [3] NCCL INFO Connected to proxy localRank 3 -> connection 0x7fbae00055c0
MOC-R4PCC04U05:450822:451584 [3] NCCL INFO Channel 02/0 : 7[3] -> 3[3] [receive] via NET/Socket/0
MOC-R4PCC04U05:450822:450872 [3] NCCL INFO New proxy recv connection 15 from local rank 3, transport 2
MOC-R4PCC04U05:450822:451584 [3] NCCL INFO Connected to proxy localRank 3 -> connection 0x7fbae0005638
MOC-R4PCC04U05:450822:451584 [3] NCCL INFO Channel 03/0 : 7[3] -> 3[3] [receive] via NET/Socket/0
MOC-R4PCC04U05:450822:450872 [3] NCCL INFO New proxy send connection 16 from local rank 3, transport 2
MOC-R4PCC04U05:450822:451584 [3] NCCL INFO Connected to proxy localRank 3 -> connection 0x7fbae00056b0
MOC-R4PCC04U05:450822:451584 [3] NCCL INFO Channel 00/0 : 3[3] -> 7[3] [send] via NET/Socket/0
MOC-R4PCC04U05:450822:450872 [3] NCCL INFO New proxy send connection 17 from local rank 3, transport 2
MOC-R4PCC04U05:450822:451584 [3] NCCL INFO Connected to proxy localRank 3 -> connection 0x7fbae0005728
MOC-R4PCC04U05:450822:451584 [3] NCCL INFO Channel 01/0 : 3[3] -> 7[3] [send] via NET/Socket/0
MOC-R4PCC04U05:450822:450872 [3] NCCL INFO New proxy send connection 18 from local rank 3, transport 2
MOC-R4PCC04U05:450822:451584 [3] NCCL INFO Connected to proxy localRank 3 -> connection 0x7fbae00057a0
MOC-R4PCC04U05:450822:451584 [3] NCCL INFO Channel 02/0 : 3[3] -> 7[3] [send] via NET/Socket/0
MOC-R4PCC04U05:450822:450872 [3] NCCL INFO New proxy send connection 19 from local rank 3, transport 2
MOC-R4PCC04U05:450822:451584 [3] NCCL INFO Connected to proxy localRank 3 -> connection 0x7fbae0005818
MOC-R4PCC04U05:450822:451584 [3] NCCL INFO Channel 03/0 : 3[3] -> 7[3] [send] via NET/Socket/0
MOC-R4PCC04U05:450822:450872 [3] NCCL INFO New proxy send connection 20 from local rank 3, transport 0
MOC-R4PCC04U05:450822:451584 [3] NCCL INFO Connected to proxy localRank 3 -> connection 0x7fbae0005890
MOC-R4PCC04U05:450822:450872 [3] NCCL INFO New proxy send connection 21 from local rank 3, transport 0
MOC-R4PCC04U05:450822:451584 [3] NCCL INFO Connected to proxy localRank 3 -> connection 0x7fbae0005908
MOC-R4PCC04U05:450822:450872 [3] NCCL INFO New proxy send connection 22 from local rank 3, transport 0
MOC-R4PCC04U05:450822:451584 [3] NCCL INFO Connected to proxy localRank 3 -> connection 0x7fbae0005980
MOC-R4PCC04U05:450822:450872 [3] NCCL INFO New proxy send connection 23 from local rank 3, transport 0
MOC-R4PCC04U05:450822:451584 [3] NCCL INFO Connected to proxy localRank 3 -> connection 0x7fbae00059f8
step    1/10 | train loss 11.010132 | norm 15.4557 | lr 1.00e-04 | (13804.08 ms | 94952 tok/s)
step    2/10 | train loss 10.134747 | norm 5.7680 | lr 1.00e-04 | (481.53 ms | 2721989 tok/s)
step    3/10 | train loss 9.792709 | norm 2.6181 | lr 1.00e-04 | (480.46 ms | 2728038 tok/s)
step    4/10 | train loss 9.622599 | norm 2.1198 | lr 1.00e-04 | (478.86 ms | 2737150 tok/s)
step    5/10 | train loss 9.539340 | norm 2.1126 | lr 1.00e-04 | (483.86 ms | 2708861 tok/s)
step    6/10 | train loss 9.457714 | norm 2.0030 | lr 1.00e-04 | (480.87 ms | 2725732 tok/s)
step    7/10 | train loss 9.371847 | norm 1.9528 | lr 1.00e-04 | (480.08 ms | 2730208 tok/s)
step    8/10 | train loss 9.279837 | norm 1.9192 | lr 1.00e-04 | (489.08 ms | 2679990 tok/s)
step    9/10 | train loss 9.184064 | norm 1.8637 | lr 1.00e-04 | (483.48 ms | 2710996 tok/s)
step   10/10 | train loss 9.097853 | norm 1.7989 | lr 1.00e-04 | (483.25 ms | 2712287 tok/s)
final 9 iters avg: 482.387ms
peak memory consumption: 16601 MiB
