Running pytorch 2.7.0+cu126
using device: cuda:0
total desired batch size: 5242880
=> calculated gradient accumulation steps: 10
using device: cuda:3
using device: cuda:1
using device: cuda:2
compiling the model...
DataLoader: total number of tokens: 1,661,249,667 across 103 files
MOC-R4PCC04U05:649161:649161 [0] NCCL INFO NCCL_SOCKET_IFNAME set to eno7np0
MOC-R4PCC04U05:649161:649161 [0] NCCL INFO NCCL version 2.26.2+cuda12.2
MOC-R4PCC04U05:649161:649265 [0] NCCL INFO NET/Plugin: Could not find: libnccl-net.so. Using internal net plugin.
MOC-R4PCC04U05:649161:649265 [0] NCCL INFO NCCL_IB_HCA set to mlx5_5
MOC-R4PCC04U05:649161:649265 [0] NCCL INFO NET/IB : Made virtual device [0] name=mlx5_5 speed=400000 ndevs=1
MOC-R4PCC04U05:649161:649265 [0] NCCL INFO NET/IB : Using [0]mlx5_5:1/RoCE [RO]; OOB eno7np0:192.168.50.193<0>
MOC-R4PCC04U05:649162:649162 [1] NCCL INFO NCCL_SOCKET_IFNAME set to eno7np0
MOC-R4PCC04U05:649162:649162 [1] NCCL INFO NCCL version 2.26.2+cuda12.2
MOC-R4PCC04U05:649164:649164 [3] NCCL INFO NCCL_SOCKET_IFNAME set to eno7np0
MOC-R4PCC04U05:649164:649164 [3] NCCL INFO NCCL version 2.26.2+cuda12.2
MOC-R4PCC04U05:649163:649163 [2] NCCL INFO NCCL_SOCKET_IFNAME set to eno7np0
MOC-R4PCC04U05:649163:649163 [2] NCCL INFO NCCL version 2.26.2+cuda12.2
MOC-R4PCC04U05:649162:649288 [1] NCCL INFO NET/Plugin: Could not find: libnccl-net.so. Using internal net plugin.
MOC-R4PCC04U05:649162:649288 [1] NCCL INFO NCCL_IB_HCA set to mlx5_5
MOC-R4PCC04U05:649164:649289 [3] NCCL INFO NET/Plugin: Could not find: libnccl-net.so. Using internal net plugin.
MOC-R4PCC04U05:649164:649289 [3] NCCL INFO NCCL_IB_HCA set to mlx5_5
MOC-R4PCC04U05:649163:649290 [2] NCCL INFO NET/Plugin: Could not find: libnccl-net.so. Using internal net plugin.
MOC-R4PCC04U05:649163:649290 [2] NCCL INFO NCCL_IB_HCA set to mlx5_5
MOC-R4PCC04U05:649162:649288 [1] NCCL INFO NET/IB : Made virtual device [0] name=mlx5_5 speed=400000 ndevs=1
MOC-R4PCC04U05:649162:649288 [1] NCCL INFO NET/IB : Using [0]mlx5_5:1/RoCE [RO]; OOB eno7np0:192.168.50.193<0>
MOC-R4PCC04U05:649164:649289 [3] NCCL INFO NET/IB : Made virtual device [0] name=mlx5_5 speed=400000 ndevs=1
MOC-R4PCC04U05:649164:649289 [3] NCCL INFO NET/IB : Using [0]mlx5_5:1/RoCE [RO]; OOB eno7np0:192.168.50.193<0>
MOC-R4PCC04U05:649163:649290 [2] NCCL INFO NET/IB : Made virtual device [0] name=mlx5_5 speed=400000 ndevs=1
MOC-R4PCC04U05:649163:649290 [2] NCCL INFO NET/IB : Using [0]mlx5_5:1/RoCE [RO]; OOB eno7np0:192.168.50.193<0>
MOC-R4PCC04U05:649161:649265 [0] NCCL INFO NET/IB : GPU Direct RDMA Enabled for HCA 0 'mlx5_5'
MOC-R4PCC04U05:649161:649265 [0] NCCL INFO NET/IB : Made virtual device [1] name=mlx5_5 speed=400000 ndevs=1
MOC-R4PCC04U05:649161:649265 [0] NCCL INFO NET/IB : GPU Direct RDMA Enabled for HCA 0 'mlx5_5'
MOC-R4PCC04U05:649161:649265 [0] NCCL INFO NET/IB : GPU Direct RDMA Enabled for HCA 1 'mlx5_5'
MOC-R4PCC04U05:649164:649289 [3] NCCL INFO NET/IB : GPU Direct RDMA Enabled for HCA 0 'mlx5_5'
MOC-R4PCC04U05:649164:649289 [3] NCCL INFO NET/IB : Made virtual device [1] name=mlx5_5 speed=400000 ndevs=1
MOC-R4PCC04U05:649164:649289 [3] NCCL INFO NET/IB : GPU Direct RDMA Enabled for HCA 0 'mlx5_5'
MOC-R4PCC04U05:649164:649289 [3] NCCL INFO NET/IB : GPU Direct RDMA Enabled for HCA 1 'mlx5_5'
MOC-R4PCC04U05:649163:649290 [2] NCCL INFO NET/IB : GPU Direct RDMA Enabled for HCA 0 'mlx5_5'
MOC-R4PCC04U05:649163:649290 [2] NCCL INFO NET/IB : Made virtual device [1] name=mlx5_5 speed=400000 ndevs=1
MOC-R4PCC04U05:649163:649290 [2] NCCL INFO NET/IB : GPU Direct RDMA Enabled for HCA 0 'mlx5_5'
MOC-R4PCC04U05:649163:649290 [2] NCCL INFO NET/IB : GPU Direct RDMA Enabled for HCA 1 'mlx5_5'
MOC-R4PCC04U05:649162:649288 [1] NCCL INFO NET/IB : GPU Direct RDMA Enabled for HCA 0 'mlx5_5'
MOC-R4PCC04U05:649162:649288 [1] NCCL INFO NET/IB : Made virtual device [1] name=mlx5_5 speed=400000 ndevs=1
MOC-R4PCC04U05:649162:649288 [1] NCCL INFO NET/IB : GPU Direct RDMA Enabled for HCA 0 'mlx5_5'
MOC-R4PCC04U05:649162:649288 [1] NCCL INFO NET/IB : GPU Direct RDMA Enabled for HCA 1 'mlx5_5'
MOC-R4PCC04U05:649161:649265 [0] NCCL INFO NCCL_NET_GDR_LEVEL set by environment to LOC
MOC-R4PCC04U05:649162:649288 [1] NCCL INFO NCCL_NET_GDR_LEVEL set by environment to LOC
MOC-R4PCC04U05:649161:649265 [0] NCCL INFO GPU Direct RDMA Disabled for GPU 0 / HCA 1 (distance 5 > 0)
MOC-R4PCC04U05:649162:649288 [1] NCCL INFO GPU Direct RDMA Disabled for GPU 0 / HCA 1 (distance 5 > 0)
MOC-R4PCC04U05:649161:649265 [0] NCCL INFO GPU Direct RDMA Disabled for GPU 1 / HCA 1 (distance 5 > 0)
MOC-R4PCC04U05:649162:649288 [1] NCCL INFO GPU Direct RDMA Disabled for GPU 1 / HCA 1 (distance 5 > 0)
MOC-R4PCC04U05:649161:649265 [0] NCCL INFO GPU Direct RDMA Disabled for GPU 2 / HCA 1 (distance 5 > 0)
MOC-R4PCC04U05:649162:649288 [1] NCCL INFO GPU Direct RDMA Disabled for GPU 2 / HCA 1 (distance 5 > 0)
MOC-R4PCC04U05:649162:649288 [1] NCCL INFO GPU Direct RDMA Disabled for GPU 0 / HCA 1 (distance 5 > 0)
MOC-R4PCC04U05:649161:649265 [0] NCCL INFO GPU Direct RDMA Disabled for GPU 0 / HCA 1 (distance 5 > 0)
MOC-R4PCC04U05:649162:649288 [1] NCCL INFO GPU Direct RDMA Disabled for GPU 1 / HCA 1 (distance 5 > 0)
MOC-R4PCC04U05:649161:649265 [0] NCCL INFO GPU Direct RDMA Disabled for GPU 1 / HCA 1 (distance 5 > 0)
MOC-R4PCC04U05:649162:649288 [1] NCCL INFO GPU Direct RDMA Disabled for GPU 2 / HCA 1 (distance 5 > 0)
MOC-R4PCC04U05:649161:649265 [0] NCCL INFO GPU Direct RDMA Disabled for GPU 2 / HCA 1 (distance 5 > 0)
MOC-R4PCC04U05:649164:649289 [3] NCCL INFO NCCL_NET_GDR_LEVEL set by environment to LOC
MOC-R4PCC04U05:649164:649289 [3] NCCL INFO GPU Direct RDMA Disabled for GPU 0 / HCA 1 (distance 5 > 0)
MOC-R4PCC04U05:649164:649289 [3] NCCL INFO GPU Direct RDMA Disabled for GPU 1 / HCA 1 (distance 5 > 0)
MOC-R4PCC04U05:649164:649289 [3] NCCL INFO GPU Direct RDMA Disabled for GPU 2 / HCA 1 (distance 5 > 0)
MOC-R4PCC04U05:649164:649289 [3] NCCL INFO GPU Direct RDMA Disabled for GPU 0 / HCA 1 (distance 5 > 0)
MOC-R4PCC04U05:649164:649289 [3] NCCL INFO GPU Direct RDMA Disabled for GPU 1 / HCA 1 (distance 5 > 0)
MOC-R4PCC04U05:649164:649289 [3] NCCL INFO GPU Direct RDMA Disabled for GPU 2 / HCA 1 (distance 5 > 0)
MOC-R4PCC04U05:649163:649290 [2] NCCL INFO NCCL_NET_GDR_LEVEL set by environment to LOC
MOC-R4PCC04U05:649163:649290 [2] NCCL INFO GPU Direct RDMA Disabled for GPU 0 / HCA 1 (distance 5 > 0)
MOC-R4PCC04U05:649163:649290 [2] NCCL INFO GPU Direct RDMA Disabled for GPU 1 / HCA 1 (distance 5 > 0)
MOC-R4PCC04U05:649163:649290 [2] NCCL INFO GPU Direct RDMA Disabled for GPU 2 / HCA 1 (distance 5 > 0)
MOC-R4PCC04U05:649163:649290 [2] NCCL INFO GPU Direct RDMA Disabled for GPU 0 / HCA 1 (distance 5 > 0)
MOC-R4PCC04U05:649163:649290 [2] NCCL INFO GPU Direct RDMA Disabled for GPU 1 / HCA 1 (distance 5 > 0)
MOC-R4PCC04U05:649163:649290 [2] NCCL INFO GPU Direct RDMA Disabled for GPU 2 / HCA 1 (distance 5 > 0)
MOC-R4PCC04U05:649162:649302 [1] NCCL INFO New proxy recv connection 0 from local rank 1, transport 0
MOC-R4PCC04U05:649162:649310 [1] NCCL INFO Connected to proxy localRank 1 -> connection 0x7f0484004f30
MOC-R4PCC04U05:649164:649304 [3] NCCL INFO New proxy recv connection 0 from local rank 3, transport 0
MOC-R4PCC04U05:649163:649305 [2] NCCL INFO New proxy recv connection 0 from local rank 2, transport 0
MOC-R4PCC04U05:649164:649312 [3] NCCL INFO Connected to proxy localRank 3 -> connection 0x7ff3c8004f30
MOC-R4PCC04U05:649163:649311 [2] NCCL INFO Connected to proxy localRank 2 -> connection 0x7f4c28004f30
MOC-R4PCC04U05:649163:649305 [2] NCCL INFO New proxy recv connection 1 from local rank 2, transport 0
MOC-R4PCC04U05:649163:649311 [2] NCCL INFO Connected to proxy localRank 2 -> connection 0x7f4c28004fa8
MOC-R4PCC04U05:649162:649302 [1] NCCL INFO New proxy recv connection 1 from local rank 1, transport 0
MOC-R4PCC04U05:649162:649310 [1] NCCL INFO Connected to proxy localRank 1 -> connection 0x7f0484004fa8
MOC-R4PCC04U05:649164:649304 [3] NCCL INFO New proxy recv connection 1 from local rank 3, transport 0
MOC-R4PCC04U05:649164:649312 [3] NCCL INFO Connected to proxy localRank 3 -> connection 0x7ff3c8004fa8
MOC-R4PCC04U05:649164:649312 [3] NCCL INFO GPU Direct RDMA Disabled for GPU 3 / HCA 1 (distance 7 > 0)
MOC-R4PCC04U05:649161:649303 [0] NCCL INFO New proxy send connection 0 from local rank 0, transport 0
MOC-R4PCC04U05:649161:649313 [0] NCCL INFO Connected to proxy localRank 0 -> connection 0x7f6080004f30
MOC-R4PCC04U05:649161:649303 [0] NCCL INFO New proxy send connection 1 from local rank 0, transport 0
MOC-R4PCC04U05:649161:649313 [0] NCCL INFO Connected to proxy localRank 0 -> connection 0x7f6080004fa8
MOC-R4PCC04U05:649163:649311 [2] NCCL INFO GPU Direct RDMA Disabled for GPU 2 / HCA 1 (distance 7 > 0)
MOC-R4PCC04U05:649161:649303 [0] NCCL INFO New proxy send connection 2 from local rank 0, transport 0
MOC-R4PCC04U05:649161:649313 [0] NCCL INFO Connected to proxy localRank 0 -> connection 0x7f6080005020
MOC-R4PCC04U05:649161:649303 [0] NCCL INFO New proxy send connection 3 from local rank 0, transport 0
MOC-R4PCC04U05:649161:649313 [0] NCCL INFO Connected to proxy localRank 0 -> connection 0x7f6080005098
MOC-R4PCC04U05:649164:649304 [3] NCCL INFO New proxy send connection 2 from local rank 3, transport 2
MOC-R4PCC04U05:649164:649312 [3] NCCL INFO Connected to proxy localRank 3 -> connection 0x7ff3c8005020
MOC-R4PCC04U05:649164:649312 [3] NCCL INFO Channel 00/0 : 3[3] -> 6[2] [send] via NET/IB/1
MOC-R4PCC04U05:649164:649312 [3] NCCL INFO GPU Direct RDMA Disabled for GPU 3 / HCA 1 (distance 7 > 0)
MOC-R4PCC04U05:649164:649304 [3] NCCL INFO New proxy send connection 3 from local rank 3, transport 2
MOC-R4PCC04U05:649164:649312 [3] NCCL INFO Connected to proxy localRank 3 -> connection 0x7ff3c8005098
MOC-R4PCC04U05:649164:649312 [3] NCCL INFO Channel 02/0 : 3[3] -> 6[2] [send] via NET/IB/1
MOC-R4PCC04U05:649161:649303 [0] NCCL INFO New proxy recv connection 4 from local rank 0, transport 0
MOC-R4PCC04U05:649161:649313 [0] NCCL INFO Connected to proxy localRank 0 -> connection 0x7f6080005110
MOC-R4PCC04U05:649164:649312 [3] NCCL INFO GPU Direct RDMA Disabled for GPU 3 / HCA 1 (distance 7 > 0)
MOC-R4PCC04U05:649164:649304 [3] NCCL INFO New proxy recv connection 4 from local rank 3, transport 2
MOC-R4PCC04U05:649164:649312 [3] NCCL INFO Connected to proxy localRank 3 -> connection 0x7ff3c8005110
MOC-R4PCC04U05:649164:649312 [3] NCCL INFO Channel 01/0 : 14[2] -> 3[3] [receive] via NET/IB/1
MOC-R4PCC04U05:649164:649312 [3] NCCL INFO GPU Direct RDMA Disabled for GPU 3 / HCA 1 (distance 7 > 0)
MOC-R4PCC04U05:649164:649304 [3] NCCL INFO New proxy recv connection 5 from local rank 3, transport 2
MOC-R4PCC04U05:649164:649312 [3] NCCL INFO Connected to proxy localRank 3 -> connection 0x7ff3c8005188
MOC-R4PCC04U05:649164:649312 [3] NCCL INFO Channel 03/0 : 14[2] -> 3[3] [receive] via NET/IB/1
MOC-R4PCC04U05:649161:649303 [0] NCCL INFO New proxy recv connection 5 from local rank 0, transport 0
MOC-R4PCC04U05:649161:649313 [0] NCCL INFO Connected to proxy localRank 0 -> connection 0x7f6080005188
MOC-R4PCC04U05:649161:649303 [0] NCCL INFO New proxy recv connection 6 from local rank 0, transport 0
MOC-R4PCC04U05:649161:649313 [0] NCCL INFO Connected to proxy localRank 0 -> connection 0x7f6080005200
MOC-R4PCC04U05:649161:649303 [0] NCCL INFO New proxy recv connection 7 from local rank 0, transport 0
MOC-R4PCC04U05:649161:649313 [0] NCCL INFO Connected to proxy localRank 0 -> connection 0x7f6080005278
MOC-R4PCC04U05:649163:649305 [2] NCCL INFO New proxy recv connection 2 from local rank 2, transport 2
MOC-R4PCC04U05:649163:649311 [2] NCCL INFO Connected to proxy localRank 2 -> connection 0x7f4c28005020
MOC-R4PCC04U05:649163:649311 [2] NCCL INFO Channel 00/0 : 15[3] -> 2[2] [receive] via NET/IB/1
MOC-R4PCC04U05:649163:649311 [2] NCCL INFO GPU Direct RDMA Disabled for GPU 2 / HCA 1 (distance 7 > 0)
MOC-R4PCC04U05:649163:649305 [2] NCCL INFO New proxy recv connection 3 from local rank 2, transport 2
MOC-R4PCC04U05:649163:649311 [2] NCCL INFO Connected to proxy localRank 2 -> connection 0x7f4c28005098
MOC-R4PCC04U05:649163:649311 [2] NCCL INFO Channel 02/0 : 15[3] -> 2[2] [receive] via NET/IB/1
MOC-R4PCC04U05:649163:649311 [2] NCCL INFO GPU Direct RDMA Disabled for GPU 2 / HCA 1 (distance 7 > 0)
MOC-R4PCC04U05:649164:649304 [3] NCCL INFO New proxy send connection 6 from local rank 3, transport 0
MOC-R4PCC04U05:649164:649312 [3] NCCL INFO Connected to proxy localRank 3 -> connection 0x7ff3c8005200
MOC-R4PCC04U05:649163:649305 [2] NCCL INFO New proxy send connection 4 from local rank 2, transport 2
MOC-R4PCC04U05:649163:649311 [2] NCCL INFO Connected to proxy localRank 2 -> connection 0x7f4c28005110
MOC-R4PCC04U05:649163:649311 [2] NCCL INFO Channel 01/0 : 2[2] -> 7[3] [send] via NET/IB/1
MOC-R4PCC04U05:649163:649311 [2] NCCL INFO GPU Direct RDMA Disabled for GPU 2 / HCA 1 (distance 7 > 0)
MOC-R4PCC04U05:649163:649305 [2] NCCL INFO New proxy send connection 5 from local rank 2, transport 2
MOC-R4PCC04U05:649163:649311 [2] NCCL INFO Connected to proxy localRank 2 -> connection 0x7f4c28005188
MOC-R4PCC04U05:649163:649311 [2] NCCL INFO Channel 03/0 : 2[2] -> 7[3] [send] via NET/IB/1
MOC-R4PCC04U05:649163:649305 [2] NCCL INFO New proxy send connection 6 from local rank 2, transport 0
MOC-R4PCC04U05:649163:649311 [2] NCCL INFO Connected to proxy localRank 2 -> connection 0x7f4c28005200
MOC-R4PCC04U05:649163:649305 [2] NCCL INFO New proxy send connection 7 from local rank 2, transport 0
MOC-R4PCC04U05:649163:649311 [2] NCCL INFO Connected to proxy localRank 2 -> connection 0x7f4c28005278
MOC-R4PCC04U05:649164:649304 [3] NCCL INFO New proxy send connection 7 from local rank 3, transport 0
MOC-R4PCC04U05:649164:649312 [3] NCCL INFO Connected to proxy localRank 3 -> connection 0x7ff3c8005278
MOC-R4PCC04U05:649161:649303 [0] NCCL INFO New proxy send connection 8 from local rank 3, transport 0
MOC-R4PCC04U05:649162:649302 [1] NCCL INFO New proxy recv connection 2 from local rank 1, transport 0
MOC-R4PCC04U05:649162:649310 [1] NCCL INFO Connected to proxy localRank 1 -> connection 0x7f0484005020
MOC-R4PCC04U05:649164:649312 [3] NCCL INFO Connected to proxy localRank 0 -> connection 0x7f60800052f0
MOC-R4PCC04U05:649162:649302 [1] NCCL INFO New proxy recv connection 3 from local rank 1, transport 0
MOC-R4PCC04U05:649162:649310 [1] NCCL INFO Connected to proxy localRank 1 -> connection 0x7f0484005098
MOC-R4PCC04U05:649162:649302 [1] NCCL INFO New proxy send connection 4 from local rank 1, transport 0
MOC-R4PCC04U05:649162:649310 [1] NCCL INFO Connected to proxy localRank 1 -> connection 0x7f0484005110
MOC-R4PCC04U05:649162:649302 [1] NCCL INFO New proxy send connection 5 from local rank 1, transport 0
MOC-R4PCC04U05:649162:649310 [1] NCCL INFO Connected to proxy localRank 1 -> connection 0x7f0484005188
MOC-R4PCC04U05:649162:649302 [1] NCCL INFO New proxy send connection 6 from local rank 1, transport 0
MOC-R4PCC04U05:649162:649310 [1] NCCL INFO Connected to proxy localRank 1 -> connection 0x7f0484005200
MOC-R4PCC04U05:649162:649302 [1] NCCL INFO New proxy send connection 7 from local rank 1, transport 0
MOC-R4PCC04U05:649162:649310 [1] NCCL INFO Connected to proxy localRank 1 -> connection 0x7f0484005278
MOC-R4PCC04U05:649161:649303 [0] NCCL INFO New proxy send connection 9 from local rank 2, transport 0
MOC-R4PCC04U05:649164:649304 [3] NCCL INFO New proxy send connection 8 from local rank 1, transport 0
MOC-R4PCC04U05:649163:649311 [2] NCCL INFO Connected to proxy localRank 0 -> connection 0x7f6080005368
MOC-R4PCC04U05:649162:649310 [1] NCCL INFO Connected to proxy localRank 3 -> connection 0x7ff3c80052f0
MOC-R4PCC04U05:649163:649305 [2] NCCL INFO New proxy send connection 8 from local rank 0, transport 0
MOC-R4PCC04U05:649161:649313 [0] NCCL INFO Connected to proxy localRank 2 -> connection 0x7f4c280052f0
MOC-R4PCC04U05:649162:649302 [1] NCCL INFO New proxy send connection 8 from local rank 3, transport 0
MOC-R4PCC04U05:649164:649312 [3] NCCL INFO Connected to proxy localRank 1 -> connection 0x7f04840052f0
MOC-R4PCC04U05:649162:649302 [1] NCCL INFO New proxy send connection 9 from local rank 2, transport 0
MOC-R4PCC04U05:649163:649311 [2] NCCL INFO Connected to proxy localRank 1 -> connection 0x7f0484005368
MOC-R4PCC04U05:649163:649305 [2] NCCL INFO NET/IB: NCCL Dev 1 IbDev 0 Port 1 qpn 10638 mtu 3 query_ece={supported=1, vendor_id=0x15b3, options=0x30000002, comp_mask=0x0} GID 3 (0/C132A8C0FFFF0000) fifoRkey=0x17cb8a fifoLkey=0x17cb8a
MOC-R4PCC04U05:649163:649305 [2] NCCL INFO NET/IB: NCCL Dev 1 IbDev 0 Port 1 qpn 10639 mtu 3 query_ece={supported=1, vendor_id=0x15b3, options=0x30000002, comp_mask=0x0} GID 3 (0/C132A8C0FFFF0000) fifoRkey=0x173af9 fifoLkey=0x173af9
MOC-R4PCC04U05:649161:649303 [0] NCCL INFO New proxy send connection 10 from local rank 1, transport 0
MOC-R4PCC04U05:649162:649310 [1] NCCL INFO Connected to proxy localRank 0 -> connection 0x7f60800053e0
MOC-R4PCC04U05:649164:649304 [3] NCCL INFO New proxy send connection 9 from local rank 0, transport 0
MOC-R4PCC04U05:649161:649313 [0] NCCL INFO Connected to proxy localRank 3 -> connection 0x7ff3c8005368
MOC-R4PCC04U05:649163:649305 [2] NCCL INFO NET/IB: IbDev 0 Port 1 qpn 10454 set_ece={supported=1, vendor_id=0x15b3, options=0x0, comp_mask=0x0}
MOC-R4PCC04U05:649163:649305 [2] NCCL INFO NET/IB: IbDev 0 Port 1 qpn 10456 set_ece={supported=1, vendor_id=0x15b3, options=0x0, comp_mask=0x0}
MOC-R4PCC04U05:649164:649304 [3] NCCL INFO NET/IB: NCCL Dev 1 IbDev 0 Port 1 qpn 10644 mtu 3 query_ece={supported=1, vendor_id=0x15b3, options=0x30000002, comp_mask=0x0} GID 3 (0/C132A8C0FFFF0000) fifoRkey=0x17e1a0 fifoLkey=0x17e1a0
MOC-R4PCC04U05:649164:649304 [3] NCCL INFO NET/IB: NCCL Dev 1 IbDev 0 Port 1 qpn 10645 mtu 3 query_ece={supported=1, vendor_id=0x15b3, options=0x30000002, comp_mask=0x0} GID 3 (0/C132A8C0FFFF0000) fifoRkey=0x17a767 fifoLkey=0x17a767
MOC-R4PCC04U05:649164:649304 [3] NCCL INFO NET/IB: IbDev 0 Port 1 qpn 10462 set_ece={supported=1, vendor_id=0x15b3, options=0x0, comp_mask=0x0}
MOC-R4PCC04U05:649164:649304 [3] NCCL INFO NET/IB: IbDev 0 Port 1 qpn 10464 set_ece={supported=1, vendor_id=0x15b3, options=0x0, comp_mask=0x0}
MOC-R4PCC04U05:649162:649302 [1] NCCL INFO New proxy send connection 10 from local rank 0, transport 0
MOC-R4PCC04U05:649161:649313 [0] NCCL INFO Connected to proxy localRank 1 -> connection 0x7f04840053e0
MOC-R4PCC04U05:649163:649305 [2] NCCL INFO New proxy send connection 9 from local rank 1, transport 0
MOC-R4PCC04U05:649162:649310 [1] NCCL INFO Connected to proxy localRank 2 -> connection 0x7f4c28005368
num decayed parameter tensors: 50, with 124,318,464 parameters
num non-decayed parameter tensors: 98, with 121,344 parameters
using fused AdamW: False
using regular AdamW
MOC-R4PCC04U05:649164:649304 [3] NCCL INFO New proxy recv connection 10 from local rank 3, transport 0
MOC-R4PCC04U05:649164:650004 [3] NCCL INFO Connected to proxy localRank 3 -> connection 0x7ff3c80053e0
MOC-R4PCC04U05:649164:649304 [3] NCCL INFO New proxy recv connection 11 from local rank 3, transport 0
MOC-R4PCC04U05:649164:650004 [3] NCCL INFO Connected to proxy localRank 3 -> connection 0x7ff3c8005458
MOC-R4PCC04U05:649161:649303 [0] NCCL INFO New proxy send connection 11 from local rank 0, transport 0
MOC-R4PCC04U05:649161:650005 [0] NCCL INFO Connected to proxy localRank 0 -> connection 0x7f6080005458
MOC-R4PCC04U05:649161:649303 [0] NCCL INFO New proxy send connection 12 from local rank 0, transport 0
MOC-R4PCC04U05:649161:650005 [0] NCCL INFO Connected to proxy localRank 0 -> connection 0x7f60800054d0
MOC-R4PCC04U05:649161:649303 [0] NCCL INFO New proxy send connection 13 from local rank 0, transport 0
MOC-R4PCC04U05:649161:650005 [0] NCCL INFO Connected to proxy localRank 0 -> connection 0x7f6080005548
MOC-R4PCC04U05:649161:649303 [0] NCCL INFO New proxy send connection 14 from local rank 0, transport 0
MOC-R4PCC04U05:649161:650005 [0] NCCL INFO Connected to proxy localRank 0 -> connection 0x7f60800055c0
MOC-R4PCC04U05:649162:649302 [1] NCCL INFO New proxy recv connection 11 from local rank 1, transport 0
MOC-R4PCC04U05:649162:650006 [1] NCCL INFO Connected to proxy localRank 1 -> connection 0x7f0484005458
MOC-R4PCC04U05:649162:649302 [1] NCCL INFO New proxy recv connection 12 from local rank 1, transport 0
MOC-R4PCC04U05:649162:650006 [1] NCCL INFO Connected to proxy localRank 1 -> connection 0x7f04840054d0
MOC-R4PCC04U05:649162:649302 [1] NCCL INFO New proxy recv connection 13 from local rank 1, transport 0
MOC-R4PCC04U05:649162:650006 [1] NCCL INFO Connected to proxy localRank 1 -> connection 0x7f0484005548
MOC-R4PCC04U05:649162:649302 [1] NCCL INFO New proxy recv connection 14 from local rank 1, transport 0
MOC-R4PCC04U05:649162:650006 [1] NCCL INFO Connected to proxy localRank 1 -> connection 0x7f04840055c0
MOC-R4PCC04U05:649162:649302 [1] NCCL INFO New proxy send connection 15 from local rank 1, transport 0
MOC-R4PCC04U05:649162:650006 [1] NCCL INFO Connected to proxy localRank 1 -> connection 0x7f0484005638
MOC-R4PCC04U05:649162:649302 [1] NCCL INFO New proxy send connection 16 from local rank 1, transport 0
MOC-R4PCC04U05:649162:650006 [1] NCCL INFO Connected to proxy localRank 1 -> connection 0x7f04840056b0
MOC-R4PCC04U05:649162:649302 [1] NCCL INFO New proxy send connection 17 from local rank 1, transport 0
MOC-R4PCC04U05:649162:650006 [1] NCCL INFO Connected to proxy localRank 1 -> connection 0x7f0484005728
MOC-R4PCC04U05:649162:649302 [1] NCCL INFO New proxy send connection 18 from local rank 1, transport 0
MOC-R4PCC04U05:649162:650006 [1] NCCL INFO Connected to proxy localRank 1 -> connection 0x7f04840057a0
MOC-R4PCC04U05:649161:649303 [0] NCCL INFO New proxy send connection 15 from local rank 0, transport 0
MOC-R4PCC04U05:649161:650005 [0] NCCL INFO Connected to proxy localRank 0 -> connection 0x7f6080005638
MOC-R4PCC04U05:649161:649303 [0] NCCL INFO New proxy send connection 16 from local rank 0, transport 0
MOC-R4PCC04U05:649161:650005 [0] NCCL INFO Connected to proxy localRank 0 -> connection 0x7f60800056b0
MOC-R4PCC04U05:649161:649303 [0] NCCL INFO New proxy recv connection 17 from local rank 0, transport 0
MOC-R4PCC04U05:649161:650005 [0] NCCL INFO Connected to proxy localRank 0 -> connection 0x7f6080005728
MOC-R4PCC04U05:649164:650004 [3] NCCL INFO GPU Direct RDMA Disabled for GPU 3 / HCA 1 (distance 7 > 0)
MOC-R4PCC04U05:649164:649304 [3] NCCL INFO New proxy send connection 12 from local rank 3, transport 2
MOC-R4PCC04U05:649164:650004 [3] NCCL INFO Connected to proxy localRank 3 -> connection 0x7ff3c80054d0
MOC-R4PCC04U05:649161:649303 [0] NCCL INFO New proxy recv connection 18 from local rank 0, transport 0
MOC-R4PCC04U05:649161:650005 [0] NCCL INFO Connected to proxy localRank 0 -> connection 0x7f60800057a0
MOC-R4PCC04U05:649164:650004 [3] NCCL INFO Channel 02/0 : 3[3] -> 7[3] [send] via NET/IB/1
MOC-R4PCC04U05:649164:650004 [3] NCCL INFO GPU Direct RDMA Disabled for GPU 3 / HCA 1 (distance 7 > 0)
MOC-R4PCC04U05:649164:649304 [3] NCCL INFO New proxy send connection 13 from local rank 3, transport 2
MOC-R4PCC04U05:649164:650004 [3] NCCL INFO Connected to proxy localRank 3 -> connection 0x7ff3c8005548
MOC-R4PCC04U05:649164:650004 [3] NCCL INFO Channel 03/0 : 3[3] -> 7[3] [send] via NET/IB/1
MOC-R4PCC04U05:649161:649303 [0] NCCL INFO New proxy recv connection 19 from local rank 0, transport 0
MOC-R4PCC04U05:649161:650005 [0] NCCL INFO Connected to proxy localRank 0 -> connection 0x7f6080005818
MOC-R4PCC04U05:649161:649303 [0] NCCL INFO New proxy recv connection 20 from local rank 0, transport 0
MOC-R4PCC04U05:649161:650005 [0] NCCL INFO Connected to proxy localRank 0 -> connection 0x7f6080005890
MOC-R4PCC04U05:649164:650004 [3] NCCL INFO GPU Direct RDMA Disabled for GPU 3 / HCA 1 (distance 7 > 0)
MOC-R4PCC04U05:649164:649304 [3] NCCL INFO New proxy recv connection 14 from local rank 3, transport 2
MOC-R4PCC04U05:649164:650004 [3] NCCL INFO Connected to proxy localRank 3 -> connection 0x7ff3c80055c0
MOC-R4PCC04U05:649164:650004 [3] NCCL INFO Channel 00/0 : 11[3] -> 3[3] [receive] via NET/IB/1
MOC-R4PCC04U05:649164:650004 [3] NCCL INFO GPU Direct RDMA Disabled for GPU 3 / HCA 1 (distance 7 > 0)
MOC-R4PCC04U05:649164:649304 [3] NCCL INFO New proxy recv connection 15 from local rank 3, transport 2
MOC-R4PCC04U05:649164:650004 [3] NCCL INFO Connected to proxy localRank 3 -> connection 0x7ff3c8005638
MOC-R4PCC04U05:649164:650004 [3] NCCL INFO Channel 01/0 : 11[3] -> 3[3] [receive] via NET/IB/1
MOC-R4PCC04U05:649164:650004 [3] NCCL INFO GPU Direct RDMA Disabled for GPU 3 / HCA 1 (distance 7 > 0)
MOC-R4PCC04U05:649164:649304 [3] NCCL INFO New proxy send connection 16 from local rank 3, transport 2
MOC-R4PCC04U05:649164:650004 [3] NCCL INFO Connected to proxy localRank 3 -> connection 0x7ff3c80056b0
MOC-R4PCC04U05:649164:650004 [3] NCCL INFO Channel 00/0 : 3[3] -> 11[3] [send] via NET/IB/1
MOC-R4PCC04U05:649164:650004 [3] NCCL INFO GPU Direct RDMA Disabled for GPU 3 / HCA 1 (distance 7 > 0)
MOC-R4PCC04U05:649164:649304 [3] NCCL INFO New proxy send connection 17 from local rank 3, transport 2
MOC-R4PCC04U05:649164:650004 [3] NCCL INFO Connected to proxy localRank 3 -> connection 0x7ff3c8005728
MOC-R4PCC04U05:649164:650004 [3] NCCL INFO Channel 01/0 : 3[3] -> 11[3] [send] via NET/IB/1
MOC-R4PCC04U05:649163:649305 [2] NCCL INFO New proxy recv connection 10 from local rank 2, transport 0
MOC-R4PCC04U05:649163:650007 [2] NCCL INFO Connected to proxy localRank 2 -> connection 0x7f4c280053e0
MOC-R4PCC04U05:649163:649305 [2] NCCL INFO New proxy recv connection 11 from local rank 2, transport 0
MOC-R4PCC04U05:649163:650007 [2] NCCL INFO Connected to proxy localRank 2 -> connection 0x7f4c28005458
MOC-R4PCC04U05:649163:649305 [2] NCCL INFO New proxy recv connection 12 from local rank 2, transport 0
MOC-R4PCC04U05:649163:650007 [2] NCCL INFO Connected to proxy localRank 2 -> connection 0x7f4c280054d0
MOC-R4PCC04U05:649163:649305 [2] NCCL INFO New proxy recv connection 13 from local rank 2, transport 0
MOC-R4PCC04U05:649163:650007 [2] NCCL INFO Connected to proxy localRank 2 -> connection 0x7f4c28005548
MOC-R4PCC04U05:649163:649305 [2] NCCL INFO New proxy send connection 14 from local rank 2, transport 0
MOC-R4PCC04U05:649163:650007 [2] NCCL INFO Connected to proxy localRank 2 -> connection 0x7f4c280055c0
MOC-R4PCC04U05:649162:649302 [1] NCCL INFO New proxy recv connection 19 from local rank 1, transport 0
MOC-R4PCC04U05:649162:650006 [1] NCCL INFO Connected to proxy localRank 1 -> connection 0x7f0484005818
MOC-R4PCC04U05:649163:649305 [2] NCCL INFO New proxy send connection 15 from local rank 2, transport 0
MOC-R4PCC04U05:649163:650007 [2] NCCL INFO Connected to proxy localRank 2 -> connection 0x7f4c28005638
MOC-R4PCC04U05:649162:649302 [1] NCCL INFO New proxy recv connection 20 from local rank 1, transport 0
MOC-R4PCC04U05:649162:650006 [1] NCCL INFO Connected to proxy localRank 1 -> connection 0x7f0484005890
MOC-R4PCC04U05:649164:650004 [3] NCCL INFO GPU Direct RDMA Disabled for GPU 3 / HCA 1 (distance 7 > 0)
MOC-R4PCC04U05:649164:649304 [3] NCCL INFO New proxy recv connection 18 from local rank 3, transport 2
MOC-R4PCC04U05:649164:650004 [3] NCCL INFO Connected to proxy localRank 3 -> connection 0x7ff3c80057a0
MOC-R4PCC04U05:649164:650004 [3] NCCL INFO Channel 02/0 : 7[3] -> 3[3] [receive] via NET/IB/1
MOC-R4PCC04U05:649164:650004 [3] NCCL INFO GPU Direct RDMA Disabled for GPU 3 / HCA 1 (distance 7 > 0)
MOC-R4PCC04U05:649164:649304 [3] NCCL INFO New proxy recv connection 19 from local rank 3, transport 2
MOC-R4PCC04U05:649164:650004 [3] NCCL INFO Connected to proxy localRank 3 -> connection 0x7ff3c8005818
MOC-R4PCC04U05:649164:650004 [3] NCCL INFO Channel 03/0 : 7[3] -> 3[3] [receive] via NET/IB/1
MOC-R4PCC04U05:649164:649304 [3] NCCL INFO New proxy send connection 20 from local rank 3, transport 0
MOC-R4PCC04U05:649164:650004 [3] NCCL INFO Connected to proxy localRank 3 -> connection 0x7ff3c8005890
MOC-R4PCC04U05:649164:649304 [3] NCCL INFO New proxy send connection 21 from local rank 3, transport 0
MOC-R4PCC04U05:649164:650004 [3] NCCL INFO Connected to proxy localRank 3 -> connection 0x7ff3c8005908
MOC-R4PCC04U05:649164:649304 [3] NCCL INFO New proxy send connection 22 from local rank 3, transport 0
MOC-R4PCC04U05:649164:650004 [3] NCCL INFO Connected to proxy localRank 3 -> connection 0x7ff3c8005980
MOC-R4PCC04U05:649164:649304 [3] NCCL INFO New proxy send connection 23 from local rank 3, transport 0
MOC-R4PCC04U05:649164:650004 [3] NCCL INFO Connected to proxy localRank 3 -> connection 0x7ff3c80059f8
MOC-R4PCC04U05:649164:649304 [3] NCCL INFO NET/IB: NCCL Dev 1 IbDev 0 Port 1 qpn 10646 mtu 3 query_ece={supported=1, vendor_id=0x15b3, options=0x30000002, comp_mask=0x0} GID 3 (0/C132A8C0FFFF0000) fifoRkey=0x1722e1 fifoLkey=0x1722e1
MOC-R4PCC04U05:649164:649304 [3] NCCL INFO NET/IB: NCCL Dev 1 IbDev 0 Port 1 qpn 10647 mtu 3 query_ece={supported=1, vendor_id=0x15b3, options=0x30000002, comp_mask=0x0} GID 3 (0/C132A8C0FFFF0000) fifoRkey=0x17904f fifoLkey=0x17904f
MOC-R4PCC04U05:649164:649304 [3] NCCL INFO NET/IB: IbDev 0 Port 1 qpn 10469 set_ece={supported=1, vendor_id=0x15b3, options=0x0, comp_mask=0x0}
MOC-R4PCC04U05:649164:649304 [3] NCCL INFO NET/IB: IbDev 0 Port 1 qpn 10472 set_ece={supported=1, vendor_id=0x15b3, options=0x0, comp_mask=0x0}
MOC-R4PCC04U05:649164:649304 [3] NCCL INFO NET/IB: NCCL Dev 1 IbDev 0 Port 1 qpn 10648 mtu 3 query_ece={supported=1, vendor_id=0x15b3, options=0x30000002, comp_mask=0x0} GID 3 (0/C132A8C0FFFF0000) fifoRkey=0x174705 fifoLkey=0x174705
MOC-R4PCC04U05:649164:649304 [3] NCCL INFO NET/IB: IbDev 0 Port 1 qpn 7921 set_ece={supported=1, vendor_id=0x15b3, options=0x0, comp_mask=0x0}
MOC-R4PCC04U05:649164:649304 [3] NCCL INFO NET/IB: NCCL Dev 1 IbDev 0 Port 1 qpn 10651 mtu 3 query_ece={supported=1, vendor_id=0x15b3, options=0x30000002, comp_mask=0x0} GID 3 (0/C132A8C0FFFF0000) fifoRkey=0x170bca fifoLkey=0x170bca
MOC-R4PCC04U05:649164:649304 [3] NCCL INFO NET/IB: IbDev 0 Port 1 qpn 7924 set_ece={supported=1, vendor_id=0x15b3, options=0x0, comp_mask=0x0}
step    1/10 | train loss 11.010067 | norm 15.3476 | lr 1.00e-04 | (15220.12 ms | 344470 tok/s)
step    2/10 | train loss 10.140057 | norm 5.7421 | lr 1.00e-04 | (819.80 ms | 6395324 tok/s)
step    3/10 | train loss 9.801184 | norm 2.5966 | lr 1.00e-04 | (802.24 ms | 6535327 tok/s)
step    4/10 | train loss 9.632750 | norm 2.1052 | lr 1.00e-04 | (807.36 ms | 6493846 tok/s)
step    5/10 | train loss 9.550308 | norm 2.0977 | lr 1.00e-04 | (814.03 ms | 6440638 tok/s)
step    6/10 | train loss 9.470086 | norm 1.9901 | lr 1.00e-04 | (811.01 ms | 6464668 tok/s)
step    7/10 | train loss 9.385622 | norm 1.9404 | lr 1.00e-04 | (813.60 ms | 6444071 tok/s)
step    8/10 | train loss 9.295285 | norm 1.9082 | lr 1.00e-04 | (814.97 ms | 6433201 tok/s)
step    9/10 | train loss 9.200840 | norm 1.8588 | lr 1.00e-04 | (808.95 ms | 6481110 tok/s)
step   10/10 | train loss 9.114123 | norm 1.7863 | lr 1.00e-04 | (811.89 ms | 6457642 tok/s)
final 9 iters avg: 811.538ms
peak memory consumption: 16601 MiB
