Running pytorch 2.7.0+cu126
using device: cuda:0
total desired batch size: 1179648
=> calculated gradient accumulation steps: 3
using device: cuda:2
using device: cuda:3
using device: cuda:1
compiling the model...
DataLoader: total number of tokens: 1,661,249,667 across 103 files
MOC-R4PCC04U05:517093:517093 [0] NCCL INFO NCCL_SOCKET_IFNAME set to eno7np0
MOC-R4PCC04U05:517093:517093 [0] NCCL INFO NCCL version 2.26.2+cuda12.2
MOC-R4PCC04U05:517093:517199 [0] NCCL INFO NET/Plugin: Could not find: libnccl-net.so. Using internal net plugin.
MOC-R4PCC04U05:517093:517199 [0] NCCL INFO NCCL_IB_HCA set to mlx5_5
MOC-R4PCC04U05:517096:517096 [3] NCCL INFO NCCL_SOCKET_IFNAME set to eno7np0
MOC-R4PCC04U05:517096:517096 [3] NCCL INFO NCCL version 2.26.2+cuda12.2
MOC-R4PCC04U05:517093:517199 [0] NCCL INFO NET/IB : Made virtual device [0] name=mlx5_5 speed=400000 ndevs=1
MOC-R4PCC04U05:517093:517199 [0] NCCL INFO NET/IB : Using [0]mlx5_5:1/RoCE [RO]; OOB eno7np0:192.168.50.193<0>
MOC-R4PCC04U05:517095:517095 [2] NCCL INFO NCCL_SOCKET_IFNAME set to eno7np0
MOC-R4PCC04U05:517095:517095 [2] NCCL INFO NCCL version 2.26.2+cuda12.2
MOC-R4PCC04U05:517094:517094 [1] NCCL INFO NCCL_SOCKET_IFNAME set to eno7np0
MOC-R4PCC04U05:517094:517094 [1] NCCL INFO NCCL version 2.26.2+cuda12.2
MOC-R4PCC04U05:517096:517215 [3] NCCL INFO NET/Plugin: Could not find: libnccl-net.so. Using internal net plugin.
MOC-R4PCC04U05:517096:517215 [3] NCCL INFO NCCL_IB_HCA set to mlx5_5
MOC-R4PCC04U05:517095:517223 [2] NCCL INFO NET/Plugin: Could not find: libnccl-net.so. Using internal net plugin.
MOC-R4PCC04U05:517096:517215 [3] NCCL INFO NET/IB : Made virtual device [0] name=mlx5_5 speed=400000 ndevs=1
MOC-R4PCC04U05:517096:517215 [3] NCCL INFO NET/IB : Using [0]mlx5_5:1/RoCE [RO]; OOB eno7np0:192.168.50.193<0>
MOC-R4PCC04U05:517095:517223 [2] NCCL INFO NCCL_IB_HCA set to mlx5_5
MOC-R4PCC04U05:517095:517223 [2] NCCL INFO NET/IB : Made virtual device [0] name=mlx5_5 speed=400000 ndevs=1
MOC-R4PCC04U05:517095:517223 [2] NCCL INFO NET/IB : Using [0]mlx5_5:1/RoCE [RO]; OOB eno7np0:192.168.50.193<0>
MOC-R4PCC04U05:517094:517224 [1] NCCL INFO NET/Plugin: Could not find: libnccl-net.so. Using internal net plugin.
MOC-R4PCC04U05:517094:517224 [1] NCCL INFO NCCL_IB_HCA set to mlx5_5
MOC-R4PCC04U05:517094:517224 [1] NCCL INFO NET/IB : Made virtual device [0] name=mlx5_5 speed=400000 ndevs=1
MOC-R4PCC04U05:517094:517224 [1] NCCL INFO NET/IB : Using [0]mlx5_5:1/RoCE [RO]; OOB eno7np0:192.168.50.193<0>
MOC-R4PCC04U05:517094:517224 [1] NCCL INFO NET/IB : GPU Direct RDMA Enabled for HCA 0 'mlx5_5'
MOC-R4PCC04U05:517094:517224 [1] NCCL INFO NET/IB : Made virtual device [1] name=mlx5_5 speed=400000 ndevs=1
MOC-R4PCC04U05:517094:517224 [1] NCCL INFO NET/IB : GPU Direct RDMA Enabled for HCA 0 'mlx5_5'
MOC-R4PCC04U05:517094:517224 [1] NCCL INFO NET/IB : GPU Direct RDMA Enabled for HCA 1 'mlx5_5'
MOC-R4PCC04U05:517093:517199 [0] NCCL INFO NET/IB : GPU Direct RDMA Enabled for HCA 0 'mlx5_5'
MOC-R4PCC04U05:517093:517199 [0] NCCL INFO NET/IB : Made virtual device [1] name=mlx5_5 speed=400000 ndevs=1
MOC-R4PCC04U05:517093:517199 [0] NCCL INFO NET/IB : GPU Direct RDMA Enabled for HCA 0 'mlx5_5'
MOC-R4PCC04U05:517093:517199 [0] NCCL INFO NET/IB : GPU Direct RDMA Enabled for HCA 1 'mlx5_5'
MOC-R4PCC04U05:517096:517215 [3] NCCL INFO NET/IB : GPU Direct RDMA Enabled for HCA 0 'mlx5_5'
MOC-R4PCC04U05:517096:517215 [3] NCCL INFO NET/IB : Made virtual device [1] name=mlx5_5 speed=400000 ndevs=1
MOC-R4PCC04U05:517096:517215 [3] NCCL INFO NET/IB : GPU Direct RDMA Enabled for HCA 0 'mlx5_5'
MOC-R4PCC04U05:517096:517215 [3] NCCL INFO NET/IB : GPU Direct RDMA Enabled for HCA 1 'mlx5_5'
MOC-R4PCC04U05:517095:517223 [2] NCCL INFO NET/IB : GPU Direct RDMA Enabled for HCA 0 'mlx5_5'
MOC-R4PCC04U05:517095:517223 [2] NCCL INFO NET/IB : Made virtual device [1] name=mlx5_5 speed=400000 ndevs=1
MOC-R4PCC04U05:517095:517223 [2] NCCL INFO NET/IB : GPU Direct RDMA Enabled for HCA 0 'mlx5_5'
MOC-R4PCC04U05:517095:517223 [2] NCCL INFO NET/IB : GPU Direct RDMA Enabled for HCA 1 'mlx5_5'
MOC-R4PCC04U05:517094:517224 [1] NCCL INFO NCCL_NET_GDR_LEVEL set by environment to LOC
MOC-R4PCC04U05:517094:517224 [1] NCCL INFO GPU Direct RDMA Disabled for GPU 0 / HCA 1 (distance 5 > 0)
MOC-R4PCC04U05:517094:517224 [1] NCCL INFO GPU Direct RDMA Disabled for GPU 1 / HCA 1 (distance 5 > 0)
MOC-R4PCC04U05:517094:517224 [1] NCCL INFO GPU Direct RDMA Disabled for GPU 2 / HCA 1 (distance 5 > 0)
MOC-R4PCC04U05:517094:517224 [1] NCCL INFO GPU Direct RDMA Disabled for GPU 0 / HCA 1 (distance 5 > 0)
MOC-R4PCC04U05:517094:517224 [1] NCCL INFO GPU Direct RDMA Disabled for GPU 1 / HCA 1 (distance 5 > 0)
MOC-R4PCC04U05:517094:517224 [1] NCCL INFO GPU Direct RDMA Disabled for GPU 2 / HCA 1 (distance 5 > 0)
MOC-R4PCC04U05:517093:517199 [0] NCCL INFO NCCL_NET_GDR_LEVEL set by environment to LOC
MOC-R4PCC04U05:517093:517199 [0] NCCL INFO GPU Direct RDMA Disabled for GPU 0 / HCA 1 (distance 5 > 0)
MOC-R4PCC04U05:517093:517199 [0] NCCL INFO GPU Direct RDMA Disabled for GPU 1 / HCA 1 (distance 5 > 0)
MOC-R4PCC04U05:517093:517199 [0] NCCL INFO GPU Direct RDMA Disabled for GPU 2 / HCA 1 (distance 5 > 0)
MOC-R4PCC04U05:517093:517199 [0] NCCL INFO GPU Direct RDMA Disabled for GPU 0 / HCA 1 (distance 5 > 0)
MOC-R4PCC04U05:517093:517199 [0] NCCL INFO GPU Direct RDMA Disabled for GPU 1 / HCA 1 (distance 5 > 0)
MOC-R4PCC04U05:517093:517199 [0] NCCL INFO GPU Direct RDMA Disabled for GPU 2 / HCA 1 (distance 5 > 0)
MOC-R4PCC04U05:517095:517223 [2] NCCL INFO NCCL_NET_GDR_LEVEL set by environment to LOC
MOC-R4PCC04U05:517095:517223 [2] NCCL INFO GPU Direct RDMA Disabled for GPU 0 / HCA 1 (distance 5 > 0)
MOC-R4PCC04U05:517095:517223 [2] NCCL INFO GPU Direct RDMA Disabled for GPU 1 / HCA 1 (distance 5 > 0)
MOC-R4PCC04U05:517095:517223 [2] NCCL INFO GPU Direct RDMA Disabled for GPU 2 / HCA 1 (distance 5 > 0)
MOC-R4PCC04U05:517095:517223 [2] NCCL INFO GPU Direct RDMA Disabled for GPU 0 / HCA 1 (distance 5 > 0)
MOC-R4PCC04U05:517095:517223 [2] NCCL INFO GPU Direct RDMA Disabled for GPU 1 / HCA 1 (distance 5 > 0)
MOC-R4PCC04U05:517095:517223 [2] NCCL INFO GPU Direct RDMA Disabled for GPU 2 / HCA 1 (distance 5 > 0)
MOC-R4PCC04U05:517096:517215 [3] NCCL INFO NCCL_NET_GDR_LEVEL set by environment to LOC
MOC-R4PCC04U05:517096:517215 [3] NCCL INFO GPU Direct RDMA Disabled for GPU 0 / HCA 1 (distance 5 > 0)
MOC-R4PCC04U05:517096:517215 [3] NCCL INFO GPU Direct RDMA Disabled for GPU 1 / HCA 1 (distance 5 > 0)
MOC-R4PCC04U05:517096:517215 [3] NCCL INFO GPU Direct RDMA Disabled for GPU 2 / HCA 1 (distance 5 > 0)
MOC-R4PCC04U05:517096:517215 [3] NCCL INFO GPU Direct RDMA Disabled for GPU 0 / HCA 1 (distance 5 > 0)
MOC-R4PCC04U05:517096:517215 [3] NCCL INFO GPU Direct RDMA Disabled for GPU 1 / HCA 1 (distance 5 > 0)
MOC-R4PCC04U05:517096:517215 [3] NCCL INFO GPU Direct RDMA Disabled for GPU 2 / HCA 1 (distance 5 > 0)
MOC-R4PCC04U05:517095:517238 [2] NCCL INFO New proxy recv connection 0 from local rank 2, transport 0
MOC-R4PCC04U05:517095:517311 [2] NCCL INFO Connected to proxy localRank 2 -> connection 0x7f71f8004f30
MOC-R4PCC04U05:517095:517238 [2] NCCL INFO New proxy recv connection 1 from local rank 2, transport 0
MOC-R4PCC04U05:517095:517311 [2] NCCL INFO Connected to proxy localRank 2 -> connection 0x7f71f8004fa8
MOC-R4PCC04U05:517093:517242 [0] NCCL INFO New proxy send connection 0 from local rank 0, transport 0
MOC-R4PCC04U05:517093:517312 [0] NCCL INFO Connected to proxy localRank 0 -> connection 0x7f8c00004f30
MOC-R4PCC04U05:517093:517242 [0] NCCL INFO New proxy send connection 1 from local rank 0, transport 0
MOC-R4PCC04U05:517093:517312 [0] NCCL INFO Connected to proxy localRank 0 -> connection 0x7f8c00004fa8
MOC-R4PCC04U05:517095:517311 [2] NCCL INFO GPU Direct RDMA Disabled for GPU 2 / HCA 1 (distance 7 > 0)
MOC-R4PCC04U05:517093:517242 [0] NCCL INFO New proxy send connection 2 from local rank 0, transport 0
MOC-R4PCC04U05:517093:517312 [0] NCCL INFO Connected to proxy localRank 0 -> connection 0x7f8c00005020
MOC-R4PCC04U05:517094:517236 [1] NCCL INFO New proxy recv connection 0 from local rank 1, transport 0
MOC-R4PCC04U05:517094:517313 [1] NCCL INFO Connected to proxy localRank 1 -> connection 0x7f1d28004f30
MOC-R4PCC04U05:517093:517242 [0] NCCL INFO New proxy send connection 3 from local rank 0, transport 0
MOC-R4PCC04U05:517093:517312 [0] NCCL INFO Connected to proxy localRank 0 -> connection 0x7f8c00005098
MOC-R4PCC04U05:517094:517236 [1] NCCL INFO New proxy recv connection 1 from local rank 1, transport 0
MOC-R4PCC04U05:517094:517313 [1] NCCL INFO Connected to proxy localRank 1 -> connection 0x7f1d28004fa8
MOC-R4PCC04U05:517096:517237 [3] NCCL INFO New proxy recv connection 0 from local rank 3, transport 0
MOC-R4PCC04U05:517096:517314 [3] NCCL INFO Connected to proxy localRank 3 -> connection 0x7faa14004f30
MOC-R4PCC04U05:517095:517238 [2] NCCL INFO New proxy recv connection 2 from local rank 2, transport 2
MOC-R4PCC04U05:517095:517311 [2] NCCL INFO Connected to proxy localRank 2 -> connection 0x7f71f8005020
MOC-R4PCC04U05:517095:517311 [2] NCCL INFO Channel 00/0 : 11[3] -> 2[2] [receive] via NET/IB/1
MOC-R4PCC04U05:517095:517311 [2] NCCL INFO GPU Direct RDMA Disabled for GPU 2 / HCA 1 (distance 7 > 0)
MOC-R4PCC04U05:517095:517238 [2] NCCL INFO New proxy recv connection 3 from local rank 2, transport 2
MOC-R4PCC04U05:517095:517311 [2] NCCL INFO Connected to proxy localRank 2 -> connection 0x7f71f8005098
MOC-R4PCC04U05:517095:517311 [2] NCCL INFO Channel 02/0 : 11[3] -> 2[2] [receive] via NET/IB/1
MOC-R4PCC04U05:517095:517311 [2] NCCL INFO GPU Direct RDMA Disabled for GPU 2 / HCA 1 (distance 7 > 0)
MOC-R4PCC04U05:517095:517238 [2] NCCL INFO New proxy send connection 4 from local rank 2, transport 2
MOC-R4PCC04U05:517095:517311 [2] NCCL INFO Connected to proxy localRank 2 -> connection 0x7f71f8005110
MOC-R4PCC04U05:517095:517311 [2] NCCL INFO Channel 01/0 : 2[2] -> 7[3] [send] via NET/IB/1
MOC-R4PCC04U05:517095:517311 [2] NCCL INFO GPU Direct RDMA Disabled for GPU 2 / HCA 1 (distance 7 > 0)
MOC-R4PCC04U05:517095:517238 [2] NCCL INFO New proxy send connection 5 from local rank 2, transport 2
MOC-R4PCC04U05:517095:517311 [2] NCCL INFO Connected to proxy localRank 2 -> connection 0x7f71f8005188
MOC-R4PCC04U05:517095:517311 [2] NCCL INFO Channel 03/0 : 2[2] -> 7[3] [send] via NET/IB/1
MOC-R4PCC04U05:517096:517237 [3] NCCL INFO New proxy recv connection 1 from local rank 3, transport 0
MOC-R4PCC04U05:517096:517314 [3] NCCL INFO Connected to proxy localRank 3 -> connection 0x7faa14004fa8
MOC-R4PCC04U05:517096:517314 [3] NCCL INFO GPU Direct RDMA Disabled for GPU 3 / HCA 1 (distance 7 > 0)
MOC-R4PCC04U05:517096:517237 [3] NCCL INFO New proxy send connection 2 from local rank 3, transport 2
MOC-R4PCC04U05:517096:517314 [3] NCCL INFO Connected to proxy localRank 3 -> connection 0x7faa14005020
MOC-R4PCC04U05:517096:517314 [3] NCCL INFO Channel 00/0 : 3[3] -> 6[2] [send] via NET/IB/1
MOC-R4PCC04U05:517096:517314 [3] NCCL INFO GPU Direct RDMA Disabled for GPU 3 / HCA 1 (distance 7 > 0)
MOC-R4PCC04U05:517096:517237 [3] NCCL INFO New proxy send connection 3 from local rank 3, transport 2
MOC-R4PCC04U05:517096:517314 [3] NCCL INFO Connected to proxy localRank 3 -> connection 0x7faa14005098
MOC-R4PCC04U05:517096:517314 [3] NCCL INFO Channel 02/0 : 3[3] -> 6[2] [send] via NET/IB/1
MOC-R4PCC04U05:517093:517242 [0] NCCL INFO New proxy recv connection 4 from local rank 0, transport 0
MOC-R4PCC04U05:517093:517312 [0] NCCL INFO Connected to proxy localRank 0 -> connection 0x7f8c00005110
MOC-R4PCC04U05:517096:517314 [3] NCCL INFO GPU Direct RDMA Disabled for GPU 3 / HCA 1 (distance 7 > 0)
MOC-R4PCC04U05:517096:517237 [3] NCCL INFO New proxy recv connection 4 from local rank 3, transport 2
MOC-R4PCC04U05:517096:517314 [3] NCCL INFO Connected to proxy localRank 3 -> connection 0x7faa14005110
MOC-R4PCC04U05:517096:517314 [3] NCCL INFO Channel 01/0 : 10[2] -> 3[3] [receive] via NET/IB/1
MOC-R4PCC04U05:517096:517314 [3] NCCL INFO GPU Direct RDMA Disabled for GPU 3 / HCA 1 (distance 7 > 0)
MOC-R4PCC04U05:517096:517237 [3] NCCL INFO New proxy recv connection 5 from local rank 3, transport 2
MOC-R4PCC04U05:517096:517314 [3] NCCL INFO Connected to proxy localRank 3 -> connection 0x7faa14005188
MOC-R4PCC04U05:517096:517314 [3] NCCL INFO Channel 03/0 : 10[2] -> 3[3] [receive] via NET/IB/1
MOC-R4PCC04U05:517093:517242 [0] NCCL INFO New proxy recv connection 5 from local rank 0, transport 0
MOC-R4PCC04U05:517093:517312 [0] NCCL INFO Connected to proxy localRank 0 -> connection 0x7f8c00005188
MOC-R4PCC04U05:517093:517242 [0] NCCL INFO New proxy recv connection 6 from local rank 0, transport 0
MOC-R4PCC04U05:517093:517312 [0] NCCL INFO Connected to proxy localRank 0 -> connection 0x7f8c00005200
MOC-R4PCC04U05:517093:517242 [0] NCCL INFO New proxy recv connection 7 from local rank 0, transport 0
MOC-R4PCC04U05:517093:517312 [0] NCCL INFO Connected to proxy localRank 0 -> connection 0x7f8c00005278
MOC-R4PCC04U05:517096:517237 [3] NCCL INFO New proxy send connection 6 from local rank 3, transport 0
MOC-R4PCC04U05:517096:517314 [3] NCCL INFO Connected to proxy localRank 3 -> connection 0x7faa14005200
MOC-R4PCC04U05:517095:517238 [2] NCCL INFO New proxy send connection 6 from local rank 2, transport 0
MOC-R4PCC04U05:517095:517311 [2] NCCL INFO Connected to proxy localRank 2 -> connection 0x7f71f8005200
MOC-R4PCC04U05:517096:517237 [3] NCCL INFO New proxy send connection 7 from local rank 3, transport 0
MOC-R4PCC04U05:517096:517314 [3] NCCL INFO Connected to proxy localRank 3 -> connection 0x7faa14005278
MOC-R4PCC04U05:517095:517238 [2] NCCL INFO New proxy send connection 7 from local rank 2, transport 0
MOC-R4PCC04U05:517095:517311 [2] NCCL INFO Connected to proxy localRank 2 -> connection 0x7f71f8005278
MOC-R4PCC04U05:517094:517236 [1] NCCL INFO New proxy recv connection 2 from local rank 1, transport 0
MOC-R4PCC04U05:517094:517313 [1] NCCL INFO Connected to proxy localRank 1 -> connection 0x7f1d28005020
MOC-R4PCC04U05:517093:517242 [0] NCCL INFO New proxy send connection 8 from local rank 3, transport 0
MOC-R4PCC04U05:517096:517314 [3] NCCL INFO Connected to proxy localRank 0 -> connection 0x7f8c000052f0
MOC-R4PCC04U05:517094:517236 [1] NCCL INFO New proxy recv connection 3 from local rank 1, transport 0
MOC-R4PCC04U05:517094:517313 [1] NCCL INFO Connected to proxy localRank 1 -> connection 0x7f1d28005098
MOC-R4PCC04U05:517094:517236 [1] NCCL INFO New proxy send connection 4 from local rank 1, transport 0
MOC-R4PCC04U05:517094:517313 [1] NCCL INFO Connected to proxy localRank 1 -> connection 0x7f1d28005110
MOC-R4PCC04U05:517094:517236 [1] NCCL INFO New proxy send connection 5 from local rank 1, transport 0
MOC-R4PCC04U05:517094:517313 [1] NCCL INFO Connected to proxy localRank 1 -> connection 0x7f1d28005188
MOC-R4PCC04U05:517094:517236 [1] NCCL INFO New proxy send connection 6 from local rank 1, transport 0
MOC-R4PCC04U05:517094:517313 [1] NCCL INFO Connected to proxy localRank 1 -> connection 0x7f1d28005200
MOC-R4PCC04U05:517094:517236 [1] NCCL INFO New proxy send connection 7 from local rank 1, transport 0
MOC-R4PCC04U05:517094:517313 [1] NCCL INFO Connected to proxy localRank 1 -> connection 0x7f1d28005278
MOC-R4PCC04U05:517094:517236 [1] NCCL INFO New proxy send connection 8 from local rank 3, transport 0
MOC-R4PCC04U05:517096:517314 [3] NCCL INFO Connected to proxy localRank 1 -> connection 0x7f1d280052f0
MOC-R4PCC04U05:517096:517237 [3] NCCL INFO New proxy send connection 8 from local rank 1, transport 0
MOC-R4PCC04U05:517094:517313 [1] NCCL INFO Connected to proxy localRank 3 -> connection 0x7faa140052f0
MOC-R4PCC04U05:517093:517242 [0] NCCL INFO New proxy send connection 9 from local rank 2, transport 0
MOC-R4PCC04U05:517095:517311 [2] NCCL INFO Connected to proxy localRank 0 -> connection 0x7f8c00005368
MOC-R4PCC04U05:517095:517238 [2] NCCL INFO New proxy send connection 8 from local rank 0, transport 0
MOC-R4PCC04U05:517093:517312 [0] NCCL INFO Connected to proxy localRank 2 -> connection 0x7f71f80052f0
MOC-R4PCC04U05:517093:517242 [0] NCCL INFO New proxy send connection 10 from local rank 1, transport 0
MOC-R4PCC04U05:517094:517313 [1] NCCL INFO Connected to proxy localRank 0 -> connection 0x7f8c000053e0
MOC-R4PCC04U05:517094:517236 [1] NCCL INFO New proxy send connection 9 from local rank 2, transport 0
MOC-R4PCC04U05:517095:517311 [2] NCCL INFO Connected to proxy localRank 1 -> connection 0x7f1d28005368
MOC-R4PCC04U05:517096:517237 [3] NCCL INFO NET/IB: NCCL Dev 1 IbDev 0 Port 1 qpn 7922 mtu 3 query_ece={supported=1, vendor_id=0x15b3, options=0x30000002, comp_mask=0x0} GID 3 (0/C132A8C0FFFF0000) fifoRkey=0x17904f fifoLkey=0x17904f
MOC-R4PCC04U05:517095:517238 [2] NCCL INFO NET/IB: NCCL Dev 1 IbDev 0 Port 1 qpn 7923 mtu 3 query_ece={supported=1, vendor_id=0x15b3, options=0x30000002, comp_mask=0x0} GID 3 (0/C132A8C0FFFF0000) fifoRkey=0x17ecab fifoLkey=0x17ecab
MOC-R4PCC04U05:517096:517237 [3] NCCL INFO NET/IB: NCCL Dev 1 IbDev 0 Port 1 qpn 7924 mtu 3 query_ece={supported=1, vendor_id=0x15b3, options=0x30000002, comp_mask=0x0} GID 3 (0/C132A8C0FFFF0000) fifoRkey=0x179c5b fifoLkey=0x179c5b
MOC-R4PCC04U05:517096:517237 [3] NCCL INFO New proxy send connection 9 from local rank 0, transport 0
MOC-R4PCC04U05:517093:517312 [0] NCCL INFO Connected to proxy localRank 3 -> connection 0x7faa14005368
MOC-R4PCC04U05:517095:517238 [2] NCCL INFO NET/IB: NCCL Dev 1 IbDev 0 Port 1 qpn 7925 mtu 3 query_ece={supported=1, vendor_id=0x15b3, options=0x30000002, comp_mask=0x0} GID 3 (0/C132A8C0FFFF0000) fifoRkey=0x17601f fifoLkey=0x17601f
MOC-R4PCC04U05:517096:517237 [3] NCCL INFO NET/IB: IbDev 0 Port 1 qpn 7982 set_ece={supported=1, vendor_id=0x15b3, options=0x0, comp_mask=0x0}
MOC-R4PCC04U05:517095:517238 [2] NCCL INFO NET/IB: IbDev 0 Port 1 qpn 7983 set_ece={supported=1, vendor_id=0x15b3, options=0x0, comp_mask=0x0}
MOC-R4PCC04U05:517096:517237 [3] NCCL INFO NET/IB: IbDev 0 Port 1 qpn 7986 set_ece={supported=1, vendor_id=0x15b3, options=0x0, comp_mask=0x0}
MOC-R4PCC04U05:517095:517238 [2] NCCL INFO NET/IB: IbDev 0 Port 1 qpn 7988 set_ece={supported=1, vendor_id=0x15b3, options=0x0, comp_mask=0x0}
MOC-R4PCC04U05:517094:517236 [1] NCCL INFO New proxy send connection 10 from local rank 0, transport 0
MOC-R4PCC04U05:517093:517312 [0] NCCL INFO Connected to proxy localRank 1 -> connection 0x7f1d280053e0
MOC-R4PCC04U05:517095:517238 [2] NCCL INFO New proxy send connection 9 from local rank 1, transport 0
MOC-R4PCC04U05:517094:517313 [1] NCCL INFO Connected to proxy localRank 2 -> connection 0x7f71f8005368
num decayed parameter tensors: 50, with 124,318,464 parameters
num non-decayed parameter tensors: 98, with 121,344 parameters
using fused AdamW: False
using regular AdamW
MOC-R4PCC04U05:517096:517237 [3] NCCL INFO New proxy recv connection 10 from local rank 3, transport 0
MOC-R4PCC04U05:517096:517938 [3] NCCL INFO Connected to proxy localRank 3 -> connection 0x7faa140053e0
MOC-R4PCC04U05:517096:517237 [3] NCCL INFO New proxy recv connection 11 from local rank 3, transport 0
MOC-R4PCC04U05:517096:517938 [3] NCCL INFO Connected to proxy localRank 3 -> connection 0x7faa14005458
MOC-R4PCC04U05:517093:517242 [0] NCCL INFO New proxy send connection 11 from local rank 0, transport 0
MOC-R4PCC04U05:517093:517939 [0] NCCL INFO Connected to proxy localRank 0 -> connection 0x7f8c00005458
MOC-R4PCC04U05:517093:517242 [0] NCCL INFO New proxy send connection 12 from local rank 0, transport 0
MOC-R4PCC04U05:517093:517939 [0] NCCL INFO Connected to proxy localRank 0 -> connection 0x7f8c000054d0
MOC-R4PCC04U05:517093:517242 [0] NCCL INFO New proxy send connection 13 from local rank 0, transport 0
MOC-R4PCC04U05:517093:517939 [0] NCCL INFO Connected to proxy localRank 0 -> connection 0x7f8c00005548
MOC-R4PCC04U05:517093:517242 [0] NCCL INFO New proxy send connection 14 from local rank 0, transport 0
MOC-R4PCC04U05:517093:517939 [0] NCCL INFO Connected to proxy localRank 0 -> connection 0x7f8c000055c0
MOC-R4PCC04U05:517095:517238 [2] NCCL INFO New proxy recv connection 10 from local rank 2, transport 0
MOC-R4PCC04U05:517095:517940 [2] NCCL INFO Connected to proxy localRank 2 -> connection 0x7f71f80053e0
MOC-R4PCC04U05:517095:517238 [2] NCCL INFO New proxy recv connection 11 from local rank 2, transport 0
MOC-R4PCC04U05:517095:517940 [2] NCCL INFO Connected to proxy localRank 2 -> connection 0x7f71f8005458
MOC-R4PCC04U05:517095:517238 [2] NCCL INFO New proxy recv connection 12 from local rank 2, transport 0
MOC-R4PCC04U05:517095:517940 [2] NCCL INFO Connected to proxy localRank 2 -> connection 0x7f71f80054d0
MOC-R4PCC04U05:517095:517238 [2] NCCL INFO New proxy recv connection 13 from local rank 2, transport 0
MOC-R4PCC04U05:517095:517940 [2] NCCL INFO Connected to proxy localRank 2 -> connection 0x7f71f8005548
MOC-R4PCC04U05:517094:517236 [1] NCCL INFO New proxy recv connection 11 from local rank 1, transport 0
MOC-R4PCC04U05:517094:517941 [1] NCCL INFO Connected to proxy localRank 1 -> connection 0x7f1d28005458
MOC-R4PCC04U05:517094:517236 [1] NCCL INFO New proxy recv connection 12 from local rank 1, transport 0
MOC-R4PCC04U05:517094:517941 [1] NCCL INFO Connected to proxy localRank 1 -> connection 0x7f1d280054d0
MOC-R4PCC04U05:517094:517236 [1] NCCL INFO New proxy recv connection 13 from local rank 1, transport 0
MOC-R4PCC04U05:517094:517941 [1] NCCL INFO Connected to proxy localRank 1 -> connection 0x7f1d28005548
MOC-R4PCC04U05:517094:517236 [1] NCCL INFO New proxy recv connection 14 from local rank 1, transport 0
MOC-R4PCC04U05:517094:517941 [1] NCCL INFO Connected to proxy localRank 1 -> connection 0x7f1d280055c0
MOC-R4PCC04U05:517094:517236 [1] NCCL INFO New proxy send connection 15 from local rank 1, transport 0
MOC-R4PCC04U05:517094:517941 [1] NCCL INFO Connected to proxy localRank 1 -> connection 0x7f1d28005638
MOC-R4PCC04U05:517094:517236 [1] NCCL INFO New proxy send connection 16 from local rank 1, transport 0
MOC-R4PCC04U05:517094:517941 [1] NCCL INFO Connected to proxy localRank 1 -> connection 0x7f1d280056b0
MOC-R4PCC04U05:517094:517236 [1] NCCL INFO New proxy send connection 17 from local rank 1, transport 0
MOC-R4PCC04U05:517094:517941 [1] NCCL INFO Connected to proxy localRank 1 -> connection 0x7f1d28005728
MOC-R4PCC04U05:517094:517236 [1] NCCL INFO New proxy send connection 18 from local rank 1, transport 0
MOC-R4PCC04U05:517094:517941 [1] NCCL INFO Connected to proxy localRank 1 -> connection 0x7f1d280057a0
MOC-R4PCC04U05:517094:517236 [1] NCCL INFO New proxy recv connection 19 from local rank 1, transport 0
MOC-R4PCC04U05:517093:517242 [0] NCCL INFO New proxy send connection 15 from local rank 0, transport 0
MOC-R4PCC04U05:517094:517941 [1] NCCL INFO Connected to proxy localRank 1 -> connection 0x7f1d28005818
MOC-R4PCC04U05:517093:517939 [0] NCCL INFO Connected to proxy localRank 0 -> connection 0x7f8c00005638
MOC-R4PCC04U05:517095:517238 [2] NCCL INFO New proxy send connection 14 from local rank 2, transport 0
MOC-R4PCC04U05:517095:517940 [2] NCCL INFO Connected to proxy localRank 2 -> connection 0x7f71f80055c0
MOC-R4PCC04U05:517094:517236 [1] NCCL INFO New proxy recv connection 20 from local rank 1, transport 0
MOC-R4PCC04U05:517094:517941 [1] NCCL INFO Connected to proxy localRank 1 -> connection 0x7f1d28005890
MOC-R4PCC04U05:517093:517242 [0] NCCL INFO New proxy send connection 16 from local rank 0, transport 0
MOC-R4PCC04U05:517095:517238 [2] NCCL INFO New proxy send connection 15 from local rank 2, transport 0
MOC-R4PCC04U05:517093:517939 [0] NCCL INFO Connected to proxy localRank 0 -> connection 0x7f8c000056b0
MOC-R4PCC04U05:517095:517940 [2] NCCL INFO Connected to proxy localRank 2 -> connection 0x7f71f8005638
MOC-R4PCC04U05:517093:517242 [0] NCCL INFO New proxy recv connection 17 from local rank 0, transport 0
MOC-R4PCC04U05:517093:517939 [0] NCCL INFO Connected to proxy localRank 0 -> connection 0x7f8c00005728
MOC-R4PCC04U05:517096:517938 [3] NCCL INFO GPU Direct RDMA Disabled for GPU 3 / HCA 1 (distance 7 > 0)
MOC-R4PCC04U05:517096:517237 [3] NCCL INFO New proxy recv connection 12 from local rank 3, transport 2
MOC-R4PCC04U05:517096:517938 [3] NCCL INFO Connected to proxy localRank 3 -> connection 0x7faa140054d0
MOC-R4PCC04U05:517093:517242 [0] NCCL INFO New proxy recv connection 18 from local rank 0, transport 0
MOC-R4PCC04U05:517093:517939 [0] NCCL INFO Connected to proxy localRank 0 -> connection 0x7f8c000057a0
MOC-R4PCC04U05:517096:517938 [3] NCCL INFO Channel 00/0 : 11[3] -> 3[3] [receive] via NET/IB/1
MOC-R4PCC04U05:517096:517938 [3] NCCL INFO GPU Direct RDMA Disabled for GPU 3 / HCA 1 (distance 7 > 0)
MOC-R4PCC04U05:517096:517237 [3] NCCL INFO New proxy recv connection 13 from local rank 3, transport 2
MOC-R4PCC04U05:517096:517938 [3] NCCL INFO Connected to proxy localRank 3 -> connection 0x7faa14005548
MOC-R4PCC04U05:517096:517938 [3] NCCL INFO Channel 01/0 : 11[3] -> 3[3] [receive] via NET/IB/1
MOC-R4PCC04U05:517096:517938 [3] NCCL INFO GPU Direct RDMA Disabled for GPU 3 / HCA 1 (distance 7 > 0)
MOC-R4PCC04U05:517096:517237 [3] NCCL INFO New proxy recv connection 14 from local rank 3, transport 2
MOC-R4PCC04U05:517096:517938 [3] NCCL INFO Connected to proxy localRank 3 -> connection 0x7faa140055c0
MOC-R4PCC04U05:517096:517938 [3] NCCL INFO Channel 02/0 : 11[3] -> 3[3] [receive] via NET/IB/1
MOC-R4PCC04U05:517096:517938 [3] NCCL INFO GPU Direct RDMA Disabled for GPU 3 / HCA 1 (distance 7 > 0)
MOC-R4PCC04U05:517096:517237 [3] NCCL INFO New proxy recv connection 15 from local rank 3, transport 2
MOC-R4PCC04U05:517096:517938 [3] NCCL INFO Connected to proxy localRank 3 -> connection 0x7faa14005638
MOC-R4PCC04U05:517096:517938 [3] NCCL INFO Channel 03/0 : 11[3] -> 3[3] [receive] via NET/IB/1
MOC-R4PCC04U05:517096:517938 [3] NCCL INFO GPU Direct RDMA Disabled for GPU 3 / HCA 1 (distance 7 > 0)
MOC-R4PCC04U05:517096:517237 [3] NCCL INFO New proxy send connection 16 from local rank 3, transport 2
MOC-R4PCC04U05:517096:517938 [3] NCCL INFO Connected to proxy localRank 3 -> connection 0x7faa140056b0
MOC-R4PCC04U05:517096:517938 [3] NCCL INFO Channel 02/0 : 3[3] -> 7[3] [send] via NET/IB/1
MOC-R4PCC04U05:517096:517938 [3] NCCL INFO GPU Direct RDMA Disabled for GPU 3 / HCA 1 (distance 7 > 0)
MOC-R4PCC04U05:517096:517237 [3] NCCL INFO New proxy send connection 17 from local rank 3, transport 2
MOC-R4PCC04U05:517096:517938 [3] NCCL INFO Connected to proxy localRank 3 -> connection 0x7faa14005728
MOC-R4PCC04U05:517096:517938 [3] NCCL INFO Channel 03/0 : 3[3] -> 7[3] [send] via NET/IB/1
MOC-R4PCC04U05:517093:517242 [0] NCCL INFO New proxy recv connection 19 from local rank 0, transport 0
MOC-R4PCC04U05:517093:517939 [0] NCCL INFO Connected to proxy localRank 0 -> connection 0x7f8c00005818
MOC-R4PCC04U05:517093:517242 [0] NCCL INFO New proxy recv connection 20 from local rank 0, transport 0
MOC-R4PCC04U05:517093:517939 [0] NCCL INFO Connected to proxy localRank 0 -> connection 0x7f8c00005890
MOC-R4PCC04U05:517096:517938 [3] NCCL INFO GPU Direct RDMA Disabled for GPU 3 / HCA 1 (distance 7 > 0)
MOC-R4PCC04U05:517096:517237 [3] NCCL INFO New proxy recv connection 18 from local rank 3, transport 2
MOC-R4PCC04U05:517096:517938 [3] NCCL INFO Connected to proxy localRank 3 -> connection 0x7faa140057a0
MOC-R4PCC04U05:517096:517938 [3] NCCL INFO Channel 02/0 : 7[3] -> 3[3] [receive] via NET/IB/1
MOC-R4PCC04U05:517096:517938 [3] NCCL INFO GPU Direct RDMA Disabled for GPU 3 / HCA 1 (distance 7 > 0)
MOC-R4PCC04U05:517096:517237 [3] NCCL INFO New proxy recv connection 19 from local rank 3, transport 2
MOC-R4PCC04U05:517096:517938 [3] NCCL INFO Connected to proxy localRank 3 -> connection 0x7faa14005818
MOC-R4PCC04U05:517096:517938 [3] NCCL INFO Channel 03/0 : 7[3] -> 3[3] [receive] via NET/IB/1
MOC-R4PCC04U05:517096:517938 [3] NCCL INFO GPU Direct RDMA Disabled for GPU 3 / HCA 1 (distance 7 > 0)
MOC-R4PCC04U05:517096:517237 [3] NCCL INFO New proxy send connection 20 from local rank 3, transport 2
MOC-R4PCC04U05:517096:517938 [3] NCCL INFO Connected to proxy localRank 3 -> connection 0x7faa14005890
MOC-R4PCC04U05:517096:517938 [3] NCCL INFO Channel 00/0 : 3[3] -> 11[3] [send] via NET/IB/1
MOC-R4PCC04U05:517096:517938 [3] NCCL INFO GPU Direct RDMA Disabled for GPU 3 / HCA 1 (distance 7 > 0)
MOC-R4PCC04U05:517096:517237 [3] NCCL INFO New proxy send connection 21 from local rank 3, transport 2
MOC-R4PCC04U05:517096:517938 [3] NCCL INFO Connected to proxy localRank 3 -> connection 0x7faa14005908
MOC-R4PCC04U05:517096:517938 [3] NCCL INFO Channel 01/0 : 3[3] -> 11[3] [send] via NET/IB/1
MOC-R4PCC04U05:517096:517938 [3] NCCL INFO GPU Direct RDMA Disabled for GPU 3 / HCA 1 (distance 7 > 0)
MOC-R4PCC04U05:517096:517237 [3] NCCL INFO New proxy send connection 22 from local rank 3, transport 2
MOC-R4PCC04U05:517096:517938 [3] NCCL INFO Connected to proxy localRank 3 -> connection 0x7faa14005980
MOC-R4PCC04U05:517096:517938 [3] NCCL INFO Channel 02/0 : 3[3] -> 11[3] [send] via NET/IB/1
MOC-R4PCC04U05:517096:517938 [3] NCCL INFO GPU Direct RDMA Disabled for GPU 3 / HCA 1 (distance 7 > 0)
MOC-R4PCC04U05:517096:517237 [3] NCCL INFO New proxy send connection 23 from local rank 3, transport 2
MOC-R4PCC04U05:517096:517938 [3] NCCL INFO Connected to proxy localRank 3 -> connection 0x7faa140059f8
MOC-R4PCC04U05:517096:517938 [3] NCCL INFO Channel 03/0 : 3[3] -> 11[3] [send] via NET/IB/1
MOC-R4PCC04U05:517096:517237 [3] NCCL INFO New proxy send connection 24 from local rank 3, transport 0
MOC-R4PCC04U05:517096:517938 [3] NCCL INFO Connected to proxy localRank 3 -> connection 0x7faa14005a70
MOC-R4PCC04U05:517096:517237 [3] NCCL INFO New proxy send connection 25 from local rank 3, transport 0
MOC-R4PCC04U05:517096:517938 [3] NCCL INFO Connected to proxy localRank 3 -> connection 0x7faa14005ae8
MOC-R4PCC04U05:517096:517237 [3] NCCL INFO New proxy send connection 26 from local rank 3, transport 0
MOC-R4PCC04U05:517096:517938 [3] NCCL INFO Connected to proxy localRank 3 -> connection 0x7faa14005b60
MOC-R4PCC04U05:517096:517237 [3] NCCL INFO New proxy send connection 27 from local rank 3, transport 0
MOC-R4PCC04U05:517096:517938 [3] NCCL INFO Connected to proxy localRank 3 -> connection 0x7faa14005bd8
MOC-R4PCC04U05:517096:517237 [3] NCCL INFO NET/IB: NCCL Dev 1 IbDev 0 Port 1 qpn 7934 mtu 3 query_ece={supported=1, vendor_id=0x15b3, options=0x30000002, comp_mask=0x0} GID 3 (0/C132A8C0FFFF0000) fifoRkey=0x17a767 fifoLkey=0x17a767
MOC-R4PCC04U05:517096:517237 [3] NCCL INFO NET/IB: NCCL Dev 1 IbDev 0 Port 1 qpn 7935 mtu 3 query_ece={supported=1, vendor_id=0x15b3, options=0x30000002, comp_mask=0x0} GID 3 (0/C132A8C0FFFF0000) fifoRkey=0x176c2b fifoLkey=0x176c2b
MOC-R4PCC04U05:517096:517237 [3] NCCL INFO NET/IB: IbDev 0 Port 1 qpn 7996 set_ece={supported=1, vendor_id=0x15b3, options=0x0, comp_mask=0x0}
MOC-R4PCC04U05:517096:517237 [3] NCCL INFO NET/IB: IbDev 0 Port 1 qpn 7998 set_ece={supported=1, vendor_id=0x15b3, options=0x0, comp_mask=0x0}
MOC-R4PCC04U05:517096:517237 [3] NCCL INFO NET/IB: NCCL Dev 1 IbDev 0 Port 1 qpn 7944 mtu 3 query_ece={supported=1, vendor_id=0x15b3, options=0x30000002, comp_mask=0x0} GID 3 (0/C132A8C0FFFF0000) fifoRkey=0x178443 fifoLkey=0x178443
MOC-R4PCC04U05:517096:517237 [3] NCCL INFO NET/IB: NCCL Dev 1 IbDev 0 Port 1 qpn 7947 mtu 3 query_ece={supported=1, vendor_id=0x15b3, options=0x30000002, comp_mask=0x0} GID 3 (0/C132A8C0FFFF0000) fifoRkey=0x170bca fifoLkey=0x170bca
MOC-R4PCC04U05:517096:517237 [3] NCCL INFO NET/IB: IbDev 0 Port 1 qpn 3857 set_ece={supported=1, vendor_id=0x15b3, options=0x0, comp_mask=0x0}
MOC-R4PCC04U05:517096:517237 [3] NCCL INFO NET/IB: NCCL Dev 1 IbDev 0 Port 1 qpn 7948 mtu 3 query_ece={supported=1, vendor_id=0x15b3, options=0x30000002, comp_mask=0x0} GID 3 (0/C132A8C0FFFF0000) fifoRkey=0x17e1a0 fifoLkey=0x17e1a0
MOC-R4PCC04U05:517096:517237 [3] NCCL INFO NET/IB: NCCL Dev 1 IbDev 0 Port 1 qpn 7949 mtu 3 query_ece={supported=1, vendor_id=0x15b3, options=0x30000002, comp_mask=0x0} GID 3 (0/C132A8C0FFFF0000) fifoRkey=0x175412 fifoLkey=0x175412
MOC-R4PCC04U05:517096:517237 [3] NCCL INFO NET/IB: IbDev 0 Port 1 qpn 3860 set_ece={supported=1, vendor_id=0x15b3, options=0x0, comp_mask=0x0}
MOC-R4PCC04U05:517096:517237 [3] NCCL INFO NET/IB: IbDev 0 Port 1 qpn 3862 set_ece={supported=1, vendor_id=0x15b3, options=0x0, comp_mask=0x0}
MOC-R4PCC04U05:517096:517237 [3] NCCL INFO NET/IB: IbDev 0 Port 1 qpn 3864 set_ece={supported=1, vendor_id=0x15b3, options=0x0, comp_mask=0x0}
step    1/10 | train loss 11.010328 | norm 15.4838 | lr 1.00e-04 | (14506.17 ms | 81320 tok/s)
step    2/10 | train loss 10.133747 | norm 5.7668 | lr 1.00e-04 | (276.56 ms | 4265494 tok/s)
step    3/10 | train loss 9.791643 | norm 2.6214 | lr 1.00e-04 | (275.38 ms | 4283693 tok/s)
step    4/10 | train loss 9.621454 | norm 2.1220 | lr 1.00e-04 | (274.61 ms | 4295776 tok/s)
step    5/10 | train loss 9.538268 | norm 2.1105 | lr 1.00e-04 | (276.67 ms | 4263810 tok/s)
step    6/10 | train loss 9.456856 | norm 2.0044 | lr 1.00e-04 | (276.68 ms | 4263505 tok/s)
step    7/10 | train loss 9.371300 | norm 1.9533 | lr 1.00e-04 | (274.44 ms | 4298437 tok/s)
step    8/10 | train loss 9.279755 | norm 1.9214 | lr 1.00e-04 | (273.90 ms | 4306897 tok/s)
step    9/10 | train loss 9.184246 | norm 1.8719 | lr 1.00e-04 | (275.03 ms | 4289222 tok/s)
step   10/10 | train loss 9.096457 | norm 1.7977 | lr 1.00e-04 | (274.22 ms | 4301846 tok/s)
final 9 iters avg: 275.275ms
peak memory consumption: 16601 MiB
