Running pytorch 2.7.0+cu126
using device: cuda:0
total desired batch size: 2752512
=> calculated gradient accumulation steps: 7
using device: cuda:3
using device: cuda:1
using device: cuda:2
compiling the model...
DataLoader: total number of tokens: 1,661,249,667 across 103 files
MOC-R4PCC04U05:499444:499444 [0] NCCL INFO NCCL_SOCKET_IFNAME set to eno7np0
MOC-R4PCC04U05:499444:499444 [0] NCCL INFO NCCL version 2.26.2+cuda12.2
MOC-R4PCC04U05:499444:499553 [0] NCCL INFO NET/Plugin: Could not find: libnccl-net.so. Using internal net plugin.
MOC-R4PCC04U05:499444:499553 [0] NCCL INFO NCCL_IB_HCA set to mlx5_5
MOC-R4PCC04U05:499447:499447 [3] NCCL INFO NCCL_SOCKET_IFNAME set to eno7np0
MOC-R4PCC04U05:499447:499447 [3] NCCL INFO NCCL version 2.26.2+cuda12.2
MOC-R4PCC04U05:499444:499553 [0] NCCL INFO NET/IB : Made virtual device [0] name=mlx5_5 speed=400000 ndevs=1
MOC-R4PCC04U05:499444:499553 [0] NCCL INFO NET/IB : Using [0]mlx5_5:1/RoCE [RO]; OOB eno7np0:192.168.50.193<0>
MOC-R4PCC04U05:499446:499446 [2] NCCL INFO NCCL_SOCKET_IFNAME set to eno7np0
MOC-R4PCC04U05:499446:499446 [2] NCCL INFO NCCL version 2.26.2+cuda12.2
MOC-R4PCC04U05:499445:499445 [1] NCCL INFO NCCL_SOCKET_IFNAME set to eno7np0
MOC-R4PCC04U05:499445:499445 [1] NCCL INFO NCCL version 2.26.2+cuda12.2
MOC-R4PCC04U05:499447:499575 [3] NCCL INFO NET/Plugin: Could not find: libnccl-net.so. Using internal net plugin.
MOC-R4PCC04U05:499447:499575 [3] NCCL INFO NCCL_IB_HCA set to mlx5_5
MOC-R4PCC04U05:499447:499575 [3] NCCL INFO NET/IB : Made virtual device [0] name=mlx5_5 speed=400000 ndevs=1
MOC-R4PCC04U05:499447:499575 [3] NCCL INFO NET/IB : Using [0]mlx5_5:1/RoCE [RO]; OOB eno7np0:192.168.50.193<0>
MOC-R4PCC04U05:499446:499577 [2] NCCL INFO NET/Plugin: Could not find: libnccl-net.so. Using internal net plugin.
MOC-R4PCC04U05:499446:499577 [2] NCCL INFO NCCL_IB_HCA set to mlx5_5
MOC-R4PCC04U05:499445:499578 [1] NCCL INFO NET/Plugin: Could not find: libnccl-net.so. Using internal net plugin.
MOC-R4PCC04U05:499445:499578 [1] NCCL INFO NCCL_IB_HCA set to mlx5_5
MOC-R4PCC04U05:499446:499577 [2] NCCL INFO NET/IB : Made virtual device [0] name=mlx5_5 speed=400000 ndevs=1
MOC-R4PCC04U05:499446:499577 [2] NCCL INFO NET/IB : Using [0]mlx5_5:1/RoCE [RO]; OOB eno7np0:192.168.50.193<0>
MOC-R4PCC04U05:499445:499578 [1] NCCL INFO NET/IB : Made virtual device [0] name=mlx5_5 speed=400000 ndevs=1
MOC-R4PCC04U05:499445:499578 [1] NCCL INFO NET/IB : Using [0]mlx5_5:1/RoCE [RO]; OOB eno7np0:192.168.50.193<0>
MOC-R4PCC04U05:499444:499553 [0] NCCL INFO NET/IB : GPU Direct RDMA Enabled for HCA 0 'mlx5_5'
MOC-R4PCC04U05:499444:499553 [0] NCCL INFO NET/IB : Made virtual device [1] name=mlx5_5 speed=400000 ndevs=1
MOC-R4PCC04U05:499444:499553 [0] NCCL INFO NET/IB : GPU Direct RDMA Enabled for HCA 0 'mlx5_5'
MOC-R4PCC04U05:499444:499553 [0] NCCL INFO NET/IB : GPU Direct RDMA Enabled for HCA 1 'mlx5_5'
MOC-R4PCC04U05:499445:499578 [1] NCCL INFO NET/IB : GPU Direct RDMA Enabled for HCA 0 'mlx5_5'
MOC-R4PCC04U05:499445:499578 [1] NCCL INFO NET/IB : Made virtual device [1] name=mlx5_5 speed=400000 ndevs=1
MOC-R4PCC04U05:499445:499578 [1] NCCL INFO NET/IB : GPU Direct RDMA Enabled for HCA 0 'mlx5_5'
MOC-R4PCC04U05:499445:499578 [1] NCCL INFO NET/IB : GPU Direct RDMA Enabled for HCA 1 'mlx5_5'
MOC-R4PCC04U05:499447:499575 [3] NCCL INFO NET/IB : GPU Direct RDMA Enabled for HCA 0 'mlx5_5'
MOC-R4PCC04U05:499447:499575 [3] NCCL INFO NET/IB : Made virtual device [1] name=mlx5_5 speed=400000 ndevs=1
MOC-R4PCC04U05:499447:499575 [3] NCCL INFO NET/IB : GPU Direct RDMA Enabled for HCA 0 'mlx5_5'
MOC-R4PCC04U05:499447:499575 [3] NCCL INFO NET/IB : GPU Direct RDMA Enabled for HCA 1 'mlx5_5'
MOC-R4PCC04U05:499446:499577 [2] NCCL INFO NET/IB : GPU Direct RDMA Enabled for HCA 0 'mlx5_5'
MOC-R4PCC04U05:499446:499577 [2] NCCL INFO NET/IB : Made virtual device [1] name=mlx5_5 speed=400000 ndevs=1
MOC-R4PCC04U05:499446:499577 [2] NCCL INFO NET/IB : GPU Direct RDMA Enabled for HCA 0 'mlx5_5'
MOC-R4PCC04U05:499446:499577 [2] NCCL INFO NET/IB : GPU Direct RDMA Enabled for HCA 1 'mlx5_5'
MOC-R4PCC04U05:499444:499553 [0] NCCL INFO NCCL_NET_GDR_LEVEL set by environment to LOC
MOC-R4PCC04U05:499444:499553 [0] NCCL INFO GPU Direct RDMA Disabled for GPU 0 / HCA 1 (distance 5 > 0)
MOC-R4PCC04U05:499444:499553 [0] NCCL INFO GPU Direct RDMA Disabled for GPU 1 / HCA 1 (distance 5 > 0)
MOC-R4PCC04U05:499444:499553 [0] NCCL INFO GPU Direct RDMA Disabled for GPU 2 / HCA 1 (distance 5 > 0)
MOC-R4PCC04U05:499444:499553 [0] NCCL INFO GPU Direct RDMA Disabled for GPU 0 / HCA 1 (distance 5 > 0)
MOC-R4PCC04U05:499444:499553 [0] NCCL INFO GPU Direct RDMA Disabled for GPU 1 / HCA 1 (distance 5 > 0)
MOC-R4PCC04U05:499444:499553 [0] NCCL INFO GPU Direct RDMA Disabled for GPU 2 / HCA 1 (distance 5 > 0)
MOC-R4PCC04U05:499445:499578 [1] NCCL INFO NCCL_NET_GDR_LEVEL set by environment to LOC
MOC-R4PCC04U05:499445:499578 [1] NCCL INFO GPU Direct RDMA Disabled for GPU 0 / HCA 1 (distance 5 > 0)
MOC-R4PCC04U05:499445:499578 [1] NCCL INFO GPU Direct RDMA Disabled for GPU 1 / HCA 1 (distance 5 > 0)
MOC-R4PCC04U05:499445:499578 [1] NCCL INFO GPU Direct RDMA Disabled for GPU 2 / HCA 1 (distance 5 > 0)
MOC-R4PCC04U05:499447:499575 [3] NCCL INFO NCCL_NET_GDR_LEVEL set by environment to LOC
MOC-R4PCC04U05:499447:499575 [3] NCCL INFO GPU Direct RDMA Disabled for GPU 0 / HCA 1 (distance 5 > 0)
MOC-R4PCC04U05:499447:499575 [3] NCCL INFO GPU Direct RDMA Disabled for GPU 1 / HCA 1 (distance 5 > 0)
MOC-R4PCC04U05:499447:499575 [3] NCCL INFO GPU Direct RDMA Disabled for GPU 2 / HCA 1 (distance 5 > 0)
MOC-R4PCC04U05:499445:499578 [1] NCCL INFO GPU Direct RDMA Disabled for GPU 0 / HCA 1 (distance 5 > 0)
MOC-R4PCC04U05:499445:499578 [1] NCCL INFO GPU Direct RDMA Disabled for GPU 1 / HCA 1 (distance 5 > 0)
MOC-R4PCC04U05:499445:499578 [1] NCCL INFO GPU Direct RDMA Disabled for GPU 2 / HCA 1 (distance 5 > 0)
MOC-R4PCC04U05:499447:499575 [3] NCCL INFO GPU Direct RDMA Disabled for GPU 0 / HCA 1 (distance 5 > 0)
MOC-R4PCC04U05:499447:499575 [3] NCCL INFO GPU Direct RDMA Disabled for GPU 1 / HCA 1 (distance 5 > 0)
MOC-R4PCC04U05:499447:499575 [3] NCCL INFO GPU Direct RDMA Disabled for GPU 2 / HCA 1 (distance 5 > 0)
MOC-R4PCC04U05:499446:499577 [2] NCCL INFO NCCL_NET_GDR_LEVEL set by environment to LOC
MOC-R4PCC04U05:499446:499577 [2] NCCL INFO GPU Direct RDMA Disabled for GPU 0 / HCA 1 (distance 5 > 0)
MOC-R4PCC04U05:499446:499577 [2] NCCL INFO GPU Direct RDMA Disabled for GPU 1 / HCA 1 (distance 5 > 0)
MOC-R4PCC04U05:499446:499577 [2] NCCL INFO GPU Direct RDMA Disabled for GPU 2 / HCA 1 (distance 5 > 0)
MOC-R4PCC04U05:499446:499577 [2] NCCL INFO GPU Direct RDMA Disabled for GPU 0 / HCA 1 (distance 5 > 0)
MOC-R4PCC04U05:499446:499577 [2] NCCL INFO GPU Direct RDMA Disabled for GPU 1 / HCA 1 (distance 5 > 0)
MOC-R4PCC04U05:499446:499577 [2] NCCL INFO GPU Direct RDMA Disabled for GPU 2 / HCA 1 (distance 5 > 0)
MOC-R4PCC04U05:499444:499591 [0] NCCL INFO New proxy send connection 0 from local rank 0, transport 0
MOC-R4PCC04U05:499444:499598 [0] NCCL INFO Connected to proxy localRank 0 -> connection 0x7fa3dc004f30
MOC-R4PCC04U05:499444:499591 [0] NCCL INFO New proxy send connection 1 from local rank 0, transport 0
MOC-R4PCC04U05:499444:499598 [0] NCCL INFO Connected to proxy localRank 0 -> connection 0x7fa3dc004fa8
MOC-R4PCC04U05:499447:499590 [3] NCCL INFO New proxy recv connection 0 from local rank 3, transport 0
MOC-R4PCC04U05:499447:499599 [3] NCCL INFO Connected to proxy localRank 3 -> connection 0x7fba20004f30
MOC-R4PCC04U05:499447:499590 [3] NCCL INFO New proxy recv connection 1 from local rank 3, transport 0
MOC-R4PCC04U05:499447:499599 [3] NCCL INFO Connected to proxy localRank 3 -> connection 0x7fba20004fa8
MOC-R4PCC04U05:499447:499599 [3] NCCL INFO GPU Direct RDMA Disabled for GPU 3 / HCA 1 (distance 7 > 0)
MOC-R4PCC04U05:499445:499592 [1] NCCL INFO New proxy recv connection 0 from local rank 1, transport 0
MOC-R4PCC04U05:499445:499600 [1] NCCL INFO Connected to proxy localRank 1 -> connection 0x7f4b24004f30
MOC-R4PCC04U05:499446:499593 [2] NCCL INFO New proxy recv connection 0 from local rank 2, transport 0
MOC-R4PCC04U05:499446:499601 [2] NCCL INFO Connected to proxy localRank 2 -> connection 0x7ff034004f30
MOC-R4PCC04U05:499445:499592 [1] NCCL INFO New proxy recv connection 1 from local rank 1, transport 0
MOC-R4PCC04U05:499445:499600 [1] NCCL INFO Connected to proxy localRank 1 -> connection 0x7f4b24004fa8
MOC-R4PCC04U05:499446:499593 [2] NCCL INFO New proxy recv connection 1 from local rank 2, transport 0
MOC-R4PCC04U05:499446:499601 [2] NCCL INFO Connected to proxy localRank 2 -> connection 0x7ff034004fa8
MOC-R4PCC04U05:499446:499601 [2] NCCL INFO GPU Direct RDMA Disabled for GPU 2 / HCA 1 (distance 7 > 0)
MOC-R4PCC04U05:499444:499591 [0] NCCL INFO New proxy send connection 2 from local rank 0, transport 0
MOC-R4PCC04U05:499444:499598 [0] NCCL INFO Connected to proxy localRank 0 -> connection 0x7fa3dc005020
MOC-R4PCC04U05:499444:499591 [0] NCCL INFO New proxy send connection 3 from local rank 0, transport 0
MOC-R4PCC04U05:499444:499598 [0] NCCL INFO Connected to proxy localRank 0 -> connection 0x7fa3dc005098
MOC-R4PCC04U05:499447:499590 [3] NCCL INFO New proxy send connection 2 from local rank 3, transport 2
MOC-R4PCC04U05:499447:499599 [3] NCCL INFO Connected to proxy localRank 3 -> connection 0x7fba20005020
MOC-R4PCC04U05:499447:499599 [3] NCCL INFO Channel 00/0 : 3[3] -> 6[2] [send] via NET/IB/1
MOC-R4PCC04U05:499447:499599 [3] NCCL INFO GPU Direct RDMA Disabled for GPU 3 / HCA 1 (distance 7 > 0)
MOC-R4PCC04U05:499447:499590 [3] NCCL INFO New proxy send connection 3 from local rank 3, transport 2
MOC-R4PCC04U05:499447:499599 [3] NCCL INFO Connected to proxy localRank 3 -> connection 0x7fba20005098
MOC-R4PCC04U05:499447:499599 [3] NCCL INFO Channel 02/0 : 3[3] -> 6[2] [send] via NET/IB/1
MOC-R4PCC04U05:499444:499591 [0] NCCL INFO New proxy recv connection 4 from local rank 0, transport 0
MOC-R4PCC04U05:499444:499598 [0] NCCL INFO Connected to proxy localRank 0 -> connection 0x7fa3dc005110
MOC-R4PCC04U05:499444:499591 [0] NCCL INFO New proxy recv connection 5 from local rank 0, transport 0
MOC-R4PCC04U05:499444:499598 [0] NCCL INFO Connected to proxy localRank 0 -> connection 0x7fa3dc005188
MOC-R4PCC04U05:499444:499591 [0] NCCL INFO New proxy recv connection 6 from local rank 0, transport 0
MOC-R4PCC04U05:499444:499598 [0] NCCL INFO Connected to proxy localRank 0 -> connection 0x7fa3dc005200
MOC-R4PCC04U05:499444:499591 [0] NCCL INFO New proxy recv connection 7 from local rank 0, transport 0
MOC-R4PCC04U05:499444:499598 [0] NCCL INFO Connected to proxy localRank 0 -> connection 0x7fa3dc005278
MOC-R4PCC04U05:499446:499593 [2] NCCL INFO New proxy recv connection 2 from local rank 2, transport 2
MOC-R4PCC04U05:499446:499601 [2] NCCL INFO Connected to proxy localRank 2 -> connection 0x7ff034005020
MOC-R4PCC04U05:499446:499601 [2] NCCL INFO Channel 00/0 : 11[3] -> 2[2] [receive] via NET/IB/1
MOC-R4PCC04U05:499446:499601 [2] NCCL INFO GPU Direct RDMA Disabled for GPU 2 / HCA 1 (distance 7 > 0)
MOC-R4PCC04U05:499446:499593 [2] NCCL INFO New proxy recv connection 3 from local rank 2, transport 2
MOC-R4PCC04U05:499446:499601 [2] NCCL INFO Connected to proxy localRank 2 -> connection 0x7ff034005098
MOC-R4PCC04U05:499446:499601 [2] NCCL INFO Channel 02/0 : 11[3] -> 2[2] [receive] via NET/IB/1
MOC-R4PCC04U05:499447:499599 [3] NCCL INFO GPU Direct RDMA Disabled for GPU 3 / HCA 1 (distance 7 > 0)
MOC-R4PCC04U05:499447:499590 [3] NCCL INFO New proxy recv connection 4 from local rank 3, transport 2
MOC-R4PCC04U05:499447:499599 [3] NCCL INFO Connected to proxy localRank 3 -> connection 0x7fba20005110
MOC-R4PCC04U05:499447:499599 [3] NCCL INFO Channel 01/0 : 10[2] -> 3[3] [receive] via NET/IB/1
MOC-R4PCC04U05:499447:499599 [3] NCCL INFO GPU Direct RDMA Disabled for GPU 3 / HCA 1 (distance 7 > 0)
MOC-R4PCC04U05:499447:499590 [3] NCCL INFO New proxy recv connection 5 from local rank 3, transport 2
MOC-R4PCC04U05:499447:499599 [3] NCCL INFO Connected to proxy localRank 3 -> connection 0x7fba20005188
MOC-R4PCC04U05:499447:499599 [3] NCCL INFO Channel 03/0 : 10[2] -> 3[3] [receive] via NET/IB/1
MOC-R4PCC04U05:499446:499601 [2] NCCL INFO GPU Direct RDMA Disabled for GPU 2 / HCA 1 (distance 7 > 0)
MOC-R4PCC04U05:499446:499593 [2] NCCL INFO New proxy send connection 4 from local rank 2, transport 2
MOC-R4PCC04U05:499446:499601 [2] NCCL INFO Connected to proxy localRank 2 -> connection 0x7ff034005110
MOC-R4PCC04U05:499446:499601 [2] NCCL INFO Channel 01/0 : 2[2] -> 7[3] [send] via NET/IB/1
MOC-R4PCC04U05:499446:499601 [2] NCCL INFO GPU Direct RDMA Disabled for GPU 2 / HCA 1 (distance 7 > 0)
MOC-R4PCC04U05:499446:499593 [2] NCCL INFO New proxy send connection 5 from local rank 2, transport 2
MOC-R4PCC04U05:499446:499601 [2] NCCL INFO Connected to proxy localRank 2 -> connection 0x7ff034005188
MOC-R4PCC04U05:499446:499601 [2] NCCL INFO Channel 03/0 : 2[2] -> 7[3] [send] via NET/IB/1
MOC-R4PCC04U05:499447:499590 [3] NCCL INFO New proxy send connection 6 from local rank 3, transport 0
MOC-R4PCC04U05:499447:499599 [3] NCCL INFO Connected to proxy localRank 3 -> connection 0x7fba20005200
MOC-R4PCC04U05:499446:499593 [2] NCCL INFO New proxy send connection 6 from local rank 2, transport 0
MOC-R4PCC04U05:499446:499601 [2] NCCL INFO Connected to proxy localRank 2 -> connection 0x7ff034005200
MOC-R4PCC04U05:499447:499590 [3] NCCL INFO New proxy send connection 7 from local rank 3, transport 0
MOC-R4PCC04U05:499446:499593 [2] NCCL INFO New proxy send connection 7 from local rank 2, transport 0
MOC-R4PCC04U05:499447:499599 [3] NCCL INFO Connected to proxy localRank 3 -> connection 0x7fba20005278
MOC-R4PCC04U05:499446:499601 [2] NCCL INFO Connected to proxy localRank 2 -> connection 0x7ff034005278
MOC-R4PCC04U05:499445:499592 [1] NCCL INFO New proxy recv connection 2 from local rank 1, transport 0
MOC-R4PCC04U05:499445:499600 [1] NCCL INFO Connected to proxy localRank 1 -> connection 0x7f4b24005020
MOC-R4PCC04U05:499444:499591 [0] NCCL INFO New proxy send connection 8 from local rank 3, transport 0
MOC-R4PCC04U05:499447:499599 [3] NCCL INFO Connected to proxy localRank 0 -> connection 0x7fa3dc0052f0
MOC-R4PCC04U05:499445:499592 [1] NCCL INFO New proxy recv connection 3 from local rank 1, transport 0
MOC-R4PCC04U05:499445:499600 [1] NCCL INFO Connected to proxy localRank 1 -> connection 0x7f4b24005098
MOC-R4PCC04U05:499445:499592 [1] NCCL INFO New proxy send connection 4 from local rank 1, transport 0
MOC-R4PCC04U05:499445:499600 [1] NCCL INFO Connected to proxy localRank 1 -> connection 0x7f4b24005110
MOC-R4PCC04U05:499445:499592 [1] NCCL INFO New proxy send connection 5 from local rank 1, transport 0
MOC-R4PCC04U05:499445:499600 [1] NCCL INFO Connected to proxy localRank 1 -> connection 0x7f4b24005188
MOC-R4PCC04U05:499445:499592 [1] NCCL INFO New proxy send connection 6 from local rank 1, transport 0
MOC-R4PCC04U05:499445:499600 [1] NCCL INFO Connected to proxy localRank 1 -> connection 0x7f4b24005200
MOC-R4PCC04U05:499445:499592 [1] NCCL INFO New proxy send connection 7 from local rank 1, transport 0
MOC-R4PCC04U05:499445:499600 [1] NCCL INFO Connected to proxy localRank 1 -> connection 0x7f4b24005278
MOC-R4PCC04U05:499445:499592 [1] NCCL INFO New proxy send connection 8 from local rank 3, transport 0
MOC-R4PCC04U05:499447:499599 [3] NCCL INFO Connected to proxy localRank 1 -> connection 0x7f4b240052f0
MOC-R4PCC04U05:499444:499591 [0] NCCL INFO New proxy send connection 9 from local rank 2, transport 0
MOC-R4PCC04U05:499447:499590 [3] NCCL INFO New proxy send connection 8 from local rank 1, transport 0
MOC-R4PCC04U05:499446:499601 [2] NCCL INFO Connected to proxy localRank 0 -> connection 0x7fa3dc005368
MOC-R4PCC04U05:499445:499600 [1] NCCL INFO Connected to proxy localRank 3 -> connection 0x7fba200052f0
MOC-R4PCC04U05:499446:499593 [2] NCCL INFO New proxy send connection 8 from local rank 0, transport 0
MOC-R4PCC04U05:499444:499598 [0] NCCL INFO Connected to proxy localRank 2 -> connection 0x7ff0340052f0
MOC-R4PCC04U05:499445:499592 [1] NCCL INFO New proxy send connection 9 from local rank 2, transport 0
MOC-R4PCC04U05:499446:499601 [2] NCCL INFO Connected to proxy localRank 1 -> connection 0x7f4b24005368
MOC-R4PCC04U05:499447:499590 [3] NCCL INFO New proxy send connection 9 from local rank 0, transport 0
MOC-R4PCC04U05:499444:499591 [0] NCCL INFO New proxy send connection 10 from local rank 1, transport 0
MOC-R4PCC04U05:499444:499598 [0] NCCL INFO Connected to proxy localRank 3 -> connection 0x7fba20005368
MOC-R4PCC04U05:499445:499600 [1] NCCL INFO Connected to proxy localRank 0 -> connection 0x7fa3dc0053e0
MOC-R4PCC04U05:499447:499590 [3] NCCL INFO NET/IB: NCCL Dev 1 IbDev 0 Port 1 qpn 7568 mtu 3 query_ece={supported=1, vendor_id=0x15b3, options=0x30000002, comp_mask=0x0} GID 3 (0/C132A8C0FFFF0000) fifoRkey=0x174705 fifoLkey=0x174705
MOC-R4PCC04U05:499447:499590 [3] NCCL INFO NET/IB: NCCL Dev 1 IbDev 0 Port 1 qpn 7571 mtu 3 query_ece={supported=1, vendor_id=0x15b3, options=0x30000002, comp_mask=0x0} GID 3 (0/C132A8C0FFFF0000) fifoRkey=0x1716d5 fifoLkey=0x1716d5
MOC-R4PCC04U05:499446:499593 [2] NCCL INFO NET/IB: NCCL Dev 1 IbDev 0 Port 1 qpn 7572 mtu 3 query_ece={supported=1, vendor_id=0x15b3, options=0x30000002, comp_mask=0x0} GID 3 (0/C132A8C0FFFF0000) fifoRkey=0x17cb8a fifoLkey=0x17cb8a
MOC-R4PCC04U05:499446:499593 [2] NCCL INFO NET/IB: NCCL Dev 1 IbDev 0 Port 1 qpn 7573 mtu 3 query_ece={supported=1, vendor_id=0x15b3, options=0x30000002, comp_mask=0x0} GID 3 (0/C132A8C0FFFF0000) fifoRkey=0x17bf7e fifoLkey=0x17bf7e
MOC-R4PCC04U05:499447:499590 [3] NCCL INFO NET/IB: IbDev 0 Port 1 qpn 7696 set_ece={supported=1, vendor_id=0x15b3, options=0x0, comp_mask=0x0}
MOC-R4PCC04U05:499446:499593 [2] NCCL INFO NET/IB: IbDev 0 Port 1 qpn 7698 set_ece={supported=1, vendor_id=0x15b3, options=0x0, comp_mask=0x0}
MOC-R4PCC04U05:499447:499590 [3] NCCL INFO NET/IB: IbDev 0 Port 1 qpn 7700 set_ece={supported=1, vendor_id=0x15b3, options=0x0, comp_mask=0x0}
MOC-R4PCC04U05:499446:499593 [2] NCCL INFO NET/IB: IbDev 0 Port 1 qpn 7702 set_ece={supported=1, vendor_id=0x15b3, options=0x0, comp_mask=0x0}
MOC-R4PCC04U05:499445:499592 [1] NCCL INFO New proxy send connection 10 from local rank 0, transport 0
MOC-R4PCC04U05:499444:499598 [0] NCCL INFO Connected to proxy localRank 1 -> connection 0x7f4b240053e0
MOC-R4PCC04U05:499446:499593 [2] NCCL INFO New proxy send connection 9 from local rank 1, transport 0
MOC-R4PCC04U05:499445:499600 [1] NCCL INFO Connected to proxy localRank 2 -> connection 0x7ff034005368
num decayed parameter tensors: 50, with 124,318,464 parameters
num non-decayed parameter tensors: 98, with 121,344 parameters
using fused AdamW: False
using regular AdamW
MOC-R4PCC04U05:499446:499593 [2] NCCL INFO New proxy recv connection 10 from local rank 2, transport 0
MOC-R4PCC04U05:499446:500292 [2] NCCL INFO Connected to proxy localRank 2 -> connection 0x7ff0340053e0
MOC-R4PCC04U05:499446:499593 [2] NCCL INFO New proxy recv connection 11 from local rank 2, transport 0
MOC-R4PCC04U05:499446:500292 [2] NCCL INFO Connected to proxy localRank 2 -> connection 0x7ff034005458
MOC-R4PCC04U05:499446:499593 [2] NCCL INFO New proxy recv connection 12 from local rank 2, transport 0
MOC-R4PCC04U05:499446:500292 [2] NCCL INFO Connected to proxy localRank 2 -> connection 0x7ff0340054d0
MOC-R4PCC04U05:499446:499593 [2] NCCL INFO New proxy recv connection 13 from local rank 2, transport 0
MOC-R4PCC04U05:499446:500292 [2] NCCL INFO Connected to proxy localRank 2 -> connection 0x7ff034005548
MOC-R4PCC04U05:499447:499590 [3] NCCL INFO New proxy recv connection 10 from local rank 3, transport 0
MOC-R4PCC04U05:499447:500293 [3] NCCL INFO Connected to proxy localRank 3 -> connection 0x7fba200053e0
MOC-R4PCC04U05:499447:499590 [3] NCCL INFO New proxy recv connection 11 from local rank 3, transport 0
MOC-R4PCC04U05:499447:500293 [3] NCCL INFO Connected to proxy localRank 3 -> connection 0x7fba20005458
MOC-R4PCC04U05:499444:499591 [0] NCCL INFO New proxy send connection 11 from local rank 0, transport 0
MOC-R4PCC04U05:499444:500294 [0] NCCL INFO Connected to proxy localRank 0 -> connection 0x7fa3dc005458
MOC-R4PCC04U05:499444:499591 [0] NCCL INFO New proxy send connection 12 from local rank 0, transport 0
MOC-R4PCC04U05:499444:500294 [0] NCCL INFO Connected to proxy localRank 0 -> connection 0x7fa3dc0054d0
MOC-R4PCC04U05:499444:499591 [0] NCCL INFO New proxy send connection 13 from local rank 0, transport 0
MOC-R4PCC04U05:499444:500294 [0] NCCL INFO Connected to proxy localRank 0 -> connection 0x7fa3dc005548
MOC-R4PCC04U05:499444:499591 [0] NCCL INFO New proxy send connection 14 from local rank 0, transport 0
MOC-R4PCC04U05:499444:500294 [0] NCCL INFO Connected to proxy localRank 0 -> connection 0x7fa3dc0055c0
MOC-R4PCC04U05:499445:499592 [1] NCCL INFO New proxy recv connection 11 from local rank 1, transport 0
MOC-R4PCC04U05:499445:500295 [1] NCCL INFO Connected to proxy localRank 1 -> connection 0x7f4b24005458
MOC-R4PCC04U05:499445:499592 [1] NCCL INFO New proxy recv connection 12 from local rank 1, transport 0
MOC-R4PCC04U05:499445:500295 [1] NCCL INFO Connected to proxy localRank 1 -> connection 0x7f4b240054d0
MOC-R4PCC04U05:499445:499592 [1] NCCL INFO New proxy recv connection 13 from local rank 1, transport 0
MOC-R4PCC04U05:499445:500295 [1] NCCL INFO Connected to proxy localRank 1 -> connection 0x7f4b24005548
MOC-R4PCC04U05:499445:499592 [1] NCCL INFO New proxy recv connection 14 from local rank 1, transport 0
MOC-R4PCC04U05:499445:500295 [1] NCCL INFO Connected to proxy localRank 1 -> connection 0x7f4b240055c0
MOC-R4PCC04U05:499445:499592 [1] NCCL INFO New proxy send connection 15 from local rank 1, transport 0
MOC-R4PCC04U05:499445:500295 [1] NCCL INFO Connected to proxy localRank 1 -> connection 0x7f4b24005638
MOC-R4PCC04U05:499445:499592 [1] NCCL INFO New proxy send connection 16 from local rank 1, transport 0
MOC-R4PCC04U05:499445:500295 [1] NCCL INFO Connected to proxy localRank 1 -> connection 0x7f4b240056b0
MOC-R4PCC04U05:499445:499592 [1] NCCL INFO New proxy send connection 17 from local rank 1, transport 0
MOC-R4PCC04U05:499445:500295 [1] NCCL INFO Connected to proxy localRank 1 -> connection 0x7f4b24005728
MOC-R4PCC04U05:499445:499592 [1] NCCL INFO New proxy send connection 18 from local rank 1, transport 0
MOC-R4PCC04U05:499445:500295 [1] NCCL INFO Connected to proxy localRank 1 -> connection 0x7f4b240057a0
MOC-R4PCC04U05:499445:499592 [1] NCCL INFO New proxy recv connection 19 from local rank 1, transport 0
MOC-R4PCC04U05:499445:500295 [1] NCCL INFO Connected to proxy localRank 1 -> connection 0x7f4b24005818
MOC-R4PCC04U05:499444:499591 [0] NCCL INFO New proxy send connection 15 from local rank 0, transport 0
MOC-R4PCC04U05:499444:500294 [0] NCCL INFO Connected to proxy localRank 0 -> connection 0x7fa3dc005638
MOC-R4PCC04U05:499446:499593 [2] NCCL INFO New proxy send connection 14 from local rank 2, transport 0
MOC-R4PCC04U05:499446:500292 [2] NCCL INFO Connected to proxy localRank 2 -> connection 0x7ff0340055c0
MOC-R4PCC04U05:499445:499592 [1] NCCL INFO New proxy recv connection 20 from local rank 1, transport 0
MOC-R4PCC04U05:499445:500295 [1] NCCL INFO Connected to proxy localRank 1 -> connection 0x7f4b24005890
MOC-R4PCC04U05:499444:499591 [0] NCCL INFO New proxy send connection 16 from local rank 0, transport 0
MOC-R4PCC04U05:499444:500294 [0] NCCL INFO Connected to proxy localRank 0 -> connection 0x7fa3dc0056b0
MOC-R4PCC04U05:499446:499593 [2] NCCL INFO New proxy send connection 15 from local rank 2, transport 0
MOC-R4PCC04U05:499446:500292 [2] NCCL INFO Connected to proxy localRank 2 -> connection 0x7ff034005638
MOC-R4PCC04U05:499444:499591 [0] NCCL INFO New proxy recv connection 17 from local rank 0, transport 0
MOC-R4PCC04U05:499444:500294 [0] NCCL INFO Connected to proxy localRank 0 -> connection 0x7fa3dc005728
MOC-R4PCC04U05:499447:500293 [3] NCCL INFO GPU Direct RDMA Disabled for GPU 3 / HCA 1 (distance 7 > 0)
MOC-R4PCC04U05:499447:499590 [3] NCCL INFO New proxy recv connection 12 from local rank 3, transport 2
MOC-R4PCC04U05:499447:500293 [3] NCCL INFO Connected to proxy localRank 3 -> connection 0x7fba200054d0
MOC-R4PCC04U05:499444:499591 [0] NCCL INFO New proxy recv connection 18 from local rank 0, transport 0
MOC-R4PCC04U05:499444:500294 [0] NCCL INFO Connected to proxy localRank 0 -> connection 0x7fa3dc0057a0
MOC-R4PCC04U05:499447:500293 [3] NCCL INFO Channel 00/0 : 11[3] -> 3[3] [receive] via NET/IB/1
MOC-R4PCC04U05:499447:500293 [3] NCCL INFO GPU Direct RDMA Disabled for GPU 3 / HCA 1 (distance 7 > 0)
MOC-R4PCC04U05:499447:499590 [3] NCCL INFO New proxy recv connection 13 from local rank 3, transport 2
MOC-R4PCC04U05:499447:500293 [3] NCCL INFO Connected to proxy localRank 3 -> connection 0x7fba20005548
MOC-R4PCC04U05:499447:500293 [3] NCCL INFO Channel 01/0 : 11[3] -> 3[3] [receive] via NET/IB/1
MOC-R4PCC04U05:499447:500293 [3] NCCL INFO GPU Direct RDMA Disabled for GPU 3 / HCA 1 (distance 7 > 0)
MOC-R4PCC04U05:499444:499591 [0] NCCL INFO New proxy recv connection 19 from local rank 0, transport 0
MOC-R4PCC04U05:499444:500294 [0] NCCL INFO Connected to proxy localRank 0 -> connection 0x7fa3dc005818
MOC-R4PCC04U05:499447:499590 [3] NCCL INFO New proxy recv connection 14 from local rank 3, transport 2
MOC-R4PCC04U05:499447:500293 [3] NCCL INFO Connected to proxy localRank 3 -> connection 0x7fba200055c0
MOC-R4PCC04U05:499447:500293 [3] NCCL INFO Channel 02/0 : 11[3] -> 3[3] [receive] via NET/IB/1
MOC-R4PCC04U05:499447:500293 [3] NCCL INFO GPU Direct RDMA Disabled for GPU 3 / HCA 1 (distance 7 > 0)
MOC-R4PCC04U05:499447:499590 [3] NCCL INFO New proxy recv connection 15 from local rank 3, transport 2
MOC-R4PCC04U05:499447:500293 [3] NCCL INFO Connected to proxy localRank 3 -> connection 0x7fba20005638
MOC-R4PCC04U05:499447:500293 [3] NCCL INFO Channel 03/0 : 11[3] -> 3[3] [receive] via NET/IB/1
MOC-R4PCC04U05:499447:500293 [3] NCCL INFO GPU Direct RDMA Disabled for GPU 3 / HCA 1 (distance 7 > 0)
MOC-R4PCC04U05:499447:499590 [3] NCCL INFO New proxy send connection 16 from local rank 3, transport 2
MOC-R4PCC04U05:499447:500293 [3] NCCL INFO Connected to proxy localRank 3 -> connection 0x7fba200056b0
MOC-R4PCC04U05:499447:500293 [3] NCCL INFO Channel 02/0 : 3[3] -> 7[3] [send] via NET/IB/1
MOC-R4PCC04U05:499447:500293 [3] NCCL INFO GPU Direct RDMA Disabled for GPU 3 / HCA 1 (distance 7 > 0)
MOC-R4PCC04U05:499444:499591 [0] NCCL INFO New proxy recv connection 20 from local rank 0, transport 0
MOC-R4PCC04U05:499447:499590 [3] NCCL INFO New proxy send connection 17 from local rank 3, transport 2
MOC-R4PCC04U05:499444:500294 [0] NCCL INFO Connected to proxy localRank 0 -> connection 0x7fa3dc005890
MOC-R4PCC04U05:499447:500293 [3] NCCL INFO Connected to proxy localRank 3 -> connection 0x7fba20005728
MOC-R4PCC04U05:499447:500293 [3] NCCL INFO Channel 03/0 : 3[3] -> 7[3] [send] via NET/IB/1
MOC-R4PCC04U05:499447:500293 [3] NCCL INFO GPU Direct RDMA Disabled for GPU 3 / HCA 1 (distance 7 > 0)
MOC-R4PCC04U05:499447:499590 [3] NCCL INFO New proxy recv connection 18 from local rank 3, transport 2
MOC-R4PCC04U05:499447:500293 [3] NCCL INFO Connected to proxy localRank 3 -> connection 0x7fba200057a0
MOC-R4PCC04U05:499447:500293 [3] NCCL INFO Channel 02/0 : 7[3] -> 3[3] [receive] via NET/IB/1
MOC-R4PCC04U05:499447:500293 [3] NCCL INFO GPU Direct RDMA Disabled for GPU 3 / HCA 1 (distance 7 > 0)
MOC-R4PCC04U05:499447:499590 [3] NCCL INFO New proxy recv connection 19 from local rank 3, transport 2
MOC-R4PCC04U05:499447:500293 [3] NCCL INFO Connected to proxy localRank 3 -> connection 0x7fba20005818
MOC-R4PCC04U05:499447:500293 [3] NCCL INFO Channel 03/0 : 7[3] -> 3[3] [receive] via NET/IB/1
MOC-R4PCC04U05:499447:500293 [3] NCCL INFO GPU Direct RDMA Disabled for GPU 3 / HCA 1 (distance 7 > 0)
MOC-R4PCC04U05:499447:499590 [3] NCCL INFO New proxy send connection 20 from local rank 3, transport 2
MOC-R4PCC04U05:499447:500293 [3] NCCL INFO Connected to proxy localRank 3 -> connection 0x7fba20005890
MOC-R4PCC04U05:499447:500293 [3] NCCL INFO Channel 00/0 : 3[3] -> 11[3] [send] via NET/IB/1
MOC-R4PCC04U05:499447:500293 [3] NCCL INFO GPU Direct RDMA Disabled for GPU 3 / HCA 1 (distance 7 > 0)
MOC-R4PCC04U05:499447:499590 [3] NCCL INFO New proxy send connection 21 from local rank 3, transport 2
MOC-R4PCC04U05:499447:500293 [3] NCCL INFO Connected to proxy localRank 3 -> connection 0x7fba20005908
MOC-R4PCC04U05:499447:500293 [3] NCCL INFO Channel 01/0 : 3[3] -> 11[3] [send] via NET/IB/1
MOC-R4PCC04U05:499447:500293 [3] NCCL INFO GPU Direct RDMA Disabled for GPU 3 / HCA 1 (distance 7 > 0)
MOC-R4PCC04U05:499447:499590 [3] NCCL INFO New proxy send connection 22 from local rank 3, transport 2
MOC-R4PCC04U05:499447:500293 [3] NCCL INFO Connected to proxy localRank 3 -> connection 0x7fba20005980
MOC-R4PCC04U05:499447:500293 [3] NCCL INFO Channel 02/0 : 3[3] -> 11[3] [send] via NET/IB/1
MOC-R4PCC04U05:499447:500293 [3] NCCL INFO GPU Direct RDMA Disabled for GPU 3 / HCA 1 (distance 7 > 0)
MOC-R4PCC04U05:499447:499590 [3] NCCL INFO New proxy send connection 23 from local rank 3, transport 2
MOC-R4PCC04U05:499447:500293 [3] NCCL INFO Connected to proxy localRank 3 -> connection 0x7fba200059f8
MOC-R4PCC04U05:499447:500293 [3] NCCL INFO Channel 03/0 : 3[3] -> 11[3] [send] via NET/IB/1
MOC-R4PCC04U05:499447:499590 [3] NCCL INFO New proxy send connection 24 from local rank 3, transport 0
MOC-R4PCC04U05:499447:500293 [3] NCCL INFO Connected to proxy localRank 3 -> connection 0x7fba20005a70
MOC-R4PCC04U05:499447:499590 [3] NCCL INFO New proxy send connection 25 from local rank 3, transport 0
MOC-R4PCC04U05:499447:500293 [3] NCCL INFO Connected to proxy localRank 3 -> connection 0x7fba20005ae8
MOC-R4PCC04U05:499447:499590 [3] NCCL INFO New proxy send connection 26 from local rank 3, transport 0
MOC-R4PCC04U05:499447:500293 [3] NCCL INFO Connected to proxy localRank 3 -> connection 0x7fba20005b60
MOC-R4PCC04U05:499447:499590 [3] NCCL INFO New proxy send connection 27 from local rank 3, transport 0
MOC-R4PCC04U05:499447:500293 [3] NCCL INFO Connected to proxy localRank 3 -> connection 0x7fba20005bd8
MOC-R4PCC04U05:499447:499590 [3] NCCL INFO NET/IB: NCCL Dev 1 IbDev 0 Port 1 qpn 7576 mtu 3 query_ece={supported=1, vendor_id=0x15b3, options=0x30000002, comp_mask=0x0} GID 3 (0/C132A8C0FFFF0000) fifoRkey=0x17904f fifoLkey=0x17904f
MOC-R4PCC04U05:499447:499590 [3] NCCL INFO NET/IB: NCCL Dev 1 IbDev 0 Port 1 qpn 7577 mtu 3 query_ece={supported=1, vendor_id=0x15b3, options=0x30000002, comp_mask=0x0} GID 3 (0/C132A8C0FFFF0000) fifoRkey=0x17ecab fifoLkey=0x17ecab
MOC-R4PCC04U05:499447:499590 [3] NCCL INFO NET/IB: NCCL Dev 1 IbDev 0 Port 1 qpn 7578 mtu 3 query_ece={supported=1, vendor_id=0x15b3, options=0x30000002, comp_mask=0x0} GID 3 (0/C132A8C0FFFF0000) fifoRkey=0x17b372 fifoLkey=0x17b372
MOC-R4PCC04U05:499447:499590 [3] NCCL INFO NET/IB: NCCL Dev 1 IbDev 0 Port 1 qpn 7579 mtu 3 query_ece={supported=1, vendor_id=0x15b3, options=0x30000002, comp_mask=0x0} GID 3 (0/C132A8C0FFFF0000) fifoRkey=0x175412 fifoLkey=0x175412
MOC-R4PCC04U05:499447:499590 [3] NCCL INFO NET/IB: NCCL Dev 1 IbDev 0 Port 1 qpn 7582 mtu 3 query_ece={supported=1, vendor_id=0x15b3, options=0x30000002, comp_mask=0x0} GID 3 (0/C132A8C0FFFF0000) fifoRkey=0x176c2b fifoLkey=0x176c2b
MOC-R4PCC04U05:499447:499590 [3] NCCL INFO NET/IB: NCCL Dev 1 IbDev 0 Port 1 qpn 7585 mtu 3 query_ece={supported=1, vendor_id=0x15b3, options=0x30000002, comp_mask=0x0} GID 3 (0/C132A8C0FFFF0000) fifoRkey=0x178443 fifoLkey=0x178443
MOC-R4PCC04U05:499447:499590 [3] NCCL INFO NET/IB: IbDev 0 Port 1 qpn 3493 set_ece={supported=1, vendor_id=0x15b3, options=0x0, comp_mask=0x0}
MOC-R4PCC04U05:499447:499590 [3] NCCL INFO NET/IB: IbDev 0 Port 1 qpn 3496 set_ece={supported=1, vendor_id=0x15b3, options=0x0, comp_mask=0x0}
MOC-R4PCC04U05:499447:499590 [3] NCCL INFO NET/IB: IbDev 0 Port 1 qpn 3498 set_ece={supported=1, vendor_id=0x15b3, options=0x0, comp_mask=0x0}
MOC-R4PCC04U05:499447:499590 [3] NCCL INFO NET/IB: IbDev 0 Port 1 qpn 3500 set_ece={supported=1, vendor_id=0x15b3, options=0x0, comp_mask=0x0}
MOC-R4PCC04U05:499447:499590 [3] NCCL INFO NET/IB: IbDev 0 Port 1 qpn 7711 set_ece={supported=1, vendor_id=0x15b3, options=0x0, comp_mask=0x0}
MOC-R4PCC04U05:499447:499590 [3] NCCL INFO NET/IB: IbDev 0 Port 1 qpn 7715 set_ece={supported=1, vendor_id=0x15b3, options=0x0, comp_mask=0x0}
step    1/10 | train loss 11.009466 | norm 15.3151 | lr 1.00e-04 | (14383.02 ms | 191372 tok/s)
step    2/10 | train loss 10.139438 | norm 5.7209 | lr 1.00e-04 | (670.58 ms | 4104693 tok/s)
step    3/10 | train loss 9.799341 | norm 2.6024 | lr 1.00e-04 | (589.95 ms | 4665650 tok/s)
step    4/10 | train loss 9.630254 | norm 2.1077 | lr 1.00e-04 | (622.06 ms | 4424837 tok/s)
step    5/10 | train loss 9.547258 | norm 2.0985 | lr 1.00e-04 | (589.29 ms | 4670902 tok/s)
step    6/10 | train loss 9.466182 | norm 1.9943 | lr 1.00e-04 | (576.96 ms | 4770748 tok/s)
step    7/10 | train loss 9.380590 | norm 1.9438 | lr 1.00e-04 | (582.69 ms | 4723778 tok/s)
step    8/10 | train loss 9.288695 | norm 1.9109 | lr 1.00e-04 | (638.72 ms | 4309394 tok/s)
step    9/10 | train loss 9.193279 | norm 1.8533 | lr 1.00e-04 | (581.54 ms | 4733142 tok/s)
step   10/10 | train loss 9.109082 | norm 1.7962 | lr 1.00e-04 | (580.15 ms | 4744494 tok/s)
final 9 iters avg: 603.549ms
peak memory consumption: 16601 MiB
