Running pytorch 2.7.0+cu126
using device: cuda:0
total desired batch size: 524288
=> calculated gradient accumulation steps: 2
using device: cuda:1
using device: cuda:3
using device: cuda:2
compiling the model...
DataLoader: total number of tokens: 1,661,249,667 across 103 files
MOC-R4PCC04U05:336059:336059 [0] NCCL INFO NCCL_SOCKET_IFNAME set to eno7np0
MOC-R4PCC04U05:336059:336059 [0] NCCL INFO NCCL version 2.26.2+cuda12.2
MOC-R4PCC04U05:336059:336100 [0] NCCL INFO NET/Plugin: Could not find: libnccl-net.so. Using internal net plugin.
MOC-R4PCC04U05:336059:336100 [0] NCCL INFO NCCL_IB_HCA set to mlx5_5
MOC-R4PCC04U05:336060:336060 [1] NCCL INFO NCCL_SOCKET_IFNAME set to eno7np0
MOC-R4PCC04U05:336060:336060 [1] NCCL INFO NCCL version 2.26.2+cuda12.2
MOC-R4PCC04U05:336059:336100 [0] NCCL INFO NET/IB : Made virtual device [0] name=mlx5_5 speed=400000 ndevs=1
MOC-R4PCC04U05:336059:336100 [0] NCCL INFO NET/IB : Using [0]mlx5_5:1/RoCE [RO]; OOB eno7np0:192.168.50.193<0>
MOC-R4PCC04U05:336061:336061 [2] NCCL INFO NCCL_SOCKET_IFNAME set to eno7np0
MOC-R4PCC04U05:336061:336061 [2] NCCL INFO NCCL version 2.26.2+cuda12.2
MOC-R4PCC04U05:336062:336062 [3] NCCL INFO NCCL_SOCKET_IFNAME set to eno7np0
MOC-R4PCC04U05:336062:336062 [3] NCCL INFO NCCL version 2.26.2+cuda12.2
MOC-R4PCC04U05:336060:336102 [1] NCCL INFO NET/Plugin: Could not find: libnccl-net.so. Using internal net plugin.
MOC-R4PCC04U05:336060:336102 [1] NCCL INFO NCCL_IB_HCA set to mlx5_5
MOC-R4PCC04U05:336061:336103 [2] NCCL INFO NET/Plugin: Could not find: libnccl-net.so. Using internal net plugin.
MOC-R4PCC04U05:336060:336102 [1] NCCL INFO NET/IB : Made virtual device [0] name=mlx5_5 speed=400000 ndevs=1
MOC-R4PCC04U05:336060:336102 [1] NCCL INFO NET/IB : Using [0]mlx5_5:1/RoCE [RO]; OOB eno7np0:192.168.50.193<0>
MOC-R4PCC04U05:336061:336103 [2] NCCL INFO NCCL_IB_HCA set to mlx5_5
MOC-R4PCC04U05:336061:336103 [2] NCCL INFO NET/IB : Made virtual device [0] name=mlx5_5 speed=400000 ndevs=1
MOC-R4PCC04U05:336061:336103 [2] NCCL INFO NET/IB : Using [0]mlx5_5:1/RoCE [RO]; OOB eno7np0:192.168.50.193<0>
MOC-R4PCC04U05:336062:336104 [3] NCCL INFO NET/Plugin: Could not find: libnccl-net.so. Using internal net plugin.
MOC-R4PCC04U05:336062:336104 [3] NCCL INFO NCCL_IB_HCA set to mlx5_5
MOC-R4PCC04U05:336062:336104 [3] NCCL INFO NET/IB : Made virtual device [0] name=mlx5_5 speed=400000 ndevs=1
MOC-R4PCC04U05:336062:336104 [3] NCCL INFO NET/IB : Using [0]mlx5_5:1/RoCE [RO]; OOB eno7np0:192.168.50.193<0>
MOC-R4PCC04U05:336062:336104 [3] NCCL INFO NET/IB : GPU Direct RDMA Enabled for HCA 0 'mlx5_5'
MOC-R4PCC04U05:336062:336104 [3] NCCL INFO NET/IB : Made virtual device [1] name=mlx5_5 speed=400000 ndevs=1
MOC-R4PCC04U05:336062:336104 [3] NCCL INFO NET/IB : GPU Direct RDMA Enabled for HCA 0 'mlx5_5'
MOC-R4PCC04U05:336062:336104 [3] NCCL INFO NET/IB : GPU Direct RDMA Enabled for HCA 1 'mlx5_5'
MOC-R4PCC04U05:336061:336103 [2] NCCL INFO NET/IB : GPU Direct RDMA Enabled for HCA 0 'mlx5_5'
MOC-R4PCC04U05:336061:336103 [2] NCCL INFO NET/IB : Made virtual device [1] name=mlx5_5 speed=400000 ndevs=1
MOC-R4PCC04U05:336061:336103 [2] NCCL INFO NET/IB : GPU Direct RDMA Enabled for HCA 0 'mlx5_5'
MOC-R4PCC04U05:336061:336103 [2] NCCL INFO NET/IB : GPU Direct RDMA Enabled for HCA 1 'mlx5_5'
MOC-R4PCC04U05:336060:336102 [1] NCCL INFO NET/IB : GPU Direct RDMA Enabled for HCA 0 'mlx5_5'
MOC-R4PCC04U05:336060:336102 [1] NCCL INFO NET/IB : Made virtual device [1] name=mlx5_5 speed=400000 ndevs=1
MOC-R4PCC04U05:336060:336102 [1] NCCL INFO NET/IB : GPU Direct RDMA Enabled for HCA 0 'mlx5_5'
MOC-R4PCC04U05:336060:336102 [1] NCCL INFO NET/IB : GPU Direct RDMA Enabled for HCA 1 'mlx5_5'
MOC-R4PCC04U05:336059:336100 [0] NCCL INFO NET/IB : GPU Direct RDMA Enabled for HCA 0 'mlx5_5'
MOC-R4PCC04U05:336059:336100 [0] NCCL INFO NET/IB : Made virtual device [1] name=mlx5_5 speed=400000 ndevs=1
MOC-R4PCC04U05:336059:336100 [0] NCCL INFO NET/IB : GPU Direct RDMA Enabled for HCA 0 'mlx5_5'
MOC-R4PCC04U05:336059:336100 [0] NCCL INFO NET/IB : GPU Direct RDMA Enabled for HCA 1 'mlx5_5'
MOC-R4PCC04U05:336059:336100 [0] NCCL INFO GPU Direct RDMA Enabled for GPU 0 / HCA 1 (distance 5 <= 5), read 0 mode Default
MOC-R4PCC04U05:336059:336100 [0] NCCL INFO GPU Direct RDMA Enabled for GPU 1 / HCA 1 (distance 5 <= 5), read 0 mode Default
MOC-R4PCC04U05:336059:336100 [0] NCCL INFO GPU Direct RDMA Enabled for GPU 2 / HCA 1 (distance 5 <= 5), read 0 mode Default
MOC-R4PCC04U05:336059:336100 [0] NCCL INFO GPU Direct RDMA Enabled for GPU 3 / HCA 1 (distance 5 <= 5), read 0 mode Default
MOC-R4PCC04U05:336059:336100 [0] NCCL INFO GPU Direct RDMA Enabled for GPU 0 / HCA 1 (distance 5 <= 5), read 0 mode Default
MOC-R4PCC04U05:336059:336100 [0] NCCL INFO GPU Direct RDMA Enabled for GPU 1 / HCA 1 (distance 5 <= 5), read 0 mode Default
MOC-R4PCC04U05:336059:336100 [0] NCCL INFO GPU Direct RDMA Enabled for GPU 2 / HCA 1 (distance 5 <= 5), read 0 mode Default
MOC-R4PCC04U05:336059:336100 [0] NCCL INFO GPU Direct RDMA Enabled for GPU 3 / HCA 1 (distance 5 <= 5), read 0 mode Default
MOC-R4PCC04U05:336060:336102 [1] NCCL INFO GPU Direct RDMA Enabled for GPU 0 / HCA 1 (distance 5 <= 5), read 0 mode Default
MOC-R4PCC04U05:336060:336102 [1] NCCL INFO GPU Direct RDMA Enabled for GPU 1 / HCA 1 (distance 5 <= 5), read 0 mode Default
MOC-R4PCC04U05:336060:336102 [1] NCCL INFO GPU Direct RDMA Enabled for GPU 2 / HCA 1 (distance 5 <= 5), read 0 mode Default
MOC-R4PCC04U05:336060:336102 [1] NCCL INFO GPU Direct RDMA Enabled for GPU 3 / HCA 1 (distance 5 <= 5), read 0 mode Default
MOC-R4PCC04U05:336060:336102 [1] NCCL INFO GPU Direct RDMA Enabled for GPU 0 / HCA 1 (distance 5 <= 5), read 0 mode Default
MOC-R4PCC04U05:336060:336102 [1] NCCL INFO GPU Direct RDMA Enabled for GPU 1 / HCA 1 (distance 5 <= 5), read 0 mode Default
MOC-R4PCC04U05:336060:336102 [1] NCCL INFO GPU Direct RDMA Enabled for GPU 2 / HCA 1 (distance 5 <= 5), read 0 mode Default
MOC-R4PCC04U05:336060:336102 [1] NCCL INFO GPU Direct RDMA Enabled for GPU 3 / HCA 1 (distance 5 <= 5), read 0 mode Default
MOC-R4PCC04U05:336061:336103 [2] NCCL INFO GPU Direct RDMA Enabled for GPU 0 / HCA 1 (distance 5 <= 5), read 0 mode Default
MOC-R4PCC04U05:336061:336103 [2] NCCL INFO GPU Direct RDMA Enabled for GPU 1 / HCA 1 (distance 5 <= 5), read 0 mode Default
MOC-R4PCC04U05:336061:336103 [2] NCCL INFO GPU Direct RDMA Enabled for GPU 2 / HCA 1 (distance 5 <= 5), read 0 mode Default
MOC-R4PCC04U05:336061:336103 [2] NCCL INFO GPU Direct RDMA Enabled for GPU 3 / HCA 1 (distance 5 <= 5), read 0 mode Default
MOC-R4PCC04U05:336061:336103 [2] NCCL INFO GPU Direct RDMA Enabled for GPU 0 / HCA 1 (distance 5 <= 5), read 0 mode Default
MOC-R4PCC04U05:336061:336103 [2] NCCL INFO GPU Direct RDMA Enabled for GPU 1 / HCA 1 (distance 5 <= 5), read 0 mode Default
MOC-R4PCC04U05:336061:336103 [2] NCCL INFO GPU Direct RDMA Enabled for GPU 2 / HCA 1 (distance 5 <= 5), read 0 mode Default
MOC-R4PCC04U05:336061:336103 [2] NCCL INFO GPU Direct RDMA Enabled for GPU 3 / HCA 1 (distance 5 <= 5), read 0 mode Default
MOC-R4PCC04U05:336062:336104 [3] NCCL INFO GPU Direct RDMA Enabled for GPU 0 / HCA 1 (distance 5 <= 5), read 0 mode Default
MOC-R4PCC04U05:336062:336104 [3] NCCL INFO GPU Direct RDMA Enabled for GPU 1 / HCA 1 (distance 5 <= 5), read 0 mode Default
MOC-R4PCC04U05:336062:336104 [3] NCCL INFO GPU Direct RDMA Enabled for GPU 2 / HCA 1 (distance 5 <= 5), read 0 mode Default
MOC-R4PCC04U05:336062:336104 [3] NCCL INFO GPU Direct RDMA Enabled for GPU 3 / HCA 1 (distance 5 <= 5), read 0 mode Default
MOC-R4PCC04U05:336062:336104 [3] NCCL INFO GPU Direct RDMA Enabled for GPU 0 / HCA 1 (distance 5 <= 5), read 0 mode Default
MOC-R4PCC04U05:336062:336104 [3] NCCL INFO GPU Direct RDMA Enabled for GPU 1 / HCA 1 (distance 5 <= 5), read 0 mode Default
MOC-R4PCC04U05:336062:336104 [3] NCCL INFO GPU Direct RDMA Enabled for GPU 2 / HCA 1 (distance 5 <= 5), read 0 mode Default
MOC-R4PCC04U05:336062:336104 [3] NCCL INFO GPU Direct RDMA Enabled for GPU 3 / HCA 1 (distance 5 <= 5), read 0 mode Default
MOC-R4PCC04U05:336061:336124 [2] NCCL INFO GPU Direct RDMA Enabled for GPU 2 / HCA 1 (distance 5 <= 5), read 0 mode Default
MOC-R4PCC04U05:336059:336118 [0] NCCL INFO New proxy send connection 0 from local rank 0, transport 0
MOC-R4PCC04U05:336059:336125 [0] NCCL INFO Connected to proxy localRank 0 -> connection 0x7f433c004f30
MOC-R4PCC04U05:336059:336118 [0] NCCL INFO New proxy send connection 1 from local rank 0, transport 0
MOC-R4PCC04U05:336059:336125 [0] NCCL INFO Connected to proxy localRank 0 -> connection 0x7f433c004fa8
MOC-R4PCC04U05:336059:336118 [0] NCCL INFO New proxy send connection 2 from local rank 0, transport 0
MOC-R4PCC04U05:336059:336125 [0] NCCL INFO Connected to proxy localRank 0 -> connection 0x7f433c005020
MOC-R4PCC04U05:336059:336118 [0] NCCL INFO New proxy send connection 3 from local rank 0, transport 0
MOC-R4PCC04U05:336059:336125 [0] NCCL INFO Connected to proxy localRank 0 -> connection 0x7f433c005098
MOC-R4PCC04U05:336060:336121 [1] NCCL INFO New proxy recv connection 0 from local rank 1, transport 0
MOC-R4PCC04U05:336060:336126 [1] NCCL INFO Connected to proxy localRank 1 -> connection 0x7f8698004f30
MOC-R4PCC04U05:336060:336121 [1] NCCL INFO New proxy recv connection 1 from local rank 1, transport 0
MOC-R4PCC04U05:336060:336126 [1] NCCL INFO Connected to proxy localRank 1 -> connection 0x7f8698004fa8
MOC-R4PCC04U05:336060:336121 [1] NCCL INFO New proxy recv connection 2 from local rank 1, transport 0
MOC-R4PCC04U05:336060:336126 [1] NCCL INFO Connected to proxy localRank 1 -> connection 0x7f8698005020
MOC-R4PCC04U05:336060:336121 [1] NCCL INFO New proxy recv connection 3 from local rank 1, transport 0
MOC-R4PCC04U05:336060:336126 [1] NCCL INFO Connected to proxy localRank 1 -> connection 0x7f8698005098
MOC-R4PCC04U05:336062:336119 [3] NCCL INFO New proxy recv connection 0 from local rank 3, transport 0
MOC-R4PCC04U05:336062:336127 [3] NCCL INFO Connected to proxy localRank 3 -> connection 0x7f774c004f30
MOC-R4PCC04U05:336060:336121 [1] NCCL INFO New proxy send connection 4 from local rank 1, transport 0
MOC-R4PCC04U05:336060:336126 [1] NCCL INFO Connected to proxy localRank 1 -> connection 0x7f8698005110
MOC-R4PCC04U05:336060:336121 [1] NCCL INFO New proxy send connection 5 from local rank 1, transport 0
MOC-R4PCC04U05:336060:336126 [1] NCCL INFO Connected to proxy localRank 1 -> connection 0x7f8698005188
MOC-R4PCC04U05:336060:336121 [1] NCCL INFO New proxy send connection 6 from local rank 1, transport 0
MOC-R4PCC04U05:336060:336126 [1] NCCL INFO Connected to proxy localRank 1 -> connection 0x7f8698005200
MOC-R4PCC04U05:336062:336119 [3] NCCL INFO New proxy recv connection 1 from local rank 3, transport 0
MOC-R4PCC04U05:336062:336127 [3] NCCL INFO Connected to proxy localRank 3 -> connection 0x7f774c004fa8
MOC-R4PCC04U05:336061:336116 [2] NCCL INFO New proxy recv connection 0 from local rank 2, transport 2
MOC-R4PCC04U05:336061:336124 [2] NCCL INFO Connected to proxy localRank 2 -> connection 0x7fdee0004f30
MOC-R4PCC04U05:336061:336124 [2] NCCL INFO Channel 00/0 : 7[3] -> 2[2] [receive] via NET/IB/1/GDRDMA
MOC-R4PCC04U05:336061:336124 [2] NCCL INFO GPU Direct RDMA Enabled for GPU 2 / HCA 1 (distance 5 <= 5), read 0 mode Default
MOC-R4PCC04U05:336061:336116 [2] NCCL INFO New proxy recv connection 1 from local rank 2, transport 2
MOC-R4PCC04U05:336061:336124 [2] NCCL INFO Connected to proxy localRank 2 -> connection 0x7fdee0004fa8
MOC-R4PCC04U05:336061:336124 [2] NCCL INFO Channel 01/0 : 7[3] -> 2[2] [receive] via NET/IB/1/GDRDMA
MOC-R4PCC04U05:336061:336124 [2] NCCL INFO GPU Direct RDMA Enabled for GPU 2 / HCA 1 (distance 5 <= 5), read 0 mode Default
MOC-R4PCC04U05:336061:336116 [2] NCCL INFO New proxy recv connection 2 from local rank 2, transport 2
MOC-R4PCC04U05:336061:336124 [2] NCCL INFO Connected to proxy localRank 2 -> connection 0x7fdee0005020
MOC-R4PCC04U05:336061:336124 [2] NCCL INFO Channel 02/0 : 7[3] -> 2[2] [receive] via NET/IB/1/GDRDMA
MOC-R4PCC04U05:336061:336124 [2] NCCL INFO GPU Direct RDMA Enabled for GPU 2 / HCA 1 (distance 5 <= 5), read 0 mode Default
MOC-R4PCC04U05:336061:336116 [2] NCCL INFO New proxy recv connection 3 from local rank 2, transport 2
MOC-R4PCC04U05:336061:336124 [2] NCCL INFO Connected to proxy localRank 2 -> connection 0x7fdee0005098
MOC-R4PCC04U05:336061:336124 [2] NCCL INFO Channel 03/0 : 7[3] -> 2[2] [receive] via NET/IB/1/GDRDMA
MOC-R4PCC04U05:336060:336121 [1] NCCL INFO New proxy send connection 7 from local rank 1, transport 0
MOC-R4PCC04U05:336060:336126 [1] NCCL INFO Connected to proxy localRank 1 -> connection 0x7f8698005278
MOC-R4PCC04U05:336061:336116 [2] NCCL INFO New proxy send connection 4 from local rank 2, transport 0
MOC-R4PCC04U05:336061:336124 [2] NCCL INFO Connected to proxy localRank 2 -> connection 0x7fdee0005110
MOC-R4PCC04U05:336062:336119 [3] NCCL INFO New proxy recv connection 2 from local rank 3, transport 0
MOC-R4PCC04U05:336062:336127 [3] NCCL INFO Connected to proxy localRank 3 -> connection 0x7f774c005020
MOC-R4PCC04U05:336062:336119 [3] NCCL INFO New proxy recv connection 3 from local rank 3, transport 0
MOC-R4PCC04U05:336061:336116 [2] NCCL INFO New proxy send connection 5 from local rank 2, transport 0
MOC-R4PCC04U05:336062:336127 [3] NCCL INFO Connected to proxy localRank 3 -> connection 0x7f774c005098
MOC-R4PCC04U05:336061:336124 [2] NCCL INFO Connected to proxy localRank 2 -> connection 0x7fdee0005188
MOC-R4PCC04U05:336062:336127 [3] NCCL INFO GPU Direct RDMA Enabled for GPU 3 / HCA 1 (distance 5 <= 5), read 1 mode Default
MOC-R4PCC04U05:336061:336116 [2] NCCL INFO New proxy send connection 6 from local rank 2, transport 0
MOC-R4PCC04U05:336061:336124 [2] NCCL INFO Connected to proxy localRank 2 -> connection 0x7fdee0005200
MOC-R4PCC04U05:336061:336116 [2] NCCL INFO New proxy send connection 7 from local rank 3, transport 2
MOC-R4PCC04U05:336062:336127 [3] NCCL INFO Connected to proxy localRank 2 -> connection 0x7fdee0005278
MOC-R4PCC04U05:336062:336127 [3] NCCL INFO Channel 00/0 : 3[3] -> 6[2] [send] via NET/IB/1(2)/GDRDMA
MOC-R4PCC04U05:336062:336127 [3] NCCL INFO GPU Direct RDMA Enabled for GPU 3 / HCA 1 (distance 5 <= 5), read 1 mode Default
MOC-R4PCC04U05:336061:336116 [2] NCCL INFO New proxy send connection 8 from local rank 2, transport 0
MOC-R4PCC04U05:336061:336124 [2] NCCL INFO Connected to proxy localRank 2 -> connection 0x7fdee00052f0
MOC-R4PCC04U05:336061:336116 [2] NCCL INFO New proxy send connection 9 from local rank 3, transport 2
MOC-R4PCC04U05:336062:336127 [3] NCCL INFO Connected to proxy localRank 2 -> connection 0x7fdee0005368
MOC-R4PCC04U05:336062:336127 [3] NCCL INFO Channel 01/0 : 3[3] -> 6[2] [send] via NET/IB/1(2)/GDRDMA
MOC-R4PCC04U05:336062:336127 [3] NCCL INFO GPU Direct RDMA Enabled for GPU 3 / HCA 1 (distance 5 <= 5), read 1 mode Default
MOC-R4PCC04U05:336061:336116 [2] NCCL INFO New proxy send connection 10 from local rank 3, transport 2
MOC-R4PCC04U05:336062:336127 [3] NCCL INFO Connected to proxy localRank 2 -> connection 0x7fdee00053e0
MOC-R4PCC04U05:336062:336127 [3] NCCL INFO Channel 02/0 : 3[3] -> 6[2] [send] via NET/IB/1(2)/GDRDMA
MOC-R4PCC04U05:336062:336127 [3] NCCL INFO GPU Direct RDMA Enabled for GPU 3 / HCA 1 (distance 5 <= 5), read 1 mode Default
MOC-R4PCC04U05:336060:336121 [1] NCCL INFO New proxy send connection 8 from local rank 2, transport 0
MOC-R4PCC04U05:336061:336124 [2] NCCL INFO Connected to proxy localRank 1 -> connection 0x7f86980052f0
MOC-R4PCC04U05:336061:336116 [2] NCCL INFO New proxy send connection 11 from local rank 3, transport 2
MOC-R4PCC04U05:336062:336127 [3] NCCL INFO Connected to proxy localRank 2 -> connection 0x7fdee0005458
MOC-R4PCC04U05:336062:336127 [3] NCCL INFO Channel 03/0 : 3[3] -> 6[2] [send] via NET/IB/1(2)/GDRDMA
MOC-R4PCC04U05:336059:336118 [0] NCCL INFO New proxy recv connection 4 from local rank 0, transport 0
MOC-R4PCC04U05:336059:336125 [0] NCCL INFO Connected to proxy localRank 0 -> connection 0x7f433c005110
MOC-R4PCC04U05:336059:336118 [0] NCCL INFO New proxy recv connection 5 from local rank 0, transport 0
MOC-R4PCC04U05:336059:336125 [0] NCCL INFO Connected to proxy localRank 0 -> connection 0x7f433c005188
MOC-R4PCC04U05:336059:336118 [0] NCCL INFO New proxy send connection 6 from local rank 3, transport 0
MOC-R4PCC04U05:336062:336127 [3] NCCL INFO Connected to proxy localRank 0 -> connection 0x7f433c005200
MOC-R4PCC04U05:336059:336118 [0] NCCL INFO New proxy recv connection 7 from local rank 0, transport 0
MOC-R4PCC04U05:336059:336125 [0] NCCL INFO Connected to proxy localRank 0 -> connection 0x7f433c005278
MOC-R4PCC04U05:336059:336118 [0] NCCL INFO New proxy recv connection 8 from local rank 0, transport 0
MOC-R4PCC04U05:336059:336125 [0] NCCL INFO Connected to proxy localRank 0 -> connection 0x7f433c0052f0
MOC-R4PCC04U05:336059:336118 [0] NCCL INFO New proxy send connection 9 from local rank 1, transport 0
MOC-R4PCC04U05:336060:336126 [1] NCCL INFO Connected to proxy localRank 0 -> connection 0x7f433c005368
MOC-R4PCC04U05:336062:336119 [3] NCCL INFO New proxy send connection 4 from local rank 0, transport 0
MOC-R4PCC04U05:336059:336125 [0] NCCL INFO Connected to proxy localRank 3 -> connection 0x7f774c005110
MOC-R4PCC04U05:336061:336116 [2] NCCL INFO NET/IB: NCCL Dev 1 IbDev 0 Port 1 qpn 3566 mtu 3 query_ece={supported=1, vendor_id=0x15b3, options=0x30000002, comp_mask=0x0} GID 3 (0/C132A8C0FFFF0000) fifoRkey=0x177837 fifoLkey=0x177837
MOC-R4PCC04U05:336061:336116 [2] NCCL INFO NET/IB: NCCL Dev 1 IbDev 0 Port 1 qpn 3567 mtu 3 query_ece={supported=1, vendor_id=0x15b3, options=0x30000002, comp_mask=0x0} GID 3 (0/C132A8C0FFFF0000) fifoRkey=0x17f1b0 fifoLkey=0x17f1b0
MOC-R4PCC04U05:336061:336116 [2] NCCL INFO NET/IB: IbDev 0 Port 1 qpn 3804 set_ece={supported=1, vendor_id=0x15b3, options=0x0, comp_mask=0x0}
MOC-R4PCC04U05:336060:336121 [1] NCCL INFO New proxy send connection 9 from local rank 0, transport 0
MOC-R4PCC04U05:336059:336125 [0] NCCL INFO Connected to proxy localRank 1 -> connection 0x7f8698005368
MOC-R4PCC04U05:336061:336116 [2] NCCL INFO NET/IB: IbDev 0 Port 1 qpn 3806 set_ece={supported=1, vendor_id=0x15b3, options=0x0, comp_mask=0x0}
MOC-R4PCC04U05:336061:336116 [2] NCCL INFO New proxy send connection 12 from local rank 1, transport 0
MOC-R4PCC04U05:336060:336126 [1] NCCL INFO Connected to proxy localRank 2 -> connection 0x7fdee00054d0
MOC-R4PCC04U05:336061:336116 [2] NCCL INFO New proxy send connection 13 from local rank 3, transport 0
MOC-R4PCC04U05:336062:336127 [3] NCCL INFO Connected to proxy localRank 2 -> connection 0x7fdee0005548
MOC-R4PCC04U05:336061:336116 [2] NCCL INFO NET/IB: NCCL Dev 1 IbDev 0 Port 1 qpn 3570 mtu 3 query_ece={supported=1, vendor_id=0x15b3, options=0x30000002, comp_mask=0x0} GID 3 (0/C132A8C0FFFF0000) fifoRkey=0x17904f fifoLkey=0x17904f
MOC-R4PCC04U05:336061:336116 [2] NCCL INFO NET/IB: NCCL Dev 1 IbDev 0 Port 1 qpn 3571 mtu 3 query_ece={supported=1, vendor_id=0x15b3, options=0x30000002, comp_mask=0x0} GID 3 (0/C132A8C0FFFF0000) fifoRkey=0x175412 fifoLkey=0x175412
MOC-R4PCC04U05:336061:336116 [2] NCCL INFO NET/IB: IbDev 0 Port 1 qpn 3808 set_ece={supported=1, vendor_id=0x15b3, options=0x0, comp_mask=0x0}
MOC-R4PCC04U05:336061:336116 [2] NCCL INFO NET/IB: IbDev 0 Port 1 qpn 3810 set_ece={supported=1, vendor_id=0x15b3, options=0x0, comp_mask=0x0}
num decayed parameter tensors: 50, with 124,318,464 parameters
num non-decayed parameter tensors: 98, with 121,344 parameters
using fused AdamW: False
using regular AdamW
MOC-R4PCC04U05:336061:336116 [2] NCCL INFO New proxy send connection 14 from local rank 2, transport 0
MOC-R4PCC04U05:336061:336821 [2] NCCL INFO Connected to proxy localRank 2 -> connection 0x7fdee00055c0
MOC-R4PCC04U05:336061:336116 [2] NCCL INFO New proxy send connection 15 from local rank 2, transport 0
MOC-R4PCC04U05:336061:336821 [2] NCCL INFO Connected to proxy localRank 2 -> connection 0x7fdee0005638
MOC-R4PCC04U05:336061:336116 [2] NCCL INFO New proxy send connection 16 from local rank 2, transport 0
MOC-R4PCC04U05:336061:336821 [2] NCCL INFO Connected to proxy localRank 2 -> connection 0x7fdee00056b0
MOC-R4PCC04U05:336061:336116 [2] NCCL INFO New proxy send connection 17 from local rank 2, transport 0
MOC-R4PCC04U05:336061:336821 [2] NCCL INFO Connected to proxy localRank 2 -> connection 0x7fdee0005728
MOC-R4PCC04U05:336059:336118 [0] NCCL INFO New proxy send connection 10 from local rank 0, transport 0
MOC-R4PCC04U05:336059:336822 [0] NCCL INFO Connected to proxy localRank 0 -> connection 0x7f433c0053e0
MOC-R4PCC04U05:336059:336118 [0] NCCL INFO New proxy send connection 11 from local rank 0, transport 0
MOC-R4PCC04U05:336059:336822 [0] NCCL INFO Connected to proxy localRank 0 -> connection 0x7f433c005458
MOC-R4PCC04U05:336059:336118 [0] NCCL INFO New proxy send connection 12 from local rank 0, transport 0
MOC-R4PCC04U05:336059:336822 [0] NCCL INFO Connected to proxy localRank 0 -> connection 0x7f433c0054d0
MOC-R4PCC04U05:336059:336118 [0] NCCL INFO New proxy send connection 13 from local rank 0, transport 0
MOC-R4PCC04U05:336059:336822 [0] NCCL INFO Connected to proxy localRank 0 -> connection 0x7f433c005548
MOC-R4PCC04U05:336062:336119 [3] NCCL INFO New proxy recv connection 5 from local rank 3, transport 0
MOC-R4PCC04U05:336062:336823 [3] NCCL INFO Connected to proxy localRank 3 -> connection 0x7f774c005188
MOC-R4PCC04U05:336062:336119 [3] NCCL INFO New proxy recv connection 6 from local rank 3, transport 0
MOC-R4PCC04U05:336062:336823 [3] NCCL INFO Connected to proxy localRank 3 -> connection 0x7f774c005200
MOC-R4PCC04U05:336062:336119 [3] NCCL INFO New proxy recv connection 7 from local rank 3, transport 0
MOC-R4PCC04U05:336062:336823 [3] NCCL INFO Connected to proxy localRank 3 -> connection 0x7f774c005278
MOC-R4PCC04U05:336062:336119 [3] NCCL INFO New proxy recv connection 8 from local rank 3, transport 0
MOC-R4PCC04U05:336062:336823 [3] NCCL INFO Connected to proxy localRank 3 -> connection 0x7f774c0052f0
MOC-R4PCC04U05:336062:336119 [3] NCCL INFO New proxy send connection 9 from local rank 3, transport 0
MOC-R4PCC04U05:336061:336821 [2] NCCL INFO GPU Direct RDMA Enabled for GPU 2 / HCA 1 (distance 5 <= 5), read 0 mode Default
MOC-R4PCC04U05:336062:336823 [3] NCCL INFO Connected to proxy localRank 3 -> connection 0x7f774c005368
MOC-R4PCC04U05:336061:336116 [2] NCCL INFO New proxy recv connection 18 from local rank 2, transport 2
MOC-R4PCC04U05:336061:336821 [2] NCCL INFO Connected to proxy localRank 2 -> connection 0x7fdee00057a0
MOC-R4PCC04U05:336062:336119 [3] NCCL INFO New proxy send connection 10 from local rank 3, transport 0
MOC-R4PCC04U05:336062:336823 [3] NCCL INFO Connected to proxy localRank 3 -> connection 0x7f774c0053e0
MOC-R4PCC04U05:336061:336821 [2] NCCL INFO Channel 00/0 : 6[2] -> 2[2] [receive] via NET/IB/1/GDRDMA
MOC-R4PCC04U05:336061:336821 [2] NCCL INFO GPU Direct RDMA Enabled for GPU 2 / HCA 1 (distance 5 <= 5), read 0 mode Default
MOC-R4PCC04U05:336061:336116 [2] NCCL INFO New proxy recv connection 19 from local rank 2, transport 2
MOC-R4PCC04U05:336061:336821 [2] NCCL INFO Connected to proxy localRank 2 -> connection 0x7fdee0005818
MOC-R4PCC04U05:336061:336821 [2] NCCL INFO Channel 01/0 : 6[2] -> 2[2] [receive] via NET/IB/1/GDRDMA
MOC-R4PCC04U05:336061:336821 [2] NCCL INFO GPU Direct RDMA Enabled for GPU 2 / HCA 1 (distance 5 <= 5), read 0 mode Default
MOC-R4PCC04U05:336062:336119 [3] NCCL INFO New proxy send connection 11 from local rank 3, transport 0
MOC-R4PCC04U05:336061:336116 [2] NCCL INFO New proxy recv connection 20 from local rank 2, transport 2
MOC-R4PCC04U05:336062:336823 [3] NCCL INFO Connected to proxy localRank 3 -> connection 0x7f774c005458
MOC-R4PCC04U05:336061:336821 [2] NCCL INFO Connected to proxy localRank 2 -> connection 0x7fdee0005890
MOC-R4PCC04U05:336061:336821 [2] NCCL INFO Channel 02/0 : 6[2] -> 2[2] [receive] via NET/IB/1/GDRDMA
MOC-R4PCC04U05:336061:336821 [2] NCCL INFO GPU Direct RDMA Enabled for GPU 2 / HCA 1 (distance 5 <= 5), read 0 mode Default
MOC-R4PCC04U05:336061:336116 [2] NCCL INFO New proxy recv connection 21 from local rank 2, transport 2
MOC-R4PCC04U05:336061:336821 [2] NCCL INFO Connected to proxy localRank 2 -> connection 0x7fdee0005908
MOC-R4PCC04U05:336061:336821 [2] NCCL INFO Channel 03/0 : 6[2] -> 2[2] [receive] via NET/IB/1/GDRDMA
MOC-R4PCC04U05:336061:336821 [2] NCCL INFO GPU Direct RDMA Enabled for GPU 2 / HCA 1 (distance 5 <= 5), read 1 mode Default
MOC-R4PCC04U05:336062:336119 [3] NCCL INFO New proxy send connection 12 from local rank 3, transport 0
MOC-R4PCC04U05:336062:336823 [3] NCCL INFO Connected to proxy localRank 3 -> connection 0x7f774c0054d0
MOC-R4PCC04U05:336061:336116 [2] NCCL INFO New proxy send connection 22 from local rank 2, transport 2
MOC-R4PCC04U05:336061:336821 [2] NCCL INFO Connected to proxy localRank 2 -> connection 0x7fdee0005980
MOC-R4PCC04U05:336061:336821 [2] NCCL INFO Channel 00/0 : 2[2] -> 6[2] [send] via NET/IB/1/GDRDMA
MOC-R4PCC04U05:336061:336821 [2] NCCL INFO GPU Direct RDMA Enabled for GPU 2 / HCA 1 (distance 5 <= 5), read 1 mode Default
MOC-R4PCC04U05:336061:336116 [2] NCCL INFO New proxy send connection 23 from local rank 2, transport 2
MOC-R4PCC04U05:336061:336821 [2] NCCL INFO Connected to proxy localRank 2 -> connection 0x7fdee00059f8
MOC-R4PCC04U05:336061:336821 [2] NCCL INFO Channel 01/0 : 2[2] -> 6[2] [send] via NET/IB/1/GDRDMA
MOC-R4PCC04U05:336061:336821 [2] NCCL INFO GPU Direct RDMA Enabled for GPU 2 / HCA 1 (distance 5 <= 5), read 1 mode Default
MOC-R4PCC04U05:336061:336116 [2] NCCL INFO New proxy send connection 24 from local rank 2, transport 2
MOC-R4PCC04U05:336061:336821 [2] NCCL INFO Connected to proxy localRank 2 -> connection 0x7fdee0005a70
MOC-R4PCC04U05:336061:336821 [2] NCCL INFO Channel 02/0 : 2[2] -> 6[2] [send] via NET/IB/1/GDRDMA
MOC-R4PCC04U05:336061:336821 [2] NCCL INFO GPU Direct RDMA Enabled for GPU 2 / HCA 1 (distance 5 <= 5), read 1 mode Default
MOC-R4PCC04U05:336061:336116 [2] NCCL INFO New proxy send connection 25 from local rank 2, transport 2
MOC-R4PCC04U05:336061:336821 [2] NCCL INFO Connected to proxy localRank 2 -> connection 0x7fdee0005ae8
MOC-R4PCC04U05:336061:336821 [2] NCCL INFO Channel 03/0 : 2[2] -> 6[2] [send] via NET/IB/1/GDRDMA
MOC-R4PCC04U05:336060:336121 [1] NCCL INFO New proxy recv connection 10 from local rank 1, transport 0
MOC-R4PCC04U05:336060:336824 [1] NCCL INFO Connected to proxy localRank 1 -> connection 0x7f86980053e0
MOC-R4PCC04U05:336060:336121 [1] NCCL INFO New proxy recv connection 11 from local rank 1, transport 0
MOC-R4PCC04U05:336060:336824 [1] NCCL INFO Connected to proxy localRank 1 -> connection 0x7f8698005458
MOC-R4PCC04U05:336060:336121 [1] NCCL INFO New proxy recv connection 12 from local rank 1, transport 0
MOC-R4PCC04U05:336060:336824 [1] NCCL INFO Connected to proxy localRank 1 -> connection 0x7f86980054d0
MOC-R4PCC04U05:336060:336121 [1] NCCL INFO New proxy recv connection 13 from local rank 1, transport 0
MOC-R4PCC04U05:336060:336824 [1] NCCL INFO Connected to proxy localRank 1 -> connection 0x7f8698005548
MOC-R4PCC04U05:336059:336118 [0] NCCL INFO New proxy recv connection 14 from local rank 0, transport 0
MOC-R4PCC04U05:336059:336822 [0] NCCL INFO Connected to proxy localRank 0 -> connection 0x7f433c0055c0
MOC-R4PCC04U05:336059:336118 [0] NCCL INFO New proxy recv connection 15 from local rank 0, transport 0
MOC-R4PCC04U05:336059:336822 [0] NCCL INFO Connected to proxy localRank 0 -> connection 0x7f433c005638
MOC-R4PCC04U05:336059:336118 [0] NCCL INFO New proxy recv connection 16 from local rank 0, transport 0
MOC-R4PCC04U05:336059:336822 [0] NCCL INFO Connected to proxy localRank 0 -> connection 0x7f433c0056b0
MOC-R4PCC04U05:336059:336118 [0] NCCL INFO New proxy recv connection 17 from local rank 0, transport 0
MOC-R4PCC04U05:336059:336822 [0] NCCL INFO Connected to proxy localRank 0 -> connection 0x7f433c005728
MOC-R4PCC04U05:336062:336119 [3] NCCL INFO New proxy send connection 13 from local rank 3, transport 0
MOC-R4PCC04U05:336062:336823 [3] NCCL INFO Connected to proxy localRank 3 -> connection 0x7f774c005548
MOC-R4PCC04U05:336062:336119 [3] NCCL INFO New proxy send connection 14 from local rank 3, transport 0
MOC-R4PCC04U05:336062:336823 [3] NCCL INFO Connected to proxy localRank 3 -> connection 0x7f774c0055c0
MOC-R4PCC04U05:336062:336119 [3] NCCL INFO New proxy send connection 15 from local rank 3, transport 0
MOC-R4PCC04U05:336062:336823 [3] NCCL INFO Connected to proxy localRank 3 -> connection 0x7f774c005638
MOC-R4PCC04U05:336062:336119 [3] NCCL INFO New proxy send connection 16 from local rank 3, transport 0
MOC-R4PCC04U05:336062:336823 [3] NCCL INFO Connected to proxy localRank 3 -> connection 0x7f774c0056b0
MOC-R4PCC04U05:336061:336116 [2] NCCL INFO New proxy recv connection 26 from local rank 2, transport 0
MOC-R4PCC04U05:336061:336821 [2] NCCL INFO Connected to proxy localRank 2 -> connection 0x7fdee0005b60
MOC-R4PCC04U05:336061:336116 [2] NCCL INFO New proxy recv connection 27 from local rank 2, transport 0
MOC-R4PCC04U05:336061:336821 [2] NCCL INFO Connected to proxy localRank 2 -> connection 0x7fdee0005bd8
MOC-R4PCC04U05:336061:336116 [2] NCCL INFO New proxy recv connection 28 from local rank 2, transport 0
MOC-R4PCC04U05:336061:336821 [2] NCCL INFO Connected to proxy localRank 2 -> connection 0x7fdee0005c50
MOC-R4PCC04U05:336061:336116 [2] NCCL INFO New proxy recv connection 29 from local rank 2, transport 0
MOC-R4PCC04U05:336061:336821 [2] NCCL INFO Connected to proxy localRank 2 -> connection 0x7fdee0005cc8
MOC-R4PCC04U05:336062:336119 [3] NCCL INFO New proxy send connection 17 from local rank 2, transport 0
MOC-R4PCC04U05:336061:336821 [2] NCCL INFO Connected to proxy localRank 3 -> connection 0x7f774c005728
MOC-R4PCC04U05:336061:336116 [2] NCCL INFO NET/IB: NCCL Dev 1 IbDev 0 Port 1 qpn 3572 mtu 3 query_ece={supported=1, vendor_id=0x15b3, options=0x30000002, comp_mask=0x0} GID 3 (0/C132A8C0FFFF0000) fifoRkey=0x17e2a1 fifoLkey=0x17e2a1
MOC-R4PCC04U05:336061:336116 [2] NCCL INFO NET/IB: IbDev 0 Port 1 qpn 3813 set_ece={supported=1, vendor_id=0x15b3, options=0x0, comp_mask=0x0}
MOC-R4PCC04U05:336061:336116 [2] NCCL INFO NET/IB: NCCL Dev 1 IbDev 0 Port 1 qpn 3575 mtu 3 query_ece={supported=1, vendor_id=0x15b3, options=0x30000002, comp_mask=0x0} GID 3 (0/C132A8C0FFFF0000) fifoRkey=0x17f5b4 fifoLkey=0x17f5b4
MOC-R4PCC04U05:336061:336116 [2] NCCL INFO NET/IB: IbDev 0 Port 1 qpn 3816 set_ece={supported=1, vendor_id=0x15b3, options=0x0, comp_mask=0x0}
MOC-R4PCC04U05:336061:336116 [2] NCCL INFO NET/IB: NCCL Dev 1 IbDev 0 Port 1 qpn 3580 mtu 3 query_ece={supported=1, vendor_id=0x15b3, options=0x30000002, comp_mask=0x0} GID 3 (0/C132A8C0FFFF0000) fifoRkey=0x180ac9 fifoLkey=0x180ac9
MOC-R4PCC04U05:336061:336116 [2] NCCL INFO NET/IB: NCCL Dev 1 IbDev 0 Port 1 qpn 3581 mtu 3 query_ece={supported=1, vendor_id=0x15b3, options=0x30000002, comp_mask=0x0} GID 3 (0/C132A8C0FFFF0000) fifoRkey=0x17fdbc fifoLkey=0x17fdbc
MOC-R4PCC04U05:336061:336116 [2] NCCL INFO NET/IB: IbDev 0 Port 1 qpn 3819 set_ece={supported=1, vendor_id=0x15b3, options=0x0, comp_mask=0x0}
MOC-R4PCC04U05:336061:336116 [2] NCCL INFO NET/IB: IbDev 0 Port 1 qpn 3821 set_ece={supported=1, vendor_id=0x15b3, options=0x0, comp_mask=0x0}
step    1/10 | train loss 11.008972 | norm 15.7109 | lr 1.00e-04 | (14570.85 ms | 35982 tok/s)
step    2/10 | train loss 10.123223 | norm 5.8018 | lr 1.00e-04 | (189.93 ms | 2760470 tok/s)
step    3/10 | train loss 9.777214 | norm 2.6314 | lr 1.00e-04 | (186.80 ms | 2806641 tok/s)
step    4/10 | train loss 9.607358 | norm 2.1166 | lr 1.00e-04 | (190.51 ms | 2752085 tok/s)
step    5/10 | train loss 9.524710 | norm 2.1076 | lr 1.00e-04 | (186.50 ms | 2811234 tok/s)
step    6/10 | train loss 9.443523 | norm 2.0013 | lr 1.00e-04 | (188.33 ms | 2783849 tok/s)
step    7/10 | train loss 9.358724 | norm 1.9491 | lr 1.00e-04 | (186.90 ms | 2805238 tok/s)
step    8/10 | train loss 9.269126 | norm 1.9124 | lr 1.00e-04 | (186.38 ms | 2812971 tok/s)
step    9/10 | train loss 9.176628 | norm 1.8636 | lr 1.00e-04 | (188.08 ms | 2787554 tok/s)
step   10/10 | train loss 9.088062 | norm 1.7782 | lr 1.00e-04 | (187.16 ms | 2801325 tok/s)
final 9 iters avg: 187.842ms
peak memory consumption: 16601 MiB
