Running pytorch 2.7.0+cu126
using device: cuda:0
total desired batch size: 1179648
=> calculated gradient accumulation steps: 3
using device: cuda:3
using device: cuda:1
using device: cuda:2
compiling the model...
DataLoader: total number of tokens: 1,661,249,667 across 103 files
MOC-R4PCC04U05:516024:516024 [0] NCCL INFO NCCL_SOCKET_IFNAME set to eno7np0
MOC-R4PCC04U05:516024:516024 [0] NCCL INFO NCCL version 2.26.2+cuda12.2
MOC-R4PCC04U05:516024:516128 [0] NCCL INFO NET/Plugin: Could not find: libnccl-net.so. Using internal net plugin.
MOC-R4PCC04U05:516024:516128 [0] NCCL INFO NET/Socket : Using [0]eno7np0:192.168.50.193<0>
MOC-R4PCC04U05:516027:516027 [3] NCCL INFO NCCL_SOCKET_IFNAME set to eno7np0
MOC-R4PCC04U05:516025:516025 [1] NCCL INFO NCCL_SOCKET_IFNAME set to eno7np0
MOC-R4PCC04U05:516027:516027 [3] NCCL INFO NCCL version 2.26.2+cuda12.2
MOC-R4PCC04U05:516025:516025 [1] NCCL INFO NCCL version 2.26.2+cuda12.2
MOC-R4PCC04U05:516026:516026 [2] NCCL INFO NCCL_SOCKET_IFNAME set to eno7np0
MOC-R4PCC04U05:516026:516026 [2] NCCL INFO NCCL version 2.26.2+cuda12.2
MOC-R4PCC04U05:516027:516150 [3] NCCL INFO NET/Plugin: Could not find: libnccl-net.so. Using internal net plugin.
MOC-R4PCC04U05:516025:516151 [1] NCCL INFO NET/Plugin: Could not find: libnccl-net.so. Using internal net plugin.
MOC-R4PCC04U05:516027:516150 [3] NCCL INFO NET/Socket : Using [0]eno7np0:192.168.50.193<0>
MOC-R4PCC04U05:516025:516151 [1] NCCL INFO NET/Socket : Using [0]eno7np0:192.168.50.193<0>
MOC-R4PCC04U05:516026:516152 [2] NCCL INFO NET/Plugin: Could not find: libnccl-net.so. Using internal net plugin.
MOC-R4PCC04U05:516026:516152 [2] NCCL INFO NET/Socket : Using [0]eno7np0:192.168.50.193<0>
MOC-R4PCC04U05:516025:516151 [1] NCCL INFO NET/Socket : GPU Direct RDMA Disabled for HCA 0 'eno7np0'
MOC-R4PCC04U05:516024:516128 [0] NCCL INFO NET/Socket : GPU Direct RDMA Disabled for HCA 0 'eno7np0'
MOC-R4PCC04U05:516026:516152 [2] NCCL INFO NET/Socket : GPU Direct RDMA Disabled for HCA 0 'eno7np0'
MOC-R4PCC04U05:516027:516150 [3] NCCL INFO NET/Socket : GPU Direct RDMA Disabled for HCA 0 'eno7np0'
MOC-R4PCC04U05:516025:516168 [1] NCCL INFO New proxy recv connection 0 from local rank 1, transport 0
MOC-R4PCC04U05:516025:516237 [1] NCCL INFO Connected to proxy localRank 1 -> connection 0x7f84b4004f30
MOC-R4PCC04U05:516025:516168 [1] NCCL INFO New proxy recv connection 1 from local rank 1, transport 0
MOC-R4PCC04U05:516025:516237 [1] NCCL INFO Connected to proxy localRank 1 -> connection 0x7f84b4004fa8
MOC-R4PCC04U05:516024:516163 [0] NCCL INFO New proxy send connection 0 from local rank 0, transport 0
MOC-R4PCC04U05:516024:516238 [0] NCCL INFO Connected to proxy localRank 0 -> connection 0x7f9908004f30
MOC-R4PCC04U05:516026:516164 [2] NCCL INFO New proxy recv connection 0 from local rank 2, transport 0
MOC-R4PCC04U05:516026:516239 [2] NCCL INFO Connected to proxy localRank 2 -> connection 0x7fa408004f30
MOC-R4PCC04U05:516024:516163 [0] NCCL INFO New proxy send connection 1 from local rank 0, transport 0
MOC-R4PCC04U05:516024:516238 [0] NCCL INFO Connected to proxy localRank 0 -> connection 0x7f9908004fa8
MOC-R4PCC04U05:516026:516164 [2] NCCL INFO New proxy recv connection 1 from local rank 2, transport 0
MOC-R4PCC04U05:516026:516239 [2] NCCL INFO Connected to proxy localRank 2 -> connection 0x7fa408004fa8
MOC-R4PCC04U05:516024:516163 [0] NCCL INFO New proxy send connection 2 from local rank 0, transport 0
MOC-R4PCC04U05:516024:516238 [0] NCCL INFO Connected to proxy localRank 0 -> connection 0x7f9908005020
MOC-R4PCC04U05:516027:516162 [3] NCCL INFO New proxy recv connection 0 from local rank 3, transport 0
MOC-R4PCC04U05:516027:516240 [3] NCCL INFO Connected to proxy localRank 3 -> connection 0x7f4544004f30
MOC-R4PCC04U05:516024:516163 [0] NCCL INFO New proxy send connection 3 from local rank 0, transport 0
MOC-R4PCC04U05:516024:516238 [0] NCCL INFO Connected to proxy localRank 0 -> connection 0x7f9908005098
MOC-R4PCC04U05:516027:516162 [3] NCCL INFO New proxy recv connection 1 from local rank 3, transport 0
MOC-R4PCC04U05:516027:516240 [3] NCCL INFO Connected to proxy localRank 3 -> connection 0x7f4544004fa8
MOC-R4PCC04U05:516026:516164 [2] NCCL INFO New proxy recv connection 2 from local rank 2, transport 2
MOC-R4PCC04U05:516026:516239 [2] NCCL INFO Connected to proxy localRank 2 -> connection 0x7fa408005020
MOC-R4PCC04U05:516026:516239 [2] NCCL INFO Channel 00/0 : 11[3] -> 2[2] [receive] via NET/Socket/0
MOC-R4PCC04U05:516026:516164 [2] NCCL INFO New proxy recv connection 3 from local rank 2, transport 2
MOC-R4PCC04U05:516026:516239 [2] NCCL INFO Connected to proxy localRank 2 -> connection 0x7fa408005098
MOC-R4PCC04U05:516026:516239 [2] NCCL INFO Channel 02/0 : 11[3] -> 2[2] [receive] via NET/Socket/0
MOC-R4PCC04U05:516026:516164 [2] NCCL INFO New proxy send connection 4 from local rank 2, transport 2
MOC-R4PCC04U05:516026:516239 [2] NCCL INFO Connected to proxy localRank 2 -> connection 0x7fa408005110
MOC-R4PCC04U05:516026:516239 [2] NCCL INFO Channel 01/0 : 2[2] -> 7[3] [send] via NET/Socket/0
MOC-R4PCC04U05:516026:516164 [2] NCCL INFO New proxy send connection 5 from local rank 2, transport 2
MOC-R4PCC04U05:516026:516239 [2] NCCL INFO Connected to proxy localRank 2 -> connection 0x7fa408005188
MOC-R4PCC04U05:516026:516239 [2] NCCL INFO Channel 03/0 : 2[2] -> 7[3] [send] via NET/Socket/0
MOC-R4PCC04U05:516026:516164 [2] NCCL INFO New proxy send connection 6 from local rank 2, transport 0
MOC-R4PCC04U05:516026:516239 [2] NCCL INFO Connected to proxy localRank 2 -> connection 0x7fa408005200
MOC-R4PCC04U05:516026:516164 [2] NCCL INFO New proxy send connection 7 from local rank 2, transport 0
MOC-R4PCC04U05:516026:516239 [2] NCCL INFO Connected to proxy localRank 2 -> connection 0x7fa408005278
MOC-R4PCC04U05:516027:516162 [3] NCCL INFO New proxy send connection 2 from local rank 3, transport 2
MOC-R4PCC04U05:516027:516240 [3] NCCL INFO Connected to proxy localRank 3 -> connection 0x7f4544005020
MOC-R4PCC04U05:516027:516240 [3] NCCL INFO Channel 00/0 : 3[3] -> 6[2] [send] via NET/Socket/0
MOC-R4PCC04U05:516027:516162 [3] NCCL INFO New proxy send connection 3 from local rank 3, transport 2
MOC-R4PCC04U05:516027:516240 [3] NCCL INFO Connected to proxy localRank 3 -> connection 0x7f4544005098
MOC-R4PCC04U05:516027:516240 [3] NCCL INFO Channel 02/0 : 3[3] -> 6[2] [send] via NET/Socket/0
MOC-R4PCC04U05:516024:516163 [0] NCCL INFO New proxy recv connection 4 from local rank 0, transport 0
MOC-R4PCC04U05:516024:516238 [0] NCCL INFO Connected to proxy localRank 0 -> connection 0x7f9908005110
MOC-R4PCC04U05:516027:516162 [3] NCCL INFO New proxy recv connection 4 from local rank 3, transport 2
MOC-R4PCC04U05:516027:516240 [3] NCCL INFO Connected to proxy localRank 3 -> connection 0x7f4544005110
MOC-R4PCC04U05:516024:516163 [0] NCCL INFO New proxy recv connection 5 from local rank 0, transport 0
MOC-R4PCC04U05:516024:516238 [0] NCCL INFO Connected to proxy localRank 0 -> connection 0x7f9908005188
MOC-R4PCC04U05:516027:516240 [3] NCCL INFO Channel 01/0 : 10[2] -> 3[3] [receive] via NET/Socket/0
MOC-R4PCC04U05:516027:516162 [3] NCCL INFO New proxy recv connection 5 from local rank 3, transport 2
MOC-R4PCC04U05:516027:516240 [3] NCCL INFO Connected to proxy localRank 3 -> connection 0x7f4544005188
MOC-R4PCC04U05:516024:516163 [0] NCCL INFO New proxy recv connection 6 from local rank 0, transport 0
MOC-R4PCC04U05:516024:516238 [0] NCCL INFO Connected to proxy localRank 0 -> connection 0x7f9908005200
MOC-R4PCC04U05:516027:516240 [3] NCCL INFO Channel 03/0 : 10[2] -> 3[3] [receive] via NET/Socket/0
MOC-R4PCC04U05:516024:516163 [0] NCCL INFO New proxy recv connection 7 from local rank 0, transport 0
MOC-R4PCC04U05:516024:516238 [0] NCCL INFO Connected to proxy localRank 0 -> connection 0x7f9908005278
MOC-R4PCC04U05:516027:516162 [3] NCCL INFO New proxy send connection 6 from local rank 3, transport 0
MOC-R4PCC04U05:516027:516240 [3] NCCL INFO Connected to proxy localRank 3 -> connection 0x7f4544005200
MOC-R4PCC04U05:516027:516162 [3] NCCL INFO New proxy send connection 7 from local rank 3, transport 0
MOC-R4PCC04U05:516027:516240 [3] NCCL INFO Connected to proxy localRank 3 -> connection 0x7f4544005278
MOC-R4PCC04U05:516025:516168 [1] NCCL INFO New proxy recv connection 2 from local rank 1, transport 0
MOC-R4PCC04U05:516025:516237 [1] NCCL INFO Connected to proxy localRank 1 -> connection 0x7f84b4005020
MOC-R4PCC04U05:516024:516163 [0] NCCL INFO New proxy send connection 8 from local rank 3, transport 0
MOC-R4PCC04U05:516027:516240 [3] NCCL INFO Connected to proxy localRank 0 -> connection 0x7f99080052f0
MOC-R4PCC04U05:516025:516168 [1] NCCL INFO New proxy recv connection 3 from local rank 1, transport 0
MOC-R4PCC04U05:516025:516237 [1] NCCL INFO Connected to proxy localRank 1 -> connection 0x7f84b4005098
MOC-R4PCC04U05:516025:516168 [1] NCCL INFO New proxy send connection 4 from local rank 1, transport 0
MOC-R4PCC04U05:516025:516237 [1] NCCL INFO Connected to proxy localRank 1 -> connection 0x7f84b4005110
MOC-R4PCC04U05:516025:516168 [1] NCCL INFO New proxy send connection 5 from local rank 1, transport 0
MOC-R4PCC04U05:516025:516237 [1] NCCL INFO Connected to proxy localRank 1 -> connection 0x7f84b4005188
MOC-R4PCC04U05:516025:516168 [1] NCCL INFO New proxy send connection 6 from local rank 1, transport 0
MOC-R4PCC04U05:516025:516237 [1] NCCL INFO Connected to proxy localRank 1 -> connection 0x7f84b4005200
MOC-R4PCC04U05:516025:516168 [1] NCCL INFO New proxy send connection 7 from local rank 1, transport 0
MOC-R4PCC04U05:516025:516237 [1] NCCL INFO Connected to proxy localRank 1 -> connection 0x7f84b4005278
MOC-R4PCC04U05:516024:516163 [0] NCCL INFO New proxy send connection 9 from local rank 2, transport 0
MOC-R4PCC04U05:516026:516239 [2] NCCL INFO Connected to proxy localRank 0 -> connection 0x7f9908005368
MOC-R4PCC04U05:516026:516164 [2] NCCL INFO New proxy send connection 8 from local rank 0, transport 0
MOC-R4PCC04U05:516024:516238 [0] NCCL INFO Connected to proxy localRank 2 -> connection 0x7fa4080052f0
MOC-R4PCC04U05:516025:516168 [1] NCCL INFO New proxy send connection 8 from local rank 3, transport 0
MOC-R4PCC04U05:516027:516240 [3] NCCL INFO Connected to proxy localRank 1 -> connection 0x7f84b40052f0
MOC-R4PCC04U05:516027:516162 [3] NCCL INFO New proxy send connection 8 from local rank 1, transport 0
MOC-R4PCC04U05:516025:516237 [1] NCCL INFO Connected to proxy localRank 3 -> connection 0x7f45440052f0
MOC-R4PCC04U05:516027:516162 [3] NCCL INFO New proxy send connection 9 from local rank 0, transport 0
MOC-R4PCC04U05:516024:516238 [0] NCCL INFO Connected to proxy localRank 3 -> connection 0x7f4544005368
MOC-R4PCC04U05:516025:516168 [1] NCCL INFO New proxy send connection 9 from local rank 2, transport 0
MOC-R4PCC04U05:516026:516239 [2] NCCL INFO Connected to proxy localRank 1 -> connection 0x7f84b4005368
MOC-R4PCC04U05:516024:516163 [0] NCCL INFO New proxy send connection 10 from local rank 1, transport 0
MOC-R4PCC04U05:516025:516237 [1] NCCL INFO Connected to proxy localRank 0 -> connection 0x7f99080053e0
MOC-R4PCC04U05:516025:516168 [1] NCCL INFO New proxy send connection 10 from local rank 0, transport 0
MOC-R4PCC04U05:516024:516238 [0] NCCL INFO Connected to proxy localRank 1 -> connection 0x7f84b40053e0
MOC-R4PCC04U05:516026:516164 [2] NCCL INFO New proxy send connection 9 from local rank 1, transport 0
MOC-R4PCC04U05:516025:516237 [1] NCCL INFO Connected to proxy localRank 2 -> connection 0x7fa408005368
num decayed parameter tensors: 50, with 124,318,464 parameters
num non-decayed parameter tensors: 98, with 121,344 parameters
using fused AdamW: False
using regular AdamW
MOC-R4PCC04U05:516027:516162 [3] NCCL INFO New proxy recv connection 10 from local rank 3, transport 0
MOC-R4PCC04U05:516027:516930 [3] NCCL INFO Connected to proxy localRank 3 -> connection 0x7f45440053e0
MOC-R4PCC04U05:516027:516162 [3] NCCL INFO New proxy recv connection 11 from local rank 3, transport 0
MOC-R4PCC04U05:516027:516930 [3] NCCL INFO Connected to proxy localRank 3 -> connection 0x7f4544005458
MOC-R4PCC04U05:516026:516164 [2] NCCL INFO New proxy recv connection 10 from local rank 2, transport 0
MOC-R4PCC04U05:516026:516931 [2] NCCL INFO Connected to proxy localRank 2 -> connection 0x7fa4080053e0
MOC-R4PCC04U05:516026:516164 [2] NCCL INFO New proxy recv connection 11 from local rank 2, transport 0
MOC-R4PCC04U05:516026:516931 [2] NCCL INFO Connected to proxy localRank 2 -> connection 0x7fa408005458
MOC-R4PCC04U05:516026:516164 [2] NCCL INFO New proxy recv connection 12 from local rank 2, transport 0
MOC-R4PCC04U05:516026:516931 [2] NCCL INFO Connected to proxy localRank 2 -> connection 0x7fa4080054d0
MOC-R4PCC04U05:516026:516164 [2] NCCL INFO New proxy recv connection 13 from local rank 2, transport 0
MOC-R4PCC04U05:516026:516931 [2] NCCL INFO Connected to proxy localRank 2 -> connection 0x7fa408005548
MOC-R4PCC04U05:516025:516168 [1] NCCL INFO New proxy recv connection 11 from local rank 1, transport 0
MOC-R4PCC04U05:516025:516932 [1] NCCL INFO Connected to proxy localRank 1 -> connection 0x7f84b4005458
MOC-R4PCC04U05:516025:516168 [1] NCCL INFO New proxy recv connection 12 from local rank 1, transport 0
MOC-R4PCC04U05:516025:516932 [1] NCCL INFO Connected to proxy localRank 1 -> connection 0x7f84b40054d0
MOC-R4PCC04U05:516025:516168 [1] NCCL INFO New proxy recv connection 13 from local rank 1, transport 0
MOC-R4PCC04U05:516025:516932 [1] NCCL INFO Connected to proxy localRank 1 -> connection 0x7f84b4005548
MOC-R4PCC04U05:516025:516168 [1] NCCL INFO New proxy recv connection 14 from local rank 1, transport 0
MOC-R4PCC04U05:516025:516932 [1] NCCL INFO Connected to proxy localRank 1 -> connection 0x7f84b40055c0
MOC-R4PCC04U05:516025:516168 [1] NCCL INFO New proxy send connection 15 from local rank 1, transport 0
MOC-R4PCC04U05:516025:516932 [1] NCCL INFO Connected to proxy localRank 1 -> connection 0x7f84b4005638
MOC-R4PCC04U05:516025:516168 [1] NCCL INFO New proxy send connection 16 from local rank 1, transport 0
MOC-R4PCC04U05:516025:516932 [1] NCCL INFO Connected to proxy localRank 1 -> connection 0x7f84b40056b0
MOC-R4PCC04U05:516025:516168 [1] NCCL INFO New proxy send connection 17 from local rank 1, transport 0
MOC-R4PCC04U05:516025:516932 [1] NCCL INFO Connected to proxy localRank 1 -> connection 0x7f84b4005728
MOC-R4PCC04U05:516025:516168 [1] NCCL INFO New proxy send connection 18 from local rank 1, transport 0
MOC-R4PCC04U05:516025:516932 [1] NCCL INFO Connected to proxy localRank 1 -> connection 0x7f84b40057a0
MOC-R4PCC04U05:516026:516164 [2] NCCL INFO New proxy send connection 14 from local rank 2, transport 0
MOC-R4PCC04U05:516026:516931 [2] NCCL INFO Connected to proxy localRank 2 -> connection 0x7fa4080055c0
MOC-R4PCC04U05:516026:516164 [2] NCCL INFO New proxy send connection 15 from local rank 2, transport 0
MOC-R4PCC04U05:516026:516931 [2] NCCL INFO Connected to proxy localRank 2 -> connection 0x7fa408005638
MOC-R4PCC04U05:516024:516163 [0] NCCL INFO New proxy send connection 11 from local rank 0, transport 0
MOC-R4PCC04U05:516024:516933 [0] NCCL INFO Connected to proxy localRank 0 -> connection 0x7f9908005458
MOC-R4PCC04U05:516024:516163 [0] NCCL INFO New proxy send connection 12 from local rank 0, transport 0
MOC-R4PCC04U05:516024:516933 [0] NCCL INFO Connected to proxy localRank 0 -> connection 0x7f99080054d0
MOC-R4PCC04U05:516024:516163 [0] NCCL INFO New proxy send connection 13 from local rank 0, transport 0
MOC-R4PCC04U05:516024:516933 [0] NCCL INFO Connected to proxy localRank 0 -> connection 0x7f9908005548
MOC-R4PCC04U05:516024:516163 [0] NCCL INFO New proxy send connection 14 from local rank 0, transport 0
MOC-R4PCC04U05:516024:516933 [0] NCCL INFO Connected to proxy localRank 0 -> connection 0x7f99080055c0
MOC-R4PCC04U05:516025:516168 [1] NCCL INFO New proxy recv connection 19 from local rank 1, transport 0
MOC-R4PCC04U05:516024:516163 [0] NCCL INFO New proxy send connection 15 from local rank 0, transport 0
MOC-R4PCC04U05:516025:516932 [1] NCCL INFO Connected to proxy localRank 1 -> connection 0x7f84b4005818
MOC-R4PCC04U05:516024:516933 [0] NCCL INFO Connected to proxy localRank 0 -> connection 0x7f9908005638
MOC-R4PCC04U05:516024:516163 [0] NCCL INFO New proxy send connection 16 from local rank 0, transport 0
MOC-R4PCC04U05:516024:516933 [0] NCCL INFO Connected to proxy localRank 0 -> connection 0x7f99080056b0
MOC-R4PCC04U05:516025:516168 [1] NCCL INFO New proxy recv connection 20 from local rank 1, transport 0
MOC-R4PCC04U05:516025:516932 [1] NCCL INFO Connected to proxy localRank 1 -> connection 0x7f84b4005890
MOC-R4PCC04U05:516024:516163 [0] NCCL INFO New proxy recv connection 17 from local rank 0, transport 0
MOC-R4PCC04U05:516024:516933 [0] NCCL INFO Connected to proxy localRank 0 -> connection 0x7f9908005728
MOC-R4PCC04U05:516027:516162 [3] NCCL INFO New proxy recv connection 12 from local rank 3, transport 2
MOC-R4PCC04U05:516027:516930 [3] NCCL INFO Connected to proxy localRank 3 -> connection 0x7f45440054d0
MOC-R4PCC04U05:516024:516163 [0] NCCL INFO New proxy recv connection 18 from local rank 0, transport 0
MOC-R4PCC04U05:516024:516933 [0] NCCL INFO Connected to proxy localRank 0 -> connection 0x7f99080057a0
MOC-R4PCC04U05:516024:516163 [0] NCCL INFO New proxy recv connection 19 from local rank 0, transport 0
MOC-R4PCC04U05:516024:516933 [0] NCCL INFO Connected to proxy localRank 0 -> connection 0x7f9908005818
MOC-R4PCC04U05:516027:516930 [3] NCCL INFO Channel 00/0 : 11[3] -> 3[3] [receive] via NET/Socket/0
MOC-R4PCC04U05:516027:516162 [3] NCCL INFO New proxy recv connection 13 from local rank 3, transport 2
MOC-R4PCC04U05:516027:516930 [3] NCCL INFO Connected to proxy localRank 3 -> connection 0x7f4544005548
MOC-R4PCC04U05:516027:516930 [3] NCCL INFO Channel 01/0 : 11[3] -> 3[3] [receive] via NET/Socket/0
MOC-R4PCC04U05:516027:516162 [3] NCCL INFO New proxy recv connection 14 from local rank 3, transport 2
MOC-R4PCC04U05:516027:516930 [3] NCCL INFO Connected to proxy localRank 3 -> connection 0x7f45440055c0
MOC-R4PCC04U05:516027:516930 [3] NCCL INFO Channel 02/0 : 11[3] -> 3[3] [receive] via NET/Socket/0
MOC-R4PCC04U05:516027:516162 [3] NCCL INFO New proxy recv connection 15 from local rank 3, transport 2
MOC-R4PCC04U05:516027:516930 [3] NCCL INFO Connected to proxy localRank 3 -> connection 0x7f4544005638
MOC-R4PCC04U05:516027:516930 [3] NCCL INFO Channel 03/0 : 11[3] -> 3[3] [receive] via NET/Socket/0
MOC-R4PCC04U05:516027:516162 [3] NCCL INFO New proxy send connection 16 from local rank 3, transport 2
MOC-R4PCC04U05:516027:516930 [3] NCCL INFO Connected to proxy localRank 3 -> connection 0x7f45440056b0
MOC-R4PCC04U05:516024:516163 [0] NCCL INFO New proxy recv connection 20 from local rank 0, transport 0
MOC-R4PCC04U05:516024:516933 [0] NCCL INFO Connected to proxy localRank 0 -> connection 0x7f9908005890
MOC-R4PCC04U05:516027:516930 [3] NCCL INFO Channel 02/0 : 3[3] -> 7[3] [send] via NET/Socket/0
MOC-R4PCC04U05:516027:516162 [3] NCCL INFO New proxy send connection 17 from local rank 3, transport 2
MOC-R4PCC04U05:516027:516930 [3] NCCL INFO Connected to proxy localRank 3 -> connection 0x7f4544005728
MOC-R4PCC04U05:516027:516930 [3] NCCL INFO Channel 03/0 : 3[3] -> 7[3] [send] via NET/Socket/0
MOC-R4PCC04U05:516027:516162 [3] NCCL INFO New proxy recv connection 18 from local rank 3, transport 2
MOC-R4PCC04U05:516027:516930 [3] NCCL INFO Connected to proxy localRank 3 -> connection 0x7f45440057a0
MOC-R4PCC04U05:516027:516930 [3] NCCL INFO Channel 02/0 : 7[3] -> 3[3] [receive] via NET/Socket/0
MOC-R4PCC04U05:516027:516162 [3] NCCL INFO New proxy recv connection 19 from local rank 3, transport 2
MOC-R4PCC04U05:516027:516930 [3] NCCL INFO Connected to proxy localRank 3 -> connection 0x7f4544005818
MOC-R4PCC04U05:516027:516930 [3] NCCL INFO Channel 03/0 : 7[3] -> 3[3] [receive] via NET/Socket/0
MOC-R4PCC04U05:516027:516162 [3] NCCL INFO New proxy send connection 20 from local rank 3, transport 2
MOC-R4PCC04U05:516027:516930 [3] NCCL INFO Connected to proxy localRank 3 -> connection 0x7f4544005890
MOC-R4PCC04U05:516027:516930 [3] NCCL INFO Channel 00/0 : 3[3] -> 11[3] [send] via NET/Socket/0
MOC-R4PCC04U05:516027:516162 [3] NCCL INFO New proxy send connection 21 from local rank 3, transport 2
MOC-R4PCC04U05:516027:516930 [3] NCCL INFO Connected to proxy localRank 3 -> connection 0x7f4544005908
MOC-R4PCC04U05:516027:516930 [3] NCCL INFO Channel 01/0 : 3[3] -> 11[3] [send] via NET/Socket/0
MOC-R4PCC04U05:516027:516162 [3] NCCL INFO New proxy send connection 22 from local rank 3, transport 2
MOC-R4PCC04U05:516027:516930 [3] NCCL INFO Connected to proxy localRank 3 -> connection 0x7f4544005980
MOC-R4PCC04U05:516027:516930 [3] NCCL INFO Channel 02/0 : 3[3] -> 11[3] [send] via NET/Socket/0
MOC-R4PCC04U05:516027:516162 [3] NCCL INFO New proxy send connection 23 from local rank 3, transport 2
MOC-R4PCC04U05:516027:516930 [3] NCCL INFO Connected to proxy localRank 3 -> connection 0x7f45440059f8
MOC-R4PCC04U05:516027:516930 [3] NCCL INFO Channel 03/0 : 3[3] -> 11[3] [send] via NET/Socket/0
MOC-R4PCC04U05:516027:516162 [3] NCCL INFO New proxy send connection 24 from local rank 3, transport 0
MOC-R4PCC04U05:516027:516930 [3] NCCL INFO Connected to proxy localRank 3 -> connection 0x7f4544005a70
MOC-R4PCC04U05:516027:516162 [3] NCCL INFO New proxy send connection 25 from local rank 3, transport 0
MOC-R4PCC04U05:516027:516930 [3] NCCL INFO Connected to proxy localRank 3 -> connection 0x7f4544005ae8
MOC-R4PCC04U05:516027:516162 [3] NCCL INFO New proxy send connection 26 from local rank 3, transport 0
MOC-R4PCC04U05:516027:516930 [3] NCCL INFO Connected to proxy localRank 3 -> connection 0x7f4544005b60
MOC-R4PCC04U05:516027:516162 [3] NCCL INFO New proxy send connection 27 from local rank 3, transport 0
MOC-R4PCC04U05:516027:516930 [3] NCCL INFO Connected to proxy localRank 3 -> connection 0x7f4544005bd8
step    1/10 | train loss 11.010328 | norm 15.4838 | lr 1.00e-04 | (14609.88 ms | 80743 tok/s)
step    2/10 | train loss 10.133743 | norm 5.7668 | lr 1.00e-04 | (334.13 ms | 3530503 tok/s)
step    3/10 | train loss 9.791647 | norm 2.6213 | lr 1.00e-04 | (324.04 ms | 3640408 tok/s)
step    4/10 | train loss 9.621458 | norm 2.1221 | lr 1.00e-04 | (321.22 ms | 3672438 tok/s)
step    5/10 | train loss 9.538270 | norm 2.1104 | lr 1.00e-04 | (321.37 ms | 3670692 tok/s)
step    6/10 | train loss 9.456852 | norm 2.0044 | lr 1.00e-04 | (321.81 ms | 3665647 tok/s)
step    7/10 | train loss 9.371298 | norm 1.9533 | lr 1.00e-04 | (325.52 ms | 3623853 tok/s)
step    8/10 | train loss 9.279748 | norm 1.9214 | lr 1.00e-04 | (526.60 ms | 2240131 tok/s)
step    9/10 | train loss 9.184244 | norm 1.8719 | lr 1.00e-04 | (323.69 ms | 3644344 tok/s)
step   10/10 | train loss 9.096457 | norm 1.7977 | lr 1.00e-04 | (324.87 ms | 3631084 tok/s)
final 9 iters avg: 347.029ms
peak memory consumption: 16601 MiB
