Running pytorch 2.7.0+cu126
using device: cuda:0
total desired batch size: 3670016
=> calculated gradient accumulation steps: 7
using device: cuda:1
using device: cuda:3
using device: cuda:2
compiling the model...
DataLoader: total number of tokens: 1,661,249,667 across 103 files
MOC-R4PCC04U05:723579:723579 [0] NCCL INFO NCCL_SOCKET_IFNAME set to eno7np0
MOC-R4PCC04U05:723579:723579 [0] NCCL INFO NCCL version 2.26.2+cuda12.2
MOC-R4PCC04U05:723582:723582 [3] NCCL INFO NCCL_SOCKET_IFNAME set to eno7np0
MOC-R4PCC04U05:723582:723582 [3] NCCL INFO NCCL version 2.26.2+cuda12.2
MOC-R4PCC04U05:723580:723580 [1] NCCL INFO NCCL_SOCKET_IFNAME set to eno7np0
MOC-R4PCC04U05:723580:723580 [1] NCCL INFO NCCL version 2.26.2+cuda12.2
MOC-R4PCC04U05:723579:723690 [0] NCCL INFO NET/Plugin: Could not find: libnccl-net.so. Using internal net plugin.
MOC-R4PCC04U05:723579:723690 [0] NCCL INFO NET/Socket : Using [0]eno7np0:192.168.50.193<0>
MOC-R4PCC04U05:723581:723581 [2] NCCL INFO NCCL_SOCKET_IFNAME set to eno7np0
MOC-R4PCC04U05:723581:723581 [2] NCCL INFO NCCL version 2.26.2+cuda12.2
MOC-R4PCC04U05:723582:723705 [3] NCCL INFO NET/Plugin: Could not find: libnccl-net.so. Using internal net plugin.
MOC-R4PCC04U05:723582:723705 [3] NCCL INFO NET/Socket : Using [0]eno7np0:192.168.50.193<0>
MOC-R4PCC04U05:723580:723706 [1] NCCL INFO NET/Plugin: Could not find: libnccl-net.so. Using internal net plugin.
MOC-R4PCC04U05:723580:723706 [1] NCCL INFO NET/Socket : Using [0]eno7np0:192.168.50.193<0>
MOC-R4PCC04U05:723581:723707 [2] NCCL INFO NET/Plugin: Could not find: libnccl-net.so. Using internal net plugin.
MOC-R4PCC04U05:723581:723707 [2] NCCL INFO NET/Socket : Using [0]eno7np0:192.168.50.193<0>
MOC-R4PCC04U05:723579:723690 [0] NCCL INFO NET/Socket : GPU Direct RDMA Disabled for HCA 0 'eno7np0'
MOC-R4PCC04U05:723580:723706 [1] NCCL INFO NET/Socket : GPU Direct RDMA Disabled for HCA 0 'eno7np0'
MOC-R4PCC04U05:723581:723707 [2] NCCL INFO NET/Socket : GPU Direct RDMA Disabled for HCA 0 'eno7np0'
MOC-R4PCC04U05:723582:723705 [3] NCCL INFO NET/Socket : GPU Direct RDMA Disabled for HCA 0 'eno7np0'
MOC-R4PCC04U05:723580:723718 [1] NCCL INFO New proxy recv connection 0 from local rank 1, transport 0
MOC-R4PCC04U05:723580:723724 [1] NCCL INFO Connected to proxy localRank 1 -> connection 0x7f10a8004f30
MOC-R4PCC04U05:723580:723718 [1] NCCL INFO New proxy recv connection 1 from local rank 1, transport 0
MOC-R4PCC04U05:723580:723724 [1] NCCL INFO Connected to proxy localRank 1 -> connection 0x7f10a8004fa8
MOC-R4PCC04U05:723582:723716 [3] NCCL INFO New proxy recv connection 0 from local rank 3, transport 0
MOC-R4PCC04U05:723582:723725 [3] NCCL INFO Connected to proxy localRank 3 -> connection 0x7f1f94004f30
MOC-R4PCC04U05:723582:723716 [3] NCCL INFO New proxy recv connection 1 from local rank 3, transport 0
MOC-R4PCC04U05:723582:723725 [3] NCCL INFO Connected to proxy localRank 3 -> connection 0x7f1f94004fa8
MOC-R4PCC04U05:723579:723720 [0] NCCL INFO New proxy send connection 0 from local rank 0, transport 0
MOC-R4PCC04U05:723579:723726 [0] NCCL INFO Connected to proxy localRank 0 -> connection 0x7fea6c004f30
MOC-R4PCC04U05:723582:723716 [3] NCCL INFO New proxy send connection 2 from local rank 3, transport 2
MOC-R4PCC04U05:723582:723725 [3] NCCL INFO Connected to proxy localRank 3 -> connection 0x7f1f94005020
MOC-R4PCC04U05:723582:723725 [3] NCCL INFO Channel 00/0 : 3[3] -> 6[2] [send] via NET/Socket/0
MOC-R4PCC04U05:723582:723716 [3] NCCL INFO New proxy send connection 3 from local rank 3, transport 2
MOC-R4PCC04U05:723582:723725 [3] NCCL INFO Connected to proxy localRank 3 -> connection 0x7f1f94005098
MOC-R4PCC04U05:723582:723725 [3] NCCL INFO Channel 02/0 : 3[3] -> 6[2] [send] via NET/Socket/0
MOC-R4PCC04U05:723579:723720 [0] NCCL INFO New proxy send connection 1 from local rank 0, transport 0
MOC-R4PCC04U05:723579:723726 [0] NCCL INFO Connected to proxy localRank 0 -> connection 0x7fea6c004fa8
MOC-R4PCC04U05:723581:723717 [2] NCCL INFO New proxy recv connection 0 from local rank 2, transport 0
MOC-R4PCC04U05:723581:723729 [2] NCCL INFO Connected to proxy localRank 2 -> connection 0x7f64e8004f30
MOC-R4PCC04U05:723581:723717 [2] NCCL INFO New proxy recv connection 1 from local rank 2, transport 0
MOC-R4PCC04U05:723581:723729 [2] NCCL INFO Connected to proxy localRank 2 -> connection 0x7f64e8004fa8
MOC-R4PCC04U05:723579:723720 [0] NCCL INFO New proxy send connection 2 from local rank 0, transport 0
MOC-R4PCC04U05:723579:723726 [0] NCCL INFO Connected to proxy localRank 0 -> connection 0x7fea6c005020
MOC-R4PCC04U05:723581:723717 [2] NCCL INFO New proxy recv connection 2 from local rank 2, transport 2
MOC-R4PCC04U05:723581:723729 [2] NCCL INFO Connected to proxy localRank 2 -> connection 0x7f64e8005020
MOC-R4PCC04U05:723581:723729 [2] NCCL INFO Channel 00/0 : 15[3] -> 2[2] [receive] via NET/Socket/0
MOC-R4PCC04U05:723581:723717 [2] NCCL INFO New proxy recv connection 3 from local rank 2, transport 2
MOC-R4PCC04U05:723581:723729 [2] NCCL INFO Connected to proxy localRank 2 -> connection 0x7f64e8005098
MOC-R4PCC04U05:723581:723729 [2] NCCL INFO Channel 02/0 : 15[3] -> 2[2] [receive] via NET/Socket/0
MOC-R4PCC04U05:723581:723717 [2] NCCL INFO New proxy send connection 4 from local rank 2, transport 2
MOC-R4PCC04U05:723581:723729 [2] NCCL INFO Connected to proxy localRank 2 -> connection 0x7f64e8005110
MOC-R4PCC04U05:723581:723729 [2] NCCL INFO Channel 01/0 : 2[2] -> 7[3] [send] via NET/Socket/0
MOC-R4PCC04U05:723581:723717 [2] NCCL INFO New proxy send connection 5 from local rank 2, transport 2
MOC-R4PCC04U05:723581:723729 [2] NCCL INFO Connected to proxy localRank 2 -> connection 0x7f64e8005188
MOC-R4PCC04U05:723581:723729 [2] NCCL INFO Channel 03/0 : 2[2] -> 7[3] [send] via NET/Socket/0
MOC-R4PCC04U05:723579:723720 [0] NCCL INFO New proxy send connection 3 from local rank 0, transport 0
MOC-R4PCC04U05:723579:723726 [0] NCCL INFO Connected to proxy localRank 0 -> connection 0x7fea6c005098
MOC-R4PCC04U05:723579:723720 [0] NCCL INFO New proxy recv connection 4 from local rank 0, transport 0
MOC-R4PCC04U05:723579:723726 [0] NCCL INFO Connected to proxy localRank 0 -> connection 0x7fea6c005110
MOC-R4PCC04U05:723582:723716 [3] NCCL INFO New proxy recv connection 4 from local rank 3, transport 2
MOC-R4PCC04U05:723582:723725 [3] NCCL INFO Connected to proxy localRank 3 -> connection 0x7f1f94005110
MOC-R4PCC04U05:723582:723725 [3] NCCL INFO Channel 01/0 : 14[2] -> 3[3] [receive] via NET/Socket/0
MOC-R4PCC04U05:723582:723716 [3] NCCL INFO New proxy recv connection 5 from local rank 3, transport 2
MOC-R4PCC04U05:723582:723725 [3] NCCL INFO Connected to proxy localRank 3 -> connection 0x7f1f94005188
MOC-R4PCC04U05:723582:723725 [3] NCCL INFO Channel 03/0 : 14[2] -> 3[3] [receive] via NET/Socket/0
MOC-R4PCC04U05:723579:723720 [0] NCCL INFO New proxy recv connection 5 from local rank 0, transport 0
MOC-R4PCC04U05:723579:723726 [0] NCCL INFO Connected to proxy localRank 0 -> connection 0x7fea6c005188
MOC-R4PCC04U05:723579:723720 [0] NCCL INFO New proxy recv connection 6 from local rank 0, transport 0
MOC-R4PCC04U05:723579:723726 [0] NCCL INFO Connected to proxy localRank 0 -> connection 0x7fea6c005200
MOC-R4PCC04U05:723579:723720 [0] NCCL INFO New proxy recv connection 7 from local rank 0, transport 0
MOC-R4PCC04U05:723582:723716 [3] NCCL INFO New proxy send connection 6 from local rank 3, transport 0
MOC-R4PCC04U05:723579:723726 [0] NCCL INFO Connected to proxy localRank 0 -> connection 0x7fea6c005278
MOC-R4PCC04U05:723582:723725 [3] NCCL INFO Connected to proxy localRank 3 -> connection 0x7f1f94005200
MOC-R4PCC04U05:723581:723717 [2] NCCL INFO New proxy send connection 6 from local rank 2, transport 0
MOC-R4PCC04U05:723581:723729 [2] NCCL INFO Connected to proxy localRank 2 -> connection 0x7f64e8005200
MOC-R4PCC04U05:723582:723716 [3] NCCL INFO New proxy send connection 7 from local rank 3, transport 0
MOC-R4PCC04U05:723582:723725 [3] NCCL INFO Connected to proxy localRank 3 -> connection 0x7f1f94005278
MOC-R4PCC04U05:723579:723720 [0] NCCL INFO New proxy send connection 8 from local rank 3, transport 0
MOC-R4PCC04U05:723580:723718 [1] NCCL INFO New proxy recv connection 2 from local rank 1, transport 0
MOC-R4PCC04U05:723582:723725 [3] NCCL INFO Connected to proxy localRank 0 -> connection 0x7fea6c0052f0
MOC-R4PCC04U05:723580:723724 [1] NCCL INFO Connected to proxy localRank 1 -> connection 0x7f10a8005020
MOC-R4PCC04U05:723581:723717 [2] NCCL INFO New proxy send connection 7 from local rank 2, transport 0
MOC-R4PCC04U05:723581:723729 [2] NCCL INFO Connected to proxy localRank 2 -> connection 0x7f64e8005278
MOC-R4PCC04U05:723580:723718 [1] NCCL INFO New proxy recv connection 3 from local rank 1, transport 0
MOC-R4PCC04U05:723580:723724 [1] NCCL INFO Connected to proxy localRank 1 -> connection 0x7f10a8005098
MOC-R4PCC04U05:723580:723718 [1] NCCL INFO New proxy send connection 4 from local rank 1, transport 0
MOC-R4PCC04U05:723580:723724 [1] NCCL INFO Connected to proxy localRank 1 -> connection 0x7f10a8005110
MOC-R4PCC04U05:723580:723718 [1] NCCL INFO New proxy send connection 5 from local rank 1, transport 0
MOC-R4PCC04U05:723580:723724 [1] NCCL INFO Connected to proxy localRank 1 -> connection 0x7f10a8005188
MOC-R4PCC04U05:723580:723718 [1] NCCL INFO New proxy send connection 6 from local rank 1, transport 0
MOC-R4PCC04U05:723580:723724 [1] NCCL INFO Connected to proxy localRank 1 -> connection 0x7f10a8005200
MOC-R4PCC04U05:723580:723718 [1] NCCL INFO New proxy send connection 7 from local rank 1, transport 0
MOC-R4PCC04U05:723580:723724 [1] NCCL INFO Connected to proxy localRank 1 -> connection 0x7f10a8005278
MOC-R4PCC04U05:723579:723720 [0] NCCL INFO New proxy send connection 9 from local rank 2, transport 0
MOC-R4PCC04U05:723581:723729 [2] NCCL INFO Connected to proxy localRank 0 -> connection 0x7fea6c005368
MOC-R4PCC04U05:723581:723717 [2] NCCL INFO New proxy send connection 8 from local rank 0, transport 0
MOC-R4PCC04U05:723579:723726 [0] NCCL INFO Connected to proxy localRank 2 -> connection 0x7f64e80052f0
MOC-R4PCC04U05:723582:723716 [3] NCCL INFO New proxy send connection 8 from local rank 1, transport 0
MOC-R4PCC04U05:723580:723724 [1] NCCL INFO Connected to proxy localRank 3 -> connection 0x7f1f940052f0
MOC-R4PCC04U05:723580:723718 [1] NCCL INFO New proxy send connection 8 from local rank 2, transport 0
MOC-R4PCC04U05:723581:723729 [2] NCCL INFO Connected to proxy localRank 1 -> connection 0x7f10a80052f0
MOC-R4PCC04U05:723582:723716 [3] NCCL INFO New proxy send connection 9 from local rank 0, transport 0
MOC-R4PCC04U05:723579:723726 [0] NCCL INFO Connected to proxy localRank 3 -> connection 0x7f1f94005368
MOC-R4PCC04U05:723580:723718 [1] NCCL INFO New proxy send connection 9 from local rank 3, transport 0
MOC-R4PCC04U05:723582:723725 [3] NCCL INFO Connected to proxy localRank 1 -> connection 0x7f10a8005368
MOC-R4PCC04U05:723579:723720 [0] NCCL INFO New proxy send connection 10 from local rank 1, transport 0
MOC-R4PCC04U05:723580:723724 [1] NCCL INFO Connected to proxy localRank 0 -> connection 0x7fea6c0053e0
MOC-R4PCC04U05:723581:723717 [2] NCCL INFO New proxy send connection 9 from local rank 1, transport 0
MOC-R4PCC04U05:723580:723724 [1] NCCL INFO Connected to proxy localRank 2 -> connection 0x7f64e8005368
MOC-R4PCC04U05:723580:723718 [1] NCCL INFO New proxy send connection 10 from local rank 0, transport 0
MOC-R4PCC04U05:723579:723726 [0] NCCL INFO Connected to proxy localRank 1 -> connection 0x7f10a80053e0
num decayed parameter tensors: 50, with 124,318,464 parameters
num non-decayed parameter tensors: 98, with 121,344 parameters
using fused AdamW: False
using regular AdamW
MOC-R4PCC04U05:723582:723716 [3] NCCL INFO New proxy recv connection 10 from local rank 3, transport 0
MOC-R4PCC04U05:723582:724437 [3] NCCL INFO Connected to proxy localRank 3 -> connection 0x7f1f940053e0
MOC-R4PCC04U05:723582:723716 [3] NCCL INFO New proxy recv connection 11 from local rank 3, transport 0
MOC-R4PCC04U05:723582:724437 [3] NCCL INFO Connected to proxy localRank 3 -> connection 0x7f1f94005458
MOC-R4PCC04U05:723579:723720 [0] NCCL INFO New proxy send connection 11 from local rank 0, transport 0
MOC-R4PCC04U05:723579:724438 [0] NCCL INFO Connected to proxy localRank 0 -> connection 0x7fea6c005458
MOC-R4PCC04U05:723579:723720 [0] NCCL INFO New proxy send connection 12 from local rank 0, transport 0
MOC-R4PCC04U05:723579:724438 [0] NCCL INFO Connected to proxy localRank 0 -> connection 0x7fea6c0054d0
MOC-R4PCC04U05:723579:723720 [0] NCCL INFO New proxy send connection 13 from local rank 0, transport 0
MOC-R4PCC04U05:723579:724438 [0] NCCL INFO Connected to proxy localRank 0 -> connection 0x7fea6c005548
MOC-R4PCC04U05:723579:723720 [0] NCCL INFO New proxy send connection 14 from local rank 0, transport 0
MOC-R4PCC04U05:723579:724438 [0] NCCL INFO Connected to proxy localRank 0 -> connection 0x7fea6c0055c0
MOC-R4PCC04U05:723581:723717 [2] NCCL INFO New proxy recv connection 10 from local rank 2, transport 0
MOC-R4PCC04U05:723580:723718 [1] NCCL INFO New proxy recv connection 11 from local rank 1, transport 0
MOC-R4PCC04U05:723581:724440 [2] NCCL INFO Connected to proxy localRank 2 -> connection 0x7f64e80053e0
MOC-R4PCC04U05:723580:724439 [1] NCCL INFO Connected to proxy localRank 1 -> connection 0x7f10a8005458
MOC-R4PCC04U05:723581:723717 [2] NCCL INFO New proxy recv connection 11 from local rank 2, transport 0
MOC-R4PCC04U05:723581:724440 [2] NCCL INFO Connected to proxy localRank 2 -> connection 0x7f64e8005458
MOC-R4PCC04U05:723580:723718 [1] NCCL INFO New proxy recv connection 12 from local rank 1, transport 0
MOC-R4PCC04U05:723580:724439 [1] NCCL INFO Connected to proxy localRank 1 -> connection 0x7f10a80054d0
MOC-R4PCC04U05:723581:723717 [2] NCCL INFO New proxy recv connection 12 from local rank 2, transport 0
MOC-R4PCC04U05:723581:724440 [2] NCCL INFO Connected to proxy localRank 2 -> connection 0x7f64e80054d0
MOC-R4PCC04U05:723580:723718 [1] NCCL INFO New proxy recv connection 13 from local rank 1, transport 0
MOC-R4PCC04U05:723580:724439 [1] NCCL INFO Connected to proxy localRank 1 -> connection 0x7f10a8005548
MOC-R4PCC04U05:723581:723717 [2] NCCL INFO New proxy recv connection 13 from local rank 2, transport 0
MOC-R4PCC04U05:723581:724440 [2] NCCL INFO Connected to proxy localRank 2 -> connection 0x7f64e8005548
MOC-R4PCC04U05:723580:723718 [1] NCCL INFO New proxy recv connection 14 from local rank 1, transport 0
MOC-R4PCC04U05:723580:724439 [1] NCCL INFO Connected to proxy localRank 1 -> connection 0x7f10a80055c0
MOC-R4PCC04U05:723580:723718 [1] NCCL INFO New proxy send connection 15 from local rank 1, transport 0
MOC-R4PCC04U05:723580:724439 [1] NCCL INFO Connected to proxy localRank 1 -> connection 0x7f10a8005638
MOC-R4PCC04U05:723580:723718 [1] NCCL INFO New proxy send connection 16 from local rank 1, transport 0
MOC-R4PCC04U05:723580:724439 [1] NCCL INFO Connected to proxy localRank 1 -> connection 0x7f10a80056b0
MOC-R4PCC04U05:723580:723718 [1] NCCL INFO New proxy send connection 17 from local rank 1, transport 0
MOC-R4PCC04U05:723580:724439 [1] NCCL INFO Connected to proxy localRank 1 -> connection 0x7f10a8005728
MOC-R4PCC04U05:723580:723718 [1] NCCL INFO New proxy send connection 18 from local rank 1, transport 0
MOC-R4PCC04U05:723580:724439 [1] NCCL INFO Connected to proxy localRank 1 -> connection 0x7f10a80057a0
MOC-R4PCC04U05:723579:723720 [0] NCCL INFO New proxy send connection 15 from local rank 0, transport 0
MOC-R4PCC04U05:723579:724438 [0] NCCL INFO Connected to proxy localRank 0 -> connection 0x7fea6c005638
MOC-R4PCC04U05:723581:723717 [2] NCCL INFO New proxy send connection 14 from local rank 2, transport 0
MOC-R4PCC04U05:723581:724440 [2] NCCL INFO Connected to proxy localRank 2 -> connection 0x7f64e80055c0
MOC-R4PCC04U05:723580:723718 [1] NCCL INFO New proxy recv connection 19 from local rank 1, transport 0
MOC-R4PCC04U05:723580:724439 [1] NCCL INFO Connected to proxy localRank 1 -> connection 0x7f10a8005818
MOC-R4PCC04U05:723581:723717 [2] NCCL INFO New proxy send connection 15 from local rank 2, transport 0
MOC-R4PCC04U05:723581:724440 [2] NCCL INFO Connected to proxy localRank 2 -> connection 0x7f64e8005638
MOC-R4PCC04U05:723579:723720 [0] NCCL INFO New proxy send connection 16 from local rank 0, transport 0
MOC-R4PCC04U05:723579:724438 [0] NCCL INFO Connected to proxy localRank 0 -> connection 0x7fea6c0056b0
MOC-R4PCC04U05:723580:723718 [1] NCCL INFO New proxy recv connection 20 from local rank 1, transport 0
MOC-R4PCC04U05:723580:724439 [1] NCCL INFO Connected to proxy localRank 1 -> connection 0x7f10a8005890
MOC-R4PCC04U05:723579:723720 [0] NCCL INFO New proxy recv connection 17 from local rank 0, transport 0
MOC-R4PCC04U05:723579:724438 [0] NCCL INFO Connected to proxy localRank 0 -> connection 0x7fea6c005728
MOC-R4PCC04U05:723582:723716 [3] NCCL INFO New proxy send connection 12 from local rank 3, transport 2
MOC-R4PCC04U05:723579:723720 [0] NCCL INFO New proxy recv connection 18 from local rank 0, transport 0
MOC-R4PCC04U05:723582:724437 [3] NCCL INFO Connected to proxy localRank 3 -> connection 0x7f1f940054d0
MOC-R4PCC04U05:723579:724438 [0] NCCL INFO Connected to proxy localRank 0 -> connection 0x7fea6c0057a0
MOC-R4PCC04U05:723582:724437 [3] NCCL INFO Channel 02/0 : 3[3] -> 7[3] [send] via NET/Socket/0
MOC-R4PCC04U05:723582:723716 [3] NCCL INFO New proxy send connection 13 from local rank 3, transport 2
MOC-R4PCC04U05:723582:724437 [3] NCCL INFO Connected to proxy localRank 3 -> connection 0x7f1f94005548
MOC-R4PCC04U05:723582:724437 [3] NCCL INFO Channel 03/0 : 3[3] -> 7[3] [send] via NET/Socket/0
MOC-R4PCC04U05:723579:723720 [0] NCCL INFO New proxy recv connection 19 from local rank 0, transport 0
MOC-R4PCC04U05:723579:724438 [0] NCCL INFO Connected to proxy localRank 0 -> connection 0x7fea6c005818
MOC-R4PCC04U05:723579:723720 [0] NCCL INFO New proxy recv connection 20 from local rank 0, transport 0
MOC-R4PCC04U05:723579:724438 [0] NCCL INFO Connected to proxy localRank 0 -> connection 0x7fea6c005890
MOC-R4PCC04U05:723582:723716 [3] NCCL INFO New proxy recv connection 14 from local rank 3, transport 2
MOC-R4PCC04U05:723582:724437 [3] NCCL INFO Connected to proxy localRank 3 -> connection 0x7f1f940055c0
MOC-R4PCC04U05:723582:724437 [3] NCCL INFO Channel 00/0 : 11[3] -> 3[3] [receive] via NET/Socket/0
MOC-R4PCC04U05:723582:723716 [3] NCCL INFO New proxy recv connection 15 from local rank 3, transport 2
MOC-R4PCC04U05:723582:724437 [3] NCCL INFO Connected to proxy localRank 3 -> connection 0x7f1f94005638
MOC-R4PCC04U05:723582:724437 [3] NCCL INFO Channel 01/0 : 11[3] -> 3[3] [receive] via NET/Socket/0
MOC-R4PCC04U05:723582:723716 [3] NCCL INFO New proxy send connection 16 from local rank 3, transport 2
MOC-R4PCC04U05:723582:724437 [3] NCCL INFO Connected to proxy localRank 3 -> connection 0x7f1f940056b0
MOC-R4PCC04U05:723582:724437 [3] NCCL INFO Channel 00/0 : 3[3] -> 11[3] [send] via NET/Socket/0
MOC-R4PCC04U05:723582:723716 [3] NCCL INFO New proxy send connection 17 from local rank 3, transport 2
MOC-R4PCC04U05:723582:724437 [3] NCCL INFO Connected to proxy localRank 3 -> connection 0x7f1f94005728
MOC-R4PCC04U05:723582:724437 [3] NCCL INFO Channel 01/0 : 3[3] -> 11[3] [send] via NET/Socket/0
MOC-R4PCC04U05:723582:723716 [3] NCCL INFO New proxy recv connection 18 from local rank 3, transport 2
MOC-R4PCC04U05:723582:724437 [3] NCCL INFO Connected to proxy localRank 3 -> connection 0x7f1f940057a0
MOC-R4PCC04U05:723582:724437 [3] NCCL INFO Channel 02/0 : 7[3] -> 3[3] [receive] via NET/Socket/0
MOC-R4PCC04U05:723582:723716 [3] NCCL INFO New proxy recv connection 19 from local rank 3, transport 2
MOC-R4PCC04U05:723582:724437 [3] NCCL INFO Connected to proxy localRank 3 -> connection 0x7f1f94005818
MOC-R4PCC04U05:723582:724437 [3] NCCL INFO Channel 03/0 : 7[3] -> 3[3] [receive] via NET/Socket/0
MOC-R4PCC04U05:723582:723716 [3] NCCL INFO New proxy send connection 20 from local rank 3, transport 0
MOC-R4PCC04U05:723582:724437 [3] NCCL INFO Connected to proxy localRank 3 -> connection 0x7f1f94005890
MOC-R4PCC04U05:723582:723716 [3] NCCL INFO New proxy send connection 21 from local rank 3, transport 0
MOC-R4PCC04U05:723582:724437 [3] NCCL INFO Connected to proxy localRank 3 -> connection 0x7f1f94005908
MOC-R4PCC04U05:723582:723716 [3] NCCL INFO New proxy send connection 22 from local rank 3, transport 0
MOC-R4PCC04U05:723582:724437 [3] NCCL INFO Connected to proxy localRank 3 -> connection 0x7f1f94005980
MOC-R4PCC04U05:723582:723716 [3] NCCL INFO New proxy send connection 23 from local rank 3, transport 0
MOC-R4PCC04U05:723582:724437 [3] NCCL INFO Connected to proxy localRank 3 -> connection 0x7f1f940059f8
step    1/10 | train loss 11.010115 | norm 15.2907 | lr 1.00e-04 | (15147.89 ms | 242279 tok/s)
step    2/10 | train loss 10.140852 | norm 5.7211 | lr 1.00e-04 | (652.37 ms | 5625634 tok/s)
step    3/10 | train loss 9.801554 | norm 2.5941 | lr 1.00e-04 | (645.07 ms | 5689323 tok/s)
step    4/10 | train loss 9.632924 | norm 2.0997 | lr 1.00e-04 | (643.71 ms | 5701338 tok/s)
step    5/10 | train loss 9.550363 | norm 2.0944 | lr 1.00e-04 | (645.65 ms | 5684253 tok/s)
step    6/10 | train loss 9.469851 | norm 1.9875 | lr 1.00e-04 | (648.78 ms | 5656793 tok/s)
step    7/10 | train loss 9.385088 | norm 1.9374 | lr 1.00e-04 | (648.33 ms | 5660727 tok/s)
step    8/10 | train loss 9.294359 | norm 1.9058 | lr 1.00e-04 | (650.75 ms | 5639713 tok/s)
step    9/10 | train loss 9.199846 | norm 1.8538 | lr 1.00e-04 | (649.91 ms | 5646946 tok/s)
step   10/10 | train loss 9.114299 | norm 1.7841 | lr 1.00e-04 | (650.26 ms | 5643954 tok/s)
final 9 iters avg: 648.314ms
peak memory consumption: 16601 MiB
