Running pytorch 2.7.0+cu126
using device: cuda:0
total desired batch size: 393216
=> calculated gradient accumulation steps: 1
using device: cuda:2
using device: cuda:3
using device: cuda:1
compiling the model...
DataLoader: total number of tokens: 1,661,249,667 across 103 files
MOC-R4PCC04U05:566753:566753 [0] NCCL INFO NCCL_SOCKET_IFNAME set to eno7np0
MOC-R4PCC04U05:566753:566753 [0] NCCL INFO NCCL version 2.26.2+cuda12.2
MOC-R4PCC04U05:566753:566857 [0] NCCL INFO NET/Plugin: Could not find: libnccl-net.so. Using internal net plugin.
MOC-R4PCC04U05:566753:566857 [0] NCCL INFO NET/Socket : Using [0]eno7np0:192.168.50.193<0>
MOC-R4PCC04U05:566756:566756 [3] NCCL INFO NCCL_SOCKET_IFNAME set to eno7np0
MOC-R4PCC04U05:566756:566756 [3] NCCL INFO NCCL version 2.26.2+cuda12.2
MOC-R4PCC04U05:566754:566754 [1] NCCL INFO NCCL_SOCKET_IFNAME set to eno7np0
MOC-R4PCC04U05:566754:566754 [1] NCCL INFO NCCL version 2.26.2+cuda12.2
MOC-R4PCC04U05:566755:566755 [2] NCCL INFO NCCL_SOCKET_IFNAME set to eno7np0
MOC-R4PCC04U05:566755:566755 [2] NCCL INFO NCCL version 2.26.2+cuda12.2
MOC-R4PCC04U05:566756:566879 [3] NCCL INFO NET/Plugin: Could not find: libnccl-net.so. Using internal net plugin.
MOC-R4PCC04U05:566756:566879 [3] NCCL INFO NET/Socket : Using [0]eno7np0:192.168.50.193<0>
MOC-R4PCC04U05:566754:566880 [1] NCCL INFO NET/Plugin: Could not find: libnccl-net.so. Using internal net plugin.
MOC-R4PCC04U05:566754:566880 [1] NCCL INFO NET/Socket : Using [0]eno7np0:192.168.50.193<0>
MOC-R4PCC04U05:566755:566881 [2] NCCL INFO NET/Plugin: Could not find: libnccl-net.so. Using internal net plugin.
MOC-R4PCC04U05:566755:566881 [2] NCCL INFO NET/Socket : Using [0]eno7np0:192.168.50.193<0>
MOC-R4PCC04U05:566754:566880 [1] NCCL INFO NET/Socket : GPU Direct RDMA Disabled for HCA 0 'eno7np0'
MOC-R4PCC04U05:566755:566881 [2] NCCL INFO NET/Socket : GPU Direct RDMA Disabled for HCA 0 'eno7np0'
MOC-R4PCC04U05:566753:566857 [0] NCCL INFO NET/Socket : GPU Direct RDMA Disabled for HCA 0 'eno7np0'
MOC-R4PCC04U05:566756:566879 [3] NCCL INFO NET/Socket : GPU Direct RDMA Disabled for HCA 0 'eno7np0'
MOC-R4PCC04U05:566753:566891 [0] NCCL INFO New proxy send connection 0 from local rank 0, transport 0
MOC-R4PCC04U05:566753:566966 [0] NCCL INFO Connected to proxy localRank 0 -> connection 0x7feedc004f30
MOC-R4PCC04U05:566753:566891 [0] NCCL INFO New proxy send connection 1 from local rank 0, transport 0
MOC-R4PCC04U05:566753:566966 [0] NCCL INFO Connected to proxy localRank 0 -> connection 0x7feedc004fa8
MOC-R4PCC04U05:566754:566897 [1] NCCL INFO New proxy recv connection 0 from local rank 1, transport 0
MOC-R4PCC04U05:566754:566967 [1] NCCL INFO Connected to proxy localRank 1 -> connection 0x7f9390004f30
MOC-R4PCC04U05:566755:566895 [2] NCCL INFO New proxy recv connection 0 from local rank 2, transport 0
MOC-R4PCC04U05:566755:566968 [2] NCCL INFO Connected to proxy localRank 2 -> connection 0x7f15c4004f30
MOC-R4PCC04U05:566754:566897 [1] NCCL INFO New proxy recv connection 1 from local rank 1, transport 0
MOC-R4PCC04U05:566754:566967 [1] NCCL INFO Connected to proxy localRank 1 -> connection 0x7f9390004fa8
MOC-R4PCC04U05:566755:566895 [2] NCCL INFO New proxy recv connection 1 from local rank 2, transport 0
MOC-R4PCC04U05:566755:566968 [2] NCCL INFO Connected to proxy localRank 2 -> connection 0x7f15c4004fa8
MOC-R4PCC04U05:566756:566893 [3] NCCL INFO New proxy recv connection 0 from local rank 3, transport 0
MOC-R4PCC04U05:566756:566969 [3] NCCL INFO Connected to proxy localRank 3 -> connection 0x7f1cd8004f30
MOC-R4PCC04U05:566753:566891 [0] NCCL INFO New proxy send connection 2 from local rank 0, transport 0
MOC-R4PCC04U05:566753:566966 [0] NCCL INFO Connected to proxy localRank 0 -> connection 0x7feedc005020
MOC-R4PCC04U05:566756:566893 [3] NCCL INFO New proxy recv connection 1 from local rank 3, transport 0
MOC-R4PCC04U05:566756:566969 [3] NCCL INFO Connected to proxy localRank 3 -> connection 0x7f1cd8004fa8
MOC-R4PCC04U05:566753:566891 [0] NCCL INFO New proxy send connection 3 from local rank 0, transport 0
MOC-R4PCC04U05:566753:566966 [0] NCCL INFO Connected to proxy localRank 0 -> connection 0x7feedc005098
MOC-R4PCC04U05:566755:566895 [2] NCCL INFO New proxy recv connection 2 from local rank 2, transport 2
MOC-R4PCC04U05:566755:566968 [2] NCCL INFO Connected to proxy localRank 2 -> connection 0x7f15c4005020
MOC-R4PCC04U05:566755:566968 [2] NCCL INFO Channel 00/0 : 11[3] -> 2[2] [receive] via NET/Socket/0
MOC-R4PCC04U05:566755:566895 [2] NCCL INFO New proxy recv connection 3 from local rank 2, transport 2
MOC-R4PCC04U05:566755:566968 [2] NCCL INFO Connected to proxy localRank 2 -> connection 0x7f15c4005098
MOC-R4PCC04U05:566755:566968 [2] NCCL INFO Channel 02/0 : 11[3] -> 2[2] [receive] via NET/Socket/0
MOC-R4PCC04U05:566756:566893 [3] NCCL INFO New proxy send connection 2 from local rank 3, transport 2
MOC-R4PCC04U05:566756:566969 [3] NCCL INFO Connected to proxy localRank 3 -> connection 0x7f1cd8005020
MOC-R4PCC04U05:566756:566969 [3] NCCL INFO Channel 00/0 : 3[3] -> 6[2] [send] via NET/Socket/0
MOC-R4PCC04U05:566756:566893 [3] NCCL INFO New proxy send connection 3 from local rank 3, transport 2
MOC-R4PCC04U05:566756:566969 [3] NCCL INFO Connected to proxy localRank 3 -> connection 0x7f1cd8005098
MOC-R4PCC04U05:566756:566969 [3] NCCL INFO Channel 02/0 : 3[3] -> 6[2] [send] via NET/Socket/0
MOC-R4PCC04U05:566753:566891 [0] NCCL INFO New proxy recv connection 4 from local rank 0, transport 0
MOC-R4PCC04U05:566753:566966 [0] NCCL INFO Connected to proxy localRank 0 -> connection 0x7feedc005110
MOC-R4PCC04U05:566753:566891 [0] NCCL INFO New proxy recv connection 5 from local rank 0, transport 0
MOC-R4PCC04U05:566756:566893 [3] NCCL INFO New proxy recv connection 4 from local rank 3, transport 2
MOC-R4PCC04U05:566753:566966 [0] NCCL INFO Connected to proxy localRank 0 -> connection 0x7feedc005188
MOC-R4PCC04U05:566756:566969 [3] NCCL INFO Connected to proxy localRank 3 -> connection 0x7f1cd8005110
MOC-R4PCC04U05:566753:566891 [0] NCCL INFO New proxy recv connection 6 from local rank 0, transport 0
MOC-R4PCC04U05:566753:566966 [0] NCCL INFO Connected to proxy localRank 0 -> connection 0x7feedc005200
MOC-R4PCC04U05:566756:566969 [3] NCCL INFO Channel 01/0 : 10[2] -> 3[3] [receive] via NET/Socket/0
MOC-R4PCC04U05:566756:566893 [3] NCCL INFO New proxy recv connection 5 from local rank 3, transport 2
MOC-R4PCC04U05:566756:566969 [3] NCCL INFO Connected to proxy localRank 3 -> connection 0x7f1cd8005188
MOC-R4PCC04U05:566753:566891 [0] NCCL INFO New proxy recv connection 7 from local rank 0, transport 0
MOC-R4PCC04U05:566753:566966 [0] NCCL INFO Connected to proxy localRank 0 -> connection 0x7feedc005278
MOC-R4PCC04U05:566756:566969 [3] NCCL INFO Channel 03/0 : 10[2] -> 3[3] [receive] via NET/Socket/0
MOC-R4PCC04U05:566755:566895 [2] NCCL INFO New proxy send connection 4 from local rank 2, transport 2
MOC-R4PCC04U05:566755:566968 [2] NCCL INFO Connected to proxy localRank 2 -> connection 0x7f15c4005110
MOC-R4PCC04U05:566755:566968 [2] NCCL INFO Channel 01/0 : 2[2] -> 7[3] [send] via NET/Socket/0
MOC-R4PCC04U05:566755:566895 [2] NCCL INFO New proxy send connection 5 from local rank 2, transport 2
MOC-R4PCC04U05:566755:566968 [2] NCCL INFO Connected to proxy localRank 2 -> connection 0x7f15c4005188
MOC-R4PCC04U05:566756:566893 [3] NCCL INFO New proxy send connection 6 from local rank 3, transport 0
MOC-R4PCC04U05:566756:566969 [3] NCCL INFO Connected to proxy localRank 3 -> connection 0x7f1cd8005200
MOC-R4PCC04U05:566755:566968 [2] NCCL INFO Channel 03/0 : 2[2] -> 7[3] [send] via NET/Socket/0
MOC-R4PCC04U05:566756:566893 [3] NCCL INFO New proxy send connection 7 from local rank 3, transport 0
MOC-R4PCC04U05:566756:566969 [3] NCCL INFO Connected to proxy localRank 3 -> connection 0x7f1cd8005278
MOC-R4PCC04U05:566755:566895 [2] NCCL INFO New proxy send connection 6 from local rank 2, transport 0
MOC-R4PCC04U05:566755:566968 [2] NCCL INFO Connected to proxy localRank 2 -> connection 0x7f15c4005200
MOC-R4PCC04U05:566754:566897 [1] NCCL INFO New proxy recv connection 2 from local rank 1, transport 0
MOC-R4PCC04U05:566754:566967 [1] NCCL INFO Connected to proxy localRank 1 -> connection 0x7f9390005020
MOC-R4PCC04U05:566753:566891 [0] NCCL INFO New proxy send connection 8 from local rank 3, transport 0
MOC-R4PCC04U05:566756:566969 [3] NCCL INFO Connected to proxy localRank 0 -> connection 0x7feedc0052f0
MOC-R4PCC04U05:566755:566895 [2] NCCL INFO New proxy send connection 7 from local rank 2, transport 0
MOC-R4PCC04U05:566755:566968 [2] NCCL INFO Connected to proxy localRank 2 -> connection 0x7f15c4005278
MOC-R4PCC04U05:566754:566897 [1] NCCL INFO New proxy recv connection 3 from local rank 1, transport 0
MOC-R4PCC04U05:566754:566967 [1] NCCL INFO Connected to proxy localRank 1 -> connection 0x7f9390005098
MOC-R4PCC04U05:566754:566897 [1] NCCL INFO New proxy send connection 4 from local rank 1, transport 0
MOC-R4PCC04U05:566754:566967 [1] NCCL INFO Connected to proxy localRank 1 -> connection 0x7f9390005110
MOC-R4PCC04U05:566754:566897 [1] NCCL INFO New proxy send connection 5 from local rank 1, transport 0
MOC-R4PCC04U05:566754:566967 [1] NCCL INFO Connected to proxy localRank 1 -> connection 0x7f9390005188
MOC-R4PCC04U05:566754:566897 [1] NCCL INFO New proxy send connection 6 from local rank 1, transport 0
MOC-R4PCC04U05:566754:566967 [1] NCCL INFO Connected to proxy localRank 1 -> connection 0x7f9390005200
MOC-R4PCC04U05:566754:566897 [1] NCCL INFO New proxy send connection 7 from local rank 1, transport 0
MOC-R4PCC04U05:566754:566967 [1] NCCL INFO Connected to proxy localRank 1 -> connection 0x7f9390005278
MOC-R4PCC04U05:566753:566891 [0] NCCL INFO New proxy send connection 9 from local rank 2, transport 0
MOC-R4PCC04U05:566755:566968 [2] NCCL INFO Connected to proxy localRank 0 -> connection 0x7feedc005368
MOC-R4PCC04U05:566755:566895 [2] NCCL INFO New proxy send connection 8 from local rank 0, transport 0
MOC-R4PCC04U05:566753:566966 [0] NCCL INFO Connected to proxy localRank 2 -> connection 0x7f15c40052f0
MOC-R4PCC04U05:566754:566897 [1] NCCL INFO New proxy send connection 8 from local rank 3, transport 0
MOC-R4PCC04U05:566756:566969 [3] NCCL INFO Connected to proxy localRank 1 -> connection 0x7f93900052f0
MOC-R4PCC04U05:566756:566893 [3] NCCL INFO New proxy send connection 8 from local rank 1, transport 0
MOC-R4PCC04U05:566754:566967 [1] NCCL INFO Connected to proxy localRank 3 -> connection 0x7f1cd80052f0
MOC-R4PCC04U05:566756:566893 [3] NCCL INFO New proxy send connection 9 from local rank 0, transport 0
MOC-R4PCC04U05:566753:566966 [0] NCCL INFO Connected to proxy localRank 3 -> connection 0x7f1cd8005368
MOC-R4PCC04U05:566754:566897 [1] NCCL INFO New proxy send connection 9 from local rank 2, transport 0
MOC-R4PCC04U05:566755:566968 [2] NCCL INFO Connected to proxy localRank 1 -> connection 0x7f9390005368
MOC-R4PCC04U05:566753:566891 [0] NCCL INFO New proxy send connection 10 from local rank 1, transport 0
MOC-R4PCC04U05:566754:566967 [1] NCCL INFO Connected to proxy localRank 0 -> connection 0x7feedc0053e0
MOC-R4PCC04U05:566754:566897 [1] NCCL INFO New proxy send connection 10 from local rank 0, transport 0
MOC-R4PCC04U05:566753:566966 [0] NCCL INFO Connected to proxy localRank 1 -> connection 0x7f93900053e0
MOC-R4PCC04U05:566755:566895 [2] NCCL INFO New proxy send connection 9 from local rank 1, transport 0
MOC-R4PCC04U05:566754:566967 [1] NCCL INFO Connected to proxy localRank 2 -> connection 0x7f15c4005368
num decayed parameter tensors: 50, with 124,318,464 parameters
num non-decayed parameter tensors: 98, with 121,344 parameters
using fused AdamW: False
using regular AdamW
MOC-R4PCC04U05:566756:566893 [3] NCCL INFO New proxy recv connection 10 from local rank 3, transport 0
MOC-R4PCC04U05:566756:567613 [3] NCCL INFO Connected to proxy localRank 3 -> connection 0x7f1cd80053e0
MOC-R4PCC04U05:566756:566893 [3] NCCL INFO New proxy recv connection 11 from local rank 3, transport 0
MOC-R4PCC04U05:566756:567613 [3] NCCL INFO Connected to proxy localRank 3 -> connection 0x7f1cd8005458
MOC-R4PCC04U05:566754:566897 [1] NCCL INFO New proxy recv connection 11 from local rank 1, transport 0
MOC-R4PCC04U05:566754:567614 [1] NCCL INFO Connected to proxy localRank 1 -> connection 0x7f9390005458
MOC-R4PCC04U05:566754:566897 [1] NCCL INFO New proxy recv connection 12 from local rank 1, transport 0
MOC-R4PCC04U05:566754:567614 [1] NCCL INFO Connected to proxy localRank 1 -> connection 0x7f93900054d0
MOC-R4PCC04U05:566754:566897 [1] NCCL INFO New proxy recv connection 13 from local rank 1, transport 0
MOC-R4PCC04U05:566754:567614 [1] NCCL INFO Connected to proxy localRank 1 -> connection 0x7f9390005548
MOC-R4PCC04U05:566754:566897 [1] NCCL INFO New proxy recv connection 14 from local rank 1, transport 0
MOC-R4PCC04U05:566754:567614 [1] NCCL INFO Connected to proxy localRank 1 -> connection 0x7f93900055c0
MOC-R4PCC04U05:566754:566897 [1] NCCL INFO New proxy send connection 15 from local rank 1, transport 0
MOC-R4PCC04U05:566754:567614 [1] NCCL INFO Connected to proxy localRank 1 -> connection 0x7f9390005638
MOC-R4PCC04U05:566754:566897 [1] NCCL INFO New proxy send connection 16 from local rank 1, transport 0
MOC-R4PCC04U05:566754:567614 [1] NCCL INFO Connected to proxy localRank 1 -> connection 0x7f93900056b0
MOC-R4PCC04U05:566754:566897 [1] NCCL INFO New proxy send connection 17 from local rank 1, transport 0
MOC-R4PCC04U05:566754:567614 [1] NCCL INFO Connected to proxy localRank 1 -> connection 0x7f9390005728
MOC-R4PCC04U05:566754:566897 [1] NCCL INFO New proxy send connection 18 from local rank 1, transport 0
MOC-R4PCC04U05:566754:567614 [1] NCCL INFO Connected to proxy localRank 1 -> connection 0x7f93900057a0
MOC-R4PCC04U05:566753:566891 [0] NCCL INFO New proxy send connection 11 from local rank 0, transport 0
MOC-R4PCC04U05:566753:567615 [0] NCCL INFO Connected to proxy localRank 0 -> connection 0x7feedc005458
MOC-R4PCC04U05:566753:566891 [0] NCCL INFO New proxy send connection 12 from local rank 0, transport 0
MOC-R4PCC04U05:566753:567615 [0] NCCL INFO Connected to proxy localRank 0 -> connection 0x7feedc0054d0
MOC-R4PCC04U05:566753:566891 [0] NCCL INFO New proxy send connection 13 from local rank 0, transport 0
MOC-R4PCC04U05:566753:567615 [0] NCCL INFO Connected to proxy localRank 0 -> connection 0x7feedc005548
MOC-R4PCC04U05:566753:566891 [0] NCCL INFO New proxy send connection 14 from local rank 0, transport 0
MOC-R4PCC04U05:566753:567615 [0] NCCL INFO Connected to proxy localRank 0 -> connection 0x7feedc0055c0
MOC-R4PCC04U05:566753:566891 [0] NCCL INFO New proxy send connection 15 from local rank 0, transport 0
MOC-R4PCC04U05:566753:567615 [0] NCCL INFO Connected to proxy localRank 0 -> connection 0x7feedc005638
MOC-R4PCC04U05:566753:566891 [0] NCCL INFO New proxy send connection 16 from local rank 0, transport 0
MOC-R4PCC04U05:566753:567615 [0] NCCL INFO Connected to proxy localRank 0 -> connection 0x7feedc0056b0
MOC-R4PCC04U05:566753:566891 [0] NCCL INFO New proxy recv connection 17 from local rank 0, transport 0
MOC-R4PCC04U05:566753:567615 [0] NCCL INFO Connected to proxy localRank 0 -> connection 0x7feedc005728
MOC-R4PCC04U05:566756:566893 [3] NCCL INFO New proxy recv connection 12 from local rank 3, transport 2
MOC-R4PCC04U05:566756:567613 [3] NCCL INFO Connected to proxy localRank 3 -> connection 0x7f1cd80054d0
MOC-R4PCC04U05:566753:566891 [0] NCCL INFO New proxy recv connection 18 from local rank 0, transport 0
MOC-R4PCC04U05:566753:567615 [0] NCCL INFO Connected to proxy localRank 0 -> connection 0x7feedc0057a0
MOC-R4PCC04U05:566753:566891 [0] NCCL INFO New proxy recv connection 19 from local rank 0, transport 0
MOC-R4PCC04U05:566753:567615 [0] NCCL INFO Connected to proxy localRank 0 -> connection 0x7feedc005818
MOC-R4PCC04U05:566756:567613 [3] NCCL INFO Channel 00/0 : 11[3] -> 3[3] [receive] via NET/Socket/0
MOC-R4PCC04U05:566756:566893 [3] NCCL INFO New proxy recv connection 13 from local rank 3, transport 2
MOC-R4PCC04U05:566756:567613 [3] NCCL INFO Connected to proxy localRank 3 -> connection 0x7f1cd8005548
MOC-R4PCC04U05:566753:566891 [0] NCCL INFO New proxy recv connection 20 from local rank 0, transport 0
MOC-R4PCC04U05:566753:567615 [0] NCCL INFO Connected to proxy localRank 0 -> connection 0x7feedc005890
MOC-R4PCC04U05:566756:567613 [3] NCCL INFO Channel 01/0 : 11[3] -> 3[3] [receive] via NET/Socket/0
MOC-R4PCC04U05:566756:566893 [3] NCCL INFO New proxy recv connection 14 from local rank 3, transport 2
MOC-R4PCC04U05:566756:567613 [3] NCCL INFO Connected to proxy localRank 3 -> connection 0x7f1cd80055c0
MOC-R4PCC04U05:566756:567613 [3] NCCL INFO Channel 02/0 : 11[3] -> 3[3] [receive] via NET/Socket/0
MOC-R4PCC04U05:566756:566893 [3] NCCL INFO New proxy recv connection 15 from local rank 3, transport 2
MOC-R4PCC04U05:566756:567613 [3] NCCL INFO Connected to proxy localRank 3 -> connection 0x7f1cd8005638
MOC-R4PCC04U05:566756:567613 [3] NCCL INFO Channel 03/0 : 11[3] -> 3[3] [receive] via NET/Socket/0
MOC-R4PCC04U05:566756:566893 [3] NCCL INFO New proxy send connection 16 from local rank 3, transport 2
MOC-R4PCC04U05:566756:567613 [3] NCCL INFO Connected to proxy localRank 3 -> connection 0x7f1cd80056b0
MOC-R4PCC04U05:566756:567613 [3] NCCL INFO Channel 02/0 : 3[3] -> 7[3] [send] via NET/Socket/0
MOC-R4PCC04U05:566756:566893 [3] NCCL INFO New proxy send connection 17 from local rank 3, transport 2
MOC-R4PCC04U05:566756:567613 [3] NCCL INFO Connected to proxy localRank 3 -> connection 0x7f1cd8005728
MOC-R4PCC04U05:566756:567613 [3] NCCL INFO Channel 03/0 : 3[3] -> 7[3] [send] via NET/Socket/0
MOC-R4PCC04U05:566755:566895 [2] NCCL INFO New proxy recv connection 10 from local rank 2, transport 0
MOC-R4PCC04U05:566755:567616 [2] NCCL INFO Connected to proxy localRank 2 -> connection 0x7f15c40053e0
MOC-R4PCC04U05:566755:566895 [2] NCCL INFO New proxy recv connection 11 from local rank 2, transport 0
MOC-R4PCC04U05:566755:567616 [2] NCCL INFO Connected to proxy localRank 2 -> connection 0x7f15c4005458
MOC-R4PCC04U05:566755:566895 [2] NCCL INFO New proxy recv connection 12 from local rank 2, transport 0
MOC-R4PCC04U05:566755:567616 [2] NCCL INFO Connected to proxy localRank 2 -> connection 0x7f15c40054d0
MOC-R4PCC04U05:566755:566895 [2] NCCL INFO New proxy recv connection 13 from local rank 2, transport 0
MOC-R4PCC04U05:566755:567616 [2] NCCL INFO Connected to proxy localRank 2 -> connection 0x7f15c4005548
MOC-R4PCC04U05:566755:566895 [2] NCCL INFO New proxy send connection 14 from local rank 2, transport 0
MOC-R4PCC04U05:566755:567616 [2] NCCL INFO Connected to proxy localRank 2 -> connection 0x7f15c40055c0
MOC-R4PCC04U05:566754:566897 [1] NCCL INFO New proxy recv connection 19 from local rank 1, transport 0
MOC-R4PCC04U05:566754:567614 [1] NCCL INFO Connected to proxy localRank 1 -> connection 0x7f9390005818
MOC-R4PCC04U05:566755:566895 [2] NCCL INFO New proxy send connection 15 from local rank 2, transport 0
MOC-R4PCC04U05:566755:567616 [2] NCCL INFO Connected to proxy localRank 2 -> connection 0x7f15c4005638
MOC-R4PCC04U05:566754:566897 [1] NCCL INFO New proxy recv connection 20 from local rank 1, transport 0
MOC-R4PCC04U05:566754:567614 [1] NCCL INFO Connected to proxy localRank 1 -> connection 0x7f9390005890
MOC-R4PCC04U05:566756:566893 [3] NCCL INFO New proxy recv connection 18 from local rank 3, transport 2
MOC-R4PCC04U05:566756:567613 [3] NCCL INFO Connected to proxy localRank 3 -> connection 0x7f1cd80057a0
MOC-R4PCC04U05:566756:567613 [3] NCCL INFO Channel 02/0 : 7[3] -> 3[3] [receive] via NET/Socket/0
MOC-R4PCC04U05:566756:566893 [3] NCCL INFO New proxy recv connection 19 from local rank 3, transport 2
MOC-R4PCC04U05:566756:567613 [3] NCCL INFO Connected to proxy localRank 3 -> connection 0x7f1cd8005818
MOC-R4PCC04U05:566756:567613 [3] NCCL INFO Channel 03/0 : 7[3] -> 3[3] [receive] via NET/Socket/0
MOC-R4PCC04U05:566756:566893 [3] NCCL INFO New proxy send connection 20 from local rank 3, transport 2
MOC-R4PCC04U05:566756:567613 [3] NCCL INFO Connected to proxy localRank 3 -> connection 0x7f1cd8005890
MOC-R4PCC04U05:566756:567613 [3] NCCL INFO Channel 00/0 : 3[3] -> 11[3] [send] via NET/Socket/0
MOC-R4PCC04U05:566756:566893 [3] NCCL INFO New proxy send connection 21 from local rank 3, transport 2
MOC-R4PCC04U05:566756:567613 [3] NCCL INFO Connected to proxy localRank 3 -> connection 0x7f1cd8005908
MOC-R4PCC04U05:566756:567613 [3] NCCL INFO Channel 01/0 : 3[3] -> 11[3] [send] via NET/Socket/0
MOC-R4PCC04U05:566756:566893 [3] NCCL INFO New proxy send connection 22 from local rank 3, transport 2
MOC-R4PCC04U05:566756:567613 [3] NCCL INFO Connected to proxy localRank 3 -> connection 0x7f1cd8005980
MOC-R4PCC04U05:566756:567613 [3] NCCL INFO Channel 02/0 : 3[3] -> 11[3] [send] via NET/Socket/0
MOC-R4PCC04U05:566756:566893 [3] NCCL INFO New proxy send connection 23 from local rank 3, transport 2
MOC-R4PCC04U05:566756:567613 [3] NCCL INFO Connected to proxy localRank 3 -> connection 0x7f1cd80059f8
MOC-R4PCC04U05:566756:567613 [3] NCCL INFO Channel 03/0 : 3[3] -> 11[3] [send] via NET/Socket/0
MOC-R4PCC04U05:566756:566893 [3] NCCL INFO New proxy send connection 24 from local rank 3, transport 0
MOC-R4PCC04U05:566756:567613 [3] NCCL INFO Connected to proxy localRank 3 -> connection 0x7f1cd8005a70
MOC-R4PCC04U05:566756:566893 [3] NCCL INFO New proxy send connection 25 from local rank 3, transport 0
MOC-R4PCC04U05:566756:567613 [3] NCCL INFO Connected to proxy localRank 3 -> connection 0x7f1cd8005ae8
MOC-R4PCC04U05:566756:566893 [3] NCCL INFO New proxy send connection 26 from local rank 3, transport 0
MOC-R4PCC04U05:566756:567613 [3] NCCL INFO Connected to proxy localRank 3 -> connection 0x7f1cd8005b60
MOC-R4PCC04U05:566756:566893 [3] NCCL INFO New proxy send connection 27 from local rank 3, transport 0
MOC-R4PCC04U05:566756:567613 [3] NCCL INFO Connected to proxy localRank 3 -> connection 0x7f1cd8005bd8
step    1/10 | train loss 11.008544 | norm 15.7800 | lr 1.00e-04 | (14013.60 ms | 28060 tok/s)
step    2/10 | train loss 10.118105 | norm 5.8210 | lr 1.00e-04 | (186.08 ms | 2113142 tok/s)
step    3/10 | train loss 9.770430 | norm 2.6297 | lr 1.00e-04 | (184.52 ms | 2131018 tok/s)
step    4/10 | train loss 9.600719 | norm 2.1155 | lr 1.00e-04 | (183.95 ms | 2137600 tok/s)
step    5/10 | train loss 9.517909 | norm 2.1044 | lr 1.00e-04 | (183.39 ms | 2144209 tok/s)
step    6/10 | train loss 9.436646 | norm 1.9994 | lr 1.00e-04 | (682.34 ms | 576277 tok/s)
step    7/10 | train loss 9.351845 | norm 1.9450 | lr 1.00e-04 | (185.69 ms | 2117584 tok/s)
step    8/10 | train loss 9.262651 | norm 1.9094 | lr 1.00e-04 | (187.13 ms | 2101336 tok/s)
step    9/10 | train loss 9.170660 | norm 1.8626 | lr 1.00e-04 | (185.86 ms | 2115642 tok/s)
step   10/10 | train loss 9.080886 | norm 1.7797 | lr 1.00e-04 | (187.00 ms | 2102719 tok/s)
final 9 iters avg: 240.662ms
peak memory consumption: 16121 MiB
