Running pytorch 2.7.0+cu126
using device: cuda:0
total desired batch size: 2359296
=> calculated gradient accumulation steps: 6
using device: cuda:2
using device: cuda:1
using device: cuda:3
compiling the model...
DataLoader: total number of tokens: 1,661,249,667 across 103 files
MOC-R4PCC04U05:581401:581401 [0] NCCL INFO NCCL_SOCKET_IFNAME set to eno7np0
MOC-R4PCC04U05:581401:581401 [0] NCCL INFO NCCL version 2.26.2+cuda12.2
MOC-R4PCC04U05:581401:581505 [0] NCCL INFO NET/Plugin: Could not find: libnccl-net.so. Using internal net plugin.
MOC-R4PCC04U05:581401:581505 [0] NCCL INFO NCCL_IB_HCA set to mlx5_5
MOC-R4PCC04U05:581401:581505 [0] NCCL INFO NET/IB : Made virtual device [0] name=mlx5_5 speed=400000 ndevs=1
MOC-R4PCC04U05:581401:581505 [0] NCCL INFO NET/IB : Using [0]mlx5_5:1/RoCE [RO]; OOB eno7np0:192.168.50.193<0>
MOC-R4PCC04U05:581404:581404 [3] NCCL INFO NCCL_SOCKET_IFNAME set to eno7np0
MOC-R4PCC04U05:581404:581404 [3] NCCL INFO NCCL version 2.26.2+cuda12.2
MOC-R4PCC04U05:581402:581402 [1] NCCL INFO NCCL_SOCKET_IFNAME set to eno7np0
MOC-R4PCC04U05:581402:581402 [1] NCCL INFO NCCL version 2.26.2+cuda12.2
MOC-R4PCC04U05:581403:581403 [2] NCCL INFO NCCL_SOCKET_IFNAME set to eno7np0
MOC-R4PCC04U05:581403:581403 [2] NCCL INFO NCCL version 2.26.2+cuda12.2
MOC-R4PCC04U05:581404:581528 [3] NCCL INFO NET/Plugin: Could not find: libnccl-net.so. Using internal net plugin.
MOC-R4PCC04U05:581404:581528 [3] NCCL INFO NCCL_IB_HCA set to mlx5_5
MOC-R4PCC04U05:581402:581529 [1] NCCL INFO NET/Plugin: Could not find: libnccl-net.so. Using internal net plugin.
MOC-R4PCC04U05:581403:581530 [2] NCCL INFO NET/Plugin: Could not find: libnccl-net.so. Using internal net plugin.
MOC-R4PCC04U05:581402:581529 [1] NCCL INFO NCCL_IB_HCA set to mlx5_5
MOC-R4PCC04U05:581403:581530 [2] NCCL INFO NCCL_IB_HCA set to mlx5_5
MOC-R4PCC04U05:581404:581528 [3] NCCL INFO NET/IB : Made virtual device [0] name=mlx5_5 speed=400000 ndevs=1
MOC-R4PCC04U05:581404:581528 [3] NCCL INFO NET/IB : Using [0]mlx5_5:1/RoCE [RO]; OOB eno7np0:192.168.50.193<0>
MOC-R4PCC04U05:581402:581529 [1] NCCL INFO NET/IB : Made virtual device [0] name=mlx5_5 speed=400000 ndevs=1
MOC-R4PCC04U05:581402:581529 [1] NCCL INFO NET/IB : Using [0]mlx5_5:1/RoCE [RO]; OOB eno7np0:192.168.50.193<0>
MOC-R4PCC04U05:581403:581530 [2] NCCL INFO NET/IB : Made virtual device [0] name=mlx5_5 speed=400000 ndevs=1
MOC-R4PCC04U05:581403:581530 [2] NCCL INFO NET/IB : Using [0]mlx5_5:1/RoCE [RO]; OOB eno7np0:192.168.50.193<0>
MOC-R4PCC04U05:581403:581530 [2] NCCL INFO NET/IB : GPU Direct RDMA Enabled for HCA 0 'mlx5_5'
MOC-R4PCC04U05:581403:581530 [2] NCCL INFO NET/IB : Made virtual device [1] name=mlx5_5 speed=400000 ndevs=1
MOC-R4PCC04U05:581403:581530 [2] NCCL INFO NET/IB : GPU Direct RDMA Enabled for HCA 0 'mlx5_5'
MOC-R4PCC04U05:581403:581530 [2] NCCL INFO NET/IB : GPU Direct RDMA Enabled for HCA 1 'mlx5_5'
MOC-R4PCC04U05:581401:581505 [0] NCCL INFO NET/IB : GPU Direct RDMA Enabled for HCA 0 'mlx5_5'
MOC-R4PCC04U05:581401:581505 [0] NCCL INFO NET/IB : Made virtual device [1] name=mlx5_5 speed=400000 ndevs=1
MOC-R4PCC04U05:581401:581505 [0] NCCL INFO NET/IB : GPU Direct RDMA Enabled for HCA 0 'mlx5_5'
MOC-R4PCC04U05:581401:581505 [0] NCCL INFO NET/IB : GPU Direct RDMA Enabled for HCA 1 'mlx5_5'
MOC-R4PCC04U05:581404:581528 [3] NCCL INFO NET/IB : GPU Direct RDMA Enabled for HCA 0 'mlx5_5'
MOC-R4PCC04U05:581404:581528 [3] NCCL INFO NET/IB : Made virtual device [1] name=mlx5_5 speed=400000 ndevs=1
MOC-R4PCC04U05:581404:581528 [3] NCCL INFO NET/IB : GPU Direct RDMA Enabled for HCA 0 'mlx5_5'
MOC-R4PCC04U05:581404:581528 [3] NCCL INFO NET/IB : GPU Direct RDMA Enabled for HCA 1 'mlx5_5'
MOC-R4PCC04U05:581402:581529 [1] NCCL INFO NET/IB : GPU Direct RDMA Enabled for HCA 0 'mlx5_5'
MOC-R4PCC04U05:581402:581529 [1] NCCL INFO NET/IB : Made virtual device [1] name=mlx5_5 speed=400000 ndevs=1
MOC-R4PCC04U05:581402:581529 [1] NCCL INFO NET/IB : GPU Direct RDMA Enabled for HCA 0 'mlx5_5'
MOC-R4PCC04U05:581402:581529 [1] NCCL INFO NET/IB : GPU Direct RDMA Enabled for HCA 1 'mlx5_5'
MOC-R4PCC04U05:581402:581529 [1] NCCL INFO NCCL_NET_GDR_LEVEL set by environment to LOC
MOC-R4PCC04U05:581402:581529 [1] NCCL INFO GPU Direct RDMA Disabled for GPU 0 / HCA 1 (distance 5 > 0)
MOC-R4PCC04U05:581402:581529 [1] NCCL INFO GPU Direct RDMA Disabled for GPU 1 / HCA 1 (distance 5 > 0)
MOC-R4PCC04U05:581402:581529 [1] NCCL INFO GPU Direct RDMA Disabled for GPU 2 / HCA 1 (distance 5 > 0)
MOC-R4PCC04U05:581402:581529 [1] NCCL INFO GPU Direct RDMA Disabled for GPU 0 / HCA 1 (distance 5 > 0)
MOC-R4PCC04U05:581402:581529 [1] NCCL INFO GPU Direct RDMA Disabled for GPU 1 / HCA 1 (distance 5 > 0)
MOC-R4PCC04U05:581402:581529 [1] NCCL INFO GPU Direct RDMA Disabled for GPU 2 / HCA 1 (distance 5 > 0)
MOC-R4PCC04U05:581401:581505 [0] NCCL INFO NCCL_NET_GDR_LEVEL set by environment to LOC
MOC-R4PCC04U05:581401:581505 [0] NCCL INFO GPU Direct RDMA Disabled for GPU 0 / HCA 1 (distance 5 > 0)
MOC-R4PCC04U05:581401:581505 [0] NCCL INFO GPU Direct RDMA Disabled for GPU 1 / HCA 1 (distance 5 > 0)
MOC-R4PCC04U05:581401:581505 [0] NCCL INFO GPU Direct RDMA Disabled for GPU 2 / HCA 1 (distance 5 > 0)
MOC-R4PCC04U05:581401:581505 [0] NCCL INFO GPU Direct RDMA Disabled for GPU 0 / HCA 1 (distance 5 > 0)
MOC-R4PCC04U05:581401:581505 [0] NCCL INFO GPU Direct RDMA Disabled for GPU 1 / HCA 1 (distance 5 > 0)
MOC-R4PCC04U05:581401:581505 [0] NCCL INFO GPU Direct RDMA Disabled for GPU 2 / HCA 1 (distance 5 > 0)
MOC-R4PCC04U05:581403:581530 [2] NCCL INFO NCCL_NET_GDR_LEVEL set by environment to LOC
MOC-R4PCC04U05:581403:581530 [2] NCCL INFO GPU Direct RDMA Disabled for GPU 0 / HCA 1 (distance 5 > 0)
MOC-R4PCC04U05:581403:581530 [2] NCCL INFO GPU Direct RDMA Disabled for GPU 1 / HCA 1 (distance 5 > 0)
MOC-R4PCC04U05:581403:581530 [2] NCCL INFO GPU Direct RDMA Disabled for GPU 2 / HCA 1 (distance 5 > 0)
MOC-R4PCC04U05:581403:581530 [2] NCCL INFO GPU Direct RDMA Disabled for GPU 0 / HCA 1 (distance 5 > 0)
MOC-R4PCC04U05:581403:581530 [2] NCCL INFO GPU Direct RDMA Disabled for GPU 1 / HCA 1 (distance 5 > 0)
MOC-R4PCC04U05:581403:581530 [2] NCCL INFO GPU Direct RDMA Disabled for GPU 2 / HCA 1 (distance 5 > 0)
MOC-R4PCC04U05:581404:581528 [3] NCCL INFO NCCL_NET_GDR_LEVEL set by environment to LOC
MOC-R4PCC04U05:581404:581528 [3] NCCL INFO GPU Direct RDMA Disabled for GPU 0 / HCA 1 (distance 5 > 0)
MOC-R4PCC04U05:581404:581528 [3] NCCL INFO GPU Direct RDMA Disabled for GPU 1 / HCA 1 (distance 5 > 0)
MOC-R4PCC04U05:581404:581528 [3] NCCL INFO GPU Direct RDMA Disabled for GPU 2 / HCA 1 (distance 5 > 0)
MOC-R4PCC04U05:581404:581528 [3] NCCL INFO GPU Direct RDMA Disabled for GPU 0 / HCA 1 (distance 5 > 0)
MOC-R4PCC04U05:581404:581528 [3] NCCL INFO GPU Direct RDMA Disabled for GPU 1 / HCA 1 (distance 5 > 0)
MOC-R4PCC04U05:581404:581528 [3] NCCL INFO GPU Direct RDMA Disabled for GPU 2 / HCA 1 (distance 5 > 0)
MOC-R4PCC04U05:581402:581544 [1] NCCL INFO New proxy recv connection 0 from local rank 1, transport 0
MOC-R4PCC04U05:581402:581551 [1] NCCL INFO Connected to proxy localRank 1 -> connection 0x7f9c24004f30
MOC-R4PCC04U05:581401:581543 [0] NCCL INFO New proxy send connection 0 from local rank 0, transport 0
MOC-R4PCC04U05:581401:581552 [0] NCCL INFO Connected to proxy localRank 0 -> connection 0x7f71ec004f30
MOC-R4PCC04U05:581402:581544 [1] NCCL INFO New proxy recv connection 1 from local rank 1, transport 0
MOC-R4PCC04U05:581401:581543 [0] NCCL INFO New proxy send connection 1 from local rank 0, transport 0
MOC-R4PCC04U05:581402:581551 [1] NCCL INFO Connected to proxy localRank 1 -> connection 0x7f9c24004fa8
MOC-R4PCC04U05:581401:581552 [0] NCCL INFO Connected to proxy localRank 0 -> connection 0x7f71ec004fa8
MOC-R4PCC04U05:581404:581545 [3] NCCL INFO New proxy recv connection 0 from local rank 3, transport 0
MOC-R4PCC04U05:581404:581553 [3] NCCL INFO Connected to proxy localRank 3 -> connection 0x7f5548004f30
MOC-R4PCC04U05:581404:581545 [3] NCCL INFO New proxy recv connection 1 from local rank 3, transport 0
MOC-R4PCC04U05:581404:581553 [3] NCCL INFO Connected to proxy localRank 3 -> connection 0x7f5548004fa8
MOC-R4PCC04U05:581404:581553 [3] NCCL INFO GPU Direct RDMA Disabled for GPU 3 / HCA 1 (distance 7 > 0)
MOC-R4PCC04U05:581403:581546 [2] NCCL INFO New proxy recv connection 0 from local rank 2, transport 0
MOC-R4PCC04U05:581403:581554 [2] NCCL INFO Connected to proxy localRank 2 -> connection 0x7f8c54004f30
MOC-R4PCC04U05:581403:581546 [2] NCCL INFO New proxy recv connection 1 from local rank 2, transport 0
MOC-R4PCC04U05:581403:581554 [2] NCCL INFO Connected to proxy localRank 2 -> connection 0x7f8c54004fa8
MOC-R4PCC04U05:581403:581554 [2] NCCL INFO GPU Direct RDMA Disabled for GPU 2 / HCA 1 (distance 7 > 0)
MOC-R4PCC04U05:581401:581543 [0] NCCL INFO New proxy send connection 2 from local rank 0, transport 0
MOC-R4PCC04U05:581401:581552 [0] NCCL INFO Connected to proxy localRank 0 -> connection 0x7f71ec005020
MOC-R4PCC04U05:581401:581543 [0] NCCL INFO New proxy send connection 3 from local rank 0, transport 0
MOC-R4PCC04U05:581401:581552 [0] NCCL INFO Connected to proxy localRank 0 -> connection 0x7f71ec005098
MOC-R4PCC04U05:581404:581545 [3] NCCL INFO New proxy send connection 2 from local rank 3, transport 2
MOC-R4PCC04U05:581404:581553 [3] NCCL INFO Connected to proxy localRank 3 -> connection 0x7f5548005020
MOC-R4PCC04U05:581404:581553 [3] NCCL INFO Channel 00/0 : 3[3] -> 6[2] [send] via NET/IB/1
MOC-R4PCC04U05:581404:581553 [3] NCCL INFO GPU Direct RDMA Disabled for GPU 3 / HCA 1 (distance 7 > 0)
MOC-R4PCC04U05:581404:581545 [3] NCCL INFO New proxy send connection 3 from local rank 3, transport 2
MOC-R4PCC04U05:581404:581553 [3] NCCL INFO Connected to proxy localRank 3 -> connection 0x7f5548005098
MOC-R4PCC04U05:581404:581553 [3] NCCL INFO Channel 02/0 : 3[3] -> 6[2] [send] via NET/IB/1
MOC-R4PCC04U05:581404:581553 [3] NCCL INFO GPU Direct RDMA Disabled for GPU 3 / HCA 1 (distance 7 > 0)
MOC-R4PCC04U05:581401:581543 [0] NCCL INFO New proxy recv connection 4 from local rank 0, transport 0
MOC-R4PCC04U05:581404:581545 [3] NCCL INFO New proxy recv connection 4 from local rank 3, transport 2
MOC-R4PCC04U05:581401:581552 [0] NCCL INFO Connected to proxy localRank 0 -> connection 0x7f71ec005110
MOC-R4PCC04U05:581404:581553 [3] NCCL INFO Connected to proxy localRank 3 -> connection 0x7f5548005110
MOC-R4PCC04U05:581404:581553 [3] NCCL INFO Channel 01/0 : 10[2] -> 3[3] [receive] via NET/IB/1
MOC-R4PCC04U05:581404:581553 [3] NCCL INFO GPU Direct RDMA Disabled for GPU 3 / HCA 1 (distance 7 > 0)
MOC-R4PCC04U05:581404:581545 [3] NCCL INFO New proxy recv connection 5 from local rank 3, transport 2
MOC-R4PCC04U05:581404:581553 [3] NCCL INFO Connected to proxy localRank 3 -> connection 0x7f5548005188
MOC-R4PCC04U05:581404:581553 [3] NCCL INFO Channel 03/0 : 10[2] -> 3[3] [receive] via NET/IB/1
MOC-R4PCC04U05:581401:581543 [0] NCCL INFO New proxy recv connection 5 from local rank 0, transport 0
MOC-R4PCC04U05:581401:581552 [0] NCCL INFO Connected to proxy localRank 0 -> connection 0x7f71ec005188
MOC-R4PCC04U05:581401:581543 [0] NCCL INFO New proxy recv connection 6 from local rank 0, transport 0
MOC-R4PCC04U05:581401:581552 [0] NCCL INFO Connected to proxy localRank 0 -> connection 0x7f71ec005200
MOC-R4PCC04U05:581401:581543 [0] NCCL INFO New proxy recv connection 7 from local rank 0, transport 0
MOC-R4PCC04U05:581401:581552 [0] NCCL INFO Connected to proxy localRank 0 -> connection 0x7f71ec005278
MOC-R4PCC04U05:581403:581546 [2] NCCL INFO New proxy recv connection 2 from local rank 2, transport 2
MOC-R4PCC04U05:581403:581554 [2] NCCL INFO Connected to proxy localRank 2 -> connection 0x7f8c54005020
MOC-R4PCC04U05:581403:581554 [2] NCCL INFO Channel 00/0 : 11[3] -> 2[2] [receive] via NET/IB/1
MOC-R4PCC04U05:581403:581554 [2] NCCL INFO GPU Direct RDMA Disabled for GPU 2 / HCA 1 (distance 7 > 0)
MOC-R4PCC04U05:581403:581546 [2] NCCL INFO New proxy recv connection 3 from local rank 2, transport 2
MOC-R4PCC04U05:581403:581554 [2] NCCL INFO Connected to proxy localRank 2 -> connection 0x7f8c54005098
MOC-R4PCC04U05:581403:581554 [2] NCCL INFO Channel 02/0 : 11[3] -> 2[2] [receive] via NET/IB/1
MOC-R4PCC04U05:581404:581545 [3] NCCL INFO New proxy send connection 6 from local rank 3, transport 0
MOC-R4PCC04U05:581404:581553 [3] NCCL INFO Connected to proxy localRank 3 -> connection 0x7f5548005200
MOC-R4PCC04U05:581403:581554 [2] NCCL INFO GPU Direct RDMA Disabled for GPU 2 / HCA 1 (distance 7 > 0)
MOC-R4PCC04U05:581403:581546 [2] NCCL INFO New proxy send connection 4 from local rank 2, transport 2
MOC-R4PCC04U05:581403:581554 [2] NCCL INFO Connected to proxy localRank 2 -> connection 0x7f8c54005110
MOC-R4PCC04U05:581403:581554 [2] NCCL INFO Channel 01/0 : 2[2] -> 7[3] [send] via NET/IB/1
MOC-R4PCC04U05:581403:581554 [2] NCCL INFO GPU Direct RDMA Disabled for GPU 2 / HCA 1 (distance 7 > 0)
MOC-R4PCC04U05:581403:581546 [2] NCCL INFO New proxy send connection 5 from local rank 2, transport 2
MOC-R4PCC04U05:581403:581554 [2] NCCL INFO Connected to proxy localRank 2 -> connection 0x7f8c54005188
MOC-R4PCC04U05:581403:581554 [2] NCCL INFO Channel 03/0 : 2[2] -> 7[3] [send] via NET/IB/1
MOC-R4PCC04U05:581403:581546 [2] NCCL INFO New proxy send connection 6 from local rank 2, transport 0
MOC-R4PCC04U05:581403:581554 [2] NCCL INFO Connected to proxy localRank 2 -> connection 0x7f8c54005200
MOC-R4PCC04U05:581404:581545 [3] NCCL INFO New proxy send connection 7 from local rank 3, transport 0
MOC-R4PCC04U05:581404:581553 [3] NCCL INFO Connected to proxy localRank 3 -> connection 0x7f5548005278
MOC-R4PCC04U05:581403:581546 [2] NCCL INFO New proxy send connection 7 from local rank 2, transport 0
MOC-R4PCC04U05:581403:581554 [2] NCCL INFO Connected to proxy localRank 2 -> connection 0x7f8c54005278
MOC-R4PCC04U05:581402:581544 [1] NCCL INFO New proxy recv connection 2 from local rank 1, transport 0
MOC-R4PCC04U05:581402:581551 [1] NCCL INFO Connected to proxy localRank 1 -> connection 0x7f9c24005020
MOC-R4PCC04U05:581401:581543 [0] NCCL INFO New proxy send connection 8 from local rank 3, transport 0
MOC-R4PCC04U05:581404:581553 [3] NCCL INFO Connected to proxy localRank 0 -> connection 0x7f71ec0052f0
MOC-R4PCC04U05:581402:581544 [1] NCCL INFO New proxy recv connection 3 from local rank 1, transport 0
MOC-R4PCC04U05:581402:581551 [1] NCCL INFO Connected to proxy localRank 1 -> connection 0x7f9c24005098
MOC-R4PCC04U05:581402:581544 [1] NCCL INFO New proxy send connection 4 from local rank 1, transport 0
MOC-R4PCC04U05:581402:581551 [1] NCCL INFO Connected to proxy localRank 1 -> connection 0x7f9c24005110
MOC-R4PCC04U05:581402:581544 [1] NCCL INFO New proxy send connection 5 from local rank 1, transport 0
MOC-R4PCC04U05:581402:581551 [1] NCCL INFO Connected to proxy localRank 1 -> connection 0x7f9c24005188
MOC-R4PCC04U05:581402:581544 [1] NCCL INFO New proxy send connection 6 from local rank 1, transport 0
MOC-R4PCC04U05:581402:581551 [1] NCCL INFO Connected to proxy localRank 1 -> connection 0x7f9c24005200
MOC-R4PCC04U05:581402:581544 [1] NCCL INFO New proxy send connection 7 from local rank 1, transport 0
MOC-R4PCC04U05:581402:581551 [1] NCCL INFO Connected to proxy localRank 1 -> connection 0x7f9c24005278
MOC-R4PCC04U05:581404:581545 [3] NCCL INFO New proxy send connection 8 from local rank 1, transport 0
MOC-R4PCC04U05:581402:581551 [1] NCCL INFO Connected to proxy localRank 3 -> connection 0x7f55480052f0
MOC-R4PCC04U05:581403:581546 [2] NCCL INFO New proxy send connection 8 from local rank 0, transport 0
MOC-R4PCC04U05:581401:581552 [0] NCCL INFO Connected to proxy localRank 2 -> connection 0x7f8c540052f0
MOC-R4PCC04U05:581401:581543 [0] NCCL INFO New proxy send connection 9 from local rank 2, transport 0
MOC-R4PCC04U05:581403:581554 [2] NCCL INFO Connected to proxy localRank 0 -> connection 0x7f71ec005368
MOC-R4PCC04U05:581402:581544 [1] NCCL INFO New proxy send connection 8 from local rank 3, transport 0
MOC-R4PCC04U05:581404:581553 [3] NCCL INFO Connected to proxy localRank 1 -> connection 0x7f9c240052f0
MOC-R4PCC04U05:581401:581543 [0] NCCL INFO New proxy send connection 10 from local rank 1, transport 0
MOC-R4PCC04U05:581402:581551 [1] NCCL INFO Connected to proxy localRank 0 -> connection 0x7f71ec0053e0
MOC-R4PCC04U05:581402:581544 [1] NCCL INFO New proxy send connection 9 from local rank 2, transport 0
MOC-R4PCC04U05:581404:581545 [3] NCCL INFO New proxy send connection 9 from local rank 0, transport 0
MOC-R4PCC04U05:581403:581554 [2] NCCL INFO Connected to proxy localRank 1 -> connection 0x7f9c24005368
MOC-R4PCC04U05:581401:581552 [0] NCCL INFO Connected to proxy localRank 3 -> connection 0x7f5548005368
MOC-R4PCC04U05:581404:581545 [3] NCCL INFO NET/IB: NCCL Dev 1 IbDev 0 Port 1 qpn 9310 mtu 3 query_ece={supported=1, vendor_id=0x15b3, options=0x30000002, comp_mask=0x0} GID 3 (0/C132A8C0FFFF0000) fifoRkey=0x170bca fifoLkey=0x170bca
MOC-R4PCC04U05:581403:581546 [2] NCCL INFO NET/IB: NCCL Dev 1 IbDev 0 Port 1 qpn 9311 mtu 3 query_ece={supported=1, vendor_id=0x15b3, options=0x30000002, comp_mask=0x0} GID 3 (0/C132A8C0FFFF0000) fifoRkey=0x17cb8a fifoLkey=0x17cb8a
MOC-R4PCC04U05:581404:581545 [3] NCCL INFO NET/IB: NCCL Dev 1 IbDev 0 Port 1 qpn 9312 mtu 3 query_ece={supported=1, vendor_id=0x15b3, options=0x30000002, comp_mask=0x0} GID 3 (0/C132A8C0FFFF0000) fifoRkey=0x17b372 fifoLkey=0x17b372
MOC-R4PCC04U05:581403:581546 [2] NCCL INFO NET/IB: NCCL Dev 1 IbDev 0 Port 1 qpn 9313 mtu 3 query_ece={supported=1, vendor_id=0x15b3, options=0x30000002, comp_mask=0x0} GID 3 (0/C132A8C0FFFF0000) fifoRkey=0x177837 fifoLkey=0x177837
MOC-R4PCC04U05:581403:581546 [2] NCCL INFO New proxy send connection 9 from local rank 1, transport 0
MOC-R4PCC04U05:581402:581551 [1] NCCL INFO Connected to proxy localRank 2 -> connection 0x7f8c54005368
MOC-R4PCC04U05:581403:581546 [2] NCCL INFO NET/IB: IbDev 0 Port 1 qpn 9090 set_ece={supported=1, vendor_id=0x15b3, options=0x0, comp_mask=0x0}
MOC-R4PCC04U05:581403:581546 [2] NCCL INFO NET/IB: IbDev 0 Port 1 qpn 9092 set_ece={supported=1, vendor_id=0x15b3, options=0x0, comp_mask=0x0}
MOC-R4PCC04U05:581402:581544 [1] NCCL INFO New proxy send connection 10 from local rank 0, transport 0
MOC-R4PCC04U05:581401:581552 [0] NCCL INFO Connected to proxy localRank 1 -> connection 0x7f9c240053e0
MOC-R4PCC04U05:581404:581545 [3] NCCL INFO NET/IB: IbDev 0 Port 1 qpn 9094 set_ece={supported=1, vendor_id=0x15b3, options=0x0, comp_mask=0x0}
MOC-R4PCC04U05:581404:581545 [3] NCCL INFO NET/IB: IbDev 0 Port 1 qpn 9096 set_ece={supported=1, vendor_id=0x15b3, options=0x0, comp_mask=0x0}
num decayed parameter tensors: 50, with 124,318,464 parameters
num non-decayed parameter tensors: 98, with 121,344 parameters
using fused AdamW: False
using regular AdamW
MOC-R4PCC04U05:581404:581545 [3] NCCL INFO New proxy recv connection 10 from local rank 3, transport 0
MOC-R4PCC04U05:581404:582245 [3] NCCL INFO Connected to proxy localRank 3 -> connection 0x7f55480053e0
MOC-R4PCC04U05:581404:581545 [3] NCCL INFO New proxy recv connection 11 from local rank 3, transport 0
MOC-R4PCC04U05:581404:582245 [3] NCCL INFO Connected to proxy localRank 3 -> connection 0x7f5548005458
MOC-R4PCC04U05:581401:581543 [0] NCCL INFO New proxy send connection 11 from local rank 0, transport 0
MOC-R4PCC04U05:581401:582246 [0] NCCL INFO Connected to proxy localRank 0 -> connection 0x7f71ec005458
MOC-R4PCC04U05:581401:581543 [0] NCCL INFO New proxy send connection 12 from local rank 0, transport 0
MOC-R4PCC04U05:581401:582246 [0] NCCL INFO Connected to proxy localRank 0 -> connection 0x7f71ec0054d0
MOC-R4PCC04U05:581401:581543 [0] NCCL INFO New proxy send connection 13 from local rank 0, transport 0
MOC-R4PCC04U05:581401:582246 [0] NCCL INFO Connected to proxy localRank 0 -> connection 0x7f71ec005548
MOC-R4PCC04U05:581401:581543 [0] NCCL INFO New proxy send connection 14 from local rank 0, transport 0
MOC-R4PCC04U05:581401:582246 [0] NCCL INFO Connected to proxy localRank 0 -> connection 0x7f71ec0055c0
MOC-R4PCC04U05:581402:581544 [1] NCCL INFO New proxy recv connection 11 from local rank 1, transport 0
MOC-R4PCC04U05:581402:582247 [1] NCCL INFO Connected to proxy localRank 1 -> connection 0x7f9c24005458
MOC-R4PCC04U05:581402:581544 [1] NCCL INFO New proxy recv connection 12 from local rank 1, transport 0
MOC-R4PCC04U05:581402:582247 [1] NCCL INFO Connected to proxy localRank 1 -> connection 0x7f9c240054d0
MOC-R4PCC04U05:581402:581544 [1] NCCL INFO New proxy recv connection 13 from local rank 1, transport 0
MOC-R4PCC04U05:581402:582247 [1] NCCL INFO Connected to proxy localRank 1 -> connection 0x7f9c24005548
MOC-R4PCC04U05:581402:581544 [1] NCCL INFO New proxy recv connection 14 from local rank 1, transport 0
MOC-R4PCC04U05:581402:582247 [1] NCCL INFO Connected to proxy localRank 1 -> connection 0x7f9c240055c0
MOC-R4PCC04U05:581402:581544 [1] NCCL INFO New proxy send connection 15 from local rank 1, transport 0
MOC-R4PCC04U05:581402:582247 [1] NCCL INFO Connected to proxy localRank 1 -> connection 0x7f9c24005638
MOC-R4PCC04U05:581402:581544 [1] NCCL INFO New proxy send connection 16 from local rank 1, transport 0
MOC-R4PCC04U05:581402:582247 [1] NCCL INFO Connected to proxy localRank 1 -> connection 0x7f9c240056b0
MOC-R4PCC04U05:581402:581544 [1] NCCL INFO New proxy send connection 17 from local rank 1, transport 0
MOC-R4PCC04U05:581402:582247 [1] NCCL INFO Connected to proxy localRank 1 -> connection 0x7f9c24005728
MOC-R4PCC04U05:581402:581544 [1] NCCL INFO New proxy send connection 18 from local rank 1, transport 0
MOC-R4PCC04U05:581402:582247 [1] NCCL INFO Connected to proxy localRank 1 -> connection 0x7f9c240057a0
MOC-R4PCC04U05:581401:581543 [0] NCCL INFO New proxy send connection 15 from local rank 0, transport 0
MOC-R4PCC04U05:581401:582246 [0] NCCL INFO Connected to proxy localRank 0 -> connection 0x7f71ec005638
MOC-R4PCC04U05:581401:581543 [0] NCCL INFO New proxy send connection 16 from local rank 0, transport 0
MOC-R4PCC04U05:581401:582246 [0] NCCL INFO Connected to proxy localRank 0 -> connection 0x7f71ec0056b0
MOC-R4PCC04U05:581403:581546 [2] NCCL INFO New proxy recv connection 10 from local rank 2, transport 0
MOC-R4PCC04U05:581403:582248 [2] NCCL INFO Connected to proxy localRank 2 -> connection 0x7f8c540053e0
MOC-R4PCC04U05:581401:581543 [0] NCCL INFO New proxy recv connection 17 from local rank 0, transport 0
MOC-R4PCC04U05:581401:582246 [0] NCCL INFO Connected to proxy localRank 0 -> connection 0x7f71ec005728
MOC-R4PCC04U05:581404:582245 [3] NCCL INFO GPU Direct RDMA Disabled for GPU 3 / HCA 1 (distance 7 > 0)
MOC-R4PCC04U05:581404:581545 [3] NCCL INFO New proxy recv connection 12 from local rank 3, transport 2
MOC-R4PCC04U05:581404:582245 [3] NCCL INFO Connected to proxy localRank 3 -> connection 0x7f55480054d0
MOC-R4PCC04U05:581401:581543 [0] NCCL INFO New proxy recv connection 18 from local rank 0, transport 0
MOC-R4PCC04U05:581403:581546 [2] NCCL INFO New proxy recv connection 11 from local rank 2, transport 0
MOC-R4PCC04U05:581401:582246 [0] NCCL INFO Connected to proxy localRank 0 -> connection 0x7f71ec0057a0
MOC-R4PCC04U05:581403:582248 [2] NCCL INFO Connected to proxy localRank 2 -> connection 0x7f8c54005458
MOC-R4PCC04U05:581404:582245 [3] NCCL INFO Channel 00/0 : 11[3] -> 3[3] [receive] via NET/IB/1
MOC-R4PCC04U05:581404:582245 [3] NCCL INFO GPU Direct RDMA Disabled for GPU 3 / HCA 1 (distance 7 > 0)
MOC-R4PCC04U05:581404:581545 [3] NCCL INFO New proxy recv connection 13 from local rank 3, transport 2
MOC-R4PCC04U05:581404:582245 [3] NCCL INFO Connected to proxy localRank 3 -> connection 0x7f5548005548
MOC-R4PCC04U05:581404:582245 [3] NCCL INFO Channel 01/0 : 11[3] -> 3[3] [receive] via NET/IB/1
MOC-R4PCC04U05:581404:582245 [3] NCCL INFO GPU Direct RDMA Disabled for GPU 3 / HCA 1 (distance 7 > 0)
MOC-R4PCC04U05:581404:581545 [3] NCCL INFO New proxy recv connection 14 from local rank 3, transport 2
MOC-R4PCC04U05:581404:582245 [3] NCCL INFO Connected to proxy localRank 3 -> connection 0x7f55480055c0
MOC-R4PCC04U05:581403:581546 [2] NCCL INFO New proxy recv connection 12 from local rank 2, transport 0
MOC-R4PCC04U05:581403:582248 [2] NCCL INFO Connected to proxy localRank 2 -> connection 0x7f8c540054d0
MOC-R4PCC04U05:581404:582245 [3] NCCL INFO Channel 02/0 : 11[3] -> 3[3] [receive] via NET/IB/1
MOC-R4PCC04U05:581404:582245 [3] NCCL INFO GPU Direct RDMA Disabled for GPU 3 / HCA 1 (distance 7 > 0)
MOC-R4PCC04U05:581404:581545 [3] NCCL INFO New proxy recv connection 15 from local rank 3, transport 2
MOC-R4PCC04U05:581404:582245 [3] NCCL INFO Connected to proxy localRank 3 -> connection 0x7f5548005638
MOC-R4PCC04U05:581404:582245 [3] NCCL INFO Channel 03/0 : 11[3] -> 3[3] [receive] via NET/IB/1
MOC-R4PCC04U05:581404:582245 [3] NCCL INFO GPU Direct RDMA Disabled for GPU 3 / HCA 1 (distance 7 > 0)
MOC-R4PCC04U05:581403:581546 [2] NCCL INFO New proxy recv connection 13 from local rank 2, transport 0
MOC-R4PCC04U05:581404:581545 [3] NCCL INFO New proxy send connection 16 from local rank 3, transport 2
MOC-R4PCC04U05:581403:582248 [2] NCCL INFO Connected to proxy localRank 2 -> connection 0x7f8c54005548
MOC-R4PCC04U05:581404:582245 [3] NCCL INFO Connected to proxy localRank 3 -> connection 0x7f55480056b0
MOC-R4PCC04U05:581404:582245 [3] NCCL INFO Channel 02/0 : 3[3] -> 7[3] [send] via NET/IB/1
MOC-R4PCC04U05:581404:582245 [3] NCCL INFO GPU Direct RDMA Disabled for GPU 3 / HCA 1 (distance 7 > 0)
MOC-R4PCC04U05:581404:581545 [3] NCCL INFO New proxy send connection 17 from local rank 3, transport 2
MOC-R4PCC04U05:581404:582245 [3] NCCL INFO Connected to proxy localRank 3 -> connection 0x7f5548005728
MOC-R4PCC04U05:581404:582245 [3] NCCL INFO Channel 03/0 : 3[3] -> 7[3] [send] via NET/IB/1
MOC-R4PCC04U05:581401:581543 [0] NCCL INFO New proxy recv connection 19 from local rank 0, transport 0
MOC-R4PCC04U05:581401:582246 [0] NCCL INFO Connected to proxy localRank 0 -> connection 0x7f71ec005818
MOC-R4PCC04U05:581402:581544 [1] NCCL INFO New proxy recv connection 19 from local rank 1, transport 0
MOC-R4PCC04U05:581403:581546 [2] NCCL INFO New proxy send connection 14 from local rank 2, transport 0
MOC-R4PCC04U05:581402:582247 [1] NCCL INFO Connected to proxy localRank 1 -> connection 0x7f9c24005818
MOC-R4PCC04U05:581403:582248 [2] NCCL INFO Connected to proxy localRank 2 -> connection 0x7f8c540055c0
MOC-R4PCC04U05:581401:581543 [0] NCCL INFO New proxy recv connection 20 from local rank 0, transport 0
MOC-R4PCC04U05:581401:582246 [0] NCCL INFO Connected to proxy localRank 0 -> connection 0x7f71ec005890
MOC-R4PCC04U05:581402:581544 [1] NCCL INFO New proxy recv connection 20 from local rank 1, transport 0
MOC-R4PCC04U05:581403:581546 [2] NCCL INFO New proxy send connection 15 from local rank 2, transport 0
MOC-R4PCC04U05:581402:582247 [1] NCCL INFO Connected to proxy localRank 1 -> connection 0x7f9c24005890
MOC-R4PCC04U05:581403:582248 [2] NCCL INFO Connected to proxy localRank 2 -> connection 0x7f8c54005638
MOC-R4PCC04U05:581404:582245 [3] NCCL INFO GPU Direct RDMA Disabled for GPU 3 / HCA 1 (distance 7 > 0)
MOC-R4PCC04U05:581404:581545 [3] NCCL INFO New proxy recv connection 18 from local rank 3, transport 2
MOC-R4PCC04U05:581404:582245 [3] NCCL INFO Connected to proxy localRank 3 -> connection 0x7f55480057a0
MOC-R4PCC04U05:581404:582245 [3] NCCL INFO Channel 02/0 : 7[3] -> 3[3] [receive] via NET/IB/1
MOC-R4PCC04U05:581404:582245 [3] NCCL INFO GPU Direct RDMA Disabled for GPU 3 / HCA 1 (distance 7 > 0)
MOC-R4PCC04U05:581404:581545 [3] NCCL INFO New proxy recv connection 19 from local rank 3, transport 2
MOC-R4PCC04U05:581404:582245 [3] NCCL INFO Connected to proxy localRank 3 -> connection 0x7f5548005818
MOC-R4PCC04U05:581404:582245 [3] NCCL INFO Channel 03/0 : 7[3] -> 3[3] [receive] via NET/IB/1
MOC-R4PCC04U05:581404:582245 [3] NCCL INFO GPU Direct RDMA Disabled for GPU 3 / HCA 1 (distance 7 > 0)
MOC-R4PCC04U05:581404:581545 [3] NCCL INFO New proxy send connection 20 from local rank 3, transport 2
MOC-R4PCC04U05:581404:582245 [3] NCCL INFO Connected to proxy localRank 3 -> connection 0x7f5548005890
MOC-R4PCC04U05:581404:582245 [3] NCCL INFO Channel 00/0 : 3[3] -> 11[3] [send] via NET/IB/1
MOC-R4PCC04U05:581404:582245 [3] NCCL INFO GPU Direct RDMA Disabled for GPU 3 / HCA 1 (distance 7 > 0)
MOC-R4PCC04U05:581404:581545 [3] NCCL INFO New proxy send connection 21 from local rank 3, transport 2
MOC-R4PCC04U05:581404:582245 [3] NCCL INFO Connected to proxy localRank 3 -> connection 0x7f5548005908
MOC-R4PCC04U05:581404:582245 [3] NCCL INFO Channel 01/0 : 3[3] -> 11[3] [send] via NET/IB/1
MOC-R4PCC04U05:581404:582245 [3] NCCL INFO GPU Direct RDMA Disabled for GPU 3 / HCA 1 (distance 7 > 0)
MOC-R4PCC04U05:581404:581545 [3] NCCL INFO New proxy send connection 22 from local rank 3, transport 2
MOC-R4PCC04U05:581404:582245 [3] NCCL INFO Connected to proxy localRank 3 -> connection 0x7f5548005980
MOC-R4PCC04U05:581404:582245 [3] NCCL INFO Channel 02/0 : 3[3] -> 11[3] [send] via NET/IB/1
MOC-R4PCC04U05:581404:582245 [3] NCCL INFO GPU Direct RDMA Disabled for GPU 3 / HCA 1 (distance 7 > 0)
MOC-R4PCC04U05:581404:581545 [3] NCCL INFO New proxy send connection 23 from local rank 3, transport 2
MOC-R4PCC04U05:581404:582245 [3] NCCL INFO Connected to proxy localRank 3 -> connection 0x7f55480059f8
MOC-R4PCC04U05:581404:582245 [3] NCCL INFO Channel 03/0 : 3[3] -> 11[3] [send] via NET/IB/1
MOC-R4PCC04U05:581404:581545 [3] NCCL INFO New proxy send connection 24 from local rank 3, transport 0
MOC-R4PCC04U05:581404:582245 [3] NCCL INFO Connected to proxy localRank 3 -> connection 0x7f5548005a70
MOC-R4PCC04U05:581404:581545 [3] NCCL INFO New proxy send connection 25 from local rank 3, transport 0
MOC-R4PCC04U05:581404:582245 [3] NCCL INFO Connected to proxy localRank 3 -> connection 0x7f5548005ae8
MOC-R4PCC04U05:581404:581545 [3] NCCL INFO New proxy send connection 26 from local rank 3, transport 0
MOC-R4PCC04U05:581404:582245 [3] NCCL INFO Connected to proxy localRank 3 -> connection 0x7f5548005b60
MOC-R4PCC04U05:581404:581545 [3] NCCL INFO New proxy send connection 27 from local rank 3, transport 0
MOC-R4PCC04U05:581404:582245 [3] NCCL INFO Connected to proxy localRank 3 -> connection 0x7f5548005bd8
MOC-R4PCC04U05:581404:581545 [3] NCCL INFO NET/IB: NCCL Dev 1 IbDev 0 Port 1 qpn 9320 mtu 3 query_ece={supported=1, vendor_id=0x15b3, options=0x30000002, comp_mask=0x0} GID 3 (0/C132A8C0FFFF0000) fifoRkey=0x17a767 fifoLkey=0x17a767
MOC-R4PCC04U05:581404:581545 [3] NCCL INFO NET/IB: NCCL Dev 1 IbDev 0 Port 1 qpn 9321 mtu 3 query_ece={supported=1, vendor_id=0x15b3, options=0x30000002, comp_mask=0x0} GID 3 (0/C132A8C0FFFF0000) fifoRkey=0x17e1a0 fifoLkey=0x17e1a0
MOC-R4PCC04U05:581404:581545 [3] NCCL INFO NET/IB: NCCL Dev 1 IbDev 0 Port 1 qpn 9324 mtu 3 query_ece={supported=1, vendor_id=0x15b3, options=0x30000002, comp_mask=0x0} GID 3 (0/C132A8C0FFFF0000) fifoRkey=0x178443 fifoLkey=0x178443
MOC-R4PCC04U05:581404:581545 [3] NCCL INFO NET/IB: IbDev 0 Port 1 qpn 9100 set_ece={supported=1, vendor_id=0x15b3, options=0x0, comp_mask=0x0}
MOC-R4PCC04U05:581404:581545 [3] NCCL INFO NET/IB: IbDev 0 Port 1 qpn 6371 set_ece={supported=1, vendor_id=0x15b3, options=0x0, comp_mask=0x0}
MOC-R4PCC04U05:581404:581545 [3] NCCL INFO NET/IB: IbDev 0 Port 1 qpn 9102 set_ece={supported=1, vendor_id=0x15b3, options=0x0, comp_mask=0x0}
MOC-R4PCC04U05:581404:581545 [3] NCCL INFO NET/IB: NCCL Dev 1 IbDev 0 Port 1 qpn 9329 mtu 3 query_ece={supported=1, vendor_id=0x15b3, options=0x30000002, comp_mask=0x0} GID 3 (0/C132A8C0FFFF0000) fifoRkey=0x174705 fifoLkey=0x174705
MOC-R4PCC04U05:581404:581545 [3] NCCL INFO NET/IB: NCCL Dev 1 IbDev 0 Port 1 qpn 9330 mtu 3 query_ece={supported=1, vendor_id=0x15b3, options=0x30000002, comp_mask=0x0} GID 3 (0/C132A8C0FFFF0000) fifoRkey=0x17e2a1 fifoLkey=0x17e2a1
MOC-R4PCC04U05:581404:581545 [3] NCCL INFO NET/IB: IbDev 0 Port 1 qpn 6374 set_ece={supported=1, vendor_id=0x15b3, options=0x0, comp_mask=0x0}
MOC-R4PCC04U05:581404:581545 [3] NCCL INFO NET/IB: NCCL Dev 1 IbDev 0 Port 1 qpn 9331 mtu 3 query_ece={supported=1, vendor_id=0x15b3, options=0x30000002, comp_mask=0x0} GID 3 (0/C132A8C0FFFF0000) fifoRkey=0x173af9 fifoLkey=0x173af9
MOC-R4PCC04U05:581404:581545 [3] NCCL INFO NET/IB: IbDev 0 Port 1 qpn 6376 set_ece={supported=1, vendor_id=0x15b3, options=0x0, comp_mask=0x0}
MOC-R4PCC04U05:581404:581545 [3] NCCL INFO NET/IB: IbDev 0 Port 1 qpn 6378 set_ece={supported=1, vendor_id=0x15b3, options=0x0, comp_mask=0x0}
step    1/10 | train loss 11.009422 | norm 15.3732 | lr 1.00e-04 | (14166.95 ms | 166535 tok/s)
step    2/10 | train loss 10.139733 | norm 5.7264 | lr 1.00e-04 | (495.00 ms | 4766244 tok/s)
step    3/10 | train loss 9.799686 | norm 2.6010 | lr 1.00e-04 | (498.49 ms | 4732898 tok/s)
step    4/10 | train loss 9.631037 | norm 2.1093 | lr 1.00e-04 | (501.81 ms | 4701616 tok/s)
step    5/10 | train loss 9.548265 | norm 2.0938 | lr 1.00e-04 | (520.93 ms | 4529011 tok/s)
step    6/10 | train loss 9.467414 | norm 1.9919 | lr 1.00e-04 | (505.46 ms | 4667663 tok/s)
step    7/10 | train loss 9.382086 | norm 1.9418 | lr 1.00e-04 | (504.51 ms | 4676449 tok/s)
step    8/10 | train loss 9.290601 | norm 1.9079 | lr 1.00e-04 | (502.97 ms | 4690734 tok/s)
step    9/10 | train loss 9.195724 | norm 1.8515 | lr 1.00e-04 | (502.07 ms | 4699156 tok/s)
step   10/10 | train loss 9.111588 | norm 1.7900 | lr 1.00e-04 | (495.88 ms | 4757841 tok/s)
final 9 iters avg: 503.011ms
peak memory consumption: 16601 MiB
