Running pytorch 2.7.0+cu126
using device: cuda:0
total desired batch size: 1310720
=> calculated gradient accumulation steps: 5
using device: cuda:3
using device: cuda:2
using device: cuda:1
compiling the model...
DataLoader: total number of tokens: 1,661,249,667 across 103 files
MOC-R4PCC04U05:344645:344645 [0] NCCL INFO NCCL_SOCKET_IFNAME set to eno7np0
MOC-R4PCC04U05:344645:344645 [0] NCCL INFO NCCL version 2.26.2+cuda12.2
MOC-R4PCC04U05:344645:344688 [0] NCCL INFO NET/Plugin: Could not find: libnccl-net.so. Using internal net plugin.
MOC-R4PCC04U05:344645:344688 [0] NCCL INFO NCCL_IB_HCA set to mlx5_5
MOC-R4PCC04U05:344648:344648 [3] NCCL INFO NCCL_SOCKET_IFNAME set to eno7np0
MOC-R4PCC04U05:344648:344648 [3] NCCL INFO NCCL version 2.26.2+cuda12.2
MOC-R4PCC04U05:344645:344688 [0] NCCL INFO NET/IB : Made virtual device [0] name=mlx5_5 speed=400000 ndevs=1
MOC-R4PCC04U05:344645:344688 [0] NCCL INFO NET/IB : Using [0]mlx5_5:1/RoCE [RO]; OOB eno7np0:192.168.50.193<0>
MOC-R4PCC04U05:344647:344647 [2] NCCL INFO NCCL_SOCKET_IFNAME set to eno7np0
MOC-R4PCC04U05:344647:344647 [2] NCCL INFO NCCL version 2.26.2+cuda12.2
MOC-R4PCC04U05:344646:344646 [1] NCCL INFO NCCL_SOCKET_IFNAME set to eno7np0
MOC-R4PCC04U05:344646:344646 [1] NCCL INFO NCCL version 2.26.2+cuda12.2
MOC-R4PCC04U05:344648:344689 [3] NCCL INFO NET/Plugin: Could not find: libnccl-net.so. Using internal net plugin.
MOC-R4PCC04U05:344648:344689 [3] NCCL INFO NCCL_IB_HCA set to mlx5_5
MOC-R4PCC04U05:344648:344689 [3] NCCL INFO NET/IB : Made virtual device [0] name=mlx5_5 speed=400000 ndevs=1
MOC-R4PCC04U05:344648:344689 [3] NCCL INFO NET/IB : Using [0]mlx5_5:1/RoCE [RO]; OOB eno7np0:192.168.50.193<0>
MOC-R4PCC04U05:344647:344691 [2] NCCL INFO NET/Plugin: Could not find: libnccl-net.so. Using internal net plugin.
MOC-R4PCC04U05:344647:344691 [2] NCCL INFO NCCL_IB_HCA set to mlx5_5
MOC-R4PCC04U05:344647:344691 [2] NCCL INFO NET/IB : Made virtual device [0] name=mlx5_5 speed=400000 ndevs=1
MOC-R4PCC04U05:344647:344691 [2] NCCL INFO NET/IB : Using [0]mlx5_5:1/RoCE [RO]; OOB eno7np0:192.168.50.193<0>
MOC-R4PCC04U05:344646:344692 [1] NCCL INFO NET/Plugin: Could not find: libnccl-net.so. Using internal net plugin.
MOC-R4PCC04U05:344646:344692 [1] NCCL INFO NCCL_IB_HCA set to mlx5_5
MOC-R4PCC04U05:344646:344692 [1] NCCL INFO NET/IB : Made virtual device [0] name=mlx5_5 speed=400000 ndevs=1
MOC-R4PCC04U05:344646:344692 [1] NCCL INFO NET/IB : Using [0]mlx5_5:1/RoCE [RO]; OOB eno7np0:192.168.50.193<0>
MOC-R4PCC04U05:344645:344688 [0] NCCL INFO NET/IB : GPU Direct RDMA Enabled for HCA 0 'mlx5_5'
MOC-R4PCC04U05:344645:344688 [0] NCCL INFO NET/IB : Made virtual device [1] name=mlx5_5 speed=400000 ndevs=1
MOC-R4PCC04U05:344645:344688 [0] NCCL INFO NET/IB : GPU Direct RDMA Enabled for HCA 0 'mlx5_5'
MOC-R4PCC04U05:344645:344688 [0] NCCL INFO NET/IB : GPU Direct RDMA Enabled for HCA 1 'mlx5_5'
MOC-R4PCC04U05:344647:344691 [2] NCCL INFO NET/IB : GPU Direct RDMA Enabled for HCA 0 'mlx5_5'
MOC-R4PCC04U05:344647:344691 [2] NCCL INFO NET/IB : Made virtual device [1] name=mlx5_5 speed=400000 ndevs=1
MOC-R4PCC04U05:344647:344691 [2] NCCL INFO NET/IB : GPU Direct RDMA Enabled for HCA 0 'mlx5_5'
MOC-R4PCC04U05:344647:344691 [2] NCCL INFO NET/IB : GPU Direct RDMA Enabled for HCA 1 'mlx5_5'
MOC-R4PCC04U05:344646:344692 [1] NCCL INFO NET/IB : GPU Direct RDMA Enabled for HCA 0 'mlx5_5'
MOC-R4PCC04U05:344646:344692 [1] NCCL INFO NET/IB : Made virtual device [1] name=mlx5_5 speed=400000 ndevs=1
MOC-R4PCC04U05:344646:344692 [1] NCCL INFO NET/IB : GPU Direct RDMA Enabled for HCA 0 'mlx5_5'
MOC-R4PCC04U05:344646:344692 [1] NCCL INFO NET/IB : GPU Direct RDMA Enabled for HCA 1 'mlx5_5'
MOC-R4PCC04U05:344648:344689 [3] NCCL INFO NET/IB : GPU Direct RDMA Enabled for HCA 0 'mlx5_5'
MOC-R4PCC04U05:344648:344689 [3] NCCL INFO NET/IB : Made virtual device [1] name=mlx5_5 speed=400000 ndevs=1
MOC-R4PCC04U05:344648:344689 [3] NCCL INFO NET/IB : GPU Direct RDMA Enabled for HCA 0 'mlx5_5'
MOC-R4PCC04U05:344648:344689 [3] NCCL INFO NET/IB : GPU Direct RDMA Enabled for HCA 1 'mlx5_5'
MOC-R4PCC04U05:344645:344688 [0] NCCL INFO GPU Direct RDMA Enabled for GPU 0 / HCA 1 (distance 5 <= 5), read 0 mode Default
MOC-R4PCC04U05:344645:344688 [0] NCCL INFO GPU Direct RDMA Enabled for GPU 1 / HCA 1 (distance 5 <= 5), read 0 mode Default
MOC-R4PCC04U05:344645:344688 [0] NCCL INFO GPU Direct RDMA Enabled for GPU 2 / HCA 1 (distance 5 <= 5), read 0 mode Default
MOC-R4PCC04U05:344645:344688 [0] NCCL INFO GPU Direct RDMA Enabled for GPU 3 / HCA 1 (distance 5 <= 5), read 0 mode Default
MOC-R4PCC04U05:344645:344688 [0] NCCL INFO GPU Direct RDMA Enabled for GPU 0 / HCA 1 (distance 5 <= 5), read 0 mode Default
MOC-R4PCC04U05:344645:344688 [0] NCCL INFO GPU Direct RDMA Enabled for GPU 1 / HCA 1 (distance 5 <= 5), read 0 mode Default
MOC-R4PCC04U05:344645:344688 [0] NCCL INFO GPU Direct RDMA Enabled for GPU 2 / HCA 1 (distance 5 <= 5), read 0 mode Default
MOC-R4PCC04U05:344645:344688 [0] NCCL INFO GPU Direct RDMA Enabled for GPU 3 / HCA 1 (distance 5 <= 5), read 0 mode Default
MOC-R4PCC04U05:344646:344692 [1] NCCL INFO GPU Direct RDMA Enabled for GPU 0 / HCA 1 (distance 5 <= 5), read 0 mode Default
MOC-R4PCC04U05:344646:344692 [1] NCCL INFO GPU Direct RDMA Enabled for GPU 1 / HCA 1 (distance 5 <= 5), read 0 mode Default
MOC-R4PCC04U05:344646:344692 [1] NCCL INFO GPU Direct RDMA Enabled for GPU 2 / HCA 1 (distance 5 <= 5), read 0 mode Default
MOC-R4PCC04U05:344646:344692 [1] NCCL INFO GPU Direct RDMA Enabled for GPU 3 / HCA 1 (distance 5 <= 5), read 0 mode Default
MOC-R4PCC04U05:344646:344692 [1] NCCL INFO GPU Direct RDMA Enabled for GPU 0 / HCA 1 (distance 5 <= 5), read 0 mode Default
MOC-R4PCC04U05:344646:344692 [1] NCCL INFO GPU Direct RDMA Enabled for GPU 1 / HCA 1 (distance 5 <= 5), read 0 mode Default
MOC-R4PCC04U05:344646:344692 [1] NCCL INFO GPU Direct RDMA Enabled for GPU 2 / HCA 1 (distance 5 <= 5), read 0 mode Default
MOC-R4PCC04U05:344646:344692 [1] NCCL INFO GPU Direct RDMA Enabled for GPU 3 / HCA 1 (distance 5 <= 5), read 0 mode Default
MOC-R4PCC04U05:344647:344691 [2] NCCL INFO GPU Direct RDMA Enabled for GPU 0 / HCA 1 (distance 5 <= 5), read 0 mode Default
MOC-R4PCC04U05:344647:344691 [2] NCCL INFO GPU Direct RDMA Enabled for GPU 1 / HCA 1 (distance 5 <= 5), read 0 mode Default
MOC-R4PCC04U05:344647:344691 [2] NCCL INFO GPU Direct RDMA Enabled for GPU 2 / HCA 1 (distance 5 <= 5), read 0 mode Default
MOC-R4PCC04U05:344647:344691 [2] NCCL INFO GPU Direct RDMA Enabled for GPU 3 / HCA 1 (distance 5 <= 5), read 0 mode Default
MOC-R4PCC04U05:344647:344691 [2] NCCL INFO GPU Direct RDMA Enabled for GPU 0 / HCA 1 (distance 5 <= 5), read 0 mode Default
MOC-R4PCC04U05:344648:344689 [3] NCCL INFO GPU Direct RDMA Enabled for GPU 0 / HCA 1 (distance 5 <= 5), read 0 mode Default
MOC-R4PCC04U05:344647:344691 [2] NCCL INFO GPU Direct RDMA Enabled for GPU 1 / HCA 1 (distance 5 <= 5), read 0 mode Default
MOC-R4PCC04U05:344648:344689 [3] NCCL INFO GPU Direct RDMA Enabled for GPU 1 / HCA 1 (distance 5 <= 5), read 0 mode Default
MOC-R4PCC04U05:344647:344691 [2] NCCL INFO GPU Direct RDMA Enabled for GPU 2 / HCA 1 (distance 5 <= 5), read 0 mode Default
MOC-R4PCC04U05:344648:344689 [3] NCCL INFO GPU Direct RDMA Enabled for GPU 2 / HCA 1 (distance 5 <= 5), read 0 mode Default
MOC-R4PCC04U05:344647:344691 [2] NCCL INFO GPU Direct RDMA Enabled for GPU 3 / HCA 1 (distance 5 <= 5), read 0 mode Default
MOC-R4PCC04U05:344648:344689 [3] NCCL INFO GPU Direct RDMA Enabled for GPU 3 / HCA 1 (distance 5 <= 5), read 0 mode Default
MOC-R4PCC04U05:344648:344689 [3] NCCL INFO GPU Direct RDMA Enabled for GPU 0 / HCA 1 (distance 5 <= 5), read 0 mode Default
MOC-R4PCC04U05:344648:344689 [3] NCCL INFO GPU Direct RDMA Enabled for GPU 1 / HCA 1 (distance 5 <= 5), read 0 mode Default
MOC-R4PCC04U05:344648:344689 [3] NCCL INFO GPU Direct RDMA Enabled for GPU 2 / HCA 1 (distance 5 <= 5), read 0 mode Default
MOC-R4PCC04U05:344648:344689 [3] NCCL INFO GPU Direct RDMA Enabled for GPU 3 / HCA 1 (distance 5 <= 5), read 0 mode Default
MOC-R4PCC04U05:344647:344712 [2] NCCL INFO GPU Direct RDMA Enabled for GPU 2 / HCA 1 (distance 5 <= 5), read 0 mode Default
MOC-R4PCC04U05:344645:344709 [0] NCCL INFO New proxy send connection 0 from local rank 0, transport 0
MOC-R4PCC04U05:344648:344704 [3] NCCL INFO New proxy recv connection 0 from local rank 3, transport 0
MOC-R4PCC04U05:344645:344714 [0] NCCL INFO Connected to proxy localRank 0 -> connection 0x7fe8d4004f30
MOC-R4PCC04U05:344648:344713 [3] NCCL INFO Connected to proxy localRank 3 -> connection 0x7f4f4c004f30
MOC-R4PCC04U05:344645:344709 [0] NCCL INFO New proxy send connection 1 from local rank 0, transport 0
MOC-R4PCC04U05:344645:344714 [0] NCCL INFO Connected to proxy localRank 0 -> connection 0x7fe8d4004fa8
MOC-R4PCC04U05:344648:344704 [3] NCCL INFO New proxy recv connection 1 from local rank 3, transport 0
MOC-R4PCC04U05:344648:344713 [3] NCCL INFO Connected to proxy localRank 3 -> connection 0x7f4f4c004fa8
MOC-R4PCC04U05:344645:344709 [0] NCCL INFO New proxy send connection 2 from local rank 0, transport 0
MOC-R4PCC04U05:344645:344714 [0] NCCL INFO Connected to proxy localRank 0 -> connection 0x7fe8d4005020
MOC-R4PCC04U05:344648:344704 [3] NCCL INFO New proxy recv connection 2 from local rank 3, transport 0
MOC-R4PCC04U05:344648:344713 [3] NCCL INFO Connected to proxy localRank 3 -> connection 0x7f4f4c005020
MOC-R4PCC04U05:344648:344704 [3] NCCL INFO New proxy recv connection 3 from local rank 3, transport 0
MOC-R4PCC04U05:344648:344713 [3] NCCL INFO Connected to proxy localRank 3 -> connection 0x7f4f4c005098
MOC-R4PCC04U05:344648:344713 [3] NCCL INFO GPU Direct RDMA Enabled for GPU 3 / HCA 1 (distance 5 <= 5), read 1 mode Default
MOC-R4PCC04U05:344645:344709 [0] NCCL INFO New proxy send connection 3 from local rank 0, transport 0
MOC-R4PCC04U05:344645:344714 [0] NCCL INFO Connected to proxy localRank 0 -> connection 0x7fe8d4005098
MOC-R4PCC04U05:344646:344705 [1] NCCL INFO New proxy recv connection 0 from local rank 1, transport 0
MOC-R4PCC04U05:344646:344715 [1] NCCL INFO Connected to proxy localRank 1 -> connection 0x7f2218004f30
MOC-R4PCC04U05:344647:344703 [2] NCCL INFO New proxy recv connection 0 from local rank 2, transport 2
MOC-R4PCC04U05:344647:344703 [2] NCCL INFO New proxy send connection 1 from local rank 3, transport 2
MOC-R4PCC04U05:344647:344712 [2] NCCL INFO Connected to proxy localRank 2 -> connection 0x7f2ab0004f30
MOC-R4PCC04U05:344648:344713 [3] NCCL INFO Connected to proxy localRank 2 -> connection 0x7f2ab0004fa8
MOC-R4PCC04U05:344647:344712 [2] NCCL INFO Channel 00/0 : 7[3] -> 2[2] [receive] via NET/IB/1/GDRDMA
MOC-R4PCC04U05:344647:344712 [2] NCCL INFO GPU Direct RDMA Enabled for GPU 2 / HCA 1 (distance 5 <= 5), read 0 mode Default
MOC-R4PCC04U05:344648:344713 [3] NCCL INFO Channel 00/0 : 3[3] -> 6[2] [send] via NET/IB/1(2)/GDRDMA
MOC-R4PCC04U05:344648:344713 [3] NCCL INFO GPU Direct RDMA Enabled for GPU 3 / HCA 1 (distance 5 <= 5), read 1 mode Default
MOC-R4PCC04U05:344647:344703 [2] NCCL INFO New proxy recv connection 2 from local rank 2, transport 2
MOC-R4PCC04U05:344647:344712 [2] NCCL INFO Connected to proxy localRank 2 -> connection 0x7f2ab0005020
MOC-R4PCC04U05:344647:344703 [2] NCCL INFO New proxy send connection 3 from local rank 3, transport 2
MOC-R4PCC04U05:344648:344713 [3] NCCL INFO Connected to proxy localRank 2 -> connection 0x7f2ab0005098
MOC-R4PCC04U05:344647:344712 [2] NCCL INFO Channel 01/0 : 7[3] -> 2[2] [receive] via NET/IB/1/GDRDMA
MOC-R4PCC04U05:344647:344712 [2] NCCL INFO GPU Direct RDMA Enabled for GPU 2 / HCA 1 (distance 5 <= 5), read 0 mode Default
MOC-R4PCC04U05:344648:344713 [3] NCCL INFO Channel 01/0 : 3[3] -> 6[2] [send] via NET/IB/1(2)/GDRDMA
MOC-R4PCC04U05:344648:344713 [3] NCCL INFO GPU Direct RDMA Enabled for GPU 3 / HCA 1 (distance 5 <= 5), read 1 mode Default
MOC-R4PCC04U05:344647:344703 [2] NCCL INFO New proxy recv connection 4 from local rank 2, transport 2
MOC-R4PCC04U05:344647:344712 [2] NCCL INFO Connected to proxy localRank 2 -> connection 0x7f2ab0005110
MOC-R4PCC04U05:344647:344703 [2] NCCL INFO New proxy send connection 5 from local rank 3, transport 2
MOC-R4PCC04U05:344648:344713 [3] NCCL INFO Connected to proxy localRank 2 -> connection 0x7f2ab0005188
MOC-R4PCC04U05:344647:344712 [2] NCCL INFO Channel 02/0 : 7[3] -> 2[2] [receive] via NET/IB/1/GDRDMA
MOC-R4PCC04U05:344647:344712 [2] NCCL INFO GPU Direct RDMA Enabled for GPU 2 / HCA 1 (distance 5 <= 5), read 0 mode Default
MOC-R4PCC04U05:344648:344713 [3] NCCL INFO Channel 02/0 : 3[3] -> 6[2] [send] via NET/IB/1(2)/GDRDMA
MOC-R4PCC04U05:344648:344713 [3] NCCL INFO GPU Direct RDMA Enabled for GPU 3 / HCA 1 (distance 5 <= 5), read 1 mode Default
MOC-R4PCC04U05:344647:344703 [2] NCCL INFO New proxy recv connection 6 from local rank 2, transport 2
MOC-R4PCC04U05:344647:344712 [2] NCCL INFO Connected to proxy localRank 2 -> connection 0x7f2ab0005200
MOC-R4PCC04U05:344647:344703 [2] NCCL INFO New proxy send connection 7 from local rank 3, transport 2
MOC-R4PCC04U05:344648:344713 [3] NCCL INFO Connected to proxy localRank 2 -> connection 0x7f2ab0005278
MOC-R4PCC04U05:344647:344712 [2] NCCL INFO Channel 03/0 : 7[3] -> 2[2] [receive] via NET/IB/1/GDRDMA
MOC-R4PCC04U05:344648:344713 [3] NCCL INFO Channel 03/0 : 3[3] -> 6[2] [send] via NET/IB/1(2)/GDRDMA
MOC-R4PCC04U05:344646:344705 [1] NCCL INFO New proxy recv connection 1 from local rank 1, transport 0
MOC-R4PCC04U05:344646:344715 [1] NCCL INFO Connected to proxy localRank 1 -> connection 0x7f2218004fa8
MOC-R4PCC04U05:344645:344709 [0] NCCL INFO New proxy recv connection 4 from local rank 0, transport 0
MOC-R4PCC04U05:344645:344714 [0] NCCL INFO Connected to proxy localRank 0 -> connection 0x7fe8d4005110
MOC-R4PCC04U05:344646:344705 [1] NCCL INFO New proxy recv connection 2 from local rank 1, transport 0
MOC-R4PCC04U05:344646:344715 [1] NCCL INFO Connected to proxy localRank 1 -> connection 0x7f2218005020
MOC-R4PCC04U05:344645:344709 [0] NCCL INFO New proxy recv connection 5 from local rank 0, transport 0
MOC-R4PCC04U05:344645:344714 [0] NCCL INFO Connected to proxy localRank 0 -> connection 0x7fe8d4005188
MOC-R4PCC04U05:344646:344705 [1] NCCL INFO New proxy recv connection 3 from local rank 1, transport 0
MOC-R4PCC04U05:344646:344715 [1] NCCL INFO Connected to proxy localRank 1 -> connection 0x7f2218005098
MOC-R4PCC04U05:344645:344709 [0] NCCL INFO New proxy recv connection 6 from local rank 0, transport 0
MOC-R4PCC04U05:344645:344714 [0] NCCL INFO Connected to proxy localRank 0 -> connection 0x7fe8d4005200
MOC-R4PCC04U05:344646:344705 [1] NCCL INFO New proxy send connection 4 from local rank 1, transport 0
MOC-R4PCC04U05:344646:344715 [1] NCCL INFO Connected to proxy localRank 1 -> connection 0x7f2218005110
MOC-R4PCC04U05:344645:344709 [0] NCCL INFO New proxy recv connection 7 from local rank 0, transport 0
MOC-R4PCC04U05:344645:344714 [0] NCCL INFO Connected to proxy localRank 0 -> connection 0x7fe8d4005278
MOC-R4PCC04U05:344646:344705 [1] NCCL INFO New proxy send connection 5 from local rank 1, transport 0
MOC-R4PCC04U05:344646:344715 [1] NCCL INFO Connected to proxy localRank 1 -> connection 0x7f2218005188
MOC-R4PCC04U05:344646:344705 [1] NCCL INFO New proxy send connection 6 from local rank 1, transport 0
MOC-R4PCC04U05:344646:344715 [1] NCCL INFO Connected to proxy localRank 1 -> connection 0x7f2218005200
MOC-R4PCC04U05:344647:344703 [2] NCCL INFO New proxy send connection 8 from local rank 2, transport 0
MOC-R4PCC04U05:344647:344712 [2] NCCL INFO Connected to proxy localRank 2 -> connection 0x7f2ab00052f0
MOC-R4PCC04U05:344645:344709 [0] NCCL INFO New proxy send connection 8 from local rank 3, transport 0
MOC-R4PCC04U05:344648:344713 [3] NCCL INFO Connected to proxy localRank 0 -> connection 0x7fe8d40052f0
MOC-R4PCC04U05:344646:344705 [1] NCCL INFO New proxy send connection 7 from local rank 1, transport 0
MOC-R4PCC04U05:344646:344715 [1] NCCL INFO Connected to proxy localRank 1 -> connection 0x7f2218005278
MOC-R4PCC04U05:344647:344703 [2] NCCL INFO New proxy send connection 9 from local rank 2, transport 0
MOC-R4PCC04U05:344647:344712 [2] NCCL INFO Connected to proxy localRank 2 -> connection 0x7f2ab0005368
MOC-R4PCC04U05:344647:344703 [2] NCCL INFO New proxy send connection 10 from local rank 2, transport 0
MOC-R4PCC04U05:344647:344712 [2] NCCL INFO Connected to proxy localRank 2 -> connection 0x7f2ab00053e0
MOC-R4PCC04U05:344647:344703 [2] NCCL INFO New proxy send connection 11 from local rank 2, transport 0
MOC-R4PCC04U05:344647:344712 [2] NCCL INFO Connected to proxy localRank 2 -> connection 0x7f2ab0005458
MOC-R4PCC04U05:344646:344705 [1] NCCL INFO New proxy send connection 8 from local rank 2, transport 0
MOC-R4PCC04U05:344647:344712 [2] NCCL INFO Connected to proxy localRank 1 -> connection 0x7f22180052f0
MOC-R4PCC04U05:344645:344709 [0] NCCL INFO New proxy send connection 9 from local rank 1, transport 0
MOC-R4PCC04U05:344648:344704 [3] NCCL INFO New proxy send connection 4 from local rank 0, transport 0
MOC-R4PCC04U05:344646:344715 [1] NCCL INFO Connected to proxy localRank 0 -> connection 0x7fe8d4005368
MOC-R4PCC04U05:344645:344714 [0] NCCL INFO Connected to proxy localRank 3 -> connection 0x7f4f4c005110
MOC-R4PCC04U05:344647:344703 [2] NCCL INFO NET/IB: NCCL Dev 1 IbDev 0 Port 1 qpn 3704 mtu 3 query_ece={supported=1, vendor_id=0x15b3, options=0x30000002, comp_mask=0x0} GID 3 (0/C132A8C0FFFF0000) fifoRkey=0x174705 fifoLkey=0x174705
MOC-R4PCC04U05:344647:344703 [2] NCCL INFO NET/IB: IbDev 0 Port 1 qpn 3945 set_ece={supported=1, vendor_id=0x15b3, options=0x0, comp_mask=0x0}
MOC-R4PCC04U05:344647:344703 [2] NCCL INFO New proxy send connection 12 from local rank 1, transport 0
MOC-R4PCC04U05:344646:344715 [1] NCCL INFO Connected to proxy localRank 2 -> connection 0x7f2ab00054d0
MOC-R4PCC04U05:344647:344703 [2] NCCL INFO NET/IB: NCCL Dev 1 IbDev 0 Port 1 qpn 3713 mtu 3 query_ece={supported=1, vendor_id=0x15b3, options=0x30000002, comp_mask=0x0} GID 3 (0/C132A8C0FFFF0000) fifoRkey=0x170ccb fifoLkey=0x170ccb
MOC-R4PCC04U05:344647:344703 [2] NCCL INFO NET/IB: NCCL Dev 1 IbDev 0 Port 1 qpn 3714 mtu 3 query_ece={supported=1, vendor_id=0x15b3, options=0x30000002, comp_mask=0x0} GID 3 (0/C132A8C0FFFF0000) fifoRkey=0x1801c0 fifoLkey=0x1801c0
MOC-R4PCC04U05:344646:344705 [1] NCCL INFO New proxy send connection 9 from local rank 0, transport 0
MOC-R4PCC04U05:344645:344714 [0] NCCL INFO Connected to proxy localRank 1 -> connection 0x7f2218005368
MOC-R4PCC04U05:344647:344703 [2] NCCL INFO NET/IB: IbDev 0 Port 1 qpn 3950 set_ece={supported=1, vendor_id=0x15b3, options=0x0, comp_mask=0x0}
MOC-R4PCC04U05:344647:344703 [2] NCCL INFO NET/IB: IbDev 0 Port 1 qpn 3952 set_ece={supported=1, vendor_id=0x15b3, options=0x0, comp_mask=0x0}
MOC-R4PCC04U05:344647:344703 [2] NCCL INFO New proxy send connection 13 from local rank 3, transport 0
MOC-R4PCC04U05:344648:344713 [3] NCCL INFO Connected to proxy localRank 2 -> connection 0x7f2ab0005548
MOC-R4PCC04U05:344647:344703 [2] NCCL INFO NET/IB: NCCL Dev 1 IbDev 0 Port 1 qpn 3715 mtu 3 query_ece={supported=1, vendor_id=0x15b3, options=0x30000002, comp_mask=0x0} GID 3 (0/C132A8C0FFFF0000) fifoRkey=0x1716d5 fifoLkey=0x1716d5
MOC-R4PCC04U05:344647:344703 [2] NCCL INFO NET/IB: IbDev 0 Port 1 qpn 3954 set_ece={supported=1, vendor_id=0x15b3, options=0x0, comp_mask=0x0}
num decayed parameter tensors: 50, with 124,318,464 parameters
num non-decayed parameter tensors: 98, with 121,344 parameters
using fused AdamW: False
using regular AdamW
MOC-R4PCC04U05:344648:344704 [3] NCCL INFO New proxy recv connection 5 from local rank 3, transport 0
MOC-R4PCC04U05:344648:345405 [3] NCCL INFO Connected to proxy localRank 3 -> connection 0x7f4f4c005188
MOC-R4PCC04U05:344648:344704 [3] NCCL INFO New proxy recv connection 6 from local rank 3, transport 0
MOC-R4PCC04U05:344648:345405 [3] NCCL INFO Connected to proxy localRank 3 -> connection 0x7f4f4c005200
MOC-R4PCC04U05:344648:344704 [3] NCCL INFO New proxy recv connection 7 from local rank 3, transport 0
MOC-R4PCC04U05:344648:345405 [3] NCCL INFO Connected to proxy localRank 3 -> connection 0x7f4f4c005278
MOC-R4PCC04U05:344648:344704 [3] NCCL INFO New proxy recv connection 8 from local rank 3, transport 0
MOC-R4PCC04U05:344648:345405 [3] NCCL INFO Connected to proxy localRank 3 -> connection 0x7f4f4c0052f0
MOC-R4PCC04U05:344647:344703 [2] NCCL INFO New proxy send connection 14 from local rank 2, transport 0
MOC-R4PCC04U05:344647:345406 [2] NCCL INFO Connected to proxy localRank 2 -> connection 0x7f2ab00055c0
MOC-R4PCC04U05:344647:344703 [2] NCCL INFO New proxy send connection 15 from local rank 2, transport 0
MOC-R4PCC04U05:344647:345406 [2] NCCL INFO Connected to proxy localRank 2 -> connection 0x7f2ab0005638
MOC-R4PCC04U05:344647:344703 [2] NCCL INFO New proxy send connection 16 from local rank 2, transport 0
MOC-R4PCC04U05:344647:345406 [2] NCCL INFO Connected to proxy localRank 2 -> connection 0x7f2ab00056b0
MOC-R4PCC04U05:344647:344703 [2] NCCL INFO New proxy send connection 17 from local rank 2, transport 0
MOC-R4PCC04U05:344647:345406 [2] NCCL INFO Connected to proxy localRank 2 -> connection 0x7f2ab0005728
MOC-R4PCC04U05:344647:345406 [2] NCCL INFO GPU Direct RDMA Enabled for GPU 2 / HCA 1 (distance 5 <= 5), read 0 mode Default
MOC-R4PCC04U05:344647:344703 [2] NCCL INFO New proxy recv connection 18 from local rank 2, transport 2
MOC-R4PCC04U05:344647:345406 [2] NCCL INFO Connected to proxy localRank 2 -> connection 0x7f2ab00057a0
MOC-R4PCC04U05:344648:344704 [3] NCCL INFO New proxy send connection 9 from local rank 3, transport 0
MOC-R4PCC04U05:344648:345405 [3] NCCL INFO Connected to proxy localRank 3 -> connection 0x7f4f4c005368
MOC-R4PCC04U05:344647:345406 [2] NCCL INFO Channel 00/0 : 6[2] -> 2[2] [receive] via NET/IB/1/GDRDMA
MOC-R4PCC04U05:344647:345406 [2] NCCL INFO GPU Direct RDMA Enabled for GPU 2 / HCA 1 (distance 5 <= 5), read 0 mode Default
MOC-R4PCC04U05:344647:344703 [2] NCCL INFO New proxy recv connection 19 from local rank 2, transport 2
MOC-R4PCC04U05:344647:345406 [2] NCCL INFO Connected to proxy localRank 2 -> connection 0x7f2ab0005818
MOC-R4PCC04U05:344647:345406 [2] NCCL INFO Channel 01/0 : 6[2] -> 2[2] [receive] via NET/IB/1/GDRDMA
MOC-R4PCC04U05:344647:345406 [2] NCCL INFO GPU Direct RDMA Enabled for GPU 2 / HCA 1 (distance 5 <= 5), read 0 mode Default
MOC-R4PCC04U05:344647:344703 [2] NCCL INFO New proxy recv connection 20 from local rank 2, transport 2
MOC-R4PCC04U05:344647:345406 [2] NCCL INFO Connected to proxy localRank 2 -> connection 0x7f2ab0005890
MOC-R4PCC04U05:344647:345406 [2] NCCL INFO Channel 02/0 : 6[2] -> 2[2] [receive] via NET/IB/1/GDRDMA
MOC-R4PCC04U05:344647:345406 [2] NCCL INFO GPU Direct RDMA Enabled for GPU 2 / HCA 1 (distance 5 <= 5), read 0 mode Default
MOC-R4PCC04U05:344648:344704 [3] NCCL INFO New proxy send connection 10 from local rank 3, transport 0
MOC-R4PCC04U05:344648:345405 [3] NCCL INFO Connected to proxy localRank 3 -> connection 0x7f4f4c0053e0
MOC-R4PCC04U05:344647:344703 [2] NCCL INFO New proxy recv connection 21 from local rank 2, transport 2
MOC-R4PCC04U05:344647:345406 [2] NCCL INFO Connected to proxy localRank 2 -> connection 0x7f2ab0005908
MOC-R4PCC04U05:344647:345406 [2] NCCL INFO Channel 03/0 : 6[2] -> 2[2] [receive] via NET/IB/1/GDRDMA
MOC-R4PCC04U05:344647:345406 [2] NCCL INFO GPU Direct RDMA Enabled for GPU 2 / HCA 1 (distance 5 <= 5), read 1 mode Default
MOC-R4PCC04U05:344647:344703 [2] NCCL INFO New proxy send connection 22 from local rank 2, transport 2
MOC-R4PCC04U05:344647:345406 [2] NCCL INFO Connected to proxy localRank 2 -> connection 0x7f2ab0005980
MOC-R4PCC04U05:344647:345406 [2] NCCL INFO Channel 00/0 : 2[2] -> 6[2] [send] via NET/IB/1/GDRDMA
MOC-R4PCC04U05:344648:344704 [3] NCCL INFO New proxy send connection 11 from local rank 3, transport 0
MOC-R4PCC04U05:344647:345406 [2] NCCL INFO GPU Direct RDMA Enabled for GPU 2 / HCA 1 (distance 5 <= 5), read 1 mode Default
MOC-R4PCC04U05:344648:345405 [3] NCCL INFO Connected to proxy localRank 3 -> connection 0x7f4f4c005458
MOC-R4PCC04U05:344647:344703 [2] NCCL INFO New proxy send connection 23 from local rank 2, transport 2
MOC-R4PCC04U05:344647:345406 [2] NCCL INFO Connected to proxy localRank 2 -> connection 0x7f2ab00059f8
MOC-R4PCC04U05:344647:345406 [2] NCCL INFO Channel 01/0 : 2[2] -> 6[2] [send] via NET/IB/1/GDRDMA
MOC-R4PCC04U05:344647:345406 [2] NCCL INFO GPU Direct RDMA Enabled for GPU 2 / HCA 1 (distance 5 <= 5), read 1 mode Default
MOC-R4PCC04U05:344647:344703 [2] NCCL INFO New proxy send connection 24 from local rank 2, transport 2
MOC-R4PCC04U05:344647:345406 [2] NCCL INFO Connected to proxy localRank 2 -> connection 0x7f2ab0005a70
MOC-R4PCC04U05:344647:345406 [2] NCCL INFO Channel 02/0 : 2[2] -> 6[2] [send] via NET/IB/1/GDRDMA
MOC-R4PCC04U05:344647:345406 [2] NCCL INFO GPU Direct RDMA Enabled for GPU 2 / HCA 1 (distance 5 <= 5), read 1 mode Default
MOC-R4PCC04U05:344648:344704 [3] NCCL INFO New proxy send connection 12 from local rank 3, transport 0
MOC-R4PCC04U05:344648:345405 [3] NCCL INFO Connected to proxy localRank 3 -> connection 0x7f4f4c0054d0
MOC-R4PCC04U05:344647:344703 [2] NCCL INFO New proxy send connection 25 from local rank 2, transport 2
MOC-R4PCC04U05:344647:345406 [2] NCCL INFO Connected to proxy localRank 2 -> connection 0x7f2ab0005ae8
MOC-R4PCC04U05:344647:345406 [2] NCCL INFO Channel 03/0 : 2[2] -> 6[2] [send] via NET/IB/1/GDRDMA
MOC-R4PCC04U05:344645:344709 [0] NCCL INFO New proxy send connection 10 from local rank 0, transport 0
MOC-R4PCC04U05:344645:345407 [0] NCCL INFO Connected to proxy localRank 0 -> connection 0x7fe8d40053e0
MOC-R4PCC04U05:344645:344709 [0] NCCL INFO New proxy send connection 11 from local rank 0, transport 0
MOC-R4PCC04U05:344645:345407 [0] NCCL INFO Connected to proxy localRank 0 -> connection 0x7fe8d4005458
MOC-R4PCC04U05:344645:344709 [0] NCCL INFO New proxy send connection 12 from local rank 0, transport 0
MOC-R4PCC04U05:344645:345407 [0] NCCL INFO Connected to proxy localRank 0 -> connection 0x7fe8d40054d0
MOC-R4PCC04U05:344645:344709 [0] NCCL INFO New proxy send connection 13 from local rank 0, transport 0
MOC-R4PCC04U05:344645:345407 [0] NCCL INFO Connected to proxy localRank 0 -> connection 0x7fe8d4005548
MOC-R4PCC04U05:344647:344703 [2] NCCL INFO New proxy recv connection 26 from local rank 2, transport 0
MOC-R4PCC04U05:344647:345406 [2] NCCL INFO Connected to proxy localRank 2 -> connection 0x7f2ab0005b60
MOC-R4PCC04U05:344647:344703 [2] NCCL INFO New proxy recv connection 27 from local rank 2, transport 0
MOC-R4PCC04U05:344647:345406 [2] NCCL INFO Connected to proxy localRank 2 -> connection 0x7f2ab0005bd8
MOC-R4PCC04U05:344647:344703 [2] NCCL INFO New proxy recv connection 28 from local rank 2, transport 0
MOC-R4PCC04U05:344647:345406 [2] NCCL INFO Connected to proxy localRank 2 -> connection 0x7f2ab0005c50
MOC-R4PCC04U05:344647:344703 [2] NCCL INFO New proxy recv connection 29 from local rank 2, transport 0
MOC-R4PCC04U05:344647:345406 [2] NCCL INFO Connected to proxy localRank 2 -> connection 0x7f2ab0005cc8
MOC-R4PCC04U05:344646:344705 [1] NCCL INFO New proxy recv connection 10 from local rank 1, transport 0
MOC-R4PCC04U05:344646:345408 [1] NCCL INFO Connected to proxy localRank 1 -> connection 0x7f22180053e0
MOC-R4PCC04U05:344646:344705 [1] NCCL INFO New proxy recv connection 11 from local rank 1, transport 0
MOC-R4PCC04U05:344646:345408 [1] NCCL INFO Connected to proxy localRank 1 -> connection 0x7f2218005458
MOC-R4PCC04U05:344646:344705 [1] NCCL INFO New proxy recv connection 12 from local rank 1, transport 0
MOC-R4PCC04U05:344646:345408 [1] NCCL INFO Connected to proxy localRank 1 -> connection 0x7f22180054d0
MOC-R4PCC04U05:344646:344705 [1] NCCL INFO New proxy recv connection 13 from local rank 1, transport 0
MOC-R4PCC04U05:344646:345408 [1] NCCL INFO Connected to proxy localRank 1 -> connection 0x7f2218005548
MOC-R4PCC04U05:344645:344709 [0] NCCL INFO New proxy recv connection 14 from local rank 0, transport 0
MOC-R4PCC04U05:344645:345407 [0] NCCL INFO Connected to proxy localRank 0 -> connection 0x7fe8d40055c0
MOC-R4PCC04U05:344645:344709 [0] NCCL INFO New proxy recv connection 15 from local rank 0, transport 0
MOC-R4PCC04U05:344645:345407 [0] NCCL INFO Connected to proxy localRank 0 -> connection 0x7fe8d4005638
MOC-R4PCC04U05:344645:344709 [0] NCCL INFO New proxy recv connection 16 from local rank 0, transport 0
MOC-R4PCC04U05:344645:345407 [0] NCCL INFO Connected to proxy localRank 0 -> connection 0x7fe8d40056b0
MOC-R4PCC04U05:344645:344709 [0] NCCL INFO New proxy recv connection 17 from local rank 0, transport 0
MOC-R4PCC04U05:344645:345407 [0] NCCL INFO Connected to proxy localRank 0 -> connection 0x7fe8d4005728
MOC-R4PCC04U05:344648:344704 [3] NCCL INFO New proxy send connection 13 from local rank 3, transport 0
MOC-R4PCC04U05:344648:345405 [3] NCCL INFO Connected to proxy localRank 3 -> connection 0x7f4f4c005548
MOC-R4PCC04U05:344648:344704 [3] NCCL INFO New proxy send connection 14 from local rank 3, transport 0
MOC-R4PCC04U05:344648:345405 [3] NCCL INFO Connected to proxy localRank 3 -> connection 0x7f4f4c0055c0
MOC-R4PCC04U05:344648:344704 [3] NCCL INFO New proxy send connection 15 from local rank 3, transport 0
MOC-R4PCC04U05:344648:345405 [3] NCCL INFO Connected to proxy localRank 3 -> connection 0x7f4f4c005638
MOC-R4PCC04U05:344648:344704 [3] NCCL INFO New proxy send connection 16 from local rank 3, transport 0
MOC-R4PCC04U05:344648:345405 [3] NCCL INFO Connected to proxy localRank 3 -> connection 0x7f4f4c0056b0
MOC-R4PCC04U05:344648:344704 [3] NCCL INFO New proxy send connection 17 from local rank 2, transport 0
MOC-R4PCC04U05:344647:345406 [2] NCCL INFO Connected to proxy localRank 3 -> connection 0x7f4f4c005728
MOC-R4PCC04U05:344647:344703 [2] NCCL INFO NET/IB: NCCL Dev 1 IbDev 0 Port 1 qpn 3716 mtu 3 query_ece={supported=1, vendor_id=0x15b3, options=0x30000002, comp_mask=0x0} GID 3 (0/C132A8C0FFFF0000) fifoRkey=0x17fdbc fifoLkey=0x17fdbc
MOC-R4PCC04U05:344647:344703 [2] NCCL INFO NET/IB: IbDev 0 Port 1 qpn 3957 set_ece={supported=1, vendor_id=0x15b3, options=0x0, comp_mask=0x0}
MOC-R4PCC04U05:344647:344703 [2] NCCL INFO NET/IB: NCCL Dev 1 IbDev 0 Port 1 qpn 3719 mtu 3 query_ece={supported=1, vendor_id=0x15b3, options=0x30000002, comp_mask=0x0} GID 3 (0/C132A8C0FFFF0000) fifoRkey=0x17dc9b fifoLkey=0x17dc9b
MOC-R4PCC04U05:344647:344703 [2] NCCL INFO NET/IB: IbDev 0 Port 1 qpn 3959 set_ece={supported=1, vendor_id=0x15b3, options=0x0, comp_mask=0x0}
MOC-R4PCC04U05:344647:344703 [2] NCCL INFO NET/IB: NCCL Dev 1 IbDev 0 Port 1 qpn 3720 mtu 3 query_ece={supported=1, vendor_id=0x15b3, options=0x30000002, comp_mask=0x0} GID 3 (0/C132A8C0FFFF0000) fifoRkey=0x17bf7e fifoLkey=0x17bf7e
MOC-R4PCC04U05:344647:344703 [2] NCCL INFO NET/IB: NCCL Dev 1 IbDev 0 Port 1 qpn 3723 mtu 3 query_ece={supported=1, vendor_id=0x15b3, options=0x30000002, comp_mask=0x0} GID 3 (0/C132A8C0FFFF0000) fifoRkey=0x17601f fifoLkey=0x17601f
MOC-R4PCC04U05:344647:344703 [2] NCCL INFO NET/IB: IbDev 0 Port 1 qpn 3964 set_ece={supported=1, vendor_id=0x15b3, options=0x0, comp_mask=0x0}
MOC-R4PCC04U05:344647:344703 [2] NCCL INFO NET/IB: IbDev 0 Port 1 qpn 3966 set_ece={supported=1, vendor_id=0x15b3, options=0x0, comp_mask=0x0}
step    1/10 | train loss 11.010132 | norm 15.4557 | lr 1.00e-04 | (13493.44 ms | 97138 tok/s)
step    2/10 | train loss 10.134738 | norm 5.7681 | lr 1.00e-04 | (483.73 ms | 2709637 tok/s)
step    3/10 | train loss 9.792711 | norm 2.6181 | lr 1.00e-04 | (535.99 ms | 2445399 tok/s)
step    4/10 | train loss 9.622599 | norm 2.1198 | lr 1.00e-04 | (553.39 ms | 2368544 tok/s)
step    5/10 | train loss 9.539335 | norm 2.1126 | lr 1.00e-04 | (444.96 ms | 2945731 tok/s)
step    6/10 | train loss 9.457712 | norm 2.0030 | lr 1.00e-04 | (435.08 ms | 3012623 tok/s)
step    7/10 | train loss 9.371843 | norm 1.9528 | lr 1.00e-04 | (478.53 ms | 2739054 tok/s)
step    8/10 | train loss 9.279834 | norm 1.9192 | lr 1.00e-04 | (468.76 ms | 2796122 tok/s)
step    9/10 | train loss 9.184063 | norm 1.8636 | lr 1.00e-04 | (519.74 ms | 2521875 tok/s)
step   10/10 | train loss 9.097855 | norm 1.7989 | lr 1.00e-04 | (448.44 ms | 2922857 tok/s)
final 9 iters avg: 485.401ms
peak memory consumption: 16601 MiB
