Running pytorch 2.7.0+cu126
using device: cuda:0
total desired batch size: 2097152
=> calculated gradient accumulation steps: 4
using device: cuda:2
using device: cuda:1
using device: cuda:3
compiling the model...
DataLoader: total number of tokens: 1,661,249,667 across 103 files
MOC-R4PCC04U05:717193:717193 [0] NCCL INFO NCCL_SOCKET_IFNAME set to eno7np0
MOC-R4PCC04U05:717193:717193 [0] NCCL INFO NCCL version 2.26.2+cuda12.2
MOC-R4PCC04U05:717193:717297 [0] NCCL INFO NET/Plugin: Could not find: libnccl-net.so. Using internal net plugin.
MOC-R4PCC04U05:717193:717297 [0] NCCL INFO NCCL_IB_HCA set to mlx5_5
MOC-R4PCC04U05:717193:717297 [0] NCCL INFO NET/IB : Made virtual device [0] name=mlx5_5 speed=400000 ndevs=1
MOC-R4PCC04U05:717193:717297 [0] NCCL INFO NET/IB : Using [0]mlx5_5:1/RoCE [RO]; OOB eno7np0:192.168.50.193<0>
MOC-R4PCC04U05:717194:717194 [1] NCCL INFO NCCL_SOCKET_IFNAME set to eno7np0
MOC-R4PCC04U05:717194:717194 [1] NCCL INFO NCCL version 2.26.2+cuda12.2
MOC-R4PCC04U05:717195:717195 [2] NCCL INFO NCCL_SOCKET_IFNAME set to eno7np0
MOC-R4PCC04U05:717195:717195 [2] NCCL INFO NCCL version 2.26.2+cuda12.2
MOC-R4PCC04U05:717196:717196 [3] NCCL INFO NCCL_SOCKET_IFNAME set to eno7np0
MOC-R4PCC04U05:717196:717196 [3] NCCL INFO NCCL version 2.26.2+cuda12.2
MOC-R4PCC04U05:717195:717321 [2] NCCL INFO NET/Plugin: Could not find: libnccl-net.so. Using internal net plugin.
MOC-R4PCC04U05:717194:717320 [1] NCCL INFO NET/Plugin: Could not find: libnccl-net.so. Using internal net plugin.
MOC-R4PCC04U05:717194:717320 [1] NCCL INFO NCCL_IB_HCA set to mlx5_5
MOC-R4PCC04U05:717195:717321 [2] NCCL INFO NCCL_IB_HCA set to mlx5_5
MOC-R4PCC04U05:717196:717322 [3] NCCL INFO NET/Plugin: Could not find: libnccl-net.so. Using internal net plugin.
MOC-R4PCC04U05:717196:717322 [3] NCCL INFO NCCL_IB_HCA set to mlx5_5
MOC-R4PCC04U05:717194:717320 [1] NCCL INFO NET/IB : Made virtual device [0] name=mlx5_5 speed=400000 ndevs=1
MOC-R4PCC04U05:717194:717320 [1] NCCL INFO NET/IB : Using [0]mlx5_5:1/RoCE [RO]; OOB eno7np0:192.168.50.193<0>
MOC-R4PCC04U05:717196:717322 [3] NCCL INFO NET/IB : Made virtual device [0] name=mlx5_5 speed=400000 ndevs=1
MOC-R4PCC04U05:717195:717321 [2] NCCL INFO NET/IB : Made virtual device [0] name=mlx5_5 speed=400000 ndevs=1
MOC-R4PCC04U05:717196:717322 [3] NCCL INFO NET/IB : Using [0]mlx5_5:1/RoCE [RO]; OOB eno7np0:192.168.50.193<0>
MOC-R4PCC04U05:717195:717321 [2] NCCL INFO NET/IB : Using [0]mlx5_5:1/RoCE [RO]; OOB eno7np0:192.168.50.193<0>
MOC-R4PCC04U05:717196:717322 [3] NCCL INFO NET/IB : GPU Direct RDMA Enabled for HCA 0 'mlx5_5'
MOC-R4PCC04U05:717196:717322 [3] NCCL INFO NET/IB : Made virtual device [1] name=mlx5_5 speed=400000 ndevs=1
MOC-R4PCC04U05:717196:717322 [3] NCCL INFO NET/IB : GPU Direct RDMA Enabled for HCA 0 'mlx5_5'
MOC-R4PCC04U05:717196:717322 [3] NCCL INFO NET/IB : GPU Direct RDMA Enabled for HCA 1 'mlx5_5'
MOC-R4PCC04U05:717194:717320 [1] NCCL INFO NET/IB : GPU Direct RDMA Enabled for HCA 0 'mlx5_5'
MOC-R4PCC04U05:717194:717320 [1] NCCL INFO NET/IB : Made virtual device [1] name=mlx5_5 speed=400000 ndevs=1
MOC-R4PCC04U05:717194:717320 [1] NCCL INFO NET/IB : GPU Direct RDMA Enabled for HCA 0 'mlx5_5'
MOC-R4PCC04U05:717194:717320 [1] NCCL INFO NET/IB : GPU Direct RDMA Enabled for HCA 1 'mlx5_5'
MOC-R4PCC04U05:717195:717321 [2] NCCL INFO NET/IB : GPU Direct RDMA Enabled for HCA 0 'mlx5_5'
MOC-R4PCC04U05:717195:717321 [2] NCCL INFO NET/IB : Made virtual device [1] name=mlx5_5 speed=400000 ndevs=1
MOC-R4PCC04U05:717195:717321 [2] NCCL INFO NET/IB : GPU Direct RDMA Enabled for HCA 0 'mlx5_5'
MOC-R4PCC04U05:717195:717321 [2] NCCL INFO NET/IB : GPU Direct RDMA Enabled for HCA 1 'mlx5_5'
MOC-R4PCC04U05:717193:717297 [0] NCCL INFO NET/IB : GPU Direct RDMA Enabled for HCA 0 'mlx5_5'
MOC-R4PCC04U05:717193:717297 [0] NCCL INFO NET/IB : Made virtual device [1] name=mlx5_5 speed=400000 ndevs=1
MOC-R4PCC04U05:717193:717297 [0] NCCL INFO NET/IB : GPU Direct RDMA Enabled for HCA 0 'mlx5_5'
MOC-R4PCC04U05:717193:717297 [0] NCCL INFO NET/IB : GPU Direct RDMA Enabled for HCA 1 'mlx5_5'
MOC-R4PCC04U05:717194:717320 [1] NCCL INFO GPU Direct RDMA Enabled for GPU 0 / HCA 1 (distance 5 <= 5), read 0 mode Default
MOC-R4PCC04U05:717194:717320 [1] NCCL INFO GPU Direct RDMA Enabled for GPU 1 / HCA 1 (distance 5 <= 5), read 0 mode Default
MOC-R4PCC04U05:717194:717320 [1] NCCL INFO GPU Direct RDMA Enabled for GPU 2 / HCA 1 (distance 5 <= 5), read 0 mode Default
MOC-R4PCC04U05:717194:717320 [1] NCCL INFO GPU Direct RDMA Enabled for GPU 3 / HCA 1 (distance 5 <= 5), read 0 mode Default
MOC-R4PCC04U05:717194:717320 [1] NCCL INFO GPU Direct RDMA Enabled for GPU 0 / HCA 1 (distance 5 <= 5), read 0 mode Default
MOC-R4PCC04U05:717194:717320 [1] NCCL INFO GPU Direct RDMA Enabled for GPU 1 / HCA 1 (distance 5 <= 5), read 0 mode Default
MOC-R4PCC04U05:717194:717320 [1] NCCL INFO GPU Direct RDMA Enabled for GPU 2 / HCA 1 (distance 5 <= 5), read 0 mode Default
MOC-R4PCC04U05:717194:717320 [1] NCCL INFO GPU Direct RDMA Enabled for GPU 3 / HCA 1 (distance 5 <= 5), read 0 mode Default
MOC-R4PCC04U05:717193:717297 [0] NCCL INFO GPU Direct RDMA Enabled for GPU 0 / HCA 1 (distance 5 <= 5), read 0 mode Default
MOC-R4PCC04U05:717193:717297 [0] NCCL INFO GPU Direct RDMA Enabled for GPU 1 / HCA 1 (distance 5 <= 5), read 0 mode Default
MOC-R4PCC04U05:717193:717297 [0] NCCL INFO GPU Direct RDMA Enabled for GPU 2 / HCA 1 (distance 5 <= 5), read 0 mode Default
MOC-R4PCC04U05:717193:717297 [0] NCCL INFO GPU Direct RDMA Enabled for GPU 3 / HCA 1 (distance 5 <= 5), read 0 mode Default
MOC-R4PCC04U05:717193:717297 [0] NCCL INFO GPU Direct RDMA Enabled for GPU 0 / HCA 1 (distance 5 <= 5), read 0 mode Default
MOC-R4PCC04U05:717193:717297 [0] NCCL INFO GPU Direct RDMA Enabled for GPU 1 / HCA 1 (distance 5 <= 5), read 0 mode Default
MOC-R4PCC04U05:717193:717297 [0] NCCL INFO GPU Direct RDMA Enabled for GPU 2 / HCA 1 (distance 5 <= 5), read 0 mode Default
MOC-R4PCC04U05:717193:717297 [0] NCCL INFO GPU Direct RDMA Enabled for GPU 3 / HCA 1 (distance 5 <= 5), read 0 mode Default
MOC-R4PCC04U05:717195:717321 [2] NCCL INFO GPU Direct RDMA Enabled for GPU 0 / HCA 1 (distance 5 <= 5), read 0 mode Default
MOC-R4PCC04U05:717195:717321 [2] NCCL INFO GPU Direct RDMA Enabled for GPU 1 / HCA 1 (distance 5 <= 5), read 0 mode Default
MOC-R4PCC04U05:717195:717321 [2] NCCL INFO GPU Direct RDMA Enabled for GPU 2 / HCA 1 (distance 5 <= 5), read 0 mode Default
MOC-R4PCC04U05:717195:717321 [2] NCCL INFO GPU Direct RDMA Enabled for GPU 3 / HCA 1 (distance 5 <= 5), read 0 mode Default
MOC-R4PCC04U05:717195:717321 [2] NCCL INFO GPU Direct RDMA Enabled for GPU 0 / HCA 1 (distance 5 <= 5), read 0 mode Default
MOC-R4PCC04U05:717195:717321 [2] NCCL INFO GPU Direct RDMA Enabled for GPU 1 / HCA 1 (distance 5 <= 5), read 0 mode Default
MOC-R4PCC04U05:717195:717321 [2] NCCL INFO GPU Direct RDMA Enabled for GPU 2 / HCA 1 (distance 5 <= 5), read 0 mode Default
MOC-R4PCC04U05:717195:717321 [2] NCCL INFO GPU Direct RDMA Enabled for GPU 3 / HCA 1 (distance 5 <= 5), read 0 mode Default
MOC-R4PCC04U05:717196:717322 [3] NCCL INFO GPU Direct RDMA Enabled for GPU 0 / HCA 1 (distance 5 <= 5), read 0 mode Default
MOC-R4PCC04U05:717196:717322 [3] NCCL INFO GPU Direct RDMA Enabled for GPU 1 / HCA 1 (distance 5 <= 5), read 0 mode Default
MOC-R4PCC04U05:717196:717322 [3] NCCL INFO GPU Direct RDMA Enabled for GPU 2 / HCA 1 (distance 5 <= 5), read 0 mode Default
MOC-R4PCC04U05:717196:717322 [3] NCCL INFO GPU Direct RDMA Enabled for GPU 3 / HCA 1 (distance 5 <= 5), read 0 mode Default
MOC-R4PCC04U05:717196:717322 [3] NCCL INFO GPU Direct RDMA Enabled for GPU 0 / HCA 1 (distance 5 <= 5), read 0 mode Default
MOC-R4PCC04U05:717196:717322 [3] NCCL INFO GPU Direct RDMA Enabled for GPU 1 / HCA 1 (distance 5 <= 5), read 0 mode Default
MOC-R4PCC04U05:717196:717322 [3] NCCL INFO GPU Direct RDMA Enabled for GPU 2 / HCA 1 (distance 5 <= 5), read 0 mode Default
MOC-R4PCC04U05:717196:717322 [3] NCCL INFO GPU Direct RDMA Enabled for GPU 3 / HCA 1 (distance 5 <= 5), read 0 mode Default
MOC-R4PCC04U05:717195:717409 [2] NCCL INFO GPU Direct RDMA Enabled for GPU 2 / HCA 1 (distance 5 <= 5), read 0 mode Default
MOC-R4PCC04U05:717194:717404 [1] NCCL INFO New proxy recv connection 0 from local rank 1, transport 0
MOC-R4PCC04U05:717194:717411 [1] NCCL INFO Connected to proxy localRank 1 -> connection 0x7f6648004f30
MOC-R4PCC04U05:717196:717402 [3] NCCL INFO New proxy recv connection 0 from local rank 3, transport 0
MOC-R4PCC04U05:717196:717410 [3] NCCL INFO Connected to proxy localRank 3 -> connection 0x7f6430004f30
MOC-R4PCC04U05:717193:717403 [0] NCCL INFO New proxy send connection 0 from local rank 0, transport 0
MOC-R4PCC04U05:717193:717412 [0] NCCL INFO Connected to proxy localRank 0 -> connection 0x7f0d30004f30
MOC-R4PCC04U05:717194:717404 [1] NCCL INFO New proxy recv connection 1 from local rank 1, transport 0
MOC-R4PCC04U05:717196:717402 [3] NCCL INFO New proxy recv connection 1 from local rank 3, transport 0
MOC-R4PCC04U05:717194:717411 [1] NCCL INFO Connected to proxy localRank 1 -> connection 0x7f6648004fa8
MOC-R4PCC04U05:717196:717410 [3] NCCL INFO Connected to proxy localRank 3 -> connection 0x7f6430004fa8
MOC-R4PCC04U05:717193:717403 [0] NCCL INFO New proxy send connection 1 from local rank 0, transport 0
MOC-R4PCC04U05:717193:717412 [0] NCCL INFO Connected to proxy localRank 0 -> connection 0x7f0d30004fa8
MOC-R4PCC04U05:717196:717402 [3] NCCL INFO New proxy recv connection 2 from local rank 3, transport 0
MOC-R4PCC04U05:717196:717410 [3] NCCL INFO Connected to proxy localRank 3 -> connection 0x7f6430005020
MOC-R4PCC04U05:717194:717404 [1] NCCL INFO New proxy recv connection 2 from local rank 1, transport 0
MOC-R4PCC04U05:717194:717411 [1] NCCL INFO Connected to proxy localRank 1 -> connection 0x7f6648005020
MOC-R4PCC04U05:717193:717403 [0] NCCL INFO New proxy send connection 2 from local rank 0, transport 0
MOC-R4PCC04U05:717193:717412 [0] NCCL INFO Connected to proxy localRank 0 -> connection 0x7f0d30005020
MOC-R4PCC04U05:717196:717402 [3] NCCL INFO New proxy recv connection 3 from local rank 3, transport 0
MOC-R4PCC04U05:717196:717410 [3] NCCL INFO Connected to proxy localRank 3 -> connection 0x7f6430005098
MOC-R4PCC04U05:717194:717404 [1] NCCL INFO New proxy recv connection 3 from local rank 1, transport 0
MOC-R4PCC04U05:717194:717411 [1] NCCL INFO Connected to proxy localRank 1 -> connection 0x7f6648005098
MOC-R4PCC04U05:717193:717403 [0] NCCL INFO New proxy send connection 3 from local rank 0, transport 0
MOC-R4PCC04U05:717193:717412 [0] NCCL INFO Connected to proxy localRank 0 -> connection 0x7f0d30005098
MOC-R4PCC04U05:717196:717410 [3] NCCL INFO GPU Direct RDMA Enabled for GPU 3 / HCA 1 (distance 5 <= 5), read 1 mode Default
MOC-R4PCC04U05:717194:717404 [1] NCCL INFO New proxy send connection 4 from local rank 1, transport 0
MOC-R4PCC04U05:717194:717411 [1] NCCL INFO Connected to proxy localRank 1 -> connection 0x7f6648005110
MOC-R4PCC04U05:717194:717404 [1] NCCL INFO New proxy send connection 5 from local rank 1, transport 0
MOC-R4PCC04U05:717194:717411 [1] NCCL INFO Connected to proxy localRank 1 -> connection 0x7f6648005188
MOC-R4PCC04U05:717194:717404 [1] NCCL INFO New proxy send connection 6 from local rank 1, transport 0
MOC-R4PCC04U05:717194:717411 [1] NCCL INFO Connected to proxy localRank 1 -> connection 0x7f6648005200
MOC-R4PCC04U05:717194:717404 [1] NCCL INFO New proxy send connection 7 from local rank 1, transport 0
MOC-R4PCC04U05:717194:717411 [1] NCCL INFO Connected to proxy localRank 1 -> connection 0x7f6648005278
MOC-R4PCC04U05:717195:717401 [2] NCCL INFO New proxy recv connection 0 from local rank 2, transport 2
MOC-R4PCC04U05:717195:717401 [2] NCCL INFO New proxy send connection 1 from local rank 3, transport 2
MOC-R4PCC04U05:717195:717409 [2] NCCL INFO Connected to proxy localRank 2 -> connection 0x7fdcc4004f30
MOC-R4PCC04U05:717196:717410 [3] NCCL INFO Connected to proxy localRank 2 -> connection 0x7fdcc4004fa8
MOC-R4PCC04U05:717195:717409 [2] NCCL INFO Channel 00/0 : 15[3] -> 2[2] [receive] via NET/IB/1/GDRDMA
MOC-R4PCC04U05:717195:717409 [2] NCCL INFO GPU Direct RDMA Enabled for GPU 2 / HCA 1 (distance 5 <= 5), read 0 mode Default
MOC-R4PCC04U05:717195:717401 [2] NCCL INFO New proxy recv connection 2 from local rank 2, transport 2
MOC-R4PCC04U05:717195:717409 [2] NCCL INFO Connected to proxy localRank 2 -> connection 0x7fdcc4005020
MOC-R4PCC04U05:717196:717410 [3] NCCL INFO Channel 00/0 : 3[3] -> 6[2] [send] via NET/IB/1(2)/GDRDMA
MOC-R4PCC04U05:717196:717410 [3] NCCL INFO GPU Direct RDMA Enabled for GPU 3 / HCA 1 (distance 5 <= 5), read 1 mode Default
MOC-R4PCC04U05:717195:717409 [2] NCCL INFO Channel 01/0 : 15[3] -> 2[2] [receive] via NET/IB/1/GDRDMA
MOC-R4PCC04U05:717195:717409 [2] NCCL INFO GPU Direct RDMA Enabled for GPU 2 / HCA 1 (distance 5 <= 5), read 0 mode Default
MOC-R4PCC04U05:717195:717401 [2] NCCL INFO New proxy send connection 3 from local rank 3, transport 2
MOC-R4PCC04U05:717196:717410 [3] NCCL INFO Connected to proxy localRank 2 -> connection 0x7fdcc4005098
MOC-R4PCC04U05:717195:717401 [2] NCCL INFO New proxy recv connection 4 from local rank 2, transport 2
MOC-R4PCC04U05:717195:717409 [2] NCCL INFO Connected to proxy localRank 2 -> connection 0x7fdcc4005110
MOC-R4PCC04U05:717196:717410 [3] NCCL INFO Channel 01/0 : 3[3] -> 6[2] [send] via NET/IB/1(2)/GDRDMA
MOC-R4PCC04U05:717196:717410 [3] NCCL INFO GPU Direct RDMA Enabled for GPU 3 / HCA 1 (distance 5 <= 5), read 1 mode Default
MOC-R4PCC04U05:717195:717409 [2] NCCL INFO Channel 02/0 : 15[3] -> 2[2] [receive] via NET/IB/1/GDRDMA
MOC-R4PCC04U05:717195:717409 [2] NCCL INFO GPU Direct RDMA Enabled for GPU 2 / HCA 1 (distance 5 <= 5), read 0 mode Default
MOC-R4PCC04U05:717195:717401 [2] NCCL INFO New proxy send connection 5 from local rank 3, transport 2
MOC-R4PCC04U05:717196:717410 [3] NCCL INFO Connected to proxy localRank 2 -> connection 0x7fdcc4005188
MOC-R4PCC04U05:717195:717401 [2] NCCL INFO New proxy recv connection 6 from local rank 2, transport 2
MOC-R4PCC04U05:717195:717409 [2] NCCL INFO Connected to proxy localRank 2 -> connection 0x7fdcc4005200
MOC-R4PCC04U05:717196:717410 [3] NCCL INFO Channel 02/0 : 3[3] -> 6[2] [send] via NET/IB/1(2)/GDRDMA
MOC-R4PCC04U05:717196:717410 [3] NCCL INFO GPU Direct RDMA Enabled for GPU 3 / HCA 1 (distance 5 <= 5), read 1 mode Default
MOC-R4PCC04U05:717195:717409 [2] NCCL INFO Channel 03/0 : 15[3] -> 2[2] [receive] via NET/IB/1/GDRDMA
MOC-R4PCC04U05:717195:717401 [2] NCCL INFO New proxy send connection 7 from local rank 3, transport 2
MOC-R4PCC04U05:717196:717410 [3] NCCL INFO Connected to proxy localRank 2 -> connection 0x7fdcc4005278
MOC-R4PCC04U05:717196:717410 [3] NCCL INFO Channel 03/0 : 3[3] -> 6[2] [send] via NET/IB/1(2)/GDRDMA
MOC-R4PCC04U05:717193:717403 [0] NCCL INFO New proxy send connection 4 from local rank 3, transport 0
MOC-R4PCC04U05:717196:717410 [3] NCCL INFO Connected to proxy localRank 0 -> connection 0x7f0d30005110
MOC-R4PCC04U05:717193:717403 [0] NCCL INFO New proxy recv connection 5 from local rank 0, transport 0
MOC-R4PCC04U05:717193:717412 [0] NCCL INFO Connected to proxy localRank 0 -> connection 0x7f0d30005188
MOC-R4PCC04U05:717195:717401 [2] NCCL INFO New proxy send connection 8 from local rank 2, transport 0
MOC-R4PCC04U05:717193:717403 [0] NCCL INFO New proxy recv connection 6 from local rank 0, transport 0
MOC-R4PCC04U05:717193:717412 [0] NCCL INFO Connected to proxy localRank 0 -> connection 0x7f0d30005200
MOC-R4PCC04U05:717195:717409 [2] NCCL INFO Connected to proxy localRank 2 -> connection 0x7fdcc40052f0
MOC-R4PCC04U05:717193:717403 [0] NCCL INFO New proxy recv connection 7 from local rank 0, transport 0
MOC-R4PCC04U05:717193:717412 [0] NCCL INFO Connected to proxy localRank 0 -> connection 0x7f0d30005278
MOC-R4PCC04U05:717195:717401 [2] NCCL INFO New proxy send connection 9 from local rank 2, transport 0
MOC-R4PCC04U05:717195:717409 [2] NCCL INFO Connected to proxy localRank 2 -> connection 0x7fdcc4005368
MOC-R4PCC04U05:717193:717403 [0] NCCL INFO New proxy recv connection 8 from local rank 0, transport 0
MOC-R4PCC04U05:717193:717412 [0] NCCL INFO Connected to proxy localRank 0 -> connection 0x7f0d300052f0
MOC-R4PCC04U05:717196:717402 [3] NCCL INFO New proxy send connection 4 from local rank 0, transport 0
MOC-R4PCC04U05:717193:717412 [0] NCCL INFO Connected to proxy localRank 3 -> connection 0x7f6430005110
MOC-R4PCC04U05:717195:717401 [2] NCCL INFO NET/IB: NCCL Dev 1 IbDev 0 Port 1 qpn 11810 mtu 3 query_ece={supported=1, vendor_id=0x15b3, options=0x30000002, comp_mask=0x0} GID 3 (0/C132A8C0FFFF0000) fifoRkey=0x17601f fifoLkey=0x17601f
MOC-R4PCC04U05:717195:717401 [2] NCCL INFO NET/IB: NCCL Dev 1 IbDev 0 Port 1 qpn 11811 mtu 3 query_ece={supported=1, vendor_id=0x15b3, options=0x30000002, comp_mask=0x0} GID 3 (0/C132A8C0FFFF0000) fifoRkey=0x17d796 fifoLkey=0x17d796
MOC-R4PCC04U05:717195:717401 [2] NCCL INFO New proxy send connection 10 from local rank 2, transport 0
MOC-R4PCC04U05:717195:717409 [2] NCCL INFO Connected to proxy localRank 2 -> connection 0x7fdcc40053e0
MOC-R4PCC04U05:717195:717401 [2] NCCL INFO New proxy send connection 11 from local rank 2, transport 0
MOC-R4PCC04U05:717195:717409 [2] NCCL INFO Connected to proxy localRank 2 -> connection 0x7fdcc4005458
MOC-R4PCC04U05:717193:717403 [0] NCCL INFO New proxy send connection 9 from local rank 1, transport 0
MOC-R4PCC04U05:717194:717411 [1] NCCL INFO Connected to proxy localRank 0 -> connection 0x7f0d30005368
MOC-R4PCC04U05:717194:717404 [1] NCCL INFO New proxy send connection 8 from local rank 2, transport 0
MOC-R4PCC04U05:717195:717409 [2] NCCL INFO Connected to proxy localRank 1 -> connection 0x7f66480052f0
MOC-R4PCC04U05:717195:717401 [2] NCCL INFO NET/IB: IbDev 0 Port 1 qpn 12218 set_ece={supported=1, vendor_id=0x15b3, options=0x0, comp_mask=0x0}
MOC-R4PCC04U05:717195:717401 [2] NCCL INFO NET/IB: IbDev 0 Port 1 qpn 12220 set_ece={supported=1, vendor_id=0x15b3, options=0x0, comp_mask=0x0}
MOC-R4PCC04U05:717194:717404 [1] NCCL INFO New proxy send connection 9 from local rank 0, transport 0
MOC-R4PCC04U05:717193:717412 [0] NCCL INFO Connected to proxy localRank 1 -> connection 0x7f6648005368
MOC-R4PCC04U05:717195:717401 [2] NCCL INFO NET/IB: NCCL Dev 1 IbDev 0 Port 1 qpn 11812 mtu 3 query_ece={supported=1, vendor_id=0x15b3, options=0x30000002, comp_mask=0x0} GID 3 (0/C132A8C0FFFF0000) fifoRkey=0x17a767 fifoLkey=0x17a767
MOC-R4PCC04U05:717195:717401 [2] NCCL INFO NET/IB: NCCL Dev 1 IbDev 0 Port 1 qpn 11813 mtu 3 query_ece={supported=1, vendor_id=0x15b3, options=0x30000002, comp_mask=0x0} GID 3 (0/C132A8C0FFFF0000) fifoRkey=0x1722e1 fifoLkey=0x1722e1
MOC-R4PCC04U05:717195:717401 [2] NCCL INFO New proxy send connection 12 from local rank 3, transport 0
MOC-R4PCC04U05:717196:717410 [3] NCCL INFO Connected to proxy localRank 2 -> connection 0x7fdcc40054d0
MOC-R4PCC04U05:717195:717401 [2] NCCL INFO New proxy send connection 13 from local rank 1, transport 0
MOC-R4PCC04U05:717194:717411 [1] NCCL INFO Connected to proxy localRank 2 -> connection 0x7fdcc4005548
MOC-R4PCC04U05:717195:717401 [2] NCCL INFO NET/IB: IbDev 0 Port 1 qpn 12223 set_ece={supported=1, vendor_id=0x15b3, options=0x0, comp_mask=0x0}
MOC-R4PCC04U05:717195:717401 [2] NCCL INFO NET/IB: IbDev 0 Port 1 qpn 12225 set_ece={supported=1, vendor_id=0x15b3, options=0x0, comp_mask=0x0}
num decayed parameter tensors: 50, with 124,318,464 parameters
num non-decayed parameter tensors: 98, with 121,344 parameters
using fused AdamW: False
using regular AdamW
MOC-R4PCC04U05:717195:717401 [2] NCCL INFO New proxy send connection 14 from local rank 2, transport 0
MOC-R4PCC04U05:717195:718036 [2] NCCL INFO Connected to proxy localRank 2 -> connection 0x7fdcc40055c0
MOC-R4PCC04U05:717195:717401 [2] NCCL INFO New proxy send connection 15 from local rank 2, transport 0
MOC-R4PCC04U05:717195:718036 [2] NCCL INFO Connected to proxy localRank 2 -> connection 0x7fdcc4005638
MOC-R4PCC04U05:717195:717401 [2] NCCL INFO New proxy send connection 16 from local rank 2, transport 0
MOC-R4PCC04U05:717195:718036 [2] NCCL INFO Connected to proxy localRank 2 -> connection 0x7fdcc40056b0
MOC-R4PCC04U05:717195:717401 [2] NCCL INFO New proxy send connection 17 from local rank 2, transport 0
MOC-R4PCC04U05:717195:718036 [2] NCCL INFO Connected to proxy localRank 2 -> connection 0x7fdcc4005728
MOC-R4PCC04U05:717193:717403 [0] NCCL INFO New proxy send connection 10 from local rank 0, transport 0
MOC-R4PCC04U05:717193:718037 [0] NCCL INFO Connected to proxy localRank 0 -> connection 0x7f0d300053e0
MOC-R4PCC04U05:717193:717403 [0] NCCL INFO New proxy send connection 11 from local rank 0, transport 0
MOC-R4PCC04U05:717193:718037 [0] NCCL INFO Connected to proxy localRank 0 -> connection 0x7f0d30005458
MOC-R4PCC04U05:717193:717403 [0] NCCL INFO New proxy send connection 12 from local rank 0, transport 0
MOC-R4PCC04U05:717193:718037 [0] NCCL INFO Connected to proxy localRank 0 -> connection 0x7f0d300054d0
MOC-R4PCC04U05:717193:717403 [0] NCCL INFO New proxy send connection 13 from local rank 0, transport 0
MOC-R4PCC04U05:717193:718037 [0] NCCL INFO Connected to proxy localRank 0 -> connection 0x7f0d30005548
MOC-R4PCC04U05:717194:717404 [1] NCCL INFO New proxy recv connection 10 from local rank 1, transport 0
MOC-R4PCC04U05:717194:718038 [1] NCCL INFO Connected to proxy localRank 1 -> connection 0x7f66480053e0
MOC-R4PCC04U05:717194:717404 [1] NCCL INFO New proxy recv connection 11 from local rank 1, transport 0
MOC-R4PCC04U05:717194:718038 [1] NCCL INFO Connected to proxy localRank 1 -> connection 0x7f6648005458
MOC-R4PCC04U05:717194:717404 [1] NCCL INFO New proxy recv connection 12 from local rank 1, transport 0
MOC-R4PCC04U05:717194:718038 [1] NCCL INFO Connected to proxy localRank 1 -> connection 0x7f66480054d0
MOC-R4PCC04U05:717194:717404 [1] NCCL INFO New proxy recv connection 13 from local rank 1, transport 0
MOC-R4PCC04U05:717194:718038 [1] NCCL INFO Connected to proxy localRank 1 -> connection 0x7f6648005548
MOC-R4PCC04U05:717193:717403 [0] NCCL INFO New proxy recv connection 14 from local rank 0, transport 0
MOC-R4PCC04U05:717193:718037 [0] NCCL INFO Connected to proxy localRank 0 -> connection 0x7f0d300055c0
MOC-R4PCC04U05:717193:717403 [0] NCCL INFO New proxy recv connection 15 from local rank 0, transport 0
MOC-R4PCC04U05:717193:718037 [0] NCCL INFO Connected to proxy localRank 0 -> connection 0x7f0d30005638
MOC-R4PCC04U05:717193:717403 [0] NCCL INFO New proxy recv connection 16 from local rank 0, transport 0
MOC-R4PCC04U05:717193:718037 [0] NCCL INFO Connected to proxy localRank 0 -> connection 0x7f0d300056b0
MOC-R4PCC04U05:717193:717403 [0] NCCL INFO New proxy recv connection 17 from local rank 0, transport 0
MOC-R4PCC04U05:717193:718037 [0] NCCL INFO Connected to proxy localRank 0 -> connection 0x7f0d30005728
MOC-R4PCC04U05:717196:717402 [3] NCCL INFO New proxy recv connection 5 from local rank 3, transport 0
MOC-R4PCC04U05:717196:718039 [3] NCCL INFO Connected to proxy localRank 3 -> connection 0x7f6430005188
MOC-R4PCC04U05:717196:717402 [3] NCCL INFO New proxy recv connection 6 from local rank 3, transport 0
MOC-R4PCC04U05:717196:718039 [3] NCCL INFO Connected to proxy localRank 3 -> connection 0x7f6430005200
MOC-R4PCC04U05:717196:717402 [3] NCCL INFO New proxy recv connection 7 from local rank 3, transport 0
MOC-R4PCC04U05:717196:718039 [3] NCCL INFO Connected to proxy localRank 3 -> connection 0x7f6430005278
MOC-R4PCC04U05:717196:717402 [3] NCCL INFO New proxy recv connection 8 from local rank 3, transport 0
MOC-R4PCC04U05:717196:718039 [3] NCCL INFO Connected to proxy localRank 3 -> connection 0x7f64300052f0
MOC-R4PCC04U05:717196:717402 [3] NCCL INFO New proxy send connection 9 from local rank 3, transport 0
MOC-R4PCC04U05:717195:718036 [2] NCCL INFO GPU Direct RDMA Enabled for GPU 2 / HCA 1 (distance 5 <= 5), read 1 mode Default
MOC-R4PCC04U05:717196:718039 [3] NCCL INFO Connected to proxy localRank 3 -> connection 0x7f6430005368
MOC-R4PCC04U05:717195:717401 [2] NCCL INFO New proxy send connection 18 from local rank 2, transport 2
MOC-R4PCC04U05:717195:718036 [2] NCCL INFO Connected to proxy localRank 2 -> connection 0x7fdcc40057a0
MOC-R4PCC04U05:717195:718036 [2] NCCL INFO Channel 02/0 : 2[2] -> 6[2] [send] via NET/IB/1/GDRDMA
MOC-R4PCC04U05:717196:717402 [3] NCCL INFO New proxy send connection 10 from local rank 3, transport 0
MOC-R4PCC04U05:717195:718036 [2] NCCL INFO GPU Direct RDMA Enabled for GPU 2 / HCA 1 (distance 5 <= 5), read 1 mode Default
MOC-R4PCC04U05:717196:718039 [3] NCCL INFO Connected to proxy localRank 3 -> connection 0x7f64300053e0
MOC-R4PCC04U05:717195:717401 [2] NCCL INFO New proxy send connection 19 from local rank 2, transport 2
MOC-R4PCC04U05:717195:718036 [2] NCCL INFO Connected to proxy localRank 2 -> connection 0x7fdcc4005818
MOC-R4PCC04U05:717195:718036 [2] NCCL INFO Channel 03/0 : 2[2] -> 6[2] [send] via NET/IB/1/GDRDMA
MOC-R4PCC04U05:717196:717402 [3] NCCL INFO New proxy send connection 11 from local rank 3, transport 0
MOC-R4PCC04U05:717196:718039 [3] NCCL INFO Connected to proxy localRank 3 -> connection 0x7f6430005458
MOC-R4PCC04U05:717196:717402 [3] NCCL INFO New proxy send connection 12 from local rank 3, transport 0
MOC-R4PCC04U05:717196:718039 [3] NCCL INFO Connected to proxy localRank 3 -> connection 0x7f64300054d0
MOC-R4PCC04U05:717196:717402 [3] NCCL INFO New proxy send connection 13 from local rank 3, transport 0
MOC-R4PCC04U05:717196:718039 [3] NCCL INFO Connected to proxy localRank 3 -> connection 0x7f6430005548
MOC-R4PCC04U05:717196:717402 [3] NCCL INFO New proxy send connection 14 from local rank 3, transport 0
MOC-R4PCC04U05:717196:718039 [3] NCCL INFO Connected to proxy localRank 3 -> connection 0x7f64300055c0
MOC-R4PCC04U05:717196:717402 [3] NCCL INFO New proxy send connection 15 from local rank 3, transport 0
MOC-R4PCC04U05:717196:718039 [3] NCCL INFO Connected to proxy localRank 3 -> connection 0x7f6430005638
MOC-R4PCC04U05:717196:717402 [3] NCCL INFO New proxy send connection 16 from local rank 3, transport 0
MOC-R4PCC04U05:717196:718039 [3] NCCL INFO Connected to proxy localRank 3 -> connection 0x7f64300056b0
MOC-R4PCC04U05:717195:718036 [2] NCCL INFO GPU Direct RDMA Enabled for GPU 2 / HCA 1 (distance 5 <= 5), read 0 mode Default
MOC-R4PCC04U05:717195:717401 [2] NCCL INFO New proxy recv connection 20 from local rank 2, transport 2
MOC-R4PCC04U05:717195:718036 [2] NCCL INFO Connected to proxy localRank 2 -> connection 0x7fdcc4005890
MOC-R4PCC04U05:717195:718036 [2] NCCL INFO Channel 00/0 : 10[2] -> 2[2] [receive] via NET/IB/1/GDRDMA
MOC-R4PCC04U05:717195:718036 [2] NCCL INFO GPU Direct RDMA Enabled for GPU 2 / HCA 1 (distance 5 <= 5), read 0 mode Default
MOC-R4PCC04U05:717195:717401 [2] NCCL INFO New proxy recv connection 21 from local rank 2, transport 2
MOC-R4PCC04U05:717195:718036 [2] NCCL INFO Connected to proxy localRank 2 -> connection 0x7fdcc4005908
MOC-R4PCC04U05:717195:718036 [2] NCCL INFO Channel 01/0 : 10[2] -> 2[2] [receive] via NET/IB/1/GDRDMA
MOC-R4PCC04U05:717195:718036 [2] NCCL INFO GPU Direct RDMA Enabled for GPU 2 / HCA 1 (distance 5 <= 5), read 1 mode Default
MOC-R4PCC04U05:717195:717401 [2] NCCL INFO New proxy send connection 22 from local rank 2, transport 2
MOC-R4PCC04U05:717195:718036 [2] NCCL INFO Connected to proxy localRank 2 -> connection 0x7fdcc4005980
MOC-R4PCC04U05:717195:718036 [2] NCCL INFO Channel 00/0 : 2[2] -> 10[2] [send] via NET/IB/1/GDRDMA
MOC-R4PCC04U05:717195:718036 [2] NCCL INFO GPU Direct RDMA Enabled for GPU 2 / HCA 1 (distance 5 <= 5), read 1 mode Default
MOC-R4PCC04U05:717195:717401 [2] NCCL INFO New proxy send connection 23 from local rank 2, transport 2
MOC-R4PCC04U05:717195:718036 [2] NCCL INFO Connected to proxy localRank 2 -> connection 0x7fdcc40059f8
MOC-R4PCC04U05:717195:718036 [2] NCCL INFO Channel 01/0 : 2[2] -> 10[2] [send] via NET/IB/1/GDRDMA
MOC-R4PCC04U05:717195:718036 [2] NCCL INFO GPU Direct RDMA Enabled for GPU 2 / HCA 1 (distance 5 <= 5), read 0 mode Default
MOC-R4PCC04U05:717195:717401 [2] NCCL INFO New proxy recv connection 24 from local rank 2, transport 2
MOC-R4PCC04U05:717195:718036 [2] NCCL INFO Connected to proxy localRank 2 -> connection 0x7fdcc4005a70
MOC-R4PCC04U05:717195:718036 [2] NCCL INFO Channel 02/0 : 6[2] -> 2[2] [receive] via NET/IB/1/GDRDMA
MOC-R4PCC04U05:717195:718036 [2] NCCL INFO GPU Direct RDMA Enabled for GPU 2 / HCA 1 (distance 5 <= 5), read 0 mode Default
MOC-R4PCC04U05:717195:717401 [2] NCCL INFO New proxy recv connection 25 from local rank 2, transport 2
MOC-R4PCC04U05:717195:718036 [2] NCCL INFO Connected to proxy localRank 2 -> connection 0x7fdcc4005ae8
MOC-R4PCC04U05:717195:718036 [2] NCCL INFO Channel 03/0 : 6[2] -> 2[2] [receive] via NET/IB/1/GDRDMA
MOC-R4PCC04U05:717195:717401 [2] NCCL INFO New proxy recv connection 26 from local rank 2, transport 0
MOC-R4PCC04U05:717195:718036 [2] NCCL INFO Connected to proxy localRank 2 -> connection 0x7fdcc4005b60
MOC-R4PCC04U05:717195:717401 [2] NCCL INFO New proxy recv connection 27 from local rank 2, transport 0
MOC-R4PCC04U05:717195:718036 [2] NCCL INFO Connected to proxy localRank 2 -> connection 0x7fdcc4005bd8
MOC-R4PCC04U05:717195:717401 [2] NCCL INFO New proxy recv connection 28 from local rank 2, transport 0
MOC-R4PCC04U05:717195:718036 [2] NCCL INFO Connected to proxy localRank 2 -> connection 0x7fdcc4005c50
MOC-R4PCC04U05:717195:717401 [2] NCCL INFO New proxy recv connection 29 from local rank 2, transport 0
MOC-R4PCC04U05:717195:718036 [2] NCCL INFO Connected to proxy localRank 2 -> connection 0x7fdcc4005cc8
MOC-R4PCC04U05:717196:717402 [3] NCCL INFO New proxy send connection 17 from local rank 2, transport 0
MOC-R4PCC04U05:717195:718036 [2] NCCL INFO Connected to proxy localRank 3 -> connection 0x7f6430005728
MOC-R4PCC04U05:717195:717401 [2] NCCL INFO NET/IB: NCCL Dev 1 IbDev 0 Port 1 qpn 11822 mtu 3 query_ece={supported=1, vendor_id=0x15b3, options=0x30000002, comp_mask=0x0} GID 3 (0/C132A8C0FFFF0000) fifoRkey=0x179c5b fifoLkey=0x179c5b
MOC-R4PCC04U05:717195:717401 [2] NCCL INFO NET/IB: NCCL Dev 1 IbDev 0 Port 1 qpn 11825 mtu 3 query_ece={supported=1, vendor_id=0x15b3, options=0x30000002, comp_mask=0x0} GID 3 (0/C132A8C0FFFF0000) fifoRkey=0x17c584 fifoLkey=0x17c584
MOC-R4PCC04U05:717195:717401 [2] NCCL INFO NET/IB: IbDev 0 Port 1 qpn 9675 set_ece={supported=1, vendor_id=0x15b3, options=0x0, comp_mask=0x0}
MOC-R4PCC04U05:717195:717401 [2] NCCL INFO NET/IB: NCCL Dev 1 IbDev 0 Port 1 qpn 11826 mtu 3 query_ece={supported=1, vendor_id=0x15b3, options=0x30000002, comp_mask=0x0} GID 3 (0/C132A8C0FFFF0000) fifoRkey=0x17b372 fifoLkey=0x17b372
MOC-R4PCC04U05:717195:717401 [2] NCCL INFO NET/IB: NCCL Dev 1 IbDev 0 Port 1 qpn 11827 mtu 3 query_ece={supported=1, vendor_id=0x15b3, options=0x30000002, comp_mask=0x0} GID 3 (0/C132A8C0FFFF0000) fifoRkey=0x177837 fifoLkey=0x177837
MOC-R4PCC04U05:717195:717401 [2] NCCL INFO NET/IB: IbDev 0 Port 1 qpn 9680 set_ece={supported=1, vendor_id=0x15b3, options=0x0, comp_mask=0x0}
MOC-R4PCC04U05:717195:717401 [2] NCCL INFO NET/IB: IbDev 0 Port 1 qpn 12237 set_ece={supported=1, vendor_id=0x15b3, options=0x0, comp_mask=0x0}
MOC-R4PCC04U05:717195:717401 [2] NCCL INFO NET/IB: IbDev 0 Port 1 qpn 12240 set_ece={supported=1, vendor_id=0x15b3, options=0x0, comp_mask=0x0}
step    1/10 | train loss 11.009806 | norm 15.3617 | lr 1.00e-04 | (14156.63 ms | 148139 tok/s)
step    2/10 | train loss 10.138540 | norm 5.7423 | lr 1.00e-04 | (383.50 ms | 5468517 tok/s)
step    3/10 | train loss 9.797912 | norm 2.6066 | lr 1.00e-04 | (435.09 ms | 4820097 tok/s)
step    4/10 | train loss 9.628580 | norm 2.1114 | lr 1.00e-04 | (380.24 ms | 5515293 tok/s)
step    5/10 | train loss 9.545595 | norm 2.1044 | lr 1.00e-04 | (419.89 ms | 4994568 tok/s)
step    6/10 | train loss 9.464417 | norm 1.9969 | lr 1.00e-04 | (380.95 ms | 5505128 tok/s)
step    7/10 | train loss 9.378775 | norm 1.9478 | lr 1.00e-04 | (463.12 ms | 4528280 tok/s)
step    8/10 | train loss 9.286812 | norm 1.9138 | lr 1.00e-04 | (374.74 ms | 5596341 tok/s)
step    9/10 | train loss 9.191308 | norm 1.8553 | lr 1.00e-04 | (378.95 ms | 5534076 tok/s)
step   10/10 | train loss 9.107037 | norm 1.7972 | lr 1.00e-04 | (379.63 ms | 5524140 tok/s)
final 9 iters avg: 399.567ms
peak memory consumption: 16601 MiB
