Running pytorch 2.7.0+cu126
using device: cuda:0
total desired batch size: 393216
=> calculated gradient accumulation steps: 1
using device: cuda:2
using device: cuda:1
using device: cuda:3
compiling the model...
DataLoader: total number of tokens: 1,661,249,667 across 103 files
MOC-R4PCC04U05:511379:511379 [0] NCCL INFO NCCL_SOCKET_IFNAME set to eno7np0
MOC-R4PCC04U05:511379:511379 [0] NCCL INFO NCCL version 2.26.2+cuda12.2
MOC-R4PCC04U05:511381:511381 [2] NCCL INFO NCCL_SOCKET_IFNAME set to eno7np0
MOC-R4PCC04U05:511381:511381 [2] NCCL INFO NCCL version 2.26.2+cuda12.2
MOC-R4PCC04U05:511379:511483 [0] NCCL INFO NET/Plugin: Could not find: libnccl-net.so. Using internal net plugin.
MOC-R4PCC04U05:511379:511483 [0] NCCL INFO NCCL_IB_HCA set to mlx5_5
MOC-R4PCC04U05:511382:511382 [3] NCCL INFO NCCL_SOCKET_IFNAME set to eno7np0
MOC-R4PCC04U05:511382:511382 [3] NCCL INFO NCCL version 2.26.2+cuda12.2
MOC-R4PCC04U05:511380:511380 [1] NCCL INFO NCCL_SOCKET_IFNAME set to eno7np0
MOC-R4PCC04U05:511380:511380 [1] NCCL INFO NCCL version 2.26.2+cuda12.2
MOC-R4PCC04U05:511379:511483 [0] NCCL INFO NET/IB : Made virtual device [0] name=mlx5_5 speed=400000 ndevs=1
MOC-R4PCC04U05:511379:511483 [0] NCCL INFO NET/IB : Using [0]mlx5_5:1/RoCE [RO]; OOB eno7np0:192.168.50.193<0>
MOC-R4PCC04U05:511381:511505 [2] NCCL INFO NET/Plugin: Could not find: libnccl-net.so. Using internal net plugin.
MOC-R4PCC04U05:511381:511505 [2] NCCL INFO NCCL_IB_HCA set to mlx5_5
MOC-R4PCC04U05:511382:511506 [3] NCCL INFO NET/Plugin: Could not find: libnccl-net.so. Using internal net plugin.
MOC-R4PCC04U05:511382:511506 [3] NCCL INFO NCCL_IB_HCA set to mlx5_5
MOC-R4PCC04U05:511380:511507 [1] NCCL INFO NET/Plugin: Could not find: libnccl-net.so. Using internal net plugin.
MOC-R4PCC04U05:511380:511507 [1] NCCL INFO NCCL_IB_HCA set to mlx5_5
MOC-R4PCC04U05:511381:511505 [2] NCCL INFO NET/IB : Made virtual device [0] name=mlx5_5 speed=400000 ndevs=1
MOC-R4PCC04U05:511381:511505 [2] NCCL INFO NET/IB : Using [0]mlx5_5:1/RoCE [RO]; OOB eno7np0:192.168.50.193<0>
MOC-R4PCC04U05:511382:511506 [3] NCCL INFO NET/IB : Made virtual device [0] name=mlx5_5 speed=400000 ndevs=1
MOC-R4PCC04U05:511382:511506 [3] NCCL INFO NET/IB : Using [0]mlx5_5:1/RoCE [RO]; OOB eno7np0:192.168.50.193<0>
MOC-R4PCC04U05:511380:511507 [1] NCCL INFO NET/IB : Made virtual device [0] name=mlx5_5 speed=400000 ndevs=1
MOC-R4PCC04U05:511380:511507 [1] NCCL INFO NET/IB : Using [0]mlx5_5:1/RoCE [RO]; OOB eno7np0:192.168.50.193<0>
MOC-R4PCC04U05:511379:511483 [0] NCCL INFO NET/IB : GPU Direct RDMA Enabled for HCA 0 'mlx5_5'
MOC-R4PCC04U05:511379:511483 [0] NCCL INFO NET/IB : Made virtual device [1] name=mlx5_5 speed=400000 ndevs=1
MOC-R4PCC04U05:511379:511483 [0] NCCL INFO NET/IB : GPU Direct RDMA Enabled for HCA 0 'mlx5_5'
MOC-R4PCC04U05:511379:511483 [0] NCCL INFO NET/IB : GPU Direct RDMA Enabled for HCA 1 'mlx5_5'
MOC-R4PCC04U05:511382:511506 [3] NCCL INFO NET/IB : GPU Direct RDMA Enabled for HCA 0 'mlx5_5'
MOC-R4PCC04U05:511382:511506 [3] NCCL INFO NET/IB : Made virtual device [1] name=mlx5_5 speed=400000 ndevs=1
MOC-R4PCC04U05:511382:511506 [3] NCCL INFO NET/IB : GPU Direct RDMA Enabled for HCA 0 'mlx5_5'
MOC-R4PCC04U05:511382:511506 [3] NCCL INFO NET/IB : GPU Direct RDMA Enabled for HCA 1 'mlx5_5'
MOC-R4PCC04U05:511380:511507 [1] NCCL INFO NET/IB : GPU Direct RDMA Enabled for HCA 0 'mlx5_5'
MOC-R4PCC04U05:511380:511507 [1] NCCL INFO NET/IB : Made virtual device [1] name=mlx5_5 speed=400000 ndevs=1
MOC-R4PCC04U05:511380:511507 [1] NCCL INFO NET/IB : GPU Direct RDMA Enabled for HCA 0 'mlx5_5'
MOC-R4PCC04U05:511380:511507 [1] NCCL INFO NET/IB : GPU Direct RDMA Enabled for HCA 1 'mlx5_5'
MOC-R4PCC04U05:511381:511505 [2] NCCL INFO NET/IB : GPU Direct RDMA Enabled for HCA 0 'mlx5_5'
MOC-R4PCC04U05:511381:511505 [2] NCCL INFO NET/IB : Made virtual device [1] name=mlx5_5 speed=400000 ndevs=1
MOC-R4PCC04U05:511381:511505 [2] NCCL INFO NET/IB : GPU Direct RDMA Enabled for HCA 0 'mlx5_5'
MOC-R4PCC04U05:511381:511505 [2] NCCL INFO NET/IB : GPU Direct RDMA Enabled for HCA 1 'mlx5_5'
MOC-R4PCC04U05:511379:511483 [0] NCCL INFO NCCL_NET_GDR_LEVEL set by environment to LOC
MOC-R4PCC04U05:511379:511483 [0] NCCL INFO GPU Direct RDMA Disabled for GPU 0 / HCA 1 (distance 5 > 0)
MOC-R4PCC04U05:511379:511483 [0] NCCL INFO GPU Direct RDMA Disabled for GPU 1 / HCA 1 (distance 5 > 0)
MOC-R4PCC04U05:511379:511483 [0] NCCL INFO GPU Direct RDMA Disabled for GPU 2 / HCA 1 (distance 5 > 0)
MOC-R4PCC04U05:511379:511483 [0] NCCL INFO GPU Direct RDMA Disabled for GPU 0 / HCA 1 (distance 5 > 0)
MOC-R4PCC04U05:511379:511483 [0] NCCL INFO GPU Direct RDMA Disabled for GPU 1 / HCA 1 (distance 5 > 0)
MOC-R4PCC04U05:511379:511483 [0] NCCL INFO GPU Direct RDMA Disabled for GPU 2 / HCA 1 (distance 5 > 0)
MOC-R4PCC04U05:511380:511507 [1] NCCL INFO NCCL_NET_GDR_LEVEL set by environment to LOC
MOC-R4PCC04U05:511380:511507 [1] NCCL INFO GPU Direct RDMA Disabled for GPU 0 / HCA 1 (distance 5 > 0)
MOC-R4PCC04U05:511380:511507 [1] NCCL INFO GPU Direct RDMA Disabled for GPU 1 / HCA 1 (distance 5 > 0)
MOC-R4PCC04U05:511380:511507 [1] NCCL INFO GPU Direct RDMA Disabled for GPU 2 / HCA 1 (distance 5 > 0)
MOC-R4PCC04U05:511380:511507 [1] NCCL INFO GPU Direct RDMA Disabled for GPU 0 / HCA 1 (distance 5 > 0)
MOC-R4PCC04U05:511380:511507 [1] NCCL INFO GPU Direct RDMA Disabled for GPU 1 / HCA 1 (distance 5 > 0)
MOC-R4PCC04U05:511380:511507 [1] NCCL INFO GPU Direct RDMA Disabled for GPU 2 / HCA 1 (distance 5 > 0)
MOC-R4PCC04U05:511381:511505 [2] NCCL INFO NCCL_NET_GDR_LEVEL set by environment to LOC
MOC-R4PCC04U05:511381:511505 [2] NCCL INFO GPU Direct RDMA Disabled for GPU 0 / HCA 1 (distance 5 > 0)
MOC-R4PCC04U05:511381:511505 [2] NCCL INFO GPU Direct RDMA Disabled for GPU 1 / HCA 1 (distance 5 > 0)
MOC-R4PCC04U05:511381:511505 [2] NCCL INFO GPU Direct RDMA Disabled for GPU 2 / HCA 1 (distance 5 > 0)
MOC-R4PCC04U05:511381:511505 [2] NCCL INFO GPU Direct RDMA Disabled for GPU 0 / HCA 1 (distance 5 > 0)
MOC-R4PCC04U05:511381:511505 [2] NCCL INFO GPU Direct RDMA Disabled for GPU 1 / HCA 1 (distance 5 > 0)
MOC-R4PCC04U05:511381:511505 [2] NCCL INFO GPU Direct RDMA Disabled for GPU 2 / HCA 1 (distance 5 > 0)
MOC-R4PCC04U05:511382:511506 [3] NCCL INFO NCCL_NET_GDR_LEVEL set by environment to LOC
MOC-R4PCC04U05:511382:511506 [3] NCCL INFO GPU Direct RDMA Disabled for GPU 0 / HCA 1 (distance 5 > 0)
MOC-R4PCC04U05:511382:511506 [3] NCCL INFO GPU Direct RDMA Disabled for GPU 1 / HCA 1 (distance 5 > 0)
MOC-R4PCC04U05:511382:511506 [3] NCCL INFO GPU Direct RDMA Disabled for GPU 2 / HCA 1 (distance 5 > 0)
MOC-R4PCC04U05:511382:511506 [3] NCCL INFO GPU Direct RDMA Disabled for GPU 0 / HCA 1 (distance 5 > 0)
MOC-R4PCC04U05:511382:511506 [3] NCCL INFO GPU Direct RDMA Disabled for GPU 1 / HCA 1 (distance 5 > 0)
MOC-R4PCC04U05:511382:511506 [3] NCCL INFO GPU Direct RDMA Disabled for GPU 2 / HCA 1 (distance 5 > 0)
MOC-R4PCC04U05:511380:511520 [1] NCCL INFO New proxy recv connection 0 from local rank 1, transport 0
MOC-R4PCC04U05:511380:511528 [1] NCCL INFO Connected to proxy localRank 1 -> connection 0x7efc74004f30
MOC-R4PCC04U05:511379:511521 [0] NCCL INFO New proxy send connection 0 from local rank 0, transport 0
MOC-R4PCC04U05:511379:511529 [0] NCCL INFO Connected to proxy localRank 0 -> connection 0x7f02bc004f30
MOC-R4PCC04U05:511382:511522 [3] NCCL INFO New proxy recv connection 0 from local rank 3, transport 0
MOC-R4PCC04U05:511382:511530 [3] NCCL INFO Connected to proxy localRank 3 -> connection 0x7fa278004f30
MOC-R4PCC04U05:511380:511520 [1] NCCL INFO New proxy recv connection 1 from local rank 1, transport 0
MOC-R4PCC04U05:511380:511528 [1] NCCL INFO Connected to proxy localRank 1 -> connection 0x7efc74004fa8
MOC-R4PCC04U05:511379:511521 [0] NCCL INFO New proxy send connection 1 from local rank 0, transport 0
MOC-R4PCC04U05:511382:511522 [3] NCCL INFO New proxy recv connection 1 from local rank 3, transport 0
MOC-R4PCC04U05:511379:511529 [0] NCCL INFO Connected to proxy localRank 0 -> connection 0x7f02bc004fa8
MOC-R4PCC04U05:511382:511530 [3] NCCL INFO Connected to proxy localRank 3 -> connection 0x7fa278004fa8
MOC-R4PCC04U05:511382:511530 [3] NCCL INFO GPU Direct RDMA Disabled for GPU 3 / HCA 1 (distance 7 > 0)
MOC-R4PCC04U05:511381:511523 [2] NCCL INFO New proxy recv connection 0 from local rank 2, transport 0
MOC-R4PCC04U05:511381:511531 [2] NCCL INFO Connected to proxy localRank 2 -> connection 0x7f9330004f30
MOC-R4PCC04U05:511381:511523 [2] NCCL INFO New proxy recv connection 1 from local rank 2, transport 0
MOC-R4PCC04U05:511381:511531 [2] NCCL INFO Connected to proxy localRank 2 -> connection 0x7f9330004fa8
MOC-R4PCC04U05:511381:511531 [2] NCCL INFO GPU Direct RDMA Disabled for GPU 2 / HCA 1 (distance 7 > 0)
MOC-R4PCC04U05:511379:511521 [0] NCCL INFO New proxy send connection 2 from local rank 0, transport 0
MOC-R4PCC04U05:511379:511529 [0] NCCL INFO Connected to proxy localRank 0 -> connection 0x7f02bc005020
MOC-R4PCC04U05:511379:511521 [0] NCCL INFO New proxy send connection 3 from local rank 0, transport 0
MOC-R4PCC04U05:511379:511529 [0] NCCL INFO Connected to proxy localRank 0 -> connection 0x7f02bc005098
MOC-R4PCC04U05:511382:511522 [3] NCCL INFO New proxy send connection 2 from local rank 3, transport 2
MOC-R4PCC04U05:511382:511530 [3] NCCL INFO Connected to proxy localRank 3 -> connection 0x7fa278005020
MOC-R4PCC04U05:511382:511530 [3] NCCL INFO Channel 00/0 : 3[3] -> 6[2] [send] via NET/IB/1
MOC-R4PCC04U05:511382:511530 [3] NCCL INFO GPU Direct RDMA Disabled for GPU 3 / HCA 1 (distance 7 > 0)
MOC-R4PCC04U05:511382:511522 [3] NCCL INFO New proxy send connection 3 from local rank 3, transport 2
MOC-R4PCC04U05:511382:511530 [3] NCCL INFO Connected to proxy localRank 3 -> connection 0x7fa278005098
MOC-R4PCC04U05:511382:511530 [3] NCCL INFO Channel 02/0 : 3[3] -> 6[2] [send] via NET/IB/1
MOC-R4PCC04U05:511379:511521 [0] NCCL INFO New proxy recv connection 4 from local rank 0, transport 0
MOC-R4PCC04U05:511379:511529 [0] NCCL INFO Connected to proxy localRank 0 -> connection 0x7f02bc005110
MOC-R4PCC04U05:511381:511523 [2] NCCL INFO New proxy recv connection 2 from local rank 2, transport 2
MOC-R4PCC04U05:511381:511531 [2] NCCL INFO Connected to proxy localRank 2 -> connection 0x7f9330005020
MOC-R4PCC04U05:511381:511531 [2] NCCL INFO Channel 00/0 : 11[3] -> 2[2] [receive] via NET/IB/1
MOC-R4PCC04U05:511381:511531 [2] NCCL INFO GPU Direct RDMA Disabled for GPU 2 / HCA 1 (distance 7 > 0)
MOC-R4PCC04U05:511381:511523 [2] NCCL INFO New proxy recv connection 3 from local rank 2, transport 2
MOC-R4PCC04U05:511381:511531 [2] NCCL INFO Connected to proxy localRank 2 -> connection 0x7f9330005098
MOC-R4PCC04U05:511381:511531 [2] NCCL INFO Channel 02/0 : 11[3] -> 2[2] [receive] via NET/IB/1
MOC-R4PCC04U05:511382:511530 [3] NCCL INFO GPU Direct RDMA Disabled for GPU 3 / HCA 1 (distance 7 > 0)
MOC-R4PCC04U05:511382:511522 [3] NCCL INFO New proxy recv connection 4 from local rank 3, transport 2
MOC-R4PCC04U05:511382:511530 [3] NCCL INFO Connected to proxy localRank 3 -> connection 0x7fa278005110
MOC-R4PCC04U05:511382:511530 [3] NCCL INFO Channel 01/0 : 10[2] -> 3[3] [receive] via NET/IB/1
MOC-R4PCC04U05:511382:511530 [3] NCCL INFO GPU Direct RDMA Disabled for GPU 3 / HCA 1 (distance 7 > 0)
MOC-R4PCC04U05:511382:511522 [3] NCCL INFO New proxy recv connection 5 from local rank 3, transport 2
MOC-R4PCC04U05:511382:511530 [3] NCCL INFO Connected to proxy localRank 3 -> connection 0x7fa278005188
MOC-R4PCC04U05:511382:511530 [3] NCCL INFO Channel 03/0 : 10[2] -> 3[3] [receive] via NET/IB/1
MOC-R4PCC04U05:511379:511521 [0] NCCL INFO New proxy recv connection 5 from local rank 0, transport 0
MOC-R4PCC04U05:511379:511529 [0] NCCL INFO Connected to proxy localRank 0 -> connection 0x7f02bc005188
MOC-R4PCC04U05:511379:511521 [0] NCCL INFO New proxy recv connection 6 from local rank 0, transport 0
MOC-R4PCC04U05:511379:511529 [0] NCCL INFO Connected to proxy localRank 0 -> connection 0x7f02bc005200
MOC-R4PCC04U05:511379:511521 [0] NCCL INFO New proxy recv connection 7 from local rank 0, transport 0
MOC-R4PCC04U05:511379:511529 [0] NCCL INFO Connected to proxy localRank 0 -> connection 0x7f02bc005278
MOC-R4PCC04U05:511382:511522 [3] NCCL INFO New proxy send connection 6 from local rank 3, transport 0
MOC-R4PCC04U05:511382:511530 [3] NCCL INFO Connected to proxy localRank 3 -> connection 0x7fa278005200
MOC-R4PCC04U05:511381:511531 [2] NCCL INFO GPU Direct RDMA Disabled for GPU 2 / HCA 1 (distance 7 > 0)
MOC-R4PCC04U05:511381:511523 [2] NCCL INFO New proxy send connection 4 from local rank 2, transport 2
MOC-R4PCC04U05:511381:511531 [2] NCCL INFO Connected to proxy localRank 2 -> connection 0x7f9330005110
MOC-R4PCC04U05:511381:511531 [2] NCCL INFO Channel 01/0 : 2[2] -> 7[3] [send] via NET/IB/1
MOC-R4PCC04U05:511381:511531 [2] NCCL INFO GPU Direct RDMA Disabled for GPU 2 / HCA 1 (distance 7 > 0)
MOC-R4PCC04U05:511381:511523 [2] NCCL INFO New proxy send connection 5 from local rank 2, transport 2
MOC-R4PCC04U05:511381:511531 [2] NCCL INFO Connected to proxy localRank 2 -> connection 0x7f9330005188
MOC-R4PCC04U05:511381:511531 [2] NCCL INFO Channel 03/0 : 2[2] -> 7[3] [send] via NET/IB/1
MOC-R4PCC04U05:511381:511523 [2] NCCL INFO New proxy send connection 6 from local rank 2, transport 0
MOC-R4PCC04U05:511381:511531 [2] NCCL INFO Connected to proxy localRank 2 -> connection 0x7f9330005200
MOC-R4PCC04U05:511381:511523 [2] NCCL INFO New proxy send connection 7 from local rank 2, transport 0
MOC-R4PCC04U05:511381:511531 [2] NCCL INFO Connected to proxy localRank 2 -> connection 0x7f9330005278
MOC-R4PCC04U05:511382:511522 [3] NCCL INFO New proxy send connection 7 from local rank 3, transport 0
MOC-R4PCC04U05:511382:511530 [3] NCCL INFO Connected to proxy localRank 3 -> connection 0x7fa278005278
MOC-R4PCC04U05:511380:511520 [1] NCCL INFO New proxy recv connection 2 from local rank 1, transport 0
MOC-R4PCC04U05:511380:511528 [1] NCCL INFO Connected to proxy localRank 1 -> connection 0x7efc74005020
MOC-R4PCC04U05:511379:511521 [0] NCCL INFO New proxy send connection 8 from local rank 3, transport 0
MOC-R4PCC04U05:511382:511530 [3] NCCL INFO Connected to proxy localRank 0 -> connection 0x7f02bc0052f0
MOC-R4PCC04U05:511380:511520 [1] NCCL INFO New proxy recv connection 3 from local rank 1, transport 0
MOC-R4PCC04U05:511380:511528 [1] NCCL INFO Connected to proxy localRank 1 -> connection 0x7efc74005098
MOC-R4PCC04U05:511380:511520 [1] NCCL INFO New proxy send connection 4 from local rank 1, transport 0
MOC-R4PCC04U05:511380:511528 [1] NCCL INFO Connected to proxy localRank 1 -> connection 0x7efc74005110
MOC-R4PCC04U05:511380:511520 [1] NCCL INFO New proxy send connection 5 from local rank 1, transport 0
MOC-R4PCC04U05:511380:511528 [1] NCCL INFO Connected to proxy localRank 1 -> connection 0x7efc74005188
MOC-R4PCC04U05:511380:511520 [1] NCCL INFO New proxy send connection 6 from local rank 1, transport 0
MOC-R4PCC04U05:511380:511528 [1] NCCL INFO Connected to proxy localRank 1 -> connection 0x7efc74005200
MOC-R4PCC04U05:511380:511520 [1] NCCL INFO New proxy send connection 7 from local rank 1, transport 0
MOC-R4PCC04U05:511380:511528 [1] NCCL INFO Connected to proxy localRank 1 -> connection 0x7efc74005278
MOC-R4PCC04U05:511380:511520 [1] NCCL INFO New proxy send connection 8 from local rank 3, transport 0
MOC-R4PCC04U05:511382:511530 [3] NCCL INFO Connected to proxy localRank 1 -> connection 0x7efc740052f0
MOC-R4PCC04U05:511382:511522 [3] NCCL INFO New proxy send connection 8 from local rank 1, transport 0
MOC-R4PCC04U05:511379:511521 [0] NCCL INFO New proxy send connection 9 from local rank 2, transport 0
MOC-R4PCC04U05:511380:511528 [1] NCCL INFO Connected to proxy localRank 3 -> connection 0x7fa2780052f0
MOC-R4PCC04U05:511381:511531 [2] NCCL INFO Connected to proxy localRank 0 -> connection 0x7f02bc005368
MOC-R4PCC04U05:511381:511523 [2] NCCL INFO New proxy send connection 8 from local rank 0, transport 0
MOC-R4PCC04U05:511379:511529 [0] NCCL INFO Connected to proxy localRank 2 -> connection 0x7f93300052f0
MOC-R4PCC04U05:511380:511520 [1] NCCL INFO New proxy send connection 9 from local rank 2, transport 0
MOC-R4PCC04U05:511381:511531 [2] NCCL INFO Connected to proxy localRank 1 -> connection 0x7efc74005368
MOC-R4PCC04U05:511382:511522 [3] NCCL INFO New proxy send connection 9 from local rank 0, transport 0
MOC-R4PCC04U05:511379:511529 [0] NCCL INFO Connected to proxy localRank 3 -> connection 0x7fa278005368
MOC-R4PCC04U05:511379:511521 [0] NCCL INFO New proxy send connection 10 from local rank 1, transport 0
MOC-R4PCC04U05:511380:511528 [1] NCCL INFO Connected to proxy localRank 0 -> connection 0x7f02bc0053e0
MOC-R4PCC04U05:511381:511523 [2] NCCL INFO NET/IB: NCCL Dev 1 IbDev 0 Port 1 qpn 7810 mtu 3 query_ece={supported=1, vendor_id=0x15b3, options=0x30000002, comp_mask=0x0} GID 3 (0/C132A8C0FFFF0000) fifoRkey=0x178443 fifoLkey=0x178443
MOC-R4PCC04U05:511381:511523 [2] NCCL INFO NET/IB: NCCL Dev 1 IbDev 0 Port 1 qpn 7811 mtu 3 query_ece={supported=1, vendor_id=0x15b3, options=0x30000002, comp_mask=0x0} GID 3 (0/C132A8C0FFFF0000) fifoRkey=0x172eed fifoLkey=0x172eed
MOC-R4PCC04U05:511381:511523 [2] NCCL INFO NET/IB: IbDev 0 Port 1 qpn 7888 set_ece={supported=1, vendor_id=0x15b3, options=0x0, comp_mask=0x0}
MOC-R4PCC04U05:511381:511523 [2] NCCL INFO NET/IB: IbDev 0 Port 1 qpn 7890 set_ece={supported=1, vendor_id=0x15b3, options=0x0, comp_mask=0x0}
MOC-R4PCC04U05:511382:511522 [3] NCCL INFO NET/IB: NCCL Dev 1 IbDev 0 Port 1 qpn 7812 mtu 3 query_ece={supported=1, vendor_id=0x15b3, options=0x30000002, comp_mask=0x0} GID 3 (0/C132A8C0FFFF0000) fifoRkey=0x177837 fifoLkey=0x177837
MOC-R4PCC04U05:511382:511522 [3] NCCL INFO NET/IB: NCCL Dev 1 IbDev 0 Port 1 qpn 7813 mtu 3 query_ece={supported=1, vendor_id=0x15b3, options=0x30000002, comp_mask=0x0} GID 3 (0/C132A8C0FFFF0000) fifoRkey=0x175412 fifoLkey=0x175412
MOC-R4PCC04U05:511382:511522 [3] NCCL INFO NET/IB: IbDev 0 Port 1 qpn 7892 set_ece={supported=1, vendor_id=0x15b3, options=0x0, comp_mask=0x0}
MOC-R4PCC04U05:511382:511522 [3] NCCL INFO NET/IB: IbDev 0 Port 1 qpn 7894 set_ece={supported=1, vendor_id=0x15b3, options=0x0, comp_mask=0x0}
MOC-R4PCC04U05:511381:511523 [2] NCCL INFO New proxy send connection 9 from local rank 1, transport 0
MOC-R4PCC04U05:511380:511528 [1] NCCL INFO Connected to proxy localRank 2 -> connection 0x7f9330005368
MOC-R4PCC04U05:511380:511520 [1] NCCL INFO New proxy send connection 10 from local rank 0, transport 0
MOC-R4PCC04U05:511379:511529 [0] NCCL INFO Connected to proxy localRank 1 -> connection 0x7efc740053e0
num decayed parameter tensors: 50, with 124,318,464 parameters
num non-decayed parameter tensors: 98, with 121,344 parameters
using fused AdamW: False
using regular AdamW
MOC-R4PCC04U05:511380:511520 [1] NCCL INFO New proxy recv connection 11 from local rank 1, transport 0
MOC-R4PCC04U05:511380:512222 [1] NCCL INFO Connected to proxy localRank 1 -> connection 0x7efc74005458
MOC-R4PCC04U05:511380:511520 [1] NCCL INFO New proxy recv connection 12 from local rank 1, transport 0
MOC-R4PCC04U05:511380:512222 [1] NCCL INFO Connected to proxy localRank 1 -> connection 0x7efc740054d0
MOC-R4PCC04U05:511380:511520 [1] NCCL INFO New proxy recv connection 13 from local rank 1, transport 0
MOC-R4PCC04U05:511380:512222 [1] NCCL INFO Connected to proxy localRank 1 -> connection 0x7efc74005548
MOC-R4PCC04U05:511380:511520 [1] NCCL INFO New proxy recv connection 14 from local rank 1, transport 0
MOC-R4PCC04U05:511380:512222 [1] NCCL INFO Connected to proxy localRank 1 -> connection 0x7efc740055c0
MOC-R4PCC04U05:511380:511520 [1] NCCL INFO New proxy send connection 15 from local rank 1, transport 0
MOC-R4PCC04U05:511380:512222 [1] NCCL INFO Connected to proxy localRank 1 -> connection 0x7efc74005638
MOC-R4PCC04U05:511380:511520 [1] NCCL INFO New proxy send connection 16 from local rank 1, transport 0
MOC-R4PCC04U05:511380:512222 [1] NCCL INFO Connected to proxy localRank 1 -> connection 0x7efc740056b0
MOC-R4PCC04U05:511380:511520 [1] NCCL INFO New proxy send connection 17 from local rank 1, transport 0
MOC-R4PCC04U05:511380:512222 [1] NCCL INFO Connected to proxy localRank 1 -> connection 0x7efc74005728
MOC-R4PCC04U05:511380:511520 [1] NCCL INFO New proxy send connection 18 from local rank 1, transport 0
MOC-R4PCC04U05:511380:512222 [1] NCCL INFO Connected to proxy localRank 1 -> connection 0x7efc740057a0
MOC-R4PCC04U05:511382:511522 [3] NCCL INFO New proxy recv connection 10 from local rank 3, transport 0
MOC-R4PCC04U05:511382:512223 [3] NCCL INFO Connected to proxy localRank 3 -> connection 0x7fa2780053e0
MOC-R4PCC04U05:511382:511522 [3] NCCL INFO New proxy recv connection 11 from local rank 3, transport 0
MOC-R4PCC04U05:511382:512223 [3] NCCL INFO Connected to proxy localRank 3 -> connection 0x7fa278005458
MOC-R4PCC04U05:511381:511523 [2] NCCL INFO New proxy recv connection 10 from local rank 2, transport 0
MOC-R4PCC04U05:511381:512224 [2] NCCL INFO Connected to proxy localRank 2 -> connection 0x7f93300053e0
MOC-R4PCC04U05:511381:511523 [2] NCCL INFO New proxy recv connection 11 from local rank 2, transport 0
MOC-R4PCC04U05:511381:512224 [2] NCCL INFO Connected to proxy localRank 2 -> connection 0x7f9330005458
MOC-R4PCC04U05:511381:511523 [2] NCCL INFO New proxy recv connection 12 from local rank 2, transport 0
MOC-R4PCC04U05:511381:512224 [2] NCCL INFO Connected to proxy localRank 2 -> connection 0x7f93300054d0
MOC-R4PCC04U05:511381:511523 [2] NCCL INFO New proxy recv connection 13 from local rank 2, transport 0
MOC-R4PCC04U05:511381:512224 [2] NCCL INFO Connected to proxy localRank 2 -> connection 0x7f9330005548
MOC-R4PCC04U05:511381:511523 [2] NCCL INFO New proxy send connection 14 from local rank 2, transport 0
MOC-R4PCC04U05:511381:512224 [2] NCCL INFO Connected to proxy localRank 2 -> connection 0x7f93300055c0
MOC-R4PCC04U05:511381:511523 [2] NCCL INFO New proxy send connection 15 from local rank 2, transport 0
MOC-R4PCC04U05:511381:512224 [2] NCCL INFO Connected to proxy localRank 2 -> connection 0x7f9330005638
MOC-R4PCC04U05:511379:511521 [0] NCCL INFO New proxy send connection 11 from local rank 0, transport 0
MOC-R4PCC04U05:511379:512225 [0] NCCL INFO Connected to proxy localRank 0 -> connection 0x7f02bc005458
MOC-R4PCC04U05:511379:511521 [0] NCCL INFO New proxy send connection 12 from local rank 0, transport 0
MOC-R4PCC04U05:511379:512225 [0] NCCL INFO Connected to proxy localRank 0 -> connection 0x7f02bc0054d0
MOC-R4PCC04U05:511379:511521 [0] NCCL INFO New proxy send connection 13 from local rank 0, transport 0
MOC-R4PCC04U05:511379:512225 [0] NCCL INFO Connected to proxy localRank 0 -> connection 0x7f02bc005548
MOC-R4PCC04U05:511379:511521 [0] NCCL INFO New proxy send connection 14 from local rank 0, transport 0
MOC-R4PCC04U05:511379:512225 [0] NCCL INFO Connected to proxy localRank 0 -> connection 0x7f02bc0055c0
MOC-R4PCC04U05:511379:511521 [0] NCCL INFO New proxy send connection 15 from local rank 0, transport 0
MOC-R4PCC04U05:511379:512225 [0] NCCL INFO Connected to proxy localRank 0 -> connection 0x7f02bc005638
MOC-R4PCC04U05:511380:511520 [1] NCCL INFO New proxy recv connection 19 from local rank 1, transport 0
MOC-R4PCC04U05:511380:512222 [1] NCCL INFO Connected to proxy localRank 1 -> connection 0x7efc74005818
MOC-R4PCC04U05:511379:511521 [0] NCCL INFO New proxy send connection 16 from local rank 0, transport 0
MOC-R4PCC04U05:511379:512225 [0] NCCL INFO Connected to proxy localRank 0 -> connection 0x7f02bc0056b0
MOC-R4PCC04U05:511380:511520 [1] NCCL INFO New proxy recv connection 20 from local rank 1, transport 0
MOC-R4PCC04U05:511380:512222 [1] NCCL INFO Connected to proxy localRank 1 -> connection 0x7efc74005890
MOC-R4PCC04U05:511379:511521 [0] NCCL INFO New proxy recv connection 17 from local rank 0, transport 0
MOC-R4PCC04U05:511379:512225 [0] NCCL INFO Connected to proxy localRank 0 -> connection 0x7f02bc005728
MOC-R4PCC04U05:511382:512223 [3] NCCL INFO GPU Direct RDMA Disabled for GPU 3 / HCA 1 (distance 7 > 0)
MOC-R4PCC04U05:511382:511522 [3] NCCL INFO New proxy recv connection 12 from local rank 3, transport 2
MOC-R4PCC04U05:511382:512223 [3] NCCL INFO Connected to proxy localRank 3 -> connection 0x7fa2780054d0
MOC-R4PCC04U05:511379:511521 [0] NCCL INFO New proxy recv connection 18 from local rank 0, transport 0
MOC-R4PCC04U05:511382:512223 [3] NCCL INFO Channel 00/0 : 11[3] -> 3[3] [receive] via NET/IB/1
MOC-R4PCC04U05:511382:512223 [3] NCCL INFO GPU Direct RDMA Disabled for GPU 3 / HCA 1 (distance 7 > 0)
MOC-R4PCC04U05:511379:512225 [0] NCCL INFO Connected to proxy localRank 0 -> connection 0x7f02bc0057a0
MOC-R4PCC04U05:511382:511522 [3] NCCL INFO New proxy recv connection 13 from local rank 3, transport 2
MOC-R4PCC04U05:511382:512223 [3] NCCL INFO Connected to proxy localRank 3 -> connection 0x7fa278005548
MOC-R4PCC04U05:511382:512223 [3] NCCL INFO Channel 01/0 : 11[3] -> 3[3] [receive] via NET/IB/1
MOC-R4PCC04U05:511382:512223 [3] NCCL INFO GPU Direct RDMA Disabled for GPU 3 / HCA 1 (distance 7 > 0)
MOC-R4PCC04U05:511382:511522 [3] NCCL INFO New proxy recv connection 14 from local rank 3, transport 2
MOC-R4PCC04U05:511382:512223 [3] NCCL INFO Connected to proxy localRank 3 -> connection 0x7fa2780055c0
MOC-R4PCC04U05:511379:511521 [0] NCCL INFO New proxy recv connection 19 from local rank 0, transport 0
MOC-R4PCC04U05:511379:512225 [0] NCCL INFO Connected to proxy localRank 0 -> connection 0x7f02bc005818
MOC-R4PCC04U05:511382:512223 [3] NCCL INFO Channel 02/0 : 11[3] -> 3[3] [receive] via NET/IB/1
MOC-R4PCC04U05:511382:512223 [3] NCCL INFO GPU Direct RDMA Disabled for GPU 3 / HCA 1 (distance 7 > 0)
MOC-R4PCC04U05:511382:511522 [3] NCCL INFO New proxy recv connection 15 from local rank 3, transport 2
MOC-R4PCC04U05:511382:512223 [3] NCCL INFO Connected to proxy localRank 3 -> connection 0x7fa278005638
MOC-R4PCC04U05:511382:512223 [3] NCCL INFO Channel 03/0 : 11[3] -> 3[3] [receive] via NET/IB/1
MOC-R4PCC04U05:511382:512223 [3] NCCL INFO GPU Direct RDMA Disabled for GPU 3 / HCA 1 (distance 7 > 0)
MOC-R4PCC04U05:511382:511522 [3] NCCL INFO New proxy send connection 16 from local rank 3, transport 2
MOC-R4PCC04U05:511382:512223 [3] NCCL INFO Connected to proxy localRank 3 -> connection 0x7fa2780056b0
MOC-R4PCC04U05:511382:512223 [3] NCCL INFO Channel 02/0 : 3[3] -> 7[3] [send] via NET/IB/1
MOC-R4PCC04U05:511382:512223 [3] NCCL INFO GPU Direct RDMA Disabled for GPU 3 / HCA 1 (distance 7 > 0)
MOC-R4PCC04U05:511382:511522 [3] NCCL INFO New proxy send connection 17 from local rank 3, transport 2
MOC-R4PCC04U05:511382:512223 [3] NCCL INFO Connected to proxy localRank 3 -> connection 0x7fa278005728
MOC-R4PCC04U05:511382:512223 [3] NCCL INFO Channel 03/0 : 3[3] -> 7[3] [send] via NET/IB/1
MOC-R4PCC04U05:511379:511521 [0] NCCL INFO New proxy recv connection 20 from local rank 0, transport 0
MOC-R4PCC04U05:511379:512225 [0] NCCL INFO Connected to proxy localRank 0 -> connection 0x7f02bc005890
MOC-R4PCC04U05:511382:512223 [3] NCCL INFO GPU Direct RDMA Disabled for GPU 3 / HCA 1 (distance 7 > 0)
MOC-R4PCC04U05:511382:511522 [3] NCCL INFO New proxy recv connection 18 from local rank 3, transport 2
MOC-R4PCC04U05:511382:512223 [3] NCCL INFO Connected to proxy localRank 3 -> connection 0x7fa2780057a0
MOC-R4PCC04U05:511382:512223 [3] NCCL INFO Channel 02/0 : 7[3] -> 3[3] [receive] via NET/IB/1
MOC-R4PCC04U05:511382:512223 [3] NCCL INFO GPU Direct RDMA Disabled for GPU 3 / HCA 1 (distance 7 > 0)
MOC-R4PCC04U05:511382:511522 [3] NCCL INFO New proxy recv connection 19 from local rank 3, transport 2
MOC-R4PCC04U05:511382:512223 [3] NCCL INFO Connected to proxy localRank 3 -> connection 0x7fa278005818
MOC-R4PCC04U05:511382:512223 [3] NCCL INFO Channel 03/0 : 7[3] -> 3[3] [receive] via NET/IB/1
MOC-R4PCC04U05:511382:512223 [3] NCCL INFO GPU Direct RDMA Disabled for GPU 3 / HCA 1 (distance 7 > 0)
MOC-R4PCC04U05:511382:511522 [3] NCCL INFO New proxy send connection 20 from local rank 3, transport 2
MOC-R4PCC04U05:511382:512223 [3] NCCL INFO Connected to proxy localRank 3 -> connection 0x7fa278005890
MOC-R4PCC04U05:511382:512223 [3] NCCL INFO Channel 00/0 : 3[3] -> 11[3] [send] via NET/IB/1
MOC-R4PCC04U05:511382:512223 [3] NCCL INFO GPU Direct RDMA Disabled for GPU 3 / HCA 1 (distance 7 > 0)
MOC-R4PCC04U05:511382:511522 [3] NCCL INFO New proxy send connection 21 from local rank 3, transport 2
MOC-R4PCC04U05:511382:512223 [3] NCCL INFO Connected to proxy localRank 3 -> connection 0x7fa278005908
MOC-R4PCC04U05:511382:512223 [3] NCCL INFO Channel 01/0 : 3[3] -> 11[3] [send] via NET/IB/1
MOC-R4PCC04U05:511382:512223 [3] NCCL INFO GPU Direct RDMA Disabled for GPU 3 / HCA 1 (distance 7 > 0)
MOC-R4PCC04U05:511382:511522 [3] NCCL INFO New proxy send connection 22 from local rank 3, transport 2
MOC-R4PCC04U05:511382:512223 [3] NCCL INFO Connected to proxy localRank 3 -> connection 0x7fa278005980
MOC-R4PCC04U05:511382:512223 [3] NCCL INFO Channel 02/0 : 3[3] -> 11[3] [send] via NET/IB/1
MOC-R4PCC04U05:511382:512223 [3] NCCL INFO GPU Direct RDMA Disabled for GPU 3 / HCA 1 (distance 7 > 0)
MOC-R4PCC04U05:511382:511522 [3] NCCL INFO New proxy send connection 23 from local rank 3, transport 2
MOC-R4PCC04U05:511382:512223 [3] NCCL INFO Connected to proxy localRank 3 -> connection 0x7fa2780059f8
MOC-R4PCC04U05:511382:512223 [3] NCCL INFO Channel 03/0 : 3[3] -> 11[3] [send] via NET/IB/1
MOC-R4PCC04U05:511382:511522 [3] NCCL INFO New proxy send connection 24 from local rank 3, transport 0
MOC-R4PCC04U05:511382:512223 [3] NCCL INFO Connected to proxy localRank 3 -> connection 0x7fa278005a70
MOC-R4PCC04U05:511382:511522 [3] NCCL INFO New proxy send connection 25 from local rank 3, transport 0
MOC-R4PCC04U05:511382:512223 [3] NCCL INFO Connected to proxy localRank 3 -> connection 0x7fa278005ae8
MOC-R4PCC04U05:511382:511522 [3] NCCL INFO New proxy send connection 26 from local rank 3, transport 0
MOC-R4PCC04U05:511382:512223 [3] NCCL INFO Connected to proxy localRank 3 -> connection 0x7fa278005b60
MOC-R4PCC04U05:511382:511522 [3] NCCL INFO New proxy send connection 27 from local rank 3, transport 0
MOC-R4PCC04U05:511382:512223 [3] NCCL INFO Connected to proxy localRank 3 -> connection 0x7fa278005bd8
MOC-R4PCC04U05:511382:511522 [3] NCCL INFO NET/IB: NCCL Dev 1 IbDev 0 Port 1 qpn 7816 mtu 3 query_ece={supported=1, vendor_id=0x15b3, options=0x30000002, comp_mask=0x0} GID 3 (0/C132A8C0FFFF0000) fifoRkey=0x17ecab fifoLkey=0x17ecab
MOC-R4PCC04U05:511382:511522 [3] NCCL INFO NET/IB: NCCL Dev 1 IbDev 0 Port 1 qpn 7817 mtu 3 query_ece={supported=1, vendor_id=0x15b3, options=0x30000002, comp_mask=0x0} GID 3 (0/C132A8C0FFFF0000) fifoRkey=0x17601f fifoLkey=0x17601f
MOC-R4PCC04U05:511382:511522 [3] NCCL INFO NET/IB: IbDev 0 Port 1 qpn 7906 set_ece={supported=1, vendor_id=0x15b3, options=0x0, comp_mask=0x0}
MOC-R4PCC04U05:511382:511522 [3] NCCL INFO NET/IB: IbDev 0 Port 1 qpn 7908 set_ece={supported=1, vendor_id=0x15b3, options=0x0, comp_mask=0x0}
MOC-R4PCC04U05:511382:511522 [3] NCCL INFO NET/IB: NCCL Dev 1 IbDev 0 Port 1 qpn 7826 mtu 3 query_ece={supported=1, vendor_id=0x15b3, options=0x30000002, comp_mask=0x0} GID 3 (0/C132A8C0FFFF0000) fifoRkey=0x1716d5 fifoLkey=0x1716d5
MOC-R4PCC04U05:511382:511522 [3] NCCL INFO NET/IB: NCCL Dev 1 IbDev 0 Port 1 qpn 7827 mtu 3 query_ece={supported=1, vendor_id=0x15b3, options=0x30000002, comp_mask=0x0} GID 3 (0/C132A8C0FFFF0000) fifoRkey=0x17904f fifoLkey=0x17904f
MOC-R4PCC04U05:511382:511522 [3] NCCL INFO NET/IB: NCCL Dev 1 IbDev 0 Port 1 qpn 7828 mtu 3 query_ece={supported=1, vendor_id=0x15b3, options=0x30000002, comp_mask=0x0} GID 3 (0/C132A8C0FFFF0000) fifoRkey=0x173af9 fifoLkey=0x173af9
MOC-R4PCC04U05:511382:511522 [3] NCCL INFO NET/IB: IbDev 0 Port 1 qpn 3738 set_ece={supported=1, vendor_id=0x15b3, options=0x0, comp_mask=0x0}
MOC-R4PCC04U05:511382:511522 [3] NCCL INFO NET/IB: IbDev 0 Port 1 qpn 3740 set_ece={supported=1, vendor_id=0x15b3, options=0x0, comp_mask=0x0}
MOC-R4PCC04U05:511382:511522 [3] NCCL INFO NET/IB: IbDev 0 Port 1 qpn 3742 set_ece={supported=1, vendor_id=0x15b3, options=0x0, comp_mask=0x0}
MOC-R4PCC04U05:511382:511522 [3] NCCL INFO NET/IB: NCCL Dev 1 IbDev 0 Port 1 qpn 7831 mtu 3 query_ece={supported=1, vendor_id=0x15b3, options=0x30000002, comp_mask=0x0} GID 3 (0/C132A8C0FFFF0000) fifoRkey=0x17cb8a fifoLkey=0x17cb8a
MOC-R4PCC04U05:511382:511522 [3] NCCL INFO NET/IB: IbDev 0 Port 1 qpn 3744 set_ece={supported=1, vendor_id=0x15b3, options=0x0, comp_mask=0x0}
step    1/10 | train loss 11.008544 | norm 15.7801 | lr 1.00e-04 | (13825.47 ms | 28441 tok/s)
step    2/10 | train loss 10.118095 | norm 5.8208 | lr 1.00e-04 | (132.30 ms | 2972173 tok/s)
step    3/10 | train loss 9.770418 | norm 2.6297 | lr 1.00e-04 | (134.68 ms | 2919647 tok/s)
step    4/10 | train loss 9.600716 | norm 2.1155 | lr 1.00e-04 | (127.17 ms | 3092071 tok/s)
step    5/10 | train loss 9.517909 | norm 2.1044 | lr 1.00e-04 | (127.05 ms | 3095025 tok/s)
step    6/10 | train loss 9.436636 | norm 1.9994 | lr 1.00e-04 | (128.52 ms | 3059519 tok/s)
step    7/10 | train loss 9.351851 | norm 1.9450 | lr 1.00e-04 | (200.71 ms | 1959169 tok/s)
step    8/10 | train loss 9.262650 | norm 1.9094 | lr 1.00e-04 | (130.68 ms | 3009112 tok/s)
step    9/10 | train loss 9.170660 | norm 1.8626 | lr 1.00e-04 | (135.56 ms | 2900714 tok/s)
step   10/10 | train loss 9.080877 | norm 1.7797 | lr 1.00e-04 | (132.26 ms | 2973062 tok/s)
final 9 iters avg: 138.768ms
peak memory consumption: 16121 MiB
