Running pytorch 2.7.0+cu126
using device: cuda:0
total desired batch size: 524288
=> calculated gradient accumulation steps: 1
using device: cuda:1
using device: cuda:3
using device: cuda:2
compiling the model...
DataLoader: total number of tokens: 1,661,249,667 across 103 files
MOC-R4PCC04U05:735469:735469 [0] NCCL INFO NCCL_SOCKET_IFNAME set to eno7np0
MOC-R4PCC04U05:735469:735469 [0] NCCL INFO NCCL version 2.26.2+cuda12.2
MOC-R4PCC04U05:735470:735470 [1] NCCL INFO NCCL_SOCKET_IFNAME set to eno7np0
MOC-R4PCC04U05:735470:735470 [1] NCCL INFO NCCL version 2.26.2+cuda12.2
MOC-R4PCC04U05:735472:735472 [3] NCCL INFO NCCL_SOCKET_IFNAME set to eno7np0
MOC-R4PCC04U05:735472:735472 [3] NCCL INFO NCCL version 2.26.2+cuda12.2
MOC-R4PCC04U05:735469:735573 [0] NCCL INFO NET/Plugin: Could not find: libnccl-net.so. Using internal net plugin.
MOC-R4PCC04U05:735469:735573 [0] NCCL INFO NCCL_IB_HCA set to mlx5_5
MOC-R4PCC04U05:735471:735471 [2] NCCL INFO NCCL_SOCKET_IFNAME set to eno7np0
MOC-R4PCC04U05:735471:735471 [2] NCCL INFO NCCL version 2.26.2+cuda12.2
MOC-R4PCC04U05:735469:735573 [0] NCCL INFO NET/IB : Made virtual device [0] name=mlx5_5 speed=400000 ndevs=1
MOC-R4PCC04U05:735469:735573 [0] NCCL INFO NET/IB : Using [0]mlx5_5:1/RoCE [RO]; OOB eno7np0:192.168.50.193<0>
MOC-R4PCC04U05:735470:735595 [1] NCCL INFO NET/Plugin: Could not find: libnccl-net.so. Using internal net plugin.
MOC-R4PCC04U05:735470:735595 [1] NCCL INFO NCCL_IB_HCA set to mlx5_5
MOC-R4PCC04U05:735472:735596 [3] NCCL INFO NET/Plugin: Could not find: libnccl-net.so. Using internal net plugin.
MOC-R4PCC04U05:735472:735596 [3] NCCL INFO NCCL_IB_HCA set to mlx5_5
MOC-R4PCC04U05:735471:735597 [2] NCCL INFO NET/Plugin: Could not find: libnccl-net.so. Using internal net plugin.
MOC-R4PCC04U05:735471:735597 [2] NCCL INFO NCCL_IB_HCA set to mlx5_5
MOC-R4PCC04U05:735470:735595 [1] NCCL INFO NET/IB : Made virtual device [0] name=mlx5_5 speed=400000 ndevs=1
MOC-R4PCC04U05:735470:735595 [1] NCCL INFO NET/IB : Using [0]mlx5_5:1/RoCE [RO]; OOB eno7np0:192.168.50.193<0>
MOC-R4PCC04U05:735472:735596 [3] NCCL INFO NET/IB : Made virtual device [0] name=mlx5_5 speed=400000 ndevs=1
MOC-R4PCC04U05:735472:735596 [3] NCCL INFO NET/IB : Using [0]mlx5_5:1/RoCE [RO]; OOB eno7np0:192.168.50.193<0>
MOC-R4PCC04U05:735471:735597 [2] NCCL INFO NET/IB : Made virtual device [0] name=mlx5_5 speed=400000 ndevs=1
MOC-R4PCC04U05:735471:735597 [2] NCCL INFO NET/IB : Using [0]mlx5_5:1/RoCE [RO]; OOB eno7np0:192.168.50.193<0>
MOC-R4PCC04U05:735471:735597 [2] NCCL INFO NET/IB : GPU Direct RDMA Enabled for HCA 0 'mlx5_5'
MOC-R4PCC04U05:735471:735597 [2] NCCL INFO NET/IB : Made virtual device [1] name=mlx5_5 speed=400000 ndevs=1
MOC-R4PCC04U05:735471:735597 [2] NCCL INFO NET/IB : GPU Direct RDMA Enabled for HCA 0 'mlx5_5'
MOC-R4PCC04U05:735471:735597 [2] NCCL INFO NET/IB : GPU Direct RDMA Enabled for HCA 1 'mlx5_5'
MOC-R4PCC04U05:735472:735596 [3] NCCL INFO NET/IB : GPU Direct RDMA Enabled for HCA 0 'mlx5_5'
MOC-R4PCC04U05:735472:735596 [3] NCCL INFO NET/IB : Made virtual device [1] name=mlx5_5 speed=400000 ndevs=1
MOC-R4PCC04U05:735472:735596 [3] NCCL INFO NET/IB : GPU Direct RDMA Enabled for HCA 0 'mlx5_5'
MOC-R4PCC04U05:735472:735596 [3] NCCL INFO NET/IB : GPU Direct RDMA Enabled for HCA 1 'mlx5_5'
MOC-R4PCC04U05:735469:735573 [0] NCCL INFO NET/IB : GPU Direct RDMA Enabled for HCA 0 'mlx5_5'
MOC-R4PCC04U05:735469:735573 [0] NCCL INFO NET/IB : Made virtual device [1] name=mlx5_5 speed=400000 ndevs=1
MOC-R4PCC04U05:735469:735573 [0] NCCL INFO NET/IB : GPU Direct RDMA Enabled for HCA 0 'mlx5_5'
MOC-R4PCC04U05:735469:735573 [0] NCCL INFO NET/IB : GPU Direct RDMA Enabled for HCA 1 'mlx5_5'
MOC-R4PCC04U05:735470:735595 [1] NCCL INFO NET/IB : GPU Direct RDMA Enabled for HCA 0 'mlx5_5'
MOC-R4PCC04U05:735470:735595 [1] NCCL INFO NET/IB : Made virtual device [1] name=mlx5_5 speed=400000 ndevs=1
MOC-R4PCC04U05:735470:735595 [1] NCCL INFO NET/IB : GPU Direct RDMA Enabled for HCA 0 'mlx5_5'
MOC-R4PCC04U05:735470:735595 [1] NCCL INFO NET/IB : GPU Direct RDMA Enabled for HCA 1 'mlx5_5'
MOC-R4PCC04U05:735470:735595 [1] NCCL INFO NCCL_NET_GDR_LEVEL set by environment to LOC
MOC-R4PCC04U05:735470:735595 [1] NCCL INFO GPU Direct RDMA Disabled for GPU 0 / HCA 1 (distance 5 > 0)
MOC-R4PCC04U05:735470:735595 [1] NCCL INFO GPU Direct RDMA Disabled for GPU 1 / HCA 1 (distance 5 > 0)
MOC-R4PCC04U05:735470:735595 [1] NCCL INFO GPU Direct RDMA Disabled for GPU 2 / HCA 1 (distance 5 > 0)
MOC-R4PCC04U05:735470:735595 [1] NCCL INFO GPU Direct RDMA Disabled for GPU 0 / HCA 1 (distance 5 > 0)
MOC-R4PCC04U05:735470:735595 [1] NCCL INFO GPU Direct RDMA Disabled for GPU 1 / HCA 1 (distance 5 > 0)
MOC-R4PCC04U05:735470:735595 [1] NCCL INFO GPU Direct RDMA Disabled for GPU 2 / HCA 1 (distance 5 > 0)
MOC-R4PCC04U05:735469:735573 [0] NCCL INFO NCCL_NET_GDR_LEVEL set by environment to LOC
MOC-R4PCC04U05:735469:735573 [0] NCCL INFO GPU Direct RDMA Disabled for GPU 0 / HCA 1 (distance 5 > 0)
MOC-R4PCC04U05:735469:735573 [0] NCCL INFO GPU Direct RDMA Disabled for GPU 1 / HCA 1 (distance 5 > 0)
MOC-R4PCC04U05:735469:735573 [0] NCCL INFO GPU Direct RDMA Disabled for GPU 2 / HCA 1 (distance 5 > 0)
MOC-R4PCC04U05:735469:735573 [0] NCCL INFO GPU Direct RDMA Disabled for GPU 0 / HCA 1 (distance 5 > 0)
MOC-R4PCC04U05:735469:735573 [0] NCCL INFO GPU Direct RDMA Disabled for GPU 1 / HCA 1 (distance 5 > 0)
MOC-R4PCC04U05:735469:735573 [0] NCCL INFO GPU Direct RDMA Disabled for GPU 2 / HCA 1 (distance 5 > 0)
MOC-R4PCC04U05:735471:735597 [2] NCCL INFO NCCL_NET_GDR_LEVEL set by environment to LOC
MOC-R4PCC04U05:735471:735597 [2] NCCL INFO GPU Direct RDMA Disabled for GPU 0 / HCA 1 (distance 5 > 0)
MOC-R4PCC04U05:735471:735597 [2] NCCL INFO GPU Direct RDMA Disabled for GPU 1 / HCA 1 (distance 5 > 0)
MOC-R4PCC04U05:735471:735597 [2] NCCL INFO GPU Direct RDMA Disabled for GPU 2 / HCA 1 (distance 5 > 0)
MOC-R4PCC04U05:735471:735597 [2] NCCL INFO GPU Direct RDMA Disabled for GPU 0 / HCA 1 (distance 5 > 0)
MOC-R4PCC04U05:735471:735597 [2] NCCL INFO GPU Direct RDMA Disabled for GPU 1 / HCA 1 (distance 5 > 0)
MOC-R4PCC04U05:735471:735597 [2] NCCL INFO GPU Direct RDMA Disabled for GPU 2 / HCA 1 (distance 5 > 0)
MOC-R4PCC04U05:735472:735596 [3] NCCL INFO NCCL_NET_GDR_LEVEL set by environment to LOC
MOC-R4PCC04U05:735472:735596 [3] NCCL INFO GPU Direct RDMA Disabled for GPU 0 / HCA 1 (distance 5 > 0)
MOC-R4PCC04U05:735472:735596 [3] NCCL INFO GPU Direct RDMA Disabled for GPU 1 / HCA 1 (distance 5 > 0)
MOC-R4PCC04U05:735472:735596 [3] NCCL INFO GPU Direct RDMA Disabled for GPU 2 / HCA 1 (distance 5 > 0)
MOC-R4PCC04U05:735472:735596 [3] NCCL INFO GPU Direct RDMA Disabled for GPU 0 / HCA 1 (distance 5 > 0)
MOC-R4PCC04U05:735472:735596 [3] NCCL INFO GPU Direct RDMA Disabled for GPU 1 / HCA 1 (distance 5 > 0)
MOC-R4PCC04U05:735472:735596 [3] NCCL INFO GPU Direct RDMA Disabled for GPU 2 / HCA 1 (distance 5 > 0)
MOC-R4PCC04U05:735469:735611 [0] NCCL INFO New proxy send connection 0 from local rank 0, transport 0
MOC-R4PCC04U05:735469:735685 [0] NCCL INFO Connected to proxy localRank 0 -> connection 0x7f7c60004f30
MOC-R4PCC04U05:735472:735610 [3] NCCL INFO New proxy recv connection 0 from local rank 3, transport 0
MOC-R4PCC04U05:735472:735686 [3] NCCL INFO Connected to proxy localRank 3 -> connection 0x7f8624004f30
MOC-R4PCC04U05:735470:735615 [1] NCCL INFO New proxy recv connection 0 from local rank 1, transport 0
MOC-R4PCC04U05:735470:735687 [1] NCCL INFO Connected to proxy localRank 1 -> connection 0x7f2838004f30
MOC-R4PCC04U05:735472:735610 [3] NCCL INFO New proxy recv connection 1 from local rank 3, transport 0
MOC-R4PCC04U05:735472:735686 [3] NCCL INFO Connected to proxy localRank 3 -> connection 0x7f8624004fa8
MOC-R4PCC04U05:735470:735615 [1] NCCL INFO New proxy recv connection 1 from local rank 1, transport 0
MOC-R4PCC04U05:735470:735687 [1] NCCL INFO Connected to proxy localRank 1 -> connection 0x7f2838004fa8
MOC-R4PCC04U05:735472:735686 [3] NCCL INFO GPU Direct RDMA Disabled for GPU 3 / HCA 1 (distance 7 > 0)
MOC-R4PCC04U05:735469:735611 [0] NCCL INFO New proxy send connection 1 from local rank 0, transport 0
MOC-R4PCC04U05:735469:735685 [0] NCCL INFO Connected to proxy localRank 0 -> connection 0x7f7c60004fa8
MOC-R4PCC04U05:735471:735614 [2] NCCL INFO New proxy recv connection 0 from local rank 2, transport 0
MOC-R4PCC04U05:735471:735688 [2] NCCL INFO Connected to proxy localRank 2 -> connection 0x7f8a40004f30
MOC-R4PCC04U05:735471:735614 [2] NCCL INFO New proxy recv connection 1 from local rank 2, transport 0
MOC-R4PCC04U05:735471:735688 [2] NCCL INFO Connected to proxy localRank 2 -> connection 0x7f8a40004fa8
MOC-R4PCC04U05:735469:735611 [0] NCCL INFO New proxy send connection 2 from local rank 0, transport 0
MOC-R4PCC04U05:735471:735688 [2] NCCL INFO GPU Direct RDMA Disabled for GPU 2 / HCA 1 (distance 7 > 0)
MOC-R4PCC04U05:735469:735685 [0] NCCL INFO Connected to proxy localRank 0 -> connection 0x7f7c60005020
MOC-R4PCC04U05:735469:735611 [0] NCCL INFO New proxy send connection 3 from local rank 0, transport 0
MOC-R4PCC04U05:735469:735685 [0] NCCL INFO Connected to proxy localRank 0 -> connection 0x7f7c60005098
MOC-R4PCC04U05:735472:735610 [3] NCCL INFO New proxy send connection 2 from local rank 3, transport 2
MOC-R4PCC04U05:735472:735686 [3] NCCL INFO Connected to proxy localRank 3 -> connection 0x7f8624005020
MOC-R4PCC04U05:735472:735686 [3] NCCL INFO Channel 00/0 : 3[3] -> 6[2] [send] via NET/IB/1
MOC-R4PCC04U05:735472:735686 [3] NCCL INFO GPU Direct RDMA Disabled for GPU 3 / HCA 1 (distance 7 > 0)
MOC-R4PCC04U05:735472:735610 [3] NCCL INFO New proxy send connection 3 from local rank 3, transport 2
MOC-R4PCC04U05:735472:735686 [3] NCCL INFO Connected to proxy localRank 3 -> connection 0x7f8624005098
MOC-R4PCC04U05:735472:735686 [3] NCCL INFO Channel 02/0 : 3[3] -> 6[2] [send] via NET/IB/1
MOC-R4PCC04U05:735469:735611 [0] NCCL INFO New proxy recv connection 4 from local rank 0, transport 0
MOC-R4PCC04U05:735469:735685 [0] NCCL INFO Connected to proxy localRank 0 -> connection 0x7f7c60005110
MOC-R4PCC04U05:735472:735686 [3] NCCL INFO GPU Direct RDMA Disabled for GPU 3 / HCA 1 (distance 7 > 0)
MOC-R4PCC04U05:735472:735610 [3] NCCL INFO New proxy recv connection 4 from local rank 3, transport 2
MOC-R4PCC04U05:735472:735686 [3] NCCL INFO Connected to proxy localRank 3 -> connection 0x7f8624005110
MOC-R4PCC04U05:735472:735686 [3] NCCL INFO Channel 01/0 : 14[2] -> 3[3] [receive] via NET/IB/1
MOC-R4PCC04U05:735472:735686 [3] NCCL INFO GPU Direct RDMA Disabled for GPU 3 / HCA 1 (distance 7 > 0)
MOC-R4PCC04U05:735472:735610 [3] NCCL INFO New proxy recv connection 5 from local rank 3, transport 2
MOC-R4PCC04U05:735472:735686 [3] NCCL INFO Connected to proxy localRank 3 -> connection 0x7f8624005188
MOC-R4PCC04U05:735472:735686 [3] NCCL INFO Channel 03/0 : 14[2] -> 3[3] [receive] via NET/IB/1
MOC-R4PCC04U05:735469:735611 [0] NCCL INFO New proxy recv connection 5 from local rank 0, transport 0
MOC-R4PCC04U05:735469:735685 [0] NCCL INFO Connected to proxy localRank 0 -> connection 0x7f7c60005188
MOC-R4PCC04U05:735469:735611 [0] NCCL INFO New proxy recv connection 6 from local rank 0, transport 0
MOC-R4PCC04U05:735469:735685 [0] NCCL INFO Connected to proxy localRank 0 -> connection 0x7f7c60005200
MOC-R4PCC04U05:735469:735611 [0] NCCL INFO New proxy recv connection 7 from local rank 0, transport 0
MOC-R4PCC04U05:735469:735685 [0] NCCL INFO Connected to proxy localRank 0 -> connection 0x7f7c60005278
MOC-R4PCC04U05:735472:735610 [3] NCCL INFO New proxy send connection 6 from local rank 3, transport 0
MOC-R4PCC04U05:735472:735686 [3] NCCL INFO Connected to proxy localRank 3 -> connection 0x7f8624005200
MOC-R4PCC04U05:735472:735610 [3] NCCL INFO New proxy send connection 7 from local rank 3, transport 0
MOC-R4PCC04U05:735472:735686 [3] NCCL INFO Connected to proxy localRank 3 -> connection 0x7f8624005278
MOC-R4PCC04U05:735471:735614 [2] NCCL INFO New proxy recv connection 2 from local rank 2, transport 2
MOC-R4PCC04U05:735471:735688 [2] NCCL INFO Connected to proxy localRank 2 -> connection 0x7f8a40005020
MOC-R4PCC04U05:735471:735688 [2] NCCL INFO Channel 00/0 : 15[3] -> 2[2] [receive] via NET/IB/1
MOC-R4PCC04U05:735471:735688 [2] NCCL INFO GPU Direct RDMA Disabled for GPU 2 / HCA 1 (distance 7 > 0)
MOC-R4PCC04U05:735471:735614 [2] NCCL INFO New proxy recv connection 3 from local rank 2, transport 2
MOC-R4PCC04U05:735471:735688 [2] NCCL INFO Connected to proxy localRank 2 -> connection 0x7f8a40005098
MOC-R4PCC04U05:735470:735615 [1] NCCL INFO New proxy recv connection 2 from local rank 1, transport 0
MOC-R4PCC04U05:735470:735687 [1] NCCL INFO Connected to proxy localRank 1 -> connection 0x7f2838005020
MOC-R4PCC04U05:735469:735611 [0] NCCL INFO New proxy send connection 8 from local rank 3, transport 0
MOC-R4PCC04U05:735471:735688 [2] NCCL INFO Channel 02/0 : 15[3] -> 2[2] [receive] via NET/IB/1
MOC-R4PCC04U05:735472:735686 [3] NCCL INFO Connected to proxy localRank 0 -> connection 0x7f7c600052f0
MOC-R4PCC04U05:735470:735615 [1] NCCL INFO New proxy recv connection 3 from local rank 1, transport 0
MOC-R4PCC04U05:735470:735687 [1] NCCL INFO Connected to proxy localRank 1 -> connection 0x7f2838005098
MOC-R4PCC04U05:735471:735688 [2] NCCL INFO GPU Direct RDMA Disabled for GPU 2 / HCA 1 (distance 7 > 0)
MOC-R4PCC04U05:735471:735614 [2] NCCL INFO New proxy send connection 4 from local rank 2, transport 2
MOC-R4PCC04U05:735471:735688 [2] NCCL INFO Connected to proxy localRank 2 -> connection 0x7f8a40005110
MOC-R4PCC04U05:735471:735688 [2] NCCL INFO Channel 01/0 : 2[2] -> 7[3] [send] via NET/IB/1
MOC-R4PCC04U05:735471:735688 [2] NCCL INFO GPU Direct RDMA Disabled for GPU 2 / HCA 1 (distance 7 > 0)
MOC-R4PCC04U05:735471:735614 [2] NCCL INFO New proxy send connection 5 from local rank 2, transport 2
MOC-R4PCC04U05:735471:735688 [2] NCCL INFO Connected to proxy localRank 2 -> connection 0x7f8a40005188
MOC-R4PCC04U05:735471:735688 [2] NCCL INFO Channel 03/0 : 2[2] -> 7[3] [send] via NET/IB/1
MOC-R4PCC04U05:735471:735614 [2] NCCL INFO New proxy send connection 6 from local rank 2, transport 0
MOC-R4PCC04U05:735471:735688 [2] NCCL INFO Connected to proxy localRank 2 -> connection 0x7f8a40005200
MOC-R4PCC04U05:735470:735615 [1] NCCL INFO New proxy send connection 4 from local rank 1, transport 0
MOC-R4PCC04U05:735470:735687 [1] NCCL INFO Connected to proxy localRank 1 -> connection 0x7f2838005110
MOC-R4PCC04U05:735471:735614 [2] NCCL INFO New proxy send connection 7 from local rank 2, transport 0
MOC-R4PCC04U05:735471:735688 [2] NCCL INFO Connected to proxy localRank 2 -> connection 0x7f8a40005278
MOC-R4PCC04U05:735470:735615 [1] NCCL INFO New proxy send connection 5 from local rank 1, transport 0
MOC-R4PCC04U05:735470:735687 [1] NCCL INFO Connected to proxy localRank 1 -> connection 0x7f2838005188
MOC-R4PCC04U05:735470:735615 [1] NCCL INFO New proxy send connection 6 from local rank 1, transport 0
MOC-R4PCC04U05:735470:735687 [1] NCCL INFO Connected to proxy localRank 1 -> connection 0x7f2838005200
MOC-R4PCC04U05:735470:735615 [1] NCCL INFO New proxy send connection 7 from local rank 1, transport 0
MOC-R4PCC04U05:735470:735687 [1] NCCL INFO Connected to proxy localRank 1 -> connection 0x7f2838005278
MOC-R4PCC04U05:735469:735611 [0] NCCL INFO New proxy send connection 9 from local rank 2, transport 0
MOC-R4PCC04U05:735471:735688 [2] NCCL INFO Connected to proxy localRank 0 -> connection 0x7f7c60005368
MOC-R4PCC04U05:735470:735615 [1] NCCL INFO New proxy send connection 8 from local rank 3, transport 0
MOC-R4PCC04U05:735471:735614 [2] NCCL INFO New proxy send connection 8 from local rank 0, transport 0
MOC-R4PCC04U05:735472:735610 [3] NCCL INFO New proxy send connection 8 from local rank 1, transport 0
MOC-R4PCC04U05:735469:735685 [0] NCCL INFO Connected to proxy localRank 2 -> connection 0x7f8a400052f0
MOC-R4PCC04U05:735472:735686 [3] NCCL INFO Connected to proxy localRank 1 -> connection 0x7f28380052f0
MOC-R4PCC04U05:735470:735687 [1] NCCL INFO Connected to proxy localRank 3 -> connection 0x7f86240052f0
MOC-R4PCC04U05:735470:735615 [1] NCCL INFO New proxy send connection 9 from local rank 2, transport 0
MOC-R4PCC04U05:735471:735688 [2] NCCL INFO Connected to proxy localRank 1 -> connection 0x7f2838005368
MOC-R4PCC04U05:735471:735614 [2] NCCL INFO NET/IB: NCCL Dev 1 IbDev 0 Port 1 qpn 12122 mtu 3 query_ece={supported=1, vendor_id=0x15b3, options=0x30000002, comp_mask=0x0} GID 3 (0/C132A8C0FFFF0000) fifoRkey=0x1722e1 fifoLkey=0x1722e1
MOC-R4PCC04U05:735469:735611 [0] NCCL INFO New proxy send connection 10 from local rank 1, transport 0
MOC-R4PCC04U05:735472:735610 [3] NCCL INFO New proxy send connection 9 from local rank 0, transport 0
MOC-R4PCC04U05:735470:735687 [1] NCCL INFO Connected to proxy localRank 0 -> connection 0x7f7c600053e0
MOC-R4PCC04U05:735469:735685 [0] NCCL INFO Connected to proxy localRank 3 -> connection 0x7f8624005368
MOC-R4PCC04U05:735471:735614 [2] NCCL INFO NET/IB: NCCL Dev 1 IbDev 0 Port 1 qpn 12123 mtu 3 query_ece={supported=1, vendor_id=0x15b3, options=0x30000002, comp_mask=0x0} GID 3 (0/C132A8C0FFFF0000) fifoRkey=0x17cb8a fifoLkey=0x17cb8a
MOC-R4PCC04U05:735471:735614 [2] NCCL INFO NET/IB: IbDev 0 Port 1 qpn 12686 set_ece={supported=1, vendor_id=0x15b3, options=0x0, comp_mask=0x0}
MOC-R4PCC04U05:735471:735614 [2] NCCL INFO NET/IB: IbDev 0 Port 1 qpn 12688 set_ece={supported=1, vendor_id=0x15b3, options=0x0, comp_mask=0x0}
MOC-R4PCC04U05:735472:735610 [3] NCCL INFO NET/IB: NCCL Dev 1 IbDev 0 Port 1 qpn 12132 mtu 3 query_ece={supported=1, vendor_id=0x15b3, options=0x30000002, comp_mask=0x0} GID 3 (0/C132A8C0FFFF0000) fifoRkey=0x174705 fifoLkey=0x174705
MOC-R4PCC04U05:735472:735610 [3] NCCL INFO NET/IB: NCCL Dev 1 IbDev 0 Port 1 qpn 12133 mtu 3 query_ece={supported=1, vendor_id=0x15b3, options=0x30000002, comp_mask=0x0} GID 3 (0/C132A8C0FFFF0000) fifoRkey=0x177837 fifoLkey=0x177837
MOC-R4PCC04U05:735472:735610 [3] NCCL INFO NET/IB: IbDev 0 Port 1 qpn 12690 set_ece={supported=1, vendor_id=0x15b3, options=0x0, comp_mask=0x0}
MOC-R4PCC04U05:735472:735610 [3] NCCL INFO NET/IB: IbDev 0 Port 1 qpn 12692 set_ece={supported=1, vendor_id=0x15b3, options=0x0, comp_mask=0x0}
MOC-R4PCC04U05:735470:735615 [1] NCCL INFO New proxy send connection 10 from local rank 0, transport 0
MOC-R4PCC04U05:735469:735685 [0] NCCL INFO Connected to proxy localRank 1 -> connection 0x7f28380053e0
MOC-R4PCC04U05:735471:735614 [2] NCCL INFO New proxy send connection 9 from local rank 1, transport 0
MOC-R4PCC04U05:735470:735687 [1] NCCL INFO Connected to proxy localRank 2 -> connection 0x7f8a40005368
num decayed parameter tensors: 50, with 124,318,464 parameters
num non-decayed parameter tensors: 98, with 121,344 parameters
using fused AdamW: False
using regular AdamW
MOC-R4PCC04U05:735469:735611 [0] NCCL INFO New proxy send connection 11 from local rank 0, transport 0
MOC-R4PCC04U05:735469:736314 [0] NCCL INFO Connected to proxy localRank 0 -> connection 0x7f7c60005458
MOC-R4PCC04U05:735469:735611 [0] NCCL INFO New proxy send connection 12 from local rank 0, transport 0
MOC-R4PCC04U05:735469:736314 [0] NCCL INFO Connected to proxy localRank 0 -> connection 0x7f7c600054d0
MOC-R4PCC04U05:735469:735611 [0] NCCL INFO New proxy send connection 13 from local rank 0, transport 0
MOC-R4PCC04U05:735469:736314 [0] NCCL INFO Connected to proxy localRank 0 -> connection 0x7f7c60005548
MOC-R4PCC04U05:735469:735611 [0] NCCL INFO New proxy send connection 14 from local rank 0, transport 0
MOC-R4PCC04U05:735469:736314 [0] NCCL INFO Connected to proxy localRank 0 -> connection 0x7f7c600055c0
MOC-R4PCC04U05:735470:735615 [1] NCCL INFO New proxy recv connection 11 from local rank 1, transport 0
MOC-R4PCC04U05:735470:736315 [1] NCCL INFO Connected to proxy localRank 1 -> connection 0x7f2838005458
MOC-R4PCC04U05:735470:735615 [1] NCCL INFO New proxy recv connection 12 from local rank 1, transport 0
MOC-R4PCC04U05:735470:736315 [1] NCCL INFO Connected to proxy localRank 1 -> connection 0x7f28380054d0
MOC-R4PCC04U05:735470:735615 [1] NCCL INFO New proxy recv connection 13 from local rank 1, transport 0
MOC-R4PCC04U05:735470:736315 [1] NCCL INFO Connected to proxy localRank 1 -> connection 0x7f2838005548
MOC-R4PCC04U05:735470:735615 [1] NCCL INFO New proxy recv connection 14 from local rank 1, transport 0
MOC-R4PCC04U05:735470:736315 [1] NCCL INFO Connected to proxy localRank 1 -> connection 0x7f28380055c0
MOC-R4PCC04U05:735470:735615 [1] NCCL INFO New proxy send connection 15 from local rank 1, transport 0
MOC-R4PCC04U05:735470:736315 [1] NCCL INFO Connected to proxy localRank 1 -> connection 0x7f2838005638
MOC-R4PCC04U05:735470:735615 [1] NCCL INFO New proxy send connection 16 from local rank 1, transport 0
MOC-R4PCC04U05:735470:736315 [1] NCCL INFO Connected to proxy localRank 1 -> connection 0x7f28380056b0
MOC-R4PCC04U05:735470:735615 [1] NCCL INFO New proxy send connection 17 from local rank 1, transport 0
MOC-R4PCC04U05:735470:736315 [1] NCCL INFO Connected to proxy localRank 1 -> connection 0x7f2838005728
MOC-R4PCC04U05:735470:735615 [1] NCCL INFO New proxy send connection 18 from local rank 1, transport 0
MOC-R4PCC04U05:735470:736315 [1] NCCL INFO Connected to proxy localRank 1 -> connection 0x7f28380057a0
MOC-R4PCC04U05:735469:735611 [0] NCCL INFO New proxy send connection 15 from local rank 0, transport 0
MOC-R4PCC04U05:735469:736314 [0] NCCL INFO Connected to proxy localRank 0 -> connection 0x7f7c60005638
MOC-R4PCC04U05:735469:735611 [0] NCCL INFO New proxy send connection 16 from local rank 0, transport 0
MOC-R4PCC04U05:735469:736314 [0] NCCL INFO Connected to proxy localRank 0 -> connection 0x7f7c600056b0
MOC-R4PCC04U05:735472:735610 [3] NCCL INFO New proxy recv connection 10 from local rank 3, transport 0
MOC-R4PCC04U05:735472:736316 [3] NCCL INFO Connected to proxy localRank 3 -> connection 0x7f86240053e0
MOC-R4PCC04U05:735472:735610 [3] NCCL INFO New proxy recv connection 11 from local rank 3, transport 0
MOC-R4PCC04U05:735472:736316 [3] NCCL INFO Connected to proxy localRank 3 -> connection 0x7f8624005458
MOC-R4PCC04U05:735472:736316 [3] NCCL INFO GPU Direct RDMA Disabled for GPU 3 / HCA 1 (distance 7 > 0)
MOC-R4PCC04U05:735472:735610 [3] NCCL INFO New proxy send connection 12 from local rank 3, transport 2
MOC-R4PCC04U05:735472:736316 [3] NCCL INFO Connected to proxy localRank 3 -> connection 0x7f86240054d0
MOC-R4PCC04U05:735469:735611 [0] NCCL INFO New proxy recv connection 17 from local rank 0, transport 0
MOC-R4PCC04U05:735472:736316 [3] NCCL INFO Channel 02/0 : 3[3] -> 7[3] [send] via NET/IB/1
MOC-R4PCC04U05:735469:736314 [0] NCCL INFO Connected to proxy localRank 0 -> connection 0x7f7c60005728
MOC-R4PCC04U05:735472:736316 [3] NCCL INFO GPU Direct RDMA Disabled for GPU 3 / HCA 1 (distance 7 > 0)
MOC-R4PCC04U05:735472:735610 [3] NCCL INFO New proxy send connection 13 from local rank 3, transport 2
MOC-R4PCC04U05:735472:736316 [3] NCCL INFO Connected to proxy localRank 3 -> connection 0x7f8624005548
MOC-R4PCC04U05:735472:736316 [3] NCCL INFO Channel 03/0 : 3[3] -> 7[3] [send] via NET/IB/1
MOC-R4PCC04U05:735469:735611 [0] NCCL INFO New proxy recv connection 18 from local rank 0, transport 0
MOC-R4PCC04U05:735469:736314 [0] NCCL INFO Connected to proxy localRank 0 -> connection 0x7f7c600057a0
MOC-R4PCC04U05:735469:735611 [0] NCCL INFO New proxy recv connection 19 from local rank 0, transport 0
MOC-R4PCC04U05:735469:736314 [0] NCCL INFO Connected to proxy localRank 0 -> connection 0x7f7c60005818
MOC-R4PCC04U05:735469:735611 [0] NCCL INFO New proxy recv connection 20 from local rank 0, transport 0
MOC-R4PCC04U05:735469:736314 [0] NCCL INFO Connected to proxy localRank 0 -> connection 0x7f7c60005890
MOC-R4PCC04U05:735471:735614 [2] NCCL INFO New proxy recv connection 10 from local rank 2, transport 0
MOC-R4PCC04U05:735471:736317 [2] NCCL INFO Connected to proxy localRank 2 -> connection 0x7f8a400053e0
MOC-R4PCC04U05:735471:735614 [2] NCCL INFO New proxy recv connection 11 from local rank 2, transport 0
MOC-R4PCC04U05:735471:736317 [2] NCCL INFO Connected to proxy localRank 2 -> connection 0x7f8a40005458
MOC-R4PCC04U05:735471:735614 [2] NCCL INFO New proxy recv connection 12 from local rank 2, transport 0
MOC-R4PCC04U05:735471:736317 [2] NCCL INFO Connected to proxy localRank 2 -> connection 0x7f8a400054d0
MOC-R4PCC04U05:735471:735614 [2] NCCL INFO New proxy recv connection 13 from local rank 2, transport 0
MOC-R4PCC04U05:735471:736317 [2] NCCL INFO Connected to proxy localRank 2 -> connection 0x7f8a40005548
MOC-R4PCC04U05:735471:735614 [2] NCCL INFO New proxy send connection 14 from local rank 2, transport 0
MOC-R4PCC04U05:735471:736317 [2] NCCL INFO Connected to proxy localRank 2 -> connection 0x7f8a400055c0
MOC-R4PCC04U05:735470:735615 [1] NCCL INFO New proxy recv connection 19 from local rank 1, transport 0
MOC-R4PCC04U05:735470:736315 [1] NCCL INFO Connected to proxy localRank 1 -> connection 0x7f2838005818
MOC-R4PCC04U05:735471:735614 [2] NCCL INFO New proxy send connection 15 from local rank 2, transport 0
MOC-R4PCC04U05:735471:736317 [2] NCCL INFO Connected to proxy localRank 2 -> connection 0x7f8a40005638
MOC-R4PCC04U05:735470:735615 [1] NCCL INFO New proxy recv connection 20 from local rank 1, transport 0
MOC-R4PCC04U05:735470:736315 [1] NCCL INFO Connected to proxy localRank 1 -> connection 0x7f2838005890
MOC-R4PCC04U05:735472:736316 [3] NCCL INFO GPU Direct RDMA Disabled for GPU 3 / HCA 1 (distance 7 > 0)
MOC-R4PCC04U05:735472:735610 [3] NCCL INFO New proxy recv connection 14 from local rank 3, transport 2
MOC-R4PCC04U05:735472:736316 [3] NCCL INFO Connected to proxy localRank 3 -> connection 0x7f86240055c0
MOC-R4PCC04U05:735472:736316 [3] NCCL INFO Channel 00/0 : 11[3] -> 3[3] [receive] via NET/IB/1
MOC-R4PCC04U05:735472:736316 [3] NCCL INFO GPU Direct RDMA Disabled for GPU 3 / HCA 1 (distance 7 > 0)
MOC-R4PCC04U05:735472:735610 [3] NCCL INFO New proxy recv connection 15 from local rank 3, transport 2
MOC-R4PCC04U05:735472:736316 [3] NCCL INFO Connected to proxy localRank 3 -> connection 0x7f8624005638
MOC-R4PCC04U05:735472:736316 [3] NCCL INFO Channel 01/0 : 11[3] -> 3[3] [receive] via NET/IB/1
MOC-R4PCC04U05:735472:736316 [3] NCCL INFO GPU Direct RDMA Disabled for GPU 3 / HCA 1 (distance 7 > 0)
MOC-R4PCC04U05:735472:735610 [3] NCCL INFO New proxy send connection 16 from local rank 3, transport 2
MOC-R4PCC04U05:735472:736316 [3] NCCL INFO Connected to proxy localRank 3 -> connection 0x7f86240056b0
MOC-R4PCC04U05:735472:736316 [3] NCCL INFO Channel 00/0 : 3[3] -> 11[3] [send] via NET/IB/1
MOC-R4PCC04U05:735472:736316 [3] NCCL INFO GPU Direct RDMA Disabled for GPU 3 / HCA 1 (distance 7 > 0)
MOC-R4PCC04U05:735472:735610 [3] NCCL INFO New proxy send connection 17 from local rank 3, transport 2
MOC-R4PCC04U05:735472:736316 [3] NCCL INFO Connected to proxy localRank 3 -> connection 0x7f8624005728
MOC-R4PCC04U05:735472:736316 [3] NCCL INFO Channel 01/0 : 3[3] -> 11[3] [send] via NET/IB/1
MOC-R4PCC04U05:735472:736316 [3] NCCL INFO GPU Direct RDMA Disabled for GPU 3 / HCA 1 (distance 7 > 0)
MOC-R4PCC04U05:735472:735610 [3] NCCL INFO New proxy recv connection 18 from local rank 3, transport 2
MOC-R4PCC04U05:735472:736316 [3] NCCL INFO Connected to proxy localRank 3 -> connection 0x7f86240057a0
MOC-R4PCC04U05:735472:736316 [3] NCCL INFO Channel 02/0 : 7[3] -> 3[3] [receive] via NET/IB/1
MOC-R4PCC04U05:735472:736316 [3] NCCL INFO GPU Direct RDMA Disabled for GPU 3 / HCA 1 (distance 7 > 0)
MOC-R4PCC04U05:735472:735610 [3] NCCL INFO New proxy recv connection 19 from local rank 3, transport 2
MOC-R4PCC04U05:735472:736316 [3] NCCL INFO Connected to proxy localRank 3 -> connection 0x7f8624005818
MOC-R4PCC04U05:735472:736316 [3] NCCL INFO Channel 03/0 : 7[3] -> 3[3] [receive] via NET/IB/1
MOC-R4PCC04U05:735472:735610 [3] NCCL INFO New proxy send connection 20 from local rank 3, transport 0
MOC-R4PCC04U05:735472:736316 [3] NCCL INFO Connected to proxy localRank 3 -> connection 0x7f8624005890
MOC-R4PCC04U05:735472:735610 [3] NCCL INFO New proxy send connection 21 from local rank 3, transport 0
MOC-R4PCC04U05:735472:736316 [3] NCCL INFO Connected to proxy localRank 3 -> connection 0x7f8624005908
MOC-R4PCC04U05:735472:735610 [3] NCCL INFO New proxy send connection 22 from local rank 3, transport 0
MOC-R4PCC04U05:735472:736316 [3] NCCL INFO Connected to proxy localRank 3 -> connection 0x7f8624005980
MOC-R4PCC04U05:735472:735610 [3] NCCL INFO New proxy send connection 23 from local rank 3, transport 0
MOC-R4PCC04U05:735472:736316 [3] NCCL INFO Connected to proxy localRank 3 -> connection 0x7f86240059f8
MOC-R4PCC04U05:735472:735610 [3] NCCL INFO NET/IB: NCCL Dev 1 IbDev 0 Port 1 qpn 12134 mtu 3 query_ece={supported=1, vendor_id=0x15b3, options=0x30000002, comp_mask=0x0} GID 3 (0/C132A8C0FFFF0000) fifoRkey=0x175412 fifoLkey=0x175412
MOC-R4PCC04U05:735472:735610 [3] NCCL INFO NET/IB: IbDev 0 Port 1 qpn 10143 set_ece={supported=1, vendor_id=0x15b3, options=0x0, comp_mask=0x0}
MOC-R4PCC04U05:735472:735610 [3] NCCL INFO NET/IB: NCCL Dev 1 IbDev 0 Port 1 qpn 12137 mtu 3 query_ece={supported=1, vendor_id=0x15b3, options=0x30000002, comp_mask=0x0} GID 3 (0/C132A8C0FFFF0000) fifoRkey=0x17e7a6 fifoLkey=0x17e7a6
MOC-R4PCC04U05:735472:735610 [3] NCCL INFO NET/IB: NCCL Dev 1 IbDev 0 Port 1 qpn 12138 mtu 3 query_ece={supported=1, vendor_id=0x15b3, options=0x30000002, comp_mask=0x0} GID 3 (0/C132A8C0FFFF0000) fifoRkey=0x17d796 fifoLkey=0x17d796
MOC-R4PCC04U05:735472:735610 [3] NCCL INFO NET/IB: NCCL Dev 1 IbDev 0 Port 1 qpn 12139 mtu 3 query_ece={supported=1, vendor_id=0x15b3, options=0x30000002, comp_mask=0x0} GID 3 (0/C132A8C0FFFF0000) fifoRkey=0x17601f fifoLkey=0x17601f
MOC-R4PCC04U05:735472:735610 [3] NCCL INFO NET/IB: IbDev 0 Port 1 qpn 10146 set_ece={supported=1, vendor_id=0x15b3, options=0x0, comp_mask=0x0}
MOC-R4PCC04U05:735472:735610 [3] NCCL INFO NET/IB: IbDev 0 Port 1 qpn 12708 set_ece={supported=1, vendor_id=0x15b3, options=0x0, comp_mask=0x0}
MOC-R4PCC04U05:735472:735610 [3] NCCL INFO NET/IB: IbDev 0 Port 1 qpn 12711 set_ece={supported=1, vendor_id=0x15b3, options=0x0, comp_mask=0x0}
step    1/10 | train loss 11.008971 | norm 15.7109 | lr 1.00e-04 | (14389.32 ms | 36436 tok/s)
step    2/10 | train loss 10.123238 | norm 5.8020 | lr 1.00e-04 | (250.03 ms | 2096906 tok/s)
step    3/10 | train loss 9.777218 | norm 2.6314 | lr 1.00e-04 | (146.02 ms | 3590535 tok/s)
step    4/10 | train loss 9.607360 | norm 2.1165 | lr 1.00e-04 | (199.69 ms | 2625467 tok/s)
step    5/10 | train loss 9.524721 | norm 2.1076 | lr 1.00e-04 | (177.71 ms | 2950216 tok/s)
step    6/10 | train loss 9.443522 | norm 2.0012 | lr 1.00e-04 | (169.84 ms | 3087037 tok/s)
step    7/10 | train loss 9.358725 | norm 1.9491 | lr 1.00e-04 | (142.11 ms | 3689290 tok/s)
step    8/10 | train loss 9.269135 | norm 1.9124 | lr 1.00e-04 | (157.45 ms | 3329966 tok/s)
step    9/10 | train loss 9.176630 | norm 1.8636 | lr 1.00e-04 | (145.03 ms | 3615102 tok/s)
step   10/10 | train loss 9.088062 | norm 1.7782 | lr 1.00e-04 | (139.32 ms | 3763260 tok/s)
final 9 iters avg: 169.688ms
peak memory consumption: 16121 MiB
