Running pytorch 2.7.0+cu126
using device: cuda:0
total desired batch size: 3670016
=> calculated gradient accumulation steps: 7
using device: cuda:2
using device: cuda:1
using device: cuda:3
compiling the model...
DataLoader: total number of tokens: 1,661,249,667 across 103 files
MOC-R4PCC04U05:696064:696064 [0] NCCL INFO NCCL_SOCKET_IFNAME set to eno7np0
MOC-R4PCC04U05:696064:696064 [0] NCCL INFO NCCL version 2.26.2+cuda12.2
MOC-R4PCC04U05:696067:696067 [3] NCCL INFO NCCL_SOCKET_IFNAME set to eno7np0
MOC-R4PCC04U05:696067:696067 [3] NCCL INFO NCCL version 2.26.2+cuda12.2
MOC-R4PCC04U05:696065:696065 [1] NCCL INFO NCCL_SOCKET_IFNAME set to eno7np0
MOC-R4PCC04U05:696065:696065 [1] NCCL INFO NCCL version 2.26.2+cuda12.2
MOC-R4PCC04U05:696064:696170 [0] NCCL INFO NET/Plugin: Could not find: libnccl-net.so. Using internal net plugin.
MOC-R4PCC04U05:696064:696170 [0] NCCL INFO NET/Socket : Using [0]eno7np0:192.168.50.193<0>
MOC-R4PCC04U05:696066:696066 [2] NCCL INFO NCCL_SOCKET_IFNAME set to eno7np0
MOC-R4PCC04U05:696066:696066 [2] NCCL INFO NCCL version 2.26.2+cuda12.2
MOC-R4PCC04U05:696067:696185 [3] NCCL INFO NET/Plugin: Could not find: libnccl-net.so. Using internal net plugin.
MOC-R4PCC04U05:696067:696185 [3] NCCL INFO NET/Socket : Using [0]eno7np0:192.168.50.193<0>
MOC-R4PCC04U05:696065:696193 [1] NCCL INFO NET/Plugin: Could not find: libnccl-net.so. Using internal net plugin.
MOC-R4PCC04U05:696065:696193 [1] NCCL INFO NET/Socket : Using [0]eno7np0:192.168.50.193<0>
MOC-R4PCC04U05:696066:696194 [2] NCCL INFO NET/Plugin: Could not find: libnccl-net.so. Using internal net plugin.
MOC-R4PCC04U05:696066:696194 [2] NCCL INFO NET/Socket : Using [0]eno7np0:192.168.50.193<0>
MOC-R4PCC04U05:696065:696193 [1] NCCL INFO NET/Socket : GPU Direct RDMA Disabled for HCA 0 'eno7np0'
MOC-R4PCC04U05:696064:696170 [0] NCCL INFO NET/Socket : GPU Direct RDMA Disabled for HCA 0 'eno7np0'
MOC-R4PCC04U05:696066:696194 [2] NCCL INFO NET/Socket : GPU Direct RDMA Disabled for HCA 0 'eno7np0'
MOC-R4PCC04U05:696067:696185 [3] NCCL INFO NET/Socket : GPU Direct RDMA Disabled for HCA 0 'eno7np0'
MOC-R4PCC04U05:696064:696203 [0] NCCL INFO New proxy send connection 0 from local rank 0, transport 0
MOC-R4PCC04U05:696064:696211 [0] NCCL INFO Connected to proxy localRank 0 -> connection 0x7fa564004f30
MOC-R4PCC04U05:696064:696203 [0] NCCL INFO New proxy send connection 1 from local rank 0, transport 0
MOC-R4PCC04U05:696064:696211 [0] NCCL INFO Connected to proxy localRank 0 -> connection 0x7fa564004fa8
MOC-R4PCC04U05:696066:696205 [2] NCCL INFO New proxy recv connection 0 from local rank 2, transport 0
MOC-R4PCC04U05:696066:696212 [2] NCCL INFO Connected to proxy localRank 2 -> connection 0x7fefb4004f30
MOC-R4PCC04U05:696065:696209 [1] NCCL INFO New proxy recv connection 0 from local rank 1, transport 0
MOC-R4PCC04U05:696066:696205 [2] NCCL INFO New proxy recv connection 1 from local rank 2, transport 0
MOC-R4PCC04U05:696065:696213 [1] NCCL INFO Connected to proxy localRank 1 -> connection 0x7f75c8004f30
MOC-R4PCC04U05:696066:696212 [2] NCCL INFO Connected to proxy localRank 2 -> connection 0x7fefb4004fa8
MOC-R4PCC04U05:696064:696203 [0] NCCL INFO New proxy send connection 2 from local rank 0, transport 0
MOC-R4PCC04U05:696064:696211 [0] NCCL INFO Connected to proxy localRank 0 -> connection 0x7fa564005020
MOC-R4PCC04U05:696064:696203 [0] NCCL INFO New proxy send connection 3 from local rank 0, transport 0
MOC-R4PCC04U05:696064:696211 [0] NCCL INFO Connected to proxy localRank 0 -> connection 0x7fa564005098
MOC-R4PCC04U05:696065:696209 [1] NCCL INFO New proxy recv connection 1 from local rank 1, transport 0
MOC-R4PCC04U05:696065:696213 [1] NCCL INFO Connected to proxy localRank 1 -> connection 0x7f75c8004fa8
MOC-R4PCC04U05:696067:696204 [3] NCCL INFO New proxy recv connection 0 from local rank 3, transport 0
MOC-R4PCC04U05:696067:696214 [3] NCCL INFO Connected to proxy localRank 3 -> connection 0x7fd0c0004f30
MOC-R4PCC04U05:696067:696204 [3] NCCL INFO New proxy recv connection 1 from local rank 3, transport 0
MOC-R4PCC04U05:696067:696214 [3] NCCL INFO Connected to proxy localRank 3 -> connection 0x7fd0c0004fa8
MOC-R4PCC04U05:696067:696204 [3] NCCL INFO New proxy send connection 2 from local rank 3, transport 2
MOC-R4PCC04U05:696067:696214 [3] NCCL INFO Connected to proxy localRank 3 -> connection 0x7fd0c0005020
MOC-R4PCC04U05:696066:696205 [2] NCCL INFO New proxy recv connection 2 from local rank 2, transport 2
MOC-R4PCC04U05:696066:696212 [2] NCCL INFO Connected to proxy localRank 2 -> connection 0x7fefb4005020
MOC-R4PCC04U05:696067:696214 [3] NCCL INFO Channel 00/0 : 3[3] -> 6[2] [send] via NET/Socket/0
MOC-R4PCC04U05:696067:696204 [3] NCCL INFO New proxy send connection 3 from local rank 3, transport 2
MOC-R4PCC04U05:696067:696214 [3] NCCL INFO Connected to proxy localRank 3 -> connection 0x7fd0c0005098
MOC-R4PCC04U05:696066:696212 [2] NCCL INFO Channel 00/0 : 15[3] -> 2[2] [receive] via NET/Socket/0
MOC-R4PCC04U05:696066:696205 [2] NCCL INFO New proxy recv connection 3 from local rank 2, transport 2
MOC-R4PCC04U05:696066:696212 [2] NCCL INFO Connected to proxy localRank 2 -> connection 0x7fefb4005098
MOC-R4PCC04U05:696067:696214 [3] NCCL INFO Channel 02/0 : 3[3] -> 6[2] [send] via NET/Socket/0
MOC-R4PCC04U05:696064:696203 [0] NCCL INFO New proxy recv connection 4 from local rank 0, transport 0
MOC-R4PCC04U05:696066:696212 [2] NCCL INFO Channel 02/0 : 15[3] -> 2[2] [receive] via NET/Socket/0
MOC-R4PCC04U05:696064:696211 [0] NCCL INFO Connected to proxy localRank 0 -> connection 0x7fa564005110
MOC-R4PCC04U05:696067:696204 [3] NCCL INFO New proxy recv connection 4 from local rank 3, transport 2
MOC-R4PCC04U05:696067:696214 [3] NCCL INFO Connected to proxy localRank 3 -> connection 0x7fd0c0005110
MOC-R4PCC04U05:696067:696214 [3] NCCL INFO Channel 01/0 : 14[2] -> 3[3] [receive] via NET/Socket/0
MOC-R4PCC04U05:696067:696204 [3] NCCL INFO New proxy recv connection 5 from local rank 3, transport 2
MOC-R4PCC04U05:696067:696214 [3] NCCL INFO Connected to proxy localRank 3 -> connection 0x7fd0c0005188
MOC-R4PCC04U05:696067:696214 [3] NCCL INFO Channel 03/0 : 14[2] -> 3[3] [receive] via NET/Socket/0
MOC-R4PCC04U05:696064:696203 [0] NCCL INFO New proxy recv connection 5 from local rank 0, transport 0
MOC-R4PCC04U05:696064:696211 [0] NCCL INFO Connected to proxy localRank 0 -> connection 0x7fa564005188
MOC-R4PCC04U05:696064:696203 [0] NCCL INFO New proxy recv connection 6 from local rank 0, transport 0
MOC-R4PCC04U05:696064:696211 [0] NCCL INFO Connected to proxy localRank 0 -> connection 0x7fa564005200
MOC-R4PCC04U05:696064:696203 [0] NCCL INFO New proxy recv connection 7 from local rank 0, transport 0
MOC-R4PCC04U05:696064:696211 [0] NCCL INFO Connected to proxy localRank 0 -> connection 0x7fa564005278
MOC-R4PCC04U05:696066:696205 [2] NCCL INFO New proxy send connection 4 from local rank 2, transport 2
MOC-R4PCC04U05:696066:696212 [2] NCCL INFO Connected to proxy localRank 2 -> connection 0x7fefb4005110
MOC-R4PCC04U05:696066:696212 [2] NCCL INFO Channel 01/0 : 2[2] -> 7[3] [send] via NET/Socket/0
MOC-R4PCC04U05:696066:696205 [2] NCCL INFO New proxy send connection 5 from local rank 2, transport 2
MOC-R4PCC04U05:696066:696212 [2] NCCL INFO Connected to proxy localRank 2 -> connection 0x7fefb4005188
MOC-R4PCC04U05:696066:696212 [2] NCCL INFO Channel 03/0 : 2[2] -> 7[3] [send] via NET/Socket/0
MOC-R4PCC04U05:696066:696205 [2] NCCL INFO New proxy send connection 6 from local rank 2, transport 0
MOC-R4PCC04U05:696066:696212 [2] NCCL INFO Connected to proxy localRank 2 -> connection 0x7fefb4005200
MOC-R4PCC04U05:696067:696204 [3] NCCL INFO New proxy send connection 6 from local rank 3, transport 0
MOC-R4PCC04U05:696067:696214 [3] NCCL INFO Connected to proxy localRank 3 -> connection 0x7fd0c0005200
MOC-R4PCC04U05:696066:696205 [2] NCCL INFO New proxy send connection 7 from local rank 2, transport 0
MOC-R4PCC04U05:696066:696212 [2] NCCL INFO Connected to proxy localRank 2 -> connection 0x7fefb4005278
MOC-R4PCC04U05:696067:696204 [3] NCCL INFO New proxy send connection 7 from local rank 3, transport 0
MOC-R4PCC04U05:696067:696214 [3] NCCL INFO Connected to proxy localRank 3 -> connection 0x7fd0c0005278
MOC-R4PCC04U05:696065:696209 [1] NCCL INFO New proxy recv connection 2 from local rank 1, transport 0
MOC-R4PCC04U05:696064:696203 [0] NCCL INFO New proxy send connection 8 from local rank 3, transport 0
MOC-R4PCC04U05:696065:696213 [1] NCCL INFO Connected to proxy localRank 1 -> connection 0x7f75c8005020
MOC-R4PCC04U05:696067:696214 [3] NCCL INFO Connected to proxy localRank 0 -> connection 0x7fa5640052f0
MOC-R4PCC04U05:696065:696209 [1] NCCL INFO New proxy recv connection 3 from local rank 1, transport 0
MOC-R4PCC04U05:696065:696213 [1] NCCL INFO Connected to proxy localRank 1 -> connection 0x7f75c8005098
MOC-R4PCC04U05:696065:696209 [1] NCCL INFO New proxy send connection 4 from local rank 1, transport 0
MOC-R4PCC04U05:696065:696213 [1] NCCL INFO Connected to proxy localRank 1 -> connection 0x7f75c8005110
MOC-R4PCC04U05:696065:696209 [1] NCCL INFO New proxy send connection 5 from local rank 1, transport 0
MOC-R4PCC04U05:696065:696213 [1] NCCL INFO Connected to proxy localRank 1 -> connection 0x7f75c8005188
MOC-R4PCC04U05:696065:696209 [1] NCCL INFO New proxy send connection 6 from local rank 1, transport 0
MOC-R4PCC04U05:696065:696213 [1] NCCL INFO Connected to proxy localRank 1 -> connection 0x7f75c8005200
MOC-R4PCC04U05:696065:696209 [1] NCCL INFO New proxy send connection 7 from local rank 1, transport 0
MOC-R4PCC04U05:696065:696213 [1] NCCL INFO Connected to proxy localRank 1 -> connection 0x7f75c8005278
MOC-R4PCC04U05:696064:696203 [0] NCCL INFO New proxy send connection 9 from local rank 2, transport 0
MOC-R4PCC04U05:696066:696212 [2] NCCL INFO Connected to proxy localRank 0 -> connection 0x7fa564005368
MOC-R4PCC04U05:696066:696205 [2] NCCL INFO New proxy send connection 8 from local rank 0, transport 0
MOC-R4PCC04U05:696064:696211 [0] NCCL INFO Connected to proxy localRank 2 -> connection 0x7fefb40052f0
MOC-R4PCC04U05:696067:696204 [3] NCCL INFO New proxy send connection 8 from local rank 1, transport 0
MOC-R4PCC04U05:696065:696213 [1] NCCL INFO Connected to proxy localRank 3 -> connection 0x7fd0c00052f0
MOC-R4PCC04U05:696065:696209 [1] NCCL INFO New proxy send connection 8 from local rank 2, transport 0
MOC-R4PCC04U05:696066:696212 [2] NCCL INFO Connected to proxy localRank 1 -> connection 0x7f75c80052f0
MOC-R4PCC04U05:696065:696209 [1] NCCL INFO New proxy send connection 9 from local rank 3, transport 0
MOC-R4PCC04U05:696067:696214 [3] NCCL INFO Connected to proxy localRank 1 -> connection 0x7f75c8005368
MOC-R4PCC04U05:696064:696203 [0] NCCL INFO New proxy send connection 10 from local rank 1, transport 0
MOC-R4PCC04U05:696065:696213 [1] NCCL INFO Connected to proxy localRank 0 -> connection 0x7fa5640053e0
MOC-R4PCC04U05:696067:696204 [3] NCCL INFO New proxy send connection 9 from local rank 0, transport 0
MOC-R4PCC04U05:696064:696211 [0] NCCL INFO Connected to proxy localRank 3 -> connection 0x7fd0c0005368
MOC-R4PCC04U05:696066:696205 [2] NCCL INFO New proxy send connection 9 from local rank 1, transport 0
MOC-R4PCC04U05:696065:696213 [1] NCCL INFO Connected to proxy localRank 2 -> connection 0x7fefb4005368
MOC-R4PCC04U05:696065:696209 [1] NCCL INFO New proxy send connection 10 from local rank 0, transport 0
MOC-R4PCC04U05:696064:696211 [0] NCCL INFO Connected to proxy localRank 1 -> connection 0x7f75c80053e0
num decayed parameter tensors: 50, with 124,318,464 parameters
num non-decayed parameter tensors: 98, with 121,344 parameters
using fused AdamW: False
using regular AdamW
MOC-R4PCC04U05:696067:696204 [3] NCCL INFO New proxy recv connection 10 from local rank 3, transport 0
MOC-R4PCC04U05:696067:696938 [3] NCCL INFO Connected to proxy localRank 3 -> connection 0x7fd0c00053e0
MOC-R4PCC04U05:696067:696204 [3] NCCL INFO New proxy recv connection 11 from local rank 3, transport 0
MOC-R4PCC04U05:696067:696938 [3] NCCL INFO Connected to proxy localRank 3 -> connection 0x7fd0c0005458
MOC-R4PCC04U05:696064:696203 [0] NCCL INFO New proxy send connection 11 from local rank 0, transport 0
MOC-R4PCC04U05:696064:696939 [0] NCCL INFO Connected to proxy localRank 0 -> connection 0x7fa564005458
MOC-R4PCC04U05:696064:696203 [0] NCCL INFO New proxy send connection 12 from local rank 0, transport 0
MOC-R4PCC04U05:696064:696939 [0] NCCL INFO Connected to proxy localRank 0 -> connection 0x7fa5640054d0
MOC-R4PCC04U05:696064:696203 [0] NCCL INFO New proxy send connection 13 from local rank 0, transport 0
MOC-R4PCC04U05:696064:696939 [0] NCCL INFO Connected to proxy localRank 0 -> connection 0x7fa564005548
MOC-R4PCC04U05:696064:696203 [0] NCCL INFO New proxy send connection 14 from local rank 0, transport 0
MOC-R4PCC04U05:696064:696939 [0] NCCL INFO Connected to proxy localRank 0 -> connection 0x7fa5640055c0
MOC-R4PCC04U05:696065:696209 [1] NCCL INFO New proxy recv connection 11 from local rank 1, transport 0
MOC-R4PCC04U05:696065:696940 [1] NCCL INFO Connected to proxy localRank 1 -> connection 0x7f75c8005458
MOC-R4PCC04U05:696065:696209 [1] NCCL INFO New proxy recv connection 12 from local rank 1, transport 0
MOC-R4PCC04U05:696065:696940 [1] NCCL INFO Connected to proxy localRank 1 -> connection 0x7f75c80054d0
MOC-R4PCC04U05:696065:696209 [1] NCCL INFO New proxy recv connection 13 from local rank 1, transport 0
MOC-R4PCC04U05:696065:696940 [1] NCCL INFO Connected to proxy localRank 1 -> connection 0x7f75c8005548
MOC-R4PCC04U05:696065:696209 [1] NCCL INFO New proxy recv connection 14 from local rank 1, transport 0
MOC-R4PCC04U05:696065:696940 [1] NCCL INFO Connected to proxy localRank 1 -> connection 0x7f75c80055c0
MOC-R4PCC04U05:696065:696209 [1] NCCL INFO New proxy send connection 15 from local rank 1, transport 0
MOC-R4PCC04U05:696065:696940 [1] NCCL INFO Connected to proxy localRank 1 -> connection 0x7f75c8005638
MOC-R4PCC04U05:696065:696209 [1] NCCL INFO New proxy send connection 16 from local rank 1, transport 0
MOC-R4PCC04U05:696065:696940 [1] NCCL INFO Connected to proxy localRank 1 -> connection 0x7f75c80056b0
MOC-R4PCC04U05:696065:696209 [1] NCCL INFO New proxy send connection 17 from local rank 1, transport 0
MOC-R4PCC04U05:696065:696940 [1] NCCL INFO Connected to proxy localRank 1 -> connection 0x7f75c8005728
MOC-R4PCC04U05:696065:696209 [1] NCCL INFO New proxy send connection 18 from local rank 1, transport 0
MOC-R4PCC04U05:696065:696940 [1] NCCL INFO Connected to proxy localRank 1 -> connection 0x7f75c80057a0
MOC-R4PCC04U05:696064:696203 [0] NCCL INFO New proxy send connection 15 from local rank 0, transport 0
MOC-R4PCC04U05:696064:696939 [0] NCCL INFO Connected to proxy localRank 0 -> connection 0x7fa564005638
MOC-R4PCC04U05:696064:696203 [0] NCCL INFO New proxy send connection 16 from local rank 0, transport 0
MOC-R4PCC04U05:696064:696939 [0] NCCL INFO Connected to proxy localRank 0 -> connection 0x7fa5640056b0
MOC-R4PCC04U05:696064:696203 [0] NCCL INFO New proxy recv connection 17 from local rank 0, transport 0
MOC-R4PCC04U05:696064:696939 [0] NCCL INFO Connected to proxy localRank 0 -> connection 0x7fa564005728
MOC-R4PCC04U05:696067:696204 [3] NCCL INFO New proxy send connection 12 from local rank 3, transport 2
MOC-R4PCC04U05:696067:696938 [3] NCCL INFO Connected to proxy localRank 3 -> connection 0x7fd0c00054d0
MOC-R4PCC04U05:696064:696203 [0] NCCL INFO New proxy recv connection 18 from local rank 0, transport 0
MOC-R4PCC04U05:696064:696939 [0] NCCL INFO Connected to proxy localRank 0 -> connection 0x7fa5640057a0
MOC-R4PCC04U05:696064:696203 [0] NCCL INFO New proxy recv connection 19 from local rank 0, transport 0
MOC-R4PCC04U05:696064:696939 [0] NCCL INFO Connected to proxy localRank 0 -> connection 0x7fa564005818
MOC-R4PCC04U05:696067:696938 [3] NCCL INFO Channel 02/0 : 3[3] -> 7[3] [send] via NET/Socket/0
MOC-R4PCC04U05:696067:696204 [3] NCCL INFO New proxy send connection 13 from local rank 3, transport 2
MOC-R4PCC04U05:696067:696938 [3] NCCL INFO Connected to proxy localRank 3 -> connection 0x7fd0c0005548
MOC-R4PCC04U05:696064:696203 [0] NCCL INFO New proxy recv connection 20 from local rank 0, transport 0
MOC-R4PCC04U05:696064:696939 [0] NCCL INFO Connected to proxy localRank 0 -> connection 0x7fa564005890
MOC-R4PCC04U05:696067:696938 [3] NCCL INFO Channel 03/0 : 3[3] -> 7[3] [send] via NET/Socket/0
MOC-R4PCC04U05:696066:696205 [2] NCCL INFO New proxy recv connection 10 from local rank 2, transport 0
MOC-R4PCC04U05:696066:696941 [2] NCCL INFO Connected to proxy localRank 2 -> connection 0x7fefb40053e0
MOC-R4PCC04U05:696066:696205 [2] NCCL INFO New proxy recv connection 11 from local rank 2, transport 0
MOC-R4PCC04U05:696066:696941 [2] NCCL INFO Connected to proxy localRank 2 -> connection 0x7fefb4005458
MOC-R4PCC04U05:696066:696205 [2] NCCL INFO New proxy recv connection 12 from local rank 2, transport 0
MOC-R4PCC04U05:696066:696941 [2] NCCL INFO Connected to proxy localRank 2 -> connection 0x7fefb40054d0
MOC-R4PCC04U05:696066:696205 [2] NCCL INFO New proxy recv connection 13 from local rank 2, transport 0
MOC-R4PCC04U05:696066:696941 [2] NCCL INFO Connected to proxy localRank 2 -> connection 0x7fefb4005548
MOC-R4PCC04U05:696066:696205 [2] NCCL INFO New proxy send connection 14 from local rank 2, transport 0
MOC-R4PCC04U05:696066:696941 [2] NCCL INFO Connected to proxy localRank 2 -> connection 0x7fefb40055c0
MOC-R4PCC04U05:696065:696209 [1] NCCL INFO New proxy recv connection 19 from local rank 1, transport 0
MOC-R4PCC04U05:696065:696940 [1] NCCL INFO Connected to proxy localRank 1 -> connection 0x7f75c8005818
MOC-R4PCC04U05:696066:696205 [2] NCCL INFO New proxy send connection 15 from local rank 2, transport 0
MOC-R4PCC04U05:696066:696941 [2] NCCL INFO Connected to proxy localRank 2 -> connection 0x7fefb4005638
MOC-R4PCC04U05:696065:696209 [1] NCCL INFO New proxy recv connection 20 from local rank 1, transport 0
MOC-R4PCC04U05:696065:696940 [1] NCCL INFO Connected to proxy localRank 1 -> connection 0x7f75c8005890
MOC-R4PCC04U05:696067:696204 [3] NCCL INFO New proxy recv connection 14 from local rank 3, transport 2
MOC-R4PCC04U05:696067:696938 [3] NCCL INFO Connected to proxy localRank 3 -> connection 0x7fd0c00055c0
MOC-R4PCC04U05:696067:696938 [3] NCCL INFO Channel 00/0 : 11[3] -> 3[3] [receive] via NET/Socket/0
MOC-R4PCC04U05:696067:696204 [3] NCCL INFO New proxy recv connection 15 from local rank 3, transport 2
MOC-R4PCC04U05:696067:696938 [3] NCCL INFO Connected to proxy localRank 3 -> connection 0x7fd0c0005638
MOC-R4PCC04U05:696067:696938 [3] NCCL INFO Channel 01/0 : 11[3] -> 3[3] [receive] via NET/Socket/0
MOC-R4PCC04U05:696067:696204 [3] NCCL INFO New proxy send connection 16 from local rank 3, transport 2
MOC-R4PCC04U05:696067:696938 [3] NCCL INFO Connected to proxy localRank 3 -> connection 0x7fd0c00056b0
MOC-R4PCC04U05:696067:696938 [3] NCCL INFO Channel 00/0 : 3[3] -> 11[3] [send] via NET/Socket/0
MOC-R4PCC04U05:696067:696204 [3] NCCL INFO New proxy send connection 17 from local rank 3, transport 2
MOC-R4PCC04U05:696067:696938 [3] NCCL INFO Connected to proxy localRank 3 -> connection 0x7fd0c0005728
MOC-R4PCC04U05:696067:696938 [3] NCCL INFO Channel 01/0 : 3[3] -> 11[3] [send] via NET/Socket/0
MOC-R4PCC04U05:696067:696204 [3] NCCL INFO New proxy recv connection 18 from local rank 3, transport 2
MOC-R4PCC04U05:696067:696938 [3] NCCL INFO Connected to proxy localRank 3 -> connection 0x7fd0c00057a0
MOC-R4PCC04U05:696067:696938 [3] NCCL INFO Channel 02/0 : 7[3] -> 3[3] [receive] via NET/Socket/0
MOC-R4PCC04U05:696067:696204 [3] NCCL INFO New proxy recv connection 19 from local rank 3, transport 2
MOC-R4PCC04U05:696067:696938 [3] NCCL INFO Connected to proxy localRank 3 -> connection 0x7fd0c0005818
MOC-R4PCC04U05:696067:696938 [3] NCCL INFO Channel 03/0 : 7[3] -> 3[3] [receive] via NET/Socket/0
MOC-R4PCC04U05:696067:696204 [3] NCCL INFO New proxy send connection 20 from local rank 3, transport 0
MOC-R4PCC04U05:696067:696938 [3] NCCL INFO Connected to proxy localRank 3 -> connection 0x7fd0c0005890
MOC-R4PCC04U05:696067:696204 [3] NCCL INFO New proxy send connection 21 from local rank 3, transport 0
MOC-R4PCC04U05:696067:696938 [3] NCCL INFO Connected to proxy localRank 3 -> connection 0x7fd0c0005908
MOC-R4PCC04U05:696067:696204 [3] NCCL INFO New proxy send connection 22 from local rank 3, transport 0
MOC-R4PCC04U05:696067:696938 [3] NCCL INFO Connected to proxy localRank 3 -> connection 0x7fd0c0005980
MOC-R4PCC04U05:696067:696204 [3] NCCL INFO New proxy send connection 23 from local rank 3, transport 0
MOC-R4PCC04U05:696067:696938 [3] NCCL INFO Connected to proxy localRank 3 -> connection 0x7fd0c00059f8
step    1/10 | train loss 11.010115 | norm 15.2907 | lr 1.00e-04 | (14424.61 ms | 254427 tok/s)
step    2/10 | train loss 10.140851 | norm 5.7211 | lr 1.00e-04 | (635.63 ms | 5773858 tok/s)
step    3/10 | train loss 9.801554 | norm 2.5941 | lr 1.00e-04 | (634.12 ms | 5787591 tok/s)
step    4/10 | train loss 9.632920 | norm 2.0998 | lr 1.00e-04 | (629.75 ms | 5827779 tok/s)
step    5/10 | train loss 9.550362 | norm 2.0944 | lr 1.00e-04 | (634.00 ms | 5788696 tok/s)
step    6/10 | train loss 9.469850 | norm 1.9874 | lr 1.00e-04 | (633.44 ms | 5793788 tok/s)
step    7/10 | train loss 9.385089 | norm 1.9374 | lr 1.00e-04 | (630.64 ms | 5819512 tok/s)
step    8/10 | train loss 9.294356 | norm 1.9058 | lr 1.00e-04 | (632.59 ms | 5801595 tok/s)
step    9/10 | train loss 9.199847 | norm 1.8538 | lr 1.00e-04 | (632.46 ms | 5802789 tok/s)
step   10/10 | train loss 9.114299 | norm 1.7841 | lr 1.00e-04 | (632.02 ms | 5806843 tok/s)
final 9 iters avg: 632.736ms
peak memory consumption: 16601 MiB
