Running pytorch 2.7.0+cu126
using device: cuda:0
total desired batch size: 1048576
=> calculated gradient accumulation steps: 4
using device: cuda:3
using device: cuda:2
using device: cuda:1
compiling the model...
DataLoader: total number of tokens: 1,661,249,667 across 103 files
MOC-R4PCC04U05:368054:368054 [0] NCCL INFO NCCL_SOCKET_IFNAME set to eno7np0
MOC-R4PCC04U05:368054:368054 [0] NCCL INFO NCCL version 2.26.2+cuda12.2
MOC-R4PCC04U05:368054:368095 [0] NCCL INFO NET/Plugin: Could not find: libnccl-net.so. Using internal net plugin.
MOC-R4PCC04U05:368054:368095 [0] NCCL INFO NET/Socket : Using [0]eno7np0:192.168.50.193<0>
MOC-R4PCC04U05:368057:368057 [3] NCCL INFO NCCL_SOCKET_IFNAME set to eno7np0
MOC-R4PCC04U05:368057:368057 [3] NCCL INFO NCCL version 2.26.2+cuda12.2
MOC-R4PCC04U05:368056:368056 [2] NCCL INFO NCCL_SOCKET_IFNAME set to eno7np0
MOC-R4PCC04U05:368055:368055 [1] NCCL INFO NCCL_SOCKET_IFNAME set to eno7np0
MOC-R4PCC04U05:368056:368056 [2] NCCL INFO NCCL version 2.26.2+cuda12.2
MOC-R4PCC04U05:368055:368055 [1] NCCL INFO NCCL version 2.26.2+cuda12.2
MOC-R4PCC04U05:368057:368096 [3] NCCL INFO NET/Plugin: Could not find: libnccl-net.so. Using internal net plugin.
MOC-R4PCC04U05:368057:368096 [3] NCCL INFO NET/Socket : Using [0]eno7np0:192.168.50.193<0>
MOC-R4PCC04U05:368056:368097 [2] NCCL INFO NET/Plugin: Could not find: libnccl-net.so. Using internal net plugin.
MOC-R4PCC04U05:368056:368097 [2] NCCL INFO NET/Socket : Using [0]eno7np0:192.168.50.193<0>
MOC-R4PCC04U05:368055:368098 [1] NCCL INFO NET/Plugin: Could not find: libnccl-net.so. Using internal net plugin.
MOC-R4PCC04U05:368055:368098 [1] NCCL INFO NET/Socket : Using [0]eno7np0:192.168.50.193<0>
MOC-R4PCC04U05:368057:368096 [3] NCCL INFO NET/Socket : GPU Direct RDMA Disabled for HCA 0 'eno7np0'
MOC-R4PCC04U05:368056:368097 [2] NCCL INFO NET/Socket : GPU Direct RDMA Disabled for HCA 0 'eno7np0'
MOC-R4PCC04U05:368054:368095 [0] NCCL INFO NET/Socket : GPU Direct RDMA Disabled for HCA 0 'eno7np0'
MOC-R4PCC04U05:368055:368098 [1] NCCL INFO NET/Socket : GPU Direct RDMA Disabled for HCA 0 'eno7np0'
MOC-R4PCC04U05:368056:368107 [2] NCCL INFO New proxy recv connection 0 from local rank 2, transport 0
MOC-R4PCC04U05:368056:368114 [2] NCCL INFO Connected to proxy localRank 2 -> connection 0x7faca4004f30
MOC-R4PCC04U05:368057:368105 [3] NCCL INFO New proxy recv connection 0 from local rank 3, transport 0
MOC-R4PCC04U05:368057:368115 [3] NCCL INFO Connected to proxy localRank 3 -> connection 0x7fb060004f30
MOC-R4PCC04U05:368056:368107 [2] NCCL INFO New proxy recv connection 1 from local rank 2, transport 0
MOC-R4PCC04U05:368056:368114 [2] NCCL INFO Connected to proxy localRank 2 -> connection 0x7faca4004fa8
MOC-R4PCC04U05:368057:368105 [3] NCCL INFO New proxy recv connection 1 from local rank 3, transport 0
MOC-R4PCC04U05:368057:368115 [3] NCCL INFO Connected to proxy localRank 3 -> connection 0x7fb060004fa8
MOC-R4PCC04U05:368054:368106 [0] NCCL INFO New proxy send connection 0 from local rank 0, transport 0
MOC-R4PCC04U05:368054:368116 [0] NCCL INFO Connected to proxy localRank 0 -> connection 0x7ff86c004f30
MOC-R4PCC04U05:368054:368106 [0] NCCL INFO New proxy send connection 1 from local rank 0, transport 0
MOC-R4PCC04U05:368054:368116 [0] NCCL INFO Connected to proxy localRank 0 -> connection 0x7ff86c004fa8
MOC-R4PCC04U05:368054:368106 [0] NCCL INFO New proxy send connection 2 from local rank 0, transport 0
MOC-R4PCC04U05:368054:368116 [0] NCCL INFO Connected to proxy localRank 0 -> connection 0x7ff86c005020
MOC-R4PCC04U05:368055:368104 [1] NCCL INFO New proxy recv connection 0 from local rank 1, transport 0
MOC-R4PCC04U05:368055:368117 [1] NCCL INFO Connected to proxy localRank 1 -> connection 0x7f40e4004f30
MOC-R4PCC04U05:368054:368106 [0] NCCL INFO New proxy send connection 3 from local rank 0, transport 0
MOC-R4PCC04U05:368054:368116 [0] NCCL INFO Connected to proxy localRank 0 -> connection 0x7ff86c005098
MOC-R4PCC04U05:368055:368104 [1] NCCL INFO New proxy recv connection 1 from local rank 1, transport 0
MOC-R4PCC04U05:368055:368117 [1] NCCL INFO Connected to proxy localRank 1 -> connection 0x7f40e4004fa8
MOC-R4PCC04U05:368057:368105 [3] NCCL INFO New proxy send connection 2 from local rank 3, transport 2
MOC-R4PCC04U05:368057:368115 [3] NCCL INFO Connected to proxy localRank 3 -> connection 0x7fb060005020
MOC-R4PCC04U05:368057:368115 [3] NCCL INFO Channel 00/0 : 3[3] -> 6[2] [send] via NET/Socket/0
MOC-R4PCC04U05:368057:368105 [3] NCCL INFO New proxy send connection 3 from local rank 3, transport 2
MOC-R4PCC04U05:368057:368115 [3] NCCL INFO Connected to proxy localRank 3 -> connection 0x7fb060005098
MOC-R4PCC04U05:368057:368115 [3] NCCL INFO Channel 02/0 : 3[3] -> 6[2] [send] via NET/Socket/0
MOC-R4PCC04U05:368054:368106 [0] NCCL INFO New proxy recv connection 4 from local rank 0, transport 0
MOC-R4PCC04U05:368054:368116 [0] NCCL INFO Connected to proxy localRank 0 -> connection 0x7ff86c005110
MOC-R4PCC04U05:368057:368105 [3] NCCL INFO New proxy recv connection 4 from local rank 3, transport 2
MOC-R4PCC04U05:368057:368115 [3] NCCL INFO Connected to proxy localRank 3 -> connection 0x7fb060005110
MOC-R4PCC04U05:368057:368115 [3] NCCL INFO Channel 01/0 : 6[2] -> 3[3] [receive] via NET/Socket/0
MOC-R4PCC04U05:368057:368105 [3] NCCL INFO New proxy recv connection 5 from local rank 3, transport 2
MOC-R4PCC04U05:368057:368115 [3] NCCL INFO Connected to proxy localRank 3 -> connection 0x7fb060005188
MOC-R4PCC04U05:368054:368106 [0] NCCL INFO New proxy recv connection 5 from local rank 0, transport 0
MOC-R4PCC04U05:368054:368116 [0] NCCL INFO Connected to proxy localRank 0 -> connection 0x7ff86c005188
MOC-R4PCC04U05:368057:368115 [3] NCCL INFO Channel 03/0 : 6[2] -> 3[3] [receive] via NET/Socket/0
MOC-R4PCC04U05:368057:368105 [3] NCCL INFO New proxy send connection 6 from local rank 3, transport 0
MOC-R4PCC04U05:368057:368115 [3] NCCL INFO Connected to proxy localRank 3 -> connection 0x7fb060005200
MOC-R4PCC04U05:368054:368106 [0] NCCL INFO New proxy recv connection 6 from local rank 0, transport 0
MOC-R4PCC04U05:368054:368116 [0] NCCL INFO Connected to proxy localRank 0 -> connection 0x7ff86c005200
MOC-R4PCC04U05:368057:368105 [3] NCCL INFO New proxy send connection 7 from local rank 3, transport 0
MOC-R4PCC04U05:368057:368115 [3] NCCL INFO Connected to proxy localRank 3 -> connection 0x7fb060005278
MOC-R4PCC04U05:368054:368106 [0] NCCL INFO New proxy recv connection 7 from local rank 0, transport 0
MOC-R4PCC04U05:368054:368116 [0] NCCL INFO Connected to proxy localRank 0 -> connection 0x7ff86c005278
MOC-R4PCC04U05:368055:368104 [1] NCCL INFO New proxy recv connection 2 from local rank 1, transport 0
MOC-R4PCC04U05:368055:368117 [1] NCCL INFO Connected to proxy localRank 1 -> connection 0x7f40e4005020
MOC-R4PCC04U05:368054:368106 [0] NCCL INFO New proxy send connection 8 from local rank 3, transport 0
MOC-R4PCC04U05:368057:368115 [3] NCCL INFO Connected to proxy localRank 0 -> connection 0x7ff86c0052f0
MOC-R4PCC04U05:368055:368104 [1] NCCL INFO New proxy recv connection 3 from local rank 1, transport 0
MOC-R4PCC04U05:368055:368117 [1] NCCL INFO Connected to proxy localRank 1 -> connection 0x7f40e4005098
MOC-R4PCC04U05:368056:368107 [2] NCCL INFO New proxy recv connection 2 from local rank 2, transport 2
MOC-R4PCC04U05:368055:368104 [1] NCCL INFO New proxy send connection 4 from local rank 1, transport 0
MOC-R4PCC04U05:368055:368117 [1] NCCL INFO Connected to proxy localRank 1 -> connection 0x7f40e4005110
MOC-R4PCC04U05:368056:368114 [2] NCCL INFO Connected to proxy localRank 2 -> connection 0x7faca4005020
MOC-R4PCC04U05:368056:368114 [2] NCCL INFO Channel 00/0 : 7[3] -> 2[2] [receive] via NET/Socket/0
MOC-R4PCC04U05:368056:368107 [2] NCCL INFO New proxy recv connection 3 from local rank 2, transport 2
MOC-R4PCC04U05:368056:368114 [2] NCCL INFO Connected to proxy localRank 2 -> connection 0x7faca4005098
MOC-R4PCC04U05:368055:368104 [1] NCCL INFO New proxy send connection 5 from local rank 1, transport 0
MOC-R4PCC04U05:368055:368117 [1] NCCL INFO Connected to proxy localRank 1 -> connection 0x7f40e4005188
MOC-R4PCC04U05:368056:368114 [2] NCCL INFO Channel 02/0 : 7[3] -> 2[2] [receive] via NET/Socket/0
MOC-R4PCC04U05:368056:368107 [2] NCCL INFO New proxy send connection 4 from local rank 2, transport 2
MOC-R4PCC04U05:368056:368114 [2] NCCL INFO Connected to proxy localRank 2 -> connection 0x7faca4005110
MOC-R4PCC04U05:368056:368114 [2] NCCL INFO Channel 01/0 : 2[2] -> 7[3] [send] via NET/Socket/0
MOC-R4PCC04U05:368056:368107 [2] NCCL INFO New proxy send connection 5 from local rank 2, transport 2
MOC-R4PCC04U05:368056:368114 [2] NCCL INFO Connected to proxy localRank 2 -> connection 0x7faca4005188
MOC-R4PCC04U05:368056:368114 [2] NCCL INFO Channel 03/0 : 2[2] -> 7[3] [send] via NET/Socket/0
MOC-R4PCC04U05:368056:368107 [2] NCCL INFO New proxy send connection 6 from local rank 2, transport 0
MOC-R4PCC04U05:368056:368114 [2] NCCL INFO Connected to proxy localRank 2 -> connection 0x7faca4005200
MOC-R4PCC04U05:368056:368107 [2] NCCL INFO New proxy send connection 7 from local rank 2, transport 0
MOC-R4PCC04U05:368055:368104 [1] NCCL INFO New proxy send connection 6 from local rank 1, transport 0
MOC-R4PCC04U05:368056:368114 [2] NCCL INFO Connected to proxy localRank 2 -> connection 0x7faca4005278
MOC-R4PCC04U05:368055:368117 [1] NCCL INFO Connected to proxy localRank 1 -> connection 0x7f40e4005200
MOC-R4PCC04U05:368055:368104 [1] NCCL INFO New proxy send connection 7 from local rank 1, transport 0
MOC-R4PCC04U05:368055:368117 [1] NCCL INFO Connected to proxy localRank 1 -> connection 0x7f40e4005278
MOC-R4PCC04U05:368054:368106 [0] NCCL INFO New proxy send connection 9 from local rank 2, transport 0
MOC-R4PCC04U05:368056:368114 [2] NCCL INFO Connected to proxy localRank 0 -> connection 0x7ff86c005368
MOC-R4PCC04U05:368056:368107 [2] NCCL INFO New proxy send connection 8 from local rank 0, transport 0
MOC-R4PCC04U05:368054:368116 [0] NCCL INFO Connected to proxy localRank 2 -> connection 0x7faca40052f0
MOC-R4PCC04U05:368057:368105 [3] NCCL INFO New proxy send connection 8 from local rank 1, transport 0
MOC-R4PCC04U05:368055:368117 [1] NCCL INFO Connected to proxy localRank 3 -> connection 0x7fb0600052f0
MOC-R4PCC04U05:368055:368104 [1] NCCL INFO New proxy send connection 8 from local rank 3, transport 0
MOC-R4PCC04U05:368057:368115 [3] NCCL INFO Connected to proxy localRank 1 -> connection 0x7f40e40052f0
MOC-R4PCC04U05:368057:368105 [3] NCCL INFO New proxy send connection 9 from local rank 0, transport 0
MOC-R4PCC04U05:368054:368116 [0] NCCL INFO Connected to proxy localRank 3 -> connection 0x7fb060005368
MOC-R4PCC04U05:368055:368104 [1] NCCL INFO New proxy send connection 9 from local rank 2, transport 0
MOC-R4PCC04U05:368056:368114 [2] NCCL INFO Connected to proxy localRank 1 -> connection 0x7f40e4005368
MOC-R4PCC04U05:368054:368106 [0] NCCL INFO New proxy send connection 10 from local rank 1, transport 0
MOC-R4PCC04U05:368055:368117 [1] NCCL INFO Connected to proxy localRank 0 -> connection 0x7ff86c0053e0
MOC-R4PCC04U05:368055:368104 [1] NCCL INFO New proxy send connection 10 from local rank 0, transport 0
MOC-R4PCC04U05:368054:368116 [0] NCCL INFO Connected to proxy localRank 1 -> connection 0x7f40e40053e0
MOC-R4PCC04U05:368056:368107 [2] NCCL INFO New proxy send connection 9 from local rank 1, transport 0
MOC-R4PCC04U05:368055:368117 [1] NCCL INFO Connected to proxy localRank 2 -> connection 0x7faca4005368
num decayed parameter tensors: 50, with 124,318,464 parameters
num non-decayed parameter tensors: 98, with 121,344 parameters
using fused AdamW: False
using regular AdamW
MOC-R4PCC04U05:368054:368106 [0] NCCL INFO New proxy send connection 11 from local rank 0, transport 0
MOC-R4PCC04U05:368054:368876 [0] NCCL INFO Connected to proxy localRank 0 -> connection 0x7ff86c005458
MOC-R4PCC04U05:368054:368106 [0] NCCL INFO New proxy send connection 12 from local rank 0, transport 0
MOC-R4PCC04U05:368054:368876 [0] NCCL INFO Connected to proxy localRank 0 -> connection 0x7ff86c0054d0
MOC-R4PCC04U05:368054:368106 [0] NCCL INFO New proxy send connection 13 from local rank 0, transport 0
MOC-R4PCC04U05:368054:368876 [0] NCCL INFO Connected to proxy localRank 0 -> connection 0x7ff86c005548
MOC-R4PCC04U05:368054:368106 [0] NCCL INFO New proxy send connection 14 from local rank 0, transport 0
MOC-R4PCC04U05:368054:368876 [0] NCCL INFO Connected to proxy localRank 0 -> connection 0x7ff86c0055c0
MOC-R4PCC04U05:368057:368105 [3] NCCL INFO New proxy recv connection 10 from local rank 3, transport 0
MOC-R4PCC04U05:368057:368877 [3] NCCL INFO Connected to proxy localRank 3 -> connection 0x7fb0600053e0
MOC-R4PCC04U05:368057:368105 [3] NCCL INFO New proxy recv connection 11 from local rank 3, transport 0
MOC-R4PCC04U05:368057:368877 [3] NCCL INFO Connected to proxy localRank 3 -> connection 0x7fb060005458
MOC-R4PCC04U05:368055:368104 [1] NCCL INFO New proxy recv connection 11 from local rank 1, transport 0
MOC-R4PCC04U05:368055:368878 [1] NCCL INFO Connected to proxy localRank 1 -> connection 0x7f40e4005458
MOC-R4PCC04U05:368055:368104 [1] NCCL INFO New proxy recv connection 12 from local rank 1, transport 0
MOC-R4PCC04U05:368055:368878 [1] NCCL INFO Connected to proxy localRank 1 -> connection 0x7f40e40054d0
MOC-R4PCC04U05:368055:368104 [1] NCCL INFO New proxy recv connection 13 from local rank 1, transport 0
MOC-R4PCC04U05:368055:368878 [1] NCCL INFO Connected to proxy localRank 1 -> connection 0x7f40e4005548
MOC-R4PCC04U05:368055:368104 [1] NCCL INFO New proxy recv connection 14 from local rank 1, transport 0
MOC-R4PCC04U05:368055:368878 [1] NCCL INFO Connected to proxy localRank 1 -> connection 0x7f40e40055c0
MOC-R4PCC04U05:368055:368104 [1] NCCL INFO New proxy send connection 15 from local rank 1, transport 0
MOC-R4PCC04U05:368055:368878 [1] NCCL INFO Connected to proxy localRank 1 -> connection 0x7f40e4005638
MOC-R4PCC04U05:368055:368104 [1] NCCL INFO New proxy send connection 16 from local rank 1, transport 0
MOC-R4PCC04U05:368055:368878 [1] NCCL INFO Connected to proxy localRank 1 -> connection 0x7f40e40056b0
MOC-R4PCC04U05:368055:368104 [1] NCCL INFO New proxy send connection 17 from local rank 1, transport 0
MOC-R4PCC04U05:368055:368878 [1] NCCL INFO Connected to proxy localRank 1 -> connection 0x7f40e4005728
MOC-R4PCC04U05:368055:368104 [1] NCCL INFO New proxy send connection 18 from local rank 1, transport 0
MOC-R4PCC04U05:368055:368878 [1] NCCL INFO Connected to proxy localRank 1 -> connection 0x7f40e40057a0
MOC-R4PCC04U05:368054:368106 [0] NCCL INFO New proxy send connection 15 from local rank 0, transport 0
MOC-R4PCC04U05:368054:368876 [0] NCCL INFO Connected to proxy localRank 0 -> connection 0x7ff86c005638
MOC-R4PCC04U05:368054:368106 [0] NCCL INFO New proxy send connection 16 from local rank 0, transport 0
MOC-R4PCC04U05:368054:368876 [0] NCCL INFO Connected to proxy localRank 0 -> connection 0x7ff86c0056b0
MOC-R4PCC04U05:368054:368106 [0] NCCL INFO New proxy recv connection 17 from local rank 0, transport 0
MOC-R4PCC04U05:368054:368876 [0] NCCL INFO Connected to proxy localRank 0 -> connection 0x7ff86c005728
MOC-R4PCC04U05:368057:368105 [3] NCCL INFO New proxy recv connection 12 from local rank 3, transport 2
MOC-R4PCC04U05:368057:368877 [3] NCCL INFO Connected to proxy localRank 3 -> connection 0x7fb0600054d0
MOC-R4PCC04U05:368054:368106 [0] NCCL INFO New proxy recv connection 18 from local rank 0, transport 0
MOC-R4PCC04U05:368054:368876 [0] NCCL INFO Connected to proxy localRank 0 -> connection 0x7ff86c0057a0
MOC-R4PCC04U05:368054:368106 [0] NCCL INFO New proxy recv connection 19 from local rank 0, transport 0
MOC-R4PCC04U05:368054:368876 [0] NCCL INFO Connected to proxy localRank 0 -> connection 0x7ff86c005818
MOC-R4PCC04U05:368057:368877 [3] NCCL INFO Channel 00/0 : 7[3] -> 3[3] [receive] via NET/Socket/0
MOC-R4PCC04U05:368057:368105 [3] NCCL INFO New proxy recv connection 13 from local rank 3, transport 2
MOC-R4PCC04U05:368057:368877 [3] NCCL INFO Connected to proxy localRank 3 -> connection 0x7fb060005548
MOC-R4PCC04U05:368054:368106 [0] NCCL INFO New proxy recv connection 20 from local rank 0, transport 0
MOC-R4PCC04U05:368054:368876 [0] NCCL INFO Connected to proxy localRank 0 -> connection 0x7ff86c005890
MOC-R4PCC04U05:368057:368877 [3] NCCL INFO Channel 01/0 : 7[3] -> 3[3] [receive] via NET/Socket/0
MOC-R4PCC04U05:368057:368105 [3] NCCL INFO New proxy recv connection 14 from local rank 3, transport 2
MOC-R4PCC04U05:368057:368877 [3] NCCL INFO Connected to proxy localRank 3 -> connection 0x7fb0600055c0
MOC-R4PCC04U05:368057:368877 [3] NCCL INFO Channel 02/0 : 7[3] -> 3[3] [receive] via NET/Socket/0
MOC-R4PCC04U05:368057:368105 [3] NCCL INFO New proxy recv connection 15 from local rank 3, transport 2
MOC-R4PCC04U05:368057:368877 [3] NCCL INFO Connected to proxy localRank 3 -> connection 0x7fb060005638
MOC-R4PCC04U05:368057:368877 [3] NCCL INFO Channel 03/0 : 7[3] -> 3[3] [receive] via NET/Socket/0
MOC-R4PCC04U05:368057:368105 [3] NCCL INFO New proxy send connection 16 from local rank 3, transport 2
MOC-R4PCC04U05:368057:368877 [3] NCCL INFO Connected to proxy localRank 3 -> connection 0x7fb0600056b0
MOC-R4PCC04U05:368057:368877 [3] NCCL INFO Channel 00/0 : 3[3] -> 7[3] [send] via NET/Socket/0
MOC-R4PCC04U05:368057:368105 [3] NCCL INFO New proxy send connection 17 from local rank 3, transport 2
MOC-R4PCC04U05:368057:368877 [3] NCCL INFO Connected to proxy localRank 3 -> connection 0x7fb060005728
MOC-R4PCC04U05:368057:368877 [3] NCCL INFO Channel 01/0 : 3[3] -> 7[3] [send] via NET/Socket/0
MOC-R4PCC04U05:368057:368105 [3] NCCL INFO New proxy send connection 18 from local rank 3, transport 2
MOC-R4PCC04U05:368057:368877 [3] NCCL INFO Connected to proxy localRank 3 -> connection 0x7fb0600057a0
MOC-R4PCC04U05:368057:368877 [3] NCCL INFO Channel 02/0 : 3[3] -> 7[3] [send] via NET/Socket/0
MOC-R4PCC04U05:368057:368105 [3] NCCL INFO New proxy send connection 19 from local rank 3, transport 2
MOC-R4PCC04U05:368057:368877 [3] NCCL INFO Connected to proxy localRank 3 -> connection 0x7fb060005818
MOC-R4PCC04U05:368057:368877 [3] NCCL INFO Channel 03/0 : 3[3] -> 7[3] [send] via NET/Socket/0
MOC-R4PCC04U05:368056:368107 [2] NCCL INFO New proxy recv connection 10 from local rank 2, transport 0
MOC-R4PCC04U05:368056:368879 [2] NCCL INFO Connected to proxy localRank 2 -> connection 0x7faca40053e0
MOC-R4PCC04U05:368056:368107 [2] NCCL INFO New proxy recv connection 11 from local rank 2, transport 0
MOC-R4PCC04U05:368056:368879 [2] NCCL INFO Connected to proxy localRank 2 -> connection 0x7faca4005458
MOC-R4PCC04U05:368056:368107 [2] NCCL INFO New proxy recv connection 12 from local rank 2, transport 0
MOC-R4PCC04U05:368056:368879 [2] NCCL INFO Connected to proxy localRank 2 -> connection 0x7faca40054d0
MOC-R4PCC04U05:368056:368107 [2] NCCL INFO New proxy recv connection 13 from local rank 2, transport 0
MOC-R4PCC04U05:368056:368879 [2] NCCL INFO Connected to proxy localRank 2 -> connection 0x7faca4005548
MOC-R4PCC04U05:368056:368107 [2] NCCL INFO New proxy send connection 14 from local rank 2, transport 0
MOC-R4PCC04U05:368056:368879 [2] NCCL INFO Connected to proxy localRank 2 -> connection 0x7faca40055c0
MOC-R4PCC04U05:368055:368104 [1] NCCL INFO New proxy recv connection 19 from local rank 1, transport 0
MOC-R4PCC04U05:368055:368878 [1] NCCL INFO Connected to proxy localRank 1 -> connection 0x7f40e4005818
MOC-R4PCC04U05:368056:368107 [2] NCCL INFO New proxy send connection 15 from local rank 2, transport 0
MOC-R4PCC04U05:368056:368879 [2] NCCL INFO Connected to proxy localRank 2 -> connection 0x7faca4005638
MOC-R4PCC04U05:368055:368104 [1] NCCL INFO New proxy recv connection 20 from local rank 1, transport 0
MOC-R4PCC04U05:368055:368878 [1] NCCL INFO Connected to proxy localRank 1 -> connection 0x7f40e4005890
MOC-R4PCC04U05:368057:368105 [3] NCCL INFO New proxy send connection 20 from local rank 3, transport 0
MOC-R4PCC04U05:368057:368877 [3] NCCL INFO Connected to proxy localRank 3 -> connection 0x7fb060005890
MOC-R4PCC04U05:368057:368105 [3] NCCL INFO New proxy send connection 21 from local rank 3, transport 0
MOC-R4PCC04U05:368057:368877 [3] NCCL INFO Connected to proxy localRank 3 -> connection 0x7fb060005908
MOC-R4PCC04U05:368057:368105 [3] NCCL INFO New proxy send connection 22 from local rank 3, transport 0
MOC-R4PCC04U05:368057:368877 [3] NCCL INFO Connected to proxy localRank 3 -> connection 0x7fb060005980
MOC-R4PCC04U05:368057:368105 [3] NCCL INFO New proxy send connection 23 from local rank 3, transport 0
MOC-R4PCC04U05:368057:368877 [3] NCCL INFO Connected to proxy localRank 3 -> connection 0x7fb0600059f8
step    1/10 | train loss 11.010094 | norm 15.4736 | lr 1.00e-04 | (14134.10 ms | 74188 tok/s)
step    2/10 | train loss 10.132344 | norm 5.7711 | lr 1.00e-04 | (361.44 ms | 2901077 tok/s)
step    3/10 | train loss 9.790415 | norm 2.6207 | lr 1.00e-04 | (356.69 ms | 2939741 tok/s)
step    4/10 | train loss 9.620087 | norm 2.1209 | lr 1.00e-04 | (354.57 ms | 2957328 tok/s)
step    5/10 | train loss 9.536890 | norm 2.1163 | lr 1.00e-04 | (355.65 ms | 2948331 tok/s)
step    6/10 | train loss 9.455261 | norm 2.0053 | lr 1.00e-04 | (356.69 ms | 2939710 tok/s)
step    7/10 | train loss 9.369591 | norm 1.9545 | lr 1.00e-04 | (556.06 ms | 1885729 tok/s)
step    8/10 | train loss 9.277893 | norm 1.9223 | lr 1.00e-04 | (356.88 ms | 2938189 tok/s)
step    9/10 | train loss 9.182255 | norm 1.8716 | lr 1.00e-04 | (354.51 ms | 2957829 tok/s)
step   10/10 | train loss 9.094438 | norm 1.7972 | lr 1.00e-04 | (354.86 ms | 2954864 tok/s)
final 9 iters avg: 378.595ms
peak memory consumption: 16601 MiB
