Running pytorch 2.7.0+cu126
using device: cuda:0
total desired batch size: 1048576
=> calculated gradient accumulation steps: 4
using device: cuda:1
using device: cuda:2
using device: cuda:3
compiling the model...
DataLoader: total number of tokens: 1,661,249,667 across 103 files
MOC-R4PCC04U05:397027:397027 [0] NCCL INFO NCCL_SOCKET_IFNAME set to eno7np0
MOC-R4PCC04U05:397027:397027 [0] NCCL INFO NCCL version 2.26.2+cuda12.2
MOC-R4PCC04U05:397027:397068 [0] NCCL INFO NET/Plugin: Could not find: libnccl-net.so. Using internal net plugin.
MOC-R4PCC04U05:397027:397068 [0] NCCL INFO NCCL_IB_HCA set to mlx5_5
MOC-R4PCC04U05:397027:397068 [0] NCCL INFO NET/IB : Made virtual device [0] name=mlx5_5 speed=400000 ndevs=1
MOC-R4PCC04U05:397027:397068 [0] NCCL INFO NET/IB : Using [0]mlx5_5:1/RoCE [RO]; OOB eno7np0:192.168.50.193<0>
MOC-R4PCC04U05:397029:397029 [2] NCCL INFO NCCL_SOCKET_IFNAME set to eno7np0
MOC-R4PCC04U05:397028:397028 [1] NCCL INFO NCCL_SOCKET_IFNAME set to eno7np0
MOC-R4PCC04U05:397030:397030 [3] NCCL INFO NCCL_SOCKET_IFNAME set to eno7np0
MOC-R4PCC04U05:397029:397029 [2] NCCL INFO NCCL version 2.26.2+cuda12.2
MOC-R4PCC04U05:397028:397028 [1] NCCL INFO NCCL version 2.26.2+cuda12.2
MOC-R4PCC04U05:397030:397030 [3] NCCL INFO NCCL version 2.26.2+cuda12.2
MOC-R4PCC04U05:397029:397070 [2] NCCL INFO NET/Plugin: Could not find: libnccl-net.so. Using internal net plugin.
MOC-R4PCC04U05:397029:397070 [2] NCCL INFO NCCL_IB_HCA set to mlx5_5
MOC-R4PCC04U05:397028:397071 [1] NCCL INFO NET/Plugin: Could not find: libnccl-net.so. Using internal net plugin.
MOC-R4PCC04U05:397028:397071 [1] NCCL INFO NCCL_IB_HCA set to mlx5_5
MOC-R4PCC04U05:397030:397072 [3] NCCL INFO NET/Plugin: Could not find: libnccl-net.so. Using internal net plugin.
MOC-R4PCC04U05:397030:397072 [3] NCCL INFO NCCL_IB_HCA set to mlx5_5
MOC-R4PCC04U05:397029:397070 [2] NCCL INFO NET/IB : Made virtual device [0] name=mlx5_5 speed=400000 ndevs=1
MOC-R4PCC04U05:397029:397070 [2] NCCL INFO NET/IB : Using [0]mlx5_5:1/RoCE [RO]; OOB eno7np0:192.168.50.193<0>
MOC-R4PCC04U05:397030:397072 [3] NCCL INFO NET/IB : Made virtual device [0] name=mlx5_5 speed=400000 ndevs=1
MOC-R4PCC04U05:397030:397072 [3] NCCL INFO NET/IB : Using [0]mlx5_5:1/RoCE [RO]; OOB eno7np0:192.168.50.193<0>
MOC-R4PCC04U05:397028:397071 [1] NCCL INFO NET/IB : Made virtual device [0] name=mlx5_5 speed=400000 ndevs=1
MOC-R4PCC04U05:397028:397071 [1] NCCL INFO NET/IB : Using [0]mlx5_5:1/RoCE [RO]; OOB eno7np0:192.168.50.193<0>
MOC-R4PCC04U05:397028:397071 [1] NCCL INFO NET/IB : GPU Direct RDMA Enabled for HCA 0 'mlx5_5'
MOC-R4PCC04U05:397028:397071 [1] NCCL INFO NET/IB : Made virtual device [1] name=mlx5_5 speed=400000 ndevs=1
MOC-R4PCC04U05:397028:397071 [1] NCCL INFO NET/IB : GPU Direct RDMA Enabled for HCA 0 'mlx5_5'
MOC-R4PCC04U05:397028:397071 [1] NCCL INFO NET/IB : GPU Direct RDMA Enabled for HCA 1 'mlx5_5'
MOC-R4PCC04U05:397030:397072 [3] NCCL INFO NET/IB : GPU Direct RDMA Enabled for HCA 0 'mlx5_5'
MOC-R4PCC04U05:397030:397072 [3] NCCL INFO NET/IB : Made virtual device [1] name=mlx5_5 speed=400000 ndevs=1
MOC-R4PCC04U05:397030:397072 [3] NCCL INFO NET/IB : GPU Direct RDMA Enabled for HCA 0 'mlx5_5'
MOC-R4PCC04U05:397030:397072 [3] NCCL INFO NET/IB : GPU Direct RDMA Enabled for HCA 1 'mlx5_5'
MOC-R4PCC04U05:397029:397070 [2] NCCL INFO NET/IB : GPU Direct RDMA Enabled for HCA 0 'mlx5_5'
MOC-R4PCC04U05:397029:397070 [2] NCCL INFO NET/IB : Made virtual device [1] name=mlx5_5 speed=400000 ndevs=1
MOC-R4PCC04U05:397029:397070 [2] NCCL INFO NET/IB : GPU Direct RDMA Enabled for HCA 0 'mlx5_5'
MOC-R4PCC04U05:397029:397070 [2] NCCL INFO NET/IB : GPU Direct RDMA Enabled for HCA 1 'mlx5_5'
MOC-R4PCC04U05:397027:397068 [0] NCCL INFO NET/IB : GPU Direct RDMA Enabled for HCA 0 'mlx5_5'
MOC-R4PCC04U05:397027:397068 [0] NCCL INFO NET/IB : Made virtual device [1] name=mlx5_5 speed=400000 ndevs=1
MOC-R4PCC04U05:397027:397068 [0] NCCL INFO NET/IB : GPU Direct RDMA Enabled for HCA 0 'mlx5_5'
MOC-R4PCC04U05:397027:397068 [0] NCCL INFO NET/IB : GPU Direct RDMA Enabled for HCA 1 'mlx5_5'
MOC-R4PCC04U05:397027:397068 [0] NCCL INFO GPU Direct RDMA Enabled for GPU 0 / HCA 1 (distance 5 <= 5), read 0 mode Default
MOC-R4PCC04U05:397027:397068 [0] NCCL INFO GPU Direct RDMA Enabled for GPU 1 / HCA 1 (distance 5 <= 5), read 0 mode Default
MOC-R4PCC04U05:397027:397068 [0] NCCL INFO GPU Direct RDMA Enabled for GPU 2 / HCA 1 (distance 5 <= 5), read 0 mode Default
MOC-R4PCC04U05:397027:397068 [0] NCCL INFO GPU Direct RDMA Enabled for GPU 3 / HCA 1 (distance 5 <= 5), read 0 mode Default
MOC-R4PCC04U05:397027:397068 [0] NCCL INFO GPU Direct RDMA Enabled for GPU 0 / HCA 1 (distance 5 <= 5), read 0 mode Default
MOC-R4PCC04U05:397027:397068 [0] NCCL INFO GPU Direct RDMA Enabled for GPU 1 / HCA 1 (distance 5 <= 5), read 0 mode Default
MOC-R4PCC04U05:397027:397068 [0] NCCL INFO GPU Direct RDMA Enabled for GPU 2 / HCA 1 (distance 5 <= 5), read 0 mode Default
MOC-R4PCC04U05:397027:397068 [0] NCCL INFO GPU Direct RDMA Enabled for GPU 3 / HCA 1 (distance 5 <= 5), read 0 mode Default
MOC-R4PCC04U05:397028:397071 [1] NCCL INFO GPU Direct RDMA Enabled for GPU 0 / HCA 1 (distance 5 <= 5), read 0 mode Default
MOC-R4PCC04U05:397028:397071 [1] NCCL INFO GPU Direct RDMA Enabled for GPU 1 / HCA 1 (distance 5 <= 5), read 0 mode Default
MOC-R4PCC04U05:397028:397071 [1] NCCL INFO GPU Direct RDMA Enabled for GPU 2 / HCA 1 (distance 5 <= 5), read 0 mode Default
MOC-R4PCC04U05:397028:397071 [1] NCCL INFO GPU Direct RDMA Enabled for GPU 3 / HCA 1 (distance 5 <= 5), read 0 mode Default
MOC-R4PCC04U05:397028:397071 [1] NCCL INFO GPU Direct RDMA Enabled for GPU 0 / HCA 1 (distance 5 <= 5), read 0 mode Default
MOC-R4PCC04U05:397028:397071 [1] NCCL INFO GPU Direct RDMA Enabled for GPU 1 / HCA 1 (distance 5 <= 5), read 0 mode Default
MOC-R4PCC04U05:397028:397071 [1] NCCL INFO GPU Direct RDMA Enabled for GPU 2 / HCA 1 (distance 5 <= 5), read 0 mode Default
MOC-R4PCC04U05:397028:397071 [1] NCCL INFO GPU Direct RDMA Enabled for GPU 3 / HCA 1 (distance 5 <= 5), read 0 mode Default
MOC-R4PCC04U05:397029:397070 [2] NCCL INFO GPU Direct RDMA Enabled for GPU 0 / HCA 1 (distance 5 <= 5), read 0 mode Default
MOC-R4PCC04U05:397029:397070 [2] NCCL INFO GPU Direct RDMA Enabled for GPU 1 / HCA 1 (distance 5 <= 5), read 0 mode Default
MOC-R4PCC04U05:397029:397070 [2] NCCL INFO GPU Direct RDMA Enabled for GPU 2 / HCA 1 (distance 5 <= 5), read 0 mode Default
MOC-R4PCC04U05:397029:397070 [2] NCCL INFO GPU Direct RDMA Enabled for GPU 3 / HCA 1 (distance 5 <= 5), read 0 mode Default
MOC-R4PCC04U05:397029:397070 [2] NCCL INFO GPU Direct RDMA Enabled for GPU 0 / HCA 1 (distance 5 <= 5), read 0 mode Default
MOC-R4PCC04U05:397029:397070 [2] NCCL INFO GPU Direct RDMA Enabled for GPU 1 / HCA 1 (distance 5 <= 5), read 0 mode Default
MOC-R4PCC04U05:397029:397070 [2] NCCL INFO GPU Direct RDMA Enabled for GPU 2 / HCA 1 (distance 5 <= 5), read 0 mode Default
MOC-R4PCC04U05:397029:397070 [2] NCCL INFO GPU Direct RDMA Enabled for GPU 3 / HCA 1 (distance 5 <= 5), read 0 mode Default
MOC-R4PCC04U05:397030:397072 [3] NCCL INFO GPU Direct RDMA Enabled for GPU 0 / HCA 1 (distance 5 <= 5), read 0 mode Default
MOC-R4PCC04U05:397030:397072 [3] NCCL INFO GPU Direct RDMA Enabled for GPU 1 / HCA 1 (distance 5 <= 5), read 0 mode Default
MOC-R4PCC04U05:397030:397072 [3] NCCL INFO GPU Direct RDMA Enabled for GPU 2 / HCA 1 (distance 5 <= 5), read 0 mode Default
MOC-R4PCC04U05:397030:397072 [3] NCCL INFO GPU Direct RDMA Enabled for GPU 3 / HCA 1 (distance 5 <= 5), read 0 mode Default
MOC-R4PCC04U05:397030:397072 [3] NCCL INFO GPU Direct RDMA Enabled for GPU 0 / HCA 1 (distance 5 <= 5), read 0 mode Default
MOC-R4PCC04U05:397030:397072 [3] NCCL INFO GPU Direct RDMA Enabled for GPU 1 / HCA 1 (distance 5 <= 5), read 0 mode Default
MOC-R4PCC04U05:397030:397072 [3] NCCL INFO GPU Direct RDMA Enabled for GPU 2 / HCA 1 (distance 5 <= 5), read 0 mode Default
MOC-R4PCC04U05:397030:397072 [3] NCCL INFO GPU Direct RDMA Enabled for GPU 3 / HCA 1 (distance 5 <= 5), read 0 mode Default
MOC-R4PCC04U05:397027:397084 [0] NCCL INFO New proxy send connection 0 from local rank 0, transport 0
MOC-R4PCC04U05:397027:397092 [0] NCCL INFO Connected to proxy localRank 0 -> connection 0x7fe838004f30
MOC-R4PCC04U05:397027:397084 [0] NCCL INFO New proxy send connection 1 from local rank 0, transport 0
MOC-R4PCC04U05:397027:397092 [0] NCCL INFO Connected to proxy localRank 0 -> connection 0x7fe838004fa8
MOC-R4PCC04U05:397029:397093 [2] NCCL INFO GPU Direct RDMA Enabled for GPU 2 / HCA 1 (distance 5 <= 5), read 0 mode Default
MOC-R4PCC04U05:397027:397084 [0] NCCL INFO New proxy send connection 2 from local rank 0, transport 0
MOC-R4PCC04U05:397027:397092 [0] NCCL INFO Connected to proxy localRank 0 -> connection 0x7fe838005020
MOC-R4PCC04U05:397027:397084 [0] NCCL INFO New proxy send connection 3 from local rank 0, transport 0
MOC-R4PCC04U05:397027:397092 [0] NCCL INFO Connected to proxy localRank 0 -> connection 0x7fe838005098
MOC-R4PCC04U05:397030:397088 [3] NCCL INFO New proxy recv connection 0 from local rank 3, transport 0
MOC-R4PCC04U05:397030:397094 [3] NCCL INFO Connected to proxy localRank 3 -> connection 0x7f6c08004f30
MOC-R4PCC04U05:397030:397088 [3] NCCL INFO New proxy recv connection 1 from local rank 3, transport 0
MOC-R4PCC04U05:397030:397094 [3] NCCL INFO Connected to proxy localRank 3 -> connection 0x7f6c08004fa8
MOC-R4PCC04U05:397030:397088 [3] NCCL INFO New proxy recv connection 2 from local rank 3, transport 0
MOC-R4PCC04U05:397030:397094 [3] NCCL INFO Connected to proxy localRank 3 -> connection 0x7f6c08005020
MOC-R4PCC04U05:397028:397086 [1] NCCL INFO New proxy recv connection 0 from local rank 1, transport 0
MOC-R4PCC04U05:397028:397095 [1] NCCL INFO Connected to proxy localRank 1 -> connection 0x7fcce4004f30
MOC-R4PCC04U05:397030:397088 [3] NCCL INFO New proxy recv connection 3 from local rank 3, transport 0
MOC-R4PCC04U05:397030:397094 [3] NCCL INFO Connected to proxy localRank 3 -> connection 0x7f6c08005098
MOC-R4PCC04U05:397028:397086 [1] NCCL INFO New proxy recv connection 1 from local rank 1, transport 0
MOC-R4PCC04U05:397028:397095 [1] NCCL INFO Connected to proxy localRank 1 -> connection 0x7fcce4004fa8
MOC-R4PCC04U05:397030:397094 [3] NCCL INFO GPU Direct RDMA Enabled for GPU 3 / HCA 1 (distance 5 <= 5), read 1 mode Default
MOC-R4PCC04U05:397028:397086 [1] NCCL INFO New proxy recv connection 2 from local rank 1, transport 0
MOC-R4PCC04U05:397028:397095 [1] NCCL INFO Connected to proxy localRank 1 -> connection 0x7fcce4005020
MOC-R4PCC04U05:397028:397086 [1] NCCL INFO New proxy recv connection 3 from local rank 1, transport 0
MOC-R4PCC04U05:397028:397095 [1] NCCL INFO Connected to proxy localRank 1 -> connection 0x7fcce4005098
MOC-R4PCC04U05:397028:397086 [1] NCCL INFO New proxy send connection 4 from local rank 1, transport 0
MOC-R4PCC04U05:397028:397095 [1] NCCL INFO Connected to proxy localRank 1 -> connection 0x7fcce4005110
MOC-R4PCC04U05:397028:397086 [1] NCCL INFO New proxy send connection 5 from local rank 1, transport 0
MOC-R4PCC04U05:397028:397095 [1] NCCL INFO Connected to proxy localRank 1 -> connection 0x7fcce4005188
MOC-R4PCC04U05:397028:397086 [1] NCCL INFO New proxy send connection 6 from local rank 1, transport 0
MOC-R4PCC04U05:397028:397095 [1] NCCL INFO Connected to proxy localRank 1 -> connection 0x7fcce4005200
MOC-R4PCC04U05:397029:397087 [2] NCCL INFO New proxy recv connection 0 from local rank 2, transport 2
MOC-R4PCC04U05:397029:397087 [2] NCCL INFO New proxy send connection 1 from local rank 3, transport 2
MOC-R4PCC04U05:397029:397093 [2] NCCL INFO Connected to proxy localRank 2 -> connection 0x7f612c004f30
MOC-R4PCC04U05:397030:397094 [3] NCCL INFO Connected to proxy localRank 2 -> connection 0x7f612c004fa8
MOC-R4PCC04U05:397029:397093 [2] NCCL INFO Channel 00/0 : 7[3] -> 2[2] [receive] via NET/IB/1/GDRDMA
MOC-R4PCC04U05:397029:397093 [2] NCCL INFO GPU Direct RDMA Enabled for GPU 2 / HCA 1 (distance 5 <= 5), read 0 mode Default
MOC-R4PCC04U05:397030:397094 [3] NCCL INFO Channel 00/0 : 3[3] -> 6[2] [send] via NET/IB/1(2)/GDRDMA
MOC-R4PCC04U05:397030:397094 [3] NCCL INFO GPU Direct RDMA Enabled for GPU 3 / HCA 1 (distance 5 <= 5), read 1 mode Default
MOC-R4PCC04U05:397029:397087 [2] NCCL INFO New proxy recv connection 2 from local rank 2, transport 2
MOC-R4PCC04U05:397029:397093 [2] NCCL INFO Connected to proxy localRank 2 -> connection 0x7f612c005020
MOC-R4PCC04U05:397029:397087 [2] NCCL INFO New proxy send connection 3 from local rank 3, transport 2
MOC-R4PCC04U05:397030:397094 [3] NCCL INFO Connected to proxy localRank 2 -> connection 0x7f612c005098
MOC-R4PCC04U05:397029:397093 [2] NCCL INFO Channel 01/0 : 7[3] -> 2[2] [receive] via NET/IB/1/GDRDMA
MOC-R4PCC04U05:397029:397093 [2] NCCL INFO GPU Direct RDMA Enabled for GPU 2 / HCA 1 (distance 5 <= 5), read 0 mode Default
MOC-R4PCC04U05:397030:397094 [3] NCCL INFO Channel 01/0 : 3[3] -> 6[2] [send] via NET/IB/1(2)/GDRDMA
MOC-R4PCC04U05:397030:397094 [3] NCCL INFO GPU Direct RDMA Enabled for GPU 3 / HCA 1 (distance 5 <= 5), read 1 mode Default
MOC-R4PCC04U05:397029:397087 [2] NCCL INFO New proxy recv connection 4 from local rank 2, transport 2
MOC-R4PCC04U05:397029:397093 [2] NCCL INFO Connected to proxy localRank 2 -> connection 0x7f612c005110
MOC-R4PCC04U05:397029:397087 [2] NCCL INFO New proxy send connection 5 from local rank 3, transport 2
MOC-R4PCC04U05:397030:397094 [3] NCCL INFO Connected to proxy localRank 2 -> connection 0x7f612c005188
MOC-R4PCC04U05:397029:397093 [2] NCCL INFO Channel 02/0 : 7[3] -> 2[2] [receive] via NET/IB/1/GDRDMA
MOC-R4PCC04U05:397029:397093 [2] NCCL INFO GPU Direct RDMA Enabled for GPU 2 / HCA 1 (distance 5 <= 5), read 0 mode Default
MOC-R4PCC04U05:397030:397094 [3] NCCL INFO Channel 02/0 : 3[3] -> 6[2] [send] via NET/IB/1(2)/GDRDMA
MOC-R4PCC04U05:397030:397094 [3] NCCL INFO GPU Direct RDMA Enabled for GPU 3 / HCA 1 (distance 5 <= 5), read 1 mode Default
MOC-R4PCC04U05:397029:397087 [2] NCCL INFO New proxy recv connection 6 from local rank 2, transport 2
MOC-R4PCC04U05:397029:397093 [2] NCCL INFO Connected to proxy localRank 2 -> connection 0x7f612c005200
MOC-R4PCC04U05:397029:397087 [2] NCCL INFO New proxy send connection 7 from local rank 3, transport 2
MOC-R4PCC04U05:397030:397094 [3] NCCL INFO Connected to proxy localRank 2 -> connection 0x7f612c005278
MOC-R4PCC04U05:397029:397093 [2] NCCL INFO Channel 03/0 : 7[3] -> 2[2] [receive] via NET/IB/1/GDRDMA
MOC-R4PCC04U05:397030:397094 [3] NCCL INFO Channel 03/0 : 3[3] -> 6[2] [send] via NET/IB/1(2)/GDRDMA
MOC-R4PCC04U05:397027:397084 [0] NCCL INFO New proxy recv connection 4 from local rank 0, transport 0
MOC-R4PCC04U05:397027:397092 [0] NCCL INFO Connected to proxy localRank 0 -> connection 0x7fe838005110
MOC-R4PCC04U05:397028:397086 [1] NCCL INFO New proxy send connection 7 from local rank 1, transport 0
MOC-R4PCC04U05:397028:397095 [1] NCCL INFO Connected to proxy localRank 1 -> connection 0x7fcce4005278
MOC-R4PCC04U05:397027:397084 [0] NCCL INFO New proxy recv connection 5 from local rank 0, transport 0
MOC-R4PCC04U05:397027:397092 [0] NCCL INFO Connected to proxy localRank 0 -> connection 0x7fe838005188
MOC-R4PCC04U05:397027:397084 [0] NCCL INFO New proxy recv connection 6 from local rank 0, transport 0
MOC-R4PCC04U05:397027:397092 [0] NCCL INFO Connected to proxy localRank 0 -> connection 0x7fe838005200
MOC-R4PCC04U05:397027:397084 [0] NCCL INFO New proxy recv connection 7 from local rank 0, transport 0
MOC-R4PCC04U05:397027:397092 [0] NCCL INFO Connected to proxy localRank 0 -> connection 0x7fe838005278
MOC-R4PCC04U05:397030:397088 [3] NCCL INFO New proxy send connection 4 from local rank 0, transport 0
MOC-R4PCC04U05:397027:397092 [0] NCCL INFO Connected to proxy localRank 3 -> connection 0x7f6c08005110
MOC-R4PCC04U05:397028:397086 [1] NCCL INFO New proxy send connection 8 from local rank 0, transport 0
MOC-R4PCC04U05:397027:397092 [0] NCCL INFO Connected to proxy localRank 1 -> connection 0x7fcce40052f0
MOC-R4PCC04U05:397029:397087 [2] NCCL INFO New proxy send connection 8 from local rank 2, transport 0
MOC-R4PCC04U05:397029:397093 [2] NCCL INFO Connected to proxy localRank 2 -> connection 0x7f612c0052f0
MOC-R4PCC04U05:397027:397084 [0] NCCL INFO New proxy send connection 8 from local rank 3, transport 0
MOC-R4PCC04U05:397030:397094 [3] NCCL INFO Connected to proxy localRank 0 -> connection 0x7fe8380052f0
MOC-R4PCC04U05:397029:397087 [2] NCCL INFO New proxy send connection 9 from local rank 2, transport 0
MOC-R4PCC04U05:397029:397093 [2] NCCL INFO Connected to proxy localRank 2 -> connection 0x7f612c005368
MOC-R4PCC04U05:397029:397087 [2] NCCL INFO NET/IB: NCCL Dev 1 IbDev 0 Port 1 qpn 5750 mtu 3 query_ece={supported=1, vendor_id=0x15b3, options=0x30000002, comp_mask=0x0} GID 3 (0/C132A8C0FFFF0000) fifoRkey=0x17d796 fifoLkey=0x17d796
MOC-R4PCC04U05:397029:397087 [2] NCCL INFO New proxy send connection 10 from local rank 2, transport 0
MOC-R4PCC04U05:397029:397093 [2] NCCL INFO Connected to proxy localRank 2 -> connection 0x7f612c0053e0
MOC-R4PCC04U05:397029:397087 [2] NCCL INFO NET/IB: IbDev 0 Port 1 qpn 5990 set_ece={supported=1, vendor_id=0x15b3, options=0x0, comp_mask=0x0}
MOC-R4PCC04U05:397029:397087 [2] NCCL INFO New proxy send connection 11 from local rank 2, transport 0
MOC-R4PCC04U05:397029:397093 [2] NCCL INFO Connected to proxy localRank 2 -> connection 0x7f612c005458
MOC-R4PCC04U05:397027:397084 [0] NCCL INFO New proxy send connection 9 from local rank 1, transport 0
MOC-R4PCC04U05:397028:397086 [1] NCCL INFO New proxy send connection 9 from local rank 2, transport 0
MOC-R4PCC04U05:397028:397095 [1] NCCL INFO Connected to proxy localRank 0 -> connection 0x7fe838005368
MOC-R4PCC04U05:397029:397093 [2] NCCL INFO Connected to proxy localRank 1 -> connection 0x7fcce4005368
MOC-R4PCC04U05:397029:397087 [2] NCCL INFO NET/IB: NCCL Dev 1 IbDev 0 Port 1 qpn 5751 mtu 3 query_ece={supported=1, vendor_id=0x15b3, options=0x30000002, comp_mask=0x0} GID 3 (0/C132A8C0FFFF0000) fifoRkey=0x17ecab fifoLkey=0x17ecab
MOC-R4PCC04U05:397029:397087 [2] NCCL INFO NET/IB: NCCL Dev 1 IbDev 0 Port 1 qpn 5752 mtu 3 query_ece={supported=1, vendor_id=0x15b3, options=0x30000002, comp_mask=0x0} GID 3 (0/C132A8C0FFFF0000) fifoRkey=0x1716d5 fifoLkey=0x1716d5
MOC-R4PCC04U05:397029:397087 [2] NCCL INFO NET/IB: NCCL Dev 1 IbDev 0 Port 1 qpn 5753 mtu 3 query_ece={supported=1, vendor_id=0x15b3, options=0x30000002, comp_mask=0x0} GID 3 (0/C132A8C0FFFF0000) fifoRkey=0x172eed fifoLkey=0x172eed
MOC-R4PCC04U05:397029:397087 [2] NCCL INFO NET/IB: IbDev 0 Port 1 qpn 5994 set_ece={supported=1, vendor_id=0x15b3, options=0x0, comp_mask=0x0}
MOC-R4PCC04U05:397029:397087 [2] NCCL INFO NET/IB: IbDev 0 Port 1 qpn 5996 set_ece={supported=1, vendor_id=0x15b3, options=0x0, comp_mask=0x0}
MOC-R4PCC04U05:397029:397087 [2] NCCL INFO NET/IB: IbDev 0 Port 1 qpn 5998 set_ece={supported=1, vendor_id=0x15b3, options=0x0, comp_mask=0x0}
MOC-R4PCC04U05:397029:397087 [2] NCCL INFO New proxy send connection 12 from local rank 3, transport 0
MOC-R4PCC04U05:397029:397087 [2] NCCL INFO New proxy send connection 13 from local rank 1, transport 0
MOC-R4PCC04U05:397030:397094 [3] NCCL INFO Connected to proxy localRank 2 -> connection 0x7f612c0054d0
MOC-R4PCC04U05:397028:397095 [1] NCCL INFO Connected to proxy localRank 2 -> connection 0x7f612c005548
num decayed parameter tensors: 50, with 124,318,464 parameters
num non-decayed parameter tensors: 98, with 121,344 parameters
using fused AdamW: False
using regular AdamW
MOC-R4PCC04U05:397029:397087 [2] NCCL INFO New proxy send connection 14 from local rank 2, transport 0
MOC-R4PCC04U05:397029:397785 [2] NCCL INFO Connected to proxy localRank 2 -> connection 0x7f612c0055c0
MOC-R4PCC04U05:397029:397087 [2] NCCL INFO New proxy send connection 15 from local rank 2, transport 0
MOC-R4PCC04U05:397029:397785 [2] NCCL INFO Connected to proxy localRank 2 -> connection 0x7f612c005638
MOC-R4PCC04U05:397029:397087 [2] NCCL INFO New proxy send connection 16 from local rank 2, transport 0
MOC-R4PCC04U05:397029:397785 [2] NCCL INFO Connected to proxy localRank 2 -> connection 0x7f612c0056b0
MOC-R4PCC04U05:397029:397087 [2] NCCL INFO New proxy send connection 17 from local rank 2, transport 0
MOC-R4PCC04U05:397029:397785 [2] NCCL INFO Connected to proxy localRank 2 -> connection 0x7f612c005728
MOC-R4PCC04U05:397028:397086 [1] NCCL INFO New proxy recv connection 10 from local rank 1, transport 0
MOC-R4PCC04U05:397028:397786 [1] NCCL INFO Connected to proxy localRank 1 -> connection 0x7fcce40053e0
MOC-R4PCC04U05:397028:397086 [1] NCCL INFO New proxy recv connection 11 from local rank 1, transport 0
MOC-R4PCC04U05:397028:397786 [1] NCCL INFO Connected to proxy localRank 1 -> connection 0x7fcce4005458
MOC-R4PCC04U05:397028:397086 [1] NCCL INFO New proxy recv connection 12 from local rank 1, transport 0
MOC-R4PCC04U05:397028:397786 [1] NCCL INFO Connected to proxy localRank 1 -> connection 0x7fcce40054d0
MOC-R4PCC04U05:397028:397086 [1] NCCL INFO New proxy recv connection 13 from local rank 1, transport 0
MOC-R4PCC04U05:397028:397786 [1] NCCL INFO Connected to proxy localRank 1 -> connection 0x7fcce4005548
MOC-R4PCC04U05:397030:397088 [3] NCCL INFO New proxy recv connection 5 from local rank 3, transport 0
MOC-R4PCC04U05:397030:397787 [3] NCCL INFO Connected to proxy localRank 3 -> connection 0x7f6c08005188
MOC-R4PCC04U05:397030:397088 [3] NCCL INFO New proxy recv connection 6 from local rank 3, transport 0
MOC-R4PCC04U05:397030:397787 [3] NCCL INFO Connected to proxy localRank 3 -> connection 0x7f6c08005200
MOC-R4PCC04U05:397030:397088 [3] NCCL INFO New proxy recv connection 7 from local rank 3, transport 0
MOC-R4PCC04U05:397030:397787 [3] NCCL INFO Connected to proxy localRank 3 -> connection 0x7f6c08005278
MOC-R4PCC04U05:397030:397088 [3] NCCL INFO New proxy recv connection 8 from local rank 3, transport 0
MOC-R4PCC04U05:397030:397787 [3] NCCL INFO Connected to proxy localRank 3 -> connection 0x7f6c080052f0
MOC-R4PCC04U05:397030:397088 [3] NCCL INFO New proxy send connection 9 from local rank 3, transport 0
MOC-R4PCC04U05:397029:397785 [2] NCCL INFO GPU Direct RDMA Enabled for GPU 2 / HCA 1 (distance 5 <= 5), read 0 mode Default
MOC-R4PCC04U05:397030:397787 [3] NCCL INFO Connected to proxy localRank 3 -> connection 0x7f6c08005368
MOC-R4PCC04U05:397029:397087 [2] NCCL INFO New proxy recv connection 18 from local rank 2, transport 2
MOC-R4PCC04U05:397029:397785 [2] NCCL INFO Connected to proxy localRank 2 -> connection 0x7f612c0057a0
MOC-R4PCC04U05:397030:397088 [3] NCCL INFO New proxy send connection 10 from local rank 3, transport 0
MOC-R4PCC04U05:397030:397787 [3] NCCL INFO Connected to proxy localRank 3 -> connection 0x7f6c080053e0
MOC-R4PCC04U05:397029:397785 [2] NCCL INFO Channel 00/0 : 6[2] -> 2[2] [receive] via NET/IB/1/GDRDMA
MOC-R4PCC04U05:397029:397785 [2] NCCL INFO GPU Direct RDMA Enabled for GPU 2 / HCA 1 (distance 5 <= 5), read 0 mode Default
MOC-R4PCC04U05:397029:397087 [2] NCCL INFO New proxy recv connection 19 from local rank 2, transport 2
MOC-R4PCC04U05:397029:397785 [2] NCCL INFO Connected to proxy localRank 2 -> connection 0x7f612c005818
MOC-R4PCC04U05:397029:397785 [2] NCCL INFO Channel 01/0 : 6[2] -> 2[2] [receive] via NET/IB/1/GDRDMA
MOC-R4PCC04U05:397029:397785 [2] NCCL INFO GPU Direct RDMA Enabled for GPU 2 / HCA 1 (distance 5 <= 5), read 0 mode Default
MOC-R4PCC04U05:397030:397088 [3] NCCL INFO New proxy send connection 11 from local rank 3, transport 0
MOC-R4PCC04U05:397029:397087 [2] NCCL INFO New proxy recv connection 20 from local rank 2, transport 2
MOC-R4PCC04U05:397030:397787 [3] NCCL INFO Connected to proxy localRank 3 -> connection 0x7f6c08005458
MOC-R4PCC04U05:397029:397785 [2] NCCL INFO Connected to proxy localRank 2 -> connection 0x7f612c005890
MOC-R4PCC04U05:397029:397785 [2] NCCL INFO Channel 02/0 : 6[2] -> 2[2] [receive] via NET/IB/1/GDRDMA
MOC-R4PCC04U05:397029:397785 [2] NCCL INFO GPU Direct RDMA Enabled for GPU 2 / HCA 1 (distance 5 <= 5), read 0 mode Default
MOC-R4PCC04U05:397029:397087 [2] NCCL INFO New proxy recv connection 21 from local rank 2, transport 2
MOC-R4PCC04U05:397029:397785 [2] NCCL INFO Connected to proxy localRank 2 -> connection 0x7f612c005908
MOC-R4PCC04U05:397029:397785 [2] NCCL INFO Channel 03/0 : 6[2] -> 2[2] [receive] via NET/IB/1/GDRDMA
MOC-R4PCC04U05:397030:397088 [3] NCCL INFO New proxy send connection 12 from local rank 3, transport 0
MOC-R4PCC04U05:397029:397785 [2] NCCL INFO GPU Direct RDMA Enabled for GPU 2 / HCA 1 (distance 5 <= 5), read 1 mode Default
MOC-R4PCC04U05:397030:397787 [3] NCCL INFO Connected to proxy localRank 3 -> connection 0x7f6c080054d0
MOC-R4PCC04U05:397029:397087 [2] NCCL INFO New proxy send connection 22 from local rank 2, transport 2
MOC-R4PCC04U05:397029:397785 [2] NCCL INFO Connected to proxy localRank 2 -> connection 0x7f612c005980
MOC-R4PCC04U05:397029:397785 [2] NCCL INFO Channel 00/0 : 2[2] -> 6[2] [send] via NET/IB/1/GDRDMA
MOC-R4PCC04U05:397029:397785 [2] NCCL INFO GPU Direct RDMA Enabled for GPU 2 / HCA 1 (distance 5 <= 5), read 1 mode Default
MOC-R4PCC04U05:397029:397087 [2] NCCL INFO New proxy send connection 23 from local rank 2, transport 2
MOC-R4PCC04U05:397029:397785 [2] NCCL INFO Connected to proxy localRank 2 -> connection 0x7f612c0059f8
MOC-R4PCC04U05:397029:397785 [2] NCCL INFO Channel 01/0 : 2[2] -> 6[2] [send] via NET/IB/1/GDRDMA
MOC-R4PCC04U05:397029:397785 [2] NCCL INFO GPU Direct RDMA Enabled for GPU 2 / HCA 1 (distance 5 <= 5), read 1 mode Default
MOC-R4PCC04U05:397029:397087 [2] NCCL INFO New proxy send connection 24 from local rank 2, transport 2
MOC-R4PCC04U05:397029:397785 [2] NCCL INFO Connected to proxy localRank 2 -> connection 0x7f612c005a70
MOC-R4PCC04U05:397029:397785 [2] NCCL INFO Channel 02/0 : 2[2] -> 6[2] [send] via NET/IB/1/GDRDMA
MOC-R4PCC04U05:397029:397785 [2] NCCL INFO GPU Direct RDMA Enabled for GPU 2 / HCA 1 (distance 5 <= 5), read 1 mode Default
MOC-R4PCC04U05:397029:397087 [2] NCCL INFO New proxy send connection 25 from local rank 2, transport 2
MOC-R4PCC04U05:397029:397785 [2] NCCL INFO Connected to proxy localRank 2 -> connection 0x7f612c005ae8
MOC-R4PCC04U05:397029:397785 [2] NCCL INFO Channel 03/0 : 2[2] -> 6[2] [send] via NET/IB/1/GDRDMA
MOC-R4PCC04U05:397029:397087 [2] NCCL INFO New proxy recv connection 26 from local rank 2, transport 0
MOC-R4PCC04U05:397029:397785 [2] NCCL INFO Connected to proxy localRank 2 -> connection 0x7f612c005b60
MOC-R4PCC04U05:397029:397087 [2] NCCL INFO New proxy recv connection 27 from local rank 2, transport 0
MOC-R4PCC04U05:397029:397785 [2] NCCL INFO Connected to proxy localRank 2 -> connection 0x7f612c005bd8
MOC-R4PCC04U05:397029:397087 [2] NCCL INFO New proxy recv connection 28 from local rank 2, transport 0
MOC-R4PCC04U05:397027:397084 [0] NCCL INFO New proxy send connection 10 from local rank 0, transport 0
MOC-R4PCC04U05:397029:397785 [2] NCCL INFO Connected to proxy localRank 2 -> connection 0x7f612c005c50
MOC-R4PCC04U05:397027:397788 [0] NCCL INFO Connected to proxy localRank 0 -> connection 0x7fe8380053e0
MOC-R4PCC04U05:397029:397087 [2] NCCL INFO New proxy recv connection 29 from local rank 2, transport 0
MOC-R4PCC04U05:397029:397785 [2] NCCL INFO Connected to proxy localRank 2 -> connection 0x7f612c005cc8
MOC-R4PCC04U05:397027:397084 [0] NCCL INFO New proxy send connection 11 from local rank 0, transport 0
MOC-R4PCC04U05:397027:397788 [0] NCCL INFO Connected to proxy localRank 0 -> connection 0x7fe838005458
MOC-R4PCC04U05:397027:397084 [0] NCCL INFO New proxy send connection 12 from local rank 0, transport 0
MOC-R4PCC04U05:397027:397788 [0] NCCL INFO Connected to proxy localRank 0 -> connection 0x7fe8380054d0
MOC-R4PCC04U05:397027:397084 [0] NCCL INFO New proxy send connection 13 from local rank 0, transport 0
MOC-R4PCC04U05:397027:397788 [0] NCCL INFO Connected to proxy localRank 0 -> connection 0x7fe838005548
MOC-R4PCC04U05:397027:397084 [0] NCCL INFO New proxy recv connection 14 from local rank 0, transport 0
MOC-R4PCC04U05:397027:397788 [0] NCCL INFO Connected to proxy localRank 0 -> connection 0x7fe8380055c0
MOC-R4PCC04U05:397027:397084 [0] NCCL INFO New proxy recv connection 15 from local rank 0, transport 0
MOC-R4PCC04U05:397027:397788 [0] NCCL INFO Connected to proxy localRank 0 -> connection 0x7fe838005638
MOC-R4PCC04U05:397027:397084 [0] NCCL INFO New proxy recv connection 16 from local rank 0, transport 0
MOC-R4PCC04U05:397027:397788 [0] NCCL INFO Connected to proxy localRank 0 -> connection 0x7fe8380056b0
MOC-R4PCC04U05:397027:397084 [0] NCCL INFO New proxy recv connection 17 from local rank 0, transport 0
MOC-R4PCC04U05:397027:397788 [0] NCCL INFO Connected to proxy localRank 0 -> connection 0x7fe838005728
MOC-R4PCC04U05:397030:397088 [3] NCCL INFO New proxy send connection 13 from local rank 3, transport 0
MOC-R4PCC04U05:397030:397787 [3] NCCL INFO Connected to proxy localRank 3 -> connection 0x7f6c08005548
MOC-R4PCC04U05:397030:397088 [3] NCCL INFO New proxy send connection 14 from local rank 3, transport 0
MOC-R4PCC04U05:397030:397787 [3] NCCL INFO Connected to proxy localRank 3 -> connection 0x7f6c080055c0
MOC-R4PCC04U05:397030:397088 [3] NCCL INFO New proxy send connection 15 from local rank 3, transport 0
MOC-R4PCC04U05:397030:397787 [3] NCCL INFO Connected to proxy localRank 3 -> connection 0x7f6c08005638
MOC-R4PCC04U05:397030:397088 [3] NCCL INFO New proxy send connection 16 from local rank 3, transport 0
MOC-R4PCC04U05:397030:397787 [3] NCCL INFO Connected to proxy localRank 3 -> connection 0x7f6c080056b0
MOC-R4PCC04U05:397030:397088 [3] NCCL INFO New proxy send connection 17 from local rank 2, transport 0
MOC-R4PCC04U05:397029:397785 [2] NCCL INFO Connected to proxy localRank 3 -> connection 0x7f6c08005728
MOC-R4PCC04U05:397029:397087 [2] NCCL INFO NET/IB: NCCL Dev 1 IbDev 0 Port 1 qpn 5762 mtu 3 query_ece={supported=1, vendor_id=0x15b3, options=0x30000002, comp_mask=0x0} GID 3 (0/C132A8C0FFFF0000) fifoRkey=0x179c5b fifoLkey=0x179c5b
MOC-R4PCC04U05:397029:397087 [2] NCCL INFO NET/IB: IbDev 0 Port 1 qpn 6003 set_ece={supported=1, vendor_id=0x15b3, options=0x0, comp_mask=0x0}
MOC-R4PCC04U05:397029:397087 [2] NCCL INFO NET/IB: NCCL Dev 1 IbDev 0 Port 1 qpn 5765 mtu 3 query_ece={supported=1, vendor_id=0x15b3, options=0x30000002, comp_mask=0x0} GID 3 (0/C132A8C0FFFF0000) fifoRkey=0x17bf7e fifoLkey=0x17bf7e
MOC-R4PCC04U05:397029:397087 [2] NCCL INFO NET/IB: IbDev 0 Port 1 qpn 6005 set_ece={supported=1, vendor_id=0x15b3, options=0x0, comp_mask=0x0}
MOC-R4PCC04U05:397029:397087 [2] NCCL INFO NET/IB: NCCL Dev 1 IbDev 0 Port 1 qpn 5768 mtu 3 query_ece={supported=1, vendor_id=0x15b3, options=0x30000002, comp_mask=0x0} GID 3 (0/C132A8C0FFFF0000) fifoRkey=0x17d190 fifoLkey=0x17d190
MOC-R4PCC04U05:397029:397087 [2] NCCL INFO NET/IB: NCCL Dev 1 IbDev 0 Port 1 qpn 5771 mtu 3 query_ece={supported=1, vendor_id=0x15b3, options=0x30000002, comp_mask=0x0} GID 3 (0/C132A8C0FFFF0000) fifoRkey=0x17dc9b fifoLkey=0x17dc9b
MOC-R4PCC04U05:397029:397087 [2] NCCL INFO NET/IB: IbDev 0 Port 1 qpn 6010 set_ece={supported=1, vendor_id=0x15b3, options=0x0, comp_mask=0x0}
MOC-R4PCC04U05:397029:397087 [2] NCCL INFO NET/IB: IbDev 0 Port 1 qpn 6012 set_ece={supported=1, vendor_id=0x15b3, options=0x0, comp_mask=0x0}
step    1/10 | train loss 11.010094 | norm 15.4736 | lr 1.00e-04 | (14076.07 ms | 74494 tok/s)
step    2/10 | train loss 10.132349 | norm 5.7711 | lr 1.00e-04 | (417.75 ms | 2510038 tok/s)
step    3/10 | train loss 9.790421 | norm 2.6207 | lr 1.00e-04 | (421.40 ms | 2488295 tok/s)
step    4/10 | train loss 9.620089 | norm 2.1209 | lr 1.00e-04 | (330.78 ms | 3170049 tok/s)
step    5/10 | train loss 9.536893 | norm 2.1162 | lr 1.00e-04 | (452.53 ms | 2317157 tok/s)
step    6/10 | train loss 9.455265 | norm 2.0054 | lr 1.00e-04 | (473.53 ms | 2214361 tok/s)
step    7/10 | train loss 9.369598 | norm 1.9545 | lr 1.00e-04 | (398.88 ms | 2628819 tok/s)
step    8/10 | train loss 9.277894 | norm 1.9223 | lr 1.00e-04 | (392.14 ms | 2673950 tok/s)
step    9/10 | train loss 9.182261 | norm 1.8716 | lr 1.00e-04 | (369.10 ms | 2840908 tok/s)
step   10/10 | train loss 9.094438 | norm 1.7972 | lr 1.00e-04 | (410.79 ms | 2552574 tok/s)
final 9 iters avg: 407.434ms
peak memory consumption: 16601 MiB
