Running pytorch 2.7.0+cu126
using device: cuda:0
total desired batch size: 524288
=> calculated gradient accumulation steps: 1
using device: cuda:3
using device: cuda:1
using device: cuda:2
compiling the model...
DataLoader: total number of tokens: 1,661,249,667 across 103 files
MOC-R4PCC04U05:707147:707147 [0] NCCL INFO NCCL_SOCKET_IFNAME set to eno7np0
MOC-R4PCC04U05:707147:707147 [0] NCCL INFO NCCL version 2.26.2+cuda12.2
MOC-R4PCC04U05:707148:707148 [1] NCCL INFO NCCL_SOCKET_IFNAME set to eno7np0
MOC-R4PCC04U05:707148:707148 [1] NCCL INFO NCCL version 2.26.2+cuda12.2
MOC-R4PCC04U05:707147:707251 [0] NCCL INFO NET/Plugin: Could not find: libnccl-net.so. Using internal net plugin.
MOC-R4PCC04U05:707147:707251 [0] NCCL INFO NET/Socket : Using [0]eno7np0:192.168.50.193<0>
MOC-R4PCC04U05:707149:707149 [2] NCCL INFO NCCL_SOCKET_IFNAME set to eno7np0
MOC-R4PCC04U05:707149:707149 [2] NCCL INFO NCCL version 2.26.2+cuda12.2
MOC-R4PCC04U05:707150:707150 [3] NCCL INFO NCCL_SOCKET_IFNAME set to eno7np0
MOC-R4PCC04U05:707150:707150 [3] NCCL INFO NCCL version 2.26.2+cuda12.2
MOC-R4PCC04U05:707148:707266 [1] NCCL INFO NET/Plugin: Could not find: libnccl-net.so. Using internal net plugin.
MOC-R4PCC04U05:707148:707266 [1] NCCL INFO NET/Socket : Using [0]eno7np0:192.168.50.193<0>
MOC-R4PCC04U05:707149:707274 [2] NCCL INFO NET/Plugin: Could not find: libnccl-net.so. Using internal net plugin.
MOC-R4PCC04U05:707149:707274 [2] NCCL INFO NET/Socket : Using [0]eno7np0:192.168.50.193<0>
MOC-R4PCC04U05:707150:707275 [3] NCCL INFO NET/Plugin: Could not find: libnccl-net.so. Using internal net plugin.
MOC-R4PCC04U05:707150:707275 [3] NCCL INFO NET/Socket : Using [0]eno7np0:192.168.50.193<0>
MOC-R4PCC04U05:707148:707266 [1] NCCL INFO NET/Socket : GPU Direct RDMA Disabled for HCA 0 'eno7np0'
MOC-R4PCC04U05:707147:707251 [0] NCCL INFO NET/Socket : GPU Direct RDMA Disabled for HCA 0 'eno7np0'
MOC-R4PCC04U05:707150:707275 [3] NCCL INFO NET/Socket : GPU Direct RDMA Disabled for HCA 0 'eno7np0'
MOC-R4PCC04U05:707149:707274 [2] NCCL INFO NET/Socket : GPU Direct RDMA Disabled for HCA 0 'eno7np0'
MOC-R4PCC04U05:707147:707287 [0] NCCL INFO New proxy send connection 0 from local rank 0, transport 0
MOC-R4PCC04U05:707147:707292 [0] NCCL INFO Connected to proxy localRank 0 -> connection 0x7fdaf0004f30
MOC-R4PCC04U05:707149:707283 [2] NCCL INFO New proxy recv connection 0 from local rank 2, transport 0
MOC-R4PCC04U05:707149:707293 [2] NCCL INFO Connected to proxy localRank 2 -> connection 0x7f50dc004f30
MOC-R4PCC04U05:707147:707287 [0] NCCL INFO New proxy send connection 1 from local rank 0, transport 0
MOC-R4PCC04U05:707147:707292 [0] NCCL INFO Connected to proxy localRank 0 -> connection 0x7fdaf0004fa8
MOC-R4PCC04U05:707149:707283 [2] NCCL INFO New proxy recv connection 1 from local rank 2, transport 0
MOC-R4PCC04U05:707149:707293 [2] NCCL INFO Connected to proxy localRank 2 -> connection 0x7f50dc004fa8
MOC-R4PCC04U05:707147:707287 [0] NCCL INFO New proxy send connection 2 from local rank 0, transport 0
MOC-R4PCC04U05:707147:707292 [0] NCCL INFO Connected to proxy localRank 0 -> connection 0x7fdaf0005020
MOC-R4PCC04U05:707147:707287 [0] NCCL INFO New proxy send connection 3 from local rank 0, transport 0
MOC-R4PCC04U05:707147:707292 [0] NCCL INFO Connected to proxy localRank 0 -> connection 0x7fdaf0005098
MOC-R4PCC04U05:707150:707284 [3] NCCL INFO New proxy recv connection 0 from local rank 3, transport 0
MOC-R4PCC04U05:707150:707294 [3] NCCL INFO Connected to proxy localRank 3 -> connection 0x7f5e50004f30
MOC-R4PCC04U05:707150:707284 [3] NCCL INFO New proxy recv connection 1 from local rank 3, transport 0
MOC-R4PCC04U05:707150:707294 [3] NCCL INFO Connected to proxy localRank 3 -> connection 0x7f5e50004fa8
MOC-R4PCC04U05:707148:707285 [1] NCCL INFO New proxy recv connection 0 from local rank 1, transport 0
MOC-R4PCC04U05:707148:707295 [1] NCCL INFO Connected to proxy localRank 1 -> connection 0x7fe110004f30
MOC-R4PCC04U05:707148:707285 [1] NCCL INFO New proxy recv connection 1 from local rank 1, transport 0
MOC-R4PCC04U05:707148:707295 [1] NCCL INFO Connected to proxy localRank 1 -> connection 0x7fe110004fa8
MOC-R4PCC04U05:707149:707283 [2] NCCL INFO New proxy recv connection 2 from local rank 2, transport 2
MOC-R4PCC04U05:707149:707293 [2] NCCL INFO Connected to proxy localRank 2 -> connection 0x7f50dc005020
MOC-R4PCC04U05:707149:707293 [2] NCCL INFO Channel 00/0 : 15[3] -> 2[2] [receive] via NET/Socket/0
MOC-R4PCC04U05:707149:707283 [2] NCCL INFO New proxy recv connection 3 from local rank 2, transport 2
MOC-R4PCC04U05:707149:707293 [2] NCCL INFO Connected to proxy localRank 2 -> connection 0x7f50dc005098
MOC-R4PCC04U05:707149:707293 [2] NCCL INFO Channel 02/0 : 15[3] -> 2[2] [receive] via NET/Socket/0
MOC-R4PCC04U05:707150:707284 [3] NCCL INFO New proxy send connection 2 from local rank 3, transport 2
MOC-R4PCC04U05:707150:707294 [3] NCCL INFO Connected to proxy localRank 3 -> connection 0x7f5e50005020
MOC-R4PCC04U05:707150:707294 [3] NCCL INFO Channel 00/0 : 3[3] -> 6[2] [send] via NET/Socket/0
MOC-R4PCC04U05:707150:707284 [3] NCCL INFO New proxy send connection 3 from local rank 3, transport 2
MOC-R4PCC04U05:707150:707294 [3] NCCL INFO Connected to proxy localRank 3 -> connection 0x7f5e50005098
MOC-R4PCC04U05:707150:707294 [3] NCCL INFO Channel 02/0 : 3[3] -> 6[2] [send] via NET/Socket/0
MOC-R4PCC04U05:707147:707287 [0] NCCL INFO New proxy recv connection 4 from local rank 0, transport 0
MOC-R4PCC04U05:707147:707292 [0] NCCL INFO Connected to proxy localRank 0 -> connection 0x7fdaf0005110
MOC-R4PCC04U05:707147:707287 [0] NCCL INFO New proxy recv connection 5 from local rank 0, transport 0
MOC-R4PCC04U05:707147:707292 [0] NCCL INFO Connected to proxy localRank 0 -> connection 0x7fdaf0005188
MOC-R4PCC04U05:707147:707287 [0] NCCL INFO New proxy recv connection 6 from local rank 0, transport 0
MOC-R4PCC04U05:707147:707292 [0] NCCL INFO Connected to proxy localRank 0 -> connection 0x7fdaf0005200
MOC-R4PCC04U05:707147:707287 [0] NCCL INFO New proxy recv connection 7 from local rank 0, transport 0
MOC-R4PCC04U05:707147:707292 [0] NCCL INFO Connected to proxy localRank 0 -> connection 0x7fdaf0005278
MOC-R4PCC04U05:707149:707283 [2] NCCL INFO New proxy send connection 4 from local rank 2, transport 2
MOC-R4PCC04U05:707149:707293 [2] NCCL INFO Connected to proxy localRank 2 -> connection 0x7f50dc005110
MOC-R4PCC04U05:707149:707293 [2] NCCL INFO Channel 01/0 : 2[2] -> 7[3] [send] via NET/Socket/0
MOC-R4PCC04U05:707149:707283 [2] NCCL INFO New proxy send connection 5 from local rank 2, transport 2
MOC-R4PCC04U05:707149:707293 [2] NCCL INFO Connected to proxy localRank 2 -> connection 0x7f50dc005188
MOC-R4PCC04U05:707149:707293 [2] NCCL INFO Channel 03/0 : 2[2] -> 7[3] [send] via NET/Socket/0
MOC-R4PCC04U05:707149:707283 [2] NCCL INFO New proxy send connection 6 from local rank 2, transport 0
MOC-R4PCC04U05:707149:707293 [2] NCCL INFO Connected to proxy localRank 2 -> connection 0x7f50dc005200
MOC-R4PCC04U05:707149:707283 [2] NCCL INFO New proxy send connection 7 from local rank 2, transport 0
MOC-R4PCC04U05:707149:707293 [2] NCCL INFO Connected to proxy localRank 2 -> connection 0x7f50dc005278
MOC-R4PCC04U05:707150:707284 [3] NCCL INFO New proxy recv connection 4 from local rank 3, transport 2
MOC-R4PCC04U05:707150:707294 [3] NCCL INFO Connected to proxy localRank 3 -> connection 0x7f5e50005110
MOC-R4PCC04U05:707150:707294 [3] NCCL INFO Channel 01/0 : 14[2] -> 3[3] [receive] via NET/Socket/0
MOC-R4PCC04U05:707150:707284 [3] NCCL INFO New proxy recv connection 5 from local rank 3, transport 2
MOC-R4PCC04U05:707150:707294 [3] NCCL INFO Connected to proxy localRank 3 -> connection 0x7f5e50005188
MOC-R4PCC04U05:707150:707294 [3] NCCL INFO Channel 03/0 : 14[2] -> 3[3] [receive] via NET/Socket/0
MOC-R4PCC04U05:707150:707284 [3] NCCL INFO New proxy send connection 6 from local rank 3, transport 0
MOC-R4PCC04U05:707150:707294 [3] NCCL INFO Connected to proxy localRank 3 -> connection 0x7f5e50005200
MOC-R4PCC04U05:707150:707284 [3] NCCL INFO New proxy send connection 7 from local rank 3, transport 0
MOC-R4PCC04U05:707150:707294 [3] NCCL INFO Connected to proxy localRank 3 -> connection 0x7f5e50005278
MOC-R4PCC04U05:707147:707287 [0] NCCL INFO New proxy send connection 8 from local rank 3, transport 0
MOC-R4PCC04U05:707148:707285 [1] NCCL INFO New proxy recv connection 2 from local rank 1, transport 0
MOC-R4PCC04U05:707150:707294 [3] NCCL INFO Connected to proxy localRank 0 -> connection 0x7fdaf00052f0
MOC-R4PCC04U05:707148:707295 [1] NCCL INFO Connected to proxy localRank 1 -> connection 0x7fe110005020
MOC-R4PCC04U05:707148:707285 [1] NCCL INFO New proxy recv connection 3 from local rank 1, transport 0
MOC-R4PCC04U05:707148:707295 [1] NCCL INFO Connected to proxy localRank 1 -> connection 0x7fe110005098
MOC-R4PCC04U05:707148:707285 [1] NCCL INFO New proxy send connection 4 from local rank 1, transport 0
MOC-R4PCC04U05:707148:707295 [1] NCCL INFO Connected to proxy localRank 1 -> connection 0x7fe110005110
MOC-R4PCC04U05:707148:707285 [1] NCCL INFO New proxy send connection 5 from local rank 1, transport 0
MOC-R4PCC04U05:707148:707295 [1] NCCL INFO Connected to proxy localRank 1 -> connection 0x7fe110005188
MOC-R4PCC04U05:707148:707285 [1] NCCL INFO New proxy send connection 6 from local rank 1, transport 0
MOC-R4PCC04U05:707148:707295 [1] NCCL INFO Connected to proxy localRank 1 -> connection 0x7fe110005200
MOC-R4PCC04U05:707148:707285 [1] NCCL INFO New proxy send connection 7 from local rank 1, transport 0
MOC-R4PCC04U05:707148:707295 [1] NCCL INFO Connected to proxy localRank 1 -> connection 0x7fe110005278
MOC-R4PCC04U05:707148:707285 [1] NCCL INFO New proxy send connection 8 from local rank 3, transport 0
MOC-R4PCC04U05:707150:707294 [3] NCCL INFO Connected to proxy localRank 1 -> connection 0x7fe1100052f0
MOC-R4PCC04U05:707147:707287 [0] NCCL INFO New proxy send connection 9 from local rank 2, transport 0
MOC-R4PCC04U05:707149:707293 [2] NCCL INFO Connected to proxy localRank 0 -> connection 0x7fdaf0005368
MOC-R4PCC04U05:707149:707283 [2] NCCL INFO New proxy send connection 8 from local rank 0, transport 0
MOC-R4PCC04U05:707147:707292 [0] NCCL INFO Connected to proxy localRank 2 -> connection 0x7f50dc0052f0
MOC-R4PCC04U05:707150:707284 [3] NCCL INFO New proxy send connection 8 from local rank 1, transport 0
MOC-R4PCC04U05:707148:707295 [1] NCCL INFO Connected to proxy localRank 3 -> connection 0x7f5e500052f0
MOC-R4PCC04U05:707148:707285 [1] NCCL INFO New proxy send connection 9 from local rank 2, transport 0
MOC-R4PCC04U05:707149:707293 [2] NCCL INFO Connected to proxy localRank 1 -> connection 0x7fe110005368
MOC-R4PCC04U05:707150:707284 [3] NCCL INFO New proxy send connection 9 from local rank 0, transport 0
MOC-R4PCC04U05:707147:707292 [0] NCCL INFO Connected to proxy localRank 3 -> connection 0x7f5e50005368
MOC-R4PCC04U05:707147:707287 [0] NCCL INFO New proxy send connection 10 from local rank 1, transport 0
MOC-R4PCC04U05:707148:707295 [1] NCCL INFO Connected to proxy localRank 0 -> connection 0x7fdaf00053e0
MOC-R4PCC04U05:707149:707283 [2] NCCL INFO New proxy send connection 9 from local rank 1, transport 0
MOC-R4PCC04U05:707148:707295 [1] NCCL INFO Connected to proxy localRank 2 -> connection 0x7f50dc005368
MOC-R4PCC04U05:707148:707285 [1] NCCL INFO New proxy send connection 10 from local rank 0, transport 0
MOC-R4PCC04U05:707147:707292 [0] NCCL INFO Connected to proxy localRank 1 -> connection 0x7fe1100053e0
num decayed parameter tensors: 50, with 124,318,464 parameters
num non-decayed parameter tensors: 98, with 121,344 parameters
using fused AdamW: False
using regular AdamW
MOC-R4PCC04U05:707147:707287 [0] NCCL INFO New proxy send connection 11 from local rank 0, transport 0
MOC-R4PCC04U05:707147:708003 [0] NCCL INFO Connected to proxy localRank 0 -> connection 0x7fdaf0005458
MOC-R4PCC04U05:707147:707287 [0] NCCL INFO New proxy send connection 12 from local rank 0, transport 0
MOC-R4PCC04U05:707147:708003 [0] NCCL INFO Connected to proxy localRank 0 -> connection 0x7fdaf00054d0
MOC-R4PCC04U05:707147:707287 [0] NCCL INFO New proxy send connection 13 from local rank 0, transport 0
MOC-R4PCC04U05:707147:708003 [0] NCCL INFO Connected to proxy localRank 0 -> connection 0x7fdaf0005548
MOC-R4PCC04U05:707147:707287 [0] NCCL INFO New proxy send connection 14 from local rank 0, transport 0
MOC-R4PCC04U05:707147:708003 [0] NCCL INFO Connected to proxy localRank 0 -> connection 0x7fdaf00055c0
MOC-R4PCC04U05:707148:707285 [1] NCCL INFO New proxy recv connection 11 from local rank 1, transport 0
MOC-R4PCC04U05:707148:708004 [1] NCCL INFO Connected to proxy localRank 1 -> connection 0x7fe110005458
MOC-R4PCC04U05:707148:707285 [1] NCCL INFO New proxy recv connection 12 from local rank 1, transport 0
MOC-R4PCC04U05:707148:708004 [1] NCCL INFO Connected to proxy localRank 1 -> connection 0x7fe1100054d0
MOC-R4PCC04U05:707149:707283 [2] NCCL INFO New proxy recv connection 10 from local rank 2, transport 0
MOC-R4PCC04U05:707148:707285 [1] NCCL INFO New proxy recv connection 13 from local rank 1, transport 0
MOC-R4PCC04U05:707149:708005 [2] NCCL INFO Connected to proxy localRank 2 -> connection 0x7f50dc0053e0
MOC-R4PCC04U05:707148:708004 [1] NCCL INFO Connected to proxy localRank 1 -> connection 0x7fe110005548
MOC-R4PCC04U05:707148:707285 [1] NCCL INFO New proxy recv connection 14 from local rank 1, transport 0
MOC-R4PCC04U05:707148:708004 [1] NCCL INFO Connected to proxy localRank 1 -> connection 0x7fe1100055c0
MOC-R4PCC04U05:707149:707283 [2] NCCL INFO New proxy recv connection 11 from local rank 2, transport 0
MOC-R4PCC04U05:707149:708005 [2] NCCL INFO Connected to proxy localRank 2 -> connection 0x7f50dc005458
MOC-R4PCC04U05:707148:707285 [1] NCCL INFO New proxy send connection 15 from local rank 1, transport 0
MOC-R4PCC04U05:707148:708004 [1] NCCL INFO Connected to proxy localRank 1 -> connection 0x7fe110005638
MOC-R4PCC04U05:707149:707283 [2] NCCL INFO New proxy recv connection 12 from local rank 2, transport 0
MOC-R4PCC04U05:707149:708005 [2] NCCL INFO Connected to proxy localRank 2 -> connection 0x7f50dc0054d0
MOC-R4PCC04U05:707148:707285 [1] NCCL INFO New proxy send connection 16 from local rank 1, transport 0
MOC-R4PCC04U05:707148:708004 [1] NCCL INFO Connected to proxy localRank 1 -> connection 0x7fe1100056b0
MOC-R4PCC04U05:707149:707283 [2] NCCL INFO New proxy recv connection 13 from local rank 2, transport 0
MOC-R4PCC04U05:707149:708005 [2] NCCL INFO Connected to proxy localRank 2 -> connection 0x7f50dc005548
MOC-R4PCC04U05:707148:707285 [1] NCCL INFO New proxy send connection 17 from local rank 1, transport 0
MOC-R4PCC04U05:707148:708004 [1] NCCL INFO Connected to proxy localRank 1 -> connection 0x7fe110005728
MOC-R4PCC04U05:707148:707285 [1] NCCL INFO New proxy send connection 18 from local rank 1, transport 0
MOC-R4PCC04U05:707148:708004 [1] NCCL INFO Connected to proxy localRank 1 -> connection 0x7fe1100057a0
MOC-R4PCC04U05:707149:707283 [2] NCCL INFO New proxy send connection 14 from local rank 2, transport 0
MOC-R4PCC04U05:707147:707287 [0] NCCL INFO New proxy send connection 15 from local rank 0, transport 0
MOC-R4PCC04U05:707149:708005 [2] NCCL INFO Connected to proxy localRank 2 -> connection 0x7f50dc0055c0
MOC-R4PCC04U05:707148:707285 [1] NCCL INFO New proxy recv connection 19 from local rank 1, transport 0
MOC-R4PCC04U05:707147:708003 [0] NCCL INFO Connected to proxy localRank 0 -> connection 0x7fdaf0005638
MOC-R4PCC04U05:707148:708004 [1] NCCL INFO Connected to proxy localRank 1 -> connection 0x7fe110005818
MOC-R4PCC04U05:707149:707283 [2] NCCL INFO New proxy send connection 15 from local rank 2, transport 0
MOC-R4PCC04U05:707149:708005 [2] NCCL INFO Connected to proxy localRank 2 -> connection 0x7f50dc005638
MOC-R4PCC04U05:707148:707285 [1] NCCL INFO New proxy recv connection 20 from local rank 1, transport 0
MOC-R4PCC04U05:707147:707287 [0] NCCL INFO New proxy send connection 16 from local rank 0, transport 0
MOC-R4PCC04U05:707148:708004 [1] NCCL INFO Connected to proxy localRank 1 -> connection 0x7fe110005890
MOC-R4PCC04U05:707147:708003 [0] NCCL INFO Connected to proxy localRank 0 -> connection 0x7fdaf00056b0
MOC-R4PCC04U05:707150:707284 [3] NCCL INFO New proxy recv connection 10 from local rank 3, transport 0
MOC-R4PCC04U05:707150:708006 [3] NCCL INFO Connected to proxy localRank 3 -> connection 0x7f5e500053e0
MOC-R4PCC04U05:707150:707284 [3] NCCL INFO New proxy recv connection 11 from local rank 3, transport 0
MOC-R4PCC04U05:707150:708006 [3] NCCL INFO Connected to proxy localRank 3 -> connection 0x7f5e50005458
MOC-R4PCC04U05:707150:707284 [3] NCCL INFO New proxy send connection 12 from local rank 3, transport 2
MOC-R4PCC04U05:707150:708006 [3] NCCL INFO Connected to proxy localRank 3 -> connection 0x7f5e500054d0
MOC-R4PCC04U05:707147:707287 [0] NCCL INFO New proxy recv connection 17 from local rank 0, transport 0
MOC-R4PCC04U05:707147:708003 [0] NCCL INFO Connected to proxy localRank 0 -> connection 0x7fdaf0005728
MOC-R4PCC04U05:707150:708006 [3] NCCL INFO Channel 02/0 : 3[3] -> 7[3] [send] via NET/Socket/0
MOC-R4PCC04U05:707150:707284 [3] NCCL INFO New proxy send connection 13 from local rank 3, transport 2
MOC-R4PCC04U05:707150:708006 [3] NCCL INFO Connected to proxy localRank 3 -> connection 0x7f5e50005548
MOC-R4PCC04U05:707147:707287 [0] NCCL INFO New proxy recv connection 18 from local rank 0, transport 0
MOC-R4PCC04U05:707150:708006 [3] NCCL INFO Channel 03/0 : 3[3] -> 7[3] [send] via NET/Socket/0
MOC-R4PCC04U05:707147:708003 [0] NCCL INFO Connected to proxy localRank 0 -> connection 0x7fdaf00057a0
MOC-R4PCC04U05:707147:707287 [0] NCCL INFO New proxy recv connection 19 from local rank 0, transport 0
MOC-R4PCC04U05:707147:708003 [0] NCCL INFO Connected to proxy localRank 0 -> connection 0x7fdaf0005818
MOC-R4PCC04U05:707147:707287 [0] NCCL INFO New proxy recv connection 20 from local rank 0, transport 0
MOC-R4PCC04U05:707147:708003 [0] NCCL INFO Connected to proxy localRank 0 -> connection 0x7fdaf0005890
MOC-R4PCC04U05:707150:707284 [3] NCCL INFO New proxy recv connection 14 from local rank 3, transport 2
MOC-R4PCC04U05:707150:708006 [3] NCCL INFO Connected to proxy localRank 3 -> connection 0x7f5e500055c0
MOC-R4PCC04U05:707150:708006 [3] NCCL INFO Channel 00/0 : 11[3] -> 3[3] [receive] via NET/Socket/0
MOC-R4PCC04U05:707150:707284 [3] NCCL INFO New proxy recv connection 15 from local rank 3, transport 2
MOC-R4PCC04U05:707150:708006 [3] NCCL INFO Connected to proxy localRank 3 -> connection 0x7f5e50005638
MOC-R4PCC04U05:707150:708006 [3] NCCL INFO Channel 01/0 : 11[3] -> 3[3] [receive] via NET/Socket/0
MOC-R4PCC04U05:707150:707284 [3] NCCL INFO New proxy send connection 16 from local rank 3, transport 2
MOC-R4PCC04U05:707150:708006 [3] NCCL INFO Connected to proxy localRank 3 -> connection 0x7f5e500056b0
MOC-R4PCC04U05:707150:708006 [3] NCCL INFO Channel 00/0 : 3[3] -> 11[3] [send] via NET/Socket/0
MOC-R4PCC04U05:707150:707284 [3] NCCL INFO New proxy send connection 17 from local rank 3, transport 2
MOC-R4PCC04U05:707150:708006 [3] NCCL INFO Connected to proxy localRank 3 -> connection 0x7f5e50005728
MOC-R4PCC04U05:707150:708006 [3] NCCL INFO Channel 01/0 : 3[3] -> 11[3] [send] via NET/Socket/0
MOC-R4PCC04U05:707150:707284 [3] NCCL INFO New proxy recv connection 18 from local rank 3, transport 2
MOC-R4PCC04U05:707150:708006 [3] NCCL INFO Connected to proxy localRank 3 -> connection 0x7f5e500057a0
MOC-R4PCC04U05:707150:708006 [3] NCCL INFO Channel 02/0 : 7[3] -> 3[3] [receive] via NET/Socket/0
MOC-R4PCC04U05:707150:707284 [3] NCCL INFO New proxy recv connection 19 from local rank 3, transport 2
MOC-R4PCC04U05:707150:708006 [3] NCCL INFO Connected to proxy localRank 3 -> connection 0x7f5e50005818
MOC-R4PCC04U05:707150:708006 [3] NCCL INFO Channel 03/0 : 7[3] -> 3[3] [receive] via NET/Socket/0
MOC-R4PCC04U05:707150:707284 [3] NCCL INFO New proxy send connection 20 from local rank 3, transport 0
MOC-R4PCC04U05:707150:708006 [3] NCCL INFO Connected to proxy localRank 3 -> connection 0x7f5e50005890
MOC-R4PCC04U05:707150:707284 [3] NCCL INFO New proxy send connection 21 from local rank 3, transport 0
MOC-R4PCC04U05:707150:708006 [3] NCCL INFO Connected to proxy localRank 3 -> connection 0x7f5e50005908
MOC-R4PCC04U05:707150:707284 [3] NCCL INFO New proxy send connection 22 from local rank 3, transport 0
MOC-R4PCC04U05:707150:708006 [3] NCCL INFO Connected to proxy localRank 3 -> connection 0x7f5e50005980
MOC-R4PCC04U05:707150:707284 [3] NCCL INFO New proxy send connection 23 from local rank 3, transport 0
MOC-R4PCC04U05:707150:708006 [3] NCCL INFO Connected to proxy localRank 3 -> connection 0x7f5e500059f8
step    1/10 | train loss 11.008971 | norm 15.7109 | lr 1.00e-04 | (14676.19 ms | 35724 tok/s)
step    2/10 | train loss 10.123243 | norm 5.8020 | lr 1.00e-04 | (208.69 ms | 2512282 tok/s)
step    3/10 | train loss 9.777220 | norm 2.6313 | lr 1.00e-04 | (212.91 ms | 2462476 tok/s)
step    4/10 | train loss 9.607357 | norm 2.1165 | lr 1.00e-04 | (204.97 ms | 2557869 tok/s)
step    5/10 | train loss 9.524716 | norm 2.1075 | lr 1.00e-04 | (204.17 ms | 2567923 tok/s)
step    6/10 | train loss 9.443517 | norm 2.0013 | lr 1.00e-04 | (207.06 ms | 2532043 tok/s)
step    7/10 | train loss 9.358723 | norm 1.9491 | lr 1.00e-04 | (205.98 ms | 2545322 tok/s)
step    8/10 | train loss 9.269131 | norm 1.9124 | lr 1.00e-04 | (202.66 ms | 2587059 tok/s)
step    9/10 | train loss 9.176631 | norm 1.8636 | lr 1.00e-04 | (202.97 ms | 2583102 tok/s)
step   10/10 | train loss 9.088060 | norm 1.7782 | lr 1.00e-04 | (203.04 ms | 2582229 tok/s)
final 9 iters avg: 205.827ms
peak memory consumption: 16121 MiB
