Running pytorch 2.7.0+cu126
using device: cuda:0
total desired batch size: 2621440
=> calculated gradient accumulation steps: 5
using device: cuda:1
using device: cuda:3
using device: cuda:2
compiling the model...
DataLoader: total number of tokens: 1,661,249,667 across 103 files
MOC-R4PCC04U05:690516:690516 [0] NCCL INFO NCCL_SOCKET_IFNAME set to eno7np0
MOC-R4PCC04U05:690516:690516 [0] NCCL INFO NCCL version 2.26.2+cuda12.2
MOC-R4PCC04U05:690516:690622 [0] NCCL INFO NET/Plugin: Could not find: libnccl-net.so. Using internal net plugin.
MOC-R4PCC04U05:690516:690622 [0] NCCL INFO NET/Socket : Using [0]eno7np0:192.168.50.193<0>
MOC-R4PCC04U05:690517:690517 [1] NCCL INFO NCCL_SOCKET_IFNAME set to eno7np0
MOC-R4PCC04U05:690517:690517 [1] NCCL INFO NCCL version 2.26.2+cuda12.2
MOC-R4PCC04U05:690518:690518 [2] NCCL INFO NCCL_SOCKET_IFNAME set to eno7np0
MOC-R4PCC04U05:690518:690518 [2] NCCL INFO NCCL version 2.26.2+cuda12.2
MOC-R4PCC04U05:690519:690519 [3] NCCL INFO NCCL_SOCKET_IFNAME set to eno7np0
MOC-R4PCC04U05:690519:690519 [3] NCCL INFO NCCL version 2.26.2+cuda12.2
MOC-R4PCC04U05:690518:690645 [2] NCCL INFO NET/Plugin: Could not find: libnccl-net.so. Using internal net plugin.
MOC-R4PCC04U05:690518:690645 [2] NCCL INFO NET/Socket : Using [0]eno7np0:192.168.50.193<0>
MOC-R4PCC04U05:690517:690644 [1] NCCL INFO NET/Plugin: Could not find: libnccl-net.so. Using internal net plugin.
MOC-R4PCC04U05:690517:690644 [1] NCCL INFO NET/Socket : Using [0]eno7np0:192.168.50.193<0>
MOC-R4PCC04U05:690519:690646 [3] NCCL INFO NET/Plugin: Could not find: libnccl-net.so. Using internal net plugin.
MOC-R4PCC04U05:690519:690646 [3] NCCL INFO NET/Socket : Using [0]eno7np0:192.168.50.193<0>
MOC-R4PCC04U05:690516:690622 [0] NCCL INFO NET/Socket : GPU Direct RDMA Disabled for HCA 0 'eno7np0'
MOC-R4PCC04U05:690519:690646 [3] NCCL INFO NET/Socket : GPU Direct RDMA Disabled for HCA 0 'eno7np0'
MOC-R4PCC04U05:690518:690645 [2] NCCL INFO NET/Socket : GPU Direct RDMA Disabled for HCA 0 'eno7np0'
MOC-R4PCC04U05:690517:690644 [1] NCCL INFO NET/Socket : GPU Direct RDMA Disabled for HCA 0 'eno7np0'
MOC-R4PCC04U05:690516:690655 [0] NCCL INFO New proxy send connection 0 from local rank 0, transport 0
MOC-R4PCC04U05:690516:690730 [0] NCCL INFO Connected to proxy localRank 0 -> connection 0x7fa9b4004f30
MOC-R4PCC04U05:690516:690655 [0] NCCL INFO New proxy send connection 1 from local rank 0, transport 0
MOC-R4PCC04U05:690516:690730 [0] NCCL INFO Connected to proxy localRank 0 -> connection 0x7fa9b4004fa8
MOC-R4PCC04U05:690519:690657 [3] NCCL INFO New proxy recv connection 0 from local rank 3, transport 0
MOC-R4PCC04U05:690519:690731 [3] NCCL INFO Connected to proxy localRank 3 -> connection 0x7f95b0004f30
MOC-R4PCC04U05:690519:690657 [3] NCCL INFO New proxy recv connection 1 from local rank 3, transport 0
MOC-R4PCC04U05:690519:690731 [3] NCCL INFO Connected to proxy localRank 3 -> connection 0x7f95b0004fa8
MOC-R4PCC04U05:690518:690656 [2] NCCL INFO New proxy recv connection 0 from local rank 2, transport 0
MOC-R4PCC04U05:690518:690732 [2] NCCL INFO Connected to proxy localRank 2 -> connection 0x7ff418004f30
MOC-R4PCC04U05:690518:690656 [2] NCCL INFO New proxy recv connection 1 from local rank 2, transport 0
MOC-R4PCC04U05:690518:690732 [2] NCCL INFO Connected to proxy localRank 2 -> connection 0x7ff418004fa8
MOC-R4PCC04U05:690516:690655 [0] NCCL INFO New proxy send connection 2 from local rank 0, transport 0
MOC-R4PCC04U05:690516:690730 [0] NCCL INFO Connected to proxy localRank 0 -> connection 0x7fa9b4005020
MOC-R4PCC04U05:690516:690655 [0] NCCL INFO New proxy send connection 3 from local rank 0, transport 0
MOC-R4PCC04U05:690516:690730 [0] NCCL INFO Connected to proxy localRank 0 -> connection 0x7fa9b4005098
MOC-R4PCC04U05:690517:690659 [1] NCCL INFO New proxy recv connection 0 from local rank 1, transport 0
MOC-R4PCC04U05:690517:690733 [1] NCCL INFO Connected to proxy localRank 1 -> connection 0x7f3ce0004f30
MOC-R4PCC04U05:690517:690659 [1] NCCL INFO New proxy recv connection 1 from local rank 1, transport 0
MOC-R4PCC04U05:690517:690733 [1] NCCL INFO Connected to proxy localRank 1 -> connection 0x7f3ce0004fa8
MOC-R4PCC04U05:690518:690656 [2] NCCL INFO New proxy recv connection 2 from local rank 2, transport 2
MOC-R4PCC04U05:690518:690732 [2] NCCL INFO Connected to proxy localRank 2 -> connection 0x7ff418005020
MOC-R4PCC04U05:690519:690657 [3] NCCL INFO New proxy send connection 2 from local rank 3, transport 2
MOC-R4PCC04U05:690519:690731 [3] NCCL INFO Connected to proxy localRank 3 -> connection 0x7f95b0005020
MOC-R4PCC04U05:690518:690732 [2] NCCL INFO Channel 00/0 : 15[3] -> 2[2] [receive] via NET/Socket/0
MOC-R4PCC04U05:690518:690656 [2] NCCL INFO New proxy recv connection 3 from local rank 2, transport 2
MOC-R4PCC04U05:690518:690732 [2] NCCL INFO Connected to proxy localRank 2 -> connection 0x7ff418005098
MOC-R4PCC04U05:690519:690731 [3] NCCL INFO Channel 00/0 : 3[3] -> 6[2] [send] via NET/Socket/0
MOC-R4PCC04U05:690519:690657 [3] NCCL INFO New proxy send connection 3 from local rank 3, transport 2
MOC-R4PCC04U05:690519:690731 [3] NCCL INFO Connected to proxy localRank 3 -> connection 0x7f95b0005098
MOC-R4PCC04U05:690518:690732 [2] NCCL INFO Channel 02/0 : 15[3] -> 2[2] [receive] via NET/Socket/0
MOC-R4PCC04U05:690519:690731 [3] NCCL INFO Channel 02/0 : 3[3] -> 6[2] [send] via NET/Socket/0
MOC-R4PCC04U05:690518:690656 [2] NCCL INFO New proxy send connection 4 from local rank 2, transport 2
MOC-R4PCC04U05:690518:690732 [2] NCCL INFO Connected to proxy localRank 2 -> connection 0x7ff418005110
MOC-R4PCC04U05:690516:690655 [0] NCCL INFO New proxy recv connection 4 from local rank 0, transport 0
MOC-R4PCC04U05:690516:690730 [0] NCCL INFO Connected to proxy localRank 0 -> connection 0x7fa9b4005110
MOC-R4PCC04U05:690518:690732 [2] NCCL INFO Channel 01/0 : 2[2] -> 7[3] [send] via NET/Socket/0
MOC-R4PCC04U05:690518:690656 [2] NCCL INFO New proxy send connection 5 from local rank 2, transport 2
MOC-R4PCC04U05:690518:690732 [2] NCCL INFO Connected to proxy localRank 2 -> connection 0x7ff418005188
MOC-R4PCC04U05:690519:690657 [3] NCCL INFO New proxy recv connection 4 from local rank 3, transport 2
MOC-R4PCC04U05:690516:690655 [0] NCCL INFO New proxy recv connection 5 from local rank 0, transport 0
MOC-R4PCC04U05:690519:690731 [3] NCCL INFO Connected to proxy localRank 3 -> connection 0x7f95b0005110
MOC-R4PCC04U05:690516:690730 [0] NCCL INFO Connected to proxy localRank 0 -> connection 0x7fa9b4005188
MOC-R4PCC04U05:690516:690655 [0] NCCL INFO New proxy recv connection 6 from local rank 0, transport 0
MOC-R4PCC04U05:690516:690730 [0] NCCL INFO Connected to proxy localRank 0 -> connection 0x7fa9b4005200
MOC-R4PCC04U05:690518:690732 [2] NCCL INFO Channel 03/0 : 2[2] -> 7[3] [send] via NET/Socket/0
MOC-R4PCC04U05:690516:690655 [0] NCCL INFO New proxy recv connection 7 from local rank 0, transport 0
MOC-R4PCC04U05:690519:690731 [3] NCCL INFO Channel 01/0 : 14[2] -> 3[3] [receive] via NET/Socket/0
MOC-R4PCC04U05:690516:690730 [0] NCCL INFO Connected to proxy localRank 0 -> connection 0x7fa9b4005278
MOC-R4PCC04U05:690518:690656 [2] NCCL INFO New proxy send connection 6 from local rank 2, transport 0
MOC-R4PCC04U05:690519:690657 [3] NCCL INFO New proxy recv connection 5 from local rank 3, transport 2
MOC-R4PCC04U05:690518:690732 [2] NCCL INFO Connected to proxy localRank 2 -> connection 0x7ff418005200
MOC-R4PCC04U05:690519:690731 [3] NCCL INFO Connected to proxy localRank 3 -> connection 0x7f95b0005188
MOC-R4PCC04U05:690518:690656 [2] NCCL INFO New proxy send connection 7 from local rank 2, transport 0
MOC-R4PCC04U05:690519:690731 [3] NCCL INFO Channel 03/0 : 14[2] -> 3[3] [receive] via NET/Socket/0
MOC-R4PCC04U05:690518:690732 [2] NCCL INFO Connected to proxy localRank 2 -> connection 0x7ff418005278
MOC-R4PCC04U05:690519:690657 [3] NCCL INFO New proxy send connection 6 from local rank 3, transport 0
MOC-R4PCC04U05:690519:690731 [3] NCCL INFO Connected to proxy localRank 3 -> connection 0x7f95b0005200
MOC-R4PCC04U05:690519:690657 [3] NCCL INFO New proxy send connection 7 from local rank 3, transport 0
MOC-R4PCC04U05:690519:690731 [3] NCCL INFO Connected to proxy localRank 3 -> connection 0x7f95b0005278
MOC-R4PCC04U05:690517:690659 [1] NCCL INFO New proxy recv connection 2 from local rank 1, transport 0
MOC-R4PCC04U05:690517:690733 [1] NCCL INFO Connected to proxy localRank 1 -> connection 0x7f3ce0005020
MOC-R4PCC04U05:690516:690655 [0] NCCL INFO New proxy send connection 8 from local rank 3, transport 0
MOC-R4PCC04U05:690519:690731 [3] NCCL INFO Connected to proxy localRank 0 -> connection 0x7fa9b40052f0
MOC-R4PCC04U05:690517:690659 [1] NCCL INFO New proxy recv connection 3 from local rank 1, transport 0
MOC-R4PCC04U05:690517:690733 [1] NCCL INFO Connected to proxy localRank 1 -> connection 0x7f3ce0005098
MOC-R4PCC04U05:690517:690659 [1] NCCL INFO New proxy send connection 4 from local rank 1, transport 0
MOC-R4PCC04U05:690517:690733 [1] NCCL INFO Connected to proxy localRank 1 -> connection 0x7f3ce0005110
MOC-R4PCC04U05:690517:690659 [1] NCCL INFO New proxy send connection 5 from local rank 1, transport 0
MOC-R4PCC04U05:690517:690733 [1] NCCL INFO Connected to proxy localRank 1 -> connection 0x7f3ce0005188
MOC-R4PCC04U05:690517:690659 [1] NCCL INFO New proxy send connection 6 from local rank 1, transport 0
MOC-R4PCC04U05:690517:690733 [1] NCCL INFO Connected to proxy localRank 1 -> connection 0x7f3ce0005200
MOC-R4PCC04U05:690517:690659 [1] NCCL INFO New proxy send connection 7 from local rank 1, transport 0
MOC-R4PCC04U05:690517:690733 [1] NCCL INFO Connected to proxy localRank 1 -> connection 0x7f3ce0005278
MOC-R4PCC04U05:690517:690659 [1] NCCL INFO New proxy send connection 8 from local rank 3, transport 0
MOC-R4PCC04U05:690519:690731 [3] NCCL INFO Connected to proxy localRank 1 -> connection 0x7f3ce00052f0
MOC-R4PCC04U05:690516:690655 [0] NCCL INFO New proxy send connection 9 from local rank 2, transport 0
MOC-R4PCC04U05:690518:690732 [2] NCCL INFO Connected to proxy localRank 0 -> connection 0x7fa9b4005368
MOC-R4PCC04U05:690518:690656 [2] NCCL INFO New proxy send connection 8 from local rank 0, transport 0
MOC-R4PCC04U05:690516:690730 [0] NCCL INFO Connected to proxy localRank 2 -> connection 0x7ff4180052f0
MOC-R4PCC04U05:690519:690657 [3] NCCL INFO New proxy send connection 8 from local rank 1, transport 0
MOC-R4PCC04U05:690517:690733 [1] NCCL INFO Connected to proxy localRank 3 -> connection 0x7f95b00052f0
MOC-R4PCC04U05:690517:690659 [1] NCCL INFO New proxy send connection 9 from local rank 2, transport 0
MOC-R4PCC04U05:690518:690732 [2] NCCL INFO Connected to proxy localRank 1 -> connection 0x7f3ce0005368
MOC-R4PCC04U05:690519:690657 [3] NCCL INFO New proxy send connection 9 from local rank 0, transport 0
MOC-R4PCC04U05:690516:690730 [0] NCCL INFO Connected to proxy localRank 3 -> connection 0x7f95b0005368
MOC-R4PCC04U05:690516:690655 [0] NCCL INFO New proxy send connection 10 from local rank 1, transport 0
MOC-R4PCC04U05:690517:690733 [1] NCCL INFO Connected to proxy localRank 0 -> connection 0x7fa9b40053e0
MOC-R4PCC04U05:690518:690656 [2] NCCL INFO New proxy send connection 9 from local rank 1, transport 0
MOC-R4PCC04U05:690517:690733 [1] NCCL INFO Connected to proxy localRank 2 -> connection 0x7ff418005368
MOC-R4PCC04U05:690517:690659 [1] NCCL INFO New proxy send connection 10 from local rank 0, transport 0
MOC-R4PCC04U05:690516:690730 [0] NCCL INFO Connected to proxy localRank 1 -> connection 0x7f3ce00053e0
num decayed parameter tensors: 50, with 124,318,464 parameters
num non-decayed parameter tensors: 98, with 121,344 parameters
using fused AdamW: False
using regular AdamW
MOC-R4PCC04U05:690517:690659 [1] NCCL INFO New proxy recv connection 11 from local rank 1, transport 0
MOC-R4PCC04U05:690517:691389 [1] NCCL INFO Connected to proxy localRank 1 -> connection 0x7f3ce0005458
MOC-R4PCC04U05:690517:690659 [1] NCCL INFO New proxy recv connection 12 from local rank 1, transport 0
MOC-R4PCC04U05:690517:691389 [1] NCCL INFO Connected to proxy localRank 1 -> connection 0x7f3ce00054d0
MOC-R4PCC04U05:690517:690659 [1] NCCL INFO New proxy recv connection 13 from local rank 1, transport 0
MOC-R4PCC04U05:690517:691389 [1] NCCL INFO Connected to proxy localRank 1 -> connection 0x7f3ce0005548
MOC-R4PCC04U05:690517:690659 [1] NCCL INFO New proxy recv connection 14 from local rank 1, transport 0
MOC-R4PCC04U05:690517:691389 [1] NCCL INFO Connected to proxy localRank 1 -> connection 0x7f3ce00055c0
MOC-R4PCC04U05:690517:690659 [1] NCCL INFO New proxy send connection 15 from local rank 1, transport 0
MOC-R4PCC04U05:690517:691389 [1] NCCL INFO Connected to proxy localRank 1 -> connection 0x7f3ce0005638
MOC-R4PCC04U05:690517:690659 [1] NCCL INFO New proxy send connection 16 from local rank 1, transport 0
MOC-R4PCC04U05:690517:691389 [1] NCCL INFO Connected to proxy localRank 1 -> connection 0x7f3ce00056b0
MOC-R4PCC04U05:690517:690659 [1] NCCL INFO New proxy send connection 17 from local rank 1, transport 0
MOC-R4PCC04U05:690517:691389 [1] NCCL INFO Connected to proxy localRank 1 -> connection 0x7f3ce0005728
MOC-R4PCC04U05:690517:690659 [1] NCCL INFO New proxy send connection 18 from local rank 1, transport 0
MOC-R4PCC04U05:690517:691389 [1] NCCL INFO Connected to proxy localRank 1 -> connection 0x7f3ce00057a0
MOC-R4PCC04U05:690518:690656 [2] NCCL INFO New proxy recv connection 10 from local rank 2, transport 0
MOC-R4PCC04U05:690518:691390 [2] NCCL INFO Connected to proxy localRank 2 -> connection 0x7ff4180053e0
MOC-R4PCC04U05:690518:690656 [2] NCCL INFO New proxy recv connection 11 from local rank 2, transport 0
MOC-R4PCC04U05:690518:691390 [2] NCCL INFO Connected to proxy localRank 2 -> connection 0x7ff418005458
MOC-R4PCC04U05:690518:690656 [2] NCCL INFO New proxy recv connection 12 from local rank 2, transport 0
MOC-R4PCC04U05:690518:691390 [2] NCCL INFO Connected to proxy localRank 2 -> connection 0x7ff4180054d0
MOC-R4PCC04U05:690518:690656 [2] NCCL INFO New proxy recv connection 13 from local rank 2, transport 0
MOC-R4PCC04U05:690518:691390 [2] NCCL INFO Connected to proxy localRank 2 -> connection 0x7ff418005548
MOC-R4PCC04U05:690518:690656 [2] NCCL INFO New proxy send connection 14 from local rank 2, transport 0
MOC-R4PCC04U05:690518:691390 [2] NCCL INFO Connected to proxy localRank 2 -> connection 0x7ff4180055c0
MOC-R4PCC04U05:690518:690656 [2] NCCL INFO New proxy send connection 15 from local rank 2, transport 0
MOC-R4PCC04U05:690518:691390 [2] NCCL INFO Connected to proxy localRank 2 -> connection 0x7ff418005638
MOC-R4PCC04U05:690519:690657 [3] NCCL INFO New proxy recv connection 10 from local rank 3, transport 0
MOC-R4PCC04U05:690519:691391 [3] NCCL INFO Connected to proxy localRank 3 -> connection 0x7f95b00053e0
MOC-R4PCC04U05:690519:690657 [3] NCCL INFO New proxy recv connection 11 from local rank 3, transport 0
MOC-R4PCC04U05:690519:691391 [3] NCCL INFO Connected to proxy localRank 3 -> connection 0x7f95b0005458
MOC-R4PCC04U05:690516:690655 [0] NCCL INFO New proxy send connection 11 from local rank 0, transport 0
MOC-R4PCC04U05:690516:691392 [0] NCCL INFO Connected to proxy localRank 0 -> connection 0x7fa9b4005458
MOC-R4PCC04U05:690516:690655 [0] NCCL INFO New proxy send connection 12 from local rank 0, transport 0
MOC-R4PCC04U05:690516:691392 [0] NCCL INFO Connected to proxy localRank 0 -> connection 0x7fa9b40054d0
MOC-R4PCC04U05:690516:690655 [0] NCCL INFO New proxy send connection 13 from local rank 0, transport 0
MOC-R4PCC04U05:690516:691392 [0] NCCL INFO Connected to proxy localRank 0 -> connection 0x7fa9b4005548
MOC-R4PCC04U05:690516:690655 [0] NCCL INFO New proxy send connection 14 from local rank 0, transport 0
MOC-R4PCC04U05:690516:691392 [0] NCCL INFO Connected to proxy localRank 0 -> connection 0x7fa9b40055c0
MOC-R4PCC04U05:690516:690655 [0] NCCL INFO New proxy send connection 15 from local rank 0, transport 0
MOC-R4PCC04U05:690517:690659 [1] NCCL INFO New proxy recv connection 19 from local rank 1, transport 0
MOC-R4PCC04U05:690516:691392 [0] NCCL INFO Connected to proxy localRank 0 -> connection 0x7fa9b4005638
MOC-R4PCC04U05:690517:691389 [1] NCCL INFO Connected to proxy localRank 1 -> connection 0x7f3ce0005818
MOC-R4PCC04U05:690516:690655 [0] NCCL INFO New proxy send connection 16 from local rank 0, transport 0
MOC-R4PCC04U05:690516:691392 [0] NCCL INFO Connected to proxy localRank 0 -> connection 0x7fa9b40056b0
MOC-R4PCC04U05:690517:690659 [1] NCCL INFO New proxy recv connection 20 from local rank 1, transport 0
MOC-R4PCC04U05:690517:691389 [1] NCCL INFO Connected to proxy localRank 1 -> connection 0x7f3ce0005890
MOC-R4PCC04U05:690516:690655 [0] NCCL INFO New proxy recv connection 17 from local rank 0, transport 0
MOC-R4PCC04U05:690519:690657 [3] NCCL INFO New proxy send connection 12 from local rank 3, transport 2
MOC-R4PCC04U05:690516:691392 [0] NCCL INFO Connected to proxy localRank 0 -> connection 0x7fa9b4005728
MOC-R4PCC04U05:690519:691391 [3] NCCL INFO Connected to proxy localRank 3 -> connection 0x7f95b00054d0
MOC-R4PCC04U05:690516:690655 [0] NCCL INFO New proxy recv connection 18 from local rank 0, transport 0
MOC-R4PCC04U05:690516:691392 [0] NCCL INFO Connected to proxy localRank 0 -> connection 0x7fa9b40057a0
MOC-R4PCC04U05:690519:691391 [3] NCCL INFO Channel 02/0 : 3[3] -> 7[3] [send] via NET/Socket/0
MOC-R4PCC04U05:690519:690657 [3] NCCL INFO New proxy send connection 13 from local rank 3, transport 2
MOC-R4PCC04U05:690519:691391 [3] NCCL INFO Connected to proxy localRank 3 -> connection 0x7f95b0005548
MOC-R4PCC04U05:690516:690655 [0] NCCL INFO New proxy recv connection 19 from local rank 0, transport 0
MOC-R4PCC04U05:690516:691392 [0] NCCL INFO Connected to proxy localRank 0 -> connection 0x7fa9b4005818
MOC-R4PCC04U05:690519:691391 [3] NCCL INFO Channel 03/0 : 3[3] -> 7[3] [send] via NET/Socket/0
MOC-R4PCC04U05:690516:690655 [0] NCCL INFO New proxy recv connection 20 from local rank 0, transport 0
MOC-R4PCC04U05:690516:691392 [0] NCCL INFO Connected to proxy localRank 0 -> connection 0x7fa9b4005890
MOC-R4PCC04U05:690519:690657 [3] NCCL INFO New proxy recv connection 14 from local rank 3, transport 2
MOC-R4PCC04U05:690519:691391 [3] NCCL INFO Connected to proxy localRank 3 -> connection 0x7f95b00055c0
MOC-R4PCC04U05:690519:691391 [3] NCCL INFO Channel 00/0 : 11[3] -> 3[3] [receive] via NET/Socket/0
MOC-R4PCC04U05:690519:690657 [3] NCCL INFO New proxy recv connection 15 from local rank 3, transport 2
MOC-R4PCC04U05:690519:691391 [3] NCCL INFO Connected to proxy localRank 3 -> connection 0x7f95b0005638
MOC-R4PCC04U05:690519:691391 [3] NCCL INFO Channel 01/0 : 11[3] -> 3[3] [receive] via NET/Socket/0
MOC-R4PCC04U05:690519:690657 [3] NCCL INFO New proxy send connection 16 from local rank 3, transport 2
MOC-R4PCC04U05:690519:691391 [3] NCCL INFO Connected to proxy localRank 3 -> connection 0x7f95b00056b0
MOC-R4PCC04U05:690519:691391 [3] NCCL INFO Channel 00/0 : 3[3] -> 11[3] [send] via NET/Socket/0
MOC-R4PCC04U05:690519:690657 [3] NCCL INFO New proxy send connection 17 from local rank 3, transport 2
MOC-R4PCC04U05:690519:691391 [3] NCCL INFO Connected to proxy localRank 3 -> connection 0x7f95b0005728
MOC-R4PCC04U05:690519:691391 [3] NCCL INFO Channel 01/0 : 3[3] -> 11[3] [send] via NET/Socket/0
MOC-R4PCC04U05:690519:690657 [3] NCCL INFO New proxy recv connection 18 from local rank 3, transport 2
MOC-R4PCC04U05:690519:691391 [3] NCCL INFO Connected to proxy localRank 3 -> connection 0x7f95b00057a0
MOC-R4PCC04U05:690519:691391 [3] NCCL INFO Channel 02/0 : 7[3] -> 3[3] [receive] via NET/Socket/0
MOC-R4PCC04U05:690519:690657 [3] NCCL INFO New proxy recv connection 19 from local rank 3, transport 2
MOC-R4PCC04U05:690519:691391 [3] NCCL INFO Connected to proxy localRank 3 -> connection 0x7f95b0005818
MOC-R4PCC04U05:690519:691391 [3] NCCL INFO Channel 03/0 : 7[3] -> 3[3] [receive] via NET/Socket/0
MOC-R4PCC04U05:690519:690657 [3] NCCL INFO New proxy send connection 20 from local rank 3, transport 0
MOC-R4PCC04U05:690519:691391 [3] NCCL INFO Connected to proxy localRank 3 -> connection 0x7f95b0005890
MOC-R4PCC04U05:690519:690657 [3] NCCL INFO New proxy send connection 21 from local rank 3, transport 0
MOC-R4PCC04U05:690519:691391 [3] NCCL INFO Connected to proxy localRank 3 -> connection 0x7f95b0005908
MOC-R4PCC04U05:690519:690657 [3] NCCL INFO New proxy send connection 22 from local rank 3, transport 0
MOC-R4PCC04U05:690519:691391 [3] NCCL INFO Connected to proxy localRank 3 -> connection 0x7f95b0005980
MOC-R4PCC04U05:690519:690657 [3] NCCL INFO New proxy send connection 23 from local rank 3, transport 0
MOC-R4PCC04U05:690519:691391 [3] NCCL INFO Connected to proxy localRank 3 -> connection 0x7f95b00059f8
step    1/10 | train loss 11.009524 | norm 15.3465 | lr 1.00e-04 | (14322.72 ms | 183027 tok/s)
step    2/10 | train loss 10.140072 | norm 5.7338 | lr 1.00e-04 | (497.65 ms | 5267651 tok/s)
step    3/10 | train loss 9.800384 | norm 2.6009 | lr 1.00e-04 | (487.36 ms | 5378900 tok/s)
step    4/10 | train loss 9.631466 | norm 2.1085 | lr 1.00e-04 | (700.30 ms | 3743285 tok/s)
step    5/10 | train loss 9.548711 | norm 2.0999 | lr 1.00e-04 | (488.52 ms | 5366123 tok/s)
step    6/10 | train loss 9.467644 | norm 1.9930 | lr 1.00e-04 | (495.22 ms | 5293486 tok/s)
step    7/10 | train loss 9.382117 | norm 1.9432 | lr 1.00e-04 | (502.20 ms | 5219904 tok/s)
step    8/10 | train loss 9.290378 | norm 1.9093 | lr 1.00e-04 | (489.83 ms | 5351750 tok/s)
step    9/10 | train loss 9.195255 | norm 1.8505 | lr 1.00e-04 | (490.88 ms | 5340318 tok/s)
step   10/10 | train loss 9.111425 | norm 1.7945 | lr 1.00e-04 | (572.44 ms | 4579396 tok/s)
final 9 iters avg: 524.933ms
peak memory consumption: 16601 MiB
