Running pytorch 2.7.0+cu126
using device: cuda:0
total desired batch size: 1835008
=> calculated gradient accumulation steps: 7
using device: cuda:1
using device: cuda:3
using device: cuda:2
compiling the model...
DataLoader: total number of tokens: 1,661,249,667 across 103 files
MOC-R4PCC04U05:378129:378129 [0] NCCL INFO NCCL_SOCKET_IFNAME set to eno7np0
MOC-R4PCC04U05:378129:378129 [0] NCCL INFO NCCL version 2.26.2+cuda12.2
MOC-R4PCC04U05:378129:378170 [0] NCCL INFO NET/Plugin: Could not find: libnccl-net.so. Using internal net plugin.
MOC-R4PCC04U05:378129:378170 [0] NCCL INFO NCCL_IB_HCA set to mlx5_5
MOC-R4PCC04U05:378130:378130 [1] NCCL INFO NCCL_SOCKET_IFNAME set to eno7np0
MOC-R4PCC04U05:378130:378130 [1] NCCL INFO NCCL version 2.26.2+cuda12.2
MOC-R4PCC04U05:378131:378131 [2] NCCL INFO NCCL_SOCKET_IFNAME set to eno7np0
MOC-R4PCC04U05:378131:378131 [2] NCCL INFO NCCL version 2.26.2+cuda12.2
MOC-R4PCC04U05:378129:378170 [0] NCCL INFO NET/IB : Made virtual device [0] name=mlx5_5 speed=400000 ndevs=1
MOC-R4PCC04U05:378129:378170 [0] NCCL INFO NET/IB : Using [0]mlx5_5:1/RoCE [RO]; OOB eno7np0:192.168.50.193<0>
MOC-R4PCC04U05:378132:378132 [3] NCCL INFO NCCL_SOCKET_IFNAME set to eno7np0
MOC-R4PCC04U05:378132:378132 [3] NCCL INFO NCCL version 2.26.2+cuda12.2
MOC-R4PCC04U05:378131:378173 [2] NCCL INFO NET/Plugin: Could not find: libnccl-net.so. Using internal net plugin.
MOC-R4PCC04U05:378130:378171 [1] NCCL INFO NET/Plugin: Could not find: libnccl-net.so. Using internal net plugin.
MOC-R4PCC04U05:378131:378173 [2] NCCL INFO NCCL_IB_HCA set to mlx5_5
MOC-R4PCC04U05:378130:378171 [1] NCCL INFO NCCL_IB_HCA set to mlx5_5
MOC-R4PCC04U05:378131:378173 [2] NCCL INFO NET/IB : Made virtual device [0] name=mlx5_5 speed=400000 ndevs=1
MOC-R4PCC04U05:378131:378173 [2] NCCL INFO NET/IB : Using [0]mlx5_5:1/RoCE [RO]; OOB eno7np0:192.168.50.193<0>
MOC-R4PCC04U05:378130:378171 [1] NCCL INFO NET/IB : Made virtual device [0] name=mlx5_5 speed=400000 ndevs=1
MOC-R4PCC04U05:378130:378171 [1] NCCL INFO NET/IB : Using [0]mlx5_5:1/RoCE [RO]; OOB eno7np0:192.168.50.193<0>
MOC-R4PCC04U05:378132:378174 [3] NCCL INFO NET/Plugin: Could not find: libnccl-net.so. Using internal net plugin.
MOC-R4PCC04U05:378132:378174 [3] NCCL INFO NCCL_IB_HCA set to mlx5_5
MOC-R4PCC04U05:378132:378174 [3] NCCL INFO NET/IB : Made virtual device [0] name=mlx5_5 speed=400000 ndevs=1
MOC-R4PCC04U05:378132:378174 [3] NCCL INFO NET/IB : Using [0]mlx5_5:1/RoCE [RO]; OOB eno7np0:192.168.50.193<0>
MOC-R4PCC04U05:378131:378173 [2] NCCL INFO NET/IB : GPU Direct RDMA Enabled for HCA 0 'mlx5_5'
MOC-R4PCC04U05:378131:378173 [2] NCCL INFO NET/IB : Made virtual device [1] name=mlx5_5 speed=400000 ndevs=1
MOC-R4PCC04U05:378131:378173 [2] NCCL INFO NET/IB : GPU Direct RDMA Enabled for HCA 0 'mlx5_5'
MOC-R4PCC04U05:378131:378173 [2] NCCL INFO NET/IB : GPU Direct RDMA Enabled for HCA 1 'mlx5_5'
MOC-R4PCC04U05:378129:378170 [0] NCCL INFO NET/IB : GPU Direct RDMA Enabled for HCA 0 'mlx5_5'
MOC-R4PCC04U05:378129:378170 [0] NCCL INFO NET/IB : Made virtual device [1] name=mlx5_5 speed=400000 ndevs=1
MOC-R4PCC04U05:378129:378170 [0] NCCL INFO NET/IB : GPU Direct RDMA Enabled for HCA 0 'mlx5_5'
MOC-R4PCC04U05:378129:378170 [0] NCCL INFO NET/IB : GPU Direct RDMA Enabled for HCA 1 'mlx5_5'
MOC-R4PCC04U05:378130:378171 [1] NCCL INFO NET/IB : GPU Direct RDMA Enabled for HCA 0 'mlx5_5'
MOC-R4PCC04U05:378130:378171 [1] NCCL INFO NET/IB : Made virtual device [1] name=mlx5_5 speed=400000 ndevs=1
MOC-R4PCC04U05:378130:378171 [1] NCCL INFO NET/IB : GPU Direct RDMA Enabled for HCA 0 'mlx5_5'
MOC-R4PCC04U05:378130:378171 [1] NCCL INFO NET/IB : GPU Direct RDMA Enabled for HCA 1 'mlx5_5'
MOC-R4PCC04U05:378132:378174 [3] NCCL INFO NET/IB : GPU Direct RDMA Enabled for HCA 0 'mlx5_5'
MOC-R4PCC04U05:378132:378174 [3] NCCL INFO NET/IB : Made virtual device [1] name=mlx5_5 speed=400000 ndevs=1
MOC-R4PCC04U05:378132:378174 [3] NCCL INFO NET/IB : GPU Direct RDMA Enabled for HCA 0 'mlx5_5'
MOC-R4PCC04U05:378132:378174 [3] NCCL INFO NET/IB : GPU Direct RDMA Enabled for HCA 1 'mlx5_5'
MOC-R4PCC04U05:378130:378171 [1] NCCL INFO GPU Direct RDMA Enabled for GPU 0 / HCA 1 (distance 5 <= 5), read 0 mode Default
MOC-R4PCC04U05:378130:378171 [1] NCCL INFO GPU Direct RDMA Enabled for GPU 1 / HCA 1 (distance 5 <= 5), read 0 mode Default
MOC-R4PCC04U05:378130:378171 [1] NCCL INFO GPU Direct RDMA Enabled for GPU 2 / HCA 1 (distance 5 <= 5), read 0 mode Default
MOC-R4PCC04U05:378130:378171 [1] NCCL INFO GPU Direct RDMA Enabled for GPU 3 / HCA 1 (distance 5 <= 5), read 0 mode Default
MOC-R4PCC04U05:378130:378171 [1] NCCL INFO GPU Direct RDMA Enabled for GPU 0 / HCA 1 (distance 5 <= 5), read 0 mode Default
MOC-R4PCC04U05:378130:378171 [1] NCCL INFO GPU Direct RDMA Enabled for GPU 1 / HCA 1 (distance 5 <= 5), read 0 mode Default
MOC-R4PCC04U05:378130:378171 [1] NCCL INFO GPU Direct RDMA Enabled for GPU 2 / HCA 1 (distance 5 <= 5), read 0 mode Default
MOC-R4PCC04U05:378130:378171 [1] NCCL INFO GPU Direct RDMA Enabled for GPU 3 / HCA 1 (distance 5 <= 5), read 0 mode Default
MOC-R4PCC04U05:378129:378170 [0] NCCL INFO GPU Direct RDMA Enabled for GPU 0 / HCA 1 (distance 5 <= 5), read 0 mode Default
MOC-R4PCC04U05:378129:378170 [0] NCCL INFO GPU Direct RDMA Enabled for GPU 1 / HCA 1 (distance 5 <= 5), read 0 mode Default
MOC-R4PCC04U05:378129:378170 [0] NCCL INFO GPU Direct RDMA Enabled for GPU 2 / HCA 1 (distance 5 <= 5), read 0 mode Default
MOC-R4PCC04U05:378129:378170 [0] NCCL INFO GPU Direct RDMA Enabled for GPU 3 / HCA 1 (distance 5 <= 5), read 0 mode Default
MOC-R4PCC04U05:378129:378170 [0] NCCL INFO GPU Direct RDMA Enabled for GPU 0 / HCA 1 (distance 5 <= 5), read 0 mode Default
MOC-R4PCC04U05:378129:378170 [0] NCCL INFO GPU Direct RDMA Enabled for GPU 1 / HCA 1 (distance 5 <= 5), read 0 mode Default
MOC-R4PCC04U05:378129:378170 [0] NCCL INFO GPU Direct RDMA Enabled for GPU 2 / HCA 1 (distance 5 <= 5), read 0 mode Default
MOC-R4PCC04U05:378129:378170 [0] NCCL INFO GPU Direct RDMA Enabled for GPU 3 / HCA 1 (distance 5 <= 5), read 0 mode Default
MOC-R4PCC04U05:378131:378173 [2] NCCL INFO GPU Direct RDMA Enabled for GPU 0 / HCA 1 (distance 5 <= 5), read 0 mode Default
MOC-R4PCC04U05:378131:378173 [2] NCCL INFO GPU Direct RDMA Enabled for GPU 1 / HCA 1 (distance 5 <= 5), read 0 mode Default
MOC-R4PCC04U05:378131:378173 [2] NCCL INFO GPU Direct RDMA Enabled for GPU 2 / HCA 1 (distance 5 <= 5), read 0 mode Default
MOC-R4PCC04U05:378131:378173 [2] NCCL INFO GPU Direct RDMA Enabled for GPU 3 / HCA 1 (distance 5 <= 5), read 0 mode Default
MOC-R4PCC04U05:378131:378173 [2] NCCL INFO GPU Direct RDMA Enabled for GPU 0 / HCA 1 (distance 5 <= 5), read 0 mode Default
MOC-R4PCC04U05:378131:378173 [2] NCCL INFO GPU Direct RDMA Enabled for GPU 1 / HCA 1 (distance 5 <= 5), read 0 mode Default
MOC-R4PCC04U05:378131:378173 [2] NCCL INFO GPU Direct RDMA Enabled for GPU 2 / HCA 1 (distance 5 <= 5), read 0 mode Default
MOC-R4PCC04U05:378131:378173 [2] NCCL INFO GPU Direct RDMA Enabled for GPU 3 / HCA 1 (distance 5 <= 5), read 0 mode Default
MOC-R4PCC04U05:378132:378174 [3] NCCL INFO GPU Direct RDMA Enabled for GPU 0 / HCA 1 (distance 5 <= 5), read 0 mode Default
MOC-R4PCC04U05:378132:378174 [3] NCCL INFO GPU Direct RDMA Enabled for GPU 1 / HCA 1 (distance 5 <= 5), read 0 mode Default
MOC-R4PCC04U05:378132:378174 [3] NCCL INFO GPU Direct RDMA Enabled for GPU 2 / HCA 1 (distance 5 <= 5), read 0 mode Default
MOC-R4PCC04U05:378132:378174 [3] NCCL INFO GPU Direct RDMA Enabled for GPU 3 / HCA 1 (distance 5 <= 5), read 0 mode Default
MOC-R4PCC04U05:378132:378174 [3] NCCL INFO GPU Direct RDMA Enabled for GPU 0 / HCA 1 (distance 5 <= 5), read 0 mode Default
MOC-R4PCC04U05:378132:378174 [3] NCCL INFO GPU Direct RDMA Enabled for GPU 1 / HCA 1 (distance 5 <= 5), read 0 mode Default
MOC-R4PCC04U05:378132:378174 [3] NCCL INFO GPU Direct RDMA Enabled for GPU 2 / HCA 1 (distance 5 <= 5), read 0 mode Default
MOC-R4PCC04U05:378132:378174 [3] NCCL INFO GPU Direct RDMA Enabled for GPU 3 / HCA 1 (distance 5 <= 5), read 0 mode Default
MOC-R4PCC04U05:378131:378194 [2] NCCL INFO GPU Direct RDMA Enabled for GPU 2 / HCA 1 (distance 5 <= 5), read 0 mode Default
MOC-R4PCC04U05:378130:378188 [1] NCCL INFO New proxy recv connection 0 from local rank 1, transport 0
MOC-R4PCC04U05:378130:378195 [1] NCCL INFO Connected to proxy localRank 1 -> connection 0x7f4978004f30
MOC-R4PCC04U05:378130:378188 [1] NCCL INFO New proxy recv connection 1 from local rank 1, transport 0
MOC-R4PCC04U05:378130:378195 [1] NCCL INFO Connected to proxy localRank 1 -> connection 0x7f4978004fa8
MOC-R4PCC04U05:378132:378190 [3] NCCL INFO New proxy recv connection 0 from local rank 3, transport 0
MOC-R4PCC04U05:378132:378196 [3] NCCL INFO Connected to proxy localRank 3 -> connection 0x7f737c004f30
MOC-R4PCC04U05:378130:378188 [1] NCCL INFO New proxy recv connection 2 from local rank 1, transport 0
MOC-R4PCC04U05:378130:378195 [1] NCCL INFO Connected to proxy localRank 1 -> connection 0x7f4978005020
MOC-R4PCC04U05:378130:378188 [1] NCCL INFO New proxy recv connection 3 from local rank 1, transport 0
MOC-R4PCC04U05:378130:378195 [1] NCCL INFO Connected to proxy localRank 1 -> connection 0x7f4978005098
MOC-R4PCC04U05:378132:378190 [3] NCCL INFO New proxy recv connection 1 from local rank 3, transport 0
MOC-R4PCC04U05:378132:378196 [3] NCCL INFO Connected to proxy localRank 3 -> connection 0x7f737c004fa8
MOC-R4PCC04U05:378130:378188 [1] NCCL INFO New proxy send connection 4 from local rank 1, transport 0
MOC-R4PCC04U05:378130:378195 [1] NCCL INFO Connected to proxy localRank 1 -> connection 0x7f4978005110
MOC-R4PCC04U05:378132:378190 [3] NCCL INFO New proxy recv connection 2 from local rank 3, transport 0
MOC-R4PCC04U05:378132:378196 [3] NCCL INFO Connected to proxy localRank 3 -> connection 0x7f737c005020
MOC-R4PCC04U05:378130:378188 [1] NCCL INFO New proxy send connection 5 from local rank 1, transport 0
MOC-R4PCC04U05:378130:378195 [1] NCCL INFO Connected to proxy localRank 1 -> connection 0x7f4978005188
MOC-R4PCC04U05:378132:378190 [3] NCCL INFO New proxy recv connection 3 from local rank 3, transport 0
MOC-R4PCC04U05:378132:378196 [3] NCCL INFO Connected to proxy localRank 3 -> connection 0x7f737c005098
MOC-R4PCC04U05:378130:378188 [1] NCCL INFO New proxy send connection 6 from local rank 1, transport 0
MOC-R4PCC04U05:378130:378195 [1] NCCL INFO Connected to proxy localRank 1 -> connection 0x7f4978005200
MOC-R4PCC04U05:378132:378196 [3] NCCL INFO GPU Direct RDMA Enabled for GPU 3 / HCA 1 (distance 5 <= 5), read 1 mode Default
MOC-R4PCC04U05:378130:378188 [1] NCCL INFO New proxy send connection 7 from local rank 1, transport 0
MOC-R4PCC04U05:378130:378195 [1] NCCL INFO Connected to proxy localRank 1 -> connection 0x7f4978005278
MOC-R4PCC04U05:378131:378186 [2] NCCL INFO New proxy recv connection 0 from local rank 2, transport 2
MOC-R4PCC04U05:378131:378186 [2] NCCL INFO New proxy send connection 1 from local rank 3, transport 2
MOC-R4PCC04U05:378131:378194 [2] NCCL INFO Connected to proxy localRank 2 -> connection 0x7fd51c004f30
MOC-R4PCC04U05:378132:378196 [3] NCCL INFO Connected to proxy localRank 2 -> connection 0x7fd51c004fa8
MOC-R4PCC04U05:378131:378194 [2] NCCL INFO Channel 00/0 : 7[3] -> 2[2] [receive] via NET/IB/1/GDRDMA
MOC-R4PCC04U05:378131:378194 [2] NCCL INFO GPU Direct RDMA Enabled for GPU 2 / HCA 1 (distance 5 <= 5), read 0 mode Default
MOC-R4PCC04U05:378132:378196 [3] NCCL INFO Channel 00/0 : 3[3] -> 6[2] [send] via NET/IB/1(2)/GDRDMA
MOC-R4PCC04U05:378132:378196 [3] NCCL INFO GPU Direct RDMA Enabled for GPU 3 / HCA 1 (distance 5 <= 5), read 1 mode Default
MOC-R4PCC04U05:378131:378186 [2] NCCL INFO New proxy recv connection 2 from local rank 2, transport 2
MOC-R4PCC04U05:378131:378194 [2] NCCL INFO Connected to proxy localRank 2 -> connection 0x7fd51c005020
MOC-R4PCC04U05:378131:378186 [2] NCCL INFO New proxy send connection 3 from local rank 3, transport 2
MOC-R4PCC04U05:378132:378196 [3] NCCL INFO Connected to proxy localRank 2 -> connection 0x7fd51c005098
MOC-R4PCC04U05:378131:378194 [2] NCCL INFO Channel 01/0 : 7[3] -> 2[2] [receive] via NET/IB/1/GDRDMA
MOC-R4PCC04U05:378131:378194 [2] NCCL INFO GPU Direct RDMA Enabled for GPU 2 / HCA 1 (distance 5 <= 5), read 0 mode Default
MOC-R4PCC04U05:378132:378196 [3] NCCL INFO Channel 01/0 : 3[3] -> 6[2] [send] via NET/IB/1(2)/GDRDMA
MOC-R4PCC04U05:378132:378196 [3] NCCL INFO GPU Direct RDMA Enabled for GPU 3 / HCA 1 (distance 5 <= 5), read 1 mode Default
MOC-R4PCC04U05:378131:378186 [2] NCCL INFO New proxy recv connection 4 from local rank 2, transport 2
MOC-R4PCC04U05:378131:378194 [2] NCCL INFO Connected to proxy localRank 2 -> connection 0x7fd51c005110
MOC-R4PCC04U05:378131:378186 [2] NCCL INFO New proxy send connection 5 from local rank 3, transport 2
MOC-R4PCC04U05:378132:378196 [3] NCCL INFO Connected to proxy localRank 2 -> connection 0x7fd51c005188
MOC-R4PCC04U05:378131:378194 [2] NCCL INFO Channel 02/0 : 7[3] -> 2[2] [receive] via NET/IB/1/GDRDMA
MOC-R4PCC04U05:378131:378194 [2] NCCL INFO GPU Direct RDMA Enabled for GPU 2 / HCA 1 (distance 5 <= 5), read 0 mode Default
MOC-R4PCC04U05:378132:378196 [3] NCCL INFO Channel 02/0 : 3[3] -> 6[2] [send] via NET/IB/1(2)/GDRDMA
MOC-R4PCC04U05:378132:378196 [3] NCCL INFO GPU Direct RDMA Enabled for GPU 3 / HCA 1 (distance 5 <= 5), read 1 mode Default
MOC-R4PCC04U05:378131:378186 [2] NCCL INFO New proxy recv connection 6 from local rank 2, transport 2
MOC-R4PCC04U05:378131:378194 [2] NCCL INFO Connected to proxy localRank 2 -> connection 0x7fd51c005200
MOC-R4PCC04U05:378131:378186 [2] NCCL INFO New proxy send connection 7 from local rank 3, transport 2
MOC-R4PCC04U05:378132:378196 [3] NCCL INFO Connected to proxy localRank 2 -> connection 0x7fd51c005278
MOC-R4PCC04U05:378131:378194 [2] NCCL INFO Channel 03/0 : 7[3] -> 2[2] [receive] via NET/IB/1/GDRDMA
MOC-R4PCC04U05:378132:378196 [3] NCCL INFO Channel 03/0 : 3[3] -> 6[2] [send] via NET/IB/1(2)/GDRDMA
MOC-R4PCC04U05:378131:378186 [2] NCCL INFO New proxy send connection 8 from local rank 2, transport 0
MOC-R4PCC04U05:378131:378194 [2] NCCL INFO Connected to proxy localRank 2 -> connection 0x7fd51c0052f0
MOC-R4PCC04U05:378131:378186 [2] NCCL INFO New proxy send connection 9 from local rank 2, transport 0
MOC-R4PCC04U05:378131:378194 [2] NCCL INFO Connected to proxy localRank 2 -> connection 0x7fd51c005368
MOC-R4PCC04U05:378129:378189 [0] NCCL INFO New proxy send connection 0 from local rank 0, transport 0
MOC-R4PCC04U05:378129:378198 [0] NCCL INFO Connected to proxy localRank 0 -> connection 0x7f25f4004f30
MOC-R4PCC04U05:378131:378186 [2] NCCL INFO New proxy send connection 10 from local rank 2, transport 0
MOC-R4PCC04U05:378131:378194 [2] NCCL INFO Connected to proxy localRank 2 -> connection 0x7fd51c0053e0
MOC-R4PCC04U05:378131:378186 [2] NCCL INFO New proxy send connection 11 from local rank 2, transport 0
MOC-R4PCC04U05:378131:378194 [2] NCCL INFO Connected to proxy localRank 2 -> connection 0x7fd51c005458
MOC-R4PCC04U05:378129:378189 [0] NCCL INFO New proxy send connection 1 from local rank 0, transport 0
MOC-R4PCC04U05:378129:378198 [0] NCCL INFO Connected to proxy localRank 0 -> connection 0x7f25f4004fa8
MOC-R4PCC04U05:378129:378189 [0] NCCL INFO New proxy send connection 2 from local rank 0, transport 0
MOC-R4PCC04U05:378129:378198 [0] NCCL INFO Connected to proxy localRank 0 -> connection 0x7f25f4005020
MOC-R4PCC04U05:378130:378188 [1] NCCL INFO New proxy send connection 8 from local rank 2, transport 0
MOC-R4PCC04U05:378131:378194 [2] NCCL INFO Connected to proxy localRank 1 -> connection 0x7f49780052f0
MOC-R4PCC04U05:378129:378189 [0] NCCL INFO New proxy send connection 3 from local rank 0, transport 0
MOC-R4PCC04U05:378129:378198 [0] NCCL INFO Connected to proxy localRank 0 -> connection 0x7f25f4005098
MOC-R4PCC04U05:378129:378189 [0] NCCL INFO New proxy recv connection 4 from local rank 0, transport 0
MOC-R4PCC04U05:378129:378198 [0] NCCL INFO Connected to proxy localRank 0 -> connection 0x7f25f4005110
MOC-R4PCC04U05:378129:378189 [0] NCCL INFO New proxy send connection 5 from local rank 3, transport 0
MOC-R4PCC04U05:378132:378196 [3] NCCL INFO Connected to proxy localRank 0 -> connection 0x7f25f4005188
MOC-R4PCC04U05:378129:378189 [0] NCCL INFO New proxy recv connection 6 from local rank 0, transport 0
MOC-R4PCC04U05:378129:378198 [0] NCCL INFO Connected to proxy localRank 0 -> connection 0x7f25f4005200
MOC-R4PCC04U05:378129:378189 [0] NCCL INFO New proxy recv connection 7 from local rank 0, transport 0
MOC-R4PCC04U05:378129:378198 [0] NCCL INFO Connected to proxy localRank 0 -> connection 0x7f25f4005278
MOC-R4PCC04U05:378129:378189 [0] NCCL INFO New proxy recv connection 8 from local rank 0, transport 0
MOC-R4PCC04U05:378129:378198 [0] NCCL INFO Connected to proxy localRank 0 -> connection 0x7f25f40052f0
MOC-R4PCC04U05:378132:378190 [3] NCCL INFO New proxy send connection 4 from local rank 0, transport 0
MOC-R4PCC04U05:378129:378189 [0] NCCL INFO New proxy send connection 9 from local rank 1, transport 0
MOC-R4PCC04U05:378129:378198 [0] NCCL INFO Connected to proxy localRank 3 -> connection 0x7f737c005110
MOC-R4PCC04U05:378130:378195 [1] NCCL INFO Connected to proxy localRank 0 -> connection 0x7f25f4005368
MOC-R4PCC04U05:378131:378186 [2] NCCL INFO NET/IB: NCCL Dev 1 IbDev 0 Port 1 qpn 4286 mtu 3 query_ece={supported=1, vendor_id=0x15b3, options=0x30000002, comp_mask=0x0} GID 3 (0/C132A8C0FFFF0000) fifoRkey=0x180fce fifoLkey=0x180fce
MOC-R4PCC04U05:378131:378186 [2] NCCL INFO NET/IB: NCCL Dev 1 IbDev 0 Port 1 qpn 4287 mtu 3 query_ece={supported=1, vendor_id=0x15b3, options=0x30000002, comp_mask=0x0} GID 3 (0/C132A8C0FFFF0000) fifoRkey=0x1801c0 fifoLkey=0x1801c0
MOC-R4PCC04U05:378131:378186 [2] NCCL INFO NET/IB: NCCL Dev 1 IbDev 0 Port 1 qpn 4288 mtu 3 query_ece={supported=1, vendor_id=0x15b3, options=0x30000002, comp_mask=0x0} GID 3 (0/C132A8C0FFFF0000) fifoRkey=0x17d08f fifoLkey=0x17d08f
MOC-R4PCC04U05:378131:378186 [2] NCCL INFO New proxy send connection 12 from local rank 1, transport 0
MOC-R4PCC04U05:378130:378195 [1] NCCL INFO Connected to proxy localRank 2 -> connection 0x7fd51c0054d0
MOC-R4PCC04U05:378131:378186 [2] NCCL INFO NET/IB: IbDev 0 Port 1 qpn 5658 set_ece={supported=1, vendor_id=0x15b3, options=0x0, comp_mask=0x0}
MOC-R4PCC04U05:378130:378188 [1] NCCL INFO New proxy send connection 9 from local rank 0, transport 0
MOC-R4PCC04U05:378129:378198 [0] NCCL INFO Connected to proxy localRank 1 -> connection 0x7f4978005368
MOC-R4PCC04U05:378131:378186 [2] NCCL INFO NET/IB: IbDev 0 Port 1 qpn 5660 set_ece={supported=1, vendor_id=0x15b3, options=0x0, comp_mask=0x0}
MOC-R4PCC04U05:378131:378186 [2] NCCL INFO NET/IB: IbDev 0 Port 1 qpn 5662 set_ece={supported=1, vendor_id=0x15b3, options=0x0, comp_mask=0x0}
MOC-R4PCC04U05:378131:378186 [2] NCCL INFO NET/IB: NCCL Dev 1 IbDev 0 Port 1 qpn 4291 mtu 3 query_ece={supported=1, vendor_id=0x15b3, options=0x30000002, comp_mask=0x0} GID 3 (0/C132A8C0FFFF0000) fifoRkey=0x175412 fifoLkey=0x175412
MOC-R4PCC04U05:378131:378186 [2] NCCL INFO New proxy send connection 13 from local rank 3, transport 0
MOC-R4PCC04U05:378132:378196 [3] NCCL INFO Connected to proxy localRank 2 -> connection 0x7fd51c005548
MOC-R4PCC04U05:378131:378186 [2] NCCL INFO NET/IB: IbDev 0 Port 1 qpn 5664 set_ece={supported=1, vendor_id=0x15b3, options=0x0, comp_mask=0x0}
num decayed parameter tensors: 50, with 124,318,464 parameters
num non-decayed parameter tensors: 98, with 121,344 parameters
using fused AdamW: False
using regular AdamW
MOC-R4PCC04U05:378129:378189 [0] NCCL INFO New proxy send connection 10 from local rank 0, transport 0
MOC-R4PCC04U05:378129:378887 [0] NCCL INFO Connected to proxy localRank 0 -> connection 0x7f25f40053e0
MOC-R4PCC04U05:378129:378189 [0] NCCL INFO New proxy send connection 11 from local rank 0, transport 0
MOC-R4PCC04U05:378129:378887 [0] NCCL INFO Connected to proxy localRank 0 -> connection 0x7f25f4005458
MOC-R4PCC04U05:378129:378189 [0] NCCL INFO New proxy send connection 12 from local rank 0, transport 0
MOC-R4PCC04U05:378129:378887 [0] NCCL INFO Connected to proxy localRank 0 -> connection 0x7f25f40054d0
MOC-R4PCC04U05:378129:378189 [0] NCCL INFO New proxy send connection 13 from local rank 0, transport 0
MOC-R4PCC04U05:378129:378887 [0] NCCL INFO Connected to proxy localRank 0 -> connection 0x7f25f4005548
MOC-R4PCC04U05:378130:378188 [1] NCCL INFO New proxy recv connection 10 from local rank 1, transport 0
MOC-R4PCC04U05:378130:378888 [1] NCCL INFO Connected to proxy localRank 1 -> connection 0x7f49780053e0
MOC-R4PCC04U05:378130:378188 [1] NCCL INFO New proxy recv connection 11 from local rank 1, transport 0
MOC-R4PCC04U05:378130:378888 [1] NCCL INFO Connected to proxy localRank 1 -> connection 0x7f4978005458
MOC-R4PCC04U05:378130:378188 [1] NCCL INFO New proxy recv connection 12 from local rank 1, transport 0
MOC-R4PCC04U05:378130:378888 [1] NCCL INFO Connected to proxy localRank 1 -> connection 0x7f49780054d0
MOC-R4PCC04U05:378130:378188 [1] NCCL INFO New proxy recv connection 13 from local rank 1, transport 0
MOC-R4PCC04U05:378130:378888 [1] NCCL INFO Connected to proxy localRank 1 -> connection 0x7f4978005548
MOC-R4PCC04U05:378129:378189 [0] NCCL INFO New proxy recv connection 14 from local rank 0, transport 0
MOC-R4PCC04U05:378129:378887 [0] NCCL INFO Connected to proxy localRank 0 -> connection 0x7f25f40055c0
MOC-R4PCC04U05:378129:378189 [0] NCCL INFO New proxy recv connection 15 from local rank 0, transport 0
MOC-R4PCC04U05:378129:378887 [0] NCCL INFO Connected to proxy localRank 0 -> connection 0x7f25f4005638
MOC-R4PCC04U05:378129:378189 [0] NCCL INFO New proxy recv connection 16 from local rank 0, transport 0
MOC-R4PCC04U05:378129:378887 [0] NCCL INFO Connected to proxy localRank 0 -> connection 0x7f25f40056b0
MOC-R4PCC04U05:378129:378189 [0] NCCL INFO New proxy recv connection 17 from local rank 0, transport 0
MOC-R4PCC04U05:378129:378887 [0] NCCL INFO Connected to proxy localRank 0 -> connection 0x7f25f4005728
MOC-R4PCC04U05:378131:378186 [2] NCCL INFO New proxy send connection 14 from local rank 2, transport 0
MOC-R4PCC04U05:378131:378889 [2] NCCL INFO Connected to proxy localRank 2 -> connection 0x7fd51c0055c0
MOC-R4PCC04U05:378131:378186 [2] NCCL INFO New proxy send connection 15 from local rank 2, transport 0
MOC-R4PCC04U05:378131:378889 [2] NCCL INFO Connected to proxy localRank 2 -> connection 0x7fd51c005638
MOC-R4PCC04U05:378131:378186 [2] NCCL INFO New proxy send connection 16 from local rank 2, transport 0
MOC-R4PCC04U05:378131:378889 [2] NCCL INFO Connected to proxy localRank 2 -> connection 0x7fd51c0056b0
MOC-R4PCC04U05:378131:378186 [2] NCCL INFO New proxy send connection 17 from local rank 2, transport 0
MOC-R4PCC04U05:378131:378889 [2] NCCL INFO Connected to proxy localRank 2 -> connection 0x7fd51c005728
MOC-R4PCC04U05:378132:378190 [3] NCCL INFO New proxy recv connection 5 from local rank 3, transport 0
MOC-R4PCC04U05:378132:378890 [3] NCCL INFO Connected to proxy localRank 3 -> connection 0x7f737c005188
MOC-R4PCC04U05:378132:378190 [3] NCCL INFO New proxy recv connection 6 from local rank 3, transport 0
MOC-R4PCC04U05:378132:378890 [3] NCCL INFO Connected to proxy localRank 3 -> connection 0x7f737c005200
MOC-R4PCC04U05:378132:378190 [3] NCCL INFO New proxy recv connection 7 from local rank 3, transport 0
MOC-R4PCC04U05:378132:378890 [3] NCCL INFO Connected to proxy localRank 3 -> connection 0x7f737c005278
MOC-R4PCC04U05:378132:378190 [3] NCCL INFO New proxy recv connection 8 from local rank 3, transport 0
MOC-R4PCC04U05:378132:378890 [3] NCCL INFO Connected to proxy localRank 3 -> connection 0x7f737c0052f0
MOC-R4PCC04U05:378131:378889 [2] NCCL INFO GPU Direct RDMA Enabled for GPU 2 / HCA 1 (distance 5 <= 5), read 0 mode Default
MOC-R4PCC04U05:378132:378190 [3] NCCL INFO New proxy send connection 9 from local rank 3, transport 0
MOC-R4PCC04U05:378131:378186 [2] NCCL INFO New proxy recv connection 18 from local rank 2, transport 2
MOC-R4PCC04U05:378132:378890 [3] NCCL INFO Connected to proxy localRank 3 -> connection 0x7f737c005368
MOC-R4PCC04U05:378131:378889 [2] NCCL INFO Connected to proxy localRank 2 -> connection 0x7fd51c0057a0
MOC-R4PCC04U05:378131:378889 [2] NCCL INFO Channel 00/0 : 6[2] -> 2[2] [receive] via NET/IB/1/GDRDMA
MOC-R4PCC04U05:378131:378889 [2] NCCL INFO GPU Direct RDMA Enabled for GPU 2 / HCA 1 (distance 5 <= 5), read 0 mode Default
MOC-R4PCC04U05:378131:378186 [2] NCCL INFO New proxy recv connection 19 from local rank 2, transport 2
MOC-R4PCC04U05:378131:378889 [2] NCCL INFO Connected to proxy localRank 2 -> connection 0x7fd51c005818
MOC-R4PCC04U05:378132:378190 [3] NCCL INFO New proxy send connection 10 from local rank 3, transport 0
MOC-R4PCC04U05:378132:378890 [3] NCCL INFO Connected to proxy localRank 3 -> connection 0x7f737c0053e0
MOC-R4PCC04U05:378131:378889 [2] NCCL INFO Channel 01/0 : 6[2] -> 2[2] [receive] via NET/IB/1/GDRDMA
MOC-R4PCC04U05:378131:378889 [2] NCCL INFO GPU Direct RDMA Enabled for GPU 2 / HCA 1 (distance 5 <= 5), read 0 mode Default
MOC-R4PCC04U05:378131:378186 [2] NCCL INFO New proxy recv connection 20 from local rank 2, transport 2
MOC-R4PCC04U05:378131:378889 [2] NCCL INFO Connected to proxy localRank 2 -> connection 0x7fd51c005890
MOC-R4PCC04U05:378131:378889 [2] NCCL INFO Channel 02/0 : 6[2] -> 2[2] [receive] via NET/IB/1/GDRDMA
MOC-R4PCC04U05:378131:378889 [2] NCCL INFO GPU Direct RDMA Enabled for GPU 2 / HCA 1 (distance 5 <= 5), read 0 mode Default
MOC-R4PCC04U05:378131:378186 [2] NCCL INFO New proxy recv connection 21 from local rank 2, transport 2
MOC-R4PCC04U05:378132:378190 [3] NCCL INFO New proxy send connection 11 from local rank 3, transport 0
MOC-R4PCC04U05:378131:378889 [2] NCCL INFO Connected to proxy localRank 2 -> connection 0x7fd51c005908
MOC-R4PCC04U05:378132:378890 [3] NCCL INFO Connected to proxy localRank 3 -> connection 0x7f737c005458
MOC-R4PCC04U05:378131:378889 [2] NCCL INFO Channel 03/0 : 6[2] -> 2[2] [receive] via NET/IB/1/GDRDMA
MOC-R4PCC04U05:378131:378889 [2] NCCL INFO GPU Direct RDMA Enabled for GPU 2 / HCA 1 (distance 5 <= 5), read 1 mode Default
MOC-R4PCC04U05:378131:378186 [2] NCCL INFO New proxy send connection 22 from local rank 2, transport 2
MOC-R4PCC04U05:378131:378889 [2] NCCL INFO Connected to proxy localRank 2 -> connection 0x7fd51c005980
MOC-R4PCC04U05:378131:378889 [2] NCCL INFO Channel 00/0 : 2[2] -> 6[2] [send] via NET/IB/1/GDRDMA
MOC-R4PCC04U05:378131:378889 [2] NCCL INFO GPU Direct RDMA Enabled for GPU 2 / HCA 1 (distance 5 <= 5), read 1 mode Default
MOC-R4PCC04U05:378132:378190 [3] NCCL INFO New proxy send connection 12 from local rank 3, transport 0
MOC-R4PCC04U05:378131:378186 [2] NCCL INFO New proxy send connection 23 from local rank 2, transport 2
MOC-R4PCC04U05:378132:378890 [3] NCCL INFO Connected to proxy localRank 3 -> connection 0x7f737c0054d0
MOC-R4PCC04U05:378131:378889 [2] NCCL INFO Connected to proxy localRank 2 -> connection 0x7fd51c0059f8
MOC-R4PCC04U05:378131:378889 [2] NCCL INFO Channel 01/0 : 2[2] -> 6[2] [send] via NET/IB/1/GDRDMA
MOC-R4PCC04U05:378131:378889 [2] NCCL INFO GPU Direct RDMA Enabled for GPU 2 / HCA 1 (distance 5 <= 5), read 1 mode Default
MOC-R4PCC04U05:378131:378186 [2] NCCL INFO New proxy send connection 24 from local rank 2, transport 2
MOC-R4PCC04U05:378131:378889 [2] NCCL INFO Connected to proxy localRank 2 -> connection 0x7fd51c005a70
MOC-R4PCC04U05:378131:378889 [2] NCCL INFO Channel 02/0 : 2[2] -> 6[2] [send] via NET/IB/1/GDRDMA
MOC-R4PCC04U05:378131:378889 [2] NCCL INFO GPU Direct RDMA Enabled for GPU 2 / HCA 1 (distance 5 <= 5), read 1 mode Default
MOC-R4PCC04U05:378131:378186 [2] NCCL INFO New proxy send connection 25 from local rank 2, transport 2
MOC-R4PCC04U05:378131:378889 [2] NCCL INFO Connected to proxy localRank 2 -> connection 0x7fd51c005ae8
MOC-R4PCC04U05:378131:378889 [2] NCCL INFO Channel 03/0 : 2[2] -> 6[2] [send] via NET/IB/1/GDRDMA
MOC-R4PCC04U05:378132:378190 [3] NCCL INFO New proxy send connection 13 from local rank 3, transport 0
MOC-R4PCC04U05:378132:378890 [3] NCCL INFO Connected to proxy localRank 3 -> connection 0x7f737c005548
MOC-R4PCC04U05:378132:378190 [3] NCCL INFO New proxy send connection 14 from local rank 3, transport 0
MOC-R4PCC04U05:378132:378890 [3] NCCL INFO Connected to proxy localRank 3 -> connection 0x7f737c0055c0
MOC-R4PCC04U05:378131:378186 [2] NCCL INFO New proxy recv connection 26 from local rank 2, transport 0
MOC-R4PCC04U05:378131:378889 [2] NCCL INFO Connected to proxy localRank 2 -> connection 0x7fd51c005b60
MOC-R4PCC04U05:378132:378190 [3] NCCL INFO New proxy send connection 15 from local rank 3, transport 0
MOC-R4PCC04U05:378132:378890 [3] NCCL INFO Connected to proxy localRank 3 -> connection 0x7f737c005638
MOC-R4PCC04U05:378131:378186 [2] NCCL INFO New proxy recv connection 27 from local rank 2, transport 0
MOC-R4PCC04U05:378131:378889 [2] NCCL INFO Connected to proxy localRank 2 -> connection 0x7fd51c005bd8
MOC-R4PCC04U05:378132:378190 [3] NCCL INFO New proxy send connection 16 from local rank 3, transport 0
MOC-R4PCC04U05:378131:378186 [2] NCCL INFO New proxy recv connection 28 from local rank 2, transport 0
MOC-R4PCC04U05:378132:378890 [3] NCCL INFO Connected to proxy localRank 3 -> connection 0x7f737c0056b0
MOC-R4PCC04U05:378131:378889 [2] NCCL INFO Connected to proxy localRank 2 -> connection 0x7fd51c005c50
MOC-R4PCC04U05:378131:378186 [2] NCCL INFO New proxy recv connection 29 from local rank 2, transport 0
MOC-R4PCC04U05:378131:378889 [2] NCCL INFO Connected to proxy localRank 2 -> connection 0x7fd51c005cc8
MOC-R4PCC04U05:378132:378190 [3] NCCL INFO New proxy send connection 17 from local rank 2, transport 0
MOC-R4PCC04U05:378131:378889 [2] NCCL INFO Connected to proxy localRank 3 -> connection 0x7f737c005728
MOC-R4PCC04U05:378131:378186 [2] NCCL INFO NET/IB: NCCL Dev 1 IbDev 0 Port 1 qpn 4292 mtu 3 query_ece={supported=1, vendor_id=0x15b3, options=0x30000002, comp_mask=0x0} GID 3 (0/C132A8C0FFFF0000) fifoRkey=0x170bca fifoLkey=0x170bca
MOC-R4PCC04U05:378131:378186 [2] NCCL INFO NET/IB: IbDev 0 Port 1 qpn 5667 set_ece={supported=1, vendor_id=0x15b3, options=0x0, comp_mask=0x0}
MOC-R4PCC04U05:378131:378186 [2] NCCL INFO NET/IB: NCCL Dev 1 IbDev 0 Port 1 qpn 4295 mtu 3 query_ece={supported=1, vendor_id=0x15b3, options=0x30000002, comp_mask=0x0} GID 3 (0/C132A8C0FFFF0000) fifoRkey=0x1722e1 fifoLkey=0x1722e1
MOC-R4PCC04U05:378131:378186 [2] NCCL INFO NET/IB: IbDev 0 Port 1 qpn 5669 set_ece={supported=1, vendor_id=0x15b3, options=0x0, comp_mask=0x0}
MOC-R4PCC04U05:378131:378186 [2] NCCL INFO NET/IB: NCCL Dev 1 IbDev 0 Port 1 qpn 4298 mtu 3 query_ece={supported=1, vendor_id=0x15b3, options=0x30000002, comp_mask=0x0} GID 3 (0/C132A8C0FFFF0000) fifoRkey=0x17d190 fifoLkey=0x17d190
MOC-R4PCC04U05:378131:378186 [2] NCCL INFO NET/IB: NCCL Dev 1 IbDev 0 Port 1 qpn 4301 mtu 3 query_ece={supported=1, vendor_id=0x15b3, options=0x30000002, comp_mask=0x0} GID 3 (0/C132A8C0FFFF0000) fifoRkey=0x17dc9b fifoLkey=0x17dc9b
MOC-R4PCC04U05:378131:378186 [2] NCCL INFO NET/IB: IbDev 0 Port 1 qpn 5674 set_ece={supported=1, vendor_id=0x15b3, options=0x0, comp_mask=0x0}
MOC-R4PCC04U05:378131:378186 [2] NCCL INFO NET/IB: IbDev 0 Port 1 qpn 5676 set_ece={supported=1, vendor_id=0x15b3, options=0x0, comp_mask=0x0}
step    1/10 | train loss 11.010164 | norm 15.3785 | lr 1.00e-04 | (13787.83 ms | 133089 tok/s)
step    2/10 | train loss 10.136259 | norm 5.7532 | lr 1.00e-04 | (644.18 ms | 2848583 tok/s)
step    3/10 | train loss 9.794406 | norm 2.6140 | lr 1.00e-04 | (676.36 ms | 2713081 tok/s)
step    4/10 | train loss 9.624504 | norm 2.1149 | lr 1.00e-04 | (581.49 ms | 3155706 tok/s)
step    5/10 | train loss 9.541205 | norm 2.1072 | lr 1.00e-04 | (783.01 ms | 2343521 tok/s)
step    6/10 | train loss 9.459827 | norm 2.0014 | lr 1.00e-04 | (667.45 ms | 2749281 tok/s)
step    7/10 | train loss 9.374056 | norm 1.9510 | lr 1.00e-04 | (707.20 ms | 2594764 tok/s)
step    8/10 | train loss 9.281912 | norm 1.9181 | lr 1.00e-04 | (595.40 ms | 3081955 tok/s)
step    9/10 | train loss 9.186090 | norm 1.8610 | lr 1.00e-04 | (585.15 ms | 3135983 tok/s)
step   10/10 | train loss 9.101146 | norm 1.8022 | lr 1.00e-04 | (559.29 ms | 3280988 tok/s)
final 9 iters avg: 644.391ms
peak memory consumption: 16601 MiB
