Running pytorch 2.7.0+cu126
using device: cuda:0
total desired batch size: 2359296
=> calculated gradient accumulation steps: 6
using device: cuda:3
using device: cuda:2
using device: cuda:1
compiling the model...
DataLoader: total number of tokens: 1,661,249,667 across 103 files
MOC-R4PCC04U05:525676:525676 [0] NCCL INFO NCCL_SOCKET_IFNAME set to eno7np0
MOC-R4PCC04U05:525676:525676 [0] NCCL INFO NCCL version 2.26.2+cuda12.2
MOC-R4PCC04U05:525676:525781 [0] NCCL INFO NET/Plugin: Could not find: libnccl-net.so. Using internal net plugin.
MOC-R4PCC04U05:525676:525781 [0] NCCL INFO NCCL_IB_HCA set to mlx5_5
MOC-R4PCC04U05:525676:525781 [0] NCCL INFO NET/IB : Made virtual device [0] name=mlx5_5 speed=400000 ndevs=1
MOC-R4PCC04U05:525676:525781 [0] NCCL INFO NET/IB : Using [0]mlx5_5:1/RoCE [RO]; OOB eno7np0:192.168.50.193<0>
MOC-R4PCC04U05:525679:525679 [3] NCCL INFO NCCL_SOCKET_IFNAME set to eno7np0
MOC-R4PCC04U05:525679:525679 [3] NCCL INFO NCCL version 2.26.2+cuda12.2
MOC-R4PCC04U05:525678:525678 [2] NCCL INFO NCCL_SOCKET_IFNAME set to eno7np0
MOC-R4PCC04U05:525677:525677 [1] NCCL INFO NCCL_SOCKET_IFNAME set to eno7np0
MOC-R4PCC04U05:525678:525678 [2] NCCL INFO NCCL version 2.26.2+cuda12.2
MOC-R4PCC04U05:525677:525677 [1] NCCL INFO NCCL version 2.26.2+cuda12.2
MOC-R4PCC04U05:525679:525804 [3] NCCL INFO NET/Plugin: Could not find: libnccl-net.so. Using internal net plugin.
MOC-R4PCC04U05:525679:525804 [3] NCCL INFO NCCL_IB_HCA set to mlx5_5
MOC-R4PCC04U05:525677:525806 [1] NCCL INFO NET/Plugin: Could not find: libnccl-net.so. Using internal net plugin.
MOC-R4PCC04U05:525678:525805 [2] NCCL INFO NET/Plugin: Could not find: libnccl-net.so. Using internal net plugin.
MOC-R4PCC04U05:525677:525806 [1] NCCL INFO NCCL_IB_HCA set to mlx5_5
MOC-R4PCC04U05:525678:525805 [2] NCCL INFO NCCL_IB_HCA set to mlx5_5
MOC-R4PCC04U05:525679:525804 [3] NCCL INFO NET/IB : Made virtual device [0] name=mlx5_5 speed=400000 ndevs=1
MOC-R4PCC04U05:525679:525804 [3] NCCL INFO NET/IB : Using [0]mlx5_5:1/RoCE [RO]; OOB eno7np0:192.168.50.193<0>
MOC-R4PCC04U05:525677:525806 [1] NCCL INFO NET/IB : Made virtual device [0] name=mlx5_5 speed=400000 ndevs=1
MOC-R4PCC04U05:525677:525806 [1] NCCL INFO NET/IB : Using [0]mlx5_5:1/RoCE [RO]; OOB eno7np0:192.168.50.193<0>
MOC-R4PCC04U05:525678:525805 [2] NCCL INFO NET/IB : Made virtual device [0] name=mlx5_5 speed=400000 ndevs=1
MOC-R4PCC04U05:525678:525805 [2] NCCL INFO NET/IB : Using [0]mlx5_5:1/RoCE [RO]; OOB eno7np0:192.168.50.193<0>
MOC-R4PCC04U05:525678:525805 [2] NCCL INFO NET/IB : GPU Direct RDMA Enabled for HCA 0 'mlx5_5'
MOC-R4PCC04U05:525678:525805 [2] NCCL INFO NET/IB : Made virtual device [1] name=mlx5_5 speed=400000 ndevs=1
MOC-R4PCC04U05:525678:525805 [2] NCCL INFO NET/IB : GPU Direct RDMA Enabled for HCA 0 'mlx5_5'
MOC-R4PCC04U05:525678:525805 [2] NCCL INFO NET/IB : GPU Direct RDMA Enabled for HCA 1 'mlx5_5'
MOC-R4PCC04U05:525677:525806 [1] NCCL INFO NET/IB : GPU Direct RDMA Enabled for HCA 0 'mlx5_5'
MOC-R4PCC04U05:525677:525806 [1] NCCL INFO NET/IB : Made virtual device [1] name=mlx5_5 speed=400000 ndevs=1
MOC-R4PCC04U05:525677:525806 [1] NCCL INFO NET/IB : GPU Direct RDMA Enabled for HCA 0 'mlx5_5'
MOC-R4PCC04U05:525677:525806 [1] NCCL INFO NET/IB : GPU Direct RDMA Enabled for HCA 1 'mlx5_5'
MOC-R4PCC04U05:525676:525781 [0] NCCL INFO NET/IB : GPU Direct RDMA Enabled for HCA 0 'mlx5_5'
MOC-R4PCC04U05:525676:525781 [0] NCCL INFO NET/IB : Made virtual device [1] name=mlx5_5 speed=400000 ndevs=1
MOC-R4PCC04U05:525676:525781 [0] NCCL INFO NET/IB : GPU Direct RDMA Enabled for HCA 0 'mlx5_5'
MOC-R4PCC04U05:525676:525781 [0] NCCL INFO NET/IB : GPU Direct RDMA Enabled for HCA 1 'mlx5_5'
MOC-R4PCC04U05:525679:525804 [3] NCCL INFO NET/IB : GPU Direct RDMA Enabled for HCA 0 'mlx5_5'
MOC-R4PCC04U05:525679:525804 [3] NCCL INFO NET/IB : Made virtual device [1] name=mlx5_5 speed=400000 ndevs=1
MOC-R4PCC04U05:525679:525804 [3] NCCL INFO NET/IB : GPU Direct RDMA Enabled for HCA 0 'mlx5_5'
MOC-R4PCC04U05:525679:525804 [3] NCCL INFO NET/IB : GPU Direct RDMA Enabled for HCA 1 'mlx5_5'
MOC-R4PCC04U05:525676:525781 [0] NCCL INFO NCCL_NET_GDR_LEVEL set by environment to LOC
MOC-R4PCC04U05:525676:525781 [0] NCCL INFO GPU Direct RDMA Disabled for GPU 0 / HCA 1 (distance 5 > 0)
MOC-R4PCC04U05:525676:525781 [0] NCCL INFO GPU Direct RDMA Disabled for GPU 1 / HCA 1 (distance 5 > 0)
MOC-R4PCC04U05:525676:525781 [0] NCCL INFO GPU Direct RDMA Disabled for GPU 2 / HCA 1 (distance 5 > 0)
MOC-R4PCC04U05:525676:525781 [0] NCCL INFO GPU Direct RDMA Disabled for GPU 0 / HCA 1 (distance 5 > 0)
MOC-R4PCC04U05:525676:525781 [0] NCCL INFO GPU Direct RDMA Disabled for GPU 1 / HCA 1 (distance 5 > 0)
MOC-R4PCC04U05:525676:525781 [0] NCCL INFO GPU Direct RDMA Disabled for GPU 2 / HCA 1 (distance 5 > 0)
MOC-R4PCC04U05:525677:525806 [1] NCCL INFO NCCL_NET_GDR_LEVEL set by environment to LOC
MOC-R4PCC04U05:525677:525806 [1] NCCL INFO GPU Direct RDMA Disabled for GPU 0 / HCA 1 (distance 5 > 0)
MOC-R4PCC04U05:525677:525806 [1] NCCL INFO GPU Direct RDMA Disabled for GPU 1 / HCA 1 (distance 5 > 0)
MOC-R4PCC04U05:525677:525806 [1] NCCL INFO GPU Direct RDMA Disabled for GPU 2 / HCA 1 (distance 5 > 0)
MOC-R4PCC04U05:525677:525806 [1] NCCL INFO GPU Direct RDMA Disabled for GPU 0 / HCA 1 (distance 5 > 0)
MOC-R4PCC04U05:525677:525806 [1] NCCL INFO GPU Direct RDMA Disabled for GPU 1 / HCA 1 (distance 5 > 0)
MOC-R4PCC04U05:525677:525806 [1] NCCL INFO GPU Direct RDMA Disabled for GPU 2 / HCA 1 (distance 5 > 0)
MOC-R4PCC04U05:525678:525805 [2] NCCL INFO NCCL_NET_GDR_LEVEL set by environment to LOC
MOC-R4PCC04U05:525678:525805 [2] NCCL INFO GPU Direct RDMA Disabled for GPU 0 / HCA 1 (distance 5 > 0)
MOC-R4PCC04U05:525678:525805 [2] NCCL INFO GPU Direct RDMA Disabled for GPU 1 / HCA 1 (distance 5 > 0)
MOC-R4PCC04U05:525678:525805 [2] NCCL INFO GPU Direct RDMA Disabled for GPU 2 / HCA 1 (distance 5 > 0)
MOC-R4PCC04U05:525678:525805 [2] NCCL INFO GPU Direct RDMA Disabled for GPU 0 / HCA 1 (distance 5 > 0)
MOC-R4PCC04U05:525678:525805 [2] NCCL INFO GPU Direct RDMA Disabled for GPU 1 / HCA 1 (distance 5 > 0)
MOC-R4PCC04U05:525678:525805 [2] NCCL INFO GPU Direct RDMA Disabled for GPU 2 / HCA 1 (distance 5 > 0)
MOC-R4PCC04U05:525679:525804 [3] NCCL INFO NCCL_NET_GDR_LEVEL set by environment to LOC
MOC-R4PCC04U05:525679:525804 [3] NCCL INFO GPU Direct RDMA Disabled for GPU 0 / HCA 1 (distance 5 > 0)
MOC-R4PCC04U05:525679:525804 [3] NCCL INFO GPU Direct RDMA Disabled for GPU 1 / HCA 1 (distance 5 > 0)
MOC-R4PCC04U05:525679:525804 [3] NCCL INFO GPU Direct RDMA Disabled for GPU 2 / HCA 1 (distance 5 > 0)
MOC-R4PCC04U05:525679:525804 [3] NCCL INFO GPU Direct RDMA Disabled for GPU 0 / HCA 1 (distance 5 > 0)
MOC-R4PCC04U05:525679:525804 [3] NCCL INFO GPU Direct RDMA Disabled for GPU 1 / HCA 1 (distance 5 > 0)
MOC-R4PCC04U05:525679:525804 [3] NCCL INFO GPU Direct RDMA Disabled for GPU 2 / HCA 1 (distance 5 > 0)
MOC-R4PCC04U05:525677:525821 [1] NCCL INFO New proxy recv connection 0 from local rank 1, transport 0
MOC-R4PCC04U05:525677:525828 [1] NCCL INFO Connected to proxy localRank 1 -> connection 0x7fe200004f30
MOC-R4PCC04U05:525679:525820 [3] NCCL INFO New proxy recv connection 0 from local rank 3, transport 0
MOC-R4PCC04U05:525679:525829 [3] NCCL INFO Connected to proxy localRank 3 -> connection 0x7fd5b4004f30
MOC-R4PCC04U05:525677:525821 [1] NCCL INFO New proxy recv connection 1 from local rank 1, transport 0
MOC-R4PCC04U05:525677:525828 [1] NCCL INFO Connected to proxy localRank 1 -> connection 0x7fe200004fa8
MOC-R4PCC04U05:525679:525820 [3] NCCL INFO New proxy recv connection 1 from local rank 3, transport 0
MOC-R4PCC04U05:525679:525829 [3] NCCL INFO Connected to proxy localRank 3 -> connection 0x7fd5b4004fa8
MOC-R4PCC04U05:525676:525824 [0] NCCL INFO New proxy send connection 0 from local rank 0, transport 0
MOC-R4PCC04U05:525676:525830 [0] NCCL INFO Connected to proxy localRank 0 -> connection 0x7fcc5c004f30
MOC-R4PCC04U05:525679:525829 [3] NCCL INFO GPU Direct RDMA Disabled for GPU 3 / HCA 1 (distance 7 > 0)
MOC-R4PCC04U05:525676:525824 [0] NCCL INFO New proxy send connection 1 from local rank 0, transport 0
MOC-R4PCC04U05:525676:525830 [0] NCCL INFO Connected to proxy localRank 0 -> connection 0x7fcc5c004fa8
MOC-R4PCC04U05:525678:525822 [2] NCCL INFO New proxy recv connection 0 from local rank 2, transport 0
MOC-R4PCC04U05:525678:525831 [2] NCCL INFO Connected to proxy localRank 2 -> connection 0x7fa5d8004f30
MOC-R4PCC04U05:525678:525822 [2] NCCL INFO New proxy recv connection 1 from local rank 2, transport 0
MOC-R4PCC04U05:525678:525831 [2] NCCL INFO Connected to proxy localRank 2 -> connection 0x7fa5d8004fa8
MOC-R4PCC04U05:525676:525824 [0] NCCL INFO New proxy send connection 2 from local rank 0, transport 0
MOC-R4PCC04U05:525678:525831 [2] NCCL INFO GPU Direct RDMA Disabled for GPU 2 / HCA 1 (distance 7 > 0)
MOC-R4PCC04U05:525676:525830 [0] NCCL INFO Connected to proxy localRank 0 -> connection 0x7fcc5c005020
MOC-R4PCC04U05:525676:525824 [0] NCCL INFO New proxy send connection 3 from local rank 0, transport 0
MOC-R4PCC04U05:525676:525830 [0] NCCL INFO Connected to proxy localRank 0 -> connection 0x7fcc5c005098
MOC-R4PCC04U05:525679:525820 [3] NCCL INFO New proxy send connection 2 from local rank 3, transport 2
MOC-R4PCC04U05:525679:525829 [3] NCCL INFO Connected to proxy localRank 3 -> connection 0x7fd5b4005020
MOC-R4PCC04U05:525679:525829 [3] NCCL INFO Channel 00/0 : 3[3] -> 6[2] [send] via NET/IB/1
MOC-R4PCC04U05:525679:525829 [3] NCCL INFO GPU Direct RDMA Disabled for GPU 3 / HCA 1 (distance 7 > 0)
MOC-R4PCC04U05:525679:525820 [3] NCCL INFO New proxy send connection 3 from local rank 3, transport 2
MOC-R4PCC04U05:525679:525829 [3] NCCL INFO Connected to proxy localRank 3 -> connection 0x7fd5b4005098
MOC-R4PCC04U05:525679:525829 [3] NCCL INFO Channel 02/0 : 3[3] -> 6[2] [send] via NET/IB/1
MOC-R4PCC04U05:525676:525824 [0] NCCL INFO New proxy recv connection 4 from local rank 0, transport 0
MOC-R4PCC04U05:525676:525830 [0] NCCL INFO Connected to proxy localRank 0 -> connection 0x7fcc5c005110
MOC-R4PCC04U05:525676:525824 [0] NCCL INFO New proxy recv connection 5 from local rank 0, transport 0
MOC-R4PCC04U05:525676:525830 [0] NCCL INFO Connected to proxy localRank 0 -> connection 0x7fcc5c005188
MOC-R4PCC04U05:525676:525824 [0] NCCL INFO New proxy recv connection 6 from local rank 0, transport 0
MOC-R4PCC04U05:525676:525830 [0] NCCL INFO Connected to proxy localRank 0 -> connection 0x7fcc5c005200
MOC-R4PCC04U05:525678:525822 [2] NCCL INFO New proxy recv connection 2 from local rank 2, transport 2
MOC-R4PCC04U05:525678:525831 [2] NCCL INFO Connected to proxy localRank 2 -> connection 0x7fa5d8005020
MOC-R4PCC04U05:525678:525831 [2] NCCL INFO Channel 00/0 : 11[3] -> 2[2] [receive] via NET/IB/1
MOC-R4PCC04U05:525678:525831 [2] NCCL INFO GPU Direct RDMA Disabled for GPU 2 / HCA 1 (distance 7 > 0)
MOC-R4PCC04U05:525678:525822 [2] NCCL INFO New proxy recv connection 3 from local rank 2, transport 2
MOC-R4PCC04U05:525678:525831 [2] NCCL INFO Connected to proxy localRank 2 -> connection 0x7fa5d8005098
MOC-R4PCC04U05:525678:525831 [2] NCCL INFO Channel 02/0 : 11[3] -> 2[2] [receive] via NET/IB/1
MOC-R4PCC04U05:525676:525824 [0] NCCL INFO New proxy recv connection 7 from local rank 0, transport 0
MOC-R4PCC04U05:525676:525830 [0] NCCL INFO Connected to proxy localRank 0 -> connection 0x7fcc5c005278
MOC-R4PCC04U05:525679:525829 [3] NCCL INFO GPU Direct RDMA Disabled for GPU 3 / HCA 1 (distance 7 > 0)
MOC-R4PCC04U05:525679:525820 [3] NCCL INFO New proxy recv connection 4 from local rank 3, transport 2
MOC-R4PCC04U05:525679:525829 [3] NCCL INFO Connected to proxy localRank 3 -> connection 0x7fd5b4005110
MOC-R4PCC04U05:525679:525829 [3] NCCL INFO Channel 01/0 : 10[2] -> 3[3] [receive] via NET/IB/1
MOC-R4PCC04U05:525679:525829 [3] NCCL INFO GPU Direct RDMA Disabled for GPU 3 / HCA 1 (distance 7 > 0)
MOC-R4PCC04U05:525679:525820 [3] NCCL INFO New proxy recv connection 5 from local rank 3, transport 2
MOC-R4PCC04U05:525679:525829 [3] NCCL INFO Connected to proxy localRank 3 -> connection 0x7fd5b4005188
MOC-R4PCC04U05:525679:525829 [3] NCCL INFO Channel 03/0 : 10[2] -> 3[3] [receive] via NET/IB/1
MOC-R4PCC04U05:525678:525831 [2] NCCL INFO GPU Direct RDMA Disabled for GPU 2 / HCA 1 (distance 7 > 0)
MOC-R4PCC04U05:525678:525822 [2] NCCL INFO New proxy send connection 4 from local rank 2, transport 2
MOC-R4PCC04U05:525678:525831 [2] NCCL INFO Connected to proxy localRank 2 -> connection 0x7fa5d8005110
MOC-R4PCC04U05:525678:525831 [2] NCCL INFO Channel 01/0 : 2[2] -> 7[3] [send] via NET/IB/1
MOC-R4PCC04U05:525678:525831 [2] NCCL INFO GPU Direct RDMA Disabled for GPU 2 / HCA 1 (distance 7 > 0)
MOC-R4PCC04U05:525678:525822 [2] NCCL INFO New proxy send connection 5 from local rank 2, transport 2
MOC-R4PCC04U05:525678:525831 [2] NCCL INFO Connected to proxy localRank 2 -> connection 0x7fa5d8005188
MOC-R4PCC04U05:525678:525831 [2] NCCL INFO Channel 03/0 : 2[2] -> 7[3] [send] via NET/IB/1
MOC-R4PCC04U05:525679:525820 [3] NCCL INFO New proxy send connection 6 from local rank 3, transport 0
MOC-R4PCC04U05:525679:525829 [3] NCCL INFO Connected to proxy localRank 3 -> connection 0x7fd5b4005200
MOC-R4PCC04U05:525678:525822 [2] NCCL INFO New proxy send connection 6 from local rank 2, transport 0
MOC-R4PCC04U05:525678:525831 [2] NCCL INFO Connected to proxy localRank 2 -> connection 0x7fa5d8005200
MOC-R4PCC04U05:525678:525822 [2] NCCL INFO New proxy send connection 7 from local rank 2, transport 0
MOC-R4PCC04U05:525678:525831 [2] NCCL INFO Connected to proxy localRank 2 -> connection 0x7fa5d8005278
MOC-R4PCC04U05:525679:525820 [3] NCCL INFO New proxy send connection 7 from local rank 3, transport 0
MOC-R4PCC04U05:525679:525829 [3] NCCL INFO Connected to proxy localRank 3 -> connection 0x7fd5b4005278
MOC-R4PCC04U05:525677:525821 [1] NCCL INFO New proxy recv connection 2 from local rank 1, transport 0
MOC-R4PCC04U05:525677:525828 [1] NCCL INFO Connected to proxy localRank 1 -> connection 0x7fe200005020
MOC-R4PCC04U05:525676:525824 [0] NCCL INFO New proxy send connection 8 from local rank 3, transport 0
MOC-R4PCC04U05:525679:525829 [3] NCCL INFO Connected to proxy localRank 0 -> connection 0x7fcc5c0052f0
MOC-R4PCC04U05:525677:525821 [1] NCCL INFO New proxy recv connection 3 from local rank 1, transport 0
MOC-R4PCC04U05:525677:525828 [1] NCCL INFO Connected to proxy localRank 1 -> connection 0x7fe200005098
MOC-R4PCC04U05:525677:525821 [1] NCCL INFO New proxy send connection 4 from local rank 1, transport 0
MOC-R4PCC04U05:525677:525828 [1] NCCL INFO Connected to proxy localRank 1 -> connection 0x7fe200005110
MOC-R4PCC04U05:525677:525821 [1] NCCL INFO New proxy send connection 5 from local rank 1, transport 0
MOC-R4PCC04U05:525677:525828 [1] NCCL INFO Connected to proxy localRank 1 -> connection 0x7fe200005188
MOC-R4PCC04U05:525677:525821 [1] NCCL INFO New proxy send connection 6 from local rank 1, transport 0
MOC-R4PCC04U05:525677:525828 [1] NCCL INFO Connected to proxy localRank 1 -> connection 0x7fe200005200
MOC-R4PCC04U05:525677:525821 [1] NCCL INFO New proxy send connection 7 from local rank 1, transport 0
MOC-R4PCC04U05:525677:525828 [1] NCCL INFO Connected to proxy localRank 1 -> connection 0x7fe200005278
MOC-R4PCC04U05:525679:525820 [3] NCCL INFO New proxy send connection 8 from local rank 1, transport 0
MOC-R4PCC04U05:525677:525828 [1] NCCL INFO Connected to proxy localRank 3 -> connection 0x7fd5b40052f0
MOC-R4PCC04U05:525678:525822 [2] NCCL INFO New proxy send connection 8 from local rank 0, transport 0
MOC-R4PCC04U05:525676:525830 [0] NCCL INFO Connected to proxy localRank 2 -> connection 0x7fa5d80052f0
MOC-R4PCC04U05:525676:525824 [0] NCCL INFO New proxy send connection 9 from local rank 2, transport 0
MOC-R4PCC04U05:525678:525831 [2] NCCL INFO Connected to proxy localRank 0 -> connection 0x7fcc5c005368
MOC-R4PCC04U05:525677:525821 [1] NCCL INFO New proxy send connection 8 from local rank 3, transport 0
MOC-R4PCC04U05:525679:525829 [3] NCCL INFO Connected to proxy localRank 1 -> connection 0x7fe2000052f0
MOC-R4PCC04U05:525677:525821 [1] NCCL INFO New proxy send connection 9 from local rank 2, transport 0
MOC-R4PCC04U05:525678:525831 [2] NCCL INFO Connected to proxy localRank 1 -> connection 0x7fe200005368
MOC-R4PCC04U05:525676:525824 [0] NCCL INFO New proxy send connection 10 from local rank 1, transport 0
MOC-R4PCC04U05:525677:525828 [1] NCCL INFO Connected to proxy localRank 0 -> connection 0x7fcc5c0053e0
MOC-R4PCC04U05:525679:525820 [3] NCCL INFO New proxy send connection 9 from local rank 0, transport 0
MOC-R4PCC04U05:525676:525830 [0] NCCL INFO Connected to proxy localRank 3 -> connection 0x7fd5b4005368
MOC-R4PCC04U05:525679:525820 [3] NCCL INFO NET/IB: NCCL Dev 1 IbDev 0 Port 1 qpn 8110 mtu 3 query_ece={supported=1, vendor_id=0x15b3, options=0x30000002, comp_mask=0x0} GID 3 (0/C132A8C0FFFF0000) fifoRkey=0x17e1a0 fifoLkey=0x17e1a0
MOC-R4PCC04U05:525679:525820 [3] NCCL INFO NET/IB: NCCL Dev 1 IbDev 0 Port 1 qpn 8111 mtu 3 query_ece={supported=1, vendor_id=0x15b3, options=0x30000002, comp_mask=0x0} GID 3 (0/C132A8C0FFFF0000) fifoRkey=0x172eed fifoLkey=0x172eed
MOC-R4PCC04U05:525679:525820 [3] NCCL INFO NET/IB: IbDev 0 Port 1 qpn 8128 set_ece={supported=1, vendor_id=0x15b3, options=0x0, comp_mask=0x0}
MOC-R4PCC04U05:525679:525820 [3] NCCL INFO NET/IB: IbDev 0 Port 1 qpn 8130 set_ece={supported=1, vendor_id=0x15b3, options=0x0, comp_mask=0x0}
MOC-R4PCC04U05:525677:525821 [1] NCCL INFO New proxy send connection 10 from local rank 0, transport 0
MOC-R4PCC04U05:525676:525830 [0] NCCL INFO Connected to proxy localRank 1 -> connection 0x7fe2000053e0
MOC-R4PCC04U05:525678:525822 [2] NCCL INFO NET/IB: NCCL Dev 1 IbDev 0 Port 1 qpn 8112 mtu 3 query_ece={supported=1, vendor_id=0x15b3, options=0x30000002, comp_mask=0x0} GID 3 (0/C132A8C0FFFF0000) fifoRkey=0x176c2b fifoLkey=0x176c2b
MOC-R4PCC04U05:525678:525822 [2] NCCL INFO NET/IB: NCCL Dev 1 IbDev 0 Port 1 qpn 8113 mtu 3 query_ece={supported=1, vendor_id=0x15b3, options=0x30000002, comp_mask=0x0} GID 3 (0/C132A8C0FFFF0000) fifoRkey=0x17a767 fifoLkey=0x17a767
MOC-R4PCC04U05:525678:525822 [2] NCCL INFO New proxy send connection 9 from local rank 1, transport 0
MOC-R4PCC04U05:525677:525828 [1] NCCL INFO Connected to proxy localRank 2 -> connection 0x7fa5d8005368
MOC-R4PCC04U05:525678:525822 [2] NCCL INFO NET/IB: IbDev 0 Port 1 qpn 8134 set_ece={supported=1, vendor_id=0x15b3, options=0x0, comp_mask=0x0}
MOC-R4PCC04U05:525678:525822 [2] NCCL INFO NET/IB: IbDev 0 Port 1 qpn 8136 set_ece={supported=1, vendor_id=0x15b3, options=0x0, comp_mask=0x0}
num decayed parameter tensors: 50, with 124,318,464 parameters
num non-decayed parameter tensors: 98, with 121,344 parameters
using fused AdamW: False
using regular AdamW
MOC-R4PCC04U05:525679:525820 [3] NCCL INFO New proxy recv connection 10 from local rank 3, transport 0
MOC-R4PCC04U05:525679:526522 [3] NCCL INFO Connected to proxy localRank 3 -> connection 0x7fd5b40053e0
MOC-R4PCC04U05:525679:525820 [3] NCCL INFO New proxy recv connection 11 from local rank 3, transport 0
MOC-R4PCC04U05:525679:526522 [3] NCCL INFO Connected to proxy localRank 3 -> connection 0x7fd5b4005458
MOC-R4PCC04U05:525676:525824 [0] NCCL INFO New proxy send connection 11 from local rank 0, transport 0
MOC-R4PCC04U05:525676:526523 [0] NCCL INFO Connected to proxy localRank 0 -> connection 0x7fcc5c005458
MOC-R4PCC04U05:525676:525824 [0] NCCL INFO New proxy send connection 12 from local rank 0, transport 0
MOC-R4PCC04U05:525676:526523 [0] NCCL INFO Connected to proxy localRank 0 -> connection 0x7fcc5c0054d0
MOC-R4PCC04U05:525676:525824 [0] NCCL INFO New proxy send connection 13 from local rank 0, transport 0
MOC-R4PCC04U05:525676:526523 [0] NCCL INFO Connected to proxy localRank 0 -> connection 0x7fcc5c005548
MOC-R4PCC04U05:525676:525824 [0] NCCL INFO New proxy send connection 14 from local rank 0, transport 0
MOC-R4PCC04U05:525676:526523 [0] NCCL INFO Connected to proxy localRank 0 -> connection 0x7fcc5c0055c0
MOC-R4PCC04U05:525677:525821 [1] NCCL INFO New proxy recv connection 11 from local rank 1, transport 0
MOC-R4PCC04U05:525677:526524 [1] NCCL INFO Connected to proxy localRank 1 -> connection 0x7fe200005458
MOC-R4PCC04U05:525677:525821 [1] NCCL INFO New proxy recv connection 12 from local rank 1, transport 0
MOC-R4PCC04U05:525677:526524 [1] NCCL INFO Connected to proxy localRank 1 -> connection 0x7fe2000054d0
MOC-R4PCC04U05:525677:525821 [1] NCCL INFO New proxy recv connection 13 from local rank 1, transport 0
MOC-R4PCC04U05:525677:526524 [1] NCCL INFO Connected to proxy localRank 1 -> connection 0x7fe200005548
MOC-R4PCC04U05:525677:525821 [1] NCCL INFO New proxy recv connection 14 from local rank 1, transport 0
MOC-R4PCC04U05:525677:526524 [1] NCCL INFO Connected to proxy localRank 1 -> connection 0x7fe2000055c0
MOC-R4PCC04U05:525677:525821 [1] NCCL INFO New proxy send connection 15 from local rank 1, transport 0
MOC-R4PCC04U05:525677:526524 [1] NCCL INFO Connected to proxy localRank 1 -> connection 0x7fe200005638
MOC-R4PCC04U05:525677:525821 [1] NCCL INFO New proxy send connection 16 from local rank 1, transport 0
MOC-R4PCC04U05:525677:526524 [1] NCCL INFO Connected to proxy localRank 1 -> connection 0x7fe2000056b0
MOC-R4PCC04U05:525677:525821 [1] NCCL INFO New proxy send connection 17 from local rank 1, transport 0
MOC-R4PCC04U05:525677:526524 [1] NCCL INFO Connected to proxy localRank 1 -> connection 0x7fe200005728
MOC-R4PCC04U05:525677:525821 [1] NCCL INFO New proxy send connection 18 from local rank 1, transport 0
MOC-R4PCC04U05:525677:526524 [1] NCCL INFO Connected to proxy localRank 1 -> connection 0x7fe2000057a0
MOC-R4PCC04U05:525676:525824 [0] NCCL INFO New proxy send connection 15 from local rank 0, transport 0
MOC-R4PCC04U05:525676:526523 [0] NCCL INFO Connected to proxy localRank 0 -> connection 0x7fcc5c005638
MOC-R4PCC04U05:525676:525824 [0] NCCL INFO New proxy send connection 16 from local rank 0, transport 0
MOC-R4PCC04U05:525676:526523 [0] NCCL INFO Connected to proxy localRank 0 -> connection 0x7fcc5c0056b0
MOC-R4PCC04U05:525676:525824 [0] NCCL INFO New proxy recv connection 17 from local rank 0, transport 0
MOC-R4PCC04U05:525676:526523 [0] NCCL INFO Connected to proxy localRank 0 -> connection 0x7fcc5c005728
MOC-R4PCC04U05:525679:526522 [3] NCCL INFO GPU Direct RDMA Disabled for GPU 3 / HCA 1 (distance 7 > 0)
MOC-R4PCC04U05:525679:525820 [3] NCCL INFO New proxy recv connection 12 from local rank 3, transport 2
MOC-R4PCC04U05:525679:526522 [3] NCCL INFO Connected to proxy localRank 3 -> connection 0x7fd5b40054d0
MOC-R4PCC04U05:525676:525824 [0] NCCL INFO New proxy recv connection 18 from local rank 0, transport 0
MOC-R4PCC04U05:525676:526523 [0] NCCL INFO Connected to proxy localRank 0 -> connection 0x7fcc5c0057a0
MOC-R4PCC04U05:525679:526522 [3] NCCL INFO Channel 00/0 : 11[3] -> 3[3] [receive] via NET/IB/1
MOC-R4PCC04U05:525679:526522 [3] NCCL INFO GPU Direct RDMA Disabled for GPU 3 / HCA 1 (distance 7 > 0)
MOC-R4PCC04U05:525679:525820 [3] NCCL INFO New proxy recv connection 13 from local rank 3, transport 2
MOC-R4PCC04U05:525679:526522 [3] NCCL INFO Connected to proxy localRank 3 -> connection 0x7fd5b4005548
MOC-R4PCC04U05:525679:526522 [3] NCCL INFO Channel 01/0 : 11[3] -> 3[3] [receive] via NET/IB/1
MOC-R4PCC04U05:525679:526522 [3] NCCL INFO GPU Direct RDMA Disabled for GPU 3 / HCA 1 (distance 7 > 0)
MOC-R4PCC04U05:525676:525824 [0] NCCL INFO New proxy recv connection 19 from local rank 0, transport 0
MOC-R4PCC04U05:525679:525820 [3] NCCL INFO New proxy recv connection 14 from local rank 3, transport 2
MOC-R4PCC04U05:525676:526523 [0] NCCL INFO Connected to proxy localRank 0 -> connection 0x7fcc5c005818
MOC-R4PCC04U05:525679:526522 [3] NCCL INFO Connected to proxy localRank 3 -> connection 0x7fd5b40055c0
MOC-R4PCC04U05:525679:526522 [3] NCCL INFO Channel 02/0 : 11[3] -> 3[3] [receive] via NET/IB/1
MOC-R4PCC04U05:525679:526522 [3] NCCL INFO GPU Direct RDMA Disabled for GPU 3 / HCA 1 (distance 7 > 0)
MOC-R4PCC04U05:525679:525820 [3] NCCL INFO New proxy recv connection 15 from local rank 3, transport 2
MOC-R4PCC04U05:525679:526522 [3] NCCL INFO Connected to proxy localRank 3 -> connection 0x7fd5b4005638
MOC-R4PCC04U05:525679:526522 [3] NCCL INFO Channel 03/0 : 11[3] -> 3[3] [receive] via NET/IB/1
MOC-R4PCC04U05:525679:526522 [3] NCCL INFO GPU Direct RDMA Disabled for GPU 3 / HCA 1 (distance 7 > 0)
MOC-R4PCC04U05:525676:525824 [0] NCCL INFO New proxy recv connection 20 from local rank 0, transport 0
MOC-R4PCC04U05:525676:526523 [0] NCCL INFO Connected to proxy localRank 0 -> connection 0x7fcc5c005890
MOC-R4PCC04U05:525679:525820 [3] NCCL INFO New proxy send connection 16 from local rank 3, transport 2
MOC-R4PCC04U05:525679:526522 [3] NCCL INFO Connected to proxy localRank 3 -> connection 0x7fd5b40056b0
MOC-R4PCC04U05:525679:526522 [3] NCCL INFO Channel 02/0 : 3[3] -> 7[3] [send] via NET/IB/1
MOC-R4PCC04U05:525679:526522 [3] NCCL INFO GPU Direct RDMA Disabled for GPU 3 / HCA 1 (distance 7 > 0)
MOC-R4PCC04U05:525679:525820 [3] NCCL INFO New proxy send connection 17 from local rank 3, transport 2
MOC-R4PCC04U05:525679:526522 [3] NCCL INFO Connected to proxy localRank 3 -> connection 0x7fd5b4005728
MOC-R4PCC04U05:525679:526522 [3] NCCL INFO Channel 03/0 : 3[3] -> 7[3] [send] via NET/IB/1
MOC-R4PCC04U05:525678:525822 [2] NCCL INFO New proxy recv connection 10 from local rank 2, transport 0
MOC-R4PCC04U05:525678:526525 [2] NCCL INFO Connected to proxy localRank 2 -> connection 0x7fa5d80053e0
MOC-R4PCC04U05:525678:525822 [2] NCCL INFO New proxy recv connection 11 from local rank 2, transport 0
MOC-R4PCC04U05:525678:526525 [2] NCCL INFO Connected to proxy localRank 2 -> connection 0x7fa5d8005458
MOC-R4PCC04U05:525678:525822 [2] NCCL INFO New proxy recv connection 12 from local rank 2, transport 0
MOC-R4PCC04U05:525678:526525 [2] NCCL INFO Connected to proxy localRank 2 -> connection 0x7fa5d80054d0
MOC-R4PCC04U05:525678:525822 [2] NCCL INFO New proxy recv connection 13 from local rank 2, transport 0
MOC-R4PCC04U05:525678:526525 [2] NCCL INFO Connected to proxy localRank 2 -> connection 0x7fa5d8005548
MOC-R4PCC04U05:525678:525822 [2] NCCL INFO New proxy send connection 14 from local rank 2, transport 0
MOC-R4PCC04U05:525677:525821 [1] NCCL INFO New proxy recv connection 19 from local rank 1, transport 0
MOC-R4PCC04U05:525678:526525 [2] NCCL INFO Connected to proxy localRank 2 -> connection 0x7fa5d80055c0
MOC-R4PCC04U05:525677:526524 [1] NCCL INFO Connected to proxy localRank 1 -> connection 0x7fe200005818
MOC-R4PCC04U05:525678:525822 [2] NCCL INFO New proxy send connection 15 from local rank 2, transport 0
MOC-R4PCC04U05:525678:526525 [2] NCCL INFO Connected to proxy localRank 2 -> connection 0x7fa5d8005638
MOC-R4PCC04U05:525677:525821 [1] NCCL INFO New proxy recv connection 20 from local rank 1, transport 0
MOC-R4PCC04U05:525677:526524 [1] NCCL INFO Connected to proxy localRank 1 -> connection 0x7fe200005890
MOC-R4PCC04U05:525679:526522 [3] NCCL INFO GPU Direct RDMA Disabled for GPU 3 / HCA 1 (distance 7 > 0)
MOC-R4PCC04U05:525679:525820 [3] NCCL INFO New proxy recv connection 18 from local rank 3, transport 2
MOC-R4PCC04U05:525679:526522 [3] NCCL INFO Connected to proxy localRank 3 -> connection 0x7fd5b40057a0
MOC-R4PCC04U05:525679:526522 [3] NCCL INFO Channel 02/0 : 7[3] -> 3[3] [receive] via NET/IB/1
MOC-R4PCC04U05:525679:526522 [3] NCCL INFO GPU Direct RDMA Disabled for GPU 3 / HCA 1 (distance 7 > 0)
MOC-R4PCC04U05:525679:525820 [3] NCCL INFO New proxy recv connection 19 from local rank 3, transport 2
MOC-R4PCC04U05:525679:526522 [3] NCCL INFO Connected to proxy localRank 3 -> connection 0x7fd5b4005818
MOC-R4PCC04U05:525679:526522 [3] NCCL INFO Channel 03/0 : 7[3] -> 3[3] [receive] via NET/IB/1
MOC-R4PCC04U05:525679:526522 [3] NCCL INFO GPU Direct RDMA Disabled for GPU 3 / HCA 1 (distance 7 > 0)
MOC-R4PCC04U05:525679:525820 [3] NCCL INFO New proxy send connection 20 from local rank 3, transport 2
MOC-R4PCC04U05:525679:526522 [3] NCCL INFO Connected to proxy localRank 3 -> connection 0x7fd5b4005890
MOC-R4PCC04U05:525679:526522 [3] NCCL INFO Channel 00/0 : 3[3] -> 11[3] [send] via NET/IB/1
MOC-R4PCC04U05:525679:526522 [3] NCCL INFO GPU Direct RDMA Disabled for GPU 3 / HCA 1 (distance 7 > 0)
MOC-R4PCC04U05:525679:525820 [3] NCCL INFO New proxy send connection 21 from local rank 3, transport 2
MOC-R4PCC04U05:525679:526522 [3] NCCL INFO Connected to proxy localRank 3 -> connection 0x7fd5b4005908
MOC-R4PCC04U05:525679:526522 [3] NCCL INFO Channel 01/0 : 3[3] -> 11[3] [send] via NET/IB/1
MOC-R4PCC04U05:525679:526522 [3] NCCL INFO GPU Direct RDMA Disabled for GPU 3 / HCA 1 (distance 7 > 0)
MOC-R4PCC04U05:525679:525820 [3] NCCL INFO New proxy send connection 22 from local rank 3, transport 2
MOC-R4PCC04U05:525679:526522 [3] NCCL INFO Connected to proxy localRank 3 -> connection 0x7fd5b4005980
MOC-R4PCC04U05:525679:526522 [3] NCCL INFO Channel 02/0 : 3[3] -> 11[3] [send] via NET/IB/1
MOC-R4PCC04U05:525679:526522 [3] NCCL INFO GPU Direct RDMA Disabled for GPU 3 / HCA 1 (distance 7 > 0)
MOC-R4PCC04U05:525679:525820 [3] NCCL INFO New proxy send connection 23 from local rank 3, transport 2
MOC-R4PCC04U05:525679:526522 [3] NCCL INFO Connected to proxy localRank 3 -> connection 0x7fd5b40059f8
MOC-R4PCC04U05:525679:526522 [3] NCCL INFO Channel 03/0 : 3[3] -> 11[3] [send] via NET/IB/1
MOC-R4PCC04U05:525679:525820 [3] NCCL INFO New proxy send connection 24 from local rank 3, transport 0
MOC-R4PCC04U05:525679:526522 [3] NCCL INFO Connected to proxy localRank 3 -> connection 0x7fd5b4005a70
MOC-R4PCC04U05:525679:525820 [3] NCCL INFO New proxy send connection 25 from local rank 3, transport 0
MOC-R4PCC04U05:525679:526522 [3] NCCL INFO Connected to proxy localRank 3 -> connection 0x7fd5b4005ae8
MOC-R4PCC04U05:525679:525820 [3] NCCL INFO New proxy send connection 26 from local rank 3, transport 0
MOC-R4PCC04U05:525679:526522 [3] NCCL INFO Connected to proxy localRank 3 -> connection 0x7fd5b4005b60
MOC-R4PCC04U05:525679:525820 [3] NCCL INFO New proxy send connection 27 from local rank 3, transport 0
MOC-R4PCC04U05:525679:526522 [3] NCCL INFO Connected to proxy localRank 3 -> connection 0x7fd5b4005bd8
MOC-R4PCC04U05:525679:525820 [3] NCCL INFO NET/IB: NCCL Dev 1 IbDev 0 Port 1 qpn 8116 mtu 3 query_ece={supported=1, vendor_id=0x15b3, options=0x30000002, comp_mask=0x0} GID 3 (0/C132A8C0FFFF0000) fifoRkey=0x17f5b4 fifoLkey=0x17f5b4
MOC-R4PCC04U05:525679:525820 [3] NCCL INFO NET/IB: NCCL Dev 1 IbDev 0 Port 1 qpn 8117 mtu 3 query_ece={supported=1, vendor_id=0x15b3, options=0x30000002, comp_mask=0x0} GID 3 (0/C132A8C0FFFF0000) fifoRkey=0x17b979 fifoLkey=0x17b979
MOC-R4PCC04U05:525679:525820 [3] NCCL INFO NET/IB: NCCL Dev 1 IbDev 0 Port 1 qpn 8118 mtu 3 query_ece={supported=1, vendor_id=0x15b3, options=0x30000002, comp_mask=0x0} GID 3 (0/C132A8C0FFFF0000) fifoRkey=0x17da99 fifoLkey=0x17da99
MOC-R4PCC04U05:525679:525820 [3] NCCL INFO NET/IB: NCCL Dev 1 IbDev 0 Port 1 qpn 8119 mtu 3 query_ece={supported=1, vendor_id=0x15b3, options=0x30000002, comp_mask=0x0} GID 3 (0/C132A8C0FFFF0000) fifoRkey=0x17e5a4 fifoLkey=0x17e5a4
MOC-R4PCC04U05:525679:525820 [3] NCCL INFO NET/IB: NCCL Dev 1 IbDev 0 Port 1 qpn 8122 mtu 3 query_ece={supported=1, vendor_id=0x15b3, options=0x30000002, comp_mask=0x0} GID 3 (0/C132A8C0FFFF0000) fifoRkey=0x17fdbc fifoLkey=0x17fdbc
MOC-R4PCC04U05:525679:525820 [3] NCCL INFO NET/IB: NCCL Dev 1 IbDev 0 Port 1 qpn 8125 mtu 3 query_ece={supported=1, vendor_id=0x15b3, options=0x30000002, comp_mask=0x0} GID 3 (0/C132A8C0FFFF0000) fifoRkey=0x17e2a1 fifoLkey=0x17e2a1
MOC-R4PCC04U05:525679:525820 [3] NCCL INFO NET/IB: IbDev 0 Port 1 qpn 4033 set_ece={supported=1, vendor_id=0x15b3, options=0x0, comp_mask=0x0}
MOC-R4PCC04U05:525679:525820 [3] NCCL INFO NET/IB: IbDev 0 Port 1 qpn 4036 set_ece={supported=1, vendor_id=0x15b3, options=0x0, comp_mask=0x0}
MOC-R4PCC04U05:525679:525820 [3] NCCL INFO NET/IB: IbDev 0 Port 1 qpn 4038 set_ece={supported=1, vendor_id=0x15b3, options=0x0, comp_mask=0x0}
MOC-R4PCC04U05:525679:525820 [3] NCCL INFO NET/IB: IbDev 0 Port 1 qpn 4040 set_ece={supported=1, vendor_id=0x15b3, options=0x0, comp_mask=0x0}
MOC-R4PCC04U05:525679:525820 [3] NCCL INFO NET/IB: IbDev 0 Port 1 qpn 8146 set_ece={supported=1, vendor_id=0x15b3, options=0x0, comp_mask=0x0}
MOC-R4PCC04U05:525679:525820 [3] NCCL INFO NET/IB: IbDev 0 Port 1 qpn 8148 set_ece={supported=1, vendor_id=0x15b3, options=0x0, comp_mask=0x0}
step    1/10 | train loss 11.009422 | norm 15.3732 | lr 1.00e-04 | (14120.87 ms | 167079 tok/s)
step    2/10 | train loss 10.139727 | norm 5.7264 | lr 1.00e-04 | (642.45 ms | 3672330 tok/s)
step    3/10 | train loss 9.799679 | norm 2.6010 | lr 1.00e-04 | (638.05 ms | 3697689 tok/s)
step    4/10 | train loss 9.631037 | norm 2.1093 | lr 1.00e-04 | (600.84 ms | 3926661 tok/s)
step    5/10 | train loss 9.548264 | norm 2.0938 | lr 1.00e-04 | (505.45 ms | 4667734 tok/s)
step    6/10 | train loss 9.467410 | norm 1.9919 | lr 1.00e-04 | (494.01 ms | 4775804 tok/s)
step    7/10 | train loss 9.382083 | norm 1.9418 | lr 1.00e-04 | (633.38 ms | 3724920 tok/s)
step    8/10 | train loss 9.290598 | norm 1.9079 | lr 1.00e-04 | (567.06 ms | 4160591 tok/s)
step    9/10 | train loss 9.195720 | norm 1.8515 | lr 1.00e-04 | (574.27 ms | 4108332 tok/s)
step   10/10 | train loss 9.111584 | norm 1.7901 | lr 1.00e-04 | (650.03 ms | 3629502 tok/s)
final 9 iters avg: 589.504ms
peak memory consumption: 16601 MiB
