Running pytorch 2.7.0+cu126
using device: cuda:0
total desired batch size: 3670016
=> calculated gradient accumulation steps: 7
using device: cuda:3
using device: cuda:1
using device: cuda:2
compiling the model...
DataLoader: total number of tokens: 1,661,249,667 across 103 files
MOC-R4PCC04U05:725424:725424 [0] NCCL INFO NCCL_SOCKET_IFNAME set to eno7np0
MOC-R4PCC04U05:725424:725424 [0] NCCL INFO NCCL version 2.26.2+cuda12.2
MOC-R4PCC04U05:725424:725528 [0] NCCL INFO NET/Plugin: Could not find: libnccl-net.so. Using internal net plugin.
MOC-R4PCC04U05:725424:725528 [0] NCCL INFO NCCL_IB_HCA set to mlx5_5
MOC-R4PCC04U05:725427:725427 [3] NCCL INFO NCCL_SOCKET_IFNAME set to eno7np0
MOC-R4PCC04U05:725427:725427 [3] NCCL INFO NCCL version 2.26.2+cuda12.2
MOC-R4PCC04U05:725424:725528 [0] NCCL INFO NET/IB : Made virtual device [0] name=mlx5_5 speed=400000 ndevs=1
MOC-R4PCC04U05:725424:725528 [0] NCCL INFO NET/IB : Using [0]mlx5_5:1/RoCE [RO]; OOB eno7np0:192.168.50.193<0>
MOC-R4PCC04U05:725425:725425 [1] NCCL INFO NCCL_SOCKET_IFNAME set to eno7np0
MOC-R4PCC04U05:725426:725426 [2] NCCL INFO NCCL_SOCKET_IFNAME set to eno7np0
MOC-R4PCC04U05:725425:725425 [1] NCCL INFO NCCL version 2.26.2+cuda12.2
MOC-R4PCC04U05:725426:725426 [2] NCCL INFO NCCL version 2.26.2+cuda12.2
MOC-R4PCC04U05:725427:725550 [3] NCCL INFO NET/Plugin: Could not find: libnccl-net.so. Using internal net plugin.
MOC-R4PCC04U05:725427:725550 [3] NCCL INFO NCCL_IB_HCA set to mlx5_5
MOC-R4PCC04U05:725427:725550 [3] NCCL INFO NET/IB : Made virtual device [0] name=mlx5_5 speed=400000 ndevs=1
MOC-R4PCC04U05:725427:725550 [3] NCCL INFO NET/IB : Using [0]mlx5_5:1/RoCE [RO]; OOB eno7np0:192.168.50.193<0>
MOC-R4PCC04U05:725426:725552 [2] NCCL INFO NET/Plugin: Could not find: libnccl-net.so. Using internal net plugin.
MOC-R4PCC04U05:725426:725552 [2] NCCL INFO NCCL_IB_HCA set to mlx5_5
MOC-R4PCC04U05:725425:725553 [1] NCCL INFO NET/Plugin: Could not find: libnccl-net.so. Using internal net plugin.
MOC-R4PCC04U05:725425:725553 [1] NCCL INFO NCCL_IB_HCA set to mlx5_5
MOC-R4PCC04U05:725426:725552 [2] NCCL INFO NET/IB : Made virtual device [0] name=mlx5_5 speed=400000 ndevs=1
MOC-R4PCC04U05:725426:725552 [2] NCCL INFO NET/IB : Using [0]mlx5_5:1/RoCE [RO]; OOB eno7np0:192.168.50.193<0>
MOC-R4PCC04U05:725425:725553 [1] NCCL INFO NET/IB : Made virtual device [0] name=mlx5_5 speed=400000 ndevs=1
MOC-R4PCC04U05:725425:725553 [1] NCCL INFO NET/IB : Using [0]mlx5_5:1/RoCE [RO]; OOB eno7np0:192.168.50.193<0>
MOC-R4PCC04U05:725427:725550 [3] NCCL INFO NET/IB : GPU Direct RDMA Enabled for HCA 0 'mlx5_5'
MOC-R4PCC04U05:725427:725550 [3] NCCL INFO NET/IB : Made virtual device [1] name=mlx5_5 speed=400000 ndevs=1
MOC-R4PCC04U05:725427:725550 [3] NCCL INFO NET/IB : GPU Direct RDMA Enabled for HCA 0 'mlx5_5'
MOC-R4PCC04U05:725427:725550 [3] NCCL INFO NET/IB : GPU Direct RDMA Enabled for HCA 1 'mlx5_5'
MOC-R4PCC04U05:725425:725553 [1] NCCL INFO NET/IB : GPU Direct RDMA Enabled for HCA 0 'mlx5_5'
MOC-R4PCC04U05:725425:725553 [1] NCCL INFO NET/IB : Made virtual device [1] name=mlx5_5 speed=400000 ndevs=1
MOC-R4PCC04U05:725425:725553 [1] NCCL INFO NET/IB : GPU Direct RDMA Enabled for HCA 0 'mlx5_5'
MOC-R4PCC04U05:725425:725553 [1] NCCL INFO NET/IB : GPU Direct RDMA Enabled for HCA 1 'mlx5_5'
MOC-R4PCC04U05:725426:725552 [2] NCCL INFO NET/IB : GPU Direct RDMA Enabled for HCA 0 'mlx5_5'
MOC-R4PCC04U05:725426:725552 [2] NCCL INFO NET/IB : Made virtual device [1] name=mlx5_5 speed=400000 ndevs=1
MOC-R4PCC04U05:725426:725552 [2] NCCL INFO NET/IB : GPU Direct RDMA Enabled for HCA 0 'mlx5_5'
MOC-R4PCC04U05:725426:725552 [2] NCCL INFO NET/IB : GPU Direct RDMA Enabled for HCA 1 'mlx5_5'
MOC-R4PCC04U05:725424:725528 [0] NCCL INFO NET/IB : GPU Direct RDMA Enabled for HCA 0 'mlx5_5'
MOC-R4PCC04U05:725424:725528 [0] NCCL INFO NET/IB : Made virtual device [1] name=mlx5_5 speed=400000 ndevs=1
MOC-R4PCC04U05:725424:725528 [0] NCCL INFO NET/IB : GPU Direct RDMA Enabled for HCA 0 'mlx5_5'
MOC-R4PCC04U05:725424:725528 [0] NCCL INFO NET/IB : GPU Direct RDMA Enabled for HCA 1 'mlx5_5'
MOC-R4PCC04U05:725424:725528 [0] NCCL INFO GPU Direct RDMA Enabled for GPU 0 / HCA 1 (distance 5 <= 5), read 0 mode Default
MOC-R4PCC04U05:725424:725528 [0] NCCL INFO GPU Direct RDMA Enabled for GPU 1 / HCA 1 (distance 5 <= 5), read 0 mode Default
MOC-R4PCC04U05:725424:725528 [0] NCCL INFO GPU Direct RDMA Enabled for GPU 2 / HCA 1 (distance 5 <= 5), read 0 mode Default
MOC-R4PCC04U05:725424:725528 [0] NCCL INFO GPU Direct RDMA Enabled for GPU 3 / HCA 1 (distance 5 <= 5), read 0 mode Default
MOC-R4PCC04U05:725424:725528 [0] NCCL INFO GPU Direct RDMA Enabled for GPU 0 / HCA 1 (distance 5 <= 5), read 0 mode Default
MOC-R4PCC04U05:725424:725528 [0] NCCL INFO GPU Direct RDMA Enabled for GPU 1 / HCA 1 (distance 5 <= 5), read 0 mode Default
MOC-R4PCC04U05:725424:725528 [0] NCCL INFO GPU Direct RDMA Enabled for GPU 2 / HCA 1 (distance 5 <= 5), read 0 mode Default
MOC-R4PCC04U05:725424:725528 [0] NCCL INFO GPU Direct RDMA Enabled for GPU 3 / HCA 1 (distance 5 <= 5), read 0 mode Default
MOC-R4PCC04U05:725425:725553 [1] NCCL INFO GPU Direct RDMA Enabled for GPU 0 / HCA 1 (distance 5 <= 5), read 0 mode Default
MOC-R4PCC04U05:725425:725553 [1] NCCL INFO GPU Direct RDMA Enabled for GPU 1 / HCA 1 (distance 5 <= 5), read 0 mode Default
MOC-R4PCC04U05:725425:725553 [1] NCCL INFO GPU Direct RDMA Enabled for GPU 2 / HCA 1 (distance 5 <= 5), read 0 mode Default
MOC-R4PCC04U05:725425:725553 [1] NCCL INFO GPU Direct RDMA Enabled for GPU 3 / HCA 1 (distance 5 <= 5), read 0 mode Default
MOC-R4PCC04U05:725425:725553 [1] NCCL INFO GPU Direct RDMA Enabled for GPU 0 / HCA 1 (distance 5 <= 5), read 0 mode Default
MOC-R4PCC04U05:725425:725553 [1] NCCL INFO GPU Direct RDMA Enabled for GPU 1 / HCA 1 (distance 5 <= 5), read 0 mode Default
MOC-R4PCC04U05:725425:725553 [1] NCCL INFO GPU Direct RDMA Enabled for GPU 2 / HCA 1 (distance 5 <= 5), read 0 mode Default
MOC-R4PCC04U05:725425:725553 [1] NCCL INFO GPU Direct RDMA Enabled for GPU 3 / HCA 1 (distance 5 <= 5), read 0 mode Default
MOC-R4PCC04U05:725426:725552 [2] NCCL INFO GPU Direct RDMA Enabled for GPU 0 / HCA 1 (distance 5 <= 5), read 0 mode Default
MOC-R4PCC04U05:725426:725552 [2] NCCL INFO GPU Direct RDMA Enabled for GPU 1 / HCA 1 (distance 5 <= 5), read 0 mode Default
MOC-R4PCC04U05:725426:725552 [2] NCCL INFO GPU Direct RDMA Enabled for GPU 2 / HCA 1 (distance 5 <= 5), read 0 mode Default
MOC-R4PCC04U05:725426:725552 [2] NCCL INFO GPU Direct RDMA Enabled for GPU 3 / HCA 1 (distance 5 <= 5), read 0 mode Default
MOC-R4PCC04U05:725426:725552 [2] NCCL INFO GPU Direct RDMA Enabled for GPU 0 / HCA 1 (distance 5 <= 5), read 0 mode Default
MOC-R4PCC04U05:725426:725552 [2] NCCL INFO GPU Direct RDMA Enabled for GPU 1 / HCA 1 (distance 5 <= 5), read 0 mode Default
MOC-R4PCC04U05:725426:725552 [2] NCCL INFO GPU Direct RDMA Enabled for GPU 2 / HCA 1 (distance 5 <= 5), read 0 mode Default
MOC-R4PCC04U05:725426:725552 [2] NCCL INFO GPU Direct RDMA Enabled for GPU 3 / HCA 1 (distance 5 <= 5), read 0 mode Default
MOC-R4PCC04U05:725427:725550 [3] NCCL INFO GPU Direct RDMA Enabled for GPU 0 / HCA 1 (distance 5 <= 5), read 0 mode Default
MOC-R4PCC04U05:725427:725550 [3] NCCL INFO GPU Direct RDMA Enabled for GPU 1 / HCA 1 (distance 5 <= 5), read 0 mode Default
MOC-R4PCC04U05:725427:725550 [3] NCCL INFO GPU Direct RDMA Enabled for GPU 2 / HCA 1 (distance 5 <= 5), read 0 mode Default
MOC-R4PCC04U05:725427:725550 [3] NCCL INFO GPU Direct RDMA Enabled for GPU 3 / HCA 1 (distance 5 <= 5), read 0 mode Default
MOC-R4PCC04U05:725427:725550 [3] NCCL INFO GPU Direct RDMA Enabled for GPU 0 / HCA 1 (distance 5 <= 5), read 0 mode Default
MOC-R4PCC04U05:725427:725550 [3] NCCL INFO GPU Direct RDMA Enabled for GPU 1 / HCA 1 (distance 5 <= 5), read 0 mode Default
MOC-R4PCC04U05:725427:725550 [3] NCCL INFO GPU Direct RDMA Enabled for GPU 2 / HCA 1 (distance 5 <= 5), read 0 mode Default
MOC-R4PCC04U05:725427:725550 [3] NCCL INFO GPU Direct RDMA Enabled for GPU 3 / HCA 1 (distance 5 <= 5), read 0 mode Default
MOC-R4PCC04U05:725427:725565 [3] NCCL INFO New proxy recv connection 0 from local rank 3, transport 0
MOC-R4PCC04U05:725427:725640 [3] NCCL INFO Connected to proxy localRank 3 -> connection 0x7ff6b4004f30
MOC-R4PCC04U05:725427:725565 [3] NCCL INFO New proxy recv connection 1 from local rank 3, transport 0
MOC-R4PCC04U05:725427:725640 [3] NCCL INFO Connected to proxy localRank 3 -> connection 0x7ff6b4004fa8
MOC-R4PCC04U05:725427:725565 [3] NCCL INFO New proxy recv connection 2 from local rank 3, transport 0
MOC-R4PCC04U05:725427:725640 [3] NCCL INFO Connected to proxy localRank 3 -> connection 0x7ff6b4005020
MOC-R4PCC04U05:725427:725565 [3] NCCL INFO New proxy recv connection 3 from local rank 3, transport 0
MOC-R4PCC04U05:725427:725640 [3] NCCL INFO Connected to proxy localRank 3 -> connection 0x7ff6b4005098
MOC-R4PCC04U05:725427:725640 [3] NCCL INFO GPU Direct RDMA Enabled for GPU 3 / HCA 1 (distance 5 <= 5), read 1 mode Default
MOC-R4PCC04U05:725425:725567 [1] NCCL INFO New proxy recv connection 0 from local rank 1, transport 0
MOC-R4PCC04U05:725425:725641 [1] NCCL INFO Connected to proxy localRank 1 -> connection 0x7fa254004f30
MOC-R4PCC04U05:725424:725568 [0] NCCL INFO New proxy send connection 0 from local rank 0, transport 0
MOC-R4PCC04U05:725424:725642 [0] NCCL INFO Connected to proxy localRank 0 -> connection 0x7fa020004f30
MOC-R4PCC04U05:725425:725567 [1] NCCL INFO New proxy recv connection 1 from local rank 1, transport 0
MOC-R4PCC04U05:725425:725641 [1] NCCL INFO Connected to proxy localRank 1 -> connection 0x7fa254004fa8
MOC-R4PCC04U05:725424:725568 [0] NCCL INFO New proxy send connection 1 from local rank 0, transport 0
MOC-R4PCC04U05:725424:725642 [0] NCCL INFO Connected to proxy localRank 0 -> connection 0x7fa020004fa8
MOC-R4PCC04U05:725425:725567 [1] NCCL INFO New proxy recv connection 2 from local rank 1, transport 0
MOC-R4PCC04U05:725424:725568 [0] NCCL INFO New proxy send connection 2 from local rank 0, transport 0
MOC-R4PCC04U05:725425:725641 [1] NCCL INFO Connected to proxy localRank 1 -> connection 0x7fa254005020
MOC-R4PCC04U05:725424:725642 [0] NCCL INFO Connected to proxy localRank 0 -> connection 0x7fa020005020
MOC-R4PCC04U05:725426:725643 [2] NCCL INFO GPU Direct RDMA Enabled for GPU 2 / HCA 1 (distance 5 <= 5), read 0 mode Default
MOC-R4PCC04U05:725425:725567 [1] NCCL INFO New proxy recv connection 3 from local rank 1, transport 0
MOC-R4PCC04U05:725424:725568 [0] NCCL INFO New proxy send connection 3 from local rank 0, transport 0
MOC-R4PCC04U05:725425:725641 [1] NCCL INFO Connected to proxy localRank 1 -> connection 0x7fa254005098
MOC-R4PCC04U05:725424:725642 [0] NCCL INFO Connected to proxy localRank 0 -> connection 0x7fa020005098
MOC-R4PCC04U05:725425:725567 [1] NCCL INFO New proxy send connection 4 from local rank 1, transport 0
MOC-R4PCC04U05:725425:725641 [1] NCCL INFO Connected to proxy localRank 1 -> connection 0x7fa254005110
MOC-R4PCC04U05:725425:725567 [1] NCCL INFO New proxy send connection 5 from local rank 1, transport 0
MOC-R4PCC04U05:725425:725641 [1] NCCL INFO Connected to proxy localRank 1 -> connection 0x7fa254005188
MOC-R4PCC04U05:725425:725567 [1] NCCL INFO New proxy send connection 6 from local rank 1, transport 0
MOC-R4PCC04U05:725425:725641 [1] NCCL INFO Connected to proxy localRank 1 -> connection 0x7fa254005200
MOC-R4PCC04U05:725425:725567 [1] NCCL INFO New proxy send connection 7 from local rank 1, transport 0
MOC-R4PCC04U05:725425:725641 [1] NCCL INFO Connected to proxy localRank 1 -> connection 0x7fa254005278
MOC-R4PCC04U05:725426:725570 [2] NCCL INFO New proxy send connection 0 from local rank 3, transport 2
MOC-R4PCC04U05:725426:725570 [2] NCCL INFO New proxy recv connection 1 from local rank 2, transport 2
MOC-R4PCC04U05:725427:725640 [3] NCCL INFO Connected to proxy localRank 2 -> connection 0x7fb418004f30
MOC-R4PCC04U05:725427:725640 [3] NCCL INFO Channel 00/0 : 3[3] -> 6[2] [send] via NET/IB/1(2)/GDRDMA
MOC-R4PCC04U05:725427:725640 [3] NCCL INFO GPU Direct RDMA Enabled for GPU 3 / HCA 1 (distance 5 <= 5), read 1 mode Default
MOC-R4PCC04U05:725426:725643 [2] NCCL INFO Connected to proxy localRank 2 -> connection 0x7fb418004fa8
MOC-R4PCC04U05:725426:725570 [2] NCCL INFO New proxy send connection 2 from local rank 3, transport 2
MOC-R4PCC04U05:725427:725640 [3] NCCL INFO Connected to proxy localRank 2 -> connection 0x7fb418005020
MOC-R4PCC04U05:725426:725643 [2] NCCL INFO Channel 00/0 : 15[3] -> 2[2] [receive] via NET/IB/1/GDRDMA
MOC-R4PCC04U05:725426:725643 [2] NCCL INFO GPU Direct RDMA Enabled for GPU 2 / HCA 1 (distance 5 <= 5), read 0 mode Default
MOC-R4PCC04U05:725427:725640 [3] NCCL INFO Channel 01/0 : 3[3] -> 6[2] [send] via NET/IB/1(2)/GDRDMA
MOC-R4PCC04U05:725427:725640 [3] NCCL INFO GPU Direct RDMA Enabled for GPU 3 / HCA 1 (distance 5 <= 5), read 1 mode Default
MOC-R4PCC04U05:725426:725570 [2] NCCL INFO New proxy send connection 3 from local rank 3, transport 2
MOC-R4PCC04U05:725427:725640 [3] NCCL INFO Connected to proxy localRank 2 -> connection 0x7fb418005098
MOC-R4PCC04U05:725426:725570 [2] NCCL INFO New proxy recv connection 4 from local rank 2, transport 2
MOC-R4PCC04U05:725426:725643 [2] NCCL INFO Connected to proxy localRank 2 -> connection 0x7fb418005110
MOC-R4PCC04U05:725427:725640 [3] NCCL INFO Channel 02/0 : 3[3] -> 6[2] [send] via NET/IB/1(2)/GDRDMA
MOC-R4PCC04U05:725427:725640 [3] NCCL INFO GPU Direct RDMA Enabled for GPU 3 / HCA 1 (distance 5 <= 5), read 1 mode Default
MOC-R4PCC04U05:725426:725643 [2] NCCL INFO Channel 01/0 : 15[3] -> 2[2] [receive] via NET/IB/1/GDRDMA
MOC-R4PCC04U05:725426:725643 [2] NCCL INFO GPU Direct RDMA Enabled for GPU 2 / HCA 1 (distance 5 <= 5), read 0 mode Default
MOC-R4PCC04U05:725426:725570 [2] NCCL INFO New proxy send connection 5 from local rank 3, transport 2
MOC-R4PCC04U05:725427:725640 [3] NCCL INFO Connected to proxy localRank 2 -> connection 0x7fb418005188
MOC-R4PCC04U05:725426:725570 [2] NCCL INFO New proxy recv connection 6 from local rank 2, transport 2
MOC-R4PCC04U05:725426:725643 [2] NCCL INFO Connected to proxy localRank 2 -> connection 0x7fb418005200
MOC-R4PCC04U05:725427:725640 [3] NCCL INFO Channel 03/0 : 3[3] -> 6[2] [send] via NET/IB/1(2)/GDRDMA
MOC-R4PCC04U05:725426:725643 [2] NCCL INFO Channel 02/0 : 15[3] -> 2[2] [receive] via NET/IB/1/GDRDMA
MOC-R4PCC04U05:725426:725643 [2] NCCL INFO GPU Direct RDMA Enabled for GPU 2 / HCA 1 (distance 5 <= 5), read 0 mode Default
MOC-R4PCC04U05:725426:725570 [2] NCCL INFO New proxy recv connection 7 from local rank 2, transport 2
MOC-R4PCC04U05:725426:725643 [2] NCCL INFO Connected to proxy localRank 2 -> connection 0x7fb418005278
MOC-R4PCC04U05:725426:725643 [2] NCCL INFO Channel 03/0 : 15[3] -> 2[2] [receive] via NET/IB/1/GDRDMA
MOC-R4PCC04U05:725424:725568 [0] NCCL INFO New proxy recv connection 4 from local rank 0, transport 0
MOC-R4PCC04U05:725424:725642 [0] NCCL INFO Connected to proxy localRank 0 -> connection 0x7fa020005110
MOC-R4PCC04U05:725424:725568 [0] NCCL INFO New proxy recv connection 5 from local rank 0, transport 0
MOC-R4PCC04U05:725424:725642 [0] NCCL INFO Connected to proxy localRank 0 -> connection 0x7fa020005188
MOC-R4PCC04U05:725424:725568 [0] NCCL INFO New proxy send connection 6 from local rank 3, transport 0
MOC-R4PCC04U05:725427:725640 [3] NCCL INFO Connected to proxy localRank 0 -> connection 0x7fa020005200
MOC-R4PCC04U05:725424:725568 [0] NCCL INFO New proxy recv connection 7 from local rank 0, transport 0
MOC-R4PCC04U05:725424:725642 [0] NCCL INFO Connected to proxy localRank 0 -> connection 0x7fa020005278
MOC-R4PCC04U05:725424:725568 [0] NCCL INFO New proxy recv connection 8 from local rank 0, transport 0
MOC-R4PCC04U05:725424:725642 [0] NCCL INFO Connected to proxy localRank 0 -> connection 0x7fa0200052f0
MOC-R4PCC04U05:725426:725570 [2] NCCL INFO New proxy send connection 8 from local rank 2, transport 0
MOC-R4PCC04U05:725426:725643 [2] NCCL INFO Connected to proxy localRank 2 -> connection 0x7fb4180052f0
MOC-R4PCC04U05:725427:725565 [3] NCCL INFO New proxy send connection 4 from local rank 0, transport 0
MOC-R4PCC04U05:725424:725642 [0] NCCL INFO Connected to proxy localRank 3 -> connection 0x7ff6b4005110
MOC-R4PCC04U05:725426:725570 [2] NCCL INFO New proxy send connection 9 from local rank 2, transport 0
MOC-R4PCC04U05:725426:725643 [2] NCCL INFO Connected to proxy localRank 2 -> connection 0x7fb418005368
MOC-R4PCC04U05:725426:725570 [2] NCCL INFO New proxy send connection 10 from local rank 2, transport 0
MOC-R4PCC04U05:725426:725643 [2] NCCL INFO Connected to proxy localRank 2 -> connection 0x7fb4180053e0
MOC-R4PCC04U05:725426:725570 [2] NCCL INFO New proxy send connection 11 from local rank 2, transport 0
MOC-R4PCC04U05:725426:725643 [2] NCCL INFO Connected to proxy localRank 2 -> connection 0x7fb418005458
MOC-R4PCC04U05:725424:725568 [0] NCCL INFO New proxy send connection 9 from local rank 1, transport 0
MOC-R4PCC04U05:725425:725641 [1] NCCL INFO Connected to proxy localRank 0 -> connection 0x7fa020005368
MOC-R4PCC04U05:725425:725567 [1] NCCL INFO New proxy send connection 8 from local rank 2, transport 0
MOC-R4PCC04U05:725426:725643 [2] NCCL INFO Connected to proxy localRank 1 -> connection 0x7fa2540052f0
MOC-R4PCC04U05:725425:725567 [1] NCCL INFO New proxy send connection 9 from local rank 0, transport 0
MOC-R4PCC04U05:725424:725642 [0] NCCL INFO Connected to proxy localRank 1 -> connection 0x7fa254005368
MOC-R4PCC04U05:725426:725570 [2] NCCL INFO New proxy send connection 12 from local rank 1, transport 0
MOC-R4PCC04U05:725425:725641 [1] NCCL INFO Connected to proxy localRank 2 -> connection 0x7fb4180054d0
MOC-R4PCC04U05:725426:725570 [2] NCCL INFO NET/IB: NCCL Dev 1 IbDev 0 Port 1 qpn 11960 mtu 3 query_ece={supported=1, vendor_id=0x15b3, options=0x30000002, comp_mask=0x0} GID 3 (0/C132A8C0FFFF0000) fifoRkey=0x170bca fifoLkey=0x170bca
MOC-R4PCC04U05:725426:725570 [2] NCCL INFO NET/IB: NCCL Dev 1 IbDev 0 Port 1 qpn 11961 mtu 3 query_ece={supported=1, vendor_id=0x15b3, options=0x30000002, comp_mask=0x0} GID 3 (0/C132A8C0FFFF0000) fifoRkey=0x17d796 fifoLkey=0x17d796
MOC-R4PCC04U05:725426:725570 [2] NCCL INFO NET/IB: NCCL Dev 1 IbDev 0 Port 1 qpn 11962 mtu 3 query_ece={supported=1, vendor_id=0x15b3, options=0x30000002, comp_mask=0x0} GID 3 (0/C132A8C0FFFF0000) fifoRkey=0x173af9 fifoLkey=0x173af9
MOC-R4PCC04U05:725426:725570 [2] NCCL INFO NET/IB: NCCL Dev 1 IbDev 0 Port 1 qpn 11963 mtu 3 query_ece={supported=1, vendor_id=0x15b3, options=0x30000002, comp_mask=0x0} GID 3 (0/C132A8C0FFFF0000) fifoRkey=0x17dc9b fifoLkey=0x17dc9b
MOC-R4PCC04U05:725426:725570 [2] NCCL INFO NET/IB: IbDev 0 Port 1 qpn 12435 set_ece={supported=1, vendor_id=0x15b3, options=0x0, comp_mask=0x0}
MOC-R4PCC04U05:725426:725570 [2] NCCL INFO NET/IB: IbDev 0 Port 1 qpn 12437 set_ece={supported=1, vendor_id=0x15b3, options=0x0, comp_mask=0x0}
MOC-R4PCC04U05:725426:725570 [2] NCCL INFO NET/IB: IbDev 0 Port 1 qpn 12439 set_ece={supported=1, vendor_id=0x15b3, options=0x0, comp_mask=0x0}
MOC-R4PCC04U05:725426:725570 [2] NCCL INFO NET/IB: IbDev 0 Port 1 qpn 12441 set_ece={supported=1, vendor_id=0x15b3, options=0x0, comp_mask=0x0}
MOC-R4PCC04U05:725426:725570 [2] NCCL INFO New proxy send connection 13 from local rank 3, transport 0
MOC-R4PCC04U05:725427:725640 [3] NCCL INFO Connected to proxy localRank 2 -> connection 0x7fb418005548
num decayed parameter tensors: 50, with 124,318,464 parameters
num non-decayed parameter tensors: 98, with 121,344 parameters
using fused AdamW: False
using regular AdamW
MOC-R4PCC04U05:725427:725565 [3] NCCL INFO New proxy recv connection 5 from local rank 3, transport 0
MOC-R4PCC04U05:725427:726266 [3] NCCL INFO Connected to proxy localRank 3 -> connection 0x7ff6b4005188
MOC-R4PCC04U05:725427:725565 [3] NCCL INFO New proxy recv connection 6 from local rank 3, transport 0
MOC-R4PCC04U05:725427:726266 [3] NCCL INFO Connected to proxy localRank 3 -> connection 0x7ff6b4005200
MOC-R4PCC04U05:725427:725565 [3] NCCL INFO New proxy recv connection 7 from local rank 3, transport 0
MOC-R4PCC04U05:725427:726266 [3] NCCL INFO Connected to proxy localRank 3 -> connection 0x7ff6b4005278
MOC-R4PCC04U05:725427:725565 [3] NCCL INFO New proxy recv connection 8 from local rank 3, transport 0
MOC-R4PCC04U05:725427:726266 [3] NCCL INFO Connected to proxy localRank 3 -> connection 0x7ff6b40052f0
MOC-R4PCC04U05:725424:725568 [0] NCCL INFO New proxy send connection 10 from local rank 0, transport 0
MOC-R4PCC04U05:725424:726267 [0] NCCL INFO Connected to proxy localRank 0 -> connection 0x7fa0200053e0
MOC-R4PCC04U05:725424:725568 [0] NCCL INFO New proxy send connection 11 from local rank 0, transport 0
MOC-R4PCC04U05:725424:726267 [0] NCCL INFO Connected to proxy localRank 0 -> connection 0x7fa020005458
MOC-R4PCC04U05:725424:725568 [0] NCCL INFO New proxy send connection 12 from local rank 0, transport 0
MOC-R4PCC04U05:725424:726267 [0] NCCL INFO Connected to proxy localRank 0 -> connection 0x7fa0200054d0
MOC-R4PCC04U05:725424:725568 [0] NCCL INFO New proxy send connection 13 from local rank 0, transport 0
MOC-R4PCC04U05:725424:726267 [0] NCCL INFO Connected to proxy localRank 0 -> connection 0x7fa020005548
MOC-R4PCC04U05:725425:725567 [1] NCCL INFO New proxy recv connection 10 from local rank 1, transport 0
MOC-R4PCC04U05:725425:726268 [1] NCCL INFO Connected to proxy localRank 1 -> connection 0x7fa2540053e0
MOC-R4PCC04U05:725425:725567 [1] NCCL INFO New proxy recv connection 11 from local rank 1, transport 0
MOC-R4PCC04U05:725425:726268 [1] NCCL INFO Connected to proxy localRank 1 -> connection 0x7fa254005458
MOC-R4PCC04U05:725425:725567 [1] NCCL INFO New proxy recv connection 12 from local rank 1, transport 0
MOC-R4PCC04U05:725425:726268 [1] NCCL INFO Connected to proxy localRank 1 -> connection 0x7fa2540054d0
MOC-R4PCC04U05:725425:725567 [1] NCCL INFO New proxy recv connection 13 from local rank 1, transport 0
MOC-R4PCC04U05:725425:726268 [1] NCCL INFO Connected to proxy localRank 1 -> connection 0x7fa254005548
MOC-R4PCC04U05:725424:725568 [0] NCCL INFO New proxy recv connection 14 from local rank 0, transport 0
MOC-R4PCC04U05:725424:726267 [0] NCCL INFO Connected to proxy localRank 0 -> connection 0x7fa0200055c0
MOC-R4PCC04U05:725426:725570 [2] NCCL INFO New proxy send connection 14 from local rank 2, transport 0
MOC-R4PCC04U05:725426:726269 [2] NCCL INFO Connected to proxy localRank 2 -> connection 0x7fb4180055c0
MOC-R4PCC04U05:725424:725568 [0] NCCL INFO New proxy recv connection 15 from local rank 0, transport 0
MOC-R4PCC04U05:725424:726267 [0] NCCL INFO Connected to proxy localRank 0 -> connection 0x7fa020005638
MOC-R4PCC04U05:725426:725570 [2] NCCL INFO New proxy send connection 15 from local rank 2, transport 0
MOC-R4PCC04U05:725426:726269 [2] NCCL INFO Connected to proxy localRank 2 -> connection 0x7fb418005638
MOC-R4PCC04U05:725424:725568 [0] NCCL INFO New proxy recv connection 16 from local rank 0, transport 0
MOC-R4PCC04U05:725424:726267 [0] NCCL INFO Connected to proxy localRank 0 -> connection 0x7fa0200056b0
MOC-R4PCC04U05:725424:725568 [0] NCCL INFO New proxy recv connection 17 from local rank 0, transport 0
MOC-R4PCC04U05:725426:725570 [2] NCCL INFO New proxy send connection 16 from local rank 2, transport 0
MOC-R4PCC04U05:725424:726267 [0] NCCL INFO Connected to proxy localRank 0 -> connection 0x7fa020005728
MOC-R4PCC04U05:725426:726269 [2] NCCL INFO Connected to proxy localRank 2 -> connection 0x7fb4180056b0
MOC-R4PCC04U05:725426:725570 [2] NCCL INFO New proxy send connection 17 from local rank 2, transport 0
MOC-R4PCC04U05:725426:726269 [2] NCCL INFO Connected to proxy localRank 2 -> connection 0x7fb418005728
MOC-R4PCC04U05:725426:726269 [2] NCCL INFO GPU Direct RDMA Enabled for GPU 2 / HCA 1 (distance 5 <= 5), read 1 mode Default
MOC-R4PCC04U05:725427:725565 [3] NCCL INFO New proxy send connection 9 from local rank 3, transport 0
MOC-R4PCC04U05:725426:725570 [2] NCCL INFO New proxy send connection 18 from local rank 2, transport 2
MOC-R4PCC04U05:725427:726266 [3] NCCL INFO Connected to proxy localRank 3 -> connection 0x7ff6b4005368
MOC-R4PCC04U05:725426:726269 [2] NCCL INFO Connected to proxy localRank 2 -> connection 0x7fb4180057a0
MOC-R4PCC04U05:725426:726269 [2] NCCL INFO Channel 02/0 : 2[2] -> 6[2] [send] via NET/IB/1/GDRDMA
MOC-R4PCC04U05:725426:726269 [2] NCCL INFO GPU Direct RDMA Enabled for GPU 2 / HCA 1 (distance 5 <= 5), read 1 mode Default
MOC-R4PCC04U05:725426:725570 [2] NCCL INFO New proxy send connection 19 from local rank 2, transport 2
MOC-R4PCC04U05:725426:726269 [2] NCCL INFO Connected to proxy localRank 2 -> connection 0x7fb418005818
MOC-R4PCC04U05:725426:726269 [2] NCCL INFO Channel 03/0 : 2[2] -> 6[2] [send] via NET/IB/1/GDRDMA
MOC-R4PCC04U05:725427:725565 [3] NCCL INFO New proxy send connection 10 from local rank 3, transport 0
MOC-R4PCC04U05:725427:726266 [3] NCCL INFO Connected to proxy localRank 3 -> connection 0x7ff6b40053e0
MOC-R4PCC04U05:725427:725565 [3] NCCL INFO New proxy send connection 11 from local rank 3, transport 0
MOC-R4PCC04U05:725427:726266 [3] NCCL INFO Connected to proxy localRank 3 -> connection 0x7ff6b4005458
MOC-R4PCC04U05:725427:725565 [3] NCCL INFO New proxy send connection 12 from local rank 3, transport 0
MOC-R4PCC04U05:725427:726266 [3] NCCL INFO Connected to proxy localRank 3 -> connection 0x7ff6b40054d0
MOC-R4PCC04U05:725427:725565 [3] NCCL INFO New proxy send connection 13 from local rank 3, transport 0
MOC-R4PCC04U05:725427:726266 [3] NCCL INFO Connected to proxy localRank 3 -> connection 0x7ff6b4005548
MOC-R4PCC04U05:725427:725565 [3] NCCL INFO New proxy send connection 14 from local rank 3, transport 0
MOC-R4PCC04U05:725427:726266 [3] NCCL INFO Connected to proxy localRank 3 -> connection 0x7ff6b40055c0
MOC-R4PCC04U05:725427:725565 [3] NCCL INFO New proxy send connection 15 from local rank 3, transport 0
MOC-R4PCC04U05:725427:726266 [3] NCCL INFO Connected to proxy localRank 3 -> connection 0x7ff6b4005638
MOC-R4PCC04U05:725427:725565 [3] NCCL INFO New proxy send connection 16 from local rank 3, transport 0
MOC-R4PCC04U05:725427:726266 [3] NCCL INFO Connected to proxy localRank 3 -> connection 0x7ff6b40056b0
MOC-R4PCC04U05:725426:726269 [2] NCCL INFO GPU Direct RDMA Enabled for GPU 2 / HCA 1 (distance 5 <= 5), read 0 mode Default
MOC-R4PCC04U05:725426:725570 [2] NCCL INFO New proxy recv connection 20 from local rank 2, transport 2
MOC-R4PCC04U05:725426:726269 [2] NCCL INFO Connected to proxy localRank 2 -> connection 0x7fb418005890
MOC-R4PCC04U05:725426:726269 [2] NCCL INFO Channel 00/0 : 10[2] -> 2[2] [receive] via NET/IB/1/GDRDMA
MOC-R4PCC04U05:725426:726269 [2] NCCL INFO GPU Direct RDMA Enabled for GPU 2 / HCA 1 (distance 5 <= 5), read 0 mode Default
MOC-R4PCC04U05:725426:725570 [2] NCCL INFO New proxy recv connection 21 from local rank 2, transport 2
MOC-R4PCC04U05:725426:726269 [2] NCCL INFO Connected to proxy localRank 2 -> connection 0x7fb418005908
MOC-R4PCC04U05:725426:726269 [2] NCCL INFO Channel 01/0 : 10[2] -> 2[2] [receive] via NET/IB/1/GDRDMA
MOC-R4PCC04U05:725426:726269 [2] NCCL INFO GPU Direct RDMA Enabled for GPU 2 / HCA 1 (distance 5 <= 5), read 1 mode Default
MOC-R4PCC04U05:725426:725570 [2] NCCL INFO New proxy send connection 22 from local rank 2, transport 2
MOC-R4PCC04U05:725426:726269 [2] NCCL INFO Connected to proxy localRank 2 -> connection 0x7fb418005980
MOC-R4PCC04U05:725426:726269 [2] NCCL INFO Channel 00/0 : 2[2] -> 10[2] [send] via NET/IB/1/GDRDMA
MOC-R4PCC04U05:725426:726269 [2] NCCL INFO GPU Direct RDMA Enabled for GPU 2 / HCA 1 (distance 5 <= 5), read 1 mode Default
MOC-R4PCC04U05:725426:725570 [2] NCCL INFO New proxy send connection 23 from local rank 2, transport 2
MOC-R4PCC04U05:725426:726269 [2] NCCL INFO Connected to proxy localRank 2 -> connection 0x7fb4180059f8
MOC-R4PCC04U05:725426:726269 [2] NCCL INFO Channel 01/0 : 2[2] -> 10[2] [send] via NET/IB/1/GDRDMA
MOC-R4PCC04U05:725426:726269 [2] NCCL INFO GPU Direct RDMA Enabled for GPU 2 / HCA 1 (distance 5 <= 5), read 0 mode Default
MOC-R4PCC04U05:725426:725570 [2] NCCL INFO New proxy recv connection 24 from local rank 2, transport 2
MOC-R4PCC04U05:725426:726269 [2] NCCL INFO Connected to proxy localRank 2 -> connection 0x7fb418005a70
MOC-R4PCC04U05:725426:726269 [2] NCCL INFO Channel 02/0 : 6[2] -> 2[2] [receive] via NET/IB/1/GDRDMA
MOC-R4PCC04U05:725426:726269 [2] NCCL INFO GPU Direct RDMA Enabled for GPU 2 / HCA 1 (distance 5 <= 5), read 0 mode Default
MOC-R4PCC04U05:725426:725570 [2] NCCL INFO New proxy recv connection 25 from local rank 2, transport 2
MOC-R4PCC04U05:725426:726269 [2] NCCL INFO Connected to proxy localRank 2 -> connection 0x7fb418005ae8
MOC-R4PCC04U05:725426:726269 [2] NCCL INFO Channel 03/0 : 6[2] -> 2[2] [receive] via NET/IB/1/GDRDMA
MOC-R4PCC04U05:725426:725570 [2] NCCL INFO New proxy recv connection 26 from local rank 2, transport 0
MOC-R4PCC04U05:725426:726269 [2] NCCL INFO Connected to proxy localRank 2 -> connection 0x7fb418005b60
MOC-R4PCC04U05:725426:725570 [2] NCCL INFO New proxy recv connection 27 from local rank 2, transport 0
MOC-R4PCC04U05:725426:726269 [2] NCCL INFO Connected to proxy localRank 2 -> connection 0x7fb418005bd8
MOC-R4PCC04U05:725426:725570 [2] NCCL INFO New proxy recv connection 28 from local rank 2, transport 0
MOC-R4PCC04U05:725426:726269 [2] NCCL INFO Connected to proxy localRank 2 -> connection 0x7fb418005c50
MOC-R4PCC04U05:725426:725570 [2] NCCL INFO New proxy recv connection 29 from local rank 2, transport 0
MOC-R4PCC04U05:725426:726269 [2] NCCL INFO Connected to proxy localRank 2 -> connection 0x7fb418005cc8
MOC-R4PCC04U05:725427:725565 [3] NCCL INFO New proxy send connection 17 from local rank 2, transport 0
MOC-R4PCC04U05:725426:726269 [2] NCCL INFO Connected to proxy localRank 3 -> connection 0x7ff6b4005728
MOC-R4PCC04U05:725426:725570 [2] NCCL INFO NET/IB: NCCL Dev 1 IbDev 0 Port 1 qpn 11966 mtu 3 query_ece={supported=1, vendor_id=0x15b3, options=0x30000002, comp_mask=0x0} GID 3 (0/C132A8C0FFFF0000) fifoRkey=0x1722e1 fifoLkey=0x1722e1
MOC-R4PCC04U05:725426:725570 [2] NCCL INFO NET/IB: NCCL Dev 1 IbDev 0 Port 1 qpn 11967 mtu 3 query_ece={supported=1, vendor_id=0x15b3, options=0x30000002, comp_mask=0x0} GID 3 (0/C132A8C0FFFF0000) fifoRkey=0x172eed fifoLkey=0x172eed
MOC-R4PCC04U05:725426:725570 [2] NCCL INFO NET/IB: IbDev 0 Port 1 qpn 12446 set_ece={supported=1, vendor_id=0x15b3, options=0x0, comp_mask=0x0}
MOC-R4PCC04U05:725426:725570 [2] NCCL INFO NET/IB: IbDev 0 Port 1 qpn 12448 set_ece={supported=1, vendor_id=0x15b3, options=0x0, comp_mask=0x0}
MOC-R4PCC04U05:725426:725570 [2] NCCL INFO NET/IB: NCCL Dev 1 IbDev 0 Port 1 qpn 11968 mtu 3 query_ece={supported=1, vendor_id=0x15b3, options=0x30000002, comp_mask=0x0} GID 3 (0/C132A8C0FFFF0000) fifoRkey=0x17904f fifoLkey=0x17904f
MOC-R4PCC04U05:725426:725570 [2] NCCL INFO NET/IB: NCCL Dev 1 IbDev 0 Port 1 qpn 11969 mtu 3 query_ece={supported=1, vendor_id=0x15b3, options=0x30000002, comp_mask=0x0} GID 3 (0/C132A8C0FFFF0000) fifoRkey=0x17e1a0 fifoLkey=0x17e1a0
MOC-R4PCC04U05:725426:725570 [2] NCCL INFO NET/IB: IbDev 0 Port 1 qpn 9900 set_ece={supported=1, vendor_id=0x15b3, options=0x0, comp_mask=0x0}
MOC-R4PCC04U05:725426:725570 [2] NCCL INFO NET/IB: IbDev 0 Port 1 qpn 9903 set_ece={supported=1, vendor_id=0x15b3, options=0x0, comp_mask=0x0}
step    1/10 | train loss 11.010114 | norm 15.2906 | lr 1.00e-04 | (14966.34 ms | 245218 tok/s)
step    2/10 | train loss 10.140850 | norm 5.7211 | lr 1.00e-04 | (648.87 ms | 5656013 tok/s)
step    3/10 | train loss 9.801554 | norm 2.5941 | lr 1.00e-04 | (615.29 ms | 5964724 tok/s)
step    4/10 | train loss 9.632924 | norm 2.0997 | lr 1.00e-04 | (601.12 ms | 6105307 tok/s)
step    5/10 | train loss 9.550361 | norm 2.0944 | lr 1.00e-04 | (668.44 ms | 5490442 tok/s)
step    6/10 | train loss 9.469851 | norm 1.9874 | lr 1.00e-04 | (601.56 ms | 6100840 tok/s)
step    7/10 | train loss 9.385084 | norm 1.9374 | lr 1.00e-04 | (600.08 ms | 6115926 tok/s)
step    8/10 | train loss 9.294356 | norm 1.9058 | lr 1.00e-04 | (602.54 ms | 6090879 tok/s)
step    9/10 | train loss 9.199843 | norm 1.8538 | lr 1.00e-04 | (610.34 ms | 6013072 tok/s)
step   10/10 | train loss 9.114296 | norm 1.7841 | lr 1.00e-04 | (618.56 ms | 5933162 tok/s)
final 9 iters avg: 618.532ms
peak memory consumption: 16601 MiB
