Running pytorch 2.7.0+cu126
using device: cuda:0
total desired batch size: 786432
=> calculated gradient accumulation steps: 2
using device: cuda:3
using device: cuda:2
using device: cuda:1
compiling the model...
DataLoader: total number of tokens: 1,661,249,667 across 103 files
MOC-R4PCC04U05:570440:570440 [0] NCCL INFO NCCL_SOCKET_IFNAME set to eno7np0
MOC-R4PCC04U05:570440:570440 [0] NCCL INFO NCCL version 2.26.2+cuda12.2
MOC-R4PCC04U05:570440:570544 [0] NCCL INFO NET/Plugin: Could not find: libnccl-net.so. Using internal net plugin.
MOC-R4PCC04U05:570440:570544 [0] NCCL INFO NCCL_IB_HCA set to mlx5_5
MOC-R4PCC04U05:570443:570443 [3] NCCL INFO NCCL_SOCKET_IFNAME set to eno7np0
MOC-R4PCC04U05:570443:570443 [3] NCCL INFO NCCL version 2.26.2+cuda12.2
MOC-R4PCC04U05:570440:570544 [0] NCCL INFO NET/IB : Made virtual device [0] name=mlx5_5 speed=400000 ndevs=1
MOC-R4PCC04U05:570440:570544 [0] NCCL INFO NET/IB : Using [0]mlx5_5:1/RoCE [RO]; OOB eno7np0:192.168.50.193<0>
MOC-R4PCC04U05:570442:570442 [2] NCCL INFO NCCL_SOCKET_IFNAME set to eno7np0
MOC-R4PCC04U05:570442:570442 [2] NCCL INFO NCCL version 2.26.2+cuda12.2
MOC-R4PCC04U05:570441:570441 [1] NCCL INFO NCCL_SOCKET_IFNAME set to eno7np0
MOC-R4PCC04U05:570441:570441 [1] NCCL INFO NCCL version 2.26.2+cuda12.2
MOC-R4PCC04U05:570443:570559 [3] NCCL INFO NET/Plugin: Could not find: libnccl-net.so. Using internal net plugin.
MOC-R4PCC04U05:570443:570559 [3] NCCL INFO NCCL_IB_HCA set to mlx5_5
MOC-R4PCC04U05:570442:570568 [2] NCCL INFO NET/Plugin: Could not find: libnccl-net.so. Using internal net plugin.
MOC-R4PCC04U05:570442:570568 [2] NCCL INFO NCCL_IB_HCA set to mlx5_5
MOC-R4PCC04U05:570443:570559 [3] NCCL INFO NET/IB : Made virtual device [0] name=mlx5_5 speed=400000 ndevs=1
MOC-R4PCC04U05:570443:570559 [3] NCCL INFO NET/IB : Using [0]mlx5_5:1/RoCE [RO]; OOB eno7np0:192.168.50.193<0>
MOC-R4PCC04U05:570442:570568 [2] NCCL INFO NET/IB : Made virtual device [0] name=mlx5_5 speed=400000 ndevs=1
MOC-R4PCC04U05:570442:570568 [2] NCCL INFO NET/IB : Using [0]mlx5_5:1/RoCE [RO]; OOB eno7np0:192.168.50.193<0>
MOC-R4PCC04U05:570441:570569 [1] NCCL INFO NET/Plugin: Could not find: libnccl-net.so. Using internal net plugin.
MOC-R4PCC04U05:570441:570569 [1] NCCL INFO NCCL_IB_HCA set to mlx5_5
MOC-R4PCC04U05:570441:570569 [1] NCCL INFO NET/IB : Made virtual device [0] name=mlx5_5 speed=400000 ndevs=1
MOC-R4PCC04U05:570441:570569 [1] NCCL INFO NET/IB : Using [0]mlx5_5:1/RoCE [RO]; OOB eno7np0:192.168.50.193<0>
MOC-R4PCC04U05:570442:570568 [2] NCCL INFO NET/IB : GPU Direct RDMA Enabled for HCA 0 'mlx5_5'
MOC-R4PCC04U05:570442:570568 [2] NCCL INFO NET/IB : Made virtual device [1] name=mlx5_5 speed=400000 ndevs=1
MOC-R4PCC04U05:570442:570568 [2] NCCL INFO NET/IB : GPU Direct RDMA Enabled for HCA 0 'mlx5_5'
MOC-R4PCC04U05:570442:570568 [2] NCCL INFO NET/IB : GPU Direct RDMA Enabled for HCA 1 'mlx5_5'
MOC-R4PCC04U05:570443:570559 [3] NCCL INFO NET/IB : GPU Direct RDMA Enabled for HCA 0 'mlx5_5'
MOC-R4PCC04U05:570443:570559 [3] NCCL INFO NET/IB : Made virtual device [1] name=mlx5_5 speed=400000 ndevs=1
MOC-R4PCC04U05:570443:570559 [3] NCCL INFO NET/IB : GPU Direct RDMA Enabled for HCA 0 'mlx5_5'
MOC-R4PCC04U05:570443:570559 [3] NCCL INFO NET/IB : GPU Direct RDMA Enabled for HCA 1 'mlx5_5'
MOC-R4PCC04U05:570440:570544 [0] NCCL INFO NET/IB : GPU Direct RDMA Enabled for HCA 0 'mlx5_5'
MOC-R4PCC04U05:570440:570544 [0] NCCL INFO NET/IB : Made virtual device [1] name=mlx5_5 speed=400000 ndevs=1
MOC-R4PCC04U05:570440:570544 [0] NCCL INFO NET/IB : GPU Direct RDMA Enabled for HCA 0 'mlx5_5'
MOC-R4PCC04U05:570440:570544 [0] NCCL INFO NET/IB : GPU Direct RDMA Enabled for HCA 1 'mlx5_5'
MOC-R4PCC04U05:570441:570569 [1] NCCL INFO NET/IB : GPU Direct RDMA Enabled for HCA 0 'mlx5_5'
MOC-R4PCC04U05:570441:570569 [1] NCCL INFO NET/IB : Made virtual device [1] name=mlx5_5 speed=400000 ndevs=1
MOC-R4PCC04U05:570441:570569 [1] NCCL INFO NET/IB : GPU Direct RDMA Enabled for HCA 0 'mlx5_5'
MOC-R4PCC04U05:570441:570569 [1] NCCL INFO NET/IB : GPU Direct RDMA Enabled for HCA 1 'mlx5_5'
MOC-R4PCC04U05:570440:570544 [0] NCCL INFO NCCL_NET_GDR_LEVEL set by environment to LOC
MOC-R4PCC04U05:570440:570544 [0] NCCL INFO GPU Direct RDMA Disabled for GPU 0 / HCA 1 (distance 5 > 0)
MOC-R4PCC04U05:570440:570544 [0] NCCL INFO GPU Direct RDMA Disabled for GPU 1 / HCA 1 (distance 5 > 0)
MOC-R4PCC04U05:570440:570544 [0] NCCL INFO GPU Direct RDMA Disabled for GPU 2 / HCA 1 (distance 5 > 0)
MOC-R4PCC04U05:570440:570544 [0] NCCL INFO GPU Direct RDMA Disabled for GPU 0 / HCA 1 (distance 5 > 0)
MOC-R4PCC04U05:570440:570544 [0] NCCL INFO GPU Direct RDMA Disabled for GPU 1 / HCA 1 (distance 5 > 0)
MOC-R4PCC04U05:570440:570544 [0] NCCL INFO GPU Direct RDMA Disabled for GPU 2 / HCA 1 (distance 5 > 0)
MOC-R4PCC04U05:570441:570569 [1] NCCL INFO NCCL_NET_GDR_LEVEL set by environment to LOC
MOC-R4PCC04U05:570441:570569 [1] NCCL INFO GPU Direct RDMA Disabled for GPU 0 / HCA 1 (distance 5 > 0)
MOC-R4PCC04U05:570441:570569 [1] NCCL INFO GPU Direct RDMA Disabled for GPU 1 / HCA 1 (distance 5 > 0)
MOC-R4PCC04U05:570441:570569 [1] NCCL INFO GPU Direct RDMA Disabled for GPU 2 / HCA 1 (distance 5 > 0)
MOC-R4PCC04U05:570443:570559 [3] NCCL INFO NCCL_NET_GDR_LEVEL set by environment to LOC
MOC-R4PCC04U05:570443:570559 [3] NCCL INFO GPU Direct RDMA Disabled for GPU 0 / HCA 1 (distance 5 > 0)
MOC-R4PCC04U05:570443:570559 [3] NCCL INFO GPU Direct RDMA Disabled for GPU 1 / HCA 1 (distance 5 > 0)
MOC-R4PCC04U05:570443:570559 [3] NCCL INFO GPU Direct RDMA Disabled for GPU 2 / HCA 1 (distance 5 > 0)
MOC-R4PCC04U05:570441:570569 [1] NCCL INFO GPU Direct RDMA Disabled for GPU 0 / HCA 1 (distance 5 > 0)
MOC-R4PCC04U05:570441:570569 [1] NCCL INFO GPU Direct RDMA Disabled for GPU 1 / HCA 1 (distance 5 > 0)
MOC-R4PCC04U05:570441:570569 [1] NCCL INFO GPU Direct RDMA Disabled for GPU 2 / HCA 1 (distance 5 > 0)
MOC-R4PCC04U05:570443:570559 [3] NCCL INFO GPU Direct RDMA Disabled for GPU 0 / HCA 1 (distance 5 > 0)
MOC-R4PCC04U05:570443:570559 [3] NCCL INFO GPU Direct RDMA Disabled for GPU 1 / HCA 1 (distance 5 > 0)
MOC-R4PCC04U05:570443:570559 [3] NCCL INFO GPU Direct RDMA Disabled for GPU 2 / HCA 1 (distance 5 > 0)
MOC-R4PCC04U05:570442:570568 [2] NCCL INFO NCCL_NET_GDR_LEVEL set by environment to LOC
MOC-R4PCC04U05:570442:570568 [2] NCCL INFO GPU Direct RDMA Disabled for GPU 0 / HCA 1 (distance 5 > 0)
MOC-R4PCC04U05:570442:570568 [2] NCCL INFO GPU Direct RDMA Disabled for GPU 1 / HCA 1 (distance 5 > 0)
MOC-R4PCC04U05:570442:570568 [2] NCCL INFO GPU Direct RDMA Disabled for GPU 2 / HCA 1 (distance 5 > 0)
MOC-R4PCC04U05:570442:570568 [2] NCCL INFO GPU Direct RDMA Disabled for GPU 0 / HCA 1 (distance 5 > 0)
MOC-R4PCC04U05:570442:570568 [2] NCCL INFO GPU Direct RDMA Disabled for GPU 1 / HCA 1 (distance 5 > 0)
MOC-R4PCC04U05:570442:570568 [2] NCCL INFO GPU Direct RDMA Disabled for GPU 2 / HCA 1 (distance 5 > 0)
MOC-R4PCC04U05:570443:570578 [3] NCCL INFO New proxy recv connection 0 from local rank 3, transport 0
MOC-R4PCC04U05:570443:570588 [3] NCCL INFO Connected to proxy localRank 3 -> connection 0x7f62f8004f30
MOC-R4PCC04U05:570443:570578 [3] NCCL INFO New proxy recv connection 1 from local rank 3, transport 0
MOC-R4PCC04U05:570443:570588 [3] NCCL INFO Connected to proxy localRank 3 -> connection 0x7f62f8004fa8
MOC-R4PCC04U05:570443:570588 [3] NCCL INFO GPU Direct RDMA Disabled for GPU 3 / HCA 1 (distance 7 > 0)
MOC-R4PCC04U05:570442:570579 [2] NCCL INFO New proxy recv connection 0 from local rank 2, transport 0
MOC-R4PCC04U05:570442:570589 [2] NCCL INFO Connected to proxy localRank 2 -> connection 0x7f03f8004f30
MOC-R4PCC04U05:570441:570581 [1] NCCL INFO New proxy recv connection 0 from local rank 1, transport 0
MOC-R4PCC04U05:570441:570590 [1] NCCL INFO Connected to proxy localRank 1 -> connection 0x7f9008004f30
MOC-R4PCC04U05:570442:570579 [2] NCCL INFO New proxy recv connection 1 from local rank 2, transport 0
MOC-R4PCC04U05:570442:570589 [2] NCCL INFO Connected to proxy localRank 2 -> connection 0x7f03f8004fa8
MOC-R4PCC04U05:570440:570580 [0] NCCL INFO New proxy send connection 0 from local rank 0, transport 0
MOC-R4PCC04U05:570440:570591 [0] NCCL INFO Connected to proxy localRank 0 -> connection 0x7f87b0004f30
MOC-R4PCC04U05:570441:570581 [1] NCCL INFO New proxy recv connection 1 from local rank 1, transport 0
MOC-R4PCC04U05:570441:570590 [1] NCCL INFO Connected to proxy localRank 1 -> connection 0x7f9008004fa8
MOC-R4PCC04U05:570440:570580 [0] NCCL INFO New proxy send connection 1 from local rank 0, transport 0
MOC-R4PCC04U05:570440:570591 [0] NCCL INFO Connected to proxy localRank 0 -> connection 0x7f87b0004fa8
MOC-R4PCC04U05:570442:570589 [2] NCCL INFO GPU Direct RDMA Disabled for GPU 2 / HCA 1 (distance 7 > 0)
MOC-R4PCC04U05:570440:570580 [0] NCCL INFO New proxy send connection 2 from local rank 0, transport 0
MOC-R4PCC04U05:570440:570591 [0] NCCL INFO Connected to proxy localRank 0 -> connection 0x7f87b0005020
MOC-R4PCC04U05:570440:570580 [0] NCCL INFO New proxy send connection 3 from local rank 0, transport 0
MOC-R4PCC04U05:570440:570591 [0] NCCL INFO Connected to proxy localRank 0 -> connection 0x7f87b0005098
MOC-R4PCC04U05:570443:570578 [3] NCCL INFO New proxy send connection 2 from local rank 3, transport 2
MOC-R4PCC04U05:570443:570588 [3] NCCL INFO Connected to proxy localRank 3 -> connection 0x7f62f8005020
MOC-R4PCC04U05:570443:570588 [3] NCCL INFO Channel 00/0 : 3[3] -> 6[2] [send] via NET/IB/1
MOC-R4PCC04U05:570443:570588 [3] NCCL INFO GPU Direct RDMA Disabled for GPU 3 / HCA 1 (distance 7 > 0)
MOC-R4PCC04U05:570443:570578 [3] NCCL INFO New proxy send connection 3 from local rank 3, transport 2
MOC-R4PCC04U05:570443:570588 [3] NCCL INFO Connected to proxy localRank 3 -> connection 0x7f62f8005098
MOC-R4PCC04U05:570443:570588 [3] NCCL INFO Channel 02/0 : 3[3] -> 6[2] [send] via NET/IB/1
MOC-R4PCC04U05:570440:570580 [0] NCCL INFO New proxy recv connection 4 from local rank 0, transport 0
MOC-R4PCC04U05:570440:570591 [0] NCCL INFO Connected to proxy localRank 0 -> connection 0x7f87b0005110
MOC-R4PCC04U05:570440:570580 [0] NCCL INFO New proxy recv connection 5 from local rank 0, transport 0
MOC-R4PCC04U05:570440:570591 [0] NCCL INFO Connected to proxy localRank 0 -> connection 0x7f87b0005188
MOC-R4PCC04U05:570440:570580 [0] NCCL INFO New proxy recv connection 6 from local rank 0, transport 0
MOC-R4PCC04U05:570440:570591 [0] NCCL INFO Connected to proxy localRank 0 -> connection 0x7f87b0005200
MOC-R4PCC04U05:570440:570580 [0] NCCL INFO New proxy recv connection 7 from local rank 0, transport 0
MOC-R4PCC04U05:570440:570591 [0] NCCL INFO Connected to proxy localRank 0 -> connection 0x7f87b0005278
MOC-R4PCC04U05:570442:570579 [2] NCCL INFO New proxy recv connection 2 from local rank 2, transport 2
MOC-R4PCC04U05:570442:570589 [2] NCCL INFO Connected to proxy localRank 2 -> connection 0x7f03f8005020
MOC-R4PCC04U05:570442:570589 [2] NCCL INFO Channel 00/0 : 11[3] -> 2[2] [receive] via NET/IB/1
MOC-R4PCC04U05:570442:570589 [2] NCCL INFO GPU Direct RDMA Disabled for GPU 2 / HCA 1 (distance 7 > 0)
MOC-R4PCC04U05:570442:570579 [2] NCCL INFO New proxy recv connection 3 from local rank 2, transport 2
MOC-R4PCC04U05:570442:570589 [2] NCCL INFO Connected to proxy localRank 2 -> connection 0x7f03f8005098
MOC-R4PCC04U05:570442:570589 [2] NCCL INFO Channel 02/0 : 11[3] -> 2[2] [receive] via NET/IB/1
MOC-R4PCC04U05:570442:570589 [2] NCCL INFO GPU Direct RDMA Disabled for GPU 2 / HCA 1 (distance 7 > 0)
MOC-R4PCC04U05:570442:570579 [2] NCCL INFO New proxy send connection 4 from local rank 2, transport 2
MOC-R4PCC04U05:570442:570589 [2] NCCL INFO Connected to proxy localRank 2 -> connection 0x7f03f8005110
MOC-R4PCC04U05:570442:570589 [2] NCCL INFO Channel 01/0 : 2[2] -> 7[3] [send] via NET/IB/1
MOC-R4PCC04U05:570442:570589 [2] NCCL INFO GPU Direct RDMA Disabled for GPU 2 / HCA 1 (distance 7 > 0)
MOC-R4PCC04U05:570442:570579 [2] NCCL INFO New proxy send connection 5 from local rank 2, transport 2
MOC-R4PCC04U05:570442:570589 [2] NCCL INFO Connected to proxy localRank 2 -> connection 0x7f03f8005188
MOC-R4PCC04U05:570442:570589 [2] NCCL INFO Channel 03/0 : 2[2] -> 7[3] [send] via NET/IB/1
MOC-R4PCC04U05:570443:570588 [3] NCCL INFO GPU Direct RDMA Disabled for GPU 3 / HCA 1 (distance 7 > 0)
MOC-R4PCC04U05:570443:570578 [3] NCCL INFO New proxy recv connection 4 from local rank 3, transport 2
MOC-R4PCC04U05:570443:570588 [3] NCCL INFO Connected to proxy localRank 3 -> connection 0x7f62f8005110
MOC-R4PCC04U05:570443:570588 [3] NCCL INFO Channel 01/0 : 10[2] -> 3[3] [receive] via NET/IB/1
MOC-R4PCC04U05:570443:570588 [3] NCCL INFO GPU Direct RDMA Disabled for GPU 3 / HCA 1 (distance 7 > 0)
MOC-R4PCC04U05:570443:570578 [3] NCCL INFO New proxy recv connection 5 from local rank 3, transport 2
MOC-R4PCC04U05:570442:570579 [2] NCCL INFO New proxy send connection 6 from local rank 2, transport 0
MOC-R4PCC04U05:570443:570588 [3] NCCL INFO Connected to proxy localRank 3 -> connection 0x7f62f8005188
MOC-R4PCC04U05:570442:570589 [2] NCCL INFO Connected to proxy localRank 2 -> connection 0x7f03f8005200
MOC-R4PCC04U05:570443:570588 [3] NCCL INFO Channel 03/0 : 10[2] -> 3[3] [receive] via NET/IB/1
MOC-R4PCC04U05:570443:570578 [3] NCCL INFO New proxy send connection 6 from local rank 3, transport 0
MOC-R4PCC04U05:570443:570588 [3] NCCL INFO Connected to proxy localRank 3 -> connection 0x7f62f8005200
MOC-R4PCC04U05:570443:570578 [3] NCCL INFO New proxy send connection 7 from local rank 3, transport 0
MOC-R4PCC04U05:570443:570588 [3] NCCL INFO Connected to proxy localRank 3 -> connection 0x7f62f8005278
MOC-R4PCC04U05:570442:570579 [2] NCCL INFO New proxy send connection 7 from local rank 2, transport 0
MOC-R4PCC04U05:570442:570589 [2] NCCL INFO Connected to proxy localRank 2 -> connection 0x7f03f8005278
MOC-R4PCC04U05:570440:570580 [0] NCCL INFO New proxy send connection 8 from local rank 3, transport 0
MOC-R4PCC04U05:570443:570588 [3] NCCL INFO Connected to proxy localRank 0 -> connection 0x7f87b00052f0
MOC-R4PCC04U05:570441:570581 [1] NCCL INFO New proxy recv connection 2 from local rank 1, transport 0
MOC-R4PCC04U05:570441:570590 [1] NCCL INFO Connected to proxy localRank 1 -> connection 0x7f9008005020
MOC-R4PCC04U05:570443:570578 [3] NCCL INFO NET/IB: NCCL Dev 1 IbDev 0 Port 1 qpn 9062 mtu 3 query_ece={supported=1, vendor_id=0x15b3, options=0x30000002, comp_mask=0x0} GID 3 (0/C132A8C0FFFF0000) fifoRkey=0x17904f fifoLkey=0x17904f
MOC-R4PCC04U05:570443:570578 [3] NCCL INFO NET/IB: IbDev 0 Port 1 qpn 8894 set_ece={supported=1, vendor_id=0x15b3, options=0x0, comp_mask=0x0}
MOC-R4PCC04U05:570441:570581 [1] NCCL INFO New proxy recv connection 3 from local rank 1, transport 0
MOC-R4PCC04U05:570441:570590 [1] NCCL INFO Connected to proxy localRank 1 -> connection 0x7f9008005098
MOC-R4PCC04U05:570441:570581 [1] NCCL INFO New proxy send connection 4 from local rank 1, transport 0
MOC-R4PCC04U05:570441:570590 [1] NCCL INFO Connected to proxy localRank 1 -> connection 0x7f9008005110
MOC-R4PCC04U05:570441:570581 [1] NCCL INFO New proxy send connection 5 from local rank 1, transport 0
MOC-R4PCC04U05:570441:570590 [1] NCCL INFO Connected to proxy localRank 1 -> connection 0x7f9008005188
MOC-R4PCC04U05:570441:570581 [1] NCCL INFO New proxy send connection 6 from local rank 1, transport 0
MOC-R4PCC04U05:570441:570590 [1] NCCL INFO Connected to proxy localRank 1 -> connection 0x7f9008005200
MOC-R4PCC04U05:570441:570581 [1] NCCL INFO New proxy send connection 7 from local rank 1, transport 0
MOC-R4PCC04U05:570441:570590 [1] NCCL INFO Connected to proxy localRank 1 -> connection 0x7f9008005278
MOC-R4PCC04U05:570440:570580 [0] NCCL INFO New proxy send connection 9 from local rank 2, transport 0
MOC-R4PCC04U05:570443:570578 [3] NCCL INFO New proxy send connection 8 from local rank 1, transport 0
MOC-R4PCC04U05:570442:570589 [2] NCCL INFO Connected to proxy localRank 0 -> connection 0x7f87b0005368
MOC-R4PCC04U05:570441:570590 [1] NCCL INFO Connected to proxy localRank 3 -> connection 0x7f62f80052f0
MOC-R4PCC04U05:570442:570579 [2] NCCL INFO New proxy send connection 8 from local rank 0, transport 0
MOC-R4PCC04U05:570440:570591 [0] NCCL INFO Connected to proxy localRank 2 -> connection 0x7f03f80052f0
MOC-R4PCC04U05:570441:570581 [1] NCCL INFO New proxy send connection 8 from local rank 3, transport 0
MOC-R4PCC04U05:570443:570588 [3] NCCL INFO Connected to proxy localRank 1 -> connection 0x7f90080052f0
MOC-R4PCC04U05:570443:570578 [3] NCCL INFO NET/IB: NCCL Dev 1 IbDev 0 Port 1 qpn 9063 mtu 3 query_ece={supported=1, vendor_id=0x15b3, options=0x30000002, comp_mask=0x0} GID 3 (0/C132A8C0FFFF0000) fifoRkey=0x176827 fifoLkey=0x176827
MOC-R4PCC04U05:570443:570578 [3] NCCL INFO NET/IB: IbDev 0 Port 1 qpn 8898 set_ece={supported=1, vendor_id=0x15b3, options=0x0, comp_mask=0x0}
MOC-R4PCC04U05:570441:570581 [1] NCCL INFO New proxy send connection 9 from local rank 2, transport 0
MOC-R4PCC04U05:570442:570589 [2] NCCL INFO Connected to proxy localRank 1 -> connection 0x7f9008005368
MOC-R4PCC04U05:570442:570579 [2] NCCL INFO NET/IB: NCCL Dev 1 IbDev 0 Port 1 qpn 9064 mtu 3 query_ece={supported=1, vendor_id=0x15b3, options=0x30000002, comp_mask=0x0} GID 3 (0/C132A8C0FFFF0000) fifoRkey=0x175412 fifoLkey=0x175412
MOC-R4PCC04U05:570440:570580 [0] NCCL INFO New proxy send connection 10 from local rank 1, transport 0
MOC-R4PCC04U05:570441:570590 [1] NCCL INFO Connected to proxy localRank 0 -> connection 0x7f87b00053e0
MOC-R4PCC04U05:570442:570579 [2] NCCL INFO NET/IB: NCCL Dev 1 IbDev 0 Port 1 qpn 9065 mtu 3 query_ece={supported=1, vendor_id=0x15b3, options=0x30000002, comp_mask=0x0} GID 3 (0/C132A8C0FFFF0000) fifoRkey=0x17e1a0 fifoLkey=0x17e1a0
MOC-R4PCC04U05:570443:570578 [3] NCCL INFO New proxy send connection 9 from local rank 0, transport 0
MOC-R4PCC04U05:570440:570591 [0] NCCL INFO Connected to proxy localRank 3 -> connection 0x7f62f8005368
MOC-R4PCC04U05:570442:570579 [2] NCCL INFO NET/IB: IbDev 0 Port 1 qpn 8900 set_ece={supported=1, vendor_id=0x15b3, options=0x0, comp_mask=0x0}
MOC-R4PCC04U05:570442:570579 [2] NCCL INFO NET/IB: IbDev 0 Port 1 qpn 8902 set_ece={supported=1, vendor_id=0x15b3, options=0x0, comp_mask=0x0}
MOC-R4PCC04U05:570441:570581 [1] NCCL INFO New proxy send connection 10 from local rank 0, transport 0
MOC-R4PCC04U05:570440:570591 [0] NCCL INFO Connected to proxy localRank 1 -> connection 0x7f90080053e0
MOC-R4PCC04U05:570442:570579 [2] NCCL INFO New proxy send connection 9 from local rank 1, transport 0
MOC-R4PCC04U05:570441:570590 [1] NCCL INFO Connected to proxy localRank 2 -> connection 0x7f03f8005368
num decayed parameter tensors: 50, with 124,318,464 parameters
num non-decayed parameter tensors: 98, with 121,344 parameters
using fused AdamW: False
using regular AdamW
MOC-R4PCC04U05:570443:570578 [3] NCCL INFO New proxy recv connection 10 from local rank 3, transport 0
MOC-R4PCC04U05:570443:571283 [3] NCCL INFO Connected to proxy localRank 3 -> connection 0x7f62f80053e0
MOC-R4PCC04U05:570443:570578 [3] NCCL INFO New proxy recv connection 11 from local rank 3, transport 0
MOC-R4PCC04U05:570443:571283 [3] NCCL INFO Connected to proxy localRank 3 -> connection 0x7f62f8005458
MOC-R4PCC04U05:570442:570579 [2] NCCL INFO New proxy recv connection 10 from local rank 2, transport 0
MOC-R4PCC04U05:570442:571284 [2] NCCL INFO Connected to proxy localRank 2 -> connection 0x7f03f80053e0
MOC-R4PCC04U05:570442:570579 [2] NCCL INFO New proxy recv connection 11 from local rank 2, transport 0
MOC-R4PCC04U05:570442:571284 [2] NCCL INFO Connected to proxy localRank 2 -> connection 0x7f03f8005458
MOC-R4PCC04U05:570442:570579 [2] NCCL INFO New proxy recv connection 12 from local rank 2, transport 0
MOC-R4PCC04U05:570442:571284 [2] NCCL INFO Connected to proxy localRank 2 -> connection 0x7f03f80054d0
MOC-R4PCC04U05:570442:570579 [2] NCCL INFO New proxy recv connection 13 from local rank 2, transport 0
MOC-R4PCC04U05:570442:571284 [2] NCCL INFO Connected to proxy localRank 2 -> connection 0x7f03f8005548
MOC-R4PCC04U05:570440:570580 [0] NCCL INFO New proxy send connection 11 from local rank 0, transport 0
MOC-R4PCC04U05:570440:571285 [0] NCCL INFO Connected to proxy localRank 0 -> connection 0x7f87b0005458
MOC-R4PCC04U05:570440:570580 [0] NCCL INFO New proxy send connection 12 from local rank 0, transport 0
MOC-R4PCC04U05:570440:571285 [0] NCCL INFO Connected to proxy localRank 0 -> connection 0x7f87b00054d0
MOC-R4PCC04U05:570440:570580 [0] NCCL INFO New proxy send connection 13 from local rank 0, transport 0
MOC-R4PCC04U05:570440:571285 [0] NCCL INFO Connected to proxy localRank 0 -> connection 0x7f87b0005548
MOC-R4PCC04U05:570440:570580 [0] NCCL INFO New proxy send connection 14 from local rank 0, transport 0
MOC-R4PCC04U05:570440:571285 [0] NCCL INFO Connected to proxy localRank 0 -> connection 0x7f87b00055c0
MOC-R4PCC04U05:570441:570581 [1] NCCL INFO New proxy recv connection 11 from local rank 1, transport 0
MOC-R4PCC04U05:570441:571286 [1] NCCL INFO Connected to proxy localRank 1 -> connection 0x7f9008005458
MOC-R4PCC04U05:570441:570581 [1] NCCL INFO New proxy recv connection 12 from local rank 1, transport 0
MOC-R4PCC04U05:570441:571286 [1] NCCL INFO Connected to proxy localRank 1 -> connection 0x7f90080054d0
MOC-R4PCC04U05:570441:570581 [1] NCCL INFO New proxy recv connection 13 from local rank 1, transport 0
MOC-R4PCC04U05:570441:571286 [1] NCCL INFO Connected to proxy localRank 1 -> connection 0x7f9008005548
MOC-R4PCC04U05:570441:570581 [1] NCCL INFO New proxy recv connection 14 from local rank 1, transport 0
MOC-R4PCC04U05:570441:571286 [1] NCCL INFO Connected to proxy localRank 1 -> connection 0x7f90080055c0
MOC-R4PCC04U05:570441:570581 [1] NCCL INFO New proxy send connection 15 from local rank 1, transport 0
MOC-R4PCC04U05:570441:571286 [1] NCCL INFO Connected to proxy localRank 1 -> connection 0x7f9008005638
MOC-R4PCC04U05:570441:570581 [1] NCCL INFO New proxy send connection 16 from local rank 1, transport 0
MOC-R4PCC04U05:570441:571286 [1] NCCL INFO Connected to proxy localRank 1 -> connection 0x7f90080056b0
MOC-R4PCC04U05:570441:570581 [1] NCCL INFO New proxy send connection 17 from local rank 1, transport 0
MOC-R4PCC04U05:570441:571286 [1] NCCL INFO Connected to proxy localRank 1 -> connection 0x7f9008005728
MOC-R4PCC04U05:570441:570581 [1] NCCL INFO New proxy send connection 18 from local rank 1, transport 0
MOC-R4PCC04U05:570441:571286 [1] NCCL INFO Connected to proxy localRank 1 -> connection 0x7f90080057a0
MOC-R4PCC04U05:570440:570580 [0] NCCL INFO New proxy send connection 15 from local rank 0, transport 0
MOC-R4PCC04U05:570440:571285 [0] NCCL INFO Connected to proxy localRank 0 -> connection 0x7f87b0005638
MOC-R4PCC04U05:570441:570581 [1] NCCL INFO New proxy recv connection 19 from local rank 1, transport 0
MOC-R4PCC04U05:570441:571286 [1] NCCL INFO Connected to proxy localRank 1 -> connection 0x7f9008005818
MOC-R4PCC04U05:570442:570579 [2] NCCL INFO New proxy send connection 14 from local rank 2, transport 0
MOC-R4PCC04U05:570442:571284 [2] NCCL INFO Connected to proxy localRank 2 -> connection 0x7f03f80055c0
MOC-R4PCC04U05:570440:570580 [0] NCCL INFO New proxy send connection 16 from local rank 0, transport 0
MOC-R4PCC04U05:570440:571285 [0] NCCL INFO Connected to proxy localRank 0 -> connection 0x7f87b00056b0
MOC-R4PCC04U05:570441:570581 [1] NCCL INFO New proxy recv connection 20 from local rank 1, transport 0
MOC-R4PCC04U05:570441:571286 [1] NCCL INFO Connected to proxy localRank 1 -> connection 0x7f9008005890
MOC-R4PCC04U05:570442:570579 [2] NCCL INFO New proxy send connection 15 from local rank 2, transport 0
MOC-R4PCC04U05:570442:571284 [2] NCCL INFO Connected to proxy localRank 2 -> connection 0x7f03f8005638
MOC-R4PCC04U05:570440:570580 [0] NCCL INFO New proxy recv connection 17 from local rank 0, transport 0
MOC-R4PCC04U05:570440:571285 [0] NCCL INFO Connected to proxy localRank 0 -> connection 0x7f87b0005728
MOC-R4PCC04U05:570443:571283 [3] NCCL INFO GPU Direct RDMA Disabled for GPU 3 / HCA 1 (distance 7 > 0)
MOC-R4PCC04U05:570443:570578 [3] NCCL INFO New proxy recv connection 12 from local rank 3, transport 2
MOC-R4PCC04U05:570443:571283 [3] NCCL INFO Connected to proxy localRank 3 -> connection 0x7f62f80054d0
MOC-R4PCC04U05:570440:570580 [0] NCCL INFO New proxy recv connection 18 from local rank 0, transport 0
MOC-R4PCC04U05:570440:571285 [0] NCCL INFO Connected to proxy localRank 0 -> connection 0x7f87b00057a0
MOC-R4PCC04U05:570443:571283 [3] NCCL INFO Channel 00/0 : 11[3] -> 3[3] [receive] via NET/IB/1
MOC-R4PCC04U05:570443:571283 [3] NCCL INFO GPU Direct RDMA Disabled for GPU 3 / HCA 1 (distance 7 > 0)
MOC-R4PCC04U05:570443:570578 [3] NCCL INFO New proxy recv connection 13 from local rank 3, transport 2
MOC-R4PCC04U05:570443:571283 [3] NCCL INFO Connected to proxy localRank 3 -> connection 0x7f62f8005548
MOC-R4PCC04U05:570443:571283 [3] NCCL INFO Channel 01/0 : 11[3] -> 3[3] [receive] via NET/IB/1
MOC-R4PCC04U05:570443:571283 [3] NCCL INFO GPU Direct RDMA Disabled for GPU 3 / HCA 1 (distance 7 > 0)
MOC-R4PCC04U05:570443:570578 [3] NCCL INFO New proxy recv connection 14 from local rank 3, transport 2
MOC-R4PCC04U05:570443:571283 [3] NCCL INFO Connected to proxy localRank 3 -> connection 0x7f62f80055c0
MOC-R4PCC04U05:570440:570580 [0] NCCL INFO New proxy recv connection 19 from local rank 0, transport 0
MOC-R4PCC04U05:570440:571285 [0] NCCL INFO Connected to proxy localRank 0 -> connection 0x7f87b0005818
MOC-R4PCC04U05:570443:571283 [3] NCCL INFO Channel 02/0 : 11[3] -> 3[3] [receive] via NET/IB/1
MOC-R4PCC04U05:570443:571283 [3] NCCL INFO GPU Direct RDMA Disabled for GPU 3 / HCA 1 (distance 7 > 0)
MOC-R4PCC04U05:570443:570578 [3] NCCL INFO New proxy recv connection 15 from local rank 3, transport 2
MOC-R4PCC04U05:570443:571283 [3] NCCL INFO Connected to proxy localRank 3 -> connection 0x7f62f8005638
MOC-R4PCC04U05:570443:571283 [3] NCCL INFO Channel 03/0 : 11[3] -> 3[3] [receive] via NET/IB/1
MOC-R4PCC04U05:570443:571283 [3] NCCL INFO GPU Direct RDMA Disabled for GPU 3 / HCA 1 (distance 7 > 0)
MOC-R4PCC04U05:570443:570578 [3] NCCL INFO New proxy send connection 16 from local rank 3, transport 2
MOC-R4PCC04U05:570443:571283 [3] NCCL INFO Connected to proxy localRank 3 -> connection 0x7f62f80056b0
MOC-R4PCC04U05:570443:571283 [3] NCCL INFO Channel 02/0 : 3[3] -> 7[3] [send] via NET/IB/1
MOC-R4PCC04U05:570443:571283 [3] NCCL INFO GPU Direct RDMA Disabled for GPU 3 / HCA 1 (distance 7 > 0)
MOC-R4PCC04U05:570443:570578 [3] NCCL INFO New proxy send connection 17 from local rank 3, transport 2
MOC-R4PCC04U05:570443:571283 [3] NCCL INFO Connected to proxy localRank 3 -> connection 0x7f62f8005728
MOC-R4PCC04U05:570443:571283 [3] NCCL INFO Channel 03/0 : 3[3] -> 7[3] [send] via NET/IB/1
MOC-R4PCC04U05:570440:570580 [0] NCCL INFO New proxy recv connection 20 from local rank 0, transport 0
MOC-R4PCC04U05:570440:571285 [0] NCCL INFO Connected to proxy localRank 0 -> connection 0x7f87b0005890
MOC-R4PCC04U05:570443:571283 [3] NCCL INFO GPU Direct RDMA Disabled for GPU 3 / HCA 1 (distance 7 > 0)
MOC-R4PCC04U05:570443:570578 [3] NCCL INFO New proxy recv connection 18 from local rank 3, transport 2
MOC-R4PCC04U05:570443:571283 [3] NCCL INFO Connected to proxy localRank 3 -> connection 0x7f62f80057a0
MOC-R4PCC04U05:570443:571283 [3] NCCL INFO Channel 02/0 : 7[3] -> 3[3] [receive] via NET/IB/1
MOC-R4PCC04U05:570443:571283 [3] NCCL INFO GPU Direct RDMA Disabled for GPU 3 / HCA 1 (distance 7 > 0)
MOC-R4PCC04U05:570443:570578 [3] NCCL INFO New proxy recv connection 19 from local rank 3, transport 2
MOC-R4PCC04U05:570443:571283 [3] NCCL INFO Connected to proxy localRank 3 -> connection 0x7f62f8005818
MOC-R4PCC04U05:570443:571283 [3] NCCL INFO Channel 03/0 : 7[3] -> 3[3] [receive] via NET/IB/1
MOC-R4PCC04U05:570443:571283 [3] NCCL INFO GPU Direct RDMA Disabled for GPU 3 / HCA 1 (distance 7 > 0)
MOC-R4PCC04U05:570443:570578 [3] NCCL INFO New proxy send connection 20 from local rank 3, transport 2
MOC-R4PCC04U05:570443:571283 [3] NCCL INFO Connected to proxy localRank 3 -> connection 0x7f62f8005890
MOC-R4PCC04U05:570443:571283 [3] NCCL INFO Channel 00/0 : 3[3] -> 11[3] [send] via NET/IB/1
MOC-R4PCC04U05:570443:571283 [3] NCCL INFO GPU Direct RDMA Disabled for GPU 3 / HCA 1 (distance 7 > 0)
MOC-R4PCC04U05:570443:570578 [3] NCCL INFO New proxy send connection 21 from local rank 3, transport 2
MOC-R4PCC04U05:570443:571283 [3] NCCL INFO Connected to proxy localRank 3 -> connection 0x7f62f8005908
MOC-R4PCC04U05:570443:571283 [3] NCCL INFO Channel 01/0 : 3[3] -> 11[3] [send] via NET/IB/1
MOC-R4PCC04U05:570443:571283 [3] NCCL INFO GPU Direct RDMA Disabled for GPU 3 / HCA 1 (distance 7 > 0)
MOC-R4PCC04U05:570443:570578 [3] NCCL INFO New proxy send connection 22 from local rank 3, transport 2
MOC-R4PCC04U05:570443:571283 [3] NCCL INFO Connected to proxy localRank 3 -> connection 0x7f62f8005980
MOC-R4PCC04U05:570443:571283 [3] NCCL INFO Channel 02/0 : 3[3] -> 11[3] [send] via NET/IB/1
MOC-R4PCC04U05:570443:571283 [3] NCCL INFO GPU Direct RDMA Disabled for GPU 3 / HCA 1 (distance 7 > 0)
MOC-R4PCC04U05:570443:570578 [3] NCCL INFO New proxy send connection 23 from local rank 3, transport 2
MOC-R4PCC04U05:570443:571283 [3] NCCL INFO Connected to proxy localRank 3 -> connection 0x7f62f80059f8
MOC-R4PCC04U05:570443:571283 [3] NCCL INFO Channel 03/0 : 3[3] -> 11[3] [send] via NET/IB/1
MOC-R4PCC04U05:570443:570578 [3] NCCL INFO New proxy send connection 24 from local rank 3, transport 0
MOC-R4PCC04U05:570443:571283 [3] NCCL INFO Connected to proxy localRank 3 -> connection 0x7f62f8005a70
MOC-R4PCC04U05:570443:570578 [3] NCCL INFO New proxy send connection 25 from local rank 3, transport 0
MOC-R4PCC04U05:570443:571283 [3] NCCL INFO Connected to proxy localRank 3 -> connection 0x7f62f8005ae8
MOC-R4PCC04U05:570443:570578 [3] NCCL INFO New proxy send connection 26 from local rank 3, transport 0
MOC-R4PCC04U05:570443:571283 [3] NCCL INFO Connected to proxy localRank 3 -> connection 0x7f62f8005b60
MOC-R4PCC04U05:570443:570578 [3] NCCL INFO New proxy send connection 27 from local rank 3, transport 0
MOC-R4PCC04U05:570443:571283 [3] NCCL INFO Connected to proxy localRank 3 -> connection 0x7f62f8005bd8
MOC-R4PCC04U05:570443:570578 [3] NCCL INFO NET/IB: NCCL Dev 1 IbDev 0 Port 1 qpn 9074 mtu 3 query_ece={supported=1, vendor_id=0x15b3, options=0x30000002, comp_mask=0x0} GID 3 (0/C132A8C0FFFF0000) fifoRkey=0x17cb8a fifoLkey=0x17cb8a
MOC-R4PCC04U05:570443:570578 [3] NCCL INFO NET/IB: NCCL Dev 1 IbDev 0 Port 1 qpn 9075 mtu 3 query_ece={supported=1, vendor_id=0x15b3, options=0x30000002, comp_mask=0x0} GID 3 (0/C132A8C0FFFF0000) fifoRkey=0x17ecab fifoLkey=0x17ecab
MOC-R4PCC04U05:570443:570578 [3] NCCL INFO NET/IB: IbDev 0 Port 1 qpn 8906 set_ece={supported=1, vendor_id=0x15b3, options=0x0, comp_mask=0x0}
MOC-R4PCC04U05:570443:570578 [3] NCCL INFO NET/IB: IbDev 0 Port 1 qpn 8908 set_ece={supported=1, vendor_id=0x15b3, options=0x0, comp_mask=0x0}
MOC-R4PCC04U05:570443:570578 [3] NCCL INFO NET/IB: NCCL Dev 1 IbDev 0 Port 1 qpn 9076 mtu 3 query_ece={supported=1, vendor_id=0x15b3, options=0x30000002, comp_mask=0x0} GID 3 (0/C132A8C0FFFF0000) fifoRkey=0x172eed fifoLkey=0x172eed
MOC-R4PCC04U05:570443:570578 [3] NCCL INFO NET/IB: NCCL Dev 1 IbDev 0 Port 1 qpn 9077 mtu 3 query_ece={supported=1, vendor_id=0x15b3, options=0x30000002, comp_mask=0x0} GID 3 (0/C132A8C0FFFF0000) fifoRkey=0x17d796 fifoLkey=0x17d796
MOC-R4PCC04U05:570443:570578 [3] NCCL INFO NET/IB: NCCL Dev 1 IbDev 0 Port 1 qpn 9078 mtu 3 query_ece={supported=1, vendor_id=0x15b3, options=0x30000002, comp_mask=0x0} GID 3 (0/C132A8C0FFFF0000) fifoRkey=0x17a767 fifoLkey=0x17a767
MOC-R4PCC04U05:570443:570578 [3] NCCL INFO NET/IB: NCCL Dev 1 IbDev 0 Port 1 qpn 9081 mtu 3 query_ece={supported=1, vendor_id=0x15b3, options=0x30000002, comp_mask=0x0} GID 3 (0/C132A8C0FFFF0000) fifoRkey=0x17601f fifoLkey=0x17601f
MOC-R4PCC04U05:570443:570578 [3] NCCL INFO NET/IB: IbDev 0 Port 1 qpn 6123 set_ece={supported=1, vendor_id=0x15b3, options=0x0, comp_mask=0x0}
MOC-R4PCC04U05:570443:570578 [3] NCCL INFO NET/IB: IbDev 0 Port 1 qpn 6126 set_ece={supported=1, vendor_id=0x15b3, options=0x0, comp_mask=0x0}
MOC-R4PCC04U05:570443:570578 [3] NCCL INFO NET/IB: IbDev 0 Port 1 qpn 6128 set_ece={supported=1, vendor_id=0x15b3, options=0x0, comp_mask=0x0}
MOC-R4PCC04U05:570443:570578 [3] NCCL INFO NET/IB: IbDev 0 Port 1 qpn 6130 set_ece={supported=1, vendor_id=0x15b3, options=0x0, comp_mask=0x0}
step    1/10 | train loss 11.010590 | norm 15.4878 | lr 1.00e-04 | (13837.39 ms | 56834 tok/s)
step    2/10 | train loss 10.133058 | norm 5.7716 | lr 1.00e-04 | (206.53 ms | 3807806 tok/s)
step    3/10 | train loss 9.789958 | norm 2.6230 | lr 1.00e-04 | (202.80 ms | 3877778 tok/s)
step    4/10 | train loss 9.619508 | norm 2.1196 | lr 1.00e-04 | (202.09 ms | 3891466 tok/s)
step    5/10 | train loss 9.536163 | norm 2.1144 | lr 1.00e-04 | (203.38 ms | 3866895 tok/s)
step    6/10 | train loss 9.454326 | norm 2.0046 | lr 1.00e-04 | (202.51 ms | 3883407 tok/s)
step    7/10 | train loss 9.368588 | norm 1.9542 | lr 1.00e-04 | (201.06 ms | 3911354 tok/s)
step    8/10 | train loss 9.277060 | norm 1.9203 | lr 1.00e-04 | (203.09 ms | 3872261 tok/s)
step    9/10 | train loss 9.182114 | norm 1.8690 | lr 1.00e-04 | (202.72 ms | 3879310 tok/s)
step   10/10 | train loss 9.094342 | norm 1.7912 | lr 1.00e-04 | (207.13 ms | 3796752 tok/s)
final 9 iters avg: 203.481ms
peak memory consumption: 16601 MiB
