Running pytorch 2.7.0+cu126
using device: cuda:0
total desired batch size: 2621440
=> calculated gradient accumulation steps: 5
using device: cuda:3
using device: cuda:2
using device: cuda:1
compiling the model...
DataLoader: total number of tokens: 1,661,249,667 across 103 files
MOC-R4PCC04U05:718089:718089 [0] NCCL INFO NCCL_SOCKET_IFNAME set to eno7np0
MOC-R4PCC04U05:718089:718089 [0] NCCL INFO NCCL version 2.26.2+cuda12.2
MOC-R4PCC04U05:718090:718090 [1] NCCL INFO NCCL_SOCKET_IFNAME set to eno7np0
MOC-R4PCC04U05:718090:718090 [1] NCCL INFO NCCL version 2.26.2+cuda12.2
MOC-R4PCC04U05:718092:718092 [3] NCCL INFO NCCL_SOCKET_IFNAME set to eno7np0
MOC-R4PCC04U05:718092:718092 [3] NCCL INFO NCCL version 2.26.2+cuda12.2
MOC-R4PCC04U05:718091:718091 [2] NCCL INFO NCCL_SOCKET_IFNAME set to eno7np0
MOC-R4PCC04U05:718091:718091 [2] NCCL INFO NCCL version 2.26.2+cuda12.2
MOC-R4PCC04U05:718089:718216 [0] NCCL INFO NET/Plugin: Could not find: libnccl-net.so. Using internal net plugin.
MOC-R4PCC04U05:718089:718216 [0] NCCL INFO NET/Socket : Using [0]eno7np0:192.168.50.193<0>
MOC-R4PCC04U05:718092:718217 [3] NCCL INFO NET/Plugin: Could not find: libnccl-net.so. Using internal net plugin.
MOC-R4PCC04U05:718092:718217 [3] NCCL INFO NET/Socket : Using [0]eno7np0:192.168.50.193<0>
MOC-R4PCC04U05:718091:718218 [2] NCCL INFO NET/Plugin: Could not find: libnccl-net.so. Using internal net plugin.
MOC-R4PCC04U05:718091:718218 [2] NCCL INFO NET/Socket : Using [0]eno7np0:192.168.50.193<0>
MOC-R4PCC04U05:718090:718219 [1] NCCL INFO NET/Plugin: Could not find: libnccl-net.so. Using internal net plugin.
MOC-R4PCC04U05:718090:718219 [1] NCCL INFO NET/Socket : Using [0]eno7np0:192.168.50.193<0>
MOC-R4PCC04U05:718092:718217 [3] NCCL INFO NET/Socket : GPU Direct RDMA Disabled for HCA 0 'eno7np0'
MOC-R4PCC04U05:718091:718218 [2] NCCL INFO NET/Socket : GPU Direct RDMA Disabled for HCA 0 'eno7np0'
MOC-R4PCC04U05:718089:718216 [0] NCCL INFO NET/Socket : GPU Direct RDMA Disabled for HCA 0 'eno7np0'
MOC-R4PCC04U05:718090:718219 [1] NCCL INFO NET/Socket : GPU Direct RDMA Disabled for HCA 0 'eno7np0'
MOC-R4PCC04U05:718092:718230 [3] NCCL INFO New proxy recv connection 0 from local rank 3, transport 0
MOC-R4PCC04U05:718092:718238 [3] NCCL INFO Connected to proxy localRank 3 -> connection 0x7f6334004f30
MOC-R4PCC04U05:718092:718230 [3] NCCL INFO New proxy recv connection 1 from local rank 3, transport 0
MOC-R4PCC04U05:718092:718238 [3] NCCL INFO Connected to proxy localRank 3 -> connection 0x7f6334004fa8
MOC-R4PCC04U05:718091:718232 [2] NCCL INFO New proxy recv connection 0 from local rank 2, transport 0
MOC-R4PCC04U05:718091:718239 [2] NCCL INFO Connected to proxy localRank 2 -> connection 0x7f65e8004f30
MOC-R4PCC04U05:718091:718232 [2] NCCL INFO New proxy recv connection 1 from local rank 2, transport 0
MOC-R4PCC04U05:718091:718239 [2] NCCL INFO Connected to proxy localRank 2 -> connection 0x7f65e8004fa8
MOC-R4PCC04U05:718090:718236 [1] NCCL INFO New proxy recv connection 0 from local rank 1, transport 0
MOC-R4PCC04U05:718090:718240 [1] NCCL INFO Connected to proxy localRank 1 -> connection 0x7f9024004f30
MOC-R4PCC04U05:718090:718236 [1] NCCL INFO New proxy recv connection 1 from local rank 1, transport 0
MOC-R4PCC04U05:718090:718240 [1] NCCL INFO Connected to proxy localRank 1 -> connection 0x7f9024004fa8
MOC-R4PCC04U05:718089:718231 [0] NCCL INFO New proxy send connection 0 from local rank 0, transport 0
MOC-R4PCC04U05:718089:718241 [0] NCCL INFO Connected to proxy localRank 0 -> connection 0x7f84e0004f30
MOC-R4PCC04U05:718092:718230 [3] NCCL INFO New proxy send connection 2 from local rank 3, transport 2
MOC-R4PCC04U05:718092:718238 [3] NCCL INFO Connected to proxy localRank 3 -> connection 0x7f6334005020
MOC-R4PCC04U05:718092:718238 [3] NCCL INFO Channel 00/0 : 3[3] -> 6[2] [send] via NET/Socket/0
MOC-R4PCC04U05:718092:718230 [3] NCCL INFO New proxy send connection 3 from local rank 3, transport 2
MOC-R4PCC04U05:718092:718238 [3] NCCL INFO Connected to proxy localRank 3 -> connection 0x7f6334005098
MOC-R4PCC04U05:718092:718238 [3] NCCL INFO Channel 02/0 : 3[3] -> 6[2] [send] via NET/Socket/0
MOC-R4PCC04U05:718089:718231 [0] NCCL INFO New proxy send connection 1 from local rank 0, transport 0
MOC-R4PCC04U05:718089:718241 [0] NCCL INFO Connected to proxy localRank 0 -> connection 0x7f84e0004fa8
MOC-R4PCC04U05:718089:718231 [0] NCCL INFO New proxy send connection 2 from local rank 0, transport 0
MOC-R4PCC04U05:718089:718241 [0] NCCL INFO Connected to proxy localRank 0 -> connection 0x7f84e0005020
MOC-R4PCC04U05:718089:718231 [0] NCCL INFO New proxy send connection 3 from local rank 0, transport 0
MOC-R4PCC04U05:718089:718241 [0] NCCL INFO Connected to proxy localRank 0 -> connection 0x7f84e0005098
MOC-R4PCC04U05:718089:718231 [0] NCCL INFO New proxy recv connection 4 from local rank 0, transport 0
MOC-R4PCC04U05:718092:718230 [3] NCCL INFO New proxy recv connection 4 from local rank 3, transport 2
MOC-R4PCC04U05:718089:718241 [0] NCCL INFO Connected to proxy localRank 0 -> connection 0x7f84e0005110
MOC-R4PCC04U05:718092:718238 [3] NCCL INFO Connected to proxy localRank 3 -> connection 0x7f6334005110
MOC-R4PCC04U05:718092:718238 [3] NCCL INFO Channel 01/0 : 14[2] -> 3[3] [receive] via NET/Socket/0
MOC-R4PCC04U05:718092:718230 [3] NCCL INFO New proxy recv connection 5 from local rank 3, transport 2
MOC-R4PCC04U05:718092:718238 [3] NCCL INFO Connected to proxy localRank 3 -> connection 0x7f6334005188
MOC-R4PCC04U05:718092:718238 [3] NCCL INFO Channel 03/0 : 14[2] -> 3[3] [receive] via NET/Socket/0
MOC-R4PCC04U05:718089:718231 [0] NCCL INFO New proxy recv connection 5 from local rank 0, transport 0
MOC-R4PCC04U05:718089:718241 [0] NCCL INFO Connected to proxy localRank 0 -> connection 0x7f84e0005188
MOC-R4PCC04U05:718089:718231 [0] NCCL INFO New proxy recv connection 6 from local rank 0, transport 0
MOC-R4PCC04U05:718089:718241 [0] NCCL INFO Connected to proxy localRank 0 -> connection 0x7f84e0005200
MOC-R4PCC04U05:718089:718231 [0] NCCL INFO New proxy recv connection 7 from local rank 0, transport 0
MOC-R4PCC04U05:718089:718241 [0] NCCL INFO Connected to proxy localRank 0 -> connection 0x7f84e0005278
MOC-R4PCC04U05:718091:718232 [2] NCCL INFO New proxy recv connection 2 from local rank 2, transport 2
MOC-R4PCC04U05:718091:718239 [2] NCCL INFO Connected to proxy localRank 2 -> connection 0x7f65e8005020
MOC-R4PCC04U05:718091:718239 [2] NCCL INFO Channel 00/0 : 15[3] -> 2[2] [receive] via NET/Socket/0
MOC-R4PCC04U05:718091:718232 [2] NCCL INFO New proxy recv connection 3 from local rank 2, transport 2
MOC-R4PCC04U05:718091:718239 [2] NCCL INFO Connected to proxy localRank 2 -> connection 0x7f65e8005098
MOC-R4PCC04U05:718091:718239 [2] NCCL INFO Channel 02/0 : 15[3] -> 2[2] [receive] via NET/Socket/0
MOC-R4PCC04U05:718092:718230 [3] NCCL INFO New proxy send connection 6 from local rank 3, transport 0
MOC-R4PCC04U05:718092:718238 [3] NCCL INFO Connected to proxy localRank 3 -> connection 0x7f6334005200
MOC-R4PCC04U05:718092:718230 [3] NCCL INFO New proxy send connection 7 from local rank 3, transport 0
MOC-R4PCC04U05:718092:718238 [3] NCCL INFO Connected to proxy localRank 3 -> connection 0x7f6334005278
MOC-R4PCC04U05:718089:718231 [0] NCCL INFO New proxy send connection 8 from local rank 3, transport 0
MOC-R4PCC04U05:718090:718236 [1] NCCL INFO New proxy recv connection 2 from local rank 1, transport 0
MOC-R4PCC04U05:718090:718240 [1] NCCL INFO Connected to proxy localRank 1 -> connection 0x7f9024005020
MOC-R4PCC04U05:718092:718238 [3] NCCL INFO Connected to proxy localRank 0 -> connection 0x7f84e00052f0
MOC-R4PCC04U05:718090:718236 [1] NCCL INFO New proxy recv connection 3 from local rank 1, transport 0
MOC-R4PCC04U05:718090:718240 [1] NCCL INFO Connected to proxy localRank 1 -> connection 0x7f9024005098
MOC-R4PCC04U05:718091:718232 [2] NCCL INFO New proxy send connection 4 from local rank 2, transport 2
MOC-R4PCC04U05:718091:718239 [2] NCCL INFO Connected to proxy localRank 2 -> connection 0x7f65e8005110
MOC-R4PCC04U05:718091:718239 [2] NCCL INFO Channel 01/0 : 2[2] -> 7[3] [send] via NET/Socket/0
MOC-R4PCC04U05:718091:718232 [2] NCCL INFO New proxy send connection 5 from local rank 2, transport 2
MOC-R4PCC04U05:718091:718239 [2] NCCL INFO Connected to proxy localRank 2 -> connection 0x7f65e8005188
MOC-R4PCC04U05:718091:718239 [2] NCCL INFO Channel 03/0 : 2[2] -> 7[3] [send] via NET/Socket/0
MOC-R4PCC04U05:718091:718232 [2] NCCL INFO New proxy send connection 6 from local rank 2, transport 0
MOC-R4PCC04U05:718091:718239 [2] NCCL INFO Connected to proxy localRank 2 -> connection 0x7f65e8005200
MOC-R4PCC04U05:718090:718236 [1] NCCL INFO New proxy send connection 4 from local rank 1, transport 0
MOC-R4PCC04U05:718090:718240 [1] NCCL INFO Connected to proxy localRank 1 -> connection 0x7f9024005110
MOC-R4PCC04U05:718091:718232 [2] NCCL INFO New proxy send connection 7 from local rank 2, transport 0
MOC-R4PCC04U05:718091:718239 [2] NCCL INFO Connected to proxy localRank 2 -> connection 0x7f65e8005278
MOC-R4PCC04U05:718090:718236 [1] NCCL INFO New proxy send connection 5 from local rank 1, transport 0
MOC-R4PCC04U05:718090:718240 [1] NCCL INFO Connected to proxy localRank 1 -> connection 0x7f9024005188
MOC-R4PCC04U05:718090:718236 [1] NCCL INFO New proxy send connection 6 from local rank 1, transport 0
MOC-R4PCC04U05:718090:718240 [1] NCCL INFO Connected to proxy localRank 1 -> connection 0x7f9024005200
MOC-R4PCC04U05:718090:718236 [1] NCCL INFO New proxy send connection 7 from local rank 1, transport 0
MOC-R4PCC04U05:718090:718240 [1] NCCL INFO Connected to proxy localRank 1 -> connection 0x7f9024005278
MOC-R4PCC04U05:718091:718232 [2] NCCL INFO New proxy send connection 8 from local rank 0, transport 0
MOC-R4PCC04U05:718089:718231 [0] NCCL INFO New proxy send connection 9 from local rank 2, transport 0
MOC-R4PCC04U05:718089:718241 [0] NCCL INFO Connected to proxy localRank 2 -> connection 0x7f65e80052f0
MOC-R4PCC04U05:718091:718239 [2] NCCL INFO Connected to proxy localRank 0 -> connection 0x7f84e0005368
MOC-R4PCC04U05:718090:718236 [1] NCCL INFO New proxy send connection 8 from local rank 3, transport 0
MOC-R4PCC04U05:718092:718238 [3] NCCL INFO Connected to proxy localRank 1 -> connection 0x7f90240052f0
MOC-R4PCC04U05:718092:718230 [3] NCCL INFO New proxy send connection 8 from local rank 1, transport 0
MOC-R4PCC04U05:718090:718240 [1] NCCL INFO Connected to proxy localRank 3 -> connection 0x7f63340052f0
MOC-R4PCC04U05:718090:718236 [1] NCCL INFO New proxy send connection 9 from local rank 2, transport 0
MOC-R4PCC04U05:718091:718239 [2] NCCL INFO Connected to proxy localRank 1 -> connection 0x7f9024005368
MOC-R4PCC04U05:718092:718230 [3] NCCL INFO New proxy send connection 9 from local rank 0, transport 0
MOC-R4PCC04U05:718089:718241 [0] NCCL INFO Connected to proxy localRank 3 -> connection 0x7f6334005368
MOC-R4PCC04U05:718089:718231 [0] NCCL INFO New proxy send connection 10 from local rank 1, transport 0
MOC-R4PCC04U05:718090:718240 [1] NCCL INFO Connected to proxy localRank 0 -> connection 0x7f84e00053e0
MOC-R4PCC04U05:718090:718236 [1] NCCL INFO New proxy send connection 10 from local rank 0, transport 0
MOC-R4PCC04U05:718089:718241 [0] NCCL INFO Connected to proxy localRank 1 -> connection 0x7f90240053e0
MOC-R4PCC04U05:718091:718232 [2] NCCL INFO New proxy send connection 9 from local rank 1, transport 0
MOC-R4PCC04U05:718090:718240 [1] NCCL INFO Connected to proxy localRank 2 -> connection 0x7f65e8005368
num decayed parameter tensors: 50, with 124,318,464 parameters
num non-decayed parameter tensors: 98, with 121,344 parameters
using fused AdamW: False
using regular AdamW
MOC-R4PCC04U05:718092:718230 [3] NCCL INFO New proxy recv connection 10 from local rank 3, transport 0
MOC-R4PCC04U05:718092:718948 [3] NCCL INFO Connected to proxy localRank 3 -> connection 0x7f63340053e0
MOC-R4PCC04U05:718092:718230 [3] NCCL INFO New proxy recv connection 11 from local rank 3, transport 0
MOC-R4PCC04U05:718092:718948 [3] NCCL INFO Connected to proxy localRank 3 -> connection 0x7f6334005458
MOC-R4PCC04U05:718090:718236 [1] NCCL INFO New proxy recv connection 11 from local rank 1, transport 0
MOC-R4PCC04U05:718090:718949 [1] NCCL INFO Connected to proxy localRank 1 -> connection 0x7f9024005458
MOC-R4PCC04U05:718090:718236 [1] NCCL INFO New proxy recv connection 12 from local rank 1, transport 0
MOC-R4PCC04U05:718090:718949 [1] NCCL INFO Connected to proxy localRank 1 -> connection 0x7f90240054d0
MOC-R4PCC04U05:718090:718236 [1] NCCL INFO New proxy recv connection 13 from local rank 1, transport 0
MOC-R4PCC04U05:718090:718949 [1] NCCL INFO Connected to proxy localRank 1 -> connection 0x7f9024005548
MOC-R4PCC04U05:718090:718236 [1] NCCL INFO New proxy recv connection 14 from local rank 1, transport 0
MOC-R4PCC04U05:718090:718949 [1] NCCL INFO Connected to proxy localRank 1 -> connection 0x7f90240055c0
MOC-R4PCC04U05:718090:718236 [1] NCCL INFO New proxy send connection 15 from local rank 1, transport 0
MOC-R4PCC04U05:718090:718949 [1] NCCL INFO Connected to proxy localRank 1 -> connection 0x7f9024005638
MOC-R4PCC04U05:718090:718236 [1] NCCL INFO New proxy send connection 16 from local rank 1, transport 0
MOC-R4PCC04U05:718090:718949 [1] NCCL INFO Connected to proxy localRank 1 -> connection 0x7f90240056b0
MOC-R4PCC04U05:718090:718236 [1] NCCL INFO New proxy send connection 17 from local rank 1, transport 0
MOC-R4PCC04U05:718090:718949 [1] NCCL INFO Connected to proxy localRank 1 -> connection 0x7f9024005728
MOC-R4PCC04U05:718090:718236 [1] NCCL INFO New proxy send connection 18 from local rank 1, transport 0
MOC-R4PCC04U05:718090:718949 [1] NCCL INFO Connected to proxy localRank 1 -> connection 0x7f90240057a0
MOC-R4PCC04U05:718091:718232 [2] NCCL INFO New proxy recv connection 10 from local rank 2, transport 0
MOC-R4PCC04U05:718091:718950 [2] NCCL INFO Connected to proxy localRank 2 -> connection 0x7f65e80053e0
MOC-R4PCC04U05:718091:718232 [2] NCCL INFO New proxy recv connection 11 from local rank 2, transport 0
MOC-R4PCC04U05:718091:718950 [2] NCCL INFO Connected to proxy localRank 2 -> connection 0x7f65e8005458
MOC-R4PCC04U05:718091:718232 [2] NCCL INFO New proxy recv connection 12 from local rank 2, transport 0
MOC-R4PCC04U05:718091:718950 [2] NCCL INFO Connected to proxy localRank 2 -> connection 0x7f65e80054d0
MOC-R4PCC04U05:718091:718232 [2] NCCL INFO New proxy recv connection 13 from local rank 2, transport 0
MOC-R4PCC04U05:718091:718950 [2] NCCL INFO Connected to proxy localRank 2 -> connection 0x7f65e8005548
MOC-R4PCC04U05:718091:718232 [2] NCCL INFO New proxy send connection 14 from local rank 2, transport 0
MOC-R4PCC04U05:718091:718950 [2] NCCL INFO Connected to proxy localRank 2 -> connection 0x7f65e80055c0
MOC-R4PCC04U05:718091:718232 [2] NCCL INFO New proxy send connection 15 from local rank 2, transport 0
MOC-R4PCC04U05:718091:718950 [2] NCCL INFO Connected to proxy localRank 2 -> connection 0x7f65e8005638
MOC-R4PCC04U05:718089:718231 [0] NCCL INFO New proxy send connection 11 from local rank 0, transport 0
MOC-R4PCC04U05:718089:718951 [0] NCCL INFO Connected to proxy localRank 0 -> connection 0x7f84e0005458
MOC-R4PCC04U05:718089:718231 [0] NCCL INFO New proxy send connection 12 from local rank 0, transport 0
MOC-R4PCC04U05:718089:718951 [0] NCCL INFO Connected to proxy localRank 0 -> connection 0x7f84e00054d0
MOC-R4PCC04U05:718089:718231 [0] NCCL INFO New proxy send connection 13 from local rank 0, transport 0
MOC-R4PCC04U05:718089:718951 [0] NCCL INFO Connected to proxy localRank 0 -> connection 0x7f84e0005548
MOC-R4PCC04U05:718089:718231 [0] NCCL INFO New proxy send connection 14 from local rank 0, transport 0
MOC-R4PCC04U05:718089:718951 [0] NCCL INFO Connected to proxy localRank 0 -> connection 0x7f84e00055c0
MOC-R4PCC04U05:718089:718231 [0] NCCL INFO New proxy send connection 15 from local rank 0, transport 0
MOC-R4PCC04U05:718089:718951 [0] NCCL INFO Connected to proxy localRank 0 -> connection 0x7f84e0005638
MOC-R4PCC04U05:718090:718236 [1] NCCL INFO New proxy recv connection 19 from local rank 1, transport 0
MOC-R4PCC04U05:718090:718949 [1] NCCL INFO Connected to proxy localRank 1 -> connection 0x7f9024005818
MOC-R4PCC04U05:718089:718231 [0] NCCL INFO New proxy send connection 16 from local rank 0, transport 0
MOC-R4PCC04U05:718089:718951 [0] NCCL INFO Connected to proxy localRank 0 -> connection 0x7f84e00056b0
MOC-R4PCC04U05:718089:718231 [0] NCCL INFO New proxy recv connection 17 from local rank 0, transport 0
MOC-R4PCC04U05:718090:718236 [1] NCCL INFO New proxy recv connection 20 from local rank 1, transport 0
MOC-R4PCC04U05:718089:718951 [0] NCCL INFO Connected to proxy localRank 0 -> connection 0x7f84e0005728
MOC-R4PCC04U05:718090:718949 [1] NCCL INFO Connected to proxy localRank 1 -> connection 0x7f9024005890
MOC-R4PCC04U05:718092:718230 [3] NCCL INFO New proxy send connection 12 from local rank 3, transport 2
MOC-R4PCC04U05:718092:718948 [3] NCCL INFO Connected to proxy localRank 3 -> connection 0x7f63340054d0
MOC-R4PCC04U05:718089:718231 [0] NCCL INFO New proxy recv connection 18 from local rank 0, transport 0
MOC-R4PCC04U05:718089:718951 [0] NCCL INFO Connected to proxy localRank 0 -> connection 0x7f84e00057a0
MOC-R4PCC04U05:718089:718231 [0] NCCL INFO New proxy recv connection 19 from local rank 0, transport 0
MOC-R4PCC04U05:718089:718951 [0] NCCL INFO Connected to proxy localRank 0 -> connection 0x7f84e0005818
MOC-R4PCC04U05:718092:718948 [3] NCCL INFO Channel 02/0 : 3[3] -> 7[3] [send] via NET/Socket/0
MOC-R4PCC04U05:718089:718231 [0] NCCL INFO New proxy recv connection 20 from local rank 0, transport 0
MOC-R4PCC04U05:718089:718951 [0] NCCL INFO Connected to proxy localRank 0 -> connection 0x7f84e0005890
MOC-R4PCC04U05:718092:718230 [3] NCCL INFO New proxy send connection 13 from local rank 3, transport 2
MOC-R4PCC04U05:718092:718948 [3] NCCL INFO Connected to proxy localRank 3 -> connection 0x7f6334005548
MOC-R4PCC04U05:718092:718948 [3] NCCL INFO Channel 03/0 : 3[3] -> 7[3] [send] via NET/Socket/0
MOC-R4PCC04U05:718092:718230 [3] NCCL INFO New proxy recv connection 14 from local rank 3, transport 2
MOC-R4PCC04U05:718092:718948 [3] NCCL INFO Connected to proxy localRank 3 -> connection 0x7f63340055c0
MOC-R4PCC04U05:718092:718948 [3] NCCL INFO Channel 00/0 : 11[3] -> 3[3] [receive] via NET/Socket/0
MOC-R4PCC04U05:718092:718230 [3] NCCL INFO New proxy recv connection 15 from local rank 3, transport 2
MOC-R4PCC04U05:718092:718948 [3] NCCL INFO Connected to proxy localRank 3 -> connection 0x7f6334005638
MOC-R4PCC04U05:718092:718948 [3] NCCL INFO Channel 01/0 : 11[3] -> 3[3] [receive] via NET/Socket/0
MOC-R4PCC04U05:718092:718230 [3] NCCL INFO New proxy send connection 16 from local rank 3, transport 2
MOC-R4PCC04U05:718092:718948 [3] NCCL INFO Connected to proxy localRank 3 -> connection 0x7f63340056b0
MOC-R4PCC04U05:718092:718948 [3] NCCL INFO Channel 00/0 : 3[3] -> 11[3] [send] via NET/Socket/0
MOC-R4PCC04U05:718092:718230 [3] NCCL INFO New proxy send connection 17 from local rank 3, transport 2
MOC-R4PCC04U05:718092:718948 [3] NCCL INFO Connected to proxy localRank 3 -> connection 0x7f6334005728
MOC-R4PCC04U05:718092:718948 [3] NCCL INFO Channel 01/0 : 3[3] -> 11[3] [send] via NET/Socket/0
MOC-R4PCC04U05:718092:718230 [3] NCCL INFO New proxy recv connection 18 from local rank 3, transport 2
MOC-R4PCC04U05:718092:718948 [3] NCCL INFO Connected to proxy localRank 3 -> connection 0x7f63340057a0
MOC-R4PCC04U05:718092:718948 [3] NCCL INFO Channel 02/0 : 7[3] -> 3[3] [receive] via NET/Socket/0
MOC-R4PCC04U05:718092:718230 [3] NCCL INFO New proxy recv connection 19 from local rank 3, transport 2
MOC-R4PCC04U05:718092:718948 [3] NCCL INFO Connected to proxy localRank 3 -> connection 0x7f6334005818
MOC-R4PCC04U05:718092:718948 [3] NCCL INFO Channel 03/0 : 7[3] -> 3[3] [receive] via NET/Socket/0
MOC-R4PCC04U05:718092:718230 [3] NCCL INFO New proxy send connection 20 from local rank 3, transport 0
MOC-R4PCC04U05:718092:718948 [3] NCCL INFO Connected to proxy localRank 3 -> connection 0x7f6334005890
MOC-R4PCC04U05:718092:718230 [3] NCCL INFO New proxy send connection 21 from local rank 3, transport 0
MOC-R4PCC04U05:718092:718948 [3] NCCL INFO Connected to proxy localRank 3 -> connection 0x7f6334005908
MOC-R4PCC04U05:718092:718230 [3] NCCL INFO New proxy send connection 22 from local rank 3, transport 0
MOC-R4PCC04U05:718092:718948 [3] NCCL INFO Connected to proxy localRank 3 -> connection 0x7f6334005980
MOC-R4PCC04U05:718092:718230 [3] NCCL INFO New proxy send connection 23 from local rank 3, transport 0
MOC-R4PCC04U05:718092:718948 [3] NCCL INFO Connected to proxy localRank 3 -> connection 0x7f63340059f8
step    1/10 | train loss 11.009524 | norm 15.3465 | lr 1.00e-04 | (15035.08 ms | 174355 tok/s)
step    2/10 | train loss 10.140069 | norm 5.7338 | lr 1.00e-04 | (509.30 ms | 5147131 tok/s)
step    3/10 | train loss 9.800385 | norm 2.6009 | lr 1.00e-04 | (494.11 ms | 5305415 tok/s)
step    4/10 | train loss 9.631464 | norm 2.1085 | lr 1.00e-04 | (494.60 ms | 5300131 tok/s)
step    5/10 | train loss 9.548709 | norm 2.0999 | lr 1.00e-04 | (493.36 ms | 5313475 tok/s)
step    6/10 | train loss 9.467642 | norm 1.9930 | lr 1.00e-04 | (492.48 ms | 5322921 tok/s)
step    7/10 | train loss 9.382117 | norm 1.9433 | lr 1.00e-04 | (493.16 ms | 5315577 tok/s)
step    8/10 | train loss 9.290379 | norm 1.9093 | lr 1.00e-04 | (492.43 ms | 5323493 tok/s)
step    9/10 | train loss 9.195256 | norm 1.8505 | lr 1.00e-04 | (491.52 ms | 5333344 tok/s)
step   10/10 | train loss 9.111428 | norm 1.7945 | lr 1.00e-04 | (491.24 ms | 5336409 tok/s)
final 9 iters avg: 494.688ms
peak memory consumption: 16601 MiB
