Running pytorch 2.7.0+cu126
using device: cuda:0
total desired batch size: 524288
=> calculated gradient accumulation steps: 2
using device: cuda:1using device: cuda:3

using device: cuda:2
compiling the model...
DataLoader: total number of tokens: 1,661,249,667 across 103 files
MOC-R4PCC04U05:444717:444717 [0] NCCL INFO NCCL_SOCKET_IFNAME set to eno7np0
MOC-R4PCC04U05:444717:444717 [0] NCCL INFO NCCL version 2.26.2+cuda12.2
MOC-R4PCC04U05:444719:444719 [2] NCCL INFO NCCL_SOCKET_IFNAME set to eno7np0
MOC-R4PCC04U05:444719:444719 [2] NCCL INFO NCCL version 2.26.2+cuda12.2
MOC-R4PCC04U05:444720:444720 [3] NCCL INFO NCCL_SOCKET_IFNAME set to eno7np0
MOC-R4PCC04U05:444720:444720 [3] NCCL INFO NCCL version 2.26.2+cuda12.2
MOC-R4PCC04U05:444717:444758 [0] NCCL INFO NET/Plugin: Could not find: libnccl-net.so. Using internal net plugin.
MOC-R4PCC04U05:444717:444758 [0] NCCL INFO NCCL_IB_HCA set to mlx5_5
MOC-R4PCC04U05:444718:444718 [1] NCCL INFO NCCL_SOCKET_IFNAME set to eno7np0
MOC-R4PCC04U05:444718:444718 [1] NCCL INFO NCCL version 2.26.2+cuda12.2
MOC-R4PCC04U05:444717:444758 [0] NCCL INFO NET/IB : Made virtual device [0] name=mlx5_5 speed=400000 ndevs=1
MOC-R4PCC04U05:444717:444758 [0] NCCL INFO NET/IB : Using [0]mlx5_5:1/RoCE [RO]; OOB eno7np0:192.168.50.193<0>
MOC-R4PCC04U05:444719:444759 [2] NCCL INFO NET/Plugin: Could not find: libnccl-net.so. Using internal net plugin.
MOC-R4PCC04U05:444719:444759 [2] NCCL INFO NCCL_IB_HCA set to mlx5_5
MOC-R4PCC04U05:444720:444760 [3] NCCL INFO NET/Plugin: Could not find: libnccl-net.so. Using internal net plugin.
MOC-R4PCC04U05:444720:444760 [3] NCCL INFO NCCL_IB_HCA set to mlx5_5
MOC-R4PCC04U05:444718:444761 [1] NCCL INFO NET/Plugin: Could not find: libnccl-net.so. Using internal net plugin.
MOC-R4PCC04U05:444718:444761 [1] NCCL INFO NCCL_IB_HCA set to mlx5_5
MOC-R4PCC04U05:444719:444759 [2] NCCL INFO NET/IB : Made virtual device [0] name=mlx5_5 speed=400000 ndevs=1
MOC-R4PCC04U05:444719:444759 [2] NCCL INFO NET/IB : Using [0]mlx5_5:1/RoCE [RO]; OOB eno7np0:192.168.50.193<0>
MOC-R4PCC04U05:444720:444760 [3] NCCL INFO NET/IB : Made virtual device [0] name=mlx5_5 speed=400000 ndevs=1
MOC-R4PCC04U05:444720:444760 [3] NCCL INFO NET/IB : Using [0]mlx5_5:1/RoCE [RO]; OOB eno7np0:192.168.50.193<0>
MOC-R4PCC04U05:444718:444761 [1] NCCL INFO NET/IB : Made virtual device [0] name=mlx5_5 speed=400000 ndevs=1
MOC-R4PCC04U05:444718:444761 [1] NCCL INFO NET/IB : Using [0]mlx5_5:1/RoCE [RO]; OOB eno7np0:192.168.50.193<0>
MOC-R4PCC04U05:444719:444759 [2] NCCL INFO NET/IB : GPU Direct RDMA Enabled for HCA 0 'mlx5_5'
MOC-R4PCC04U05:444719:444759 [2] NCCL INFO NET/IB : Made virtual device [1] name=mlx5_5 speed=400000 ndevs=1
MOC-R4PCC04U05:444719:444759 [2] NCCL INFO NET/IB : GPU Direct RDMA Enabled for HCA 0 'mlx5_5'
MOC-R4PCC04U05:444719:444759 [2] NCCL INFO NET/IB : GPU Direct RDMA Enabled for HCA 1 'mlx5_5'
MOC-R4PCC04U05:444720:444760 [3] NCCL INFO NET/IB : GPU Direct RDMA Enabled for HCA 0 'mlx5_5'
MOC-R4PCC04U05:444720:444760 [3] NCCL INFO NET/IB : Made virtual device [1] name=mlx5_5 speed=400000 ndevs=1
MOC-R4PCC04U05:444720:444760 [3] NCCL INFO NET/IB : GPU Direct RDMA Enabled for HCA 0 'mlx5_5'
MOC-R4PCC04U05:444720:444760 [3] NCCL INFO NET/IB : GPU Direct RDMA Enabled for HCA 1 'mlx5_5'
MOC-R4PCC04U05:444717:444758 [0] NCCL INFO NET/IB : GPU Direct RDMA Enabled for HCA 0 'mlx5_5'
MOC-R4PCC04U05:444717:444758 [0] NCCL INFO NET/IB : Made virtual device [1] name=mlx5_5 speed=400000 ndevs=1
MOC-R4PCC04U05:444717:444758 [0] NCCL INFO NET/IB : GPU Direct RDMA Enabled for HCA 0 'mlx5_5'
MOC-R4PCC04U05:444717:444758 [0] NCCL INFO NET/IB : GPU Direct RDMA Enabled for HCA 1 'mlx5_5'
MOC-R4PCC04U05:444718:444761 [1] NCCL INFO NET/IB : GPU Direct RDMA Enabled for HCA 0 'mlx5_5'
MOC-R4PCC04U05:444718:444761 [1] NCCL INFO NET/IB : Made virtual device [1] name=mlx5_5 speed=400000 ndevs=1
MOC-R4PCC04U05:444718:444761 [1] NCCL INFO NET/IB : GPU Direct RDMA Enabled for HCA 0 'mlx5_5'
MOC-R4PCC04U05:444718:444761 [1] NCCL INFO NET/IB : GPU Direct RDMA Enabled for HCA 1 'mlx5_5'
MOC-R4PCC04U05:444720:444760 [3] NCCL INFO GPU Direct RDMA Enabled for GPU 0 / HCA 1 (distance 5 <= 5), read 0 mode Default
MOC-R4PCC04U05:444720:444760 [3] NCCL INFO GPU Direct RDMA Enabled for GPU 1 / HCA 1 (distance 5 <= 5), read 0 mode Default
MOC-R4PCC04U05:444720:444760 [3] NCCL INFO GPU Direct RDMA Enabled for GPU 2 / HCA 1 (distance 5 <= 5), read 0 mode Default
MOC-R4PCC04U05:444720:444760 [3] NCCL INFO GPU Direct RDMA Enabled for GPU 3 / HCA 1 (distance 5 <= 5), read 0 mode Default
MOC-R4PCC04U05:444720:444760 [3] NCCL INFO GPU Direct RDMA Enabled for GPU 0 / HCA 1 (distance 5 <= 5), read 0 mode Default
MOC-R4PCC04U05:444720:444760 [3] NCCL INFO GPU Direct RDMA Enabled for GPU 1 / HCA 1 (distance 5 <= 5), read 0 mode Default
MOC-R4PCC04U05:444720:444760 [3] NCCL INFO GPU Direct RDMA Enabled for GPU 2 / HCA 1 (distance 5 <= 5), read 0 mode Default
MOC-R4PCC04U05:444720:444760 [3] NCCL INFO GPU Direct RDMA Enabled for GPU 3 / HCA 1 (distance 5 <= 5), read 0 mode Default
MOC-R4PCC04U05:444718:444761 [1] NCCL INFO GPU Direct RDMA Enabled for GPU 0 / HCA 1 (distance 5 <= 5), read 0 mode Default
MOC-R4PCC04U05:444718:444761 [1] NCCL INFO GPU Direct RDMA Enabled for GPU 1 / HCA 1 (distance 5 <= 5), read 0 mode Default
MOC-R4PCC04U05:444718:444761 [1] NCCL INFO GPU Direct RDMA Enabled for GPU 2 / HCA 1 (distance 5 <= 5), read 0 mode Default
MOC-R4PCC04U05:444718:444761 [1] NCCL INFO GPU Direct RDMA Enabled for GPU 3 / HCA 1 (distance 5 <= 5), read 0 mode Default
MOC-R4PCC04U05:444718:444761 [1] NCCL INFO GPU Direct RDMA Enabled for GPU 0 / HCA 1 (distance 5 <= 5), read 0 mode Default
MOC-R4PCC04U05:444718:444761 [1] NCCL INFO GPU Direct RDMA Enabled for GPU 1 / HCA 1 (distance 5 <= 5), read 0 mode Default
MOC-R4PCC04U05:444718:444761 [1] NCCL INFO GPU Direct RDMA Enabled for GPU 2 / HCA 1 (distance 5 <= 5), read 0 mode Default
MOC-R4PCC04U05:444718:444761 [1] NCCL INFO GPU Direct RDMA Enabled for GPU 3 / HCA 1 (distance 5 <= 5), read 0 mode Default
MOC-R4PCC04U05:444717:444758 [0] NCCL INFO GPU Direct RDMA Enabled for GPU 0 / HCA 1 (distance 5 <= 5), read 0 mode Default
MOC-R4PCC04U05:444717:444758 [0] NCCL INFO GPU Direct RDMA Enabled for GPU 1 / HCA 1 (distance 5 <= 5), read 0 mode Default
MOC-R4PCC04U05:444717:444758 [0] NCCL INFO GPU Direct RDMA Enabled for GPU 2 / HCA 1 (distance 5 <= 5), read 0 mode Default
MOC-R4PCC04U05:444717:444758 [0] NCCL INFO GPU Direct RDMA Enabled for GPU 3 / HCA 1 (distance 5 <= 5), read 0 mode Default
MOC-R4PCC04U05:444717:444758 [0] NCCL INFO GPU Direct RDMA Enabled for GPU 0 / HCA 1 (distance 5 <= 5), read 0 mode Default
MOC-R4PCC04U05:444717:444758 [0] NCCL INFO GPU Direct RDMA Enabled for GPU 1 / HCA 1 (distance 5 <= 5), read 0 mode Default
MOC-R4PCC04U05:444717:444758 [0] NCCL INFO GPU Direct RDMA Enabled for GPU 2 / HCA 1 (distance 5 <= 5), read 0 mode Default
MOC-R4PCC04U05:444717:444758 [0] NCCL INFO GPU Direct RDMA Enabled for GPU 3 / HCA 1 (distance 5 <= 5), read 0 mode Default
MOC-R4PCC04U05:444719:444759 [2] NCCL INFO GPU Direct RDMA Enabled for GPU 0 / HCA 1 (distance 5 <= 5), read 0 mode Default
MOC-R4PCC04U05:444719:444759 [2] NCCL INFO GPU Direct RDMA Enabled for GPU 1 / HCA 1 (distance 5 <= 5), read 0 mode Default
MOC-R4PCC04U05:444719:444759 [2] NCCL INFO GPU Direct RDMA Enabled for GPU 2 / HCA 1 (distance 5 <= 5), read 0 mode Default
MOC-R4PCC04U05:444719:444759 [2] NCCL INFO GPU Direct RDMA Enabled for GPU 3 / HCA 1 (distance 5 <= 5), read 0 mode Default
MOC-R4PCC04U05:444719:444759 [2] NCCL INFO GPU Direct RDMA Enabled for GPU 0 / HCA 1 (distance 5 <= 5), read 0 mode Default
MOC-R4PCC04U05:444719:444759 [2] NCCL INFO GPU Direct RDMA Enabled for GPU 1 / HCA 1 (distance 5 <= 5), read 0 mode Default
MOC-R4PCC04U05:444719:444759 [2] NCCL INFO GPU Direct RDMA Enabled for GPU 2 / HCA 1 (distance 5 <= 5), read 0 mode Default
MOC-R4PCC04U05:444719:444759 [2] NCCL INFO GPU Direct RDMA Enabled for GPU 3 / HCA 1 (distance 5 <= 5), read 0 mode Default
MOC-R4PCC04U05:444719:444782 [2] NCCL INFO GPU Direct RDMA Enabled for GPU 2 / HCA 1 (distance 5 <= 5), read 0 mode Default
MOC-R4PCC04U05:444720:444775 [3] NCCL INFO New proxy recv connection 0 from local rank 3, transport 0
MOC-R4PCC04U05:444720:444783 [3] NCCL INFO Connected to proxy localRank 3 -> connection 0x7f1838004f30
MOC-R4PCC04U05:444718:444780 [1] NCCL INFO New proxy recv connection 0 from local rank 1, transport 0
MOC-R4PCC04U05:444718:444784 [1] NCCL INFO Connected to proxy localRank 1 -> connection 0x7f877c004f30
MOC-R4PCC04U05:444717:444774 [0] NCCL INFO New proxy send connection 0 from local rank 0, transport 0
MOC-R4PCC04U05:444717:444785 [0] NCCL INFO Connected to proxy localRank 0 -> connection 0x7fb010004f30
MOC-R4PCC04U05:444720:444775 [3] NCCL INFO New proxy recv connection 1 from local rank 3, transport 0
MOC-R4PCC04U05:444720:444783 [3] NCCL INFO Connected to proxy localRank 3 -> connection 0x7f1838004fa8
MOC-R4PCC04U05:444718:444780 [1] NCCL INFO New proxy recv connection 1 from local rank 1, transport 0
MOC-R4PCC04U05:444718:444784 [1] NCCL INFO Connected to proxy localRank 1 -> connection 0x7f877c004fa8
MOC-R4PCC04U05:444720:444775 [3] NCCL INFO New proxy recv connection 2 from local rank 3, transport 0
MOC-R4PCC04U05:444718:444780 [1] NCCL INFO New proxy recv connection 2 from local rank 1, transport 0
MOC-R4PCC04U05:444720:444783 [3] NCCL INFO Connected to proxy localRank 3 -> connection 0x7f1838005020
MOC-R4PCC04U05:444718:444784 [1] NCCL INFO Connected to proxy localRank 1 -> connection 0x7f877c005020
MOC-R4PCC04U05:444717:444774 [0] NCCL INFO New proxy send connection 1 from local rank 0, transport 0
MOC-R4PCC04U05:444717:444785 [0] NCCL INFO Connected to proxy localRank 0 -> connection 0x7fb010004fa8
MOC-R4PCC04U05:444720:444775 [3] NCCL INFO New proxy recv connection 3 from local rank 3, transport 0
MOC-R4PCC04U05:444720:444783 [3] NCCL INFO Connected to proxy localRank 3 -> connection 0x7f1838005098
MOC-R4PCC04U05:444718:444780 [1] NCCL INFO New proxy recv connection 3 from local rank 1, transport 0
MOC-R4PCC04U05:444718:444784 [1] NCCL INFO Connected to proxy localRank 1 -> connection 0x7f877c005098
MOC-R4PCC04U05:444720:444783 [3] NCCL INFO GPU Direct RDMA Enabled for GPU 3 / HCA 1 (distance 5 <= 5), read 1 mode Default
MOC-R4PCC04U05:444717:444774 [0] NCCL INFO New proxy send connection 2 from local rank 0, transport 0
MOC-R4PCC04U05:444717:444785 [0] NCCL INFO Connected to proxy localRank 0 -> connection 0x7fb010005020
MOC-R4PCC04U05:444718:444780 [1] NCCL INFO New proxy send connection 4 from local rank 1, transport 0
MOC-R4PCC04U05:444718:444784 [1] NCCL INFO Connected to proxy localRank 1 -> connection 0x7f877c005110
MOC-R4PCC04U05:444717:444774 [0] NCCL INFO New proxy send connection 3 from local rank 0, transport 0
MOC-R4PCC04U05:444718:444780 [1] NCCL INFO New proxy send connection 5 from local rank 1, transport 0
MOC-R4PCC04U05:444717:444785 [0] NCCL INFO Connected to proxy localRank 0 -> connection 0x7fb010005098
MOC-R4PCC04U05:444718:444784 [1] NCCL INFO Connected to proxy localRank 1 -> connection 0x7f877c005188
MOC-R4PCC04U05:444718:444780 [1] NCCL INFO New proxy send connection 6 from local rank 1, transport 0
MOC-R4PCC04U05:444718:444784 [1] NCCL INFO Connected to proxy localRank 1 -> connection 0x7f877c005200
MOC-R4PCC04U05:444718:444780 [1] NCCL INFO New proxy send connection 7 from local rank 1, transport 0
MOC-R4PCC04U05:444718:444784 [1] NCCL INFO Connected to proxy localRank 1 -> connection 0x7f877c005278
MOC-R4PCC04U05:444719:444776 [2] NCCL INFO New proxy recv connection 0 from local rank 2, transport 2
MOC-R4PCC04U05:444719:444776 [2] NCCL INFO New proxy send connection 1 from local rank 3, transport 2
MOC-R4PCC04U05:444719:444782 [2] NCCL INFO Connected to proxy localRank 2 -> connection 0x7feab8004f30
MOC-R4PCC04U05:444720:444783 [3] NCCL INFO Connected to proxy localRank 2 -> connection 0x7feab8004fa8
MOC-R4PCC04U05:444719:444782 [2] NCCL INFO Channel 00/0 : 7[3] -> 2[2] [receive] via NET/IB/1/GDRDMA
MOC-R4PCC04U05:444719:444782 [2] NCCL INFO GPU Direct RDMA Enabled for GPU 2 / HCA 1 (distance 5 <= 5), read 0 mode Default
MOC-R4PCC04U05:444720:444783 [3] NCCL INFO Channel 00/0 : 3[3] -> 6[2] [send] via NET/IB/1(2)/GDRDMA
MOC-R4PCC04U05:444719:444776 [2] NCCL INFO New proxy recv connection 2 from local rank 2, transport 2
MOC-R4PCC04U05:444720:444783 [3] NCCL INFO GPU Direct RDMA Enabled for GPU 3 / HCA 1 (distance 5 <= 5), read 1 mode Default
MOC-R4PCC04U05:444719:444782 [2] NCCL INFO Connected to proxy localRank 2 -> connection 0x7feab8005020
MOC-R4PCC04U05:444719:444776 [2] NCCL INFO New proxy send connection 3 from local rank 3, transport 2
MOC-R4PCC04U05:444720:444783 [3] NCCL INFO Connected to proxy localRank 2 -> connection 0x7feab8005098
MOC-R4PCC04U05:444719:444782 [2] NCCL INFO Channel 01/0 : 7[3] -> 2[2] [receive] via NET/IB/1/GDRDMA
MOC-R4PCC04U05:444719:444782 [2] NCCL INFO GPU Direct RDMA Enabled for GPU 2 / HCA 1 (distance 5 <= 5), read 0 mode Default
MOC-R4PCC04U05:444720:444783 [3] NCCL INFO Channel 01/0 : 3[3] -> 6[2] [send] via NET/IB/1(2)/GDRDMA
MOC-R4PCC04U05:444720:444783 [3] NCCL INFO GPU Direct RDMA Enabled for GPU 3 / HCA 1 (distance 5 <= 5), read 1 mode Default
MOC-R4PCC04U05:444719:444776 [2] NCCL INFO New proxy recv connection 4 from local rank 2, transport 2
MOC-R4PCC04U05:444719:444782 [2] NCCL INFO Connected to proxy localRank 2 -> connection 0x7feab8005110
MOC-R4PCC04U05:444719:444776 [2] NCCL INFO New proxy send connection 5 from local rank 3, transport 2
MOC-R4PCC04U05:444720:444783 [3] NCCL INFO Connected to proxy localRank 2 -> connection 0x7feab8005188
MOC-R4PCC04U05:444719:444782 [2] NCCL INFO Channel 02/0 : 7[3] -> 2[2] [receive] via NET/IB/1/GDRDMA
MOC-R4PCC04U05:444719:444782 [2] NCCL INFO GPU Direct RDMA Enabled for GPU 2 / HCA 1 (distance 5 <= 5), read 0 mode Default
MOC-R4PCC04U05:444720:444783 [3] NCCL INFO Channel 02/0 : 3[3] -> 6[2] [send] via NET/IB/1(2)/GDRDMA
MOC-R4PCC04U05:444720:444783 [3] NCCL INFO GPU Direct RDMA Enabled for GPU 3 / HCA 1 (distance 5 <= 5), read 1 mode Default
MOC-R4PCC04U05:444719:444776 [2] NCCL INFO New proxy recv connection 6 from local rank 2, transport 2
MOC-R4PCC04U05:444719:444782 [2] NCCL INFO Connected to proxy localRank 2 -> connection 0x7feab8005200
MOC-R4PCC04U05:444719:444776 [2] NCCL INFO New proxy send connection 7 from local rank 3, transport 2
MOC-R4PCC04U05:444720:444783 [3] NCCL INFO Connected to proxy localRank 2 -> connection 0x7feab8005278
MOC-R4PCC04U05:444719:444782 [2] NCCL INFO Channel 03/0 : 7[3] -> 2[2] [receive] via NET/IB/1/GDRDMA
MOC-R4PCC04U05:444720:444783 [3] NCCL INFO Channel 03/0 : 3[3] -> 6[2] [send] via NET/IB/1(2)/GDRDMA
MOC-R4PCC04U05:444717:444774 [0] NCCL INFO New proxy recv connection 4 from local rank 0, transport 0
MOC-R4PCC04U05:444717:444785 [0] NCCL INFO Connected to proxy localRank 0 -> connection 0x7fb010005110
MOC-R4PCC04U05:444717:444774 [0] NCCL INFO New proxy recv connection 5 from local rank 0, transport 0
MOC-R4PCC04U05:444717:444785 [0] NCCL INFO Connected to proxy localRank 0 -> connection 0x7fb010005188
MOC-R4PCC04U05:444717:444774 [0] NCCL INFO New proxy recv connection 6 from local rank 0, transport 0
MOC-R4PCC04U05:444717:444785 [0] NCCL INFO Connected to proxy localRank 0 -> connection 0x7fb010005200
MOC-R4PCC04U05:444717:444774 [0] NCCL INFO New proxy recv connection 7 from local rank 0, transport 0
MOC-R4PCC04U05:444717:444785 [0] NCCL INFO Connected to proxy localRank 0 -> connection 0x7fb010005278
MOC-R4PCC04U05:444720:444775 [3] NCCL INFO New proxy send connection 4 from local rank 0, transport 0
MOC-R4PCC04U05:444717:444785 [0] NCCL INFO Connected to proxy localRank 3 -> connection 0x7f1838005110
MOC-R4PCC04U05:444718:444780 [1] NCCL INFO New proxy send connection 8 from local rank 0, transport 0
MOC-R4PCC04U05:444717:444785 [0] NCCL INFO Connected to proxy localRank 1 -> connection 0x7f877c0052f0
MOC-R4PCC04U05:444717:444774 [0] NCCL INFO New proxy send connection 8 from local rank 3, transport 0
MOC-R4PCC04U05:444720:444783 [3] NCCL INFO Connected to proxy localRank 0 -> connection 0x7fb0100052f0
MOC-R4PCC04U05:444719:444776 [2] NCCL INFO New proxy send connection 8 from local rank 2, transport 0
MOC-R4PCC04U05:444719:444782 [2] NCCL INFO Connected to proxy localRank 2 -> connection 0x7feab80052f0
MOC-R4PCC04U05:444719:444776 [2] NCCL INFO New proxy send connection 9 from local rank 2, transport 0
MOC-R4PCC04U05:444719:444782 [2] NCCL INFO Connected to proxy localRank 2 -> connection 0x7feab8005368
MOC-R4PCC04U05:444719:444776 [2] NCCL INFO NET/IB: NCCL Dev 1 IbDev 0 Port 1 qpn 6614 mtu 3 query_ece={supported=1, vendor_id=0x15b3, options=0x30000002, comp_mask=0x0} GID 3 (0/C132A8C0FFFF0000) fifoRkey=0x17601f fifoLkey=0x17601f
MOC-R4PCC04U05:444719:444776 [2] NCCL INFO New proxy send connection 10 from local rank 2, transport 0
MOC-R4PCC04U05:444719:444782 [2] NCCL INFO Connected to proxy localRank 2 -> connection 0x7feab80053e0
MOC-R4PCC04U05:444719:444776 [2] NCCL INFO New proxy send connection 11 from local rank 2, transport 0
MOC-R4PCC04U05:444719:444782 [2] NCCL INFO Connected to proxy localRank 2 -> connection 0x7feab8005458
MOC-R4PCC04U05:444718:444780 [1] NCCL INFO New proxy send connection 9 from local rank 2, transport 0
MOC-R4PCC04U05:444719:444782 [2] NCCL INFO Connected to proxy localRank 1 -> connection 0x7f877c005368
MOC-R4PCC04U05:444717:444774 [0] NCCL INFO New proxy send connection 9 from local rank 1, transport 0
MOC-R4PCC04U05:444718:444784 [1] NCCL INFO Connected to proxy localRank 0 -> connection 0x7fb010005368
MOC-R4PCC04U05:444719:444776 [2] NCCL INFO NET/IB: IbDev 0 Port 1 qpn 6854 set_ece={supported=1, vendor_id=0x15b3, options=0x0, comp_mask=0x0}
MOC-R4PCC04U05:444719:444776 [2] NCCL INFO NET/IB: NCCL Dev 1 IbDev 0 Port 1 qpn 6615 mtu 3 query_ece={supported=1, vendor_id=0x15b3, options=0x30000002, comp_mask=0x0} GID 3 (0/C132A8C0FFFF0000) fifoRkey=0x17e7a6 fifoLkey=0x17e7a6
MOC-R4PCC04U05:444719:444776 [2] NCCL INFO NET/IB: NCCL Dev 1 IbDev 0 Port 1 qpn 6616 mtu 3 query_ece={supported=1, vendor_id=0x15b3, options=0x30000002, comp_mask=0x0} GID 3 (0/C132A8C0FFFF0000) fifoRkey=0x16a464 fifoLkey=0x16a464
MOC-R4PCC04U05:444719:444776 [2] NCCL INFO NET/IB: NCCL Dev 1 IbDev 0 Port 1 qpn 6617 mtu 3 query_ece={supported=1, vendor_id=0x15b3, options=0x30000002, comp_mask=0x0} GID 3 (0/C132A8C0FFFF0000) fifoRkey=0x17d190 fifoLkey=0x17d190
MOC-R4PCC04U05:444719:444776 [2] NCCL INFO New proxy send connection 12 from local rank 3, transport 0
MOC-R4PCC04U05:444720:444783 [3] NCCL INFO Connected to proxy localRank 2 -> connection 0x7feab80054d0
MOC-R4PCC04U05:444719:444776 [2] NCCL INFO New proxy send connection 13 from local rank 1, transport 0
MOC-R4PCC04U05:444718:444784 [1] NCCL INFO Connected to proxy localRank 2 -> connection 0x7feab8005548
MOC-R4PCC04U05:444719:444776 [2] NCCL INFO NET/IB: IbDev 0 Port 1 qpn 6857 set_ece={supported=1, vendor_id=0x15b3, options=0x0, comp_mask=0x0}
MOC-R4PCC04U05:444719:444776 [2] NCCL INFO NET/IB: IbDev 0 Port 1 qpn 6859 set_ece={supported=1, vendor_id=0x15b3, options=0x0, comp_mask=0x0}
MOC-R4PCC04U05:444719:444776 [2] NCCL INFO NET/IB: IbDev 0 Port 1 qpn 6861 set_ece={supported=1, vendor_id=0x15b3, options=0x0, comp_mask=0x0}
num decayed parameter tensors: 50, with 124,318,464 parameters
num non-decayed parameter tensors: 98, with 121,344 parameters
using fused AdamW: False
using regular AdamW
MOC-R4PCC04U05:444719:444776 [2] NCCL INFO New proxy send connection 14 from local rank 2, transport 0
MOC-R4PCC04U05:444719:445475 [2] NCCL INFO Connected to proxy localRank 2 -> connection 0x7feab80055c0
MOC-R4PCC04U05:444719:444776 [2] NCCL INFO New proxy send connection 15 from local rank 2, transport 0
MOC-R4PCC04U05:444719:445475 [2] NCCL INFO Connected to proxy localRank 2 -> connection 0x7feab8005638
MOC-R4PCC04U05:444719:444776 [2] NCCL INFO New proxy send connection 16 from local rank 2, transport 0
MOC-R4PCC04U05:444719:445475 [2] NCCL INFO Connected to proxy localRank 2 -> connection 0x7feab80056b0
MOC-R4PCC04U05:444719:444776 [2] NCCL INFO New proxy send connection 17 from local rank 2, transport 0
MOC-R4PCC04U05:444719:445475 [2] NCCL INFO Connected to proxy localRank 2 -> connection 0x7feab8005728
MOC-R4PCC04U05:444720:444775 [3] NCCL INFO New proxy recv connection 5 from local rank 3, transport 0
MOC-R4PCC04U05:444720:445476 [3] NCCL INFO Connected to proxy localRank 3 -> connection 0x7f1838005188
MOC-R4PCC04U05:444720:444775 [3] NCCL INFO New proxy recv connection 6 from local rank 3, transport 0
MOC-R4PCC04U05:444720:445476 [3] NCCL INFO Connected to proxy localRank 3 -> connection 0x7f1838005200
MOC-R4PCC04U05:444720:444775 [3] NCCL INFO New proxy recv connection 7 from local rank 3, transport 0
MOC-R4PCC04U05:444720:445476 [3] NCCL INFO Connected to proxy localRank 3 -> connection 0x7f1838005278
MOC-R4PCC04U05:444720:444775 [3] NCCL INFO New proxy recv connection 8 from local rank 3, transport 0
MOC-R4PCC04U05:444720:445476 [3] NCCL INFO Connected to proxy localRank 3 -> connection 0x7f18380052f0
MOC-R4PCC04U05:444719:445475 [2] NCCL INFO GPU Direct RDMA Enabled for GPU 2 / HCA 1 (distance 5 <= 5), read 0 mode Default
MOC-R4PCC04U05:444720:444775 [3] NCCL INFO New proxy send connection 9 from local rank 3, transport 0
MOC-R4PCC04U05:444720:445476 [3] NCCL INFO Connected to proxy localRank 3 -> connection 0x7f1838005368
MOC-R4PCC04U05:444719:444776 [2] NCCL INFO New proxy recv connection 18 from local rank 2, transport 2
MOC-R4PCC04U05:444719:445475 [2] NCCL INFO Connected to proxy localRank 2 -> connection 0x7feab80057a0
MOC-R4PCC04U05:444720:444775 [3] NCCL INFO New proxy send connection 10 from local rank 3, transport 0
MOC-R4PCC04U05:444720:445476 [3] NCCL INFO Connected to proxy localRank 3 -> connection 0x7f18380053e0
MOC-R4PCC04U05:444719:445475 [2] NCCL INFO Channel 00/0 : 6[2] -> 2[2] [receive] via NET/IB/1/GDRDMA
MOC-R4PCC04U05:444719:445475 [2] NCCL INFO GPU Direct RDMA Enabled for GPU 2 / HCA 1 (distance 5 <= 5), read 0 mode Default
MOC-R4PCC04U05:444719:444776 [2] NCCL INFO New proxy recv connection 19 from local rank 2, transport 2
MOC-R4PCC04U05:444719:445475 [2] NCCL INFO Connected to proxy localRank 2 -> connection 0x7feab8005818
MOC-R4PCC04U05:444719:445475 [2] NCCL INFO Channel 01/0 : 6[2] -> 2[2] [receive] via NET/IB/1/GDRDMA
MOC-R4PCC04U05:444719:445475 [2] NCCL INFO GPU Direct RDMA Enabled for GPU 2 / HCA 1 (distance 5 <= 5), read 0 mode Default
MOC-R4PCC04U05:444719:444776 [2] NCCL INFO New proxy recv connection 20 from local rank 2, transport 2
MOC-R4PCC04U05:444720:444775 [3] NCCL INFO New proxy send connection 11 from local rank 3, transport 0
MOC-R4PCC04U05:444719:445475 [2] NCCL INFO Connected to proxy localRank 2 -> connection 0x7feab8005890
MOC-R4PCC04U05:444720:445476 [3] NCCL INFO Connected to proxy localRank 3 -> connection 0x7f1838005458
MOC-R4PCC04U05:444719:445475 [2] NCCL INFO Channel 02/0 : 6[2] -> 2[2] [receive] via NET/IB/1/GDRDMA
MOC-R4PCC04U05:444719:445475 [2] NCCL INFO GPU Direct RDMA Enabled for GPU 2 / HCA 1 (distance 5 <= 5), read 0 mode Default
MOC-R4PCC04U05:444719:444776 [2] NCCL INFO New proxy recv connection 21 from local rank 2, transport 2
MOC-R4PCC04U05:444719:445475 [2] NCCL INFO Connected to proxy localRank 2 -> connection 0x7feab8005908
MOC-R4PCC04U05:444719:445475 [2] NCCL INFO Channel 03/0 : 6[2] -> 2[2] [receive] via NET/IB/1/GDRDMA
MOC-R4PCC04U05:444719:445475 [2] NCCL INFO GPU Direct RDMA Enabled for GPU 2 / HCA 1 (distance 5 <= 5), read 1 mode Default
MOC-R4PCC04U05:444719:444776 [2] NCCL INFO New proxy send connection 22 from local rank 2, transport 2
MOC-R4PCC04U05:444719:445475 [2] NCCL INFO Connected to proxy localRank 2 -> connection 0x7feab8005980
MOC-R4PCC04U05:444719:445475 [2] NCCL INFO Channel 00/0 : 2[2] -> 6[2] [send] via NET/IB/1/GDRDMA
MOC-R4PCC04U05:444719:445475 [2] NCCL INFO GPU Direct RDMA Enabled for GPU 2 / HCA 1 (distance 5 <= 5), read 1 mode Default
MOC-R4PCC04U05:444719:444776 [2] NCCL INFO New proxy send connection 23 from local rank 2, transport 2
MOC-R4PCC04U05:444719:445475 [2] NCCL INFO Connected to proxy localRank 2 -> connection 0x7feab80059f8
MOC-R4PCC04U05:444719:445475 [2] NCCL INFO Channel 01/0 : 2[2] -> 6[2] [send] via NET/IB/1/GDRDMA
MOC-R4PCC04U05:444719:445475 [2] NCCL INFO GPU Direct RDMA Enabled for GPU 2 / HCA 1 (distance 5 <= 5), read 1 mode Default
MOC-R4PCC04U05:444719:444776 [2] NCCL INFO New proxy send connection 24 from local rank 2, transport 2
MOC-R4PCC04U05:444719:445475 [2] NCCL INFO Connected to proxy localRank 2 -> connection 0x7feab8005a70
MOC-R4PCC04U05:444719:445475 [2] NCCL INFO Channel 02/0 : 2[2] -> 6[2] [send] via NET/IB/1/GDRDMA
MOC-R4PCC04U05:444720:444775 [3] NCCL INFO New proxy send connection 12 from local rank 3, transport 0
MOC-R4PCC04U05:444719:445475 [2] NCCL INFO GPU Direct RDMA Enabled for GPU 2 / HCA 1 (distance 5 <= 5), read 1 mode Default
MOC-R4PCC04U05:444720:445476 [3] NCCL INFO Connected to proxy localRank 3 -> connection 0x7f18380054d0
MOC-R4PCC04U05:444719:444776 [2] NCCL INFO New proxy send connection 25 from local rank 2, transport 2
MOC-R4PCC04U05:444719:445475 [2] NCCL INFO Connected to proxy localRank 2 -> connection 0x7feab8005ae8
MOC-R4PCC04U05:444719:445475 [2] NCCL INFO Channel 03/0 : 2[2] -> 6[2] [send] via NET/IB/1/GDRDMA
MOC-R4PCC04U05:444717:444774 [0] NCCL INFO New proxy send connection 10 from local rank 0, transport 0
MOC-R4PCC04U05:444717:445477 [0] NCCL INFO Connected to proxy localRank 0 -> connection 0x7fb0100053e0
MOC-R4PCC04U05:444717:444774 [0] NCCL INFO New proxy send connection 11 from local rank 0, transport 0
MOC-R4PCC04U05:444717:445477 [0] NCCL INFO Connected to proxy localRank 0 -> connection 0x7fb010005458
MOC-R4PCC04U05:444717:444774 [0] NCCL INFO New proxy send connection 12 from local rank 0, transport 0
MOC-R4PCC04U05:444717:445477 [0] NCCL INFO Connected to proxy localRank 0 -> connection 0x7fb0100054d0
MOC-R4PCC04U05:444717:444774 [0] NCCL INFO New proxy send connection 13 from local rank 0, transport 0
MOC-R4PCC04U05:444717:445477 [0] NCCL INFO Connected to proxy localRank 0 -> connection 0x7fb010005548
MOC-R4PCC04U05:444719:444776 [2] NCCL INFO New proxy recv connection 26 from local rank 2, transport 0
MOC-R4PCC04U05:444719:445475 [2] NCCL INFO Connected to proxy localRank 2 -> connection 0x7feab8005b60
MOC-R4PCC04U05:444719:444776 [2] NCCL INFO New proxy recv connection 27 from local rank 2, transport 0
MOC-R4PCC04U05:444719:445475 [2] NCCL INFO Connected to proxy localRank 2 -> connection 0x7feab8005bd8
MOC-R4PCC04U05:444719:444776 [2] NCCL INFO New proxy recv connection 28 from local rank 2, transport 0
MOC-R4PCC04U05:444719:445475 [2] NCCL INFO Connected to proxy localRank 2 -> connection 0x7feab8005c50
MOC-R4PCC04U05:444719:444776 [2] NCCL INFO New proxy recv connection 29 from local rank 2, transport 0
MOC-R4PCC04U05:444719:445475 [2] NCCL INFO Connected to proxy localRank 2 -> connection 0x7feab8005cc8
MOC-R4PCC04U05:444718:444780 [1] NCCL INFO New proxy recv connection 10 from local rank 1, transport 0
MOC-R4PCC04U05:444718:445478 [1] NCCL INFO Connected to proxy localRank 1 -> connection 0x7f877c0053e0
MOC-R4PCC04U05:444718:444780 [1] NCCL INFO New proxy recv connection 11 from local rank 1, transport 0
MOC-R4PCC04U05:444718:445478 [1] NCCL INFO Connected to proxy localRank 1 -> connection 0x7f877c005458
MOC-R4PCC04U05:444718:444780 [1] NCCL INFO New proxy recv connection 12 from local rank 1, transport 0
MOC-R4PCC04U05:444718:445478 [1] NCCL INFO Connected to proxy localRank 1 -> connection 0x7f877c0054d0
MOC-R4PCC04U05:444718:444780 [1] NCCL INFO New proxy recv connection 13 from local rank 1, transport 0
MOC-R4PCC04U05:444718:445478 [1] NCCL INFO Connected to proxy localRank 1 -> connection 0x7f877c005548
MOC-R4PCC04U05:444717:444774 [0] NCCL INFO New proxy recv connection 14 from local rank 0, transport 0
MOC-R4PCC04U05:444717:445477 [0] NCCL INFO Connected to proxy localRank 0 -> connection 0x7fb0100055c0
MOC-R4PCC04U05:444717:444774 [0] NCCL INFO New proxy recv connection 15 from local rank 0, transport 0
MOC-R4PCC04U05:444717:445477 [0] NCCL INFO Connected to proxy localRank 0 -> connection 0x7fb010005638
MOC-R4PCC04U05:444717:444774 [0] NCCL INFO New proxy recv connection 16 from local rank 0, transport 0
MOC-R4PCC04U05:444717:445477 [0] NCCL INFO Connected to proxy localRank 0 -> connection 0x7fb0100056b0
MOC-R4PCC04U05:444717:444774 [0] NCCL INFO New proxy recv connection 17 from local rank 0, transport 0
MOC-R4PCC04U05:444717:445477 [0] NCCL INFO Connected to proxy localRank 0 -> connection 0x7fb010005728
MOC-R4PCC04U05:444720:444775 [3] NCCL INFO New proxy send connection 13 from local rank 3, transport 0
MOC-R4PCC04U05:444720:445476 [3] NCCL INFO Connected to proxy localRank 3 -> connection 0x7f1838005548
MOC-R4PCC04U05:444720:444775 [3] NCCL INFO New proxy send connection 14 from local rank 3, transport 0
MOC-R4PCC04U05:444720:445476 [3] NCCL INFO Connected to proxy localRank 3 -> connection 0x7f18380055c0
MOC-R4PCC04U05:444720:444775 [3] NCCL INFO New proxy send connection 15 from local rank 3, transport 0
MOC-R4PCC04U05:444720:445476 [3] NCCL INFO Connected to proxy localRank 3 -> connection 0x7f1838005638
MOC-R4PCC04U05:444720:444775 [3] NCCL INFO New proxy send connection 16 from local rank 3, transport 0
MOC-R4PCC04U05:444720:445476 [3] NCCL INFO Connected to proxy localRank 3 -> connection 0x7f18380056b0
MOC-R4PCC04U05:444720:444775 [3] NCCL INFO New proxy send connection 17 from local rank 2, transport 0
MOC-R4PCC04U05:444719:445475 [2] NCCL INFO Connected to proxy localRank 3 -> connection 0x7f1838005728
MOC-R4PCC04U05:444719:444776 [2] NCCL INFO NET/IB: NCCL Dev 1 IbDev 0 Port 1 qpn 6626 mtu 3 query_ece={supported=1, vendor_id=0x15b3, options=0x30000002, comp_mask=0x0} GID 3 (0/C132A8C0FFFF0000) fifoRkey=0x17edac fifoLkey=0x17edac
MOC-R4PCC04U05:444719:444776 [2] NCCL INFO NET/IB: NCCL Dev 1 IbDev 0 Port 1 qpn 6629 mtu 3 query_ece={supported=1, vendor_id=0x15b3, options=0x30000002, comp_mask=0x0} GID 3 (0/C132A8C0FFFF0000) fifoRkey=0x17ecab fifoLkey=0x17ecab
MOC-R4PCC04U05:444719:444776 [2] NCCL INFO NET/IB: IbDev 0 Port 1 qpn 6867 set_ece={supported=1, vendor_id=0x15b3, options=0x0, comp_mask=0x0}
MOC-R4PCC04U05:444719:444776 [2] NCCL INFO NET/IB: IbDev 0 Port 1 qpn 6869 set_ece={supported=1, vendor_id=0x15b3, options=0x0, comp_mask=0x0}
MOC-R4PCC04U05:444719:444776 [2] NCCL INFO NET/IB: NCCL Dev 1 IbDev 0 Port 1 qpn 6634 mtu 3 query_ece={supported=1, vendor_id=0x15b3, options=0x30000002, comp_mask=0x0} GID 3 (0/C132A8C0FFFF0000) fifoRkey=0x175c1c fifoLkey=0x175c1c
MOC-R4PCC04U05:444719:444776 [2] NCCL INFO NET/IB: NCCL Dev 1 IbDev 0 Port 1 qpn 6637 mtu 3 query_ece={supported=1, vendor_id=0x15b3, options=0x30000002, comp_mask=0x0} GID 3 (0/C132A8C0FFFF0000) fifoRkey=0x173bfa fifoLkey=0x173bfa
MOC-R4PCC04U05:444719:444776 [2] NCCL INFO NET/IB: IbDev 0 Port 1 qpn 6874 set_ece={supported=1, vendor_id=0x15b3, options=0x0, comp_mask=0x0}
MOC-R4PCC04U05:444719:444776 [2] NCCL INFO NET/IB: IbDev 0 Port 1 qpn 6876 set_ece={supported=1, vendor_id=0x15b3, options=0x0, comp_mask=0x0}
step    1/10 | train loss 11.008972 | norm 15.7108 | lr 1.00e-04 | (13866.00 ms | 37811 tok/s)
step    2/10 | train loss 10.123236 | norm 5.8019 | lr 1.00e-04 | (193.53 ms | 2709128 tok/s)
step    3/10 | train loss 9.777218 | norm 2.6314 | lr 1.00e-04 | (186.80 ms | 2806667 tok/s)
step    4/10 | train loss 9.607363 | norm 2.1165 | lr 1.00e-04 | (188.50 ms | 2781306 tok/s)
step    5/10 | train loss 9.524714 | norm 2.1075 | lr 1.00e-04 | (185.78 ms | 2822032 tok/s)
step    6/10 | train loss 9.443520 | norm 2.0013 | lr 1.00e-04 | (187.49 ms | 2796338 tok/s)
step    7/10 | train loss 9.358730 | norm 1.9491 | lr 1.00e-04 | (187.39 ms | 2797889 tok/s)
step    8/10 | train loss 9.269131 | norm 1.9124 | lr 1.00e-04 | (188.09 ms | 2787402 tok/s)
step    9/10 | train loss 9.176636 | norm 1.8636 | lr 1.00e-04 | (187.26 ms | 2799759 tok/s)
step   10/10 | train loss 9.088055 | norm 1.7782 | lr 1.00e-04 | (187.25 ms | 2799991 tok/s)
final 9 iters avg: 188.010ms
peak memory consumption: 16601 MiB
