Running pytorch 2.7.0+cu126
using device: cuda:0
total desired batch size: 2621440
=> calculated gradient accumulation steps: 5
using device: cuda:1
using device: cuda:2
using device: cuda:3
compiling the model...
DataLoader: total number of tokens: 1,661,249,667 across 103 files
MOC-R4PCC04U05:663335:663335 [0] NCCL INFO NCCL_SOCKET_IFNAME set to eno7np0
MOC-R4PCC04U05:663335:663335 [0] NCCL INFO NCCL version 2.26.2+cuda12.2
MOC-R4PCC04U05:663335:663441 [0] NCCL INFO NET/Plugin: Could not find: libnccl-net.so. Using internal net plugin.
MOC-R4PCC04U05:663335:663441 [0] NCCL INFO NCCL_IB_HCA set to mlx5_5
MOC-R4PCC04U05:663335:663441 [0] NCCL INFO NET/IB : Made virtual device [0] name=mlx5_5 speed=400000 ndevs=1
MOC-R4PCC04U05:663335:663441 [0] NCCL INFO NET/IB : Using [0]mlx5_5:1/RoCE [RO]; OOB eno7np0:192.168.50.193<0>
MOC-R4PCC04U05:663338:663338 [3] NCCL INFO NCCL_SOCKET_IFNAME set to eno7np0
MOC-R4PCC04U05:663338:663338 [3] NCCL INFO NCCL version 2.26.2+cuda12.2
MOC-R4PCC04U05:663336:663336 [1] NCCL INFO NCCL_SOCKET_IFNAME set to eno7np0
MOC-R4PCC04U05:663336:663336 [1] NCCL INFO NCCL version 2.26.2+cuda12.2
MOC-R4PCC04U05:663337:663337 [2] NCCL INFO NCCL_SOCKET_IFNAME set to eno7np0
MOC-R4PCC04U05:663337:663337 [2] NCCL INFO NCCL version 2.26.2+cuda12.2
MOC-R4PCC04U05:663338:663464 [3] NCCL INFO NET/Plugin: Could not find: libnccl-net.so. Using internal net plugin.
MOC-R4PCC04U05:663338:663464 [3] NCCL INFO NCCL_IB_HCA set to mlx5_5
MOC-R4PCC04U05:663336:663465 [1] NCCL INFO NET/Plugin: Could not find: libnccl-net.so. Using internal net plugin.
MOC-R4PCC04U05:663336:663465 [1] NCCL INFO NCCL_IB_HCA set to mlx5_5
MOC-R4PCC04U05:663337:663466 [2] NCCL INFO NET/Plugin: Could not find: libnccl-net.so. Using internal net plugin.
MOC-R4PCC04U05:663337:663466 [2] NCCL INFO NCCL_IB_HCA set to mlx5_5
MOC-R4PCC04U05:663338:663464 [3] NCCL INFO NET/IB : Made virtual device [0] name=mlx5_5 speed=400000 ndevs=1
MOC-R4PCC04U05:663338:663464 [3] NCCL INFO NET/IB : Using [0]mlx5_5:1/RoCE [RO]; OOB eno7np0:192.168.50.193<0>
MOC-R4PCC04U05:663336:663465 [1] NCCL INFO NET/IB : Made virtual device [0] name=mlx5_5 speed=400000 ndevs=1
MOC-R4PCC04U05:663336:663465 [1] NCCL INFO NET/IB : Using [0]mlx5_5:1/RoCE [RO]; OOB eno7np0:192.168.50.193<0>
MOC-R4PCC04U05:663337:663466 [2] NCCL INFO NET/IB : Made virtual device [0] name=mlx5_5 speed=400000 ndevs=1
MOC-R4PCC04U05:663337:663466 [2] NCCL INFO NET/IB : Using [0]mlx5_5:1/RoCE [RO]; OOB eno7np0:192.168.50.193<0>
MOC-R4PCC04U05:663335:663441 [0] NCCL INFO NET/IB : GPU Direct RDMA Enabled for HCA 0 'mlx5_5'
MOC-R4PCC04U05:663335:663441 [0] NCCL INFO NET/IB : Made virtual device [1] name=mlx5_5 speed=400000 ndevs=1
MOC-R4PCC04U05:663335:663441 [0] NCCL INFO NET/IB : GPU Direct RDMA Enabled for HCA 0 'mlx5_5'
MOC-R4PCC04U05:663335:663441 [0] NCCL INFO NET/IB : GPU Direct RDMA Enabled for HCA 1 'mlx5_5'
MOC-R4PCC04U05:663337:663466 [2] NCCL INFO NET/IB : GPU Direct RDMA Enabled for HCA 0 'mlx5_5'
MOC-R4PCC04U05:663337:663466 [2] NCCL INFO NET/IB : Made virtual device [1] name=mlx5_5 speed=400000 ndevs=1
MOC-R4PCC04U05:663337:663466 [2] NCCL INFO NET/IB : GPU Direct RDMA Enabled for HCA 0 'mlx5_5'
MOC-R4PCC04U05:663337:663466 [2] NCCL INFO NET/IB : GPU Direct RDMA Enabled for HCA 1 'mlx5_5'
MOC-R4PCC04U05:663336:663465 [1] NCCL INFO NET/IB : GPU Direct RDMA Enabled for HCA 0 'mlx5_5'
MOC-R4PCC04U05:663336:663465 [1] NCCL INFO NET/IB : Made virtual device [1] name=mlx5_5 speed=400000 ndevs=1
MOC-R4PCC04U05:663336:663465 [1] NCCL INFO NET/IB : GPU Direct RDMA Enabled for HCA 0 'mlx5_5'
MOC-R4PCC04U05:663336:663465 [1] NCCL INFO NET/IB : GPU Direct RDMA Enabled for HCA 1 'mlx5_5'
MOC-R4PCC04U05:663338:663464 [3] NCCL INFO NET/IB : GPU Direct RDMA Enabled for HCA 0 'mlx5_5'
MOC-R4PCC04U05:663338:663464 [3] NCCL INFO NET/IB : Made virtual device [1] name=mlx5_5 speed=400000 ndevs=1
MOC-R4PCC04U05:663338:663464 [3] NCCL INFO NET/IB : GPU Direct RDMA Enabled for HCA 0 'mlx5_5'
MOC-R4PCC04U05:663338:663464 [3] NCCL INFO NET/IB : GPU Direct RDMA Enabled for HCA 1 'mlx5_5'
MOC-R4PCC04U05:663336:663465 [1] NCCL INFO NCCL_NET_GDR_LEVEL set by environment to LOC
MOC-R4PCC04U05:663336:663465 [1] NCCL INFO GPU Direct RDMA Disabled for GPU 0 / HCA 1 (distance 5 > 0)
MOC-R4PCC04U05:663336:663465 [1] NCCL INFO GPU Direct RDMA Disabled for GPU 1 / HCA 1 (distance 5 > 0)
MOC-R4PCC04U05:663336:663465 [1] NCCL INFO GPU Direct RDMA Disabled for GPU 2 / HCA 1 (distance 5 > 0)
MOC-R4PCC04U05:663336:663465 [1] NCCL INFO GPU Direct RDMA Disabled for GPU 0 / HCA 1 (distance 5 > 0)
MOC-R4PCC04U05:663336:663465 [1] NCCL INFO GPU Direct RDMA Disabled for GPU 1 / HCA 1 (distance 5 > 0)
MOC-R4PCC04U05:663336:663465 [1] NCCL INFO GPU Direct RDMA Disabled for GPU 2 / HCA 1 (distance 5 > 0)
MOC-R4PCC04U05:663335:663441 [0] NCCL INFO NCCL_NET_GDR_LEVEL set by environment to LOC
MOC-R4PCC04U05:663335:663441 [0] NCCL INFO GPU Direct RDMA Disabled for GPU 0 / HCA 1 (distance 5 > 0)
MOC-R4PCC04U05:663335:663441 [0] NCCL INFO GPU Direct RDMA Disabled for GPU 1 / HCA 1 (distance 5 > 0)
MOC-R4PCC04U05:663335:663441 [0] NCCL INFO GPU Direct RDMA Disabled for GPU 2 / HCA 1 (distance 5 > 0)
MOC-R4PCC04U05:663335:663441 [0] NCCL INFO GPU Direct RDMA Disabled for GPU 0 / HCA 1 (distance 5 > 0)
MOC-R4PCC04U05:663335:663441 [0] NCCL INFO GPU Direct RDMA Disabled for GPU 1 / HCA 1 (distance 5 > 0)
MOC-R4PCC04U05:663335:663441 [0] NCCL INFO GPU Direct RDMA Disabled for GPU 2 / HCA 1 (distance 5 > 0)
MOC-R4PCC04U05:663337:663466 [2] NCCL INFO NCCL_NET_GDR_LEVEL set by environment to LOC
MOC-R4PCC04U05:663337:663466 [2] NCCL INFO GPU Direct RDMA Disabled for GPU 0 / HCA 1 (distance 5 > 0)
MOC-R4PCC04U05:663337:663466 [2] NCCL INFO GPU Direct RDMA Disabled for GPU 1 / HCA 1 (distance 5 > 0)
MOC-R4PCC04U05:663337:663466 [2] NCCL INFO GPU Direct RDMA Disabled for GPU 2 / HCA 1 (distance 5 > 0)
MOC-R4PCC04U05:663337:663466 [2] NCCL INFO GPU Direct RDMA Disabled for GPU 0 / HCA 1 (distance 5 > 0)
MOC-R4PCC04U05:663337:663466 [2] NCCL INFO GPU Direct RDMA Disabled for GPU 1 / HCA 1 (distance 5 > 0)
MOC-R4PCC04U05:663337:663466 [2] NCCL INFO GPU Direct RDMA Disabled for GPU 2 / HCA 1 (distance 5 > 0)
MOC-R4PCC04U05:663338:663464 [3] NCCL INFO NCCL_NET_GDR_LEVEL set by environment to LOC
MOC-R4PCC04U05:663338:663464 [3] NCCL INFO GPU Direct RDMA Disabled for GPU 0 / HCA 1 (distance 5 > 0)
MOC-R4PCC04U05:663338:663464 [3] NCCL INFO GPU Direct RDMA Disabled for GPU 1 / HCA 1 (distance 5 > 0)
MOC-R4PCC04U05:663338:663464 [3] NCCL INFO GPU Direct RDMA Disabled for GPU 2 / HCA 1 (distance 5 > 0)
MOC-R4PCC04U05:663338:663464 [3] NCCL INFO GPU Direct RDMA Disabled for GPU 0 / HCA 1 (distance 5 > 0)
MOC-R4PCC04U05:663338:663464 [3] NCCL INFO GPU Direct RDMA Disabled for GPU 1 / HCA 1 (distance 5 > 0)
MOC-R4PCC04U05:663338:663464 [3] NCCL INFO GPU Direct RDMA Disabled for GPU 2 / HCA 1 (distance 5 > 0)
MOC-R4PCC04U05:663335:663479 [0] NCCL INFO New proxy send connection 0 from local rank 0, transport 0
MOC-R4PCC04U05:663335:663487 [0] NCCL INFO Connected to proxy localRank 0 -> connection 0x7f9298004f30
MOC-R4PCC04U05:663338:663484 [3] NCCL INFO New proxy recv connection 0 from local rank 3, transport 0
MOC-R4PCC04U05:663338:663488 [3] NCCL INFO Connected to proxy localRank 3 -> connection 0x7f02b8004f30
MOC-R4PCC04U05:663336:663481 [1] NCCL INFO New proxy recv connection 0 from local rank 1, transport 0
MOC-R4PCC04U05:663335:663479 [0] NCCL INFO New proxy send connection 1 from local rank 0, transport 0
MOC-R4PCC04U05:663336:663489 [1] NCCL INFO Connected to proxy localRank 1 -> connection 0x7fee14004f30
MOC-R4PCC04U05:663335:663487 [0] NCCL INFO Connected to proxy localRank 0 -> connection 0x7f9298004fa8
MOC-R4PCC04U05:663338:663484 [3] NCCL INFO New proxy recv connection 1 from local rank 3, transport 0
MOC-R4PCC04U05:663338:663488 [3] NCCL INFO Connected to proxy localRank 3 -> connection 0x7f02b8004fa8
MOC-R4PCC04U05:663337:663483 [2] NCCL INFO New proxy recv connection 0 from local rank 2, transport 0
MOC-R4PCC04U05:663337:663490 [2] NCCL INFO Connected to proxy localRank 2 -> connection 0x7fe810004f30
MOC-R4PCC04U05:663337:663483 [2] NCCL INFO New proxy recv connection 1 from local rank 2, transport 0
MOC-R4PCC04U05:663337:663490 [2] NCCL INFO Connected to proxy localRank 2 -> connection 0x7fe810004fa8
MOC-R4PCC04U05:663336:663481 [1] NCCL INFO New proxy recv connection 1 from local rank 1, transport 0
MOC-R4PCC04U05:663336:663489 [1] NCCL INFO Connected to proxy localRank 1 -> connection 0x7fee14004fa8
MOC-R4PCC04U05:663338:663488 [3] NCCL INFO GPU Direct RDMA Disabled for GPU 3 / HCA 1 (distance 7 > 0)
MOC-R4PCC04U05:663335:663479 [0] NCCL INFO New proxy send connection 2 from local rank 0, transport 0
MOC-R4PCC04U05:663337:663490 [2] NCCL INFO GPU Direct RDMA Disabled for GPU 2 / HCA 1 (distance 7 > 0)
MOC-R4PCC04U05:663335:663487 [0] NCCL INFO Connected to proxy localRank 0 -> connection 0x7f9298005020
MOC-R4PCC04U05:663335:663479 [0] NCCL INFO New proxy send connection 3 from local rank 0, transport 0
MOC-R4PCC04U05:663335:663487 [0] NCCL INFO Connected to proxy localRank 0 -> connection 0x7f9298005098
MOC-R4PCC04U05:663338:663484 [3] NCCL INFO New proxy send connection 2 from local rank 3, transport 2
MOC-R4PCC04U05:663337:663483 [2] NCCL INFO New proxy recv connection 2 from local rank 2, transport 2
MOC-R4PCC04U05:663338:663488 [3] NCCL INFO Connected to proxy localRank 3 -> connection 0x7f02b8005020
MOC-R4PCC04U05:663337:663490 [2] NCCL INFO Connected to proxy localRank 2 -> connection 0x7fe810005020
MOC-R4PCC04U05:663338:663488 [3] NCCL INFO Channel 00/0 : 3[3] -> 6[2] [send] via NET/IB/1
MOC-R4PCC04U05:663338:663488 [3] NCCL INFO GPU Direct RDMA Disabled for GPU 3 / HCA 1 (distance 7 > 0)
MOC-R4PCC04U05:663338:663484 [3] NCCL INFO New proxy send connection 3 from local rank 3, transport 2
MOC-R4PCC04U05:663338:663488 [3] NCCL INFO Connected to proxy localRank 3 -> connection 0x7f02b8005098
MOC-R4PCC04U05:663337:663490 [2] NCCL INFO Channel 00/0 : 15[3] -> 2[2] [receive] via NET/IB/1
MOC-R4PCC04U05:663337:663490 [2] NCCL INFO GPU Direct RDMA Disabled for GPU 2 / HCA 1 (distance 7 > 0)
MOC-R4PCC04U05:663338:663488 [3] NCCL INFO Channel 02/0 : 3[3] -> 6[2] [send] via NET/IB/1
MOC-R4PCC04U05:663337:663483 [2] NCCL INFO New proxy recv connection 3 from local rank 2, transport 2
MOC-R4PCC04U05:663337:663490 [2] NCCL INFO Connected to proxy localRank 2 -> connection 0x7fe810005098
MOC-R4PCC04U05:663337:663490 [2] NCCL INFO Channel 02/0 : 15[3] -> 2[2] [receive] via NET/IB/1
MOC-R4PCC04U05:663335:663479 [0] NCCL INFO New proxy recv connection 4 from local rank 0, transport 0
MOC-R4PCC04U05:663335:663487 [0] NCCL INFO Connected to proxy localRank 0 -> connection 0x7f9298005110
MOC-R4PCC04U05:663335:663479 [0] NCCL INFO New proxy recv connection 5 from local rank 0, transport 0
MOC-R4PCC04U05:663335:663487 [0] NCCL INFO Connected to proxy localRank 0 -> connection 0x7f9298005188
MOC-R4PCC04U05:663335:663479 [0] NCCL INFO New proxy recv connection 6 from local rank 0, transport 0
MOC-R4PCC04U05:663335:663487 [0] NCCL INFO Connected to proxy localRank 0 -> connection 0x7f9298005200
MOC-R4PCC04U05:663335:663479 [0] NCCL INFO New proxy recv connection 7 from local rank 0, transport 0
MOC-R4PCC04U05:663335:663487 [0] NCCL INFO Connected to proxy localRank 0 -> connection 0x7f9298005278
MOC-R4PCC04U05:663337:663490 [2] NCCL INFO GPU Direct RDMA Disabled for GPU 2 / HCA 1 (distance 7 > 0)
MOC-R4PCC04U05:663337:663483 [2] NCCL INFO New proxy send connection 4 from local rank 2, transport 2
MOC-R4PCC04U05:663337:663490 [2] NCCL INFO Connected to proxy localRank 2 -> connection 0x7fe810005110
MOC-R4PCC04U05:663337:663490 [2] NCCL INFO Channel 01/0 : 2[2] -> 7[3] [send] via NET/IB/1
MOC-R4PCC04U05:663337:663490 [2] NCCL INFO GPU Direct RDMA Disabled for GPU 2 / HCA 1 (distance 7 > 0)
MOC-R4PCC04U05:663337:663483 [2] NCCL INFO New proxy send connection 5 from local rank 2, transport 2
MOC-R4PCC04U05:663337:663490 [2] NCCL INFO Connected to proxy localRank 2 -> connection 0x7fe810005188
MOC-R4PCC04U05:663337:663490 [2] NCCL INFO Channel 03/0 : 2[2] -> 7[3] [send] via NET/IB/1
MOC-R4PCC04U05:663338:663488 [3] NCCL INFO GPU Direct RDMA Disabled for GPU 3 / HCA 1 (distance 7 > 0)
MOC-R4PCC04U05:663338:663484 [3] NCCL INFO New proxy recv connection 4 from local rank 3, transport 2
MOC-R4PCC04U05:663338:663488 [3] NCCL INFO Connected to proxy localRank 3 -> connection 0x7f02b8005110
MOC-R4PCC04U05:663338:663488 [3] NCCL INFO Channel 01/0 : 14[2] -> 3[3] [receive] via NET/IB/1
MOC-R4PCC04U05:663338:663488 [3] NCCL INFO GPU Direct RDMA Disabled for GPU 3 / HCA 1 (distance 7 > 0)
MOC-R4PCC04U05:663338:663484 [3] NCCL INFO New proxy recv connection 5 from local rank 3, transport 2
MOC-R4PCC04U05:663338:663488 [3] NCCL INFO Connected to proxy localRank 3 -> connection 0x7f02b8005188
MOC-R4PCC04U05:663338:663488 [3] NCCL INFO Channel 03/0 : 14[2] -> 3[3] [receive] via NET/IB/1
MOC-R4PCC04U05:663337:663483 [2] NCCL INFO New proxy send connection 6 from local rank 2, transport 0
MOC-R4PCC04U05:663337:663490 [2] NCCL INFO Connected to proxy localRank 2 -> connection 0x7fe810005200
MOC-R4PCC04U05:663338:663484 [3] NCCL INFO New proxy send connection 6 from local rank 3, transport 0
MOC-R4PCC04U05:663338:663488 [3] NCCL INFO Connected to proxy localRank 3 -> connection 0x7f02b8005200
MOC-R4PCC04U05:663338:663484 [3] NCCL INFO New proxy send connection 7 from local rank 3, transport 0
MOC-R4PCC04U05:663337:663483 [2] NCCL INFO New proxy send connection 7 from local rank 2, transport 0
MOC-R4PCC04U05:663338:663488 [3] NCCL INFO Connected to proxy localRank 3 -> connection 0x7f02b8005278
MOC-R4PCC04U05:663337:663490 [2] NCCL INFO Connected to proxy localRank 2 -> connection 0x7fe810005278
MOC-R4PCC04U05:663335:663479 [0] NCCL INFO New proxy send connection 8 from local rank 3, transport 0
MOC-R4PCC04U05:663338:663488 [3] NCCL INFO Connected to proxy localRank 0 -> connection 0x7f92980052f0
MOC-R4PCC04U05:663336:663481 [1] NCCL INFO New proxy recv connection 2 from local rank 1, transport 0
MOC-R4PCC04U05:663336:663489 [1] NCCL INFO Connected to proxy localRank 1 -> connection 0x7fee14005020
MOC-R4PCC04U05:663336:663481 [1] NCCL INFO New proxy recv connection 3 from local rank 1, transport 0
MOC-R4PCC04U05:663336:663489 [1] NCCL INFO Connected to proxy localRank 1 -> connection 0x7fee14005098
MOC-R4PCC04U05:663336:663481 [1] NCCL INFO New proxy send connection 4 from local rank 1, transport 0
MOC-R4PCC04U05:663336:663489 [1] NCCL INFO Connected to proxy localRank 1 -> connection 0x7fee14005110
MOC-R4PCC04U05:663336:663481 [1] NCCL INFO New proxy send connection 5 from local rank 1, transport 0
MOC-R4PCC04U05:663336:663489 [1] NCCL INFO Connected to proxy localRank 1 -> connection 0x7fee14005188
MOC-R4PCC04U05:663336:663481 [1] NCCL INFO New proxy send connection 6 from local rank 1, transport 0
MOC-R4PCC04U05:663336:663489 [1] NCCL INFO Connected to proxy localRank 1 -> connection 0x7fee14005200
MOC-R4PCC04U05:663336:663481 [1] NCCL INFO New proxy send connection 7 from local rank 3, transport 0
MOC-R4PCC04U05:663338:663488 [3] NCCL INFO Connected to proxy localRank 1 -> connection 0x7fee14005278
MOC-R4PCC04U05:663336:663481 [1] NCCL INFO New proxy send connection 8 from local rank 1, transport 0
MOC-R4PCC04U05:663336:663489 [1] NCCL INFO Connected to proxy localRank 1 -> connection 0x7fee140052f0
MOC-R4PCC04U05:663335:663479 [0] NCCL INFO New proxy send connection 9 from local rank 2, transport 0
MOC-R4PCC04U05:663337:663490 [2] NCCL INFO Connected to proxy localRank 0 -> connection 0x7f9298005368
MOC-R4PCC04U05:663338:663484 [3] NCCL INFO New proxy send connection 8 from local rank 1, transport 0
MOC-R4PCC04U05:663337:663483 [2] NCCL INFO New proxy send connection 8 from local rank 0, transport 0
MOC-R4PCC04U05:663336:663489 [1] NCCL INFO Connected to proxy localRank 3 -> connection 0x7f02b80052f0
MOC-R4PCC04U05:663335:663487 [0] NCCL INFO Connected to proxy localRank 2 -> connection 0x7fe8100052f0
MOC-R4PCC04U05:663336:663481 [1] NCCL INFO New proxy send connection 9 from local rank 2, transport 0
MOC-R4PCC04U05:663337:663490 [2] NCCL INFO Connected to proxy localRank 1 -> connection 0x7fee14005368
MOC-R4PCC04U05:663335:663479 [0] NCCL INFO New proxy send connection 10 from local rank 1, transport 0
MOC-R4PCC04U05:663336:663489 [1] NCCL INFO Connected to proxy localRank 0 -> connection 0x7f92980053e0
MOC-R4PCC04U05:663338:663484 [3] NCCL INFO New proxy send connection 9 from local rank 0, transport 0
MOC-R4PCC04U05:663335:663487 [0] NCCL INFO Connected to proxy localRank 3 -> connection 0x7f02b8005368
MOC-R4PCC04U05:663337:663483 [2] NCCL INFO NET/IB: NCCL Dev 1 IbDev 0 Port 1 qpn 10878 mtu 3 query_ece={supported=1, vendor_id=0x15b3, options=0x30000002, comp_mask=0x0} GID 3 (0/C132A8C0FFFF0000) fifoRkey=0x17904f fifoLkey=0x17904f
MOC-R4PCC04U05:663337:663483 [2] NCCL INFO NET/IB: NCCL Dev 1 IbDev 0 Port 1 qpn 10879 mtu 3 query_ece={supported=1, vendor_id=0x15b3, options=0x30000002, comp_mask=0x0} GID 3 (0/C132A8C0FFFF0000) fifoRkey=0x17a767 fifoLkey=0x17a767
MOC-R4PCC04U05:663337:663483 [2] NCCL INFO NET/IB: IbDev 0 Port 1 qpn 10816 set_ece={supported=1, vendor_id=0x15b3, options=0x0, comp_mask=0x0}
MOC-R4PCC04U05:663338:663484 [3] NCCL INFO NET/IB: NCCL Dev 1 IbDev 0 Port 1 qpn 10884 mtu 3 query_ece={supported=1, vendor_id=0x15b3, options=0x30000002, comp_mask=0x0} GID 3 (0/C132A8C0FFFF0000) fifoRkey=0x17601f fifoLkey=0x17601f
MOC-R4PCC04U05:663336:663481 [1] NCCL INFO New proxy send connection 10 from local rank 0, transport 0
MOC-R4PCC04U05:663335:663487 [0] NCCL INFO Connected to proxy localRank 1 -> connection 0x7fee140053e0
MOC-R4PCC04U05:663338:663484 [3] NCCL INFO NET/IB: NCCL Dev 1 IbDev 0 Port 1 qpn 10885 mtu 3 query_ece={supported=1, vendor_id=0x15b3, options=0x30000002, comp_mask=0x0} GID 3 (0/C132A8C0FFFF0000) fifoRkey=0x17d796 fifoLkey=0x17d796
MOC-R4PCC04U05:663338:663484 [3] NCCL INFO NET/IB: IbDev 0 Port 1 qpn 10820 set_ece={supported=1, vendor_id=0x15b3, options=0x0, comp_mask=0x0}
MOC-R4PCC04U05:663337:663483 [2] NCCL INFO NET/IB: IbDev 0 Port 1 qpn 10818 set_ece={supported=1, vendor_id=0x15b3, options=0x0, comp_mask=0x0}
MOC-R4PCC04U05:663338:663484 [3] NCCL INFO NET/IB: IbDev 0 Port 1 qpn 10822 set_ece={supported=1, vendor_id=0x15b3, options=0x0, comp_mask=0x0}
MOC-R4PCC04U05:663337:663483 [2] NCCL INFO New proxy send connection 9 from local rank 1, transport 0
MOC-R4PCC04U05:663336:663489 [1] NCCL INFO Connected to proxy localRank 2 -> connection 0x7fe810005368
num decayed parameter tensors: 50, with 124,318,464 parameters
num non-decayed parameter tensors: 98, with 121,344 parameters
using fused AdamW: False
using regular AdamW
MOC-R4PCC04U05:663338:663484 [3] NCCL INFO New proxy recv connection 10 from local rank 3, transport 0
MOC-R4PCC04U05:663338:664181 [3] NCCL INFO Connected to proxy localRank 3 -> connection 0x7f02b80053e0
MOC-R4PCC04U05:663338:663484 [3] NCCL INFO New proxy recv connection 11 from local rank 3, transport 0
MOC-R4PCC04U05:663338:664181 [3] NCCL INFO Connected to proxy localRank 3 -> connection 0x7f02b8005458
MOC-R4PCC04U05:663335:663479 [0] NCCL INFO New proxy send connection 11 from local rank 0, transport 0
MOC-R4PCC04U05:663335:664182 [0] NCCL INFO Connected to proxy localRank 0 -> connection 0x7f9298005458
MOC-R4PCC04U05:663335:663479 [0] NCCL INFO New proxy send connection 12 from local rank 0, transport 0
MOC-R4PCC04U05:663335:664182 [0] NCCL INFO Connected to proxy localRank 0 -> connection 0x7f92980054d0
MOC-R4PCC04U05:663335:663479 [0] NCCL INFO New proxy send connection 13 from local rank 0, transport 0
MOC-R4PCC04U05:663335:664182 [0] NCCL INFO Connected to proxy localRank 0 -> connection 0x7f9298005548
MOC-R4PCC04U05:663335:663479 [0] NCCL INFO New proxy send connection 14 from local rank 0, transport 0
MOC-R4PCC04U05:663335:664182 [0] NCCL INFO Connected to proxy localRank 0 -> connection 0x7f92980055c0
MOC-R4PCC04U05:663336:663481 [1] NCCL INFO New proxy recv connection 11 from local rank 1, transport 0
MOC-R4PCC04U05:663336:664183 [1] NCCL INFO Connected to proxy localRank 1 -> connection 0x7fee14005458
MOC-R4PCC04U05:663336:663481 [1] NCCL INFO New proxy recv connection 12 from local rank 1, transport 0
MOC-R4PCC04U05:663336:664183 [1] NCCL INFO Connected to proxy localRank 1 -> connection 0x7fee140054d0
MOC-R4PCC04U05:663336:663481 [1] NCCL INFO New proxy recv connection 13 from local rank 1, transport 0
MOC-R4PCC04U05:663336:664183 [1] NCCL INFO Connected to proxy localRank 1 -> connection 0x7fee14005548
MOC-R4PCC04U05:663336:663481 [1] NCCL INFO New proxy recv connection 14 from local rank 1, transport 0
MOC-R4PCC04U05:663336:664183 [1] NCCL INFO Connected to proxy localRank 1 -> connection 0x7fee140055c0
MOC-R4PCC04U05:663336:663481 [1] NCCL INFO New proxy send connection 15 from local rank 1, transport 0
MOC-R4PCC04U05:663336:664183 [1] NCCL INFO Connected to proxy localRank 1 -> connection 0x7fee14005638
MOC-R4PCC04U05:663336:663481 [1] NCCL INFO New proxy send connection 16 from local rank 1, transport 0
MOC-R4PCC04U05:663336:664183 [1] NCCL INFO Connected to proxy localRank 1 -> connection 0x7fee140056b0
MOC-R4PCC04U05:663336:663481 [1] NCCL INFO New proxy send connection 17 from local rank 1, transport 0
MOC-R4PCC04U05:663336:664183 [1] NCCL INFO Connected to proxy localRank 1 -> connection 0x7fee14005728
MOC-R4PCC04U05:663336:663481 [1] NCCL INFO New proxy send connection 18 from local rank 1, transport 0
MOC-R4PCC04U05:663336:664183 [1] NCCL INFO Connected to proxy localRank 1 -> connection 0x7fee140057a0
MOC-R4PCC04U05:663335:663479 [0] NCCL INFO New proxy send connection 15 from local rank 0, transport 0
MOC-R4PCC04U05:663335:664182 [0] NCCL INFO Connected to proxy localRank 0 -> connection 0x7f9298005638
MOC-R4PCC04U05:663335:663479 [0] NCCL INFO New proxy send connection 16 from local rank 0, transport 0
MOC-R4PCC04U05:663335:664182 [0] NCCL INFO Connected to proxy localRank 0 -> connection 0x7f92980056b0
MOC-R4PCC04U05:663338:664181 [3] NCCL INFO GPU Direct RDMA Disabled for GPU 3 / HCA 1 (distance 7 > 0)
MOC-R4PCC04U05:663335:663479 [0] NCCL INFO New proxy recv connection 17 from local rank 0, transport 0
MOC-R4PCC04U05:663335:664182 [0] NCCL INFO Connected to proxy localRank 0 -> connection 0x7f9298005728
MOC-R4PCC04U05:663338:663484 [3] NCCL INFO New proxy send connection 12 from local rank 3, transport 2
MOC-R4PCC04U05:663338:664181 [3] NCCL INFO Connected to proxy localRank 3 -> connection 0x7f02b80054d0
MOC-R4PCC04U05:663338:664181 [3] NCCL INFO Channel 02/0 : 3[3] -> 7[3] [send] via NET/IB/1
MOC-R4PCC04U05:663338:664181 [3] NCCL INFO GPU Direct RDMA Disabled for GPU 3 / HCA 1 (distance 7 > 0)
MOC-R4PCC04U05:663338:663484 [3] NCCL INFO New proxy send connection 13 from local rank 3, transport 2
MOC-R4PCC04U05:663338:664181 [3] NCCL INFO Connected to proxy localRank 3 -> connection 0x7f02b8005548
MOC-R4PCC04U05:663335:663479 [0] NCCL INFO New proxy recv connection 18 from local rank 0, transport 0
MOC-R4PCC04U05:663338:664181 [3] NCCL INFO Channel 03/0 : 3[3] -> 7[3] [send] via NET/IB/1
MOC-R4PCC04U05:663335:664182 [0] NCCL INFO Connected to proxy localRank 0 -> connection 0x7f92980057a0
MOC-R4PCC04U05:663335:663479 [0] NCCL INFO New proxy recv connection 19 from local rank 0, transport 0
MOC-R4PCC04U05:663335:664182 [0] NCCL INFO Connected to proxy localRank 0 -> connection 0x7f9298005818
MOC-R4PCC04U05:663335:663479 [0] NCCL INFO New proxy recv connection 20 from local rank 0, transport 0
MOC-R4PCC04U05:663335:664182 [0] NCCL INFO Connected to proxy localRank 0 -> connection 0x7f9298005890
MOC-R4PCC04U05:663337:663483 [2] NCCL INFO New proxy recv connection 10 from local rank 2, transport 0
MOC-R4PCC04U05:663337:664184 [2] NCCL INFO Connected to proxy localRank 2 -> connection 0x7fe8100053e0
MOC-R4PCC04U05:663337:663483 [2] NCCL INFO New proxy recv connection 11 from local rank 2, transport 0
MOC-R4PCC04U05:663337:664184 [2] NCCL INFO Connected to proxy localRank 2 -> connection 0x7fe810005458
MOC-R4PCC04U05:663337:663483 [2] NCCL INFO New proxy recv connection 12 from local rank 2, transport 0
MOC-R4PCC04U05:663337:664184 [2] NCCL INFO Connected to proxy localRank 2 -> connection 0x7fe8100054d0
MOC-R4PCC04U05:663337:663483 [2] NCCL INFO New proxy recv connection 13 from local rank 2, transport 0
MOC-R4PCC04U05:663337:664184 [2] NCCL INFO Connected to proxy localRank 2 -> connection 0x7fe810005548
MOC-R4PCC04U05:663337:663483 [2] NCCL INFO New proxy send connection 14 from local rank 2, transport 0
MOC-R4PCC04U05:663336:663481 [1] NCCL INFO New proxy recv connection 19 from local rank 1, transport 0
MOC-R4PCC04U05:663337:664184 [2] NCCL INFO Connected to proxy localRank 2 -> connection 0x7fe8100055c0
MOC-R4PCC04U05:663336:664183 [1] NCCL INFO Connected to proxy localRank 1 -> connection 0x7fee14005818
MOC-R4PCC04U05:663337:663483 [2] NCCL INFO New proxy send connection 15 from local rank 2, transport 0
MOC-R4PCC04U05:663337:664184 [2] NCCL INFO Connected to proxy localRank 2 -> connection 0x7fe810005638
MOC-R4PCC04U05:663336:663481 [1] NCCL INFO New proxy recv connection 20 from local rank 1, transport 0
MOC-R4PCC04U05:663336:664183 [1] NCCL INFO Connected to proxy localRank 1 -> connection 0x7fee14005890
MOC-R4PCC04U05:663338:664181 [3] NCCL INFO GPU Direct RDMA Disabled for GPU 3 / HCA 1 (distance 7 > 0)
MOC-R4PCC04U05:663338:663484 [3] NCCL INFO New proxy recv connection 14 from local rank 3, transport 2
MOC-R4PCC04U05:663338:664181 [3] NCCL INFO Connected to proxy localRank 3 -> connection 0x7f02b80055c0
MOC-R4PCC04U05:663338:664181 [3] NCCL INFO Channel 00/0 : 11[3] -> 3[3] [receive] via NET/IB/1
MOC-R4PCC04U05:663338:664181 [3] NCCL INFO GPU Direct RDMA Disabled for GPU 3 / HCA 1 (distance 7 > 0)
MOC-R4PCC04U05:663338:663484 [3] NCCL INFO New proxy recv connection 15 from local rank 3, transport 2
MOC-R4PCC04U05:663338:664181 [3] NCCL INFO Connected to proxy localRank 3 -> connection 0x7f02b8005638
MOC-R4PCC04U05:663338:664181 [3] NCCL INFO Channel 01/0 : 11[3] -> 3[3] [receive] via NET/IB/1
MOC-R4PCC04U05:663338:664181 [3] NCCL INFO GPU Direct RDMA Disabled for GPU 3 / HCA 1 (distance 7 > 0)
MOC-R4PCC04U05:663338:663484 [3] NCCL INFO New proxy send connection 16 from local rank 3, transport 2
MOC-R4PCC04U05:663338:664181 [3] NCCL INFO Connected to proxy localRank 3 -> connection 0x7f02b80056b0
MOC-R4PCC04U05:663338:664181 [3] NCCL INFO Channel 00/0 : 3[3] -> 11[3] [send] via NET/IB/1
MOC-R4PCC04U05:663338:664181 [3] NCCL INFO GPU Direct RDMA Disabled for GPU 3 / HCA 1 (distance 7 > 0)
MOC-R4PCC04U05:663338:663484 [3] NCCL INFO New proxy send connection 17 from local rank 3, transport 2
MOC-R4PCC04U05:663338:664181 [3] NCCL INFO Connected to proxy localRank 3 -> connection 0x7f02b8005728
MOC-R4PCC04U05:663338:664181 [3] NCCL INFO Channel 01/0 : 3[3] -> 11[3] [send] via NET/IB/1
MOC-R4PCC04U05:663338:664181 [3] NCCL INFO GPU Direct RDMA Disabled for GPU 3 / HCA 1 (distance 7 > 0)
MOC-R4PCC04U05:663338:663484 [3] NCCL INFO New proxy recv connection 18 from local rank 3, transport 2
MOC-R4PCC04U05:663338:664181 [3] NCCL INFO Connected to proxy localRank 3 -> connection 0x7f02b80057a0
MOC-R4PCC04U05:663338:664181 [3] NCCL INFO Channel 02/0 : 7[3] -> 3[3] [receive] via NET/IB/1
MOC-R4PCC04U05:663338:664181 [3] NCCL INFO GPU Direct RDMA Disabled for GPU 3 / HCA 1 (distance 7 > 0)
MOC-R4PCC04U05:663338:663484 [3] NCCL INFO New proxy recv connection 19 from local rank 3, transport 2
MOC-R4PCC04U05:663338:664181 [3] NCCL INFO Connected to proxy localRank 3 -> connection 0x7f02b8005818
MOC-R4PCC04U05:663338:664181 [3] NCCL INFO Channel 03/0 : 7[3] -> 3[3] [receive] via NET/IB/1
MOC-R4PCC04U05:663338:663484 [3] NCCL INFO New proxy send connection 20 from local rank 3, transport 0
MOC-R4PCC04U05:663338:664181 [3] NCCL INFO Connected to proxy localRank 3 -> connection 0x7f02b8005890
MOC-R4PCC04U05:663338:663484 [3] NCCL INFO New proxy send connection 21 from local rank 3, transport 0
MOC-R4PCC04U05:663338:664181 [3] NCCL INFO Connected to proxy localRank 3 -> connection 0x7f02b8005908
MOC-R4PCC04U05:663338:663484 [3] NCCL INFO New proxy send connection 22 from local rank 3, transport 0
MOC-R4PCC04U05:663338:664181 [3] NCCL INFO Connected to proxy localRank 3 -> connection 0x7f02b8005980
MOC-R4PCC04U05:663338:663484 [3] NCCL INFO New proxy send connection 23 from local rank 3, transport 0
MOC-R4PCC04U05:663338:664181 [3] NCCL INFO Connected to proxy localRank 3 -> connection 0x7f02b80059f8
MOC-R4PCC04U05:663338:663484 [3] NCCL INFO NET/IB: NCCL Dev 1 IbDev 0 Port 1 qpn 10886 mtu 3 query_ece={supported=1, vendor_id=0x15b3, options=0x30000002, comp_mask=0x0} GID 3 (0/C132A8C0FFFF0000) fifoRkey=0x173af9 fifoLkey=0x173af9
MOC-R4PCC04U05:663338:663484 [3] NCCL INFO NET/IB: NCCL Dev 1 IbDev 0 Port 1 qpn 10889 mtu 3 query_ece={supported=1, vendor_id=0x15b3, options=0x30000002, comp_mask=0x0} GID 3 (0/C132A8C0FFFF0000) fifoRkey=0x17bf7e fifoLkey=0x17bf7e
MOC-R4PCC04U05:663338:663484 [3] NCCL INFO NET/IB: IbDev 0 Port 1 qpn 10827 set_ece={supported=1, vendor_id=0x15b3, options=0x0, comp_mask=0x0}
MOC-R4PCC04U05:663338:663484 [3] NCCL INFO NET/IB: NCCL Dev 1 IbDev 0 Port 1 qpn 10890 mtu 3 query_ece={supported=1, vendor_id=0x15b3, options=0x30000002, comp_mask=0x0} GID 3 (0/C132A8C0FFFF0000) fifoRkey=0x17cb8a fifoLkey=0x17cb8a
MOC-R4PCC04U05:663338:663484 [3] NCCL INFO NET/IB: NCCL Dev 1 IbDev 0 Port 1 qpn 10891 mtu 3 query_ece={supported=1, vendor_id=0x15b3, options=0x30000002, comp_mask=0x0} GID 3 (0/C132A8C0FFFF0000) fifoRkey=0x179c5b fifoLkey=0x179c5b
MOC-R4PCC04U05:663338:663484 [3] NCCL INFO NET/IB: IbDev 0 Port 1 qpn 10833 set_ece={supported=1, vendor_id=0x15b3, options=0x0, comp_mask=0x0}
MOC-R4PCC04U05:663338:663484 [3] NCCL INFO NET/IB: IbDev 0 Port 1 qpn 8273 set_ece={supported=1, vendor_id=0x15b3, options=0x0, comp_mask=0x0}
MOC-R4PCC04U05:663338:663484 [3] NCCL INFO NET/IB: IbDev 0 Port 1 qpn 8284 set_ece={supported=1, vendor_id=0x15b3, options=0x0, comp_mask=0x0}
step    1/10 | train loss 11.009524 | norm 15.3465 | lr 1.00e-04 | (14345.98 ms | 182730 tok/s)
step    2/10 | train loss 10.140070 | norm 5.7338 | lr 1.00e-04 | (477.02 ms | 5495467 tok/s)
step    3/10 | train loss 9.800386 | norm 2.6009 | lr 1.00e-04 | (431.88 ms | 6069848 tok/s)
step    4/10 | train loss 9.631468 | norm 2.1085 | lr 1.00e-04 | (435.00 ms | 6026326 tok/s)
step    5/10 | train loss 9.548710 | norm 2.0999 | lr 1.00e-04 | (435.46 ms | 6019955 tok/s)
step    6/10 | train loss 9.467642 | norm 1.9930 | lr 1.00e-04 | (436.46 ms | 6006078 tok/s)
step    7/10 | train loss 9.382120 | norm 1.9432 | lr 1.00e-04 | (438.10 ms | 5983701 tok/s)
step    8/10 | train loss 9.290379 | norm 1.9093 | lr 1.00e-04 | (440.51 ms | 5950952 tok/s)
step    9/10 | train loss 9.195253 | norm 1.8505 | lr 1.00e-04 | (438.61 ms | 5976747 tok/s)
step   10/10 | train loss 9.111428 | norm 1.7945 | lr 1.00e-04 | (438.69 ms | 5975603 tok/s)
final 9 iters avg: 441.302ms
peak memory consumption: 16601 MiB
