Running pytorch 2.7.0+cu126
using device: cuda:0
total desired batch size: 393216
=> calculated gradient accumulation steps: 1
using device: cuda:3
using device: cuda:1
using device: cuda:2
compiling the model...
DataLoader: total number of tokens: 1,661,249,667 across 103 files
MOC-R4PCC04U05:539886:539886 [0] NCCL INFO NCCL_SOCKET_IFNAME set to eno7np0
MOC-R4PCC04U05:539886:539886 [0] NCCL INFO NCCL version 2.26.2+cuda12.2
MOC-R4PCC04U05:539886:539990 [0] NCCL INFO NET/Plugin: Could not find: libnccl-net.so. Using internal net plugin.
MOC-R4PCC04U05:539886:539990 [0] NCCL INFO NCCL_IB_HCA set to mlx5_5
MOC-R4PCC04U05:539889:539889 [3] NCCL INFO NCCL_SOCKET_IFNAME set to eno7np0
MOC-R4PCC04U05:539889:539889 [3] NCCL INFO NCCL version 2.26.2+cuda12.2
MOC-R4PCC04U05:539886:539990 [0] NCCL INFO NET/IB : Made virtual device [0] name=mlx5_5 speed=400000 ndevs=1
MOC-R4PCC04U05:539886:539990 [0] NCCL INFO NET/IB : Using [0]mlx5_5:1/RoCE [RO]; OOB eno7np0:192.168.50.193<0>
MOC-R4PCC04U05:539888:539888 [2] NCCL INFO NCCL_SOCKET_IFNAME set to eno7np0
MOC-R4PCC04U05:539887:539887 [1] NCCL INFO NCCL_SOCKET_IFNAME set to eno7np0
MOC-R4PCC04U05:539888:539888 [2] NCCL INFO NCCL version 2.26.2+cuda12.2
MOC-R4PCC04U05:539887:539887 [1] NCCL INFO NCCL version 2.26.2+cuda12.2
MOC-R4PCC04U05:539889:540012 [3] NCCL INFO NET/Plugin: Could not find: libnccl-net.so. Using internal net plugin.
MOC-R4PCC04U05:539889:540012 [3] NCCL INFO NCCL_IB_HCA set to mlx5_5
MOC-R4PCC04U05:539889:540012 [3] NCCL INFO NET/IB : Made virtual device [0] name=mlx5_5 speed=400000 ndevs=1
MOC-R4PCC04U05:539889:540012 [3] NCCL INFO NET/IB : Using [0]mlx5_5:1/RoCE [RO]; OOB eno7np0:192.168.50.193<0>
MOC-R4PCC04U05:539887:540014 [1] NCCL INFO NET/Plugin: Could not find: libnccl-net.so. Using internal net plugin.
MOC-R4PCC04U05:539887:540014 [1] NCCL INFO NCCL_IB_HCA set to mlx5_5
MOC-R4PCC04U05:539887:540014 [1] NCCL INFO NET/IB : Made virtual device [0] name=mlx5_5 speed=400000 ndevs=1
MOC-R4PCC04U05:539887:540014 [1] NCCL INFO NET/IB : Using [0]mlx5_5:1/RoCE [RO]; OOB eno7np0:192.168.50.193<0>
MOC-R4PCC04U05:539888:540015 [2] NCCL INFO NET/Plugin: Could not find: libnccl-net.so. Using internal net plugin.
MOC-R4PCC04U05:539888:540015 [2] NCCL INFO NCCL_IB_HCA set to mlx5_5
MOC-R4PCC04U05:539888:540015 [2] NCCL INFO NET/IB : Made virtual device [0] name=mlx5_5 speed=400000 ndevs=1
MOC-R4PCC04U05:539888:540015 [2] NCCL INFO NET/IB : Using [0]mlx5_5:1/RoCE [RO]; OOB eno7np0:192.168.50.193<0>
MOC-R4PCC04U05:539889:540012 [3] NCCL INFO NET/IB : GPU Direct RDMA Enabled for HCA 0 'mlx5_5'
MOC-R4PCC04U05:539889:540012 [3] NCCL INFO NET/IB : Made virtual device [1] name=mlx5_5 speed=400000 ndevs=1
MOC-R4PCC04U05:539889:540012 [3] NCCL INFO NET/IB : GPU Direct RDMA Enabled for HCA 0 'mlx5_5'
MOC-R4PCC04U05:539889:540012 [3] NCCL INFO NET/IB : GPU Direct RDMA Enabled for HCA 1 'mlx5_5'
MOC-R4PCC04U05:539887:540014 [1] NCCL INFO NET/IB : GPU Direct RDMA Enabled for HCA 0 'mlx5_5'
MOC-R4PCC04U05:539887:540014 [1] NCCL INFO NET/IB : Made virtual device [1] name=mlx5_5 speed=400000 ndevs=1
MOC-R4PCC04U05:539887:540014 [1] NCCL INFO NET/IB : GPU Direct RDMA Enabled for HCA 0 'mlx5_5'
MOC-R4PCC04U05:539887:540014 [1] NCCL INFO NET/IB : GPU Direct RDMA Enabled for HCA 1 'mlx5_5'
MOC-R4PCC04U05:539886:539990 [0] NCCL INFO NET/IB : GPU Direct RDMA Enabled for HCA 0 'mlx5_5'
MOC-R4PCC04U05:539886:539990 [0] NCCL INFO NET/IB : Made virtual device [1] name=mlx5_5 speed=400000 ndevs=1
MOC-R4PCC04U05:539886:539990 [0] NCCL INFO NET/IB : GPU Direct RDMA Enabled for HCA 0 'mlx5_5'
MOC-R4PCC04U05:539886:539990 [0] NCCL INFO NET/IB : GPU Direct RDMA Enabled for HCA 1 'mlx5_5'
MOC-R4PCC04U05:539888:540015 [2] NCCL INFO NET/IB : GPU Direct RDMA Enabled for HCA 0 'mlx5_5'
MOC-R4PCC04U05:539888:540015 [2] NCCL INFO NET/IB : Made virtual device [1] name=mlx5_5 speed=400000 ndevs=1
MOC-R4PCC04U05:539888:540015 [2] NCCL INFO NET/IB : GPU Direct RDMA Enabled for HCA 0 'mlx5_5'
MOC-R4PCC04U05:539888:540015 [2] NCCL INFO NET/IB : GPU Direct RDMA Enabled for HCA 1 'mlx5_5'
MOC-R4PCC04U05:539886:539990 [0] NCCL INFO NCCL_NET_GDR_LEVEL set by environment to LOC
MOC-R4PCC04U05:539886:539990 [0] NCCL INFO GPU Direct RDMA Disabled for GPU 0 / HCA 1 (distance 5 > 0)
MOC-R4PCC04U05:539886:539990 [0] NCCL INFO GPU Direct RDMA Disabled for GPU 1 / HCA 1 (distance 5 > 0)
MOC-R4PCC04U05:539886:539990 [0] NCCL INFO GPU Direct RDMA Disabled for GPU 2 / HCA 1 (distance 5 > 0)
MOC-R4PCC04U05:539886:539990 [0] NCCL INFO GPU Direct RDMA Disabled for GPU 0 / HCA 1 (distance 5 > 0)
MOC-R4PCC04U05:539886:539990 [0] NCCL INFO GPU Direct RDMA Disabled for GPU 1 / HCA 1 (distance 5 > 0)
MOC-R4PCC04U05:539886:539990 [0] NCCL INFO GPU Direct RDMA Disabled for GPU 2 / HCA 1 (distance 5 > 0)
MOC-R4PCC04U05:539889:540012 [3] NCCL INFO NCCL_NET_GDR_LEVEL set by environment to LOC
MOC-R4PCC04U05:539889:540012 [3] NCCL INFO GPU Direct RDMA Disabled for GPU 0 / HCA 1 (distance 5 > 0)
MOC-R4PCC04U05:539889:540012 [3] NCCL INFO GPU Direct RDMA Disabled for GPU 1 / HCA 1 (distance 5 > 0)
MOC-R4PCC04U05:539889:540012 [3] NCCL INFO GPU Direct RDMA Disabled for GPU 2 / HCA 1 (distance 5 > 0)
MOC-R4PCC04U05:539889:540012 [3] NCCL INFO GPU Direct RDMA Disabled for GPU 0 / HCA 1 (distance 5 > 0)
MOC-R4PCC04U05:539889:540012 [3] NCCL INFO GPU Direct RDMA Disabled for GPU 1 / HCA 1 (distance 5 > 0)
MOC-R4PCC04U05:539889:540012 [3] NCCL INFO GPU Direct RDMA Disabled for GPU 2 / HCA 1 (distance 5 > 0)
MOC-R4PCC04U05:539887:540014 [1] NCCL INFO NCCL_NET_GDR_LEVEL set by environment to LOC
MOC-R4PCC04U05:539887:540014 [1] NCCL INFO GPU Direct RDMA Disabled for GPU 0 / HCA 1 (distance 5 > 0)
MOC-R4PCC04U05:539887:540014 [1] NCCL INFO GPU Direct RDMA Disabled for GPU 1 / HCA 1 (distance 5 > 0)
MOC-R4PCC04U05:539887:540014 [1] NCCL INFO GPU Direct RDMA Disabled for GPU 2 / HCA 1 (distance 5 > 0)
MOC-R4PCC04U05:539887:540014 [1] NCCL INFO GPU Direct RDMA Disabled for GPU 0 / HCA 1 (distance 5 > 0)
MOC-R4PCC04U05:539887:540014 [1] NCCL INFO GPU Direct RDMA Disabled for GPU 1 / HCA 1 (distance 5 > 0)
MOC-R4PCC04U05:539887:540014 [1] NCCL INFO GPU Direct RDMA Disabled for GPU 2 / HCA 1 (distance 5 > 0)
MOC-R4PCC04U05:539888:540015 [2] NCCL INFO NCCL_NET_GDR_LEVEL set by environment to LOC
MOC-R4PCC04U05:539888:540015 [2] NCCL INFO GPU Direct RDMA Disabled for GPU 0 / HCA 1 (distance 5 > 0)
MOC-R4PCC04U05:539888:540015 [2] NCCL INFO GPU Direct RDMA Disabled for GPU 1 / HCA 1 (distance 5 > 0)
MOC-R4PCC04U05:539888:540015 [2] NCCL INFO GPU Direct RDMA Disabled for GPU 2 / HCA 1 (distance 5 > 0)
MOC-R4PCC04U05:539888:540015 [2] NCCL INFO GPU Direct RDMA Disabled for GPU 0 / HCA 1 (distance 5 > 0)
MOC-R4PCC04U05:539888:540015 [2] NCCL INFO GPU Direct RDMA Disabled for GPU 1 / HCA 1 (distance 5 > 0)
MOC-R4PCC04U05:539888:540015 [2] NCCL INFO GPU Direct RDMA Disabled for GPU 2 / HCA 1 (distance 5 > 0)
MOC-R4PCC04U05:539889:540027 [3] NCCL INFO New proxy recv connection 0 from local rank 3, transport 0
MOC-R4PCC04U05:539889:540035 [3] NCCL INFO Connected to proxy localRank 3 -> connection 0x7f08c4004f30
MOC-R4PCC04U05:539888:540029 [2] NCCL INFO New proxy recv connection 0 from local rank 2, transport 0
MOC-R4PCC04U05:539888:540036 [2] NCCL INFO Connected to proxy localRank 2 -> connection 0x7fbbc4004f30
MOC-R4PCC04U05:539889:540027 [3] NCCL INFO New proxy recv connection 1 from local rank 3, transport 0
MOC-R4PCC04U05:539889:540035 [3] NCCL INFO Connected to proxy localRank 3 -> connection 0x7f08c4004fa8
MOC-R4PCC04U05:539888:540029 [2] NCCL INFO New proxy recv connection 1 from local rank 2, transport 0
MOC-R4PCC04U05:539888:540036 [2] NCCL INFO Connected to proxy localRank 2 -> connection 0x7fbbc4004fa8
MOC-R4PCC04U05:539889:540035 [3] NCCL INFO GPU Direct RDMA Disabled for GPU 3 / HCA 1 (distance 7 > 0)
MOC-R4PCC04U05:539886:540030 [0] NCCL INFO New proxy send connection 0 from local rank 0, transport 0
MOC-R4PCC04U05:539886:540037 [0] NCCL INFO Connected to proxy localRank 0 -> connection 0x7f2f9c004f30
MOC-R4PCC04U05:539886:540030 [0] NCCL INFO New proxy send connection 1 from local rank 0, transport 0
MOC-R4PCC04U05:539886:540037 [0] NCCL INFO Connected to proxy localRank 0 -> connection 0x7f2f9c004fa8
MOC-R4PCC04U05:539888:540036 [2] NCCL INFO GPU Direct RDMA Disabled for GPU 2 / HCA 1 (distance 7 > 0)
MOC-R4PCC04U05:539886:540030 [0] NCCL INFO New proxy send connection 2 from local rank 0, transport 0
MOC-R4PCC04U05:539886:540037 [0] NCCL INFO Connected to proxy localRank 0 -> connection 0x7f2f9c005020
MOC-R4PCC04U05:539887:540028 [1] NCCL INFO New proxy recv connection 0 from local rank 1, transport 0
MOC-R4PCC04U05:539887:540038 [1] NCCL INFO Connected to proxy localRank 1 -> connection 0x7f6408004f30
MOC-R4PCC04U05:539886:540030 [0] NCCL INFO New proxy send connection 3 from local rank 0, transport 0
MOC-R4PCC04U05:539886:540037 [0] NCCL INFO Connected to proxy localRank 0 -> connection 0x7f2f9c005098
MOC-R4PCC04U05:539887:540028 [1] NCCL INFO New proxy recv connection 1 from local rank 1, transport 0
MOC-R4PCC04U05:539887:540038 [1] NCCL INFO Connected to proxy localRank 1 -> connection 0x7f6408004fa8
MOC-R4PCC04U05:539889:540027 [3] NCCL INFO New proxy send connection 2 from local rank 3, transport 2
MOC-R4PCC04U05:539889:540035 [3] NCCL INFO Connected to proxy localRank 3 -> connection 0x7f08c4005020
MOC-R4PCC04U05:539889:540035 [3] NCCL INFO Channel 00/0 : 3[3] -> 6[2] [send] via NET/IB/1
MOC-R4PCC04U05:539889:540035 [3] NCCL INFO GPU Direct RDMA Disabled for GPU 3 / HCA 1 (distance 7 > 0)
MOC-R4PCC04U05:539889:540027 [3] NCCL INFO New proxy send connection 3 from local rank 3, transport 2
MOC-R4PCC04U05:539889:540035 [3] NCCL INFO Connected to proxy localRank 3 -> connection 0x7f08c4005098
MOC-R4PCC04U05:539889:540035 [3] NCCL INFO Channel 02/0 : 3[3] -> 6[2] [send] via NET/IB/1
MOC-R4PCC04U05:539886:540030 [0] NCCL INFO New proxy recv connection 4 from local rank 0, transport 0
MOC-R4PCC04U05:539886:540037 [0] NCCL INFO Connected to proxy localRank 0 -> connection 0x7f2f9c005110
MOC-R4PCC04U05:539886:540030 [0] NCCL INFO New proxy recv connection 5 from local rank 0, transport 0
MOC-R4PCC04U05:539886:540037 [0] NCCL INFO Connected to proxy localRank 0 -> connection 0x7f2f9c005188
MOC-R4PCC04U05:539886:540030 [0] NCCL INFO New proxy recv connection 6 from local rank 0, transport 0
MOC-R4PCC04U05:539886:540037 [0] NCCL INFO Connected to proxy localRank 0 -> connection 0x7f2f9c005200
MOC-R4PCC04U05:539886:540030 [0] NCCL INFO New proxy recv connection 7 from local rank 0, transport 0
MOC-R4PCC04U05:539886:540037 [0] NCCL INFO Connected to proxy localRank 0 -> connection 0x7f2f9c005278
MOC-R4PCC04U05:539888:540029 [2] NCCL INFO New proxy recv connection 2 from local rank 2, transport 2
MOC-R4PCC04U05:539888:540036 [2] NCCL INFO Connected to proxy localRank 2 -> connection 0x7fbbc4005020
MOC-R4PCC04U05:539888:540036 [2] NCCL INFO Channel 00/0 : 11[3] -> 2[2] [receive] via NET/IB/1
MOC-R4PCC04U05:539888:540036 [2] NCCL INFO GPU Direct RDMA Disabled for GPU 2 / HCA 1 (distance 7 > 0)
MOC-R4PCC04U05:539888:540029 [2] NCCL INFO New proxy recv connection 3 from local rank 2, transport 2
MOC-R4PCC04U05:539888:540036 [2] NCCL INFO Connected to proxy localRank 2 -> connection 0x7fbbc4005098
MOC-R4PCC04U05:539888:540036 [2] NCCL INFO Channel 02/0 : 11[3] -> 2[2] [receive] via NET/IB/1
MOC-R4PCC04U05:539888:540036 [2] NCCL INFO GPU Direct RDMA Disabled for GPU 2 / HCA 1 (distance 7 > 0)
MOC-R4PCC04U05:539888:540029 [2] NCCL INFO New proxy send connection 4 from local rank 2, transport 2
MOC-R4PCC04U05:539888:540036 [2] NCCL INFO Connected to proxy localRank 2 -> connection 0x7fbbc4005110
MOC-R4PCC04U05:539888:540036 [2] NCCL INFO Channel 01/0 : 2[2] -> 7[3] [send] via NET/IB/1
MOC-R4PCC04U05:539888:540036 [2] NCCL INFO GPU Direct RDMA Disabled for GPU 2 / HCA 1 (distance 7 > 0)
MOC-R4PCC04U05:539888:540029 [2] NCCL INFO New proxy send connection 5 from local rank 2, transport 2
MOC-R4PCC04U05:539888:540036 [2] NCCL INFO Connected to proxy localRank 2 -> connection 0x7fbbc4005188
MOC-R4PCC04U05:539888:540036 [2] NCCL INFO Channel 03/0 : 2[2] -> 7[3] [send] via NET/IB/1
MOC-R4PCC04U05:539889:540035 [3] NCCL INFO GPU Direct RDMA Disabled for GPU 3 / HCA 1 (distance 7 > 0)
MOC-R4PCC04U05:539889:540027 [3] NCCL INFO New proxy recv connection 4 from local rank 3, transport 2
MOC-R4PCC04U05:539889:540035 [3] NCCL INFO Connected to proxy localRank 3 -> connection 0x7f08c4005110
MOC-R4PCC04U05:539889:540035 [3] NCCL INFO Channel 01/0 : 10[2] -> 3[3] [receive] via NET/IB/1
MOC-R4PCC04U05:539889:540035 [3] NCCL INFO GPU Direct RDMA Disabled for GPU 3 / HCA 1 (distance 7 > 0)
MOC-R4PCC04U05:539889:540027 [3] NCCL INFO New proxy recv connection 5 from local rank 3, transport 2
MOC-R4PCC04U05:539889:540035 [3] NCCL INFO Connected to proxy localRank 3 -> connection 0x7f08c4005188
MOC-R4PCC04U05:539889:540035 [3] NCCL INFO Channel 03/0 : 10[2] -> 3[3] [receive] via NET/IB/1
MOC-R4PCC04U05:539888:540029 [2] NCCL INFO New proxy send connection 6 from local rank 2, transport 0
MOC-R4PCC04U05:539888:540036 [2] NCCL INFO Connected to proxy localRank 2 -> connection 0x7fbbc4005200
MOC-R4PCC04U05:539889:540027 [3] NCCL INFO New proxy send connection 6 from local rank 3, transport 0
MOC-R4PCC04U05:539889:540035 [3] NCCL INFO Connected to proxy localRank 3 -> connection 0x7f08c4005200
MOC-R4PCC04U05:539888:540029 [2] NCCL INFO New proxy send connection 7 from local rank 2, transport 0
MOC-R4PCC04U05:539888:540036 [2] NCCL INFO Connected to proxy localRank 2 -> connection 0x7fbbc4005278
MOC-R4PCC04U05:539889:540027 [3] NCCL INFO New proxy send connection 7 from local rank 3, transport 0
MOC-R4PCC04U05:539889:540035 [3] NCCL INFO Connected to proxy localRank 3 -> connection 0x7f08c4005278
MOC-R4PCC04U05:539887:540028 [1] NCCL INFO New proxy recv connection 2 from local rank 1, transport 0
MOC-R4PCC04U05:539887:540038 [1] NCCL INFO Connected to proxy localRank 1 -> connection 0x7f6408005020
MOC-R4PCC04U05:539886:540030 [0] NCCL INFO New proxy send connection 8 from local rank 3, transport 0
MOC-R4PCC04U05:539889:540035 [3] NCCL INFO Connected to proxy localRank 0 -> connection 0x7f2f9c0052f0
MOC-R4PCC04U05:539887:540028 [1] NCCL INFO New proxy recv connection 3 from local rank 1, transport 0
MOC-R4PCC04U05:539887:540038 [1] NCCL INFO Connected to proxy localRank 1 -> connection 0x7f6408005098
MOC-R4PCC04U05:539887:540028 [1] NCCL INFO New proxy send connection 4 from local rank 1, transport 0
MOC-R4PCC04U05:539887:540038 [1] NCCL INFO Connected to proxy localRank 1 -> connection 0x7f6408005110
MOC-R4PCC04U05:539887:540028 [1] NCCL INFO New proxy send connection 5 from local rank 1, transport 0
MOC-R4PCC04U05:539887:540038 [1] NCCL INFO Connected to proxy localRank 1 -> connection 0x7f6408005188
MOC-R4PCC04U05:539887:540028 [1] NCCL INFO New proxy send connection 6 from local rank 1, transport 0
MOC-R4PCC04U05:539887:540038 [1] NCCL INFO Connected to proxy localRank 1 -> connection 0x7f6408005200
MOC-R4PCC04U05:539887:540028 [1] NCCL INFO New proxy send connection 7 from local rank 1, transport 0
MOC-R4PCC04U05:539887:540038 [1] NCCL INFO Connected to proxy localRank 1 -> connection 0x7f6408005278
MOC-R4PCC04U05:539886:540030 [0] NCCL INFO New proxy send connection 9 from local rank 2, transport 0
MOC-R4PCC04U05:539889:540027 [3] NCCL INFO New proxy send connection 8 from local rank 1, transport 0
MOC-R4PCC04U05:539888:540036 [2] NCCL INFO Connected to proxy localRank 0 -> connection 0x7f2f9c005368
MOC-R4PCC04U05:539887:540038 [1] NCCL INFO Connected to proxy localRank 3 -> connection 0x7f08c40052f0
MOC-R4PCC04U05:539888:540029 [2] NCCL INFO New proxy send connection 8 from local rank 0, transport 0
MOC-R4PCC04U05:539886:540037 [0] NCCL INFO Connected to proxy localRank 2 -> connection 0x7fbbc40052f0
MOC-R4PCC04U05:539887:540028 [1] NCCL INFO New proxy send connection 8 from local rank 3, transport 0
MOC-R4PCC04U05:539889:540035 [3] NCCL INFO Connected to proxy localRank 1 -> connection 0x7f64080052f0
MOC-R4PCC04U05:539889:540027 [3] NCCL INFO NET/IB: NCCL Dev 1 IbDev 0 Port 1 qpn 8406 mtu 3 query_ece={supported=1, vendor_id=0x15b3, options=0x30000002, comp_mask=0x0} GID 3 (0/C132A8C0FFFF0000) fifoRkey=0x178443 fifoLkey=0x178443
MOC-R4PCC04U05:539889:540027 [3] NCCL INFO NET/IB: NCCL Dev 1 IbDev 0 Port 1 qpn 8407 mtu 3 query_ece={supported=1, vendor_id=0x15b3, options=0x30000002, comp_mask=0x0} GID 3 (0/C132A8C0FFFF0000) fifoRkey=0x17bf7e fifoLkey=0x17bf7e
MOC-R4PCC04U05:539889:540027 [3] NCCL INFO NET/IB: IbDev 0 Port 1 qpn 8370 set_ece={supported=1, vendor_id=0x15b3, options=0x0, comp_mask=0x0}
MOC-R4PCC04U05:539887:540028 [1] NCCL INFO New proxy send connection 9 from local rank 2, transport 0
MOC-R4PCC04U05:539888:540036 [2] NCCL INFO Connected to proxy localRank 1 -> connection 0x7f6408005368
MOC-R4PCC04U05:539888:540029 [2] NCCL INFO NET/IB: NCCL Dev 1 IbDev 0 Port 1 qpn 8408 mtu 3 query_ece={supported=1, vendor_id=0x15b3, options=0x30000002, comp_mask=0x0} GID 3 (0/C132A8C0FFFF0000) fifoRkey=0x1716d5 fifoLkey=0x1716d5
MOC-R4PCC04U05:539888:540029 [2] NCCL INFO NET/IB: NCCL Dev 1 IbDev 0 Port 1 qpn 8409 mtu 3 query_ece={supported=1, vendor_id=0x15b3, options=0x30000002, comp_mask=0x0} GID 3 (0/C132A8C0FFFF0000) fifoRkey=0x170bca fifoLkey=0x170bca
MOC-R4PCC04U05:539889:540027 [3] NCCL INFO NET/IB: IbDev 0 Port 1 qpn 8372 set_ece={supported=1, vendor_id=0x15b3, options=0x0, comp_mask=0x0}
MOC-R4PCC04U05:539888:540029 [2] NCCL INFO NET/IB: IbDev 0 Port 1 qpn 8374 set_ece={supported=1, vendor_id=0x15b3, options=0x0, comp_mask=0x0}
MOC-R4PCC04U05:539886:540030 [0] NCCL INFO New proxy send connection 10 from local rank 1, transport 0
MOC-R4PCC04U05:539887:540038 [1] NCCL INFO Connected to proxy localRank 0 -> connection 0x7f2f9c0053e0
MOC-R4PCC04U05:539889:540027 [3] NCCL INFO New proxy send connection 9 from local rank 0, transport 0
MOC-R4PCC04U05:539886:540037 [0] NCCL INFO Connected to proxy localRank 3 -> connection 0x7f08c4005368
MOC-R4PCC04U05:539888:540029 [2] NCCL INFO NET/IB: IbDev 0 Port 1 qpn 8376 set_ece={supported=1, vendor_id=0x15b3, options=0x0, comp_mask=0x0}
MOC-R4PCC04U05:539888:540029 [2] NCCL INFO New proxy send connection 9 from local rank 1, transport 0
MOC-R4PCC04U05:539887:540038 [1] NCCL INFO Connected to proxy localRank 2 -> connection 0x7fbbc4005368
MOC-R4PCC04U05:539887:540028 [1] NCCL INFO New proxy send connection 10 from local rank 0, transport 0
MOC-R4PCC04U05:539886:540037 [0] NCCL INFO Connected to proxy localRank 1 -> connection 0x7f64080053e0
num decayed parameter tensors: 50, with 124,318,464 parameters
num non-decayed parameter tensors: 98, with 121,344 parameters
using fused AdamW: False
using regular AdamW
MOC-R4PCC04U05:539889:540027 [3] NCCL INFO New proxy recv connection 10 from local rank 3, transport 0
MOC-R4PCC04U05:539889:540730 [3] NCCL INFO Connected to proxy localRank 3 -> connection 0x7f08c40053e0
MOC-R4PCC04U05:539889:540027 [3] NCCL INFO New proxy recv connection 11 from local rank 3, transport 0
MOC-R4PCC04U05:539889:540730 [3] NCCL INFO Connected to proxy localRank 3 -> connection 0x7f08c4005458
MOC-R4PCC04U05:539886:540030 [0] NCCL INFO New proxy send connection 11 from local rank 0, transport 0
MOC-R4PCC04U05:539886:540731 [0] NCCL INFO Connected to proxy localRank 0 -> connection 0x7f2f9c005458
MOC-R4PCC04U05:539886:540030 [0] NCCL INFO New proxy send connection 12 from local rank 0, transport 0
MOC-R4PCC04U05:539886:540731 [0] NCCL INFO Connected to proxy localRank 0 -> connection 0x7f2f9c0054d0
MOC-R4PCC04U05:539886:540030 [0] NCCL INFO New proxy send connection 13 from local rank 0, transport 0
MOC-R4PCC04U05:539886:540731 [0] NCCL INFO Connected to proxy localRank 0 -> connection 0x7f2f9c005548
MOC-R4PCC04U05:539886:540030 [0] NCCL INFO New proxy send connection 14 from local rank 0, transport 0
MOC-R4PCC04U05:539886:540731 [0] NCCL INFO Connected to proxy localRank 0 -> connection 0x7f2f9c0055c0
MOC-R4PCC04U05:539888:540029 [2] NCCL INFO New proxy recv connection 10 from local rank 2, transport 0
MOC-R4PCC04U05:539888:540732 [2] NCCL INFO Connected to proxy localRank 2 -> connection 0x7fbbc40053e0
MOC-R4PCC04U05:539888:540029 [2] NCCL INFO New proxy recv connection 11 from local rank 2, transport 0
MOC-R4PCC04U05:539888:540732 [2] NCCL INFO Connected to proxy localRank 2 -> connection 0x7fbbc4005458
MOC-R4PCC04U05:539888:540029 [2] NCCL INFO New proxy recv connection 12 from local rank 2, transport 0
MOC-R4PCC04U05:539888:540732 [2] NCCL INFO Connected to proxy localRank 2 -> connection 0x7fbbc40054d0
MOC-R4PCC04U05:539888:540029 [2] NCCL INFO New proxy recv connection 13 from local rank 2, transport 0
MOC-R4PCC04U05:539888:540732 [2] NCCL INFO Connected to proxy localRank 2 -> connection 0x7fbbc4005548
MOC-R4PCC04U05:539887:540028 [1] NCCL INFO New proxy recv connection 11 from local rank 1, transport 0
MOC-R4PCC04U05:539887:540733 [1] NCCL INFO Connected to proxy localRank 1 -> connection 0x7f6408005458
MOC-R4PCC04U05:539887:540028 [1] NCCL INFO New proxy recv connection 12 from local rank 1, transport 0
MOC-R4PCC04U05:539887:540733 [1] NCCL INFO Connected to proxy localRank 1 -> connection 0x7f64080054d0
MOC-R4PCC04U05:539887:540028 [1] NCCL INFO New proxy recv connection 13 from local rank 1, transport 0
MOC-R4PCC04U05:539887:540733 [1] NCCL INFO Connected to proxy localRank 1 -> connection 0x7f6408005548
MOC-R4PCC04U05:539887:540028 [1] NCCL INFO New proxy recv connection 14 from local rank 1, transport 0
MOC-R4PCC04U05:539887:540733 [1] NCCL INFO Connected to proxy localRank 1 -> connection 0x7f64080055c0
MOC-R4PCC04U05:539887:540028 [1] NCCL INFO New proxy send connection 15 from local rank 1, transport 0
MOC-R4PCC04U05:539887:540733 [1] NCCL INFO Connected to proxy localRank 1 -> connection 0x7f6408005638
MOC-R4PCC04U05:539887:540028 [1] NCCL INFO New proxy send connection 16 from local rank 1, transport 0
MOC-R4PCC04U05:539887:540733 [1] NCCL INFO Connected to proxy localRank 1 -> connection 0x7f64080056b0
MOC-R4PCC04U05:539887:540028 [1] NCCL INFO New proxy send connection 17 from local rank 1, transport 0
MOC-R4PCC04U05:539887:540733 [1] NCCL INFO Connected to proxy localRank 1 -> connection 0x7f6408005728
MOC-R4PCC04U05:539887:540028 [1] NCCL INFO New proxy send connection 18 from local rank 1, transport 0
MOC-R4PCC04U05:539887:540733 [1] NCCL INFO Connected to proxy localRank 1 -> connection 0x7f64080057a0
MOC-R4PCC04U05:539887:540028 [1] NCCL INFO New proxy recv connection 19 from local rank 1, transport 0
MOC-R4PCC04U05:539887:540733 [1] NCCL INFO Connected to proxy localRank 1 -> connection 0x7f6408005818
MOC-R4PCC04U05:539886:540030 [0] NCCL INFO New proxy send connection 15 from local rank 0, transport 0
MOC-R4PCC04U05:539886:540731 [0] NCCL INFO Connected to proxy localRank 0 -> connection 0x7f2f9c005638
MOC-R4PCC04U05:539888:540029 [2] NCCL INFO New proxy send connection 14 from local rank 2, transport 0
MOC-R4PCC04U05:539888:540732 [2] NCCL INFO Connected to proxy localRank 2 -> connection 0x7fbbc40055c0
MOC-R4PCC04U05:539887:540028 [1] NCCL INFO New proxy recv connection 20 from local rank 1, transport 0
MOC-R4PCC04U05:539887:540733 [1] NCCL INFO Connected to proxy localRank 1 -> connection 0x7f6408005890
MOC-R4PCC04U05:539886:540030 [0] NCCL INFO New proxy send connection 16 from local rank 0, transport 0
MOC-R4PCC04U05:539888:540029 [2] NCCL INFO New proxy send connection 15 from local rank 2, transport 0
MOC-R4PCC04U05:539886:540731 [0] NCCL INFO Connected to proxy localRank 0 -> connection 0x7f2f9c0056b0
MOC-R4PCC04U05:539888:540732 [2] NCCL INFO Connected to proxy localRank 2 -> connection 0x7fbbc4005638
MOC-R4PCC04U05:539886:540030 [0] NCCL INFO New proxy recv connection 17 from local rank 0, transport 0
MOC-R4PCC04U05:539886:540731 [0] NCCL INFO Connected to proxy localRank 0 -> connection 0x7f2f9c005728
MOC-R4PCC04U05:539889:540730 [3] NCCL INFO GPU Direct RDMA Disabled for GPU 3 / HCA 1 (distance 7 > 0)
MOC-R4PCC04U05:539889:540027 [3] NCCL INFO New proxy recv connection 12 from local rank 3, transport 2
MOC-R4PCC04U05:539889:540730 [3] NCCL INFO Connected to proxy localRank 3 -> connection 0x7f08c40054d0
MOC-R4PCC04U05:539886:540030 [0] NCCL INFO New proxy recv connection 18 from local rank 0, transport 0
MOC-R4PCC04U05:539886:540731 [0] NCCL INFO Connected to proxy localRank 0 -> connection 0x7f2f9c0057a0
MOC-R4PCC04U05:539889:540730 [3] NCCL INFO Channel 00/0 : 11[3] -> 3[3] [receive] via NET/IB/1
MOC-R4PCC04U05:539889:540730 [3] NCCL INFO GPU Direct RDMA Disabled for GPU 3 / HCA 1 (distance 7 > 0)
MOC-R4PCC04U05:539889:540027 [3] NCCL INFO New proxy recv connection 13 from local rank 3, transport 2
MOC-R4PCC04U05:539889:540730 [3] NCCL INFO Connected to proxy localRank 3 -> connection 0x7f08c4005548
MOC-R4PCC04U05:539889:540730 [3] NCCL INFO Channel 01/0 : 11[3] -> 3[3] [receive] via NET/IB/1
MOC-R4PCC04U05:539889:540730 [3] NCCL INFO GPU Direct RDMA Disabled for GPU 3 / HCA 1 (distance 7 > 0)
MOC-R4PCC04U05:539889:540027 [3] NCCL INFO New proxy recv connection 14 from local rank 3, transport 2
MOC-R4PCC04U05:539889:540730 [3] NCCL INFO Connected to proxy localRank 3 -> connection 0x7f08c40055c0
MOC-R4PCC04U05:539889:540730 [3] NCCL INFO Channel 02/0 : 11[3] -> 3[3] [receive] via NET/IB/1
MOC-R4PCC04U05:539889:540730 [3] NCCL INFO GPU Direct RDMA Disabled for GPU 3 / HCA 1 (distance 7 > 0)
MOC-R4PCC04U05:539889:540027 [3] NCCL INFO New proxy recv connection 15 from local rank 3, transport 2
MOC-R4PCC04U05:539889:540730 [3] NCCL INFO Connected to proxy localRank 3 -> connection 0x7f08c4005638
MOC-R4PCC04U05:539889:540730 [3] NCCL INFO Channel 03/0 : 11[3] -> 3[3] [receive] via NET/IB/1
MOC-R4PCC04U05:539889:540730 [3] NCCL INFO GPU Direct RDMA Disabled for GPU 3 / HCA 1 (distance 7 > 0)
MOC-R4PCC04U05:539889:540027 [3] NCCL INFO New proxy send connection 16 from local rank 3, transport 2
MOC-R4PCC04U05:539889:540730 [3] NCCL INFO Connected to proxy localRank 3 -> connection 0x7f08c40056b0
MOC-R4PCC04U05:539889:540730 [3] NCCL INFO Channel 02/0 : 3[3] -> 7[3] [send] via NET/IB/1
MOC-R4PCC04U05:539889:540730 [3] NCCL INFO GPU Direct RDMA Disabled for GPU 3 / HCA 1 (distance 7 > 0)
MOC-R4PCC04U05:539889:540027 [3] NCCL INFO New proxy send connection 17 from local rank 3, transport 2
MOC-R4PCC04U05:539889:540730 [3] NCCL INFO Connected to proxy localRank 3 -> connection 0x7f08c4005728
MOC-R4PCC04U05:539889:540730 [3] NCCL INFO Channel 03/0 : 3[3] -> 7[3] [send] via NET/IB/1
MOC-R4PCC04U05:539886:540030 [0] NCCL INFO New proxy recv connection 19 from local rank 0, transport 0
MOC-R4PCC04U05:539886:540731 [0] NCCL INFO Connected to proxy localRank 0 -> connection 0x7f2f9c005818
MOC-R4PCC04U05:539889:540730 [3] NCCL INFO GPU Direct RDMA Disabled for GPU 3 / HCA 1 (distance 7 > 0)
MOC-R4PCC04U05:539889:540027 [3] NCCL INFO New proxy recv connection 18 from local rank 3, transport 2
MOC-R4PCC04U05:539889:540730 [3] NCCL INFO Connected to proxy localRank 3 -> connection 0x7f08c40057a0
MOC-R4PCC04U05:539889:540730 [3] NCCL INFO Channel 02/0 : 7[3] -> 3[3] [receive] via NET/IB/1
MOC-R4PCC04U05:539889:540730 [3] NCCL INFO GPU Direct RDMA Disabled for GPU 3 / HCA 1 (distance 7 > 0)
MOC-R4PCC04U05:539889:540027 [3] NCCL INFO New proxy recv connection 19 from local rank 3, transport 2
MOC-R4PCC04U05:539889:540730 [3] NCCL INFO Connected to proxy localRank 3 -> connection 0x7f08c4005818
MOC-R4PCC04U05:539889:540730 [3] NCCL INFO Channel 03/0 : 7[3] -> 3[3] [receive] via NET/IB/1
MOC-R4PCC04U05:539889:540730 [3] NCCL INFO GPU Direct RDMA Disabled for GPU 3 / HCA 1 (distance 7 > 0)
MOC-R4PCC04U05:539889:540027 [3] NCCL INFO New proxy send connection 20 from local rank 3, transport 2
MOC-R4PCC04U05:539889:540730 [3] NCCL INFO Connected to proxy localRank 3 -> connection 0x7f08c4005890
MOC-R4PCC04U05:539889:540730 [3] NCCL INFO Channel 00/0 : 3[3] -> 11[3] [send] via NET/IB/1
MOC-R4PCC04U05:539889:540730 [3] NCCL INFO GPU Direct RDMA Disabled for GPU 3 / HCA 1 (distance 7 > 0)
MOC-R4PCC04U05:539889:540027 [3] NCCL INFO New proxy send connection 21 from local rank 3, transport 2
MOC-R4PCC04U05:539889:540730 [3] NCCL INFO Connected to proxy localRank 3 -> connection 0x7f08c4005908
MOC-R4PCC04U05:539889:540730 [3] NCCL INFO Channel 01/0 : 3[3] -> 11[3] [send] via NET/IB/1
MOC-R4PCC04U05:539889:540730 [3] NCCL INFO GPU Direct RDMA Disabled for GPU 3 / HCA 1 (distance 7 > 0)
MOC-R4PCC04U05:539889:540027 [3] NCCL INFO New proxy send connection 22 from local rank 3, transport 2
MOC-R4PCC04U05:539889:540730 [3] NCCL INFO Connected to proxy localRank 3 -> connection 0x7f08c4005980
MOC-R4PCC04U05:539889:540730 [3] NCCL INFO Channel 02/0 : 3[3] -> 11[3] [send] via NET/IB/1
MOC-R4PCC04U05:539889:540730 [3] NCCL INFO GPU Direct RDMA Disabled for GPU 3 / HCA 1 (distance 7 > 0)
MOC-R4PCC04U05:539889:540027 [3] NCCL INFO New proxy send connection 23 from local rank 3, transport 2
MOC-R4PCC04U05:539889:540730 [3] NCCL INFO Connected to proxy localRank 3 -> connection 0x7f08c40059f8
MOC-R4PCC04U05:539889:540730 [3] NCCL INFO Channel 03/0 : 3[3] -> 11[3] [send] via NET/IB/1
MOC-R4PCC04U05:539886:540030 [0] NCCL INFO New proxy recv connection 20 from local rank 0, transport 0
MOC-R4PCC04U05:539886:540731 [0] NCCL INFO Connected to proxy localRank 0 -> connection 0x7f2f9c005890
MOC-R4PCC04U05:539889:540027 [3] NCCL INFO New proxy send connection 24 from local rank 3, transport 0
MOC-R4PCC04U05:539889:540730 [3] NCCL INFO Connected to proxy localRank 3 -> connection 0x7f08c4005a70
MOC-R4PCC04U05:539889:540027 [3] NCCL INFO New proxy send connection 25 from local rank 3, transport 0
MOC-R4PCC04U05:539889:540730 [3] NCCL INFO Connected to proxy localRank 3 -> connection 0x7f08c4005ae8
MOC-R4PCC04U05:539889:540027 [3] NCCL INFO New proxy send connection 26 from local rank 3, transport 0
MOC-R4PCC04U05:539889:540730 [3] NCCL INFO Connected to proxy localRank 3 -> connection 0x7f08c4005b60
MOC-R4PCC04U05:539889:540027 [3] NCCL INFO New proxy send connection 27 from local rank 3, transport 0
MOC-R4PCC04U05:539889:540730 [3] NCCL INFO Connected to proxy localRank 3 -> connection 0x7f08c4005bd8
MOC-R4PCC04U05:539889:540027 [3] NCCL INFO NET/IB: NCCL Dev 1 IbDev 0 Port 1 qpn 8416 mtu 3 query_ece={supported=1, vendor_id=0x15b3, options=0x30000002, comp_mask=0x0} GID 3 (0/C132A8C0FFFF0000) fifoRkey=0x17e2a1 fifoLkey=0x17e2a1
MOC-R4PCC04U05:539889:540027 [3] NCCL INFO NET/IB: NCCL Dev 1 IbDev 0 Port 1 qpn 8417 mtu 3 query_ece={supported=1, vendor_id=0x15b3, options=0x30000002, comp_mask=0x0} GID 3 (0/C132A8C0FFFF0000) fifoRkey=0x17f5b4 fifoLkey=0x17f5b4
MOC-R4PCC04U05:539889:540027 [3] NCCL INFO NET/IB: IbDev 0 Port 1 qpn 8386 set_ece={supported=1, vendor_id=0x15b3, options=0x0, comp_mask=0x0}
MOC-R4PCC04U05:539889:540027 [3] NCCL INFO NET/IB: IbDev 0 Port 1 qpn 8388 set_ece={supported=1, vendor_id=0x15b3, options=0x0, comp_mask=0x0}
MOC-R4PCC04U05:539889:540027 [3] NCCL INFO NET/IB: NCCL Dev 1 IbDev 0 Port 1 qpn 8428 mtu 3 query_ece={supported=1, vendor_id=0x15b3, options=0x30000002, comp_mask=0x0} GID 3 (0/C132A8C0FFFF0000) fifoRkey=0x17fdbc fifoLkey=0x17fdbc
MOC-R4PCC04U05:539889:540027 [3] NCCL INFO NET/IB: NCCL Dev 1 IbDev 0 Port 1 qpn 8429 mtu 3 query_ece={supported=1, vendor_id=0x15b3, options=0x30000002, comp_mask=0x0} GID 3 (0/C132A8C0FFFF0000) fifoRkey=0x17e7a6 fifoLkey=0x17e7a6
MOC-R4PCC04U05:539889:540027 [3] NCCL INFO NET/IB: NCCL Dev 1 IbDev 0 Port 1 qpn 8430 mtu 3 query_ece={supported=1, vendor_id=0x15b3, options=0x30000002, comp_mask=0x0} GID 3 (0/C132A8C0FFFF0000) fifoRkey=0x174705 fifoLkey=0x174705
MOC-R4PCC04U05:539889:540027 [3] NCCL INFO NET/IB: NCCL Dev 1 IbDev 0 Port 1 qpn 8431 mtu 3 query_ece={supported=1, vendor_id=0x15b3, options=0x30000002, comp_mask=0x0} GID 3 (0/C132A8C0FFFF0000) fifoRkey=0x17cb8a fifoLkey=0x17cb8a
MOC-R4PCC04U05:539889:540027 [3] NCCL INFO NET/IB: IbDev 0 Port 1 qpn 4338 set_ece={supported=1, vendor_id=0x15b3, options=0x0, comp_mask=0x0}
MOC-R4PCC04U05:539889:540027 [3] NCCL INFO NET/IB: IbDev 0 Port 1 qpn 4340 set_ece={supported=1, vendor_id=0x15b3, options=0x0, comp_mask=0x0}
MOC-R4PCC04U05:539889:540027 [3] NCCL INFO NET/IB: IbDev 0 Port 1 qpn 4342 set_ece={supported=1, vendor_id=0x15b3, options=0x0, comp_mask=0x0}
MOC-R4PCC04U05:539889:540027 [3] NCCL INFO NET/IB: IbDev 0 Port 1 qpn 4344 set_ece={supported=1, vendor_id=0x15b3, options=0x0, comp_mask=0x0}
step    1/10 | train loss 11.008544 | norm 15.7801 | lr 1.00e-04 | (13842.31 ms | 28407 tok/s)
step    2/10 | train loss 10.118102 | norm 5.8208 | lr 1.00e-04 | (130.74 ms | 3007510 tok/s)
step    3/10 | train loss 9.770428 | norm 2.6297 | lr 1.00e-04 | (197.64 ms | 1989531 tok/s)
step    4/10 | train loss 9.600719 | norm 2.1156 | lr 1.00e-04 | (139.80 ms | 2812678 tok/s)
step    5/10 | train loss 9.517911 | norm 2.1044 | lr 1.00e-04 | (132.61 ms | 2965194 tok/s)
step    6/10 | train loss 9.436630 | norm 1.9994 | lr 1.00e-04 | (132.27 ms | 2972746 tok/s)
step    7/10 | train loss 9.351842 | norm 1.9450 | lr 1.00e-04 | (133.08 ms | 2954840 tok/s)
step    8/10 | train loss 9.262648 | norm 1.9094 | lr 1.00e-04 | (132.31 ms | 2972012 tok/s)
step    9/10 | train loss 9.170662 | norm 1.8626 | lr 1.00e-04 | (130.75 ms | 3007411 tok/s)
step   10/10 | train loss 9.080875 | norm 1.7797 | lr 1.00e-04 | (131.07 ms | 2999994 tok/s)
final 9 iters avg: 140.031ms
peak memory consumption: 16121 MiB
