Running pytorch 2.7.0+cu126
using device: cuda:0
total desired batch size: 3145728
=> calculated gradient accumulation steps: 6
using device: cuda:1
using device: cuda:3
using device: cuda:2
compiling the model...
DataLoader: total number of tokens: 1,661,249,667 across 103 files
MOC-R4PCC04U05:637319:637319 [0] NCCL INFO NCCL_SOCKET_IFNAME set to eno7np0
MOC-R4PCC04U05:637319:637319 [0] NCCL INFO NCCL version 2.26.2+cuda12.2
MOC-R4PCC04U05:637319:637425 [0] NCCL INFO NET/Plugin: Could not find: libnccl-net.so. Using internal net plugin.
MOC-R4PCC04U05:637319:637425 [0] NCCL INFO NCCL_IB_HCA set to mlx5_5
MOC-R4PCC04U05:637320:637320 [1] NCCL INFO NCCL_SOCKET_IFNAME set to eno7np0
MOC-R4PCC04U05:637320:637320 [1] NCCL INFO NCCL version 2.26.2+cuda12.2
MOC-R4PCC04U05:637319:637425 [0] NCCL INFO NET/IB : Made virtual device [0] name=mlx5_5 speed=400000 ndevs=1
MOC-R4PCC04U05:637319:637425 [0] NCCL INFO NET/IB : Using [0]mlx5_5:1/RoCE [RO]; OOB eno7np0:192.168.50.193<0>
MOC-R4PCC04U05:637322:637322 [3] NCCL INFO NCCL_SOCKET_IFNAME set to eno7np0
MOC-R4PCC04U05:637321:637321 [2] NCCL INFO NCCL_SOCKET_IFNAME set to eno7np0
MOC-R4PCC04U05:637321:637321 [2] NCCL INFO NCCL version 2.26.2+cuda12.2
MOC-R4PCC04U05:637322:637322 [3] NCCL INFO NCCL version 2.26.2+cuda12.2
MOC-R4PCC04U05:637320:637448 [1] NCCL INFO NET/Plugin: Could not find: libnccl-net.so. Using internal net plugin.
MOC-R4PCC04U05:637320:637448 [1] NCCL INFO NCCL_IB_HCA set to mlx5_5
MOC-R4PCC04U05:637320:637448 [1] NCCL INFO NET/IB : Made virtual device [0] name=mlx5_5 speed=400000 ndevs=1
MOC-R4PCC04U05:637320:637448 [1] NCCL INFO NET/IB : Using [0]mlx5_5:1/RoCE [RO]; OOB eno7np0:192.168.50.193<0>
MOC-R4PCC04U05:637322:637450 [3] NCCL INFO NET/Plugin: Could not find: libnccl-net.so. Using internal net plugin.
MOC-R4PCC04U05:637322:637450 [3] NCCL INFO NCCL_IB_HCA set to mlx5_5
MOC-R4PCC04U05:637322:637450 [3] NCCL INFO NET/IB : Made virtual device [0] name=mlx5_5 speed=400000 ndevs=1
MOC-R4PCC04U05:637322:637450 [3] NCCL INFO NET/IB : Using [0]mlx5_5:1/RoCE [RO]; OOB eno7np0:192.168.50.193<0>
MOC-R4PCC04U05:637321:637449 [2] NCCL INFO NET/Plugin: Could not find: libnccl-net.so. Using internal net plugin.
MOC-R4PCC04U05:637321:637449 [2] NCCL INFO NCCL_IB_HCA set to mlx5_5
MOC-R4PCC04U05:637321:637449 [2] NCCL INFO NET/IB : Made virtual device [0] name=mlx5_5 speed=400000 ndevs=1
MOC-R4PCC04U05:637321:637449 [2] NCCL INFO NET/IB : Using [0]mlx5_5:1/RoCE [RO]; OOB eno7np0:192.168.50.193<0>
MOC-R4PCC04U05:637321:637449 [2] NCCL INFO NET/IB : GPU Direct RDMA Enabled for HCA 0 'mlx5_5'
MOC-R4PCC04U05:637321:637449 [2] NCCL INFO NET/IB : Made virtual device [1] name=mlx5_5 speed=400000 ndevs=1
MOC-R4PCC04U05:637321:637449 [2] NCCL INFO NET/IB : GPU Direct RDMA Enabled for HCA 0 'mlx5_5'
MOC-R4PCC04U05:637321:637449 [2] NCCL INFO NET/IB : GPU Direct RDMA Enabled for HCA 1 'mlx5_5'
MOC-R4PCC04U05:637320:637448 [1] NCCL INFO NET/IB : GPU Direct RDMA Enabled for HCA 0 'mlx5_5'
MOC-R4PCC04U05:637320:637448 [1] NCCL INFO NET/IB : Made virtual device [1] name=mlx5_5 speed=400000 ndevs=1
MOC-R4PCC04U05:637320:637448 [1] NCCL INFO NET/IB : GPU Direct RDMA Enabled for HCA 0 'mlx5_5'
MOC-R4PCC04U05:637320:637448 [1] NCCL INFO NET/IB : GPU Direct RDMA Enabled for HCA 1 'mlx5_5'
MOC-R4PCC04U05:637319:637425 [0] NCCL INFO NET/IB : GPU Direct RDMA Enabled for HCA 0 'mlx5_5'
MOC-R4PCC04U05:637319:637425 [0] NCCL INFO NET/IB : Made virtual device [1] name=mlx5_5 speed=400000 ndevs=1
MOC-R4PCC04U05:637319:637425 [0] NCCL INFO NET/IB : GPU Direct RDMA Enabled for HCA 0 'mlx5_5'
MOC-R4PCC04U05:637319:637425 [0] NCCL INFO NET/IB : GPU Direct RDMA Enabled for HCA 1 'mlx5_5'
MOC-R4PCC04U05:637322:637450 [3] NCCL INFO NET/IB : GPU Direct RDMA Enabled for HCA 0 'mlx5_5'
MOC-R4PCC04U05:637322:637450 [3] NCCL INFO NET/IB : Made virtual device [1] name=mlx5_5 speed=400000 ndevs=1
MOC-R4PCC04U05:637322:637450 [3] NCCL INFO NET/IB : GPU Direct RDMA Enabled for HCA 0 'mlx5_5'
MOC-R4PCC04U05:637322:637450 [3] NCCL INFO NET/IB : GPU Direct RDMA Enabled for HCA 1 'mlx5_5'
MOC-R4PCC04U05:637319:637425 [0] NCCL INFO NCCL_NET_GDR_LEVEL set by environment to LOC
MOC-R4PCC04U05:637319:637425 [0] NCCL INFO GPU Direct RDMA Disabled for GPU 0 / HCA 1 (distance 5 > 0)
MOC-R4PCC04U05:637319:637425 [0] NCCL INFO GPU Direct RDMA Disabled for GPU 1 / HCA 1 (distance 5 > 0)
MOC-R4PCC04U05:637319:637425 [0] NCCL INFO GPU Direct RDMA Disabled for GPU 2 / HCA 1 (distance 5 > 0)
MOC-R4PCC04U05:637319:637425 [0] NCCL INFO GPU Direct RDMA Disabled for GPU 0 / HCA 1 (distance 5 > 0)
MOC-R4PCC04U05:637319:637425 [0] NCCL INFO GPU Direct RDMA Disabled for GPU 1 / HCA 1 (distance 5 > 0)
MOC-R4PCC04U05:637319:637425 [0] NCCL INFO GPU Direct RDMA Disabled for GPU 2 / HCA 1 (distance 5 > 0)
MOC-R4PCC04U05:637320:637448 [1] NCCL INFO NCCL_NET_GDR_LEVEL set by environment to LOC
MOC-R4PCC04U05:637320:637448 [1] NCCL INFO GPU Direct RDMA Disabled for GPU 0 / HCA 1 (distance 5 > 0)
MOC-R4PCC04U05:637320:637448 [1] NCCL INFO GPU Direct RDMA Disabled for GPU 1 / HCA 1 (distance 5 > 0)
MOC-R4PCC04U05:637320:637448 [1] NCCL INFO GPU Direct RDMA Disabled for GPU 2 / HCA 1 (distance 5 > 0)
MOC-R4PCC04U05:637320:637448 [1] NCCL INFO GPU Direct RDMA Disabled for GPU 0 / HCA 1 (distance 5 > 0)
MOC-R4PCC04U05:637320:637448 [1] NCCL INFO GPU Direct RDMA Disabled for GPU 1 / HCA 1 (distance 5 > 0)
MOC-R4PCC04U05:637320:637448 [1] NCCL INFO GPU Direct RDMA Disabled for GPU 2 / HCA 1 (distance 5 > 0)
MOC-R4PCC04U05:637322:637450 [3] NCCL INFO NCCL_NET_GDR_LEVEL set by environment to LOC
MOC-R4PCC04U05:637322:637450 [3] NCCL INFO GPU Direct RDMA Disabled for GPU 0 / HCA 1 (distance 5 > 0)
MOC-R4PCC04U05:637322:637450 [3] NCCL INFO GPU Direct RDMA Disabled for GPU 1 / HCA 1 (distance 5 > 0)
MOC-R4PCC04U05:637322:637450 [3] NCCL INFO GPU Direct RDMA Disabled for GPU 2 / HCA 1 (distance 5 > 0)
MOC-R4PCC04U05:637322:637450 [3] NCCL INFO GPU Direct RDMA Disabled for GPU 0 / HCA 1 (distance 5 > 0)
MOC-R4PCC04U05:637322:637450 [3] NCCL INFO GPU Direct RDMA Disabled for GPU 1 / HCA 1 (distance 5 > 0)
MOC-R4PCC04U05:637322:637450 [3] NCCL INFO GPU Direct RDMA Disabled for GPU 2 / HCA 1 (distance 5 > 0)
MOC-R4PCC04U05:637321:637449 [2] NCCL INFO NCCL_NET_GDR_LEVEL set by environment to LOC
MOC-R4PCC04U05:637321:637449 [2] NCCL INFO GPU Direct RDMA Disabled for GPU 0 / HCA 1 (distance 5 > 0)
MOC-R4PCC04U05:637321:637449 [2] NCCL INFO GPU Direct RDMA Disabled for GPU 1 / HCA 1 (distance 5 > 0)
MOC-R4PCC04U05:637321:637449 [2] NCCL INFO GPU Direct RDMA Disabled for GPU 2 / HCA 1 (distance 5 > 0)
MOC-R4PCC04U05:637321:637449 [2] NCCL INFO GPU Direct RDMA Disabled for GPU 0 / HCA 1 (distance 5 > 0)
MOC-R4PCC04U05:637321:637449 [2] NCCL INFO GPU Direct RDMA Disabled for GPU 1 / HCA 1 (distance 5 > 0)
MOC-R4PCC04U05:637321:637449 [2] NCCL INFO GPU Direct RDMA Disabled for GPU 2 / HCA 1 (distance 5 > 0)
MOC-R4PCC04U05:637320:637465 [1] NCCL INFO New proxy recv connection 0 from local rank 1, transport 0
MOC-R4PCC04U05:637320:637472 [1] NCCL INFO Connected to proxy localRank 1 -> connection 0x7f4280004f30
MOC-R4PCC04U05:637320:637465 [1] NCCL INFO New proxy recv connection 1 from local rank 1, transport 0
MOC-R4PCC04U05:637320:637472 [1] NCCL INFO Connected to proxy localRank 1 -> connection 0x7f4280004fa8
MOC-R4PCC04U05:637322:637464 [3] NCCL INFO New proxy recv connection 0 from local rank 3, transport 0
MOC-R4PCC04U05:637322:637473 [3] NCCL INFO Connected to proxy localRank 3 -> connection 0x7f86a4004f30
MOC-R4PCC04U05:637322:637464 [3] NCCL INFO New proxy recv connection 1 from local rank 3, transport 0
MOC-R4PCC04U05:637322:637473 [3] NCCL INFO Connected to proxy localRank 3 -> connection 0x7f86a4004fa8
MOC-R4PCC04U05:637322:637473 [3] NCCL INFO GPU Direct RDMA Disabled for GPU 3 / HCA 1 (distance 7 > 0)
MOC-R4PCC04U05:637319:637470 [0] NCCL INFO New proxy send connection 0 from local rank 0, transport 0
MOC-R4PCC04U05:637319:637474 [0] NCCL INFO Connected to proxy localRank 0 -> connection 0x7fe658004f30
MOC-R4PCC04U05:637319:637470 [0] NCCL INFO New proxy send connection 1 from local rank 0, transport 0
MOC-R4PCC04U05:637319:637474 [0] NCCL INFO Connected to proxy localRank 0 -> connection 0x7fe658004fa8
MOC-R4PCC04U05:637321:637467 [2] NCCL INFO New proxy recv connection 0 from local rank 2, transport 0
MOC-R4PCC04U05:637321:637475 [2] NCCL INFO Connected to proxy localRank 2 -> connection 0x7f55cc004f30
MOC-R4PCC04U05:637321:637467 [2] NCCL INFO New proxy recv connection 1 from local rank 2, transport 0
MOC-R4PCC04U05:637321:637475 [2] NCCL INFO Connected to proxy localRank 2 -> connection 0x7f55cc004fa8
MOC-R4PCC04U05:637321:637475 [2] NCCL INFO GPU Direct RDMA Disabled for GPU 2 / HCA 1 (distance 7 > 0)
MOC-R4PCC04U05:637319:637470 [0] NCCL INFO New proxy send connection 2 from local rank 0, transport 0
MOC-R4PCC04U05:637319:637474 [0] NCCL INFO Connected to proxy localRank 0 -> connection 0x7fe658005020
MOC-R4PCC04U05:637322:637464 [3] NCCL INFO New proxy send connection 2 from local rank 3, transport 2
MOC-R4PCC04U05:637322:637473 [3] NCCL INFO Connected to proxy localRank 3 -> connection 0x7f86a4005020
MOC-R4PCC04U05:637322:637473 [3] NCCL INFO Channel 00/0 : 3[3] -> 6[2] [send] via NET/IB/1
MOC-R4PCC04U05:637322:637473 [3] NCCL INFO GPU Direct RDMA Disabled for GPU 3 / HCA 1 (distance 7 > 0)
MOC-R4PCC04U05:637322:637464 [3] NCCL INFO New proxy send connection 3 from local rank 3, transport 2
MOC-R4PCC04U05:637322:637473 [3] NCCL INFO Connected to proxy localRank 3 -> connection 0x7f86a4005098
MOC-R4PCC04U05:637322:637473 [3] NCCL INFO Channel 02/0 : 3[3] -> 6[2] [send] via NET/IB/1
MOC-R4PCC04U05:637321:637467 [2] NCCL INFO New proxy recv connection 2 from local rank 2, transport 2
MOC-R4PCC04U05:637321:637475 [2] NCCL INFO Connected to proxy localRank 2 -> connection 0x7f55cc005020
MOC-R4PCC04U05:637321:637475 [2] NCCL INFO Channel 00/0 : 15[3] -> 2[2] [receive] via NET/IB/1
MOC-R4PCC04U05:637321:637475 [2] NCCL INFO GPU Direct RDMA Disabled for GPU 2 / HCA 1 (distance 7 > 0)
MOC-R4PCC04U05:637321:637467 [2] NCCL INFO New proxy recv connection 3 from local rank 2, transport 2
MOC-R4PCC04U05:637321:637475 [2] NCCL INFO Connected to proxy localRank 2 -> connection 0x7f55cc005098
MOC-R4PCC04U05:637321:637475 [2] NCCL INFO Channel 02/0 : 15[3] -> 2[2] [receive] via NET/IB/1
MOC-R4PCC04U05:637321:637475 [2] NCCL INFO GPU Direct RDMA Disabled for GPU 2 / HCA 1 (distance 7 > 0)
MOC-R4PCC04U05:637321:637467 [2] NCCL INFO New proxy send connection 4 from local rank 2, transport 2
MOC-R4PCC04U05:637321:637475 [2] NCCL INFO Connected to proxy localRank 2 -> connection 0x7f55cc005110
MOC-R4PCC04U05:637321:637475 [2] NCCL INFO Channel 01/0 : 2[2] -> 7[3] [send] via NET/IB/1
MOC-R4PCC04U05:637321:637475 [2] NCCL INFO GPU Direct RDMA Disabled for GPU 2 / HCA 1 (distance 7 > 0)
MOC-R4PCC04U05:637321:637467 [2] NCCL INFO New proxy send connection 5 from local rank 2, transport 2
MOC-R4PCC04U05:637321:637475 [2] NCCL INFO Connected to proxy localRank 2 -> connection 0x7f55cc005188
MOC-R4PCC04U05:637321:637475 [2] NCCL INFO Channel 03/0 : 2[2] -> 7[3] [send] via NET/IB/1
MOC-R4PCC04U05:637319:637470 [0] NCCL INFO New proxy send connection 3 from local rank 0, transport 0
MOC-R4PCC04U05:637319:637474 [0] NCCL INFO Connected to proxy localRank 0 -> connection 0x7fe658005098
MOC-R4PCC04U05:637319:637470 [0] NCCL INFO New proxy recv connection 4 from local rank 0, transport 0
MOC-R4PCC04U05:637319:637474 [0] NCCL INFO Connected to proxy localRank 0 -> connection 0x7fe658005110
MOC-R4PCC04U05:637319:637470 [0] NCCL INFO New proxy recv connection 5 from local rank 0, transport 0
MOC-R4PCC04U05:637319:637474 [0] NCCL INFO Connected to proxy localRank 0 -> connection 0x7fe658005188
MOC-R4PCC04U05:637319:637470 [0] NCCL INFO New proxy recv connection 6 from local rank 0, transport 0
MOC-R4PCC04U05:637319:637474 [0] NCCL INFO Connected to proxy localRank 0 -> connection 0x7fe658005200
MOC-R4PCC04U05:637319:637470 [0] NCCL INFO New proxy recv connection 7 from local rank 0, transport 0
MOC-R4PCC04U05:637319:637474 [0] NCCL INFO Connected to proxy localRank 0 -> connection 0x7fe658005278
MOC-R4PCC04U05:637322:637473 [3] NCCL INFO GPU Direct RDMA Disabled for GPU 3 / HCA 1 (distance 7 > 0)
MOC-R4PCC04U05:637322:637464 [3] NCCL INFO New proxy recv connection 4 from local rank 3, transport 2
MOC-R4PCC04U05:637322:637473 [3] NCCL INFO Connected to proxy localRank 3 -> connection 0x7f86a4005110
MOC-R4PCC04U05:637322:637473 [3] NCCL INFO Channel 01/0 : 14[2] -> 3[3] [receive] via NET/IB/1
MOC-R4PCC04U05:637322:637473 [3] NCCL INFO GPU Direct RDMA Disabled for GPU 3 / HCA 1 (distance 7 > 0)
MOC-R4PCC04U05:637322:637464 [3] NCCL INFO New proxy recv connection 5 from local rank 3, transport 2
MOC-R4PCC04U05:637322:637473 [3] NCCL INFO Connected to proxy localRank 3 -> connection 0x7f86a4005188
MOC-R4PCC04U05:637322:637473 [3] NCCL INFO Channel 03/0 : 14[2] -> 3[3] [receive] via NET/IB/1
MOC-R4PCC04U05:637322:637464 [3] NCCL INFO New proxy send connection 6 from local rank 3, transport 0
MOC-R4PCC04U05:637322:637473 [3] NCCL INFO Connected to proxy localRank 3 -> connection 0x7f86a4005200
MOC-R4PCC04U05:637322:637464 [3] NCCL INFO New proxy send connection 7 from local rank 3, transport 0
MOC-R4PCC04U05:637322:637473 [3] NCCL INFO Connected to proxy localRank 3 -> connection 0x7f86a4005278
MOC-R4PCC04U05:637321:637467 [2] NCCL INFO New proxy send connection 6 from local rank 2, transport 0
MOC-R4PCC04U05:637321:637475 [2] NCCL INFO Connected to proxy localRank 2 -> connection 0x7f55cc005200
MOC-R4PCC04U05:637319:637470 [0] NCCL INFO New proxy send connection 8 from local rank 3, transport 0
MOC-R4PCC04U05:637322:637473 [3] NCCL INFO Connected to proxy localRank 0 -> connection 0x7fe6580052f0
MOC-R4PCC04U05:637321:637467 [2] NCCL INFO New proxy send connection 7 from local rank 2, transport 0
MOC-R4PCC04U05:637321:637475 [2] NCCL INFO Connected to proxy localRank 2 -> connection 0x7f55cc005278
MOC-R4PCC04U05:637320:637465 [1] NCCL INFO New proxy recv connection 2 from local rank 1, transport 0
MOC-R4PCC04U05:637320:637472 [1] NCCL INFO Connected to proxy localRank 1 -> connection 0x7f4280005020
MOC-R4PCC04U05:637320:637465 [1] NCCL INFO New proxy recv connection 3 from local rank 1, transport 0
MOC-R4PCC04U05:637320:637472 [1] NCCL INFO Connected to proxy localRank 1 -> connection 0x7f4280005098
MOC-R4PCC04U05:637320:637465 [1] NCCL INFO New proxy send connection 4 from local rank 1, transport 0
MOC-R4PCC04U05:637320:637472 [1] NCCL INFO Connected to proxy localRank 1 -> connection 0x7f4280005110
MOC-R4PCC04U05:637320:637465 [1] NCCL INFO New proxy send connection 5 from local rank 1, transport 0
MOC-R4PCC04U05:637320:637472 [1] NCCL INFO Connected to proxy localRank 1 -> connection 0x7f4280005188
MOC-R4PCC04U05:637320:637465 [1] NCCL INFO New proxy send connection 6 from local rank 1, transport 0
MOC-R4PCC04U05:637320:637472 [1] NCCL INFO Connected to proxy localRank 1 -> connection 0x7f4280005200
MOC-R4PCC04U05:637320:637465 [1] NCCL INFO New proxy send connection 7 from local rank 1, transport 0
MOC-R4PCC04U05:637320:637472 [1] NCCL INFO Connected to proxy localRank 1 -> connection 0x7f4280005278
MOC-R4PCC04U05:637320:637465 [1] NCCL INFO New proxy send connection 8 from local rank 3, transport 0
MOC-R4PCC04U05:637322:637473 [3] NCCL INFO Connected to proxy localRank 1 -> connection 0x7f42800052f0
MOC-R4PCC04U05:637319:637470 [0] NCCL INFO New proxy send connection 9 from local rank 2, transport 0
MOC-R4PCC04U05:637321:637475 [2] NCCL INFO Connected to proxy localRank 0 -> connection 0x7fe658005368
MOC-R4PCC04U05:637322:637464 [3] NCCL INFO New proxy send connection 8 from local rank 1, transport 0
MOC-R4PCC04U05:637320:637472 [1] NCCL INFO Connected to proxy localRank 3 -> connection 0x7f86a40052f0
MOC-R4PCC04U05:637321:637467 [2] NCCL INFO New proxy send connection 8 from local rank 0, transport 0
MOC-R4PCC04U05:637319:637474 [0] NCCL INFO Connected to proxy localRank 2 -> connection 0x7f55cc0052f0
MOC-R4PCC04U05:637320:637465 [1] NCCL INFO New proxy send connection 9 from local rank 2, transport 0
MOC-R4PCC04U05:637321:637475 [2] NCCL INFO Connected to proxy localRank 1 -> connection 0x7f4280005368
MOC-R4PCC04U05:637319:637470 [0] NCCL INFO New proxy send connection 10 from local rank 1, transport 0
MOC-R4PCC04U05:637320:637472 [1] NCCL INFO Connected to proxy localRank 0 -> connection 0x7fe6580053e0
MOC-R4PCC04U05:637322:637464 [3] NCCL INFO New proxy send connection 9 from local rank 0, transport 0
MOC-R4PCC04U05:637319:637474 [0] NCCL INFO Connected to proxy localRank 3 -> connection 0x7f86a4005368
MOC-R4PCC04U05:637321:637467 [2] NCCL INFO NET/IB: NCCL Dev 1 IbDev 0 Port 1 qpn 10447 mtu 3 query_ece={supported=1, vendor_id=0x15b3, options=0x30000002, comp_mask=0x0} GID 3 (0/C132A8C0FFFF0000) fifoRkey=0x17a767 fifoLkey=0x17a767
MOC-R4PCC04U05:637321:637467 [2] NCCL INFO NET/IB: NCCL Dev 1 IbDev 0 Port 1 qpn 10449 mtu 3 query_ece={supported=1, vendor_id=0x15b3, options=0x30000002, comp_mask=0x0} GID 3 (0/C132A8C0FFFF0000) fifoRkey=0x174705 fifoLkey=0x174705
MOC-R4PCC04U05:637322:637464 [3] NCCL INFO NET/IB: NCCL Dev 1 IbDev 0 Port 1 qpn 10452 mtu 3 query_ece={supported=1, vendor_id=0x15b3, options=0x30000002, comp_mask=0x0} GID 3 (0/C132A8C0FFFF0000) fifoRkey=0x1722e1 fifoLkey=0x1722e1
MOC-R4PCC04U05:637322:637464 [3] NCCL INFO NET/IB: NCCL Dev 1 IbDev 0 Port 1 qpn 10453 mtu 3 query_ece={supported=1, vendor_id=0x15b3, options=0x30000002, comp_mask=0x0} GID 3 (0/C132A8C0FFFF0000) fifoRkey=0x17bf7e fifoLkey=0x17bf7e
MOC-R4PCC04U05:637322:637464 [3] NCCL INFO NET/IB: IbDev 0 Port 1 qpn 10170 set_ece={supported=1, vendor_id=0x15b3, options=0x0, comp_mask=0x0}
MOC-R4PCC04U05:637321:637467 [2] NCCL INFO NET/IB: IbDev 0 Port 1 qpn 10174 set_ece={supported=1, vendor_id=0x15b3, options=0x0, comp_mask=0x0}
MOC-R4PCC04U05:637322:637464 [3] NCCL INFO NET/IB: IbDev 0 Port 1 qpn 10172 set_ece={supported=1, vendor_id=0x15b3, options=0x0, comp_mask=0x0}
MOC-R4PCC04U05:637321:637467 [2] NCCL INFO NET/IB: IbDev 0 Port 1 qpn 10176 set_ece={supported=1, vendor_id=0x15b3, options=0x0, comp_mask=0x0}
MOC-R4PCC04U05:637321:637467 [2] NCCL INFO New proxy send connection 9 from local rank 1, transport 0
MOC-R4PCC04U05:637320:637472 [1] NCCL INFO Connected to proxy localRank 2 -> connection 0x7f55cc005368
MOC-R4PCC04U05:637320:637465 [1] NCCL INFO New proxy send connection 10 from local rank 0, transport 0
MOC-R4PCC04U05:637319:637474 [0] NCCL INFO Connected to proxy localRank 1 -> connection 0x7f42800053e0
num decayed parameter tensors: 50, with 124,318,464 parameters
num non-decayed parameter tensors: 98, with 121,344 parameters
using fused AdamW: False
using regular AdamW
MOC-R4PCC04U05:637322:637464 [3] NCCL INFO New proxy recv connection 10 from local rank 3, transport 0
MOC-R4PCC04U05:637322:638166 [3] NCCL INFO Connected to proxy localRank 3 -> connection 0x7f86a40053e0
MOC-R4PCC04U05:637322:637464 [3] NCCL INFO New proxy recv connection 11 from local rank 3, transport 0
MOC-R4PCC04U05:637322:638166 [3] NCCL INFO Connected to proxy localRank 3 -> connection 0x7f86a4005458
MOC-R4PCC04U05:637320:637465 [1] NCCL INFO New proxy recv connection 11 from local rank 1, transport 0
MOC-R4PCC04U05:637320:638167 [1] NCCL INFO Connected to proxy localRank 1 -> connection 0x7f4280005458
MOC-R4PCC04U05:637320:637465 [1] NCCL INFO New proxy recv connection 12 from local rank 1, transport 0
MOC-R4PCC04U05:637320:638167 [1] NCCL INFO Connected to proxy localRank 1 -> connection 0x7f42800054d0
MOC-R4PCC04U05:637320:637465 [1] NCCL INFO New proxy recv connection 13 from local rank 1, transport 0
MOC-R4PCC04U05:637320:638167 [1] NCCL INFO Connected to proxy localRank 1 -> connection 0x7f4280005548
MOC-R4PCC04U05:637320:637465 [1] NCCL INFO New proxy recv connection 14 from local rank 1, transport 0
MOC-R4PCC04U05:637320:638167 [1] NCCL INFO Connected to proxy localRank 1 -> connection 0x7f42800055c0
MOC-R4PCC04U05:637320:637465 [1] NCCL INFO New proxy send connection 15 from local rank 1, transport 0
MOC-R4PCC04U05:637320:638167 [1] NCCL INFO Connected to proxy localRank 1 -> connection 0x7f4280005638
MOC-R4PCC04U05:637320:637465 [1] NCCL INFO New proxy send connection 16 from local rank 1, transport 0
MOC-R4PCC04U05:637320:638167 [1] NCCL INFO Connected to proxy localRank 1 -> connection 0x7f42800056b0
MOC-R4PCC04U05:637320:637465 [1] NCCL INFO New proxy send connection 17 from local rank 1, transport 0
MOC-R4PCC04U05:637320:638167 [1] NCCL INFO Connected to proxy localRank 1 -> connection 0x7f4280005728
MOC-R4PCC04U05:637320:637465 [1] NCCL INFO New proxy send connection 18 from local rank 1, transport 0
MOC-R4PCC04U05:637320:638167 [1] NCCL INFO Connected to proxy localRank 1 -> connection 0x7f42800057a0
MOC-R4PCC04U05:637321:637467 [2] NCCL INFO New proxy recv connection 10 from local rank 2, transport 0
MOC-R4PCC04U05:637321:638168 [2] NCCL INFO Connected to proxy localRank 2 -> connection 0x7f55cc0053e0
MOC-R4PCC04U05:637321:637467 [2] NCCL INFO New proxy recv connection 11 from local rank 2, transport 0
MOC-R4PCC04U05:637321:638168 [2] NCCL INFO Connected to proxy localRank 2 -> connection 0x7f55cc005458
MOC-R4PCC04U05:637321:637467 [2] NCCL INFO New proxy recv connection 12 from local rank 2, transport 0
MOC-R4PCC04U05:637321:638168 [2] NCCL INFO Connected to proxy localRank 2 -> connection 0x7f55cc0054d0
MOC-R4PCC04U05:637321:637467 [2] NCCL INFO New proxy recv connection 13 from local rank 2, transport 0
MOC-R4PCC04U05:637321:638168 [2] NCCL INFO Connected to proxy localRank 2 -> connection 0x7f55cc005548
MOC-R4PCC04U05:637321:637467 [2] NCCL INFO New proxy send connection 14 from local rank 2, transport 0
MOC-R4PCC04U05:637321:638168 [2] NCCL INFO Connected to proxy localRank 2 -> connection 0x7f55cc0055c0
MOC-R4PCC04U05:637321:637467 [2] NCCL INFO New proxy send connection 15 from local rank 2, transport 0
MOC-R4PCC04U05:637321:638168 [2] NCCL INFO Connected to proxy localRank 2 -> connection 0x7f55cc005638
MOC-R4PCC04U05:637319:637470 [0] NCCL INFO New proxy send connection 11 from local rank 0, transport 0
MOC-R4PCC04U05:637319:638169 [0] NCCL INFO Connected to proxy localRank 0 -> connection 0x7fe658005458
MOC-R4PCC04U05:637319:637470 [0] NCCL INFO New proxy send connection 12 from local rank 0, transport 0
MOC-R4PCC04U05:637319:638169 [0] NCCL INFO Connected to proxy localRank 0 -> connection 0x7fe6580054d0
MOC-R4PCC04U05:637319:637470 [0] NCCL INFO New proxy send connection 13 from local rank 0, transport 0
MOC-R4PCC04U05:637319:638169 [0] NCCL INFO Connected to proxy localRank 0 -> connection 0x7fe658005548
MOC-R4PCC04U05:637319:637470 [0] NCCL INFO New proxy send connection 14 from local rank 0, transport 0
MOC-R4PCC04U05:637319:638169 [0] NCCL INFO Connected to proxy localRank 0 -> connection 0x7fe6580055c0
MOC-R4PCC04U05:637319:637470 [0] NCCL INFO New proxy send connection 15 from local rank 0, transport 0
MOC-R4PCC04U05:637319:638169 [0] NCCL INFO Connected to proxy localRank 0 -> connection 0x7fe658005638
MOC-R4PCC04U05:637320:637465 [1] NCCL INFO New proxy recv connection 19 from local rank 1, transport 0
MOC-R4PCC04U05:637320:638167 [1] NCCL INFO Connected to proxy localRank 1 -> connection 0x7f4280005818
MOC-R4PCC04U05:637319:637470 [0] NCCL INFO New proxy send connection 16 from local rank 0, transport 0
MOC-R4PCC04U05:637319:638169 [0] NCCL INFO Connected to proxy localRank 0 -> connection 0x7fe6580056b0
MOC-R4PCC04U05:637320:637465 [1] NCCL INFO New proxy recv connection 20 from local rank 1, transport 0
MOC-R4PCC04U05:637320:638167 [1] NCCL INFO Connected to proxy localRank 1 -> connection 0x7f4280005890
MOC-R4PCC04U05:637319:637470 [0] NCCL INFO New proxy recv connection 17 from local rank 0, transport 0
MOC-R4PCC04U05:637319:638169 [0] NCCL INFO Connected to proxy localRank 0 -> connection 0x7fe658005728
MOC-R4PCC04U05:637322:638166 [3] NCCL INFO GPU Direct RDMA Disabled for GPU 3 / HCA 1 (distance 7 > 0)
MOC-R4PCC04U05:637322:637464 [3] NCCL INFO New proxy send connection 12 from local rank 3, transport 2
MOC-R4PCC04U05:637322:638166 [3] NCCL INFO Connected to proxy localRank 3 -> connection 0x7f86a40054d0
MOC-R4PCC04U05:637319:637470 [0] NCCL INFO New proxy recv connection 18 from local rank 0, transport 0
MOC-R4PCC04U05:637322:638166 [3] NCCL INFO Channel 02/0 : 3[3] -> 7[3] [send] via NET/IB/1
MOC-R4PCC04U05:637322:638166 [3] NCCL INFO GPU Direct RDMA Disabled for GPU 3 / HCA 1 (distance 7 > 0)
MOC-R4PCC04U05:637319:638169 [0] NCCL INFO Connected to proxy localRank 0 -> connection 0x7fe6580057a0
MOC-R4PCC04U05:637322:637464 [3] NCCL INFO New proxy send connection 13 from local rank 3, transport 2
MOC-R4PCC04U05:637322:638166 [3] NCCL INFO Connected to proxy localRank 3 -> connection 0x7f86a4005548
MOC-R4PCC04U05:637322:638166 [3] NCCL INFO Channel 03/0 : 3[3] -> 7[3] [send] via NET/IB/1
MOC-R4PCC04U05:637319:637470 [0] NCCL INFO New proxy recv connection 19 from local rank 0, transport 0
MOC-R4PCC04U05:637319:638169 [0] NCCL INFO Connected to proxy localRank 0 -> connection 0x7fe658005818
MOC-R4PCC04U05:637322:638166 [3] NCCL INFO GPU Direct RDMA Disabled for GPU 3 / HCA 1 (distance 7 > 0)
MOC-R4PCC04U05:637322:637464 [3] NCCL INFO New proxy recv connection 14 from local rank 3, transport 2
MOC-R4PCC04U05:637322:638166 [3] NCCL INFO Connected to proxy localRank 3 -> connection 0x7f86a40055c0
MOC-R4PCC04U05:637322:638166 [3] NCCL INFO Channel 00/0 : 11[3] -> 3[3] [receive] via NET/IB/1
MOC-R4PCC04U05:637322:638166 [3] NCCL INFO GPU Direct RDMA Disabled for GPU 3 / HCA 1 (distance 7 > 0)
MOC-R4PCC04U05:637322:637464 [3] NCCL INFO New proxy recv connection 15 from local rank 3, transport 2
MOC-R4PCC04U05:637322:638166 [3] NCCL INFO Connected to proxy localRank 3 -> connection 0x7f86a4005638
MOC-R4PCC04U05:637322:638166 [3] NCCL INFO Channel 01/0 : 11[3] -> 3[3] [receive] via NET/IB/1
MOC-R4PCC04U05:637322:638166 [3] NCCL INFO GPU Direct RDMA Disabled for GPU 3 / HCA 1 (distance 7 > 0)
MOC-R4PCC04U05:637322:637464 [3] NCCL INFO New proxy send connection 16 from local rank 3, transport 2
MOC-R4PCC04U05:637322:638166 [3] NCCL INFO Connected to proxy localRank 3 -> connection 0x7f86a40056b0
MOC-R4PCC04U05:637322:638166 [3] NCCL INFO Channel 00/0 : 3[3] -> 11[3] [send] via NET/IB/1
MOC-R4PCC04U05:637322:638166 [3] NCCL INFO GPU Direct RDMA Disabled for GPU 3 / HCA 1 (distance 7 > 0)
MOC-R4PCC04U05:637322:637464 [3] NCCL INFO New proxy send connection 17 from local rank 3, transport 2
MOC-R4PCC04U05:637322:638166 [3] NCCL INFO Connected to proxy localRank 3 -> connection 0x7f86a4005728
MOC-R4PCC04U05:637322:638166 [3] NCCL INFO Channel 01/0 : 3[3] -> 11[3] [send] via NET/IB/1
MOC-R4PCC04U05:637319:637470 [0] NCCL INFO New proxy recv connection 20 from local rank 0, transport 0
MOC-R4PCC04U05:637319:638169 [0] NCCL INFO Connected to proxy localRank 0 -> connection 0x7fe658005890
MOC-R4PCC04U05:637322:638166 [3] NCCL INFO GPU Direct RDMA Disabled for GPU 3 / HCA 1 (distance 7 > 0)
MOC-R4PCC04U05:637322:637464 [3] NCCL INFO New proxy recv connection 18 from local rank 3, transport 2
MOC-R4PCC04U05:637322:638166 [3] NCCL INFO Connected to proxy localRank 3 -> connection 0x7f86a40057a0
MOC-R4PCC04U05:637322:638166 [3] NCCL INFO Channel 02/0 : 7[3] -> 3[3] [receive] via NET/IB/1
MOC-R4PCC04U05:637322:638166 [3] NCCL INFO GPU Direct RDMA Disabled for GPU 3 / HCA 1 (distance 7 > 0)
MOC-R4PCC04U05:637322:637464 [3] NCCL INFO New proxy recv connection 19 from local rank 3, transport 2
MOC-R4PCC04U05:637322:638166 [3] NCCL INFO Connected to proxy localRank 3 -> connection 0x7f86a4005818
MOC-R4PCC04U05:637322:638166 [3] NCCL INFO Channel 03/0 : 7[3] -> 3[3] [receive] via NET/IB/1
MOC-R4PCC04U05:637322:637464 [3] NCCL INFO New proxy send connection 20 from local rank 3, transport 0
MOC-R4PCC04U05:637322:638166 [3] NCCL INFO Connected to proxy localRank 3 -> connection 0x7f86a4005890
MOC-R4PCC04U05:637322:637464 [3] NCCL INFO New proxy send connection 21 from local rank 3, transport 0
MOC-R4PCC04U05:637322:638166 [3] NCCL INFO Connected to proxy localRank 3 -> connection 0x7f86a4005908
MOC-R4PCC04U05:637322:637464 [3] NCCL INFO New proxy send connection 22 from local rank 3, transport 0
MOC-R4PCC04U05:637322:638166 [3] NCCL INFO Connected to proxy localRank 3 -> connection 0x7f86a4005980
MOC-R4PCC04U05:637322:637464 [3] NCCL INFO New proxy send connection 23 from local rank 3, transport 0
MOC-R4PCC04U05:637322:638166 [3] NCCL INFO Connected to proxy localRank 3 -> connection 0x7f86a40059f8
MOC-R4PCC04U05:637322:637464 [3] NCCL INFO NET/IB: NCCL Dev 1 IbDev 0 Port 1 qpn 10454 mtu 3 query_ece={supported=1, vendor_id=0x15b3, options=0x30000002, comp_mask=0x0} GID 3 (0/C132A8C0FFFF0000) fifoRkey=0x177837 fifoLkey=0x177837
MOC-R4PCC04U05:637322:637464 [3] NCCL INFO NET/IB: NCCL Dev 1 IbDev 0 Port 1 qpn 10455 mtu 3 query_ece={supported=1, vendor_id=0x15b3, options=0x30000002, comp_mask=0x0} GID 3 (0/C132A8C0FFFF0000) fifoRkey=0x175412 fifoLkey=0x175412
MOC-R4PCC04U05:637322:637464 [3] NCCL INFO NET/IB: IbDev 0 Port 1 qpn 10180 set_ece={supported=1, vendor_id=0x15b3, options=0x0, comp_mask=0x0}
MOC-R4PCC04U05:637322:637464 [3] NCCL INFO NET/IB: IbDev 0 Port 1 qpn 10182 set_ece={supported=1, vendor_id=0x15b3, options=0x0, comp_mask=0x0}
MOC-R4PCC04U05:637322:637464 [3] NCCL INFO NET/IB: NCCL Dev 1 IbDev 0 Port 1 qpn 10458 mtu 3 query_ece={supported=1, vendor_id=0x15b3, options=0x30000002, comp_mask=0x0} GID 3 (0/C132A8C0FFFF0000) fifoRkey=0x170bca fifoLkey=0x170bca
MOC-R4PCC04U05:637322:637464 [3] NCCL INFO NET/IB: IbDev 0 Port 1 qpn 7631 set_ece={supported=1, vendor_id=0x15b3, options=0x0, comp_mask=0x0}
MOC-R4PCC04U05:637322:637464 [3] NCCL INFO NET/IB: NCCL Dev 1 IbDev 0 Port 1 qpn 10461 mtu 3 query_ece={supported=1, vendor_id=0x15b3, options=0x30000002, comp_mask=0x0} GID 3 (0/C132A8C0FFFF0000) fifoRkey=0x179c5b fifoLkey=0x179c5b
MOC-R4PCC04U05:637322:637464 [3] NCCL INFO NET/IB: IbDev 0 Port 1 qpn 7636 set_ece={supported=1, vendor_id=0x15b3, options=0x0, comp_mask=0x0}
step    1/10 | train loss 11.009266 | norm 15.3566 | lr 1.00e-04 | (14724.17 ms | 213644 tok/s)
step    2/10 | train loss 10.139992 | norm 5.7234 | lr 1.00e-04 | (510.41 ms | 6163081 tok/s)
step    3/10 | train loss 9.800400 | norm 2.6013 | lr 1.00e-04 | (513.06 ms | 6131351 tok/s)
step    4/10 | train loss 9.631653 | norm 2.1118 | lr 1.00e-04 | (517.13 ms | 6083083 tok/s)
step    5/10 | train loss 9.548889 | norm 2.0959 | lr 1.00e-04 | (511.00 ms | 6156073 tok/s)
step    6/10 | train loss 9.468098 | norm 1.9942 | lr 1.00e-04 | (513.17 ms | 6130003 tok/s)
step    7/10 | train loss 9.382739 | norm 1.9443 | lr 1.00e-04 | (512.68 ms | 6135827 tok/s)
step    8/10 | train loss 9.291195 | norm 1.9106 | lr 1.00e-04 | (510.62 ms | 6160621 tok/s)
step    9/10 | train loss 9.195950 | norm 1.8556 | lr 1.00e-04 | (511.36 ms | 6151713 tok/s)
step   10/10 | train loss 9.110966 | norm 1.7933 | lr 1.00e-04 | (514.54 ms | 6113699 tok/s)
final 9 iters avg: 512.662ms
peak memory consumption: 16601 MiB
