Running pytorch 2.7.0+cu126
using device: cuda:0
total desired batch size: 4194304
=> calculated gradient accumulation steps: 8
using device: cuda:2
using device: cuda:1
using device: cuda:3
compiling the model...
DataLoader: total number of tokens: 1,661,249,667 across 103 files
MOC-R4PCC04U05:643241:643241 [0] NCCL INFO NCCL_SOCKET_IFNAME set to eno7np0
MOC-R4PCC04U05:643241:643241 [0] NCCL INFO NCCL version 2.26.2+cuda12.2
MOC-R4PCC04U05:643241:643347 [0] NCCL INFO NET/Plugin: Could not find: libnccl-net.so. Using internal net plugin.
MOC-R4PCC04U05:643241:643347 [0] NCCL INFO NCCL_IB_HCA set to mlx5_5
MOC-R4PCC04U05:643241:643347 [0] NCCL INFO NET/IB : Made virtual device [0] name=mlx5_5 speed=400000 ndevs=1
MOC-R4PCC04U05:643241:643347 [0] NCCL INFO NET/IB : Using [0]mlx5_5:1/RoCE [RO]; OOB eno7np0:192.168.50.193<0>
MOC-R4PCC04U05:643242:643242 [1] NCCL INFO NCCL_SOCKET_IFNAME set to eno7np0
MOC-R4PCC04U05:643242:643242 [1] NCCL INFO NCCL version 2.26.2+cuda12.2
MOC-R4PCC04U05:643243:643243 [2] NCCL INFO NCCL_SOCKET_IFNAME set to eno7np0
MOC-R4PCC04U05:643243:643243 [2] NCCL INFO NCCL version 2.26.2+cuda12.2
MOC-R4PCC04U05:643244:643244 [3] NCCL INFO NCCL_SOCKET_IFNAME set to eno7np0
MOC-R4PCC04U05:643244:643244 [3] NCCL INFO NCCL version 2.26.2+cuda12.2
MOC-R4PCC04U05:643243:643371 [2] NCCL INFO NET/Plugin: Could not find: libnccl-net.so. Using internal net plugin.
MOC-R4PCC04U05:643242:643370 [1] NCCL INFO NET/Plugin: Could not find: libnccl-net.so. Using internal net plugin.
MOC-R4PCC04U05:643243:643371 [2] NCCL INFO NCCL_IB_HCA set to mlx5_5
MOC-R4PCC04U05:643242:643370 [1] NCCL INFO NCCL_IB_HCA set to mlx5_5
MOC-R4PCC04U05:643244:643372 [3] NCCL INFO NET/Plugin: Could not find: libnccl-net.so. Using internal net plugin.
MOC-R4PCC04U05:643244:643372 [3] NCCL INFO NCCL_IB_HCA set to mlx5_5
MOC-R4PCC04U05:643243:643371 [2] NCCL INFO NET/IB : Made virtual device [0] name=mlx5_5 speed=400000 ndevs=1
MOC-R4PCC04U05:643243:643371 [2] NCCL INFO NET/IB : Using [0]mlx5_5:1/RoCE [RO]; OOB eno7np0:192.168.50.193<0>
MOC-R4PCC04U05:643242:643370 [1] NCCL INFO NET/IB : Made virtual device [0] name=mlx5_5 speed=400000 ndevs=1
MOC-R4PCC04U05:643242:643370 [1] NCCL INFO NET/IB : Using [0]mlx5_5:1/RoCE [RO]; OOB eno7np0:192.168.50.193<0>
MOC-R4PCC04U05:643244:643372 [3] NCCL INFO NET/IB : Made virtual device [0] name=mlx5_5 speed=400000 ndevs=1
MOC-R4PCC04U05:643244:643372 [3] NCCL INFO NET/IB : Using [0]mlx5_5:1/RoCE [RO]; OOB eno7np0:192.168.50.193<0>
MOC-R4PCC04U05:643243:643371 [2] NCCL INFO NET/IB : GPU Direct RDMA Enabled for HCA 0 'mlx5_5'
MOC-R4PCC04U05:643243:643371 [2] NCCL INFO NET/IB : Made virtual device [1] name=mlx5_5 speed=400000 ndevs=1
MOC-R4PCC04U05:643243:643371 [2] NCCL INFO NET/IB : GPU Direct RDMA Enabled for HCA 0 'mlx5_5'
MOC-R4PCC04U05:643243:643371 [2] NCCL INFO NET/IB : GPU Direct RDMA Enabled for HCA 1 'mlx5_5'
MOC-R4PCC04U05:643241:643347 [0] NCCL INFO NET/IB : GPU Direct RDMA Enabled for HCA 0 'mlx5_5'
MOC-R4PCC04U05:643241:643347 [0] NCCL INFO NET/IB : Made virtual device [1] name=mlx5_5 speed=400000 ndevs=1
MOC-R4PCC04U05:643241:643347 [0] NCCL INFO NET/IB : GPU Direct RDMA Enabled for HCA 0 'mlx5_5'
MOC-R4PCC04U05:643241:643347 [0] NCCL INFO NET/IB : GPU Direct RDMA Enabled for HCA 1 'mlx5_5'
MOC-R4PCC04U05:643242:643370 [1] NCCL INFO NET/IB : GPU Direct RDMA Enabled for HCA 0 'mlx5_5'
MOC-R4PCC04U05:643242:643370 [1] NCCL INFO NET/IB : Made virtual device [1] name=mlx5_5 speed=400000 ndevs=1
MOC-R4PCC04U05:643242:643370 [1] NCCL INFO NET/IB : GPU Direct RDMA Enabled for HCA 0 'mlx5_5'
MOC-R4PCC04U05:643242:643370 [1] NCCL INFO NET/IB : GPU Direct RDMA Enabled for HCA 1 'mlx5_5'
MOC-R4PCC04U05:643244:643372 [3] NCCL INFO NET/IB : GPU Direct RDMA Enabled for HCA 0 'mlx5_5'
MOC-R4PCC04U05:643244:643372 [3] NCCL INFO NET/IB : Made virtual device [1] name=mlx5_5 speed=400000 ndevs=1
MOC-R4PCC04U05:643244:643372 [3] NCCL INFO NET/IB : GPU Direct RDMA Enabled for HCA 0 'mlx5_5'
MOC-R4PCC04U05:643244:643372 [3] NCCL INFO NET/IB : GPU Direct RDMA Enabled for HCA 1 'mlx5_5'
MOC-R4PCC04U05:643242:643370 [1] NCCL INFO NCCL_NET_GDR_LEVEL set by environment to LOC
MOC-R4PCC04U05:643242:643370 [1] NCCL INFO GPU Direct RDMA Disabled for GPU 0 / HCA 1 (distance 5 > 0)
MOC-R4PCC04U05:643242:643370 [1] NCCL INFO GPU Direct RDMA Disabled for GPU 1 / HCA 1 (distance 5 > 0)
MOC-R4PCC04U05:643242:643370 [1] NCCL INFO GPU Direct RDMA Disabled for GPU 2 / HCA 1 (distance 5 > 0)
MOC-R4PCC04U05:643242:643370 [1] NCCL INFO GPU Direct RDMA Disabled for GPU 0 / HCA 1 (distance 5 > 0)
MOC-R4PCC04U05:643242:643370 [1] NCCL INFO GPU Direct RDMA Disabled for GPU 1 / HCA 1 (distance 5 > 0)
MOC-R4PCC04U05:643242:643370 [1] NCCL INFO GPU Direct RDMA Disabled for GPU 2 / HCA 1 (distance 5 > 0)
MOC-R4PCC04U05:643241:643347 [0] NCCL INFO NCCL_NET_GDR_LEVEL set by environment to LOC
MOC-R4PCC04U05:643241:643347 [0] NCCL INFO GPU Direct RDMA Disabled for GPU 0 / HCA 1 (distance 5 > 0)
MOC-R4PCC04U05:643241:643347 [0] NCCL INFO GPU Direct RDMA Disabled for GPU 1 / HCA 1 (distance 5 > 0)
MOC-R4PCC04U05:643241:643347 [0] NCCL INFO GPU Direct RDMA Disabled for GPU 2 / HCA 1 (distance 5 > 0)
MOC-R4PCC04U05:643241:643347 [0] NCCL INFO GPU Direct RDMA Disabled for GPU 0 / HCA 1 (distance 5 > 0)
MOC-R4PCC04U05:643241:643347 [0] NCCL INFO GPU Direct RDMA Disabled for GPU 1 / HCA 1 (distance 5 > 0)
MOC-R4PCC04U05:643241:643347 [0] NCCL INFO GPU Direct RDMA Disabled for GPU 2 / HCA 1 (distance 5 > 0)
MOC-R4PCC04U05:643243:643371 [2] NCCL INFO NCCL_NET_GDR_LEVEL set by environment to LOC
MOC-R4PCC04U05:643243:643371 [2] NCCL INFO GPU Direct RDMA Disabled for GPU 0 / HCA 1 (distance 5 > 0)
MOC-R4PCC04U05:643243:643371 [2] NCCL INFO GPU Direct RDMA Disabled for GPU 1 / HCA 1 (distance 5 > 0)
MOC-R4PCC04U05:643243:643371 [2] NCCL INFO GPU Direct RDMA Disabled for GPU 2 / HCA 1 (distance 5 > 0)
MOC-R4PCC04U05:643243:643371 [2] NCCL INFO GPU Direct RDMA Disabled for GPU 0 / HCA 1 (distance 5 > 0)
MOC-R4PCC04U05:643243:643371 [2] NCCL INFO GPU Direct RDMA Disabled for GPU 1 / HCA 1 (distance 5 > 0)
MOC-R4PCC04U05:643243:643371 [2] NCCL INFO GPU Direct RDMA Disabled for GPU 2 / HCA 1 (distance 5 > 0)
MOC-R4PCC04U05:643244:643372 [3] NCCL INFO NCCL_NET_GDR_LEVEL set by environment to LOC
MOC-R4PCC04U05:643244:643372 [3] NCCL INFO GPU Direct RDMA Disabled for GPU 0 / HCA 1 (distance 5 > 0)
MOC-R4PCC04U05:643244:643372 [3] NCCL INFO GPU Direct RDMA Disabled for GPU 1 / HCA 1 (distance 5 > 0)
MOC-R4PCC04U05:643244:643372 [3] NCCL INFO GPU Direct RDMA Disabled for GPU 2 / HCA 1 (distance 5 > 0)
MOC-R4PCC04U05:643244:643372 [3] NCCL INFO GPU Direct RDMA Disabled for GPU 0 / HCA 1 (distance 5 > 0)
MOC-R4PCC04U05:643244:643372 [3] NCCL INFO GPU Direct RDMA Disabled for GPU 1 / HCA 1 (distance 5 > 0)
MOC-R4PCC04U05:643244:643372 [3] NCCL INFO GPU Direct RDMA Disabled for GPU 2 / HCA 1 (distance 5 > 0)
MOC-R4PCC04U05:643241:643387 [0] NCCL INFO New proxy send connection 0 from local rank 0, transport 0
MOC-R4PCC04U05:643241:643392 [0] NCCL INFO Connected to proxy localRank 0 -> connection 0x7f517c004f30
MOC-R4PCC04U05:643241:643387 [0] NCCL INFO New proxy send connection 1 from local rank 0, transport 0
MOC-R4PCC04U05:643241:643392 [0] NCCL INFO Connected to proxy localRank 0 -> connection 0x7f517c004fa8
MOC-R4PCC04U05:643242:643388 [1] NCCL INFO New proxy recv connection 0 from local rank 1, transport 0
MOC-R4PCC04U05:643242:643393 [1] NCCL INFO Connected to proxy localRank 1 -> connection 0x7f8738004f30
MOC-R4PCC04U05:643243:643385 [2] NCCL INFO New proxy recv connection 0 from local rank 2, transport 0
MOC-R4PCC04U05:643243:643394 [2] NCCL INFO Connected to proxy localRank 2 -> connection 0x7f5898004f30
MOC-R4PCC04U05:643242:643388 [1] NCCL INFO New proxy recv connection 1 from local rank 1, transport 0
MOC-R4PCC04U05:643242:643393 [1] NCCL INFO Connected to proxy localRank 1 -> connection 0x7f8738004fa8
MOC-R4PCC04U05:643243:643385 [2] NCCL INFO New proxy recv connection 1 from local rank 2, transport 0
MOC-R4PCC04U05:643243:643394 [2] NCCL INFO Connected to proxy localRank 2 -> connection 0x7f5898004fa8
MOC-R4PCC04U05:643243:643394 [2] NCCL INFO GPU Direct RDMA Disabled for GPU 2 / HCA 1 (distance 7 > 0)
MOC-R4PCC04U05:643241:643387 [0] NCCL INFO New proxy send connection 2 from local rank 0, transport 0
MOC-R4PCC04U05:643241:643392 [0] NCCL INFO Connected to proxy localRank 0 -> connection 0x7f517c005020
MOC-R4PCC04U05:643241:643387 [0] NCCL INFO New proxy send connection 3 from local rank 0, transport 0
MOC-R4PCC04U05:643241:643392 [0] NCCL INFO Connected to proxy localRank 0 -> connection 0x7f517c005098
MOC-R4PCC04U05:643244:643384 [3] NCCL INFO New proxy recv connection 0 from local rank 3, transport 0
MOC-R4PCC04U05:643244:643395 [3] NCCL INFO Connected to proxy localRank 3 -> connection 0x7fe7a8004f30
MOC-R4PCC04U05:643244:643384 [3] NCCL INFO New proxy recv connection 1 from local rank 3, transport 0
MOC-R4PCC04U05:643244:643395 [3] NCCL INFO Connected to proxy localRank 3 -> connection 0x7fe7a8004fa8
MOC-R4PCC04U05:643244:643395 [3] NCCL INFO GPU Direct RDMA Disabled for GPU 3 / HCA 1 (distance 7 > 0)
MOC-R4PCC04U05:643243:643385 [2] NCCL INFO New proxy recv connection 2 from local rank 2, transport 2
MOC-R4PCC04U05:643243:643394 [2] NCCL INFO Connected to proxy localRank 2 -> connection 0x7f5898005020
MOC-R4PCC04U05:643243:643394 [2] NCCL INFO Channel 00/0 : 15[3] -> 2[2] [receive] via NET/IB/1
MOC-R4PCC04U05:643243:643394 [2] NCCL INFO GPU Direct RDMA Disabled for GPU 2 / HCA 1 (distance 7 > 0)
MOC-R4PCC04U05:643243:643385 [2] NCCL INFO New proxy recv connection 3 from local rank 2, transport 2
MOC-R4PCC04U05:643243:643394 [2] NCCL INFO Connected to proxy localRank 2 -> connection 0x7f5898005098
MOC-R4PCC04U05:643243:643394 [2] NCCL INFO Channel 02/0 : 15[3] -> 2[2] [receive] via NET/IB/1
MOC-R4PCC04U05:643244:643384 [3] NCCL INFO New proxy send connection 2 from local rank 3, transport 2
MOC-R4PCC04U05:643244:643395 [3] NCCL INFO Connected to proxy localRank 3 -> connection 0x7fe7a8005020
MOC-R4PCC04U05:643244:643395 [3] NCCL INFO Channel 00/0 : 3[3] -> 6[2] [send] via NET/IB/1
MOC-R4PCC04U05:643244:643395 [3] NCCL INFO GPU Direct RDMA Disabled for GPU 3 / HCA 1 (distance 7 > 0)
MOC-R4PCC04U05:643244:643384 [3] NCCL INFO New proxy send connection 3 from local rank 3, transport 2
MOC-R4PCC04U05:643244:643395 [3] NCCL INFO Connected to proxy localRank 3 -> connection 0x7fe7a8005098
MOC-R4PCC04U05:643244:643395 [3] NCCL INFO Channel 02/0 : 3[3] -> 6[2] [send] via NET/IB/1
MOC-R4PCC04U05:643241:643387 [0] NCCL INFO New proxy recv connection 4 from local rank 0, transport 0
MOC-R4PCC04U05:643241:643392 [0] NCCL INFO Connected to proxy localRank 0 -> connection 0x7f517c005110
MOC-R4PCC04U05:643244:643395 [3] NCCL INFO GPU Direct RDMA Disabled for GPU 3 / HCA 1 (distance 7 > 0)
MOC-R4PCC04U05:643244:643384 [3] NCCL INFO New proxy recv connection 4 from local rank 3, transport 2
MOC-R4PCC04U05:643244:643395 [3] NCCL INFO Connected to proxy localRank 3 -> connection 0x7fe7a8005110
MOC-R4PCC04U05:643244:643395 [3] NCCL INFO Channel 01/0 : 14[2] -> 3[3] [receive] via NET/IB/1
MOC-R4PCC04U05:643244:643395 [3] NCCL INFO GPU Direct RDMA Disabled for GPU 3 / HCA 1 (distance 7 > 0)
MOC-R4PCC04U05:643244:643384 [3] NCCL INFO New proxy recv connection 5 from local rank 3, transport 2
MOC-R4PCC04U05:643244:643395 [3] NCCL INFO Connected to proxy localRank 3 -> connection 0x7fe7a8005188
MOC-R4PCC04U05:643244:643395 [3] NCCL INFO Channel 03/0 : 14[2] -> 3[3] [receive] via NET/IB/1
MOC-R4PCC04U05:643241:643387 [0] NCCL INFO New proxy recv connection 5 from local rank 0, transport 0
MOC-R4PCC04U05:643241:643392 [0] NCCL INFO Connected to proxy localRank 0 -> connection 0x7f517c005188
MOC-R4PCC04U05:643241:643387 [0] NCCL INFO New proxy recv connection 6 from local rank 0, transport 0
MOC-R4PCC04U05:643241:643392 [0] NCCL INFO Connected to proxy localRank 0 -> connection 0x7f517c005200
MOC-R4PCC04U05:643241:643387 [0] NCCL INFO New proxy recv connection 7 from local rank 0, transport 0
MOC-R4PCC04U05:643241:643392 [0] NCCL INFO Connected to proxy localRank 0 -> connection 0x7f517c005278
MOC-R4PCC04U05:643243:643394 [2] NCCL INFO GPU Direct RDMA Disabled for GPU 2 / HCA 1 (distance 7 > 0)
MOC-R4PCC04U05:643243:643385 [2] NCCL INFO New proxy send connection 4 from local rank 2, transport 2
MOC-R4PCC04U05:643243:643394 [2] NCCL INFO Connected to proxy localRank 2 -> connection 0x7f5898005110
MOC-R4PCC04U05:643243:643394 [2] NCCL INFO Channel 01/0 : 2[2] -> 7[3] [send] via NET/IB/1
MOC-R4PCC04U05:643243:643394 [2] NCCL INFO GPU Direct RDMA Disabled for GPU 2 / HCA 1 (distance 7 > 0)
MOC-R4PCC04U05:643243:643385 [2] NCCL INFO New proxy send connection 5 from local rank 2, transport 2
MOC-R4PCC04U05:643243:643394 [2] NCCL INFO Connected to proxy localRank 2 -> connection 0x7f5898005188
MOC-R4PCC04U05:643243:643394 [2] NCCL INFO Channel 03/0 : 2[2] -> 7[3] [send] via NET/IB/1
MOC-R4PCC04U05:643243:643385 [2] NCCL INFO New proxy send connection 6 from local rank 2, transport 0
MOC-R4PCC04U05:643243:643394 [2] NCCL INFO Connected to proxy localRank 2 -> connection 0x7f5898005200
MOC-R4PCC04U05:643244:643384 [3] NCCL INFO New proxy send connection 6 from local rank 3, transport 0
MOC-R4PCC04U05:643244:643395 [3] NCCL INFO Connected to proxy localRank 3 -> connection 0x7fe7a8005200
MOC-R4PCC04U05:643243:643385 [2] NCCL INFO New proxy send connection 7 from local rank 2, transport 0
MOC-R4PCC04U05:643243:643394 [2] NCCL INFO Connected to proxy localRank 2 -> connection 0x7f5898005278
MOC-R4PCC04U05:643244:643384 [3] NCCL INFO New proxy send connection 7 from local rank 3, transport 0
MOC-R4PCC04U05:643244:643395 [3] NCCL INFO Connected to proxy localRank 3 -> connection 0x7fe7a8005278
MOC-R4PCC04U05:643242:643388 [1] NCCL INFO New proxy recv connection 2 from local rank 1, transport 0
MOC-R4PCC04U05:643241:643387 [0] NCCL INFO New proxy send connection 8 from local rank 3, transport 0
MOC-R4PCC04U05:643242:643393 [1] NCCL INFO Connected to proxy localRank 1 -> connection 0x7f8738005020
MOC-R4PCC04U05:643244:643395 [3] NCCL INFO Connected to proxy localRank 0 -> connection 0x7f517c0052f0
MOC-R4PCC04U05:643242:643388 [1] NCCL INFO New proxy recv connection 3 from local rank 1, transport 0
MOC-R4PCC04U05:643242:643393 [1] NCCL INFO Connected to proxy localRank 1 -> connection 0x7f8738005098
MOC-R4PCC04U05:643242:643388 [1] NCCL INFO New proxy send connection 4 from local rank 1, transport 0
MOC-R4PCC04U05:643242:643393 [1] NCCL INFO Connected to proxy localRank 1 -> connection 0x7f8738005110
MOC-R4PCC04U05:643242:643388 [1] NCCL INFO New proxy send connection 5 from local rank 1, transport 0
MOC-R4PCC04U05:643242:643393 [1] NCCL INFO Connected to proxy localRank 1 -> connection 0x7f8738005188
MOC-R4PCC04U05:643242:643388 [1] NCCL INFO New proxy send connection 6 from local rank 1, transport 0
MOC-R4PCC04U05:643242:643393 [1] NCCL INFO Connected to proxy localRank 1 -> connection 0x7f8738005200
MOC-R4PCC04U05:643242:643388 [1] NCCL INFO New proxy send connection 7 from local rank 1, transport 0
MOC-R4PCC04U05:643242:643393 [1] NCCL INFO Connected to proxy localRank 1 -> connection 0x7f8738005278
MOC-R4PCC04U05:643242:643388 [1] NCCL INFO New proxy send connection 8 from local rank 3, transport 0
MOC-R4PCC04U05:643244:643395 [3] NCCL INFO Connected to proxy localRank 1 -> connection 0x7f87380052f0
MOC-R4PCC04U05:643241:643387 [0] NCCL INFO New proxy send connection 9 from local rank 2, transport 0
MOC-R4PCC04U05:643244:643384 [3] NCCL INFO New proxy send connection 8 from local rank 1, transport 0
MOC-R4PCC04U05:643243:643394 [2] NCCL INFO Connected to proxy localRank 0 -> connection 0x7f517c005368
MOC-R4PCC04U05:643242:643393 [1] NCCL INFO Connected to proxy localRank 3 -> connection 0x7fe7a80052f0
MOC-R4PCC04U05:643243:643385 [2] NCCL INFO New proxy send connection 8 from local rank 0, transport 0
MOC-R4PCC04U05:643241:643392 [0] NCCL INFO Connected to proxy localRank 2 -> connection 0x7f58980052f0
MOC-R4PCC04U05:643244:643384 [3] NCCL INFO NET/IB: NCCL Dev 1 IbDev 0 Port 1 qpn 10542 mtu 3 query_ece={supported=1, vendor_id=0x15b3, options=0x30000002, comp_mask=0x0} GID 3 (0/C132A8C0FFFF0000) fifoRkey=0x175412 fifoLkey=0x175412
MOC-R4PCC04U05:643244:643384 [3] NCCL INFO NET/IB: NCCL Dev 1 IbDev 0 Port 1 qpn 10543 mtu 3 query_ece={supported=1, vendor_id=0x15b3, options=0x30000002, comp_mask=0x0} GID 3 (0/C132A8C0FFFF0000) fifoRkey=0x17601f fifoLkey=0x17601f
MOC-R4PCC04U05:643244:643384 [3] NCCL INFO NET/IB: IbDev 0 Port 1 qpn 10313 set_ece={supported=1, vendor_id=0x15b3, options=0x0, comp_mask=0x0}
MOC-R4PCC04U05:643242:643388 [1] NCCL INFO New proxy send connection 9 from local rank 2, transport 0
MOC-R4PCC04U05:643243:643394 [2] NCCL INFO Connected to proxy localRank 1 -> connection 0x7f8738005368
MOC-R4PCC04U05:643241:643387 [0] NCCL INFO New proxy send connection 10 from local rank 1, transport 0
MOC-R4PCC04U05:643242:643393 [1] NCCL INFO Connected to proxy localRank 0 -> connection 0x7f517c0053e0
MOC-R4PCC04U05:643244:643384 [3] NCCL INFO NET/IB: IbDev 0 Port 1 qpn 10315 set_ece={supported=1, vendor_id=0x15b3, options=0x0, comp_mask=0x0}
MOC-R4PCC04U05:643244:643384 [3] NCCL INFO New proxy send connection 9 from local rank 0, transport 0
MOC-R4PCC04U05:643241:643392 [0] NCCL INFO Connected to proxy localRank 3 -> connection 0x7fe7a8005368
MOC-R4PCC04U05:643243:643385 [2] NCCL INFO NET/IB: NCCL Dev 1 IbDev 0 Port 1 qpn 10548 mtu 3 query_ece={supported=1, vendor_id=0x15b3, options=0x30000002, comp_mask=0x0} GID 3 (0/C132A8C0FFFF0000) fifoRkey=0x174705 fifoLkey=0x174705
MOC-R4PCC04U05:643243:643385 [2] NCCL INFO NET/IB: NCCL Dev 1 IbDev 0 Port 1 qpn 10549 mtu 3 query_ece={supported=1, vendor_id=0x15b3, options=0x30000002, comp_mask=0x0} GID 3 (0/C132A8C0FFFF0000) fifoRkey=0x1722e1 fifoLkey=0x1722e1
MOC-R4PCC04U05:643243:643385 [2] NCCL INFO New proxy send connection 9 from local rank 1, transport 0
MOC-R4PCC04U05:643242:643393 [1] NCCL INFO Connected to proxy localRank 2 -> connection 0x7f5898005368
MOC-R4PCC04U05:643243:643385 [2] NCCL INFO NET/IB: IbDev 0 Port 1 qpn 10318 set_ece={supported=1, vendor_id=0x15b3, options=0x0, comp_mask=0x0}
MOC-R4PCC04U05:643243:643385 [2] NCCL INFO NET/IB: IbDev 0 Port 1 qpn 10320 set_ece={supported=1, vendor_id=0x15b3, options=0x0, comp_mask=0x0}
MOC-R4PCC04U05:643242:643388 [1] NCCL INFO New proxy send connection 10 from local rank 0, transport 0
MOC-R4PCC04U05:643241:643392 [0] NCCL INFO Connected to proxy localRank 1 -> connection 0x7f87380053e0
num decayed parameter tensors: 50, with 124,318,464 parameters
num non-decayed parameter tensors: 98, with 121,344 parameters
using fused AdamW: False
using regular AdamW
MOC-R4PCC04U05:643243:643385 [2] NCCL INFO New proxy recv connection 10 from local rank 2, transport 0
MOC-R4PCC04U05:643243:644086 [2] NCCL INFO Connected to proxy localRank 2 -> connection 0x7f58980053e0
MOC-R4PCC04U05:643243:643385 [2] NCCL INFO New proxy recv connection 11 from local rank 2, transport 0
MOC-R4PCC04U05:643243:644086 [2] NCCL INFO Connected to proxy localRank 2 -> connection 0x7f5898005458
MOC-R4PCC04U05:643243:643385 [2] NCCL INFO New proxy recv connection 12 from local rank 2, transport 0
MOC-R4PCC04U05:643243:644086 [2] NCCL INFO Connected to proxy localRank 2 -> connection 0x7f58980054d0
MOC-R4PCC04U05:643243:643385 [2] NCCL INFO New proxy recv connection 13 from local rank 2, transport 0
MOC-R4PCC04U05:643243:644086 [2] NCCL INFO Connected to proxy localRank 2 -> connection 0x7f5898005548
MOC-R4PCC04U05:643241:643387 [0] NCCL INFO New proxy send connection 11 from local rank 0, transport 0
MOC-R4PCC04U05:643241:644087 [0] NCCL INFO Connected to proxy localRank 0 -> connection 0x7f517c005458
MOC-R4PCC04U05:643241:643387 [0] NCCL INFO New proxy send connection 12 from local rank 0, transport 0
MOC-R4PCC04U05:643241:644087 [0] NCCL INFO Connected to proxy localRank 0 -> connection 0x7f517c0054d0
MOC-R4PCC04U05:643241:643387 [0] NCCL INFO New proxy send connection 13 from local rank 0, transport 0
MOC-R4PCC04U05:643241:644087 [0] NCCL INFO Connected to proxy localRank 0 -> connection 0x7f517c005548
MOC-R4PCC04U05:643241:643387 [0] NCCL INFO New proxy send connection 14 from local rank 0, transport 0
MOC-R4PCC04U05:643241:644087 [0] NCCL INFO Connected to proxy localRank 0 -> connection 0x7f517c0055c0
MOC-R4PCC04U05:643244:643384 [3] NCCL INFO New proxy recv connection 10 from local rank 3, transport 0
MOC-R4PCC04U05:643244:644088 [3] NCCL INFO Connected to proxy localRank 3 -> connection 0x7fe7a80053e0
MOC-R4PCC04U05:643244:643384 [3] NCCL INFO New proxy recv connection 11 from local rank 3, transport 0
MOC-R4PCC04U05:643244:644088 [3] NCCL INFO Connected to proxy localRank 3 -> connection 0x7fe7a8005458
MOC-R4PCC04U05:643242:643388 [1] NCCL INFO New proxy recv connection 11 from local rank 1, transport 0
MOC-R4PCC04U05:643242:644089 [1] NCCL INFO Connected to proxy localRank 1 -> connection 0x7f8738005458
MOC-R4PCC04U05:643242:643388 [1] NCCL INFO New proxy recv connection 12 from local rank 1, transport 0
MOC-R4PCC04U05:643242:644089 [1] NCCL INFO Connected to proxy localRank 1 -> connection 0x7f87380054d0
MOC-R4PCC04U05:643242:643388 [1] NCCL INFO New proxy recv connection 13 from local rank 1, transport 0
MOC-R4PCC04U05:643242:644089 [1] NCCL INFO Connected to proxy localRank 1 -> connection 0x7f8738005548
MOC-R4PCC04U05:643242:643388 [1] NCCL INFO New proxy recv connection 14 from local rank 1, transport 0
MOC-R4PCC04U05:643242:644089 [1] NCCL INFO Connected to proxy localRank 1 -> connection 0x7f87380055c0
MOC-R4PCC04U05:643242:643388 [1] NCCL INFO New proxy send connection 15 from local rank 1, transport 0
MOC-R4PCC04U05:643242:644089 [1] NCCL INFO Connected to proxy localRank 1 -> connection 0x7f8738005638
MOC-R4PCC04U05:643242:643388 [1] NCCL INFO New proxy send connection 16 from local rank 1, transport 0
MOC-R4PCC04U05:643242:644089 [1] NCCL INFO Connected to proxy localRank 1 -> connection 0x7f87380056b0
MOC-R4PCC04U05:643242:643388 [1] NCCL INFO New proxy send connection 17 from local rank 1, transport 0
MOC-R4PCC04U05:643242:644089 [1] NCCL INFO Connected to proxy localRank 1 -> connection 0x7f8738005728
MOC-R4PCC04U05:643242:643388 [1] NCCL INFO New proxy send connection 18 from local rank 1, transport 0
MOC-R4PCC04U05:643242:644089 [1] NCCL INFO Connected to proxy localRank 1 -> connection 0x7f87380057a0
MOC-R4PCC04U05:643241:643387 [0] NCCL INFO New proxy send connection 15 from local rank 0, transport 0
MOC-R4PCC04U05:643241:644087 [0] NCCL INFO Connected to proxy localRank 0 -> connection 0x7f517c005638
MOC-R4PCC04U05:643242:643388 [1] NCCL INFO New proxy recv connection 19 from local rank 1, transport 0
MOC-R4PCC04U05:643242:644089 [1] NCCL INFO Connected to proxy localRank 1 -> connection 0x7f8738005818
MOC-R4PCC04U05:643243:643385 [2] NCCL INFO New proxy send connection 14 from local rank 2, transport 0
MOC-R4PCC04U05:643243:644086 [2] NCCL INFO Connected to proxy localRank 2 -> connection 0x7f58980055c0
MOC-R4PCC04U05:643242:643388 [1] NCCL INFO New proxy recv connection 20 from local rank 1, transport 0
MOC-R4PCC04U05:643242:644089 [1] NCCL INFO Connected to proxy localRank 1 -> connection 0x7f8738005890
MOC-R4PCC04U05:643241:643387 [0] NCCL INFO New proxy send connection 16 from local rank 0, transport 0
MOC-R4PCC04U05:643241:644087 [0] NCCL INFO Connected to proxy localRank 0 -> connection 0x7f517c0056b0
MOC-R4PCC04U05:643243:643385 [2] NCCL INFO New proxy send connection 15 from local rank 2, transport 0
MOC-R4PCC04U05:643243:644086 [2] NCCL INFO Connected to proxy localRank 2 -> connection 0x7f5898005638
MOC-R4PCC04U05:643244:644088 [3] NCCL INFO GPU Direct RDMA Disabled for GPU 3 / HCA 1 (distance 7 > 0)
MOC-R4PCC04U05:643241:643387 [0] NCCL INFO New proxy recv connection 17 from local rank 0, transport 0
MOC-R4PCC04U05:643241:644087 [0] NCCL INFO Connected to proxy localRank 0 -> connection 0x7f517c005728
MOC-R4PCC04U05:643244:643384 [3] NCCL INFO New proxy send connection 12 from local rank 3, transport 2
MOC-R4PCC04U05:643244:644088 [3] NCCL INFO Connected to proxy localRank 3 -> connection 0x7fe7a80054d0
MOC-R4PCC04U05:643244:644088 [3] NCCL INFO Channel 02/0 : 3[3] -> 7[3] [send] via NET/IB/1
MOC-R4PCC04U05:643244:644088 [3] NCCL INFO GPU Direct RDMA Disabled for GPU 3 / HCA 1 (distance 7 > 0)
MOC-R4PCC04U05:643244:643384 [3] NCCL INFO New proxy send connection 13 from local rank 3, transport 2
MOC-R4PCC04U05:643244:644088 [3] NCCL INFO Connected to proxy localRank 3 -> connection 0x7fe7a8005548
MOC-R4PCC04U05:643241:643387 [0] NCCL INFO New proxy recv connection 18 from local rank 0, transport 0
MOC-R4PCC04U05:643241:644087 [0] NCCL INFO Connected to proxy localRank 0 -> connection 0x7f517c0057a0
MOC-R4PCC04U05:643244:644088 [3] NCCL INFO Channel 03/0 : 3[3] -> 7[3] [send] via NET/IB/1
MOC-R4PCC04U05:643241:643387 [0] NCCL INFO New proxy recv connection 19 from local rank 0, transport 0
MOC-R4PCC04U05:643241:644087 [0] NCCL INFO Connected to proxy localRank 0 -> connection 0x7f517c005818
MOC-R4PCC04U05:643241:643387 [0] NCCL INFO New proxy recv connection 20 from local rank 0, transport 0
MOC-R4PCC04U05:643241:644087 [0] NCCL INFO Connected to proxy localRank 0 -> connection 0x7f517c005890
MOC-R4PCC04U05:643244:644088 [3] NCCL INFO GPU Direct RDMA Disabled for GPU 3 / HCA 1 (distance 7 > 0)
MOC-R4PCC04U05:643244:643384 [3] NCCL INFO New proxy recv connection 14 from local rank 3, transport 2
MOC-R4PCC04U05:643244:644088 [3] NCCL INFO Connected to proxy localRank 3 -> connection 0x7fe7a80055c0
MOC-R4PCC04U05:643244:644088 [3] NCCL INFO Channel 00/0 : 11[3] -> 3[3] [receive] via NET/IB/1
MOC-R4PCC04U05:643244:644088 [3] NCCL INFO GPU Direct RDMA Disabled for GPU 3 / HCA 1 (distance 7 > 0)
MOC-R4PCC04U05:643244:643384 [3] NCCL INFO New proxy recv connection 15 from local rank 3, transport 2
MOC-R4PCC04U05:643244:644088 [3] NCCL INFO Connected to proxy localRank 3 -> connection 0x7fe7a8005638
MOC-R4PCC04U05:643244:644088 [3] NCCL INFO Channel 01/0 : 11[3] -> 3[3] [receive] via NET/IB/1
MOC-R4PCC04U05:643244:644088 [3] NCCL INFO GPU Direct RDMA Disabled for GPU 3 / HCA 1 (distance 7 > 0)
MOC-R4PCC04U05:643244:643384 [3] NCCL INFO New proxy send connection 16 from local rank 3, transport 2
MOC-R4PCC04U05:643244:644088 [3] NCCL INFO Connected to proxy localRank 3 -> connection 0x7fe7a80056b0
MOC-R4PCC04U05:643244:644088 [3] NCCL INFO Channel 00/0 : 3[3] -> 11[3] [send] via NET/IB/1
MOC-R4PCC04U05:643244:644088 [3] NCCL INFO GPU Direct RDMA Disabled for GPU 3 / HCA 1 (distance 7 > 0)
MOC-R4PCC04U05:643244:643384 [3] NCCL INFO New proxy send connection 17 from local rank 3, transport 2
MOC-R4PCC04U05:643244:644088 [3] NCCL INFO Connected to proxy localRank 3 -> connection 0x7fe7a8005728
MOC-R4PCC04U05:643244:644088 [3] NCCL INFO Channel 01/0 : 3[3] -> 11[3] [send] via NET/IB/1
MOC-R4PCC04U05:643244:644088 [3] NCCL INFO GPU Direct RDMA Disabled for GPU 3 / HCA 1 (distance 7 > 0)
MOC-R4PCC04U05:643244:643384 [3] NCCL INFO New proxy recv connection 18 from local rank 3, transport 2
MOC-R4PCC04U05:643244:644088 [3] NCCL INFO Connected to proxy localRank 3 -> connection 0x7fe7a80057a0
MOC-R4PCC04U05:643244:644088 [3] NCCL INFO Channel 02/0 : 7[3] -> 3[3] [receive] via NET/IB/1
MOC-R4PCC04U05:643244:644088 [3] NCCL INFO GPU Direct RDMA Disabled for GPU 3 / HCA 1 (distance 7 > 0)
MOC-R4PCC04U05:643244:643384 [3] NCCL INFO New proxy recv connection 19 from local rank 3, transport 2
MOC-R4PCC04U05:643244:644088 [3] NCCL INFO Connected to proxy localRank 3 -> connection 0x7fe7a8005818
MOC-R4PCC04U05:643244:644088 [3] NCCL INFO Channel 03/0 : 7[3] -> 3[3] [receive] via NET/IB/1
MOC-R4PCC04U05:643244:643384 [3] NCCL INFO New proxy send connection 20 from local rank 3, transport 0
MOC-R4PCC04U05:643244:644088 [3] NCCL INFO Connected to proxy localRank 3 -> connection 0x7fe7a8005890
MOC-R4PCC04U05:643244:643384 [3] NCCL INFO New proxy send connection 21 from local rank 3, transport 0
MOC-R4PCC04U05:643244:644088 [3] NCCL INFO Connected to proxy localRank 3 -> connection 0x7fe7a8005908
MOC-R4PCC04U05:643244:643384 [3] NCCL INFO New proxy send connection 22 from local rank 3, transport 0
MOC-R4PCC04U05:643244:644088 [3] NCCL INFO Connected to proxy localRank 3 -> connection 0x7fe7a8005980
MOC-R4PCC04U05:643244:643384 [3] NCCL INFO New proxy send connection 23 from local rank 3, transport 0
MOC-R4PCC04U05:643244:644088 [3] NCCL INFO Connected to proxy localRank 3 -> connection 0x7fe7a80059f8
MOC-R4PCC04U05:643244:643384 [3] NCCL INFO NET/IB: NCCL Dev 1 IbDev 0 Port 1 qpn 10550 mtu 3 query_ece={supported=1, vendor_id=0x15b3, options=0x30000002, comp_mask=0x0} GID 3 (0/C132A8C0FFFF0000) fifoRkey=0x179c5b fifoLkey=0x179c5b
MOC-R4PCC04U05:643244:643384 [3] NCCL INFO NET/IB: NCCL Dev 1 IbDev 0 Port 1 qpn 10551 mtu 3 query_ece={supported=1, vendor_id=0x15b3, options=0x30000002, comp_mask=0x0} GID 3 (0/C132A8C0FFFF0000) fifoRkey=0x17d796 fifoLkey=0x17d796
MOC-R4PCC04U05:643244:643384 [3] NCCL INFO NET/IB: NCCL Dev 1 IbDev 0 Port 1 qpn 10554 mtu 3 query_ece={supported=1, vendor_id=0x15b3, options=0x30000002, comp_mask=0x0} GID 3 (0/C132A8C0FFFF0000) fifoRkey=0x173af9 fifoLkey=0x173af9
MOC-R4PCC04U05:643244:643384 [3] NCCL INFO NET/IB: NCCL Dev 1 IbDev 0 Port 1 qpn 10557 mtu 3 query_ece={supported=1, vendor_id=0x15b3, options=0x30000002, comp_mask=0x0} GID 3 (0/C132A8C0FFFF0000) fifoRkey=0x17bf7e fifoLkey=0x17bf7e
MOC-R4PCC04U05:643244:643384 [3] NCCL INFO NET/IB: IbDev 0 Port 1 qpn 10325 set_ece={supported=1, vendor_id=0x15b3, options=0x0, comp_mask=0x0}
MOC-R4PCC04U05:643244:643384 [3] NCCL INFO NET/IB: IbDev 0 Port 1 qpn 10328 set_ece={supported=1, vendor_id=0x15b3, options=0x0, comp_mask=0x0}
MOC-R4PCC04U05:643244:643384 [3] NCCL INFO NET/IB: IbDev 0 Port 1 qpn 7778 set_ece={supported=1, vendor_id=0x15b3, options=0x0, comp_mask=0x0}
MOC-R4PCC04U05:643244:643384 [3] NCCL INFO NET/IB: IbDev 0 Port 1 qpn 7780 set_ece={supported=1, vendor_id=0x15b3, options=0x0, comp_mask=0x0}
step    1/10 | train loss 11.010080 | norm 15.3560 | lr 1.00e-04 | (14607.18 ms | 287140 tok/s)
step    2/10 | train loss 10.138500 | norm 5.7509 | lr 1.00e-04 | (657.72 ms | 6377056 tok/s)
step    3/10 | train loss 9.798906 | norm 2.6008 | lr 1.00e-04 | (658.89 ms | 6365744 tok/s)
step    4/10 | train loss 9.629968 | norm 2.1074 | lr 1.00e-04 | (660.38 ms | 6351380 tok/s)
step    5/10 | train loss 9.547400 | norm 2.1023 | lr 1.00e-04 | (664.86 ms | 6308548 tok/s)
step    6/10 | train loss 9.467026 | norm 1.9934 | lr 1.00e-04 | (659.58 ms | 6359009 tok/s)
step    7/10 | train loss 9.382395 | norm 1.9432 | lr 1.00e-04 | (660.75 ms | 6347800 tok/s)
step    8/10 | train loss 9.291875 | norm 1.9119 | lr 1.00e-04 | (661.02 ms | 6345229 tok/s)
step    9/10 | train loss 9.197287 | norm 1.8625 | lr 1.00e-04 | (659.74 ms | 6357518 tok/s)
step   10/10 | train loss 9.110220 | norm 1.7873 | lr 1.00e-04 | (660.77 ms | 6347578 tok/s)
final 9 iters avg: 660.412ms
peak memory consumption: 16601 MiB
