Running pytorch 2.7.0+cu126
using device: cuda:0
total desired batch size: 1572864
=> calculated gradient accumulation steps: 4
using device: cuda:2
using device: cuda:3
using device: cuda:1
compiling the model...
DataLoader: total number of tokens: 1,661,249,667 across 103 files
MOC-R4PCC04U05:574968:574968 [0] NCCL INFO NCCL_SOCKET_IFNAME set to eno7np0
MOC-R4PCC04U05:574968:574968 [0] NCCL INFO NCCL version 2.26.2+cuda12.2
MOC-R4PCC04U05:574968:575073 [0] NCCL INFO NET/Plugin: Could not find: libnccl-net.so. Using internal net plugin.
MOC-R4PCC04U05:574968:575073 [0] NCCL INFO NET/Socket : Using [0]eno7np0:192.168.50.193<0>
MOC-R4PCC04U05:574970:574970 [2] NCCL INFO NCCL_SOCKET_IFNAME set to eno7np0
MOC-R4PCC04U05:574970:574970 [2] NCCL INFO NCCL version 2.26.2+cuda12.2
MOC-R4PCC04U05:574969:574969 [1] NCCL INFO NCCL_SOCKET_IFNAME set to eno7np0
MOC-R4PCC04U05:574969:574969 [1] NCCL INFO NCCL version 2.26.2+cuda12.2
MOC-R4PCC04U05:574971:574971 [3] NCCL INFO NCCL_SOCKET_IFNAME set to eno7np0
MOC-R4PCC04U05:574971:574971 [3] NCCL INFO NCCL version 2.26.2+cuda12.2
MOC-R4PCC04U05:574970:575095 [2] NCCL INFO NET/Plugin: Could not find: libnccl-net.so. Using internal net plugin.
MOC-R4PCC04U05:574970:575095 [2] NCCL INFO NET/Socket : Using [0]eno7np0:192.168.50.193<0>
MOC-R4PCC04U05:574969:575096 [1] NCCL INFO NET/Plugin: Could not find: libnccl-net.so. Using internal net plugin.
MOC-R4PCC04U05:574969:575096 [1] NCCL INFO NET/Socket : Using [0]eno7np0:192.168.50.193<0>
MOC-R4PCC04U05:574971:575097 [3] NCCL INFO NET/Plugin: Could not find: libnccl-net.so. Using internal net plugin.
MOC-R4PCC04U05:574971:575097 [3] NCCL INFO NET/Socket : Using [0]eno7np0:192.168.50.193<0>
MOC-R4PCC04U05:574970:575095 [2] NCCL INFO NET/Socket : GPU Direct RDMA Disabled for HCA 0 'eno7np0'
MOC-R4PCC04U05:574968:575073 [0] NCCL INFO NET/Socket : GPU Direct RDMA Disabled for HCA 0 'eno7np0'
MOC-R4PCC04U05:574971:575097 [3] NCCL INFO NET/Socket : GPU Direct RDMA Disabled for HCA 0 'eno7np0'
MOC-R4PCC04U05:574969:575096 [1] NCCL INFO NET/Socket : GPU Direct RDMA Disabled for HCA 0 'eno7np0'
MOC-R4PCC04U05:574969:575104 [1] NCCL INFO New proxy recv connection 0 from local rank 1, transport 0
MOC-R4PCC04U05:574969:575114 [1] NCCL INFO Connected to proxy localRank 1 -> connection 0x7f37d4004f30
MOC-R4PCC04U05:574969:575104 [1] NCCL INFO New proxy recv connection 1 from local rank 1, transport 0
MOC-R4PCC04U05:574969:575114 [1] NCCL INFO Connected to proxy localRank 1 -> connection 0x7f37d4004fa8
MOC-R4PCC04U05:574970:575105 [2] NCCL INFO New proxy recv connection 0 from local rank 2, transport 0
MOC-R4PCC04U05:574970:575115 [2] NCCL INFO Connected to proxy localRank 2 -> connection 0x7f64d4004f30
MOC-R4PCC04U05:574970:575105 [2] NCCL INFO New proxy recv connection 1 from local rank 2, transport 0
MOC-R4PCC04U05:574970:575115 [2] NCCL INFO Connected to proxy localRank 2 -> connection 0x7f64d4004fa8
MOC-R4PCC04U05:574968:575107 [0] NCCL INFO New proxy send connection 0 from local rank 0, transport 0
MOC-R4PCC04U05:574968:575116 [0] NCCL INFO Connected to proxy localRank 0 -> connection 0x7f1224004f30
MOC-R4PCC04U05:574968:575107 [0] NCCL INFO New proxy send connection 1 from local rank 0, transport 0
MOC-R4PCC04U05:574968:575116 [0] NCCL INFO Connected to proxy localRank 0 -> connection 0x7f1224004fa8
MOC-R4PCC04U05:574968:575107 [0] NCCL INFO New proxy send connection 2 from local rank 0, transport 0
MOC-R4PCC04U05:574968:575116 [0] NCCL INFO Connected to proxy localRank 0 -> connection 0x7f1224005020
MOC-R4PCC04U05:574968:575107 [0] NCCL INFO New proxy send connection 3 from local rank 0, transport 0
MOC-R4PCC04U05:574968:575116 [0] NCCL INFO Connected to proxy localRank 0 -> connection 0x7f1224005098
MOC-R4PCC04U05:574971:575110 [3] NCCL INFO New proxy recv connection 0 from local rank 3, transport 0
MOC-R4PCC04U05:574971:575117 [3] NCCL INFO Connected to proxy localRank 3 -> connection 0x7fe358004f30
MOC-R4PCC04U05:574971:575110 [3] NCCL INFO New proxy recv connection 1 from local rank 3, transport 0
MOC-R4PCC04U05:574971:575117 [3] NCCL INFO Connected to proxy localRank 3 -> connection 0x7fe358004fa8
MOC-R4PCC04U05:574970:575105 [2] NCCL INFO New proxy recv connection 2 from local rank 2, transport 2
MOC-R4PCC04U05:574970:575115 [2] NCCL INFO Connected to proxy localRank 2 -> connection 0x7f64d4005020
MOC-R4PCC04U05:574970:575115 [2] NCCL INFO Channel 00/0 : 11[3] -> 2[2] [receive] via NET/Socket/0
MOC-R4PCC04U05:574970:575105 [2] NCCL INFO New proxy recv connection 3 from local rank 2, transport 2
MOC-R4PCC04U05:574970:575115 [2] NCCL INFO Connected to proxy localRank 2 -> connection 0x7f64d4005098
MOC-R4PCC04U05:574970:575115 [2] NCCL INFO Channel 02/0 : 11[3] -> 2[2] [receive] via NET/Socket/0
MOC-R4PCC04U05:574970:575105 [2] NCCL INFO New proxy send connection 4 from local rank 2, transport 2
MOC-R4PCC04U05:574970:575115 [2] NCCL INFO Connected to proxy localRank 2 -> connection 0x7f64d4005110
MOC-R4PCC04U05:574970:575115 [2] NCCL INFO Channel 01/0 : 2[2] -> 7[3] [send] via NET/Socket/0
MOC-R4PCC04U05:574970:575105 [2] NCCL INFO New proxy send connection 5 from local rank 2, transport 2
MOC-R4PCC04U05:574970:575115 [2] NCCL INFO Connected to proxy localRank 2 -> connection 0x7f64d4005188
MOC-R4PCC04U05:574970:575115 [2] NCCL INFO Channel 03/0 : 2[2] -> 7[3] [send] via NET/Socket/0
MOC-R4PCC04U05:574971:575110 [3] NCCL INFO New proxy send connection 2 from local rank 3, transport 2
MOC-R4PCC04U05:574971:575117 [3] NCCL INFO Connected to proxy localRank 3 -> connection 0x7fe358005020
MOC-R4PCC04U05:574971:575117 [3] NCCL INFO Channel 00/0 : 3[3] -> 6[2] [send] via NET/Socket/0
MOC-R4PCC04U05:574971:575110 [3] NCCL INFO New proxy send connection 3 from local rank 3, transport 2
MOC-R4PCC04U05:574971:575117 [3] NCCL INFO Connected to proxy localRank 3 -> connection 0x7fe358005098
MOC-R4PCC04U05:574971:575117 [3] NCCL INFO Channel 02/0 : 3[3] -> 6[2] [send] via NET/Socket/0
MOC-R4PCC04U05:574968:575107 [0] NCCL INFO New proxy recv connection 4 from local rank 0, transport 0
MOC-R4PCC04U05:574968:575116 [0] NCCL INFO Connected to proxy localRank 0 -> connection 0x7f1224005110
MOC-R4PCC04U05:574968:575107 [0] NCCL INFO New proxy recv connection 5 from local rank 0, transport 0
MOC-R4PCC04U05:574968:575116 [0] NCCL INFO Connected to proxy localRank 0 -> connection 0x7f1224005188
MOC-R4PCC04U05:574968:575107 [0] NCCL INFO New proxy recv connection 6 from local rank 0, transport 0
MOC-R4PCC04U05:574968:575116 [0] NCCL INFO Connected to proxy localRank 0 -> connection 0x7f1224005200
MOC-R4PCC04U05:574968:575107 [0] NCCL INFO New proxy recv connection 7 from local rank 0, transport 0
MOC-R4PCC04U05:574968:575116 [0] NCCL INFO Connected to proxy localRank 0 -> connection 0x7f1224005278
MOC-R4PCC04U05:574970:575105 [2] NCCL INFO New proxy send connection 6 from local rank 2, transport 0
MOC-R4PCC04U05:574970:575115 [2] NCCL INFO Connected to proxy localRank 2 -> connection 0x7f64d4005200
MOC-R4PCC04U05:574971:575110 [3] NCCL INFO New proxy recv connection 4 from local rank 3, transport 2
MOC-R4PCC04U05:574971:575117 [3] NCCL INFO Connected to proxy localRank 3 -> connection 0x7fe358005110
MOC-R4PCC04U05:574971:575117 [3] NCCL INFO Channel 01/0 : 10[2] -> 3[3] [receive] via NET/Socket/0
MOC-R4PCC04U05:574971:575110 [3] NCCL INFO New proxy recv connection 5 from local rank 3, transport 2
MOC-R4PCC04U05:574971:575117 [3] NCCL INFO Connected to proxy localRank 3 -> connection 0x7fe358005188
MOC-R4PCC04U05:574971:575117 [3] NCCL INFO Channel 03/0 : 10[2] -> 3[3] [receive] via NET/Socket/0
MOC-R4PCC04U05:574971:575110 [3] NCCL INFO New proxy send connection 6 from local rank 3, transport 0
MOC-R4PCC04U05:574971:575117 [3] NCCL INFO Connected to proxy localRank 3 -> connection 0x7fe358005200
MOC-R4PCC04U05:574970:575105 [2] NCCL INFO New proxy send connection 7 from local rank 2, transport 0
MOC-R4PCC04U05:574970:575115 [2] NCCL INFO Connected to proxy localRank 2 -> connection 0x7f64d4005278
MOC-R4PCC04U05:574971:575110 [3] NCCL INFO New proxy send connection 7 from local rank 3, transport 0
MOC-R4PCC04U05:574971:575117 [3] NCCL INFO Connected to proxy localRank 3 -> connection 0x7fe358005278
MOC-R4PCC04U05:574969:575104 [1] NCCL INFO New proxy recv connection 2 from local rank 1, transport 0
MOC-R4PCC04U05:574968:575107 [0] NCCL INFO New proxy send connection 8 from local rank 3, transport 0
MOC-R4PCC04U05:574969:575114 [1] NCCL INFO Connected to proxy localRank 1 -> connection 0x7f37d4005020
MOC-R4PCC04U05:574971:575117 [3] NCCL INFO Connected to proxy localRank 0 -> connection 0x7f12240052f0
MOC-R4PCC04U05:574969:575104 [1] NCCL INFO New proxy recv connection 3 from local rank 1, transport 0
MOC-R4PCC04U05:574969:575114 [1] NCCL INFO Connected to proxy localRank 1 -> connection 0x7f37d4005098
MOC-R4PCC04U05:574969:575104 [1] NCCL INFO New proxy send connection 4 from local rank 1, transport 0
MOC-R4PCC04U05:574969:575114 [1] NCCL INFO Connected to proxy localRank 1 -> connection 0x7f37d4005110
MOC-R4PCC04U05:574969:575104 [1] NCCL INFO New proxy send connection 5 from local rank 1, transport 0
MOC-R4PCC04U05:574969:575114 [1] NCCL INFO Connected to proxy localRank 1 -> connection 0x7f37d4005188
MOC-R4PCC04U05:574969:575104 [1] NCCL INFO New proxy send connection 6 from local rank 1, transport 0
MOC-R4PCC04U05:574969:575114 [1] NCCL INFO Connected to proxy localRank 1 -> connection 0x7f37d4005200
MOC-R4PCC04U05:574969:575104 [1] NCCL INFO New proxy send connection 7 from local rank 1, transport 0
MOC-R4PCC04U05:574969:575114 [1] NCCL INFO Connected to proxy localRank 1 -> connection 0x7f37d4005278
MOC-R4PCC04U05:574970:575105 [2] NCCL INFO New proxy send connection 8 from local rank 0, transport 0
MOC-R4PCC04U05:574968:575116 [0] NCCL INFO Connected to proxy localRank 2 -> connection 0x7f64d40052f0
MOC-R4PCC04U05:574968:575107 [0] NCCL INFO New proxy send connection 9 from local rank 2, transport 0
MOC-R4PCC04U05:574970:575115 [2] NCCL INFO Connected to proxy localRank 0 -> connection 0x7f1224005368
MOC-R4PCC04U05:574969:575104 [1] NCCL INFO New proxy send connection 8 from local rank 3, transport 0
MOC-R4PCC04U05:574971:575117 [3] NCCL INFO Connected to proxy localRank 1 -> connection 0x7f37d40052f0
MOC-R4PCC04U05:574971:575110 [3] NCCL INFO New proxy send connection 8 from local rank 1, transport 0
MOC-R4PCC04U05:574969:575114 [1] NCCL INFO Connected to proxy localRank 3 -> connection 0x7fe3580052f0
MOC-R4PCC04U05:574971:575110 [3] NCCL INFO New proxy send connection 9 from local rank 0, transport 0
MOC-R4PCC04U05:574968:575116 [0] NCCL INFO Connected to proxy localRank 3 -> connection 0x7fe358005368
MOC-R4PCC04U05:574969:575104 [1] NCCL INFO New proxy send connection 9 from local rank 2, transport 0
MOC-R4PCC04U05:574970:575115 [2] NCCL INFO Connected to proxy localRank 1 -> connection 0x7f37d4005368
MOC-R4PCC04U05:574968:575107 [0] NCCL INFO New proxy send connection 10 from local rank 1, transport 0
MOC-R4PCC04U05:574969:575114 [1] NCCL INFO Connected to proxy localRank 0 -> connection 0x7f12240053e0
MOC-R4PCC04U05:574969:575104 [1] NCCL INFO New proxy send connection 10 from local rank 0, transport 0
MOC-R4PCC04U05:574968:575116 [0] NCCL INFO Connected to proxy localRank 1 -> connection 0x7f37d40053e0
MOC-R4PCC04U05:574970:575105 [2] NCCL INFO New proxy send connection 9 from local rank 1, transport 0
MOC-R4PCC04U05:574969:575114 [1] NCCL INFO Connected to proxy localRank 2 -> connection 0x7f64d4005368
num decayed parameter tensors: 50, with 124,318,464 parameters
num non-decayed parameter tensors: 98, with 121,344 parameters
using fused AdamW: False
using regular AdamW
MOC-R4PCC04U05:574970:575105 [2] NCCL INFO New proxy recv connection 10 from local rank 2, transport 0
MOC-R4PCC04U05:574970:575828 [2] NCCL INFO Connected to proxy localRank 2 -> connection 0x7f64d40053e0
MOC-R4PCC04U05:574970:575105 [2] NCCL INFO New proxy recv connection 11 from local rank 2, transport 0
MOC-R4PCC04U05:574970:575828 [2] NCCL INFO Connected to proxy localRank 2 -> connection 0x7f64d4005458
MOC-R4PCC04U05:574970:575105 [2] NCCL INFO New proxy recv connection 12 from local rank 2, transport 0
MOC-R4PCC04U05:574970:575828 [2] NCCL INFO Connected to proxy localRank 2 -> connection 0x7f64d40054d0
MOC-R4PCC04U05:574970:575105 [2] NCCL INFO New proxy recv connection 13 from local rank 2, transport 0
MOC-R4PCC04U05:574970:575828 [2] NCCL INFO Connected to proxy localRank 2 -> connection 0x7f64d4005548
MOC-R4PCC04U05:574968:575107 [0] NCCL INFO New proxy send connection 11 from local rank 0, transport 0
MOC-R4PCC04U05:574968:575829 [0] NCCL INFO Connected to proxy localRank 0 -> connection 0x7f1224005458
MOC-R4PCC04U05:574968:575107 [0] NCCL INFO New proxy send connection 12 from local rank 0, transport 0
MOC-R4PCC04U05:574968:575829 [0] NCCL INFO Connected to proxy localRank 0 -> connection 0x7f12240054d0
MOC-R4PCC04U05:574968:575107 [0] NCCL INFO New proxy send connection 13 from local rank 0, transport 0
MOC-R4PCC04U05:574968:575829 [0] NCCL INFO Connected to proxy localRank 0 -> connection 0x7f1224005548
MOC-R4PCC04U05:574968:575107 [0] NCCL INFO New proxy send connection 14 from local rank 0, transport 0
MOC-R4PCC04U05:574968:575829 [0] NCCL INFO Connected to proxy localRank 0 -> connection 0x7f12240055c0
MOC-R4PCC04U05:574969:575104 [1] NCCL INFO New proxy recv connection 11 from local rank 1, transport 0
MOC-R4PCC04U05:574969:575830 [1] NCCL INFO Connected to proxy localRank 1 -> connection 0x7f37d4005458
MOC-R4PCC04U05:574969:575104 [1] NCCL INFO New proxy recv connection 12 from local rank 1, transport 0
MOC-R4PCC04U05:574969:575830 [1] NCCL INFO Connected to proxy localRank 1 -> connection 0x7f37d40054d0
MOC-R4PCC04U05:574969:575104 [1] NCCL INFO New proxy recv connection 13 from local rank 1, transport 0
MOC-R4PCC04U05:574969:575830 [1] NCCL INFO Connected to proxy localRank 1 -> connection 0x7f37d4005548
MOC-R4PCC04U05:574969:575104 [1] NCCL INFO New proxy recv connection 14 from local rank 1, transport 0
MOC-R4PCC04U05:574969:575830 [1] NCCL INFO Connected to proxy localRank 1 -> connection 0x7f37d40055c0
MOC-R4PCC04U05:574969:575104 [1] NCCL INFO New proxy send connection 15 from local rank 1, transport 0
MOC-R4PCC04U05:574969:575830 [1] NCCL INFO Connected to proxy localRank 1 -> connection 0x7f37d4005638
MOC-R4PCC04U05:574969:575104 [1] NCCL INFO New proxy send connection 16 from local rank 1, transport 0
MOC-R4PCC04U05:574969:575830 [1] NCCL INFO Connected to proxy localRank 1 -> connection 0x7f37d40056b0
MOC-R4PCC04U05:574969:575104 [1] NCCL INFO New proxy send connection 17 from local rank 1, transport 0
MOC-R4PCC04U05:574969:575830 [1] NCCL INFO Connected to proxy localRank 1 -> connection 0x7f37d4005728
MOC-R4PCC04U05:574969:575104 [1] NCCL INFO New proxy send connection 18 from local rank 1, transport 0
MOC-R4PCC04U05:574969:575830 [1] NCCL INFO Connected to proxy localRank 1 -> connection 0x7f37d40057a0
MOC-R4PCC04U05:574968:575107 [0] NCCL INFO New proxy send connection 15 from local rank 0, transport 0
MOC-R4PCC04U05:574968:575829 [0] NCCL INFO Connected to proxy localRank 0 -> connection 0x7f1224005638
MOC-R4PCC04U05:574969:575104 [1] NCCL INFO New proxy recv connection 19 from local rank 1, transport 0
MOC-R4PCC04U05:574969:575830 [1] NCCL INFO Connected to proxy localRank 1 -> connection 0x7f37d4005818
MOC-R4PCC04U05:574970:575105 [2] NCCL INFO New proxy send connection 14 from local rank 2, transport 0
MOC-R4PCC04U05:574970:575828 [2] NCCL INFO Connected to proxy localRank 2 -> connection 0x7f64d40055c0
MOC-R4PCC04U05:574969:575104 [1] NCCL INFO New proxy recv connection 20 from local rank 1, transport 0
MOC-R4PCC04U05:574968:575107 [0] NCCL INFO New proxy send connection 16 from local rank 0, transport 0
MOC-R4PCC04U05:574969:575830 [1] NCCL INFO Connected to proxy localRank 1 -> connection 0x7f37d4005890
MOC-R4PCC04U05:574968:575829 [0] NCCL INFO Connected to proxy localRank 0 -> connection 0x7f12240056b0
MOC-R4PCC04U05:574970:575105 [2] NCCL INFO New proxy send connection 15 from local rank 2, transport 0
MOC-R4PCC04U05:574970:575828 [2] NCCL INFO Connected to proxy localRank 2 -> connection 0x7f64d4005638
MOC-R4PCC04U05:574971:575110 [3] NCCL INFO New proxy recv connection 10 from local rank 3, transport 0
MOC-R4PCC04U05:574971:575831 [3] NCCL INFO Connected to proxy localRank 3 -> connection 0x7fe3580053e0
MOC-R4PCC04U05:574971:575110 [3] NCCL INFO New proxy recv connection 11 from local rank 3, transport 0
MOC-R4PCC04U05:574971:575831 [3] NCCL INFO Connected to proxy localRank 3 -> connection 0x7fe358005458
MOC-R4PCC04U05:574971:575110 [3] NCCL INFO New proxy recv connection 12 from local rank 3, transport 2
MOC-R4PCC04U05:574971:575831 [3] NCCL INFO Connected to proxy localRank 3 -> connection 0x7fe3580054d0
MOC-R4PCC04U05:574968:575107 [0] NCCL INFO New proxy recv connection 17 from local rank 0, transport 0
MOC-R4PCC04U05:574968:575829 [0] NCCL INFO Connected to proxy localRank 0 -> connection 0x7f1224005728
MOC-R4PCC04U05:574971:575831 [3] NCCL INFO Channel 00/0 : 11[3] -> 3[3] [receive] via NET/Socket/0
MOC-R4PCC04U05:574971:575110 [3] NCCL INFO New proxy recv connection 13 from local rank 3, transport 2
MOC-R4PCC04U05:574971:575831 [3] NCCL INFO Connected to proxy localRank 3 -> connection 0x7fe358005548
MOC-R4PCC04U05:574968:575107 [0] NCCL INFO New proxy recv connection 18 from local rank 0, transport 0
MOC-R4PCC04U05:574968:575829 [0] NCCL INFO Connected to proxy localRank 0 -> connection 0x7f12240057a0
MOC-R4PCC04U05:574968:575107 [0] NCCL INFO New proxy recv connection 19 from local rank 0, transport 0
MOC-R4PCC04U05:574968:575829 [0] NCCL INFO Connected to proxy localRank 0 -> connection 0x7f1224005818
MOC-R4PCC04U05:574971:575831 [3] NCCL INFO Channel 01/0 : 11[3] -> 3[3] [receive] via NET/Socket/0
MOC-R4PCC04U05:574971:575110 [3] NCCL INFO New proxy recv connection 14 from local rank 3, transport 2
MOC-R4PCC04U05:574971:575831 [3] NCCL INFO Connected to proxy localRank 3 -> connection 0x7fe3580055c0
MOC-R4PCC04U05:574971:575831 [3] NCCL INFO Channel 02/0 : 11[3] -> 3[3] [receive] via NET/Socket/0
MOC-R4PCC04U05:574971:575110 [3] NCCL INFO New proxy recv connection 15 from local rank 3, transport 2
MOC-R4PCC04U05:574971:575831 [3] NCCL INFO Connected to proxy localRank 3 -> connection 0x7fe358005638
MOC-R4PCC04U05:574971:575831 [3] NCCL INFO Channel 03/0 : 11[3] -> 3[3] [receive] via NET/Socket/0
MOC-R4PCC04U05:574971:575110 [3] NCCL INFO New proxy send connection 16 from local rank 3, transport 2
MOC-R4PCC04U05:574971:575831 [3] NCCL INFO Connected to proxy localRank 3 -> connection 0x7fe3580056b0
MOC-R4PCC04U05:574968:575107 [0] NCCL INFO New proxy recv connection 20 from local rank 0, transport 0
MOC-R4PCC04U05:574968:575829 [0] NCCL INFO Connected to proxy localRank 0 -> connection 0x7f1224005890
MOC-R4PCC04U05:574971:575831 [3] NCCL INFO Channel 02/0 : 3[3] -> 7[3] [send] via NET/Socket/0
MOC-R4PCC04U05:574971:575110 [3] NCCL INFO New proxy send connection 17 from local rank 3, transport 2
MOC-R4PCC04U05:574971:575831 [3] NCCL INFO Connected to proxy localRank 3 -> connection 0x7fe358005728
MOC-R4PCC04U05:574971:575831 [3] NCCL INFO Channel 03/0 : 3[3] -> 7[3] [send] via NET/Socket/0
MOC-R4PCC04U05:574971:575110 [3] NCCL INFO New proxy recv connection 18 from local rank 3, transport 2
MOC-R4PCC04U05:574971:575831 [3] NCCL INFO Connected to proxy localRank 3 -> connection 0x7fe3580057a0
MOC-R4PCC04U05:574971:575831 [3] NCCL INFO Channel 02/0 : 7[3] -> 3[3] [receive] via NET/Socket/0
MOC-R4PCC04U05:574971:575110 [3] NCCL INFO New proxy recv connection 19 from local rank 3, transport 2
MOC-R4PCC04U05:574971:575831 [3] NCCL INFO Connected to proxy localRank 3 -> connection 0x7fe358005818
MOC-R4PCC04U05:574971:575831 [3] NCCL INFO Channel 03/0 : 7[3] -> 3[3] [receive] via NET/Socket/0
MOC-R4PCC04U05:574971:575110 [3] NCCL INFO New proxy send connection 20 from local rank 3, transport 2
MOC-R4PCC04U05:574971:575831 [3] NCCL INFO Connected to proxy localRank 3 -> connection 0x7fe358005890
MOC-R4PCC04U05:574971:575831 [3] NCCL INFO Channel 00/0 : 3[3] -> 11[3] [send] via NET/Socket/0
MOC-R4PCC04U05:574971:575110 [3] NCCL INFO New proxy send connection 21 from local rank 3, transport 2
MOC-R4PCC04U05:574971:575831 [3] NCCL INFO Connected to proxy localRank 3 -> connection 0x7fe358005908
MOC-R4PCC04U05:574971:575831 [3] NCCL INFO Channel 01/0 : 3[3] -> 11[3] [send] via NET/Socket/0
MOC-R4PCC04U05:574971:575110 [3] NCCL INFO New proxy send connection 22 from local rank 3, transport 2
MOC-R4PCC04U05:574971:575831 [3] NCCL INFO Connected to proxy localRank 3 -> connection 0x7fe358005980
MOC-R4PCC04U05:574971:575831 [3] NCCL INFO Channel 02/0 : 3[3] -> 11[3] [send] via NET/Socket/0
MOC-R4PCC04U05:574971:575110 [3] NCCL INFO New proxy send connection 23 from local rank 3, transport 2
MOC-R4PCC04U05:574971:575831 [3] NCCL INFO Connected to proxy localRank 3 -> connection 0x7fe3580059f8
MOC-R4PCC04U05:574971:575831 [3] NCCL INFO Channel 03/0 : 3[3] -> 11[3] [send] via NET/Socket/0
MOC-R4PCC04U05:574971:575110 [3] NCCL INFO New proxy send connection 24 from local rank 3, transport 0
MOC-R4PCC04U05:574971:575831 [3] NCCL INFO Connected to proxy localRank 3 -> connection 0x7fe358005a70
MOC-R4PCC04U05:574971:575110 [3] NCCL INFO New proxy send connection 25 from local rank 3, transport 0
MOC-R4PCC04U05:574971:575831 [3] NCCL INFO Connected to proxy localRank 3 -> connection 0x7fe358005ae8
MOC-R4PCC04U05:574971:575110 [3] NCCL INFO New proxy send connection 26 from local rank 3, transport 0
MOC-R4PCC04U05:574971:575831 [3] NCCL INFO Connected to proxy localRank 3 -> connection 0x7fe358005b60
MOC-R4PCC04U05:574971:575110 [3] NCCL INFO New proxy send connection 27 from local rank 3, transport 0
MOC-R4PCC04U05:574971:575831 [3] NCCL INFO Connected to proxy localRank 3 -> connection 0x7fe358005bd8
step    1/10 | train loss 11.010138 | norm 15.3935 | lr 1.00e-04 | (14194.04 ms | 110812 tok/s)
step    2/10 | train loss 10.136940 | norm 5.7599 | lr 1.00e-04 | (418.69 ms | 3756636 tok/s)
step    3/10 | train loss 9.795643 | norm 2.6109 | lr 1.00e-04 | (403.81 ms | 3895085 tok/s)
step    4/10 | train loss 9.625732 | norm 2.1127 | lr 1.00e-04 | (404.18 ms | 3891480 tok/s)
step    5/10 | train loss 9.542711 | norm 2.1073 | lr 1.00e-04 | (404.73 ms | 3886221 tok/s)
step    6/10 | train loss 9.461397 | norm 1.9982 | lr 1.00e-04 | (406.68 ms | 3867618 tok/s)
step    7/10 | train loss 9.375811 | norm 1.9481 | lr 1.00e-04 | (405.77 ms | 3876281 tok/s)
step    8/10 | train loss 9.284140 | norm 1.9149 | lr 1.00e-04 | (410.99 ms | 3826973 tok/s)
step    9/10 | train loss 9.188798 | norm 1.8598 | lr 1.00e-04 | (410.91 ms | 3827734 tok/s)
step   10/10 | train loss 9.103306 | norm 1.7929 | lr 1.00e-04 | (402.39 ms | 3908830 tok/s)
final 9 iters avg: 407.571ms
peak memory consumption: 16601 MiB
