Running pytorch 2.7.0+cu126
using device: cuda:0
total desired batch size: 2621440
=> calculated gradient accumulation steps: 5
using device: cuda:3
using device: cuda:1
using device: cuda:2
compiling the model...
DataLoader: total number of tokens: 1,661,249,667 across 103 files
MOC-R4PCC04U05:719932:719932 [0] NCCL INFO NCCL_SOCKET_IFNAME set to eno7np0
MOC-R4PCC04U05:719932:719932 [0] NCCL INFO NCCL version 2.26.2+cuda12.2
MOC-R4PCC04U05:719933:719933 [1] NCCL INFO NCCL_SOCKET_IFNAME set to eno7np0
MOC-R4PCC04U05:719933:719933 [1] NCCL INFO NCCL version 2.26.2+cuda12.2
MOC-R4PCC04U05:719935:719935 [3] NCCL INFO NCCL_SOCKET_IFNAME set to eno7np0
MOC-R4PCC04U05:719935:719935 [3] NCCL INFO NCCL version 2.26.2+cuda12.2
MOC-R4PCC04U05:719932:720036 [0] NCCL INFO NET/Plugin: Could not find: libnccl-net.so. Using internal net plugin.
MOC-R4PCC04U05:719932:720036 [0] NCCL INFO NCCL_IB_HCA set to mlx5_5
MOC-R4PCC04U05:719932:720036 [0] NCCL INFO NET/IB : Made virtual device [0] name=mlx5_5 speed=400000 ndevs=1
MOC-R4PCC04U05:719932:720036 [0] NCCL INFO NET/IB : Using [0]mlx5_5:1/RoCE [RO]; OOB eno7np0:192.168.50.193<0>
MOC-R4PCC04U05:719934:719934 [2] NCCL INFO NCCL_SOCKET_IFNAME set to eno7np0
MOC-R4PCC04U05:719934:719934 [2] NCCL INFO NCCL version 2.26.2+cuda12.2
MOC-R4PCC04U05:719933:720058 [1] NCCL INFO NET/Plugin: Could not find: libnccl-net.so. Using internal net plugin.
MOC-R4PCC04U05:719935:720059 [3] NCCL INFO NET/Plugin: Could not find: libnccl-net.so. Using internal net plugin.
MOC-R4PCC04U05:719933:720058 [1] NCCL INFO NCCL_IB_HCA set to mlx5_5
MOC-R4PCC04U05:719935:720059 [3] NCCL INFO NCCL_IB_HCA set to mlx5_5
MOC-R4PCC04U05:719933:720058 [1] NCCL INFO NET/IB : Made virtual device [0] name=mlx5_5 speed=400000 ndevs=1
MOC-R4PCC04U05:719933:720058 [1] NCCL INFO NET/IB : Using [0]mlx5_5:1/RoCE [RO]; OOB eno7np0:192.168.50.193<0>
MOC-R4PCC04U05:719935:720059 [3] NCCL INFO NET/IB : Made virtual device [0] name=mlx5_5 speed=400000 ndevs=1
MOC-R4PCC04U05:719935:720059 [3] NCCL INFO NET/IB : Using [0]mlx5_5:1/RoCE [RO]; OOB eno7np0:192.168.50.193<0>
MOC-R4PCC04U05:719934:720061 [2] NCCL INFO NET/Plugin: Could not find: libnccl-net.so. Using internal net plugin.
MOC-R4PCC04U05:719934:720061 [2] NCCL INFO NCCL_IB_HCA set to mlx5_5
MOC-R4PCC04U05:719934:720061 [2] NCCL INFO NET/IB : Made virtual device [0] name=mlx5_5 speed=400000 ndevs=1
MOC-R4PCC04U05:719934:720061 [2] NCCL INFO NET/IB : Using [0]mlx5_5:1/RoCE [RO]; OOB eno7np0:192.168.50.193<0>
MOC-R4PCC04U05:719935:720059 [3] NCCL INFO NET/IB : GPU Direct RDMA Enabled for HCA 0 'mlx5_5'
MOC-R4PCC04U05:719935:720059 [3] NCCL INFO NET/IB : Made virtual device [1] name=mlx5_5 speed=400000 ndevs=1
MOC-R4PCC04U05:719935:720059 [3] NCCL INFO NET/IB : GPU Direct RDMA Enabled for HCA 0 'mlx5_5'
MOC-R4PCC04U05:719935:720059 [3] NCCL INFO NET/IB : GPU Direct RDMA Enabled for HCA 1 'mlx5_5'
MOC-R4PCC04U05:719933:720058 [1] NCCL INFO NET/IB : GPU Direct RDMA Enabled for HCA 0 'mlx5_5'
MOC-R4PCC04U05:719933:720058 [1] NCCL INFO NET/IB : Made virtual device [1] name=mlx5_5 speed=400000 ndevs=1
MOC-R4PCC04U05:719933:720058 [1] NCCL INFO NET/IB : GPU Direct RDMA Enabled for HCA 0 'mlx5_5'
MOC-R4PCC04U05:719933:720058 [1] NCCL INFO NET/IB : GPU Direct RDMA Enabled for HCA 1 'mlx5_5'
MOC-R4PCC04U05:719934:720061 [2] NCCL INFO NET/IB : GPU Direct RDMA Enabled for HCA 0 'mlx5_5'
MOC-R4PCC04U05:719934:720061 [2] NCCL INFO NET/IB : Made virtual device [1] name=mlx5_5 speed=400000 ndevs=1
MOC-R4PCC04U05:719934:720061 [2] NCCL INFO NET/IB : GPU Direct RDMA Enabled for HCA 0 'mlx5_5'
MOC-R4PCC04U05:719934:720061 [2] NCCL INFO NET/IB : GPU Direct RDMA Enabled for HCA 1 'mlx5_5'
MOC-R4PCC04U05:719932:720036 [0] NCCL INFO NET/IB : GPU Direct RDMA Enabled for HCA 0 'mlx5_5'
MOC-R4PCC04U05:719932:720036 [0] NCCL INFO NET/IB : Made virtual device [1] name=mlx5_5 speed=400000 ndevs=1
MOC-R4PCC04U05:719932:720036 [0] NCCL INFO NET/IB : GPU Direct RDMA Enabled for HCA 0 'mlx5_5'
MOC-R4PCC04U05:719932:720036 [0] NCCL INFO NET/IB : GPU Direct RDMA Enabled for HCA 1 'mlx5_5'
MOC-R4PCC04U05:719933:720058 [1] NCCL INFO GPU Direct RDMA Enabled for GPU 0 / HCA 1 (distance 5 <= 5), read 0 mode Default
MOC-R4PCC04U05:719933:720058 [1] NCCL INFO GPU Direct RDMA Enabled for GPU 1 / HCA 1 (distance 5 <= 5), read 0 mode Default
MOC-R4PCC04U05:719933:720058 [1] NCCL INFO GPU Direct RDMA Enabled for GPU 2 / HCA 1 (distance 5 <= 5), read 0 mode Default
MOC-R4PCC04U05:719933:720058 [1] NCCL INFO GPU Direct RDMA Enabled for GPU 3 / HCA 1 (distance 5 <= 5), read 0 mode Default
MOC-R4PCC04U05:719933:720058 [1] NCCL INFO GPU Direct RDMA Enabled for GPU 0 / HCA 1 (distance 5 <= 5), read 0 mode Default
MOC-R4PCC04U05:719933:720058 [1] NCCL INFO GPU Direct RDMA Enabled for GPU 1 / HCA 1 (distance 5 <= 5), read 0 mode Default
MOC-R4PCC04U05:719933:720058 [1] NCCL INFO GPU Direct RDMA Enabled for GPU 2 / HCA 1 (distance 5 <= 5), read 0 mode Default
MOC-R4PCC04U05:719933:720058 [1] NCCL INFO GPU Direct RDMA Enabled for GPU 3 / HCA 1 (distance 5 <= 5), read 0 mode Default
MOC-R4PCC04U05:719932:720036 [0] NCCL INFO GPU Direct RDMA Enabled for GPU 0 / HCA 1 (distance 5 <= 5), read 0 mode Default
MOC-R4PCC04U05:719932:720036 [0] NCCL INFO GPU Direct RDMA Enabled for GPU 1 / HCA 1 (distance 5 <= 5), read 0 mode Default
MOC-R4PCC04U05:719932:720036 [0] NCCL INFO GPU Direct RDMA Enabled for GPU 2 / HCA 1 (distance 5 <= 5), read 0 mode Default
MOC-R4PCC04U05:719932:720036 [0] NCCL INFO GPU Direct RDMA Enabled for GPU 3 / HCA 1 (distance 5 <= 5), read 0 mode Default
MOC-R4PCC04U05:719932:720036 [0] NCCL INFO GPU Direct RDMA Enabled for GPU 0 / HCA 1 (distance 5 <= 5), read 0 mode Default
MOC-R4PCC04U05:719932:720036 [0] NCCL INFO GPU Direct RDMA Enabled for GPU 1 / HCA 1 (distance 5 <= 5), read 0 mode Default
MOC-R4PCC04U05:719932:720036 [0] NCCL INFO GPU Direct RDMA Enabled for GPU 2 / HCA 1 (distance 5 <= 5), read 0 mode Default
MOC-R4PCC04U05:719932:720036 [0] NCCL INFO GPU Direct RDMA Enabled for GPU 3 / HCA 1 (distance 5 <= 5), read 0 mode Default
MOC-R4PCC04U05:719934:720061 [2] NCCL INFO GPU Direct RDMA Enabled for GPU 0 / HCA 1 (distance 5 <= 5), read 0 mode Default
MOC-R4PCC04U05:719934:720061 [2] NCCL INFO GPU Direct RDMA Enabled for GPU 1 / HCA 1 (distance 5 <= 5), read 0 mode Default
MOC-R4PCC04U05:719934:720061 [2] NCCL INFO GPU Direct RDMA Enabled for GPU 2 / HCA 1 (distance 5 <= 5), read 0 mode Default
MOC-R4PCC04U05:719934:720061 [2] NCCL INFO GPU Direct RDMA Enabled for GPU 3 / HCA 1 (distance 5 <= 5), read 0 mode Default
MOC-R4PCC04U05:719934:720061 [2] NCCL INFO GPU Direct RDMA Enabled for GPU 0 / HCA 1 (distance 5 <= 5), read 0 mode Default
MOC-R4PCC04U05:719934:720061 [2] NCCL INFO GPU Direct RDMA Enabled for GPU 1 / HCA 1 (distance 5 <= 5), read 0 mode Default
MOC-R4PCC04U05:719934:720061 [2] NCCL INFO GPU Direct RDMA Enabled for GPU 2 / HCA 1 (distance 5 <= 5), read 0 mode Default
MOC-R4PCC04U05:719934:720061 [2] NCCL INFO GPU Direct RDMA Enabled for GPU 3 / HCA 1 (distance 5 <= 5), read 0 mode Default
MOC-R4PCC04U05:719935:720059 [3] NCCL INFO GPU Direct RDMA Enabled for GPU 0 / HCA 1 (distance 5 <= 5), read 0 mode Default
MOC-R4PCC04U05:719935:720059 [3] NCCL INFO GPU Direct RDMA Enabled for GPU 1 / HCA 1 (distance 5 <= 5), read 0 mode Default
MOC-R4PCC04U05:719935:720059 [3] NCCL INFO GPU Direct RDMA Enabled for GPU 2 / HCA 1 (distance 5 <= 5), read 0 mode Default
MOC-R4PCC04U05:719935:720059 [3] NCCL INFO GPU Direct RDMA Enabled for GPU 3 / HCA 1 (distance 5 <= 5), read 0 mode Default
MOC-R4PCC04U05:719935:720059 [3] NCCL INFO GPU Direct RDMA Enabled for GPU 0 / HCA 1 (distance 5 <= 5), read 0 mode Default
MOC-R4PCC04U05:719935:720059 [3] NCCL INFO GPU Direct RDMA Enabled for GPU 1 / HCA 1 (distance 5 <= 5), read 0 mode Default
MOC-R4PCC04U05:719935:720059 [3] NCCL INFO GPU Direct RDMA Enabled for GPU 2 / HCA 1 (distance 5 <= 5), read 0 mode Default
MOC-R4PCC04U05:719935:720059 [3] NCCL INFO GPU Direct RDMA Enabled for GPU 3 / HCA 1 (distance 5 <= 5), read 0 mode Default
MOC-R4PCC04U05:719933:720074 [1] NCCL INFO New proxy recv connection 0 from local rank 1, transport 0
MOC-R4PCC04U05:719933:720081 [1] NCCL INFO Connected to proxy localRank 1 -> connection 0x7f3008004f30
MOC-R4PCC04U05:719935:720073 [3] NCCL INFO New proxy recv connection 0 from local rank 3, transport 0
MOC-R4PCC04U05:719935:720082 [3] NCCL INFO Connected to proxy localRank 3 -> connection 0x7fa4e8004f30
MOC-R4PCC04U05:719935:720073 [3] NCCL INFO New proxy recv connection 1 from local rank 3, transport 0
MOC-R4PCC04U05:719935:720082 [3] NCCL INFO Connected to proxy localRank 3 -> connection 0x7fa4e8004fa8
MOC-R4PCC04U05:719933:720074 [1] NCCL INFO New proxy recv connection 1 from local rank 1, transport 0
MOC-R4PCC04U05:719933:720081 [1] NCCL INFO Connected to proxy localRank 1 -> connection 0x7f3008004fa8
MOC-R4PCC04U05:719934:720083 [2] NCCL INFO GPU Direct RDMA Enabled for GPU 2 / HCA 1 (distance 5 <= 5), read 0 mode Default
MOC-R4PCC04U05:719933:720074 [1] NCCL INFO New proxy recv connection 2 from local rank 1, transport 0
MOC-R4PCC04U05:719933:720081 [1] NCCL INFO Connected to proxy localRank 1 -> connection 0x7f3008005020
MOC-R4PCC04U05:719935:720073 [3] NCCL INFO New proxy recv connection 2 from local rank 3, transport 0
MOC-R4PCC04U05:719935:720082 [3] NCCL INFO Connected to proxy localRank 3 -> connection 0x7fa4e8005020
MOC-R4PCC04U05:719935:720073 [3] NCCL INFO New proxy recv connection 3 from local rank 3, transport 0
MOC-R4PCC04U05:719935:720082 [3] NCCL INFO Connected to proxy localRank 3 -> connection 0x7fa4e8005098
MOC-R4PCC04U05:719932:720076 [0] NCCL INFO New proxy send connection 0 from local rank 0, transport 0
MOC-R4PCC04U05:719932:720084 [0] NCCL INFO Connected to proxy localRank 0 -> connection 0x7fe70c004f30
MOC-R4PCC04U05:719933:720074 [1] NCCL INFO New proxy recv connection 3 from local rank 1, transport 0
MOC-R4PCC04U05:719933:720081 [1] NCCL INFO Connected to proxy localRank 1 -> connection 0x7f3008005098
MOC-R4PCC04U05:719935:720082 [3] NCCL INFO GPU Direct RDMA Enabled for GPU 3 / HCA 1 (distance 5 <= 5), read 1 mode Default
MOC-R4PCC04U05:719932:720076 [0] NCCL INFO New proxy send connection 1 from local rank 0, transport 0
MOC-R4PCC04U05:719932:720084 [0] NCCL INFO Connected to proxy localRank 0 -> connection 0x7fe70c004fa8
MOC-R4PCC04U05:719933:720074 [1] NCCL INFO New proxy send connection 4 from local rank 1, transport 0
MOC-R4PCC04U05:719933:720081 [1] NCCL INFO Connected to proxy localRank 1 -> connection 0x7f3008005110
MOC-R4PCC04U05:719932:720076 [0] NCCL INFO New proxy send connection 2 from local rank 0, transport 0
MOC-R4PCC04U05:719932:720084 [0] NCCL INFO Connected to proxy localRank 0 -> connection 0x7fe70c005020
MOC-R4PCC04U05:719934:720077 [2] NCCL INFO New proxy recv connection 0 from local rank 2, transport 2
MOC-R4PCC04U05:719934:720077 [2] NCCL INFO New proxy send connection 1 from local rank 3, transport 2
MOC-R4PCC04U05:719934:720083 [2] NCCL INFO Connected to proxy localRank 2 -> connection 0x7f1508004f30
MOC-R4PCC04U05:719935:720082 [3] NCCL INFO Connected to proxy localRank 2 -> connection 0x7f1508004fa8
MOC-R4PCC04U05:719934:720083 [2] NCCL INFO Channel 00/0 : 15[3] -> 2[2] [receive] via NET/IB/1/GDRDMA
MOC-R4PCC04U05:719934:720083 [2] NCCL INFO GPU Direct RDMA Enabled for GPU 2 / HCA 1 (distance 5 <= 5), read 0 mode Default
MOC-R4PCC04U05:719935:720082 [3] NCCL INFO Channel 00/0 : 3[3] -> 6[2] [send] via NET/IB/1(2)/GDRDMA
MOC-R4PCC04U05:719935:720082 [3] NCCL INFO GPU Direct RDMA Enabled for GPU 3 / HCA 1 (distance 5 <= 5), read 1 mode Default
MOC-R4PCC04U05:719934:720077 [2] NCCL INFO New proxy recv connection 2 from local rank 2, transport 2
MOC-R4PCC04U05:719934:720083 [2] NCCL INFO Connected to proxy localRank 2 -> connection 0x7f1508005020
MOC-R4PCC04U05:719934:720077 [2] NCCL INFO New proxy send connection 3 from local rank 3, transport 2
MOC-R4PCC04U05:719935:720082 [3] NCCL INFO Connected to proxy localRank 2 -> connection 0x7f1508005098
MOC-R4PCC04U05:719934:720083 [2] NCCL INFO Channel 01/0 : 15[3] -> 2[2] [receive] via NET/IB/1/GDRDMA
MOC-R4PCC04U05:719934:720083 [2] NCCL INFO GPU Direct RDMA Enabled for GPU 2 / HCA 1 (distance 5 <= 5), read 0 mode Default
MOC-R4PCC04U05:719935:720082 [3] NCCL INFO Channel 01/0 : 3[3] -> 6[2] [send] via NET/IB/1(2)/GDRDMA
MOC-R4PCC04U05:719935:720082 [3] NCCL INFO GPU Direct RDMA Enabled for GPU 3 / HCA 1 (distance 5 <= 5), read 1 mode Default
MOC-R4PCC04U05:719934:720077 [2] NCCL INFO New proxy recv connection 4 from local rank 2, transport 2
MOC-R4PCC04U05:719934:720083 [2] NCCL INFO Connected to proxy localRank 2 -> connection 0x7f1508005110
MOC-R4PCC04U05:719934:720077 [2] NCCL INFO New proxy send connection 5 from local rank 3, transport 2
MOC-R4PCC04U05:719935:720082 [3] NCCL INFO Connected to proxy localRank 2 -> connection 0x7f1508005188
MOC-R4PCC04U05:719934:720083 [2] NCCL INFO Channel 02/0 : 15[3] -> 2[2] [receive] via NET/IB/1/GDRDMA
MOC-R4PCC04U05:719934:720083 [2] NCCL INFO GPU Direct RDMA Enabled for GPU 2 / HCA 1 (distance 5 <= 5), read 0 mode Default
MOC-R4PCC04U05:719935:720082 [3] NCCL INFO Channel 02/0 : 3[3] -> 6[2] [send] via NET/IB/1(2)/GDRDMA
MOC-R4PCC04U05:719935:720082 [3] NCCL INFO GPU Direct RDMA Enabled for GPU 3 / HCA 1 (distance 5 <= 5), read 1 mode Default
MOC-R4PCC04U05:719934:720077 [2] NCCL INFO New proxy recv connection 6 from local rank 2, transport 2
MOC-R4PCC04U05:719934:720083 [2] NCCL INFO Connected to proxy localRank 2 -> connection 0x7f1508005200
MOC-R4PCC04U05:719934:720077 [2] NCCL INFO New proxy send connection 7 from local rank 3, transport 2
MOC-R4PCC04U05:719935:720082 [3] NCCL INFO Connected to proxy localRank 2 -> connection 0x7f1508005278
MOC-R4PCC04U05:719934:720083 [2] NCCL INFO Channel 03/0 : 15[3] -> 2[2] [receive] via NET/IB/1/GDRDMA
MOC-R4PCC04U05:719935:720082 [3] NCCL INFO Channel 03/0 : 3[3] -> 6[2] [send] via NET/IB/1(2)/GDRDMA
MOC-R4PCC04U05:719934:720077 [2] NCCL INFO New proxy send connection 8 from local rank 2, transport 0
MOC-R4PCC04U05:719934:720083 [2] NCCL INFO Connected to proxy localRank 2 -> connection 0x7f15080052f0
MOC-R4PCC04U05:719933:720074 [1] NCCL INFO New proxy send connection 5 from local rank 1, transport 0
MOC-R4PCC04U05:719933:720081 [1] NCCL INFO Connected to proxy localRank 1 -> connection 0x7f3008005188
MOC-R4PCC04U05:719932:720076 [0] NCCL INFO New proxy send connection 3 from local rank 0, transport 0
MOC-R4PCC04U05:719932:720084 [0] NCCL INFO Connected to proxy localRank 0 -> connection 0x7fe70c005098
MOC-R4PCC04U05:719934:720077 [2] NCCL INFO New proxy send connection 9 from local rank 2, transport 0
MOC-R4PCC04U05:719934:720083 [2] NCCL INFO Connected to proxy localRank 2 -> connection 0x7f1508005368
MOC-R4PCC04U05:719934:720077 [2] NCCL INFO New proxy send connection 10 from local rank 2, transport 0
MOC-R4PCC04U05:719934:720083 [2] NCCL INFO Connected to proxy localRank 2 -> connection 0x7f15080053e0
MOC-R4PCC04U05:719933:720074 [1] NCCL INFO New proxy send connection 6 from local rank 1, transport 0
MOC-R4PCC04U05:719933:720081 [1] NCCL INFO Connected to proxy localRank 1 -> connection 0x7f3008005200
MOC-R4PCC04U05:719932:720076 [0] NCCL INFO New proxy recv connection 4 from local rank 0, transport 0
MOC-R4PCC04U05:719932:720084 [0] NCCL INFO Connected to proxy localRank 0 -> connection 0x7fe70c005110
MOC-R4PCC04U05:719934:720077 [2] NCCL INFO New proxy send connection 11 from local rank 2, transport 0
MOC-R4PCC04U05:719934:720083 [2] NCCL INFO Connected to proxy localRank 2 -> connection 0x7f1508005458
MOC-R4PCC04U05:719933:720074 [1] NCCL INFO New proxy send connection 7 from local rank 1, transport 0
MOC-R4PCC04U05:719933:720081 [1] NCCL INFO Connected to proxy localRank 1 -> connection 0x7f3008005278
MOC-R4PCC04U05:719932:720076 [0] NCCL INFO New proxy recv connection 5 from local rank 0, transport 0
MOC-R4PCC04U05:719932:720084 [0] NCCL INFO Connected to proxy localRank 0 -> connection 0x7fe70c005188
MOC-R4PCC04U05:719932:720076 [0] NCCL INFO New proxy recv connection 6 from local rank 0, transport 0
MOC-R4PCC04U05:719932:720084 [0] NCCL INFO Connected to proxy localRank 0 -> connection 0x7fe70c005200
MOC-R4PCC04U05:719933:720074 [1] NCCL INFO New proxy send connection 8 from local rank 2, transport 0
MOC-R4PCC04U05:719934:720083 [2] NCCL INFO Connected to proxy localRank 1 -> connection 0x7f30080052f0
MOC-R4PCC04U05:719932:720076 [0] NCCL INFO New proxy recv connection 7 from local rank 0, transport 0
MOC-R4PCC04U05:719932:720084 [0] NCCL INFO Connected to proxy localRank 0 -> connection 0x7fe70c005278
MOC-R4PCC04U05:719932:720076 [0] NCCL INFO New proxy send connection 8 from local rank 1, transport 0
MOC-R4PCC04U05:719933:720081 [1] NCCL INFO Connected to proxy localRank 0 -> connection 0x7fe70c0052f0
MOC-R4PCC04U05:719935:720073 [3] NCCL INFO New proxy send connection 4 from local rank 0, transport 0
MOC-R4PCC04U05:719932:720084 [0] NCCL INFO Connected to proxy localRank 3 -> connection 0x7fa4e8005110
MOC-R4PCC04U05:719932:720076 [0] NCCL INFO New proxy send connection 9 from local rank 3, transport 0
MOC-R4PCC04U05:719935:720082 [3] NCCL INFO Connected to proxy localRank 0 -> connection 0x7fe70c005368
MOC-R4PCC04U05:719934:720077 [2] NCCL INFO NET/IB: NCCL Dev 1 IbDev 0 Port 1 qpn 11858 mtu 3 query_ece={supported=1, vendor_id=0x15b3, options=0x30000002, comp_mask=0x0} GID 3 (0/C132A8C0FFFF0000) fifoRkey=0x17904f fifoLkey=0x17904f
MOC-R4PCC04U05:719934:720077 [2] NCCL INFO NET/IB: IbDev 0 Port 1 qpn 12290 set_ece={supported=1, vendor_id=0x15b3, options=0x0, comp_mask=0x0}
MOC-R4PCC04U05:719934:720077 [2] NCCL INFO New proxy send connection 12 from local rank 1, transport 0
MOC-R4PCC04U05:719933:720081 [1] NCCL INFO Connected to proxy localRank 2 -> connection 0x7f15080054d0
MOC-R4PCC04U05:719934:720077 [2] NCCL INFO NET/IB: NCCL Dev 1 IbDev 0 Port 1 qpn 11865 mtu 3 query_ece={supported=1, vendor_id=0x15b3, options=0x30000002, comp_mask=0x0} GID 3 (0/C132A8C0FFFF0000) fifoRkey=0x17bf7e fifoLkey=0x17bf7e
MOC-R4PCC04U05:719934:720077 [2] NCCL INFO NET/IB: NCCL Dev 1 IbDev 0 Port 1 qpn 11866 mtu 3 query_ece={supported=1, vendor_id=0x15b3, options=0x30000002, comp_mask=0x0} GID 3 (0/C132A8C0FFFF0000) fifoRkey=0x175412 fifoLkey=0x175412
MOC-R4PCC04U05:719934:720077 [2] NCCL INFO NET/IB: NCCL Dev 1 IbDev 0 Port 1 qpn 11867 mtu 3 query_ece={supported=1, vendor_id=0x15b3, options=0x30000002, comp_mask=0x0} GID 3 (0/C132A8C0FFFF0000) fifoRkey=0x172eed fifoLkey=0x172eed
MOC-R4PCC04U05:719934:720077 [2] NCCL INFO NET/IB: IbDev 0 Port 1 qpn 12294 set_ece={supported=1, vendor_id=0x15b3, options=0x0, comp_mask=0x0}
MOC-R4PCC04U05:719933:720074 [1] NCCL INFO New proxy send connection 9 from local rank 0, transport 0
MOC-R4PCC04U05:719932:720084 [0] NCCL INFO Connected to proxy localRank 1 -> connection 0x7f3008005368
MOC-R4PCC04U05:719934:720077 [2] NCCL INFO NET/IB: IbDev 0 Port 1 qpn 12296 set_ece={supported=1, vendor_id=0x15b3, options=0x0, comp_mask=0x0}
MOC-R4PCC04U05:719934:720077 [2] NCCL INFO NET/IB: IbDev 0 Port 1 qpn 12298 set_ece={supported=1, vendor_id=0x15b3, options=0x0, comp_mask=0x0}
MOC-R4PCC04U05:719934:720077 [2] NCCL INFO New proxy send connection 13 from local rank 3, transport 0
MOC-R4PCC04U05:719935:720082 [3] NCCL INFO Connected to proxy localRank 2 -> connection 0x7f1508005548
num decayed parameter tensors: 50, with 124,318,464 parameters
num non-decayed parameter tensors: 98, with 121,344 parameters
using fused AdamW: False
using regular AdamW
MOC-R4PCC04U05:719935:720073 [3] NCCL INFO New proxy recv connection 5 from local rank 3, transport 0
MOC-R4PCC04U05:719935:720775 [3] NCCL INFO Connected to proxy localRank 3 -> connection 0x7fa4e8005188
MOC-R4PCC04U05:719935:720073 [3] NCCL INFO New proxy recv connection 6 from local rank 3, transport 0
MOC-R4PCC04U05:719935:720775 [3] NCCL INFO Connected to proxy localRank 3 -> connection 0x7fa4e8005200
MOC-R4PCC04U05:719935:720073 [3] NCCL INFO New proxy recv connection 7 from local rank 3, transport 0
MOC-R4PCC04U05:719935:720775 [3] NCCL INFO Connected to proxy localRank 3 -> connection 0x7fa4e8005278
MOC-R4PCC04U05:719935:720073 [3] NCCL INFO New proxy recv connection 8 from local rank 3, transport 0
MOC-R4PCC04U05:719935:720775 [3] NCCL INFO Connected to proxy localRank 3 -> connection 0x7fa4e80052f0
MOC-R4PCC04U05:719932:720076 [0] NCCL INFO New proxy send connection 10 from local rank 0, transport 0
MOC-R4PCC04U05:719932:720776 [0] NCCL INFO Connected to proxy localRank 0 -> connection 0x7fe70c0053e0
MOC-R4PCC04U05:719932:720076 [0] NCCL INFO New proxy send connection 11 from local rank 0, transport 0
MOC-R4PCC04U05:719932:720776 [0] NCCL INFO Connected to proxy localRank 0 -> connection 0x7fe70c005458
MOC-R4PCC04U05:719932:720076 [0] NCCL INFO New proxy send connection 12 from local rank 0, transport 0
MOC-R4PCC04U05:719932:720776 [0] NCCL INFO Connected to proxy localRank 0 -> connection 0x7fe70c0054d0
MOC-R4PCC04U05:719932:720076 [0] NCCL INFO New proxy send connection 13 from local rank 0, transport 0
MOC-R4PCC04U05:719932:720776 [0] NCCL INFO Connected to proxy localRank 0 -> connection 0x7fe70c005548
MOC-R4PCC04U05:719934:720077 [2] NCCL INFO New proxy send connection 14 from local rank 2, transport 0
MOC-R4PCC04U05:719934:720777 [2] NCCL INFO Connected to proxy localRank 2 -> connection 0x7f15080055c0
MOC-R4PCC04U05:719934:720077 [2] NCCL INFO New proxy send connection 15 from local rank 2, transport 0
MOC-R4PCC04U05:719934:720777 [2] NCCL INFO Connected to proxy localRank 2 -> connection 0x7f1508005638
MOC-R4PCC04U05:719934:720077 [2] NCCL INFO New proxy send connection 16 from local rank 2, transport 0
MOC-R4PCC04U05:719934:720777 [2] NCCL INFO Connected to proxy localRank 2 -> connection 0x7f15080056b0
MOC-R4PCC04U05:719934:720077 [2] NCCL INFO New proxy send connection 17 from local rank 2, transport 0
MOC-R4PCC04U05:719934:720777 [2] NCCL INFO Connected to proxy localRank 2 -> connection 0x7f1508005728
MOC-R4PCC04U05:719934:720777 [2] NCCL INFO GPU Direct RDMA Enabled for GPU 2 / HCA 1 (distance 5 <= 5), read 1 mode Default
MOC-R4PCC04U05:719934:720077 [2] NCCL INFO New proxy send connection 18 from local rank 2, transport 2
MOC-R4PCC04U05:719934:720777 [2] NCCL INFO Connected to proxy localRank 2 -> connection 0x7f15080057a0
MOC-R4PCC04U05:719934:720777 [2] NCCL INFO Channel 02/0 : 2[2] -> 6[2] [send] via NET/IB/1/GDRDMA
MOC-R4PCC04U05:719934:720777 [2] NCCL INFO GPU Direct RDMA Enabled for GPU 2 / HCA 1 (distance 5 <= 5), read 1 mode Default
MOC-R4PCC04U05:719935:720073 [3] NCCL INFO New proxy send connection 9 from local rank 3, transport 0
MOC-R4PCC04U05:719934:720077 [2] NCCL INFO New proxy send connection 19 from local rank 2, transport 2
MOC-R4PCC04U05:719934:720777 [2] NCCL INFO Connected to proxy localRank 2 -> connection 0x7f1508005818
MOC-R4PCC04U05:719935:720775 [3] NCCL INFO Connected to proxy localRank 3 -> connection 0x7fa4e8005368
MOC-R4PCC04U05:719934:720777 [2] NCCL INFO Channel 03/0 : 2[2] -> 6[2] [send] via NET/IB/1/GDRDMA
MOC-R4PCC04U05:719935:720073 [3] NCCL INFO New proxy send connection 10 from local rank 3, transport 0
MOC-R4PCC04U05:719935:720775 [3] NCCL INFO Connected to proxy localRank 3 -> connection 0x7fa4e80053e0
MOC-R4PCC04U05:719935:720073 [3] NCCL INFO New proxy send connection 11 from local rank 3, transport 0
MOC-R4PCC04U05:719935:720775 [3] NCCL INFO Connected to proxy localRank 3 -> connection 0x7fa4e8005458
MOC-R4PCC04U05:719935:720073 [3] NCCL INFO New proxy send connection 12 from local rank 3, transport 0
MOC-R4PCC04U05:719935:720775 [3] NCCL INFO Connected to proxy localRank 3 -> connection 0x7fa4e80054d0
MOC-R4PCC04U05:719933:720074 [1] NCCL INFO New proxy recv connection 10 from local rank 1, transport 0
MOC-R4PCC04U05:719933:720778 [1] NCCL INFO Connected to proxy localRank 1 -> connection 0x7f30080053e0
MOC-R4PCC04U05:719933:720074 [1] NCCL INFO New proxy recv connection 11 from local rank 1, transport 0
MOC-R4PCC04U05:719933:720778 [1] NCCL INFO Connected to proxy localRank 1 -> connection 0x7f3008005458
MOC-R4PCC04U05:719933:720074 [1] NCCL INFO New proxy recv connection 12 from local rank 1, transport 0
MOC-R4PCC04U05:719933:720778 [1] NCCL INFO Connected to proxy localRank 1 -> connection 0x7f30080054d0
MOC-R4PCC04U05:719933:720074 [1] NCCL INFO New proxy recv connection 13 from local rank 1, transport 0
MOC-R4PCC04U05:719933:720778 [1] NCCL INFO Connected to proxy localRank 1 -> connection 0x7f3008005548
MOC-R4PCC04U05:719932:720076 [0] NCCL INFO New proxy recv connection 14 from local rank 0, transport 0
MOC-R4PCC04U05:719932:720776 [0] NCCL INFO Connected to proxy localRank 0 -> connection 0x7fe70c0055c0
MOC-R4PCC04U05:719932:720076 [0] NCCL INFO New proxy recv connection 15 from local rank 0, transport 0
MOC-R4PCC04U05:719932:720776 [0] NCCL INFO Connected to proxy localRank 0 -> connection 0x7fe70c005638
MOC-R4PCC04U05:719932:720076 [0] NCCL INFO New proxy recv connection 16 from local rank 0, transport 0
MOC-R4PCC04U05:719932:720776 [0] NCCL INFO Connected to proxy localRank 0 -> connection 0x7fe70c0056b0
MOC-R4PCC04U05:719932:720076 [0] NCCL INFO New proxy recv connection 17 from local rank 0, transport 0
MOC-R4PCC04U05:719932:720776 [0] NCCL INFO Connected to proxy localRank 0 -> connection 0x7fe70c005728
MOC-R4PCC04U05:719935:720073 [3] NCCL INFO New proxy send connection 13 from local rank 3, transport 0
MOC-R4PCC04U05:719935:720775 [3] NCCL INFO Connected to proxy localRank 3 -> connection 0x7fa4e8005548
MOC-R4PCC04U05:719935:720073 [3] NCCL INFO New proxy send connection 14 from local rank 3, transport 0
MOC-R4PCC04U05:719935:720775 [3] NCCL INFO Connected to proxy localRank 3 -> connection 0x7fa4e80055c0
MOC-R4PCC04U05:719935:720073 [3] NCCL INFO New proxy send connection 15 from local rank 3, transport 0
MOC-R4PCC04U05:719935:720775 [3] NCCL INFO Connected to proxy localRank 3 -> connection 0x7fa4e8005638
MOC-R4PCC04U05:719935:720073 [3] NCCL INFO New proxy send connection 16 from local rank 3, transport 0
MOC-R4PCC04U05:719935:720775 [3] NCCL INFO Connected to proxy localRank 3 -> connection 0x7fa4e80056b0
MOC-R4PCC04U05:719934:720777 [2] NCCL INFO GPU Direct RDMA Enabled for GPU 2 / HCA 1 (distance 5 <= 5), read 0 mode Default
MOC-R4PCC04U05:719934:720077 [2] NCCL INFO New proxy recv connection 20 from local rank 2, transport 2
MOC-R4PCC04U05:719934:720777 [2] NCCL INFO Connected to proxy localRank 2 -> connection 0x7f1508005890
MOC-R4PCC04U05:719934:720777 [2] NCCL INFO Channel 00/0 : 10[2] -> 2[2] [receive] via NET/IB/1/GDRDMA
MOC-R4PCC04U05:719934:720777 [2] NCCL INFO GPU Direct RDMA Enabled for GPU 2 / HCA 1 (distance 5 <= 5), read 0 mode Default
MOC-R4PCC04U05:719934:720077 [2] NCCL INFO New proxy recv connection 21 from local rank 2, transport 2
MOC-R4PCC04U05:719934:720777 [2] NCCL INFO Connected to proxy localRank 2 -> connection 0x7f1508005908
MOC-R4PCC04U05:719934:720777 [2] NCCL INFO Channel 01/0 : 10[2] -> 2[2] [receive] via NET/IB/1/GDRDMA
MOC-R4PCC04U05:719934:720777 [2] NCCL INFO GPU Direct RDMA Enabled for GPU 2 / HCA 1 (distance 5 <= 5), read 1 mode Default
MOC-R4PCC04U05:719934:720077 [2] NCCL INFO New proxy send connection 22 from local rank 2, transport 2
MOC-R4PCC04U05:719934:720777 [2] NCCL INFO Connected to proxy localRank 2 -> connection 0x7f1508005980
MOC-R4PCC04U05:719934:720777 [2] NCCL INFO Channel 00/0 : 2[2] -> 10[2] [send] via NET/IB/1/GDRDMA
MOC-R4PCC04U05:719934:720777 [2] NCCL INFO GPU Direct RDMA Enabled for GPU 2 / HCA 1 (distance 5 <= 5), read 1 mode Default
MOC-R4PCC04U05:719934:720077 [2] NCCL INFO New proxy send connection 23 from local rank 2, transport 2
MOC-R4PCC04U05:719934:720777 [2] NCCL INFO Connected to proxy localRank 2 -> connection 0x7f15080059f8
MOC-R4PCC04U05:719934:720777 [2] NCCL INFO Channel 01/0 : 2[2] -> 10[2] [send] via NET/IB/1/GDRDMA
MOC-R4PCC04U05:719934:720777 [2] NCCL INFO GPU Direct RDMA Enabled for GPU 2 / HCA 1 (distance 5 <= 5), read 0 mode Default
MOC-R4PCC04U05:719934:720077 [2] NCCL INFO New proxy recv connection 24 from local rank 2, transport 2
MOC-R4PCC04U05:719934:720777 [2] NCCL INFO Connected to proxy localRank 2 -> connection 0x7f1508005a70
MOC-R4PCC04U05:719934:720777 [2] NCCL INFO Channel 02/0 : 6[2] -> 2[2] [receive] via NET/IB/1/GDRDMA
MOC-R4PCC04U05:719934:720777 [2] NCCL INFO GPU Direct RDMA Enabled for GPU 2 / HCA 1 (distance 5 <= 5), read 0 mode Default
MOC-R4PCC04U05:719934:720077 [2] NCCL INFO New proxy recv connection 25 from local rank 2, transport 2
MOC-R4PCC04U05:719934:720777 [2] NCCL INFO Connected to proxy localRank 2 -> connection 0x7f1508005ae8
MOC-R4PCC04U05:719934:720777 [2] NCCL INFO Channel 03/0 : 6[2] -> 2[2] [receive] via NET/IB/1/GDRDMA
MOC-R4PCC04U05:719934:720077 [2] NCCL INFO New proxy recv connection 26 from local rank 2, transport 0
MOC-R4PCC04U05:719934:720777 [2] NCCL INFO Connected to proxy localRank 2 -> connection 0x7f1508005b60
MOC-R4PCC04U05:719934:720077 [2] NCCL INFO New proxy recv connection 27 from local rank 2, transport 0
MOC-R4PCC04U05:719934:720777 [2] NCCL INFO Connected to proxy localRank 2 -> connection 0x7f1508005bd8
MOC-R4PCC04U05:719934:720077 [2] NCCL INFO New proxy recv connection 28 from local rank 2, transport 0
MOC-R4PCC04U05:719934:720777 [2] NCCL INFO Connected to proxy localRank 2 -> connection 0x7f1508005c50
MOC-R4PCC04U05:719934:720077 [2] NCCL INFO New proxy recv connection 29 from local rank 2, transport 0
MOC-R4PCC04U05:719934:720777 [2] NCCL INFO Connected to proxy localRank 2 -> connection 0x7f1508005cc8
MOC-R4PCC04U05:719935:720073 [3] NCCL INFO New proxy send connection 17 from local rank 2, transport 0
MOC-R4PCC04U05:719934:720777 [2] NCCL INFO Connected to proxy localRank 3 -> connection 0x7fa4e8005728
MOC-R4PCC04U05:719934:720077 [2] NCCL INFO NET/IB: NCCL Dev 1 IbDev 0 Port 1 qpn 11870 mtu 3 query_ece={supported=1, vendor_id=0x15b3, options=0x30000002, comp_mask=0x0} GID 3 (0/C132A8C0FFFF0000) fifoRkey=0x17d796 fifoLkey=0x17d796
MOC-R4PCC04U05:719934:720077 [2] NCCL INFO NET/IB: NCCL Dev 1 IbDev 0 Port 1 qpn 11871 mtu 3 query_ece={supported=1, vendor_id=0x15b3, options=0x30000002, comp_mask=0x0} GID 3 (0/C132A8C0FFFF0000) fifoRkey=0x179c5b fifoLkey=0x179c5b
MOC-R4PCC04U05:719934:720077 [2] NCCL INFO NET/IB: IbDev 0 Port 1 qpn 12302 set_ece={supported=1, vendor_id=0x15b3, options=0x0, comp_mask=0x0}
MOC-R4PCC04U05:719934:720077 [2] NCCL INFO NET/IB: IbDev 0 Port 1 qpn 12304 set_ece={supported=1, vendor_id=0x15b3, options=0x0, comp_mask=0x0}
MOC-R4PCC04U05:719934:720077 [2] NCCL INFO NET/IB: NCCL Dev 1 IbDev 0 Port 1 qpn 11874 mtu 3 query_ece={supported=1, vendor_id=0x15b3, options=0x30000002, comp_mask=0x0} GID 3 (0/C132A8C0FFFF0000) fifoRkey=0x17a767 fifoLkey=0x17a767
MOC-R4PCC04U05:719934:720077 [2] NCCL INFO NET/IB: NCCL Dev 1 IbDev 0 Port 1 qpn 11875 mtu 3 query_ece={supported=1, vendor_id=0x15b3, options=0x30000002, comp_mask=0x0} GID 3 (0/C132A8C0FFFF0000) fifoRkey=0x177837 fifoLkey=0x177837
MOC-R4PCC04U05:719934:720077 [2] NCCL INFO NET/IB: IbDev 0 Port 1 qpn 9756 set_ece={supported=1, vendor_id=0x15b3, options=0x0, comp_mask=0x0}
MOC-R4PCC04U05:719934:720077 [2] NCCL INFO NET/IB: IbDev 0 Port 1 qpn 9759 set_ece={supported=1, vendor_id=0x15b3, options=0x0, comp_mask=0x0}
step    1/10 | train loss 11.009524 | norm 15.3465 | lr 1.00e-04 | (14349.73 ms | 182682 tok/s)
step    2/10 | train loss 10.140066 | norm 5.7337 | lr 1.00e-04 | (448.59 ms | 5843713 tok/s)
step    3/10 | train loss 9.800387 | norm 2.6009 | lr 1.00e-04 | (448.03 ms | 5850978 tok/s)
step    4/10 | train loss 9.631466 | norm 2.1085 | lr 1.00e-04 | (446.92 ms | 5865617 tok/s)
step    5/10 | train loss 9.548703 | norm 2.0999 | lr 1.00e-04 | (446.61 ms | 5869656 tok/s)
step    6/10 | train loss 9.467640 | norm 1.9930 | lr 1.00e-04 | (447.85 ms | 5853332 tok/s)
step    7/10 | train loss 9.382116 | norm 1.9432 | lr 1.00e-04 | (446.65 ms | 5869120 tok/s)
step    8/10 | train loss 9.290377 | norm 1.9093 | lr 1.00e-04 | (447.20 ms | 5861892 tok/s)
step    9/10 | train loss 9.195255 | norm 1.8505 | lr 1.00e-04 | (447.07 ms | 5863659 tok/s)
step   10/10 | train loss 9.111425 | norm 1.7945 | lr 1.00e-04 | (451.04 ms | 5811928 tok/s)
final 9 iters avg: 447.774ms
peak memory consumption: 16601 MiB
