Running pytorch 2.7.0+cu126
using device: cuda:0
total desired batch size: 786432
=> calculated gradient accumulation steps: 2
using device: cuda:3
using device: cuda:2
using device: cuda:1
compiling the model...
DataLoader: total number of tokens: 1,661,249,667 across 103 files
MOC-R4PCC04U05:483692:483692 [0] NCCL INFO NCCL_SOCKET_IFNAME set to eno7np0
MOC-R4PCC04U05:483692:483692 [0] NCCL INFO NCCL version 2.26.2+cuda12.2
MOC-R4PCC04U05:483692:483797 [0] NCCL INFO NET/Plugin: Could not find: libnccl-net.so. Using internal net plugin.
MOC-R4PCC04U05:483692:483797 [0] NCCL INFO NCCL_IB_HCA set to mlx5_5
MOC-R4PCC04U05:483695:483695 [3] NCCL INFO NCCL_SOCKET_IFNAME set to eno7np0
MOC-R4PCC04U05:483695:483695 [3] NCCL INFO NCCL version 2.26.2+cuda12.2
MOC-R4PCC04U05:483692:483797 [0] NCCL INFO NET/IB : Made virtual device [0] name=mlx5_5 speed=400000 ndevs=1
MOC-R4PCC04U05:483692:483797 [0] NCCL INFO NET/IB : Using [0]mlx5_5:1/RoCE [RO]; OOB eno7np0:192.168.50.193<0>
MOC-R4PCC04U05:483693:483693 [1] NCCL INFO NCCL_SOCKET_IFNAME set to eno7np0
MOC-R4PCC04U05:483693:483693 [1] NCCL INFO NCCL version 2.26.2+cuda12.2
MOC-R4PCC04U05:483694:483694 [2] NCCL INFO NCCL_SOCKET_IFNAME set to eno7np0
MOC-R4PCC04U05:483694:483694 [2] NCCL INFO NCCL version 2.26.2+cuda12.2
MOC-R4PCC04U05:483695:483819 [3] NCCL INFO NET/Plugin: Could not find: libnccl-net.so. Using internal net plugin.
MOC-R4PCC04U05:483695:483819 [3] NCCL INFO NCCL_IB_HCA set to mlx5_5
MOC-R4PCC04U05:483695:483819 [3] NCCL INFO NET/IB : Made virtual device [0] name=mlx5_5 speed=400000 ndevs=1
MOC-R4PCC04U05:483695:483819 [3] NCCL INFO NET/IB : Using [0]mlx5_5:1/RoCE [RO]; OOB eno7np0:192.168.50.193<0>
MOC-R4PCC04U05:483693:483821 [1] NCCL INFO NET/Plugin: Could not find: libnccl-net.so. Using internal net plugin.
MOC-R4PCC04U05:483693:483821 [1] NCCL INFO NCCL_IB_HCA set to mlx5_5
MOC-R4PCC04U05:483693:483821 [1] NCCL INFO NET/IB : Made virtual device [0] name=mlx5_5 speed=400000 ndevs=1
MOC-R4PCC04U05:483693:483821 [1] NCCL INFO NET/IB : Using [0]mlx5_5:1/RoCE [RO]; OOB eno7np0:192.168.50.193<0>
MOC-R4PCC04U05:483694:483822 [2] NCCL INFO NET/Plugin: Could not find: libnccl-net.so. Using internal net plugin.
MOC-R4PCC04U05:483694:483822 [2] NCCL INFO NCCL_IB_HCA set to mlx5_5
MOC-R4PCC04U05:483694:483822 [2] NCCL INFO NET/IB : Made virtual device [0] name=mlx5_5 speed=400000 ndevs=1
MOC-R4PCC04U05:483694:483822 [2] NCCL INFO NET/IB : Using [0]mlx5_5:1/RoCE [RO]; OOB eno7np0:192.168.50.193<0>
MOC-R4PCC04U05:483695:483819 [3] NCCL INFO NET/IB : GPU Direct RDMA Enabled for HCA 0 'mlx5_5'
MOC-R4PCC04U05:483695:483819 [3] NCCL INFO NET/IB : Made virtual device [1] name=mlx5_5 speed=400000 ndevs=1
MOC-R4PCC04U05:483695:483819 [3] NCCL INFO NET/IB : GPU Direct RDMA Enabled for HCA 0 'mlx5_5'
MOC-R4PCC04U05:483695:483819 [3] NCCL INFO NET/IB : GPU Direct RDMA Enabled for HCA 1 'mlx5_5'
MOC-R4PCC04U05:483694:483822 [2] NCCL INFO NET/IB : GPU Direct RDMA Enabled for HCA 0 'mlx5_5'
MOC-R4PCC04U05:483694:483822 [2] NCCL INFO NET/IB : Made virtual device [1] name=mlx5_5 speed=400000 ndevs=1
MOC-R4PCC04U05:483694:483822 [2] NCCL INFO NET/IB : GPU Direct RDMA Enabled for HCA 0 'mlx5_5'
MOC-R4PCC04U05:483694:483822 [2] NCCL INFO NET/IB : GPU Direct RDMA Enabled for HCA 1 'mlx5_5'
MOC-R4PCC04U05:483693:483821 [1] NCCL INFO NET/IB : GPU Direct RDMA Enabled for HCA 0 'mlx5_5'
MOC-R4PCC04U05:483693:483821 [1] NCCL INFO NET/IB : Made virtual device [1] name=mlx5_5 speed=400000 ndevs=1
MOC-R4PCC04U05:483693:483821 [1] NCCL INFO NET/IB : GPU Direct RDMA Enabled for HCA 0 'mlx5_5'
MOC-R4PCC04U05:483693:483821 [1] NCCL INFO NET/IB : GPU Direct RDMA Enabled for HCA 1 'mlx5_5'
MOC-R4PCC04U05:483692:483797 [0] NCCL INFO NET/IB : GPU Direct RDMA Enabled for HCA 0 'mlx5_5'
MOC-R4PCC04U05:483692:483797 [0] NCCL INFO NET/IB : Made virtual device [1] name=mlx5_5 speed=400000 ndevs=1
MOC-R4PCC04U05:483692:483797 [0] NCCL INFO NET/IB : GPU Direct RDMA Enabled for HCA 0 'mlx5_5'
MOC-R4PCC04U05:483692:483797 [0] NCCL INFO NET/IB : GPU Direct RDMA Enabled for HCA 1 'mlx5_5'
MOC-R4PCC04U05:483692:483797 [0] NCCL INFO GPU Direct RDMA Enabled for GPU 0 / HCA 1 (distance 5 <= 5), read 0 mode Default
MOC-R4PCC04U05:483692:483797 [0] NCCL INFO GPU Direct RDMA Enabled for GPU 1 / HCA 1 (distance 5 <= 5), read 0 mode Default
MOC-R4PCC04U05:483692:483797 [0] NCCL INFO GPU Direct RDMA Enabled for GPU 2 / HCA 1 (distance 5 <= 5), read 0 mode Default
MOC-R4PCC04U05:483692:483797 [0] NCCL INFO GPU Direct RDMA Enabled for GPU 3 / HCA 1 (distance 5 <= 5), read 0 mode Default
MOC-R4PCC04U05:483692:483797 [0] NCCL INFO GPU Direct RDMA Enabled for GPU 0 / HCA 1 (distance 5 <= 5), read 0 mode Default
MOC-R4PCC04U05:483692:483797 [0] NCCL INFO GPU Direct RDMA Enabled for GPU 1 / HCA 1 (distance 5 <= 5), read 0 mode Default
MOC-R4PCC04U05:483692:483797 [0] NCCL INFO GPU Direct RDMA Enabled for GPU 2 / HCA 1 (distance 5 <= 5), read 0 mode Default
MOC-R4PCC04U05:483692:483797 [0] NCCL INFO GPU Direct RDMA Enabled for GPU 3 / HCA 1 (distance 5 <= 5), read 0 mode Default
MOC-R4PCC04U05:483693:483821 [1] NCCL INFO GPU Direct RDMA Enabled for GPU 0 / HCA 1 (distance 5 <= 5), read 0 mode Default
MOC-R4PCC04U05:483693:483821 [1] NCCL INFO GPU Direct RDMA Enabled for GPU 1 / HCA 1 (distance 5 <= 5), read 0 mode Default
MOC-R4PCC04U05:483693:483821 [1] NCCL INFO GPU Direct RDMA Enabled for GPU 2 / HCA 1 (distance 5 <= 5), read 0 mode Default
MOC-R4PCC04U05:483693:483821 [1] NCCL INFO GPU Direct RDMA Enabled for GPU 3 / HCA 1 (distance 5 <= 5), read 0 mode Default
MOC-R4PCC04U05:483693:483821 [1] NCCL INFO GPU Direct RDMA Enabled for GPU 0 / HCA 1 (distance 5 <= 5), read 0 mode Default
MOC-R4PCC04U05:483693:483821 [1] NCCL INFO GPU Direct RDMA Enabled for GPU 1 / HCA 1 (distance 5 <= 5), read 0 mode Default
MOC-R4PCC04U05:483693:483821 [1] NCCL INFO GPU Direct RDMA Enabled for GPU 2 / HCA 1 (distance 5 <= 5), read 0 mode Default
MOC-R4PCC04U05:483693:483821 [1] NCCL INFO GPU Direct RDMA Enabled for GPU 3 / HCA 1 (distance 5 <= 5), read 0 mode Default
MOC-R4PCC04U05:483694:483822 [2] NCCL INFO GPU Direct RDMA Enabled for GPU 0 / HCA 1 (distance 5 <= 5), read 0 mode Default
MOC-R4PCC04U05:483694:483822 [2] NCCL INFO GPU Direct RDMA Enabled for GPU 1 / HCA 1 (distance 5 <= 5), read 0 mode Default
MOC-R4PCC04U05:483694:483822 [2] NCCL INFO GPU Direct RDMA Enabled for GPU 2 / HCA 1 (distance 5 <= 5), read 0 mode Default
MOC-R4PCC04U05:483694:483822 [2] NCCL INFO GPU Direct RDMA Enabled for GPU 3 / HCA 1 (distance 5 <= 5), read 0 mode Default
MOC-R4PCC04U05:483694:483822 [2] NCCL INFO GPU Direct RDMA Enabled for GPU 0 / HCA 1 (distance 5 <= 5), read 0 mode Default
MOC-R4PCC04U05:483694:483822 [2] NCCL INFO GPU Direct RDMA Enabled for GPU 1 / HCA 1 (distance 5 <= 5), read 0 mode Default
MOC-R4PCC04U05:483694:483822 [2] NCCL INFO GPU Direct RDMA Enabled for GPU 2 / HCA 1 (distance 5 <= 5), read 0 mode Default
MOC-R4PCC04U05:483694:483822 [2] NCCL INFO GPU Direct RDMA Enabled for GPU 3 / HCA 1 (distance 5 <= 5), read 0 mode Default
MOC-R4PCC04U05:483695:483819 [3] NCCL INFO GPU Direct RDMA Enabled for GPU 0 / HCA 1 (distance 5 <= 5), read 0 mode Default
MOC-R4PCC04U05:483695:483819 [3] NCCL INFO GPU Direct RDMA Enabled for GPU 1 / HCA 1 (distance 5 <= 5), read 0 mode Default
MOC-R4PCC04U05:483695:483819 [3] NCCL INFO GPU Direct RDMA Enabled for GPU 2 / HCA 1 (distance 5 <= 5), read 0 mode Default
MOC-R4PCC04U05:483695:483819 [3] NCCL INFO GPU Direct RDMA Enabled for GPU 3 / HCA 1 (distance 5 <= 5), read 0 mode Default
MOC-R4PCC04U05:483695:483819 [3] NCCL INFO GPU Direct RDMA Enabled for GPU 0 / HCA 1 (distance 5 <= 5), read 0 mode Default
MOC-R4PCC04U05:483695:483819 [3] NCCL INFO GPU Direct RDMA Enabled for GPU 1 / HCA 1 (distance 5 <= 5), read 0 mode Default
MOC-R4PCC04U05:483695:483819 [3] NCCL INFO GPU Direct RDMA Enabled for GPU 2 / HCA 1 (distance 5 <= 5), read 0 mode Default
MOC-R4PCC04U05:483695:483819 [3] NCCL INFO GPU Direct RDMA Enabled for GPU 3 / HCA 1 (distance 5 <= 5), read 0 mode Default
MOC-R4PCC04U05:483695:483832 [3] NCCL INFO New proxy recv connection 0 from local rank 3, transport 0
MOC-R4PCC04U05:483695:483843 [3] NCCL INFO Connected to proxy localRank 3 -> connection 0x7f09a8004f30
MOC-R4PCC04U05:483695:483832 [3] NCCL INFO New proxy recv connection 1 from local rank 3, transport 0
MOC-R4PCC04U05:483695:483843 [3] NCCL INFO Connected to proxy localRank 3 -> connection 0x7f09a8004fa8
MOC-R4PCC04U05:483692:483833 [0] NCCL INFO New proxy send connection 0 from local rank 0, transport 0
MOC-R4PCC04U05:483692:483844 [0] NCCL INFO Connected to proxy localRank 0 -> connection 0x7f63b8004f30
MOC-R4PCC04U05:483694:483845 [2] NCCL INFO GPU Direct RDMA Enabled for GPU 2 / HCA 1 (distance 5 <= 5), read 0 mode Default
MOC-R4PCC04U05:483695:483832 [3] NCCL INFO New proxy recv connection 2 from local rank 3, transport 0
MOC-R4PCC04U05:483695:483843 [3] NCCL INFO Connected to proxy localRank 3 -> connection 0x7f09a8005020
MOC-R4PCC04U05:483692:483833 [0] NCCL INFO New proxy send connection 1 from local rank 0, transport 0
MOC-R4PCC04U05:483695:483832 [3] NCCL INFO New proxy recv connection 3 from local rank 3, transport 0
MOC-R4PCC04U05:483692:483844 [0] NCCL INFO Connected to proxy localRank 0 -> connection 0x7f63b8004fa8
MOC-R4PCC04U05:483695:483843 [3] NCCL INFO Connected to proxy localRank 3 -> connection 0x7f09a8005098
MOC-R4PCC04U05:483695:483843 [3] NCCL INFO GPU Direct RDMA Enabled for GPU 3 / HCA 1 (distance 5 <= 5), read 1 mode Default
MOC-R4PCC04U05:483692:483833 [0] NCCL INFO New proxy send connection 2 from local rank 0, transport 0
MOC-R4PCC04U05:483692:483844 [0] NCCL INFO Connected to proxy localRank 0 -> connection 0x7f63b8005020
MOC-R4PCC04U05:483692:483833 [0] NCCL INFO New proxy send connection 3 from local rank 0, transport 0
MOC-R4PCC04U05:483692:483844 [0] NCCL INFO Connected to proxy localRank 0 -> connection 0x7f63b8005098
MOC-R4PCC04U05:483693:483836 [1] NCCL INFO New proxy recv connection 0 from local rank 1, transport 0
MOC-R4PCC04U05:483693:483846 [1] NCCL INFO Connected to proxy localRank 1 -> connection 0x7f8050004f30
MOC-R4PCC04U05:483693:483836 [1] NCCL INFO New proxy recv connection 1 from local rank 1, transport 0
MOC-R4PCC04U05:483693:483846 [1] NCCL INFO Connected to proxy localRank 1 -> connection 0x7f8050004fa8
MOC-R4PCC04U05:483693:483836 [1] NCCL INFO New proxy recv connection 2 from local rank 1, transport 0
MOC-R4PCC04U05:483693:483846 [1] NCCL INFO Connected to proxy localRank 1 -> connection 0x7f8050005020
MOC-R4PCC04U05:483693:483836 [1] NCCL INFO New proxy recv connection 3 from local rank 1, transport 0
MOC-R4PCC04U05:483693:483846 [1] NCCL INFO Connected to proxy localRank 1 -> connection 0x7f8050005098
MOC-R4PCC04U05:483693:483836 [1] NCCL INFO New proxy send connection 4 from local rank 1, transport 0
MOC-R4PCC04U05:483693:483846 [1] NCCL INFO Connected to proxy localRank 1 -> connection 0x7f8050005110
MOC-R4PCC04U05:483693:483836 [1] NCCL INFO New proxy send connection 5 from local rank 1, transport 0
MOC-R4PCC04U05:483693:483846 [1] NCCL INFO Connected to proxy localRank 1 -> connection 0x7f8050005188
MOC-R4PCC04U05:483693:483836 [1] NCCL INFO New proxy send connection 6 from local rank 1, transport 0
MOC-R4PCC04U05:483693:483846 [1] NCCL INFO Connected to proxy localRank 1 -> connection 0x7f8050005200
MOC-R4PCC04U05:483694:483834 [2] NCCL INFO New proxy recv connection 0 from local rank 2, transport 2
MOC-R4PCC04U05:483694:483845 [2] NCCL INFO Connected to proxy localRank 2 -> connection 0x7f6ee4004f30
MOC-R4PCC04U05:483694:483834 [2] NCCL INFO New proxy send connection 1 from local rank 3, transport 2
MOC-R4PCC04U05:483695:483843 [3] NCCL INFO Connected to proxy localRank 2 -> connection 0x7f6ee4004fa8
MOC-R4PCC04U05:483694:483845 [2] NCCL INFO Channel 00/0 : 11[3] -> 2[2] [receive] via NET/IB/1/GDRDMA
MOC-R4PCC04U05:483694:483845 [2] NCCL INFO GPU Direct RDMA Enabled for GPU 2 / HCA 1 (distance 5 <= 5), read 0 mode Default
MOC-R4PCC04U05:483695:483843 [3] NCCL INFO Channel 00/0 : 3[3] -> 6[2] [send] via NET/IB/1(2)/GDRDMA
MOC-R4PCC04U05:483695:483843 [3] NCCL INFO GPU Direct RDMA Enabled for GPU 3 / HCA 1 (distance 5 <= 5), read 1 mode Default
MOC-R4PCC04U05:483694:483834 [2] NCCL INFO New proxy recv connection 2 from local rank 2, transport 2
MOC-R4PCC04U05:483694:483845 [2] NCCL INFO Connected to proxy localRank 2 -> connection 0x7f6ee4005020
MOC-R4PCC04U05:483694:483834 [2] NCCL INFO New proxy send connection 3 from local rank 3, transport 2
MOC-R4PCC04U05:483695:483843 [3] NCCL INFO Connected to proxy localRank 2 -> connection 0x7f6ee4005098
MOC-R4PCC04U05:483694:483845 [2] NCCL INFO Channel 01/0 : 11[3] -> 2[2] [receive] via NET/IB/1/GDRDMA
MOC-R4PCC04U05:483694:483845 [2] NCCL INFO GPU Direct RDMA Enabled for GPU 2 / HCA 1 (distance 5 <= 5), read 0 mode Default
MOC-R4PCC04U05:483695:483843 [3] NCCL INFO Channel 01/0 : 3[3] -> 6[2] [send] via NET/IB/1(2)/GDRDMA
MOC-R4PCC04U05:483695:483843 [3] NCCL INFO GPU Direct RDMA Enabled for GPU 3 / HCA 1 (distance 5 <= 5), read 1 mode Default
MOC-R4PCC04U05:483694:483834 [2] NCCL INFO New proxy recv connection 4 from local rank 2, transport 2
MOC-R4PCC04U05:483694:483845 [2] NCCL INFO Connected to proxy localRank 2 -> connection 0x7f6ee4005110
MOC-R4PCC04U05:483694:483834 [2] NCCL INFO New proxy send connection 5 from local rank 3, transport 2
MOC-R4PCC04U05:483695:483843 [3] NCCL INFO Connected to proxy localRank 2 -> connection 0x7f6ee4005188
MOC-R4PCC04U05:483694:483845 [2] NCCL INFO Channel 02/0 : 11[3] -> 2[2] [receive] via NET/IB/1/GDRDMA
MOC-R4PCC04U05:483694:483845 [2] NCCL INFO GPU Direct RDMA Enabled for GPU 2 / HCA 1 (distance 5 <= 5), read 0 mode Default
MOC-R4PCC04U05:483695:483843 [3] NCCL INFO Channel 02/0 : 3[3] -> 6[2] [send] via NET/IB/1(2)/GDRDMA
MOC-R4PCC04U05:483695:483843 [3] NCCL INFO GPU Direct RDMA Enabled for GPU 3 / HCA 1 (distance 5 <= 5), read 1 mode Default
MOC-R4PCC04U05:483694:483834 [2] NCCL INFO New proxy recv connection 6 from local rank 2, transport 2
MOC-R4PCC04U05:483694:483845 [2] NCCL INFO Connected to proxy localRank 2 -> connection 0x7f6ee4005200
MOC-R4PCC04U05:483694:483834 [2] NCCL INFO New proxy send connection 7 from local rank 3, transport 2
MOC-R4PCC04U05:483695:483843 [3] NCCL INFO Connected to proxy localRank 2 -> connection 0x7f6ee4005278
MOC-R4PCC04U05:483694:483845 [2] NCCL INFO Channel 03/0 : 11[3] -> 2[2] [receive] via NET/IB/1/GDRDMA
MOC-R4PCC04U05:483695:483843 [3] NCCL INFO Channel 03/0 : 3[3] -> 6[2] [send] via NET/IB/1(2)/GDRDMA
MOC-R4PCC04U05:483692:483833 [0] NCCL INFO New proxy recv connection 4 from local rank 0, transport 0
MOC-R4PCC04U05:483692:483844 [0] NCCL INFO Connected to proxy localRank 0 -> connection 0x7f63b8005110
MOC-R4PCC04U05:483694:483834 [2] NCCL INFO New proxy send connection 8 from local rank 2, transport 0
MOC-R4PCC04U05:483694:483845 [2] NCCL INFO Connected to proxy localRank 2 -> connection 0x7f6ee40052f0
MOC-R4PCC04U05:483693:483836 [1] NCCL INFO New proxy send connection 7 from local rank 1, transport 0
MOC-R4PCC04U05:483693:483846 [1] NCCL INFO Connected to proxy localRank 1 -> connection 0x7f8050005278
MOC-R4PCC04U05:483692:483833 [0] NCCL INFO New proxy recv connection 5 from local rank 0, transport 0
MOC-R4PCC04U05:483692:483844 [0] NCCL INFO Connected to proxy localRank 0 -> connection 0x7f63b8005188
MOC-R4PCC04U05:483694:483834 [2] NCCL INFO New proxy send connection 9 from local rank 2, transport 0
MOC-R4PCC04U05:483694:483845 [2] NCCL INFO Connected to proxy localRank 2 -> connection 0x7f6ee4005368
MOC-R4PCC04U05:483692:483833 [0] NCCL INFO New proxy recv connection 6 from local rank 0, transport 0
MOC-R4PCC04U05:483692:483844 [0] NCCL INFO Connected to proxy localRank 0 -> connection 0x7f63b8005200
MOC-R4PCC04U05:483694:483834 [2] NCCL INFO New proxy send connection 10 from local rank 2, transport 0
MOC-R4PCC04U05:483694:483845 [2] NCCL INFO Connected to proxy localRank 2 -> connection 0x7f6ee40053e0
MOC-R4PCC04U05:483694:483834 [2] NCCL INFO New proxy send connection 11 from local rank 2, transport 0
MOC-R4PCC04U05:483694:483845 [2] NCCL INFO Connected to proxy localRank 2 -> connection 0x7f6ee4005458
MOC-R4PCC04U05:483693:483836 [1] NCCL INFO New proxy send connection 8 from local rank 2, transport 0
MOC-R4PCC04U05:483694:483845 [2] NCCL INFO Connected to proxy localRank 1 -> connection 0x7f80500052f0
MOC-R4PCC04U05:483692:483833 [0] NCCL INFO New proxy recv connection 7 from local rank 0, transport 0
MOC-R4PCC04U05:483692:483844 [0] NCCL INFO Connected to proxy localRank 0 -> connection 0x7f63b8005278
MOC-R4PCC04U05:483692:483833 [0] NCCL INFO New proxy send connection 8 from local rank 1, transport 0
MOC-R4PCC04U05:483695:483832 [3] NCCL INFO New proxy send connection 4 from local rank 0, transport 0
MOC-R4PCC04U05:483693:483846 [1] NCCL INFO Connected to proxy localRank 0 -> connection 0x7f63b80052f0
MOC-R4PCC04U05:483692:483844 [0] NCCL INFO Connected to proxy localRank 3 -> connection 0x7f09a8005110
MOC-R4PCC04U05:483692:483833 [0] NCCL INFO New proxy send connection 9 from local rank 3, transport 0
MOC-R4PCC04U05:483695:483843 [3] NCCL INFO Connected to proxy localRank 0 -> connection 0x7f63b8005368
MOC-R4PCC04U05:483694:483834 [2] NCCL INFO NET/IB: NCCL Dev 1 IbDev 0 Port 1 qpn 7294 mtu 3 query_ece={supported=1, vendor_id=0x15b3, options=0x30000002, comp_mask=0x0} GID 3 (0/C132A8C0FFFF0000) fifoRkey=0x17fdbc fifoLkey=0x17fdbc
MOC-R4PCC04U05:483694:483834 [2] NCCL INFO NET/IB: IbDev 0 Port 1 qpn 7478 set_ece={supported=1, vendor_id=0x15b3, options=0x0, comp_mask=0x0}
MOC-R4PCC04U05:483694:483834 [2] NCCL INFO New proxy send connection 12 from local rank 1, transport 0
MOC-R4PCC04U05:483693:483846 [1] NCCL INFO Connected to proxy localRank 2 -> connection 0x7f6ee40054d0
MOC-R4PCC04U05:483694:483834 [2] NCCL INFO NET/IB: NCCL Dev 1 IbDev 0 Port 1 qpn 7295 mtu 3 query_ece={supported=1, vendor_id=0x15b3, options=0x30000002, comp_mask=0x0} GID 3 (0/C132A8C0FFFF0000) fifoRkey=0x1722e1 fifoLkey=0x1722e1
MOC-R4PCC04U05:483694:483834 [2] NCCL INFO NET/IB: NCCL Dev 1 IbDev 0 Port 1 qpn 7296 mtu 3 query_ece={supported=1, vendor_id=0x15b3, options=0x30000002, comp_mask=0x0} GID 3 (0/C132A8C0FFFF0000) fifoRkey=0x179c5b fifoLkey=0x179c5b
MOC-R4PCC04U05:483694:483834 [2] NCCL INFO NET/IB: NCCL Dev 1 IbDev 0 Port 1 qpn 7297 mtu 3 query_ece={supported=1, vendor_id=0x15b3, options=0x30000002, comp_mask=0x0} GID 3 (0/C132A8C0FFFF0000) fifoRkey=0x1716d5 fifoLkey=0x1716d5
MOC-R4PCC04U05:483694:483834 [2] NCCL INFO NET/IB: IbDev 0 Port 1 qpn 7480 set_ece={supported=1, vendor_id=0x15b3, options=0x0, comp_mask=0x0}
MOC-R4PCC04U05:483694:483834 [2] NCCL INFO NET/IB: IbDev 0 Port 1 qpn 7482 set_ece={supported=1, vendor_id=0x15b3, options=0x0, comp_mask=0x0}
MOC-R4PCC04U05:483693:483836 [1] NCCL INFO New proxy send connection 9 from local rank 0, transport 0
MOC-R4PCC04U05:483692:483844 [0] NCCL INFO Connected to proxy localRank 1 -> connection 0x7f8050005368
MOC-R4PCC04U05:483694:483834 [2] NCCL INFO NET/IB: IbDev 0 Port 1 qpn 7484 set_ece={supported=1, vendor_id=0x15b3, options=0x0, comp_mask=0x0}
MOC-R4PCC04U05:483694:483834 [2] NCCL INFO New proxy send connection 13 from local rank 3, transport 0
MOC-R4PCC04U05:483695:483843 [3] NCCL INFO Connected to proxy localRank 2 -> connection 0x7f6ee4005548
num decayed parameter tensors: 50, with 124,318,464 parameters
num non-decayed parameter tensors: 98, with 121,344 parameters
using fused AdamW: False
using regular AdamW
MOC-R4PCC04U05:483692:483833 [0] NCCL INFO New proxy send connection 10 from local rank 0, transport 0
MOC-R4PCC04U05:483692:484537 [0] NCCL INFO Connected to proxy localRank 0 -> connection 0x7f63b80053e0
MOC-R4PCC04U05:483692:483833 [0] NCCL INFO New proxy send connection 11 from local rank 0, transport 0
MOC-R4PCC04U05:483692:484537 [0] NCCL INFO Connected to proxy localRank 0 -> connection 0x7f63b8005458
MOC-R4PCC04U05:483692:483833 [0] NCCL INFO New proxy send connection 12 from local rank 0, transport 0
MOC-R4PCC04U05:483692:484537 [0] NCCL INFO Connected to proxy localRank 0 -> connection 0x7f63b80054d0
MOC-R4PCC04U05:483692:483833 [0] NCCL INFO New proxy send connection 13 from local rank 0, transport 0
MOC-R4PCC04U05:483692:484537 [0] NCCL INFO Connected to proxy localRank 0 -> connection 0x7f63b8005548
MOC-R4PCC04U05:483695:483832 [3] NCCL INFO New proxy recv connection 5 from local rank 3, transport 0
MOC-R4PCC04U05:483695:484538 [3] NCCL INFO Connected to proxy localRank 3 -> connection 0x7f09a8005188
MOC-R4PCC04U05:483695:483832 [3] NCCL INFO New proxy recv connection 6 from local rank 3, transport 0
MOC-R4PCC04U05:483695:484538 [3] NCCL INFO Connected to proxy localRank 3 -> connection 0x7f09a8005200
MOC-R4PCC04U05:483695:483832 [3] NCCL INFO New proxy recv connection 7 from local rank 3, transport 0
MOC-R4PCC04U05:483695:484538 [3] NCCL INFO Connected to proxy localRank 3 -> connection 0x7f09a8005278
MOC-R4PCC04U05:483695:483832 [3] NCCL INFO New proxy recv connection 8 from local rank 3, transport 0
MOC-R4PCC04U05:483695:484538 [3] NCCL INFO Connected to proxy localRank 3 -> connection 0x7f09a80052f0
MOC-R4PCC04U05:483693:483836 [1] NCCL INFO New proxy recv connection 10 from local rank 1, transport 0
MOC-R4PCC04U05:483693:484539 [1] NCCL INFO Connected to proxy localRank 1 -> connection 0x7f80500053e0
MOC-R4PCC04U05:483693:483836 [1] NCCL INFO New proxy recv connection 11 from local rank 1, transport 0
MOC-R4PCC04U05:483693:484539 [1] NCCL INFO Connected to proxy localRank 1 -> connection 0x7f8050005458
MOC-R4PCC04U05:483693:483836 [1] NCCL INFO New proxy recv connection 12 from local rank 1, transport 0
MOC-R4PCC04U05:483693:484539 [1] NCCL INFO Connected to proxy localRank 1 -> connection 0x7f80500054d0
MOC-R4PCC04U05:483693:483836 [1] NCCL INFO New proxy recv connection 13 from local rank 1, transport 0
MOC-R4PCC04U05:483693:484539 [1] NCCL INFO Connected to proxy localRank 1 -> connection 0x7f8050005548
MOC-R4PCC04U05:483692:483833 [0] NCCL INFO New proxy recv connection 14 from local rank 0, transport 0
MOC-R4PCC04U05:483692:484537 [0] NCCL INFO Connected to proxy localRank 0 -> connection 0x7f63b80055c0
MOC-R4PCC04U05:483692:483833 [0] NCCL INFO New proxy recv connection 15 from local rank 0, transport 0
MOC-R4PCC04U05:483692:484537 [0] NCCL INFO Connected to proxy localRank 0 -> connection 0x7f63b8005638
MOC-R4PCC04U05:483692:483833 [0] NCCL INFO New proxy recv connection 16 from local rank 0, transport 0
MOC-R4PCC04U05:483692:484537 [0] NCCL INFO Connected to proxy localRank 0 -> connection 0x7f63b80056b0
MOC-R4PCC04U05:483692:483833 [0] NCCL INFO New proxy recv connection 17 from local rank 0, transport 0
MOC-R4PCC04U05:483692:484537 [0] NCCL INFO Connected to proxy localRank 0 -> connection 0x7f63b8005728
MOC-R4PCC04U05:483694:483834 [2] NCCL INFO New proxy send connection 14 from local rank 2, transport 0
MOC-R4PCC04U05:483694:484540 [2] NCCL INFO Connected to proxy localRank 2 -> connection 0x7f6ee40055c0
MOC-R4PCC04U05:483694:483834 [2] NCCL INFO New proxy send connection 15 from local rank 2, transport 0
MOC-R4PCC04U05:483694:484540 [2] NCCL INFO Connected to proxy localRank 2 -> connection 0x7f6ee4005638
MOC-R4PCC04U05:483694:483834 [2] NCCL INFO New proxy send connection 16 from local rank 2, transport 0
MOC-R4PCC04U05:483694:484540 [2] NCCL INFO Connected to proxy localRank 2 -> connection 0x7f6ee40056b0
MOC-R4PCC04U05:483694:483834 [2] NCCL INFO New proxy send connection 17 from local rank 2, transport 0
MOC-R4PCC04U05:483694:484540 [2] NCCL INFO Connected to proxy localRank 2 -> connection 0x7f6ee4005728
MOC-R4PCC04U05:483694:484540 [2] NCCL INFO GPU Direct RDMA Enabled for GPU 2 / HCA 1 (distance 5 <= 5), read 0 mode Default
MOC-R4PCC04U05:483694:483834 [2] NCCL INFO New proxy recv connection 18 from local rank 2, transport 2
MOC-R4PCC04U05:483694:484540 [2] NCCL INFO Connected to proxy localRank 2 -> connection 0x7f6ee40057a0
MOC-R4PCC04U05:483695:483832 [3] NCCL INFO New proxy send connection 9 from local rank 3, transport 0
MOC-R4PCC04U05:483694:484540 [2] NCCL INFO Channel 00/0 : 10[2] -> 2[2] [receive] via NET/IB/1/GDRDMA
MOC-R4PCC04U05:483694:484540 [2] NCCL INFO GPU Direct RDMA Enabled for GPU 2 / HCA 1 (distance 5 <= 5), read 0 mode Default
MOC-R4PCC04U05:483695:484538 [3] NCCL INFO Connected to proxy localRank 3 -> connection 0x7f09a8005368
MOC-R4PCC04U05:483694:483834 [2] NCCL INFO New proxy recv connection 19 from local rank 2, transport 2
MOC-R4PCC04U05:483694:484540 [2] NCCL INFO Connected to proxy localRank 2 -> connection 0x7f6ee4005818
MOC-R4PCC04U05:483694:484540 [2] NCCL INFO Channel 01/0 : 10[2] -> 2[2] [receive] via NET/IB/1/GDRDMA
MOC-R4PCC04U05:483694:484540 [2] NCCL INFO GPU Direct RDMA Enabled for GPU 2 / HCA 1 (distance 5 <= 5), read 0 mode Default
MOC-R4PCC04U05:483694:483834 [2] NCCL INFO New proxy recv connection 20 from local rank 2, transport 2
MOC-R4PCC04U05:483694:484540 [2] NCCL INFO Connected to proxy localRank 2 -> connection 0x7f6ee4005890
MOC-R4PCC04U05:483694:484540 [2] NCCL INFO Channel 02/0 : 10[2] -> 2[2] [receive] via NET/IB/1/GDRDMA
MOC-R4PCC04U05:483694:484540 [2] NCCL INFO GPU Direct RDMA Enabled for GPU 2 / HCA 1 (distance 5 <= 5), read 0 mode Default
MOC-R4PCC04U05:483694:483834 [2] NCCL INFO New proxy recv connection 21 from local rank 2, transport 2
MOC-R4PCC04U05:483694:484540 [2] NCCL INFO Connected to proxy localRank 2 -> connection 0x7f6ee4005908
MOC-R4PCC04U05:483695:483832 [3] NCCL INFO New proxy send connection 10 from local rank 3, transport 0
MOC-R4PCC04U05:483694:484540 [2] NCCL INFO Channel 03/0 : 10[2] -> 2[2] [receive] via NET/IB/1/GDRDMA
MOC-R4PCC04U05:483694:484540 [2] NCCL INFO GPU Direct RDMA Enabled for GPU 2 / HCA 1 (distance 5 <= 5), read 1 mode Default
MOC-R4PCC04U05:483695:484538 [3] NCCL INFO Connected to proxy localRank 3 -> connection 0x7f09a80053e0
MOC-R4PCC04U05:483694:483834 [2] NCCL INFO New proxy send connection 22 from local rank 2, transport 2
MOC-R4PCC04U05:483694:484540 [2] NCCL INFO Connected to proxy localRank 2 -> connection 0x7f6ee4005980
MOC-R4PCC04U05:483694:484540 [2] NCCL INFO Channel 02/0 : 2[2] -> 6[2] [send] via NET/IB/1/GDRDMA
MOC-R4PCC04U05:483694:484540 [2] NCCL INFO GPU Direct RDMA Enabled for GPU 2 / HCA 1 (distance 5 <= 5), read 1 mode Default
MOC-R4PCC04U05:483694:483834 [2] NCCL INFO New proxy send connection 23 from local rank 2, transport 2
MOC-R4PCC04U05:483694:484540 [2] NCCL INFO Connected to proxy localRank 2 -> connection 0x7f6ee40059f8
MOC-R4PCC04U05:483694:484540 [2] NCCL INFO Channel 03/0 : 2[2] -> 6[2] [send] via NET/IB/1/GDRDMA
MOC-R4PCC04U05:483695:483832 [3] NCCL INFO New proxy send connection 11 from local rank 3, transport 0
MOC-R4PCC04U05:483695:484538 [3] NCCL INFO Connected to proxy localRank 3 -> connection 0x7f09a8005458
MOC-R4PCC04U05:483695:483832 [3] NCCL INFO New proxy send connection 12 from local rank 3, transport 0
MOC-R4PCC04U05:483695:484538 [3] NCCL INFO Connected to proxy localRank 3 -> connection 0x7f09a80054d0
MOC-R4PCC04U05:483694:484540 [2] NCCL INFO GPU Direct RDMA Enabled for GPU 2 / HCA 1 (distance 5 <= 5), read 0 mode Default
MOC-R4PCC04U05:483694:483834 [2] NCCL INFO New proxy recv connection 24 from local rank 2, transport 2
MOC-R4PCC04U05:483695:483832 [3] NCCL INFO New proxy send connection 13 from local rank 3, transport 0
MOC-R4PCC04U05:483694:484540 [2] NCCL INFO Connected to proxy localRank 2 -> connection 0x7f6ee4005a70
MOC-R4PCC04U05:483695:484538 [3] NCCL INFO Connected to proxy localRank 3 -> connection 0x7f09a8005548
MOC-R4PCC04U05:483694:484540 [2] NCCL INFO Channel 02/0 : 6[2] -> 2[2] [receive] via NET/IB/1/GDRDMA
MOC-R4PCC04U05:483694:484540 [2] NCCL INFO GPU Direct RDMA Enabled for GPU 2 / HCA 1 (distance 5 <= 5), read 0 mode Default
MOC-R4PCC04U05:483694:483834 [2] NCCL INFO New proxy recv connection 25 from local rank 2, transport 2
MOC-R4PCC04U05:483694:484540 [2] NCCL INFO Connected to proxy localRank 2 -> connection 0x7f6ee4005ae8
MOC-R4PCC04U05:483694:484540 [2] NCCL INFO Channel 03/0 : 6[2] -> 2[2] [receive] via NET/IB/1/GDRDMA
MOC-R4PCC04U05:483694:484540 [2] NCCL INFO GPU Direct RDMA Enabled for GPU 2 / HCA 1 (distance 5 <= 5), read 1 mode Default
MOC-R4PCC04U05:483695:483832 [3] NCCL INFO New proxy send connection 14 from local rank 3, transport 0
MOC-R4PCC04U05:483695:484538 [3] NCCL INFO Connected to proxy localRank 3 -> connection 0x7f09a80055c0
MOC-R4PCC04U05:483694:483834 [2] NCCL INFO New proxy send connection 26 from local rank 2, transport 2
MOC-R4PCC04U05:483694:484540 [2] NCCL INFO Connected to proxy localRank 2 -> connection 0x7f6ee4005b60
MOC-R4PCC04U05:483694:484540 [2] NCCL INFO Channel 00/0 : 2[2] -> 10[2] [send] via NET/IB/1/GDRDMA
MOC-R4PCC04U05:483694:484540 [2] NCCL INFO GPU Direct RDMA Enabled for GPU 2 / HCA 1 (distance 5 <= 5), read 1 mode Default
MOC-R4PCC04U05:483694:483834 [2] NCCL INFO New proxy send connection 27 from local rank 2, transport 2
MOC-R4PCC04U05:483694:484540 [2] NCCL INFO Connected to proxy localRank 2 -> connection 0x7f6ee4005bd8
MOC-R4PCC04U05:483694:484540 [2] NCCL INFO Channel 01/0 : 2[2] -> 10[2] [send] via NET/IB/1/GDRDMA
MOC-R4PCC04U05:483694:484540 [2] NCCL INFO GPU Direct RDMA Enabled for GPU 2 / HCA 1 (distance 5 <= 5), read 1 mode Default
MOC-R4PCC04U05:483694:483834 [2] NCCL INFO New proxy send connection 28 from local rank 2, transport 2
MOC-R4PCC04U05:483694:484540 [2] NCCL INFO Connected to proxy localRank 2 -> connection 0x7f6ee4005c50
MOC-R4PCC04U05:483694:484540 [2] NCCL INFO Channel 02/0 : 2[2] -> 10[2] [send] via NET/IB/1/GDRDMA
MOC-R4PCC04U05:483694:484540 [2] NCCL INFO GPU Direct RDMA Enabled for GPU 2 / HCA 1 (distance 5 <= 5), read 1 mode Default
MOC-R4PCC04U05:483694:483834 [2] NCCL INFO New proxy send connection 29 from local rank 2, transport 2
MOC-R4PCC04U05:483694:484540 [2] NCCL INFO Connected to proxy localRank 2 -> connection 0x7f6ee4005cc8
MOC-R4PCC04U05:483694:484540 [2] NCCL INFO Channel 03/0 : 2[2] -> 10[2] [send] via NET/IB/1/GDRDMA
MOC-R4PCC04U05:483694:483834 [2] NCCL INFO New proxy recv connection 30 from local rank 2, transport 0
MOC-R4PCC04U05:483694:484540 [2] NCCL INFO Connected to proxy localRank 2 -> connection 0x7f6ee4005d40
MOC-R4PCC04U05:483695:483832 [3] NCCL INFO New proxy send connection 15 from local rank 3, transport 0
MOC-R4PCC04U05:483695:484538 [3] NCCL INFO Connected to proxy localRank 3 -> connection 0x7f09a8005638
MOC-R4PCC04U05:483694:483834 [2] NCCL INFO New proxy recv connection 31 from local rank 2, transport 0
MOC-R4PCC04U05:483694:484540 [2] NCCL INFO Connected to proxy localRank 2 -> connection 0x7f6ee4005db8
MOC-R4PCC04U05:483695:483832 [3] NCCL INFO New proxy send connection 16 from local rank 3, transport 0
MOC-R4PCC04U05:483695:484538 [3] NCCL INFO Connected to proxy localRank 3 -> connection 0x7f09a80056b0
MOC-R4PCC04U05:483694:483834 [2] NCCL INFO New proxy recv connection 32 from local rank 2, transport 0
MOC-R4PCC04U05:483694:484540 [2] NCCL INFO Connected to proxy localRank 2 -> connection 0x7f6ee4005e30
MOC-R4PCC04U05:483694:483834 [2] NCCL INFO New proxy recv connection 33 from local rank 2, transport 0
MOC-R4PCC04U05:483694:484540 [2] NCCL INFO Connected to proxy localRank 2 -> connection 0x7f6ee4005ea8
MOC-R4PCC04U05:483695:483832 [3] NCCL INFO New proxy send connection 17 from local rank 2, transport 0
MOC-R4PCC04U05:483694:484540 [2] NCCL INFO Connected to proxy localRank 3 -> connection 0x7f09a8005728
MOC-R4PCC04U05:483694:483834 [2] NCCL INFO NET/IB: NCCL Dev 1 IbDev 0 Port 1 qpn 7306 mtu 3 query_ece={supported=1, vendor_id=0x15b3, options=0x30000002, comp_mask=0x0} GID 3 (0/C132A8C0FFFF0000) fifoRkey=0x174705 fifoLkey=0x174705
MOC-R4PCC04U05:483694:483834 [2] NCCL INFO NET/IB: NCCL Dev 1 IbDev 0 Port 1 qpn 7307 mtu 3 query_ece={supported=1, vendor_id=0x15b3, options=0x30000002, comp_mask=0x0} GID 3 (0/C132A8C0FFFF0000) fifoRkey=0x177837 fifoLkey=0x177837
MOC-R4PCC04U05:483694:483834 [2] NCCL INFO NET/IB: NCCL Dev 1 IbDev 0 Port 1 qpn 7312 mtu 3 query_ece={supported=1, vendor_id=0x15b3, options=0x30000002, comp_mask=0x0} GID 3 (0/C132A8C0FFFF0000) fifoRkey=0x17e1a0 fifoLkey=0x17e1a0
MOC-R4PCC04U05:483694:483834 [2] NCCL INFO NET/IB: IbDev 0 Port 1 qpn 7496 set_ece={supported=1, vendor_id=0x15b3, options=0x0, comp_mask=0x0}
MOC-R4PCC04U05:483694:483834 [2] NCCL INFO NET/IB: IbDev 0 Port 1 qpn 7498 set_ece={supported=1, vendor_id=0x15b3, options=0x0, comp_mask=0x0}
MOC-R4PCC04U05:483694:483834 [2] NCCL INFO NET/IB: IbDev 0 Port 1 qpn 3228 set_ece={supported=1, vendor_id=0x15b3, options=0x0, comp_mask=0x0}
MOC-R4PCC04U05:483694:483834 [2] NCCL INFO NET/IB: NCCL Dev 1 IbDev 0 Port 1 qpn 7313 mtu 3 query_ece={supported=1, vendor_id=0x15b3, options=0x30000002, comp_mask=0x0} GID 3 (0/C132A8C0FFFF0000) fifoRkey=0x172eed fifoLkey=0x172eed
MOC-R4PCC04U05:483694:483834 [2] NCCL INFO NET/IB: NCCL Dev 1 IbDev 0 Port 1 qpn 7314 mtu 3 query_ece={supported=1, vendor_id=0x15b3, options=0x30000002, comp_mask=0x0} GID 3 (0/C132A8C0FFFF0000) fifoRkey=0x17601f fifoLkey=0x17601f
MOC-R4PCC04U05:483694:483834 [2] NCCL INFO NET/IB: NCCL Dev 1 IbDev 0 Port 1 qpn 7317 mtu 3 query_ece={supported=1, vendor_id=0x15b3, options=0x30000002, comp_mask=0x0} GID 3 (0/C132A8C0FFFF0000) fifoRkey=0x17d796 fifoLkey=0x17d796
MOC-R4PCC04U05:483694:483834 [2] NCCL INFO NET/IB: IbDev 0 Port 1 qpn 3230 set_ece={supported=1, vendor_id=0x15b3, options=0x0, comp_mask=0x0}
MOC-R4PCC04U05:483694:483834 [2] NCCL INFO NET/IB: IbDev 0 Port 1 qpn 3232 set_ece={supported=1, vendor_id=0x15b3, options=0x0, comp_mask=0x0}
MOC-R4PCC04U05:483694:483834 [2] NCCL INFO NET/IB: IbDev 0 Port 1 qpn 3234 set_ece={supported=1, vendor_id=0x15b3, options=0x0, comp_mask=0x0}
step    1/10 | train loss 11.010590 | norm 15.4878 | lr 1.00e-04 | (14463.72 ms | 54373 tok/s)
step    2/10 | train loss 10.133059 | norm 5.7716 | lr 1.00e-04 | (227.76 ms | 3452900 tok/s)
step    3/10 | train loss 9.789963 | norm 2.6230 | lr 1.00e-04 | (224.15 ms | 3508434 tok/s)
step    4/10 | train loss 9.619510 | norm 2.1196 | lr 1.00e-04 | (592.22 ms | 1327946 tok/s)
step    5/10 | train loss 9.536167 | norm 2.1144 | lr 1.00e-04 | (226.43 ms | 3473136 tok/s)
step    6/10 | train loss 9.454324 | norm 2.0046 | lr 1.00e-04 | (223.63 ms | 3516712 tok/s)
step    7/10 | train loss 9.368589 | norm 1.9542 | lr 1.00e-04 | (223.74 ms | 3514988 tok/s)
step    8/10 | train loss 9.277068 | norm 1.9203 | lr 1.00e-04 | (224.32 ms | 3505813 tok/s)
step    9/10 | train loss 9.182121 | norm 1.8690 | lr 1.00e-04 | (224.14 ms | 3508673 tok/s)
step   10/10 | train loss 9.094346 | norm 1.7912 | lr 1.00e-04 | (224.12 ms | 3509027 tok/s)
final 9 iters avg: 265.612ms
peak memory consumption: 16601 MiB
