Running pytorch 2.7.0+cu126
using device: cuda:0
total desired batch size: 786432
=> calculated gradient accumulation steps: 3
using device: cuda:2
using device: cuda:3
using device: cuda:1
compiling the model...
DataLoader: total number of tokens: 1,661,249,667 across 103 files
MOC-R4PCC04U05:420132:420132 [0] NCCL INFO NCCL_SOCKET_IFNAME set to eno7np0
MOC-R4PCC04U05:420132:420132 [0] NCCL INFO NCCL version 2.26.2+cuda12.2
MOC-R4PCC04U05:420132:420175 [0] NCCL INFO NET/Plugin: Could not find: libnccl-net.so. Using internal net plugin.
MOC-R4PCC04U05:420132:420175 [0] NCCL INFO NCCL_IB_HCA set to mlx5_5
MOC-R4PCC04U05:420134:420134 [2] NCCL INFO NCCL_SOCKET_IFNAME set to eno7np0
MOC-R4PCC04U05:420134:420134 [2] NCCL INFO NCCL version 2.26.2+cuda12.2
MOC-R4PCC04U05:420135:420135 [3] NCCL INFO NCCL_SOCKET_IFNAME set to eno7np0
MOC-R4PCC04U05:420135:420135 [3] NCCL INFO NCCL version 2.26.2+cuda12.2
MOC-R4PCC04U05:420132:420175 [0] NCCL INFO NET/IB : Made virtual device [0] name=mlx5_5 speed=400000 ndevs=1
MOC-R4PCC04U05:420132:420175 [0] NCCL INFO NET/IB : Using [0]mlx5_5:1/RoCE [RO]; OOB eno7np0:192.168.50.193<0>
MOC-R4PCC04U05:420133:420133 [1] NCCL INFO NCCL_SOCKET_IFNAME set to eno7np0
MOC-R4PCC04U05:420133:420133 [1] NCCL INFO NCCL version 2.26.2+cuda12.2
MOC-R4PCC04U05:420134:420176 [2] NCCL INFO NET/Plugin: Could not find: libnccl-net.so. Using internal net plugin.
MOC-R4PCC04U05:420135:420177 [3] NCCL INFO NET/Plugin: Could not find: libnccl-net.so. Using internal net plugin.
MOC-R4PCC04U05:420134:420176 [2] NCCL INFO NCCL_IB_HCA set to mlx5_5
MOC-R4PCC04U05:420135:420177 [3] NCCL INFO NCCL_IB_HCA set to mlx5_5
MOC-R4PCC04U05:420133:420179 [1] NCCL INFO NET/Plugin: Could not find: libnccl-net.so. Using internal net plugin.
MOC-R4PCC04U05:420134:420176 [2] NCCL INFO NET/IB : Made virtual device [0] name=mlx5_5 speed=400000 ndevs=1
MOC-R4PCC04U05:420134:420176 [2] NCCL INFO NET/IB : Using [0]mlx5_5:1/RoCE [RO]; OOB eno7np0:192.168.50.193<0>
MOC-R4PCC04U05:420135:420177 [3] NCCL INFO NET/IB : Made virtual device [0] name=mlx5_5 speed=400000 ndevs=1
MOC-R4PCC04U05:420135:420177 [3] NCCL INFO NET/IB : Using [0]mlx5_5:1/RoCE [RO]; OOB eno7np0:192.168.50.193<0>
MOC-R4PCC04U05:420133:420179 [1] NCCL INFO NCCL_IB_HCA set to mlx5_5
MOC-R4PCC04U05:420133:420179 [1] NCCL INFO NET/IB : Made virtual device [0] name=mlx5_5 speed=400000 ndevs=1
MOC-R4PCC04U05:420133:420179 [1] NCCL INFO NET/IB : Using [0]mlx5_5:1/RoCE [RO]; OOB eno7np0:192.168.50.193<0>
MOC-R4PCC04U05:420135:420177 [3] NCCL INFO NET/IB : GPU Direct RDMA Enabled for HCA 0 'mlx5_5'
MOC-R4PCC04U05:420135:420177 [3] NCCL INFO NET/IB : Made virtual device [1] name=mlx5_5 speed=400000 ndevs=1
MOC-R4PCC04U05:420135:420177 [3] NCCL INFO NET/IB : GPU Direct RDMA Enabled for HCA 0 'mlx5_5'
MOC-R4PCC04U05:420135:420177 [3] NCCL INFO NET/IB : GPU Direct RDMA Enabled for HCA 1 'mlx5_5'
MOC-R4PCC04U05:420132:420175 [0] NCCL INFO NET/IB : GPU Direct RDMA Enabled for HCA 0 'mlx5_5'
MOC-R4PCC04U05:420132:420175 [0] NCCL INFO NET/IB : Made virtual device [1] name=mlx5_5 speed=400000 ndevs=1
MOC-R4PCC04U05:420132:420175 [0] NCCL INFO NET/IB : GPU Direct RDMA Enabled for HCA 0 'mlx5_5'
MOC-R4PCC04U05:420132:420175 [0] NCCL INFO NET/IB : GPU Direct RDMA Enabled for HCA 1 'mlx5_5'
MOC-R4PCC04U05:420134:420176 [2] NCCL INFO NET/IB : GPU Direct RDMA Enabled for HCA 0 'mlx5_5'
MOC-R4PCC04U05:420134:420176 [2] NCCL INFO NET/IB : Made virtual device [1] name=mlx5_5 speed=400000 ndevs=1
MOC-R4PCC04U05:420134:420176 [2] NCCL INFO NET/IB : GPU Direct RDMA Enabled for HCA 0 'mlx5_5'
MOC-R4PCC04U05:420134:420176 [2] NCCL INFO NET/IB : GPU Direct RDMA Enabled for HCA 1 'mlx5_5'
MOC-R4PCC04U05:420133:420179 [1] NCCL INFO NET/IB : GPU Direct RDMA Enabled for HCA 0 'mlx5_5'
MOC-R4PCC04U05:420133:420179 [1] NCCL INFO NET/IB : Made virtual device [1] name=mlx5_5 speed=400000 ndevs=1
MOC-R4PCC04U05:420133:420179 [1] NCCL INFO NET/IB : GPU Direct RDMA Enabled for HCA 0 'mlx5_5'
MOC-R4PCC04U05:420133:420179 [1] NCCL INFO NET/IB : GPU Direct RDMA Enabled for HCA 1 'mlx5_5'
MOC-R4PCC04U05:420133:420179 [1] NCCL INFO NCCL_NET_GDR_LEVEL set by environment to LOC
MOC-R4PCC04U05:420133:420179 [1] NCCL INFO GPU Direct RDMA Disabled for GPU 0 / HCA 1 (distance 5 > 0)
MOC-R4PCC04U05:420133:420179 [1] NCCL INFO GPU Direct RDMA Disabled for GPU 1 / HCA 1 (distance 5 > 0)
MOC-R4PCC04U05:420133:420179 [1] NCCL INFO GPU Direct RDMA Disabled for GPU 2 / HCA 1 (distance 5 > 0)
MOC-R4PCC04U05:420133:420179 [1] NCCL INFO GPU Direct RDMA Disabled for GPU 0 / HCA 1 (distance 5 > 0)
MOC-R4PCC04U05:420133:420179 [1] NCCL INFO GPU Direct RDMA Disabled for GPU 1 / HCA 1 (distance 5 > 0)
MOC-R4PCC04U05:420133:420179 [1] NCCL INFO GPU Direct RDMA Disabled for GPU 2 / HCA 1 (distance 5 > 0)
MOC-R4PCC04U05:420132:420175 [0] NCCL INFO NCCL_NET_GDR_LEVEL set by environment to LOC
MOC-R4PCC04U05:420132:420175 [0] NCCL INFO GPU Direct RDMA Disabled for GPU 0 / HCA 1 (distance 5 > 0)
MOC-R4PCC04U05:420132:420175 [0] NCCL INFO GPU Direct RDMA Disabled for GPU 1 / HCA 1 (distance 5 > 0)
MOC-R4PCC04U05:420132:420175 [0] NCCL INFO GPU Direct RDMA Disabled for GPU 2 / HCA 1 (distance 5 > 0)
MOC-R4PCC04U05:420132:420175 [0] NCCL INFO GPU Direct RDMA Disabled for GPU 0 / HCA 1 (distance 5 > 0)
MOC-R4PCC04U05:420132:420175 [0] NCCL INFO GPU Direct RDMA Disabled for GPU 1 / HCA 1 (distance 5 > 0)
MOC-R4PCC04U05:420132:420175 [0] NCCL INFO GPU Direct RDMA Disabled for GPU 2 / HCA 1 (distance 5 > 0)
MOC-R4PCC04U05:420134:420176 [2] NCCL INFO NCCL_NET_GDR_LEVEL set by environment to LOC
MOC-R4PCC04U05:420134:420176 [2] NCCL INFO GPU Direct RDMA Disabled for GPU 0 / HCA 1 (distance 5 > 0)
MOC-R4PCC04U05:420134:420176 [2] NCCL INFO GPU Direct RDMA Disabled for GPU 1 / HCA 1 (distance 5 > 0)
MOC-R4PCC04U05:420134:420176 [2] NCCL INFO GPU Direct RDMA Disabled for GPU 2 / HCA 1 (distance 5 > 0)
MOC-R4PCC04U05:420134:420176 [2] NCCL INFO GPU Direct RDMA Disabled for GPU 0 / HCA 1 (distance 5 > 0)
MOC-R4PCC04U05:420134:420176 [2] NCCL INFO GPU Direct RDMA Disabled for GPU 1 / HCA 1 (distance 5 > 0)
MOC-R4PCC04U05:420134:420176 [2] NCCL INFO GPU Direct RDMA Disabled for GPU 2 / HCA 1 (distance 5 > 0)
MOC-R4PCC04U05:420135:420177 [3] NCCL INFO NCCL_NET_GDR_LEVEL set by environment to LOC
MOC-R4PCC04U05:420135:420177 [3] NCCL INFO GPU Direct RDMA Disabled for GPU 0 / HCA 1 (distance 5 > 0)
MOC-R4PCC04U05:420135:420177 [3] NCCL INFO GPU Direct RDMA Disabled for GPU 1 / HCA 1 (distance 5 > 0)
MOC-R4PCC04U05:420135:420177 [3] NCCL INFO GPU Direct RDMA Disabled for GPU 2 / HCA 1 (distance 5 > 0)
MOC-R4PCC04U05:420135:420177 [3] NCCL INFO GPU Direct RDMA Disabled for GPU 0 / HCA 1 (distance 5 > 0)
MOC-R4PCC04U05:420135:420177 [3] NCCL INFO GPU Direct RDMA Disabled for GPU 1 / HCA 1 (distance 5 > 0)
MOC-R4PCC04U05:420135:420177 [3] NCCL INFO GPU Direct RDMA Disabled for GPU 2 / HCA 1 (distance 5 > 0)
MOC-R4PCC04U05:420134:420191 [2] NCCL INFO New proxy recv connection 0 from local rank 2, transport 0
MOC-R4PCC04U05:420134:420199 [2] NCCL INFO Connected to proxy localRank 2 -> connection 0x7f12d4004f30
MOC-R4PCC04U05:420134:420191 [2] NCCL INFO New proxy recv connection 1 from local rank 2, transport 0
MOC-R4PCC04U05:420134:420199 [2] NCCL INFO Connected to proxy localRank 2 -> connection 0x7f12d4004fa8
MOC-R4PCC04U05:420135:420192 [3] NCCL INFO New proxy recv connection 0 from local rank 3, transport 0
MOC-R4PCC04U05:420135:420200 [3] NCCL INFO Connected to proxy localRank 3 -> connection 0x7f23cc004f30
MOC-R4PCC04U05:420133:420190 [1] NCCL INFO New proxy recv connection 0 from local rank 1, transport 0
MOC-R4PCC04U05:420133:420201 [1] NCCL INFO Connected to proxy localRank 1 -> connection 0x7f6af0004f30
MOC-R4PCC04U05:420133:420190 [1] NCCL INFO New proxy recv connection 1 from local rank 1, transport 0
MOC-R4PCC04U05:420133:420201 [1] NCCL INFO Connected to proxy localRank 1 -> connection 0x7f6af0004fa8
MOC-R4PCC04U05:420135:420192 [3] NCCL INFO New proxy recv connection 1 from local rank 3, transport 0
MOC-R4PCC04U05:420135:420200 [3] NCCL INFO Connected to proxy localRank 3 -> connection 0x7f23cc004fa8
MOC-R4PCC04U05:420135:420200 [3] NCCL INFO GPU Direct RDMA Disabled for GPU 3 / HCA 1 (distance 7 > 0)
MOC-R4PCC04U05:420132:420194 [0] NCCL INFO New proxy send connection 0 from local rank 0, transport 0
MOC-R4PCC04U05:420132:420202 [0] NCCL INFO Connected to proxy localRank 0 -> connection 0x7f32c8004f30
MOC-R4PCC04U05:420132:420194 [0] NCCL INFO New proxy send connection 1 from local rank 0, transport 0
MOC-R4PCC04U05:420132:420202 [0] NCCL INFO Connected to proxy localRank 0 -> connection 0x7f32c8004fa8
MOC-R4PCC04U05:420132:420194 [0] NCCL INFO New proxy send connection 2 from local rank 0, transport 0
MOC-R4PCC04U05:420132:420202 [0] NCCL INFO Connected to proxy localRank 0 -> connection 0x7f32c8005020
MOC-R4PCC04U05:420134:420199 [2] NCCL INFO GPU Direct RDMA Disabled for GPU 2 / HCA 1 (distance 7 > 0)
MOC-R4PCC04U05:420132:420194 [0] NCCL INFO New proxy send connection 3 from local rank 0, transport 0
MOC-R4PCC04U05:420132:420202 [0] NCCL INFO Connected to proxy localRank 0 -> connection 0x7f32c8005098
MOC-R4PCC04U05:420135:420192 [3] NCCL INFO New proxy send connection 2 from local rank 3, transport 2
MOC-R4PCC04U05:420135:420200 [3] NCCL INFO Connected to proxy localRank 3 -> connection 0x7f23cc005020
MOC-R4PCC04U05:420135:420200 [3] NCCL INFO Channel 00/0 : 3[3] -> 6[2] [send] via NET/IB/1
MOC-R4PCC04U05:420135:420200 [3] NCCL INFO GPU Direct RDMA Disabled for GPU 3 / HCA 1 (distance 7 > 0)
MOC-R4PCC04U05:420135:420192 [3] NCCL INFO New proxy send connection 3 from local rank 3, transport 2
MOC-R4PCC04U05:420135:420200 [3] NCCL INFO Connected to proxy localRank 3 -> connection 0x7f23cc005098
MOC-R4PCC04U05:420135:420200 [3] NCCL INFO Channel 02/0 : 3[3] -> 6[2] [send] via NET/IB/1
MOC-R4PCC04U05:420132:420194 [0] NCCL INFO New proxy recv connection 4 from local rank 0, transport 0
MOC-R4PCC04U05:420132:420202 [0] NCCL INFO Connected to proxy localRank 0 -> connection 0x7f32c8005110
MOC-R4PCC04U05:420132:420194 [0] NCCL INFO New proxy recv connection 5 from local rank 0, transport 0
MOC-R4PCC04U05:420132:420202 [0] NCCL INFO Connected to proxy localRank 0 -> connection 0x7f32c8005188
MOC-R4PCC04U05:420132:420194 [0] NCCL INFO New proxy recv connection 6 from local rank 0, transport 0
MOC-R4PCC04U05:420132:420202 [0] NCCL INFO Connected to proxy localRank 0 -> connection 0x7f32c8005200
MOC-R4PCC04U05:420132:420194 [0] NCCL INFO New proxy recv connection 7 from local rank 0, transport 0
MOC-R4PCC04U05:420132:420202 [0] NCCL INFO Connected to proxy localRank 0 -> connection 0x7f32c8005278
MOC-R4PCC04U05:420134:420191 [2] NCCL INFO New proxy recv connection 2 from local rank 2, transport 2
MOC-R4PCC04U05:420134:420199 [2] NCCL INFO Connected to proxy localRank 2 -> connection 0x7f12d4005020
MOC-R4PCC04U05:420134:420199 [2] NCCL INFO Channel 00/0 : 7[3] -> 2[2] [receive] via NET/IB/1
MOC-R4PCC04U05:420134:420199 [2] NCCL INFO GPU Direct RDMA Disabled for GPU 2 / HCA 1 (distance 7 > 0)
MOC-R4PCC04U05:420134:420191 [2] NCCL INFO New proxy recv connection 3 from local rank 2, transport 2
MOC-R4PCC04U05:420134:420199 [2] NCCL INFO Connected to proxy localRank 2 -> connection 0x7f12d4005098
MOC-R4PCC04U05:420134:420199 [2] NCCL INFO Channel 02/0 : 7[3] -> 2[2] [receive] via NET/IB/1
MOC-R4PCC04U05:420134:420199 [2] NCCL INFO GPU Direct RDMA Disabled for GPU 2 / HCA 1 (distance 7 > 0)
MOC-R4PCC04U05:420134:420191 [2] NCCL INFO New proxy send connection 4 from local rank 2, transport 2
MOC-R4PCC04U05:420134:420199 [2] NCCL INFO Connected to proxy localRank 2 -> connection 0x7f12d4005110
MOC-R4PCC04U05:420134:420199 [2] NCCL INFO Channel 01/0 : 2[2] -> 7[3] [send] via NET/IB/1
MOC-R4PCC04U05:420134:420199 [2] NCCL INFO GPU Direct RDMA Disabled for GPU 2 / HCA 1 (distance 7 > 0)
MOC-R4PCC04U05:420134:420191 [2] NCCL INFO New proxy send connection 5 from local rank 2, transport 2
MOC-R4PCC04U05:420134:420199 [2] NCCL INFO Connected to proxy localRank 2 -> connection 0x7f12d4005188
MOC-R4PCC04U05:420134:420199 [2] NCCL INFO Channel 03/0 : 2[2] -> 7[3] [send] via NET/IB/1
MOC-R4PCC04U05:420134:420191 [2] NCCL INFO New proxy send connection 6 from local rank 2, transport 0
MOC-R4PCC04U05:420134:420199 [2] NCCL INFO Connected to proxy localRank 2 -> connection 0x7f12d4005200
MOC-R4PCC04U05:420135:420200 [3] NCCL INFO GPU Direct RDMA Disabled for GPU 3 / HCA 1 (distance 7 > 0)
MOC-R4PCC04U05:420135:420192 [3] NCCL INFO New proxy recv connection 4 from local rank 3, transport 2
MOC-R4PCC04U05:420135:420200 [3] NCCL INFO Connected to proxy localRank 3 -> connection 0x7f23cc005110
MOC-R4PCC04U05:420135:420200 [3] NCCL INFO Channel 01/0 : 6[2] -> 3[3] [receive] via NET/IB/1
MOC-R4PCC04U05:420135:420200 [3] NCCL INFO GPU Direct RDMA Disabled for GPU 3 / HCA 1 (distance 7 > 0)
MOC-R4PCC04U05:420135:420192 [3] NCCL INFO New proxy recv connection 5 from local rank 3, transport 2
MOC-R4PCC04U05:420135:420200 [3] NCCL INFO Connected to proxy localRank 3 -> connection 0x7f23cc005188
MOC-R4PCC04U05:420135:420200 [3] NCCL INFO Channel 03/0 : 6[2] -> 3[3] [receive] via NET/IB/1
MOC-R4PCC04U05:420135:420192 [3] NCCL INFO New proxy send connection 6 from local rank 3, transport 0
MOC-R4PCC04U05:420135:420200 [3] NCCL INFO Connected to proxy localRank 3 -> connection 0x7f23cc005200
MOC-R4PCC04U05:420135:420192 [3] NCCL INFO New proxy send connection 7 from local rank 3, transport 0
MOC-R4PCC04U05:420134:420191 [2] NCCL INFO New proxy send connection 7 from local rank 2, transport 0
MOC-R4PCC04U05:420135:420200 [3] NCCL INFO Connected to proxy localRank 3 -> connection 0x7f23cc005278
MOC-R4PCC04U05:420134:420199 [2] NCCL INFO Connected to proxy localRank 2 -> connection 0x7f12d4005278
MOC-R4PCC04U05:420133:420190 [1] NCCL INFO New proxy recv connection 2 from local rank 1, transport 0
MOC-R4PCC04U05:420133:420201 [1] NCCL INFO Connected to proxy localRank 1 -> connection 0x7f6af0005020
MOC-R4PCC04U05:420132:420194 [0] NCCL INFO New proxy send connection 8 from local rank 3, transport 0
MOC-R4PCC04U05:420135:420200 [3] NCCL INFO Connected to proxy localRank 0 -> connection 0x7f32c80052f0
MOC-R4PCC04U05:420133:420190 [1] NCCL INFO New proxy recv connection 3 from local rank 1, transport 0
MOC-R4PCC04U05:420133:420201 [1] NCCL INFO Connected to proxy localRank 1 -> connection 0x7f6af0005098
MOC-R4PCC04U05:420133:420190 [1] NCCL INFO New proxy send connection 4 from local rank 1, transport 0
MOC-R4PCC04U05:420133:420201 [1] NCCL INFO Connected to proxy localRank 1 -> connection 0x7f6af0005110
MOC-R4PCC04U05:420133:420190 [1] NCCL INFO New proxy send connection 5 from local rank 1, transport 0
MOC-R4PCC04U05:420133:420201 [1] NCCL INFO Connected to proxy localRank 1 -> connection 0x7f6af0005188
MOC-R4PCC04U05:420133:420190 [1] NCCL INFO New proxy send connection 6 from local rank 1, transport 0
MOC-R4PCC04U05:420133:420201 [1] NCCL INFO Connected to proxy localRank 1 -> connection 0x7f6af0005200
MOC-R4PCC04U05:420133:420190 [1] NCCL INFO New proxy send connection 7 from local rank 1, transport 0
MOC-R4PCC04U05:420133:420201 [1] NCCL INFO Connected to proxy localRank 1 -> connection 0x7f6af0005278
MOC-R4PCC04U05:420133:420190 [1] NCCL INFO New proxy send connection 8 from local rank 3, transport 0
MOC-R4PCC04U05:420135:420200 [3] NCCL INFO Connected to proxy localRank 1 -> connection 0x7f6af00052f0
MOC-R4PCC04U05:420132:420194 [0] NCCL INFO New proxy send connection 9 from local rank 2, transport 0
MOC-R4PCC04U05:420135:420192 [3] NCCL INFO New proxy send connection 8 from local rank 1, transport 0
MOC-R4PCC04U05:420133:420201 [1] NCCL INFO Connected to proxy localRank 3 -> connection 0x7f23cc0052f0
MOC-R4PCC04U05:420134:420199 [2] NCCL INFO Connected to proxy localRank 0 -> connection 0x7f32c8005368
MOC-R4PCC04U05:420134:420191 [2] NCCL INFO New proxy send connection 8 from local rank 0, transport 0
MOC-R4PCC04U05:420132:420202 [0] NCCL INFO Connected to proxy localRank 2 -> connection 0x7f12d40052f0
MOC-R4PCC04U05:420135:420192 [3] NCCL INFO NET/IB: NCCL Dev 1 IbDev 0 Port 1 qpn 6158 mtu 3 query_ece={supported=1, vendor_id=0x15b3, options=0x30000002, comp_mask=0x0} GID 3 (0/C132A8C0FFFF0000) fifoRkey=0x17a767 fifoLkey=0x17a767
MOC-R4PCC04U05:420135:420192 [3] NCCL INFO NET/IB: NCCL Dev 1 IbDev 0 Port 1 qpn 6159 mtu 3 query_ece={supported=1, vendor_id=0x15b3, options=0x30000002, comp_mask=0x0} GID 3 (0/C132A8C0FFFF0000) fifoRkey=0x179c5b fifoLkey=0x179c5b
MOC-R4PCC04U05:420135:420192 [3] NCCL INFO NET/IB: IbDev 0 Port 1 qpn 6398 set_ece={supported=1, vendor_id=0x15b3, options=0x0, comp_mask=0x0}
MOC-R4PCC04U05:420135:420192 [3] NCCL INFO NET/IB: IbDev 0 Port 1 qpn 6400 set_ece={supported=1, vendor_id=0x15b3, options=0x0, comp_mask=0x0}
MOC-R4PCC04U05:420133:420190 [1] NCCL INFO New proxy send connection 9 from local rank 2, transport 0
MOC-R4PCC04U05:420134:420199 [2] NCCL INFO Connected to proxy localRank 1 -> connection 0x7f6af0005368
MOC-R4PCC04U05:420135:420192 [3] NCCL INFO New proxy send connection 9 from local rank 0, transport 0
MOC-R4PCC04U05:420132:420202 [0] NCCL INFO Connected to proxy localRank 3 -> connection 0x7f23cc005368
MOC-R4PCC04U05:420132:420194 [0] NCCL INFO New proxy send connection 10 from local rank 1, transport 0
MOC-R4PCC04U05:420133:420201 [1] NCCL INFO Connected to proxy localRank 0 -> connection 0x7f32c80053e0
MOC-R4PCC04U05:420134:420191 [2] NCCL INFO NET/IB: NCCL Dev 1 IbDev 0 Port 1 qpn 6168 mtu 3 query_ece={supported=1, vendor_id=0x15b3, options=0x30000002, comp_mask=0x0} GID 3 (0/C132A8C0FFFF0000) fifoRkey=0x17d796 fifoLkey=0x17d796
MOC-R4PCC04U05:420134:420191 [2] NCCL INFO NET/IB: NCCL Dev 1 IbDev 0 Port 1 qpn 6169 mtu 3 query_ece={supported=1, vendor_id=0x15b3, options=0x30000002, comp_mask=0x0} GID 3 (0/C132A8C0FFFF0000) fifoRkey=0x1716d5 fifoLkey=0x1716d5
MOC-R4PCC04U05:420134:420191 [2] NCCL INFO NET/IB: IbDev 0 Port 1 qpn 6406 set_ece={supported=1, vendor_id=0x15b3, options=0x0, comp_mask=0x0}
MOC-R4PCC04U05:420133:420190 [1] NCCL INFO New proxy send connection 10 from local rank 0, transport 0
MOC-R4PCC04U05:420132:420202 [0] NCCL INFO Connected to proxy localRank 1 -> connection 0x7f6af00053e0
MOC-R4PCC04U05:420134:420191 [2] NCCL INFO NET/IB: IbDev 0 Port 1 qpn 6408 set_ece={supported=1, vendor_id=0x15b3, options=0x0, comp_mask=0x0}
MOC-R4PCC04U05:420134:420191 [2] NCCL INFO New proxy send connection 9 from local rank 1, transport 0
MOC-R4PCC04U05:420133:420201 [1] NCCL INFO Connected to proxy localRank 2 -> connection 0x7f12d4005368
num decayed parameter tensors: 50, with 124,318,464 parameters
num non-decayed parameter tensors: 98, with 121,344 parameters
using fused AdamW: False
using regular AdamW
MOC-R4PCC04U05:420134:420191 [2] NCCL INFO New proxy recv connection 10 from local rank 2, transport 0
MOC-R4PCC04U05:420134:420893 [2] NCCL INFO Connected to proxy localRank 2 -> connection 0x7f12d40053e0
MOC-R4PCC04U05:420134:420191 [2] NCCL INFO New proxy recv connection 11 from local rank 2, transport 0
MOC-R4PCC04U05:420134:420893 [2] NCCL INFO Connected to proxy localRank 2 -> connection 0x7f12d4005458
MOC-R4PCC04U05:420134:420191 [2] NCCL INFO New proxy recv connection 12 from local rank 2, transport 0
MOC-R4PCC04U05:420134:420893 [2] NCCL INFO Connected to proxy localRank 2 -> connection 0x7f12d40054d0
MOC-R4PCC04U05:420134:420191 [2] NCCL INFO New proxy recv connection 13 from local rank 2, transport 0
MOC-R4PCC04U05:420134:420893 [2] NCCL INFO Connected to proxy localRank 2 -> connection 0x7f12d4005548
MOC-R4PCC04U05:420133:420190 [1] NCCL INFO New proxy recv connection 11 from local rank 1, transport 0
MOC-R4PCC04U05:420133:420894 [1] NCCL INFO Connected to proxy localRank 1 -> connection 0x7f6af0005458
MOC-R4PCC04U05:420133:420190 [1] NCCL INFO New proxy recv connection 12 from local rank 1, transport 0
MOC-R4PCC04U05:420133:420894 [1] NCCL INFO Connected to proxy localRank 1 -> connection 0x7f6af00054d0
MOC-R4PCC04U05:420133:420190 [1] NCCL INFO New proxy recv connection 13 from local rank 1, transport 0
MOC-R4PCC04U05:420133:420894 [1] NCCL INFO Connected to proxy localRank 1 -> connection 0x7f6af0005548
MOC-R4PCC04U05:420133:420190 [1] NCCL INFO New proxy recv connection 14 from local rank 1, transport 0
MOC-R4PCC04U05:420133:420894 [1] NCCL INFO Connected to proxy localRank 1 -> connection 0x7f6af00055c0
MOC-R4PCC04U05:420133:420190 [1] NCCL INFO New proxy send connection 15 from local rank 1, transport 0
MOC-R4PCC04U05:420133:420894 [1] NCCL INFO Connected to proxy localRank 1 -> connection 0x7f6af0005638
MOC-R4PCC04U05:420133:420190 [1] NCCL INFO New proxy send connection 16 from local rank 1, transport 0
MOC-R4PCC04U05:420133:420894 [1] NCCL INFO Connected to proxy localRank 1 -> connection 0x7f6af00056b0
MOC-R4PCC04U05:420133:420190 [1] NCCL INFO New proxy send connection 17 from local rank 1, transport 0
MOC-R4PCC04U05:420133:420894 [1] NCCL INFO Connected to proxy localRank 1 -> connection 0x7f6af0005728
MOC-R4PCC04U05:420133:420190 [1] NCCL INFO New proxy send connection 18 from local rank 1, transport 0
MOC-R4PCC04U05:420133:420894 [1] NCCL INFO Connected to proxy localRank 1 -> connection 0x7f6af00057a0
MOC-R4PCC04U05:420135:420192 [3] NCCL INFO New proxy recv connection 10 from local rank 3, transport 0
MOC-R4PCC04U05:420135:420895 [3] NCCL INFO Connected to proxy localRank 3 -> connection 0x7f23cc0053e0
MOC-R4PCC04U05:420134:420191 [2] NCCL INFO New proxy send connection 14 from local rank 2, transport 0
MOC-R4PCC04U05:420134:420893 [2] NCCL INFO Connected to proxy localRank 2 -> connection 0x7f12d40055c0
MOC-R4PCC04U05:420135:420192 [3] NCCL INFO New proxy recv connection 11 from local rank 3, transport 0
MOC-R4PCC04U05:420135:420895 [3] NCCL INFO Connected to proxy localRank 3 -> connection 0x7f23cc005458
MOC-R4PCC04U05:420132:420194 [0] NCCL INFO New proxy send connection 11 from local rank 0, transport 0
MOC-R4PCC04U05:420132:420896 [0] NCCL INFO Connected to proxy localRank 0 -> connection 0x7f32c8005458
MOC-R4PCC04U05:420134:420191 [2] NCCL INFO New proxy send connection 15 from local rank 2, transport 0
MOC-R4PCC04U05:420134:420893 [2] NCCL INFO Connected to proxy localRank 2 -> connection 0x7f12d4005638
MOC-R4PCC04U05:420132:420194 [0] NCCL INFO New proxy send connection 12 from local rank 0, transport 0
MOC-R4PCC04U05:420132:420896 [0] NCCL INFO Connected to proxy localRank 0 -> connection 0x7f32c80054d0
MOC-R4PCC04U05:420132:420194 [0] NCCL INFO New proxy send connection 13 from local rank 0, transport 0
MOC-R4PCC04U05:420132:420896 [0] NCCL INFO Connected to proxy localRank 0 -> connection 0x7f32c8005548
MOC-R4PCC04U05:420132:420194 [0] NCCL INFO New proxy send connection 14 from local rank 0, transport 0
MOC-R4PCC04U05:420132:420896 [0] NCCL INFO Connected to proxy localRank 0 -> connection 0x7f32c80055c0
MOC-R4PCC04U05:420133:420190 [1] NCCL INFO New proxy recv connection 19 from local rank 1, transport 0
MOC-R4PCC04U05:420133:420894 [1] NCCL INFO Connected to proxy localRank 1 -> connection 0x7f6af0005818
MOC-R4PCC04U05:420132:420194 [0] NCCL INFO New proxy send connection 15 from local rank 0, transport 0
MOC-R4PCC04U05:420132:420896 [0] NCCL INFO Connected to proxy localRank 0 -> connection 0x7f32c8005638
MOC-R4PCC04U05:420133:420190 [1] NCCL INFO New proxy recv connection 20 from local rank 1, transport 0
MOC-R4PCC04U05:420132:420194 [0] NCCL INFO New proxy send connection 16 from local rank 0, transport 0
MOC-R4PCC04U05:420133:420894 [1] NCCL INFO Connected to proxy localRank 1 -> connection 0x7f6af0005890
MOC-R4PCC04U05:420132:420896 [0] NCCL INFO Connected to proxy localRank 0 -> connection 0x7f32c80056b0
MOC-R4PCC04U05:420135:420895 [3] NCCL INFO GPU Direct RDMA Disabled for GPU 3 / HCA 1 (distance 7 > 0)
MOC-R4PCC04U05:420132:420194 [0] NCCL INFO New proxy recv connection 17 from local rank 0, transport 0
MOC-R4PCC04U05:420132:420896 [0] NCCL INFO Connected to proxy localRank 0 -> connection 0x7f32c8005728
MOC-R4PCC04U05:420135:420192 [3] NCCL INFO New proxy recv connection 12 from local rank 3, transport 2
MOC-R4PCC04U05:420135:420895 [3] NCCL INFO Connected to proxy localRank 3 -> connection 0x7f23cc0054d0
MOC-R4PCC04U05:420135:420895 [3] NCCL INFO Channel 00/0 : 7[3] -> 3[3] [receive] via NET/IB/1
MOC-R4PCC04U05:420135:420895 [3] NCCL INFO GPU Direct RDMA Disabled for GPU 3 / HCA 1 (distance 7 > 0)
MOC-R4PCC04U05:420135:420192 [3] NCCL INFO New proxy recv connection 13 from local rank 3, transport 2
MOC-R4PCC04U05:420135:420895 [3] NCCL INFO Connected to proxy localRank 3 -> connection 0x7f23cc005548
MOC-R4PCC04U05:420135:420895 [3] NCCL INFO Channel 01/0 : 7[3] -> 3[3] [receive] via NET/IB/1
MOC-R4PCC04U05:420135:420895 [3] NCCL INFO GPU Direct RDMA Disabled for GPU 3 / HCA 1 (distance 7 > 0)
MOC-R4PCC04U05:420135:420192 [3] NCCL INFO New proxy recv connection 14 from local rank 3, transport 2
MOC-R4PCC04U05:420132:420194 [0] NCCL INFO New proxy recv connection 18 from local rank 0, transport 0
MOC-R4PCC04U05:420135:420895 [3] NCCL INFO Connected to proxy localRank 3 -> connection 0x7f23cc0055c0
MOC-R4PCC04U05:420132:420896 [0] NCCL INFO Connected to proxy localRank 0 -> connection 0x7f32c80057a0
MOC-R4PCC04U05:420135:420895 [3] NCCL INFO Channel 02/0 : 7[3] -> 3[3] [receive] via NET/IB/1
MOC-R4PCC04U05:420135:420895 [3] NCCL INFO GPU Direct RDMA Disabled for GPU 3 / HCA 1 (distance 7 > 0)
MOC-R4PCC04U05:420135:420192 [3] NCCL INFO New proxy recv connection 15 from local rank 3, transport 2
MOC-R4PCC04U05:420135:420895 [3] NCCL INFO Connected to proxy localRank 3 -> connection 0x7f23cc005638
MOC-R4PCC04U05:420135:420895 [3] NCCL INFO Channel 03/0 : 7[3] -> 3[3] [receive] via NET/IB/1
MOC-R4PCC04U05:420135:420895 [3] NCCL INFO GPU Direct RDMA Disabled for GPU 3 / HCA 1 (distance 7 > 0)
MOC-R4PCC04U05:420135:420192 [3] NCCL INFO New proxy send connection 16 from local rank 3, transport 2
MOC-R4PCC04U05:420135:420895 [3] NCCL INFO Connected to proxy localRank 3 -> connection 0x7f23cc0056b0
MOC-R4PCC04U05:420135:420895 [3] NCCL INFO Channel 00/0 : 3[3] -> 7[3] [send] via NET/IB/1
MOC-R4PCC04U05:420135:420895 [3] NCCL INFO GPU Direct RDMA Disabled for GPU 3 / HCA 1 (distance 7 > 0)
MOC-R4PCC04U05:420135:420192 [3] NCCL INFO New proxy send connection 17 from local rank 3, transport 2
MOC-R4PCC04U05:420135:420895 [3] NCCL INFO Connected to proxy localRank 3 -> connection 0x7f23cc005728
MOC-R4PCC04U05:420135:420895 [3] NCCL INFO Channel 01/0 : 3[3] -> 7[3] [send] via NET/IB/1
MOC-R4PCC04U05:420135:420895 [3] NCCL INFO GPU Direct RDMA Disabled for GPU 3 / HCA 1 (distance 7 > 0)
MOC-R4PCC04U05:420135:420192 [3] NCCL INFO New proxy send connection 18 from local rank 3, transport 2
MOC-R4PCC04U05:420135:420895 [3] NCCL INFO Connected to proxy localRank 3 -> connection 0x7f23cc0057a0
MOC-R4PCC04U05:420135:420895 [3] NCCL INFO Channel 02/0 : 3[3] -> 7[3] [send] via NET/IB/1
MOC-R4PCC04U05:420135:420895 [3] NCCL INFO GPU Direct RDMA Disabled for GPU 3 / HCA 1 (distance 7 > 0)
MOC-R4PCC04U05:420135:420192 [3] NCCL INFO New proxy send connection 19 from local rank 3, transport 2
MOC-R4PCC04U05:420135:420895 [3] NCCL INFO Connected to proxy localRank 3 -> connection 0x7f23cc005818
MOC-R4PCC04U05:420135:420895 [3] NCCL INFO Channel 03/0 : 3[3] -> 7[3] [send] via NET/IB/1
MOC-R4PCC04U05:420135:420192 [3] NCCL INFO New proxy send connection 20 from local rank 3, transport 0
MOC-R4PCC04U05:420135:420895 [3] NCCL INFO Connected to proxy localRank 3 -> connection 0x7f23cc005890
MOC-R4PCC04U05:420132:420194 [0] NCCL INFO New proxy recv connection 19 from local rank 0, transport 0
MOC-R4PCC04U05:420132:420896 [0] NCCL INFO Connected to proxy localRank 0 -> connection 0x7f32c8005818
MOC-R4PCC04U05:420135:420192 [3] NCCL INFO New proxy send connection 21 from local rank 3, transport 0
MOC-R4PCC04U05:420135:420895 [3] NCCL INFO Connected to proxy localRank 3 -> connection 0x7f23cc005908
MOC-R4PCC04U05:420132:420194 [0] NCCL INFO New proxy recv connection 20 from local rank 0, transport 0
MOC-R4PCC04U05:420132:420896 [0] NCCL INFO Connected to proxy localRank 0 -> connection 0x7f32c8005890
MOC-R4PCC04U05:420135:420192 [3] NCCL INFO New proxy send connection 22 from local rank 3, transport 0
MOC-R4PCC04U05:420135:420895 [3] NCCL INFO Connected to proxy localRank 3 -> connection 0x7f23cc005980
MOC-R4PCC04U05:420135:420192 [3] NCCL INFO New proxy send connection 23 from local rank 3, transport 0
MOC-R4PCC04U05:420135:420895 [3] NCCL INFO Connected to proxy localRank 3 -> connection 0x7f23cc0059f8
MOC-R4PCC04U05:420135:420192 [3] NCCL INFO NET/IB: NCCL Dev 1 IbDev 0 Port 1 qpn 6170 mtu 3 query_ece={supported=1, vendor_id=0x15b3, options=0x30000002, comp_mask=0x0} GID 3 (0/C132A8C0FFFF0000) fifoRkey=0x17904f fifoLkey=0x17904f
MOC-R4PCC04U05:420135:420192 [3] NCCL INFO NET/IB: IbDev 0 Port 1 qpn 6411 set_ece={supported=1, vendor_id=0x15b3, options=0x0, comp_mask=0x0}
MOC-R4PCC04U05:420135:420192 [3] NCCL INFO NET/IB: NCCL Dev 1 IbDev 0 Port 1 qpn 6173 mtu 3 query_ece={supported=1, vendor_id=0x15b3, options=0x30000002, comp_mask=0x0} GID 3 (0/C132A8C0FFFF0000) fifoRkey=0x170bca fifoLkey=0x170bca
MOC-R4PCC04U05:420135:420192 [3] NCCL INFO NET/IB: IbDev 0 Port 1 qpn 6413 set_ece={supported=1, vendor_id=0x15b3, options=0x0, comp_mask=0x0}
MOC-R4PCC04U05:420135:420192 [3] NCCL INFO NET/IB: NCCL Dev 1 IbDev 0 Port 1 qpn 6176 mtu 3 query_ece={supported=1, vendor_id=0x15b3, options=0x30000002, comp_mask=0x0} GID 3 (0/C132A8C0FFFF0000) fifoRkey=0x180ac9 fifoLkey=0x180ac9
MOC-R4PCC04U05:420135:420192 [3] NCCL INFO NET/IB: NCCL Dev 1 IbDev 0 Port 1 qpn 6179 mtu 3 query_ece={supported=1, vendor_id=0x15b3, options=0x30000002, comp_mask=0x0} GID 3 (0/C132A8C0FFFF0000) fifoRkey=0x17fdbc fifoLkey=0x17fdbc
MOC-R4PCC04U05:420135:420192 [3] NCCL INFO NET/IB: IbDev 0 Port 1 qpn 6418 set_ece={supported=1, vendor_id=0x15b3, options=0x0, comp_mask=0x0}
MOC-R4PCC04U05:420135:420192 [3] NCCL INFO NET/IB: IbDev 0 Port 1 qpn 6420 set_ece={supported=1, vendor_id=0x15b3, options=0x0, comp_mask=0x0}
step    1/10 | train loss 11.010591 | norm 15.5178 | lr 1.00e-04 | (13968.31 ms | 56301 tok/s)
step    2/10 | train loss 10.133062 | norm 5.7705 | lr 1.00e-04 | (258.95 ms | 3036967 tok/s)
step    3/10 | train loss 9.789813 | norm 2.6244 | lr 1.00e-04 | (321.20 ms | 2448392 tok/s)
step    4/10 | train loss 9.619390 | norm 2.1221 | lr 1.00e-04 | (272.93 ms | 2881456 tok/s)
step    5/10 | train loss 9.536028 | norm 2.1102 | lr 1.00e-04 | (256.08 ms | 3071067 tok/s)
step    6/10 | train loss 9.454277 | norm 2.0041 | lr 1.00e-04 | (256.72 ms | 3063389 tok/s)
step    7/10 | train loss 9.368487 | norm 1.9533 | lr 1.00e-04 | (258.77 ms | 3039122 tok/s)
step    8/10 | train loss 9.276951 | norm 1.9199 | lr 1.00e-04 | (313.79 ms | 2506270 tok/s)
step    9/10 | train loss 9.181938 | norm 1.8692 | lr 1.00e-04 | (258.16 ms | 3046273 tok/s)
step   10/10 | train loss 9.094180 | norm 1.7928 | lr 1.00e-04 | (267.15 ms | 2943822 tok/s)
final 9 iters avg: 273.750ms
peak memory consumption: 16601 MiB
