Running pytorch 2.7.0+cu126
using device: cuda:0
total desired batch size: 524288
=> calculated gradient accumulation steps: 2
using device: cuda:1
using device: cuda:3
using device: cuda:2
compiling the model...
DataLoader: total number of tokens: 1,661,249,667 across 103 files
MOC-R4PCC04U05:335193:335193 [0] NCCL INFO NCCL_SOCKET_IFNAME set to eno7np0
MOC-R4PCC04U05:335193:335193 [0] NCCL INFO NCCL version 2.26.2+cuda12.2
MOC-R4PCC04U05:335193:335235 [0] NCCL INFO NET/Plugin: Could not find: libnccl-net.so. Using internal net plugin.
MOC-R4PCC04U05:335193:335235 [0] NCCL INFO NCCL_IB_HCA set to mlx5_5
MOC-R4PCC04U05:335195:335195 [2] NCCL INFO NCCL_SOCKET_IFNAME set to eno7np0
MOC-R4PCC04U05:335195:335195 [2] NCCL INFO NCCL version 2.26.2+cuda12.2
MOC-R4PCC04U05:335196:335196 [3] NCCL INFO NCCL_SOCKET_IFNAME set to eno7np0
MOC-R4PCC04U05:335196:335196 [3] NCCL INFO NCCL version 2.26.2+cuda12.2
MOC-R4PCC04U05:335193:335235 [0] NCCL INFO NET/IB : Made virtual device [0] name=mlx5_5 speed=400000 ndevs=1
MOC-R4PCC04U05:335193:335235 [0] NCCL INFO NET/IB : Using [0]mlx5_5:1/RoCE [RO]; OOB eno7np0:192.168.50.193<0>
MOC-R4PCC04U05:335194:335194 [1] NCCL INFO NCCL_SOCKET_IFNAME set to eno7np0
MOC-R4PCC04U05:335194:335194 [1] NCCL INFO NCCL version 2.26.2+cuda12.2
MOC-R4PCC04U05:335196:335237 [3] NCCL INFO NET/Plugin: Could not find: libnccl-net.so. Using internal net plugin.
MOC-R4PCC04U05:335196:335237 [3] NCCL INFO NCCL_IB_HCA set to mlx5_5
MOC-R4PCC04U05:335195:335236 [2] NCCL INFO NET/Plugin: Could not find: libnccl-net.so. Using internal net plugin.
MOC-R4PCC04U05:335195:335236 [2] NCCL INFO NCCL_IB_HCA set to mlx5_5
MOC-R4PCC04U05:335196:335237 [3] NCCL INFO NET/IB : Made virtual device [0] name=mlx5_5 speed=400000 ndevs=1
MOC-R4PCC04U05:335196:335237 [3] NCCL INFO NET/IB : Using [0]mlx5_5:1/RoCE [RO]; OOB eno7np0:192.168.50.193<0>
MOC-R4PCC04U05:335195:335236 [2] NCCL INFO NET/IB : Made virtual device [0] name=mlx5_5 speed=400000 ndevs=1
MOC-R4PCC04U05:335195:335236 [2] NCCL INFO NET/IB : Using [0]mlx5_5:1/RoCE [RO]; OOB eno7np0:192.168.50.193<0>
MOC-R4PCC04U05:335194:335239 [1] NCCL INFO NET/Plugin: Could not find: libnccl-net.so. Using internal net plugin.
MOC-R4PCC04U05:335194:335239 [1] NCCL INFO NCCL_IB_HCA set to mlx5_5
MOC-R4PCC04U05:335194:335239 [1] NCCL INFO NET/IB : Made virtual device [0] name=mlx5_5 speed=400000 ndevs=1
MOC-R4PCC04U05:335194:335239 [1] NCCL INFO NET/IB : Using [0]mlx5_5:1/RoCE [RO]; OOB eno7np0:192.168.50.193<0>
MOC-R4PCC04U05:335195:335236 [2] NCCL INFO NET/IB : GPU Direct RDMA Enabled for HCA 0 'mlx5_5'
MOC-R4PCC04U05:335195:335236 [2] NCCL INFO NET/IB : Made virtual device [1] name=mlx5_5 speed=400000 ndevs=1
MOC-R4PCC04U05:335195:335236 [2] NCCL INFO NET/IB : GPU Direct RDMA Enabled for HCA 0 'mlx5_5'
MOC-R4PCC04U05:335195:335236 [2] NCCL INFO NET/IB : GPU Direct RDMA Enabled for HCA 1 'mlx5_5'
MOC-R4PCC04U05:335196:335237 [3] NCCL INFO NET/IB : GPU Direct RDMA Enabled for HCA 0 'mlx5_5'
MOC-R4PCC04U05:335196:335237 [3] NCCL INFO NET/IB : Made virtual device [1] name=mlx5_5 speed=400000 ndevs=1
MOC-R4PCC04U05:335196:335237 [3] NCCL INFO NET/IB : GPU Direct RDMA Enabled for HCA 0 'mlx5_5'
MOC-R4PCC04U05:335196:335237 [3] NCCL INFO NET/IB : GPU Direct RDMA Enabled for HCA 1 'mlx5_5'
MOC-R4PCC04U05:335193:335235 [0] NCCL INFO NET/IB : GPU Direct RDMA Enabled for HCA 0 'mlx5_5'
MOC-R4PCC04U05:335193:335235 [0] NCCL INFO NET/IB : Made virtual device [1] name=mlx5_5 speed=400000 ndevs=1
MOC-R4PCC04U05:335193:335235 [0] NCCL INFO NET/IB : GPU Direct RDMA Enabled for HCA 0 'mlx5_5'
MOC-R4PCC04U05:335193:335235 [0] NCCL INFO NET/IB : GPU Direct RDMA Enabled for HCA 1 'mlx5_5'
MOC-R4PCC04U05:335194:335239 [1] NCCL INFO NET/IB : GPU Direct RDMA Enabled for HCA 0 'mlx5_5'
MOC-R4PCC04U05:335194:335239 [1] NCCL INFO NET/IB : Made virtual device [1] name=mlx5_5 speed=400000 ndevs=1
MOC-R4PCC04U05:335194:335239 [1] NCCL INFO NET/IB : GPU Direct RDMA Enabled for HCA 0 'mlx5_5'
MOC-R4PCC04U05:335194:335239 [1] NCCL INFO NET/IB : GPU Direct RDMA Enabled for HCA 1 'mlx5_5'
MOC-R4PCC04U05:335194:335239 [1] NCCL INFO NCCL_NET_GDR_LEVEL set by environment to LOC
MOC-R4PCC04U05:335194:335239 [1] NCCL INFO GPU Direct RDMA Disabled for GPU 0 / HCA 1 (distance 5 > 0)
MOC-R4PCC04U05:335196:335237 [3] NCCL INFO NCCL_NET_GDR_LEVEL set by environment to LOC
MOC-R4PCC04U05:335194:335239 [1] NCCL INFO GPU Direct RDMA Disabled for GPU 1 / HCA 1 (distance 5 > 0)
MOC-R4PCC04U05:335196:335237 [3] NCCL INFO GPU Direct RDMA Disabled for GPU 0 / HCA 1 (distance 5 > 0)
MOC-R4PCC04U05:335194:335239 [1] NCCL INFO GPU Direct RDMA Disabled for GPU 2 / HCA 1 (distance 5 > 0)
MOC-R4PCC04U05:335196:335237 [3] NCCL INFO GPU Direct RDMA Disabled for GPU 1 / HCA 1 (distance 5 > 0)
MOC-R4PCC04U05:335196:335237 [3] NCCL INFO GPU Direct RDMA Disabled for GPU 2 / HCA 1 (distance 5 > 0)
MOC-R4PCC04U05:335194:335239 [1] NCCL INFO GPU Direct RDMA Disabled for GPU 0 / HCA 1 (distance 5 > 0)
MOC-R4PCC04U05:335194:335239 [1] NCCL INFO GPU Direct RDMA Disabled for GPU 1 / HCA 1 (distance 5 > 0)
MOC-R4PCC04U05:335196:335237 [3] NCCL INFO GPU Direct RDMA Disabled for GPU 0 / HCA 1 (distance 5 > 0)
MOC-R4PCC04U05:335194:335239 [1] NCCL INFO GPU Direct RDMA Disabled for GPU 2 / HCA 1 (distance 5 > 0)
MOC-R4PCC04U05:335196:335237 [3] NCCL INFO GPU Direct RDMA Disabled for GPU 1 / HCA 1 (distance 5 > 0)
MOC-R4PCC04U05:335196:335237 [3] NCCL INFO GPU Direct RDMA Disabled for GPU 2 / HCA 1 (distance 5 > 0)
MOC-R4PCC04U05:335195:335236 [2] NCCL INFO NCCL_NET_GDR_LEVEL set by environment to LOC
MOC-R4PCC04U05:335195:335236 [2] NCCL INFO GPU Direct RDMA Disabled for GPU 0 / HCA 1 (distance 5 > 0)
MOC-R4PCC04U05:335195:335236 [2] NCCL INFO GPU Direct RDMA Disabled for GPU 1 / HCA 1 (distance 5 > 0)
MOC-R4PCC04U05:335195:335236 [2] NCCL INFO GPU Direct RDMA Disabled for GPU 2 / HCA 1 (distance 5 > 0)
MOC-R4PCC04U05:335195:335236 [2] NCCL INFO GPU Direct RDMA Disabled for GPU 0 / HCA 1 (distance 5 > 0)
MOC-R4PCC04U05:335195:335236 [2] NCCL INFO GPU Direct RDMA Disabled for GPU 1 / HCA 1 (distance 5 > 0)
MOC-R4PCC04U05:335195:335236 [2] NCCL INFO GPU Direct RDMA Disabled for GPU 2 / HCA 1 (distance 5 > 0)
MOC-R4PCC04U05:335193:335235 [0] NCCL INFO NCCL_NET_GDR_LEVEL set by environment to LOC
MOC-R4PCC04U05:335193:335235 [0] NCCL INFO GPU Direct RDMA Disabled for GPU 0 / HCA 1 (distance 5 > 0)
MOC-R4PCC04U05:335193:335235 [0] NCCL INFO GPU Direct RDMA Disabled for GPU 1 / HCA 1 (distance 5 > 0)
MOC-R4PCC04U05:335193:335235 [0] NCCL INFO GPU Direct RDMA Disabled for GPU 2 / HCA 1 (distance 5 > 0)
MOC-R4PCC04U05:335193:335235 [0] NCCL INFO GPU Direct RDMA Disabled for GPU 0 / HCA 1 (distance 5 > 0)
MOC-R4PCC04U05:335193:335235 [0] NCCL INFO GPU Direct RDMA Disabled for GPU 1 / HCA 1 (distance 5 > 0)
MOC-R4PCC04U05:335193:335235 [0] NCCL INFO GPU Direct RDMA Disabled for GPU 2 / HCA 1 (distance 5 > 0)
MOC-R4PCC04U05:335193:335253 [0] NCCL INFO New proxy send connection 0 from local rank 0, transport 0
MOC-R4PCC04U05:335194:335255 [1] NCCL INFO New proxy recv connection 0 from local rank 1, transport 0
MOC-R4PCC04U05:335193:335260 [0] NCCL INFO Connected to proxy localRank 0 -> connection 0x7f0004004f30
MOC-R4PCC04U05:335194:335259 [1] NCCL INFO Connected to proxy localRank 1 -> connection 0x7f9b98004f30
MOC-R4PCC04U05:335195:335251 [2] NCCL INFO New proxy recv connection 0 from local rank 2, transport 0
MOC-R4PCC04U05:335195:335261 [2] NCCL INFO Connected to proxy localRank 2 -> connection 0x7f7520004f30
MOC-R4PCC04U05:335193:335253 [0] NCCL INFO New proxy send connection 1 from local rank 0, transport 0
MOC-R4PCC04U05:335193:335260 [0] NCCL INFO Connected to proxy localRank 0 -> connection 0x7f0004004fa8
MOC-R4PCC04U05:335194:335255 [1] NCCL INFO New proxy recv connection 1 from local rank 1, transport 0
MOC-R4PCC04U05:335194:335259 [1] NCCL INFO Connected to proxy localRank 1 -> connection 0x7f9b98004fa8
MOC-R4PCC04U05:335196:335252 [3] NCCL INFO New proxy recv connection 0 from local rank 3, transport 0
MOC-R4PCC04U05:335196:335262 [3] NCCL INFO Connected to proxy localRank 3 -> connection 0x7fb36c004f30
MOC-R4PCC04U05:335195:335251 [2] NCCL INFO New proxy recv connection 1 from local rank 2, transport 0
MOC-R4PCC04U05:335195:335261 [2] NCCL INFO Connected to proxy localRank 2 -> connection 0x7f7520004fa8
MOC-R4PCC04U05:335196:335252 [3] NCCL INFO New proxy recv connection 1 from local rank 3, transport 0
MOC-R4PCC04U05:335196:335262 [3] NCCL INFO Connected to proxy localRank 3 -> connection 0x7fb36c004fa8
MOC-R4PCC04U05:335195:335261 [2] NCCL INFO GPU Direct RDMA Disabled for GPU 2 / HCA 1 (distance 7 > 0)
MOC-R4PCC04U05:335193:335253 [0] NCCL INFO New proxy send connection 2 from local rank 0, transport 0
MOC-R4PCC04U05:335193:335260 [0] NCCL INFO Connected to proxy localRank 0 -> connection 0x7f0004005020
MOC-R4PCC04U05:335196:335262 [3] NCCL INFO GPU Direct RDMA Disabled for GPU 3 / HCA 1 (distance 7 > 0)
MOC-R4PCC04U05:335193:335253 [0] NCCL INFO New proxy send connection 3 from local rank 0, transport 0
MOC-R4PCC04U05:335193:335260 [0] NCCL INFO Connected to proxy localRank 0 -> connection 0x7f0004005098
MOC-R4PCC04U05:335195:335251 [2] NCCL INFO New proxy recv connection 2 from local rank 2, transport 2
MOC-R4PCC04U05:335195:335261 [2] NCCL INFO Connected to proxy localRank 2 -> connection 0x7f7520005020
MOC-R4PCC04U05:335195:335261 [2] NCCL INFO Channel 00/0 : 7[3] -> 2[2] [receive] via NET/IB/1
MOC-R4PCC04U05:335195:335261 [2] NCCL INFO GPU Direct RDMA Disabled for GPU 2 / HCA 1 (distance 7 > 0)
MOC-R4PCC04U05:335195:335251 [2] NCCL INFO New proxy recv connection 3 from local rank 2, transport 2
MOC-R4PCC04U05:335195:335261 [2] NCCL INFO Connected to proxy localRank 2 -> connection 0x7f7520005098
MOC-R4PCC04U05:335196:335252 [3] NCCL INFO New proxy send connection 2 from local rank 3, transport 2
MOC-R4PCC04U05:335195:335261 [2] NCCL INFO Channel 02/0 : 7[3] -> 2[2] [receive] via NET/IB/1
MOC-R4PCC04U05:335196:335262 [3] NCCL INFO Connected to proxy localRank 3 -> connection 0x7fb36c005020
MOC-R4PCC04U05:335196:335262 [3] NCCL INFO Channel 00/0 : 3[3] -> 6[2] [send] via NET/IB/1
MOC-R4PCC04U05:335196:335262 [3] NCCL INFO GPU Direct RDMA Disabled for GPU 3 / HCA 1 (distance 7 > 0)
MOC-R4PCC04U05:335196:335252 [3] NCCL INFO New proxy send connection 3 from local rank 3, transport 2
MOC-R4PCC04U05:335196:335262 [3] NCCL INFO Connected to proxy localRank 3 -> connection 0x7fb36c005098
MOC-R4PCC04U05:335196:335262 [3] NCCL INFO Channel 02/0 : 3[3] -> 6[2] [send] via NET/IB/1
MOC-R4PCC04U05:335195:335261 [2] NCCL INFO GPU Direct RDMA Disabled for GPU 2 / HCA 1 (distance 7 > 0)
MOC-R4PCC04U05:335195:335251 [2] NCCL INFO New proxy send connection 4 from local rank 2, transport 2
MOC-R4PCC04U05:335195:335261 [2] NCCL INFO Connected to proxy localRank 2 -> connection 0x7f7520005110
MOC-R4PCC04U05:335195:335261 [2] NCCL INFO Channel 01/0 : 2[2] -> 7[3] [send] via NET/IB/1
MOC-R4PCC04U05:335195:335261 [2] NCCL INFO GPU Direct RDMA Disabled for GPU 2 / HCA 1 (distance 7 > 0)
MOC-R4PCC04U05:335193:335253 [0] NCCL INFO New proxy recv connection 4 from local rank 0, transport 0
MOC-R4PCC04U05:335193:335260 [0] NCCL INFO Connected to proxy localRank 0 -> connection 0x7f0004005110
MOC-R4PCC04U05:335195:335251 [2] NCCL INFO New proxy send connection 5 from local rank 2, transport 2
MOC-R4PCC04U05:335195:335261 [2] NCCL INFO Connected to proxy localRank 2 -> connection 0x7f7520005188
MOC-R4PCC04U05:335195:335261 [2] NCCL INFO Channel 03/0 : 2[2] -> 7[3] [send] via NET/IB/1
MOC-R4PCC04U05:335196:335262 [3] NCCL INFO GPU Direct RDMA Disabled for GPU 3 / HCA 1 (distance 7 > 0)
MOC-R4PCC04U05:335196:335252 [3] NCCL INFO New proxy recv connection 4 from local rank 3, transport 2
MOC-R4PCC04U05:335196:335262 [3] NCCL INFO Connected to proxy localRank 3 -> connection 0x7fb36c005110
MOC-R4PCC04U05:335196:335262 [3] NCCL INFO Channel 01/0 : 6[2] -> 3[3] [receive] via NET/IB/1
MOC-R4PCC04U05:335196:335262 [3] NCCL INFO GPU Direct RDMA Disabled for GPU 3 / HCA 1 (distance 7 > 0)
MOC-R4PCC04U05:335195:335251 [2] NCCL INFO New proxy send connection 6 from local rank 2, transport 0
MOC-R4PCC04U05:335196:335252 [3] NCCL INFO New proxy recv connection 5 from local rank 3, transport 2
MOC-R4PCC04U05:335195:335261 [2] NCCL INFO Connected to proxy localRank 2 -> connection 0x7f7520005200
MOC-R4PCC04U05:335196:335262 [3] NCCL INFO Connected to proxy localRank 3 -> connection 0x7fb36c005188
MOC-R4PCC04U05:335196:335262 [3] NCCL INFO Channel 03/0 : 6[2] -> 3[3] [receive] via NET/IB/1
MOC-R4PCC04U05:335196:335252 [3] NCCL INFO New proxy send connection 6 from local rank 3, transport 0
MOC-R4PCC04U05:335196:335262 [3] NCCL INFO Connected to proxy localRank 3 -> connection 0x7fb36c005200
MOC-R4PCC04U05:335195:335251 [2] NCCL INFO New proxy send connection 7 from local rank 2, transport 0
MOC-R4PCC04U05:335195:335261 [2] NCCL INFO Connected to proxy localRank 2 -> connection 0x7f7520005278
MOC-R4PCC04U05:335193:335253 [0] NCCL INFO New proxy recv connection 5 from local rank 0, transport 0
MOC-R4PCC04U05:335193:335260 [0] NCCL INFO Connected to proxy localRank 0 -> connection 0x7f0004005188
MOC-R4PCC04U05:335196:335252 [3] NCCL INFO New proxy send connection 7 from local rank 3, transport 0
MOC-R4PCC04U05:335196:335262 [3] NCCL INFO Connected to proxy localRank 3 -> connection 0x7fb36c005278
MOC-R4PCC04U05:335193:335253 [0] NCCL INFO New proxy recv connection 6 from local rank 0, transport 0
MOC-R4PCC04U05:335193:335260 [0] NCCL INFO Connected to proxy localRank 0 -> connection 0x7f0004005200
MOC-R4PCC04U05:335194:335255 [1] NCCL INFO New proxy recv connection 2 from local rank 1, transport 0
MOC-R4PCC04U05:335194:335259 [1] NCCL INFO Connected to proxy localRank 1 -> connection 0x7f9b98005020
MOC-R4PCC04U05:335193:335253 [0] NCCL INFO New proxy recv connection 7 from local rank 0, transport 0
MOC-R4PCC04U05:335193:335260 [0] NCCL INFO Connected to proxy localRank 0 -> connection 0x7f0004005278
MOC-R4PCC04U05:335193:335253 [0] NCCL INFO New proxy send connection 8 from local rank 3, transport 0
MOC-R4PCC04U05:335196:335262 [3] NCCL INFO Connected to proxy localRank 0 -> connection 0x7f00040052f0
MOC-R4PCC04U05:335194:335255 [1] NCCL INFO New proxy recv connection 3 from local rank 1, transport 0
MOC-R4PCC04U05:335194:335259 [1] NCCL INFO Connected to proxy localRank 1 -> connection 0x7f9b98005098
MOC-R4PCC04U05:335194:335255 [1] NCCL INFO New proxy send connection 4 from local rank 1, transport 0
MOC-R4PCC04U05:335194:335259 [1] NCCL INFO Connected to proxy localRank 1 -> connection 0x7f9b98005110
MOC-R4PCC04U05:335194:335255 [1] NCCL INFO New proxy send connection 5 from local rank 1, transport 0
MOC-R4PCC04U05:335194:335259 [1] NCCL INFO Connected to proxy localRank 1 -> connection 0x7f9b98005188
MOC-R4PCC04U05:335194:335255 [1] NCCL INFO New proxy send connection 6 from local rank 1, transport 0
MOC-R4PCC04U05:335194:335259 [1] NCCL INFO Connected to proxy localRank 1 -> connection 0x7f9b98005200
MOC-R4PCC04U05:335194:335255 [1] NCCL INFO New proxy send connection 7 from local rank 1, transport 0
MOC-R4PCC04U05:335194:335259 [1] NCCL INFO Connected to proxy localRank 1 -> connection 0x7f9b98005278
MOC-R4PCC04U05:335196:335252 [3] NCCL INFO New proxy send connection 8 from local rank 1, transport 0
MOC-R4PCC04U05:335193:335253 [0] NCCL INFO New proxy send connection 9 from local rank 2, transport 0
MOC-R4PCC04U05:335194:335259 [1] NCCL INFO Connected to proxy localRank 3 -> connection 0x7fb36c0052f0
MOC-R4PCC04U05:335195:335251 [2] NCCL INFO New proxy send connection 8 from local rank 0, transport 0
MOC-R4PCC04U05:335195:335261 [2] NCCL INFO Connected to proxy localRank 0 -> connection 0x7f0004005368
MOC-R4PCC04U05:335193:335260 [0] NCCL INFO Connected to proxy localRank 2 -> connection 0x7f75200052f0
MOC-R4PCC04U05:335194:335255 [1] NCCL INFO New proxy send connection 8 from local rank 3, transport 0
MOC-R4PCC04U05:335196:335262 [3] NCCL INFO Connected to proxy localRank 1 -> connection 0x7f9b980052f0
MOC-R4PCC04U05:335194:335255 [1] NCCL INFO New proxy send connection 9 from local rank 2, transport 0
MOC-R4PCC04U05:335195:335261 [2] NCCL INFO Connected to proxy localRank 1 -> connection 0x7f9b98005368
MOC-R4PCC04U05:335196:335252 [3] NCCL INFO New proxy send connection 9 from local rank 0, transport 0
MOC-R4PCC04U05:335193:335260 [0] NCCL INFO Connected to proxy localRank 3 -> connection 0x7fb36c005368
MOC-R4PCC04U05:335193:335253 [0] NCCL INFO New proxy send connection 10 from local rank 1, transport 0
MOC-R4PCC04U05:335194:335259 [1] NCCL INFO Connected to proxy localRank 0 -> connection 0x7f00040053e0
MOC-R4PCC04U05:335196:335252 [3] NCCL INFO NET/IB: NCCL Dev 1 IbDev 0 Port 1 qpn 3538 mtu 3 query_ece={supported=1, vendor_id=0x15b3, options=0x30000002, comp_mask=0x0} GID 3 (0/C132A8C0FFFF0000) fifoRkey=0x17d796 fifoLkey=0x17d796
MOC-R4PCC04U05:335196:335252 [3] NCCL INFO NET/IB: NCCL Dev 1 IbDev 0 Port 1 qpn 3540 mtu 3 query_ece={supported=1, vendor_id=0x15b3, options=0x30000002, comp_mask=0x0} GID 3 (0/C132A8C0FFFF0000) fifoRkey=0x17601f fifoLkey=0x17601f
MOC-R4PCC04U05:335195:335251 [2] NCCL INFO NET/IB: NCCL Dev 1 IbDev 0 Port 1 qpn 3542 mtu 3 query_ece={supported=1, vendor_id=0x15b3, options=0x30000002, comp_mask=0x0} GID 3 (0/C132A8C0FFFF0000) fifoRkey=0x174705 fifoLkey=0x174705
MOC-R4PCC04U05:335196:335252 [3] NCCL INFO NET/IB: IbDev 0 Port 1 qpn 3778 set_ece={supported=1, vendor_id=0x15b3, options=0x0, comp_mask=0x0}
MOC-R4PCC04U05:335195:335251 [2] NCCL INFO NET/IB: NCCL Dev 1 IbDev 0 Port 1 qpn 3543 mtu 3 query_ece={supported=1, vendor_id=0x15b3, options=0x30000002, comp_mask=0x0} GID 3 (0/C132A8C0FFFF0000) fifoRkey=0x175412 fifoLkey=0x175412
MOC-R4PCC04U05:335196:335252 [3] NCCL INFO NET/IB: IbDev 0 Port 1 qpn 3780 set_ece={supported=1, vendor_id=0x15b3, options=0x0, comp_mask=0x0}
MOC-R4PCC04U05:335195:335251 [2] NCCL INFO NET/IB: IbDev 0 Port 1 qpn 3784 set_ece={supported=1, vendor_id=0x15b3, options=0x0, comp_mask=0x0}
MOC-R4PCC04U05:335195:335251 [2] NCCL INFO NET/IB: IbDev 0 Port 1 qpn 3786 set_ece={supported=1, vendor_id=0x15b3, options=0x0, comp_mask=0x0}
MOC-R4PCC04U05:335195:335251 [2] NCCL INFO New proxy send connection 9 from local rank 1, transport 0
MOC-R4PCC04U05:335194:335259 [1] NCCL INFO Connected to proxy localRank 2 -> connection 0x7f7520005368
MOC-R4PCC04U05:335194:335255 [1] NCCL INFO New proxy send connection 10 from local rank 0, transport 0
MOC-R4PCC04U05:335193:335260 [0] NCCL INFO Connected to proxy localRank 1 -> connection 0x7f9b980053e0
num decayed parameter tensors: 50, with 124,318,464 parameters
num non-decayed parameter tensors: 98, with 121,344 parameters
using fused AdamW: False
using regular AdamW
MOC-R4PCC04U05:335195:335251 [2] NCCL INFO New proxy recv connection 10 from local rank 2, transport 0
MOC-R4PCC04U05:335195:335953 [2] NCCL INFO Connected to proxy localRank 2 -> connection 0x7f75200053e0
MOC-R4PCC04U05:335195:335251 [2] NCCL INFO New proxy recv connection 11 from local rank 2, transport 0
MOC-R4PCC04U05:335195:335953 [2] NCCL INFO Connected to proxy localRank 2 -> connection 0x7f7520005458
MOC-R4PCC04U05:335195:335251 [2] NCCL INFO New proxy recv connection 12 from local rank 2, transport 0
MOC-R4PCC04U05:335195:335953 [2] NCCL INFO Connected to proxy localRank 2 -> connection 0x7f75200054d0
MOC-R4PCC04U05:335195:335251 [2] NCCL INFO New proxy recv connection 13 from local rank 2, transport 0
MOC-R4PCC04U05:335195:335953 [2] NCCL INFO Connected to proxy localRank 2 -> connection 0x7f7520005548
MOC-R4PCC04U05:335196:335252 [3] NCCL INFO New proxy recv connection 10 from local rank 3, transport 0
MOC-R4PCC04U05:335196:335954 [3] NCCL INFO Connected to proxy localRank 3 -> connection 0x7fb36c0053e0
MOC-R4PCC04U05:335196:335252 [3] NCCL INFO New proxy recv connection 11 from local rank 3, transport 0
MOC-R4PCC04U05:335196:335954 [3] NCCL INFO Connected to proxy localRank 3 -> connection 0x7fb36c005458
MOC-R4PCC04U05:335194:335255 [1] NCCL INFO New proxy recv connection 11 from local rank 1, transport 0
MOC-R4PCC04U05:335194:335955 [1] NCCL INFO Connected to proxy localRank 1 -> connection 0x7f9b98005458
MOC-R4PCC04U05:335194:335255 [1] NCCL INFO New proxy recv connection 12 from local rank 1, transport 0
MOC-R4PCC04U05:335194:335955 [1] NCCL INFO Connected to proxy localRank 1 -> connection 0x7f9b980054d0
MOC-R4PCC04U05:335194:335255 [1] NCCL INFO New proxy recv connection 13 from local rank 1, transport 0
MOC-R4PCC04U05:335194:335955 [1] NCCL INFO Connected to proxy localRank 1 -> connection 0x7f9b98005548
MOC-R4PCC04U05:335194:335255 [1] NCCL INFO New proxy recv connection 14 from local rank 1, transport 0
MOC-R4PCC04U05:335194:335955 [1] NCCL INFO Connected to proxy localRank 1 -> connection 0x7f9b980055c0
MOC-R4PCC04U05:335194:335255 [1] NCCL INFO New proxy send connection 15 from local rank 1, transport 0
MOC-R4PCC04U05:335194:335955 [1] NCCL INFO Connected to proxy localRank 1 -> connection 0x7f9b98005638
MOC-R4PCC04U05:335194:335255 [1] NCCL INFO New proxy send connection 16 from local rank 1, transport 0
MOC-R4PCC04U05:335194:335955 [1] NCCL INFO Connected to proxy localRank 1 -> connection 0x7f9b980056b0
MOC-R4PCC04U05:335194:335255 [1] NCCL INFO New proxy send connection 17 from local rank 1, transport 0
MOC-R4PCC04U05:335194:335955 [1] NCCL INFO Connected to proxy localRank 1 -> connection 0x7f9b98005728
MOC-R4PCC04U05:335194:335255 [1] NCCL INFO New proxy send connection 18 from local rank 1, transport 0
MOC-R4PCC04U05:335194:335955 [1] NCCL INFO Connected to proxy localRank 1 -> connection 0x7f9b980057a0
MOC-R4PCC04U05:335195:335251 [2] NCCL INFO New proxy send connection 14 from local rank 2, transport 0
MOC-R4PCC04U05:335195:335953 [2] NCCL INFO Connected to proxy localRank 2 -> connection 0x7f75200055c0
MOC-R4PCC04U05:335195:335251 [2] NCCL INFO New proxy send connection 15 from local rank 2, transport 0
MOC-R4PCC04U05:335195:335953 [2] NCCL INFO Connected to proxy localRank 2 -> connection 0x7f7520005638
MOC-R4PCC04U05:335193:335253 [0] NCCL INFO New proxy send connection 11 from local rank 0, transport 0
MOC-R4PCC04U05:335193:335956 [0] NCCL INFO Connected to proxy localRank 0 -> connection 0x7f0004005458
MOC-R4PCC04U05:335193:335253 [0] NCCL INFO New proxy send connection 12 from local rank 0, transport 0
MOC-R4PCC04U05:335193:335956 [0] NCCL INFO Connected to proxy localRank 0 -> connection 0x7f00040054d0
MOC-R4PCC04U05:335193:335253 [0] NCCL INFO New proxy send connection 13 from local rank 0, transport 0
MOC-R4PCC04U05:335193:335956 [0] NCCL INFO Connected to proxy localRank 0 -> connection 0x7f0004005548
MOC-R4PCC04U05:335193:335253 [0] NCCL INFO New proxy send connection 14 from local rank 0, transport 0
MOC-R4PCC04U05:335193:335956 [0] NCCL INFO Connected to proxy localRank 0 -> connection 0x7f00040055c0
MOC-R4PCC04U05:335193:335253 [0] NCCL INFO New proxy send connection 15 from local rank 0, transport 0
MOC-R4PCC04U05:335193:335956 [0] NCCL INFO Connected to proxy localRank 0 -> connection 0x7f0004005638
MOC-R4PCC04U05:335193:335253 [0] NCCL INFO New proxy send connection 16 from local rank 0, transport 0
MOC-R4PCC04U05:335193:335956 [0] NCCL INFO Connected to proxy localRank 0 -> connection 0x7f00040056b0
MOC-R4PCC04U05:335193:335253 [0] NCCL INFO New proxy recv connection 17 from local rank 0, transport 0
MOC-R4PCC04U05:335193:335956 [0] NCCL INFO Connected to proxy localRank 0 -> connection 0x7f0004005728
MOC-R4PCC04U05:335194:335255 [1] NCCL INFO New proxy recv connection 19 from local rank 1, transport 0
MOC-R4PCC04U05:335196:335954 [3] NCCL INFO GPU Direct RDMA Disabled for GPU 3 / HCA 1 (distance 7 > 0)
MOC-R4PCC04U05:335194:335955 [1] NCCL INFO Connected to proxy localRank 1 -> connection 0x7f9b98005818
MOC-R4PCC04U05:335196:335252 [3] NCCL INFO New proxy recv connection 12 from local rank 3, transport 2
MOC-R4PCC04U05:335196:335954 [3] NCCL INFO Connected to proxy localRank 3 -> connection 0x7fb36c0054d0
MOC-R4PCC04U05:335193:335253 [0] NCCL INFO New proxy recv connection 18 from local rank 0, transport 0
MOC-R4PCC04U05:335193:335956 [0] NCCL INFO Connected to proxy localRank 0 -> connection 0x7f00040057a0
MOC-R4PCC04U05:335196:335954 [3] NCCL INFO Channel 00/0 : 7[3] -> 3[3] [receive] via NET/IB/1
MOC-R4PCC04U05:335196:335954 [3] NCCL INFO GPU Direct RDMA Disabled for GPU 3 / HCA 1 (distance 7 > 0)
MOC-R4PCC04U05:335196:335252 [3] NCCL INFO New proxy recv connection 13 from local rank 3, transport 2
MOC-R4PCC04U05:335196:335954 [3] NCCL INFO Connected to proxy localRank 3 -> connection 0x7fb36c005548
MOC-R4PCC04U05:335196:335954 [3] NCCL INFO Channel 01/0 : 7[3] -> 3[3] [receive] via NET/IB/1
MOC-R4PCC04U05:335194:335255 [1] NCCL INFO New proxy recv connection 20 from local rank 1, transport 0
MOC-R4PCC04U05:335196:335954 [3] NCCL INFO GPU Direct RDMA Disabled for GPU 3 / HCA 1 (distance 7 > 0)
MOC-R4PCC04U05:335194:335955 [1] NCCL INFO Connected to proxy localRank 1 -> connection 0x7f9b98005890
MOC-R4PCC04U05:335196:335252 [3] NCCL INFO New proxy recv connection 14 from local rank 3, transport 2
MOC-R4PCC04U05:335193:335253 [0] NCCL INFO New proxy recv connection 19 from local rank 0, transport 0
MOC-R4PCC04U05:335196:335954 [3] NCCL INFO Connected to proxy localRank 3 -> connection 0x7fb36c0055c0
MOC-R4PCC04U05:335193:335956 [0] NCCL INFO Connected to proxy localRank 0 -> connection 0x7f0004005818
MOC-R4PCC04U05:335196:335954 [3] NCCL INFO Channel 02/0 : 7[3] -> 3[3] [receive] via NET/IB/1
MOC-R4PCC04U05:335196:335954 [3] NCCL INFO GPU Direct RDMA Disabled for GPU 3 / HCA 1 (distance 7 > 0)
MOC-R4PCC04U05:335196:335252 [3] NCCL INFO New proxy recv connection 15 from local rank 3, transport 2
MOC-R4PCC04U05:335196:335954 [3] NCCL INFO Connected to proxy localRank 3 -> connection 0x7fb36c005638
MOC-R4PCC04U05:335196:335954 [3] NCCL INFO Channel 03/0 : 7[3] -> 3[3] [receive] via NET/IB/1
MOC-R4PCC04U05:335196:335954 [3] NCCL INFO GPU Direct RDMA Disabled for GPU 3 / HCA 1 (distance 7 > 0)
MOC-R4PCC04U05:335196:335252 [3] NCCL INFO New proxy send connection 16 from local rank 3, transport 2
MOC-R4PCC04U05:335196:335954 [3] NCCL INFO Connected to proxy localRank 3 -> connection 0x7fb36c0056b0
MOC-R4PCC04U05:335193:335253 [0] NCCL INFO New proxy recv connection 20 from local rank 0, transport 0
MOC-R4PCC04U05:335193:335956 [0] NCCL INFO Connected to proxy localRank 0 -> connection 0x7f0004005890
MOC-R4PCC04U05:335196:335954 [3] NCCL INFO Channel 00/0 : 3[3] -> 7[3] [send] via NET/IB/1
MOC-R4PCC04U05:335196:335954 [3] NCCL INFO GPU Direct RDMA Disabled for GPU 3 / HCA 1 (distance 7 > 0)
MOC-R4PCC04U05:335196:335252 [3] NCCL INFO New proxy send connection 17 from local rank 3, transport 2
MOC-R4PCC04U05:335196:335954 [3] NCCL INFO Connected to proxy localRank 3 -> connection 0x7fb36c005728
MOC-R4PCC04U05:335196:335954 [3] NCCL INFO Channel 01/0 : 3[3] -> 7[3] [send] via NET/IB/1
MOC-R4PCC04U05:335196:335954 [3] NCCL INFO GPU Direct RDMA Disabled for GPU 3 / HCA 1 (distance 7 > 0)
MOC-R4PCC04U05:335196:335252 [3] NCCL INFO New proxy send connection 18 from local rank 3, transport 2
MOC-R4PCC04U05:335196:335954 [3] NCCL INFO Connected to proxy localRank 3 -> connection 0x7fb36c0057a0
MOC-R4PCC04U05:335196:335954 [3] NCCL INFO Channel 02/0 : 3[3] -> 7[3] [send] via NET/IB/1
MOC-R4PCC04U05:335196:335954 [3] NCCL INFO GPU Direct RDMA Disabled for GPU 3 / HCA 1 (distance 7 > 0)
MOC-R4PCC04U05:335196:335252 [3] NCCL INFO New proxy send connection 19 from local rank 3, transport 2
MOC-R4PCC04U05:335196:335954 [3] NCCL INFO Connected to proxy localRank 3 -> connection 0x7fb36c005818
MOC-R4PCC04U05:335196:335954 [3] NCCL INFO Channel 03/0 : 3[3] -> 7[3] [send] via NET/IB/1
MOC-R4PCC04U05:335196:335252 [3] NCCL INFO New proxy send connection 20 from local rank 3, transport 0
MOC-R4PCC04U05:335196:335954 [3] NCCL INFO Connected to proxy localRank 3 -> connection 0x7fb36c005890
MOC-R4PCC04U05:335196:335252 [3] NCCL INFO New proxy send connection 21 from local rank 3, transport 0
MOC-R4PCC04U05:335196:335954 [3] NCCL INFO Connected to proxy localRank 3 -> connection 0x7fb36c005908
MOC-R4PCC04U05:335196:335252 [3] NCCL INFO New proxy send connection 22 from local rank 3, transport 0
MOC-R4PCC04U05:335196:335954 [3] NCCL INFO Connected to proxy localRank 3 -> connection 0x7fb36c005980
MOC-R4PCC04U05:335196:335252 [3] NCCL INFO New proxy send connection 23 from local rank 3, transport 0
MOC-R4PCC04U05:335196:335954 [3] NCCL INFO Connected to proxy localRank 3 -> connection 0x7fb36c0059f8
MOC-R4PCC04U05:335196:335252 [3] NCCL INFO NET/IB: NCCL Dev 1 IbDev 0 Port 1 qpn 3548 mtu 3 query_ece={supported=1, vendor_id=0x15b3, options=0x30000002, comp_mask=0x0} GID 3 (0/C132A8C0FFFF0000) fifoRkey=0x170bca fifoLkey=0x170bca
MOC-R4PCC04U05:335196:335252 [3] NCCL INFO NET/IB: IbDev 0 Port 1 qpn 3789 set_ece={supported=1, vendor_id=0x15b3, options=0x0, comp_mask=0x0}
MOC-R4PCC04U05:335196:335252 [3] NCCL INFO NET/IB: NCCL Dev 1 IbDev 0 Port 1 qpn 3551 mtu 3 query_ece={supported=1, vendor_id=0x15b3, options=0x30000002, comp_mask=0x0} GID 3 (0/C132A8C0FFFF0000) fifoRkey=0x17bf7e fifoLkey=0x17bf7e
MOC-R4PCC04U05:335196:335252 [3] NCCL INFO NET/IB: NCCL Dev 1 IbDev 0 Port 1 qpn 3554 mtu 3 query_ece={supported=1, vendor_id=0x15b3, options=0x30000002, comp_mask=0x0} GID 3 (0/C132A8C0FFFF0000) fifoRkey=0x179c5b fifoLkey=0x179c5b
MOC-R4PCC04U05:335196:335252 [3] NCCL INFO NET/IB: IbDev 0 Port 1 qpn 3792 set_ece={supported=1, vendor_id=0x15b3, options=0x0, comp_mask=0x0}
MOC-R4PCC04U05:335196:335252 [3] NCCL INFO NET/IB: IbDev 0 Port 1 qpn 3795 set_ece={supported=1, vendor_id=0x15b3, options=0x0, comp_mask=0x0}
MOC-R4PCC04U05:335196:335252 [3] NCCL INFO NET/IB: NCCL Dev 1 IbDev 0 Port 1 qpn 3557 mtu 3 query_ece={supported=1, vendor_id=0x15b3, options=0x30000002, comp_mask=0x0} GID 3 (0/C132A8C0FFFF0000) fifoRkey=0x17f1b0 fifoLkey=0x17f1b0
MOC-R4PCC04U05:335196:335252 [3] NCCL INFO NET/IB: IbDev 0 Port 1 qpn 3798 set_ece={supported=1, vendor_id=0x15b3, options=0x0, comp_mask=0x0}
step    1/10 | train loss 11.008972 | norm 15.7109 | lr 1.00e-04 | (13940.53 ms | 37609 tok/s)
step    2/10 | train loss 10.123232 | norm 5.8019 | lr 1.00e-04 | (254.86 ms | 2057138 tok/s)
step    3/10 | train loss 9.777211 | norm 2.6314 | lr 1.00e-04 | (186.13 ms | 2816827 tok/s)
step    4/10 | train loss 9.607360 | norm 2.1165 | lr 1.00e-04 | (183.33 ms | 2859785 tok/s)
step    5/10 | train loss 9.524717 | norm 2.1076 | lr 1.00e-04 | (185.16 ms | 2831520 tok/s)
step    6/10 | train loss 9.443521 | norm 2.0013 | lr 1.00e-04 | (184.21 ms | 2846157 tok/s)
step    7/10 | train loss 9.358725 | norm 1.9491 | lr 1.00e-04 | (196.23 ms | 2671782 tok/s)
step    8/10 | train loss 9.269130 | norm 1.9124 | lr 1.00e-04 | (185.36 ms | 2828475 tok/s)
step    9/10 | train loss 9.176630 | norm 1.8636 | lr 1.00e-04 | (186.05 ms | 2817935 tok/s)
step   10/10 | train loss 9.088063 | norm 1.7782 | lr 1.00e-04 | (220.79 ms | 2374588 tok/s)
final 9 iters avg: 198.014ms
peak memory consumption: 16601 MiB
