Running pytorch 2.7.0+cu126
using device: cuda:0
total desired batch size: 1048576
=> calculated gradient accumulation steps: 2
using device: cuda:3
using device: cuda:2
using device: cuda:1
compiling the model...
DataLoader: total number of tokens: 1,661,249,667 across 103 files
MOC-R4PCC04U05:737259:737259 [0] NCCL INFO NCCL_SOCKET_IFNAME set to eno7np0
MOC-R4PCC04U05:737259:737259 [0] NCCL INFO NCCL version 2.26.2+cuda12.2
MOC-R4PCC04U05:737259:737365 [0] NCCL INFO NET/Plugin: Could not find: libnccl-net.so. Using internal net plugin.
MOC-R4PCC04U05:737259:737365 [0] NCCL INFO NET/Socket : Using [0]eno7np0:192.168.50.193<0>
MOC-R4PCC04U05:737261:737261 [2] NCCL INFO NCCL_SOCKET_IFNAME set to eno7np0
MOC-R4PCC04U05:737260:737260 [1] NCCL INFO NCCL_SOCKET_IFNAME set to eno7np0
MOC-R4PCC04U05:737260:737260 [1] NCCL INFO NCCL version 2.26.2+cuda12.2
MOC-R4PCC04U05:737261:737261 [2] NCCL INFO NCCL version 2.26.2+cuda12.2
MOC-R4PCC04U05:737262:737262 [3] NCCL INFO NCCL_SOCKET_IFNAME set to eno7np0
MOC-R4PCC04U05:737262:737262 [3] NCCL INFO NCCL version 2.26.2+cuda12.2
MOC-R4PCC04U05:737261:737387 [2] NCCL INFO NET/Plugin: Could not find: libnccl-net.so. Using internal net plugin.
MOC-R4PCC04U05:737261:737387 [2] NCCL INFO NET/Socket : Using [0]eno7np0:192.168.50.193<0>
MOC-R4PCC04U05:737260:737388 [1] NCCL INFO NET/Plugin: Could not find: libnccl-net.so. Using internal net plugin.
MOC-R4PCC04U05:737260:737388 [1] NCCL INFO NET/Socket : Using [0]eno7np0:192.168.50.193<0>
MOC-R4PCC04U05:737262:737389 [3] NCCL INFO NET/Plugin: Could not find: libnccl-net.so. Using internal net plugin.
MOC-R4PCC04U05:737262:737389 [3] NCCL INFO NET/Socket : Using [0]eno7np0:192.168.50.193<0>
MOC-R4PCC04U05:737262:737389 [3] NCCL INFO NET/Socket : GPU Direct RDMA Disabled for HCA 0 'eno7np0'
MOC-R4PCC04U05:737260:737388 [1] NCCL INFO NET/Socket : GPU Direct RDMA Disabled for HCA 0 'eno7np0'
MOC-R4PCC04U05:737261:737387 [2] NCCL INFO NET/Socket : GPU Direct RDMA Disabled for HCA 0 'eno7np0'
MOC-R4PCC04U05:737259:737365 [0] NCCL INFO NET/Socket : GPU Direct RDMA Disabled for HCA 0 'eno7np0'
MOC-R4PCC04U05:737259:737400 [0] NCCL INFO New proxy send connection 0 from local rank 0, transport 0
MOC-R4PCC04U05:737259:737406 [0] NCCL INFO Connected to proxy localRank 0 -> connection 0x7fc9f8004f30
MOC-R4PCC04U05:737259:737400 [0] NCCL INFO New proxy send connection 1 from local rank 0, transport 0
MOC-R4PCC04U05:737259:737406 [0] NCCL INFO Connected to proxy localRank 0 -> connection 0x7fc9f8004fa8
MOC-R4PCC04U05:737260:737401 [1] NCCL INFO New proxy recv connection 0 from local rank 1, transport 0
MOC-R4PCC04U05:737260:737407 [1] NCCL INFO Connected to proxy localRank 1 -> connection 0x7f1884004f30
MOC-R4PCC04U05:737260:737401 [1] NCCL INFO New proxy recv connection 1 from local rank 1, transport 0
MOC-R4PCC04U05:737260:737407 [1] NCCL INFO Connected to proxy localRank 1 -> connection 0x7f1884004fa8
MOC-R4PCC04U05:737261:737398 [2] NCCL INFO New proxy recv connection 0 from local rank 2, transport 0
MOC-R4PCC04U05:737261:737408 [2] NCCL INFO Connected to proxy localRank 2 -> connection 0x7f9858004f30
MOC-R4PCC04U05:737261:737398 [2] NCCL INFO New proxy recv connection 1 from local rank 2, transport 0
MOC-R4PCC04U05:737261:737408 [2] NCCL INFO Connected to proxy localRank 2 -> connection 0x7f9858004fa8
MOC-R4PCC04U05:737259:737400 [0] NCCL INFO New proxy send connection 2 from local rank 0, transport 0
MOC-R4PCC04U05:737259:737406 [0] NCCL INFO Connected to proxy localRank 0 -> connection 0x7fc9f8005020
MOC-R4PCC04U05:737259:737400 [0] NCCL INFO New proxy send connection 3 from local rank 0, transport 0
MOC-R4PCC04U05:737259:737406 [0] NCCL INFO Connected to proxy localRank 0 -> connection 0x7fc9f8005098
MOC-R4PCC04U05:737262:737397 [3] NCCL INFO New proxy recv connection 0 from local rank 3, transport 0
MOC-R4PCC04U05:737262:737409 [3] NCCL INFO Connected to proxy localRank 3 -> connection 0x7f0264004f30
MOC-R4PCC04U05:737262:737397 [3] NCCL INFO New proxy recv connection 1 from local rank 3, transport 0
MOC-R4PCC04U05:737262:737409 [3] NCCL INFO Connected to proxy localRank 3 -> connection 0x7f0264004fa8
MOC-R4PCC04U05:737261:737398 [2] NCCL INFO New proxy recv connection 2 from local rank 2, transport 2
MOC-R4PCC04U05:737261:737408 [2] NCCL INFO Connected to proxy localRank 2 -> connection 0x7f9858005020
MOC-R4PCC04U05:737261:737408 [2] NCCL INFO Channel 00/0 : 15[3] -> 2[2] [receive] via NET/Socket/0
MOC-R4PCC04U05:737261:737398 [2] NCCL INFO New proxy recv connection 3 from local rank 2, transport 2
MOC-R4PCC04U05:737261:737408 [2] NCCL INFO Connected to proxy localRank 2 -> connection 0x7f9858005098
MOC-R4PCC04U05:737261:737408 [2] NCCL INFO Channel 02/0 : 15[3] -> 2[2] [receive] via NET/Socket/0
MOC-R4PCC04U05:737262:737397 [3] NCCL INFO New proxy send connection 2 from local rank 3, transport 2
MOC-R4PCC04U05:737262:737409 [3] NCCL INFO Connected to proxy localRank 3 -> connection 0x7f0264005020
MOC-R4PCC04U05:737262:737409 [3] NCCL INFO Channel 00/0 : 3[3] -> 6[2] [send] via NET/Socket/0
MOC-R4PCC04U05:737262:737397 [3] NCCL INFO New proxy send connection 3 from local rank 3, transport 2
MOC-R4PCC04U05:737262:737409 [3] NCCL INFO Connected to proxy localRank 3 -> connection 0x7f0264005098
MOC-R4PCC04U05:737262:737409 [3] NCCL INFO Channel 02/0 : 3[3] -> 6[2] [send] via NET/Socket/0
MOC-R4PCC04U05:737259:737400 [0] NCCL INFO New proxy recv connection 4 from local rank 0, transport 0
MOC-R4PCC04U05:737259:737406 [0] NCCL INFO Connected to proxy localRank 0 -> connection 0x7fc9f8005110
MOC-R4PCC04U05:737262:737397 [3] NCCL INFO New proxy recv connection 4 from local rank 3, transport 2
MOC-R4PCC04U05:737262:737409 [3] NCCL INFO Connected to proxy localRank 3 -> connection 0x7f0264005110
MOC-R4PCC04U05:737262:737409 [3] NCCL INFO Channel 01/0 : 14[2] -> 3[3] [receive] via NET/Socket/0
MOC-R4PCC04U05:737262:737397 [3] NCCL INFO New proxy recv connection 5 from local rank 3, transport 2
MOC-R4PCC04U05:737262:737409 [3] NCCL INFO Connected to proxy localRank 3 -> connection 0x7f0264005188
MOC-R4PCC04U05:737262:737409 [3] NCCL INFO Channel 03/0 : 14[2] -> 3[3] [receive] via NET/Socket/0
MOC-R4PCC04U05:737259:737400 [0] NCCL INFO New proxy recv connection 5 from local rank 0, transport 0
MOC-R4PCC04U05:737259:737406 [0] NCCL INFO Connected to proxy localRank 0 -> connection 0x7fc9f8005188
MOC-R4PCC04U05:737259:737400 [0] NCCL INFO New proxy recv connection 6 from local rank 0, transport 0
MOC-R4PCC04U05:737259:737406 [0] NCCL INFO Connected to proxy localRank 0 -> connection 0x7fc9f8005200
MOC-R4PCC04U05:737259:737400 [0] NCCL INFO New proxy recv connection 7 from local rank 0, transport 0
MOC-R4PCC04U05:737259:737406 [0] NCCL INFO Connected to proxy localRank 0 -> connection 0x7fc9f8005278
MOC-R4PCC04U05:737262:737397 [3] NCCL INFO New proxy send connection 6 from local rank 3, transport 0
MOC-R4PCC04U05:737262:737409 [3] NCCL INFO Connected to proxy localRank 3 -> connection 0x7f0264005200
MOC-R4PCC04U05:737262:737397 [3] NCCL INFO New proxy send connection 7 from local rank 3, transport 0
MOC-R4PCC04U05:737262:737409 [3] NCCL INFO Connected to proxy localRank 3 -> connection 0x7f0264005278
MOC-R4PCC04U05:737260:737401 [1] NCCL INFO New proxy recv connection 2 from local rank 1, transport 0
MOC-R4PCC04U05:737260:737407 [1] NCCL INFO Connected to proxy localRank 1 -> connection 0x7f1884005020
MOC-R4PCC04U05:737259:737400 [0] NCCL INFO New proxy send connection 8 from local rank 3, transport 0
MOC-R4PCC04U05:737262:737409 [3] NCCL INFO Connected to proxy localRank 0 -> connection 0x7fc9f80052f0
MOC-R4PCC04U05:737260:737401 [1] NCCL INFO New proxy recv connection 3 from local rank 1, transport 0
MOC-R4PCC04U05:737260:737407 [1] NCCL INFO Connected to proxy localRank 1 -> connection 0x7f1884005098
MOC-R4PCC04U05:737260:737401 [1] NCCL INFO New proxy send connection 4 from local rank 1, transport 0
MOC-R4PCC04U05:737260:737407 [1] NCCL INFO Connected to proxy localRank 1 -> connection 0x7f1884005110
MOC-R4PCC04U05:737261:737398 [2] NCCL INFO New proxy send connection 4 from local rank 2, transport 2
MOC-R4PCC04U05:737261:737408 [2] NCCL INFO Connected to proxy localRank 2 -> connection 0x7f9858005110
MOC-R4PCC04U05:737261:737408 [2] NCCL INFO Channel 01/0 : 2[2] -> 7[3] [send] via NET/Socket/0
MOC-R4PCC04U05:737261:737398 [2] NCCL INFO New proxy send connection 5 from local rank 2, transport 2
MOC-R4PCC04U05:737261:737408 [2] NCCL INFO Connected to proxy localRank 2 -> connection 0x7f9858005188
MOC-R4PCC04U05:737261:737408 [2] NCCL INFO Channel 03/0 : 2[2] -> 7[3] [send] via NET/Socket/0
MOC-R4PCC04U05:737261:737398 [2] NCCL INFO New proxy send connection 6 from local rank 2, transport 0
MOC-R4PCC04U05:737261:737408 [2] NCCL INFO Connected to proxy localRank 2 -> connection 0x7f9858005200
MOC-R4PCC04U05:737260:737401 [1] NCCL INFO New proxy send connection 5 from local rank 1, transport 0
MOC-R4PCC04U05:737260:737407 [1] NCCL INFO Connected to proxy localRank 1 -> connection 0x7f1884005188
MOC-R4PCC04U05:737261:737398 [2] NCCL INFO New proxy send connection 7 from local rank 2, transport 0
MOC-R4PCC04U05:737261:737408 [2] NCCL INFO Connected to proxy localRank 2 -> connection 0x7f9858005278
MOC-R4PCC04U05:737260:737401 [1] NCCL INFO New proxy send connection 6 from local rank 1, transport 0
MOC-R4PCC04U05:737260:737407 [1] NCCL INFO Connected to proxy localRank 1 -> connection 0x7f1884005200
MOC-R4PCC04U05:737260:737401 [1] NCCL INFO New proxy send connection 7 from local rank 1, transport 0
MOC-R4PCC04U05:737260:737407 [1] NCCL INFO Connected to proxy localRank 1 -> connection 0x7f1884005278
MOC-R4PCC04U05:737259:737400 [0] NCCL INFO New proxy send connection 9 from local rank 2, transport 0
MOC-R4PCC04U05:737261:737408 [2] NCCL INFO Connected to proxy localRank 0 -> connection 0x7fc9f8005368
MOC-R4PCC04U05:737261:737398 [2] NCCL INFO New proxy send connection 8 from local rank 0, transport 0
MOC-R4PCC04U05:737259:737406 [0] NCCL INFO Connected to proxy localRank 2 -> connection 0x7f98580052f0
MOC-R4PCC04U05:737262:737397 [3] NCCL INFO New proxy send connection 8 from local rank 1, transport 0
MOC-R4PCC04U05:737260:737407 [1] NCCL INFO Connected to proxy localRank 3 -> connection 0x7f02640052f0
MOC-R4PCC04U05:737260:737401 [1] NCCL INFO New proxy send connection 8 from local rank 3, transport 0
MOC-R4PCC04U05:737262:737409 [3] NCCL INFO Connected to proxy localRank 1 -> connection 0x7f18840052f0
MOC-R4PCC04U05:737260:737401 [1] NCCL INFO New proxy send connection 9 from local rank 2, transport 0
MOC-R4PCC04U05:737261:737408 [2] NCCL INFO Connected to proxy localRank 1 -> connection 0x7f1884005368
MOC-R4PCC04U05:737262:737397 [3] NCCL INFO New proxy send connection 9 from local rank 0, transport 0
MOC-R4PCC04U05:737259:737406 [0] NCCL INFO Connected to proxy localRank 3 -> connection 0x7f0264005368
MOC-R4PCC04U05:737259:737400 [0] NCCL INFO New proxy send connection 10 from local rank 1, transport 0
MOC-R4PCC04U05:737260:737407 [1] NCCL INFO Connected to proxy localRank 0 -> connection 0x7fc9f80053e0
MOC-R4PCC04U05:737261:737398 [2] NCCL INFO New proxy send connection 9 from local rank 1, transport 0
MOC-R4PCC04U05:737260:737407 [1] NCCL INFO Connected to proxy localRank 2 -> connection 0x7f9858005368
MOC-R4PCC04U05:737260:737401 [1] NCCL INFO New proxy send connection 10 from local rank 0, transport 0
MOC-R4PCC04U05:737259:737406 [0] NCCL INFO Connected to proxy localRank 1 -> connection 0x7f18840053e0
num decayed parameter tensors: 50, with 124,318,464 parameters
num non-decayed parameter tensors: 98, with 121,344 parameters
using fused AdamW: False
using regular AdamW
MOC-R4PCC04U05:737259:737400 [0] NCCL INFO New proxy send connection 11 from local rank 0, transport 0
MOC-R4PCC04U05:737259:738112 [0] NCCL INFO Connected to proxy localRank 0 -> connection 0x7fc9f8005458
MOC-R4PCC04U05:737259:737400 [0] NCCL INFO New proxy send connection 12 from local rank 0, transport 0
MOC-R4PCC04U05:737259:738112 [0] NCCL INFO Connected to proxy localRank 0 -> connection 0x7fc9f80054d0
MOC-R4PCC04U05:737259:737400 [0] NCCL INFO New proxy send connection 13 from local rank 0, transport 0
MOC-R4PCC04U05:737259:738112 [0] NCCL INFO Connected to proxy localRank 0 -> connection 0x7fc9f8005548
MOC-R4PCC04U05:737259:737400 [0] NCCL INFO New proxy send connection 14 from local rank 0, transport 0
MOC-R4PCC04U05:737259:738112 [0] NCCL INFO Connected to proxy localRank 0 -> connection 0x7fc9f80055c0
MOC-R4PCC04U05:737261:737398 [2] NCCL INFO New proxy recv connection 10 from local rank 2, transport 0
MOC-R4PCC04U05:737261:738113 [2] NCCL INFO Connected to proxy localRank 2 -> connection 0x7f98580053e0
MOC-R4PCC04U05:737261:737398 [2] NCCL INFO New proxy recv connection 11 from local rank 2, transport 0
MOC-R4PCC04U05:737261:738113 [2] NCCL INFO Connected to proxy localRank 2 -> connection 0x7f9858005458
MOC-R4PCC04U05:737261:737398 [2] NCCL INFO New proxy recv connection 12 from local rank 2, transport 0
MOC-R4PCC04U05:737261:738113 [2] NCCL INFO Connected to proxy localRank 2 -> connection 0x7f98580054d0
MOC-R4PCC04U05:737261:737398 [2] NCCL INFO New proxy recv connection 13 from local rank 2, transport 0
MOC-R4PCC04U05:737261:738113 [2] NCCL INFO Connected to proxy localRank 2 -> connection 0x7f9858005548
MOC-R4PCC04U05:737260:737401 [1] NCCL INFO New proxy recv connection 11 from local rank 1, transport 0
MOC-R4PCC04U05:737260:738114 [1] NCCL INFO Connected to proxy localRank 1 -> connection 0x7f1884005458
MOC-R4PCC04U05:737260:737401 [1] NCCL INFO New proxy recv connection 12 from local rank 1, transport 0
MOC-R4PCC04U05:737260:738114 [1] NCCL INFO Connected to proxy localRank 1 -> connection 0x7f18840054d0
MOC-R4PCC04U05:737260:737401 [1] NCCL INFO New proxy recv connection 13 from local rank 1, transport 0
MOC-R4PCC04U05:737260:738114 [1] NCCL INFO Connected to proxy localRank 1 -> connection 0x7f1884005548
MOC-R4PCC04U05:737260:737401 [1] NCCL INFO New proxy recv connection 14 from local rank 1, transport 0
MOC-R4PCC04U05:737260:738114 [1] NCCL INFO Connected to proxy localRank 1 -> connection 0x7f18840055c0
MOC-R4PCC04U05:737260:737401 [1] NCCL INFO New proxy send connection 15 from local rank 1, transport 0
MOC-R4PCC04U05:737260:738114 [1] NCCL INFO Connected to proxy localRank 1 -> connection 0x7f1884005638
MOC-R4PCC04U05:737260:737401 [1] NCCL INFO New proxy send connection 16 from local rank 1, transport 0
MOC-R4PCC04U05:737260:738114 [1] NCCL INFO Connected to proxy localRank 1 -> connection 0x7f18840056b0
MOC-R4PCC04U05:737260:737401 [1] NCCL INFO New proxy send connection 17 from local rank 1, transport 0
MOC-R4PCC04U05:737260:738114 [1] NCCL INFO Connected to proxy localRank 1 -> connection 0x7f1884005728
MOC-R4PCC04U05:737260:737401 [1] NCCL INFO New proxy send connection 18 from local rank 1, transport 0
MOC-R4PCC04U05:737260:738114 [1] NCCL INFO Connected to proxy localRank 1 -> connection 0x7f18840057a0
MOC-R4PCC04U05:737259:737400 [0] NCCL INFO New proxy send connection 15 from local rank 0, transport 0
MOC-R4PCC04U05:737259:738112 [0] NCCL INFO Connected to proxy localRank 0 -> connection 0x7fc9f8005638
MOC-R4PCC04U05:737260:737401 [1] NCCL INFO New proxy recv connection 19 from local rank 1, transport 0
MOC-R4PCC04U05:737260:738114 [1] NCCL INFO Connected to proxy localRank 1 -> connection 0x7f1884005818
MOC-R4PCC04U05:737261:737398 [2] NCCL INFO New proxy send connection 14 from local rank 2, transport 0
MOC-R4PCC04U05:737261:738113 [2] NCCL INFO Connected to proxy localRank 2 -> connection 0x7f98580055c0
MOC-R4PCC04U05:737260:737401 [1] NCCL INFO New proxy recv connection 20 from local rank 1, transport 0
MOC-R4PCC04U05:737260:738114 [1] NCCL INFO Connected to proxy localRank 1 -> connection 0x7f1884005890
MOC-R4PCC04U05:737259:737400 [0] NCCL INFO New proxy send connection 16 from local rank 0, transport 0
MOC-R4PCC04U05:737259:738112 [0] NCCL INFO Connected to proxy localRank 0 -> connection 0x7fc9f80056b0
MOC-R4PCC04U05:737261:737398 [2] NCCL INFO New proxy send connection 15 from local rank 2, transport 0
MOC-R4PCC04U05:737261:738113 [2] NCCL INFO Connected to proxy localRank 2 -> connection 0x7f9858005638
MOC-R4PCC04U05:737262:737397 [3] NCCL INFO New proxy recv connection 10 from local rank 3, transport 0
MOC-R4PCC04U05:737262:738115 [3] NCCL INFO Connected to proxy localRank 3 -> connection 0x7f02640053e0
MOC-R4PCC04U05:737262:737397 [3] NCCL INFO New proxy recv connection 11 from local rank 3, transport 0
MOC-R4PCC04U05:737262:738115 [3] NCCL INFO Connected to proxy localRank 3 -> connection 0x7f0264005458
MOC-R4PCC04U05:737262:737397 [3] NCCL INFO New proxy send connection 12 from local rank 3, transport 2
MOC-R4PCC04U05:737262:738115 [3] NCCL INFO Connected to proxy localRank 3 -> connection 0x7f02640054d0
MOC-R4PCC04U05:737259:737400 [0] NCCL INFO New proxy recv connection 17 from local rank 0, transport 0
MOC-R4PCC04U05:737259:738112 [0] NCCL INFO Connected to proxy localRank 0 -> connection 0x7fc9f8005728
MOC-R4PCC04U05:737262:738115 [3] NCCL INFO Channel 02/0 : 3[3] -> 7[3] [send] via NET/Socket/0
MOC-R4PCC04U05:737262:737397 [3] NCCL INFO New proxy send connection 13 from local rank 3, transport 2
MOC-R4PCC04U05:737262:738115 [3] NCCL INFO Connected to proxy localRank 3 -> connection 0x7f0264005548
MOC-R4PCC04U05:737259:737400 [0] NCCL INFO New proxy recv connection 18 from local rank 0, transport 0
MOC-R4PCC04U05:737259:738112 [0] NCCL INFO Connected to proxy localRank 0 -> connection 0x7fc9f80057a0
MOC-R4PCC04U05:737259:737400 [0] NCCL INFO New proxy recv connection 19 from local rank 0, transport 0
MOC-R4PCC04U05:737259:738112 [0] NCCL INFO Connected to proxy localRank 0 -> connection 0x7fc9f8005818
MOC-R4PCC04U05:737262:738115 [3] NCCL INFO Channel 03/0 : 3[3] -> 7[3] [send] via NET/Socket/0
MOC-R4PCC04U05:737259:737400 [0] NCCL INFO New proxy recv connection 20 from local rank 0, transport 0
MOC-R4PCC04U05:737259:738112 [0] NCCL INFO Connected to proxy localRank 0 -> connection 0x7fc9f8005890
MOC-R4PCC04U05:737262:737397 [3] NCCL INFO New proxy recv connection 14 from local rank 3, transport 2
MOC-R4PCC04U05:737262:738115 [3] NCCL INFO Connected to proxy localRank 3 -> connection 0x7f02640055c0
MOC-R4PCC04U05:737262:738115 [3] NCCL INFO Channel 00/0 : 11[3] -> 3[3] [receive] via NET/Socket/0
MOC-R4PCC04U05:737262:737397 [3] NCCL INFO New proxy recv connection 15 from local rank 3, transport 2
MOC-R4PCC04U05:737262:738115 [3] NCCL INFO Connected to proxy localRank 3 -> connection 0x7f0264005638
MOC-R4PCC04U05:737262:738115 [3] NCCL INFO Channel 01/0 : 11[3] -> 3[3] [receive] via NET/Socket/0
MOC-R4PCC04U05:737262:737397 [3] NCCL INFO New proxy send connection 16 from local rank 3, transport 2
MOC-R4PCC04U05:737262:738115 [3] NCCL INFO Connected to proxy localRank 3 -> connection 0x7f02640056b0
MOC-R4PCC04U05:737262:738115 [3] NCCL INFO Channel 00/0 : 3[3] -> 11[3] [send] via NET/Socket/0
MOC-R4PCC04U05:737262:737397 [3] NCCL INFO New proxy send connection 17 from local rank 3, transport 2
MOC-R4PCC04U05:737262:738115 [3] NCCL INFO Connected to proxy localRank 3 -> connection 0x7f0264005728
MOC-R4PCC04U05:737262:738115 [3] NCCL INFO Channel 01/0 : 3[3] -> 11[3] [send] via NET/Socket/0
MOC-R4PCC04U05:737262:737397 [3] NCCL INFO New proxy recv connection 18 from local rank 3, transport 2
MOC-R4PCC04U05:737262:738115 [3] NCCL INFO Connected to proxy localRank 3 -> connection 0x7f02640057a0
MOC-R4PCC04U05:737262:738115 [3] NCCL INFO Channel 02/0 : 7[3] -> 3[3] [receive] via NET/Socket/0
MOC-R4PCC04U05:737262:737397 [3] NCCL INFO New proxy recv connection 19 from local rank 3, transport 2
MOC-R4PCC04U05:737262:738115 [3] NCCL INFO Connected to proxy localRank 3 -> connection 0x7f0264005818
MOC-R4PCC04U05:737262:738115 [3] NCCL INFO Channel 03/0 : 7[3] -> 3[3] [receive] via NET/Socket/0
MOC-R4PCC04U05:737262:737397 [3] NCCL INFO New proxy send connection 20 from local rank 3, transport 0
MOC-R4PCC04U05:737262:738115 [3] NCCL INFO Connected to proxy localRank 3 -> connection 0x7f0264005890
MOC-R4PCC04U05:737262:737397 [3] NCCL INFO New proxy send connection 21 from local rank 3, transport 0
MOC-R4PCC04U05:737262:738115 [3] NCCL INFO Connected to proxy localRank 3 -> connection 0x7f0264005908
MOC-R4PCC04U05:737262:737397 [3] NCCL INFO New proxy send connection 22 from local rank 3, transport 0
MOC-R4PCC04U05:737262:738115 [3] NCCL INFO Connected to proxy localRank 3 -> connection 0x7f0264005980
MOC-R4PCC04U05:737262:737397 [3] NCCL INFO New proxy send connection 23 from local rank 3, transport 0
MOC-R4PCC04U05:737262:738115 [3] NCCL INFO Connected to proxy localRank 3 -> connection 0x7f02640059f8
step    1/10 | train loss 11.010097 | norm 15.4736 | lr 1.00e-04 | (14173.48 ms | 73982 tok/s)
step    2/10 | train loss 10.132348 | norm 5.7711 | lr 1.00e-04 | (331.66 ms | 3161585 tok/s)
step    3/10 | train loss 9.790418 | norm 2.6207 | lr 1.00e-04 | (326.28 ms | 3213769 tok/s)
step    4/10 | train loss 9.620089 | norm 2.1209 | lr 1.00e-04 | (334.57 ms | 3134132 tok/s)
step    5/10 | train loss 9.536888 | norm 2.1162 | lr 1.00e-04 | (325.82 ms | 3218285 tok/s)
step    6/10 | train loss 9.455263 | norm 2.0054 | lr 1.00e-04 | (336.14 ms | 3119481 tok/s)
step    7/10 | train loss 9.369597 | norm 1.9545 | lr 1.00e-04 | (325.83 ms | 3218183 tok/s)
step    8/10 | train loss 9.277896 | norm 1.9223 | lr 1.00e-04 | (327.15 ms | 3205192 tok/s)
step    9/10 | train loss 9.182257 | norm 1.8716 | lr 1.00e-04 | (333.80 ms | 3141356 tok/s)
step   10/10 | train loss 9.094433 | norm 1.7972 | lr 1.00e-04 | (330.16 ms | 3175992 tok/s)
final 9 iters avg: 330.155ms
peak memory consumption: 16601 MiB
