Running pytorch 2.7.0+cu126
using device: cuda:0
total desired batch size: 1048576
=> calculated gradient accumulation steps: 2
using device: cuda:3
using device: cuda:1
using device: cuda:2
compiling the model...
DataLoader: total number of tokens: 1,661,249,667 across 103 files
MOC-R4PCC04U05:682214:682214 [0] NCCL INFO NCCL_SOCKET_IFNAME set to eno7np0
MOC-R4PCC04U05:682214:682214 [0] NCCL INFO NCCL version 2.26.2+cuda12.2
MOC-R4PCC04U05:682217:682217 [3] NCCL INFO NCCL_SOCKET_IFNAME set to eno7np0
MOC-R4PCC04U05:682217:682217 [3] NCCL INFO NCCL version 2.26.2+cuda12.2
MOC-R4PCC04U05:682215:682215 [1] NCCL INFO NCCL_SOCKET_IFNAME set to eno7np0
MOC-R4PCC04U05:682215:682215 [1] NCCL INFO NCCL version 2.26.2+cuda12.2
MOC-R4PCC04U05:682214:682333 [0] NCCL INFO NET/Plugin: Could not find: libnccl-net.so. Using internal net plugin.
MOC-R4PCC04U05:682214:682333 [0] NCCL INFO NET/Socket : Using [0]eno7np0:192.168.50.193<0>
MOC-R4PCC04U05:682216:682216 [2] NCCL INFO NCCL_SOCKET_IFNAME set to eno7np0
MOC-R4PCC04U05:682216:682216 [2] NCCL INFO NCCL version 2.26.2+cuda12.2
MOC-R4PCC04U05:682217:682341 [3] NCCL INFO NET/Plugin: Could not find: libnccl-net.so. Using internal net plugin.
MOC-R4PCC04U05:682217:682341 [3] NCCL INFO NET/Socket : Using [0]eno7np0:192.168.50.193<0>
MOC-R4PCC04U05:682215:682342 [1] NCCL INFO NET/Plugin: Could not find: libnccl-net.so. Using internal net plugin.
MOC-R4PCC04U05:682215:682342 [1] NCCL INFO NET/Socket : Using [0]eno7np0:192.168.50.193<0>
MOC-R4PCC04U05:682216:682343 [2] NCCL INFO NET/Plugin: Could not find: libnccl-net.so. Using internal net plugin.
MOC-R4PCC04U05:682216:682343 [2] NCCL INFO NET/Socket : Using [0]eno7np0:192.168.50.193<0>
MOC-R4PCC04U05:682217:682341 [3] NCCL INFO NET/Socket : GPU Direct RDMA Disabled for HCA 0 'eno7np0'
MOC-R4PCC04U05:682214:682333 [0] NCCL INFO NET/Socket : GPU Direct RDMA Disabled for HCA 0 'eno7np0'
MOC-R4PCC04U05:682215:682342 [1] NCCL INFO NET/Socket : GPU Direct RDMA Disabled for HCA 0 'eno7np0'
MOC-R4PCC04U05:682216:682343 [2] NCCL INFO NET/Socket : GPU Direct RDMA Disabled for HCA 0 'eno7np0'
MOC-R4PCC04U05:682215:682356 [1] NCCL INFO New proxy recv connection 0 from local rank 1, transport 0
MOC-R4PCC04U05:682215:682360 [1] NCCL INFO Connected to proxy localRank 1 -> connection 0x7f868c004f30
MOC-R4PCC04U05:682216:682354 [2] NCCL INFO New proxy recv connection 0 from local rank 2, transport 0
MOC-R4PCC04U05:682216:682361 [2] NCCL INFO Connected to proxy localRank 2 -> connection 0x7ff3c8004f30
MOC-R4PCC04U05:682215:682356 [1] NCCL INFO New proxy recv connection 1 from local rank 1, transport 0
MOC-R4PCC04U05:682216:682354 [2] NCCL INFO New proxy recv connection 1 from local rank 2, transport 0
MOC-R4PCC04U05:682215:682360 [1] NCCL INFO Connected to proxy localRank 1 -> connection 0x7f868c004fa8
MOC-R4PCC04U05:682216:682361 [2] NCCL INFO Connected to proxy localRank 2 -> connection 0x7ff3c8004fa8
MOC-R4PCC04U05:682217:682352 [3] NCCL INFO New proxy recv connection 0 from local rank 3, transport 0
MOC-R4PCC04U05:682217:682362 [3] NCCL INFO Connected to proxy localRank 3 -> connection 0x7f6514004f30
MOC-R4PCC04U05:682217:682352 [3] NCCL INFO New proxy recv connection 1 from local rank 3, transport 0
MOC-R4PCC04U05:682217:682362 [3] NCCL INFO Connected to proxy localRank 3 -> connection 0x7f6514004fa8
MOC-R4PCC04U05:682214:682357 [0] NCCL INFO New proxy send connection 0 from local rank 0, transport 0
MOC-R4PCC04U05:682214:682363 [0] NCCL INFO Connected to proxy localRank 0 -> connection 0x7fc6b0004f30
MOC-R4PCC04U05:682214:682357 [0] NCCL INFO New proxy send connection 1 from local rank 0, transport 0
MOC-R4PCC04U05:682214:682363 [0] NCCL INFO Connected to proxy localRank 0 -> connection 0x7fc6b0004fa8
MOC-R4PCC04U05:682214:682357 [0] NCCL INFO New proxy send connection 2 from local rank 0, transport 0
MOC-R4PCC04U05:682214:682363 [0] NCCL INFO Connected to proxy localRank 0 -> connection 0x7fc6b0005020
MOC-R4PCC04U05:682214:682357 [0] NCCL INFO New proxy send connection 3 from local rank 0, transport 0
MOC-R4PCC04U05:682214:682363 [0] NCCL INFO Connected to proxy localRank 0 -> connection 0x7fc6b0005098
MOC-R4PCC04U05:682217:682352 [3] NCCL INFO New proxy send connection 2 from local rank 3, transport 2
MOC-R4PCC04U05:682217:682362 [3] NCCL INFO Connected to proxy localRank 3 -> connection 0x7f6514005020
MOC-R4PCC04U05:682217:682362 [3] NCCL INFO Channel 00/0 : 3[3] -> 6[2] [send] via NET/Socket/0
MOC-R4PCC04U05:682217:682352 [3] NCCL INFO New proxy send connection 3 from local rank 3, transport 2
MOC-R4PCC04U05:682217:682362 [3] NCCL INFO Connected to proxy localRank 3 -> connection 0x7f6514005098
MOC-R4PCC04U05:682217:682362 [3] NCCL INFO Channel 02/0 : 3[3] -> 6[2] [send] via NET/Socket/0
MOC-R4PCC04U05:682214:682357 [0] NCCL INFO New proxy recv connection 4 from local rank 0, transport 0
MOC-R4PCC04U05:682214:682363 [0] NCCL INFO Connected to proxy localRank 0 -> connection 0x7fc6b0005110
MOC-R4PCC04U05:682217:682352 [3] NCCL INFO New proxy recv connection 4 from local rank 3, transport 2
MOC-R4PCC04U05:682217:682362 [3] NCCL INFO Connected to proxy localRank 3 -> connection 0x7f6514005110
MOC-R4PCC04U05:682217:682362 [3] NCCL INFO Channel 01/0 : 14[2] -> 3[3] [receive] via NET/Socket/0
MOC-R4PCC04U05:682217:682352 [3] NCCL INFO New proxy recv connection 5 from local rank 3, transport 2
MOC-R4PCC04U05:682217:682362 [3] NCCL INFO Connected to proxy localRank 3 -> connection 0x7f6514005188
MOC-R4PCC04U05:682217:682362 [3] NCCL INFO Channel 03/0 : 14[2] -> 3[3] [receive] via NET/Socket/0
MOC-R4PCC04U05:682217:682352 [3] NCCL INFO New proxy send connection 6 from local rank 3, transport 0
MOC-R4PCC04U05:682217:682362 [3] NCCL INFO Connected to proxy localRank 3 -> connection 0x7f6514005200
MOC-R4PCC04U05:682214:682357 [0] NCCL INFO New proxy recv connection 5 from local rank 0, transport 0
MOC-R4PCC04U05:682214:682363 [0] NCCL INFO Connected to proxy localRank 0 -> connection 0x7fc6b0005188
MOC-R4PCC04U05:682214:682357 [0] NCCL INFO New proxy recv connection 6 from local rank 0, transport 0
MOC-R4PCC04U05:682214:682363 [0] NCCL INFO Connected to proxy localRank 0 -> connection 0x7fc6b0005200
MOC-R4PCC04U05:682217:682352 [3] NCCL INFO New proxy send connection 7 from local rank 3, transport 0
MOC-R4PCC04U05:682217:682362 [3] NCCL INFO Connected to proxy localRank 3 -> connection 0x7f6514005278
MOC-R4PCC04U05:682215:682356 [1] NCCL INFO New proxy recv connection 2 from local rank 1, transport 0
MOC-R4PCC04U05:682215:682360 [1] NCCL INFO Connected to proxy localRank 1 -> connection 0x7f868c005020
MOC-R4PCC04U05:682214:682357 [0] NCCL INFO New proxy recv connection 7 from local rank 0, transport 0
MOC-R4PCC04U05:682214:682363 [0] NCCL INFO Connected to proxy localRank 0 -> connection 0x7fc6b0005278
MOC-R4PCC04U05:682214:682357 [0] NCCL INFO New proxy send connection 8 from local rank 3, transport 0
MOC-R4PCC04U05:682217:682362 [3] NCCL INFO Connected to proxy localRank 0 -> connection 0x7fc6b00052f0
MOC-R4PCC04U05:682216:682354 [2] NCCL INFO New proxy recv connection 2 from local rank 2, transport 2
MOC-R4PCC04U05:682216:682361 [2] NCCL INFO Connected to proxy localRank 2 -> connection 0x7ff3c8005020
MOC-R4PCC04U05:682215:682356 [1] NCCL INFO New proxy recv connection 3 from local rank 1, transport 0
MOC-R4PCC04U05:682215:682360 [1] NCCL INFO Connected to proxy localRank 1 -> connection 0x7f868c005098
MOC-R4PCC04U05:682216:682361 [2] NCCL INFO Channel 00/0 : 15[3] -> 2[2] [receive] via NET/Socket/0
MOC-R4PCC04U05:682216:682354 [2] NCCL INFO New proxy recv connection 3 from local rank 2, transport 2
MOC-R4PCC04U05:682216:682361 [2] NCCL INFO Connected to proxy localRank 2 -> connection 0x7ff3c8005098
MOC-R4PCC04U05:682216:682361 [2] NCCL INFO Channel 02/0 : 15[3] -> 2[2] [receive] via NET/Socket/0
MOC-R4PCC04U05:682216:682354 [2] NCCL INFO New proxy send connection 4 from local rank 2, transport 2
MOC-R4PCC04U05:682216:682361 [2] NCCL INFO Connected to proxy localRank 2 -> connection 0x7ff3c8005110
MOC-R4PCC04U05:682216:682361 [2] NCCL INFO Channel 01/0 : 2[2] -> 7[3] [send] via NET/Socket/0
MOC-R4PCC04U05:682216:682354 [2] NCCL INFO New proxy send connection 5 from local rank 2, transport 2
MOC-R4PCC04U05:682216:682361 [2] NCCL INFO Connected to proxy localRank 2 -> connection 0x7ff3c8005188
MOC-R4PCC04U05:682215:682356 [1] NCCL INFO New proxy send connection 4 from local rank 1, transport 0
MOC-R4PCC04U05:682215:682360 [1] NCCL INFO Connected to proxy localRank 1 -> connection 0x7f868c005110
MOC-R4PCC04U05:682216:682361 [2] NCCL INFO Channel 03/0 : 2[2] -> 7[3] [send] via NET/Socket/0
MOC-R4PCC04U05:682216:682354 [2] NCCL INFO New proxy send connection 6 from local rank 2, transport 0
MOC-R4PCC04U05:682216:682361 [2] NCCL INFO Connected to proxy localRank 2 -> connection 0x7ff3c8005200
MOC-R4PCC04U05:682216:682354 [2] NCCL INFO New proxy send connection 7 from local rank 2, transport 0
MOC-R4PCC04U05:682216:682361 [2] NCCL INFO Connected to proxy localRank 2 -> connection 0x7ff3c8005278
MOC-R4PCC04U05:682215:682356 [1] NCCL INFO New proxy send connection 5 from local rank 1, transport 0
MOC-R4PCC04U05:682215:682360 [1] NCCL INFO Connected to proxy localRank 1 -> connection 0x7f868c005188
MOC-R4PCC04U05:682215:682356 [1] NCCL INFO New proxy send connection 6 from local rank 1, transport 0
MOC-R4PCC04U05:682215:682360 [1] NCCL INFO Connected to proxy localRank 1 -> connection 0x7f868c005200
MOC-R4PCC04U05:682215:682356 [1] NCCL INFO New proxy send connection 7 from local rank 1, transport 0
MOC-R4PCC04U05:682215:682360 [1] NCCL INFO Connected to proxy localRank 1 -> connection 0x7f868c005278
MOC-R4PCC04U05:682214:682357 [0] NCCL INFO New proxy send connection 9 from local rank 2, transport 0
MOC-R4PCC04U05:682216:682361 [2] NCCL INFO Connected to proxy localRank 0 -> connection 0x7fc6b0005368
MOC-R4PCC04U05:682216:682354 [2] NCCL INFO New proxy send connection 8 from local rank 0, transport 0
MOC-R4PCC04U05:682214:682363 [0] NCCL INFO Connected to proxy localRank 2 -> connection 0x7ff3c80052f0
MOC-R4PCC04U05:682217:682352 [3] NCCL INFO New proxy send connection 8 from local rank 1, transport 0
MOC-R4PCC04U05:682215:682360 [1] NCCL INFO Connected to proxy localRank 3 -> connection 0x7f65140052f0
MOC-R4PCC04U05:682215:682356 [1] NCCL INFO New proxy send connection 8 from local rank 3, transport 0
MOC-R4PCC04U05:682217:682362 [3] NCCL INFO Connected to proxy localRank 1 -> connection 0x7f868c0052f0
MOC-R4PCC04U05:682215:682356 [1] NCCL INFO New proxy send connection 9 from local rank 2, transport 0
MOC-R4PCC04U05:682216:682361 [2] NCCL INFO Connected to proxy localRank 1 -> connection 0x7f868c005368
MOC-R4PCC04U05:682217:682352 [3] NCCL INFO New proxy send connection 9 from local rank 0, transport 0
MOC-R4PCC04U05:682214:682363 [0] NCCL INFO Connected to proxy localRank 3 -> connection 0x7f6514005368
MOC-R4PCC04U05:682214:682357 [0] NCCL INFO New proxy send connection 10 from local rank 1, transport 0
MOC-R4PCC04U05:682215:682360 [1] NCCL INFO Connected to proxy localRank 0 -> connection 0x7fc6b00053e0
MOC-R4PCC04U05:682215:682356 [1] NCCL INFO New proxy send connection 10 from local rank 0, transport 0
MOC-R4PCC04U05:682216:682354 [2] NCCL INFO New proxy send connection 9 from local rank 1, transport 0
MOC-R4PCC04U05:682214:682363 [0] NCCL INFO Connected to proxy localRank 1 -> connection 0x7f868c0053e0
MOC-R4PCC04U05:682215:682360 [1] NCCL INFO Connected to proxy localRank 2 -> connection 0x7ff3c8005368
num decayed parameter tensors: 50, with 124,318,464 parameters
num non-decayed parameter tensors: 98, with 121,344 parameters
using fused AdamW: False
using regular AdamW
MOC-R4PCC04U05:682217:682352 [3] NCCL INFO New proxy recv connection 10 from local rank 3, transport 0
MOC-R4PCC04U05:682217:683086 [3] NCCL INFO Connected to proxy localRank 3 -> connection 0x7f65140053e0
MOC-R4PCC04U05:682217:682352 [3] NCCL INFO New proxy recv connection 11 from local rank 3, transport 0
MOC-R4PCC04U05:682217:683086 [3] NCCL INFO Connected to proxy localRank 3 -> connection 0x7f6514005458
MOC-R4PCC04U05:682214:682357 [0] NCCL INFO New proxy send connection 11 from local rank 0, transport 0
MOC-R4PCC04U05:682214:683087 [0] NCCL INFO Connected to proxy localRank 0 -> connection 0x7fc6b0005458
MOC-R4PCC04U05:682214:682357 [0] NCCL INFO New proxy send connection 12 from local rank 0, transport 0
MOC-R4PCC04U05:682214:683087 [0] NCCL INFO Connected to proxy localRank 0 -> connection 0x7fc6b00054d0
MOC-R4PCC04U05:682214:682357 [0] NCCL INFO New proxy send connection 13 from local rank 0, transport 0
MOC-R4PCC04U05:682214:683087 [0] NCCL INFO Connected to proxy localRank 0 -> connection 0x7fc6b0005548
MOC-R4PCC04U05:682214:682357 [0] NCCL INFO New proxy send connection 14 from local rank 0, transport 0
MOC-R4PCC04U05:682214:683087 [0] NCCL INFO Connected to proxy localRank 0 -> connection 0x7fc6b00055c0
MOC-R4PCC04U05:682215:682356 [1] NCCL INFO New proxy recv connection 11 from local rank 1, transport 0
MOC-R4PCC04U05:682215:683088 [1] NCCL INFO Connected to proxy localRank 1 -> connection 0x7f868c005458
MOC-R4PCC04U05:682215:682356 [1] NCCL INFO New proxy recv connection 12 from local rank 1, transport 0
MOC-R4PCC04U05:682215:683088 [1] NCCL INFO Connected to proxy localRank 1 -> connection 0x7f868c0054d0
MOC-R4PCC04U05:682215:682356 [1] NCCL INFO New proxy recv connection 13 from local rank 1, transport 0
MOC-R4PCC04U05:682215:683088 [1] NCCL INFO Connected to proxy localRank 1 -> connection 0x7f868c005548
MOC-R4PCC04U05:682215:682356 [1] NCCL INFO New proxy recv connection 14 from local rank 1, transport 0
MOC-R4PCC04U05:682215:683088 [1] NCCL INFO Connected to proxy localRank 1 -> connection 0x7f868c0055c0
MOC-R4PCC04U05:682215:682356 [1] NCCL INFO New proxy send connection 15 from local rank 1, transport 0
MOC-R4PCC04U05:682215:683088 [1] NCCL INFO Connected to proxy localRank 1 -> connection 0x7f868c005638
MOC-R4PCC04U05:682215:682356 [1] NCCL INFO New proxy send connection 16 from local rank 1, transport 0
MOC-R4PCC04U05:682215:683088 [1] NCCL INFO Connected to proxy localRank 1 -> connection 0x7f868c0056b0
MOC-R4PCC04U05:682215:682356 [1] NCCL INFO New proxy send connection 17 from local rank 1, transport 0
MOC-R4PCC04U05:682215:683088 [1] NCCL INFO Connected to proxy localRank 1 -> connection 0x7f868c005728
MOC-R4PCC04U05:682215:682356 [1] NCCL INFO New proxy send connection 18 from local rank 1, transport 0
MOC-R4PCC04U05:682215:683088 [1] NCCL INFO Connected to proxy localRank 1 -> connection 0x7f868c0057a0
MOC-R4PCC04U05:682214:682357 [0] NCCL INFO New proxy send connection 15 from local rank 0, transport 0
MOC-R4PCC04U05:682214:683087 [0] NCCL INFO Connected to proxy localRank 0 -> connection 0x7fc6b0005638
MOC-R4PCC04U05:682214:682357 [0] NCCL INFO New proxy send connection 16 from local rank 0, transport 0
MOC-R4PCC04U05:682214:683087 [0] NCCL INFO Connected to proxy localRank 0 -> connection 0x7fc6b00056b0
MOC-R4PCC04U05:682214:682357 [0] NCCL INFO New proxy recv connection 17 from local rank 0, transport 0
MOC-R4PCC04U05:682214:683087 [0] NCCL INFO Connected to proxy localRank 0 -> connection 0x7fc6b0005728
MOC-R4PCC04U05:682217:682352 [3] NCCL INFO New proxy send connection 12 from local rank 3, transport 2
MOC-R4PCC04U05:682217:683086 [3] NCCL INFO Connected to proxy localRank 3 -> connection 0x7f65140054d0
MOC-R4PCC04U05:682214:682357 [0] NCCL INFO New proxy recv connection 18 from local rank 0, transport 0
MOC-R4PCC04U05:682214:683087 [0] NCCL INFO Connected to proxy localRank 0 -> connection 0x7fc6b00057a0
MOC-R4PCC04U05:682214:682357 [0] NCCL INFO New proxy recv connection 19 from local rank 0, transport 0
MOC-R4PCC04U05:682214:683087 [0] NCCL INFO Connected to proxy localRank 0 -> connection 0x7fc6b0005818
MOC-R4PCC04U05:682217:683086 [3] NCCL INFO Channel 02/0 : 3[3] -> 7[3] [send] via NET/Socket/0
MOC-R4PCC04U05:682217:682352 [3] NCCL INFO New proxy send connection 13 from local rank 3, transport 2
MOC-R4PCC04U05:682217:683086 [3] NCCL INFO Connected to proxy localRank 3 -> connection 0x7f6514005548
MOC-R4PCC04U05:682214:682357 [0] NCCL INFO New proxy recv connection 20 from local rank 0, transport 0
MOC-R4PCC04U05:682214:683087 [0] NCCL INFO Connected to proxy localRank 0 -> connection 0x7fc6b0005890
MOC-R4PCC04U05:682217:683086 [3] NCCL INFO Channel 03/0 : 3[3] -> 7[3] [send] via NET/Socket/0
MOC-R4PCC04U05:682217:682352 [3] NCCL INFO New proxy recv connection 14 from local rank 3, transport 2
MOC-R4PCC04U05:682217:683086 [3] NCCL INFO Connected to proxy localRank 3 -> connection 0x7f65140055c0
MOC-R4PCC04U05:682217:683086 [3] NCCL INFO Channel 00/0 : 11[3] -> 3[3] [receive] via NET/Socket/0
MOC-R4PCC04U05:682217:682352 [3] NCCL INFO New proxy recv connection 15 from local rank 3, transport 2
MOC-R4PCC04U05:682217:683086 [3] NCCL INFO Connected to proxy localRank 3 -> connection 0x7f6514005638
MOC-R4PCC04U05:682217:683086 [3] NCCL INFO Channel 01/0 : 11[3] -> 3[3] [receive] via NET/Socket/0
MOC-R4PCC04U05:682217:682352 [3] NCCL INFO New proxy send connection 16 from local rank 3, transport 2
MOC-R4PCC04U05:682217:683086 [3] NCCL INFO Connected to proxy localRank 3 -> connection 0x7f65140056b0
MOC-R4PCC04U05:682217:683086 [3] NCCL INFO Channel 00/0 : 3[3] -> 11[3] [send] via NET/Socket/0
MOC-R4PCC04U05:682217:682352 [3] NCCL INFO New proxy send connection 17 from local rank 3, transport 2
MOC-R4PCC04U05:682217:683086 [3] NCCL INFO Connected to proxy localRank 3 -> connection 0x7f6514005728
MOC-R4PCC04U05:682217:683086 [3] NCCL INFO Channel 01/0 : 3[3] -> 11[3] [send] via NET/Socket/0
MOC-R4PCC04U05:682217:682352 [3] NCCL INFO New proxy recv connection 18 from local rank 3, transport 2
MOC-R4PCC04U05:682217:683086 [3] NCCL INFO Connected to proxy localRank 3 -> connection 0x7f65140057a0
MOC-R4PCC04U05:682217:683086 [3] NCCL INFO Channel 02/0 : 7[3] -> 3[3] [receive] via NET/Socket/0
MOC-R4PCC04U05:682217:682352 [3] NCCL INFO New proxy recv connection 19 from local rank 3, transport 2
MOC-R4PCC04U05:682217:683086 [3] NCCL INFO Connected to proxy localRank 3 -> connection 0x7f6514005818
MOC-R4PCC04U05:682217:683086 [3] NCCL INFO Channel 03/0 : 7[3] -> 3[3] [receive] via NET/Socket/0
MOC-R4PCC04U05:682217:682352 [3] NCCL INFO New proxy send connection 20 from local rank 3, transport 0
MOC-R4PCC04U05:682217:683086 [3] NCCL INFO Connected to proxy localRank 3 -> connection 0x7f6514005890
MOC-R4PCC04U05:682217:682352 [3] NCCL INFO New proxy send connection 21 from local rank 3, transport 0
MOC-R4PCC04U05:682217:683086 [3] NCCL INFO Connected to proxy localRank 3 -> connection 0x7f6514005908
MOC-R4PCC04U05:682217:682352 [3] NCCL INFO New proxy send connection 22 from local rank 3, transport 0
MOC-R4PCC04U05:682217:683086 [3] NCCL INFO Connected to proxy localRank 3 -> connection 0x7f6514005980
MOC-R4PCC04U05:682217:682352 [3] NCCL INFO New proxy send connection 23 from local rank 3, transport 0
MOC-R4PCC04U05:682217:683086 [3] NCCL INFO Connected to proxy localRank 3 -> connection 0x7f65140059f8
MOC-R4PCC04U05:682216:682354 [2] NCCL INFO New proxy recv connection 10 from local rank 2, transport 0
MOC-R4PCC04U05:682216:683089 [2] NCCL INFO Connected to proxy localRank 2 -> connection 0x7ff3c80053e0
MOC-R4PCC04U05:682216:682354 [2] NCCL INFO New proxy recv connection 11 from local rank 2, transport 0
MOC-R4PCC04U05:682216:683089 [2] NCCL INFO Connected to proxy localRank 2 -> connection 0x7ff3c8005458
MOC-R4PCC04U05:682216:682354 [2] NCCL INFO New proxy recv connection 12 from local rank 2, transport 0
MOC-R4PCC04U05:682216:683089 [2] NCCL INFO Connected to proxy localRank 2 -> connection 0x7ff3c80054d0
MOC-R4PCC04U05:682216:682354 [2] NCCL INFO New proxy recv connection 13 from local rank 2, transport 0
MOC-R4PCC04U05:682216:683089 [2] NCCL INFO Connected to proxy localRank 2 -> connection 0x7ff3c8005548
MOC-R4PCC04U05:682216:682354 [2] NCCL INFO New proxy send connection 14 from local rank 2, transport 0
MOC-R4PCC04U05:682216:683089 [2] NCCL INFO Connected to proxy localRank 2 -> connection 0x7ff3c80055c0
MOC-R4PCC04U05:682215:682356 [1] NCCL INFO New proxy recv connection 19 from local rank 1, transport 0
MOC-R4PCC04U05:682215:683088 [1] NCCL INFO Connected to proxy localRank 1 -> connection 0x7f868c005818
MOC-R4PCC04U05:682216:682354 [2] NCCL INFO New proxy send connection 15 from local rank 2, transport 0
MOC-R4PCC04U05:682216:683089 [2] NCCL INFO Connected to proxy localRank 2 -> connection 0x7ff3c8005638
MOC-R4PCC04U05:682215:682356 [1] NCCL INFO New proxy recv connection 20 from local rank 1, transport 0
MOC-R4PCC04U05:682215:683088 [1] NCCL INFO Connected to proxy localRank 1 -> connection 0x7f868c005890
step    1/10 | train loss 11.010097 | norm 15.4736 | lr 1.00e-04 | (14103.03 ms | 74351 tok/s)
step    2/10 | train loss 10.132357 | norm 5.7712 | lr 1.00e-04 | (271.60 ms | 3860804 tok/s)
step    3/10 | train loss 9.790419 | norm 2.6207 | lr 1.00e-04 | (268.80 ms | 3900931 tok/s)
step    4/10 | train loss 9.620092 | norm 2.1208 | lr 1.00e-04 | (475.52 ms | 2205124 tok/s)
step    5/10 | train loss 9.536891 | norm 2.1163 | lr 1.00e-04 | (264.90 ms | 3958338 tok/s)
step    6/10 | train loss 9.455259 | norm 2.0053 | lr 1.00e-04 | (469.38 ms | 2233951 tok/s)
step    7/10 | train loss 9.369595 | norm 1.9544 | lr 1.00e-04 | (262.55 ms | 3993849 tok/s)
step    8/10 | train loss 9.277901 | norm 1.9223 | lr 1.00e-04 | (263.46 ms | 3979978 tok/s)
step    9/10 | train loss 9.182263 | norm 1.8716 | lr 1.00e-04 | (473.12 ms | 2216312 tok/s)
step   10/10 | train loss 9.094435 | norm 1.7972 | lr 1.00e-04 | (262.64 ms | 3992431 tok/s)
final 9 iters avg: 334.663ms
peak memory consumption: 16601 MiB
