Running pytorch 2.7.0+cu126
using device: cuda:0
total desired batch size: 1310720
=> calculated gradient accumulation steps: 5
using device: cuda:1
using device: cuda:2
using device: cuda:3
compiling the model...
DataLoader: total number of tokens: 1,661,249,667 across 103 files
MOC-R4PCC04U05:371793:371793 [0] NCCL INFO NCCL_SOCKET_IFNAME set to eno7np0
MOC-R4PCC04U05:371793:371793 [0] NCCL INFO NCCL version 2.26.2+cuda12.2
MOC-R4PCC04U05:371793:371836 [0] NCCL INFO NET/Plugin: Could not find: libnccl-net.so. Using internal net plugin.
MOC-R4PCC04U05:371793:371836 [0] NCCL INFO NCCL_IB_HCA set to mlx5_5
MOC-R4PCC04U05:371793:371836 [0] NCCL INFO NET/IB : Made virtual device [0] name=mlx5_5 speed=400000 ndevs=1
MOC-R4PCC04U05:371793:371836 [0] NCCL INFO NET/IB : Using [0]mlx5_5:1/RoCE [RO]; OOB eno7np0:192.168.50.193<0>
MOC-R4PCC04U05:371794:371794 [1] NCCL INFO NCCL_SOCKET_IFNAME set to eno7np0
MOC-R4PCC04U05:371794:371794 [1] NCCL INFO NCCL version 2.26.2+cuda12.2
MOC-R4PCC04U05:371795:371795 [2] NCCL INFO NCCL_SOCKET_IFNAME set to eno7np0
MOC-R4PCC04U05:371796:371796 [3] NCCL INFO NCCL_SOCKET_IFNAME set to eno7np0
MOC-R4PCC04U05:371795:371795 [2] NCCL INFO NCCL version 2.26.2+cuda12.2
MOC-R4PCC04U05:371796:371796 [3] NCCL INFO NCCL version 2.26.2+cuda12.2
MOC-R4PCC04U05:371794:371838 [1] NCCL INFO NET/Plugin: Could not find: libnccl-net.so. Using internal net plugin.
MOC-R4PCC04U05:371794:371838 [1] NCCL INFO NCCL_IB_HCA set to mlx5_5
MOC-R4PCC04U05:371795:371839 [2] NCCL INFO NET/Plugin: Could not find: libnccl-net.so. Using internal net plugin.
MOC-R4PCC04U05:371795:371839 [2] NCCL INFO NCCL_IB_HCA set to mlx5_5
MOC-R4PCC04U05:371796:371840 [3] NCCL INFO NET/Plugin: Could not find: libnccl-net.so. Using internal net plugin.
MOC-R4PCC04U05:371796:371840 [3] NCCL INFO NCCL_IB_HCA set to mlx5_5
MOC-R4PCC04U05:371794:371838 [1] NCCL INFO NET/IB : Made virtual device [0] name=mlx5_5 speed=400000 ndevs=1
MOC-R4PCC04U05:371794:371838 [1] NCCL INFO NET/IB : Using [0]mlx5_5:1/RoCE [RO]; OOB eno7np0:192.168.50.193<0>
MOC-R4PCC04U05:371796:371840 [3] NCCL INFO NET/IB : Made virtual device [0] name=mlx5_5 speed=400000 ndevs=1
MOC-R4PCC04U05:371795:371839 [2] NCCL INFO NET/IB : Made virtual device [0] name=mlx5_5 speed=400000 ndevs=1
MOC-R4PCC04U05:371796:371840 [3] NCCL INFO NET/IB : Using [0]mlx5_5:1/RoCE [RO]; OOB eno7np0:192.168.50.193<0>
MOC-R4PCC04U05:371795:371839 [2] NCCL INFO NET/IB : Using [0]mlx5_5:1/RoCE [RO]; OOB eno7np0:192.168.50.193<0>
MOC-R4PCC04U05:371796:371840 [3] NCCL INFO NET/IB : GPU Direct RDMA Enabled for HCA 0 'mlx5_5'
MOC-R4PCC04U05:371796:371840 [3] NCCL INFO NET/IB : Made virtual device [1] name=mlx5_5 speed=400000 ndevs=1
MOC-R4PCC04U05:371796:371840 [3] NCCL INFO NET/IB : GPU Direct RDMA Enabled for HCA 0 'mlx5_5'
MOC-R4PCC04U05:371796:371840 [3] NCCL INFO NET/IB : GPU Direct RDMA Enabled for HCA 1 'mlx5_5'
MOC-R4PCC04U05:371793:371836 [0] NCCL INFO NET/IB : GPU Direct RDMA Enabled for HCA 0 'mlx5_5'
MOC-R4PCC04U05:371793:371836 [0] NCCL INFO NET/IB : Made virtual device [1] name=mlx5_5 speed=400000 ndevs=1
MOC-R4PCC04U05:371793:371836 [0] NCCL INFO NET/IB : GPU Direct RDMA Enabled for HCA 0 'mlx5_5'
MOC-R4PCC04U05:371793:371836 [0] NCCL INFO NET/IB : GPU Direct RDMA Enabled for HCA 1 'mlx5_5'
MOC-R4PCC04U05:371795:371839 [2] NCCL INFO NET/IB : GPU Direct RDMA Enabled for HCA 0 'mlx5_5'
MOC-R4PCC04U05:371795:371839 [2] NCCL INFO NET/IB : Made virtual device [1] name=mlx5_5 speed=400000 ndevs=1
MOC-R4PCC04U05:371795:371839 [2] NCCL INFO NET/IB : GPU Direct RDMA Enabled for HCA 0 'mlx5_5'
MOC-R4PCC04U05:371795:371839 [2] NCCL INFO NET/IB : GPU Direct RDMA Enabled for HCA 1 'mlx5_5'
MOC-R4PCC04U05:371794:371838 [1] NCCL INFO NET/IB : GPU Direct RDMA Enabled for HCA 0 'mlx5_5'
MOC-R4PCC04U05:371794:371838 [1] NCCL INFO NET/IB : Made virtual device [1] name=mlx5_5 speed=400000 ndevs=1
MOC-R4PCC04U05:371794:371838 [1] NCCL INFO NET/IB : GPU Direct RDMA Enabled for HCA 0 'mlx5_5'
MOC-R4PCC04U05:371794:371838 [1] NCCL INFO NET/IB : GPU Direct RDMA Enabled for HCA 1 'mlx5_5'
MOC-R4PCC04U05:371794:371838 [1] NCCL INFO NCCL_NET_GDR_LEVEL set by environment to LOC
MOC-R4PCC04U05:371794:371838 [1] NCCL INFO GPU Direct RDMA Disabled for GPU 0 / HCA 1 (distance 5 > 0)
MOC-R4PCC04U05:371794:371838 [1] NCCL INFO GPU Direct RDMA Disabled for GPU 1 / HCA 1 (distance 5 > 0)
MOC-R4PCC04U05:371794:371838 [1] NCCL INFO GPU Direct RDMA Disabled for GPU 2 / HCA 1 (distance 5 > 0)
MOC-R4PCC04U05:371794:371838 [1] NCCL INFO GPU Direct RDMA Disabled for GPU 0 / HCA 1 (distance 5 > 0)
MOC-R4PCC04U05:371794:371838 [1] NCCL INFO GPU Direct RDMA Disabled for GPU 1 / HCA 1 (distance 5 > 0)
MOC-R4PCC04U05:371794:371838 [1] NCCL INFO GPU Direct RDMA Disabled for GPU 2 / HCA 1 (distance 5 > 0)
MOC-R4PCC04U05:371793:371836 [0] NCCL INFO NCCL_NET_GDR_LEVEL set by environment to LOC
MOC-R4PCC04U05:371793:371836 [0] NCCL INFO GPU Direct RDMA Disabled for GPU 0 / HCA 1 (distance 5 > 0)
MOC-R4PCC04U05:371793:371836 [0] NCCL INFO GPU Direct RDMA Disabled for GPU 1 / HCA 1 (distance 5 > 0)
MOC-R4PCC04U05:371793:371836 [0] NCCL INFO GPU Direct RDMA Disabled for GPU 2 / HCA 1 (distance 5 > 0)
MOC-R4PCC04U05:371793:371836 [0] NCCL INFO GPU Direct RDMA Disabled for GPU 0 / HCA 1 (distance 5 > 0)
MOC-R4PCC04U05:371793:371836 [0] NCCL INFO GPU Direct RDMA Disabled for GPU 1 / HCA 1 (distance 5 > 0)
MOC-R4PCC04U05:371793:371836 [0] NCCL INFO GPU Direct RDMA Disabled for GPU 2 / HCA 1 (distance 5 > 0)
MOC-R4PCC04U05:371795:371839 [2] NCCL INFO NCCL_NET_GDR_LEVEL set by environment to LOC
MOC-R4PCC04U05:371795:371839 [2] NCCL INFO GPU Direct RDMA Disabled for GPU 0 / HCA 1 (distance 5 > 0)
MOC-R4PCC04U05:371795:371839 [2] NCCL INFO GPU Direct RDMA Disabled for GPU 1 / HCA 1 (distance 5 > 0)
MOC-R4PCC04U05:371795:371839 [2] NCCL INFO GPU Direct RDMA Disabled for GPU 2 / HCA 1 (distance 5 > 0)
MOC-R4PCC04U05:371795:371839 [2] NCCL INFO GPU Direct RDMA Disabled for GPU 0 / HCA 1 (distance 5 > 0)
MOC-R4PCC04U05:371795:371839 [2] NCCL INFO GPU Direct RDMA Disabled for GPU 1 / HCA 1 (distance 5 > 0)
MOC-R4PCC04U05:371795:371839 [2] NCCL INFO GPU Direct RDMA Disabled for GPU 2 / HCA 1 (distance 5 > 0)
MOC-R4PCC04U05:371796:371840 [3] NCCL INFO NCCL_NET_GDR_LEVEL set by environment to LOC
MOC-R4PCC04U05:371796:371840 [3] NCCL INFO GPU Direct RDMA Disabled for GPU 0 / HCA 1 (distance 5 > 0)
MOC-R4PCC04U05:371796:371840 [3] NCCL INFO GPU Direct RDMA Disabled for GPU 1 / HCA 1 (distance 5 > 0)
MOC-R4PCC04U05:371796:371840 [3] NCCL INFO GPU Direct RDMA Disabled for GPU 2 / HCA 1 (distance 5 > 0)
MOC-R4PCC04U05:371796:371840 [3] NCCL INFO GPU Direct RDMA Disabled for GPU 0 / HCA 1 (distance 5 > 0)
MOC-R4PCC04U05:371796:371840 [3] NCCL INFO GPU Direct RDMA Disabled for GPU 1 / HCA 1 (distance 5 > 0)
MOC-R4PCC04U05:371796:371840 [3] NCCL INFO GPU Direct RDMA Disabled for GPU 2 / HCA 1 (distance 5 > 0)
MOC-R4PCC04U05:371793:371852 [0] NCCL INFO New proxy send connection 0 from local rank 0, transport 0
MOC-R4PCC04U05:371793:371860 [0] NCCL INFO Connected to proxy localRank 0 -> connection 0x7fac84004f30
MOC-R4PCC04U05:371793:371852 [0] NCCL INFO New proxy send connection 1 from local rank 0, transport 0
MOC-R4PCC04U05:371793:371860 [0] NCCL INFO Connected to proxy localRank 0 -> connection 0x7fac84004fa8
MOC-R4PCC04U05:371795:371853 [2] NCCL INFO New proxy recv connection 0 from local rank 2, transport 0
MOC-R4PCC04U05:371795:371861 [2] NCCL INFO Connected to proxy localRank 2 -> connection 0x7f72d0004f30
MOC-R4PCC04U05:371794:371858 [1] NCCL INFO New proxy recv connection 0 from local rank 1, transport 0
MOC-R4PCC04U05:371794:371862 [1] NCCL INFO Connected to proxy localRank 1 -> connection 0x7fe8cc004f30
MOC-R4PCC04U05:371796:371856 [3] NCCL INFO New proxy recv connection 0 from local rank 3, transport 0
MOC-R4PCC04U05:371796:371863 [3] NCCL INFO Connected to proxy localRank 3 -> connection 0x7fc160004f30
MOC-R4PCC04U05:371794:371858 [1] NCCL INFO New proxy recv connection 1 from local rank 1, transport 0
MOC-R4PCC04U05:371794:371862 [1] NCCL INFO Connected to proxy localRank 1 -> connection 0x7fe8cc004fa8
MOC-R4PCC04U05:371795:371853 [2] NCCL INFO New proxy recv connection 1 from local rank 2, transport 0
MOC-R4PCC04U05:371795:371861 [2] NCCL INFO Connected to proxy localRank 2 -> connection 0x7f72d0004fa8
MOC-R4PCC04U05:371796:371856 [3] NCCL INFO New proxy recv connection 1 from local rank 3, transport 0
MOC-R4PCC04U05:371796:371863 [3] NCCL INFO Connected to proxy localRank 3 -> connection 0x7fc160004fa8
MOC-R4PCC04U05:371793:371852 [0] NCCL INFO New proxy send connection 2 from local rank 0, transport 0
MOC-R4PCC04U05:371795:371861 [2] NCCL INFO GPU Direct RDMA Disabled for GPU 2 / HCA 1 (distance 7 > 0)
MOC-R4PCC04U05:371793:371860 [0] NCCL INFO Connected to proxy localRank 0 -> connection 0x7fac84005020
MOC-R4PCC04U05:371796:371863 [3] NCCL INFO GPU Direct RDMA Disabled for GPU 3 / HCA 1 (distance 7 > 0)
MOC-R4PCC04U05:371793:371852 [0] NCCL INFO New proxy send connection 3 from local rank 0, transport 0
MOC-R4PCC04U05:371793:371860 [0] NCCL INFO Connected to proxy localRank 0 -> connection 0x7fac84005098
MOC-R4PCC04U05:371795:371853 [2] NCCL INFO New proxy recv connection 2 from local rank 2, transport 2
MOC-R4PCC04U05:371795:371861 [2] NCCL INFO Connected to proxy localRank 2 -> connection 0x7f72d0005020
MOC-R4PCC04U05:371795:371861 [2] NCCL INFO Channel 00/0 : 7[3] -> 2[2] [receive] via NET/IB/1
MOC-R4PCC04U05:371795:371861 [2] NCCL INFO GPU Direct RDMA Disabled for GPU 2 / HCA 1 (distance 7 > 0)
MOC-R4PCC04U05:371795:371853 [2] NCCL INFO New proxy recv connection 3 from local rank 2, transport 2
MOC-R4PCC04U05:371795:371861 [2] NCCL INFO Connected to proxy localRank 2 -> connection 0x7f72d0005098
MOC-R4PCC04U05:371795:371861 [2] NCCL INFO Channel 02/0 : 7[3] -> 2[2] [receive] via NET/IB/1
MOC-R4PCC04U05:371795:371861 [2] NCCL INFO GPU Direct RDMA Disabled for GPU 2 / HCA 1 (distance 7 > 0)
MOC-R4PCC04U05:371795:371853 [2] NCCL INFO New proxy send connection 4 from local rank 2, transport 2
MOC-R4PCC04U05:371795:371861 [2] NCCL INFO Connected to proxy localRank 2 -> connection 0x7f72d0005110
MOC-R4PCC04U05:371795:371861 [2] NCCL INFO Channel 01/0 : 2[2] -> 7[3] [send] via NET/IB/1
MOC-R4PCC04U05:371795:371861 [2] NCCL INFO GPU Direct RDMA Disabled for GPU 2 / HCA 1 (distance 7 > 0)
MOC-R4PCC04U05:371795:371853 [2] NCCL INFO New proxy send connection 5 from local rank 2, transport 2
MOC-R4PCC04U05:371795:371861 [2] NCCL INFO Connected to proxy localRank 2 -> connection 0x7f72d0005188
MOC-R4PCC04U05:371795:371861 [2] NCCL INFO Channel 03/0 : 2[2] -> 7[3] [send] via NET/IB/1
MOC-R4PCC04U05:371796:371856 [3] NCCL INFO New proxy send connection 2 from local rank 3, transport 2
MOC-R4PCC04U05:371796:371863 [3] NCCL INFO Connected to proxy localRank 3 -> connection 0x7fc160005020
MOC-R4PCC04U05:371796:371863 [3] NCCL INFO Channel 00/0 : 3[3] -> 6[2] [send] via NET/IB/1
MOC-R4PCC04U05:371796:371863 [3] NCCL INFO GPU Direct RDMA Disabled for GPU 3 / HCA 1 (distance 7 > 0)
MOC-R4PCC04U05:371796:371856 [3] NCCL INFO New proxy send connection 3 from local rank 3, transport 2
MOC-R4PCC04U05:371796:371863 [3] NCCL INFO Connected to proxy localRank 3 -> connection 0x7fc160005098
MOC-R4PCC04U05:371796:371863 [3] NCCL INFO Channel 02/0 : 3[3] -> 6[2] [send] via NET/IB/1
MOC-R4PCC04U05:371795:371853 [2] NCCL INFO New proxy send connection 6 from local rank 2, transport 0
MOC-R4PCC04U05:371795:371861 [2] NCCL INFO Connected to proxy localRank 2 -> connection 0x7f72d0005200
MOC-R4PCC04U05:371793:371852 [0] NCCL INFO New proxy recv connection 4 from local rank 0, transport 0
MOC-R4PCC04U05:371793:371860 [0] NCCL INFO Connected to proxy localRank 0 -> connection 0x7fac84005110
MOC-R4PCC04U05:371796:371863 [3] NCCL INFO GPU Direct RDMA Disabled for GPU 3 / HCA 1 (distance 7 > 0)
MOC-R4PCC04U05:371796:371856 [3] NCCL INFO New proxy recv connection 4 from local rank 3, transport 2
MOC-R4PCC04U05:371796:371863 [3] NCCL INFO Connected to proxy localRank 3 -> connection 0x7fc160005110
MOC-R4PCC04U05:371796:371863 [3] NCCL INFO Channel 01/0 : 6[2] -> 3[3] [receive] via NET/IB/1
MOC-R4PCC04U05:371796:371863 [3] NCCL INFO GPU Direct RDMA Disabled for GPU 3 / HCA 1 (distance 7 > 0)
MOC-R4PCC04U05:371796:371856 [3] NCCL INFO New proxy recv connection 5 from local rank 3, transport 2
MOC-R4PCC04U05:371796:371863 [3] NCCL INFO Connected to proxy localRank 3 -> connection 0x7fc160005188
MOC-R4PCC04U05:371796:371863 [3] NCCL INFO Channel 03/0 : 6[2] -> 3[3] [receive] via NET/IB/1
MOC-R4PCC04U05:371795:371853 [2] NCCL INFO New proxy send connection 7 from local rank 2, transport 0
MOC-R4PCC04U05:371795:371861 [2] NCCL INFO Connected to proxy localRank 2 -> connection 0x7f72d0005278
MOC-R4PCC04U05:371796:371856 [3] NCCL INFO New proxy send connection 6 from local rank 3, transport 0
MOC-R4PCC04U05:371796:371863 [3] NCCL INFO Connected to proxy localRank 3 -> connection 0x7fc160005200
MOC-R4PCC04U05:371793:371852 [0] NCCL INFO New proxy recv connection 5 from local rank 0, transport 0
MOC-R4PCC04U05:371793:371860 [0] NCCL INFO Connected to proxy localRank 0 -> connection 0x7fac84005188
MOC-R4PCC04U05:371796:371856 [3] NCCL INFO New proxy send connection 7 from local rank 3, transport 0
MOC-R4PCC04U05:371796:371863 [3] NCCL INFO Connected to proxy localRank 3 -> connection 0x7fc160005278
MOC-R4PCC04U05:371793:371852 [0] NCCL INFO New proxy recv connection 6 from local rank 0, transport 0
MOC-R4PCC04U05:371793:371860 [0] NCCL INFO Connected to proxy localRank 0 -> connection 0x7fac84005200
MOC-R4PCC04U05:371794:371858 [1] NCCL INFO New proxy recv connection 2 from local rank 1, transport 0
MOC-R4PCC04U05:371794:371862 [1] NCCL INFO Connected to proxy localRank 1 -> connection 0x7fe8cc005020
MOC-R4PCC04U05:371793:371852 [0] NCCL INFO New proxy recv connection 7 from local rank 0, transport 0
MOC-R4PCC04U05:371793:371860 [0] NCCL INFO Connected to proxy localRank 0 -> connection 0x7fac84005278
MOC-R4PCC04U05:371793:371852 [0] NCCL INFO New proxy send connection 8 from local rank 3, transport 0
MOC-R4PCC04U05:371796:371863 [3] NCCL INFO Connected to proxy localRank 0 -> connection 0x7fac840052f0
MOC-R4PCC04U05:371794:371858 [1] NCCL INFO New proxy recv connection 3 from local rank 1, transport 0
MOC-R4PCC04U05:371794:371862 [1] NCCL INFO Connected to proxy localRank 1 -> connection 0x7fe8cc005098
MOC-R4PCC04U05:371794:371858 [1] NCCL INFO New proxy send connection 4 from local rank 1, transport 0
MOC-R4PCC04U05:371794:371862 [1] NCCL INFO Connected to proxy localRank 1 -> connection 0x7fe8cc005110
MOC-R4PCC04U05:371794:371858 [1] NCCL INFO New proxy send connection 5 from local rank 1, transport 0
MOC-R4PCC04U05:371794:371862 [1] NCCL INFO Connected to proxy localRank 1 -> connection 0x7fe8cc005188
MOC-R4PCC04U05:371794:371858 [1] NCCL INFO New proxy send connection 6 from local rank 1, transport 0
MOC-R4PCC04U05:371794:371862 [1] NCCL INFO Connected to proxy localRank 1 -> connection 0x7fe8cc005200
MOC-R4PCC04U05:371794:371858 [1] NCCL INFO New proxy send connection 7 from local rank 1, transport 0
MOC-R4PCC04U05:371794:371862 [1] NCCL INFO Connected to proxy localRank 1 -> connection 0x7fe8cc005278
MOC-R4PCC04U05:371796:371856 [3] NCCL INFO New proxy send connection 8 from local rank 1, transport 0
MOC-R4PCC04U05:371793:371852 [0] NCCL INFO New proxy send connection 9 from local rank 2, transport 0
MOC-R4PCC04U05:371794:371862 [1] NCCL INFO Connected to proxy localRank 3 -> connection 0x7fc1600052f0
MOC-R4PCC04U05:371795:371861 [2] NCCL INFO Connected to proxy localRank 0 -> connection 0x7fac84005368
MOC-R4PCC04U05:371795:371853 [2] NCCL INFO New proxy send connection 8 from local rank 0, transport 0
MOC-R4PCC04U05:371793:371860 [0] NCCL INFO Connected to proxy localRank 2 -> connection 0x7f72d00052f0
MOC-R4PCC04U05:371794:371858 [1] NCCL INFO New proxy send connection 8 from local rank 3, transport 0
MOC-R4PCC04U05:371796:371863 [3] NCCL INFO Connected to proxy localRank 1 -> connection 0x7fe8cc0052f0
MOC-R4PCC04U05:371794:371858 [1] NCCL INFO New proxy send connection 9 from local rank 2, transport 0
MOC-R4PCC04U05:371795:371861 [2] NCCL INFO Connected to proxy localRank 1 -> connection 0x7fe8cc005368
MOC-R4PCC04U05:371795:371853 [2] NCCL INFO NET/IB: NCCL Dev 1 IbDev 0 Port 1 qpn 4164 mtu 3 query_ece={supported=1, vendor_id=0x15b3, options=0x30000002, comp_mask=0x0} GID 3 (0/C132A8C0FFFF0000) fifoRkey=0x178443 fifoLkey=0x178443
MOC-R4PCC04U05:371795:371853 [2] NCCL INFO NET/IB: NCCL Dev 1 IbDev 0 Port 1 qpn 4165 mtu 3 query_ece={supported=1, vendor_id=0x15b3, options=0x30000002, comp_mask=0x0} GID 3 (0/C132A8C0FFFF0000) fifoRkey=0x172eed fifoLkey=0x172eed
MOC-R4PCC04U05:371793:371852 [0] NCCL INFO New proxy send connection 10 from local rank 1, transport 0
MOC-R4PCC04U05:371794:371862 [1] NCCL INFO Connected to proxy localRank 0 -> connection 0x7fac840053e0
MOC-R4PCC04U05:371796:371856 [3] NCCL INFO New proxy send connection 9 from local rank 0, transport 0
MOC-R4PCC04U05:371793:371860 [0] NCCL INFO Connected to proxy localRank 3 -> connection 0x7fc160005368
MOC-R4PCC04U05:371795:371853 [2] NCCL INFO New proxy send connection 9 from local rank 1, transport 0
MOC-R4PCC04U05:371794:371862 [1] NCCL INFO Connected to proxy localRank 2 -> connection 0x7f72d0005368
MOC-R4PCC04U05:371794:371858 [1] NCCL INFO New proxy send connection 10 from local rank 0, transport 0
MOC-R4PCC04U05:371793:371860 [0] NCCL INFO Connected to proxy localRank 1 -> connection 0x7fe8cc0053e0
MOC-R4PCC04U05:371795:371853 [2] NCCL INFO NET/IB: IbDev 0 Port 1 qpn 5536 set_ece={supported=1, vendor_id=0x15b3, options=0x0, comp_mask=0x0}
MOC-R4PCC04U05:371796:371856 [3] NCCL INFO NET/IB: NCCL Dev 1 IbDev 0 Port 1 qpn 4166 mtu 3 query_ece={supported=1, vendor_id=0x15b3, options=0x30000002, comp_mask=0x0} GID 3 (0/C132A8C0FFFF0000) fifoRkey=0x1722e1 fifoLkey=0x1722e1
MOC-R4PCC04U05:371796:371856 [3] NCCL INFO NET/IB: NCCL Dev 1 IbDev 0 Port 1 qpn 4167 mtu 3 query_ece={supported=1, vendor_id=0x15b3, options=0x30000002, comp_mask=0x0} GID 3 (0/C132A8C0FFFF0000) fifoRkey=0x17904f fifoLkey=0x17904f
MOC-R4PCC04U05:371796:371856 [3] NCCL INFO NET/IB: IbDev 0 Port 1 qpn 5540 set_ece={supported=1, vendor_id=0x15b3, options=0x0, comp_mask=0x0}
MOC-R4PCC04U05:371795:371853 [2] NCCL INFO NET/IB: IbDev 0 Port 1 qpn 5538 set_ece={supported=1, vendor_id=0x15b3, options=0x0, comp_mask=0x0}
MOC-R4PCC04U05:371796:371856 [3] NCCL INFO NET/IB: IbDev 0 Port 1 qpn 5542 set_ece={supported=1, vendor_id=0x15b3, options=0x0, comp_mask=0x0}
num decayed parameter tensors: 50, with 124,318,464 parameters
num non-decayed parameter tensors: 98, with 121,344 parameters
using fused AdamW: False
using regular AdamW
MOC-R4PCC04U05:371795:371853 [2] NCCL INFO New proxy recv connection 10 from local rank 2, transport 0
MOC-R4PCC04U05:371795:372554 [2] NCCL INFO Connected to proxy localRank 2 -> connection 0x7f72d00053e0
MOC-R4PCC04U05:371795:371853 [2] NCCL INFO New proxy recv connection 11 from local rank 2, transport 0
MOC-R4PCC04U05:371795:372554 [2] NCCL INFO Connected to proxy localRank 2 -> connection 0x7f72d0005458
MOC-R4PCC04U05:371793:371852 [0] NCCL INFO New proxy send connection 11 from local rank 0, transport 0
MOC-R4PCC04U05:371795:371853 [2] NCCL INFO New proxy recv connection 12 from local rank 2, transport 0
MOC-R4PCC04U05:371793:372555 [0] NCCL INFO Connected to proxy localRank 0 -> connection 0x7fac84005458
MOC-R4PCC04U05:371795:372554 [2] NCCL INFO Connected to proxy localRank 2 -> connection 0x7f72d00054d0
MOC-R4PCC04U05:371795:371853 [2] NCCL INFO New proxy recv connection 13 from local rank 2, transport 0
MOC-R4PCC04U05:371795:372554 [2] NCCL INFO Connected to proxy localRank 2 -> connection 0x7f72d0005548
MOC-R4PCC04U05:371793:371852 [0] NCCL INFO New proxy send connection 12 from local rank 0, transport 0
MOC-R4PCC04U05:371793:372555 [0] NCCL INFO Connected to proxy localRank 0 -> connection 0x7fac840054d0
MOC-R4PCC04U05:371793:371852 [0] NCCL INFO New proxy send connection 13 from local rank 0, transport 0
MOC-R4PCC04U05:371793:372555 [0] NCCL INFO Connected to proxy localRank 0 -> connection 0x7fac84005548
MOC-R4PCC04U05:371793:371852 [0] NCCL INFO New proxy send connection 14 from local rank 0, transport 0
MOC-R4PCC04U05:371793:372555 [0] NCCL INFO Connected to proxy localRank 0 -> connection 0x7fac840055c0
MOC-R4PCC04U05:371796:371856 [3] NCCL INFO New proxy recv connection 10 from local rank 3, transport 0
MOC-R4PCC04U05:371796:372556 [3] NCCL INFO Connected to proxy localRank 3 -> connection 0x7fc1600053e0
MOC-R4PCC04U05:371796:371856 [3] NCCL INFO New proxy recv connection 11 from local rank 3, transport 0
MOC-R4PCC04U05:371796:372556 [3] NCCL INFO Connected to proxy localRank 3 -> connection 0x7fc160005458
MOC-R4PCC04U05:371794:371858 [1] NCCL INFO New proxy recv connection 11 from local rank 1, transport 0
MOC-R4PCC04U05:371794:372557 [1] NCCL INFO Connected to proxy localRank 1 -> connection 0x7fe8cc005458
MOC-R4PCC04U05:371794:371858 [1] NCCL INFO New proxy recv connection 12 from local rank 1, transport 0
MOC-R4PCC04U05:371794:372557 [1] NCCL INFO Connected to proxy localRank 1 -> connection 0x7fe8cc0054d0
MOC-R4PCC04U05:371794:371858 [1] NCCL INFO New proxy recv connection 13 from local rank 1, transport 0
MOC-R4PCC04U05:371794:372557 [1] NCCL INFO Connected to proxy localRank 1 -> connection 0x7fe8cc005548
MOC-R4PCC04U05:371794:371858 [1] NCCL INFO New proxy recv connection 14 from local rank 1, transport 0
MOC-R4PCC04U05:371794:372557 [1] NCCL INFO Connected to proxy localRank 1 -> connection 0x7fe8cc0055c0
MOC-R4PCC04U05:371794:371858 [1] NCCL INFO New proxy send connection 15 from local rank 1, transport 0
MOC-R4PCC04U05:371794:372557 [1] NCCL INFO Connected to proxy localRank 1 -> connection 0x7fe8cc005638
MOC-R4PCC04U05:371794:371858 [1] NCCL INFO New proxy send connection 16 from local rank 1, transport 0
MOC-R4PCC04U05:371794:372557 [1] NCCL INFO Connected to proxy localRank 1 -> connection 0x7fe8cc0056b0
MOC-R4PCC04U05:371794:371858 [1] NCCL INFO New proxy send connection 17 from local rank 1, transport 0
MOC-R4PCC04U05:371794:372557 [1] NCCL INFO Connected to proxy localRank 1 -> connection 0x7fe8cc005728
MOC-R4PCC04U05:371794:371858 [1] NCCL INFO New proxy send connection 18 from local rank 1, transport 0
MOC-R4PCC04U05:371794:372557 [1] NCCL INFO Connected to proxy localRank 1 -> connection 0x7fe8cc0057a0
MOC-R4PCC04U05:371793:371852 [0] NCCL INFO New proxy send connection 15 from local rank 0, transport 0
MOC-R4PCC04U05:371794:371858 [1] NCCL INFO New proxy recv connection 19 from local rank 1, transport 0
MOC-R4PCC04U05:371794:372557 [1] NCCL INFO Connected to proxy localRank 1 -> connection 0x7fe8cc005818
MOC-R4PCC04U05:371793:372555 [0] NCCL INFO Connected to proxy localRank 0 -> connection 0x7fac84005638
MOC-R4PCC04U05:371795:371853 [2] NCCL INFO New proxy send connection 14 from local rank 2, transport 0
MOC-R4PCC04U05:371795:372554 [2] NCCL INFO Connected to proxy localRank 2 -> connection 0x7f72d00055c0
MOC-R4PCC04U05:371794:371858 [1] NCCL INFO New proxy recv connection 20 from local rank 1, transport 0
MOC-R4PCC04U05:371794:372557 [1] NCCL INFO Connected to proxy localRank 1 -> connection 0x7fe8cc005890
MOC-R4PCC04U05:371795:371853 [2] NCCL INFO New proxy send connection 15 from local rank 2, transport 0
MOC-R4PCC04U05:371795:372554 [2] NCCL INFO Connected to proxy localRank 2 -> connection 0x7f72d0005638
MOC-R4PCC04U05:371793:371852 [0] NCCL INFO New proxy send connection 16 from local rank 0, transport 0
MOC-R4PCC04U05:371793:372555 [0] NCCL INFO Connected to proxy localRank 0 -> connection 0x7fac840056b0
MOC-R4PCC04U05:371796:372556 [3] NCCL INFO GPU Direct RDMA Disabled for GPU 3 / HCA 1 (distance 7 > 0)
MOC-R4PCC04U05:371793:371852 [0] NCCL INFO New proxy recv connection 17 from local rank 0, transport 0
MOC-R4PCC04U05:371796:371856 [3] NCCL INFO New proxy recv connection 12 from local rank 3, transport 2
MOC-R4PCC04U05:371793:372555 [0] NCCL INFO Connected to proxy localRank 0 -> connection 0x7fac84005728
MOC-R4PCC04U05:371796:372556 [3] NCCL INFO Connected to proxy localRank 3 -> connection 0x7fc1600054d0
MOC-R4PCC04U05:371796:372556 [3] NCCL INFO Channel 00/0 : 7[3] -> 3[3] [receive] via NET/IB/1
MOC-R4PCC04U05:371796:372556 [3] NCCL INFO GPU Direct RDMA Disabled for GPU 3 / HCA 1 (distance 7 > 0)
MOC-R4PCC04U05:371796:371856 [3] NCCL INFO New proxy recv connection 13 from local rank 3, transport 2
MOC-R4PCC04U05:371796:372556 [3] NCCL INFO Connected to proxy localRank 3 -> connection 0x7fc160005548
MOC-R4PCC04U05:371796:372556 [3] NCCL INFO Channel 01/0 : 7[3] -> 3[3] [receive] via NET/IB/1
MOC-R4PCC04U05:371796:372556 [3] NCCL INFO GPU Direct RDMA Disabled for GPU 3 / HCA 1 (distance 7 > 0)
MOC-R4PCC04U05:371796:371856 [3] NCCL INFO New proxy recv connection 14 from local rank 3, transport 2
MOC-R4PCC04U05:371796:372556 [3] NCCL INFO Connected to proxy localRank 3 -> connection 0x7fc1600055c0
MOC-R4PCC04U05:371793:371852 [0] NCCL INFO New proxy recv connection 18 from local rank 0, transport 0
MOC-R4PCC04U05:371793:372555 [0] NCCL INFO Connected to proxy localRank 0 -> connection 0x7fac840057a0
MOC-R4PCC04U05:371796:372556 [3] NCCL INFO Channel 02/0 : 7[3] -> 3[3] [receive] via NET/IB/1
MOC-R4PCC04U05:371796:372556 [3] NCCL INFO GPU Direct RDMA Disabled for GPU 3 / HCA 1 (distance 7 > 0)
MOC-R4PCC04U05:371796:371856 [3] NCCL INFO New proxy recv connection 15 from local rank 3, transport 2
MOC-R4PCC04U05:371796:372556 [3] NCCL INFO Connected to proxy localRank 3 -> connection 0x7fc160005638
MOC-R4PCC04U05:371796:372556 [3] NCCL INFO Channel 03/0 : 7[3] -> 3[3] [receive] via NET/IB/1
MOC-R4PCC04U05:371796:372556 [3] NCCL INFO GPU Direct RDMA Disabled for GPU 3 / HCA 1 (distance 7 > 0)
MOC-R4PCC04U05:371796:371856 [3] NCCL INFO New proxy send connection 16 from local rank 3, transport 2
MOC-R4PCC04U05:371796:372556 [3] NCCL INFO Connected to proxy localRank 3 -> connection 0x7fc1600056b0
MOC-R4PCC04U05:371796:372556 [3] NCCL INFO Channel 00/0 : 3[3] -> 7[3] [send] via NET/IB/1
MOC-R4PCC04U05:371796:372556 [3] NCCL INFO GPU Direct RDMA Disabled for GPU 3 / HCA 1 (distance 7 > 0)
MOC-R4PCC04U05:371796:371856 [3] NCCL INFO New proxy send connection 17 from local rank 3, transport 2
MOC-R4PCC04U05:371796:372556 [3] NCCL INFO Connected to proxy localRank 3 -> connection 0x7fc160005728
MOC-R4PCC04U05:371796:372556 [3] NCCL INFO Channel 01/0 : 3[3] -> 7[3] [send] via NET/IB/1
MOC-R4PCC04U05:371796:372556 [3] NCCL INFO GPU Direct RDMA Disabled for GPU 3 / HCA 1 (distance 7 > 0)
MOC-R4PCC04U05:371796:371856 [3] NCCL INFO New proxy send connection 18 from local rank 3, transport 2
MOC-R4PCC04U05:371796:372556 [3] NCCL INFO Connected to proxy localRank 3 -> connection 0x7fc1600057a0
MOC-R4PCC04U05:371796:372556 [3] NCCL INFO Channel 02/0 : 3[3] -> 7[3] [send] via NET/IB/1
MOC-R4PCC04U05:371796:372556 [3] NCCL INFO GPU Direct RDMA Disabled for GPU 3 / HCA 1 (distance 7 > 0)
MOC-R4PCC04U05:371796:371856 [3] NCCL INFO New proxy send connection 19 from local rank 3, transport 2
MOC-R4PCC04U05:371796:372556 [3] NCCL INFO Connected to proxy localRank 3 -> connection 0x7fc160005818
MOC-R4PCC04U05:371796:372556 [3] NCCL INFO Channel 03/0 : 3[3] -> 7[3] [send] via NET/IB/1
MOC-R4PCC04U05:371796:371856 [3] NCCL INFO New proxy send connection 20 from local rank 3, transport 0
MOC-R4PCC04U05:371796:372556 [3] NCCL INFO Connected to proxy localRank 3 -> connection 0x7fc160005890
MOC-R4PCC04U05:371796:371856 [3] NCCL INFO New proxy send connection 21 from local rank 3, transport 0
MOC-R4PCC04U05:371796:372556 [3] NCCL INFO Connected to proxy localRank 3 -> connection 0x7fc160005908
MOC-R4PCC04U05:371793:371852 [0] NCCL INFO New proxy recv connection 19 from local rank 0, transport 0
MOC-R4PCC04U05:371793:372555 [0] NCCL INFO Connected to proxy localRank 0 -> connection 0x7fac84005818
MOC-R4PCC04U05:371793:371852 [0] NCCL INFO New proxy recv connection 20 from local rank 0, transport 0
MOC-R4PCC04U05:371793:372555 [0] NCCL INFO Connected to proxy localRank 0 -> connection 0x7fac84005890
MOC-R4PCC04U05:371796:371856 [3] NCCL INFO New proxy send connection 22 from local rank 3, transport 0
MOC-R4PCC04U05:371796:372556 [3] NCCL INFO Connected to proxy localRank 3 -> connection 0x7fc160005980
MOC-R4PCC04U05:371796:371856 [3] NCCL INFO New proxy send connection 23 from local rank 3, transport 0
MOC-R4PCC04U05:371796:372556 [3] NCCL INFO Connected to proxy localRank 3 -> connection 0x7fc1600059f8
MOC-R4PCC04U05:371796:371856 [3] NCCL INFO NET/IB: NCCL Dev 1 IbDev 0 Port 1 qpn 4172 mtu 3 query_ece={supported=1, vendor_id=0x15b3, options=0x30000002, comp_mask=0x0} GID 3 (0/C132A8C0FFFF0000) fifoRkey=0x17bf7e fifoLkey=0x17bf7e
MOC-R4PCC04U05:371796:371856 [3] NCCL INFO NET/IB: IbDev 0 Port 1 qpn 5547 set_ece={supported=1, vendor_id=0x15b3, options=0x0, comp_mask=0x0}
MOC-R4PCC04U05:371796:371856 [3] NCCL INFO NET/IB: NCCL Dev 1 IbDev 0 Port 1 qpn 4177 mtu 3 query_ece={supported=1, vendor_id=0x15b3, options=0x30000002, comp_mask=0x0} GID 3 (0/C132A8C0FFFF0000) fifoRkey=0x17cb8a fifoLkey=0x17cb8a
MOC-R4PCC04U05:371796:371856 [3] NCCL INFO NET/IB: NCCL Dev 1 IbDev 0 Port 1 qpn 4180 mtu 3 query_ece={supported=1, vendor_id=0x15b3, options=0x30000002, comp_mask=0x0} GID 3 (0/C132A8C0FFFF0000) fifoRkey=0x179c5b fifoLkey=0x179c5b
MOC-R4PCC04U05:371796:371856 [3] NCCL INFO NET/IB: NCCL Dev 1 IbDev 0 Port 1 qpn 4183 mtu 3 query_ece={supported=1, vendor_id=0x15b3, options=0x30000002, comp_mask=0x0} GID 3 (0/C132A8C0FFFF0000) fifoRkey=0x177837 fifoLkey=0x177837
MOC-R4PCC04U05:371796:371856 [3] NCCL INFO NET/IB: IbDev 0 Port 1 qpn 5552 set_ece={supported=1, vendor_id=0x15b3, options=0x0, comp_mask=0x0}
MOC-R4PCC04U05:371796:371856 [3] NCCL INFO NET/IB: IbDev 0 Port 1 qpn 5554 set_ece={supported=1, vendor_id=0x15b3, options=0x0, comp_mask=0x0}
MOC-R4PCC04U05:371796:371856 [3] NCCL INFO NET/IB: IbDev 0 Port 1 qpn 5556 set_ece={supported=1, vendor_id=0x15b3, options=0x0, comp_mask=0x0}
step    1/10 | train loss 11.010132 | norm 15.4557 | lr 1.00e-04 | (14043.39 ms | 93334 tok/s)
step    2/10 | train loss 10.134737 | norm 5.7680 | lr 1.00e-04 | (418.77 ms | 3129963 tok/s)
step    3/10 | train loss 9.792713 | norm 2.6181 | lr 1.00e-04 | (449.33 ms | 2917071 tok/s)
step    4/10 | train loss 9.622600 | norm 2.1198 | lr 1.00e-04 | (409.74 ms | 3198883 tok/s)
step    5/10 | train loss 9.539337 | norm 2.1126 | lr 1.00e-04 | (478.79 ms | 2737582 tok/s)
step    6/10 | train loss 9.457714 | norm 2.0030 | lr 1.00e-04 | (405.87 ms | 3229392 tok/s)
step    7/10 | train loss 9.371843 | norm 1.9528 | lr 1.00e-04 | (441.57 ms | 2968285 tok/s)
step    8/10 | train loss 9.279835 | norm 1.9192 | lr 1.00e-04 | (404.79 ms | 3237993 tok/s)
step    9/10 | train loss 9.184063 | norm 1.8637 | lr 1.00e-04 | (476.51 ms | 2750648 tok/s)
step   10/10 | train loss 9.097855 | norm 1.7989 | lr 1.00e-04 | (415.09 ms | 3157709 tok/s)
final 9 iters avg: 433.385ms
peak memory consumption: 16601 MiB
