Running pytorch 2.7.0+cu126
using device: cuda:0
total desired batch size: 1572864
=> calculated gradient accumulation steps: 4
using device: cuda:1
using device: cuda:2
using device: cuda:3
compiling the model...
DataLoader: total number of tokens: 1,661,249,667 across 103 files
MOC-R4PCC04U05:602308:602308 [0] NCCL INFO NCCL_SOCKET_IFNAME set to eno7np0
MOC-R4PCC04U05:602308:602308 [0] NCCL INFO NCCL version 2.26.2+cuda12.2
MOC-R4PCC04U05:602308:602412 [0] NCCL INFO NET/Plugin: Could not find: libnccl-net.so. Using internal net plugin.
MOC-R4PCC04U05:602308:602412 [0] NCCL INFO NET/Socket : Using [0]eno7np0:192.168.50.193<0>
MOC-R4PCC04U05:602309:602309 [1] NCCL INFO NCCL_SOCKET_IFNAME set to eno7np0
MOC-R4PCC04U05:602309:602309 [1] NCCL INFO NCCL version 2.26.2+cuda12.2
MOC-R4PCC04U05:602310:602310 [2] NCCL INFO NCCL_SOCKET_IFNAME set to eno7np0
MOC-R4PCC04U05:602310:602310 [2] NCCL INFO NCCL version 2.26.2+cuda12.2
MOC-R4PCC04U05:602311:602311 [3] NCCL INFO NCCL_SOCKET_IFNAME set to eno7np0
MOC-R4PCC04U05:602311:602311 [3] NCCL INFO NCCL version 2.26.2+cuda12.2
MOC-R4PCC04U05:602310:602435 [2] NCCL INFO NET/Plugin: Could not find: libnccl-net.so. Using internal net plugin.
MOC-R4PCC04U05:602309:602434 [1] NCCL INFO NET/Plugin: Could not find: libnccl-net.so. Using internal net plugin.
MOC-R4PCC04U05:602310:602435 [2] NCCL INFO NET/Socket : Using [0]eno7np0:192.168.50.193<0>
MOC-R4PCC04U05:602309:602434 [1] NCCL INFO NET/Socket : Using [0]eno7np0:192.168.50.193<0>
MOC-R4PCC04U05:602311:602436 [3] NCCL INFO NET/Plugin: Could not find: libnccl-net.so. Using internal net plugin.
MOC-R4PCC04U05:602311:602436 [3] NCCL INFO NET/Socket : Using [0]eno7np0:192.168.50.193<0>
MOC-R4PCC04U05:602308:602412 [0] NCCL INFO NET/Socket : GPU Direct RDMA Disabled for HCA 0 'eno7np0'
MOC-R4PCC04U05:602309:602434 [1] NCCL INFO NET/Socket : GPU Direct RDMA Disabled for HCA 0 'eno7np0'
MOC-R4PCC04U05:602310:602435 [2] NCCL INFO NET/Socket : GPU Direct RDMA Disabled for HCA 0 'eno7np0'
MOC-R4PCC04U05:602311:602436 [3] NCCL INFO NET/Socket : GPU Direct RDMA Disabled for HCA 0 'eno7np0'
MOC-R4PCC04U05:602310:602445 [2] NCCL INFO New proxy recv connection 0 from local rank 2, transport 0
MOC-R4PCC04U05:602310:602453 [2] NCCL INFO Connected to proxy localRank 2 -> connection 0x7f6ab4004f30
MOC-R4PCC04U05:602311:602446 [3] NCCL INFO New proxy recv connection 0 from local rank 3, transport 0
MOC-R4PCC04U05:602311:602454 [3] NCCL INFO Connected to proxy localRank 3 -> connection 0x7fcd14004f30
MOC-R4PCC04U05:602311:602446 [3] NCCL INFO New proxy recv connection 1 from local rank 3, transport 0
MOC-R4PCC04U05:602311:602454 [3] NCCL INFO Connected to proxy localRank 3 -> connection 0x7fcd14004fa8
MOC-R4PCC04U05:602310:602445 [2] NCCL INFO New proxy recv connection 1 from local rank 2, transport 0
MOC-R4PCC04U05:602310:602453 [2] NCCL INFO Connected to proxy localRank 2 -> connection 0x7f6ab4004fa8
MOC-R4PCC04U05:602308:602449 [0] NCCL INFO New proxy send connection 0 from local rank 0, transport 0
MOC-R4PCC04U05:602308:602455 [0] NCCL INFO Connected to proxy localRank 0 -> connection 0x7f4d90004f30
MOC-R4PCC04U05:602308:602449 [0] NCCL INFO New proxy send connection 1 from local rank 0, transport 0
MOC-R4PCC04U05:602308:602455 [0] NCCL INFO Connected to proxy localRank 0 -> connection 0x7f4d90004fa8
MOC-R4PCC04U05:602309:602450 [1] NCCL INFO New proxy recv connection 0 from local rank 1, transport 0
MOC-R4PCC04U05:602309:602456 [1] NCCL INFO Connected to proxy localRank 1 -> connection 0x7f4920004f30
MOC-R4PCC04U05:602308:602449 [0] NCCL INFO New proxy send connection 2 from local rank 0, transport 0
MOC-R4PCC04U05:602308:602455 [0] NCCL INFO Connected to proxy localRank 0 -> connection 0x7f4d90005020
MOC-R4PCC04U05:602308:602449 [0] NCCL INFO New proxy send connection 3 from local rank 0, transport 0
MOC-R4PCC04U05:602308:602455 [0] NCCL INFO Connected to proxy localRank 0 -> connection 0x7f4d90005098
MOC-R4PCC04U05:602309:602450 [1] NCCL INFO New proxy recv connection 1 from local rank 1, transport 0
MOC-R4PCC04U05:602309:602456 [1] NCCL INFO Connected to proxy localRank 1 -> connection 0x7f4920004fa8
MOC-R4PCC04U05:602311:602446 [3] NCCL INFO New proxy send connection 2 from local rank 3, transport 2
MOC-R4PCC04U05:602311:602454 [3] NCCL INFO Connected to proxy localRank 3 -> connection 0x7fcd14005020
MOC-R4PCC04U05:602311:602454 [3] NCCL INFO Channel 00/0 : 3[3] -> 6[2] [send] via NET/Socket/0
MOC-R4PCC04U05:602311:602446 [3] NCCL INFO New proxy send connection 3 from local rank 3, transport 2
MOC-R4PCC04U05:602311:602454 [3] NCCL INFO Connected to proxy localRank 3 -> connection 0x7fcd14005098
MOC-R4PCC04U05:602311:602454 [3] NCCL INFO Channel 02/0 : 3[3] -> 6[2] [send] via NET/Socket/0
MOC-R4PCC04U05:602308:602449 [0] NCCL INFO New proxy recv connection 4 from local rank 0, transport 0
MOC-R4PCC04U05:602308:602455 [0] NCCL INFO Connected to proxy localRank 0 -> connection 0x7f4d90005110
MOC-R4PCC04U05:602308:602449 [0] NCCL INFO New proxy recv connection 5 from local rank 0, transport 0
MOC-R4PCC04U05:602308:602455 [0] NCCL INFO Connected to proxy localRank 0 -> connection 0x7f4d90005188
MOC-R4PCC04U05:602308:602449 [0] NCCL INFO New proxy recv connection 6 from local rank 0, transport 0
MOC-R4PCC04U05:602308:602455 [0] NCCL INFO Connected to proxy localRank 0 -> connection 0x7f4d90005200
MOC-R4PCC04U05:602308:602449 [0] NCCL INFO New proxy recv connection 7 from local rank 0, transport 0
MOC-R4PCC04U05:602308:602455 [0] NCCL INFO Connected to proxy localRank 0 -> connection 0x7f4d90005278
MOC-R4PCC04U05:602310:602445 [2] NCCL INFO New proxy recv connection 2 from local rank 2, transport 2
MOC-R4PCC04U05:602310:602453 [2] NCCL INFO Connected to proxy localRank 2 -> connection 0x7f6ab4005020
MOC-R4PCC04U05:602310:602453 [2] NCCL INFO Channel 00/0 : 11[3] -> 2[2] [receive] via NET/Socket/0
MOC-R4PCC04U05:602310:602445 [2] NCCL INFO New proxy recv connection 3 from local rank 2, transport 2
MOC-R4PCC04U05:602310:602453 [2] NCCL INFO Connected to proxy localRank 2 -> connection 0x7f6ab4005098
MOC-R4PCC04U05:602310:602453 [2] NCCL INFO Channel 02/0 : 11[3] -> 2[2] [receive] via NET/Socket/0
MOC-R4PCC04U05:602310:602445 [2] NCCL INFO New proxy send connection 4 from local rank 2, transport 2
MOC-R4PCC04U05:602310:602453 [2] NCCL INFO Connected to proxy localRank 2 -> connection 0x7f6ab4005110
MOC-R4PCC04U05:602310:602453 [2] NCCL INFO Channel 01/0 : 2[2] -> 7[3] [send] via NET/Socket/0
MOC-R4PCC04U05:602310:602445 [2] NCCL INFO New proxy send connection 5 from local rank 2, transport 2
MOC-R4PCC04U05:602310:602453 [2] NCCL INFO Connected to proxy localRank 2 -> connection 0x7f6ab4005188
MOC-R4PCC04U05:602310:602453 [2] NCCL INFO Channel 03/0 : 2[2] -> 7[3] [send] via NET/Socket/0
MOC-R4PCC04U05:602311:602446 [3] NCCL INFO New proxy recv connection 4 from local rank 3, transport 2
MOC-R4PCC04U05:602311:602454 [3] NCCL INFO Connected to proxy localRank 3 -> connection 0x7fcd14005110
MOC-R4PCC04U05:602310:602445 [2] NCCL INFO New proxy send connection 6 from local rank 2, transport 0
MOC-R4PCC04U05:602310:602453 [2] NCCL INFO Connected to proxy localRank 2 -> connection 0x7f6ab4005200
MOC-R4PCC04U05:602311:602454 [3] NCCL INFO Channel 01/0 : 10[2] -> 3[3] [receive] via NET/Socket/0
MOC-R4PCC04U05:602311:602446 [3] NCCL INFO New proxy recv connection 5 from local rank 3, transport 2
MOC-R4PCC04U05:602311:602454 [3] NCCL INFO Connected to proxy localRank 3 -> connection 0x7fcd14005188
MOC-R4PCC04U05:602311:602454 [3] NCCL INFO Channel 03/0 : 10[2] -> 3[3] [receive] via NET/Socket/0
MOC-R4PCC04U05:602311:602446 [3] NCCL INFO New proxy send connection 6 from local rank 3, transport 0
MOC-R4PCC04U05:602311:602454 [3] NCCL INFO Connected to proxy localRank 3 -> connection 0x7fcd14005200
MOC-R4PCC04U05:602310:602445 [2] NCCL INFO New proxy send connection 7 from local rank 2, transport 0
MOC-R4PCC04U05:602310:602453 [2] NCCL INFO Connected to proxy localRank 2 -> connection 0x7f6ab4005278
MOC-R4PCC04U05:602311:602446 [3] NCCL INFO New proxy send connection 7 from local rank 3, transport 0
MOC-R4PCC04U05:602311:602454 [3] NCCL INFO Connected to proxy localRank 3 -> connection 0x7fcd14005278
MOC-R4PCC04U05:602309:602450 [1] NCCL INFO New proxy recv connection 2 from local rank 1, transport 0
MOC-R4PCC04U05:602308:602449 [0] NCCL INFO New proxy send connection 8 from local rank 3, transport 0
MOC-R4PCC04U05:602309:602456 [1] NCCL INFO Connected to proxy localRank 1 -> connection 0x7f4920005020
MOC-R4PCC04U05:602311:602454 [3] NCCL INFO Connected to proxy localRank 0 -> connection 0x7f4d900052f0
MOC-R4PCC04U05:602309:602450 [1] NCCL INFO New proxy recv connection 3 from local rank 1, transport 0
MOC-R4PCC04U05:602309:602456 [1] NCCL INFO Connected to proxy localRank 1 -> connection 0x7f4920005098
MOC-R4PCC04U05:602309:602450 [1] NCCL INFO New proxy send connection 4 from local rank 1, transport 0
MOC-R4PCC04U05:602309:602456 [1] NCCL INFO Connected to proxy localRank 1 -> connection 0x7f4920005110
MOC-R4PCC04U05:602309:602450 [1] NCCL INFO New proxy send connection 5 from local rank 1, transport 0
MOC-R4PCC04U05:602309:602456 [1] NCCL INFO Connected to proxy localRank 1 -> connection 0x7f4920005188
MOC-R4PCC04U05:602309:602450 [1] NCCL INFO New proxy send connection 6 from local rank 1, transport 0
MOC-R4PCC04U05:602309:602456 [1] NCCL INFO Connected to proxy localRank 1 -> connection 0x7f4920005200
MOC-R4PCC04U05:602309:602450 [1] NCCL INFO New proxy send connection 7 from local rank 1, transport 0
MOC-R4PCC04U05:602309:602456 [1] NCCL INFO Connected to proxy localRank 1 -> connection 0x7f4920005278
MOC-R4PCC04U05:602308:602449 [0] NCCL INFO New proxy send connection 9 from local rank 2, transport 0
MOC-R4PCC04U05:602310:602445 [2] NCCL INFO New proxy send connection 8 from local rank 0, transport 0
MOC-R4PCC04U05:602310:602453 [2] NCCL INFO Connected to proxy localRank 0 -> connection 0x7f4d90005368
MOC-R4PCC04U05:602308:602455 [0] NCCL INFO Connected to proxy localRank 2 -> connection 0x7f6ab40052f0
MOC-R4PCC04U05:602311:602446 [3] NCCL INFO New proxy send connection 8 from local rank 1, transport 0
MOC-R4PCC04U05:602309:602456 [1] NCCL INFO Connected to proxy localRank 3 -> connection 0x7fcd140052f0
MOC-R4PCC04U05:602309:602450 [1] NCCL INFO New proxy send connection 8 from local rank 3, transport 0
MOC-R4PCC04U05:602311:602454 [3] NCCL INFO Connected to proxy localRank 1 -> connection 0x7f49200052f0
MOC-R4PCC04U05:602309:602450 [1] NCCL INFO New proxy send connection 9 from local rank 2, transport 0
MOC-R4PCC04U05:602310:602453 [2] NCCL INFO Connected to proxy localRank 1 -> connection 0x7f4920005368
MOC-R4PCC04U05:602311:602446 [3] NCCL INFO New proxy send connection 9 from local rank 0, transport 0
MOC-R4PCC04U05:602308:602455 [0] NCCL INFO Connected to proxy localRank 3 -> connection 0x7fcd14005368
MOC-R4PCC04U05:602308:602449 [0] NCCL INFO New proxy send connection 10 from local rank 1, transport 0
MOC-R4PCC04U05:602309:602456 [1] NCCL INFO Connected to proxy localRank 0 -> connection 0x7f4d900053e0
MOC-R4PCC04U05:602310:602445 [2] NCCL INFO New proxy send connection 9 from local rank 1, transport 0
MOC-R4PCC04U05:602309:602456 [1] NCCL INFO Connected to proxy localRank 2 -> connection 0x7f6ab4005368
MOC-R4PCC04U05:602309:602450 [1] NCCL INFO New proxy send connection 10 from local rank 0, transport 0
MOC-R4PCC04U05:602308:602455 [0] NCCL INFO Connected to proxy localRank 1 -> connection 0x7f49200053e0
num decayed parameter tensors: 50, with 124,318,464 parameters
num non-decayed parameter tensors: 98, with 121,344 parameters
using fused AdamW: False
using regular AdamW
MOC-R4PCC04U05:602308:602449 [0] NCCL INFO New proxy send connection 11 from local rank 0, transport 0
MOC-R4PCC04U05:602308:603162 [0] NCCL INFO Connected to proxy localRank 0 -> connection 0x7f4d90005458
MOC-R4PCC04U05:602308:602449 [0] NCCL INFO New proxy send connection 12 from local rank 0, transport 0
MOC-R4PCC04U05:602308:603162 [0] NCCL INFO Connected to proxy localRank 0 -> connection 0x7f4d900054d0
MOC-R4PCC04U05:602308:602449 [0] NCCL INFO New proxy send connection 13 from local rank 0, transport 0
MOC-R4PCC04U05:602308:603162 [0] NCCL INFO Connected to proxy localRank 0 -> connection 0x7f4d90005548
MOC-R4PCC04U05:602308:602449 [0] NCCL INFO New proxy send connection 14 from local rank 0, transport 0
MOC-R4PCC04U05:602308:603162 [0] NCCL INFO Connected to proxy localRank 0 -> connection 0x7f4d900055c0
MOC-R4PCC04U05:602309:602450 [1] NCCL INFO New proxy recv connection 11 from local rank 1, transport 0
MOC-R4PCC04U05:602309:603163 [1] NCCL INFO Connected to proxy localRank 1 -> connection 0x7f4920005458
MOC-R4PCC04U05:602309:602450 [1] NCCL INFO New proxy recv connection 12 from local rank 1, transport 0
MOC-R4PCC04U05:602309:603163 [1] NCCL INFO Connected to proxy localRank 1 -> connection 0x7f49200054d0
MOC-R4PCC04U05:602309:602450 [1] NCCL INFO New proxy recv connection 13 from local rank 1, transport 0
MOC-R4PCC04U05:602309:603163 [1] NCCL INFO Connected to proxy localRank 1 -> connection 0x7f4920005548
MOC-R4PCC04U05:602309:602450 [1] NCCL INFO New proxy recv connection 14 from local rank 1, transport 0
MOC-R4PCC04U05:602309:603163 [1] NCCL INFO Connected to proxy localRank 1 -> connection 0x7f49200055c0
MOC-R4PCC04U05:602309:602450 [1] NCCL INFO New proxy send connection 15 from local rank 1, transport 0
MOC-R4PCC04U05:602309:603163 [1] NCCL INFO Connected to proxy localRank 1 -> connection 0x7f4920005638
MOC-R4PCC04U05:602309:602450 [1] NCCL INFO New proxy send connection 16 from local rank 1, transport 0
MOC-R4PCC04U05:602309:603163 [1] NCCL INFO Connected to proxy localRank 1 -> connection 0x7f49200056b0
MOC-R4PCC04U05:602309:602450 [1] NCCL INFO New proxy send connection 17 from local rank 1, transport 0
MOC-R4PCC04U05:602309:603163 [1] NCCL INFO Connected to proxy localRank 1 -> connection 0x7f4920005728
MOC-R4PCC04U05:602309:602450 [1] NCCL INFO New proxy send connection 18 from local rank 1, transport 0
MOC-R4PCC04U05:602309:603163 [1] NCCL INFO Connected to proxy localRank 1 -> connection 0x7f49200057a0
MOC-R4PCC04U05:602308:602449 [0] NCCL INFO New proxy send connection 15 from local rank 0, transport 0
MOC-R4PCC04U05:602308:603162 [0] NCCL INFO Connected to proxy localRank 0 -> connection 0x7f4d90005638
MOC-R4PCC04U05:602308:602449 [0] NCCL INFO New proxy send connection 16 from local rank 0, transport 0
MOC-R4PCC04U05:602308:603162 [0] NCCL INFO Connected to proxy localRank 0 -> connection 0x7f4d900056b0
MOC-R4PCC04U05:602310:602445 [2] NCCL INFO New proxy recv connection 10 from local rank 2, transport 0
MOC-R4PCC04U05:602310:603164 [2] NCCL INFO Connected to proxy localRank 2 -> connection 0x7f6ab40053e0
MOC-R4PCC04U05:602310:602445 [2] NCCL INFO New proxy recv connection 11 from local rank 2, transport 0
MOC-R4PCC04U05:602310:603164 [2] NCCL INFO Connected to proxy localRank 2 -> connection 0x7f6ab4005458
MOC-R4PCC04U05:602310:602445 [2] NCCL INFO New proxy recv connection 12 from local rank 2, transport 0
MOC-R4PCC04U05:602310:603164 [2] NCCL INFO Connected to proxy localRank 2 -> connection 0x7f6ab40054d0
MOC-R4PCC04U05:602310:602445 [2] NCCL INFO New proxy recv connection 13 from local rank 2, transport 0
MOC-R4PCC04U05:602310:603164 [2] NCCL INFO Connected to proxy localRank 2 -> connection 0x7f6ab4005548
MOC-R4PCC04U05:602310:602445 [2] NCCL INFO New proxy send connection 14 from local rank 2, transport 0
MOC-R4PCC04U05:602310:603164 [2] NCCL INFO Connected to proxy localRank 2 -> connection 0x7f6ab40055c0
MOC-R4PCC04U05:602309:602450 [1] NCCL INFO New proxy recv connection 19 from local rank 1, transport 0
MOC-R4PCC04U05:602309:603163 [1] NCCL INFO Connected to proxy localRank 1 -> connection 0x7f4920005818
MOC-R4PCC04U05:602310:602445 [2] NCCL INFO New proxy send connection 15 from local rank 2, transport 0
MOC-R4PCC04U05:602310:603164 [2] NCCL INFO Connected to proxy localRank 2 -> connection 0x7f6ab4005638
MOC-R4PCC04U05:602309:602450 [1] NCCL INFO New proxy recv connection 20 from local rank 1, transport 0
MOC-R4PCC04U05:602309:603163 [1] NCCL INFO Connected to proxy localRank 1 -> connection 0x7f4920005890
MOC-R4PCC04U05:602311:602446 [3] NCCL INFO New proxy recv connection 10 from local rank 3, transport 0
MOC-R4PCC04U05:602311:603165 [3] NCCL INFO Connected to proxy localRank 3 -> connection 0x7fcd140053e0
MOC-R4PCC04U05:602311:602446 [3] NCCL INFO New proxy recv connection 11 from local rank 3, transport 0
MOC-R4PCC04U05:602311:603165 [3] NCCL INFO Connected to proxy localRank 3 -> connection 0x7fcd14005458
MOC-R4PCC04U05:602311:602446 [3] NCCL INFO New proxy recv connection 12 from local rank 3, transport 2
MOC-R4PCC04U05:602311:603165 [3] NCCL INFO Connected to proxy localRank 3 -> connection 0x7fcd140054d0
MOC-R4PCC04U05:602308:602449 [0] NCCL INFO New proxy recv connection 17 from local rank 0, transport 0
MOC-R4PCC04U05:602308:603162 [0] NCCL INFO Connected to proxy localRank 0 -> connection 0x7f4d90005728
MOC-R4PCC04U05:602311:603165 [3] NCCL INFO Channel 00/0 : 11[3] -> 3[3] [receive] via NET/Socket/0
MOC-R4PCC04U05:602311:602446 [3] NCCL INFO New proxy recv connection 13 from local rank 3, transport 2
MOC-R4PCC04U05:602308:602449 [0] NCCL INFO New proxy recv connection 18 from local rank 0, transport 0
MOC-R4PCC04U05:602311:603165 [3] NCCL INFO Connected to proxy localRank 3 -> connection 0x7fcd14005548
MOC-R4PCC04U05:602308:603162 [0] NCCL INFO Connected to proxy localRank 0 -> connection 0x7f4d900057a0
MOC-R4PCC04U05:602308:602449 [0] NCCL INFO New proxy recv connection 19 from local rank 0, transport 0
MOC-R4PCC04U05:602308:603162 [0] NCCL INFO Connected to proxy localRank 0 -> connection 0x7f4d90005818
MOC-R4PCC04U05:602311:603165 [3] NCCL INFO Channel 01/0 : 11[3] -> 3[3] [receive] via NET/Socket/0
MOC-R4PCC04U05:602311:602446 [3] NCCL INFO New proxy recv connection 14 from local rank 3, transport 2
MOC-R4PCC04U05:602311:603165 [3] NCCL INFO Connected to proxy localRank 3 -> connection 0x7fcd140055c0
MOC-R4PCC04U05:602308:602449 [0] NCCL INFO New proxy recv connection 20 from local rank 0, transport 0
MOC-R4PCC04U05:602308:603162 [0] NCCL INFO Connected to proxy localRank 0 -> connection 0x7f4d90005890
MOC-R4PCC04U05:602311:603165 [3] NCCL INFO Channel 02/0 : 11[3] -> 3[3] [receive] via NET/Socket/0
MOC-R4PCC04U05:602311:602446 [3] NCCL INFO New proxy recv connection 15 from local rank 3, transport 2
MOC-R4PCC04U05:602311:603165 [3] NCCL INFO Connected to proxy localRank 3 -> connection 0x7fcd14005638
MOC-R4PCC04U05:602311:603165 [3] NCCL INFO Channel 03/0 : 11[3] -> 3[3] [receive] via NET/Socket/0
MOC-R4PCC04U05:602311:602446 [3] NCCL INFO New proxy send connection 16 from local rank 3, transport 2
MOC-R4PCC04U05:602311:603165 [3] NCCL INFO Connected to proxy localRank 3 -> connection 0x7fcd140056b0
MOC-R4PCC04U05:602311:603165 [3] NCCL INFO Channel 02/0 : 3[3] -> 7[3] [send] via NET/Socket/0
MOC-R4PCC04U05:602311:602446 [3] NCCL INFO New proxy send connection 17 from local rank 3, transport 2
MOC-R4PCC04U05:602311:603165 [3] NCCL INFO Connected to proxy localRank 3 -> connection 0x7fcd14005728
MOC-R4PCC04U05:602311:603165 [3] NCCL INFO Channel 03/0 : 3[3] -> 7[3] [send] via NET/Socket/0
MOC-R4PCC04U05:602311:602446 [3] NCCL INFO New proxy recv connection 18 from local rank 3, transport 2
MOC-R4PCC04U05:602311:603165 [3] NCCL INFO Connected to proxy localRank 3 -> connection 0x7fcd140057a0
MOC-R4PCC04U05:602311:603165 [3] NCCL INFO Channel 02/0 : 7[3] -> 3[3] [receive] via NET/Socket/0
MOC-R4PCC04U05:602311:602446 [3] NCCL INFO New proxy recv connection 19 from local rank 3, transport 2
MOC-R4PCC04U05:602311:603165 [3] NCCL INFO Connected to proxy localRank 3 -> connection 0x7fcd14005818
MOC-R4PCC04U05:602311:603165 [3] NCCL INFO Channel 03/0 : 7[3] -> 3[3] [receive] via NET/Socket/0
MOC-R4PCC04U05:602311:602446 [3] NCCL INFO New proxy send connection 20 from local rank 3, transport 2
MOC-R4PCC04U05:602311:603165 [3] NCCL INFO Connected to proxy localRank 3 -> connection 0x7fcd14005890
MOC-R4PCC04U05:602311:603165 [3] NCCL INFO Channel 00/0 : 3[3] -> 11[3] [send] via NET/Socket/0
MOC-R4PCC04U05:602311:602446 [3] NCCL INFO New proxy send connection 21 from local rank 3, transport 2
MOC-R4PCC04U05:602311:603165 [3] NCCL INFO Connected to proxy localRank 3 -> connection 0x7fcd14005908
MOC-R4PCC04U05:602311:603165 [3] NCCL INFO Channel 01/0 : 3[3] -> 11[3] [send] via NET/Socket/0
MOC-R4PCC04U05:602311:602446 [3] NCCL INFO New proxy send connection 22 from local rank 3, transport 2
MOC-R4PCC04U05:602311:603165 [3] NCCL INFO Connected to proxy localRank 3 -> connection 0x7fcd14005980
MOC-R4PCC04U05:602311:603165 [3] NCCL INFO Channel 02/0 : 3[3] -> 11[3] [send] via NET/Socket/0
MOC-R4PCC04U05:602311:602446 [3] NCCL INFO New proxy send connection 23 from local rank 3, transport 2
MOC-R4PCC04U05:602311:603165 [3] NCCL INFO Connected to proxy localRank 3 -> connection 0x7fcd140059f8
MOC-R4PCC04U05:602311:603165 [3] NCCL INFO Channel 03/0 : 3[3] -> 11[3] [send] via NET/Socket/0
MOC-R4PCC04U05:602311:602446 [3] NCCL INFO New proxy send connection 24 from local rank 3, transport 0
MOC-R4PCC04U05:602311:603165 [3] NCCL INFO Connected to proxy localRank 3 -> connection 0x7fcd14005a70
MOC-R4PCC04U05:602311:602446 [3] NCCL INFO New proxy send connection 25 from local rank 3, transport 0
MOC-R4PCC04U05:602311:603165 [3] NCCL INFO Connected to proxy localRank 3 -> connection 0x7fcd14005ae8
MOC-R4PCC04U05:602311:602446 [3] NCCL INFO New proxy send connection 26 from local rank 3, transport 0
MOC-R4PCC04U05:602311:603165 [3] NCCL INFO Connected to proxy localRank 3 -> connection 0x7fcd14005b60
MOC-R4PCC04U05:602311:602446 [3] NCCL INFO New proxy send connection 27 from local rank 3, transport 0
MOC-R4PCC04U05:602311:603165 [3] NCCL INFO Connected to proxy localRank 3 -> connection 0x7fcd14005bd8
step    1/10 | train loss 11.010138 | norm 15.3935 | lr 1.00e-04 | (14253.80 ms | 110347 tok/s)
step    2/10 | train loss 10.136943 | norm 5.7599 | lr 1.00e-04 | (468.21 ms | 3359330 tok/s)
step    3/10 | train loss 9.795640 | norm 2.6109 | lr 1.00e-04 | (463.38 ms | 3394307 tok/s)
step    4/10 | train loss 9.625733 | norm 2.1127 | lr 1.00e-04 | (463.92 ms | 3390342 tok/s)
step    5/10 | train loss 9.542716 | norm 2.1073 | lr 1.00e-04 | (464.23 ms | 3388111 tok/s)
step    6/10 | train loss 9.461391 | norm 1.9981 | lr 1.00e-04 | (465.73 ms | 3377181 tok/s)
step    7/10 | train loss 9.375811 | norm 1.9481 | lr 1.00e-04 | (463.02 ms | 3396986 tok/s)
step    8/10 | train loss 9.284138 | norm 1.9149 | lr 1.00e-04 | (463.77 ms | 3391506 tok/s)
step    9/10 | train loss 9.188796 | norm 1.8598 | lr 1.00e-04 | (465.48 ms | 3379034 tok/s)
step   10/10 | train loss 9.103302 | norm 1.7929 | lr 1.00e-04 | (464.41 ms | 3386821 tok/s)
final 9 iters avg: 464.683ms
peak memory consumption: 16601 MiB
