Running pytorch 2.7.0+cu126
using device: cuda:0
total desired batch size: 4718592
=> calculated gradient accumulation steps: 9
using device: cuda:3
using device: cuda:2
using device: cuda:1
compiling the model...
DataLoader: total number of tokens: 1,661,249,667 across 103 files
MOC-R4PCC04U05:729996:729996 [0] NCCL INFO NCCL_SOCKET_IFNAME set to eno7np0
MOC-R4PCC04U05:729996:729996 [0] NCCL INFO NCCL version 2.26.2+cuda12.2
MOC-R4PCC04U05:729996:730117 [0] NCCL INFO NET/Plugin: Could not find: libnccl-net.so. Using internal net plugin.
MOC-R4PCC04U05:729996:730117 [0] NCCL INFO NCCL_IB_HCA set to mlx5_5
MOC-R4PCC04U05:729996:730117 [0] NCCL INFO NET/IB : Made virtual device [0] name=mlx5_5 speed=400000 ndevs=1
MOC-R4PCC04U05:729996:730117 [0] NCCL INFO NET/IB : Using [0]mlx5_5:1/RoCE [RO]; OOB eno7np0:192.168.50.193<0>
MOC-R4PCC04U05:729999:729999 [3] NCCL INFO NCCL_SOCKET_IFNAME set to eno7np0
MOC-R4PCC04U05:729999:729999 [3] NCCL INFO NCCL version 2.26.2+cuda12.2
MOC-R4PCC04U05:729998:729998 [2] NCCL INFO NCCL_SOCKET_IFNAME set to eno7np0
MOC-R4PCC04U05:729998:729998 [2] NCCL INFO NCCL version 2.26.2+cuda12.2
MOC-R4PCC04U05:729997:729997 [1] NCCL INFO NCCL_SOCKET_IFNAME set to eno7np0
MOC-R4PCC04U05:729997:729997 [1] NCCL INFO NCCL version 2.26.2+cuda12.2
MOC-R4PCC04U05:729999:730140 [3] NCCL INFO NET/Plugin: Could not find: libnccl-net.so. Using internal net plugin.
MOC-R4PCC04U05:729999:730140 [3] NCCL INFO NCCL_IB_HCA set to mlx5_5
MOC-R4PCC04U05:729998:730141 [2] NCCL INFO NET/Plugin: Could not find: libnccl-net.so. Using internal net plugin.
MOC-R4PCC04U05:729997:730142 [1] NCCL INFO NET/Plugin: Could not find: libnccl-net.so. Using internal net plugin.
MOC-R4PCC04U05:729998:730141 [2] NCCL INFO NCCL_IB_HCA set to mlx5_5
MOC-R4PCC04U05:729997:730142 [1] NCCL INFO NCCL_IB_HCA set to mlx5_5
MOC-R4PCC04U05:729999:730140 [3] NCCL INFO NET/IB : Made virtual device [0] name=mlx5_5 speed=400000 ndevs=1
MOC-R4PCC04U05:729999:730140 [3] NCCL INFO NET/IB : Using [0]mlx5_5:1/RoCE [RO]; OOB eno7np0:192.168.50.193<0>
MOC-R4PCC04U05:729998:730141 [2] NCCL INFO NET/IB : Made virtual device [0] name=mlx5_5 speed=400000 ndevs=1
MOC-R4PCC04U05:729998:730141 [2] NCCL INFO NET/IB : Using [0]mlx5_5:1/RoCE [RO]; OOB eno7np0:192.168.50.193<0>
MOC-R4PCC04U05:729997:730142 [1] NCCL INFO NET/IB : Made virtual device [0] name=mlx5_5 speed=400000 ndevs=1
MOC-R4PCC04U05:729997:730142 [1] NCCL INFO NET/IB : Using [0]mlx5_5:1/RoCE [RO]; OOB eno7np0:192.168.50.193<0>
MOC-R4PCC04U05:729996:730117 [0] NCCL INFO NET/IB : GPU Direct RDMA Enabled for HCA 0 'mlx5_5'
MOC-R4PCC04U05:729996:730117 [0] NCCL INFO NET/IB : Made virtual device [1] name=mlx5_5 speed=400000 ndevs=1
MOC-R4PCC04U05:729996:730117 [0] NCCL INFO NET/IB : GPU Direct RDMA Enabled for HCA 0 'mlx5_5'
MOC-R4PCC04U05:729996:730117 [0] NCCL INFO NET/IB : GPU Direct RDMA Enabled for HCA 1 'mlx5_5'
MOC-R4PCC04U05:729998:730141 [2] NCCL INFO NET/IB : GPU Direct RDMA Enabled for HCA 0 'mlx5_5'
MOC-R4PCC04U05:729998:730141 [2] NCCL INFO NET/IB : Made virtual device [1] name=mlx5_5 speed=400000 ndevs=1
MOC-R4PCC04U05:729998:730141 [2] NCCL INFO NET/IB : GPU Direct RDMA Enabled for HCA 0 'mlx5_5'
MOC-R4PCC04U05:729998:730141 [2] NCCL INFO NET/IB : GPU Direct RDMA Enabled for HCA 1 'mlx5_5'
MOC-R4PCC04U05:729997:730142 [1] NCCL INFO NET/IB : GPU Direct RDMA Enabled for HCA 0 'mlx5_5'
MOC-R4PCC04U05:729997:730142 [1] NCCL INFO NET/IB : Made virtual device [1] name=mlx5_5 speed=400000 ndevs=1
MOC-R4PCC04U05:729997:730142 [1] NCCL INFO NET/IB : GPU Direct RDMA Enabled for HCA 0 'mlx5_5'
MOC-R4PCC04U05:729997:730142 [1] NCCL INFO NET/IB : GPU Direct RDMA Enabled for HCA 1 'mlx5_5'
MOC-R4PCC04U05:729999:730140 [3] NCCL INFO NET/IB : GPU Direct RDMA Enabled for HCA 0 'mlx5_5'
MOC-R4PCC04U05:729999:730140 [3] NCCL INFO NET/IB : Made virtual device [1] name=mlx5_5 speed=400000 ndevs=1
MOC-R4PCC04U05:729999:730140 [3] NCCL INFO NET/IB : GPU Direct RDMA Enabled for HCA 0 'mlx5_5'
MOC-R4PCC04U05:729999:730140 [3] NCCL INFO NET/IB : GPU Direct RDMA Enabled for HCA 1 'mlx5_5'
MOC-R4PCC04U05:729996:730117 [0] NCCL INFO NCCL_NET_GDR_LEVEL set by environment to LOC
MOC-R4PCC04U05:729996:730117 [0] NCCL INFO GPU Direct RDMA Disabled for GPU 0 / HCA 1 (distance 5 > 0)
MOC-R4PCC04U05:729996:730117 [0] NCCL INFO GPU Direct RDMA Disabled for GPU 1 / HCA 1 (distance 5 > 0)
MOC-R4PCC04U05:729996:730117 [0] NCCL INFO GPU Direct RDMA Disabled for GPU 2 / HCA 1 (distance 5 > 0)
MOC-R4PCC04U05:729996:730117 [0] NCCL INFO GPU Direct RDMA Disabled for GPU 0 / HCA 1 (distance 5 > 0)
MOC-R4PCC04U05:729996:730117 [0] NCCL INFO GPU Direct RDMA Disabled for GPU 1 / HCA 1 (distance 5 > 0)
MOC-R4PCC04U05:729996:730117 [0] NCCL INFO GPU Direct RDMA Disabled for GPU 2 / HCA 1 (distance 5 > 0)
MOC-R4PCC04U05:729998:730141 [2] NCCL INFO NCCL_NET_GDR_LEVEL set by environment to LOC
MOC-R4PCC04U05:729998:730141 [2] NCCL INFO GPU Direct RDMA Disabled for GPU 0 / HCA 1 (distance 5 > 0)
MOC-R4PCC04U05:729998:730141 [2] NCCL INFO GPU Direct RDMA Disabled for GPU 1 / HCA 1 (distance 5 > 0)
MOC-R4PCC04U05:729998:730141 [2] NCCL INFO GPU Direct RDMA Disabled for GPU 2 / HCA 1 (distance 5 > 0)
MOC-R4PCC04U05:729998:730141 [2] NCCL INFO GPU Direct RDMA Disabled for GPU 0 / HCA 1 (distance 5 > 0)
MOC-R4PCC04U05:729998:730141 [2] NCCL INFO GPU Direct RDMA Disabled for GPU 1 / HCA 1 (distance 5 > 0)
MOC-R4PCC04U05:729998:730141 [2] NCCL INFO GPU Direct RDMA Disabled for GPU 2 / HCA 1 (distance 5 > 0)
MOC-R4PCC04U05:729999:730140 [3] NCCL INFO NCCL_NET_GDR_LEVEL set by environment to LOC
MOC-R4PCC04U05:729999:730140 [3] NCCL INFO GPU Direct RDMA Disabled for GPU 0 / HCA 1 (distance 5 > 0)
MOC-R4PCC04U05:729999:730140 [3] NCCL INFO GPU Direct RDMA Disabled for GPU 1 / HCA 1 (distance 5 > 0)
MOC-R4PCC04U05:729999:730140 [3] NCCL INFO GPU Direct RDMA Disabled for GPU 2 / HCA 1 (distance 5 > 0)
MOC-R4PCC04U05:729999:730140 [3] NCCL INFO GPU Direct RDMA Disabled for GPU 0 / HCA 1 (distance 5 > 0)
MOC-R4PCC04U05:729999:730140 [3] NCCL INFO GPU Direct RDMA Disabled for GPU 1 / HCA 1 (distance 5 > 0)
MOC-R4PCC04U05:729999:730140 [3] NCCL INFO GPU Direct RDMA Disabled for GPU 2 / HCA 1 (distance 5 > 0)
MOC-R4PCC04U05:729997:730142 [1] NCCL INFO NCCL_NET_GDR_LEVEL set by environment to LOC
MOC-R4PCC04U05:729997:730142 [1] NCCL INFO GPU Direct RDMA Disabled for GPU 0 / HCA 1 (distance 5 > 0)
MOC-R4PCC04U05:729997:730142 [1] NCCL INFO GPU Direct RDMA Disabled for GPU 1 / HCA 1 (distance 5 > 0)
MOC-R4PCC04U05:729997:730142 [1] NCCL INFO GPU Direct RDMA Disabled for GPU 2 / HCA 1 (distance 5 > 0)
MOC-R4PCC04U05:729997:730142 [1] NCCL INFO GPU Direct RDMA Disabled for GPU 0 / HCA 1 (distance 5 > 0)
MOC-R4PCC04U05:729997:730142 [1] NCCL INFO GPU Direct RDMA Disabled for GPU 1 / HCA 1 (distance 5 > 0)
MOC-R4PCC04U05:729997:730142 [1] NCCL INFO GPU Direct RDMA Disabled for GPU 2 / HCA 1 (distance 5 > 0)
MOC-R4PCC04U05:729999:730154 [3] NCCL INFO New proxy recv connection 0 from local rank 3, transport 0
MOC-R4PCC04U05:729999:730229 [3] NCCL INFO Connected to proxy localRank 3 -> connection 0x7fd684004f30
MOC-R4PCC04U05:729999:730154 [3] NCCL INFO New proxy recv connection 1 from local rank 3, transport 0
MOC-R4PCC04U05:729999:730229 [3] NCCL INFO Connected to proxy localRank 3 -> connection 0x7fd684004fa8
MOC-R4PCC04U05:729998:730159 [2] NCCL INFO New proxy recv connection 0 from local rank 2, transport 0
MOC-R4PCC04U05:729998:730230 [2] NCCL INFO Connected to proxy localRank 2 -> connection 0x7efdd0004f30
MOC-R4PCC04U05:729999:730229 [3] NCCL INFO GPU Direct RDMA Disabled for GPU 3 / HCA 1 (distance 7 > 0)
MOC-R4PCC04U05:729996:730155 [0] NCCL INFO New proxy send connection 0 from local rank 0, transport 0
MOC-R4PCC04U05:729996:730231 [0] NCCL INFO Connected to proxy localRank 0 -> connection 0x7fcf70004f30
MOC-R4PCC04U05:729996:730155 [0] NCCL INFO New proxy send connection 1 from local rank 0, transport 0
MOC-R4PCC04U05:729996:730231 [0] NCCL INFO Connected to proxy localRank 0 -> connection 0x7fcf70004fa8
MOC-R4PCC04U05:729998:730159 [2] NCCL INFO New proxy recv connection 1 from local rank 2, transport 0
MOC-R4PCC04U05:729998:730230 [2] NCCL INFO Connected to proxy localRank 2 -> connection 0x7efdd0004fa8
MOC-R4PCC04U05:729998:730230 [2] NCCL INFO GPU Direct RDMA Disabled for GPU 2 / HCA 1 (distance 7 > 0)
MOC-R4PCC04U05:729996:730155 [0] NCCL INFO New proxy send connection 2 from local rank 0, transport 0
MOC-R4PCC04U05:729996:730231 [0] NCCL INFO Connected to proxy localRank 0 -> connection 0x7fcf70005020
MOC-R4PCC04U05:729997:730156 [1] NCCL INFO New proxy recv connection 0 from local rank 1, transport 0
MOC-R4PCC04U05:729997:730232 [1] NCCL INFO Connected to proxy localRank 1 -> connection 0x7f7938004f30
MOC-R4PCC04U05:729996:730155 [0] NCCL INFO New proxy send connection 3 from local rank 0, transport 0
MOC-R4PCC04U05:729996:730231 [0] NCCL INFO Connected to proxy localRank 0 -> connection 0x7fcf70005098
MOC-R4PCC04U05:729997:730156 [1] NCCL INFO New proxy recv connection 1 from local rank 1, transport 0
MOC-R4PCC04U05:729997:730232 [1] NCCL INFO Connected to proxy localRank 1 -> connection 0x7f7938004fa8
MOC-R4PCC04U05:729999:730154 [3] NCCL INFO New proxy send connection 2 from local rank 3, transport 2
MOC-R4PCC04U05:729999:730229 [3] NCCL INFO Connected to proxy localRank 3 -> connection 0x7fd684005020
MOC-R4PCC04U05:729999:730229 [3] NCCL INFO Channel 00/0 : 3[3] -> 6[2] [send] via NET/IB/1
MOC-R4PCC04U05:729999:730229 [3] NCCL INFO GPU Direct RDMA Disabled for GPU 3 / HCA 1 (distance 7 > 0)
MOC-R4PCC04U05:729999:730154 [3] NCCL INFO New proxy send connection 3 from local rank 3, transport 2
MOC-R4PCC04U05:729999:730229 [3] NCCL INFO Connected to proxy localRank 3 -> connection 0x7fd684005098
MOC-R4PCC04U05:729999:730229 [3] NCCL INFO Channel 02/0 : 3[3] -> 6[2] [send] via NET/IB/1
MOC-R4PCC04U05:729996:730155 [0] NCCL INFO New proxy recv connection 4 from local rank 0, transport 0
MOC-R4PCC04U05:729996:730231 [0] NCCL INFO Connected to proxy localRank 0 -> connection 0x7fcf70005110
MOC-R4PCC04U05:729999:730229 [3] NCCL INFO GPU Direct RDMA Disabled for GPU 3 / HCA 1 (distance 7 > 0)
MOC-R4PCC04U05:729999:730154 [3] NCCL INFO New proxy recv connection 4 from local rank 3, transport 2
MOC-R4PCC04U05:729999:730229 [3] NCCL INFO Connected to proxy localRank 3 -> connection 0x7fd684005110
MOC-R4PCC04U05:729999:730229 [3] NCCL INFO Channel 01/0 : 14[2] -> 3[3] [receive] via NET/IB/1
MOC-R4PCC04U05:729999:730229 [3] NCCL INFO GPU Direct RDMA Disabled for GPU 3 / HCA 1 (distance 7 > 0)
MOC-R4PCC04U05:729999:730154 [3] NCCL INFO New proxy recv connection 5 from local rank 3, transport 2
MOC-R4PCC04U05:729999:730229 [3] NCCL INFO Connected to proxy localRank 3 -> connection 0x7fd684005188
MOC-R4PCC04U05:729999:730229 [3] NCCL INFO Channel 03/0 : 14[2] -> 3[3] [receive] via NET/IB/1
MOC-R4PCC04U05:729996:730155 [0] NCCL INFO New proxy recv connection 5 from local rank 0, transport 0
MOC-R4PCC04U05:729996:730231 [0] NCCL INFO Connected to proxy localRank 0 -> connection 0x7fcf70005188
MOC-R4PCC04U05:729996:730155 [0] NCCL INFO New proxy recv connection 6 from local rank 0, transport 0
MOC-R4PCC04U05:729996:730231 [0] NCCL INFO Connected to proxy localRank 0 -> connection 0x7fcf70005200
MOC-R4PCC04U05:729998:730159 [2] NCCL INFO New proxy recv connection 2 from local rank 2, transport 2
MOC-R4PCC04U05:729998:730230 [2] NCCL INFO Connected to proxy localRank 2 -> connection 0x7efdd0005020
MOC-R4PCC04U05:729998:730230 [2] NCCL INFO Channel 00/0 : 15[3] -> 2[2] [receive] via NET/IB/1
MOC-R4PCC04U05:729998:730230 [2] NCCL INFO GPU Direct RDMA Disabled for GPU 2 / HCA 1 (distance 7 > 0)
MOC-R4PCC04U05:729998:730159 [2] NCCL INFO New proxy recv connection 3 from local rank 2, transport 2
MOC-R4PCC04U05:729998:730230 [2] NCCL INFO Connected to proxy localRank 2 -> connection 0x7efdd0005098
MOC-R4PCC04U05:729996:730155 [0] NCCL INFO New proxy recv connection 7 from local rank 0, transport 0
MOC-R4PCC04U05:729996:730231 [0] NCCL INFO Connected to proxy localRank 0 -> connection 0x7fcf70005278
MOC-R4PCC04U05:729998:730230 [2] NCCL INFO Channel 02/0 : 15[3] -> 2[2] [receive] via NET/IB/1
MOC-R4PCC04U05:729998:730230 [2] NCCL INFO GPU Direct RDMA Disabled for GPU 2 / HCA 1 (distance 7 > 0)
MOC-R4PCC04U05:729998:730159 [2] NCCL INFO New proxy send connection 4 from local rank 2, transport 2
MOC-R4PCC04U05:729998:730230 [2] NCCL INFO Connected to proxy localRank 2 -> connection 0x7efdd0005110
MOC-R4PCC04U05:729998:730230 [2] NCCL INFO Channel 01/0 : 2[2] -> 7[3] [send] via NET/IB/1
MOC-R4PCC04U05:729998:730230 [2] NCCL INFO GPU Direct RDMA Disabled for GPU 2 / HCA 1 (distance 7 > 0)
MOC-R4PCC04U05:729998:730159 [2] NCCL INFO New proxy send connection 5 from local rank 2, transport 2
MOC-R4PCC04U05:729998:730230 [2] NCCL INFO Connected to proxy localRank 2 -> connection 0x7efdd0005188
MOC-R4PCC04U05:729998:730230 [2] NCCL INFO Channel 03/0 : 2[2] -> 7[3] [send] via NET/IB/1
MOC-R4PCC04U05:729998:730159 [2] NCCL INFO New proxy send connection 6 from local rank 2, transport 0
MOC-R4PCC04U05:729998:730230 [2] NCCL INFO Connected to proxy localRank 2 -> connection 0x7efdd0005200
MOC-R4PCC04U05:729998:730159 [2] NCCL INFO New proxy send connection 7 from local rank 2, transport 0
MOC-R4PCC04U05:729998:730230 [2] NCCL INFO Connected to proxy localRank 2 -> connection 0x7efdd0005278
MOC-R4PCC04U05:729999:730154 [3] NCCL INFO New proxy send connection 6 from local rank 3, transport 0
MOC-R4PCC04U05:729999:730229 [3] NCCL INFO Connected to proxy localRank 3 -> connection 0x7fd684005200
MOC-R4PCC04U05:729999:730154 [3] NCCL INFO New proxy send connection 7 from local rank 3, transport 0
MOC-R4PCC04U05:729999:730229 [3] NCCL INFO Connected to proxy localRank 3 -> connection 0x7fd684005278
MOC-R4PCC04U05:729997:730156 [1] NCCL INFO New proxy recv connection 2 from local rank 1, transport 0
MOC-R4PCC04U05:729997:730232 [1] NCCL INFO Connected to proxy localRank 1 -> connection 0x7f7938005020
MOC-R4PCC04U05:729996:730155 [0] NCCL INFO New proxy send connection 8 from local rank 3, transport 0
MOC-R4PCC04U05:729999:730229 [3] NCCL INFO Connected to proxy localRank 0 -> connection 0x7fcf700052f0
MOC-R4PCC04U05:729997:730156 [1] NCCL INFO New proxy recv connection 3 from local rank 1, transport 0
MOC-R4PCC04U05:729997:730232 [1] NCCL INFO Connected to proxy localRank 1 -> connection 0x7f7938005098
MOC-R4PCC04U05:729997:730156 [1] NCCL INFO New proxy send connection 4 from local rank 1, transport 0
MOC-R4PCC04U05:729997:730232 [1] NCCL INFO Connected to proxy localRank 1 -> connection 0x7f7938005110
MOC-R4PCC04U05:729997:730156 [1] NCCL INFO New proxy send connection 5 from local rank 1, transport 0
MOC-R4PCC04U05:729997:730232 [1] NCCL INFO Connected to proxy localRank 1 -> connection 0x7f7938005188
MOC-R4PCC04U05:729997:730156 [1] NCCL INFO New proxy send connection 6 from local rank 1, transport 0
MOC-R4PCC04U05:729997:730232 [1] NCCL INFO Connected to proxy localRank 1 -> connection 0x7f7938005200
MOC-R4PCC04U05:729997:730156 [1] NCCL INFO New proxy send connection 7 from local rank 1, transport 0
MOC-R4PCC04U05:729997:730232 [1] NCCL INFO Connected to proxy localRank 1 -> connection 0x7f7938005278
MOC-R4PCC04U05:729997:730156 [1] NCCL INFO New proxy send connection 8 from local rank 3, transport 0
MOC-R4PCC04U05:729999:730229 [3] NCCL INFO Connected to proxy localRank 1 -> connection 0x7f79380052f0
MOC-R4PCC04U05:729999:730154 [3] NCCL INFO New proxy send connection 8 from local rank 1, transport 0
MOC-R4PCC04U05:729997:730232 [1] NCCL INFO Connected to proxy localRank 3 -> connection 0x7fd6840052f0
MOC-R4PCC04U05:729996:730155 [0] NCCL INFO New proxy send connection 9 from local rank 2, transport 0
MOC-R4PCC04U05:729998:730230 [2] NCCL INFO Connected to proxy localRank 0 -> connection 0x7fcf70005368
MOC-R4PCC04U05:729998:730159 [2] NCCL INFO New proxy send connection 8 from local rank 0, transport 0
MOC-R4PCC04U05:729996:730231 [0] NCCL INFO Connected to proxy localRank 2 -> connection 0x7efdd00052f0
MOC-R4PCC04U05:729999:730154 [3] NCCL INFO NET/IB: NCCL Dev 1 IbDev 0 Port 1 qpn 12026 mtu 3 query_ece={supported=1, vendor_id=0x15b3, options=0x30000002, comp_mask=0x0} GID 3 (0/C132A8C0FFFF0000) fifoRkey=0x172eed fifoLkey=0x172eed
MOC-R4PCC04U05:729999:730154 [3] NCCL INFO NET/IB: NCCL Dev 1 IbDev 0 Port 1 qpn 12027 mtu 3 query_ece={supported=1, vendor_id=0x15b3, options=0x30000002, comp_mask=0x0} GID 3 (0/C132A8C0FFFF0000) fifoRkey=0x17e1a0 fifoLkey=0x17e1a0
MOC-R4PCC04U05:729999:730154 [3] NCCL INFO NET/IB: IbDev 0 Port 1 qpn 12544 set_ece={supported=1, vendor_id=0x15b3, options=0x0, comp_mask=0x0}
MOC-R4PCC04U05:729997:730156 [1] NCCL INFO New proxy send connection 9 from local rank 2, transport 0
MOC-R4PCC04U05:729998:730230 [2] NCCL INFO Connected to proxy localRank 1 -> connection 0x7f7938005368
MOC-R4PCC04U05:729998:730159 [2] NCCL INFO NET/IB: NCCL Dev 1 IbDev 0 Port 1 qpn 12028 mtu 3 query_ece={supported=1, vendor_id=0x15b3, options=0x30000002, comp_mask=0x0} GID 3 (0/C132A8C0FFFF0000) fifoRkey=0x17904f fifoLkey=0x17904f
MOC-R4PCC04U05:729999:730154 [3] NCCL INFO NET/IB: IbDev 0 Port 1 qpn 12546 set_ece={supported=1, vendor_id=0x15b3, options=0x0, comp_mask=0x0}
MOC-R4PCC04U05:729998:730159 [2] NCCL INFO NET/IB: NCCL Dev 1 IbDev 0 Port 1 qpn 12029 mtu 3 query_ece={supported=1, vendor_id=0x15b3, options=0x30000002, comp_mask=0x0} GID 3 (0/C132A8C0FFFF0000) fifoRkey=0x17cb8a fifoLkey=0x17cb8a
MOC-R4PCC04U05:729996:730155 [0] NCCL INFO New proxy send connection 10 from local rank 1, transport 0
MOC-R4PCC04U05:729997:730232 [1] NCCL INFO Connected to proxy localRank 0 -> connection 0x7fcf700053e0
MOC-R4PCC04U05:729998:730159 [2] NCCL INFO NET/IB: IbDev 0 Port 1 qpn 12548 set_ece={supported=1, vendor_id=0x15b3, options=0x0, comp_mask=0x0}
MOC-R4PCC04U05:729999:730154 [3] NCCL INFO New proxy send connection 9 from local rank 0, transport 0
MOC-R4PCC04U05:729996:730231 [0] NCCL INFO Connected to proxy localRank 3 -> connection 0x7fd684005368
MOC-R4PCC04U05:729998:730159 [2] NCCL INFO NET/IB: IbDev 0 Port 1 qpn 12550 set_ece={supported=1, vendor_id=0x15b3, options=0x0, comp_mask=0x0}
MOC-R4PCC04U05:729997:730156 [1] NCCL INFO New proxy send connection 10 from local rank 0, transport 0
MOC-R4PCC04U05:729996:730231 [0] NCCL INFO Connected to proxy localRank 1 -> connection 0x7f79380053e0
MOC-R4PCC04U05:729998:730159 [2] NCCL INFO New proxy send connection 9 from local rank 1, transport 0
MOC-R4PCC04U05:729997:730232 [1] NCCL INFO Connected to proxy localRank 2 -> connection 0x7efdd0005368
num decayed parameter tensors: 50, with 124,318,464 parameters
num non-decayed parameter tensors: 98, with 121,344 parameters
using fused AdamW: False
using regular AdamW
MOC-R4PCC04U05:729999:730154 [3] NCCL INFO New proxy recv connection 10 from local rank 3, transport 0
MOC-R4PCC04U05:729999:730858 [3] NCCL INFO Connected to proxy localRank 3 -> connection 0x7fd6840053e0
MOC-R4PCC04U05:729999:730154 [3] NCCL INFO New proxy recv connection 11 from local rank 3, transport 0
MOC-R4PCC04U05:729999:730858 [3] NCCL INFO Connected to proxy localRank 3 -> connection 0x7fd684005458
MOC-R4PCC04U05:729996:730155 [0] NCCL INFO New proxy send connection 11 from local rank 0, transport 0
MOC-R4PCC04U05:729996:730859 [0] NCCL INFO Connected to proxy localRank 0 -> connection 0x7fcf70005458
MOC-R4PCC04U05:729996:730155 [0] NCCL INFO New proxy send connection 12 from local rank 0, transport 0
MOC-R4PCC04U05:729996:730859 [0] NCCL INFO Connected to proxy localRank 0 -> connection 0x7fcf700054d0
MOC-R4PCC04U05:729996:730155 [0] NCCL INFO New proxy send connection 13 from local rank 0, transport 0
MOC-R4PCC04U05:729996:730859 [0] NCCL INFO Connected to proxy localRank 0 -> connection 0x7fcf70005548
MOC-R4PCC04U05:729996:730155 [0] NCCL INFO New proxy send connection 14 from local rank 0, transport 0
MOC-R4PCC04U05:729996:730859 [0] NCCL INFO Connected to proxy localRank 0 -> connection 0x7fcf700055c0
MOC-R4PCC04U05:729998:730159 [2] NCCL INFO New proxy recv connection 10 from local rank 2, transport 0
MOC-R4PCC04U05:729998:730860 [2] NCCL INFO Connected to proxy localRank 2 -> connection 0x7efdd00053e0
MOC-R4PCC04U05:729998:730159 [2] NCCL INFO New proxy recv connection 11 from local rank 2, transport 0
MOC-R4PCC04U05:729998:730860 [2] NCCL INFO Connected to proxy localRank 2 -> connection 0x7efdd0005458
MOC-R4PCC04U05:729998:730159 [2] NCCL INFO New proxy recv connection 12 from local rank 2, transport 0
MOC-R4PCC04U05:729998:730860 [2] NCCL INFO Connected to proxy localRank 2 -> connection 0x7efdd00054d0
MOC-R4PCC04U05:729998:730159 [2] NCCL INFO New proxy recv connection 13 from local rank 2, transport 0
MOC-R4PCC04U05:729998:730860 [2] NCCL INFO Connected to proxy localRank 2 -> connection 0x7efdd0005548
MOC-R4PCC04U05:729997:730156 [1] NCCL INFO New proxy recv connection 11 from local rank 1, transport 0
MOC-R4PCC04U05:729997:730861 [1] NCCL INFO Connected to proxy localRank 1 -> connection 0x7f7938005458
MOC-R4PCC04U05:729997:730156 [1] NCCL INFO New proxy recv connection 12 from local rank 1, transport 0
MOC-R4PCC04U05:729997:730861 [1] NCCL INFO Connected to proxy localRank 1 -> connection 0x7f79380054d0
MOC-R4PCC04U05:729997:730156 [1] NCCL INFO New proxy recv connection 13 from local rank 1, transport 0
MOC-R4PCC04U05:729997:730861 [1] NCCL INFO Connected to proxy localRank 1 -> connection 0x7f7938005548
MOC-R4PCC04U05:729997:730156 [1] NCCL INFO New proxy recv connection 14 from local rank 1, transport 0
MOC-R4PCC04U05:729997:730861 [1] NCCL INFO Connected to proxy localRank 1 -> connection 0x7f79380055c0
MOC-R4PCC04U05:729997:730156 [1] NCCL INFO New proxy send connection 15 from local rank 1, transport 0
MOC-R4PCC04U05:729997:730861 [1] NCCL INFO Connected to proxy localRank 1 -> connection 0x7f7938005638
MOC-R4PCC04U05:729997:730156 [1] NCCL INFO New proxy send connection 16 from local rank 1, transport 0
MOC-R4PCC04U05:729997:730861 [1] NCCL INFO Connected to proxy localRank 1 -> connection 0x7f79380056b0
MOC-R4PCC04U05:729997:730156 [1] NCCL INFO New proxy send connection 17 from local rank 1, transport 0
MOC-R4PCC04U05:729997:730861 [1] NCCL INFO Connected to proxy localRank 1 -> connection 0x7f7938005728
MOC-R4PCC04U05:729997:730156 [1] NCCL INFO New proxy send connection 18 from local rank 1, transport 0
MOC-R4PCC04U05:729997:730861 [1] NCCL INFO Connected to proxy localRank 1 -> connection 0x7f79380057a0
MOC-R4PCC04U05:729997:730156 [1] NCCL INFO New proxy recv connection 19 from local rank 1, transport 0
MOC-R4PCC04U05:729997:730861 [1] NCCL INFO Connected to proxy localRank 1 -> connection 0x7f7938005818
MOC-R4PCC04U05:729996:730155 [0] NCCL INFO New proxy send connection 15 from local rank 0, transport 0
MOC-R4PCC04U05:729996:730859 [0] NCCL INFO Connected to proxy localRank 0 -> connection 0x7fcf70005638
MOC-R4PCC04U05:729998:730159 [2] NCCL INFO New proxy send connection 14 from local rank 2, transport 0
MOC-R4PCC04U05:729998:730860 [2] NCCL INFO Connected to proxy localRank 2 -> connection 0x7efdd00055c0
MOC-R4PCC04U05:729997:730156 [1] NCCL INFO New proxy recv connection 20 from local rank 1, transport 0
MOC-R4PCC04U05:729997:730861 [1] NCCL INFO Connected to proxy localRank 1 -> connection 0x7f7938005890
MOC-R4PCC04U05:729996:730155 [0] NCCL INFO New proxy send connection 16 from local rank 0, transport 0
MOC-R4PCC04U05:729998:730159 [2] NCCL INFO New proxy send connection 15 from local rank 2, transport 0
MOC-R4PCC04U05:729996:730859 [0] NCCL INFO Connected to proxy localRank 0 -> connection 0x7fcf700056b0
MOC-R4PCC04U05:729998:730860 [2] NCCL INFO Connected to proxy localRank 2 -> connection 0x7efdd0005638
MOC-R4PCC04U05:729996:730155 [0] NCCL INFO New proxy recv connection 17 from local rank 0, transport 0
MOC-R4PCC04U05:729996:730859 [0] NCCL INFO Connected to proxy localRank 0 -> connection 0x7fcf70005728
MOC-R4PCC04U05:729999:730858 [3] NCCL INFO GPU Direct RDMA Disabled for GPU 3 / HCA 1 (distance 7 > 0)
MOC-R4PCC04U05:729999:730154 [3] NCCL INFO New proxy send connection 12 from local rank 3, transport 2
MOC-R4PCC04U05:729999:730858 [3] NCCL INFO Connected to proxy localRank 3 -> connection 0x7fd6840054d0
MOC-R4PCC04U05:729999:730858 [3] NCCL INFO Channel 02/0 : 3[3] -> 7[3] [send] via NET/IB/1
MOC-R4PCC04U05:729999:730858 [3] NCCL INFO GPU Direct RDMA Disabled for GPU 3 / HCA 1 (distance 7 > 0)
MOC-R4PCC04U05:729999:730154 [3] NCCL INFO New proxy send connection 13 from local rank 3, transport 2
MOC-R4PCC04U05:729996:730155 [0] NCCL INFO New proxy recv connection 18 from local rank 0, transport 0
MOC-R4PCC04U05:729999:730858 [3] NCCL INFO Connected to proxy localRank 3 -> connection 0x7fd684005548
MOC-R4PCC04U05:729996:730859 [0] NCCL INFO Connected to proxy localRank 0 -> connection 0x7fcf700057a0
MOC-R4PCC04U05:729999:730858 [3] NCCL INFO Channel 03/0 : 3[3] -> 7[3] [send] via NET/IB/1
MOC-R4PCC04U05:729999:730858 [3] NCCL INFO GPU Direct RDMA Disabled for GPU 3 / HCA 1 (distance 7 > 0)
MOC-R4PCC04U05:729999:730154 [3] NCCL INFO New proxy recv connection 14 from local rank 3, transport 2
MOC-R4PCC04U05:729999:730858 [3] NCCL INFO Connected to proxy localRank 3 -> connection 0x7fd6840055c0
MOC-R4PCC04U05:729999:730858 [3] NCCL INFO Channel 00/0 : 11[3] -> 3[3] [receive] via NET/IB/1
MOC-R4PCC04U05:729999:730858 [3] NCCL INFO GPU Direct RDMA Disabled for GPU 3 / HCA 1 (distance 7 > 0)
MOC-R4PCC04U05:729999:730154 [3] NCCL INFO New proxy recv connection 15 from local rank 3, transport 2
MOC-R4PCC04U05:729999:730858 [3] NCCL INFO Connected to proxy localRank 3 -> connection 0x7fd684005638
MOC-R4PCC04U05:729999:730858 [3] NCCL INFO Channel 01/0 : 11[3] -> 3[3] [receive] via NET/IB/1
MOC-R4PCC04U05:729999:730858 [3] NCCL INFO GPU Direct RDMA Disabled for GPU 3 / HCA 1 (distance 7 > 0)
MOC-R4PCC04U05:729999:730154 [3] NCCL INFO New proxy send connection 16 from local rank 3, transport 2
MOC-R4PCC04U05:729999:730858 [3] NCCL INFO Connected to proxy localRank 3 -> connection 0x7fd6840056b0
MOC-R4PCC04U05:729999:730858 [3] NCCL INFO Channel 00/0 : 3[3] -> 11[3] [send] via NET/IB/1
MOC-R4PCC04U05:729999:730858 [3] NCCL INFO GPU Direct RDMA Disabled for GPU 3 / HCA 1 (distance 7 > 0)
MOC-R4PCC04U05:729999:730154 [3] NCCL INFO New proxy send connection 17 from local rank 3, transport 2
MOC-R4PCC04U05:729999:730858 [3] NCCL INFO Connected to proxy localRank 3 -> connection 0x7fd684005728
MOC-R4PCC04U05:729999:730858 [3] NCCL INFO Channel 01/0 : 3[3] -> 11[3] [send] via NET/IB/1
MOC-R4PCC04U05:729999:730858 [3] NCCL INFO GPU Direct RDMA Disabled for GPU 3 / HCA 1 (distance 7 > 0)
MOC-R4PCC04U05:729999:730154 [3] NCCL INFO New proxy recv connection 18 from local rank 3, transport 2
MOC-R4PCC04U05:729999:730858 [3] NCCL INFO Connected to proxy localRank 3 -> connection 0x7fd6840057a0
MOC-R4PCC04U05:729999:730858 [3] NCCL INFO Channel 02/0 : 7[3] -> 3[3] [receive] via NET/IB/1
MOC-R4PCC04U05:729999:730858 [3] NCCL INFO GPU Direct RDMA Disabled for GPU 3 / HCA 1 (distance 7 > 0)
MOC-R4PCC04U05:729999:730154 [3] NCCL INFO New proxy recv connection 19 from local rank 3, transport 2
MOC-R4PCC04U05:729999:730858 [3] NCCL INFO Connected to proxy localRank 3 -> connection 0x7fd684005818
MOC-R4PCC04U05:729999:730858 [3] NCCL INFO Channel 03/0 : 7[3] -> 3[3] [receive] via NET/IB/1
MOC-R4PCC04U05:729996:730155 [0] NCCL INFO New proxy recv connection 19 from local rank 0, transport 0
MOC-R4PCC04U05:729996:730859 [0] NCCL INFO Connected to proxy localRank 0 -> connection 0x7fcf70005818
MOC-R4PCC04U05:729999:730154 [3] NCCL INFO New proxy send connection 20 from local rank 3, transport 0
MOC-R4PCC04U05:729999:730858 [3] NCCL INFO Connected to proxy localRank 3 -> connection 0x7fd684005890
MOC-R4PCC04U05:729996:730155 [0] NCCL INFO New proxy recv connection 20 from local rank 0, transport 0
MOC-R4PCC04U05:729996:730859 [0] NCCL INFO Connected to proxy localRank 0 -> connection 0x7fcf70005890
MOC-R4PCC04U05:729999:730154 [3] NCCL INFO New proxy send connection 21 from local rank 3, transport 0
MOC-R4PCC04U05:729999:730858 [3] NCCL INFO Connected to proxy localRank 3 -> connection 0x7fd684005908
MOC-R4PCC04U05:729999:730154 [3] NCCL INFO New proxy send connection 22 from local rank 3, transport 0
MOC-R4PCC04U05:729999:730858 [3] NCCL INFO Connected to proxy localRank 3 -> connection 0x7fd684005980
MOC-R4PCC04U05:729999:730154 [3] NCCL INFO New proxy send connection 23 from local rank 3, transport 0
MOC-R4PCC04U05:729999:730858 [3] NCCL INFO Connected to proxy localRank 3 -> connection 0x7fd6840059f8
MOC-R4PCC04U05:729999:730154 [3] NCCL INFO NET/IB: NCCL Dev 1 IbDev 0 Port 1 qpn 12038 mtu 3 query_ece={supported=1, vendor_id=0x15b3, options=0x30000002, comp_mask=0x0} GID 3 (0/C132A8C0FFFF0000) fifoRkey=0x17b372 fifoLkey=0x17b372
MOC-R4PCC04U05:729999:730154 [3] NCCL INFO NET/IB: IbDev 0 Port 1 qpn 12557 set_ece={supported=1, vendor_id=0x15b3, options=0x0, comp_mask=0x0}
MOC-R4PCC04U05:729999:730154 [3] NCCL INFO NET/IB: NCCL Dev 1 IbDev 0 Port 1 qpn 12039 mtu 3 query_ece={supported=1, vendor_id=0x15b3, options=0x30000002, comp_mask=0x0} GID 3 (0/C132A8C0FFFF0000) fifoRkey=0x177837 fifoLkey=0x177837
MOC-R4PCC04U05:729999:730154 [3] NCCL INFO NET/IB: NCCL Dev 1 IbDev 0 Port 1 qpn 12044 mtu 3 query_ece={supported=1, vendor_id=0x15b3, options=0x30000002, comp_mask=0x0} GID 3 (0/C132A8C0FFFF0000) fifoRkey=0x17e7a6 fifoLkey=0x17e7a6
MOC-R4PCC04U05:729999:730154 [3] NCCL INFO NET/IB: NCCL Dev 1 IbDev 0 Port 1 qpn 12047 mtu 3 query_ece={supported=1, vendor_id=0x15b3, options=0x30000002, comp_mask=0x0} GID 3 (0/C132A8C0FFFF0000) fifoRkey=0x17d190 fifoLkey=0x17d190
MOC-R4PCC04U05:729999:730154 [3] NCCL INFO NET/IB: IbDev 0 Port 1 qpn 12572 set_ece={supported=1, vendor_id=0x15b3, options=0x0, comp_mask=0x0}
MOC-R4PCC04U05:729999:730154 [3] NCCL INFO NET/IB: IbDev 0 Port 1 qpn 10016 set_ece={supported=1, vendor_id=0x15b3, options=0x0, comp_mask=0x0}
MOC-R4PCC04U05:729999:730154 [3] NCCL INFO NET/IB: IbDev 0 Port 1 qpn 10018 set_ece={supported=1, vendor_id=0x15b3, options=0x0, comp_mask=0x0}
step    1/10 | train loss 11.010197 | norm 15.3783 | lr 1.00e-04 | (14635.87 ms | 322399 tok/s)
step    2/10 | train loss 10.139421 | norm 5.7379 | lr 1.00e-04 | (771.44 ms | 6116591 tok/s)
step    3/10 | train loss 9.800091 | norm 2.5972 | lr 1.00e-04 | (802.95 ms | 5876546 tok/s)
step    4/10 | train loss 9.631588 | norm 2.1026 | lr 1.00e-04 | (760.55 ms | 6204189 tok/s)
step    5/10 | train loss 9.549200 | norm 2.0954 | lr 1.00e-04 | (910.79 ms | 5180783 tok/s)
step    6/10 | train loss 9.469121 | norm 1.9887 | lr 1.00e-04 | (738.21 ms | 6391979 tok/s)
step    7/10 | train loss 9.384793 | norm 1.9384 | lr 1.00e-04 | (737.38 ms | 6399148 tok/s)
step    8/10 | train loss 9.294774 | norm 1.9078 | lr 1.00e-04 | (736.59 ms | 6406011 tok/s)
step    9/10 | train loss 9.200788 | norm 1.8597 | lr 1.00e-04 | (736.79 ms | 6404296 tok/s)
step   10/10 | train loss 9.113813 | norm 1.7827 | lr 1.00e-04 | (738.31 ms | 6391048 tok/s)
final 9 iters avg: 770.333ms
peak memory consumption: 16601 MiB
