Running pytorch 2.7.0+cu126
using device: cuda:0
total desired batch size: 786432
=> calculated gradient accumulation steps: 3
using device: cuda:2
using device: cuda:3
using device: cuda:1
compiling the model...
DataLoader: total number of tokens: 1,661,249,667 across 103 files
MOC-R4PCC04U05:446469:446469 [0] NCCL INFO NCCL_SOCKET_IFNAME set to eno7np0
MOC-R4PCC04U05:446469:446469 [0] NCCL INFO NCCL version 2.26.2+cuda12.2
MOC-R4PCC04U05:446471:446471 [2] NCCL INFO NCCL_SOCKET_IFNAME set to eno7np0
MOC-R4PCC04U05:446471:446471 [2] NCCL INFO NCCL version 2.26.2+cuda12.2
MOC-R4PCC04U05:446472:446472 [3] NCCL INFO NCCL_SOCKET_IFNAME set to eno7np0
MOC-R4PCC04U05:446472:446472 [3] NCCL INFO NCCL version 2.26.2+cuda12.2
MOC-R4PCC04U05:446469:446510 [0] NCCL INFO NET/Plugin: Could not find: libnccl-net.so. Using internal net plugin.
MOC-R4PCC04U05:446469:446510 [0] NCCL INFO NCCL_IB_HCA set to mlx5_5
MOC-R4PCC04U05:446469:446510 [0] NCCL INFO NET/IB : Made virtual device [0] name=mlx5_5 speed=400000 ndevs=1
MOC-R4PCC04U05:446469:446510 [0] NCCL INFO NET/IB : Using [0]mlx5_5:1/RoCE [RO]; OOB eno7np0:192.168.50.193<0>
MOC-R4PCC04U05:446470:446470 [1] NCCL INFO NCCL_SOCKET_IFNAME set to eno7np0
MOC-R4PCC04U05:446470:446470 [1] NCCL INFO NCCL version 2.26.2+cuda12.2
MOC-R4PCC04U05:446471:446511 [2] NCCL INFO NET/Plugin: Could not find: libnccl-net.so. Using internal net plugin.
MOC-R4PCC04U05:446471:446511 [2] NCCL INFO NCCL_IB_HCA set to mlx5_5
MOC-R4PCC04U05:446472:446512 [3] NCCL INFO NET/Plugin: Could not find: libnccl-net.so. Using internal net plugin.
MOC-R4PCC04U05:446472:446512 [3] NCCL INFO NCCL_IB_HCA set to mlx5_5
MOC-R4PCC04U05:446471:446511 [2] NCCL INFO NET/IB : Made virtual device [0] name=mlx5_5 speed=400000 ndevs=1
MOC-R4PCC04U05:446471:446511 [2] NCCL INFO NET/IB : Using [0]mlx5_5:1/RoCE [RO]; OOB eno7np0:192.168.50.193<0>
MOC-R4PCC04U05:446472:446512 [3] NCCL INFO NET/IB : Made virtual device [0] name=mlx5_5 speed=400000 ndevs=1
MOC-R4PCC04U05:446472:446512 [3] NCCL INFO NET/IB : Using [0]mlx5_5:1/RoCE [RO]; OOB eno7np0:192.168.50.193<0>
MOC-R4PCC04U05:446470:446514 [1] NCCL INFO NET/Plugin: Could not find: libnccl-net.so. Using internal net plugin.
MOC-R4PCC04U05:446470:446514 [1] NCCL INFO NCCL_IB_HCA set to mlx5_5
MOC-R4PCC04U05:446470:446514 [1] NCCL INFO NET/IB : Made virtual device [0] name=mlx5_5 speed=400000 ndevs=1
MOC-R4PCC04U05:446470:446514 [1] NCCL INFO NET/IB : Using [0]mlx5_5:1/RoCE [RO]; OOB eno7np0:192.168.50.193<0>
MOC-R4PCC04U05:446472:446512 [3] NCCL INFO NET/IB : GPU Direct RDMA Enabled for HCA 0 'mlx5_5'
MOC-R4PCC04U05:446472:446512 [3] NCCL INFO NET/IB : Made virtual device [1] name=mlx5_5 speed=400000 ndevs=1
MOC-R4PCC04U05:446472:446512 [3] NCCL INFO NET/IB : GPU Direct RDMA Enabled for HCA 0 'mlx5_5'
MOC-R4PCC04U05:446472:446512 [3] NCCL INFO NET/IB : GPU Direct RDMA Enabled for HCA 1 'mlx5_5'
MOC-R4PCC04U05:446469:446510 [0] NCCL INFO NET/IB : GPU Direct RDMA Enabled for HCA 0 'mlx5_5'
MOC-R4PCC04U05:446469:446510 [0] NCCL INFO NET/IB : Made virtual device [1] name=mlx5_5 speed=400000 ndevs=1
MOC-R4PCC04U05:446469:446510 [0] NCCL INFO NET/IB : GPU Direct RDMA Enabled for HCA 0 'mlx5_5'
MOC-R4PCC04U05:446469:446510 [0] NCCL INFO NET/IB : GPU Direct RDMA Enabled for HCA 1 'mlx5_5'
MOC-R4PCC04U05:446471:446511 [2] NCCL INFO NET/IB : GPU Direct RDMA Enabled for HCA 0 'mlx5_5'
MOC-R4PCC04U05:446471:446511 [2] NCCL INFO NET/IB : Made virtual device [1] name=mlx5_5 speed=400000 ndevs=1
MOC-R4PCC04U05:446471:446511 [2] NCCL INFO NET/IB : GPU Direct RDMA Enabled for HCA 0 'mlx5_5'
MOC-R4PCC04U05:446471:446511 [2] NCCL INFO NET/IB : GPU Direct RDMA Enabled for HCA 1 'mlx5_5'
MOC-R4PCC04U05:446470:446514 [1] NCCL INFO NET/IB : GPU Direct RDMA Enabled for HCA 0 'mlx5_5'
MOC-R4PCC04U05:446470:446514 [1] NCCL INFO NET/IB : Made virtual device [1] name=mlx5_5 speed=400000 ndevs=1
MOC-R4PCC04U05:446470:446514 [1] NCCL INFO NET/IB : GPU Direct RDMA Enabled for HCA 0 'mlx5_5'
MOC-R4PCC04U05:446470:446514 [1] NCCL INFO NET/IB : GPU Direct RDMA Enabled for HCA 1 'mlx5_5'
MOC-R4PCC04U05:446469:446510 [0] NCCL INFO NCCL_NET_GDR_LEVEL set by environment to LOC
MOC-R4PCC04U05:446469:446510 [0] NCCL INFO GPU Direct RDMA Disabled for GPU 0 / HCA 1 (distance 5 > 0)
MOC-R4PCC04U05:446469:446510 [0] NCCL INFO GPU Direct RDMA Disabled for GPU 1 / HCA 1 (distance 5 > 0)
MOC-R4PCC04U05:446469:446510 [0] NCCL INFO GPU Direct RDMA Disabled for GPU 2 / HCA 1 (distance 5 > 0)
MOC-R4PCC04U05:446469:446510 [0] NCCL INFO GPU Direct RDMA Disabled for GPU 0 / HCA 1 (distance 5 > 0)
MOC-R4PCC04U05:446469:446510 [0] NCCL INFO GPU Direct RDMA Disabled for GPU 1 / HCA 1 (distance 5 > 0)
MOC-R4PCC04U05:446469:446510 [0] NCCL INFO GPU Direct RDMA Disabled for GPU 2 / HCA 1 (distance 5 > 0)
MOC-R4PCC04U05:446470:446514 [1] NCCL INFO NCCL_NET_GDR_LEVEL set by environment to LOC
MOC-R4PCC04U05:446470:446514 [1] NCCL INFO GPU Direct RDMA Disabled for GPU 0 / HCA 1 (distance 5 > 0)
MOC-R4PCC04U05:446470:446514 [1] NCCL INFO GPU Direct RDMA Disabled for GPU 1 / HCA 1 (distance 5 > 0)
MOC-R4PCC04U05:446470:446514 [1] NCCL INFO GPU Direct RDMA Disabled for GPU 2 / HCA 1 (distance 5 > 0)
MOC-R4PCC04U05:446470:446514 [1] NCCL INFO GPU Direct RDMA Disabled for GPU 0 / HCA 1 (distance 5 > 0)
MOC-R4PCC04U05:446470:446514 [1] NCCL INFO GPU Direct RDMA Disabled for GPU 1 / HCA 1 (distance 5 > 0)
MOC-R4PCC04U05:446470:446514 [1] NCCL INFO GPU Direct RDMA Disabled for GPU 2 / HCA 1 (distance 5 > 0)
MOC-R4PCC04U05:446472:446512 [3] NCCL INFO NCCL_NET_GDR_LEVEL set by environment to LOC
MOC-R4PCC04U05:446472:446512 [3] NCCL INFO GPU Direct RDMA Disabled for GPU 0 / HCA 1 (distance 5 > 0)
MOC-R4PCC04U05:446472:446512 [3] NCCL INFO GPU Direct RDMA Disabled for GPU 1 / HCA 1 (distance 5 > 0)
MOC-R4PCC04U05:446472:446512 [3] NCCL INFO GPU Direct RDMA Disabled for GPU 2 / HCA 1 (distance 5 > 0)
MOC-R4PCC04U05:446472:446512 [3] NCCL INFO GPU Direct RDMA Disabled for GPU 0 / HCA 1 (distance 5 > 0)
MOC-R4PCC04U05:446472:446512 [3] NCCL INFO GPU Direct RDMA Disabled for GPU 1 / HCA 1 (distance 5 > 0)
MOC-R4PCC04U05:446472:446512 [3] NCCL INFO GPU Direct RDMA Disabled for GPU 2 / HCA 1 (distance 5 > 0)
MOC-R4PCC04U05:446471:446511 [2] NCCL INFO NCCL_NET_GDR_LEVEL set by environment to LOC
MOC-R4PCC04U05:446471:446511 [2] NCCL INFO GPU Direct RDMA Disabled for GPU 0 / HCA 1 (distance 5 > 0)
MOC-R4PCC04U05:446471:446511 [2] NCCL INFO GPU Direct RDMA Disabled for GPU 1 / HCA 1 (distance 5 > 0)
MOC-R4PCC04U05:446471:446511 [2] NCCL INFO GPU Direct RDMA Disabled for GPU 2 / HCA 1 (distance 5 > 0)
MOC-R4PCC04U05:446471:446511 [2] NCCL INFO GPU Direct RDMA Disabled for GPU 0 / HCA 1 (distance 5 > 0)
MOC-R4PCC04U05:446471:446511 [2] NCCL INFO GPU Direct RDMA Disabled for GPU 1 / HCA 1 (distance 5 > 0)
MOC-R4PCC04U05:446471:446511 [2] NCCL INFO GPU Direct RDMA Disabled for GPU 2 / HCA 1 (distance 5 > 0)
MOC-R4PCC04U05:446469:446531 [0] NCCL INFO New proxy send connection 0 from local rank 0, transport 0
MOC-R4PCC04U05:446469:446534 [0] NCCL INFO Connected to proxy localRank 0 -> connection 0x7fb018004f30
MOC-R4PCC04U05:446469:446531 [0] NCCL INFO New proxy send connection 1 from local rank 0, transport 0
MOC-R4PCC04U05:446469:446534 [0] NCCL INFO Connected to proxy localRank 0 -> connection 0x7fb018004fa8
MOC-R4PCC04U05:446470:446528 [1] NCCL INFO New proxy recv connection 0 from local rank 1, transport 0
MOC-R4PCC04U05:446470:446535 [1] NCCL INFO Connected to proxy localRank 1 -> connection 0x7f51a8004f30
MOC-R4PCC04U05:446472:446526 [3] NCCL INFO New proxy recv connection 0 from local rank 3, transport 0
MOC-R4PCC04U05:446472:446536 [3] NCCL INFO Connected to proxy localRank 3 -> connection 0x7f44a8004f30
MOC-R4PCC04U05:446470:446528 [1] NCCL INFO New proxy recv connection 1 from local rank 1, transport 0
MOC-R4PCC04U05:446470:446535 [1] NCCL INFO Connected to proxy localRank 1 -> connection 0x7f51a8004fa8
MOC-R4PCC04U05:446471:446527 [2] NCCL INFO New proxy recv connection 0 from local rank 2, transport 0
MOC-R4PCC04U05:446471:446537 [2] NCCL INFO Connected to proxy localRank 2 -> connection 0x7f99fc004f30
MOC-R4PCC04U05:446472:446526 [3] NCCL INFO New proxy recv connection 1 from local rank 3, transport 0
MOC-R4PCC04U05:446472:446536 [3] NCCL INFO Connected to proxy localRank 3 -> connection 0x7f44a8004fa8
MOC-R4PCC04U05:446472:446536 [3] NCCL INFO GPU Direct RDMA Disabled for GPU 3 / HCA 1 (distance 7 > 0)
MOC-R4PCC04U05:446471:446527 [2] NCCL INFO New proxy recv connection 1 from local rank 2, transport 0
MOC-R4PCC04U05:446471:446537 [2] NCCL INFO Connected to proxy localRank 2 -> connection 0x7f99fc004fa8
MOC-R4PCC04U05:446469:446531 [0] NCCL INFO New proxy send connection 2 from local rank 0, transport 0
MOC-R4PCC04U05:446471:446537 [2] NCCL INFO GPU Direct RDMA Disabled for GPU 2 / HCA 1 (distance 7 > 0)
MOC-R4PCC04U05:446469:446534 [0] NCCL INFO Connected to proxy localRank 0 -> connection 0x7fb018005020
MOC-R4PCC04U05:446469:446531 [0] NCCL INFO New proxy send connection 3 from local rank 0, transport 0
MOC-R4PCC04U05:446469:446534 [0] NCCL INFO Connected to proxy localRank 0 -> connection 0x7fb018005098
MOC-R4PCC04U05:446472:446526 [3] NCCL INFO New proxy send connection 2 from local rank 3, transport 2
MOC-R4PCC04U05:446472:446536 [3] NCCL INFO Connected to proxy localRank 3 -> connection 0x7f44a8005020
MOC-R4PCC04U05:446472:446536 [3] NCCL INFO Channel 00/0 : 3[3] -> 6[2] [send] via NET/IB/1
MOC-R4PCC04U05:446472:446536 [3] NCCL INFO GPU Direct RDMA Disabled for GPU 3 / HCA 1 (distance 7 > 0)
MOC-R4PCC04U05:446472:446526 [3] NCCL INFO New proxy send connection 3 from local rank 3, transport 2
MOC-R4PCC04U05:446472:446536 [3] NCCL INFO Connected to proxy localRank 3 -> connection 0x7f44a8005098
MOC-R4PCC04U05:446472:446536 [3] NCCL INFO Channel 02/0 : 3[3] -> 6[2] [send] via NET/IB/1
MOC-R4PCC04U05:446469:446531 [0] NCCL INFO New proxy recv connection 4 from local rank 0, transport 0
MOC-R4PCC04U05:446469:446534 [0] NCCL INFO Connected to proxy localRank 0 -> connection 0x7fb018005110
MOC-R4PCC04U05:446469:446531 [0] NCCL INFO New proxy recv connection 5 from local rank 0, transport 0
MOC-R4PCC04U05:446469:446534 [0] NCCL INFO Connected to proxy localRank 0 -> connection 0x7fb018005188
MOC-R4PCC04U05:446472:446536 [3] NCCL INFO GPU Direct RDMA Disabled for GPU 3 / HCA 1 (distance 7 > 0)
MOC-R4PCC04U05:446472:446526 [3] NCCL INFO New proxy recv connection 4 from local rank 3, transport 2
MOC-R4PCC04U05:446472:446536 [3] NCCL INFO Connected to proxy localRank 3 -> connection 0x7f44a8005110
MOC-R4PCC04U05:446472:446536 [3] NCCL INFO Channel 01/0 : 6[2] -> 3[3] [receive] via NET/IB/1
MOC-R4PCC04U05:446472:446536 [3] NCCL INFO GPU Direct RDMA Disabled for GPU 3 / HCA 1 (distance 7 > 0)
MOC-R4PCC04U05:446472:446526 [3] NCCL INFO New proxy recv connection 5 from local rank 3, transport 2
MOC-R4PCC04U05:446472:446536 [3] NCCL INFO Connected to proxy localRank 3 -> connection 0x7f44a8005188
MOC-R4PCC04U05:446472:446536 [3] NCCL INFO Channel 03/0 : 6[2] -> 3[3] [receive] via NET/IB/1
MOC-R4PCC04U05:446472:446526 [3] NCCL INFO New proxy send connection 6 from local rank 3, transport 0
MOC-R4PCC04U05:446472:446536 [3] NCCL INFO Connected to proxy localRank 3 -> connection 0x7f44a8005200
MOC-R4PCC04U05:446471:446527 [2] NCCL INFO New proxy recv connection 2 from local rank 2, transport 2
MOC-R4PCC04U05:446471:446537 [2] NCCL INFO Connected to proxy localRank 2 -> connection 0x7f99fc005020
MOC-R4PCC04U05:446471:446537 [2] NCCL INFO Channel 00/0 : 7[3] -> 2[2] [receive] via NET/IB/1
MOC-R4PCC04U05:446471:446537 [2] NCCL INFO GPU Direct RDMA Disabled for GPU 2 / HCA 1 (distance 7 > 0)
MOC-R4PCC04U05:446471:446527 [2] NCCL INFO New proxy recv connection 3 from local rank 2, transport 2
MOC-R4PCC04U05:446471:446537 [2] NCCL INFO Connected to proxy localRank 2 -> connection 0x7f99fc005098
MOC-R4PCC04U05:446471:446537 [2] NCCL INFO Channel 02/0 : 7[3] -> 2[2] [receive] via NET/IB/1
MOC-R4PCC04U05:446471:446537 [2] NCCL INFO GPU Direct RDMA Disabled for GPU 2 / HCA 1 (distance 7 > 0)
MOC-R4PCC04U05:446471:446527 [2] NCCL INFO New proxy send connection 4 from local rank 2, transport 2
MOC-R4PCC04U05:446471:446537 [2] NCCL INFO Connected to proxy localRank 2 -> connection 0x7f99fc005110
MOC-R4PCC04U05:446471:446537 [2] NCCL INFO Channel 01/0 : 2[2] -> 7[3] [send] via NET/IB/1
MOC-R4PCC04U05:446471:446537 [2] NCCL INFO GPU Direct RDMA Disabled for GPU 2 / HCA 1 (distance 7 > 0)
MOC-R4PCC04U05:446471:446527 [2] NCCL INFO New proxy send connection 5 from local rank 2, transport 2
MOC-R4PCC04U05:446471:446537 [2] NCCL INFO Connected to proxy localRank 2 -> connection 0x7f99fc005188
MOC-R4PCC04U05:446471:446537 [2] NCCL INFO Channel 03/0 : 2[2] -> 7[3] [send] via NET/IB/1
MOC-R4PCC04U05:446471:446527 [2] NCCL INFO New proxy send connection 6 from local rank 2, transport 0
MOC-R4PCC04U05:446471:446537 [2] NCCL INFO Connected to proxy localRank 2 -> connection 0x7f99fc005200
MOC-R4PCC04U05:446471:446527 [2] NCCL INFO New proxy send connection 7 from local rank 2, transport 0
MOC-R4PCC04U05:446471:446537 [2] NCCL INFO Connected to proxy localRank 2 -> connection 0x7f99fc005278
MOC-R4PCC04U05:446472:446526 [3] NCCL INFO New proxy send connection 7 from local rank 3, transport 0
MOC-R4PCC04U05:446472:446536 [3] NCCL INFO Connected to proxy localRank 3 -> connection 0x7f44a8005278
MOC-R4PCC04U05:446469:446531 [0] NCCL INFO New proxy recv connection 6 from local rank 0, transport 0
MOC-R4PCC04U05:446469:446534 [0] NCCL INFO Connected to proxy localRank 0 -> connection 0x7fb018005200
MOC-R4PCC04U05:446470:446528 [1] NCCL INFO New proxy recv connection 2 from local rank 1, transport 0
MOC-R4PCC04U05:446470:446535 [1] NCCL INFO Connected to proxy localRank 1 -> connection 0x7f51a8005020
MOC-R4PCC04U05:446469:446531 [0] NCCL INFO New proxy recv connection 7 from local rank 0, transport 0
MOC-R4PCC04U05:446469:446534 [0] NCCL INFO Connected to proxy localRank 0 -> connection 0x7fb018005278
MOC-R4PCC04U05:446469:446531 [0] NCCL INFO New proxy send connection 8 from local rank 3, transport 0
MOC-R4PCC04U05:446472:446536 [3] NCCL INFO Connected to proxy localRank 0 -> connection 0x7fb0180052f0
MOC-R4PCC04U05:446470:446528 [1] NCCL INFO New proxy recv connection 3 from local rank 1, transport 0
MOC-R4PCC04U05:446470:446535 [1] NCCL INFO Connected to proxy localRank 1 -> connection 0x7f51a8005098
MOC-R4PCC04U05:446470:446528 [1] NCCL INFO New proxy send connection 4 from local rank 1, transport 0
MOC-R4PCC04U05:446470:446535 [1] NCCL INFO Connected to proxy localRank 1 -> connection 0x7f51a8005110
MOC-R4PCC04U05:446470:446528 [1] NCCL INFO New proxy send connection 5 from local rank 1, transport 0
MOC-R4PCC04U05:446470:446535 [1] NCCL INFO Connected to proxy localRank 1 -> connection 0x7f51a8005188
MOC-R4PCC04U05:446470:446528 [1] NCCL INFO New proxy send connection 6 from local rank 1, transport 0
MOC-R4PCC04U05:446470:446535 [1] NCCL INFO Connected to proxy localRank 1 -> connection 0x7f51a8005200
MOC-R4PCC04U05:446470:446528 [1] NCCL INFO New proxy send connection 7 from local rank 1, transport 0
MOC-R4PCC04U05:446470:446535 [1] NCCL INFO Connected to proxy localRank 1 -> connection 0x7f51a8005278
MOC-R4PCC04U05:446469:446531 [0] NCCL INFO New proxy send connection 9 from local rank 2, transport 0
MOC-R4PCC04U05:446471:446527 [2] NCCL INFO New proxy send connection 8 from local rank 0, transport 0
MOC-R4PCC04U05:446472:446526 [3] NCCL INFO New proxy send connection 8 from local rank 1, transport 0
MOC-R4PCC04U05:446471:446537 [2] NCCL INFO Connected to proxy localRank 0 -> connection 0x7fb018005368
MOC-R4PCC04U05:446469:446534 [0] NCCL INFO Connected to proxy localRank 2 -> connection 0x7f99fc0052f0
MOC-R4PCC04U05:446470:446535 [1] NCCL INFO Connected to proxy localRank 3 -> connection 0x7f44a80052f0
MOC-R4PCC04U05:446470:446528 [1] NCCL INFO New proxy send connection 8 from local rank 3, transport 0
MOC-R4PCC04U05:446472:446536 [3] NCCL INFO Connected to proxy localRank 1 -> connection 0x7f51a80052f0
MOC-R4PCC04U05:446472:446526 [3] NCCL INFO NET/IB: NCCL Dev 1 IbDev 0 Port 1 qpn 6638 mtu 3 query_ece={supported=1, vendor_id=0x15b3, options=0x30000002, comp_mask=0x0} GID 3 (0/C132A8C0FFFF0000) fifoRkey=0x17ecab fifoLkey=0x17ecab
MOC-R4PCC04U05:446472:446526 [3] NCCL INFO NET/IB: NCCL Dev 1 IbDev 0 Port 1 qpn 6639 mtu 3 query_ece={supported=1, vendor_id=0x15b3, options=0x30000002, comp_mask=0x0} GID 3 (0/C132A8C0FFFF0000) fifoRkey=0x179c5b fifoLkey=0x179c5b
MOC-R4PCC04U05:446472:446526 [3] NCCL INFO NET/IB: IbDev 0 Port 1 qpn 6878 set_ece={supported=1, vendor_id=0x15b3, options=0x0, comp_mask=0x0}
MOC-R4PCC04U05:446472:446526 [3] NCCL INFO NET/IB: IbDev 0 Port 1 qpn 6880 set_ece={supported=1, vendor_id=0x15b3, options=0x0, comp_mask=0x0}
MOC-R4PCC04U05:446469:446531 [0] NCCL INFO New proxy send connection 10 from local rank 1, transport 0
MOC-R4PCC04U05:446470:446535 [1] NCCL INFO Connected to proxy localRank 0 -> connection 0x7fb0180053e0
MOC-R4PCC04U05:446470:446528 [1] NCCL INFO New proxy send connection 9 from local rank 2, transport 0
MOC-R4PCC04U05:446471:446537 [2] NCCL INFO Connected to proxy localRank 1 -> connection 0x7f51a8005368
MOC-R4PCC04U05:446472:446526 [3] NCCL INFO New proxy send connection 9 from local rank 0, transport 0
MOC-R4PCC04U05:446469:446534 [0] NCCL INFO Connected to proxy localRank 3 -> connection 0x7f44a8005368
MOC-R4PCC04U05:446471:446527 [2] NCCL INFO NET/IB: NCCL Dev 1 IbDev 0 Port 1 qpn 6648 mtu 3 query_ece={supported=1, vendor_id=0x15b3, options=0x30000002, comp_mask=0x0} GID 3 (0/C132A8C0FFFF0000) fifoRkey=0x177837 fifoLkey=0x177837
MOC-R4PCC04U05:446471:446527 [2] NCCL INFO NET/IB: NCCL Dev 1 IbDev 0 Port 1 qpn 6649 mtu 3 query_ece={supported=1, vendor_id=0x15b3, options=0x30000002, comp_mask=0x0} GID 3 (0/C132A8C0FFFF0000) fifoRkey=0x1716d5 fifoLkey=0x1716d5
MOC-R4PCC04U05:446471:446527 [2] NCCL INFO New proxy send connection 9 from local rank 1, transport 0
MOC-R4PCC04U05:446470:446535 [1] NCCL INFO Connected to proxy localRank 2 -> connection 0x7f99fc005368
MOC-R4PCC04U05:446471:446527 [2] NCCL INFO NET/IB: IbDev 0 Port 1 qpn 6886 set_ece={supported=1, vendor_id=0x15b3, options=0x0, comp_mask=0x0}
MOC-R4PCC04U05:446471:446527 [2] NCCL INFO NET/IB: IbDev 0 Port 1 qpn 6888 set_ece={supported=1, vendor_id=0x15b3, options=0x0, comp_mask=0x0}
MOC-R4PCC04U05:446470:446528 [1] NCCL INFO New proxy send connection 10 from local rank 0, transport 0
MOC-R4PCC04U05:446469:446534 [0] NCCL INFO Connected to proxy localRank 1 -> connection 0x7f51a80053e0
num decayed parameter tensors: 50, with 124,318,464 parameters
num non-decayed parameter tensors: 98, with 121,344 parameters
using fused AdamW: False
using regular AdamW
MOC-R4PCC04U05:446472:446526 [3] NCCL INFO New proxy recv connection 10 from local rank 3, transport 0
MOC-R4PCC04U05:446472:447228 [3] NCCL INFO Connected to proxy localRank 3 -> connection 0x7f44a80053e0
MOC-R4PCC04U05:446472:446526 [3] NCCL INFO New proxy recv connection 11 from local rank 3, transport 0
MOC-R4PCC04U05:446472:447228 [3] NCCL INFO Connected to proxy localRank 3 -> connection 0x7f44a8005458
MOC-R4PCC04U05:446471:446527 [2] NCCL INFO New proxy recv connection 10 from local rank 2, transport 0
MOC-R4PCC04U05:446471:447229 [2] NCCL INFO Connected to proxy localRank 2 -> connection 0x7f99fc0053e0
MOC-R4PCC04U05:446471:446527 [2] NCCL INFO New proxy recv connection 11 from local rank 2, transport 0
MOC-R4PCC04U05:446471:447229 [2] NCCL INFO Connected to proxy localRank 2 -> connection 0x7f99fc005458
MOC-R4PCC04U05:446471:446527 [2] NCCL INFO New proxy recv connection 12 from local rank 2, transport 0
MOC-R4PCC04U05:446471:447229 [2] NCCL INFO Connected to proxy localRank 2 -> connection 0x7f99fc0054d0
MOC-R4PCC04U05:446471:446527 [2] NCCL INFO New proxy recv connection 13 from local rank 2, transport 0
MOC-R4PCC04U05:446471:447229 [2] NCCL INFO Connected to proxy localRank 2 -> connection 0x7f99fc005548
MOC-R4PCC04U05:446470:446528 [1] NCCL INFO New proxy recv connection 11 from local rank 1, transport 0
MOC-R4PCC04U05:446470:447230 [1] NCCL INFO Connected to proxy localRank 1 -> connection 0x7f51a8005458
MOC-R4PCC04U05:446470:446528 [1] NCCL INFO New proxy recv connection 12 from local rank 1, transport 0
MOC-R4PCC04U05:446470:447230 [1] NCCL INFO Connected to proxy localRank 1 -> connection 0x7f51a80054d0
MOC-R4PCC04U05:446470:446528 [1] NCCL INFO New proxy recv connection 13 from local rank 1, transport 0
MOC-R4PCC04U05:446470:447230 [1] NCCL INFO Connected to proxy localRank 1 -> connection 0x7f51a8005548
MOC-R4PCC04U05:446470:446528 [1] NCCL INFO New proxy recv connection 14 from local rank 1, transport 0
MOC-R4PCC04U05:446470:447230 [1] NCCL INFO Connected to proxy localRank 1 -> connection 0x7f51a80055c0
MOC-R4PCC04U05:446470:446528 [1] NCCL INFO New proxy send connection 15 from local rank 1, transport 0
MOC-R4PCC04U05:446470:447230 [1] NCCL INFO Connected to proxy localRank 1 -> connection 0x7f51a8005638
MOC-R4PCC04U05:446470:446528 [1] NCCL INFO New proxy send connection 16 from local rank 1, transport 0
MOC-R4PCC04U05:446470:447230 [1] NCCL INFO Connected to proxy localRank 1 -> connection 0x7f51a80056b0
MOC-R4PCC04U05:446470:446528 [1] NCCL INFO New proxy send connection 17 from local rank 1, transport 0
MOC-R4PCC04U05:446470:447230 [1] NCCL INFO Connected to proxy localRank 1 -> connection 0x7f51a8005728
MOC-R4PCC04U05:446470:446528 [1] NCCL INFO New proxy send connection 18 from local rank 1, transport 0
MOC-R4PCC04U05:446470:447230 [1] NCCL INFO Connected to proxy localRank 1 -> connection 0x7f51a80057a0
MOC-R4PCC04U05:446471:446527 [2] NCCL INFO New proxy send connection 14 from local rank 2, transport 0
MOC-R4PCC04U05:446471:447229 [2] NCCL INFO Connected to proxy localRank 2 -> connection 0x7f99fc0055c0
MOC-R4PCC04U05:446471:446527 [2] NCCL INFO New proxy send connection 15 from local rank 2, transport 0
MOC-R4PCC04U05:446471:447229 [2] NCCL INFO Connected to proxy localRank 2 -> connection 0x7f99fc005638
MOC-R4PCC04U05:446469:446531 [0] NCCL INFO New proxy send connection 11 from local rank 0, transport 0
MOC-R4PCC04U05:446469:447231 [0] NCCL INFO Connected to proxy localRank 0 -> connection 0x7fb018005458
MOC-R4PCC04U05:446469:446531 [0] NCCL INFO New proxy send connection 12 from local rank 0, transport 0
MOC-R4PCC04U05:446469:447231 [0] NCCL INFO Connected to proxy localRank 0 -> connection 0x7fb0180054d0
MOC-R4PCC04U05:446469:446531 [0] NCCL INFO New proxy send connection 13 from local rank 0, transport 0
MOC-R4PCC04U05:446469:447231 [0] NCCL INFO Connected to proxy localRank 0 -> connection 0x7fb018005548
MOC-R4PCC04U05:446469:446531 [0] NCCL INFO New proxy send connection 14 from local rank 0, transport 0
MOC-R4PCC04U05:446469:447231 [0] NCCL INFO Connected to proxy localRank 0 -> connection 0x7fb0180055c0
MOC-R4PCC04U05:446470:446528 [1] NCCL INFO New proxy recv connection 19 from local rank 1, transport 0
MOC-R4PCC04U05:446469:446531 [0] NCCL INFO New proxy send connection 15 from local rank 0, transport 0
MOC-R4PCC04U05:446469:447231 [0] NCCL INFO Connected to proxy localRank 0 -> connection 0x7fb018005638
MOC-R4PCC04U05:446470:447230 [1] NCCL INFO Connected to proxy localRank 1 -> connection 0x7f51a8005818
MOC-R4PCC04U05:446469:446531 [0] NCCL INFO New proxy send connection 16 from local rank 0, transport 0
MOC-R4PCC04U05:446469:447231 [0] NCCL INFO Connected to proxy localRank 0 -> connection 0x7fb0180056b0
MOC-R4PCC04U05:446470:446528 [1] NCCL INFO New proxy recv connection 20 from local rank 1, transport 0
MOC-R4PCC04U05:446470:447230 [1] NCCL INFO Connected to proxy localRank 1 -> connection 0x7f51a8005890
MOC-R4PCC04U05:446469:446531 [0] NCCL INFO New proxy recv connection 17 from local rank 0, transport 0
MOC-R4PCC04U05:446469:447231 [0] NCCL INFO Connected to proxy localRank 0 -> connection 0x7fb018005728
MOC-R4PCC04U05:446472:447228 [3] NCCL INFO GPU Direct RDMA Disabled for GPU 3 / HCA 1 (distance 7 > 0)
MOC-R4PCC04U05:446472:446526 [3] NCCL INFO New proxy recv connection 12 from local rank 3, transport 2
MOC-R4PCC04U05:446469:446531 [0] NCCL INFO New proxy recv connection 18 from local rank 0, transport 0
MOC-R4PCC04U05:446472:447228 [3] NCCL INFO Connected to proxy localRank 3 -> connection 0x7f44a80054d0
MOC-R4PCC04U05:446469:447231 [0] NCCL INFO Connected to proxy localRank 0 -> connection 0x7fb0180057a0
MOC-R4PCC04U05:446472:447228 [3] NCCL INFO Channel 00/0 : 7[3] -> 3[3] [receive] via NET/IB/1
MOC-R4PCC04U05:446472:447228 [3] NCCL INFO GPU Direct RDMA Disabled for GPU 3 / HCA 1 (distance 7 > 0)
MOC-R4PCC04U05:446472:446526 [3] NCCL INFO New proxy recv connection 13 from local rank 3, transport 2
MOC-R4PCC04U05:446472:447228 [3] NCCL INFO Connected to proxy localRank 3 -> connection 0x7f44a8005548
MOC-R4PCC04U05:446472:447228 [3] NCCL INFO Channel 01/0 : 7[3] -> 3[3] [receive] via NET/IB/1
MOC-R4PCC04U05:446472:447228 [3] NCCL INFO GPU Direct RDMA Disabled for GPU 3 / HCA 1 (distance 7 > 0)
MOC-R4PCC04U05:446472:446526 [3] NCCL INFO New proxy recv connection 14 from local rank 3, transport 2
MOC-R4PCC04U05:446472:447228 [3] NCCL INFO Connected to proxy localRank 3 -> connection 0x7f44a80055c0
MOC-R4PCC04U05:446472:447228 [3] NCCL INFO Channel 02/0 : 7[3] -> 3[3] [receive] via NET/IB/1
MOC-R4PCC04U05:446472:447228 [3] NCCL INFO GPU Direct RDMA Disabled for GPU 3 / HCA 1 (distance 7 > 0)
MOC-R4PCC04U05:446472:446526 [3] NCCL INFO New proxy recv connection 15 from local rank 3, transport 2
MOC-R4PCC04U05:446472:447228 [3] NCCL INFO Connected to proxy localRank 3 -> connection 0x7f44a8005638
MOC-R4PCC04U05:446472:447228 [3] NCCL INFO Channel 03/0 : 7[3] -> 3[3] [receive] via NET/IB/1
MOC-R4PCC04U05:446472:447228 [3] NCCL INFO GPU Direct RDMA Disabled for GPU 3 / HCA 1 (distance 7 > 0)
MOC-R4PCC04U05:446469:446531 [0] NCCL INFO New proxy recv connection 19 from local rank 0, transport 0
MOC-R4PCC04U05:446472:446526 [3] NCCL INFO New proxy send connection 16 from local rank 3, transport 2
MOC-R4PCC04U05:446469:447231 [0] NCCL INFO Connected to proxy localRank 0 -> connection 0x7fb018005818
MOC-R4PCC04U05:446472:447228 [3] NCCL INFO Connected to proxy localRank 3 -> connection 0x7f44a80056b0
MOC-R4PCC04U05:446472:447228 [3] NCCL INFO Channel 00/0 : 3[3] -> 7[3] [send] via NET/IB/1
MOC-R4PCC04U05:446472:447228 [3] NCCL INFO GPU Direct RDMA Disabled for GPU 3 / HCA 1 (distance 7 > 0)
MOC-R4PCC04U05:446472:446526 [3] NCCL INFO New proxy send connection 17 from local rank 3, transport 2
MOC-R4PCC04U05:446472:447228 [3] NCCL INFO Connected to proxy localRank 3 -> connection 0x7f44a8005728
MOC-R4PCC04U05:446472:447228 [3] NCCL INFO Channel 01/0 : 3[3] -> 7[3] [send] via NET/IB/1
MOC-R4PCC04U05:446472:447228 [3] NCCL INFO GPU Direct RDMA Disabled for GPU 3 / HCA 1 (distance 7 > 0)
MOC-R4PCC04U05:446472:446526 [3] NCCL INFO New proxy send connection 18 from local rank 3, transport 2
MOC-R4PCC04U05:446472:447228 [3] NCCL INFO Connected to proxy localRank 3 -> connection 0x7f44a80057a0
MOC-R4PCC04U05:446472:447228 [3] NCCL INFO Channel 02/0 : 3[3] -> 7[3] [send] via NET/IB/1
MOC-R4PCC04U05:446472:447228 [3] NCCL INFO GPU Direct RDMA Disabled for GPU 3 / HCA 1 (distance 7 > 0)
MOC-R4PCC04U05:446472:446526 [3] NCCL INFO New proxy send connection 19 from local rank 3, transport 2
MOC-R4PCC04U05:446472:447228 [3] NCCL INFO Connected to proxy localRank 3 -> connection 0x7f44a8005818
MOC-R4PCC04U05:446472:447228 [3] NCCL INFO Channel 03/0 : 3[3] -> 7[3] [send] via NET/IB/1
MOC-R4PCC04U05:446472:446526 [3] NCCL INFO New proxy send connection 20 from local rank 3, transport 0
MOC-R4PCC04U05:446472:447228 [3] NCCL INFO Connected to proxy localRank 3 -> connection 0x7f44a8005890
MOC-R4PCC04U05:446469:446531 [0] NCCL INFO New proxy recv connection 20 from local rank 0, transport 0
MOC-R4PCC04U05:446469:447231 [0] NCCL INFO Connected to proxy localRank 0 -> connection 0x7fb018005890
MOC-R4PCC04U05:446472:446526 [3] NCCL INFO New proxy send connection 21 from local rank 3, transport 0
MOC-R4PCC04U05:446472:447228 [3] NCCL INFO Connected to proxy localRank 3 -> connection 0x7f44a8005908
MOC-R4PCC04U05:446472:446526 [3] NCCL INFO New proxy send connection 22 from local rank 3, transport 0
MOC-R4PCC04U05:446472:447228 [3] NCCL INFO Connected to proxy localRank 3 -> connection 0x7f44a8005980
MOC-R4PCC04U05:446472:446526 [3] NCCL INFO New proxy send connection 23 from local rank 3, transport 0
MOC-R4PCC04U05:446472:447228 [3] NCCL INFO Connected to proxy localRank 3 -> connection 0x7f44a80059f8
MOC-R4PCC04U05:446472:446526 [3] NCCL INFO NET/IB: NCCL Dev 1 IbDev 0 Port 1 qpn 6650 mtu 3 query_ece={supported=1, vendor_id=0x15b3, options=0x30000002, comp_mask=0x0} GID 3 (0/C132A8C0FFFF0000) fifoRkey=0x174705 fifoLkey=0x174705
MOC-R4PCC04U05:446472:446526 [3] NCCL INFO NET/IB: IbDev 0 Port 1 qpn 6891 set_ece={supported=1, vendor_id=0x15b3, options=0x0, comp_mask=0x0}
MOC-R4PCC04U05:446472:446526 [3] NCCL INFO NET/IB: NCCL Dev 1 IbDev 0 Port 1 qpn 6653 mtu 3 query_ece={supported=1, vendor_id=0x15b3, options=0x30000002, comp_mask=0x0} GID 3 (0/C132A8C0FFFF0000) fifoRkey=0x170bca fifoLkey=0x170bca
MOC-R4PCC04U05:446472:446526 [3] NCCL INFO NET/IB: IbDev 0 Port 1 qpn 6894 set_ece={supported=1, vendor_id=0x15b3, options=0x0, comp_mask=0x0}
MOC-R4PCC04U05:446472:446526 [3] NCCL INFO NET/IB: NCCL Dev 1 IbDev 0 Port 1 qpn 6656 mtu 3 query_ece={supported=1, vendor_id=0x15b3, options=0x30000002, comp_mask=0x0} GID 3 (0/C132A8C0FFFF0000) fifoRkey=0x178443 fifoLkey=0x178443
MOC-R4PCC04U05:446472:446526 [3] NCCL INFO NET/IB: IbDev 0 Port 1 qpn 6896 set_ece={supported=1, vendor_id=0x15b3, options=0x0, comp_mask=0x0}
MOC-R4PCC04U05:446472:446526 [3] NCCL INFO NET/IB: NCCL Dev 1 IbDev 0 Port 1 qpn 6659 mtu 3 query_ece={supported=1, vendor_id=0x15b3, options=0x30000002, comp_mask=0x0} GID 3 (0/C132A8C0FFFF0000) fifoRkey=0x17f1b0 fifoLkey=0x17f1b0
MOC-R4PCC04U05:446472:446526 [3] NCCL INFO NET/IB: IbDev 0 Port 1 qpn 6900 set_ece={supported=1, vendor_id=0x15b3, options=0x0, comp_mask=0x0}
step    1/10 | train loss 11.010591 | norm 15.5178 | lr 1.00e-04 | (13926.48 ms | 56470 tok/s)
step    2/10 | train loss 10.133059 | norm 5.7704 | lr 1.00e-04 | (257.41 ms | 3055209 tok/s)
step    3/10 | train loss 9.789805 | norm 2.6244 | lr 1.00e-04 | (255.18 ms | 3081836 tok/s)
step    4/10 | train loss 9.619390 | norm 2.1221 | lr 1.00e-04 | (271.24 ms | 2899372 tok/s)
step    5/10 | train loss 9.536020 | norm 2.1102 | lr 1.00e-04 | (258.31 ms | 3044516 tok/s)
step    6/10 | train loss 9.454269 | norm 2.0041 | lr 1.00e-04 | (256.86 ms | 3061771 tok/s)
step    7/10 | train loss 9.368479 | norm 1.9533 | lr 1.00e-04 | (346.38 ms | 2270463 tok/s)
step    8/10 | train loss 9.276946 | norm 1.9199 | lr 1.00e-04 | (257.03 ms | 3059735 tok/s)
step    9/10 | train loss 9.181935 | norm 1.8692 | lr 1.00e-04 | (329.42 ms | 2387338 tok/s)
step   10/10 | train loss 9.094177 | norm 1.7928 | lr 1.00e-04 | (258.15 ms | 3046436 tok/s)
final 9 iters avg: 276.663ms
peak memory consumption: 16601 MiB
