Running pytorch 2.7.0+cu126
using device: cuda:0
total desired batch size: 2097152
=> calculated gradient accumulation steps: 4
using device: cuda:1
using device: cuda:3
using device: cuda:2
compiling the model...
DataLoader: total number of tokens: 1,661,249,667 across 103 files
MOC-R4PCC04U05:688724:688724 [0] NCCL INFO NCCL_SOCKET_IFNAME set to eno7np0
MOC-R4PCC04U05:688724:688724 [0] NCCL INFO NCCL version 2.26.2+cuda12.2
MOC-R4PCC04U05:688724:688830 [0] NCCL INFO NET/Plugin: Could not find: libnccl-net.so. Using internal net plugin.
MOC-R4PCC04U05:688724:688830 [0] NCCL INFO NCCL_IB_HCA set to mlx5_5
MOC-R4PCC04U05:688724:688830 [0] NCCL INFO NET/IB : Made virtual device [0] name=mlx5_5 speed=400000 ndevs=1
MOC-R4PCC04U05:688724:688830 [0] NCCL INFO NET/IB : Using [0]mlx5_5:1/RoCE [RO]; OOB eno7np0:192.168.50.193<0>
MOC-R4PCC04U05:688727:688727 [3] NCCL INFO NCCL_SOCKET_IFNAME set to eno7np0
MOC-R4PCC04U05:688727:688727 [3] NCCL INFO NCCL version 2.26.2+cuda12.2
MOC-R4PCC04U05:688725:688725 [1] NCCL INFO NCCL_SOCKET_IFNAME set to eno7np0
MOC-R4PCC04U05:688725:688725 [1] NCCL INFO NCCL version 2.26.2+cuda12.2
MOC-R4PCC04U05:688726:688726 [2] NCCL INFO NCCL_SOCKET_IFNAME set to eno7np0
MOC-R4PCC04U05:688726:688726 [2] NCCL INFO NCCL version 2.26.2+cuda12.2
MOC-R4PCC04U05:688727:688853 [3] NCCL INFO NET/Plugin: Could not find: libnccl-net.so. Using internal net plugin.
MOC-R4PCC04U05:688727:688853 [3] NCCL INFO NCCL_IB_HCA set to mlx5_5
MOC-R4PCC04U05:688726:688855 [2] NCCL INFO NET/Plugin: Could not find: libnccl-net.so. Using internal net plugin.
MOC-R4PCC04U05:688725:688854 [1] NCCL INFO NET/Plugin: Could not find: libnccl-net.so. Using internal net plugin.
MOC-R4PCC04U05:688726:688855 [2] NCCL INFO NCCL_IB_HCA set to mlx5_5
MOC-R4PCC04U05:688725:688854 [1] NCCL INFO NCCL_IB_HCA set to mlx5_5
MOC-R4PCC04U05:688727:688853 [3] NCCL INFO NET/IB : Made virtual device [0] name=mlx5_5 speed=400000 ndevs=1
MOC-R4PCC04U05:688727:688853 [3] NCCL INFO NET/IB : Using [0]mlx5_5:1/RoCE [RO]; OOB eno7np0:192.168.50.193<0>
MOC-R4PCC04U05:688726:688855 [2] NCCL INFO NET/IB : Made virtual device [0] name=mlx5_5 speed=400000 ndevs=1
MOC-R4PCC04U05:688725:688854 [1] NCCL INFO NET/IB : Made virtual device [0] name=mlx5_5 speed=400000 ndevs=1
MOC-R4PCC04U05:688726:688855 [2] NCCL INFO NET/IB : Using [0]mlx5_5:1/RoCE [RO]; OOB eno7np0:192.168.50.193<0>
MOC-R4PCC04U05:688725:688854 [1] NCCL INFO NET/IB : Using [0]mlx5_5:1/RoCE [RO]; OOB eno7np0:192.168.50.193<0>
MOC-R4PCC04U05:688727:688853 [3] NCCL INFO NET/IB : GPU Direct RDMA Enabled for HCA 0 'mlx5_5'
MOC-R4PCC04U05:688727:688853 [3] NCCL INFO NET/IB : Made virtual device [1] name=mlx5_5 speed=400000 ndevs=1
MOC-R4PCC04U05:688727:688853 [3] NCCL INFO NET/IB : GPU Direct RDMA Enabled for HCA 0 'mlx5_5'
MOC-R4PCC04U05:688727:688853 [3] NCCL INFO NET/IB : GPU Direct RDMA Enabled for HCA 1 'mlx5_5'
MOC-R4PCC04U05:688726:688855 [2] NCCL INFO NET/IB : GPU Direct RDMA Enabled for HCA 0 'mlx5_5'
MOC-R4PCC04U05:688726:688855 [2] NCCL INFO NET/IB : Made virtual device [1] name=mlx5_5 speed=400000 ndevs=1
MOC-R4PCC04U05:688726:688855 [2] NCCL INFO NET/IB : GPU Direct RDMA Enabled for HCA 0 'mlx5_5'
MOC-R4PCC04U05:688726:688855 [2] NCCL INFO NET/IB : GPU Direct RDMA Enabled for HCA 1 'mlx5_5'
MOC-R4PCC04U05:688724:688830 [0] NCCL INFO NET/IB : GPU Direct RDMA Enabled for HCA 0 'mlx5_5'
MOC-R4PCC04U05:688724:688830 [0] NCCL INFO NET/IB : Made virtual device [1] name=mlx5_5 speed=400000 ndevs=1
MOC-R4PCC04U05:688724:688830 [0] NCCL INFO NET/IB : GPU Direct RDMA Enabled for HCA 0 'mlx5_5'
MOC-R4PCC04U05:688724:688830 [0] NCCL INFO NET/IB : GPU Direct RDMA Enabled for HCA 1 'mlx5_5'
MOC-R4PCC04U05:688725:688854 [1] NCCL INFO NET/IB : GPU Direct RDMA Enabled for HCA 0 'mlx5_5'
MOC-R4PCC04U05:688725:688854 [1] NCCL INFO NET/IB : Made virtual device [1] name=mlx5_5 speed=400000 ndevs=1
MOC-R4PCC04U05:688725:688854 [1] NCCL INFO NET/IB : GPU Direct RDMA Enabled for HCA 0 'mlx5_5'
MOC-R4PCC04U05:688725:688854 [1] NCCL INFO NET/IB : GPU Direct RDMA Enabled for HCA 1 'mlx5_5'
MOC-R4PCC04U05:688725:688854 [1] NCCL INFO NCCL_NET_GDR_LEVEL set by environment to LOC
MOC-R4PCC04U05:688725:688854 [1] NCCL INFO GPU Direct RDMA Disabled for GPU 0 / HCA 1 (distance 5 > 0)
MOC-R4PCC04U05:688725:688854 [1] NCCL INFO GPU Direct RDMA Disabled for GPU 1 / HCA 1 (distance 5 > 0)
MOC-R4PCC04U05:688725:688854 [1] NCCL INFO GPU Direct RDMA Disabled for GPU 2 / HCA 1 (distance 5 > 0)
MOC-R4PCC04U05:688725:688854 [1] NCCL INFO GPU Direct RDMA Disabled for GPU 0 / HCA 1 (distance 5 > 0)
MOC-R4PCC04U05:688725:688854 [1] NCCL INFO GPU Direct RDMA Disabled for GPU 1 / HCA 1 (distance 5 > 0)
MOC-R4PCC04U05:688725:688854 [1] NCCL INFO GPU Direct RDMA Disabled for GPU 2 / HCA 1 (distance 5 > 0)
MOC-R4PCC04U05:688724:688830 [0] NCCL INFO NCCL_NET_GDR_LEVEL set by environment to LOC
MOC-R4PCC04U05:688724:688830 [0] NCCL INFO GPU Direct RDMA Disabled for GPU 0 / HCA 1 (distance 5 > 0)
MOC-R4PCC04U05:688724:688830 [0] NCCL INFO GPU Direct RDMA Disabled for GPU 1 / HCA 1 (distance 5 > 0)
MOC-R4PCC04U05:688724:688830 [0] NCCL INFO GPU Direct RDMA Disabled for GPU 2 / HCA 1 (distance 5 > 0)
MOC-R4PCC04U05:688724:688830 [0] NCCL INFO GPU Direct RDMA Disabled for GPU 0 / HCA 1 (distance 5 > 0)
MOC-R4PCC04U05:688724:688830 [0] NCCL INFO GPU Direct RDMA Disabled for GPU 1 / HCA 1 (distance 5 > 0)
MOC-R4PCC04U05:688724:688830 [0] NCCL INFO GPU Direct RDMA Disabled for GPU 2 / HCA 1 (distance 5 > 0)
MOC-R4PCC04U05:688726:688855 [2] NCCL INFO NCCL_NET_GDR_LEVEL set by environment to LOC
MOC-R4PCC04U05:688726:688855 [2] NCCL INFO GPU Direct RDMA Disabled for GPU 0 / HCA 1 (distance 5 > 0)
MOC-R4PCC04U05:688726:688855 [2] NCCL INFO GPU Direct RDMA Disabled for GPU 1 / HCA 1 (distance 5 > 0)
MOC-R4PCC04U05:688726:688855 [2] NCCL INFO GPU Direct RDMA Disabled for GPU 2 / HCA 1 (distance 5 > 0)
MOC-R4PCC04U05:688726:688855 [2] NCCL INFO GPU Direct RDMA Disabled for GPU 0 / HCA 1 (distance 5 > 0)
MOC-R4PCC04U05:688726:688855 [2] NCCL INFO GPU Direct RDMA Disabled for GPU 1 / HCA 1 (distance 5 > 0)
MOC-R4PCC04U05:688726:688855 [2] NCCL INFO GPU Direct RDMA Disabled for GPU 2 / HCA 1 (distance 5 > 0)
MOC-R4PCC04U05:688727:688853 [3] NCCL INFO NCCL_NET_GDR_LEVEL set by environment to LOC
MOC-R4PCC04U05:688727:688853 [3] NCCL INFO GPU Direct RDMA Disabled for GPU 0 / HCA 1 (distance 5 > 0)
MOC-R4PCC04U05:688727:688853 [3] NCCL INFO GPU Direct RDMA Disabled for GPU 1 / HCA 1 (distance 5 > 0)
MOC-R4PCC04U05:688727:688853 [3] NCCL INFO GPU Direct RDMA Disabled for GPU 2 / HCA 1 (distance 5 > 0)
MOC-R4PCC04U05:688727:688853 [3] NCCL INFO GPU Direct RDMA Disabled for GPU 0 / HCA 1 (distance 5 > 0)
MOC-R4PCC04U05:688727:688853 [3] NCCL INFO GPU Direct RDMA Disabled for GPU 1 / HCA 1 (distance 5 > 0)
MOC-R4PCC04U05:688727:688853 [3] NCCL INFO GPU Direct RDMA Disabled for GPU 2 / HCA 1 (distance 5 > 0)
MOC-R4PCC04U05:688727:688864 [3] NCCL INFO New proxy recv connection 0 from local rank 3, transport 0
MOC-R4PCC04U05:688727:688875 [3] NCCL INFO Connected to proxy localRank 3 -> connection 0x7fc69c004f30
MOC-R4PCC04U05:688727:688864 [3] NCCL INFO New proxy recv connection 1 from local rank 3, transport 0
MOC-R4PCC04U05:688727:688875 [3] NCCL INFO Connected to proxy localRank 3 -> connection 0x7fc69c004fa8
MOC-R4PCC04U05:688724:688868 [0] NCCL INFO New proxy send connection 0 from local rank 0, transport 0
MOC-R4PCC04U05:688724:688876 [0] NCCL INFO Connected to proxy localRank 0 -> connection 0x7f6864004f30
MOC-R4PCC04U05:688727:688875 [3] NCCL INFO GPU Direct RDMA Disabled for GPU 3 / HCA 1 (distance 7 > 0)
MOC-R4PCC04U05:688724:688868 [0] NCCL INFO New proxy send connection 1 from local rank 0, transport 0
MOC-R4PCC04U05:688724:688876 [0] NCCL INFO Connected to proxy localRank 0 -> connection 0x7f6864004fa8
MOC-R4PCC04U05:688725:688867 [1] NCCL INFO New proxy recv connection 0 from local rank 1, transport 0
MOC-R4PCC04U05:688725:688877 [1] NCCL INFO Connected to proxy localRank 1 -> connection 0x7f33fc004f30
MOC-R4PCC04U05:688726:688865 [2] NCCL INFO New proxy recv connection 0 from local rank 2, transport 0
MOC-R4PCC04U05:688726:688878 [2] NCCL INFO Connected to proxy localRank 2 -> connection 0x7f4428004f30
MOC-R4PCC04U05:688725:688867 [1] NCCL INFO New proxy recv connection 1 from local rank 1, transport 0
MOC-R4PCC04U05:688725:688877 [1] NCCL INFO Connected to proxy localRank 1 -> connection 0x7f33fc004fa8
MOC-R4PCC04U05:688726:688865 [2] NCCL INFO New proxy recv connection 1 from local rank 2, transport 0
MOC-R4PCC04U05:688726:688878 [2] NCCL INFO Connected to proxy localRank 2 -> connection 0x7f4428004fa8
MOC-R4PCC04U05:688726:688878 [2] NCCL INFO GPU Direct RDMA Disabled for GPU 2 / HCA 1 (distance 7 > 0)
MOC-R4PCC04U05:688724:688868 [0] NCCL INFO New proxy send connection 2 from local rank 0, transport 0
MOC-R4PCC04U05:688724:688876 [0] NCCL INFO Connected to proxy localRank 0 -> connection 0x7f6864005020
MOC-R4PCC04U05:688724:688868 [0] NCCL INFO New proxy send connection 3 from local rank 0, transport 0
MOC-R4PCC04U05:688724:688876 [0] NCCL INFO Connected to proxy localRank 0 -> connection 0x7f6864005098
MOC-R4PCC04U05:688727:688864 [3] NCCL INFO New proxy send connection 2 from local rank 3, transport 2
MOC-R4PCC04U05:688727:688875 [3] NCCL INFO Connected to proxy localRank 3 -> connection 0x7fc69c005020
MOC-R4PCC04U05:688727:688875 [3] NCCL INFO Channel 00/0 : 3[3] -> 6[2] [send] via NET/IB/1
MOC-R4PCC04U05:688727:688875 [3] NCCL INFO GPU Direct RDMA Disabled for GPU 3 / HCA 1 (distance 7 > 0)
MOC-R4PCC04U05:688727:688864 [3] NCCL INFO New proxy send connection 3 from local rank 3, transport 2
MOC-R4PCC04U05:688727:688875 [3] NCCL INFO Connected to proxy localRank 3 -> connection 0x7fc69c005098
MOC-R4PCC04U05:688727:688875 [3] NCCL INFO Channel 02/0 : 3[3] -> 6[2] [send] via NET/IB/1
MOC-R4PCC04U05:688724:688868 [0] NCCL INFO New proxy recv connection 4 from local rank 0, transport 0
MOC-R4PCC04U05:688724:688876 [0] NCCL INFO Connected to proxy localRank 0 -> connection 0x7f6864005110
MOC-R4PCC04U05:688727:688875 [3] NCCL INFO GPU Direct RDMA Disabled for GPU 3 / HCA 1 (distance 7 > 0)
MOC-R4PCC04U05:688727:688864 [3] NCCL INFO New proxy recv connection 4 from local rank 3, transport 2
MOC-R4PCC04U05:688727:688875 [3] NCCL INFO Connected to proxy localRank 3 -> connection 0x7fc69c005110
MOC-R4PCC04U05:688727:688875 [3] NCCL INFO Channel 01/0 : 14[2] -> 3[3] [receive] via NET/IB/1
MOC-R4PCC04U05:688727:688875 [3] NCCL INFO GPU Direct RDMA Disabled for GPU 3 / HCA 1 (distance 7 > 0)
MOC-R4PCC04U05:688727:688864 [3] NCCL INFO New proxy recv connection 5 from local rank 3, transport 2
MOC-R4PCC04U05:688727:688875 [3] NCCL INFO Connected to proxy localRank 3 -> connection 0x7fc69c005188
MOC-R4PCC04U05:688727:688875 [3] NCCL INFO Channel 03/0 : 14[2] -> 3[3] [receive] via NET/IB/1
MOC-R4PCC04U05:688724:688868 [0] NCCL INFO New proxy recv connection 5 from local rank 0, transport 0
MOC-R4PCC04U05:688724:688876 [0] NCCL INFO Connected to proxy localRank 0 -> connection 0x7f6864005188
MOC-R4PCC04U05:688724:688868 [0] NCCL INFO New proxy recv connection 6 from local rank 0, transport 0
MOC-R4PCC04U05:688724:688876 [0] NCCL INFO Connected to proxy localRank 0 -> connection 0x7f6864005200
MOC-R4PCC04U05:688724:688868 [0] NCCL INFO New proxy recv connection 7 from local rank 0, transport 0
MOC-R4PCC04U05:688724:688876 [0] NCCL INFO Connected to proxy localRank 0 -> connection 0x7f6864005278
MOC-R4PCC04U05:688726:688865 [2] NCCL INFO New proxy recv connection 2 from local rank 2, transport 2
MOC-R4PCC04U05:688726:688878 [2] NCCL INFO Connected to proxy localRank 2 -> connection 0x7f4428005020
MOC-R4PCC04U05:688726:688878 [2] NCCL INFO Channel 00/0 : 15[3] -> 2[2] [receive] via NET/IB/1
MOC-R4PCC04U05:688726:688878 [2] NCCL INFO GPU Direct RDMA Disabled for GPU 2 / HCA 1 (distance 7 > 0)
MOC-R4PCC04U05:688726:688865 [2] NCCL INFO New proxy recv connection 3 from local rank 2, transport 2
MOC-R4PCC04U05:688726:688878 [2] NCCL INFO Connected to proxy localRank 2 -> connection 0x7f4428005098
MOC-R4PCC04U05:688726:688878 [2] NCCL INFO Channel 02/0 : 15[3] -> 2[2] [receive] via NET/IB/1
MOC-R4PCC04U05:688726:688878 [2] NCCL INFO GPU Direct RDMA Disabled for GPU 2 / HCA 1 (distance 7 > 0)
MOC-R4PCC04U05:688726:688865 [2] NCCL INFO New proxy send connection 4 from local rank 2, transport 2
MOC-R4PCC04U05:688726:688878 [2] NCCL INFO Connected to proxy localRank 2 -> connection 0x7f4428005110
MOC-R4PCC04U05:688726:688878 [2] NCCL INFO Channel 01/0 : 2[2] -> 7[3] [send] via NET/IB/1
MOC-R4PCC04U05:688726:688878 [2] NCCL INFO GPU Direct RDMA Disabled for GPU 2 / HCA 1 (distance 7 > 0)
MOC-R4PCC04U05:688726:688865 [2] NCCL INFO New proxy send connection 5 from local rank 2, transport 2
MOC-R4PCC04U05:688726:688878 [2] NCCL INFO Connected to proxy localRank 2 -> connection 0x7f4428005188
MOC-R4PCC04U05:688726:688878 [2] NCCL INFO Channel 03/0 : 2[2] -> 7[3] [send] via NET/IB/1
MOC-R4PCC04U05:688727:688864 [3] NCCL INFO New proxy send connection 6 from local rank 3, transport 0
MOC-R4PCC04U05:688727:688875 [3] NCCL INFO Connected to proxy localRank 3 -> connection 0x7fc69c005200
MOC-R4PCC04U05:688727:688864 [3] NCCL INFO New proxy send connection 7 from local rank 3, transport 0
MOC-R4PCC04U05:688727:688875 [3] NCCL INFO Connected to proxy localRank 3 -> connection 0x7fc69c005278
MOC-R4PCC04U05:688725:688867 [1] NCCL INFO New proxy recv connection 2 from local rank 1, transport 0
MOC-R4PCC04U05:688725:688877 [1] NCCL INFO Connected to proxy localRank 1 -> connection 0x7f33fc005020
MOC-R4PCC04U05:688724:688868 [0] NCCL INFO New proxy send connection 8 from local rank 3, transport 0
MOC-R4PCC04U05:688727:688875 [3] NCCL INFO Connected to proxy localRank 0 -> connection 0x7f68640052f0
MOC-R4PCC04U05:688725:688867 [1] NCCL INFO New proxy recv connection 3 from local rank 1, transport 0
MOC-R4PCC04U05:688725:688877 [1] NCCL INFO Connected to proxy localRank 1 -> connection 0x7f33fc005098
MOC-R4PCC04U05:688725:688867 [1] NCCL INFO New proxy send connection 4 from local rank 1, transport 0
MOC-R4PCC04U05:688725:688877 [1] NCCL INFO Connected to proxy localRank 1 -> connection 0x7f33fc005110
MOC-R4PCC04U05:688725:688867 [1] NCCL INFO New proxy send connection 5 from local rank 1, transport 0
MOC-R4PCC04U05:688725:688877 [1] NCCL INFO Connected to proxy localRank 1 -> connection 0x7f33fc005188
MOC-R4PCC04U05:688725:688867 [1] NCCL INFO New proxy send connection 6 from local rank 1, transport 0
MOC-R4PCC04U05:688725:688877 [1] NCCL INFO Connected to proxy localRank 1 -> connection 0x7f33fc005200
MOC-R4PCC04U05:688725:688867 [1] NCCL INFO New proxy send connection 7 from local rank 1, transport 0
MOC-R4PCC04U05:688725:688877 [1] NCCL INFO Connected to proxy localRank 1 -> connection 0x7f33fc005278
MOC-R4PCC04U05:688725:688867 [1] NCCL INFO New proxy send connection 8 from local rank 3, transport 0
MOC-R4PCC04U05:688727:688875 [3] NCCL INFO Connected to proxy localRank 1 -> connection 0x7f33fc0052f0
MOC-R4PCC04U05:688726:688865 [2] NCCL INFO New proxy send connection 6 from local rank 0, transport 0
MOC-R4PCC04U05:688724:688876 [0] NCCL INFO Connected to proxy localRank 2 -> connection 0x7f4428005200
MOC-R4PCC04U05:688726:688865 [2] NCCL INFO New proxy send connection 7 from local rank 2, transport 0
MOC-R4PCC04U05:688726:688878 [2] NCCL INFO Connected to proxy localRank 2 -> connection 0x7f4428005278
MOC-R4PCC04U05:688726:688865 [2] NCCL INFO New proxy send connection 8 from local rank 2, transport 0
MOC-R4PCC04U05:688726:688878 [2] NCCL INFO Connected to proxy localRank 2 -> connection 0x7f44280052f0
MOC-R4PCC04U05:688724:688868 [0] NCCL INFO New proxy send connection 9 from local rank 2, transport 0
MOC-R4PCC04U05:688726:688878 [2] NCCL INFO Connected to proxy localRank 0 -> connection 0x7f6864005368
MOC-R4PCC04U05:688727:688864 [3] NCCL INFO New proxy send connection 8 from local rank 1, transport 0
MOC-R4PCC04U05:688725:688877 [1] NCCL INFO Connected to proxy localRank 3 -> connection 0x7fc69c0052f0
MOC-R4PCC04U05:688727:688864 [3] NCCL INFO New proxy send connection 9 from local rank 0, transport 0
MOC-R4PCC04U05:688724:688876 [0] NCCL INFO Connected to proxy localRank 3 -> connection 0x7fc69c005368
MOC-R4PCC04U05:688725:688867 [1] NCCL INFO New proxy send connection 9 from local rank 2, transport 0
MOC-R4PCC04U05:688726:688878 [2] NCCL INFO Connected to proxy localRank 1 -> connection 0x7f33fc005368
MOC-R4PCC04U05:688727:688864 [3] NCCL INFO NET/IB: NCCL Dev 1 IbDev 0 Port 1 qpn 11308 mtu 3 query_ece={supported=1, vendor_id=0x15b3, options=0x30000002, comp_mask=0x0} GID 3 (0/C132A8C0FFFF0000) fifoRkey=0x17a767 fifoLkey=0x17a767
MOC-R4PCC04U05:688727:688864 [3] NCCL INFO NET/IB: NCCL Dev 1 IbDev 0 Port 1 qpn 11309 mtu 3 query_ece={supported=1, vendor_id=0x15b3, options=0x30000002, comp_mask=0x0} GID 3 (0/C132A8C0FFFF0000) fifoRkey=0x170bca fifoLkey=0x170bca
MOC-R4PCC04U05:688727:688864 [3] NCCL INFO NET/IB: IbDev 0 Port 1 qpn 11464 set_ece={supported=1, vendor_id=0x15b3, options=0x0, comp_mask=0x0}
MOC-R4PCC04U05:688727:688864 [3] NCCL INFO NET/IB: IbDev 0 Port 1 qpn 11466 set_ece={supported=1, vendor_id=0x15b3, options=0x0, comp_mask=0x0}
MOC-R4PCC04U05:688724:688868 [0] NCCL INFO New proxy send connection 10 from local rank 1, transport 0
MOC-R4PCC04U05:688725:688877 [1] NCCL INFO Connected to proxy localRank 0 -> connection 0x7f68640053e0
MOC-R4PCC04U05:688726:688865 [2] NCCL INFO NET/IB: NCCL Dev 1 IbDev 0 Port 1 qpn 11310 mtu 3 query_ece={supported=1, vendor_id=0x15b3, options=0x30000002, comp_mask=0x0} GID 3 (0/C132A8C0FFFF0000) fifoRkey=0x172eed fifoLkey=0x172eed
MOC-R4PCC04U05:688726:688865 [2] NCCL INFO NET/IB: NCCL Dev 1 IbDev 0 Port 1 qpn 11311 mtu 3 query_ece={supported=1, vendor_id=0x15b3, options=0x30000002, comp_mask=0x0} GID 3 (0/C132A8C0FFFF0000) fifoRkey=0x177837 fifoLkey=0x177837
MOC-R4PCC04U05:688726:688865 [2] NCCL INFO NET/IB: IbDev 0 Port 1 qpn 11470 set_ece={supported=1, vendor_id=0x15b3, options=0x0, comp_mask=0x0}
MOC-R4PCC04U05:688725:688867 [1] NCCL INFO New proxy send connection 10 from local rank 0, transport 0
MOC-R4PCC04U05:688724:688876 [0] NCCL INFO Connected to proxy localRank 1 -> connection 0x7f33fc0053e0
MOC-R4PCC04U05:688726:688865 [2] NCCL INFO NET/IB: IbDev 0 Port 1 qpn 11472 set_ece={supported=1, vendor_id=0x15b3, options=0x0, comp_mask=0x0}
MOC-R4PCC04U05:688726:688865 [2] NCCL INFO New proxy send connection 9 from local rank 1, transport 0
MOC-R4PCC04U05:688725:688877 [1] NCCL INFO Connected to proxy localRank 2 -> connection 0x7f4428005368
num decayed parameter tensors: 50, with 124,318,464 parameters
num non-decayed parameter tensors: 98, with 121,344 parameters
using fused AdamW: False
using regular AdamW
MOC-R4PCC04U05:688727:688864 [3] NCCL INFO New proxy recv connection 10 from local rank 3, transport 0
MOC-R4PCC04U05:688727:689569 [3] NCCL INFO Connected to proxy localRank 3 -> connection 0x7fc69c0053e0
MOC-R4PCC04U05:688727:688864 [3] NCCL INFO New proxy recv connection 11 from local rank 3, transport 0
MOC-R4PCC04U05:688727:689569 [3] NCCL INFO Connected to proxy localRank 3 -> connection 0x7fc69c005458
MOC-R4PCC04U05:688724:688868 [0] NCCL INFO New proxy send connection 11 from local rank 0, transport 0
MOC-R4PCC04U05:688724:689570 [0] NCCL INFO Connected to proxy localRank 0 -> connection 0x7f6864005458
MOC-R4PCC04U05:688724:688868 [0] NCCL INFO New proxy send connection 12 from local rank 0, transport 0
MOC-R4PCC04U05:688724:689570 [0] NCCL INFO Connected to proxy localRank 0 -> connection 0x7f68640054d0
MOC-R4PCC04U05:688724:688868 [0] NCCL INFO New proxy send connection 13 from local rank 0, transport 0
MOC-R4PCC04U05:688724:689570 [0] NCCL INFO Connected to proxy localRank 0 -> connection 0x7f6864005548
MOC-R4PCC04U05:688724:688868 [0] NCCL INFO New proxy send connection 14 from local rank 0, transport 0
MOC-R4PCC04U05:688724:689570 [0] NCCL INFO Connected to proxy localRank 0 -> connection 0x7f68640055c0
MOC-R4PCC04U05:688726:688865 [2] NCCL INFO New proxy recv connection 10 from local rank 2, transport 0
MOC-R4PCC04U05:688726:689571 [2] NCCL INFO Connected to proxy localRank 2 -> connection 0x7f44280053e0
MOC-R4PCC04U05:688726:688865 [2] NCCL INFO New proxy recv connection 11 from local rank 2, transport 0
MOC-R4PCC04U05:688726:689571 [2] NCCL INFO Connected to proxy localRank 2 -> connection 0x7f4428005458
MOC-R4PCC04U05:688726:688865 [2] NCCL INFO New proxy recv connection 12 from local rank 2, transport 0
MOC-R4PCC04U05:688726:689571 [2] NCCL INFO Connected to proxy localRank 2 -> connection 0x7f44280054d0
MOC-R4PCC04U05:688726:688865 [2] NCCL INFO New proxy recv connection 13 from local rank 2, transport 0
MOC-R4PCC04U05:688726:689571 [2] NCCL INFO Connected to proxy localRank 2 -> connection 0x7f4428005548
MOC-R4PCC04U05:688725:688867 [1] NCCL INFO New proxy recv connection 11 from local rank 1, transport 0
MOC-R4PCC04U05:688725:689572 [1] NCCL INFO Connected to proxy localRank 1 -> connection 0x7f33fc005458
MOC-R4PCC04U05:688725:688867 [1] NCCL INFO New proxy recv connection 12 from local rank 1, transport 0
MOC-R4PCC04U05:688725:689572 [1] NCCL INFO Connected to proxy localRank 1 -> connection 0x7f33fc0054d0
MOC-R4PCC04U05:688725:688867 [1] NCCL INFO New proxy recv connection 13 from local rank 1, transport 0
MOC-R4PCC04U05:688725:689572 [1] NCCL INFO Connected to proxy localRank 1 -> connection 0x7f33fc005548
MOC-R4PCC04U05:688725:688867 [1] NCCL INFO New proxy recv connection 14 from local rank 1, transport 0
MOC-R4PCC04U05:688725:689572 [1] NCCL INFO Connected to proxy localRank 1 -> connection 0x7f33fc0055c0
MOC-R4PCC04U05:688725:688867 [1] NCCL INFO New proxy send connection 15 from local rank 1, transport 0
MOC-R4PCC04U05:688725:689572 [1] NCCL INFO Connected to proxy localRank 1 -> connection 0x7f33fc005638
MOC-R4PCC04U05:688725:688867 [1] NCCL INFO New proxy send connection 16 from local rank 1, transport 0
MOC-R4PCC04U05:688725:689572 [1] NCCL INFO Connected to proxy localRank 1 -> connection 0x7f33fc0056b0
MOC-R4PCC04U05:688725:688867 [1] NCCL INFO New proxy send connection 17 from local rank 1, transport 0
MOC-R4PCC04U05:688725:689572 [1] NCCL INFO Connected to proxy localRank 1 -> connection 0x7f33fc005728
MOC-R4PCC04U05:688725:688867 [1] NCCL INFO New proxy send connection 18 from local rank 1, transport 0
MOC-R4PCC04U05:688725:689572 [1] NCCL INFO Connected to proxy localRank 1 -> connection 0x7f33fc0057a0
MOC-R4PCC04U05:688724:688868 [0] NCCL INFO New proxy send connection 15 from local rank 0, transport 0
MOC-R4PCC04U05:688724:689570 [0] NCCL INFO Connected to proxy localRank 0 -> connection 0x7f6864005638
MOC-R4PCC04U05:688725:688867 [1] NCCL INFO New proxy recv connection 19 from local rank 1, transport 0
MOC-R4PCC04U05:688725:689572 [1] NCCL INFO Connected to proxy localRank 1 -> connection 0x7f33fc005818
MOC-R4PCC04U05:688726:688865 [2] NCCL INFO New proxy send connection 14 from local rank 2, transport 0
MOC-R4PCC04U05:688726:689571 [2] NCCL INFO Connected to proxy localRank 2 -> connection 0x7f44280055c0
MOC-R4PCC04U05:688725:688867 [1] NCCL INFO New proxy recv connection 20 from local rank 1, transport 0
MOC-R4PCC04U05:688725:689572 [1] NCCL INFO Connected to proxy localRank 1 -> connection 0x7f33fc005890
MOC-R4PCC04U05:688724:688868 [0] NCCL INFO New proxy send connection 16 from local rank 0, transport 0
MOC-R4PCC04U05:688724:689570 [0] NCCL INFO Connected to proxy localRank 0 -> connection 0x7f68640056b0
MOC-R4PCC04U05:688726:688865 [2] NCCL INFO New proxy send connection 15 from local rank 2, transport 0
MOC-R4PCC04U05:688726:689571 [2] NCCL INFO Connected to proxy localRank 2 -> connection 0x7f4428005638
MOC-R4PCC04U05:688724:688868 [0] NCCL INFO New proxy recv connection 17 from local rank 0, transport 0
MOC-R4PCC04U05:688724:689570 [0] NCCL INFO Connected to proxy localRank 0 -> connection 0x7f6864005728
MOC-R4PCC04U05:688727:689569 [3] NCCL INFO GPU Direct RDMA Disabled for GPU 3 / HCA 1 (distance 7 > 0)
MOC-R4PCC04U05:688727:688864 [3] NCCL INFO New proxy send connection 12 from local rank 3, transport 2
MOC-R4PCC04U05:688727:689569 [3] NCCL INFO Connected to proxy localRank 3 -> connection 0x7fc69c0054d0
MOC-R4PCC04U05:688727:689569 [3] NCCL INFO Channel 02/0 : 3[3] -> 7[3] [send] via NET/IB/1
MOC-R4PCC04U05:688727:689569 [3] NCCL INFO GPU Direct RDMA Disabled for GPU 3 / HCA 1 (distance 7 > 0)
MOC-R4PCC04U05:688724:688868 [0] NCCL INFO New proxy recv connection 18 from local rank 0, transport 0
MOC-R4PCC04U05:688724:689570 [0] NCCL INFO Connected to proxy localRank 0 -> connection 0x7f68640057a0
MOC-R4PCC04U05:688727:688864 [3] NCCL INFO New proxy send connection 13 from local rank 3, transport 2
MOC-R4PCC04U05:688727:689569 [3] NCCL INFO Connected to proxy localRank 3 -> connection 0x7fc69c005548
MOC-R4PCC04U05:688727:689569 [3] NCCL INFO Channel 03/0 : 3[3] -> 7[3] [send] via NET/IB/1
MOC-R4PCC04U05:688724:688868 [0] NCCL INFO New proxy recv connection 19 from local rank 0, transport 0
MOC-R4PCC04U05:688724:689570 [0] NCCL INFO Connected to proxy localRank 0 -> connection 0x7f6864005818
MOC-R4PCC04U05:688727:689569 [3] NCCL INFO GPU Direct RDMA Disabled for GPU 3 / HCA 1 (distance 7 > 0)
MOC-R4PCC04U05:688727:688864 [3] NCCL INFO New proxy recv connection 14 from local rank 3, transport 2
MOC-R4PCC04U05:688727:689569 [3] NCCL INFO Connected to proxy localRank 3 -> connection 0x7fc69c0055c0
MOC-R4PCC04U05:688727:689569 [3] NCCL INFO Channel 00/0 : 11[3] -> 3[3] [receive] via NET/IB/1
MOC-R4PCC04U05:688727:689569 [3] NCCL INFO GPU Direct RDMA Disabled for GPU 3 / HCA 1 (distance 7 > 0)
MOC-R4PCC04U05:688727:688864 [3] NCCL INFO New proxy recv connection 15 from local rank 3, transport 2
MOC-R4PCC04U05:688727:689569 [3] NCCL INFO Connected to proxy localRank 3 -> connection 0x7fc69c005638
MOC-R4PCC04U05:688727:689569 [3] NCCL INFO Channel 01/0 : 11[3] -> 3[3] [receive] via NET/IB/1
MOC-R4PCC04U05:688727:689569 [3] NCCL INFO GPU Direct RDMA Disabled for GPU 3 / HCA 1 (distance 7 > 0)
MOC-R4PCC04U05:688727:688864 [3] NCCL INFO New proxy send connection 16 from local rank 3, transport 2
MOC-R4PCC04U05:688727:689569 [3] NCCL INFO Connected to proxy localRank 3 -> connection 0x7fc69c0056b0
MOC-R4PCC04U05:688727:689569 [3] NCCL INFO Channel 00/0 : 3[3] -> 11[3] [send] via NET/IB/1
MOC-R4PCC04U05:688727:689569 [3] NCCL INFO GPU Direct RDMA Disabled for GPU 3 / HCA 1 (distance 7 > 0)
MOC-R4PCC04U05:688727:688864 [3] NCCL INFO New proxy send connection 17 from local rank 3, transport 2
MOC-R4PCC04U05:688727:689569 [3] NCCL INFO Connected to proxy localRank 3 -> connection 0x7fc69c005728
MOC-R4PCC04U05:688727:689569 [3] NCCL INFO Channel 01/0 : 3[3] -> 11[3] [send] via NET/IB/1
MOC-R4PCC04U05:688724:688868 [0] NCCL INFO New proxy recv connection 20 from local rank 0, transport 0
MOC-R4PCC04U05:688724:689570 [0] NCCL INFO Connected to proxy localRank 0 -> connection 0x7f6864005890
MOC-R4PCC04U05:688727:689569 [3] NCCL INFO GPU Direct RDMA Disabled for GPU 3 / HCA 1 (distance 7 > 0)
MOC-R4PCC04U05:688727:688864 [3] NCCL INFO New proxy recv connection 18 from local rank 3, transport 2
MOC-R4PCC04U05:688727:689569 [3] NCCL INFO Connected to proxy localRank 3 -> connection 0x7fc69c0057a0
MOC-R4PCC04U05:688727:689569 [3] NCCL INFO Channel 02/0 : 7[3] -> 3[3] [receive] via NET/IB/1
MOC-R4PCC04U05:688727:689569 [3] NCCL INFO GPU Direct RDMA Disabled for GPU 3 / HCA 1 (distance 7 > 0)
MOC-R4PCC04U05:688727:688864 [3] NCCL INFO New proxy recv connection 19 from local rank 3, transport 2
MOC-R4PCC04U05:688727:689569 [3] NCCL INFO Connected to proxy localRank 3 -> connection 0x7fc69c005818
MOC-R4PCC04U05:688727:689569 [3] NCCL INFO Channel 03/0 : 7[3] -> 3[3] [receive] via NET/IB/1
MOC-R4PCC04U05:688727:688864 [3] NCCL INFO New proxy send connection 20 from local rank 3, transport 0
MOC-R4PCC04U05:688727:689569 [3] NCCL INFO Connected to proxy localRank 3 -> connection 0x7fc69c005890
MOC-R4PCC04U05:688727:688864 [3] NCCL INFO New proxy send connection 21 from local rank 3, transport 0
MOC-R4PCC04U05:688727:689569 [3] NCCL INFO Connected to proxy localRank 3 -> connection 0x7fc69c005908
MOC-R4PCC04U05:688727:688864 [3] NCCL INFO New proxy send connection 22 from local rank 3, transport 0
MOC-R4PCC04U05:688727:689569 [3] NCCL INFO Connected to proxy localRank 3 -> connection 0x7fc69c005980
MOC-R4PCC04U05:688727:688864 [3] NCCL INFO New proxy send connection 23 from local rank 3, transport 0
MOC-R4PCC04U05:688727:689569 [3] NCCL INFO Connected to proxy localRank 3 -> connection 0x7fc69c0059f8
MOC-R4PCC04U05:688727:688864 [3] NCCL INFO NET/IB: NCCL Dev 1 IbDev 0 Port 1 qpn 11320 mtu 3 query_ece={supported=1, vendor_id=0x15b3, options=0x30000002, comp_mask=0x0} GID 3 (0/C132A8C0FFFF0000) fifoRkey=0x175412 fifoLkey=0x175412
MOC-R4PCC04U05:688727:688864 [3] NCCL INFO NET/IB: NCCL Dev 1 IbDev 0 Port 1 qpn 11323 mtu 3 query_ece={supported=1, vendor_id=0x15b3, options=0x30000002, comp_mask=0x0} GID 3 (0/C132A8C0FFFF0000) fifoRkey=0x17b372 fifoLkey=0x17b372
MOC-R4PCC04U05:688727:688864 [3] NCCL INFO NET/IB: NCCL Dev 1 IbDev 0 Port 1 qpn 11324 mtu 3 query_ece={supported=1, vendor_id=0x15b3, options=0x30000002, comp_mask=0x0} GID 3 (0/C132A8C0FFFF0000) fifoRkey=0x17cb8a fifoLkey=0x17cb8a
MOC-R4PCC04U05:688727:688864 [3] NCCL INFO NET/IB: NCCL Dev 1 IbDev 0 Port 1 qpn 11325 mtu 3 query_ece={supported=1, vendor_id=0x15b3, options=0x30000002, comp_mask=0x0} GID 3 (0/C132A8C0FFFF0000) fifoRkey=0x17904f fifoLkey=0x17904f
MOC-R4PCC04U05:688727:688864 [3] NCCL INFO NET/IB: IbDev 0 Port 1 qpn 8924 set_ece={supported=1, vendor_id=0x15b3, options=0x0, comp_mask=0x0}
MOC-R4PCC04U05:688727:688864 [3] NCCL INFO NET/IB: IbDev 0 Port 1 qpn 8926 set_ece={supported=1, vendor_id=0x15b3, options=0x0, comp_mask=0x0}
MOC-R4PCC04U05:688727:688864 [3] NCCL INFO NET/IB: IbDev 0 Port 1 qpn 11477 set_ece={supported=1, vendor_id=0x15b3, options=0x0, comp_mask=0x0}
MOC-R4PCC04U05:688727:688864 [3] NCCL INFO NET/IB: IbDev 0 Port 1 qpn 11480 set_ece={supported=1, vendor_id=0x15b3, options=0x0, comp_mask=0x0}
step    1/10 | train loss 11.009806 | norm 15.3617 | lr 1.00e-04 | (14540.42 ms | 144229 tok/s)
step    2/10 | train loss 10.138543 | norm 5.7423 | lr 1.00e-04 | (497.61 ms | 4214483 tok/s)
step    3/10 | train loss 9.797914 | norm 2.6066 | lr 1.00e-04 | (372.63 ms | 5628037 tok/s)
step    4/10 | train loss 9.628580 | norm 2.1113 | lr 1.00e-04 | (371.70 ms | 5642105 tok/s)
step    5/10 | train loss 9.545598 | norm 2.1044 | lr 1.00e-04 | (425.03 ms | 4934113 tok/s)
step    6/10 | train loss 9.464417 | norm 1.9969 | lr 1.00e-04 | (399.04 ms | 5255493 tok/s)
step    7/10 | train loss 9.378775 | norm 1.9478 | lr 1.00e-04 | (380.98 ms | 5504659 tok/s)
step    8/10 | train loss 9.286814 | norm 1.9138 | lr 1.00e-04 | (404.44 ms | 5185299 tok/s)
step    9/10 | train loss 9.191320 | norm 1.8554 | lr 1.00e-04 | (370.10 ms | 5666381 tok/s)
step   10/10 | train loss 9.107035 | norm 1.7972 | lr 1.00e-04 | (369.70 ms | 5672633 tok/s)
final 9 iters avg: 399.024ms
peak memory consumption: 16601 MiB
