Running pytorch 2.7.0+cu126
using device: cuda:0
total desired batch size: 1572864
=> calculated gradient accumulation steps: 3
using device: cuda:1
using device: cuda:2
using device: cuda:3
compiling the model...
DataLoader: total number of tokens: 1,661,249,667 across 103 files
MOC-R4PCC04U05:685956:685956 [0] NCCL INFO NCCL_SOCKET_IFNAME set to eno7np0
MOC-R4PCC04U05:685956:685956 [0] NCCL INFO NCCL version 2.26.2+cuda12.2
MOC-R4PCC04U05:685959:685959 [3] NCCL INFO NCCL_SOCKET_IFNAME set to eno7np0
MOC-R4PCC04U05:685959:685959 [3] NCCL INFO NCCL version 2.26.2+cuda12.2
MOC-R4PCC04U05:685958:685958 [2] NCCL INFO NCCL_SOCKET_IFNAME set to eno7np0
MOC-R4PCC04U05:685958:685958 [2] NCCL INFO NCCL version 2.26.2+cuda12.2
MOC-R4PCC04U05:685956:686062 [0] NCCL INFO NET/Plugin: Could not find: libnccl-net.so. Using internal net plugin.
MOC-R4PCC04U05:685956:686062 [0] NCCL INFO NCCL_IB_HCA set to mlx5_5
MOC-R4PCC04U05:685956:686062 [0] NCCL INFO NET/IB : Made virtual device [0] name=mlx5_5 speed=400000 ndevs=1
MOC-R4PCC04U05:685956:686062 [0] NCCL INFO NET/IB : Using [0]mlx5_5:1/RoCE [RO]; OOB eno7np0:192.168.50.193<0>
MOC-R4PCC04U05:685957:685957 [1] NCCL INFO NCCL_SOCKET_IFNAME set to eno7np0
MOC-R4PCC04U05:685957:685957 [1] NCCL INFO NCCL version 2.26.2+cuda12.2
MOC-R4PCC04U05:685958:686085 [2] NCCL INFO NET/Plugin: Could not find: libnccl-net.so. Using internal net plugin.
MOC-R4PCC04U05:685959:686084 [3] NCCL INFO NET/Plugin: Could not find: libnccl-net.so. Using internal net plugin.
MOC-R4PCC04U05:685958:686085 [2] NCCL INFO NCCL_IB_HCA set to mlx5_5
MOC-R4PCC04U05:685959:686084 [3] NCCL INFO NCCL_IB_HCA set to mlx5_5
MOC-R4PCC04U05:685958:686085 [2] NCCL INFO NET/IB : Made virtual device [0] name=mlx5_5 speed=400000 ndevs=1
MOC-R4PCC04U05:685959:686084 [3] NCCL INFO NET/IB : Made virtual device [0] name=mlx5_5 speed=400000 ndevs=1
MOC-R4PCC04U05:685958:686085 [2] NCCL INFO NET/IB : Using [0]mlx5_5:1/RoCE [RO]; OOB eno7np0:192.168.50.193<0>
MOC-R4PCC04U05:685959:686084 [3] NCCL INFO NET/IB : Using [0]mlx5_5:1/RoCE [RO]; OOB eno7np0:192.168.50.193<0>
MOC-R4PCC04U05:685957:686087 [1] NCCL INFO NET/Plugin: Could not find: libnccl-net.so. Using internal net plugin.
MOC-R4PCC04U05:685957:686087 [1] NCCL INFO NCCL_IB_HCA set to mlx5_5
MOC-R4PCC04U05:685957:686087 [1] NCCL INFO NET/IB : Made virtual device [0] name=mlx5_5 speed=400000 ndevs=1
MOC-R4PCC04U05:685957:686087 [1] NCCL INFO NET/IB : Using [0]mlx5_5:1/RoCE [RO]; OOB eno7np0:192.168.50.193<0>
MOC-R4PCC04U05:685956:686062 [0] NCCL INFO NET/IB : GPU Direct RDMA Enabled for HCA 0 'mlx5_5'
MOC-R4PCC04U05:685959:686084 [3] NCCL INFO NET/IB : GPU Direct RDMA Enabled for HCA 0 'mlx5_5'
MOC-R4PCC04U05:685956:686062 [0] NCCL INFO NET/IB : Made virtual device [1] name=mlx5_5 speed=400000 ndevs=1
MOC-R4PCC04U05:685956:686062 [0] NCCL INFO NET/IB : GPU Direct RDMA Enabled for HCA 0 'mlx5_5'
MOC-R4PCC04U05:685956:686062 [0] NCCL INFO NET/IB : GPU Direct RDMA Enabled for HCA 1 'mlx5_5'
MOC-R4PCC04U05:685959:686084 [3] NCCL INFO NET/IB : Made virtual device [1] name=mlx5_5 speed=400000 ndevs=1
MOC-R4PCC04U05:685959:686084 [3] NCCL INFO NET/IB : GPU Direct RDMA Enabled for HCA 0 'mlx5_5'
MOC-R4PCC04U05:685959:686084 [3] NCCL INFO NET/IB : GPU Direct RDMA Enabled for HCA 1 'mlx5_5'
MOC-R4PCC04U05:685957:686087 [1] NCCL INFO NET/IB : GPU Direct RDMA Enabled for HCA 0 'mlx5_5'
MOC-R4PCC04U05:685957:686087 [1] NCCL INFO NET/IB : Made virtual device [1] name=mlx5_5 speed=400000 ndevs=1
MOC-R4PCC04U05:685957:686087 [1] NCCL INFO NET/IB : GPU Direct RDMA Enabled for HCA 0 'mlx5_5'
MOC-R4PCC04U05:685957:686087 [1] NCCL INFO NET/IB : GPU Direct RDMA Enabled for HCA 1 'mlx5_5'
MOC-R4PCC04U05:685958:686085 [2] NCCL INFO NET/IB : GPU Direct RDMA Enabled for HCA 0 'mlx5_5'
MOC-R4PCC04U05:685958:686085 [2] NCCL INFO NET/IB : Made virtual device [1] name=mlx5_5 speed=400000 ndevs=1
MOC-R4PCC04U05:685958:686085 [2] NCCL INFO NET/IB : GPU Direct RDMA Enabled for HCA 0 'mlx5_5'
MOC-R4PCC04U05:685958:686085 [2] NCCL INFO NET/IB : GPU Direct RDMA Enabled for HCA 1 'mlx5_5'
MOC-R4PCC04U05:685956:686062 [0] NCCL INFO NCCL_NET_GDR_LEVEL set by environment to LOC
MOC-R4PCC04U05:685956:686062 [0] NCCL INFO GPU Direct RDMA Disabled for GPU 0 / HCA 1 (distance 5 > 0)
MOC-R4PCC04U05:685956:686062 [0] NCCL INFO GPU Direct RDMA Disabled for GPU 1 / HCA 1 (distance 5 > 0)
MOC-R4PCC04U05:685956:686062 [0] NCCL INFO GPU Direct RDMA Disabled for GPU 2 / HCA 1 (distance 5 > 0)
MOC-R4PCC04U05:685956:686062 [0] NCCL INFO GPU Direct RDMA Disabled for GPU 0 / HCA 1 (distance 5 > 0)
MOC-R4PCC04U05:685956:686062 [0] NCCL INFO GPU Direct RDMA Disabled for GPU 1 / HCA 1 (distance 5 > 0)
MOC-R4PCC04U05:685956:686062 [0] NCCL INFO GPU Direct RDMA Disabled for GPU 2 / HCA 1 (distance 5 > 0)
MOC-R4PCC04U05:685957:686087 [1] NCCL INFO NCCL_NET_GDR_LEVEL set by environment to LOC
MOC-R4PCC04U05:685957:686087 [1] NCCL INFO GPU Direct RDMA Disabled for GPU 0 / HCA 1 (distance 5 > 0)
MOC-R4PCC04U05:685957:686087 [1] NCCL INFO GPU Direct RDMA Disabled for GPU 1 / HCA 1 (distance 5 > 0)
MOC-R4PCC04U05:685957:686087 [1] NCCL INFO GPU Direct RDMA Disabled for GPU 2 / HCA 1 (distance 5 > 0)
MOC-R4PCC04U05:685957:686087 [1] NCCL INFO GPU Direct RDMA Disabled for GPU 0 / HCA 1 (distance 5 > 0)
MOC-R4PCC04U05:685957:686087 [1] NCCL INFO GPU Direct RDMA Disabled for GPU 1 / HCA 1 (distance 5 > 0)
MOC-R4PCC04U05:685957:686087 [1] NCCL INFO GPU Direct RDMA Disabled for GPU 2 / HCA 1 (distance 5 > 0)
MOC-R4PCC04U05:685959:686084 [3] NCCL INFO NCCL_NET_GDR_LEVEL set by environment to LOC
MOC-R4PCC04U05:685959:686084 [3] NCCL INFO GPU Direct RDMA Disabled for GPU 0 / HCA 1 (distance 5 > 0)
MOC-R4PCC04U05:685959:686084 [3] NCCL INFO GPU Direct RDMA Disabled for GPU 1 / HCA 1 (distance 5 > 0)
MOC-R4PCC04U05:685959:686084 [3] NCCL INFO GPU Direct RDMA Disabled for GPU 2 / HCA 1 (distance 5 > 0)
MOC-R4PCC04U05:685959:686084 [3] NCCL INFO GPU Direct RDMA Disabled for GPU 0 / HCA 1 (distance 5 > 0)
MOC-R4PCC04U05:685959:686084 [3] NCCL INFO GPU Direct RDMA Disabled for GPU 1 / HCA 1 (distance 5 > 0)
MOC-R4PCC04U05:685959:686084 [3] NCCL INFO GPU Direct RDMA Disabled for GPU 2 / HCA 1 (distance 5 > 0)
MOC-R4PCC04U05:685958:686085 [2] NCCL INFO NCCL_NET_GDR_LEVEL set by environment to LOC
MOC-R4PCC04U05:685958:686085 [2] NCCL INFO GPU Direct RDMA Disabled for GPU 0 / HCA 1 (distance 5 > 0)
MOC-R4PCC04U05:685958:686085 [2] NCCL INFO GPU Direct RDMA Disabled for GPU 1 / HCA 1 (distance 5 > 0)
MOC-R4PCC04U05:685958:686085 [2] NCCL INFO GPU Direct RDMA Disabled for GPU 2 / HCA 1 (distance 5 > 0)
MOC-R4PCC04U05:685958:686085 [2] NCCL INFO GPU Direct RDMA Disabled for GPU 0 / HCA 1 (distance 5 > 0)
MOC-R4PCC04U05:685958:686085 [2] NCCL INFO GPU Direct RDMA Disabled for GPU 1 / HCA 1 (distance 5 > 0)
MOC-R4PCC04U05:685958:686085 [2] NCCL INFO GPU Direct RDMA Disabled for GPU 2 / HCA 1 (distance 5 > 0)
MOC-R4PCC04U05:685958:686099 [2] NCCL INFO New proxy recv connection 0 from local rank 2, transport 0
MOC-R4PCC04U05:685958:686107 [2] NCCL INFO Connected to proxy localRank 2 -> connection 0x7f3628004f30
MOC-R4PCC04U05:685959:686100 [3] NCCL INFO New proxy recv connection 0 from local rank 3, transport 0
MOC-R4PCC04U05:685959:686108 [3] NCCL INFO Connected to proxy localRank 3 -> connection 0x7fe3c0004f30
MOC-R4PCC04U05:685956:686105 [0] NCCL INFO New proxy send connection 0 from local rank 0, transport 0
MOC-R4PCC04U05:685956:686109 [0] NCCL INFO Connected to proxy localRank 0 -> connection 0x7fe188004f30
MOC-R4PCC04U05:685958:686099 [2] NCCL INFO New proxy recv connection 1 from local rank 2, transport 0
MOC-R4PCC04U05:685958:686107 [2] NCCL INFO Connected to proxy localRank 2 -> connection 0x7f3628004fa8
MOC-R4PCC04U05:685959:686100 [3] NCCL INFO New proxy recv connection 1 from local rank 3, transport 0
MOC-R4PCC04U05:685959:686108 [3] NCCL INFO Connected to proxy localRank 3 -> connection 0x7fe3c0004fa8
MOC-R4PCC04U05:685956:686105 [0] NCCL INFO New proxy send connection 1 from local rank 0, transport 0
MOC-R4PCC04U05:685956:686109 [0] NCCL INFO Connected to proxy localRank 0 -> connection 0x7fe188004fa8
MOC-R4PCC04U05:685959:686108 [3] NCCL INFO GPU Direct RDMA Disabled for GPU 3 / HCA 1 (distance 7 > 0)
MOC-R4PCC04U05:685958:686107 [2] NCCL INFO GPU Direct RDMA Disabled for GPU 2 / HCA 1 (distance 7 > 0)
MOC-R4PCC04U05:685956:686105 [0] NCCL INFO New proxy send connection 2 from local rank 0, transport 0
MOC-R4PCC04U05:685956:686109 [0] NCCL INFO Connected to proxy localRank 0 -> connection 0x7fe188005020
MOC-R4PCC04U05:685956:686105 [0] NCCL INFO New proxy send connection 3 from local rank 0, transport 0
MOC-R4PCC04U05:685956:686109 [0] NCCL INFO Connected to proxy localRank 0 -> connection 0x7fe188005098
MOC-R4PCC04U05:685957:686103 [1] NCCL INFO New proxy recv connection 0 from local rank 1, transport 0
MOC-R4PCC04U05:685957:686110 [1] NCCL INFO Connected to proxy localRank 1 -> connection 0x7fb548004f30
MOC-R4PCC04U05:685959:686100 [3] NCCL INFO New proxy send connection 2 from local rank 3, transport 2
MOC-R4PCC04U05:685959:686108 [3] NCCL INFO Connected to proxy localRank 3 -> connection 0x7fe3c0005020
MOC-R4PCC04U05:685959:686108 [3] NCCL INFO Channel 00/0 : 3[3] -> 6[2] [send] via NET/IB/1
MOC-R4PCC04U05:685959:686108 [3] NCCL INFO GPU Direct RDMA Disabled for GPU 3 / HCA 1 (distance 7 > 0)
MOC-R4PCC04U05:685959:686100 [3] NCCL INFO New proxy send connection 3 from local rank 3, transport 2
MOC-R4PCC04U05:685957:686103 [1] NCCL INFO New proxy recv connection 1 from local rank 1, transport 0
MOC-R4PCC04U05:685959:686108 [3] NCCL INFO Connected to proxy localRank 3 -> connection 0x7fe3c0005098
MOC-R4PCC04U05:685957:686110 [1] NCCL INFO Connected to proxy localRank 1 -> connection 0x7fb548004fa8
MOC-R4PCC04U05:685959:686108 [3] NCCL INFO Channel 02/0 : 3[3] -> 6[2] [send] via NET/IB/1
MOC-R4PCC04U05:685956:686105 [0] NCCL INFO New proxy recv connection 4 from local rank 0, transport 0
MOC-R4PCC04U05:685956:686109 [0] NCCL INFO Connected to proxy localRank 0 -> connection 0x7fe188005110
MOC-R4PCC04U05:685958:686099 [2] NCCL INFO New proxy recv connection 2 from local rank 2, transport 2
MOC-R4PCC04U05:685958:686107 [2] NCCL INFO Connected to proxy localRank 2 -> connection 0x7f3628005020
MOC-R4PCC04U05:685958:686107 [2] NCCL INFO Channel 00/0 : 15[3] -> 2[2] [receive] via NET/IB/1
MOC-R4PCC04U05:685958:686107 [2] NCCL INFO GPU Direct RDMA Disabled for GPU 2 / HCA 1 (distance 7 > 0)
MOC-R4PCC04U05:685958:686099 [2] NCCL INFO New proxy recv connection 3 from local rank 2, transport 2
MOC-R4PCC04U05:685958:686107 [2] NCCL INFO Connected to proxy localRank 2 -> connection 0x7f3628005098
MOC-R4PCC04U05:685958:686107 [2] NCCL INFO Channel 02/0 : 15[3] -> 2[2] [receive] via NET/IB/1
MOC-R4PCC04U05:685956:686105 [0] NCCL INFO New proxy recv connection 5 from local rank 0, transport 0
MOC-R4PCC04U05:685956:686109 [0] NCCL INFO Connected to proxy localRank 0 -> connection 0x7fe188005188
MOC-R4PCC04U05:685958:686107 [2] NCCL INFO GPU Direct RDMA Disabled for GPU 2 / HCA 1 (distance 7 > 0)
MOC-R4PCC04U05:685958:686099 [2] NCCL INFO New proxy send connection 4 from local rank 2, transport 2
MOC-R4PCC04U05:685958:686107 [2] NCCL INFO Connected to proxy localRank 2 -> connection 0x7f3628005110
MOC-R4PCC04U05:685958:686107 [2] NCCL INFO Channel 01/0 : 2[2] -> 7[3] [send] via NET/IB/1
MOC-R4PCC04U05:685958:686107 [2] NCCL INFO GPU Direct RDMA Disabled for GPU 2 / HCA 1 (distance 7 > 0)
MOC-R4PCC04U05:685958:686099 [2] NCCL INFO New proxy send connection 5 from local rank 2, transport 2
MOC-R4PCC04U05:685958:686107 [2] NCCL INFO Connected to proxy localRank 2 -> connection 0x7f3628005188
MOC-R4PCC04U05:685958:686107 [2] NCCL INFO Channel 03/0 : 2[2] -> 7[3] [send] via NET/IB/1
MOC-R4PCC04U05:685956:686105 [0] NCCL INFO New proxy recv connection 6 from local rank 0, transport 0
MOC-R4PCC04U05:685956:686109 [0] NCCL INFO Connected to proxy localRank 0 -> connection 0x7fe188005200
MOC-R4PCC04U05:685956:686105 [0] NCCL INFO New proxy recv connection 7 from local rank 0, transport 0
MOC-R4PCC04U05:685956:686109 [0] NCCL INFO Connected to proxy localRank 0 -> connection 0x7fe188005278
MOC-R4PCC04U05:685958:686099 [2] NCCL INFO New proxy send connection 6 from local rank 2, transport 0
MOC-R4PCC04U05:685958:686107 [2] NCCL INFO Connected to proxy localRank 2 -> connection 0x7f3628005200
MOC-R4PCC04U05:685959:686108 [3] NCCL INFO GPU Direct RDMA Disabled for GPU 3 / HCA 1 (distance 7 > 0)
MOC-R4PCC04U05:685959:686100 [3] NCCL INFO New proxy recv connection 4 from local rank 3, transport 2
MOC-R4PCC04U05:685959:686108 [3] NCCL INFO Connected to proxy localRank 3 -> connection 0x7fe3c0005110
MOC-R4PCC04U05:685959:686108 [3] NCCL INFO Channel 01/0 : 14[2] -> 3[3] [receive] via NET/IB/1
MOC-R4PCC04U05:685959:686108 [3] NCCL INFO GPU Direct RDMA Disabled for GPU 3 / HCA 1 (distance 7 > 0)
MOC-R4PCC04U05:685959:686100 [3] NCCL INFO New proxy recv connection 5 from local rank 3, transport 2
MOC-R4PCC04U05:685959:686108 [3] NCCL INFO Connected to proxy localRank 3 -> connection 0x7fe3c0005188
MOC-R4PCC04U05:685958:686099 [2] NCCL INFO New proxy send connection 7 from local rank 2, transport 0
MOC-R4PCC04U05:685958:686107 [2] NCCL INFO Connected to proxy localRank 2 -> connection 0x7f3628005278
MOC-R4PCC04U05:685959:686108 [3] NCCL INFO Channel 03/0 : 14[2] -> 3[3] [receive] via NET/IB/1
MOC-R4PCC04U05:685959:686100 [3] NCCL INFO New proxy send connection 6 from local rank 3, transport 0
MOC-R4PCC04U05:685959:686108 [3] NCCL INFO Connected to proxy localRank 3 -> connection 0x7fe3c0005200
MOC-R4PCC04U05:685959:686100 [3] NCCL INFO New proxy send connection 7 from local rank 3, transport 0
MOC-R4PCC04U05:685959:686108 [3] NCCL INFO Connected to proxy localRank 3 -> connection 0x7fe3c0005278
MOC-R4PCC04U05:685957:686103 [1] NCCL INFO New proxy recv connection 2 from local rank 1, transport 0
MOC-R4PCC04U05:685957:686110 [1] NCCL INFO Connected to proxy localRank 1 -> connection 0x7fb548005020
MOC-R4PCC04U05:685956:686105 [0] NCCL INFO New proxy send connection 8 from local rank 3, transport 0
MOC-R4PCC04U05:685959:686108 [3] NCCL INFO Connected to proxy localRank 0 -> connection 0x7fe1880052f0
MOC-R4PCC04U05:685957:686103 [1] NCCL INFO New proxy recv connection 3 from local rank 1, transport 0
MOC-R4PCC04U05:685957:686110 [1] NCCL INFO Connected to proxy localRank 1 -> connection 0x7fb548005098
MOC-R4PCC04U05:685957:686103 [1] NCCL INFO New proxy send connection 4 from local rank 1, transport 0
MOC-R4PCC04U05:685957:686110 [1] NCCL INFO Connected to proxy localRank 1 -> connection 0x7fb548005110
MOC-R4PCC04U05:685957:686103 [1] NCCL INFO New proxy send connection 5 from local rank 1, transport 0
MOC-R4PCC04U05:685957:686110 [1] NCCL INFO Connected to proxy localRank 1 -> connection 0x7fb548005188
MOC-R4PCC04U05:685957:686103 [1] NCCL INFO New proxy send connection 6 from local rank 1, transport 0
MOC-R4PCC04U05:685957:686110 [1] NCCL INFO Connected to proxy localRank 1 -> connection 0x7fb548005200
MOC-R4PCC04U05:685957:686103 [1] NCCL INFO New proxy send connection 7 from local rank 1, transport 0
MOC-R4PCC04U05:685957:686110 [1] NCCL INFO Connected to proxy localRank 1 -> connection 0x7fb548005278
MOC-R4PCC04U05:685957:686103 [1] NCCL INFO New proxy send connection 8 from local rank 3, transport 0
MOC-R4PCC04U05:685959:686108 [3] NCCL INFO Connected to proxy localRank 1 -> connection 0x7fb5480052f0
MOC-R4PCC04U05:685959:686100 [3] NCCL INFO New proxy send connection 8 from local rank 1, transport 0
MOC-R4PCC04U05:685957:686110 [1] NCCL INFO Connected to proxy localRank 3 -> connection 0x7fe3c00052f0
MOC-R4PCC04U05:685958:686099 [2] NCCL INFO New proxy send connection 8 from local rank 0, transport 0
MOC-R4PCC04U05:685956:686109 [0] NCCL INFO Connected to proxy localRank 2 -> connection 0x7f36280052f0
MOC-R4PCC04U05:685956:686105 [0] NCCL INFO New proxy send connection 9 from local rank 2, transport 0
MOC-R4PCC04U05:685958:686107 [2] NCCL INFO Connected to proxy localRank 0 -> connection 0x7fe188005368
MOC-R4PCC04U05:685956:686105 [0] NCCL INFO New proxy send connection 10 from local rank 1, transport 0
MOC-R4PCC04U05:685957:686110 [1] NCCL INFO Connected to proxy localRank 0 -> connection 0x7fe1880053e0
MOC-R4PCC04U05:685957:686103 [1] NCCL INFO New proxy send connection 9 from local rank 2, transport 0
MOC-R4PCC04U05:685958:686107 [2] NCCL INFO Connected to proxy localRank 1 -> connection 0x7fb548005368
MOC-R4PCC04U05:685958:686099 [2] NCCL INFO NET/IB: NCCL Dev 1 IbDev 0 Port 1 qpn 11266 mtu 3 query_ece={supported=1, vendor_id=0x15b3, options=0x30000002, comp_mask=0x0} GID 3 (0/C132A8C0FFFF0000) fifoRkey=0x17bf7e fifoLkey=0x17bf7e
MOC-R4PCC04U05:685959:686100 [3] NCCL INFO NET/IB: NCCL Dev 1 IbDev 0 Port 1 qpn 11267 mtu 3 query_ece={supported=1, vendor_id=0x15b3, options=0x30000002, comp_mask=0x0} GID 3 (0/C132A8C0FFFF0000) fifoRkey=0x174705 fifoLkey=0x174705
MOC-R4PCC04U05:685958:686099 [2] NCCL INFO NET/IB: NCCL Dev 1 IbDev 0 Port 1 qpn 11268 mtu 3 query_ece={supported=1, vendor_id=0x15b3, options=0x30000002, comp_mask=0x0} GID 3 (0/C132A8C0FFFF0000) fifoRkey=0x175412 fifoLkey=0x175412
MOC-R4PCC04U05:685959:686100 [3] NCCL INFO NET/IB: NCCL Dev 1 IbDev 0 Port 1 qpn 11269 mtu 3 query_ece={supported=1, vendor_id=0x15b3, options=0x30000002, comp_mask=0x0} GID 3 (0/C132A8C0FFFF0000) fifoRkey=0x17904f fifoLkey=0x17904f
MOC-R4PCC04U05:685958:686099 [2] NCCL INFO New proxy send connection 9 from local rank 1, transport 0
MOC-R4PCC04U05:685957:686110 [1] NCCL INFO Connected to proxy localRank 2 -> connection 0x7f3628005368
MOC-R4PCC04U05:685959:686100 [3] NCCL INFO New proxy send connection 9 from local rank 0, transport 0
MOC-R4PCC04U05:685956:686109 [0] NCCL INFO Connected to proxy localRank 3 -> connection 0x7fe3c0005368
MOC-R4PCC04U05:685959:686100 [3] NCCL INFO NET/IB: IbDev 0 Port 1 qpn 11398 set_ece={supported=1, vendor_id=0x15b3, options=0x0, comp_mask=0x0}
MOC-R4PCC04U05:685958:686099 [2] NCCL INFO NET/IB: IbDev 0 Port 1 qpn 11394 set_ece={supported=1, vendor_id=0x15b3, options=0x0, comp_mask=0x0}
MOC-R4PCC04U05:685959:686100 [3] NCCL INFO NET/IB: IbDev 0 Port 1 qpn 11400 set_ece={supported=1, vendor_id=0x15b3, options=0x0, comp_mask=0x0}
MOC-R4PCC04U05:685958:686099 [2] NCCL INFO NET/IB: IbDev 0 Port 1 qpn 11396 set_ece={supported=1, vendor_id=0x15b3, options=0x0, comp_mask=0x0}
MOC-R4PCC04U05:685957:686103 [1] NCCL INFO New proxy send connection 10 from local rank 0, transport 0
MOC-R4PCC04U05:685956:686109 [0] NCCL INFO Connected to proxy localRank 1 -> connection 0x7fb5480053e0
num decayed parameter tensors: 50, with 124,318,464 parameters
num non-decayed parameter tensors: 98, with 121,344 parameters
using fused AdamW: False
using regular AdamW
MOC-R4PCC04U05:685958:686099 [2] NCCL INFO New proxy recv connection 10 from local rank 2, transport 0
MOC-R4PCC04U05:685958:686801 [2] NCCL INFO Connected to proxy localRank 2 -> connection 0x7f36280053e0
MOC-R4PCC04U05:685958:686099 [2] NCCL INFO New proxy recv connection 11 from local rank 2, transport 0
MOC-R4PCC04U05:685958:686801 [2] NCCL INFO Connected to proxy localRank 2 -> connection 0x7f3628005458
MOC-R4PCC04U05:685958:686099 [2] NCCL INFO New proxy recv connection 12 from local rank 2, transport 0
MOC-R4PCC04U05:685958:686801 [2] NCCL INFO Connected to proxy localRank 2 -> connection 0x7f36280054d0
MOC-R4PCC04U05:685958:686099 [2] NCCL INFO New proxy recv connection 13 from local rank 2, transport 0
MOC-R4PCC04U05:685958:686801 [2] NCCL INFO Connected to proxy localRank 2 -> connection 0x7f3628005548
MOC-R4PCC04U05:685956:686105 [0] NCCL INFO New proxy send connection 11 from local rank 0, transport 0
MOC-R4PCC04U05:685956:686802 [0] NCCL INFO Connected to proxy localRank 0 -> connection 0x7fe188005458
MOC-R4PCC04U05:685956:686105 [0] NCCL INFO New proxy send connection 12 from local rank 0, transport 0
MOC-R4PCC04U05:685956:686802 [0] NCCL INFO Connected to proxy localRank 0 -> connection 0x7fe1880054d0
MOC-R4PCC04U05:685956:686105 [0] NCCL INFO New proxy send connection 13 from local rank 0, transport 0
MOC-R4PCC04U05:685956:686802 [0] NCCL INFO Connected to proxy localRank 0 -> connection 0x7fe188005548
MOC-R4PCC04U05:685956:686105 [0] NCCL INFO New proxy send connection 14 from local rank 0, transport 0
MOC-R4PCC04U05:685956:686802 [0] NCCL INFO Connected to proxy localRank 0 -> connection 0x7fe1880055c0
MOC-R4PCC04U05:685959:686100 [3] NCCL INFO New proxy recv connection 10 from local rank 3, transport 0
MOC-R4PCC04U05:685959:686803 [3] NCCL INFO Connected to proxy localRank 3 -> connection 0x7fe3c00053e0
MOC-R4PCC04U05:685959:686100 [3] NCCL INFO New proxy recv connection 11 from local rank 3, transport 0
MOC-R4PCC04U05:685959:686803 [3] NCCL INFO Connected to proxy localRank 3 -> connection 0x7fe3c0005458
MOC-R4PCC04U05:685957:686103 [1] NCCL INFO New proxy recv connection 11 from local rank 1, transport 0
MOC-R4PCC04U05:685957:686804 [1] NCCL INFO Connected to proxy localRank 1 -> connection 0x7fb548005458
MOC-R4PCC04U05:685957:686103 [1] NCCL INFO New proxy recv connection 12 from local rank 1, transport 0
MOC-R4PCC04U05:685957:686804 [1] NCCL INFO Connected to proxy localRank 1 -> connection 0x7fb5480054d0
MOC-R4PCC04U05:685957:686103 [1] NCCL INFO New proxy recv connection 13 from local rank 1, transport 0
MOC-R4PCC04U05:685957:686804 [1] NCCL INFO Connected to proxy localRank 1 -> connection 0x7fb548005548
MOC-R4PCC04U05:685957:686103 [1] NCCL INFO New proxy recv connection 14 from local rank 1, transport 0
MOC-R4PCC04U05:685957:686804 [1] NCCL INFO Connected to proxy localRank 1 -> connection 0x7fb5480055c0
MOC-R4PCC04U05:685957:686103 [1] NCCL INFO New proxy send connection 15 from local rank 1, transport 0
MOC-R4PCC04U05:685957:686804 [1] NCCL INFO Connected to proxy localRank 1 -> connection 0x7fb548005638
MOC-R4PCC04U05:685957:686103 [1] NCCL INFO New proxy send connection 16 from local rank 1, transport 0
MOC-R4PCC04U05:685957:686804 [1] NCCL INFO Connected to proxy localRank 1 -> connection 0x7fb5480056b0
MOC-R4PCC04U05:685957:686103 [1] NCCL INFO New proxy send connection 17 from local rank 1, transport 0
MOC-R4PCC04U05:685957:686804 [1] NCCL INFO Connected to proxy localRank 1 -> connection 0x7fb548005728
MOC-R4PCC04U05:685957:686103 [1] NCCL INFO New proxy send connection 18 from local rank 1, transport 0
MOC-R4PCC04U05:685957:686804 [1] NCCL INFO Connected to proxy localRank 1 -> connection 0x7fb5480057a0
MOC-R4PCC04U05:685956:686105 [0] NCCL INFO New proxy send connection 15 from local rank 0, transport 0
MOC-R4PCC04U05:685957:686103 [1] NCCL INFO New proxy recv connection 19 from local rank 1, transport 0
MOC-R4PCC04U05:685957:686804 [1] NCCL INFO Connected to proxy localRank 1 -> connection 0x7fb548005818
MOC-R4PCC04U05:685956:686802 [0] NCCL INFO Connected to proxy localRank 0 -> connection 0x7fe188005638
MOC-R4PCC04U05:685958:686099 [2] NCCL INFO New proxy send connection 14 from local rank 2, transport 0
MOC-R4PCC04U05:685958:686801 [2] NCCL INFO Connected to proxy localRank 2 -> connection 0x7f36280055c0
MOC-R4PCC04U05:685957:686103 [1] NCCL INFO New proxy recv connection 20 from local rank 1, transport 0
MOC-R4PCC04U05:685957:686804 [1] NCCL INFO Connected to proxy localRank 1 -> connection 0x7fb548005890
MOC-R4PCC04U05:685956:686105 [0] NCCL INFO New proxy send connection 16 from local rank 0, transport 0
MOC-R4PCC04U05:685956:686802 [0] NCCL INFO Connected to proxy localRank 0 -> connection 0x7fe1880056b0
MOC-R4PCC04U05:685958:686099 [2] NCCL INFO New proxy send connection 15 from local rank 2, transport 0
MOC-R4PCC04U05:685958:686801 [2] NCCL INFO Connected to proxy localRank 2 -> connection 0x7f3628005638
MOC-R4PCC04U05:685956:686105 [0] NCCL INFO New proxy recv connection 17 from local rank 0, transport 0
MOC-R4PCC04U05:685956:686802 [0] NCCL INFO Connected to proxy localRank 0 -> connection 0x7fe188005728
MOC-R4PCC04U05:685959:686803 [3] NCCL INFO GPU Direct RDMA Disabled for GPU 3 / HCA 1 (distance 7 > 0)
MOC-R4PCC04U05:685959:686100 [3] NCCL INFO New proxy send connection 12 from local rank 3, transport 2
MOC-R4PCC04U05:685959:686803 [3] NCCL INFO Connected to proxy localRank 3 -> connection 0x7fe3c00054d0
MOC-R4PCC04U05:685956:686105 [0] NCCL INFO New proxy recv connection 18 from local rank 0, transport 0
MOC-R4PCC04U05:685956:686802 [0] NCCL INFO Connected to proxy localRank 0 -> connection 0x7fe1880057a0
MOC-R4PCC04U05:685959:686803 [3] NCCL INFO Channel 02/0 : 3[3] -> 7[3] [send] via NET/IB/1
MOC-R4PCC04U05:685959:686803 [3] NCCL INFO GPU Direct RDMA Disabled for GPU 3 / HCA 1 (distance 7 > 0)
MOC-R4PCC04U05:685959:686100 [3] NCCL INFO New proxy send connection 13 from local rank 3, transport 2
MOC-R4PCC04U05:685959:686803 [3] NCCL INFO Connected to proxy localRank 3 -> connection 0x7fe3c0005548
MOC-R4PCC04U05:685959:686803 [3] NCCL INFO Channel 03/0 : 3[3] -> 7[3] [send] via NET/IB/1
MOC-R4PCC04U05:685956:686105 [0] NCCL INFO New proxy recv connection 19 from local rank 0, transport 0
MOC-R4PCC04U05:685956:686802 [0] NCCL INFO Connected to proxy localRank 0 -> connection 0x7fe188005818
MOC-R4PCC04U05:685959:686803 [3] NCCL INFO GPU Direct RDMA Disabled for GPU 3 / HCA 1 (distance 7 > 0)
MOC-R4PCC04U05:685959:686100 [3] NCCL INFO New proxy recv connection 14 from local rank 3, transport 2
MOC-R4PCC04U05:685959:686803 [3] NCCL INFO Connected to proxy localRank 3 -> connection 0x7fe3c00055c0
MOC-R4PCC04U05:685959:686803 [3] NCCL INFO Channel 00/0 : 11[3] -> 3[3] [receive] via NET/IB/1
MOC-R4PCC04U05:685959:686803 [3] NCCL INFO GPU Direct RDMA Disabled for GPU 3 / HCA 1 (distance 7 > 0)
MOC-R4PCC04U05:685959:686100 [3] NCCL INFO New proxy recv connection 15 from local rank 3, transport 2
MOC-R4PCC04U05:685959:686803 [3] NCCL INFO Connected to proxy localRank 3 -> connection 0x7fe3c0005638
MOC-R4PCC04U05:685959:686803 [3] NCCL INFO Channel 01/0 : 11[3] -> 3[3] [receive] via NET/IB/1
MOC-R4PCC04U05:685959:686803 [3] NCCL INFO GPU Direct RDMA Disabled for GPU 3 / HCA 1 (distance 7 > 0)
MOC-R4PCC04U05:685959:686100 [3] NCCL INFO New proxy send connection 16 from local rank 3, transport 2
MOC-R4PCC04U05:685959:686803 [3] NCCL INFO Connected to proxy localRank 3 -> connection 0x7fe3c00056b0
MOC-R4PCC04U05:685959:686803 [3] NCCL INFO Channel 00/0 : 3[3] -> 11[3] [send] via NET/IB/1
MOC-R4PCC04U05:685959:686803 [3] NCCL INFO GPU Direct RDMA Disabled for GPU 3 / HCA 1 (distance 7 > 0)
MOC-R4PCC04U05:685959:686100 [3] NCCL INFO New proxy send connection 17 from local rank 3, transport 2
MOC-R4PCC04U05:685959:686803 [3] NCCL INFO Connected to proxy localRank 3 -> connection 0x7fe3c0005728
MOC-R4PCC04U05:685959:686803 [3] NCCL INFO Channel 01/0 : 3[3] -> 11[3] [send] via NET/IB/1
MOC-R4PCC04U05:685959:686803 [3] NCCL INFO GPU Direct RDMA Disabled for GPU 3 / HCA 1 (distance 7 > 0)
MOC-R4PCC04U05:685959:686100 [3] NCCL INFO New proxy recv connection 18 from local rank 3, transport 2
MOC-R4PCC04U05:685959:686803 [3] NCCL INFO Connected to proxy localRank 3 -> connection 0x7fe3c00057a0
MOC-R4PCC04U05:685959:686803 [3] NCCL INFO Channel 02/0 : 7[3] -> 3[3] [receive] via NET/IB/1
MOC-R4PCC04U05:685959:686803 [3] NCCL INFO GPU Direct RDMA Disabled for GPU 3 / HCA 1 (distance 7 > 0)
MOC-R4PCC04U05:685959:686100 [3] NCCL INFO New proxy recv connection 19 from local rank 3, transport 2
MOC-R4PCC04U05:685959:686803 [3] NCCL INFO Connected to proxy localRank 3 -> connection 0x7fe3c0005818
MOC-R4PCC04U05:685959:686803 [3] NCCL INFO Channel 03/0 : 7[3] -> 3[3] [receive] via NET/IB/1
MOC-R4PCC04U05:685959:686100 [3] NCCL INFO New proxy send connection 20 from local rank 3, transport 0
MOC-R4PCC04U05:685959:686803 [3] NCCL INFO Connected to proxy localRank 3 -> connection 0x7fe3c0005890
MOC-R4PCC04U05:685956:686105 [0] NCCL INFO New proxy recv connection 20 from local rank 0, transport 0
MOC-R4PCC04U05:685956:686802 [0] NCCL INFO Connected to proxy localRank 0 -> connection 0x7fe188005890
MOC-R4PCC04U05:685959:686100 [3] NCCL INFO New proxy send connection 21 from local rank 3, transport 0
MOC-R4PCC04U05:685959:686803 [3] NCCL INFO Connected to proxy localRank 3 -> connection 0x7fe3c0005908
MOC-R4PCC04U05:685959:686100 [3] NCCL INFO New proxy send connection 22 from local rank 3, transport 0
MOC-R4PCC04U05:685959:686803 [3] NCCL INFO Connected to proxy localRank 3 -> connection 0x7fe3c0005980
MOC-R4PCC04U05:685959:686100 [3] NCCL INFO New proxy send connection 23 from local rank 3, transport 0
MOC-R4PCC04U05:685959:686803 [3] NCCL INFO Connected to proxy localRank 3 -> connection 0x7fe3c00059f8
MOC-R4PCC04U05:685959:686100 [3] NCCL INFO NET/IB: NCCL Dev 1 IbDev 0 Port 1 qpn 11270 mtu 3 query_ece={supported=1, vendor_id=0x15b3, options=0x30000002, comp_mask=0x0} GID 3 (0/C132A8C0FFFF0000) fifoRkey=0x1722e1 fifoLkey=0x1722e1
MOC-R4PCC04U05:685959:686100 [3] NCCL INFO NET/IB: NCCL Dev 1 IbDev 0 Port 1 qpn 11271 mtu 3 query_ece={supported=1, vendor_id=0x15b3, options=0x30000002, comp_mask=0x0} GID 3 (0/C132A8C0FFFF0000) fifoRkey=0x179c5b fifoLkey=0x179c5b
MOC-R4PCC04U05:685959:686100 [3] NCCL INFO NET/IB: IbDev 0 Port 1 qpn 11405 set_ece={supported=1, vendor_id=0x15b3, options=0x0, comp_mask=0x0}
MOC-R4PCC04U05:685959:686100 [3] NCCL INFO NET/IB: IbDev 0 Port 1 qpn 11407 set_ece={supported=1, vendor_id=0x15b3, options=0x0, comp_mask=0x0}
MOC-R4PCC04U05:685959:686100 [3] NCCL INFO NET/IB: NCCL Dev 1 IbDev 0 Port 1 qpn 11272 mtu 3 query_ece={supported=1, vendor_id=0x15b3, options=0x30000002, comp_mask=0x0} GID 3 (0/C132A8C0FFFF0000) fifoRkey=0x172eed fifoLkey=0x172eed
MOC-R4PCC04U05:685959:686100 [3] NCCL INFO NET/IB: NCCL Dev 1 IbDev 0 Port 1 qpn 11275 mtu 3 query_ece={supported=1, vendor_id=0x15b3, options=0x30000002, comp_mask=0x0} GID 3 (0/C132A8C0FFFF0000) fifoRkey=0x170bca fifoLkey=0x170bca
MOC-R4PCC04U05:685959:686100 [3] NCCL INFO NET/IB: IbDev 0 Port 1 qpn 8863 set_ece={supported=1, vendor_id=0x15b3, options=0x0, comp_mask=0x0}
MOC-R4PCC04U05:685959:686100 [3] NCCL INFO NET/IB: IbDev 0 Port 1 qpn 8865 set_ece={supported=1, vendor_id=0x15b3, options=0x0, comp_mask=0x0}
step    1/10 | train loss 11.010139 | norm 15.4234 | lr 1.00e-04 | (14156.58 ms | 111105 tok/s)
step    2/10 | train loss 10.136942 | norm 5.7588 | lr 1.00e-04 | (285.37 ms | 5511668 tok/s)
step    3/10 | train loss 9.795477 | norm 2.6124 | lr 1.00e-04 | (284.52 ms | 5528036 tok/s)
step    4/10 | train loss 9.625648 | norm 2.1154 | lr 1.00e-04 | (287.68 ms | 5467464 tok/s)
step    5/10 | train loss 9.542586 | norm 2.1031 | lr 1.00e-04 | (283.50 ms | 5548097 tok/s)
step    6/10 | train loss 9.461348 | norm 1.9977 | lr 1.00e-04 | (284.78 ms | 5523121 tok/s)
step    7/10 | train loss 9.375702 | norm 1.9473 | lr 1.00e-04 | (290.38 ms | 5416616 tok/s)
step    8/10 | train loss 9.283987 | norm 1.9146 | lr 1.00e-04 | (284.54 ms | 5527744 tok/s)
step    9/10 | train loss 9.188583 | norm 1.8601 | lr 1.00e-04 | (289.95 ms | 5424602 tok/s)
step   10/10 | train loss 9.103167 | norm 1.7948 | lr 1.00e-04 | (285.94 ms | 5500620 tok/s)
final 9 iters avg: 286.295ms
peak memory consumption: 16601 MiB
