Running pytorch 2.7.0+cu126
using device: cuda:0
total desired batch size: 1572864
=> calculated gradient accumulation steps: 3
using device: cuda:3
using device: cuda:1
using device: cuda:2
compiling the model...
DataLoader: total number of tokens: 1,661,249,667 across 103 files
MOC-R4PCC04U05:686855:686855 [0] NCCL INFO NCCL_SOCKET_IFNAME set to eno7np0
MOC-R4PCC04U05:686855:686855 [0] NCCL INFO NCCL version 2.26.2+cuda12.2
MOC-R4PCC04U05:686856:686856 [1] NCCL INFO NCCL_SOCKET_IFNAME set to eno7np0
MOC-R4PCC04U05:686856:686856 [1] NCCL INFO NCCL version 2.26.2+cuda12.2
MOC-R4PCC04U05:686857:686857 [2] NCCL INFO NCCL_SOCKET_IFNAME set to eno7np0
MOC-R4PCC04U05:686857:686857 [2] NCCL INFO NCCL version 2.26.2+cuda12.2
MOC-R4PCC04U05:686855:686980 [0] NCCL INFO NET/Plugin: Could not find: libnccl-net.so. Using internal net plugin.
MOC-R4PCC04U05:686855:686980 [0] NCCL INFO NCCL_IB_HCA set to mlx5_5
MOC-R4PCC04U05:686855:686980 [0] NCCL INFO NET/IB : Made virtual device [0] name=mlx5_5 speed=400000 ndevs=1
MOC-R4PCC04U05:686855:686980 [0] NCCL INFO NET/IB : Using [0]mlx5_5:1/RoCE [RO]; OOB eno7np0:192.168.50.193<0>
MOC-R4PCC04U05:686858:686858 [3] NCCL INFO NCCL_SOCKET_IFNAME set to eno7np0
MOC-R4PCC04U05:686858:686858 [3] NCCL INFO NCCL version 2.26.2+cuda12.2
MOC-R4PCC04U05:686856:686981 [1] NCCL INFO NET/Plugin: Could not find: libnccl-net.so. Using internal net plugin.
MOC-R4PCC04U05:686856:686981 [1] NCCL INFO NCCL_IB_HCA set to mlx5_5
MOC-R4PCC04U05:686857:686982 [2] NCCL INFO NET/Plugin: Could not find: libnccl-net.so. Using internal net plugin.
MOC-R4PCC04U05:686857:686982 [2] NCCL INFO NCCL_IB_HCA set to mlx5_5
MOC-R4PCC04U05:686856:686981 [1] NCCL INFO NET/IB : Made virtual device [0] name=mlx5_5 speed=400000 ndevs=1
MOC-R4PCC04U05:686856:686981 [1] NCCL INFO NET/IB : Using [0]mlx5_5:1/RoCE [RO]; OOB eno7np0:192.168.50.193<0>
MOC-R4PCC04U05:686857:686982 [2] NCCL INFO NET/IB : Made virtual device [0] name=mlx5_5 speed=400000 ndevs=1
MOC-R4PCC04U05:686857:686982 [2] NCCL INFO NET/IB : Using [0]mlx5_5:1/RoCE [RO]; OOB eno7np0:192.168.50.193<0>
MOC-R4PCC04U05:686858:686984 [3] NCCL INFO NET/Plugin: Could not find: libnccl-net.so. Using internal net plugin.
MOC-R4PCC04U05:686858:686984 [3] NCCL INFO NCCL_IB_HCA set to mlx5_5
MOC-R4PCC04U05:686858:686984 [3] NCCL INFO NET/IB : Made virtual device [0] name=mlx5_5 speed=400000 ndevs=1
MOC-R4PCC04U05:686858:686984 [3] NCCL INFO NET/IB : Using [0]mlx5_5:1/RoCE [RO]; OOB eno7np0:192.168.50.193<0>
MOC-R4PCC04U05:686858:686984 [3] NCCL INFO NET/IB : GPU Direct RDMA Enabled for HCA 0 'mlx5_5'
MOC-R4PCC04U05:686858:686984 [3] NCCL INFO NET/IB : Made virtual device [1] name=mlx5_5 speed=400000 ndevs=1
MOC-R4PCC04U05:686858:686984 [3] NCCL INFO NET/IB : GPU Direct RDMA Enabled for HCA 0 'mlx5_5'
MOC-R4PCC04U05:686858:686984 [3] NCCL INFO NET/IB : GPU Direct RDMA Enabled for HCA 1 'mlx5_5'
MOC-R4PCC04U05:686857:686982 [2] NCCL INFO NET/IB : GPU Direct RDMA Enabled for HCA 0 'mlx5_5'
MOC-R4PCC04U05:686857:686982 [2] NCCL INFO NET/IB : Made virtual device [1] name=mlx5_5 speed=400000 ndevs=1
MOC-R4PCC04U05:686857:686982 [2] NCCL INFO NET/IB : GPU Direct RDMA Enabled for HCA 0 'mlx5_5'
MOC-R4PCC04U05:686857:686982 [2] NCCL INFO NET/IB : GPU Direct RDMA Enabled for HCA 1 'mlx5_5'
MOC-R4PCC04U05:686856:686981 [1] NCCL INFO NET/IB : GPU Direct RDMA Enabled for HCA 0 'mlx5_5'
MOC-R4PCC04U05:686856:686981 [1] NCCL INFO NET/IB : Made virtual device [1] name=mlx5_5 speed=400000 ndevs=1
MOC-R4PCC04U05:686856:686981 [1] NCCL INFO NET/IB : GPU Direct RDMA Enabled for HCA 0 'mlx5_5'
MOC-R4PCC04U05:686856:686981 [1] NCCL INFO NET/IB : GPU Direct RDMA Enabled for HCA 1 'mlx5_5'
MOC-R4PCC04U05:686855:686980 [0] NCCL INFO NET/IB : GPU Direct RDMA Enabled for HCA 0 'mlx5_5'
MOC-R4PCC04U05:686855:686980 [0] NCCL INFO NET/IB : Made virtual device [1] name=mlx5_5 speed=400000 ndevs=1
MOC-R4PCC04U05:686855:686980 [0] NCCL INFO NET/IB : GPU Direct RDMA Enabled for HCA 0 'mlx5_5'
MOC-R4PCC04U05:686855:686980 [0] NCCL INFO NET/IB : GPU Direct RDMA Enabled for HCA 1 'mlx5_5'
MOC-R4PCC04U05:686856:686981 [1] NCCL INFO GPU Direct RDMA Enabled for GPU 0 / HCA 1 (distance 5 <= 5), read 0 mode Default
MOC-R4PCC04U05:686856:686981 [1] NCCL INFO GPU Direct RDMA Enabled for GPU 1 / HCA 1 (distance 5 <= 5), read 0 mode Default
MOC-R4PCC04U05:686856:686981 [1] NCCL INFO GPU Direct RDMA Enabled for GPU 2 / HCA 1 (distance 5 <= 5), read 0 mode Default
MOC-R4PCC04U05:686856:686981 [1] NCCL INFO GPU Direct RDMA Enabled for GPU 3 / HCA 1 (distance 5 <= 5), read 0 mode Default
MOC-R4PCC04U05:686856:686981 [1] NCCL INFO GPU Direct RDMA Enabled for GPU 0 / HCA 1 (distance 5 <= 5), read 0 mode Default
MOC-R4PCC04U05:686856:686981 [1] NCCL INFO GPU Direct RDMA Enabled for GPU 1 / HCA 1 (distance 5 <= 5), read 0 mode Default
MOC-R4PCC04U05:686856:686981 [1] NCCL INFO GPU Direct RDMA Enabled for GPU 2 / HCA 1 (distance 5 <= 5), read 0 mode Default
MOC-R4PCC04U05:686856:686981 [1] NCCL INFO GPU Direct RDMA Enabled for GPU 3 / HCA 1 (distance 5 <= 5), read 0 mode Default
MOC-R4PCC04U05:686855:686980 [0] NCCL INFO GPU Direct RDMA Enabled for GPU 0 / HCA 1 (distance 5 <= 5), read 0 mode Default
MOC-R4PCC04U05:686855:686980 [0] NCCL INFO GPU Direct RDMA Enabled for GPU 1 / HCA 1 (distance 5 <= 5), read 0 mode Default
MOC-R4PCC04U05:686855:686980 [0] NCCL INFO GPU Direct RDMA Enabled for GPU 2 / HCA 1 (distance 5 <= 5), read 0 mode Default
MOC-R4PCC04U05:686855:686980 [0] NCCL INFO GPU Direct RDMA Enabled for GPU 3 / HCA 1 (distance 5 <= 5), read 0 mode Default
MOC-R4PCC04U05:686855:686980 [0] NCCL INFO GPU Direct RDMA Enabled for GPU 0 / HCA 1 (distance 5 <= 5), read 0 mode Default
MOC-R4PCC04U05:686855:686980 [0] NCCL INFO GPU Direct RDMA Enabled for GPU 1 / HCA 1 (distance 5 <= 5), read 0 mode Default
MOC-R4PCC04U05:686855:686980 [0] NCCL INFO GPU Direct RDMA Enabled for GPU 2 / HCA 1 (distance 5 <= 5), read 0 mode Default
MOC-R4PCC04U05:686855:686980 [0] NCCL INFO GPU Direct RDMA Enabled for GPU 3 / HCA 1 (distance 5 <= 5), read 0 mode Default
MOC-R4PCC04U05:686858:686984 [3] NCCL INFO GPU Direct RDMA Enabled for GPU 0 / HCA 1 (distance 5 <= 5), read 0 mode Default
MOC-R4PCC04U05:686858:686984 [3] NCCL INFO GPU Direct RDMA Enabled for GPU 1 / HCA 1 (distance 5 <= 5), read 0 mode Default
MOC-R4PCC04U05:686858:686984 [3] NCCL INFO GPU Direct RDMA Enabled for GPU 2 / HCA 1 (distance 5 <= 5), read 0 mode Default
MOC-R4PCC04U05:686858:686984 [3] NCCL INFO GPU Direct RDMA Enabled for GPU 3 / HCA 1 (distance 5 <= 5), read 0 mode Default
MOC-R4PCC04U05:686858:686984 [3] NCCL INFO GPU Direct RDMA Enabled for GPU 0 / HCA 1 (distance 5 <= 5), read 0 mode Default
MOC-R4PCC04U05:686858:686984 [3] NCCL INFO GPU Direct RDMA Enabled for GPU 1 / HCA 1 (distance 5 <= 5), read 0 mode Default
MOC-R4PCC04U05:686858:686984 [3] NCCL INFO GPU Direct RDMA Enabled for GPU 2 / HCA 1 (distance 5 <= 5), read 0 mode Default
MOC-R4PCC04U05:686858:686984 [3] NCCL INFO GPU Direct RDMA Enabled for GPU 3 / HCA 1 (distance 5 <= 5), read 0 mode Default
MOC-R4PCC04U05:686857:686982 [2] NCCL INFO GPU Direct RDMA Enabled for GPU 0 / HCA 1 (distance 5 <= 5), read 0 mode Default
MOC-R4PCC04U05:686857:686982 [2] NCCL INFO GPU Direct RDMA Enabled for GPU 1 / HCA 1 (distance 5 <= 5), read 0 mode Default
MOC-R4PCC04U05:686857:686982 [2] NCCL INFO GPU Direct RDMA Enabled for GPU 2 / HCA 1 (distance 5 <= 5), read 0 mode Default
MOC-R4PCC04U05:686857:686982 [2] NCCL INFO GPU Direct RDMA Enabled for GPU 3 / HCA 1 (distance 5 <= 5), read 0 mode Default
MOC-R4PCC04U05:686857:686982 [2] NCCL INFO GPU Direct RDMA Enabled for GPU 0 / HCA 1 (distance 5 <= 5), read 0 mode Default
MOC-R4PCC04U05:686857:686982 [2] NCCL INFO GPU Direct RDMA Enabled for GPU 1 / HCA 1 (distance 5 <= 5), read 0 mode Default
MOC-R4PCC04U05:686857:686982 [2] NCCL INFO GPU Direct RDMA Enabled for GPU 2 / HCA 1 (distance 5 <= 5), read 0 mode Default
MOC-R4PCC04U05:686857:686982 [2] NCCL INFO GPU Direct RDMA Enabled for GPU 3 / HCA 1 (distance 5 <= 5), read 0 mode Default
MOC-R4PCC04U05:686855:686996 [0] NCCL INFO New proxy send connection 0 from local rank 0, transport 0
MOC-R4PCC04U05:686855:687004 [0] NCCL INFO Connected to proxy localRank 0 -> connection 0x7f3ea8004f30
MOC-R4PCC04U05:686855:686996 [0] NCCL INFO New proxy send connection 1 from local rank 0, transport 0
MOC-R4PCC04U05:686855:687004 [0] NCCL INFO Connected to proxy localRank 0 -> connection 0x7f3ea8004fa8
MOC-R4PCC04U05:686855:686996 [0] NCCL INFO New proxy send connection 2 from local rank 0, transport 0
MOC-R4PCC04U05:686855:687004 [0] NCCL INFO Connected to proxy localRank 0 -> connection 0x7f3ea8005020
MOC-R4PCC04U05:686855:686996 [0] NCCL INFO New proxy send connection 3 from local rank 0, transport 0
MOC-R4PCC04U05:686855:687004 [0] NCCL INFO Connected to proxy localRank 0 -> connection 0x7f3ea8005098
MOC-R4PCC04U05:686858:686999 [3] NCCL INFO New proxy recv connection 0 from local rank 3, transport 0
MOC-R4PCC04U05:686858:687005 [3] NCCL INFO Connected to proxy localRank 3 -> connection 0x7fc620004f30
MOC-R4PCC04U05:686858:686999 [3] NCCL INFO New proxy recv connection 1 from local rank 3, transport 0
MOC-R4PCC04U05:686858:687005 [3] NCCL INFO Connected to proxy localRank 3 -> connection 0x7fc620004fa8
MOC-R4PCC04U05:686857:687006 [2] NCCL INFO GPU Direct RDMA Enabled for GPU 2 / HCA 1 (distance 5 <= 5), read 0 mode Default
MOC-R4PCC04U05:686858:686999 [3] NCCL INFO New proxy recv connection 2 from local rank 3, transport 0
MOC-R4PCC04U05:686858:687005 [3] NCCL INFO Connected to proxy localRank 3 -> connection 0x7fc620005020
MOC-R4PCC04U05:686856:687001 [1] NCCL INFO New proxy recv connection 0 from local rank 1, transport 0
MOC-R4PCC04U05:686856:687007 [1] NCCL INFO Connected to proxy localRank 1 -> connection 0x7f3a20004f30
MOC-R4PCC04U05:686858:686999 [3] NCCL INFO New proxy recv connection 3 from local rank 3, transport 0
MOC-R4PCC04U05:686858:687005 [3] NCCL INFO Connected to proxy localRank 3 -> connection 0x7fc620005098
MOC-R4PCC04U05:686856:687001 [1] NCCL INFO New proxy recv connection 1 from local rank 1, transport 0
MOC-R4PCC04U05:686856:687007 [1] NCCL INFO Connected to proxy localRank 1 -> connection 0x7f3a20004fa8
MOC-R4PCC04U05:686858:687005 [3] NCCL INFO GPU Direct RDMA Enabled for GPU 3 / HCA 1 (distance 5 <= 5), read 1 mode Default
MOC-R4PCC04U05:686856:687001 [1] NCCL INFO New proxy recv connection 2 from local rank 1, transport 0
MOC-R4PCC04U05:686856:687007 [1] NCCL INFO Connected to proxy localRank 1 -> connection 0x7f3a20005020
MOC-R4PCC04U05:686856:687001 [1] NCCL INFO New proxy recv connection 3 from local rank 1, transport 0
MOC-R4PCC04U05:686856:687007 [1] NCCL INFO Connected to proxy localRank 1 -> connection 0x7f3a20005098
MOC-R4PCC04U05:686856:687001 [1] NCCL INFO New proxy send connection 4 from local rank 1, transport 0
MOC-R4PCC04U05:686856:687007 [1] NCCL INFO Connected to proxy localRank 1 -> connection 0x7f3a20005110
MOC-R4PCC04U05:686856:687001 [1] NCCL INFO New proxy send connection 5 from local rank 1, transport 0
MOC-R4PCC04U05:686856:687007 [1] NCCL INFO Connected to proxy localRank 1 -> connection 0x7f3a20005188
MOC-R4PCC04U05:686856:687001 [1] NCCL INFO New proxy send connection 6 from local rank 1, transport 0
MOC-R4PCC04U05:686856:687007 [1] NCCL INFO Connected to proxy localRank 1 -> connection 0x7f3a20005200
MOC-R4PCC04U05:686856:687001 [1] NCCL INFO New proxy send connection 7 from local rank 1, transport 0
MOC-R4PCC04U05:686856:687007 [1] NCCL INFO Connected to proxy localRank 1 -> connection 0x7f3a20005278
MOC-R4PCC04U05:686857:686998 [2] NCCL INFO New proxy recv connection 0 from local rank 2, transport 2
MOC-R4PCC04U05:686857:686998 [2] NCCL INFO New proxy send connection 1 from local rank 3, transport 2
MOC-R4PCC04U05:686857:687006 [2] NCCL INFO Connected to proxy localRank 2 -> connection 0x7fe4f8004f30
MOC-R4PCC04U05:686858:687005 [3] NCCL INFO Connected to proxy localRank 2 -> connection 0x7fe4f8004fa8
MOC-R4PCC04U05:686857:687006 [2] NCCL INFO Channel 00/0 : 15[3] -> 2[2] [receive] via NET/IB/1/GDRDMA
MOC-R4PCC04U05:686857:687006 [2] NCCL INFO GPU Direct RDMA Enabled for GPU 2 / HCA 1 (distance 5 <= 5), read 0 mode Default
MOC-R4PCC04U05:686857:686998 [2] NCCL INFO New proxy recv connection 2 from local rank 2, transport 2
MOC-R4PCC04U05:686857:687006 [2] NCCL INFO Connected to proxy localRank 2 -> connection 0x7fe4f8005020
MOC-R4PCC04U05:686858:687005 [3] NCCL INFO Channel 00/0 : 3[3] -> 6[2] [send] via NET/IB/1(2)/GDRDMA
MOC-R4PCC04U05:686858:687005 [3] NCCL INFO GPU Direct RDMA Enabled for GPU 3 / HCA 1 (distance 5 <= 5), read 1 mode Default
MOC-R4PCC04U05:686857:687006 [2] NCCL INFO Channel 01/0 : 15[3] -> 2[2] [receive] via NET/IB/1/GDRDMA
MOC-R4PCC04U05:686857:687006 [2] NCCL INFO GPU Direct RDMA Enabled for GPU 2 / HCA 1 (distance 5 <= 5), read 0 mode Default
MOC-R4PCC04U05:686857:686998 [2] NCCL INFO New proxy send connection 3 from local rank 3, transport 2
MOC-R4PCC04U05:686858:687005 [3] NCCL INFO Connected to proxy localRank 2 -> connection 0x7fe4f8005098
MOC-R4PCC04U05:686857:686998 [2] NCCL INFO New proxy recv connection 4 from local rank 2, transport 2
MOC-R4PCC04U05:686857:687006 [2] NCCL INFO Connected to proxy localRank 2 -> connection 0x7fe4f8005110
MOC-R4PCC04U05:686858:687005 [3] NCCL INFO Channel 01/0 : 3[3] -> 6[2] [send] via NET/IB/1(2)/GDRDMA
MOC-R4PCC04U05:686858:687005 [3] NCCL INFO GPU Direct RDMA Enabled for GPU 3 / HCA 1 (distance 5 <= 5), read 1 mode Default
MOC-R4PCC04U05:686857:687006 [2] NCCL INFO Channel 02/0 : 15[3] -> 2[2] [receive] via NET/IB/1/GDRDMA
MOC-R4PCC04U05:686857:687006 [2] NCCL INFO GPU Direct RDMA Enabled for GPU 2 / HCA 1 (distance 5 <= 5), read 0 mode Default
MOC-R4PCC04U05:686857:686998 [2] NCCL INFO New proxy send connection 5 from local rank 3, transport 2
MOC-R4PCC04U05:686858:687005 [3] NCCL INFO Connected to proxy localRank 2 -> connection 0x7fe4f8005188
MOC-R4PCC04U05:686857:686998 [2] NCCL INFO New proxy recv connection 6 from local rank 2, transport 2
MOC-R4PCC04U05:686857:687006 [2] NCCL INFO Connected to proxy localRank 2 -> connection 0x7fe4f8005200
MOC-R4PCC04U05:686858:687005 [3] NCCL INFO Channel 02/0 : 3[3] -> 6[2] [send] via NET/IB/1(2)/GDRDMA
MOC-R4PCC04U05:686858:687005 [3] NCCL INFO GPU Direct RDMA Enabled for GPU 3 / HCA 1 (distance 5 <= 5), read 1 mode Default
MOC-R4PCC04U05:686857:687006 [2] NCCL INFO Channel 03/0 : 15[3] -> 2[2] [receive] via NET/IB/1/GDRDMA
MOC-R4PCC04U05:686857:686998 [2] NCCL INFO New proxy send connection 7 from local rank 3, transport 2
MOC-R4PCC04U05:686858:687005 [3] NCCL INFO Connected to proxy localRank 2 -> connection 0x7fe4f8005278
MOC-R4PCC04U05:686858:687005 [3] NCCL INFO Channel 03/0 : 3[3] -> 6[2] [send] via NET/IB/1(2)/GDRDMA
MOC-R4PCC04U05:686855:686996 [0] NCCL INFO New proxy recv connection 4 from local rank 0, transport 0
MOC-R4PCC04U05:686855:687004 [0] NCCL INFO Connected to proxy localRank 0 -> connection 0x7f3ea8005110
MOC-R4PCC04U05:686857:686998 [2] NCCL INFO New proxy send connection 8 from local rank 2, transport 0
MOC-R4PCC04U05:686857:687006 [2] NCCL INFO Connected to proxy localRank 2 -> connection 0x7fe4f80052f0
MOC-R4PCC04U05:686857:686998 [2] NCCL INFO New proxy send connection 9 from local rank 2, transport 0
MOC-R4PCC04U05:686857:687006 [2] NCCL INFO Connected to proxy localRank 2 -> connection 0x7fe4f8005368
MOC-R4PCC04U05:686857:686998 [2] NCCL INFO New proxy send connection 10 from local rank 2, transport 0
MOC-R4PCC04U05:686857:687006 [2] NCCL INFO Connected to proxy localRank 2 -> connection 0x7fe4f80053e0
MOC-R4PCC04U05:686855:686996 [0] NCCL INFO New proxy recv connection 5 from local rank 0, transport 0
MOC-R4PCC04U05:686855:687004 [0] NCCL INFO Connected to proxy localRank 0 -> connection 0x7f3ea8005188
MOC-R4PCC04U05:686855:686996 [0] NCCL INFO New proxy send connection 6 from local rank 3, transport 0
MOC-R4PCC04U05:686858:687005 [3] NCCL INFO Connected to proxy localRank 0 -> connection 0x7f3ea8005200
MOC-R4PCC04U05:686855:686996 [0] NCCL INFO New proxy recv connection 7 from local rank 0, transport 0
MOC-R4PCC04U05:686857:686998 [2] NCCL INFO New proxy send connection 11 from local rank 2, transport 0
MOC-R4PCC04U05:686855:687004 [0] NCCL INFO Connected to proxy localRank 0 -> connection 0x7f3ea8005278
MOC-R4PCC04U05:686857:687006 [2] NCCL INFO Connected to proxy localRank 2 -> connection 0x7fe4f8005458
MOC-R4PCC04U05:686856:687001 [1] NCCL INFO New proxy send connection 8 from local rank 2, transport 0
MOC-R4PCC04U05:686857:687006 [2] NCCL INFO Connected to proxy localRank 1 -> connection 0x7f3a200052f0
MOC-R4PCC04U05:686855:686996 [0] NCCL INFO New proxy recv connection 8 from local rank 0, transport 0
MOC-R4PCC04U05:686855:687004 [0] NCCL INFO Connected to proxy localRank 0 -> connection 0x7f3ea80052f0
MOC-R4PCC04U05:686858:686999 [3] NCCL INFO New proxy send connection 4 from local rank 0, transport 0
MOC-R4PCC04U05:686855:686996 [0] NCCL INFO New proxy send connection 9 from local rank 1, transport 0
MOC-R4PCC04U05:686856:687007 [1] NCCL INFO Connected to proxy localRank 0 -> connection 0x7f3ea8005368
MOC-R4PCC04U05:686855:687004 [0] NCCL INFO Connected to proxy localRank 3 -> connection 0x7fc620005110
MOC-R4PCC04U05:686857:686998 [2] NCCL INFO NET/IB: NCCL Dev 1 IbDev 0 Port 1 qpn 11282 mtu 3 query_ece={supported=1, vendor_id=0x15b3, options=0x30000002, comp_mask=0x0} GID 3 (0/C132A8C0FFFF0000) fifoRkey=0x17e1a0 fifoLkey=0x17e1a0
MOC-R4PCC04U05:686857:686998 [2] NCCL INFO NET/IB: NCCL Dev 1 IbDev 0 Port 1 qpn 11283 mtu 3 query_ece={supported=1, vendor_id=0x15b3, options=0x30000002, comp_mask=0x0} GID 3 (0/C132A8C0FFFF0000) fifoRkey=0x17fdbc fifoLkey=0x17fdbc
MOC-R4PCC04U05:686857:686998 [2] NCCL INFO NET/IB: IbDev 0 Port 1 qpn 11430 set_ece={supported=1, vendor_id=0x15b3, options=0x0, comp_mask=0x0}
MOC-R4PCC04U05:686857:686998 [2] NCCL INFO NET/IB: IbDev 0 Port 1 qpn 11432 set_ece={supported=1, vendor_id=0x15b3, options=0x0, comp_mask=0x0}
MOC-R4PCC04U05:686857:686998 [2] NCCL INFO New proxy send connection 12 from local rank 1, transport 0
MOC-R4PCC04U05:686856:687007 [1] NCCL INFO Connected to proxy localRank 2 -> connection 0x7fe4f80054d0
MOC-R4PCC04U05:686857:686998 [2] NCCL INFO NET/IB: NCCL Dev 1 IbDev 0 Port 1 qpn 11292 mtu 3 query_ece={supported=1, vendor_id=0x15b3, options=0x30000002, comp_mask=0x0} GID 3 (0/C132A8C0FFFF0000) fifoRkey=0x17f9b8 fifoLkey=0x17f9b8
MOC-R4PCC04U05:686857:686998 [2] NCCL INFO NET/IB: NCCL Dev 1 IbDev 0 Port 1 qpn 11293 mtu 3 query_ece={supported=1, vendor_id=0x15b3, options=0x30000002, comp_mask=0x0} GID 3 (0/C132A8C0FFFF0000) fifoRkey=0x17e5a4 fifoLkey=0x17e5a4
MOC-R4PCC04U05:686856:687001 [1] NCCL INFO New proxy send connection 9 from local rank 0, transport 0
MOC-R4PCC04U05:686855:687004 [0] NCCL INFO Connected to proxy localRank 1 -> connection 0x7f3a20005368
MOC-R4PCC04U05:686857:686998 [2] NCCL INFO NET/IB: IbDev 0 Port 1 qpn 11434 set_ece={supported=1, vendor_id=0x15b3, options=0x0, comp_mask=0x0}
MOC-R4PCC04U05:686857:686998 [2] NCCL INFO NET/IB: IbDev 0 Port 1 qpn 11436 set_ece={supported=1, vendor_id=0x15b3, options=0x0, comp_mask=0x0}
MOC-R4PCC04U05:686857:686998 [2] NCCL INFO New proxy send connection 13 from local rank 3, transport 0
MOC-R4PCC04U05:686858:687005 [3] NCCL INFO Connected to proxy localRank 2 -> connection 0x7fe4f8005548
num decayed parameter tensors: 50, with 124,318,464 parameters
num non-decayed parameter tensors: 98, with 121,344 parameters
using fused AdamW: False
using regular AdamW
MOC-R4PCC04U05:686857:686998 [2] NCCL INFO New proxy send connection 14 from local rank 2, transport 0
MOC-R4PCC04U05:686857:687697 [2] NCCL INFO Connected to proxy localRank 2 -> connection 0x7fe4f80055c0
MOC-R4PCC04U05:686857:686998 [2] NCCL INFO New proxy send connection 15 from local rank 2, transport 0
MOC-R4PCC04U05:686857:687697 [2] NCCL INFO Connected to proxy localRank 2 -> connection 0x7fe4f8005638
MOC-R4PCC04U05:686857:686998 [2] NCCL INFO New proxy send connection 16 from local rank 2, transport 0
MOC-R4PCC04U05:686857:687697 [2] NCCL INFO Connected to proxy localRank 2 -> connection 0x7fe4f80056b0
MOC-R4PCC04U05:686857:686998 [2] NCCL INFO New proxy send connection 17 from local rank 2, transport 0
MOC-R4PCC04U05:686857:687697 [2] NCCL INFO Connected to proxy localRank 2 -> connection 0x7fe4f8005728
MOC-R4PCC04U05:686855:686996 [0] NCCL INFO New proxy send connection 10 from local rank 0, transport 0
MOC-R4PCC04U05:686855:687698 [0] NCCL INFO Connected to proxy localRank 0 -> connection 0x7f3ea80053e0
MOC-R4PCC04U05:686855:686996 [0] NCCL INFO New proxy send connection 11 from local rank 0, transport 0
MOC-R4PCC04U05:686855:687698 [0] NCCL INFO Connected to proxy localRank 0 -> connection 0x7f3ea8005458
MOC-R4PCC04U05:686855:686996 [0] NCCL INFO New proxy send connection 12 from local rank 0, transport 0
MOC-R4PCC04U05:686855:687698 [0] NCCL INFO Connected to proxy localRank 0 -> connection 0x7f3ea80054d0
MOC-R4PCC04U05:686855:686996 [0] NCCL INFO New proxy send connection 13 from local rank 0, transport 0
MOC-R4PCC04U05:686855:687698 [0] NCCL INFO Connected to proxy localRank 0 -> connection 0x7f3ea8005548
MOC-R4PCC04U05:686856:687001 [1] NCCL INFO New proxy recv connection 10 from local rank 1, transport 0
MOC-R4PCC04U05:686856:687699 [1] NCCL INFO Connected to proxy localRank 1 -> connection 0x7f3a200053e0
MOC-R4PCC04U05:686856:687001 [1] NCCL INFO New proxy recv connection 11 from local rank 1, transport 0
MOC-R4PCC04U05:686856:687699 [1] NCCL INFO Connected to proxy localRank 1 -> connection 0x7f3a20005458
MOC-R4PCC04U05:686856:687001 [1] NCCL INFO New proxy recv connection 12 from local rank 1, transport 0
MOC-R4PCC04U05:686856:687699 [1] NCCL INFO Connected to proxy localRank 1 -> connection 0x7f3a200054d0
MOC-R4PCC04U05:686856:687001 [1] NCCL INFO New proxy recv connection 13 from local rank 1, transport 0
MOC-R4PCC04U05:686856:687699 [1] NCCL INFO Connected to proxy localRank 1 -> connection 0x7f3a20005548
MOC-R4PCC04U05:686855:686996 [0] NCCL INFO New proxy recv connection 14 from local rank 0, transport 0
MOC-R4PCC04U05:686855:687698 [0] NCCL INFO Connected to proxy localRank 0 -> connection 0x7f3ea80055c0
MOC-R4PCC04U05:686855:686996 [0] NCCL INFO New proxy recv connection 15 from local rank 0, transport 0
MOC-R4PCC04U05:686855:687698 [0] NCCL INFO Connected to proxy localRank 0 -> connection 0x7f3ea8005638
MOC-R4PCC04U05:686855:686996 [0] NCCL INFO New proxy recv connection 16 from local rank 0, transport 0
MOC-R4PCC04U05:686855:687698 [0] NCCL INFO Connected to proxy localRank 0 -> connection 0x7f3ea80056b0
MOC-R4PCC04U05:686855:686996 [0] NCCL INFO New proxy recv connection 17 from local rank 0, transport 0
MOC-R4PCC04U05:686855:687698 [0] NCCL INFO Connected to proxy localRank 0 -> connection 0x7f3ea8005728
MOC-R4PCC04U05:686858:686999 [3] NCCL INFO New proxy recv connection 5 from local rank 3, transport 0
MOC-R4PCC04U05:686858:687700 [3] NCCL INFO Connected to proxy localRank 3 -> connection 0x7fc620005188
MOC-R4PCC04U05:686858:686999 [3] NCCL INFO New proxy recv connection 6 from local rank 3, transport 0
MOC-R4PCC04U05:686858:687700 [3] NCCL INFO Connected to proxy localRank 3 -> connection 0x7fc620005200
MOC-R4PCC04U05:686858:686999 [3] NCCL INFO New proxy recv connection 7 from local rank 3, transport 0
MOC-R4PCC04U05:686858:687700 [3] NCCL INFO Connected to proxy localRank 3 -> connection 0x7fc620005278
MOC-R4PCC04U05:686858:686999 [3] NCCL INFO New proxy recv connection 8 from local rank 3, transport 0
MOC-R4PCC04U05:686858:687700 [3] NCCL INFO Connected to proxy localRank 3 -> connection 0x7fc6200052f0
MOC-R4PCC04U05:686858:686999 [3] NCCL INFO New proxy send connection 9 from local rank 3, transport 0
MOC-R4PCC04U05:686858:687700 [3] NCCL INFO Connected to proxy localRank 3 -> connection 0x7fc620005368
MOC-R4PCC04U05:686857:687697 [2] NCCL INFO GPU Direct RDMA Enabled for GPU 2 / HCA 1 (distance 5 <= 5), read 1 mode Default
MOC-R4PCC04U05:686857:686998 [2] NCCL INFO New proxy send connection 18 from local rank 2, transport 2
MOC-R4PCC04U05:686857:687697 [2] NCCL INFO Connected to proxy localRank 2 -> connection 0x7fe4f80057a0
MOC-R4PCC04U05:686858:686999 [3] NCCL INFO New proxy send connection 10 from local rank 3, transport 0
MOC-R4PCC04U05:686857:687697 [2] NCCL INFO Channel 02/0 : 2[2] -> 6[2] [send] via NET/IB/1/GDRDMA
MOC-R4PCC04U05:686857:687697 [2] NCCL INFO GPU Direct RDMA Enabled for GPU 2 / HCA 1 (distance 5 <= 5), read 1 mode Default
MOC-R4PCC04U05:686858:687700 [3] NCCL INFO Connected to proxy localRank 3 -> connection 0x7fc6200053e0
MOC-R4PCC04U05:686857:686998 [2] NCCL INFO New proxy send connection 19 from local rank 2, transport 2
MOC-R4PCC04U05:686857:687697 [2] NCCL INFO Connected to proxy localRank 2 -> connection 0x7fe4f8005818
MOC-R4PCC04U05:686857:687697 [2] NCCL INFO Channel 03/0 : 2[2] -> 6[2] [send] via NET/IB/1/GDRDMA
MOC-R4PCC04U05:686858:686999 [3] NCCL INFO New proxy send connection 11 from local rank 3, transport 0
MOC-R4PCC04U05:686858:687700 [3] NCCL INFO Connected to proxy localRank 3 -> connection 0x7fc620005458
MOC-R4PCC04U05:686857:687697 [2] NCCL INFO GPU Direct RDMA Enabled for GPU 2 / HCA 1 (distance 5 <= 5), read 0 mode Default
MOC-R4PCC04U05:686858:686999 [3] NCCL INFO New proxy send connection 12 from local rank 3, transport 0
MOC-R4PCC04U05:686858:687700 [3] NCCL INFO Connected to proxy localRank 3 -> connection 0x7fc6200054d0
MOC-R4PCC04U05:686857:686998 [2] NCCL INFO New proxy recv connection 20 from local rank 2, transport 2
MOC-R4PCC04U05:686857:687697 [2] NCCL INFO Connected to proxy localRank 2 -> connection 0x7fe4f8005890
MOC-R4PCC04U05:686857:687697 [2] NCCL INFO Channel 00/0 : 10[2] -> 2[2] [receive] via NET/IB/1/GDRDMA
MOC-R4PCC04U05:686857:687697 [2] NCCL INFO GPU Direct RDMA Enabled for GPU 2 / HCA 1 (distance 5 <= 5), read 0 mode Default
MOC-R4PCC04U05:686857:686998 [2] NCCL INFO New proxy recv connection 21 from local rank 2, transport 2
MOC-R4PCC04U05:686857:687697 [2] NCCL INFO Connected to proxy localRank 2 -> connection 0x7fe4f8005908
MOC-R4PCC04U05:686857:687697 [2] NCCL INFO Channel 01/0 : 10[2] -> 2[2] [receive] via NET/IB/1/GDRDMA
MOC-R4PCC04U05:686857:687697 [2] NCCL INFO GPU Direct RDMA Enabled for GPU 2 / HCA 1 (distance 5 <= 5), read 1 mode Default
MOC-R4PCC04U05:686857:686998 [2] NCCL INFO New proxy send connection 22 from local rank 2, transport 2
MOC-R4PCC04U05:686857:687697 [2] NCCL INFO Connected to proxy localRank 2 -> connection 0x7fe4f8005980
MOC-R4PCC04U05:686857:687697 [2] NCCL INFO Channel 00/0 : 2[2] -> 10[2] [send] via NET/IB/1/GDRDMA
MOC-R4PCC04U05:686857:687697 [2] NCCL INFO GPU Direct RDMA Enabled for GPU 2 / HCA 1 (distance 5 <= 5), read 1 mode Default
MOC-R4PCC04U05:686858:686999 [3] NCCL INFO New proxy send connection 13 from local rank 3, transport 0
MOC-R4PCC04U05:686858:687700 [3] NCCL INFO Connected to proxy localRank 3 -> connection 0x7fc620005548
MOC-R4PCC04U05:686857:686998 [2] NCCL INFO New proxy send connection 23 from local rank 2, transport 2
MOC-R4PCC04U05:686857:687697 [2] NCCL INFO Connected to proxy localRank 2 -> connection 0x7fe4f80059f8
MOC-R4PCC04U05:686857:687697 [2] NCCL INFO Channel 01/0 : 2[2] -> 10[2] [send] via NET/IB/1/GDRDMA
MOC-R4PCC04U05:686858:686999 [3] NCCL INFO New proxy send connection 14 from local rank 3, transport 0
MOC-R4PCC04U05:686858:687700 [3] NCCL INFO Connected to proxy localRank 3 -> connection 0x7fc6200055c0
MOC-R4PCC04U05:686858:686999 [3] NCCL INFO New proxy send connection 15 from local rank 3, transport 0
MOC-R4PCC04U05:686858:687700 [3] NCCL INFO Connected to proxy localRank 3 -> connection 0x7fc620005638
MOC-R4PCC04U05:686858:686999 [3] NCCL INFO New proxy send connection 16 from local rank 3, transport 0
MOC-R4PCC04U05:686858:687700 [3] NCCL INFO Connected to proxy localRank 3 -> connection 0x7fc6200056b0
MOC-R4PCC04U05:686857:687697 [2] NCCL INFO GPU Direct RDMA Enabled for GPU 2 / HCA 1 (distance 5 <= 5), read 0 mode Default
MOC-R4PCC04U05:686857:686998 [2] NCCL INFO New proxy recv connection 24 from local rank 2, transport 2
MOC-R4PCC04U05:686857:687697 [2] NCCL INFO Connected to proxy localRank 2 -> connection 0x7fe4f8005a70
MOC-R4PCC04U05:686857:687697 [2] NCCL INFO Channel 02/0 : 6[2] -> 2[2] [receive] via NET/IB/1/GDRDMA
MOC-R4PCC04U05:686857:687697 [2] NCCL INFO GPU Direct RDMA Enabled for GPU 2 / HCA 1 (distance 5 <= 5), read 0 mode Default
MOC-R4PCC04U05:686857:686998 [2] NCCL INFO New proxy recv connection 25 from local rank 2, transport 2
MOC-R4PCC04U05:686857:687697 [2] NCCL INFO Connected to proxy localRank 2 -> connection 0x7fe4f8005ae8
MOC-R4PCC04U05:686857:687697 [2] NCCL INFO Channel 03/0 : 6[2] -> 2[2] [receive] via NET/IB/1/GDRDMA
MOC-R4PCC04U05:686857:686998 [2] NCCL INFO New proxy recv connection 26 from local rank 2, transport 0
MOC-R4PCC04U05:686857:687697 [2] NCCL INFO Connected to proxy localRank 2 -> connection 0x7fe4f8005b60
MOC-R4PCC04U05:686857:686998 [2] NCCL INFO New proxy recv connection 27 from local rank 2, transport 0
MOC-R4PCC04U05:686857:687697 [2] NCCL INFO Connected to proxy localRank 2 -> connection 0x7fe4f8005bd8
MOC-R4PCC04U05:686857:686998 [2] NCCL INFO New proxy recv connection 28 from local rank 2, transport 0
MOC-R4PCC04U05:686857:687697 [2] NCCL INFO Connected to proxy localRank 2 -> connection 0x7fe4f8005c50
MOC-R4PCC04U05:686857:686998 [2] NCCL INFO New proxy recv connection 29 from local rank 2, transport 0
MOC-R4PCC04U05:686857:687697 [2] NCCL INFO Connected to proxy localRank 2 -> connection 0x7fe4f8005cc8
MOC-R4PCC04U05:686858:686999 [3] NCCL INFO New proxy send connection 17 from local rank 2, transport 0
MOC-R4PCC04U05:686857:687697 [2] NCCL INFO Connected to proxy localRank 3 -> connection 0x7fc620005728
MOC-R4PCC04U05:686857:686998 [2] NCCL INFO NET/IB: NCCL Dev 1 IbDev 0 Port 1 qpn 11294 mtu 3 query_ece={supported=1, vendor_id=0x15b3, options=0x30000002, comp_mask=0x0} GID 3 (0/C132A8C0FFFF0000) fifoRkey=0x17edac fifoLkey=0x17edac
MOC-R4PCC04U05:686857:686998 [2] NCCL INFO NET/IB: NCCL Dev 1 IbDev 0 Port 1 qpn 11295 mtu 3 query_ece={supported=1, vendor_id=0x15b3, options=0x30000002, comp_mask=0x0} GID 3 (0/C132A8C0FFFF0000) fifoRkey=0x17c584 fifoLkey=0x17c584
MOC-R4PCC04U05:686857:686998 [2] NCCL INFO NET/IB: IbDev 0 Port 1 qpn 11439 set_ece={supported=1, vendor_id=0x15b3, options=0x0, comp_mask=0x0}
MOC-R4PCC04U05:686857:686998 [2] NCCL INFO NET/IB: IbDev 0 Port 1 qpn 11441 set_ece={supported=1, vendor_id=0x15b3, options=0x0, comp_mask=0x0}
MOC-R4PCC04U05:686857:686998 [2] NCCL INFO NET/IB: NCCL Dev 1 IbDev 0 Port 1 qpn 11296 mtu 3 query_ece={supported=1, vendor_id=0x15b3, options=0x30000002, comp_mask=0x0} GID 3 (0/C132A8C0FFFF0000) fifoRkey=0x17a363 fifoLkey=0x17a363
MOC-R4PCC04U05:686857:686998 [2] NCCL INFO NET/IB: NCCL Dev 1 IbDev 0 Port 1 qpn 11297 mtu 3 query_ece={supported=1, vendor_id=0x15b3, options=0x30000002, comp_mask=0x0} GID 3 (0/C132A8C0FFFF0000) fifoRkey=0x17f1b0 fifoLkey=0x17f1b0
MOC-R4PCC04U05:686857:686998 [2] NCCL INFO NET/IB: IbDev 0 Port 1 qpn 8893 set_ece={supported=1, vendor_id=0x15b3, options=0x0, comp_mask=0x0}
MOC-R4PCC04U05:686857:686998 [2] NCCL INFO NET/IB: IbDev 0 Port 1 qpn 8896 set_ece={supported=1, vendor_id=0x15b3, options=0x0, comp_mask=0x0}
step    1/10 | train loss 11.010139 | norm 15.4234 | lr 1.00e-04 | (14428.20 ms | 109013 tok/s)
step    2/10 | train loss 10.136944 | norm 5.7588 | lr 1.00e-04 | (352.76 ms | 4458706 tok/s)
step    3/10 | train loss 9.795476 | norm 2.6124 | lr 1.00e-04 | (335.63 ms | 4686238 tok/s)
step    4/10 | train loss 9.625642 | norm 2.1154 | lr 1.00e-04 | (308.22 ms | 5103097 tok/s)
step    5/10 | train loss 9.542585 | norm 2.1031 | lr 1.00e-04 | (298.50 ms | 5269212 tok/s)
step    6/10 | train loss 9.461350 | norm 1.9977 | lr 1.00e-04 | (328.50 ms | 4788066 tok/s)
step    7/10 | train loss 9.375706 | norm 1.9473 | lr 1.00e-04 | (305.13 ms | 5154734 tok/s)
step    8/10 | train loss 9.283981 | norm 1.9146 | lr 1.00e-04 | (299.19 ms | 5257157 tok/s)
step    9/10 | train loss 9.188592 | norm 1.8601 | lr 1.00e-04 | (301.29 ms | 5220465 tok/s)
step   10/10 | train loss 9.103167 | norm 1.7948 | lr 1.00e-04 | (305.61 ms | 5146691 tok/s)
final 9 iters avg: 314.980ms
peak memory consumption: 16601 MiB
