Running pytorch 2.7.0+cu126
using device: cuda:0
total desired batch size: 5242880
=> calculated gradient accumulation steps: 10
using device: cuda:3
using device: cuda:1
using device: cuda:2
compiling the model...
DataLoader: total number of tokens: 1,661,249,667 across 103 files
MOC-R4PCC04U05:650057:650057 [0] NCCL INFO NCCL_SOCKET_IFNAME set to eno7np0
MOC-R4PCC04U05:650057:650057 [0] NCCL INFO NCCL version 2.26.2+cuda12.2
MOC-R4PCC04U05:650058:650058 [1] NCCL INFO NCCL_SOCKET_IFNAME set to eno7np0
MOC-R4PCC04U05:650058:650058 [1] NCCL INFO NCCL version 2.26.2+cuda12.2
MOC-R4PCC04U05:650059:650059 [2] NCCL INFO NCCL_SOCKET_IFNAME set to eno7np0
MOC-R4PCC04U05:650059:650059 [2] NCCL INFO NCCL version 2.26.2+cuda12.2
MOC-R4PCC04U05:650060:650060 [3] NCCL INFO NCCL_SOCKET_IFNAME set to eno7np0
MOC-R4PCC04U05:650060:650060 [3] NCCL INFO NCCL version 2.26.2+cuda12.2
MOC-R4PCC04U05:650057:650182 [0] NCCL INFO NET/Plugin: Could not find: libnccl-net.so. Using internal net plugin.
MOC-R4PCC04U05:650057:650182 [0] NCCL INFO NCCL_IB_HCA set to mlx5_5
MOC-R4PCC04U05:650060:650185 [3] NCCL INFO NET/Plugin: Could not find: libnccl-net.so. Using internal net plugin.
MOC-R4PCC04U05:650059:650184 [2] NCCL INFO NET/Plugin: Could not find: libnccl-net.so. Using internal net plugin.
MOC-R4PCC04U05:650058:650183 [1] NCCL INFO NET/Plugin: Could not find: libnccl-net.so. Using internal net plugin.
MOC-R4PCC04U05:650059:650184 [2] NCCL INFO NCCL_IB_HCA set to mlx5_5
MOC-R4PCC04U05:650060:650185 [3] NCCL INFO NCCL_IB_HCA set to mlx5_5
MOC-R4PCC04U05:650058:650183 [1] NCCL INFO NCCL_IB_HCA set to mlx5_5
MOC-R4PCC04U05:650057:650182 [0] NCCL INFO NET/IB : Made virtual device [0] name=mlx5_5 speed=400000 ndevs=1
MOC-R4PCC04U05:650057:650182 [0] NCCL INFO NET/IB : Using [0]mlx5_5:1/RoCE [RO]; OOB eno7np0:192.168.50.193<0>
MOC-R4PCC04U05:650060:650185 [3] NCCL INFO NET/IB : Made virtual device [0] name=mlx5_5 speed=400000 ndevs=1
MOC-R4PCC04U05:650060:650185 [3] NCCL INFO NET/IB : Using [0]mlx5_5:1/RoCE [RO]; OOB eno7np0:192.168.50.193<0>
MOC-R4PCC04U05:650058:650183 [1] NCCL INFO NET/IB : Made virtual device [0] name=mlx5_5 speed=400000 ndevs=1
MOC-R4PCC04U05:650059:650184 [2] NCCL INFO NET/IB : Made virtual device [0] name=mlx5_5 speed=400000 ndevs=1
MOC-R4PCC04U05:650058:650183 [1] NCCL INFO NET/IB : Using [0]mlx5_5:1/RoCE [RO]; OOB eno7np0:192.168.50.193<0>
MOC-R4PCC04U05:650059:650184 [2] NCCL INFO NET/IB : Using [0]mlx5_5:1/RoCE [RO]; OOB eno7np0:192.168.50.193<0>
MOC-R4PCC04U05:650060:650185 [3] NCCL INFO NET/IB : GPU Direct RDMA Enabled for HCA 0 'mlx5_5'
MOC-R4PCC04U05:650060:650185 [3] NCCL INFO NET/IB : Made virtual device [1] name=mlx5_5 speed=400000 ndevs=1
MOC-R4PCC04U05:650060:650185 [3] NCCL INFO NET/IB : GPU Direct RDMA Enabled for HCA 0 'mlx5_5'
MOC-R4PCC04U05:650060:650185 [3] NCCL INFO NET/IB : GPU Direct RDMA Enabled for HCA 1 'mlx5_5'
MOC-R4PCC04U05:650059:650184 [2] NCCL INFO NET/IB : GPU Direct RDMA Enabled for HCA 0 'mlx5_5'
MOC-R4PCC04U05:650059:650184 [2] NCCL INFO NET/IB : Made virtual device [1] name=mlx5_5 speed=400000 ndevs=1
MOC-R4PCC04U05:650059:650184 [2] NCCL INFO NET/IB : GPU Direct RDMA Enabled for HCA 0 'mlx5_5'
MOC-R4PCC04U05:650059:650184 [2] NCCL INFO NET/IB : GPU Direct RDMA Enabled for HCA 1 'mlx5_5'
MOC-R4PCC04U05:650058:650183 [1] NCCL INFO NET/IB : GPU Direct RDMA Enabled for HCA 0 'mlx5_5'
MOC-R4PCC04U05:650058:650183 [1] NCCL INFO NET/IB : Made virtual device [1] name=mlx5_5 speed=400000 ndevs=1
MOC-R4PCC04U05:650058:650183 [1] NCCL INFO NET/IB : GPU Direct RDMA Enabled for HCA 0 'mlx5_5'
MOC-R4PCC04U05:650058:650183 [1] NCCL INFO NET/IB : GPU Direct RDMA Enabled for HCA 1 'mlx5_5'
MOC-R4PCC04U05:650057:650182 [0] NCCL INFO NET/IB : GPU Direct RDMA Enabled for HCA 0 'mlx5_5'
MOC-R4PCC04U05:650057:650182 [0] NCCL INFO NET/IB : Made virtual device [1] name=mlx5_5 speed=400000 ndevs=1
MOC-R4PCC04U05:650057:650182 [0] NCCL INFO NET/IB : GPU Direct RDMA Enabled for HCA 0 'mlx5_5'
MOC-R4PCC04U05:650057:650182 [0] NCCL INFO NET/IB : GPU Direct RDMA Enabled for HCA 1 'mlx5_5'
MOC-R4PCC04U05:650058:650183 [1] NCCL INFO GPU Direct RDMA Enabled for GPU 0 / HCA 1 (distance 5 <= 5), read 0 mode Default
MOC-R4PCC04U05:650058:650183 [1] NCCL INFO GPU Direct RDMA Enabled for GPU 1 / HCA 1 (distance 5 <= 5), read 0 mode Default
MOC-R4PCC04U05:650058:650183 [1] NCCL INFO GPU Direct RDMA Enabled for GPU 2 / HCA 1 (distance 5 <= 5), read 0 mode Default
MOC-R4PCC04U05:650058:650183 [1] NCCL INFO GPU Direct RDMA Enabled for GPU 3 / HCA 1 (distance 5 <= 5), read 0 mode Default
MOC-R4PCC04U05:650057:650182 [0] NCCL INFO GPU Direct RDMA Enabled for GPU 0 / HCA 1 (distance 5 <= 5), read 0 mode Default
MOC-R4PCC04U05:650057:650182 [0] NCCL INFO GPU Direct RDMA Enabled for GPU 1 / HCA 1 (distance 5 <= 5), read 0 mode Default
MOC-R4PCC04U05:650057:650182 [0] NCCL INFO GPU Direct RDMA Enabled for GPU 2 / HCA 1 (distance 5 <= 5), read 0 mode Default
MOC-R4PCC04U05:650057:650182 [0] NCCL INFO GPU Direct RDMA Enabled for GPU 3 / HCA 1 (distance 5 <= 5), read 0 mode Default
MOC-R4PCC04U05:650058:650183 [1] NCCL INFO GPU Direct RDMA Enabled for GPU 0 / HCA 1 (distance 5 <= 5), read 0 mode Default
MOC-R4PCC04U05:650058:650183 [1] NCCL INFO GPU Direct RDMA Enabled for GPU 1 / HCA 1 (distance 5 <= 5), read 0 mode Default
MOC-R4PCC04U05:650058:650183 [1] NCCL INFO GPU Direct RDMA Enabled for GPU 2 / HCA 1 (distance 5 <= 5), read 0 mode Default
MOC-R4PCC04U05:650058:650183 [1] NCCL INFO GPU Direct RDMA Enabled for GPU 3 / HCA 1 (distance 5 <= 5), read 0 mode Default
MOC-R4PCC04U05:650057:650182 [0] NCCL INFO GPU Direct RDMA Enabled for GPU 0 / HCA 1 (distance 5 <= 5), read 0 mode Default
MOC-R4PCC04U05:650057:650182 [0] NCCL INFO GPU Direct RDMA Enabled for GPU 1 / HCA 1 (distance 5 <= 5), read 0 mode Default
MOC-R4PCC04U05:650057:650182 [0] NCCL INFO GPU Direct RDMA Enabled for GPU 2 / HCA 1 (distance 5 <= 5), read 0 mode Default
MOC-R4PCC04U05:650057:650182 [0] NCCL INFO GPU Direct RDMA Enabled for GPU 3 / HCA 1 (distance 5 <= 5), read 0 mode Default
MOC-R4PCC04U05:650060:650185 [3] NCCL INFO GPU Direct RDMA Enabled for GPU 0 / HCA 1 (distance 5 <= 5), read 0 mode Default
MOC-R4PCC04U05:650060:650185 [3] NCCL INFO GPU Direct RDMA Enabled for GPU 1 / HCA 1 (distance 5 <= 5), read 0 mode Default
MOC-R4PCC04U05:650060:650185 [3] NCCL INFO GPU Direct RDMA Enabled for GPU 2 / HCA 1 (distance 5 <= 5), read 0 mode Default
MOC-R4PCC04U05:650060:650185 [3] NCCL INFO GPU Direct RDMA Enabled for GPU 3 / HCA 1 (distance 5 <= 5), read 0 mode Default
MOC-R4PCC04U05:650060:650185 [3] NCCL INFO GPU Direct RDMA Enabled for GPU 0 / HCA 1 (distance 5 <= 5), read 0 mode Default
MOC-R4PCC04U05:650060:650185 [3] NCCL INFO GPU Direct RDMA Enabled for GPU 1 / HCA 1 (distance 5 <= 5), read 0 mode Default
MOC-R4PCC04U05:650060:650185 [3] NCCL INFO GPU Direct RDMA Enabled for GPU 2 / HCA 1 (distance 5 <= 5), read 0 mode Default
MOC-R4PCC04U05:650060:650185 [3] NCCL INFO GPU Direct RDMA Enabled for GPU 3 / HCA 1 (distance 5 <= 5), read 0 mode Default
MOC-R4PCC04U05:650059:650184 [2] NCCL INFO GPU Direct RDMA Enabled for GPU 0 / HCA 1 (distance 5 <= 5), read 0 mode Default
MOC-R4PCC04U05:650059:650184 [2] NCCL INFO GPU Direct RDMA Enabled for GPU 1 / HCA 1 (distance 5 <= 5), read 0 mode Default
MOC-R4PCC04U05:650059:650184 [2] NCCL INFO GPU Direct RDMA Enabled for GPU 2 / HCA 1 (distance 5 <= 5), read 0 mode Default
MOC-R4PCC04U05:650059:650184 [2] NCCL INFO GPU Direct RDMA Enabled for GPU 3 / HCA 1 (distance 5 <= 5), read 0 mode Default
MOC-R4PCC04U05:650059:650184 [2] NCCL INFO GPU Direct RDMA Enabled for GPU 0 / HCA 1 (distance 5 <= 5), read 0 mode Default
MOC-R4PCC04U05:650059:650184 [2] NCCL INFO GPU Direct RDMA Enabled for GPU 1 / HCA 1 (distance 5 <= 5), read 0 mode Default
MOC-R4PCC04U05:650059:650184 [2] NCCL INFO GPU Direct RDMA Enabled for GPU 2 / HCA 1 (distance 5 <= 5), read 0 mode Default
MOC-R4PCC04U05:650059:650184 [2] NCCL INFO GPU Direct RDMA Enabled for GPU 3 / HCA 1 (distance 5 <= 5), read 0 mode Default
MOC-R4PCC04U05:650059:650416 [2] NCCL INFO GPU Direct RDMA Enabled for GPU 2 / HCA 1 (distance 5 <= 5), read 0 mode Default
MOC-R4PCC04U05:650060:650384 [3] NCCL INFO New proxy recv connection 0 from local rank 3, transport 0
MOC-R4PCC04U05:650060:650417 [3] NCCL INFO Connected to proxy localRank 3 -> connection 0x7fc2e0004f30
MOC-R4PCC04U05:650058:650387 [1] NCCL INFO New proxy recv connection 0 from local rank 1, transport 0
MOC-R4PCC04U05:650058:650418 [1] NCCL INFO Connected to proxy localRank 1 -> connection 0x7fbbe8004f30
MOC-R4PCC04U05:650060:650384 [3] NCCL INFO New proxy recv connection 1 from local rank 3, transport 0
MOC-R4PCC04U05:650057:650386 [0] NCCL INFO New proxy send connection 0 from local rank 0, transport 0
MOC-R4PCC04U05:650058:650387 [1] NCCL INFO New proxy recv connection 1 from local rank 1, transport 0
MOC-R4PCC04U05:650060:650417 [3] NCCL INFO Connected to proxy localRank 3 -> connection 0x7fc2e0004fa8
MOC-R4PCC04U05:650058:650418 [1] NCCL INFO Connected to proxy localRank 1 -> connection 0x7fbbe8004fa8
MOC-R4PCC04U05:650057:650419 [0] NCCL INFO Connected to proxy localRank 0 -> connection 0x7fc600004f30
MOC-R4PCC04U05:650060:650384 [3] NCCL INFO New proxy recv connection 2 from local rank 3, transport 0
MOC-R4PCC04U05:650060:650417 [3] NCCL INFO Connected to proxy localRank 3 -> connection 0x7fc2e0005020
MOC-R4PCC04U05:650058:650387 [1] NCCL INFO New proxy recv connection 2 from local rank 1, transport 0
MOC-R4PCC04U05:650058:650418 [1] NCCL INFO Connected to proxy localRank 1 -> connection 0x7fbbe8005020
MOC-R4PCC04U05:650057:650386 [0] NCCL INFO New proxy send connection 1 from local rank 0, transport 0
MOC-R4PCC04U05:650057:650419 [0] NCCL INFO Connected to proxy localRank 0 -> connection 0x7fc600004fa8
MOC-R4PCC04U05:650060:650384 [3] NCCL INFO New proxy recv connection 3 from local rank 3, transport 0
MOC-R4PCC04U05:650060:650417 [3] NCCL INFO Connected to proxy localRank 3 -> connection 0x7fc2e0005098
MOC-R4PCC04U05:650058:650387 [1] NCCL INFO New proxy recv connection 3 from local rank 1, transport 0
MOC-R4PCC04U05:650058:650418 [1] NCCL INFO Connected to proxy localRank 1 -> connection 0x7fbbe8005098
MOC-R4PCC04U05:650057:650386 [0] NCCL INFO New proxy send connection 2 from local rank 0, transport 0
MOC-R4PCC04U05:650057:650419 [0] NCCL INFO Connected to proxy localRank 0 -> connection 0x7fc600005020
MOC-R4PCC04U05:650060:650417 [3] NCCL INFO GPU Direct RDMA Enabled for GPU 3 / HCA 1 (distance 5 <= 5), read 1 mode Default
MOC-R4PCC04U05:650057:650386 [0] NCCL INFO New proxy send connection 3 from local rank 0, transport 0
MOC-R4PCC04U05:650057:650419 [0] NCCL INFO Connected to proxy localRank 0 -> connection 0x7fc600005098
MOC-R4PCC04U05:650058:650387 [1] NCCL INFO New proxy send connection 4 from local rank 1, transport 0
MOC-R4PCC04U05:650058:650418 [1] NCCL INFO Connected to proxy localRank 1 -> connection 0x7fbbe8005110
MOC-R4PCC04U05:650058:650387 [1] NCCL INFO New proxy send connection 5 from local rank 1, transport 0
MOC-R4PCC04U05:650058:650418 [1] NCCL INFO Connected to proxy localRank 1 -> connection 0x7fbbe8005188
MOC-R4PCC04U05:650058:650387 [1] NCCL INFO New proxy send connection 6 from local rank 1, transport 0
MOC-R4PCC04U05:650058:650418 [1] NCCL INFO Connected to proxy localRank 1 -> connection 0x7fbbe8005200
MOC-R4PCC04U05:650058:650387 [1] NCCL INFO New proxy send connection 7 from local rank 1, transport 0
MOC-R4PCC04U05:650058:650418 [1] NCCL INFO Connected to proxy localRank 1 -> connection 0x7fbbe8005278
MOC-R4PCC04U05:650059:650390 [2] NCCL INFO New proxy recv connection 0 from local rank 2, transport 2
MOC-R4PCC04U05:650059:650390 [2] NCCL INFO New proxy send connection 1 from local rank 3, transport 2
MOC-R4PCC04U05:650059:650416 [2] NCCL INFO Connected to proxy localRank 2 -> connection 0x7f5ec4004f30
MOC-R4PCC04U05:650059:650416 [2] NCCL INFO Channel 00/0 : 15[3] -> 2[2] [receive] via NET/IB/1/GDRDMA
MOC-R4PCC04U05:650060:650417 [3] NCCL INFO Connected to proxy localRank 2 -> connection 0x7f5ec4004fa8
MOC-R4PCC04U05:650059:650416 [2] NCCL INFO GPU Direct RDMA Enabled for GPU 2 / HCA 1 (distance 5 <= 5), read 0 mode Default
MOC-R4PCC04U05:650059:650390 [2] NCCL INFO New proxy recv connection 2 from local rank 2, transport 2
MOC-R4PCC04U05:650059:650416 [2] NCCL INFO Connected to proxy localRank 2 -> connection 0x7f5ec4005020
MOC-R4PCC04U05:650060:650417 [3] NCCL INFO Channel 00/0 : 3[3] -> 6[2] [send] via NET/IB/1(2)/GDRDMA
MOC-R4PCC04U05:650060:650417 [3] NCCL INFO GPU Direct RDMA Enabled for GPU 3 / HCA 1 (distance 5 <= 5), read 1 mode Default
MOC-R4PCC04U05:650059:650416 [2] NCCL INFO Channel 01/0 : 15[3] -> 2[2] [receive] via NET/IB/1/GDRDMA
MOC-R4PCC04U05:650059:650416 [2] NCCL INFO GPU Direct RDMA Enabled for GPU 2 / HCA 1 (distance 5 <= 5), read 0 mode Default
MOC-R4PCC04U05:650059:650390 [2] NCCL INFO New proxy send connection 3 from local rank 3, transport 2
MOC-R4PCC04U05:650060:650417 [3] NCCL INFO Connected to proxy localRank 2 -> connection 0x7f5ec4005098
MOC-R4PCC04U05:650059:650390 [2] NCCL INFO New proxy recv connection 4 from local rank 2, transport 2
MOC-R4PCC04U05:650059:650416 [2] NCCL INFO Connected to proxy localRank 2 -> connection 0x7f5ec4005110
MOC-R4PCC04U05:650060:650417 [3] NCCL INFO Channel 01/0 : 3[3] -> 6[2] [send] via NET/IB/1(2)/GDRDMA
MOC-R4PCC04U05:650060:650417 [3] NCCL INFO GPU Direct RDMA Enabled for GPU 3 / HCA 1 (distance 5 <= 5), read 1 mode Default
MOC-R4PCC04U05:650059:650416 [2] NCCL INFO Channel 02/0 : 15[3] -> 2[2] [receive] via NET/IB/1/GDRDMA
MOC-R4PCC04U05:650059:650416 [2] NCCL INFO GPU Direct RDMA Enabled for GPU 2 / HCA 1 (distance 5 <= 5), read 0 mode Default
MOC-R4PCC04U05:650059:650390 [2] NCCL INFO New proxy send connection 5 from local rank 3, transport 2
MOC-R4PCC04U05:650060:650417 [3] NCCL INFO Connected to proxy localRank 2 -> connection 0x7f5ec4005188
MOC-R4PCC04U05:650059:650390 [2] NCCL INFO New proxy recv connection 6 from local rank 2, transport 2
MOC-R4PCC04U05:650059:650416 [2] NCCL INFO Connected to proxy localRank 2 -> connection 0x7f5ec4005200
MOC-R4PCC04U05:650060:650417 [3] NCCL INFO Channel 02/0 : 3[3] -> 6[2] [send] via NET/IB/1(2)/GDRDMA
MOC-R4PCC04U05:650060:650417 [3] NCCL INFO GPU Direct RDMA Enabled for GPU 3 / HCA 1 (distance 5 <= 5), read 1 mode Default
MOC-R4PCC04U05:650059:650416 [2] NCCL INFO Channel 03/0 : 15[3] -> 2[2] [receive] via NET/IB/1/GDRDMA
MOC-R4PCC04U05:650059:650390 [2] NCCL INFO New proxy send connection 7 from local rank 3, transport 2
MOC-R4PCC04U05:650060:650417 [3] NCCL INFO Connected to proxy localRank 2 -> connection 0x7f5ec4005278
MOC-R4PCC04U05:650060:650417 [3] NCCL INFO Channel 03/0 : 3[3] -> 6[2] [send] via NET/IB/1(2)/GDRDMA
MOC-R4PCC04U05:650057:650386 [0] NCCL INFO New proxy recv connection 4 from local rank 0, transport 0
MOC-R4PCC04U05:650057:650419 [0] NCCL INFO Connected to proxy localRank 0 -> connection 0x7fc600005110
MOC-R4PCC04U05:650057:650386 [0] NCCL INFO New proxy recv connection 5 from local rank 0, transport 0
MOC-R4PCC04U05:650057:650419 [0] NCCL INFO Connected to proxy localRank 0 -> connection 0x7fc600005188
MOC-R4PCC04U05:650057:650386 [0] NCCL INFO New proxy recv connection 6 from local rank 0, transport 0
MOC-R4PCC04U05:650057:650419 [0] NCCL INFO Connected to proxy localRank 0 -> connection 0x7fc600005200
MOC-R4PCC04U05:650057:650386 [0] NCCL INFO New proxy recv connection 7 from local rank 0, transport 0
MOC-R4PCC04U05:650057:650419 [0] NCCL INFO Connected to proxy localRank 0 -> connection 0x7fc600005278
MOC-R4PCC04U05:650060:650384 [3] NCCL INFO New proxy send connection 4 from local rank 0, transport 0
MOC-R4PCC04U05:650057:650419 [0] NCCL INFO Connected to proxy localRank 3 -> connection 0x7fc2e0005110
MOC-R4PCC04U05:650057:650386 [0] NCCL INFO New proxy send connection 8 from local rank 3, transport 0
MOC-R4PCC04U05:650060:650417 [3] NCCL INFO Connected to proxy localRank 0 -> connection 0x7fc6000052f0
MOC-R4PCC04U05:650059:650390 [2] NCCL INFO NET/IB: NCCL Dev 1 IbDev 0 Port 1 qpn 10658 mtu 3 query_ece={supported=1, vendor_id=0x15b3, options=0x30000002, comp_mask=0x0} GID 3 (0/C132A8C0FFFF0000) fifoRkey=0x17b372 fifoLkey=0x17b372
MOC-R4PCC04U05:650059:650390 [2] NCCL INFO NET/IB: IbDev 0 Port 1 qpn 10492 set_ece={supported=1, vendor_id=0x15b3, options=0x0, comp_mask=0x0}
MOC-R4PCC04U05:650058:650387 [1] NCCL INFO New proxy send connection 8 from local rank 0, transport 0
MOC-R4PCC04U05:650057:650419 [0] NCCL INFO Connected to proxy localRank 1 -> connection 0x7fbbe80052f0
MOC-R4PCC04U05:650059:650390 [2] NCCL INFO New proxy send connection 8 from local rank 3, transport 0
MOC-R4PCC04U05:650060:650417 [3] NCCL INFO Connected to proxy localRank 2 -> connection 0x7f5ec40052f0
MOC-R4PCC04U05:650059:650390 [2] NCCL INFO NET/IB: NCCL Dev 1 IbDev 0 Port 1 qpn 10659 mtu 3 query_ece={supported=1, vendor_id=0x15b3, options=0x30000002, comp_mask=0x0} GID 3 (0/C132A8C0FFFF0000) fifoRkey=0x17fdbc fifoLkey=0x17fdbc
MOC-R4PCC04U05:650059:650390 [2] NCCL INFO NET/IB: NCCL Dev 1 IbDev 0 Port 1 qpn 10660 mtu 3 query_ece={supported=1, vendor_id=0x15b3, options=0x30000002, comp_mask=0x0} GID 3 (0/C132A8C0FFFF0000) fifoRkey=0x17f9b8 fifoLkey=0x17f9b8
MOC-R4PCC04U05:650059:650390 [2] NCCL INFO NET/IB: NCCL Dev 1 IbDev 0 Port 1 qpn 10661 mtu 3 query_ece={supported=1, vendor_id=0x15b3, options=0x30000002, comp_mask=0x0} GID 3 (0/C132A8C0FFFF0000) fifoRkey=0x174606 fifoLkey=0x174606
MOC-R4PCC04U05:650059:650390 [2] NCCL INFO NET/IB: IbDev 0 Port 1 qpn 10494 set_ece={supported=1, vendor_id=0x15b3, options=0x0, comp_mask=0x0}
MOC-R4PCC04U05:650059:650390 [2] NCCL INFO NET/IB: IbDev 0 Port 1 qpn 10496 set_ece={supported=1, vendor_id=0x15b3, options=0x0, comp_mask=0x0}
MOC-R4PCC04U05:650059:650390 [2] NCCL INFO NET/IB: IbDev 0 Port 1 qpn 10498 set_ece={supported=1, vendor_id=0x15b3, options=0x0, comp_mask=0x0}
MOC-R4PCC04U05:650059:650390 [2] NCCL INFO New proxy send connection 9 from local rank 2, transport 0
MOC-R4PCC04U05:650059:650416 [2] NCCL INFO Connected to proxy localRank 2 -> connection 0x7f5ec4005368
MOC-R4PCC04U05:650059:650390 [2] NCCL INFO New proxy send connection 10 from local rank 2, transport 0
MOC-R4PCC04U05:650059:650416 [2] NCCL INFO Connected to proxy localRank 2 -> connection 0x7f5ec40053e0
MOC-R4PCC04U05:650059:650390 [2] NCCL INFO New proxy send connection 11 from local rank 2, transport 0
MOC-R4PCC04U05:650059:650416 [2] NCCL INFO Connected to proxy localRank 2 -> connection 0x7f5ec4005458
MOC-R4PCC04U05:650059:650390 [2] NCCL INFO New proxy send connection 12 from local rank 2, transport 0
MOC-R4PCC04U05:650059:650416 [2] NCCL INFO Connected to proxy localRank 2 -> connection 0x7f5ec40054d0
MOC-R4PCC04U05:650058:650387 [1] NCCL INFO New proxy send connection 9 from local rank 2, transport 0
MOC-R4PCC04U05:650059:650416 [2] NCCL INFO Connected to proxy localRank 1 -> connection 0x7fbbe8005368
MOC-R4PCC04U05:650057:650386 [0] NCCL INFO New proxy send connection 9 from local rank 1, transport 0
MOC-R4PCC04U05:650058:650418 [1] NCCL INFO Connected to proxy localRank 0 -> connection 0x7fc600005368
MOC-R4PCC04U05:650059:650390 [2] NCCL INFO New proxy send connection 13 from local rank 1, transport 0
MOC-R4PCC04U05:650058:650418 [1] NCCL INFO Connected to proxy localRank 2 -> connection 0x7f5ec4005548
num decayed parameter tensors: 50, with 124,318,464 parameters
num non-decayed parameter tensors: 98, with 121,344 parameters
using fused AdamW: False
using regular AdamW
MOC-R4PCC04U05:650059:650390 [2] NCCL INFO New proxy send connection 14 from local rank 2, transport 0
MOC-R4PCC04U05:650059:650900 [2] NCCL INFO Connected to proxy localRank 2 -> connection 0x7f5ec40055c0
MOC-R4PCC04U05:650059:650390 [2] NCCL INFO New proxy send connection 15 from local rank 2, transport 0
MOC-R4PCC04U05:650059:650900 [2] NCCL INFO Connected to proxy localRank 2 -> connection 0x7f5ec4005638
MOC-R4PCC04U05:650059:650390 [2] NCCL INFO New proxy send connection 16 from local rank 2, transport 0
MOC-R4PCC04U05:650059:650900 [2] NCCL INFO Connected to proxy localRank 2 -> connection 0x7f5ec40056b0
MOC-R4PCC04U05:650059:650390 [2] NCCL INFO New proxy send connection 17 from local rank 2, transport 0
MOC-R4PCC04U05:650059:650900 [2] NCCL INFO Connected to proxy localRank 2 -> connection 0x7f5ec4005728
MOC-R4PCC04U05:650060:650384 [3] NCCL INFO New proxy recv connection 5 from local rank 3, transport 0
MOC-R4PCC04U05:650060:650901 [3] NCCL INFO Connected to proxy localRank 3 -> connection 0x7fc2e0005188
MOC-R4PCC04U05:650060:650384 [3] NCCL INFO New proxy recv connection 6 from local rank 3, transport 0
MOC-R4PCC04U05:650060:650901 [3] NCCL INFO Connected to proxy localRank 3 -> connection 0x7fc2e0005200
MOC-R4PCC04U05:650060:650384 [3] NCCL INFO New proxy recv connection 7 from local rank 3, transport 0
MOC-R4PCC04U05:650060:650901 [3] NCCL INFO Connected to proxy localRank 3 -> connection 0x7fc2e0005278
MOC-R4PCC04U05:650060:650384 [3] NCCL INFO New proxy recv connection 8 from local rank 3, transport 0
MOC-R4PCC04U05:650060:650901 [3] NCCL INFO Connected to proxy localRank 3 -> connection 0x7fc2e00052f0
MOC-R4PCC04U05:650060:650384 [3] NCCL INFO New proxy send connection 9 from local rank 3, transport 0
MOC-R4PCC04U05:650059:650900 [2] NCCL INFO GPU Direct RDMA Enabled for GPU 2 / HCA 1 (distance 5 <= 5), read 1 mode Default
MOC-R4PCC04U05:650060:650901 [3] NCCL INFO Connected to proxy localRank 3 -> connection 0x7fc2e0005368
MOC-R4PCC04U05:650059:650390 [2] NCCL INFO New proxy send connection 18 from local rank 2, transport 2
MOC-R4PCC04U05:650059:650900 [2] NCCL INFO Connected to proxy localRank 2 -> connection 0x7f5ec40057a0
MOC-R4PCC04U05:650059:650900 [2] NCCL INFO Channel 02/0 : 2[2] -> 6[2] [send] via NET/IB/1/GDRDMA
MOC-R4PCC04U05:650059:650900 [2] NCCL INFO GPU Direct RDMA Enabled for GPU 2 / HCA 1 (distance 5 <= 5), read 1 mode Default
MOC-R4PCC04U05:650060:650384 [3] NCCL INFO New proxy send connection 10 from local rank 3, transport 0
MOC-R4PCC04U05:650059:650390 [2] NCCL INFO New proxy send connection 19 from local rank 2, transport 2
MOC-R4PCC04U05:650060:650901 [3] NCCL INFO Connected to proxy localRank 3 -> connection 0x7fc2e00053e0
MOC-R4PCC04U05:650059:650900 [2] NCCL INFO Connected to proxy localRank 2 -> connection 0x7f5ec4005818
MOC-R4PCC04U05:650059:650900 [2] NCCL INFO Channel 03/0 : 2[2] -> 6[2] [send] via NET/IB/1/GDRDMA
MOC-R4PCC04U05:650060:650384 [3] NCCL INFO New proxy send connection 11 from local rank 3, transport 0
MOC-R4PCC04U05:650060:650901 [3] NCCL INFO Connected to proxy localRank 3 -> connection 0x7fc2e0005458
MOC-R4PCC04U05:650059:650900 [2] NCCL INFO GPU Direct RDMA Enabled for GPU 2 / HCA 1 (distance 5 <= 5), read 0 mode Default
MOC-R4PCC04U05:650060:650384 [3] NCCL INFO New proxy send connection 12 from local rank 3, transport 0
MOC-R4PCC04U05:650059:650390 [2] NCCL INFO New proxy recv connection 20 from local rank 2, transport 2
MOC-R4PCC04U05:650060:650901 [3] NCCL INFO Connected to proxy localRank 3 -> connection 0x7fc2e00054d0
MOC-R4PCC04U05:650059:650900 [2] NCCL INFO Connected to proxy localRank 2 -> connection 0x7f5ec4005890
MOC-R4PCC04U05:650059:650900 [2] NCCL INFO Channel 00/0 : 10[2] -> 2[2] [receive] via NET/IB/1/GDRDMA
MOC-R4PCC04U05:650059:650900 [2] NCCL INFO GPU Direct RDMA Enabled for GPU 2 / HCA 1 (distance 5 <= 5), read 0 mode Default
MOC-R4PCC04U05:650059:650390 [2] NCCL INFO New proxy recv connection 21 from local rank 2, transport 2
MOC-R4PCC04U05:650059:650900 [2] NCCL INFO Connected to proxy localRank 2 -> connection 0x7f5ec4005908
MOC-R4PCC04U05:650059:650900 [2] NCCL INFO Channel 01/0 : 10[2] -> 2[2] [receive] via NET/IB/1/GDRDMA
MOC-R4PCC04U05:650059:650900 [2] NCCL INFO GPU Direct RDMA Enabled for GPU 2 / HCA 1 (distance 5 <= 5), read 1 mode Default
MOC-R4PCC04U05:650059:650390 [2] NCCL INFO New proxy send connection 22 from local rank 2, transport 2
MOC-R4PCC04U05:650059:650900 [2] NCCL INFO Connected to proxy localRank 2 -> connection 0x7f5ec4005980
MOC-R4PCC04U05:650059:650900 [2] NCCL INFO Channel 00/0 : 2[2] -> 10[2] [send] via NET/IB/1/GDRDMA
MOC-R4PCC04U05:650059:650900 [2] NCCL INFO GPU Direct RDMA Enabled for GPU 2 / HCA 1 (distance 5 <= 5), read 1 mode Default
MOC-R4PCC04U05:650059:650390 [2] NCCL INFO New proxy send connection 23 from local rank 2, transport 2
MOC-R4PCC04U05:650059:650900 [2] NCCL INFO Connected to proxy localRank 2 -> connection 0x7f5ec40059f8
MOC-R4PCC04U05:650059:650900 [2] NCCL INFO Channel 01/0 : 2[2] -> 10[2] [send] via NET/IB/1/GDRDMA
MOC-R4PCC04U05:650059:650900 [2] NCCL INFO GPU Direct RDMA Enabled for GPU 2 / HCA 1 (distance 5 <= 5), read 0 mode Default
MOC-R4PCC04U05:650059:650390 [2] NCCL INFO New proxy recv connection 24 from local rank 2, transport 2
MOC-R4PCC04U05:650059:650900 [2] NCCL INFO Connected to proxy localRank 2 -> connection 0x7f5ec4005a70
MOC-R4PCC04U05:650059:650900 [2] NCCL INFO Channel 02/0 : 6[2] -> 2[2] [receive] via NET/IB/1/GDRDMA
MOC-R4PCC04U05:650059:650900 [2] NCCL INFO GPU Direct RDMA Enabled for GPU 2 / HCA 1 (distance 5 <= 5), read 0 mode Default
MOC-R4PCC04U05:650059:650390 [2] NCCL INFO New proxy recv connection 25 from local rank 2, transport 2
MOC-R4PCC04U05:650059:650900 [2] NCCL INFO Connected to proxy localRank 2 -> connection 0x7f5ec4005ae8
MOC-R4PCC04U05:650059:650900 [2] NCCL INFO Channel 03/0 : 6[2] -> 2[2] [receive] via NET/IB/1/GDRDMA
MOC-R4PCC04U05:650059:650390 [2] NCCL INFO New proxy recv connection 26 from local rank 2, transport 0
MOC-R4PCC04U05:650059:650900 [2] NCCL INFO Connected to proxy localRank 2 -> connection 0x7f5ec4005b60
MOC-R4PCC04U05:650059:650390 [2] NCCL INFO New proxy recv connection 27 from local rank 2, transport 0
MOC-R4PCC04U05:650059:650900 [2] NCCL INFO Connected to proxy localRank 2 -> connection 0x7f5ec4005bd8
MOC-R4PCC04U05:650058:650387 [1] NCCL INFO New proxy recv connection 10 from local rank 1, transport 0
MOC-R4PCC04U05:650058:650902 [1] NCCL INFO Connected to proxy localRank 1 -> connection 0x7fbbe80053e0
MOC-R4PCC04U05:650059:650390 [2] NCCL INFO New proxy recv connection 28 from local rank 2, transport 0
MOC-R4PCC04U05:650059:650900 [2] NCCL INFO Connected to proxy localRank 2 -> connection 0x7f5ec4005c50
MOC-R4PCC04U05:650059:650390 [2] NCCL INFO New proxy recv connection 29 from local rank 2, transport 0
MOC-R4PCC04U05:650059:650900 [2] NCCL INFO Connected to proxy localRank 2 -> connection 0x7f5ec4005cc8
MOC-R4PCC04U05:650058:650387 [1] NCCL INFO New proxy recv connection 11 from local rank 1, transport 0
MOC-R4PCC04U05:650058:650902 [1] NCCL INFO Connected to proxy localRank 1 -> connection 0x7fbbe8005458
MOC-R4PCC04U05:650058:650387 [1] NCCL INFO New proxy recv connection 12 from local rank 1, transport 0
MOC-R4PCC04U05:650058:650902 [1] NCCL INFO Connected to proxy localRank 1 -> connection 0x7fbbe80054d0
MOC-R4PCC04U05:650058:650387 [1] NCCL INFO New proxy recv connection 13 from local rank 1, transport 0
MOC-R4PCC04U05:650058:650902 [1] NCCL INFO Connected to proxy localRank 1 -> connection 0x7fbbe8005548
MOC-R4PCC04U05:650057:650386 [0] NCCL INFO New proxy send connection 10 from local rank 0, transport 0
MOC-R4PCC04U05:650057:650903 [0] NCCL INFO Connected to proxy localRank 0 -> connection 0x7fc6000053e0
MOC-R4PCC04U05:650057:650386 [0] NCCL INFO New proxy send connection 11 from local rank 0, transport 0
MOC-R4PCC04U05:650057:650903 [0] NCCL INFO Connected to proxy localRank 0 -> connection 0x7fc600005458
MOC-R4PCC04U05:650057:650386 [0] NCCL INFO New proxy send connection 12 from local rank 0, transport 0
MOC-R4PCC04U05:650057:650903 [0] NCCL INFO Connected to proxy localRank 0 -> connection 0x7fc6000054d0
MOC-R4PCC04U05:650057:650386 [0] NCCL INFO New proxy send connection 13 from local rank 0, transport 0
MOC-R4PCC04U05:650057:650903 [0] NCCL INFO Connected to proxy localRank 0 -> connection 0x7fc600005548
MOC-R4PCC04U05:650057:650386 [0] NCCL INFO New proxy recv connection 14 from local rank 0, transport 0
MOC-R4PCC04U05:650057:650903 [0] NCCL INFO Connected to proxy localRank 0 -> connection 0x7fc6000055c0
MOC-R4PCC04U05:650057:650386 [0] NCCL INFO New proxy recv connection 15 from local rank 0, transport 0
MOC-R4PCC04U05:650057:650903 [0] NCCL INFO Connected to proxy localRank 0 -> connection 0x7fc600005638
MOC-R4PCC04U05:650057:650386 [0] NCCL INFO New proxy recv connection 16 from local rank 0, transport 0
MOC-R4PCC04U05:650057:650903 [0] NCCL INFO Connected to proxy localRank 0 -> connection 0x7fc6000056b0
MOC-R4PCC04U05:650057:650386 [0] NCCL INFO New proxy recv connection 17 from local rank 0, transport 0
MOC-R4PCC04U05:650057:650903 [0] NCCL INFO Connected to proxy localRank 0 -> connection 0x7fc600005728
MOC-R4PCC04U05:650060:650384 [3] NCCL INFO New proxy send connection 13 from local rank 3, transport 0
MOC-R4PCC04U05:650060:650901 [3] NCCL INFO Connected to proxy localRank 3 -> connection 0x7fc2e0005548
MOC-R4PCC04U05:650060:650384 [3] NCCL INFO New proxy send connection 14 from local rank 3, transport 0
MOC-R4PCC04U05:650060:650901 [3] NCCL INFO Connected to proxy localRank 3 -> connection 0x7fc2e00055c0
MOC-R4PCC04U05:650060:650384 [3] NCCL INFO New proxy send connection 15 from local rank 3, transport 0
MOC-R4PCC04U05:650060:650901 [3] NCCL INFO Connected to proxy localRank 3 -> connection 0x7fc2e0005638
MOC-R4PCC04U05:650060:650384 [3] NCCL INFO New proxy send connection 16 from local rank 3, transport 0
MOC-R4PCC04U05:650060:650901 [3] NCCL INFO Connected to proxy localRank 3 -> connection 0x7fc2e00056b0
MOC-R4PCC04U05:650060:650384 [3] NCCL INFO New proxy send connection 17 from local rank 2, transport 0
MOC-R4PCC04U05:650059:650900 [2] NCCL INFO Connected to proxy localRank 3 -> connection 0x7fc2e0005728
MOC-R4PCC04U05:650059:650390 [2] NCCL INFO NET/IB: NCCL Dev 1 IbDev 0 Port 1 qpn 10672 mtu 3 query_ece={supported=1, vendor_id=0x15b3, options=0x30000002, comp_mask=0x0} GID 3 (0/C132A8C0FFFF0000) fifoRkey=0x170bca fifoLkey=0x170bca
MOC-R4PCC04U05:650059:650390 [2] NCCL INFO NET/IB: NCCL Dev 1 IbDev 0 Port 1 qpn 10675 mtu 3 query_ece={supported=1, vendor_id=0x15b3, options=0x30000002, comp_mask=0x0} GID 3 (0/C132A8C0FFFF0000) fifoRkey=0x17601f fifoLkey=0x17601f
MOC-R4PCC04U05:650059:650390 [2] NCCL INFO NET/IB: NCCL Dev 1 IbDev 0 Port 1 qpn 10678 mtu 3 query_ece={supported=1, vendor_id=0x15b3, options=0x30000002, comp_mask=0x0} GID 3 (0/C132A8C0FFFF0000) fifoRkey=0x17904f fifoLkey=0x17904f
MOC-R4PCC04U05:650059:650390 [2] NCCL INFO NET/IB: NCCL Dev 1 IbDev 0 Port 1 qpn 10679 mtu 3 query_ece={supported=1, vendor_id=0x15b3, options=0x30000002, comp_mask=0x0} GID 3 (0/C132A8C0FFFF0000) fifoRkey=0x1722e1 fifoLkey=0x1722e1
MOC-R4PCC04U05:650059:650390 [2] NCCL INFO NET/IB: IbDev 0 Port 1 qpn 7965 set_ece={supported=1, vendor_id=0x15b3, options=0x0, comp_mask=0x0}
MOC-R4PCC04U05:650059:650390 [2] NCCL INFO NET/IB: IbDev 0 Port 1 qpn 7967 set_ece={supported=1, vendor_id=0x15b3, options=0x0, comp_mask=0x0}
MOC-R4PCC04U05:650059:650390 [2] NCCL INFO NET/IB: IbDev 0 Port 1 qpn 10522 set_ece={supported=1, vendor_id=0x15b3, options=0x0, comp_mask=0x0}
MOC-R4PCC04U05:650059:650390 [2] NCCL INFO NET/IB: IbDev 0 Port 1 qpn 10524 set_ece={supported=1, vendor_id=0x15b3, options=0x0, comp_mask=0x0}
step    1/10 | train loss 11.010067 | norm 15.3476 | lr 1.00e-04 | (15376.20 ms | 340974 tok/s)
step    2/10 | train loss 10.140055 | norm 5.7421 | lr 1.00e-04 | (882.37 ms | 5941811 tok/s)
step    3/10 | train loss 9.801185 | norm 2.5966 | lr 1.00e-04 | (826.94 ms | 6340113 tok/s)
step    4/10 | train loss 9.632750 | norm 2.1052 | lr 1.00e-04 | (822.68 ms | 6372953 tok/s)
step    5/10 | train loss 9.550307 | norm 2.0977 | lr 1.00e-04 | (820.17 ms | 6392404 tok/s)
step    6/10 | train loss 9.470088 | norm 1.9901 | lr 1.00e-04 | (819.01 ms | 6401485 tok/s)
step    7/10 | train loss 9.385624 | norm 1.9404 | lr 1.00e-04 | (842.27 ms | 6224703 tok/s)
step    8/10 | train loss 9.295286 | norm 1.9082 | lr 1.00e-04 | (862.97 ms | 6075368 tok/s)
step    9/10 | train loss 9.200839 | norm 1.8588 | lr 1.00e-04 | (822.28 ms | 6376010 tok/s)
step   10/10 | train loss 9.114124 | norm 1.7863 | lr 1.00e-04 | (825.21 ms | 6353370 tok/s)
final 9 iters avg: 835.990ms
peak memory consumption: 16601 MiB
