Running pytorch 2.7.0+cu126
using device: cuda:0
total desired batch size: 524288
=> calculated gradient accumulation steps: 2
using device: cuda:3
using device: cuda:2
using device: cuda:1
compiling the model...
DataLoader: total number of tokens: 1,661,249,667 across 103 files
MOC-R4PCC04U05:363597:363597 [0] NCCL INFO NCCL_SOCKET_IFNAME set to eno7np0
MOC-R4PCC04U05:363597:363597 [0] NCCL INFO NCCL version 2.26.2+cuda12.2
MOC-R4PCC04U05:363597:363638 [0] NCCL INFO NET/Plugin: Could not find: libnccl-net.so. Using internal net plugin.
MOC-R4PCC04U05:363597:363638 [0] NCCL INFO NCCL_IB_HCA set to mlx5_5
MOC-R4PCC04U05:363597:363638 [0] NCCL INFO NET/IB : Made virtual device [0] name=mlx5_5 speed=400000 ndevs=1
MOC-R4PCC04U05:363597:363638 [0] NCCL INFO NET/IB : Using [0]mlx5_5:1/RoCE [RO]; OOB eno7np0:192.168.50.193<0>
MOC-R4PCC04U05:363599:363599 [2] NCCL INFO NCCL_SOCKET_IFNAME set to eno7np0
MOC-R4PCC04U05:363600:363600 [3] NCCL INFO NCCL_SOCKET_IFNAME set to eno7np0
MOC-R4PCC04U05:363599:363599 [2] NCCL INFO NCCL version 2.26.2+cuda12.2
MOC-R4PCC04U05:363600:363600 [3] NCCL INFO NCCL version 2.26.2+cuda12.2
MOC-R4PCC04U05:363598:363598 [1] NCCL INFO NCCL_SOCKET_IFNAME set to eno7np0
MOC-R4PCC04U05:363598:363598 [1] NCCL INFO NCCL version 2.26.2+cuda12.2
MOC-R4PCC04U05:363599:363640 [2] NCCL INFO NET/Plugin: Could not find: libnccl-net.so. Using internal net plugin.
MOC-R4PCC04U05:363599:363640 [2] NCCL INFO NCCL_IB_HCA set to mlx5_5
MOC-R4PCC04U05:363598:363642 [1] NCCL INFO NET/Plugin: Could not find: libnccl-net.so. Using internal net plugin.
MOC-R4PCC04U05:363600:363641 [3] NCCL INFO NET/Plugin: Could not find: libnccl-net.so. Using internal net plugin.
MOC-R4PCC04U05:363598:363642 [1] NCCL INFO NCCL_IB_HCA set to mlx5_5
MOC-R4PCC04U05:363600:363641 [3] NCCL INFO NCCL_IB_HCA set to mlx5_5
MOC-R4PCC04U05:363599:363640 [2] NCCL INFO NET/IB : Made virtual device [0] name=mlx5_5 speed=400000 ndevs=1
MOC-R4PCC04U05:363599:363640 [2] NCCL INFO NET/IB : Using [0]mlx5_5:1/RoCE [RO]; OOB eno7np0:192.168.50.193<0>
MOC-R4PCC04U05:363600:363641 [3] NCCL INFO NET/IB : Made virtual device [0] name=mlx5_5 speed=400000 ndevs=1
MOC-R4PCC04U05:363598:363642 [1] NCCL INFO NET/IB : Made virtual device [0] name=mlx5_5 speed=400000 ndevs=1
MOC-R4PCC04U05:363600:363641 [3] NCCL INFO NET/IB : Using [0]mlx5_5:1/RoCE [RO]; OOB eno7np0:192.168.50.193<0>
MOC-R4PCC04U05:363598:363642 [1] NCCL INFO NET/IB : Using [0]mlx5_5:1/RoCE [RO]; OOB eno7np0:192.168.50.193<0>
MOC-R4PCC04U05:363599:363640 [2] NCCL INFO NET/IB : GPU Direct RDMA Enabled for HCA 0 'mlx5_5'
MOC-R4PCC04U05:363599:363640 [2] NCCL INFO NET/IB : Made virtual device [1] name=mlx5_5 speed=400000 ndevs=1
MOC-R4PCC04U05:363599:363640 [2] NCCL INFO NET/IB : GPU Direct RDMA Enabled for HCA 0 'mlx5_5'
MOC-R4PCC04U05:363599:363640 [2] NCCL INFO NET/IB : GPU Direct RDMA Enabled for HCA 1 'mlx5_5'
MOC-R4PCC04U05:363598:363642 [1] NCCL INFO NET/IB : GPU Direct RDMA Enabled for HCA 0 'mlx5_5'
MOC-R4PCC04U05:363598:363642 [1] NCCL INFO NET/IB : Made virtual device [1] name=mlx5_5 speed=400000 ndevs=1
MOC-R4PCC04U05:363598:363642 [1] NCCL INFO NET/IB : GPU Direct RDMA Enabled for HCA 0 'mlx5_5'
MOC-R4PCC04U05:363598:363642 [1] NCCL INFO NET/IB : GPU Direct RDMA Enabled for HCA 1 'mlx5_5'
MOC-R4PCC04U05:363597:363638 [0] NCCL INFO NET/IB : GPU Direct RDMA Enabled for HCA 0 'mlx5_5'
MOC-R4PCC04U05:363597:363638 [0] NCCL INFO NET/IB : Made virtual device [1] name=mlx5_5 speed=400000 ndevs=1
MOC-R4PCC04U05:363597:363638 [0] NCCL INFO NET/IB : GPU Direct RDMA Enabled for HCA 0 'mlx5_5'
MOC-R4PCC04U05:363597:363638 [0] NCCL INFO NET/IB : GPU Direct RDMA Enabled for HCA 1 'mlx5_5'
MOC-R4PCC04U05:363600:363641 [3] NCCL INFO NET/IB : GPU Direct RDMA Enabled for HCA 0 'mlx5_5'
MOC-R4PCC04U05:363600:363641 [3] NCCL INFO NET/IB : Made virtual device [1] name=mlx5_5 speed=400000 ndevs=1
MOC-R4PCC04U05:363600:363641 [3] NCCL INFO NET/IB : GPU Direct RDMA Enabled for HCA 0 'mlx5_5'
MOC-R4PCC04U05:363600:363641 [3] NCCL INFO NET/IB : GPU Direct RDMA Enabled for HCA 1 'mlx5_5'
MOC-R4PCC04U05:363598:363642 [1] NCCL INFO NCCL_NET_GDR_LEVEL set by environment to LOC
MOC-R4PCC04U05:363598:363642 [1] NCCL INFO GPU Direct RDMA Disabled for GPU 0 / HCA 1 (distance 5 > 0)
MOC-R4PCC04U05:363598:363642 [1] NCCL INFO GPU Direct RDMA Disabled for GPU 1 / HCA 1 (distance 5 > 0)
MOC-R4PCC04U05:363598:363642 [1] NCCL INFO GPU Direct RDMA Disabled for GPU 2 / HCA 1 (distance 5 > 0)
MOC-R4PCC04U05:363598:363642 [1] NCCL INFO GPU Direct RDMA Disabled for GPU 0 / HCA 1 (distance 5 > 0)
MOC-R4PCC04U05:363598:363642 [1] NCCL INFO GPU Direct RDMA Disabled for GPU 1 / HCA 1 (distance 5 > 0)
MOC-R4PCC04U05:363598:363642 [1] NCCL INFO GPU Direct RDMA Disabled for GPU 2 / HCA 1 (distance 5 > 0)
MOC-R4PCC04U05:363597:363638 [0] NCCL INFO NCCL_NET_GDR_LEVEL set by environment to LOC
MOC-R4PCC04U05:363597:363638 [0] NCCL INFO GPU Direct RDMA Disabled for GPU 0 / HCA 1 (distance 5 > 0)
MOC-R4PCC04U05:363597:363638 [0] NCCL INFO GPU Direct RDMA Disabled for GPU 1 / HCA 1 (distance 5 > 0)
MOC-R4PCC04U05:363597:363638 [0] NCCL INFO GPU Direct RDMA Disabled for GPU 2 / HCA 1 (distance 5 > 0)
MOC-R4PCC04U05:363597:363638 [0] NCCL INFO GPU Direct RDMA Disabled for GPU 0 / HCA 1 (distance 5 > 0)
MOC-R4PCC04U05:363597:363638 [0] NCCL INFO GPU Direct RDMA Disabled for GPU 1 / HCA 1 (distance 5 > 0)
MOC-R4PCC04U05:363597:363638 [0] NCCL INFO GPU Direct RDMA Disabled for GPU 2 / HCA 1 (distance 5 > 0)
MOC-R4PCC04U05:363599:363640 [2] NCCL INFO NCCL_NET_GDR_LEVEL set by environment to LOC
MOC-R4PCC04U05:363599:363640 [2] NCCL INFO GPU Direct RDMA Disabled for GPU 0 / HCA 1 (distance 5 > 0)
MOC-R4PCC04U05:363599:363640 [2] NCCL INFO GPU Direct RDMA Disabled for GPU 1 / HCA 1 (distance 5 > 0)
MOC-R4PCC04U05:363599:363640 [2] NCCL INFO GPU Direct RDMA Disabled for GPU 2 / HCA 1 (distance 5 > 0)
MOC-R4PCC04U05:363599:363640 [2] NCCL INFO GPU Direct RDMA Disabled for GPU 0 / HCA 1 (distance 5 > 0)
MOC-R4PCC04U05:363599:363640 [2] NCCL INFO GPU Direct RDMA Disabled for GPU 1 / HCA 1 (distance 5 > 0)
MOC-R4PCC04U05:363599:363640 [2] NCCL INFO GPU Direct RDMA Disabled for GPU 2 / HCA 1 (distance 5 > 0)
MOC-R4PCC04U05:363600:363641 [3] NCCL INFO NCCL_NET_GDR_LEVEL set by environment to LOC
MOC-R4PCC04U05:363600:363641 [3] NCCL INFO GPU Direct RDMA Disabled for GPU 0 / HCA 1 (distance 5 > 0)
MOC-R4PCC04U05:363600:363641 [3] NCCL INFO GPU Direct RDMA Disabled for GPU 1 / HCA 1 (distance 5 > 0)
MOC-R4PCC04U05:363600:363641 [3] NCCL INFO GPU Direct RDMA Disabled for GPU 2 / HCA 1 (distance 5 > 0)
MOC-R4PCC04U05:363600:363641 [3] NCCL INFO GPU Direct RDMA Disabled for GPU 0 / HCA 1 (distance 5 > 0)
MOC-R4PCC04U05:363600:363641 [3] NCCL INFO GPU Direct RDMA Disabled for GPU 1 / HCA 1 (distance 5 > 0)
MOC-R4PCC04U05:363600:363641 [3] NCCL INFO GPU Direct RDMA Disabled for GPU 2 / HCA 1 (distance 5 > 0)
MOC-R4PCC04U05:363599:363654 [2] NCCL INFO New proxy recv connection 0 from local rank 2, transport 0
MOC-R4PCC04U05:363599:363662 [2] NCCL INFO Connected to proxy localRank 2 -> connection 0x7f6994004f30
MOC-R4PCC04U05:363597:363658 [0] NCCL INFO New proxy send connection 0 from local rank 0, transport 0
MOC-R4PCC04U05:363597:363663 [0] NCCL INFO Connected to proxy localRank 0 -> connection 0x7f777c004f30
MOC-R4PCC04U05:363597:363658 [0] NCCL INFO New proxy send connection 1 from local rank 0, transport 0
MOC-R4PCC04U05:363597:363663 [0] NCCL INFO Connected to proxy localRank 0 -> connection 0x7f777c004fa8
MOC-R4PCC04U05:363599:363654 [2] NCCL INFO New proxy recv connection 1 from local rank 2, transport 0
MOC-R4PCC04U05:363599:363662 [2] NCCL INFO Connected to proxy localRank 2 -> connection 0x7f6994004fa8
MOC-R4PCC04U05:363600:363659 [3] NCCL INFO New proxy recv connection 0 from local rank 3, transport 0
MOC-R4PCC04U05:363600:363664 [3] NCCL INFO Connected to proxy localRank 3 -> connection 0x7fde2c004f30
MOC-R4PCC04U05:363599:363662 [2] NCCL INFO GPU Direct RDMA Disabled for GPU 2 / HCA 1 (distance 7 > 0)
MOC-R4PCC04U05:363597:363658 [0] NCCL INFO New proxy send connection 2 from local rank 0, transport 0
MOC-R4PCC04U05:363597:363663 [0] NCCL INFO Connected to proxy localRank 0 -> connection 0x7f777c005020
MOC-R4PCC04U05:363600:363659 [3] NCCL INFO New proxy recv connection 1 from local rank 3, transport 0
MOC-R4PCC04U05:363600:363664 [3] NCCL INFO Connected to proxy localRank 3 -> connection 0x7fde2c004fa8
MOC-R4PCC04U05:363597:363658 [0] NCCL INFO New proxy send connection 3 from local rank 0, transport 0
MOC-R4PCC04U05:363597:363663 [0] NCCL INFO Connected to proxy localRank 0 -> connection 0x7f777c005098
MOC-R4PCC04U05:363600:363664 [3] NCCL INFO GPU Direct RDMA Disabled for GPU 3 / HCA 1 (distance 7 > 0)
MOC-R4PCC04U05:363598:363655 [1] NCCL INFO New proxy recv connection 0 from local rank 1, transport 0
MOC-R4PCC04U05:363598:363665 [1] NCCL INFO Connected to proxy localRank 1 -> connection 0x7f4144004f30
MOC-R4PCC04U05:363598:363655 [1] NCCL INFO New proxy recv connection 1 from local rank 1, transport 0
MOC-R4PCC04U05:363598:363665 [1] NCCL INFO Connected to proxy localRank 1 -> connection 0x7f4144004fa8
MOC-R4PCC04U05:363599:363654 [2] NCCL INFO New proxy recv connection 2 from local rank 2, transport 2
MOC-R4PCC04U05:363599:363662 [2] NCCL INFO Connected to proxy localRank 2 -> connection 0x7f6994005020
MOC-R4PCC04U05:363599:363662 [2] NCCL INFO Channel 00/0 : 7[3] -> 2[2] [receive] via NET/IB/1
MOC-R4PCC04U05:363599:363662 [2] NCCL INFO GPU Direct RDMA Disabled for GPU 2 / HCA 1 (distance 7 > 0)
MOC-R4PCC04U05:363599:363654 [2] NCCL INFO New proxy recv connection 3 from local rank 2, transport 2
MOC-R4PCC04U05:363599:363662 [2] NCCL INFO Connected to proxy localRank 2 -> connection 0x7f6994005098
MOC-R4PCC04U05:363599:363662 [2] NCCL INFO Channel 02/0 : 7[3] -> 2[2] [receive] via NET/IB/1
MOC-R4PCC04U05:363599:363662 [2] NCCL INFO GPU Direct RDMA Disabled for GPU 2 / HCA 1 (distance 7 > 0)
MOC-R4PCC04U05:363599:363654 [2] NCCL INFO New proxy send connection 4 from local rank 2, transport 2
MOC-R4PCC04U05:363599:363662 [2] NCCL INFO Connected to proxy localRank 2 -> connection 0x7f6994005110
MOC-R4PCC04U05:363599:363662 [2] NCCL INFO Channel 01/0 : 2[2] -> 7[3] [send] via NET/IB/1
MOC-R4PCC04U05:363599:363662 [2] NCCL INFO GPU Direct RDMA Disabled for GPU 2 / HCA 1 (distance 7 > 0)
MOC-R4PCC04U05:363599:363654 [2] NCCL INFO New proxy send connection 5 from local rank 2, transport 2
MOC-R4PCC04U05:363599:363662 [2] NCCL INFO Connected to proxy localRank 2 -> connection 0x7f6994005188
MOC-R4PCC04U05:363599:363662 [2] NCCL INFO Channel 03/0 : 2[2] -> 7[3] [send] via NET/IB/1
MOC-R4PCC04U05:363599:363654 [2] NCCL INFO New proxy send connection 6 from local rank 2, transport 0
MOC-R4PCC04U05:363599:363662 [2] NCCL INFO Connected to proxy localRank 2 -> connection 0x7f6994005200
MOC-R4PCC04U05:363600:363659 [3] NCCL INFO New proxy send connection 2 from local rank 3, transport 2
MOC-R4PCC04U05:363600:363664 [3] NCCL INFO Connected to proxy localRank 3 -> connection 0x7fde2c005020
MOC-R4PCC04U05:363600:363664 [3] NCCL INFO Channel 00/0 : 3[3] -> 6[2] [send] via NET/IB/1
MOC-R4PCC04U05:363600:363664 [3] NCCL INFO GPU Direct RDMA Disabled for GPU 3 / HCA 1 (distance 7 > 0)
MOC-R4PCC04U05:363600:363659 [3] NCCL INFO New proxy send connection 3 from local rank 3, transport 2
MOC-R4PCC04U05:363600:363664 [3] NCCL INFO Connected to proxy localRank 3 -> connection 0x7fde2c005098
MOC-R4PCC04U05:363600:363664 [3] NCCL INFO Channel 02/0 : 3[3] -> 6[2] [send] via NET/IB/1
MOC-R4PCC04U05:363597:363658 [0] NCCL INFO New proxy recv connection 4 from local rank 0, transport 0
MOC-R4PCC04U05:363597:363663 [0] NCCL INFO Connected to proxy localRank 0 -> connection 0x7f777c005110
MOC-R4PCC04U05:363600:363664 [3] NCCL INFO GPU Direct RDMA Disabled for GPU 3 / HCA 1 (distance 7 > 0)
MOC-R4PCC04U05:363600:363659 [3] NCCL INFO New proxy recv connection 4 from local rank 3, transport 2
MOC-R4PCC04U05:363600:363664 [3] NCCL INFO Connected to proxy localRank 3 -> connection 0x7fde2c005110
MOC-R4PCC04U05:363600:363664 [3] NCCL INFO Channel 01/0 : 6[2] -> 3[3] [receive] via NET/IB/1
MOC-R4PCC04U05:363600:363664 [3] NCCL INFO GPU Direct RDMA Disabled for GPU 3 / HCA 1 (distance 7 > 0)
MOC-R4PCC04U05:363600:363659 [3] NCCL INFO New proxy recv connection 5 from local rank 3, transport 2
MOC-R4PCC04U05:363600:363664 [3] NCCL INFO Connected to proxy localRank 3 -> connection 0x7fde2c005188
MOC-R4PCC04U05:363600:363664 [3] NCCL INFO Channel 03/0 : 6[2] -> 3[3] [receive] via NET/IB/1
MOC-R4PCC04U05:363600:363659 [3] NCCL INFO New proxy send connection 6 from local rank 3, transport 0
MOC-R4PCC04U05:363600:363664 [3] NCCL INFO Connected to proxy localRank 3 -> connection 0x7fde2c005200
MOC-R4PCC04U05:363599:363654 [2] NCCL INFO New proxy send connection 7 from local rank 2, transport 0
MOC-R4PCC04U05:363599:363662 [2] NCCL INFO Connected to proxy localRank 2 -> connection 0x7f6994005278
MOC-R4PCC04U05:363597:363658 [0] NCCL INFO New proxy recv connection 5 from local rank 0, transport 0
MOC-R4PCC04U05:363597:363663 [0] NCCL INFO Connected to proxy localRank 0 -> connection 0x7f777c005188
MOC-R4PCC04U05:363600:363659 [3] NCCL INFO New proxy send connection 7 from local rank 3, transport 0
MOC-R4PCC04U05:363600:363664 [3] NCCL INFO Connected to proxy localRank 3 -> connection 0x7fde2c005278
MOC-R4PCC04U05:363597:363658 [0] NCCL INFO New proxy recv connection 6 from local rank 0, transport 0
MOC-R4PCC04U05:363597:363663 [0] NCCL INFO Connected to proxy localRank 0 -> connection 0x7f777c005200
MOC-R4PCC04U05:363598:363655 [1] NCCL INFO New proxy recv connection 2 from local rank 1, transport 0
MOC-R4PCC04U05:363598:363665 [1] NCCL INFO Connected to proxy localRank 1 -> connection 0x7f4144005020
MOC-R4PCC04U05:363598:363655 [1] NCCL INFO New proxy recv connection 3 from local rank 1, transport 0
MOC-R4PCC04U05:363598:363665 [1] NCCL INFO Connected to proxy localRank 1 -> connection 0x7f4144005098
MOC-R4PCC04U05:363597:363658 [0] NCCL INFO New proxy send connection 7 from local rank 3, transport 0
MOC-R4PCC04U05:363600:363664 [3] NCCL INFO Connected to proxy localRank 0 -> connection 0x7f777c005278
MOC-R4PCC04U05:363597:363658 [0] NCCL INFO New proxy recv connection 8 from local rank 0, transport 0
MOC-R4PCC04U05:363597:363663 [0] NCCL INFO Connected to proxy localRank 0 -> connection 0x7f777c0052f0
MOC-R4PCC04U05:363598:363655 [1] NCCL INFO New proxy send connection 4 from local rank 1, transport 0
MOC-R4PCC04U05:363598:363665 [1] NCCL INFO Connected to proxy localRank 1 -> connection 0x7f4144005110
MOC-R4PCC04U05:363598:363655 [1] NCCL INFO New proxy send connection 5 from local rank 1, transport 0
MOC-R4PCC04U05:363598:363665 [1] NCCL INFO Connected to proxy localRank 1 -> connection 0x7f4144005188
MOC-R4PCC04U05:363598:363655 [1] NCCL INFO New proxy send connection 6 from local rank 1, transport 0
MOC-R4PCC04U05:363598:363665 [1] NCCL INFO Connected to proxy localRank 1 -> connection 0x7f4144005200
MOC-R4PCC04U05:363598:363655 [1] NCCL INFO New proxy send connection 7 from local rank 1, transport 0
MOC-R4PCC04U05:363598:363665 [1] NCCL INFO Connected to proxy localRank 1 -> connection 0x7f4144005278
MOC-R4PCC04U05:363600:363659 [3] NCCL INFO New proxy send connection 8 from local rank 1, transport 0
MOC-R4PCC04U05:363598:363665 [1] NCCL INFO Connected to proxy localRank 3 -> connection 0x7fde2c0052f0
MOC-R4PCC04U05:363599:363654 [2] NCCL INFO New proxy send connection 8 from local rank 0, transport 0
MOC-R4PCC04U05:363597:363663 [0] NCCL INFO Connected to proxy localRank 2 -> connection 0x7f69940052f0
MOC-R4PCC04U05:363597:363658 [0] NCCL INFO New proxy send connection 9 from local rank 2, transport 0
MOC-R4PCC04U05:363599:363662 [2] NCCL INFO Connected to proxy localRank 0 -> connection 0x7f777c005368
MOC-R4PCC04U05:363598:363655 [1] NCCL INFO New proxy send connection 8 from local rank 3, transport 0
MOC-R4PCC04U05:363600:363664 [3] NCCL INFO Connected to proxy localRank 1 -> connection 0x7f41440052f0
MOC-R4PCC04U05:363598:363655 [1] NCCL INFO New proxy send connection 9 from local rank 2, transport 0
MOC-R4PCC04U05:363599:363662 [2] NCCL INFO Connected to proxy localRank 1 -> connection 0x7f4144005368
MOC-R4PCC04U05:363597:363658 [0] NCCL INFO New proxy send connection 10 from local rank 1, transport 0
MOC-R4PCC04U05:363598:363665 [1] NCCL INFO Connected to proxy localRank 0 -> connection 0x7f777c0053e0
MOC-R4PCC04U05:363600:363659 [3] NCCL INFO New proxy send connection 9 from local rank 0, transport 0
MOC-R4PCC04U05:363597:363663 [0] NCCL INFO Connected to proxy localRank 3 -> connection 0x7fde2c005368
MOC-R4PCC04U05:363599:363654 [2] NCCL INFO NET/IB: NCCL Dev 1 IbDev 0 Port 1 qpn 4020 mtu 3 query_ece={supported=1, vendor_id=0x15b3, options=0x30000002, comp_mask=0x0} GID 3 (0/C132A8C0FFFF0000) fifoRkey=0x1716d5 fifoLkey=0x1716d5
MOC-R4PCC04U05:363599:363654 [2] NCCL INFO NET/IB: NCCL Dev 1 IbDev 0 Port 1 qpn 4021 mtu 3 query_ece={supported=1, vendor_id=0x15b3, options=0x30000002, comp_mask=0x0} GID 3 (0/C132A8C0FFFF0000) fifoRkey=0x17ecab fifoLkey=0x17ecab
MOC-R4PCC04U05:363600:363659 [3] NCCL INFO NET/IB: NCCL Dev 1 IbDev 0 Port 1 qpn 4022 mtu 3 query_ece={supported=1, vendor_id=0x15b3, options=0x30000002, comp_mask=0x0} GID 3 (0/C132A8C0FFFF0000) fifoRkey=0x17904f fifoLkey=0x17904f
MOC-R4PCC04U05:363600:363659 [3] NCCL INFO NET/IB: NCCL Dev 1 IbDev 0 Port 1 qpn 4023 mtu 3 query_ece={supported=1, vendor_id=0x15b3, options=0x30000002, comp_mask=0x0} GID 3 (0/C132A8C0FFFF0000) fifoRkey=0x178443 fifoLkey=0x178443
MOC-R4PCC04U05:363600:363659 [3] NCCL INFO NET/IB: IbDev 0 Port 1 qpn 4262 set_ece={supported=1, vendor_id=0x15b3, options=0x0, comp_mask=0x0}
MOC-R4PCC04U05:363599:363654 [2] NCCL INFO NET/IB: IbDev 0 Port 1 qpn 4258 set_ece={supported=1, vendor_id=0x15b3, options=0x0, comp_mask=0x0}
MOC-R4PCC04U05:363600:363659 [3] NCCL INFO NET/IB: IbDev 0 Port 1 qpn 4264 set_ece={supported=1, vendor_id=0x15b3, options=0x0, comp_mask=0x0}
MOC-R4PCC04U05:363599:363654 [2] NCCL INFO NET/IB: IbDev 0 Port 1 qpn 4260 set_ece={supported=1, vendor_id=0x15b3, options=0x0, comp_mask=0x0}
MOC-R4PCC04U05:363599:363654 [2] NCCL INFO New proxy send connection 9 from local rank 1, transport 0
MOC-R4PCC04U05:363598:363665 [1] NCCL INFO Connected to proxy localRank 2 -> connection 0x7f6994005368
MOC-R4PCC04U05:363598:363655 [1] NCCL INFO New proxy send connection 10 from local rank 0, transport 0
MOC-R4PCC04U05:363597:363663 [0] NCCL INFO Connected to proxy localRank 1 -> connection 0x7f41440053e0
num decayed parameter tensors: 50, with 124,318,464 parameters
num non-decayed parameter tensors: 98, with 121,344 parameters
using fused AdamW: False
using regular AdamW
MOC-R4PCC04U05:363597:363658 [0] NCCL INFO New proxy send connection 11 from local rank 0, transport 0
MOC-R4PCC04U05:363597:364356 [0] NCCL INFO Connected to proxy localRank 0 -> connection 0x7f777c005458
MOC-R4PCC04U05:363597:363658 [0] NCCL INFO New proxy send connection 12 from local rank 0, transport 0
MOC-R4PCC04U05:363597:364356 [0] NCCL INFO Connected to proxy localRank 0 -> connection 0x7f777c0054d0
MOC-R4PCC04U05:363597:363658 [0] NCCL INFO New proxy send connection 13 from local rank 0, transport 0
MOC-R4PCC04U05:363597:364356 [0] NCCL INFO Connected to proxy localRank 0 -> connection 0x7f777c005548
MOC-R4PCC04U05:363597:363658 [0] NCCL INFO New proxy send connection 14 from local rank 0, transport 0
MOC-R4PCC04U05:363597:364356 [0] NCCL INFO Connected to proxy localRank 0 -> connection 0x7f777c0055c0
MOC-R4PCC04U05:363599:363654 [2] NCCL INFO New proxy recv connection 10 from local rank 2, transport 0
MOC-R4PCC04U05:363599:364357 [2] NCCL INFO Connected to proxy localRank 2 -> connection 0x7f69940053e0
MOC-R4PCC04U05:363599:363654 [2] NCCL INFO New proxy recv connection 11 from local rank 2, transport 0
MOC-R4PCC04U05:363599:364357 [2] NCCL INFO Connected to proxy localRank 2 -> connection 0x7f6994005458
MOC-R4PCC04U05:363599:363654 [2] NCCL INFO New proxy recv connection 12 from local rank 2, transport 0
MOC-R4PCC04U05:363599:364357 [2] NCCL INFO Connected to proxy localRank 2 -> connection 0x7f69940054d0
MOC-R4PCC04U05:363599:363654 [2] NCCL INFO New proxy recv connection 13 from local rank 2, transport 0
MOC-R4PCC04U05:363599:364357 [2] NCCL INFO Connected to proxy localRank 2 -> connection 0x7f6994005548
MOC-R4PCC04U05:363598:363655 [1] NCCL INFO New proxy recv connection 11 from local rank 1, transport 0
MOC-R4PCC04U05:363598:364358 [1] NCCL INFO Connected to proxy localRank 1 -> connection 0x7f4144005458
MOC-R4PCC04U05:363598:363655 [1] NCCL INFO New proxy recv connection 12 from local rank 1, transport 0
MOC-R4PCC04U05:363598:364358 [1] NCCL INFO Connected to proxy localRank 1 -> connection 0x7f41440054d0
MOC-R4PCC04U05:363598:363655 [1] NCCL INFO New proxy recv connection 13 from local rank 1, transport 0
MOC-R4PCC04U05:363598:364358 [1] NCCL INFO Connected to proxy localRank 1 -> connection 0x7f4144005548
MOC-R4PCC04U05:363598:363655 [1] NCCL INFO New proxy recv connection 14 from local rank 1, transport 0
MOC-R4PCC04U05:363598:364358 [1] NCCL INFO Connected to proxy localRank 1 -> connection 0x7f41440055c0
MOC-R4PCC04U05:363598:363655 [1] NCCL INFO New proxy send connection 15 from local rank 1, transport 0
MOC-R4PCC04U05:363598:364358 [1] NCCL INFO Connected to proxy localRank 1 -> connection 0x7f4144005638
MOC-R4PCC04U05:363598:363655 [1] NCCL INFO New proxy send connection 16 from local rank 1, transport 0
MOC-R4PCC04U05:363598:364358 [1] NCCL INFO Connected to proxy localRank 1 -> connection 0x7f41440056b0
MOC-R4PCC04U05:363598:363655 [1] NCCL INFO New proxy send connection 17 from local rank 1, transport 0
MOC-R4PCC04U05:363598:364358 [1] NCCL INFO Connected to proxy localRank 1 -> connection 0x7f4144005728
MOC-R4PCC04U05:363598:363655 [1] NCCL INFO New proxy send connection 18 from local rank 1, transport 0
MOC-R4PCC04U05:363598:364358 [1] NCCL INFO Connected to proxy localRank 1 -> connection 0x7f41440057a0
MOC-R4PCC04U05:363597:363658 [0] NCCL INFO New proxy send connection 15 from local rank 0, transport 0
MOC-R4PCC04U05:363598:363655 [1] NCCL INFO New proxy recv connection 19 from local rank 1, transport 0
MOC-R4PCC04U05:363597:364356 [0] NCCL INFO Connected to proxy localRank 0 -> connection 0x7f777c005638
MOC-R4PCC04U05:363598:364358 [1] NCCL INFO Connected to proxy localRank 1 -> connection 0x7f4144005818
MOC-R4PCC04U05:363599:363654 [2] NCCL INFO New proxy send connection 14 from local rank 2, transport 0
MOC-R4PCC04U05:363599:364357 [2] NCCL INFO Connected to proxy localRank 2 -> connection 0x7f69940055c0
MOC-R4PCC04U05:363598:363655 [1] NCCL INFO New proxy recv connection 20 from local rank 1, transport 0
MOC-R4PCC04U05:363598:364358 [1] NCCL INFO Connected to proxy localRank 1 -> connection 0x7f4144005890
MOC-R4PCC04U05:363599:363654 [2] NCCL INFO New proxy send connection 15 from local rank 2, transport 0
MOC-R4PCC04U05:363599:364357 [2] NCCL INFO Connected to proxy localRank 2 -> connection 0x7f6994005638
MOC-R4PCC04U05:363597:363658 [0] NCCL INFO New proxy send connection 16 from local rank 0, transport 0
MOC-R4PCC04U05:363597:364356 [0] NCCL INFO Connected to proxy localRank 0 -> connection 0x7f777c0056b0
MOC-R4PCC04U05:363600:363659 [3] NCCL INFO New proxy recv connection 10 from local rank 3, transport 0
MOC-R4PCC04U05:363600:364359 [3] NCCL INFO Connected to proxy localRank 3 -> connection 0x7fde2c0053e0
MOC-R4PCC04U05:363600:363659 [3] NCCL INFO New proxy recv connection 11 from local rank 3, transport 0
MOC-R4PCC04U05:363600:364359 [3] NCCL INFO Connected to proxy localRank 3 -> connection 0x7fde2c005458
MOC-R4PCC04U05:363600:364359 [3] NCCL INFO GPU Direct RDMA Disabled for GPU 3 / HCA 1 (distance 7 > 0)
MOC-R4PCC04U05:363600:363659 [3] NCCL INFO New proxy recv connection 12 from local rank 3, transport 2
MOC-R4PCC04U05:363600:364359 [3] NCCL INFO Connected to proxy localRank 3 -> connection 0x7fde2c0054d0
MOC-R4PCC04U05:363597:363658 [0] NCCL INFO New proxy recv connection 17 from local rank 0, transport 0
MOC-R4PCC04U05:363597:364356 [0] NCCL INFO Connected to proxy localRank 0 -> connection 0x7f777c005728
MOC-R4PCC04U05:363600:364359 [3] NCCL INFO Channel 00/0 : 7[3] -> 3[3] [receive] via NET/IB/1
MOC-R4PCC04U05:363600:364359 [3] NCCL INFO GPU Direct RDMA Disabled for GPU 3 / HCA 1 (distance 7 > 0)
MOC-R4PCC04U05:363600:363659 [3] NCCL INFO New proxy recv connection 13 from local rank 3, transport 2
MOC-R4PCC04U05:363600:364359 [3] NCCL INFO Connected to proxy localRank 3 -> connection 0x7fde2c005548
MOC-R4PCC04U05:363600:364359 [3] NCCL INFO Channel 01/0 : 7[3] -> 3[3] [receive] via NET/IB/1
MOC-R4PCC04U05:363597:363658 [0] NCCL INFO New proxy recv connection 18 from local rank 0, transport 0
MOC-R4PCC04U05:363600:364359 [3] NCCL INFO GPU Direct RDMA Disabled for GPU 3 / HCA 1 (distance 7 > 0)
MOC-R4PCC04U05:363597:364356 [0] NCCL INFO Connected to proxy localRank 0 -> connection 0x7f777c0057a0
MOC-R4PCC04U05:363600:363659 [3] NCCL INFO New proxy recv connection 14 from local rank 3, transport 2
MOC-R4PCC04U05:363600:364359 [3] NCCL INFO Connected to proxy localRank 3 -> connection 0x7fde2c0055c0
MOC-R4PCC04U05:363600:364359 [3] NCCL INFO Channel 02/0 : 7[3] -> 3[3] [receive] via NET/IB/1
MOC-R4PCC04U05:363600:364359 [3] NCCL INFO GPU Direct RDMA Disabled for GPU 3 / HCA 1 (distance 7 > 0)
MOC-R4PCC04U05:363600:363659 [3] NCCL INFO New proxy recv connection 15 from local rank 3, transport 2
MOC-R4PCC04U05:363600:364359 [3] NCCL INFO Connected to proxy localRank 3 -> connection 0x7fde2c005638
MOC-R4PCC04U05:363597:363658 [0] NCCL INFO New proxy recv connection 19 from local rank 0, transport 0
MOC-R4PCC04U05:363600:364359 [3] NCCL INFO Channel 03/0 : 7[3] -> 3[3] [receive] via NET/IB/1
MOC-R4PCC04U05:363600:364359 [3] NCCL INFO GPU Direct RDMA Disabled for GPU 3 / HCA 1 (distance 7 > 0)
MOC-R4PCC04U05:363597:364356 [0] NCCL INFO Connected to proxy localRank 0 -> connection 0x7f777c005818
MOC-R4PCC04U05:363600:363659 [3] NCCL INFO New proxy send connection 16 from local rank 3, transport 2
MOC-R4PCC04U05:363600:364359 [3] NCCL INFO Connected to proxy localRank 3 -> connection 0x7fde2c0056b0
MOC-R4PCC04U05:363600:364359 [3] NCCL INFO Channel 00/0 : 3[3] -> 7[3] [send] via NET/IB/1
MOC-R4PCC04U05:363600:364359 [3] NCCL INFO GPU Direct RDMA Disabled for GPU 3 / HCA 1 (distance 7 > 0)
MOC-R4PCC04U05:363600:363659 [3] NCCL INFO New proxy send connection 17 from local rank 3, transport 2
MOC-R4PCC04U05:363600:364359 [3] NCCL INFO Connected to proxy localRank 3 -> connection 0x7fde2c005728
MOC-R4PCC04U05:363600:364359 [3] NCCL INFO Channel 01/0 : 3[3] -> 7[3] [send] via NET/IB/1
MOC-R4PCC04U05:363600:364359 [3] NCCL INFO GPU Direct RDMA Disabled for GPU 3 / HCA 1 (distance 7 > 0)
MOC-R4PCC04U05:363597:363658 [0] NCCL INFO New proxy recv connection 20 from local rank 0, transport 0
MOC-R4PCC04U05:363597:364356 [0] NCCL INFO Connected to proxy localRank 0 -> connection 0x7f777c005890
MOC-R4PCC04U05:363600:363659 [3] NCCL INFO New proxy send connection 18 from local rank 3, transport 2
MOC-R4PCC04U05:363600:364359 [3] NCCL INFO Connected to proxy localRank 3 -> connection 0x7fde2c0057a0
MOC-R4PCC04U05:363600:364359 [3] NCCL INFO Channel 02/0 : 3[3] -> 7[3] [send] via NET/IB/1
MOC-R4PCC04U05:363600:364359 [3] NCCL INFO GPU Direct RDMA Disabled for GPU 3 / HCA 1 (distance 7 > 0)
MOC-R4PCC04U05:363600:363659 [3] NCCL INFO New proxy send connection 19 from local rank 3, transport 2
MOC-R4PCC04U05:363600:364359 [3] NCCL INFO Connected to proxy localRank 3 -> connection 0x7fde2c005818
MOC-R4PCC04U05:363600:364359 [3] NCCL INFO Channel 03/0 : 3[3] -> 7[3] [send] via NET/IB/1
MOC-R4PCC04U05:363600:363659 [3] NCCL INFO New proxy send connection 20 from local rank 3, transport 0
MOC-R4PCC04U05:363600:364359 [3] NCCL INFO Connected to proxy localRank 3 -> connection 0x7fde2c005890
MOC-R4PCC04U05:363600:363659 [3] NCCL INFO New proxy send connection 21 from local rank 3, transport 0
MOC-R4PCC04U05:363600:364359 [3] NCCL INFO Connected to proxy localRank 3 -> connection 0x7fde2c005908
MOC-R4PCC04U05:363600:363659 [3] NCCL INFO New proxy send connection 22 from local rank 3, transport 0
MOC-R4PCC04U05:363600:364359 [3] NCCL INFO Connected to proxy localRank 3 -> connection 0x7fde2c005980
MOC-R4PCC04U05:363600:363659 [3] NCCL INFO New proxy send connection 23 from local rank 3, transport 0
MOC-R4PCC04U05:363600:364359 [3] NCCL INFO Connected to proxy localRank 3 -> connection 0x7fde2c0059f8
MOC-R4PCC04U05:363600:363659 [3] NCCL INFO NET/IB: NCCL Dev 1 IbDev 0 Port 1 qpn 4028 mtu 3 query_ece={supported=1, vendor_id=0x15b3, options=0x30000002, comp_mask=0x0} GID 3 (0/C132A8C0FFFF0000) fifoRkey=0x177837 fifoLkey=0x177837
MOC-R4PCC04U05:363600:363659 [3] NCCL INFO NET/IB: IbDev 0 Port 1 qpn 4269 set_ece={supported=1, vendor_id=0x15b3, options=0x0, comp_mask=0x0}
MOC-R4PCC04U05:363600:363659 [3] NCCL INFO NET/IB: NCCL Dev 1 IbDev 0 Port 1 qpn 4031 mtu 3 query_ece={supported=1, vendor_id=0x15b3, options=0x30000002, comp_mask=0x0} GID 3 (0/C132A8C0FFFF0000) fifoRkey=0x17601f fifoLkey=0x17601f
MOC-R4PCC04U05:363600:363659 [3] NCCL INFO NET/IB: NCCL Dev 1 IbDev 0 Port 1 qpn 4034 mtu 3 query_ece={supported=1, vendor_id=0x15b3, options=0x30000002, comp_mask=0x0} GID 3 (0/C132A8C0FFFF0000) fifoRkey=0x179c5b fifoLkey=0x179c5b
MOC-R4PCC04U05:363600:363659 [3] NCCL INFO NET/IB: NCCL Dev 1 IbDev 0 Port 1 qpn 4035 mtu 3 query_ece={supported=1, vendor_id=0x15b3, options=0x30000002, comp_mask=0x0} GID 3 (0/C132A8C0FFFF0000) fifoRkey=0x172eed fifoLkey=0x172eed
MOC-R4PCC04U05:363600:363659 [3] NCCL INFO NET/IB: IbDev 0 Port 1 qpn 4272 set_ece={supported=1, vendor_id=0x15b3, options=0x0, comp_mask=0x0}
MOC-R4PCC04U05:363600:363659 [3] NCCL INFO NET/IB: IbDev 0 Port 1 qpn 4275 set_ece={supported=1, vendor_id=0x15b3, options=0x0, comp_mask=0x0}
MOC-R4PCC04U05:363600:363659 [3] NCCL INFO NET/IB: IbDev 0 Port 1 qpn 4278 set_ece={supported=1, vendor_id=0x15b3, options=0x0, comp_mask=0x0}
step    1/10 | train loss 11.008972 | norm 15.7108 | lr 1.00e-04 | (14007.39 ms | 37429 tok/s)
step    2/10 | train loss 10.123233 | norm 5.8019 | lr 1.00e-04 | (185.47 ms | 2826784 tok/s)
step    3/10 | train loss 9.777218 | norm 2.6314 | lr 1.00e-04 | (181.01 ms | 2896428 tok/s)
step    4/10 | train loss 9.607363 | norm 2.1166 | lr 1.00e-04 | (181.20 ms | 2893471 tok/s)
step    5/10 | train loss 9.524715 | norm 2.1076 | lr 1.00e-04 | (181.64 ms | 2886460 tok/s)
step    6/10 | train loss 9.443522 | norm 2.0013 | lr 1.00e-04 | (181.55 ms | 2887911 tok/s)
step    7/10 | train loss 9.358725 | norm 1.9491 | lr 1.00e-04 | (182.40 ms | 2874326 tok/s)
step    8/10 | train loss 9.269133 | norm 1.9124 | lr 1.00e-04 | (182.46 ms | 2873447 tok/s)
step    9/10 | train loss 9.176634 | norm 1.8636 | lr 1.00e-04 | (181.42 ms | 2889927 tok/s)
step   10/10 | train loss 9.088059 | norm 1.7782 | lr 1.00e-04 | (182.43 ms | 2873853 tok/s)
final 9 iters avg: 182.176ms
peak memory consumption: 16601 MiB
