Running pytorch 2.7.0+cu126
using device: cuda:0
total desired batch size: 3670016
=> calculated gradient accumulation steps: 7
using device: cuda:1
using device: cuda:2
using device: cuda:3
compiling the model...
DataLoader: total number of tokens: 1,661,249,667 across 103 files
MOC-R4PCC04U05:641175:641175 [0] NCCL INFO NCCL_SOCKET_IFNAME set to eno7np0
MOC-R4PCC04U05:641175:641175 [0] NCCL INFO NCCL version 2.26.2+cuda12.2
MOC-R4PCC04U05:641175:641279 [0] NCCL INFO NET/Plugin: Could not find: libnccl-net.so. Using internal net plugin.
MOC-R4PCC04U05:641175:641279 [0] NCCL INFO NCCL_IB_HCA set to mlx5_5
MOC-R4PCC04U05:641177:641177 [2] NCCL INFO NCCL_SOCKET_IFNAME set to eno7np0
MOC-R4PCC04U05:641177:641177 [2] NCCL INFO NCCL version 2.26.2+cuda12.2
MOC-R4PCC04U05:641176:641176 [1] NCCL INFO NCCL_SOCKET_IFNAME set to eno7np0
MOC-R4PCC04U05:641176:641176 [1] NCCL INFO NCCL version 2.26.2+cuda12.2
MOC-R4PCC04U05:641175:641279 [0] NCCL INFO NET/IB : Made virtual device [0] name=mlx5_5 speed=400000 ndevs=1
MOC-R4PCC04U05:641175:641279 [0] NCCL INFO NET/IB : Using [0]mlx5_5:1/RoCE [RO]; OOB eno7np0:192.168.50.193<0>
MOC-R4PCC04U05:641178:641178 [3] NCCL INFO NCCL_SOCKET_IFNAME set to eno7np0
MOC-R4PCC04U05:641178:641178 [3] NCCL INFO NCCL version 2.26.2+cuda12.2
MOC-R4PCC04U05:641177:641301 [2] NCCL INFO NET/Plugin: Could not find: libnccl-net.so. Using internal net plugin.
MOC-R4PCC04U05:641176:641302 [1] NCCL INFO NET/Plugin: Could not find: libnccl-net.so. Using internal net plugin.
MOC-R4PCC04U05:641177:641301 [2] NCCL INFO NCCL_IB_HCA set to mlx5_5
MOC-R4PCC04U05:641176:641302 [1] NCCL INFO NCCL_IB_HCA set to mlx5_5
MOC-R4PCC04U05:641177:641301 [2] NCCL INFO NET/IB : Made virtual device [0] name=mlx5_5 speed=400000 ndevs=1
MOC-R4PCC04U05:641177:641301 [2] NCCL INFO NET/IB : Using [0]mlx5_5:1/RoCE [RO]; OOB eno7np0:192.168.50.193<0>
MOC-R4PCC04U05:641176:641302 [1] NCCL INFO NET/IB : Made virtual device [0] name=mlx5_5 speed=400000 ndevs=1
MOC-R4PCC04U05:641176:641302 [1] NCCL INFO NET/IB : Using [0]mlx5_5:1/RoCE [RO]; OOB eno7np0:192.168.50.193<0>
MOC-R4PCC04U05:641178:641304 [3] NCCL INFO NET/Plugin: Could not find: libnccl-net.so. Using internal net plugin.
MOC-R4PCC04U05:641178:641304 [3] NCCL INFO NCCL_IB_HCA set to mlx5_5
MOC-R4PCC04U05:641178:641304 [3] NCCL INFO NET/IB : Made virtual device [0] name=mlx5_5 speed=400000 ndevs=1
MOC-R4PCC04U05:641178:641304 [3] NCCL INFO NET/IB : Using [0]mlx5_5:1/RoCE [RO]; OOB eno7np0:192.168.50.193<0>
MOC-R4PCC04U05:641178:641304 [3] NCCL INFO NET/IB : GPU Direct RDMA Enabled for HCA 0 'mlx5_5'
MOC-R4PCC04U05:641178:641304 [3] NCCL INFO NET/IB : Made virtual device [1] name=mlx5_5 speed=400000 ndevs=1
MOC-R4PCC04U05:641178:641304 [3] NCCL INFO NET/IB : GPU Direct RDMA Enabled for HCA 0 'mlx5_5'
MOC-R4PCC04U05:641178:641304 [3] NCCL INFO NET/IB : GPU Direct RDMA Enabled for HCA 1 'mlx5_5'
MOC-R4PCC04U05:641175:641279 [0] NCCL INFO NET/IB : GPU Direct RDMA Enabled for HCA 0 'mlx5_5'
MOC-R4PCC04U05:641175:641279 [0] NCCL INFO NET/IB : Made virtual device [1] name=mlx5_5 speed=400000 ndevs=1
MOC-R4PCC04U05:641175:641279 [0] NCCL INFO NET/IB : GPU Direct RDMA Enabled for HCA 0 'mlx5_5'
MOC-R4PCC04U05:641175:641279 [0] NCCL INFO NET/IB : GPU Direct RDMA Enabled for HCA 1 'mlx5_5'
MOC-R4PCC04U05:641177:641301 [2] NCCL INFO NET/IB : GPU Direct RDMA Enabled for HCA 0 'mlx5_5'
MOC-R4PCC04U05:641177:641301 [2] NCCL INFO NET/IB : Made virtual device [1] name=mlx5_5 speed=400000 ndevs=1
MOC-R4PCC04U05:641177:641301 [2] NCCL INFO NET/IB : GPU Direct RDMA Enabled for HCA 0 'mlx5_5'
MOC-R4PCC04U05:641177:641301 [2] NCCL INFO NET/IB : GPU Direct RDMA Enabled for HCA 1 'mlx5_5'
MOC-R4PCC04U05:641176:641302 [1] NCCL INFO NET/IB : GPU Direct RDMA Enabled for HCA 0 'mlx5_5'
MOC-R4PCC04U05:641176:641302 [1] NCCL INFO NET/IB : Made virtual device [1] name=mlx5_5 speed=400000 ndevs=1
MOC-R4PCC04U05:641176:641302 [1] NCCL INFO NET/IB : GPU Direct RDMA Enabled for HCA 0 'mlx5_5'
MOC-R4PCC04U05:641176:641302 [1] NCCL INFO NET/IB : GPU Direct RDMA Enabled for HCA 1 'mlx5_5'
MOC-R4PCC04U05:641175:641279 [0] NCCL INFO GPU Direct RDMA Enabled for GPU 0 / HCA 1 (distance 5 <= 5), read 0 mode Default
MOC-R4PCC04U05:641175:641279 [0] NCCL INFO GPU Direct RDMA Enabled for GPU 1 / HCA 1 (distance 5 <= 5), read 0 mode Default
MOC-R4PCC04U05:641175:641279 [0] NCCL INFO GPU Direct RDMA Enabled for GPU 2 / HCA 1 (distance 5 <= 5), read 0 mode Default
MOC-R4PCC04U05:641175:641279 [0] NCCL INFO GPU Direct RDMA Enabled for GPU 3 / HCA 1 (distance 5 <= 5), read 0 mode Default
MOC-R4PCC04U05:641175:641279 [0] NCCL INFO GPU Direct RDMA Enabled for GPU 0 / HCA 1 (distance 5 <= 5), read 0 mode Default
MOC-R4PCC04U05:641175:641279 [0] NCCL INFO GPU Direct RDMA Enabled for GPU 1 / HCA 1 (distance 5 <= 5), read 0 mode Default
MOC-R4PCC04U05:641175:641279 [0] NCCL INFO GPU Direct RDMA Enabled for GPU 2 / HCA 1 (distance 5 <= 5), read 0 mode Default
MOC-R4PCC04U05:641175:641279 [0] NCCL INFO GPU Direct RDMA Enabled for GPU 3 / HCA 1 (distance 5 <= 5), read 0 mode Default
MOC-R4PCC04U05:641176:641302 [1] NCCL INFO GPU Direct RDMA Enabled for GPU 0 / HCA 1 (distance 5 <= 5), read 0 mode Default
MOC-R4PCC04U05:641176:641302 [1] NCCL INFO GPU Direct RDMA Enabled for GPU 1 / HCA 1 (distance 5 <= 5), read 0 mode Default
MOC-R4PCC04U05:641176:641302 [1] NCCL INFO GPU Direct RDMA Enabled for GPU 2 / HCA 1 (distance 5 <= 5), read 0 mode Default
MOC-R4PCC04U05:641176:641302 [1] NCCL INFO GPU Direct RDMA Enabled for GPU 3 / HCA 1 (distance 5 <= 5), read 0 mode Default
MOC-R4PCC04U05:641176:641302 [1] NCCL INFO GPU Direct RDMA Enabled for GPU 0 / HCA 1 (distance 5 <= 5), read 0 mode Default
MOC-R4PCC04U05:641176:641302 [1] NCCL INFO GPU Direct RDMA Enabled for GPU 1 / HCA 1 (distance 5 <= 5), read 0 mode Default
MOC-R4PCC04U05:641176:641302 [1] NCCL INFO GPU Direct RDMA Enabled for GPU 2 / HCA 1 (distance 5 <= 5), read 0 mode Default
MOC-R4PCC04U05:641176:641302 [1] NCCL INFO GPU Direct RDMA Enabled for GPU 3 / HCA 1 (distance 5 <= 5), read 0 mode Default
MOC-R4PCC04U05:641178:641304 [3] NCCL INFO GPU Direct RDMA Enabled for GPU 0 / HCA 1 (distance 5 <= 5), read 0 mode Default
MOC-R4PCC04U05:641178:641304 [3] NCCL INFO GPU Direct RDMA Enabled for GPU 1 / HCA 1 (distance 5 <= 5), read 0 mode Default
MOC-R4PCC04U05:641178:641304 [3] NCCL INFO GPU Direct RDMA Enabled for GPU 2 / HCA 1 (distance 5 <= 5), read 0 mode Default
MOC-R4PCC04U05:641178:641304 [3] NCCL INFO GPU Direct RDMA Enabled for GPU 3 / HCA 1 (distance 5 <= 5), read 0 mode Default
MOC-R4PCC04U05:641178:641304 [3] NCCL INFO GPU Direct RDMA Enabled for GPU 0 / HCA 1 (distance 5 <= 5), read 0 mode Default
MOC-R4PCC04U05:641178:641304 [3] NCCL INFO GPU Direct RDMA Enabled for GPU 1 / HCA 1 (distance 5 <= 5), read 0 mode Default
MOC-R4PCC04U05:641178:641304 [3] NCCL INFO GPU Direct RDMA Enabled for GPU 2 / HCA 1 (distance 5 <= 5), read 0 mode Default
MOC-R4PCC04U05:641178:641304 [3] NCCL INFO GPU Direct RDMA Enabled for GPU 3 / HCA 1 (distance 5 <= 5), read 0 mode Default
MOC-R4PCC04U05:641177:641301 [2] NCCL INFO GPU Direct RDMA Enabled for GPU 0 / HCA 1 (distance 5 <= 5), read 0 mode Default
MOC-R4PCC04U05:641177:641301 [2] NCCL INFO GPU Direct RDMA Enabled for GPU 1 / HCA 1 (distance 5 <= 5), read 0 mode Default
MOC-R4PCC04U05:641177:641301 [2] NCCL INFO GPU Direct RDMA Enabled for GPU 2 / HCA 1 (distance 5 <= 5), read 0 mode Default
MOC-R4PCC04U05:641177:641301 [2] NCCL INFO GPU Direct RDMA Enabled for GPU 3 / HCA 1 (distance 5 <= 5), read 0 mode Default
MOC-R4PCC04U05:641177:641301 [2] NCCL INFO GPU Direct RDMA Enabled for GPU 0 / HCA 1 (distance 5 <= 5), read 0 mode Default
MOC-R4PCC04U05:641177:641301 [2] NCCL INFO GPU Direct RDMA Enabled for GPU 1 / HCA 1 (distance 5 <= 5), read 0 mode Default
MOC-R4PCC04U05:641177:641301 [2] NCCL INFO GPU Direct RDMA Enabled for GPU 2 / HCA 1 (distance 5 <= 5), read 0 mode Default
MOC-R4PCC04U05:641177:641301 [2] NCCL INFO GPU Direct RDMA Enabled for GPU 3 / HCA 1 (distance 5 <= 5), read 0 mode Default
MOC-R4PCC04U05:641177:641392 [2] NCCL INFO GPU Direct RDMA Enabled for GPU 2 / HCA 1 (distance 5 <= 5), read 0 mode Default
MOC-R4PCC04U05:641176:641317 [1] NCCL INFO New proxy recv connection 0 from local rank 1, transport 0
MOC-R4PCC04U05:641176:641391 [1] NCCL INFO Connected to proxy localRank 1 -> connection 0x7f7be0004f30
MOC-R4PCC04U05:641176:641317 [1] NCCL INFO New proxy recv connection 1 from local rank 1, transport 0
MOC-R4PCC04U05:641176:641391 [1] NCCL INFO Connected to proxy localRank 1 -> connection 0x7f7be0004fa8
MOC-R4PCC04U05:641176:641317 [1] NCCL INFO New proxy recv connection 2 from local rank 1, transport 0
MOC-R4PCC04U05:641176:641391 [1] NCCL INFO Connected to proxy localRank 1 -> connection 0x7f7be0005020
MOC-R4PCC04U05:641175:641316 [0] NCCL INFO New proxy send connection 0 from local rank 0, transport 0
MOC-R4PCC04U05:641175:641393 [0] NCCL INFO Connected to proxy localRank 0 -> connection 0x7f4df0004f30
MOC-R4PCC04U05:641176:641317 [1] NCCL INFO New proxy recv connection 3 from local rank 1, transport 0
MOC-R4PCC04U05:641176:641391 [1] NCCL INFO Connected to proxy localRank 1 -> connection 0x7f7be0005098
MOC-R4PCC04U05:641175:641316 [0] NCCL INFO New proxy send connection 1 from local rank 0, transport 0
MOC-R4PCC04U05:641175:641393 [0] NCCL INFO Connected to proxy localRank 0 -> connection 0x7f4df0004fa8
MOC-R4PCC04U05:641176:641317 [1] NCCL INFO New proxy send connection 4 from local rank 1, transport 0
MOC-R4PCC04U05:641176:641391 [1] NCCL INFO Connected to proxy localRank 1 -> connection 0x7f7be0005110
MOC-R4PCC04U05:641175:641316 [0] NCCL INFO New proxy send connection 2 from local rank 0, transport 0
MOC-R4PCC04U05:641175:641393 [0] NCCL INFO Connected to proxy localRank 0 -> connection 0x7f4df0005020
MOC-R4PCC04U05:641176:641317 [1] NCCL INFO New proxy send connection 5 from local rank 1, transport 0
MOC-R4PCC04U05:641176:641391 [1] NCCL INFO Connected to proxy localRank 1 -> connection 0x7f7be0005188
MOC-R4PCC04U05:641178:641318 [3] NCCL INFO New proxy recv connection 0 from local rank 3, transport 0
MOC-R4PCC04U05:641178:641394 [3] NCCL INFO Connected to proxy localRank 3 -> connection 0x7f167c004f30
MOC-R4PCC04U05:641178:641318 [3] NCCL INFO New proxy recv connection 1 from local rank 3, transport 0
MOC-R4PCC04U05:641178:641394 [3] NCCL INFO Connected to proxy localRank 3 -> connection 0x7f167c004fa8
MOC-R4PCC04U05:641175:641316 [0] NCCL INFO New proxy send connection 3 from local rank 0, transport 0
MOC-R4PCC04U05:641175:641393 [0] NCCL INFO Connected to proxy localRank 0 -> connection 0x7f4df0005098
MOC-R4PCC04U05:641176:641317 [1] NCCL INFO New proxy send connection 6 from local rank 1, transport 0
MOC-R4PCC04U05:641176:641391 [1] NCCL INFO Connected to proxy localRank 1 -> connection 0x7f7be0005200
MOC-R4PCC04U05:641178:641318 [3] NCCL INFO New proxy recv connection 2 from local rank 3, transport 0
MOC-R4PCC04U05:641178:641394 [3] NCCL INFO Connected to proxy localRank 3 -> connection 0x7f167c005020
MOC-R4PCC04U05:641176:641317 [1] NCCL INFO New proxy send connection 7 from local rank 1, transport 0
MOC-R4PCC04U05:641176:641391 [1] NCCL INFO Connected to proxy localRank 1 -> connection 0x7f7be0005278
MOC-R4PCC04U05:641178:641318 [3] NCCL INFO New proxy recv connection 3 from local rank 3, transport 0
MOC-R4PCC04U05:641178:641394 [3] NCCL INFO Connected to proxy localRank 3 -> connection 0x7f167c005098
MOC-R4PCC04U05:641178:641394 [3] NCCL INFO GPU Direct RDMA Enabled for GPU 3 / HCA 1 (distance 5 <= 5), read 1 mode Default
MOC-R4PCC04U05:641177:641319 [2] NCCL INFO New proxy recv connection 0 from local rank 2, transport 2
MOC-R4PCC04U05:641177:641319 [2] NCCL INFO New proxy send connection 1 from local rank 3, transport 2
MOC-R4PCC04U05:641177:641392 [2] NCCL INFO Connected to proxy localRank 2 -> connection 0x7f9f6c004f30
MOC-R4PCC04U05:641178:641394 [3] NCCL INFO Connected to proxy localRank 2 -> connection 0x7f9f6c004fa8
MOC-R4PCC04U05:641177:641392 [2] NCCL INFO Channel 00/0 : 15[3] -> 2[2] [receive] via NET/IB/1/GDRDMA
MOC-R4PCC04U05:641177:641392 [2] NCCL INFO GPU Direct RDMA Enabled for GPU 2 / HCA 1 (distance 5 <= 5), read 0 mode Default
MOC-R4PCC04U05:641178:641394 [3] NCCL INFO Channel 00/0 : 3[3] -> 6[2] [send] via NET/IB/1(2)/GDRDMA
MOC-R4PCC04U05:641178:641394 [3] NCCL INFO GPU Direct RDMA Enabled for GPU 3 / HCA 1 (distance 5 <= 5), read 1 mode Default
MOC-R4PCC04U05:641177:641319 [2] NCCL INFO New proxy recv connection 2 from local rank 2, transport 2
MOC-R4PCC04U05:641177:641392 [2] NCCL INFO Connected to proxy localRank 2 -> connection 0x7f9f6c005020
MOC-R4PCC04U05:641177:641319 [2] NCCL INFO New proxy send connection 3 from local rank 3, transport 2
MOC-R4PCC04U05:641178:641394 [3] NCCL INFO Connected to proxy localRank 2 -> connection 0x7f9f6c005098
MOC-R4PCC04U05:641177:641392 [2] NCCL INFO Channel 01/0 : 15[3] -> 2[2] [receive] via NET/IB/1/GDRDMA
MOC-R4PCC04U05:641177:641392 [2] NCCL INFO GPU Direct RDMA Enabled for GPU 2 / HCA 1 (distance 5 <= 5), read 0 mode Default
MOC-R4PCC04U05:641178:641394 [3] NCCL INFO Channel 01/0 : 3[3] -> 6[2] [send] via NET/IB/1(2)/GDRDMA
MOC-R4PCC04U05:641178:641394 [3] NCCL INFO GPU Direct RDMA Enabled for GPU 3 / HCA 1 (distance 5 <= 5), read 1 mode Default
MOC-R4PCC04U05:641177:641319 [2] NCCL INFO New proxy recv connection 4 from local rank 2, transport 2
MOC-R4PCC04U05:641177:641392 [2] NCCL INFO Connected to proxy localRank 2 -> connection 0x7f9f6c005110
MOC-R4PCC04U05:641177:641319 [2] NCCL INFO New proxy send connection 5 from local rank 3, transport 2
MOC-R4PCC04U05:641178:641394 [3] NCCL INFO Connected to proxy localRank 2 -> connection 0x7f9f6c005188
MOC-R4PCC04U05:641177:641392 [2] NCCL INFO Channel 02/0 : 15[3] -> 2[2] [receive] via NET/IB/1/GDRDMA
MOC-R4PCC04U05:641177:641392 [2] NCCL INFO GPU Direct RDMA Enabled for GPU 2 / HCA 1 (distance 5 <= 5), read 0 mode Default
MOC-R4PCC04U05:641178:641394 [3] NCCL INFO Channel 02/0 : 3[3] -> 6[2] [send] via NET/IB/1(2)/GDRDMA
MOC-R4PCC04U05:641178:641394 [3] NCCL INFO GPU Direct RDMA Enabled for GPU 3 / HCA 1 (distance 5 <= 5), read 1 mode Default
MOC-R4PCC04U05:641177:641319 [2] NCCL INFO New proxy recv connection 6 from local rank 2, transport 2
MOC-R4PCC04U05:641177:641392 [2] NCCL INFO Connected to proxy localRank 2 -> connection 0x7f9f6c005200
MOC-R4PCC04U05:641177:641319 [2] NCCL INFO New proxy send connection 7 from local rank 3, transport 2
MOC-R4PCC04U05:641178:641394 [3] NCCL INFO Connected to proxy localRank 2 -> connection 0x7f9f6c005278
MOC-R4PCC04U05:641177:641392 [2] NCCL INFO Channel 03/0 : 15[3] -> 2[2] [receive] via NET/IB/1/GDRDMA
MOC-R4PCC04U05:641178:641394 [3] NCCL INFO Channel 03/0 : 3[3] -> 6[2] [send] via NET/IB/1(2)/GDRDMA
MOC-R4PCC04U05:641175:641316 [0] NCCL INFO New proxy recv connection 4 from local rank 0, transport 0
MOC-R4PCC04U05:641175:641393 [0] NCCL INFO Connected to proxy localRank 0 -> connection 0x7f4df0005110
MOC-R4PCC04U05:641175:641316 [0] NCCL INFO New proxy recv connection 5 from local rank 0, transport 0
MOC-R4PCC04U05:641175:641393 [0] NCCL INFO Connected to proxy localRank 0 -> connection 0x7f4df0005188
MOC-R4PCC04U05:641175:641316 [0] NCCL INFO New proxy send connection 6 from local rank 3, transport 0
MOC-R4PCC04U05:641178:641394 [3] NCCL INFO Connected to proxy localRank 0 -> connection 0x7f4df0005200
MOC-R4PCC04U05:641175:641316 [0] NCCL INFO New proxy recv connection 7 from local rank 0, transport 0
MOC-R4PCC04U05:641175:641393 [0] NCCL INFO Connected to proxy localRank 0 -> connection 0x7f4df0005278
MOC-R4PCC04U05:641175:641316 [0] NCCL INFO New proxy recv connection 8 from local rank 0, transport 0
MOC-R4PCC04U05:641175:641393 [0] NCCL INFO Connected to proxy localRank 0 -> connection 0x7f4df00052f0
MOC-R4PCC04U05:641178:641318 [3] NCCL INFO New proxy send connection 4 from local rank 0, transport 0
MOC-R4PCC04U05:641175:641393 [0] NCCL INFO Connected to proxy localRank 3 -> connection 0x7f167c005110
MOC-R4PCC04U05:641177:641319 [2] NCCL INFO NET/IB: NCCL Dev 1 IbDev 0 Port 1 qpn 10514 mtu 3 query_ece={supported=1, vendor_id=0x15b3, options=0x30000002, comp_mask=0x0} GID 3 (0/C132A8C0FFFF0000) fifoRkey=0x17bf7e fifoLkey=0x17bf7e
MOC-R4PCC04U05:641177:641319 [2] NCCL INFO NET/IB: NCCL Dev 1 IbDev 0 Port 1 qpn 10515 mtu 3 query_ece={supported=1, vendor_id=0x15b3, options=0x30000002, comp_mask=0x0} GID 3 (0/C132A8C0FFFF0000) fifoRkey=0x173af9 fifoLkey=0x173af9
MOC-R4PCC04U05:641177:641319 [2] NCCL INFO NET/IB: IbDev 0 Port 1 qpn 10274 set_ece={supported=1, vendor_id=0x15b3, options=0x0, comp_mask=0x0}
MOC-R4PCC04U05:641177:641319 [2] NCCL INFO NET/IB: IbDev 0 Port 1 qpn 10276 set_ece={supported=1, vendor_id=0x15b3, options=0x0, comp_mask=0x0}
MOC-R4PCC04U05:641177:641319 [2] NCCL INFO New proxy send connection 8 from local rank 2, transport 0
MOC-R4PCC04U05:641177:641392 [2] NCCL INFO Connected to proxy localRank 2 -> connection 0x7f9f6c0052f0
MOC-R4PCC04U05:641177:641319 [2] NCCL INFO New proxy send connection 9 from local rank 2, transport 0
MOC-R4PCC04U05:641177:641392 [2] NCCL INFO Connected to proxy localRank 2 -> connection 0x7f9f6c005368
MOC-R4PCC04U05:641177:641319 [2] NCCL INFO New proxy send connection 10 from local rank 3, transport 0
MOC-R4PCC04U05:641178:641394 [3] NCCL INFO Connected to proxy localRank 2 -> connection 0x7f9f6c0053e0
MOC-R4PCC04U05:641176:641317 [1] NCCL INFO New proxy send connection 8 from local rank 0, transport 0
MOC-R4PCC04U05:641175:641393 [0] NCCL INFO Connected to proxy localRank 1 -> connection 0x7f7be00052f0
MOC-R4PCC04U05:641177:641319 [2] NCCL INFO New proxy send connection 11 from local rank 2, transport 0
MOC-R4PCC04U05:641177:641392 [2] NCCL INFO Connected to proxy localRank 2 -> connection 0x7f9f6c005458
MOC-R4PCC04U05:641177:641319 [2] NCCL INFO New proxy send connection 12 from local rank 2, transport 0
MOC-R4PCC04U05:641177:641392 [2] NCCL INFO Connected to proxy localRank 2 -> connection 0x7f9f6c0054d0
MOC-R4PCC04U05:641175:641316 [0] NCCL INFO New proxy send connection 9 from local rank 1, transport 0
MOC-R4PCC04U05:641176:641391 [1] NCCL INFO Connected to proxy localRank 0 -> connection 0x7f4df0005368
MOC-R4PCC04U05:641176:641317 [1] NCCL INFO New proxy send connection 9 from local rank 2, transport 0
MOC-R4PCC04U05:641177:641392 [2] NCCL INFO Connected to proxy localRank 1 -> connection 0x7f7be0005368
MOC-R4PCC04U05:641177:641319 [2] NCCL INFO NET/IB: NCCL Dev 1 IbDev 0 Port 1 qpn 10518 mtu 3 query_ece={supported=1, vendor_id=0x15b3, options=0x30000002, comp_mask=0x0} GID 3 (0/C132A8C0FFFF0000) fifoRkey=0x17d796 fifoLkey=0x17d796
MOC-R4PCC04U05:641177:641319 [2] NCCL INFO NET/IB: NCCL Dev 1 IbDev 0 Port 1 qpn 10519 mtu 3 query_ece={supported=1, vendor_id=0x15b3, options=0x30000002, comp_mask=0x0} GID 3 (0/C132A8C0FFFF0000) fifoRkey=0x1722e1 fifoLkey=0x1722e1
MOC-R4PCC04U05:641177:641319 [2] NCCL INFO NET/IB: IbDev 0 Port 1 qpn 10278 set_ece={supported=1, vendor_id=0x15b3, options=0x0, comp_mask=0x0}
MOC-R4PCC04U05:641177:641319 [2] NCCL INFO NET/IB: IbDev 0 Port 1 qpn 10280 set_ece={supported=1, vendor_id=0x15b3, options=0x0, comp_mask=0x0}
MOC-R4PCC04U05:641177:641319 [2] NCCL INFO New proxy send connection 13 from local rank 1, transport 0
MOC-R4PCC04U05:641176:641391 [1] NCCL INFO Connected to proxy localRank 2 -> connection 0x7f9f6c005548
num decayed parameter tensors: 50, with 124,318,464 parameters
num non-decayed parameter tensors: 98, with 121,344 parameters
using fused AdamW: False
using regular AdamW
MOC-R4PCC04U05:641175:641316 [0] NCCL INFO New proxy send connection 10 from local rank 0, transport 0
MOC-R4PCC04U05:641175:642017 [0] NCCL INFO Connected to proxy localRank 0 -> connection 0x7f4df00053e0
MOC-R4PCC04U05:641175:641316 [0] NCCL INFO New proxy send connection 11 from local rank 0, transport 0
MOC-R4PCC04U05:641175:642017 [0] NCCL INFO Connected to proxy localRank 0 -> connection 0x7f4df0005458
MOC-R4PCC04U05:641175:641316 [0] NCCL INFO New proxy send connection 12 from local rank 0, transport 0
MOC-R4PCC04U05:641175:642017 [0] NCCL INFO Connected to proxy localRank 0 -> connection 0x7f4df00054d0
MOC-R4PCC04U05:641175:641316 [0] NCCL INFO New proxy send connection 13 from local rank 0, transport 0
MOC-R4PCC04U05:641175:642017 [0] NCCL INFO Connected to proxy localRank 0 -> connection 0x7f4df0005548
MOC-R4PCC04U05:641177:641319 [2] NCCL INFO New proxy send connection 14 from local rank 2, transport 0
MOC-R4PCC04U05:641177:642018 [2] NCCL INFO Connected to proxy localRank 2 -> connection 0x7f9f6c0055c0
MOC-R4PCC04U05:641177:641319 [2] NCCL INFO New proxy send connection 15 from local rank 2, transport 0
MOC-R4PCC04U05:641177:642018 [2] NCCL INFO Connected to proxy localRank 2 -> connection 0x7f9f6c005638
MOC-R4PCC04U05:641177:641319 [2] NCCL INFO New proxy send connection 16 from local rank 2, transport 0
MOC-R4PCC04U05:641177:642018 [2] NCCL INFO Connected to proxy localRank 2 -> connection 0x7f9f6c0056b0
MOC-R4PCC04U05:641177:641319 [2] NCCL INFO New proxy send connection 17 from local rank 2, transport 0
MOC-R4PCC04U05:641177:642018 [2] NCCL INFO Connected to proxy localRank 2 -> connection 0x7f9f6c005728
MOC-R4PCC04U05:641176:641317 [1] NCCL INFO New proxy recv connection 10 from local rank 1, transport 0
MOC-R4PCC04U05:641176:642019 [1] NCCL INFO Connected to proxy localRank 1 -> connection 0x7f7be00053e0
MOC-R4PCC04U05:641176:641317 [1] NCCL INFO New proxy recv connection 11 from local rank 1, transport 0
MOC-R4PCC04U05:641176:642019 [1] NCCL INFO Connected to proxy localRank 1 -> connection 0x7f7be0005458
MOC-R4PCC04U05:641176:641317 [1] NCCL INFO New proxy recv connection 12 from local rank 1, transport 0
MOC-R4PCC04U05:641176:642019 [1] NCCL INFO Connected to proxy localRank 1 -> connection 0x7f7be00054d0
MOC-R4PCC04U05:641176:641317 [1] NCCL INFO New proxy recv connection 13 from local rank 1, transport 0
MOC-R4PCC04U05:641176:642019 [1] NCCL INFO Connected to proxy localRank 1 -> connection 0x7f7be0005548
MOC-R4PCC04U05:641175:641316 [0] NCCL INFO New proxy recv connection 14 from local rank 0, transport 0
MOC-R4PCC04U05:641175:642017 [0] NCCL INFO Connected to proxy localRank 0 -> connection 0x7f4df00055c0
MOC-R4PCC04U05:641175:641316 [0] NCCL INFO New proxy recv connection 15 from local rank 0, transport 0
MOC-R4PCC04U05:641175:642017 [0] NCCL INFO Connected to proxy localRank 0 -> connection 0x7f4df0005638
MOC-R4PCC04U05:641175:641316 [0] NCCL INFO New proxy recv connection 16 from local rank 0, transport 0
MOC-R4PCC04U05:641175:642017 [0] NCCL INFO Connected to proxy localRank 0 -> connection 0x7f4df00056b0
MOC-R4PCC04U05:641175:641316 [0] NCCL INFO New proxy recv connection 17 from local rank 0, transport 0
MOC-R4PCC04U05:641175:642017 [0] NCCL INFO Connected to proxy localRank 0 -> connection 0x7f4df0005728
MOC-R4PCC04U05:641178:641318 [3] NCCL INFO New proxy recv connection 5 from local rank 3, transport 0
MOC-R4PCC04U05:641178:642020 [3] NCCL INFO Connected to proxy localRank 3 -> connection 0x7f167c005188
MOC-R4PCC04U05:641178:641318 [3] NCCL INFO New proxy recv connection 6 from local rank 3, transport 0
MOC-R4PCC04U05:641178:642020 [3] NCCL INFO Connected to proxy localRank 3 -> connection 0x7f167c005200
MOC-R4PCC04U05:641178:641318 [3] NCCL INFO New proxy recv connection 7 from local rank 3, transport 0
MOC-R4PCC04U05:641178:642020 [3] NCCL INFO Connected to proxy localRank 3 -> connection 0x7f167c005278
MOC-R4PCC04U05:641178:641318 [3] NCCL INFO New proxy recv connection 8 from local rank 3, transport 0
MOC-R4PCC04U05:641178:642020 [3] NCCL INFO Connected to proxy localRank 3 -> connection 0x7f167c0052f0
MOC-R4PCC04U05:641178:641318 [3] NCCL INFO New proxy send connection 9 from local rank 3, transport 0
MOC-R4PCC04U05:641178:642020 [3] NCCL INFO Connected to proxy localRank 3 -> connection 0x7f167c005368
MOC-R4PCC04U05:641177:642018 [2] NCCL INFO GPU Direct RDMA Enabled for GPU 2 / HCA 1 (distance 5 <= 5), read 1 mode Default
MOC-R4PCC04U05:641177:641319 [2] NCCL INFO New proxy send connection 18 from local rank 2, transport 2
MOC-R4PCC04U05:641177:642018 [2] NCCL INFO Connected to proxy localRank 2 -> connection 0x7f9f6c0057a0
MOC-R4PCC04U05:641178:641318 [3] NCCL INFO New proxy send connection 10 from local rank 3, transport 0
MOC-R4PCC04U05:641178:642020 [3] NCCL INFO Connected to proxy localRank 3 -> connection 0x7f167c0053e0
MOC-R4PCC04U05:641177:642018 [2] NCCL INFO Channel 02/0 : 2[2] -> 6[2] [send] via NET/IB/1/GDRDMA
MOC-R4PCC04U05:641177:642018 [2] NCCL INFO GPU Direct RDMA Enabled for GPU 2 / HCA 1 (distance 5 <= 5), read 1 mode Default
MOC-R4PCC04U05:641177:641319 [2] NCCL INFO New proxy send connection 19 from local rank 2, transport 2
MOC-R4PCC04U05:641177:642018 [2] NCCL INFO Connected to proxy localRank 2 -> connection 0x7f9f6c005818
MOC-R4PCC04U05:641177:642018 [2] NCCL INFO Channel 03/0 : 2[2] -> 6[2] [send] via NET/IB/1/GDRDMA
MOC-R4PCC04U05:641178:641318 [3] NCCL INFO New proxy send connection 11 from local rank 3, transport 0
MOC-R4PCC04U05:641178:642020 [3] NCCL INFO Connected to proxy localRank 3 -> connection 0x7f167c005458
MOC-R4PCC04U05:641178:641318 [3] NCCL INFO New proxy send connection 12 from local rank 3, transport 0
MOC-R4PCC04U05:641178:642020 [3] NCCL INFO Connected to proxy localRank 3 -> connection 0x7f167c0054d0
MOC-R4PCC04U05:641177:642018 [2] NCCL INFO GPU Direct RDMA Enabled for GPU 2 / HCA 1 (distance 5 <= 5), read 0 mode Default
MOC-R4PCC04U05:641177:641319 [2] NCCL INFO New proxy recv connection 20 from local rank 2, transport 2
MOC-R4PCC04U05:641178:641318 [3] NCCL INFO New proxy send connection 13 from local rank 3, transport 0
MOC-R4PCC04U05:641178:642020 [3] NCCL INFO Connected to proxy localRank 3 -> connection 0x7f167c005548
MOC-R4PCC04U05:641177:642018 [2] NCCL INFO Connected to proxy localRank 2 -> connection 0x7f9f6c005890
MOC-R4PCC04U05:641177:642018 [2] NCCL INFO Channel 00/0 : 10[2] -> 2[2] [receive] via NET/IB/1/GDRDMA
MOC-R4PCC04U05:641177:642018 [2] NCCL INFO GPU Direct RDMA Enabled for GPU 2 / HCA 1 (distance 5 <= 5), read 0 mode Default
MOC-R4PCC04U05:641178:641318 [3] NCCL INFO New proxy send connection 14 from local rank 3, transport 0
MOC-R4PCC04U05:641178:642020 [3] NCCL INFO Connected to proxy localRank 3 -> connection 0x7f167c0055c0
MOC-R4PCC04U05:641177:641319 [2] NCCL INFO New proxy recv connection 21 from local rank 2, transport 2
MOC-R4PCC04U05:641177:642018 [2] NCCL INFO Connected to proxy localRank 2 -> connection 0x7f9f6c005908
MOC-R4PCC04U05:641177:642018 [2] NCCL INFO Channel 01/0 : 10[2] -> 2[2] [receive] via NET/IB/1/GDRDMA
MOC-R4PCC04U05:641177:642018 [2] NCCL INFO GPU Direct RDMA Enabled for GPU 2 / HCA 1 (distance 5 <= 5), read 1 mode Default
MOC-R4PCC04U05:641177:641319 [2] NCCL INFO New proxy send connection 22 from local rank 2, transport 2
MOC-R4PCC04U05:641177:642018 [2] NCCL INFO Connected to proxy localRank 2 -> connection 0x7f9f6c005980
MOC-R4PCC04U05:641178:641318 [3] NCCL INFO New proxy send connection 15 from local rank 3, transport 0
MOC-R4PCC04U05:641177:642018 [2] NCCL INFO Channel 00/0 : 2[2] -> 10[2] [send] via NET/IB/1/GDRDMA
MOC-R4PCC04U05:641177:642018 [2] NCCL INFO GPU Direct RDMA Enabled for GPU 2 / HCA 1 (distance 5 <= 5), read 1 mode Default
MOC-R4PCC04U05:641178:642020 [3] NCCL INFO Connected to proxy localRank 3 -> connection 0x7f167c005638
MOC-R4PCC04U05:641177:641319 [2] NCCL INFO New proxy send connection 23 from local rank 2, transport 2
MOC-R4PCC04U05:641177:642018 [2] NCCL INFO Connected to proxy localRank 2 -> connection 0x7f9f6c0059f8
MOC-R4PCC04U05:641177:642018 [2] NCCL INFO Channel 01/0 : 2[2] -> 10[2] [send] via NET/IB/1/GDRDMA
MOC-R4PCC04U05:641178:641318 [3] NCCL INFO New proxy send connection 16 from local rank 3, transport 0
MOC-R4PCC04U05:641178:642020 [3] NCCL INFO Connected to proxy localRank 3 -> connection 0x7f167c0056b0
MOC-R4PCC04U05:641177:642018 [2] NCCL INFO GPU Direct RDMA Enabled for GPU 2 / HCA 1 (distance 5 <= 5), read 0 mode Default
MOC-R4PCC04U05:641177:641319 [2] NCCL INFO New proxy recv connection 24 from local rank 2, transport 2
MOC-R4PCC04U05:641177:642018 [2] NCCL INFO Connected to proxy localRank 2 -> connection 0x7f9f6c005a70
MOC-R4PCC04U05:641177:642018 [2] NCCL INFO Channel 02/0 : 6[2] -> 2[2] [receive] via NET/IB/1/GDRDMA
MOC-R4PCC04U05:641177:642018 [2] NCCL INFO GPU Direct RDMA Enabled for GPU 2 / HCA 1 (distance 5 <= 5), read 0 mode Default
MOC-R4PCC04U05:641177:641319 [2] NCCL INFO New proxy recv connection 25 from local rank 2, transport 2
MOC-R4PCC04U05:641177:642018 [2] NCCL INFO Connected to proxy localRank 2 -> connection 0x7f9f6c005ae8
MOC-R4PCC04U05:641177:642018 [2] NCCL INFO Channel 03/0 : 6[2] -> 2[2] [receive] via NET/IB/1/GDRDMA
MOC-R4PCC04U05:641177:641319 [2] NCCL INFO New proxy recv connection 26 from local rank 2, transport 0
MOC-R4PCC04U05:641177:642018 [2] NCCL INFO Connected to proxy localRank 2 -> connection 0x7f9f6c005b60
MOC-R4PCC04U05:641177:641319 [2] NCCL INFO New proxy recv connection 27 from local rank 2, transport 0
MOC-R4PCC04U05:641177:642018 [2] NCCL INFO Connected to proxy localRank 2 -> connection 0x7f9f6c005bd8
MOC-R4PCC04U05:641177:641319 [2] NCCL INFO New proxy recv connection 28 from local rank 2, transport 0
MOC-R4PCC04U05:641177:642018 [2] NCCL INFO Connected to proxy localRank 2 -> connection 0x7f9f6c005c50
MOC-R4PCC04U05:641177:641319 [2] NCCL INFO New proxy recv connection 29 from local rank 2, transport 0
MOC-R4PCC04U05:641177:642018 [2] NCCL INFO Connected to proxy localRank 2 -> connection 0x7f9f6c005cc8
MOC-R4PCC04U05:641178:641318 [3] NCCL INFO New proxy send connection 17 from local rank 2, transport 0
MOC-R4PCC04U05:641177:642018 [2] NCCL INFO Connected to proxy localRank 3 -> connection 0x7f167c005728
MOC-R4PCC04U05:641177:641319 [2] NCCL INFO NET/IB: NCCL Dev 1 IbDev 0 Port 1 qpn 10526 mtu 3 query_ece={supported=1, vendor_id=0x15b3, options=0x30000002, comp_mask=0x0} GID 3 (0/C132A8C0FFFF0000) fifoRkey=0x174705 fifoLkey=0x174705
MOC-R4PCC04U05:641177:641319 [2] NCCL INFO NET/IB: NCCL Dev 1 IbDev 0 Port 1 qpn 10527 mtu 3 query_ece={supported=1, vendor_id=0x15b3, options=0x30000002, comp_mask=0x0} GID 3 (0/C132A8C0FFFF0000) fifoRkey=0x177837 fifoLkey=0x177837
MOC-R4PCC04U05:641177:641319 [2] NCCL INFO NET/IB: IbDev 0 Port 1 qpn 10286 set_ece={supported=1, vendor_id=0x15b3, options=0x0, comp_mask=0x0}
MOC-R4PCC04U05:641177:641319 [2] NCCL INFO NET/IB: IbDev 0 Port 1 qpn 10288 set_ece={supported=1, vendor_id=0x15b3, options=0x0, comp_mask=0x0}
MOC-R4PCC04U05:641177:641319 [2] NCCL INFO NET/IB: NCCL Dev 1 IbDev 0 Port 1 qpn 10528 mtu 3 query_ece={supported=1, vendor_id=0x15b3, options=0x30000002, comp_mask=0x0} GID 3 (0/C132A8C0FFFF0000) fifoRkey=0x175412 fifoLkey=0x175412
MOC-R4PCC04U05:641177:641319 [2] NCCL INFO NET/IB: NCCL Dev 1 IbDev 0 Port 1 qpn 10529 mtu 3 query_ece={supported=1, vendor_id=0x15b3, options=0x30000002, comp_mask=0x0} GID 3 (0/C132A8C0FFFF0000) fifoRkey=0x17cb8a fifoLkey=0x17cb8a
MOC-R4PCC04U05:641177:641319 [2] NCCL INFO NET/IB: IbDev 0 Port 1 qpn 7739 set_ece={supported=1, vendor_id=0x15b3, options=0x0, comp_mask=0x0}
MOC-R4PCC04U05:641177:641319 [2] NCCL INFO NET/IB: IbDev 0 Port 1 qpn 7742 set_ece={supported=1, vendor_id=0x15b3, options=0x0, comp_mask=0x0}
step    1/10 | train loss 11.010114 | norm 15.2907 | lr 1.00e-04 | (14387.81 ms | 255078 tok/s)
step    2/10 | train loss 10.140853 | norm 5.7211 | lr 1.00e-04 | (596.68 ms | 6150775 tok/s)
step    3/10 | train loss 9.801553 | norm 2.5941 | lr 1.00e-04 | (598.14 ms | 6135714 tok/s)
step    4/10 | train loss 9.632916 | norm 2.0997 | lr 1.00e-04 | (598.94 ms | 6127561 tok/s)
step    5/10 | train loss 9.550361 | norm 2.0944 | lr 1.00e-04 | (599.20 ms | 6124833 tok/s)
step    6/10 | train loss 9.469849 | norm 1.9874 | lr 1.00e-04 | (603.36 ms | 6082598 tok/s)
step    7/10 | train loss 9.385086 | norm 1.9374 | lr 1.00e-04 | (599.72 ms | 6119581 tok/s)
step    8/10 | train loss 9.294353 | norm 1.9058 | lr 1.00e-04 | (600.12 ms | 6115423 tok/s)
step    9/10 | train loss 9.199842 | norm 1.8538 | lr 1.00e-04 | (597.28 ms | 6144531 tok/s)
step   10/10 | train loss 9.114294 | norm 1.7841 | lr 1.00e-04 | (598.43 ms | 6132737 tok/s)
final 9 iters avg: 599.097ms
peak memory consumption: 16601 MiB
