Running pytorch 2.7.0+cu126
using device: cuda:0
total desired batch size: 5242880
=> calculated gradient accumulation steps: 10
using device: cuda:3
using device: cuda:1
using device: cuda:2
compiling the model...
DataLoader: total number of tokens: 1,661,249,667 across 103 files
MOC-R4PCC04U05:706253:706253 [0] NCCL INFO NCCL_SOCKET_IFNAME set to eno7np0
MOC-R4PCC04U05:706253:706253 [0] NCCL INFO NCCL version 2.26.2+cuda12.2
MOC-R4PCC04U05:706256:706256 [3] NCCL INFO NCCL_SOCKET_IFNAME set to eno7np0
MOC-R4PCC04U05:706256:706256 [3] NCCL INFO NCCL version 2.26.2+cuda12.2
MOC-R4PCC04U05:706254:706254 [1] NCCL INFO NCCL_SOCKET_IFNAME set to eno7np0
MOC-R4PCC04U05:706254:706254 [1] NCCL INFO NCCL version 2.26.2+cuda12.2
MOC-R4PCC04U05:706253:706357 [0] NCCL INFO NET/Plugin: Could not find: libnccl-net.so. Using internal net plugin.
MOC-R4PCC04U05:706253:706357 [0] NCCL INFO NCCL_IB_HCA set to mlx5_5
MOC-R4PCC04U05:706255:706255 [2] NCCL INFO NCCL_SOCKET_IFNAME set to eno7np0
MOC-R4PCC04U05:706255:706255 [2] NCCL INFO NCCL version 2.26.2+cuda12.2
MOC-R4PCC04U05:706253:706357 [0] NCCL INFO NET/IB : Made virtual device [0] name=mlx5_5 speed=400000 ndevs=1
MOC-R4PCC04U05:706253:706357 [0] NCCL INFO NET/IB : Using [0]mlx5_5:1/RoCE [RO]; OOB eno7np0:192.168.50.193<0>
MOC-R4PCC04U05:706256:706379 [3] NCCL INFO NET/Plugin: Could not find: libnccl-net.so. Using internal net plugin.
MOC-R4PCC04U05:706256:706379 [3] NCCL INFO NCCL_IB_HCA set to mlx5_5
MOC-R4PCC04U05:706254:706380 [1] NCCL INFO NET/Plugin: Could not find: libnccl-net.so. Using internal net plugin.
MOC-R4PCC04U05:706254:706380 [1] NCCL INFO NCCL_IB_HCA set to mlx5_5
MOC-R4PCC04U05:706255:706381 [2] NCCL INFO NET/Plugin: Could not find: libnccl-net.so. Using internal net plugin.
MOC-R4PCC04U05:706255:706381 [2] NCCL INFO NCCL_IB_HCA set to mlx5_5
MOC-R4PCC04U05:706256:706379 [3] NCCL INFO NET/IB : Made virtual device [0] name=mlx5_5 speed=400000 ndevs=1
MOC-R4PCC04U05:706256:706379 [3] NCCL INFO NET/IB : Using [0]mlx5_5:1/RoCE [RO]; OOB eno7np0:192.168.50.193<0>
MOC-R4PCC04U05:706254:706380 [1] NCCL INFO NET/IB : Made virtual device [0] name=mlx5_5 speed=400000 ndevs=1
MOC-R4PCC04U05:706254:706380 [1] NCCL INFO NET/IB : Using [0]mlx5_5:1/RoCE [RO]; OOB eno7np0:192.168.50.193<0>
MOC-R4PCC04U05:706255:706381 [2] NCCL INFO NET/IB : Made virtual device [0] name=mlx5_5 speed=400000 ndevs=1
MOC-R4PCC04U05:706255:706381 [2] NCCL INFO NET/IB : Using [0]mlx5_5:1/RoCE [RO]; OOB eno7np0:192.168.50.193<0>
MOC-R4PCC04U05:706254:706380 [1] NCCL INFO NET/IB : GPU Direct RDMA Enabled for HCA 0 'mlx5_5'
MOC-R4PCC04U05:706254:706380 [1] NCCL INFO NET/IB : Made virtual device [1] name=mlx5_5 speed=400000 ndevs=1
MOC-R4PCC04U05:706254:706380 [1] NCCL INFO NET/IB : GPU Direct RDMA Enabled for HCA 0 'mlx5_5'
MOC-R4PCC04U05:706254:706380 [1] NCCL INFO NET/IB : GPU Direct RDMA Enabled for HCA 1 'mlx5_5'
MOC-R4PCC04U05:706255:706381 [2] NCCL INFO NET/IB : GPU Direct RDMA Enabled for HCA 0 'mlx5_5'
MOC-R4PCC04U05:706255:706381 [2] NCCL INFO NET/IB : Made virtual device [1] name=mlx5_5 speed=400000 ndevs=1
MOC-R4PCC04U05:706255:706381 [2] NCCL INFO NET/IB : GPU Direct RDMA Enabled for HCA 0 'mlx5_5'
MOC-R4PCC04U05:706255:706381 [2] NCCL INFO NET/IB : GPU Direct RDMA Enabled for HCA 1 'mlx5_5'
MOC-R4PCC04U05:706253:706357 [0] NCCL INFO NET/IB : GPU Direct RDMA Enabled for HCA 0 'mlx5_5'
MOC-R4PCC04U05:706253:706357 [0] NCCL INFO NET/IB : Made virtual device [1] name=mlx5_5 speed=400000 ndevs=1
MOC-R4PCC04U05:706253:706357 [0] NCCL INFO NET/IB : GPU Direct RDMA Enabled for HCA 0 'mlx5_5'
MOC-R4PCC04U05:706253:706357 [0] NCCL INFO NET/IB : GPU Direct RDMA Enabled for HCA 1 'mlx5_5'
MOC-R4PCC04U05:706256:706379 [3] NCCL INFO NET/IB : GPU Direct RDMA Enabled for HCA 0 'mlx5_5'
MOC-R4PCC04U05:706256:706379 [3] NCCL INFO NET/IB : Made virtual device [1] name=mlx5_5 speed=400000 ndevs=1
MOC-R4PCC04U05:706256:706379 [3] NCCL INFO NET/IB : GPU Direct RDMA Enabled for HCA 0 'mlx5_5'
MOC-R4PCC04U05:706256:706379 [3] NCCL INFO NET/IB : GPU Direct RDMA Enabled for HCA 1 'mlx5_5'
MOC-R4PCC04U05:706253:706357 [0] NCCL INFO GPU Direct RDMA Enabled for GPU 0 / HCA 1 (distance 5 <= 5), read 0 mode Default
MOC-R4PCC04U05:706253:706357 [0] NCCL INFO GPU Direct RDMA Enabled for GPU 1 / HCA 1 (distance 5 <= 5), read 0 mode Default
MOC-R4PCC04U05:706253:706357 [0] NCCL INFO GPU Direct RDMA Enabled for GPU 2 / HCA 1 (distance 5 <= 5), read 0 mode Default
MOC-R4PCC04U05:706253:706357 [0] NCCL INFO GPU Direct RDMA Enabled for GPU 3 / HCA 1 (distance 5 <= 5), read 0 mode Default
MOC-R4PCC04U05:706253:706357 [0] NCCL INFO GPU Direct RDMA Enabled for GPU 0 / HCA 1 (distance 5 <= 5), read 0 mode Default
MOC-R4PCC04U05:706253:706357 [0] NCCL INFO GPU Direct RDMA Enabled for GPU 1 / HCA 1 (distance 5 <= 5), read 0 mode Default
MOC-R4PCC04U05:706253:706357 [0] NCCL INFO GPU Direct RDMA Enabled for GPU 2 / HCA 1 (distance 5 <= 5), read 0 mode Default
MOC-R4PCC04U05:706253:706357 [0] NCCL INFO GPU Direct RDMA Enabled for GPU 3 / HCA 1 (distance 5 <= 5), read 0 mode Default
MOC-R4PCC04U05:706256:706379 [3] NCCL INFO GPU Direct RDMA Enabled for GPU 0 / HCA 1 (distance 5 <= 5), read 0 mode Default
MOC-R4PCC04U05:706256:706379 [3] NCCL INFO GPU Direct RDMA Enabled for GPU 1 / HCA 1 (distance 5 <= 5), read 0 mode Default
MOC-R4PCC04U05:706256:706379 [3] NCCL INFO GPU Direct RDMA Enabled for GPU 2 / HCA 1 (distance 5 <= 5), read 0 mode Default
MOC-R4PCC04U05:706256:706379 [3] NCCL INFO GPU Direct RDMA Enabled for GPU 3 / HCA 1 (distance 5 <= 5), read 0 mode Default
MOC-R4PCC04U05:706256:706379 [3] NCCL INFO GPU Direct RDMA Enabled for GPU 0 / HCA 1 (distance 5 <= 5), read 0 mode Default
MOC-R4PCC04U05:706256:706379 [3] NCCL INFO GPU Direct RDMA Enabled for GPU 1 / HCA 1 (distance 5 <= 5), read 0 mode Default
MOC-R4PCC04U05:706256:706379 [3] NCCL INFO GPU Direct RDMA Enabled for GPU 2 / HCA 1 (distance 5 <= 5), read 0 mode Default
MOC-R4PCC04U05:706256:706379 [3] NCCL INFO GPU Direct RDMA Enabled for GPU 3 / HCA 1 (distance 5 <= 5), read 0 mode Default
MOC-R4PCC04U05:706254:706380 [1] NCCL INFO GPU Direct RDMA Enabled for GPU 0 / HCA 1 (distance 5 <= 5), read 0 mode Default
MOC-R4PCC04U05:706255:706381 [2] NCCL INFO GPU Direct RDMA Enabled for GPU 0 / HCA 1 (distance 5 <= 5), read 0 mode Default
MOC-R4PCC04U05:706254:706380 [1] NCCL INFO GPU Direct RDMA Enabled for GPU 1 / HCA 1 (distance 5 <= 5), read 0 mode Default
MOC-R4PCC04U05:706255:706381 [2] NCCL INFO GPU Direct RDMA Enabled for GPU 1 / HCA 1 (distance 5 <= 5), read 0 mode Default
MOC-R4PCC04U05:706254:706380 [1] NCCL INFO GPU Direct RDMA Enabled for GPU 2 / HCA 1 (distance 5 <= 5), read 0 mode Default
MOC-R4PCC04U05:706255:706381 [2] NCCL INFO GPU Direct RDMA Enabled for GPU 2 / HCA 1 (distance 5 <= 5), read 0 mode Default
MOC-R4PCC04U05:706254:706380 [1] NCCL INFO GPU Direct RDMA Enabled for GPU 3 / HCA 1 (distance 5 <= 5), read 0 mode Default
MOC-R4PCC04U05:706255:706381 [2] NCCL INFO GPU Direct RDMA Enabled for GPU 3 / HCA 1 (distance 5 <= 5), read 0 mode Default
MOC-R4PCC04U05:706254:706380 [1] NCCL INFO GPU Direct RDMA Enabled for GPU 0 / HCA 1 (distance 5 <= 5), read 0 mode Default
MOC-R4PCC04U05:706255:706381 [2] NCCL INFO GPU Direct RDMA Enabled for GPU 0 / HCA 1 (distance 5 <= 5), read 0 mode Default
MOC-R4PCC04U05:706254:706380 [1] NCCL INFO GPU Direct RDMA Enabled for GPU 1 / HCA 1 (distance 5 <= 5), read 0 mode Default
MOC-R4PCC04U05:706255:706381 [2] NCCL INFO GPU Direct RDMA Enabled for GPU 1 / HCA 1 (distance 5 <= 5), read 0 mode Default
MOC-R4PCC04U05:706254:706380 [1] NCCL INFO GPU Direct RDMA Enabled for GPU 2 / HCA 1 (distance 5 <= 5), read 0 mode Default
MOC-R4PCC04U05:706255:706381 [2] NCCL INFO GPU Direct RDMA Enabled for GPU 2 / HCA 1 (distance 5 <= 5), read 0 mode Default
MOC-R4PCC04U05:706254:706380 [1] NCCL INFO GPU Direct RDMA Enabled for GPU 3 / HCA 1 (distance 5 <= 5), read 0 mode Default
MOC-R4PCC04U05:706255:706381 [2] NCCL INFO GPU Direct RDMA Enabled for GPU 3 / HCA 1 (distance 5 <= 5), read 0 mode Default
MOC-R4PCC04U05:706255:706403 [2] NCCL INFO GPU Direct RDMA Enabled for GPU 2 / HCA 1 (distance 5 <= 5), read 0 mode Default
MOC-R4PCC04U05:706256:706395 [3] NCCL INFO New proxy recv connection 0 from local rank 3, transport 0
MOC-R4PCC04U05:706256:706402 [3] NCCL INFO Connected to proxy localRank 3 -> connection 0x7fc570004f30
MOC-R4PCC04U05:706253:706394 [0] NCCL INFO New proxy send connection 0 from local rank 0, transport 0
MOC-R4PCC04U05:706253:706404 [0] NCCL INFO Connected to proxy localRank 0 -> connection 0x7f9b20004f30
MOC-R4PCC04U05:706255:706396 [2] NCCL INFO New proxy recv connection 0 from local rank 2, transport 2
MOC-R4PCC04U05:706255:706403 [2] NCCL INFO Connected to proxy localRank 2 -> connection 0x7f56e0004f30
MOC-R4PCC04U05:706255:706403 [2] NCCL INFO Channel 00/0 : 15[3] -> 2[2] [receive] via NET/IB/1/GDRDMA
MOC-R4PCC04U05:706255:706403 [2] NCCL INFO GPU Direct RDMA Enabled for GPU 2 / HCA 1 (distance 5 <= 5), read 0 mode Default
MOC-R4PCC04U05:706255:706396 [2] NCCL INFO New proxy recv connection 1 from local rank 2, transport 2
MOC-R4PCC04U05:706255:706403 [2] NCCL INFO Connected to proxy localRank 2 -> connection 0x7f56e0004fa8
MOC-R4PCC04U05:706255:706403 [2] NCCL INFO Channel 01/0 : 15[3] -> 2[2] [receive] via NET/IB/1/GDRDMA
MOC-R4PCC04U05:706255:706403 [2] NCCL INFO GPU Direct RDMA Enabled for GPU 2 / HCA 1 (distance 5 <= 5), read 0 mode Default
MOC-R4PCC04U05:706255:706396 [2] NCCL INFO New proxy recv connection 2 from local rank 2, transport 2
MOC-R4PCC04U05:706255:706403 [2] NCCL INFO Connected to proxy localRank 2 -> connection 0x7f56e0005020
MOC-R4PCC04U05:706255:706403 [2] NCCL INFO Channel 02/0 : 15[3] -> 2[2] [receive] via NET/IB/1/GDRDMA
MOC-R4PCC04U05:706255:706403 [2] NCCL INFO GPU Direct RDMA Enabled for GPU 2 / HCA 1 (distance 5 <= 5), read 0 mode Default
MOC-R4PCC04U05:706255:706396 [2] NCCL INFO New proxy recv connection 3 from local rank 2, transport 2
MOC-R4PCC04U05:706255:706403 [2] NCCL INFO Connected to proxy localRank 2 -> connection 0x7f56e0005098
MOC-R4PCC04U05:706255:706403 [2] NCCL INFO Channel 03/0 : 15[3] -> 2[2] [receive] via NET/IB/1/GDRDMA
MOC-R4PCC04U05:706255:706396 [2] NCCL INFO New proxy send connection 4 from local rank 2, transport 0
MOC-R4PCC04U05:706255:706403 [2] NCCL INFO Connected to proxy localRank 2 -> connection 0x7f56e0005110
MOC-R4PCC04U05:706253:706394 [0] NCCL INFO New proxy send connection 1 from local rank 0, transport 0
MOC-R4PCC04U05:706253:706404 [0] NCCL INFO Connected to proxy localRank 0 -> connection 0x7f9b20004fa8
MOC-R4PCC04U05:706255:706396 [2] NCCL INFO New proxy send connection 5 from local rank 2, transport 0
MOC-R4PCC04U05:706255:706403 [2] NCCL INFO Connected to proxy localRank 2 -> connection 0x7f56e0005188
MOC-R4PCC04U05:706256:706395 [3] NCCL INFO New proxy recv connection 1 from local rank 3, transport 0
MOC-R4PCC04U05:706253:706394 [0] NCCL INFO New proxy send connection 2 from local rank 0, transport 0
MOC-R4PCC04U05:706255:706396 [2] NCCL INFO New proxy send connection 6 from local rank 2, transport 0
MOC-R4PCC04U05:706256:706402 [3] NCCL INFO Connected to proxy localRank 3 -> connection 0x7fc570004fa8
MOC-R4PCC04U05:706253:706404 [0] NCCL INFO Connected to proxy localRank 0 -> connection 0x7f9b20005020
MOC-R4PCC04U05:706255:706403 [2] NCCL INFO Connected to proxy localRank 2 -> connection 0x7f56e0005200
MOC-R4PCC04U05:706253:706394 [0] NCCL INFO New proxy send connection 3 from local rank 0, transport 0
MOC-R4PCC04U05:706256:706395 [3] NCCL INFO New proxy recv connection 2 from local rank 3, transport 0
MOC-R4PCC04U05:706255:706396 [2] NCCL INFO New proxy send connection 7 from local rank 2, transport 0
MOC-R4PCC04U05:706253:706404 [0] NCCL INFO Connected to proxy localRank 0 -> connection 0x7f9b20005098
MOC-R4PCC04U05:706256:706402 [3] NCCL INFO Connected to proxy localRank 3 -> connection 0x7fc570005020
MOC-R4PCC04U05:706255:706403 [2] NCCL INFO Connected to proxy localRank 2 -> connection 0x7f56e0005278
MOC-R4PCC04U05:706254:706400 [1] NCCL INFO New proxy recv connection 0 from local rank 1, transport 0
MOC-R4PCC04U05:706254:706406 [1] NCCL INFO Connected to proxy localRank 1 -> connection 0x7f5ae4004f30
MOC-R4PCC04U05:706256:706395 [3] NCCL INFO New proxy recv connection 3 from local rank 3, transport 0
MOC-R4PCC04U05:706256:706402 [3] NCCL INFO Connected to proxy localRank 3 -> connection 0x7fc570005098
MOC-R4PCC04U05:706254:706400 [1] NCCL INFO New proxy recv connection 1 from local rank 1, transport 0
MOC-R4PCC04U05:706254:706406 [1] NCCL INFO Connected to proxy localRank 1 -> connection 0x7f5ae4004fa8
MOC-R4PCC04U05:706256:706402 [3] NCCL INFO GPU Direct RDMA Enabled for GPU 3 / HCA 1 (distance 5 <= 5), read 1 mode Default
MOC-R4PCC04U05:706254:706400 [1] NCCL INFO New proxy recv connection 2 from local rank 1, transport 0
MOC-R4PCC04U05:706254:706406 [1] NCCL INFO Connected to proxy localRank 1 -> connection 0x7f5ae4005020
MOC-R4PCC04U05:706255:706396 [2] NCCL INFO New proxy send connection 8 from local rank 3, transport 2
MOC-R4PCC04U05:706256:706402 [3] NCCL INFO Connected to proxy localRank 2 -> connection 0x7f56e00052f0
MOC-R4PCC04U05:706256:706402 [3] NCCL INFO Channel 00/0 : 3[3] -> 6[2] [send] via NET/IB/1(2)/GDRDMA
MOC-R4PCC04U05:706256:706402 [3] NCCL INFO GPU Direct RDMA Enabled for GPU 3 / HCA 1 (distance 5 <= 5), read 1 mode Default
MOC-R4PCC04U05:706255:706396 [2] NCCL INFO New proxy send connection 9 from local rank 3, transport 2
MOC-R4PCC04U05:706256:706402 [3] NCCL INFO Connected to proxy localRank 2 -> connection 0x7f56e0005368
MOC-R4PCC04U05:706256:706402 [3] NCCL INFO Channel 01/0 : 3[3] -> 6[2] [send] via NET/IB/1(2)/GDRDMA
MOC-R4PCC04U05:706256:706402 [3] NCCL INFO GPU Direct RDMA Enabled for GPU 3 / HCA 1 (distance 5 <= 5), read 1 mode Default
MOC-R4PCC04U05:706255:706396 [2] NCCL INFO New proxy send connection 10 from local rank 3, transport 2
MOC-R4PCC04U05:706256:706402 [3] NCCL INFO Connected to proxy localRank 2 -> connection 0x7f56e00053e0
MOC-R4PCC04U05:706256:706402 [3] NCCL INFO Channel 02/0 : 3[3] -> 6[2] [send] via NET/IB/1(2)/GDRDMA
MOC-R4PCC04U05:706256:706402 [3] NCCL INFO GPU Direct RDMA Enabled for GPU 3 / HCA 1 (distance 5 <= 5), read 1 mode Default
MOC-R4PCC04U05:706255:706396 [2] NCCL INFO New proxy send connection 11 from local rank 3, transport 2
MOC-R4PCC04U05:706256:706402 [3] NCCL INFO Connected to proxy localRank 2 -> connection 0x7f56e0005458
MOC-R4PCC04U05:706256:706402 [3] NCCL INFO Channel 03/0 : 3[3] -> 6[2] [send] via NET/IB/1(2)/GDRDMA
MOC-R4PCC04U05:706253:706394 [0] NCCL INFO New proxy recv connection 4 from local rank 0, transport 0
MOC-R4PCC04U05:706253:706404 [0] NCCL INFO Connected to proxy localRank 0 -> connection 0x7f9b20005110
MOC-R4PCC04U05:706254:706400 [1] NCCL INFO New proxy recv connection 3 from local rank 1, transport 0
MOC-R4PCC04U05:706253:706394 [0] NCCL INFO New proxy recv connection 5 from local rank 0, transport 0
MOC-R4PCC04U05:706254:706406 [1] NCCL INFO Connected to proxy localRank 1 -> connection 0x7f5ae4005098
MOC-R4PCC04U05:706253:706404 [0] NCCL INFO Connected to proxy localRank 0 -> connection 0x7f9b20005188
MOC-R4PCC04U05:706253:706394 [0] NCCL INFO New proxy send connection 6 from local rank 3, transport 0
MOC-R4PCC04U05:706256:706402 [3] NCCL INFO Connected to proxy localRank 0 -> connection 0x7f9b20005200
MOC-R4PCC04U05:706253:706394 [0] NCCL INFO New proxy recv connection 7 from local rank 0, transport 0
MOC-R4PCC04U05:706253:706404 [0] NCCL INFO Connected to proxy localRank 0 -> connection 0x7f9b20005278
MOC-R4PCC04U05:706254:706400 [1] NCCL INFO New proxy send connection 4 from local rank 1, transport 0
MOC-R4PCC04U05:706254:706406 [1] NCCL INFO Connected to proxy localRank 1 -> connection 0x7f5ae4005110
MOC-R4PCC04U05:706253:706394 [0] NCCL INFO New proxy recv connection 8 from local rank 0, transport 0
MOC-R4PCC04U05:706253:706404 [0] NCCL INFO Connected to proxy localRank 0 -> connection 0x7f9b200052f0
MOC-R4PCC04U05:706254:706400 [1] NCCL INFO New proxy send connection 5 from local rank 1, transport 0
MOC-R4PCC04U05:706254:706406 [1] NCCL INFO Connected to proxy localRank 1 -> connection 0x7f5ae4005188
MOC-R4PCC04U05:706254:706400 [1] NCCL INFO New proxy send connection 6 from local rank 1, transport 0
MOC-R4PCC04U05:706254:706406 [1] NCCL INFO Connected to proxy localRank 1 -> connection 0x7f5ae4005200
MOC-R4PCC04U05:706254:706400 [1] NCCL INFO New proxy send connection 7 from local rank 1, transport 0
MOC-R4PCC04U05:706254:706406 [1] NCCL INFO Connected to proxy localRank 1 -> connection 0x7f5ae4005278
MOC-R4PCC04U05:706255:706396 [2] NCCL INFO NET/IB: NCCL Dev 1 IbDev 0 Port 1 qpn 11618 mtu 3 query_ece={supported=1, vendor_id=0x15b3, options=0x30000002, comp_mask=0x0} GID 3 (0/C132A8C0FFFF0000) fifoRkey=0x173af9 fifoLkey=0x173af9
MOC-R4PCC04U05:706255:706396 [2] NCCL INFO NET/IB: IbDev 0 Port 1 qpn 11930 set_ece={supported=1, vendor_id=0x15b3, options=0x0, comp_mask=0x0}
MOC-R4PCC04U05:706256:706395 [3] NCCL INFO New proxy send connection 4 from local rank 0, transport 0
MOC-R4PCC04U05:706253:706394 [0] NCCL INFO New proxy send connection 9 from local rank 1, transport 0
MOC-R4PCC04U05:706254:706400 [1] NCCL INFO New proxy send connection 8 from local rank 2, transport 0
MOC-R4PCC04U05:706254:706406 [1] NCCL INFO Connected to proxy localRank 0 -> connection 0x7f9b20005368
MOC-R4PCC04U05:706253:706404 [0] NCCL INFO Connected to proxy localRank 3 -> connection 0x7fc570005110
MOC-R4PCC04U05:706255:706403 [2] NCCL INFO Connected to proxy localRank 1 -> connection 0x7f5ae40052f0
MOC-R4PCC04U05:706255:706396 [2] NCCL INFO NET/IB: NCCL Dev 1 IbDev 0 Port 1 qpn 11619 mtu 3 query_ece={supported=1, vendor_id=0x15b3, options=0x30000002, comp_mask=0x0} GID 3 (0/C132A8C0FFFF0000) fifoRkey=0x174606 fifoLkey=0x174606
MOC-R4PCC04U05:706255:706396 [2] NCCL INFO NET/IB: IbDev 0 Port 1 qpn 11932 set_ece={supported=1, vendor_id=0x15b3, options=0x0, comp_mask=0x0}
MOC-R4PCC04U05:706255:706396 [2] NCCL INFO New proxy send connection 12 from local rank 1, transport 0
MOC-R4PCC04U05:706254:706406 [1] NCCL INFO Connected to proxy localRank 2 -> connection 0x7f56e00054d0
MOC-R4PCC04U05:706255:706396 [2] NCCL INFO New proxy send connection 13 from local rank 3, transport 0
MOC-R4PCC04U05:706256:706402 [3] NCCL INFO Connected to proxy localRank 2 -> connection 0x7f56e0005548
MOC-R4PCC04U05:706255:706396 [2] NCCL INFO NET/IB: NCCL Dev 1 IbDev 0 Port 1 qpn 11622 mtu 3 query_ece={supported=1, vendor_id=0x15b3, options=0x30000002, comp_mask=0x0} GID 3 (0/C132A8C0FFFF0000) fifoRkey=0x17b979 fifoLkey=0x17b979
MOC-R4PCC04U05:706255:706396 [2] NCCL INFO NET/IB: NCCL Dev 1 IbDev 0 Port 1 qpn 11623 mtu 3 query_ece={supported=1, vendor_id=0x15b3, options=0x30000002, comp_mask=0x0} GID 3 (0/C132A8C0FFFF0000) fifoRkey=0x172fee fifoLkey=0x172fee
MOC-R4PCC04U05:706255:706396 [2] NCCL INFO NET/IB: IbDev 0 Port 1 qpn 11935 set_ece={supported=1, vendor_id=0x15b3, options=0x0, comp_mask=0x0}
MOC-R4PCC04U05:706255:706396 [2] NCCL INFO NET/IB: IbDev 0 Port 1 qpn 11937 set_ece={supported=1, vendor_id=0x15b3, options=0x0, comp_mask=0x0}
MOC-R4PCC04U05:706254:706400 [1] NCCL INFO New proxy send connection 9 from local rank 0, transport 0
MOC-R4PCC04U05:706253:706404 [0] NCCL INFO Connected to proxy localRank 1 -> connection 0x7f5ae4005368
num decayed parameter tensors: 50, with 124,318,464 parameters
num non-decayed parameter tensors: 98, with 121,344 parameters
using fused AdamW: False
using regular AdamW
MOC-R4PCC04U05:706256:706395 [3] NCCL INFO New proxy recv connection 5 from local rank 3, transport 0
MOC-R4PCC04U05:706256:707095 [3] NCCL INFO Connected to proxy localRank 3 -> connection 0x7fc570005188
MOC-R4PCC04U05:706256:706395 [3] NCCL INFO New proxy recv connection 6 from local rank 3, transport 0
MOC-R4PCC04U05:706256:707095 [3] NCCL INFO Connected to proxy localRank 3 -> connection 0x7fc570005200
MOC-R4PCC04U05:706256:706395 [3] NCCL INFO New proxy recv connection 7 from local rank 3, transport 0
MOC-R4PCC04U05:706256:707095 [3] NCCL INFO Connected to proxy localRank 3 -> connection 0x7fc570005278
MOC-R4PCC04U05:706256:706395 [3] NCCL INFO New proxy recv connection 8 from local rank 3, transport 0
MOC-R4PCC04U05:706256:707095 [3] NCCL INFO Connected to proxy localRank 3 -> connection 0x7fc5700052f0
MOC-R4PCC04U05:706253:706394 [0] NCCL INFO New proxy send connection 10 from local rank 0, transport 0
MOC-R4PCC04U05:706253:707096 [0] NCCL INFO Connected to proxy localRank 0 -> connection 0x7f9b200053e0
MOC-R4PCC04U05:706253:706394 [0] NCCL INFO New proxy send connection 11 from local rank 0, transport 0
MOC-R4PCC04U05:706253:707096 [0] NCCL INFO Connected to proxy localRank 0 -> connection 0x7f9b20005458
MOC-R4PCC04U05:706253:706394 [0] NCCL INFO New proxy send connection 12 from local rank 0, transport 0
MOC-R4PCC04U05:706253:707096 [0] NCCL INFO Connected to proxy localRank 0 -> connection 0x7f9b200054d0
MOC-R4PCC04U05:706253:706394 [0] NCCL INFO New proxy send connection 13 from local rank 0, transport 0
MOC-R4PCC04U05:706253:707096 [0] NCCL INFO Connected to proxy localRank 0 -> connection 0x7f9b20005548
MOC-R4PCC04U05:706255:706396 [2] NCCL INFO New proxy send connection 14 from local rank 2, transport 0
MOC-R4PCC04U05:706255:707097 [2] NCCL INFO Connected to proxy localRank 2 -> connection 0x7f56e00055c0
MOC-R4PCC04U05:706255:706396 [2] NCCL INFO New proxy send connection 15 from local rank 2, transport 0
MOC-R4PCC04U05:706255:707097 [2] NCCL INFO Connected to proxy localRank 2 -> connection 0x7f56e0005638
MOC-R4PCC04U05:706255:706396 [2] NCCL INFO New proxy send connection 16 from local rank 2, transport 0
MOC-R4PCC04U05:706255:707097 [2] NCCL INFO Connected to proxy localRank 2 -> connection 0x7f56e00056b0
MOC-R4PCC04U05:706255:706396 [2] NCCL INFO New proxy send connection 17 from local rank 2, transport 0
MOC-R4PCC04U05:706255:707097 [2] NCCL INFO Connected to proxy localRank 2 -> connection 0x7f56e0005728
MOC-R4PCC04U05:706255:707097 [2] NCCL INFO GPU Direct RDMA Enabled for GPU 2 / HCA 1 (distance 5 <= 5), read 1 mode Default
MOC-R4PCC04U05:706255:706396 [2] NCCL INFO New proxy send connection 18 from local rank 2, transport 2
MOC-R4PCC04U05:706255:707097 [2] NCCL INFO Connected to proxy localRank 2 -> connection 0x7f56e00057a0
MOC-R4PCC04U05:706255:707097 [2] NCCL INFO Channel 02/0 : 2[2] -> 6[2] [send] via NET/IB/1/GDRDMA
MOC-R4PCC04U05:706255:707097 [2] NCCL INFO GPU Direct RDMA Enabled for GPU 2 / HCA 1 (distance 5 <= 5), read 1 mode Default
MOC-R4PCC04U05:706256:706395 [3] NCCL INFO New proxy send connection 9 from local rank 3, transport 0
MOC-R4PCC04U05:706255:706396 [2] NCCL INFO New proxy send connection 19 from local rank 2, transport 2
MOC-R4PCC04U05:706255:707097 [2] NCCL INFO Connected to proxy localRank 2 -> connection 0x7f56e0005818
MOC-R4PCC04U05:706256:707095 [3] NCCL INFO Connected to proxy localRank 3 -> connection 0x7fc570005368
MOC-R4PCC04U05:706255:707097 [2] NCCL INFO Channel 03/0 : 2[2] -> 6[2] [send] via NET/IB/1/GDRDMA
MOC-R4PCC04U05:706255:707097 [2] NCCL INFO GPU Direct RDMA Enabled for GPU 2 / HCA 1 (distance 5 <= 5), read 0 mode Default
MOC-R4PCC04U05:706255:706396 [2] NCCL INFO New proxy recv connection 20 from local rank 2, transport 2
MOC-R4PCC04U05:706256:706395 [3] NCCL INFO New proxy send connection 10 from local rank 3, transport 0
MOC-R4PCC04U05:706255:707097 [2] NCCL INFO Connected to proxy localRank 2 -> connection 0x7f56e0005890
MOC-R4PCC04U05:706256:707095 [3] NCCL INFO Connected to proxy localRank 3 -> connection 0x7fc5700053e0
MOC-R4PCC04U05:706255:707097 [2] NCCL INFO Channel 00/0 : 10[2] -> 2[2] [receive] via NET/IB/1/GDRDMA
MOC-R4PCC04U05:706255:707097 [2] NCCL INFO GPU Direct RDMA Enabled for GPU 2 / HCA 1 (distance 5 <= 5), read 0 mode Default
MOC-R4PCC04U05:706255:706396 [2] NCCL INFO New proxy recv connection 21 from local rank 2, transport 2
MOC-R4PCC04U05:706255:707097 [2] NCCL INFO Connected to proxy localRank 2 -> connection 0x7f56e0005908
MOC-R4PCC04U05:706255:707097 [2] NCCL INFO Channel 01/0 : 10[2] -> 2[2] [receive] via NET/IB/1/GDRDMA
MOC-R4PCC04U05:706255:707097 [2] NCCL INFO GPU Direct RDMA Enabled for GPU 2 / HCA 1 (distance 5 <= 5), read 1 mode Default
MOC-R4PCC04U05:706255:706396 [2] NCCL INFO New proxy send connection 22 from local rank 2, transport 2
MOC-R4PCC04U05:706256:706395 [3] NCCL INFO New proxy send connection 11 from local rank 3, transport 0
MOC-R4PCC04U05:706255:707097 [2] NCCL INFO Connected to proxy localRank 2 -> connection 0x7f56e0005980
MOC-R4PCC04U05:706256:707095 [3] NCCL INFO Connected to proxy localRank 3 -> connection 0x7fc570005458
MOC-R4PCC04U05:706255:707097 [2] NCCL INFO Channel 00/0 : 2[2] -> 10[2] [send] via NET/IB/1/GDRDMA
MOC-R4PCC04U05:706255:707097 [2] NCCL INFO GPU Direct RDMA Enabled for GPU 2 / HCA 1 (distance 5 <= 5), read 1 mode Default
MOC-R4PCC04U05:706255:706396 [2] NCCL INFO New proxy send connection 23 from local rank 2, transport 2
MOC-R4PCC04U05:706255:707097 [2] NCCL INFO Connected to proxy localRank 2 -> connection 0x7f56e00059f8
MOC-R4PCC04U05:706255:707097 [2] NCCL INFO Channel 01/0 : 2[2] -> 10[2] [send] via NET/IB/1/GDRDMA
MOC-R4PCC04U05:706256:706395 [3] NCCL INFO New proxy send connection 12 from local rank 3, transport 0
MOC-R4PCC04U05:706256:707095 [3] NCCL INFO Connected to proxy localRank 3 -> connection 0x7fc5700054d0
MOC-R4PCC04U05:706254:706400 [1] NCCL INFO New proxy recv connection 10 from local rank 1, transport 0
MOC-R4PCC04U05:706255:707097 [2] NCCL INFO GPU Direct RDMA Enabled for GPU 2 / HCA 1 (distance 5 <= 5), read 0 mode Default
MOC-R4PCC04U05:706255:706396 [2] NCCL INFO New proxy recv connection 24 from local rank 2, transport 2
MOC-R4PCC04U05:706254:707098 [1] NCCL INFO Connected to proxy localRank 1 -> connection 0x7f5ae40053e0
MOC-R4PCC04U05:706255:707097 [2] NCCL INFO Connected to proxy localRank 2 -> connection 0x7f56e0005a70
MOC-R4PCC04U05:706255:707097 [2] NCCL INFO Channel 02/0 : 6[2] -> 2[2] [receive] via NET/IB/1/GDRDMA
MOC-R4PCC04U05:706255:707097 [2] NCCL INFO GPU Direct RDMA Enabled for GPU 2 / HCA 1 (distance 5 <= 5), read 0 mode Default
MOC-R4PCC04U05:706255:706396 [2] NCCL INFO New proxy recv connection 25 from local rank 2, transport 2
MOC-R4PCC04U05:706255:707097 [2] NCCL INFO Connected to proxy localRank 2 -> connection 0x7f56e0005ae8
MOC-R4PCC04U05:706255:707097 [2] NCCL INFO Channel 03/0 : 6[2] -> 2[2] [receive] via NET/IB/1/GDRDMA
MOC-R4PCC04U05:706254:706400 [1] NCCL INFO New proxy recv connection 11 from local rank 1, transport 0
MOC-R4PCC04U05:706254:707098 [1] NCCL INFO Connected to proxy localRank 1 -> connection 0x7f5ae4005458
MOC-R4PCC04U05:706254:706400 [1] NCCL INFO New proxy recv connection 12 from local rank 1, transport 0
MOC-R4PCC04U05:706254:707098 [1] NCCL INFO Connected to proxy localRank 1 -> connection 0x7f5ae40054d0
MOC-R4PCC04U05:706255:706396 [2] NCCL INFO New proxy recv connection 26 from local rank 2, transport 0
MOC-R4PCC04U05:706255:707097 [2] NCCL INFO Connected to proxy localRank 2 -> connection 0x7f56e0005b60
MOC-R4PCC04U05:706254:706400 [1] NCCL INFO New proxy recv connection 13 from local rank 1, transport 0
MOC-R4PCC04U05:706254:707098 [1] NCCL INFO Connected to proxy localRank 1 -> connection 0x7f5ae4005548
MOC-R4PCC04U05:706255:706396 [2] NCCL INFO New proxy recv connection 27 from local rank 2, transport 0
MOC-R4PCC04U05:706255:707097 [2] NCCL INFO Connected to proxy localRank 2 -> connection 0x7f56e0005bd8
MOC-R4PCC04U05:706255:706396 [2] NCCL INFO New proxy recv connection 28 from local rank 2, transport 0
MOC-R4PCC04U05:706255:707097 [2] NCCL INFO Connected to proxy localRank 2 -> connection 0x7f56e0005c50
MOC-R4PCC04U05:706253:706394 [0] NCCL INFO New proxy recv connection 14 from local rank 0, transport 0
MOC-R4PCC04U05:706253:707096 [0] NCCL INFO Connected to proxy localRank 0 -> connection 0x7f9b200055c0
MOC-R4PCC04U05:706255:706396 [2] NCCL INFO New proxy recv connection 29 from local rank 2, transport 0
MOC-R4PCC04U05:706255:707097 [2] NCCL INFO Connected to proxy localRank 2 -> connection 0x7f56e0005cc8
MOC-R4PCC04U05:706253:706394 [0] NCCL INFO New proxy recv connection 15 from local rank 0, transport 0
MOC-R4PCC04U05:706253:707096 [0] NCCL INFO Connected to proxy localRank 0 -> connection 0x7f9b20005638
MOC-R4PCC04U05:706253:706394 [0] NCCL INFO New proxy recv connection 16 from local rank 0, transport 0
MOC-R4PCC04U05:706253:707096 [0] NCCL INFO Connected to proxy localRank 0 -> connection 0x7f9b200056b0
MOC-R4PCC04U05:706253:706394 [0] NCCL INFO New proxy recv connection 17 from local rank 0, transport 0
MOC-R4PCC04U05:706253:707096 [0] NCCL INFO Connected to proxy localRank 0 -> connection 0x7f9b20005728
MOC-R4PCC04U05:706256:706395 [3] NCCL INFO New proxy send connection 13 from local rank 3, transport 0
MOC-R4PCC04U05:706256:707095 [3] NCCL INFO Connected to proxy localRank 3 -> connection 0x7fc570005548
MOC-R4PCC04U05:706256:706395 [3] NCCL INFO New proxy send connection 14 from local rank 3, transport 0
MOC-R4PCC04U05:706256:707095 [3] NCCL INFO Connected to proxy localRank 3 -> connection 0x7fc5700055c0
MOC-R4PCC04U05:706256:706395 [3] NCCL INFO New proxy send connection 15 from local rank 3, transport 0
MOC-R4PCC04U05:706256:707095 [3] NCCL INFO Connected to proxy localRank 3 -> connection 0x7fc570005638
MOC-R4PCC04U05:706256:706395 [3] NCCL INFO New proxy send connection 16 from local rank 3, transport 0
MOC-R4PCC04U05:706256:707095 [3] NCCL INFO Connected to proxy localRank 3 -> connection 0x7fc5700056b0
MOC-R4PCC04U05:706256:706395 [3] NCCL INFO New proxy send connection 17 from local rank 2, transport 0
MOC-R4PCC04U05:706255:707097 [2] NCCL INFO Connected to proxy localRank 3 -> connection 0x7fc570005728
MOC-R4PCC04U05:706255:706396 [2] NCCL INFO NET/IB: NCCL Dev 1 IbDev 0 Port 1 qpn 11632 mtu 3 query_ece={supported=1, vendor_id=0x15b3, options=0x30000002, comp_mask=0x0} GID 3 (0/C132A8C0FFFF0000) fifoRkey=0x170bca fifoLkey=0x170bca
MOC-R4PCC04U05:706255:706396 [2] NCCL INFO NET/IB: NCCL Dev 1 IbDev 0 Port 1 qpn 11635 mtu 3 query_ece={supported=1, vendor_id=0x15b3, options=0x30000002, comp_mask=0x0} GID 3 (0/C132A8C0FFFF0000) fifoRkey=0x17d796 fifoLkey=0x17d796
MOC-R4PCC04U05:706255:706396 [2] NCCL INFO NET/IB: NCCL Dev 1 IbDev 0 Port 1 qpn 11636 mtu 3 query_ece={supported=1, vendor_id=0x15b3, options=0x30000002, comp_mask=0x0} GID 3 (0/C132A8C0FFFF0000) fifoRkey=0x172eed fifoLkey=0x172eed
MOC-R4PCC04U05:706255:706396 [2] NCCL INFO NET/IB: NCCL Dev 1 IbDev 0 Port 1 qpn 11637 mtu 3 query_ece={supported=1, vendor_id=0x15b3, options=0x30000002, comp_mask=0x0} GID 3 (0/C132A8C0FFFF0000) fifoRkey=0x175412 fifoLkey=0x175412
MOC-R4PCC04U05:706255:706396 [2] NCCL INFO NET/IB: IbDev 0 Port 1 qpn 9404 set_ece={supported=1, vendor_id=0x15b3, options=0x0, comp_mask=0x0}
MOC-R4PCC04U05:706255:706396 [2] NCCL INFO NET/IB: IbDev 0 Port 1 qpn 9406 set_ece={supported=1, vendor_id=0x15b3, options=0x0, comp_mask=0x0}
MOC-R4PCC04U05:706255:706396 [2] NCCL INFO NET/IB: IbDev 0 Port 1 qpn 11954 set_ece={supported=1, vendor_id=0x15b3, options=0x0, comp_mask=0x0}
MOC-R4PCC04U05:706255:706396 [2] NCCL INFO NET/IB: IbDev 0 Port 1 qpn 11956 set_ece={supported=1, vendor_id=0x15b3, options=0x0, comp_mask=0x0}
step    1/10 | train loss 11.010067 | norm 15.3476 | lr 1.00e-04 | (14473.22 ms | 362247 tok/s)
step    2/10 | train loss 10.140059 | norm 5.7421 | lr 1.00e-04 | (828.56 ms | 6327707 tok/s)
step    3/10 | train loss 9.801185 | norm 2.5966 | lr 1.00e-04 | (841.03 ms | 6233854 tok/s)
step    4/10 | train loss 9.632750 | norm 2.1052 | lr 1.00e-04 | (886.70 ms | 5912777 tok/s)
step    5/10 | train loss 9.550309 | norm 2.0977 | lr 1.00e-04 | (854.87 ms | 6132942 tok/s)
step    6/10 | train loss 9.470089 | norm 1.9901 | lr 1.00e-04 | (847.84 ms | 6183837 tok/s)
step    7/10 | train loss 9.385624 | norm 1.9404 | lr 1.00e-04 | (824.57 ms | 6358335 tok/s)
step    8/10 | train loss 9.295285 | norm 1.9082 | lr 1.00e-04 | (972.72 ms | 5389927 tok/s)
step    9/10 | train loss 9.200842 | norm 1.8588 | lr 1.00e-04 | (818.14 ms | 6408290 tok/s)
step   10/10 | train loss 9.114126 | norm 1.7863 | lr 1.00e-04 | (989.89 ms | 5296408 tok/s)
final 9 iters avg: 873.814ms
peak memory consumption: 16601 MiB
