Running pytorch 2.7.0+cu126
using device: cuda:0
total desired batch size: 3538944
=> calculated gradient accumulation steps: 9
using device: cuda:3
using device: cuda:1
using device: cuda:2
compiling the model...
DataLoader: total number of tokens: 1,661,249,667 across 103 files
MOC-R4PCC04U05:615902:615902 [0] NCCL INFO NCCL_SOCKET_IFNAME set to eno7np0
MOC-R4PCC04U05:615902:615902 [0] NCCL INFO NCCL version 2.26.2+cuda12.2
MOC-R4PCC04U05:615905:615905 [3] NCCL INFO NCCL_SOCKET_IFNAME set to eno7np0
MOC-R4PCC04U05:615905:615905 [3] NCCL INFO NCCL version 2.26.2+cuda12.2
MOC-R4PCC04U05:615902:616007 [0] NCCL INFO NET/Plugin: Could not find: libnccl-net.so. Using internal net plugin.
MOC-R4PCC04U05:615902:616007 [0] NCCL INFO NET/Socket : Using [0]eno7np0:192.168.50.193<0>
MOC-R4PCC04U05:615903:615903 [1] NCCL INFO NCCL_SOCKET_IFNAME set to eno7np0
MOC-R4PCC04U05:615904:615904 [2] NCCL INFO NCCL_SOCKET_IFNAME set to eno7np0
MOC-R4PCC04U05:615903:615903 [1] NCCL INFO NCCL version 2.26.2+cuda12.2
MOC-R4PCC04U05:615904:615904 [2] NCCL INFO NCCL version 2.26.2+cuda12.2
MOC-R4PCC04U05:615905:616029 [3] NCCL INFO NET/Plugin: Could not find: libnccl-net.so. Using internal net plugin.
MOC-R4PCC04U05:615905:616029 [3] NCCL INFO NET/Socket : Using [0]eno7np0:192.168.50.193<0>
MOC-R4PCC04U05:615904:616031 [2] NCCL INFO NET/Plugin: Could not find: libnccl-net.so. Using internal net plugin.
MOC-R4PCC04U05:615903:616030 [1] NCCL INFO NET/Plugin: Could not find: libnccl-net.so. Using internal net plugin.
MOC-R4PCC04U05:615904:616031 [2] NCCL INFO NET/Socket : Using [0]eno7np0:192.168.50.193<0>
MOC-R4PCC04U05:615903:616030 [1] NCCL INFO NET/Socket : Using [0]eno7np0:192.168.50.193<0>
MOC-R4PCC04U05:615902:616007 [0] NCCL INFO NET/Socket : GPU Direct RDMA Disabled for HCA 0 'eno7np0'
MOC-R4PCC04U05:615903:616030 [1] NCCL INFO NET/Socket : GPU Direct RDMA Disabled for HCA 0 'eno7np0'
MOC-R4PCC04U05:615905:616029 [3] NCCL INFO NET/Socket : GPU Direct RDMA Disabled for HCA 0 'eno7np0'
MOC-R4PCC04U05:615904:616031 [2] NCCL INFO NET/Socket : GPU Direct RDMA Disabled for HCA 0 'eno7np0'
MOC-R4PCC04U05:615904:616041 [2] NCCL INFO New proxy recv connection 0 from local rank 2, transport 0
MOC-R4PCC04U05:615904:616048 [2] NCCL INFO Connected to proxy localRank 2 -> connection 0x7f0970004f30
MOC-R4PCC04U05:615902:616042 [0] NCCL INFO New proxy send connection 0 from local rank 0, transport 0
MOC-R4PCC04U05:615902:616049 [0] NCCL INFO Connected to proxy localRank 0 -> connection 0x7f64d8004f30
MOC-R4PCC04U05:615904:616041 [2] NCCL INFO New proxy recv connection 1 from local rank 2, transport 0
MOC-R4PCC04U05:615904:616048 [2] NCCL INFO Connected to proxy localRank 2 -> connection 0x7f0970004fa8
MOC-R4PCC04U05:615902:616042 [0] NCCL INFO New proxy send connection 1 from local rank 0, transport 0
MOC-R4PCC04U05:615902:616049 [0] NCCL INFO Connected to proxy localRank 0 -> connection 0x7f64d8004fa8
MOC-R4PCC04U05:615902:616042 [0] NCCL INFO New proxy send connection 2 from local rank 0, transport 0
MOC-R4PCC04U05:615902:616049 [0] NCCL INFO Connected to proxy localRank 0 -> connection 0x7f64d8005020
MOC-R4PCC04U05:615905:616040 [3] NCCL INFO New proxy recv connection 0 from local rank 3, transport 0
MOC-R4PCC04U05:615905:616050 [3] NCCL INFO Connected to proxy localRank 3 -> connection 0x7f0e50004f30
MOC-R4PCC04U05:615902:616042 [0] NCCL INFO New proxy send connection 3 from local rank 0, transport 0
MOC-R4PCC04U05:615902:616049 [0] NCCL INFO Connected to proxy localRank 0 -> connection 0x7f64d8005098
MOC-R4PCC04U05:615905:616040 [3] NCCL INFO New proxy recv connection 1 from local rank 3, transport 0
MOC-R4PCC04U05:615905:616050 [3] NCCL INFO Connected to proxy localRank 3 -> connection 0x7f0e50004fa8
MOC-R4PCC04U05:615903:616043 [1] NCCL INFO New proxy recv connection 0 from local rank 1, transport 0
MOC-R4PCC04U05:615903:616051 [1] NCCL INFO Connected to proxy localRank 1 -> connection 0x7feb28004f30
MOC-R4PCC04U05:615903:616043 [1] NCCL INFO New proxy recv connection 1 from local rank 1, transport 0
MOC-R4PCC04U05:615903:616051 [1] NCCL INFO Connected to proxy localRank 1 -> connection 0x7feb28004fa8
MOC-R4PCC04U05:615904:616041 [2] NCCL INFO New proxy recv connection 2 from local rank 2, transport 2
MOC-R4PCC04U05:615904:616048 [2] NCCL INFO Connected to proxy localRank 2 -> connection 0x7f0970005020
MOC-R4PCC04U05:615904:616048 [2] NCCL INFO Channel 00/0 : 11[3] -> 2[2] [receive] via NET/Socket/0
MOC-R4PCC04U05:615904:616041 [2] NCCL INFO New proxy recv connection 3 from local rank 2, transport 2
MOC-R4PCC04U05:615904:616048 [2] NCCL INFO Connected to proxy localRank 2 -> connection 0x7f0970005098
MOC-R4PCC04U05:615904:616048 [2] NCCL INFO Channel 02/0 : 11[3] -> 2[2] [receive] via NET/Socket/0
MOC-R4PCC04U05:615905:616040 [3] NCCL INFO New proxy send connection 2 from local rank 3, transport 2
MOC-R4PCC04U05:615905:616050 [3] NCCL INFO Connected to proxy localRank 3 -> connection 0x7f0e50005020
MOC-R4PCC04U05:615905:616050 [3] NCCL INFO Channel 00/0 : 3[3] -> 6[2] [send] via NET/Socket/0
MOC-R4PCC04U05:615905:616040 [3] NCCL INFO New proxy send connection 3 from local rank 3, transport 2
MOC-R4PCC04U05:615905:616050 [3] NCCL INFO Connected to proxy localRank 3 -> connection 0x7f0e50005098
MOC-R4PCC04U05:615905:616050 [3] NCCL INFO Channel 02/0 : 3[3] -> 6[2] [send] via NET/Socket/0
MOC-R4PCC04U05:615902:616042 [0] NCCL INFO New proxy recv connection 4 from local rank 0, transport 0
MOC-R4PCC04U05:615902:616049 [0] NCCL INFO Connected to proxy localRank 0 -> connection 0x7f64d8005110
MOC-R4PCC04U05:615902:616042 [0] NCCL INFO New proxy recv connection 5 from local rank 0, transport 0
MOC-R4PCC04U05:615902:616049 [0] NCCL INFO Connected to proxy localRank 0 -> connection 0x7f64d8005188
MOC-R4PCC04U05:615902:616042 [0] NCCL INFO New proxy recv connection 6 from local rank 0, transport 0
MOC-R4PCC04U05:615902:616049 [0] NCCL INFO Connected to proxy localRank 0 -> connection 0x7f64d8005200
MOC-R4PCC04U05:615904:616041 [2] NCCL INFO New proxy send connection 4 from local rank 2, transport 2
MOC-R4PCC04U05:615904:616048 [2] NCCL INFO Connected to proxy localRank 2 -> connection 0x7f0970005110
MOC-R4PCC04U05:615904:616048 [2] NCCL INFO Channel 01/0 : 2[2] -> 7[3] [send] via NET/Socket/0
MOC-R4PCC04U05:615904:616041 [2] NCCL INFO New proxy send connection 5 from local rank 2, transport 2
MOC-R4PCC04U05:615904:616048 [2] NCCL INFO Connected to proxy localRank 2 -> connection 0x7f0970005188
MOC-R4PCC04U05:615904:616048 [2] NCCL INFO Channel 03/0 : 2[2] -> 7[3] [send] via NET/Socket/0
MOC-R4PCC04U05:615904:616041 [2] NCCL INFO New proxy send connection 6 from local rank 2, transport 0
MOC-R4PCC04U05:615904:616048 [2] NCCL INFO Connected to proxy localRank 2 -> connection 0x7f0970005200
MOC-R4PCC04U05:615905:616040 [3] NCCL INFO New proxy recv connection 4 from local rank 3, transport 2
MOC-R4PCC04U05:615905:616050 [3] NCCL INFO Connected to proxy localRank 3 -> connection 0x7f0e50005110
MOC-R4PCC04U05:615905:616050 [3] NCCL INFO Channel 01/0 : 10[2] -> 3[3] [receive] via NET/Socket/0
MOC-R4PCC04U05:615905:616040 [3] NCCL INFO New proxy recv connection 5 from local rank 3, transport 2
MOC-R4PCC04U05:615905:616050 [3] NCCL INFO Connected to proxy localRank 3 -> connection 0x7f0e50005188
MOC-R4PCC04U05:615905:616050 [3] NCCL INFO Channel 03/0 : 10[2] -> 3[3] [receive] via NET/Socket/0
MOC-R4PCC04U05:615905:616040 [3] NCCL INFO New proxy send connection 6 from local rank 3, transport 0
MOC-R4PCC04U05:615905:616050 [3] NCCL INFO Connected to proxy localRank 3 -> connection 0x7f0e50005200
MOC-R4PCC04U05:615904:616041 [2] NCCL INFO New proxy send connection 7 from local rank 2, transport 0
MOC-R4PCC04U05:615904:616048 [2] NCCL INFO Connected to proxy localRank 2 -> connection 0x7f0970005278
MOC-R4PCC04U05:615905:616040 [3] NCCL INFO New proxy send connection 7 from local rank 3, transport 0
MOC-R4PCC04U05:615905:616050 [3] NCCL INFO Connected to proxy localRank 3 -> connection 0x7f0e50005278
MOC-R4PCC04U05:615902:616042 [0] NCCL INFO New proxy recv connection 7 from local rank 0, transport 0
MOC-R4PCC04U05:615902:616049 [0] NCCL INFO Connected to proxy localRank 0 -> connection 0x7f64d8005278
MOC-R4PCC04U05:615903:616043 [1] NCCL INFO New proxy recv connection 2 from local rank 1, transport 0
MOC-R4PCC04U05:615903:616051 [1] NCCL INFO Connected to proxy localRank 1 -> connection 0x7feb28005020
MOC-R4PCC04U05:615902:616042 [0] NCCL INFO New proxy send connection 8 from local rank 3, transport 0
MOC-R4PCC04U05:615905:616050 [3] NCCL INFO Connected to proxy localRank 0 -> connection 0x7f64d80052f0
MOC-R4PCC04U05:615903:616043 [1] NCCL INFO New proxy recv connection 3 from local rank 1, transport 0
MOC-R4PCC04U05:615903:616051 [1] NCCL INFO Connected to proxy localRank 1 -> connection 0x7feb28005098
MOC-R4PCC04U05:615903:616043 [1] NCCL INFO New proxy send connection 4 from local rank 1, transport 0
MOC-R4PCC04U05:615903:616051 [1] NCCL INFO Connected to proxy localRank 1 -> connection 0x7feb28005110
MOC-R4PCC04U05:615903:616043 [1] NCCL INFO New proxy send connection 5 from local rank 1, transport 0
MOC-R4PCC04U05:615903:616051 [1] NCCL INFO Connected to proxy localRank 1 -> connection 0x7feb28005188
MOC-R4PCC04U05:615903:616043 [1] NCCL INFO New proxy send connection 6 from local rank 1, transport 0
MOC-R4PCC04U05:615903:616051 [1] NCCL INFO Connected to proxy localRank 1 -> connection 0x7feb28005200
MOC-R4PCC04U05:615903:616043 [1] NCCL INFO New proxy send connection 7 from local rank 1, transport 0
MOC-R4PCC04U05:615903:616051 [1] NCCL INFO Connected to proxy localRank 1 -> connection 0x7feb28005278
MOC-R4PCC04U05:615902:616042 [0] NCCL INFO New proxy send connection 9 from local rank 2, transport 0
MOC-R4PCC04U05:615904:616048 [2] NCCL INFO Connected to proxy localRank 0 -> connection 0x7f64d8005368
MOC-R4PCC04U05:615904:616041 [2] NCCL INFO New proxy send connection 8 from local rank 0, transport 0
MOC-R4PCC04U05:615902:616049 [0] NCCL INFO Connected to proxy localRank 2 -> connection 0x7f09700052f0
MOC-R4PCC04U05:615905:616040 [3] NCCL INFO New proxy send connection 8 from local rank 1, transport 0
MOC-R4PCC04U05:615903:616051 [1] NCCL INFO Connected to proxy localRank 3 -> connection 0x7f0e500052f0
MOC-R4PCC04U05:615903:616043 [1] NCCL INFO New proxy send connection 8 from local rank 2, transport 0
MOC-R4PCC04U05:615904:616048 [2] NCCL INFO Connected to proxy localRank 1 -> connection 0x7feb280052f0
MOC-R4PCC04U05:615903:616043 [1] NCCL INFO New proxy send connection 9 from local rank 3, transport 0
MOC-R4PCC04U05:615905:616050 [3] NCCL INFO Connected to proxy localRank 1 -> connection 0x7feb28005368
MOC-R4PCC04U05:615902:616042 [0] NCCL INFO New proxy send connection 10 from local rank 1, transport 0
MOC-R4PCC04U05:615903:616051 [1] NCCL INFO Connected to proxy localRank 0 -> connection 0x7f64d80053e0
MOC-R4PCC04U05:615905:616040 [3] NCCL INFO New proxy send connection 9 from local rank 0, transport 0
MOC-R4PCC04U05:615902:616049 [0] NCCL INFO Connected to proxy localRank 3 -> connection 0x7f0e50005368
MOC-R4PCC04U05:615904:616041 [2] NCCL INFO New proxy send connection 9 from local rank 1, transport 0
MOC-R4PCC04U05:615903:616051 [1] NCCL INFO Connected to proxy localRank 2 -> connection 0x7f0970005368
MOC-R4PCC04U05:615903:616043 [1] NCCL INFO New proxy send connection 10 from local rank 0, transport 0
MOC-R4PCC04U05:615902:616049 [0] NCCL INFO Connected to proxy localRank 1 -> connection 0x7feb280053e0
num decayed parameter tensors: 50, with 124,318,464 parameters
num non-decayed parameter tensors: 98, with 121,344 parameters
using fused AdamW: False
using regular AdamW
MOC-R4PCC04U05:615905:616040 [3] NCCL INFO New proxy recv connection 10 from local rank 3, transport 0
MOC-R4PCC04U05:615905:616752 [3] NCCL INFO Connected to proxy localRank 3 -> connection 0x7f0e500053e0
MOC-R4PCC04U05:615905:616040 [3] NCCL INFO New proxy recv connection 11 from local rank 3, transport 0
MOC-R4PCC04U05:615905:616752 [3] NCCL INFO Connected to proxy localRank 3 -> connection 0x7f0e50005458
MOC-R4PCC04U05:615902:616042 [0] NCCL INFO New proxy send connection 11 from local rank 0, transport 0
MOC-R4PCC04U05:615902:616753 [0] NCCL INFO Connected to proxy localRank 0 -> connection 0x7f64d8005458
MOC-R4PCC04U05:615902:616042 [0] NCCL INFO New proxy send connection 12 from local rank 0, transport 0
MOC-R4PCC04U05:615902:616753 [0] NCCL INFO Connected to proxy localRank 0 -> connection 0x7f64d80054d0
MOC-R4PCC04U05:615902:616042 [0] NCCL INFO New proxy send connection 13 from local rank 0, transport 0
MOC-R4PCC04U05:615902:616753 [0] NCCL INFO Connected to proxy localRank 0 -> connection 0x7f64d8005548
MOC-R4PCC04U05:615902:616042 [0] NCCL INFO New proxy send connection 14 from local rank 0, transport 0
MOC-R4PCC04U05:615902:616753 [0] NCCL INFO Connected to proxy localRank 0 -> connection 0x7f64d80055c0
MOC-R4PCC04U05:615903:616043 [1] NCCL INFO New proxy recv connection 11 from local rank 1, transport 0
MOC-R4PCC04U05:615903:616754 [1] NCCL INFO Connected to proxy localRank 1 -> connection 0x7feb28005458
MOC-R4PCC04U05:615903:616043 [1] NCCL INFO New proxy recv connection 12 from local rank 1, transport 0
MOC-R4PCC04U05:615903:616754 [1] NCCL INFO Connected to proxy localRank 1 -> connection 0x7feb280054d0
MOC-R4PCC04U05:615903:616043 [1] NCCL INFO New proxy recv connection 13 from local rank 1, transport 0
MOC-R4PCC04U05:615903:616754 [1] NCCL INFO Connected to proxy localRank 1 -> connection 0x7feb28005548
MOC-R4PCC04U05:615903:616043 [1] NCCL INFO New proxy recv connection 14 from local rank 1, transport 0
MOC-R4PCC04U05:615903:616754 [1] NCCL INFO Connected to proxy localRank 1 -> connection 0x7feb280055c0
MOC-R4PCC04U05:615903:616043 [1] NCCL INFO New proxy send connection 15 from local rank 1, transport 0
MOC-R4PCC04U05:615903:616754 [1] NCCL INFO Connected to proxy localRank 1 -> connection 0x7feb28005638
MOC-R4PCC04U05:615903:616043 [1] NCCL INFO New proxy send connection 16 from local rank 1, transport 0
MOC-R4PCC04U05:615903:616754 [1] NCCL INFO Connected to proxy localRank 1 -> connection 0x7feb280056b0
MOC-R4PCC04U05:615903:616043 [1] NCCL INFO New proxy send connection 17 from local rank 1, transport 0
MOC-R4PCC04U05:615903:616754 [1] NCCL INFO Connected to proxy localRank 1 -> connection 0x7feb28005728
MOC-R4PCC04U05:615903:616043 [1] NCCL INFO New proxy send connection 18 from local rank 1, transport 0
MOC-R4PCC04U05:615903:616754 [1] NCCL INFO Connected to proxy localRank 1 -> connection 0x7feb280057a0
MOC-R4PCC04U05:615902:616042 [0] NCCL INFO New proxy send connection 15 from local rank 0, transport 0
MOC-R4PCC04U05:615902:616753 [0] NCCL INFO Connected to proxy localRank 0 -> connection 0x7f64d8005638
MOC-R4PCC04U05:615902:616042 [0] NCCL INFO New proxy send connection 16 from local rank 0, transport 0
MOC-R4PCC04U05:615902:616753 [0] NCCL INFO Connected to proxy localRank 0 -> connection 0x7f64d80056b0
MOC-R4PCC04U05:615902:616042 [0] NCCL INFO New proxy recv connection 17 from local rank 0, transport 0
MOC-R4PCC04U05:615902:616753 [0] NCCL INFO Connected to proxy localRank 0 -> connection 0x7f64d8005728
MOC-R4PCC04U05:615905:616040 [3] NCCL INFO New proxy recv connection 12 from local rank 3, transport 2
MOC-R4PCC04U05:615905:616752 [3] NCCL INFO Connected to proxy localRank 3 -> connection 0x7f0e500054d0
MOC-R4PCC04U05:615902:616042 [0] NCCL INFO New proxy recv connection 18 from local rank 0, transport 0
MOC-R4PCC04U05:615902:616753 [0] NCCL INFO Connected to proxy localRank 0 -> connection 0x7f64d80057a0
MOC-R4PCC04U05:615902:616042 [0] NCCL INFO New proxy recv connection 19 from local rank 0, transport 0
MOC-R4PCC04U05:615902:616753 [0] NCCL INFO Connected to proxy localRank 0 -> connection 0x7f64d8005818
MOC-R4PCC04U05:615902:616042 [0] NCCL INFO New proxy recv connection 20 from local rank 0, transport 0
MOC-R4PCC04U05:615902:616753 [0] NCCL INFO Connected to proxy localRank 0 -> connection 0x7f64d8005890
MOC-R4PCC04U05:615905:616752 [3] NCCL INFO Channel 00/0 : 11[3] -> 3[3] [receive] via NET/Socket/0
MOC-R4PCC04U05:615905:616040 [3] NCCL INFO New proxy recv connection 13 from local rank 3, transport 2
MOC-R4PCC04U05:615905:616752 [3] NCCL INFO Connected to proxy localRank 3 -> connection 0x7f0e50005548
MOC-R4PCC04U05:615905:616752 [3] NCCL INFO Channel 01/0 : 11[3] -> 3[3] [receive] via NET/Socket/0
MOC-R4PCC04U05:615905:616040 [3] NCCL INFO New proxy recv connection 14 from local rank 3, transport 2
MOC-R4PCC04U05:615905:616752 [3] NCCL INFO Connected to proxy localRank 3 -> connection 0x7f0e500055c0
MOC-R4PCC04U05:615905:616752 [3] NCCL INFO Channel 02/0 : 11[3] -> 3[3] [receive] via NET/Socket/0
MOC-R4PCC04U05:615905:616040 [3] NCCL INFO New proxy recv connection 15 from local rank 3, transport 2
MOC-R4PCC04U05:615905:616752 [3] NCCL INFO Connected to proxy localRank 3 -> connection 0x7f0e50005638
MOC-R4PCC04U05:615905:616752 [3] NCCL INFO Channel 03/0 : 11[3] -> 3[3] [receive] via NET/Socket/0
MOC-R4PCC04U05:615905:616040 [3] NCCL INFO New proxy send connection 16 from local rank 3, transport 2
MOC-R4PCC04U05:615905:616752 [3] NCCL INFO Connected to proxy localRank 3 -> connection 0x7f0e500056b0
MOC-R4PCC04U05:615905:616752 [3] NCCL INFO Channel 02/0 : 3[3] -> 7[3] [send] via NET/Socket/0
MOC-R4PCC04U05:615905:616040 [3] NCCL INFO New proxy send connection 17 from local rank 3, transport 2
MOC-R4PCC04U05:615905:616752 [3] NCCL INFO Connected to proxy localRank 3 -> connection 0x7f0e50005728
MOC-R4PCC04U05:615905:616752 [3] NCCL INFO Channel 03/0 : 3[3] -> 7[3] [send] via NET/Socket/0
MOC-R4PCC04U05:615904:616041 [2] NCCL INFO New proxy recv connection 10 from local rank 2, transport 0
MOC-R4PCC04U05:615904:616755 [2] NCCL INFO Connected to proxy localRank 2 -> connection 0x7f09700053e0
MOC-R4PCC04U05:615904:616041 [2] NCCL INFO New proxy recv connection 11 from local rank 2, transport 0
MOC-R4PCC04U05:615904:616755 [2] NCCL INFO Connected to proxy localRank 2 -> connection 0x7f0970005458
MOC-R4PCC04U05:615904:616041 [2] NCCL INFO New proxy recv connection 12 from local rank 2, transport 0
MOC-R4PCC04U05:615904:616755 [2] NCCL INFO Connected to proxy localRank 2 -> connection 0x7f09700054d0
MOC-R4PCC04U05:615904:616041 [2] NCCL INFO New proxy recv connection 13 from local rank 2, transport 0
MOC-R4PCC04U05:615904:616755 [2] NCCL INFO Connected to proxy localRank 2 -> connection 0x7f0970005548
MOC-R4PCC04U05:615904:616041 [2] NCCL INFO New proxy send connection 14 from local rank 2, transport 0
MOC-R4PCC04U05:615904:616755 [2] NCCL INFO Connected to proxy localRank 2 -> connection 0x7f09700055c0
MOC-R4PCC04U05:615903:616043 [1] NCCL INFO New proxy recv connection 19 from local rank 1, transport 0
MOC-R4PCC04U05:615903:616754 [1] NCCL INFO Connected to proxy localRank 1 -> connection 0x7feb28005818
MOC-R4PCC04U05:615904:616041 [2] NCCL INFO New proxy send connection 15 from local rank 2, transport 0
MOC-R4PCC04U05:615904:616755 [2] NCCL INFO Connected to proxy localRank 2 -> connection 0x7f0970005638
MOC-R4PCC04U05:615903:616043 [1] NCCL INFO New proxy recv connection 20 from local rank 1, transport 0
MOC-R4PCC04U05:615903:616754 [1] NCCL INFO Connected to proxy localRank 1 -> connection 0x7feb28005890
MOC-R4PCC04U05:615905:616040 [3] NCCL INFO New proxy recv connection 18 from local rank 3, transport 2
MOC-R4PCC04U05:615905:616752 [3] NCCL INFO Connected to proxy localRank 3 -> connection 0x7f0e500057a0
MOC-R4PCC04U05:615905:616752 [3] NCCL INFO Channel 02/0 : 7[3] -> 3[3] [receive] via NET/Socket/0
MOC-R4PCC04U05:615905:616040 [3] NCCL INFO New proxy recv connection 19 from local rank 3, transport 2
MOC-R4PCC04U05:615905:616752 [3] NCCL INFO Connected to proxy localRank 3 -> connection 0x7f0e50005818
MOC-R4PCC04U05:615905:616752 [3] NCCL INFO Channel 03/0 : 7[3] -> 3[3] [receive] via NET/Socket/0
MOC-R4PCC04U05:615905:616040 [3] NCCL INFO New proxy send connection 20 from local rank 3, transport 2
MOC-R4PCC04U05:615905:616752 [3] NCCL INFO Connected to proxy localRank 3 -> connection 0x7f0e50005890
MOC-R4PCC04U05:615905:616752 [3] NCCL INFO Channel 00/0 : 3[3] -> 11[3] [send] via NET/Socket/0
MOC-R4PCC04U05:615905:616040 [3] NCCL INFO New proxy send connection 21 from local rank 3, transport 2
MOC-R4PCC04U05:615905:616752 [3] NCCL INFO Connected to proxy localRank 3 -> connection 0x7f0e50005908
MOC-R4PCC04U05:615905:616752 [3] NCCL INFO Channel 01/0 : 3[3] -> 11[3] [send] via NET/Socket/0
MOC-R4PCC04U05:615905:616040 [3] NCCL INFO New proxy send connection 22 from local rank 3, transport 2
MOC-R4PCC04U05:615905:616752 [3] NCCL INFO Connected to proxy localRank 3 -> connection 0x7f0e50005980
MOC-R4PCC04U05:615905:616752 [3] NCCL INFO Channel 02/0 : 3[3] -> 11[3] [send] via NET/Socket/0
MOC-R4PCC04U05:615905:616040 [3] NCCL INFO New proxy send connection 23 from local rank 3, transport 2
MOC-R4PCC04U05:615905:616752 [3] NCCL INFO Connected to proxy localRank 3 -> connection 0x7f0e500059f8
MOC-R4PCC04U05:615905:616752 [3] NCCL INFO Channel 03/0 : 3[3] -> 11[3] [send] via NET/Socket/0
MOC-R4PCC04U05:615905:616040 [3] NCCL INFO New proxy send connection 24 from local rank 3, transport 0
MOC-R4PCC04U05:615905:616752 [3] NCCL INFO Connected to proxy localRank 3 -> connection 0x7f0e50005a70
MOC-R4PCC04U05:615905:616040 [3] NCCL INFO New proxy send connection 25 from local rank 3, transport 0
MOC-R4PCC04U05:615905:616752 [3] NCCL INFO Connected to proxy localRank 3 -> connection 0x7f0e50005ae8
MOC-R4PCC04U05:615905:616040 [3] NCCL INFO New proxy send connection 26 from local rank 3, transport 0
MOC-R4PCC04U05:615905:616752 [3] NCCL INFO Connected to proxy localRank 3 -> connection 0x7f0e50005b60
MOC-R4PCC04U05:615905:616040 [3] NCCL INFO New proxy send connection 27 from local rank 3, transport 0
MOC-R4PCC04U05:615905:616752 [3] NCCL INFO Connected to proxy localRank 3 -> connection 0x7f0e50005bd8
step    1/10 | train loss 11.009953 | norm 15.3599 | lr 1.00e-04 | (14934.95 ms | 236957 tok/s)
step    2/10 | train loss 10.140253 | norm 5.7283 | lr 1.00e-04 | (845.89 ms | 4183680 tok/s)
step    3/10 | train loss 9.800493 | norm 2.5995 | lr 1.00e-04 | (834.19 ms | 4242378 tok/s)
step    4/10 | train loss 9.631879 | norm 2.1038 | lr 1.00e-04 | (837.66 ms | 4224800 tok/s)
step    5/10 | train loss 9.549382 | norm 2.0982 | lr 1.00e-04 | (837.63 ms | 4224930 tok/s)
step    6/10 | train loss 9.468866 | norm 1.9907 | lr 1.00e-04 | (840.07 ms | 4212700 tok/s)
step    7/10 | train loss 9.384037 | norm 1.9411 | lr 1.00e-04 | (846.50 ms | 4180688 tok/s)
step    8/10 | train loss 9.293346 | norm 1.9098 | lr 1.00e-04 | (848.22 ms | 4172206 tok/s)
step    9/10 | train loss 9.198845 | norm 1.8576 | lr 1.00e-04 | (840.52 ms | 4210433 tok/s)
step   10/10 | train loss 9.112995 | norm 1.7861 | lr 1.00e-04 | (850.04 ms | 4163248 tok/s)
final 9 iters avg: 842.302ms
peak memory consumption: 16601 MiB
