Running pytorch 2.7.0+cu126
using device: cuda:0
total desired batch size: 1048576
=> calculated gradient accumulation steps: 2
using device: cuda:3
using device: cuda:1
using device: cuda:2
compiling the model...
DataLoader: total number of tokens: 1,661,249,667 across 103 files
MOC-R4PCC04U05:624305:624305 [0] NCCL INFO NCCL_SOCKET_IFNAME set to eno7np0
MOC-R4PCC04U05:624305:624305 [0] NCCL INFO NCCL version 2.26.2+cuda12.2
MOC-R4PCC04U05:624305:624409 [0] NCCL INFO NET/Plugin: Could not find: libnccl-net.so. Using internal net plugin.
MOC-R4PCC04U05:624305:624409 [0] NCCL INFO NET/Socket : Using [0]eno7np0:192.168.50.193<0>
MOC-R4PCC04U05:624308:624308 [3] NCCL INFO NCCL_SOCKET_IFNAME set to eno7np0
MOC-R4PCC04U05:624306:624306 [1] NCCL INFO NCCL_SOCKET_IFNAME set to eno7np0
MOC-R4PCC04U05:624308:624308 [3] NCCL INFO NCCL version 2.26.2+cuda12.2
MOC-R4PCC04U05:624306:624306 [1] NCCL INFO NCCL version 2.26.2+cuda12.2
MOC-R4PCC04U05:624307:624307 [2] NCCL INFO NCCL_SOCKET_IFNAME set to eno7np0
MOC-R4PCC04U05:624307:624307 [2] NCCL INFO NCCL version 2.26.2+cuda12.2
MOC-R4PCC04U05:624308:624431 [3] NCCL INFO NET/Plugin: Could not find: libnccl-net.so. Using internal net plugin.
MOC-R4PCC04U05:624308:624431 [3] NCCL INFO NET/Socket : Using [0]eno7np0:192.168.50.193<0>
MOC-R4PCC04U05:624306:624432 [1] NCCL INFO NET/Plugin: Could not find: libnccl-net.so. Using internal net plugin.
MOC-R4PCC04U05:624306:624432 [1] NCCL INFO NET/Socket : Using [0]eno7np0:192.168.50.193<0>
MOC-R4PCC04U05:624307:624433 [2] NCCL INFO NET/Plugin: Could not find: libnccl-net.so. Using internal net plugin.
MOC-R4PCC04U05:624307:624433 [2] NCCL INFO NET/Socket : Using [0]eno7np0:192.168.50.193<0>
MOC-R4PCC04U05:624308:624431 [3] NCCL INFO NET/Socket : GPU Direct RDMA Disabled for HCA 0 'eno7np0'
MOC-R4PCC04U05:624307:624433 [2] NCCL INFO NET/Socket : GPU Direct RDMA Disabled for HCA 0 'eno7np0'
MOC-R4PCC04U05:624305:624409 [0] NCCL INFO NET/Socket : GPU Direct RDMA Disabled for HCA 0 'eno7np0'
MOC-R4PCC04U05:624306:624432 [1] NCCL INFO NET/Socket : GPU Direct RDMA Disabled for HCA 0 'eno7np0'
MOC-R4PCC04U05:624308:624441 [3] NCCL INFO New proxy recv connection 0 from local rank 3, transport 0
MOC-R4PCC04U05:624308:624450 [3] NCCL INFO Connected to proxy localRank 3 -> connection 0x7f37e8004f30
MOC-R4PCC04U05:624308:624441 [3] NCCL INFO New proxy recv connection 1 from local rank 3, transport 0
MOC-R4PCC04U05:624308:624450 [3] NCCL INFO Connected to proxy localRank 3 -> connection 0x7f37e8004fa8
MOC-R4PCC04U05:624307:624443 [2] NCCL INFO New proxy recv connection 0 from local rank 2, transport 0
MOC-R4PCC04U05:624307:624451 [2] NCCL INFO Connected to proxy localRank 2 -> connection 0x7f3c00004f30
MOC-R4PCC04U05:624305:624444 [0] NCCL INFO New proxy send connection 0 from local rank 0, transport 0
MOC-R4PCC04U05:624305:624452 [0] NCCL INFO Connected to proxy localRank 0 -> connection 0x7efeac004f30
MOC-R4PCC04U05:624307:624443 [2] NCCL INFO New proxy recv connection 1 from local rank 2, transport 0
MOC-R4PCC04U05:624307:624451 [2] NCCL INFO Connected to proxy localRank 2 -> connection 0x7f3c00004fa8
MOC-R4PCC04U05:624306:624445 [1] NCCL INFO New proxy recv connection 0 from local rank 1, transport 0
MOC-R4PCC04U05:624306:624453 [1] NCCL INFO Connected to proxy localRank 1 -> connection 0x7fe310004f30
MOC-R4PCC04U05:624305:624444 [0] NCCL INFO New proxy send connection 1 from local rank 0, transport 0
MOC-R4PCC04U05:624305:624452 [0] NCCL INFO Connected to proxy localRank 0 -> connection 0x7efeac004fa8
MOC-R4PCC04U05:624306:624445 [1] NCCL INFO New proxy recv connection 1 from local rank 1, transport 0
MOC-R4PCC04U05:624306:624453 [1] NCCL INFO Connected to proxy localRank 1 -> connection 0x7fe310004fa8
MOC-R4PCC04U05:624305:624444 [0] NCCL INFO New proxy send connection 2 from local rank 0, transport 0
MOC-R4PCC04U05:624305:624452 [0] NCCL INFO Connected to proxy localRank 0 -> connection 0x7efeac005020
MOC-R4PCC04U05:624305:624444 [0] NCCL INFO New proxy send connection 3 from local rank 0, transport 0
MOC-R4PCC04U05:624305:624452 [0] NCCL INFO Connected to proxy localRank 0 -> connection 0x7efeac005098
MOC-R4PCC04U05:624308:624441 [3] NCCL INFO New proxy send connection 2 from local rank 3, transport 2
MOC-R4PCC04U05:624308:624450 [3] NCCL INFO Connected to proxy localRank 3 -> connection 0x7f37e8005020
MOC-R4PCC04U05:624308:624450 [3] NCCL INFO Channel 00/0 : 3[3] -> 6[2] [send] via NET/Socket/0
MOC-R4PCC04U05:624308:624441 [3] NCCL INFO New proxy send connection 3 from local rank 3, transport 2
MOC-R4PCC04U05:624308:624450 [3] NCCL INFO Connected to proxy localRank 3 -> connection 0x7f37e8005098
MOC-R4PCC04U05:624308:624450 [3] NCCL INFO Channel 02/0 : 3[3] -> 6[2] [send] via NET/Socket/0
MOC-R4PCC04U05:624305:624444 [0] NCCL INFO New proxy recv connection 4 from local rank 0, transport 0
MOC-R4PCC04U05:624305:624452 [0] NCCL INFO Connected to proxy localRank 0 -> connection 0x7efeac005110
MOC-R4PCC04U05:624308:624441 [3] NCCL INFO New proxy recv connection 4 from local rank 3, transport 2
MOC-R4PCC04U05:624308:624450 [3] NCCL INFO Connected to proxy localRank 3 -> connection 0x7f37e8005110
MOC-R4PCC04U05:624308:624450 [3] NCCL INFO Channel 01/0 : 14[2] -> 3[3] [receive] via NET/Socket/0
MOC-R4PCC04U05:624308:624441 [3] NCCL INFO New proxy recv connection 5 from local rank 3, transport 2
MOC-R4PCC04U05:624308:624450 [3] NCCL INFO Connected to proxy localRank 3 -> connection 0x7f37e8005188
MOC-R4PCC04U05:624308:624450 [3] NCCL INFO Channel 03/0 : 14[2] -> 3[3] [receive] via NET/Socket/0
MOC-R4PCC04U05:624305:624444 [0] NCCL INFO New proxy recv connection 5 from local rank 0, transport 0
MOC-R4PCC04U05:624305:624452 [0] NCCL INFO Connected to proxy localRank 0 -> connection 0x7efeac005188
MOC-R4PCC04U05:624307:624443 [2] NCCL INFO New proxy recv connection 2 from local rank 2, transport 2
MOC-R4PCC04U05:624307:624451 [2] NCCL INFO Connected to proxy localRank 2 -> connection 0x7f3c00005020
MOC-R4PCC04U05:624307:624451 [2] NCCL INFO Channel 00/0 : 15[3] -> 2[2] [receive] via NET/Socket/0
MOC-R4PCC04U05:624307:624443 [2] NCCL INFO New proxy recv connection 3 from local rank 2, transport 2
MOC-R4PCC04U05:624307:624451 [2] NCCL INFO Connected to proxy localRank 2 -> connection 0x7f3c00005098
MOC-R4PCC04U05:624305:624444 [0] NCCL INFO New proxy recv connection 6 from local rank 0, transport 0
MOC-R4PCC04U05:624305:624452 [0] NCCL INFO Connected to proxy localRank 0 -> connection 0x7efeac005200
MOC-R4PCC04U05:624307:624451 [2] NCCL INFO Channel 02/0 : 15[3] -> 2[2] [receive] via NET/Socket/0
MOC-R4PCC04U05:624305:624444 [0] NCCL INFO New proxy recv connection 7 from local rank 0, transport 0
MOC-R4PCC04U05:624305:624452 [0] NCCL INFO Connected to proxy localRank 0 -> connection 0x7efeac005278
MOC-R4PCC04U05:624307:624443 [2] NCCL INFO New proxy send connection 4 from local rank 2, transport 2
MOC-R4PCC04U05:624307:624451 [2] NCCL INFO Connected to proxy localRank 2 -> connection 0x7f3c00005110
MOC-R4PCC04U05:624307:624451 [2] NCCL INFO Channel 01/0 : 2[2] -> 7[3] [send] via NET/Socket/0
MOC-R4PCC04U05:624307:624443 [2] NCCL INFO New proxy send connection 5 from local rank 2, transport 2
MOC-R4PCC04U05:624307:624451 [2] NCCL INFO Connected to proxy localRank 2 -> connection 0x7f3c00005188
MOC-R4PCC04U05:624307:624451 [2] NCCL INFO Channel 03/0 : 2[2] -> 7[3] [send] via NET/Socket/0
MOC-R4PCC04U05:624307:624443 [2] NCCL INFO New proxy send connection 6 from local rank 2, transport 0
MOC-R4PCC04U05:624307:624451 [2] NCCL INFO Connected to proxy localRank 2 -> connection 0x7f3c00005200
MOC-R4PCC04U05:624307:624443 [2] NCCL INFO New proxy send connection 7 from local rank 2, transport 0
MOC-R4PCC04U05:624307:624451 [2] NCCL INFO Connected to proxy localRank 2 -> connection 0x7f3c00005278
MOC-R4PCC04U05:624308:624441 [3] NCCL INFO New proxy send connection 6 from local rank 3, transport 0
MOC-R4PCC04U05:624308:624450 [3] NCCL INFO Connected to proxy localRank 3 -> connection 0x7f37e8005200
MOC-R4PCC04U05:624308:624441 [3] NCCL INFO New proxy send connection 7 from local rank 3, transport 0
MOC-R4PCC04U05:624308:624450 [3] NCCL INFO Connected to proxy localRank 3 -> connection 0x7f37e8005278
MOC-R4PCC04U05:624306:624445 [1] NCCL INFO New proxy recv connection 2 from local rank 1, transport 0
MOC-R4PCC04U05:624305:624444 [0] NCCL INFO New proxy send connection 8 from local rank 3, transport 0
MOC-R4PCC04U05:624306:624453 [1] NCCL INFO Connected to proxy localRank 1 -> connection 0x7fe310005020
MOC-R4PCC04U05:624308:624450 [3] NCCL INFO Connected to proxy localRank 0 -> connection 0x7efeac0052f0
MOC-R4PCC04U05:624306:624445 [1] NCCL INFO New proxy recv connection 3 from local rank 1, transport 0
MOC-R4PCC04U05:624306:624453 [1] NCCL INFO Connected to proxy localRank 1 -> connection 0x7fe310005098
MOC-R4PCC04U05:624306:624445 [1] NCCL INFO New proxy send connection 4 from local rank 1, transport 0
MOC-R4PCC04U05:624306:624453 [1] NCCL INFO Connected to proxy localRank 1 -> connection 0x7fe310005110
MOC-R4PCC04U05:624306:624445 [1] NCCL INFO New proxy send connection 5 from local rank 1, transport 0
MOC-R4PCC04U05:624306:624453 [1] NCCL INFO Connected to proxy localRank 1 -> connection 0x7fe310005188
MOC-R4PCC04U05:624306:624445 [1] NCCL INFO New proxy send connection 6 from local rank 1, transport 0
MOC-R4PCC04U05:624306:624453 [1] NCCL INFO Connected to proxy localRank 1 -> connection 0x7fe310005200
MOC-R4PCC04U05:624306:624445 [1] NCCL INFO New proxy send connection 7 from local rank 1, transport 0
MOC-R4PCC04U05:624306:624453 [1] NCCL INFO Connected to proxy localRank 1 -> connection 0x7fe310005278
MOC-R4PCC04U05:624306:624445 [1] NCCL INFO New proxy send connection 8 from local rank 3, transport 0
MOC-R4PCC04U05:624308:624450 [3] NCCL INFO Connected to proxy localRank 1 -> connection 0x7fe3100052f0
MOC-R4PCC04U05:624305:624444 [0] NCCL INFO New proxy send connection 9 from local rank 2, transport 0
MOC-R4PCC04U05:624307:624451 [2] NCCL INFO Connected to proxy localRank 0 -> connection 0x7efeac005368
MOC-R4PCC04U05:624307:624443 [2] NCCL INFO New proxy send connection 8 from local rank 0, transport 0
MOC-R4PCC04U05:624305:624452 [0] NCCL INFO Connected to proxy localRank 2 -> connection 0x7f3c000052f0
MOC-R4PCC04U05:624308:624441 [3] NCCL INFO New proxy send connection 8 from local rank 1, transport 0
MOC-R4PCC04U05:624306:624453 [1] NCCL INFO Connected to proxy localRank 3 -> connection 0x7f37e80052f0
MOC-R4PCC04U05:624306:624445 [1] NCCL INFO New proxy send connection 9 from local rank 2, transport 0
MOC-R4PCC04U05:624307:624451 [2] NCCL INFO Connected to proxy localRank 1 -> connection 0x7fe310005368
MOC-R4PCC04U05:624308:624441 [3] NCCL INFO New proxy send connection 9 from local rank 0, transport 0
MOC-R4PCC04U05:624305:624452 [0] NCCL INFO Connected to proxy localRank 3 -> connection 0x7f37e8005368
MOC-R4PCC04U05:624305:624444 [0] NCCL INFO New proxy send connection 10 from local rank 1, transport 0
MOC-R4PCC04U05:624306:624453 [1] NCCL INFO Connected to proxy localRank 0 -> connection 0x7efeac0053e0
MOC-R4PCC04U05:624307:624443 [2] NCCL INFO New proxy send connection 9 from local rank 1, transport 0
MOC-R4PCC04U05:624306:624453 [1] NCCL INFO Connected to proxy localRank 2 -> connection 0x7f3c00005368
MOC-R4PCC04U05:624306:624445 [1] NCCL INFO New proxy send connection 10 from local rank 0, transport 0
MOC-R4PCC04U05:624305:624452 [0] NCCL INFO Connected to proxy localRank 1 -> connection 0x7fe3100053e0
num decayed parameter tensors: 50, with 124,318,464 parameters
num non-decayed parameter tensors: 98, with 121,344 parameters
using fused AdamW: False
using regular AdamW
MOC-R4PCC04U05:624308:624441 [3] NCCL INFO New proxy recv connection 10 from local rank 3, transport 0
MOC-R4PCC04U05:624308:625272 [3] NCCL INFO Connected to proxy localRank 3 -> connection 0x7f37e80053e0
MOC-R4PCC04U05:624308:624441 [3] NCCL INFO New proxy recv connection 11 from local rank 3, transport 0
MOC-R4PCC04U05:624308:625272 [3] NCCL INFO Connected to proxy localRank 3 -> connection 0x7f37e8005458
MOC-R4PCC04U05:624305:624444 [0] NCCL INFO New proxy send connection 11 from local rank 0, transport 0
MOC-R4PCC04U05:624305:625273 [0] NCCL INFO Connected to proxy localRank 0 -> connection 0x7efeac005458
MOC-R4PCC04U05:624305:624444 [0] NCCL INFO New proxy send connection 12 from local rank 0, transport 0
MOC-R4PCC04U05:624305:625273 [0] NCCL INFO Connected to proxy localRank 0 -> connection 0x7efeac0054d0
MOC-R4PCC04U05:624305:624444 [0] NCCL INFO New proxy send connection 13 from local rank 0, transport 0
MOC-R4PCC04U05:624305:625273 [0] NCCL INFO Connected to proxy localRank 0 -> connection 0x7efeac005548
MOC-R4PCC04U05:624305:624444 [0] NCCL INFO New proxy send connection 14 from local rank 0, transport 0
MOC-R4PCC04U05:624305:625273 [0] NCCL INFO Connected to proxy localRank 0 -> connection 0x7efeac0055c0
MOC-R4PCC04U05:624306:624445 [1] NCCL INFO New proxy recv connection 11 from local rank 1, transport 0
MOC-R4PCC04U05:624306:625274 [1] NCCL INFO Connected to proxy localRank 1 -> connection 0x7fe310005458
MOC-R4PCC04U05:624306:624445 [1] NCCL INFO New proxy recv connection 12 from local rank 1, transport 0
MOC-R4PCC04U05:624306:625274 [1] NCCL INFO Connected to proxy localRank 1 -> connection 0x7fe3100054d0
MOC-R4PCC04U05:624306:624445 [1] NCCL INFO New proxy recv connection 13 from local rank 1, transport 0
MOC-R4PCC04U05:624306:625274 [1] NCCL INFO Connected to proxy localRank 1 -> connection 0x7fe310005548
MOC-R4PCC04U05:624306:624445 [1] NCCL INFO New proxy recv connection 14 from local rank 1, transport 0
MOC-R4PCC04U05:624306:625274 [1] NCCL INFO Connected to proxy localRank 1 -> connection 0x7fe3100055c0
MOC-R4PCC04U05:624306:624445 [1] NCCL INFO New proxy send connection 15 from local rank 1, transport 0
MOC-R4PCC04U05:624306:625274 [1] NCCL INFO Connected to proxy localRank 1 -> connection 0x7fe310005638
MOC-R4PCC04U05:624306:624445 [1] NCCL INFO New proxy send connection 16 from local rank 1, transport 0
MOC-R4PCC04U05:624306:625274 [1] NCCL INFO Connected to proxy localRank 1 -> connection 0x7fe3100056b0
MOC-R4PCC04U05:624306:624445 [1] NCCL INFO New proxy send connection 17 from local rank 1, transport 0
MOC-R4PCC04U05:624306:625274 [1] NCCL INFO Connected to proxy localRank 1 -> connection 0x7fe310005728
MOC-R4PCC04U05:624306:624445 [1] NCCL INFO New proxy send connection 18 from local rank 1, transport 0
MOC-R4PCC04U05:624306:625274 [1] NCCL INFO Connected to proxy localRank 1 -> connection 0x7fe3100057a0
MOC-R4PCC04U05:624305:624444 [0] NCCL INFO New proxy send connection 15 from local rank 0, transport 0
MOC-R4PCC04U05:624305:625273 [0] NCCL INFO Connected to proxy localRank 0 -> connection 0x7efeac005638
MOC-R4PCC04U05:624305:624444 [0] NCCL INFO New proxy send connection 16 from local rank 0, transport 0
MOC-R4PCC04U05:624305:625273 [0] NCCL INFO Connected to proxy localRank 0 -> connection 0x7efeac0056b0
MOC-R4PCC04U05:624305:624444 [0] NCCL INFO New proxy recv connection 17 from local rank 0, transport 0
MOC-R4PCC04U05:624305:625273 [0] NCCL INFO Connected to proxy localRank 0 -> connection 0x7efeac005728
MOC-R4PCC04U05:624308:624441 [3] NCCL INFO New proxy send connection 12 from local rank 3, transport 2
MOC-R4PCC04U05:624308:625272 [3] NCCL INFO Connected to proxy localRank 3 -> connection 0x7f37e80054d0
MOC-R4PCC04U05:624305:624444 [0] NCCL INFO New proxy recv connection 18 from local rank 0, transport 0
MOC-R4PCC04U05:624305:625273 [0] NCCL INFO Connected to proxy localRank 0 -> connection 0x7efeac0057a0
MOC-R4PCC04U05:624305:624444 [0] NCCL INFO New proxy recv connection 19 from local rank 0, transport 0
MOC-R4PCC04U05:624305:625273 [0] NCCL INFO Connected to proxy localRank 0 -> connection 0x7efeac005818
MOC-R4PCC04U05:624308:625272 [3] NCCL INFO Channel 02/0 : 3[3] -> 7[3] [send] via NET/Socket/0
MOC-R4PCC04U05:624305:624444 [0] NCCL INFO New proxy recv connection 20 from local rank 0, transport 0
MOC-R4PCC04U05:624305:625273 [0] NCCL INFO Connected to proxy localRank 0 -> connection 0x7efeac005890
MOC-R4PCC04U05:624308:624441 [3] NCCL INFO New proxy send connection 13 from local rank 3, transport 2
MOC-R4PCC04U05:624308:625272 [3] NCCL INFO Connected to proxy localRank 3 -> connection 0x7f37e8005548
MOC-R4PCC04U05:624308:625272 [3] NCCL INFO Channel 03/0 : 3[3] -> 7[3] [send] via NET/Socket/0
MOC-R4PCC04U05:624308:624441 [3] NCCL INFO New proxy recv connection 14 from local rank 3, transport 2
MOC-R4PCC04U05:624308:625272 [3] NCCL INFO Connected to proxy localRank 3 -> connection 0x7f37e80055c0
MOC-R4PCC04U05:624308:625272 [3] NCCL INFO Channel 00/0 : 11[3] -> 3[3] [receive] via NET/Socket/0
MOC-R4PCC04U05:624308:624441 [3] NCCL INFO New proxy recv connection 15 from local rank 3, transport 2
MOC-R4PCC04U05:624308:625272 [3] NCCL INFO Connected to proxy localRank 3 -> connection 0x7f37e8005638
MOC-R4PCC04U05:624308:625272 [3] NCCL INFO Channel 01/0 : 11[3] -> 3[3] [receive] via NET/Socket/0
MOC-R4PCC04U05:624308:624441 [3] NCCL INFO New proxy send connection 16 from local rank 3, transport 2
MOC-R4PCC04U05:624308:625272 [3] NCCL INFO Connected to proxy localRank 3 -> connection 0x7f37e80056b0
MOC-R4PCC04U05:624308:625272 [3] NCCL INFO Channel 00/0 : 3[3] -> 11[3] [send] via NET/Socket/0
MOC-R4PCC04U05:624308:624441 [3] NCCL INFO New proxy send connection 17 from local rank 3, transport 2
MOC-R4PCC04U05:624308:625272 [3] NCCL INFO Connected to proxy localRank 3 -> connection 0x7f37e8005728
MOC-R4PCC04U05:624308:625272 [3] NCCL INFO Channel 01/0 : 3[3] -> 11[3] [send] via NET/Socket/0
MOC-R4PCC04U05:624308:624441 [3] NCCL INFO New proxy recv connection 18 from local rank 3, transport 2
MOC-R4PCC04U05:624308:625272 [3] NCCL INFO Connected to proxy localRank 3 -> connection 0x7f37e80057a0
MOC-R4PCC04U05:624308:625272 [3] NCCL INFO Channel 02/0 : 7[3] -> 3[3] [receive] via NET/Socket/0
MOC-R4PCC04U05:624308:624441 [3] NCCL INFO New proxy recv connection 19 from local rank 3, transport 2
MOC-R4PCC04U05:624308:625272 [3] NCCL INFO Connected to proxy localRank 3 -> connection 0x7f37e8005818
MOC-R4PCC04U05:624308:625272 [3] NCCL INFO Channel 03/0 : 7[3] -> 3[3] [receive] via NET/Socket/0
MOC-R4PCC04U05:624308:624441 [3] NCCL INFO New proxy send connection 20 from local rank 3, transport 0
MOC-R4PCC04U05:624308:625272 [3] NCCL INFO Connected to proxy localRank 3 -> connection 0x7f37e8005890
MOC-R4PCC04U05:624308:624441 [3] NCCL INFO New proxy send connection 21 from local rank 3, transport 0
MOC-R4PCC04U05:624308:625272 [3] NCCL INFO Connected to proxy localRank 3 -> connection 0x7f37e8005908
MOC-R4PCC04U05:624308:624441 [3] NCCL INFO New proxy send connection 22 from local rank 3, transport 0
MOC-R4PCC04U05:624308:625272 [3] NCCL INFO Connected to proxy localRank 3 -> connection 0x7f37e8005980
MOC-R4PCC04U05:624308:624441 [3] NCCL INFO New proxy send connection 23 from local rank 3, transport 0
MOC-R4PCC04U05:624308:625272 [3] NCCL INFO Connected to proxy localRank 3 -> connection 0x7f37e80059f8
MOC-R4PCC04U05:624307:624443 [2] NCCL INFO New proxy recv connection 10 from local rank 2, transport 0
MOC-R4PCC04U05:624307:625275 [2] NCCL INFO Connected to proxy localRank 2 -> connection 0x7f3c000053e0
MOC-R4PCC04U05:624307:624443 [2] NCCL INFO New proxy recv connection 11 from local rank 2, transport 0
MOC-R4PCC04U05:624307:625275 [2] NCCL INFO Connected to proxy localRank 2 -> connection 0x7f3c00005458
MOC-R4PCC04U05:624307:624443 [2] NCCL INFO New proxy recv connection 12 from local rank 2, transport 0
MOC-R4PCC04U05:624307:625275 [2] NCCL INFO Connected to proxy localRank 2 -> connection 0x7f3c000054d0
MOC-R4PCC04U05:624307:624443 [2] NCCL INFO New proxy recv connection 13 from local rank 2, transport 0
MOC-R4PCC04U05:624307:625275 [2] NCCL INFO Connected to proxy localRank 2 -> connection 0x7f3c00005548
MOC-R4PCC04U05:624307:624443 [2] NCCL INFO New proxy send connection 14 from local rank 2, transport 0
MOC-R4PCC04U05:624307:625275 [2] NCCL INFO Connected to proxy localRank 2 -> connection 0x7f3c000055c0
MOC-R4PCC04U05:624306:624445 [1] NCCL INFO New proxy recv connection 19 from local rank 1, transport 0
MOC-R4PCC04U05:624306:625274 [1] NCCL INFO Connected to proxy localRank 1 -> connection 0x7fe310005818
MOC-R4PCC04U05:624307:624443 [2] NCCL INFO New proxy send connection 15 from local rank 2, transport 0
MOC-R4PCC04U05:624307:625275 [2] NCCL INFO Connected to proxy localRank 2 -> connection 0x7f3c00005638
MOC-R4PCC04U05:624306:624445 [1] NCCL INFO New proxy recv connection 20 from local rank 1, transport 0
MOC-R4PCC04U05:624306:625274 [1] NCCL INFO Connected to proxy localRank 1 -> connection 0x7fe310005890
step    1/10 | train loss 11.010097 | norm 15.4736 | lr 1.00e-04 | (14480.77 ms | 72412 tok/s)
step    2/10 | train loss 10.132357 | norm 5.7712 | lr 1.00e-04 | (289.35 ms | 3623907 tok/s)
step    3/10 | train loss 9.790415 | norm 2.6207 | lr 1.00e-04 | (283.04 ms | 3704751 tok/s)
step    4/10 | train loss 9.620092 | norm 2.1209 | lr 1.00e-04 | (282.53 ms | 3711435 tok/s)
step    5/10 | train loss 9.536890 | norm 2.1163 | lr 1.00e-04 | (487.94 ms | 2149003 tok/s)
step    6/10 | train loss 9.455264 | norm 2.0053 | lr 1.00e-04 | (281.56 ms | 3724109 tok/s)
step    7/10 | train loss 9.369595 | norm 1.9545 | lr 1.00e-04 | (324.34 ms | 3232995 tok/s)
step    8/10 | train loss 9.277891 | norm 1.9223 | lr 1.00e-04 | (283.16 ms | 3703178 tok/s)
step    9/10 | train loss 9.182259 | norm 1.8716 | lr 1.00e-04 | (283.21 ms | 3702511 tok/s)
step   10/10 | train loss 9.094440 | norm 1.7972 | lr 1.00e-04 | (280.56 ms | 3737455 tok/s)
final 9 iters avg: 310.630ms
peak memory consumption: 16601 MiB
