Running pytorch 2.7.0+cu126
using device: cuda:0
total desired batch size: 3145728
=> calculated gradient accumulation steps: 6
using device: cuda:1
using device: cuda:3
using device: cuda:2
compiling the model...
DataLoader: total number of tokens: 1,661,249,667 across 103 files
MOC-R4PCC04U05:694272:694272 [0] NCCL INFO NCCL_SOCKET_IFNAME set to eno7np0
MOC-R4PCC04U05:694272:694272 [0] NCCL INFO NCCL version 2.26.2+cuda12.2
MOC-R4PCC04U05:694272:694376 [0] NCCL INFO NET/Plugin: Could not find: libnccl-net.so. Using internal net plugin.
MOC-R4PCC04U05:694272:694376 [0] NCCL INFO NCCL_IB_HCA set to mlx5_5
MOC-R4PCC04U05:694272:694376 [0] NCCL INFO NET/IB : Made virtual device [0] name=mlx5_5 speed=400000 ndevs=1
MOC-R4PCC04U05:694272:694376 [0] NCCL INFO NET/IB : Using [0]mlx5_5:1/RoCE [RO]; OOB eno7np0:192.168.50.193<0>
MOC-R4PCC04U05:694275:694275 [3] NCCL INFO NCCL_SOCKET_IFNAME set to eno7np0
MOC-R4PCC04U05:694275:694275 [3] NCCL INFO NCCL version 2.26.2+cuda12.2
MOC-R4PCC04U05:694273:694273 [1] NCCL INFO NCCL_SOCKET_IFNAME set to eno7np0
MOC-R4PCC04U05:694274:694274 [2] NCCL INFO NCCL_SOCKET_IFNAME set to eno7np0
MOC-R4PCC04U05:694273:694273 [1] NCCL INFO NCCL version 2.26.2+cuda12.2
MOC-R4PCC04U05:694274:694274 [2] NCCL INFO NCCL version 2.26.2+cuda12.2
MOC-R4PCC04U05:694275:694399 [3] NCCL INFO NET/Plugin: Could not find: libnccl-net.so. Using internal net plugin.
MOC-R4PCC04U05:694275:694399 [3] NCCL INFO NCCL_IB_HCA set to mlx5_5
MOC-R4PCC04U05:694274:694400 [2] NCCL INFO NET/Plugin: Could not find: libnccl-net.so. Using internal net plugin.
MOC-R4PCC04U05:694273:694401 [1] NCCL INFO NET/Plugin: Could not find: libnccl-net.so. Using internal net plugin.
MOC-R4PCC04U05:694274:694400 [2] NCCL INFO NCCL_IB_HCA set to mlx5_5
MOC-R4PCC04U05:694273:694401 [1] NCCL INFO NCCL_IB_HCA set to mlx5_5
MOC-R4PCC04U05:694275:694399 [3] NCCL INFO NET/IB : Made virtual device [0] name=mlx5_5 speed=400000 ndevs=1
MOC-R4PCC04U05:694275:694399 [3] NCCL INFO NET/IB : Using [0]mlx5_5:1/RoCE [RO]; OOB eno7np0:192.168.50.193<0>
MOC-R4PCC04U05:694274:694400 [2] NCCL INFO NET/IB : Made virtual device [0] name=mlx5_5 speed=400000 ndevs=1
MOC-R4PCC04U05:694274:694400 [2] NCCL INFO NET/IB : Using [0]mlx5_5:1/RoCE [RO]; OOB eno7np0:192.168.50.193<0>
MOC-R4PCC04U05:694273:694401 [1] NCCL INFO NET/IB : Made virtual device [0] name=mlx5_5 speed=400000 ndevs=1
MOC-R4PCC04U05:694273:694401 [1] NCCL INFO NET/IB : Using [0]mlx5_5:1/RoCE [RO]; OOB eno7np0:192.168.50.193<0>
MOC-R4PCC04U05:694273:694401 [1] NCCL INFO NET/IB : GPU Direct RDMA Enabled for HCA 0 'mlx5_5'
MOC-R4PCC04U05:694273:694401 [1] NCCL INFO NET/IB : Made virtual device [1] name=mlx5_5 speed=400000 ndevs=1
MOC-R4PCC04U05:694273:694401 [1] NCCL INFO NET/IB : GPU Direct RDMA Enabled for HCA 0 'mlx5_5'
MOC-R4PCC04U05:694273:694401 [1] NCCL INFO NET/IB : GPU Direct RDMA Enabled for HCA 1 'mlx5_5'
MOC-R4PCC04U05:694274:694400 [2] NCCL INFO NET/IB : GPU Direct RDMA Enabled for HCA 0 'mlx5_5'
MOC-R4PCC04U05:694274:694400 [2] NCCL INFO NET/IB : Made virtual device [1] name=mlx5_5 speed=400000 ndevs=1
MOC-R4PCC04U05:694274:694400 [2] NCCL INFO NET/IB : GPU Direct RDMA Enabled for HCA 0 'mlx5_5'
MOC-R4PCC04U05:694274:694400 [2] NCCL INFO NET/IB : GPU Direct RDMA Enabled for HCA 1 'mlx5_5'
MOC-R4PCC04U05:694275:694399 [3] NCCL INFO NET/IB : GPU Direct RDMA Enabled for HCA 0 'mlx5_5'
MOC-R4PCC04U05:694275:694399 [3] NCCL INFO NET/IB : Made virtual device [1] name=mlx5_5 speed=400000 ndevs=1
MOC-R4PCC04U05:694275:694399 [3] NCCL INFO NET/IB : GPU Direct RDMA Enabled for HCA 0 'mlx5_5'
MOC-R4PCC04U05:694275:694399 [3] NCCL INFO NET/IB : GPU Direct RDMA Enabled for HCA 1 'mlx5_5'
MOC-R4PCC04U05:694272:694376 [0] NCCL INFO NET/IB : GPU Direct RDMA Enabled for HCA 0 'mlx5_5'
MOC-R4PCC04U05:694272:694376 [0] NCCL INFO NET/IB : Made virtual device [1] name=mlx5_5 speed=400000 ndevs=1
MOC-R4PCC04U05:694272:694376 [0] NCCL INFO NET/IB : GPU Direct RDMA Enabled for HCA 0 'mlx5_5'
MOC-R4PCC04U05:694272:694376 [0] NCCL INFO NET/IB : GPU Direct RDMA Enabled for HCA 1 'mlx5_5'
MOC-R4PCC04U05:694272:694376 [0] NCCL INFO NCCL_NET_GDR_LEVEL set by environment to LOC
MOC-R4PCC04U05:694272:694376 [0] NCCL INFO GPU Direct RDMA Disabled for GPU 0 / HCA 1 (distance 5 > 0)
MOC-R4PCC04U05:694272:694376 [0] NCCL INFO GPU Direct RDMA Disabled for GPU 1 / HCA 1 (distance 5 > 0)
MOC-R4PCC04U05:694272:694376 [0] NCCL INFO GPU Direct RDMA Disabled for GPU 2 / HCA 1 (distance 5 > 0)
MOC-R4PCC04U05:694272:694376 [0] NCCL INFO GPU Direct RDMA Disabled for GPU 0 / HCA 1 (distance 5 > 0)
MOC-R4PCC04U05:694272:694376 [0] NCCL INFO GPU Direct RDMA Disabled for GPU 1 / HCA 1 (distance 5 > 0)
MOC-R4PCC04U05:694272:694376 [0] NCCL INFO GPU Direct RDMA Disabled for GPU 2 / HCA 1 (distance 5 > 0)
MOC-R4PCC04U05:694273:694401 [1] NCCL INFO NCCL_NET_GDR_LEVEL set by environment to LOC
MOC-R4PCC04U05:694273:694401 [1] NCCL INFO GPU Direct RDMA Disabled for GPU 0 / HCA 1 (distance 5 > 0)
MOC-R4PCC04U05:694273:694401 [1] NCCL INFO GPU Direct RDMA Disabled for GPU 1 / HCA 1 (distance 5 > 0)
MOC-R4PCC04U05:694273:694401 [1] NCCL INFO GPU Direct RDMA Disabled for GPU 2 / HCA 1 (distance 5 > 0)
MOC-R4PCC04U05:694273:694401 [1] NCCL INFO GPU Direct RDMA Disabled for GPU 0 / HCA 1 (distance 5 > 0)
MOC-R4PCC04U05:694273:694401 [1] NCCL INFO GPU Direct RDMA Disabled for GPU 1 / HCA 1 (distance 5 > 0)
MOC-R4PCC04U05:694273:694401 [1] NCCL INFO GPU Direct RDMA Disabled for GPU 2 / HCA 1 (distance 5 > 0)
MOC-R4PCC04U05:694274:694400 [2] NCCL INFO NCCL_NET_GDR_LEVEL set by environment to LOC
MOC-R4PCC04U05:694274:694400 [2] NCCL INFO GPU Direct RDMA Disabled for GPU 0 / HCA 1 (distance 5 > 0)
MOC-R4PCC04U05:694274:694400 [2] NCCL INFO GPU Direct RDMA Disabled for GPU 1 / HCA 1 (distance 5 > 0)
MOC-R4PCC04U05:694274:694400 [2] NCCL INFO GPU Direct RDMA Disabled for GPU 2 / HCA 1 (distance 5 > 0)
MOC-R4PCC04U05:694274:694400 [2] NCCL INFO GPU Direct RDMA Disabled for GPU 0 / HCA 1 (distance 5 > 0)
MOC-R4PCC04U05:694274:694400 [2] NCCL INFO GPU Direct RDMA Disabled for GPU 1 / HCA 1 (distance 5 > 0)
MOC-R4PCC04U05:694274:694400 [2] NCCL INFO GPU Direct RDMA Disabled for GPU 2 / HCA 1 (distance 5 > 0)
MOC-R4PCC04U05:694275:694399 [3] NCCL INFO NCCL_NET_GDR_LEVEL set by environment to LOC
MOC-R4PCC04U05:694275:694399 [3] NCCL INFO GPU Direct RDMA Disabled for GPU 0 / HCA 1 (distance 5 > 0)
MOC-R4PCC04U05:694275:694399 [3] NCCL INFO GPU Direct RDMA Disabled for GPU 1 / HCA 1 (distance 5 > 0)
MOC-R4PCC04U05:694275:694399 [3] NCCL INFO GPU Direct RDMA Disabled for GPU 2 / HCA 1 (distance 5 > 0)
MOC-R4PCC04U05:694275:694399 [3] NCCL INFO GPU Direct RDMA Disabled for GPU 0 / HCA 1 (distance 5 > 0)
MOC-R4PCC04U05:694275:694399 [3] NCCL INFO GPU Direct RDMA Disabled for GPU 1 / HCA 1 (distance 5 > 0)
MOC-R4PCC04U05:694275:694399 [3] NCCL INFO GPU Direct RDMA Disabled for GPU 2 / HCA 1 (distance 5 > 0)
MOC-R4PCC04U05:694272:694417 [0] NCCL INFO New proxy send connection 0 from local rank 0, transport 0
MOC-R4PCC04U05:694272:694421 [0] NCCL INFO Connected to proxy localRank 0 -> connection 0x7efff8004f30
MOC-R4PCC04U05:694272:694417 [0] NCCL INFO New proxy send connection 1 from local rank 0, transport 0
MOC-R4PCC04U05:694272:694421 [0] NCCL INFO Connected to proxy localRank 0 -> connection 0x7efff8004fa8
MOC-R4PCC04U05:694275:694414 [3] NCCL INFO New proxy recv connection 0 from local rank 3, transport 0
MOC-R4PCC04U05:694275:694423 [3] NCCL INFO Connected to proxy localRank 3 -> connection 0x7fe66c004f30
MOC-R4PCC04U05:694274:694413 [2] NCCL INFO New proxy recv connection 0 from local rank 2, transport 0
MOC-R4PCC04U05:694274:694422 [2] NCCL INFO Connected to proxy localRank 2 -> connection 0x7fa054004f30
MOC-R4PCC04U05:694274:694413 [2] NCCL INFO New proxy recv connection 1 from local rank 2, transport 0
MOC-R4PCC04U05:694274:694422 [2] NCCL INFO Connected to proxy localRank 2 -> connection 0x7fa054004fa8
MOC-R4PCC04U05:694275:694414 [3] NCCL INFO New proxy recv connection 1 from local rank 3, transport 0
MOC-R4PCC04U05:694275:694423 [3] NCCL INFO Connected to proxy localRank 3 -> connection 0x7fe66c004fa8
MOC-R4PCC04U05:694272:694417 [0] NCCL INFO New proxy send connection 2 from local rank 0, transport 0
MOC-R4PCC04U05:694274:694422 [2] NCCL INFO GPU Direct RDMA Disabled for GPU 2 / HCA 1 (distance 7 > 0)
MOC-R4PCC04U05:694272:694421 [0] NCCL INFO Connected to proxy localRank 0 -> connection 0x7efff8005020
MOC-R4PCC04U05:694272:694417 [0] NCCL INFO New proxy send connection 3 from local rank 0, transport 0
MOC-R4PCC04U05:694272:694421 [0] NCCL INFO Connected to proxy localRank 0 -> connection 0x7efff8005098
MOC-R4PCC04U05:694275:694423 [3] NCCL INFO GPU Direct RDMA Disabled for GPU 3 / HCA 1 (distance 7 > 0)
MOC-R4PCC04U05:694273:694418 [1] NCCL INFO New proxy recv connection 0 from local rank 1, transport 0
MOC-R4PCC04U05:694273:694424 [1] NCCL INFO Connected to proxy localRank 1 -> connection 0x7f3470004f30
MOC-R4PCC04U05:694273:694418 [1] NCCL INFO New proxy recv connection 1 from local rank 1, transport 0
MOC-R4PCC04U05:694273:694424 [1] NCCL INFO Connected to proxy localRank 1 -> connection 0x7f3470004fa8
MOC-R4PCC04U05:694274:694413 [2] NCCL INFO New proxy recv connection 2 from local rank 2, transport 2
MOC-R4PCC04U05:694274:694422 [2] NCCL INFO Connected to proxy localRank 2 -> connection 0x7fa054005020
MOC-R4PCC04U05:694274:694422 [2] NCCL INFO Channel 00/0 : 15[3] -> 2[2] [receive] via NET/IB/1
MOC-R4PCC04U05:694274:694422 [2] NCCL INFO GPU Direct RDMA Disabled for GPU 2 / HCA 1 (distance 7 > 0)
MOC-R4PCC04U05:694275:694414 [3] NCCL INFO New proxy send connection 2 from local rank 3, transport 2
MOC-R4PCC04U05:694274:694413 [2] NCCL INFO New proxy recv connection 3 from local rank 2, transport 2
MOC-R4PCC04U05:694274:694422 [2] NCCL INFO Connected to proxy localRank 2 -> connection 0x7fa054005098
MOC-R4PCC04U05:694274:694422 [2] NCCL INFO Channel 02/0 : 15[3] -> 2[2] [receive] via NET/IB/1
MOC-R4PCC04U05:694275:694423 [3] NCCL INFO Connected to proxy localRank 3 -> connection 0x7fe66c005020
MOC-R4PCC04U05:694275:694423 [3] NCCL INFO Channel 00/0 : 3[3] -> 6[2] [send] via NET/IB/1
MOC-R4PCC04U05:694275:694423 [3] NCCL INFO GPU Direct RDMA Disabled for GPU 3 / HCA 1 (distance 7 > 0)
MOC-R4PCC04U05:694275:694414 [3] NCCL INFO New proxy send connection 3 from local rank 3, transport 2
MOC-R4PCC04U05:694275:694423 [3] NCCL INFO Connected to proxy localRank 3 -> connection 0x7fe66c005098
MOC-R4PCC04U05:694275:694423 [3] NCCL INFO Channel 02/0 : 3[3] -> 6[2] [send] via NET/IB/1
MOC-R4PCC04U05:694272:694417 [0] NCCL INFO New proxy recv connection 4 from local rank 0, transport 0
MOC-R4PCC04U05:694272:694421 [0] NCCL INFO Connected to proxy localRank 0 -> connection 0x7efff8005110
MOC-R4PCC04U05:694272:694417 [0] NCCL INFO New proxy recv connection 5 from local rank 0, transport 0
MOC-R4PCC04U05:694272:694421 [0] NCCL INFO Connected to proxy localRank 0 -> connection 0x7efff8005188
MOC-R4PCC04U05:694272:694417 [0] NCCL INFO New proxy recv connection 6 from local rank 0, transport 0
MOC-R4PCC04U05:694272:694421 [0] NCCL INFO Connected to proxy localRank 0 -> connection 0x7efff8005200
MOC-R4PCC04U05:694272:694417 [0] NCCL INFO New proxy recv connection 7 from local rank 0, transport 0
MOC-R4PCC04U05:694272:694421 [0] NCCL INFO Connected to proxy localRank 0 -> connection 0x7efff8005278
MOC-R4PCC04U05:694275:694423 [3] NCCL INFO GPU Direct RDMA Disabled for GPU 3 / HCA 1 (distance 7 > 0)
MOC-R4PCC04U05:694275:694414 [3] NCCL INFO New proxy recv connection 4 from local rank 3, transport 2
MOC-R4PCC04U05:694275:694423 [3] NCCL INFO Connected to proxy localRank 3 -> connection 0x7fe66c005110
MOC-R4PCC04U05:694275:694423 [3] NCCL INFO Channel 01/0 : 14[2] -> 3[3] [receive] via NET/IB/1
MOC-R4PCC04U05:694275:694423 [3] NCCL INFO GPU Direct RDMA Disabled for GPU 3 / HCA 1 (distance 7 > 0)
MOC-R4PCC04U05:694275:694414 [3] NCCL INFO New proxy recv connection 5 from local rank 3, transport 2
MOC-R4PCC04U05:694275:694423 [3] NCCL INFO Connected to proxy localRank 3 -> connection 0x7fe66c005188
MOC-R4PCC04U05:694275:694423 [3] NCCL INFO Channel 03/0 : 14[2] -> 3[3] [receive] via NET/IB/1
MOC-R4PCC04U05:694274:694422 [2] NCCL INFO GPU Direct RDMA Disabled for GPU 2 / HCA 1 (distance 7 > 0)
MOC-R4PCC04U05:694274:694413 [2] NCCL INFO New proxy send connection 4 from local rank 2, transport 2
MOC-R4PCC04U05:694274:694422 [2] NCCL INFO Connected to proxy localRank 2 -> connection 0x7fa054005110
MOC-R4PCC04U05:694274:694422 [2] NCCL INFO Channel 01/0 : 2[2] -> 7[3] [send] via NET/IB/1
MOC-R4PCC04U05:694274:694422 [2] NCCL INFO GPU Direct RDMA Disabled for GPU 2 / HCA 1 (distance 7 > 0)
MOC-R4PCC04U05:694274:694413 [2] NCCL INFO New proxy send connection 5 from local rank 2, transport 2
MOC-R4PCC04U05:694274:694422 [2] NCCL INFO Connected to proxy localRank 2 -> connection 0x7fa054005188
MOC-R4PCC04U05:694274:694422 [2] NCCL INFO Channel 03/0 : 2[2] -> 7[3] [send] via NET/IB/1
MOC-R4PCC04U05:694274:694413 [2] NCCL INFO New proxy send connection 6 from local rank 2, transport 0
MOC-R4PCC04U05:694274:694422 [2] NCCL INFO Connected to proxy localRank 2 -> connection 0x7fa054005200
MOC-R4PCC04U05:694274:694413 [2] NCCL INFO New proxy send connection 7 from local rank 2, transport 0
MOC-R4PCC04U05:694274:694422 [2] NCCL INFO Connected to proxy localRank 2 -> connection 0x7fa054005278
MOC-R4PCC04U05:694275:694414 [3] NCCL INFO New proxy send connection 6 from local rank 3, transport 0
MOC-R4PCC04U05:694275:694423 [3] NCCL INFO Connected to proxy localRank 3 -> connection 0x7fe66c005200
MOC-R4PCC04U05:694275:694414 [3] NCCL INFO New proxy send connection 7 from local rank 3, transport 0
MOC-R4PCC04U05:694275:694423 [3] NCCL INFO Connected to proxy localRank 3 -> connection 0x7fe66c005278
MOC-R4PCC04U05:694272:694417 [0] NCCL INFO New proxy send connection 8 from local rank 3, transport 0
MOC-R4PCC04U05:694275:694423 [3] NCCL INFO Connected to proxy localRank 0 -> connection 0x7efff80052f0
MOC-R4PCC04U05:694273:694418 [1] NCCL INFO New proxy recv connection 2 from local rank 1, transport 0
MOC-R4PCC04U05:694273:694424 [1] NCCL INFO Connected to proxy localRank 1 -> connection 0x7f3470005020
MOC-R4PCC04U05:694273:694418 [1] NCCL INFO New proxy recv connection 3 from local rank 1, transport 0
MOC-R4PCC04U05:694273:694424 [1] NCCL INFO Connected to proxy localRank 1 -> connection 0x7f3470005098
MOC-R4PCC04U05:694273:694418 [1] NCCL INFO New proxy send connection 4 from local rank 1, transport 0
MOC-R4PCC04U05:694273:694424 [1] NCCL INFO Connected to proxy localRank 1 -> connection 0x7f3470005110
MOC-R4PCC04U05:694273:694418 [1] NCCL INFO New proxy send connection 5 from local rank 1, transport 0
MOC-R4PCC04U05:694273:694424 [1] NCCL INFO Connected to proxy localRank 1 -> connection 0x7f3470005188
MOC-R4PCC04U05:694273:694418 [1] NCCL INFO New proxy send connection 6 from local rank 1, transport 0
MOC-R4PCC04U05:694273:694424 [1] NCCL INFO Connected to proxy localRank 1 -> connection 0x7f3470005200
MOC-R4PCC04U05:694273:694418 [1] NCCL INFO New proxy send connection 7 from local rank 1, transport 0
MOC-R4PCC04U05:694273:694424 [1] NCCL INFO Connected to proxy localRank 1 -> connection 0x7f3470005278
MOC-R4PCC04U05:694273:694418 [1] NCCL INFO New proxy send connection 8 from local rank 3, transport 0
MOC-R4PCC04U05:694275:694423 [3] NCCL INFO Connected to proxy localRank 1 -> connection 0x7f34700052f0
MOC-R4PCC04U05:694275:694414 [3] NCCL INFO New proxy send connection 8 from local rank 1, transport 0
MOC-R4PCC04U05:694273:694424 [1] NCCL INFO Connected to proxy localRank 3 -> connection 0x7fe66c0052f0
MOC-R4PCC04U05:694272:694417 [0] NCCL INFO New proxy send connection 9 from local rank 2, transport 0
MOC-R4PCC04U05:694274:694422 [2] NCCL INFO Connected to proxy localRank 0 -> connection 0x7efff8005368
MOC-R4PCC04U05:694274:694413 [2] NCCL INFO New proxy send connection 8 from local rank 0, transport 0
MOC-R4PCC04U05:694272:694421 [0] NCCL INFO Connected to proxy localRank 2 -> connection 0x7fa0540052f0
MOC-R4PCC04U05:694275:694414 [3] NCCL INFO NET/IB: NCCL Dev 1 IbDev 0 Port 1 qpn 11402 mtu 3 query_ece={supported=1, vendor_id=0x15b3, options=0x30000002, comp_mask=0x0} GID 3 (0/C132A8C0FFFF0000) fifoRkey=0x177837 fifoLkey=0x177837
MOC-R4PCC04U05:694275:694414 [3] NCCL INFO NET/IB: NCCL Dev 1 IbDev 0 Port 1 qpn 11403 mtu 3 query_ece={supported=1, vendor_id=0x15b3, options=0x30000002, comp_mask=0x0} GID 3 (0/C132A8C0FFFF0000) fifoRkey=0x179c5b fifoLkey=0x179c5b
MOC-R4PCC04U05:694275:694414 [3] NCCL INFO NET/IB: IbDev 0 Port 1 qpn 11608 set_ece={supported=1, vendor_id=0x15b3, options=0x0, comp_mask=0x0}
MOC-R4PCC04U05:694272:694417 [0] NCCL INFO New proxy send connection 10 from local rank 1, transport 0
MOC-R4PCC04U05:694273:694424 [1] NCCL INFO Connected to proxy localRank 0 -> connection 0x7efff80053e0
MOC-R4PCC04U05:694273:694418 [1] NCCL INFO New proxy send connection 9 from local rank 2, transport 0
MOC-R4PCC04U05:694274:694422 [2] NCCL INFO Connected to proxy localRank 1 -> connection 0x7f3470005368
MOC-R4PCC04U05:694275:694414 [3] NCCL INFO NET/IB: IbDev 0 Port 1 qpn 11610 set_ece={supported=1, vendor_id=0x15b3, options=0x0, comp_mask=0x0}
MOC-R4PCC04U05:694275:694414 [3] NCCL INFO New proxy send connection 9 from local rank 0, transport 0
MOC-R4PCC04U05:694272:694421 [0] NCCL INFO Connected to proxy localRank 3 -> connection 0x7fe66c005368
MOC-R4PCC04U05:694274:694413 [2] NCCL INFO New proxy send connection 9 from local rank 1, transport 0
MOC-R4PCC04U05:694273:694424 [1] NCCL INFO Connected to proxy localRank 2 -> connection 0x7fa054005368
MOC-R4PCC04U05:694274:694413 [2] NCCL INFO NET/IB: NCCL Dev 1 IbDev 0 Port 1 qpn 11408 mtu 3 query_ece={supported=1, vendor_id=0x15b3, options=0x30000002, comp_mask=0x0} GID 3 (0/C132A8C0FFFF0000) fifoRkey=0x17b372 fifoLkey=0x17b372
MOC-R4PCC04U05:694274:694413 [2] NCCL INFO NET/IB: NCCL Dev 1 IbDev 0 Port 1 qpn 11409 mtu 3 query_ece={supported=1, vendor_id=0x15b3, options=0x30000002, comp_mask=0x0} GID 3 (0/C132A8C0FFFF0000) fifoRkey=0x17d796 fifoLkey=0x17d796
MOC-R4PCC04U05:694274:694413 [2] NCCL INFO NET/IB: IbDev 0 Port 1 qpn 11614 set_ece={supported=1, vendor_id=0x15b3, options=0x0, comp_mask=0x0}
MOC-R4PCC04U05:694273:694418 [1] NCCL INFO New proxy send connection 10 from local rank 0, transport 0
MOC-R4PCC04U05:694272:694421 [0] NCCL INFO Connected to proxy localRank 1 -> connection 0x7f34700053e0
MOC-R4PCC04U05:694274:694413 [2] NCCL INFO NET/IB: IbDev 0 Port 1 qpn 11616 set_ece={supported=1, vendor_id=0x15b3, options=0x0, comp_mask=0x0}
num decayed parameter tensors: 50, with 124,318,464 parameters
num non-decayed parameter tensors: 98, with 121,344 parameters
using fused AdamW: False
using regular AdamW
MOC-R4PCC04U05:694272:694417 [0] NCCL INFO New proxy send connection 11 from local rank 0, transport 0
MOC-R4PCC04U05:694272:695115 [0] NCCL INFO Connected to proxy localRank 0 -> connection 0x7efff8005458
MOC-R4PCC04U05:694275:694414 [3] NCCL INFO New proxy recv connection 10 from local rank 3, transport 0
MOC-R4PCC04U05:694275:695116 [3] NCCL INFO Connected to proxy localRank 3 -> connection 0x7fe66c0053e0
MOC-R4PCC04U05:694275:694414 [3] NCCL INFO New proxy recv connection 11 from local rank 3, transport 0
MOC-R4PCC04U05:694275:695116 [3] NCCL INFO Connected to proxy localRank 3 -> connection 0x7fe66c005458
MOC-R4PCC04U05:694272:694417 [0] NCCL INFO New proxy send connection 12 from local rank 0, transport 0
MOC-R4PCC04U05:694272:695115 [0] NCCL INFO Connected to proxy localRank 0 -> connection 0x7efff80054d0
MOC-R4PCC04U05:694272:694417 [0] NCCL INFO New proxy send connection 13 from local rank 0, transport 0
MOC-R4PCC04U05:694272:695115 [0] NCCL INFO Connected to proxy localRank 0 -> connection 0x7efff8005548
MOC-R4PCC04U05:694272:694417 [0] NCCL INFO New proxy send connection 14 from local rank 0, transport 0
MOC-R4PCC04U05:694272:695115 [0] NCCL INFO Connected to proxy localRank 0 -> connection 0x7efff80055c0
MOC-R4PCC04U05:694273:694418 [1] NCCL INFO New proxy recv connection 11 from local rank 1, transport 0
MOC-R4PCC04U05:694273:695117 [1] NCCL INFO Connected to proxy localRank 1 -> connection 0x7f3470005458
MOC-R4PCC04U05:694273:694418 [1] NCCL INFO New proxy recv connection 12 from local rank 1, transport 0
MOC-R4PCC04U05:694273:695117 [1] NCCL INFO Connected to proxy localRank 1 -> connection 0x7f34700054d0
MOC-R4PCC04U05:694273:694418 [1] NCCL INFO New proxy recv connection 13 from local rank 1, transport 0
MOC-R4PCC04U05:694273:695117 [1] NCCL INFO Connected to proxy localRank 1 -> connection 0x7f3470005548
MOC-R4PCC04U05:694273:694418 [1] NCCL INFO New proxy recv connection 14 from local rank 1, transport 0
MOC-R4PCC04U05:694273:695117 [1] NCCL INFO Connected to proxy localRank 1 -> connection 0x7f34700055c0
MOC-R4PCC04U05:694273:694418 [1] NCCL INFO New proxy send connection 15 from local rank 1, transport 0
MOC-R4PCC04U05:694273:695117 [1] NCCL INFO Connected to proxy localRank 1 -> connection 0x7f3470005638
MOC-R4PCC04U05:694273:694418 [1] NCCL INFO New proxy send connection 16 from local rank 1, transport 0
MOC-R4PCC04U05:694273:695117 [1] NCCL INFO Connected to proxy localRank 1 -> connection 0x7f34700056b0
MOC-R4PCC04U05:694273:694418 [1] NCCL INFO New proxy send connection 17 from local rank 1, transport 0
MOC-R4PCC04U05:694273:695117 [1] NCCL INFO Connected to proxy localRank 1 -> connection 0x7f3470005728
MOC-R4PCC04U05:694273:694418 [1] NCCL INFO New proxy send connection 18 from local rank 1, transport 0
MOC-R4PCC04U05:694273:695117 [1] NCCL INFO Connected to proxy localRank 1 -> connection 0x7f34700057a0
MOC-R4PCC04U05:694272:694417 [0] NCCL INFO New proxy send connection 15 from local rank 0, transport 0
MOC-R4PCC04U05:694272:695115 [0] NCCL INFO Connected to proxy localRank 0 -> connection 0x7efff8005638
MOC-R4PCC04U05:694272:694417 [0] NCCL INFO New proxy send connection 16 from local rank 0, transport 0
MOC-R4PCC04U05:694272:695115 [0] NCCL INFO Connected to proxy localRank 0 -> connection 0x7efff80056b0
MOC-R4PCC04U05:694272:694417 [0] NCCL INFO New proxy recv connection 17 from local rank 0, transport 0
MOC-R4PCC04U05:694272:695115 [0] NCCL INFO Connected to proxy localRank 0 -> connection 0x7efff8005728
MOC-R4PCC04U05:694275:695116 [3] NCCL INFO GPU Direct RDMA Disabled for GPU 3 / HCA 1 (distance 7 > 0)
MOC-R4PCC04U05:694275:694414 [3] NCCL INFO New proxy send connection 12 from local rank 3, transport 2
MOC-R4PCC04U05:694275:695116 [3] NCCL INFO Connected to proxy localRank 3 -> connection 0x7fe66c0054d0
MOC-R4PCC04U05:694272:694417 [0] NCCL INFO New proxy recv connection 18 from local rank 0, transport 0
MOC-R4PCC04U05:694272:695115 [0] NCCL INFO Connected to proxy localRank 0 -> connection 0x7efff80057a0
MOC-R4PCC04U05:694275:695116 [3] NCCL INFO Channel 02/0 : 3[3] -> 7[3] [send] via NET/IB/1
MOC-R4PCC04U05:694275:695116 [3] NCCL INFO GPU Direct RDMA Disabled for GPU 3 / HCA 1 (distance 7 > 0)
MOC-R4PCC04U05:694275:694414 [3] NCCL INFO New proxy send connection 13 from local rank 3, transport 2
MOC-R4PCC04U05:694275:695116 [3] NCCL INFO Connected to proxy localRank 3 -> connection 0x7fe66c005548
MOC-R4PCC04U05:694275:695116 [3] NCCL INFO Channel 03/0 : 3[3] -> 7[3] [send] via NET/IB/1
MOC-R4PCC04U05:694272:694417 [0] NCCL INFO New proxy recv connection 19 from local rank 0, transport 0
MOC-R4PCC04U05:694272:695115 [0] NCCL INFO Connected to proxy localRank 0 -> connection 0x7efff8005818
MOC-R4PCC04U05:694272:694417 [0] NCCL INFO New proxy recv connection 20 from local rank 0, transport 0
MOC-R4PCC04U05:694272:695115 [0] NCCL INFO Connected to proxy localRank 0 -> connection 0x7efff8005890
MOC-R4PCC04U05:694275:695116 [3] NCCL INFO GPU Direct RDMA Disabled for GPU 3 / HCA 1 (distance 7 > 0)
MOC-R4PCC04U05:694275:694414 [3] NCCL INFO New proxy recv connection 14 from local rank 3, transport 2
MOC-R4PCC04U05:694275:695116 [3] NCCL INFO Connected to proxy localRank 3 -> connection 0x7fe66c0055c0
MOC-R4PCC04U05:694275:695116 [3] NCCL INFO Channel 00/0 : 11[3] -> 3[3] [receive] via NET/IB/1
MOC-R4PCC04U05:694275:695116 [3] NCCL INFO GPU Direct RDMA Disabled for GPU 3 / HCA 1 (distance 7 > 0)
MOC-R4PCC04U05:694275:694414 [3] NCCL INFO New proxy recv connection 15 from local rank 3, transport 2
MOC-R4PCC04U05:694275:695116 [3] NCCL INFO Connected to proxy localRank 3 -> connection 0x7fe66c005638
MOC-R4PCC04U05:694275:695116 [3] NCCL INFO Channel 01/0 : 11[3] -> 3[3] [receive] via NET/IB/1
MOC-R4PCC04U05:694275:695116 [3] NCCL INFO GPU Direct RDMA Disabled for GPU 3 / HCA 1 (distance 7 > 0)
MOC-R4PCC04U05:694275:694414 [3] NCCL INFO New proxy send connection 16 from local rank 3, transport 2
MOC-R4PCC04U05:694275:695116 [3] NCCL INFO Connected to proxy localRank 3 -> connection 0x7fe66c0056b0
MOC-R4PCC04U05:694275:695116 [3] NCCL INFO Channel 00/0 : 3[3] -> 11[3] [send] via NET/IB/1
MOC-R4PCC04U05:694275:695116 [3] NCCL INFO GPU Direct RDMA Disabled for GPU 3 / HCA 1 (distance 7 > 0)
MOC-R4PCC04U05:694275:694414 [3] NCCL INFO New proxy send connection 17 from local rank 3, transport 2
MOC-R4PCC04U05:694275:695116 [3] NCCL INFO Connected to proxy localRank 3 -> connection 0x7fe66c005728
MOC-R4PCC04U05:694275:695116 [3] NCCL INFO Channel 01/0 : 3[3] -> 11[3] [send] via NET/IB/1
MOC-R4PCC04U05:694274:694413 [2] NCCL INFO New proxy recv connection 10 from local rank 2, transport 0
MOC-R4PCC04U05:694274:695118 [2] NCCL INFO Connected to proxy localRank 2 -> connection 0x7fa0540053e0
MOC-R4PCC04U05:694274:694413 [2] NCCL INFO New proxy recv connection 11 from local rank 2, transport 0
MOC-R4PCC04U05:694274:695118 [2] NCCL INFO Connected to proxy localRank 2 -> connection 0x7fa054005458
MOC-R4PCC04U05:694274:694413 [2] NCCL INFO New proxy recv connection 12 from local rank 2, transport 0
MOC-R4PCC04U05:694274:695118 [2] NCCL INFO Connected to proxy localRank 2 -> connection 0x7fa0540054d0
MOC-R4PCC04U05:694274:694413 [2] NCCL INFO New proxy recv connection 13 from local rank 2, transport 0
MOC-R4PCC04U05:694274:695118 [2] NCCL INFO Connected to proxy localRank 2 -> connection 0x7fa054005548
MOC-R4PCC04U05:694274:694413 [2] NCCL INFO New proxy send connection 14 from local rank 2, transport 0
MOC-R4PCC04U05:694274:695118 [2] NCCL INFO Connected to proxy localRank 2 -> connection 0x7fa0540055c0
MOC-R4PCC04U05:694273:694418 [1] NCCL INFO New proxy recv connection 19 from local rank 1, transport 0
MOC-R4PCC04U05:694274:694413 [2] NCCL INFO New proxy send connection 15 from local rank 2, transport 0
MOC-R4PCC04U05:694273:695117 [1] NCCL INFO Connected to proxy localRank 1 -> connection 0x7f3470005818
MOC-R4PCC04U05:694274:695118 [2] NCCL INFO Connected to proxy localRank 2 -> connection 0x7fa054005638
MOC-R4PCC04U05:694273:694418 [1] NCCL INFO New proxy recv connection 20 from local rank 1, transport 0
MOC-R4PCC04U05:694273:695117 [1] NCCL INFO Connected to proxy localRank 1 -> connection 0x7f3470005890
MOC-R4PCC04U05:694275:695116 [3] NCCL INFO GPU Direct RDMA Disabled for GPU 3 / HCA 1 (distance 7 > 0)
MOC-R4PCC04U05:694275:694414 [3] NCCL INFO New proxy recv connection 18 from local rank 3, transport 2
MOC-R4PCC04U05:694275:695116 [3] NCCL INFO Connected to proxy localRank 3 -> connection 0x7fe66c0057a0
MOC-R4PCC04U05:694275:695116 [3] NCCL INFO Channel 02/0 : 7[3] -> 3[3] [receive] via NET/IB/1
MOC-R4PCC04U05:694275:695116 [3] NCCL INFO GPU Direct RDMA Disabled for GPU 3 / HCA 1 (distance 7 > 0)
MOC-R4PCC04U05:694275:694414 [3] NCCL INFO New proxy recv connection 19 from local rank 3, transport 2
MOC-R4PCC04U05:694275:695116 [3] NCCL INFO Connected to proxy localRank 3 -> connection 0x7fe66c005818
MOC-R4PCC04U05:694275:695116 [3] NCCL INFO Channel 03/0 : 7[3] -> 3[3] [receive] via NET/IB/1
MOC-R4PCC04U05:694275:694414 [3] NCCL INFO New proxy send connection 20 from local rank 3, transport 0
MOC-R4PCC04U05:694275:695116 [3] NCCL INFO Connected to proxy localRank 3 -> connection 0x7fe66c005890
MOC-R4PCC04U05:694275:694414 [3] NCCL INFO New proxy send connection 21 from local rank 3, transport 0
MOC-R4PCC04U05:694275:695116 [3] NCCL INFO Connected to proxy localRank 3 -> connection 0x7fe66c005908
MOC-R4PCC04U05:694275:694414 [3] NCCL INFO New proxy send connection 22 from local rank 3, transport 0
MOC-R4PCC04U05:694275:695116 [3] NCCL INFO Connected to proxy localRank 3 -> connection 0x7fe66c005980
MOC-R4PCC04U05:694275:694414 [3] NCCL INFO New proxy send connection 23 from local rank 3, transport 0
MOC-R4PCC04U05:694275:695116 [3] NCCL INFO Connected to proxy localRank 3 -> connection 0x7fe66c0059f8
MOC-R4PCC04U05:694275:694414 [3] NCCL INFO NET/IB: NCCL Dev 1 IbDev 0 Port 1 qpn 11414 mtu 3 query_ece={supported=1, vendor_id=0x15b3, options=0x30000002, comp_mask=0x0} GID 3 (0/C132A8C0FFFF0000) fifoRkey=0x1722e1 fifoLkey=0x1722e1
MOC-R4PCC04U05:694275:694414 [3] NCCL INFO NET/IB: NCCL Dev 1 IbDev 0 Port 1 qpn 11417 mtu 3 query_ece={supported=1, vendor_id=0x15b3, options=0x30000002, comp_mask=0x0} GID 3 (0/C132A8C0FFFF0000) fifoRkey=0x175412 fifoLkey=0x175412
MOC-R4PCC04U05:694275:694414 [3] NCCL INFO NET/IB: NCCL Dev 1 IbDev 0 Port 1 qpn 11418 mtu 3 query_ece={supported=1, vendor_id=0x15b3, options=0x30000002, comp_mask=0x0} GID 3 (0/C132A8C0FFFF0000) fifoRkey=0x17cb8a fifoLkey=0x17cb8a
MOC-R4PCC04U05:694275:694414 [3] NCCL INFO NET/IB: NCCL Dev 1 IbDev 0 Port 1 qpn 11419 mtu 3 query_ece={supported=1, vendor_id=0x15b3, options=0x30000002, comp_mask=0x0} GID 3 (0/C132A8C0FFFF0000) fifoRkey=0x17904f fifoLkey=0x17904f
MOC-R4PCC04U05:694275:694414 [3] NCCL INFO NET/IB: IbDev 0 Port 1 qpn 9067 set_ece={supported=1, vendor_id=0x15b3, options=0x0, comp_mask=0x0}
MOC-R4PCC04U05:694275:694414 [3] NCCL INFO NET/IB: IbDev 0 Port 1 qpn 9070 set_ece={supported=1, vendor_id=0x15b3, options=0x0, comp_mask=0x0}
MOC-R4PCC04U05:694275:694414 [3] NCCL INFO NET/IB: IbDev 0 Port 1 qpn 11621 set_ece={supported=1, vendor_id=0x15b3, options=0x0, comp_mask=0x0}
MOC-R4PCC04U05:694275:694414 [3] NCCL INFO NET/IB: IbDev 0 Port 1 qpn 11624 set_ece={supported=1, vendor_id=0x15b3, options=0x0, comp_mask=0x0}
step    1/10 | train loss 11.009266 | norm 15.3566 | lr 1.00e-04 | (15144.75 ms | 207711 tok/s)
step    2/10 | train loss 10.139995 | norm 5.7234 | lr 1.00e-04 | (512.73 ms | 6135234 tok/s)
step    3/10 | train loss 9.800396 | norm 2.6013 | lr 1.00e-04 | (509.75 ms | 6171083 tok/s)
step    4/10 | train loss 9.631654 | norm 2.1118 | lr 1.00e-04 | (935.92 ms | 3361109 tok/s)
step    5/10 | train loss 9.548891 | norm 2.0959 | lr 1.00e-04 | (509.95 ms | 6168737 tok/s)
step    6/10 | train loss 9.468089 | norm 1.9942 | lr 1.00e-04 | (511.18 ms | 6153894 tok/s)
step    7/10 | train loss 9.382740 | norm 1.9443 | lr 1.00e-04 | (506.95 ms | 6205182 tok/s)
step    8/10 | train loss 9.291196 | norm 1.9106 | lr 1.00e-04 | (509.78 ms | 6170763 tok/s)
step    9/10 | train loss 9.195950 | norm 1.8556 | lr 1.00e-04 | (511.41 ms | 6151094 tok/s)
step   10/10 | train loss 9.110965 | norm 1.7933 | lr 1.00e-04 | (512.19 ms | 6141777 tok/s)
final 9 iters avg: 557.762ms
peak memory consumption: 16601 MiB
