Running pytorch 2.7.0+cu126
using device: cuda:0
total desired batch size: 2621440
=> calculated gradient accumulation steps: 10
using device: cuda:2
using device: cuda:3
using device: cuda:1
compiling the model...
DataLoader: total number of tokens: 1,661,249,667 across 103 files
MOC-R4PCC04U05:358121:358121 [0] NCCL INFO NCCL_SOCKET_IFNAME set to eno7np0
MOC-R4PCC04U05:358121:358121 [0] NCCL INFO NCCL version 2.26.2+cuda12.2
MOC-R4PCC04U05:358121:358160 [0] NCCL INFO NET/Plugin: Could not find: libnccl-net.so. Using internal net plugin.
MOC-R4PCC04U05:358121:358160 [0] NCCL INFO NCCL_IB_HCA set to mlx5_5
MOC-R4PCC04U05:358123:358123 [2] NCCL INFO NCCL_SOCKET_IFNAME set to eno7np0
MOC-R4PCC04U05:358123:358123 [2] NCCL INFO NCCL version 2.26.2+cuda12.2
MOC-R4PCC04U05:358121:358160 [0] NCCL INFO NET/IB : Made virtual device [0] name=mlx5_5 speed=400000 ndevs=1
MOC-R4PCC04U05:358121:358160 [0] NCCL INFO NET/IB : Using [0]mlx5_5:1/RoCE [RO]; OOB eno7np0:192.168.50.193<0>
MOC-R4PCC04U05:358124:358124 [3] NCCL INFO NCCL_SOCKET_IFNAME set to eno7np0
MOC-R4PCC04U05:358124:358124 [3] NCCL INFO NCCL version 2.26.2+cuda12.2
MOC-R4PCC04U05:358123:358161 [2] NCCL INFO NET/Plugin: Could not find: libnccl-net.so. Using internal net plugin.
MOC-R4PCC04U05:358123:358161 [2] NCCL INFO NCCL_IB_HCA set to mlx5_5
MOC-R4PCC04U05:358123:358161 [2] NCCL INFO NET/IB : Made virtual device [0] name=mlx5_5 speed=400000 ndevs=1
MOC-R4PCC04U05:358123:358161 [2] NCCL INFO NET/IB : Using [0]mlx5_5:1/RoCE [RO]; OOB eno7np0:192.168.50.193<0>
MOC-R4PCC04U05:358124:358163 [3] NCCL INFO NET/Plugin: Could not find: libnccl-net.so. Using internal net plugin.
MOC-R4PCC04U05:358124:358163 [3] NCCL INFO NCCL_IB_HCA set to mlx5_5
MOC-R4PCC04U05:358124:358163 [3] NCCL INFO NET/IB : Made virtual device [0] name=mlx5_5 speed=400000 ndevs=1
MOC-R4PCC04U05:358124:358163 [3] NCCL INFO NET/IB : Using [0]mlx5_5:1/RoCE [RO]; OOB eno7np0:192.168.50.193<0>
MOC-R4PCC04U05:358122:358122 [1] NCCL INFO NCCL_SOCKET_IFNAME set to eno7np0
MOC-R4PCC04U05:358122:358122 [1] NCCL INFO NCCL version 2.26.2+cuda12.2
MOC-R4PCC04U05:358122:358239 [1] NCCL INFO NET/Plugin: Could not find: libnccl-net.so. Using internal net plugin.
MOC-R4PCC04U05:358122:358239 [1] NCCL INFO NCCL_IB_HCA set to mlx5_5
MOC-R4PCC04U05:358122:358239 [1] NCCL INFO NET/IB : Made virtual device [0] name=mlx5_5 speed=400000 ndevs=1
MOC-R4PCC04U05:358122:358239 [1] NCCL INFO NET/IB : Using [0]mlx5_5:1/RoCE [RO]; OOB eno7np0:192.168.50.193<0>
MOC-R4PCC04U05:358123:358161 [2] NCCL INFO NET/IB : GPU Direct RDMA Enabled for HCA 0 'mlx5_5'
MOC-R4PCC04U05:358123:358161 [2] NCCL INFO NET/IB : Made virtual device [1] name=mlx5_5 speed=400000 ndevs=1
MOC-R4PCC04U05:358123:358161 [2] NCCL INFO NET/IB : GPU Direct RDMA Enabled for HCA 0 'mlx5_5'
MOC-R4PCC04U05:358123:358161 [2] NCCL INFO NET/IB : GPU Direct RDMA Enabled for HCA 1 'mlx5_5'
MOC-R4PCC04U05:358124:358163 [3] NCCL INFO NET/IB : GPU Direct RDMA Enabled for HCA 0 'mlx5_5'
MOC-R4PCC04U05:358124:358163 [3] NCCL INFO NET/IB : Made virtual device [1] name=mlx5_5 speed=400000 ndevs=1
MOC-R4PCC04U05:358124:358163 [3] NCCL INFO NET/IB : GPU Direct RDMA Enabled for HCA 0 'mlx5_5'
MOC-R4PCC04U05:358124:358163 [3] NCCL INFO NET/IB : GPU Direct RDMA Enabled for HCA 1 'mlx5_5'
MOC-R4PCC04U05:358122:358239 [1] NCCL INFO NET/IB : GPU Direct RDMA Enabled for HCA 0 'mlx5_5'
MOC-R4PCC04U05:358122:358239 [1] NCCL INFO NET/IB : Made virtual device [1] name=mlx5_5 speed=400000 ndevs=1
MOC-R4PCC04U05:358122:358239 [1] NCCL INFO NET/IB : GPU Direct RDMA Enabled for HCA 0 'mlx5_5'
MOC-R4PCC04U05:358122:358239 [1] NCCL INFO NET/IB : GPU Direct RDMA Enabled for HCA 1 'mlx5_5'
MOC-R4PCC04U05:358121:358160 [0] NCCL INFO NET/IB : GPU Direct RDMA Enabled for HCA 0 'mlx5_5'
MOC-R4PCC04U05:358121:358160 [0] NCCL INFO NET/IB : Made virtual device [1] name=mlx5_5 speed=400000 ndevs=1
MOC-R4PCC04U05:358121:358160 [0] NCCL INFO NET/IB : GPU Direct RDMA Enabled for HCA 0 'mlx5_5'
MOC-R4PCC04U05:358121:358160 [0] NCCL INFO NET/IB : GPU Direct RDMA Enabled for HCA 1 'mlx5_5'
MOC-R4PCC04U05:358121:358160 [0] NCCL INFO NCCL_NET_GDR_LEVEL set by environment to LOC
MOC-R4PCC04U05:358121:358160 [0] NCCL INFO GPU Direct RDMA Disabled for GPU 0 / HCA 1 (distance 5 > 0)
MOC-R4PCC04U05:358121:358160 [0] NCCL INFO GPU Direct RDMA Disabled for GPU 1 / HCA 1 (distance 5 > 0)
MOC-R4PCC04U05:358121:358160 [0] NCCL INFO GPU Direct RDMA Disabled for GPU 2 / HCA 1 (distance 5 > 0)
MOC-R4PCC04U05:358121:358160 [0] NCCL INFO GPU Direct RDMA Disabled for GPU 0 / HCA 1 (distance 5 > 0)
MOC-R4PCC04U05:358121:358160 [0] NCCL INFO GPU Direct RDMA Disabled for GPU 1 / HCA 1 (distance 5 > 0)
MOC-R4PCC04U05:358121:358160 [0] NCCL INFO GPU Direct RDMA Disabled for GPU 2 / HCA 1 (distance 5 > 0)
MOC-R4PCC04U05:358124:358163 [3] NCCL INFO NCCL_NET_GDR_LEVEL set by environment to LOC
MOC-R4PCC04U05:358124:358163 [3] NCCL INFO GPU Direct RDMA Disabled for GPU 0 / HCA 1 (distance 5 > 0)
MOC-R4PCC04U05:358124:358163 [3] NCCL INFO GPU Direct RDMA Disabled for GPU 1 / HCA 1 (distance 5 > 0)
MOC-R4PCC04U05:358124:358163 [3] NCCL INFO GPU Direct RDMA Disabled for GPU 2 / HCA 1 (distance 5 > 0)
MOC-R4PCC04U05:358124:358163 [3] NCCL INFO GPU Direct RDMA Disabled for GPU 0 / HCA 1 (distance 5 > 0)
MOC-R4PCC04U05:358124:358163 [3] NCCL INFO GPU Direct RDMA Disabled for GPU 1 / HCA 1 (distance 5 > 0)
MOC-R4PCC04U05:358124:358163 [3] NCCL INFO GPU Direct RDMA Disabled for GPU 2 / HCA 1 (distance 5 > 0)
MOC-R4PCC04U05:358123:358161 [2] NCCL INFO NCCL_NET_GDR_LEVEL set by environment to LOC
MOC-R4PCC04U05:358123:358161 [2] NCCL INFO GPU Direct RDMA Disabled for GPU 0 / HCA 1 (distance 5 > 0)
MOC-R4PCC04U05:358123:358161 [2] NCCL INFO GPU Direct RDMA Disabled for GPU 1 / HCA 1 (distance 5 > 0)
MOC-R4PCC04U05:358123:358161 [2] NCCL INFO GPU Direct RDMA Disabled for GPU 2 / HCA 1 (distance 5 > 0)
MOC-R4PCC04U05:358123:358161 [2] NCCL INFO GPU Direct RDMA Disabled for GPU 0 / HCA 1 (distance 5 > 0)
MOC-R4PCC04U05:358123:358161 [2] NCCL INFO GPU Direct RDMA Disabled for GPU 1 / HCA 1 (distance 5 > 0)
MOC-R4PCC04U05:358123:358161 [2] NCCL INFO GPU Direct RDMA Disabled for GPU 2 / HCA 1 (distance 5 > 0)
MOC-R4PCC04U05:358122:358239 [1] NCCL INFO NCCL_NET_GDR_LEVEL set by environment to LOC
MOC-R4PCC04U05:358122:358239 [1] NCCL INFO GPU Direct RDMA Disabled for GPU 0 / HCA 1 (distance 5 > 0)
MOC-R4PCC04U05:358122:358239 [1] NCCL INFO GPU Direct RDMA Disabled for GPU 1 / HCA 1 (distance 5 > 0)
MOC-R4PCC04U05:358122:358239 [1] NCCL INFO GPU Direct RDMA Disabled for GPU 2 / HCA 1 (distance 5 > 0)
MOC-R4PCC04U05:358122:358239 [1] NCCL INFO GPU Direct RDMA Disabled for GPU 0 / HCA 1 (distance 5 > 0)
MOC-R4PCC04U05:358122:358239 [1] NCCL INFO GPU Direct RDMA Disabled for GPU 1 / HCA 1 (distance 5 > 0)
MOC-R4PCC04U05:358122:358239 [1] NCCL INFO GPU Direct RDMA Disabled for GPU 2 / HCA 1 (distance 5 > 0)
MOC-R4PCC04U05:358122:358378 [1] NCCL INFO New proxy recv connection 0 from local rank 1, transport 0
MOC-R4PCC04U05:358122:358387 [1] NCCL INFO Connected to proxy localRank 1 -> connection 0x7f2604004f30
MOC-R4PCC04U05:358124:358380 [3] NCCL INFO New proxy recv connection 0 from local rank 3, transport 0
MOC-R4PCC04U05:358124:358386 [3] NCCL INFO Connected to proxy localRank 3 -> connection 0x7ff6f8004f30
MOC-R4PCC04U05:358121:358382 [0] NCCL INFO New proxy send connection 0 from local rank 0, transport 0
MOC-R4PCC04U05:358121:358388 [0] NCCL INFO Connected to proxy localRank 0 -> connection 0x7f1734004f30
MOC-R4PCC04U05:358122:358378 [1] NCCL INFO New proxy recv connection 1 from local rank 1, transport 0
MOC-R4PCC04U05:358122:358387 [1] NCCL INFO Connected to proxy localRank 1 -> connection 0x7f2604004fa8
MOC-R4PCC04U05:358124:358380 [3] NCCL INFO New proxy recv connection 1 from local rank 3, transport 0
MOC-R4PCC04U05:358124:358386 [3] NCCL INFO Connected to proxy localRank 3 -> connection 0x7ff6f8004fa8
MOC-R4PCC04U05:358123:358379 [2] NCCL INFO New proxy recv connection 0 from local rank 2, transport 0
MOC-R4PCC04U05:358123:358389 [2] NCCL INFO Connected to proxy localRank 2 -> connection 0x7fb2f8004f30
MOC-R4PCC04U05:358121:358382 [0] NCCL INFO New proxy send connection 1 from local rank 0, transport 0
MOC-R4PCC04U05:358124:358386 [3] NCCL INFO GPU Direct RDMA Disabled for GPU 3 / HCA 1 (distance 7 > 0)
MOC-R4PCC04U05:358121:358388 [0] NCCL INFO Connected to proxy localRank 0 -> connection 0x7f1734004fa8
MOC-R4PCC04U05:358123:358379 [2] NCCL INFO New proxy recv connection 1 from local rank 2, transport 0
MOC-R4PCC04U05:358123:358389 [2] NCCL INFO Connected to proxy localRank 2 -> connection 0x7fb2f8004fa8
MOC-R4PCC04U05:358121:358382 [0] NCCL INFO New proxy send connection 2 from local rank 0, transport 0
MOC-R4PCC04U05:358123:358389 [2] NCCL INFO GPU Direct RDMA Disabled for GPU 2 / HCA 1 (distance 7 > 0)
MOC-R4PCC04U05:358121:358388 [0] NCCL INFO Connected to proxy localRank 0 -> connection 0x7f1734005020
MOC-R4PCC04U05:358121:358382 [0] NCCL INFO New proxy send connection 3 from local rank 0, transport 0
MOC-R4PCC04U05:358121:358388 [0] NCCL INFO Connected to proxy localRank 0 -> connection 0x7f1734005098
MOC-R4PCC04U05:358124:358380 [3] NCCL INFO New proxy send connection 2 from local rank 3, transport 2
MOC-R4PCC04U05:358124:358386 [3] NCCL INFO Connected to proxy localRank 3 -> connection 0x7ff6f8005020
MOC-R4PCC04U05:358124:358386 [3] NCCL INFO Channel 00/0 : 3[3] -> 6[2] [send] via NET/IB/1
MOC-R4PCC04U05:358124:358386 [3] NCCL INFO GPU Direct RDMA Disabled for GPU 3 / HCA 1 (distance 7 > 0)
MOC-R4PCC04U05:358124:358380 [3] NCCL INFO New proxy send connection 3 from local rank 3, transport 2
MOC-R4PCC04U05:358124:358386 [3] NCCL INFO Connected to proxy localRank 3 -> connection 0x7ff6f8005098
MOC-R4PCC04U05:358124:358386 [3] NCCL INFO Channel 02/0 : 3[3] -> 6[2] [send] via NET/IB/1
MOC-R4PCC04U05:358123:358379 [2] NCCL INFO New proxy recv connection 2 from local rank 2, transport 2
MOC-R4PCC04U05:358123:358389 [2] NCCL INFO Connected to proxy localRank 2 -> connection 0x7fb2f8005020
MOC-R4PCC04U05:358121:358382 [0] NCCL INFO New proxy recv connection 4 from local rank 0, transport 0
MOC-R4PCC04U05:358123:358389 [2] NCCL INFO Channel 00/0 : 7[3] -> 2[2] [receive] via NET/IB/1
MOC-R4PCC04U05:358123:358389 [2] NCCL INFO GPU Direct RDMA Disabled for GPU 2 / HCA 1 (distance 7 > 0)
MOC-R4PCC04U05:358121:358388 [0] NCCL INFO Connected to proxy localRank 0 -> connection 0x7f1734005110
MOC-R4PCC04U05:358123:358379 [2] NCCL INFO New proxy recv connection 3 from local rank 2, transport 2
MOC-R4PCC04U05:358123:358389 [2] NCCL INFO Connected to proxy localRank 2 -> connection 0x7fb2f8005098
MOC-R4PCC04U05:358123:358389 [2] NCCL INFO Channel 02/0 : 7[3] -> 2[2] [receive] via NET/IB/1
MOC-R4PCC04U05:358121:358382 [0] NCCL INFO New proxy recv connection 5 from local rank 0, transport 0
MOC-R4PCC04U05:358121:358388 [0] NCCL INFO Connected to proxy localRank 0 -> connection 0x7f1734005188
MOC-R4PCC04U05:358121:358382 [0] NCCL INFO New proxy recv connection 6 from local rank 0, transport 0
MOC-R4PCC04U05:358121:358388 [0] NCCL INFO Connected to proxy localRank 0 -> connection 0x7f1734005200
MOC-R4PCC04U05:358123:358389 [2] NCCL INFO GPU Direct RDMA Disabled for GPU 2 / HCA 1 (distance 7 > 0)
MOC-R4PCC04U05:358123:358379 [2] NCCL INFO New proxy send connection 4 from local rank 2, transport 2
MOC-R4PCC04U05:358123:358389 [2] NCCL INFO Connected to proxy localRank 2 -> connection 0x7fb2f8005110
MOC-R4PCC04U05:358121:358382 [0] NCCL INFO New proxy recv connection 7 from local rank 0, transport 0
MOC-R4PCC04U05:358123:358389 [2] NCCL INFO Channel 01/0 : 2[2] -> 7[3] [send] via NET/IB/1
MOC-R4PCC04U05:358123:358389 [2] NCCL INFO GPU Direct RDMA Disabled for GPU 2 / HCA 1 (distance 7 > 0)
MOC-R4PCC04U05:358121:358388 [0] NCCL INFO Connected to proxy localRank 0 -> connection 0x7f1734005278
MOC-R4PCC04U05:358123:358379 [2] NCCL INFO New proxy send connection 5 from local rank 2, transport 2
MOC-R4PCC04U05:358123:358389 [2] NCCL INFO Connected to proxy localRank 2 -> connection 0x7fb2f8005188
MOC-R4PCC04U05:358123:358389 [2] NCCL INFO Channel 03/0 : 2[2] -> 7[3] [send] via NET/IB/1
MOC-R4PCC04U05:358124:358386 [3] NCCL INFO GPU Direct RDMA Disabled for GPU 3 / HCA 1 (distance 7 > 0)
MOC-R4PCC04U05:358124:358380 [3] NCCL INFO New proxy recv connection 4 from local rank 3, transport 2
MOC-R4PCC04U05:358124:358386 [3] NCCL INFO Connected to proxy localRank 3 -> connection 0x7ff6f8005110
MOC-R4PCC04U05:358124:358386 [3] NCCL INFO Channel 01/0 : 6[2] -> 3[3] [receive] via NET/IB/1
MOC-R4PCC04U05:358123:358379 [2] NCCL INFO New proxy send connection 6 from local rank 2, transport 0
MOC-R4PCC04U05:358124:358386 [3] NCCL INFO GPU Direct RDMA Disabled for GPU 3 / HCA 1 (distance 7 > 0)
MOC-R4PCC04U05:358123:358389 [2] NCCL INFO Connected to proxy localRank 2 -> connection 0x7fb2f8005200
MOC-R4PCC04U05:358124:358380 [3] NCCL INFO New proxy recv connection 5 from local rank 3, transport 2
MOC-R4PCC04U05:358124:358386 [3] NCCL INFO Connected to proxy localRank 3 -> connection 0x7ff6f8005188
MOC-R4PCC04U05:358124:358386 [3] NCCL INFO Channel 03/0 : 6[2] -> 3[3] [receive] via NET/IB/1
MOC-R4PCC04U05:358123:358379 [2] NCCL INFO New proxy send connection 7 from local rank 2, transport 0
MOC-R4PCC04U05:358123:358389 [2] NCCL INFO Connected to proxy localRank 2 -> connection 0x7fb2f8005278
MOC-R4PCC04U05:358124:358380 [3] NCCL INFO New proxy send connection 6 from local rank 3, transport 0
MOC-R4PCC04U05:358124:358386 [3] NCCL INFO Connected to proxy localRank 3 -> connection 0x7ff6f8005200
MOC-R4PCC04U05:358124:358380 [3] NCCL INFO New proxy send connection 7 from local rank 3, transport 0
MOC-R4PCC04U05:358124:358386 [3] NCCL INFO Connected to proxy localRank 3 -> connection 0x7ff6f8005278
MOC-R4PCC04U05:358122:358378 [1] NCCL INFO New proxy recv connection 2 from local rank 1, transport 0
MOC-R4PCC04U05:358122:358387 [1] NCCL INFO Connected to proxy localRank 1 -> connection 0x7f2604005020
MOC-R4PCC04U05:358121:358382 [0] NCCL INFO New proxy send connection 8 from local rank 3, transport 0
MOC-R4PCC04U05:358124:358386 [3] NCCL INFO Connected to proxy localRank 0 -> connection 0x7f17340052f0
MOC-R4PCC04U05:358122:358378 [1] NCCL INFO New proxy recv connection 3 from local rank 1, transport 0
MOC-R4PCC04U05:358122:358387 [1] NCCL INFO Connected to proxy localRank 1 -> connection 0x7f2604005098
MOC-R4PCC04U05:358122:358378 [1] NCCL INFO New proxy send connection 4 from local rank 1, transport 0
MOC-R4PCC04U05:358122:358387 [1] NCCL INFO Connected to proxy localRank 1 -> connection 0x7f2604005110
MOC-R4PCC04U05:358122:358378 [1] NCCL INFO New proxy send connection 5 from local rank 1, transport 0
MOC-R4PCC04U05:358122:358387 [1] NCCL INFO Connected to proxy localRank 1 -> connection 0x7f2604005188
MOC-R4PCC04U05:358122:358378 [1] NCCL INFO New proxy send connection 6 from local rank 1, transport 0
MOC-R4PCC04U05:358122:358387 [1] NCCL INFO Connected to proxy localRank 1 -> connection 0x7f2604005200
MOC-R4PCC04U05:358122:358378 [1] NCCL INFO New proxy send connection 7 from local rank 1, transport 0
MOC-R4PCC04U05:358122:358387 [1] NCCL INFO Connected to proxy localRank 1 -> connection 0x7f2604005278
MOC-R4PCC04U05:358122:358378 [1] NCCL INFO New proxy send connection 8 from local rank 3, transport 0
MOC-R4PCC04U05:358124:358386 [3] NCCL INFO Connected to proxy localRank 1 -> connection 0x7f26040052f0
MOC-R4PCC04U05:358121:358382 [0] NCCL INFO New proxy send connection 9 from local rank 2, transport 0
MOC-R4PCC04U05:358124:358380 [3] NCCL INFO New proxy send connection 8 from local rank 1, transport 0
MOC-R4PCC04U05:358123:358389 [2] NCCL INFO Connected to proxy localRank 0 -> connection 0x7f1734005368
MOC-R4PCC04U05:358122:358387 [1] NCCL INFO Connected to proxy localRank 3 -> connection 0x7ff6f80052f0
MOC-R4PCC04U05:358123:358379 [2] NCCL INFO New proxy send connection 8 from local rank 0, transport 0
MOC-R4PCC04U05:358121:358388 [0] NCCL INFO Connected to proxy localRank 2 -> connection 0x7fb2f80052f0
MOC-R4PCC04U05:358124:358380 [3] NCCL INFO New proxy send connection 9 from local rank 0, transport 0
MOC-R4PCC04U05:358121:358388 [0] NCCL INFO Connected to proxy localRank 3 -> connection 0x7ff6f8005368
MOC-R4PCC04U05:358122:358378 [1] NCCL INFO New proxy send connection 9 from local rank 2, transport 0
MOC-R4PCC04U05:358123:358389 [2] NCCL INFO Connected to proxy localRank 1 -> connection 0x7f2604005368
MOC-R4PCC04U05:358124:358380 [3] NCCL INFO NET/IB: NCCL Dev 1 IbDev 0 Port 1 qpn 3920 mtu 3 query_ece={supported=1, vendor_id=0x15b3, options=0x30000002, comp_mask=0x0} GID 3 (0/C132A8C0FFFF0000) fifoRkey=0x17cb8a fifoLkey=0x17cb8a
MOC-R4PCC04U05:358124:358380 [3] NCCL INFO NET/IB: NCCL Dev 1 IbDev 0 Port 1 qpn 3921 mtu 3 query_ece={supported=1, vendor_id=0x15b3, options=0x30000002, comp_mask=0x0} GID 3 (0/C132A8C0FFFF0000) fifoRkey=0x172eed fifoLkey=0x172eed
MOC-R4PCC04U05:358121:358382 [0] NCCL INFO New proxy send connection 10 from local rank 1, transport 0
MOC-R4PCC04U05:358122:358387 [1] NCCL INFO Connected to proxy localRank 0 -> connection 0x7f17340053e0
MOC-R4PCC04U05:358124:358380 [3] NCCL INFO NET/IB: IbDev 0 Port 1 qpn 4162 set_ece={supported=1, vendor_id=0x15b3, options=0x0, comp_mask=0x0}
MOC-R4PCC04U05:358123:358379 [2] NCCL INFO NET/IB: NCCL Dev 1 IbDev 0 Port 1 qpn 3926 mtu 3 query_ece={supported=1, vendor_id=0x15b3, options=0x30000002, comp_mask=0x0} GID 3 (0/C132A8C0FFFF0000) fifoRkey=0x17ecab fifoLkey=0x17ecab
MOC-R4PCC04U05:358123:358379 [2] NCCL INFO NET/IB: NCCL Dev 1 IbDev 0 Port 1 qpn 3927 mtu 3 query_ece={supported=1, vendor_id=0x15b3, options=0x30000002, comp_mask=0x0} GID 3 (0/C132A8C0FFFF0000) fifoRkey=0x17a767 fifoLkey=0x17a767
MOC-R4PCC04U05:358124:358380 [3] NCCL INFO NET/IB: IbDev 0 Port 1 qpn 4164 set_ece={supported=1, vendor_id=0x15b3, options=0x0, comp_mask=0x0}
MOC-R4PCC04U05:358123:358379 [2] NCCL INFO NET/IB: IbDev 0 Port 1 qpn 4168 set_ece={supported=1, vendor_id=0x15b3, options=0x0, comp_mask=0x0}
MOC-R4PCC04U05:358123:358379 [2] NCCL INFO NET/IB: IbDev 0 Port 1 qpn 4170 set_ece={supported=1, vendor_id=0x15b3, options=0x0, comp_mask=0x0}
MOC-R4PCC04U05:358122:358378 [1] NCCL INFO New proxy send connection 10 from local rank 0, transport 0
MOC-R4PCC04U05:358121:358388 [0] NCCL INFO Connected to proxy localRank 1 -> connection 0x7f26040053e0
MOC-R4PCC04U05:358123:358379 [2] NCCL INFO New proxy send connection 9 from local rank 1, transport 0
MOC-R4PCC04U05:358122:358387 [1] NCCL INFO Connected to proxy localRank 2 -> connection 0x7fb2f8005368
num decayed parameter tensors: 50, with 124,318,464 parameters
num non-decayed parameter tensors: 98, with 121,344 parameters
using fused AdamW: False
using regular AdamW
MOC-R4PCC04U05:358123:358379 [2] NCCL INFO New proxy recv connection 10 from local rank 2, transport 0
MOC-R4PCC04U05:358123:358880 [2] NCCL INFO Connected to proxy localRank 2 -> connection 0x7fb2f80053e0
MOC-R4PCC04U05:358123:358379 [2] NCCL INFO New proxy recv connection 11 from local rank 2, transport 0
MOC-R4PCC04U05:358123:358880 [2] NCCL INFO Connected to proxy localRank 2 -> connection 0x7fb2f8005458
MOC-R4PCC04U05:358123:358379 [2] NCCL INFO New proxy recv connection 12 from local rank 2, transport 0
MOC-R4PCC04U05:358123:358880 [2] NCCL INFO Connected to proxy localRank 2 -> connection 0x7fb2f80054d0
MOC-R4PCC04U05:358123:358379 [2] NCCL INFO New proxy recv connection 13 from local rank 2, transport 0
MOC-R4PCC04U05:358123:358880 [2] NCCL INFO Connected to proxy localRank 2 -> connection 0x7fb2f8005548
MOC-R4PCC04U05:358124:358380 [3] NCCL INFO New proxy recv connection 10 from local rank 3, transport 0
MOC-R4PCC04U05:358124:358881 [3] NCCL INFO Connected to proxy localRank 3 -> connection 0x7ff6f80053e0
MOC-R4PCC04U05:358124:358380 [3] NCCL INFO New proxy recv connection 11 from local rank 3, transport 0
MOC-R4PCC04U05:358124:358881 [3] NCCL INFO Connected to proxy localRank 3 -> connection 0x7ff6f8005458
MOC-R4PCC04U05:358122:358378 [1] NCCL INFO New proxy recv connection 11 from local rank 1, transport 0
MOC-R4PCC04U05:358122:358882 [1] NCCL INFO Connected to proxy localRank 1 -> connection 0x7f2604005458
MOC-R4PCC04U05:358122:358378 [1] NCCL INFO New proxy recv connection 12 from local rank 1, transport 0
MOC-R4PCC04U05:358122:358882 [1] NCCL INFO Connected to proxy localRank 1 -> connection 0x7f26040054d0
MOC-R4PCC04U05:358122:358378 [1] NCCL INFO New proxy recv connection 13 from local rank 1, transport 0
MOC-R4PCC04U05:358122:358882 [1] NCCL INFO Connected to proxy localRank 1 -> connection 0x7f2604005548
MOC-R4PCC04U05:358122:358378 [1] NCCL INFO New proxy recv connection 14 from local rank 1, transport 0
MOC-R4PCC04U05:358122:358882 [1] NCCL INFO Connected to proxy localRank 1 -> connection 0x7f26040055c0
MOC-R4PCC04U05:358122:358378 [1] NCCL INFO New proxy send connection 15 from local rank 1, transport 0
MOC-R4PCC04U05:358122:358882 [1] NCCL INFO Connected to proxy localRank 1 -> connection 0x7f2604005638
MOC-R4PCC04U05:358122:358378 [1] NCCL INFO New proxy send connection 16 from local rank 1, transport 0
MOC-R4PCC04U05:358122:358882 [1] NCCL INFO Connected to proxy localRank 1 -> connection 0x7f26040056b0
MOC-R4PCC04U05:358122:358378 [1] NCCL INFO New proxy send connection 17 from local rank 1, transport 0
MOC-R4PCC04U05:358122:358882 [1] NCCL INFO Connected to proxy localRank 1 -> connection 0x7f2604005728
MOC-R4PCC04U05:358122:358378 [1] NCCL INFO New proxy send connection 18 from local rank 1, transport 0
MOC-R4PCC04U05:358122:358882 [1] NCCL INFO Connected to proxy localRank 1 -> connection 0x7f26040057a0
MOC-R4PCC04U05:358123:358379 [2] NCCL INFO New proxy send connection 14 from local rank 2, transport 0
MOC-R4PCC04U05:358123:358880 [2] NCCL INFO Connected to proxy localRank 2 -> connection 0x7fb2f80055c0
MOC-R4PCC04U05:358123:358379 [2] NCCL INFO New proxy send connection 15 from local rank 2, transport 0
MOC-R4PCC04U05:358123:358880 [2] NCCL INFO Connected to proxy localRank 2 -> connection 0x7fb2f8005638
MOC-R4PCC04U05:358121:358382 [0] NCCL INFO New proxy send connection 11 from local rank 0, transport 0
MOC-R4PCC04U05:358121:358883 [0] NCCL INFO Connected to proxy localRank 0 -> connection 0x7f1734005458
MOC-R4PCC04U05:358121:358382 [0] NCCL INFO New proxy send connection 12 from local rank 0, transport 0
MOC-R4PCC04U05:358121:358883 [0] NCCL INFO Connected to proxy localRank 0 -> connection 0x7f17340054d0
MOC-R4PCC04U05:358121:358382 [0] NCCL INFO New proxy send connection 13 from local rank 0, transport 0
MOC-R4PCC04U05:358121:358883 [0] NCCL INFO Connected to proxy localRank 0 -> connection 0x7f1734005548
MOC-R4PCC04U05:358121:358382 [0] NCCL INFO New proxy send connection 14 from local rank 0, transport 0
MOC-R4PCC04U05:358121:358883 [0] NCCL INFO Connected to proxy localRank 0 -> connection 0x7f17340055c0
MOC-R4PCC04U05:358122:358378 [1] NCCL INFO New proxy recv connection 19 from local rank 1, transport 0
MOC-R4PCC04U05:358122:358882 [1] NCCL INFO Connected to proxy localRank 1 -> connection 0x7f2604005818
MOC-R4PCC04U05:358121:358382 [0] NCCL INFO New proxy send connection 15 from local rank 0, transport 0
MOC-R4PCC04U05:358121:358883 [0] NCCL INFO Connected to proxy localRank 0 -> connection 0x7f1734005638
MOC-R4PCC04U05:358122:358378 [1] NCCL INFO New proxy recv connection 20 from local rank 1, transport 0
MOC-R4PCC04U05:358121:358382 [0] NCCL INFO New proxy send connection 16 from local rank 0, transport 0
MOC-R4PCC04U05:358122:358882 [1] NCCL INFO Connected to proxy localRank 1 -> connection 0x7f2604005890
MOC-R4PCC04U05:358121:358883 [0] NCCL INFO Connected to proxy localRank 0 -> connection 0x7f17340056b0
MOC-R4PCC04U05:358121:358382 [0] NCCL INFO New proxy recv connection 17 from local rank 0, transport 0
MOC-R4PCC04U05:358121:358883 [0] NCCL INFO Connected to proxy localRank 0 -> connection 0x7f1734005728
MOC-R4PCC04U05:358124:358881 [3] NCCL INFO GPU Direct RDMA Disabled for GPU 3 / HCA 1 (distance 7 > 0)
MOC-R4PCC04U05:358124:358380 [3] NCCL INFO New proxy recv connection 12 from local rank 3, transport 2
MOC-R4PCC04U05:358124:358881 [3] NCCL INFO Connected to proxy localRank 3 -> connection 0x7ff6f80054d0
MOC-R4PCC04U05:358121:358382 [0] NCCL INFO New proxy recv connection 18 from local rank 0, transport 0
MOC-R4PCC04U05:358124:358881 [3] NCCL INFO Channel 00/0 : 7[3] -> 3[3] [receive] via NET/IB/1
MOC-R4PCC04U05:358121:358883 [0] NCCL INFO Connected to proxy localRank 0 -> connection 0x7f17340057a0
MOC-R4PCC04U05:358124:358881 [3] NCCL INFO GPU Direct RDMA Disabled for GPU 3 / HCA 1 (distance 7 > 0)
MOC-R4PCC04U05:358124:358380 [3] NCCL INFO New proxy recv connection 13 from local rank 3, transport 2
MOC-R4PCC04U05:358124:358881 [3] NCCL INFO Connected to proxy localRank 3 -> connection 0x7ff6f8005548
MOC-R4PCC04U05:358124:358881 [3] NCCL INFO Channel 01/0 : 7[3] -> 3[3] [receive] via NET/IB/1
MOC-R4PCC04U05:358124:358881 [3] NCCL INFO GPU Direct RDMA Disabled for GPU 3 / HCA 1 (distance 7 > 0)
MOC-R4PCC04U05:358124:358380 [3] NCCL INFO New proxy recv connection 14 from local rank 3, transport 2
MOC-R4PCC04U05:358124:358881 [3] NCCL INFO Connected to proxy localRank 3 -> connection 0x7ff6f80055c0
MOC-R4PCC04U05:358124:358881 [3] NCCL INFO Channel 02/0 : 7[3] -> 3[3] [receive] via NET/IB/1
MOC-R4PCC04U05:358124:358881 [3] NCCL INFO GPU Direct RDMA Disabled for GPU 3 / HCA 1 (distance 7 > 0)
MOC-R4PCC04U05:358124:358380 [3] NCCL INFO New proxy recv connection 15 from local rank 3, transport 2
MOC-R4PCC04U05:358124:358881 [3] NCCL INFO Connected to proxy localRank 3 -> connection 0x7ff6f8005638
MOC-R4PCC04U05:358124:358881 [3] NCCL INFO Channel 03/0 : 7[3] -> 3[3] [receive] via NET/IB/1
MOC-R4PCC04U05:358124:358881 [3] NCCL INFO GPU Direct RDMA Disabled for GPU 3 / HCA 1 (distance 7 > 0)
MOC-R4PCC04U05:358124:358380 [3] NCCL INFO New proxy send connection 16 from local rank 3, transport 2
MOC-R4PCC04U05:358124:358881 [3] NCCL INFO Connected to proxy localRank 3 -> connection 0x7ff6f80056b0
MOC-R4PCC04U05:358124:358881 [3] NCCL INFO Channel 00/0 : 3[3] -> 7[3] [send] via NET/IB/1
MOC-R4PCC04U05:358124:358881 [3] NCCL INFO GPU Direct RDMA Disabled for GPU 3 / HCA 1 (distance 7 > 0)
MOC-R4PCC04U05:358124:358380 [3] NCCL INFO New proxy send connection 17 from local rank 3, transport 2
MOC-R4PCC04U05:358124:358881 [3] NCCL INFO Connected to proxy localRank 3 -> connection 0x7ff6f8005728
MOC-R4PCC04U05:358124:358881 [3] NCCL INFO Channel 01/0 : 3[3] -> 7[3] [send] via NET/IB/1
MOC-R4PCC04U05:358124:358881 [3] NCCL INFO GPU Direct RDMA Disabled for GPU 3 / HCA 1 (distance 7 > 0)
MOC-R4PCC04U05:358124:358380 [3] NCCL INFO New proxy send connection 18 from local rank 3, transport 2
MOC-R4PCC04U05:358124:358881 [3] NCCL INFO Connected to proxy localRank 3 -> connection 0x7ff6f80057a0
MOC-R4PCC04U05:358124:358881 [3] NCCL INFO Channel 02/0 : 3[3] -> 7[3] [send] via NET/IB/1
MOC-R4PCC04U05:358124:358881 [3] NCCL INFO GPU Direct RDMA Disabled for GPU 3 / HCA 1 (distance 7 > 0)
MOC-R4PCC04U05:358124:358380 [3] NCCL INFO New proxy send connection 19 from local rank 3, transport 2
MOC-R4PCC04U05:358124:358881 [3] NCCL INFO Connected to proxy localRank 3 -> connection 0x7ff6f8005818
MOC-R4PCC04U05:358124:358881 [3] NCCL INFO Channel 03/0 : 3[3] -> 7[3] [send] via NET/IB/1
MOC-R4PCC04U05:358121:358382 [0] NCCL INFO New proxy recv connection 19 from local rank 0, transport 0
MOC-R4PCC04U05:358121:358883 [0] NCCL INFO Connected to proxy localRank 0 -> connection 0x7f1734005818
MOC-R4PCC04U05:358121:358382 [0] NCCL INFO New proxy recv connection 20 from local rank 0, transport 0
MOC-R4PCC04U05:358121:358883 [0] NCCL INFO Connected to proxy localRank 0 -> connection 0x7f1734005890
MOC-R4PCC04U05:358124:358380 [3] NCCL INFO New proxy send connection 20 from local rank 3, transport 0
MOC-R4PCC04U05:358124:358881 [3] NCCL INFO Connected to proxy localRank 3 -> connection 0x7ff6f8005890
MOC-R4PCC04U05:358124:358380 [3] NCCL INFO New proxy send connection 21 from local rank 3, transport 0
MOC-R4PCC04U05:358124:358881 [3] NCCL INFO Connected to proxy localRank 3 -> connection 0x7ff6f8005908
MOC-R4PCC04U05:358124:358380 [3] NCCL INFO New proxy send connection 22 from local rank 3, transport 0
MOC-R4PCC04U05:358124:358881 [3] NCCL INFO Connected to proxy localRank 3 -> connection 0x7ff6f8005980
MOC-R4PCC04U05:358124:358380 [3] NCCL INFO New proxy send connection 23 from local rank 3, transport 0
MOC-R4PCC04U05:358124:358881 [3] NCCL INFO Connected to proxy localRank 3 -> connection 0x7ff6f80059f8
MOC-R4PCC04U05:358124:358380 [3] NCCL INFO NET/IB: NCCL Dev 1 IbDev 0 Port 1 qpn 3932 mtu 3 query_ece={supported=1, vendor_id=0x15b3, options=0x30000002, comp_mask=0x0} GID 3 (0/C132A8C0FFFF0000) fifoRkey=0x17bf7e fifoLkey=0x17bf7e
MOC-R4PCC04U05:358124:358380 [3] NCCL INFO NET/IB: IbDev 0 Port 1 qpn 4173 set_ece={supported=1, vendor_id=0x15b3, options=0x0, comp_mask=0x0}
MOC-R4PCC04U05:358124:358380 [3] NCCL INFO NET/IB: NCCL Dev 1 IbDev 0 Port 1 qpn 3935 mtu 3 query_ece={supported=1, vendor_id=0x15b3, options=0x30000002, comp_mask=0x0} GID 3 (0/C132A8C0FFFF0000) fifoRkey=0x178443 fifoLkey=0x178443
MOC-R4PCC04U05:358124:358380 [3] NCCL INFO NET/IB: IbDev 0 Port 1 qpn 4176 set_ece={supported=1, vendor_id=0x15b3, options=0x0, comp_mask=0x0}
MOC-R4PCC04U05:358124:358380 [3] NCCL INFO NET/IB: NCCL Dev 1 IbDev 0 Port 1 qpn 3940 mtu 3 query_ece={supported=1, vendor_id=0x15b3, options=0x30000002, comp_mask=0x0} GID 3 (0/C132A8C0FFFF0000) fifoRkey=0x175412 fifoLkey=0x175412
MOC-R4PCC04U05:358124:358380 [3] NCCL INFO NET/IB: NCCL Dev 1 IbDev 0 Port 1 qpn 3941 mtu 3 query_ece={supported=1, vendor_id=0x15b3, options=0x30000002, comp_mask=0x0} GID 3 (0/C132A8C0FFFF0000) fifoRkey=0x17904f fifoLkey=0x17904f
MOC-R4PCC04U05:358124:358380 [3] NCCL INFO NET/IB: IbDev 0 Port 1 qpn 4179 set_ece={supported=1, vendor_id=0x15b3, options=0x0, comp_mask=0x0}
MOC-R4PCC04U05:358124:358380 [3] NCCL INFO NET/IB: IbDev 0 Port 1 qpn 4182 set_ece={supported=1, vendor_id=0x15b3, options=0x0, comp_mask=0x0}
step    1/10 | train loss 11.009525 | norm 15.3465 | lr 1.00e-04 | (13977.74 ms | 187544 tok/s)
step    2/10 | train loss 10.140072 | norm 5.7338 | lr 1.00e-04 | (777.80 ms | 3370327 tok/s)
step    3/10 | train loss 9.800386 | norm 2.6009 | lr 1.00e-04 | (776.03 ms | 3377994 tok/s)
step    4/10 | train loss 9.631468 | norm 2.1085 | lr 1.00e-04 | (778.19 ms | 3368649 tok/s)
step    5/10 | train loss 9.548710 | norm 2.0999 | lr 1.00e-04 | (787.32 ms | 3329577 tok/s)
step    6/10 | train loss 9.467643 | norm 1.9930 | lr 1.00e-04 | (773.70 ms | 3388199 tok/s)
step    7/10 | train loss 9.382121 | norm 1.9433 | lr 1.00e-04 | (779.97 ms | 3360971 tok/s)
step    8/10 | train loss 9.290382 | norm 1.9093 | lr 1.00e-04 | (779.58 ms | 3362645 tok/s)
step    9/10 | train loss 9.195258 | norm 1.8505 | lr 1.00e-04 | (780.12 ms | 3360298 tok/s)
step   10/10 | train loss 9.111427 | norm 1.7945 | lr 1.00e-04 | (781.01 ms | 3356455 tok/s)
final 9 iters avg: 779.302ms
peak memory consumption: 16601 MiB
