Running pytorch 2.7.0+cu126
using device: cuda:0
total desired batch size: 3932160
=> calculated gradient accumulation steps: 10
using device: cuda:3
using device: cuda:2
using device: cuda:1
compiling the model...
DataLoader: total number of tokens: 1,661,249,667 across 103 files
MOC-R4PCC04U05:536043:536043 [0] NCCL INFO NCCL_SOCKET_IFNAME set to eno7np0
MOC-R4PCC04U05:536043:536043 [0] NCCL INFO NCCL version 2.26.2+cuda12.2
MOC-R4PCC04U05:536044:536044 [1] NCCL INFO NCCL_SOCKET_IFNAME set to eno7np0
MOC-R4PCC04U05:536046:536046 [3] NCCL INFO NCCL_SOCKET_IFNAME set to eno7np0
MOC-R4PCC04U05:536044:536044 [1] NCCL INFO NCCL version 2.26.2+cuda12.2
MOC-R4PCC04U05:536046:536046 [3] NCCL INFO NCCL version 2.26.2+cuda12.2
MOC-R4PCC04U05:536043:536148 [0] NCCL INFO NET/Plugin: Could not find: libnccl-net.so. Using internal net plugin.
MOC-R4PCC04U05:536043:536148 [0] NCCL INFO NET/Socket : Using [0]eno7np0:192.168.50.193<0>
MOC-R4PCC04U05:536045:536045 [2] NCCL INFO NCCL_SOCKET_IFNAME set to eno7np0
MOC-R4PCC04U05:536045:536045 [2] NCCL INFO NCCL version 2.26.2+cuda12.2
MOC-R4PCC04U05:536046:536171 [3] NCCL INFO NET/Plugin: Could not find: libnccl-net.so. Using internal net plugin.
MOC-R4PCC04U05:536046:536171 [3] NCCL INFO NET/Socket : Using [0]eno7np0:192.168.50.193<0>
MOC-R4PCC04U05:536044:536170 [1] NCCL INFO NET/Plugin: Could not find: libnccl-net.so. Using internal net plugin.
MOC-R4PCC04U05:536044:536170 [1] NCCL INFO NET/Socket : Using [0]eno7np0:192.168.50.193<0>
MOC-R4PCC04U05:536045:536172 [2] NCCL INFO NET/Plugin: Could not find: libnccl-net.so. Using internal net plugin.
MOC-R4PCC04U05:536045:536172 [2] NCCL INFO NET/Socket : Using [0]eno7np0:192.168.50.193<0>
MOC-R4PCC04U05:536046:536171 [3] NCCL INFO NET/Socket : GPU Direct RDMA Disabled for HCA 0 'eno7np0'
MOC-R4PCC04U05:536045:536172 [2] NCCL INFO NET/Socket : GPU Direct RDMA Disabled for HCA 0 'eno7np0'
MOC-R4PCC04U05:536043:536148 [0] NCCL INFO NET/Socket : GPU Direct RDMA Disabled for HCA 0 'eno7np0'
MOC-R4PCC04U05:536044:536170 [1] NCCL INFO NET/Socket : GPU Direct RDMA Disabled for HCA 0 'eno7np0'
MOC-R4PCC04U05:536046:536180 [3] NCCL INFO New proxy recv connection 0 from local rank 3, transport 0
MOC-R4PCC04U05:536046:536189 [3] NCCL INFO Connected to proxy localRank 3 -> connection 0x7f7228004f30
MOC-R4PCC04U05:536043:536185 [0] NCCL INFO New proxy send connection 0 from local rank 0, transport 0
MOC-R4PCC04U05:536043:536190 [0] NCCL INFO Connected to proxy localRank 0 -> connection 0x7fdc0c004f30
MOC-R4PCC04U05:536046:536180 [3] NCCL INFO New proxy recv connection 1 from local rank 3, transport 0
MOC-R4PCC04U05:536046:536189 [3] NCCL INFO Connected to proxy localRank 3 -> connection 0x7f7228004fa8
MOC-R4PCC04U05:536043:536185 [0] NCCL INFO New proxy send connection 1 from local rank 0, transport 0
MOC-R4PCC04U05:536043:536190 [0] NCCL INFO Connected to proxy localRank 0 -> connection 0x7fdc0c004fa8
MOC-R4PCC04U05:536044:536181 [1] NCCL INFO New proxy recv connection 0 from local rank 1, transport 0
MOC-R4PCC04U05:536044:536191 [1] NCCL INFO Connected to proxy localRank 1 -> connection 0x7f9180004f30
MOC-R4PCC04U05:536044:536181 [1] NCCL INFO New proxy recv connection 1 from local rank 1, transport 0
MOC-R4PCC04U05:536044:536191 [1] NCCL INFO Connected to proxy localRank 1 -> connection 0x7f9180004fa8
MOC-R4PCC04U05:536045:536182 [2] NCCL INFO New proxy recv connection 0 from local rank 2, transport 0
MOC-R4PCC04U05:536045:536192 [2] NCCL INFO Connected to proxy localRank 2 -> connection 0x7f5bd4004f30
MOC-R4PCC04U05:536046:536180 [3] NCCL INFO New proxy send connection 2 from local rank 3, transport 2
MOC-R4PCC04U05:536046:536189 [3] NCCL INFO Connected to proxy localRank 3 -> connection 0x7f7228005020
MOC-R4PCC04U05:536046:536189 [3] NCCL INFO Channel 00/0 : 3[3] -> 6[2] [send] via NET/Socket/0
MOC-R4PCC04U05:536046:536180 [3] NCCL INFO New proxy send connection 3 from local rank 3, transport 2
MOC-R4PCC04U05:536046:536189 [3] NCCL INFO Connected to proxy localRank 3 -> connection 0x7f7228005098
MOC-R4PCC04U05:536046:536189 [3] NCCL INFO Channel 02/0 : 3[3] -> 6[2] [send] via NET/Socket/0
MOC-R4PCC04U05:536045:536182 [2] NCCL INFO New proxy recv connection 1 from local rank 2, transport 0
MOC-R4PCC04U05:536045:536192 [2] NCCL INFO Connected to proxy localRank 2 -> connection 0x7f5bd4004fa8
MOC-R4PCC04U05:536043:536185 [0] NCCL INFO New proxy send connection 2 from local rank 0, transport 0
MOC-R4PCC04U05:536043:536190 [0] NCCL INFO Connected to proxy localRank 0 -> connection 0x7fdc0c005020
MOC-R4PCC04U05:536043:536185 [0] NCCL INFO New proxy send connection 3 from local rank 0, transport 0
MOC-R4PCC04U05:536043:536190 [0] NCCL INFO Connected to proxy localRank 0 -> connection 0x7fdc0c005098
MOC-R4PCC04U05:536043:536185 [0] NCCL INFO New proxy recv connection 4 from local rank 0, transport 0
MOC-R4PCC04U05:536043:536190 [0] NCCL INFO Connected to proxy localRank 0 -> connection 0x7fdc0c005110
MOC-R4PCC04U05:536046:536180 [3] NCCL INFO New proxy recv connection 4 from local rank 3, transport 2
MOC-R4PCC04U05:536046:536189 [3] NCCL INFO Connected to proxy localRank 3 -> connection 0x7f7228005110
MOC-R4PCC04U05:536046:536189 [3] NCCL INFO Channel 01/0 : 10[2] -> 3[3] [receive] via NET/Socket/0
MOC-R4PCC04U05:536046:536180 [3] NCCL INFO New proxy recv connection 5 from local rank 3, transport 2
MOC-R4PCC04U05:536046:536189 [3] NCCL INFO Connected to proxy localRank 3 -> connection 0x7f7228005188
MOC-R4PCC04U05:536046:536189 [3] NCCL INFO Channel 03/0 : 10[2] -> 3[3] [receive] via NET/Socket/0
MOC-R4PCC04U05:536043:536185 [0] NCCL INFO New proxy recv connection 5 from local rank 0, transport 0
MOC-R4PCC04U05:536043:536190 [0] NCCL INFO Connected to proxy localRank 0 -> connection 0x7fdc0c005188
MOC-R4PCC04U05:536046:536180 [3] NCCL INFO New proxy send connection 6 from local rank 3, transport 0
MOC-R4PCC04U05:536046:536189 [3] NCCL INFO Connected to proxy localRank 3 -> connection 0x7f7228005200
MOC-R4PCC04U05:536043:536185 [0] NCCL INFO New proxy recv connection 6 from local rank 0, transport 0
MOC-R4PCC04U05:536043:536190 [0] NCCL INFO Connected to proxy localRank 0 -> connection 0x7fdc0c005200
MOC-R4PCC04U05:536046:536180 [3] NCCL INFO New proxy send connection 7 from local rank 3, transport 0
MOC-R4PCC04U05:536046:536189 [3] NCCL INFO Connected to proxy localRank 3 -> connection 0x7f7228005278
MOC-R4PCC04U05:536043:536185 [0] NCCL INFO New proxy recv connection 7 from local rank 0, transport 0
MOC-R4PCC04U05:536043:536190 [0] NCCL INFO Connected to proxy localRank 0 -> connection 0x7fdc0c005278
MOC-R4PCC04U05:536044:536181 [1] NCCL INFO New proxy recv connection 2 from local rank 1, transport 0
MOC-R4PCC04U05:536044:536191 [1] NCCL INFO Connected to proxy localRank 1 -> connection 0x7f9180005020
MOC-R4PCC04U05:536043:536185 [0] NCCL INFO New proxy send connection 8 from local rank 3, transport 0
MOC-R4PCC04U05:536046:536189 [3] NCCL INFO Connected to proxy localRank 0 -> connection 0x7fdc0c0052f0
MOC-R4PCC04U05:536044:536181 [1] NCCL INFO New proxy recv connection 3 from local rank 1, transport 0
MOC-R4PCC04U05:536044:536191 [1] NCCL INFO Connected to proxy localRank 1 -> connection 0x7f9180005098
MOC-R4PCC04U05:536044:536181 [1] NCCL INFO New proxy send connection 4 from local rank 1, transport 0
MOC-R4PCC04U05:536044:536191 [1] NCCL INFO Connected to proxy localRank 1 -> connection 0x7f9180005110
MOC-R4PCC04U05:536044:536181 [1] NCCL INFO New proxy send connection 5 from local rank 1, transport 0
MOC-R4PCC04U05:536044:536191 [1] NCCL INFO Connected to proxy localRank 1 -> connection 0x7f9180005188
MOC-R4PCC04U05:536045:536182 [2] NCCL INFO New proxy recv connection 2 from local rank 2, transport 2
MOC-R4PCC04U05:536045:536192 [2] NCCL INFO Connected to proxy localRank 2 -> connection 0x7f5bd4005020
MOC-R4PCC04U05:536044:536181 [1] NCCL INFO New proxy send connection 6 from local rank 1, transport 0
MOC-R4PCC04U05:536044:536191 [1] NCCL INFO Connected to proxy localRank 1 -> connection 0x7f9180005200
MOC-R4PCC04U05:536045:536192 [2] NCCL INFO Channel 00/0 : 11[3] -> 2[2] [receive] via NET/Socket/0
MOC-R4PCC04U05:536045:536182 [2] NCCL INFO New proxy recv connection 3 from local rank 2, transport 2
MOC-R4PCC04U05:536044:536181 [1] NCCL INFO New proxy send connection 7 from local rank 1, transport 0
MOC-R4PCC04U05:536045:536192 [2] NCCL INFO Connected to proxy localRank 2 -> connection 0x7f5bd4005098
MOC-R4PCC04U05:536044:536191 [1] NCCL INFO Connected to proxy localRank 1 -> connection 0x7f9180005278
MOC-R4PCC04U05:536045:536192 [2] NCCL INFO Channel 02/0 : 11[3] -> 2[2] [receive] via NET/Socket/0
MOC-R4PCC04U05:536045:536182 [2] NCCL INFO New proxy send connection 4 from local rank 2, transport 2
MOC-R4PCC04U05:536045:536192 [2] NCCL INFO Connected to proxy localRank 2 -> connection 0x7f5bd4005110
MOC-R4PCC04U05:536045:536192 [2] NCCL INFO Channel 01/0 : 2[2] -> 7[3] [send] via NET/Socket/0
MOC-R4PCC04U05:536045:536182 [2] NCCL INFO New proxy send connection 5 from local rank 2, transport 2
MOC-R4PCC04U05:536045:536192 [2] NCCL INFO Connected to proxy localRank 2 -> connection 0x7f5bd4005188
MOC-R4PCC04U05:536045:536182 [2] NCCL INFO New proxy send connection 6 from local rank 0, transport 0
MOC-R4PCC04U05:536043:536190 [0] NCCL INFO Connected to proxy localRank 2 -> connection 0x7f5bd4005200
MOC-R4PCC04U05:536045:536192 [2] NCCL INFO Channel 03/0 : 2[2] -> 7[3] [send] via NET/Socket/0
MOC-R4PCC04U05:536045:536182 [2] NCCL INFO New proxy send connection 7 from local rank 2, transport 0
MOC-R4PCC04U05:536045:536192 [2] NCCL INFO Connected to proxy localRank 2 -> connection 0x7f5bd4005278
MOC-R4PCC04U05:536045:536182 [2] NCCL INFO New proxy send connection 8 from local rank 2, transport 0
MOC-R4PCC04U05:536045:536192 [2] NCCL INFO Connected to proxy localRank 2 -> connection 0x7f5bd40052f0
MOC-R4PCC04U05:536043:536185 [0] NCCL INFO New proxy send connection 9 from local rank 2, transport 0
MOC-R4PCC04U05:536045:536192 [2] NCCL INFO Connected to proxy localRank 0 -> connection 0x7fdc0c005368
MOC-R4PCC04U05:536046:536180 [3] NCCL INFO New proxy send connection 8 from local rank 1, transport 0
MOC-R4PCC04U05:536044:536191 [1] NCCL INFO Connected to proxy localRank 3 -> connection 0x7f72280052f0
MOC-R4PCC04U05:536046:536180 [3] NCCL INFO New proxy send connection 9 from local rank 0, transport 0
MOC-R4PCC04U05:536043:536190 [0] NCCL INFO Connected to proxy localRank 3 -> connection 0x7f7228005368
MOC-R4PCC04U05:536044:536181 [1] NCCL INFO New proxy send connection 8 from local rank 3, transport 0
MOC-R4PCC04U05:536046:536189 [3] NCCL INFO Connected to proxy localRank 1 -> connection 0x7f91800052f0
MOC-R4PCC04U05:536044:536181 [1] NCCL INFO New proxy send connection 9 from local rank 2, transport 0
MOC-R4PCC04U05:536045:536192 [2] NCCL INFO Connected to proxy localRank 1 -> connection 0x7f9180005368
MOC-R4PCC04U05:536043:536185 [0] NCCL INFO New proxy send connection 10 from local rank 1, transport 0
MOC-R4PCC04U05:536044:536191 [1] NCCL INFO Connected to proxy localRank 0 -> connection 0x7fdc0c0053e0
MOC-R4PCC04U05:536044:536181 [1] NCCL INFO New proxy send connection 10 from local rank 0, transport 0
MOC-R4PCC04U05:536043:536190 [0] NCCL INFO Connected to proxy localRank 1 -> connection 0x7f91800053e0
MOC-R4PCC04U05:536045:536182 [2] NCCL INFO New proxy send connection 9 from local rank 1, transport 0
MOC-R4PCC04U05:536044:536191 [1] NCCL INFO Connected to proxy localRank 2 -> connection 0x7f5bd4005368
num decayed parameter tensors: 50, with 124,318,464 parameters
num non-decayed parameter tensors: 98, with 121,344 parameters
using fused AdamW: False
using regular AdamW
MOC-R4PCC04U05:536046:536180 [3] NCCL INFO New proxy recv connection 10 from local rank 3, transport 0
MOC-R4PCC04U05:536046:536949 [3] NCCL INFO Connected to proxy localRank 3 -> connection 0x7f72280053e0
MOC-R4PCC04U05:536046:536180 [3] NCCL INFO New proxy recv connection 11 from local rank 3, transport 0
MOC-R4PCC04U05:536046:536949 [3] NCCL INFO Connected to proxy localRank 3 -> connection 0x7f7228005458
MOC-R4PCC04U05:536043:536185 [0] NCCL INFO New proxy send connection 11 from local rank 0, transport 0
MOC-R4PCC04U05:536043:536950 [0] NCCL INFO Connected to proxy localRank 0 -> connection 0x7fdc0c005458
MOC-R4PCC04U05:536043:536185 [0] NCCL INFO New proxy send connection 12 from local rank 0, transport 0
MOC-R4PCC04U05:536043:536950 [0] NCCL INFO Connected to proxy localRank 0 -> connection 0x7fdc0c0054d0
MOC-R4PCC04U05:536043:536185 [0] NCCL INFO New proxy send connection 13 from local rank 0, transport 0
MOC-R4PCC04U05:536043:536950 [0] NCCL INFO Connected to proxy localRank 0 -> connection 0x7fdc0c005548
MOC-R4PCC04U05:536043:536185 [0] NCCL INFO New proxy send connection 14 from local rank 0, transport 0
MOC-R4PCC04U05:536043:536950 [0] NCCL INFO Connected to proxy localRank 0 -> connection 0x7fdc0c0055c0
MOC-R4PCC04U05:536044:536181 [1] NCCL INFO New proxy recv connection 11 from local rank 1, transport 0
MOC-R4PCC04U05:536044:536951 [1] NCCL INFO Connected to proxy localRank 1 -> connection 0x7f9180005458
MOC-R4PCC04U05:536044:536181 [1] NCCL INFO New proxy recv connection 12 from local rank 1, transport 0
MOC-R4PCC04U05:536044:536951 [1] NCCL INFO Connected to proxy localRank 1 -> connection 0x7f91800054d0
MOC-R4PCC04U05:536044:536181 [1] NCCL INFO New proxy recv connection 13 from local rank 1, transport 0
MOC-R4PCC04U05:536044:536951 [1] NCCL INFO Connected to proxy localRank 1 -> connection 0x7f9180005548
MOC-R4PCC04U05:536044:536181 [1] NCCL INFO New proxy recv connection 14 from local rank 1, transport 0
MOC-R4PCC04U05:536044:536951 [1] NCCL INFO Connected to proxy localRank 1 -> connection 0x7f91800055c0
MOC-R4PCC04U05:536044:536181 [1] NCCL INFO New proxy send connection 15 from local rank 1, transport 0
MOC-R4PCC04U05:536044:536951 [1] NCCL INFO Connected to proxy localRank 1 -> connection 0x7f9180005638
MOC-R4PCC04U05:536044:536181 [1] NCCL INFO New proxy send connection 16 from local rank 1, transport 0
MOC-R4PCC04U05:536044:536951 [1] NCCL INFO Connected to proxy localRank 1 -> connection 0x7f91800056b0
MOC-R4PCC04U05:536044:536181 [1] NCCL INFO New proxy send connection 17 from local rank 1, transport 0
MOC-R4PCC04U05:536044:536951 [1] NCCL INFO Connected to proxy localRank 1 -> connection 0x7f9180005728
MOC-R4PCC04U05:536044:536181 [1] NCCL INFO New proxy send connection 18 from local rank 1, transport 0
MOC-R4PCC04U05:536044:536951 [1] NCCL INFO Connected to proxy localRank 1 -> connection 0x7f91800057a0
MOC-R4PCC04U05:536043:536185 [0] NCCL INFO New proxy send connection 15 from local rank 0, transport 0
MOC-R4PCC04U05:536043:536950 [0] NCCL INFO Connected to proxy localRank 0 -> connection 0x7fdc0c005638
MOC-R4PCC04U05:536043:536185 [0] NCCL INFO New proxy send connection 16 from local rank 0, transport 0
MOC-R4PCC04U05:536043:536950 [0] NCCL INFO Connected to proxy localRank 0 -> connection 0x7fdc0c0056b0
MOC-R4PCC04U05:536043:536185 [0] NCCL INFO New proxy recv connection 17 from local rank 0, transport 0
MOC-R4PCC04U05:536043:536950 [0] NCCL INFO Connected to proxy localRank 0 -> connection 0x7fdc0c005728
MOC-R4PCC04U05:536046:536180 [3] NCCL INFO New proxy recv connection 12 from local rank 3, transport 2
MOC-R4PCC04U05:536046:536949 [3] NCCL INFO Connected to proxy localRank 3 -> connection 0x7f72280054d0
MOC-R4PCC04U05:536043:536185 [0] NCCL INFO New proxy recv connection 18 from local rank 0, transport 0
MOC-R4PCC04U05:536043:536950 [0] NCCL INFO Connected to proxy localRank 0 -> connection 0x7fdc0c0057a0
MOC-R4PCC04U05:536043:536185 [0] NCCL INFO New proxy recv connection 19 from local rank 0, transport 0
MOC-R4PCC04U05:536043:536950 [0] NCCL INFO Connected to proxy localRank 0 -> connection 0x7fdc0c005818
MOC-R4PCC04U05:536043:536185 [0] NCCL INFO New proxy recv connection 20 from local rank 0, transport 0
MOC-R4PCC04U05:536043:536950 [0] NCCL INFO Connected to proxy localRank 0 -> connection 0x7fdc0c005890
MOC-R4PCC04U05:536046:536949 [3] NCCL INFO Channel 00/0 : 11[3] -> 3[3] [receive] via NET/Socket/0
MOC-R4PCC04U05:536046:536180 [3] NCCL INFO New proxy recv connection 13 from local rank 3, transport 2
MOC-R4PCC04U05:536046:536949 [3] NCCL INFO Connected to proxy localRank 3 -> connection 0x7f7228005548
MOC-R4PCC04U05:536046:536949 [3] NCCL INFO Channel 01/0 : 11[3] -> 3[3] [receive] via NET/Socket/0
MOC-R4PCC04U05:536046:536180 [3] NCCL INFO New proxy recv connection 14 from local rank 3, transport 2
MOC-R4PCC04U05:536046:536949 [3] NCCL INFO Connected to proxy localRank 3 -> connection 0x7f72280055c0
MOC-R4PCC04U05:536046:536949 [3] NCCL INFO Channel 02/0 : 11[3] -> 3[3] [receive] via NET/Socket/0
MOC-R4PCC04U05:536046:536180 [3] NCCL INFO New proxy recv connection 15 from local rank 3, transport 2
MOC-R4PCC04U05:536046:536949 [3] NCCL INFO Connected to proxy localRank 3 -> connection 0x7f7228005638
MOC-R4PCC04U05:536046:536949 [3] NCCL INFO Channel 03/0 : 11[3] -> 3[3] [receive] via NET/Socket/0
MOC-R4PCC04U05:536046:536180 [3] NCCL INFO New proxy send connection 16 from local rank 3, transport 2
MOC-R4PCC04U05:536046:536949 [3] NCCL INFO Connected to proxy localRank 3 -> connection 0x7f72280056b0
MOC-R4PCC04U05:536046:536949 [3] NCCL INFO Channel 02/0 : 3[3] -> 7[3] [send] via NET/Socket/0
MOC-R4PCC04U05:536046:536180 [3] NCCL INFO New proxy send connection 17 from local rank 3, transport 2
MOC-R4PCC04U05:536046:536949 [3] NCCL INFO Connected to proxy localRank 3 -> connection 0x7f7228005728
MOC-R4PCC04U05:536046:536949 [3] NCCL INFO Channel 03/0 : 3[3] -> 7[3] [send] via NET/Socket/0
MOC-R4PCC04U05:536046:536180 [3] NCCL INFO New proxy recv connection 18 from local rank 3, transport 2
MOC-R4PCC04U05:536046:536949 [3] NCCL INFO Connected to proxy localRank 3 -> connection 0x7f72280057a0
MOC-R4PCC04U05:536046:536949 [3] NCCL INFO Channel 02/0 : 7[3] -> 3[3] [receive] via NET/Socket/0
MOC-R4PCC04U05:536046:536180 [3] NCCL INFO New proxy recv connection 19 from local rank 3, transport 2
MOC-R4PCC04U05:536046:536949 [3] NCCL INFO Connected to proxy localRank 3 -> connection 0x7f7228005818
MOC-R4PCC04U05:536046:536949 [3] NCCL INFO Channel 03/0 : 7[3] -> 3[3] [receive] via NET/Socket/0
MOC-R4PCC04U05:536046:536180 [3] NCCL INFO New proxy send connection 20 from local rank 3, transport 2
MOC-R4PCC04U05:536046:536949 [3] NCCL INFO Connected to proxy localRank 3 -> connection 0x7f7228005890
MOC-R4PCC04U05:536046:536949 [3] NCCL INFO Channel 00/0 : 3[3] -> 11[3] [send] via NET/Socket/0
MOC-R4PCC04U05:536046:536180 [3] NCCL INFO New proxy send connection 21 from local rank 3, transport 2
MOC-R4PCC04U05:536046:536949 [3] NCCL INFO Connected to proxy localRank 3 -> connection 0x7f7228005908
MOC-R4PCC04U05:536046:536949 [3] NCCL INFO Channel 01/0 : 3[3] -> 11[3] [send] via NET/Socket/0
MOC-R4PCC04U05:536046:536180 [3] NCCL INFO New proxy send connection 22 from local rank 3, transport 2
MOC-R4PCC04U05:536046:536949 [3] NCCL INFO Connected to proxy localRank 3 -> connection 0x7f7228005980
MOC-R4PCC04U05:536046:536949 [3] NCCL INFO Channel 02/0 : 3[3] -> 11[3] [send] via NET/Socket/0
MOC-R4PCC04U05:536046:536180 [3] NCCL INFO New proxy send connection 23 from local rank 3, transport 2
MOC-R4PCC04U05:536046:536949 [3] NCCL INFO Connected to proxy localRank 3 -> connection 0x7f72280059f8
MOC-R4PCC04U05:536046:536949 [3] NCCL INFO Channel 03/0 : 3[3] -> 11[3] [send] via NET/Socket/0
MOC-R4PCC04U05:536046:536180 [3] NCCL INFO New proxy send connection 24 from local rank 3, transport 0
MOC-R4PCC04U05:536046:536949 [3] NCCL INFO Connected to proxy localRank 3 -> connection 0x7f7228005a70
MOC-R4PCC04U05:536046:536180 [3] NCCL INFO New proxy send connection 25 from local rank 3, transport 0
MOC-R4PCC04U05:536046:536949 [3] NCCL INFO Connected to proxy localRank 3 -> connection 0x7f7228005ae8
MOC-R4PCC04U05:536046:536180 [3] NCCL INFO New proxy send connection 26 from local rank 3, transport 0
MOC-R4PCC04U05:536046:536949 [3] NCCL INFO Connected to proxy localRank 3 -> connection 0x7f7228005b60
MOC-R4PCC04U05:536046:536180 [3] NCCL INFO New proxy send connection 27 from local rank 3, transport 0
MOC-R4PCC04U05:536046:536949 [3] NCCL INFO Connected to proxy localRank 3 -> connection 0x7f7228005bd8
MOC-R4PCC04U05:536045:536182 [2] NCCL INFO New proxy recv connection 10 from local rank 2, transport 0
MOC-R4PCC04U05:536045:536952 [2] NCCL INFO Connected to proxy localRank 2 -> connection 0x7f5bd40053e0
MOC-R4PCC04U05:536045:536182 [2] NCCL INFO New proxy recv connection 11 from local rank 2, transport 0
MOC-R4PCC04U05:536045:536952 [2] NCCL INFO Connected to proxy localRank 2 -> connection 0x7f5bd4005458
MOC-R4PCC04U05:536045:536182 [2] NCCL INFO New proxy recv connection 12 from local rank 2, transport 0
MOC-R4PCC04U05:536045:536952 [2] NCCL INFO Connected to proxy localRank 2 -> connection 0x7f5bd40054d0
MOC-R4PCC04U05:536045:536182 [2] NCCL INFO New proxy recv connection 13 from local rank 2, transport 0
MOC-R4PCC04U05:536045:536952 [2] NCCL INFO Connected to proxy localRank 2 -> connection 0x7f5bd4005548
MOC-R4PCC04U05:536045:536182 [2] NCCL INFO New proxy send connection 14 from local rank 2, transport 0
MOC-R4PCC04U05:536045:536952 [2] NCCL INFO Connected to proxy localRank 2 -> connection 0x7f5bd40055c0
MOC-R4PCC04U05:536044:536181 [1] NCCL INFO New proxy recv connection 19 from local rank 1, transport 0
MOC-R4PCC04U05:536044:536951 [1] NCCL INFO Connected to proxy localRank 1 -> connection 0x7f9180005818
MOC-R4PCC04U05:536045:536182 [2] NCCL INFO New proxy send connection 15 from local rank 2, transport 0
MOC-R4PCC04U05:536045:536952 [2] NCCL INFO Connected to proxy localRank 2 -> connection 0x7f5bd4005638
MOC-R4PCC04U05:536044:536181 [1] NCCL INFO New proxy recv connection 20 from local rank 1, transport 0
MOC-R4PCC04U05:536044:536951 [1] NCCL INFO Connected to proxy localRank 1 -> connection 0x7f9180005890
step    1/10 | train loss 11.010126 | norm 15.3256 | lr 1.00e-04 | (14602.28 ms | 269284 tok/s)
step    2/10 | train loss 10.140704 | norm 5.7407 | lr 1.00e-04 | (857.15 ms | 4587498 tok/s)
step    3/10 | train loss 9.801214 | norm 2.5999 | lr 1.00e-04 | (841.45 ms | 4673063 tok/s)
step    4/10 | train loss 9.632389 | norm 2.1070 | lr 1.00e-04 | (846.86 ms | 4643218 tok/s)
step    5/10 | train loss 9.549855 | norm 2.1011 | lr 1.00e-04 | (1049.22 ms | 3747686 tok/s)
step    6/10 | train loss 9.469212 | norm 1.9918 | lr 1.00e-04 | (844.15 ms | 4658151 tok/s)
step    7/10 | train loss 9.384213 | norm 1.9429 | lr 1.00e-04 | (842.51 ms | 4667200 tok/s)
step    8/10 | train loss 9.293196 | norm 1.9110 | lr 1.00e-04 | (848.32 ms | 4635246 tok/s)
step    9/10 | train loss 9.198159 | norm 1.8587 | lr 1.00e-04 | (1051.80 ms | 3738509 tok/s)
step   10/10 | train loss 9.112143 | norm 1.7910 | lr 1.00e-04 | (849.90 ms | 4626640 tok/s)
final 9 iters avg: 892.372ms
peak memory consumption: 16601 MiB
