Running pytorch 2.7.0+cu126
using device: cuda:0
total desired batch size: 1966080
=> calculated gradient accumulation steps: 5
using device: cuda:2
using device: cuda:3
using device: cuda:1
compiling the model...
DataLoader: total number of tokens: 1,661,249,667 across 103 files
MOC-R4PCC04U05:522813:522813 [0] NCCL INFO NCCL_SOCKET_IFNAME set to eno7np0
MOC-R4PCC04U05:522813:522813 [0] NCCL INFO NCCL version 2.26.2+cuda12.2
MOC-R4PCC04U05:522813:522917 [0] NCCL INFO NET/Plugin: Could not find: libnccl-net.so. Using internal net plugin.
MOC-R4PCC04U05:522813:522917 [0] NCCL INFO NCCL_IB_HCA set to mlx5_5
MOC-R4PCC04U05:522816:522816 [3] NCCL INFO NCCL_SOCKET_IFNAME set to eno7np0
MOC-R4PCC04U05:522816:522816 [3] NCCL INFO NCCL version 2.26.2+cuda12.2
MOC-R4PCC04U05:522814:522814 [1] NCCL INFO NCCL_SOCKET_IFNAME set to eno7np0
MOC-R4PCC04U05:522814:522814 [1] NCCL INFO NCCL version 2.26.2+cuda12.2
MOC-R4PCC04U05:522813:522917 [0] NCCL INFO NET/IB : Made virtual device [0] name=mlx5_5 speed=400000 ndevs=1
MOC-R4PCC04U05:522813:522917 [0] NCCL INFO NET/IB : Using [0]mlx5_5:1/RoCE [RO]; OOB eno7np0:192.168.50.193<0>
MOC-R4PCC04U05:522815:522815 [2] NCCL INFO NCCL_SOCKET_IFNAME set to eno7np0
MOC-R4PCC04U05:522815:522815 [2] NCCL INFO NCCL version 2.26.2+cuda12.2
MOC-R4PCC04U05:522816:522939 [3] NCCL INFO NET/Plugin: Could not find: libnccl-net.so. Using internal net plugin.
MOC-R4PCC04U05:522816:522939 [3] NCCL INFO NCCL_IB_HCA set to mlx5_5
MOC-R4PCC04U05:522814:522940 [1] NCCL INFO NET/Plugin: Could not find: libnccl-net.so. Using internal net plugin.
MOC-R4PCC04U05:522814:522940 [1] NCCL INFO NCCL_IB_HCA set to mlx5_5
MOC-R4PCC04U05:522816:522939 [3] NCCL INFO NET/IB : Made virtual device [0] name=mlx5_5 speed=400000 ndevs=1
MOC-R4PCC04U05:522816:522939 [3] NCCL INFO NET/IB : Using [0]mlx5_5:1/RoCE [RO]; OOB eno7np0:192.168.50.193<0>
MOC-R4PCC04U05:522814:522940 [1] NCCL INFO NET/IB : Made virtual device [0] name=mlx5_5 speed=400000 ndevs=1
MOC-R4PCC04U05:522814:522940 [1] NCCL INFO NET/IB : Using [0]mlx5_5:1/RoCE [RO]; OOB eno7np0:192.168.50.193<0>
MOC-R4PCC04U05:522815:522942 [2] NCCL INFO NET/Plugin: Could not find: libnccl-net.so. Using internal net plugin.
MOC-R4PCC04U05:522815:522942 [2] NCCL INFO NCCL_IB_HCA set to mlx5_5
MOC-R4PCC04U05:522815:522942 [2] NCCL INFO NET/IB : Made virtual device [0] name=mlx5_5 speed=400000 ndevs=1
MOC-R4PCC04U05:522815:522942 [2] NCCL INFO NET/IB : Using [0]mlx5_5:1/RoCE [RO]; OOB eno7np0:192.168.50.193<0>
MOC-R4PCC04U05:522814:522940 [1] NCCL INFO NET/IB : GPU Direct RDMA Enabled for HCA 0 'mlx5_5'
MOC-R4PCC04U05:522814:522940 [1] NCCL INFO NET/IB : Made virtual device [1] name=mlx5_5 speed=400000 ndevs=1
MOC-R4PCC04U05:522814:522940 [1] NCCL INFO NET/IB : GPU Direct RDMA Enabled for HCA 0 'mlx5_5'
MOC-R4PCC04U05:522814:522940 [1] NCCL INFO NET/IB : GPU Direct RDMA Enabled for HCA 1 'mlx5_5'
MOC-R4PCC04U05:522815:522942 [2] NCCL INFO NET/IB : GPU Direct RDMA Enabled for HCA 0 'mlx5_5'
MOC-R4PCC04U05:522815:522942 [2] NCCL INFO NET/IB : Made virtual device [1] name=mlx5_5 speed=400000 ndevs=1
MOC-R4PCC04U05:522815:522942 [2] NCCL INFO NET/IB : GPU Direct RDMA Enabled for HCA 0 'mlx5_5'
MOC-R4PCC04U05:522815:522942 [2] NCCL INFO NET/IB : GPU Direct RDMA Enabled for HCA 1 'mlx5_5'
MOC-R4PCC04U05:522813:522917 [0] NCCL INFO NET/IB : GPU Direct RDMA Enabled for HCA 0 'mlx5_5'
MOC-R4PCC04U05:522813:522917 [0] NCCL INFO NET/IB : Made virtual device [1] name=mlx5_5 speed=400000 ndevs=1
MOC-R4PCC04U05:522813:522917 [0] NCCL INFO NET/IB : GPU Direct RDMA Enabled for HCA 0 'mlx5_5'
MOC-R4PCC04U05:522813:522917 [0] NCCL INFO NET/IB : GPU Direct RDMA Enabled for HCA 1 'mlx5_5'
MOC-R4PCC04U05:522816:522939 [3] NCCL INFO NET/IB : GPU Direct RDMA Enabled for HCA 0 'mlx5_5'
MOC-R4PCC04U05:522816:522939 [3] NCCL INFO NET/IB : Made virtual device [1] name=mlx5_5 speed=400000 ndevs=1
MOC-R4PCC04U05:522816:522939 [3] NCCL INFO NET/IB : GPU Direct RDMA Enabled for HCA 0 'mlx5_5'
MOC-R4PCC04U05:522816:522939 [3] NCCL INFO NET/IB : GPU Direct RDMA Enabled for HCA 1 'mlx5_5'
MOC-R4PCC04U05:522814:522940 [1] NCCL INFO NCCL_NET_GDR_LEVEL set by environment to LOC
MOC-R4PCC04U05:522814:522940 [1] NCCL INFO GPU Direct RDMA Disabled for GPU 0 / HCA 1 (distance 5 > 0)
MOC-R4PCC04U05:522814:522940 [1] NCCL INFO GPU Direct RDMA Disabled for GPU 1 / HCA 1 (distance 5 > 0)
MOC-R4PCC04U05:522814:522940 [1] NCCL INFO GPU Direct RDMA Disabled for GPU 2 / HCA 1 (distance 5 > 0)
MOC-R4PCC04U05:522814:522940 [1] NCCL INFO GPU Direct RDMA Disabled for GPU 0 / HCA 1 (distance 5 > 0)
MOC-R4PCC04U05:522814:522940 [1] NCCL INFO GPU Direct RDMA Disabled for GPU 1 / HCA 1 (distance 5 > 0)
MOC-R4PCC04U05:522814:522940 [1] NCCL INFO GPU Direct RDMA Disabled for GPU 2 / HCA 1 (distance 5 > 0)
MOC-R4PCC04U05:522813:522917 [0] NCCL INFO NCCL_NET_GDR_LEVEL set by environment to LOC
MOC-R4PCC04U05:522813:522917 [0] NCCL INFO GPU Direct RDMA Disabled for GPU 0 / HCA 1 (distance 5 > 0)
MOC-R4PCC04U05:522813:522917 [0] NCCL INFO GPU Direct RDMA Disabled for GPU 1 / HCA 1 (distance 5 > 0)
MOC-R4PCC04U05:522813:522917 [0] NCCL INFO GPU Direct RDMA Disabled for GPU 2 / HCA 1 (distance 5 > 0)
MOC-R4PCC04U05:522813:522917 [0] NCCL INFO GPU Direct RDMA Disabled for GPU 0 / HCA 1 (distance 5 > 0)
MOC-R4PCC04U05:522813:522917 [0] NCCL INFO GPU Direct RDMA Disabled for GPU 1 / HCA 1 (distance 5 > 0)
MOC-R4PCC04U05:522813:522917 [0] NCCL INFO GPU Direct RDMA Disabled for GPU 2 / HCA 1 (distance 5 > 0)
MOC-R4PCC04U05:522815:522942 [2] NCCL INFO NCCL_NET_GDR_LEVEL set by environment to LOC
MOC-R4PCC04U05:522815:522942 [2] NCCL INFO GPU Direct RDMA Disabled for GPU 0 / HCA 1 (distance 5 > 0)
MOC-R4PCC04U05:522815:522942 [2] NCCL INFO GPU Direct RDMA Disabled for GPU 1 / HCA 1 (distance 5 > 0)
MOC-R4PCC04U05:522815:522942 [2] NCCL INFO GPU Direct RDMA Disabled for GPU 2 / HCA 1 (distance 5 > 0)
MOC-R4PCC04U05:522815:522942 [2] NCCL INFO GPU Direct RDMA Disabled for GPU 0 / HCA 1 (distance 5 > 0)
MOC-R4PCC04U05:522815:522942 [2] NCCL INFO GPU Direct RDMA Disabled for GPU 1 / HCA 1 (distance 5 > 0)
MOC-R4PCC04U05:522815:522942 [2] NCCL INFO GPU Direct RDMA Disabled for GPU 2 / HCA 1 (distance 5 > 0)
MOC-R4PCC04U05:522816:522939 [3] NCCL INFO NCCL_NET_GDR_LEVEL set by environment to LOC
MOC-R4PCC04U05:522816:522939 [3] NCCL INFO GPU Direct RDMA Disabled for GPU 0 / HCA 1 (distance 5 > 0)
MOC-R4PCC04U05:522816:522939 [3] NCCL INFO GPU Direct RDMA Disabled for GPU 1 / HCA 1 (distance 5 > 0)
MOC-R4PCC04U05:522816:522939 [3] NCCL INFO GPU Direct RDMA Disabled for GPU 2 / HCA 1 (distance 5 > 0)
MOC-R4PCC04U05:522816:522939 [3] NCCL INFO GPU Direct RDMA Disabled for GPU 0 / HCA 1 (distance 5 > 0)
MOC-R4PCC04U05:522816:522939 [3] NCCL INFO GPU Direct RDMA Disabled for GPU 1 / HCA 1 (distance 5 > 0)
MOC-R4PCC04U05:522816:522939 [3] NCCL INFO GPU Direct RDMA Disabled for GPU 2 / HCA 1 (distance 5 > 0)
MOC-R4PCC04U05:522813:522957 [0] NCCL INFO New proxy send connection 0 from local rank 0, transport 0
MOC-R4PCC04U05:522813:522962 [0] NCCL INFO Connected to proxy localRank 0 -> connection 0x7f696c004f30
MOC-R4PCC04U05:522815:522955 [2] NCCL INFO New proxy recv connection 0 from local rank 2, transport 0
MOC-R4PCC04U05:522815:522963 [2] NCCL INFO Connected to proxy localRank 2 -> connection 0x7ff778004f30
MOC-R4PCC04U05:522815:522955 [2] NCCL INFO New proxy recv connection 1 from local rank 2, transport 0
MOC-R4PCC04U05:522813:522957 [0] NCCL INFO New proxy send connection 1 from local rank 0, transport 0
MOC-R4PCC04U05:522815:522963 [2] NCCL INFO Connected to proxy localRank 2 -> connection 0x7ff778004fa8
MOC-R4PCC04U05:522813:522962 [0] NCCL INFO Connected to proxy localRank 0 -> connection 0x7f696c004fa8
MOC-R4PCC04U05:522814:522960 [1] NCCL INFO New proxy recv connection 0 from local rank 1, transport 0
MOC-R4PCC04U05:522814:522964 [1] NCCL INFO Connected to proxy localRank 1 -> connection 0x7fde9c004f30
MOC-R4PCC04U05:522816:522954 [3] NCCL INFO New proxy recv connection 0 from local rank 3, transport 0
MOC-R4PCC04U05:522816:522965 [3] NCCL INFO Connected to proxy localRank 3 -> connection 0x7fd114004f30
MOC-R4PCC04U05:522814:522960 [1] NCCL INFO New proxy recv connection 1 from local rank 1, transport 0
MOC-R4PCC04U05:522814:522964 [1] NCCL INFO Connected to proxy localRank 1 -> connection 0x7fde9c004fa8
MOC-R4PCC04U05:522815:522963 [2] NCCL INFO GPU Direct RDMA Disabled for GPU 2 / HCA 1 (distance 7 > 0)
MOC-R4PCC04U05:522813:522957 [0] NCCL INFO New proxy send connection 2 from local rank 0, transport 0
MOC-R4PCC04U05:522813:522962 [0] NCCL INFO Connected to proxy localRank 0 -> connection 0x7f696c005020
MOC-R4PCC04U05:522816:522954 [3] NCCL INFO New proxy recv connection 1 from local rank 3, transport 0
MOC-R4PCC04U05:522816:522965 [3] NCCL INFO Connected to proxy localRank 3 -> connection 0x7fd114004fa8
MOC-R4PCC04U05:522813:522957 [0] NCCL INFO New proxy send connection 3 from local rank 0, transport 0
MOC-R4PCC04U05:522813:522962 [0] NCCL INFO Connected to proxy localRank 0 -> connection 0x7f696c005098
MOC-R4PCC04U05:522816:522965 [3] NCCL INFO GPU Direct RDMA Disabled for GPU 3 / HCA 1 (distance 7 > 0)
MOC-R4PCC04U05:522815:522955 [2] NCCL INFO New proxy recv connection 2 from local rank 2, transport 2
MOC-R4PCC04U05:522815:522963 [2] NCCL INFO Connected to proxy localRank 2 -> connection 0x7ff778005020
MOC-R4PCC04U05:522815:522963 [2] NCCL INFO Channel 00/0 : 11[3] -> 2[2] [receive] via NET/IB/1
MOC-R4PCC04U05:522815:522963 [2] NCCL INFO GPU Direct RDMA Disabled for GPU 2 / HCA 1 (distance 7 > 0)
MOC-R4PCC04U05:522815:522955 [2] NCCL INFO New proxy recv connection 3 from local rank 2, transport 2
MOC-R4PCC04U05:522815:522963 [2] NCCL INFO Connected to proxy localRank 2 -> connection 0x7ff778005098
MOC-R4PCC04U05:522815:522963 [2] NCCL INFO Channel 02/0 : 11[3] -> 2[2] [receive] via NET/IB/1
MOC-R4PCC04U05:522816:522954 [3] NCCL INFO New proxy send connection 2 from local rank 3, transport 2
MOC-R4PCC04U05:522816:522965 [3] NCCL INFO Connected to proxy localRank 3 -> connection 0x7fd114005020
MOC-R4PCC04U05:522816:522965 [3] NCCL INFO Channel 00/0 : 3[3] -> 6[2] [send] via NET/IB/1
MOC-R4PCC04U05:522816:522965 [3] NCCL INFO GPU Direct RDMA Disabled for GPU 3 / HCA 1 (distance 7 > 0)
MOC-R4PCC04U05:522816:522954 [3] NCCL INFO New proxy send connection 3 from local rank 3, transport 2
MOC-R4PCC04U05:522816:522965 [3] NCCL INFO Connected to proxy localRank 3 -> connection 0x7fd114005098
MOC-R4PCC04U05:522816:522965 [3] NCCL INFO Channel 02/0 : 3[3] -> 6[2] [send] via NET/IB/1
MOC-R4PCC04U05:522813:522957 [0] NCCL INFO New proxy recv connection 4 from local rank 0, transport 0
MOC-R4PCC04U05:522813:522962 [0] NCCL INFO Connected to proxy localRank 0 -> connection 0x7f696c005110
MOC-R4PCC04U05:522813:522957 [0] NCCL INFO New proxy recv connection 5 from local rank 0, transport 0
MOC-R4PCC04U05:522813:522962 [0] NCCL INFO Connected to proxy localRank 0 -> connection 0x7f696c005188
MOC-R4PCC04U05:522813:522957 [0] NCCL INFO New proxy recv connection 6 from local rank 0, transport 0
MOC-R4PCC04U05:522813:522962 [0] NCCL INFO Connected to proxy localRank 0 -> connection 0x7f696c005200
MOC-R4PCC04U05:522813:522957 [0] NCCL INFO New proxy recv connection 7 from local rank 0, transport 0
MOC-R4PCC04U05:522813:522962 [0] NCCL INFO Connected to proxy localRank 0 -> connection 0x7f696c005278
MOC-R4PCC04U05:522815:522963 [2] NCCL INFO GPU Direct RDMA Disabled for GPU 2 / HCA 1 (distance 7 > 0)
MOC-R4PCC04U05:522815:522955 [2] NCCL INFO New proxy send connection 4 from local rank 2, transport 2
MOC-R4PCC04U05:522815:522963 [2] NCCL INFO Connected to proxy localRank 2 -> connection 0x7ff778005110
MOC-R4PCC04U05:522815:522963 [2] NCCL INFO Channel 01/0 : 2[2] -> 7[3] [send] via NET/IB/1
MOC-R4PCC04U05:522815:522963 [2] NCCL INFO GPU Direct RDMA Disabled for GPU 2 / HCA 1 (distance 7 > 0)
MOC-R4PCC04U05:522815:522955 [2] NCCL INFO New proxy send connection 5 from local rank 2, transport 2
MOC-R4PCC04U05:522815:522963 [2] NCCL INFO Connected to proxy localRank 2 -> connection 0x7ff778005188
MOC-R4PCC04U05:522815:522963 [2] NCCL INFO Channel 03/0 : 2[2] -> 7[3] [send] via NET/IB/1
MOC-R4PCC04U05:522815:522955 [2] NCCL INFO New proxy send connection 6 from local rank 2, transport 0
MOC-R4PCC04U05:522815:522963 [2] NCCL INFO Connected to proxy localRank 2 -> connection 0x7ff778005200
MOC-R4PCC04U05:522815:522955 [2] NCCL INFO New proxy send connection 7 from local rank 2, transport 0
MOC-R4PCC04U05:522815:522963 [2] NCCL INFO Connected to proxy localRank 2 -> connection 0x7ff778005278
MOC-R4PCC04U05:522816:522965 [3] NCCL INFO GPU Direct RDMA Disabled for GPU 3 / HCA 1 (distance 7 > 0)
MOC-R4PCC04U05:522816:522954 [3] NCCL INFO New proxy recv connection 4 from local rank 3, transport 2
MOC-R4PCC04U05:522816:522965 [3] NCCL INFO Connected to proxy localRank 3 -> connection 0x7fd114005110
MOC-R4PCC04U05:522816:522965 [3] NCCL INFO Channel 01/0 : 10[2] -> 3[3] [receive] via NET/IB/1
MOC-R4PCC04U05:522816:522965 [3] NCCL INFO GPU Direct RDMA Disabled for GPU 3 / HCA 1 (distance 7 > 0)
MOC-R4PCC04U05:522816:522954 [3] NCCL INFO New proxy recv connection 5 from local rank 3, transport 2
MOC-R4PCC04U05:522816:522965 [3] NCCL INFO Connected to proxy localRank 3 -> connection 0x7fd114005188
MOC-R4PCC04U05:522816:522965 [3] NCCL INFO Channel 03/0 : 10[2] -> 3[3] [receive] via NET/IB/1
MOC-R4PCC04U05:522816:522954 [3] NCCL INFO New proxy send connection 6 from local rank 3, transport 0
MOC-R4PCC04U05:522816:522965 [3] NCCL INFO Connected to proxy localRank 3 -> connection 0x7fd114005200
MOC-R4PCC04U05:522816:522954 [3] NCCL INFO New proxy send connection 7 from local rank 3, transport 0
MOC-R4PCC04U05:522816:522965 [3] NCCL INFO Connected to proxy localRank 3 -> connection 0x7fd114005278
MOC-R4PCC04U05:522813:522957 [0] NCCL INFO New proxy send connection 8 from local rank 3, transport 0
MOC-R4PCC04U05:522814:522960 [1] NCCL INFO New proxy recv connection 2 from local rank 1, transport 0
MOC-R4PCC04U05:522814:522964 [1] NCCL INFO Connected to proxy localRank 1 -> connection 0x7fde9c005020
MOC-R4PCC04U05:522816:522965 [3] NCCL INFO Connected to proxy localRank 0 -> connection 0x7f696c0052f0
MOC-R4PCC04U05:522814:522960 [1] NCCL INFO New proxy recv connection 3 from local rank 1, transport 0
MOC-R4PCC04U05:522814:522964 [1] NCCL INFO Connected to proxy localRank 1 -> connection 0x7fde9c005098
MOC-R4PCC04U05:522814:522960 [1] NCCL INFO New proxy send connection 4 from local rank 1, transport 0
MOC-R4PCC04U05:522814:522964 [1] NCCL INFO Connected to proxy localRank 1 -> connection 0x7fde9c005110
MOC-R4PCC04U05:522814:522960 [1] NCCL INFO New proxy send connection 5 from local rank 1, transport 0
MOC-R4PCC04U05:522814:522964 [1] NCCL INFO Connected to proxy localRank 1 -> connection 0x7fde9c005188
MOC-R4PCC04U05:522814:522960 [1] NCCL INFO New proxy send connection 6 from local rank 1, transport 0
MOC-R4PCC04U05:522814:522964 [1] NCCL INFO Connected to proxy localRank 1 -> connection 0x7fde9c005200
MOC-R4PCC04U05:522814:522960 [1] NCCL INFO New proxy send connection 7 from local rank 1, transport 0
MOC-R4PCC04U05:522814:522964 [1] NCCL INFO Connected to proxy localRank 1 -> connection 0x7fde9c005278
MOC-R4PCC04U05:522814:522960 [1] NCCL INFO New proxy send connection 8 from local rank 3, transport 0
MOC-R4PCC04U05:522816:522965 [3] NCCL INFO Connected to proxy localRank 1 -> connection 0x7fde9c0052f0
MOC-R4PCC04U05:522813:522957 [0] NCCL INFO New proxy send connection 9 from local rank 2, transport 0
MOC-R4PCC04U05:522816:522954 [3] NCCL INFO New proxy send connection 8 from local rank 1, transport 0
MOC-R4PCC04U05:522815:522963 [2] NCCL INFO Connected to proxy localRank 0 -> connection 0x7f696c005368
MOC-R4PCC04U05:522815:522955 [2] NCCL INFO New proxy send connection 8 from local rank 0, transport 0
MOC-R4PCC04U05:522814:522964 [1] NCCL INFO Connected to proxy localRank 3 -> connection 0x7fd1140052f0
MOC-R4PCC04U05:522813:522962 [0] NCCL INFO Connected to proxy localRank 2 -> connection 0x7ff7780052f0
MOC-R4PCC04U05:522816:522954 [3] NCCL INFO New proxy send connection 9 from local rank 0, transport 0
MOC-R4PCC04U05:522814:522960 [1] NCCL INFO New proxy send connection 9 from local rank 2, transport 0
MOC-R4PCC04U05:522813:522962 [0] NCCL INFO Connected to proxy localRank 3 -> connection 0x7fd114005368
MOC-R4PCC04U05:522815:522963 [2] NCCL INFO Connected to proxy localRank 1 -> connection 0x7fde9c005368
MOC-R4PCC04U05:522813:522957 [0] NCCL INFO New proxy send connection 10 from local rank 1, transport 0
MOC-R4PCC04U05:522814:522964 [1] NCCL INFO Connected to proxy localRank 0 -> connection 0x7f696c0053e0
MOC-R4PCC04U05:522815:522955 [2] NCCL INFO NET/IB: NCCL Dev 1 IbDev 0 Port 1 qpn 8050 mtu 3 query_ece={supported=1, vendor_id=0x15b3, options=0x30000002, comp_mask=0x0} GID 3 (0/C132A8C0FFFF0000) fifoRkey=0x178443 fifoLkey=0x178443
MOC-R4PCC04U05:522816:522954 [3] NCCL INFO NET/IB: NCCL Dev 1 IbDev 0 Port 1 qpn 8051 mtu 3 query_ece={supported=1, vendor_id=0x15b3, options=0x30000002, comp_mask=0x0} GID 3 (0/C132A8C0FFFF0000) fifoRkey=0x17cb8a fifoLkey=0x17cb8a
MOC-R4PCC04U05:522815:522955 [2] NCCL INFO NET/IB: NCCL Dev 1 IbDev 0 Port 1 qpn 8052 mtu 3 query_ece={supported=1, vendor_id=0x15b3, options=0x30000002, comp_mask=0x0} GID 3 (0/C132A8C0FFFF0000) fifoRkey=0x174705 fifoLkey=0x174705
MOC-R4PCC04U05:522816:522954 [3] NCCL INFO NET/IB: NCCL Dev 1 IbDev 0 Port 1 qpn 8053 mtu 3 query_ece={supported=1, vendor_id=0x15b3, options=0x30000002, comp_mask=0x0} GID 3 (0/C132A8C0FFFF0000) fifoRkey=0x17601f fifoLkey=0x17601f
MOC-R4PCC04U05:522816:522954 [3] NCCL INFO NET/IB: IbDev 0 Port 1 qpn 8080 set_ece={supported=1, vendor_id=0x15b3, options=0x0, comp_mask=0x0}
MOC-R4PCC04U05:522814:522960 [1] NCCL INFO New proxy send connection 10 from local rank 0, transport 0
MOC-R4PCC04U05:522813:522962 [0] NCCL INFO Connected to proxy localRank 1 -> connection 0x7fde9c0053e0
MOC-R4PCC04U05:522816:522954 [3] NCCL INFO NET/IB: IbDev 0 Port 1 qpn 8082 set_ece={supported=1, vendor_id=0x15b3, options=0x0, comp_mask=0x0}
MOC-R4PCC04U05:522815:522955 [2] NCCL INFO NET/IB: IbDev 0 Port 1 qpn 8084 set_ece={supported=1, vendor_id=0x15b3, options=0x0, comp_mask=0x0}
MOC-R4PCC04U05:522815:522955 [2] NCCL INFO NET/IB: IbDev 0 Port 1 qpn 8087 set_ece={supported=1, vendor_id=0x15b3, options=0x0, comp_mask=0x0}
MOC-R4PCC04U05:522815:522955 [2] NCCL INFO New proxy send connection 9 from local rank 1, transport 0
MOC-R4PCC04U05:522814:522964 [1] NCCL INFO Connected to proxy localRank 2 -> connection 0x7ff778005368
num decayed parameter tensors: 50, with 124,318,464 parameters
num non-decayed parameter tensors: 98, with 121,344 parameters
using fused AdamW: False
using regular AdamW
MOC-R4PCC04U05:522813:522957 [0] NCCL INFO New proxy send connection 11 from local rank 0, transport 0
MOC-R4PCC04U05:522813:523656 [0] NCCL INFO Connected to proxy localRank 0 -> connection 0x7f696c005458
MOC-R4PCC04U05:522813:522957 [0] NCCL INFO New proxy send connection 12 from local rank 0, transport 0
MOC-R4PCC04U05:522813:523656 [0] NCCL INFO Connected to proxy localRank 0 -> connection 0x7f696c0054d0
MOC-R4PCC04U05:522813:522957 [0] NCCL INFO New proxy send connection 13 from local rank 0, transport 0
MOC-R4PCC04U05:522813:523656 [0] NCCL INFO Connected to proxy localRank 0 -> connection 0x7f696c005548
MOC-R4PCC04U05:522813:522957 [0] NCCL INFO New proxy send connection 14 from local rank 0, transport 0
MOC-R4PCC04U05:522813:523656 [0] NCCL INFO Connected to proxy localRank 0 -> connection 0x7f696c0055c0
MOC-R4PCC04U05:522816:522954 [3] NCCL INFO New proxy recv connection 10 from local rank 3, transport 0
MOC-R4PCC04U05:522816:523657 [3] NCCL INFO Connected to proxy localRank 3 -> connection 0x7fd1140053e0
MOC-R4PCC04U05:522816:522954 [3] NCCL INFO New proxy recv connection 11 from local rank 3, transport 0
MOC-R4PCC04U05:522816:523657 [3] NCCL INFO Connected to proxy localRank 3 -> connection 0x7fd114005458
MOC-R4PCC04U05:522814:522960 [1] NCCL INFO New proxy recv connection 11 from local rank 1, transport 0
MOC-R4PCC04U05:522814:523658 [1] NCCL INFO Connected to proxy localRank 1 -> connection 0x7fde9c005458
MOC-R4PCC04U05:522814:522960 [1] NCCL INFO New proxy recv connection 12 from local rank 1, transport 0
MOC-R4PCC04U05:522814:523658 [1] NCCL INFO Connected to proxy localRank 1 -> connection 0x7fde9c0054d0
MOC-R4PCC04U05:522814:522960 [1] NCCL INFO New proxy recv connection 13 from local rank 1, transport 0
MOC-R4PCC04U05:522814:523658 [1] NCCL INFO Connected to proxy localRank 1 -> connection 0x7fde9c005548
MOC-R4PCC04U05:522814:522960 [1] NCCL INFO New proxy recv connection 14 from local rank 1, transport 0
MOC-R4PCC04U05:522814:523658 [1] NCCL INFO Connected to proxy localRank 1 -> connection 0x7fde9c0055c0
MOC-R4PCC04U05:522814:522960 [1] NCCL INFO New proxy send connection 15 from local rank 1, transport 0
MOC-R4PCC04U05:522814:523658 [1] NCCL INFO Connected to proxy localRank 1 -> connection 0x7fde9c005638
MOC-R4PCC04U05:522814:522960 [1] NCCL INFO New proxy send connection 16 from local rank 1, transport 0
MOC-R4PCC04U05:522814:523658 [1] NCCL INFO Connected to proxy localRank 1 -> connection 0x7fde9c0056b0
MOC-R4PCC04U05:522814:522960 [1] NCCL INFO New proxy send connection 17 from local rank 1, transport 0
MOC-R4PCC04U05:522814:523658 [1] NCCL INFO Connected to proxy localRank 1 -> connection 0x7fde9c005728
MOC-R4PCC04U05:522814:522960 [1] NCCL INFO New proxy send connection 18 from local rank 1, transport 0
MOC-R4PCC04U05:522814:523658 [1] NCCL INFO Connected to proxy localRank 1 -> connection 0x7fde9c0057a0
MOC-R4PCC04U05:522813:522957 [0] NCCL INFO New proxy send connection 15 from local rank 0, transport 0
MOC-R4PCC04U05:522813:523656 [0] NCCL INFO Connected to proxy localRank 0 -> connection 0x7f696c005638
MOC-R4PCC04U05:522813:522957 [0] NCCL INFO New proxy send connection 16 from local rank 0, transport 0
MOC-R4PCC04U05:522813:523656 [0] NCCL INFO Connected to proxy localRank 0 -> connection 0x7f696c0056b0
MOC-R4PCC04U05:522813:522957 [0] NCCL INFO New proxy recv connection 17 from local rank 0, transport 0
MOC-R4PCC04U05:522813:523656 [0] NCCL INFO Connected to proxy localRank 0 -> connection 0x7f696c005728
MOC-R4PCC04U05:522816:523657 [3] NCCL INFO GPU Direct RDMA Disabled for GPU 3 / HCA 1 (distance 7 > 0)
MOC-R4PCC04U05:522816:522954 [3] NCCL INFO New proxy recv connection 12 from local rank 3, transport 2
MOC-R4PCC04U05:522816:523657 [3] NCCL INFO Connected to proxy localRank 3 -> connection 0x7fd1140054d0
MOC-R4PCC04U05:522813:522957 [0] NCCL INFO New proxy recv connection 18 from local rank 0, transport 0
MOC-R4PCC04U05:522813:523656 [0] NCCL INFO Connected to proxy localRank 0 -> connection 0x7f696c0057a0
MOC-R4PCC04U05:522816:523657 [3] NCCL INFO Channel 00/0 : 11[3] -> 3[3] [receive] via NET/IB/1
MOC-R4PCC04U05:522816:523657 [3] NCCL INFO GPU Direct RDMA Disabled for GPU 3 / HCA 1 (distance 7 > 0)
MOC-R4PCC04U05:522816:522954 [3] NCCL INFO New proxy recv connection 13 from local rank 3, transport 2
MOC-R4PCC04U05:522816:523657 [3] NCCL INFO Connected to proxy localRank 3 -> connection 0x7fd114005548
MOC-R4PCC04U05:522816:523657 [3] NCCL INFO Channel 01/0 : 11[3] -> 3[3] [receive] via NET/IB/1
MOC-R4PCC04U05:522813:522957 [0] NCCL INFO New proxy recv connection 19 from local rank 0, transport 0
MOC-R4PCC04U05:522816:523657 [3] NCCL INFO GPU Direct RDMA Disabled for GPU 3 / HCA 1 (distance 7 > 0)
MOC-R4PCC04U05:522813:523656 [0] NCCL INFO Connected to proxy localRank 0 -> connection 0x7f696c005818
MOC-R4PCC04U05:522816:522954 [3] NCCL INFO New proxy recv connection 14 from local rank 3, transport 2
MOC-R4PCC04U05:522816:523657 [3] NCCL INFO Connected to proxy localRank 3 -> connection 0x7fd1140055c0
MOC-R4PCC04U05:522816:523657 [3] NCCL INFO Channel 02/0 : 11[3] -> 3[3] [receive] via NET/IB/1
MOC-R4PCC04U05:522816:523657 [3] NCCL INFO GPU Direct RDMA Disabled for GPU 3 / HCA 1 (distance 7 > 0)
MOC-R4PCC04U05:522816:522954 [3] NCCL INFO New proxy recv connection 15 from local rank 3, transport 2
MOC-R4PCC04U05:522816:523657 [3] NCCL INFO Connected to proxy localRank 3 -> connection 0x7fd114005638
MOC-R4PCC04U05:522813:522957 [0] NCCL INFO New proxy recv connection 20 from local rank 0, transport 0
MOC-R4PCC04U05:522816:523657 [3] NCCL INFO Channel 03/0 : 11[3] -> 3[3] [receive] via NET/IB/1
MOC-R4PCC04U05:522813:523656 [0] NCCL INFO Connected to proxy localRank 0 -> connection 0x7f696c005890
MOC-R4PCC04U05:522816:523657 [3] NCCL INFO GPU Direct RDMA Disabled for GPU 3 / HCA 1 (distance 7 > 0)
MOC-R4PCC04U05:522816:522954 [3] NCCL INFO New proxy send connection 16 from local rank 3, transport 2
MOC-R4PCC04U05:522816:523657 [3] NCCL INFO Connected to proxy localRank 3 -> connection 0x7fd1140056b0
MOC-R4PCC04U05:522816:523657 [3] NCCL INFO Channel 02/0 : 3[3] -> 7[3] [send] via NET/IB/1
MOC-R4PCC04U05:522816:523657 [3] NCCL INFO GPU Direct RDMA Disabled for GPU 3 / HCA 1 (distance 7 > 0)
MOC-R4PCC04U05:522816:522954 [3] NCCL INFO New proxy send connection 17 from local rank 3, transport 2
MOC-R4PCC04U05:522816:523657 [3] NCCL INFO Connected to proxy localRank 3 -> connection 0x7fd114005728
MOC-R4PCC04U05:522816:523657 [3] NCCL INFO Channel 03/0 : 3[3] -> 7[3] [send] via NET/IB/1
MOC-R4PCC04U05:522816:523657 [3] NCCL INFO GPU Direct RDMA Disabled for GPU 3 / HCA 1 (distance 7 > 0)
MOC-R4PCC04U05:522816:522954 [3] NCCL INFO New proxy recv connection 18 from local rank 3, transport 2
MOC-R4PCC04U05:522816:523657 [3] NCCL INFO Connected to proxy localRank 3 -> connection 0x7fd1140057a0
MOC-R4PCC04U05:522816:523657 [3] NCCL INFO Channel 02/0 : 7[3] -> 3[3] [receive] via NET/IB/1
MOC-R4PCC04U05:522816:523657 [3] NCCL INFO GPU Direct RDMA Disabled for GPU 3 / HCA 1 (distance 7 > 0)
MOC-R4PCC04U05:522816:522954 [3] NCCL INFO New proxy recv connection 19 from local rank 3, transport 2
MOC-R4PCC04U05:522816:523657 [3] NCCL INFO Connected to proxy localRank 3 -> connection 0x7fd114005818
MOC-R4PCC04U05:522816:523657 [3] NCCL INFO Channel 03/0 : 7[3] -> 3[3] [receive] via NET/IB/1
MOC-R4PCC04U05:522816:523657 [3] NCCL INFO GPU Direct RDMA Disabled for GPU 3 / HCA 1 (distance 7 > 0)
MOC-R4PCC04U05:522816:522954 [3] NCCL INFO New proxy send connection 20 from local rank 3, transport 2
MOC-R4PCC04U05:522816:523657 [3] NCCL INFO Connected to proxy localRank 3 -> connection 0x7fd114005890
MOC-R4PCC04U05:522816:523657 [3] NCCL INFO Channel 00/0 : 3[3] -> 11[3] [send] via NET/IB/1
MOC-R4PCC04U05:522816:523657 [3] NCCL INFO GPU Direct RDMA Disabled for GPU 3 / HCA 1 (distance 7 > 0)
MOC-R4PCC04U05:522816:522954 [3] NCCL INFO New proxy send connection 21 from local rank 3, transport 2
MOC-R4PCC04U05:522816:523657 [3] NCCL INFO Connected to proxy localRank 3 -> connection 0x7fd114005908
MOC-R4PCC04U05:522816:523657 [3] NCCL INFO Channel 01/0 : 3[3] -> 11[3] [send] via NET/IB/1
MOC-R4PCC04U05:522816:523657 [3] NCCL INFO GPU Direct RDMA Disabled for GPU 3 / HCA 1 (distance 7 > 0)
MOC-R4PCC04U05:522816:522954 [3] NCCL INFO New proxy send connection 22 from local rank 3, transport 2
MOC-R4PCC04U05:522816:523657 [3] NCCL INFO Connected to proxy localRank 3 -> connection 0x7fd114005980
MOC-R4PCC04U05:522816:523657 [3] NCCL INFO Channel 02/0 : 3[3] -> 11[3] [send] via NET/IB/1
MOC-R4PCC04U05:522816:523657 [3] NCCL INFO GPU Direct RDMA Disabled for GPU 3 / HCA 1 (distance 7 > 0)
MOC-R4PCC04U05:522816:522954 [3] NCCL INFO New proxy send connection 23 from local rank 3, transport 2
MOC-R4PCC04U05:522816:523657 [3] NCCL INFO Connected to proxy localRank 3 -> connection 0x7fd1140059f8
MOC-R4PCC04U05:522816:523657 [3] NCCL INFO Channel 03/0 : 3[3] -> 11[3] [send] via NET/IB/1
MOC-R4PCC04U05:522816:522954 [3] NCCL INFO New proxy send connection 24 from local rank 3, transport 0
MOC-R4PCC04U05:522816:523657 [3] NCCL INFO Connected to proxy localRank 3 -> connection 0x7fd114005a70
MOC-R4PCC04U05:522816:522954 [3] NCCL INFO New proxy send connection 25 from local rank 3, transport 0
MOC-R4PCC04U05:522816:523657 [3] NCCL INFO Connected to proxy localRank 3 -> connection 0x7fd114005ae8
MOC-R4PCC04U05:522816:522954 [3] NCCL INFO New proxy send connection 26 from local rank 3, transport 0
MOC-R4PCC04U05:522816:523657 [3] NCCL INFO Connected to proxy localRank 3 -> connection 0x7fd114005b60
MOC-R4PCC04U05:522816:522954 [3] NCCL INFO New proxy send connection 27 from local rank 3, transport 0
MOC-R4PCC04U05:522816:523657 [3] NCCL INFO Connected to proxy localRank 3 -> connection 0x7fd114005bd8
MOC-R4PCC04U05:522816:522954 [3] NCCL INFO NET/IB: NCCL Dev 1 IbDev 0 Port 1 qpn 8054 mtu 3 query_ece={supported=1, vendor_id=0x15b3, options=0x30000002, comp_mask=0x0} GID 3 (0/C132A8C0FFFF0000) fifoRkey=0x175412 fifoLkey=0x175412
MOC-R4PCC04U05:522816:522954 [3] NCCL INFO NET/IB: IbDev 0 Port 1 qpn 8092 set_ece={supported=1, vendor_id=0x15b3, options=0x0, comp_mask=0x0}
MOC-R4PCC04U05:522816:522954 [3] NCCL INFO NET/IB: NCCL Dev 1 IbDev 0 Port 1 qpn 8059 mtu 3 query_ece={supported=1, vendor_id=0x15b3, options=0x30000002, comp_mask=0x0} GID 3 (0/C132A8C0FFFF0000) fifoRkey=0x1801c0 fifoLkey=0x1801c0
MOC-R4PCC04U05:522816:522954 [3] NCCL INFO NET/IB: NCCL Dev 1 IbDev 0 Port 1 qpn 8062 mtu 3 query_ece={supported=1, vendor_id=0x15b3, options=0x30000002, comp_mask=0x0} GID 3 (0/C132A8C0FFFF0000) fifoRkey=0x17f1b0 fifoLkey=0x17f1b0
MOC-R4PCC04U05:522816:522954 [3] NCCL INFO NET/IB: IbDev 0 Port 1 qpn 8096 set_ece={supported=1, vendor_id=0x15b3, options=0x0, comp_mask=0x0}
MOC-R4PCC04U05:522816:522954 [3] NCCL INFO NET/IB: IbDev 0 Port 1 qpn 3977 set_ece={supported=1, vendor_id=0x15b3, options=0x0, comp_mask=0x0}
MOC-R4PCC04U05:522816:522954 [3] NCCL INFO NET/IB: NCCL Dev 1 IbDev 0 Port 1 qpn 8069 mtu 3 query_ece={supported=1, vendor_id=0x15b3, options=0x30000002, comp_mask=0x0} GID 3 (0/C132A8C0FFFF0000) fifoRkey=0x16d291 fifoLkey=0x16d291
MOC-R4PCC04U05:522816:522954 [3] NCCL INFO NET/IB: NCCL Dev 1 IbDev 0 Port 1 qpn 8070 mtu 3 query_ece={supported=1, vendor_id=0x15b3, options=0x30000002, comp_mask=0x0} GID 3 (0/C132A8C0FFFF0000) fifoRkey=0x17e7a6 fifoLkey=0x17e7a6
MOC-R4PCC04U05:522816:522954 [3] NCCL INFO NET/IB: NCCL Dev 1 IbDev 0 Port 1 qpn 8071 mtu 3 query_ece={supported=1, vendor_id=0x15b3, options=0x30000002, comp_mask=0x0} GID 3 (0/C132A8C0FFFF0000) fifoRkey=0x17b979 fifoLkey=0x17b979
MOC-R4PCC04U05:522816:522954 [3] NCCL INFO NET/IB: IbDev 0 Port 1 qpn 3980 set_ece={supported=1, vendor_id=0x15b3, options=0x0, comp_mask=0x0}
MOC-R4PCC04U05:522816:522954 [3] NCCL INFO NET/IB: IbDev 0 Port 1 qpn 3982 set_ece={supported=1, vendor_id=0x15b3, options=0x0, comp_mask=0x0}
MOC-R4PCC04U05:522816:522954 [3] NCCL INFO NET/IB: IbDev 0 Port 1 qpn 3984 set_ece={supported=1, vendor_id=0x15b3, options=0x0, comp_mask=0x0}
MOC-R4PCC04U05:522815:522955 [2] NCCL INFO New proxy recv connection 10 from local rank 2, transport 0
MOC-R4PCC04U05:522815:523659 [2] NCCL INFO Connected to proxy localRank 2 -> connection 0x7ff7780053e0
MOC-R4PCC04U05:522815:522955 [2] NCCL INFO New proxy recv connection 11 from local rank 2, transport 0
MOC-R4PCC04U05:522815:523659 [2] NCCL INFO Connected to proxy localRank 2 -> connection 0x7ff778005458
MOC-R4PCC04U05:522815:522955 [2] NCCL INFO New proxy recv connection 12 from local rank 2, transport 0
MOC-R4PCC04U05:522815:523659 [2] NCCL INFO Connected to proxy localRank 2 -> connection 0x7ff7780054d0
MOC-R4PCC04U05:522815:522955 [2] NCCL INFO New proxy recv connection 13 from local rank 2, transport 0
MOC-R4PCC04U05:522815:523659 [2] NCCL INFO Connected to proxy localRank 2 -> connection 0x7ff778005548
MOC-R4PCC04U05:522815:522955 [2] NCCL INFO New proxy send connection 14 from local rank 2, transport 0
MOC-R4PCC04U05:522815:523659 [2] NCCL INFO Connected to proxy localRank 2 -> connection 0x7ff7780055c0
MOC-R4PCC04U05:522814:522960 [1] NCCL INFO New proxy recv connection 19 from local rank 1, transport 0
MOC-R4PCC04U05:522814:523658 [1] NCCL INFO Connected to proxy localRank 1 -> connection 0x7fde9c005818
MOC-R4PCC04U05:522815:522955 [2] NCCL INFO New proxy send connection 15 from local rank 2, transport 0
MOC-R4PCC04U05:522815:523659 [2] NCCL INFO Connected to proxy localRank 2 -> connection 0x7ff778005638
MOC-R4PCC04U05:522814:522960 [1] NCCL INFO New proxy recv connection 20 from local rank 1, transport 0
MOC-R4PCC04U05:522814:523658 [1] NCCL INFO Connected to proxy localRank 1 -> connection 0x7fde9c005890
step    1/10 | train loss 11.009883 | norm 15.4032 | lr 1.00e-04 | (14475.84 ms | 135818 tok/s)
step    2/10 | train loss 10.137027 | norm 5.7554 | lr 1.00e-04 | (422.17 ms | 4657101 tok/s)
step    3/10 | train loss 9.795782 | norm 2.6138 | lr 1.00e-04 | (424.31 ms | 4633575 tok/s)
step    4/10 | train loss 9.626215 | norm 2.1172 | lr 1.00e-04 | (419.70 ms | 4684530 tok/s)
step    5/10 | train loss 9.543118 | norm 2.1086 | lr 1.00e-04 | (423.19 ms | 4645905 tok/s)
step    6/10 | train loss 9.461719 | norm 2.0012 | lr 1.00e-04 | (451.31 ms | 4356392 tok/s)
step    7/10 | train loss 9.375901 | norm 1.9512 | lr 1.00e-04 | (490.03 ms | 4012133 tok/s)
step    8/10 | train loss 9.283658 | norm 1.9173 | lr 1.00e-04 | (423.83 ms | 4638856 tok/s)
step    9/10 | train loss 9.187841 | norm 1.8581 | lr 1.00e-04 | (424.47 ms | 4631863 tok/s)
step   10/10 | train loss 9.103607 | norm 1.8050 | lr 1.00e-04 | (424.82 ms | 4627982 tok/s)
final 9 iters avg: 433.758ms
peak memory consumption: 16601 MiB
