Running pytorch 2.7.0+cu126
using device: cuda:0
total desired batch size: 1572864
=> calculated gradient accumulation steps: 6
using device: cuda:2
using device: cuda:1
using device: cuda:3
compiling the model...
DataLoader: total number of tokens: 1,661,249,667 across 103 files
MOC-R4PCC04U05:346650:346650 [0] NCCL INFO NCCL_SOCKET_IFNAME set to eno7np0
MOC-R4PCC04U05:346650:346650 [0] NCCL INFO NCCL version 2.26.2+cuda12.2
MOC-R4PCC04U05:346650:346692 [0] NCCL INFO NET/Plugin: Could not find: libnccl-net.so. Using internal net plugin.
MOC-R4PCC04U05:346650:346692 [0] NCCL INFO NCCL_IB_HCA set to mlx5_5
MOC-R4PCC04U05:346652:346652 [2] NCCL INFO NCCL_SOCKET_IFNAME set to eno7np0
MOC-R4PCC04U05:346652:346652 [2] NCCL INFO NCCL version 2.26.2+cuda12.2
MOC-R4PCC04U05:346650:346692 [0] NCCL INFO NET/IB : Made virtual device [0] name=mlx5_5 speed=400000 ndevs=1
MOC-R4PCC04U05:346650:346692 [0] NCCL INFO NET/IB : Using [0]mlx5_5:1/RoCE [RO]; OOB eno7np0:192.168.50.193<0>
MOC-R4PCC04U05:346651:346651 [1] NCCL INFO NCCL_SOCKET_IFNAME set to eno7np0
MOC-R4PCC04U05:346653:346653 [3] NCCL INFO NCCL_SOCKET_IFNAME set to eno7np0
MOC-R4PCC04U05:346651:346651 [1] NCCL INFO NCCL version 2.26.2+cuda12.2
MOC-R4PCC04U05:346653:346653 [3] NCCL INFO NCCL version 2.26.2+cuda12.2
MOC-R4PCC04U05:346652:346693 [2] NCCL INFO NET/Plugin: Could not find: libnccl-net.so. Using internal net plugin.
MOC-R4PCC04U05:346652:346693 [2] NCCL INFO NCCL_IB_HCA set to mlx5_5
MOC-R4PCC04U05:346652:346693 [2] NCCL INFO NET/IB : Made virtual device [0] name=mlx5_5 speed=400000 ndevs=1
MOC-R4PCC04U05:346652:346693 [2] NCCL INFO NET/IB : Using [0]mlx5_5:1/RoCE [RO]; OOB eno7np0:192.168.50.193<0>
MOC-R4PCC04U05:346651:346695 [1] NCCL INFO NET/Plugin: Could not find: libnccl-net.so. Using internal net plugin.
MOC-R4PCC04U05:346651:346695 [1] NCCL INFO NCCL_IB_HCA set to mlx5_5
MOC-R4PCC04U05:346653:346696 [3] NCCL INFO NET/Plugin: Could not find: libnccl-net.so. Using internal net plugin.
MOC-R4PCC04U05:346653:346696 [3] NCCL INFO NCCL_IB_HCA set to mlx5_5
MOC-R4PCC04U05:346651:346695 [1] NCCL INFO NET/IB : Made virtual device [0] name=mlx5_5 speed=400000 ndevs=1
MOC-R4PCC04U05:346651:346695 [1] NCCL INFO NET/IB : Using [0]mlx5_5:1/RoCE [RO]; OOB eno7np0:192.168.50.193<0>
MOC-R4PCC04U05:346653:346696 [3] NCCL INFO NET/IB : Made virtual device [0] name=mlx5_5 speed=400000 ndevs=1
MOC-R4PCC04U05:346653:346696 [3] NCCL INFO NET/IB : Using [0]mlx5_5:1/RoCE [RO]; OOB eno7np0:192.168.50.193<0>
MOC-R4PCC04U05:346650:346692 [0] NCCL INFO NET/IB : GPU Direct RDMA Enabled for HCA 0 'mlx5_5'
MOC-R4PCC04U05:346650:346692 [0] NCCL INFO NET/IB : Made virtual device [1] name=mlx5_5 speed=400000 ndevs=1
MOC-R4PCC04U05:346650:346692 [0] NCCL INFO NET/IB : GPU Direct RDMA Enabled for HCA 0 'mlx5_5'
MOC-R4PCC04U05:346650:346692 [0] NCCL INFO NET/IB : GPU Direct RDMA Enabled for HCA 1 'mlx5_5'
MOC-R4PCC04U05:346652:346693 [2] NCCL INFO NET/IB : GPU Direct RDMA Enabled for HCA 0 'mlx5_5'
MOC-R4PCC04U05:346652:346693 [2] NCCL INFO NET/IB : Made virtual device [1] name=mlx5_5 speed=400000 ndevs=1
MOC-R4PCC04U05:346652:346693 [2] NCCL INFO NET/IB : GPU Direct RDMA Enabled for HCA 0 'mlx5_5'
MOC-R4PCC04U05:346652:346693 [2] NCCL INFO NET/IB : GPU Direct RDMA Enabled for HCA 1 'mlx5_5'
MOC-R4PCC04U05:346651:346695 [1] NCCL INFO NET/IB : GPU Direct RDMA Enabled for HCA 0 'mlx5_5'
MOC-R4PCC04U05:346651:346695 [1] NCCL INFO NET/IB : Made virtual device [1] name=mlx5_5 speed=400000 ndevs=1
MOC-R4PCC04U05:346651:346695 [1] NCCL INFO NET/IB : GPU Direct RDMA Enabled for HCA 0 'mlx5_5'
MOC-R4PCC04U05:346651:346695 [1] NCCL INFO NET/IB : GPU Direct RDMA Enabled for HCA 1 'mlx5_5'
MOC-R4PCC04U05:346653:346696 [3] NCCL INFO NET/IB : GPU Direct RDMA Enabled for HCA 0 'mlx5_5'
MOC-R4PCC04U05:346653:346696 [3] NCCL INFO NET/IB : Made virtual device [1] name=mlx5_5 speed=400000 ndevs=1
MOC-R4PCC04U05:346653:346696 [3] NCCL INFO NET/IB : GPU Direct RDMA Enabled for HCA 0 'mlx5_5'
MOC-R4PCC04U05:346653:346696 [3] NCCL INFO NET/IB : GPU Direct RDMA Enabled for HCA 1 'mlx5_5'
MOC-R4PCC04U05:346651:346695 [1] NCCL INFO NCCL_NET_GDR_LEVEL set by environment to LOC
MOC-R4PCC04U05:346651:346695 [1] NCCL INFO GPU Direct RDMA Disabled for GPU 0 / HCA 1 (distance 5 > 0)
MOC-R4PCC04U05:346651:346695 [1] NCCL INFO GPU Direct RDMA Disabled for GPU 1 / HCA 1 (distance 5 > 0)
MOC-R4PCC04U05:346651:346695 [1] NCCL INFO GPU Direct RDMA Disabled for GPU 2 / HCA 1 (distance 5 > 0)
MOC-R4PCC04U05:346651:346695 [1] NCCL INFO GPU Direct RDMA Disabled for GPU 0 / HCA 1 (distance 5 > 0)
MOC-R4PCC04U05:346651:346695 [1] NCCL INFO GPU Direct RDMA Disabled for GPU 1 / HCA 1 (distance 5 > 0)
MOC-R4PCC04U05:346651:346695 [1] NCCL INFO GPU Direct RDMA Disabled for GPU 2 / HCA 1 (distance 5 > 0)
MOC-R4PCC04U05:346652:346693 [2] NCCL INFO NCCL_NET_GDR_LEVEL set by environment to LOC
MOC-R4PCC04U05:346652:346693 [2] NCCL INFO GPU Direct RDMA Disabled for GPU 0 / HCA 1 (distance 5 > 0)
MOC-R4PCC04U05:346652:346693 [2] NCCL INFO GPU Direct RDMA Disabled for GPU 1 / HCA 1 (distance 5 > 0)
MOC-R4PCC04U05:346652:346693 [2] NCCL INFO GPU Direct RDMA Disabled for GPU 2 / HCA 1 (distance 5 > 0)
MOC-R4PCC04U05:346652:346693 [2] NCCL INFO GPU Direct RDMA Disabled for GPU 0 / HCA 1 (distance 5 > 0)
MOC-R4PCC04U05:346652:346693 [2] NCCL INFO GPU Direct RDMA Disabled for GPU 1 / HCA 1 (distance 5 > 0)
MOC-R4PCC04U05:346652:346693 [2] NCCL INFO GPU Direct RDMA Disabled for GPU 2 / HCA 1 (distance 5 > 0)
MOC-R4PCC04U05:346650:346692 [0] NCCL INFO NCCL_NET_GDR_LEVEL set by environment to LOC
MOC-R4PCC04U05:346650:346692 [0] NCCL INFO GPU Direct RDMA Disabled for GPU 0 / HCA 1 (distance 5 > 0)
MOC-R4PCC04U05:346650:346692 [0] NCCL INFO GPU Direct RDMA Disabled for GPU 1 / HCA 1 (distance 5 > 0)
MOC-R4PCC04U05:346650:346692 [0] NCCL INFO GPU Direct RDMA Disabled for GPU 2 / HCA 1 (distance 5 > 0)
MOC-R4PCC04U05:346650:346692 [0] NCCL INFO GPU Direct RDMA Disabled for GPU 0 / HCA 1 (distance 5 > 0)
MOC-R4PCC04U05:346650:346692 [0] NCCL INFO GPU Direct RDMA Disabled for GPU 1 / HCA 1 (distance 5 > 0)
MOC-R4PCC04U05:346650:346692 [0] NCCL INFO GPU Direct RDMA Disabled for GPU 2 / HCA 1 (distance 5 > 0)
MOC-R4PCC04U05:346653:346696 [3] NCCL INFO NCCL_NET_GDR_LEVEL set by environment to LOC
MOC-R4PCC04U05:346653:346696 [3] NCCL INFO GPU Direct RDMA Disabled for GPU 0 / HCA 1 (distance 5 > 0)
MOC-R4PCC04U05:346653:346696 [3] NCCL INFO GPU Direct RDMA Disabled for GPU 1 / HCA 1 (distance 5 > 0)
MOC-R4PCC04U05:346653:346696 [3] NCCL INFO GPU Direct RDMA Disabled for GPU 2 / HCA 1 (distance 5 > 0)
MOC-R4PCC04U05:346653:346696 [3] NCCL INFO GPU Direct RDMA Disabled for GPU 0 / HCA 1 (distance 5 > 0)
MOC-R4PCC04U05:346653:346696 [3] NCCL INFO GPU Direct RDMA Disabled for GPU 1 / HCA 1 (distance 5 > 0)
MOC-R4PCC04U05:346653:346696 [3] NCCL INFO GPU Direct RDMA Disabled for GPU 2 / HCA 1 (distance 5 > 0)
MOC-R4PCC04U05:346652:346714 [2] NCCL INFO New proxy recv connection 0 from local rank 2, transport 0
MOC-R4PCC04U05:346652:346716 [2] NCCL INFO Connected to proxy localRank 2 -> connection 0x7f05dc004f30
MOC-R4PCC04U05:346652:346714 [2] NCCL INFO New proxy recv connection 1 from local rank 2, transport 0
MOC-R4PCC04U05:346652:346716 [2] NCCL INFO Connected to proxy localRank 2 -> connection 0x7f05dc004fa8
MOC-R4PCC04U05:346653:346711 [3] NCCL INFO New proxy recv connection 0 from local rank 3, transport 0
MOC-R4PCC04U05:346653:346717 [3] NCCL INFO Connected to proxy localRank 3 -> connection 0x7fbf74004f30
MOC-R4PCC04U05:346650:346708 [0] NCCL INFO New proxy send connection 0 from local rank 0, transport 0
MOC-R4PCC04U05:346650:346718 [0] NCCL INFO Connected to proxy localRank 0 -> connection 0x7f4ab4004f30
MOC-R4PCC04U05:346650:346708 [0] NCCL INFO New proxy send connection 1 from local rank 0, transport 0
MOC-R4PCC04U05:346650:346718 [0] NCCL INFO Connected to proxy localRank 0 -> connection 0x7f4ab4004fa8
MOC-R4PCC04U05:346651:346709 [1] NCCL INFO New proxy recv connection 0 from local rank 1, transport 0
MOC-R4PCC04U05:346651:346719 [1] NCCL INFO Connected to proxy localRank 1 -> connection 0x7f1d78004f30
MOC-R4PCC04U05:346653:346711 [3] NCCL INFO New proxy recv connection 1 from local rank 3, transport 0
MOC-R4PCC04U05:346653:346717 [3] NCCL INFO Connected to proxy localRank 3 -> connection 0x7fbf74004fa8
MOC-R4PCC04U05:346651:346709 [1] NCCL INFO New proxy recv connection 1 from local rank 1, transport 0
MOC-R4PCC04U05:346651:346719 [1] NCCL INFO Connected to proxy localRank 1 -> connection 0x7f1d78004fa8
MOC-R4PCC04U05:346652:346716 [2] NCCL INFO GPU Direct RDMA Disabled for GPU 2 / HCA 1 (distance 7 > 0)
MOC-R4PCC04U05:346650:346708 [0] NCCL INFO New proxy send connection 2 from local rank 0, transport 0
MOC-R4PCC04U05:346650:346718 [0] NCCL INFO Connected to proxy localRank 0 -> connection 0x7f4ab4005020
MOC-R4PCC04U05:346653:346717 [3] NCCL INFO GPU Direct RDMA Disabled for GPU 3 / HCA 1 (distance 7 > 0)
MOC-R4PCC04U05:346650:346708 [0] NCCL INFO New proxy send connection 3 from local rank 0, transport 0
MOC-R4PCC04U05:346650:346718 [0] NCCL INFO Connected to proxy localRank 0 -> connection 0x7f4ab4005098
MOC-R4PCC04U05:346652:346714 [2] NCCL INFO New proxy recv connection 2 from local rank 2, transport 2
MOC-R4PCC04U05:346652:346716 [2] NCCL INFO Connected to proxy localRank 2 -> connection 0x7f05dc005020
MOC-R4PCC04U05:346652:346716 [2] NCCL INFO Channel 00/0 : 7[3] -> 2[2] [receive] via NET/IB/1
MOC-R4PCC04U05:346652:346716 [2] NCCL INFO GPU Direct RDMA Disabled for GPU 2 / HCA 1 (distance 7 > 0)
MOC-R4PCC04U05:346652:346714 [2] NCCL INFO New proxy recv connection 3 from local rank 2, transport 2
MOC-R4PCC04U05:346652:346716 [2] NCCL INFO Connected to proxy localRank 2 -> connection 0x7f05dc005098
MOC-R4PCC04U05:346652:346716 [2] NCCL INFO Channel 02/0 : 7[3] -> 2[2] [receive] via NET/IB/1
MOC-R4PCC04U05:346652:346716 [2] NCCL INFO GPU Direct RDMA Disabled for GPU 2 / HCA 1 (distance 7 > 0)
MOC-R4PCC04U05:346652:346714 [2] NCCL INFO New proxy send connection 4 from local rank 2, transport 2
MOC-R4PCC04U05:346652:346716 [2] NCCL INFO Connected to proxy localRank 2 -> connection 0x7f05dc005110
MOC-R4PCC04U05:346652:346716 [2] NCCL INFO Channel 01/0 : 2[2] -> 7[3] [send] via NET/IB/1
MOC-R4PCC04U05:346652:346716 [2] NCCL INFO GPU Direct RDMA Disabled for GPU 2 / HCA 1 (distance 7 > 0)
MOC-R4PCC04U05:346652:346714 [2] NCCL INFO New proxy send connection 5 from local rank 2, transport 2
MOC-R4PCC04U05:346652:346716 [2] NCCL INFO Connected to proxy localRank 2 -> connection 0x7f05dc005188
MOC-R4PCC04U05:346652:346716 [2] NCCL INFO Channel 03/0 : 2[2] -> 7[3] [send] via NET/IB/1
MOC-R4PCC04U05:346652:346714 [2] NCCL INFO New proxy send connection 6 from local rank 2, transport 0
MOC-R4PCC04U05:346652:346716 [2] NCCL INFO Connected to proxy localRank 2 -> connection 0x7f05dc005200
MOC-R4PCC04U05:346653:346711 [3] NCCL INFO New proxy send connection 2 from local rank 3, transport 2
MOC-R4PCC04U05:346653:346717 [3] NCCL INFO Connected to proxy localRank 3 -> connection 0x7fbf74005020
MOC-R4PCC04U05:346653:346717 [3] NCCL INFO Channel 00/0 : 3[3] -> 6[2] [send] via NET/IB/1
MOC-R4PCC04U05:346653:346717 [3] NCCL INFO GPU Direct RDMA Disabled for GPU 3 / HCA 1 (distance 7 > 0)
MOC-R4PCC04U05:346653:346711 [3] NCCL INFO New proxy send connection 3 from local rank 3, transport 2
MOC-R4PCC04U05:346653:346717 [3] NCCL INFO Connected to proxy localRank 3 -> connection 0x7fbf74005098
MOC-R4PCC04U05:346653:346717 [3] NCCL INFO Channel 02/0 : 3[3] -> 6[2] [send] via NET/IB/1
MOC-R4PCC04U05:346650:346708 [0] NCCL INFO New proxy recv connection 4 from local rank 0, transport 0
MOC-R4PCC04U05:346650:346718 [0] NCCL INFO Connected to proxy localRank 0 -> connection 0x7f4ab4005110
MOC-R4PCC04U05:346653:346717 [3] NCCL INFO GPU Direct RDMA Disabled for GPU 3 / HCA 1 (distance 7 > 0)
MOC-R4PCC04U05:346653:346711 [3] NCCL INFO New proxy recv connection 4 from local rank 3, transport 2
MOC-R4PCC04U05:346653:346717 [3] NCCL INFO Connected to proxy localRank 3 -> connection 0x7fbf74005110
MOC-R4PCC04U05:346653:346717 [3] NCCL INFO Channel 01/0 : 6[2] -> 3[3] [receive] via NET/IB/1
MOC-R4PCC04U05:346653:346717 [3] NCCL INFO GPU Direct RDMA Disabled for GPU 3 / HCA 1 (distance 7 > 0)
MOC-R4PCC04U05:346653:346711 [3] NCCL INFO New proxy recv connection 5 from local rank 3, transport 2
MOC-R4PCC04U05:346653:346717 [3] NCCL INFO Connected to proxy localRank 3 -> connection 0x7fbf74005188
MOC-R4PCC04U05:346653:346717 [3] NCCL INFO Channel 03/0 : 6[2] -> 3[3] [receive] via NET/IB/1
MOC-R4PCC04U05:346653:346711 [3] NCCL INFO New proxy send connection 6 from local rank 3, transport 0
MOC-R4PCC04U05:346653:346717 [3] NCCL INFO Connected to proxy localRank 3 -> connection 0x7fbf74005200
MOC-R4PCC04U05:346652:346714 [2] NCCL INFO New proxy send connection 7 from local rank 2, transport 0
MOC-R4PCC04U05:346652:346716 [2] NCCL INFO Connected to proxy localRank 2 -> connection 0x7f05dc005278
MOC-R4PCC04U05:346650:346708 [0] NCCL INFO New proxy recv connection 5 from local rank 0, transport 0
MOC-R4PCC04U05:346650:346718 [0] NCCL INFO Connected to proxy localRank 0 -> connection 0x7f4ab4005188
MOC-R4PCC04U05:346653:346711 [3] NCCL INFO New proxy send connection 7 from local rank 3, transport 0
MOC-R4PCC04U05:346653:346717 [3] NCCL INFO Connected to proxy localRank 3 -> connection 0x7fbf74005278
MOC-R4PCC04U05:346650:346708 [0] NCCL INFO New proxy recv connection 6 from local rank 0, transport 0
MOC-R4PCC04U05:346650:346718 [0] NCCL INFO Connected to proxy localRank 0 -> connection 0x7f4ab4005200
MOC-R4PCC04U05:346651:346709 [1] NCCL INFO New proxy recv connection 2 from local rank 1, transport 0
MOC-R4PCC04U05:346651:346719 [1] NCCL INFO Connected to proxy localRank 1 -> connection 0x7f1d78005020
MOC-R4PCC04U05:346651:346709 [1] NCCL INFO New proxy recv connection 3 from local rank 1, transport 0
MOC-R4PCC04U05:346651:346719 [1] NCCL INFO Connected to proxy localRank 1 -> connection 0x7f1d78005098
MOC-R4PCC04U05:346650:346708 [0] NCCL INFO New proxy recv connection 7 from local rank 0, transport 0
MOC-R4PCC04U05:346650:346718 [0] NCCL INFO Connected to proxy localRank 0 -> connection 0x7f4ab4005278
MOC-R4PCC04U05:346650:346708 [0] NCCL INFO New proxy send connection 8 from local rank 3, transport 0
MOC-R4PCC04U05:346653:346717 [3] NCCL INFO Connected to proxy localRank 0 -> connection 0x7f4ab40052f0
MOC-R4PCC04U05:346651:346709 [1] NCCL INFO New proxy send connection 4 from local rank 1, transport 0
MOC-R4PCC04U05:346651:346719 [1] NCCL INFO Connected to proxy localRank 1 -> connection 0x7f1d78005110
MOC-R4PCC04U05:346651:346709 [1] NCCL INFO New proxy send connection 5 from local rank 1, transport 0
MOC-R4PCC04U05:346651:346719 [1] NCCL INFO Connected to proxy localRank 1 -> connection 0x7f1d78005188
MOC-R4PCC04U05:346651:346709 [1] NCCL INFO New proxy send connection 6 from local rank 1, transport 0
MOC-R4PCC04U05:346651:346719 [1] NCCL INFO Connected to proxy localRank 1 -> connection 0x7f1d78005200
MOC-R4PCC04U05:346651:346709 [1] NCCL INFO New proxy send connection 7 from local rank 1, transport 0
MOC-R4PCC04U05:346651:346719 [1] NCCL INFO Connected to proxy localRank 1 -> connection 0x7f1d78005278
MOC-R4PCC04U05:346650:346708 [0] NCCL INFO New proxy send connection 9 from local rank 2, transport 0
MOC-R4PCC04U05:346652:346714 [2] NCCL INFO New proxy send connection 8 from local rank 0, transport 0
MOC-R4PCC04U05:346653:346711 [3] NCCL INFO New proxy send connection 8 from local rank 1, transport 0
MOC-R4PCC04U05:346652:346716 [2] NCCL INFO Connected to proxy localRank 0 -> connection 0x7f4ab4005368
MOC-R4PCC04U05:346650:346718 [0] NCCL INFO Connected to proxy localRank 2 -> connection 0x7f05dc0052f0
MOC-R4PCC04U05:346651:346719 [1] NCCL INFO Connected to proxy localRank 3 -> connection 0x7fbf740052f0
MOC-R4PCC04U05:346651:346709 [1] NCCL INFO New proxy send connection 8 from local rank 3, transport 0
MOC-R4PCC04U05:346653:346717 [3] NCCL INFO Connected to proxy localRank 1 -> connection 0x7f1d780052f0
MOC-R4PCC04U05:346653:346711 [3] NCCL INFO NET/IB: NCCL Dev 1 IbDev 0 Port 1 qpn 3728 mtu 3 query_ece={supported=1, vendor_id=0x15b3, options=0x30000002, comp_mask=0x0} GID 3 (0/C132A8C0FFFF0000) fifoRkey=0x17601f fifoLkey=0x17601f
MOC-R4PCC04U05:346653:346711 [3] NCCL INFO NET/IB: NCCL Dev 1 IbDev 0 Port 1 qpn 3729 mtu 3 query_ece={supported=1, vendor_id=0x15b3, options=0x30000002, comp_mask=0x0} GID 3 (0/C132A8C0FFFF0000) fifoRkey=0x17bf7e fifoLkey=0x17bf7e
MOC-R4PCC04U05:346653:346711 [3] NCCL INFO NET/IB: IbDev 0 Port 1 qpn 3968 set_ece={supported=1, vendor_id=0x15b3, options=0x0, comp_mask=0x0}
MOC-R4PCC04U05:346653:346711 [3] NCCL INFO NET/IB: IbDev 0 Port 1 qpn 3970 set_ece={supported=1, vendor_id=0x15b3, options=0x0, comp_mask=0x0}
MOC-R4PCC04U05:346651:346709 [1] NCCL INFO New proxy send connection 9 from local rank 2, transport 0
MOC-R4PCC04U05:346652:346716 [2] NCCL INFO Connected to proxy localRank 1 -> connection 0x7f1d78005368
MOC-R4PCC04U05:346652:346714 [2] NCCL INFO NET/IB: NCCL Dev 1 IbDev 0 Port 1 qpn 3734 mtu 3 query_ece={supported=1, vendor_id=0x15b3, options=0x30000002, comp_mask=0x0} GID 3 (0/C132A8C0FFFF0000) fifoRkey=0x175412 fifoLkey=0x175412
MOC-R4PCC04U05:346652:346714 [2] NCCL INFO NET/IB: NCCL Dev 1 IbDev 0 Port 1 qpn 3736 mtu 3 query_ece={supported=1, vendor_id=0x15b3, options=0x30000002, comp_mask=0x0} GID 3 (0/C132A8C0FFFF0000) fifoRkey=0x1716d5 fifoLkey=0x1716d5
MOC-R4PCC04U05:346650:346708 [0] NCCL INFO New proxy send connection 10 from local rank 1, transport 0
MOC-R4PCC04U05:346651:346719 [1] NCCL INFO Connected to proxy localRank 0 -> connection 0x7f4ab40053e0
MOC-R4PCC04U05:346653:346711 [3] NCCL INFO New proxy send connection 9 from local rank 0, transport 0
MOC-R4PCC04U05:346650:346718 [0] NCCL INFO Connected to proxy localRank 3 -> connection 0x7fbf74005368
MOC-R4PCC04U05:346652:346714 [2] NCCL INFO New proxy send connection 9 from local rank 1, transport 0
MOC-R4PCC04U05:346651:346719 [1] NCCL INFO Connected to proxy localRank 2 -> connection 0x7f05dc005368
MOC-R4PCC04U05:346651:346709 [1] NCCL INFO New proxy send connection 10 from local rank 0, transport 0
MOC-R4PCC04U05:346650:346718 [0] NCCL INFO Connected to proxy localRank 1 -> connection 0x7f1d780053e0
MOC-R4PCC04U05:346652:346714 [2] NCCL INFO NET/IB: IbDev 0 Port 1 qpn 3976 set_ece={supported=1, vendor_id=0x15b3, options=0x0, comp_mask=0x0}
MOC-R4PCC04U05:346652:346714 [2] NCCL INFO NET/IB: IbDev 0 Port 1 qpn 3978 set_ece={supported=1, vendor_id=0x15b3, options=0x0, comp_mask=0x0}
num decayed parameter tensors: 50, with 124,318,464 parameters
num non-decayed parameter tensors: 98, with 121,344 parameters
using fused AdamW: False
using regular AdamW
MOC-R4PCC04U05:346652:346714 [2] NCCL INFO New proxy recv connection 10 from local rank 2, transport 0
MOC-R4PCC04U05:346652:347410 [2] NCCL INFO Connected to proxy localRank 2 -> connection 0x7f05dc0053e0
MOC-R4PCC04U05:346652:346714 [2] NCCL INFO New proxy recv connection 11 from local rank 2, transport 0
MOC-R4PCC04U05:346652:347410 [2] NCCL INFO Connected to proxy localRank 2 -> connection 0x7f05dc005458
MOC-R4PCC04U05:346652:346714 [2] NCCL INFO New proxy recv connection 12 from local rank 2, transport 0
MOC-R4PCC04U05:346652:347410 [2] NCCL INFO Connected to proxy localRank 2 -> connection 0x7f05dc0054d0
MOC-R4PCC04U05:346652:346714 [2] NCCL INFO New proxy recv connection 13 from local rank 2, transport 0
MOC-R4PCC04U05:346652:347410 [2] NCCL INFO Connected to proxy localRank 2 -> connection 0x7f05dc005548
MOC-R4PCC04U05:346650:346708 [0] NCCL INFO New proxy send connection 11 from local rank 0, transport 0
MOC-R4PCC04U05:346650:347411 [0] NCCL INFO Connected to proxy localRank 0 -> connection 0x7f4ab4005458
MOC-R4PCC04U05:346650:346708 [0] NCCL INFO New proxy send connection 12 from local rank 0, transport 0
MOC-R4PCC04U05:346650:347411 [0] NCCL INFO Connected to proxy localRank 0 -> connection 0x7f4ab40054d0
MOC-R4PCC04U05:346650:346708 [0] NCCL INFO New proxy send connection 13 from local rank 0, transport 0
MOC-R4PCC04U05:346650:347411 [0] NCCL INFO Connected to proxy localRank 0 -> connection 0x7f4ab4005548
MOC-R4PCC04U05:346650:346708 [0] NCCL INFO New proxy send connection 14 from local rank 0, transport 0
MOC-R4PCC04U05:346650:347411 [0] NCCL INFO Connected to proxy localRank 0 -> connection 0x7f4ab40055c0
MOC-R4PCC04U05:346653:346711 [3] NCCL INFO New proxy recv connection 10 from local rank 3, transport 0
MOC-R4PCC04U05:346653:347412 [3] NCCL INFO Connected to proxy localRank 3 -> connection 0x7fbf740053e0
MOC-R4PCC04U05:346653:346711 [3] NCCL INFO New proxy recv connection 11 from local rank 3, transport 0
MOC-R4PCC04U05:346653:347412 [3] NCCL INFO Connected to proxy localRank 3 -> connection 0x7fbf74005458
MOC-R4PCC04U05:346651:346709 [1] NCCL INFO New proxy recv connection 11 from local rank 1, transport 0
MOC-R4PCC04U05:346651:347413 [1] NCCL INFO Connected to proxy localRank 1 -> connection 0x7f1d78005458
MOC-R4PCC04U05:346651:346709 [1] NCCL INFO New proxy recv connection 12 from local rank 1, transport 0
MOC-R4PCC04U05:346651:347413 [1] NCCL INFO Connected to proxy localRank 1 -> connection 0x7f1d780054d0
MOC-R4PCC04U05:346651:346709 [1] NCCL INFO New proxy recv connection 13 from local rank 1, transport 0
MOC-R4PCC04U05:346651:347413 [1] NCCL INFO Connected to proxy localRank 1 -> connection 0x7f1d78005548
MOC-R4PCC04U05:346651:346709 [1] NCCL INFO New proxy recv connection 14 from local rank 1, transport 0
MOC-R4PCC04U05:346651:347413 [1] NCCL INFO Connected to proxy localRank 1 -> connection 0x7f1d780055c0
MOC-R4PCC04U05:346651:346709 [1] NCCL INFO New proxy send connection 15 from local rank 1, transport 0
MOC-R4PCC04U05:346651:347413 [1] NCCL INFO Connected to proxy localRank 1 -> connection 0x7f1d78005638
MOC-R4PCC04U05:346651:346709 [1] NCCL INFO New proxy send connection 16 from local rank 1, transport 0
MOC-R4PCC04U05:346651:347413 [1] NCCL INFO Connected to proxy localRank 1 -> connection 0x7f1d780056b0
MOC-R4PCC04U05:346651:346709 [1] NCCL INFO New proxy send connection 17 from local rank 1, transport 0
MOC-R4PCC04U05:346651:347413 [1] NCCL INFO Connected to proxy localRank 1 -> connection 0x7f1d78005728
MOC-R4PCC04U05:346651:346709 [1] NCCL INFO New proxy send connection 18 from local rank 1, transport 0
MOC-R4PCC04U05:346651:347413 [1] NCCL INFO Connected to proxy localRank 1 -> connection 0x7f1d780057a0
MOC-R4PCC04U05:346650:346708 [0] NCCL INFO New proxy send connection 15 from local rank 0, transport 0
MOC-R4PCC04U05:346650:347411 [0] NCCL INFO Connected to proxy localRank 0 -> connection 0x7f4ab4005638
MOC-R4PCC04U05:346651:346709 [1] NCCL INFO New proxy recv connection 19 from local rank 1, transport 0
MOC-R4PCC04U05:346651:347413 [1] NCCL INFO Connected to proxy localRank 1 -> connection 0x7f1d78005818
MOC-R4PCC04U05:346652:346714 [2] NCCL INFO New proxy send connection 14 from local rank 2, transport 0
MOC-R4PCC04U05:346652:347410 [2] NCCL INFO Connected to proxy localRank 2 -> connection 0x7f05dc0055c0
MOC-R4PCC04U05:346651:346709 [1] NCCL INFO New proxy recv connection 20 from local rank 1, transport 0
MOC-R4PCC04U05:346651:347413 [1] NCCL INFO Connected to proxy localRank 1 -> connection 0x7f1d78005890
MOC-R4PCC04U05:346650:346708 [0] NCCL INFO New proxy send connection 16 from local rank 0, transport 0
MOC-R4PCC04U05:346650:347411 [0] NCCL INFO Connected to proxy localRank 0 -> connection 0x7f4ab40056b0
MOC-R4PCC04U05:346652:346714 [2] NCCL INFO New proxy send connection 15 from local rank 2, transport 0
MOC-R4PCC04U05:346652:347410 [2] NCCL INFO Connected to proxy localRank 2 -> connection 0x7f05dc005638
MOC-R4PCC04U05:346653:347412 [3] NCCL INFO GPU Direct RDMA Disabled for GPU 3 / HCA 1 (distance 7 > 0)
MOC-R4PCC04U05:346650:346708 [0] NCCL INFO New proxy recv connection 17 from local rank 0, transport 0
MOC-R4PCC04U05:346650:347411 [0] NCCL INFO Connected to proxy localRank 0 -> connection 0x7f4ab4005728
MOC-R4PCC04U05:346653:346711 [3] NCCL INFO New proxy recv connection 12 from local rank 3, transport 2
MOC-R4PCC04U05:346653:347412 [3] NCCL INFO Connected to proxy localRank 3 -> connection 0x7fbf740054d0
MOC-R4PCC04U05:346653:347412 [3] NCCL INFO Channel 00/0 : 7[3] -> 3[3] [receive] via NET/IB/1
MOC-R4PCC04U05:346653:347412 [3] NCCL INFO GPU Direct RDMA Disabled for GPU 3 / HCA 1 (distance 7 > 0)
MOC-R4PCC04U05:346650:346708 [0] NCCL INFO New proxy recv connection 18 from local rank 0, transport 0
MOC-R4PCC04U05:346653:346711 [3] NCCL INFO New proxy recv connection 13 from local rank 3, transport 2
MOC-R4PCC04U05:346650:347411 [0] NCCL INFO Connected to proxy localRank 0 -> connection 0x7f4ab40057a0
MOC-R4PCC04U05:346653:347412 [3] NCCL INFO Connected to proxy localRank 3 -> connection 0x7fbf74005548
MOC-R4PCC04U05:346653:347412 [3] NCCL INFO Channel 01/0 : 7[3] -> 3[3] [receive] via NET/IB/1
MOC-R4PCC04U05:346653:347412 [3] NCCL INFO GPU Direct RDMA Disabled for GPU 3 / HCA 1 (distance 7 > 0)
MOC-R4PCC04U05:346653:346711 [3] NCCL INFO New proxy recv connection 14 from local rank 3, transport 2
MOC-R4PCC04U05:346653:347412 [3] NCCL INFO Connected to proxy localRank 3 -> connection 0x7fbf740055c0
MOC-R4PCC04U05:346653:347412 [3] NCCL INFO Channel 02/0 : 7[3] -> 3[3] [receive] via NET/IB/1
MOC-R4PCC04U05:346653:347412 [3] NCCL INFO GPU Direct RDMA Disabled for GPU 3 / HCA 1 (distance 7 > 0)
MOC-R4PCC04U05:346653:346711 [3] NCCL INFO New proxy recv connection 15 from local rank 3, transport 2
MOC-R4PCC04U05:346653:347412 [3] NCCL INFO Connected to proxy localRank 3 -> connection 0x7fbf74005638
MOC-R4PCC04U05:346653:347412 [3] NCCL INFO Channel 03/0 : 7[3] -> 3[3] [receive] via NET/IB/1
MOC-R4PCC04U05:346653:347412 [3] NCCL INFO GPU Direct RDMA Disabled for GPU 3 / HCA 1 (distance 7 > 0)
MOC-R4PCC04U05:346653:346711 [3] NCCL INFO New proxy send connection 16 from local rank 3, transport 2
MOC-R4PCC04U05:346653:347412 [3] NCCL INFO Connected to proxy localRank 3 -> connection 0x7fbf740056b0
MOC-R4PCC04U05:346653:347412 [3] NCCL INFO Channel 00/0 : 3[3] -> 7[3] [send] via NET/IB/1
MOC-R4PCC04U05:346653:347412 [3] NCCL INFO GPU Direct RDMA Disabled for GPU 3 / HCA 1 (distance 7 > 0)
MOC-R4PCC04U05:346653:346711 [3] NCCL INFO New proxy send connection 17 from local rank 3, transport 2
MOC-R4PCC04U05:346653:347412 [3] NCCL INFO Connected to proxy localRank 3 -> connection 0x7fbf74005728
MOC-R4PCC04U05:346653:347412 [3] NCCL INFO Channel 01/0 : 3[3] -> 7[3] [send] via NET/IB/1
MOC-R4PCC04U05:346653:347412 [3] NCCL INFO GPU Direct RDMA Disabled for GPU 3 / HCA 1 (distance 7 > 0)
MOC-R4PCC04U05:346653:346711 [3] NCCL INFO New proxy send connection 18 from local rank 3, transport 2
MOC-R4PCC04U05:346653:347412 [3] NCCL INFO Connected to proxy localRank 3 -> connection 0x7fbf740057a0
MOC-R4PCC04U05:346653:347412 [3] NCCL INFO Channel 02/0 : 3[3] -> 7[3] [send] via NET/IB/1
MOC-R4PCC04U05:346653:347412 [3] NCCL INFO GPU Direct RDMA Disabled for GPU 3 / HCA 1 (distance 7 > 0)
MOC-R4PCC04U05:346653:346711 [3] NCCL INFO New proxy send connection 19 from local rank 3, transport 2
MOC-R4PCC04U05:346653:347412 [3] NCCL INFO Connected to proxy localRank 3 -> connection 0x7fbf74005818
MOC-R4PCC04U05:346653:347412 [3] NCCL INFO Channel 03/0 : 3[3] -> 7[3] [send] via NET/IB/1
MOC-R4PCC04U05:346650:346708 [0] NCCL INFO New proxy recv connection 19 from local rank 0, transport 0
MOC-R4PCC04U05:346650:347411 [0] NCCL INFO Connected to proxy localRank 0 -> connection 0x7f4ab4005818
MOC-R4PCC04U05:346653:346711 [3] NCCL INFO New proxy send connection 20 from local rank 3, transport 0
MOC-R4PCC04U05:346653:347412 [3] NCCL INFO Connected to proxy localRank 3 -> connection 0x7fbf74005890
MOC-R4PCC04U05:346650:346708 [0] NCCL INFO New proxy recv connection 20 from local rank 0, transport 0
MOC-R4PCC04U05:346650:347411 [0] NCCL INFO Connected to proxy localRank 0 -> connection 0x7f4ab4005890
MOC-R4PCC04U05:346653:346711 [3] NCCL INFO New proxy send connection 21 from local rank 3, transport 0
MOC-R4PCC04U05:346653:347412 [3] NCCL INFO Connected to proxy localRank 3 -> connection 0x7fbf74005908
MOC-R4PCC04U05:346653:346711 [3] NCCL INFO New proxy send connection 22 from local rank 3, transport 0
MOC-R4PCC04U05:346653:347412 [3] NCCL INFO Connected to proxy localRank 3 -> connection 0x7fbf74005980
MOC-R4PCC04U05:346653:346711 [3] NCCL INFO New proxy send connection 23 from local rank 3, transport 0
MOC-R4PCC04U05:346653:347412 [3] NCCL INFO Connected to proxy localRank 3 -> connection 0x7fbf740059f8
MOC-R4PCC04U05:346653:346711 [3] NCCL INFO NET/IB: NCCL Dev 1 IbDev 0 Port 1 qpn 3740 mtu 3 query_ece={supported=1, vendor_id=0x15b3, options=0x30000002, comp_mask=0x0} GID 3 (0/C132A8C0FFFF0000) fifoRkey=0x170bca fifoLkey=0x170bca
MOC-R4PCC04U05:346653:346711 [3] NCCL INFO NET/IB: IbDev 0 Port 1 qpn 3981 set_ece={supported=1, vendor_id=0x15b3, options=0x0, comp_mask=0x0}
MOC-R4PCC04U05:346653:346711 [3] NCCL INFO NET/IB: NCCL Dev 1 IbDev 0 Port 1 qpn 3743 mtu 3 query_ece={supported=1, vendor_id=0x15b3, options=0x30000002, comp_mask=0x0} GID 3 (0/C132A8C0FFFF0000) fifoRkey=0x177837 fifoLkey=0x177837
MOC-R4PCC04U05:346653:346711 [3] NCCL INFO NET/IB: IbDev 0 Port 1 qpn 3983 set_ece={supported=1, vendor_id=0x15b3, options=0x0, comp_mask=0x0}
MOC-R4PCC04U05:346653:346711 [3] NCCL INFO NET/IB: NCCL Dev 1 IbDev 0 Port 1 qpn 3746 mtu 3 query_ece={supported=1, vendor_id=0x15b3, options=0x30000002, comp_mask=0x0} GID 3 (0/C132A8C0FFFF0000) fifoRkey=0x17fdbc fifoLkey=0x17fdbc
MOC-R4PCC04U05:346653:346711 [3] NCCL INFO NET/IB: NCCL Dev 1 IbDev 0 Port 1 qpn 3749 mtu 3 query_ece={supported=1, vendor_id=0x15b3, options=0x30000002, comp_mask=0x0} GID 3 (0/C132A8C0FFFF0000) fifoRkey=0x17f5b4 fifoLkey=0x17f5b4
MOC-R4PCC04U05:346653:346711 [3] NCCL INFO NET/IB: IbDev 0 Port 1 qpn 3988 set_ece={supported=1, vendor_id=0x15b3, options=0x0, comp_mask=0x0}
MOC-R4PCC04U05:346653:346711 [3] NCCL INFO NET/IB: IbDev 0 Port 1 qpn 3990 set_ece={supported=1, vendor_id=0x15b3, options=0x0, comp_mask=0x0}
step    1/10 | train loss 11.010139 | norm 15.4234 | lr 1.00e-04 | (13728.05 ms | 114573 tok/s)
step    2/10 | train loss 10.136946 | norm 5.7587 | lr 1.00e-04 | (477.83 ms | 3291655 tok/s)
step    3/10 | train loss 9.795477 | norm 2.6123 | lr 1.00e-04 | (504.68 ms | 3116535 tok/s)
step    4/10 | train loss 9.625647 | norm 2.1154 | lr 1.00e-04 | (506.63 ms | 3104556 tok/s)
step    5/10 | train loss 9.542591 | norm 2.1031 | lr 1.00e-04 | (481.15 ms | 3268941 tok/s)
step    6/10 | train loss 9.461351 | norm 1.9978 | lr 1.00e-04 | (498.47 ms | 3155389 tok/s)
step    7/10 | train loss 9.375708 | norm 1.9473 | lr 1.00e-04 | (479.16 ms | 3282567 tok/s)
step    8/10 | train loss 9.283984 | norm 1.9146 | lr 1.00e-04 | (484.86 ms | 3243963 tok/s)
step    9/10 | train loss 9.188591 | norm 1.8601 | lr 1.00e-04 | (478.49 ms | 3287119 tok/s)
step   10/10 | train loss 9.103172 | norm 1.7948 | lr 1.00e-04 | (489.50 ms | 3213228 tok/s)
final 9 iters avg: 488.975ms
peak memory consumption: 16601 MiB
