Running pytorch 2.7.0+cu126
using device: cuda:0
total desired batch size: 1310720
=> calculated gradient accumulation steps: 5
using device: cuda:3using device: cuda:2

using device: cuda:1
compiling the model...
DataLoader: total number of tokens: 1,661,249,667 across 103 files
MOC-R4PCC04U05:398826:398826 [0] NCCL INFO NCCL_SOCKET_IFNAME set to eno7np0
MOC-R4PCC04U05:398826:398826 [0] NCCL INFO NCCL version 2.26.2+cuda12.2
MOC-R4PCC04U05:398827:398827 [1] NCCL INFO NCCL_SOCKET_IFNAME set to eno7np0
MOC-R4PCC04U05:398827:398827 [1] NCCL INFO NCCL version 2.26.2+cuda12.2
MOC-R4PCC04U05:398828:398828 [2] NCCL INFO NCCL_SOCKET_IFNAME set to eno7np0
MOC-R4PCC04U05:398829:398829 [3] NCCL INFO NCCL_SOCKET_IFNAME set to eno7np0
MOC-R4PCC04U05:398828:398828 [2] NCCL INFO NCCL version 2.26.2+cuda12.2
MOC-R4PCC04U05:398829:398829 [3] NCCL INFO NCCL version 2.26.2+cuda12.2
MOC-R4PCC04U05:398826:398867 [0] NCCL INFO NET/Plugin: Could not find: libnccl-net.so. Using internal net plugin.
MOC-R4PCC04U05:398826:398867 [0] NCCL INFO NCCL_IB_HCA set to mlx5_5
MOC-R4PCC04U05:398829:398869 [3] NCCL INFO NET/Plugin: Could not find: libnccl-net.so. Using internal net plugin.
MOC-R4PCC04U05:398828:398870 [2] NCCL INFO NET/Plugin: Could not find: libnccl-net.so. Using internal net plugin.
MOC-R4PCC04U05:398827:398868 [1] NCCL INFO NET/Plugin: Could not find: libnccl-net.so. Using internal net plugin.
MOC-R4PCC04U05:398829:398869 [3] NCCL INFO NCCL_IB_HCA set to mlx5_5
MOC-R4PCC04U05:398828:398870 [2] NCCL INFO NCCL_IB_HCA set to mlx5_5
MOC-R4PCC04U05:398827:398868 [1] NCCL INFO NCCL_IB_HCA set to mlx5_5
MOC-R4PCC04U05:398826:398867 [0] NCCL INFO NET/IB : Made virtual device [0] name=mlx5_5 speed=400000 ndevs=1
MOC-R4PCC04U05:398826:398867 [0] NCCL INFO NET/IB : Using [0]mlx5_5:1/RoCE [RO]; OOB eno7np0:192.168.50.193<0>
MOC-R4PCC04U05:398829:398869 [3] NCCL INFO NET/IB : Made virtual device [0] name=mlx5_5 speed=400000 ndevs=1
MOC-R4PCC04U05:398829:398869 [3] NCCL INFO NET/IB : Using [0]mlx5_5:1/RoCE [RO]; OOB eno7np0:192.168.50.193<0>
MOC-R4PCC04U05:398828:398870 [2] NCCL INFO NET/IB : Made virtual device [0] name=mlx5_5 speed=400000 ndevs=1
MOC-R4PCC04U05:398828:398870 [2] NCCL INFO NET/IB : Using [0]mlx5_5:1/RoCE [RO]; OOB eno7np0:192.168.50.193<0>
MOC-R4PCC04U05:398827:398868 [1] NCCL INFO NET/IB : Made virtual device [0] name=mlx5_5 speed=400000 ndevs=1
MOC-R4PCC04U05:398827:398868 [1] NCCL INFO NET/IB : Using [0]mlx5_5:1/RoCE [RO]; OOB eno7np0:192.168.50.193<0>
MOC-R4PCC04U05:398827:398868 [1] NCCL INFO NET/IB : GPU Direct RDMA Enabled for HCA 0 'mlx5_5'
MOC-R4PCC04U05:398827:398868 [1] NCCL INFO NET/IB : Made virtual device [1] name=mlx5_5 speed=400000 ndevs=1
MOC-R4PCC04U05:398827:398868 [1] NCCL INFO NET/IB : GPU Direct RDMA Enabled for HCA 0 'mlx5_5'
MOC-R4PCC04U05:398827:398868 [1] NCCL INFO NET/IB : GPU Direct RDMA Enabled for HCA 1 'mlx5_5'
MOC-R4PCC04U05:398828:398870 [2] NCCL INFO NET/IB : GPU Direct RDMA Enabled for HCA 0 'mlx5_5'
MOC-R4PCC04U05:398828:398870 [2] NCCL INFO NET/IB : Made virtual device [1] name=mlx5_5 speed=400000 ndevs=1
MOC-R4PCC04U05:398828:398870 [2] NCCL INFO NET/IB : GPU Direct RDMA Enabled for HCA 0 'mlx5_5'
MOC-R4PCC04U05:398828:398870 [2] NCCL INFO NET/IB : GPU Direct RDMA Enabled for HCA 1 'mlx5_5'
MOC-R4PCC04U05:398826:398867 [0] NCCL INFO NET/IB : GPU Direct RDMA Enabled for HCA 0 'mlx5_5'
MOC-R4PCC04U05:398826:398867 [0] NCCL INFO NET/IB : Made virtual device [1] name=mlx5_5 speed=400000 ndevs=1
MOC-R4PCC04U05:398826:398867 [0] NCCL INFO NET/IB : GPU Direct RDMA Enabled for HCA 0 'mlx5_5'
MOC-R4PCC04U05:398826:398867 [0] NCCL INFO NET/IB : GPU Direct RDMA Enabled for HCA 1 'mlx5_5'
MOC-R4PCC04U05:398829:398869 [3] NCCL INFO NET/IB : GPU Direct RDMA Enabled for HCA 0 'mlx5_5'
MOC-R4PCC04U05:398829:398869 [3] NCCL INFO NET/IB : Made virtual device [1] name=mlx5_5 speed=400000 ndevs=1
MOC-R4PCC04U05:398829:398869 [3] NCCL INFO NET/IB : GPU Direct RDMA Enabled for HCA 0 'mlx5_5'
MOC-R4PCC04U05:398829:398869 [3] NCCL INFO NET/IB : GPU Direct RDMA Enabled for HCA 1 'mlx5_5'
MOC-R4PCC04U05:398826:398867 [0] NCCL INFO NCCL_NET_GDR_LEVEL set by environment to LOC
MOC-R4PCC04U05:398826:398867 [0] NCCL INFO GPU Direct RDMA Disabled for GPU 0 / HCA 1 (distance 5 > 0)
MOC-R4PCC04U05:398826:398867 [0] NCCL INFO GPU Direct RDMA Disabled for GPU 1 / HCA 1 (distance 5 > 0)
MOC-R4PCC04U05:398826:398867 [0] NCCL INFO GPU Direct RDMA Disabled for GPU 2 / HCA 1 (distance 5 > 0)
MOC-R4PCC04U05:398826:398867 [0] NCCL INFO GPU Direct RDMA Disabled for GPU 0 / HCA 1 (distance 5 > 0)
MOC-R4PCC04U05:398826:398867 [0] NCCL INFO GPU Direct RDMA Disabled for GPU 1 / HCA 1 (distance 5 > 0)
MOC-R4PCC04U05:398826:398867 [0] NCCL INFO GPU Direct RDMA Disabled for GPU 2 / HCA 1 (distance 5 > 0)
MOC-R4PCC04U05:398827:398868 [1] NCCL INFO NCCL_NET_GDR_LEVEL set by environment to LOC
MOC-R4PCC04U05:398827:398868 [1] NCCL INFO GPU Direct RDMA Disabled for GPU 0 / HCA 1 (distance 5 > 0)
MOC-R4PCC04U05:398827:398868 [1] NCCL INFO GPU Direct RDMA Disabled for GPU 1 / HCA 1 (distance 5 > 0)
MOC-R4PCC04U05:398827:398868 [1] NCCL INFO GPU Direct RDMA Disabled for GPU 2 / HCA 1 (distance 5 > 0)
MOC-R4PCC04U05:398827:398868 [1] NCCL INFO GPU Direct RDMA Disabled for GPU 0 / HCA 1 (distance 5 > 0)
MOC-R4PCC04U05:398827:398868 [1] NCCL INFO GPU Direct RDMA Disabled for GPU 1 / HCA 1 (distance 5 > 0)
MOC-R4PCC04U05:398827:398868 [1] NCCL INFO GPU Direct RDMA Disabled for GPU 2 / HCA 1 (distance 5 > 0)
MOC-R4PCC04U05:398828:398870 [2] NCCL INFO NCCL_NET_GDR_LEVEL set by environment to LOC
MOC-R4PCC04U05:398828:398870 [2] NCCL INFO GPU Direct RDMA Disabled for GPU 0 / HCA 1 (distance 5 > 0)
MOC-R4PCC04U05:398828:398870 [2] NCCL INFO GPU Direct RDMA Disabled for GPU 1 / HCA 1 (distance 5 > 0)
MOC-R4PCC04U05:398828:398870 [2] NCCL INFO GPU Direct RDMA Disabled for GPU 2 / HCA 1 (distance 5 > 0)
MOC-R4PCC04U05:398828:398870 [2] NCCL INFO GPU Direct RDMA Disabled for GPU 0 / HCA 1 (distance 5 > 0)
MOC-R4PCC04U05:398828:398870 [2] NCCL INFO GPU Direct RDMA Disabled for GPU 1 / HCA 1 (distance 5 > 0)
MOC-R4PCC04U05:398828:398870 [2] NCCL INFO GPU Direct RDMA Disabled for GPU 2 / HCA 1 (distance 5 > 0)
MOC-R4PCC04U05:398829:398869 [3] NCCL INFO NCCL_NET_GDR_LEVEL set by environment to LOC
MOC-R4PCC04U05:398829:398869 [3] NCCL INFO GPU Direct RDMA Disabled for GPU 0 / HCA 1 (distance 5 > 0)
MOC-R4PCC04U05:398829:398869 [3] NCCL INFO GPU Direct RDMA Disabled for GPU 1 / HCA 1 (distance 5 > 0)
MOC-R4PCC04U05:398829:398869 [3] NCCL INFO GPU Direct RDMA Disabled for GPU 2 / HCA 1 (distance 5 > 0)
MOC-R4PCC04U05:398829:398869 [3] NCCL INFO GPU Direct RDMA Disabled for GPU 0 / HCA 1 (distance 5 > 0)
MOC-R4PCC04U05:398829:398869 [3] NCCL INFO GPU Direct RDMA Disabled for GPU 1 / HCA 1 (distance 5 > 0)
MOC-R4PCC04U05:398829:398869 [3] NCCL INFO GPU Direct RDMA Disabled for GPU 2 / HCA 1 (distance 5 > 0)
MOC-R4PCC04U05:398826:398885 [0] NCCL INFO New proxy send connection 0 from local rank 0, transport 0
MOC-R4PCC04U05:398826:398891 [0] NCCL INFO Connected to proxy localRank 0 -> connection 0x7f0948004f30
MOC-R4PCC04U05:398826:398885 [0] NCCL INFO New proxy send connection 1 from local rank 0, transport 0
MOC-R4PCC04U05:398826:398891 [0] NCCL INFO Connected to proxy localRank 0 -> connection 0x7f0948004fa8
MOC-R4PCC04U05:398827:398889 [1] NCCL INFO New proxy recv connection 0 from local rank 1, transport 0
MOC-R4PCC04U05:398827:398892 [1] NCCL INFO Connected to proxy localRank 1 -> connection 0x7f4984004f30
MOC-R4PCC04U05:398827:398889 [1] NCCL INFO New proxy recv connection 1 from local rank 1, transport 0
MOC-R4PCC04U05:398827:398892 [1] NCCL INFO Connected to proxy localRank 1 -> connection 0x7f4984004fa8
MOC-R4PCC04U05:398828:398883 [2] NCCL INFO New proxy recv connection 0 from local rank 2, transport 0
MOC-R4PCC04U05:398828:398893 [2] NCCL INFO Connected to proxy localRank 2 -> connection 0x7efb38004f30
MOC-R4PCC04U05:398829:398884 [3] NCCL INFO New proxy recv connection 0 from local rank 3, transport 0
MOC-R4PCC04U05:398829:398894 [3] NCCL INFO Connected to proxy localRank 3 -> connection 0x7f9a18004f30
MOC-R4PCC04U05:398829:398884 [3] NCCL INFO New proxy recv connection 1 from local rank 3, transport 0
MOC-R4PCC04U05:398829:398894 [3] NCCL INFO Connected to proxy localRank 3 -> connection 0x7f9a18004fa8
MOC-R4PCC04U05:398828:398883 [2] NCCL INFO New proxy recv connection 1 from local rank 2, transport 0
MOC-R4PCC04U05:398828:398893 [2] NCCL INFO Connected to proxy localRank 2 -> connection 0x7efb38004fa8
MOC-R4PCC04U05:398829:398894 [3] NCCL INFO GPU Direct RDMA Disabled for GPU 3 / HCA 1 (distance 7 > 0)
MOC-R4PCC04U05:398828:398893 [2] NCCL INFO GPU Direct RDMA Disabled for GPU 2 / HCA 1 (distance 7 > 0)
MOC-R4PCC04U05:398826:398885 [0] NCCL INFO New proxy send connection 2 from local rank 0, transport 0
MOC-R4PCC04U05:398826:398891 [0] NCCL INFO Connected to proxy localRank 0 -> connection 0x7f0948005020
MOC-R4PCC04U05:398826:398885 [0] NCCL INFO New proxy send connection 3 from local rank 0, transport 0
MOC-R4PCC04U05:398826:398891 [0] NCCL INFO Connected to proxy localRank 0 -> connection 0x7f0948005098
MOC-R4PCC04U05:398829:398884 [3] NCCL INFO New proxy send connection 2 from local rank 3, transport 2
MOC-R4PCC04U05:398829:398894 [3] NCCL INFO Connected to proxy localRank 3 -> connection 0x7f9a18005020
MOC-R4PCC04U05:398829:398894 [3] NCCL INFO Channel 00/0 : 3[3] -> 6[2] [send] via NET/IB/1
MOC-R4PCC04U05:398829:398894 [3] NCCL INFO GPU Direct RDMA Disabled for GPU 3 / HCA 1 (distance 7 > 0)
MOC-R4PCC04U05:398828:398883 [2] NCCL INFO New proxy recv connection 2 from local rank 2, transport 2
MOC-R4PCC04U05:398829:398884 [3] NCCL INFO New proxy send connection 3 from local rank 3, transport 2
MOC-R4PCC04U05:398829:398894 [3] NCCL INFO Connected to proxy localRank 3 -> connection 0x7f9a18005098
MOC-R4PCC04U05:398829:398894 [3] NCCL INFO Channel 02/0 : 3[3] -> 6[2] [send] via NET/IB/1
MOC-R4PCC04U05:398828:398893 [2] NCCL INFO Connected to proxy localRank 2 -> connection 0x7efb38005020
MOC-R4PCC04U05:398828:398893 [2] NCCL INFO Channel 00/0 : 7[3] -> 2[2] [receive] via NET/IB/1
MOC-R4PCC04U05:398828:398893 [2] NCCL INFO GPU Direct RDMA Disabled for GPU 2 / HCA 1 (distance 7 > 0)
MOC-R4PCC04U05:398828:398883 [2] NCCL INFO New proxy recv connection 3 from local rank 2, transport 2
MOC-R4PCC04U05:398828:398893 [2] NCCL INFO Connected to proxy localRank 2 -> connection 0x7efb38005098
MOC-R4PCC04U05:398828:398893 [2] NCCL INFO Channel 02/0 : 7[3] -> 2[2] [receive] via NET/IB/1
MOC-R4PCC04U05:398826:398885 [0] NCCL INFO New proxy recv connection 4 from local rank 0, transport 0
MOC-R4PCC04U05:398826:398891 [0] NCCL INFO Connected to proxy localRank 0 -> connection 0x7f0948005110
MOC-R4PCC04U05:398829:398894 [3] NCCL INFO GPU Direct RDMA Disabled for GPU 3 / HCA 1 (distance 7 > 0)
MOC-R4PCC04U05:398828:398893 [2] NCCL INFO GPU Direct RDMA Disabled for GPU 2 / HCA 1 (distance 7 > 0)
MOC-R4PCC04U05:398829:398884 [3] NCCL INFO New proxy recv connection 4 from local rank 3, transport 2
MOC-R4PCC04U05:398829:398894 [3] NCCL INFO Connected to proxy localRank 3 -> connection 0x7f9a18005110
MOC-R4PCC04U05:398828:398883 [2] NCCL INFO New proxy send connection 4 from local rank 2, transport 2
MOC-R4PCC04U05:398828:398893 [2] NCCL INFO Connected to proxy localRank 2 -> connection 0x7efb38005110
MOC-R4PCC04U05:398828:398893 [2] NCCL INFO Channel 01/0 : 2[2] -> 7[3] [send] via NET/IB/1
MOC-R4PCC04U05:398828:398893 [2] NCCL INFO GPU Direct RDMA Disabled for GPU 2 / HCA 1 (distance 7 > 0)
MOC-R4PCC04U05:398829:398894 [3] NCCL INFO Channel 01/0 : 6[2] -> 3[3] [receive] via NET/IB/1
MOC-R4PCC04U05:398829:398894 [3] NCCL INFO GPU Direct RDMA Disabled for GPU 3 / HCA 1 (distance 7 > 0)
MOC-R4PCC04U05:398828:398883 [2] NCCL INFO New proxy send connection 5 from local rank 2, transport 2
MOC-R4PCC04U05:398828:398893 [2] NCCL INFO Connected to proxy localRank 2 -> connection 0x7efb38005188
MOC-R4PCC04U05:398829:398884 [3] NCCL INFO New proxy recv connection 5 from local rank 3, transport 2
MOC-R4PCC04U05:398829:398894 [3] NCCL INFO Connected to proxy localRank 3 -> connection 0x7f9a18005188
MOC-R4PCC04U05:398828:398893 [2] NCCL INFO Channel 03/0 : 2[2] -> 7[3] [send] via NET/IB/1
MOC-R4PCC04U05:398829:398894 [3] NCCL INFO Channel 03/0 : 6[2] -> 3[3] [receive] via NET/IB/1
MOC-R4PCC04U05:398829:398884 [3] NCCL INFO New proxy send connection 6 from local rank 3, transport 0
MOC-R4PCC04U05:398829:398894 [3] NCCL INFO Connected to proxy localRank 3 -> connection 0x7f9a18005200
MOC-R4PCC04U05:398828:398883 [2] NCCL INFO New proxy send connection 6 from local rank 2, transport 0
MOC-R4PCC04U05:398828:398893 [2] NCCL INFO Connected to proxy localRank 2 -> connection 0x7efb38005200
MOC-R4PCC04U05:398829:398884 [3] NCCL INFO New proxy send connection 7 from local rank 3, transport 0
MOC-R4PCC04U05:398829:398894 [3] NCCL INFO Connected to proxy localRank 3 -> connection 0x7f9a18005278
MOC-R4PCC04U05:398826:398885 [0] NCCL INFO New proxy recv connection 5 from local rank 0, transport 0
MOC-R4PCC04U05:398826:398891 [0] NCCL INFO Connected to proxy localRank 0 -> connection 0x7f0948005188
MOC-R4PCC04U05:398828:398883 [2] NCCL INFO New proxy send connection 7 from local rank 2, transport 0
MOC-R4PCC04U05:398828:398893 [2] NCCL INFO Connected to proxy localRank 2 -> connection 0x7efb38005278
MOC-R4PCC04U05:398826:398885 [0] NCCL INFO New proxy recv connection 6 from local rank 0, transport 0
MOC-R4PCC04U05:398826:398891 [0] NCCL INFO Connected to proxy localRank 0 -> connection 0x7f0948005200
MOC-R4PCC04U05:398827:398889 [1] NCCL INFO New proxy recv connection 2 from local rank 1, transport 0
MOC-R4PCC04U05:398827:398892 [1] NCCL INFO Connected to proxy localRank 1 -> connection 0x7f4984005020
MOC-R4PCC04U05:398826:398885 [0] NCCL INFO New proxy recv connection 7 from local rank 0, transport 0
MOC-R4PCC04U05:398827:398889 [1] NCCL INFO New proxy recv connection 3 from local rank 1, transport 0
MOC-R4PCC04U05:398826:398891 [0] NCCL INFO Connected to proxy localRank 0 -> connection 0x7f0948005278
MOC-R4PCC04U05:398827:398892 [1] NCCL INFO Connected to proxy localRank 1 -> connection 0x7f4984005098
MOC-R4PCC04U05:398826:398885 [0] NCCL INFO New proxy send connection 8 from local rank 3, transport 0
MOC-R4PCC04U05:398829:398894 [3] NCCL INFO Connected to proxy localRank 0 -> connection 0x7f09480052f0
MOC-R4PCC04U05:398827:398889 [1] NCCL INFO New proxy send connection 4 from local rank 1, transport 0
MOC-R4PCC04U05:398827:398892 [1] NCCL INFO Connected to proxy localRank 1 -> connection 0x7f4984005110
MOC-R4PCC04U05:398827:398889 [1] NCCL INFO New proxy send connection 5 from local rank 1, transport 0
MOC-R4PCC04U05:398827:398892 [1] NCCL INFO Connected to proxy localRank 1 -> connection 0x7f4984005188
MOC-R4PCC04U05:398827:398889 [1] NCCL INFO New proxy send connection 6 from local rank 1, transport 0
MOC-R4PCC04U05:398827:398892 [1] NCCL INFO Connected to proxy localRank 1 -> connection 0x7f4984005200
MOC-R4PCC04U05:398827:398889 [1] NCCL INFO New proxy send connection 7 from local rank 1, transport 0
MOC-R4PCC04U05:398827:398892 [1] NCCL INFO Connected to proxy localRank 1 -> connection 0x7f4984005278
MOC-R4PCC04U05:398826:398885 [0] NCCL INFO New proxy send connection 9 from local rank 2, transport 0
MOC-R4PCC04U05:398828:398883 [2] NCCL INFO New proxy send connection 8 from local rank 0, transport 0
MOC-R4PCC04U05:398829:398884 [3] NCCL INFO New proxy send connection 8 from local rank 1, transport 0
MOC-R4PCC04U05:398828:398893 [2] NCCL INFO Connected to proxy localRank 0 -> connection 0x7f0948005368
MOC-R4PCC04U05:398826:398891 [0] NCCL INFO Connected to proxy localRank 2 -> connection 0x7efb380052f0
MOC-R4PCC04U05:398827:398892 [1] NCCL INFO Connected to proxy localRank 3 -> connection 0x7f9a180052f0
MOC-R4PCC04U05:398827:398889 [1] NCCL INFO New proxy send connection 8 from local rank 3, transport 0
MOC-R4PCC04U05:398829:398894 [3] NCCL INFO Connected to proxy localRank 1 -> connection 0x7f49840052f0
MOC-R4PCC04U05:398827:398889 [1] NCCL INFO New proxy send connection 9 from local rank 2, transport 0
MOC-R4PCC04U05:398828:398893 [2] NCCL INFO Connected to proxy localRank 1 -> connection 0x7f4984005368
MOC-R4PCC04U05:398829:398884 [3] NCCL INFO New proxy send connection 9 from local rank 0, transport 0
MOC-R4PCC04U05:398826:398891 [0] NCCL INFO Connected to proxy localRank 3 -> connection 0x7f9a18005368
MOC-R4PCC04U05:398826:398885 [0] NCCL INFO New proxy send connection 10 from local rank 1, transport 0
MOC-R4PCC04U05:398827:398892 [1] NCCL INFO Connected to proxy localRank 0 -> connection 0x7f09480053e0
MOC-R4PCC04U05:398828:398883 [2] NCCL INFO NET/IB: NCCL Dev 1 IbDev 0 Port 1 qpn 5778 mtu 3 query_ece={supported=1, vendor_id=0x15b3, options=0x30000002, comp_mask=0x0} GID 3 (0/C132A8C0FFFF0000) fifoRkey=0x17a767 fifoLkey=0x17a767
MOC-R4PCC04U05:398828:398883 [2] NCCL INFO NET/IB: NCCL Dev 1 IbDev 0 Port 1 qpn 5779 mtu 3 query_ece={supported=1, vendor_id=0x15b3, options=0x30000002, comp_mask=0x0} GID 3 (0/C132A8C0FFFF0000) fifoRkey=0x172eed fifoLkey=0x172eed
MOC-R4PCC04U05:398829:398884 [3] NCCL INFO NET/IB: NCCL Dev 1 IbDev 0 Port 1 qpn 5780 mtu 3 query_ece={supported=1, vendor_id=0x15b3, options=0x30000002, comp_mask=0x0} GID 3 (0/C132A8C0FFFF0000) fifoRkey=0x1722e1 fifoLkey=0x1722e1
MOC-R4PCC04U05:398829:398884 [3] NCCL INFO NET/IB: NCCL Dev 1 IbDev 0 Port 1 qpn 5781 mtu 3 query_ece={supported=1, vendor_id=0x15b3, options=0x30000002, comp_mask=0x0} GID 3 (0/C132A8C0FFFF0000) fifoRkey=0x1716d5 fifoLkey=0x1716d5
MOC-R4PCC04U05:398829:398884 [3] NCCL INFO NET/IB: IbDev 0 Port 1 qpn 6016 set_ece={supported=1, vendor_id=0x15b3, options=0x0, comp_mask=0x0}
MOC-R4PCC04U05:398829:398884 [3] NCCL INFO NET/IB: IbDev 0 Port 1 qpn 6020 set_ece={supported=1, vendor_id=0x15b3, options=0x0, comp_mask=0x0}
MOC-R4PCC04U05:398828:398883 [2] NCCL INFO NET/IB: IbDev 0 Port 1 qpn 6017 set_ece={supported=1, vendor_id=0x15b3, options=0x0, comp_mask=0x0}
MOC-R4PCC04U05:398827:398889 [1] NCCL INFO New proxy send connection 10 from local rank 0, transport 0
MOC-R4PCC04U05:398826:398891 [0] NCCL INFO Connected to proxy localRank 1 -> connection 0x7f49840053e0
MOC-R4PCC04U05:398828:398883 [2] NCCL INFO NET/IB: IbDev 0 Port 1 qpn 6021 set_ece={supported=1, vendor_id=0x15b3, options=0x0, comp_mask=0x0}
MOC-R4PCC04U05:398828:398883 [2] NCCL INFO New proxy send connection 9 from local rank 1, transport 0
MOC-R4PCC04U05:398827:398892 [1] NCCL INFO Connected to proxy localRank 2 -> connection 0x7efb38005368
num decayed parameter tensors: 50, with 124,318,464 parameters
num non-decayed parameter tensors: 98, with 121,344 parameters
using fused AdamW: False
using regular AdamW
MOC-R4PCC04U05:398828:398883 [2] NCCL INFO New proxy recv connection 10 from local rank 2, transport 0
MOC-R4PCC04U05:398828:399586 [2] NCCL INFO Connected to proxy localRank 2 -> connection 0x7efb380053e0
MOC-R4PCC04U05:398828:398883 [2] NCCL INFO New proxy recv connection 11 from local rank 2, transport 0
MOC-R4PCC04U05:398828:399586 [2] NCCL INFO Connected to proxy localRank 2 -> connection 0x7efb38005458
MOC-R4PCC04U05:398828:398883 [2] NCCL INFO New proxy recv connection 12 from local rank 2, transport 0
MOC-R4PCC04U05:398828:399586 [2] NCCL INFO Connected to proxy localRank 2 -> connection 0x7efb380054d0
MOC-R4PCC04U05:398828:398883 [2] NCCL INFO New proxy recv connection 13 from local rank 2, transport 0
MOC-R4PCC04U05:398828:399586 [2] NCCL INFO Connected to proxy localRank 2 -> connection 0x7efb38005548
MOC-R4PCC04U05:398826:398885 [0] NCCL INFO New proxy send connection 11 from local rank 0, transport 0
MOC-R4PCC04U05:398826:399587 [0] NCCL INFO Connected to proxy localRank 0 -> connection 0x7f0948005458
MOC-R4PCC04U05:398826:398885 [0] NCCL INFO New proxy send connection 12 from local rank 0, transport 0
MOC-R4PCC04U05:398826:399587 [0] NCCL INFO Connected to proxy localRank 0 -> connection 0x7f09480054d0
MOC-R4PCC04U05:398826:398885 [0] NCCL INFO New proxy send connection 13 from local rank 0, transport 0
MOC-R4PCC04U05:398826:399587 [0] NCCL INFO Connected to proxy localRank 0 -> connection 0x7f0948005548
MOC-R4PCC04U05:398826:398885 [0] NCCL INFO New proxy send connection 14 from local rank 0, transport 0
MOC-R4PCC04U05:398826:399587 [0] NCCL INFO Connected to proxy localRank 0 -> connection 0x7f09480055c0
MOC-R4PCC04U05:398827:398889 [1] NCCL INFO New proxy recv connection 11 from local rank 1, transport 0
MOC-R4PCC04U05:398827:399588 [1] NCCL INFO Connected to proxy localRank 1 -> connection 0x7f4984005458
MOC-R4PCC04U05:398827:398889 [1] NCCL INFO New proxy recv connection 12 from local rank 1, transport 0
MOC-R4PCC04U05:398827:399588 [1] NCCL INFO Connected to proxy localRank 1 -> connection 0x7f49840054d0
MOC-R4PCC04U05:398827:398889 [1] NCCL INFO New proxy recv connection 13 from local rank 1, transport 0
MOC-R4PCC04U05:398827:399588 [1] NCCL INFO Connected to proxy localRank 1 -> connection 0x7f4984005548
MOC-R4PCC04U05:398827:398889 [1] NCCL INFO New proxy recv connection 14 from local rank 1, transport 0
MOC-R4PCC04U05:398827:399588 [1] NCCL INFO Connected to proxy localRank 1 -> connection 0x7f49840055c0
MOC-R4PCC04U05:398827:398889 [1] NCCL INFO New proxy send connection 15 from local rank 1, transport 0
MOC-R4PCC04U05:398827:399588 [1] NCCL INFO Connected to proxy localRank 1 -> connection 0x7f4984005638
MOC-R4PCC04U05:398827:398889 [1] NCCL INFO New proxy send connection 16 from local rank 1, transport 0
MOC-R4PCC04U05:398827:399588 [1] NCCL INFO Connected to proxy localRank 1 -> connection 0x7f49840056b0
MOC-R4PCC04U05:398827:398889 [1] NCCL INFO New proxy send connection 17 from local rank 1, transport 0
MOC-R4PCC04U05:398827:399588 [1] NCCL INFO Connected to proxy localRank 1 -> connection 0x7f4984005728
MOC-R4PCC04U05:398827:398889 [1] NCCL INFO New proxy send connection 18 from local rank 1, transport 0
MOC-R4PCC04U05:398827:399588 [1] NCCL INFO Connected to proxy localRank 1 -> connection 0x7f49840057a0
MOC-R4PCC04U05:398827:398889 [1] NCCL INFO New proxy recv connection 19 from local rank 1, transport 0
MOC-R4PCC04U05:398827:399588 [1] NCCL INFO Connected to proxy localRank 1 -> connection 0x7f4984005818
MOC-R4PCC04U05:398826:398885 [0] NCCL INFO New proxy send connection 15 from local rank 0, transport 0
MOC-R4PCC04U05:398826:399587 [0] NCCL INFO Connected to proxy localRank 0 -> connection 0x7f0948005638
MOC-R4PCC04U05:398828:398883 [2] NCCL INFO New proxy send connection 14 from local rank 2, transport 0
MOC-R4PCC04U05:398827:398889 [1] NCCL INFO New proxy recv connection 20 from local rank 1, transport 0
MOC-R4PCC04U05:398828:399586 [2] NCCL INFO Connected to proxy localRank 2 -> connection 0x7efb380055c0
MOC-R4PCC04U05:398827:399588 [1] NCCL INFO Connected to proxy localRank 1 -> connection 0x7f4984005890
MOC-R4PCC04U05:398826:398885 [0] NCCL INFO New proxy send connection 16 from local rank 0, transport 0
MOC-R4PCC04U05:398826:399587 [0] NCCL INFO Connected to proxy localRank 0 -> connection 0x7f09480056b0
MOC-R4PCC04U05:398828:398883 [2] NCCL INFO New proxy send connection 15 from local rank 2, transport 0
MOC-R4PCC04U05:398828:399586 [2] NCCL INFO Connected to proxy localRank 2 -> connection 0x7efb38005638
MOC-R4PCC04U05:398829:398884 [3] NCCL INFO New proxy recv connection 10 from local rank 3, transport 0
MOC-R4PCC04U05:398829:399589 [3] NCCL INFO Connected to proxy localRank 3 -> connection 0x7f9a180053e0
MOC-R4PCC04U05:398829:398884 [3] NCCL INFO New proxy recv connection 11 from local rank 3, transport 0
MOC-R4PCC04U05:398829:399589 [3] NCCL INFO Connected to proxy localRank 3 -> connection 0x7f9a18005458
MOC-R4PCC04U05:398829:399589 [3] NCCL INFO GPU Direct RDMA Disabled for GPU 3 / HCA 1 (distance 7 > 0)
MOC-R4PCC04U05:398829:398884 [3] NCCL INFO New proxy recv connection 12 from local rank 3, transport 2
MOC-R4PCC04U05:398829:399589 [3] NCCL INFO Connected to proxy localRank 3 -> connection 0x7f9a180054d0
MOC-R4PCC04U05:398826:398885 [0] NCCL INFO New proxy recv connection 17 from local rank 0, transport 0
MOC-R4PCC04U05:398826:399587 [0] NCCL INFO Connected to proxy localRank 0 -> connection 0x7f0948005728
MOC-R4PCC04U05:398829:399589 [3] NCCL INFO Channel 00/0 : 7[3] -> 3[3] [receive] via NET/IB/1
MOC-R4PCC04U05:398829:399589 [3] NCCL INFO GPU Direct RDMA Disabled for GPU 3 / HCA 1 (distance 7 > 0)
MOC-R4PCC04U05:398829:398884 [3] NCCL INFO New proxy recv connection 13 from local rank 3, transport 2
MOC-R4PCC04U05:398829:399589 [3] NCCL INFO Connected to proxy localRank 3 -> connection 0x7f9a18005548
MOC-R4PCC04U05:398829:399589 [3] NCCL INFO Channel 01/0 : 7[3] -> 3[3] [receive] via NET/IB/1
MOC-R4PCC04U05:398829:399589 [3] NCCL INFO GPU Direct RDMA Disabled for GPU 3 / HCA 1 (distance 7 > 0)
MOC-R4PCC04U05:398829:398884 [3] NCCL INFO New proxy recv connection 14 from local rank 3, transport 2
MOC-R4PCC04U05:398829:399589 [3] NCCL INFO Connected to proxy localRank 3 -> connection 0x7f9a180055c0
MOC-R4PCC04U05:398829:399589 [3] NCCL INFO Channel 02/0 : 7[3] -> 3[3] [receive] via NET/IB/1
MOC-R4PCC04U05:398829:399589 [3] NCCL INFO GPU Direct RDMA Disabled for GPU 3 / HCA 1 (distance 7 > 0)
MOC-R4PCC04U05:398829:398884 [3] NCCL INFO New proxy recv connection 15 from local rank 3, transport 2
MOC-R4PCC04U05:398829:399589 [3] NCCL INFO Connected to proxy localRank 3 -> connection 0x7f9a18005638
MOC-R4PCC04U05:398829:399589 [3] NCCL INFO Channel 03/0 : 7[3] -> 3[3] [receive] via NET/IB/1
MOC-R4PCC04U05:398829:399589 [3] NCCL INFO GPU Direct RDMA Disabled for GPU 3 / HCA 1 (distance 7 > 0)
MOC-R4PCC04U05:398826:398885 [0] NCCL INFO New proxy recv connection 18 from local rank 0, transport 0
MOC-R4PCC04U05:398829:398884 [3] NCCL INFO New proxy send connection 16 from local rank 3, transport 2
MOC-R4PCC04U05:398829:399589 [3] NCCL INFO Connected to proxy localRank 3 -> connection 0x7f9a180056b0
MOC-R4PCC04U05:398826:399587 [0] NCCL INFO Connected to proxy localRank 0 -> connection 0x7f09480057a0
MOC-R4PCC04U05:398829:399589 [3] NCCL INFO Channel 00/0 : 3[3] -> 7[3] [send] via NET/IB/1
MOC-R4PCC04U05:398829:399589 [3] NCCL INFO GPU Direct RDMA Disabled for GPU 3 / HCA 1 (distance 7 > 0)
MOC-R4PCC04U05:398829:398884 [3] NCCL INFO New proxy send connection 17 from local rank 3, transport 2
MOC-R4PCC04U05:398829:399589 [3] NCCL INFO Connected to proxy localRank 3 -> connection 0x7f9a18005728
MOC-R4PCC04U05:398829:399589 [3] NCCL INFO Channel 01/0 : 3[3] -> 7[3] [send] via NET/IB/1
MOC-R4PCC04U05:398829:399589 [3] NCCL INFO GPU Direct RDMA Disabled for GPU 3 / HCA 1 (distance 7 > 0)
MOC-R4PCC04U05:398829:398884 [3] NCCL INFO New proxy send connection 18 from local rank 3, transport 2
MOC-R4PCC04U05:398829:399589 [3] NCCL INFO Connected to proxy localRank 3 -> connection 0x7f9a180057a0
MOC-R4PCC04U05:398826:398885 [0] NCCL INFO New proxy recv connection 19 from local rank 0, transport 0
MOC-R4PCC04U05:398826:399587 [0] NCCL INFO Connected to proxy localRank 0 -> connection 0x7f0948005818
MOC-R4PCC04U05:398829:399589 [3] NCCL INFO Channel 02/0 : 3[3] -> 7[3] [send] via NET/IB/1
MOC-R4PCC04U05:398829:399589 [3] NCCL INFO GPU Direct RDMA Disabled for GPU 3 / HCA 1 (distance 7 > 0)
MOC-R4PCC04U05:398829:398884 [3] NCCL INFO New proxy send connection 19 from local rank 3, transport 2
MOC-R4PCC04U05:398829:399589 [3] NCCL INFO Connected to proxy localRank 3 -> connection 0x7f9a18005818
MOC-R4PCC04U05:398829:399589 [3] NCCL INFO Channel 03/0 : 3[3] -> 7[3] [send] via NET/IB/1
MOC-R4PCC04U05:398826:398885 [0] NCCL INFO New proxy recv connection 20 from local rank 0, transport 0
MOC-R4PCC04U05:398826:399587 [0] NCCL INFO Connected to proxy localRank 0 -> connection 0x7f0948005890
MOC-R4PCC04U05:398829:398884 [3] NCCL INFO New proxy send connection 20 from local rank 3, transport 0
MOC-R4PCC04U05:398829:399589 [3] NCCL INFO Connected to proxy localRank 3 -> connection 0x7f9a18005890
MOC-R4PCC04U05:398829:398884 [3] NCCL INFO New proxy send connection 21 from local rank 3, transport 0
MOC-R4PCC04U05:398829:399589 [3] NCCL INFO Connected to proxy localRank 3 -> connection 0x7f9a18005908
MOC-R4PCC04U05:398829:398884 [3] NCCL INFO New proxy send connection 22 from local rank 3, transport 0
MOC-R4PCC04U05:398829:399589 [3] NCCL INFO Connected to proxy localRank 3 -> connection 0x7f9a18005980
MOC-R4PCC04U05:398829:398884 [3] NCCL INFO New proxy send connection 23 from local rank 3, transport 0
MOC-R4PCC04U05:398829:399589 [3] NCCL INFO Connected to proxy localRank 3 -> connection 0x7f9a180059f8
MOC-R4PCC04U05:398829:398884 [3] NCCL INFO NET/IB: NCCL Dev 1 IbDev 0 Port 1 qpn 5786 mtu 3 query_ece={supported=1, vendor_id=0x15b3, options=0x30000002, comp_mask=0x0} GID 3 (0/C132A8C0FFFF0000) fifoRkey=0x174705 fifoLkey=0x174705
MOC-R4PCC04U05:398829:398884 [3] NCCL INFO NET/IB: IbDev 0 Port 1 qpn 6027 set_ece={supported=1, vendor_id=0x15b3, options=0x0, comp_mask=0x0}
MOC-R4PCC04U05:398829:398884 [3] NCCL INFO NET/IB: NCCL Dev 1 IbDev 0 Port 1 qpn 5789 mtu 3 query_ece={supported=1, vendor_id=0x15b3, options=0x30000002, comp_mask=0x0} GID 3 (0/C132A8C0FFFF0000) fifoRkey=0x175412 fifoLkey=0x175412
MOC-R4PCC04U05:398829:398884 [3] NCCL INFO NET/IB: IbDev 0 Port 1 qpn 6030 set_ece={supported=1, vendor_id=0x15b3, options=0x0, comp_mask=0x0}
MOC-R4PCC04U05:398829:398884 [3] NCCL INFO NET/IB: NCCL Dev 1 IbDev 0 Port 1 qpn 5792 mtu 3 query_ece={supported=1, vendor_id=0x15b3, options=0x30000002, comp_mask=0x0} GID 3 (0/C132A8C0FFFF0000) fifoRkey=0x178443 fifoLkey=0x178443
MOC-R4PCC04U05:398829:398884 [3] NCCL INFO NET/IB: IbDev 0 Port 1 qpn 6033 set_ece={supported=1, vendor_id=0x15b3, options=0x0, comp_mask=0x0}
MOC-R4PCC04U05:398829:398884 [3] NCCL INFO NET/IB: NCCL Dev 1 IbDev 0 Port 1 qpn 5797 mtu 3 query_ece={supported=1, vendor_id=0x15b3, options=0x30000002, comp_mask=0x0} GID 3 (0/C132A8C0FFFF0000) fifoRkey=0x177837 fifoLkey=0x177837
MOC-R4PCC04U05:398829:398884 [3] NCCL INFO NET/IB: IbDev 0 Port 1 qpn 6036 set_ece={supported=1, vendor_id=0x15b3, options=0x0, comp_mask=0x0}
step    1/10 | train loss 11.010132 | norm 15.4557 | lr 1.00e-04 | (14123.56 ms | 92804 tok/s)
step    2/10 | train loss 10.134743 | norm 5.7680 | lr 1.00e-04 | (423.66 ms | 3093805 tok/s)
step    3/10 | train loss 9.792710 | norm 2.6181 | lr 1.00e-04 | (407.76 ms | 3214471 tok/s)
step    4/10 | train loss 9.622601 | norm 2.1198 | lr 1.00e-04 | (404.92 ms | 3236977 tok/s)
step    5/10 | train loss 9.539333 | norm 2.1126 | lr 1.00e-04 | (407.09 ms | 3219736 tok/s)
step    6/10 | train loss 9.457716 | norm 2.0030 | lr 1.00e-04 | (404.71 ms | 3238657 tok/s)
step    7/10 | train loss 9.371840 | norm 1.9528 | lr 1.00e-04 | (406.48 ms | 3224535 tok/s)
step    8/10 | train loss 9.279831 | norm 1.9192 | lr 1.00e-04 | (411.43 ms | 3185751 tok/s)
step    9/10 | train loss 9.184061 | norm 1.8636 | lr 1.00e-04 | (406.15 ms | 3227196 tok/s)
step   10/10 | train loss 9.097851 | norm 1.7989 | lr 1.00e-04 | (408.67 ms | 3207301 tok/s)
final 9 iters avg: 408.985ms
peak memory consumption: 16601 MiB
