Running pytorch 2.7.0+cu126
using device: cuda:0
total desired batch size: 524288
=> calculated gradient accumulation steps: 1
using device: cuda:1
using device: cuda:2
using device: cuda:3
compiling the model...
DataLoader: total number of tokens: 1,661,249,667 across 103 files
MOC-R4PCC04U05:736366:736366 [0] NCCL INFO NCCL_SOCKET_IFNAME set to eno7np0
MOC-R4PCC04U05:736366:736366 [0] NCCL INFO NCCL version 2.26.2+cuda12.2
MOC-R4PCC04U05:736366:736470 [0] NCCL INFO NET/Plugin: Could not find: libnccl-net.so. Using internal net plugin.
MOC-R4PCC04U05:736366:736470 [0] NCCL INFO NCCL_IB_HCA set to mlx5_5
MOC-R4PCC04U05:736367:736367 [1] NCCL INFO NCCL_SOCKET_IFNAME set to eno7np0
MOC-R4PCC04U05:736367:736367 [1] NCCL INFO NCCL version 2.26.2+cuda12.2
MOC-R4PCC04U05:736366:736470 [0] NCCL INFO NET/IB : Made virtual device [0] name=mlx5_5 speed=400000 ndevs=1
MOC-R4PCC04U05:736366:736470 [0] NCCL INFO NET/IB : Using [0]mlx5_5:1/RoCE [RO]; OOB eno7np0:192.168.50.193<0>
MOC-R4PCC04U05:736369:736369 [3] NCCL INFO NCCL_SOCKET_IFNAME set to eno7np0
MOC-R4PCC04U05:736369:736369 [3] NCCL INFO NCCL version 2.26.2+cuda12.2
MOC-R4PCC04U05:736368:736368 [2] NCCL INFO NCCL_SOCKET_IFNAME set to eno7np0
MOC-R4PCC04U05:736368:736368 [2] NCCL INFO NCCL version 2.26.2+cuda12.2
MOC-R4PCC04U05:736367:736492 [1] NCCL INFO NET/Plugin: Could not find: libnccl-net.so. Using internal net plugin.
MOC-R4PCC04U05:736367:736492 [1] NCCL INFO NCCL_IB_HCA set to mlx5_5
MOC-R4PCC04U05:736369:736494 [3] NCCL INFO NET/Plugin: Could not find: libnccl-net.so. Using internal net plugin.
MOC-R4PCC04U05:736369:736494 [3] NCCL INFO NCCL_IB_HCA set to mlx5_5
MOC-R4PCC04U05:736367:736492 [1] NCCL INFO NET/IB : Made virtual device [0] name=mlx5_5 speed=400000 ndevs=1
MOC-R4PCC04U05:736367:736492 [1] NCCL INFO NET/IB : Using [0]mlx5_5:1/RoCE [RO]; OOB eno7np0:192.168.50.193<0>
MOC-R4PCC04U05:736369:736494 [3] NCCL INFO NET/IB : Made virtual device [0] name=mlx5_5 speed=400000 ndevs=1
MOC-R4PCC04U05:736369:736494 [3] NCCL INFO NET/IB : Using [0]mlx5_5:1/RoCE [RO]; OOB eno7np0:192.168.50.193<0>
MOC-R4PCC04U05:736368:736495 [2] NCCL INFO NET/Plugin: Could not find: libnccl-net.so. Using internal net plugin.
MOC-R4PCC04U05:736368:736495 [2] NCCL INFO NCCL_IB_HCA set to mlx5_5
MOC-R4PCC04U05:736368:736495 [2] NCCL INFO NET/IB : Made virtual device [0] name=mlx5_5 speed=400000 ndevs=1
MOC-R4PCC04U05:736368:736495 [2] NCCL INFO NET/IB : Using [0]mlx5_5:1/RoCE [RO]; OOB eno7np0:192.168.50.193<0>
MOC-R4PCC04U05:736369:736494 [3] NCCL INFO NET/IB : GPU Direct RDMA Enabled for HCA 0 'mlx5_5'
MOC-R4PCC04U05:736369:736494 [3] NCCL INFO NET/IB : Made virtual device [1] name=mlx5_5 speed=400000 ndevs=1
MOC-R4PCC04U05:736369:736494 [3] NCCL INFO NET/IB : GPU Direct RDMA Enabled for HCA 0 'mlx5_5'
MOC-R4PCC04U05:736369:736494 [3] NCCL INFO NET/IB : GPU Direct RDMA Enabled for HCA 1 'mlx5_5'
MOC-R4PCC04U05:736368:736495 [2] NCCL INFO NET/IB : GPU Direct RDMA Enabled for HCA 0 'mlx5_5'
MOC-R4PCC04U05:736368:736495 [2] NCCL INFO NET/IB : Made virtual device [1] name=mlx5_5 speed=400000 ndevs=1
MOC-R4PCC04U05:736368:736495 [2] NCCL INFO NET/IB : GPU Direct RDMA Enabled for HCA 0 'mlx5_5'
MOC-R4PCC04U05:736368:736495 [2] NCCL INFO NET/IB : GPU Direct RDMA Enabled for HCA 1 'mlx5_5'
MOC-R4PCC04U05:736366:736470 [0] NCCL INFO NET/IB : GPU Direct RDMA Enabled for HCA 0 'mlx5_5'
MOC-R4PCC04U05:736366:736470 [0] NCCL INFO NET/IB : Made virtual device [1] name=mlx5_5 speed=400000 ndevs=1
MOC-R4PCC04U05:736366:736470 [0] NCCL INFO NET/IB : GPU Direct RDMA Enabled for HCA 0 'mlx5_5'
MOC-R4PCC04U05:736366:736470 [0] NCCL INFO NET/IB : GPU Direct RDMA Enabled for HCA 1 'mlx5_5'
MOC-R4PCC04U05:736367:736492 [1] NCCL INFO NET/IB : GPU Direct RDMA Enabled for HCA 0 'mlx5_5'
MOC-R4PCC04U05:736367:736492 [1] NCCL INFO NET/IB : Made virtual device [1] name=mlx5_5 speed=400000 ndevs=1
MOC-R4PCC04U05:736367:736492 [1] NCCL INFO NET/IB : GPU Direct RDMA Enabled for HCA 0 'mlx5_5'
MOC-R4PCC04U05:736367:736492 [1] NCCL INFO NET/IB : GPU Direct RDMA Enabled for HCA 1 'mlx5_5'
MOC-R4PCC04U05:736367:736492 [1] NCCL INFO GPU Direct RDMA Enabled for GPU 0 / HCA 1 (distance 5 <= 5), read 0 mode Default
MOC-R4PCC04U05:736367:736492 [1] NCCL INFO GPU Direct RDMA Enabled for GPU 1 / HCA 1 (distance 5 <= 5), read 0 mode Default
MOC-R4PCC04U05:736367:736492 [1] NCCL INFO GPU Direct RDMA Enabled for GPU 2 / HCA 1 (distance 5 <= 5), read 0 mode Default
MOC-R4PCC04U05:736367:736492 [1] NCCL INFO GPU Direct RDMA Enabled for GPU 3 / HCA 1 (distance 5 <= 5), read 0 mode Default
MOC-R4PCC04U05:736367:736492 [1] NCCL INFO GPU Direct RDMA Enabled for GPU 0 / HCA 1 (distance 5 <= 5), read 0 mode Default
MOC-R4PCC04U05:736367:736492 [1] NCCL INFO GPU Direct RDMA Enabled for GPU 1 / HCA 1 (distance 5 <= 5), read 0 mode Default
MOC-R4PCC04U05:736367:736492 [1] NCCL INFO GPU Direct RDMA Enabled for GPU 2 / HCA 1 (distance 5 <= 5), read 0 mode Default
MOC-R4PCC04U05:736367:736492 [1] NCCL INFO GPU Direct RDMA Enabled for GPU 3 / HCA 1 (distance 5 <= 5), read 0 mode Default
MOC-R4PCC04U05:736366:736470 [0] NCCL INFO GPU Direct RDMA Enabled for GPU 0 / HCA 1 (distance 5 <= 5), read 0 mode Default
MOC-R4PCC04U05:736366:736470 [0] NCCL INFO GPU Direct RDMA Enabled for GPU 1 / HCA 1 (distance 5 <= 5), read 0 mode Default
MOC-R4PCC04U05:736366:736470 [0] NCCL INFO GPU Direct RDMA Enabled for GPU 2 / HCA 1 (distance 5 <= 5), read 0 mode Default
MOC-R4PCC04U05:736366:736470 [0] NCCL INFO GPU Direct RDMA Enabled for GPU 3 / HCA 1 (distance 5 <= 5), read 0 mode Default
MOC-R4PCC04U05:736366:736470 [0] NCCL INFO GPU Direct RDMA Enabled for GPU 0 / HCA 1 (distance 5 <= 5), read 0 mode Default
MOC-R4PCC04U05:736366:736470 [0] NCCL INFO GPU Direct RDMA Enabled for GPU 1 / HCA 1 (distance 5 <= 5), read 0 mode Default
MOC-R4PCC04U05:736366:736470 [0] NCCL INFO GPU Direct RDMA Enabled for GPU 2 / HCA 1 (distance 5 <= 5), read 0 mode Default
MOC-R4PCC04U05:736366:736470 [0] NCCL INFO GPU Direct RDMA Enabled for GPU 3 / HCA 1 (distance 5 <= 5), read 0 mode Default
MOC-R4PCC04U05:736368:736495 [2] NCCL INFO GPU Direct RDMA Enabled for GPU 0 / HCA 1 (distance 5 <= 5), read 0 mode Default
MOC-R4PCC04U05:736369:736494 [3] NCCL INFO GPU Direct RDMA Enabled for GPU 0 / HCA 1 (distance 5 <= 5), read 0 mode Default
MOC-R4PCC04U05:736368:736495 [2] NCCL INFO GPU Direct RDMA Enabled for GPU 1 / HCA 1 (distance 5 <= 5), read 0 mode Default
MOC-R4PCC04U05:736369:736494 [3] NCCL INFO GPU Direct RDMA Enabled for GPU 1 / HCA 1 (distance 5 <= 5), read 0 mode Default
MOC-R4PCC04U05:736368:736495 [2] NCCL INFO GPU Direct RDMA Enabled for GPU 2 / HCA 1 (distance 5 <= 5), read 0 mode Default
MOC-R4PCC04U05:736369:736494 [3] NCCL INFO GPU Direct RDMA Enabled for GPU 2 / HCA 1 (distance 5 <= 5), read 0 mode Default
MOC-R4PCC04U05:736368:736495 [2] NCCL INFO GPU Direct RDMA Enabled for GPU 3 / HCA 1 (distance 5 <= 5), read 0 mode Default
MOC-R4PCC04U05:736369:736494 [3] NCCL INFO GPU Direct RDMA Enabled for GPU 3 / HCA 1 (distance 5 <= 5), read 0 mode Default
MOC-R4PCC04U05:736368:736495 [2] NCCL INFO GPU Direct RDMA Enabled for GPU 0 / HCA 1 (distance 5 <= 5), read 0 mode Default
MOC-R4PCC04U05:736369:736494 [3] NCCL INFO GPU Direct RDMA Enabled for GPU 0 / HCA 1 (distance 5 <= 5), read 0 mode Default
MOC-R4PCC04U05:736368:736495 [2] NCCL INFO GPU Direct RDMA Enabled for GPU 1 / HCA 1 (distance 5 <= 5), read 0 mode Default
MOC-R4PCC04U05:736369:736494 [3] NCCL INFO GPU Direct RDMA Enabled for GPU 1 / HCA 1 (distance 5 <= 5), read 0 mode Default
MOC-R4PCC04U05:736368:736495 [2] NCCL INFO GPU Direct RDMA Enabled for GPU 2 / HCA 1 (distance 5 <= 5), read 0 mode Default
MOC-R4PCC04U05:736369:736494 [3] NCCL INFO GPU Direct RDMA Enabled for GPU 2 / HCA 1 (distance 5 <= 5), read 0 mode Default
MOC-R4PCC04U05:736368:736495 [2] NCCL INFO GPU Direct RDMA Enabled for GPU 3 / HCA 1 (distance 5 <= 5), read 0 mode Default
MOC-R4PCC04U05:736369:736494 [3] NCCL INFO GPU Direct RDMA Enabled for GPU 3 / HCA 1 (distance 5 <= 5), read 0 mode Default
MOC-R4PCC04U05:736369:736507 [3] NCCL INFO New proxy recv connection 0 from local rank 3, transport 0
MOC-R4PCC04U05:736369:736582 [3] NCCL INFO Connected to proxy localRank 3 -> connection 0x7f9d68004f30
MOC-R4PCC04U05:736369:736507 [3] NCCL INFO New proxy recv connection 1 from local rank 3, transport 0
MOC-R4PCC04U05:736369:736582 [3] NCCL INFO Connected to proxy localRank 3 -> connection 0x7f9d68004fa8
MOC-R4PCC04U05:736367:736508 [1] NCCL INFO New proxy recv connection 0 from local rank 1, transport 0
MOC-R4PCC04U05:736367:736583 [1] NCCL INFO Connected to proxy localRank 1 -> connection 0x7fb280004f30
MOC-R4PCC04U05:736369:736507 [3] NCCL INFO New proxy recv connection 2 from local rank 3, transport 0
MOC-R4PCC04U05:736369:736582 [3] NCCL INFO Connected to proxy localRank 3 -> connection 0x7f9d68005020
MOC-R4PCC04U05:736367:736508 [1] NCCL INFO New proxy recv connection 1 from local rank 1, transport 0
MOC-R4PCC04U05:736367:736583 [1] NCCL INFO Connected to proxy localRank 1 -> connection 0x7fb280004fa8
MOC-R4PCC04U05:736369:736507 [3] NCCL INFO New proxy recv connection 3 from local rank 3, transport 0
MOC-R4PCC04U05:736369:736582 [3] NCCL INFO Connected to proxy localRank 3 -> connection 0x7f9d68005098
MOC-R4PCC04U05:736367:736508 [1] NCCL INFO New proxy recv connection 2 from local rank 1, transport 0
MOC-R4PCC04U05:736369:736582 [3] NCCL INFO GPU Direct RDMA Enabled for GPU 3 / HCA 1 (distance 5 <= 5), read 1 mode Default
MOC-R4PCC04U05:736367:736583 [1] NCCL INFO Connected to proxy localRank 1 -> connection 0x7fb280005020
MOC-R4PCC04U05:736367:736508 [1] NCCL INFO New proxy recv connection 3 from local rank 1, transport 0
MOC-R4PCC04U05:736367:736583 [1] NCCL INFO Connected to proxy localRank 1 -> connection 0x7fb280005098
MOC-R4PCC04U05:736366:736513 [0] NCCL INFO New proxy send connection 0 from local rank 0, transport 0
MOC-R4PCC04U05:736366:736584 [0] NCCL INFO Connected to proxy localRank 0 -> connection 0x7fac00004f30
MOC-R4PCC04U05:736367:736508 [1] NCCL INFO New proxy send connection 4 from local rank 1, transport 0
MOC-R4PCC04U05:736367:736583 [1] NCCL INFO Connected to proxy localRank 1 -> connection 0x7fb280005110
MOC-R4PCC04U05:736368:736585 [2] NCCL INFO GPU Direct RDMA Enabled for GPU 2 / HCA 1 (distance 5 <= 5), read 0 mode Default
MOC-R4PCC04U05:736366:736513 [0] NCCL INFO New proxy send connection 1 from local rank 0, transport 0
MOC-R4PCC04U05:736366:736584 [0] NCCL INFO Connected to proxy localRank 0 -> connection 0x7fac00004fa8
MOC-R4PCC04U05:736367:736508 [1] NCCL INFO New proxy send connection 5 from local rank 1, transport 0
MOC-R4PCC04U05:736367:736583 [1] NCCL INFO Connected to proxy localRank 1 -> connection 0x7fb280005188
MOC-R4PCC04U05:736366:736513 [0] NCCL INFO New proxy send connection 2 from local rank 0, transport 0
MOC-R4PCC04U05:736366:736584 [0] NCCL INFO Connected to proxy localRank 0 -> connection 0x7fac00005020
MOC-R4PCC04U05:736367:736508 [1] NCCL INFO New proxy send connection 6 from local rank 1, transport 0
MOC-R4PCC04U05:736367:736583 [1] NCCL INFO Connected to proxy localRank 1 -> connection 0x7fb280005200
MOC-R4PCC04U05:736366:736513 [0] NCCL INFO New proxy send connection 3 from local rank 0, transport 0
MOC-R4PCC04U05:736366:736584 [0] NCCL INFO Connected to proxy localRank 0 -> connection 0x7fac00005098
MOC-R4PCC04U05:736367:736508 [1] NCCL INFO New proxy send connection 7 from local rank 1, transport 0
MOC-R4PCC04U05:736367:736583 [1] NCCL INFO Connected to proxy localRank 1 -> connection 0x7fb280005278
MOC-R4PCC04U05:736368:736510 [2] NCCL INFO New proxy send connection 0 from local rank 3, transport 2
MOC-R4PCC04U05:736368:736510 [2] NCCL INFO New proxy recv connection 1 from local rank 2, transport 2
MOC-R4PCC04U05:736369:736582 [3] NCCL INFO Connected to proxy localRank 2 -> connection 0x7ef968004f30
MOC-R4PCC04U05:736369:736582 [3] NCCL INFO Channel 00/0 : 3[3] -> 6[2] [send] via NET/IB/1(2)/GDRDMA
MOC-R4PCC04U05:736369:736582 [3] NCCL INFO GPU Direct RDMA Enabled for GPU 3 / HCA 1 (distance 5 <= 5), read 1 mode Default
MOC-R4PCC04U05:736368:736510 [2] NCCL INFO New proxy send connection 2 from local rank 3, transport 2
MOC-R4PCC04U05:736368:736585 [2] NCCL INFO Connected to proxy localRank 2 -> connection 0x7ef968004fa8
MOC-R4PCC04U05:736369:736582 [3] NCCL INFO Connected to proxy localRank 2 -> connection 0x7ef968005020
MOC-R4PCC04U05:736369:736582 [3] NCCL INFO Channel 01/0 : 3[3] -> 6[2] [send] via NET/IB/1(2)/GDRDMA
MOC-R4PCC04U05:736369:736582 [3] NCCL INFO GPU Direct RDMA Enabled for GPU 3 / HCA 1 (distance 5 <= 5), read 1 mode Default
MOC-R4PCC04U05:736368:736585 [2] NCCL INFO Channel 00/0 : 15[3] -> 2[2] [receive] via NET/IB/1/GDRDMA
MOC-R4PCC04U05:736368:736510 [2] NCCL INFO New proxy send connection 3 from local rank 3, transport 2
MOC-R4PCC04U05:736368:736585 [2] NCCL INFO GPU Direct RDMA Enabled for GPU 2 / HCA 1 (distance 5 <= 5), read 0 mode Default
MOC-R4PCC04U05:736369:736582 [3] NCCL INFO Connected to proxy localRank 2 -> connection 0x7ef968005098
MOC-R4PCC04U05:736369:736582 [3] NCCL INFO Channel 02/0 : 3[3] -> 6[2] [send] via NET/IB/1(2)/GDRDMA
MOC-R4PCC04U05:736369:736582 [3] NCCL INFO GPU Direct RDMA Enabled for GPU 3 / HCA 1 (distance 5 <= 5), read 1 mode Default
MOC-R4PCC04U05:736368:736510 [2] NCCL INFO New proxy recv connection 4 from local rank 2, transport 2
MOC-R4PCC04U05:736368:736585 [2] NCCL INFO Connected to proxy localRank 2 -> connection 0x7ef968005110
MOC-R4PCC04U05:736368:736510 [2] NCCL INFO New proxy send connection 5 from local rank 3, transport 2
MOC-R4PCC04U05:736369:736582 [3] NCCL INFO Connected to proxy localRank 2 -> connection 0x7ef968005188
MOC-R4PCC04U05:736368:736585 [2] NCCL INFO Channel 01/0 : 15[3] -> 2[2] [receive] via NET/IB/1/GDRDMA
MOC-R4PCC04U05:736368:736585 [2] NCCL INFO GPU Direct RDMA Enabled for GPU 2 / HCA 1 (distance 5 <= 5), read 0 mode Default
MOC-R4PCC04U05:736369:736582 [3] NCCL INFO Channel 03/0 : 3[3] -> 6[2] [send] via NET/IB/1(2)/GDRDMA
MOC-R4PCC04U05:736368:736510 [2] NCCL INFO New proxy recv connection 6 from local rank 2, transport 2
MOC-R4PCC04U05:736368:736585 [2] NCCL INFO Connected to proxy localRank 2 -> connection 0x7ef968005200
MOC-R4PCC04U05:736368:736585 [2] NCCL INFO Channel 02/0 : 15[3] -> 2[2] [receive] via NET/IB/1/GDRDMA
MOC-R4PCC04U05:736368:736585 [2] NCCL INFO GPU Direct RDMA Enabled for GPU 2 / HCA 1 (distance 5 <= 5), read 0 mode Default
MOC-R4PCC04U05:736368:736510 [2] NCCL INFO New proxy recv connection 7 from local rank 2, transport 2
MOC-R4PCC04U05:736368:736585 [2] NCCL INFO Connected to proxy localRank 2 -> connection 0x7ef968005278
MOC-R4PCC04U05:736366:736513 [0] NCCL INFO New proxy recv connection 4 from local rank 0, transport 0
MOC-R4PCC04U05:736366:736584 [0] NCCL INFO Connected to proxy localRank 0 -> connection 0x7fac00005110
MOC-R4PCC04U05:736368:736585 [2] NCCL INFO Channel 03/0 : 15[3] -> 2[2] [receive] via NET/IB/1/GDRDMA
MOC-R4PCC04U05:736366:736513 [0] NCCL INFO New proxy recv connection 5 from local rank 0, transport 0
MOC-R4PCC04U05:736366:736584 [0] NCCL INFO Connected to proxy localRank 0 -> connection 0x7fac00005188
MOC-R4PCC04U05:736366:736513 [0] NCCL INFO New proxy recv connection 6 from local rank 0, transport 0
MOC-R4PCC04U05:736368:736510 [2] NCCL INFO New proxy send connection 8 from local rank 2, transport 0
MOC-R4PCC04U05:736366:736584 [0] NCCL INFO Connected to proxy localRank 0 -> connection 0x7fac00005200
MOC-R4PCC04U05:736368:736585 [2] NCCL INFO Connected to proxy localRank 2 -> connection 0x7ef9680052f0
MOC-R4PCC04U05:736368:736510 [2] NCCL INFO New proxy send connection 9 from local rank 2, transport 0
MOC-R4PCC04U05:736368:736585 [2] NCCL INFO Connected to proxy localRank 2 -> connection 0x7ef968005368
MOC-R4PCC04U05:736366:736513 [0] NCCL INFO New proxy recv connection 7 from local rank 0, transport 0
MOC-R4PCC04U05:736366:736584 [0] NCCL INFO Connected to proxy localRank 0 -> connection 0x7fac00005278
MOC-R4PCC04U05:736368:736510 [2] NCCL INFO New proxy send connection 10 from local rank 2, transport 0
MOC-R4PCC04U05:736368:736585 [2] NCCL INFO Connected to proxy localRank 2 -> connection 0x7ef9680053e0
MOC-R4PCC04U05:736368:736510 [2] NCCL INFO New proxy send connection 11 from local rank 2, transport 0
MOC-R4PCC04U05:736368:736585 [2] NCCL INFO Connected to proxy localRank 2 -> connection 0x7ef968005458
MOC-R4PCC04U05:736369:736507 [3] NCCL INFO New proxy send connection 4 from local rank 0, transport 0
MOC-R4PCC04U05:736366:736584 [0] NCCL INFO Connected to proxy localRank 3 -> connection 0x7f9d68005110
MOC-R4PCC04U05:736366:736513 [0] NCCL INFO New proxy send connection 8 from local rank 1, transport 0
MOC-R4PCC04U05:736367:736583 [1] NCCL INFO Connected to proxy localRank 0 -> connection 0x7fac000052f0
MOC-R4PCC04U05:736367:736508 [1] NCCL INFO New proxy send connection 8 from local rank 2, transport 0
MOC-R4PCC04U05:736368:736585 [2] NCCL INFO Connected to proxy localRank 1 -> connection 0x7fb2800052f0
MOC-R4PCC04U05:736368:736510 [2] NCCL INFO New proxy send connection 12 from local rank 1, transport 0
MOC-R4PCC04U05:736367:736583 [1] NCCL INFO Connected to proxy localRank 2 -> connection 0x7ef9680054d0
MOC-R4PCC04U05:736367:736508 [1] NCCL INFO New proxy send connection 9 from local rank 0, transport 0
MOC-R4PCC04U05:736366:736584 [0] NCCL INFO Connected to proxy localRank 1 -> connection 0x7fb280005368
MOC-R4PCC04U05:736366:736513 [0] NCCL INFO New proxy send connection 9 from local rank 3, transport 0
MOC-R4PCC04U05:736369:736582 [3] NCCL INFO Connected to proxy localRank 0 -> connection 0x7fac00005368
MOC-R4PCC04U05:736368:736510 [2] NCCL INFO NET/IB: NCCL Dev 1 IbDev 0 Port 1 qpn 12148 mtu 3 query_ece={supported=1, vendor_id=0x15b3, options=0x30000002, comp_mask=0x0} GID 3 (0/C132A8C0FFFF0000) fifoRkey=0x17fdbc fifoLkey=0x17fdbc
MOC-R4PCC04U05:736368:736510 [2] NCCL INFO NET/IB: NCCL Dev 1 IbDev 0 Port 1 qpn 12149 mtu 3 query_ece={supported=1, vendor_id=0x15b3, options=0x30000002, comp_mask=0x0} GID 3 (0/C132A8C0FFFF0000) fifoRkey=0x17e7a6 fifoLkey=0x17e7a6
MOC-R4PCC04U05:736368:736510 [2] NCCL INFO NET/IB: NCCL Dev 1 IbDev 0 Port 1 qpn 12150 mtu 3 query_ece={supported=1, vendor_id=0x15b3, options=0x30000002, comp_mask=0x0} GID 3 (0/C132A8C0FFFF0000) fifoRkey=0x17c483 fifoLkey=0x17c483
MOC-R4PCC04U05:736368:736510 [2] NCCL INFO NET/IB: NCCL Dev 1 IbDev 0 Port 1 qpn 12151 mtu 3 query_ece={supported=1, vendor_id=0x15b3, options=0x30000002, comp_mask=0x0} GID 3 (0/C132A8C0FFFF0000) fifoRkey=0x17d190 fifoLkey=0x17d190
MOC-R4PCC04U05:736368:736510 [2] NCCL INFO NET/IB: IbDev 0 Port 1 qpn 12726 set_ece={supported=1, vendor_id=0x15b3, options=0x0, comp_mask=0x0}
MOC-R4PCC04U05:736368:736510 [2] NCCL INFO NET/IB: IbDev 0 Port 1 qpn 12728 set_ece={supported=1, vendor_id=0x15b3, options=0x0, comp_mask=0x0}
MOC-R4PCC04U05:736368:736510 [2] NCCL INFO New proxy send connection 13 from local rank 3, transport 0
MOC-R4PCC04U05:736369:736582 [3] NCCL INFO Connected to proxy localRank 2 -> connection 0x7ef968005548
MOC-R4PCC04U05:736368:736510 [2] NCCL INFO NET/IB: IbDev 0 Port 1 qpn 12730 set_ece={supported=1, vendor_id=0x15b3, options=0x0, comp_mask=0x0}
MOC-R4PCC04U05:736368:736510 [2] NCCL INFO NET/IB: IbDev 0 Port 1 qpn 12732 set_ece={supported=1, vendor_id=0x15b3, options=0x0, comp_mask=0x0}
num decayed parameter tensors: 50, with 124,318,464 parameters
num non-decayed parameter tensors: 98, with 121,344 parameters
using fused AdamW: False
using regular AdamW
MOC-R4PCC04U05:736369:736507 [3] NCCL INFO New proxy recv connection 5 from local rank 3, transport 0
MOC-R4PCC04U05:736369:737208 [3] NCCL INFO Connected to proxy localRank 3 -> connection 0x7f9d68005188
MOC-R4PCC04U05:736369:736507 [3] NCCL INFO New proxy recv connection 6 from local rank 3, transport 0
MOC-R4PCC04U05:736369:737208 [3] NCCL INFO Connected to proxy localRank 3 -> connection 0x7f9d68005200
MOC-R4PCC04U05:736369:736507 [3] NCCL INFO New proxy recv connection 7 from local rank 3, transport 0
MOC-R4PCC04U05:736369:737208 [3] NCCL INFO Connected to proxy localRank 3 -> connection 0x7f9d68005278
MOC-R4PCC04U05:736369:736507 [3] NCCL INFO New proxy recv connection 8 from local rank 3, transport 0
MOC-R4PCC04U05:736369:737208 [3] NCCL INFO Connected to proxy localRank 3 -> connection 0x7f9d680052f0
MOC-R4PCC04U05:736366:736513 [0] NCCL INFO New proxy send connection 10 from local rank 0, transport 0
MOC-R4PCC04U05:736366:737209 [0] NCCL INFO Connected to proxy localRank 0 -> connection 0x7fac000053e0
MOC-R4PCC04U05:736366:736513 [0] NCCL INFO New proxy send connection 11 from local rank 0, transport 0
MOC-R4PCC04U05:736366:737209 [0] NCCL INFO Connected to proxy localRank 0 -> connection 0x7fac00005458
MOC-R4PCC04U05:736366:736513 [0] NCCL INFO New proxy send connection 12 from local rank 0, transport 0
MOC-R4PCC04U05:736366:737209 [0] NCCL INFO Connected to proxy localRank 0 -> connection 0x7fac000054d0
MOC-R4PCC04U05:736366:736513 [0] NCCL INFO New proxy send connection 13 from local rank 0, transport 0
MOC-R4PCC04U05:736366:737209 [0] NCCL INFO Connected to proxy localRank 0 -> connection 0x7fac00005548
MOC-R4PCC04U05:736367:736508 [1] NCCL INFO New proxy recv connection 10 from local rank 1, transport 0
MOC-R4PCC04U05:736367:737210 [1] NCCL INFO Connected to proxy localRank 1 -> connection 0x7fb2800053e0
MOC-R4PCC04U05:736367:736508 [1] NCCL INFO New proxy recv connection 11 from local rank 1, transport 0
MOC-R4PCC04U05:736367:737210 [1] NCCL INFO Connected to proxy localRank 1 -> connection 0x7fb280005458
MOC-R4PCC04U05:736367:736508 [1] NCCL INFO New proxy recv connection 12 from local rank 1, transport 0
MOC-R4PCC04U05:736367:737210 [1] NCCL INFO Connected to proxy localRank 1 -> connection 0x7fb2800054d0
MOC-R4PCC04U05:736367:736508 [1] NCCL INFO New proxy recv connection 13 from local rank 1, transport 0
MOC-R4PCC04U05:736367:737210 [1] NCCL INFO Connected to proxy localRank 1 -> connection 0x7fb280005548
MOC-R4PCC04U05:736366:736513 [0] NCCL INFO New proxy recv connection 14 from local rank 0, transport 0
MOC-R4PCC04U05:736366:737209 [0] NCCL INFO Connected to proxy localRank 0 -> connection 0x7fac000055c0
MOC-R4PCC04U05:736366:736513 [0] NCCL INFO New proxy recv connection 15 from local rank 0, transport 0
MOC-R4PCC04U05:736366:737209 [0] NCCL INFO Connected to proxy localRank 0 -> connection 0x7fac00005638
MOC-R4PCC04U05:736366:736513 [0] NCCL INFO New proxy recv connection 16 from local rank 0, transport 0
MOC-R4PCC04U05:736366:737209 [0] NCCL INFO Connected to proxy localRank 0 -> connection 0x7fac000056b0
MOC-R4PCC04U05:736366:736513 [0] NCCL INFO New proxy recv connection 17 from local rank 0, transport 0
MOC-R4PCC04U05:736366:737209 [0] NCCL INFO Connected to proxy localRank 0 -> connection 0x7fac00005728
MOC-R4PCC04U05:736368:736510 [2] NCCL INFO New proxy send connection 14 from local rank 2, transport 0
MOC-R4PCC04U05:736368:737211 [2] NCCL INFO Connected to proxy localRank 2 -> connection 0x7ef9680055c0
MOC-R4PCC04U05:736368:736510 [2] NCCL INFO New proxy send connection 15 from local rank 2, transport 0
MOC-R4PCC04U05:736368:737211 [2] NCCL INFO Connected to proxy localRank 2 -> connection 0x7ef968005638
MOC-R4PCC04U05:736368:736510 [2] NCCL INFO New proxy send connection 16 from local rank 2, transport 0
MOC-R4PCC04U05:736368:737211 [2] NCCL INFO Connected to proxy localRank 2 -> connection 0x7ef9680056b0
MOC-R4PCC04U05:736368:736510 [2] NCCL INFO New proxy send connection 17 from local rank 2, transport 0
MOC-R4PCC04U05:736368:737211 [2] NCCL INFO Connected to proxy localRank 2 -> connection 0x7ef968005728
MOC-R4PCC04U05:736368:737211 [2] NCCL INFO GPU Direct RDMA Enabled for GPU 2 / HCA 1 (distance 5 <= 5), read 1 mode Default
MOC-R4PCC04U05:736368:736510 [2] NCCL INFO New proxy send connection 18 from local rank 2, transport 2
MOC-R4PCC04U05:736368:737211 [2] NCCL INFO Connected to proxy localRank 2 -> connection 0x7ef9680057a0
MOC-R4PCC04U05:736368:737211 [2] NCCL INFO Channel 02/0 : 2[2] -> 6[2] [send] via NET/IB/1/GDRDMA
MOC-R4PCC04U05:736368:737211 [2] NCCL INFO GPU Direct RDMA Enabled for GPU 2 / HCA 1 (distance 5 <= 5), read 1 mode Default
MOC-R4PCC04U05:736368:736510 [2] NCCL INFO New proxy send connection 19 from local rank 2, transport 2
MOC-R4PCC04U05:736369:736507 [3] NCCL INFO New proxy send connection 9 from local rank 3, transport 0
MOC-R4PCC04U05:736368:737211 [2] NCCL INFO Connected to proxy localRank 2 -> connection 0x7ef968005818
MOC-R4PCC04U05:736369:737208 [3] NCCL INFO Connected to proxy localRank 3 -> connection 0x7f9d68005368
MOC-R4PCC04U05:736368:737211 [2] NCCL INFO Channel 03/0 : 2[2] -> 6[2] [send] via NET/IB/1/GDRDMA
MOC-R4PCC04U05:736368:737211 [2] NCCL INFO GPU Direct RDMA Enabled for GPU 2 / HCA 1 (distance 5 <= 5), read 0 mode Default
MOC-R4PCC04U05:736369:736507 [3] NCCL INFO New proxy send connection 10 from local rank 3, transport 0
MOC-R4PCC04U05:736368:736510 [2] NCCL INFO New proxy recv connection 20 from local rank 2, transport 2
MOC-R4PCC04U05:736369:737208 [3] NCCL INFO Connected to proxy localRank 3 -> connection 0x7f9d680053e0
MOC-R4PCC04U05:736368:737211 [2] NCCL INFO Connected to proxy localRank 2 -> connection 0x7ef968005890
MOC-R4PCC04U05:736368:737211 [2] NCCL INFO Channel 00/0 : 10[2] -> 2[2] [receive] via NET/IB/1/GDRDMA
MOC-R4PCC04U05:736368:737211 [2] NCCL INFO GPU Direct RDMA Enabled for GPU 2 / HCA 1 (distance 5 <= 5), read 0 mode Default
MOC-R4PCC04U05:736368:736510 [2] NCCL INFO New proxy recv connection 21 from local rank 2, transport 2
MOC-R4PCC04U05:736368:737211 [2] NCCL INFO Connected to proxy localRank 2 -> connection 0x7ef968005908
MOC-R4PCC04U05:736369:736507 [3] NCCL INFO New proxy send connection 11 from local rank 3, transport 0
MOC-R4PCC04U05:736369:737208 [3] NCCL INFO Connected to proxy localRank 3 -> connection 0x7f9d68005458
MOC-R4PCC04U05:736368:737211 [2] NCCL INFO Channel 01/0 : 10[2] -> 2[2] [receive] via NET/IB/1/GDRDMA
MOC-R4PCC04U05:736368:737211 [2] NCCL INFO GPU Direct RDMA Enabled for GPU 2 / HCA 1 (distance 5 <= 5), read 1 mode Default
MOC-R4PCC04U05:736368:736510 [2] NCCL INFO New proxy send connection 22 from local rank 2, transport 2
MOC-R4PCC04U05:736368:737211 [2] NCCL INFO Connected to proxy localRank 2 -> connection 0x7ef968005980
MOC-R4PCC04U05:736368:737211 [2] NCCL INFO Channel 00/0 : 2[2] -> 10[2] [send] via NET/IB/1/GDRDMA
MOC-R4PCC04U05:736368:737211 [2] NCCL INFO GPU Direct RDMA Enabled for GPU 2 / HCA 1 (distance 5 <= 5), read 1 mode Default
MOC-R4PCC04U05:736368:736510 [2] NCCL INFO New proxy send connection 23 from local rank 2, transport 2
MOC-R4PCC04U05:736368:737211 [2] NCCL INFO Connected to proxy localRank 2 -> connection 0x7ef9680059f8
MOC-R4PCC04U05:736369:736507 [3] NCCL INFO New proxy send connection 12 from local rank 3, transport 0
MOC-R4PCC04U05:736368:737211 [2] NCCL INFO Channel 01/0 : 2[2] -> 10[2] [send] via NET/IB/1/GDRDMA
MOC-R4PCC04U05:736369:737208 [3] NCCL INFO Connected to proxy localRank 3 -> connection 0x7f9d680054d0
MOC-R4PCC04U05:736369:736507 [3] NCCL INFO New proxy send connection 13 from local rank 3, transport 0
MOC-R4PCC04U05:736369:737208 [3] NCCL INFO Connected to proxy localRank 3 -> connection 0x7f9d68005548
MOC-R4PCC04U05:736369:736507 [3] NCCL INFO New proxy send connection 14 from local rank 3, transport 0
MOC-R4PCC04U05:736369:737208 [3] NCCL INFO Connected to proxy localRank 3 -> connection 0x7f9d680055c0
MOC-R4PCC04U05:736369:736507 [3] NCCL INFO New proxy send connection 15 from local rank 3, transport 0
MOC-R4PCC04U05:736369:737208 [3] NCCL INFO Connected to proxy localRank 3 -> connection 0x7f9d68005638
MOC-R4PCC04U05:736369:736507 [3] NCCL INFO New proxy send connection 16 from local rank 3, transport 0
MOC-R4PCC04U05:736369:737208 [3] NCCL INFO Connected to proxy localRank 3 -> connection 0x7f9d680056b0
MOC-R4PCC04U05:736368:737211 [2] NCCL INFO GPU Direct RDMA Enabled for GPU 2 / HCA 1 (distance 5 <= 5), read 0 mode Default
MOC-R4PCC04U05:736368:736510 [2] NCCL INFO New proxy recv connection 24 from local rank 2, transport 2
MOC-R4PCC04U05:736368:737211 [2] NCCL INFO Connected to proxy localRank 2 -> connection 0x7ef968005a70
MOC-R4PCC04U05:736368:737211 [2] NCCL INFO Channel 02/0 : 6[2] -> 2[2] [receive] via NET/IB/1/GDRDMA
MOC-R4PCC04U05:736368:737211 [2] NCCL INFO GPU Direct RDMA Enabled for GPU 2 / HCA 1 (distance 5 <= 5), read 0 mode Default
MOC-R4PCC04U05:736368:736510 [2] NCCL INFO New proxy recv connection 25 from local rank 2, transport 2
MOC-R4PCC04U05:736368:737211 [2] NCCL INFO Connected to proxy localRank 2 -> connection 0x7ef968005ae8
MOC-R4PCC04U05:736368:737211 [2] NCCL INFO Channel 03/0 : 6[2] -> 2[2] [receive] via NET/IB/1/GDRDMA
MOC-R4PCC04U05:736368:736510 [2] NCCL INFO New proxy recv connection 26 from local rank 2, transport 0
MOC-R4PCC04U05:736368:737211 [2] NCCL INFO Connected to proxy localRank 2 -> connection 0x7ef968005b60
MOC-R4PCC04U05:736368:736510 [2] NCCL INFO New proxy recv connection 27 from local rank 2, transport 0
MOC-R4PCC04U05:736368:737211 [2] NCCL INFO Connected to proxy localRank 2 -> connection 0x7ef968005bd8
MOC-R4PCC04U05:736368:736510 [2] NCCL INFO New proxy recv connection 28 from local rank 2, transport 0
MOC-R4PCC04U05:736368:737211 [2] NCCL INFO Connected to proxy localRank 2 -> connection 0x7ef968005c50
MOC-R4PCC04U05:736368:736510 [2] NCCL INFO New proxy recv connection 29 from local rank 2, transport 0
MOC-R4PCC04U05:736368:737211 [2] NCCL INFO Connected to proxy localRank 2 -> connection 0x7ef968005cc8
MOC-R4PCC04U05:736369:736507 [3] NCCL INFO New proxy send connection 17 from local rank 2, transport 0
MOC-R4PCC04U05:736368:737211 [2] NCCL INFO Connected to proxy localRank 3 -> connection 0x7f9d68005728
MOC-R4PCC04U05:736368:736510 [2] NCCL INFO NET/IB: NCCL Dev 1 IbDev 0 Port 1 qpn 12158 mtu 3 query_ece={supported=1, vendor_id=0x15b3, options=0x30000002, comp_mask=0x0} GID 3 (0/C132A8C0FFFF0000) fifoRkey=0x17601f fifoLkey=0x17601f
MOC-R4PCC04U05:736368:736510 [2] NCCL INFO NET/IB: NCCL Dev 1 IbDev 0 Port 1 qpn 12159 mtu 3 query_ece={supported=1, vendor_id=0x15b3, options=0x30000002, comp_mask=0x0} GID 3 (0/C132A8C0FFFF0000) fifoRkey=0x17d796 fifoLkey=0x17d796
MOC-R4PCC04U05:736368:736510 [2] NCCL INFO NET/IB: IbDev 0 Port 1 qpn 12734 set_ece={supported=1, vendor_id=0x15b3, options=0x0, comp_mask=0x0}
MOC-R4PCC04U05:736368:736510 [2] NCCL INFO NET/IB: IbDev 0 Port 1 qpn 12736 set_ece={supported=1, vendor_id=0x15b3, options=0x0, comp_mask=0x0}
MOC-R4PCC04U05:736368:736510 [2] NCCL INFO NET/IB: NCCL Dev 1 IbDev 0 Port 1 qpn 12164 mtu 3 query_ece={supported=1, vendor_id=0x15b3, options=0x30000002, comp_mask=0x0} GID 3 (0/C132A8C0FFFF0000) fifoRkey=0x1722e1 fifoLkey=0x1722e1
MOC-R4PCC04U05:736368:736510 [2] NCCL INFO NET/IB: IbDev 0 Port 1 qpn 10187 set_ece={supported=1, vendor_id=0x15b3, options=0x0, comp_mask=0x0}
MOC-R4PCC04U05:736368:736510 [2] NCCL INFO NET/IB: NCCL Dev 1 IbDev 0 Port 1 qpn 12169 mtu 3 query_ece={supported=1, vendor_id=0x15b3, options=0x30000002, comp_mask=0x0} GID 3 (0/C132A8C0FFFF0000) fifoRkey=0x177837 fifoLkey=0x177837
MOC-R4PCC04U05:736368:736510 [2] NCCL INFO NET/IB: IbDev 0 Port 1 qpn 10190 set_ece={supported=1, vendor_id=0x15b3, options=0x0, comp_mask=0x0}
step    1/10 | train loss 11.008972 | norm 15.7109 | lr 1.00e-04 | (13986.87 ms | 37484 tok/s)
step    2/10 | train loss 10.123236 | norm 5.8019 | lr 1.00e-04 | (382.85 ms | 1369418 tok/s)
step    3/10 | train loss 9.777212 | norm 2.6314 | lr 1.00e-04 | (310.51 ms | 1688455 tok/s)
step    4/10 | train loss 9.607357 | norm 2.1166 | lr 1.00e-04 | (190.56 ms | 2751248 tok/s)
step    5/10 | train loss 9.524712 | norm 2.1075 | lr 1.00e-04 | (208.05 ms | 2519998 tok/s)
step    6/10 | train loss 9.443521 | norm 2.0013 | lr 1.00e-04 | (152.89 ms | 3429153 tok/s)
step    7/10 | train loss 9.358727 | norm 1.9491 | lr 1.00e-04 | (155.14 ms | 3379536 tok/s)
step    8/10 | train loss 9.269131 | norm 1.9124 | lr 1.00e-04 | (152.18 ms | 3445271 tok/s)
step    9/10 | train loss 9.176627 | norm 1.8636 | lr 1.00e-04 | (153.11 ms | 3424363 tok/s)
step   10/10 | train loss 9.088070 | norm 1.7782 | lr 1.00e-04 | (198.38 ms | 2642873 tok/s)
final 9 iters avg: 211.519ms
peak memory consumption: 16121 MiB
