Running pytorch 2.7.0+cu126
using device: cuda:0
total desired batch size: 3145728
=> calculated gradient accumulation steps: 6
using device: cuda:2
using device: cuda:1
using device: cuda:3
compiling the model...
DataLoader: total number of tokens: 1,661,249,667 across 103 files
MOC-R4PCC04U05:638220:638220 [0] NCCL INFO NCCL_SOCKET_IFNAME set to eno7np0
MOC-R4PCC04U05:638220:638220 [0] NCCL INFO NCCL version 2.26.2+cuda12.2
MOC-R4PCC04U05:638220:638324 [0] NCCL INFO NET/Plugin: Could not find: libnccl-net.so. Using internal net plugin.
MOC-R4PCC04U05:638220:638324 [0] NCCL INFO NCCL_IB_HCA set to mlx5_5
MOC-R4PCC04U05:638221:638221 [1] NCCL INFO NCCL_SOCKET_IFNAME set to eno7np0
MOC-R4PCC04U05:638221:638221 [1] NCCL INFO NCCL version 2.26.2+cuda12.2
MOC-R4PCC04U05:638220:638324 [0] NCCL INFO NET/IB : Made virtual device [0] name=mlx5_5 speed=400000 ndevs=1
MOC-R4PCC04U05:638220:638324 [0] NCCL INFO NET/IB : Using [0]mlx5_5:1/RoCE [RO]; OOB eno7np0:192.168.50.193<0>
MOC-R4PCC04U05:638223:638223 [3] NCCL INFO NCCL_SOCKET_IFNAME set to eno7np0
MOC-R4PCC04U05:638222:638222 [2] NCCL INFO NCCL_SOCKET_IFNAME set to eno7np0
MOC-R4PCC04U05:638223:638223 [3] NCCL INFO NCCL version 2.26.2+cuda12.2
MOC-R4PCC04U05:638222:638222 [2] NCCL INFO NCCL version 2.26.2+cuda12.2
MOC-R4PCC04U05:638221:638347 [1] NCCL INFO NET/Plugin: Could not find: libnccl-net.so. Using internal net plugin.
MOC-R4PCC04U05:638221:638347 [1] NCCL INFO NCCL_IB_HCA set to mlx5_5
MOC-R4PCC04U05:638221:638347 [1] NCCL INFO NET/IB : Made virtual device [0] name=mlx5_5 speed=400000 ndevs=1
MOC-R4PCC04U05:638221:638347 [1] NCCL INFO NET/IB : Using [0]mlx5_5:1/RoCE [RO]; OOB eno7np0:192.168.50.193<0>
MOC-R4PCC04U05:638222:638349 [2] NCCL INFO NET/Plugin: Could not find: libnccl-net.so. Using internal net plugin.
MOC-R4PCC04U05:638223:638348 [3] NCCL INFO NET/Plugin: Could not find: libnccl-net.so. Using internal net plugin.
MOC-R4PCC04U05:638222:638349 [2] NCCL INFO NCCL_IB_HCA set to mlx5_5
MOC-R4PCC04U05:638223:638348 [3] NCCL INFO NCCL_IB_HCA set to mlx5_5
MOC-R4PCC04U05:638222:638349 [2] NCCL INFO NET/IB : Made virtual device [0] name=mlx5_5 speed=400000 ndevs=1
MOC-R4PCC04U05:638222:638349 [2] NCCL INFO NET/IB : Using [0]mlx5_5:1/RoCE [RO]; OOB eno7np0:192.168.50.193<0>
MOC-R4PCC04U05:638223:638348 [3] NCCL INFO NET/IB : Made virtual device [0] name=mlx5_5 speed=400000 ndevs=1
MOC-R4PCC04U05:638223:638348 [3] NCCL INFO NET/IB : Using [0]mlx5_5:1/RoCE [RO]; OOB eno7np0:192.168.50.193<0>
MOC-R4PCC04U05:638221:638347 [1] NCCL INFO NET/IB : GPU Direct RDMA Enabled for HCA 0 'mlx5_5'
MOC-R4PCC04U05:638221:638347 [1] NCCL INFO NET/IB : Made virtual device [1] name=mlx5_5 speed=400000 ndevs=1
MOC-R4PCC04U05:638221:638347 [1] NCCL INFO NET/IB : GPU Direct RDMA Enabled for HCA 0 'mlx5_5'
MOC-R4PCC04U05:638221:638347 [1] NCCL INFO NET/IB : GPU Direct RDMA Enabled for HCA 1 'mlx5_5'
MOC-R4PCC04U05:638220:638324 [0] NCCL INFO NET/IB : GPU Direct RDMA Enabled for HCA 0 'mlx5_5'
MOC-R4PCC04U05:638220:638324 [0] NCCL INFO NET/IB : Made virtual device [1] name=mlx5_5 speed=400000 ndevs=1
MOC-R4PCC04U05:638220:638324 [0] NCCL INFO NET/IB : GPU Direct RDMA Enabled for HCA 0 'mlx5_5'
MOC-R4PCC04U05:638220:638324 [0] NCCL INFO NET/IB : GPU Direct RDMA Enabled for HCA 1 'mlx5_5'
MOC-R4PCC04U05:638222:638349 [2] NCCL INFO NET/IB : GPU Direct RDMA Enabled for HCA 0 'mlx5_5'
MOC-R4PCC04U05:638222:638349 [2] NCCL INFO NET/IB : Made virtual device [1] name=mlx5_5 speed=400000 ndevs=1
MOC-R4PCC04U05:638222:638349 [2] NCCL INFO NET/IB : GPU Direct RDMA Enabled for HCA 0 'mlx5_5'
MOC-R4PCC04U05:638222:638349 [2] NCCL INFO NET/IB : GPU Direct RDMA Enabled for HCA 1 'mlx5_5'
MOC-R4PCC04U05:638223:638348 [3] NCCL INFO NET/IB : GPU Direct RDMA Enabled for HCA 0 'mlx5_5'
MOC-R4PCC04U05:638223:638348 [3] NCCL INFO NET/IB : Made virtual device [1] name=mlx5_5 speed=400000 ndevs=1
MOC-R4PCC04U05:638223:638348 [3] NCCL INFO NET/IB : GPU Direct RDMA Enabled for HCA 0 'mlx5_5'
MOC-R4PCC04U05:638223:638348 [3] NCCL INFO NET/IB : GPU Direct RDMA Enabled for HCA 1 'mlx5_5'
MOC-R4PCC04U05:638220:638324 [0] NCCL INFO GPU Direct RDMA Enabled for GPU 0 / HCA 1 (distance 5 <= 5), read 0 mode Default
MOC-R4PCC04U05:638220:638324 [0] NCCL INFO GPU Direct RDMA Enabled for GPU 1 / HCA 1 (distance 5 <= 5), read 0 mode Default
MOC-R4PCC04U05:638220:638324 [0] NCCL INFO GPU Direct RDMA Enabled for GPU 2 / HCA 1 (distance 5 <= 5), read 0 mode Default
MOC-R4PCC04U05:638220:638324 [0] NCCL INFO GPU Direct RDMA Enabled for GPU 3 / HCA 1 (distance 5 <= 5), read 0 mode Default
MOC-R4PCC04U05:638220:638324 [0] NCCL INFO GPU Direct RDMA Enabled for GPU 0 / HCA 1 (distance 5 <= 5), read 0 mode Default
MOC-R4PCC04U05:638220:638324 [0] NCCL INFO GPU Direct RDMA Enabled for GPU 1 / HCA 1 (distance 5 <= 5), read 0 mode Default
MOC-R4PCC04U05:638220:638324 [0] NCCL INFO GPU Direct RDMA Enabled for GPU 2 / HCA 1 (distance 5 <= 5), read 0 mode Default
MOC-R4PCC04U05:638220:638324 [0] NCCL INFO GPU Direct RDMA Enabled for GPU 3 / HCA 1 (distance 5 <= 5), read 0 mode Default
MOC-R4PCC04U05:638221:638347 [1] NCCL INFO GPU Direct RDMA Enabled for GPU 0 / HCA 1 (distance 5 <= 5), read 0 mode Default
MOC-R4PCC04U05:638221:638347 [1] NCCL INFO GPU Direct RDMA Enabled for GPU 1 / HCA 1 (distance 5 <= 5), read 0 mode Default
MOC-R4PCC04U05:638221:638347 [1] NCCL INFO GPU Direct RDMA Enabled for GPU 2 / HCA 1 (distance 5 <= 5), read 0 mode Default
MOC-R4PCC04U05:638221:638347 [1] NCCL INFO GPU Direct RDMA Enabled for GPU 3 / HCA 1 (distance 5 <= 5), read 0 mode Default
MOC-R4PCC04U05:638221:638347 [1] NCCL INFO GPU Direct RDMA Enabled for GPU 0 / HCA 1 (distance 5 <= 5), read 0 mode Default
MOC-R4PCC04U05:638221:638347 [1] NCCL INFO GPU Direct RDMA Enabled for GPU 1 / HCA 1 (distance 5 <= 5), read 0 mode Default
MOC-R4PCC04U05:638221:638347 [1] NCCL INFO GPU Direct RDMA Enabled for GPU 2 / HCA 1 (distance 5 <= 5), read 0 mode Default
MOC-R4PCC04U05:638221:638347 [1] NCCL INFO GPU Direct RDMA Enabled for GPU 3 / HCA 1 (distance 5 <= 5), read 0 mode Default
MOC-R4PCC04U05:638222:638349 [2] NCCL INFO GPU Direct RDMA Enabled for GPU 0 / HCA 1 (distance 5 <= 5), read 0 mode Default
MOC-R4PCC04U05:638222:638349 [2] NCCL INFO GPU Direct RDMA Enabled for GPU 1 / HCA 1 (distance 5 <= 5), read 0 mode Default
MOC-R4PCC04U05:638222:638349 [2] NCCL INFO GPU Direct RDMA Enabled for GPU 2 / HCA 1 (distance 5 <= 5), read 0 mode Default
MOC-R4PCC04U05:638222:638349 [2] NCCL INFO GPU Direct RDMA Enabled for GPU 3 / HCA 1 (distance 5 <= 5), read 0 mode Default
MOC-R4PCC04U05:638222:638349 [2] NCCL INFO GPU Direct RDMA Enabled for GPU 0 / HCA 1 (distance 5 <= 5), read 0 mode Default
MOC-R4PCC04U05:638222:638349 [2] NCCL INFO GPU Direct RDMA Enabled for GPU 1 / HCA 1 (distance 5 <= 5), read 0 mode Default
MOC-R4PCC04U05:638222:638349 [2] NCCL INFO GPU Direct RDMA Enabled for GPU 2 / HCA 1 (distance 5 <= 5), read 0 mode Default
MOC-R4PCC04U05:638222:638349 [2] NCCL INFO GPU Direct RDMA Enabled for GPU 3 / HCA 1 (distance 5 <= 5), read 0 mode Default
MOC-R4PCC04U05:638223:638348 [3] NCCL INFO GPU Direct RDMA Enabled for GPU 0 / HCA 1 (distance 5 <= 5), read 0 mode Default
MOC-R4PCC04U05:638223:638348 [3] NCCL INFO GPU Direct RDMA Enabled for GPU 1 / HCA 1 (distance 5 <= 5), read 0 mode Default
MOC-R4PCC04U05:638223:638348 [3] NCCL INFO GPU Direct RDMA Enabled for GPU 2 / HCA 1 (distance 5 <= 5), read 0 mode Default
MOC-R4PCC04U05:638223:638348 [3] NCCL INFO GPU Direct RDMA Enabled for GPU 3 / HCA 1 (distance 5 <= 5), read 0 mode Default
MOC-R4PCC04U05:638223:638348 [3] NCCL INFO GPU Direct RDMA Enabled for GPU 0 / HCA 1 (distance 5 <= 5), read 0 mode Default
MOC-R4PCC04U05:638223:638348 [3] NCCL INFO GPU Direct RDMA Enabled for GPU 1 / HCA 1 (distance 5 <= 5), read 0 mode Default
MOC-R4PCC04U05:638223:638348 [3] NCCL INFO GPU Direct RDMA Enabled for GPU 2 / HCA 1 (distance 5 <= 5), read 0 mode Default
MOC-R4PCC04U05:638223:638348 [3] NCCL INFO GPU Direct RDMA Enabled for GPU 3 / HCA 1 (distance 5 <= 5), read 0 mode Default
MOC-R4PCC04U05:638220:638363 [0] NCCL INFO New proxy send connection 0 from local rank 0, transport 0
MOC-R4PCC04U05:638220:638436 [0] NCCL INFO Connected to proxy localRank 0 -> connection 0x7fcb48004f30
MOC-R4PCC04U05:638220:638363 [0] NCCL INFO New proxy send connection 1 from local rank 0, transport 0
MOC-R4PCC04U05:638220:638436 [0] NCCL INFO Connected to proxy localRank 0 -> connection 0x7fcb48004fa8
MOC-R4PCC04U05:638223:638361 [3] NCCL INFO New proxy recv connection 0 from local rank 3, transport 0
MOC-R4PCC04U05:638223:638437 [3] NCCL INFO Connected to proxy localRank 3 -> connection 0x7f9e68004f30
MOC-R4PCC04U05:638220:638363 [0] NCCL INFO New proxy send connection 2 from local rank 0, transport 0
MOC-R4PCC04U05:638220:638436 [0] NCCL INFO Connected to proxy localRank 0 -> connection 0x7fcb48005020
MOC-R4PCC04U05:638222:638438 [2] NCCL INFO GPU Direct RDMA Enabled for GPU 2 / HCA 1 (distance 5 <= 5), read 0 mode Default
MOC-R4PCC04U05:638220:638363 [0] NCCL INFO New proxy send connection 3 from local rank 0, transport 0
MOC-R4PCC04U05:638220:638436 [0] NCCL INFO Connected to proxy localRank 0 -> connection 0x7fcb48005098
MOC-R4PCC04U05:638223:638361 [3] NCCL INFO New proxy recv connection 1 from local rank 3, transport 0
MOC-R4PCC04U05:638223:638437 [3] NCCL INFO Connected to proxy localRank 3 -> connection 0x7f9e68004fa8
MOC-R4PCC04U05:638223:638361 [3] NCCL INFO New proxy recv connection 2 from local rank 3, transport 0
MOC-R4PCC04U05:638223:638437 [3] NCCL INFO Connected to proxy localRank 3 -> connection 0x7f9e68005020
MOC-R4PCC04U05:638223:638361 [3] NCCL INFO New proxy recv connection 3 from local rank 3, transport 0
MOC-R4PCC04U05:638223:638437 [3] NCCL INFO Connected to proxy localRank 3 -> connection 0x7f9e68005098
MOC-R4PCC04U05:638222:638362 [2] NCCL INFO New proxy recv connection 0 from local rank 2, transport 2
MOC-R4PCC04U05:638222:638438 [2] NCCL INFO Connected to proxy localRank 2 -> connection 0x7fe5a8004f30
MOC-R4PCC04U05:638222:638438 [2] NCCL INFO Channel 00/0 : 15[3] -> 2[2] [receive] via NET/IB/1/GDRDMA
MOC-R4PCC04U05:638222:638438 [2] NCCL INFO GPU Direct RDMA Enabled for GPU 2 / HCA 1 (distance 5 <= 5), read 0 mode Default
MOC-R4PCC04U05:638222:638362 [2] NCCL INFO New proxy recv connection 1 from local rank 2, transport 2
MOC-R4PCC04U05:638222:638438 [2] NCCL INFO Connected to proxy localRank 2 -> connection 0x7fe5a8004fa8
MOC-R4PCC04U05:638222:638438 [2] NCCL INFO Channel 01/0 : 15[3] -> 2[2] [receive] via NET/IB/1/GDRDMA
MOC-R4PCC04U05:638222:638438 [2] NCCL INFO GPU Direct RDMA Enabled for GPU 2 / HCA 1 (distance 5 <= 5), read 0 mode Default
MOC-R4PCC04U05:638222:638362 [2] NCCL INFO New proxy recv connection 2 from local rank 2, transport 2
MOC-R4PCC04U05:638222:638438 [2] NCCL INFO Connected to proxy localRank 2 -> connection 0x7fe5a8005020
MOC-R4PCC04U05:638222:638438 [2] NCCL INFO Channel 02/0 : 15[3] -> 2[2] [receive] via NET/IB/1/GDRDMA
MOC-R4PCC04U05:638222:638438 [2] NCCL INFO GPU Direct RDMA Enabled for GPU 2 / HCA 1 (distance 5 <= 5), read 0 mode Default
MOC-R4PCC04U05:638222:638362 [2] NCCL INFO New proxy recv connection 3 from local rank 2, transport 2
MOC-R4PCC04U05:638222:638438 [2] NCCL INFO Connected to proxy localRank 2 -> connection 0x7fe5a8005098
MOC-R4PCC04U05:638222:638438 [2] NCCL INFO Channel 03/0 : 15[3] -> 2[2] [receive] via NET/IB/1/GDRDMA
MOC-R4PCC04U05:638223:638437 [3] NCCL INFO GPU Direct RDMA Enabled for GPU 3 / HCA 1 (distance 5 <= 5), read 1 mode Default
MOC-R4PCC04U05:638222:638362 [2] NCCL INFO New proxy send connection 4 from local rank 3, transport 2
MOC-R4PCC04U05:638223:638437 [3] NCCL INFO Connected to proxy localRank 2 -> connection 0x7fe5a8005110
MOC-R4PCC04U05:638223:638437 [3] NCCL INFO Channel 00/0 : 3[3] -> 6[2] [send] via NET/IB/1(2)/GDRDMA
MOC-R4PCC04U05:638223:638437 [3] NCCL INFO GPU Direct RDMA Enabled for GPU 3 / HCA 1 (distance 5 <= 5), read 1 mode Default
MOC-R4PCC04U05:638222:638362 [2] NCCL INFO New proxy send connection 5 from local rank 3, transport 2
MOC-R4PCC04U05:638223:638437 [3] NCCL INFO Connected to proxy localRank 2 -> connection 0x7fe5a8005188
MOC-R4PCC04U05:638223:638437 [3] NCCL INFO Channel 01/0 : 3[3] -> 6[2] [send] via NET/IB/1(2)/GDRDMA
MOC-R4PCC04U05:638223:638437 [3] NCCL INFO GPU Direct RDMA Enabled for GPU 3 / HCA 1 (distance 5 <= 5), read 1 mode Default
MOC-R4PCC04U05:638222:638362 [2] NCCL INFO New proxy send connection 6 from local rank 3, transport 2
MOC-R4PCC04U05:638223:638437 [3] NCCL INFO Connected to proxy localRank 2 -> connection 0x7fe5a8005200
MOC-R4PCC04U05:638223:638437 [3] NCCL INFO Channel 02/0 : 3[3] -> 6[2] [send] via NET/IB/1(2)/GDRDMA
MOC-R4PCC04U05:638223:638437 [3] NCCL INFO GPU Direct RDMA Enabled for GPU 3 / HCA 1 (distance 5 <= 5), read 1 mode Default
MOC-R4PCC04U05:638222:638362 [2] NCCL INFO New proxy send connection 7 from local rank 3, transport 2
MOC-R4PCC04U05:638223:638437 [3] NCCL INFO Connected to proxy localRank 2 -> connection 0x7fe5a8005278
MOC-R4PCC04U05:638223:638437 [3] NCCL INFO Channel 03/0 : 3[3] -> 6[2] [send] via NET/IB/1(2)/GDRDMA
MOC-R4PCC04U05:638220:638363 [0] NCCL INFO New proxy recv connection 4 from local rank 0, transport 0
MOC-R4PCC04U05:638220:638436 [0] NCCL INFO Connected to proxy localRank 0 -> connection 0x7fcb48005110
MOC-R4PCC04U05:638221:638364 [1] NCCL INFO New proxy recv connection 0 from local rank 1, transport 0
MOC-R4PCC04U05:638221:638440 [1] NCCL INFO Connected to proxy localRank 1 -> connection 0x7f1c10004f30
MOC-R4PCC04U05:638220:638363 [0] NCCL INFO New proxy recv connection 5 from local rank 0, transport 0
MOC-R4PCC04U05:638220:638436 [0] NCCL INFO Connected to proxy localRank 0 -> connection 0x7fcb48005188
MOC-R4PCC04U05:638220:638363 [0] NCCL INFO New proxy send connection 6 from local rank 3, transport 0
MOC-R4PCC04U05:638223:638437 [3] NCCL INFO Connected to proxy localRank 0 -> connection 0x7fcb48005200
MOC-R4PCC04U05:638221:638364 [1] NCCL INFO New proxy recv connection 1 from local rank 1, transport 0
MOC-R4PCC04U05:638221:638440 [1] NCCL INFO Connected to proxy localRank 1 -> connection 0x7f1c10004fa8
MOC-R4PCC04U05:638220:638363 [0] NCCL INFO New proxy recv connection 7 from local rank 0, transport 0
MOC-R4PCC04U05:638220:638436 [0] NCCL INFO Connected to proxy localRank 0 -> connection 0x7fcb48005278
MOC-R4PCC04U05:638220:638363 [0] NCCL INFO New proxy recv connection 8 from local rank 0, transport 0
MOC-R4PCC04U05:638220:638436 [0] NCCL INFO Connected to proxy localRank 0 -> connection 0x7fcb480052f0
MOC-R4PCC04U05:638221:638364 [1] NCCL INFO New proxy recv connection 2 from local rank 1, transport 0
MOC-R4PCC04U05:638221:638440 [1] NCCL INFO Connected to proxy localRank 1 -> connection 0x7f1c10005020
MOC-R4PCC04U05:638221:638364 [1] NCCL INFO New proxy recv connection 3 from local rank 1, transport 0
MOC-R4PCC04U05:638221:638440 [1] NCCL INFO Connected to proxy localRank 1 -> connection 0x7f1c10005098
MOC-R4PCC04U05:638221:638364 [1] NCCL INFO New proxy send connection 4 from local rank 1, transport 0
MOC-R4PCC04U05:638221:638440 [1] NCCL INFO Connected to proxy localRank 1 -> connection 0x7f1c10005110
MOC-R4PCC04U05:638221:638364 [1] NCCL INFO New proxy send connection 5 from local rank 1, transport 0
MOC-R4PCC04U05:638221:638440 [1] NCCL INFO Connected to proxy localRank 1 -> connection 0x7f1c10005188
MOC-R4PCC04U05:638221:638364 [1] NCCL INFO New proxy send connection 6 from local rank 1, transport 0
MOC-R4PCC04U05:638221:638440 [1] NCCL INFO Connected to proxy localRank 1 -> connection 0x7f1c10005200
MOC-R4PCC04U05:638221:638364 [1] NCCL INFO New proxy send connection 7 from local rank 1, transport 0
MOC-R4PCC04U05:638221:638440 [1] NCCL INFO Connected to proxy localRank 1 -> connection 0x7f1c10005278
MOC-R4PCC04U05:638223:638361 [3] NCCL INFO New proxy send connection 4 from local rank 0, transport 0
MOC-R4PCC04U05:638220:638436 [0] NCCL INFO Connected to proxy localRank 3 -> connection 0x7f9e68005110
MOC-R4PCC04U05:638222:638362 [2] NCCL INFO NET/IB: NCCL Dev 1 IbDev 0 Port 1 qpn 10466 mtu 3 query_ece={supported=1, vendor_id=0x15b3, options=0x30000002, comp_mask=0x0} GID 3 (0/C132A8C0FFFF0000) fifoRkey=0x17d796 fifoLkey=0x17d796
MOC-R4PCC04U05:638222:638362 [2] NCCL INFO NET/IB: NCCL Dev 1 IbDev 0 Port 1 qpn 10467 mtu 3 query_ece={supported=1, vendor_id=0x15b3, options=0x30000002, comp_mask=0x0} GID 3 (0/C132A8C0FFFF0000) fifoRkey=0x17904f fifoLkey=0x17904f
MOC-R4PCC04U05:638222:638362 [2] NCCL INFO NET/IB: NCCL Dev 1 IbDev 0 Port 1 qpn 10468 mtu 3 query_ece={supported=1, vendor_id=0x15b3, options=0x30000002, comp_mask=0x0} GID 3 (0/C132A8C0FFFF0000) fifoRkey=0x179c5b fifoLkey=0x179c5b
MOC-R4PCC04U05:638222:638362 [2] NCCL INFO NET/IB: IbDev 0 Port 1 qpn 10202 set_ece={supported=1, vendor_id=0x15b3, options=0x0, comp_mask=0x0}
MOC-R4PCC04U05:638222:638362 [2] NCCL INFO NET/IB: IbDev 0 Port 1 qpn 10204 set_ece={supported=1, vendor_id=0x15b3, options=0x0, comp_mask=0x0}
MOC-R4PCC04U05:638222:638362 [2] NCCL INFO NET/IB: IbDev 0 Port 1 qpn 10206 set_ece={supported=1, vendor_id=0x15b3, options=0x0, comp_mask=0x0}
MOC-R4PCC04U05:638221:638364 [1] NCCL INFO New proxy send connection 8 from local rank 0, transport 0
MOC-R4PCC04U05:638220:638436 [0] NCCL INFO Connected to proxy localRank 1 -> connection 0x7f1c100052f0
MOC-R4PCC04U05:638222:638362 [2] NCCL INFO NET/IB: NCCL Dev 1 IbDev 0 Port 1 qpn 10469 mtu 3 query_ece={supported=1, vendor_id=0x15b3, options=0x30000002, comp_mask=0x0} GID 3 (0/C132A8C0FFFF0000) fifoRkey=0x17b979 fifoLkey=0x17b979
MOC-R4PCC04U05:638222:638362 [2] NCCL INFO New proxy send connection 8 from local rank 2, transport 0
MOC-R4PCC04U05:638222:638362 [2] NCCL INFO New proxy send connection 9 from local rank 3, transport 0
MOC-R4PCC04U05:638223:638437 [3] NCCL INFO Connected to proxy localRank 2 -> connection 0x7fe5a8005368
MOC-R4PCC04U05:638222:638438 [2] NCCL INFO Connected to proxy localRank 2 -> connection 0x7fe5a80052f0
MOC-R4PCC04U05:638222:638362 [2] NCCL INFO New proxy send connection 10 from local rank 2, transport 0
MOC-R4PCC04U05:638222:638438 [2] NCCL INFO Connected to proxy localRank 2 -> connection 0x7fe5a80053e0
MOC-R4PCC04U05:638222:638362 [2] NCCL INFO New proxy send connection 11 from local rank 2, transport 0
MOC-R4PCC04U05:638222:638438 [2] NCCL INFO Connected to proxy localRank 2 -> connection 0x7fe5a8005458
MOC-R4PCC04U05:638222:638362 [2] NCCL INFO New proxy send connection 12 from local rank 2, transport 0
MOC-R4PCC04U05:638222:638438 [2] NCCL INFO Connected to proxy localRank 2 -> connection 0x7fe5a80054d0
MOC-R4PCC04U05:638220:638363 [0] NCCL INFO New proxy send connection 9 from local rank 1, transport 0
MOC-R4PCC04U05:638221:638440 [1] NCCL INFO Connected to proxy localRank 0 -> connection 0x7fcb48005368
MOC-R4PCC04U05:638221:638364 [1] NCCL INFO New proxy send connection 9 from local rank 2, transport 0
MOC-R4PCC04U05:638222:638438 [2] NCCL INFO Connected to proxy localRank 1 -> connection 0x7f1c10005368
MOC-R4PCC04U05:638222:638362 [2] NCCL INFO NET/IB: IbDev 0 Port 1 qpn 10208 set_ece={supported=1, vendor_id=0x15b3, options=0x0, comp_mask=0x0}
MOC-R4PCC04U05:638222:638362 [2] NCCL INFO New proxy send connection 13 from local rank 1, transport 0
MOC-R4PCC04U05:638221:638440 [1] NCCL INFO Connected to proxy localRank 2 -> connection 0x7fe5a8005548
num decayed parameter tensors: 50, with 124,318,464 parameters
num non-decayed parameter tensors: 98, with 121,344 parameters
using fused AdamW: False
using regular AdamW
MOC-R4PCC04U05:638221:638364 [1] NCCL INFO New proxy recv connection 10 from local rank 1, transport 0
MOC-R4PCC04U05:638221:639062 [1] NCCL INFO Connected to proxy localRank 1 -> connection 0x7f1c100053e0
MOC-R4PCC04U05:638221:638364 [1] NCCL INFO New proxy recv connection 11 from local rank 1, transport 0
MOC-R4PCC04U05:638221:639062 [1] NCCL INFO Connected to proxy localRank 1 -> connection 0x7f1c10005458
MOC-R4PCC04U05:638221:638364 [1] NCCL INFO New proxy recv connection 12 from local rank 1, transport 0
MOC-R4PCC04U05:638221:639062 [1] NCCL INFO Connected to proxy localRank 1 -> connection 0x7f1c100054d0
MOC-R4PCC04U05:638221:638364 [1] NCCL INFO New proxy recv connection 13 from local rank 1, transport 0
MOC-R4PCC04U05:638221:639062 [1] NCCL INFO Connected to proxy localRank 1 -> connection 0x7f1c10005548
MOC-R4PCC04U05:638220:638363 [0] NCCL INFO New proxy send connection 10 from local rank 0, transport 0
MOC-R4PCC04U05:638220:639063 [0] NCCL INFO Connected to proxy localRank 0 -> connection 0x7fcb480053e0
MOC-R4PCC04U05:638220:638363 [0] NCCL INFO New proxy send connection 11 from local rank 0, transport 0
MOC-R4PCC04U05:638220:639063 [0] NCCL INFO Connected to proxy localRank 0 -> connection 0x7fcb48005458
MOC-R4PCC04U05:638220:638363 [0] NCCL INFO New proxy send connection 12 from local rank 0, transport 0
MOC-R4PCC04U05:638220:639063 [0] NCCL INFO Connected to proxy localRank 0 -> connection 0x7fcb480054d0
MOC-R4PCC04U05:638220:638363 [0] NCCL INFO New proxy send connection 13 from local rank 0, transport 0
MOC-R4PCC04U05:638220:639063 [0] NCCL INFO Connected to proxy localRank 0 -> connection 0x7fcb48005548
MOC-R4PCC04U05:638220:638363 [0] NCCL INFO New proxy recv connection 14 from local rank 0, transport 0
MOC-R4PCC04U05:638220:639063 [0] NCCL INFO Connected to proxy localRank 0 -> connection 0x7fcb480055c0
MOC-R4PCC04U05:638220:638363 [0] NCCL INFO New proxy recv connection 15 from local rank 0, transport 0
MOC-R4PCC04U05:638220:639063 [0] NCCL INFO Connected to proxy localRank 0 -> connection 0x7fcb48005638
MOC-R4PCC04U05:638220:638363 [0] NCCL INFO New proxy recv connection 16 from local rank 0, transport 0
MOC-R4PCC04U05:638220:639063 [0] NCCL INFO Connected to proxy localRank 0 -> connection 0x7fcb480056b0
MOC-R4PCC04U05:638220:638363 [0] NCCL INFO New proxy recv connection 17 from local rank 0, transport 0
MOC-R4PCC04U05:638220:639063 [0] NCCL INFO Connected to proxy localRank 0 -> connection 0x7fcb48005728
MOC-R4PCC04U05:638223:638361 [3] NCCL INFO New proxy recv connection 5 from local rank 3, transport 0
MOC-R4PCC04U05:638223:639064 [3] NCCL INFO Connected to proxy localRank 3 -> connection 0x7f9e68005188
MOC-R4PCC04U05:638223:638361 [3] NCCL INFO New proxy recv connection 6 from local rank 3, transport 0
MOC-R4PCC04U05:638223:639064 [3] NCCL INFO Connected to proxy localRank 3 -> connection 0x7f9e68005200
MOC-R4PCC04U05:638223:638361 [3] NCCL INFO New proxy recv connection 7 from local rank 3, transport 0
MOC-R4PCC04U05:638223:639064 [3] NCCL INFO Connected to proxy localRank 3 -> connection 0x7f9e68005278
MOC-R4PCC04U05:638223:638361 [3] NCCL INFO New proxy recv connection 8 from local rank 3, transport 0
MOC-R4PCC04U05:638223:639064 [3] NCCL INFO Connected to proxy localRank 3 -> connection 0x7f9e680052f0
MOC-R4PCC04U05:638222:638362 [2] NCCL INFO New proxy send connection 14 from local rank 2, transport 0
MOC-R4PCC04U05:638222:639065 [2] NCCL INFO Connected to proxy localRank 2 -> connection 0x7fe5a80055c0
MOC-R4PCC04U05:638222:638362 [2] NCCL INFO New proxy send connection 15 from local rank 2, transport 0
MOC-R4PCC04U05:638222:639065 [2] NCCL INFO Connected to proxy localRank 2 -> connection 0x7fe5a8005638
MOC-R4PCC04U05:638222:638362 [2] NCCL INFO New proxy send connection 16 from local rank 2, transport 0
MOC-R4PCC04U05:638222:639065 [2] NCCL INFO Connected to proxy localRank 2 -> connection 0x7fe5a80056b0
MOC-R4PCC04U05:638222:638362 [2] NCCL INFO New proxy send connection 17 from local rank 2, transport 0
MOC-R4PCC04U05:638222:639065 [2] NCCL INFO Connected to proxy localRank 2 -> connection 0x7fe5a8005728
MOC-R4PCC04U05:638222:639065 [2] NCCL INFO GPU Direct RDMA Enabled for GPU 2 / HCA 1 (distance 5 <= 5), read 1 mode Default
MOC-R4PCC04U05:638222:638362 [2] NCCL INFO New proxy send connection 18 from local rank 2, transport 2
MOC-R4PCC04U05:638222:639065 [2] NCCL INFO Connected to proxy localRank 2 -> connection 0x7fe5a80057a0
MOC-R4PCC04U05:638222:639065 [2] NCCL INFO Channel 02/0 : 2[2] -> 6[2] [send] via NET/IB/1/GDRDMA
MOC-R4PCC04U05:638222:639065 [2] NCCL INFO GPU Direct RDMA Enabled for GPU 2 / HCA 1 (distance 5 <= 5), read 1 mode Default
MOC-R4PCC04U05:638222:638362 [2] NCCL INFO New proxy send connection 19 from local rank 2, transport 2
MOC-R4PCC04U05:638223:638361 [3] NCCL INFO New proxy send connection 9 from local rank 3, transport 0
MOC-R4PCC04U05:638222:639065 [2] NCCL INFO Connected to proxy localRank 2 -> connection 0x7fe5a8005818
MOC-R4PCC04U05:638223:639064 [3] NCCL INFO Connected to proxy localRank 3 -> connection 0x7f9e68005368
MOC-R4PCC04U05:638222:639065 [2] NCCL INFO Channel 03/0 : 2[2] -> 6[2] [send] via NET/IB/1/GDRDMA
MOC-R4PCC04U05:638222:639065 [2] NCCL INFO GPU Direct RDMA Enabled for GPU 2 / HCA 1 (distance 5 <= 5), read 0 mode Default
MOC-R4PCC04U05:638222:638362 [2] NCCL INFO New proxy recv connection 20 from local rank 2, transport 2
MOC-R4PCC04U05:638222:639065 [2] NCCL INFO Connected to proxy localRank 2 -> connection 0x7fe5a8005890
MOC-R4PCC04U05:638223:638361 [3] NCCL INFO New proxy send connection 10 from local rank 3, transport 0
MOC-R4PCC04U05:638223:639064 [3] NCCL INFO Connected to proxy localRank 3 -> connection 0x7f9e680053e0
MOC-R4PCC04U05:638222:639065 [2] NCCL INFO Channel 00/0 : 10[2] -> 2[2] [receive] via NET/IB/1/GDRDMA
MOC-R4PCC04U05:638222:639065 [2] NCCL INFO GPU Direct RDMA Enabled for GPU 2 / HCA 1 (distance 5 <= 5), read 0 mode Default
MOC-R4PCC04U05:638222:638362 [2] NCCL INFO New proxy recv connection 21 from local rank 2, transport 2
MOC-R4PCC04U05:638222:639065 [2] NCCL INFO Connected to proxy localRank 2 -> connection 0x7fe5a8005908
MOC-R4PCC04U05:638222:639065 [2] NCCL INFO Channel 01/0 : 10[2] -> 2[2] [receive] via NET/IB/1/GDRDMA
MOC-R4PCC04U05:638222:639065 [2] NCCL INFO GPU Direct RDMA Enabled for GPU 2 / HCA 1 (distance 5 <= 5), read 1 mode Default
MOC-R4PCC04U05:638223:638361 [3] NCCL INFO New proxy send connection 11 from local rank 3, transport 0
MOC-R4PCC04U05:638223:639064 [3] NCCL INFO Connected to proxy localRank 3 -> connection 0x7f9e68005458
MOC-R4PCC04U05:638222:638362 [2] NCCL INFO New proxy send connection 22 from local rank 2, transport 2
MOC-R4PCC04U05:638222:639065 [2] NCCL INFO Connected to proxy localRank 2 -> connection 0x7fe5a8005980
MOC-R4PCC04U05:638222:639065 [2] NCCL INFO Channel 00/0 : 2[2] -> 10[2] [send] via NET/IB/1/GDRDMA
MOC-R4PCC04U05:638222:639065 [2] NCCL INFO GPU Direct RDMA Enabled for GPU 2 / HCA 1 (distance 5 <= 5), read 1 mode Default
MOC-R4PCC04U05:638222:638362 [2] NCCL INFO New proxy send connection 23 from local rank 2, transport 2
MOC-R4PCC04U05:638222:639065 [2] NCCL INFO Connected to proxy localRank 2 -> connection 0x7fe5a80059f8
MOC-R4PCC04U05:638222:639065 [2] NCCL INFO Channel 01/0 : 2[2] -> 10[2] [send] via NET/IB/1/GDRDMA
MOC-R4PCC04U05:638223:638361 [3] NCCL INFO New proxy send connection 12 from local rank 3, transport 0
MOC-R4PCC04U05:638223:639064 [3] NCCL INFO Connected to proxy localRank 3 -> connection 0x7f9e680054d0
MOC-R4PCC04U05:638222:639065 [2] NCCL INFO GPU Direct RDMA Enabled for GPU 2 / HCA 1 (distance 5 <= 5), read 0 mode Default
MOC-R4PCC04U05:638223:638361 [3] NCCL INFO New proxy send connection 13 from local rank 3, transport 0
MOC-R4PCC04U05:638222:638362 [2] NCCL INFO New proxy recv connection 24 from local rank 2, transport 2
MOC-R4PCC04U05:638223:639064 [3] NCCL INFO Connected to proxy localRank 3 -> connection 0x7f9e68005548
MOC-R4PCC04U05:638222:639065 [2] NCCL INFO Connected to proxy localRank 2 -> connection 0x7fe5a8005a70
MOC-R4PCC04U05:638222:639065 [2] NCCL INFO Channel 02/0 : 6[2] -> 2[2] [receive] via NET/IB/1/GDRDMA
MOC-R4PCC04U05:638222:639065 [2] NCCL INFO GPU Direct RDMA Enabled for GPU 2 / HCA 1 (distance 5 <= 5), read 0 mode Default
MOC-R4PCC04U05:638222:638362 [2] NCCL INFO New proxy recv connection 25 from local rank 2, transport 2
MOC-R4PCC04U05:638222:639065 [2] NCCL INFO Connected to proxy localRank 2 -> connection 0x7fe5a8005ae8
MOC-R4PCC04U05:638222:639065 [2] NCCL INFO Channel 03/0 : 6[2] -> 2[2] [receive] via NET/IB/1/GDRDMA
MOC-R4PCC04U05:638223:638361 [3] NCCL INFO New proxy send connection 14 from local rank 3, transport 0
MOC-R4PCC04U05:638223:639064 [3] NCCL INFO Connected to proxy localRank 3 -> connection 0x7f9e680055c0
MOC-R4PCC04U05:638222:638362 [2] NCCL INFO New proxy recv connection 26 from local rank 2, transport 0
MOC-R4PCC04U05:638222:639065 [2] NCCL INFO Connected to proxy localRank 2 -> connection 0x7fe5a8005b60
MOC-R4PCC04U05:638223:638361 [3] NCCL INFO New proxy send connection 15 from local rank 3, transport 0
MOC-R4PCC04U05:638223:639064 [3] NCCL INFO Connected to proxy localRank 3 -> connection 0x7f9e68005638
MOC-R4PCC04U05:638222:638362 [2] NCCL INFO New proxy recv connection 27 from local rank 2, transport 0
MOC-R4PCC04U05:638222:639065 [2] NCCL INFO Connected to proxy localRank 2 -> connection 0x7fe5a8005bd8
MOC-R4PCC04U05:638223:638361 [3] NCCL INFO New proxy send connection 16 from local rank 3, transport 0
MOC-R4PCC04U05:638223:639064 [3] NCCL INFO Connected to proxy localRank 3 -> connection 0x7f9e680056b0
MOC-R4PCC04U05:638222:638362 [2] NCCL INFO New proxy recv connection 28 from local rank 2, transport 0
MOC-R4PCC04U05:638222:639065 [2] NCCL INFO Connected to proxy localRank 2 -> connection 0x7fe5a8005c50
MOC-R4PCC04U05:638222:638362 [2] NCCL INFO New proxy recv connection 29 from local rank 2, transport 0
MOC-R4PCC04U05:638222:639065 [2] NCCL INFO Connected to proxy localRank 2 -> connection 0x7fe5a8005cc8
MOC-R4PCC04U05:638223:638361 [3] NCCL INFO New proxy send connection 17 from local rank 2, transport 0
MOC-R4PCC04U05:638222:639065 [2] NCCL INFO Connected to proxy localRank 3 -> connection 0x7f9e68005728
MOC-R4PCC04U05:638222:638362 [2] NCCL INFO NET/IB: NCCL Dev 1 IbDev 0 Port 1 qpn 10478 mtu 3 query_ece={supported=1, vendor_id=0x15b3, options=0x30000002, comp_mask=0x0} GID 3 (0/C132A8C0FFFF0000) fifoRkey=0x170bca fifoLkey=0x170bca
MOC-R4PCC04U05:638222:638362 [2] NCCL INFO NET/IB: NCCL Dev 1 IbDev 0 Port 1 qpn 10479 mtu 3 query_ece={supported=1, vendor_id=0x15b3, options=0x30000002, comp_mask=0x0} GID 3 (0/C132A8C0FFFF0000) fifoRkey=0x17601f fifoLkey=0x17601f
MOC-R4PCC04U05:638222:638362 [2] NCCL INFO NET/IB: NCCL Dev 1 IbDev 0 Port 1 qpn 10482 mtu 3 query_ece={supported=1, vendor_id=0x15b3, options=0x30000002, comp_mask=0x0} GID 3 (0/C132A8C0FFFF0000) fifoRkey=0x175412 fifoLkey=0x175412
MOC-R4PCC04U05:638222:638362 [2] NCCL INFO NET/IB: NCCL Dev 1 IbDev 0 Port 1 qpn 10483 mtu 3 query_ece={supported=1, vendor_id=0x15b3, options=0x30000002, comp_mask=0x0} GID 3 (0/C132A8C0FFFF0000) fifoRkey=0x177837 fifoLkey=0x177837
MOC-R4PCC04U05:638222:638362 [2] NCCL INFO NET/IB: IbDev 0 Port 1 qpn 10226 set_ece={supported=1, vendor_id=0x15b3, options=0x0, comp_mask=0x0}
MOC-R4PCC04U05:638222:638362 [2] NCCL INFO NET/IB: IbDev 0 Port 1 qpn 10228 set_ece={supported=1, vendor_id=0x15b3, options=0x0, comp_mask=0x0}
MOC-R4PCC04U05:638222:638362 [2] NCCL INFO NET/IB: IbDev 0 Port 1 qpn 7669 set_ece={supported=1, vendor_id=0x15b3, options=0x0, comp_mask=0x0}
MOC-R4PCC04U05:638222:638362 [2] NCCL INFO NET/IB: IbDev 0 Port 1 qpn 7672 set_ece={supported=1, vendor_id=0x15b3, options=0x0, comp_mask=0x0}
step    1/10 | train loss 11.009266 | norm 15.3566 | lr 1.00e-04 | (15034.39 ms | 209235 tok/s)
step    2/10 | train loss 10.139993 | norm 5.7234 | lr 1.00e-04 | (711.03 ms | 4424156 tok/s)
step    3/10 | train loss 9.800398 | norm 2.6013 | lr 1.00e-04 | (524.53 ms | 5997284 tok/s)
step    4/10 | train loss 9.631653 | norm 2.1118 | lr 1.00e-04 | (593.97 ms | 5296116 tok/s)
step    5/10 | train loss 9.548889 | norm 2.0959 | lr 1.00e-04 | (528.85 ms | 5948199 tok/s)
step    6/10 | train loss 9.468090 | norm 1.9942 | lr 1.00e-04 | (538.26 ms | 5844303 tok/s)
step    7/10 | train loss 9.382736 | norm 1.9443 | lr 1.00e-04 | (563.33 ms | 5584143 tok/s)
step    8/10 | train loss 9.291193 | norm 1.9106 | lr 1.00e-04 | (528.72 ms | 5949730 tok/s)
step    9/10 | train loss 9.195949 | norm 1.8556 | lr 1.00e-04 | (1052.48 ms | 2988860 tok/s)
step   10/10 | train loss 9.110962 | norm 1.7932 | lr 1.00e-04 | (531.11 ms | 5922923 tok/s)
final 9 iters avg: 619.143ms
peak memory consumption: 16601 MiB
