Running pytorch 2.7.0+cu126
using device: cuda:0
total desired batch size: 5242880
=> calculated gradient accumulation steps: 10
using device: cuda:3
using device: cuda:2
using device: cuda:1
compiling the model...
DataLoader: total number of tokens: 1,661,249,667 across 103 files
MOC-R4PCC04U05:759007:759007 [0] NCCL INFO NCCL_SOCKET_IFNAME set to eno7np0
MOC-R4PCC04U05:759007:759007 [0] NCCL INFO NCCL version 2.26.2+cuda12.2
MOC-R4PCC04U05:759007:759112 [0] NCCL INFO NET/Plugin: Could not find: libnccl-net.so. Using internal net plugin.
MOC-R4PCC04U05:759007:759112 [0] NCCL INFO NET/Socket : Using [0]eno7np0:192.168.50.193<0>
MOC-R4PCC04U05:759010:759010 [3] NCCL INFO NCCL_SOCKET_IFNAME set to eno7np0
MOC-R4PCC04U05:759010:759010 [3] NCCL INFO NCCL version 2.26.2+cuda12.2
MOC-R4PCC04U05:759009:759009 [2] NCCL INFO NCCL_SOCKET_IFNAME set to eno7np0
MOC-R4PCC04U05:759009:759009 [2] NCCL INFO NCCL version 2.26.2+cuda12.2
MOC-R4PCC04U05:759008:759008 [1] NCCL INFO NCCL_SOCKET_IFNAME set to eno7np0
MOC-R4PCC04U05:759008:759008 [1] NCCL INFO NCCL version 2.26.2+cuda12.2
MOC-R4PCC04U05:759010:759134 [3] NCCL INFO NET/Plugin: Could not find: libnccl-net.so. Using internal net plugin.
MOC-R4PCC04U05:759010:759134 [3] NCCL INFO NET/Socket : Using [0]eno7np0:192.168.50.193<0>
MOC-R4PCC04U05:759009:759135 [2] NCCL INFO NET/Plugin: Could not find: libnccl-net.so. Using internal net plugin.
MOC-R4PCC04U05:759009:759135 [2] NCCL INFO NET/Socket : Using [0]eno7np0:192.168.50.193<0>
MOC-R4PCC04U05:759008:759136 [1] NCCL INFO NET/Plugin: Could not find: libnccl-net.so. Using internal net plugin.
MOC-R4PCC04U05:759008:759136 [1] NCCL INFO NET/Socket : Using [0]eno7np0:192.168.50.193<0>
MOC-R4PCC04U05:759009:759135 [2] NCCL INFO NET/Socket : GPU Direct RDMA Disabled for HCA 0 'eno7np0'
MOC-R4PCC04U05:759007:759112 [0] NCCL INFO NET/Socket : GPU Direct RDMA Disabled for HCA 0 'eno7np0'
MOC-R4PCC04U05:759008:759136 [1] NCCL INFO NET/Socket : GPU Direct RDMA Disabled for HCA 0 'eno7np0'
MOC-R4PCC04U05:759010:759134 [3] NCCL INFO NET/Socket : GPU Direct RDMA Disabled for HCA 0 'eno7np0'
MOC-R4PCC04U05:759010:759145 [3] NCCL INFO New proxy recv connection 0 from local rank 3, transport 0
MOC-R4PCC04U05:759010:759153 [3] NCCL INFO Connected to proxy localRank 3 -> connection 0x7ff088004f30
MOC-R4PCC04U05:759010:759145 [3] NCCL INFO New proxy recv connection 1 from local rank 3, transport 0
MOC-R4PCC04U05:759010:759153 [3] NCCL INFO Connected to proxy localRank 3 -> connection 0x7ff088004fa8
MOC-R4PCC04U05:759007:759147 [0] NCCL INFO New proxy send connection 0 from local rank 0, transport 0
MOC-R4PCC04U05:759007:759154 [0] NCCL INFO Connected to proxy localRank 0 -> connection 0x7f44b0004f30
MOC-R4PCC04U05:759008:759146 [1] NCCL INFO New proxy recv connection 0 from local rank 1, transport 0
MOC-R4PCC04U05:759008:759155 [1] NCCL INFO Connected to proxy localRank 1 -> connection 0x7fe7e8004f30
MOC-R4PCC04U05:759007:759147 [0] NCCL INFO New proxy send connection 1 from local rank 0, transport 0
MOC-R4PCC04U05:759007:759154 [0] NCCL INFO Connected to proxy localRank 0 -> connection 0x7f44b0004fa8
MOC-R4PCC04U05:759008:759146 [1] NCCL INFO New proxy recv connection 1 from local rank 1, transport 0
MOC-R4PCC04U05:759008:759155 [1] NCCL INFO Connected to proxy localRank 1 -> connection 0x7fe7e8004fa8
MOC-R4PCC04U05:759009:759149 [2] NCCL INFO New proxy recv connection 0 from local rank 2, transport 0
MOC-R4PCC04U05:759009:759156 [2] NCCL INFO Connected to proxy localRank 2 -> connection 0x7f7bb0004f30
MOC-R4PCC04U05:759009:759149 [2] NCCL INFO New proxy recv connection 1 from local rank 2, transport 0
MOC-R4PCC04U05:759009:759156 [2] NCCL INFO Connected to proxy localRank 2 -> connection 0x7f7bb0004fa8
MOC-R4PCC04U05:759007:759147 [0] NCCL INFO New proxy send connection 2 from local rank 0, transport 0
MOC-R4PCC04U05:759007:759154 [0] NCCL INFO Connected to proxy localRank 0 -> connection 0x7f44b0005020
MOC-R4PCC04U05:759010:759145 [3] NCCL INFO New proxy send connection 2 from local rank 3, transport 2
MOC-R4PCC04U05:759007:759147 [0] NCCL INFO New proxy send connection 3 from local rank 0, transport 0
MOC-R4PCC04U05:759007:759154 [0] NCCL INFO Connected to proxy localRank 0 -> connection 0x7f44b0005098
MOC-R4PCC04U05:759010:759153 [3] NCCL INFO Connected to proxy localRank 3 -> connection 0x7ff088005020
MOC-R4PCC04U05:759010:759153 [3] NCCL INFO Channel 00/0 : 3[3] -> 6[2] [send] via NET/Socket/0
MOC-R4PCC04U05:759010:759145 [3] NCCL INFO New proxy send connection 3 from local rank 3, transport 2
MOC-R4PCC04U05:759010:759153 [3] NCCL INFO Connected to proxy localRank 3 -> connection 0x7ff088005098
MOC-R4PCC04U05:759010:759153 [3] NCCL INFO Channel 02/0 : 3[3] -> 6[2] [send] via NET/Socket/0
MOC-R4PCC04U05:759007:759147 [0] NCCL INFO New proxy recv connection 4 from local rank 0, transport 0
MOC-R4PCC04U05:759007:759154 [0] NCCL INFO Connected to proxy localRank 0 -> connection 0x7f44b0005110
MOC-R4PCC04U05:759007:759147 [0] NCCL INFO New proxy recv connection 5 from local rank 0, transport 0
MOC-R4PCC04U05:759007:759154 [0] NCCL INFO Connected to proxy localRank 0 -> connection 0x7f44b0005188
MOC-R4PCC04U05:759007:759147 [0] NCCL INFO New proxy recv connection 6 from local rank 0, transport 0
MOC-R4PCC04U05:759007:759154 [0] NCCL INFO Connected to proxy localRank 0 -> connection 0x7f44b0005200
MOC-R4PCC04U05:759007:759147 [0] NCCL INFO New proxy recv connection 7 from local rank 0, transport 0
MOC-R4PCC04U05:759007:759154 [0] NCCL INFO Connected to proxy localRank 0 -> connection 0x7f44b0005278
MOC-R4PCC04U05:759010:759145 [3] NCCL INFO New proxy recv connection 4 from local rank 3, transport 2
MOC-R4PCC04U05:759010:759153 [3] NCCL INFO Connected to proxy localRank 3 -> connection 0x7ff088005110
MOC-R4PCC04U05:759010:759153 [3] NCCL INFO Channel 01/0 : 14[2] -> 3[3] [receive] via NET/Socket/0
MOC-R4PCC04U05:759010:759145 [3] NCCL INFO New proxy recv connection 5 from local rank 3, transport 2
MOC-R4PCC04U05:759010:759153 [3] NCCL INFO Connected to proxy localRank 3 -> connection 0x7ff088005188
MOC-R4PCC04U05:759010:759153 [3] NCCL INFO Channel 03/0 : 14[2] -> 3[3] [receive] via NET/Socket/0
MOC-R4PCC04U05:759009:759149 [2] NCCL INFO New proxy recv connection 2 from local rank 2, transport 2
MOC-R4PCC04U05:759009:759156 [2] NCCL INFO Connected to proxy localRank 2 -> connection 0x7f7bb0005020
MOC-R4PCC04U05:759009:759156 [2] NCCL INFO Channel 00/0 : 15[3] -> 2[2] [receive] via NET/Socket/0
MOC-R4PCC04U05:759009:759149 [2] NCCL INFO New proxy recv connection 3 from local rank 2, transport 2
MOC-R4PCC04U05:759009:759156 [2] NCCL INFO Connected to proxy localRank 2 -> connection 0x7f7bb0005098
MOC-R4PCC04U05:759009:759156 [2] NCCL INFO Channel 02/0 : 15[3] -> 2[2] [receive] via NET/Socket/0
MOC-R4PCC04U05:759009:759149 [2] NCCL INFO New proxy send connection 4 from local rank 2, transport 2
MOC-R4PCC04U05:759009:759156 [2] NCCL INFO Connected to proxy localRank 2 -> connection 0x7f7bb0005110
MOC-R4PCC04U05:759009:759156 [2] NCCL INFO Channel 01/0 : 2[2] -> 7[3] [send] via NET/Socket/0
MOC-R4PCC04U05:759009:759149 [2] NCCL INFO New proxy send connection 5 from local rank 2, transport 2
MOC-R4PCC04U05:759009:759156 [2] NCCL INFO Connected to proxy localRank 2 -> connection 0x7f7bb0005188
MOC-R4PCC04U05:759009:759156 [2] NCCL INFO Channel 03/0 : 2[2] -> 7[3] [send] via NET/Socket/0
MOC-R4PCC04U05:759010:759145 [3] NCCL INFO New proxy send connection 6 from local rank 3, transport 0
MOC-R4PCC04U05:759010:759153 [3] NCCL INFO Connected to proxy localRank 3 -> connection 0x7ff088005200
MOC-R4PCC04U05:759010:759145 [3] NCCL INFO New proxy send connection 7 from local rank 3, transport 0
MOC-R4PCC04U05:759010:759153 [3] NCCL INFO Connected to proxy localRank 3 -> connection 0x7ff088005278
MOC-R4PCC04U05:759009:759149 [2] NCCL INFO New proxy send connection 6 from local rank 2, transport 0
MOC-R4PCC04U05:759009:759156 [2] NCCL INFO Connected to proxy localRank 2 -> connection 0x7f7bb0005200
MOC-R4PCC04U05:759008:759146 [1] NCCL INFO New proxy recv connection 2 from local rank 1, transport 0
MOC-R4PCC04U05:759008:759155 [1] NCCL INFO Connected to proxy localRank 1 -> connection 0x7fe7e8005020
MOC-R4PCC04U05:759007:759147 [0] NCCL INFO New proxy send connection 8 from local rank 3, transport 0
MOC-R4PCC04U05:759010:759153 [3] NCCL INFO Connected to proxy localRank 0 -> connection 0x7f44b00052f0
MOC-R4PCC04U05:759008:759146 [1] NCCL INFO New proxy recv connection 3 from local rank 1, transport 0
MOC-R4PCC04U05:759009:759149 [2] NCCL INFO New proxy send connection 7 from local rank 2, transport 0
MOC-R4PCC04U05:759008:759155 [1] NCCL INFO Connected to proxy localRank 1 -> connection 0x7fe7e8005098
MOC-R4PCC04U05:759009:759156 [2] NCCL INFO Connected to proxy localRank 2 -> connection 0x7f7bb0005278
MOC-R4PCC04U05:759008:759146 [1] NCCL INFO New proxy send connection 4 from local rank 1, transport 0
MOC-R4PCC04U05:759008:759155 [1] NCCL INFO Connected to proxy localRank 1 -> connection 0x7fe7e8005110
MOC-R4PCC04U05:759008:759146 [1] NCCL INFO New proxy send connection 5 from local rank 1, transport 0
MOC-R4PCC04U05:759008:759155 [1] NCCL INFO Connected to proxy localRank 1 -> connection 0x7fe7e8005188
MOC-R4PCC04U05:759008:759146 [1] NCCL INFO New proxy send connection 6 from local rank 1, transport 0
MOC-R4PCC04U05:759008:759155 [1] NCCL INFO Connected to proxy localRank 1 -> connection 0x7fe7e8005200
MOC-R4PCC04U05:759008:759146 [1] NCCL INFO New proxy send connection 7 from local rank 1, transport 0
MOC-R4PCC04U05:759008:759155 [1] NCCL INFO Connected to proxy localRank 1 -> connection 0x7fe7e8005278
MOC-R4PCC04U05:759007:759147 [0] NCCL INFO New proxy send connection 9 from local rank 2, transport 0
MOC-R4PCC04U05:759009:759156 [2] NCCL INFO Connected to proxy localRank 0 -> connection 0x7f44b0005368
MOC-R4PCC04U05:759009:759149 [2] NCCL INFO New proxy send connection 8 from local rank 0, transport 0
MOC-R4PCC04U05:759007:759154 [0] NCCL INFO Connected to proxy localRank 2 -> connection 0x7f7bb00052f0
MOC-R4PCC04U05:759010:759145 [3] NCCL INFO New proxy send connection 8 from local rank 1, transport 0
MOC-R4PCC04U05:759008:759155 [1] NCCL INFO Connected to proxy localRank 3 -> connection 0x7ff0880052f0
MOC-R4PCC04U05:759008:759146 [1] NCCL INFO New proxy send connection 8 from local rank 2, transport 0
MOC-R4PCC04U05:759009:759156 [2] NCCL INFO Connected to proxy localRank 1 -> connection 0x7fe7e80052f0
MOC-R4PCC04U05:759008:759146 [1] NCCL INFO New proxy send connection 9 from local rank 3, transport 0
MOC-R4PCC04U05:759010:759153 [3] NCCL INFO Connected to proxy localRank 1 -> connection 0x7fe7e8005368
MOC-R4PCC04U05:759010:759145 [3] NCCL INFO New proxy send connection 9 from local rank 0, transport 0
MOC-R4PCC04U05:759007:759154 [0] NCCL INFO Connected to proxy localRank 3 -> connection 0x7ff088005368
MOC-R4PCC04U05:759007:759147 [0] NCCL INFO New proxy send connection 10 from local rank 1, transport 0
MOC-R4PCC04U05:759008:759155 [1] NCCL INFO Connected to proxy localRank 0 -> connection 0x7f44b00053e0
MOC-R4PCC04U05:759009:759149 [2] NCCL INFO New proxy send connection 9 from local rank 1, transport 0
MOC-R4PCC04U05:759008:759155 [1] NCCL INFO Connected to proxy localRank 2 -> connection 0x7f7bb0005368
MOC-R4PCC04U05:759008:759146 [1] NCCL INFO New proxy send connection 10 from local rank 0, transport 0
MOC-R4PCC04U05:759007:759154 [0] NCCL INFO Connected to proxy localRank 1 -> connection 0x7fe7e80053e0
num decayed parameter tensors: 50, with 124,318,464 parameters
num non-decayed parameter tensors: 98, with 121,344 parameters
using fused AdamW: False
using regular AdamW
MOC-R4PCC04U05:759010:759145 [3] NCCL INFO New proxy recv connection 10 from local rank 3, transport 0
MOC-R4PCC04U05:759010:759855 [3] NCCL INFO Connected to proxy localRank 3 -> connection 0x7ff0880053e0
MOC-R4PCC04U05:759010:759145 [3] NCCL INFO New proxy recv connection 11 from local rank 3, transport 0
MOC-R4PCC04U05:759010:759855 [3] NCCL INFO Connected to proxy localRank 3 -> connection 0x7ff088005458
MOC-R4PCC04U05:759007:759147 [0] NCCL INFO New proxy send connection 11 from local rank 0, transport 0
MOC-R4PCC04U05:759007:759856 [0] NCCL INFO Connected to proxy localRank 0 -> connection 0x7f44b0005458
MOC-R4PCC04U05:759007:759147 [0] NCCL INFO New proxy send connection 12 from local rank 0, transport 0
MOC-R4PCC04U05:759007:759856 [0] NCCL INFO Connected to proxy localRank 0 -> connection 0x7f44b00054d0
MOC-R4PCC04U05:759007:759147 [0] NCCL INFO New proxy send connection 13 from local rank 0, transport 0
MOC-R4PCC04U05:759007:759856 [0] NCCL INFO Connected to proxy localRank 0 -> connection 0x7f44b0005548
MOC-R4PCC04U05:759007:759147 [0] NCCL INFO New proxy send connection 14 from local rank 0, transport 0
MOC-R4PCC04U05:759007:759856 [0] NCCL INFO Connected to proxy localRank 0 -> connection 0x7f44b00055c0
MOC-R4PCC04U05:759008:759146 [1] NCCL INFO New proxy recv connection 11 from local rank 1, transport 0
MOC-R4PCC04U05:759008:759857 [1] NCCL INFO Connected to proxy localRank 1 -> connection 0x7fe7e8005458
MOC-R4PCC04U05:759008:759146 [1] NCCL INFO New proxy recv connection 12 from local rank 1, transport 0
MOC-R4PCC04U05:759008:759857 [1] NCCL INFO Connected to proxy localRank 1 -> connection 0x7fe7e80054d0
MOC-R4PCC04U05:759008:759146 [1] NCCL INFO New proxy recv connection 13 from local rank 1, transport 0
MOC-R4PCC04U05:759008:759857 [1] NCCL INFO Connected to proxy localRank 1 -> connection 0x7fe7e8005548
MOC-R4PCC04U05:759008:759146 [1] NCCL INFO New proxy recv connection 14 from local rank 1, transport 0
MOC-R4PCC04U05:759008:759857 [1] NCCL INFO Connected to proxy localRank 1 -> connection 0x7fe7e80055c0
MOC-R4PCC04U05:759008:759146 [1] NCCL INFO New proxy send connection 15 from local rank 1, transport 0
MOC-R4PCC04U05:759008:759857 [1] NCCL INFO Connected to proxy localRank 1 -> connection 0x7fe7e8005638
MOC-R4PCC04U05:759008:759146 [1] NCCL INFO New proxy send connection 16 from local rank 1, transport 0
MOC-R4PCC04U05:759008:759857 [1] NCCL INFO Connected to proxy localRank 1 -> connection 0x7fe7e80056b0
MOC-R4PCC04U05:759008:759146 [1] NCCL INFO New proxy send connection 17 from local rank 1, transport 0
MOC-R4PCC04U05:759008:759857 [1] NCCL INFO Connected to proxy localRank 1 -> connection 0x7fe7e8005728
MOC-R4PCC04U05:759008:759146 [1] NCCL INFO New proxy send connection 18 from local rank 1, transport 0
MOC-R4PCC04U05:759008:759857 [1] NCCL INFO Connected to proxy localRank 1 -> connection 0x7fe7e80057a0
MOC-R4PCC04U05:759007:759147 [0] NCCL INFO New proxy send connection 15 from local rank 0, transport 0
MOC-R4PCC04U05:759007:759856 [0] NCCL INFO Connected to proxy localRank 0 -> connection 0x7f44b0005638
MOC-R4PCC04U05:759007:759147 [0] NCCL INFO New proxy send connection 16 from local rank 0, transport 0
MOC-R4PCC04U05:759007:759856 [0] NCCL INFO Connected to proxy localRank 0 -> connection 0x7f44b00056b0
MOC-R4PCC04U05:759007:759147 [0] NCCL INFO New proxy recv connection 17 from local rank 0, transport 0
MOC-R4PCC04U05:759007:759856 [0] NCCL INFO Connected to proxy localRank 0 -> connection 0x7f44b0005728
MOC-R4PCC04U05:759010:759145 [3] NCCL INFO New proxy send connection 12 from local rank 3, transport 2
MOC-R4PCC04U05:759010:759855 [3] NCCL INFO Connected to proxy localRank 3 -> connection 0x7ff0880054d0
MOC-R4PCC04U05:759007:759147 [0] NCCL INFO New proxy recv connection 18 from local rank 0, transport 0
MOC-R4PCC04U05:759007:759856 [0] NCCL INFO Connected to proxy localRank 0 -> connection 0x7f44b00057a0
MOC-R4PCC04U05:759009:759149 [2] NCCL INFO New proxy recv connection 10 from local rank 2, transport 0
MOC-R4PCC04U05:759009:759858 [2] NCCL INFO Connected to proxy localRank 2 -> connection 0x7f7bb00053e0
MOC-R4PCC04U05:759007:759147 [0] NCCL INFO New proxy recv connection 19 from local rank 0, transport 0
MOC-R4PCC04U05:759007:759856 [0] NCCL INFO Connected to proxy localRank 0 -> connection 0x7f44b0005818
MOC-R4PCC04U05:759010:759855 [3] NCCL INFO Channel 02/0 : 3[3] -> 7[3] [send] via NET/Socket/0
MOC-R4PCC04U05:759010:759145 [3] NCCL INFO New proxy send connection 13 from local rank 3, transport 2
MOC-R4PCC04U05:759010:759855 [3] NCCL INFO Connected to proxy localRank 3 -> connection 0x7ff088005548
MOC-R4PCC04U05:759007:759147 [0] NCCL INFO New proxy recv connection 20 from local rank 0, transport 0
MOC-R4PCC04U05:759009:759149 [2] NCCL INFO New proxy recv connection 11 from local rank 2, transport 0
MOC-R4PCC04U05:759007:759856 [0] NCCL INFO Connected to proxy localRank 0 -> connection 0x7f44b0005890
MOC-R4PCC04U05:759009:759858 [2] NCCL INFO Connected to proxy localRank 2 -> connection 0x7f7bb0005458
MOC-R4PCC04U05:759010:759855 [3] NCCL INFO Channel 03/0 : 3[3] -> 7[3] [send] via NET/Socket/0
MOC-R4PCC04U05:759009:759149 [2] NCCL INFO New proxy recv connection 12 from local rank 2, transport 0
MOC-R4PCC04U05:759009:759858 [2] NCCL INFO Connected to proxy localRank 2 -> connection 0x7f7bb00054d0
MOC-R4PCC04U05:759010:759145 [3] NCCL INFO New proxy recv connection 14 from local rank 3, transport 2
MOC-R4PCC04U05:759009:759149 [2] NCCL INFO New proxy recv connection 13 from local rank 2, transport 0
MOC-R4PCC04U05:759010:759855 [3] NCCL INFO Connected to proxy localRank 3 -> connection 0x7ff0880055c0
MOC-R4PCC04U05:759009:759858 [2] NCCL INFO Connected to proxy localRank 2 -> connection 0x7f7bb0005548
MOC-R4PCC04U05:759009:759149 [2] NCCL INFO New proxy send connection 14 from local rank 2, transport 0
MOC-R4PCC04U05:759008:759146 [1] NCCL INFO New proxy recv connection 19 from local rank 1, transport 0
MOC-R4PCC04U05:759009:759858 [2] NCCL INFO Connected to proxy localRank 2 -> connection 0x7f7bb00055c0
MOC-R4PCC04U05:759008:759857 [1] NCCL INFO Connected to proxy localRank 1 -> connection 0x7fe7e8005818
MOC-R4PCC04U05:759010:759855 [3] NCCL INFO Channel 00/0 : 11[3] -> 3[3] [receive] via NET/Socket/0
MOC-R4PCC04U05:759010:759145 [3] NCCL INFO New proxy recv connection 15 from local rank 3, transport 2
MOC-R4PCC04U05:759010:759855 [3] NCCL INFO Connected to proxy localRank 3 -> connection 0x7ff088005638
MOC-R4PCC04U05:759009:759149 [2] NCCL INFO New proxy send connection 15 from local rank 2, transport 0
MOC-R4PCC04U05:759008:759146 [1] NCCL INFO New proxy recv connection 20 from local rank 1, transport 0
MOC-R4PCC04U05:759009:759858 [2] NCCL INFO Connected to proxy localRank 2 -> connection 0x7f7bb0005638
MOC-R4PCC04U05:759008:759857 [1] NCCL INFO Connected to proxy localRank 1 -> connection 0x7fe7e8005890
MOC-R4PCC04U05:759010:759855 [3] NCCL INFO Channel 01/0 : 11[3] -> 3[3] [receive] via NET/Socket/0
MOC-R4PCC04U05:759010:759145 [3] NCCL INFO New proxy send connection 16 from local rank 3, transport 2
MOC-R4PCC04U05:759010:759855 [3] NCCL INFO Connected to proxy localRank 3 -> connection 0x7ff0880056b0
MOC-R4PCC04U05:759010:759855 [3] NCCL INFO Channel 00/0 : 3[3] -> 11[3] [send] via NET/Socket/0
MOC-R4PCC04U05:759010:759145 [3] NCCL INFO New proxy send connection 17 from local rank 3, transport 2
MOC-R4PCC04U05:759010:759855 [3] NCCL INFO Connected to proxy localRank 3 -> connection 0x7ff088005728
MOC-R4PCC04U05:759010:759855 [3] NCCL INFO Channel 01/0 : 3[3] -> 11[3] [send] via NET/Socket/0
MOC-R4PCC04U05:759010:759145 [3] NCCL INFO New proxy recv connection 18 from local rank 3, transport 2
MOC-R4PCC04U05:759010:759855 [3] NCCL INFO Connected to proxy localRank 3 -> connection 0x7ff0880057a0
MOC-R4PCC04U05:759010:759855 [3] NCCL INFO Channel 02/0 : 7[3] -> 3[3] [receive] via NET/Socket/0
MOC-R4PCC04U05:759010:759145 [3] NCCL INFO New proxy recv connection 19 from local rank 3, transport 2
MOC-R4PCC04U05:759010:759855 [3] NCCL INFO Connected to proxy localRank 3 -> connection 0x7ff088005818
MOC-R4PCC04U05:759010:759855 [3] NCCL INFO Channel 03/0 : 7[3] -> 3[3] [receive] via NET/Socket/0
MOC-R4PCC04U05:759010:759145 [3] NCCL INFO New proxy send connection 20 from local rank 3, transport 0
MOC-R4PCC04U05:759010:759855 [3] NCCL INFO Connected to proxy localRank 3 -> connection 0x7ff088005890
MOC-R4PCC04U05:759010:759145 [3] NCCL INFO New proxy send connection 21 from local rank 3, transport 0
MOC-R4PCC04U05:759010:759855 [3] NCCL INFO Connected to proxy localRank 3 -> connection 0x7ff088005908
MOC-R4PCC04U05:759010:759145 [3] NCCL INFO New proxy send connection 22 from local rank 3, transport 0
MOC-R4PCC04U05:759010:759855 [3] NCCL INFO Connected to proxy localRank 3 -> connection 0x7ff088005980
MOC-R4PCC04U05:759010:759145 [3] NCCL INFO New proxy send connection 23 from local rank 3, transport 0
MOC-R4PCC04U05:759010:759855 [3] NCCL INFO Connected to proxy localRank 3 -> connection 0x7ff0880059f8
step    1/10 | train loss 11.010067 | norm 15.3476 | lr 1.00e-04 | (14909.69 ms | 351642 tok/s)
step    2/10 | train loss 10.140059 | norm 5.7421 | lr 1.00e-04 | (923.98 ms | 5674221 tok/s)
step    3/10 | train loss 9.801184 | norm 2.5966 | lr 1.00e-04 | (918.69 ms | 5706909 tok/s)
step    4/10 | train loss 9.632749 | norm 2.1052 | lr 1.00e-04 | (921.41 ms | 5690038 tok/s)
step    5/10 | train loss 9.550309 | norm 2.0977 | lr 1.00e-04 | (925.90 ms | 5662449 tok/s)
step    6/10 | train loss 9.470088 | norm 1.9901 | lr 1.00e-04 | (1471.29 ms | 3563449 tok/s)
step    7/10 | train loss 9.385624 | norm 1.9404 | lr 1.00e-04 | (925.04 ms | 5667727 tok/s)
step    8/10 | train loss 9.295288 | norm 1.9082 | lr 1.00e-04 | (924.91 ms | 5668557 tok/s)
step    9/10 | train loss 9.200840 | norm 1.8588 | lr 1.00e-04 | (915.74 ms | 5725295 tok/s)
step   10/10 | train loss 9.114124 | norm 1.7863 | lr 1.00e-04 | (921.04 ms | 5692361 tok/s)
final 9 iters avg: 983.112ms
peak memory consumption: 16601 MiB
