Running pytorch 2.7.0+cu126
using device: cuda:0
total desired batch size: 393216
=> calculated gradient accumulation steps: 1
using device: cuda:2
using device: cuda:1
using device: cuda:3
compiling the model...
DataLoader: total number of tokens: 1,661,249,667 across 103 files
MOC-R4PCC04U05:479771:479771 [0] NCCL INFO NCCL_SOCKET_IFNAME set to eno7np0
MOC-R4PCC04U05:479771:479771 [0] NCCL INFO NCCL version 2.26.2+cuda12.2
MOC-R4PCC04U05:479771:479875 [0] NCCL INFO NET/Plugin: Could not find: libnccl-net.so. Using internal net plugin.
MOC-R4PCC04U05:479771:479875 [0] NCCL INFO NCCL_IB_HCA set to mlx5_5
MOC-R4PCC04U05:479772:479772 [1] NCCL INFO NCCL_SOCKET_IFNAME set to eno7np0
MOC-R4PCC04U05:479772:479772 [1] NCCL INFO NCCL version 2.26.2+cuda12.2
MOC-R4PCC04U05:479773:479773 [2] NCCL INFO NCCL_SOCKET_IFNAME set to eno7np0
MOC-R4PCC04U05:479773:479773 [2] NCCL INFO NCCL version 2.26.2+cuda12.2
MOC-R4PCC04U05:479771:479875 [0] NCCL INFO NET/IB : Made virtual device [0] name=mlx5_5 speed=400000 ndevs=1
MOC-R4PCC04U05:479771:479875 [0] NCCL INFO NET/IB : Using [0]mlx5_5:1/RoCE [RO]; OOB eno7np0:192.168.50.193<0>
MOC-R4PCC04U05:479774:479774 [3] NCCL INFO NCCL_SOCKET_IFNAME set to eno7np0
MOC-R4PCC04U05:479774:479774 [3] NCCL INFO NCCL version 2.26.2+cuda12.2
MOC-R4PCC04U05:479772:479897 [1] NCCL INFO NET/Plugin: Could not find: libnccl-net.so. Using internal net plugin.
MOC-R4PCC04U05:479773:479898 [2] NCCL INFO NET/Plugin: Could not find: libnccl-net.so. Using internal net plugin.
MOC-R4PCC04U05:479772:479897 [1] NCCL INFO NCCL_IB_HCA set to mlx5_5
MOC-R4PCC04U05:479773:479898 [2] NCCL INFO NCCL_IB_HCA set to mlx5_5
MOC-R4PCC04U05:479772:479897 [1] NCCL INFO NET/IB : Made virtual device [0] name=mlx5_5 speed=400000 ndevs=1
MOC-R4PCC04U05:479772:479897 [1] NCCL INFO NET/IB : Using [0]mlx5_5:1/RoCE [RO]; OOB eno7np0:192.168.50.193<0>
MOC-R4PCC04U05:479773:479898 [2] NCCL INFO NET/IB : Made virtual device [0] name=mlx5_5 speed=400000 ndevs=1
MOC-R4PCC04U05:479773:479898 [2] NCCL INFO NET/IB : Using [0]mlx5_5:1/RoCE [RO]; OOB eno7np0:192.168.50.193<0>
MOC-R4PCC04U05:479774:479900 [3] NCCL INFO NET/Plugin: Could not find: libnccl-net.so. Using internal net plugin.
MOC-R4PCC04U05:479774:479900 [3] NCCL INFO NCCL_IB_HCA set to mlx5_5
MOC-R4PCC04U05:479774:479900 [3] NCCL INFO NET/IB : Made virtual device [0] name=mlx5_5 speed=400000 ndevs=1
MOC-R4PCC04U05:479774:479900 [3] NCCL INFO NET/IB : Using [0]mlx5_5:1/RoCE [RO]; OOB eno7np0:192.168.50.193<0>
MOC-R4PCC04U05:479774:479900 [3] NCCL INFO NET/IB : GPU Direct RDMA Enabled for HCA 0 'mlx5_5'
MOC-R4PCC04U05:479774:479900 [3] NCCL INFO NET/IB : Made virtual device [1] name=mlx5_5 speed=400000 ndevs=1
MOC-R4PCC04U05:479774:479900 [3] NCCL INFO NET/IB : GPU Direct RDMA Enabled for HCA 0 'mlx5_5'
MOC-R4PCC04U05:479774:479900 [3] NCCL INFO NET/IB : GPU Direct RDMA Enabled for HCA 1 'mlx5_5'
MOC-R4PCC04U05:479771:479875 [0] NCCL INFO NET/IB : GPU Direct RDMA Enabled for HCA 0 'mlx5_5'
MOC-R4PCC04U05:479771:479875 [0] NCCL INFO NET/IB : Made virtual device [1] name=mlx5_5 speed=400000 ndevs=1
MOC-R4PCC04U05:479771:479875 [0] NCCL INFO NET/IB : GPU Direct RDMA Enabled for HCA 0 'mlx5_5'
MOC-R4PCC04U05:479771:479875 [0] NCCL INFO NET/IB : GPU Direct RDMA Enabled for HCA 1 'mlx5_5'
MOC-R4PCC04U05:479772:479897 [1] NCCL INFO NET/IB : GPU Direct RDMA Enabled for HCA 0 'mlx5_5'
MOC-R4PCC04U05:479772:479897 [1] NCCL INFO NET/IB : Made virtual device [1] name=mlx5_5 speed=400000 ndevs=1
MOC-R4PCC04U05:479772:479897 [1] NCCL INFO NET/IB : GPU Direct RDMA Enabled for HCA 0 'mlx5_5'
MOC-R4PCC04U05:479772:479897 [1] NCCL INFO NET/IB : GPU Direct RDMA Enabled for HCA 1 'mlx5_5'
MOC-R4PCC04U05:479773:479898 [2] NCCL INFO NET/IB : GPU Direct RDMA Enabled for HCA 0 'mlx5_5'
MOC-R4PCC04U05:479773:479898 [2] NCCL INFO NET/IB : Made virtual device [1] name=mlx5_5 speed=400000 ndevs=1
MOC-R4PCC04U05:479773:479898 [2] NCCL INFO NET/IB : GPU Direct RDMA Enabled for HCA 0 'mlx5_5'
MOC-R4PCC04U05:479773:479898 [2] NCCL INFO NET/IB : GPU Direct RDMA Enabled for HCA 1 'mlx5_5'
MOC-R4PCC04U05:479772:479897 [1] NCCL INFO NCCL_NET_GDR_LEVEL set by environment to LOC
MOC-R4PCC04U05:479772:479897 [1] NCCL INFO GPU Direct RDMA Disabled for GPU 0 / HCA 1 (distance 5 > 0)
MOC-R4PCC04U05:479772:479897 [1] NCCL INFO GPU Direct RDMA Disabled for GPU 1 / HCA 1 (distance 5 > 0)
MOC-R4PCC04U05:479772:479897 [1] NCCL INFO GPU Direct RDMA Disabled for GPU 2 / HCA 1 (distance 5 > 0)
MOC-R4PCC04U05:479772:479897 [1] NCCL INFO GPU Direct RDMA Disabled for GPU 0 / HCA 1 (distance 5 > 0)
MOC-R4PCC04U05:479772:479897 [1] NCCL INFO GPU Direct RDMA Disabled for GPU 1 / HCA 1 (distance 5 > 0)
MOC-R4PCC04U05:479772:479897 [1] NCCL INFO GPU Direct RDMA Disabled for GPU 2 / HCA 1 (distance 5 > 0)
MOC-R4PCC04U05:479771:479875 [0] NCCL INFO NCCL_NET_GDR_LEVEL set by environment to LOC
MOC-R4PCC04U05:479771:479875 [0] NCCL INFO GPU Direct RDMA Disabled for GPU 0 / HCA 1 (distance 5 > 0)
MOC-R4PCC04U05:479771:479875 [0] NCCL INFO GPU Direct RDMA Disabled for GPU 1 / HCA 1 (distance 5 > 0)
MOC-R4PCC04U05:479771:479875 [0] NCCL INFO GPU Direct RDMA Disabled for GPU 2 / HCA 1 (distance 5 > 0)
MOC-R4PCC04U05:479771:479875 [0] NCCL INFO GPU Direct RDMA Disabled for GPU 0 / HCA 1 (distance 5 > 0)
MOC-R4PCC04U05:479771:479875 [0] NCCL INFO GPU Direct RDMA Disabled for GPU 1 / HCA 1 (distance 5 > 0)
MOC-R4PCC04U05:479771:479875 [0] NCCL INFO GPU Direct RDMA Disabled for GPU 2 / HCA 1 (distance 5 > 0)
MOC-R4PCC04U05:479774:479900 [3] NCCL INFO NCCL_NET_GDR_LEVEL set by environment to LOC
MOC-R4PCC04U05:479774:479900 [3] NCCL INFO GPU Direct RDMA Disabled for GPU 0 / HCA 1 (distance 5 > 0)
MOC-R4PCC04U05:479774:479900 [3] NCCL INFO GPU Direct RDMA Disabled for GPU 1 / HCA 1 (distance 5 > 0)
MOC-R4PCC04U05:479774:479900 [3] NCCL INFO GPU Direct RDMA Disabled for GPU 2 / HCA 1 (distance 5 > 0)
MOC-R4PCC04U05:479774:479900 [3] NCCL INFO GPU Direct RDMA Disabled for GPU 0 / HCA 1 (distance 5 > 0)
MOC-R4PCC04U05:479774:479900 [3] NCCL INFO GPU Direct RDMA Disabled for GPU 1 / HCA 1 (distance 5 > 0)
MOC-R4PCC04U05:479774:479900 [3] NCCL INFO GPU Direct RDMA Disabled for GPU 2 / HCA 1 (distance 5 > 0)
MOC-R4PCC04U05:479773:479898 [2] NCCL INFO NCCL_NET_GDR_LEVEL set by environment to LOC
MOC-R4PCC04U05:479773:479898 [2] NCCL INFO GPU Direct RDMA Disabled for GPU 0 / HCA 1 (distance 5 > 0)
MOC-R4PCC04U05:479773:479898 [2] NCCL INFO GPU Direct RDMA Disabled for GPU 1 / HCA 1 (distance 5 > 0)
MOC-R4PCC04U05:479773:479898 [2] NCCL INFO GPU Direct RDMA Disabled for GPU 2 / HCA 1 (distance 5 > 0)
MOC-R4PCC04U05:479773:479898 [2] NCCL INFO GPU Direct RDMA Disabled for GPU 0 / HCA 1 (distance 5 > 0)
MOC-R4PCC04U05:479773:479898 [2] NCCL INFO GPU Direct RDMA Disabled for GPU 1 / HCA 1 (distance 5 > 0)
MOC-R4PCC04U05:479773:479898 [2] NCCL INFO GPU Direct RDMA Disabled for GPU 2 / HCA 1 (distance 5 > 0)
MOC-R4PCC04U05:479772:479916 [1] NCCL INFO New proxy recv connection 0 from local rank 1, transport 0
MOC-R4PCC04U05:479772:479920 [1] NCCL INFO Connected to proxy localRank 1 -> connection 0x7f7e0c004f30
MOC-R4PCC04U05:479771:479917 [0] NCCL INFO New proxy send connection 0 from local rank 0, transport 0
MOC-R4PCC04U05:479771:479922 [0] NCCL INFO Connected to proxy localRank 0 -> connection 0x7f28b0004f30
MOC-R4PCC04U05:479774:479913 [3] NCCL INFO New proxy recv connection 0 from local rank 3, transport 0
MOC-R4PCC04U05:479774:479921 [3] NCCL INFO Connected to proxy localRank 3 -> connection 0x7f4fac004f30
MOC-R4PCC04U05:479772:479916 [1] NCCL INFO New proxy recv connection 1 from local rank 1, transport 0
MOC-R4PCC04U05:479772:479920 [1] NCCL INFO Connected to proxy localRank 1 -> connection 0x7f7e0c004fa8
MOC-R4PCC04U05:479771:479917 [0] NCCL INFO New proxy send connection 1 from local rank 0, transport 0
MOC-R4PCC04U05:479771:479922 [0] NCCL INFO Connected to proxy localRank 0 -> connection 0x7f28b0004fa8
MOC-R4PCC04U05:479774:479913 [3] NCCL INFO New proxy recv connection 1 from local rank 3, transport 0
MOC-R4PCC04U05:479774:479921 [3] NCCL INFO Connected to proxy localRank 3 -> connection 0x7f4fac004fa8
MOC-R4PCC04U05:479774:479921 [3] NCCL INFO GPU Direct RDMA Disabled for GPU 3 / HCA 1 (distance 7 > 0)
MOC-R4PCC04U05:479773:479912 [2] NCCL INFO New proxy recv connection 0 from local rank 2, transport 0
MOC-R4PCC04U05:479773:479923 [2] NCCL INFO Connected to proxy localRank 2 -> connection 0x7fb508004f30
MOC-R4PCC04U05:479773:479912 [2] NCCL INFO New proxy recv connection 1 from local rank 2, transport 0
MOC-R4PCC04U05:479773:479923 [2] NCCL INFO Connected to proxy localRank 2 -> connection 0x7fb508004fa8
MOC-R4PCC04U05:479773:479923 [2] NCCL INFO GPU Direct RDMA Disabled for GPU 2 / HCA 1 (distance 7 > 0)
MOC-R4PCC04U05:479771:479917 [0] NCCL INFO New proxy send connection 2 from local rank 0, transport 0
MOC-R4PCC04U05:479771:479922 [0] NCCL INFO Connected to proxy localRank 0 -> connection 0x7f28b0005020
MOC-R4PCC04U05:479771:479917 [0] NCCL INFO New proxy send connection 3 from local rank 0, transport 0
MOC-R4PCC04U05:479771:479922 [0] NCCL INFO Connected to proxy localRank 0 -> connection 0x7f28b0005098
MOC-R4PCC04U05:479774:479913 [3] NCCL INFO New proxy send connection 2 from local rank 3, transport 2
MOC-R4PCC04U05:479774:479921 [3] NCCL INFO Connected to proxy localRank 3 -> connection 0x7f4fac005020
MOC-R4PCC04U05:479774:479921 [3] NCCL INFO Channel 00/0 : 3[3] -> 6[2] [send] via NET/IB/1
MOC-R4PCC04U05:479774:479921 [3] NCCL INFO GPU Direct RDMA Disabled for GPU 3 / HCA 1 (distance 7 > 0)
MOC-R4PCC04U05:479774:479913 [3] NCCL INFO New proxy send connection 3 from local rank 3, transport 2
MOC-R4PCC04U05:479774:479921 [3] NCCL INFO Connected to proxy localRank 3 -> connection 0x7f4fac005098
MOC-R4PCC04U05:479774:479921 [3] NCCL INFO Channel 02/0 : 3[3] -> 6[2] [send] via NET/IB/1
MOC-R4PCC04U05:479771:479917 [0] NCCL INFO New proxy recv connection 4 from local rank 0, transport 0
MOC-R4PCC04U05:479771:479922 [0] NCCL INFO Connected to proxy localRank 0 -> connection 0x7f28b0005110
MOC-R4PCC04U05:479771:479917 [0] NCCL INFO New proxy recv connection 5 from local rank 0, transport 0
MOC-R4PCC04U05:479771:479922 [0] NCCL INFO Connected to proxy localRank 0 -> connection 0x7f28b0005188
MOC-R4PCC04U05:479771:479917 [0] NCCL INFO New proxy recv connection 6 from local rank 0, transport 0
MOC-R4PCC04U05:479771:479922 [0] NCCL INFO Connected to proxy localRank 0 -> connection 0x7f28b0005200
MOC-R4PCC04U05:479773:479912 [2] NCCL INFO New proxy recv connection 2 from local rank 2, transport 2
MOC-R4PCC04U05:479773:479923 [2] NCCL INFO Connected to proxy localRank 2 -> connection 0x7fb508005020
MOC-R4PCC04U05:479773:479923 [2] NCCL INFO Channel 00/0 : 11[3] -> 2[2] [receive] via NET/IB/1
MOC-R4PCC04U05:479773:479923 [2] NCCL INFO GPU Direct RDMA Disabled for GPU 2 / HCA 1 (distance 7 > 0)
MOC-R4PCC04U05:479773:479912 [2] NCCL INFO New proxy recv connection 3 from local rank 2, transport 2
MOC-R4PCC04U05:479773:479923 [2] NCCL INFO Connected to proxy localRank 2 -> connection 0x7fb508005098
MOC-R4PCC04U05:479773:479923 [2] NCCL INFO Channel 02/0 : 11[3] -> 2[2] [receive] via NET/IB/1
MOC-R4PCC04U05:479771:479917 [0] NCCL INFO New proxy recv connection 7 from local rank 0, transport 0
MOC-R4PCC04U05:479771:479922 [0] NCCL INFO Connected to proxy localRank 0 -> connection 0x7f28b0005278
MOC-R4PCC04U05:479773:479923 [2] NCCL INFO GPU Direct RDMA Disabled for GPU 2 / HCA 1 (distance 7 > 0)
MOC-R4PCC04U05:479773:479912 [2] NCCL INFO New proxy send connection 4 from local rank 2, transport 2
MOC-R4PCC04U05:479773:479923 [2] NCCL INFO Connected to proxy localRank 2 -> connection 0x7fb508005110
MOC-R4PCC04U05:479773:479923 [2] NCCL INFO Channel 01/0 : 2[2] -> 7[3] [send] via NET/IB/1
MOC-R4PCC04U05:479773:479923 [2] NCCL INFO GPU Direct RDMA Disabled for GPU 2 / HCA 1 (distance 7 > 0)
MOC-R4PCC04U05:479773:479912 [2] NCCL INFO New proxy send connection 5 from local rank 2, transport 2
MOC-R4PCC04U05:479773:479923 [2] NCCL INFO Connected to proxy localRank 2 -> connection 0x7fb508005188
MOC-R4PCC04U05:479773:479923 [2] NCCL INFO Channel 03/0 : 2[2] -> 7[3] [send] via NET/IB/1
MOC-R4PCC04U05:479774:479921 [3] NCCL INFO GPU Direct RDMA Disabled for GPU 3 / HCA 1 (distance 7 > 0)
MOC-R4PCC04U05:479774:479913 [3] NCCL INFO New proxy recv connection 4 from local rank 3, transport 2
MOC-R4PCC04U05:479774:479921 [3] NCCL INFO Connected to proxy localRank 3 -> connection 0x7f4fac005110
MOC-R4PCC04U05:479774:479921 [3] NCCL INFO Channel 01/0 : 10[2] -> 3[3] [receive] via NET/IB/1
MOC-R4PCC04U05:479774:479921 [3] NCCL INFO GPU Direct RDMA Disabled for GPU 3 / HCA 1 (distance 7 > 0)
MOC-R4PCC04U05:479774:479913 [3] NCCL INFO New proxy recv connection 5 from local rank 3, transport 2
MOC-R4PCC04U05:479774:479921 [3] NCCL INFO Connected to proxy localRank 3 -> connection 0x7f4fac005188
MOC-R4PCC04U05:479774:479921 [3] NCCL INFO Channel 03/0 : 10[2] -> 3[3] [receive] via NET/IB/1
MOC-R4PCC04U05:479773:479912 [2] NCCL INFO New proxy send connection 6 from local rank 2, transport 0
MOC-R4PCC04U05:479773:479923 [2] NCCL INFO Connected to proxy localRank 2 -> connection 0x7fb508005200
MOC-R4PCC04U05:479774:479913 [3] NCCL INFO New proxy send connection 6 from local rank 3, transport 0
MOC-R4PCC04U05:479774:479921 [3] NCCL INFO Connected to proxy localRank 3 -> connection 0x7f4fac005200
MOC-R4PCC04U05:479773:479912 [2] NCCL INFO New proxy send connection 7 from local rank 2, transport 0
MOC-R4PCC04U05:479773:479923 [2] NCCL INFO Connected to proxy localRank 2 -> connection 0x7fb508005278
MOC-R4PCC04U05:479774:479913 [3] NCCL INFO New proxy send connection 7 from local rank 3, transport 0
MOC-R4PCC04U05:479774:479921 [3] NCCL INFO Connected to proxy localRank 3 -> connection 0x7f4fac005278
MOC-R4PCC04U05:479772:479916 [1] NCCL INFO New proxy recv connection 2 from local rank 1, transport 0
MOC-R4PCC04U05:479771:479917 [0] NCCL INFO New proxy send connection 8 from local rank 3, transport 0
MOC-R4PCC04U05:479772:479920 [1] NCCL INFO Connected to proxy localRank 1 -> connection 0x7f7e0c005020
MOC-R4PCC04U05:479774:479921 [3] NCCL INFO Connected to proxy localRank 0 -> connection 0x7f28b00052f0
MOC-R4PCC04U05:479772:479916 [1] NCCL INFO New proxy recv connection 3 from local rank 1, transport 0
MOC-R4PCC04U05:479772:479920 [1] NCCL INFO Connected to proxy localRank 1 -> connection 0x7f7e0c005098
MOC-R4PCC04U05:479772:479916 [1] NCCL INFO New proxy send connection 4 from local rank 1, transport 0
MOC-R4PCC04U05:479772:479920 [1] NCCL INFO Connected to proxy localRank 1 -> connection 0x7f7e0c005110
MOC-R4PCC04U05:479772:479916 [1] NCCL INFO New proxy send connection 5 from local rank 1, transport 0
MOC-R4PCC04U05:479772:479920 [1] NCCL INFO Connected to proxy localRank 1 -> connection 0x7f7e0c005188
MOC-R4PCC04U05:479772:479916 [1] NCCL INFO New proxy send connection 6 from local rank 1, transport 0
MOC-R4PCC04U05:479772:479920 [1] NCCL INFO Connected to proxy localRank 1 -> connection 0x7f7e0c005200
MOC-R4PCC04U05:479772:479916 [1] NCCL INFO New proxy send connection 7 from local rank 1, transport 0
MOC-R4PCC04U05:479772:479920 [1] NCCL INFO Connected to proxy localRank 1 -> connection 0x7f7e0c005278
MOC-R4PCC04U05:479771:479917 [0] NCCL INFO New proxy send connection 9 from local rank 2, transport 0
MOC-R4PCC04U05:479773:479923 [2] NCCL INFO Connected to proxy localRank 0 -> connection 0x7f28b0005368
MOC-R4PCC04U05:479773:479912 [2] NCCL INFO New proxy send connection 8 from local rank 0, transport 0
MOC-R4PCC04U05:479771:479922 [0] NCCL INFO Connected to proxy localRank 2 -> connection 0x7fb5080052f0
MOC-R4PCC04U05:479774:479913 [3] NCCL INFO New proxy send connection 8 from local rank 1, transport 0
MOC-R4PCC04U05:479772:479920 [1] NCCL INFO Connected to proxy localRank 3 -> connection 0x7f4fac0052f0
MOC-R4PCC04U05:479772:479916 [1] NCCL INFO New proxy send connection 8 from local rank 3, transport 0
MOC-R4PCC04U05:479774:479921 [3] NCCL INFO Connected to proxy localRank 1 -> connection 0x7f7e0c0052f0
MOC-R4PCC04U05:479772:479916 [1] NCCL INFO New proxy send connection 9 from local rank 2, transport 0
MOC-R4PCC04U05:479773:479923 [2] NCCL INFO Connected to proxy localRank 1 -> connection 0x7f7e0c005368
MOC-R4PCC04U05:479773:479912 [2] NCCL INFO NET/IB: NCCL Dev 1 IbDev 0 Port 1 qpn 7202 mtu 3 query_ece={supported=1, vendor_id=0x15b3, options=0x30000002, comp_mask=0x0} GID 3 (0/C132A8C0FFFF0000) fifoRkey=0x177837 fifoLkey=0x177837
MOC-R4PCC04U05:479773:479912 [2] NCCL INFO NET/IB: NCCL Dev 1 IbDev 0 Port 1 qpn 7203 mtu 3 query_ece={supported=1, vendor_id=0x15b3, options=0x30000002, comp_mask=0x0} GID 3 (0/C132A8C0FFFF0000) fifoRkey=0x176c2b fifoLkey=0x176c2b
MOC-R4PCC04U05:479773:479912 [2] NCCL INFO NET/IB: IbDev 0 Port 1 qpn 7406 set_ece={supported=1, vendor_id=0x15b3, options=0x0, comp_mask=0x0}
MOC-R4PCC04U05:479771:479917 [0] NCCL INFO New proxy send connection 10 from local rank 1, transport 0
MOC-R4PCC04U05:479772:479920 [1] NCCL INFO Connected to proxy localRank 0 -> connection 0x7f28b00053e0
MOC-R4PCC04U05:479773:479912 [2] NCCL INFO NET/IB: IbDev 0 Port 1 qpn 7408 set_ece={supported=1, vendor_id=0x15b3, options=0x0, comp_mask=0x0}
MOC-R4PCC04U05:479774:479913 [3] NCCL INFO New proxy send connection 9 from local rank 0, transport 0
MOC-R4PCC04U05:479771:479922 [0] NCCL INFO Connected to proxy localRank 3 -> connection 0x7f4fac005368
MOC-R4PCC04U05:479774:479913 [3] NCCL INFO NET/IB: NCCL Dev 1 IbDev 0 Port 1 qpn 7212 mtu 3 query_ece={supported=1, vendor_id=0x15b3, options=0x30000002, comp_mask=0x0} GID 3 (0/C132A8C0FFFF0000) fifoRkey=0x175412 fifoLkey=0x175412
MOC-R4PCC04U05:479774:479913 [3] NCCL INFO NET/IB: NCCL Dev 1 IbDev 0 Port 1 qpn 7213 mtu 3 query_ece={supported=1, vendor_id=0x15b3, options=0x30000002, comp_mask=0x0} GID 3 (0/C132A8C0FFFF0000) fifoRkey=0x17d796 fifoLkey=0x17d796
MOC-R4PCC04U05:479774:479913 [3] NCCL INFO NET/IB: IbDev 0 Port 1 qpn 7414 set_ece={supported=1, vendor_id=0x15b3, options=0x0, comp_mask=0x0}
MOC-R4PCC04U05:479772:479916 [1] NCCL INFO New proxy send connection 10 from local rank 0, transport 0
MOC-R4PCC04U05:479771:479922 [0] NCCL INFO Connected to proxy localRank 1 -> connection 0x7f7e0c0053e0
MOC-R4PCC04U05:479773:479912 [2] NCCL INFO New proxy send connection 9 from local rank 1, transport 0
MOC-R4PCC04U05:479772:479920 [1] NCCL INFO Connected to proxy localRank 2 -> connection 0x7fb508005368
MOC-R4PCC04U05:479774:479913 [3] NCCL INFO NET/IB: IbDev 0 Port 1 qpn 7416 set_ece={supported=1, vendor_id=0x15b3, options=0x0, comp_mask=0x0}
num decayed parameter tensors: 50, with 124,318,464 parameters
num non-decayed parameter tensors: 98, with 121,344 parameters
using fused AdamW: False
using regular AdamW
MOC-R4PCC04U05:479771:479917 [0] NCCL INFO New proxy send connection 11 from local rank 0, transport 0
MOC-R4PCC04U05:479771:480622 [0] NCCL INFO Connected to proxy localRank 0 -> connection 0x7f28b0005458
MOC-R4PCC04U05:479771:479917 [0] NCCL INFO New proxy send connection 12 from local rank 0, transport 0
MOC-R4PCC04U05:479771:480622 [0] NCCL INFO Connected to proxy localRank 0 -> connection 0x7f28b00054d0
MOC-R4PCC04U05:479771:479917 [0] NCCL INFO New proxy send connection 13 from local rank 0, transport 0
MOC-R4PCC04U05:479771:480622 [0] NCCL INFO Connected to proxy localRank 0 -> connection 0x7f28b0005548
MOC-R4PCC04U05:479771:479917 [0] NCCL INFO New proxy send connection 14 from local rank 0, transport 0
MOC-R4PCC04U05:479771:480622 [0] NCCL INFO Connected to proxy localRank 0 -> connection 0x7f28b00055c0
MOC-R4PCC04U05:479772:479916 [1] NCCL INFO New proxy recv connection 11 from local rank 1, transport 0
MOC-R4PCC04U05:479772:480623 [1] NCCL INFO Connected to proxy localRank 1 -> connection 0x7f7e0c005458
MOC-R4PCC04U05:479772:479916 [1] NCCL INFO New proxy recv connection 12 from local rank 1, transport 0
MOC-R4PCC04U05:479772:480623 [1] NCCL INFO Connected to proxy localRank 1 -> connection 0x7f7e0c0054d0
MOC-R4PCC04U05:479772:479916 [1] NCCL INFO New proxy recv connection 13 from local rank 1, transport 0
MOC-R4PCC04U05:479772:480623 [1] NCCL INFO Connected to proxy localRank 1 -> connection 0x7f7e0c005548
MOC-R4PCC04U05:479772:479916 [1] NCCL INFO New proxy recv connection 14 from local rank 1, transport 0
MOC-R4PCC04U05:479772:480623 [1] NCCL INFO Connected to proxy localRank 1 -> connection 0x7f7e0c0055c0
MOC-R4PCC04U05:479772:479916 [1] NCCL INFO New proxy send connection 15 from local rank 1, transport 0
MOC-R4PCC04U05:479772:480623 [1] NCCL INFO Connected to proxy localRank 1 -> connection 0x7f7e0c005638
MOC-R4PCC04U05:479772:479916 [1] NCCL INFO New proxy send connection 16 from local rank 1, transport 0
MOC-R4PCC04U05:479772:480623 [1] NCCL INFO Connected to proxy localRank 1 -> connection 0x7f7e0c0056b0
MOC-R4PCC04U05:479772:479916 [1] NCCL INFO New proxy send connection 17 from local rank 1, transport 0
MOC-R4PCC04U05:479772:480623 [1] NCCL INFO Connected to proxy localRank 1 -> connection 0x7f7e0c005728
MOC-R4PCC04U05:479772:479916 [1] NCCL INFO New proxy send connection 18 from local rank 1, transport 0
MOC-R4PCC04U05:479772:480623 [1] NCCL INFO Connected to proxy localRank 1 -> connection 0x7f7e0c0057a0
MOC-R4PCC04U05:479771:479917 [0] NCCL INFO New proxy send connection 15 from local rank 0, transport 0
MOC-R4PCC04U05:479771:480622 [0] NCCL INFO Connected to proxy localRank 0 -> connection 0x7f28b0005638
MOC-R4PCC04U05:479771:479917 [0] NCCL INFO New proxy send connection 16 from local rank 0, transport 0
MOC-R4PCC04U05:479771:480622 [0] NCCL INFO Connected to proxy localRank 0 -> connection 0x7f28b00056b0
MOC-R4PCC04U05:479773:479912 [2] NCCL INFO New proxy recv connection 10 from local rank 2, transport 0
MOC-R4PCC04U05:479773:480624 [2] NCCL INFO Connected to proxy localRank 2 -> connection 0x7fb5080053e0
MOC-R4PCC04U05:479773:479912 [2] NCCL INFO New proxy recv connection 11 from local rank 2, transport 0
MOC-R4PCC04U05:479773:480624 [2] NCCL INFO Connected to proxy localRank 2 -> connection 0x7fb508005458
MOC-R4PCC04U05:479773:479912 [2] NCCL INFO New proxy recv connection 12 from local rank 2, transport 0
MOC-R4PCC04U05:479773:480624 [2] NCCL INFO Connected to proxy localRank 2 -> connection 0x7fb5080054d0
MOC-R4PCC04U05:479773:479912 [2] NCCL INFO New proxy recv connection 13 from local rank 2, transport 0
MOC-R4PCC04U05:479773:480624 [2] NCCL INFO Connected to proxy localRank 2 -> connection 0x7fb508005548
MOC-R4PCC04U05:479773:479912 [2] NCCL INFO New proxy send connection 14 from local rank 2, transport 0
MOC-R4PCC04U05:479773:480624 [2] NCCL INFO Connected to proxy localRank 2 -> connection 0x7fb5080055c0
MOC-R4PCC04U05:479772:479916 [1] NCCL INFO New proxy recv connection 19 from local rank 1, transport 0
MOC-R4PCC04U05:479772:480623 [1] NCCL INFO Connected to proxy localRank 1 -> connection 0x7f7e0c005818
MOC-R4PCC04U05:479773:479912 [2] NCCL INFO New proxy send connection 15 from local rank 2, transport 0
MOC-R4PCC04U05:479773:480624 [2] NCCL INFO Connected to proxy localRank 2 -> connection 0x7fb508005638
MOC-R4PCC04U05:479772:479916 [1] NCCL INFO New proxy recv connection 20 from local rank 1, transport 0
MOC-R4PCC04U05:479772:480623 [1] NCCL INFO Connected to proxy localRank 1 -> connection 0x7f7e0c005890
MOC-R4PCC04U05:479774:479913 [3] NCCL INFO New proxy recv connection 10 from local rank 3, transport 0
MOC-R4PCC04U05:479774:480625 [3] NCCL INFO Connected to proxy localRank 3 -> connection 0x7f4fac0053e0
MOC-R4PCC04U05:479774:479913 [3] NCCL INFO New proxy recv connection 11 from local rank 3, transport 0
MOC-R4PCC04U05:479774:480625 [3] NCCL INFO Connected to proxy localRank 3 -> connection 0x7f4fac005458
MOC-R4PCC04U05:479774:480625 [3] NCCL INFO GPU Direct RDMA Disabled for GPU 3 / HCA 1 (distance 7 > 0)
MOC-R4PCC04U05:479774:479913 [3] NCCL INFO New proxy recv connection 12 from local rank 3, transport 2
MOC-R4PCC04U05:479774:480625 [3] NCCL INFO Connected to proxy localRank 3 -> connection 0x7f4fac0054d0
MOC-R4PCC04U05:479774:480625 [3] NCCL INFO Channel 00/0 : 11[3] -> 3[3] [receive] via NET/IB/1
MOC-R4PCC04U05:479774:480625 [3] NCCL INFO GPU Direct RDMA Disabled for GPU 3 / HCA 1 (distance 7 > 0)
MOC-R4PCC04U05:479774:479913 [3] NCCL INFO New proxy recv connection 13 from local rank 3, transport 2
MOC-R4PCC04U05:479774:480625 [3] NCCL INFO Connected to proxy localRank 3 -> connection 0x7f4fac005548
MOC-R4PCC04U05:479774:480625 [3] NCCL INFO Channel 01/0 : 11[3] -> 3[3] [receive] via NET/IB/1
MOC-R4PCC04U05:479774:480625 [3] NCCL INFO GPU Direct RDMA Disabled for GPU 3 / HCA 1 (distance 7 > 0)
MOC-R4PCC04U05:479774:479913 [3] NCCL INFO New proxy recv connection 14 from local rank 3, transport 2
MOC-R4PCC04U05:479771:479917 [0] NCCL INFO New proxy recv connection 17 from local rank 0, transport 0
MOC-R4PCC04U05:479774:480625 [3] NCCL INFO Connected to proxy localRank 3 -> connection 0x7f4fac0055c0
MOC-R4PCC04U05:479771:480622 [0] NCCL INFO Connected to proxy localRank 0 -> connection 0x7f28b0005728
MOC-R4PCC04U05:479774:480625 [3] NCCL INFO Channel 02/0 : 11[3] -> 3[3] [receive] via NET/IB/1
MOC-R4PCC04U05:479774:480625 [3] NCCL INFO GPU Direct RDMA Disabled for GPU 3 / HCA 1 (distance 7 > 0)
MOC-R4PCC04U05:479774:479913 [3] NCCL INFO New proxy recv connection 15 from local rank 3, transport 2
MOC-R4PCC04U05:479774:480625 [3] NCCL INFO Connected to proxy localRank 3 -> connection 0x7f4fac005638
MOC-R4PCC04U05:479774:480625 [3] NCCL INFO Channel 03/0 : 11[3] -> 3[3] [receive] via NET/IB/1
MOC-R4PCC04U05:479774:480625 [3] NCCL INFO GPU Direct RDMA Disabled for GPU 3 / HCA 1 (distance 7 > 0)
MOC-R4PCC04U05:479774:479913 [3] NCCL INFO New proxy send connection 16 from local rank 3, transport 2
MOC-R4PCC04U05:479774:480625 [3] NCCL INFO Connected to proxy localRank 3 -> connection 0x7f4fac0056b0
MOC-R4PCC04U05:479774:480625 [3] NCCL INFO Channel 02/0 : 3[3] -> 7[3] [send] via NET/IB/1
MOC-R4PCC04U05:479774:480625 [3] NCCL INFO GPU Direct RDMA Disabled for GPU 3 / HCA 1 (distance 7 > 0)
MOC-R4PCC04U05:479774:479913 [3] NCCL INFO New proxy send connection 17 from local rank 3, transport 2
MOC-R4PCC04U05:479774:480625 [3] NCCL INFO Connected to proxy localRank 3 -> connection 0x7f4fac005728
MOC-R4PCC04U05:479774:480625 [3] NCCL INFO Channel 03/0 : 3[3] -> 7[3] [send] via NET/IB/1
MOC-R4PCC04U05:479771:479917 [0] NCCL INFO New proxy recv connection 18 from local rank 0, transport 0
MOC-R4PCC04U05:479771:480622 [0] NCCL INFO Connected to proxy localRank 0 -> connection 0x7f28b00057a0
MOC-R4PCC04U05:479771:479917 [0] NCCL INFO New proxy recv connection 19 from local rank 0, transport 0
MOC-R4PCC04U05:479771:480622 [0] NCCL INFO Connected to proxy localRank 0 -> connection 0x7f28b0005818
MOC-R4PCC04U05:479771:479917 [0] NCCL INFO New proxy recv connection 20 from local rank 0, transport 0
MOC-R4PCC04U05:479774:480625 [3] NCCL INFO GPU Direct RDMA Disabled for GPU 3 / HCA 1 (distance 7 > 0)
MOC-R4PCC04U05:479771:480622 [0] NCCL INFO Connected to proxy localRank 0 -> connection 0x7f28b0005890
MOC-R4PCC04U05:479774:479913 [3] NCCL INFO New proxy recv connection 18 from local rank 3, transport 2
MOC-R4PCC04U05:479774:480625 [3] NCCL INFO Connected to proxy localRank 3 -> connection 0x7f4fac0057a0
MOC-R4PCC04U05:479774:480625 [3] NCCL INFO Channel 02/0 : 7[3] -> 3[3] [receive] via NET/IB/1
MOC-R4PCC04U05:479774:480625 [3] NCCL INFO GPU Direct RDMA Disabled for GPU 3 / HCA 1 (distance 7 > 0)
MOC-R4PCC04U05:479774:479913 [3] NCCL INFO New proxy recv connection 19 from local rank 3, transport 2
MOC-R4PCC04U05:479774:480625 [3] NCCL INFO Connected to proxy localRank 3 -> connection 0x7f4fac005818
MOC-R4PCC04U05:479774:480625 [3] NCCL INFO Channel 03/0 : 7[3] -> 3[3] [receive] via NET/IB/1
MOC-R4PCC04U05:479774:480625 [3] NCCL INFO GPU Direct RDMA Disabled for GPU 3 / HCA 1 (distance 7 > 0)
MOC-R4PCC04U05:479774:479913 [3] NCCL INFO New proxy send connection 20 from local rank 3, transport 2
MOC-R4PCC04U05:479774:480625 [3] NCCL INFO Connected to proxy localRank 3 -> connection 0x7f4fac005890
MOC-R4PCC04U05:479774:480625 [3] NCCL INFO Channel 00/0 : 3[3] -> 11[3] [send] via NET/IB/1
MOC-R4PCC04U05:479774:480625 [3] NCCL INFO GPU Direct RDMA Disabled for GPU 3 / HCA 1 (distance 7 > 0)
MOC-R4PCC04U05:479774:479913 [3] NCCL INFO New proxy send connection 21 from local rank 3, transport 2
MOC-R4PCC04U05:479774:480625 [3] NCCL INFO Connected to proxy localRank 3 -> connection 0x7f4fac005908
MOC-R4PCC04U05:479774:480625 [3] NCCL INFO Channel 01/0 : 3[3] -> 11[3] [send] via NET/IB/1
MOC-R4PCC04U05:479774:480625 [3] NCCL INFO GPU Direct RDMA Disabled for GPU 3 / HCA 1 (distance 7 > 0)
MOC-R4PCC04U05:479774:479913 [3] NCCL INFO New proxy send connection 22 from local rank 3, transport 2
MOC-R4PCC04U05:479774:480625 [3] NCCL INFO Connected to proxy localRank 3 -> connection 0x7f4fac005980
MOC-R4PCC04U05:479774:480625 [3] NCCL INFO Channel 02/0 : 3[3] -> 11[3] [send] via NET/IB/1
MOC-R4PCC04U05:479774:480625 [3] NCCL INFO GPU Direct RDMA Disabled for GPU 3 / HCA 1 (distance 7 > 0)
MOC-R4PCC04U05:479774:479913 [3] NCCL INFO New proxy send connection 23 from local rank 3, transport 2
MOC-R4PCC04U05:479774:480625 [3] NCCL INFO Connected to proxy localRank 3 -> connection 0x7f4fac0059f8
MOC-R4PCC04U05:479774:480625 [3] NCCL INFO Channel 03/0 : 3[3] -> 11[3] [send] via NET/IB/1
MOC-R4PCC04U05:479774:479913 [3] NCCL INFO New proxy send connection 24 from local rank 3, transport 0
MOC-R4PCC04U05:479774:480625 [3] NCCL INFO Connected to proxy localRank 3 -> connection 0x7f4fac005a70
MOC-R4PCC04U05:479774:479913 [3] NCCL INFO New proxy send connection 25 from local rank 3, transport 0
MOC-R4PCC04U05:479774:480625 [3] NCCL INFO Connected to proxy localRank 3 -> connection 0x7f4fac005ae8
MOC-R4PCC04U05:479774:479913 [3] NCCL INFO New proxy send connection 26 from local rank 3, transport 0
MOC-R4PCC04U05:479774:480625 [3] NCCL INFO Connected to proxy localRank 3 -> connection 0x7f4fac005b60
MOC-R4PCC04U05:479774:479913 [3] NCCL INFO New proxy send connection 27 from local rank 3, transport 0
MOC-R4PCC04U05:479774:480625 [3] NCCL INFO Connected to proxy localRank 3 -> connection 0x7f4fac005bd8
MOC-R4PCC04U05:479774:479913 [3] NCCL INFO NET/IB: NCCL Dev 1 IbDev 0 Port 1 qpn 7216 mtu 3 query_ece={supported=1, vendor_id=0x15b3, options=0x30000002, comp_mask=0x0} GID 3 (0/C132A8C0FFFF0000) fifoRkey=0x17ecab fifoLkey=0x17ecab
MOC-R4PCC04U05:479774:479913 [3] NCCL INFO NET/IB: NCCL Dev 1 IbDev 0 Port 1 qpn 7217 mtu 3 query_ece={supported=1, vendor_id=0x15b3, options=0x30000002, comp_mask=0x0} GID 3 (0/C132A8C0FFFF0000) fifoRkey=0x174705 fifoLkey=0x174705
MOC-R4PCC04U05:479774:479913 [3] NCCL INFO NET/IB: NCCL Dev 1 IbDev 0 Port 1 qpn 7224 mtu 3 query_ece={supported=1, vendor_id=0x15b3, options=0x30000002, comp_mask=0x0} GID 3 (0/C132A8C0FFFF0000) fifoRkey=0x17cb8a fifoLkey=0x17cb8a
MOC-R4PCC04U05:479774:479913 [3] NCCL INFO NET/IB: NCCL Dev 1 IbDev 0 Port 1 qpn 7225 mtu 3 query_ece={supported=1, vendor_id=0x15b3, options=0x30000002, comp_mask=0x0} GID 3 (0/C132A8C0FFFF0000) fifoRkey=0x17e1a0 fifoLkey=0x17e1a0
MOC-R4PCC04U05:479774:479913 [3] NCCL INFO NET/IB: NCCL Dev 1 IbDev 0 Port 1 qpn 7226 mtu 3 query_ece={supported=1, vendor_id=0x15b3, options=0x30000002, comp_mask=0x0} GID 3 (0/C132A8C0FFFF0000) fifoRkey=0x17f5b4 fifoLkey=0x17f5b4
MOC-R4PCC04U05:479774:479913 [3] NCCL INFO NET/IB: IbDev 0 Port 1 qpn 7420 set_ece={supported=1, vendor_id=0x15b3, options=0x0, comp_mask=0x0}
MOC-R4PCC04U05:479774:479913 [3] NCCL INFO NET/IB: IbDev 0 Port 1 qpn 7422 set_ece={supported=1, vendor_id=0x15b3, options=0x0, comp_mask=0x0}
MOC-R4PCC04U05:479774:479913 [3] NCCL INFO NET/IB: IbDev 0 Port 1 qpn 3138 set_ece={supported=1, vendor_id=0x15b3, options=0x0, comp_mask=0x0}
MOC-R4PCC04U05:479774:479913 [3] NCCL INFO NET/IB: IbDev 0 Port 1 qpn 3140 set_ece={supported=1, vendor_id=0x15b3, options=0x0, comp_mask=0x0}
MOC-R4PCC04U05:479774:479913 [3] NCCL INFO NET/IB: IbDev 0 Port 1 qpn 3142 set_ece={supported=1, vendor_id=0x15b3, options=0x0, comp_mask=0x0}
MOC-R4PCC04U05:479774:479913 [3] NCCL INFO NET/IB: NCCL Dev 1 IbDev 0 Port 1 qpn 7229 mtu 3 query_ece={supported=1, vendor_id=0x15b3, options=0x30000002, comp_mask=0x0} GID 3 (0/C132A8C0FFFF0000) fifoRkey=0x172eed fifoLkey=0x172eed
MOC-R4PCC04U05:479774:479913 [3] NCCL INFO NET/IB: IbDev 0 Port 1 qpn 3144 set_ece={supported=1, vendor_id=0x15b3, options=0x0, comp_mask=0x0}
step    1/10 | train loss 11.008544 | norm 15.7801 | lr 1.00e-04 | (14050.48 ms | 27986 tok/s)
step    2/10 | train loss 10.118096 | norm 5.8209 | lr 1.00e-04 | (126.51 ms | 3108090 tok/s)
step    3/10 | train loss 9.770428 | norm 2.6297 | lr 1.00e-04 | (121.36 ms | 3240122 tok/s)
step    4/10 | train loss 9.600715 | norm 2.1155 | lr 1.00e-04 | (121.53 ms | 3235469 tok/s)
step    5/10 | train loss 9.517905 | norm 2.1044 | lr 1.00e-04 | (119.97 ms | 3277519 tok/s)
step    6/10 | train loss 9.436636 | norm 1.9995 | lr 1.00e-04 | (121.47 ms | 3237044 tok/s)
step    7/10 | train loss 9.351845 | norm 1.9450 | lr 1.00e-04 | (120.70 ms | 3257690 tok/s)
step    8/10 | train loss 9.262649 | norm 1.9094 | lr 1.00e-04 | (123.38 ms | 3186959 tok/s)
step    9/10 | train loss 9.170661 | norm 1.8626 | lr 1.00e-04 | (121.15 ms | 3245816 tok/s)
step   10/10 | train loss 9.080876 | norm 1.7797 | lr 1.00e-04 | (121.24 ms | 3243199 tok/s)
final 9 iters avg: 121.925ms
peak memory consumption: 16121 MiB
