Running pytorch 2.7.0+cu126
using device: cuda:0
total desired batch size: 1310720
=> calculated gradient accumulation steps: 5
using device: cuda:2
using device: cuda:1
using device: cuda:3
compiling the model...
DataLoader: total number of tokens: 1,661,249,667 across 103 files
MOC-R4PCC04U05:425406:425406 [0] NCCL INFO NCCL_SOCKET_IFNAME set to eno7np0
MOC-R4PCC04U05:425406:425406 [0] NCCL INFO NCCL version 2.26.2+cuda12.2
MOC-R4PCC04U05:425406:425448 [0] NCCL INFO NET/Plugin: Could not find: libnccl-net.so. Using internal net plugin.
MOC-R4PCC04U05:425406:425448 [0] NCCL INFO NCCL_IB_HCA set to mlx5_5
MOC-R4PCC04U05:425406:425448 [0] NCCL INFO NET/IB : Made virtual device [0] name=mlx5_5 speed=400000 ndevs=1
MOC-R4PCC04U05:425406:425448 [0] NCCL INFO NET/IB : Using [0]mlx5_5:1/RoCE [RO]; OOB eno7np0:192.168.50.193<0>
MOC-R4PCC04U05:425408:425408 [2] NCCL INFO NCCL_SOCKET_IFNAME set to eno7np0
MOC-R4PCC04U05:425408:425408 [2] NCCL INFO NCCL version 2.26.2+cuda12.2
MOC-R4PCC04U05:425407:425407 [1] NCCL INFO NCCL_SOCKET_IFNAME set to eno7np0
MOC-R4PCC04U05:425407:425407 [1] NCCL INFO NCCL version 2.26.2+cuda12.2
MOC-R4PCC04U05:425409:425409 [3] NCCL INFO NCCL_SOCKET_IFNAME set to eno7np0
MOC-R4PCC04U05:425409:425409 [3] NCCL INFO NCCL version 2.26.2+cuda12.2
MOC-R4PCC04U05:425408:425450 [2] NCCL INFO NET/Plugin: Could not find: libnccl-net.so. Using internal net plugin.
MOC-R4PCC04U05:425408:425450 [2] NCCL INFO NCCL_IB_HCA set to mlx5_5
MOC-R4PCC04U05:425407:425451 [1] NCCL INFO NET/Plugin: Could not find: libnccl-net.so. Using internal net plugin.
MOC-R4PCC04U05:425407:425451 [1] NCCL INFO NCCL_IB_HCA set to mlx5_5
MOC-R4PCC04U05:425409:425452 [3] NCCL INFO NET/Plugin: Could not find: libnccl-net.so. Using internal net plugin.
MOC-R4PCC04U05:425409:425452 [3] NCCL INFO NCCL_IB_HCA set to mlx5_5
MOC-R4PCC04U05:425408:425450 [2] NCCL INFO NET/IB : Made virtual device [0] name=mlx5_5 speed=400000 ndevs=1
MOC-R4PCC04U05:425408:425450 [2] NCCL INFO NET/IB : Using [0]mlx5_5:1/RoCE [RO]; OOB eno7np0:192.168.50.193<0>
MOC-R4PCC04U05:425407:425451 [1] NCCL INFO NET/IB : Made virtual device [0] name=mlx5_5 speed=400000 ndevs=1
MOC-R4PCC04U05:425409:425452 [3] NCCL INFO NET/IB : Made virtual device [0] name=mlx5_5 speed=400000 ndevs=1
MOC-R4PCC04U05:425407:425451 [1] NCCL INFO NET/IB : Using [0]mlx5_5:1/RoCE [RO]; OOB eno7np0:192.168.50.193<0>
MOC-R4PCC04U05:425409:425452 [3] NCCL INFO NET/IB : Using [0]mlx5_5:1/RoCE [RO]; OOB eno7np0:192.168.50.193<0>
MOC-R4PCC04U05:425407:425451 [1] NCCL INFO NET/IB : GPU Direct RDMA Enabled for HCA 0 'mlx5_5'
MOC-R4PCC04U05:425407:425451 [1] NCCL INFO NET/IB : Made virtual device [1] name=mlx5_5 speed=400000 ndevs=1
MOC-R4PCC04U05:425407:425451 [1] NCCL INFO NET/IB : GPU Direct RDMA Enabled for HCA 0 'mlx5_5'
MOC-R4PCC04U05:425407:425451 [1] NCCL INFO NET/IB : GPU Direct RDMA Enabled for HCA 1 'mlx5_5'
MOC-R4PCC04U05:425408:425450 [2] NCCL INFO NET/IB : GPU Direct RDMA Enabled for HCA 0 'mlx5_5'
MOC-R4PCC04U05:425408:425450 [2] NCCL INFO NET/IB : Made virtual device [1] name=mlx5_5 speed=400000 ndevs=1
MOC-R4PCC04U05:425408:425450 [2] NCCL INFO NET/IB : GPU Direct RDMA Enabled for HCA 0 'mlx5_5'
MOC-R4PCC04U05:425408:425450 [2] NCCL INFO NET/IB : GPU Direct RDMA Enabled for HCA 1 'mlx5_5'
MOC-R4PCC04U05:425409:425452 [3] NCCL INFO NET/IB : GPU Direct RDMA Enabled for HCA 0 'mlx5_5'
MOC-R4PCC04U05:425409:425452 [3] NCCL INFO NET/IB : Made virtual device [1] name=mlx5_5 speed=400000 ndevs=1
MOC-R4PCC04U05:425409:425452 [3] NCCL INFO NET/IB : GPU Direct RDMA Enabled for HCA 0 'mlx5_5'
MOC-R4PCC04U05:425409:425452 [3] NCCL INFO NET/IB : GPU Direct RDMA Enabled for HCA 1 'mlx5_5'
MOC-R4PCC04U05:425406:425448 [0] NCCL INFO NET/IB : GPU Direct RDMA Enabled for HCA 0 'mlx5_5'
MOC-R4PCC04U05:425406:425448 [0] NCCL INFO NET/IB : Made virtual device [1] name=mlx5_5 speed=400000 ndevs=1
MOC-R4PCC04U05:425406:425448 [0] NCCL INFO NET/IB : GPU Direct RDMA Enabled for HCA 0 'mlx5_5'
MOC-R4PCC04U05:425406:425448 [0] NCCL INFO NET/IB : GPU Direct RDMA Enabled for HCA 1 'mlx5_5'
MOC-R4PCC04U05:425407:425451 [1] NCCL INFO NCCL_NET_GDR_LEVEL set by environment to LOC
MOC-R4PCC04U05:425407:425451 [1] NCCL INFO GPU Direct RDMA Disabled for GPU 0 / HCA 1 (distance 5 > 0)
MOC-R4PCC04U05:425407:425451 [1] NCCL INFO GPU Direct RDMA Disabled for GPU 1 / HCA 1 (distance 5 > 0)
MOC-R4PCC04U05:425407:425451 [1] NCCL INFO GPU Direct RDMA Disabled for GPU 2 / HCA 1 (distance 5 > 0)
MOC-R4PCC04U05:425407:425451 [1] NCCL INFO GPU Direct RDMA Disabled for GPU 0 / HCA 1 (distance 5 > 0)
MOC-R4PCC04U05:425407:425451 [1] NCCL INFO GPU Direct RDMA Disabled for GPU 1 / HCA 1 (distance 5 > 0)
MOC-R4PCC04U05:425407:425451 [1] NCCL INFO GPU Direct RDMA Disabled for GPU 2 / HCA 1 (distance 5 > 0)
MOC-R4PCC04U05:425406:425448 [0] NCCL INFO NCCL_NET_GDR_LEVEL set by environment to LOC
MOC-R4PCC04U05:425406:425448 [0] NCCL INFO GPU Direct RDMA Disabled for GPU 0 / HCA 1 (distance 5 > 0)
MOC-R4PCC04U05:425406:425448 [0] NCCL INFO GPU Direct RDMA Disabled for GPU 1 / HCA 1 (distance 5 > 0)
MOC-R4PCC04U05:425406:425448 [0] NCCL INFO GPU Direct RDMA Disabled for GPU 2 / HCA 1 (distance 5 > 0)
MOC-R4PCC04U05:425406:425448 [0] NCCL INFO GPU Direct RDMA Disabled for GPU 0 / HCA 1 (distance 5 > 0)
MOC-R4PCC04U05:425406:425448 [0] NCCL INFO GPU Direct RDMA Disabled for GPU 1 / HCA 1 (distance 5 > 0)
MOC-R4PCC04U05:425406:425448 [0] NCCL INFO GPU Direct RDMA Disabled for GPU 2 / HCA 1 (distance 5 > 0)
MOC-R4PCC04U05:425408:425450 [2] NCCL INFO NCCL_NET_GDR_LEVEL set by environment to LOC
MOC-R4PCC04U05:425408:425450 [2] NCCL INFO GPU Direct RDMA Disabled for GPU 0 / HCA 1 (distance 5 > 0)
MOC-R4PCC04U05:425408:425450 [2] NCCL INFO GPU Direct RDMA Disabled for GPU 1 / HCA 1 (distance 5 > 0)
MOC-R4PCC04U05:425408:425450 [2] NCCL INFO GPU Direct RDMA Disabled for GPU 2 / HCA 1 (distance 5 > 0)
MOC-R4PCC04U05:425408:425450 [2] NCCL INFO GPU Direct RDMA Disabled for GPU 0 / HCA 1 (distance 5 > 0)
MOC-R4PCC04U05:425408:425450 [2] NCCL INFO GPU Direct RDMA Disabled for GPU 1 / HCA 1 (distance 5 > 0)
MOC-R4PCC04U05:425408:425450 [2] NCCL INFO GPU Direct RDMA Disabled for GPU 2 / HCA 1 (distance 5 > 0)
MOC-R4PCC04U05:425409:425452 [3] NCCL INFO NCCL_NET_GDR_LEVEL set by environment to LOC
MOC-R4PCC04U05:425409:425452 [3] NCCL INFO GPU Direct RDMA Disabled for GPU 0 / HCA 1 (distance 5 > 0)
MOC-R4PCC04U05:425409:425452 [3] NCCL INFO GPU Direct RDMA Disabled for GPU 1 / HCA 1 (distance 5 > 0)
MOC-R4PCC04U05:425409:425452 [3] NCCL INFO GPU Direct RDMA Disabled for GPU 2 / HCA 1 (distance 5 > 0)
MOC-R4PCC04U05:425409:425452 [3] NCCL INFO GPU Direct RDMA Disabled for GPU 0 / HCA 1 (distance 5 > 0)
MOC-R4PCC04U05:425409:425452 [3] NCCL INFO GPU Direct RDMA Disabled for GPU 1 / HCA 1 (distance 5 > 0)
MOC-R4PCC04U05:425409:425452 [3] NCCL INFO GPU Direct RDMA Disabled for GPU 2 / HCA 1 (distance 5 > 0)
MOC-R4PCC04U05:425409:425466 [3] NCCL INFO New proxy recv connection 0 from local rank 3, transport 0
MOC-R4PCC04U05:425409:425539 [3] NCCL INFO Connected to proxy localRank 3 -> connection 0x7f3d9c004f30
MOC-R4PCC04U05:425409:425466 [3] NCCL INFO New proxy recv connection 1 from local rank 3, transport 0
MOC-R4PCC04U05:425409:425539 [3] NCCL INFO Connected to proxy localRank 3 -> connection 0x7f3d9c004fa8
MOC-R4PCC04U05:425409:425539 [3] NCCL INFO GPU Direct RDMA Disabled for GPU 3 / HCA 1 (distance 7 > 0)
MOC-R4PCC04U05:425406:425470 [0] NCCL INFO New proxy send connection 0 from local rank 0, transport 0
MOC-R4PCC04U05:425406:425540 [0] NCCL INFO Connected to proxy localRank 0 -> connection 0x7ff680004f30
MOC-R4PCC04U05:425406:425470 [0] NCCL INFO New proxy send connection 1 from local rank 0, transport 0
MOC-R4PCC04U05:425406:425540 [0] NCCL INFO Connected to proxy localRank 0 -> connection 0x7ff680004fa8
MOC-R4PCC04U05:425407:425467 [1] NCCL INFO New proxy recv connection 0 from local rank 1, transport 0
MOC-R4PCC04U05:425407:425541 [1] NCCL INFO Connected to proxy localRank 1 -> connection 0x7f112c004f30
MOC-R4PCC04U05:425408:425464 [2] NCCL INFO New proxy recv connection 0 from local rank 2, transport 0
MOC-R4PCC04U05:425408:425542 [2] NCCL INFO Connected to proxy localRank 2 -> connection 0x7f28a4004f30
MOC-R4PCC04U05:425407:425467 [1] NCCL INFO New proxy recv connection 1 from local rank 1, transport 0
MOC-R4PCC04U05:425407:425541 [1] NCCL INFO Connected to proxy localRank 1 -> connection 0x7f112c004fa8
MOC-R4PCC04U05:425408:425464 [2] NCCL INFO New proxy recv connection 1 from local rank 2, transport 0
MOC-R4PCC04U05:425408:425542 [2] NCCL INFO Connected to proxy localRank 2 -> connection 0x7f28a4004fa8
MOC-R4PCC04U05:425408:425542 [2] NCCL INFO GPU Direct RDMA Disabled for GPU 2 / HCA 1 (distance 7 > 0)
MOC-R4PCC04U05:425406:425470 [0] NCCL INFO New proxy send connection 2 from local rank 0, transport 0
MOC-R4PCC04U05:425406:425540 [0] NCCL INFO Connected to proxy localRank 0 -> connection 0x7ff680005020
MOC-R4PCC04U05:425406:425470 [0] NCCL INFO New proxy send connection 3 from local rank 0, transport 0
MOC-R4PCC04U05:425406:425540 [0] NCCL INFO Connected to proxy localRank 0 -> connection 0x7ff680005098
MOC-R4PCC04U05:425409:425466 [3] NCCL INFO New proxy send connection 2 from local rank 3, transport 2
MOC-R4PCC04U05:425409:425539 [3] NCCL INFO Connected to proxy localRank 3 -> connection 0x7f3d9c005020
MOC-R4PCC04U05:425409:425539 [3] NCCL INFO Channel 00/0 : 3[3] -> 6[2] [send] via NET/IB/1
MOC-R4PCC04U05:425409:425539 [3] NCCL INFO GPU Direct RDMA Disabled for GPU 3 / HCA 1 (distance 7 > 0)
MOC-R4PCC04U05:425409:425466 [3] NCCL INFO New proxy send connection 3 from local rank 3, transport 2
MOC-R4PCC04U05:425409:425539 [3] NCCL INFO Connected to proxy localRank 3 -> connection 0x7f3d9c005098
MOC-R4PCC04U05:425409:425539 [3] NCCL INFO Channel 02/0 : 3[3] -> 6[2] [send] via NET/IB/1
MOC-R4PCC04U05:425409:425539 [3] NCCL INFO GPU Direct RDMA Disabled for GPU 3 / HCA 1 (distance 7 > 0)
MOC-R4PCC04U05:425409:425466 [3] NCCL INFO New proxy recv connection 4 from local rank 3, transport 2
MOC-R4PCC04U05:425409:425539 [3] NCCL INFO Connected to proxy localRank 3 -> connection 0x7f3d9c005110
MOC-R4PCC04U05:425406:425470 [0] NCCL INFO New proxy recv connection 4 from local rank 0, transport 0
MOC-R4PCC04U05:425406:425540 [0] NCCL INFO Connected to proxy localRank 0 -> connection 0x7ff680005110
MOC-R4PCC04U05:425409:425539 [3] NCCL INFO Channel 01/0 : 6[2] -> 3[3] [receive] via NET/IB/1
MOC-R4PCC04U05:425409:425539 [3] NCCL INFO GPU Direct RDMA Disabled for GPU 3 / HCA 1 (distance 7 > 0)
MOC-R4PCC04U05:425409:425466 [3] NCCL INFO New proxy recv connection 5 from local rank 3, transport 2
MOC-R4PCC04U05:425409:425539 [3] NCCL INFO Connected to proxy localRank 3 -> connection 0x7f3d9c005188
MOC-R4PCC04U05:425409:425539 [3] NCCL INFO Channel 03/0 : 6[2] -> 3[3] [receive] via NET/IB/1
MOC-R4PCC04U05:425409:425466 [3] NCCL INFO New proxy send connection 6 from local rank 3, transport 0
MOC-R4PCC04U05:425409:425539 [3] NCCL INFO Connected to proxy localRank 3 -> connection 0x7f3d9c005200
MOC-R4PCC04U05:425406:425470 [0] NCCL INFO New proxy recv connection 5 from local rank 0, transport 0
MOC-R4PCC04U05:425409:425466 [3] NCCL INFO New proxy send connection 7 from local rank 3, transport 0
MOC-R4PCC04U05:425406:425540 [0] NCCL INFO Connected to proxy localRank 0 -> connection 0x7ff680005188
MOC-R4PCC04U05:425409:425539 [3] NCCL INFO Connected to proxy localRank 3 -> connection 0x7f3d9c005278
MOC-R4PCC04U05:425406:425470 [0] NCCL INFO New proxy recv connection 6 from local rank 0, transport 0
MOC-R4PCC04U05:425406:425540 [0] NCCL INFO Connected to proxy localRank 0 -> connection 0x7ff680005200
MOC-R4PCC04U05:425407:425467 [1] NCCL INFO New proxy recv connection 2 from local rank 1, transport 0
MOC-R4PCC04U05:425407:425541 [1] NCCL INFO Connected to proxy localRank 1 -> connection 0x7f112c005020
MOC-R4PCC04U05:425406:425470 [0] NCCL INFO New proxy recv connection 7 from local rank 0, transport 0
MOC-R4PCC04U05:425406:425540 [0] NCCL INFO Connected to proxy localRank 0 -> connection 0x7ff680005278
MOC-R4PCC04U05:425406:425470 [0] NCCL INFO New proxy send connection 8 from local rank 3, transport 0
MOC-R4PCC04U05:425409:425539 [3] NCCL INFO Connected to proxy localRank 0 -> connection 0x7ff6800052f0
MOC-R4PCC04U05:425407:425467 [1] NCCL INFO New proxy recv connection 3 from local rank 1, transport 0
MOC-R4PCC04U05:425407:425541 [1] NCCL INFO Connected to proxy localRank 1 -> connection 0x7f112c005098
MOC-R4PCC04U05:425407:425467 [1] NCCL INFO New proxy send connection 4 from local rank 1, transport 0
MOC-R4PCC04U05:425407:425541 [1] NCCL INFO Connected to proxy localRank 1 -> connection 0x7f112c005110
MOC-R4PCC04U05:425407:425467 [1] NCCL INFO New proxy send connection 5 from local rank 1, transport 0
MOC-R4PCC04U05:425407:425541 [1] NCCL INFO Connected to proxy localRank 1 -> connection 0x7f112c005188
MOC-R4PCC04U05:425408:425464 [2] NCCL INFO New proxy recv connection 2 from local rank 2, transport 2
MOC-R4PCC04U05:425408:425542 [2] NCCL INFO Connected to proxy localRank 2 -> connection 0x7f28a4005020
MOC-R4PCC04U05:425408:425542 [2] NCCL INFO Channel 00/0 : 7[3] -> 2[2] [receive] via NET/IB/1
MOC-R4PCC04U05:425408:425542 [2] NCCL INFO GPU Direct RDMA Disabled for GPU 2 / HCA 1 (distance 7 > 0)
MOC-R4PCC04U05:425408:425464 [2] NCCL INFO New proxy recv connection 3 from local rank 2, transport 2
MOC-R4PCC04U05:425408:425542 [2] NCCL INFO Connected to proxy localRank 2 -> connection 0x7f28a4005098
MOC-R4PCC04U05:425408:425542 [2] NCCL INFO Channel 02/0 : 7[3] -> 2[2] [receive] via NET/IB/1
MOC-R4PCC04U05:425408:425542 [2] NCCL INFO GPU Direct RDMA Disabled for GPU 2 / HCA 1 (distance 7 > 0)
MOC-R4PCC04U05:425408:425464 [2] NCCL INFO New proxy send connection 4 from local rank 2, transport 2
MOC-R4PCC04U05:425408:425542 [2] NCCL INFO Connected to proxy localRank 2 -> connection 0x7f28a4005110
MOC-R4PCC04U05:425408:425542 [2] NCCL INFO Channel 01/0 : 2[2] -> 7[3] [send] via NET/IB/1
MOC-R4PCC04U05:425408:425542 [2] NCCL INFO GPU Direct RDMA Disabled for GPU 2 / HCA 1 (distance 7 > 0)
MOC-R4PCC04U05:425408:425464 [2] NCCL INFO New proxy send connection 5 from local rank 2, transport 2
MOC-R4PCC04U05:425408:425542 [2] NCCL INFO Connected to proxy localRank 2 -> connection 0x7f28a4005188
MOC-R4PCC04U05:425408:425542 [2] NCCL INFO Channel 03/0 : 2[2] -> 7[3] [send] via NET/IB/1
MOC-R4PCC04U05:425408:425464 [2] NCCL INFO New proxy send connection 6 from local rank 2, transport 0
MOC-R4PCC04U05:425408:425542 [2] NCCL INFO Connected to proxy localRank 2 -> connection 0x7f28a4005200
MOC-R4PCC04U05:425407:425467 [1] NCCL INFO New proxy send connection 6 from local rank 1, transport 0
MOC-R4PCC04U05:425407:425541 [1] NCCL INFO Connected to proxy localRank 1 -> connection 0x7f112c005200
MOC-R4PCC04U05:425408:425464 [2] NCCL INFO New proxy send connection 7 from local rank 2, transport 0
MOC-R4PCC04U05:425408:425542 [2] NCCL INFO Connected to proxy localRank 2 -> connection 0x7f28a4005278
MOC-R4PCC04U05:425407:425467 [1] NCCL INFO New proxy send connection 7 from local rank 1, transport 0
MOC-R4PCC04U05:425407:425541 [1] NCCL INFO Connected to proxy localRank 1 -> connection 0x7f112c005278
MOC-R4PCC04U05:425406:425470 [0] NCCL INFO New proxy send connection 9 from local rank 2, transport 0
MOC-R4PCC04U05:425408:425542 [2] NCCL INFO Connected to proxy localRank 0 -> connection 0x7ff680005368
MOC-R4PCC04U05:425408:425464 [2] NCCL INFO New proxy send connection 8 from local rank 0, transport 0
MOC-R4PCC04U05:425406:425540 [0] NCCL INFO Connected to proxy localRank 2 -> connection 0x7f28a40052f0
MOC-R4PCC04U05:425409:425466 [3] NCCL INFO New proxy send connection 8 from local rank 1, transport 0
MOC-R4PCC04U05:425407:425541 [1] NCCL INFO Connected to proxy localRank 3 -> connection 0x7f3d9c0052f0
MOC-R4PCC04U05:425407:425467 [1] NCCL INFO New proxy send connection 8 from local rank 3, transport 0
MOC-R4PCC04U05:425409:425539 [3] NCCL INFO Connected to proxy localRank 1 -> connection 0x7f112c0052f0
MOC-R4PCC04U05:425409:425466 [3] NCCL INFO New proxy send connection 9 from local rank 0, transport 0
MOC-R4PCC04U05:425407:425467 [1] NCCL INFO New proxy send connection 9 from local rank 2, transport 0
MOC-R4PCC04U05:425408:425542 [2] NCCL INFO Connected to proxy localRank 1 -> connection 0x7f112c005368
MOC-R4PCC04U05:425406:425540 [0] NCCL INFO Connected to proxy localRank 3 -> connection 0x7f3d9c005368
MOC-R4PCC04U05:425406:425470 [0] NCCL INFO New proxy send connection 10 from local rank 1, transport 0
MOC-R4PCC04U05:425407:425541 [1] NCCL INFO Connected to proxy localRank 0 -> connection 0x7ff6800053e0
MOC-R4PCC04U05:425408:425464 [2] NCCL INFO NET/IB: NCCL Dev 1 IbDev 0 Port 1 qpn 6258 mtu 3 query_ece={supported=1, vendor_id=0x15b3, options=0x30000002, comp_mask=0x0} GID 3 (0/C132A8C0FFFF0000) fifoRkey=0x174705 fifoLkey=0x174705
MOC-R4PCC04U05:425408:425464 [2] NCCL INFO NET/IB: NCCL Dev 1 IbDev 0 Port 1 qpn 6259 mtu 3 query_ece={supported=1, vendor_id=0x15b3, options=0x30000002, comp_mask=0x0} GID 3 (0/C132A8C0FFFF0000) fifoRkey=0x1722e1 fifoLkey=0x1722e1
MOC-R4PCC04U05:425409:425466 [3] NCCL INFO NET/IB: NCCL Dev 1 IbDev 0 Port 1 qpn 6260 mtu 3 query_ece={supported=1, vendor_id=0x15b3, options=0x30000002, comp_mask=0x0} GID 3 (0/C132A8C0FFFF0000) fifoRkey=0x17bf7e fifoLkey=0x17bf7e
MOC-R4PCC04U05:425409:425466 [3] NCCL INFO NET/IB: NCCL Dev 1 IbDev 0 Port 1 qpn 6261 mtu 3 query_ece={supported=1, vendor_id=0x15b3, options=0x30000002, comp_mask=0x0} GID 3 (0/C132A8C0FFFF0000) fifoRkey=0x170bca fifoLkey=0x170bca
MOC-R4PCC04U05:425409:425466 [3] NCCL INFO NET/IB: IbDev 0 Port 1 qpn 6498 set_ece={supported=1, vendor_id=0x15b3, options=0x0, comp_mask=0x0}
MOC-R4PCC04U05:425408:425464 [2] NCCL INFO NET/IB: IbDev 0 Port 1 qpn 6496 set_ece={supported=1, vendor_id=0x15b3, options=0x0, comp_mask=0x0}
MOC-R4PCC04U05:425409:425466 [3] NCCL INFO NET/IB: IbDev 0 Port 1 qpn 6502 set_ece={supported=1, vendor_id=0x15b3, options=0x0, comp_mask=0x0}
MOC-R4PCC04U05:425407:425467 [1] NCCL INFO New proxy send connection 10 from local rank 0, transport 0
MOC-R4PCC04U05:425406:425540 [0] NCCL INFO Connected to proxy localRank 1 -> connection 0x7f112c0053e0
MOC-R4PCC04U05:425408:425464 [2] NCCL INFO NET/IB: IbDev 0 Port 1 qpn 6499 set_ece={supported=1, vendor_id=0x15b3, options=0x0, comp_mask=0x0}
MOC-R4PCC04U05:425408:425464 [2] NCCL INFO New proxy send connection 9 from local rank 1, transport 0
MOC-R4PCC04U05:425407:425541 [1] NCCL INFO Connected to proxy localRank 2 -> connection 0x7f28a4005368
num decayed parameter tensors: 50, with 124,318,464 parameters
num non-decayed parameter tensors: 98, with 121,344 parameters
using fused AdamW: False
using regular AdamW
MOC-R4PCC04U05:425408:425464 [2] NCCL INFO New proxy recv connection 10 from local rank 2, transport 0
MOC-R4PCC04U05:425408:426166 [2] NCCL INFO Connected to proxy localRank 2 -> connection 0x7f28a40053e0
MOC-R4PCC04U05:425408:425464 [2] NCCL INFO New proxy recv connection 11 from local rank 2, transport 0
MOC-R4PCC04U05:425408:426166 [2] NCCL INFO Connected to proxy localRank 2 -> connection 0x7f28a4005458
MOC-R4PCC04U05:425408:425464 [2] NCCL INFO New proxy recv connection 12 from local rank 2, transport 0
MOC-R4PCC04U05:425408:426166 [2] NCCL INFO Connected to proxy localRank 2 -> connection 0x7f28a40054d0
MOC-R4PCC04U05:425408:425464 [2] NCCL INFO New proxy recv connection 13 from local rank 2, transport 0
MOC-R4PCC04U05:425408:426166 [2] NCCL INFO Connected to proxy localRank 2 -> connection 0x7f28a4005548
MOC-R4PCC04U05:425407:425467 [1] NCCL INFO New proxy recv connection 11 from local rank 1, transport 0
MOC-R4PCC04U05:425407:426167 [1] NCCL INFO Connected to proxy localRank 1 -> connection 0x7f112c005458
MOC-R4PCC04U05:425406:425470 [0] NCCL INFO New proxy send connection 11 from local rank 0, transport 0
MOC-R4PCC04U05:425406:426168 [0] NCCL INFO Connected to proxy localRank 0 -> connection 0x7ff680005458
MOC-R4PCC04U05:425407:425467 [1] NCCL INFO New proxy recv connection 12 from local rank 1, transport 0
MOC-R4PCC04U05:425407:426167 [1] NCCL INFO Connected to proxy localRank 1 -> connection 0x7f112c0054d0
MOC-R4PCC04U05:425406:425470 [0] NCCL INFO New proxy send connection 12 from local rank 0, transport 0
MOC-R4PCC04U05:425406:426168 [0] NCCL INFO Connected to proxy localRank 0 -> connection 0x7ff6800054d0
MOC-R4PCC04U05:425407:425467 [1] NCCL INFO New proxy recv connection 13 from local rank 1, transport 0
MOC-R4PCC04U05:425407:426167 [1] NCCL INFO Connected to proxy localRank 1 -> connection 0x7f112c005548
MOC-R4PCC04U05:425406:425470 [0] NCCL INFO New proxy send connection 13 from local rank 0, transport 0
MOC-R4PCC04U05:425406:426168 [0] NCCL INFO Connected to proxy localRank 0 -> connection 0x7ff680005548
MOC-R4PCC04U05:425407:425467 [1] NCCL INFO New proxy recv connection 14 from local rank 1, transport 0
MOC-R4PCC04U05:425407:426167 [1] NCCL INFO Connected to proxy localRank 1 -> connection 0x7f112c0055c0
MOC-R4PCC04U05:425406:425470 [0] NCCL INFO New proxy send connection 14 from local rank 0, transport 0
MOC-R4PCC04U05:425406:426168 [0] NCCL INFO Connected to proxy localRank 0 -> connection 0x7ff6800055c0
MOC-R4PCC04U05:425407:425467 [1] NCCL INFO New proxy send connection 15 from local rank 1, transport 0
MOC-R4PCC04U05:425407:426167 [1] NCCL INFO Connected to proxy localRank 1 -> connection 0x7f112c005638
MOC-R4PCC04U05:425407:425467 [1] NCCL INFO New proxy send connection 16 from local rank 1, transport 0
MOC-R4PCC04U05:425407:426167 [1] NCCL INFO Connected to proxy localRank 1 -> connection 0x7f112c0056b0
MOC-R4PCC04U05:425407:425467 [1] NCCL INFO New proxy send connection 17 from local rank 1, transport 0
MOC-R4PCC04U05:425407:426167 [1] NCCL INFO Connected to proxy localRank 1 -> connection 0x7f112c005728
MOC-R4PCC04U05:425407:425467 [1] NCCL INFO New proxy send connection 18 from local rank 1, transport 0
MOC-R4PCC04U05:425407:426167 [1] NCCL INFO Connected to proxy localRank 1 -> connection 0x7f112c0057a0
MOC-R4PCC04U05:425406:425470 [0] NCCL INFO New proxy send connection 15 from local rank 0, transport 0
MOC-R4PCC04U05:425406:426168 [0] NCCL INFO Connected to proxy localRank 0 -> connection 0x7ff680005638
MOC-R4PCC04U05:425407:425467 [1] NCCL INFO New proxy recv connection 19 from local rank 1, transport 0
MOC-R4PCC04U05:425407:426167 [1] NCCL INFO Connected to proxy localRank 1 -> connection 0x7f112c005818
MOC-R4PCC04U05:425408:425464 [2] NCCL INFO New proxy send connection 14 from local rank 2, transport 0
MOC-R4PCC04U05:425408:426166 [2] NCCL INFO Connected to proxy localRank 2 -> connection 0x7f28a40055c0
MOC-R4PCC04U05:425406:425470 [0] NCCL INFO New proxy send connection 16 from local rank 0, transport 0
MOC-R4PCC04U05:425406:426168 [0] NCCL INFO Connected to proxy localRank 0 -> connection 0x7ff6800056b0
MOC-R4PCC04U05:425407:425467 [1] NCCL INFO New proxy recv connection 20 from local rank 1, transport 0
MOC-R4PCC04U05:425407:426167 [1] NCCL INFO Connected to proxy localRank 1 -> connection 0x7f112c005890
MOC-R4PCC04U05:425408:425464 [2] NCCL INFO New proxy send connection 15 from local rank 2, transport 0
MOC-R4PCC04U05:425408:426166 [2] NCCL INFO Connected to proxy localRank 2 -> connection 0x7f28a4005638
MOC-R4PCC04U05:425409:425466 [3] NCCL INFO New proxy recv connection 10 from local rank 3, transport 0
MOC-R4PCC04U05:425409:426169 [3] NCCL INFO Connected to proxy localRank 3 -> connection 0x7f3d9c0053e0
MOC-R4PCC04U05:425409:425466 [3] NCCL INFO New proxy recv connection 11 from local rank 3, transport 0
MOC-R4PCC04U05:425409:426169 [3] NCCL INFO Connected to proxy localRank 3 -> connection 0x7f3d9c005458
MOC-R4PCC04U05:425409:426169 [3] NCCL INFO GPU Direct RDMA Disabled for GPU 3 / HCA 1 (distance 7 > 0)
MOC-R4PCC04U05:425409:425466 [3] NCCL INFO New proxy recv connection 12 from local rank 3, transport 2
MOC-R4PCC04U05:425409:426169 [3] NCCL INFO Connected to proxy localRank 3 -> connection 0x7f3d9c0054d0
MOC-R4PCC04U05:425409:426169 [3] NCCL INFO Channel 00/0 : 7[3] -> 3[3] [receive] via NET/IB/1
MOC-R4PCC04U05:425409:426169 [3] NCCL INFO GPU Direct RDMA Disabled for GPU 3 / HCA 1 (distance 7 > 0)
MOC-R4PCC04U05:425409:425466 [3] NCCL INFO New proxy recv connection 13 from local rank 3, transport 2
MOC-R4PCC04U05:425409:426169 [3] NCCL INFO Connected to proxy localRank 3 -> connection 0x7f3d9c005548
MOC-R4PCC04U05:425409:426169 [3] NCCL INFO Channel 01/0 : 7[3] -> 3[3] [receive] via NET/IB/1
MOC-R4PCC04U05:425409:426169 [3] NCCL INFO GPU Direct RDMA Disabled for GPU 3 / HCA 1 (distance 7 > 0)
MOC-R4PCC04U05:425409:425466 [3] NCCL INFO New proxy recv connection 14 from local rank 3, transport 2
MOC-R4PCC04U05:425409:426169 [3] NCCL INFO Connected to proxy localRank 3 -> connection 0x7f3d9c0055c0
MOC-R4PCC04U05:425409:426169 [3] NCCL INFO Channel 02/0 : 7[3] -> 3[3] [receive] via NET/IB/1
MOC-R4PCC04U05:425409:426169 [3] NCCL INFO GPU Direct RDMA Disabled for GPU 3 / HCA 1 (distance 7 > 0)
MOC-R4PCC04U05:425409:425466 [3] NCCL INFO New proxy recv connection 15 from local rank 3, transport 2
MOC-R4PCC04U05:425409:426169 [3] NCCL INFO Connected to proxy localRank 3 -> connection 0x7f3d9c005638
MOC-R4PCC04U05:425409:426169 [3] NCCL INFO Channel 03/0 : 7[3] -> 3[3] [receive] via NET/IB/1
MOC-R4PCC04U05:425409:426169 [3] NCCL INFO GPU Direct RDMA Disabled for GPU 3 / HCA 1 (distance 7 > 0)
MOC-R4PCC04U05:425409:425466 [3] NCCL INFO New proxy send connection 16 from local rank 3, transport 2
MOC-R4PCC04U05:425409:426169 [3] NCCL INFO Connected to proxy localRank 3 -> connection 0x7f3d9c0056b0
MOC-R4PCC04U05:425409:426169 [3] NCCL INFO Channel 00/0 : 3[3] -> 7[3] [send] via NET/IB/1
MOC-R4PCC04U05:425409:426169 [3] NCCL INFO GPU Direct RDMA Disabled for GPU 3 / HCA 1 (distance 7 > 0)
MOC-R4PCC04U05:425409:425466 [3] NCCL INFO New proxy send connection 17 from local rank 3, transport 2
MOC-R4PCC04U05:425409:426169 [3] NCCL INFO Connected to proxy localRank 3 -> connection 0x7f3d9c005728
MOC-R4PCC04U05:425406:425470 [0] NCCL INFO New proxy recv connection 17 from local rank 0, transport 0
MOC-R4PCC04U05:425409:426169 [3] NCCL INFO Channel 01/0 : 3[3] -> 7[3] [send] via NET/IB/1
MOC-R4PCC04U05:425406:426168 [0] NCCL INFO Connected to proxy localRank 0 -> connection 0x7ff680005728
MOC-R4PCC04U05:425409:426169 [3] NCCL INFO GPU Direct RDMA Disabled for GPU 3 / HCA 1 (distance 7 > 0)
MOC-R4PCC04U05:425409:425466 [3] NCCL INFO New proxy send connection 18 from local rank 3, transport 2
MOC-R4PCC04U05:425409:426169 [3] NCCL INFO Connected to proxy localRank 3 -> connection 0x7f3d9c0057a0
MOC-R4PCC04U05:425409:426169 [3] NCCL INFO Channel 02/0 : 3[3] -> 7[3] [send] via NET/IB/1
MOC-R4PCC04U05:425409:426169 [3] NCCL INFO GPU Direct RDMA Disabled for GPU 3 / HCA 1 (distance 7 > 0)
MOC-R4PCC04U05:425409:425466 [3] NCCL INFO New proxy send connection 19 from local rank 3, transport 2
MOC-R4PCC04U05:425409:426169 [3] NCCL INFO Connected to proxy localRank 3 -> connection 0x7f3d9c005818
MOC-R4PCC04U05:425409:426169 [3] NCCL INFO Channel 03/0 : 3[3] -> 7[3] [send] via NET/IB/1
MOC-R4PCC04U05:425406:425470 [0] NCCL INFO New proxy recv connection 18 from local rank 0, transport 0
MOC-R4PCC04U05:425406:426168 [0] NCCL INFO Connected to proxy localRank 0 -> connection 0x7ff6800057a0
MOC-R4PCC04U05:425406:425470 [0] NCCL INFO New proxy recv connection 19 from local rank 0, transport 0
MOC-R4PCC04U05:425406:426168 [0] NCCL INFO Connected to proxy localRank 0 -> connection 0x7ff680005818
MOC-R4PCC04U05:425406:425470 [0] NCCL INFO New proxy recv connection 20 from local rank 0, transport 0
MOC-R4PCC04U05:425406:426168 [0] NCCL INFO Connected to proxy localRank 0 -> connection 0x7ff680005890
MOC-R4PCC04U05:425409:425466 [3] NCCL INFO New proxy send connection 20 from local rank 3, transport 0
MOC-R4PCC04U05:425409:426169 [3] NCCL INFO Connected to proxy localRank 3 -> connection 0x7f3d9c005890
MOC-R4PCC04U05:425409:425466 [3] NCCL INFO New proxy send connection 21 from local rank 3, transport 0
MOC-R4PCC04U05:425409:426169 [3] NCCL INFO Connected to proxy localRank 3 -> connection 0x7f3d9c005908
MOC-R4PCC04U05:425409:425466 [3] NCCL INFO New proxy send connection 22 from local rank 3, transport 0
MOC-R4PCC04U05:425409:426169 [3] NCCL INFO Connected to proxy localRank 3 -> connection 0x7f3d9c005980
MOC-R4PCC04U05:425409:425466 [3] NCCL INFO New proxy send connection 23 from local rank 3, transport 0
MOC-R4PCC04U05:425409:426169 [3] NCCL INFO Connected to proxy localRank 3 -> connection 0x7f3d9c0059f8
MOC-R4PCC04U05:425409:425466 [3] NCCL INFO NET/IB: NCCL Dev 1 IbDev 0 Port 1 qpn 6266 mtu 3 query_ece={supported=1, vendor_id=0x15b3, options=0x30000002, comp_mask=0x0} GID 3 (0/C132A8C0FFFF0000) fifoRkey=0x17d796 fifoLkey=0x17d796
MOC-R4PCC04U05:425409:425466 [3] NCCL INFO NET/IB: IbDev 0 Port 1 qpn 6507 set_ece={supported=1, vendor_id=0x15b3, options=0x0, comp_mask=0x0}
MOC-R4PCC04U05:425409:425466 [3] NCCL INFO NET/IB: NCCL Dev 1 IbDev 0 Port 1 qpn 6269 mtu 3 query_ece={supported=1, vendor_id=0x15b3, options=0x30000002, comp_mask=0x0} GID 3 (0/C132A8C0FFFF0000) fifoRkey=0x17904f fifoLkey=0x17904f
MOC-R4PCC04U05:425409:425466 [3] NCCL INFO NET/IB: IbDev 0 Port 1 qpn 6510 set_ece={supported=1, vendor_id=0x15b3, options=0x0, comp_mask=0x0}
MOC-R4PCC04U05:425409:425466 [3] NCCL INFO NET/IB: NCCL Dev 1 IbDev 0 Port 1 qpn 6272 mtu 3 query_ece={supported=1, vendor_id=0x15b3, options=0x30000002, comp_mask=0x0} GID 3 (0/C132A8C0FFFF0000) fifoRkey=0x17ecab fifoLkey=0x17ecab
MOC-R4PCC04U05:425409:425466 [3] NCCL INFO NET/IB: IbDev 0 Port 1 qpn 6513 set_ece={supported=1, vendor_id=0x15b3, options=0x0, comp_mask=0x0}
MOC-R4PCC04U05:425409:425466 [3] NCCL INFO NET/IB: NCCL Dev 1 IbDev 0 Port 1 qpn 6277 mtu 3 query_ece={supported=1, vendor_id=0x15b3, options=0x30000002, comp_mask=0x0} GID 3 (0/C132A8C0FFFF0000) fifoRkey=0x175412 fifoLkey=0x175412
MOC-R4PCC04U05:425409:425466 [3] NCCL INFO NET/IB: IbDev 0 Port 1 qpn 6516 set_ece={supported=1, vendor_id=0x15b3, options=0x0, comp_mask=0x0}
step    1/10 | train loss 11.010132 | norm 15.4557 | lr 1.00e-04 | (14039.64 ms | 93359 tok/s)
step    2/10 | train loss 10.134741 | norm 5.7681 | lr 1.00e-04 | (407.73 ms | 3214640 tok/s)
step    3/10 | train loss 9.792714 | norm 2.6181 | lr 1.00e-04 | (479.13 ms | 2735623 tok/s)
step    4/10 | train loss 9.622600 | norm 2.1198 | lr 1.00e-04 | (483.28 ms | 2712126 tok/s)
step    5/10 | train loss 9.539337 | norm 2.1126 | lr 1.00e-04 | (451.90 ms | 2900455 tok/s)
step    6/10 | train loss 9.457714 | norm 2.0030 | lr 1.00e-04 | (452.78 ms | 2894852 tok/s)
step    7/10 | train loss 9.371845 | norm 1.9528 | lr 1.00e-04 | (420.84 ms | 3114529 tok/s)
step    8/10 | train loss 9.279835 | norm 1.9192 | lr 1.00e-04 | (408.09 ms | 3211858 tok/s)
step    9/10 | train loss 9.184059 | norm 1.8637 | lr 1.00e-04 | (445.25 ms | 2943776 tok/s)
step   10/10 | train loss 9.097858 | norm 1.7989 | lr 1.00e-04 | (407.83 ms | 3213851 tok/s)
final 9 iters avg: 439.649ms
peak memory consumption: 16601 MiB
