Running pytorch 2.7.0+cu126
using device: cuda:0
total desired batch size: 2359296
=> calculated gradient accumulation steps: 9
using device: cuda:1
using device: cuda:2
using device: cuda:3
compiling the model...
DataLoader: total number of tokens: 1,661,249,667 across 103 files
MOC-R4PCC04U05:381724:381724 [0] NCCL INFO NCCL_SOCKET_IFNAME set to eno7np0
MOC-R4PCC04U05:381724:381724 [0] NCCL INFO NCCL version 2.26.2+cuda12.2
MOC-R4PCC04U05:381724:381768 [0] NCCL INFO NET/Plugin: Could not find: libnccl-net.so. Using internal net plugin.
MOC-R4PCC04U05:381724:381768 [0] NCCL INFO NET/Socket : Using [0]eno7np0:192.168.50.193<0>
MOC-R4PCC04U05:381726:381726 [2] NCCL INFO NCCL_SOCKET_IFNAME set to eno7np0
MOC-R4PCC04U05:381726:381726 [2] NCCL INFO NCCL version 2.26.2+cuda12.2
MOC-R4PCC04U05:381725:381725 [1] NCCL INFO NCCL_SOCKET_IFNAME set to eno7np0
MOC-R4PCC04U05:381725:381725 [1] NCCL INFO NCCL version 2.26.2+cuda12.2
MOC-R4PCC04U05:381727:381727 [3] NCCL INFO NCCL_SOCKET_IFNAME set to eno7np0
MOC-R4PCC04U05:381727:381727 [3] NCCL INFO NCCL version 2.26.2+cuda12.2
MOC-R4PCC04U05:381726:381769 [2] NCCL INFO NET/Plugin: Could not find: libnccl-net.so. Using internal net plugin.
MOC-R4PCC04U05:381725:381770 [1] NCCL INFO NET/Plugin: Could not find: libnccl-net.so. Using internal net plugin.
MOC-R4PCC04U05:381726:381769 [2] NCCL INFO NET/Socket : Using [0]eno7np0:192.168.50.193<0>
MOC-R4PCC04U05:381725:381770 [1] NCCL INFO NET/Socket : Using [0]eno7np0:192.168.50.193<0>
MOC-R4PCC04U05:381727:381771 [3] NCCL INFO NET/Plugin: Could not find: libnccl-net.so. Using internal net plugin.
MOC-R4PCC04U05:381727:381771 [3] NCCL INFO NET/Socket : Using [0]eno7np0:192.168.50.193<0>
MOC-R4PCC04U05:381724:381768 [0] NCCL INFO NET/Socket : GPU Direct RDMA Disabled for HCA 0 'eno7np0'
MOC-R4PCC04U05:381727:381771 [3] NCCL INFO NET/Socket : GPU Direct RDMA Disabled for HCA 0 'eno7np0'
MOC-R4PCC04U05:381726:381769 [2] NCCL INFO NET/Socket : GPU Direct RDMA Disabled for HCA 0 'eno7np0'
MOC-R4PCC04U05:381725:381770 [1] NCCL INFO NET/Socket : GPU Direct RDMA Disabled for HCA 0 'eno7np0'
MOC-R4PCC04U05:381726:381779 [2] NCCL INFO New proxy recv connection 0 from local rank 2, transport 0
MOC-R4PCC04U05:381725:381781 [1] NCCL INFO New proxy recv connection 0 from local rank 1, transport 0
MOC-R4PCC04U05:381726:381789 [2] NCCL INFO Connected to proxy localRank 2 -> connection 0x7fa850004f30
MOC-R4PCC04U05:381725:381788 [1] NCCL INFO Connected to proxy localRank 1 -> connection 0x7fa628004f30
MOC-R4PCC04U05:381726:381779 [2] NCCL INFO New proxy recv connection 1 from local rank 2, transport 0
MOC-R4PCC04U05:381726:381789 [2] NCCL INFO Connected to proxy localRank 2 -> connection 0x7fa850004fa8
MOC-R4PCC04U05:381725:381781 [1] NCCL INFO New proxy recv connection 1 from local rank 1, transport 0
MOC-R4PCC04U05:381725:381788 [1] NCCL INFO Connected to proxy localRank 1 -> connection 0x7fa628004fa8
MOC-R4PCC04U05:381724:381780 [0] NCCL INFO New proxy send connection 0 from local rank 0, transport 0
MOC-R4PCC04U05:381724:381790 [0] NCCL INFO Connected to proxy localRank 0 -> connection 0x7feb58004f30
MOC-R4PCC04U05:381724:381780 [0] NCCL INFO New proxy send connection 1 from local rank 0, transport 0
MOC-R4PCC04U05:381724:381790 [0] NCCL INFO Connected to proxy localRank 0 -> connection 0x7feb58004fa8
MOC-R4PCC04U05:381724:381780 [0] NCCL INFO New proxy send connection 2 from local rank 0, transport 0
MOC-R4PCC04U05:381724:381790 [0] NCCL INFO Connected to proxy localRank 0 -> connection 0x7feb58005020
MOC-R4PCC04U05:381724:381780 [0] NCCL INFO New proxy send connection 3 from local rank 0, transport 0
MOC-R4PCC04U05:381724:381790 [0] NCCL INFO Connected to proxy localRank 0 -> connection 0x7feb58005098
MOC-R4PCC04U05:381727:381782 [3] NCCL INFO New proxy recv connection 0 from local rank 3, transport 0
MOC-R4PCC04U05:381727:381791 [3] NCCL INFO Connected to proxy localRank 3 -> connection 0x7f5414004f30
MOC-R4PCC04U05:381727:381782 [3] NCCL INFO New proxy recv connection 1 from local rank 3, transport 0
MOC-R4PCC04U05:381727:381791 [3] NCCL INFO Connected to proxy localRank 3 -> connection 0x7f5414004fa8
MOC-R4PCC04U05:381726:381779 [2] NCCL INFO New proxy recv connection 2 from local rank 2, transport 2
MOC-R4PCC04U05:381726:381789 [2] NCCL INFO Connected to proxy localRank 2 -> connection 0x7fa850005020
MOC-R4PCC04U05:381726:381789 [2] NCCL INFO Channel 00/0 : 7[3] -> 2[2] [receive] via NET/Socket/0
MOC-R4PCC04U05:381726:381779 [2] NCCL INFO New proxy recv connection 3 from local rank 2, transport 2
MOC-R4PCC04U05:381726:381789 [2] NCCL INFO Connected to proxy localRank 2 -> connection 0x7fa850005098
MOC-R4PCC04U05:381726:381789 [2] NCCL INFO Channel 02/0 : 7[3] -> 2[2] [receive] via NET/Socket/0
MOC-R4PCC04U05:381726:381779 [2] NCCL INFO New proxy send connection 4 from local rank 2, transport 2
MOC-R4PCC04U05:381726:381789 [2] NCCL INFO Connected to proxy localRank 2 -> connection 0x7fa850005110
MOC-R4PCC04U05:381726:381789 [2] NCCL INFO Channel 01/0 : 2[2] -> 7[3] [send] via NET/Socket/0
MOC-R4PCC04U05:381726:381779 [2] NCCL INFO New proxy send connection 5 from local rank 2, transport 2
MOC-R4PCC04U05:381726:381789 [2] NCCL INFO Connected to proxy localRank 2 -> connection 0x7fa850005188
MOC-R4PCC04U05:381726:381789 [2] NCCL INFO Channel 03/0 : 2[2] -> 7[3] [send] via NET/Socket/0
MOC-R4PCC04U05:381726:381779 [2] NCCL INFO New proxy send connection 6 from local rank 2, transport 0
MOC-R4PCC04U05:381726:381789 [2] NCCL INFO Connected to proxy localRank 2 -> connection 0x7fa850005200
MOC-R4PCC04U05:381726:381779 [2] NCCL INFO New proxy send connection 7 from local rank 2, transport 0
MOC-R4PCC04U05:381726:381789 [2] NCCL INFO Connected to proxy localRank 2 -> connection 0x7fa850005278
MOC-R4PCC04U05:381727:381782 [3] NCCL INFO New proxy send connection 2 from local rank 3, transport 2
MOC-R4PCC04U05:381727:381791 [3] NCCL INFO Connected to proxy localRank 3 -> connection 0x7f5414005020
MOC-R4PCC04U05:381727:381791 [3] NCCL INFO Channel 00/0 : 3[3] -> 6[2] [send] via NET/Socket/0
MOC-R4PCC04U05:381727:381782 [3] NCCL INFO New proxy send connection 3 from local rank 3, transport 2
MOC-R4PCC04U05:381727:381791 [3] NCCL INFO Connected to proxy localRank 3 -> connection 0x7f5414005098
MOC-R4PCC04U05:381727:381791 [3] NCCL INFO Channel 02/0 : 3[3] -> 6[2] [send] via NET/Socket/0
MOC-R4PCC04U05:381724:381780 [0] NCCL INFO New proxy recv connection 4 from local rank 0, transport 0
MOC-R4PCC04U05:381724:381790 [0] NCCL INFO Connected to proxy localRank 0 -> connection 0x7feb58005110
MOC-R4PCC04U05:381724:381780 [0] NCCL INFO New proxy recv connection 5 from local rank 0, transport 0
MOC-R4PCC04U05:381724:381790 [0] NCCL INFO Connected to proxy localRank 0 -> connection 0x7feb58005188
MOC-R4PCC04U05:381724:381780 [0] NCCL INFO New proxy recv connection 6 from local rank 0, transport 0
MOC-R4PCC04U05:381724:381790 [0] NCCL INFO Connected to proxy localRank 0 -> connection 0x7feb58005200
MOC-R4PCC04U05:381724:381780 [0] NCCL INFO New proxy recv connection 7 from local rank 0, transport 0
MOC-R4PCC04U05:381724:381790 [0] NCCL INFO Connected to proxy localRank 0 -> connection 0x7feb58005278
MOC-R4PCC04U05:381727:381782 [3] NCCL INFO New proxy recv connection 4 from local rank 3, transport 2
MOC-R4PCC04U05:381727:381791 [3] NCCL INFO Connected to proxy localRank 3 -> connection 0x7f5414005110
MOC-R4PCC04U05:381727:381791 [3] NCCL INFO Channel 01/0 : 6[2] -> 3[3] [receive] via NET/Socket/0
MOC-R4PCC04U05:381727:381782 [3] NCCL INFO New proxy recv connection 5 from local rank 3, transport 2
MOC-R4PCC04U05:381727:381791 [3] NCCL INFO Connected to proxy localRank 3 -> connection 0x7f5414005188
MOC-R4PCC04U05:381727:381791 [3] NCCL INFO Channel 03/0 : 6[2] -> 3[3] [receive] via NET/Socket/0
MOC-R4PCC04U05:381727:381782 [3] NCCL INFO New proxy send connection 6 from local rank 3, transport 0
MOC-R4PCC04U05:381727:381791 [3] NCCL INFO Connected to proxy localRank 3 -> connection 0x7f5414005200
MOC-R4PCC04U05:381727:381782 [3] NCCL INFO New proxy send connection 7 from local rank 3, transport 0
MOC-R4PCC04U05:381727:381791 [3] NCCL INFO Connected to proxy localRank 3 -> connection 0x7f5414005278
MOC-R4PCC04U05:381725:381781 [1] NCCL INFO New proxy recv connection 2 from local rank 1, transport 0
MOC-R4PCC04U05:381724:381780 [0] NCCL INFO New proxy send connection 8 from local rank 3, transport 0
MOC-R4PCC04U05:381725:381788 [1] NCCL INFO Connected to proxy localRank 1 -> connection 0x7fa628005020
MOC-R4PCC04U05:381727:381791 [3] NCCL INFO Connected to proxy localRank 0 -> connection 0x7feb580052f0
MOC-R4PCC04U05:381725:381781 [1] NCCL INFO New proxy recv connection 3 from local rank 1, transport 0
MOC-R4PCC04U05:381725:381788 [1] NCCL INFO Connected to proxy localRank 1 -> connection 0x7fa628005098
MOC-R4PCC04U05:381725:381781 [1] NCCL INFO New proxy send connection 4 from local rank 1, transport 0
MOC-R4PCC04U05:381725:381788 [1] NCCL INFO Connected to proxy localRank 1 -> connection 0x7fa628005110
MOC-R4PCC04U05:381725:381781 [1] NCCL INFO New proxy send connection 5 from local rank 1, transport 0
MOC-R4PCC04U05:381725:381788 [1] NCCL INFO Connected to proxy localRank 1 -> connection 0x7fa628005188
MOC-R4PCC04U05:381725:381781 [1] NCCL INFO New proxy send connection 6 from local rank 1, transport 0
MOC-R4PCC04U05:381725:381788 [1] NCCL INFO Connected to proxy localRank 1 -> connection 0x7fa628005200
MOC-R4PCC04U05:381725:381781 [1] NCCL INFO New proxy send connection 7 from local rank 1, transport 0
MOC-R4PCC04U05:381725:381788 [1] NCCL INFO Connected to proxy localRank 1 -> connection 0x7fa628005278
MOC-R4PCC04U05:381724:381780 [0] NCCL INFO New proxy send connection 9 from local rank 2, transport 0
MOC-R4PCC04U05:381727:381782 [3] NCCL INFO New proxy send connection 8 from local rank 1, transport 0
MOC-R4PCC04U05:381726:381779 [2] NCCL INFO New proxy send connection 8 from local rank 0, transport 0
MOC-R4PCC04U05:381725:381788 [1] NCCL INFO Connected to proxy localRank 3 -> connection 0x7f54140052f0
MOC-R4PCC04U05:381726:381789 [2] NCCL INFO Connected to proxy localRank 0 -> connection 0x7feb58005368
MOC-R4PCC04U05:381724:381790 [0] NCCL INFO Connected to proxy localRank 2 -> connection 0x7fa8500052f0
MOC-R4PCC04U05:381725:381781 [1] NCCL INFO New proxy send connection 8 from local rank 3, transport 0
MOC-R4PCC04U05:381727:381791 [3] NCCL INFO Connected to proxy localRank 1 -> connection 0x7fa6280052f0
MOC-R4PCC04U05:381725:381781 [1] NCCL INFO New proxy send connection 9 from local rank 2, transport 0
MOC-R4PCC04U05:381726:381789 [2] NCCL INFO Connected to proxy localRank 1 -> connection 0x7fa628005368
MOC-R4PCC04U05:381727:381782 [3] NCCL INFO New proxy send connection 9 from local rank 0, transport 0
MOC-R4PCC04U05:381724:381790 [0] NCCL INFO Connected to proxy localRank 3 -> connection 0x7f5414005368
MOC-R4PCC04U05:381724:381780 [0] NCCL INFO New proxy send connection 10 from local rank 1, transport 0
MOC-R4PCC04U05:381725:381788 [1] NCCL INFO Connected to proxy localRank 0 -> connection 0x7feb580053e0
MOC-R4PCC04U05:381725:381781 [1] NCCL INFO New proxy send connection 10 from local rank 0, transport 0
MOC-R4PCC04U05:381724:381790 [0] NCCL INFO Connected to proxy localRank 1 -> connection 0x7fa6280053e0
MOC-R4PCC04U05:381726:381779 [2] NCCL INFO New proxy send connection 9 from local rank 1, transport 0
MOC-R4PCC04U05:381725:381788 [1] NCCL INFO Connected to proxy localRank 2 -> connection 0x7fa850005368
num decayed parameter tensors: 50, with 124,318,464 parameters
num non-decayed parameter tensors: 98, with 121,344 parameters
using fused AdamW: False
using regular AdamW
MOC-R4PCC04U05:381726:381779 [2] NCCL INFO New proxy recv connection 10 from local rank 2, transport 0
MOC-R4PCC04U05:381726:382549 [2] NCCL INFO Connected to proxy localRank 2 -> connection 0x7fa8500053e0
MOC-R4PCC04U05:381724:381780 [0] NCCL INFO New proxy send connection 11 from local rank 0, transport 0
MOC-R4PCC04U05:381724:382548 [0] NCCL INFO Connected to proxy localRank 0 -> connection 0x7feb58005458
MOC-R4PCC04U05:381726:381779 [2] NCCL INFO New proxy recv connection 11 from local rank 2, transport 0
MOC-R4PCC04U05:381726:382549 [2] NCCL INFO Connected to proxy localRank 2 -> connection 0x7fa850005458
MOC-R4PCC04U05:381724:381780 [0] NCCL INFO New proxy send connection 12 from local rank 0, transport 0
MOC-R4PCC04U05:381724:382548 [0] NCCL INFO Connected to proxy localRank 0 -> connection 0x7feb580054d0
MOC-R4PCC04U05:381726:381779 [2] NCCL INFO New proxy recv connection 12 from local rank 2, transport 0
MOC-R4PCC04U05:381726:382549 [2] NCCL INFO Connected to proxy localRank 2 -> connection 0x7fa8500054d0
MOC-R4PCC04U05:381724:381780 [0] NCCL INFO New proxy send connection 13 from local rank 0, transport 0
MOC-R4PCC04U05:381724:382548 [0] NCCL INFO Connected to proxy localRank 0 -> connection 0x7feb58005548
MOC-R4PCC04U05:381726:381779 [2] NCCL INFO New proxy recv connection 13 from local rank 2, transport 0
MOC-R4PCC04U05:381726:382549 [2] NCCL INFO Connected to proxy localRank 2 -> connection 0x7fa850005548
MOC-R4PCC04U05:381724:381780 [0] NCCL INFO New proxy send connection 14 from local rank 0, transport 0
MOC-R4PCC04U05:381724:382548 [0] NCCL INFO Connected to proxy localRank 0 -> connection 0x7feb580055c0
MOC-R4PCC04U05:381725:381781 [1] NCCL INFO New proxy recv connection 11 from local rank 1, transport 0
MOC-R4PCC04U05:381725:382550 [1] NCCL INFO Connected to proxy localRank 1 -> connection 0x7fa628005458
MOC-R4PCC04U05:381725:381781 [1] NCCL INFO New proxy recv connection 12 from local rank 1, transport 0
MOC-R4PCC04U05:381725:382550 [1] NCCL INFO Connected to proxy localRank 1 -> connection 0x7fa6280054d0
MOC-R4PCC04U05:381725:381781 [1] NCCL INFO New proxy recv connection 13 from local rank 1, transport 0
MOC-R4PCC04U05:381725:382550 [1] NCCL INFO Connected to proxy localRank 1 -> connection 0x7fa628005548
MOC-R4PCC04U05:381725:381781 [1] NCCL INFO New proxy recv connection 14 from local rank 1, transport 0
MOC-R4PCC04U05:381725:382550 [1] NCCL INFO Connected to proxy localRank 1 -> connection 0x7fa6280055c0
MOC-R4PCC04U05:381725:381781 [1] NCCL INFO New proxy send connection 15 from local rank 1, transport 0
MOC-R4PCC04U05:381725:382550 [1] NCCL INFO Connected to proxy localRank 1 -> connection 0x7fa628005638
MOC-R4PCC04U05:381725:381781 [1] NCCL INFO New proxy send connection 16 from local rank 1, transport 0
MOC-R4PCC04U05:381725:382550 [1] NCCL INFO Connected to proxy localRank 1 -> connection 0x7fa6280056b0
MOC-R4PCC04U05:381725:381781 [1] NCCL INFO New proxy send connection 17 from local rank 1, transport 0
MOC-R4PCC04U05:381725:382550 [1] NCCL INFO Connected to proxy localRank 1 -> connection 0x7fa628005728
MOC-R4PCC04U05:381725:381781 [1] NCCL INFO New proxy send connection 18 from local rank 1, transport 0
MOC-R4PCC04U05:381725:382550 [1] NCCL INFO Connected to proxy localRank 1 -> connection 0x7fa6280057a0
MOC-R4PCC04U05:381724:381780 [0] NCCL INFO New proxy send connection 15 from local rank 0, transport 0
MOC-R4PCC04U05:381724:382548 [0] NCCL INFO Connected to proxy localRank 0 -> connection 0x7feb58005638
MOC-R4PCC04U05:381725:381781 [1] NCCL INFO New proxy recv connection 19 from local rank 1, transport 0
MOC-R4PCC04U05:381726:381779 [2] NCCL INFO New proxy send connection 14 from local rank 2, transport 0
MOC-R4PCC04U05:381725:382550 [1] NCCL INFO Connected to proxy localRank 1 -> connection 0x7fa628005818
MOC-R4PCC04U05:381726:382549 [2] NCCL INFO Connected to proxy localRank 2 -> connection 0x7fa8500055c0
MOC-R4PCC04U05:381724:381780 [0] NCCL INFO New proxy send connection 16 from local rank 0, transport 0
MOC-R4PCC04U05:381725:381781 [1] NCCL INFO New proxy recv connection 20 from local rank 1, transport 0
MOC-R4PCC04U05:381724:382548 [0] NCCL INFO Connected to proxy localRank 0 -> connection 0x7feb580056b0
MOC-R4PCC04U05:381725:382550 [1] NCCL INFO Connected to proxy localRank 1 -> connection 0x7fa628005890
MOC-R4PCC04U05:381726:381779 [2] NCCL INFO New proxy send connection 15 from local rank 2, transport 0
MOC-R4PCC04U05:381726:382549 [2] NCCL INFO Connected to proxy localRank 2 -> connection 0x7fa850005638
MOC-R4PCC04U05:381727:381782 [3] NCCL INFO New proxy recv connection 10 from local rank 3, transport 0
MOC-R4PCC04U05:381727:382551 [3] NCCL INFO Connected to proxy localRank 3 -> connection 0x7f54140053e0
MOC-R4PCC04U05:381727:381782 [3] NCCL INFO New proxy recv connection 11 from local rank 3, transport 0
MOC-R4PCC04U05:381727:382551 [3] NCCL INFO Connected to proxy localRank 3 -> connection 0x7f5414005458
MOC-R4PCC04U05:381727:381782 [3] NCCL INFO New proxy recv connection 12 from local rank 3, transport 2
MOC-R4PCC04U05:381724:381780 [0] NCCL INFO New proxy recv connection 17 from local rank 0, transport 0
MOC-R4PCC04U05:381727:382551 [3] NCCL INFO Connected to proxy localRank 3 -> connection 0x7f54140054d0
MOC-R4PCC04U05:381724:382548 [0] NCCL INFO Connected to proxy localRank 0 -> connection 0x7feb58005728
MOC-R4PCC04U05:381724:381780 [0] NCCL INFO New proxy recv connection 18 from local rank 0, transport 0
MOC-R4PCC04U05:381724:382548 [0] NCCL INFO Connected to proxy localRank 0 -> connection 0x7feb580057a0
MOC-R4PCC04U05:381727:382551 [3] NCCL INFO Channel 00/0 : 7[3] -> 3[3] [receive] via NET/Socket/0
MOC-R4PCC04U05:381727:381782 [3] NCCL INFO New proxy recv connection 13 from local rank 3, transport 2
MOC-R4PCC04U05:381727:382551 [3] NCCL INFO Connected to proxy localRank 3 -> connection 0x7f5414005548
MOC-R4PCC04U05:381727:382551 [3] NCCL INFO Channel 01/0 : 7[3] -> 3[3] [receive] via NET/Socket/0
MOC-R4PCC04U05:381727:381782 [3] NCCL INFO New proxy recv connection 14 from local rank 3, transport 2
MOC-R4PCC04U05:381727:382551 [3] NCCL INFO Connected to proxy localRank 3 -> connection 0x7f54140055c0
MOC-R4PCC04U05:381727:382551 [3] NCCL INFO Channel 02/0 : 7[3] -> 3[3] [receive] via NET/Socket/0
MOC-R4PCC04U05:381727:381782 [3] NCCL INFO New proxy recv connection 15 from local rank 3, transport 2
MOC-R4PCC04U05:381727:382551 [3] NCCL INFO Connected to proxy localRank 3 -> connection 0x7f5414005638
MOC-R4PCC04U05:381727:382551 [3] NCCL INFO Channel 03/0 : 7[3] -> 3[3] [receive] via NET/Socket/0
MOC-R4PCC04U05:381724:381780 [0] NCCL INFO New proxy recv connection 19 from local rank 0, transport 0
MOC-R4PCC04U05:381727:381782 [3] NCCL INFO New proxy send connection 16 from local rank 3, transport 2
MOC-R4PCC04U05:381727:382551 [3] NCCL INFO Connected to proxy localRank 3 -> connection 0x7f54140056b0
MOC-R4PCC04U05:381724:382548 [0] NCCL INFO Connected to proxy localRank 0 -> connection 0x7feb58005818
MOC-R4PCC04U05:381727:382551 [3] NCCL INFO Channel 00/0 : 3[3] -> 7[3] [send] via NET/Socket/0
MOC-R4PCC04U05:381727:381782 [3] NCCL INFO New proxy send connection 17 from local rank 3, transport 2
MOC-R4PCC04U05:381724:381780 [0] NCCL INFO New proxy recv connection 20 from local rank 0, transport 0
MOC-R4PCC04U05:381727:382551 [3] NCCL INFO Connected to proxy localRank 3 -> connection 0x7f5414005728
MOC-R4PCC04U05:381724:382548 [0] NCCL INFO Connected to proxy localRank 0 -> connection 0x7feb58005890
MOC-R4PCC04U05:381727:382551 [3] NCCL INFO Channel 01/0 : 3[3] -> 7[3] [send] via NET/Socket/0
MOC-R4PCC04U05:381727:381782 [3] NCCL INFO New proxy send connection 18 from local rank 3, transport 2
MOC-R4PCC04U05:381727:382551 [3] NCCL INFO Connected to proxy localRank 3 -> connection 0x7f54140057a0
MOC-R4PCC04U05:381727:382551 [3] NCCL INFO Channel 02/0 : 3[3] -> 7[3] [send] via NET/Socket/0
MOC-R4PCC04U05:381727:381782 [3] NCCL INFO New proxy send connection 19 from local rank 3, transport 2
MOC-R4PCC04U05:381727:382551 [3] NCCL INFO Connected to proxy localRank 3 -> connection 0x7f5414005818
MOC-R4PCC04U05:381727:382551 [3] NCCL INFO Channel 03/0 : 3[3] -> 7[3] [send] via NET/Socket/0
MOC-R4PCC04U05:381727:381782 [3] NCCL INFO New proxy send connection 20 from local rank 3, transport 0
MOC-R4PCC04U05:381727:382551 [3] NCCL INFO Connected to proxy localRank 3 -> connection 0x7f5414005890
MOC-R4PCC04U05:381727:381782 [3] NCCL INFO New proxy send connection 21 from local rank 3, transport 0
MOC-R4PCC04U05:381727:382551 [3] NCCL INFO Connected to proxy localRank 3 -> connection 0x7f5414005908
MOC-R4PCC04U05:381727:381782 [3] NCCL INFO New proxy send connection 22 from local rank 3, transport 0
MOC-R4PCC04U05:381727:382551 [3] NCCL INFO Connected to proxy localRank 3 -> connection 0x7f5414005980
MOC-R4PCC04U05:381727:381782 [3] NCCL INFO New proxy send connection 23 from local rank 3, transport 0
MOC-R4PCC04U05:381727:382551 [3] NCCL INFO Connected to proxy localRank 3 -> connection 0x7f54140059f8
step    1/10 | train loss 11.009423 | norm 15.3733 | lr 1.00e-04 | (14392.28 ms | 163928 tok/s)
step    2/10 | train loss 10.139730 | norm 5.7198 | lr 1.00e-04 | (730.83 ms | 3228235 tok/s)
step    3/10 | train loss 9.799696 | norm 2.6018 | lr 1.00e-04 | (724.34 ms | 3257176 tok/s)
step    4/10 | train loss 9.631068 | norm 2.1058 | lr 1.00e-04 | (727.67 ms | 3242275 tok/s)
step    5/10 | train loss 9.548381 | norm 2.0968 | lr 1.00e-04 | (727.85 ms | 3241470 tok/s)
step    6/10 | train loss 9.467427 | norm 1.9915 | lr 1.00e-04 | (727.06 ms | 3244993 tok/s)
step    7/10 | train loss 9.382108 | norm 1.9425 | lr 1.00e-04 | (725.00 ms | 3254195 tok/s)
step    8/10 | train loss 9.290663 | norm 1.9094 | lr 1.00e-04 | (730.38 ms | 3230242 tok/s)
step    9/10 | train loss 9.195858 | norm 1.8519 | lr 1.00e-04 | (726.64 ms | 3246856 tok/s)
step   10/10 | train loss 9.111612 | norm 1.7892 | lr 1.00e-04 | (730.01 ms | 3231889 tok/s)
final 9 iters avg: 727.752ms
peak memory consumption: 16601 MiB
