Running pytorch 2.7.0+cu126
using device: cuda:0
total desired batch size: 1572864
=> calculated gradient accumulation steps: 4
using device: cuda:3
using device: cuda:1
using device: cuda:2
compiling the model...
DataLoader: total number of tokens: 1,661,249,667 across 103 files
MOC-R4PCC04U05:518880:518880 [0] NCCL INFO NCCL_SOCKET_IFNAME set to eno7np0
MOC-R4PCC04U05:518880:518880 [0] NCCL INFO NCCL version 2.26.2+cuda12.2
MOC-R4PCC04U05:518883:518883 [3] NCCL INFO NCCL_SOCKET_IFNAME set to eno7np0
MOC-R4PCC04U05:518883:518883 [3] NCCL INFO NCCL version 2.26.2+cuda12.2
MOC-R4PCC04U05:518880:518984 [0] NCCL INFO NET/Plugin: Could not find: libnccl-net.so. Using internal net plugin.
MOC-R4PCC04U05:518880:518984 [0] NCCL INFO NET/Socket : Using [0]eno7np0:192.168.50.193<0>
MOC-R4PCC04U05:518881:518881 [1] NCCL INFO NCCL_SOCKET_IFNAME set to eno7np0
MOC-R4PCC04U05:518881:518881 [1] NCCL INFO NCCL version 2.26.2+cuda12.2
MOC-R4PCC04U05:518882:518882 [2] NCCL INFO NCCL_SOCKET_IFNAME set to eno7np0
MOC-R4PCC04U05:518882:518882 [2] NCCL INFO NCCL version 2.26.2+cuda12.2
MOC-R4PCC04U05:518883:519006 [3] NCCL INFO NET/Plugin: Could not find: libnccl-net.so. Using internal net plugin.
MOC-R4PCC04U05:518883:519006 [3] NCCL INFO NET/Socket : Using [0]eno7np0:192.168.50.193<0>
MOC-R4PCC04U05:518882:519008 [2] NCCL INFO NET/Plugin: Could not find: libnccl-net.so. Using internal net plugin.
MOC-R4PCC04U05:518881:519007 [1] NCCL INFO NET/Plugin: Could not find: libnccl-net.so. Using internal net plugin.
MOC-R4PCC04U05:518882:519008 [2] NCCL INFO NET/Socket : Using [0]eno7np0:192.168.50.193<0>
MOC-R4PCC04U05:518881:519007 [1] NCCL INFO NET/Socket : Using [0]eno7np0:192.168.50.193<0>
MOC-R4PCC04U05:518881:519007 [1] NCCL INFO NET/Socket : GPU Direct RDMA Disabled for HCA 0 'eno7np0'
MOC-R4PCC04U05:518883:519006 [3] NCCL INFO NET/Socket : GPU Direct RDMA Disabled for HCA 0 'eno7np0'
MOC-R4PCC04U05:518880:518984 [0] NCCL INFO NET/Socket : GPU Direct RDMA Disabled for HCA 0 'eno7np0'
MOC-R4PCC04U05:518882:519008 [2] NCCL INFO NET/Socket : GPU Direct RDMA Disabled for HCA 0 'eno7np0'
MOC-R4PCC04U05:518880:519017 [0] NCCL INFO New proxy send connection 0 from local rank 0, transport 0
MOC-R4PCC04U05:518880:519025 [0] NCCL INFO Connected to proxy localRank 0 -> connection 0x7fe188004f30
MOC-R4PCC04U05:518880:519017 [0] NCCL INFO New proxy send connection 1 from local rank 0, transport 0
MOC-R4PCC04U05:518880:519025 [0] NCCL INFO Connected to proxy localRank 0 -> connection 0x7fe188004fa8
MOC-R4PCC04U05:518882:519018 [2] NCCL INFO New proxy recv connection 0 from local rank 2, transport 0
MOC-R4PCC04U05:518882:519026 [2] NCCL INFO Connected to proxy localRank 2 -> connection 0x7fe5e0004f30
MOC-R4PCC04U05:518882:519018 [2] NCCL INFO New proxy recv connection 1 from local rank 2, transport 0
MOC-R4PCC04U05:518882:519026 [2] NCCL INFO Connected to proxy localRank 2 -> connection 0x7fe5e0004fa8
MOC-R4PCC04U05:518880:519017 [0] NCCL INFO New proxy send connection 2 from local rank 0, transport 0
MOC-R4PCC04U05:518880:519025 [0] NCCL INFO Connected to proxy localRank 0 -> connection 0x7fe188005020
MOC-R4PCC04U05:518880:519017 [0] NCCL INFO New proxy send connection 3 from local rank 0, transport 0
MOC-R4PCC04U05:518880:519025 [0] NCCL INFO Connected to proxy localRank 0 -> connection 0x7fe188005098
MOC-R4PCC04U05:518881:519020 [1] NCCL INFO New proxy recv connection 0 from local rank 1, transport 0
MOC-R4PCC04U05:518881:519027 [1] NCCL INFO Connected to proxy localRank 1 -> connection 0x7f7fec004f30
MOC-R4PCC04U05:518883:519019 [3] NCCL INFO New proxy recv connection 0 from local rank 3, transport 0
MOC-R4PCC04U05:518883:519028 [3] NCCL INFO Connected to proxy localRank 3 -> connection 0x7f13c4004f30
MOC-R4PCC04U05:518881:519020 [1] NCCL INFO New proxy recv connection 1 from local rank 1, transport 0
MOC-R4PCC04U05:518881:519027 [1] NCCL INFO Connected to proxy localRank 1 -> connection 0x7f7fec004fa8
MOC-R4PCC04U05:518883:519019 [3] NCCL INFO New proxy recv connection 1 from local rank 3, transport 0
MOC-R4PCC04U05:518883:519028 [3] NCCL INFO Connected to proxy localRank 3 -> connection 0x7f13c4004fa8
MOC-R4PCC04U05:518882:519018 [2] NCCL INFO New proxy recv connection 2 from local rank 2, transport 2
MOC-R4PCC04U05:518882:519026 [2] NCCL INFO Connected to proxy localRank 2 -> connection 0x7fe5e0005020
MOC-R4PCC04U05:518882:519026 [2] NCCL INFO Channel 00/0 : 11[3] -> 2[2] [receive] via NET/Socket/0
MOC-R4PCC04U05:518882:519018 [2] NCCL INFO New proxy recv connection 3 from local rank 2, transport 2
MOC-R4PCC04U05:518882:519026 [2] NCCL INFO Connected to proxy localRank 2 -> connection 0x7fe5e0005098
MOC-R4PCC04U05:518882:519026 [2] NCCL INFO Channel 02/0 : 11[3] -> 2[2] [receive] via NET/Socket/0
MOC-R4PCC04U05:518883:519019 [3] NCCL INFO New proxy send connection 2 from local rank 3, transport 2
MOC-R4PCC04U05:518883:519028 [3] NCCL INFO Connected to proxy localRank 3 -> connection 0x7f13c4005020
MOC-R4PCC04U05:518883:519028 [3] NCCL INFO Channel 00/0 : 3[3] -> 6[2] [send] via NET/Socket/0
MOC-R4PCC04U05:518883:519019 [3] NCCL INFO New proxy send connection 3 from local rank 3, transport 2
MOC-R4PCC04U05:518883:519028 [3] NCCL INFO Connected to proxy localRank 3 -> connection 0x7f13c4005098
MOC-R4PCC04U05:518883:519028 [3] NCCL INFO Channel 02/0 : 3[3] -> 6[2] [send] via NET/Socket/0
MOC-R4PCC04U05:518880:519017 [0] NCCL INFO New proxy recv connection 4 from local rank 0, transport 0
MOC-R4PCC04U05:518880:519025 [0] NCCL INFO Connected to proxy localRank 0 -> connection 0x7fe188005110
MOC-R4PCC04U05:518883:519019 [3] NCCL INFO New proxy recv connection 4 from local rank 3, transport 2
MOC-R4PCC04U05:518883:519028 [3] NCCL INFO Connected to proxy localRank 3 -> connection 0x7f13c4005110
MOC-R4PCC04U05:518883:519028 [3] NCCL INFO Channel 01/0 : 10[2] -> 3[3] [receive] via NET/Socket/0
MOC-R4PCC04U05:518883:519019 [3] NCCL INFO New proxy recv connection 5 from local rank 3, transport 2
MOC-R4PCC04U05:518883:519028 [3] NCCL INFO Connected to proxy localRank 3 -> connection 0x7f13c4005188
MOC-R4PCC04U05:518883:519028 [3] NCCL INFO Channel 03/0 : 10[2] -> 3[3] [receive] via NET/Socket/0
MOC-R4PCC04U05:518880:519017 [0] NCCL INFO New proxy recv connection 5 from local rank 0, transport 0
MOC-R4PCC04U05:518880:519025 [0] NCCL INFO Connected to proxy localRank 0 -> connection 0x7fe188005188
MOC-R4PCC04U05:518880:519017 [0] NCCL INFO New proxy recv connection 6 from local rank 0, transport 0
MOC-R4PCC04U05:518880:519025 [0] NCCL INFO Connected to proxy localRank 0 -> connection 0x7fe188005200
MOC-R4PCC04U05:518882:519018 [2] NCCL INFO New proxy send connection 4 from local rank 2, transport 2
MOC-R4PCC04U05:518882:519026 [2] NCCL INFO Connected to proxy localRank 2 -> connection 0x7fe5e0005110
MOC-R4PCC04U05:518882:519026 [2] NCCL INFO Channel 01/0 : 2[2] -> 7[3] [send] via NET/Socket/0
MOC-R4PCC04U05:518882:519018 [2] NCCL INFO New proxy send connection 5 from local rank 2, transport 2
MOC-R4PCC04U05:518882:519026 [2] NCCL INFO Connected to proxy localRank 2 -> connection 0x7fe5e0005188
MOC-R4PCC04U05:518882:519026 [2] NCCL INFO Channel 03/0 : 2[2] -> 7[3] [send] via NET/Socket/0
MOC-R4PCC04U05:518882:519018 [2] NCCL INFO New proxy send connection 6 from local rank 2, transport 0
MOC-R4PCC04U05:518882:519026 [2] NCCL INFO Connected to proxy localRank 2 -> connection 0x7fe5e0005200
MOC-R4PCC04U05:518883:519019 [3] NCCL INFO New proxy send connection 6 from local rank 3, transport 0
MOC-R4PCC04U05:518883:519028 [3] NCCL INFO Connected to proxy localRank 3 -> connection 0x7f13c4005200
MOC-R4PCC04U05:518880:519017 [0] NCCL INFO New proxy recv connection 7 from local rank 0, transport 0
MOC-R4PCC04U05:518880:519025 [0] NCCL INFO Connected to proxy localRank 0 -> connection 0x7fe188005278
MOC-R4PCC04U05:518882:519018 [2] NCCL INFO New proxy send connection 7 from local rank 2, transport 0
MOC-R4PCC04U05:518883:519019 [3] NCCL INFO New proxy send connection 7 from local rank 3, transport 0
MOC-R4PCC04U05:518882:519026 [2] NCCL INFO Connected to proxy localRank 2 -> connection 0x7fe5e0005278
MOC-R4PCC04U05:518883:519028 [3] NCCL INFO Connected to proxy localRank 3 -> connection 0x7f13c4005278
MOC-R4PCC04U05:518881:519020 [1] NCCL INFO New proxy recv connection 2 from local rank 1, transport 0
MOC-R4PCC04U05:518881:519027 [1] NCCL INFO Connected to proxy localRank 1 -> connection 0x7f7fec005020
MOC-R4PCC04U05:518880:519017 [0] NCCL INFO New proxy send connection 8 from local rank 3, transport 0
MOC-R4PCC04U05:518883:519028 [3] NCCL INFO Connected to proxy localRank 0 -> connection 0x7fe1880052f0
MOC-R4PCC04U05:518881:519020 [1] NCCL INFO New proxy recv connection 3 from local rank 1, transport 0
MOC-R4PCC04U05:518881:519027 [1] NCCL INFO Connected to proxy localRank 1 -> connection 0x7f7fec005098
MOC-R4PCC04U05:518881:519020 [1] NCCL INFO New proxy send connection 4 from local rank 1, transport 0
MOC-R4PCC04U05:518881:519027 [1] NCCL INFO Connected to proxy localRank 1 -> connection 0x7f7fec005110
MOC-R4PCC04U05:518881:519020 [1] NCCL INFO New proxy send connection 5 from local rank 1, transport 0
MOC-R4PCC04U05:518881:519027 [1] NCCL INFO Connected to proxy localRank 1 -> connection 0x7f7fec005188
MOC-R4PCC04U05:518881:519020 [1] NCCL INFO New proxy send connection 6 from local rank 1, transport 0
MOC-R4PCC04U05:518881:519027 [1] NCCL INFO Connected to proxy localRank 1 -> connection 0x7f7fec005200
MOC-R4PCC04U05:518881:519020 [1] NCCL INFO New proxy send connection 7 from local rank 1, transport 0
MOC-R4PCC04U05:518881:519027 [1] NCCL INFO Connected to proxy localRank 1 -> connection 0x7f7fec005278
MOC-R4PCC04U05:518880:519017 [0] NCCL INFO New proxy send connection 9 from local rank 2, transport 0
MOC-R4PCC04U05:518882:519026 [2] NCCL INFO Connected to proxy localRank 0 -> connection 0x7fe188005368
MOC-R4PCC04U05:518882:519018 [2] NCCL INFO New proxy send connection 8 from local rank 0, transport 0
MOC-R4PCC04U05:518880:519025 [0] NCCL INFO Connected to proxy localRank 2 -> connection 0x7fe5e00052f0
MOC-R4PCC04U05:518883:519019 [3] NCCL INFO New proxy send connection 8 from local rank 1, transport 0
MOC-R4PCC04U05:518881:519027 [1] NCCL INFO Connected to proxy localRank 3 -> connection 0x7f13c40052f0
MOC-R4PCC04U05:518881:519020 [1] NCCL INFO New proxy send connection 8 from local rank 2, transport 0
MOC-R4PCC04U05:518882:519026 [2] NCCL INFO Connected to proxy localRank 1 -> connection 0x7f7fec0052f0
MOC-R4PCC04U05:518881:519020 [1] NCCL INFO New proxy send connection 9 from local rank 3, transport 0
MOC-R4PCC04U05:518883:519028 [3] NCCL INFO Connected to proxy localRank 1 -> connection 0x7f7fec005368
MOC-R4PCC04U05:518880:519017 [0] NCCL INFO New proxy send connection 10 from local rank 1, transport 0
MOC-R4PCC04U05:518881:519027 [1] NCCL INFO Connected to proxy localRank 0 -> connection 0x7fe1880053e0
MOC-R4PCC04U05:518883:519019 [3] NCCL INFO New proxy send connection 9 from local rank 0, transport 0
MOC-R4PCC04U05:518880:519025 [0] NCCL INFO Connected to proxy localRank 3 -> connection 0x7f13c4005368
MOC-R4PCC04U05:518882:519018 [2] NCCL INFO New proxy send connection 9 from local rank 1, transport 0
MOC-R4PCC04U05:518881:519027 [1] NCCL INFO Connected to proxy localRank 2 -> connection 0x7fe5e0005368
MOC-R4PCC04U05:518881:519020 [1] NCCL INFO New proxy send connection 10 from local rank 0, transport 0
MOC-R4PCC04U05:518880:519025 [0] NCCL INFO Connected to proxy localRank 1 -> connection 0x7f7fec0053e0
num decayed parameter tensors: 50, with 124,318,464 parameters
num non-decayed parameter tensors: 98, with 121,344 parameters
using fused AdamW: False
using regular AdamW
MOC-R4PCC04U05:518883:519019 [3] NCCL INFO New proxy recv connection 10 from local rank 3, transport 0
MOC-R4PCC04U05:518883:519786 [3] NCCL INFO Connected to proxy localRank 3 -> connection 0x7f13c40053e0
MOC-R4PCC04U05:518883:519019 [3] NCCL INFO New proxy recv connection 11 from local rank 3, transport 0
MOC-R4PCC04U05:518883:519786 [3] NCCL INFO Connected to proxy localRank 3 -> connection 0x7f13c4005458
MOC-R4PCC04U05:518880:519017 [0] NCCL INFO New proxy send connection 11 from local rank 0, transport 0
MOC-R4PCC04U05:518880:519787 [0] NCCL INFO Connected to proxy localRank 0 -> connection 0x7fe188005458
MOC-R4PCC04U05:518880:519017 [0] NCCL INFO New proxy send connection 12 from local rank 0, transport 0
MOC-R4PCC04U05:518880:519787 [0] NCCL INFO Connected to proxy localRank 0 -> connection 0x7fe1880054d0
MOC-R4PCC04U05:518880:519017 [0] NCCL INFO New proxy send connection 13 from local rank 0, transport 0
MOC-R4PCC04U05:518880:519787 [0] NCCL INFO Connected to proxy localRank 0 -> connection 0x7fe188005548
MOC-R4PCC04U05:518880:519017 [0] NCCL INFO New proxy send connection 14 from local rank 0, transport 0
MOC-R4PCC04U05:518880:519787 [0] NCCL INFO Connected to proxy localRank 0 -> connection 0x7fe1880055c0
MOC-R4PCC04U05:518881:519020 [1] NCCL INFO New proxy recv connection 11 from local rank 1, transport 0
MOC-R4PCC04U05:518881:519788 [1] NCCL INFO Connected to proxy localRank 1 -> connection 0x7f7fec005458
MOC-R4PCC04U05:518881:519020 [1] NCCL INFO New proxy recv connection 12 from local rank 1, transport 0
MOC-R4PCC04U05:518881:519788 [1] NCCL INFO Connected to proxy localRank 1 -> connection 0x7f7fec0054d0
MOC-R4PCC04U05:518881:519020 [1] NCCL INFO New proxy recv connection 13 from local rank 1, transport 0
MOC-R4PCC04U05:518881:519788 [1] NCCL INFO Connected to proxy localRank 1 -> connection 0x7f7fec005548
MOC-R4PCC04U05:518881:519020 [1] NCCL INFO New proxy recv connection 14 from local rank 1, transport 0
MOC-R4PCC04U05:518881:519788 [1] NCCL INFO Connected to proxy localRank 1 -> connection 0x7f7fec0055c0
MOC-R4PCC04U05:518881:519020 [1] NCCL INFO New proxy send connection 15 from local rank 1, transport 0
MOC-R4PCC04U05:518881:519788 [1] NCCL INFO Connected to proxy localRank 1 -> connection 0x7f7fec005638
MOC-R4PCC04U05:518881:519020 [1] NCCL INFO New proxy send connection 16 from local rank 1, transport 0
MOC-R4PCC04U05:518881:519788 [1] NCCL INFO Connected to proxy localRank 1 -> connection 0x7f7fec0056b0
MOC-R4PCC04U05:518881:519020 [1] NCCL INFO New proxy send connection 17 from local rank 1, transport 0
MOC-R4PCC04U05:518881:519788 [1] NCCL INFO Connected to proxy localRank 1 -> connection 0x7f7fec005728
MOC-R4PCC04U05:518881:519020 [1] NCCL INFO New proxy send connection 18 from local rank 1, transport 0
MOC-R4PCC04U05:518881:519788 [1] NCCL INFO Connected to proxy localRank 1 -> connection 0x7f7fec0057a0
MOC-R4PCC04U05:518880:519017 [0] NCCL INFO New proxy send connection 15 from local rank 0, transport 0
MOC-R4PCC04U05:518880:519787 [0] NCCL INFO Connected to proxy localRank 0 -> connection 0x7fe188005638
MOC-R4PCC04U05:518880:519017 [0] NCCL INFO New proxy send connection 16 from local rank 0, transport 0
MOC-R4PCC04U05:518880:519787 [0] NCCL INFO Connected to proxy localRank 0 -> connection 0x7fe1880056b0
MOC-R4PCC04U05:518880:519017 [0] NCCL INFO New proxy recv connection 17 from local rank 0, transport 0
MOC-R4PCC04U05:518880:519787 [0] NCCL INFO Connected to proxy localRank 0 -> connection 0x7fe188005728
MOC-R4PCC04U05:518883:519019 [3] NCCL INFO New proxy recv connection 12 from local rank 3, transport 2
MOC-R4PCC04U05:518883:519786 [3] NCCL INFO Connected to proxy localRank 3 -> connection 0x7f13c40054d0
MOC-R4PCC04U05:518880:519017 [0] NCCL INFO New proxy recv connection 18 from local rank 0, transport 0
MOC-R4PCC04U05:518880:519787 [0] NCCL INFO Connected to proxy localRank 0 -> connection 0x7fe1880057a0
MOC-R4PCC04U05:518883:519786 [3] NCCL INFO Channel 00/0 : 11[3] -> 3[3] [receive] via NET/Socket/0
MOC-R4PCC04U05:518883:519019 [3] NCCL INFO New proxy recv connection 13 from local rank 3, transport 2
MOC-R4PCC04U05:518883:519786 [3] NCCL INFO Connected to proxy localRank 3 -> connection 0x7f13c4005548
MOC-R4PCC04U05:518883:519786 [3] NCCL INFO Channel 01/0 : 11[3] -> 3[3] [receive] via NET/Socket/0
MOC-R4PCC04U05:518880:519017 [0] NCCL INFO New proxy recv connection 19 from local rank 0, transport 0
MOC-R4PCC04U05:518880:519787 [0] NCCL INFO Connected to proxy localRank 0 -> connection 0x7fe188005818
MOC-R4PCC04U05:518883:519019 [3] NCCL INFO New proxy recv connection 14 from local rank 3, transport 2
MOC-R4PCC04U05:518883:519786 [3] NCCL INFO Connected to proxy localRank 3 -> connection 0x7f13c40055c0
MOC-R4PCC04U05:518880:519017 [0] NCCL INFO New proxy recv connection 20 from local rank 0, transport 0
MOC-R4PCC04U05:518880:519787 [0] NCCL INFO Connected to proxy localRank 0 -> connection 0x7fe188005890
MOC-R4PCC04U05:518883:519786 [3] NCCL INFO Channel 02/0 : 11[3] -> 3[3] [receive] via NET/Socket/0
MOC-R4PCC04U05:518883:519019 [3] NCCL INFO New proxy recv connection 15 from local rank 3, transport 2
MOC-R4PCC04U05:518883:519786 [3] NCCL INFO Connected to proxy localRank 3 -> connection 0x7f13c4005638
MOC-R4PCC04U05:518883:519786 [3] NCCL INFO Channel 03/0 : 11[3] -> 3[3] [receive] via NET/Socket/0
MOC-R4PCC04U05:518883:519019 [3] NCCL INFO New proxy send connection 16 from local rank 3, transport 2
MOC-R4PCC04U05:518883:519786 [3] NCCL INFO Connected to proxy localRank 3 -> connection 0x7f13c40056b0
MOC-R4PCC04U05:518883:519786 [3] NCCL INFO Channel 02/0 : 3[3] -> 7[3] [send] via NET/Socket/0
MOC-R4PCC04U05:518883:519019 [3] NCCL INFO New proxy send connection 17 from local rank 3, transport 2
MOC-R4PCC04U05:518883:519786 [3] NCCL INFO Connected to proxy localRank 3 -> connection 0x7f13c4005728
MOC-R4PCC04U05:518883:519786 [3] NCCL INFO Channel 03/0 : 3[3] -> 7[3] [send] via NET/Socket/0
MOC-R4PCC04U05:518883:519019 [3] NCCL INFO New proxy recv connection 18 from local rank 3, transport 2
MOC-R4PCC04U05:518883:519786 [3] NCCL INFO Connected to proxy localRank 3 -> connection 0x7f13c40057a0
MOC-R4PCC04U05:518883:519786 [3] NCCL INFO Channel 02/0 : 7[3] -> 3[3] [receive] via NET/Socket/0
MOC-R4PCC04U05:518883:519019 [3] NCCL INFO New proxy recv connection 19 from local rank 3, transport 2
MOC-R4PCC04U05:518883:519786 [3] NCCL INFO Connected to proxy localRank 3 -> connection 0x7f13c4005818
MOC-R4PCC04U05:518883:519786 [3] NCCL INFO Channel 03/0 : 7[3] -> 3[3] [receive] via NET/Socket/0
MOC-R4PCC04U05:518883:519019 [3] NCCL INFO New proxy send connection 20 from local rank 3, transport 2
MOC-R4PCC04U05:518883:519786 [3] NCCL INFO Connected to proxy localRank 3 -> connection 0x7f13c4005890
MOC-R4PCC04U05:518883:519786 [3] NCCL INFO Channel 00/0 : 3[3] -> 11[3] [send] via NET/Socket/0
MOC-R4PCC04U05:518883:519019 [3] NCCL INFO New proxy send connection 21 from local rank 3, transport 2
MOC-R4PCC04U05:518883:519786 [3] NCCL INFO Connected to proxy localRank 3 -> connection 0x7f13c4005908
MOC-R4PCC04U05:518883:519786 [3] NCCL INFO Channel 01/0 : 3[3] -> 11[3] [send] via NET/Socket/0
MOC-R4PCC04U05:518883:519019 [3] NCCL INFO New proxy send connection 22 from local rank 3, transport 2
MOC-R4PCC04U05:518883:519786 [3] NCCL INFO Connected to proxy localRank 3 -> connection 0x7f13c4005980
MOC-R4PCC04U05:518883:519786 [3] NCCL INFO Channel 02/0 : 3[3] -> 11[3] [send] via NET/Socket/0
MOC-R4PCC04U05:518883:519019 [3] NCCL INFO New proxy send connection 23 from local rank 3, transport 2
MOC-R4PCC04U05:518883:519786 [3] NCCL INFO Connected to proxy localRank 3 -> connection 0x7f13c40059f8
MOC-R4PCC04U05:518883:519786 [3] NCCL INFO Channel 03/0 : 3[3] -> 11[3] [send] via NET/Socket/0
MOC-R4PCC04U05:518883:519019 [3] NCCL INFO New proxy send connection 24 from local rank 3, transport 0
MOC-R4PCC04U05:518883:519786 [3] NCCL INFO Connected to proxy localRank 3 -> connection 0x7f13c4005a70
MOC-R4PCC04U05:518883:519019 [3] NCCL INFO New proxy send connection 25 from local rank 3, transport 0
MOC-R4PCC04U05:518883:519786 [3] NCCL INFO Connected to proxy localRank 3 -> connection 0x7f13c4005ae8
MOC-R4PCC04U05:518883:519019 [3] NCCL INFO New proxy send connection 26 from local rank 3, transport 0
MOC-R4PCC04U05:518883:519786 [3] NCCL INFO Connected to proxy localRank 3 -> connection 0x7f13c4005b60
MOC-R4PCC04U05:518883:519019 [3] NCCL INFO New proxy send connection 27 from local rank 3, transport 0
MOC-R4PCC04U05:518883:519786 [3] NCCL INFO Connected to proxy localRank 3 -> connection 0x7f13c4005bd8
MOC-R4PCC04U05:518882:519018 [2] NCCL INFO New proxy recv connection 10 from local rank 2, transport 0
MOC-R4PCC04U05:518882:519789 [2] NCCL INFO Connected to proxy localRank 2 -> connection 0x7fe5e00053e0
MOC-R4PCC04U05:518882:519018 [2] NCCL INFO New proxy recv connection 11 from local rank 2, transport 0
MOC-R4PCC04U05:518882:519789 [2] NCCL INFO Connected to proxy localRank 2 -> connection 0x7fe5e0005458
MOC-R4PCC04U05:518882:519018 [2] NCCL INFO New proxy recv connection 12 from local rank 2, transport 0
MOC-R4PCC04U05:518882:519789 [2] NCCL INFO Connected to proxy localRank 2 -> connection 0x7fe5e00054d0
MOC-R4PCC04U05:518882:519018 [2] NCCL INFO New proxy recv connection 13 from local rank 2, transport 0
MOC-R4PCC04U05:518882:519789 [2] NCCL INFO Connected to proxy localRank 2 -> connection 0x7fe5e0005548
MOC-R4PCC04U05:518882:519018 [2] NCCL INFO New proxy send connection 14 from local rank 2, transport 0
MOC-R4PCC04U05:518882:519789 [2] NCCL INFO Connected to proxy localRank 2 -> connection 0x7fe5e00055c0
MOC-R4PCC04U05:518881:519020 [1] NCCL INFO New proxy recv connection 19 from local rank 1, transport 0
MOC-R4PCC04U05:518881:519788 [1] NCCL INFO Connected to proxy localRank 1 -> connection 0x7f7fec005818
MOC-R4PCC04U05:518882:519018 [2] NCCL INFO New proxy send connection 15 from local rank 2, transport 0
MOC-R4PCC04U05:518882:519789 [2] NCCL INFO Connected to proxy localRank 2 -> connection 0x7fe5e0005638
MOC-R4PCC04U05:518881:519020 [1] NCCL INFO New proxy recv connection 20 from local rank 1, transport 0
MOC-R4PCC04U05:518881:519788 [1] NCCL INFO Connected to proxy localRank 1 -> connection 0x7f7fec005890
step    1/10 | train loss 11.010138 | norm 15.3935 | lr 1.00e-04 | (14783.23 ms | 106395 tok/s)
step    2/10 | train loss 10.136940 | norm 5.7599 | lr 1.00e-04 | (403.46 ms | 3898438 tok/s)
step    3/10 | train loss 9.795637 | norm 2.6109 | lr 1.00e-04 | (398.26 ms | 3949315 tok/s)
step    4/10 | train loss 9.625732 | norm 2.1127 | lr 1.00e-04 | (397.96 ms | 3952279 tok/s)
step    5/10 | train loss 9.542712 | norm 2.1073 | lr 1.00e-04 | (603.14 ms | 2607794 tok/s)
step    6/10 | train loss 9.461397 | norm 1.9981 | lr 1.00e-04 | (397.34 ms | 3958512 tok/s)
step    7/10 | train loss 9.375805 | norm 1.9481 | lr 1.00e-04 | (396.36 ms | 3968243 tok/s)
step    8/10 | train loss 9.284138 | norm 1.9149 | lr 1.00e-04 | (605.71 ms | 2596738 tok/s)
step    9/10 | train loss 9.188794 | norm 1.8598 | lr 1.00e-04 | (599.46 ms | 2623780 tok/s)
step   10/10 | train loss 9.103300 | norm 1.7929 | lr 1.00e-04 | (600.64 ms | 2618632 tok/s)
final 9 iters avg: 489.149ms
peak memory consumption: 16601 MiB
