Running pytorch 2.7.0+cu126
using device: cuda:0
total desired batch size: 5242880
=> calculated gradient accumulation steps: 10
using device: cuda:1
using device: cuda:3
using device: cuda:2
compiling the model...
DataLoader: total number of tokens: 1,661,249,667 across 103 files
MOC-R4PCC04U05:732752:732752 [0] NCCL INFO NCCL_SOCKET_IFNAME set to eno7np0
MOC-R4PCC04U05:732752:732752 [0] NCCL INFO NCCL version 2.26.2+cuda12.2
MOC-R4PCC04U05:732753:732753 [1] NCCL INFO NCCL_SOCKET_IFNAME set to eno7np0
MOC-R4PCC04U05:732753:732753 [1] NCCL INFO NCCL version 2.26.2+cuda12.2
MOC-R4PCC04U05:732755:732755 [3] NCCL INFO NCCL_SOCKET_IFNAME set to eno7np0
MOC-R4PCC04U05:732755:732755 [3] NCCL INFO NCCL version 2.26.2+cuda12.2
MOC-R4PCC04U05:732754:732754 [2] NCCL INFO NCCL_SOCKET_IFNAME set to eno7np0
MOC-R4PCC04U05:732754:732754 [2] NCCL INFO NCCL version 2.26.2+cuda12.2
MOC-R4PCC04U05:732752:732877 [0] NCCL INFO NET/Plugin: Could not find: libnccl-net.so. Using internal net plugin.
MOC-R4PCC04U05:732752:732877 [0] NCCL INFO NCCL_IB_HCA set to mlx5_5
MOC-R4PCC04U05:732753:732878 [1] NCCL INFO NET/Plugin: Could not find: libnccl-net.so. Using internal net plugin.
MOC-R4PCC04U05:732753:732878 [1] NCCL INFO NCCL_IB_HCA set to mlx5_5
MOC-R4PCC04U05:732755:732879 [3] NCCL INFO NET/Plugin: Could not find: libnccl-net.so. Using internal net plugin.
MOC-R4PCC04U05:732755:732879 [3] NCCL INFO NCCL_IB_HCA set to mlx5_5
MOC-R4PCC04U05:732752:732877 [0] NCCL INFO NET/IB : Made virtual device [0] name=mlx5_5 speed=400000 ndevs=1
MOC-R4PCC04U05:732752:732877 [0] NCCL INFO NET/IB : Using [0]mlx5_5:1/RoCE [RO]; OOB eno7np0:192.168.50.193<0>
MOC-R4PCC04U05:732753:732878 [1] NCCL INFO NET/IB : Made virtual device [0] name=mlx5_5 speed=400000 ndevs=1
MOC-R4PCC04U05:732753:732878 [1] NCCL INFO NET/IB : Using [0]mlx5_5:1/RoCE [RO]; OOB eno7np0:192.168.50.193<0>
MOC-R4PCC04U05:732755:732879 [3] NCCL INFO NET/IB : Made virtual device [0] name=mlx5_5 speed=400000 ndevs=1
MOC-R4PCC04U05:732755:732879 [3] NCCL INFO NET/IB : Using [0]mlx5_5:1/RoCE [RO]; OOB eno7np0:192.168.50.193<0>
MOC-R4PCC04U05:732754:732880 [2] NCCL INFO NET/Plugin: Could not find: libnccl-net.so. Using internal net plugin.
MOC-R4PCC04U05:732754:732880 [2] NCCL INFO NCCL_IB_HCA set to mlx5_5
MOC-R4PCC04U05:732754:732880 [2] NCCL INFO NET/IB : Made virtual device [0] name=mlx5_5 speed=400000 ndevs=1
MOC-R4PCC04U05:732754:732880 [2] NCCL INFO NET/IB : Using [0]mlx5_5:1/RoCE [RO]; OOB eno7np0:192.168.50.193<0>
MOC-R4PCC04U05:732754:732880 [2] NCCL INFO NET/IB : GPU Direct RDMA Enabled for HCA 0 'mlx5_5'
MOC-R4PCC04U05:732754:732880 [2] NCCL INFO NET/IB : Made virtual device [1] name=mlx5_5 speed=400000 ndevs=1
MOC-R4PCC04U05:732754:732880 [2] NCCL INFO NET/IB : GPU Direct RDMA Enabled for HCA 0 'mlx5_5'
MOC-R4PCC04U05:732754:732880 [2] NCCL INFO NET/IB : GPU Direct RDMA Enabled for HCA 1 'mlx5_5'
MOC-R4PCC04U05:732753:732878 [1] NCCL INFO NET/IB : GPU Direct RDMA Enabled for HCA 0 'mlx5_5'
MOC-R4PCC04U05:732753:732878 [1] NCCL INFO NET/IB : Made virtual device [1] name=mlx5_5 speed=400000 ndevs=1
MOC-R4PCC04U05:732753:732878 [1] NCCL INFO NET/IB : GPU Direct RDMA Enabled for HCA 0 'mlx5_5'
MOC-R4PCC04U05:732753:732878 [1] NCCL INFO NET/IB : GPU Direct RDMA Enabled for HCA 1 'mlx5_5'
MOC-R4PCC04U05:732752:732877 [0] NCCL INFO NET/IB : GPU Direct RDMA Enabled for HCA 0 'mlx5_5'
MOC-R4PCC04U05:732755:732879 [3] NCCL INFO NET/IB : GPU Direct RDMA Enabled for HCA 0 'mlx5_5'
MOC-R4PCC04U05:732752:732877 [0] NCCL INFO NET/IB : Made virtual device [1] name=mlx5_5 speed=400000 ndevs=1
MOC-R4PCC04U05:732752:732877 [0] NCCL INFO NET/IB : GPU Direct RDMA Enabled for HCA 0 'mlx5_5'
MOC-R4PCC04U05:732755:732879 [3] NCCL INFO NET/IB : Made virtual device [1] name=mlx5_5 speed=400000 ndevs=1
MOC-R4PCC04U05:732752:732877 [0] NCCL INFO NET/IB : GPU Direct RDMA Enabled for HCA 1 'mlx5_5'
MOC-R4PCC04U05:732755:732879 [3] NCCL INFO NET/IB : GPU Direct RDMA Enabled for HCA 0 'mlx5_5'
MOC-R4PCC04U05:732755:732879 [3] NCCL INFO NET/IB : GPU Direct RDMA Enabled for HCA 1 'mlx5_5'
MOC-R4PCC04U05:732752:732877 [0] NCCL INFO NCCL_NET_GDR_LEVEL set by environment to LOC
MOC-R4PCC04U05:732752:732877 [0] NCCL INFO GPU Direct RDMA Disabled for GPU 0 / HCA 1 (distance 5 > 0)
MOC-R4PCC04U05:732752:732877 [0] NCCL INFO GPU Direct RDMA Disabled for GPU 1 / HCA 1 (distance 5 > 0)
MOC-R4PCC04U05:732752:732877 [0] NCCL INFO GPU Direct RDMA Disabled for GPU 2 / HCA 1 (distance 5 > 0)
MOC-R4PCC04U05:732754:732880 [2] NCCL INFO NCCL_NET_GDR_LEVEL set by environment to LOC
MOC-R4PCC04U05:732752:732877 [0] NCCL INFO GPU Direct RDMA Disabled for GPU 0 / HCA 1 (distance 5 > 0)
MOC-R4PCC04U05:732754:732880 [2] NCCL INFO GPU Direct RDMA Disabled for GPU 0 / HCA 1 (distance 5 > 0)
MOC-R4PCC04U05:732752:732877 [0] NCCL INFO GPU Direct RDMA Disabled for GPU 1 / HCA 1 (distance 5 > 0)
MOC-R4PCC04U05:732754:732880 [2] NCCL INFO GPU Direct RDMA Disabled for GPU 1 / HCA 1 (distance 5 > 0)
MOC-R4PCC04U05:732752:732877 [0] NCCL INFO GPU Direct RDMA Disabled for GPU 2 / HCA 1 (distance 5 > 0)
MOC-R4PCC04U05:732754:732880 [2] NCCL INFO GPU Direct RDMA Disabled for GPU 2 / HCA 1 (distance 5 > 0)
MOC-R4PCC04U05:732754:732880 [2] NCCL INFO GPU Direct RDMA Disabled for GPU 0 / HCA 1 (distance 5 > 0)
MOC-R4PCC04U05:732754:732880 [2] NCCL INFO GPU Direct RDMA Disabled for GPU 1 / HCA 1 (distance 5 > 0)
MOC-R4PCC04U05:732754:732880 [2] NCCL INFO GPU Direct RDMA Disabled for GPU 2 / HCA 1 (distance 5 > 0)
MOC-R4PCC04U05:732753:732878 [1] NCCL INFO NCCL_NET_GDR_LEVEL set by environment to LOC
MOC-R4PCC04U05:732753:732878 [1] NCCL INFO GPU Direct RDMA Disabled for GPU 0 / HCA 1 (distance 5 > 0)
MOC-R4PCC04U05:732753:732878 [1] NCCL INFO GPU Direct RDMA Disabled for GPU 1 / HCA 1 (distance 5 > 0)
MOC-R4PCC04U05:732753:732878 [1] NCCL INFO GPU Direct RDMA Disabled for GPU 2 / HCA 1 (distance 5 > 0)
MOC-R4PCC04U05:732753:732878 [1] NCCL INFO GPU Direct RDMA Disabled for GPU 0 / HCA 1 (distance 5 > 0)
MOC-R4PCC04U05:732753:732878 [1] NCCL INFO GPU Direct RDMA Disabled for GPU 1 / HCA 1 (distance 5 > 0)
MOC-R4PCC04U05:732753:732878 [1] NCCL INFO GPU Direct RDMA Disabled for GPU 2 / HCA 1 (distance 5 > 0)
MOC-R4PCC04U05:732755:732879 [3] NCCL INFO NCCL_NET_GDR_LEVEL set by environment to LOC
MOC-R4PCC04U05:732755:732879 [3] NCCL INFO GPU Direct RDMA Disabled for GPU 0 / HCA 1 (distance 5 > 0)
MOC-R4PCC04U05:732755:732879 [3] NCCL INFO GPU Direct RDMA Disabled for GPU 1 / HCA 1 (distance 5 > 0)
MOC-R4PCC04U05:732755:732879 [3] NCCL INFO GPU Direct RDMA Disabled for GPU 2 / HCA 1 (distance 5 > 0)
MOC-R4PCC04U05:732755:732879 [3] NCCL INFO GPU Direct RDMA Disabled for GPU 0 / HCA 1 (distance 5 > 0)
MOC-R4PCC04U05:732755:732879 [3] NCCL INFO GPU Direct RDMA Disabled for GPU 1 / HCA 1 (distance 5 > 0)
MOC-R4PCC04U05:732755:732879 [3] NCCL INFO GPU Direct RDMA Disabled for GPU 2 / HCA 1 (distance 5 > 0)
MOC-R4PCC04U05:732752:732893 [0] NCCL INFO New proxy send connection 0 from local rank 0, transport 0
MOC-R4PCC04U05:732752:732901 [0] NCCL INFO Connected to proxy localRank 0 -> connection 0x7f984c004f30
MOC-R4PCC04U05:732752:732893 [0] NCCL INFO New proxy send connection 1 from local rank 0, transport 0
MOC-R4PCC04U05:732752:732901 [0] NCCL INFO Connected to proxy localRank 0 -> connection 0x7f984c004fa8
MOC-R4PCC04U05:732753:732899 [1] NCCL INFO New proxy recv connection 0 from local rank 1, transport 0
MOC-R4PCC04U05:732753:732902 [1] NCCL INFO Connected to proxy localRank 1 -> connection 0x7f8eb8004f30
MOC-R4PCC04U05:732754:732896 [2] NCCL INFO New proxy recv connection 0 from local rank 2, transport 0
MOC-R4PCC04U05:732754:732903 [2] NCCL INFO Connected to proxy localRank 2 -> connection 0x7fa9d4004f30
MOC-R4PCC04U05:732753:732899 [1] NCCL INFO New proxy recv connection 1 from local rank 1, transport 0
MOC-R4PCC04U05:732753:732902 [1] NCCL INFO Connected to proxy localRank 1 -> connection 0x7f8eb8004fa8
MOC-R4PCC04U05:732755:732894 [3] NCCL INFO New proxy recv connection 0 from local rank 3, transport 0
MOC-R4PCC04U05:732755:732904 [3] NCCL INFO Connected to proxy localRank 3 -> connection 0x7f355c004f30
MOC-R4PCC04U05:732754:732896 [2] NCCL INFO New proxy recv connection 1 from local rank 2, transport 0
MOC-R4PCC04U05:732754:732903 [2] NCCL INFO Connected to proxy localRank 2 -> connection 0x7fa9d4004fa8
MOC-R4PCC04U05:732752:732893 [0] NCCL INFO New proxy send connection 2 from local rank 0, transport 0
MOC-R4PCC04U05:732754:732903 [2] NCCL INFO GPU Direct RDMA Disabled for GPU 2 / HCA 1 (distance 7 > 0)
MOC-R4PCC04U05:732752:732901 [0] NCCL INFO Connected to proxy localRank 0 -> connection 0x7f984c005020
MOC-R4PCC04U05:732755:732894 [3] NCCL INFO New proxy recv connection 1 from local rank 3, transport 0
MOC-R4PCC04U05:732755:732904 [3] NCCL INFO Connected to proxy localRank 3 -> connection 0x7f355c004fa8
MOC-R4PCC04U05:732755:732904 [3] NCCL INFO GPU Direct RDMA Disabled for GPU 3 / HCA 1 (distance 7 > 0)
MOC-R4PCC04U05:732752:732893 [0] NCCL INFO New proxy send connection 3 from local rank 0, transport 0
MOC-R4PCC04U05:732752:732901 [0] NCCL INFO Connected to proxy localRank 0 -> connection 0x7f984c005098
MOC-R4PCC04U05:732754:732896 [2] NCCL INFO New proxy recv connection 2 from local rank 2, transport 2
MOC-R4PCC04U05:732755:732894 [3] NCCL INFO New proxy send connection 2 from local rank 3, transport 2
MOC-R4PCC04U05:732754:732903 [2] NCCL INFO Connected to proxy localRank 2 -> connection 0x7fa9d4005020
MOC-R4PCC04U05:732754:732903 [2] NCCL INFO Channel 00/0 : 15[3] -> 2[2] [receive] via NET/IB/1
MOC-R4PCC04U05:732754:732903 [2] NCCL INFO GPU Direct RDMA Disabled for GPU 2 / HCA 1 (distance 7 > 0)
MOC-R4PCC04U05:732755:732904 [3] NCCL INFO Connected to proxy localRank 3 -> connection 0x7f355c005020
MOC-R4PCC04U05:732754:732896 [2] NCCL INFO New proxy recv connection 3 from local rank 2, transport 2
MOC-R4PCC04U05:732754:732903 [2] NCCL INFO Connected to proxy localRank 2 -> connection 0x7fa9d4005098
MOC-R4PCC04U05:732755:732904 [3] NCCL INFO Channel 00/0 : 3[3] -> 6[2] [send] via NET/IB/1
MOC-R4PCC04U05:732755:732904 [3] NCCL INFO GPU Direct RDMA Disabled for GPU 3 / HCA 1 (distance 7 > 0)
MOC-R4PCC04U05:732755:732894 [3] NCCL INFO New proxy send connection 3 from local rank 3, transport 2
MOC-R4PCC04U05:732755:732904 [3] NCCL INFO Connected to proxy localRank 3 -> connection 0x7f355c005098
MOC-R4PCC04U05:732754:732903 [2] NCCL INFO Channel 02/0 : 15[3] -> 2[2] [receive] via NET/IB/1
MOC-R4PCC04U05:732755:732904 [3] NCCL INFO Channel 02/0 : 3[3] -> 6[2] [send] via NET/IB/1
MOC-R4PCC04U05:732752:732893 [0] NCCL INFO New proxy recv connection 4 from local rank 0, transport 0
MOC-R4PCC04U05:732752:732901 [0] NCCL INFO Connected to proxy localRank 0 -> connection 0x7f984c005110
MOC-R4PCC04U05:732752:732893 [0] NCCL INFO New proxy recv connection 5 from local rank 0, transport 0
MOC-R4PCC04U05:732752:732901 [0] NCCL INFO Connected to proxy localRank 0 -> connection 0x7f984c005188
MOC-R4PCC04U05:732752:732893 [0] NCCL INFO New proxy recv connection 6 from local rank 0, transport 0
MOC-R4PCC04U05:732752:732901 [0] NCCL INFO Connected to proxy localRank 0 -> connection 0x7f984c005200
MOC-R4PCC04U05:732752:732893 [0] NCCL INFO New proxy recv connection 7 from local rank 0, transport 0
MOC-R4PCC04U05:732752:732901 [0] NCCL INFO Connected to proxy localRank 0 -> connection 0x7f984c005278
MOC-R4PCC04U05:732755:732904 [3] NCCL INFO GPU Direct RDMA Disabled for GPU 3 / HCA 1 (distance 7 > 0)
MOC-R4PCC04U05:732755:732894 [3] NCCL INFO New proxy recv connection 4 from local rank 3, transport 2
MOC-R4PCC04U05:732755:732904 [3] NCCL INFO Connected to proxy localRank 3 -> connection 0x7f355c005110
MOC-R4PCC04U05:732755:732904 [3] NCCL INFO Channel 01/0 : 14[2] -> 3[3] [receive] via NET/IB/1
MOC-R4PCC04U05:732755:732904 [3] NCCL INFO GPU Direct RDMA Disabled for GPU 3 / HCA 1 (distance 7 > 0)
MOC-R4PCC04U05:732755:732894 [3] NCCL INFO New proxy recv connection 5 from local rank 3, transport 2
MOC-R4PCC04U05:732755:732904 [3] NCCL INFO Connected to proxy localRank 3 -> connection 0x7f355c005188
MOC-R4PCC04U05:732755:732904 [3] NCCL INFO Channel 03/0 : 14[2] -> 3[3] [receive] via NET/IB/1
MOC-R4PCC04U05:732755:732894 [3] NCCL INFO New proxy send connection 6 from local rank 3, transport 0
MOC-R4PCC04U05:732755:732904 [3] NCCL INFO Connected to proxy localRank 3 -> connection 0x7f355c005200
MOC-R4PCC04U05:732754:732903 [2] NCCL INFO GPU Direct RDMA Disabled for GPU 2 / HCA 1 (distance 7 > 0)
MOC-R4PCC04U05:732754:732896 [2] NCCL INFO New proxy send connection 4 from local rank 2, transport 2
MOC-R4PCC04U05:732754:732903 [2] NCCL INFO Connected to proxy localRank 2 -> connection 0x7fa9d4005110
MOC-R4PCC04U05:732754:732903 [2] NCCL INFO Channel 01/0 : 2[2] -> 7[3] [send] via NET/IB/1
MOC-R4PCC04U05:732754:732903 [2] NCCL INFO GPU Direct RDMA Disabled for GPU 2 / HCA 1 (distance 7 > 0)
MOC-R4PCC04U05:732754:732896 [2] NCCL INFO New proxy send connection 5 from local rank 2, transport 2
MOC-R4PCC04U05:732754:732903 [2] NCCL INFO Connected to proxy localRank 2 -> connection 0x7fa9d4005188
MOC-R4PCC04U05:732754:732903 [2] NCCL INFO Channel 03/0 : 2[2] -> 7[3] [send] via NET/IB/1
MOC-R4PCC04U05:732754:732896 [2] NCCL INFO New proxy send connection 6 from local rank 2, transport 0
MOC-R4PCC04U05:732754:732903 [2] NCCL INFO Connected to proxy localRank 2 -> connection 0x7fa9d4005200
MOC-R4PCC04U05:732754:732896 [2] NCCL INFO New proxy send connection 7 from local rank 2, transport 0
MOC-R4PCC04U05:732754:732903 [2] NCCL INFO Connected to proxy localRank 2 -> connection 0x7fa9d4005278
MOC-R4PCC04U05:732755:732894 [3] NCCL INFO New proxy send connection 7 from local rank 3, transport 0
MOC-R4PCC04U05:732755:732904 [3] NCCL INFO Connected to proxy localRank 3 -> connection 0x7f355c005278
MOC-R4PCC04U05:732753:732899 [1] NCCL INFO New proxy recv connection 2 from local rank 1, transport 0
MOC-R4PCC04U05:732752:732893 [0] NCCL INFO New proxy send connection 8 from local rank 3, transport 0
MOC-R4PCC04U05:732753:732902 [1] NCCL INFO Connected to proxy localRank 1 -> connection 0x7f8eb8005020
MOC-R4PCC04U05:732755:732904 [3] NCCL INFO Connected to proxy localRank 0 -> connection 0x7f984c0052f0
MOC-R4PCC04U05:732753:732899 [1] NCCL INFO New proxy recv connection 3 from local rank 1, transport 0
MOC-R4PCC04U05:732753:732902 [1] NCCL INFO Connected to proxy localRank 1 -> connection 0x7f8eb8005098
MOC-R4PCC04U05:732753:732899 [1] NCCL INFO New proxy send connection 4 from local rank 1, transport 0
MOC-R4PCC04U05:732753:732902 [1] NCCL INFO Connected to proxy localRank 1 -> connection 0x7f8eb8005110
MOC-R4PCC04U05:732753:732899 [1] NCCL INFO New proxy send connection 5 from local rank 1, transport 0
MOC-R4PCC04U05:732753:732902 [1] NCCL INFO Connected to proxy localRank 1 -> connection 0x7f8eb8005188
MOC-R4PCC04U05:732753:732899 [1] NCCL INFO New proxy send connection 6 from local rank 1, transport 0
MOC-R4PCC04U05:732753:732902 [1] NCCL INFO Connected to proxy localRank 1 -> connection 0x7f8eb8005200
MOC-R4PCC04U05:732753:732899 [1] NCCL INFO New proxy send connection 7 from local rank 1, transport 0
MOC-R4PCC04U05:732753:732902 [1] NCCL INFO Connected to proxy localRank 1 -> connection 0x7f8eb8005278
MOC-R4PCC04U05:732753:732899 [1] NCCL INFO New proxy send connection 8 from local rank 3, transport 0
MOC-R4PCC04U05:732755:732904 [3] NCCL INFO Connected to proxy localRank 1 -> connection 0x7f8eb80052f0
MOC-R4PCC04U05:732752:732893 [0] NCCL INFO New proxy send connection 9 from local rank 2, transport 0
MOC-R4PCC04U05:732755:732894 [3] NCCL INFO New proxy send connection 8 from local rank 1, transport 0
MOC-R4PCC04U05:732754:732903 [2] NCCL INFO Connected to proxy localRank 0 -> connection 0x7f984c005368
MOC-R4PCC04U05:732753:732902 [1] NCCL INFO Connected to proxy localRank 3 -> connection 0x7f355c0052f0
MOC-R4PCC04U05:732754:732896 [2] NCCL INFO New proxy send connection 8 from local rank 0, transport 0
MOC-R4PCC04U05:732752:732901 [0] NCCL INFO Connected to proxy localRank 2 -> connection 0x7fa9d40052f0
MOC-R4PCC04U05:732753:732899 [1] NCCL INFO New proxy send connection 9 from local rank 2, transport 0
MOC-R4PCC04U05:732754:732903 [2] NCCL INFO Connected to proxy localRank 1 -> connection 0x7f8eb8005368
MOC-R4PCC04U05:732754:732896 [2] NCCL INFO NET/IB: NCCL Dev 1 IbDev 0 Port 1 qpn 12074 mtu 3 query_ece={supported=1, vendor_id=0x15b3, options=0x30000002, comp_mask=0x0} GID 3 (0/C132A8C0FFFF0000) fifoRkey=0x17d796 fifoLkey=0x17d796
MOC-R4PCC04U05:732754:732896 [2] NCCL INFO NET/IB: NCCL Dev 1 IbDev 0 Port 1 qpn 12075 mtu 3 query_ece={supported=1, vendor_id=0x15b3, options=0x30000002, comp_mask=0x0} GID 3 (0/C132A8C0FFFF0000) fifoRkey=0x17e1a0 fifoLkey=0x17e1a0
MOC-R4PCC04U05:732755:732894 [3] NCCL INFO New proxy send connection 9 from local rank 0, transport 0
MOC-R4PCC04U05:732752:732901 [0] NCCL INFO Connected to proxy localRank 3 -> connection 0x7f355c005368
MOC-R4PCC04U05:732752:732893 [0] NCCL INFO New proxy send connection 10 from local rank 1, transport 0
MOC-R4PCC04U05:732753:732902 [1] NCCL INFO Connected to proxy localRank 0 -> connection 0x7f984c0053e0
MOC-R4PCC04U05:732755:732894 [3] NCCL INFO NET/IB: NCCL Dev 1 IbDev 0 Port 1 qpn 12084 mtu 3 query_ece={supported=1, vendor_id=0x15b3, options=0x30000002, comp_mask=0x0} GID 3 (0/C132A8C0FFFF0000) fifoRkey=0x17bf7e fifoLkey=0x17bf7e
MOC-R4PCC04U05:732755:732894 [3] NCCL INFO NET/IB: NCCL Dev 1 IbDev 0 Port 1 qpn 12085 mtu 3 query_ece={supported=1, vendor_id=0x15b3, options=0x30000002, comp_mask=0x0} GID 3 (0/C132A8C0FFFF0000) fifoRkey=0x17904f fifoLkey=0x17904f
MOC-R4PCC04U05:732755:732894 [3] NCCL INFO NET/IB: IbDev 0 Port 1 qpn 12616 set_ece={supported=1, vendor_id=0x15b3, options=0x0, comp_mask=0x0}
MOC-R4PCC04U05:732754:732896 [2] NCCL INFO NET/IB: IbDev 0 Port 1 qpn 12620 set_ece={supported=1, vendor_id=0x15b3, options=0x0, comp_mask=0x0}
MOC-R4PCC04U05:732755:732894 [3] NCCL INFO NET/IB: IbDev 0 Port 1 qpn 12618 set_ece={supported=1, vendor_id=0x15b3, options=0x0, comp_mask=0x0}
MOC-R4PCC04U05:732754:732896 [2] NCCL INFO NET/IB: IbDev 0 Port 1 qpn 12622 set_ece={supported=1, vendor_id=0x15b3, options=0x0, comp_mask=0x0}
MOC-R4PCC04U05:732753:732899 [1] NCCL INFO New proxy send connection 10 from local rank 0, transport 0
MOC-R4PCC04U05:732752:732901 [0] NCCL INFO Connected to proxy localRank 1 -> connection 0x7f8eb80053e0
MOC-R4PCC04U05:732754:732896 [2] NCCL INFO New proxy send connection 9 from local rank 1, transport 0
MOC-R4PCC04U05:732753:732902 [1] NCCL INFO Connected to proxy localRank 2 -> connection 0x7fa9d4005368
num decayed parameter tensors: 50, with 124,318,464 parameters
num non-decayed parameter tensors: 98, with 121,344 parameters
using fused AdamW: False
using regular AdamW
MOC-R4PCC04U05:732753:732899 [1] NCCL INFO New proxy recv connection 11 from local rank 1, transport 0
MOC-R4PCC04U05:732753:733598 [1] NCCL INFO Connected to proxy localRank 1 -> connection 0x7f8eb8005458
MOC-R4PCC04U05:732753:732899 [1] NCCL INFO New proxy recv connection 12 from local rank 1, transport 0
MOC-R4PCC04U05:732753:733598 [1] NCCL INFO Connected to proxy localRank 1 -> connection 0x7f8eb80054d0
MOC-R4PCC04U05:732753:732899 [1] NCCL INFO New proxy recv connection 13 from local rank 1, transport 0
MOC-R4PCC04U05:732753:733598 [1] NCCL INFO Connected to proxy localRank 1 -> connection 0x7f8eb8005548
MOC-R4PCC04U05:732753:732899 [1] NCCL INFO New proxy recv connection 14 from local rank 1, transport 0
MOC-R4PCC04U05:732753:733598 [1] NCCL INFO Connected to proxy localRank 1 -> connection 0x7f8eb80055c0
MOC-R4PCC04U05:732753:732899 [1] NCCL INFO New proxy send connection 15 from local rank 1, transport 0
MOC-R4PCC04U05:732753:733598 [1] NCCL INFO Connected to proxy localRank 1 -> connection 0x7f8eb8005638
MOC-R4PCC04U05:732753:732899 [1] NCCL INFO New proxy send connection 16 from local rank 1, transport 0
MOC-R4PCC04U05:732753:733598 [1] NCCL INFO Connected to proxy localRank 1 -> connection 0x7f8eb80056b0
MOC-R4PCC04U05:732753:732899 [1] NCCL INFO New proxy send connection 17 from local rank 1, transport 0
MOC-R4PCC04U05:732753:733598 [1] NCCL INFO Connected to proxy localRank 1 -> connection 0x7f8eb8005728
MOC-R4PCC04U05:732753:732899 [1] NCCL INFO New proxy send connection 18 from local rank 1, transport 0
MOC-R4PCC04U05:732753:733598 [1] NCCL INFO Connected to proxy localRank 1 -> connection 0x7f8eb80057a0
MOC-R4PCC04U05:732755:732894 [3] NCCL INFO New proxy recv connection 10 from local rank 3, transport 0
MOC-R4PCC04U05:732755:733599 [3] NCCL INFO Connected to proxy localRank 3 -> connection 0x7f355c0053e0
MOC-R4PCC04U05:732755:732894 [3] NCCL INFO New proxy recv connection 11 from local rank 3, transport 0
MOC-R4PCC04U05:732755:733599 [3] NCCL INFO Connected to proxy localRank 3 -> connection 0x7f355c005458
MOC-R4PCC04U05:732754:732896 [2] NCCL INFO New proxy recv connection 10 from local rank 2, transport 0
MOC-R4PCC04U05:732754:733600 [2] NCCL INFO Connected to proxy localRank 2 -> connection 0x7fa9d40053e0
MOC-R4PCC04U05:732754:732896 [2] NCCL INFO New proxy recv connection 11 from local rank 2, transport 0
MOC-R4PCC04U05:732754:733600 [2] NCCL INFO Connected to proxy localRank 2 -> connection 0x7fa9d4005458
MOC-R4PCC04U05:732754:732896 [2] NCCL INFO New proxy recv connection 12 from local rank 2, transport 0
MOC-R4PCC04U05:732754:733600 [2] NCCL INFO Connected to proxy localRank 2 -> connection 0x7fa9d40054d0
MOC-R4PCC04U05:732754:732896 [2] NCCL INFO New proxy recv connection 13 from local rank 2, transport 0
MOC-R4PCC04U05:732754:733600 [2] NCCL INFO Connected to proxy localRank 2 -> connection 0x7fa9d4005548
MOC-R4PCC04U05:732754:732896 [2] NCCL INFO New proxy send connection 14 from local rank 2, transport 0
MOC-R4PCC04U05:732754:733600 [2] NCCL INFO Connected to proxy localRank 2 -> connection 0x7fa9d40055c0
MOC-R4PCC04U05:732754:732896 [2] NCCL INFO New proxy send connection 15 from local rank 2, transport 0
MOC-R4PCC04U05:732754:733600 [2] NCCL INFO Connected to proxy localRank 2 -> connection 0x7fa9d4005638
MOC-R4PCC04U05:732752:732893 [0] NCCL INFO New proxy send connection 11 from local rank 0, transport 0
MOC-R4PCC04U05:732752:733601 [0] NCCL INFO Connected to proxy localRank 0 -> connection 0x7f984c005458
MOC-R4PCC04U05:732752:732893 [0] NCCL INFO New proxy send connection 12 from local rank 0, transport 0
MOC-R4PCC04U05:732752:733601 [0] NCCL INFO Connected to proxy localRank 0 -> connection 0x7f984c0054d0
MOC-R4PCC04U05:732752:732893 [0] NCCL INFO New proxy send connection 13 from local rank 0, transport 0
MOC-R4PCC04U05:732752:733601 [0] NCCL INFO Connected to proxy localRank 0 -> connection 0x7f984c005548
MOC-R4PCC04U05:732752:732893 [0] NCCL INFO New proxy send connection 14 from local rank 0, transport 0
MOC-R4PCC04U05:732752:733601 [0] NCCL INFO Connected to proxy localRank 0 -> connection 0x7f984c0055c0
MOC-R4PCC04U05:732752:732893 [0] NCCL INFO New proxy send connection 15 from local rank 0, transport 0
MOC-R4PCC04U05:732752:733601 [0] NCCL INFO Connected to proxy localRank 0 -> connection 0x7f984c005638
MOC-R4PCC04U05:732753:732899 [1] NCCL INFO New proxy recv connection 19 from local rank 1, transport 0
MOC-R4PCC04U05:732753:733598 [1] NCCL INFO Connected to proxy localRank 1 -> connection 0x7f8eb8005818
MOC-R4PCC04U05:732752:732893 [0] NCCL INFO New proxy send connection 16 from local rank 0, transport 0
MOC-R4PCC04U05:732752:733601 [0] NCCL INFO Connected to proxy localRank 0 -> connection 0x7f984c0056b0
MOC-R4PCC04U05:732753:732899 [1] NCCL INFO New proxy recv connection 20 from local rank 1, transport 0
MOC-R4PCC04U05:732752:732893 [0] NCCL INFO New proxy recv connection 17 from local rank 0, transport 0
MOC-R4PCC04U05:732753:733598 [1] NCCL INFO Connected to proxy localRank 1 -> connection 0x7f8eb8005890
MOC-R4PCC04U05:732752:733601 [0] NCCL INFO Connected to proxy localRank 0 -> connection 0x7f984c005728
MOC-R4PCC04U05:732755:733599 [3] NCCL INFO GPU Direct RDMA Disabled for GPU 3 / HCA 1 (distance 7 > 0)
MOC-R4PCC04U05:732755:732894 [3] NCCL INFO New proxy send connection 12 from local rank 3, transport 2
MOC-R4PCC04U05:732755:733599 [3] NCCL INFO Connected to proxy localRank 3 -> connection 0x7f355c0054d0
MOC-R4PCC04U05:732755:733599 [3] NCCL INFO Channel 02/0 : 3[3] -> 7[3] [send] via NET/IB/1
MOC-R4PCC04U05:732755:733599 [3] NCCL INFO GPU Direct RDMA Disabled for GPU 3 / HCA 1 (distance 7 > 0)
MOC-R4PCC04U05:732755:732894 [3] NCCL INFO New proxy send connection 13 from local rank 3, transport 2
MOC-R4PCC04U05:732752:732893 [0] NCCL INFO New proxy recv connection 18 from local rank 0, transport 0
MOC-R4PCC04U05:732755:733599 [3] NCCL INFO Connected to proxy localRank 3 -> connection 0x7f355c005548
MOC-R4PCC04U05:732752:733601 [0] NCCL INFO Connected to proxy localRank 0 -> connection 0x7f984c0057a0
MOC-R4PCC04U05:732755:733599 [3] NCCL INFO Channel 03/0 : 3[3] -> 7[3] [send] via NET/IB/1
MOC-R4PCC04U05:732752:732893 [0] NCCL INFO New proxy recv connection 19 from local rank 0, transport 0
MOC-R4PCC04U05:732752:733601 [0] NCCL INFO Connected to proxy localRank 0 -> connection 0x7f984c005818
MOC-R4PCC04U05:732752:732893 [0] NCCL INFO New proxy recv connection 20 from local rank 0, transport 0
MOC-R4PCC04U05:732752:733601 [0] NCCL INFO Connected to proxy localRank 0 -> connection 0x7f984c005890
MOC-R4PCC04U05:732755:733599 [3] NCCL INFO GPU Direct RDMA Disabled for GPU 3 / HCA 1 (distance 7 > 0)
MOC-R4PCC04U05:732755:732894 [3] NCCL INFO New proxy recv connection 14 from local rank 3, transport 2
MOC-R4PCC04U05:732755:733599 [3] NCCL INFO Connected to proxy localRank 3 -> connection 0x7f355c0055c0
MOC-R4PCC04U05:732755:733599 [3] NCCL INFO Channel 00/0 : 11[3] -> 3[3] [receive] via NET/IB/1
MOC-R4PCC04U05:732755:733599 [3] NCCL INFO GPU Direct RDMA Disabled for GPU 3 / HCA 1 (distance 7 > 0)
MOC-R4PCC04U05:732755:732894 [3] NCCL INFO New proxy recv connection 15 from local rank 3, transport 2
MOC-R4PCC04U05:732755:733599 [3] NCCL INFO Connected to proxy localRank 3 -> connection 0x7f355c005638
MOC-R4PCC04U05:732755:733599 [3] NCCL INFO Channel 01/0 : 11[3] -> 3[3] [receive] via NET/IB/1
MOC-R4PCC04U05:732755:733599 [3] NCCL INFO GPU Direct RDMA Disabled for GPU 3 / HCA 1 (distance 7 > 0)
MOC-R4PCC04U05:732755:732894 [3] NCCL INFO New proxy send connection 16 from local rank 3, transport 2
MOC-R4PCC04U05:732755:733599 [3] NCCL INFO Connected to proxy localRank 3 -> connection 0x7f355c0056b0
MOC-R4PCC04U05:732755:733599 [3] NCCL INFO Channel 00/0 : 3[3] -> 11[3] [send] via NET/IB/1
MOC-R4PCC04U05:732755:733599 [3] NCCL INFO GPU Direct RDMA Disabled for GPU 3 / HCA 1 (distance 7 > 0)
MOC-R4PCC04U05:732755:732894 [3] NCCL INFO New proxy send connection 17 from local rank 3, transport 2
MOC-R4PCC04U05:732755:733599 [3] NCCL INFO Connected to proxy localRank 3 -> connection 0x7f355c005728
MOC-R4PCC04U05:732755:733599 [3] NCCL INFO Channel 01/0 : 3[3] -> 11[3] [send] via NET/IB/1
MOC-R4PCC04U05:732755:733599 [3] NCCL INFO GPU Direct RDMA Disabled for GPU 3 / HCA 1 (distance 7 > 0)
MOC-R4PCC04U05:732755:732894 [3] NCCL INFO New proxy recv connection 18 from local rank 3, transport 2
MOC-R4PCC04U05:732755:733599 [3] NCCL INFO Connected to proxy localRank 3 -> connection 0x7f355c0057a0
MOC-R4PCC04U05:732755:733599 [3] NCCL INFO Channel 02/0 : 7[3] -> 3[3] [receive] via NET/IB/1
MOC-R4PCC04U05:732755:733599 [3] NCCL INFO GPU Direct RDMA Disabled for GPU 3 / HCA 1 (distance 7 > 0)
MOC-R4PCC04U05:732755:732894 [3] NCCL INFO New proxy recv connection 19 from local rank 3, transport 2
MOC-R4PCC04U05:732755:733599 [3] NCCL INFO Connected to proxy localRank 3 -> connection 0x7f355c005818
MOC-R4PCC04U05:732755:733599 [3] NCCL INFO Channel 03/0 : 7[3] -> 3[3] [receive] via NET/IB/1
MOC-R4PCC04U05:732755:732894 [3] NCCL INFO New proxy send connection 20 from local rank 3, transport 0
MOC-R4PCC04U05:732755:733599 [3] NCCL INFO Connected to proxy localRank 3 -> connection 0x7f355c005890
MOC-R4PCC04U05:732755:732894 [3] NCCL INFO New proxy send connection 21 from local rank 3, transport 0
MOC-R4PCC04U05:732755:733599 [3] NCCL INFO Connected to proxy localRank 3 -> connection 0x7f355c005908
MOC-R4PCC04U05:732755:732894 [3] NCCL INFO New proxy send connection 22 from local rank 3, transport 0
MOC-R4PCC04U05:732755:733599 [3] NCCL INFO Connected to proxy localRank 3 -> connection 0x7f355c005980
MOC-R4PCC04U05:732755:732894 [3] NCCL INFO New proxy send connection 23 from local rank 3, transport 0
MOC-R4PCC04U05:732755:733599 [3] NCCL INFO Connected to proxy localRank 3 -> connection 0x7f355c0059f8
MOC-R4PCC04U05:732755:732894 [3] NCCL INFO NET/IB: NCCL Dev 1 IbDev 0 Port 1 qpn 12086 mtu 3 query_ece={supported=1, vendor_id=0x15b3, options=0x30000002, comp_mask=0x0} GID 3 (0/C132A8C0FFFF0000) fifoRkey=0x17cb8a fifoLkey=0x17cb8a
MOC-R4PCC04U05:732755:732894 [3] NCCL INFO NET/IB: NCCL Dev 1 IbDev 0 Port 1 qpn 12087 mtu 3 query_ece={supported=1, vendor_id=0x15b3, options=0x30000002, comp_mask=0x0} GID 3 (0/C132A8C0FFFF0000) fifoRkey=0x174705 fifoLkey=0x174705
MOC-R4PCC04U05:732755:732894 [3] NCCL INFO NET/IB: IbDev 0 Port 1 qpn 12630 set_ece={supported=1, vendor_id=0x15b3, options=0x0, comp_mask=0x0}
MOC-R4PCC04U05:732755:732894 [3] NCCL INFO NET/IB: IbDev 0 Port 1 qpn 12633 set_ece={supported=1, vendor_id=0x15b3, options=0x0, comp_mask=0x0}
MOC-R4PCC04U05:732755:732894 [3] NCCL INFO NET/IB: NCCL Dev 1 IbDev 0 Port 1 qpn 12088 mtu 3 query_ece={supported=1, vendor_id=0x15b3, options=0x30000002, comp_mask=0x0} GID 3 (0/C132A8C0FFFF0000) fifoRkey=0x17b372 fifoLkey=0x17b372
MOC-R4PCC04U05:732755:732894 [3] NCCL INFO NET/IB: NCCL Dev 1 IbDev 0 Port 1 qpn 12091 mtu 3 query_ece={supported=1, vendor_id=0x15b3, options=0x30000002, comp_mask=0x0} GID 3 (0/C132A8C0FFFF0000) fifoRkey=0x173af9 fifoLkey=0x173af9
MOC-R4PCC04U05:732755:732894 [3] NCCL INFO NET/IB: IbDev 0 Port 1 qpn 10082 set_ece={supported=1, vendor_id=0x15b3, options=0x0, comp_mask=0x0}
MOC-R4PCC04U05:732755:732894 [3] NCCL INFO NET/IB: IbDev 0 Port 1 qpn 10084 set_ece={supported=1, vendor_id=0x15b3, options=0x0, comp_mask=0x0}
step    1/10 | train loss 11.010067 | norm 15.3476 | lr 1.00e-04 | (14779.71 ms | 354735 tok/s)
step    2/10 | train loss 10.140058 | norm 5.7421 | lr 1.00e-04 | (812.48 ms | 6452963 tok/s)
step    3/10 | train loss 9.801186 | norm 2.5966 | lr 1.00e-04 | (807.19 ms | 6495250 tok/s)
step    4/10 | train loss 9.632750 | norm 2.1052 | lr 1.00e-04 | (812.53 ms | 6452524 tok/s)
step    5/10 | train loss 9.550310 | norm 2.0977 | lr 1.00e-04 | (810.03 ms | 6472463 tok/s)
step    6/10 | train loss 9.470089 | norm 1.9901 | lr 1.00e-04 | (807.40 ms | 6493498 tok/s)
step    7/10 | train loss 9.385624 | norm 1.9404 | lr 1.00e-04 | (815.69 ms | 6427549 tok/s)
step    8/10 | train loss 9.295285 | norm 1.9082 | lr 1.00e-04 | (808.01 ms | 6488615 tok/s)
step    9/10 | train loss 9.200840 | norm 1.8588 | lr 1.00e-04 | (811.12 ms | 6463740 tok/s)
step   10/10 | train loss 9.114128 | norm 1.7863 | lr 1.00e-04 | (810.83 ms | 6466053 tok/s)
final 9 iters avg: 810.587ms
peak memory consumption: 16601 MiB
