Running pytorch 2.7.0+cu126
using device: cuda:0
total desired batch size: 786432
=> calculated gradient accumulation steps: 3
using device: cuda:1
using device: cuda:2
using device: cuda:3
compiling the model...
DataLoader: total number of tokens: 1,661,249,667 across 103 files
MOC-R4PCC04U05:445580:445580 [0] NCCL INFO NCCL_SOCKET_IFNAME set to eno7np0
MOC-R4PCC04U05:445580:445580 [0] NCCL INFO NCCL version 2.26.2+cuda12.2
MOC-R4PCC04U05:445582:445582 [2] NCCL INFO NCCL_SOCKET_IFNAME set to eno7np0
MOC-R4PCC04U05:445583:445583 [3] NCCL INFO NCCL_SOCKET_IFNAME set to eno7np0
MOC-R4PCC04U05:445583:445583 [3] NCCL INFO NCCL version 2.26.2+cuda12.2
MOC-R4PCC04U05:445582:445582 [2] NCCL INFO NCCL version 2.26.2+cuda12.2
MOC-R4PCC04U05:445581:445581 [1] NCCL INFO NCCL_SOCKET_IFNAME set to eno7np0
MOC-R4PCC04U05:445581:445581 [1] NCCL INFO NCCL version 2.26.2+cuda12.2
MOC-R4PCC04U05:445580:445621 [0] NCCL INFO NET/Plugin: Could not find: libnccl-net.so. Using internal net plugin.
MOC-R4PCC04U05:445580:445621 [0] NCCL INFO NET/Socket : Using [0]eno7np0:192.168.50.193<0>
MOC-R4PCC04U05:445583:445623 [3] NCCL INFO NET/Plugin: Could not find: libnccl-net.so. Using internal net plugin.
MOC-R4PCC04U05:445583:445623 [3] NCCL INFO NET/Socket : Using [0]eno7np0:192.168.50.193<0>
MOC-R4PCC04U05:445582:445622 [2] NCCL INFO NET/Plugin: Could not find: libnccl-net.so. Using internal net plugin.
MOC-R4PCC04U05:445582:445622 [2] NCCL INFO NET/Socket : Using [0]eno7np0:192.168.50.193<0>
MOC-R4PCC04U05:445581:445624 [1] NCCL INFO NET/Plugin: Could not find: libnccl-net.so. Using internal net plugin.
MOC-R4PCC04U05:445581:445624 [1] NCCL INFO NET/Socket : Using [0]eno7np0:192.168.50.193<0>
MOC-R4PCC04U05:445583:445623 [3] NCCL INFO NET/Socket : GPU Direct RDMA Disabled for HCA 0 'eno7np0'
MOC-R4PCC04U05:445582:445622 [2] NCCL INFO NET/Socket : GPU Direct RDMA Disabled for HCA 0 'eno7np0'
MOC-R4PCC04U05:445580:445621 [0] NCCL INFO NET/Socket : GPU Direct RDMA Disabled for HCA 0 'eno7np0'
MOC-R4PCC04U05:445581:445624 [1] NCCL INFO NET/Socket : GPU Direct RDMA Disabled for HCA 0 'eno7np0'
MOC-R4PCC04U05:445580:445633 [0] NCCL INFO New proxy send connection 0 from local rank 0, transport 0
MOC-R4PCC04U05:445580:445641 [0] NCCL INFO Connected to proxy localRank 0 -> connection 0x7fec44004f30
MOC-R4PCC04U05:445580:445633 [0] NCCL INFO New proxy send connection 1 from local rank 0, transport 0
MOC-R4PCC04U05:445580:445641 [0] NCCL INFO Connected to proxy localRank 0 -> connection 0x7fec44004fa8
MOC-R4PCC04U05:445581:445637 [1] NCCL INFO New proxy recv connection 0 from local rank 1, transport 0
MOC-R4PCC04U05:445581:445642 [1] NCCL INFO Connected to proxy localRank 1 -> connection 0x7f5894004f30
MOC-R4PCC04U05:445581:445637 [1] NCCL INFO New proxy recv connection 1 from local rank 1, transport 0
MOC-R4PCC04U05:445581:445642 [1] NCCL INFO Connected to proxy localRank 1 -> connection 0x7f5894004fa8
MOC-R4PCC04U05:445583:445634 [3] NCCL INFO New proxy recv connection 0 from local rank 3, transport 0
MOC-R4PCC04U05:445583:445643 [3] NCCL INFO Connected to proxy localRank 3 -> connection 0x7fc30c004f30
MOC-R4PCC04U05:445582:445635 [2] NCCL INFO New proxy recv connection 0 from local rank 2, transport 0
MOC-R4PCC04U05:445582:445644 [2] NCCL INFO Connected to proxy localRank 2 -> connection 0x7f8d1c004f30
MOC-R4PCC04U05:445583:445634 [3] NCCL INFO New proxy recv connection 1 from local rank 3, transport 0
MOC-R4PCC04U05:445583:445643 [3] NCCL INFO Connected to proxy localRank 3 -> connection 0x7fc30c004fa8
MOC-R4PCC04U05:445582:445635 [2] NCCL INFO New proxy recv connection 1 from local rank 2, transport 0
MOC-R4PCC04U05:445582:445644 [2] NCCL INFO Connected to proxy localRank 2 -> connection 0x7f8d1c004fa8
MOC-R4PCC04U05:445580:445633 [0] NCCL INFO New proxy send connection 2 from local rank 0, transport 0
MOC-R4PCC04U05:445580:445641 [0] NCCL INFO Connected to proxy localRank 0 -> connection 0x7fec44005020
MOC-R4PCC04U05:445580:445633 [0] NCCL INFO New proxy send connection 3 from local rank 0, transport 0
MOC-R4PCC04U05:445580:445641 [0] NCCL INFO Connected to proxy localRank 0 -> connection 0x7fec44005098
MOC-R4PCC04U05:445583:445634 [3] NCCL INFO New proxy send connection 2 from local rank 3, transport 2
MOC-R4PCC04U05:445583:445643 [3] NCCL INFO Connected to proxy localRank 3 -> connection 0x7fc30c005020
MOC-R4PCC04U05:445582:445635 [2] NCCL INFO New proxy recv connection 2 from local rank 2, transport 2
MOC-R4PCC04U05:445582:445644 [2] NCCL INFO Connected to proxy localRank 2 -> connection 0x7f8d1c005020
MOC-R4PCC04U05:445583:445643 [3] NCCL INFO Channel 00/0 : 3[3] -> 6[2] [send] via NET/Socket/0
MOC-R4PCC04U05:445583:445634 [3] NCCL INFO New proxy send connection 3 from local rank 3, transport 2
MOC-R4PCC04U05:445583:445643 [3] NCCL INFO Connected to proxy localRank 3 -> connection 0x7fc30c005098
MOC-R4PCC04U05:445582:445644 [2] NCCL INFO Channel 00/0 : 7[3] -> 2[2] [receive] via NET/Socket/0
MOC-R4PCC04U05:445582:445635 [2] NCCL INFO New proxy recv connection 3 from local rank 2, transport 2
MOC-R4PCC04U05:445582:445644 [2] NCCL INFO Connected to proxy localRank 2 -> connection 0x7f8d1c005098
MOC-R4PCC04U05:445583:445643 [3] NCCL INFO Channel 02/0 : 3[3] -> 6[2] [send] via NET/Socket/0
MOC-R4PCC04U05:445582:445644 [2] NCCL INFO Channel 02/0 : 7[3] -> 2[2] [receive] via NET/Socket/0
MOC-R4PCC04U05:445580:445633 [0] NCCL INFO New proxy recv connection 4 from local rank 0, transport 0
MOC-R4PCC04U05:445580:445641 [0] NCCL INFO Connected to proxy localRank 0 -> connection 0x7fec44005110
MOC-R4PCC04U05:445583:445634 [3] NCCL INFO New proxy recv connection 4 from local rank 3, transport 2
MOC-R4PCC04U05:445583:445643 [3] NCCL INFO Connected to proxy localRank 3 -> connection 0x7fc30c005110
MOC-R4PCC04U05:445583:445643 [3] NCCL INFO Channel 01/0 : 6[2] -> 3[3] [receive] via NET/Socket/0
MOC-R4PCC04U05:445583:445634 [3] NCCL INFO New proxy recv connection 5 from local rank 3, transport 2
MOC-R4PCC04U05:445583:445643 [3] NCCL INFO Connected to proxy localRank 3 -> connection 0x7fc30c005188
MOC-R4PCC04U05:445583:445643 [3] NCCL INFO Channel 03/0 : 6[2] -> 3[3] [receive] via NET/Socket/0
MOC-R4PCC04U05:445583:445634 [3] NCCL INFO New proxy send connection 6 from local rank 3, transport 0
MOC-R4PCC04U05:445583:445643 [3] NCCL INFO Connected to proxy localRank 3 -> connection 0x7fc30c005200
MOC-R4PCC04U05:445582:445635 [2] NCCL INFO New proxy send connection 4 from local rank 2, transport 2
MOC-R4PCC04U05:445582:445644 [2] NCCL INFO Connected to proxy localRank 2 -> connection 0x7f8d1c005110
MOC-R4PCC04U05:445582:445644 [2] NCCL INFO Channel 01/0 : 2[2] -> 7[3] [send] via NET/Socket/0
MOC-R4PCC04U05:445582:445635 [2] NCCL INFO New proxy send connection 5 from local rank 2, transport 2
MOC-R4PCC04U05:445582:445644 [2] NCCL INFO Connected to proxy localRank 2 -> connection 0x7f8d1c005188
MOC-R4PCC04U05:445583:445634 [3] NCCL INFO New proxy send connection 7 from local rank 3, transport 0
MOC-R4PCC04U05:445583:445643 [3] NCCL INFO Connected to proxy localRank 3 -> connection 0x7fc30c005278
MOC-R4PCC04U05:445580:445633 [0] NCCL INFO New proxy recv connection 5 from local rank 0, transport 0
MOC-R4PCC04U05:445580:445641 [0] NCCL INFO Connected to proxy localRank 0 -> connection 0x7fec44005188
MOC-R4PCC04U05:445582:445644 [2] NCCL INFO Channel 03/0 : 2[2] -> 7[3] [send] via NET/Socket/0
MOC-R4PCC04U05:445582:445635 [2] NCCL INFO New proxy send connection 6 from local rank 2, transport 0
MOC-R4PCC04U05:445582:445644 [2] NCCL INFO Connected to proxy localRank 2 -> connection 0x7f8d1c005200
MOC-R4PCC04U05:445582:445635 [2] NCCL INFO New proxy send connection 7 from local rank 2, transport 0
MOC-R4PCC04U05:445582:445644 [2] NCCL INFO Connected to proxy localRank 2 -> connection 0x7f8d1c005278
MOC-R4PCC04U05:445580:445633 [0] NCCL INFO New proxy recv connection 6 from local rank 0, transport 0
MOC-R4PCC04U05:445580:445641 [0] NCCL INFO Connected to proxy localRank 0 -> connection 0x7fec44005200
MOC-R4PCC04U05:445581:445637 [1] NCCL INFO New proxy recv connection 2 from local rank 1, transport 0
MOC-R4PCC04U05:445581:445642 [1] NCCL INFO Connected to proxy localRank 1 -> connection 0x7f5894005020
MOC-R4PCC04U05:445581:445637 [1] NCCL INFO New proxy recv connection 3 from local rank 1, transport 0
MOC-R4PCC04U05:445581:445642 [1] NCCL INFO Connected to proxy localRank 1 -> connection 0x7f5894005098
MOC-R4PCC04U05:445580:445633 [0] NCCL INFO New proxy recv connection 7 from local rank 0, transport 0
MOC-R4PCC04U05:445580:445641 [0] NCCL INFO Connected to proxy localRank 0 -> connection 0x7fec44005278
MOC-R4PCC04U05:445580:445633 [0] NCCL INFO New proxy send connection 8 from local rank 3, transport 0
MOC-R4PCC04U05:445583:445643 [3] NCCL INFO Connected to proxy localRank 0 -> connection 0x7fec440052f0
MOC-R4PCC04U05:445581:445637 [1] NCCL INFO New proxy send connection 4 from local rank 1, transport 0
MOC-R4PCC04U05:445581:445642 [1] NCCL INFO Connected to proxy localRank 1 -> connection 0x7f5894005110
MOC-R4PCC04U05:445581:445637 [1] NCCL INFO New proxy send connection 5 from local rank 1, transport 0
MOC-R4PCC04U05:445581:445642 [1] NCCL INFO Connected to proxy localRank 1 -> connection 0x7f5894005188
MOC-R4PCC04U05:445581:445637 [1] NCCL INFO New proxy send connection 6 from local rank 1, transport 0
MOC-R4PCC04U05:445581:445642 [1] NCCL INFO Connected to proxy localRank 1 -> connection 0x7f5894005200
MOC-R4PCC04U05:445581:445637 [1] NCCL INFO New proxy send connection 7 from local rank 1, transport 0
MOC-R4PCC04U05:445581:445642 [1] NCCL INFO Connected to proxy localRank 1 -> connection 0x7f5894005278
MOC-R4PCC04U05:445582:445635 [2] NCCL INFO New proxy send connection 8 from local rank 0, transport 0
MOC-R4PCC04U05:445580:445633 [0] NCCL INFO New proxy send connection 9 from local rank 2, transport 0
MOC-R4PCC04U05:445582:445644 [2] NCCL INFO Connected to proxy localRank 0 -> connection 0x7fec44005368
MOC-R4PCC04U05:445580:445641 [0] NCCL INFO Connected to proxy localRank 2 -> connection 0x7f8d1c0052f0
MOC-R4PCC04U05:445583:445634 [3] NCCL INFO New proxy send connection 8 from local rank 1, transport 0
MOC-R4PCC04U05:445581:445642 [1] NCCL INFO Connected to proxy localRank 3 -> connection 0x7fc30c0052f0
MOC-R4PCC04U05:445581:445637 [1] NCCL INFO New proxy send connection 8 from local rank 3, transport 0
MOC-R4PCC04U05:445583:445643 [3] NCCL INFO Connected to proxy localRank 1 -> connection 0x7f58940052f0
MOC-R4PCC04U05:445581:445637 [1] NCCL INFO New proxy send connection 9 from local rank 2, transport 0
MOC-R4PCC04U05:445582:445644 [2] NCCL INFO Connected to proxy localRank 1 -> connection 0x7f5894005368
MOC-R4PCC04U05:445580:445633 [0] NCCL INFO New proxy send connection 10 from local rank 1, transport 0
MOC-R4PCC04U05:445581:445642 [1] NCCL INFO Connected to proxy localRank 0 -> connection 0x7fec440053e0
MOC-R4PCC04U05:445583:445634 [3] NCCL INFO New proxy send connection 9 from local rank 0, transport 0
MOC-R4PCC04U05:445580:445641 [0] NCCL INFO Connected to proxy localRank 3 -> connection 0x7fc30c005368
MOC-R4PCC04U05:445581:445637 [1] NCCL INFO New proxy send connection 10 from local rank 0, transport 0
MOC-R4PCC04U05:445580:445641 [0] NCCL INFO Connected to proxy localRank 1 -> connection 0x7f58940053e0
MOC-R4PCC04U05:445582:445635 [2] NCCL INFO New proxy send connection 9 from local rank 1, transport 0
MOC-R4PCC04U05:445581:445642 [1] NCCL INFO Connected to proxy localRank 2 -> connection 0x7f8d1c005368
num decayed parameter tensors: 50, with 124,318,464 parameters
num non-decayed parameter tensors: 98, with 121,344 parameters
using fused AdamW: False
using regular AdamW
MOC-R4PCC04U05:445583:445634 [3] NCCL INFO New proxy recv connection 10 from local rank 3, transport 0
MOC-R4PCC04U05:445583:446343 [3] NCCL INFO Connected to proxy localRank 3 -> connection 0x7fc30c0053e0
MOC-R4PCC04U05:445583:445634 [3] NCCL INFO New proxy recv connection 11 from local rank 3, transport 0
MOC-R4PCC04U05:445583:446343 [3] NCCL INFO Connected to proxy localRank 3 -> connection 0x7fc30c005458
MOC-R4PCC04U05:445581:445637 [1] NCCL INFO New proxy recv connection 11 from local rank 1, transport 0
MOC-R4PCC04U05:445581:446344 [1] NCCL INFO Connected to proxy localRank 1 -> connection 0x7f5894005458
MOC-R4PCC04U05:445581:445637 [1] NCCL INFO New proxy recv connection 12 from local rank 1, transport 0
MOC-R4PCC04U05:445581:446344 [1] NCCL INFO Connected to proxy localRank 1 -> connection 0x7f58940054d0
MOC-R4PCC04U05:445581:445637 [1] NCCL INFO New proxy recv connection 13 from local rank 1, transport 0
MOC-R4PCC04U05:445581:446344 [1] NCCL INFO Connected to proxy localRank 1 -> connection 0x7f5894005548
MOC-R4PCC04U05:445581:445637 [1] NCCL INFO New proxy recv connection 14 from local rank 1, transport 0
MOC-R4PCC04U05:445581:446344 [1] NCCL INFO Connected to proxy localRank 1 -> connection 0x7f58940055c0
MOC-R4PCC04U05:445581:445637 [1] NCCL INFO New proxy send connection 15 from local rank 1, transport 0
MOC-R4PCC04U05:445581:446344 [1] NCCL INFO Connected to proxy localRank 1 -> connection 0x7f5894005638
MOC-R4PCC04U05:445581:445637 [1] NCCL INFO New proxy send connection 16 from local rank 1, transport 0
MOC-R4PCC04U05:445581:446344 [1] NCCL INFO Connected to proxy localRank 1 -> connection 0x7f58940056b0
MOC-R4PCC04U05:445581:445637 [1] NCCL INFO New proxy send connection 17 from local rank 1, transport 0
MOC-R4PCC04U05:445581:446344 [1] NCCL INFO Connected to proxy localRank 1 -> connection 0x7f5894005728
MOC-R4PCC04U05:445581:445637 [1] NCCL INFO New proxy send connection 18 from local rank 1, transport 0
MOC-R4PCC04U05:445581:446344 [1] NCCL INFO Connected to proxy localRank 1 -> connection 0x7f58940057a0
MOC-R4PCC04U05:445580:445633 [0] NCCL INFO New proxy send connection 11 from local rank 0, transport 0
MOC-R4PCC04U05:445580:446345 [0] NCCL INFO Connected to proxy localRank 0 -> connection 0x7fec44005458
MOC-R4PCC04U05:445580:445633 [0] NCCL INFO New proxy send connection 12 from local rank 0, transport 0
MOC-R4PCC04U05:445580:446345 [0] NCCL INFO Connected to proxy localRank 0 -> connection 0x7fec440054d0
MOC-R4PCC04U05:445580:445633 [0] NCCL INFO New proxy send connection 13 from local rank 0, transport 0
MOC-R4PCC04U05:445580:446345 [0] NCCL INFO Connected to proxy localRank 0 -> connection 0x7fec44005548
MOC-R4PCC04U05:445580:445633 [0] NCCL INFO New proxy send connection 14 from local rank 0, transport 0
MOC-R4PCC04U05:445580:446345 [0] NCCL INFO Connected to proxy localRank 0 -> connection 0x7fec440055c0
MOC-R4PCC04U05:445580:445633 [0] NCCL INFO New proxy send connection 15 from local rank 0, transport 0
MOC-R4PCC04U05:445580:446345 [0] NCCL INFO Connected to proxy localRank 0 -> connection 0x7fec44005638
MOC-R4PCC04U05:445580:445633 [0] NCCL INFO New proxy send connection 16 from local rank 0, transport 0
MOC-R4PCC04U05:445580:446345 [0] NCCL INFO Connected to proxy localRank 0 -> connection 0x7fec440056b0
MOC-R4PCC04U05:445580:445633 [0] NCCL INFO New proxy recv connection 17 from local rank 0, transport 0
MOC-R4PCC04U05:445580:446345 [0] NCCL INFO Connected to proxy localRank 0 -> connection 0x7fec44005728
MOC-R4PCC04U05:445583:445634 [3] NCCL INFO New proxy recv connection 12 from local rank 3, transport 2
MOC-R4PCC04U05:445583:446343 [3] NCCL INFO Connected to proxy localRank 3 -> connection 0x7fc30c0054d0
MOC-R4PCC04U05:445580:445633 [0] NCCL INFO New proxy recv connection 18 from local rank 0, transport 0
MOC-R4PCC04U05:445580:446345 [0] NCCL INFO Connected to proxy localRank 0 -> connection 0x7fec440057a0
MOC-R4PCC04U05:445580:445633 [0] NCCL INFO New proxy recv connection 19 from local rank 0, transport 0
MOC-R4PCC04U05:445580:446345 [0] NCCL INFO Connected to proxy localRank 0 -> connection 0x7fec44005818
MOC-R4PCC04U05:445580:445633 [0] NCCL INFO New proxy recv connection 20 from local rank 0, transport 0
MOC-R4PCC04U05:445580:446345 [0] NCCL INFO Connected to proxy localRank 0 -> connection 0x7fec44005890
MOC-R4PCC04U05:445583:446343 [3] NCCL INFO Channel 00/0 : 7[3] -> 3[3] [receive] via NET/Socket/0
MOC-R4PCC04U05:445583:445634 [3] NCCL INFO New proxy recv connection 13 from local rank 3, transport 2
MOC-R4PCC04U05:445583:446343 [3] NCCL INFO Connected to proxy localRank 3 -> connection 0x7fc30c005548
MOC-R4PCC04U05:445583:446343 [3] NCCL INFO Channel 01/0 : 7[3] -> 3[3] [receive] via NET/Socket/0
MOC-R4PCC04U05:445583:445634 [3] NCCL INFO New proxy recv connection 14 from local rank 3, transport 2
MOC-R4PCC04U05:445583:446343 [3] NCCL INFO Connected to proxy localRank 3 -> connection 0x7fc30c0055c0
MOC-R4PCC04U05:445583:446343 [3] NCCL INFO Channel 02/0 : 7[3] -> 3[3] [receive] via NET/Socket/0
MOC-R4PCC04U05:445583:445634 [3] NCCL INFO New proxy recv connection 15 from local rank 3, transport 2
MOC-R4PCC04U05:445583:446343 [3] NCCL INFO Connected to proxy localRank 3 -> connection 0x7fc30c005638
MOC-R4PCC04U05:445583:446343 [3] NCCL INFO Channel 03/0 : 7[3] -> 3[3] [receive] via NET/Socket/0
MOC-R4PCC04U05:445583:445634 [3] NCCL INFO New proxy send connection 16 from local rank 3, transport 2
MOC-R4PCC04U05:445583:446343 [3] NCCL INFO Connected to proxy localRank 3 -> connection 0x7fc30c0056b0
MOC-R4PCC04U05:445582:445635 [2] NCCL INFO New proxy recv connection 10 from local rank 2, transport 0
MOC-R4PCC04U05:445583:446343 [3] NCCL INFO Channel 00/0 : 3[3] -> 7[3] [send] via NET/Socket/0
MOC-R4PCC04U05:445582:446346 [2] NCCL INFO Connected to proxy localRank 2 -> connection 0x7f8d1c0053e0
MOC-R4PCC04U05:445583:445634 [3] NCCL INFO New proxy send connection 17 from local rank 3, transport 2
MOC-R4PCC04U05:445583:446343 [3] NCCL INFO Connected to proxy localRank 3 -> connection 0x7fc30c005728
MOC-R4PCC04U05:445583:446343 [3] NCCL INFO Channel 01/0 : 3[3] -> 7[3] [send] via NET/Socket/0
MOC-R4PCC04U05:445582:445635 [2] NCCL INFO New proxy recv connection 11 from local rank 2, transport 0
MOC-R4PCC04U05:445583:445634 [3] NCCL INFO New proxy send connection 18 from local rank 3, transport 2
MOC-R4PCC04U05:445582:446346 [2] NCCL INFO Connected to proxy localRank 2 -> connection 0x7f8d1c005458
MOC-R4PCC04U05:445583:446343 [3] NCCL INFO Connected to proxy localRank 3 -> connection 0x7fc30c0057a0
MOC-R4PCC04U05:445582:445635 [2] NCCL INFO New proxy recv connection 12 from local rank 2, transport 0
MOC-R4PCC04U05:445582:446346 [2] NCCL INFO Connected to proxy localRank 2 -> connection 0x7f8d1c0054d0
MOC-R4PCC04U05:445583:446343 [3] NCCL INFO Channel 02/0 : 3[3] -> 7[3] [send] via NET/Socket/0
MOC-R4PCC04U05:445583:445634 [3] NCCL INFO New proxy send connection 19 from local rank 3, transport 2
MOC-R4PCC04U05:445583:446343 [3] NCCL INFO Connected to proxy localRank 3 -> connection 0x7fc30c005818
MOC-R4PCC04U05:445582:445635 [2] NCCL INFO New proxy recv connection 13 from local rank 2, transport 0
MOC-R4PCC04U05:445582:446346 [2] NCCL INFO Connected to proxy localRank 2 -> connection 0x7f8d1c005548
MOC-R4PCC04U05:445583:446343 [3] NCCL INFO Channel 03/0 : 3[3] -> 7[3] [send] via NET/Socket/0
MOC-R4PCC04U05:445582:445635 [2] NCCL INFO New proxy send connection 14 from local rank 2, transport 0
MOC-R4PCC04U05:445582:446346 [2] NCCL INFO Connected to proxy localRank 2 -> connection 0x7f8d1c0055c0
MOC-R4PCC04U05:445581:445637 [1] NCCL INFO New proxy recv connection 19 from local rank 1, transport 0
MOC-R4PCC04U05:445581:446344 [1] NCCL INFO Connected to proxy localRank 1 -> connection 0x7f5894005818
MOC-R4PCC04U05:445582:445635 [2] NCCL INFO New proxy send connection 15 from local rank 2, transport 0
MOC-R4PCC04U05:445582:446346 [2] NCCL INFO Connected to proxy localRank 2 -> connection 0x7f8d1c005638
MOC-R4PCC04U05:445581:445637 [1] NCCL INFO New proxy recv connection 20 from local rank 1, transport 0
MOC-R4PCC04U05:445581:446344 [1] NCCL INFO Connected to proxy localRank 1 -> connection 0x7f5894005890
MOC-R4PCC04U05:445583:445634 [3] NCCL INFO New proxy send connection 20 from local rank 3, transport 0
MOC-R4PCC04U05:445583:446343 [3] NCCL INFO Connected to proxy localRank 3 -> connection 0x7fc30c005890
MOC-R4PCC04U05:445583:445634 [3] NCCL INFO New proxy send connection 21 from local rank 3, transport 0
MOC-R4PCC04U05:445583:446343 [3] NCCL INFO Connected to proxy localRank 3 -> connection 0x7fc30c005908
MOC-R4PCC04U05:445583:445634 [3] NCCL INFO New proxy send connection 22 from local rank 3, transport 0
MOC-R4PCC04U05:445583:446343 [3] NCCL INFO Connected to proxy localRank 3 -> connection 0x7fc30c005980
MOC-R4PCC04U05:445583:445634 [3] NCCL INFO New proxy send connection 23 from local rank 3, transport 0
MOC-R4PCC04U05:445583:446343 [3] NCCL INFO Connected to proxy localRank 3 -> connection 0x7fc30c0059f8
step    1/10 | train loss 11.010591 | norm 15.5178 | lr 1.00e-04 | (13814.30 ms | 56929 tok/s)
step    2/10 | train loss 10.133059 | norm 5.7704 | lr 1.00e-04 | (333.30 ms | 2359565 tok/s)
step    3/10 | train loss 9.789810 | norm 2.6244 | lr 1.00e-04 | (327.85 ms | 2398723 tok/s)
step    4/10 | train loss 9.619394 | norm 2.1221 | lr 1.00e-04 | (329.38 ms | 2387590 tok/s)
step    5/10 | train loss 9.536022 | norm 2.1102 | lr 1.00e-04 | (333.92 ms | 2355121 tok/s)
step    6/10 | train loss 9.454275 | norm 2.0041 | lr 1.00e-04 | (336.01 ms | 2340480 tok/s)
step    7/10 | train loss 9.368484 | norm 1.9533 | lr 1.00e-04 | (325.34 ms | 2417251 tok/s)
step    8/10 | train loss 9.276950 | norm 1.9199 | lr 1.00e-04 | (324.89 ms | 2420618 tok/s)
step    9/10 | train loss 9.181939 | norm 1.8692 | lr 1.00e-04 | (325.89 ms | 2413155 tok/s)
step   10/10 | train loss 9.094182 | norm 1.7928 | lr 1.00e-04 | (326.45 ms | 2409010 tok/s)
final 9 iters avg: 329.228ms
peak memory consumption: 16601 MiB
