Running pytorch 2.7.0+cu126
using device: cuda:0
total desired batch size: 1048576
=> calculated gradient accumulation steps: 4
using device: cuda:2
using device: cuda:3
using device: cuda:1
compiling the model...
DataLoader: total number of tokens: 1,661,249,667 across 103 files
MOC-R4PCC04U05:341785:341785 [0] NCCL INFO NCCL_SOCKET_IFNAME set to eno7np0
MOC-R4PCC04U05:341785:341785 [0] NCCL INFO NCCL version 2.26.2+cuda12.2
MOC-R4PCC04U05:341788:341788 [3] NCCL INFO NCCL_SOCKET_IFNAME set to eno7np0
MOC-R4PCC04U05:341787:341787 [2] NCCL INFO NCCL_SOCKET_IFNAME set to eno7np0
MOC-R4PCC04U05:341788:341788 [3] NCCL INFO NCCL version 2.26.2+cuda12.2
MOC-R4PCC04U05:341787:341787 [2] NCCL INFO NCCL version 2.26.2+cuda12.2
MOC-R4PCC04U05:341785:341826 [0] NCCL INFO NET/Plugin: Could not find: libnccl-net.so. Using internal net plugin.
MOC-R4PCC04U05:341785:341826 [0] NCCL INFO NCCL_IB_HCA set to mlx5_5
MOC-R4PCC04U05:341787:341827 [2] NCCL INFO NET/Plugin: Could not find: libnccl-net.so. Using internal net plugin.
MOC-R4PCC04U05:341788:341828 [3] NCCL INFO NET/Plugin: Could not find: libnccl-net.so. Using internal net plugin.
MOC-R4PCC04U05:341787:341827 [2] NCCL INFO NCCL_IB_HCA set to mlx5_5
MOC-R4PCC04U05:341788:341828 [3] NCCL INFO NCCL_IB_HCA set to mlx5_5
MOC-R4PCC04U05:341786:341786 [1] NCCL INFO NCCL_SOCKET_IFNAME set to eno7np0
MOC-R4PCC04U05:341786:341786 [1] NCCL INFO NCCL version 2.26.2+cuda12.2
MOC-R4PCC04U05:341785:341826 [0] NCCL INFO NET/IB : Made virtual device [0] name=mlx5_5 speed=400000 ndevs=1
MOC-R4PCC04U05:341785:341826 [0] NCCL INFO NET/IB : Using [0]mlx5_5:1/RoCE [RO]; OOB eno7np0:192.168.50.193<0>
MOC-R4PCC04U05:341788:341828 [3] NCCL INFO NET/IB : Made virtual device [0] name=mlx5_5 speed=400000 ndevs=1
MOC-R4PCC04U05:341787:341827 [2] NCCL INFO NET/IB : Made virtual device [0] name=mlx5_5 speed=400000 ndevs=1
MOC-R4PCC04U05:341788:341828 [3] NCCL INFO NET/IB : Using [0]mlx5_5:1/RoCE [RO]; OOB eno7np0:192.168.50.193<0>
MOC-R4PCC04U05:341787:341827 [2] NCCL INFO NET/IB : Using [0]mlx5_5:1/RoCE [RO]; OOB eno7np0:192.168.50.193<0>
MOC-R4PCC04U05:341786:341829 [1] NCCL INFO NET/Plugin: Could not find: libnccl-net.so. Using internal net plugin.
MOC-R4PCC04U05:341786:341829 [1] NCCL INFO NCCL_IB_HCA set to mlx5_5
MOC-R4PCC04U05:341786:341829 [1] NCCL INFO NET/IB : Made virtual device [0] name=mlx5_5 speed=400000 ndevs=1
MOC-R4PCC04U05:341786:341829 [1] NCCL INFO NET/IB : Using [0]mlx5_5:1/RoCE [RO]; OOB eno7np0:192.168.50.193<0>
MOC-R4PCC04U05:341788:341828 [3] NCCL INFO NET/IB : GPU Direct RDMA Enabled for HCA 0 'mlx5_5'
MOC-R4PCC04U05:341788:341828 [3] NCCL INFO NET/IB : Made virtual device [1] name=mlx5_5 speed=400000 ndevs=1
MOC-R4PCC04U05:341788:341828 [3] NCCL INFO NET/IB : GPU Direct RDMA Enabled for HCA 0 'mlx5_5'
MOC-R4PCC04U05:341788:341828 [3] NCCL INFO NET/IB : GPU Direct RDMA Enabled for HCA 1 'mlx5_5'
MOC-R4PCC04U05:341785:341826 [0] NCCL INFO NET/IB : GPU Direct RDMA Enabled for HCA 0 'mlx5_5'
MOC-R4PCC04U05:341785:341826 [0] NCCL INFO NET/IB : Made virtual device [1] name=mlx5_5 speed=400000 ndevs=1
MOC-R4PCC04U05:341785:341826 [0] NCCL INFO NET/IB : GPU Direct RDMA Enabled for HCA 0 'mlx5_5'
MOC-R4PCC04U05:341785:341826 [0] NCCL INFO NET/IB : GPU Direct RDMA Enabled for HCA 1 'mlx5_5'
MOC-R4PCC04U05:341787:341827 [2] NCCL INFO NET/IB : GPU Direct RDMA Enabled for HCA 0 'mlx5_5'
MOC-R4PCC04U05:341787:341827 [2] NCCL INFO NET/IB : Made virtual device [1] name=mlx5_5 speed=400000 ndevs=1
MOC-R4PCC04U05:341787:341827 [2] NCCL INFO NET/IB : GPU Direct RDMA Enabled for HCA 0 'mlx5_5'
MOC-R4PCC04U05:341787:341827 [2] NCCL INFO NET/IB : GPU Direct RDMA Enabled for HCA 1 'mlx5_5'
MOC-R4PCC04U05:341786:341829 [1] NCCL INFO NET/IB : GPU Direct RDMA Enabled for HCA 0 'mlx5_5'
MOC-R4PCC04U05:341786:341829 [1] NCCL INFO NET/IB : Made virtual device [1] name=mlx5_5 speed=400000 ndevs=1
MOC-R4PCC04U05:341786:341829 [1] NCCL INFO NET/IB : GPU Direct RDMA Enabled for HCA 0 'mlx5_5'
MOC-R4PCC04U05:341786:341829 [1] NCCL INFO NET/IB : GPU Direct RDMA Enabled for HCA 1 'mlx5_5'
MOC-R4PCC04U05:341786:341829 [1] NCCL INFO GPU Direct RDMA Enabled for GPU 0 / HCA 1 (distance 5 <= 5), read 0 mode Default
MOC-R4PCC04U05:341786:341829 [1] NCCL INFO GPU Direct RDMA Enabled for GPU 1 / HCA 1 (distance 5 <= 5), read 0 mode Default
MOC-R4PCC04U05:341786:341829 [1] NCCL INFO GPU Direct RDMA Enabled for GPU 2 / HCA 1 (distance 5 <= 5), read 0 mode Default
MOC-R4PCC04U05:341786:341829 [1] NCCL INFO GPU Direct RDMA Enabled for GPU 3 / HCA 1 (distance 5 <= 5), read 0 mode Default
MOC-R4PCC04U05:341786:341829 [1] NCCL INFO GPU Direct RDMA Enabled for GPU 0 / HCA 1 (distance 5 <= 5), read 0 mode Default
MOC-R4PCC04U05:341786:341829 [1] NCCL INFO GPU Direct RDMA Enabled for GPU 1 / HCA 1 (distance 5 <= 5), read 0 mode Default
MOC-R4PCC04U05:341786:341829 [1] NCCL INFO GPU Direct RDMA Enabled for GPU 2 / HCA 1 (distance 5 <= 5), read 0 mode Default
MOC-R4PCC04U05:341786:341829 [1] NCCL INFO GPU Direct RDMA Enabled for GPU 3 / HCA 1 (distance 5 <= 5), read 0 mode Default
MOC-R4PCC04U05:341785:341826 [0] NCCL INFO GPU Direct RDMA Enabled for GPU 0 / HCA 1 (distance 5 <= 5), read 0 mode Default
MOC-R4PCC04U05:341785:341826 [0] NCCL INFO GPU Direct RDMA Enabled for GPU 1 / HCA 1 (distance 5 <= 5), read 0 mode Default
MOC-R4PCC04U05:341785:341826 [0] NCCL INFO GPU Direct RDMA Enabled for GPU 2 / HCA 1 (distance 5 <= 5), read 0 mode Default
MOC-R4PCC04U05:341785:341826 [0] NCCL INFO GPU Direct RDMA Enabled for GPU 3 / HCA 1 (distance 5 <= 5), read 0 mode Default
MOC-R4PCC04U05:341785:341826 [0] NCCL INFO GPU Direct RDMA Enabled for GPU 0 / HCA 1 (distance 5 <= 5), read 0 mode Default
MOC-R4PCC04U05:341785:341826 [0] NCCL INFO GPU Direct RDMA Enabled for GPU 1 / HCA 1 (distance 5 <= 5), read 0 mode Default
MOC-R4PCC04U05:341785:341826 [0] NCCL INFO GPU Direct RDMA Enabled for GPU 2 / HCA 1 (distance 5 <= 5), read 0 mode Default
MOC-R4PCC04U05:341785:341826 [0] NCCL INFO GPU Direct RDMA Enabled for GPU 3 / HCA 1 (distance 5 <= 5), read 0 mode Default
MOC-R4PCC04U05:341788:341828 [3] NCCL INFO GPU Direct RDMA Enabled for GPU 0 / HCA 1 (distance 5 <= 5), read 0 mode Default
MOC-R4PCC04U05:341788:341828 [3] NCCL INFO GPU Direct RDMA Enabled for GPU 1 / HCA 1 (distance 5 <= 5), read 0 mode Default
MOC-R4PCC04U05:341788:341828 [3] NCCL INFO GPU Direct RDMA Enabled for GPU 2 / HCA 1 (distance 5 <= 5), read 0 mode Default
MOC-R4PCC04U05:341788:341828 [3] NCCL INFO GPU Direct RDMA Enabled for GPU 3 / HCA 1 (distance 5 <= 5), read 0 mode Default
MOC-R4PCC04U05:341788:341828 [3] NCCL INFO GPU Direct RDMA Enabled for GPU 0 / HCA 1 (distance 5 <= 5), read 0 mode Default
MOC-R4PCC04U05:341788:341828 [3] NCCL INFO GPU Direct RDMA Enabled for GPU 1 / HCA 1 (distance 5 <= 5), read 0 mode Default
MOC-R4PCC04U05:341788:341828 [3] NCCL INFO GPU Direct RDMA Enabled for GPU 2 / HCA 1 (distance 5 <= 5), read 0 mode Default
MOC-R4PCC04U05:341788:341828 [3] NCCL INFO GPU Direct RDMA Enabled for GPU 3 / HCA 1 (distance 5 <= 5), read 0 mode Default
MOC-R4PCC04U05:341787:341827 [2] NCCL INFO GPU Direct RDMA Enabled for GPU 0 / HCA 1 (distance 5 <= 5), read 0 mode Default
MOC-R4PCC04U05:341787:341827 [2] NCCL INFO GPU Direct RDMA Enabled for GPU 1 / HCA 1 (distance 5 <= 5), read 0 mode Default
MOC-R4PCC04U05:341787:341827 [2] NCCL INFO GPU Direct RDMA Enabled for GPU 2 / HCA 1 (distance 5 <= 5), read 0 mode Default
MOC-R4PCC04U05:341787:341827 [2] NCCL INFO GPU Direct RDMA Enabled for GPU 3 / HCA 1 (distance 5 <= 5), read 0 mode Default
MOC-R4PCC04U05:341787:341827 [2] NCCL INFO GPU Direct RDMA Enabled for GPU 0 / HCA 1 (distance 5 <= 5), read 0 mode Default
MOC-R4PCC04U05:341787:341827 [2] NCCL INFO GPU Direct RDMA Enabled for GPU 1 / HCA 1 (distance 5 <= 5), read 0 mode Default
MOC-R4PCC04U05:341787:341827 [2] NCCL INFO GPU Direct RDMA Enabled for GPU 2 / HCA 1 (distance 5 <= 5), read 0 mode Default
MOC-R4PCC04U05:341787:341827 [2] NCCL INFO GPU Direct RDMA Enabled for GPU 3 / HCA 1 (distance 5 <= 5), read 0 mode Default
MOC-R4PCC04U05:341787:341850 [2] NCCL INFO GPU Direct RDMA Enabled for GPU 2 / HCA 1 (distance 5 <= 5), read 0 mode Default
MOC-R4PCC04U05:341788:341843 [3] NCCL INFO New proxy recv connection 0 from local rank 3, transport 0
MOC-R4PCC04U05:341788:341851 [3] NCCL INFO Connected to proxy localRank 3 -> connection 0x7fc440004f30
MOC-R4PCC04U05:341788:341843 [3] NCCL INFO New proxy recv connection 1 from local rank 3, transport 0
MOC-R4PCC04U05:341788:341851 [3] NCCL INFO Connected to proxy localRank 3 -> connection 0x7fc440004fa8
MOC-R4PCC04U05:341788:341843 [3] NCCL INFO New proxy recv connection 2 from local rank 3, transport 0
MOC-R4PCC04U05:341788:341851 [3] NCCL INFO Connected to proxy localRank 3 -> connection 0x7fc440005020
MOC-R4PCC04U05:341788:341843 [3] NCCL INFO New proxy recv connection 3 from local rank 3, transport 0
MOC-R4PCC04U05:341788:341851 [3] NCCL INFO Connected to proxy localRank 3 -> connection 0x7fc440005098
MOC-R4PCC04U05:341786:341845 [1] NCCL INFO New proxy recv connection 0 from local rank 1, transport 0
MOC-R4PCC04U05:341788:341851 [3] NCCL INFO GPU Direct RDMA Enabled for GPU 3 / HCA 1 (distance 5 <= 5), read 1 mode Default
MOC-R4PCC04U05:341786:341852 [1] NCCL INFO Connected to proxy localRank 1 -> connection 0x7fe240004f30
MOC-R4PCC04U05:341785:341842 [0] NCCL INFO New proxy send connection 0 from local rank 0, transport 0
MOC-R4PCC04U05:341785:341853 [0] NCCL INFO Connected to proxy localRank 0 -> connection 0x7f7140004f30
MOC-R4PCC04U05:341785:341842 [0] NCCL INFO New proxy send connection 1 from local rank 0, transport 0
MOC-R4PCC04U05:341785:341853 [0] NCCL INFO Connected to proxy localRank 0 -> connection 0x7f7140004fa8
MOC-R4PCC04U05:341785:341842 [0] NCCL INFO New proxy send connection 2 from local rank 0, transport 0
MOC-R4PCC04U05:341785:341853 [0] NCCL INFO Connected to proxy localRank 0 -> connection 0x7f7140005020
MOC-R4PCC04U05:341785:341842 [0] NCCL INFO New proxy send connection 3 from local rank 0, transport 0
MOC-R4PCC04U05:341785:341853 [0] NCCL INFO Connected to proxy localRank 0 -> connection 0x7f7140005098
MOC-R4PCC04U05:341786:341845 [1] NCCL INFO New proxy recv connection 1 from local rank 1, transport 0
MOC-R4PCC04U05:341786:341852 [1] NCCL INFO Connected to proxy localRank 1 -> connection 0x7fe240004fa8
MOC-R4PCC04U05:341786:341845 [1] NCCL INFO New proxy recv connection 2 from local rank 1, transport 0
MOC-R4PCC04U05:341786:341852 [1] NCCL INFO Connected to proxy localRank 1 -> connection 0x7fe240005020
MOC-R4PCC04U05:341786:341845 [1] NCCL INFO New proxy recv connection 3 from local rank 1, transport 0
MOC-R4PCC04U05:341786:341852 [1] NCCL INFO Connected to proxy localRank 1 -> connection 0x7fe240005098
MOC-R4PCC04U05:341786:341845 [1] NCCL INFO New proxy send connection 4 from local rank 1, transport 0
MOC-R4PCC04U05:341786:341852 [1] NCCL INFO Connected to proxy localRank 1 -> connection 0x7fe240005110
MOC-R4PCC04U05:341786:341845 [1] NCCL INFO New proxy send connection 5 from local rank 1, transport 0
MOC-R4PCC04U05:341786:341852 [1] NCCL INFO Connected to proxy localRank 1 -> connection 0x7fe240005188
MOC-R4PCC04U05:341786:341845 [1] NCCL INFO New proxy send connection 6 from local rank 1, transport 0
MOC-R4PCC04U05:341786:341852 [1] NCCL INFO Connected to proxy localRank 1 -> connection 0x7fe240005200
MOC-R4PCC04U05:341786:341845 [1] NCCL INFO New proxy send connection 7 from local rank 1, transport 0
MOC-R4PCC04U05:341786:341852 [1] NCCL INFO Connected to proxy localRank 1 -> connection 0x7fe240005278
MOC-R4PCC04U05:341787:341844 [2] NCCL INFO New proxy recv connection 0 from local rank 2, transport 2
MOC-R4PCC04U05:341787:341844 [2] NCCL INFO New proxy send connection 1 from local rank 3, transport 2
MOC-R4PCC04U05:341787:341850 [2] NCCL INFO Connected to proxy localRank 2 -> connection 0x7f3f84004f30
MOC-R4PCC04U05:341788:341851 [3] NCCL INFO Connected to proxy localRank 2 -> connection 0x7f3f84004fa8
MOC-R4PCC04U05:341787:341850 [2] NCCL INFO Channel 00/0 : 7[3] -> 2[2] [receive] via NET/IB/1/GDRDMA
MOC-R4PCC04U05:341787:341850 [2] NCCL INFO GPU Direct RDMA Enabled for GPU 2 / HCA 1 (distance 5 <= 5), read 0 mode Default
MOC-R4PCC04U05:341787:341844 [2] NCCL INFO New proxy recv connection 2 from local rank 2, transport 2
MOC-R4PCC04U05:341787:341850 [2] NCCL INFO Connected to proxy localRank 2 -> connection 0x7f3f84005020
MOC-R4PCC04U05:341788:341851 [3] NCCL INFO Channel 00/0 : 3[3] -> 6[2] [send] via NET/IB/1(2)/GDRDMA
MOC-R4PCC04U05:341788:341851 [3] NCCL INFO GPU Direct RDMA Enabled for GPU 3 / HCA 1 (distance 5 <= 5), read 1 mode Default
MOC-R4PCC04U05:341787:341850 [2] NCCL INFO Channel 01/0 : 7[3] -> 2[2] [receive] via NET/IB/1/GDRDMA
MOC-R4PCC04U05:341787:341850 [2] NCCL INFO GPU Direct RDMA Enabled for GPU 2 / HCA 1 (distance 5 <= 5), read 0 mode Default
MOC-R4PCC04U05:341787:341844 [2] NCCL INFO New proxy send connection 3 from local rank 3, transport 2
MOC-R4PCC04U05:341788:341851 [3] NCCL INFO Connected to proxy localRank 2 -> connection 0x7f3f84005098
MOC-R4PCC04U05:341787:341844 [2] NCCL INFO New proxy recv connection 4 from local rank 2, transport 2
MOC-R4PCC04U05:341787:341850 [2] NCCL INFO Connected to proxy localRank 2 -> connection 0x7f3f84005110
MOC-R4PCC04U05:341788:341851 [3] NCCL INFO Channel 01/0 : 3[3] -> 6[2] [send] via NET/IB/1(2)/GDRDMA
MOC-R4PCC04U05:341788:341851 [3] NCCL INFO GPU Direct RDMA Enabled for GPU 3 / HCA 1 (distance 5 <= 5), read 1 mode Default
MOC-R4PCC04U05:341787:341850 [2] NCCL INFO Channel 02/0 : 7[3] -> 2[2] [receive] via NET/IB/1/GDRDMA
MOC-R4PCC04U05:341787:341850 [2] NCCL INFO GPU Direct RDMA Enabled for GPU 2 / HCA 1 (distance 5 <= 5), read 0 mode Default
MOC-R4PCC04U05:341787:341844 [2] NCCL INFO New proxy send connection 5 from local rank 3, transport 2
MOC-R4PCC04U05:341788:341851 [3] NCCL INFO Connected to proxy localRank 2 -> connection 0x7f3f84005188
MOC-R4PCC04U05:341787:341844 [2] NCCL INFO New proxy recv connection 6 from local rank 2, transport 2
MOC-R4PCC04U05:341787:341850 [2] NCCL INFO Connected to proxy localRank 2 -> connection 0x7f3f84005200
MOC-R4PCC04U05:341788:341851 [3] NCCL INFO Channel 02/0 : 3[3] -> 6[2] [send] via NET/IB/1(2)/GDRDMA
MOC-R4PCC04U05:341788:341851 [3] NCCL INFO GPU Direct RDMA Enabled for GPU 3 / HCA 1 (distance 5 <= 5), read 1 mode Default
MOC-R4PCC04U05:341787:341850 [2] NCCL INFO Channel 03/0 : 7[3] -> 2[2] [receive] via NET/IB/1/GDRDMA
MOC-R4PCC04U05:341787:341844 [2] NCCL INFO New proxy send connection 7 from local rank 3, transport 2
MOC-R4PCC04U05:341788:341851 [3] NCCL INFO Connected to proxy localRank 2 -> connection 0x7f3f84005278
MOC-R4PCC04U05:341788:341851 [3] NCCL INFO Channel 03/0 : 3[3] -> 6[2] [send] via NET/IB/1(2)/GDRDMA
MOC-R4PCC04U05:341785:341842 [0] NCCL INFO New proxy recv connection 4 from local rank 0, transport 0
MOC-R4PCC04U05:341785:341853 [0] NCCL INFO Connected to proxy localRank 0 -> connection 0x7f7140005110
MOC-R4PCC04U05:341787:341844 [2] NCCL INFO New proxy send connection 8 from local rank 2, transport 0
MOC-R4PCC04U05:341787:341850 [2] NCCL INFO Connected to proxy localRank 2 -> connection 0x7f3f840052f0
MOC-R4PCC04U05:341785:341842 [0] NCCL INFO New proxy recv connection 5 from local rank 0, transport 0
MOC-R4PCC04U05:341785:341853 [0] NCCL INFO Connected to proxy localRank 0 -> connection 0x7f7140005188
MOC-R4PCC04U05:341785:341842 [0] NCCL INFO New proxy send connection 6 from local rank 3, transport 0
MOC-R4PCC04U05:341788:341851 [3] NCCL INFO Connected to proxy localRank 0 -> connection 0x7f7140005200
MOC-R4PCC04U05:341785:341842 [0] NCCL INFO New proxy recv connection 7 from local rank 0, transport 0
MOC-R4PCC04U05:341785:341853 [0] NCCL INFO Connected to proxy localRank 0 -> connection 0x7f7140005278
MOC-R4PCC04U05:341787:341844 [2] NCCL INFO New proxy send connection 9 from local rank 2, transport 0
MOC-R4PCC04U05:341787:341850 [2] NCCL INFO Connected to proxy localRank 2 -> connection 0x7f3f84005368
MOC-R4PCC04U05:341785:341842 [0] NCCL INFO New proxy recv connection 8 from local rank 0, transport 0
MOC-R4PCC04U05:341785:341853 [0] NCCL INFO Connected to proxy localRank 0 -> connection 0x7f71400052f0
MOC-R4PCC04U05:341787:341844 [2] NCCL INFO New proxy send connection 10 from local rank 2, transport 0
MOC-R4PCC04U05:341787:341850 [2] NCCL INFO Connected to proxy localRank 2 -> connection 0x7f3f840053e0
MOC-R4PCC04U05:341788:341843 [3] NCCL INFO New proxy send connection 4 from local rank 0, transport 0
MOC-R4PCC04U05:341785:341853 [0] NCCL INFO Connected to proxy localRank 3 -> connection 0x7fc440005110
MOC-R4PCC04U05:341787:341844 [2] NCCL INFO New proxy send connection 11 from local rank 2, transport 0
MOC-R4PCC04U05:341787:341850 [2] NCCL INFO Connected to proxy localRank 2 -> connection 0x7f3f84005458
MOC-R4PCC04U05:341785:341842 [0] NCCL INFO New proxy send connection 9 from local rank 1, transport 0
MOC-R4PCC04U05:341786:341852 [1] NCCL INFO Connected to proxy localRank 0 -> connection 0x7f7140005368
MOC-R4PCC04U05:341786:341845 [1] NCCL INFO New proxy send connection 8 from local rank 2, transport 0
MOC-R4PCC04U05:341787:341850 [2] NCCL INFO Connected to proxy localRank 1 -> connection 0x7fe2400052f0
MOC-R4PCC04U05:341787:341844 [2] NCCL INFO NET/IB: NCCL Dev 1 IbDev 0 Port 1 qpn 3658 mtu 3 query_ece={supported=1, vendor_id=0x15b3, options=0x30000002, comp_mask=0x0} GID 3 (0/C132A8C0FFFF0000) fifoRkey=0x17601f fifoLkey=0x17601f
MOC-R4PCC04U05:341787:341844 [2] NCCL INFO NET/IB: NCCL Dev 1 IbDev 0 Port 1 qpn 3659 mtu 3 query_ece={supported=1, vendor_id=0x15b3, options=0x30000002, comp_mask=0x0} GID 3 (0/C132A8C0FFFF0000) fifoRkey=0x1801c0 fifoLkey=0x1801c0
MOC-R4PCC04U05:341787:341844 [2] NCCL INFO New proxy send connection 12 from local rank 1, transport 0
MOC-R4PCC04U05:341786:341852 [1] NCCL INFO Connected to proxy localRank 2 -> connection 0x7f3f840054d0
MOC-R4PCC04U05:341787:341844 [2] NCCL INFO NET/IB: IbDev 0 Port 1 qpn 3899 set_ece={supported=1, vendor_id=0x15b3, options=0x0, comp_mask=0x0}
MOC-R4PCC04U05:341787:341844 [2] NCCL INFO NET/IB: IbDev 0 Port 1 qpn 3901 set_ece={supported=1, vendor_id=0x15b3, options=0x0, comp_mask=0x0}
MOC-R4PCC04U05:341786:341845 [1] NCCL INFO New proxy send connection 9 from local rank 0, transport 0
MOC-R4PCC04U05:341785:341853 [0] NCCL INFO Connected to proxy localRank 1 -> connection 0x7fe240005368
MOC-R4PCC04U05:341787:341844 [2] NCCL INFO NET/IB: NCCL Dev 1 IbDev 0 Port 1 qpn 3664 mtu 3 query_ece={supported=1, vendor_id=0x15b3, options=0x30000002, comp_mask=0x0} GID 3 (0/C132A8C0FFFF0000) fifoRkey=0x172eed fifoLkey=0x172eed
MOC-R4PCC04U05:341787:341844 [2] NCCL INFO NET/IB: NCCL Dev 1 IbDev 0 Port 1 qpn 3665 mtu 3 query_ece={supported=1, vendor_id=0x15b3, options=0x30000002, comp_mask=0x0} GID 3 (0/C132A8C0FFFF0000) fifoRkey=0x17cb8a fifoLkey=0x17cb8a
MOC-R4PCC04U05:341787:341844 [2] NCCL INFO New proxy send connection 13 from local rank 3, transport 0
MOC-R4PCC04U05:341788:341851 [3] NCCL INFO Connected to proxy localRank 2 -> connection 0x7f3f84005548
MOC-R4PCC04U05:341787:341844 [2] NCCL INFO NET/IB: IbDev 0 Port 1 qpn 3903 set_ece={supported=1, vendor_id=0x15b3, options=0x0, comp_mask=0x0}
MOC-R4PCC04U05:341787:341844 [2] NCCL INFO NET/IB: IbDev 0 Port 1 qpn 3905 set_ece={supported=1, vendor_id=0x15b3, options=0x0, comp_mask=0x0}
num decayed parameter tensors: 50, with 124,318,464 parameters
num non-decayed parameter tensors: 98, with 121,344 parameters
using fused AdamW: False
using regular AdamW
MOC-R4PCC04U05:341788:341843 [3] NCCL INFO New proxy recv connection 5 from local rank 3, transport 0
MOC-R4PCC04U05:341788:342543 [3] NCCL INFO Connected to proxy localRank 3 -> connection 0x7fc440005188
MOC-R4PCC04U05:341788:341843 [3] NCCL INFO New proxy recv connection 6 from local rank 3, transport 0
MOC-R4PCC04U05:341788:342543 [3] NCCL INFO Connected to proxy localRank 3 -> connection 0x7fc440005200
MOC-R4PCC04U05:341788:341843 [3] NCCL INFO New proxy recv connection 7 from local rank 3, transport 0
MOC-R4PCC04U05:341788:342543 [3] NCCL INFO Connected to proxy localRank 3 -> connection 0x7fc440005278
MOC-R4PCC04U05:341788:341843 [3] NCCL INFO New proxy recv connection 8 from local rank 3, transport 0
MOC-R4PCC04U05:341788:342543 [3] NCCL INFO Connected to proxy localRank 3 -> connection 0x7fc4400052f0
MOC-R4PCC04U05:341787:341844 [2] NCCL INFO New proxy send connection 14 from local rank 2, transport 0
MOC-R4PCC04U05:341787:342544 [2] NCCL INFO Connected to proxy localRank 2 -> connection 0x7f3f840055c0
MOC-R4PCC04U05:341787:341844 [2] NCCL INFO New proxy send connection 15 from local rank 2, transport 0
MOC-R4PCC04U05:341787:342544 [2] NCCL INFO Connected to proxy localRank 2 -> connection 0x7f3f84005638
MOC-R4PCC04U05:341787:341844 [2] NCCL INFO New proxy send connection 16 from local rank 2, transport 0
MOC-R4PCC04U05:341787:342544 [2] NCCL INFO Connected to proxy localRank 2 -> connection 0x7f3f840056b0
MOC-R4PCC04U05:341787:341844 [2] NCCL INFO New proxy send connection 17 from local rank 2, transport 0
MOC-R4PCC04U05:341787:342544 [2] NCCL INFO Connected to proxy localRank 2 -> connection 0x7f3f84005728
MOC-R4PCC04U05:341787:342544 [2] NCCL INFO GPU Direct RDMA Enabled for GPU 2 / HCA 1 (distance 5 <= 5), read 0 mode Default
MOC-R4PCC04U05:341788:341843 [3] NCCL INFO New proxy send connection 9 from local rank 3, transport 0
MOC-R4PCC04U05:341788:342543 [3] NCCL INFO Connected to proxy localRank 3 -> connection 0x7fc440005368
MOC-R4PCC04U05:341787:341844 [2] NCCL INFO New proxy recv connection 18 from local rank 2, transport 2
MOC-R4PCC04U05:341787:342544 [2] NCCL INFO Connected to proxy localRank 2 -> connection 0x7f3f840057a0
MOC-R4PCC04U05:341787:342544 [2] NCCL INFO Channel 00/0 : 6[2] -> 2[2] [receive] via NET/IB/1/GDRDMA
MOC-R4PCC04U05:341787:342544 [2] NCCL INFO GPU Direct RDMA Enabled for GPU 2 / HCA 1 (distance 5 <= 5), read 0 mode Default
MOC-R4PCC04U05:341787:341844 [2] NCCL INFO New proxy recv connection 19 from local rank 2, transport 2
MOC-R4PCC04U05:341787:342544 [2] NCCL INFO Connected to proxy localRank 2 -> connection 0x7f3f84005818
MOC-R4PCC04U05:341788:341843 [3] NCCL INFO New proxy send connection 10 from local rank 3, transport 0
MOC-R4PCC04U05:341788:342543 [3] NCCL INFO Connected to proxy localRank 3 -> connection 0x7fc4400053e0
MOC-R4PCC04U05:341787:342544 [2] NCCL INFO Channel 01/0 : 6[2] -> 2[2] [receive] via NET/IB/1/GDRDMA
MOC-R4PCC04U05:341787:342544 [2] NCCL INFO GPU Direct RDMA Enabled for GPU 2 / HCA 1 (distance 5 <= 5), read 0 mode Default
MOC-R4PCC04U05:341787:341844 [2] NCCL INFO New proxy recv connection 20 from local rank 2, transport 2
MOC-R4PCC04U05:341787:342544 [2] NCCL INFO Connected to proxy localRank 2 -> connection 0x7f3f84005890
MOC-R4PCC04U05:341787:342544 [2] NCCL INFO Channel 02/0 : 6[2] -> 2[2] [receive] via NET/IB/1/GDRDMA
MOC-R4PCC04U05:341787:342544 [2] NCCL INFO GPU Direct RDMA Enabled for GPU 2 / HCA 1 (distance 5 <= 5), read 0 mode Default
MOC-R4PCC04U05:341788:341843 [3] NCCL INFO New proxy send connection 11 from local rank 3, transport 0
MOC-R4PCC04U05:341787:341844 [2] NCCL INFO New proxy recv connection 21 from local rank 2, transport 2
MOC-R4PCC04U05:341788:342543 [3] NCCL INFO Connected to proxy localRank 3 -> connection 0x7fc440005458
MOC-R4PCC04U05:341787:342544 [2] NCCL INFO Connected to proxy localRank 2 -> connection 0x7f3f84005908
MOC-R4PCC04U05:341787:342544 [2] NCCL INFO Channel 03/0 : 6[2] -> 2[2] [receive] via NET/IB/1/GDRDMA
MOC-R4PCC04U05:341787:342544 [2] NCCL INFO GPU Direct RDMA Enabled for GPU 2 / HCA 1 (distance 5 <= 5), read 1 mode Default
MOC-R4PCC04U05:341787:341844 [2] NCCL INFO New proxy send connection 22 from local rank 2, transport 2
MOC-R4PCC04U05:341787:342544 [2] NCCL INFO Connected to proxy localRank 2 -> connection 0x7f3f84005980
MOC-R4PCC04U05:341787:342544 [2] NCCL INFO Channel 00/0 : 2[2] -> 6[2] [send] via NET/IB/1/GDRDMA
MOC-R4PCC04U05:341787:342544 [2] NCCL INFO GPU Direct RDMA Enabled for GPU 2 / HCA 1 (distance 5 <= 5), read 1 mode Default
MOC-R4PCC04U05:341788:341843 [3] NCCL INFO New proxy send connection 12 from local rank 3, transport 0
MOC-R4PCC04U05:341788:342543 [3] NCCL INFO Connected to proxy localRank 3 -> connection 0x7fc4400054d0
MOC-R4PCC04U05:341787:341844 [2] NCCL INFO New proxy send connection 23 from local rank 2, transport 2
MOC-R4PCC04U05:341787:342544 [2] NCCL INFO Connected to proxy localRank 2 -> connection 0x7f3f840059f8
MOC-R4PCC04U05:341787:342544 [2] NCCL INFO Channel 01/0 : 2[2] -> 6[2] [send] via NET/IB/1/GDRDMA
MOC-R4PCC04U05:341787:342544 [2] NCCL INFO GPU Direct RDMA Enabled for GPU 2 / HCA 1 (distance 5 <= 5), read 1 mode Default
MOC-R4PCC04U05:341787:341844 [2] NCCL INFO New proxy send connection 24 from local rank 2, transport 2
MOC-R4PCC04U05:341787:342544 [2] NCCL INFO Connected to proxy localRank 2 -> connection 0x7f3f84005a70
MOC-R4PCC04U05:341787:342544 [2] NCCL INFO Channel 02/0 : 2[2] -> 6[2] [send] via NET/IB/1/GDRDMA
MOC-R4PCC04U05:341787:342544 [2] NCCL INFO GPU Direct RDMA Enabled for GPU 2 / HCA 1 (distance 5 <= 5), read 1 mode Default
MOC-R4PCC04U05:341787:341844 [2] NCCL INFO New proxy send connection 25 from local rank 2, transport 2
MOC-R4PCC04U05:341787:342544 [2] NCCL INFO Connected to proxy localRank 2 -> connection 0x7f3f84005ae8
MOC-R4PCC04U05:341787:342544 [2] NCCL INFO Channel 03/0 : 2[2] -> 6[2] [send] via NET/IB/1/GDRDMA
MOC-R4PCC04U05:341787:341844 [2] NCCL INFO New proxy recv connection 26 from local rank 2, transport 0
MOC-R4PCC04U05:341787:342544 [2] NCCL INFO Connected to proxy localRank 2 -> connection 0x7f3f84005b60
MOC-R4PCC04U05:341787:341844 [2] NCCL INFO New proxy recv connection 27 from local rank 2, transport 0
MOC-R4PCC04U05:341787:342544 [2] NCCL INFO Connected to proxy localRank 2 -> connection 0x7f3f84005bd8
MOC-R4PCC04U05:341787:341844 [2] NCCL INFO New proxy recv connection 28 from local rank 2, transport 0
MOC-R4PCC04U05:341787:342544 [2] NCCL INFO Connected to proxy localRank 2 -> connection 0x7f3f84005c50
MOC-R4PCC04U05:341787:341844 [2] NCCL INFO New proxy recv connection 29 from local rank 2, transport 0
MOC-R4PCC04U05:341787:342544 [2] NCCL INFO Connected to proxy localRank 2 -> connection 0x7f3f84005cc8
MOC-R4PCC04U05:341785:341842 [0] NCCL INFO New proxy send connection 10 from local rank 0, transport 0
MOC-R4PCC04U05:341785:342545 [0] NCCL INFO Connected to proxy localRank 0 -> connection 0x7f71400053e0
MOC-R4PCC04U05:341785:341842 [0] NCCL INFO New proxy send connection 11 from local rank 0, transport 0
MOC-R4PCC04U05:341785:342545 [0] NCCL INFO Connected to proxy localRank 0 -> connection 0x7f7140005458
MOC-R4PCC04U05:341785:341842 [0] NCCL INFO New proxy send connection 12 from local rank 0, transport 0
MOC-R4PCC04U05:341785:342545 [0] NCCL INFO Connected to proxy localRank 0 -> connection 0x7f71400054d0
MOC-R4PCC04U05:341785:341842 [0] NCCL INFO New proxy send connection 13 from local rank 0, transport 0
MOC-R4PCC04U05:341785:342545 [0] NCCL INFO Connected to proxy localRank 0 -> connection 0x7f7140005548
MOC-R4PCC04U05:341786:341845 [1] NCCL INFO New proxy recv connection 10 from local rank 1, transport 0
MOC-R4PCC04U05:341786:342546 [1] NCCL INFO Connected to proxy localRank 1 -> connection 0x7fe2400053e0
MOC-R4PCC04U05:341786:341845 [1] NCCL INFO New proxy recv connection 11 from local rank 1, transport 0
MOC-R4PCC04U05:341786:342546 [1] NCCL INFO Connected to proxy localRank 1 -> connection 0x7fe240005458
MOC-R4PCC04U05:341786:341845 [1] NCCL INFO New proxy recv connection 12 from local rank 1, transport 0
MOC-R4PCC04U05:341786:342546 [1] NCCL INFO Connected to proxy localRank 1 -> connection 0x7fe2400054d0
MOC-R4PCC04U05:341786:341845 [1] NCCL INFO New proxy recv connection 13 from local rank 1, transport 0
MOC-R4PCC04U05:341786:342546 [1] NCCL INFO Connected to proxy localRank 1 -> connection 0x7fe240005548
MOC-R4PCC04U05:341785:341842 [0] NCCL INFO New proxy recv connection 14 from local rank 0, transport 0
MOC-R4PCC04U05:341785:342545 [0] NCCL INFO Connected to proxy localRank 0 -> connection 0x7f71400055c0
MOC-R4PCC04U05:341785:341842 [0] NCCL INFO New proxy recv connection 15 from local rank 0, transport 0
MOC-R4PCC04U05:341785:342545 [0] NCCL INFO Connected to proxy localRank 0 -> connection 0x7f7140005638
MOC-R4PCC04U05:341785:341842 [0] NCCL INFO New proxy recv connection 16 from local rank 0, transport 0
MOC-R4PCC04U05:341785:342545 [0] NCCL INFO Connected to proxy localRank 0 -> connection 0x7f71400056b0
MOC-R4PCC04U05:341785:341842 [0] NCCL INFO New proxy recv connection 17 from local rank 0, transport 0
MOC-R4PCC04U05:341785:342545 [0] NCCL INFO Connected to proxy localRank 0 -> connection 0x7f7140005728
MOC-R4PCC04U05:341788:341843 [3] NCCL INFO New proxy send connection 13 from local rank 3, transport 0
MOC-R4PCC04U05:341788:342543 [3] NCCL INFO Connected to proxy localRank 3 -> connection 0x7fc440005548
MOC-R4PCC04U05:341788:341843 [3] NCCL INFO New proxy send connection 14 from local rank 3, transport 0
MOC-R4PCC04U05:341788:342543 [3] NCCL INFO Connected to proxy localRank 3 -> connection 0x7fc4400055c0
MOC-R4PCC04U05:341788:341843 [3] NCCL INFO New proxy send connection 15 from local rank 3, transport 0
MOC-R4PCC04U05:341788:342543 [3] NCCL INFO Connected to proxy localRank 3 -> connection 0x7fc440005638
MOC-R4PCC04U05:341788:341843 [3] NCCL INFO New proxy send connection 16 from local rank 3, transport 0
MOC-R4PCC04U05:341788:342543 [3] NCCL INFO Connected to proxy localRank 3 -> connection 0x7fc4400056b0
MOC-R4PCC04U05:341788:341843 [3] NCCL INFO New proxy send connection 17 from local rank 2, transport 0
MOC-R4PCC04U05:341787:342544 [2] NCCL INFO Connected to proxy localRank 3 -> connection 0x7fc440005728
MOC-R4PCC04U05:341787:341844 [2] NCCL INFO NET/IB: NCCL Dev 1 IbDev 0 Port 1 qpn 3668 mtu 3 query_ece={supported=1, vendor_id=0x15b3, options=0x30000002, comp_mask=0x0} GID 3 (0/C132A8C0FFFF0000) fifoRkey=0x17904f fifoLkey=0x17904f
MOC-R4PCC04U05:341787:341844 [2] NCCL INFO NET/IB: NCCL Dev 1 IbDev 0 Port 1 qpn 3671 mtu 3 query_ece={supported=1, vendor_id=0x15b3, options=0x30000002, comp_mask=0x0} GID 3 (0/C132A8C0FFFF0000) fifoRkey=0x175412 fifoLkey=0x175412
MOC-R4PCC04U05:341787:341844 [2] NCCL INFO NET/IB: IbDev 0 Port 1 qpn 3909 set_ece={supported=1, vendor_id=0x15b3, options=0x0, comp_mask=0x0}
MOC-R4PCC04U05:341787:341844 [2] NCCL INFO NET/IB: IbDev 0 Port 1 qpn 3911 set_ece={supported=1, vendor_id=0x15b3, options=0x0, comp_mask=0x0}
MOC-R4PCC04U05:341787:341844 [2] NCCL INFO NET/IB: NCCL Dev 1 IbDev 0 Port 1 qpn 3674 mtu 3 query_ece={supported=1, vendor_id=0x15b3, options=0x30000002, comp_mask=0x0} GID 3 (0/C132A8C0FFFF0000) fifoRkey=0x170bca fifoLkey=0x170bca
MOC-R4PCC04U05:341787:341844 [2] NCCL INFO NET/IB: IbDev 0 Port 1 qpn 3914 set_ece={supported=1, vendor_id=0x15b3, options=0x0, comp_mask=0x0}
MOC-R4PCC04U05:341787:341844 [2] NCCL INFO NET/IB: NCCL Dev 1 IbDev 0 Port 1 qpn 3679 mtu 3 query_ece={supported=1, vendor_id=0x15b3, options=0x30000002, comp_mask=0x0} GID 3 (0/C132A8C0FFFF0000) fifoRkey=0x17e7a6 fifoLkey=0x17e7a6
MOC-R4PCC04U05:341787:341844 [2] NCCL INFO NET/IB: IbDev 0 Port 1 qpn 3918 set_ece={supported=1, vendor_id=0x15b3, options=0x0, comp_mask=0x0}
step    1/10 | train loss 11.010094 | norm 15.4736 | lr 1.00e-04 | (14020.92 ms | 74787 tok/s)
step    2/10 | train loss 10.132356 | norm 5.7712 | lr 1.00e-04 | (339.67 ms | 3087070 tok/s)
step    3/10 | train loss 9.790415 | norm 2.6207 | lr 1.00e-04 | (336.79 ms | 3113441 tok/s)
step    4/10 | train loss 9.620090 | norm 2.1209 | lr 1.00e-04 | (337.33 ms | 3108479 tok/s)
step    5/10 | train loss 9.536890 | norm 2.1163 | lr 1.00e-04 | (336.74 ms | 3113902 tok/s)
step    6/10 | train loss 9.455267 | norm 2.0053 | lr 1.00e-04 | (336.69 ms | 3114376 tok/s)
step    7/10 | train loss 9.369596 | norm 1.9545 | lr 1.00e-04 | (335.62 ms | 3124296 tok/s)
step    8/10 | train loss 9.277896 | norm 1.9223 | lr 1.00e-04 | (336.74 ms | 3113941 tok/s)
step    9/10 | train loss 9.182257 | norm 1.8716 | lr 1.00e-04 | (337.15 ms | 3110094 tok/s)
step   10/10 | train loss 9.094438 | norm 1.7971 | lr 1.00e-04 | (335.88 ms | 3121896 tok/s)
final 9 iters avg: 336.956ms
peak memory consumption: 16601 MiB
