Running pytorch 2.7.0+cu126
using device: cuda:0
total desired batch size: 5242880
=> calculated gradient accumulation steps: 10
using device: cuda:2
using device: cuda:3
using device: cuda:1
compiling the model...
DataLoader: total number of tokens: 1,661,249,667 across 103 files
MOC-R4PCC04U05:678405:678405 [0] NCCL INFO NCCL_SOCKET_IFNAME set to eno7np0
MOC-R4PCC04U05:678405:678405 [0] NCCL INFO NCCL version 2.26.2+cuda12.2
MOC-R4PCC04U05:678405:678509 [0] NCCL INFO NET/Plugin: Could not find: libnccl-net.so. Using internal net plugin.
MOC-R4PCC04U05:678405:678509 [0] NCCL INFO NCCL_IB_HCA set to mlx5_5
MOC-R4PCC04U05:678405:678509 [0] NCCL INFO NET/IB : Made virtual device [0] name=mlx5_5 speed=400000 ndevs=1
MOC-R4PCC04U05:678405:678509 [0] NCCL INFO NET/IB : Using [0]mlx5_5:1/RoCE [RO]; OOB eno7np0:192.168.50.193<0>
MOC-R4PCC04U05:678408:678408 [3] NCCL INFO NCCL_SOCKET_IFNAME set to eno7np0
MOC-R4PCC04U05:678408:678408 [3] NCCL INFO NCCL version 2.26.2+cuda12.2
MOC-R4PCC04U05:678407:678407 [2] NCCL INFO NCCL_SOCKET_IFNAME set to eno7np0
MOC-R4PCC04U05:678407:678407 [2] NCCL INFO NCCL version 2.26.2+cuda12.2
MOC-R4PCC04U05:678406:678406 [1] NCCL INFO NCCL_SOCKET_IFNAME set to eno7np0
MOC-R4PCC04U05:678406:678406 [1] NCCL INFO NCCL version 2.26.2+cuda12.2
MOC-R4PCC04U05:678408:678532 [3] NCCL INFO NET/Plugin: Could not find: libnccl-net.so. Using internal net plugin.
MOC-R4PCC04U05:678408:678532 [3] NCCL INFO NCCL_IB_HCA set to mlx5_5
MOC-R4PCC04U05:678406:678534 [1] NCCL INFO NET/Plugin: Could not find: libnccl-net.so. Using internal net plugin.
MOC-R4PCC04U05:678407:678533 [2] NCCL INFO NET/Plugin: Could not find: libnccl-net.so. Using internal net plugin.
MOC-R4PCC04U05:678406:678534 [1] NCCL INFO NCCL_IB_HCA set to mlx5_5
MOC-R4PCC04U05:678407:678533 [2] NCCL INFO NCCL_IB_HCA set to mlx5_5
MOC-R4PCC04U05:678408:678532 [3] NCCL INFO NET/IB : Made virtual device [0] name=mlx5_5 speed=400000 ndevs=1
MOC-R4PCC04U05:678408:678532 [3] NCCL INFO NET/IB : Using [0]mlx5_5:1/RoCE [RO]; OOB eno7np0:192.168.50.193<0>
MOC-R4PCC04U05:678406:678534 [1] NCCL INFO NET/IB : Made virtual device [0] name=mlx5_5 speed=400000 ndevs=1
MOC-R4PCC04U05:678407:678533 [2] NCCL INFO NET/IB : Made virtual device [0] name=mlx5_5 speed=400000 ndevs=1
MOC-R4PCC04U05:678406:678534 [1] NCCL INFO NET/IB : Using [0]mlx5_5:1/RoCE [RO]; OOB eno7np0:192.168.50.193<0>
MOC-R4PCC04U05:678407:678533 [2] NCCL INFO NET/IB : Using [0]mlx5_5:1/RoCE [RO]; OOB eno7np0:192.168.50.193<0>
MOC-R4PCC04U05:678408:678532 [3] NCCL INFO NET/IB : GPU Direct RDMA Enabled for HCA 0 'mlx5_5'
MOC-R4PCC04U05:678408:678532 [3] NCCL INFO NET/IB : Made virtual device [1] name=mlx5_5 speed=400000 ndevs=1
MOC-R4PCC04U05:678408:678532 [3] NCCL INFO NET/IB : GPU Direct RDMA Enabled for HCA 0 'mlx5_5'
MOC-R4PCC04U05:678408:678532 [3] NCCL INFO NET/IB : GPU Direct RDMA Enabled for HCA 1 'mlx5_5'
MOC-R4PCC04U05:678407:678533 [2] NCCL INFO NET/IB : GPU Direct RDMA Enabled for HCA 0 'mlx5_5'
MOC-R4PCC04U05:678407:678533 [2] NCCL INFO NET/IB : Made virtual device [1] name=mlx5_5 speed=400000 ndevs=1
MOC-R4PCC04U05:678407:678533 [2] NCCL INFO NET/IB : GPU Direct RDMA Enabled for HCA 0 'mlx5_5'
MOC-R4PCC04U05:678407:678533 [2] NCCL INFO NET/IB : GPU Direct RDMA Enabled for HCA 1 'mlx5_5'
MOC-R4PCC04U05:678406:678534 [1] NCCL INFO NET/IB : GPU Direct RDMA Enabled for HCA 0 'mlx5_5'
MOC-R4PCC04U05:678406:678534 [1] NCCL INFO NET/IB : Made virtual device [1] name=mlx5_5 speed=400000 ndevs=1
MOC-R4PCC04U05:678406:678534 [1] NCCL INFO NET/IB : GPU Direct RDMA Enabled for HCA 0 'mlx5_5'
MOC-R4PCC04U05:678406:678534 [1] NCCL INFO NET/IB : GPU Direct RDMA Enabled for HCA 1 'mlx5_5'
MOC-R4PCC04U05:678405:678509 [0] NCCL INFO NET/IB : GPU Direct RDMA Enabled for HCA 0 'mlx5_5'
MOC-R4PCC04U05:678405:678509 [0] NCCL INFO NET/IB : Made virtual device [1] name=mlx5_5 speed=400000 ndevs=1
MOC-R4PCC04U05:678405:678509 [0] NCCL INFO NET/IB : GPU Direct RDMA Enabled for HCA 0 'mlx5_5'
MOC-R4PCC04U05:678405:678509 [0] NCCL INFO NET/IB : GPU Direct RDMA Enabled for HCA 1 'mlx5_5'
MOC-R4PCC04U05:678405:678509 [0] NCCL INFO GPU Direct RDMA Enabled for GPU 0 / HCA 1 (distance 5 <= 5), read 0 mode Default
MOC-R4PCC04U05:678405:678509 [0] NCCL INFO GPU Direct RDMA Enabled for GPU 1 / HCA 1 (distance 5 <= 5), read 0 mode Default
MOC-R4PCC04U05:678405:678509 [0] NCCL INFO GPU Direct RDMA Enabled for GPU 2 / HCA 1 (distance 5 <= 5), read 0 mode Default
MOC-R4PCC04U05:678405:678509 [0] NCCL INFO GPU Direct RDMA Enabled for GPU 3 / HCA 1 (distance 5 <= 5), read 0 mode Default
MOC-R4PCC04U05:678405:678509 [0] NCCL INFO GPU Direct RDMA Enabled for GPU 0 / HCA 1 (distance 5 <= 5), read 0 mode Default
MOC-R4PCC04U05:678405:678509 [0] NCCL INFO GPU Direct RDMA Enabled for GPU 1 / HCA 1 (distance 5 <= 5), read 0 mode Default
MOC-R4PCC04U05:678405:678509 [0] NCCL INFO GPU Direct RDMA Enabled for GPU 2 / HCA 1 (distance 5 <= 5), read 0 mode Default
MOC-R4PCC04U05:678405:678509 [0] NCCL INFO GPU Direct RDMA Enabled for GPU 3 / HCA 1 (distance 5 <= 5), read 0 mode Default
MOC-R4PCC04U05:678407:678533 [2] NCCL INFO GPU Direct RDMA Enabled for GPU 0 / HCA 1 (distance 5 <= 5), read 0 mode Default
MOC-R4PCC04U05:678407:678533 [2] NCCL INFO GPU Direct RDMA Enabled for GPU 1 / HCA 1 (distance 5 <= 5), read 0 mode Default
MOC-R4PCC04U05:678407:678533 [2] NCCL INFO GPU Direct RDMA Enabled for GPU 2 / HCA 1 (distance 5 <= 5), read 0 mode Default
MOC-R4PCC04U05:678407:678533 [2] NCCL INFO GPU Direct RDMA Enabled for GPU 3 / HCA 1 (distance 5 <= 5), read 0 mode Default
MOC-R4PCC04U05:678407:678533 [2] NCCL INFO GPU Direct RDMA Enabled for GPU 0 / HCA 1 (distance 5 <= 5), read 0 mode Default
MOC-R4PCC04U05:678407:678533 [2] NCCL INFO GPU Direct RDMA Enabled for GPU 1 / HCA 1 (distance 5 <= 5), read 0 mode Default
MOC-R4PCC04U05:678407:678533 [2] NCCL INFO GPU Direct RDMA Enabled for GPU 2 / HCA 1 (distance 5 <= 5), read 0 mode Default
MOC-R4PCC04U05:678407:678533 [2] NCCL INFO GPU Direct RDMA Enabled for GPU 3 / HCA 1 (distance 5 <= 5), read 0 mode Default
MOC-R4PCC04U05:678406:678534 [1] NCCL INFO GPU Direct RDMA Enabled for GPU 0 / HCA 1 (distance 5 <= 5), read 0 mode Default
MOC-R4PCC04U05:678406:678534 [1] NCCL INFO GPU Direct RDMA Enabled for GPU 1 / HCA 1 (distance 5 <= 5), read 0 mode Default
MOC-R4PCC04U05:678406:678534 [1] NCCL INFO GPU Direct RDMA Enabled for GPU 2 / HCA 1 (distance 5 <= 5), read 0 mode Default
MOC-R4PCC04U05:678406:678534 [1] NCCL INFO GPU Direct RDMA Enabled for GPU 3 / HCA 1 (distance 5 <= 5), read 0 mode Default
MOC-R4PCC04U05:678406:678534 [1] NCCL INFO GPU Direct RDMA Enabled for GPU 0 / HCA 1 (distance 5 <= 5), read 0 mode Default
MOC-R4PCC04U05:678406:678534 [1] NCCL INFO GPU Direct RDMA Enabled for GPU 1 / HCA 1 (distance 5 <= 5), read 0 mode Default
MOC-R4PCC04U05:678406:678534 [1] NCCL INFO GPU Direct RDMA Enabled for GPU 2 / HCA 1 (distance 5 <= 5), read 0 mode Default
MOC-R4PCC04U05:678406:678534 [1] NCCL INFO GPU Direct RDMA Enabled for GPU 3 / HCA 1 (distance 5 <= 5), read 0 mode Default
MOC-R4PCC04U05:678408:678532 [3] NCCL INFO GPU Direct RDMA Enabled for GPU 0 / HCA 1 (distance 5 <= 5), read 0 mode Default
MOC-R4PCC04U05:678408:678532 [3] NCCL INFO GPU Direct RDMA Enabled for GPU 1 / HCA 1 (distance 5 <= 5), read 0 mode Default
MOC-R4PCC04U05:678408:678532 [3] NCCL INFO GPU Direct RDMA Enabled for GPU 2 / HCA 1 (distance 5 <= 5), read 0 mode Default
MOC-R4PCC04U05:678408:678532 [3] NCCL INFO GPU Direct RDMA Enabled for GPU 3 / HCA 1 (distance 5 <= 5), read 0 mode Default
MOC-R4PCC04U05:678408:678532 [3] NCCL INFO GPU Direct RDMA Enabled for GPU 0 / HCA 1 (distance 5 <= 5), read 0 mode Default
MOC-R4PCC04U05:678408:678532 [3] NCCL INFO GPU Direct RDMA Enabled for GPU 1 / HCA 1 (distance 5 <= 5), read 0 mode Default
MOC-R4PCC04U05:678408:678532 [3] NCCL INFO GPU Direct RDMA Enabled for GPU 2 / HCA 1 (distance 5 <= 5), read 0 mode Default
MOC-R4PCC04U05:678408:678532 [3] NCCL INFO GPU Direct RDMA Enabled for GPU 3 / HCA 1 (distance 5 <= 5), read 0 mode Default
MOC-R4PCC04U05:678408:678546 [3] NCCL INFO New proxy recv connection 0 from local rank 3, transport 0
MOC-R4PCC04U05:678408:678554 [3] NCCL INFO Connected to proxy localRank 3 -> connection 0x7f9c18004f30
MOC-R4PCC04U05:678408:678546 [3] NCCL INFO New proxy recv connection 1 from local rank 3, transport 0
MOC-R4PCC04U05:678408:678554 [3] NCCL INFO Connected to proxy localRank 3 -> connection 0x7f9c18004fa8
MOC-R4PCC04U05:678408:678546 [3] NCCL INFO New proxy recv connection 2 from local rank 3, transport 0
MOC-R4PCC04U05:678408:678554 [3] NCCL INFO Connected to proxy localRank 3 -> connection 0x7f9c18005020
MOC-R4PCC04U05:678406:678547 [1] NCCL INFO New proxy recv connection 0 from local rank 1, transport 0
MOC-R4PCC04U05:678406:678555 [1] NCCL INFO Connected to proxy localRank 1 -> connection 0x7f81b8004f30
MOC-R4PCC04U05:678406:678547 [1] NCCL INFO New proxy recv connection 1 from local rank 1, transport 0
MOC-R4PCC04U05:678406:678555 [1] NCCL INFO Connected to proxy localRank 1 -> connection 0x7f81b8004fa8
MOC-R4PCC04U05:678408:678546 [3] NCCL INFO New proxy recv connection 3 from local rank 3, transport 0
MOC-R4PCC04U05:678408:678554 [3] NCCL INFO Connected to proxy localRank 3 -> connection 0x7f9c18005098
MOC-R4PCC04U05:678408:678554 [3] NCCL INFO GPU Direct RDMA Enabled for GPU 3 / HCA 1 (distance 5 <= 5), read 1 mode Default
MOC-R4PCC04U05:678406:678547 [1] NCCL INFO New proxy recv connection 2 from local rank 1, transport 0
MOC-R4PCC04U05:678406:678555 [1] NCCL INFO Connected to proxy localRank 1 -> connection 0x7f81b8005020
MOC-R4PCC04U05:678407:678557 [2] NCCL INFO GPU Direct RDMA Enabled for GPU 2 / HCA 1 (distance 5 <= 5), read 0 mode Default
MOC-R4PCC04U05:678406:678547 [1] NCCL INFO New proxy recv connection 3 from local rank 1, transport 0
MOC-R4PCC04U05:678406:678555 [1] NCCL INFO Connected to proxy localRank 1 -> connection 0x7f81b8005098
MOC-R4PCC04U05:678405:678550 [0] NCCL INFO New proxy send connection 0 from local rank 0, transport 0
MOC-R4PCC04U05:678405:678556 [0] NCCL INFO Connected to proxy localRank 0 -> connection 0x7f1ae0004f30
MOC-R4PCC04U05:678406:678547 [1] NCCL INFO New proxy send connection 4 from local rank 1, transport 0
MOC-R4PCC04U05:678406:678555 [1] NCCL INFO Connected to proxy localRank 1 -> connection 0x7f81b8005110
MOC-R4PCC04U05:678405:678550 [0] NCCL INFO New proxy send connection 1 from local rank 0, transport 0
MOC-R4PCC04U05:678405:678556 [0] NCCL INFO Connected to proxy localRank 0 -> connection 0x7f1ae0004fa8
MOC-R4PCC04U05:678406:678547 [1] NCCL INFO New proxy send connection 5 from local rank 1, transport 0
MOC-R4PCC04U05:678406:678555 [1] NCCL INFO Connected to proxy localRank 1 -> connection 0x7f81b8005188
MOC-R4PCC04U05:678405:678550 [0] NCCL INFO New proxy send connection 2 from local rank 0, transport 0
MOC-R4PCC04U05:678405:678556 [0] NCCL INFO Connected to proxy localRank 0 -> connection 0x7f1ae0005020
MOC-R4PCC04U05:678406:678547 [1] NCCL INFO New proxy send connection 6 from local rank 1, transport 0
MOC-R4PCC04U05:678406:678555 [1] NCCL INFO Connected to proxy localRank 1 -> connection 0x7f81b8005200
MOC-R4PCC04U05:678405:678550 [0] NCCL INFO New proxy send connection 3 from local rank 0, transport 0
MOC-R4PCC04U05:678405:678556 [0] NCCL INFO Connected to proxy localRank 0 -> connection 0x7f1ae0005098
MOC-R4PCC04U05:678406:678547 [1] NCCL INFO New proxy send connection 7 from local rank 1, transport 0
MOC-R4PCC04U05:678406:678555 [1] NCCL INFO Connected to proxy localRank 1 -> connection 0x7f81b8005278
MOC-R4PCC04U05:678407:678552 [2] NCCL INFO New proxy send connection 0 from local rank 3, transport 2
MOC-R4PCC04U05:678407:678552 [2] NCCL INFO New proxy recv connection 1 from local rank 2, transport 2
MOC-R4PCC04U05:678408:678554 [3] NCCL INFO Connected to proxy localRank 2 -> connection 0x7f95e0004f30
MOC-R4PCC04U05:678408:678554 [3] NCCL INFO Channel 00/0 : 3[3] -> 6[2] [send] via NET/IB/1(2)/GDRDMA
MOC-R4PCC04U05:678408:678554 [3] NCCL INFO GPU Direct RDMA Enabled for GPU 3 / HCA 1 (distance 5 <= 5), read 1 mode Default
MOC-R4PCC04U05:678407:678552 [2] NCCL INFO New proxy send connection 2 from local rank 3, transport 2
MOC-R4PCC04U05:678407:678557 [2] NCCL INFO Connected to proxy localRank 2 -> connection 0x7f95e0004fa8
MOC-R4PCC04U05:678408:678554 [3] NCCL INFO Connected to proxy localRank 2 -> connection 0x7f95e0005020
MOC-R4PCC04U05:678408:678554 [3] NCCL INFO Channel 01/0 : 3[3] -> 6[2] [send] via NET/IB/1(2)/GDRDMA
MOC-R4PCC04U05:678408:678554 [3] NCCL INFO GPU Direct RDMA Enabled for GPU 3 / HCA 1 (distance 5 <= 5), read 1 mode Default
MOC-R4PCC04U05:678407:678557 [2] NCCL INFO Channel 00/0 : 15[3] -> 2[2] [receive] via NET/IB/1/GDRDMA
MOC-R4PCC04U05:678407:678552 [2] NCCL INFO New proxy send connection 3 from local rank 3, transport 2
MOC-R4PCC04U05:678407:678557 [2] NCCL INFO GPU Direct RDMA Enabled for GPU 2 / HCA 1 (distance 5 <= 5), read 0 mode Default
MOC-R4PCC04U05:678408:678554 [3] NCCL INFO Connected to proxy localRank 2 -> connection 0x7f95e0005098
MOC-R4PCC04U05:678407:678552 [2] NCCL INFO New proxy recv connection 4 from local rank 2, transport 2
MOC-R4PCC04U05:678407:678557 [2] NCCL INFO Connected to proxy localRank 2 -> connection 0x7f95e0005110
MOC-R4PCC04U05:678408:678554 [3] NCCL INFO Channel 02/0 : 3[3] -> 6[2] [send] via NET/IB/1(2)/GDRDMA
MOC-R4PCC04U05:678408:678554 [3] NCCL INFO GPU Direct RDMA Enabled for GPU 3 / HCA 1 (distance 5 <= 5), read 1 mode Default
MOC-R4PCC04U05:678407:678557 [2] NCCL INFO Channel 01/0 : 15[3] -> 2[2] [receive] via NET/IB/1/GDRDMA
MOC-R4PCC04U05:678407:678557 [2] NCCL INFO GPU Direct RDMA Enabled for GPU 2 / HCA 1 (distance 5 <= 5), read 0 mode Default
MOC-R4PCC04U05:678407:678552 [2] NCCL INFO New proxy send connection 5 from local rank 3, transport 2
MOC-R4PCC04U05:678408:678554 [3] NCCL INFO Connected to proxy localRank 2 -> connection 0x7f95e0005188
MOC-R4PCC04U05:678407:678552 [2] NCCL INFO New proxy recv connection 6 from local rank 2, transport 2
MOC-R4PCC04U05:678407:678557 [2] NCCL INFO Connected to proxy localRank 2 -> connection 0x7f95e0005200
MOC-R4PCC04U05:678408:678554 [3] NCCL INFO Channel 03/0 : 3[3] -> 6[2] [send] via NET/IB/1(2)/GDRDMA
MOC-R4PCC04U05:678407:678557 [2] NCCL INFO Channel 02/0 : 15[3] -> 2[2] [receive] via NET/IB/1/GDRDMA
MOC-R4PCC04U05:678407:678557 [2] NCCL INFO GPU Direct RDMA Enabled for GPU 2 / HCA 1 (distance 5 <= 5), read 0 mode Default
MOC-R4PCC04U05:678407:678552 [2] NCCL INFO New proxy recv connection 7 from local rank 2, transport 2
MOC-R4PCC04U05:678407:678557 [2] NCCL INFO Connected to proxy localRank 2 -> connection 0x7f95e0005278
MOC-R4PCC04U05:678407:678557 [2] NCCL INFO Channel 03/0 : 15[3] -> 2[2] [receive] via NET/IB/1/GDRDMA
MOC-R4PCC04U05:678405:678550 [0] NCCL INFO New proxy recv connection 4 from local rank 0, transport 0
MOC-R4PCC04U05:678405:678556 [0] NCCL INFO Connected to proxy localRank 0 -> connection 0x7f1ae0005110
MOC-R4PCC04U05:678405:678550 [0] NCCL INFO New proxy recv connection 5 from local rank 0, transport 0
MOC-R4PCC04U05:678405:678556 [0] NCCL INFO Connected to proxy localRank 0 -> connection 0x7f1ae0005188
MOC-R4PCC04U05:678407:678552 [2] NCCL INFO New proxy send connection 8 from local rank 2, transport 0
MOC-R4PCC04U05:678407:678557 [2] NCCL INFO Connected to proxy localRank 2 -> connection 0x7f95e00052f0
MOC-R4PCC04U05:678405:678550 [0] NCCL INFO New proxy recv connection 6 from local rank 0, transport 0
MOC-R4PCC04U05:678405:678556 [0] NCCL INFO Connected to proxy localRank 0 -> connection 0x7f1ae0005200
MOC-R4PCC04U05:678407:678552 [2] NCCL INFO New proxy send connection 9 from local rank 2, transport 0
MOC-R4PCC04U05:678407:678557 [2] NCCL INFO Connected to proxy localRank 2 -> connection 0x7f95e0005368
MOC-R4PCC04U05:678405:678550 [0] NCCL INFO New proxy recv connection 7 from local rank 0, transport 0
MOC-R4PCC04U05:678405:678556 [0] NCCL INFO Connected to proxy localRank 0 -> connection 0x7f1ae0005278
MOC-R4PCC04U05:678407:678552 [2] NCCL INFO New proxy send connection 10 from local rank 2, transport 0
MOC-R4PCC04U05:678407:678557 [2] NCCL INFO Connected to proxy localRank 2 -> connection 0x7f95e00053e0
MOC-R4PCC04U05:678408:678546 [3] NCCL INFO New proxy send connection 4 from local rank 0, transport 0
MOC-R4PCC04U05:678405:678556 [0] NCCL INFO Connected to proxy localRank 3 -> connection 0x7f9c18005110
MOC-R4PCC04U05:678407:678552 [2] NCCL INFO New proxy send connection 11 from local rank 2, transport 0
MOC-R4PCC04U05:678407:678557 [2] NCCL INFO Connected to proxy localRank 2 -> connection 0x7f95e0005458
MOC-R4PCC04U05:678405:678550 [0] NCCL INFO New proxy send connection 8 from local rank 1, transport 0
MOC-R4PCC04U05:678406:678555 [1] NCCL INFO Connected to proxy localRank 0 -> connection 0x7f1ae00052f0
MOC-R4PCC04U05:678406:678547 [1] NCCL INFO New proxy send connection 8 from local rank 2, transport 0
MOC-R4PCC04U05:678407:678557 [2] NCCL INFO Connected to proxy localRank 1 -> connection 0x7f81b80052f0
MOC-R4PCC04U05:678407:678552 [2] NCCL INFO New proxy send connection 12 from local rank 1, transport 0
MOC-R4PCC04U05:678406:678555 [1] NCCL INFO Connected to proxy localRank 2 -> connection 0x7f95e00054d0
MOC-R4PCC04U05:678406:678547 [1] NCCL INFO New proxy send connection 9 from local rank 0, transport 0
MOC-R4PCC04U05:678405:678556 [0] NCCL INFO Connected to proxy localRank 1 -> connection 0x7f81b8005368
MOC-R4PCC04U05:678405:678550 [0] NCCL INFO New proxy send connection 9 from local rank 3, transport 0
MOC-R4PCC04U05:678408:678554 [3] NCCL INFO Connected to proxy localRank 0 -> connection 0x7f1ae0005368
MOC-R4PCC04U05:678407:678552 [2] NCCL INFO NET/IB: NCCL Dev 1 IbDev 0 Port 1 qpn 11146 mtu 3 query_ece={supported=1, vendor_id=0x15b3, options=0x30000002, comp_mask=0x0} GID 3 (0/C132A8C0FFFF0000) fifoRkey=0x179c5b fifoLkey=0x179c5b
MOC-R4PCC04U05:678407:678552 [2] NCCL INFO NET/IB: NCCL Dev 1 IbDev 0 Port 1 qpn 11147 mtu 3 query_ece={supported=1, vendor_id=0x15b3, options=0x30000002, comp_mask=0x0} GID 3 (0/C132A8C0FFFF0000) fifoRkey=0x173af9 fifoLkey=0x173af9
MOC-R4PCC04U05:678407:678552 [2] NCCL INFO NET/IB: NCCL Dev 1 IbDev 0 Port 1 qpn 11148 mtu 3 query_ece={supported=1, vendor_id=0x15b3, options=0x30000002, comp_mask=0x0} GID 3 (0/C132A8C0FFFF0000) fifoRkey=0x1722e1 fifoLkey=0x1722e1
MOC-R4PCC04U05:678407:678552 [2] NCCL INFO NET/IB: NCCL Dev 1 IbDev 0 Port 1 qpn 11149 mtu 3 query_ece={supported=1, vendor_id=0x15b3, options=0x30000002, comp_mask=0x0} GID 3 (0/C132A8C0FFFF0000) fifoRkey=0x17601f fifoLkey=0x17601f
MOC-R4PCC04U05:678407:678552 [2] NCCL INFO NET/IB: IbDev 0 Port 1 qpn 11211 set_ece={supported=1, vendor_id=0x15b3, options=0x0, comp_mask=0x0}
MOC-R4PCC04U05:678407:678552 [2] NCCL INFO NET/IB: IbDev 0 Port 1 qpn 11213 set_ece={supported=1, vendor_id=0x15b3, options=0x0, comp_mask=0x0}
MOC-R4PCC04U05:678407:678552 [2] NCCL INFO New proxy send connection 13 from local rank 3, transport 0
MOC-R4PCC04U05:678408:678554 [3] NCCL INFO Connected to proxy localRank 2 -> connection 0x7f95e0005548
MOC-R4PCC04U05:678407:678552 [2] NCCL INFO NET/IB: IbDev 0 Port 1 qpn 11215 set_ece={supported=1, vendor_id=0x15b3, options=0x0, comp_mask=0x0}
MOC-R4PCC04U05:678407:678552 [2] NCCL INFO NET/IB: IbDev 0 Port 1 qpn 11217 set_ece={supported=1, vendor_id=0x15b3, options=0x0, comp_mask=0x0}
num decayed parameter tensors: 50, with 124,318,464 parameters
num non-decayed parameter tensors: 98, with 121,344 parameters
using fused AdamW: False
using regular AdamW
MOC-R4PCC04U05:678407:678552 [2] NCCL INFO New proxy send connection 14 from local rank 2, transport 0
MOC-R4PCC04U05:678407:679247 [2] NCCL INFO Connected to proxy localRank 2 -> connection 0x7f95e00055c0
MOC-R4PCC04U05:678407:678552 [2] NCCL INFO New proxy send connection 15 from local rank 2, transport 0
MOC-R4PCC04U05:678407:679247 [2] NCCL INFO Connected to proxy localRank 2 -> connection 0x7f95e0005638
MOC-R4PCC04U05:678407:678552 [2] NCCL INFO New proxy send connection 16 from local rank 2, transport 0
MOC-R4PCC04U05:678407:679247 [2] NCCL INFO Connected to proxy localRank 2 -> connection 0x7f95e00056b0
MOC-R4PCC04U05:678407:678552 [2] NCCL INFO New proxy send connection 17 from local rank 2, transport 0
MOC-R4PCC04U05:678407:679247 [2] NCCL INFO Connected to proxy localRank 2 -> connection 0x7f95e0005728
MOC-R4PCC04U05:678405:678550 [0] NCCL INFO New proxy send connection 10 from local rank 0, transport 0
MOC-R4PCC04U05:678405:679248 [0] NCCL INFO Connected to proxy localRank 0 -> connection 0x7f1ae00053e0
MOC-R4PCC04U05:678405:678550 [0] NCCL INFO New proxy send connection 11 from local rank 0, transport 0
MOC-R4PCC04U05:678405:679248 [0] NCCL INFO Connected to proxy localRank 0 -> connection 0x7f1ae0005458
MOC-R4PCC04U05:678405:678550 [0] NCCL INFO New proxy send connection 12 from local rank 0, transport 0
MOC-R4PCC04U05:678405:679248 [0] NCCL INFO Connected to proxy localRank 0 -> connection 0x7f1ae00054d0
MOC-R4PCC04U05:678405:678550 [0] NCCL INFO New proxy send connection 13 from local rank 0, transport 0
MOC-R4PCC04U05:678405:679248 [0] NCCL INFO Connected to proxy localRank 0 -> connection 0x7f1ae0005548
MOC-R4PCC04U05:678408:678546 [3] NCCL INFO New proxy recv connection 5 from local rank 3, transport 0
MOC-R4PCC04U05:678408:679249 [3] NCCL INFO Connected to proxy localRank 3 -> connection 0x7f9c18005188
MOC-R4PCC04U05:678408:678546 [3] NCCL INFO New proxy recv connection 6 from local rank 3, transport 0
MOC-R4PCC04U05:678408:679249 [3] NCCL INFO Connected to proxy localRank 3 -> connection 0x7f9c18005200
MOC-R4PCC04U05:678408:678546 [3] NCCL INFO New proxy recv connection 7 from local rank 3, transport 0
MOC-R4PCC04U05:678408:679249 [3] NCCL INFO Connected to proxy localRank 3 -> connection 0x7f9c18005278
MOC-R4PCC04U05:678408:678546 [3] NCCL INFO New proxy recv connection 8 from local rank 3, transport 0
MOC-R4PCC04U05:678408:679249 [3] NCCL INFO Connected to proxy localRank 3 -> connection 0x7f9c180052f0
MOC-R4PCC04U05:678408:678546 [3] NCCL INFO New proxy send connection 9 from local rank 3, transport 0
MOC-R4PCC04U05:678408:679249 [3] NCCL INFO Connected to proxy localRank 3 -> connection 0x7f9c18005368
MOC-R4PCC04U05:678407:679247 [2] NCCL INFO GPU Direct RDMA Enabled for GPU 2 / HCA 1 (distance 5 <= 5), read 1 mode Default
MOC-R4PCC04U05:678407:678552 [2] NCCL INFO New proxy send connection 18 from local rank 2, transport 2
MOC-R4PCC04U05:678407:679247 [2] NCCL INFO Connected to proxy localRank 2 -> connection 0x7f95e00057a0
MOC-R4PCC04U05:678408:678546 [3] NCCL INFO New proxy send connection 10 from local rank 3, transport 0
MOC-R4PCC04U05:678408:679249 [3] NCCL INFO Connected to proxy localRank 3 -> connection 0x7f9c180053e0
MOC-R4PCC04U05:678407:679247 [2] NCCL INFO Channel 02/0 : 2[2] -> 6[2] [send] via NET/IB/1/GDRDMA
MOC-R4PCC04U05:678407:679247 [2] NCCL INFO GPU Direct RDMA Enabled for GPU 2 / HCA 1 (distance 5 <= 5), read 1 mode Default
MOC-R4PCC04U05:678407:678552 [2] NCCL INFO New proxy send connection 19 from local rank 2, transport 2
MOC-R4PCC04U05:678407:679247 [2] NCCL INFO Connected to proxy localRank 2 -> connection 0x7f95e0005818
MOC-R4PCC04U05:678407:679247 [2] NCCL INFO Channel 03/0 : 2[2] -> 6[2] [send] via NET/IB/1/GDRDMA
MOC-R4PCC04U05:678408:678546 [3] NCCL INFO New proxy send connection 11 from local rank 3, transport 0
MOC-R4PCC04U05:678408:679249 [3] NCCL INFO Connected to proxy localRank 3 -> connection 0x7f9c18005458
MOC-R4PCC04U05:678408:678546 [3] NCCL INFO New proxy send connection 12 from local rank 3, transport 0
MOC-R4PCC04U05:678408:679249 [3] NCCL INFO Connected to proxy localRank 3 -> connection 0x7f9c180054d0
MOC-R4PCC04U05:678407:679247 [2] NCCL INFO GPU Direct RDMA Enabled for GPU 2 / HCA 1 (distance 5 <= 5), read 0 mode Default
MOC-R4PCC04U05:678407:678552 [2] NCCL INFO New proxy recv connection 20 from local rank 2, transport 2
MOC-R4PCC04U05:678407:679247 [2] NCCL INFO Connected to proxy localRank 2 -> connection 0x7f95e0005890
MOC-R4PCC04U05:678407:679247 [2] NCCL INFO Channel 00/0 : 10[2] -> 2[2] [receive] via NET/IB/1/GDRDMA
MOC-R4PCC04U05:678407:679247 [2] NCCL INFO GPU Direct RDMA Enabled for GPU 2 / HCA 1 (distance 5 <= 5), read 0 mode Default
MOC-R4PCC04U05:678407:678552 [2] NCCL INFO New proxy recv connection 21 from local rank 2, transport 2
MOC-R4PCC04U05:678407:679247 [2] NCCL INFO Connected to proxy localRank 2 -> connection 0x7f95e0005908
MOC-R4PCC04U05:678407:679247 [2] NCCL INFO Channel 01/0 : 10[2] -> 2[2] [receive] via NET/IB/1/GDRDMA
MOC-R4PCC04U05:678407:679247 [2] NCCL INFO GPU Direct RDMA Enabled for GPU 2 / HCA 1 (distance 5 <= 5), read 1 mode Default
MOC-R4PCC04U05:678407:678552 [2] NCCL INFO New proxy send connection 22 from local rank 2, transport 2
MOC-R4PCC04U05:678407:679247 [2] NCCL INFO Connected to proxy localRank 2 -> connection 0x7f95e0005980
MOC-R4PCC04U05:678407:679247 [2] NCCL INFO Channel 00/0 : 2[2] -> 10[2] [send] via NET/IB/1/GDRDMA
MOC-R4PCC04U05:678407:679247 [2] NCCL INFO GPU Direct RDMA Enabled for GPU 2 / HCA 1 (distance 5 <= 5), read 1 mode Default
MOC-R4PCC04U05:678407:678552 [2] NCCL INFO New proxy send connection 23 from local rank 2, transport 2
MOC-R4PCC04U05:678407:679247 [2] NCCL INFO Connected to proxy localRank 2 -> connection 0x7f95e00059f8
MOC-R4PCC04U05:678407:679247 [2] NCCL INFO Channel 01/0 : 2[2] -> 10[2] [send] via NET/IB/1/GDRDMA
MOC-R4PCC04U05:678407:679247 [2] NCCL INFO GPU Direct RDMA Enabled for GPU 2 / HCA 1 (distance 5 <= 5), read 0 mode Default
MOC-R4PCC04U05:678407:678552 [2] NCCL INFO New proxy recv connection 24 from local rank 2, transport 2
MOC-R4PCC04U05:678407:679247 [2] NCCL INFO Connected to proxy localRank 2 -> connection 0x7f95e0005a70
MOC-R4PCC04U05:678407:679247 [2] NCCL INFO Channel 02/0 : 6[2] -> 2[2] [receive] via NET/IB/1/GDRDMA
MOC-R4PCC04U05:678407:679247 [2] NCCL INFO GPU Direct RDMA Enabled for GPU 2 / HCA 1 (distance 5 <= 5), read 0 mode Default
MOC-R4PCC04U05:678407:678552 [2] NCCL INFO New proxy recv connection 25 from local rank 2, transport 2
MOC-R4PCC04U05:678407:679247 [2] NCCL INFO Connected to proxy localRank 2 -> connection 0x7f95e0005ae8
MOC-R4PCC04U05:678407:679247 [2] NCCL INFO Channel 03/0 : 6[2] -> 2[2] [receive] via NET/IB/1/GDRDMA
MOC-R4PCC04U05:678407:678552 [2] NCCL INFO New proxy recv connection 26 from local rank 2, transport 0
MOC-R4PCC04U05:678407:679247 [2] NCCL INFO Connected to proxy localRank 2 -> connection 0x7f95e0005b60
MOC-R4PCC04U05:678407:678552 [2] NCCL INFO New proxy recv connection 27 from local rank 2, transport 0
MOC-R4PCC04U05:678407:679247 [2] NCCL INFO Connected to proxy localRank 2 -> connection 0x7f95e0005bd8
MOC-R4PCC04U05:678407:678552 [2] NCCL INFO New proxy recv connection 28 from local rank 2, transport 0
MOC-R4PCC04U05:678407:679247 [2] NCCL INFO Connected to proxy localRank 2 -> connection 0x7f95e0005c50
MOC-R4PCC04U05:678407:678552 [2] NCCL INFO New proxy recv connection 29 from local rank 2, transport 0
MOC-R4PCC04U05:678407:679247 [2] NCCL INFO Connected to proxy localRank 2 -> connection 0x7f95e0005cc8
MOC-R4PCC04U05:678406:678547 [1] NCCL INFO New proxy recv connection 10 from local rank 1, transport 0
MOC-R4PCC04U05:678406:679250 [1] NCCL INFO Connected to proxy localRank 1 -> connection 0x7f81b80053e0
MOC-R4PCC04U05:678406:678547 [1] NCCL INFO New proxy recv connection 11 from local rank 1, transport 0
MOC-R4PCC04U05:678406:679250 [1] NCCL INFO Connected to proxy localRank 1 -> connection 0x7f81b8005458
MOC-R4PCC04U05:678406:678547 [1] NCCL INFO New proxy recv connection 12 from local rank 1, transport 0
MOC-R4PCC04U05:678406:679250 [1] NCCL INFO Connected to proxy localRank 1 -> connection 0x7f81b80054d0
MOC-R4PCC04U05:678406:678547 [1] NCCL INFO New proxy recv connection 13 from local rank 1, transport 0
MOC-R4PCC04U05:678406:679250 [1] NCCL INFO Connected to proxy localRank 1 -> connection 0x7f81b8005548
MOC-R4PCC04U05:678405:678550 [0] NCCL INFO New proxy recv connection 14 from local rank 0, transport 0
MOC-R4PCC04U05:678405:679248 [0] NCCL INFO Connected to proxy localRank 0 -> connection 0x7f1ae00055c0
MOC-R4PCC04U05:678405:678550 [0] NCCL INFO New proxy recv connection 15 from local rank 0, transport 0
MOC-R4PCC04U05:678405:679248 [0] NCCL INFO Connected to proxy localRank 0 -> connection 0x7f1ae0005638
MOC-R4PCC04U05:678405:678550 [0] NCCL INFO New proxy recv connection 16 from local rank 0, transport 0
MOC-R4PCC04U05:678405:679248 [0] NCCL INFO Connected to proxy localRank 0 -> connection 0x7f1ae00056b0
MOC-R4PCC04U05:678405:678550 [0] NCCL INFO New proxy recv connection 17 from local rank 0, transport 0
MOC-R4PCC04U05:678405:679248 [0] NCCL INFO Connected to proxy localRank 0 -> connection 0x7f1ae0005728
MOC-R4PCC04U05:678408:678546 [3] NCCL INFO New proxy send connection 13 from local rank 3, transport 0
MOC-R4PCC04U05:678408:679249 [3] NCCL INFO Connected to proxy localRank 3 -> connection 0x7f9c18005548
MOC-R4PCC04U05:678408:678546 [3] NCCL INFO New proxy send connection 14 from local rank 3, transport 0
MOC-R4PCC04U05:678408:679249 [3] NCCL INFO Connected to proxy localRank 3 -> connection 0x7f9c180055c0
MOC-R4PCC04U05:678408:678546 [3] NCCL INFO New proxy send connection 15 from local rank 3, transport 0
MOC-R4PCC04U05:678408:679249 [3] NCCL INFO Connected to proxy localRank 3 -> connection 0x7f9c18005638
MOC-R4PCC04U05:678408:678546 [3] NCCL INFO New proxy send connection 16 from local rank 3, transport 0
MOC-R4PCC04U05:678408:679249 [3] NCCL INFO Connected to proxy localRank 3 -> connection 0x7f9c180056b0
MOC-R4PCC04U05:678408:678546 [3] NCCL INFO New proxy send connection 17 from local rank 2, transport 0
MOC-R4PCC04U05:678407:679247 [2] NCCL INFO Connected to proxy localRank 3 -> connection 0x7f9c18005728
MOC-R4PCC04U05:678407:678552 [2] NCCL INFO NET/IB: NCCL Dev 1 IbDev 0 Port 1 qpn 11150 mtu 3 query_ece={supported=1, vendor_id=0x15b3, options=0x30000002, comp_mask=0x0} GID 3 (0/C132A8C0FFFF0000) fifoRkey=0x17d796 fifoLkey=0x17d796
MOC-R4PCC04U05:678407:678552 [2] NCCL INFO NET/IB: NCCL Dev 1 IbDev 0 Port 1 qpn 11151 mtu 3 query_ece={supported=1, vendor_id=0x15b3, options=0x30000002, comp_mask=0x0} GID 3 (0/C132A8C0FFFF0000) fifoRkey=0x17b372 fifoLkey=0x17b372
MOC-R4PCC04U05:678407:678552 [2] NCCL INFO NET/IB: NCCL Dev 1 IbDev 0 Port 1 qpn 11152 mtu 3 query_ece={supported=1, vendor_id=0x15b3, options=0x30000002, comp_mask=0x0} GID 3 (0/C132A8C0FFFF0000) fifoRkey=0x174705 fifoLkey=0x174705
MOC-R4PCC04U05:678407:678552 [2] NCCL INFO NET/IB: IbDev 0 Port 1 qpn 11234 set_ece={supported=1, vendor_id=0x15b3, options=0x0, comp_mask=0x0}
MOC-R4PCC04U05:678407:678552 [2] NCCL INFO NET/IB: IbDev 0 Port 1 qpn 11236 set_ece={supported=1, vendor_id=0x15b3, options=0x0, comp_mask=0x0}
MOC-R4PCC04U05:678407:678552 [2] NCCL INFO NET/IB: IbDev 0 Port 1 qpn 8679 set_ece={supported=1, vendor_id=0x15b3, options=0x0, comp_mask=0x0}
MOC-R4PCC04U05:678407:678552 [2] NCCL INFO NET/IB: NCCL Dev 1 IbDev 0 Port 1 qpn 11155 mtu 3 query_ece={supported=1, vendor_id=0x15b3, options=0x30000002, comp_mask=0x0} GID 3 (0/C132A8C0FFFF0000) fifoRkey=0x17f1b0 fifoLkey=0x17f1b0
MOC-R4PCC04U05:678407:678552 [2] NCCL INFO NET/IB: IbDev 0 Port 1 qpn 8682 set_ece={supported=1, vendor_id=0x15b3, options=0x0, comp_mask=0x0}
step    1/10 | train loss 11.010067 | norm 15.3476 | lr 1.00e-04 | (14708.10 ms | 356462 tok/s)
step    2/10 | train loss 10.140056 | norm 5.7420 | lr 1.00e-04 | (817.47 ms | 6413536 tok/s)
step    3/10 | train loss 9.801184 | norm 2.5966 | lr 1.00e-04 | (817.14 ms | 6416139 tok/s)
step    4/10 | train loss 9.632751 | norm 2.1052 | lr 1.00e-04 | (817.77 ms | 6411188 tok/s)
step    5/10 | train loss 9.550310 | norm 2.0977 | lr 1.00e-04 | (821.84 ms | 6379465 tok/s)
step    6/10 | train loss 9.470086 | norm 1.9901 | lr 1.00e-04 | (819.25 ms | 6399631 tok/s)
step    7/10 | train loss 9.385624 | norm 1.9404 | lr 1.00e-04 | (821.91 ms | 6378867 tok/s)
step    8/10 | train loss 9.295286 | norm 1.9082 | lr 1.00e-04 | (818.78 ms | 6403250 tok/s)
step    9/10 | train loss 9.200840 | norm 1.8588 | lr 1.00e-04 | (819.48 ms | 6397780 tok/s)
step   10/10 | train loss 9.114125 | norm 1.7863 | lr 1.00e-04 | (822.49 ms | 6374422 tok/s)
final 9 iters avg: 819.571ms
peak memory consumption: 16601 MiB
