Running pytorch 2.7.0+cu126
using device: cuda:0
total desired batch size: 1966080
=> calculated gradient accumulation steps: 5
using device: cuda:1
using device: cuda:2
using device: cuda:3
compiling the model...
DataLoader: total number of tokens: 1,661,249,667 across 103 files
MOC-R4PCC04U05:493407:493407 [0] NCCL INFO NCCL_SOCKET_IFNAME set to eno7np0
MOC-R4PCC04U05:493407:493407 [0] NCCL INFO NCCL version 2.26.2+cuda12.2
MOC-R4PCC04U05:493407:493511 [0] NCCL INFO NET/Plugin: Could not find: libnccl-net.so. Using internal net plugin.
MOC-R4PCC04U05:493407:493511 [0] NCCL INFO NCCL_IB_HCA set to mlx5_5
MOC-R4PCC04U05:493409:493409 [2] NCCL INFO NCCL_SOCKET_IFNAME set to eno7np0
MOC-R4PCC04U05:493409:493409 [2] NCCL INFO NCCL version 2.26.2+cuda12.2
MOC-R4PCC04U05:493408:493408 [1] NCCL INFO NCCL_SOCKET_IFNAME set to eno7np0
MOC-R4PCC04U05:493408:493408 [1] NCCL INFO NCCL version 2.26.2+cuda12.2
MOC-R4PCC04U05:493407:493511 [0] NCCL INFO NET/IB : Made virtual device [0] name=mlx5_5 speed=400000 ndevs=1
MOC-R4PCC04U05:493407:493511 [0] NCCL INFO NET/IB : Using [0]mlx5_5:1/RoCE [RO]; OOB eno7np0:192.168.50.193<0>
MOC-R4PCC04U05:493410:493410 [3] NCCL INFO NCCL_SOCKET_IFNAME set to eno7np0
MOC-R4PCC04U05:493410:493410 [3] NCCL INFO NCCL version 2.26.2+cuda12.2
MOC-R4PCC04U05:493409:493533 [2] NCCL INFO NET/Plugin: Could not find: libnccl-net.so. Using internal net plugin.
MOC-R4PCC04U05:493409:493533 [2] NCCL INFO NCCL_IB_HCA set to mlx5_5
MOC-R4PCC04U05:493408:493534 [1] NCCL INFO NET/Plugin: Could not find: libnccl-net.so. Using internal net plugin.
MOC-R4PCC04U05:493408:493534 [1] NCCL INFO NCCL_IB_HCA set to mlx5_5
MOC-R4PCC04U05:493409:493533 [2] NCCL INFO NET/IB : Made virtual device [0] name=mlx5_5 speed=400000 ndevs=1
MOC-R4PCC04U05:493409:493533 [2] NCCL INFO NET/IB : Using [0]mlx5_5:1/RoCE [RO]; OOB eno7np0:192.168.50.193<0>
MOC-R4PCC04U05:493408:493534 [1] NCCL INFO NET/IB : Made virtual device [0] name=mlx5_5 speed=400000 ndevs=1
MOC-R4PCC04U05:493408:493534 [1] NCCL INFO NET/IB : Using [0]mlx5_5:1/RoCE [RO]; OOB eno7np0:192.168.50.193<0>
MOC-R4PCC04U05:493410:493536 [3] NCCL INFO NET/Plugin: Could not find: libnccl-net.so. Using internal net plugin.
MOC-R4PCC04U05:493410:493536 [3] NCCL INFO NCCL_IB_HCA set to mlx5_5
MOC-R4PCC04U05:493410:493536 [3] NCCL INFO NET/IB : Made virtual device [0] name=mlx5_5 speed=400000 ndevs=1
MOC-R4PCC04U05:493410:493536 [3] NCCL INFO NET/IB : Using [0]mlx5_5:1/RoCE [RO]; OOB eno7np0:192.168.50.193<0>
MOC-R4PCC04U05:493409:493533 [2] NCCL INFO NET/IB : GPU Direct RDMA Enabled for HCA 0 'mlx5_5'
MOC-R4PCC04U05:493409:493533 [2] NCCL INFO NET/IB : Made virtual device [1] name=mlx5_5 speed=400000 ndevs=1
MOC-R4PCC04U05:493409:493533 [2] NCCL INFO NET/IB : GPU Direct RDMA Enabled for HCA 0 'mlx5_5'
MOC-R4PCC04U05:493409:493533 [2] NCCL INFO NET/IB : GPU Direct RDMA Enabled for HCA 1 'mlx5_5'
MOC-R4PCC04U05:493407:493511 [0] NCCL INFO NET/IB : GPU Direct RDMA Enabled for HCA 0 'mlx5_5'
MOC-R4PCC04U05:493408:493534 [1] NCCL INFO NET/IB : GPU Direct RDMA Enabled for HCA 0 'mlx5_5'
MOC-R4PCC04U05:493407:493511 [0] NCCL INFO NET/IB : Made virtual device [1] name=mlx5_5 speed=400000 ndevs=1
MOC-R4PCC04U05:493407:493511 [0] NCCL INFO NET/IB : GPU Direct RDMA Enabled for HCA 0 'mlx5_5'
MOC-R4PCC04U05:493407:493511 [0] NCCL INFO NET/IB : GPU Direct RDMA Enabled for HCA 1 'mlx5_5'
MOC-R4PCC04U05:493408:493534 [1] NCCL INFO NET/IB : Made virtual device [1] name=mlx5_5 speed=400000 ndevs=1
MOC-R4PCC04U05:493408:493534 [1] NCCL INFO NET/IB : GPU Direct RDMA Enabled for HCA 0 'mlx5_5'
MOC-R4PCC04U05:493408:493534 [1] NCCL INFO NET/IB : GPU Direct RDMA Enabled for HCA 1 'mlx5_5'
MOC-R4PCC04U05:493410:493536 [3] NCCL INFO NET/IB : GPU Direct RDMA Enabled for HCA 0 'mlx5_5'
MOC-R4PCC04U05:493410:493536 [3] NCCL INFO NET/IB : Made virtual device [1] name=mlx5_5 speed=400000 ndevs=1
MOC-R4PCC04U05:493410:493536 [3] NCCL INFO NET/IB : GPU Direct RDMA Enabled for HCA 0 'mlx5_5'
MOC-R4PCC04U05:493410:493536 [3] NCCL INFO NET/IB : GPU Direct RDMA Enabled for HCA 1 'mlx5_5'
MOC-R4PCC04U05:493408:493534 [1] NCCL INFO NCCL_NET_GDR_LEVEL set by environment to LOC
MOC-R4PCC04U05:493408:493534 [1] NCCL INFO GPU Direct RDMA Disabled for GPU 0 / HCA 1 (distance 5 > 0)
MOC-R4PCC04U05:493408:493534 [1] NCCL INFO GPU Direct RDMA Disabled for GPU 1 / HCA 1 (distance 5 > 0)
MOC-R4PCC04U05:493408:493534 [1] NCCL INFO GPU Direct RDMA Disabled for GPU 2 / HCA 1 (distance 5 > 0)
MOC-R4PCC04U05:493407:493511 [0] NCCL INFO NCCL_NET_GDR_LEVEL set by environment to LOC
MOC-R4PCC04U05:493407:493511 [0] NCCL INFO GPU Direct RDMA Disabled for GPU 0 / HCA 1 (distance 5 > 0)
MOC-R4PCC04U05:493407:493511 [0] NCCL INFO GPU Direct RDMA Disabled for GPU 1 / HCA 1 (distance 5 > 0)
MOC-R4PCC04U05:493407:493511 [0] NCCL INFO GPU Direct RDMA Disabled for GPU 2 / HCA 1 (distance 5 > 0)
MOC-R4PCC04U05:493408:493534 [1] NCCL INFO GPU Direct RDMA Disabled for GPU 0 / HCA 1 (distance 5 > 0)
MOC-R4PCC04U05:493408:493534 [1] NCCL INFO GPU Direct RDMA Disabled for GPU 1 / HCA 1 (distance 5 > 0)
MOC-R4PCC04U05:493408:493534 [1] NCCL INFO GPU Direct RDMA Disabled for GPU 2 / HCA 1 (distance 5 > 0)
MOC-R4PCC04U05:493407:493511 [0] NCCL INFO GPU Direct RDMA Disabled for GPU 0 / HCA 1 (distance 5 > 0)
MOC-R4PCC04U05:493407:493511 [0] NCCL INFO GPU Direct RDMA Disabled for GPU 1 / HCA 1 (distance 5 > 0)
MOC-R4PCC04U05:493407:493511 [0] NCCL INFO GPU Direct RDMA Disabled for GPU 2 / HCA 1 (distance 5 > 0)
MOC-R4PCC04U05:493409:493533 [2] NCCL INFO NCCL_NET_GDR_LEVEL set by environment to LOC
MOC-R4PCC04U05:493410:493536 [3] NCCL INFO NCCL_NET_GDR_LEVEL set by environment to LOC
MOC-R4PCC04U05:493409:493533 [2] NCCL INFO GPU Direct RDMA Disabled for GPU 0 / HCA 1 (distance 5 > 0)
MOC-R4PCC04U05:493410:493536 [3] NCCL INFO GPU Direct RDMA Disabled for GPU 0 / HCA 1 (distance 5 > 0)
MOC-R4PCC04U05:493409:493533 [2] NCCL INFO GPU Direct RDMA Disabled for GPU 1 / HCA 1 (distance 5 > 0)
MOC-R4PCC04U05:493410:493536 [3] NCCL INFO GPU Direct RDMA Disabled for GPU 1 / HCA 1 (distance 5 > 0)
MOC-R4PCC04U05:493409:493533 [2] NCCL INFO GPU Direct RDMA Disabled for GPU 2 / HCA 1 (distance 5 > 0)
MOC-R4PCC04U05:493410:493536 [3] NCCL INFO GPU Direct RDMA Disabled for GPU 2 / HCA 1 (distance 5 > 0)
MOC-R4PCC04U05:493410:493536 [3] NCCL INFO GPU Direct RDMA Disabled for GPU 0 / HCA 1 (distance 5 > 0)
MOC-R4PCC04U05:493409:493533 [2] NCCL INFO GPU Direct RDMA Disabled for GPU 0 / HCA 1 (distance 5 > 0)
MOC-R4PCC04U05:493410:493536 [3] NCCL INFO GPU Direct RDMA Disabled for GPU 1 / HCA 1 (distance 5 > 0)
MOC-R4PCC04U05:493409:493533 [2] NCCL INFO GPU Direct RDMA Disabled for GPU 1 / HCA 1 (distance 5 > 0)
MOC-R4PCC04U05:493410:493536 [3] NCCL INFO GPU Direct RDMA Disabled for GPU 2 / HCA 1 (distance 5 > 0)
MOC-R4PCC04U05:493409:493533 [2] NCCL INFO GPU Direct RDMA Disabled for GPU 2 / HCA 1 (distance 5 > 0)
MOC-R4PCC04U05:493409:493549 [2] NCCL INFO New proxy recv connection 0 from local rank 2, transport 0
MOC-R4PCC04U05:493409:493623 [2] NCCL INFO Connected to proxy localRank 2 -> connection 0x7efe78004f30
MOC-R4PCC04U05:493409:493549 [2] NCCL INFO New proxy recv connection 1 from local rank 2, transport 0
MOC-R4PCC04U05:493408:493552 [1] NCCL INFO New proxy recv connection 0 from local rank 1, transport 0
MOC-R4PCC04U05:493409:493623 [2] NCCL INFO Connected to proxy localRank 2 -> connection 0x7efe78004fa8
MOC-R4PCC04U05:493408:493624 [1] NCCL INFO Connected to proxy localRank 1 -> connection 0x7ff034004f30
MOC-R4PCC04U05:493408:493552 [1] NCCL INFO New proxy recv connection 1 from local rank 1, transport 0
MOC-R4PCC04U05:493408:493624 [1] NCCL INFO Connected to proxy localRank 1 -> connection 0x7ff034004fa8
MOC-R4PCC04U05:493410:493548 [3] NCCL INFO New proxy recv connection 0 from local rank 3, transport 0
MOC-R4PCC04U05:493410:493625 [3] NCCL INFO Connected to proxy localRank 3 -> connection 0x7f1384004f30
MOC-R4PCC04U05:493410:493548 [3] NCCL INFO New proxy recv connection 1 from local rank 3, transport 0
MOC-R4PCC04U05:493410:493625 [3] NCCL INFO Connected to proxy localRank 3 -> connection 0x7f1384004fa8
MOC-R4PCC04U05:493407:493553 [0] NCCL INFO New proxy send connection 0 from local rank 0, transport 0
MOC-R4PCC04U05:493407:493626 [0] NCCL INFO Connected to proxy localRank 0 -> connection 0x7efe6c004f30
MOC-R4PCC04U05:493410:493625 [3] NCCL INFO GPU Direct RDMA Disabled for GPU 3 / HCA 1 (distance 7 > 0)
MOC-R4PCC04U05:493407:493553 [0] NCCL INFO New proxy send connection 1 from local rank 0, transport 0
MOC-R4PCC04U05:493407:493626 [0] NCCL INFO Connected to proxy localRank 0 -> connection 0x7efe6c004fa8
MOC-R4PCC04U05:493409:493623 [2] NCCL INFO GPU Direct RDMA Disabled for GPU 2 / HCA 1 (distance 7 > 0)
MOC-R4PCC04U05:493407:493553 [0] NCCL INFO New proxy send connection 2 from local rank 0, transport 0
MOC-R4PCC04U05:493407:493626 [0] NCCL INFO Connected to proxy localRank 0 -> connection 0x7efe6c005020
MOC-R4PCC04U05:493407:493553 [0] NCCL INFO New proxy send connection 3 from local rank 0, transport 0
MOC-R4PCC04U05:493407:493626 [0] NCCL INFO Connected to proxy localRank 0 -> connection 0x7efe6c005098
MOC-R4PCC04U05:493410:493548 [3] NCCL INFO New proxy send connection 2 from local rank 3, transport 2
MOC-R4PCC04U05:493410:493625 [3] NCCL INFO Connected to proxy localRank 3 -> connection 0x7f1384005020
MOC-R4PCC04U05:493410:493625 [3] NCCL INFO Channel 00/0 : 3[3] -> 6[2] [send] via NET/IB/1
MOC-R4PCC04U05:493410:493625 [3] NCCL INFO GPU Direct RDMA Disabled for GPU 3 / HCA 1 (distance 7 > 0)
MOC-R4PCC04U05:493410:493548 [3] NCCL INFO New proxy send connection 3 from local rank 3, transport 2
MOC-R4PCC04U05:493410:493625 [3] NCCL INFO Connected to proxy localRank 3 -> connection 0x7f1384005098
MOC-R4PCC04U05:493410:493625 [3] NCCL INFO Channel 02/0 : 3[3] -> 6[2] [send] via NET/IB/1
MOC-R4PCC04U05:493407:493553 [0] NCCL INFO New proxy recv connection 4 from local rank 0, transport 0
MOC-R4PCC04U05:493407:493626 [0] NCCL INFO Connected to proxy localRank 0 -> connection 0x7efe6c005110
MOC-R4PCC04U05:493407:493553 [0] NCCL INFO New proxy recv connection 5 from local rank 0, transport 0
MOC-R4PCC04U05:493407:493626 [0] NCCL INFO Connected to proxy localRank 0 -> connection 0x7efe6c005188
MOC-R4PCC04U05:493409:493549 [2] NCCL INFO New proxy recv connection 2 from local rank 2, transport 2
MOC-R4PCC04U05:493409:493623 [2] NCCL INFO Connected to proxy localRank 2 -> connection 0x7efe78005020
MOC-R4PCC04U05:493409:493623 [2] NCCL INFO Channel 00/0 : 11[3] -> 2[2] [receive] via NET/IB/1
MOC-R4PCC04U05:493409:493623 [2] NCCL INFO GPU Direct RDMA Disabled for GPU 2 / HCA 1 (distance 7 > 0)
MOC-R4PCC04U05:493409:493549 [2] NCCL INFO New proxy recv connection 3 from local rank 2, transport 2
MOC-R4PCC04U05:493409:493623 [2] NCCL INFO Connected to proxy localRank 2 -> connection 0x7efe78005098
MOC-R4PCC04U05:493409:493623 [2] NCCL INFO Channel 02/0 : 11[3] -> 2[2] [receive] via NET/IB/1
MOC-R4PCC04U05:493407:493553 [0] NCCL INFO New proxy recv connection 6 from local rank 0, transport 0
MOC-R4PCC04U05:493407:493626 [0] NCCL INFO Connected to proxy localRank 0 -> connection 0x7efe6c005200
MOC-R4PCC04U05:493407:493553 [0] NCCL INFO New proxy recv connection 7 from local rank 0, transport 0
MOC-R4PCC04U05:493407:493626 [0] NCCL INFO Connected to proxy localRank 0 -> connection 0x7efe6c005278
MOC-R4PCC04U05:493409:493623 [2] NCCL INFO GPU Direct RDMA Disabled for GPU 2 / HCA 1 (distance 7 > 0)
MOC-R4PCC04U05:493409:493549 [2] NCCL INFO New proxy send connection 4 from local rank 2, transport 2
MOC-R4PCC04U05:493409:493623 [2] NCCL INFO Connected to proxy localRank 2 -> connection 0x7efe78005110
MOC-R4PCC04U05:493409:493623 [2] NCCL INFO Channel 01/0 : 2[2] -> 7[3] [send] via NET/IB/1
MOC-R4PCC04U05:493409:493623 [2] NCCL INFO GPU Direct RDMA Disabled for GPU 2 / HCA 1 (distance 7 > 0)
MOC-R4PCC04U05:493409:493549 [2] NCCL INFO New proxy send connection 5 from local rank 2, transport 2
MOC-R4PCC04U05:493409:493623 [2] NCCL INFO Connected to proxy localRank 2 -> connection 0x7efe78005188
MOC-R4PCC04U05:493409:493623 [2] NCCL INFO Channel 03/0 : 2[2] -> 7[3] [send] via NET/IB/1
MOC-R4PCC04U05:493409:493549 [2] NCCL INFO New proxy send connection 6 from local rank 2, transport 0
MOC-R4PCC04U05:493409:493623 [2] NCCL INFO Connected to proxy localRank 2 -> connection 0x7efe78005200
MOC-R4PCC04U05:493409:493549 [2] NCCL INFO New proxy send connection 7 from local rank 2, transport 0
MOC-R4PCC04U05:493409:493623 [2] NCCL INFO Connected to proxy localRank 2 -> connection 0x7efe78005278
MOC-R4PCC04U05:493410:493625 [3] NCCL INFO GPU Direct RDMA Disabled for GPU 3 / HCA 1 (distance 7 > 0)
MOC-R4PCC04U05:493410:493548 [3] NCCL INFO New proxy recv connection 4 from local rank 3, transport 2
MOC-R4PCC04U05:493410:493625 [3] NCCL INFO Connected to proxy localRank 3 -> connection 0x7f1384005110
MOC-R4PCC04U05:493410:493625 [3] NCCL INFO Channel 01/0 : 10[2] -> 3[3] [receive] via NET/IB/1
MOC-R4PCC04U05:493410:493625 [3] NCCL INFO GPU Direct RDMA Disabled for GPU 3 / HCA 1 (distance 7 > 0)
MOC-R4PCC04U05:493410:493548 [3] NCCL INFO New proxy recv connection 5 from local rank 3, transport 2
MOC-R4PCC04U05:493410:493625 [3] NCCL INFO Connected to proxy localRank 3 -> connection 0x7f1384005188
MOC-R4PCC04U05:493410:493625 [3] NCCL INFO Channel 03/0 : 10[2] -> 3[3] [receive] via NET/IB/1
MOC-R4PCC04U05:493410:493548 [3] NCCL INFO New proxy send connection 6 from local rank 3, transport 0
MOC-R4PCC04U05:493410:493625 [3] NCCL INFO Connected to proxy localRank 3 -> connection 0x7f1384005200
MOC-R4PCC04U05:493410:493548 [3] NCCL INFO New proxy send connection 7 from local rank 3, transport 0
MOC-R4PCC04U05:493410:493625 [3] NCCL INFO Connected to proxy localRank 3 -> connection 0x7f1384005278
MOC-R4PCC04U05:493407:493553 [0] NCCL INFO New proxy send connection 8 from local rank 3, transport 0
MOC-R4PCC04U05:493408:493552 [1] NCCL INFO New proxy recv connection 2 from local rank 1, transport 0
MOC-R4PCC04U05:493408:493624 [1] NCCL INFO Connected to proxy localRank 1 -> connection 0x7ff034005020
MOC-R4PCC04U05:493410:493625 [3] NCCL INFO Connected to proxy localRank 0 -> connection 0x7efe6c0052f0
MOC-R4PCC04U05:493408:493552 [1] NCCL INFO New proxy recv connection 3 from local rank 1, transport 0
MOC-R4PCC04U05:493408:493624 [1] NCCL INFO Connected to proxy localRank 1 -> connection 0x7ff034005098
MOC-R4PCC04U05:493408:493552 [1] NCCL INFO New proxy send connection 4 from local rank 1, transport 0
MOC-R4PCC04U05:493408:493624 [1] NCCL INFO Connected to proxy localRank 1 -> connection 0x7ff034005110
MOC-R4PCC04U05:493408:493552 [1] NCCL INFO New proxy send connection 5 from local rank 1, transport 0
MOC-R4PCC04U05:493408:493624 [1] NCCL INFO Connected to proxy localRank 1 -> connection 0x7ff034005188
MOC-R4PCC04U05:493408:493552 [1] NCCL INFO New proxy send connection 6 from local rank 1, transport 0
MOC-R4PCC04U05:493408:493624 [1] NCCL INFO Connected to proxy localRank 1 -> connection 0x7ff034005200
MOC-R4PCC04U05:493408:493552 [1] NCCL INFO New proxy send connection 7 from local rank 1, transport 0
MOC-R4PCC04U05:493408:493624 [1] NCCL INFO Connected to proxy localRank 1 -> connection 0x7ff034005278
MOC-R4PCC04U05:493408:493552 [1] NCCL INFO New proxy send connection 8 from local rank 3, transport 0
MOC-R4PCC04U05:493410:493625 [3] NCCL INFO Connected to proxy localRank 1 -> connection 0x7ff0340052f0
MOC-R4PCC04U05:493407:493553 [0] NCCL INFO New proxy send connection 9 from local rank 2, transport 0
MOC-R4PCC04U05:493410:493548 [3] NCCL INFO New proxy send connection 8 from local rank 1, transport 0
MOC-R4PCC04U05:493409:493623 [2] NCCL INFO Connected to proxy localRank 0 -> connection 0x7efe6c005368
MOC-R4PCC04U05:493409:493549 [2] NCCL INFO New proxy send connection 8 from local rank 0, transport 0
MOC-R4PCC04U05:493408:493624 [1] NCCL INFO Connected to proxy localRank 3 -> connection 0x7f13840052f0
MOC-R4PCC04U05:493407:493626 [0] NCCL INFO Connected to proxy localRank 2 -> connection 0x7efe780052f0
MOC-R4PCC04U05:493408:493552 [1] NCCL INFO New proxy send connection 9 from local rank 2, transport 0
MOC-R4PCC04U05:493409:493623 [2] NCCL INFO Connected to proxy localRank 1 -> connection 0x7ff034005368
MOC-R4PCC04U05:493410:493548 [3] NCCL INFO New proxy send connection 9 from local rank 0, transport 0
MOC-R4PCC04U05:493407:493553 [0] NCCL INFO New proxy send connection 10 from local rank 1, transport 0
MOC-R4PCC04U05:493409:493549 [2] NCCL INFO NET/IB: NCCL Dev 1 IbDev 0 Port 1 qpn 7442 mtu 3 query_ece={supported=1, vendor_id=0x15b3, options=0x30000002, comp_mask=0x0} GID 3 (0/C132A8C0FFFF0000) fifoRkey=0x17601f fifoLkey=0x17601f
MOC-R4PCC04U05:493407:493626 [0] NCCL INFO Connected to proxy localRank 3 -> connection 0x7f1384005368
MOC-R4PCC04U05:493408:493624 [1] NCCL INFO Connected to proxy localRank 0 -> connection 0x7efe6c0053e0
MOC-R4PCC04U05:493409:493549 [2] NCCL INFO NET/IB: NCCL Dev 1 IbDev 0 Port 1 qpn 7443 mtu 3 query_ece={supported=1, vendor_id=0x15b3, options=0x30000002, comp_mask=0x0} GID 3 (0/C132A8C0FFFF0000) fifoRkey=0x17cb8a fifoLkey=0x17cb8a
MOC-R4PCC04U05:493409:493549 [2] NCCL INFO NET/IB: IbDev 0 Port 1 qpn 7598 set_ece={supported=1, vendor_id=0x15b3, options=0x0, comp_mask=0x0}
MOC-R4PCC04U05:493410:493548 [3] NCCL INFO NET/IB: NCCL Dev 1 IbDev 0 Port 1 qpn 7452 mtu 3 query_ece={supported=1, vendor_id=0x15b3, options=0x30000002, comp_mask=0x0} GID 3 (0/C132A8C0FFFF0000) fifoRkey=0x17e1a0 fifoLkey=0x17e1a0
MOC-R4PCC04U05:493410:493548 [3] NCCL INFO NET/IB: NCCL Dev 1 IbDev 0 Port 1 qpn 7453 mtu 3 query_ece={supported=1, vendor_id=0x15b3, options=0x30000002, comp_mask=0x0} GID 3 (0/C132A8C0FFFF0000) fifoRkey=0x17d796 fifoLkey=0x17d796
MOC-R4PCC04U05:493409:493549 [2] NCCL INFO NET/IB: IbDev 0 Port 1 qpn 7600 set_ece={supported=1, vendor_id=0x15b3, options=0x0, comp_mask=0x0}
MOC-R4PCC04U05:493410:493548 [3] NCCL INFO NET/IB: IbDev 0 Port 1 qpn 7604 set_ece={supported=1, vendor_id=0x15b3, options=0x0, comp_mask=0x0}
MOC-R4PCC04U05:493410:493548 [3] NCCL INFO NET/IB: IbDev 0 Port 1 qpn 7606 set_ece={supported=1, vendor_id=0x15b3, options=0x0, comp_mask=0x0}
MOC-R4PCC04U05:493408:493552 [1] NCCL INFO New proxy send connection 10 from local rank 0, transport 0
MOC-R4PCC04U05:493407:493626 [0] NCCL INFO Connected to proxy localRank 1 -> connection 0x7ff0340053e0
MOC-R4PCC04U05:493409:493549 [2] NCCL INFO New proxy send connection 9 from local rank 1, transport 0
MOC-R4PCC04U05:493408:493624 [1] NCCL INFO Connected to proxy localRank 2 -> connection 0x7efe78005368
num decayed parameter tensors: 50, with 124,318,464 parameters
num non-decayed parameter tensors: 98, with 121,344 parameters
using fused AdamW: False
using regular AdamW
MOC-R4PCC04U05:493409:493549 [2] NCCL INFO New proxy recv connection 10 from local rank 2, transport 0
MOC-R4PCC04U05:493409:494250 [2] NCCL INFO Connected to proxy localRank 2 -> connection 0x7efe780053e0
MOC-R4PCC04U05:493409:493549 [2] NCCL INFO New proxy recv connection 11 from local rank 2, transport 0
MOC-R4PCC04U05:493409:494250 [2] NCCL INFO Connected to proxy localRank 2 -> connection 0x7efe78005458
MOC-R4PCC04U05:493409:493549 [2] NCCL INFO New proxy recv connection 12 from local rank 2, transport 0
MOC-R4PCC04U05:493409:494250 [2] NCCL INFO Connected to proxy localRank 2 -> connection 0x7efe780054d0
MOC-R4PCC04U05:493409:493549 [2] NCCL INFO New proxy recv connection 13 from local rank 2, transport 0
MOC-R4PCC04U05:493409:494250 [2] NCCL INFO Connected to proxy localRank 2 -> connection 0x7efe78005548
MOC-R4PCC04U05:493407:493553 [0] NCCL INFO New proxy send connection 11 from local rank 0, transport 0
MOC-R4PCC04U05:493407:494251 [0] NCCL INFO Connected to proxy localRank 0 -> connection 0x7efe6c005458
MOC-R4PCC04U05:493407:493553 [0] NCCL INFO New proxy send connection 12 from local rank 0, transport 0
MOC-R4PCC04U05:493407:494251 [0] NCCL INFO Connected to proxy localRank 0 -> connection 0x7efe6c0054d0
MOC-R4PCC04U05:493407:493553 [0] NCCL INFO New proxy send connection 13 from local rank 0, transport 0
MOC-R4PCC04U05:493407:494251 [0] NCCL INFO Connected to proxy localRank 0 -> connection 0x7efe6c005548
MOC-R4PCC04U05:493407:493553 [0] NCCL INFO New proxy send connection 14 from local rank 0, transport 0
MOC-R4PCC04U05:493407:494251 [0] NCCL INFO Connected to proxy localRank 0 -> connection 0x7efe6c0055c0
MOC-R4PCC04U05:493410:493548 [3] NCCL INFO New proxy recv connection 10 from local rank 3, transport 0
MOC-R4PCC04U05:493410:494252 [3] NCCL INFO Connected to proxy localRank 3 -> connection 0x7f13840053e0
MOC-R4PCC04U05:493410:493548 [3] NCCL INFO New proxy recv connection 11 from local rank 3, transport 0
MOC-R4PCC04U05:493410:494252 [3] NCCL INFO Connected to proxy localRank 3 -> connection 0x7f1384005458
MOC-R4PCC04U05:493408:493552 [1] NCCL INFO New proxy recv connection 11 from local rank 1, transport 0
MOC-R4PCC04U05:493408:494253 [1] NCCL INFO Connected to proxy localRank 1 -> connection 0x7ff034005458
MOC-R4PCC04U05:493408:493552 [1] NCCL INFO New proxy recv connection 12 from local rank 1, transport 0
MOC-R4PCC04U05:493408:494253 [1] NCCL INFO Connected to proxy localRank 1 -> connection 0x7ff0340054d0
MOC-R4PCC04U05:493408:493552 [1] NCCL INFO New proxy recv connection 13 from local rank 1, transport 0
MOC-R4PCC04U05:493408:494253 [1] NCCL INFO Connected to proxy localRank 1 -> connection 0x7ff034005548
MOC-R4PCC04U05:493408:493552 [1] NCCL INFO New proxy recv connection 14 from local rank 1, transport 0
MOC-R4PCC04U05:493408:494253 [1] NCCL INFO Connected to proxy localRank 1 -> connection 0x7ff0340055c0
MOC-R4PCC04U05:493408:493552 [1] NCCL INFO New proxy send connection 15 from local rank 1, transport 0
MOC-R4PCC04U05:493408:494253 [1] NCCL INFO Connected to proxy localRank 1 -> connection 0x7ff034005638
MOC-R4PCC04U05:493408:493552 [1] NCCL INFO New proxy send connection 16 from local rank 1, transport 0
MOC-R4PCC04U05:493408:494253 [1] NCCL INFO Connected to proxy localRank 1 -> connection 0x7ff0340056b0
MOC-R4PCC04U05:493408:493552 [1] NCCL INFO New proxy send connection 17 from local rank 1, transport 0
MOC-R4PCC04U05:493408:494253 [1] NCCL INFO Connected to proxy localRank 1 -> connection 0x7ff034005728
MOC-R4PCC04U05:493408:493552 [1] NCCL INFO New proxy send connection 18 from local rank 1, transport 0
MOC-R4PCC04U05:493408:494253 [1] NCCL INFO Connected to proxy localRank 1 -> connection 0x7ff0340057a0
MOC-R4PCC04U05:493407:493553 [0] NCCL INFO New proxy send connection 15 from local rank 0, transport 0
MOC-R4PCC04U05:493408:493552 [1] NCCL INFO New proxy recv connection 19 from local rank 1, transport 0
MOC-R4PCC04U05:493408:494253 [1] NCCL INFO Connected to proxy localRank 1 -> connection 0x7ff034005818
MOC-R4PCC04U05:493407:494251 [0] NCCL INFO Connected to proxy localRank 0 -> connection 0x7efe6c005638
MOC-R4PCC04U05:493409:493549 [2] NCCL INFO New proxy send connection 14 from local rank 2, transport 0
MOC-R4PCC04U05:493409:494250 [2] NCCL INFO Connected to proxy localRank 2 -> connection 0x7efe780055c0
MOC-R4PCC04U05:493408:493552 [1] NCCL INFO New proxy recv connection 20 from local rank 1, transport 0
MOC-R4PCC04U05:493408:494253 [1] NCCL INFO Connected to proxy localRank 1 -> connection 0x7ff034005890
MOC-R4PCC04U05:493407:493553 [0] NCCL INFO New proxy send connection 16 from local rank 0, transport 0
MOC-R4PCC04U05:493407:494251 [0] NCCL INFO Connected to proxy localRank 0 -> connection 0x7efe6c0056b0
MOC-R4PCC04U05:493409:493549 [2] NCCL INFO New proxy send connection 15 from local rank 2, transport 0
MOC-R4PCC04U05:493409:494250 [2] NCCL INFO Connected to proxy localRank 2 -> connection 0x7efe78005638
MOC-R4PCC04U05:493410:494252 [3] NCCL INFO GPU Direct RDMA Disabled for GPU 3 / HCA 1 (distance 7 > 0)
MOC-R4PCC04U05:493407:493553 [0] NCCL INFO New proxy recv connection 17 from local rank 0, transport 0
MOC-R4PCC04U05:493407:494251 [0] NCCL INFO Connected to proxy localRank 0 -> connection 0x7efe6c005728
MOC-R4PCC04U05:493410:493548 [3] NCCL INFO New proxy recv connection 12 from local rank 3, transport 2
MOC-R4PCC04U05:493410:494252 [3] NCCL INFO Connected to proxy localRank 3 -> connection 0x7f13840054d0
MOC-R4PCC04U05:493410:494252 [3] NCCL INFO Channel 00/0 : 11[3] -> 3[3] [receive] via NET/IB/1
MOC-R4PCC04U05:493410:494252 [3] NCCL INFO GPU Direct RDMA Disabled for GPU 3 / HCA 1 (distance 7 > 0)
MOC-R4PCC04U05:493410:493548 [3] NCCL INFO New proxy recv connection 13 from local rank 3, transport 2
MOC-R4PCC04U05:493407:493553 [0] NCCL INFO New proxy recv connection 18 from local rank 0, transport 0
MOC-R4PCC04U05:493410:494252 [3] NCCL INFO Connected to proxy localRank 3 -> connection 0x7f1384005548
MOC-R4PCC04U05:493407:494251 [0] NCCL INFO Connected to proxy localRank 0 -> connection 0x7efe6c0057a0
MOC-R4PCC04U05:493410:494252 [3] NCCL INFO Channel 01/0 : 11[3] -> 3[3] [receive] via NET/IB/1
MOC-R4PCC04U05:493410:494252 [3] NCCL INFO GPU Direct RDMA Disabled for GPU 3 / HCA 1 (distance 7 > 0)
MOC-R4PCC04U05:493410:493548 [3] NCCL INFO New proxy recv connection 14 from local rank 3, transport 2
MOC-R4PCC04U05:493410:494252 [3] NCCL INFO Connected to proxy localRank 3 -> connection 0x7f13840055c0
MOC-R4PCC04U05:493410:494252 [3] NCCL INFO Channel 02/0 : 11[3] -> 3[3] [receive] via NET/IB/1
MOC-R4PCC04U05:493410:494252 [3] NCCL INFO GPU Direct RDMA Disabled for GPU 3 / HCA 1 (distance 7 > 0)
MOC-R4PCC04U05:493410:493548 [3] NCCL INFO New proxy recv connection 15 from local rank 3, transport 2
MOC-R4PCC04U05:493410:494252 [3] NCCL INFO Connected to proxy localRank 3 -> connection 0x7f1384005638
MOC-R4PCC04U05:493410:494252 [3] NCCL INFO Channel 03/0 : 11[3] -> 3[3] [receive] via NET/IB/1
MOC-R4PCC04U05:493410:494252 [3] NCCL INFO GPU Direct RDMA Disabled for GPU 3 / HCA 1 (distance 7 > 0)
MOC-R4PCC04U05:493410:493548 [3] NCCL INFO New proxy send connection 16 from local rank 3, transport 2
MOC-R4PCC04U05:493410:494252 [3] NCCL INFO Connected to proxy localRank 3 -> connection 0x7f13840056b0
MOC-R4PCC04U05:493410:494252 [3] NCCL INFO Channel 02/0 : 3[3] -> 7[3] [send] via NET/IB/1
MOC-R4PCC04U05:493410:494252 [3] NCCL INFO GPU Direct RDMA Disabled for GPU 3 / HCA 1 (distance 7 > 0)
MOC-R4PCC04U05:493410:493548 [3] NCCL INFO New proxy send connection 17 from local rank 3, transport 2
MOC-R4PCC04U05:493410:494252 [3] NCCL INFO Connected to proxy localRank 3 -> connection 0x7f1384005728
MOC-R4PCC04U05:493410:494252 [3] NCCL INFO Channel 03/0 : 3[3] -> 7[3] [send] via NET/IB/1
MOC-R4PCC04U05:493410:494252 [3] NCCL INFO GPU Direct RDMA Disabled for GPU 3 / HCA 1 (distance 7 > 0)
MOC-R4PCC04U05:493410:493548 [3] NCCL INFO New proxy recv connection 18 from local rank 3, transport 2
MOC-R4PCC04U05:493410:494252 [3] NCCL INFO Connected to proxy localRank 3 -> connection 0x7f13840057a0
MOC-R4PCC04U05:493410:494252 [3] NCCL INFO Channel 02/0 : 7[3] -> 3[3] [receive] via NET/IB/1
MOC-R4PCC04U05:493410:494252 [3] NCCL INFO GPU Direct RDMA Disabled for GPU 3 / HCA 1 (distance 7 > 0)
MOC-R4PCC04U05:493410:493548 [3] NCCL INFO New proxy recv connection 19 from local rank 3, transport 2
MOC-R4PCC04U05:493410:494252 [3] NCCL INFO Connected to proxy localRank 3 -> connection 0x7f1384005818
MOC-R4PCC04U05:493410:494252 [3] NCCL INFO Channel 03/0 : 7[3] -> 3[3] [receive] via NET/IB/1
MOC-R4PCC04U05:493410:494252 [3] NCCL INFO GPU Direct RDMA Disabled for GPU 3 / HCA 1 (distance 7 > 0)
MOC-R4PCC04U05:493410:493548 [3] NCCL INFO New proxy send connection 20 from local rank 3, transport 2
MOC-R4PCC04U05:493410:494252 [3] NCCL INFO Connected to proxy localRank 3 -> connection 0x7f1384005890
MOC-R4PCC04U05:493410:494252 [3] NCCL INFO Channel 00/0 : 3[3] -> 11[3] [send] via NET/IB/1
MOC-R4PCC04U05:493410:494252 [3] NCCL INFO GPU Direct RDMA Disabled for GPU 3 / HCA 1 (distance 7 > 0)
MOC-R4PCC04U05:493410:493548 [3] NCCL INFO New proxy send connection 21 from local rank 3, transport 2
MOC-R4PCC04U05:493410:494252 [3] NCCL INFO Connected to proxy localRank 3 -> connection 0x7f1384005908
MOC-R4PCC04U05:493410:494252 [3] NCCL INFO Channel 01/0 : 3[3] -> 11[3] [send] via NET/IB/1
MOC-R4PCC04U05:493410:494252 [3] NCCL INFO GPU Direct RDMA Disabled for GPU 3 / HCA 1 (distance 7 > 0)
MOC-R4PCC04U05:493410:493548 [3] NCCL INFO New proxy send connection 22 from local rank 3, transport 2
MOC-R4PCC04U05:493410:494252 [3] NCCL INFO Connected to proxy localRank 3 -> connection 0x7f1384005980
MOC-R4PCC04U05:493410:494252 [3] NCCL INFO Channel 02/0 : 3[3] -> 11[3] [send] via NET/IB/1
MOC-R4PCC04U05:493410:494252 [3] NCCL INFO GPU Direct RDMA Disabled for GPU 3 / HCA 1 (distance 7 > 0)
MOC-R4PCC04U05:493410:493548 [3] NCCL INFO New proxy send connection 23 from local rank 3, transport 2
MOC-R4PCC04U05:493410:494252 [3] NCCL INFO Connected to proxy localRank 3 -> connection 0x7f13840059f8
MOC-R4PCC04U05:493410:494252 [3] NCCL INFO Channel 03/0 : 3[3] -> 11[3] [send] via NET/IB/1
MOC-R4PCC04U05:493410:493548 [3] NCCL INFO New proxy send connection 24 from local rank 3, transport 0
MOC-R4PCC04U05:493410:494252 [3] NCCL INFO Connected to proxy localRank 3 -> connection 0x7f1384005a70
MOC-R4PCC04U05:493407:493553 [0] NCCL INFO New proxy recv connection 19 from local rank 0, transport 0
MOC-R4PCC04U05:493407:494251 [0] NCCL INFO Connected to proxy localRank 0 -> connection 0x7efe6c005818
MOC-R4PCC04U05:493410:493548 [3] NCCL INFO New proxy send connection 25 from local rank 3, transport 0
MOC-R4PCC04U05:493410:494252 [3] NCCL INFO Connected to proxy localRank 3 -> connection 0x7f1384005ae8
MOC-R4PCC04U05:493407:493553 [0] NCCL INFO New proxy recv connection 20 from local rank 0, transport 0
MOC-R4PCC04U05:493407:494251 [0] NCCL INFO Connected to proxy localRank 0 -> connection 0x7efe6c005890
MOC-R4PCC04U05:493410:493548 [3] NCCL INFO New proxy send connection 26 from local rank 3, transport 0
MOC-R4PCC04U05:493410:494252 [3] NCCL INFO Connected to proxy localRank 3 -> connection 0x7f1384005b60
MOC-R4PCC04U05:493410:493548 [3] NCCL INFO New proxy send connection 27 from local rank 3, transport 0
MOC-R4PCC04U05:493410:494252 [3] NCCL INFO Connected to proxy localRank 3 -> connection 0x7f1384005bd8
MOC-R4PCC04U05:493410:493548 [3] NCCL INFO NET/IB: NCCL Dev 1 IbDev 0 Port 1 qpn 7456 mtu 3 query_ece={supported=1, vendor_id=0x15b3, options=0x30000002, comp_mask=0x0} GID 3 (0/C132A8C0FFFF0000) fifoRkey=0x17b372 fifoLkey=0x17b372
MOC-R4PCC04U05:493410:493548 [3] NCCL INFO NET/IB: NCCL Dev 1 IbDev 0 Port 1 qpn 7457 mtu 3 query_ece={supported=1, vendor_id=0x15b3, options=0x30000002, comp_mask=0x0} GID 3 (0/C132A8C0FFFF0000) fifoRkey=0x178443 fifoLkey=0x178443
MOC-R4PCC04U05:493410:493548 [3] NCCL INFO NET/IB: IbDev 0 Port 1 qpn 7618 set_ece={supported=1, vendor_id=0x15b3, options=0x0, comp_mask=0x0}
MOC-R4PCC04U05:493410:493548 [3] NCCL INFO NET/IB: IbDev 0 Port 1 qpn 7620 set_ece={supported=1, vendor_id=0x15b3, options=0x0, comp_mask=0x0}
MOC-R4PCC04U05:493410:493548 [3] NCCL INFO NET/IB: NCCL Dev 1 IbDev 0 Port 1 qpn 7466 mtu 3 query_ece={supported=1, vendor_id=0x15b3, options=0x30000002, comp_mask=0x0} GID 3 (0/C132A8C0FFFF0000) fifoRkey=0x170bca fifoLkey=0x170bca
MOC-R4PCC04U05:493410:493548 [3] NCCL INFO NET/IB: NCCL Dev 1 IbDev 0 Port 1 qpn 7467 mtu 3 query_ece={supported=1, vendor_id=0x15b3, options=0x30000002, comp_mask=0x0} GID 3 (0/C132A8C0FFFF0000) fifoRkey=0x1722e1 fifoLkey=0x1722e1
MOC-R4PCC04U05:493410:493548 [3] NCCL INFO NET/IB: NCCL Dev 1 IbDev 0 Port 1 qpn 7468 mtu 3 query_ece={supported=1, vendor_id=0x15b3, options=0x30000002, comp_mask=0x0} GID 3 (0/C132A8C0FFFF0000) fifoRkey=0x175412 fifoLkey=0x175412
MOC-R4PCC04U05:493410:493548 [3] NCCL INFO NET/IB: NCCL Dev 1 IbDev 0 Port 1 qpn 7469 mtu 3 query_ece={supported=1, vendor_id=0x15b3, options=0x30000002, comp_mask=0x0} GID 3 (0/C132A8C0FFFF0000) fifoRkey=0x179c5b fifoLkey=0x179c5b
MOC-R4PCC04U05:493410:493548 [3] NCCL INFO NET/IB: IbDev 0 Port 1 qpn 3378 set_ece={supported=1, vendor_id=0x15b3, options=0x0, comp_mask=0x0}
MOC-R4PCC04U05:493410:493548 [3] NCCL INFO NET/IB: IbDev 0 Port 1 qpn 3380 set_ece={supported=1, vendor_id=0x15b3, options=0x0, comp_mask=0x0}
MOC-R4PCC04U05:493410:493548 [3] NCCL INFO NET/IB: IbDev 0 Port 1 qpn 3382 set_ece={supported=1, vendor_id=0x15b3, options=0x0, comp_mask=0x0}
MOC-R4PCC04U05:493410:493548 [3] NCCL INFO NET/IB: IbDev 0 Port 1 qpn 3384 set_ece={supported=1, vendor_id=0x15b3, options=0x0, comp_mask=0x0}
step    1/10 | train loss 11.009883 | norm 15.4032 | lr 1.00e-04 | (14210.30 ms | 138356 tok/s)
step    2/10 | train loss 10.137029 | norm 5.7554 | lr 1.00e-04 | (503.01 ms | 3908637 tok/s)
step    3/10 | train loss 9.795784 | norm 2.6138 | lr 1.00e-04 | (489.70 ms | 4014868 tok/s)
step    4/10 | train loss 9.626215 | norm 2.1172 | lr 1.00e-04 | (519.80 ms | 3782413 tok/s)
step    5/10 | train loss 9.543118 | norm 2.1086 | lr 1.00e-04 | (528.08 ms | 3723103 tok/s)
step    6/10 | train loss 9.461719 | norm 2.0012 | lr 1.00e-04 | (468.60 ms | 4195642 tok/s)
step    7/10 | train loss 9.375908 | norm 1.9512 | lr 1.00e-04 | (491.72 ms | 3998404 tok/s)
step    8/10 | train loss 9.283662 | norm 1.9173 | lr 1.00e-04 | (488.83 ms | 4021995 tok/s)
step    9/10 | train loss 9.187845 | norm 1.8581 | lr 1.00e-04 | (534.30 ms | 3679717 tok/s)
step   10/10 | train loss 9.103609 | norm 1.8050 | lr 1.00e-04 | (473.12 ms | 4155597 tok/s)
final 9 iters avg: 499.683ms
peak memory consumption: 16601 MiB
