Running pytorch 2.7.0+cu126
using device: cuda:0
total desired batch size: 1572864
=> calculated gradient accumulation steps: 6
using device: cuda:3
using device: cuda:1
using device: cuda:2
compiling the model...
DataLoader: total number of tokens: 1,661,249,667 across 103 files
MOC-R4PCC04U05:427140:427140 [0] NCCL INFO NCCL_SOCKET_IFNAME set to eno7np0
MOC-R4PCC04U05:427140:427140 [0] NCCL INFO NCCL version 2.26.2+cuda12.2
MOC-R4PCC04U05:427142:427142 [2] NCCL INFO NCCL_SOCKET_IFNAME set to eno7np0
MOC-R4PCC04U05:427142:427142 [2] NCCL INFO NCCL version 2.26.2+cuda12.2
MOC-R4PCC04U05:427141:427141 [1] NCCL INFO NCCL_SOCKET_IFNAME set to eno7np0
MOC-R4PCC04U05:427143:427143 [3] NCCL INFO NCCL_SOCKET_IFNAME set to eno7np0
MOC-R4PCC04U05:427141:427141 [1] NCCL INFO NCCL version 2.26.2+cuda12.2
MOC-R4PCC04U05:427143:427143 [3] NCCL INFO NCCL version 2.26.2+cuda12.2
MOC-R4PCC04U05:427140:427181 [0] NCCL INFO NET/Plugin: Could not find: libnccl-net.so. Using internal net plugin.
MOC-R4PCC04U05:427140:427181 [0] NCCL INFO NET/Socket : Using [0]eno7np0:192.168.50.193<0>
MOC-R4PCC04U05:427142:427182 [2] NCCL INFO NET/Plugin: Could not find: libnccl-net.so. Using internal net plugin.
MOC-R4PCC04U05:427142:427182 [2] NCCL INFO NET/Socket : Using [0]eno7np0:192.168.50.193<0>
MOC-R4PCC04U05:427143:427183 [3] NCCL INFO NET/Plugin: Could not find: libnccl-net.so. Using internal net plugin.
MOC-R4PCC04U05:427143:427183 [3] NCCL INFO NET/Socket : Using [0]eno7np0:192.168.50.193<0>
MOC-R4PCC04U05:427141:427184 [1] NCCL INFO NET/Plugin: Could not find: libnccl-net.so. Using internal net plugin.
MOC-R4PCC04U05:427141:427184 [1] NCCL INFO NET/Socket : Using [0]eno7np0:192.168.50.193<0>
MOC-R4PCC04U05:427143:427183 [3] NCCL INFO NET/Socket : GPU Direct RDMA Disabled for HCA 0 'eno7np0'
MOC-R4PCC04U05:427140:427181 [0] NCCL INFO NET/Socket : GPU Direct RDMA Disabled for HCA 0 'eno7np0'
MOC-R4PCC04U05:427141:427184 [1] NCCL INFO NET/Socket : GPU Direct RDMA Disabled for HCA 0 'eno7np0'
MOC-R4PCC04U05:427142:427182 [2] NCCL INFO NET/Socket : GPU Direct RDMA Disabled for HCA 0 'eno7np0'
MOC-R4PCC04U05:427143:427193 [3] NCCL INFO New proxy recv connection 0 from local rank 3, transport 0
MOC-R4PCC04U05:427141:427198 [1] NCCL INFO New proxy recv connection 0 from local rank 1, transport 0
MOC-R4PCC04U05:427143:427202 [3] NCCL INFO Connected to proxy localRank 3 -> connection 0x7f41e0004f30
MOC-R4PCC04U05:427141:427201 [1] NCCL INFO Connected to proxy localRank 1 -> connection 0x7f3cc4004f30
MOC-R4PCC04U05:427143:427193 [3] NCCL INFO New proxy recv connection 1 from local rank 3, transport 0
MOC-R4PCC04U05:427143:427202 [3] NCCL INFO Connected to proxy localRank 3 -> connection 0x7f41e0004fa8
MOC-R4PCC04U05:427141:427198 [1] NCCL INFO New proxy recv connection 1 from local rank 1, transport 0
MOC-R4PCC04U05:427141:427201 [1] NCCL INFO Connected to proxy localRank 1 -> connection 0x7f3cc4004fa8
MOC-R4PCC04U05:427142:427195 [2] NCCL INFO New proxy recv connection 0 from local rank 2, transport 0
MOC-R4PCC04U05:427142:427203 [2] NCCL INFO Connected to proxy localRank 2 -> connection 0x7efe7c004f30
MOC-R4PCC04U05:427142:427195 [2] NCCL INFO New proxy recv connection 1 from local rank 2, transport 0
MOC-R4PCC04U05:427142:427203 [2] NCCL INFO Connected to proxy localRank 2 -> connection 0x7efe7c004fa8
MOC-R4PCC04U05:427143:427193 [3] NCCL INFO New proxy send connection 2 from local rank 3, transport 2
MOC-R4PCC04U05:427143:427202 [3] NCCL INFO Connected to proxy localRank 3 -> connection 0x7f41e0005020
MOC-R4PCC04U05:427143:427202 [3] NCCL INFO Channel 00/0 : 3[3] -> 6[2] [send] via NET/Socket/0
MOC-R4PCC04U05:427143:427193 [3] NCCL INFO New proxy send connection 3 from local rank 3, transport 2
MOC-R4PCC04U05:427143:427202 [3] NCCL INFO Connected to proxy localRank 3 -> connection 0x7f41e0005098
MOC-R4PCC04U05:427143:427202 [3] NCCL INFO Channel 02/0 : 3[3] -> 6[2] [send] via NET/Socket/0
MOC-R4PCC04U05:427140:427196 [0] NCCL INFO New proxy send connection 0 from local rank 0, transport 0
MOC-R4PCC04U05:427140:427205 [0] NCCL INFO Connected to proxy localRank 0 -> connection 0x7f23ac004f30
MOC-R4PCC04U05:427140:427196 [0] NCCL INFO New proxy send connection 1 from local rank 0, transport 0
MOC-R4PCC04U05:427140:427205 [0] NCCL INFO Connected to proxy localRank 0 -> connection 0x7f23ac004fa8
MOC-R4PCC04U05:427140:427196 [0] NCCL INFO New proxy send connection 2 from local rank 0, transport 0
MOC-R4PCC04U05:427140:427205 [0] NCCL INFO Connected to proxy localRank 0 -> connection 0x7f23ac005020
MOC-R4PCC04U05:427140:427196 [0] NCCL INFO New proxy send connection 3 from local rank 0, transport 0
MOC-R4PCC04U05:427140:427205 [0] NCCL INFO Connected to proxy localRank 0 -> connection 0x7f23ac005098
MOC-R4PCC04U05:427143:427193 [3] NCCL INFO New proxy recv connection 4 from local rank 3, transport 2
MOC-R4PCC04U05:427140:427196 [0] NCCL INFO New proxy recv connection 4 from local rank 0, transport 0
MOC-R4PCC04U05:427143:427202 [3] NCCL INFO Connected to proxy localRank 3 -> connection 0x7f41e0005110
MOC-R4PCC04U05:427140:427205 [0] NCCL INFO Connected to proxy localRank 0 -> connection 0x7f23ac005110
MOC-R4PCC04U05:427143:427202 [3] NCCL INFO Channel 01/0 : 6[2] -> 3[3] [receive] via NET/Socket/0
MOC-R4PCC04U05:427143:427193 [3] NCCL INFO New proxy recv connection 5 from local rank 3, transport 2
MOC-R4PCC04U05:427143:427202 [3] NCCL INFO Connected to proxy localRank 3 -> connection 0x7f41e0005188
MOC-R4PCC04U05:427143:427202 [3] NCCL INFO Channel 03/0 : 6[2] -> 3[3] [receive] via NET/Socket/0
MOC-R4PCC04U05:427143:427193 [3] NCCL INFO New proxy send connection 6 from local rank 3, transport 0
MOC-R4PCC04U05:427143:427202 [3] NCCL INFO Connected to proxy localRank 3 -> connection 0x7f41e0005200
MOC-R4PCC04U05:427140:427196 [0] NCCL INFO New proxy recv connection 5 from local rank 0, transport 0
MOC-R4PCC04U05:427140:427205 [0] NCCL INFO Connected to proxy localRank 0 -> connection 0x7f23ac005188
MOC-R4PCC04U05:427143:427193 [3] NCCL INFO New proxy send connection 7 from local rank 3, transport 0
MOC-R4PCC04U05:427143:427202 [3] NCCL INFO Connected to proxy localRank 3 -> connection 0x7f41e0005278
MOC-R4PCC04U05:427140:427196 [0] NCCL INFO New proxy recv connection 6 from local rank 0, transport 0
MOC-R4PCC04U05:427140:427205 [0] NCCL INFO Connected to proxy localRank 0 -> connection 0x7f23ac005200
MOC-R4PCC04U05:427141:427198 [1] NCCL INFO New proxy recv connection 2 from local rank 1, transport 0
MOC-R4PCC04U05:427141:427201 [1] NCCL INFO Connected to proxy localRank 1 -> connection 0x7f3cc4005020
MOC-R4PCC04U05:427140:427196 [0] NCCL INFO New proxy recv connection 7 from local rank 0, transport 0
MOC-R4PCC04U05:427140:427205 [0] NCCL INFO Connected to proxy localRank 0 -> connection 0x7f23ac005278
MOC-R4PCC04U05:427140:427196 [0] NCCL INFO New proxy send connection 8 from local rank 3, transport 0
MOC-R4PCC04U05:427143:427202 [3] NCCL INFO Connected to proxy localRank 0 -> connection 0x7f23ac0052f0
MOC-R4PCC04U05:427141:427198 [1] NCCL INFO New proxy recv connection 3 from local rank 1, transport 0
MOC-R4PCC04U05:427141:427201 [1] NCCL INFO Connected to proxy localRank 1 -> connection 0x7f3cc4005098
MOC-R4PCC04U05:427141:427198 [1] NCCL INFO New proxy send connection 4 from local rank 1, transport 0
MOC-R4PCC04U05:427141:427201 [1] NCCL INFO Connected to proxy localRank 1 -> connection 0x7f3cc4005110
MOC-R4PCC04U05:427142:427195 [2] NCCL INFO New proxy recv connection 2 from local rank 2, transport 2
MOC-R4PCC04U05:427142:427203 [2] NCCL INFO Connected to proxy localRank 2 -> connection 0x7efe7c005020
MOC-R4PCC04U05:427142:427203 [2] NCCL INFO Channel 00/0 : 7[3] -> 2[2] [receive] via NET/Socket/0
MOC-R4PCC04U05:427142:427195 [2] NCCL INFO New proxy recv connection 3 from local rank 2, transport 2
MOC-R4PCC04U05:427142:427203 [2] NCCL INFO Connected to proxy localRank 2 -> connection 0x7efe7c005098
MOC-R4PCC04U05:427142:427203 [2] NCCL INFO Channel 02/0 : 7[3] -> 2[2] [receive] via NET/Socket/0
MOC-R4PCC04U05:427142:427195 [2] NCCL INFO New proxy send connection 4 from local rank 2, transport 2
MOC-R4PCC04U05:427142:427203 [2] NCCL INFO Connected to proxy localRank 2 -> connection 0x7efe7c005110
MOC-R4PCC04U05:427142:427203 [2] NCCL INFO Channel 01/0 : 2[2] -> 7[3] [send] via NET/Socket/0
MOC-R4PCC04U05:427142:427195 [2] NCCL INFO New proxy send connection 5 from local rank 2, transport 2
MOC-R4PCC04U05:427142:427203 [2] NCCL INFO Connected to proxy localRank 2 -> connection 0x7efe7c005188
MOC-R4PCC04U05:427142:427203 [2] NCCL INFO Channel 03/0 : 2[2] -> 7[3] [send] via NET/Socket/0
MOC-R4PCC04U05:427142:427195 [2] NCCL INFO New proxy send connection 6 from local rank 2, transport 0
MOC-R4PCC04U05:427142:427203 [2] NCCL INFO Connected to proxy localRank 2 -> connection 0x7efe7c005200
MOC-R4PCC04U05:427141:427198 [1] NCCL INFO New proxy send connection 5 from local rank 1, transport 0
MOC-R4PCC04U05:427141:427201 [1] NCCL INFO Connected to proxy localRank 1 -> connection 0x7f3cc4005188
MOC-R4PCC04U05:427142:427195 [2] NCCL INFO New proxy send connection 7 from local rank 2, transport 0
MOC-R4PCC04U05:427142:427203 [2] NCCL INFO Connected to proxy localRank 2 -> connection 0x7efe7c005278
MOC-R4PCC04U05:427141:427198 [1] NCCL INFO New proxy send connection 6 from local rank 1, transport 0
MOC-R4PCC04U05:427141:427201 [1] NCCL INFO Connected to proxy localRank 1 -> connection 0x7f3cc4005200
MOC-R4PCC04U05:427141:427198 [1] NCCL INFO New proxy send connection 7 from local rank 1, transport 0
MOC-R4PCC04U05:427141:427201 [1] NCCL INFO Connected to proxy localRank 1 -> connection 0x7f3cc4005278
MOC-R4PCC04U05:427140:427196 [0] NCCL INFO New proxy send connection 9 from local rank 2, transport 0
MOC-R4PCC04U05:427142:427203 [2] NCCL INFO Connected to proxy localRank 0 -> connection 0x7f23ac005368
MOC-R4PCC04U05:427142:427195 [2] NCCL INFO New proxy send connection 8 from local rank 0, transport 0
MOC-R4PCC04U05:427140:427205 [0] NCCL INFO Connected to proxy localRank 2 -> connection 0x7efe7c0052f0
MOC-R4PCC04U05:427143:427193 [3] NCCL INFO New proxy send connection 8 from local rank 1, transport 0
MOC-R4PCC04U05:427141:427201 [1] NCCL INFO Connected to proxy localRank 3 -> connection 0x7f41e00052f0
MOC-R4PCC04U05:427141:427198 [1] NCCL INFO New proxy send connection 8 from local rank 3, transport 0
MOC-R4PCC04U05:427143:427202 [3] NCCL INFO Connected to proxy localRank 1 -> connection 0x7f3cc40052f0
MOC-R4PCC04U05:427141:427198 [1] NCCL INFO New proxy send connection 9 from local rank 2, transport 0
MOC-R4PCC04U05:427142:427203 [2] NCCL INFO Connected to proxy localRank 1 -> connection 0x7f3cc4005368
MOC-R4PCC04U05:427143:427193 [3] NCCL INFO New proxy send connection 9 from local rank 0, transport 0
MOC-R4PCC04U05:427140:427205 [0] NCCL INFO Connected to proxy localRank 3 -> connection 0x7f41e0005368
MOC-R4PCC04U05:427140:427196 [0] NCCL INFO New proxy send connection 10 from local rank 1, transport 0
MOC-R4PCC04U05:427141:427201 [1] NCCL INFO Connected to proxy localRank 0 -> connection 0x7f23ac0053e0
MOC-R4PCC04U05:427141:427198 [1] NCCL INFO New proxy send connection 10 from local rank 0, transport 0
MOC-R4PCC04U05:427140:427205 [0] NCCL INFO Connected to proxy localRank 1 -> connection 0x7f3cc40053e0
MOC-R4PCC04U05:427142:427195 [2] NCCL INFO New proxy send connection 9 from local rank 1, transport 0
MOC-R4PCC04U05:427141:427201 [1] NCCL INFO Connected to proxy localRank 2 -> connection 0x7efe7c005368
num decayed parameter tensors: 50, with 124,318,464 parameters
num non-decayed parameter tensors: 98, with 121,344 parameters
using fused AdamW: False
using regular AdamW
MOC-R4PCC04U05:427141:427198 [1] NCCL INFO New proxy recv connection 11 from local rank 1, transport 0
MOC-R4PCC04U05:427141:427913 [1] NCCL INFO Connected to proxy localRank 1 -> connection 0x7f3cc4005458
MOC-R4PCC04U05:427141:427198 [1] NCCL INFO New proxy recv connection 12 from local rank 1, transport 0
MOC-R4PCC04U05:427141:427913 [1] NCCL INFO Connected to proxy localRank 1 -> connection 0x7f3cc40054d0
MOC-R4PCC04U05:427141:427198 [1] NCCL INFO New proxy recv connection 13 from local rank 1, transport 0
MOC-R4PCC04U05:427141:427913 [1] NCCL INFO Connected to proxy localRank 1 -> connection 0x7f3cc4005548
MOC-R4PCC04U05:427141:427198 [1] NCCL INFO New proxy recv connection 14 from local rank 1, transport 0
MOC-R4PCC04U05:427141:427913 [1] NCCL INFO Connected to proxy localRank 1 -> connection 0x7f3cc40055c0
MOC-R4PCC04U05:427141:427198 [1] NCCL INFO New proxy send connection 15 from local rank 1, transport 0
MOC-R4PCC04U05:427141:427913 [1] NCCL INFO Connected to proxy localRank 1 -> connection 0x7f3cc4005638
MOC-R4PCC04U05:427141:427198 [1] NCCL INFO New proxy send connection 16 from local rank 1, transport 0
MOC-R4PCC04U05:427141:427913 [1] NCCL INFO Connected to proxy localRank 1 -> connection 0x7f3cc40056b0
MOC-R4PCC04U05:427141:427198 [1] NCCL INFO New proxy send connection 17 from local rank 1, transport 0
MOC-R4PCC04U05:427141:427913 [1] NCCL INFO Connected to proxy localRank 1 -> connection 0x7f3cc4005728
MOC-R4PCC04U05:427141:427198 [1] NCCL INFO New proxy send connection 18 from local rank 1, transport 0
MOC-R4PCC04U05:427141:427913 [1] NCCL INFO Connected to proxy localRank 1 -> connection 0x7f3cc40057a0
MOC-R4PCC04U05:427142:427195 [2] NCCL INFO New proxy recv connection 10 from local rank 2, transport 0
MOC-R4PCC04U05:427142:427914 [2] NCCL INFO Connected to proxy localRank 2 -> connection 0x7efe7c0053e0
MOC-R4PCC04U05:427142:427195 [2] NCCL INFO New proxy recv connection 11 from local rank 2, transport 0
MOC-R4PCC04U05:427142:427914 [2] NCCL INFO Connected to proxy localRank 2 -> connection 0x7efe7c005458
MOC-R4PCC04U05:427142:427195 [2] NCCL INFO New proxy recv connection 12 from local rank 2, transport 0
MOC-R4PCC04U05:427142:427914 [2] NCCL INFO Connected to proxy localRank 2 -> connection 0x7efe7c0054d0
MOC-R4PCC04U05:427142:427195 [2] NCCL INFO New proxy recv connection 13 from local rank 2, transport 0
MOC-R4PCC04U05:427142:427914 [2] NCCL INFO Connected to proxy localRank 2 -> connection 0x7efe7c005548
MOC-R4PCC04U05:427142:427195 [2] NCCL INFO New proxy send connection 14 from local rank 2, transport 0
MOC-R4PCC04U05:427142:427914 [2] NCCL INFO Connected to proxy localRank 2 -> connection 0x7efe7c0055c0
MOC-R4PCC04U05:427142:427195 [2] NCCL INFO New proxy send connection 15 from local rank 2, transport 0
MOC-R4PCC04U05:427142:427914 [2] NCCL INFO Connected to proxy localRank 2 -> connection 0x7efe7c005638
MOC-R4PCC04U05:427143:427193 [3] NCCL INFO New proxy recv connection 10 from local rank 3, transport 0
MOC-R4PCC04U05:427143:427915 [3] NCCL INFO Connected to proxy localRank 3 -> connection 0x7f41e00053e0
MOC-R4PCC04U05:427143:427193 [3] NCCL INFO New proxy recv connection 11 from local rank 3, transport 0
MOC-R4PCC04U05:427143:427915 [3] NCCL INFO Connected to proxy localRank 3 -> connection 0x7f41e0005458
MOC-R4PCC04U05:427140:427196 [0] NCCL INFO New proxy send connection 11 from local rank 0, transport 0
MOC-R4PCC04U05:427140:427916 [0] NCCL INFO Connected to proxy localRank 0 -> connection 0x7f23ac005458
MOC-R4PCC04U05:427140:427196 [0] NCCL INFO New proxy send connection 12 from local rank 0, transport 0
MOC-R4PCC04U05:427140:427916 [0] NCCL INFO Connected to proxy localRank 0 -> connection 0x7f23ac0054d0
MOC-R4PCC04U05:427140:427196 [0] NCCL INFO New proxy send connection 13 from local rank 0, transport 0
MOC-R4PCC04U05:427140:427916 [0] NCCL INFO Connected to proxy localRank 0 -> connection 0x7f23ac005548
MOC-R4PCC04U05:427140:427196 [0] NCCL INFO New proxy send connection 14 from local rank 0, transport 0
MOC-R4PCC04U05:427140:427916 [0] NCCL INFO Connected to proxy localRank 0 -> connection 0x7f23ac0055c0
MOC-R4PCC04U05:427140:427196 [0] NCCL INFO New proxy send connection 15 from local rank 0, transport 0
MOC-R4PCC04U05:427140:427916 [0] NCCL INFO Connected to proxy localRank 0 -> connection 0x7f23ac005638
MOC-R4PCC04U05:427141:427198 [1] NCCL INFO New proxy recv connection 19 from local rank 1, transport 0
MOC-R4PCC04U05:427140:427196 [0] NCCL INFO New proxy send connection 16 from local rank 0, transport 0
MOC-R4PCC04U05:427140:427916 [0] NCCL INFO Connected to proxy localRank 0 -> connection 0x7f23ac0056b0
MOC-R4PCC04U05:427141:427913 [1] NCCL INFO Connected to proxy localRank 1 -> connection 0x7f3cc4005818
MOC-R4PCC04U05:427140:427196 [0] NCCL INFO New proxy recv connection 17 from local rank 0, transport 0
MOC-R4PCC04U05:427143:427193 [3] NCCL INFO New proxy recv connection 12 from local rank 3, transport 2
MOC-R4PCC04U05:427140:427916 [0] NCCL INFO Connected to proxy localRank 0 -> connection 0x7f23ac005728
MOC-R4PCC04U05:427143:427915 [3] NCCL INFO Connected to proxy localRank 3 -> connection 0x7f41e00054d0
MOC-R4PCC04U05:427140:427196 [0] NCCL INFO New proxy recv connection 18 from local rank 0, transport 0
MOC-R4PCC04U05:427140:427916 [0] NCCL INFO Connected to proxy localRank 0 -> connection 0x7f23ac0057a0
MOC-R4PCC04U05:427141:427198 [1] NCCL INFO New proxy recv connection 20 from local rank 1, transport 0
MOC-R4PCC04U05:427141:427913 [1] NCCL INFO Connected to proxy localRank 1 -> connection 0x7f3cc4005890
MOC-R4PCC04U05:427140:427196 [0] NCCL INFO New proxy recv connection 19 from local rank 0, transport 0
MOC-R4PCC04U05:427140:427916 [0] NCCL INFO Connected to proxy localRank 0 -> connection 0x7f23ac005818
MOC-R4PCC04U05:427143:427915 [3] NCCL INFO Channel 00/0 : 7[3] -> 3[3] [receive] via NET/Socket/0
MOC-R4PCC04U05:427143:427193 [3] NCCL INFO New proxy recv connection 13 from local rank 3, transport 2
MOC-R4PCC04U05:427143:427915 [3] NCCL INFO Connected to proxy localRank 3 -> connection 0x7f41e0005548
MOC-R4PCC04U05:427140:427196 [0] NCCL INFO New proxy recv connection 20 from local rank 0, transport 0
MOC-R4PCC04U05:427140:427916 [0] NCCL INFO Connected to proxy localRank 0 -> connection 0x7f23ac005890
MOC-R4PCC04U05:427143:427915 [3] NCCL INFO Channel 01/0 : 7[3] -> 3[3] [receive] via NET/Socket/0
MOC-R4PCC04U05:427143:427193 [3] NCCL INFO New proxy recv connection 14 from local rank 3, transport 2
MOC-R4PCC04U05:427143:427915 [3] NCCL INFO Connected to proxy localRank 3 -> connection 0x7f41e00055c0
MOC-R4PCC04U05:427143:427915 [3] NCCL INFO Channel 02/0 : 7[3] -> 3[3] [receive] via NET/Socket/0
MOC-R4PCC04U05:427143:427193 [3] NCCL INFO New proxy recv connection 15 from local rank 3, transport 2
MOC-R4PCC04U05:427143:427915 [3] NCCL INFO Connected to proxy localRank 3 -> connection 0x7f41e0005638
MOC-R4PCC04U05:427143:427915 [3] NCCL INFO Channel 03/0 : 7[3] -> 3[3] [receive] via NET/Socket/0
MOC-R4PCC04U05:427143:427193 [3] NCCL INFO New proxy send connection 16 from local rank 3, transport 2
MOC-R4PCC04U05:427143:427915 [3] NCCL INFO Connected to proxy localRank 3 -> connection 0x7f41e00056b0
MOC-R4PCC04U05:427143:427915 [3] NCCL INFO Channel 00/0 : 3[3] -> 7[3] [send] via NET/Socket/0
MOC-R4PCC04U05:427143:427193 [3] NCCL INFO New proxy send connection 17 from local rank 3, transport 2
MOC-R4PCC04U05:427143:427915 [3] NCCL INFO Connected to proxy localRank 3 -> connection 0x7f41e0005728
MOC-R4PCC04U05:427143:427915 [3] NCCL INFO Channel 01/0 : 3[3] -> 7[3] [send] via NET/Socket/0
MOC-R4PCC04U05:427143:427193 [3] NCCL INFO New proxy send connection 18 from local rank 3, transport 2
MOC-R4PCC04U05:427143:427915 [3] NCCL INFO Connected to proxy localRank 3 -> connection 0x7f41e00057a0
MOC-R4PCC04U05:427143:427915 [3] NCCL INFO Channel 02/0 : 3[3] -> 7[3] [send] via NET/Socket/0
MOC-R4PCC04U05:427143:427193 [3] NCCL INFO New proxy send connection 19 from local rank 3, transport 2
MOC-R4PCC04U05:427143:427915 [3] NCCL INFO Connected to proxy localRank 3 -> connection 0x7f41e0005818
MOC-R4PCC04U05:427143:427915 [3] NCCL INFO Channel 03/0 : 3[3] -> 7[3] [send] via NET/Socket/0
MOC-R4PCC04U05:427143:427193 [3] NCCL INFO New proxy send connection 20 from local rank 3, transport 0
MOC-R4PCC04U05:427143:427915 [3] NCCL INFO Connected to proxy localRank 3 -> connection 0x7f41e0005890
MOC-R4PCC04U05:427143:427193 [3] NCCL INFO New proxy send connection 21 from local rank 3, transport 0
MOC-R4PCC04U05:427143:427915 [3] NCCL INFO Connected to proxy localRank 3 -> connection 0x7f41e0005908
MOC-R4PCC04U05:427143:427193 [3] NCCL INFO New proxy send connection 22 from local rank 3, transport 0
MOC-R4PCC04U05:427143:427915 [3] NCCL INFO Connected to proxy localRank 3 -> connection 0x7f41e0005980
MOC-R4PCC04U05:427143:427193 [3] NCCL INFO New proxy send connection 23 from local rank 3, transport 0
MOC-R4PCC04U05:427143:427915 [3] NCCL INFO Connected to proxy localRank 3 -> connection 0x7f41e00059f8
step    1/10 | train loss 11.010139 | norm 15.4234 | lr 1.00e-04 | (14278.49 ms | 110156 tok/s)
step    2/10 | train loss 10.136946 | norm 5.7587 | lr 1.00e-04 | (519.54 ms | 3027394 tok/s)
step    3/10 | train loss 9.795475 | norm 2.6123 | lr 1.00e-04 | (513.30 ms | 3064230 tok/s)
step    4/10 | train loss 9.625650 | norm 2.1154 | lr 1.00e-04 | (511.39 ms | 3075672 tok/s)
step    5/10 | train loss 9.542594 | norm 2.1031 | lr 1.00e-04 | (509.10 ms | 3089486 tok/s)
step    6/10 | train loss 9.461357 | norm 1.9977 | lr 1.00e-04 | (508.83 ms | 3091166 tok/s)
step    7/10 | train loss 9.375710 | norm 1.9472 | lr 1.00e-04 | (507.49 ms | 3099285 tok/s)
step    8/10 | train loss 9.283986 | norm 1.9146 | lr 1.00e-04 | (507.91 ms | 3096762 tok/s)
step    9/10 | train loss 9.188591 | norm 1.8601 | lr 1.00e-04 | (509.90 ms | 3084659 tok/s)
step   10/10 | train loss 9.103174 | norm 1.7948 | lr 1.00e-04 | (512.87 ms | 3066768 tok/s)
final 9 iters avg: 511.148ms
peak memory consumption: 16601 MiB
