Running pytorch 2.7.0+cu126
using device: cuda:0
total desired batch size: 524288
=> calculated gradient accumulation steps: 2
using device: cuda:2
using device: cuda:3
using device: cuda:1
compiling the model...
DataLoader: total number of tokens: 1,661,249,667 across 103 files
MOC-R4PCC04U05:362592:362592 [0] NCCL INFO NCCL_SOCKET_IFNAME set to eno7np0
MOC-R4PCC04U05:362592:362592 [0] NCCL INFO NCCL version 2.26.2+cuda12.2
MOC-R4PCC04U05:362593:362593 [1] NCCL INFO NCCL_SOCKET_IFNAME set to eno7np0
MOC-R4PCC04U05:362593:362593 [1] NCCL INFO NCCL version 2.26.2+cuda12.2
MOC-R4PCC04U05:362594:362594 [2] NCCL INFO NCCL_SOCKET_IFNAME set to eno7np0
MOC-R4PCC04U05:362594:362594 [2] NCCL INFO NCCL version 2.26.2+cuda12.2
MOC-R4PCC04U05:362595:362595 [3] NCCL INFO NCCL_SOCKET_IFNAME set to eno7np0
MOC-R4PCC04U05:362595:362595 [3] NCCL INFO NCCL version 2.26.2+cuda12.2
MOC-R4PCC04U05:362592:362633 [0] NCCL INFO NET/Plugin: Could not find: libnccl-net.so. Using internal net plugin.
MOC-R4PCC04U05:362592:362633 [0] NCCL INFO NET/Socket : Using [0]eno7np0:192.168.50.193<0>
MOC-R4PCC04U05:362593:362634 [1] NCCL INFO NET/Plugin: Could not find: libnccl-net.so. Using internal net plugin.
MOC-R4PCC04U05:362593:362634 [1] NCCL INFO NET/Socket : Using [0]eno7np0:192.168.50.193<0>
MOC-R4PCC04U05:362594:362635 [2] NCCL INFO NET/Plugin: Could not find: libnccl-net.so. Using internal net plugin.
MOC-R4PCC04U05:362594:362635 [2] NCCL INFO NET/Socket : Using [0]eno7np0:192.168.50.193<0>
MOC-R4PCC04U05:362595:362636 [3] NCCL INFO NET/Plugin: Could not find: libnccl-net.so. Using internal net plugin.
MOC-R4PCC04U05:362595:362636 [3] NCCL INFO NET/Socket : Using [0]eno7np0:192.168.50.193<0>
MOC-R4PCC04U05:362592:362633 [0] NCCL INFO NET/Socket : GPU Direct RDMA Disabled for HCA 0 'eno7np0'
MOC-R4PCC04U05:362595:362636 [3] NCCL INFO NET/Socket : GPU Direct RDMA Disabled for HCA 0 'eno7np0'
MOC-R4PCC04U05:362594:362635 [2] NCCL INFO NET/Socket : GPU Direct RDMA Disabled for HCA 0 'eno7np0'
MOC-R4PCC04U05:362593:362634 [1] NCCL INFO NET/Socket : GPU Direct RDMA Disabled for HCA 0 'eno7np0'
MOC-R4PCC04U05:362593:362651 [1] NCCL INFO New proxy recv connection 0 from local rank 1, transport 0
MOC-R4PCC04U05:362593:362653 [1] NCCL INFO Connected to proxy localRank 1 -> connection 0x7f7de8004f30
MOC-R4PCC04U05:362594:362645 [2] NCCL INFO New proxy recv connection 0 from local rank 2, transport 0
MOC-R4PCC04U05:362594:362654 [2] NCCL INFO Connected to proxy localRank 2 -> connection 0x7f5d4c004f30
MOC-R4PCC04U05:362593:362651 [1] NCCL INFO New proxy recv connection 1 from local rank 1, transport 0
MOC-R4PCC04U05:362593:362653 [1] NCCL INFO Connected to proxy localRank 1 -> connection 0x7f7de8004fa8
MOC-R4PCC04U05:362594:362645 [2] NCCL INFO New proxy recv connection 1 from local rank 2, transport 0
MOC-R4PCC04U05:362594:362654 [2] NCCL INFO Connected to proxy localRank 2 -> connection 0x7f5d4c004fa8
MOC-R4PCC04U05:362595:362646 [3] NCCL INFO New proxy recv connection 0 from local rank 3, transport 0
MOC-R4PCC04U05:362595:362655 [3] NCCL INFO Connected to proxy localRank 3 -> connection 0x7fd368004f30
MOC-R4PCC04U05:362592:362648 [0] NCCL INFO New proxy send connection 0 from local rank 0, transport 0
MOC-R4PCC04U05:362592:362656 [0] NCCL INFO Connected to proxy localRank 0 -> connection 0x7f362c004f30
MOC-R4PCC04U05:362595:362646 [3] NCCL INFO New proxy recv connection 1 from local rank 3, transport 0
MOC-R4PCC04U05:362595:362655 [3] NCCL INFO Connected to proxy localRank 3 -> connection 0x7fd368004fa8
MOC-R4PCC04U05:362592:362648 [0] NCCL INFO New proxy send connection 1 from local rank 0, transport 0
MOC-R4PCC04U05:362592:362656 [0] NCCL INFO Connected to proxy localRank 0 -> connection 0x7f362c004fa8
MOC-R4PCC04U05:362592:362648 [0] NCCL INFO New proxy send connection 2 from local rank 0, transport 0
MOC-R4PCC04U05:362592:362656 [0] NCCL INFO Connected to proxy localRank 0 -> connection 0x7f362c005020
MOC-R4PCC04U05:362592:362648 [0] NCCL INFO New proxy send connection 3 from local rank 0, transport 0
MOC-R4PCC04U05:362592:362656 [0] NCCL INFO Connected to proxy localRank 0 -> connection 0x7f362c005098
MOC-R4PCC04U05:362594:362645 [2] NCCL INFO New proxy recv connection 2 from local rank 2, transport 2
MOC-R4PCC04U05:362594:362654 [2] NCCL INFO Connected to proxy localRank 2 -> connection 0x7f5d4c005020
MOC-R4PCC04U05:362595:362646 [3] NCCL INFO New proxy send connection 2 from local rank 3, transport 2
MOC-R4PCC04U05:362595:362655 [3] NCCL INFO Connected to proxy localRank 3 -> connection 0x7fd368005020
MOC-R4PCC04U05:362594:362654 [2] NCCL INFO Channel 00/0 : 7[3] -> 2[2] [receive] via NET/Socket/0
MOC-R4PCC04U05:362594:362645 [2] NCCL INFO New proxy recv connection 3 from local rank 2, transport 2
MOC-R4PCC04U05:362594:362654 [2] NCCL INFO Connected to proxy localRank 2 -> connection 0x7f5d4c005098
MOC-R4PCC04U05:362595:362655 [3] NCCL INFO Channel 00/0 : 3[3] -> 6[2] [send] via NET/Socket/0
MOC-R4PCC04U05:362595:362646 [3] NCCL INFO New proxy send connection 3 from local rank 3, transport 2
MOC-R4PCC04U05:362595:362655 [3] NCCL INFO Connected to proxy localRank 3 -> connection 0x7fd368005098
MOC-R4PCC04U05:362594:362654 [2] NCCL INFO Channel 02/0 : 7[3] -> 2[2] [receive] via NET/Socket/0
MOC-R4PCC04U05:362595:362655 [3] NCCL INFO Channel 02/0 : 3[3] -> 6[2] [send] via NET/Socket/0
MOC-R4PCC04U05:362594:362645 [2] NCCL INFO New proxy send connection 4 from local rank 2, transport 2
MOC-R4PCC04U05:362594:362654 [2] NCCL INFO Connected to proxy localRank 2 -> connection 0x7f5d4c005110
MOC-R4PCC04U05:362594:362654 [2] NCCL INFO Channel 01/0 : 2[2] -> 7[3] [send] via NET/Socket/0
MOC-R4PCC04U05:362594:362645 [2] NCCL INFO New proxy send connection 5 from local rank 2, transport 2
MOC-R4PCC04U05:362594:362654 [2] NCCL INFO Connected to proxy localRank 2 -> connection 0x7f5d4c005188
MOC-R4PCC04U05:362595:362646 [3] NCCL INFO New proxy recv connection 4 from local rank 3, transport 2
MOC-R4PCC04U05:362595:362655 [3] NCCL INFO Connected to proxy localRank 3 -> connection 0x7fd368005110
MOC-R4PCC04U05:362592:362648 [0] NCCL INFO New proxy recv connection 4 from local rank 0, transport 0
MOC-R4PCC04U05:362592:362656 [0] NCCL INFO Connected to proxy localRank 0 -> connection 0x7f362c005110
MOC-R4PCC04U05:362594:362654 [2] NCCL INFO Channel 03/0 : 2[2] -> 7[3] [send] via NET/Socket/0
MOC-R4PCC04U05:362595:362655 [3] NCCL INFO Channel 01/0 : 6[2] -> 3[3] [receive] via NET/Socket/0
MOC-R4PCC04U05:362595:362646 [3] NCCL INFO New proxy recv connection 5 from local rank 3, transport 2
MOC-R4PCC04U05:362595:362655 [3] NCCL INFO Connected to proxy localRank 3 -> connection 0x7fd368005188
MOC-R4PCC04U05:362595:362655 [3] NCCL INFO Channel 03/0 : 6[2] -> 3[3] [receive] via NET/Socket/0
MOC-R4PCC04U05:362594:362645 [2] NCCL INFO New proxy send connection 6 from local rank 2, transport 0
MOC-R4PCC04U05:362594:362654 [2] NCCL INFO Connected to proxy localRank 2 -> connection 0x7f5d4c005200
MOC-R4PCC04U05:362595:362646 [3] NCCL INFO New proxy send connection 6 from local rank 3, transport 0
MOC-R4PCC04U05:362595:362655 [3] NCCL INFO Connected to proxy localRank 3 -> connection 0x7fd368005200
MOC-R4PCC04U05:362592:362648 [0] NCCL INFO New proxy recv connection 5 from local rank 0, transport 0
MOC-R4PCC04U05:362592:362656 [0] NCCL INFO Connected to proxy localRank 0 -> connection 0x7f362c005188
MOC-R4PCC04U05:362595:362646 [3] NCCL INFO New proxy send connection 7 from local rank 3, transport 0
MOC-R4PCC04U05:362592:362648 [0] NCCL INFO New proxy recv connection 6 from local rank 0, transport 0
MOC-R4PCC04U05:362595:362655 [3] NCCL INFO Connected to proxy localRank 3 -> connection 0x7fd368005278
MOC-R4PCC04U05:362592:362656 [0] NCCL INFO Connected to proxy localRank 0 -> connection 0x7f362c005200
MOC-R4PCC04U05:362594:362645 [2] NCCL INFO New proxy send connection 7 from local rank 2, transport 0
MOC-R4PCC04U05:362594:362654 [2] NCCL INFO Connected to proxy localRank 2 -> connection 0x7f5d4c005278
MOC-R4PCC04U05:362592:362648 [0] NCCL INFO New proxy recv connection 7 from local rank 0, transport 0
MOC-R4PCC04U05:362592:362656 [0] NCCL INFO Connected to proxy localRank 0 -> connection 0x7f362c005278
MOC-R4PCC04U05:362593:362651 [1] NCCL INFO New proxy recv connection 2 from local rank 1, transport 0
MOC-R4PCC04U05:362593:362653 [1] NCCL INFO Connected to proxy localRank 1 -> connection 0x7f7de8005020
MOC-R4PCC04U05:362592:362648 [0] NCCL INFO New proxy send connection 8 from local rank 3, transport 0
MOC-R4PCC04U05:362595:362655 [3] NCCL INFO Connected to proxy localRank 0 -> connection 0x7f362c0052f0
MOC-R4PCC04U05:362593:362651 [1] NCCL INFO New proxy recv connection 3 from local rank 1, transport 0
MOC-R4PCC04U05:362593:362653 [1] NCCL INFO Connected to proxy localRank 1 -> connection 0x7f7de8005098
MOC-R4PCC04U05:362593:362651 [1] NCCL INFO New proxy send connection 4 from local rank 1, transport 0
MOC-R4PCC04U05:362593:362653 [1] NCCL INFO Connected to proxy localRank 1 -> connection 0x7f7de8005110
MOC-R4PCC04U05:362593:362651 [1] NCCL INFO New proxy send connection 5 from local rank 1, transport 0
MOC-R4PCC04U05:362593:362653 [1] NCCL INFO Connected to proxy localRank 1 -> connection 0x7f7de8005188
MOC-R4PCC04U05:362593:362651 [1] NCCL INFO New proxy send connection 6 from local rank 1, transport 0
MOC-R4PCC04U05:362593:362653 [1] NCCL INFO Connected to proxy localRank 1 -> connection 0x7f7de8005200
MOC-R4PCC04U05:362593:362651 [1] NCCL INFO New proxy send connection 7 from local rank 1, transport 0
MOC-R4PCC04U05:362593:362653 [1] NCCL INFO Connected to proxy localRank 1 -> connection 0x7f7de8005278
MOC-R4PCC04U05:362594:362645 [2] NCCL INFO New proxy send connection 8 from local rank 0, transport 0
MOC-R4PCC04U05:362592:362648 [0] NCCL INFO New proxy send connection 9 from local rank 2, transport 0
MOC-R4PCC04U05:362592:362656 [0] NCCL INFO Connected to proxy localRank 2 -> connection 0x7f5d4c0052f0
MOC-R4PCC04U05:362594:362654 [2] NCCL INFO Connected to proxy localRank 0 -> connection 0x7f362c005368
MOC-R4PCC04U05:362595:362646 [3] NCCL INFO New proxy send connection 8 from local rank 1, transport 0
MOC-R4PCC04U05:362593:362653 [1] NCCL INFO Connected to proxy localRank 3 -> connection 0x7fd3680052f0
MOC-R4PCC04U05:362593:362651 [1] NCCL INFO New proxy send connection 8 from local rank 3, transport 0
MOC-R4PCC04U05:362595:362655 [3] NCCL INFO Connected to proxy localRank 1 -> connection 0x7f7de80052f0
MOC-R4PCC04U05:362593:362651 [1] NCCL INFO New proxy send connection 9 from local rank 2, transport 0
MOC-R4PCC04U05:362594:362654 [2] NCCL INFO Connected to proxy localRank 1 -> connection 0x7f7de8005368
MOC-R4PCC04U05:362592:362648 [0] NCCL INFO New proxy send connection 10 from local rank 1, transport 0
MOC-R4PCC04U05:362593:362653 [1] NCCL INFO Connected to proxy localRank 0 -> connection 0x7f362c0053e0
MOC-R4PCC04U05:362595:362646 [3] NCCL INFO New proxy send connection 9 from local rank 0, transport 0
MOC-R4PCC04U05:362592:362656 [0] NCCL INFO Connected to proxy localRank 3 -> connection 0x7fd368005368
MOC-R4PCC04U05:362594:362645 [2] NCCL INFO New proxy send connection 9 from local rank 1, transport 0
MOC-R4PCC04U05:362593:362653 [1] NCCL INFO Connected to proxy localRank 2 -> connection 0x7f5d4c005368
MOC-R4PCC04U05:362593:362651 [1] NCCL INFO New proxy send connection 10 from local rank 0, transport 0
MOC-R4PCC04U05:362592:362656 [0] NCCL INFO Connected to proxy localRank 1 -> connection 0x7f7de80053e0
num decayed parameter tensors: 50, with 124,318,464 parameters
num non-decayed parameter tensors: 98, with 121,344 parameters
using fused AdamW: False
using regular AdamW
MOC-R4PCC04U05:362593:362651 [1] NCCL INFO New proxy recv connection 11 from local rank 1, transport 0
MOC-R4PCC04U05:362593:363413 [1] NCCL INFO Connected to proxy localRank 1 -> connection 0x7f7de8005458
MOC-R4PCC04U05:362593:362651 [1] NCCL INFO New proxy recv connection 12 from local rank 1, transport 0
MOC-R4PCC04U05:362593:363413 [1] NCCL INFO Connected to proxy localRank 1 -> connection 0x7f7de80054d0
MOC-R4PCC04U05:362593:362651 [1] NCCL INFO New proxy recv connection 13 from local rank 1, transport 0
MOC-R4PCC04U05:362593:363413 [1] NCCL INFO Connected to proxy localRank 1 -> connection 0x7f7de8005548
MOC-R4PCC04U05:362593:362651 [1] NCCL INFO New proxy recv connection 14 from local rank 1, transport 0
MOC-R4PCC04U05:362593:363413 [1] NCCL INFO Connected to proxy localRank 1 -> connection 0x7f7de80055c0
MOC-R4PCC04U05:362593:362651 [1] NCCL INFO New proxy send connection 15 from local rank 1, transport 0
MOC-R4PCC04U05:362593:363413 [1] NCCL INFO Connected to proxy localRank 1 -> connection 0x7f7de8005638
MOC-R4PCC04U05:362593:362651 [1] NCCL INFO New proxy send connection 16 from local rank 1, transport 0
MOC-R4PCC04U05:362593:363413 [1] NCCL INFO Connected to proxy localRank 1 -> connection 0x7f7de80056b0
MOC-R4PCC04U05:362593:362651 [1] NCCL INFO New proxy send connection 17 from local rank 1, transport 0
MOC-R4PCC04U05:362593:363413 [1] NCCL INFO Connected to proxy localRank 1 -> connection 0x7f7de8005728
MOC-R4PCC04U05:362593:362651 [1] NCCL INFO New proxy send connection 18 from local rank 1, transport 0
MOC-R4PCC04U05:362593:363413 [1] NCCL INFO Connected to proxy localRank 1 -> connection 0x7f7de80057a0
MOC-R4PCC04U05:362595:362646 [3] NCCL INFO New proxy recv connection 10 from local rank 3, transport 0
MOC-R4PCC04U05:362595:363414 [3] NCCL INFO Connected to proxy localRank 3 -> connection 0x7fd3680053e0
MOC-R4PCC04U05:362595:362646 [3] NCCL INFO New proxy recv connection 11 from local rank 3, transport 0
MOC-R4PCC04U05:362595:363414 [3] NCCL INFO Connected to proxy localRank 3 -> connection 0x7fd368005458
MOC-R4PCC04U05:362594:362645 [2] NCCL INFO New proxy recv connection 10 from local rank 2, transport 0
MOC-R4PCC04U05:362594:363415 [2] NCCL INFO Connected to proxy localRank 2 -> connection 0x7f5d4c0053e0
MOC-R4PCC04U05:362594:362645 [2] NCCL INFO New proxy recv connection 11 from local rank 2, transport 0
MOC-R4PCC04U05:362594:363415 [2] NCCL INFO Connected to proxy localRank 2 -> connection 0x7f5d4c005458
MOC-R4PCC04U05:362594:362645 [2] NCCL INFO New proxy recv connection 12 from local rank 2, transport 0
MOC-R4PCC04U05:362594:363415 [2] NCCL INFO Connected to proxy localRank 2 -> connection 0x7f5d4c0054d0
MOC-R4PCC04U05:362594:362645 [2] NCCL INFO New proxy recv connection 13 from local rank 2, transport 0
MOC-R4PCC04U05:362594:363415 [2] NCCL INFO Connected to proxy localRank 2 -> connection 0x7f5d4c005548
MOC-R4PCC04U05:362594:362645 [2] NCCL INFO New proxy send connection 14 from local rank 2, transport 0
MOC-R4PCC04U05:362594:363415 [2] NCCL INFO Connected to proxy localRank 2 -> connection 0x7f5d4c0055c0
MOC-R4PCC04U05:362594:362645 [2] NCCL INFO New proxy send connection 15 from local rank 2, transport 0
MOC-R4PCC04U05:362594:363415 [2] NCCL INFO Connected to proxy localRank 2 -> connection 0x7f5d4c005638
MOC-R4PCC04U05:362592:362648 [0] NCCL INFO New proxy send connection 11 from local rank 0, transport 0
MOC-R4PCC04U05:362592:363416 [0] NCCL INFO Connected to proxy localRank 0 -> connection 0x7f362c005458
MOC-R4PCC04U05:362592:362648 [0] NCCL INFO New proxy send connection 12 from local rank 0, transport 0
MOC-R4PCC04U05:362592:363416 [0] NCCL INFO Connected to proxy localRank 0 -> connection 0x7f362c0054d0
MOC-R4PCC04U05:362592:362648 [0] NCCL INFO New proxy send connection 13 from local rank 0, transport 0
MOC-R4PCC04U05:362592:363416 [0] NCCL INFO Connected to proxy localRank 0 -> connection 0x7f362c005548
MOC-R4PCC04U05:362592:362648 [0] NCCL INFO New proxy send connection 14 from local rank 0, transport 0
MOC-R4PCC04U05:362592:363416 [0] NCCL INFO Connected to proxy localRank 0 -> connection 0x7f362c0055c0
MOC-R4PCC04U05:362592:362648 [0] NCCL INFO New proxy send connection 15 from local rank 0, transport 0
MOC-R4PCC04U05:362593:362651 [1] NCCL INFO New proxy recv connection 19 from local rank 1, transport 0
MOC-R4PCC04U05:362592:363416 [0] NCCL INFO Connected to proxy localRank 0 -> connection 0x7f362c005638
MOC-R4PCC04U05:362593:363413 [1] NCCL INFO Connected to proxy localRank 1 -> connection 0x7f7de8005818
MOC-R4PCC04U05:362592:362648 [0] NCCL INFO New proxy send connection 16 from local rank 0, transport 0
MOC-R4PCC04U05:362592:363416 [0] NCCL INFO Connected to proxy localRank 0 -> connection 0x7f362c0056b0
MOC-R4PCC04U05:362593:362651 [1] NCCL INFO New proxy recv connection 20 from local rank 1, transport 0
MOC-R4PCC04U05:362593:363413 [1] NCCL INFO Connected to proxy localRank 1 -> connection 0x7f7de8005890
MOC-R4PCC04U05:362592:362648 [0] NCCL INFO New proxy recv connection 17 from local rank 0, transport 0
MOC-R4PCC04U05:362592:363416 [0] NCCL INFO Connected to proxy localRank 0 -> connection 0x7f362c005728
MOC-R4PCC04U05:362595:362646 [3] NCCL INFO New proxy recv connection 12 from local rank 3, transport 2
MOC-R4PCC04U05:362595:363414 [3] NCCL INFO Connected to proxy localRank 3 -> connection 0x7fd3680054d0
MOC-R4PCC04U05:362592:362648 [0] NCCL INFO New proxy recv connection 18 from local rank 0, transport 0
MOC-R4PCC04U05:362592:363416 [0] NCCL INFO Connected to proxy localRank 0 -> connection 0x7f362c0057a0
MOC-R4PCC04U05:362595:363414 [3] NCCL INFO Channel 00/0 : 7[3] -> 3[3] [receive] via NET/Socket/0
MOC-R4PCC04U05:362595:362646 [3] NCCL INFO New proxy recv connection 13 from local rank 3, transport 2
MOC-R4PCC04U05:362595:363414 [3] NCCL INFO Connected to proxy localRank 3 -> connection 0x7fd368005548
MOC-R4PCC04U05:362595:363414 [3] NCCL INFO Channel 01/0 : 7[3] -> 3[3] [receive] via NET/Socket/0
MOC-R4PCC04U05:362595:362646 [3] NCCL INFO New proxy recv connection 14 from local rank 3, transport 2
MOC-R4PCC04U05:362595:363414 [3] NCCL INFO Connected to proxy localRank 3 -> connection 0x7fd3680055c0
MOC-R4PCC04U05:362592:362648 [0] NCCL INFO New proxy recv connection 19 from local rank 0, transport 0
MOC-R4PCC04U05:362592:363416 [0] NCCL INFO Connected to proxy localRank 0 -> connection 0x7f362c005818
MOC-R4PCC04U05:362595:363414 [3] NCCL INFO Channel 02/0 : 7[3] -> 3[3] [receive] via NET/Socket/0
MOC-R4PCC04U05:362595:362646 [3] NCCL INFO New proxy recv connection 15 from local rank 3, transport 2
MOC-R4PCC04U05:362595:363414 [3] NCCL INFO Connected to proxy localRank 3 -> connection 0x7fd368005638
MOC-R4PCC04U05:362595:363414 [3] NCCL INFO Channel 03/0 : 7[3] -> 3[3] [receive] via NET/Socket/0
MOC-R4PCC04U05:362595:362646 [3] NCCL INFO New proxy send connection 16 from local rank 3, transport 2
MOC-R4PCC04U05:362595:363414 [3] NCCL INFO Connected to proxy localRank 3 -> connection 0x7fd3680056b0
MOC-R4PCC04U05:362595:363414 [3] NCCL INFO Channel 00/0 : 3[3] -> 7[3] [send] via NET/Socket/0
MOC-R4PCC04U05:362595:362646 [3] NCCL INFO New proxy send connection 17 from local rank 3, transport 2
MOC-R4PCC04U05:362595:363414 [3] NCCL INFO Connected to proxy localRank 3 -> connection 0x7fd368005728
MOC-R4PCC04U05:362592:362648 [0] NCCL INFO New proxy recv connection 20 from local rank 0, transport 0
MOC-R4PCC04U05:362592:363416 [0] NCCL INFO Connected to proxy localRank 0 -> connection 0x7f362c005890
MOC-R4PCC04U05:362595:363414 [3] NCCL INFO Channel 01/0 : 3[3] -> 7[3] [send] via NET/Socket/0
MOC-R4PCC04U05:362595:362646 [3] NCCL INFO New proxy send connection 18 from local rank 3, transport 2
MOC-R4PCC04U05:362595:363414 [3] NCCL INFO Connected to proxy localRank 3 -> connection 0x7fd3680057a0
MOC-R4PCC04U05:362595:363414 [3] NCCL INFO Channel 02/0 : 3[3] -> 7[3] [send] via NET/Socket/0
MOC-R4PCC04U05:362595:362646 [3] NCCL INFO New proxy send connection 19 from local rank 3, transport 2
MOC-R4PCC04U05:362595:363414 [3] NCCL INFO Connected to proxy localRank 3 -> connection 0x7fd368005818
MOC-R4PCC04U05:362595:363414 [3] NCCL INFO Channel 03/0 : 3[3] -> 7[3] [send] via NET/Socket/0
MOC-R4PCC04U05:362595:362646 [3] NCCL INFO New proxy send connection 20 from local rank 3, transport 0
MOC-R4PCC04U05:362595:363414 [3] NCCL INFO Connected to proxy localRank 3 -> connection 0x7fd368005890
MOC-R4PCC04U05:362595:362646 [3] NCCL INFO New proxy send connection 21 from local rank 3, transport 0
MOC-R4PCC04U05:362595:363414 [3] NCCL INFO Connected to proxy localRank 3 -> connection 0x7fd368005908
MOC-R4PCC04U05:362595:362646 [3] NCCL INFO New proxy send connection 22 from local rank 3, transport 0
MOC-R4PCC04U05:362595:363414 [3] NCCL INFO Connected to proxy localRank 3 -> connection 0x7fd368005980
MOC-R4PCC04U05:362595:362646 [3] NCCL INFO New proxy send connection 23 from local rank 3, transport 0
MOC-R4PCC04U05:362595:363414 [3] NCCL INFO Connected to proxy localRank 3 -> connection 0x7fd3680059f8
step    1/10 | train loss 11.008972 | norm 15.7109 | lr 1.00e-04 | (14598.44 ms | 35914 tok/s)
step    2/10 | train loss 10.123222 | norm 5.8018 | lr 1.00e-04 | (215.79 ms | 2429597 tok/s)
step    3/10 | train loss 9.777215 | norm 2.6314 | lr 1.00e-04 | (210.22 ms | 2494030 tok/s)
step    4/10 | train loss 9.607361 | norm 2.1165 | lr 1.00e-04 | (209.03 ms | 2508205 tok/s)
step    5/10 | train loss 9.524711 | norm 2.1076 | lr 1.00e-04 | (207.90 ms | 2521836 tok/s)
step    6/10 | train loss 9.443519 | norm 2.0013 | lr 1.00e-04 | (208.66 ms | 2512612 tok/s)
step    7/10 | train loss 9.358716 | norm 1.9491 | lr 1.00e-04 | (207.22 ms | 2530146 tok/s)
step    8/10 | train loss 9.269125 | norm 1.9124 | lr 1.00e-04 | (209.78 ms | 2499225 tok/s)
step    9/10 | train loss 9.176627 | norm 1.8636 | lr 1.00e-04 | (211.21 ms | 2482251 tok/s)
step   10/10 | train loss 9.088064 | norm 1.7782 | lr 1.00e-04 | (416.61 ms | 1258451 tok/s)
final 9 iters avg: 232.936ms
peak memory consumption: 16601 MiB
