Running pytorch 2.7.0+cu126
using device: cuda:0
total desired batch size: 1048576
=> calculated gradient accumulation steps: 2
using device: cuda:1
using device: cuda:2
using device: cuda:3
compiling the model...
DataLoader: total number of tokens: 1,661,249,667 across 103 files
MOC-R4PCC04U05:655723:655723 [0] NCCL INFO NCCL_SOCKET_IFNAME set to eno7np0
MOC-R4PCC04U05:655723:655723 [0] NCCL INFO NCCL version 2.26.2+cuda12.2
MOC-R4PCC04U05:655723:655827 [0] NCCL INFO NET/Plugin: Could not find: libnccl-net.so. Using internal net plugin.
MOC-R4PCC04U05:655723:655827 [0] NCCL INFO NCCL_IB_HCA set to mlx5_5
MOC-R4PCC04U05:655724:655724 [1] NCCL INFO NCCL_SOCKET_IFNAME set to eno7np0
MOC-R4PCC04U05:655724:655724 [1] NCCL INFO NCCL version 2.26.2+cuda12.2
MOC-R4PCC04U05:655725:655725 [2] NCCL INFO NCCL_SOCKET_IFNAME set to eno7np0
MOC-R4PCC04U05:655725:655725 [2] NCCL INFO NCCL version 2.26.2+cuda12.2
MOC-R4PCC04U05:655723:655827 [0] NCCL INFO NET/IB : Made virtual device [0] name=mlx5_5 speed=400000 ndevs=1
MOC-R4PCC04U05:655723:655827 [0] NCCL INFO NET/IB : Using [0]mlx5_5:1/RoCE [RO]; OOB eno7np0:192.168.50.193<0>
MOC-R4PCC04U05:655726:655726 [3] NCCL INFO NCCL_SOCKET_IFNAME set to eno7np0
MOC-R4PCC04U05:655726:655726 [3] NCCL INFO NCCL version 2.26.2+cuda12.2
MOC-R4PCC04U05:655725:655850 [2] NCCL INFO NET/Plugin: Could not find: libnccl-net.so. Using internal net plugin.
MOC-R4PCC04U05:655724:655849 [1] NCCL INFO NET/Plugin: Could not find: libnccl-net.so. Using internal net plugin.
MOC-R4PCC04U05:655725:655850 [2] NCCL INFO NCCL_IB_HCA set to mlx5_5
MOC-R4PCC04U05:655724:655849 [1] NCCL INFO NCCL_IB_HCA set to mlx5_5
MOC-R4PCC04U05:655724:655849 [1] NCCL INFO NET/IB : Made virtual device [0] name=mlx5_5 speed=400000 ndevs=1
MOC-R4PCC04U05:655724:655849 [1] NCCL INFO NET/IB : Using [0]mlx5_5:1/RoCE [RO]; OOB eno7np0:192.168.50.193<0>
MOC-R4PCC04U05:655725:655850 [2] NCCL INFO NET/IB : Made virtual device [0] name=mlx5_5 speed=400000 ndevs=1
MOC-R4PCC04U05:655725:655850 [2] NCCL INFO NET/IB : Using [0]mlx5_5:1/RoCE [RO]; OOB eno7np0:192.168.50.193<0>
MOC-R4PCC04U05:655726:655852 [3] NCCL INFO NET/Plugin: Could not find: libnccl-net.so. Using internal net plugin.
MOC-R4PCC04U05:655726:655852 [3] NCCL INFO NCCL_IB_HCA set to mlx5_5
MOC-R4PCC04U05:655726:655852 [3] NCCL INFO NET/IB : Made virtual device [0] name=mlx5_5 speed=400000 ndevs=1
MOC-R4PCC04U05:655726:655852 [3] NCCL INFO NET/IB : Using [0]mlx5_5:1/RoCE [RO]; OOB eno7np0:192.168.50.193<0>
MOC-R4PCC04U05:655725:655850 [2] NCCL INFO NET/IB : GPU Direct RDMA Enabled for HCA 0 'mlx5_5'
MOC-R4PCC04U05:655725:655850 [2] NCCL INFO NET/IB : Made virtual device [1] name=mlx5_5 speed=400000 ndevs=1
MOC-R4PCC04U05:655725:655850 [2] NCCL INFO NET/IB : GPU Direct RDMA Enabled for HCA 0 'mlx5_5'
MOC-R4PCC04U05:655725:655850 [2] NCCL INFO NET/IB : GPU Direct RDMA Enabled for HCA 1 'mlx5_5'
MOC-R4PCC04U05:655726:655852 [3] NCCL INFO NET/IB : GPU Direct RDMA Enabled for HCA 0 'mlx5_5'
MOC-R4PCC04U05:655726:655852 [3] NCCL INFO NET/IB : Made virtual device [1] name=mlx5_5 speed=400000 ndevs=1
MOC-R4PCC04U05:655726:655852 [3] NCCL INFO NET/IB : GPU Direct RDMA Enabled for HCA 0 'mlx5_5'
MOC-R4PCC04U05:655726:655852 [3] NCCL INFO NET/IB : GPU Direct RDMA Enabled for HCA 1 'mlx5_5'
MOC-R4PCC04U05:655724:655849 [1] NCCL INFO NET/IB : GPU Direct RDMA Enabled for HCA 0 'mlx5_5'
MOC-R4PCC04U05:655724:655849 [1] NCCL INFO NET/IB : Made virtual device [1] name=mlx5_5 speed=400000 ndevs=1
MOC-R4PCC04U05:655724:655849 [1] NCCL INFO NET/IB : GPU Direct RDMA Enabled for HCA 0 'mlx5_5'
MOC-R4PCC04U05:655724:655849 [1] NCCL INFO NET/IB : GPU Direct RDMA Enabled for HCA 1 'mlx5_5'
MOC-R4PCC04U05:655723:655827 [0] NCCL INFO NET/IB : GPU Direct RDMA Enabled for HCA 0 'mlx5_5'
MOC-R4PCC04U05:655723:655827 [0] NCCL INFO NET/IB : Made virtual device [1] name=mlx5_5 speed=400000 ndevs=1
MOC-R4PCC04U05:655723:655827 [0] NCCL INFO NET/IB : GPU Direct RDMA Enabled for HCA 0 'mlx5_5'
MOC-R4PCC04U05:655723:655827 [0] NCCL INFO NET/IB : GPU Direct RDMA Enabled for HCA 1 'mlx5_5'
MOC-R4PCC04U05:655724:655849 [1] NCCL INFO GPU Direct RDMA Enabled for GPU 0 / HCA 1 (distance 5 <= 5), read 0 mode Default
MOC-R4PCC04U05:655724:655849 [1] NCCL INFO GPU Direct RDMA Enabled for GPU 1 / HCA 1 (distance 5 <= 5), read 0 mode Default
MOC-R4PCC04U05:655724:655849 [1] NCCL INFO GPU Direct RDMA Enabled for GPU 2 / HCA 1 (distance 5 <= 5), read 0 mode Default
MOC-R4PCC04U05:655724:655849 [1] NCCL INFO GPU Direct RDMA Enabled for GPU 3 / HCA 1 (distance 5 <= 5), read 0 mode Default
MOC-R4PCC04U05:655724:655849 [1] NCCL INFO GPU Direct RDMA Enabled for GPU 0 / HCA 1 (distance 5 <= 5), read 0 mode Default
MOC-R4PCC04U05:655724:655849 [1] NCCL INFO GPU Direct RDMA Enabled for GPU 1 / HCA 1 (distance 5 <= 5), read 0 mode Default
MOC-R4PCC04U05:655724:655849 [1] NCCL INFO GPU Direct RDMA Enabled for GPU 2 / HCA 1 (distance 5 <= 5), read 0 mode Default
MOC-R4PCC04U05:655724:655849 [1] NCCL INFO GPU Direct RDMA Enabled for GPU 3 / HCA 1 (distance 5 <= 5), read 0 mode Default
MOC-R4PCC04U05:655723:655827 [0] NCCL INFO GPU Direct RDMA Enabled for GPU 0 / HCA 1 (distance 5 <= 5), read 0 mode Default
MOC-R4PCC04U05:655723:655827 [0] NCCL INFO GPU Direct RDMA Enabled for GPU 1 / HCA 1 (distance 5 <= 5), read 0 mode Default
MOC-R4PCC04U05:655723:655827 [0] NCCL INFO GPU Direct RDMA Enabled for GPU 2 / HCA 1 (distance 5 <= 5), read 0 mode Default
MOC-R4PCC04U05:655723:655827 [0] NCCL INFO GPU Direct RDMA Enabled for GPU 3 / HCA 1 (distance 5 <= 5), read 0 mode Default
MOC-R4PCC04U05:655723:655827 [0] NCCL INFO GPU Direct RDMA Enabled for GPU 0 / HCA 1 (distance 5 <= 5), read 0 mode Default
MOC-R4PCC04U05:655723:655827 [0] NCCL INFO GPU Direct RDMA Enabled for GPU 1 / HCA 1 (distance 5 <= 5), read 0 mode Default
MOC-R4PCC04U05:655723:655827 [0] NCCL INFO GPU Direct RDMA Enabled for GPU 2 / HCA 1 (distance 5 <= 5), read 0 mode Default
MOC-R4PCC04U05:655723:655827 [0] NCCL INFO GPU Direct RDMA Enabled for GPU 3 / HCA 1 (distance 5 <= 5), read 0 mode Default
MOC-R4PCC04U05:655726:655852 [3] NCCL INFO GPU Direct RDMA Enabled for GPU 0 / HCA 1 (distance 5 <= 5), read 0 mode Default
MOC-R4PCC04U05:655726:655852 [3] NCCL INFO GPU Direct RDMA Enabled for GPU 1 / HCA 1 (distance 5 <= 5), read 0 mode Default
MOC-R4PCC04U05:655726:655852 [3] NCCL INFO GPU Direct RDMA Enabled for GPU 2 / HCA 1 (distance 5 <= 5), read 0 mode Default
MOC-R4PCC04U05:655726:655852 [3] NCCL INFO GPU Direct RDMA Enabled for GPU 3 / HCA 1 (distance 5 <= 5), read 0 mode Default
MOC-R4PCC04U05:655726:655852 [3] NCCL INFO GPU Direct RDMA Enabled for GPU 0 / HCA 1 (distance 5 <= 5), read 0 mode Default
MOC-R4PCC04U05:655726:655852 [3] NCCL INFO GPU Direct RDMA Enabled for GPU 1 / HCA 1 (distance 5 <= 5), read 0 mode Default
MOC-R4PCC04U05:655726:655852 [3] NCCL INFO GPU Direct RDMA Enabled for GPU 2 / HCA 1 (distance 5 <= 5), read 0 mode Default
MOC-R4PCC04U05:655726:655852 [3] NCCL INFO GPU Direct RDMA Enabled for GPU 3 / HCA 1 (distance 5 <= 5), read 0 mode Default
MOC-R4PCC04U05:655725:655850 [2] NCCL INFO GPU Direct RDMA Enabled for GPU 0 / HCA 1 (distance 5 <= 5), read 0 mode Default
MOC-R4PCC04U05:655725:655850 [2] NCCL INFO GPU Direct RDMA Enabled for GPU 1 / HCA 1 (distance 5 <= 5), read 0 mode Default
MOC-R4PCC04U05:655725:655850 [2] NCCL INFO GPU Direct RDMA Enabled for GPU 2 / HCA 1 (distance 5 <= 5), read 0 mode Default
MOC-R4PCC04U05:655725:655850 [2] NCCL INFO GPU Direct RDMA Enabled for GPU 3 / HCA 1 (distance 5 <= 5), read 0 mode Default
MOC-R4PCC04U05:655725:655850 [2] NCCL INFO GPU Direct RDMA Enabled for GPU 0 / HCA 1 (distance 5 <= 5), read 0 mode Default
MOC-R4PCC04U05:655725:655850 [2] NCCL INFO GPU Direct RDMA Enabled for GPU 1 / HCA 1 (distance 5 <= 5), read 0 mode Default
MOC-R4PCC04U05:655725:655850 [2] NCCL INFO GPU Direct RDMA Enabled for GPU 2 / HCA 1 (distance 5 <= 5), read 0 mode Default
MOC-R4PCC04U05:655725:655850 [2] NCCL INFO GPU Direct RDMA Enabled for GPU 3 / HCA 1 (distance 5 <= 5), read 0 mode Default
MOC-R4PCC04U05:655723:655867 [0] NCCL INFO New proxy send connection 0 from local rank 0, transport 0
MOC-R4PCC04U05:655724:655870 [1] NCCL INFO New proxy recv connection 0 from local rank 1, transport 0
MOC-R4PCC04U05:655723:655873 [0] NCCL INFO Connected to proxy localRank 0 -> connection 0x7f531c004f30
MOC-R4PCC04U05:655724:655872 [1] NCCL INFO Connected to proxy localRank 1 -> connection 0x7fb110004f30
MOC-R4PCC04U05:655723:655867 [0] NCCL INFO New proxy send connection 1 from local rank 0, transport 0
MOC-R4PCC04U05:655724:655870 [1] NCCL INFO New proxy recv connection 1 from local rank 1, transport 0
MOC-R4PCC04U05:655723:655873 [0] NCCL INFO Connected to proxy localRank 0 -> connection 0x7f531c004fa8
MOC-R4PCC04U05:655724:655872 [1] NCCL INFO Connected to proxy localRank 1 -> connection 0x7fb110004fa8
MOC-R4PCC04U05:655724:655870 [1] NCCL INFO New proxy recv connection 2 from local rank 1, transport 0
MOC-R4PCC04U05:655724:655872 [1] NCCL INFO Connected to proxy localRank 1 -> connection 0x7fb110005020
MOC-R4PCC04U05:655723:655867 [0] NCCL INFO New proxy send connection 2 from local rank 0, transport 0
MOC-R4PCC04U05:655723:655873 [0] NCCL INFO Connected to proxy localRank 0 -> connection 0x7f531c005020
MOC-R4PCC04U05:655724:655870 [1] NCCL INFO New proxy recv connection 3 from local rank 1, transport 0
MOC-R4PCC04U05:655724:655872 [1] NCCL INFO Connected to proxy localRank 1 -> connection 0x7fb110005098
MOC-R4PCC04U05:655725:655874 [2] NCCL INFO GPU Direct RDMA Enabled for GPU 2 / HCA 1 (distance 5 <= 5), read 0 mode Default
MOC-R4PCC04U05:655723:655867 [0] NCCL INFO New proxy send connection 3 from local rank 0, transport 0
MOC-R4PCC04U05:655723:655873 [0] NCCL INFO Connected to proxy localRank 0 -> connection 0x7f531c005098
MOC-R4PCC04U05:655724:655870 [1] NCCL INFO New proxy send connection 4 from local rank 1, transport 0
MOC-R4PCC04U05:655724:655872 [1] NCCL INFO Connected to proxy localRank 1 -> connection 0x7fb110005110
MOC-R4PCC04U05:655726:655865 [3] NCCL INFO New proxy recv connection 0 from local rank 3, transport 0
MOC-R4PCC04U05:655726:655876 [3] NCCL INFO Connected to proxy localRank 3 -> connection 0x7fd808004f30
MOC-R4PCC04U05:655726:655865 [3] NCCL INFO New proxy recv connection 1 from local rank 3, transport 0
MOC-R4PCC04U05:655726:655876 [3] NCCL INFO Connected to proxy localRank 3 -> connection 0x7fd808004fa8
MOC-R4PCC04U05:655724:655870 [1] NCCL INFO New proxy send connection 5 from local rank 1, transport 0
MOC-R4PCC04U05:655724:655872 [1] NCCL INFO Connected to proxy localRank 1 -> connection 0x7fb110005188
MOC-R4PCC04U05:655724:655870 [1] NCCL INFO New proxy send connection 6 from local rank 1, transport 0
MOC-R4PCC04U05:655724:655872 [1] NCCL INFO Connected to proxy localRank 1 -> connection 0x7fb110005200
MOC-R4PCC04U05:655726:655865 [3] NCCL INFO New proxy recv connection 2 from local rank 3, transport 0
MOC-R4PCC04U05:655726:655876 [3] NCCL INFO Connected to proxy localRank 3 -> connection 0x7fd808005020
MOC-R4PCC04U05:655724:655870 [1] NCCL INFO New proxy send connection 7 from local rank 1, transport 0
MOC-R4PCC04U05:655724:655872 [1] NCCL INFO Connected to proxy localRank 1 -> connection 0x7fb110005278
MOC-R4PCC04U05:655726:655865 [3] NCCL INFO New proxy recv connection 3 from local rank 3, transport 0
MOC-R4PCC04U05:655726:655876 [3] NCCL INFO Connected to proxy localRank 3 -> connection 0x7fd808005098
MOC-R4PCC04U05:655725:655864 [2] NCCL INFO New proxy recv connection 0 from local rank 2, transport 2
MOC-R4PCC04U05:655725:655874 [2] NCCL INFO Connected to proxy localRank 2 -> connection 0x7f11d0004f30
MOC-R4PCC04U05:655725:655874 [2] NCCL INFO Channel 00/0 : 15[3] -> 2[2] [receive] via NET/IB/1/GDRDMA
MOC-R4PCC04U05:655725:655874 [2] NCCL INFO GPU Direct RDMA Enabled for GPU 2 / HCA 1 (distance 5 <= 5), read 0 mode Default
MOC-R4PCC04U05:655725:655864 [2] NCCL INFO New proxy recv connection 1 from local rank 2, transport 2
MOC-R4PCC04U05:655725:655874 [2] NCCL INFO Connected to proxy localRank 2 -> connection 0x7f11d0004fa8
MOC-R4PCC04U05:655725:655874 [2] NCCL INFO Channel 01/0 : 15[3] -> 2[2] [receive] via NET/IB/1/GDRDMA
MOC-R4PCC04U05:655725:655874 [2] NCCL INFO GPU Direct RDMA Enabled for GPU 2 / HCA 1 (distance 5 <= 5), read 0 mode Default
MOC-R4PCC04U05:655725:655864 [2] NCCL INFO New proxy recv connection 2 from local rank 2, transport 2
MOC-R4PCC04U05:655725:655874 [2] NCCL INFO Connected to proxy localRank 2 -> connection 0x7f11d0005020
MOC-R4PCC04U05:655725:655874 [2] NCCL INFO Channel 02/0 : 15[3] -> 2[2] [receive] via NET/IB/1/GDRDMA
MOC-R4PCC04U05:655725:655874 [2] NCCL INFO GPU Direct RDMA Enabled for GPU 2 / HCA 1 (distance 5 <= 5), read 0 mode Default
MOC-R4PCC04U05:655725:655864 [2] NCCL INFO New proxy recv connection 3 from local rank 2, transport 2
MOC-R4PCC04U05:655725:655874 [2] NCCL INFO Connected to proxy localRank 2 -> connection 0x7f11d0005098
MOC-R4PCC04U05:655725:655874 [2] NCCL INFO Channel 03/0 : 15[3] -> 2[2] [receive] via NET/IB/1/GDRDMA
MOC-R4PCC04U05:655726:655876 [3] NCCL INFO GPU Direct RDMA Enabled for GPU 3 / HCA 1 (distance 5 <= 5), read 1 mode Default
MOC-R4PCC04U05:655725:655864 [2] NCCL INFO New proxy send connection 4 from local rank 3, transport 2
MOC-R4PCC04U05:655726:655876 [3] NCCL INFO Connected to proxy localRank 2 -> connection 0x7f11d0005110
MOC-R4PCC04U05:655726:655876 [3] NCCL INFO Channel 00/0 : 3[3] -> 6[2] [send] via NET/IB/1(2)/GDRDMA
MOC-R4PCC04U05:655726:655876 [3] NCCL INFO GPU Direct RDMA Enabled for GPU 3 / HCA 1 (distance 5 <= 5), read 1 mode Default
MOC-R4PCC04U05:655725:655864 [2] NCCL INFO New proxy send connection 5 from local rank 3, transport 2
MOC-R4PCC04U05:655726:655876 [3] NCCL INFO Connected to proxy localRank 2 -> connection 0x7f11d0005188
MOC-R4PCC04U05:655726:655876 [3] NCCL INFO Channel 01/0 : 3[3] -> 6[2] [send] via NET/IB/1(2)/GDRDMA
MOC-R4PCC04U05:655726:655876 [3] NCCL INFO GPU Direct RDMA Enabled for GPU 3 / HCA 1 (distance 5 <= 5), read 1 mode Default
MOC-R4PCC04U05:655725:655864 [2] NCCL INFO New proxy send connection 6 from local rank 3, transport 2
MOC-R4PCC04U05:655726:655876 [3] NCCL INFO Connected to proxy localRank 2 -> connection 0x7f11d0005200
MOC-R4PCC04U05:655726:655876 [3] NCCL INFO Channel 02/0 : 3[3] -> 6[2] [send] via NET/IB/1(2)/GDRDMA
MOC-R4PCC04U05:655726:655876 [3] NCCL INFO GPU Direct RDMA Enabled for GPU 3 / HCA 1 (distance 5 <= 5), read 1 mode Default
MOC-R4PCC04U05:655725:655864 [2] NCCL INFO New proxy send connection 7 from local rank 3, transport 2
MOC-R4PCC04U05:655726:655876 [3] NCCL INFO Connected to proxy localRank 2 -> connection 0x7f11d0005278
MOC-R4PCC04U05:655726:655876 [3] NCCL INFO Channel 03/0 : 3[3] -> 6[2] [send] via NET/IB/1(2)/GDRDMA
MOC-R4PCC04U05:655723:655867 [0] NCCL INFO New proxy send connection 4 from local rank 3, transport 0
MOC-R4PCC04U05:655726:655876 [3] NCCL INFO Connected to proxy localRank 0 -> connection 0x7f531c005110
MOC-R4PCC04U05:655723:655867 [0] NCCL INFO New proxy recv connection 5 from local rank 0, transport 0
MOC-R4PCC04U05:655723:655873 [0] NCCL INFO Connected to proxy localRank 0 -> connection 0x7f531c005188
MOC-R4PCC04U05:655723:655867 [0] NCCL INFO New proxy recv connection 6 from local rank 0, transport 0
MOC-R4PCC04U05:655723:655873 [0] NCCL INFO Connected to proxy localRank 0 -> connection 0x7f531c005200
MOC-R4PCC04U05:655723:655867 [0] NCCL INFO New proxy recv connection 7 from local rank 0, transport 0
MOC-R4PCC04U05:655723:655873 [0] NCCL INFO Connected to proxy localRank 0 -> connection 0x7f531c005278
MOC-R4PCC04U05:655725:655864 [2] NCCL INFO New proxy send connection 8 from local rank 2, transport 0
MOC-R4PCC04U05:655725:655874 [2] NCCL INFO Connected to proxy localRank 2 -> connection 0x7f11d00052f0
MOC-R4PCC04U05:655725:655864 [2] NCCL INFO New proxy send connection 9 from local rank 2, transport 0
MOC-R4PCC04U05:655725:655874 [2] NCCL INFO Connected to proxy localRank 2 -> connection 0x7f11d0005368
MOC-R4PCC04U05:655723:655867 [0] NCCL INFO New proxy recv connection 8 from local rank 0, transport 0
MOC-R4PCC04U05:655723:655873 [0] NCCL INFO Connected to proxy localRank 0 -> connection 0x7f531c0052f0
MOC-R4PCC04U05:655725:655864 [2] NCCL INFO New proxy send connection 10 from local rank 2, transport 0
MOC-R4PCC04U05:655725:655874 [2] NCCL INFO Connected to proxy localRank 2 -> connection 0x7f11d00053e0
MOC-R4PCC04U05:655725:655864 [2] NCCL INFO New proxy send connection 11 from local rank 2, transport 0
MOC-R4PCC04U05:655725:655874 [2] NCCL INFO Connected to proxy localRank 2 -> connection 0x7f11d0005458
MOC-R4PCC04U05:655726:655865 [3] NCCL INFO New proxy send connection 4 from local rank 0, transport 0
MOC-R4PCC04U05:655723:655873 [0] NCCL INFO Connected to proxy localRank 3 -> connection 0x7fd808005110
MOC-R4PCC04U05:655723:655867 [0] NCCL INFO New proxy send connection 9 from local rank 1, transport 0
MOC-R4PCC04U05:655724:655872 [1] NCCL INFO Connected to proxy localRank 0 -> connection 0x7f531c005368
MOC-R4PCC04U05:655724:655870 [1] NCCL INFO New proxy send connection 8 from local rank 2, transport 0
MOC-R4PCC04U05:655725:655874 [2] NCCL INFO Connected to proxy localRank 1 -> connection 0x7fb1100052f0
MOC-R4PCC04U05:655725:655864 [2] NCCL INFO NET/IB: NCCL Dev 1 IbDev 0 Port 1 qpn 10754 mtu 3 query_ece={supported=1, vendor_id=0x15b3, options=0x30000002, comp_mask=0x0} GID 3 (0/C132A8C0FFFF0000) fifoRkey=0x17601f fifoLkey=0x17601f
MOC-R4PCC04U05:655725:655864 [2] NCCL INFO NET/IB: NCCL Dev 1 IbDev 0 Port 1 qpn 10755 mtu 3 query_ece={supported=1, vendor_id=0x15b3, options=0x30000002, comp_mask=0x0} GID 3 (0/C132A8C0FFFF0000) fifoRkey=0x173af9 fifoLkey=0x173af9
MOC-R4PCC04U05:655725:655864 [2] NCCL INFO NET/IB: NCCL Dev 1 IbDev 0 Port 1 qpn 10756 mtu 3 query_ece={supported=1, vendor_id=0x15b3, options=0x30000002, comp_mask=0x0} GID 3 (0/C132A8C0FFFF0000) fifoRkey=0x17fdbc fifoLkey=0x17fdbc
MOC-R4PCC04U05:655725:655864 [2] NCCL INFO NET/IB: IbDev 0 Port 1 qpn 10634 set_ece={supported=1, vendor_id=0x15b3, options=0x0, comp_mask=0x0}
MOC-R4PCC04U05:655725:655864 [2] NCCL INFO NET/IB: IbDev 0 Port 1 qpn 10636 set_ece={supported=1, vendor_id=0x15b3, options=0x0, comp_mask=0x0}
MOC-R4PCC04U05:655725:655864 [2] NCCL INFO NET/IB: IbDev 0 Port 1 qpn 10638 set_ece={supported=1, vendor_id=0x15b3, options=0x0, comp_mask=0x0}
MOC-R4PCC04U05:655724:655870 [1] NCCL INFO New proxy send connection 9 from local rank 0, transport 0
MOC-R4PCC04U05:655723:655873 [0] NCCL INFO Connected to proxy localRank 1 -> connection 0x7fb110005368
MOC-R4PCC04U05:655725:655864 [2] NCCL INFO NET/IB: NCCL Dev 1 IbDev 0 Port 1 qpn 10765 mtu 3 query_ece={supported=1, vendor_id=0x15b3, options=0x30000002, comp_mask=0x0} GID 3 (0/C132A8C0FFFF0000) fifoRkey=0x17b979 fifoLkey=0x17b979
MOC-R4PCC04U05:655725:655864 [2] NCCL INFO New proxy send connection 12 from local rank 3, transport 0
MOC-R4PCC04U05:655725:655864 [2] NCCL INFO New proxy send connection 13 from local rank 1, transport 0
MOC-R4PCC04U05:655726:655876 [3] NCCL INFO Connected to proxy localRank 2 -> connection 0x7f11d00054d0
MOC-R4PCC04U05:655724:655872 [1] NCCL INFO Connected to proxy localRank 2 -> connection 0x7f11d0005548
MOC-R4PCC04U05:655725:655864 [2] NCCL INFO NET/IB: IbDev 0 Port 1 qpn 10644 set_ece={supported=1, vendor_id=0x15b3, options=0x0, comp_mask=0x0}
num decayed parameter tensors: 50, with 124,318,464 parameters
num non-decayed parameter tensors: 98, with 121,344 parameters
using fused AdamW: False
using regular AdamW
MOC-R4PCC04U05:655723:655867 [0] NCCL INFO New proxy send connection 10 from local rank 0, transport 0
MOC-R4PCC04U05:655723:656565 [0] NCCL INFO Connected to proxy localRank 0 -> connection 0x7f531c0053e0
MOC-R4PCC04U05:655723:655867 [0] NCCL INFO New proxy send connection 11 from local rank 0, transport 0
MOC-R4PCC04U05:655723:656565 [0] NCCL INFO Connected to proxy localRank 0 -> connection 0x7f531c005458
MOC-R4PCC04U05:655723:655867 [0] NCCL INFO New proxy send connection 12 from local rank 0, transport 0
MOC-R4PCC04U05:655723:656565 [0] NCCL INFO Connected to proxy localRank 0 -> connection 0x7f531c0054d0
MOC-R4PCC04U05:655723:655867 [0] NCCL INFO New proxy send connection 13 from local rank 0, transport 0
MOC-R4PCC04U05:655723:656565 [0] NCCL INFO Connected to proxy localRank 0 -> connection 0x7f531c005548
MOC-R4PCC04U05:655725:655864 [2] NCCL INFO New proxy send connection 14 from local rank 2, transport 0
MOC-R4PCC04U05:655725:656566 [2] NCCL INFO Connected to proxy localRank 2 -> connection 0x7f11d00055c0
MOC-R4PCC04U05:655725:655864 [2] NCCL INFO New proxy send connection 15 from local rank 2, transport 0
MOC-R4PCC04U05:655725:656566 [2] NCCL INFO Connected to proxy localRank 2 -> connection 0x7f11d0005638
MOC-R4PCC04U05:655725:655864 [2] NCCL INFO New proxy send connection 16 from local rank 2, transport 0
MOC-R4PCC04U05:655725:656566 [2] NCCL INFO Connected to proxy localRank 2 -> connection 0x7f11d00056b0
MOC-R4PCC04U05:655725:655864 [2] NCCL INFO New proxy send connection 17 from local rank 2, transport 0
MOC-R4PCC04U05:655725:656566 [2] NCCL INFO Connected to proxy localRank 2 -> connection 0x7f11d0005728
MOC-R4PCC04U05:655726:655865 [3] NCCL INFO New proxy recv connection 5 from local rank 3, transport 0
MOC-R4PCC04U05:655726:656567 [3] NCCL INFO Connected to proxy localRank 3 -> connection 0x7fd808005188
MOC-R4PCC04U05:655726:655865 [3] NCCL INFO New proxy recv connection 6 from local rank 3, transport 0
MOC-R4PCC04U05:655726:656567 [3] NCCL INFO Connected to proxy localRank 3 -> connection 0x7fd808005200
MOC-R4PCC04U05:655726:655865 [3] NCCL INFO New proxy recv connection 7 from local rank 3, transport 0
MOC-R4PCC04U05:655726:656567 [3] NCCL INFO Connected to proxy localRank 3 -> connection 0x7fd808005278
MOC-R4PCC04U05:655726:655865 [3] NCCL INFO New proxy recv connection 8 from local rank 3, transport 0
MOC-R4PCC04U05:655726:656567 [3] NCCL INFO Connected to proxy localRank 3 -> connection 0x7fd8080052f0
MOC-R4PCC04U05:655725:656566 [2] NCCL INFO GPU Direct RDMA Enabled for GPU 2 / HCA 1 (distance 5 <= 5), read 1 mode Default
MOC-R4PCC04U05:655726:655865 [3] NCCL INFO New proxy send connection 9 from local rank 3, transport 0
MOC-R4PCC04U05:655726:656567 [3] NCCL INFO Connected to proxy localRank 3 -> connection 0x7fd808005368
MOC-R4PCC04U05:655725:655864 [2] NCCL INFO New proxy send connection 18 from local rank 2, transport 2
MOC-R4PCC04U05:655725:656566 [2] NCCL INFO Connected to proxy localRank 2 -> connection 0x7f11d00057a0
MOC-R4PCC04U05:655725:656566 [2] NCCL INFO Channel 02/0 : 2[2] -> 6[2] [send] via NET/IB/1/GDRDMA
MOC-R4PCC04U05:655725:656566 [2] NCCL INFO GPU Direct RDMA Enabled for GPU 2 / HCA 1 (distance 5 <= 5), read 1 mode Default
MOC-R4PCC04U05:655726:655865 [3] NCCL INFO New proxy send connection 10 from local rank 3, transport 0
MOC-R4PCC04U05:655726:656567 [3] NCCL INFO Connected to proxy localRank 3 -> connection 0x7fd8080053e0
MOC-R4PCC04U05:655725:655864 [2] NCCL INFO New proxy send connection 19 from local rank 2, transport 2
MOC-R4PCC04U05:655725:656566 [2] NCCL INFO Connected to proxy localRank 2 -> connection 0x7f11d0005818
MOC-R4PCC04U05:655725:656566 [2] NCCL INFO Channel 03/0 : 2[2] -> 6[2] [send] via NET/IB/1/GDRDMA
MOC-R4PCC04U05:655726:655865 [3] NCCL INFO New proxy send connection 11 from local rank 3, transport 0
MOC-R4PCC04U05:655726:656567 [3] NCCL INFO Connected to proxy localRank 3 -> connection 0x7fd808005458
MOC-R4PCC04U05:655725:656566 [2] NCCL INFO GPU Direct RDMA Enabled for GPU 2 / HCA 1 (distance 5 <= 5), read 0 mode Default
MOC-R4PCC04U05:655726:655865 [3] NCCL INFO New proxy send connection 12 from local rank 3, transport 0
MOC-R4PCC04U05:655726:656567 [3] NCCL INFO Connected to proxy localRank 3 -> connection 0x7fd8080054d0
MOC-R4PCC04U05:655725:655864 [2] NCCL INFO New proxy recv connection 20 from local rank 2, transport 2
MOC-R4PCC04U05:655725:656566 [2] NCCL INFO Connected to proxy localRank 2 -> connection 0x7f11d0005890
MOC-R4PCC04U05:655725:656566 [2] NCCL INFO Channel 00/0 : 10[2] -> 2[2] [receive] via NET/IB/1/GDRDMA
MOC-R4PCC04U05:655725:656566 [2] NCCL INFO GPU Direct RDMA Enabled for GPU 2 / HCA 1 (distance 5 <= 5), read 0 mode Default
MOC-R4PCC04U05:655725:655864 [2] NCCL INFO New proxy recv connection 21 from local rank 2, transport 2
MOC-R4PCC04U05:655725:656566 [2] NCCL INFO Connected to proxy localRank 2 -> connection 0x7f11d0005908
MOC-R4PCC04U05:655725:656566 [2] NCCL INFO Channel 01/0 : 10[2] -> 2[2] [receive] via NET/IB/1/GDRDMA
MOC-R4PCC04U05:655725:656566 [2] NCCL INFO GPU Direct RDMA Enabled for GPU 2 / HCA 1 (distance 5 <= 5), read 1 mode Default
MOC-R4PCC04U05:655725:655864 [2] NCCL INFO New proxy send connection 22 from local rank 2, transport 2
MOC-R4PCC04U05:655725:656566 [2] NCCL INFO Connected to proxy localRank 2 -> connection 0x7f11d0005980
MOC-R4PCC04U05:655725:656566 [2] NCCL INFO Channel 00/0 : 2[2] -> 10[2] [send] via NET/IB/1/GDRDMA
MOC-R4PCC04U05:655725:656566 [2] NCCL INFO GPU Direct RDMA Enabled for GPU 2 / HCA 1 (distance 5 <= 5), read 1 mode Default
MOC-R4PCC04U05:655725:655864 [2] NCCL INFO New proxy send connection 23 from local rank 2, transport 2
MOC-R4PCC04U05:655725:656566 [2] NCCL INFO Connected to proxy localRank 2 -> connection 0x7f11d00059f8
MOC-R4PCC04U05:655725:656566 [2] NCCL INFO Channel 01/0 : 2[2] -> 10[2] [send] via NET/IB/1/GDRDMA
MOC-R4PCC04U05:655724:655870 [1] NCCL INFO New proxy recv connection 10 from local rank 1, transport 0
MOC-R4PCC04U05:655724:656568 [1] NCCL INFO Connected to proxy localRank 1 -> connection 0x7fb1100053e0
MOC-R4PCC04U05:655724:655870 [1] NCCL INFO New proxy recv connection 11 from local rank 1, transport 0
MOC-R4PCC04U05:655724:656568 [1] NCCL INFO Connected to proxy localRank 1 -> connection 0x7fb110005458
MOC-R4PCC04U05:655724:655870 [1] NCCL INFO New proxy recv connection 12 from local rank 1, transport 0
MOC-R4PCC04U05:655724:656568 [1] NCCL INFO Connected to proxy localRank 1 -> connection 0x7fb1100054d0
MOC-R4PCC04U05:655724:655870 [1] NCCL INFO New proxy recv connection 13 from local rank 1, transport 0
MOC-R4PCC04U05:655724:656568 [1] NCCL INFO Connected to proxy localRank 1 -> connection 0x7fb110005548
MOC-R4PCC04U05:655723:655867 [0] NCCL INFO New proxy recv connection 14 from local rank 0, transport 0
MOC-R4PCC04U05:655723:656565 [0] NCCL INFO Connected to proxy localRank 0 -> connection 0x7f531c0055c0
MOC-R4PCC04U05:655723:655867 [0] NCCL INFO New proxy recv connection 15 from local rank 0, transport 0
MOC-R4PCC04U05:655723:656565 [0] NCCL INFO Connected to proxy localRank 0 -> connection 0x7f531c005638
MOC-R4PCC04U05:655723:655867 [0] NCCL INFO New proxy recv connection 16 from local rank 0, transport 0
MOC-R4PCC04U05:655723:656565 [0] NCCL INFO Connected to proxy localRank 0 -> connection 0x7f531c0056b0
MOC-R4PCC04U05:655723:655867 [0] NCCL INFO New proxy recv connection 17 from local rank 0, transport 0
MOC-R4PCC04U05:655723:656565 [0] NCCL INFO Connected to proxy localRank 0 -> connection 0x7f531c005728
MOC-R4PCC04U05:655726:655865 [3] NCCL INFO New proxy send connection 13 from local rank 3, transport 0
MOC-R4PCC04U05:655726:656567 [3] NCCL INFO Connected to proxy localRank 3 -> connection 0x7fd808005548
MOC-R4PCC04U05:655726:655865 [3] NCCL INFO New proxy send connection 14 from local rank 3, transport 0
MOC-R4PCC04U05:655726:656567 [3] NCCL INFO Connected to proxy localRank 3 -> connection 0x7fd8080055c0
MOC-R4PCC04U05:655726:655865 [3] NCCL INFO New proxy send connection 15 from local rank 3, transport 0
MOC-R4PCC04U05:655726:656567 [3] NCCL INFO Connected to proxy localRank 3 -> connection 0x7fd808005638
MOC-R4PCC04U05:655726:655865 [3] NCCL INFO New proxy send connection 16 from local rank 3, transport 0
MOC-R4PCC04U05:655726:656567 [3] NCCL INFO Connected to proxy localRank 3 -> connection 0x7fd8080056b0
MOC-R4PCC04U05:655725:656566 [2] NCCL INFO GPU Direct RDMA Enabled for GPU 2 / HCA 1 (distance 5 <= 5), read 0 mode Default
MOC-R4PCC04U05:655725:655864 [2] NCCL INFO New proxy recv connection 24 from local rank 2, transport 2
MOC-R4PCC04U05:655725:656566 [2] NCCL INFO Connected to proxy localRank 2 -> connection 0x7f11d0005a70
MOC-R4PCC04U05:655725:656566 [2] NCCL INFO Channel 02/0 : 6[2] -> 2[2] [receive] via NET/IB/1/GDRDMA
MOC-R4PCC04U05:655725:656566 [2] NCCL INFO GPU Direct RDMA Enabled for GPU 2 / HCA 1 (distance 5 <= 5), read 0 mode Default
MOC-R4PCC04U05:655725:655864 [2] NCCL INFO New proxy recv connection 25 from local rank 2, transport 2
MOC-R4PCC04U05:655725:656566 [2] NCCL INFO Connected to proxy localRank 2 -> connection 0x7f11d0005ae8
MOC-R4PCC04U05:655725:656566 [2] NCCL INFO Channel 03/0 : 6[2] -> 2[2] [receive] via NET/IB/1/GDRDMA
MOC-R4PCC04U05:655725:655864 [2] NCCL INFO New proxy recv connection 26 from local rank 2, transport 0
MOC-R4PCC04U05:655725:656566 [2] NCCL INFO Connected to proxy localRank 2 -> connection 0x7f11d0005b60
MOC-R4PCC04U05:655725:655864 [2] NCCL INFO New proxy recv connection 27 from local rank 2, transport 0
MOC-R4PCC04U05:655725:656566 [2] NCCL INFO Connected to proxy localRank 2 -> connection 0x7f11d0005bd8
MOC-R4PCC04U05:655725:655864 [2] NCCL INFO New proxy recv connection 28 from local rank 2, transport 0
MOC-R4PCC04U05:655725:656566 [2] NCCL INFO Connected to proxy localRank 2 -> connection 0x7f11d0005c50
MOC-R4PCC04U05:655725:655864 [2] NCCL INFO New proxy recv connection 29 from local rank 2, transport 0
MOC-R4PCC04U05:655725:656566 [2] NCCL INFO Connected to proxy localRank 2 -> connection 0x7f11d0005cc8
MOC-R4PCC04U05:655726:655865 [3] NCCL INFO New proxy send connection 17 from local rank 2, transport 0
MOC-R4PCC04U05:655725:656566 [2] NCCL INFO Connected to proxy localRank 3 -> connection 0x7fd808005728
MOC-R4PCC04U05:655725:655864 [2] NCCL INFO NET/IB: NCCL Dev 1 IbDev 0 Port 1 qpn 10766 mtu 3 query_ece={supported=1, vendor_id=0x15b3, options=0x30000002, comp_mask=0x0} GID 3 (0/C132A8C0FFFF0000) fifoRkey=0x17e1a0 fifoLkey=0x17e1a0
MOC-R4PCC04U05:655725:655864 [2] NCCL INFO NET/IB: NCCL Dev 1 IbDev 0 Port 1 qpn 10769 mtu 3 query_ece={supported=1, vendor_id=0x15b3, options=0x30000002, comp_mask=0x0} GID 3 (0/C132A8C0FFFF0000) fifoRkey=0x179c5b fifoLkey=0x179c5b
MOC-R4PCC04U05:655725:655864 [2] NCCL INFO NET/IB: NCCL Dev 1 IbDev 0 Port 1 qpn 10770 mtu 3 query_ece={supported=1, vendor_id=0x15b3, options=0x30000002, comp_mask=0x0} GID 3 (0/C132A8C0FFFF0000) fifoRkey=0x172eed fifoLkey=0x172eed
MOC-R4PCC04U05:655725:655864 [2] NCCL INFO NET/IB: IbDev 0 Port 1 qpn 8091 set_ece={supported=1, vendor_id=0x15b3, options=0x0, comp_mask=0x0}
MOC-R4PCC04U05:655725:655864 [2] NCCL INFO NET/IB: NCCL Dev 1 IbDev 0 Port 1 qpn 10771 mtu 3 query_ece={supported=1, vendor_id=0x15b3, options=0x30000002, comp_mask=0x0} GID 3 (0/C132A8C0FFFF0000) fifoRkey=0x170bca fifoLkey=0x170bca
MOC-R4PCC04U05:655725:655864 [2] NCCL INFO NET/IB: IbDev 0 Port 1 qpn 10646 set_ece={supported=1, vendor_id=0x15b3, options=0x0, comp_mask=0x0}
MOC-R4PCC04U05:655725:655864 [2] NCCL INFO NET/IB: IbDev 0 Port 1 qpn 10649 set_ece={supported=1, vendor_id=0x15b3, options=0x0, comp_mask=0x0}
MOC-R4PCC04U05:655725:655864 [2] NCCL INFO NET/IB: IbDev 0 Port 1 qpn 8105 set_ece={supported=1, vendor_id=0x15b3, options=0x0, comp_mask=0x0}
step    1/10 | train loss 11.010097 | norm 15.4736 | lr 1.00e-04 | (14195.81 ms | 73865 tok/s)
step    2/10 | train loss 10.132358 | norm 5.7713 | lr 1.00e-04 | (273.51 ms | 3833816 tok/s)
step    3/10 | train loss 9.790421 | norm 2.6207 | lr 1.00e-04 | (232.35 ms | 4512821 tok/s)
step    4/10 | train loss 9.620090 | norm 2.1208 | lr 1.00e-04 | (225.17 ms | 4656743 tok/s)
step    5/10 | train loss 9.536890 | norm 2.1163 | lr 1.00e-04 | (225.42 ms | 4651684 tok/s)
step    6/10 | train loss 9.455263 | norm 2.0053 | lr 1.00e-04 | (225.30 ms | 4654072 tok/s)
step    7/10 | train loss 9.369593 | norm 1.9544 | lr 1.00e-04 | (226.54 ms | 4628568 tok/s)
step    8/10 | train loss 9.277896 | norm 1.9223 | lr 1.00e-04 | (566.83 ms | 1849904 tok/s)
step    9/10 | train loss 9.182259 | norm 1.8716 | lr 1.00e-04 | (226.62 ms | 4626985 tok/s)
step   10/10 | train loss 9.094439 | norm 1.7971 | lr 1.00e-04 | (224.38 ms | 4673180 tok/s)
final 9 iters avg: 269.570ms
peak memory consumption: 16601 MiB
