Running pytorch 2.7.0+cu126
using device: cuda:0
total desired batch size: 393216
=> calculated gradient accumulation steps: 1
using device: cuda:1
using device: cuda:2
using device: cuda:3
compiling the model...
DataLoader: total number of tokens: 1,661,249,667 across 103 files
MOC-R4PCC04U05:538906:538906 [0] NCCL INFO NCCL_SOCKET_IFNAME set to eno7np0
MOC-R4PCC04U05:538906:538906 [0] NCCL INFO NCCL version 2.26.2+cuda12.2
MOC-R4PCC04U05:538908:538908 [2] NCCL INFO NCCL_SOCKET_IFNAME set to eno7np0
MOC-R4PCC04U05:538908:538908 [2] NCCL INFO NCCL version 2.26.2+cuda12.2
MOC-R4PCC04U05:538909:538909 [3] NCCL INFO NCCL_SOCKET_IFNAME set to eno7np0
MOC-R4PCC04U05:538907:538907 [1] NCCL INFO NCCL_SOCKET_IFNAME set to eno7np0
MOC-R4PCC04U05:538909:538909 [3] NCCL INFO NCCL version 2.26.2+cuda12.2
MOC-R4PCC04U05:538907:538907 [1] NCCL INFO NCCL version 2.26.2+cuda12.2
MOC-R4PCC04U05:538906:539031 [0] NCCL INFO NET/Plugin: Could not find: libnccl-net.so. Using internal net plugin.
MOC-R4PCC04U05:538906:539031 [0] NCCL INFO NET/Socket : Using [0]eno7np0:192.168.50.193<0>
MOC-R4PCC04U05:538908:539032 [2] NCCL INFO NET/Plugin: Could not find: libnccl-net.so. Using internal net plugin.
MOC-R4PCC04U05:538908:539032 [2] NCCL INFO NET/Socket : Using [0]eno7np0:192.168.50.193<0>
MOC-R4PCC04U05:538909:539033 [3] NCCL INFO NET/Plugin: Could not find: libnccl-net.so. Using internal net plugin.
MOC-R4PCC04U05:538909:539033 [3] NCCL INFO NET/Socket : Using [0]eno7np0:192.168.50.193<0>
MOC-R4PCC04U05:538907:539034 [1] NCCL INFO NET/Plugin: Could not find: libnccl-net.so. Using internal net plugin.
MOC-R4PCC04U05:538907:539034 [1] NCCL INFO NET/Socket : Using [0]eno7np0:192.168.50.193<0>
MOC-R4PCC04U05:538909:539033 [3] NCCL INFO NET/Socket : GPU Direct RDMA Disabled for HCA 0 'eno7np0'
MOC-R4PCC04U05:538906:539031 [0] NCCL INFO NET/Socket : GPU Direct RDMA Disabled for HCA 0 'eno7np0'
MOC-R4PCC04U05:538907:539034 [1] NCCL INFO NET/Socket : GPU Direct RDMA Disabled for HCA 0 'eno7np0'
MOC-R4PCC04U05:538908:539032 [2] NCCL INFO NET/Socket : GPU Direct RDMA Disabled for HCA 0 'eno7np0'
MOC-R4PCC04U05:538908:539043 [2] NCCL INFO New proxy recv connection 0 from local rank 2, transport 0
MOC-R4PCC04U05:538908:539051 [2] NCCL INFO Connected to proxy localRank 2 -> connection 0x7f5234004f30
MOC-R4PCC04U05:538908:539043 [2] NCCL INFO New proxy recv connection 1 from local rank 2, transport 0
MOC-R4PCC04U05:538908:539051 [2] NCCL INFO Connected to proxy localRank 2 -> connection 0x7f5234004fa8
MOC-R4PCC04U05:538906:539045 [0] NCCL INFO New proxy send connection 0 from local rank 0, transport 0
MOC-R4PCC04U05:538906:539052 [0] NCCL INFO Connected to proxy localRank 0 -> connection 0x7fcc90004f30
MOC-R4PCC04U05:538907:539046 [1] NCCL INFO New proxy recv connection 0 from local rank 1, transport 0
MOC-R4PCC04U05:538907:539053 [1] NCCL INFO Connected to proxy localRank 1 -> connection 0x7f753c004f30
MOC-R4PCC04U05:538906:539045 [0] NCCL INFO New proxy send connection 1 from local rank 0, transport 0
MOC-R4PCC04U05:538906:539052 [0] NCCL INFO Connected to proxy localRank 0 -> connection 0x7fcc90004fa8
MOC-R4PCC04U05:538907:539046 [1] NCCL INFO New proxy recv connection 1 from local rank 1, transport 0
MOC-R4PCC04U05:538907:539053 [1] NCCL INFO Connected to proxy localRank 1 -> connection 0x7f753c004fa8
MOC-R4PCC04U05:538906:539045 [0] NCCL INFO New proxy send connection 2 from local rank 0, transport 0
MOC-R4PCC04U05:538906:539052 [0] NCCL INFO Connected to proxy localRank 0 -> connection 0x7fcc90005020
MOC-R4PCC04U05:538908:539043 [2] NCCL INFO New proxy recv connection 2 from local rank 2, transport 2
MOC-R4PCC04U05:538908:539051 [2] NCCL INFO Connected to proxy localRank 2 -> connection 0x7f5234005020
MOC-R4PCC04U05:538908:539051 [2] NCCL INFO Channel 00/0 : 11[3] -> 2[2] [receive] via NET/Socket/0
MOC-R4PCC04U05:538908:539043 [2] NCCL INFO New proxy recv connection 3 from local rank 2, transport 2
MOC-R4PCC04U05:538908:539051 [2] NCCL INFO Connected to proxy localRank 2 -> connection 0x7f5234005098
MOC-R4PCC04U05:538908:539051 [2] NCCL INFO Channel 02/0 : 11[3] -> 2[2] [receive] via NET/Socket/0
MOC-R4PCC04U05:538908:539043 [2] NCCL INFO New proxy send connection 4 from local rank 2, transport 2
MOC-R4PCC04U05:538908:539051 [2] NCCL INFO Connected to proxy localRank 2 -> connection 0x7f5234005110
MOC-R4PCC04U05:538908:539051 [2] NCCL INFO Channel 01/0 : 2[2] -> 7[3] [send] via NET/Socket/0
MOC-R4PCC04U05:538908:539043 [2] NCCL INFO New proxy send connection 5 from local rank 2, transport 2
MOC-R4PCC04U05:538908:539051 [2] NCCL INFO Connected to proxy localRank 2 -> connection 0x7f5234005188
MOC-R4PCC04U05:538908:539051 [2] NCCL INFO Channel 03/0 : 2[2] -> 7[3] [send] via NET/Socket/0
MOC-R4PCC04U05:538908:539043 [2] NCCL INFO New proxy send connection 6 from local rank 2, transport 0
MOC-R4PCC04U05:538908:539051 [2] NCCL INFO Connected to proxy localRank 2 -> connection 0x7f5234005200
MOC-R4PCC04U05:538906:539045 [0] NCCL INFO New proxy send connection 3 from local rank 0, transport 0
MOC-R4PCC04U05:538906:539052 [0] NCCL INFO Connected to proxy localRank 0 -> connection 0x7fcc90005098
MOC-R4PCC04U05:538908:539043 [2] NCCL INFO New proxy send connection 7 from local rank 2, transport 0
MOC-R4PCC04U05:538908:539051 [2] NCCL INFO Connected to proxy localRank 2 -> connection 0x7f5234005278
MOC-R4PCC04U05:538909:539044 [3] NCCL INFO New proxy recv connection 0 from local rank 3, transport 0
MOC-R4PCC04U05:538909:539122 [3] NCCL INFO Connected to proxy localRank 3 -> connection 0x7f0498004f30
MOC-R4PCC04U05:538909:539044 [3] NCCL INFO New proxy recv connection 1 from local rank 3, transport 0
MOC-R4PCC04U05:538909:539122 [3] NCCL INFO Connected to proxy localRank 3 -> connection 0x7f0498004fa8
MOC-R4PCC04U05:538909:539044 [3] NCCL INFO New proxy send connection 2 from local rank 3, transport 2
MOC-R4PCC04U05:538909:539122 [3] NCCL INFO Connected to proxy localRank 3 -> connection 0x7f0498005020
MOC-R4PCC04U05:538909:539122 [3] NCCL INFO Channel 00/0 : 3[3] -> 6[2] [send] via NET/Socket/0
MOC-R4PCC04U05:538909:539044 [3] NCCL INFO New proxy send connection 3 from local rank 3, transport 2
MOC-R4PCC04U05:538909:539122 [3] NCCL INFO Connected to proxy localRank 3 -> connection 0x7f0498005098
MOC-R4PCC04U05:538909:539122 [3] NCCL INFO Channel 02/0 : 3[3] -> 6[2] [send] via NET/Socket/0
MOC-R4PCC04U05:538906:539045 [0] NCCL INFO New proxy recv connection 4 from local rank 0, transport 0
MOC-R4PCC04U05:538906:539052 [0] NCCL INFO Connected to proxy localRank 0 -> connection 0x7fcc90005110
MOC-R4PCC04U05:538909:539044 [3] NCCL INFO New proxy recv connection 4 from local rank 3, transport 2
MOC-R4PCC04U05:538909:539122 [3] NCCL INFO Connected to proxy localRank 3 -> connection 0x7f0498005110
MOC-R4PCC04U05:538909:539122 [3] NCCL INFO Channel 01/0 : 10[2] -> 3[3] [receive] via NET/Socket/0
MOC-R4PCC04U05:538909:539044 [3] NCCL INFO New proxy recv connection 5 from local rank 3, transport 2
MOC-R4PCC04U05:538909:539122 [3] NCCL INFO Connected to proxy localRank 3 -> connection 0x7f0498005188
MOC-R4PCC04U05:538909:539122 [3] NCCL INFO Channel 03/0 : 10[2] -> 3[3] [receive] via NET/Socket/0
MOC-R4PCC04U05:538909:539044 [3] NCCL INFO New proxy send connection 6 from local rank 3, transport 0
MOC-R4PCC04U05:538909:539122 [3] NCCL INFO Connected to proxy localRank 3 -> connection 0x7f0498005200
MOC-R4PCC04U05:538906:539045 [0] NCCL INFO New proxy recv connection 5 from local rank 0, transport 0
MOC-R4PCC04U05:538909:539044 [3] NCCL INFO New proxy send connection 7 from local rank 3, transport 0
MOC-R4PCC04U05:538909:539122 [3] NCCL INFO Connected to proxy localRank 3 -> connection 0x7f0498005278
MOC-R4PCC04U05:538906:539052 [0] NCCL INFO Connected to proxy localRank 0 -> connection 0x7fcc90005188
MOC-R4PCC04U05:538907:539046 [1] NCCL INFO New proxy recv connection 2 from local rank 1, transport 0
MOC-R4PCC04U05:538907:539053 [1] NCCL INFO Connected to proxy localRank 1 -> connection 0x7f753c005020
MOC-R4PCC04U05:538907:539046 [1] NCCL INFO New proxy recv connection 3 from local rank 1, transport 0
MOC-R4PCC04U05:538907:539053 [1] NCCL INFO Connected to proxy localRank 1 -> connection 0x7f753c005098
MOC-R4PCC04U05:538906:539045 [0] NCCL INFO New proxy recv connection 6 from local rank 0, transport 0
MOC-R4PCC04U05:538906:539052 [0] NCCL INFO Connected to proxy localRank 0 -> connection 0x7fcc90005200
MOC-R4PCC04U05:538906:539045 [0] NCCL INFO New proxy send connection 7 from local rank 3, transport 0
MOC-R4PCC04U05:538909:539122 [3] NCCL INFO Connected to proxy localRank 0 -> connection 0x7fcc90005278
MOC-R4PCC04U05:538907:539046 [1] NCCL INFO New proxy send connection 4 from local rank 1, transport 0
MOC-R4PCC04U05:538907:539053 [1] NCCL INFO Connected to proxy localRank 1 -> connection 0x7f753c005110
MOC-R4PCC04U05:538906:539045 [0] NCCL INFO New proxy recv connection 8 from local rank 0, transport 0
MOC-R4PCC04U05:538906:539052 [0] NCCL INFO Connected to proxy localRank 0 -> connection 0x7fcc900052f0
MOC-R4PCC04U05:538907:539046 [1] NCCL INFO New proxy send connection 5 from local rank 1, transport 0
MOC-R4PCC04U05:538907:539053 [1] NCCL INFO Connected to proxy localRank 1 -> connection 0x7f753c005188
MOC-R4PCC04U05:538907:539046 [1] NCCL INFO New proxy send connection 6 from local rank 1, transport 0
MOC-R4PCC04U05:538907:539053 [1] NCCL INFO Connected to proxy localRank 1 -> connection 0x7f753c005200
MOC-R4PCC04U05:538907:539046 [1] NCCL INFO New proxy send connection 7 from local rank 1, transport 0
MOC-R4PCC04U05:538907:539053 [1] NCCL INFO Connected to proxy localRank 1 -> connection 0x7f753c005278
MOC-R4PCC04U05:538906:539045 [0] NCCL INFO New proxy send connection 9 from local rank 2, transport 0
MOC-R4PCC04U05:538908:539043 [2] NCCL INFO New proxy send connection 8 from local rank 0, transport 0
MOC-R4PCC04U05:538906:539052 [0] NCCL INFO Connected to proxy localRank 2 -> connection 0x7f52340052f0
MOC-R4PCC04U05:538908:539051 [2] NCCL INFO Connected to proxy localRank 0 -> connection 0x7fcc90005368
MOC-R4PCC04U05:538909:539044 [3] NCCL INFO New proxy send connection 8 from local rank 1, transport 0
MOC-R4PCC04U05:538907:539053 [1] NCCL INFO Connected to proxy localRank 3 -> connection 0x7f04980052f0
MOC-R4PCC04U05:538909:539044 [3] NCCL INFO New proxy send connection 9 from local rank 0, transport 0
MOC-R4PCC04U05:538906:539052 [0] NCCL INFO Connected to proxy localRank 3 -> connection 0x7f0498005368
MOC-R4PCC04U05:538907:539046 [1] NCCL INFO New proxy send connection 8 from local rank 2, transport 0
MOC-R4PCC04U05:538908:539051 [2] NCCL INFO Connected to proxy localRank 1 -> connection 0x7f753c0052f0
MOC-R4PCC04U05:538907:539046 [1] NCCL INFO New proxy send connection 9 from local rank 3, transport 0
MOC-R4PCC04U05:538909:539122 [3] NCCL INFO Connected to proxy localRank 1 -> connection 0x7f753c005368
MOC-R4PCC04U05:538906:539045 [0] NCCL INFO New proxy send connection 10 from local rank 1, transport 0
MOC-R4PCC04U05:538907:539053 [1] NCCL INFO Connected to proxy localRank 0 -> connection 0x7fcc900053e0
MOC-R4PCC04U05:538907:539046 [1] NCCL INFO New proxy send connection 10 from local rank 0, transport 0
MOC-R4PCC04U05:538906:539052 [0] NCCL INFO Connected to proxy localRank 1 -> connection 0x7f753c0053e0
MOC-R4PCC04U05:538908:539043 [2] NCCL INFO New proxy send connection 9 from local rank 1, transport 0
MOC-R4PCC04U05:538907:539053 [1] NCCL INFO Connected to proxy localRank 2 -> connection 0x7f5234005368
num decayed parameter tensors: 50, with 124,318,464 parameters
num non-decayed parameter tensors: 98, with 121,344 parameters
using fused AdamW: False
using regular AdamW
MOC-R4PCC04U05:538909:539044 [3] NCCL INFO New proxy recv connection 10 from local rank 3, transport 0
MOC-R4PCC04U05:538909:539778 [3] NCCL INFO Connected to proxy localRank 3 -> connection 0x7f04980053e0
MOC-R4PCC04U05:538909:539044 [3] NCCL INFO New proxy recv connection 11 from local rank 3, transport 0
MOC-R4PCC04U05:538909:539778 [3] NCCL INFO Connected to proxy localRank 3 -> connection 0x7f0498005458
MOC-R4PCC04U05:538908:539043 [2] NCCL INFO New proxy recv connection 10 from local rank 2, transport 0
MOC-R4PCC04U05:538908:539779 [2] NCCL INFO Connected to proxy localRank 2 -> connection 0x7f52340053e0
MOC-R4PCC04U05:538908:539043 [2] NCCL INFO New proxy recv connection 11 from local rank 2, transport 0
MOC-R4PCC04U05:538908:539779 [2] NCCL INFO Connected to proxy localRank 2 -> connection 0x7f5234005458
MOC-R4PCC04U05:538908:539043 [2] NCCL INFO New proxy recv connection 12 from local rank 2, transport 0
MOC-R4PCC04U05:538908:539779 [2] NCCL INFO Connected to proxy localRank 2 -> connection 0x7f52340054d0
MOC-R4PCC04U05:538908:539043 [2] NCCL INFO New proxy recv connection 13 from local rank 2, transport 0
MOC-R4PCC04U05:538908:539779 [2] NCCL INFO Connected to proxy localRank 2 -> connection 0x7f5234005548
MOC-R4PCC04U05:538907:539046 [1] NCCL INFO New proxy recv connection 11 from local rank 1, transport 0
MOC-R4PCC04U05:538907:539780 [1] NCCL INFO Connected to proxy localRank 1 -> connection 0x7f753c005458
MOC-R4PCC04U05:538907:539046 [1] NCCL INFO New proxy recv connection 12 from local rank 1, transport 0
MOC-R4PCC04U05:538907:539780 [1] NCCL INFO Connected to proxy localRank 1 -> connection 0x7f753c0054d0
MOC-R4PCC04U05:538907:539046 [1] NCCL INFO New proxy recv connection 13 from local rank 1, transport 0
MOC-R4PCC04U05:538907:539780 [1] NCCL INFO Connected to proxy localRank 1 -> connection 0x7f753c005548
MOC-R4PCC04U05:538907:539046 [1] NCCL INFO New proxy recv connection 14 from local rank 1, transport 0
MOC-R4PCC04U05:538907:539780 [1] NCCL INFO Connected to proxy localRank 1 -> connection 0x7f753c0055c0
MOC-R4PCC04U05:538907:539046 [1] NCCL INFO New proxy send connection 15 from local rank 1, transport 0
MOC-R4PCC04U05:538907:539780 [1] NCCL INFO Connected to proxy localRank 1 -> connection 0x7f753c005638
MOC-R4PCC04U05:538907:539046 [1] NCCL INFO New proxy send connection 16 from local rank 1, transport 0
MOC-R4PCC04U05:538907:539780 [1] NCCL INFO Connected to proxy localRank 1 -> connection 0x7f753c0056b0
MOC-R4PCC04U05:538907:539046 [1] NCCL INFO New proxy send connection 17 from local rank 1, transport 0
MOC-R4PCC04U05:538907:539780 [1] NCCL INFO Connected to proxy localRank 1 -> connection 0x7f753c005728
MOC-R4PCC04U05:538907:539046 [1] NCCL INFO New proxy send connection 18 from local rank 1, transport 0
MOC-R4PCC04U05:538907:539780 [1] NCCL INFO Connected to proxy localRank 1 -> connection 0x7f753c0057a0
MOC-R4PCC04U05:538908:539043 [2] NCCL INFO New proxy send connection 14 from local rank 2, transport 0
MOC-R4PCC04U05:538908:539779 [2] NCCL INFO Connected to proxy localRank 2 -> connection 0x7f52340055c0
MOC-R4PCC04U05:538908:539043 [2] NCCL INFO New proxy send connection 15 from local rank 2, transport 0
MOC-R4PCC04U05:538908:539779 [2] NCCL INFO Connected to proxy localRank 2 -> connection 0x7f5234005638
MOC-R4PCC04U05:538906:539045 [0] NCCL INFO New proxy send connection 11 from local rank 0, transport 0
MOC-R4PCC04U05:538906:539781 [0] NCCL INFO Connected to proxy localRank 0 -> connection 0x7fcc90005458
MOC-R4PCC04U05:538906:539045 [0] NCCL INFO New proxy send connection 12 from local rank 0, transport 0
MOC-R4PCC04U05:538906:539781 [0] NCCL INFO Connected to proxy localRank 0 -> connection 0x7fcc900054d0
MOC-R4PCC04U05:538906:539045 [0] NCCL INFO New proxy send connection 13 from local rank 0, transport 0
MOC-R4PCC04U05:538906:539781 [0] NCCL INFO Connected to proxy localRank 0 -> connection 0x7fcc90005548
MOC-R4PCC04U05:538906:539045 [0] NCCL INFO New proxy send connection 14 from local rank 0, transport 0
MOC-R4PCC04U05:538906:539781 [0] NCCL INFO Connected to proxy localRank 0 -> connection 0x7fcc900055c0
MOC-R4PCC04U05:538907:539046 [1] NCCL INFO New proxy recv connection 19 from local rank 1, transport 0
MOC-R4PCC04U05:538907:539780 [1] NCCL INFO Connected to proxy localRank 1 -> connection 0x7f753c005818
MOC-R4PCC04U05:538906:539045 [0] NCCL INFO New proxy send connection 15 from local rank 0, transport 0
MOC-R4PCC04U05:538906:539781 [0] NCCL INFO Connected to proxy localRank 0 -> connection 0x7fcc90005638
MOC-R4PCC04U05:538907:539046 [1] NCCL INFO New proxy recv connection 20 from local rank 1, transport 0
MOC-R4PCC04U05:538906:539045 [0] NCCL INFO New proxy send connection 16 from local rank 0, transport 0
MOC-R4PCC04U05:538907:539780 [1] NCCL INFO Connected to proxy localRank 1 -> connection 0x7f753c005890
MOC-R4PCC04U05:538906:539781 [0] NCCL INFO Connected to proxy localRank 0 -> connection 0x7fcc900056b0
MOC-R4PCC04U05:538906:539045 [0] NCCL INFO New proxy recv connection 17 from local rank 0, transport 0
MOC-R4PCC04U05:538906:539781 [0] NCCL INFO Connected to proxy localRank 0 -> connection 0x7fcc90005728
MOC-R4PCC04U05:538909:539044 [3] NCCL INFO New proxy recv connection 12 from local rank 3, transport 2
MOC-R4PCC04U05:538909:539778 [3] NCCL INFO Connected to proxy localRank 3 -> connection 0x7f04980054d0
MOC-R4PCC04U05:538906:539045 [0] NCCL INFO New proxy recv connection 18 from local rank 0, transport 0
MOC-R4PCC04U05:538906:539781 [0] NCCL INFO Connected to proxy localRank 0 -> connection 0x7fcc900057a0
MOC-R4PCC04U05:538909:539778 [3] NCCL INFO Channel 00/0 : 11[3] -> 3[3] [receive] via NET/Socket/0
MOC-R4PCC04U05:538909:539044 [3] NCCL INFO New proxy recv connection 13 from local rank 3, transport 2
MOC-R4PCC04U05:538909:539778 [3] NCCL INFO Connected to proxy localRank 3 -> connection 0x7f0498005548
MOC-R4PCC04U05:538909:539778 [3] NCCL INFO Channel 01/0 : 11[3] -> 3[3] [receive] via NET/Socket/0
MOC-R4PCC04U05:538909:539044 [3] NCCL INFO New proxy recv connection 14 from local rank 3, transport 2
MOC-R4PCC04U05:538909:539778 [3] NCCL INFO Connected to proxy localRank 3 -> connection 0x7f04980055c0
MOC-R4PCC04U05:538909:539778 [3] NCCL INFO Channel 02/0 : 11[3] -> 3[3] [receive] via NET/Socket/0
MOC-R4PCC04U05:538909:539044 [3] NCCL INFO New proxy recv connection 15 from local rank 3, transport 2
MOC-R4PCC04U05:538909:539778 [3] NCCL INFO Connected to proxy localRank 3 -> connection 0x7f0498005638
MOC-R4PCC04U05:538906:539045 [0] NCCL INFO New proxy recv connection 19 from local rank 0, transport 0
MOC-R4PCC04U05:538906:539781 [0] NCCL INFO Connected to proxy localRank 0 -> connection 0x7fcc90005818
MOC-R4PCC04U05:538909:539778 [3] NCCL INFO Channel 03/0 : 11[3] -> 3[3] [receive] via NET/Socket/0
MOC-R4PCC04U05:538909:539044 [3] NCCL INFO New proxy send connection 16 from local rank 3, transport 2
MOC-R4PCC04U05:538909:539778 [3] NCCL INFO Connected to proxy localRank 3 -> connection 0x7f04980056b0
MOC-R4PCC04U05:538909:539778 [3] NCCL INFO Channel 02/0 : 3[3] -> 7[3] [send] via NET/Socket/0
MOC-R4PCC04U05:538909:539044 [3] NCCL INFO New proxy send connection 17 from local rank 3, transport 2
MOC-R4PCC04U05:538909:539778 [3] NCCL INFO Connected to proxy localRank 3 -> connection 0x7f0498005728
MOC-R4PCC04U05:538909:539778 [3] NCCL INFO Channel 03/0 : 3[3] -> 7[3] [send] via NET/Socket/0
MOC-R4PCC04U05:538906:539045 [0] NCCL INFO New proxy recv connection 20 from local rank 0, transport 0
MOC-R4PCC04U05:538906:539781 [0] NCCL INFO Connected to proxy localRank 0 -> connection 0x7fcc90005890
MOC-R4PCC04U05:538909:539044 [3] NCCL INFO New proxy recv connection 18 from local rank 3, transport 2
MOC-R4PCC04U05:538909:539778 [3] NCCL INFO Connected to proxy localRank 3 -> connection 0x7f04980057a0
MOC-R4PCC04U05:538909:539778 [3] NCCL INFO Channel 02/0 : 7[3] -> 3[3] [receive] via NET/Socket/0
MOC-R4PCC04U05:538909:539044 [3] NCCL INFO New proxy recv connection 19 from local rank 3, transport 2
MOC-R4PCC04U05:538909:539778 [3] NCCL INFO Connected to proxy localRank 3 -> connection 0x7f0498005818
MOC-R4PCC04U05:538909:539778 [3] NCCL INFO Channel 03/0 : 7[3] -> 3[3] [receive] via NET/Socket/0
MOC-R4PCC04U05:538909:539044 [3] NCCL INFO New proxy send connection 20 from local rank 3, transport 2
MOC-R4PCC04U05:538909:539778 [3] NCCL INFO Connected to proxy localRank 3 -> connection 0x7f0498005890
MOC-R4PCC04U05:538909:539778 [3] NCCL INFO Channel 00/0 : 3[3] -> 11[3] [send] via NET/Socket/0
MOC-R4PCC04U05:538909:539044 [3] NCCL INFO New proxy send connection 21 from local rank 3, transport 2
MOC-R4PCC04U05:538909:539778 [3] NCCL INFO Connected to proxy localRank 3 -> connection 0x7f0498005908
MOC-R4PCC04U05:538909:539778 [3] NCCL INFO Channel 01/0 : 3[3] -> 11[3] [send] via NET/Socket/0
MOC-R4PCC04U05:538909:539044 [3] NCCL INFO New proxy send connection 22 from local rank 3, transport 2
MOC-R4PCC04U05:538909:539778 [3] NCCL INFO Connected to proxy localRank 3 -> connection 0x7f0498005980
MOC-R4PCC04U05:538909:539778 [3] NCCL INFO Channel 02/0 : 3[3] -> 11[3] [send] via NET/Socket/0
MOC-R4PCC04U05:538909:539044 [3] NCCL INFO New proxy send connection 23 from local rank 3, transport 2
MOC-R4PCC04U05:538909:539778 [3] NCCL INFO Connected to proxy localRank 3 -> connection 0x7f04980059f8
MOC-R4PCC04U05:538909:539778 [3] NCCL INFO Channel 03/0 : 3[3] -> 11[3] [send] via NET/Socket/0
MOC-R4PCC04U05:538909:539044 [3] NCCL INFO New proxy send connection 24 from local rank 3, transport 0
MOC-R4PCC04U05:538909:539778 [3] NCCL INFO Connected to proxy localRank 3 -> connection 0x7f0498005a70
MOC-R4PCC04U05:538909:539044 [3] NCCL INFO New proxy send connection 25 from local rank 3, transport 0
MOC-R4PCC04U05:538909:539778 [3] NCCL INFO Connected to proxy localRank 3 -> connection 0x7f0498005ae8
MOC-R4PCC04U05:538909:539044 [3] NCCL INFO New proxy send connection 26 from local rank 3, transport 0
MOC-R4PCC04U05:538909:539778 [3] NCCL INFO Connected to proxy localRank 3 -> connection 0x7f0498005b60
MOC-R4PCC04U05:538909:539044 [3] NCCL INFO New proxy send connection 27 from local rank 3, transport 0
MOC-R4PCC04U05:538909:539778 [3] NCCL INFO Connected to proxy localRank 3 -> connection 0x7f0498005bd8
step    1/10 | train loss 11.008544 | norm 15.7801 | lr 1.00e-04 | (14015.66 ms | 28055 tok/s)
step    2/10 | train loss 10.118105 | norm 5.8209 | lr 1.00e-04 | (170.60 ms | 2304911 tok/s)
step    3/10 | train loss 9.770433 | norm 2.6297 | lr 1.00e-04 | (163.54 ms | 2404453 tok/s)
step    4/10 | train loss 9.600720 | norm 2.1155 | lr 1.00e-04 | (163.10 ms | 2410836 tok/s)
step    5/10 | train loss 9.517909 | norm 2.1044 | lr 1.00e-04 | (163.06 ms | 2411418 tok/s)
step    6/10 | train loss 9.436641 | norm 1.9995 | lr 1.00e-04 | (163.74 ms | 2401495 tok/s)
step    7/10 | train loss 9.351844 | norm 1.9450 | lr 1.00e-04 | (167.48 ms | 2347785 tok/s)
step    8/10 | train loss 9.262651 | norm 1.9094 | lr 1.00e-04 | (163.47 ms | 2405477 tok/s)
step    9/10 | train loss 9.170669 | norm 1.8626 | lr 1.00e-04 | (167.14 ms | 2352598 tok/s)
step   10/10 | train loss 9.080885 | norm 1.7797 | lr 1.00e-04 | (165.91 ms | 2370070 tok/s)
final 9 iters avg: 165.338ms
peak memory consumption: 16121 MiB
