Running pytorch 2.7.0+cu126
using device: cuda:0
total desired batch size: 1572864
=> calculated gradient accumulation steps: 3
using device: cuda:2
using device: cuda:1
using device: cuda:3
compiling the model...
DataLoader: total number of tokens: 1,661,249,667 across 103 files
MOC-R4PCC04U05:684982:684982 [0] NCCL INFO NCCL_SOCKET_IFNAME set to eno7np0
MOC-R4PCC04U05:684982:684982 [0] NCCL INFO NCCL version 2.26.2+cuda12.2
MOC-R4PCC04U05:684982:685086 [0] NCCL INFO NET/Plugin: Could not find: libnccl-net.so. Using internal net plugin.
MOC-R4PCC04U05:684982:685086 [0] NCCL INFO NET/Socket : Using [0]eno7np0:192.168.50.193<0>
MOC-R4PCC04U05:684985:684985 [3] NCCL INFO NCCL_SOCKET_IFNAME set to eno7np0
MOC-R4PCC04U05:684985:684985 [3] NCCL INFO NCCL version 2.26.2+cuda12.2
MOC-R4PCC04U05:684983:684983 [1] NCCL INFO NCCL_SOCKET_IFNAME set to eno7np0
MOC-R4PCC04U05:684984:684984 [2] NCCL INFO NCCL_SOCKET_IFNAME set to eno7np0
MOC-R4PCC04U05:684983:684983 [1] NCCL INFO NCCL version 2.26.2+cuda12.2
MOC-R4PCC04U05:684984:684984 [2] NCCL INFO NCCL version 2.26.2+cuda12.2
MOC-R4PCC04U05:684985:685108 [3] NCCL INFO NET/Plugin: Could not find: libnccl-net.so. Using internal net plugin.
MOC-R4PCC04U05:684985:685108 [3] NCCL INFO NET/Socket : Using [0]eno7np0:192.168.50.193<0>
MOC-R4PCC04U05:684984:685110 [2] NCCL INFO NET/Plugin: Could not find: libnccl-net.so. Using internal net plugin.
MOC-R4PCC04U05:684983:685109 [1] NCCL INFO NET/Plugin: Could not find: libnccl-net.so. Using internal net plugin.
MOC-R4PCC04U05:684984:685110 [2] NCCL INFO NET/Socket : Using [0]eno7np0:192.168.50.193<0>
MOC-R4PCC04U05:684983:685109 [1] NCCL INFO NET/Socket : Using [0]eno7np0:192.168.50.193<0>
MOC-R4PCC04U05:684982:685086 [0] NCCL INFO NET/Socket : GPU Direct RDMA Disabled for HCA 0 'eno7np0'
MOC-R4PCC04U05:684983:685109 [1] NCCL INFO NET/Socket : GPU Direct RDMA Disabled for HCA 0 'eno7np0'
MOC-R4PCC04U05:684984:685110 [2] NCCL INFO NET/Socket : GPU Direct RDMA Disabled for HCA 0 'eno7np0'
MOC-R4PCC04U05:684985:685108 [3] NCCL INFO NET/Socket : GPU Direct RDMA Disabled for HCA 0 'eno7np0'
MOC-R4PCC04U05:684982:685121 [0] NCCL INFO New proxy send connection 0 from local rank 0, transport 0
MOC-R4PCC04U05:684982:685127 [0] NCCL INFO Connected to proxy localRank 0 -> connection 0x7f3de4004f30
MOC-R4PCC04U05:684985:685120 [3] NCCL INFO New proxy recv connection 0 from local rank 3, transport 0
MOC-R4PCC04U05:684985:685128 [3] NCCL INFO Connected to proxy localRank 3 -> connection 0x7f880c004f30
MOC-R4PCC04U05:684982:685121 [0] NCCL INFO New proxy send connection 1 from local rank 0, transport 0
MOC-R4PCC04U05:684982:685127 [0] NCCL INFO Connected to proxy localRank 0 -> connection 0x7f3de4004fa8
MOC-R4PCC04U05:684985:685120 [3] NCCL INFO New proxy recv connection 1 from local rank 3, transport 0
MOC-R4PCC04U05:684985:685128 [3] NCCL INFO Connected to proxy localRank 3 -> connection 0x7f880c004fa8
MOC-R4PCC04U05:684984:685119 [2] NCCL INFO New proxy recv connection 0 from local rank 2, transport 0
MOC-R4PCC04U05:684984:685129 [2] NCCL INFO Connected to proxy localRank 2 -> connection 0x7fa388004f30
MOC-R4PCC04U05:684983:685124 [1] NCCL INFO New proxy recv connection 0 from local rank 1, transport 0
MOC-R4PCC04U05:684983:685130 [1] NCCL INFO Connected to proxy localRank 1 -> connection 0x7fd5e8004f30
MOC-R4PCC04U05:684984:685119 [2] NCCL INFO New proxy recv connection 1 from local rank 2, transport 0
MOC-R4PCC04U05:684984:685129 [2] NCCL INFO Connected to proxy localRank 2 -> connection 0x7fa388004fa8
MOC-R4PCC04U05:684983:685124 [1] NCCL INFO New proxy recv connection 1 from local rank 1, transport 0
MOC-R4PCC04U05:684983:685130 [1] NCCL INFO Connected to proxy localRank 1 -> connection 0x7fd5e8004fa8
MOC-R4PCC04U05:684982:685121 [0] NCCL INFO New proxy send connection 2 from local rank 0, transport 0
MOC-R4PCC04U05:684982:685127 [0] NCCL INFO Connected to proxy localRank 0 -> connection 0x7f3de4005020
MOC-R4PCC04U05:684982:685121 [0] NCCL INFO New proxy send connection 3 from local rank 0, transport 0
MOC-R4PCC04U05:684982:685127 [0] NCCL INFO Connected to proxy localRank 0 -> connection 0x7f3de4005098
MOC-R4PCC04U05:684985:685120 [3] NCCL INFO New proxy send connection 2 from local rank 3, transport 2
MOC-R4PCC04U05:684985:685128 [3] NCCL INFO Connected to proxy localRank 3 -> connection 0x7f880c005020
MOC-R4PCC04U05:684985:685128 [3] NCCL INFO Channel 00/0 : 3[3] -> 6[2] [send] via NET/Socket/0
MOC-R4PCC04U05:684985:685120 [3] NCCL INFO New proxy send connection 3 from local rank 3, transport 2
MOC-R4PCC04U05:684985:685128 [3] NCCL INFO Connected to proxy localRank 3 -> connection 0x7f880c005098
MOC-R4PCC04U05:684985:685128 [3] NCCL INFO Channel 02/0 : 3[3] -> 6[2] [send] via NET/Socket/0
MOC-R4PCC04U05:684982:685121 [0] NCCL INFO New proxy recv connection 4 from local rank 0, transport 0
MOC-R4PCC04U05:684982:685127 [0] NCCL INFO Connected to proxy localRank 0 -> connection 0x7f3de4005110
MOC-R4PCC04U05:684984:685119 [2] NCCL INFO New proxy recv connection 2 from local rank 2, transport 2
MOC-R4PCC04U05:684984:685129 [2] NCCL INFO Connected to proxy localRank 2 -> connection 0x7fa388005020
MOC-R4PCC04U05:684984:685129 [2] NCCL INFO Channel 00/0 : 15[3] -> 2[2] [receive] via NET/Socket/0
MOC-R4PCC04U05:684984:685119 [2] NCCL INFO New proxy recv connection 3 from local rank 2, transport 2
MOC-R4PCC04U05:684984:685129 [2] NCCL INFO Connected to proxy localRank 2 -> connection 0x7fa388005098
MOC-R4PCC04U05:684984:685129 [2] NCCL INFO Channel 02/0 : 15[3] -> 2[2] [receive] via NET/Socket/0
MOC-R4PCC04U05:684985:685120 [3] NCCL INFO New proxy recv connection 4 from local rank 3, transport 2
MOC-R4PCC04U05:684985:685128 [3] NCCL INFO Connected to proxy localRank 3 -> connection 0x7f880c005110
MOC-R4PCC04U05:684985:685128 [3] NCCL INFO Channel 01/0 : 14[2] -> 3[3] [receive] via NET/Socket/0
MOC-R4PCC04U05:684985:685120 [3] NCCL INFO New proxy recv connection 5 from local rank 3, transport 2
MOC-R4PCC04U05:684985:685128 [3] NCCL INFO Connected to proxy localRank 3 -> connection 0x7f880c005188
MOC-R4PCC04U05:684985:685128 [3] NCCL INFO Channel 03/0 : 14[2] -> 3[3] [receive] via NET/Socket/0
MOC-R4PCC04U05:684982:685121 [0] NCCL INFO New proxy recv connection 5 from local rank 0, transport 0
MOC-R4PCC04U05:684982:685127 [0] NCCL INFO Connected to proxy localRank 0 -> connection 0x7f3de4005188
MOC-R4PCC04U05:684982:685121 [0] NCCL INFO New proxy recv connection 6 from local rank 0, transport 0
MOC-R4PCC04U05:684982:685127 [0] NCCL INFO Connected to proxy localRank 0 -> connection 0x7f3de4005200
MOC-R4PCC04U05:684982:685121 [0] NCCL INFO New proxy recv connection 7 from local rank 0, transport 0
MOC-R4PCC04U05:684982:685127 [0] NCCL INFO Connected to proxy localRank 0 -> connection 0x7f3de4005278
MOC-R4PCC04U05:684984:685119 [2] NCCL INFO New proxy send connection 4 from local rank 2, transport 2
MOC-R4PCC04U05:684984:685129 [2] NCCL INFO Connected to proxy localRank 2 -> connection 0x7fa388005110
MOC-R4PCC04U05:684984:685129 [2] NCCL INFO Channel 01/0 : 2[2] -> 7[3] [send] via NET/Socket/0
MOC-R4PCC04U05:684984:685119 [2] NCCL INFO New proxy send connection 5 from local rank 2, transport 2
MOC-R4PCC04U05:684984:685129 [2] NCCL INFO Connected to proxy localRank 2 -> connection 0x7fa388005188
MOC-R4PCC04U05:684984:685129 [2] NCCL INFO Channel 03/0 : 2[2] -> 7[3] [send] via NET/Socket/0
MOC-R4PCC04U05:684984:685119 [2] NCCL INFO New proxy send connection 6 from local rank 2, transport 0
MOC-R4PCC04U05:684984:685129 [2] NCCL INFO Connected to proxy localRank 2 -> connection 0x7fa388005200
MOC-R4PCC04U05:684984:685119 [2] NCCL INFO New proxy send connection 7 from local rank 2, transport 0
MOC-R4PCC04U05:684984:685129 [2] NCCL INFO Connected to proxy localRank 2 -> connection 0x7fa388005278
MOC-R4PCC04U05:684985:685120 [3] NCCL INFO New proxy send connection 6 from local rank 3, transport 0
MOC-R4PCC04U05:684985:685128 [3] NCCL INFO Connected to proxy localRank 3 -> connection 0x7f880c005200
MOC-R4PCC04U05:684985:685120 [3] NCCL INFO New proxy send connection 7 from local rank 3, transport 0
MOC-R4PCC04U05:684985:685128 [3] NCCL INFO Connected to proxy localRank 3 -> connection 0x7f880c005278
MOC-R4PCC04U05:684983:685124 [1] NCCL INFO New proxy recv connection 2 from local rank 1, transport 0
MOC-R4PCC04U05:684983:685130 [1] NCCL INFO Connected to proxy localRank 1 -> connection 0x7fd5e8005020
MOC-R4PCC04U05:684982:685121 [0] NCCL INFO New proxy send connection 8 from local rank 3, transport 0
MOC-R4PCC04U05:684985:685128 [3] NCCL INFO Connected to proxy localRank 0 -> connection 0x7f3de40052f0
MOC-R4PCC04U05:684983:685124 [1] NCCL INFO New proxy recv connection 3 from local rank 1, transport 0
MOC-R4PCC04U05:684983:685130 [1] NCCL INFO Connected to proxy localRank 1 -> connection 0x7fd5e8005098
MOC-R4PCC04U05:684983:685124 [1] NCCL INFO New proxy send connection 4 from local rank 1, transport 0
MOC-R4PCC04U05:684983:685130 [1] NCCL INFO Connected to proxy localRank 1 -> connection 0x7fd5e8005110
MOC-R4PCC04U05:684983:685124 [1] NCCL INFO New proxy send connection 5 from local rank 1, transport 0
MOC-R4PCC04U05:684983:685130 [1] NCCL INFO Connected to proxy localRank 1 -> connection 0x7fd5e8005188
MOC-R4PCC04U05:684983:685124 [1] NCCL INFO New proxy send connection 6 from local rank 1, transport 0
MOC-R4PCC04U05:684983:685130 [1] NCCL INFO Connected to proxy localRank 1 -> connection 0x7fd5e8005200
MOC-R4PCC04U05:684983:685124 [1] NCCL INFO New proxy send connection 7 from local rank 1, transport 0
MOC-R4PCC04U05:684983:685130 [1] NCCL INFO Connected to proxy localRank 1 -> connection 0x7fd5e8005278
MOC-R4PCC04U05:684982:685121 [0] NCCL INFO New proxy send connection 9 from local rank 2, transport 0
MOC-R4PCC04U05:684984:685129 [2] NCCL INFO Connected to proxy localRank 0 -> connection 0x7f3de4005368
MOC-R4PCC04U05:684984:685119 [2] NCCL INFO New proxy send connection 8 from local rank 0, transport 0
MOC-R4PCC04U05:684982:685127 [0] NCCL INFO Connected to proxy localRank 2 -> connection 0x7fa3880052f0
MOC-R4PCC04U05:684985:685120 [3] NCCL INFO New proxy send connection 8 from local rank 1, transport 0
MOC-R4PCC04U05:684983:685130 [1] NCCL INFO Connected to proxy localRank 3 -> connection 0x7f880c0052f0
MOC-R4PCC04U05:684983:685124 [1] NCCL INFO New proxy send connection 8 from local rank 2, transport 0
MOC-R4PCC04U05:684984:685129 [2] NCCL INFO Connected to proxy localRank 1 -> connection 0x7fd5e80052f0
MOC-R4PCC04U05:684983:685124 [1] NCCL INFO New proxy send connection 9 from local rank 3, transport 0
MOC-R4PCC04U05:684985:685128 [3] NCCL INFO Connected to proxy localRank 1 -> connection 0x7fd5e8005368
MOC-R4PCC04U05:684985:685120 [3] NCCL INFO New proxy send connection 9 from local rank 0, transport 0
MOC-R4PCC04U05:684982:685127 [0] NCCL INFO Connected to proxy localRank 3 -> connection 0x7f880c005368
MOC-R4PCC04U05:684982:685121 [0] NCCL INFO New proxy send connection 10 from local rank 1, transport 0
MOC-R4PCC04U05:684983:685130 [1] NCCL INFO Connected to proxy localRank 0 -> connection 0x7f3de40053e0
MOC-R4PCC04U05:684984:685119 [2] NCCL INFO New proxy send connection 9 from local rank 1, transport 0
MOC-R4PCC04U05:684983:685130 [1] NCCL INFO Connected to proxy localRank 2 -> connection 0x7fa388005368
MOC-R4PCC04U05:684983:685124 [1] NCCL INFO New proxy send connection 10 from local rank 0, transport 0
MOC-R4PCC04U05:684982:685127 [0] NCCL INFO Connected to proxy localRank 1 -> connection 0x7fd5e80053e0
num decayed parameter tensors: 50, with 124,318,464 parameters
num non-decayed parameter tensors: 98, with 121,344 parameters
using fused AdamW: False
using regular AdamW
MOC-R4PCC04U05:684982:685121 [0] NCCL INFO New proxy send connection 11 from local rank 0, transport 0
MOC-R4PCC04U05:684982:685853 [0] NCCL INFO Connected to proxy localRank 0 -> connection 0x7f3de4005458
MOC-R4PCC04U05:684982:685121 [0] NCCL INFO New proxy send connection 12 from local rank 0, transport 0
MOC-R4PCC04U05:684982:685853 [0] NCCL INFO Connected to proxy localRank 0 -> connection 0x7f3de40054d0
MOC-R4PCC04U05:684982:685121 [0] NCCL INFO New proxy send connection 13 from local rank 0, transport 0
MOC-R4PCC04U05:684982:685853 [0] NCCL INFO Connected to proxy localRank 0 -> connection 0x7f3de4005548
MOC-R4PCC04U05:684982:685121 [0] NCCL INFO New proxy send connection 14 from local rank 0, transport 0
MOC-R4PCC04U05:684982:685853 [0] NCCL INFO Connected to proxy localRank 0 -> connection 0x7f3de40055c0
MOC-R4PCC04U05:684985:685120 [3] NCCL INFO New proxy recv connection 10 from local rank 3, transport 0
MOC-R4PCC04U05:684985:685854 [3] NCCL INFO Connected to proxy localRank 3 -> connection 0x7f880c0053e0
MOC-R4PCC04U05:684985:685120 [3] NCCL INFO New proxy recv connection 11 from local rank 3, transport 0
MOC-R4PCC04U05:684985:685854 [3] NCCL INFO Connected to proxy localRank 3 -> connection 0x7f880c005458
MOC-R4PCC04U05:684983:685124 [1] NCCL INFO New proxy recv connection 11 from local rank 1, transport 0
MOC-R4PCC04U05:684983:685855 [1] NCCL INFO Connected to proxy localRank 1 -> connection 0x7fd5e8005458
MOC-R4PCC04U05:684983:685124 [1] NCCL INFO New proxy recv connection 12 from local rank 1, transport 0
MOC-R4PCC04U05:684983:685855 [1] NCCL INFO Connected to proxy localRank 1 -> connection 0x7fd5e80054d0
MOC-R4PCC04U05:684983:685124 [1] NCCL INFO New proxy recv connection 13 from local rank 1, transport 0
MOC-R4PCC04U05:684983:685855 [1] NCCL INFO Connected to proxy localRank 1 -> connection 0x7fd5e8005548
MOC-R4PCC04U05:684983:685124 [1] NCCL INFO New proxy recv connection 14 from local rank 1, transport 0
MOC-R4PCC04U05:684983:685855 [1] NCCL INFO Connected to proxy localRank 1 -> connection 0x7fd5e80055c0
MOC-R4PCC04U05:684983:685124 [1] NCCL INFO New proxy send connection 15 from local rank 1, transport 0
MOC-R4PCC04U05:684983:685855 [1] NCCL INFO Connected to proxy localRank 1 -> connection 0x7fd5e8005638
MOC-R4PCC04U05:684983:685124 [1] NCCL INFO New proxy send connection 16 from local rank 1, transport 0
MOC-R4PCC04U05:684983:685855 [1] NCCL INFO Connected to proxy localRank 1 -> connection 0x7fd5e80056b0
MOC-R4PCC04U05:684983:685124 [1] NCCL INFO New proxy send connection 17 from local rank 1, transport 0
MOC-R4PCC04U05:684983:685855 [1] NCCL INFO Connected to proxy localRank 1 -> connection 0x7fd5e8005728
MOC-R4PCC04U05:684983:685124 [1] NCCL INFO New proxy send connection 18 from local rank 1, transport 0
MOC-R4PCC04U05:684983:685855 [1] NCCL INFO Connected to proxy localRank 1 -> connection 0x7fd5e80057a0
MOC-R4PCC04U05:684982:685121 [0] NCCL INFO New proxy send connection 15 from local rank 0, transport 0
MOC-R4PCC04U05:684982:685853 [0] NCCL INFO Connected to proxy localRank 0 -> connection 0x7f3de4005638
MOC-R4PCC04U05:684982:685121 [0] NCCL INFO New proxy send connection 16 from local rank 0, transport 0
MOC-R4PCC04U05:684982:685853 [0] NCCL INFO Connected to proxy localRank 0 -> connection 0x7f3de40056b0
MOC-R4PCC04U05:684982:685121 [0] NCCL INFO New proxy recv connection 17 from local rank 0, transport 0
MOC-R4PCC04U05:684982:685853 [0] NCCL INFO Connected to proxy localRank 0 -> connection 0x7f3de4005728
MOC-R4PCC04U05:684985:685120 [3] NCCL INFO New proxy send connection 12 from local rank 3, transport 2
MOC-R4PCC04U05:684985:685854 [3] NCCL INFO Connected to proxy localRank 3 -> connection 0x7f880c0054d0
MOC-R4PCC04U05:684985:685854 [3] NCCL INFO Channel 02/0 : 3[3] -> 7[3] [send] via NET/Socket/0
MOC-R4PCC04U05:684985:685120 [3] NCCL INFO New proxy send connection 13 from local rank 3, transport 2
MOC-R4PCC04U05:684985:685854 [3] NCCL INFO Connected to proxy localRank 3 -> connection 0x7f880c005548
MOC-R4PCC04U05:684982:685121 [0] NCCL INFO New proxy recv connection 18 from local rank 0, transport 0
MOC-R4PCC04U05:684982:685853 [0] NCCL INFO Connected to proxy localRank 0 -> connection 0x7f3de40057a0
MOC-R4PCC04U05:684985:685854 [3] NCCL INFO Channel 03/0 : 3[3] -> 7[3] [send] via NET/Socket/0
MOC-R4PCC04U05:684982:685121 [0] NCCL INFO New proxy recv connection 19 from local rank 0, transport 0
MOC-R4PCC04U05:684982:685853 [0] NCCL INFO Connected to proxy localRank 0 -> connection 0x7f3de4005818
MOC-R4PCC04U05:684982:685121 [0] NCCL INFO New proxy recv connection 20 from local rank 0, transport 0
MOC-R4PCC04U05:684982:685853 [0] NCCL INFO Connected to proxy localRank 0 -> connection 0x7f3de4005890
MOC-R4PCC04U05:684985:685120 [3] NCCL INFO New proxy recv connection 14 from local rank 3, transport 2
MOC-R4PCC04U05:684985:685854 [3] NCCL INFO Connected to proxy localRank 3 -> connection 0x7f880c0055c0
MOC-R4PCC04U05:684985:685854 [3] NCCL INFO Channel 00/0 : 11[3] -> 3[3] [receive] via NET/Socket/0
MOC-R4PCC04U05:684985:685120 [3] NCCL INFO New proxy recv connection 15 from local rank 3, transport 2
MOC-R4PCC04U05:684985:685854 [3] NCCL INFO Connected to proxy localRank 3 -> connection 0x7f880c005638
MOC-R4PCC04U05:684985:685854 [3] NCCL INFO Channel 01/0 : 11[3] -> 3[3] [receive] via NET/Socket/0
MOC-R4PCC04U05:684985:685120 [3] NCCL INFO New proxy send connection 16 from local rank 3, transport 2
MOC-R4PCC04U05:684985:685854 [3] NCCL INFO Connected to proxy localRank 3 -> connection 0x7f880c0056b0
MOC-R4PCC04U05:684985:685854 [3] NCCL INFO Channel 00/0 : 3[3] -> 11[3] [send] via NET/Socket/0
MOC-R4PCC04U05:684985:685120 [3] NCCL INFO New proxy send connection 17 from local rank 3, transport 2
MOC-R4PCC04U05:684985:685854 [3] NCCL INFO Connected to proxy localRank 3 -> connection 0x7f880c005728
MOC-R4PCC04U05:684985:685854 [3] NCCL INFO Channel 01/0 : 3[3] -> 11[3] [send] via NET/Socket/0
MOC-R4PCC04U05:684984:685119 [2] NCCL INFO New proxy recv connection 10 from local rank 2, transport 0
MOC-R4PCC04U05:684984:685856 [2] NCCL INFO Connected to proxy localRank 2 -> connection 0x7fa3880053e0
MOC-R4PCC04U05:684984:685119 [2] NCCL INFO New proxy recv connection 11 from local rank 2, transport 0
MOC-R4PCC04U05:684984:685856 [2] NCCL INFO Connected to proxy localRank 2 -> connection 0x7fa388005458
MOC-R4PCC04U05:684984:685119 [2] NCCL INFO New proxy recv connection 12 from local rank 2, transport 0
MOC-R4PCC04U05:684984:685856 [2] NCCL INFO Connected to proxy localRank 2 -> connection 0x7fa3880054d0
MOC-R4PCC04U05:684984:685119 [2] NCCL INFO New proxy recv connection 13 from local rank 2, transport 0
MOC-R4PCC04U05:684984:685856 [2] NCCL INFO Connected to proxy localRank 2 -> connection 0x7fa388005548
MOC-R4PCC04U05:684984:685119 [2] NCCL INFO New proxy send connection 14 from local rank 2, transport 0
MOC-R4PCC04U05:684984:685856 [2] NCCL INFO Connected to proxy localRank 2 -> connection 0x7fa3880055c0
MOC-R4PCC04U05:684983:685124 [1] NCCL INFO New proxy recv connection 19 from local rank 1, transport 0
MOC-R4PCC04U05:684983:685855 [1] NCCL INFO Connected to proxy localRank 1 -> connection 0x7fd5e8005818
MOC-R4PCC04U05:684984:685119 [2] NCCL INFO New proxy send connection 15 from local rank 2, transport 0
MOC-R4PCC04U05:684984:685856 [2] NCCL INFO Connected to proxy localRank 2 -> connection 0x7fa388005638
MOC-R4PCC04U05:684983:685124 [1] NCCL INFO New proxy recv connection 20 from local rank 1, transport 0
MOC-R4PCC04U05:684983:685855 [1] NCCL INFO Connected to proxy localRank 1 -> connection 0x7fd5e8005890
MOC-R4PCC04U05:684985:685120 [3] NCCL INFO New proxy recv connection 18 from local rank 3, transport 2
MOC-R4PCC04U05:684985:685854 [3] NCCL INFO Connected to proxy localRank 3 -> connection 0x7f880c0057a0
MOC-R4PCC04U05:684985:685854 [3] NCCL INFO Channel 02/0 : 7[3] -> 3[3] [receive] via NET/Socket/0
MOC-R4PCC04U05:684985:685120 [3] NCCL INFO New proxy recv connection 19 from local rank 3, transport 2
MOC-R4PCC04U05:684985:685854 [3] NCCL INFO Connected to proxy localRank 3 -> connection 0x7f880c005818
MOC-R4PCC04U05:684985:685854 [3] NCCL INFO Channel 03/0 : 7[3] -> 3[3] [receive] via NET/Socket/0
MOC-R4PCC04U05:684985:685120 [3] NCCL INFO New proxy send connection 20 from local rank 3, transport 0
MOC-R4PCC04U05:684985:685854 [3] NCCL INFO Connected to proxy localRank 3 -> connection 0x7f880c005890
MOC-R4PCC04U05:684985:685120 [3] NCCL INFO New proxy send connection 21 from local rank 3, transport 0
MOC-R4PCC04U05:684985:685854 [3] NCCL INFO Connected to proxy localRank 3 -> connection 0x7f880c005908
MOC-R4PCC04U05:684985:685120 [3] NCCL INFO New proxy send connection 22 from local rank 3, transport 0
MOC-R4PCC04U05:684985:685854 [3] NCCL INFO Connected to proxy localRank 3 -> connection 0x7f880c005980
MOC-R4PCC04U05:684985:685120 [3] NCCL INFO New proxy send connection 23 from local rank 3, transport 0
MOC-R4PCC04U05:684985:685854 [3] NCCL INFO Connected to proxy localRank 3 -> connection 0x7f880c0059f8
step    1/10 | train loss 11.010139 | norm 15.4235 | lr 1.00e-04 | (14313.18 ms | 109889 tok/s)
step    2/10 | train loss 10.136942 | norm 5.7587 | lr 1.00e-04 | (337.55 ms | 4659652 tok/s)
step    3/10 | train loss 9.795473 | norm 2.6124 | lr 1.00e-04 | (332.76 ms | 4726788 tok/s)
step    4/10 | train loss 9.625641 | norm 2.1154 | lr 1.00e-04 | (332.50 ms | 4730371 tok/s)
step    5/10 | train loss 9.542590 | norm 2.1031 | lr 1.00e-04 | (332.18 ms | 4734968 tok/s)
step    6/10 | train loss 9.461346 | norm 1.9977 | lr 1.00e-04 | (335.55 ms | 4687366 tok/s)
step    7/10 | train loss 9.375704 | norm 1.9473 | lr 1.00e-04 | (544.96 ms | 2886215 tok/s)
step    8/10 | train loss 9.283985 | norm 1.9146 | lr 1.00e-04 | (336.78 ms | 4670241 tok/s)
step    9/10 | train loss 9.188584 | norm 1.8601 | lr 1.00e-04 | (348.94 ms | 4507581 tok/s)
step   10/10 | train loss 9.103168 | norm 1.7948 | lr 1.00e-04 | (345.02 ms | 4558796 tok/s)
final 9 iters avg: 360.693ms
peak memory consumption: 16601 MiB
