Running pytorch 2.7.0+cu126
using device: cuda:0
total desired batch size: 3145728
=> calculated gradient accumulation steps: 6
using device: cuda:3
using device: cuda:1
using device: cuda:2
compiling the model...
DataLoader: total number of tokens: 1,661,249,667 across 103 files
MOC-R4PCC04U05:666169:666169 [0] NCCL INFO NCCL_SOCKET_IFNAME set to eno7np0
MOC-R4PCC04U05:666169:666169 [0] NCCL INFO NCCL version 2.26.2+cuda12.2
MOC-R4PCC04U05:666169:666273 [0] NCCL INFO NET/Plugin: Could not find: libnccl-net.so. Using internal net plugin.
MOC-R4PCC04U05:666169:666273 [0] NCCL INFO NCCL_IB_HCA set to mlx5_5
MOC-R4PCC04U05:666169:666273 [0] NCCL INFO NET/IB : Made virtual device [0] name=mlx5_5 speed=400000 ndevs=1
MOC-R4PCC04U05:666169:666273 [0] NCCL INFO NET/IB : Using [0]mlx5_5:1/RoCE [RO]; OOB eno7np0:192.168.50.193<0>
MOC-R4PCC04U05:666172:666172 [3] NCCL INFO NCCL_SOCKET_IFNAME set to eno7np0
MOC-R4PCC04U05:666172:666172 [3] NCCL INFO NCCL version 2.26.2+cuda12.2
MOC-R4PCC04U05:666171:666171 [2] NCCL INFO NCCL_SOCKET_IFNAME set to eno7np0
MOC-R4PCC04U05:666171:666171 [2] NCCL INFO NCCL version 2.26.2+cuda12.2
MOC-R4PCC04U05:666170:666170 [1] NCCL INFO NCCL_SOCKET_IFNAME set to eno7np0
MOC-R4PCC04U05:666170:666170 [1] NCCL INFO NCCL version 2.26.2+cuda12.2
MOC-R4PCC04U05:666172:666296 [3] NCCL INFO NET/Plugin: Could not find: libnccl-net.so. Using internal net plugin.
MOC-R4PCC04U05:666172:666296 [3] NCCL INFO NCCL_IB_HCA set to mlx5_5
MOC-R4PCC04U05:666171:666297 [2] NCCL INFO NET/Plugin: Could not find: libnccl-net.so. Using internal net plugin.
MOC-R4PCC04U05:666170:666298 [1] NCCL INFO NET/Plugin: Could not find: libnccl-net.so. Using internal net plugin.
MOC-R4PCC04U05:666170:666298 [1] NCCL INFO NCCL_IB_HCA set to mlx5_5
MOC-R4PCC04U05:666171:666297 [2] NCCL INFO NCCL_IB_HCA set to mlx5_5
MOC-R4PCC04U05:666172:666296 [3] NCCL INFO NET/IB : Made virtual device [0] name=mlx5_5 speed=400000 ndevs=1
MOC-R4PCC04U05:666172:666296 [3] NCCL INFO NET/IB : Using [0]mlx5_5:1/RoCE [RO]; OOB eno7np0:192.168.50.193<0>
MOC-R4PCC04U05:666170:666298 [1] NCCL INFO NET/IB : Made virtual device [0] name=mlx5_5 speed=400000 ndevs=1
MOC-R4PCC04U05:666170:666298 [1] NCCL INFO NET/IB : Using [0]mlx5_5:1/RoCE [RO]; OOB eno7np0:192.168.50.193<0>
MOC-R4PCC04U05:666171:666297 [2] NCCL INFO NET/IB : Made virtual device [0] name=mlx5_5 speed=400000 ndevs=1
MOC-R4PCC04U05:666171:666297 [2] NCCL INFO NET/IB : Using [0]mlx5_5:1/RoCE [RO]; OOB eno7np0:192.168.50.193<0>
MOC-R4PCC04U05:666172:666296 [3] NCCL INFO NET/IB : GPU Direct RDMA Enabled for HCA 0 'mlx5_5'
MOC-R4PCC04U05:666172:666296 [3] NCCL INFO NET/IB : Made virtual device [1] name=mlx5_5 speed=400000 ndevs=1
MOC-R4PCC04U05:666172:666296 [3] NCCL INFO NET/IB : GPU Direct RDMA Enabled for HCA 0 'mlx5_5'
MOC-R4PCC04U05:666172:666296 [3] NCCL INFO NET/IB : GPU Direct RDMA Enabled for HCA 1 'mlx5_5'
MOC-R4PCC04U05:666171:666297 [2] NCCL INFO NET/IB : GPU Direct RDMA Enabled for HCA 0 'mlx5_5'
MOC-R4PCC04U05:666171:666297 [2] NCCL INFO NET/IB : Made virtual device [1] name=mlx5_5 speed=400000 ndevs=1
MOC-R4PCC04U05:666171:666297 [2] NCCL INFO NET/IB : GPU Direct RDMA Enabled for HCA 0 'mlx5_5'
MOC-R4PCC04U05:666171:666297 [2] NCCL INFO NET/IB : GPU Direct RDMA Enabled for HCA 1 'mlx5_5'
MOC-R4PCC04U05:666170:666298 [1] NCCL INFO NET/IB : GPU Direct RDMA Enabled for HCA 0 'mlx5_5'
MOC-R4PCC04U05:666170:666298 [1] NCCL INFO NET/IB : Made virtual device [1] name=mlx5_5 speed=400000 ndevs=1
MOC-R4PCC04U05:666170:666298 [1] NCCL INFO NET/IB : GPU Direct RDMA Enabled for HCA 0 'mlx5_5'
MOC-R4PCC04U05:666170:666298 [1] NCCL INFO NET/IB : GPU Direct RDMA Enabled for HCA 1 'mlx5_5'
MOC-R4PCC04U05:666169:666273 [0] NCCL INFO NET/IB : GPU Direct RDMA Enabled for HCA 0 'mlx5_5'
MOC-R4PCC04U05:666169:666273 [0] NCCL INFO NET/IB : Made virtual device [1] name=mlx5_5 speed=400000 ndevs=1
MOC-R4PCC04U05:666169:666273 [0] NCCL INFO NET/IB : GPU Direct RDMA Enabled for HCA 0 'mlx5_5'
MOC-R4PCC04U05:666169:666273 [0] NCCL INFO NET/IB : GPU Direct RDMA Enabled for HCA 1 'mlx5_5'
MOC-R4PCC04U05:666169:666273 [0] NCCL INFO NCCL_NET_GDR_LEVEL set by environment to LOC
MOC-R4PCC04U05:666169:666273 [0] NCCL INFO GPU Direct RDMA Disabled for GPU 0 / HCA 1 (distance 5 > 0)
MOC-R4PCC04U05:666169:666273 [0] NCCL INFO GPU Direct RDMA Disabled for GPU 1 / HCA 1 (distance 5 > 0)
MOC-R4PCC04U05:666169:666273 [0] NCCL INFO GPU Direct RDMA Disabled for GPU 2 / HCA 1 (distance 5 > 0)
MOC-R4PCC04U05:666169:666273 [0] NCCL INFO GPU Direct RDMA Disabled for GPU 0 / HCA 1 (distance 5 > 0)
MOC-R4PCC04U05:666169:666273 [0] NCCL INFO GPU Direct RDMA Disabled for GPU 1 / HCA 1 (distance 5 > 0)
MOC-R4PCC04U05:666169:666273 [0] NCCL INFO GPU Direct RDMA Disabled for GPU 2 / HCA 1 (distance 5 > 0)
MOC-R4PCC04U05:666172:666296 [3] NCCL INFO NCCL_NET_GDR_LEVEL set by environment to LOC
MOC-R4PCC04U05:666172:666296 [3] NCCL INFO GPU Direct RDMA Disabled for GPU 0 / HCA 1 (distance 5 > 0)
MOC-R4PCC04U05:666172:666296 [3] NCCL INFO GPU Direct RDMA Disabled for GPU 1 / HCA 1 (distance 5 > 0)
MOC-R4PCC04U05:666172:666296 [3] NCCL INFO GPU Direct RDMA Disabled for GPU 2 / HCA 1 (distance 5 > 0)
MOC-R4PCC04U05:666172:666296 [3] NCCL INFO GPU Direct RDMA Disabled for GPU 0 / HCA 1 (distance 5 > 0)
MOC-R4PCC04U05:666172:666296 [3] NCCL INFO GPU Direct RDMA Disabled for GPU 1 / HCA 1 (distance 5 > 0)
MOC-R4PCC04U05:666172:666296 [3] NCCL INFO GPU Direct RDMA Disabled for GPU 2 / HCA 1 (distance 5 > 0)
MOC-R4PCC04U05:666170:666298 [1] NCCL INFO NCCL_NET_GDR_LEVEL set by environment to LOC
MOC-R4PCC04U05:666170:666298 [1] NCCL INFO GPU Direct RDMA Disabled for GPU 0 / HCA 1 (distance 5 > 0)
MOC-R4PCC04U05:666170:666298 [1] NCCL INFO GPU Direct RDMA Disabled for GPU 1 / HCA 1 (distance 5 > 0)
MOC-R4PCC04U05:666170:666298 [1] NCCL INFO GPU Direct RDMA Disabled for GPU 2 / HCA 1 (distance 5 > 0)
MOC-R4PCC04U05:666171:666297 [2] NCCL INFO NCCL_NET_GDR_LEVEL set by environment to LOC
MOC-R4PCC04U05:666171:666297 [2] NCCL INFO GPU Direct RDMA Disabled for GPU 0 / HCA 1 (distance 5 > 0)
MOC-R4PCC04U05:666171:666297 [2] NCCL INFO GPU Direct RDMA Disabled for GPU 1 / HCA 1 (distance 5 > 0)
MOC-R4PCC04U05:666171:666297 [2] NCCL INFO GPU Direct RDMA Disabled for GPU 2 / HCA 1 (distance 5 > 0)
MOC-R4PCC04U05:666170:666298 [1] NCCL INFO GPU Direct RDMA Disabled for GPU 0 / HCA 1 (distance 5 > 0)
MOC-R4PCC04U05:666170:666298 [1] NCCL INFO GPU Direct RDMA Disabled for GPU 1 / HCA 1 (distance 5 > 0)
MOC-R4PCC04U05:666170:666298 [1] NCCL INFO GPU Direct RDMA Disabled for GPU 2 / HCA 1 (distance 5 > 0)
MOC-R4PCC04U05:666171:666297 [2] NCCL INFO GPU Direct RDMA Disabled for GPU 0 / HCA 1 (distance 5 > 0)
MOC-R4PCC04U05:666171:666297 [2] NCCL INFO GPU Direct RDMA Disabled for GPU 1 / HCA 1 (distance 5 > 0)
MOC-R4PCC04U05:666171:666297 [2] NCCL INFO GPU Direct RDMA Disabled for GPU 2 / HCA 1 (distance 5 > 0)
MOC-R4PCC04U05:666170:666310 [1] NCCL INFO New proxy recv connection 0 from local rank 1, transport 0
MOC-R4PCC04U05:666170:666318 [1] NCCL INFO Connected to proxy localRank 1 -> connection 0x7fdcd8004f30
MOC-R4PCC04U05:666171:666314 [2] NCCL INFO New proxy recv connection 0 from local rank 2, transport 0
MOC-R4PCC04U05:666171:666319 [2] NCCL INFO Connected to proxy localRank 2 -> connection 0x7fb238004f30
MOC-R4PCC04U05:666170:666310 [1] NCCL INFO New proxy recv connection 1 from local rank 1, transport 0
MOC-R4PCC04U05:666170:666318 [1] NCCL INFO Connected to proxy localRank 1 -> connection 0x7fdcd8004fa8
MOC-R4PCC04U05:666171:666314 [2] NCCL INFO New proxy recv connection 1 from local rank 2, transport 0
MOC-R4PCC04U05:666171:666319 [2] NCCL INFO Connected to proxy localRank 2 -> connection 0x7fb238004fa8
MOC-R4PCC04U05:666172:666311 [3] NCCL INFO New proxy recv connection 0 from local rank 3, transport 0
MOC-R4PCC04U05:666169:666312 [0] NCCL INFO New proxy send connection 0 from local rank 0, transport 0
MOC-R4PCC04U05:666172:666320 [3] NCCL INFO Connected to proxy localRank 3 -> connection 0x7fca98004f30
MOC-R4PCC04U05:666169:666321 [0] NCCL INFO Connected to proxy localRank 0 -> connection 0x7fbdb8004f30
MOC-R4PCC04U05:666172:666311 [3] NCCL INFO New proxy recv connection 1 from local rank 3, transport 0
MOC-R4PCC04U05:666172:666320 [3] NCCL INFO Connected to proxy localRank 3 -> connection 0x7fca98004fa8
MOC-R4PCC04U05:666169:666312 [0] NCCL INFO New proxy send connection 1 from local rank 0, transport 0
MOC-R4PCC04U05:666169:666321 [0] NCCL INFO Connected to proxy localRank 0 -> connection 0x7fbdb8004fa8
MOC-R4PCC04U05:666172:666320 [3] NCCL INFO GPU Direct RDMA Disabled for GPU 3 / HCA 1 (distance 7 > 0)
MOC-R4PCC04U05:666171:666319 [2] NCCL INFO GPU Direct RDMA Disabled for GPU 2 / HCA 1 (distance 7 > 0)
MOC-R4PCC04U05:666169:666312 [0] NCCL INFO New proxy send connection 2 from local rank 0, transport 0
MOC-R4PCC04U05:666169:666321 [0] NCCL INFO Connected to proxy localRank 0 -> connection 0x7fbdb8005020
MOC-R4PCC04U05:666169:666312 [0] NCCL INFO New proxy send connection 3 from local rank 0, transport 0
MOC-R4PCC04U05:666169:666321 [0] NCCL INFO Connected to proxy localRank 0 -> connection 0x7fbdb8005098
MOC-R4PCC04U05:666172:666311 [3] NCCL INFO New proxy send connection 2 from local rank 3, transport 2
MOC-R4PCC04U05:666172:666320 [3] NCCL INFO Connected to proxy localRank 3 -> connection 0x7fca98005020
MOC-R4PCC04U05:666172:666320 [3] NCCL INFO Channel 00/0 : 3[3] -> 6[2] [send] via NET/IB/1
MOC-R4PCC04U05:666172:666320 [3] NCCL INFO GPU Direct RDMA Disabled for GPU 3 / HCA 1 (distance 7 > 0)
MOC-R4PCC04U05:666172:666311 [3] NCCL INFO New proxy send connection 3 from local rank 3, transport 2
MOC-R4PCC04U05:666172:666320 [3] NCCL INFO Connected to proxy localRank 3 -> connection 0x7fca98005098
MOC-R4PCC04U05:666172:666320 [3] NCCL INFO Channel 02/0 : 3[3] -> 6[2] [send] via NET/IB/1
MOC-R4PCC04U05:666169:666312 [0] NCCL INFO New proxy recv connection 4 from local rank 0, transport 0
MOC-R4PCC04U05:666169:666321 [0] NCCL INFO Connected to proxy localRank 0 -> connection 0x7fbdb8005110
MOC-R4PCC04U05:666172:666320 [3] NCCL INFO GPU Direct RDMA Disabled for GPU 3 / HCA 1 (distance 7 > 0)
MOC-R4PCC04U05:666172:666311 [3] NCCL INFO New proxy recv connection 4 from local rank 3, transport 2
MOC-R4PCC04U05:666172:666320 [3] NCCL INFO Connected to proxy localRank 3 -> connection 0x7fca98005110
MOC-R4PCC04U05:666172:666320 [3] NCCL INFO Channel 01/0 : 14[2] -> 3[3] [receive] via NET/IB/1
MOC-R4PCC04U05:666172:666320 [3] NCCL INFO GPU Direct RDMA Disabled for GPU 3 / HCA 1 (distance 7 > 0)
MOC-R4PCC04U05:666172:666311 [3] NCCL INFO New proxy recv connection 5 from local rank 3, transport 2
MOC-R4PCC04U05:666172:666320 [3] NCCL INFO Connected to proxy localRank 3 -> connection 0x7fca98005188
MOC-R4PCC04U05:666172:666320 [3] NCCL INFO Channel 03/0 : 14[2] -> 3[3] [receive] via NET/IB/1
MOC-R4PCC04U05:666171:666314 [2] NCCL INFO New proxy recv connection 2 from local rank 2, transport 2
MOC-R4PCC04U05:666171:666319 [2] NCCL INFO Connected to proxy localRank 2 -> connection 0x7fb238005020
MOC-R4PCC04U05:666171:666319 [2] NCCL INFO Channel 00/0 : 15[3] -> 2[2] [receive] via NET/IB/1
MOC-R4PCC04U05:666171:666319 [2] NCCL INFO GPU Direct RDMA Disabled for GPU 2 / HCA 1 (distance 7 > 0)
MOC-R4PCC04U05:666171:666314 [2] NCCL INFO New proxy recv connection 3 from local rank 2, transport 2
MOC-R4PCC04U05:666171:666319 [2] NCCL INFO Connected to proxy localRank 2 -> connection 0x7fb238005098
MOC-R4PCC04U05:666171:666319 [2] NCCL INFO Channel 02/0 : 15[3] -> 2[2] [receive] via NET/IB/1
MOC-R4PCC04U05:666169:666312 [0] NCCL INFO New proxy recv connection 5 from local rank 0, transport 0
MOC-R4PCC04U05:666169:666321 [0] NCCL INFO Connected to proxy localRank 0 -> connection 0x7fbdb8005188
MOC-R4PCC04U05:666169:666312 [0] NCCL INFO New proxy recv connection 6 from local rank 0, transport 0
MOC-R4PCC04U05:666169:666321 [0] NCCL INFO Connected to proxy localRank 0 -> connection 0x7fbdb8005200
MOC-R4PCC04U05:666169:666312 [0] NCCL INFO New proxy recv connection 7 from local rank 0, transport 0
MOC-R4PCC04U05:666169:666321 [0] NCCL INFO Connected to proxy localRank 0 -> connection 0x7fbdb8005278
MOC-R4PCC04U05:666171:666319 [2] NCCL INFO GPU Direct RDMA Disabled for GPU 2 / HCA 1 (distance 7 > 0)
MOC-R4PCC04U05:666171:666314 [2] NCCL INFO New proxy send connection 4 from local rank 2, transport 2
MOC-R4PCC04U05:666171:666319 [2] NCCL INFO Connected to proxy localRank 2 -> connection 0x7fb238005110
MOC-R4PCC04U05:666171:666319 [2] NCCL INFO Channel 01/0 : 2[2] -> 7[3] [send] via NET/IB/1
MOC-R4PCC04U05:666171:666319 [2] NCCL INFO GPU Direct RDMA Disabled for GPU 2 / HCA 1 (distance 7 > 0)
MOC-R4PCC04U05:666171:666314 [2] NCCL INFO New proxy send connection 5 from local rank 2, transport 2
MOC-R4PCC04U05:666171:666319 [2] NCCL INFO Connected to proxy localRank 2 -> connection 0x7fb238005188
MOC-R4PCC04U05:666171:666319 [2] NCCL INFO Channel 03/0 : 2[2] -> 7[3] [send] via NET/IB/1
MOC-R4PCC04U05:666172:666311 [3] NCCL INFO New proxy send connection 6 from local rank 3, transport 0
MOC-R4PCC04U05:666172:666320 [3] NCCL INFO Connected to proxy localRank 3 -> connection 0x7fca98005200
MOC-R4PCC04U05:666171:666314 [2] NCCL INFO New proxy send connection 6 from local rank 2, transport 0
MOC-R4PCC04U05:666171:666319 [2] NCCL INFO Connected to proxy localRank 2 -> connection 0x7fb238005200
MOC-R4PCC04U05:666171:666314 [2] NCCL INFO New proxy send connection 7 from local rank 2, transport 0
MOC-R4PCC04U05:666172:666311 [3] NCCL INFO New proxy send connection 7 from local rank 3, transport 0
MOC-R4PCC04U05:666171:666319 [2] NCCL INFO Connected to proxy localRank 2 -> connection 0x7fb238005278
MOC-R4PCC04U05:666172:666320 [3] NCCL INFO Connected to proxy localRank 3 -> connection 0x7fca98005278
MOC-R4PCC04U05:666170:666310 [1] NCCL INFO New proxy recv connection 2 from local rank 1, transport 0
MOC-R4PCC04U05:666170:666318 [1] NCCL INFO Connected to proxy localRank 1 -> connection 0x7fdcd8005020
MOC-R4PCC04U05:666169:666312 [0] NCCL INFO New proxy send connection 8 from local rank 3, transport 0
MOC-R4PCC04U05:666172:666320 [3] NCCL INFO Connected to proxy localRank 0 -> connection 0x7fbdb80052f0
MOC-R4PCC04U05:666170:666310 [1] NCCL INFO New proxy recv connection 3 from local rank 1, transport 0
MOC-R4PCC04U05:666170:666318 [1] NCCL INFO Connected to proxy localRank 1 -> connection 0x7fdcd8005098
MOC-R4PCC04U05:666170:666310 [1] NCCL INFO New proxy send connection 4 from local rank 1, transport 0
MOC-R4PCC04U05:666170:666318 [1] NCCL INFO Connected to proxy localRank 1 -> connection 0x7fdcd8005110
MOC-R4PCC04U05:666170:666310 [1] NCCL INFO New proxy send connection 5 from local rank 1, transport 0
MOC-R4PCC04U05:666170:666318 [1] NCCL INFO Connected to proxy localRank 1 -> connection 0x7fdcd8005188
MOC-R4PCC04U05:666170:666310 [1] NCCL INFO New proxy send connection 6 from local rank 1, transport 0
MOC-R4PCC04U05:666170:666318 [1] NCCL INFO Connected to proxy localRank 1 -> connection 0x7fdcd8005200
MOC-R4PCC04U05:666170:666310 [1] NCCL INFO New proxy send connection 7 from local rank 1, transport 0
MOC-R4PCC04U05:666170:666318 [1] NCCL INFO Connected to proxy localRank 1 -> connection 0x7fdcd8005278
MOC-R4PCC04U05:666169:666312 [0] NCCL INFO New proxy send connection 9 from local rank 2, transport 0
MOC-R4PCC04U05:666172:666311 [3] NCCL INFO New proxy send connection 8 from local rank 1, transport 0
MOC-R4PCC04U05:666171:666319 [2] NCCL INFO Connected to proxy localRank 0 -> connection 0x7fbdb8005368
MOC-R4PCC04U05:666170:666318 [1] NCCL INFO Connected to proxy localRank 3 -> connection 0x7fca980052f0
MOC-R4PCC04U05:666171:666314 [2] NCCL INFO New proxy send connection 8 from local rank 0, transport 0
MOC-R4PCC04U05:666169:666321 [0] NCCL INFO Connected to proxy localRank 2 -> connection 0x7fb2380052f0
MOC-R4PCC04U05:666170:666310 [1] NCCL INFO New proxy send connection 8 from local rank 3, transport 0
MOC-R4PCC04U05:666172:666320 [3] NCCL INFO Connected to proxy localRank 1 -> connection 0x7fdcd80052f0
MOC-R4PCC04U05:666170:666310 [1] NCCL INFO New proxy send connection 9 from local rank 2, transport 0
MOC-R4PCC04U05:666171:666319 [2] NCCL INFO Connected to proxy localRank 1 -> connection 0x7fdcd8005368
MOC-R4PCC04U05:666169:666312 [0] NCCL INFO New proxy send connection 10 from local rank 1, transport 0
MOC-R4PCC04U05:666170:666318 [1] NCCL INFO Connected to proxy localRank 0 -> connection 0x7fbdb80053e0
MOC-R4PCC04U05:666172:666311 [3] NCCL INFO New proxy send connection 9 from local rank 0, transport 0
MOC-R4PCC04U05:666169:666321 [0] NCCL INFO Connected to proxy localRank 3 -> connection 0x7fca98005368
MOC-R4PCC04U05:666171:666314 [2] NCCL INFO NET/IB: NCCL Dev 1 IbDev 0 Port 1 qpn 10930 mtu 3 query_ece={supported=1, vendor_id=0x15b3, options=0x30000002, comp_mask=0x0} GID 3 (0/C132A8C0FFFF0000) fifoRkey=0x170bca fifoLkey=0x170bca
MOC-R4PCC04U05:666171:666314 [2] NCCL INFO NET/IB: NCCL Dev 1 IbDev 0 Port 1 qpn 10931 mtu 3 query_ece={supported=1, vendor_id=0x15b3, options=0x30000002, comp_mask=0x0} GID 3 (0/C132A8C0FFFF0000) fifoRkey=0x1722e1 fifoLkey=0x1722e1
MOC-R4PCC04U05:666171:666314 [2] NCCL INFO NET/IB: IbDev 0 Port 1 qpn 10890 set_ece={supported=1, vendor_id=0x15b3, options=0x0, comp_mask=0x0}
MOC-R4PCC04U05:666172:666311 [3] NCCL INFO NET/IB: NCCL Dev 1 IbDev 0 Port 1 qpn 10932 mtu 3 query_ece={supported=1, vendor_id=0x15b3, options=0x30000002, comp_mask=0x0} GID 3 (0/C132A8C0FFFF0000) fifoRkey=0x17cb8a fifoLkey=0x17cb8a
MOC-R4PCC04U05:666172:666311 [3] NCCL INFO NET/IB: NCCL Dev 1 IbDev 0 Port 1 qpn 10933 mtu 3 query_ece={supported=1, vendor_id=0x15b3, options=0x30000002, comp_mask=0x0} GID 3 (0/C132A8C0FFFF0000) fifoRkey=0x17bf7e fifoLkey=0x17bf7e
MOC-R4PCC04U05:666172:666311 [3] NCCL INFO NET/IB: IbDev 0 Port 1 qpn 10894 set_ece={supported=1, vendor_id=0x15b3, options=0x0, comp_mask=0x0}
MOC-R4PCC04U05:666172:666311 [3] NCCL INFO NET/IB: IbDev 0 Port 1 qpn 10896 set_ece={supported=1, vendor_id=0x15b3, options=0x0, comp_mask=0x0}
MOC-R4PCC04U05:666171:666314 [2] NCCL INFO NET/IB: IbDev 0 Port 1 qpn 10888 set_ece={supported=1, vendor_id=0x15b3, options=0x0, comp_mask=0x0}
MOC-R4PCC04U05:666170:666310 [1] NCCL INFO New proxy send connection 10 from local rank 0, transport 0
MOC-R4PCC04U05:666169:666321 [0] NCCL INFO Connected to proxy localRank 1 -> connection 0x7fdcd80053e0
MOC-R4PCC04U05:666171:666314 [2] NCCL INFO New proxy send connection 9 from local rank 1, transport 0
MOC-R4PCC04U05:666170:666318 [1] NCCL INFO Connected to proxy localRank 2 -> connection 0x7fb238005368
num decayed parameter tensors: 50, with 124,318,464 parameters
num non-decayed parameter tensors: 98, with 121,344 parameters
using fused AdamW: False
using regular AdamW
MOC-R4PCC04U05:666172:666311 [3] NCCL INFO New proxy recv connection 10 from local rank 3, transport 0
MOC-R4PCC04U05:666172:667012 [3] NCCL INFO Connected to proxy localRank 3 -> connection 0x7fca980053e0
MOC-R4PCC04U05:666172:666311 [3] NCCL INFO New proxy recv connection 11 from local rank 3, transport 0
MOC-R4PCC04U05:666172:667012 [3] NCCL INFO Connected to proxy localRank 3 -> connection 0x7fca98005458
MOC-R4PCC04U05:666171:666314 [2] NCCL INFO New proxy recv connection 10 from local rank 2, transport 0
MOC-R4PCC04U05:666171:667013 [2] NCCL INFO Connected to proxy localRank 2 -> connection 0x7fb2380053e0
MOC-R4PCC04U05:666171:666314 [2] NCCL INFO New proxy recv connection 11 from local rank 2, transport 0
MOC-R4PCC04U05:666171:667013 [2] NCCL INFO Connected to proxy localRank 2 -> connection 0x7fb238005458
MOC-R4PCC04U05:666171:666314 [2] NCCL INFO New proxy recv connection 12 from local rank 2, transport 0
MOC-R4PCC04U05:666171:667013 [2] NCCL INFO Connected to proxy localRank 2 -> connection 0x7fb2380054d0
MOC-R4PCC04U05:666171:666314 [2] NCCL INFO New proxy recv connection 13 from local rank 2, transport 0
MOC-R4PCC04U05:666171:667013 [2] NCCL INFO Connected to proxy localRank 2 -> connection 0x7fb238005548
MOC-R4PCC04U05:666169:666312 [0] NCCL INFO New proxy send connection 11 from local rank 0, transport 0
MOC-R4PCC04U05:666169:667014 [0] NCCL INFO Connected to proxy localRank 0 -> connection 0x7fbdb8005458
MOC-R4PCC04U05:666169:666312 [0] NCCL INFO New proxy send connection 12 from local rank 0, transport 0
MOC-R4PCC04U05:666169:667014 [0] NCCL INFO Connected to proxy localRank 0 -> connection 0x7fbdb80054d0
MOC-R4PCC04U05:666169:666312 [0] NCCL INFO New proxy send connection 13 from local rank 0, transport 0
MOC-R4PCC04U05:666169:667014 [0] NCCL INFO Connected to proxy localRank 0 -> connection 0x7fbdb8005548
MOC-R4PCC04U05:666169:666312 [0] NCCL INFO New proxy send connection 14 from local rank 0, transport 0
MOC-R4PCC04U05:666169:667014 [0] NCCL INFO Connected to proxy localRank 0 -> connection 0x7fbdb80055c0
MOC-R4PCC04U05:666170:666310 [1] NCCL INFO New proxy recv connection 11 from local rank 1, transport 0
MOC-R4PCC04U05:666170:667015 [1] NCCL INFO Connected to proxy localRank 1 -> connection 0x7fdcd8005458
MOC-R4PCC04U05:666170:666310 [1] NCCL INFO New proxy recv connection 12 from local rank 1, transport 0
MOC-R4PCC04U05:666170:667015 [1] NCCL INFO Connected to proxy localRank 1 -> connection 0x7fdcd80054d0
MOC-R4PCC04U05:666170:666310 [1] NCCL INFO New proxy recv connection 13 from local rank 1, transport 0
MOC-R4PCC04U05:666170:667015 [1] NCCL INFO Connected to proxy localRank 1 -> connection 0x7fdcd8005548
MOC-R4PCC04U05:666170:666310 [1] NCCL INFO New proxy recv connection 14 from local rank 1, transport 0
MOC-R4PCC04U05:666170:667015 [1] NCCL INFO Connected to proxy localRank 1 -> connection 0x7fdcd80055c0
MOC-R4PCC04U05:666170:666310 [1] NCCL INFO New proxy send connection 15 from local rank 1, transport 0
MOC-R4PCC04U05:666170:667015 [1] NCCL INFO Connected to proxy localRank 1 -> connection 0x7fdcd8005638
MOC-R4PCC04U05:666170:666310 [1] NCCL INFO New proxy send connection 16 from local rank 1, transport 0
MOC-R4PCC04U05:666170:667015 [1] NCCL INFO Connected to proxy localRank 1 -> connection 0x7fdcd80056b0
MOC-R4PCC04U05:666170:666310 [1] NCCL INFO New proxy send connection 17 from local rank 1, transport 0
MOC-R4PCC04U05:666170:667015 [1] NCCL INFO Connected to proxy localRank 1 -> connection 0x7fdcd8005728
MOC-R4PCC04U05:666170:666310 [1] NCCL INFO New proxy send connection 18 from local rank 1, transport 0
MOC-R4PCC04U05:666170:667015 [1] NCCL INFO Connected to proxy localRank 1 -> connection 0x7fdcd80057a0
MOC-R4PCC04U05:666169:666312 [0] NCCL INFO New proxy send connection 15 from local rank 0, transport 0
MOC-R4PCC04U05:666170:666310 [1] NCCL INFO New proxy recv connection 19 from local rank 1, transport 0
MOC-R4PCC04U05:666170:667015 [1] NCCL INFO Connected to proxy localRank 1 -> connection 0x7fdcd8005818
MOC-R4PCC04U05:666169:667014 [0] NCCL INFO Connected to proxy localRank 0 -> connection 0x7fbdb8005638
MOC-R4PCC04U05:666171:666314 [2] NCCL INFO New proxy send connection 14 from local rank 2, transport 0
MOC-R4PCC04U05:666171:667013 [2] NCCL INFO Connected to proxy localRank 2 -> connection 0x7fb2380055c0
MOC-R4PCC04U05:666170:666310 [1] NCCL INFO New proxy recv connection 20 from local rank 1, transport 0
MOC-R4PCC04U05:666170:667015 [1] NCCL INFO Connected to proxy localRank 1 -> connection 0x7fdcd8005890
MOC-R4PCC04U05:666169:666312 [0] NCCL INFO New proxy send connection 16 from local rank 0, transport 0
MOC-R4PCC04U05:666171:666314 [2] NCCL INFO New proxy send connection 15 from local rank 2, transport 0
MOC-R4PCC04U05:666169:667014 [0] NCCL INFO Connected to proxy localRank 0 -> connection 0x7fbdb80056b0
MOC-R4PCC04U05:666171:667013 [2] NCCL INFO Connected to proxy localRank 2 -> connection 0x7fb238005638
MOC-R4PCC04U05:666169:666312 [0] NCCL INFO New proxy recv connection 17 from local rank 0, transport 0
MOC-R4PCC04U05:666169:667014 [0] NCCL INFO Connected to proxy localRank 0 -> connection 0x7fbdb8005728
MOC-R4PCC04U05:666172:667012 [3] NCCL INFO GPU Direct RDMA Disabled for GPU 3 / HCA 1 (distance 7 > 0)
MOC-R4PCC04U05:666172:666311 [3] NCCL INFO New proxy send connection 12 from local rank 3, transport 2
MOC-R4PCC04U05:666172:667012 [3] NCCL INFO Connected to proxy localRank 3 -> connection 0x7fca980054d0
MOC-R4PCC04U05:666169:666312 [0] NCCL INFO New proxy recv connection 18 from local rank 0, transport 0
MOC-R4PCC04U05:666172:667012 [3] NCCL INFO Channel 02/0 : 3[3] -> 7[3] [send] via NET/IB/1
MOC-R4PCC04U05:666169:667014 [0] NCCL INFO Connected to proxy localRank 0 -> connection 0x7fbdb80057a0
MOC-R4PCC04U05:666172:667012 [3] NCCL INFO GPU Direct RDMA Disabled for GPU 3 / HCA 1 (distance 7 > 0)
MOC-R4PCC04U05:666172:666311 [3] NCCL INFO New proxy send connection 13 from local rank 3, transport 2
MOC-R4PCC04U05:666172:667012 [3] NCCL INFO Connected to proxy localRank 3 -> connection 0x7fca98005548
MOC-R4PCC04U05:666172:667012 [3] NCCL INFO Channel 03/0 : 3[3] -> 7[3] [send] via NET/IB/1
MOC-R4PCC04U05:666169:666312 [0] NCCL INFO New proxy recv connection 19 from local rank 0, transport 0
MOC-R4PCC04U05:666169:667014 [0] NCCL INFO Connected to proxy localRank 0 -> connection 0x7fbdb8005818
MOC-R4PCC04U05:666169:666312 [0] NCCL INFO New proxy recv connection 20 from local rank 0, transport 0
MOC-R4PCC04U05:666169:667014 [0] NCCL INFO Connected to proxy localRank 0 -> connection 0x7fbdb8005890
MOC-R4PCC04U05:666172:667012 [3] NCCL INFO GPU Direct RDMA Disabled for GPU 3 / HCA 1 (distance 7 > 0)
MOC-R4PCC04U05:666172:666311 [3] NCCL INFO New proxy recv connection 14 from local rank 3, transport 2
MOC-R4PCC04U05:666172:667012 [3] NCCL INFO Connected to proxy localRank 3 -> connection 0x7fca980055c0
MOC-R4PCC04U05:666172:667012 [3] NCCL INFO Channel 00/0 : 11[3] -> 3[3] [receive] via NET/IB/1
MOC-R4PCC04U05:666172:667012 [3] NCCL INFO GPU Direct RDMA Disabled for GPU 3 / HCA 1 (distance 7 > 0)
MOC-R4PCC04U05:666172:666311 [3] NCCL INFO New proxy recv connection 15 from local rank 3, transport 2
MOC-R4PCC04U05:666172:667012 [3] NCCL INFO Connected to proxy localRank 3 -> connection 0x7fca98005638
MOC-R4PCC04U05:666172:667012 [3] NCCL INFO Channel 01/0 : 11[3] -> 3[3] [receive] via NET/IB/1
MOC-R4PCC04U05:666172:667012 [3] NCCL INFO GPU Direct RDMA Disabled for GPU 3 / HCA 1 (distance 7 > 0)
MOC-R4PCC04U05:666172:666311 [3] NCCL INFO New proxy send connection 16 from local rank 3, transport 2
MOC-R4PCC04U05:666172:667012 [3] NCCL INFO Connected to proxy localRank 3 -> connection 0x7fca980056b0
MOC-R4PCC04U05:666172:667012 [3] NCCL INFO Channel 00/0 : 3[3] -> 11[3] [send] via NET/IB/1
MOC-R4PCC04U05:666172:667012 [3] NCCL INFO GPU Direct RDMA Disabled for GPU 3 / HCA 1 (distance 7 > 0)
MOC-R4PCC04U05:666172:666311 [3] NCCL INFO New proxy send connection 17 from local rank 3, transport 2
MOC-R4PCC04U05:666172:667012 [3] NCCL INFO Connected to proxy localRank 3 -> connection 0x7fca98005728
MOC-R4PCC04U05:666172:667012 [3] NCCL INFO Channel 01/0 : 3[3] -> 11[3] [send] via NET/IB/1
MOC-R4PCC04U05:666172:667012 [3] NCCL INFO GPU Direct RDMA Disabled for GPU 3 / HCA 1 (distance 7 > 0)
MOC-R4PCC04U05:666172:666311 [3] NCCL INFO New proxy recv connection 18 from local rank 3, transport 2
MOC-R4PCC04U05:666172:667012 [3] NCCL INFO Connected to proxy localRank 3 -> connection 0x7fca980057a0
MOC-R4PCC04U05:666172:667012 [3] NCCL INFO Channel 02/0 : 7[3] -> 3[3] [receive] via NET/IB/1
MOC-R4PCC04U05:666172:667012 [3] NCCL INFO GPU Direct RDMA Disabled for GPU 3 / HCA 1 (distance 7 > 0)
MOC-R4PCC04U05:666172:666311 [3] NCCL INFO New proxy recv connection 19 from local rank 3, transport 2
MOC-R4PCC04U05:666172:667012 [3] NCCL INFO Connected to proxy localRank 3 -> connection 0x7fca98005818
MOC-R4PCC04U05:666172:667012 [3] NCCL INFO Channel 03/0 : 7[3] -> 3[3] [receive] via NET/IB/1
MOC-R4PCC04U05:666172:666311 [3] NCCL INFO New proxy send connection 20 from local rank 3, transport 0
MOC-R4PCC04U05:666172:667012 [3] NCCL INFO Connected to proxy localRank 3 -> connection 0x7fca98005890
MOC-R4PCC04U05:666172:666311 [3] NCCL INFO New proxy send connection 21 from local rank 3, transport 0
MOC-R4PCC04U05:666172:667012 [3] NCCL INFO Connected to proxy localRank 3 -> connection 0x7fca98005908
MOC-R4PCC04U05:666172:666311 [3] NCCL INFO New proxy send connection 22 from local rank 3, transport 0
MOC-R4PCC04U05:666172:667012 [3] NCCL INFO Connected to proxy localRank 3 -> connection 0x7fca98005980
MOC-R4PCC04U05:666172:666311 [3] NCCL INFO New proxy send connection 23 from local rank 3, transport 0
MOC-R4PCC04U05:666172:667012 [3] NCCL INFO Connected to proxy localRank 3 -> connection 0x7fca980059f8
MOC-R4PCC04U05:666172:666311 [3] NCCL INFO NET/IB: NCCL Dev 1 IbDev 0 Port 1 qpn 10934 mtu 3 query_ece={supported=1, vendor_id=0x15b3, options=0x30000002, comp_mask=0x0} GID 3 (0/C132A8C0FFFF0000) fifoRkey=0x175412 fifoLkey=0x175412
MOC-R4PCC04U05:666172:666311 [3] NCCL INFO NET/IB: NCCL Dev 1 IbDev 0 Port 1 qpn 10935 mtu 3 query_ece={supported=1, vendor_id=0x15b3, options=0x30000002, comp_mask=0x0} GID 3 (0/C132A8C0FFFF0000) fifoRkey=0x17a767 fifoLkey=0x17a767
MOC-R4PCC04U05:666172:666311 [3] NCCL INFO NET/IB: NCCL Dev 1 IbDev 0 Port 1 qpn 10938 mtu 3 query_ece={supported=1, vendor_id=0x15b3, options=0x30000002, comp_mask=0x0} GID 3 (0/C132A8C0FFFF0000) fifoRkey=0x174705 fifoLkey=0x174705
MOC-R4PCC04U05:666172:666311 [3] NCCL INFO NET/IB: IbDev 0 Port 1 qpn 10901 set_ece={supported=1, vendor_id=0x15b3, options=0x0, comp_mask=0x0}
MOC-R4PCC04U05:666172:666311 [3] NCCL INFO NET/IB: IbDev 0 Port 1 qpn 10904 set_ece={supported=1, vendor_id=0x15b3, options=0x0, comp_mask=0x0}
MOC-R4PCC04U05:666172:666311 [3] NCCL INFO NET/IB: IbDev 0 Port 1 qpn 8353 set_ece={supported=1, vendor_id=0x15b3, options=0x0, comp_mask=0x0}
MOC-R4PCC04U05:666172:666311 [3] NCCL INFO NET/IB: NCCL Dev 1 IbDev 0 Port 1 qpn 10941 mtu 3 query_ece={supported=1, vendor_id=0x15b3, options=0x30000002, comp_mask=0x0} GID 3 (0/C132A8C0FFFF0000) fifoRkey=0x17d796 fifoLkey=0x17d796
MOC-R4PCC04U05:666172:666311 [3] NCCL INFO NET/IB: IbDev 0 Port 1 qpn 8360 set_ece={supported=1, vendor_id=0x15b3, options=0x0, comp_mask=0x0}
step    1/10 | train loss 11.009266 | norm 15.3566 | lr 1.00e-04 | (15097.83 ms | 208356 tok/s)
step    2/10 | train loss 10.139994 | norm 5.7234 | lr 1.00e-04 | (508.62 ms | 6184887 tok/s)
step    3/10 | train loss 9.800397 | norm 2.6013 | lr 1.00e-04 | (506.54 ms | 6210249 tok/s)
step    4/10 | train loss 9.631655 | norm 2.1118 | lr 1.00e-04 | (504.98 ms | 6229413 tok/s)
step    5/10 | train loss 9.548892 | norm 2.0959 | lr 1.00e-04 | (506.88 ms | 6206037 tok/s)
step    6/10 | train loss 9.468090 | norm 1.9942 | lr 1.00e-04 | (509.44 ms | 6174892 tok/s)
step    7/10 | train loss 9.382740 | norm 1.9443 | lr 1.00e-04 | (514.08 ms | 6119138 tok/s)
step    8/10 | train loss 9.291193 | norm 1.9106 | lr 1.00e-04 | (510.30 ms | 6164512 tok/s)
step    9/10 | train loss 9.195949 | norm 1.8556 | lr 1.00e-04 | (508.99 ms | 6180281 tok/s)
step   10/10 | train loss 9.110962 | norm 1.7932 | lr 1.00e-04 | (510.28 ms | 6164671 tok/s)
final 9 iters avg: 508.901ms
peak memory consumption: 16601 MiB
