Running pytorch 2.7.0+cu126
using device: cuda:0
total desired batch size: 1572864
=> calculated gradient accumulation steps: 4
using device: cuda:2
using device: cuda:3
using device: cuda:1
compiling the model...
DataLoader: total number of tokens: 1,661,249,667 across 103 files
MOC-R4PCC04U05:489005:489005 [0] NCCL INFO NCCL_SOCKET_IFNAME set to eno7np0
MOC-R4PCC04U05:489005:489005 [0] NCCL INFO NCCL version 2.26.2+cuda12.2
MOC-R4PCC04U05:489005:489241 [0] NCCL INFO NET/Plugin: Could not find: libnccl-net.so. Using internal net plugin.
MOC-R4PCC04U05:489005:489241 [0] NCCL INFO NCCL_IB_HCA set to mlx5_5
MOC-R4PCC04U05:489005:489241 [0] NCCL INFO NET/IB : Made virtual device [0] name=mlx5_5 speed=400000 ndevs=1
MOC-R4PCC04U05:489005:489241 [0] NCCL INFO NET/IB : Using [0]mlx5_5:1/RoCE [RO]; OOB eno7np0:192.168.50.193<0>
MOC-R4PCC04U05:489008:489008 [3] NCCL INFO NCCL_SOCKET_IFNAME set to eno7np0
MOC-R4PCC04U05:489008:489008 [3] NCCL INFO NCCL version 2.26.2+cuda12.2
MOC-R4PCC04U05:489006:489006 [1] NCCL INFO NCCL_SOCKET_IFNAME set to eno7np0
MOC-R4PCC04U05:489007:489007 [2] NCCL INFO NCCL_SOCKET_IFNAME set to eno7np0
MOC-R4PCC04U05:489007:489007 [2] NCCL INFO NCCL version 2.26.2+cuda12.2
MOC-R4PCC04U05:489006:489006 [1] NCCL INFO NCCL version 2.26.2+cuda12.2
MOC-R4PCC04U05:489008:489264 [3] NCCL INFO NET/Plugin: Could not find: libnccl-net.so. Using internal net plugin.
MOC-R4PCC04U05:489008:489264 [3] NCCL INFO NCCL_IB_HCA set to mlx5_5
MOC-R4PCC04U05:489007:489265 [2] NCCL INFO NET/Plugin: Could not find: libnccl-net.so. Using internal net plugin.
MOC-R4PCC04U05:489006:489266 [1] NCCL INFO NET/Plugin: Could not find: libnccl-net.so. Using internal net plugin.
MOC-R4PCC04U05:489007:489265 [2] NCCL INFO NCCL_IB_HCA set to mlx5_5
MOC-R4PCC04U05:489006:489266 [1] NCCL INFO NCCL_IB_HCA set to mlx5_5
MOC-R4PCC04U05:489008:489264 [3] NCCL INFO NET/IB : Made virtual device [0] name=mlx5_5 speed=400000 ndevs=1
MOC-R4PCC04U05:489008:489264 [3] NCCL INFO NET/IB : Using [0]mlx5_5:1/RoCE [RO]; OOB eno7np0:192.168.50.193<0>
MOC-R4PCC04U05:489006:489266 [1] NCCL INFO NET/IB : Made virtual device [0] name=mlx5_5 speed=400000 ndevs=1
MOC-R4PCC04U05:489006:489266 [1] NCCL INFO NET/IB : Using [0]mlx5_5:1/RoCE [RO]; OOB eno7np0:192.168.50.193<0>
MOC-R4PCC04U05:489007:489265 [2] NCCL INFO NET/IB : Made virtual device [0] name=mlx5_5 speed=400000 ndevs=1
MOC-R4PCC04U05:489007:489265 [2] NCCL INFO NET/IB : Using [0]mlx5_5:1/RoCE [RO]; OOB eno7np0:192.168.50.193<0>
MOC-R4PCC04U05:489007:489265 [2] NCCL INFO NET/IB : GPU Direct RDMA Enabled for HCA 0 'mlx5_5'
MOC-R4PCC04U05:489007:489265 [2] NCCL INFO NET/IB : Made virtual device [1] name=mlx5_5 speed=400000 ndevs=1
MOC-R4PCC04U05:489007:489265 [2] NCCL INFO NET/IB : GPU Direct RDMA Enabled for HCA 0 'mlx5_5'
MOC-R4PCC04U05:489007:489265 [2] NCCL INFO NET/IB : GPU Direct RDMA Enabled for HCA 1 'mlx5_5'
MOC-R4PCC04U05:489005:489241 [0] NCCL INFO NET/IB : GPU Direct RDMA Enabled for HCA 0 'mlx5_5'
MOC-R4PCC04U05:489005:489241 [0] NCCL INFO NET/IB : Made virtual device [1] name=mlx5_5 speed=400000 ndevs=1
MOC-R4PCC04U05:489005:489241 [0] NCCL INFO NET/IB : GPU Direct RDMA Enabled for HCA 0 'mlx5_5'
MOC-R4PCC04U05:489005:489241 [0] NCCL INFO NET/IB : GPU Direct RDMA Enabled for HCA 1 'mlx5_5'
MOC-R4PCC04U05:489008:489264 [3] NCCL INFO NET/IB : GPU Direct RDMA Enabled for HCA 0 'mlx5_5'
MOC-R4PCC04U05:489008:489264 [3] NCCL INFO NET/IB : Made virtual device [1] name=mlx5_5 speed=400000 ndevs=1
MOC-R4PCC04U05:489008:489264 [3] NCCL INFO NET/IB : GPU Direct RDMA Enabled for HCA 0 'mlx5_5'
MOC-R4PCC04U05:489008:489264 [3] NCCL INFO NET/IB : GPU Direct RDMA Enabled for HCA 1 'mlx5_5'
MOC-R4PCC04U05:489006:489266 [1] NCCL INFO NET/IB : GPU Direct RDMA Enabled for HCA 0 'mlx5_5'
MOC-R4PCC04U05:489006:489266 [1] NCCL INFO NET/IB : Made virtual device [1] name=mlx5_5 speed=400000 ndevs=1
MOC-R4PCC04U05:489006:489266 [1] NCCL INFO NET/IB : GPU Direct RDMA Enabled for HCA 0 'mlx5_5'
MOC-R4PCC04U05:489006:489266 [1] NCCL INFO NET/IB : GPU Direct RDMA Enabled for HCA 1 'mlx5_5'
MOC-R4PCC04U05:489005:489241 [0] NCCL INFO NCCL_NET_GDR_LEVEL set by environment to LOC
MOC-R4PCC04U05:489005:489241 [0] NCCL INFO GPU Direct RDMA Disabled for GPU 0 / HCA 1 (distance 5 > 0)
MOC-R4PCC04U05:489005:489241 [0] NCCL INFO GPU Direct RDMA Disabled for GPU 1 / HCA 1 (distance 5 > 0)
MOC-R4PCC04U05:489005:489241 [0] NCCL INFO GPU Direct RDMA Disabled for GPU 2 / HCA 1 (distance 5 > 0)
MOC-R4PCC04U05:489005:489241 [0] NCCL INFO GPU Direct RDMA Disabled for GPU 0 / HCA 1 (distance 5 > 0)
MOC-R4PCC04U05:489005:489241 [0] NCCL INFO GPU Direct RDMA Disabled for GPU 1 / HCA 1 (distance 5 > 0)
MOC-R4PCC04U05:489005:489241 [0] NCCL INFO GPU Direct RDMA Disabled for GPU 2 / HCA 1 (distance 5 > 0)
MOC-R4PCC04U05:489006:489266 [1] NCCL INFO NCCL_NET_GDR_LEVEL set by environment to LOC
MOC-R4PCC04U05:489006:489266 [1] NCCL INFO GPU Direct RDMA Disabled for GPU 0 / HCA 1 (distance 5 > 0)
MOC-R4PCC04U05:489006:489266 [1] NCCL INFO GPU Direct RDMA Disabled for GPU 1 / HCA 1 (distance 5 > 0)
MOC-R4PCC04U05:489006:489266 [1] NCCL INFO GPU Direct RDMA Disabled for GPU 2 / HCA 1 (distance 5 > 0)
MOC-R4PCC04U05:489006:489266 [1] NCCL INFO GPU Direct RDMA Disabled for GPU 0 / HCA 1 (distance 5 > 0)
MOC-R4PCC04U05:489006:489266 [1] NCCL INFO GPU Direct RDMA Disabled for GPU 1 / HCA 1 (distance 5 > 0)
MOC-R4PCC04U05:489006:489266 [1] NCCL INFO GPU Direct RDMA Disabled for GPU 2 / HCA 1 (distance 5 > 0)
MOC-R4PCC04U05:489008:489264 [3] NCCL INFO NCCL_NET_GDR_LEVEL set by environment to LOC
MOC-R4PCC04U05:489008:489264 [3] NCCL INFO GPU Direct RDMA Disabled for GPU 0 / HCA 1 (distance 5 > 0)
MOC-R4PCC04U05:489008:489264 [3] NCCL INFO GPU Direct RDMA Disabled for GPU 1 / HCA 1 (distance 5 > 0)
MOC-R4PCC04U05:489008:489264 [3] NCCL INFO GPU Direct RDMA Disabled for GPU 2 / HCA 1 (distance 5 > 0)
MOC-R4PCC04U05:489008:489264 [3] NCCL INFO GPU Direct RDMA Disabled for GPU 0 / HCA 1 (distance 5 > 0)
MOC-R4PCC04U05:489008:489264 [3] NCCL INFO GPU Direct RDMA Disabled for GPU 1 / HCA 1 (distance 5 > 0)
MOC-R4PCC04U05:489008:489264 [3] NCCL INFO GPU Direct RDMA Disabled for GPU 2 / HCA 1 (distance 5 > 0)
MOC-R4PCC04U05:489007:489265 [2] NCCL INFO NCCL_NET_GDR_LEVEL set by environment to LOC
MOC-R4PCC04U05:489007:489265 [2] NCCL INFO GPU Direct RDMA Disabled for GPU 0 / HCA 1 (distance 5 > 0)
MOC-R4PCC04U05:489007:489265 [2] NCCL INFO GPU Direct RDMA Disabled for GPU 1 / HCA 1 (distance 5 > 0)
MOC-R4PCC04U05:489007:489265 [2] NCCL INFO GPU Direct RDMA Disabled for GPU 2 / HCA 1 (distance 5 > 0)
MOC-R4PCC04U05:489007:489265 [2] NCCL INFO GPU Direct RDMA Disabled for GPU 0 / HCA 1 (distance 5 > 0)
MOC-R4PCC04U05:489007:489265 [2] NCCL INFO GPU Direct RDMA Disabled for GPU 1 / HCA 1 (distance 5 > 0)
MOC-R4PCC04U05:489007:489265 [2] NCCL INFO GPU Direct RDMA Disabled for GPU 2 / HCA 1 (distance 5 > 0)
MOC-R4PCC04U05:489008:489284 [3] NCCL INFO New proxy recv connection 0 from local rank 3, transport 0
MOC-R4PCC04U05:489008:489292 [3] NCCL INFO Connected to proxy localRank 3 -> connection 0x7f3b08004f30
MOC-R4PCC04U05:489008:489284 [3] NCCL INFO New proxy recv connection 1 from local rank 3, transport 0
MOC-R4PCC04U05:489008:489292 [3] NCCL INFO Connected to proxy localRank 3 -> connection 0x7f3b08004fa8
MOC-R4PCC04U05:489008:489292 [3] NCCL INFO GPU Direct RDMA Disabled for GPU 3 / HCA 1 (distance 7 > 0)
MOC-R4PCC04U05:489007:489285 [2] NCCL INFO New proxy recv connection 0 from local rank 2, transport 0
MOC-R4PCC04U05:489007:489293 [2] NCCL INFO Connected to proxy localRank 2 -> connection 0x7fa4b0004f30
MOC-R4PCC04U05:489007:489285 [2] NCCL INFO New proxy recv connection 1 from local rank 2, transport 0
MOC-R4PCC04U05:489007:489293 [2] NCCL INFO Connected to proxy localRank 2 -> connection 0x7fa4b0004fa8
MOC-R4PCC04U05:489005:489288 [0] NCCL INFO New proxy send connection 0 from local rank 0, transport 0
MOC-R4PCC04U05:489005:489294 [0] NCCL INFO Connected to proxy localRank 0 -> connection 0x7f2de4004f30
MOC-R4PCC04U05:489006:489290 [1] NCCL INFO New proxy recv connection 0 from local rank 1, transport 0
MOC-R4PCC04U05:489006:489295 [1] NCCL INFO Connected to proxy localRank 1 -> connection 0x7f10a4004f30
MOC-R4PCC04U05:489005:489288 [0] NCCL INFO New proxy send connection 1 from local rank 0, transport 0
MOC-R4PCC04U05:489005:489294 [0] NCCL INFO Connected to proxy localRank 0 -> connection 0x7f2de4004fa8
MOC-R4PCC04U05:489007:489293 [2] NCCL INFO GPU Direct RDMA Disabled for GPU 2 / HCA 1 (distance 7 > 0)
MOC-R4PCC04U05:489005:489288 [0] NCCL INFO New proxy send connection 2 from local rank 0, transport 0
MOC-R4PCC04U05:489006:489290 [1] NCCL INFO New proxy recv connection 1 from local rank 1, transport 0
MOC-R4PCC04U05:489005:489294 [0] NCCL INFO Connected to proxy localRank 0 -> connection 0x7f2de4005020
MOC-R4PCC04U05:489006:489295 [1] NCCL INFO Connected to proxy localRank 1 -> connection 0x7f10a4004fa8
MOC-R4PCC04U05:489005:489288 [0] NCCL INFO New proxy send connection 3 from local rank 0, transport 0
MOC-R4PCC04U05:489005:489294 [0] NCCL INFO Connected to proxy localRank 0 -> connection 0x7f2de4005098
MOC-R4PCC04U05:489008:489284 [3] NCCL INFO New proxy send connection 2 from local rank 3, transport 2
MOC-R4PCC04U05:489008:489292 [3] NCCL INFO Connected to proxy localRank 3 -> connection 0x7f3b08005020
MOC-R4PCC04U05:489008:489292 [3] NCCL INFO Channel 00/0 : 3[3] -> 6[2] [send] via NET/IB/1
MOC-R4PCC04U05:489008:489292 [3] NCCL INFO GPU Direct RDMA Disabled for GPU 3 / HCA 1 (distance 7 > 0)
MOC-R4PCC04U05:489008:489284 [3] NCCL INFO New proxy send connection 3 from local rank 3, transport 2
MOC-R4PCC04U05:489008:489292 [3] NCCL INFO Connected to proxy localRank 3 -> connection 0x7f3b08005098
MOC-R4PCC04U05:489008:489292 [3] NCCL INFO Channel 02/0 : 3[3] -> 6[2] [send] via NET/IB/1
MOC-R4PCC04U05:489005:489288 [0] NCCL INFO New proxy recv connection 4 from local rank 0, transport 0
MOC-R4PCC04U05:489005:489294 [0] NCCL INFO Connected to proxy localRank 0 -> connection 0x7f2de4005110
MOC-R4PCC04U05:489008:489292 [3] NCCL INFO GPU Direct RDMA Disabled for GPU 3 / HCA 1 (distance 7 > 0)
MOC-R4PCC04U05:489008:489284 [3] NCCL INFO New proxy recv connection 4 from local rank 3, transport 2
MOC-R4PCC04U05:489008:489292 [3] NCCL INFO Connected to proxy localRank 3 -> connection 0x7f3b08005110
MOC-R4PCC04U05:489008:489292 [3] NCCL INFO Channel 01/0 : 10[2] -> 3[3] [receive] via NET/IB/1
MOC-R4PCC04U05:489008:489292 [3] NCCL INFO GPU Direct RDMA Disabled for GPU 3 / HCA 1 (distance 7 > 0)
MOC-R4PCC04U05:489008:489284 [3] NCCL INFO New proxy recv connection 5 from local rank 3, transport 2
MOC-R4PCC04U05:489008:489292 [3] NCCL INFO Connected to proxy localRank 3 -> connection 0x7f3b08005188
MOC-R4PCC04U05:489008:489292 [3] NCCL INFO Channel 03/0 : 10[2] -> 3[3] [receive] via NET/IB/1
MOC-R4PCC04U05:489005:489288 [0] NCCL INFO New proxy recv connection 5 from local rank 0, transport 0
MOC-R4PCC04U05:489005:489294 [0] NCCL INFO Connected to proxy localRank 0 -> connection 0x7f2de4005188
MOC-R4PCC04U05:489005:489288 [0] NCCL INFO New proxy recv connection 6 from local rank 0, transport 0
MOC-R4PCC04U05:489005:489294 [0] NCCL INFO Connected to proxy localRank 0 -> connection 0x7f2de4005200
MOC-R4PCC04U05:489005:489288 [0] NCCL INFO New proxy recv connection 7 from local rank 0, transport 0
MOC-R4PCC04U05:489005:489294 [0] NCCL INFO Connected to proxy localRank 0 -> connection 0x7f2de4005278
MOC-R4PCC04U05:489007:489285 [2] NCCL INFO New proxy recv connection 2 from local rank 2, transport 2
MOC-R4PCC04U05:489007:489293 [2] NCCL INFO Connected to proxy localRank 2 -> connection 0x7fa4b0005020
MOC-R4PCC04U05:489007:489293 [2] NCCL INFO Channel 00/0 : 11[3] -> 2[2] [receive] via NET/IB/1
MOC-R4PCC04U05:489007:489293 [2] NCCL INFO GPU Direct RDMA Disabled for GPU 2 / HCA 1 (distance 7 > 0)
MOC-R4PCC04U05:489007:489285 [2] NCCL INFO New proxy recv connection 3 from local rank 2, transport 2
MOC-R4PCC04U05:489007:489293 [2] NCCL INFO Connected to proxy localRank 2 -> connection 0x7fa4b0005098
MOC-R4PCC04U05:489007:489293 [2] NCCL INFO Channel 02/0 : 11[3] -> 2[2] [receive] via NET/IB/1
MOC-R4PCC04U05:489007:489293 [2] NCCL INFO GPU Direct RDMA Disabled for GPU 2 / HCA 1 (distance 7 > 0)
MOC-R4PCC04U05:489007:489285 [2] NCCL INFO New proxy send connection 4 from local rank 2, transport 2
MOC-R4PCC04U05:489007:489293 [2] NCCL INFO Connected to proxy localRank 2 -> connection 0x7fa4b0005110
MOC-R4PCC04U05:489007:489293 [2] NCCL INFO Channel 01/0 : 2[2] -> 7[3] [send] via NET/IB/1
MOC-R4PCC04U05:489007:489293 [2] NCCL INFO GPU Direct RDMA Disabled for GPU 2 / HCA 1 (distance 7 > 0)
MOC-R4PCC04U05:489007:489285 [2] NCCL INFO New proxy send connection 5 from local rank 2, transport 2
MOC-R4PCC04U05:489007:489293 [2] NCCL INFO Connected to proxy localRank 2 -> connection 0x7fa4b0005188
MOC-R4PCC04U05:489007:489293 [2] NCCL INFO Channel 03/0 : 2[2] -> 7[3] [send] via NET/IB/1
MOC-R4PCC04U05:489008:489284 [3] NCCL INFO New proxy send connection 6 from local rank 3, transport 0
MOC-R4PCC04U05:489008:489292 [3] NCCL INFO Connected to proxy localRank 3 -> connection 0x7f3b08005200
MOC-R4PCC04U05:489007:489285 [2] NCCL INFO New proxy send connection 6 from local rank 2, transport 0
MOC-R4PCC04U05:489007:489293 [2] NCCL INFO Connected to proxy localRank 2 -> connection 0x7fa4b0005200
MOC-R4PCC04U05:489008:489284 [3] NCCL INFO New proxy send connection 7 from local rank 3, transport 0
MOC-R4PCC04U05:489008:489292 [3] NCCL INFO Connected to proxy localRank 3 -> connection 0x7f3b08005278
MOC-R4PCC04U05:489007:489285 [2] NCCL INFO New proxy send connection 7 from local rank 2, transport 0
MOC-R4PCC04U05:489007:489293 [2] NCCL INFO Connected to proxy localRank 2 -> connection 0x7fa4b0005278
MOC-R4PCC04U05:489006:489290 [1] NCCL INFO New proxy recv connection 2 from local rank 1, transport 0
MOC-R4PCC04U05:489005:489288 [0] NCCL INFO New proxy send connection 8 from local rank 3, transport 0
MOC-R4PCC04U05:489006:489295 [1] NCCL INFO Connected to proxy localRank 1 -> connection 0x7f10a4005020
MOC-R4PCC04U05:489008:489292 [3] NCCL INFO Connected to proxy localRank 0 -> connection 0x7f2de40052f0
MOC-R4PCC04U05:489006:489290 [1] NCCL INFO New proxy recv connection 3 from local rank 1, transport 0
MOC-R4PCC04U05:489006:489295 [1] NCCL INFO Connected to proxy localRank 1 -> connection 0x7f10a4005098
MOC-R4PCC04U05:489006:489290 [1] NCCL INFO New proxy send connection 4 from local rank 1, transport 0
MOC-R4PCC04U05:489006:489295 [1] NCCL INFO Connected to proxy localRank 1 -> connection 0x7f10a4005110
MOC-R4PCC04U05:489006:489290 [1] NCCL INFO New proxy send connection 5 from local rank 1, transport 0
MOC-R4PCC04U05:489006:489295 [1] NCCL INFO Connected to proxy localRank 1 -> connection 0x7f10a4005188
MOC-R4PCC04U05:489006:489290 [1] NCCL INFO New proxy send connection 6 from local rank 1, transport 0
MOC-R4PCC04U05:489006:489295 [1] NCCL INFO Connected to proxy localRank 1 -> connection 0x7f10a4005200
MOC-R4PCC04U05:489006:489290 [1] NCCL INFO New proxy send connection 7 from local rank 1, transport 0
MOC-R4PCC04U05:489006:489295 [1] NCCL INFO Connected to proxy localRank 1 -> connection 0x7f10a4005278
MOC-R4PCC04U05:489006:489290 [1] NCCL INFO New proxy send connection 8 from local rank 3, transport 0
MOC-R4PCC04U05:489008:489292 [3] NCCL INFO Connected to proxy localRank 1 -> connection 0x7f10a40052f0
MOC-R4PCC04U05:489005:489288 [0] NCCL INFO New proxy send connection 9 from local rank 2, transport 0
MOC-R4PCC04U05:489007:489293 [2] NCCL INFO Connected to proxy localRank 0 -> connection 0x7f2de4005368
MOC-R4PCC04U05:489008:489284 [3] NCCL INFO New proxy send connection 8 from local rank 1, transport 0
MOC-R4PCC04U05:489006:489295 [1] NCCL INFO Connected to proxy localRank 3 -> connection 0x7f3b080052f0
MOC-R4PCC04U05:489007:489285 [2] NCCL INFO New proxy send connection 8 from local rank 0, transport 0
MOC-R4PCC04U05:489005:489294 [0] NCCL INFO Connected to proxy localRank 2 -> connection 0x7fa4b00052f0
MOC-R4PCC04U05:489005:489288 [0] NCCL INFO New proxy send connection 10 from local rank 1, transport 0
MOC-R4PCC04U05:489006:489295 [1] NCCL INFO Connected to proxy localRank 0 -> connection 0x7f2de40053e0
MOC-R4PCC04U05:489006:489290 [1] NCCL INFO New proxy send connection 9 from local rank 2, transport 0
MOC-R4PCC04U05:489007:489293 [2] NCCL INFO Connected to proxy localRank 1 -> connection 0x7f10a4005368
MOC-R4PCC04U05:489008:489284 [3] NCCL INFO NET/IB: NCCL Dev 1 IbDev 0 Port 1 qpn 7382 mtu 3 query_ece={supported=1, vendor_id=0x15b3, options=0x30000002, comp_mask=0x0} GID 3 (0/C132A8C0FFFF0000) fifoRkey=0x179c5b fifoLkey=0x179c5b
MOC-R4PCC04U05:489007:489285 [2] NCCL INFO NET/IB: NCCL Dev 1 IbDev 0 Port 1 qpn 7383 mtu 3 query_ece={supported=1, vendor_id=0x15b3, options=0x30000002, comp_mask=0x0} GID 3 (0/C132A8C0FFFF0000) fifoRkey=0x170bca fifoLkey=0x170bca
MOC-R4PCC04U05:489008:489284 [3] NCCL INFO NET/IB: NCCL Dev 1 IbDev 0 Port 1 qpn 7384 mtu 3 query_ece={supported=1, vendor_id=0x15b3, options=0x30000002, comp_mask=0x0} GID 3 (0/C132A8C0FFFF0000) fifoRkey=0x1722e1 fifoLkey=0x1722e1
MOC-R4PCC04U05:489008:489284 [3] NCCL INFO New proxy send connection 9 from local rank 0, transport 0
MOC-R4PCC04U05:489005:489294 [0] NCCL INFO Connected to proxy localRank 3 -> connection 0x7f3b08005368
MOC-R4PCC04U05:489007:489285 [2] NCCL INFO NET/IB: NCCL Dev 1 IbDev 0 Port 1 qpn 7385 mtu 3 query_ece={supported=1, vendor_id=0x15b3, options=0x30000002, comp_mask=0x0} GID 3 (0/C132A8C0FFFF0000) fifoRkey=0x17904f fifoLkey=0x17904f
MOC-R4PCC04U05:489008:489284 [3] NCCL INFO NET/IB: IbDev 0 Port 1 qpn 7550 set_ece={supported=1, vendor_id=0x15b3, options=0x0, comp_mask=0x0}
MOC-R4PCC04U05:489007:489285 [2] NCCL INFO NET/IB: IbDev 0 Port 1 qpn 7551 set_ece={supported=1, vendor_id=0x15b3, options=0x0, comp_mask=0x0}
MOC-R4PCC04U05:489008:489284 [3] NCCL INFO NET/IB: IbDev 0 Port 1 qpn 7554 set_ece={supported=1, vendor_id=0x15b3, options=0x0, comp_mask=0x0}
MOC-R4PCC04U05:489007:489285 [2] NCCL INFO NET/IB: IbDev 0 Port 1 qpn 7555 set_ece={supported=1, vendor_id=0x15b3, options=0x0, comp_mask=0x0}
MOC-R4PCC04U05:489006:489290 [1] NCCL INFO New proxy send connection 10 from local rank 0, transport 0
MOC-R4PCC04U05:489005:489294 [0] NCCL INFO Connected to proxy localRank 1 -> connection 0x7f10a40053e0
MOC-R4PCC04U05:489007:489285 [2] NCCL INFO New proxy send connection 9 from local rank 1, transport 0
MOC-R4PCC04U05:489006:489295 [1] NCCL INFO Connected to proxy localRank 2 -> connection 0x7fa4b0005368
num decayed parameter tensors: 50, with 124,318,464 parameters
num non-decayed parameter tensors: 98, with 121,344 parameters
using fused AdamW: False
using regular AdamW
MOC-R4PCC04U05:489008:489284 [3] NCCL INFO New proxy recv connection 10 from local rank 3, transport 0
MOC-R4PCC04U05:489008:490144 [3] NCCL INFO Connected to proxy localRank 3 -> connection 0x7f3b080053e0
MOC-R4PCC04U05:489008:489284 [3] NCCL INFO New proxy recv connection 11 from local rank 3, transport 0
MOC-R4PCC04U05:489008:490144 [3] NCCL INFO Connected to proxy localRank 3 -> connection 0x7f3b08005458
MOC-R4PCC04U05:489007:489285 [2] NCCL INFO New proxy recv connection 10 from local rank 2, transport 0
MOC-R4PCC04U05:489007:490147 [2] NCCL INFO Connected to proxy localRank 2 -> connection 0x7fa4b00053e0
MOC-R4PCC04U05:489007:489285 [2] NCCL INFO New proxy recv connection 11 from local rank 2, transport 0
MOC-R4PCC04U05:489007:490147 [2] NCCL INFO Connected to proxy localRank 2 -> connection 0x7fa4b0005458
MOC-R4PCC04U05:489007:489285 [2] NCCL INFO New proxy recv connection 12 from local rank 2, transport 0
MOC-R4PCC04U05:489007:490147 [2] NCCL INFO Connected to proxy localRank 2 -> connection 0x7fa4b00054d0
MOC-R4PCC04U05:489007:489285 [2] NCCL INFO New proxy recv connection 13 from local rank 2, transport 0
MOC-R4PCC04U05:489007:490147 [2] NCCL INFO Connected to proxy localRank 2 -> connection 0x7fa4b0005548
MOC-R4PCC04U05:489005:489288 [0] NCCL INFO New proxy send connection 11 from local rank 0, transport 0
MOC-R4PCC04U05:489005:490148 [0] NCCL INFO Connected to proxy localRank 0 -> connection 0x7f2de4005458
MOC-R4PCC04U05:489005:489288 [0] NCCL INFO New proxy send connection 12 from local rank 0, transport 0
MOC-R4PCC04U05:489005:490148 [0] NCCL INFO Connected to proxy localRank 0 -> connection 0x7f2de40054d0
MOC-R4PCC04U05:489005:489288 [0] NCCL INFO New proxy send connection 13 from local rank 0, transport 0
MOC-R4PCC04U05:489005:490148 [0] NCCL INFO Connected to proxy localRank 0 -> connection 0x7f2de4005548
MOC-R4PCC04U05:489005:489288 [0] NCCL INFO New proxy send connection 14 from local rank 0, transport 0
MOC-R4PCC04U05:489005:490148 [0] NCCL INFO Connected to proxy localRank 0 -> connection 0x7f2de40055c0
MOC-R4PCC04U05:489006:489290 [1] NCCL INFO New proxy recv connection 11 from local rank 1, transport 0
MOC-R4PCC04U05:489006:490155 [1] NCCL INFO Connected to proxy localRank 1 -> connection 0x7f10a4005458
MOC-R4PCC04U05:489006:489290 [1] NCCL INFO New proxy recv connection 12 from local rank 1, transport 0
MOC-R4PCC04U05:489006:490155 [1] NCCL INFO Connected to proxy localRank 1 -> connection 0x7f10a40054d0
MOC-R4PCC04U05:489006:489290 [1] NCCL INFO New proxy recv connection 13 from local rank 1, transport 0
MOC-R4PCC04U05:489006:490155 [1] NCCL INFO Connected to proxy localRank 1 -> connection 0x7f10a4005548
MOC-R4PCC04U05:489006:489290 [1] NCCL INFO New proxy recv connection 14 from local rank 1, transport 0
MOC-R4PCC04U05:489006:490155 [1] NCCL INFO Connected to proxy localRank 1 -> connection 0x7f10a40055c0
MOC-R4PCC04U05:489006:489290 [1] NCCL INFO New proxy send connection 15 from local rank 1, transport 0
MOC-R4PCC04U05:489006:490155 [1] NCCL INFO Connected to proxy localRank 1 -> connection 0x7f10a4005638
MOC-R4PCC04U05:489006:489290 [1] NCCL INFO New proxy send connection 16 from local rank 1, transport 0
MOC-R4PCC04U05:489006:490155 [1] NCCL INFO Connected to proxy localRank 1 -> connection 0x7f10a40056b0
MOC-R4PCC04U05:489006:489290 [1] NCCL INFO New proxy send connection 17 from local rank 1, transport 0
MOC-R4PCC04U05:489006:490155 [1] NCCL INFO Connected to proxy localRank 1 -> connection 0x7f10a4005728
MOC-R4PCC04U05:489006:489290 [1] NCCL INFO New proxy send connection 18 from local rank 1, transport 0
MOC-R4PCC04U05:489006:490155 [1] NCCL INFO Connected to proxy localRank 1 -> connection 0x7f10a40057a0
MOC-R4PCC04U05:489006:489290 [1] NCCL INFO New proxy recv connection 19 from local rank 1, transport 0
MOC-R4PCC04U05:489006:490155 [1] NCCL INFO Connected to proxy localRank 1 -> connection 0x7f10a4005818
MOC-R4PCC04U05:489005:489288 [0] NCCL INFO New proxy send connection 15 from local rank 0, transport 0
MOC-R4PCC04U05:489007:489285 [2] NCCL INFO New proxy send connection 14 from local rank 2, transport 0
MOC-R4PCC04U05:489005:490148 [0] NCCL INFO Connected to proxy localRank 0 -> connection 0x7f2de4005638
MOC-R4PCC04U05:489007:490147 [2] NCCL INFO Connected to proxy localRank 2 -> connection 0x7fa4b00055c0
MOC-R4PCC04U05:489006:489290 [1] NCCL INFO New proxy recv connection 20 from local rank 1, transport 0
MOC-R4PCC04U05:489006:490155 [1] NCCL INFO Connected to proxy localRank 1 -> connection 0x7f10a4005890
MOC-R4PCC04U05:489007:489285 [2] NCCL INFO New proxy send connection 15 from local rank 2, transport 0
MOC-R4PCC04U05:489007:490147 [2] NCCL INFO Connected to proxy localRank 2 -> connection 0x7fa4b0005638
MOC-R4PCC04U05:489005:489288 [0] NCCL INFO New proxy send connection 16 from local rank 0, transport 0
MOC-R4PCC04U05:489005:490148 [0] NCCL INFO Connected to proxy localRank 0 -> connection 0x7f2de40056b0
MOC-R4PCC04U05:489008:490144 [3] NCCL INFO GPU Direct RDMA Disabled for GPU 3 / HCA 1 (distance 7 > 0)
MOC-R4PCC04U05:489005:489288 [0] NCCL INFO New proxy recv connection 17 from local rank 0, transport 0
MOC-R4PCC04U05:489005:490148 [0] NCCL INFO Connected to proxy localRank 0 -> connection 0x7f2de4005728
MOC-R4PCC04U05:489008:489284 [3] NCCL INFO New proxy recv connection 12 from local rank 3, transport 2
MOC-R4PCC04U05:489008:490144 [3] NCCL INFO Connected to proxy localRank 3 -> connection 0x7f3b080054d0
MOC-R4PCC04U05:489008:490144 [3] NCCL INFO Channel 00/0 : 11[3] -> 3[3] [receive] via NET/IB/1
MOC-R4PCC04U05:489008:490144 [3] NCCL INFO GPU Direct RDMA Disabled for GPU 3 / HCA 1 (distance 7 > 0)
MOC-R4PCC04U05:489008:489284 [3] NCCL INFO New proxy recv connection 13 from local rank 3, transport 2
MOC-R4PCC04U05:489008:490144 [3] NCCL INFO Connected to proxy localRank 3 -> connection 0x7f3b08005548
MOC-R4PCC04U05:489008:490144 [3] NCCL INFO Channel 01/0 : 11[3] -> 3[3] [receive] via NET/IB/1
MOC-R4PCC04U05:489008:490144 [3] NCCL INFO GPU Direct RDMA Disabled for GPU 3 / HCA 1 (distance 7 > 0)
MOC-R4PCC04U05:489008:489284 [3] NCCL INFO New proxy recv connection 14 from local rank 3, transport 2
MOC-R4PCC04U05:489008:490144 [3] NCCL INFO Connected to proxy localRank 3 -> connection 0x7f3b080055c0
MOC-R4PCC04U05:489008:490144 [3] NCCL INFO Channel 02/0 : 11[3] -> 3[3] [receive] via NET/IB/1
MOC-R4PCC04U05:489008:490144 [3] NCCL INFO GPU Direct RDMA Disabled for GPU 3 / HCA 1 (distance 7 > 0)
MOC-R4PCC04U05:489008:489284 [3] NCCL INFO New proxy recv connection 15 from local rank 3, transport 2
MOC-R4PCC04U05:489008:490144 [3] NCCL INFO Connected to proxy localRank 3 -> connection 0x7f3b08005638
MOC-R4PCC04U05:489008:490144 [3] NCCL INFO Channel 03/0 : 11[3] -> 3[3] [receive] via NET/IB/1
MOC-R4PCC04U05:489008:490144 [3] NCCL INFO GPU Direct RDMA Disabled for GPU 3 / HCA 1 (distance 7 > 0)
MOC-R4PCC04U05:489008:489284 [3] NCCL INFO New proxy send connection 16 from local rank 3, transport 2
MOC-R4PCC04U05:489008:490144 [3] NCCL INFO Connected to proxy localRank 3 -> connection 0x7f3b080056b0
MOC-R4PCC04U05:489008:490144 [3] NCCL INFO Channel 02/0 : 3[3] -> 7[3] [send] via NET/IB/1
MOC-R4PCC04U05:489008:490144 [3] NCCL INFO GPU Direct RDMA Disabled for GPU 3 / HCA 1 (distance 7 > 0)
MOC-R4PCC04U05:489008:489284 [3] NCCL INFO New proxy send connection 17 from local rank 3, transport 2
MOC-R4PCC04U05:489008:490144 [3] NCCL INFO Connected to proxy localRank 3 -> connection 0x7f3b08005728
MOC-R4PCC04U05:489008:490144 [3] NCCL INFO Channel 03/0 : 3[3] -> 7[3] [send] via NET/IB/1
MOC-R4PCC04U05:489005:489288 [0] NCCL INFO New proxy recv connection 18 from local rank 0, transport 0
MOC-R4PCC04U05:489005:490148 [0] NCCL INFO Connected to proxy localRank 0 -> connection 0x7f2de40057a0
MOC-R4PCC04U05:489005:489288 [0] NCCL INFO New proxy recv connection 19 from local rank 0, transport 0
MOC-R4PCC04U05:489005:490148 [0] NCCL INFO Connected to proxy localRank 0 -> connection 0x7f2de4005818
MOC-R4PCC04U05:489005:489288 [0] NCCL INFO New proxy recv connection 20 from local rank 0, transport 0
MOC-R4PCC04U05:489005:490148 [0] NCCL INFO Connected to proxy localRank 0 -> connection 0x7f2de4005890
MOC-R4PCC04U05:489008:490144 [3] NCCL INFO GPU Direct RDMA Disabled for GPU 3 / HCA 1 (distance 7 > 0)
MOC-R4PCC04U05:489008:489284 [3] NCCL INFO New proxy recv connection 18 from local rank 3, transport 2
MOC-R4PCC04U05:489008:490144 [3] NCCL INFO Connected to proxy localRank 3 -> connection 0x7f3b080057a0
MOC-R4PCC04U05:489008:490144 [3] NCCL INFO Channel 02/0 : 7[3] -> 3[3] [receive] via NET/IB/1
MOC-R4PCC04U05:489008:490144 [3] NCCL INFO GPU Direct RDMA Disabled for GPU 3 / HCA 1 (distance 7 > 0)
MOC-R4PCC04U05:489008:489284 [3] NCCL INFO New proxy recv connection 19 from local rank 3, transport 2
MOC-R4PCC04U05:489008:490144 [3] NCCL INFO Connected to proxy localRank 3 -> connection 0x7f3b08005818
MOC-R4PCC04U05:489008:490144 [3] NCCL INFO Channel 03/0 : 7[3] -> 3[3] [receive] via NET/IB/1
MOC-R4PCC04U05:489008:490144 [3] NCCL INFO GPU Direct RDMA Disabled for GPU 3 / HCA 1 (distance 7 > 0)
MOC-R4PCC04U05:489008:489284 [3] NCCL INFO New proxy send connection 20 from local rank 3, transport 2
MOC-R4PCC04U05:489008:490144 [3] NCCL INFO Connected to proxy localRank 3 -> connection 0x7f3b08005890
MOC-R4PCC04U05:489008:490144 [3] NCCL INFO Channel 00/0 : 3[3] -> 11[3] [send] via NET/IB/1
MOC-R4PCC04U05:489008:490144 [3] NCCL INFO GPU Direct RDMA Disabled for GPU 3 / HCA 1 (distance 7 > 0)
MOC-R4PCC04U05:489008:489284 [3] NCCL INFO New proxy send connection 21 from local rank 3, transport 2
MOC-R4PCC04U05:489008:490144 [3] NCCL INFO Connected to proxy localRank 3 -> connection 0x7f3b08005908
MOC-R4PCC04U05:489008:490144 [3] NCCL INFO Channel 01/0 : 3[3] -> 11[3] [send] via NET/IB/1
MOC-R4PCC04U05:489008:490144 [3] NCCL INFO GPU Direct RDMA Disabled for GPU 3 / HCA 1 (distance 7 > 0)
MOC-R4PCC04U05:489008:489284 [3] NCCL INFO New proxy send connection 22 from local rank 3, transport 2
MOC-R4PCC04U05:489008:490144 [3] NCCL INFO Connected to proxy localRank 3 -> connection 0x7f3b08005980
MOC-R4PCC04U05:489008:490144 [3] NCCL INFO Channel 02/0 : 3[3] -> 11[3] [send] via NET/IB/1
MOC-R4PCC04U05:489008:490144 [3] NCCL INFO GPU Direct RDMA Disabled for GPU 3 / HCA 1 (distance 7 > 0)
MOC-R4PCC04U05:489008:489284 [3] NCCL INFO New proxy send connection 23 from local rank 3, transport 2
MOC-R4PCC04U05:489008:490144 [3] NCCL INFO Connected to proxy localRank 3 -> connection 0x7f3b080059f8
MOC-R4PCC04U05:489008:490144 [3] NCCL INFO Channel 03/0 : 3[3] -> 11[3] [send] via NET/IB/1
MOC-R4PCC04U05:489008:489284 [3] NCCL INFO New proxy send connection 24 from local rank 3, transport 0
MOC-R4PCC04U05:489008:490144 [3] NCCL INFO Connected to proxy localRank 3 -> connection 0x7f3b08005a70
MOC-R4PCC04U05:489008:489284 [3] NCCL INFO New proxy send connection 25 from local rank 3, transport 0
MOC-R4PCC04U05:489008:490144 [3] NCCL INFO Connected to proxy localRank 3 -> connection 0x7f3b08005ae8
MOC-R4PCC04U05:489008:489284 [3] NCCL INFO New proxy send connection 26 from local rank 3, transport 0
MOC-R4PCC04U05:489008:490144 [3] NCCL INFO Connected to proxy localRank 3 -> connection 0x7f3b08005b60
MOC-R4PCC04U05:489008:489284 [3] NCCL INFO New proxy send connection 27 from local rank 3, transport 0
MOC-R4PCC04U05:489008:490144 [3] NCCL INFO Connected to proxy localRank 3 -> connection 0x7f3b08005bd8
MOC-R4PCC04U05:489008:489284 [3] NCCL INFO NET/IB: NCCL Dev 1 IbDev 0 Port 1 qpn 7394 mtu 3 query_ece={supported=1, vendor_id=0x15b3, options=0x30000002, comp_mask=0x0} GID 3 (0/C132A8C0FFFF0000) fifoRkey=0x17bf7e fifoLkey=0x17bf7e
MOC-R4PCC04U05:489008:489284 [3] NCCL INFO NET/IB: NCCL Dev 1 IbDev 0 Port 1 qpn 7395 mtu 3 query_ece={supported=1, vendor_id=0x15b3, options=0x30000002, comp_mask=0x0} GID 3 (0/C132A8C0FFFF0000) fifoRkey=0x17601f fifoLkey=0x17601f
MOC-R4PCC04U05:489008:489284 [3] NCCL INFO NET/IB: IbDev 0 Port 1 qpn 7562 set_ece={supported=1, vendor_id=0x15b3, options=0x0, comp_mask=0x0}
MOC-R4PCC04U05:489008:489284 [3] NCCL INFO NET/IB: IbDev 0 Port 1 qpn 7564 set_ece={supported=1, vendor_id=0x15b3, options=0x0, comp_mask=0x0}
MOC-R4PCC04U05:489008:489284 [3] NCCL INFO NET/IB: NCCL Dev 1 IbDev 0 Port 1 qpn 7396 mtu 3 query_ece={supported=1, vendor_id=0x15b3, options=0x30000002, comp_mask=0x0} GID 3 (0/C132A8C0FFFF0000) fifoRkey=0x174705 fifoLkey=0x174705
MOC-R4PCC04U05:489008:489284 [3] NCCL INFO NET/IB: NCCL Dev 1 IbDev 0 Port 1 qpn 7397 mtu 3 query_ece={supported=1, vendor_id=0x15b3, options=0x30000002, comp_mask=0x0} GID 3 (0/C132A8C0FFFF0000) fifoRkey=0x17d796 fifoLkey=0x17d796
MOC-R4PCC04U05:489008:489284 [3] NCCL INFO NET/IB: NCCL Dev 1 IbDev 0 Port 1 qpn 7398 mtu 3 query_ece={supported=1, vendor_id=0x15b3, options=0x30000002, comp_mask=0x0} GID 3 (0/C132A8C0FFFF0000) fifoRkey=0x17e1a0 fifoLkey=0x17e1a0
MOC-R4PCC04U05:489008:489284 [3] NCCL INFO NET/IB: NCCL Dev 1 IbDev 0 Port 1 qpn 7401 mtu 3 query_ece={supported=1, vendor_id=0x15b3, options=0x30000002, comp_mask=0x0} GID 3 (0/C132A8C0FFFF0000) fifoRkey=0x172eed fifoLkey=0x172eed
MOC-R4PCC04U05:489008:489284 [3] NCCL INFO NET/IB: IbDev 0 Port 1 qpn 3309 set_ece={supported=1, vendor_id=0x15b3, options=0x0, comp_mask=0x0}
MOC-R4PCC04U05:489008:489284 [3] NCCL INFO NET/IB: IbDev 0 Port 1 qpn 3311 set_ece={supported=1, vendor_id=0x15b3, options=0x0, comp_mask=0x0}
MOC-R4PCC04U05:489008:489284 [3] NCCL INFO NET/IB: IbDev 0 Port 1 qpn 3313 set_ece={supported=1, vendor_id=0x15b3, options=0x0, comp_mask=0x0}
MOC-R4PCC04U05:489008:489284 [3] NCCL INFO NET/IB: IbDev 0 Port 1 qpn 3315 set_ece={supported=1, vendor_id=0x15b3, options=0x0, comp_mask=0x0}
step    1/10 | train loss 11.010138 | norm 15.3935 | lr 1.00e-04 | (14265.98 ms | 110253 tok/s)
step    2/10 | train loss 10.136944 | norm 5.7599 | lr 1.00e-04 | (350.32 ms | 4489776 tok/s)
step    3/10 | train loss 9.795642 | norm 2.6109 | lr 1.00e-04 | (352.20 ms | 4465820 tok/s)
step    4/10 | train loss 9.625734 | norm 2.1127 | lr 1.00e-04 | (352.97 ms | 4456037 tok/s)
step    5/10 | train loss 9.542717 | norm 2.1073 | lr 1.00e-04 | (350.32 ms | 4489837 tok/s)
step    6/10 | train loss 9.461399 | norm 1.9982 | lr 1.00e-04 | (349.16 ms | 4504718 tok/s)
step    7/10 | train loss 9.375809 | norm 1.9481 | lr 1.00e-04 | (355.58 ms | 4423413 tok/s)
step    8/10 | train loss 9.284138 | norm 1.9149 | lr 1.00e-04 | (355.54 ms | 4423861 tok/s)
step    9/10 | train loss 9.188795 | norm 1.8598 | lr 1.00e-04 | (353.81 ms | 4445519 tok/s)
step   10/10 | train loss 9.103304 | norm 1.7929 | lr 1.00e-04 | (357.22 ms | 4403081 tok/s)
final 9 iters avg: 353.013ms
peak memory consumption: 16601 MiB
