Running pytorch 2.7.0+cu126
using device: cuda:0
total desired batch size: 1572864
=> calculated gradient accumulation steps: 3
using device: cuda:2
using device: cuda:1
using device: cuda:3
compiling the model...
DataLoader: total number of tokens: 1,661,249,667 across 103 files
MOC-R4PCC04U05:657662:657662 [0] NCCL INFO NCCL_SOCKET_IFNAME set to eno7np0
MOC-R4PCC04U05:657662:657662 [0] NCCL INFO NCCL version 2.26.2+cuda12.2
MOC-R4PCC04U05:657662:657766 [0] NCCL INFO NET/Plugin: Could not find: libnccl-net.so. Using internal net plugin.
MOC-R4PCC04U05:657662:657766 [0] NCCL INFO NCCL_IB_HCA set to mlx5_5
MOC-R4PCC04U05:657663:657663 [1] NCCL INFO NCCL_SOCKET_IFNAME set to eno7np0
MOC-R4PCC04U05:657663:657663 [1] NCCL INFO NCCL version 2.26.2+cuda12.2
MOC-R4PCC04U05:657662:657766 [0] NCCL INFO NET/IB : Made virtual device [0] name=mlx5_5 speed=400000 ndevs=1
MOC-R4PCC04U05:657662:657766 [0] NCCL INFO NET/IB : Using [0]mlx5_5:1/RoCE [RO]; OOB eno7np0:192.168.50.193<0>
MOC-R4PCC04U05:657664:657664 [2] NCCL INFO NCCL_SOCKET_IFNAME set to eno7np0
MOC-R4PCC04U05:657664:657664 [2] NCCL INFO NCCL version 2.26.2+cuda12.2
MOC-R4PCC04U05:657665:657665 [3] NCCL INFO NCCL_SOCKET_IFNAME set to eno7np0
MOC-R4PCC04U05:657665:657665 [3] NCCL INFO NCCL version 2.26.2+cuda12.2
MOC-R4PCC04U05:657663:657788 [1] NCCL INFO NET/Plugin: Could not find: libnccl-net.so. Using internal net plugin.
MOC-R4PCC04U05:657663:657788 [1] NCCL INFO NCCL_IB_HCA set to mlx5_5
MOC-R4PCC04U05:657663:657788 [1] NCCL INFO NET/IB : Made virtual device [0] name=mlx5_5 speed=400000 ndevs=1
MOC-R4PCC04U05:657663:657788 [1] NCCL INFO NET/IB : Using [0]mlx5_5:1/RoCE [RO]; OOB eno7np0:192.168.50.193<0>
MOC-R4PCC04U05:657664:657790 [2] NCCL INFO NET/Plugin: Could not find: libnccl-net.so. Using internal net plugin.
MOC-R4PCC04U05:657664:657790 [2] NCCL INFO NCCL_IB_HCA set to mlx5_5
MOC-R4PCC04U05:657665:657791 [3] NCCL INFO NET/Plugin: Could not find: libnccl-net.so. Using internal net plugin.
MOC-R4PCC04U05:657665:657791 [3] NCCL INFO NCCL_IB_HCA set to mlx5_5
MOC-R4PCC04U05:657664:657790 [2] NCCL INFO NET/IB : Made virtual device [0] name=mlx5_5 speed=400000 ndevs=1
MOC-R4PCC04U05:657664:657790 [2] NCCL INFO NET/IB : Using [0]mlx5_5:1/RoCE [RO]; OOB eno7np0:192.168.50.193<0>
MOC-R4PCC04U05:657665:657791 [3] NCCL INFO NET/IB : Made virtual device [0] name=mlx5_5 speed=400000 ndevs=1
MOC-R4PCC04U05:657665:657791 [3] NCCL INFO NET/IB : Using [0]mlx5_5:1/RoCE [RO]; OOB eno7np0:192.168.50.193<0>
MOC-R4PCC04U05:657664:657790 [2] NCCL INFO NET/IB : GPU Direct RDMA Enabled for HCA 0 'mlx5_5'
MOC-R4PCC04U05:657664:657790 [2] NCCL INFO NET/IB : Made virtual device [1] name=mlx5_5 speed=400000 ndevs=1
MOC-R4PCC04U05:657664:657790 [2] NCCL INFO NET/IB : GPU Direct RDMA Enabled for HCA 0 'mlx5_5'
MOC-R4PCC04U05:657664:657790 [2] NCCL INFO NET/IB : GPU Direct RDMA Enabled for HCA 1 'mlx5_5'
MOC-R4PCC04U05:657665:657791 [3] NCCL INFO NET/IB : GPU Direct RDMA Enabled for HCA 0 'mlx5_5'
MOC-R4PCC04U05:657665:657791 [3] NCCL INFO NET/IB : Made virtual device [1] name=mlx5_5 speed=400000 ndevs=1
MOC-R4PCC04U05:657665:657791 [3] NCCL INFO NET/IB : GPU Direct RDMA Enabled for HCA 0 'mlx5_5'
MOC-R4PCC04U05:657665:657791 [3] NCCL INFO NET/IB : GPU Direct RDMA Enabled for HCA 1 'mlx5_5'
MOC-R4PCC04U05:657662:657766 [0] NCCL INFO NET/IB : GPU Direct RDMA Enabled for HCA 0 'mlx5_5'
MOC-R4PCC04U05:657662:657766 [0] NCCL INFO NET/IB : Made virtual device [1] name=mlx5_5 speed=400000 ndevs=1
MOC-R4PCC04U05:657662:657766 [0] NCCL INFO NET/IB : GPU Direct RDMA Enabled for HCA 0 'mlx5_5'
MOC-R4PCC04U05:657662:657766 [0] NCCL INFO NET/IB : GPU Direct RDMA Enabled for HCA 1 'mlx5_5'
MOC-R4PCC04U05:657663:657788 [1] NCCL INFO NET/IB : GPU Direct RDMA Enabled for HCA 0 'mlx5_5'
MOC-R4PCC04U05:657663:657788 [1] NCCL INFO NET/IB : Made virtual device [1] name=mlx5_5 speed=400000 ndevs=1
MOC-R4PCC04U05:657663:657788 [1] NCCL INFO NET/IB : GPU Direct RDMA Enabled for HCA 0 'mlx5_5'
MOC-R4PCC04U05:657663:657788 [1] NCCL INFO NET/IB : GPU Direct RDMA Enabled for HCA 1 'mlx5_5'
MOC-R4PCC04U05:657663:657788 [1] NCCL INFO NCCL_NET_GDR_LEVEL set by environment to LOC
MOC-R4PCC04U05:657663:657788 [1] NCCL INFO GPU Direct RDMA Disabled for GPU 0 / HCA 1 (distance 5 > 0)
MOC-R4PCC04U05:657663:657788 [1] NCCL INFO GPU Direct RDMA Disabled for GPU 1 / HCA 1 (distance 5 > 0)
MOC-R4PCC04U05:657663:657788 [1] NCCL INFO GPU Direct RDMA Disabled for GPU 2 / HCA 1 (distance 5 > 0)
MOC-R4PCC04U05:657662:657766 [0] NCCL INFO NCCL_NET_GDR_LEVEL set by environment to LOC
MOC-R4PCC04U05:657662:657766 [0] NCCL INFO GPU Direct RDMA Disabled for GPU 0 / HCA 1 (distance 5 > 0)
MOC-R4PCC04U05:657662:657766 [0] NCCL INFO GPU Direct RDMA Disabled for GPU 1 / HCA 1 (distance 5 > 0)
MOC-R4PCC04U05:657662:657766 [0] NCCL INFO GPU Direct RDMA Disabled for GPU 2 / HCA 1 (distance 5 > 0)
MOC-R4PCC04U05:657663:657788 [1] NCCL INFO GPU Direct RDMA Disabled for GPU 0 / HCA 1 (distance 5 > 0)
MOC-R4PCC04U05:657663:657788 [1] NCCL INFO GPU Direct RDMA Disabled for GPU 1 / HCA 1 (distance 5 > 0)
MOC-R4PCC04U05:657663:657788 [1] NCCL INFO GPU Direct RDMA Disabled for GPU 2 / HCA 1 (distance 5 > 0)
MOC-R4PCC04U05:657662:657766 [0] NCCL INFO GPU Direct RDMA Disabled for GPU 0 / HCA 1 (distance 5 > 0)
MOC-R4PCC04U05:657662:657766 [0] NCCL INFO GPU Direct RDMA Disabled for GPU 1 / HCA 1 (distance 5 > 0)
MOC-R4PCC04U05:657662:657766 [0] NCCL INFO GPU Direct RDMA Disabled for GPU 2 / HCA 1 (distance 5 > 0)
MOC-R4PCC04U05:657665:657791 [3] NCCL INFO NCCL_NET_GDR_LEVEL set by environment to LOC
MOC-R4PCC04U05:657665:657791 [3] NCCL INFO GPU Direct RDMA Disabled for GPU 0 / HCA 1 (distance 5 > 0)
MOC-R4PCC04U05:657665:657791 [3] NCCL INFO GPU Direct RDMA Disabled for GPU 1 / HCA 1 (distance 5 > 0)
MOC-R4PCC04U05:657665:657791 [3] NCCL INFO GPU Direct RDMA Disabled for GPU 2 / HCA 1 (distance 5 > 0)
MOC-R4PCC04U05:657665:657791 [3] NCCL INFO GPU Direct RDMA Disabled for GPU 0 / HCA 1 (distance 5 > 0)
MOC-R4PCC04U05:657665:657791 [3] NCCL INFO GPU Direct RDMA Disabled for GPU 1 / HCA 1 (distance 5 > 0)
MOC-R4PCC04U05:657665:657791 [3] NCCL INFO GPU Direct RDMA Disabled for GPU 2 / HCA 1 (distance 5 > 0)
MOC-R4PCC04U05:657664:657790 [2] NCCL INFO NCCL_NET_GDR_LEVEL set by environment to LOC
MOC-R4PCC04U05:657664:657790 [2] NCCL INFO GPU Direct RDMA Disabled for GPU 0 / HCA 1 (distance 5 > 0)
MOC-R4PCC04U05:657664:657790 [2] NCCL INFO GPU Direct RDMA Disabled for GPU 1 / HCA 1 (distance 5 > 0)
MOC-R4PCC04U05:657664:657790 [2] NCCL INFO GPU Direct RDMA Disabled for GPU 2 / HCA 1 (distance 5 > 0)
MOC-R4PCC04U05:657664:657790 [2] NCCL INFO GPU Direct RDMA Disabled for GPU 0 / HCA 1 (distance 5 > 0)
MOC-R4PCC04U05:657664:657790 [2] NCCL INFO GPU Direct RDMA Disabled for GPU 1 / HCA 1 (distance 5 > 0)
MOC-R4PCC04U05:657664:657790 [2] NCCL INFO GPU Direct RDMA Disabled for GPU 2 / HCA 1 (distance 5 > 0)
MOC-R4PCC04U05:657663:657803 [1] NCCL INFO New proxy recv connection 0 from local rank 1, transport 0
MOC-R4PCC04U05:657663:657811 [1] NCCL INFO Connected to proxy localRank 1 -> connection 0x7f5d20004f30
MOC-R4PCC04U05:657663:657803 [1] NCCL INFO New proxy recv connection 1 from local rank 1, transport 0
MOC-R4PCC04U05:657663:657811 [1] NCCL INFO Connected to proxy localRank 1 -> connection 0x7f5d20004fa8
MOC-R4PCC04U05:657665:657806 [3] NCCL INFO New proxy recv connection 0 from local rank 3, transport 0
MOC-R4PCC04U05:657665:657812 [3] NCCL INFO Connected to proxy localRank 3 -> connection 0x7faba4004f30
MOC-R4PCC04U05:657665:657806 [3] NCCL INFO New proxy recv connection 1 from local rank 3, transport 0
MOC-R4PCC04U05:657665:657812 [3] NCCL INFO Connected to proxy localRank 3 -> connection 0x7faba4004fa8
MOC-R4PCC04U05:657665:657812 [3] NCCL INFO GPU Direct RDMA Disabled for GPU 3 / HCA 1 (distance 7 > 0)
MOC-R4PCC04U05:657662:657808 [0] NCCL INFO New proxy send connection 0 from local rank 0, transport 0
MOC-R4PCC04U05:657662:657813 [0] NCCL INFO Connected to proxy localRank 0 -> connection 0x7fdc50004f30
MOC-R4PCC04U05:657662:657808 [0] NCCL INFO New proxy send connection 1 from local rank 0, transport 0
MOC-R4PCC04U05:657662:657813 [0] NCCL INFO Connected to proxy localRank 0 -> connection 0x7fdc50004fa8
MOC-R4PCC04U05:657664:657804 [2] NCCL INFO New proxy recv connection 0 from local rank 2, transport 0
MOC-R4PCC04U05:657664:657814 [2] NCCL INFO Connected to proxy localRank 2 -> connection 0x7f9e08004f30
MOC-R4PCC04U05:657664:657804 [2] NCCL INFO New proxy recv connection 1 from local rank 2, transport 0
MOC-R4PCC04U05:657664:657814 [2] NCCL INFO Connected to proxy localRank 2 -> connection 0x7f9e08004fa8
MOC-R4PCC04U05:657665:657806 [3] NCCL INFO New proxy send connection 2 from local rank 3, transport 2
MOC-R4PCC04U05:657665:657812 [3] NCCL INFO Connected to proxy localRank 3 -> connection 0x7faba4005020
MOC-R4PCC04U05:657665:657812 [3] NCCL INFO Channel 00/0 : 3[3] -> 6[2] [send] via NET/IB/1
MOC-R4PCC04U05:657665:657812 [3] NCCL INFO GPU Direct RDMA Disabled for GPU 3 / HCA 1 (distance 7 > 0)
MOC-R4PCC04U05:657665:657806 [3] NCCL INFO New proxy send connection 3 from local rank 3, transport 2
MOC-R4PCC04U05:657665:657812 [3] NCCL INFO Connected to proxy localRank 3 -> connection 0x7faba4005098
MOC-R4PCC04U05:657665:657812 [3] NCCL INFO Channel 02/0 : 3[3] -> 6[2] [send] via NET/IB/1
MOC-R4PCC04U05:657664:657814 [2] NCCL INFO GPU Direct RDMA Disabled for GPU 2 / HCA 1 (distance 7 > 0)
MOC-R4PCC04U05:657662:657808 [0] NCCL INFO New proxy send connection 2 from local rank 0, transport 0
MOC-R4PCC04U05:657662:657813 [0] NCCL INFO Connected to proxy localRank 0 -> connection 0x7fdc50005020
MOC-R4PCC04U05:657662:657808 [0] NCCL INFO New proxy send connection 3 from local rank 0, transport 0
MOC-R4PCC04U05:657662:657813 [0] NCCL INFO Connected to proxy localRank 0 -> connection 0x7fdc50005098
MOC-R4PCC04U05:657662:657808 [0] NCCL INFO New proxy recv connection 4 from local rank 0, transport 0
MOC-R4PCC04U05:657662:657813 [0] NCCL INFO Connected to proxy localRank 0 -> connection 0x7fdc50005110
MOC-R4PCC04U05:657662:657808 [0] NCCL INFO New proxy recv connection 5 from local rank 0, transport 0
MOC-R4PCC04U05:657662:657813 [0] NCCL INFO Connected to proxy localRank 0 -> connection 0x7fdc50005188
MOC-R4PCC04U05:657664:657804 [2] NCCL INFO New proxy recv connection 2 from local rank 2, transport 2
MOC-R4PCC04U05:657664:657814 [2] NCCL INFO Connected to proxy localRank 2 -> connection 0x7f9e08005020
MOC-R4PCC04U05:657664:657814 [2] NCCL INFO Channel 00/0 : 15[3] -> 2[2] [receive] via NET/IB/1
MOC-R4PCC04U05:657664:657814 [2] NCCL INFO GPU Direct RDMA Disabled for GPU 2 / HCA 1 (distance 7 > 0)
MOC-R4PCC04U05:657664:657804 [2] NCCL INFO New proxy recv connection 3 from local rank 2, transport 2
MOC-R4PCC04U05:657664:657814 [2] NCCL INFO Connected to proxy localRank 2 -> connection 0x7f9e08005098
MOC-R4PCC04U05:657664:657814 [2] NCCL INFO Channel 02/0 : 15[3] -> 2[2] [receive] via NET/IB/1
MOC-R4PCC04U05:657662:657808 [0] NCCL INFO New proxy recv connection 6 from local rank 0, transport 0
MOC-R4PCC04U05:657662:657813 [0] NCCL INFO Connected to proxy localRank 0 -> connection 0x7fdc50005200
MOC-R4PCC04U05:657662:657808 [0] NCCL INFO New proxy recv connection 7 from local rank 0, transport 0
MOC-R4PCC04U05:657662:657813 [0] NCCL INFO Connected to proxy localRank 0 -> connection 0x7fdc50005278
MOC-R4PCC04U05:657664:657814 [2] NCCL INFO GPU Direct RDMA Disabled for GPU 2 / HCA 1 (distance 7 > 0)
MOC-R4PCC04U05:657664:657804 [2] NCCL INFO New proxy send connection 4 from local rank 2, transport 2
MOC-R4PCC04U05:657664:657814 [2] NCCL INFO Connected to proxy localRank 2 -> connection 0x7f9e08005110
MOC-R4PCC04U05:657664:657814 [2] NCCL INFO Channel 01/0 : 2[2] -> 7[3] [send] via NET/IB/1
MOC-R4PCC04U05:657664:657814 [2] NCCL INFO GPU Direct RDMA Disabled for GPU 2 / HCA 1 (distance 7 > 0)
MOC-R4PCC04U05:657664:657804 [2] NCCL INFO New proxy send connection 5 from local rank 2, transport 2
MOC-R4PCC04U05:657664:657814 [2] NCCL INFO Connected to proxy localRank 2 -> connection 0x7f9e08005188
MOC-R4PCC04U05:657664:657814 [2] NCCL INFO Channel 03/0 : 2[2] -> 7[3] [send] via NET/IB/1
MOC-R4PCC04U05:657664:657804 [2] NCCL INFO New proxy send connection 6 from local rank 2, transport 0
MOC-R4PCC04U05:657664:657814 [2] NCCL INFO Connected to proxy localRank 2 -> connection 0x7f9e08005200
MOC-R4PCC04U05:657664:657804 [2] NCCL INFO New proxy send connection 7 from local rank 2, transport 0
MOC-R4PCC04U05:657664:657814 [2] NCCL INFO Connected to proxy localRank 2 -> connection 0x7f9e08005278
MOC-R4PCC04U05:657665:657812 [3] NCCL INFO GPU Direct RDMA Disabled for GPU 3 / HCA 1 (distance 7 > 0)
MOC-R4PCC04U05:657665:657806 [3] NCCL INFO New proxy recv connection 4 from local rank 3, transport 2
MOC-R4PCC04U05:657665:657812 [3] NCCL INFO Connected to proxy localRank 3 -> connection 0x7faba4005110
MOC-R4PCC04U05:657665:657812 [3] NCCL INFO Channel 01/0 : 14[2] -> 3[3] [receive] via NET/IB/1
MOC-R4PCC04U05:657665:657812 [3] NCCL INFO GPU Direct RDMA Disabled for GPU 3 / HCA 1 (distance 7 > 0)
MOC-R4PCC04U05:657665:657806 [3] NCCL INFO New proxy recv connection 5 from local rank 3, transport 2
MOC-R4PCC04U05:657665:657812 [3] NCCL INFO Connected to proxy localRank 3 -> connection 0x7faba4005188
MOC-R4PCC04U05:657665:657812 [3] NCCL INFO Channel 03/0 : 14[2] -> 3[3] [receive] via NET/IB/1
MOC-R4PCC04U05:657665:657806 [3] NCCL INFO New proxy send connection 6 from local rank 3, transport 0
MOC-R4PCC04U05:657665:657812 [3] NCCL INFO Connected to proxy localRank 3 -> connection 0x7faba4005200
MOC-R4PCC04U05:657665:657806 [3] NCCL INFO New proxy send connection 7 from local rank 3, transport 0
MOC-R4PCC04U05:657665:657812 [3] NCCL INFO Connected to proxy localRank 3 -> connection 0x7faba4005278
MOC-R4PCC04U05:657663:657803 [1] NCCL INFO New proxy recv connection 2 from local rank 1, transport 0
MOC-R4PCC04U05:657662:657808 [0] NCCL INFO New proxy send connection 8 from local rank 3, transport 0
MOC-R4PCC04U05:657663:657811 [1] NCCL INFO Connected to proxy localRank 1 -> connection 0x7f5d20005020
MOC-R4PCC04U05:657665:657812 [3] NCCL INFO Connected to proxy localRank 0 -> connection 0x7fdc500052f0
MOC-R4PCC04U05:657663:657803 [1] NCCL INFO New proxy recv connection 3 from local rank 1, transport 0
MOC-R4PCC04U05:657663:657811 [1] NCCL INFO Connected to proxy localRank 1 -> connection 0x7f5d20005098
MOC-R4PCC04U05:657663:657803 [1] NCCL INFO New proxy send connection 4 from local rank 1, transport 0
MOC-R4PCC04U05:657663:657811 [1] NCCL INFO Connected to proxy localRank 1 -> connection 0x7f5d20005110
MOC-R4PCC04U05:657663:657803 [1] NCCL INFO New proxy send connection 5 from local rank 1, transport 0
MOC-R4PCC04U05:657663:657811 [1] NCCL INFO Connected to proxy localRank 1 -> connection 0x7f5d20005188
MOC-R4PCC04U05:657663:657803 [1] NCCL INFO New proxy send connection 6 from local rank 1, transport 0
MOC-R4PCC04U05:657663:657803 [1] NCCL INFO New proxy send connection 7 from local rank 3, transport 0
MOC-R4PCC04U05:657663:657811 [1] NCCL INFO Connected to proxy localRank 1 -> connection 0x7f5d20005200
MOC-R4PCC04U05:657665:657812 [3] NCCL INFO Connected to proxy localRank 1 -> connection 0x7f5d20005278
MOC-R4PCC04U05:657663:657803 [1] NCCL INFO New proxy send connection 8 from local rank 1, transport 0
MOC-R4PCC04U05:657663:657811 [1] NCCL INFO Connected to proxy localRank 1 -> connection 0x7f5d200052f0
MOC-R4PCC04U05:657665:657806 [3] NCCL INFO New proxy send connection 8 from local rank 1, transport 0
MOC-R4PCC04U05:657662:657808 [0] NCCL INFO New proxy send connection 9 from local rank 2, transport 0
MOC-R4PCC04U05:657663:657811 [1] NCCL INFO Connected to proxy localRank 3 -> connection 0x7faba40052f0
MOC-R4PCC04U05:657664:657814 [2] NCCL INFO Connected to proxy localRank 0 -> connection 0x7fdc50005368
MOC-R4PCC04U05:657664:657804 [2] NCCL INFO New proxy send connection 8 from local rank 0, transport 0
MOC-R4PCC04U05:657662:657813 [0] NCCL INFO Connected to proxy localRank 2 -> connection 0x7f9e080052f0
MOC-R4PCC04U05:657663:657803 [1] NCCL INFO New proxy send connection 9 from local rank 2, transport 0
MOC-R4PCC04U05:657664:657814 [2] NCCL INFO Connected to proxy localRank 1 -> connection 0x7f5d20005368
MOC-R4PCC04U05:657664:657804 [2] NCCL INFO NET/IB: NCCL Dev 1 IbDev 0 Port 1 qpn 10780 mtu 3 query_ece={supported=1, vendor_id=0x15b3, options=0x30000002, comp_mask=0x0} GID 3 (0/C132A8C0FFFF0000) fifoRkey=0x17b372 fifoLkey=0x17b372
MOC-R4PCC04U05:657662:657808 [0] NCCL INFO New proxy send connection 10 from local rank 1, transport 0
MOC-R4PCC04U05:657663:657811 [1] NCCL INFO Connected to proxy localRank 0 -> connection 0x7fdc500053e0
MOC-R4PCC04U05:657665:657806 [3] NCCL INFO NET/IB: NCCL Dev 1 IbDev 0 Port 1 qpn 10784 mtu 3 query_ece={supported=1, vendor_id=0x15b3, options=0x30000002, comp_mask=0x0} GID 3 (0/C132A8C0FFFF0000) fifoRkey=0x17e1a0 fifoLkey=0x17e1a0
MOC-R4PCC04U05:657665:657806 [3] NCCL INFO NET/IB: NCCL Dev 1 IbDev 0 Port 1 qpn 10786 mtu 3 query_ece={supported=1, vendor_id=0x15b3, options=0x30000002, comp_mask=0x0} GID 3 (0/C132A8C0FFFF0000) fifoRkey=0x174705 fifoLkey=0x174705
MOC-R4PCC04U05:657664:657804 [2] NCCL INFO NET/IB: NCCL Dev 1 IbDev 0 Port 1 qpn 10789 mtu 3 query_ece={supported=1, vendor_id=0x15b3, options=0x30000002, comp_mask=0x0} GID 3 (0/C132A8C0FFFF0000) fifoRkey=0x179c5b fifoLkey=0x179c5b
MOC-R4PCC04U05:657664:657804 [2] NCCL INFO NET/IB: IbDev 0 Port 1 qpn 10670 set_ece={supported=1, vendor_id=0x15b3, options=0x0, comp_mask=0x0}
MOC-R4PCC04U05:657665:657806 [3] NCCL INFO NET/IB: IbDev 0 Port 1 qpn 10672 set_ece={supported=1, vendor_id=0x15b3, options=0x0, comp_mask=0x0}
MOC-R4PCC04U05:657665:657806 [3] NCCL INFO NET/IB: IbDev 0 Port 1 qpn 10676 set_ece={supported=1, vendor_id=0x15b3, options=0x0, comp_mask=0x0}
MOC-R4PCC04U05:657665:657806 [3] NCCL INFO New proxy send connection 9 from local rank 0, transport 0
MOC-R4PCC04U05:657662:657813 [0] NCCL INFO Connected to proxy localRank 3 -> connection 0x7faba4005368
MOC-R4PCC04U05:657664:657804 [2] NCCL INFO NET/IB: IbDev 0 Port 1 qpn 10678 set_ece={supported=1, vendor_id=0x15b3, options=0x0, comp_mask=0x0}
MOC-R4PCC04U05:657664:657804 [2] NCCL INFO New proxy send connection 9 from local rank 1, transport 0
MOC-R4PCC04U05:657663:657811 [1] NCCL INFO Connected to proxy localRank 2 -> connection 0x7f9e08005368
MOC-R4PCC04U05:657663:657803 [1] NCCL INFO New proxy send connection 10 from local rank 0, transport 0
MOC-R4PCC04U05:657662:657813 [0] NCCL INFO Connected to proxy localRank 1 -> connection 0x7f5d200053e0
num decayed parameter tensors: 50, with 124,318,464 parameters
num non-decayed parameter tensors: 98, with 121,344 parameters
using fused AdamW: False
using regular AdamW
MOC-R4PCC04U05:657664:657804 [2] NCCL INFO New proxy recv connection 10 from local rank 2, transport 0
MOC-R4PCC04U05:657664:658508 [2] NCCL INFO Connected to proxy localRank 2 -> connection 0x7f9e080053e0
MOC-R4PCC04U05:657664:657804 [2] NCCL INFO New proxy recv connection 11 from local rank 2, transport 0
MOC-R4PCC04U05:657664:658508 [2] NCCL INFO Connected to proxy localRank 2 -> connection 0x7f9e08005458
MOC-R4PCC04U05:657664:657804 [2] NCCL INFO New proxy recv connection 12 from local rank 2, transport 0
MOC-R4PCC04U05:657664:658508 [2] NCCL INFO Connected to proxy localRank 2 -> connection 0x7f9e080054d0
MOC-R4PCC04U05:657664:657804 [2] NCCL INFO New proxy recv connection 13 from local rank 2, transport 0
MOC-R4PCC04U05:657664:658508 [2] NCCL INFO Connected to proxy localRank 2 -> connection 0x7f9e08005548
MOC-R4PCC04U05:657662:657808 [0] NCCL INFO New proxy send connection 11 from local rank 0, transport 0
MOC-R4PCC04U05:657662:658509 [0] NCCL INFO Connected to proxy localRank 0 -> connection 0x7fdc50005458
MOC-R4PCC04U05:657662:657808 [0] NCCL INFO New proxy send connection 12 from local rank 0, transport 0
MOC-R4PCC04U05:657662:658509 [0] NCCL INFO Connected to proxy localRank 0 -> connection 0x7fdc500054d0
MOC-R4PCC04U05:657662:657808 [0] NCCL INFO New proxy send connection 13 from local rank 0, transport 0
MOC-R4PCC04U05:657662:658509 [0] NCCL INFO Connected to proxy localRank 0 -> connection 0x7fdc50005548
MOC-R4PCC04U05:657662:657808 [0] NCCL INFO New proxy send connection 14 from local rank 0, transport 0
MOC-R4PCC04U05:657662:658509 [0] NCCL INFO Connected to proxy localRank 0 -> connection 0x7fdc500055c0
MOC-R4PCC04U05:657663:657803 [1] NCCL INFO New proxy recv connection 11 from local rank 1, transport 0
MOC-R4PCC04U05:657663:658510 [1] NCCL INFO Connected to proxy localRank 1 -> connection 0x7f5d20005458
MOC-R4PCC04U05:657663:657803 [1] NCCL INFO New proxy recv connection 12 from local rank 1, transport 0
MOC-R4PCC04U05:657663:658510 [1] NCCL INFO Connected to proxy localRank 1 -> connection 0x7f5d200054d0
MOC-R4PCC04U05:657663:657803 [1] NCCL INFO New proxy recv connection 13 from local rank 1, transport 0
MOC-R4PCC04U05:657663:658510 [1] NCCL INFO Connected to proxy localRank 1 -> connection 0x7f5d20005548
MOC-R4PCC04U05:657663:657803 [1] NCCL INFO New proxy recv connection 14 from local rank 1, transport 0
MOC-R4PCC04U05:657663:658510 [1] NCCL INFO Connected to proxy localRank 1 -> connection 0x7f5d200055c0
MOC-R4PCC04U05:657663:657803 [1] NCCL INFO New proxy send connection 15 from local rank 1, transport 0
MOC-R4PCC04U05:657663:658510 [1] NCCL INFO Connected to proxy localRank 1 -> connection 0x7f5d20005638
MOC-R4PCC04U05:657663:657803 [1] NCCL INFO New proxy send connection 16 from local rank 1, transport 0
MOC-R4PCC04U05:657663:658510 [1] NCCL INFO Connected to proxy localRank 1 -> connection 0x7f5d200056b0
MOC-R4PCC04U05:657663:657803 [1] NCCL INFO New proxy send connection 17 from local rank 1, transport 0
MOC-R4PCC04U05:657663:658510 [1] NCCL INFO Connected to proxy localRank 1 -> connection 0x7f5d20005728
MOC-R4PCC04U05:657663:657803 [1] NCCL INFO New proxy send connection 18 from local rank 1, transport 0
MOC-R4PCC04U05:657663:658510 [1] NCCL INFO Connected to proxy localRank 1 -> connection 0x7f5d200057a0
MOC-R4PCC04U05:657665:657806 [3] NCCL INFO New proxy recv connection 10 from local rank 3, transport 0
MOC-R4PCC04U05:657665:658511 [3] NCCL INFO Connected to proxy localRank 3 -> connection 0x7faba40053e0
MOC-R4PCC04U05:657662:657808 [0] NCCL INFO New proxy send connection 15 from local rank 0, transport 0
MOC-R4PCC04U05:657662:658509 [0] NCCL INFO Connected to proxy localRank 0 -> connection 0x7fdc50005638
MOC-R4PCC04U05:657663:657803 [1] NCCL INFO New proxy recv connection 19 from local rank 1, transport 0
MOC-R4PCC04U05:657663:658510 [1] NCCL INFO Connected to proxy localRank 1 -> connection 0x7f5d20005818
MOC-R4PCC04U05:657665:657806 [3] NCCL INFO New proxy recv connection 11 from local rank 3, transport 0
MOC-R4PCC04U05:657665:658511 [3] NCCL INFO Connected to proxy localRank 3 -> connection 0x7faba4005458
MOC-R4PCC04U05:657664:657804 [2] NCCL INFO New proxy send connection 14 from local rank 2, transport 0
MOC-R4PCC04U05:657664:658508 [2] NCCL INFO Connected to proxy localRank 2 -> connection 0x7f9e080055c0
MOC-R4PCC04U05:657663:657803 [1] NCCL INFO New proxy recv connection 20 from local rank 1, transport 0
MOC-R4PCC04U05:657663:658510 [1] NCCL INFO Connected to proxy localRank 1 -> connection 0x7f5d20005890
MOC-R4PCC04U05:657662:657808 [0] NCCL INFO New proxy send connection 16 from local rank 0, transport 0
MOC-R4PCC04U05:657662:658509 [0] NCCL INFO Connected to proxy localRank 0 -> connection 0x7fdc500056b0
MOC-R4PCC04U05:657664:657804 [2] NCCL INFO New proxy send connection 15 from local rank 2, transport 0
MOC-R4PCC04U05:657664:658508 [2] NCCL INFO Connected to proxy localRank 2 -> connection 0x7f9e08005638
MOC-R4PCC04U05:657665:658511 [3] NCCL INFO GPU Direct RDMA Disabled for GPU 3 / HCA 1 (distance 7 > 0)
MOC-R4PCC04U05:657665:657806 [3] NCCL INFO New proxy send connection 12 from local rank 3, transport 2
MOC-R4PCC04U05:657662:657808 [0] NCCL INFO New proxy recv connection 17 from local rank 0, transport 0
MOC-R4PCC04U05:657665:658511 [3] NCCL INFO Connected to proxy localRank 3 -> connection 0x7faba40054d0
MOC-R4PCC04U05:657662:658509 [0] NCCL INFO Connected to proxy localRank 0 -> connection 0x7fdc50005728
MOC-R4PCC04U05:657665:658511 [3] NCCL INFO Channel 02/0 : 3[3] -> 7[3] [send] via NET/IB/1
MOC-R4PCC04U05:657665:658511 [3] NCCL INFO GPU Direct RDMA Disabled for GPU 3 / HCA 1 (distance 7 > 0)
MOC-R4PCC04U05:657665:657806 [3] NCCL INFO New proxy send connection 13 from local rank 3, transport 2
MOC-R4PCC04U05:657665:658511 [3] NCCL INFO Connected to proxy localRank 3 -> connection 0x7faba4005548
MOC-R4PCC04U05:657665:658511 [3] NCCL INFO Channel 03/0 : 3[3] -> 7[3] [send] via NET/IB/1
MOC-R4PCC04U05:657662:657808 [0] NCCL INFO New proxy recv connection 18 from local rank 0, transport 0
MOC-R4PCC04U05:657662:658509 [0] NCCL INFO Connected to proxy localRank 0 -> connection 0x7fdc500057a0
MOC-R4PCC04U05:657662:657808 [0] NCCL INFO New proxy recv connection 19 from local rank 0, transport 0
MOC-R4PCC04U05:657662:658509 [0] NCCL INFO Connected to proxy localRank 0 -> connection 0x7fdc50005818
MOC-R4PCC04U05:657662:657808 [0] NCCL INFO New proxy recv connection 20 from local rank 0, transport 0
MOC-R4PCC04U05:657662:658509 [0] NCCL INFO Connected to proxy localRank 0 -> connection 0x7fdc50005890
MOC-R4PCC04U05:657665:658511 [3] NCCL INFO GPU Direct RDMA Disabled for GPU 3 / HCA 1 (distance 7 > 0)
MOC-R4PCC04U05:657665:657806 [3] NCCL INFO New proxy recv connection 14 from local rank 3, transport 2
MOC-R4PCC04U05:657665:658511 [3] NCCL INFO Connected to proxy localRank 3 -> connection 0x7faba40055c0
MOC-R4PCC04U05:657665:658511 [3] NCCL INFO Channel 00/0 : 11[3] -> 3[3] [receive] via NET/IB/1
MOC-R4PCC04U05:657665:658511 [3] NCCL INFO GPU Direct RDMA Disabled for GPU 3 / HCA 1 (distance 7 > 0)
MOC-R4PCC04U05:657665:657806 [3] NCCL INFO New proxy recv connection 15 from local rank 3, transport 2
MOC-R4PCC04U05:657665:658511 [3] NCCL INFO Connected to proxy localRank 3 -> connection 0x7faba4005638
MOC-R4PCC04U05:657665:658511 [3] NCCL INFO Channel 01/0 : 11[3] -> 3[3] [receive] via NET/IB/1
MOC-R4PCC04U05:657665:658511 [3] NCCL INFO GPU Direct RDMA Disabled for GPU 3 / HCA 1 (distance 7 > 0)
MOC-R4PCC04U05:657665:657806 [3] NCCL INFO New proxy send connection 16 from local rank 3, transport 2
MOC-R4PCC04U05:657665:658511 [3] NCCL INFO Connected to proxy localRank 3 -> connection 0x7faba40056b0
MOC-R4PCC04U05:657665:658511 [3] NCCL INFO Channel 00/0 : 3[3] -> 11[3] [send] via NET/IB/1
MOC-R4PCC04U05:657665:658511 [3] NCCL INFO GPU Direct RDMA Disabled for GPU 3 / HCA 1 (distance 7 > 0)
MOC-R4PCC04U05:657665:657806 [3] NCCL INFO New proxy send connection 17 from local rank 3, transport 2
MOC-R4PCC04U05:657665:658511 [3] NCCL INFO Connected to proxy localRank 3 -> connection 0x7faba4005728
MOC-R4PCC04U05:657665:658511 [3] NCCL INFO Channel 01/0 : 3[3] -> 11[3] [send] via NET/IB/1
MOC-R4PCC04U05:657665:658511 [3] NCCL INFO GPU Direct RDMA Disabled for GPU 3 / HCA 1 (distance 7 > 0)
MOC-R4PCC04U05:657665:657806 [3] NCCL INFO New proxy recv connection 18 from local rank 3, transport 2
MOC-R4PCC04U05:657665:658511 [3] NCCL INFO Connected to proxy localRank 3 -> connection 0x7faba40057a0
MOC-R4PCC04U05:657665:658511 [3] NCCL INFO Channel 02/0 : 7[3] -> 3[3] [receive] via NET/IB/1
MOC-R4PCC04U05:657665:658511 [3] NCCL INFO GPU Direct RDMA Disabled for GPU 3 / HCA 1 (distance 7 > 0)
MOC-R4PCC04U05:657665:657806 [3] NCCL INFO New proxy recv connection 19 from local rank 3, transport 2
MOC-R4PCC04U05:657665:658511 [3] NCCL INFO Connected to proxy localRank 3 -> connection 0x7faba4005818
MOC-R4PCC04U05:657665:658511 [3] NCCL INFO Channel 03/0 : 7[3] -> 3[3] [receive] via NET/IB/1
MOC-R4PCC04U05:657665:657806 [3] NCCL INFO New proxy send connection 20 from local rank 3, transport 0
MOC-R4PCC04U05:657665:658511 [3] NCCL INFO Connected to proxy localRank 3 -> connection 0x7faba4005890
MOC-R4PCC04U05:657665:657806 [3] NCCL INFO New proxy send connection 21 from local rank 3, transport 0
MOC-R4PCC04U05:657665:658511 [3] NCCL INFO Connected to proxy localRank 3 -> connection 0x7faba4005908
MOC-R4PCC04U05:657665:657806 [3] NCCL INFO New proxy send connection 22 from local rank 3, transport 0
MOC-R4PCC04U05:657665:658511 [3] NCCL INFO Connected to proxy localRank 3 -> connection 0x7faba4005980
MOC-R4PCC04U05:657665:657806 [3] NCCL INFO New proxy send connection 23 from local rank 3, transport 0
MOC-R4PCC04U05:657665:658511 [3] NCCL INFO Connected to proxy localRank 3 -> connection 0x7faba40059f8
MOC-R4PCC04U05:657665:657806 [3] NCCL INFO NET/IB: NCCL Dev 1 IbDev 0 Port 1 qpn 10790 mtu 3 query_ece={supported=1, vendor_id=0x15b3, options=0x30000002, comp_mask=0x0} GID 3 (0/C132A8C0FFFF0000) fifoRkey=0x173af9 fifoLkey=0x173af9
MOC-R4PCC04U05:657665:657806 [3] NCCL INFO NET/IB: NCCL Dev 1 IbDev 0 Port 1 qpn 10791 mtu 3 query_ece={supported=1, vendor_id=0x15b3, options=0x30000002, comp_mask=0x0} GID 3 (0/C132A8C0FFFF0000) fifoRkey=0x17601f fifoLkey=0x17601f
MOC-R4PCC04U05:657665:657806 [3] NCCL INFO NET/IB: IbDev 0 Port 1 qpn 10683 set_ece={supported=1, vendor_id=0x15b3, options=0x0, comp_mask=0x0}
MOC-R4PCC04U05:657665:657806 [3] NCCL INFO NET/IB: IbDev 0 Port 1 qpn 10685 set_ece={supported=1, vendor_id=0x15b3, options=0x0, comp_mask=0x0}
MOC-R4PCC04U05:657665:657806 [3] NCCL INFO NET/IB: NCCL Dev 1 IbDev 0 Port 1 qpn 10792 mtu 3 query_ece={supported=1, vendor_id=0x15b3, options=0x30000002, comp_mask=0x0} GID 3 (0/C132A8C0FFFF0000) fifoRkey=0x175412 fifoLkey=0x175412
MOC-R4PCC04U05:657665:657806 [3] NCCL INFO NET/IB: NCCL Dev 1 IbDev 0 Port 1 qpn 10793 mtu 3 query_ece={supported=1, vendor_id=0x15b3, options=0x30000002, comp_mask=0x0} GID 3 (0/C132A8C0FFFF0000) fifoRkey=0x17bf7e fifoLkey=0x17bf7e
MOC-R4PCC04U05:657665:657806 [3] NCCL INFO NET/IB: IbDev 0 Port 1 qpn 8140 set_ece={supported=1, vendor_id=0x15b3, options=0x0, comp_mask=0x0}
MOC-R4PCC04U05:657665:657806 [3] NCCL INFO NET/IB: IbDev 0 Port 1 qpn 8143 set_ece={supported=1, vendor_id=0x15b3, options=0x0, comp_mask=0x0}
step    1/10 | train loss 11.010139 | norm 15.4234 | lr 1.00e-04 | (14294.71 ms | 110031 tok/s)
step    2/10 | train loss 10.136946 | norm 5.7587 | lr 1.00e-04 | (287.88 ms | 5463593 tok/s)
step    3/10 | train loss 9.795471 | norm 2.6124 | lr 1.00e-04 | (286.33 ms | 5493264 tok/s)
step    4/10 | train loss 9.625648 | norm 2.1154 | lr 1.00e-04 | (284.35 ms | 5531480 tok/s)
step    5/10 | train loss 9.542587 | norm 2.1031 | lr 1.00e-04 | (286.89 ms | 5482436 tok/s)
step    6/10 | train loss 9.461347 | norm 1.9977 | lr 1.00e-04 | (281.71 ms | 5583266 tok/s)
step    7/10 | train loss 9.375704 | norm 1.9473 | lr 1.00e-04 | (285.07 ms | 5517462 tok/s)
step    8/10 | train loss 9.283987 | norm 1.9146 | lr 1.00e-04 | (289.32 ms | 5436390 tok/s)
step    9/10 | train loss 9.188589 | norm 1.8601 | lr 1.00e-04 | (289.86 ms | 5426221 tok/s)
step   10/10 | train loss 9.103167 | norm 1.7948 | lr 1.00e-04 | (285.86 ms | 5502180 tok/s)
final 9 iters avg: 286.364ms
peak memory consumption: 16601 MiB
