Running pytorch 2.7.0+cu126
using device: cuda:0
total desired batch size: 393216
=> calculated gradient accumulation steps: 1
using device: cuda:1
using device: cuda:3
using device: cuda:2
compiling the model...
DataLoader: total number of tokens: 1,661,249,667 across 103 files
MOC-R4PCC04U05:512272:512272 [0] NCCL INFO NCCL_SOCKET_IFNAME set to eno7np0
MOC-R4PCC04U05:512272:512272 [0] NCCL INFO NCCL version 2.26.2+cuda12.2
MOC-R4PCC04U05:512275:512275 [3] NCCL INFO NCCL_SOCKET_IFNAME set to eno7np0
MOC-R4PCC04U05:512275:512275 [3] NCCL INFO NCCL version 2.26.2+cuda12.2
MOC-R4PCC04U05:512273:512273 [1] NCCL INFO NCCL_SOCKET_IFNAME set to eno7np0
MOC-R4PCC04U05:512273:512273 [1] NCCL INFO NCCL version 2.26.2+cuda12.2
MOC-R4PCC04U05:512274:512274 [2] NCCL INFO NCCL_SOCKET_IFNAME set to eno7np0
MOC-R4PCC04U05:512274:512274 [2] NCCL INFO NCCL version 2.26.2+cuda12.2
MOC-R4PCC04U05:512272:512397 [0] NCCL INFO NET/Plugin: Could not find: libnccl-net.so. Using internal net plugin.
MOC-R4PCC04U05:512272:512397 [0] NCCL INFO NCCL_IB_HCA set to mlx5_5
MOC-R4PCC04U05:512275:512398 [3] NCCL INFO NET/Plugin: Could not find: libnccl-net.so. Using internal net plugin.
MOC-R4PCC04U05:512275:512398 [3] NCCL INFO NCCL_IB_HCA set to mlx5_5
MOC-R4PCC04U05:512273:512399 [1] NCCL INFO NET/Plugin: Could not find: libnccl-net.so. Using internal net plugin.
MOC-R4PCC04U05:512273:512399 [1] NCCL INFO NCCL_IB_HCA set to mlx5_5
MOC-R4PCC04U05:512274:512400 [2] NCCL INFO NET/Plugin: Could not find: libnccl-net.so. Using internal net plugin.
MOC-R4PCC04U05:512274:512400 [2] NCCL INFO NCCL_IB_HCA set to mlx5_5
MOC-R4PCC04U05:512272:512397 [0] NCCL INFO NET/IB : Made virtual device [0] name=mlx5_5 speed=400000 ndevs=1
MOC-R4PCC04U05:512272:512397 [0] NCCL INFO NET/IB : Using [0]mlx5_5:1/RoCE [RO]; OOB eno7np0:192.168.50.193<0>
MOC-R4PCC04U05:512275:512398 [3] NCCL INFO NET/IB : Made virtual device [0] name=mlx5_5 speed=400000 ndevs=1
MOC-R4PCC04U05:512275:512398 [3] NCCL INFO NET/IB : Using [0]mlx5_5:1/RoCE [RO]; OOB eno7np0:192.168.50.193<0>
MOC-R4PCC04U05:512273:512399 [1] NCCL INFO NET/IB : Made virtual device [0] name=mlx5_5 speed=400000 ndevs=1
MOC-R4PCC04U05:512273:512399 [1] NCCL INFO NET/IB : Using [0]mlx5_5:1/RoCE [RO]; OOB eno7np0:192.168.50.193<0>
MOC-R4PCC04U05:512274:512400 [2] NCCL INFO NET/IB : Made virtual device [0] name=mlx5_5 speed=400000 ndevs=1
MOC-R4PCC04U05:512274:512400 [2] NCCL INFO NET/IB : Using [0]mlx5_5:1/RoCE [RO]; OOB eno7np0:192.168.50.193<0>
MOC-R4PCC04U05:512273:512399 [1] NCCL INFO NET/IB : GPU Direct RDMA Enabled for HCA 0 'mlx5_5'
MOC-R4PCC04U05:512273:512399 [1] NCCL INFO NET/IB : Made virtual device [1] name=mlx5_5 speed=400000 ndevs=1
MOC-R4PCC04U05:512273:512399 [1] NCCL INFO NET/IB : GPU Direct RDMA Enabled for HCA 0 'mlx5_5'
MOC-R4PCC04U05:512273:512399 [1] NCCL INFO NET/IB : GPU Direct RDMA Enabled for HCA 1 'mlx5_5'
MOC-R4PCC04U05:512272:512397 [0] NCCL INFO NET/IB : GPU Direct RDMA Enabled for HCA 0 'mlx5_5'
MOC-R4PCC04U05:512272:512397 [0] NCCL INFO NET/IB : Made virtual device [1] name=mlx5_5 speed=400000 ndevs=1
MOC-R4PCC04U05:512272:512397 [0] NCCL INFO NET/IB : GPU Direct RDMA Enabled for HCA 0 'mlx5_5'
MOC-R4PCC04U05:512272:512397 [0] NCCL INFO NET/IB : GPU Direct RDMA Enabled for HCA 1 'mlx5_5'
MOC-R4PCC04U05:512274:512400 [2] NCCL INFO NET/IB : GPU Direct RDMA Enabled for HCA 0 'mlx5_5'
MOC-R4PCC04U05:512274:512400 [2] NCCL INFO NET/IB : Made virtual device [1] name=mlx5_5 speed=400000 ndevs=1
MOC-R4PCC04U05:512274:512400 [2] NCCL INFO NET/IB : GPU Direct RDMA Enabled for HCA 0 'mlx5_5'
MOC-R4PCC04U05:512274:512400 [2] NCCL INFO NET/IB : GPU Direct RDMA Enabled for HCA 1 'mlx5_5'
MOC-R4PCC04U05:512275:512398 [3] NCCL INFO NET/IB : GPU Direct RDMA Enabled for HCA 0 'mlx5_5'
MOC-R4PCC04U05:512275:512398 [3] NCCL INFO NET/IB : Made virtual device [1] name=mlx5_5 speed=400000 ndevs=1
MOC-R4PCC04U05:512275:512398 [3] NCCL INFO NET/IB : GPU Direct RDMA Enabled for HCA 0 'mlx5_5'
MOC-R4PCC04U05:512275:512398 [3] NCCL INFO NET/IB : GPU Direct RDMA Enabled for HCA 1 'mlx5_5'
MOC-R4PCC04U05:512272:512397 [0] NCCL INFO GPU Direct RDMA Enabled for GPU 0 / HCA 1 (distance 5 <= 5), read 0 mode Default
MOC-R4PCC04U05:512272:512397 [0] NCCL INFO GPU Direct RDMA Enabled for GPU 1 / HCA 1 (distance 5 <= 5), read 0 mode Default
MOC-R4PCC04U05:512272:512397 [0] NCCL INFO GPU Direct RDMA Enabled for GPU 2 / HCA 1 (distance 5 <= 5), read 0 mode Default
MOC-R4PCC04U05:512272:512397 [0] NCCL INFO GPU Direct RDMA Enabled for GPU 3 / HCA 1 (distance 5 <= 5), read 0 mode Default
MOC-R4PCC04U05:512272:512397 [0] NCCL INFO GPU Direct RDMA Enabled for GPU 0 / HCA 1 (distance 5 <= 5), read 0 mode Default
MOC-R4PCC04U05:512272:512397 [0] NCCL INFO GPU Direct RDMA Enabled for GPU 1 / HCA 1 (distance 5 <= 5), read 0 mode Default
MOC-R4PCC04U05:512272:512397 [0] NCCL INFO GPU Direct RDMA Enabled for GPU 2 / HCA 1 (distance 5 <= 5), read 0 mode Default
MOC-R4PCC04U05:512272:512397 [0] NCCL INFO GPU Direct RDMA Enabled for GPU 3 / HCA 1 (distance 5 <= 5), read 0 mode Default
MOC-R4PCC04U05:512274:512400 [2] NCCL INFO GPU Direct RDMA Enabled for GPU 0 / HCA 1 (distance 5 <= 5), read 0 mode Default
MOC-R4PCC04U05:512274:512400 [2] NCCL INFO GPU Direct RDMA Enabled for GPU 1 / HCA 1 (distance 5 <= 5), read 0 mode Default
MOC-R4PCC04U05:512274:512400 [2] NCCL INFO GPU Direct RDMA Enabled for GPU 2 / HCA 1 (distance 5 <= 5), read 0 mode Default
MOC-R4PCC04U05:512274:512400 [2] NCCL INFO GPU Direct RDMA Enabled for GPU 3 / HCA 1 (distance 5 <= 5), read 0 mode Default
MOC-R4PCC04U05:512274:512400 [2] NCCL INFO GPU Direct RDMA Enabled for GPU 0 / HCA 1 (distance 5 <= 5), read 0 mode Default
MOC-R4PCC04U05:512274:512400 [2] NCCL INFO GPU Direct RDMA Enabled for GPU 1 / HCA 1 (distance 5 <= 5), read 0 mode Default
MOC-R4PCC04U05:512274:512400 [2] NCCL INFO GPU Direct RDMA Enabled for GPU 2 / HCA 1 (distance 5 <= 5), read 0 mode Default
MOC-R4PCC04U05:512274:512400 [2] NCCL INFO GPU Direct RDMA Enabled for GPU 3 / HCA 1 (distance 5 <= 5), read 0 mode Default
MOC-R4PCC04U05:512275:512398 [3] NCCL INFO GPU Direct RDMA Enabled for GPU 0 / HCA 1 (distance 5 <= 5), read 0 mode Default
MOC-R4PCC04U05:512275:512398 [3] NCCL INFO GPU Direct RDMA Enabled for GPU 1 / HCA 1 (distance 5 <= 5), read 0 mode Default
MOC-R4PCC04U05:512275:512398 [3] NCCL INFO GPU Direct RDMA Enabled for GPU 2 / HCA 1 (distance 5 <= 5), read 0 mode Default
MOC-R4PCC04U05:512275:512398 [3] NCCL INFO GPU Direct RDMA Enabled for GPU 3 / HCA 1 (distance 5 <= 5), read 0 mode Default
MOC-R4PCC04U05:512275:512398 [3] NCCL INFO GPU Direct RDMA Enabled for GPU 0 / HCA 1 (distance 5 <= 5), read 0 mode Default
MOC-R4PCC04U05:512275:512398 [3] NCCL INFO GPU Direct RDMA Enabled for GPU 1 / HCA 1 (distance 5 <= 5), read 0 mode Default
MOC-R4PCC04U05:512275:512398 [3] NCCL INFO GPU Direct RDMA Enabled for GPU 2 / HCA 1 (distance 5 <= 5), read 0 mode Default
MOC-R4PCC04U05:512275:512398 [3] NCCL INFO GPU Direct RDMA Enabled for GPU 3 / HCA 1 (distance 5 <= 5), read 0 mode Default
MOC-R4PCC04U05:512273:512399 [1] NCCL INFO GPU Direct RDMA Enabled for GPU 0 / HCA 1 (distance 5 <= 5), read 0 mode Default
MOC-R4PCC04U05:512273:512399 [1] NCCL INFO GPU Direct RDMA Enabled for GPU 1 / HCA 1 (distance 5 <= 5), read 0 mode Default
MOC-R4PCC04U05:512273:512399 [1] NCCL INFO GPU Direct RDMA Enabled for GPU 2 / HCA 1 (distance 5 <= 5), read 0 mode Default
MOC-R4PCC04U05:512273:512399 [1] NCCL INFO GPU Direct RDMA Enabled for GPU 3 / HCA 1 (distance 5 <= 5), read 0 mode Default
MOC-R4PCC04U05:512273:512399 [1] NCCL INFO GPU Direct RDMA Enabled for GPU 0 / HCA 1 (distance 5 <= 5), read 0 mode Default
MOC-R4PCC04U05:512273:512399 [1] NCCL INFO GPU Direct RDMA Enabled for GPU 1 / HCA 1 (distance 5 <= 5), read 0 mode Default
MOC-R4PCC04U05:512273:512399 [1] NCCL INFO GPU Direct RDMA Enabled for GPU 2 / HCA 1 (distance 5 <= 5), read 0 mode Default
MOC-R4PCC04U05:512273:512399 [1] NCCL INFO GPU Direct RDMA Enabled for GPU 3 / HCA 1 (distance 5 <= 5), read 0 mode Default
MOC-R4PCC04U05:512272:512415 [0] NCCL INFO New proxy send connection 0 from local rank 0, transport 0
MOC-R4PCC04U05:512272:512421 [0] NCCL INFO Connected to proxy localRank 0 -> connection 0x7f4788004f30
MOC-R4PCC04U05:512272:512415 [0] NCCL INFO New proxy send connection 1 from local rank 0, transport 0
MOC-R4PCC04U05:512272:512421 [0] NCCL INFO Connected to proxy localRank 0 -> connection 0x7f4788004fa8
MOC-R4PCC04U05:512272:512415 [0] NCCL INFO New proxy send connection 2 from local rank 0, transport 0
MOC-R4PCC04U05:512272:512421 [0] NCCL INFO Connected to proxy localRank 0 -> connection 0x7f4788005020
MOC-R4PCC04U05:512272:512415 [0] NCCL INFO New proxy send connection 3 from local rank 0, transport 0
MOC-R4PCC04U05:512272:512421 [0] NCCL INFO Connected to proxy localRank 0 -> connection 0x7f4788005098
MOC-R4PCC04U05:512275:512413 [3] NCCL INFO New proxy recv connection 0 from local rank 3, transport 0
MOC-R4PCC04U05:512275:512422 [3] NCCL INFO Connected to proxy localRank 3 -> connection 0x7fc938004f30
MOC-R4PCC04U05:512275:512413 [3] NCCL INFO New proxy recv connection 1 from local rank 3, transport 0
MOC-R4PCC04U05:512275:512422 [3] NCCL INFO Connected to proxy localRank 3 -> connection 0x7fc938004fa8
MOC-R4PCC04U05:512275:512413 [3] NCCL INFO New proxy recv connection 2 from local rank 3, transport 0
MOC-R4PCC04U05:512275:512422 [3] NCCL INFO Connected to proxy localRank 3 -> connection 0x7fc938005020
MOC-R4PCC04U05:512275:512413 [3] NCCL INFO New proxy recv connection 3 from local rank 3, transport 0
MOC-R4PCC04U05:512273:512419 [1] NCCL INFO New proxy recv connection 0 from local rank 1, transport 0
MOC-R4PCC04U05:512275:512422 [3] NCCL INFO Connected to proxy localRank 3 -> connection 0x7fc938005098
MOC-R4PCC04U05:512273:512423 [1] NCCL INFO Connected to proxy localRank 1 -> connection 0x7fc878004f30
MOC-R4PCC04U05:512274:512424 [2] NCCL INFO GPU Direct RDMA Enabled for GPU 2 / HCA 1 (distance 5 <= 5), read 0 mode Default
MOC-R4PCC04U05:512273:512419 [1] NCCL INFO New proxy recv connection 1 from local rank 1, transport 0
MOC-R4PCC04U05:512273:512423 [1] NCCL INFO Connected to proxy localRank 1 -> connection 0x7fc878004fa8
MOC-R4PCC04U05:512273:512419 [1] NCCL INFO New proxy recv connection 2 from local rank 1, transport 0
MOC-R4PCC04U05:512275:512422 [3] NCCL INFO GPU Direct RDMA Enabled for GPU 3 / HCA 1 (distance 5 <= 5), read 1 mode Default
MOC-R4PCC04U05:512273:512423 [1] NCCL INFO Connected to proxy localRank 1 -> connection 0x7fc878005020
MOC-R4PCC04U05:512273:512419 [1] NCCL INFO New proxy recv connection 3 from local rank 1, transport 0
MOC-R4PCC04U05:512273:512423 [1] NCCL INFO Connected to proxy localRank 1 -> connection 0x7fc878005098
MOC-R4PCC04U05:512274:512414 [2] NCCL INFO New proxy recv connection 0 from local rank 2, transport 2
MOC-R4PCC04U05:512274:512414 [2] NCCL INFO New proxy send connection 1 from local rank 3, transport 2
MOC-R4PCC04U05:512274:512424 [2] NCCL INFO Connected to proxy localRank 2 -> connection 0x7fc9a0004f30
MOC-R4PCC04U05:512275:512422 [3] NCCL INFO Connected to proxy localRank 2 -> connection 0x7fc9a0004fa8
MOC-R4PCC04U05:512274:512424 [2] NCCL INFO Channel 00/0 : 11[3] -> 2[2] [receive] via NET/IB/1/GDRDMA
MOC-R4PCC04U05:512274:512424 [2] NCCL INFO GPU Direct RDMA Enabled for GPU 2 / HCA 1 (distance 5 <= 5), read 0 mode Default
MOC-R4PCC04U05:512274:512414 [2] NCCL INFO New proxy recv connection 2 from local rank 2, transport 2
MOC-R4PCC04U05:512274:512424 [2] NCCL INFO Connected to proxy localRank 2 -> connection 0x7fc9a0005020
MOC-R4PCC04U05:512275:512422 [3] NCCL INFO Channel 00/0 : 3[3] -> 6[2] [send] via NET/IB/1(2)/GDRDMA
MOC-R4PCC04U05:512275:512422 [3] NCCL INFO GPU Direct RDMA Enabled for GPU 3 / HCA 1 (distance 5 <= 5), read 1 mode Default
MOC-R4PCC04U05:512274:512424 [2] NCCL INFO Channel 01/0 : 11[3] -> 2[2] [receive] via NET/IB/1/GDRDMA
MOC-R4PCC04U05:512274:512424 [2] NCCL INFO GPU Direct RDMA Enabled for GPU 2 / HCA 1 (distance 5 <= 5), read 0 mode Default
MOC-R4PCC04U05:512274:512414 [2] NCCL INFO New proxy send connection 3 from local rank 3, transport 2
MOC-R4PCC04U05:512275:512422 [3] NCCL INFO Connected to proxy localRank 2 -> connection 0x7fc9a0005098
MOC-R4PCC04U05:512274:512414 [2] NCCL INFO New proxy recv connection 4 from local rank 2, transport 2
MOC-R4PCC04U05:512274:512424 [2] NCCL INFO Connected to proxy localRank 2 -> connection 0x7fc9a0005110
MOC-R4PCC04U05:512275:512422 [3] NCCL INFO Channel 01/0 : 3[3] -> 6[2] [send] via NET/IB/1(2)/GDRDMA
MOC-R4PCC04U05:512275:512422 [3] NCCL INFO GPU Direct RDMA Enabled for GPU 3 / HCA 1 (distance 5 <= 5), read 1 mode Default
MOC-R4PCC04U05:512274:512424 [2] NCCL INFO Channel 02/0 : 11[3] -> 2[2] [receive] via NET/IB/1/GDRDMA
MOC-R4PCC04U05:512274:512424 [2] NCCL INFO GPU Direct RDMA Enabled for GPU 2 / HCA 1 (distance 5 <= 5), read 0 mode Default
MOC-R4PCC04U05:512274:512414 [2] NCCL INFO New proxy send connection 5 from local rank 3, transport 2
MOC-R4PCC04U05:512275:512422 [3] NCCL INFO Connected to proxy localRank 2 -> connection 0x7fc9a0005188
MOC-R4PCC04U05:512274:512414 [2] NCCL INFO New proxy recv connection 6 from local rank 2, transport 2
MOC-R4PCC04U05:512274:512424 [2] NCCL INFO Connected to proxy localRank 2 -> connection 0x7fc9a0005200
MOC-R4PCC04U05:512275:512422 [3] NCCL INFO Channel 02/0 : 3[3] -> 6[2] [send] via NET/IB/1(2)/GDRDMA
MOC-R4PCC04U05:512275:512422 [3] NCCL INFO GPU Direct RDMA Enabled for GPU 3 / HCA 1 (distance 5 <= 5), read 1 mode Default
MOC-R4PCC04U05:512274:512424 [2] NCCL INFO Channel 03/0 : 11[3] -> 2[2] [receive] via NET/IB/1/GDRDMA
MOC-R4PCC04U05:512274:512414 [2] NCCL INFO New proxy send connection 7 from local rank 3, transport 2
MOC-R4PCC04U05:512275:512422 [3] NCCL INFO Connected to proxy localRank 2 -> connection 0x7fc9a0005278
MOC-R4PCC04U05:512275:512422 [3] NCCL INFO Channel 03/0 : 3[3] -> 6[2] [send] via NET/IB/1(2)/GDRDMA
MOC-R4PCC04U05:512272:512415 [0] NCCL INFO New proxy recv connection 4 from local rank 0, transport 0
MOC-R4PCC04U05:512272:512421 [0] NCCL INFO Connected to proxy localRank 0 -> connection 0x7f4788005110
MOC-R4PCC04U05:512273:512419 [1] NCCL INFO New proxy send connection 4 from local rank 1, transport 0
MOC-R4PCC04U05:512273:512423 [1] NCCL INFO Connected to proxy localRank 1 -> connection 0x7fc878005110
MOC-R4PCC04U05:512272:512415 [0] NCCL INFO New proxy recv connection 5 from local rank 0, transport 0
MOC-R4PCC04U05:512272:512421 [0] NCCL INFO Connected to proxy localRank 0 -> connection 0x7f4788005188
MOC-R4PCC04U05:512272:512415 [0] NCCL INFO New proxy send connection 6 from local rank 3, transport 0
MOC-R4PCC04U05:512275:512422 [3] NCCL INFO Connected to proxy localRank 0 -> connection 0x7f4788005200
MOC-R4PCC04U05:512273:512419 [1] NCCL INFO New proxy send connection 5 from local rank 1, transport 0
MOC-R4PCC04U05:512273:512423 [1] NCCL INFO Connected to proxy localRank 1 -> connection 0x7fc878005188
MOC-R4PCC04U05:512273:512419 [1] NCCL INFO New proxy send connection 6 from local rank 1, transport 0
MOC-R4PCC04U05:512273:512423 [1] NCCL INFO Connected to proxy localRank 1 -> connection 0x7fc878005200
MOC-R4PCC04U05:512272:512415 [0] NCCL INFO New proxy recv connection 7 from local rank 0, transport 0
MOC-R4PCC04U05:512272:512421 [0] NCCL INFO Connected to proxy localRank 0 -> connection 0x7f4788005278
MOC-R4PCC04U05:512273:512419 [1] NCCL INFO New proxy send connection 7 from local rank 1, transport 0
MOC-R4PCC04U05:512272:512415 [0] NCCL INFO New proxy recv connection 8 from local rank 0, transport 0
MOC-R4PCC04U05:512273:512423 [1] NCCL INFO Connected to proxy localRank 1 -> connection 0x7fc878005278
MOC-R4PCC04U05:512272:512421 [0] NCCL INFO Connected to proxy localRank 0 -> connection 0x7f47880052f0
MOC-R4PCC04U05:512275:512413 [3] NCCL INFO New proxy send connection 4 from local rank 0, transport 0
MOC-R4PCC04U05:512272:512421 [0] NCCL INFO Connected to proxy localRank 3 -> connection 0x7fc938005110
MOC-R4PCC04U05:512274:512414 [2] NCCL INFO NET/IB: NCCL Dev 1 IbDev 0 Port 1 qpn 7832 mtu 3 query_ece={supported=1, vendor_id=0x15b3, options=0x30000002, comp_mask=0x0} GID 3 (0/C132A8C0FFFF0000) fifoRkey=0x17cb8a fifoLkey=0x17cb8a
MOC-R4PCC04U05:512274:512414 [2] NCCL INFO NET/IB: IbDev 0 Port 1 qpn 7910 set_ece={supported=1, vendor_id=0x15b3, options=0x0, comp_mask=0x0}
MOC-R4PCC04U05:512274:512414 [2] NCCL INFO New proxy send connection 8 from local rank 2, transport 0
MOC-R4PCC04U05:512274:512424 [2] NCCL INFO Connected to proxy localRank 2 -> connection 0x7fc9a00052f0
MOC-R4PCC04U05:512274:512414 [2] NCCL INFO New proxy send connection 9 from local rank 2, transport 0
MOC-R4PCC04U05:512274:512424 [2] NCCL INFO Connected to proxy localRank 2 -> connection 0x7fc9a0005368
MOC-R4PCC04U05:512274:512414 [2] NCCL INFO New proxy send connection 10 from local rank 2, transport 0
MOC-R4PCC04U05:512274:512424 [2] NCCL INFO Connected to proxy localRank 2 -> connection 0x7fc9a00053e0
MOC-R4PCC04U05:512274:512414 [2] NCCL INFO New proxy send connection 11 from local rank 2, transport 0
MOC-R4PCC04U05:512274:512424 [2] NCCL INFO Connected to proxy localRank 2 -> connection 0x7fc9a0005458
MOC-R4PCC04U05:512272:512415 [0] NCCL INFO New proxy send connection 9 from local rank 1, transport 0
MOC-R4PCC04U05:512273:512423 [1] NCCL INFO Connected to proxy localRank 0 -> connection 0x7f4788005368
MOC-R4PCC04U05:512273:512419 [1] NCCL INFO New proxy send connection 8 from local rank 2, transport 0
MOC-R4PCC04U05:512274:512424 [2] NCCL INFO Connected to proxy localRank 1 -> connection 0x7fc8780052f0
MOC-R4PCC04U05:512273:512419 [1] NCCL INFO New proxy send connection 9 from local rank 0, transport 0
MOC-R4PCC04U05:512272:512421 [0] NCCL INFO Connected to proxy localRank 1 -> connection 0x7fc878005368
MOC-R4PCC04U05:512274:512414 [2] NCCL INFO NET/IB: NCCL Dev 1 IbDev 0 Port 1 qpn 7839 mtu 3 query_ece={supported=1, vendor_id=0x15b3, options=0x30000002, comp_mask=0x0} GID 3 (0/C132A8C0FFFF0000) fifoRkey=0x180ac9 fifoLkey=0x180ac9
MOC-R4PCC04U05:512274:512414 [2] NCCL INFO NET/IB: NCCL Dev 1 IbDev 0 Port 1 qpn 7840 mtu 3 query_ece={supported=1, vendor_id=0x15b3, options=0x30000002, comp_mask=0x0} GID 3 (0/C132A8C0FFFF0000) fifoRkey=0x180dcc fifoLkey=0x180dcc
MOC-R4PCC04U05:512274:512414 [2] NCCL INFO NET/IB: IbDev 0 Port 1 qpn 7913 set_ece={supported=1, vendor_id=0x15b3, options=0x0, comp_mask=0x0}
MOC-R4PCC04U05:512274:512414 [2] NCCL INFO NET/IB: IbDev 0 Port 1 qpn 7915 set_ece={supported=1, vendor_id=0x15b3, options=0x0, comp_mask=0x0}
MOC-R4PCC04U05:512274:512414 [2] NCCL INFO NET/IB: NCCL Dev 1 IbDev 0 Port 1 qpn 7841 mtu 3 query_ece={supported=1, vendor_id=0x15b3, options=0x30000002, comp_mask=0x0} GID 3 (0/C132A8C0FFFF0000) fifoRkey=0x173af9 fifoLkey=0x173af9
MOC-R4PCC04U05:512274:512414 [2] NCCL INFO New proxy send connection 12 from local rank 3, transport 0
MOC-R4PCC04U05:512275:512422 [3] NCCL INFO Connected to proxy localRank 2 -> connection 0x7fc9a00054d0
MOC-R4PCC04U05:512274:512414 [2] NCCL INFO New proxy send connection 13 from local rank 1, transport 0
MOC-R4PCC04U05:512273:512423 [1] NCCL INFO Connected to proxy localRank 2 -> connection 0x7fc9a0005548
MOC-R4PCC04U05:512274:512414 [2] NCCL INFO NET/IB: IbDev 0 Port 1 qpn 7919 set_ece={supported=1, vendor_id=0x15b3, options=0x0, comp_mask=0x0}
num decayed parameter tensors: 50, with 124,318,464 parameters
num non-decayed parameter tensors: 98, with 121,344 parameters
using fused AdamW: False
using regular AdamW
MOC-R4PCC04U05:512275:512413 [3] NCCL INFO New proxy recv connection 5 from local rank 3, transport 0
MOC-R4PCC04U05:512275:513114 [3] NCCL INFO Connected to proxy localRank 3 -> connection 0x7fc938005188
MOC-R4PCC04U05:512275:512413 [3] NCCL INFO New proxy recv connection 6 from local rank 3, transport 0
MOC-R4PCC04U05:512275:513114 [3] NCCL INFO Connected to proxy localRank 3 -> connection 0x7fc938005200
MOC-R4PCC04U05:512275:512413 [3] NCCL INFO New proxy recv connection 7 from local rank 3, transport 0
MOC-R4PCC04U05:512275:513114 [3] NCCL INFO Connected to proxy localRank 3 -> connection 0x7fc938005278
MOC-R4PCC04U05:512275:512413 [3] NCCL INFO New proxy recv connection 8 from local rank 3, transport 0
MOC-R4PCC04U05:512275:513114 [3] NCCL INFO Connected to proxy localRank 3 -> connection 0x7fc9380052f0
MOC-R4PCC04U05:512273:512419 [1] NCCL INFO New proxy recv connection 10 from local rank 1, transport 0
MOC-R4PCC04U05:512273:513115 [1] NCCL INFO Connected to proxy localRank 1 -> connection 0x7fc8780053e0
MOC-R4PCC04U05:512273:512419 [1] NCCL INFO New proxy recv connection 11 from local rank 1, transport 0
MOC-R4PCC04U05:512273:513115 [1] NCCL INFO Connected to proxy localRank 1 -> connection 0x7fc878005458
MOC-R4PCC04U05:512273:512419 [1] NCCL INFO New proxy recv connection 12 from local rank 1, transport 0
MOC-R4PCC04U05:512273:513115 [1] NCCL INFO Connected to proxy localRank 1 -> connection 0x7fc8780054d0
MOC-R4PCC04U05:512273:512419 [1] NCCL INFO New proxy recv connection 13 from local rank 1, transport 0
MOC-R4PCC04U05:512273:513115 [1] NCCL INFO Connected to proxy localRank 1 -> connection 0x7fc878005548
MOC-R4PCC04U05:512272:512415 [0] NCCL INFO New proxy send connection 10 from local rank 0, transport 0
MOC-R4PCC04U05:512272:513116 [0] NCCL INFO Connected to proxy localRank 0 -> connection 0x7f47880053e0
MOC-R4PCC04U05:512272:512415 [0] NCCL INFO New proxy send connection 11 from local rank 0, transport 0
MOC-R4PCC04U05:512272:513116 [0] NCCL INFO Connected to proxy localRank 0 -> connection 0x7f4788005458
MOC-R4PCC04U05:512272:512415 [0] NCCL INFO New proxy send connection 12 from local rank 0, transport 0
MOC-R4PCC04U05:512272:513116 [0] NCCL INFO Connected to proxy localRank 0 -> connection 0x7f47880054d0
MOC-R4PCC04U05:512272:512415 [0] NCCL INFO New proxy send connection 13 from local rank 0, transport 0
MOC-R4PCC04U05:512272:513116 [0] NCCL INFO Connected to proxy localRank 0 -> connection 0x7f4788005548
MOC-R4PCC04U05:512272:512415 [0] NCCL INFO New proxy recv connection 14 from local rank 0, transport 0
MOC-R4PCC04U05:512272:513116 [0] NCCL INFO Connected to proxy localRank 0 -> connection 0x7f47880055c0
MOC-R4PCC04U05:512272:512415 [0] NCCL INFO New proxy recv connection 15 from local rank 0, transport 0
MOC-R4PCC04U05:512272:513116 [0] NCCL INFO Connected to proxy localRank 0 -> connection 0x7f4788005638
MOC-R4PCC04U05:512272:512415 [0] NCCL INFO New proxy recv connection 16 from local rank 0, transport 0
MOC-R4PCC04U05:512272:513116 [0] NCCL INFO Connected to proxy localRank 0 -> connection 0x7f47880056b0
MOC-R4PCC04U05:512272:512415 [0] NCCL INFO New proxy recv connection 17 from local rank 0, transport 0
MOC-R4PCC04U05:512272:513116 [0] NCCL INFO Connected to proxy localRank 0 -> connection 0x7f4788005728
MOC-R4PCC04U05:512274:512414 [2] NCCL INFO New proxy send connection 14 from local rank 2, transport 0
MOC-R4PCC04U05:512274:513117 [2] NCCL INFO Connected to proxy localRank 2 -> connection 0x7fc9a00055c0
MOC-R4PCC04U05:512274:512414 [2] NCCL INFO New proxy send connection 15 from local rank 2, transport 0
MOC-R4PCC04U05:512274:513117 [2] NCCL INFO Connected to proxy localRank 2 -> connection 0x7fc9a0005638
MOC-R4PCC04U05:512274:512414 [2] NCCL INFO New proxy send connection 16 from local rank 2, transport 0
MOC-R4PCC04U05:512274:513117 [2] NCCL INFO Connected to proxy localRank 2 -> connection 0x7fc9a00056b0
MOC-R4PCC04U05:512274:512414 [2] NCCL INFO New proxy send connection 17 from local rank 2, transport 0
MOC-R4PCC04U05:512274:513117 [2] NCCL INFO Connected to proxy localRank 2 -> connection 0x7fc9a0005728
MOC-R4PCC04U05:512274:513117 [2] NCCL INFO GPU Direct RDMA Enabled for GPU 2 / HCA 1 (distance 5 <= 5), read 0 mode Default
MOC-R4PCC04U05:512274:512414 [2] NCCL INFO New proxy recv connection 18 from local rank 2, transport 2
MOC-R4PCC04U05:512274:513117 [2] NCCL INFO Connected to proxy localRank 2 -> connection 0x7fc9a00057a0
MOC-R4PCC04U05:512275:512413 [3] NCCL INFO New proxy send connection 9 from local rank 3, transport 0
MOC-R4PCC04U05:512274:513117 [2] NCCL INFO Channel 00/0 : 10[2] -> 2[2] [receive] via NET/IB/1/GDRDMA
MOC-R4PCC04U05:512274:513117 [2] NCCL INFO GPU Direct RDMA Enabled for GPU 2 / HCA 1 (distance 5 <= 5), read 0 mode Default
MOC-R4PCC04U05:512275:513114 [3] NCCL INFO Connected to proxy localRank 3 -> connection 0x7fc938005368
MOC-R4PCC04U05:512274:512414 [2] NCCL INFO New proxy recv connection 19 from local rank 2, transport 2
MOC-R4PCC04U05:512274:513117 [2] NCCL INFO Connected to proxy localRank 2 -> connection 0x7fc9a0005818
MOC-R4PCC04U05:512274:513117 [2] NCCL INFO Channel 01/0 : 10[2] -> 2[2] [receive] via NET/IB/1/GDRDMA
MOC-R4PCC04U05:512274:513117 [2] NCCL INFO GPU Direct RDMA Enabled for GPU 2 / HCA 1 (distance 5 <= 5), read 0 mode Default
MOC-R4PCC04U05:512274:512414 [2] NCCL INFO New proxy recv connection 20 from local rank 2, transport 2
MOC-R4PCC04U05:512274:513117 [2] NCCL INFO Connected to proxy localRank 2 -> connection 0x7fc9a0005890
MOC-R4PCC04U05:512274:513117 [2] NCCL INFO Channel 02/0 : 10[2] -> 2[2] [receive] via NET/IB/1/GDRDMA
MOC-R4PCC04U05:512274:513117 [2] NCCL INFO GPU Direct RDMA Enabled for GPU 2 / HCA 1 (distance 5 <= 5), read 0 mode Default
MOC-R4PCC04U05:512274:512414 [2] NCCL INFO New proxy recv connection 21 from local rank 2, transport 2
MOC-R4PCC04U05:512274:513117 [2] NCCL INFO Connected to proxy localRank 2 -> connection 0x7fc9a0005908
MOC-R4PCC04U05:512275:512413 [3] NCCL INFO New proxy send connection 10 from local rank 3, transport 0
MOC-R4PCC04U05:512274:513117 [2] NCCL INFO Channel 03/0 : 10[2] -> 2[2] [receive] via NET/IB/1/GDRDMA
MOC-R4PCC04U05:512275:513114 [3] NCCL INFO Connected to proxy localRank 3 -> connection 0x7fc9380053e0
MOC-R4PCC04U05:512274:513117 [2] NCCL INFO GPU Direct RDMA Enabled for GPU 2 / HCA 1 (distance 5 <= 5), read 1 mode Default
MOC-R4PCC04U05:512274:512414 [2] NCCL INFO New proxy send connection 22 from local rank 2, transport 2
MOC-R4PCC04U05:512274:513117 [2] NCCL INFO Connected to proxy localRank 2 -> connection 0x7fc9a0005980
MOC-R4PCC04U05:512274:513117 [2] NCCL INFO Channel 02/0 : 2[2] -> 6[2] [send] via NET/IB/1/GDRDMA
MOC-R4PCC04U05:512274:513117 [2] NCCL INFO GPU Direct RDMA Enabled for GPU 2 / HCA 1 (distance 5 <= 5), read 1 mode Default
MOC-R4PCC04U05:512274:512414 [2] NCCL INFO New proxy send connection 23 from local rank 2, transport 2
MOC-R4PCC04U05:512274:513117 [2] NCCL INFO Connected to proxy localRank 2 -> connection 0x7fc9a00059f8
MOC-R4PCC04U05:512275:512413 [3] NCCL INFO New proxy send connection 11 from local rank 3, transport 0
MOC-R4PCC04U05:512274:513117 [2] NCCL INFO Channel 03/0 : 2[2] -> 6[2] [send] via NET/IB/1/GDRDMA
MOC-R4PCC04U05:512275:513114 [3] NCCL INFO Connected to proxy localRank 3 -> connection 0x7fc938005458
MOC-R4PCC04U05:512275:512413 [3] NCCL INFO New proxy send connection 12 from local rank 3, transport 0
MOC-R4PCC04U05:512275:513114 [3] NCCL INFO Connected to proxy localRank 3 -> connection 0x7fc9380054d0
MOC-R4PCC04U05:512275:512413 [3] NCCL INFO New proxy send connection 13 from local rank 3, transport 0
MOC-R4PCC04U05:512275:513114 [3] NCCL INFO Connected to proxy localRank 3 -> connection 0x7fc938005548
MOC-R4PCC04U05:512275:512413 [3] NCCL INFO New proxy send connection 14 from local rank 3, transport 0
MOC-R4PCC04U05:512275:513114 [3] NCCL INFO Connected to proxy localRank 3 -> connection 0x7fc9380055c0
MOC-R4PCC04U05:512275:512413 [3] NCCL INFO New proxy send connection 15 from local rank 3, transport 0
MOC-R4PCC04U05:512275:513114 [3] NCCL INFO Connected to proxy localRank 3 -> connection 0x7fc938005638
MOC-R4PCC04U05:512275:512413 [3] NCCL INFO New proxy send connection 16 from local rank 3, transport 0
MOC-R4PCC04U05:512275:513114 [3] NCCL INFO Connected to proxy localRank 3 -> connection 0x7fc9380056b0
MOC-R4PCC04U05:512274:513117 [2] NCCL INFO GPU Direct RDMA Enabled for GPU 2 / HCA 1 (distance 5 <= 5), read 0 mode Default
MOC-R4PCC04U05:512274:512414 [2] NCCL INFO New proxy recv connection 24 from local rank 2, transport 2
MOC-R4PCC04U05:512274:513117 [2] NCCL INFO Connected to proxy localRank 2 -> connection 0x7fc9a0005a70
MOC-R4PCC04U05:512274:513117 [2] NCCL INFO Channel 02/0 : 6[2] -> 2[2] [receive] via NET/IB/1/GDRDMA
MOC-R4PCC04U05:512274:513117 [2] NCCL INFO GPU Direct RDMA Enabled for GPU 2 / HCA 1 (distance 5 <= 5), read 0 mode Default
MOC-R4PCC04U05:512274:512414 [2] NCCL INFO New proxy recv connection 25 from local rank 2, transport 2
MOC-R4PCC04U05:512274:513117 [2] NCCL INFO Connected to proxy localRank 2 -> connection 0x7fc9a0005ae8
MOC-R4PCC04U05:512274:513117 [2] NCCL INFO Channel 03/0 : 6[2] -> 2[2] [receive] via NET/IB/1/GDRDMA
MOC-R4PCC04U05:512274:513117 [2] NCCL INFO GPU Direct RDMA Enabled for GPU 2 / HCA 1 (distance 5 <= 5), read 1 mode Default
MOC-R4PCC04U05:512274:512414 [2] NCCL INFO New proxy send connection 26 from local rank 2, transport 2
MOC-R4PCC04U05:512274:513117 [2] NCCL INFO Connected to proxy localRank 2 -> connection 0x7fc9a0005b60
MOC-R4PCC04U05:512274:513117 [2] NCCL INFO Channel 00/0 : 2[2] -> 10[2] [send] via NET/IB/1/GDRDMA
MOC-R4PCC04U05:512274:513117 [2] NCCL INFO GPU Direct RDMA Enabled for GPU 2 / HCA 1 (distance 5 <= 5), read 1 mode Default
MOC-R4PCC04U05:512274:512414 [2] NCCL INFO New proxy send connection 27 from local rank 2, transport 2
MOC-R4PCC04U05:512274:513117 [2] NCCL INFO Connected to proxy localRank 2 -> connection 0x7fc9a0005bd8
MOC-R4PCC04U05:512274:513117 [2] NCCL INFO Channel 01/0 : 2[2] -> 10[2] [send] via NET/IB/1/GDRDMA
MOC-R4PCC04U05:512274:513117 [2] NCCL INFO GPU Direct RDMA Enabled for GPU 2 / HCA 1 (distance 5 <= 5), read 1 mode Default
MOC-R4PCC04U05:512274:512414 [2] NCCL INFO New proxy send connection 28 from local rank 2, transport 2
MOC-R4PCC04U05:512274:513117 [2] NCCL INFO Connected to proxy localRank 2 -> connection 0x7fc9a0005c50
MOC-R4PCC04U05:512274:513117 [2] NCCL INFO Channel 02/0 : 2[2] -> 10[2] [send] via NET/IB/1/GDRDMA
MOC-R4PCC04U05:512274:513117 [2] NCCL INFO GPU Direct RDMA Enabled for GPU 2 / HCA 1 (distance 5 <= 5), read 1 mode Default
MOC-R4PCC04U05:512274:512414 [2] NCCL INFO New proxy send connection 29 from local rank 2, transport 2
MOC-R4PCC04U05:512274:513117 [2] NCCL INFO Connected to proxy localRank 2 -> connection 0x7fc9a0005cc8
MOC-R4PCC04U05:512274:513117 [2] NCCL INFO Channel 03/0 : 2[2] -> 10[2] [send] via NET/IB/1/GDRDMA
MOC-R4PCC04U05:512274:512414 [2] NCCL INFO New proxy recv connection 30 from local rank 2, transport 0
MOC-R4PCC04U05:512274:513117 [2] NCCL INFO Connected to proxy localRank 2 -> connection 0x7fc9a0005d40
MOC-R4PCC04U05:512274:512414 [2] NCCL INFO New proxy recv connection 31 from local rank 2, transport 0
MOC-R4PCC04U05:512274:513117 [2] NCCL INFO Connected to proxy localRank 2 -> connection 0x7fc9a0005db8
MOC-R4PCC04U05:512274:512414 [2] NCCL INFO New proxy recv connection 32 from local rank 2, transport 0
MOC-R4PCC04U05:512274:513117 [2] NCCL INFO Connected to proxy localRank 2 -> connection 0x7fc9a0005e30
MOC-R4PCC04U05:512274:512414 [2] NCCL INFO New proxy recv connection 33 from local rank 2, transport 0
MOC-R4PCC04U05:512274:513117 [2] NCCL INFO Connected to proxy localRank 2 -> connection 0x7fc9a0005ea8
MOC-R4PCC04U05:512275:512413 [3] NCCL INFO New proxy send connection 17 from local rank 2, transport 0
MOC-R4PCC04U05:512274:513117 [2] NCCL INFO Connected to proxy localRank 3 -> connection 0x7fc938005728
MOC-R4PCC04U05:512274:512414 [2] NCCL INFO NET/IB: NCCL Dev 1 IbDev 0 Port 1 qpn 7844 mtu 3 query_ece={supported=1, vendor_id=0x15b3, options=0x30000002, comp_mask=0x0} GID 3 (0/C132A8C0FFFF0000) fifoRkey=0x17e5a4 fifoLkey=0x17e5a4
MOC-R4PCC04U05:512274:512414 [2] NCCL INFO NET/IB: NCCL Dev 1 IbDev 0 Port 1 qpn 7845 mtu 3 query_ece={supported=1, vendor_id=0x15b3, options=0x30000002, comp_mask=0x0} GID 3 (0/C132A8C0FFFF0000) fifoRkey=0x17da99 fifoLkey=0x17da99
MOC-R4PCC04U05:512274:512414 [2] NCCL INFO NET/IB: IbDev 0 Port 1 qpn 7922 set_ece={supported=1, vendor_id=0x15b3, options=0x0, comp_mask=0x0}
MOC-R4PCC04U05:512274:512414 [2] NCCL INFO NET/IB: IbDev 0 Port 1 qpn 7924 set_ece={supported=1, vendor_id=0x15b3, options=0x0, comp_mask=0x0}
MOC-R4PCC04U05:512274:512414 [2] NCCL INFO NET/IB: NCCL Dev 1 IbDev 0 Port 1 qpn 7856 mtu 3 query_ece={supported=1, vendor_id=0x15b3, options=0x30000002, comp_mask=0x0} GID 3 (0/C132A8C0FFFF0000) fifoRkey=0x17b878 fifoLkey=0x17b878
MOC-R4PCC04U05:512274:512414 [2] NCCL INFO NET/IB: IbDev 0 Port 1 qpn 3767 set_ece={supported=1, vendor_id=0x15b3, options=0x0, comp_mask=0x0}
MOC-R4PCC04U05:512274:512414 [2] NCCL INFO NET/IB: NCCL Dev 1 IbDev 0 Port 1 qpn 7859 mtu 3 query_ece={supported=1, vendor_id=0x15b3, options=0x30000002, comp_mask=0x0} GID 3 (0/C132A8C0FFFF0000) fifoRkey=0x17f9b8 fifoLkey=0x17f9b8
MOC-R4PCC04U05:512274:512414 [2] NCCL INFO NET/IB: IbDev 0 Port 1 qpn 3770 set_ece={supported=1, vendor_id=0x15b3, options=0x0, comp_mask=0x0}
MOC-R4PCC04U05:512274:512414 [2] NCCL INFO NET/IB: NCCL Dev 1 IbDev 0 Port 1 qpn 7860 mtu 3 query_ece={supported=1, vendor_id=0x15b3, options=0x30000002, comp_mask=0x0} GID 3 (0/C132A8C0FFFF0000) fifoRkey=0x17f5b4 fifoLkey=0x17f5b4
MOC-R4PCC04U05:512274:512414 [2] NCCL INFO NET/IB: NCCL Dev 1 IbDev 0 Port 1 qpn 7861 mtu 3 query_ece={supported=1, vendor_id=0x15b3, options=0x30000002, comp_mask=0x0} GID 3 (0/C132A8C0FFFF0000) fifoRkey=0x17fdbc fifoLkey=0x17fdbc
MOC-R4PCC04U05:512274:512414 [2] NCCL INFO NET/IB: IbDev 0 Port 1 qpn 3772 set_ece={supported=1, vendor_id=0x15b3, options=0x0, comp_mask=0x0}
MOC-R4PCC04U05:512274:512414 [2] NCCL INFO NET/IB: IbDev 0 Port 1 qpn 3774 set_ece={supported=1, vendor_id=0x15b3, options=0x0, comp_mask=0x0}
step    1/10 | train loss 11.008543 | norm 15.7801 | lr 1.00e-04 | (13786.06 ms | 28523 tok/s)
step    2/10 | train loss 10.118097 | norm 5.8209 | lr 1.00e-04 | (150.99 ms | 2604268 tok/s)
step    3/10 | train loss 9.770424 | norm 2.6297 | lr 1.00e-04 | (145.78 ms | 2697389 tok/s)
step    4/10 | train loss 9.600719 | norm 2.1155 | lr 1.00e-04 | (146.99 ms | 2675154 tok/s)
step    5/10 | train loss 9.517916 | norm 2.1044 | lr 1.00e-04 | (146.33 ms | 2687114 tok/s)
step    6/10 | train loss 9.436636 | norm 1.9994 | lr 1.00e-04 | (147.50 ms | 2665944 tok/s)
step    7/10 | train loss 9.351844 | norm 1.9450 | lr 1.00e-04 | (147.63 ms | 2663541 tok/s)
step    8/10 | train loss 9.262647 | norm 1.9094 | lr 1.00e-04 | (145.91 ms | 2694934 tok/s)
step    9/10 | train loss 9.170656 | norm 1.8626 | lr 1.00e-04 | (146.03 ms | 2692668 tok/s)
step   10/10 | train loss 9.080887 | norm 1.7797 | lr 1.00e-04 | (147.09 ms | 2673346 tok/s)
final 9 iters avg: 147.138ms
peak memory consumption: 16121 MiB
