Running pytorch 2.7.0+cu126
using device: cuda:0
total desired batch size: 2621440
=> calculated gradient accumulation steps: 10
using device: cuda:3
using device: cuda:2
using device: cuda:1
compiling the model...
DataLoader: total number of tokens: 1,661,249,667 across 103 files
MOC-R4PCC04U05:437702:437702 [0] NCCL INFO NCCL_SOCKET_IFNAME set to eno7np0
MOC-R4PCC04U05:437702:437702 [0] NCCL INFO NCCL version 2.26.2+cuda12.2
MOC-R4PCC04U05:437702:437743 [0] NCCL INFO NET/Plugin: Could not find: libnccl-net.so. Using internal net plugin.
MOC-R4PCC04U05:437702:437743 [0] NCCL INFO NET/Socket : Using [0]eno7np0:192.168.50.193<0>
MOC-R4PCC04U05:437705:437705 [3] NCCL INFO NCCL_SOCKET_IFNAME set to eno7np0
MOC-R4PCC04U05:437704:437704 [2] NCCL INFO NCCL_SOCKET_IFNAME set to eno7np0
MOC-R4PCC04U05:437703:437703 [1] NCCL INFO NCCL_SOCKET_IFNAME set to eno7np0
MOC-R4PCC04U05:437704:437704 [2] NCCL INFO NCCL version 2.26.2+cuda12.2
MOC-R4PCC04U05:437705:437705 [3] NCCL INFO NCCL version 2.26.2+cuda12.2
MOC-R4PCC04U05:437703:437703 [1] NCCL INFO NCCL version 2.26.2+cuda12.2
MOC-R4PCC04U05:437705:437745 [3] NCCL INFO NET/Plugin: Could not find: libnccl-net.so. Using internal net plugin.
MOC-R4PCC04U05:437704:437744 [2] NCCL INFO NET/Plugin: Could not find: libnccl-net.so. Using internal net plugin.
MOC-R4PCC04U05:437705:437745 [3] NCCL INFO NET/Socket : Using [0]eno7np0:192.168.50.193<0>
MOC-R4PCC04U05:437703:437746 [1] NCCL INFO NET/Plugin: Could not find: libnccl-net.so. Using internal net plugin.
MOC-R4PCC04U05:437704:437744 [2] NCCL INFO NET/Socket : Using [0]eno7np0:192.168.50.193<0>
MOC-R4PCC04U05:437703:437746 [1] NCCL INFO NET/Socket : Using [0]eno7np0:192.168.50.193<0>
MOC-R4PCC04U05:437705:437745 [3] NCCL INFO NET/Socket : GPU Direct RDMA Disabled for HCA 0 'eno7np0'
MOC-R4PCC04U05:437703:437746 [1] NCCL INFO NET/Socket : GPU Direct RDMA Disabled for HCA 0 'eno7np0'
MOC-R4PCC04U05:437704:437744 [2] NCCL INFO NET/Socket : GPU Direct RDMA Disabled for HCA 0 'eno7np0'
MOC-R4PCC04U05:437702:437743 [0] NCCL INFO NET/Socket : GPU Direct RDMA Disabled for HCA 0 'eno7np0'
MOC-R4PCC04U05:437705:437756 [3] NCCL INFO New proxy recv connection 0 from local rank 3, transport 0
MOC-R4PCC04U05:437705:437830 [3] NCCL INFO Connected to proxy localRank 3 -> connection 0x7f15b8004f30
MOC-R4PCC04U05:437705:437756 [3] NCCL INFO New proxy recv connection 1 from local rank 3, transport 0
MOC-R4PCC04U05:437705:437830 [3] NCCL INFO Connected to proxy localRank 3 -> connection 0x7f15b8004fa8
MOC-R4PCC04U05:437704:437755 [2] NCCL INFO New proxy recv connection 0 from local rank 2, transport 0
MOC-R4PCC04U05:437704:437831 [2] NCCL INFO Connected to proxy localRank 2 -> connection 0x7f1160004f30
MOC-R4PCC04U05:437703:437759 [1] NCCL INFO New proxy recv connection 0 from local rank 1, transport 0
MOC-R4PCC04U05:437703:437832 [1] NCCL INFO Connected to proxy localRank 1 -> connection 0x7f657c004f30
MOC-R4PCC04U05:437704:437755 [2] NCCL INFO New proxy recv connection 1 from local rank 2, transport 0
MOC-R4PCC04U05:437703:437759 [1] NCCL INFO New proxy recv connection 1 from local rank 1, transport 0
MOC-R4PCC04U05:437704:437831 [2] NCCL INFO Connected to proxy localRank 2 -> connection 0x7f1160004fa8
MOC-R4PCC04U05:437703:437832 [1] NCCL INFO Connected to proxy localRank 1 -> connection 0x7f657c004fa8
MOC-R4PCC04U05:437702:437758 [0] NCCL INFO New proxy send connection 0 from local rank 0, transport 0
MOC-R4PCC04U05:437702:437833 [0] NCCL INFO Connected to proxy localRank 0 -> connection 0x7f698c004f30
MOC-R4PCC04U05:437702:437758 [0] NCCL INFO New proxy send connection 1 from local rank 0, transport 0
MOC-R4PCC04U05:437702:437833 [0] NCCL INFO Connected to proxy localRank 0 -> connection 0x7f698c004fa8
MOC-R4PCC04U05:437702:437758 [0] NCCL INFO New proxy send connection 2 from local rank 0, transport 0
MOC-R4PCC04U05:437702:437833 [0] NCCL INFO Connected to proxy localRank 0 -> connection 0x7f698c005020
MOC-R4PCC04U05:437702:437758 [0] NCCL INFO New proxy send connection 3 from local rank 0, transport 0
MOC-R4PCC04U05:437702:437833 [0] NCCL INFO Connected to proxy localRank 0 -> connection 0x7f698c005098
MOC-R4PCC04U05:437705:437756 [3] NCCL INFO New proxy send connection 2 from local rank 3, transport 2
MOC-R4PCC04U05:437705:437830 [3] NCCL INFO Connected to proxy localRank 3 -> connection 0x7f15b8005020
MOC-R4PCC04U05:437705:437830 [3] NCCL INFO Channel 00/0 : 3[3] -> 6[2] [send] via NET/Socket/0
MOC-R4PCC04U05:437705:437756 [3] NCCL INFO New proxy send connection 3 from local rank 3, transport 2
MOC-R4PCC04U05:437705:437830 [3] NCCL INFO Connected to proxy localRank 3 -> connection 0x7f15b8005098
MOC-R4PCC04U05:437705:437830 [3] NCCL INFO Channel 02/0 : 3[3] -> 6[2] [send] via NET/Socket/0
MOC-R4PCC04U05:437702:437758 [0] NCCL INFO New proxy recv connection 4 from local rank 0, transport 0
MOC-R4PCC04U05:437702:437833 [0] NCCL INFO Connected to proxy localRank 0 -> connection 0x7f698c005110
MOC-R4PCC04U05:437702:437758 [0] NCCL INFO New proxy recv connection 5 from local rank 0, transport 0
MOC-R4PCC04U05:437702:437833 [0] NCCL INFO Connected to proxy localRank 0 -> connection 0x7f698c005188
MOC-R4PCC04U05:437705:437756 [3] NCCL INFO New proxy recv connection 4 from local rank 3, transport 2
MOC-R4PCC04U05:437705:437830 [3] NCCL INFO Connected to proxy localRank 3 -> connection 0x7f15b8005110
MOC-R4PCC04U05:437702:437758 [0] NCCL INFO New proxy recv connection 6 from local rank 0, transport 0
MOC-R4PCC04U05:437702:437833 [0] NCCL INFO Connected to proxy localRank 0 -> connection 0x7f698c005200
MOC-R4PCC04U05:437705:437830 [3] NCCL INFO Channel 01/0 : 6[2] -> 3[3] [receive] via NET/Socket/0
MOC-R4PCC04U05:437705:437756 [3] NCCL INFO New proxy recv connection 5 from local rank 3, transport 2
MOC-R4PCC04U05:437705:437830 [3] NCCL INFO Connected to proxy localRank 3 -> connection 0x7f15b8005188
MOC-R4PCC04U05:437702:437758 [0] NCCL INFO New proxy recv connection 7 from local rank 0, transport 0
MOC-R4PCC04U05:437702:437833 [0] NCCL INFO Connected to proxy localRank 0 -> connection 0x7f698c005278
MOC-R4PCC04U05:437705:437830 [3] NCCL INFO Channel 03/0 : 6[2] -> 3[3] [receive] via NET/Socket/0
MOC-R4PCC04U05:437705:437756 [3] NCCL INFO New proxy send connection 6 from local rank 3, transport 0
MOC-R4PCC04U05:437705:437830 [3] NCCL INFO Connected to proxy localRank 3 -> connection 0x7f15b8005200
MOC-R4PCC04U05:437705:437756 [3] NCCL INFO New proxy send connection 7 from local rank 3, transport 0
MOC-R4PCC04U05:437705:437830 [3] NCCL INFO Connected to proxy localRank 3 -> connection 0x7f15b8005278
MOC-R4PCC04U05:437703:437759 [1] NCCL INFO New proxy recv connection 2 from local rank 1, transport 0
MOC-R4PCC04U05:437703:437832 [1] NCCL INFO Connected to proxy localRank 1 -> connection 0x7f657c005020
MOC-R4PCC04U05:437702:437758 [0] NCCL INFO New proxy send connection 8 from local rank 3, transport 0
MOC-R4PCC04U05:437705:437830 [3] NCCL INFO Connected to proxy localRank 0 -> connection 0x7f698c0052f0
MOC-R4PCC04U05:437703:437759 [1] NCCL INFO New proxy recv connection 3 from local rank 1, transport 0
MOC-R4PCC04U05:437703:437832 [1] NCCL INFO Connected to proxy localRank 1 -> connection 0x7f657c005098
MOC-R4PCC04U05:437703:437759 [1] NCCL INFO New proxy send connection 4 from local rank 1, transport 0
MOC-R4PCC04U05:437703:437832 [1] NCCL INFO Connected to proxy localRank 1 -> connection 0x7f657c005110
MOC-R4PCC04U05:437704:437755 [2] NCCL INFO New proxy recv connection 2 from local rank 2, transport 2
MOC-R4PCC04U05:437704:437831 [2] NCCL INFO Connected to proxy localRank 2 -> connection 0x7f1160005020
MOC-R4PCC04U05:437704:437831 [2] NCCL INFO Channel 00/0 : 7[3] -> 2[2] [receive] via NET/Socket/0
MOC-R4PCC04U05:437704:437755 [2] NCCL INFO New proxy recv connection 3 from local rank 2, transport 2
MOC-R4PCC04U05:437704:437831 [2] NCCL INFO Connected to proxy localRank 2 -> connection 0x7f1160005098
MOC-R4PCC04U05:437704:437831 [2] NCCL INFO Channel 02/0 : 7[3] -> 2[2] [receive] via NET/Socket/0
MOC-R4PCC04U05:437704:437755 [2] NCCL INFO New proxy send connection 4 from local rank 2, transport 2
MOC-R4PCC04U05:437704:437831 [2] NCCL INFO Connected to proxy localRank 2 -> connection 0x7f1160005110
MOC-R4PCC04U05:437704:437831 [2] NCCL INFO Channel 01/0 : 2[2] -> 7[3] [send] via NET/Socket/0
MOC-R4PCC04U05:437704:437755 [2] NCCL INFO New proxy send connection 5 from local rank 2, transport 2
MOC-R4PCC04U05:437704:437831 [2] NCCL INFO Connected to proxy localRank 2 -> connection 0x7f1160005188
MOC-R4PCC04U05:437704:437831 [2] NCCL INFO Channel 03/0 : 2[2] -> 7[3] [send] via NET/Socket/0
MOC-R4PCC04U05:437704:437755 [2] NCCL INFO New proxy send connection 6 from local rank 2, transport 0
MOC-R4PCC04U05:437704:437831 [2] NCCL INFO Connected to proxy localRank 2 -> connection 0x7f1160005200
MOC-R4PCC04U05:437703:437759 [1] NCCL INFO New proxy send connection 5 from local rank 1, transport 0
MOC-R4PCC04U05:437703:437832 [1] NCCL INFO Connected to proxy localRank 1 -> connection 0x7f657c005188
MOC-R4PCC04U05:437704:437755 [2] NCCL INFO New proxy send connection 7 from local rank 2, transport 0
MOC-R4PCC04U05:437704:437831 [2] NCCL INFO Connected to proxy localRank 2 -> connection 0x7f1160005278
MOC-R4PCC04U05:437703:437759 [1] NCCL INFO New proxy send connection 6 from local rank 1, transport 0
MOC-R4PCC04U05:437703:437832 [1] NCCL INFO Connected to proxy localRank 1 -> connection 0x7f657c005200
MOC-R4PCC04U05:437703:437759 [1] NCCL INFO New proxy send connection 7 from local rank 1, transport 0
MOC-R4PCC04U05:437703:437832 [1] NCCL INFO Connected to proxy localRank 1 -> connection 0x7f657c005278
MOC-R4PCC04U05:437702:437758 [0] NCCL INFO New proxy send connection 9 from local rank 2, transport 0
MOC-R4PCC04U05:437704:437831 [2] NCCL INFO Connected to proxy localRank 0 -> connection 0x7f698c005368
MOC-R4PCC04U05:437704:437755 [2] NCCL INFO New proxy send connection 8 from local rank 0, transport 0
MOC-R4PCC04U05:437702:437833 [0] NCCL INFO Connected to proxy localRank 2 -> connection 0x7f11600052f0
MOC-R4PCC04U05:437705:437756 [3] NCCL INFO New proxy send connection 8 from local rank 1, transport 0
MOC-R4PCC04U05:437703:437832 [1] NCCL INFO Connected to proxy localRank 3 -> connection 0x7f15b80052f0
MOC-R4PCC04U05:437703:437759 [1] NCCL INFO New proxy send connection 8 from local rank 3, transport 0
MOC-R4PCC04U05:437705:437830 [3] NCCL INFO Connected to proxy localRank 1 -> connection 0x7f657c0052f0
MOC-R4PCC04U05:437703:437759 [1] NCCL INFO New proxy send connection 9 from local rank 2, transport 0
MOC-R4PCC04U05:437704:437831 [2] NCCL INFO Connected to proxy localRank 1 -> connection 0x7f657c005368
MOC-R4PCC04U05:437705:437756 [3] NCCL INFO New proxy send connection 9 from local rank 0, transport 0
MOC-R4PCC04U05:437702:437833 [0] NCCL INFO Connected to proxy localRank 3 -> connection 0x7f15b8005368
MOC-R4PCC04U05:437702:437758 [0] NCCL INFO New proxy send connection 10 from local rank 1, transport 0
MOC-R4PCC04U05:437703:437832 [1] NCCL INFO Connected to proxy localRank 0 -> connection 0x7f698c0053e0
MOC-R4PCC04U05:437703:437759 [1] NCCL INFO New proxy send connection 10 from local rank 0, transport 0
MOC-R4PCC04U05:437702:437833 [0] NCCL INFO Connected to proxy localRank 1 -> connection 0x7f657c0053e0
MOC-R4PCC04U05:437704:437755 [2] NCCL INFO New proxy send connection 9 from local rank 1, transport 0
MOC-R4PCC04U05:437703:437832 [1] NCCL INFO Connected to proxy localRank 2 -> connection 0x7f1160005368
num decayed parameter tensors: 50, with 124,318,464 parameters
num non-decayed parameter tensors: 98, with 121,344 parameters
using fused AdamW: False
using regular AdamW
MOC-R4PCC04U05:437702:437758 [0] NCCL INFO New proxy send connection 11 from local rank 0, transport 0
MOC-R4PCC04U05:437702:438475 [0] NCCL INFO Connected to proxy localRank 0 -> connection 0x7f698c005458
MOC-R4PCC04U05:437702:437758 [0] NCCL INFO New proxy send connection 12 from local rank 0, transport 0
MOC-R4PCC04U05:437702:438475 [0] NCCL INFO Connected to proxy localRank 0 -> connection 0x7f698c0054d0
MOC-R4PCC04U05:437702:437758 [0] NCCL INFO New proxy send connection 13 from local rank 0, transport 0
MOC-R4PCC04U05:437702:438475 [0] NCCL INFO Connected to proxy localRank 0 -> connection 0x7f698c005548
MOC-R4PCC04U05:437702:437758 [0] NCCL INFO New proxy send connection 14 from local rank 0, transport 0
MOC-R4PCC04U05:437702:438475 [0] NCCL INFO Connected to proxy localRank 0 -> connection 0x7f698c0055c0
MOC-R4PCC04U05:437703:437759 [1] NCCL INFO New proxy recv connection 11 from local rank 1, transport 0
MOC-R4PCC04U05:437703:438476 [1] NCCL INFO Connected to proxy localRank 1 -> connection 0x7f657c005458
MOC-R4PCC04U05:437703:437759 [1] NCCL INFO New proxy recv connection 12 from local rank 1, transport 0
MOC-R4PCC04U05:437703:438476 [1] NCCL INFO Connected to proxy localRank 1 -> connection 0x7f657c0054d0
MOC-R4PCC04U05:437703:437759 [1] NCCL INFO New proxy recv connection 13 from local rank 1, transport 0
MOC-R4PCC04U05:437703:438476 [1] NCCL INFO Connected to proxy localRank 1 -> connection 0x7f657c005548
MOC-R4PCC04U05:437703:437759 [1] NCCL INFO New proxy recv connection 14 from local rank 1, transport 0
MOC-R4PCC04U05:437703:438476 [1] NCCL INFO Connected to proxy localRank 1 -> connection 0x7f657c0055c0
MOC-R4PCC04U05:437703:437759 [1] NCCL INFO New proxy send connection 15 from local rank 1, transport 0
MOC-R4PCC04U05:437703:438476 [1] NCCL INFO Connected to proxy localRank 1 -> connection 0x7f657c005638
MOC-R4PCC04U05:437703:437759 [1] NCCL INFO New proxy send connection 16 from local rank 1, transport 0
MOC-R4PCC04U05:437703:438476 [1] NCCL INFO Connected to proxy localRank 1 -> connection 0x7f657c0056b0
MOC-R4PCC04U05:437703:437759 [1] NCCL INFO New proxy send connection 17 from local rank 1, transport 0
MOC-R4PCC04U05:437703:438476 [1] NCCL INFO Connected to proxy localRank 1 -> connection 0x7f657c005728
MOC-R4PCC04U05:437703:437759 [1] NCCL INFO New proxy send connection 18 from local rank 1, transport 0
MOC-R4PCC04U05:437703:438476 [1] NCCL INFO Connected to proxy localRank 1 -> connection 0x7f657c0057a0
MOC-R4PCC04U05:437702:437758 [0] NCCL INFO New proxy send connection 15 from local rank 0, transport 0
MOC-R4PCC04U05:437702:438475 [0] NCCL INFO Connected to proxy localRank 0 -> connection 0x7f698c005638
MOC-R4PCC04U05:437702:437758 [0] NCCL INFO New proxy send connection 16 from local rank 0, transport 0
MOC-R4PCC04U05:437702:438475 [0] NCCL INFO Connected to proxy localRank 0 -> connection 0x7f698c0056b0
MOC-R4PCC04U05:437705:437756 [3] NCCL INFO New proxy recv connection 10 from local rank 3, transport 0
MOC-R4PCC04U05:437705:438477 [3] NCCL INFO Connected to proxy localRank 3 -> connection 0x7f15b80053e0
MOC-R4PCC04U05:437705:437756 [3] NCCL INFO New proxy recv connection 11 from local rank 3, transport 0
MOC-R4PCC04U05:437705:438477 [3] NCCL INFO Connected to proxy localRank 3 -> connection 0x7f15b8005458
MOC-R4PCC04U05:437705:437756 [3] NCCL INFO New proxy recv connection 12 from local rank 3, transport 2
MOC-R4PCC04U05:437705:438477 [3] NCCL INFO Connected to proxy localRank 3 -> connection 0x7f15b80054d0
MOC-R4PCC04U05:437702:437758 [0] NCCL INFO New proxy recv connection 17 from local rank 0, transport 0
MOC-R4PCC04U05:437702:438475 [0] NCCL INFO Connected to proxy localRank 0 -> connection 0x7f698c005728
MOC-R4PCC04U05:437705:438477 [3] NCCL INFO Channel 00/0 : 7[3] -> 3[3] [receive] via NET/Socket/0
MOC-R4PCC04U05:437705:437756 [3] NCCL INFO New proxy recv connection 13 from local rank 3, transport 2
MOC-R4PCC04U05:437705:438477 [3] NCCL INFO Connected to proxy localRank 3 -> connection 0x7f15b8005548
MOC-R4PCC04U05:437705:438477 [3] NCCL INFO Channel 01/0 : 7[3] -> 3[3] [receive] via NET/Socket/0
MOC-R4PCC04U05:437705:437756 [3] NCCL INFO New proxy recv connection 14 from local rank 3, transport 2
MOC-R4PCC04U05:437705:438477 [3] NCCL INFO Connected to proxy localRank 3 -> connection 0x7f15b80055c0
MOC-R4PCC04U05:437702:437758 [0] NCCL INFO New proxy recv connection 18 from local rank 0, transport 0
MOC-R4PCC04U05:437702:438475 [0] NCCL INFO Connected to proxy localRank 0 -> connection 0x7f698c0057a0
MOC-R4PCC04U05:437702:437758 [0] NCCL INFO New proxy recv connection 19 from local rank 0, transport 0
MOC-R4PCC04U05:437702:438475 [0] NCCL INFO Connected to proxy localRank 0 -> connection 0x7f698c005818
MOC-R4PCC04U05:437705:438477 [3] NCCL INFO Channel 02/0 : 7[3] -> 3[3] [receive] via NET/Socket/0
MOC-R4PCC04U05:437705:437756 [3] NCCL INFO New proxy recv connection 15 from local rank 3, transport 2
MOC-R4PCC04U05:437705:438477 [3] NCCL INFO Connected to proxy localRank 3 -> connection 0x7f15b8005638
MOC-R4PCC04U05:437702:437758 [0] NCCL INFO New proxy recv connection 20 from local rank 0, transport 0
MOC-R4PCC04U05:437702:438475 [0] NCCL INFO Connected to proxy localRank 0 -> connection 0x7f698c005890
MOC-R4PCC04U05:437705:438477 [3] NCCL INFO Channel 03/0 : 7[3] -> 3[3] [receive] via NET/Socket/0
MOC-R4PCC04U05:437705:437756 [3] NCCL INFO New proxy send connection 16 from local rank 3, transport 2
MOC-R4PCC04U05:437705:438477 [3] NCCL INFO Connected to proxy localRank 3 -> connection 0x7f15b80056b0
MOC-R4PCC04U05:437705:438477 [3] NCCL INFO Channel 00/0 : 3[3] -> 7[3] [send] via NET/Socket/0
MOC-R4PCC04U05:437705:437756 [3] NCCL INFO New proxy send connection 17 from local rank 3, transport 2
MOC-R4PCC04U05:437705:438477 [3] NCCL INFO Connected to proxy localRank 3 -> connection 0x7f15b8005728
MOC-R4PCC04U05:437705:438477 [3] NCCL INFO Channel 01/0 : 3[3] -> 7[3] [send] via NET/Socket/0
MOC-R4PCC04U05:437705:437756 [3] NCCL INFO New proxy send connection 18 from local rank 3, transport 2
MOC-R4PCC04U05:437705:438477 [3] NCCL INFO Connected to proxy localRank 3 -> connection 0x7f15b80057a0
MOC-R4PCC04U05:437705:438477 [3] NCCL INFO Channel 02/0 : 3[3] -> 7[3] [send] via NET/Socket/0
MOC-R4PCC04U05:437705:437756 [3] NCCL INFO New proxy send connection 19 from local rank 3, transport 2
MOC-R4PCC04U05:437705:438477 [3] NCCL INFO Connected to proxy localRank 3 -> connection 0x7f15b8005818
MOC-R4PCC04U05:437705:438477 [3] NCCL INFO Channel 03/0 : 3[3] -> 7[3] [send] via NET/Socket/0
MOC-R4PCC04U05:437705:437756 [3] NCCL INFO New proxy send connection 20 from local rank 3, transport 0
MOC-R4PCC04U05:437705:438477 [3] NCCL INFO Connected to proxy localRank 3 -> connection 0x7f15b8005890
MOC-R4PCC04U05:437705:437756 [3] NCCL INFO New proxy send connection 21 from local rank 3, transport 0
MOC-R4PCC04U05:437705:438477 [3] NCCL INFO Connected to proxy localRank 3 -> connection 0x7f15b8005908
MOC-R4PCC04U05:437705:437756 [3] NCCL INFO New proxy send connection 22 from local rank 3, transport 0
MOC-R4PCC04U05:437705:438477 [3] NCCL INFO Connected to proxy localRank 3 -> connection 0x7f15b8005980
MOC-R4PCC04U05:437705:437756 [3] NCCL INFO New proxy send connection 23 from local rank 3, transport 0
MOC-R4PCC04U05:437705:438477 [3] NCCL INFO Connected to proxy localRank 3 -> connection 0x7f15b80059f8
MOC-R4PCC04U05:437704:437755 [2] NCCL INFO New proxy recv connection 10 from local rank 2, transport 0
MOC-R4PCC04U05:437704:438478 [2] NCCL INFO Connected to proxy localRank 2 -> connection 0x7f11600053e0
MOC-R4PCC04U05:437704:437755 [2] NCCL INFO New proxy recv connection 11 from local rank 2, transport 0
MOC-R4PCC04U05:437704:438478 [2] NCCL INFO Connected to proxy localRank 2 -> connection 0x7f1160005458
MOC-R4PCC04U05:437704:437755 [2] NCCL INFO New proxy recv connection 12 from local rank 2, transport 0
MOC-R4PCC04U05:437704:438478 [2] NCCL INFO Connected to proxy localRank 2 -> connection 0x7f11600054d0
MOC-R4PCC04U05:437704:437755 [2] NCCL INFO New proxy recv connection 13 from local rank 2, transport 0
MOC-R4PCC04U05:437704:438478 [2] NCCL INFO Connected to proxy localRank 2 -> connection 0x7f1160005548
MOC-R4PCC04U05:437704:437755 [2] NCCL INFO New proxy send connection 14 from local rank 2, transport 0
MOC-R4PCC04U05:437704:438478 [2] NCCL INFO Connected to proxy localRank 2 -> connection 0x7f11600055c0
MOC-R4PCC04U05:437703:437759 [1] NCCL INFO New proxy recv connection 19 from local rank 1, transport 0
MOC-R4PCC04U05:437703:438476 [1] NCCL INFO Connected to proxy localRank 1 -> connection 0x7f657c005818
MOC-R4PCC04U05:437704:437755 [2] NCCL INFO New proxy send connection 15 from local rank 2, transport 0
MOC-R4PCC04U05:437704:438478 [2] NCCL INFO Connected to proxy localRank 2 -> connection 0x7f1160005638
MOC-R4PCC04U05:437703:437759 [1] NCCL INFO New proxy recv connection 20 from local rank 1, transport 0
MOC-R4PCC04U05:437703:438476 [1] NCCL INFO Connected to proxy localRank 1 -> connection 0x7f657c005890
step    1/10 | train loss 11.009525 | norm 15.3465 | lr 1.00e-04 | (15048.88 ms | 174195 tok/s)
step    2/10 | train loss 10.140071 | norm 5.7338 | lr 1.00e-04 | (810.57 ms | 3234087 tok/s)
step    3/10 | train loss 9.800386 | norm 2.6009 | lr 1.00e-04 | (809.05 ms | 3240160 tok/s)
step    4/10 | train loss 9.631470 | norm 2.1085 | lr 1.00e-04 | (813.38 ms | 3222903 tok/s)
step    5/10 | train loss 9.548710 | norm 2.0999 | lr 1.00e-04 | (810.59 ms | 3233984 tok/s)
step    6/10 | train loss 9.467639 | norm 1.9930 | lr 1.00e-04 | (824.23 ms | 3180457 tok/s)
step    7/10 | train loss 9.382124 | norm 1.9432 | lr 1.00e-04 | (815.96 ms | 3212710 tok/s)
step    8/10 | train loss 9.290379 | norm 1.9093 | lr 1.00e-04 | (809.79 ms | 3237184 tok/s)
step    9/10 | train loss 9.195255 | norm 1.8505 | lr 1.00e-04 | (810.59 ms | 3234007 tok/s)
step   10/10 | train loss 9.111425 | norm 1.7945 | lr 1.00e-04 | (809.13 ms | 3239829 tok/s)
final 9 iters avg: 812.587ms
peak memory consumption: 16601 MiB
