Running pytorch 2.7.0+cu126
using device: cuda:0
total desired batch size: 3932160
=> calculated gradient accumulation steps: 10
using device: cuda:3
using device: cuda:1
using device: cuda:2
compiling the model...
DataLoader: total number of tokens: 1,661,249,667 across 103 files
MOC-R4PCC04U05:620453:620453 [0] NCCL INFO NCCL_SOCKET_IFNAME set to eno7np0
MOC-R4PCC04U05:620453:620453 [0] NCCL INFO NCCL version 2.26.2+cuda12.2
MOC-R4PCC04U05:620453:620559 [0] NCCL INFO NET/Plugin: Could not find: libnccl-net.so. Using internal net plugin.
MOC-R4PCC04U05:620453:620559 [0] NCCL INFO NCCL_IB_HCA set to mlx5_5
MOC-R4PCC04U05:620453:620559 [0] NCCL INFO NET/IB : Made virtual device [0] name=mlx5_5 speed=400000 ndevs=1
MOC-R4PCC04U05:620453:620559 [0] NCCL INFO NET/IB : Using [0]mlx5_5:1/RoCE [RO]; OOB eno7np0:192.168.50.193<0>
MOC-R4PCC04U05:620454:620454 [1] NCCL INFO NCCL_SOCKET_IFNAME set to eno7np0
MOC-R4PCC04U05:620454:620454 [1] NCCL INFO NCCL version 2.26.2+cuda12.2
MOC-R4PCC04U05:620455:620455 [2] NCCL INFO NCCL_SOCKET_IFNAME set to eno7np0
MOC-R4PCC04U05:620455:620455 [2] NCCL INFO NCCL version 2.26.2+cuda12.2
MOC-R4PCC04U05:620456:620456 [3] NCCL INFO NCCL_SOCKET_IFNAME set to eno7np0
MOC-R4PCC04U05:620456:620456 [3] NCCL INFO NCCL version 2.26.2+cuda12.2
MOC-R4PCC04U05:620454:620582 [1] NCCL INFO NET/Plugin: Could not find: libnccl-net.so. Using internal net plugin.
MOC-R4PCC04U05:620454:620582 [1] NCCL INFO NCCL_IB_HCA set to mlx5_5
MOC-R4PCC04U05:620456:620584 [3] NCCL INFO NET/Plugin: Could not find: libnccl-net.so. Using internal net plugin.
MOC-R4PCC04U05:620455:620583 [2] NCCL INFO NET/Plugin: Could not find: libnccl-net.so. Using internal net plugin.
MOC-R4PCC04U05:620456:620584 [3] NCCL INFO NCCL_IB_HCA set to mlx5_5
MOC-R4PCC04U05:620455:620583 [2] NCCL INFO NCCL_IB_HCA set to mlx5_5
MOC-R4PCC04U05:620454:620582 [1] NCCL INFO NET/IB : Made virtual device [0] name=mlx5_5 speed=400000 ndevs=1
MOC-R4PCC04U05:620454:620582 [1] NCCL INFO NET/IB : Using [0]mlx5_5:1/RoCE [RO]; OOB eno7np0:192.168.50.193<0>
MOC-R4PCC04U05:620455:620583 [2] NCCL INFO NET/IB : Made virtual device [0] name=mlx5_5 speed=400000 ndevs=1
MOC-R4PCC04U05:620456:620584 [3] NCCL INFO NET/IB : Made virtual device [0] name=mlx5_5 speed=400000 ndevs=1
MOC-R4PCC04U05:620455:620583 [2] NCCL INFO NET/IB : Using [0]mlx5_5:1/RoCE [RO]; OOB eno7np0:192.168.50.193<0>
MOC-R4PCC04U05:620456:620584 [3] NCCL INFO NET/IB : Using [0]mlx5_5:1/RoCE [RO]; OOB eno7np0:192.168.50.193<0>
MOC-R4PCC04U05:620455:620583 [2] NCCL INFO NET/IB : GPU Direct RDMA Enabled for HCA 0 'mlx5_5'
MOC-R4PCC04U05:620455:620583 [2] NCCL INFO NET/IB : Made virtual device [1] name=mlx5_5 speed=400000 ndevs=1
MOC-R4PCC04U05:620455:620583 [2] NCCL INFO NET/IB : GPU Direct RDMA Enabled for HCA 0 'mlx5_5'
MOC-R4PCC04U05:620455:620583 [2] NCCL INFO NET/IB : GPU Direct RDMA Enabled for HCA 1 'mlx5_5'
MOC-R4PCC04U05:620454:620582 [1] NCCL INFO NET/IB : GPU Direct RDMA Enabled for HCA 0 'mlx5_5'
MOC-R4PCC04U05:620454:620582 [1] NCCL INFO NET/IB : Made virtual device [1] name=mlx5_5 speed=400000 ndevs=1
MOC-R4PCC04U05:620454:620582 [1] NCCL INFO NET/IB : GPU Direct RDMA Enabled for HCA 0 'mlx5_5'
MOC-R4PCC04U05:620454:620582 [1] NCCL INFO NET/IB : GPU Direct RDMA Enabled for HCA 1 'mlx5_5'
MOC-R4PCC04U05:620456:620584 [3] NCCL INFO NET/IB : GPU Direct RDMA Enabled for HCA 0 'mlx5_5'
MOC-R4PCC04U05:620456:620584 [3] NCCL INFO NET/IB : Made virtual device [1] name=mlx5_5 speed=400000 ndevs=1
MOC-R4PCC04U05:620456:620584 [3] NCCL INFO NET/IB : GPU Direct RDMA Enabled for HCA 0 'mlx5_5'
MOC-R4PCC04U05:620456:620584 [3] NCCL INFO NET/IB : GPU Direct RDMA Enabled for HCA 1 'mlx5_5'
MOC-R4PCC04U05:620453:620559 [0] NCCL INFO NET/IB : GPU Direct RDMA Enabled for HCA 0 'mlx5_5'
MOC-R4PCC04U05:620453:620559 [0] NCCL INFO NET/IB : Made virtual device [1] name=mlx5_5 speed=400000 ndevs=1
MOC-R4PCC04U05:620453:620559 [0] NCCL INFO NET/IB : GPU Direct RDMA Enabled for HCA 0 'mlx5_5'
MOC-R4PCC04U05:620453:620559 [0] NCCL INFO NET/IB : GPU Direct RDMA Enabled for HCA 1 'mlx5_5'
MOC-R4PCC04U05:620453:620559 [0] NCCL INFO GPU Direct RDMA Enabled for GPU 0 / HCA 1 (distance 5 <= 5), read 0 mode Default
MOC-R4PCC04U05:620453:620559 [0] NCCL INFO GPU Direct RDMA Enabled for GPU 1 / HCA 1 (distance 5 <= 5), read 0 mode Default
MOC-R4PCC04U05:620453:620559 [0] NCCL INFO GPU Direct RDMA Enabled for GPU 2 / HCA 1 (distance 5 <= 5), read 0 mode Default
MOC-R4PCC04U05:620453:620559 [0] NCCL INFO GPU Direct RDMA Enabled for GPU 3 / HCA 1 (distance 5 <= 5), read 0 mode Default
MOC-R4PCC04U05:620453:620559 [0] NCCL INFO GPU Direct RDMA Enabled for GPU 0 / HCA 1 (distance 5 <= 5), read 0 mode Default
MOC-R4PCC04U05:620453:620559 [0] NCCL INFO GPU Direct RDMA Enabled for GPU 1 / HCA 1 (distance 5 <= 5), read 0 mode Default
MOC-R4PCC04U05:620453:620559 [0] NCCL INFO GPU Direct RDMA Enabled for GPU 2 / HCA 1 (distance 5 <= 5), read 0 mode Default
MOC-R4PCC04U05:620453:620559 [0] NCCL INFO GPU Direct RDMA Enabled for GPU 3 / HCA 1 (distance 5 <= 5), read 0 mode Default
MOC-R4PCC04U05:620456:620584 [3] NCCL INFO GPU Direct RDMA Enabled for GPU 0 / HCA 1 (distance 5 <= 5), read 0 mode Default
MOC-R4PCC04U05:620456:620584 [3] NCCL INFO GPU Direct RDMA Enabled for GPU 1 / HCA 1 (distance 5 <= 5), read 0 mode Default
MOC-R4PCC04U05:620454:620582 [1] NCCL INFO GPU Direct RDMA Enabled for GPU 0 / HCA 1 (distance 5 <= 5), read 0 mode Default
MOC-R4PCC04U05:620456:620584 [3] NCCL INFO GPU Direct RDMA Enabled for GPU 2 / HCA 1 (distance 5 <= 5), read 0 mode Default
MOC-R4PCC04U05:620454:620582 [1] NCCL INFO GPU Direct RDMA Enabled for GPU 1 / HCA 1 (distance 5 <= 5), read 0 mode Default
MOC-R4PCC04U05:620456:620584 [3] NCCL INFO GPU Direct RDMA Enabled for GPU 3 / HCA 1 (distance 5 <= 5), read 0 mode Default
MOC-R4PCC04U05:620454:620582 [1] NCCL INFO GPU Direct RDMA Enabled for GPU 2 / HCA 1 (distance 5 <= 5), read 0 mode Default
MOC-R4PCC04U05:620454:620582 [1] NCCL INFO GPU Direct RDMA Enabled for GPU 3 / HCA 1 (distance 5 <= 5), read 0 mode Default
MOC-R4PCC04U05:620456:620584 [3] NCCL INFO GPU Direct RDMA Enabled for GPU 0 / HCA 1 (distance 5 <= 5), read 0 mode Default
MOC-R4PCC04U05:620456:620584 [3] NCCL INFO GPU Direct RDMA Enabled for GPU 1 / HCA 1 (distance 5 <= 5), read 0 mode Default
MOC-R4PCC04U05:620454:620582 [1] NCCL INFO GPU Direct RDMA Enabled for GPU 0 / HCA 1 (distance 5 <= 5), read 0 mode Default
MOC-R4PCC04U05:620456:620584 [3] NCCL INFO GPU Direct RDMA Enabled for GPU 2 / HCA 1 (distance 5 <= 5), read 0 mode Default
MOC-R4PCC04U05:620454:620582 [1] NCCL INFO GPU Direct RDMA Enabled for GPU 1 / HCA 1 (distance 5 <= 5), read 0 mode Default
MOC-R4PCC04U05:620456:620584 [3] NCCL INFO GPU Direct RDMA Enabled for GPU 3 / HCA 1 (distance 5 <= 5), read 0 mode Default
MOC-R4PCC04U05:620454:620582 [1] NCCL INFO GPU Direct RDMA Enabled for GPU 2 / HCA 1 (distance 5 <= 5), read 0 mode Default
MOC-R4PCC04U05:620454:620582 [1] NCCL INFO GPU Direct RDMA Enabled for GPU 3 / HCA 1 (distance 5 <= 5), read 0 mode Default
MOC-R4PCC04U05:620455:620583 [2] NCCL INFO GPU Direct RDMA Enabled for GPU 0 / HCA 1 (distance 5 <= 5), read 0 mode Default
MOC-R4PCC04U05:620455:620583 [2] NCCL INFO GPU Direct RDMA Enabled for GPU 1 / HCA 1 (distance 5 <= 5), read 0 mode Default
MOC-R4PCC04U05:620455:620583 [2] NCCL INFO GPU Direct RDMA Enabled for GPU 2 / HCA 1 (distance 5 <= 5), read 0 mode Default
MOC-R4PCC04U05:620455:620583 [2] NCCL INFO GPU Direct RDMA Enabled for GPU 3 / HCA 1 (distance 5 <= 5), read 0 mode Default
MOC-R4PCC04U05:620455:620583 [2] NCCL INFO GPU Direct RDMA Enabled for GPU 0 / HCA 1 (distance 5 <= 5), read 0 mode Default
MOC-R4PCC04U05:620455:620583 [2] NCCL INFO GPU Direct RDMA Enabled for GPU 1 / HCA 1 (distance 5 <= 5), read 0 mode Default
MOC-R4PCC04U05:620455:620583 [2] NCCL INFO GPU Direct RDMA Enabled for GPU 2 / HCA 1 (distance 5 <= 5), read 0 mode Default
MOC-R4PCC04U05:620455:620583 [2] NCCL INFO GPU Direct RDMA Enabled for GPU 3 / HCA 1 (distance 5 <= 5), read 0 mode Default
MOC-R4PCC04U05:620456:620596 [3] NCCL INFO New proxy recv connection 0 from local rank 3, transport 0
MOC-R4PCC04U05:620456:620604 [3] NCCL INFO Connected to proxy localRank 3 -> connection 0x7f37b8004f30
MOC-R4PCC04U05:620453:620602 [0] NCCL INFO New proxy send connection 0 from local rank 0, transport 0
MOC-R4PCC04U05:620453:620605 [0] NCCL INFO Connected to proxy localRank 0 -> connection 0x7fcbcc004f30
MOC-R4PCC04U05:620456:620596 [3] NCCL INFO New proxy recv connection 1 from local rank 3, transport 0
MOC-R4PCC04U05:620456:620604 [3] NCCL INFO Connected to proxy localRank 3 -> connection 0x7f37b8004fa8
MOC-R4PCC04U05:620453:620602 [0] NCCL INFO New proxy send connection 1 from local rank 0, transport 0
MOC-R4PCC04U05:620453:620605 [0] NCCL INFO Connected to proxy localRank 0 -> connection 0x7fcbcc004fa8
MOC-R4PCC04U05:620454:620597 [1] NCCL INFO New proxy recv connection 0 from local rank 1, transport 0
MOC-R4PCC04U05:620456:620596 [3] NCCL INFO New proxy recv connection 2 from local rank 3, transport 0
MOC-R4PCC04U05:620454:620606 [1] NCCL INFO Connected to proxy localRank 1 -> connection 0x7fcae0004f30
MOC-R4PCC04U05:620456:620604 [3] NCCL INFO Connected to proxy localRank 3 -> connection 0x7f37b8005020
MOC-R4PCC04U05:620453:620602 [0] NCCL INFO New proxy send connection 2 from local rank 0, transport 0
MOC-R4PCC04U05:620453:620605 [0] NCCL INFO Connected to proxy localRank 0 -> connection 0x7fcbcc005020
MOC-R4PCC04U05:620456:620596 [3] NCCL INFO New proxy recv connection 3 from local rank 3, transport 0
MOC-R4PCC04U05:620456:620604 [3] NCCL INFO Connected to proxy localRank 3 -> connection 0x7f37b8005098
MOC-R4PCC04U05:620454:620597 [1] NCCL INFO New proxy recv connection 1 from local rank 1, transport 0
MOC-R4PCC04U05:620454:620606 [1] NCCL INFO Connected to proxy localRank 1 -> connection 0x7fcae0004fa8
MOC-R4PCC04U05:620453:620602 [0] NCCL INFO New proxy send connection 3 from local rank 0, transport 0
MOC-R4PCC04U05:620453:620605 [0] NCCL INFO Connected to proxy localRank 0 -> connection 0x7fcbcc005098
MOC-R4PCC04U05:620456:620604 [3] NCCL INFO GPU Direct RDMA Enabled for GPU 3 / HCA 1 (distance 5 <= 5), read 1 mode Default
MOC-R4PCC04U05:620454:620597 [1] NCCL INFO New proxy recv connection 2 from local rank 1, transport 0
MOC-R4PCC04U05:620454:620606 [1] NCCL INFO Connected to proxy localRank 1 -> connection 0x7fcae0005020
MOC-R4PCC04U05:620455:620607 [2] NCCL INFO GPU Direct RDMA Enabled for GPU 2 / HCA 1 (distance 5 <= 5), read 0 mode Default
MOC-R4PCC04U05:620454:620597 [1] NCCL INFO New proxy recv connection 3 from local rank 1, transport 0
MOC-R4PCC04U05:620454:620606 [1] NCCL INFO Connected to proxy localRank 1 -> connection 0x7fcae0005098
MOC-R4PCC04U05:620454:620597 [1] NCCL INFO New proxy send connection 4 from local rank 1, transport 0
MOC-R4PCC04U05:620454:620606 [1] NCCL INFO Connected to proxy localRank 1 -> connection 0x7fcae0005110
MOC-R4PCC04U05:620454:620597 [1] NCCL INFO New proxy send connection 5 from local rank 1, transport 0
MOC-R4PCC04U05:620454:620606 [1] NCCL INFO Connected to proxy localRank 1 -> connection 0x7fcae0005188
MOC-R4PCC04U05:620454:620597 [1] NCCL INFO New proxy send connection 6 from local rank 1, transport 0
MOC-R4PCC04U05:620454:620606 [1] NCCL INFO Connected to proxy localRank 1 -> connection 0x7fcae0005200
MOC-R4PCC04U05:620454:620597 [1] NCCL INFO New proxy send connection 7 from local rank 1, transport 0
MOC-R4PCC04U05:620454:620606 [1] NCCL INFO Connected to proxy localRank 1 -> connection 0x7fcae0005278
MOC-R4PCC04U05:620455:620598 [2] NCCL INFO New proxy send connection 0 from local rank 3, transport 2
MOC-R4PCC04U05:620455:620598 [2] NCCL INFO New proxy recv connection 1 from local rank 2, transport 2
MOC-R4PCC04U05:620456:620604 [3] NCCL INFO Connected to proxy localRank 2 -> connection 0x7f76e0004f30
MOC-R4PCC04U05:620456:620604 [3] NCCL INFO Channel 00/0 : 3[3] -> 6[2] [send] via NET/IB/1(2)/GDRDMA
MOC-R4PCC04U05:620456:620604 [3] NCCL INFO GPU Direct RDMA Enabled for GPU 3 / HCA 1 (distance 5 <= 5), read 1 mode Default
MOC-R4PCC04U05:620455:620607 [2] NCCL INFO Connected to proxy localRank 2 -> connection 0x7f76e0004fa8
MOC-R4PCC04U05:620455:620598 [2] NCCL INFO New proxy send connection 2 from local rank 3, transport 2
MOC-R4PCC04U05:620456:620604 [3] NCCL INFO Connected to proxy localRank 2 -> connection 0x7f76e0005020
MOC-R4PCC04U05:620455:620607 [2] NCCL INFO Channel 00/0 : 11[3] -> 2[2] [receive] via NET/IB/1/GDRDMA
MOC-R4PCC04U05:620455:620607 [2] NCCL INFO GPU Direct RDMA Enabled for GPU 2 / HCA 1 (distance 5 <= 5), read 0 mode Default
MOC-R4PCC04U05:620456:620604 [3] NCCL INFO Channel 01/0 : 3[3] -> 6[2] [send] via NET/IB/1(2)/GDRDMA
MOC-R4PCC04U05:620456:620604 [3] NCCL INFO GPU Direct RDMA Enabled for GPU 3 / HCA 1 (distance 5 <= 5), read 1 mode Default
MOC-R4PCC04U05:620455:620598 [2] NCCL INFO New proxy send connection 3 from local rank 3, transport 2
MOC-R4PCC04U05:620456:620604 [3] NCCL INFO Connected to proxy localRank 2 -> connection 0x7f76e0005098
MOC-R4PCC04U05:620455:620598 [2] NCCL INFO New proxy recv connection 4 from local rank 2, transport 2
MOC-R4PCC04U05:620455:620607 [2] NCCL INFO Connected to proxy localRank 2 -> connection 0x7f76e0005110
MOC-R4PCC04U05:620456:620604 [3] NCCL INFO Channel 02/0 : 3[3] -> 6[2] [send] via NET/IB/1(2)/GDRDMA
MOC-R4PCC04U05:620456:620604 [3] NCCL INFO GPU Direct RDMA Enabled for GPU 3 / HCA 1 (distance 5 <= 5), read 1 mode Default
MOC-R4PCC04U05:620455:620607 [2] NCCL INFO Channel 01/0 : 11[3] -> 2[2] [receive] via NET/IB/1/GDRDMA
MOC-R4PCC04U05:620455:620607 [2] NCCL INFO GPU Direct RDMA Enabled for GPU 2 / HCA 1 (distance 5 <= 5), read 0 mode Default
MOC-R4PCC04U05:620455:620598 [2] NCCL INFO New proxy send connection 5 from local rank 3, transport 2
MOC-R4PCC04U05:620456:620604 [3] NCCL INFO Connected to proxy localRank 2 -> connection 0x7f76e0005188
MOC-R4PCC04U05:620455:620598 [2] NCCL INFO New proxy recv connection 6 from local rank 2, transport 2
MOC-R4PCC04U05:620455:620607 [2] NCCL INFO Connected to proxy localRank 2 -> connection 0x7f76e0005200
MOC-R4PCC04U05:620456:620604 [3] NCCL INFO Channel 03/0 : 3[3] -> 6[2] [send] via NET/IB/1(2)/GDRDMA
MOC-R4PCC04U05:620455:620607 [2] NCCL INFO Channel 02/0 : 11[3] -> 2[2] [receive] via NET/IB/1/GDRDMA
MOC-R4PCC04U05:620455:620607 [2] NCCL INFO GPU Direct RDMA Enabled for GPU 2 / HCA 1 (distance 5 <= 5), read 0 mode Default
MOC-R4PCC04U05:620455:620598 [2] NCCL INFO New proxy recv connection 7 from local rank 2, transport 2
MOC-R4PCC04U05:620455:620607 [2] NCCL INFO Connected to proxy localRank 2 -> connection 0x7f76e0005278
MOC-R4PCC04U05:620455:620607 [2] NCCL INFO Channel 03/0 : 11[3] -> 2[2] [receive] via NET/IB/1/GDRDMA
MOC-R4PCC04U05:620453:620602 [0] NCCL INFO New proxy recv connection 4 from local rank 0, transport 0
MOC-R4PCC04U05:620453:620605 [0] NCCL INFO Connected to proxy localRank 0 -> connection 0x7fcbcc005110
MOC-R4PCC04U05:620453:620602 [0] NCCL INFO New proxy send connection 5 from local rank 3, transport 0
MOC-R4PCC04U05:620453:620602 [0] NCCL INFO New proxy recv connection 6 from local rank 0, transport 0
MOC-R4PCC04U05:620453:620605 [0] NCCL INFO Connected to proxy localRank 0 -> connection 0x7fcbcc005200
MOC-R4PCC04U05:620456:620604 [3] NCCL INFO Connected to proxy localRank 0 -> connection 0x7fcbcc005188
MOC-R4PCC04U05:620453:620602 [0] NCCL INFO New proxy recv connection 7 from local rank 0, transport 0
MOC-R4PCC04U05:620453:620605 [0] NCCL INFO Connected to proxy localRank 0 -> connection 0x7fcbcc005278
MOC-R4PCC04U05:620453:620602 [0] NCCL INFO New proxy recv connection 8 from local rank 0, transport 0
MOC-R4PCC04U05:620453:620605 [0] NCCL INFO Connected to proxy localRank 0 -> connection 0x7fcbcc0052f0
MOC-R4PCC04U05:620455:620598 [2] NCCL INFO New proxy send connection 8 from local rank 2, transport 0
MOC-R4PCC04U05:620455:620607 [2] NCCL INFO Connected to proxy localRank 2 -> connection 0x7f76e00052f0
MOC-R4PCC04U05:620456:620596 [3] NCCL INFO New proxy send connection 4 from local rank 0, transport 0
MOC-R4PCC04U05:620453:620605 [0] NCCL INFO Connected to proxy localRank 3 -> connection 0x7f37b8005110
MOC-R4PCC04U05:620455:620598 [2] NCCL INFO New proxy send connection 9 from local rank 2, transport 0
MOC-R4PCC04U05:620455:620607 [2] NCCL INFO Connected to proxy localRank 2 -> connection 0x7f76e0005368
MOC-R4PCC04U05:620455:620598 [2] NCCL INFO New proxy send connection 10 from local rank 2, transport 0
MOC-R4PCC04U05:620455:620607 [2] NCCL INFO Connected to proxy localRank 2 -> connection 0x7f76e00053e0
MOC-R4PCC04U05:620455:620598 [2] NCCL INFO New proxy send connection 11 from local rank 2, transport 0
MOC-R4PCC04U05:620455:620607 [2] NCCL INFO Connected to proxy localRank 2 -> connection 0x7f76e0005458
MOC-R4PCC04U05:620453:620602 [0] NCCL INFO New proxy send connection 9 from local rank 1, transport 0
MOC-R4PCC04U05:620454:620606 [1] NCCL INFO Connected to proxy localRank 0 -> connection 0x7fcbcc005368
MOC-R4PCC04U05:620454:620597 [1] NCCL INFO New proxy send connection 8 from local rank 2, transport 0
MOC-R4PCC04U05:620455:620607 [2] NCCL INFO Connected to proxy localRank 1 -> connection 0x7fcae00052f0
MOC-R4PCC04U05:620455:620598 [2] NCCL INFO NET/IB: NCCL Dev 1 IbDev 0 Port 1 qpn 10172 mtu 3 query_ece={supported=1, vendor_id=0x15b3, options=0x30000002, comp_mask=0x0} GID 3 (0/C132A8C0FFFF0000) fifoRkey=0x17cb8a fifoLkey=0x17cb8a
MOC-R4PCC04U05:620455:620598 [2] NCCL INFO NET/IB: NCCL Dev 1 IbDev 0 Port 1 qpn 10173 mtu 3 query_ece={supported=1, vendor_id=0x15b3, options=0x30000002, comp_mask=0x0} GID 3 (0/C132A8C0FFFF0000) fifoRkey=0x17d796 fifoLkey=0x17d796
MOC-R4PCC04U05:620455:620598 [2] NCCL INFO NET/IB: NCCL Dev 1 IbDev 0 Port 1 qpn 10174 mtu 3 query_ece={supported=1, vendor_id=0x15b3, options=0x30000002, comp_mask=0x0} GID 3 (0/C132A8C0FFFF0000) fifoRkey=0x179c5b fifoLkey=0x179c5b
MOC-R4PCC04U05:620455:620598 [2] NCCL INFO NET/IB: NCCL Dev 1 IbDev 0 Port 1 qpn 10175 mtu 3 query_ece={supported=1, vendor_id=0x15b3, options=0x30000002, comp_mask=0x0} GID 3 (0/C132A8C0FFFF0000) fifoRkey=0x1722e1 fifoLkey=0x1722e1
MOC-R4PCC04U05:620455:620598 [2] NCCL INFO NET/IB: IbDev 0 Port 1 qpn 9783 set_ece={supported=1, vendor_id=0x15b3, options=0x0, comp_mask=0x0}
MOC-R4PCC04U05:620455:620598 [2] NCCL INFO NET/IB: IbDev 0 Port 1 qpn 9785 set_ece={supported=1, vendor_id=0x15b3, options=0x0, comp_mask=0x0}
MOC-R4PCC04U05:620454:620597 [1] NCCL INFO New proxy send connection 9 from local rank 0, transport 0
MOC-R4PCC04U05:620453:620605 [0] NCCL INFO Connected to proxy localRank 1 -> connection 0x7fcae0005368
MOC-R4PCC04U05:620455:620598 [2] NCCL INFO NET/IB: IbDev 0 Port 1 qpn 9787 set_ece={supported=1, vendor_id=0x15b3, options=0x0, comp_mask=0x0}
MOC-R4PCC04U05:620455:620598 [2] NCCL INFO NET/IB: IbDev 0 Port 1 qpn 9789 set_ece={supported=1, vendor_id=0x15b3, options=0x0, comp_mask=0x0}
MOC-R4PCC04U05:620455:620598 [2] NCCL INFO New proxy send connection 12 from local rank 3, transport 0
MOC-R4PCC04U05:620456:620604 [3] NCCL INFO Connected to proxy localRank 2 -> connection 0x7f76e00054d0
MOC-R4PCC04U05:620455:620598 [2] NCCL INFO New proxy send connection 13 from local rank 1, transport 0
MOC-R4PCC04U05:620454:620606 [1] NCCL INFO Connected to proxy localRank 2 -> connection 0x7f76e0005548
num decayed parameter tensors: 50, with 124,318,464 parameters
num non-decayed parameter tensors: 98, with 121,344 parameters
using fused AdamW: False
using regular AdamW
MOC-R4PCC04U05:620453:620602 [0] NCCL INFO New proxy send connection 10 from local rank 0, transport 0
MOC-R4PCC04U05:620453:621298 [0] NCCL INFO Connected to proxy localRank 0 -> connection 0x7fcbcc0053e0
MOC-R4PCC04U05:620453:620602 [0] NCCL INFO New proxy send connection 11 from local rank 0, transport 0
MOC-R4PCC04U05:620453:621298 [0] NCCL INFO Connected to proxy localRank 0 -> connection 0x7fcbcc005458
MOC-R4PCC04U05:620453:620602 [0] NCCL INFO New proxy send connection 12 from local rank 0, transport 0
MOC-R4PCC04U05:620453:621298 [0] NCCL INFO Connected to proxy localRank 0 -> connection 0x7fcbcc0054d0
MOC-R4PCC04U05:620453:620602 [0] NCCL INFO New proxy send connection 13 from local rank 0, transport 0
MOC-R4PCC04U05:620453:621298 [0] NCCL INFO Connected to proxy localRank 0 -> connection 0x7fcbcc005548
MOC-R4PCC04U05:620455:620598 [2] NCCL INFO New proxy send connection 14 from local rank 2, transport 0
MOC-R4PCC04U05:620455:621299 [2] NCCL INFO Connected to proxy localRank 2 -> connection 0x7f76e00055c0
MOC-R4PCC04U05:620455:620598 [2] NCCL INFO New proxy send connection 15 from local rank 2, transport 0
MOC-R4PCC04U05:620455:621299 [2] NCCL INFO Connected to proxy localRank 2 -> connection 0x7f76e0005638
MOC-R4PCC04U05:620455:620598 [2] NCCL INFO New proxy send connection 16 from local rank 2, transport 0
MOC-R4PCC04U05:620455:621299 [2] NCCL INFO Connected to proxy localRank 2 -> connection 0x7f76e00056b0
MOC-R4PCC04U05:620455:620598 [2] NCCL INFO New proxy send connection 17 from local rank 2, transport 0
MOC-R4PCC04U05:620455:621299 [2] NCCL INFO Connected to proxy localRank 2 -> connection 0x7f76e0005728
MOC-R4PCC04U05:620456:620596 [3] NCCL INFO New proxy recv connection 5 from local rank 3, transport 0
MOC-R4PCC04U05:620456:621300 [3] NCCL INFO Connected to proxy localRank 3 -> connection 0x7f37b8005188
MOC-R4PCC04U05:620456:620596 [3] NCCL INFO New proxy recv connection 6 from local rank 3, transport 0
MOC-R4PCC04U05:620456:621300 [3] NCCL INFO Connected to proxy localRank 3 -> connection 0x7f37b8005200
MOC-R4PCC04U05:620456:620596 [3] NCCL INFO New proxy recv connection 7 from local rank 3, transport 0
MOC-R4PCC04U05:620456:621300 [3] NCCL INFO Connected to proxy localRank 3 -> connection 0x7f37b8005278
MOC-R4PCC04U05:620456:620596 [3] NCCL INFO New proxy recv connection 8 from local rank 3, transport 0
MOC-R4PCC04U05:620456:621300 [3] NCCL INFO Connected to proxy localRank 3 -> connection 0x7f37b80052f0
MOC-R4PCC04U05:620455:621299 [2] NCCL INFO GPU Direct RDMA Enabled for GPU 2 / HCA 1 (distance 5 <= 5), read 0 mode Default
MOC-R4PCC04U05:620456:620596 [3] NCCL INFO New proxy send connection 9 from local rank 3, transport 0
MOC-R4PCC04U05:620456:621300 [3] NCCL INFO Connected to proxy localRank 3 -> connection 0x7f37b8005368
MOC-R4PCC04U05:620455:620598 [2] NCCL INFO New proxy recv connection 18 from local rank 2, transport 2
MOC-R4PCC04U05:620455:621299 [2] NCCL INFO Connected to proxy localRank 2 -> connection 0x7f76e00057a0
MOC-R4PCC04U05:620456:620596 [3] NCCL INFO New proxy send connection 10 from local rank 3, transport 0
MOC-R4PCC04U05:620455:621299 [2] NCCL INFO Channel 00/0 : 10[2] -> 2[2] [receive] via NET/IB/1/GDRDMA
MOC-R4PCC04U05:620455:621299 [2] NCCL INFO GPU Direct RDMA Enabled for GPU 2 / HCA 1 (distance 5 <= 5), read 0 mode Default
MOC-R4PCC04U05:620456:621300 [3] NCCL INFO Connected to proxy localRank 3 -> connection 0x7f37b80053e0
MOC-R4PCC04U05:620455:620598 [2] NCCL INFO New proxy recv connection 19 from local rank 2, transport 2
MOC-R4PCC04U05:620455:621299 [2] NCCL INFO Connected to proxy localRank 2 -> connection 0x7f76e0005818
MOC-R4PCC04U05:620455:621299 [2] NCCL INFO Channel 01/0 : 10[2] -> 2[2] [receive] via NET/IB/1/GDRDMA
MOC-R4PCC04U05:620455:621299 [2] NCCL INFO GPU Direct RDMA Enabled for GPU 2 / HCA 1 (distance 5 <= 5), read 0 mode Default
MOC-R4PCC04U05:620455:620598 [2] NCCL INFO New proxy recv connection 20 from local rank 2, transport 2
MOC-R4PCC04U05:620455:621299 [2] NCCL INFO Connected to proxy localRank 2 -> connection 0x7f76e0005890
MOC-R4PCC04U05:620456:620596 [3] NCCL INFO New proxy send connection 11 from local rank 3, transport 0
MOC-R4PCC04U05:620456:621300 [3] NCCL INFO Connected to proxy localRank 3 -> connection 0x7f37b8005458
MOC-R4PCC04U05:620455:621299 [2] NCCL INFO Channel 02/0 : 10[2] -> 2[2] [receive] via NET/IB/1/GDRDMA
MOC-R4PCC04U05:620455:621299 [2] NCCL INFO GPU Direct RDMA Enabled for GPU 2 / HCA 1 (distance 5 <= 5), read 0 mode Default
MOC-R4PCC04U05:620455:620598 [2] NCCL INFO New proxy recv connection 21 from local rank 2, transport 2
MOC-R4PCC04U05:620455:621299 [2] NCCL INFO Connected to proxy localRank 2 -> connection 0x7f76e0005908
MOC-R4PCC04U05:620455:621299 [2] NCCL INFO Channel 03/0 : 10[2] -> 2[2] [receive] via NET/IB/1/GDRDMA
MOC-R4PCC04U05:620455:621299 [2] NCCL INFO GPU Direct RDMA Enabled for GPU 2 / HCA 1 (distance 5 <= 5), read 1 mode Default
MOC-R4PCC04U05:620456:620596 [3] NCCL INFO New proxy send connection 12 from local rank 3, transport 0
MOC-R4PCC04U05:620455:620598 [2] NCCL INFO New proxy send connection 22 from local rank 2, transport 2
MOC-R4PCC04U05:620456:621300 [3] NCCL INFO Connected to proxy localRank 3 -> connection 0x7f37b80054d0
MOC-R4PCC04U05:620455:621299 [2] NCCL INFO Connected to proxy localRank 2 -> connection 0x7f76e0005980
MOC-R4PCC04U05:620455:621299 [2] NCCL INFO Channel 02/0 : 2[2] -> 6[2] [send] via NET/IB/1/GDRDMA
MOC-R4PCC04U05:620455:621299 [2] NCCL INFO GPU Direct RDMA Enabled for GPU 2 / HCA 1 (distance 5 <= 5), read 1 mode Default
MOC-R4PCC04U05:620455:620598 [2] NCCL INFO New proxy send connection 23 from local rank 2, transport 2
MOC-R4PCC04U05:620455:621299 [2] NCCL INFO Connected to proxy localRank 2 -> connection 0x7f76e00059f8
MOC-R4PCC04U05:620455:621299 [2] NCCL INFO Channel 03/0 : 2[2] -> 6[2] [send] via NET/IB/1/GDRDMA
MOC-R4PCC04U05:620455:621299 [2] NCCL INFO GPU Direct RDMA Enabled for GPU 2 / HCA 1 (distance 5 <= 5), read 0 mode Default
MOC-R4PCC04U05:620455:620598 [2] NCCL INFO New proxy recv connection 24 from local rank 2, transport 2
MOC-R4PCC04U05:620455:621299 [2] NCCL INFO Connected to proxy localRank 2 -> connection 0x7f76e0005a70
MOC-R4PCC04U05:620455:621299 [2] NCCL INFO Channel 02/0 : 6[2] -> 2[2] [receive] via NET/IB/1/GDRDMA
MOC-R4PCC04U05:620455:621299 [2] NCCL INFO GPU Direct RDMA Enabled for GPU 2 / HCA 1 (distance 5 <= 5), read 0 mode Default
MOC-R4PCC04U05:620455:620598 [2] NCCL INFO New proxy recv connection 25 from local rank 2, transport 2
MOC-R4PCC04U05:620455:621299 [2] NCCL INFO Connected to proxy localRank 2 -> connection 0x7f76e0005ae8
MOC-R4PCC04U05:620455:621299 [2] NCCL INFO Channel 03/0 : 6[2] -> 2[2] [receive] via NET/IB/1/GDRDMA
MOC-R4PCC04U05:620455:621299 [2] NCCL INFO GPU Direct RDMA Enabled for GPU 2 / HCA 1 (distance 5 <= 5), read 1 mode Default
MOC-R4PCC04U05:620455:620598 [2] NCCL INFO New proxy send connection 26 from local rank 2, transport 2
MOC-R4PCC04U05:620455:621299 [2] NCCL INFO Connected to proxy localRank 2 -> connection 0x7f76e0005b60
MOC-R4PCC04U05:620455:621299 [2] NCCL INFO Channel 00/0 : 2[2] -> 10[2] [send] via NET/IB/1/GDRDMA
MOC-R4PCC04U05:620455:621299 [2] NCCL INFO GPU Direct RDMA Enabled for GPU 2 / HCA 1 (distance 5 <= 5), read 1 mode Default
MOC-R4PCC04U05:620455:620598 [2] NCCL INFO New proxy send connection 27 from local rank 2, transport 2
MOC-R4PCC04U05:620455:621299 [2] NCCL INFO Connected to proxy localRank 2 -> connection 0x7f76e0005bd8
MOC-R4PCC04U05:620455:621299 [2] NCCL INFO Channel 01/0 : 2[2] -> 10[2] [send] via NET/IB/1/GDRDMA
MOC-R4PCC04U05:620455:621299 [2] NCCL INFO GPU Direct RDMA Enabled for GPU 2 / HCA 1 (distance 5 <= 5), read 1 mode Default
MOC-R4PCC04U05:620455:620598 [2] NCCL INFO New proxy send connection 28 from local rank 2, transport 2
MOC-R4PCC04U05:620455:621299 [2] NCCL INFO Connected to proxy localRank 2 -> connection 0x7f76e0005c50
MOC-R4PCC04U05:620455:621299 [2] NCCL INFO Channel 02/0 : 2[2] -> 10[2] [send] via NET/IB/1/GDRDMA
MOC-R4PCC04U05:620455:621299 [2] NCCL INFO GPU Direct RDMA Enabled for GPU 2 / HCA 1 (distance 5 <= 5), read 1 mode Default
MOC-R4PCC04U05:620455:620598 [2] NCCL INFO New proxy send connection 29 from local rank 2, transport 2
MOC-R4PCC04U05:620455:621299 [2] NCCL INFO Connected to proxy localRank 2 -> connection 0x7f76e0005cc8
MOC-R4PCC04U05:620455:621299 [2] NCCL INFO Channel 03/0 : 2[2] -> 10[2] [send] via NET/IB/1/GDRDMA
MOC-R4PCC04U05:620455:620598 [2] NCCL INFO New proxy recv connection 30 from local rank 2, transport 0
MOC-R4PCC04U05:620455:621299 [2] NCCL INFO Connected to proxy localRank 2 -> connection 0x7f76e0005d40
MOC-R4PCC04U05:620455:620598 [2] NCCL INFO New proxy recv connection 31 from local rank 2, transport 0
MOC-R4PCC04U05:620455:621299 [2] NCCL INFO Connected to proxy localRank 2 -> connection 0x7f76e0005db8
MOC-R4PCC04U05:620455:620598 [2] NCCL INFO New proxy recv connection 32 from local rank 2, transport 0
MOC-R4PCC04U05:620455:621299 [2] NCCL INFO Connected to proxy localRank 2 -> connection 0x7f76e0005e30
MOC-R4PCC04U05:620455:620598 [2] NCCL INFO New proxy recv connection 33 from local rank 2, transport 0
MOC-R4PCC04U05:620455:621299 [2] NCCL INFO Connected to proxy localRank 2 -> connection 0x7f76e0005ea8
MOC-R4PCC04U05:620454:620597 [1] NCCL INFO New proxy recv connection 10 from local rank 1, transport 0
MOC-R4PCC04U05:620454:621301 [1] NCCL INFO Connected to proxy localRank 1 -> connection 0x7fcae00053e0
MOC-R4PCC04U05:620454:620597 [1] NCCL INFO New proxy recv connection 11 from local rank 1, transport 0
MOC-R4PCC04U05:620454:621301 [1] NCCL INFO Connected to proxy localRank 1 -> connection 0x7fcae0005458
MOC-R4PCC04U05:620454:620597 [1] NCCL INFO New proxy recv connection 12 from local rank 1, transport 0
MOC-R4PCC04U05:620454:621301 [1] NCCL INFO Connected to proxy localRank 1 -> connection 0x7fcae00054d0
MOC-R4PCC04U05:620454:620597 [1] NCCL INFO New proxy recv connection 13 from local rank 1, transport 0
MOC-R4PCC04U05:620454:621301 [1] NCCL INFO Connected to proxy localRank 1 -> connection 0x7fcae0005548
MOC-R4PCC04U05:620453:620602 [0] NCCL INFO New proxy recv connection 14 from local rank 0, transport 0
MOC-R4PCC04U05:620453:621298 [0] NCCL INFO Connected to proxy localRank 0 -> connection 0x7fcbcc0055c0
MOC-R4PCC04U05:620453:620602 [0] NCCL INFO New proxy recv connection 15 from local rank 0, transport 0
MOC-R4PCC04U05:620453:621298 [0] NCCL INFO Connected to proxy localRank 0 -> connection 0x7fcbcc005638
MOC-R4PCC04U05:620453:620602 [0] NCCL INFO New proxy recv connection 16 from local rank 0, transport 0
MOC-R4PCC04U05:620453:621298 [0] NCCL INFO Connected to proxy localRank 0 -> connection 0x7fcbcc0056b0
MOC-R4PCC04U05:620453:620602 [0] NCCL INFO New proxy recv connection 17 from local rank 0, transport 0
MOC-R4PCC04U05:620453:621298 [0] NCCL INFO Connected to proxy localRank 0 -> connection 0x7fcbcc005728
MOC-R4PCC04U05:620456:620596 [3] NCCL INFO New proxy send connection 13 from local rank 3, transport 0
MOC-R4PCC04U05:620456:621300 [3] NCCL INFO Connected to proxy localRank 3 -> connection 0x7f37b8005548
MOC-R4PCC04U05:620456:620596 [3] NCCL INFO New proxy send connection 14 from local rank 3, transport 0
MOC-R4PCC04U05:620456:621300 [3] NCCL INFO Connected to proxy localRank 3 -> connection 0x7f37b80055c0
MOC-R4PCC04U05:620456:620596 [3] NCCL INFO New proxy send connection 15 from local rank 3, transport 0
MOC-R4PCC04U05:620456:621300 [3] NCCL INFO Connected to proxy localRank 3 -> connection 0x7f37b8005638
MOC-R4PCC04U05:620456:620596 [3] NCCL INFO New proxy send connection 16 from local rank 3, transport 0
MOC-R4PCC04U05:620456:621300 [3] NCCL INFO Connected to proxy localRank 3 -> connection 0x7f37b80056b0
MOC-R4PCC04U05:620456:620596 [3] NCCL INFO New proxy send connection 17 from local rank 2, transport 0
MOC-R4PCC04U05:620455:621299 [2] NCCL INFO Connected to proxy localRank 3 -> connection 0x7f37b8005728
MOC-R4PCC04U05:620455:620598 [2] NCCL INFO NET/IB: NCCL Dev 1 IbDev 0 Port 1 qpn 10184 mtu 3 query_ece={supported=1, vendor_id=0x15b3, options=0x30000002, comp_mask=0x0} GID 3 (0/C132A8C0FFFF0000) fifoRkey=0x174705 fifoLkey=0x174705
MOC-R4PCC04U05:620455:620598 [2] NCCL INFO NET/IB: IbDev 0 Port 1 qpn 9800 set_ece={supported=1, vendor_id=0x15b3, options=0x0, comp_mask=0x0}
MOC-R4PCC04U05:620455:620598 [2] NCCL INFO NET/IB: NCCL Dev 1 IbDev 0 Port 1 qpn 10191 mtu 3 query_ece={supported=1, vendor_id=0x15b3, options=0x30000002, comp_mask=0x0} GID 3 (0/C132A8C0FFFF0000) fifoRkey=0x17fdbc fifoLkey=0x17fdbc
MOC-R4PCC04U05:620455:620598 [2] NCCL INFO NET/IB: IbDev 0 Port 1 qpn 9802 set_ece={supported=1, vendor_id=0x15b3, options=0x0, comp_mask=0x0}
MOC-R4PCC04U05:620455:620598 [2] NCCL INFO NET/IB: NCCL Dev 1 IbDev 0 Port 1 qpn 10194 mtu 3 query_ece={supported=1, vendor_id=0x15b3, options=0x30000002, comp_mask=0x0} GID 3 (0/C132A8C0FFFF0000) fifoRkey=0x177837 fifoLkey=0x177837
MOC-R4PCC04U05:620455:620598 [2] NCCL INFO NET/IB: NCCL Dev 1 IbDev 0 Port 1 qpn 10197 mtu 3 query_ece={supported=1, vendor_id=0x15b3, options=0x30000002, comp_mask=0x0} GID 3 (0/C132A8C0FFFF0000) fifoRkey=0x17f1b0 fifoLkey=0x17f1b0
MOC-R4PCC04U05:620455:620598 [2] NCCL INFO NET/IB: IbDev 0 Port 1 qpn 7242 set_ece={supported=1, vendor_id=0x15b3, options=0x0, comp_mask=0x0}
MOC-R4PCC04U05:620455:620598 [2] NCCL INFO NET/IB: NCCL Dev 1 IbDev 0 Port 1 qpn 10200 mtu 3 query_ece={supported=1, vendor_id=0x15b3, options=0x30000002, comp_mask=0x0} GID 3 (0/C132A8C0FFFF0000) fifoRkey=0x17da99 fifoLkey=0x17da99
MOC-R4PCC04U05:620455:620598 [2] NCCL INFO NET/IB: NCCL Dev 1 IbDev 0 Port 1 qpn 10201 mtu 3 query_ece={supported=1, vendor_id=0x15b3, options=0x30000002, comp_mask=0x0} GID 3 (0/C132A8C0FFFF0000) fifoRkey=0x17f9b8 fifoLkey=0x17f9b8
MOC-R4PCC04U05:620455:620598 [2] NCCL INFO NET/IB: IbDev 0 Port 1 qpn 7244 set_ece={supported=1, vendor_id=0x15b3, options=0x0, comp_mask=0x0}
MOC-R4PCC04U05:620455:620598 [2] NCCL INFO NET/IB: IbDev 0 Port 1 qpn 7246 set_ece={supported=1, vendor_id=0x15b3, options=0x0, comp_mask=0x0}
MOC-R4PCC04U05:620455:620598 [2] NCCL INFO NET/IB: IbDev 0 Port 1 qpn 7248 set_ece={supported=1, vendor_id=0x15b3, options=0x0, comp_mask=0x0}
step    1/10 | train loss 11.010125 | norm 15.3256 | lr 1.00e-04 | (15071.94 ms | 260893 tok/s)
step    2/10 | train loss 10.140701 | norm 5.7407 | lr 1.00e-04 | (818.16 ms | 4806112 tok/s)
step    3/10 | train loss 9.801215 | norm 2.5999 | lr 1.00e-04 | (817.43 ms | 4810410 tok/s)
step    4/10 | train loss 9.632385 | norm 2.1070 | lr 1.00e-04 | (819.07 ms | 4800777 tok/s)
step    5/10 | train loss 9.549856 | norm 2.1011 | lr 1.00e-04 | (817.08 ms | 4812448 tok/s)
step    6/10 | train loss 9.469213 | norm 1.9918 | lr 1.00e-04 | (816.24 ms | 4817391 tok/s)
step    7/10 | train loss 9.384216 | norm 1.9429 | lr 1.00e-04 | (813.83 ms | 4831643 tok/s)
step    8/10 | train loss 9.293198 | norm 1.9110 | lr 1.00e-04 | (818.94 ms | 4801515 tok/s)
step    9/10 | train loss 9.198159 | norm 1.8587 | lr 1.00e-04 | (819.08 ms | 4800701 tok/s)
step   10/10 | train loss 9.112142 | norm 1.7911 | lr 1.00e-04 | (818.35 ms | 4804967 tok/s)
final 9 iters avg: 817.576ms
peak memory consumption: 16601 MiB
