Running pytorch 2.7.0+cu126
using device: cuda:0
total desired batch size: 2359296
=> calculated gradient accumulation steps: 9
using device: cuda:1
using device: cuda:2
using device: cuda:3
compiling the model...
DataLoader: total number of tokens: 1,661,249,667 across 103 files
MOC-R4PCC04U05:463080:463080 [0] NCCL INFO NCCL_SOCKET_IFNAME set to eno7np0
MOC-R4PCC04U05:463080:463080 [0] NCCL INFO NCCL version 2.26.2+cuda12.2
MOC-R4PCC04U05:463080:463121 [0] NCCL INFO NET/Plugin: Could not find: libnccl-net.so. Using internal net plugin.
MOC-R4PCC04U05:463080:463121 [0] NCCL INFO NCCL_IB_HCA set to mlx5_5
MOC-R4PCC04U05:463080:463121 [0] NCCL INFO NET/IB : Made virtual device [0] name=mlx5_5 speed=400000 ndevs=1
MOC-R4PCC04U05:463080:463121 [0] NCCL INFO NET/IB : Using [0]mlx5_5:1/RoCE [RO]; OOB eno7np0:192.168.50.193<0>
MOC-R4PCC04U05:463081:463081 [1] NCCL INFO NCCL_SOCKET_IFNAME set to eno7np0
MOC-R4PCC04U05:463081:463081 [1] NCCL INFO NCCL version 2.26.2+cuda12.2
MOC-R4PCC04U05:463082:463082 [2] NCCL INFO NCCL_SOCKET_IFNAME set to eno7np0
MOC-R4PCC04U05:463083:463083 [3] NCCL INFO NCCL_SOCKET_IFNAME set to eno7np0
MOC-R4PCC04U05:463082:463082 [2] NCCL INFO NCCL version 2.26.2+cuda12.2
MOC-R4PCC04U05:463083:463083 [3] NCCL INFO NCCL version 2.26.2+cuda12.2
MOC-R4PCC04U05:463081:463123 [1] NCCL INFO NET/Plugin: Could not find: libnccl-net.so. Using internal net plugin.
MOC-R4PCC04U05:463082:463124 [2] NCCL INFO NET/Plugin: Could not find: libnccl-net.so. Using internal net plugin.
MOC-R4PCC04U05:463081:463123 [1] NCCL INFO NCCL_IB_HCA set to mlx5_5
MOC-R4PCC04U05:463082:463124 [2] NCCL INFO NCCL_IB_HCA set to mlx5_5
MOC-R4PCC04U05:463083:463125 [3] NCCL INFO NET/Plugin: Could not find: libnccl-net.so. Using internal net plugin.
MOC-R4PCC04U05:463083:463125 [3] NCCL INFO NCCL_IB_HCA set to mlx5_5
MOC-R4PCC04U05:463081:463123 [1] NCCL INFO NET/IB : Made virtual device [0] name=mlx5_5 speed=400000 ndevs=1
MOC-R4PCC04U05:463081:463123 [1] NCCL INFO NET/IB : Using [0]mlx5_5:1/RoCE [RO]; OOB eno7np0:192.168.50.193<0>
MOC-R4PCC04U05:463083:463125 [3] NCCL INFO NET/IB : Made virtual device [0] name=mlx5_5 speed=400000 ndevs=1
MOC-R4PCC04U05:463083:463125 [3] NCCL INFO NET/IB : Using [0]mlx5_5:1/RoCE [RO]; OOB eno7np0:192.168.50.193<0>
MOC-R4PCC04U05:463082:463124 [2] NCCL INFO NET/IB : Made virtual device [0] name=mlx5_5 speed=400000 ndevs=1
MOC-R4PCC04U05:463082:463124 [2] NCCL INFO NET/IB : Using [0]mlx5_5:1/RoCE [RO]; OOB eno7np0:192.168.50.193<0>
MOC-R4PCC04U05:463081:463123 [1] NCCL INFO NET/IB : GPU Direct RDMA Enabled for HCA 0 'mlx5_5'
MOC-R4PCC04U05:463081:463123 [1] NCCL INFO NET/IB : Made virtual device [1] name=mlx5_5 speed=400000 ndevs=1
MOC-R4PCC04U05:463081:463123 [1] NCCL INFO NET/IB : GPU Direct RDMA Enabled for HCA 0 'mlx5_5'
MOC-R4PCC04U05:463081:463123 [1] NCCL INFO NET/IB : GPU Direct RDMA Enabled for HCA 1 'mlx5_5'
MOC-R4PCC04U05:463083:463125 [3] NCCL INFO NET/IB : GPU Direct RDMA Enabled for HCA 0 'mlx5_5'
MOC-R4PCC04U05:463083:463125 [3] NCCL INFO NET/IB : Made virtual device [1] name=mlx5_5 speed=400000 ndevs=1
MOC-R4PCC04U05:463083:463125 [3] NCCL INFO NET/IB : GPU Direct RDMA Enabled for HCA 0 'mlx5_5'
MOC-R4PCC04U05:463083:463125 [3] NCCL INFO NET/IB : GPU Direct RDMA Enabled for HCA 1 'mlx5_5'
MOC-R4PCC04U05:463082:463124 [2] NCCL INFO NET/IB : GPU Direct RDMA Enabled for HCA 0 'mlx5_5'
MOC-R4PCC04U05:463082:463124 [2] NCCL INFO NET/IB : Made virtual device [1] name=mlx5_5 speed=400000 ndevs=1
MOC-R4PCC04U05:463082:463124 [2] NCCL INFO NET/IB : GPU Direct RDMA Enabled for HCA 0 'mlx5_5'
MOC-R4PCC04U05:463082:463124 [2] NCCL INFO NET/IB : GPU Direct RDMA Enabled for HCA 1 'mlx5_5'
MOC-R4PCC04U05:463080:463121 [0] NCCL INFO NET/IB : GPU Direct RDMA Enabled for HCA 0 'mlx5_5'
MOC-R4PCC04U05:463080:463121 [0] NCCL INFO NET/IB : Made virtual device [1] name=mlx5_5 speed=400000 ndevs=1
MOC-R4PCC04U05:463080:463121 [0] NCCL INFO NET/IB : GPU Direct RDMA Enabled for HCA 0 'mlx5_5'
MOC-R4PCC04U05:463080:463121 [0] NCCL INFO NET/IB : GPU Direct RDMA Enabled for HCA 1 'mlx5_5'
MOC-R4PCC04U05:463081:463123 [1] NCCL INFO GPU Direct RDMA Enabled for GPU 0 / HCA 1 (distance 5 <= 5), read 0 mode Default
MOC-R4PCC04U05:463081:463123 [1] NCCL INFO GPU Direct RDMA Enabled for GPU 1 / HCA 1 (distance 5 <= 5), read 0 mode Default
MOC-R4PCC04U05:463081:463123 [1] NCCL INFO GPU Direct RDMA Enabled for GPU 2 / HCA 1 (distance 5 <= 5), read 0 mode Default
MOC-R4PCC04U05:463081:463123 [1] NCCL INFO GPU Direct RDMA Enabled for GPU 3 / HCA 1 (distance 5 <= 5), read 0 mode Default
MOC-R4PCC04U05:463081:463123 [1] NCCL INFO GPU Direct RDMA Enabled for GPU 0 / HCA 1 (distance 5 <= 5), read 0 mode Default
MOC-R4PCC04U05:463081:463123 [1] NCCL INFO GPU Direct RDMA Enabled for GPU 1 / HCA 1 (distance 5 <= 5), read 0 mode Default
MOC-R4PCC04U05:463081:463123 [1] NCCL INFO GPU Direct RDMA Enabled for GPU 2 / HCA 1 (distance 5 <= 5), read 0 mode Default
MOC-R4PCC04U05:463081:463123 [1] NCCL INFO GPU Direct RDMA Enabled for GPU 3 / HCA 1 (distance 5 <= 5), read 0 mode Default
MOC-R4PCC04U05:463082:463124 [2] NCCL INFO GPU Direct RDMA Enabled for GPU 0 / HCA 1 (distance 5 <= 5), read 0 mode Default
MOC-R4PCC04U05:463082:463124 [2] NCCL INFO GPU Direct RDMA Enabled for GPU 1 / HCA 1 (distance 5 <= 5), read 0 mode Default
MOC-R4PCC04U05:463082:463124 [2] NCCL INFO GPU Direct RDMA Enabled for GPU 2 / HCA 1 (distance 5 <= 5), read 0 mode Default
MOC-R4PCC04U05:463082:463124 [2] NCCL INFO GPU Direct RDMA Enabled for GPU 3 / HCA 1 (distance 5 <= 5), read 0 mode Default
MOC-R4PCC04U05:463082:463124 [2] NCCL INFO GPU Direct RDMA Enabled for GPU 0 / HCA 1 (distance 5 <= 5), read 0 mode Default
MOC-R4PCC04U05:463082:463124 [2] NCCL INFO GPU Direct RDMA Enabled for GPU 1 / HCA 1 (distance 5 <= 5), read 0 mode Default
MOC-R4PCC04U05:463082:463124 [2] NCCL INFO GPU Direct RDMA Enabled for GPU 2 / HCA 1 (distance 5 <= 5), read 0 mode Default
MOC-R4PCC04U05:463082:463124 [2] NCCL INFO GPU Direct RDMA Enabled for GPU 3 / HCA 1 (distance 5 <= 5), read 0 mode Default
MOC-R4PCC04U05:463083:463125 [3] NCCL INFO GPU Direct RDMA Enabled for GPU 0 / HCA 1 (distance 5 <= 5), read 0 mode Default
MOC-R4PCC04U05:463083:463125 [3] NCCL INFO GPU Direct RDMA Enabled for GPU 1 / HCA 1 (distance 5 <= 5), read 0 mode Default
MOC-R4PCC04U05:463083:463125 [3] NCCL INFO GPU Direct RDMA Enabled for GPU 2 / HCA 1 (distance 5 <= 5), read 0 mode Default
MOC-R4PCC04U05:463083:463125 [3] NCCL INFO GPU Direct RDMA Enabled for GPU 3 / HCA 1 (distance 5 <= 5), read 0 mode Default
MOC-R4PCC04U05:463083:463125 [3] NCCL INFO GPU Direct RDMA Enabled for GPU 0 / HCA 1 (distance 5 <= 5), read 0 mode Default
MOC-R4PCC04U05:463083:463125 [3] NCCL INFO GPU Direct RDMA Enabled for GPU 1 / HCA 1 (distance 5 <= 5), read 0 mode Default
MOC-R4PCC04U05:463083:463125 [3] NCCL INFO GPU Direct RDMA Enabled for GPU 2 / HCA 1 (distance 5 <= 5), read 0 mode Default
MOC-R4PCC04U05:463083:463125 [3] NCCL INFO GPU Direct RDMA Enabled for GPU 3 / HCA 1 (distance 5 <= 5), read 0 mode Default
MOC-R4PCC04U05:463080:463121 [0] NCCL INFO GPU Direct RDMA Enabled for GPU 0 / HCA 1 (distance 5 <= 5), read 0 mode Default
MOC-R4PCC04U05:463080:463121 [0] NCCL INFO GPU Direct RDMA Enabled for GPU 1 / HCA 1 (distance 5 <= 5), read 0 mode Default
MOC-R4PCC04U05:463080:463121 [0] NCCL INFO GPU Direct RDMA Enabled for GPU 2 / HCA 1 (distance 5 <= 5), read 0 mode Default
MOC-R4PCC04U05:463080:463121 [0] NCCL INFO GPU Direct RDMA Enabled for GPU 3 / HCA 1 (distance 5 <= 5), read 0 mode Default
MOC-R4PCC04U05:463080:463121 [0] NCCL INFO GPU Direct RDMA Enabled for GPU 0 / HCA 1 (distance 5 <= 5), read 0 mode Default
MOC-R4PCC04U05:463080:463121 [0] NCCL INFO GPU Direct RDMA Enabled for GPU 1 / HCA 1 (distance 5 <= 5), read 0 mode Default
MOC-R4PCC04U05:463080:463121 [0] NCCL INFO GPU Direct RDMA Enabled for GPU 2 / HCA 1 (distance 5 <= 5), read 0 mode Default
MOC-R4PCC04U05:463080:463121 [0] NCCL INFO GPU Direct RDMA Enabled for GPU 3 / HCA 1 (distance 5 <= 5), read 0 mode Default
MOC-R4PCC04U05:463082:463145 [2] NCCL INFO GPU Direct RDMA Enabled for GPU 2 / HCA 1 (distance 5 <= 5), read 0 mode Default
MOC-R4PCC04U05:463080:463138 [0] NCCL INFO New proxy send connection 0 from local rank 0, transport 0
MOC-R4PCC04U05:463080:463146 [0] NCCL INFO Connected to proxy localRank 0 -> connection 0x7efd1c004f30
MOC-R4PCC04U05:463080:463138 [0] NCCL INFO New proxy send connection 1 from local rank 0, transport 0
MOC-R4PCC04U05:463080:463146 [0] NCCL INFO Connected to proxy localRank 0 -> connection 0x7efd1c004fa8
MOC-R4PCC04U05:463083:463140 [3] NCCL INFO New proxy recv connection 0 from local rank 3, transport 0
MOC-R4PCC04U05:463080:463138 [0] NCCL INFO New proxy send connection 2 from local rank 0, transport 0
MOC-R4PCC04U05:463080:463146 [0] NCCL INFO Connected to proxy localRank 0 -> connection 0x7efd1c005020
MOC-R4PCC04U05:463083:463147 [3] NCCL INFO Connected to proxy localRank 3 -> connection 0x7fde78004f30
MOC-R4PCC04U05:463080:463138 [0] NCCL INFO New proxy send connection 3 from local rank 0, transport 0
MOC-R4PCC04U05:463080:463146 [0] NCCL INFO Connected to proxy localRank 0 -> connection 0x7efd1c005098
MOC-R4PCC04U05:463083:463140 [3] NCCL INFO New proxy recv connection 1 from local rank 3, transport 0
MOC-R4PCC04U05:463083:463147 [3] NCCL INFO Connected to proxy localRank 3 -> connection 0x7fde78004fa8
MOC-R4PCC04U05:463081:463143 [1] NCCL INFO New proxy recv connection 0 from local rank 1, transport 0
MOC-R4PCC04U05:463081:463148 [1] NCCL INFO Connected to proxy localRank 1 -> connection 0x7fa880004f30
MOC-R4PCC04U05:463083:463140 [3] NCCL INFO New proxy recv connection 2 from local rank 3, transport 0
MOC-R4PCC04U05:463083:463147 [3] NCCL INFO Connected to proxy localRank 3 -> connection 0x7fde78005020
MOC-R4PCC04U05:463081:463143 [1] NCCL INFO New proxy recv connection 1 from local rank 1, transport 0
MOC-R4PCC04U05:463081:463148 [1] NCCL INFO Connected to proxy localRank 1 -> connection 0x7fa880004fa8
MOC-R4PCC04U05:463083:463140 [3] NCCL INFO New proxy recv connection 3 from local rank 3, transport 0
MOC-R4PCC04U05:463083:463147 [3] NCCL INFO Connected to proxy localRank 3 -> connection 0x7fde78005098
MOC-R4PCC04U05:463081:463143 [1] NCCL INFO New proxy recv connection 2 from local rank 1, transport 0
MOC-R4PCC04U05:463081:463148 [1] NCCL INFO Connected to proxy localRank 1 -> connection 0x7fa880005020
MOC-R4PCC04U05:463082:463137 [2] NCCL INFO New proxy recv connection 0 from local rank 2, transport 2
MOC-R4PCC04U05:463082:463145 [2] NCCL INFO Connected to proxy localRank 2 -> connection 0x7f4524004f30
MOC-R4PCC04U05:463082:463145 [2] NCCL INFO Channel 00/0 : 7[3] -> 2[2] [receive] via NET/IB/1/GDRDMA
MOC-R4PCC04U05:463082:463145 [2] NCCL INFO GPU Direct RDMA Enabled for GPU 2 / HCA 1 (distance 5 <= 5), read 0 mode Default
MOC-R4PCC04U05:463082:463137 [2] NCCL INFO New proxy recv connection 1 from local rank 2, transport 2
MOC-R4PCC04U05:463082:463145 [2] NCCL INFO Connected to proxy localRank 2 -> connection 0x7f4524004fa8
MOC-R4PCC04U05:463082:463145 [2] NCCL INFO Channel 01/0 : 7[3] -> 2[2] [receive] via NET/IB/1/GDRDMA
MOC-R4PCC04U05:463082:463145 [2] NCCL INFO GPU Direct RDMA Enabled for GPU 2 / HCA 1 (distance 5 <= 5), read 0 mode Default
MOC-R4PCC04U05:463082:463137 [2] NCCL INFO New proxy recv connection 2 from local rank 2, transport 2
MOC-R4PCC04U05:463083:463147 [3] NCCL INFO GPU Direct RDMA Enabled for GPU 3 / HCA 1 (distance 5 <= 5), read 1 mode Default
MOC-R4PCC04U05:463082:463145 [2] NCCL INFO Connected to proxy localRank 2 -> connection 0x7f4524005020
MOC-R4PCC04U05:463082:463145 [2] NCCL INFO Channel 02/0 : 7[3] -> 2[2] [receive] via NET/IB/1/GDRDMA
MOC-R4PCC04U05:463082:463145 [2] NCCL INFO GPU Direct RDMA Enabled for GPU 2 / HCA 1 (distance 5 <= 5), read 0 mode Default
MOC-R4PCC04U05:463082:463137 [2] NCCL INFO New proxy recv connection 3 from local rank 2, transport 2
MOC-R4PCC04U05:463082:463145 [2] NCCL INFO Connected to proxy localRank 2 -> connection 0x7f4524005098
MOC-R4PCC04U05:463082:463137 [2] NCCL INFO New proxy send connection 4 from local rank 3, transport 2
MOC-R4PCC04U05:463082:463145 [2] NCCL INFO Channel 03/0 : 7[3] -> 2[2] [receive] via NET/IB/1/GDRDMA
MOC-R4PCC04U05:463083:463147 [3] NCCL INFO Connected to proxy localRank 2 -> connection 0x7f4524005110
MOC-R4PCC04U05:463083:463147 [3] NCCL INFO Channel 00/0 : 3[3] -> 6[2] [send] via NET/IB/1(2)/GDRDMA
MOC-R4PCC04U05:463083:463147 [3] NCCL INFO GPU Direct RDMA Enabled for GPU 3 / HCA 1 (distance 5 <= 5), read 1 mode Default
MOC-R4PCC04U05:463082:463137 [2] NCCL INFO New proxy send connection 5 from local rank 3, transport 2
MOC-R4PCC04U05:463083:463147 [3] NCCL INFO Connected to proxy localRank 2 -> connection 0x7f4524005188
MOC-R4PCC04U05:463083:463147 [3] NCCL INFO Channel 01/0 : 3[3] -> 6[2] [send] via NET/IB/1(2)/GDRDMA
MOC-R4PCC04U05:463083:463147 [3] NCCL INFO GPU Direct RDMA Enabled for GPU 3 / HCA 1 (distance 5 <= 5), read 1 mode Default
MOC-R4PCC04U05:463082:463137 [2] NCCL INFO New proxy send connection 6 from local rank 3, transport 2
MOC-R4PCC04U05:463083:463147 [3] NCCL INFO Connected to proxy localRank 2 -> connection 0x7f4524005200
MOC-R4PCC04U05:463083:463147 [3] NCCL INFO Channel 02/0 : 3[3] -> 6[2] [send] via NET/IB/1(2)/GDRDMA
MOC-R4PCC04U05:463083:463147 [3] NCCL INFO GPU Direct RDMA Enabled for GPU 3 / HCA 1 (distance 5 <= 5), read 1 mode Default
MOC-R4PCC04U05:463082:463137 [2] NCCL INFO New proxy send connection 7 from local rank 3, transport 2
MOC-R4PCC04U05:463083:463147 [3] NCCL INFO Connected to proxy localRank 2 -> connection 0x7f4524005278
MOC-R4PCC04U05:463083:463147 [3] NCCL INFO Channel 03/0 : 3[3] -> 6[2] [send] via NET/IB/1(2)/GDRDMA
MOC-R4PCC04U05:463081:463143 [1] NCCL INFO New proxy recv connection 3 from local rank 1, transport 0
MOC-R4PCC04U05:463081:463148 [1] NCCL INFO Connected to proxy localRank 1 -> connection 0x7fa880005098
MOC-R4PCC04U05:463080:463138 [0] NCCL INFO New proxy recv connection 4 from local rank 0, transport 0
MOC-R4PCC04U05:463080:463146 [0] NCCL INFO Connected to proxy localRank 0 -> connection 0x7efd1c005110
MOC-R4PCC04U05:463080:463138 [0] NCCL INFO New proxy recv connection 5 from local rank 0, transport 0
MOC-R4PCC04U05:463080:463146 [0] NCCL INFO Connected to proxy localRank 0 -> connection 0x7efd1c005188
MOC-R4PCC04U05:463081:463143 [1] NCCL INFO New proxy send connection 4 from local rank 1, transport 0
MOC-R4PCC04U05:463081:463148 [1] NCCL INFO Connected to proxy localRank 1 -> connection 0x7fa880005110
MOC-R4PCC04U05:463080:463138 [0] NCCL INFO New proxy recv connection 6 from local rank 0, transport 0
MOC-R4PCC04U05:463080:463146 [0] NCCL INFO Connected to proxy localRank 0 -> connection 0x7efd1c005200
MOC-R4PCC04U05:463080:463138 [0] NCCL INFO New proxy recv connection 7 from local rank 0, transport 0
MOC-R4PCC04U05:463080:463146 [0] NCCL INFO Connected to proxy localRank 0 -> connection 0x7efd1c005278
MOC-R4PCC04U05:463081:463143 [1] NCCL INFO New proxy send connection 5 from local rank 1, transport 0
MOC-R4PCC04U05:463081:463148 [1] NCCL INFO Connected to proxy localRank 1 -> connection 0x7fa880005188
MOC-R4PCC04U05:463081:463143 [1] NCCL INFO New proxy send connection 6 from local rank 1, transport 0
MOC-R4PCC04U05:463081:463148 [1] NCCL INFO Connected to proxy localRank 1 -> connection 0x7fa880005200
MOC-R4PCC04U05:463081:463143 [1] NCCL INFO New proxy send connection 7 from local rank 1, transport 0
MOC-R4PCC04U05:463081:463148 [1] NCCL INFO Connected to proxy localRank 1 -> connection 0x7fa880005278
MOC-R4PCC04U05:463080:463138 [0] NCCL INFO New proxy send connection 8 from local rank 3, transport 0
MOC-R4PCC04U05:463083:463147 [3] NCCL INFO Connected to proxy localRank 0 -> connection 0x7efd1c0052f0
MOC-R4PCC04U05:463083:463140 [3] NCCL INFO New proxy send connection 4 from local rank 0, transport 0
MOC-R4PCC04U05:463080:463146 [0] NCCL INFO Connected to proxy localRank 3 -> connection 0x7fde78005110
MOC-R4PCC04U05:463081:463143 [1] NCCL INFO New proxy send connection 8 from local rank 0, transport 0
MOC-R4PCC04U05:463080:463146 [0] NCCL INFO Connected to proxy localRank 1 -> connection 0x7fa8800052f0
MOC-R4PCC04U05:463082:463137 [2] NCCL INFO NET/IB: NCCL Dev 1 IbDev 0 Port 1 qpn 6950 mtu 3 query_ece={supported=1, vendor_id=0x15b3, options=0x30000002, comp_mask=0x0} GID 3 (0/C132A8C0FFFF0000) fifoRkey=0x170bca fifoLkey=0x170bca
MOC-R4PCC04U05:463082:463137 [2] NCCL INFO NET/IB: NCCL Dev 1 IbDev 0 Port 1 qpn 6951 mtu 3 query_ece={supported=1, vendor_id=0x15b3, options=0x30000002, comp_mask=0x0} GID 3 (0/C132A8C0FFFF0000) fifoRkey=0x17a767 fifoLkey=0x17a767
MOC-R4PCC04U05:463082:463137 [2] NCCL INFO NET/IB: NCCL Dev 1 IbDev 0 Port 1 qpn 6952 mtu 3 query_ece={supported=1, vendor_id=0x15b3, options=0x30000002, comp_mask=0x0} GID 3 (0/C132A8C0FFFF0000) fifoRkey=0x178443 fifoLkey=0x178443
MOC-R4PCC04U05:463082:463137 [2] NCCL INFO NET/IB: NCCL Dev 1 IbDev 0 Port 1 qpn 6953 mtu 3 query_ece={supported=1, vendor_id=0x15b3, options=0x30000002, comp_mask=0x0} GID 3 (0/C132A8C0FFFF0000) fifoRkey=0x172eed fifoLkey=0x172eed
MOC-R4PCC04U05:463082:463137 [2] NCCL INFO NET/IB: IbDev 0 Port 1 qpn 7190 set_ece={supported=1, vendor_id=0x15b3, options=0x0, comp_mask=0x0}
MOC-R4PCC04U05:463082:463137 [2] NCCL INFO NET/IB: IbDev 0 Port 1 qpn 7192 set_ece={supported=1, vendor_id=0x15b3, options=0x0, comp_mask=0x0}
MOC-R4PCC04U05:463082:463137 [2] NCCL INFO New proxy send connection 8 from local rank 3, transport 0
MOC-R4PCC04U05:463083:463147 [3] NCCL INFO Connected to proxy localRank 2 -> connection 0x7f45240052f0
MOC-R4PCC04U05:463082:463137 [2] NCCL INFO NET/IB: IbDev 0 Port 1 qpn 7194 set_ece={supported=1, vendor_id=0x15b3, options=0x0, comp_mask=0x0}
MOC-R4PCC04U05:463082:463137 [2] NCCL INFO NET/IB: IbDev 0 Port 1 qpn 7196 set_ece={supported=1, vendor_id=0x15b3, options=0x0, comp_mask=0x0}
MOC-R4PCC04U05:463082:463137 [2] NCCL INFO New proxy send connection 9 from local rank 2, transport 0
MOC-R4PCC04U05:463082:463145 [2] NCCL INFO Connected to proxy localRank 2 -> connection 0x7f4524005368
MOC-R4PCC04U05:463082:463137 [2] NCCL INFO New proxy send connection 10 from local rank 2, transport 0
MOC-R4PCC04U05:463082:463145 [2] NCCL INFO Connected to proxy localRank 2 -> connection 0x7f45240053e0
MOC-R4PCC04U05:463082:463137 [2] NCCL INFO New proxy send connection 11 from local rank 2, transport 0
MOC-R4PCC04U05:463082:463145 [2] NCCL INFO Connected to proxy localRank 2 -> connection 0x7f4524005458
MOC-R4PCC04U05:463082:463137 [2] NCCL INFO New proxy send connection 12 from local rank 2, transport 0
MOC-R4PCC04U05:463082:463145 [2] NCCL INFO Connected to proxy localRank 2 -> connection 0x7f45240054d0
MOC-R4PCC04U05:463080:463138 [0] NCCL INFO New proxy send connection 9 from local rank 1, transport 0
MOC-R4PCC04U05:463081:463148 [1] NCCL INFO Connected to proxy localRank 0 -> connection 0x7efd1c005368
MOC-R4PCC04U05:463081:463143 [1] NCCL INFO New proxy send connection 9 from local rank 2, transport 0
MOC-R4PCC04U05:463082:463145 [2] NCCL INFO Connected to proxy localRank 1 -> connection 0x7fa880005368
MOC-R4PCC04U05:463082:463137 [2] NCCL INFO New proxy send connection 13 from local rank 1, transport 0
MOC-R4PCC04U05:463081:463148 [1] NCCL INFO Connected to proxy localRank 2 -> connection 0x7f4524005548
num decayed parameter tensors: 50, with 124,318,464 parameters
num non-decayed parameter tensors: 98, with 121,344 parameters
using fused AdamW: False
using regular AdamW
MOC-R4PCC04U05:463082:463137 [2] NCCL INFO New proxy send connection 14 from local rank 2, transport 0
MOC-R4PCC04U05:463082:463838 [2] NCCL INFO Connected to proxy localRank 2 -> connection 0x7f45240055c0
MOC-R4PCC04U05:463082:463137 [2] NCCL INFO New proxy send connection 15 from local rank 2, transport 0
MOC-R4PCC04U05:463082:463838 [2] NCCL INFO Connected to proxy localRank 2 -> connection 0x7f4524005638
MOC-R4PCC04U05:463082:463137 [2] NCCL INFO New proxy send connection 16 from local rank 2, transport 0
MOC-R4PCC04U05:463082:463838 [2] NCCL INFO Connected to proxy localRank 2 -> connection 0x7f45240056b0
MOC-R4PCC04U05:463082:463137 [2] NCCL INFO New proxy send connection 17 from local rank 2, transport 0
MOC-R4PCC04U05:463082:463838 [2] NCCL INFO Connected to proxy localRank 2 -> connection 0x7f4524005728
MOC-R4PCC04U05:463081:463143 [1] NCCL INFO New proxy recv connection 10 from local rank 1, transport 0
MOC-R4PCC04U05:463081:463839 [1] NCCL INFO Connected to proxy localRank 1 -> connection 0x7fa8800053e0
MOC-R4PCC04U05:463081:463143 [1] NCCL INFO New proxy recv connection 11 from local rank 1, transport 0
MOC-R4PCC04U05:463081:463839 [1] NCCL INFO Connected to proxy localRank 1 -> connection 0x7fa880005458
MOC-R4PCC04U05:463081:463143 [1] NCCL INFO New proxy recv connection 12 from local rank 1, transport 0
MOC-R4PCC04U05:463081:463839 [1] NCCL INFO Connected to proxy localRank 1 -> connection 0x7fa8800054d0
MOC-R4PCC04U05:463081:463143 [1] NCCL INFO New proxy recv connection 13 from local rank 1, transport 0
MOC-R4PCC04U05:463081:463839 [1] NCCL INFO Connected to proxy localRank 1 -> connection 0x7fa880005548
MOC-R4PCC04U05:463080:463138 [0] NCCL INFO New proxy send connection 10 from local rank 0, transport 0
MOC-R4PCC04U05:463080:463840 [0] NCCL INFO Connected to proxy localRank 0 -> connection 0x7efd1c0053e0
MOC-R4PCC04U05:463080:463138 [0] NCCL INFO New proxy send connection 11 from local rank 0, transport 0
MOC-R4PCC04U05:463080:463840 [0] NCCL INFO Connected to proxy localRank 0 -> connection 0x7efd1c005458
MOC-R4PCC04U05:463080:463138 [0] NCCL INFO New proxy send connection 12 from local rank 0, transport 0
MOC-R4PCC04U05:463080:463840 [0] NCCL INFO Connected to proxy localRank 0 -> connection 0x7efd1c0054d0
MOC-R4PCC04U05:463080:463138 [0] NCCL INFO New proxy send connection 13 from local rank 0, transport 0
MOC-R4PCC04U05:463080:463840 [0] NCCL INFO Connected to proxy localRank 0 -> connection 0x7efd1c005548
MOC-R4PCC04U05:463080:463138 [0] NCCL INFO New proxy recv connection 14 from local rank 0, transport 0
MOC-R4PCC04U05:463080:463840 [0] NCCL INFO Connected to proxy localRank 0 -> connection 0x7efd1c0055c0
MOC-R4PCC04U05:463080:463138 [0] NCCL INFO New proxy recv connection 15 from local rank 0, transport 0
MOC-R4PCC04U05:463080:463840 [0] NCCL INFO Connected to proxy localRank 0 -> connection 0x7efd1c005638
MOC-R4PCC04U05:463080:463138 [0] NCCL INFO New proxy recv connection 16 from local rank 0, transport 0
MOC-R4PCC04U05:463080:463840 [0] NCCL INFO Connected to proxy localRank 0 -> connection 0x7efd1c0056b0
MOC-R4PCC04U05:463080:463138 [0] NCCL INFO New proxy recv connection 17 from local rank 0, transport 0
MOC-R4PCC04U05:463080:463840 [0] NCCL INFO Connected to proxy localRank 0 -> connection 0x7efd1c005728
MOC-R4PCC04U05:463083:463140 [3] NCCL INFO New proxy recv connection 5 from local rank 3, transport 0
MOC-R4PCC04U05:463083:463841 [3] NCCL INFO Connected to proxy localRank 3 -> connection 0x7fde78005188
MOC-R4PCC04U05:463083:463140 [3] NCCL INFO New proxy recv connection 6 from local rank 3, transport 0
MOC-R4PCC04U05:463083:463841 [3] NCCL INFO Connected to proxy localRank 3 -> connection 0x7fde78005200
MOC-R4PCC04U05:463083:463140 [3] NCCL INFO New proxy recv connection 7 from local rank 3, transport 0
MOC-R4PCC04U05:463083:463841 [3] NCCL INFO Connected to proxy localRank 3 -> connection 0x7fde78005278
MOC-R4PCC04U05:463083:463140 [3] NCCL INFO New proxy recv connection 8 from local rank 3, transport 0
MOC-R4PCC04U05:463083:463841 [3] NCCL INFO Connected to proxy localRank 3 -> connection 0x7fde780052f0
MOC-R4PCC04U05:463082:463838 [2] NCCL INFO GPU Direct RDMA Enabled for GPU 2 / HCA 1 (distance 5 <= 5), read 0 mode Default
MOC-R4PCC04U05:463083:463140 [3] NCCL INFO New proxy send connection 9 from local rank 3, transport 0
MOC-R4PCC04U05:463083:463841 [3] NCCL INFO Connected to proxy localRank 3 -> connection 0x7fde78005368
MOC-R4PCC04U05:463082:463137 [2] NCCL INFO New proxy recv connection 18 from local rank 2, transport 2
MOC-R4PCC04U05:463082:463838 [2] NCCL INFO Connected to proxy localRank 2 -> connection 0x7f45240057a0
MOC-R4PCC04U05:463082:463838 [2] NCCL INFO Channel 00/0 : 6[2] -> 2[2] [receive] via NET/IB/1/GDRDMA
MOC-R4PCC04U05:463082:463838 [2] NCCL INFO GPU Direct RDMA Enabled for GPU 2 / HCA 1 (distance 5 <= 5), read 0 mode Default
MOC-R4PCC04U05:463083:463140 [3] NCCL INFO New proxy send connection 10 from local rank 3, transport 0
MOC-R4PCC04U05:463082:463137 [2] NCCL INFO New proxy recv connection 19 from local rank 2, transport 2
MOC-R4PCC04U05:463083:463841 [3] NCCL INFO Connected to proxy localRank 3 -> connection 0x7fde780053e0
MOC-R4PCC04U05:463082:463838 [2] NCCL INFO Connected to proxy localRank 2 -> connection 0x7f4524005818
MOC-R4PCC04U05:463082:463838 [2] NCCL INFO Channel 01/0 : 6[2] -> 2[2] [receive] via NET/IB/1/GDRDMA
MOC-R4PCC04U05:463082:463838 [2] NCCL INFO GPU Direct RDMA Enabled for GPU 2 / HCA 1 (distance 5 <= 5), read 0 mode Default
MOC-R4PCC04U05:463082:463137 [2] NCCL INFO New proxy recv connection 20 from local rank 2, transport 2
MOC-R4PCC04U05:463082:463838 [2] NCCL INFO Connected to proxy localRank 2 -> connection 0x7f4524005890
MOC-R4PCC04U05:463083:463140 [3] NCCL INFO New proxy send connection 11 from local rank 3, transport 0
MOC-R4PCC04U05:463083:463841 [3] NCCL INFO Connected to proxy localRank 3 -> connection 0x7fde78005458
MOC-R4PCC04U05:463082:463838 [2] NCCL INFO Channel 02/0 : 6[2] -> 2[2] [receive] via NET/IB/1/GDRDMA
MOC-R4PCC04U05:463082:463838 [2] NCCL INFO GPU Direct RDMA Enabled for GPU 2 / HCA 1 (distance 5 <= 5), read 0 mode Default
MOC-R4PCC04U05:463082:463137 [2] NCCL INFO New proxy recv connection 21 from local rank 2, transport 2
MOC-R4PCC04U05:463082:463838 [2] NCCL INFO Connected to proxy localRank 2 -> connection 0x7f4524005908
MOC-R4PCC04U05:463082:463838 [2] NCCL INFO Channel 03/0 : 6[2] -> 2[2] [receive] via NET/IB/1/GDRDMA
MOC-R4PCC04U05:463082:463838 [2] NCCL INFO GPU Direct RDMA Enabled for GPU 2 / HCA 1 (distance 5 <= 5), read 1 mode Default
MOC-R4PCC04U05:463082:463137 [2] NCCL INFO New proxy send connection 22 from local rank 2, transport 2
MOC-R4PCC04U05:463083:463140 [3] NCCL INFO New proxy send connection 12 from local rank 3, transport 0
MOC-R4PCC04U05:463082:463838 [2] NCCL INFO Connected to proxy localRank 2 -> connection 0x7f4524005980
MOC-R4PCC04U05:463083:463841 [3] NCCL INFO Connected to proxy localRank 3 -> connection 0x7fde780054d0
MOC-R4PCC04U05:463082:463838 [2] NCCL INFO Channel 00/0 : 2[2] -> 6[2] [send] via NET/IB/1/GDRDMA
MOC-R4PCC04U05:463082:463838 [2] NCCL INFO GPU Direct RDMA Enabled for GPU 2 / HCA 1 (distance 5 <= 5), read 1 mode Default
MOC-R4PCC04U05:463082:463137 [2] NCCL INFO New proxy send connection 23 from local rank 2, transport 2
MOC-R4PCC04U05:463082:463838 [2] NCCL INFO Connected to proxy localRank 2 -> connection 0x7f45240059f8
MOC-R4PCC04U05:463082:463838 [2] NCCL INFO Channel 01/0 : 2[2] -> 6[2] [send] via NET/IB/1/GDRDMA
MOC-R4PCC04U05:463082:463838 [2] NCCL INFO GPU Direct RDMA Enabled for GPU 2 / HCA 1 (distance 5 <= 5), read 1 mode Default
MOC-R4PCC04U05:463082:463137 [2] NCCL INFO New proxy send connection 24 from local rank 2, transport 2
MOC-R4PCC04U05:463082:463838 [2] NCCL INFO Connected to proxy localRank 2 -> connection 0x7f4524005a70
MOC-R4PCC04U05:463082:463838 [2] NCCL INFO Channel 02/0 : 2[2] -> 6[2] [send] via NET/IB/1/GDRDMA
MOC-R4PCC04U05:463082:463838 [2] NCCL INFO GPU Direct RDMA Enabled for GPU 2 / HCA 1 (distance 5 <= 5), read 1 mode Default
MOC-R4PCC04U05:463082:463137 [2] NCCL INFO New proxy send connection 25 from local rank 2, transport 2
MOC-R4PCC04U05:463082:463838 [2] NCCL INFO Connected to proxy localRank 2 -> connection 0x7f4524005ae8
MOC-R4PCC04U05:463082:463838 [2] NCCL INFO Channel 03/0 : 2[2] -> 6[2] [send] via NET/IB/1/GDRDMA
MOC-R4PCC04U05:463083:463140 [3] NCCL INFO New proxy send connection 13 from local rank 3, transport 0
MOC-R4PCC04U05:463083:463841 [3] NCCL INFO Connected to proxy localRank 3 -> connection 0x7fde78005548
MOC-R4PCC04U05:463083:463140 [3] NCCL INFO New proxy send connection 14 from local rank 3, transport 0
MOC-R4PCC04U05:463083:463841 [3] NCCL INFO Connected to proxy localRank 3 -> connection 0x7fde780055c0
MOC-R4PCC04U05:463082:463137 [2] NCCL INFO New proxy recv connection 26 from local rank 2, transport 0
MOC-R4PCC04U05:463082:463838 [2] NCCL INFO Connected to proxy localRank 2 -> connection 0x7f4524005b60
MOC-R4PCC04U05:463083:463140 [3] NCCL INFO New proxy send connection 15 from local rank 3, transport 0
MOC-R4PCC04U05:463083:463841 [3] NCCL INFO Connected to proxy localRank 3 -> connection 0x7fde78005638
MOC-R4PCC04U05:463082:463137 [2] NCCL INFO New proxy recv connection 27 from local rank 2, transport 0
MOC-R4PCC04U05:463082:463838 [2] NCCL INFO Connected to proxy localRank 2 -> connection 0x7f4524005bd8
MOC-R4PCC04U05:463083:463140 [3] NCCL INFO New proxy send connection 16 from local rank 3, transport 0
MOC-R4PCC04U05:463083:463841 [3] NCCL INFO Connected to proxy localRank 3 -> connection 0x7fde780056b0
MOC-R4PCC04U05:463082:463137 [2] NCCL INFO New proxy recv connection 28 from local rank 2, transport 0
MOC-R4PCC04U05:463082:463838 [2] NCCL INFO Connected to proxy localRank 2 -> connection 0x7f4524005c50
MOC-R4PCC04U05:463082:463137 [2] NCCL INFO New proxy recv connection 29 from local rank 2, transport 0
MOC-R4PCC04U05:463082:463838 [2] NCCL INFO Connected to proxy localRank 2 -> connection 0x7f4524005cc8
MOC-R4PCC04U05:463083:463140 [3] NCCL INFO New proxy send connection 17 from local rank 2, transport 0
MOC-R4PCC04U05:463082:463838 [2] NCCL INFO Connected to proxy localRank 3 -> connection 0x7fde78005728
MOC-R4PCC04U05:463082:463137 [2] NCCL INFO NET/IB: NCCL Dev 1 IbDev 0 Port 1 qpn 6962 mtu 3 query_ece={supported=1, vendor_id=0x15b3, options=0x30000002, comp_mask=0x0} GID 3 (0/C132A8C0FFFF0000) fifoRkey=0x17ecab fifoLkey=0x17ecab
MOC-R4PCC04U05:463082:463137 [2] NCCL INFO NET/IB: NCCL Dev 1 IbDev 0 Port 1 qpn 6965 mtu 3 query_ece={supported=1, vendor_id=0x15b3, options=0x30000002, comp_mask=0x0} GID 3 (0/C132A8C0FFFF0000) fifoRkey=0x1801c0 fifoLkey=0x1801c0
MOC-R4PCC04U05:463082:463137 [2] NCCL INFO NET/IB: IbDev 0 Port 1 qpn 7203 set_ece={supported=1, vendor_id=0x15b3, options=0x0, comp_mask=0x0}
MOC-R4PCC04U05:463082:463137 [2] NCCL INFO NET/IB: IbDev 0 Port 1 qpn 7206 set_ece={supported=1, vendor_id=0x15b3, options=0x0, comp_mask=0x0}
MOC-R4PCC04U05:463082:463137 [2] NCCL INFO NET/IB: NCCL Dev 1 IbDev 0 Port 1 qpn 6968 mtu 3 query_ece={supported=1, vendor_id=0x15b3, options=0x30000002, comp_mask=0x0} GID 3 (0/C132A8C0FFFF0000) fifoRkey=0x177837 fifoLkey=0x177837
MOC-R4PCC04U05:463082:463137 [2] NCCL INFO NET/IB: IbDev 0 Port 1 qpn 7208 set_ece={supported=1, vendor_id=0x15b3, options=0x0, comp_mask=0x0}
MOC-R4PCC04U05:463082:463137 [2] NCCL INFO NET/IB: NCCL Dev 1 IbDev 0 Port 1 qpn 6973 mtu 3 query_ece={supported=1, vendor_id=0x15b3, options=0x30000002, comp_mask=0x0} GID 3 (0/C132A8C0FFFF0000) fifoRkey=0x17f9b8 fifoLkey=0x17f9b8
MOC-R4PCC04U05:463082:463137 [2] NCCL INFO NET/IB: IbDev 0 Port 1 qpn 7212 set_ece={supported=1, vendor_id=0x15b3, options=0x0, comp_mask=0x0}
step    1/10 | train loss 11.009423 | norm 15.3732 | lr 1.00e-04 | (13851.57 ms | 170327 tok/s)
step    2/10 | train loss 10.139725 | norm 5.7197 | lr 1.00e-04 | (710.17 ms | 3322149 tok/s)
step    3/10 | train loss 9.799690 | norm 2.6018 | lr 1.00e-04 | (710.19 ms | 3322053 tok/s)
step    4/10 | train loss 9.631065 | norm 2.1058 | lr 1.00e-04 | (710.42 ms | 3320979 tok/s)
step    5/10 | train loss 9.548378 | norm 2.0968 | lr 1.00e-04 | (714.03 ms | 3304180 tok/s)
step    6/10 | train loss 9.467424 | norm 1.9915 | lr 1.00e-04 | (710.64 ms | 3319939 tok/s)
step    7/10 | train loss 9.382109 | norm 1.9425 | lr 1.00e-04 | (713.37 ms | 3307247 tok/s)
step    8/10 | train loss 9.290663 | norm 1.9094 | lr 1.00e-04 | (715.07 ms | 3299378 tok/s)
step    9/10 | train loss 9.195856 | norm 1.8519 | lr 1.00e-04 | (711.85 ms | 3314320 tok/s)
step   10/10 | train loss 9.111614 | norm 1.7892 | lr 1.00e-04 | (709.40 ms | 3325766 tok/s)
final 9 iters avg: 711.684ms
peak memory consumption: 16601 MiB
