Running pytorch 2.7.0+cu126
using device: cuda:0
total desired batch size: 2752512
=> calculated gradient accumulation steps: 7
using device: cuda:3
using device: cuda:1
using device: cuda:2
compiling the model...
DataLoader: total number of tokens: 1,661,249,667 across 103 files
MOC-R4PCC04U05:612292:612292 [0] NCCL INFO NCCL_SOCKET_IFNAME set to eno7np0
MOC-R4PCC04U05:612292:612292 [0] NCCL INFO NCCL version 2.26.2+cuda12.2
MOC-R4PCC04U05:612292:612396 [0] NCCL INFO NET/Plugin: Could not find: libnccl-net.so. Using internal net plugin.
MOC-R4PCC04U05:612292:612396 [0] NCCL INFO NCCL_IB_HCA set to mlx5_5
MOC-R4PCC04U05:612295:612295 [3] NCCL INFO NCCL_SOCKET_IFNAME set to eno7np0
MOC-R4PCC04U05:612295:612295 [3] NCCL INFO NCCL version 2.26.2+cuda12.2
MOC-R4PCC04U05:612292:612396 [0] NCCL INFO NET/IB : Made virtual device [0] name=mlx5_5 speed=400000 ndevs=1
MOC-R4PCC04U05:612292:612396 [0] NCCL INFO NET/IB : Using [0]mlx5_5:1/RoCE [RO]; OOB eno7np0:192.168.50.193<0>
MOC-R4PCC04U05:612294:612294 [2] NCCL INFO NCCL_SOCKET_IFNAME set to eno7np0
MOC-R4PCC04U05:612294:612294 [2] NCCL INFO NCCL version 2.26.2+cuda12.2
MOC-R4PCC04U05:612293:612293 [1] NCCL INFO NCCL_SOCKET_IFNAME set to eno7np0
MOC-R4PCC04U05:612293:612293 [1] NCCL INFO NCCL version 2.26.2+cuda12.2
MOC-R4PCC04U05:612295:612419 [3] NCCL INFO NET/Plugin: Could not find: libnccl-net.so. Using internal net plugin.
MOC-R4PCC04U05:612295:612419 [3] NCCL INFO NCCL_IB_HCA set to mlx5_5
MOC-R4PCC04U05:612295:612419 [3] NCCL INFO NET/IB : Made virtual device [0] name=mlx5_5 speed=400000 ndevs=1
MOC-R4PCC04U05:612295:612419 [3] NCCL INFO NET/IB : Using [0]mlx5_5:1/RoCE [RO]; OOB eno7np0:192.168.50.193<0>
MOC-R4PCC04U05:612294:612420 [2] NCCL INFO NET/Plugin: Could not find: libnccl-net.so. Using internal net plugin.
MOC-R4PCC04U05:612294:612420 [2] NCCL INFO NCCL_IB_HCA set to mlx5_5
MOC-R4PCC04U05:612293:612421 [1] NCCL INFO NET/Plugin: Could not find: libnccl-net.so. Using internal net plugin.
MOC-R4PCC04U05:612293:612421 [1] NCCL INFO NCCL_IB_HCA set to mlx5_5
MOC-R4PCC04U05:612294:612420 [2] NCCL INFO NET/IB : Made virtual device [0] name=mlx5_5 speed=400000 ndevs=1
MOC-R4PCC04U05:612294:612420 [2] NCCL INFO NET/IB : Using [0]mlx5_5:1/RoCE [RO]; OOB eno7np0:192.168.50.193<0>
MOC-R4PCC04U05:612293:612421 [1] NCCL INFO NET/IB : Made virtual device [0] name=mlx5_5 speed=400000 ndevs=1
MOC-R4PCC04U05:612293:612421 [1] NCCL INFO NET/IB : Using [0]mlx5_5:1/RoCE [RO]; OOB eno7np0:192.168.50.193<0>
MOC-R4PCC04U05:612295:612419 [3] NCCL INFO NET/IB : GPU Direct RDMA Enabled for HCA 0 'mlx5_5'
MOC-R4PCC04U05:612295:612419 [3] NCCL INFO NET/IB : Made virtual device [1] name=mlx5_5 speed=400000 ndevs=1
MOC-R4PCC04U05:612295:612419 [3] NCCL INFO NET/IB : GPU Direct RDMA Enabled for HCA 0 'mlx5_5'
MOC-R4PCC04U05:612295:612419 [3] NCCL INFO NET/IB : GPU Direct RDMA Enabled for HCA 1 'mlx5_5'
MOC-R4PCC04U05:612294:612420 [2] NCCL INFO NET/IB : GPU Direct RDMA Enabled for HCA 0 'mlx5_5'
MOC-R4PCC04U05:612294:612420 [2] NCCL INFO NET/IB : Made virtual device [1] name=mlx5_5 speed=400000 ndevs=1
MOC-R4PCC04U05:612294:612420 [2] NCCL INFO NET/IB : GPU Direct RDMA Enabled for HCA 0 'mlx5_5'
MOC-R4PCC04U05:612294:612420 [2] NCCL INFO NET/IB : GPU Direct RDMA Enabled for HCA 1 'mlx5_5'
MOC-R4PCC04U05:612292:612396 [0] NCCL INFO NET/IB : GPU Direct RDMA Enabled for HCA 0 'mlx5_5'
MOC-R4PCC04U05:612292:612396 [0] NCCL INFO NET/IB : Made virtual device [1] name=mlx5_5 speed=400000 ndevs=1
MOC-R4PCC04U05:612292:612396 [0] NCCL INFO NET/IB : GPU Direct RDMA Enabled for HCA 0 'mlx5_5'
MOC-R4PCC04U05:612292:612396 [0] NCCL INFO NET/IB : GPU Direct RDMA Enabled for HCA 1 'mlx5_5'
MOC-R4PCC04U05:612293:612421 [1] NCCL INFO NET/IB : GPU Direct RDMA Enabled for HCA 0 'mlx5_5'
MOC-R4PCC04U05:612293:612421 [1] NCCL INFO NET/IB : Made virtual device [1] name=mlx5_5 speed=400000 ndevs=1
MOC-R4PCC04U05:612293:612421 [1] NCCL INFO NET/IB : GPU Direct RDMA Enabled for HCA 0 'mlx5_5'
MOC-R4PCC04U05:612293:612421 [1] NCCL INFO NET/IB : GPU Direct RDMA Enabled for HCA 1 'mlx5_5'
MOC-R4PCC04U05:612293:612421 [1] NCCL INFO GPU Direct RDMA Enabled for GPU 0 / HCA 1 (distance 5 <= 5), read 0 mode Default
MOC-R4PCC04U05:612293:612421 [1] NCCL INFO GPU Direct RDMA Enabled for GPU 1 / HCA 1 (distance 5 <= 5), read 0 mode Default
MOC-R4PCC04U05:612293:612421 [1] NCCL INFO GPU Direct RDMA Enabled for GPU 2 / HCA 1 (distance 5 <= 5), read 0 mode Default
MOC-R4PCC04U05:612293:612421 [1] NCCL INFO GPU Direct RDMA Enabled for GPU 3 / HCA 1 (distance 5 <= 5), read 0 mode Default
MOC-R4PCC04U05:612293:612421 [1] NCCL INFO GPU Direct RDMA Enabled for GPU 0 / HCA 1 (distance 5 <= 5), read 0 mode Default
MOC-R4PCC04U05:612293:612421 [1] NCCL INFO GPU Direct RDMA Enabled for GPU 1 / HCA 1 (distance 5 <= 5), read 0 mode Default
MOC-R4PCC04U05:612293:612421 [1] NCCL INFO GPU Direct RDMA Enabled for GPU 2 / HCA 1 (distance 5 <= 5), read 0 mode Default
MOC-R4PCC04U05:612293:612421 [1] NCCL INFO GPU Direct RDMA Enabled for GPU 3 / HCA 1 (distance 5 <= 5), read 0 mode Default
MOC-R4PCC04U05:612292:612396 [0] NCCL INFO GPU Direct RDMA Enabled for GPU 0 / HCA 1 (distance 5 <= 5), read 0 mode Default
MOC-R4PCC04U05:612292:612396 [0] NCCL INFO GPU Direct RDMA Enabled for GPU 1 / HCA 1 (distance 5 <= 5), read 0 mode Default
MOC-R4PCC04U05:612292:612396 [0] NCCL INFO GPU Direct RDMA Enabled for GPU 2 / HCA 1 (distance 5 <= 5), read 0 mode Default
MOC-R4PCC04U05:612292:612396 [0] NCCL INFO GPU Direct RDMA Enabled for GPU 3 / HCA 1 (distance 5 <= 5), read 0 mode Default
MOC-R4PCC04U05:612292:612396 [0] NCCL INFO GPU Direct RDMA Enabled for GPU 0 / HCA 1 (distance 5 <= 5), read 0 mode Default
MOC-R4PCC04U05:612292:612396 [0] NCCL INFO GPU Direct RDMA Enabled for GPU 1 / HCA 1 (distance 5 <= 5), read 0 mode Default
MOC-R4PCC04U05:612292:612396 [0] NCCL INFO GPU Direct RDMA Enabled for GPU 2 / HCA 1 (distance 5 <= 5), read 0 mode Default
MOC-R4PCC04U05:612292:612396 [0] NCCL INFO GPU Direct RDMA Enabled for GPU 3 / HCA 1 (distance 5 <= 5), read 0 mode Default
MOC-R4PCC04U05:612295:612419 [3] NCCL INFO GPU Direct RDMA Enabled for GPU 0 / HCA 1 (distance 5 <= 5), read 0 mode Default
MOC-R4PCC04U05:612295:612419 [3] NCCL INFO GPU Direct RDMA Enabled for GPU 1 / HCA 1 (distance 5 <= 5), read 0 mode Default
MOC-R4PCC04U05:612295:612419 [3] NCCL INFO GPU Direct RDMA Enabled for GPU 2 / HCA 1 (distance 5 <= 5), read 0 mode Default
MOC-R4PCC04U05:612295:612419 [3] NCCL INFO GPU Direct RDMA Enabled for GPU 3 / HCA 1 (distance 5 <= 5), read 0 mode Default
MOC-R4PCC04U05:612295:612419 [3] NCCL INFO GPU Direct RDMA Enabled for GPU 0 / HCA 1 (distance 5 <= 5), read 0 mode Default
MOC-R4PCC04U05:612295:612419 [3] NCCL INFO GPU Direct RDMA Enabled for GPU 1 / HCA 1 (distance 5 <= 5), read 0 mode Default
MOC-R4PCC04U05:612295:612419 [3] NCCL INFO GPU Direct RDMA Enabled for GPU 2 / HCA 1 (distance 5 <= 5), read 0 mode Default
MOC-R4PCC04U05:612295:612419 [3] NCCL INFO GPU Direct RDMA Enabled for GPU 3 / HCA 1 (distance 5 <= 5), read 0 mode Default
MOC-R4PCC04U05:612294:612420 [2] NCCL INFO GPU Direct RDMA Enabled for GPU 0 / HCA 1 (distance 5 <= 5), read 0 mode Default
MOC-R4PCC04U05:612294:612420 [2] NCCL INFO GPU Direct RDMA Enabled for GPU 1 / HCA 1 (distance 5 <= 5), read 0 mode Default
MOC-R4PCC04U05:612294:612420 [2] NCCL INFO GPU Direct RDMA Enabled for GPU 2 / HCA 1 (distance 5 <= 5), read 0 mode Default
MOC-R4PCC04U05:612294:612420 [2] NCCL INFO GPU Direct RDMA Enabled for GPU 3 / HCA 1 (distance 5 <= 5), read 0 mode Default
MOC-R4PCC04U05:612294:612420 [2] NCCL INFO GPU Direct RDMA Enabled for GPU 0 / HCA 1 (distance 5 <= 5), read 0 mode Default
MOC-R4PCC04U05:612294:612420 [2] NCCL INFO GPU Direct RDMA Enabled for GPU 1 / HCA 1 (distance 5 <= 5), read 0 mode Default
MOC-R4PCC04U05:612294:612420 [2] NCCL INFO GPU Direct RDMA Enabled for GPU 2 / HCA 1 (distance 5 <= 5), read 0 mode Default
MOC-R4PCC04U05:612294:612420 [2] NCCL INFO GPU Direct RDMA Enabled for GPU 3 / HCA 1 (distance 5 <= 5), read 0 mode Default
MOC-R4PCC04U05:612295:612431 [3] NCCL INFO New proxy recv connection 0 from local rank 3, transport 0
MOC-R4PCC04U05:612295:612441 [3] NCCL INFO Connected to proxy localRank 3 -> connection 0x7fccb0004f30
MOC-R4PCC04U05:612295:612431 [3] NCCL INFO New proxy recv connection 1 from local rank 3, transport 0
MOC-R4PCC04U05:612295:612441 [3] NCCL INFO Connected to proxy localRank 3 -> connection 0x7fccb0004fa8
MOC-R4PCC04U05:612295:612431 [3] NCCL INFO New proxy recv connection 2 from local rank 3, transport 0
MOC-R4PCC04U05:612295:612441 [3] NCCL INFO Connected to proxy localRank 3 -> connection 0x7fccb0005020
MOC-R4PCC04U05:612295:612431 [3] NCCL INFO New proxy recv connection 3 from local rank 3, transport 0
MOC-R4PCC04U05:612295:612441 [3] NCCL INFO Connected to proxy localRank 3 -> connection 0x7fccb0005098
MOC-R4PCC04U05:612295:612441 [3] NCCL INFO GPU Direct RDMA Enabled for GPU 3 / HCA 1 (distance 5 <= 5), read 1 mode Default
MOC-R4PCC04U05:612292:612436 [0] NCCL INFO New proxy send connection 0 from local rank 0, transport 0
MOC-R4PCC04U05:612292:612442 [0] NCCL INFO Connected to proxy localRank 0 -> connection 0x7fedd4004f30
MOC-R4PCC04U05:612292:612436 [0] NCCL INFO New proxy send connection 1 from local rank 0, transport 0
MOC-R4PCC04U05:612292:612442 [0] NCCL INFO Connected to proxy localRank 0 -> connection 0x7fedd4004fa8
MOC-R4PCC04U05:612292:612436 [0] NCCL INFO New proxy send connection 2 from local rank 0, transport 0
MOC-R4PCC04U05:612292:612442 [0] NCCL INFO Connected to proxy localRank 0 -> connection 0x7fedd4005020
MOC-R4PCC04U05:612294:612443 [2] NCCL INFO GPU Direct RDMA Enabled for GPU 2 / HCA 1 (distance 5 <= 5), read 0 mode Default
MOC-R4PCC04U05:612292:612436 [0] NCCL INFO New proxy send connection 3 from local rank 0, transport 0
MOC-R4PCC04U05:612292:612442 [0] NCCL INFO Connected to proxy localRank 0 -> connection 0x7fedd4005098
MOC-R4PCC04U05:612293:612432 [1] NCCL INFO New proxy recv connection 0 from local rank 1, transport 0
MOC-R4PCC04U05:612293:612444 [1] NCCL INFO Connected to proxy localRank 1 -> connection 0x7f1090004f30
MOC-R4PCC04U05:612293:612432 [1] NCCL INFO New proxy recv connection 1 from local rank 1, transport 0
MOC-R4PCC04U05:612293:612444 [1] NCCL INFO Connected to proxy localRank 1 -> connection 0x7f1090004fa8
MOC-R4PCC04U05:612293:612432 [1] NCCL INFO New proxy recv connection 2 from local rank 1, transport 0
MOC-R4PCC04U05:612293:612444 [1] NCCL INFO Connected to proxy localRank 1 -> connection 0x7f1090005020
MOC-R4PCC04U05:612293:612432 [1] NCCL INFO New proxy recv connection 3 from local rank 1, transport 0
MOC-R4PCC04U05:612293:612444 [1] NCCL INFO Connected to proxy localRank 1 -> connection 0x7f1090005098
MOC-R4PCC04U05:612293:612432 [1] NCCL INFO New proxy send connection 4 from local rank 1, transport 0
MOC-R4PCC04U05:612293:612444 [1] NCCL INFO Connected to proxy localRank 1 -> connection 0x7f1090005110
MOC-R4PCC04U05:612293:612432 [1] NCCL INFO New proxy send connection 5 from local rank 1, transport 0
MOC-R4PCC04U05:612293:612444 [1] NCCL INFO Connected to proxy localRank 1 -> connection 0x7f1090005188
MOC-R4PCC04U05:612293:612432 [1] NCCL INFO New proxy send connection 6 from local rank 1, transport 0
MOC-R4PCC04U05:612293:612444 [1] NCCL INFO Connected to proxy localRank 1 -> connection 0x7f1090005200
MOC-R4PCC04U05:612294:612433 [2] NCCL INFO New proxy send connection 0 from local rank 3, transport 2
MOC-R4PCC04U05:612294:612433 [2] NCCL INFO New proxy recv connection 1 from local rank 2, transport 2
MOC-R4PCC04U05:612295:612441 [3] NCCL INFO Connected to proxy localRank 2 -> connection 0x7f1578004f30
MOC-R4PCC04U05:612293:612432 [1] NCCL INFO New proxy send connection 7 from local rank 1, transport 0
MOC-R4PCC04U05:612293:612444 [1] NCCL INFO Connected to proxy localRank 1 -> connection 0x7f1090005278
MOC-R4PCC04U05:612295:612441 [3] NCCL INFO Channel 00/0 : 3[3] -> 6[2] [send] via NET/IB/1(2)/GDRDMA
MOC-R4PCC04U05:612295:612441 [3] NCCL INFO GPU Direct RDMA Enabled for GPU 3 / HCA 1 (distance 5 <= 5), read 1 mode Default
MOC-R4PCC04U05:612294:612443 [2] NCCL INFO Connected to proxy localRank 2 -> connection 0x7f1578004fa8
MOC-R4PCC04U05:612294:612433 [2] NCCL INFO New proxy send connection 2 from local rank 3, transport 2
MOC-R4PCC04U05:612295:612441 [3] NCCL INFO Connected to proxy localRank 2 -> connection 0x7f1578005020
MOC-R4PCC04U05:612294:612443 [2] NCCL INFO Channel 00/0 : 11[3] -> 2[2] [receive] via NET/IB/1/GDRDMA
MOC-R4PCC04U05:612294:612443 [2] NCCL INFO GPU Direct RDMA Enabled for GPU 2 / HCA 1 (distance 5 <= 5), read 0 mode Default
MOC-R4PCC04U05:612295:612441 [3] NCCL INFO Channel 01/0 : 3[3] -> 6[2] [send] via NET/IB/1(2)/GDRDMA
MOC-R4PCC04U05:612295:612441 [3] NCCL INFO GPU Direct RDMA Enabled for GPU 3 / HCA 1 (distance 5 <= 5), read 1 mode Default
MOC-R4PCC04U05:612294:612433 [2] NCCL INFO New proxy send connection 3 from local rank 3, transport 2
MOC-R4PCC04U05:612295:612441 [3] NCCL INFO Connected to proxy localRank 2 -> connection 0x7f1578005098
MOC-R4PCC04U05:612294:612433 [2] NCCL INFO New proxy recv connection 4 from local rank 2, transport 2
MOC-R4PCC04U05:612294:612443 [2] NCCL INFO Connected to proxy localRank 2 -> connection 0x7f1578005110
MOC-R4PCC04U05:612295:612441 [3] NCCL INFO Channel 02/0 : 3[3] -> 6[2] [send] via NET/IB/1(2)/GDRDMA
MOC-R4PCC04U05:612295:612441 [3] NCCL INFO GPU Direct RDMA Enabled for GPU 3 / HCA 1 (distance 5 <= 5), read 1 mode Default
MOC-R4PCC04U05:612294:612443 [2] NCCL INFO Channel 01/0 : 11[3] -> 2[2] [receive] via NET/IB/1/GDRDMA
MOC-R4PCC04U05:612294:612443 [2] NCCL INFO GPU Direct RDMA Enabled for GPU 2 / HCA 1 (distance 5 <= 5), read 0 mode Default
MOC-R4PCC04U05:612294:612433 [2] NCCL INFO New proxy send connection 5 from local rank 3, transport 2
MOC-R4PCC04U05:612295:612441 [3] NCCL INFO Connected to proxy localRank 2 -> connection 0x7f1578005188
MOC-R4PCC04U05:612294:612433 [2] NCCL INFO New proxy recv connection 6 from local rank 2, transport 2
MOC-R4PCC04U05:612294:612443 [2] NCCL INFO Connected to proxy localRank 2 -> connection 0x7f1578005200
MOC-R4PCC04U05:612295:612441 [3] NCCL INFO Channel 03/0 : 3[3] -> 6[2] [send] via NET/IB/1(2)/GDRDMA
MOC-R4PCC04U05:612294:612443 [2] NCCL INFO Channel 02/0 : 11[3] -> 2[2] [receive] via NET/IB/1/GDRDMA
MOC-R4PCC04U05:612294:612443 [2] NCCL INFO GPU Direct RDMA Enabled for GPU 2 / HCA 1 (distance 5 <= 5), read 0 mode Default
MOC-R4PCC04U05:612294:612433 [2] NCCL INFO New proxy recv connection 7 from local rank 2, transport 2
MOC-R4PCC04U05:612294:612443 [2] NCCL INFO Connected to proxy localRank 2 -> connection 0x7f1578005278
MOC-R4PCC04U05:612294:612443 [2] NCCL INFO Channel 03/0 : 11[3] -> 2[2] [receive] via NET/IB/1/GDRDMA
MOC-R4PCC04U05:612292:612436 [0] NCCL INFO New proxy recv connection 4 from local rank 0, transport 0
MOC-R4PCC04U05:612292:612442 [0] NCCL INFO Connected to proxy localRank 0 -> connection 0x7fedd4005110
MOC-R4PCC04U05:612294:612433 [2] NCCL INFO New proxy send connection 8 from local rank 2, transport 0
MOC-R4PCC04U05:612294:612443 [2] NCCL INFO Connected to proxy localRank 2 -> connection 0x7f15780052f0
MOC-R4PCC04U05:612292:612436 [0] NCCL INFO New proxy recv connection 5 from local rank 0, transport 0
MOC-R4PCC04U05:612292:612442 [0] NCCL INFO Connected to proxy localRank 0 -> connection 0x7fedd4005188
MOC-R4PCC04U05:612292:612436 [0] NCCL INFO New proxy recv connection 6 from local rank 0, transport 0
MOC-R4PCC04U05:612292:612442 [0] NCCL INFO Connected to proxy localRank 0 -> connection 0x7fedd4005200
MOC-R4PCC04U05:612294:612433 [2] NCCL INFO New proxy send connection 9 from local rank 2, transport 0
MOC-R4PCC04U05:612294:612443 [2] NCCL INFO Connected to proxy localRank 2 -> connection 0x7f1578005368
MOC-R4PCC04U05:612292:612436 [0] NCCL INFO New proxy recv connection 7 from local rank 0, transport 0
MOC-R4PCC04U05:612292:612442 [0] NCCL INFO Connected to proxy localRank 0 -> connection 0x7fedd4005278
MOC-R4PCC04U05:612294:612433 [2] NCCL INFO New proxy send connection 10 from local rank 2, transport 0
MOC-R4PCC04U05:612294:612443 [2] NCCL INFO Connected to proxy localRank 2 -> connection 0x7f15780053e0
MOC-R4PCC04U05:612295:612431 [3] NCCL INFO New proxy send connection 4 from local rank 0, transport 0
MOC-R4PCC04U05:612292:612442 [0] NCCL INFO Connected to proxy localRank 3 -> connection 0x7fccb0005110
MOC-R4PCC04U05:612294:612433 [2] NCCL INFO New proxy send connection 11 from local rank 2, transport 0
MOC-R4PCC04U05:612294:612443 [2] NCCL INFO Connected to proxy localRank 2 -> connection 0x7f1578005458
MOC-R4PCC04U05:612292:612436 [0] NCCL INFO New proxy send connection 8 from local rank 1, transport 0
MOC-R4PCC04U05:612293:612444 [1] NCCL INFO Connected to proxy localRank 0 -> connection 0x7fedd40052f0
MOC-R4PCC04U05:612293:612432 [1] NCCL INFO New proxy send connection 8 from local rank 2, transport 0
MOC-R4PCC04U05:612294:612443 [2] NCCL INFO Connected to proxy localRank 1 -> connection 0x7f10900052f0
MOC-R4PCC04U05:612292:612436 [0] NCCL INFO New proxy send connection 9 from local rank 3, transport 0
MOC-R4PCC04U05:612295:612441 [3] NCCL INFO Connected to proxy localRank 0 -> connection 0x7fedd4005368
MOC-R4PCC04U05:612294:612433 [2] NCCL INFO New proxy send connection 12 from local rank 1, transport 0
MOC-R4PCC04U05:612293:612444 [1] NCCL INFO Connected to proxy localRank 2 -> connection 0x7f15780054d0
MOC-R4PCC04U05:612294:612433 [2] NCCL INFO NET/IB: NCCL Dev 1 IbDev 0 Port 1 qpn 9994 mtu 3 query_ece={supported=1, vendor_id=0x15b3, options=0x30000002, comp_mask=0x0} GID 3 (0/C132A8C0FFFF0000) fifoRkey=0x17edac fifoLkey=0x17edac
MOC-R4PCC04U05:612294:612433 [2] NCCL INFO NET/IB: NCCL Dev 1 IbDev 0 Port 1 qpn 9995 mtu 3 query_ece={supported=1, vendor_id=0x15b3, options=0x30000002, comp_mask=0x0} GID 3 (0/C132A8C0FFFF0000) fifoRkey=0x17dc9b fifoLkey=0x17dc9b
MOC-R4PCC04U05:612294:612433 [2] NCCL INFO NET/IB: IbDev 0 Port 1 qpn 9638 set_ece={supported=1, vendor_id=0x15b3, options=0x0, comp_mask=0x0}
MOC-R4PCC04U05:612294:612433 [2] NCCL INFO NET/IB: IbDev 0 Port 1 qpn 9640 set_ece={supported=1, vendor_id=0x15b3, options=0x0, comp_mask=0x0}
MOC-R4PCC04U05:612293:612432 [1] NCCL INFO New proxy send connection 9 from local rank 0, transport 0
MOC-R4PCC04U05:612292:612442 [0] NCCL INFO Connected to proxy localRank 1 -> connection 0x7f1090005368
MOC-R4PCC04U05:612294:612433 [2] NCCL INFO New proxy send connection 13 from local rank 3, transport 0
MOC-R4PCC04U05:612295:612441 [3] NCCL INFO Connected to proxy localRank 2 -> connection 0x7f1578005548
MOC-R4PCC04U05:612294:612433 [2] NCCL INFO NET/IB: NCCL Dev 1 IbDev 0 Port 1 qpn 9996 mtu 3 query_ece={supported=1, vendor_id=0x15b3, options=0x30000002, comp_mask=0x0} GID 3 (0/C132A8C0FFFF0000) fifoRkey=0x17f9b8 fifoLkey=0x17f9b8
MOC-R4PCC04U05:612294:612433 [2] NCCL INFO NET/IB: NCCL Dev 1 IbDev 0 Port 1 qpn 9997 mtu 3 query_ece={supported=1, vendor_id=0x15b3, options=0x30000002, comp_mask=0x0} GID 3 (0/C132A8C0FFFF0000) fifoRkey=0x17a363 fifoLkey=0x17a363
MOC-R4PCC04U05:612294:612433 [2] NCCL INFO NET/IB: IbDev 0 Port 1 qpn 9642 set_ece={supported=1, vendor_id=0x15b3, options=0x0, comp_mask=0x0}
MOC-R4PCC04U05:612294:612433 [2] NCCL INFO NET/IB: IbDev 0 Port 1 qpn 9644 set_ece={supported=1, vendor_id=0x15b3, options=0x0, comp_mask=0x0}
num decayed parameter tensors: 50, with 124,318,464 parameters
num non-decayed parameter tensors: 98, with 121,344 parameters
using fused AdamW: False
using regular AdamW
MOC-R4PCC04U05:612292:612436 [0] NCCL INFO New proxy send connection 10 from local rank 0, transport 0
MOC-R4PCC04U05:612292:613134 [0] NCCL INFO Connected to proxy localRank 0 -> connection 0x7fedd40053e0
MOC-R4PCC04U05:612292:612436 [0] NCCL INFO New proxy send connection 11 from local rank 0, transport 0
MOC-R4PCC04U05:612292:613134 [0] NCCL INFO Connected to proxy localRank 0 -> connection 0x7fedd4005458
MOC-R4PCC04U05:612292:612436 [0] NCCL INFO New proxy send connection 12 from local rank 0, transport 0
MOC-R4PCC04U05:612292:613134 [0] NCCL INFO Connected to proxy localRank 0 -> connection 0x7fedd40054d0
MOC-R4PCC04U05:612292:612436 [0] NCCL INFO New proxy send connection 13 from local rank 0, transport 0
MOC-R4PCC04U05:612292:613134 [0] NCCL INFO Connected to proxy localRank 0 -> connection 0x7fedd4005548
MOC-R4PCC04U05:612295:612431 [3] NCCL INFO New proxy recv connection 5 from local rank 3, transport 0
MOC-R4PCC04U05:612295:613135 [3] NCCL INFO Connected to proxy localRank 3 -> connection 0x7fccb0005188
MOC-R4PCC04U05:612295:612431 [3] NCCL INFO New proxy recv connection 6 from local rank 3, transport 0
MOC-R4PCC04U05:612295:613135 [3] NCCL INFO Connected to proxy localRank 3 -> connection 0x7fccb0005200
MOC-R4PCC04U05:612295:612431 [3] NCCL INFO New proxy recv connection 7 from local rank 3, transport 0
MOC-R4PCC04U05:612295:613135 [3] NCCL INFO Connected to proxy localRank 3 -> connection 0x7fccb0005278
MOC-R4PCC04U05:612295:612431 [3] NCCL INFO New proxy recv connection 8 from local rank 3, transport 0
MOC-R4PCC04U05:612295:613135 [3] NCCL INFO Connected to proxy localRank 3 -> connection 0x7fccb00052f0
MOC-R4PCC04U05:612293:612432 [1] NCCL INFO New proxy recv connection 10 from local rank 1, transport 0
MOC-R4PCC04U05:612293:613136 [1] NCCL INFO Connected to proxy localRank 1 -> connection 0x7f10900053e0
MOC-R4PCC04U05:612293:612432 [1] NCCL INFO New proxy recv connection 11 from local rank 1, transport 0
MOC-R4PCC04U05:612293:613136 [1] NCCL INFO Connected to proxy localRank 1 -> connection 0x7f1090005458
MOC-R4PCC04U05:612293:612432 [1] NCCL INFO New proxy recv connection 12 from local rank 1, transport 0
MOC-R4PCC04U05:612293:613136 [1] NCCL INFO Connected to proxy localRank 1 -> connection 0x7f10900054d0
MOC-R4PCC04U05:612293:612432 [1] NCCL INFO New proxy recv connection 13 from local rank 1, transport 0
MOC-R4PCC04U05:612293:613136 [1] NCCL INFO Connected to proxy localRank 1 -> connection 0x7f1090005548
MOC-R4PCC04U05:612292:612436 [0] NCCL INFO New proxy recv connection 14 from local rank 0, transport 0
MOC-R4PCC04U05:612292:613134 [0] NCCL INFO Connected to proxy localRank 0 -> connection 0x7fedd40055c0
MOC-R4PCC04U05:612292:612436 [0] NCCL INFO New proxy recv connection 15 from local rank 0, transport 0
MOC-R4PCC04U05:612292:613134 [0] NCCL INFO Connected to proxy localRank 0 -> connection 0x7fedd4005638
MOC-R4PCC04U05:612294:612433 [2] NCCL INFO New proxy send connection 14 from local rank 2, transport 0
MOC-R4PCC04U05:612294:613137 [2] NCCL INFO Connected to proxy localRank 2 -> connection 0x7f15780055c0
MOC-R4PCC04U05:612292:612436 [0] NCCL INFO New proxy recv connection 16 from local rank 0, transport 0
MOC-R4PCC04U05:612292:613134 [0] NCCL INFO Connected to proxy localRank 0 -> connection 0x7fedd40056b0
MOC-R4PCC04U05:612294:612433 [2] NCCL INFO New proxy send connection 15 from local rank 2, transport 0
MOC-R4PCC04U05:612294:613137 [2] NCCL INFO Connected to proxy localRank 2 -> connection 0x7f1578005638
MOC-R4PCC04U05:612292:612436 [0] NCCL INFO New proxy recv connection 17 from local rank 0, transport 0
MOC-R4PCC04U05:612294:612433 [2] NCCL INFO New proxy send connection 16 from local rank 2, transport 0
MOC-R4PCC04U05:612292:613134 [0] NCCL INFO Connected to proxy localRank 0 -> connection 0x7fedd4005728
MOC-R4PCC04U05:612294:613137 [2] NCCL INFO Connected to proxy localRank 2 -> connection 0x7f15780056b0
MOC-R4PCC04U05:612294:612433 [2] NCCL INFO New proxy send connection 17 from local rank 2, transport 0
MOC-R4PCC04U05:612294:613137 [2] NCCL INFO Connected to proxy localRank 2 -> connection 0x7f1578005728
MOC-R4PCC04U05:612294:613137 [2] NCCL INFO GPU Direct RDMA Enabled for GPU 2 / HCA 1 (distance 5 <= 5), read 0 mode Default
MOC-R4PCC04U05:612295:612431 [3] NCCL INFO New proxy send connection 9 from local rank 3, transport 0
MOC-R4PCC04U05:612294:612433 [2] NCCL INFO New proxy recv connection 18 from local rank 2, transport 2
MOC-R4PCC04U05:612294:613137 [2] NCCL INFO Connected to proxy localRank 2 -> connection 0x7f15780057a0
MOC-R4PCC04U05:612295:613135 [3] NCCL INFO Connected to proxy localRank 3 -> connection 0x7fccb0005368
MOC-R4PCC04U05:612294:613137 [2] NCCL INFO Channel 00/0 : 10[2] -> 2[2] [receive] via NET/IB/1/GDRDMA
MOC-R4PCC04U05:612294:613137 [2] NCCL INFO GPU Direct RDMA Enabled for GPU 2 / HCA 1 (distance 5 <= 5), read 0 mode Default
MOC-R4PCC04U05:612294:612433 [2] NCCL INFO New proxy recv connection 19 from local rank 2, transport 2
MOC-R4PCC04U05:612294:613137 [2] NCCL INFO Connected to proxy localRank 2 -> connection 0x7f1578005818
MOC-R4PCC04U05:612294:613137 [2] NCCL INFO Channel 01/0 : 10[2] -> 2[2] [receive] via NET/IB/1/GDRDMA
MOC-R4PCC04U05:612294:613137 [2] NCCL INFO GPU Direct RDMA Enabled for GPU 2 / HCA 1 (distance 5 <= 5), read 0 mode Default
MOC-R4PCC04U05:612294:612433 [2] NCCL INFO New proxy recv connection 20 from local rank 2, transport 2
MOC-R4PCC04U05:612294:613137 [2] NCCL INFO Connected to proxy localRank 2 -> connection 0x7f1578005890
MOC-R4PCC04U05:612294:613137 [2] NCCL INFO Channel 02/0 : 10[2] -> 2[2] [receive] via NET/IB/1/GDRDMA
MOC-R4PCC04U05:612294:613137 [2] NCCL INFO GPU Direct RDMA Enabled for GPU 2 / HCA 1 (distance 5 <= 5), read 0 mode Default
MOC-R4PCC04U05:612294:612433 [2] NCCL INFO New proxy recv connection 21 from local rank 2, transport 2
MOC-R4PCC04U05:612294:613137 [2] NCCL INFO Connected to proxy localRank 2 -> connection 0x7f1578005908
MOC-R4PCC04U05:612295:612431 [3] NCCL INFO New proxy send connection 10 from local rank 3, transport 0
MOC-R4PCC04U05:612295:613135 [3] NCCL INFO Connected to proxy localRank 3 -> connection 0x7fccb00053e0
MOC-R4PCC04U05:612294:613137 [2] NCCL INFO Channel 03/0 : 10[2] -> 2[2] [receive] via NET/IB/1/GDRDMA
MOC-R4PCC04U05:612294:613137 [2] NCCL INFO GPU Direct RDMA Enabled for GPU 2 / HCA 1 (distance 5 <= 5), read 1 mode Default
MOC-R4PCC04U05:612294:612433 [2] NCCL INFO New proxy send connection 22 from local rank 2, transport 2
MOC-R4PCC04U05:612294:613137 [2] NCCL INFO Connected to proxy localRank 2 -> connection 0x7f1578005980
MOC-R4PCC04U05:612294:613137 [2] NCCL INFO Channel 02/0 : 2[2] -> 6[2] [send] via NET/IB/1/GDRDMA
MOC-R4PCC04U05:612294:613137 [2] NCCL INFO GPU Direct RDMA Enabled for GPU 2 / HCA 1 (distance 5 <= 5), read 1 mode Default
MOC-R4PCC04U05:612294:612433 [2] NCCL INFO New proxy send connection 23 from local rank 2, transport 2
MOC-R4PCC04U05:612294:613137 [2] NCCL INFO Connected to proxy localRank 2 -> connection 0x7f15780059f8
MOC-R4PCC04U05:612294:613137 [2] NCCL INFO Channel 03/0 : 2[2] -> 6[2] [send] via NET/IB/1/GDRDMA
MOC-R4PCC04U05:612295:612431 [3] NCCL INFO New proxy send connection 11 from local rank 3, transport 0
MOC-R4PCC04U05:612295:613135 [3] NCCL INFO Connected to proxy localRank 3 -> connection 0x7fccb0005458
MOC-R4PCC04U05:612295:612431 [3] NCCL INFO New proxy send connection 12 from local rank 3, transport 0
MOC-R4PCC04U05:612295:613135 [3] NCCL INFO Connected to proxy localRank 3 -> connection 0x7fccb00054d0
MOC-R4PCC04U05:612295:612431 [3] NCCL INFO New proxy send connection 13 from local rank 3, transport 0
MOC-R4PCC04U05:612295:613135 [3] NCCL INFO Connected to proxy localRank 3 -> connection 0x7fccb0005548
MOC-R4PCC04U05:612295:612431 [3] NCCL INFO New proxy send connection 14 from local rank 3, transport 0
MOC-R4PCC04U05:612295:613135 [3] NCCL INFO Connected to proxy localRank 3 -> connection 0x7fccb00055c0
MOC-R4PCC04U05:612295:612431 [3] NCCL INFO New proxy send connection 15 from local rank 3, transport 0
MOC-R4PCC04U05:612295:613135 [3] NCCL INFO Connected to proxy localRank 3 -> connection 0x7fccb0005638
MOC-R4PCC04U05:612295:612431 [3] NCCL INFO New proxy send connection 16 from local rank 3, transport 0
MOC-R4PCC04U05:612295:613135 [3] NCCL INFO Connected to proxy localRank 3 -> connection 0x7fccb00056b0
MOC-R4PCC04U05:612294:613137 [2] NCCL INFO GPU Direct RDMA Enabled for GPU 2 / HCA 1 (distance 5 <= 5), read 0 mode Default
MOC-R4PCC04U05:612294:612433 [2] NCCL INFO New proxy recv connection 24 from local rank 2, transport 2
MOC-R4PCC04U05:612294:613137 [2] NCCL INFO Connected to proxy localRank 2 -> connection 0x7f1578005a70
MOC-R4PCC04U05:612294:613137 [2] NCCL INFO Channel 02/0 : 6[2] -> 2[2] [receive] via NET/IB/1/GDRDMA
MOC-R4PCC04U05:612294:613137 [2] NCCL INFO GPU Direct RDMA Enabled for GPU 2 / HCA 1 (distance 5 <= 5), read 0 mode Default
MOC-R4PCC04U05:612294:612433 [2] NCCL INFO New proxy recv connection 25 from local rank 2, transport 2
MOC-R4PCC04U05:612294:613137 [2] NCCL INFO Connected to proxy localRank 2 -> connection 0x7f1578005ae8
MOC-R4PCC04U05:612294:613137 [2] NCCL INFO Channel 03/0 : 6[2] -> 2[2] [receive] via NET/IB/1/GDRDMA
MOC-R4PCC04U05:612294:613137 [2] NCCL INFO GPU Direct RDMA Enabled for GPU 2 / HCA 1 (distance 5 <= 5), read 1 mode Default
MOC-R4PCC04U05:612294:612433 [2] NCCL INFO New proxy send connection 26 from local rank 2, transport 2
MOC-R4PCC04U05:612294:613137 [2] NCCL INFO Connected to proxy localRank 2 -> connection 0x7f1578005b60
MOC-R4PCC04U05:612294:613137 [2] NCCL INFO Channel 00/0 : 2[2] -> 10[2] [send] via NET/IB/1/GDRDMA
MOC-R4PCC04U05:612294:613137 [2] NCCL INFO GPU Direct RDMA Enabled for GPU 2 / HCA 1 (distance 5 <= 5), read 1 mode Default
MOC-R4PCC04U05:612294:612433 [2] NCCL INFO New proxy send connection 27 from local rank 2, transport 2
MOC-R4PCC04U05:612294:613137 [2] NCCL INFO Connected to proxy localRank 2 -> connection 0x7f1578005bd8
MOC-R4PCC04U05:612294:613137 [2] NCCL INFO Channel 01/0 : 2[2] -> 10[2] [send] via NET/IB/1/GDRDMA
MOC-R4PCC04U05:612294:613137 [2] NCCL INFO GPU Direct RDMA Enabled for GPU 2 / HCA 1 (distance 5 <= 5), read 1 mode Default
MOC-R4PCC04U05:612294:612433 [2] NCCL INFO New proxy send connection 28 from local rank 2, transport 2
MOC-R4PCC04U05:612294:613137 [2] NCCL INFO Connected to proxy localRank 2 -> connection 0x7f1578005c50
MOC-R4PCC04U05:612294:613137 [2] NCCL INFO Channel 02/0 : 2[2] -> 10[2] [send] via NET/IB/1/GDRDMA
MOC-R4PCC04U05:612294:613137 [2] NCCL INFO GPU Direct RDMA Enabled for GPU 2 / HCA 1 (distance 5 <= 5), read 1 mode Default
MOC-R4PCC04U05:612294:612433 [2] NCCL INFO New proxy send connection 29 from local rank 2, transport 2
MOC-R4PCC04U05:612294:613137 [2] NCCL INFO Connected to proxy localRank 2 -> connection 0x7f1578005cc8
MOC-R4PCC04U05:612294:613137 [2] NCCL INFO Channel 03/0 : 2[2] -> 10[2] [send] via NET/IB/1/GDRDMA
MOC-R4PCC04U05:612294:612433 [2] NCCL INFO New proxy recv connection 30 from local rank 2, transport 0
MOC-R4PCC04U05:612294:613137 [2] NCCL INFO Connected to proxy localRank 2 -> connection 0x7f1578005d40
MOC-R4PCC04U05:612294:612433 [2] NCCL INFO New proxy recv connection 31 from local rank 2, transport 0
MOC-R4PCC04U05:612294:613137 [2] NCCL INFO Connected to proxy localRank 2 -> connection 0x7f1578005db8
MOC-R4PCC04U05:612294:612433 [2] NCCL INFO New proxy recv connection 32 from local rank 2, transport 0
MOC-R4PCC04U05:612294:613137 [2] NCCL INFO Connected to proxy localRank 2 -> connection 0x7f1578005e30
MOC-R4PCC04U05:612294:612433 [2] NCCL INFO New proxy recv connection 33 from local rank 2, transport 0
MOC-R4PCC04U05:612294:613137 [2] NCCL INFO Connected to proxy localRank 2 -> connection 0x7f1578005ea8
MOC-R4PCC04U05:612295:612431 [3] NCCL INFO New proxy send connection 17 from local rank 2, transport 0
MOC-R4PCC04U05:612294:613137 [2] NCCL INFO Connected to proxy localRank 3 -> connection 0x7fccb0005728
MOC-R4PCC04U05:612294:612433 [2] NCCL INFO NET/IB: NCCL Dev 1 IbDev 0 Port 1 qpn 10004 mtu 3 query_ece={supported=1, vendor_id=0x15b3, options=0x30000002, comp_mask=0x0} GID 3 (0/C132A8C0FFFF0000) fifoRkey=0x179c5b fifoLkey=0x179c5b
MOC-R4PCC04U05:612294:612433 [2] NCCL INFO NET/IB: NCCL Dev 1 IbDev 0 Port 1 qpn 10005 mtu 3 query_ece={supported=1, vendor_id=0x15b3, options=0x30000002, comp_mask=0x0} GID 3 (0/C132A8C0FFFF0000) fifoRkey=0x17a767 fifoLkey=0x17a767
MOC-R4PCC04U05:612294:612433 [2] NCCL INFO NET/IB: IbDev 0 Port 1 qpn 9650 set_ece={supported=1, vendor_id=0x15b3, options=0x0, comp_mask=0x0}
MOC-R4PCC04U05:612294:612433 [2] NCCL INFO NET/IB: IbDev 0 Port 1 qpn 9652 set_ece={supported=1, vendor_id=0x15b3, options=0x0, comp_mask=0x0}
MOC-R4PCC04U05:612294:612433 [2] NCCL INFO NET/IB: NCCL Dev 1 IbDev 0 Port 1 qpn 10016 mtu 3 query_ece={supported=1, vendor_id=0x15b3, options=0x30000002, comp_mask=0x0} GID 3 (0/C132A8C0FFFF0000) fifoRkey=0x17904f fifoLkey=0x17904f
MOC-R4PCC04U05:612294:612433 [2] NCCL INFO NET/IB: NCCL Dev 1 IbDev 0 Port 1 qpn 10017 mtu 3 query_ece={supported=1, vendor_id=0x15b3, options=0x30000002, comp_mask=0x0} GID 3 (0/C132A8C0FFFF0000) fifoRkey=0x176c2b fifoLkey=0x176c2b
MOC-R4PCC04U05:612294:612433 [2] NCCL INFO NET/IB: IbDev 0 Port 1 qpn 7062 set_ece={supported=1, vendor_id=0x15b3, options=0x0, comp_mask=0x0}
MOC-R4PCC04U05:612294:612433 [2] NCCL INFO NET/IB: IbDev 0 Port 1 qpn 7064 set_ece={supported=1, vendor_id=0x15b3, options=0x0, comp_mask=0x0}
MOC-R4PCC04U05:612294:612433 [2] NCCL INFO NET/IB: NCCL Dev 1 IbDev 0 Port 1 qpn 10020 mtu 3 query_ece={supported=1, vendor_id=0x15b3, options=0x30000002, comp_mask=0x0} GID 3 (0/C132A8C0FFFF0000) fifoRkey=0x178443 fifoLkey=0x178443
MOC-R4PCC04U05:612294:612433 [2] NCCL INFO NET/IB: NCCL Dev 1 IbDev 0 Port 1 qpn 10021 mtu 3 query_ece={supported=1, vendor_id=0x15b3, options=0x30000002, comp_mask=0x0} GID 3 (0/C132A8C0FFFF0000) fifoRkey=0x174705 fifoLkey=0x174705
MOC-R4PCC04U05:612294:612433 [2] NCCL INFO NET/IB: IbDev 0 Port 1 qpn 7066 set_ece={supported=1, vendor_id=0x15b3, options=0x0, comp_mask=0x0}
MOC-R4PCC04U05:612294:612433 [2] NCCL INFO NET/IB: IbDev 0 Port 1 qpn 7068 set_ece={supported=1, vendor_id=0x15b3, options=0x0, comp_mask=0x0}
step    1/10 | train loss 11.009466 | norm 15.3152 | lr 1.00e-04 | (14128.51 ms | 194820 tok/s)
step    2/10 | train loss 10.139437 | norm 5.7209 | lr 1.00e-04 | (590.44 ms | 4661809 tok/s)
step    3/10 | train loss 9.799343 | norm 2.6024 | lr 1.00e-04 | (587.56 ms | 4684677 tok/s)
step    4/10 | train loss 9.630257 | norm 2.1077 | lr 1.00e-04 | (588.31 ms | 4678712 tok/s)
step    5/10 | train loss 9.547256 | norm 2.0986 | lr 1.00e-04 | (590.79 ms | 4659000 tok/s)
step    6/10 | train loss 9.466183 | norm 1.9943 | lr 1.00e-04 | (590.55 ms | 4660913 tok/s)
step    7/10 | train loss 9.380591 | norm 1.9438 | lr 1.00e-04 | (586.73 ms | 4691281 tok/s)
step    8/10 | train loss 9.288687 | norm 1.9109 | lr 1.00e-04 | (591.72 ms | 4651688 tok/s)
step    9/10 | train loss 9.193275 | norm 1.8533 | lr 1.00e-04 | (593.61 ms | 4636906 tok/s)
step   10/10 | train loss 9.109080 | norm 1.7962 | lr 1.00e-04 | (587.71 ms | 4683417 tok/s)
final 9 iters avg: 589.714ms
peak memory consumption: 16601 MiB
