Running pytorch 2.7.0+cu126
using device: cuda:0
total desired batch size: 524288
=> calculated gradient accumulation steps: 2
using device: cuda:2
using device: cuda:1
using device: cuda:3
compiling the model...
DataLoader: total number of tokens: 1,661,249,667 across 103 files
MOC-R4PCC04U05:417482:417482 [0] NCCL INFO NCCL_SOCKET_IFNAME set to eno7np0
MOC-R4PCC04U05:417482:417482 [0] NCCL INFO NCCL version 2.26.2+cuda12.2
MOC-R4PCC04U05:417482:417534 [0] NCCL INFO NET/Plugin: Could not find: libnccl-net.so. Using internal net plugin.
MOC-R4PCC04U05:417482:417534 [0] NCCL INFO NCCL_IB_HCA set to mlx5_5
MOC-R4PCC04U05:417484:417484 [2] NCCL INFO NCCL_SOCKET_IFNAME set to eno7np0
MOC-R4PCC04U05:417484:417484 [2] NCCL INFO NCCL version 2.26.2+cuda12.2
MOC-R4PCC04U05:417482:417534 [0] NCCL INFO NET/IB : Made virtual device [0] name=mlx5_5 speed=400000 ndevs=1
MOC-R4PCC04U05:417482:417534 [0] NCCL INFO NET/IB : Using [0]mlx5_5:1/RoCE [RO]; OOB eno7np0:192.168.50.193<0>
MOC-R4PCC04U05:417483:417483 [1] NCCL INFO NCCL_SOCKET_IFNAME set to eno7np0
MOC-R4PCC04U05:417483:417483 [1] NCCL INFO NCCL version 2.26.2+cuda12.2
MOC-R4PCC04U05:417485:417485 [3] NCCL INFO NCCL_SOCKET_IFNAME set to eno7np0
MOC-R4PCC04U05:417485:417485 [3] NCCL INFO NCCL version 2.26.2+cuda12.2
MOC-R4PCC04U05:417484:417535 [2] NCCL INFO NET/Plugin: Could not find: libnccl-net.so. Using internal net plugin.
MOC-R4PCC04U05:417484:417535 [2] NCCL INFO NCCL_IB_HCA set to mlx5_5
MOC-R4PCC04U05:417483:417537 [1] NCCL INFO NET/Plugin: Could not find: libnccl-net.so. Using internal net plugin.
MOC-R4PCC04U05:417483:417537 [1] NCCL INFO NCCL_IB_HCA set to mlx5_5
MOC-R4PCC04U05:417485:417538 [3] NCCL INFO NET/Plugin: Could not find: libnccl-net.so. Using internal net plugin.
MOC-R4PCC04U05:417485:417538 [3] NCCL INFO NCCL_IB_HCA set to mlx5_5
MOC-R4PCC04U05:417484:417535 [2] NCCL INFO NET/IB : Made virtual device [0] name=mlx5_5 speed=400000 ndevs=1
MOC-R4PCC04U05:417484:417535 [2] NCCL INFO NET/IB : Using [0]mlx5_5:1/RoCE [RO]; OOB eno7np0:192.168.50.193<0>
MOC-R4PCC04U05:417483:417537 [1] NCCL INFO NET/IB : Made virtual device [0] name=mlx5_5 speed=400000 ndevs=1
MOC-R4PCC04U05:417483:417537 [1] NCCL INFO NET/IB : Using [0]mlx5_5:1/RoCE [RO]; OOB eno7np0:192.168.50.193<0>
MOC-R4PCC04U05:417485:417538 [3] NCCL INFO NET/IB : Made virtual device [0] name=mlx5_5 speed=400000 ndevs=1
MOC-R4PCC04U05:417485:417538 [3] NCCL INFO NET/IB : Using [0]mlx5_5:1/RoCE [RO]; OOB eno7np0:192.168.50.193<0>
MOC-R4PCC04U05:417485:417538 [3] NCCL INFO NET/IB : GPU Direct RDMA Enabled for HCA 0 'mlx5_5'
MOC-R4PCC04U05:417485:417538 [3] NCCL INFO NET/IB : Made virtual device [1] name=mlx5_5 speed=400000 ndevs=1
MOC-R4PCC04U05:417485:417538 [3] NCCL INFO NET/IB : GPU Direct RDMA Enabled for HCA 0 'mlx5_5'
MOC-R4PCC04U05:417485:417538 [3] NCCL INFO NET/IB : GPU Direct RDMA Enabled for HCA 1 'mlx5_5'
MOC-R4PCC04U05:417484:417535 [2] NCCL INFO NET/IB : GPU Direct RDMA Enabled for HCA 0 'mlx5_5'
MOC-R4PCC04U05:417484:417535 [2] NCCL INFO NET/IB : Made virtual device [1] name=mlx5_5 speed=400000 ndevs=1
MOC-R4PCC04U05:417484:417535 [2] NCCL INFO NET/IB : GPU Direct RDMA Enabled for HCA 0 'mlx5_5'
MOC-R4PCC04U05:417484:417535 [2] NCCL INFO NET/IB : GPU Direct RDMA Enabled for HCA 1 'mlx5_5'
MOC-R4PCC04U05:417483:417537 [1] NCCL INFO NET/IB : GPU Direct RDMA Enabled for HCA 0 'mlx5_5'
MOC-R4PCC04U05:417483:417537 [1] NCCL INFO NET/IB : Made virtual device [1] name=mlx5_5 speed=400000 ndevs=1
MOC-R4PCC04U05:417483:417537 [1] NCCL INFO NET/IB : GPU Direct RDMA Enabled for HCA 0 'mlx5_5'
MOC-R4PCC04U05:417483:417537 [1] NCCL INFO NET/IB : GPU Direct RDMA Enabled for HCA 1 'mlx5_5'
MOC-R4PCC04U05:417482:417534 [0] NCCL INFO NET/IB : GPU Direct RDMA Enabled for HCA 0 'mlx5_5'
MOC-R4PCC04U05:417482:417534 [0] NCCL INFO NET/IB : Made virtual device [1] name=mlx5_5 speed=400000 ndevs=1
MOC-R4PCC04U05:417482:417534 [0] NCCL INFO NET/IB : GPU Direct RDMA Enabled for HCA 0 'mlx5_5'
MOC-R4PCC04U05:417482:417534 [0] NCCL INFO NET/IB : GPU Direct RDMA Enabled for HCA 1 'mlx5_5'
MOC-R4PCC04U05:417482:417534 [0] NCCL INFO NCCL_NET_GDR_LEVEL set by environment to LOC
MOC-R4PCC04U05:417482:417534 [0] NCCL INFO GPU Direct RDMA Disabled for GPU 0 / HCA 1 (distance 5 > 0)
MOC-R4PCC04U05:417482:417534 [0] NCCL INFO GPU Direct RDMA Disabled for GPU 1 / HCA 1 (distance 5 > 0)
MOC-R4PCC04U05:417482:417534 [0] NCCL INFO GPU Direct RDMA Disabled for GPU 2 / HCA 1 (distance 5 > 0)
MOC-R4PCC04U05:417482:417534 [0] NCCL INFO GPU Direct RDMA Disabled for GPU 0 / HCA 1 (distance 5 > 0)
MOC-R4PCC04U05:417482:417534 [0] NCCL INFO GPU Direct RDMA Disabled for GPU 1 / HCA 1 (distance 5 > 0)
MOC-R4PCC04U05:417482:417534 [0] NCCL INFO GPU Direct RDMA Disabled for GPU 2 / HCA 1 (distance 5 > 0)
MOC-R4PCC04U05:417483:417537 [1] NCCL INFO NCCL_NET_GDR_LEVEL set by environment to LOC
MOC-R4PCC04U05:417483:417537 [1] NCCL INFO GPU Direct RDMA Disabled for GPU 0 / HCA 1 (distance 5 > 0)
MOC-R4PCC04U05:417483:417537 [1] NCCL INFO GPU Direct RDMA Disabled for GPU 1 / HCA 1 (distance 5 > 0)
MOC-R4PCC04U05:417483:417537 [1] NCCL INFO GPU Direct RDMA Disabled for GPU 2 / HCA 1 (distance 5 > 0)
MOC-R4PCC04U05:417483:417537 [1] NCCL INFO GPU Direct RDMA Disabled for GPU 0 / HCA 1 (distance 5 > 0)
MOC-R4PCC04U05:417483:417537 [1] NCCL INFO GPU Direct RDMA Disabled for GPU 1 / HCA 1 (distance 5 > 0)
MOC-R4PCC04U05:417483:417537 [1] NCCL INFO GPU Direct RDMA Disabled for GPU 2 / HCA 1 (distance 5 > 0)
MOC-R4PCC04U05:417484:417535 [2] NCCL INFO NCCL_NET_GDR_LEVEL set by environment to LOC
MOC-R4PCC04U05:417484:417535 [2] NCCL INFO GPU Direct RDMA Disabled for GPU 0 / HCA 1 (distance 5 > 0)
MOC-R4PCC04U05:417484:417535 [2] NCCL INFO GPU Direct RDMA Disabled for GPU 1 / HCA 1 (distance 5 > 0)
MOC-R4PCC04U05:417484:417535 [2] NCCL INFO GPU Direct RDMA Disabled for GPU 2 / HCA 1 (distance 5 > 0)
MOC-R4PCC04U05:417484:417535 [2] NCCL INFO GPU Direct RDMA Disabled for GPU 0 / HCA 1 (distance 5 > 0)
MOC-R4PCC04U05:417484:417535 [2] NCCL INFO GPU Direct RDMA Disabled for GPU 1 / HCA 1 (distance 5 > 0)
MOC-R4PCC04U05:417484:417535 [2] NCCL INFO GPU Direct RDMA Disabled for GPU 2 / HCA 1 (distance 5 > 0)
MOC-R4PCC04U05:417485:417538 [3] NCCL INFO NCCL_NET_GDR_LEVEL set by environment to LOC
MOC-R4PCC04U05:417485:417538 [3] NCCL INFO GPU Direct RDMA Disabled for GPU 0 / HCA 1 (distance 5 > 0)
MOC-R4PCC04U05:417485:417538 [3] NCCL INFO GPU Direct RDMA Disabled for GPU 1 / HCA 1 (distance 5 > 0)
MOC-R4PCC04U05:417485:417538 [3] NCCL INFO GPU Direct RDMA Disabled for GPU 2 / HCA 1 (distance 5 > 0)
MOC-R4PCC04U05:417485:417538 [3] NCCL INFO GPU Direct RDMA Disabled for GPU 0 / HCA 1 (distance 5 > 0)
MOC-R4PCC04U05:417485:417538 [3] NCCL INFO GPU Direct RDMA Disabled for GPU 1 / HCA 1 (distance 5 > 0)
MOC-R4PCC04U05:417485:417538 [3] NCCL INFO GPU Direct RDMA Disabled for GPU 2 / HCA 1 (distance 5 > 0)
MOC-R4PCC04U05:417483:417555 [1] NCCL INFO New proxy recv connection 0 from local rank 1, transport 0
MOC-R4PCC04U05:417483:417558 [1] NCCL INFO Connected to proxy localRank 1 -> connection 0x7fce3c004f30
MOC-R4PCC04U05:417482:417552 [0] NCCL INFO New proxy send connection 0 from local rank 0, transport 0
MOC-R4PCC04U05:417482:417559 [0] NCCL INFO Connected to proxy localRank 0 -> connection 0x7f81c4004f30
MOC-R4PCC04U05:417483:417555 [1] NCCL INFO New proxy recv connection 1 from local rank 1, transport 0
MOC-R4PCC04U05:417483:417558 [1] NCCL INFO Connected to proxy localRank 1 -> connection 0x7fce3c004fa8
MOC-R4PCC04U05:417482:417552 [0] NCCL INFO New proxy send connection 1 from local rank 0, transport 0
MOC-R4PCC04U05:417482:417559 [0] NCCL INFO Connected to proxy localRank 0 -> connection 0x7f81c4004fa8
MOC-R4PCC04U05:417484:417550 [2] NCCL INFO New proxy recv connection 0 from local rank 2, transport 0
MOC-R4PCC04U05:417484:417560 [2] NCCL INFO Connected to proxy localRank 2 -> connection 0x7fcea8004f30
MOC-R4PCC04U05:417485:417551 [3] NCCL INFO New proxy recv connection 0 from local rank 3, transport 0
MOC-R4PCC04U05:417485:417561 [3] NCCL INFO Connected to proxy localRank 3 -> connection 0x7f910c004f30
MOC-R4PCC04U05:417484:417550 [2] NCCL INFO New proxy recv connection 1 from local rank 2, transport 0
MOC-R4PCC04U05:417484:417560 [2] NCCL INFO Connected to proxy localRank 2 -> connection 0x7fcea8004fa8
MOC-R4PCC04U05:417485:417551 [3] NCCL INFO New proxy recv connection 1 from local rank 3, transport 0
MOC-R4PCC04U05:417485:417561 [3] NCCL INFO Connected to proxy localRank 3 -> connection 0x7f910c004fa8
MOC-R4PCC04U05:417485:417561 [3] NCCL INFO GPU Direct RDMA Disabled for GPU 3 / HCA 1 (distance 7 > 0)
MOC-R4PCC04U05:417482:417552 [0] NCCL INFO New proxy send connection 2 from local rank 0, transport 0
MOC-R4PCC04U05:417484:417560 [2] NCCL INFO GPU Direct RDMA Disabled for GPU 2 / HCA 1 (distance 7 > 0)
MOC-R4PCC04U05:417482:417559 [0] NCCL INFO Connected to proxy localRank 0 -> connection 0x7f81c4005020
MOC-R4PCC04U05:417482:417552 [0] NCCL INFO New proxy send connection 3 from local rank 0, transport 0
MOC-R4PCC04U05:417482:417559 [0] NCCL INFO Connected to proxy localRank 0 -> connection 0x7f81c4005098
MOC-R4PCC04U05:417484:417550 [2] NCCL INFO New proxy recv connection 2 from local rank 2, transport 2
MOC-R4PCC04U05:417484:417560 [2] NCCL INFO Connected to proxy localRank 2 -> connection 0x7fcea8005020
MOC-R4PCC04U05:417484:417560 [2] NCCL INFO Channel 00/0 : 7[3] -> 2[2] [receive] via NET/IB/1
MOC-R4PCC04U05:417485:417551 [3] NCCL INFO New proxy send connection 2 from local rank 3, transport 2
MOC-R4PCC04U05:417484:417560 [2] NCCL INFO GPU Direct RDMA Disabled for GPU 2 / HCA 1 (distance 7 > 0)
MOC-R4PCC04U05:417484:417550 [2] NCCL INFO New proxy recv connection 3 from local rank 2, transport 2
MOC-R4PCC04U05:417484:417560 [2] NCCL INFO Connected to proxy localRank 2 -> connection 0x7fcea8005098
MOC-R4PCC04U05:417485:417561 [3] NCCL INFO Connected to proxy localRank 3 -> connection 0x7f910c005020
MOC-R4PCC04U05:417484:417560 [2] NCCL INFO Channel 02/0 : 7[3] -> 2[2] [receive] via NET/IB/1
MOC-R4PCC04U05:417485:417561 [3] NCCL INFO Channel 00/0 : 3[3] -> 6[2] [send] via NET/IB/1
MOC-R4PCC04U05:417485:417561 [3] NCCL INFO GPU Direct RDMA Disabled for GPU 3 / HCA 1 (distance 7 > 0)
MOC-R4PCC04U05:417485:417551 [3] NCCL INFO New proxy send connection 3 from local rank 3, transport 2
MOC-R4PCC04U05:417485:417561 [3] NCCL INFO Connected to proxy localRank 3 -> connection 0x7f910c005098
MOC-R4PCC04U05:417485:417561 [3] NCCL INFO Channel 02/0 : 3[3] -> 6[2] [send] via NET/IB/1
MOC-R4PCC04U05:417482:417552 [0] NCCL INFO New proxy recv connection 4 from local rank 0, transport 0
MOC-R4PCC04U05:417482:417559 [0] NCCL INFO Connected to proxy localRank 0 -> connection 0x7f81c4005110
MOC-R4PCC04U05:417484:417560 [2] NCCL INFO GPU Direct RDMA Disabled for GPU 2 / HCA 1 (distance 7 > 0)
MOC-R4PCC04U05:417484:417550 [2] NCCL INFO New proxy send connection 4 from local rank 2, transport 2
MOC-R4PCC04U05:417484:417560 [2] NCCL INFO Connected to proxy localRank 2 -> connection 0x7fcea8005110
MOC-R4PCC04U05:417484:417560 [2] NCCL INFO Channel 01/0 : 2[2] -> 7[3] [send] via NET/IB/1
MOC-R4PCC04U05:417484:417560 [2] NCCL INFO GPU Direct RDMA Disabled for GPU 2 / HCA 1 (distance 7 > 0)
MOC-R4PCC04U05:417484:417550 [2] NCCL INFO New proxy send connection 5 from local rank 2, transport 2
MOC-R4PCC04U05:417484:417560 [2] NCCL INFO Connected to proxy localRank 2 -> connection 0x7fcea8005188
MOC-R4PCC04U05:417484:417560 [2] NCCL INFO Channel 03/0 : 2[2] -> 7[3] [send] via NET/IB/1
MOC-R4PCC04U05:417484:417550 [2] NCCL INFO New proxy send connection 6 from local rank 2, transport 0
MOC-R4PCC04U05:417484:417560 [2] NCCL INFO Connected to proxy localRank 2 -> connection 0x7fcea8005200
MOC-R4PCC04U05:417485:417561 [3] NCCL INFO GPU Direct RDMA Disabled for GPU 3 / HCA 1 (distance 7 > 0)
MOC-R4PCC04U05:417485:417551 [3] NCCL INFO New proxy recv connection 4 from local rank 3, transport 2
MOC-R4PCC04U05:417485:417561 [3] NCCL INFO Connected to proxy localRank 3 -> connection 0x7f910c005110
MOC-R4PCC04U05:417485:417561 [3] NCCL INFO Channel 01/0 : 6[2] -> 3[3] [receive] via NET/IB/1
MOC-R4PCC04U05:417485:417561 [3] NCCL INFO GPU Direct RDMA Disabled for GPU 3 / HCA 1 (distance 7 > 0)
MOC-R4PCC04U05:417485:417551 [3] NCCL INFO New proxy recv connection 5 from local rank 3, transport 2
MOC-R4PCC04U05:417485:417561 [3] NCCL INFO Connected to proxy localRank 3 -> connection 0x7f910c005188
MOC-R4PCC04U05:417485:417561 [3] NCCL INFO Channel 03/0 : 6[2] -> 3[3] [receive] via NET/IB/1
MOC-R4PCC04U05:417485:417551 [3] NCCL INFO New proxy send connection 6 from local rank 3, transport 0
MOC-R4PCC04U05:417485:417561 [3] NCCL INFO Connected to proxy localRank 3 -> connection 0x7f910c005200
MOC-R4PCC04U05:417482:417552 [0] NCCL INFO New proxy recv connection 5 from local rank 0, transport 0
MOC-R4PCC04U05:417482:417559 [0] NCCL INFO Connected to proxy localRank 0 -> connection 0x7f81c4005188
MOC-R4PCC04U05:417484:417550 [2] NCCL INFO New proxy send connection 7 from local rank 2, transport 0
MOC-R4PCC04U05:417485:417551 [3] NCCL INFO New proxy send connection 7 from local rank 3, transport 0
MOC-R4PCC04U05:417484:417560 [2] NCCL INFO Connected to proxy localRank 2 -> connection 0x7fcea8005278
MOC-R4PCC04U05:417485:417561 [3] NCCL INFO Connected to proxy localRank 3 -> connection 0x7f910c005278
MOC-R4PCC04U05:417482:417552 [0] NCCL INFO New proxy recv connection 6 from local rank 0, transport 0
MOC-R4PCC04U05:417482:417559 [0] NCCL INFO Connected to proxy localRank 0 -> connection 0x7f81c4005200
MOC-R4PCC04U05:417483:417555 [1] NCCL INFO New proxy recv connection 2 from local rank 1, transport 0
MOC-R4PCC04U05:417483:417558 [1] NCCL INFO Connected to proxy localRank 1 -> connection 0x7fce3c005020
MOC-R4PCC04U05:417482:417552 [0] NCCL INFO New proxy recv connection 7 from local rank 0, transport 0
MOC-R4PCC04U05:417482:417559 [0] NCCL INFO Connected to proxy localRank 0 -> connection 0x7f81c4005278
MOC-R4PCC04U05:417482:417552 [0] NCCL INFO New proxy send connection 8 from local rank 3, transport 0
MOC-R4PCC04U05:417485:417561 [3] NCCL INFO Connected to proxy localRank 0 -> connection 0x7f81c40052f0
MOC-R4PCC04U05:417483:417555 [1] NCCL INFO New proxy recv connection 3 from local rank 1, transport 0
MOC-R4PCC04U05:417483:417558 [1] NCCL INFO Connected to proxy localRank 1 -> connection 0x7fce3c005098
MOC-R4PCC04U05:417483:417555 [1] NCCL INFO New proxy send connection 4 from local rank 1, transport 0
MOC-R4PCC04U05:417483:417558 [1] NCCL INFO Connected to proxy localRank 1 -> connection 0x7fce3c005110
MOC-R4PCC04U05:417483:417555 [1] NCCL INFO New proxy send connection 5 from local rank 1, transport 0
MOC-R4PCC04U05:417483:417558 [1] NCCL INFO Connected to proxy localRank 1 -> connection 0x7fce3c005188
MOC-R4PCC04U05:417483:417555 [1] NCCL INFO New proxy send connection 6 from local rank 1, transport 0
MOC-R4PCC04U05:417483:417558 [1] NCCL INFO Connected to proxy localRank 1 -> connection 0x7fce3c005200
MOC-R4PCC04U05:417483:417555 [1] NCCL INFO New proxy send connection 7 from local rank 1, transport 0
MOC-R4PCC04U05:417483:417558 [1] NCCL INFO Connected to proxy localRank 1 -> connection 0x7fce3c005278
MOC-R4PCC04U05:417483:417555 [1] NCCL INFO New proxy send connection 8 from local rank 3, transport 0
MOC-R4PCC04U05:417485:417561 [3] NCCL INFO Connected to proxy localRank 1 -> connection 0x7fce3c0052f0
MOC-R4PCC04U05:417482:417552 [0] NCCL INFO New proxy send connection 9 from local rank 2, transport 0
MOC-R4PCC04U05:417485:417551 [3] NCCL INFO New proxy send connection 8 from local rank 1, transport 0
MOC-R4PCC04U05:417484:417550 [2] NCCL INFO New proxy send connection 8 from local rank 0, transport 0
MOC-R4PCC04U05:417484:417560 [2] NCCL INFO Connected to proxy localRank 0 -> connection 0x7f81c4005368
MOC-R4PCC04U05:417483:417558 [1] NCCL INFO Connected to proxy localRank 3 -> connection 0x7f910c0052f0
MOC-R4PCC04U05:417482:417559 [0] NCCL INFO Connected to proxy localRank 2 -> connection 0x7fcea80052f0
MOC-R4PCC04U05:417483:417555 [1] NCCL INFO New proxy send connection 9 from local rank 2, transport 0
MOC-R4PCC04U05:417484:417560 [2] NCCL INFO Connected to proxy localRank 1 -> connection 0x7fce3c005368
MOC-R4PCC04U05:417482:417552 [0] NCCL INFO New proxy send connection 10 from local rank 1, transport 0
MOC-R4PCC04U05:417485:417551 [3] NCCL INFO New proxy send connection 9 from local rank 0, transport 0
MOC-R4PCC04U05:417483:417558 [1] NCCL INFO Connected to proxy localRank 0 -> connection 0x7f81c40053e0
MOC-R4PCC04U05:417482:417559 [0] NCCL INFO Connected to proxy localRank 3 -> connection 0x7f910c005368
MOC-R4PCC04U05:417484:417550 [2] NCCL INFO NET/IB: NCCL Dev 1 IbDev 0 Port 1 qpn 6114 mtu 3 query_ece={supported=1, vendor_id=0x15b3, options=0x30000002, comp_mask=0x0} GID 3 (0/C132A8C0FFFF0000) fifoRkey=0x17d796 fifoLkey=0x17d796
MOC-R4PCC04U05:417484:417550 [2] NCCL INFO NET/IB: NCCL Dev 1 IbDev 0 Port 1 qpn 6115 mtu 3 query_ece={supported=1, vendor_id=0x15b3, options=0x30000002, comp_mask=0x0} GID 3 (0/C132A8C0FFFF0000) fifoRkey=0x17ecab fifoLkey=0x17ecab
MOC-R4PCC04U05:417484:417550 [2] NCCL INFO NET/IB: IbDev 0 Port 1 qpn 6352 set_ece={supported=1, vendor_id=0x15b3, options=0x0, comp_mask=0x0}
MOC-R4PCC04U05:417484:417550 [2] NCCL INFO NET/IB: IbDev 0 Port 1 qpn 6354 set_ece={supported=1, vendor_id=0x15b3, options=0x0, comp_mask=0x0}
MOC-R4PCC04U05:417485:417551 [3] NCCL INFO NET/IB: NCCL Dev 1 IbDev 0 Port 1 qpn 6116 mtu 3 query_ece={supported=1, vendor_id=0x15b3, options=0x30000002, comp_mask=0x0} GID 3 (0/C132A8C0FFFF0000) fifoRkey=0x170bca fifoLkey=0x170bca
MOC-R4PCC04U05:417485:417551 [3] NCCL INFO NET/IB: NCCL Dev 1 IbDev 0 Port 1 qpn 6117 mtu 3 query_ece={supported=1, vendor_id=0x15b3, options=0x30000002, comp_mask=0x0} GID 3 (0/C132A8C0FFFF0000) fifoRkey=0x178443 fifoLkey=0x178443
MOC-R4PCC04U05:417485:417551 [3] NCCL INFO NET/IB: IbDev 0 Port 1 qpn 6356 set_ece={supported=1, vendor_id=0x15b3, options=0x0, comp_mask=0x0}
MOC-R4PCC04U05:417484:417550 [2] NCCL INFO New proxy send connection 9 from local rank 1, transport 0
MOC-R4PCC04U05:417483:417558 [1] NCCL INFO Connected to proxy localRank 2 -> connection 0x7fcea8005368
MOC-R4PCC04U05:417483:417555 [1] NCCL INFO New proxy send connection 10 from local rank 0, transport 0
MOC-R4PCC04U05:417482:417559 [0] NCCL INFO Connected to proxy localRank 1 -> connection 0x7fce3c0053e0
MOC-R4PCC04U05:417485:417551 [3] NCCL INFO NET/IB: IbDev 0 Port 1 qpn 6358 set_ece={supported=1, vendor_id=0x15b3, options=0x0, comp_mask=0x0}
num decayed parameter tensors: 50, with 124,318,464 parameters
num non-decayed parameter tensors: 98, with 121,344 parameters
using fused AdamW: False
using regular AdamW
MOC-R4PCC04U05:417484:417550 [2] NCCL INFO New proxy recv connection 10 from local rank 2, transport 0
MOC-R4PCC04U05:417484:418255 [2] NCCL INFO Connected to proxy localRank 2 -> connection 0x7fcea80053e0
MOC-R4PCC04U05:417484:417550 [2] NCCL INFO New proxy recv connection 11 from local rank 2, transport 0
MOC-R4PCC04U05:417484:418255 [2] NCCL INFO Connected to proxy localRank 2 -> connection 0x7fcea8005458
MOC-R4PCC04U05:417484:417550 [2] NCCL INFO New proxy recv connection 12 from local rank 2, transport 0
MOC-R4PCC04U05:417484:418255 [2] NCCL INFO Connected to proxy localRank 2 -> connection 0x7fcea80054d0
MOC-R4PCC04U05:417484:417550 [2] NCCL INFO New proxy recv connection 13 from local rank 2, transport 0
MOC-R4PCC04U05:417484:418255 [2] NCCL INFO Connected to proxy localRank 2 -> connection 0x7fcea8005548
MOC-R4PCC04U05:417485:417551 [3] NCCL INFO New proxy recv connection 10 from local rank 3, transport 0
MOC-R4PCC04U05:417485:418256 [3] NCCL INFO Connected to proxy localRank 3 -> connection 0x7f910c0053e0
MOC-R4PCC04U05:417485:417551 [3] NCCL INFO New proxy recv connection 11 from local rank 3, transport 0
MOC-R4PCC04U05:417485:418256 [3] NCCL INFO Connected to proxy localRank 3 -> connection 0x7f910c005458
MOC-R4PCC04U05:417483:417555 [1] NCCL INFO New proxy recv connection 11 from local rank 1, transport 0
MOC-R4PCC04U05:417483:418257 [1] NCCL INFO Connected to proxy localRank 1 -> connection 0x7fce3c005458
MOC-R4PCC04U05:417483:417555 [1] NCCL INFO New proxy recv connection 12 from local rank 1, transport 0
MOC-R4PCC04U05:417483:418257 [1] NCCL INFO Connected to proxy localRank 1 -> connection 0x7fce3c0054d0
MOC-R4PCC04U05:417483:417555 [1] NCCL INFO New proxy recv connection 13 from local rank 1, transport 0
MOC-R4PCC04U05:417483:418257 [1] NCCL INFO Connected to proxy localRank 1 -> connection 0x7fce3c005548
MOC-R4PCC04U05:417483:417555 [1] NCCL INFO New proxy recv connection 14 from local rank 1, transport 0
MOC-R4PCC04U05:417483:418257 [1] NCCL INFO Connected to proxy localRank 1 -> connection 0x7fce3c0055c0
MOC-R4PCC04U05:417483:417555 [1] NCCL INFO New proxy send connection 15 from local rank 1, transport 0
MOC-R4PCC04U05:417483:418257 [1] NCCL INFO Connected to proxy localRank 1 -> connection 0x7fce3c005638
MOC-R4PCC04U05:417483:417555 [1] NCCL INFO New proxy send connection 16 from local rank 1, transport 0
MOC-R4PCC04U05:417483:418257 [1] NCCL INFO Connected to proxy localRank 1 -> connection 0x7fce3c0056b0
MOC-R4PCC04U05:417483:417555 [1] NCCL INFO New proxy send connection 17 from local rank 1, transport 0
MOC-R4PCC04U05:417483:418257 [1] NCCL INFO Connected to proxy localRank 1 -> connection 0x7fce3c005728
MOC-R4PCC04U05:417483:417555 [1] NCCL INFO New proxy send connection 18 from local rank 1, transport 0
MOC-R4PCC04U05:417483:418257 [1] NCCL INFO Connected to proxy localRank 1 -> connection 0x7fce3c0057a0
MOC-R4PCC04U05:417484:417550 [2] NCCL INFO New proxy send connection 14 from local rank 2, transport 0
MOC-R4PCC04U05:417484:418255 [2] NCCL INFO Connected to proxy localRank 2 -> connection 0x7fcea80055c0
MOC-R4PCC04U05:417484:417550 [2] NCCL INFO New proxy send connection 15 from local rank 2, transport 0
MOC-R4PCC04U05:417484:418255 [2] NCCL INFO Connected to proxy localRank 2 -> connection 0x7fcea8005638
MOC-R4PCC04U05:417482:417552 [0] NCCL INFO New proxy send connection 11 from local rank 0, transport 0
MOC-R4PCC04U05:417482:418258 [0] NCCL INFO Connected to proxy localRank 0 -> connection 0x7f81c4005458
MOC-R4PCC04U05:417482:417552 [0] NCCL INFO New proxy send connection 12 from local rank 0, transport 0
MOC-R4PCC04U05:417482:418258 [0] NCCL INFO Connected to proxy localRank 0 -> connection 0x7f81c40054d0
MOC-R4PCC04U05:417482:417552 [0] NCCL INFO New proxy send connection 13 from local rank 0, transport 0
MOC-R4PCC04U05:417482:418258 [0] NCCL INFO Connected to proxy localRank 0 -> connection 0x7f81c4005548
MOC-R4PCC04U05:417482:417552 [0] NCCL INFO New proxy send connection 14 from local rank 0, transport 0
MOC-R4PCC04U05:417482:418258 [0] NCCL INFO Connected to proxy localRank 0 -> connection 0x7f81c40055c0
MOC-R4PCC04U05:417482:417552 [0] NCCL INFO New proxy send connection 15 from local rank 0, transport 0
MOC-R4PCC04U05:417483:417555 [1] NCCL INFO New proxy recv connection 19 from local rank 1, transport 0
MOC-R4PCC04U05:417482:418258 [0] NCCL INFO Connected to proxy localRank 0 -> connection 0x7f81c4005638
MOC-R4PCC04U05:417483:418257 [1] NCCL INFO Connected to proxy localRank 1 -> connection 0x7fce3c005818
MOC-R4PCC04U05:417482:417552 [0] NCCL INFO New proxy send connection 16 from local rank 0, transport 0
MOC-R4PCC04U05:417482:418258 [0] NCCL INFO Connected to proxy localRank 0 -> connection 0x7f81c40056b0
MOC-R4PCC04U05:417483:417555 [1] NCCL INFO New proxy recv connection 20 from local rank 1, transport 0
MOC-R4PCC04U05:417483:418257 [1] NCCL INFO Connected to proxy localRank 1 -> connection 0x7fce3c005890
MOC-R4PCC04U05:417482:417552 [0] NCCL INFO New proxy recv connection 17 from local rank 0, transport 0
MOC-R4PCC04U05:417482:418258 [0] NCCL INFO Connected to proxy localRank 0 -> connection 0x7f81c4005728
MOC-R4PCC04U05:417485:418256 [3] NCCL INFO GPU Direct RDMA Disabled for GPU 3 / HCA 1 (distance 7 > 0)
MOC-R4PCC04U05:417485:417551 [3] NCCL INFO New proxy recv connection 12 from local rank 3, transport 2
MOC-R4PCC04U05:417485:418256 [3] NCCL INFO Connected to proxy localRank 3 -> connection 0x7f910c0054d0
MOC-R4PCC04U05:417482:417552 [0] NCCL INFO New proxy recv connection 18 from local rank 0, transport 0
MOC-R4PCC04U05:417482:418258 [0] NCCL INFO Connected to proxy localRank 0 -> connection 0x7f81c40057a0
MOC-R4PCC04U05:417485:418256 [3] NCCL INFO Channel 00/0 : 7[3] -> 3[3] [receive] via NET/IB/1
MOC-R4PCC04U05:417485:418256 [3] NCCL INFO GPU Direct RDMA Disabled for GPU 3 / HCA 1 (distance 7 > 0)
MOC-R4PCC04U05:417485:417551 [3] NCCL INFO New proxy recv connection 13 from local rank 3, transport 2
MOC-R4PCC04U05:417485:418256 [3] NCCL INFO Connected to proxy localRank 3 -> connection 0x7f910c005548
MOC-R4PCC04U05:417482:417552 [0] NCCL INFO New proxy recv connection 19 from local rank 0, transport 0
MOC-R4PCC04U05:417482:418258 [0] NCCL INFO Connected to proxy localRank 0 -> connection 0x7f81c4005818
MOC-R4PCC04U05:417485:418256 [3] NCCL INFO Channel 01/0 : 7[3] -> 3[3] [receive] via NET/IB/1
MOC-R4PCC04U05:417485:418256 [3] NCCL INFO GPU Direct RDMA Disabled for GPU 3 / HCA 1 (distance 7 > 0)
MOC-R4PCC04U05:417485:417551 [3] NCCL INFO New proxy recv connection 14 from local rank 3, transport 2
MOC-R4PCC04U05:417485:418256 [3] NCCL INFO Connected to proxy localRank 3 -> connection 0x7f910c0055c0
MOC-R4PCC04U05:417485:418256 [3] NCCL INFO Channel 02/0 : 7[3] -> 3[3] [receive] via NET/IB/1
MOC-R4PCC04U05:417485:418256 [3] NCCL INFO GPU Direct RDMA Disabled for GPU 3 / HCA 1 (distance 7 > 0)
MOC-R4PCC04U05:417485:417551 [3] NCCL INFO New proxy recv connection 15 from local rank 3, transport 2
MOC-R4PCC04U05:417485:418256 [3] NCCL INFO Connected to proxy localRank 3 -> connection 0x7f910c005638
MOC-R4PCC04U05:417485:418256 [3] NCCL INFO Channel 03/0 : 7[3] -> 3[3] [receive] via NET/IB/1
MOC-R4PCC04U05:417485:418256 [3] NCCL INFO GPU Direct RDMA Disabled for GPU 3 / HCA 1 (distance 7 > 0)
MOC-R4PCC04U05:417485:417551 [3] NCCL INFO New proxy send connection 16 from local rank 3, transport 2
MOC-R4PCC04U05:417485:418256 [3] NCCL INFO Connected to proxy localRank 3 -> connection 0x7f910c0056b0
MOC-R4PCC04U05:417485:418256 [3] NCCL INFO Channel 00/0 : 3[3] -> 7[3] [send] via NET/IB/1
MOC-R4PCC04U05:417485:418256 [3] NCCL INFO GPU Direct RDMA Disabled for GPU 3 / HCA 1 (distance 7 > 0)
MOC-R4PCC04U05:417485:417551 [3] NCCL INFO New proxy send connection 17 from local rank 3, transport 2
MOC-R4PCC04U05:417485:418256 [3] NCCL INFO Connected to proxy localRank 3 -> connection 0x7f910c005728
MOC-R4PCC04U05:417485:418256 [3] NCCL INFO Channel 01/0 : 3[3] -> 7[3] [send] via NET/IB/1
MOC-R4PCC04U05:417485:418256 [3] NCCL INFO GPU Direct RDMA Disabled for GPU 3 / HCA 1 (distance 7 > 0)
MOC-R4PCC04U05:417485:417551 [3] NCCL INFO New proxy send connection 18 from local rank 3, transport 2
MOC-R4PCC04U05:417485:418256 [3] NCCL INFO Connected to proxy localRank 3 -> connection 0x7f910c0057a0
MOC-R4PCC04U05:417485:418256 [3] NCCL INFO Channel 02/0 : 3[3] -> 7[3] [send] via NET/IB/1
MOC-R4PCC04U05:417485:418256 [3] NCCL INFO GPU Direct RDMA Disabled for GPU 3 / HCA 1 (distance 7 > 0)
MOC-R4PCC04U05:417485:417551 [3] NCCL INFO New proxy send connection 19 from local rank 3, transport 2
MOC-R4PCC04U05:417485:418256 [3] NCCL INFO Connected to proxy localRank 3 -> connection 0x7f910c005818
MOC-R4PCC04U05:417485:418256 [3] NCCL INFO Channel 03/0 : 3[3] -> 7[3] [send] via NET/IB/1
MOC-R4PCC04U05:417485:417551 [3] NCCL INFO New proxy send connection 20 from local rank 3, transport 0
MOC-R4PCC04U05:417485:418256 [3] NCCL INFO Connected to proxy localRank 3 -> connection 0x7f910c005890
MOC-R4PCC04U05:417482:417552 [0] NCCL INFO New proxy recv connection 20 from local rank 0, transport 0
MOC-R4PCC04U05:417482:418258 [0] NCCL INFO Connected to proxy localRank 0 -> connection 0x7f81c4005890
MOC-R4PCC04U05:417485:417551 [3] NCCL INFO New proxy send connection 21 from local rank 3, transport 0
MOC-R4PCC04U05:417485:418256 [3] NCCL INFO Connected to proxy localRank 3 -> connection 0x7f910c005908
MOC-R4PCC04U05:417485:417551 [3] NCCL INFO New proxy send connection 22 from local rank 3, transport 0
MOC-R4PCC04U05:417485:418256 [3] NCCL INFO Connected to proxy localRank 3 -> connection 0x7f910c005980
MOC-R4PCC04U05:417485:417551 [3] NCCL INFO New proxy send connection 23 from local rank 3, transport 0
MOC-R4PCC04U05:417485:418256 [3] NCCL INFO Connected to proxy localRank 3 -> connection 0x7f910c0059f8
MOC-R4PCC04U05:417485:417551 [3] NCCL INFO NET/IB: NCCL Dev 1 IbDev 0 Port 1 qpn 6122 mtu 3 query_ece={supported=1, vendor_id=0x15b3, options=0x30000002, comp_mask=0x0} GID 3 (0/C132A8C0FFFF0000) fifoRkey=0x17cb8a fifoLkey=0x17cb8a
MOC-R4PCC04U05:417485:417551 [3] NCCL INFO NET/IB: IbDev 0 Port 1 qpn 6363 set_ece={supported=1, vendor_id=0x15b3, options=0x0, comp_mask=0x0}
MOC-R4PCC04U05:417485:417551 [3] NCCL INFO NET/IB: NCCL Dev 1 IbDev 0 Port 1 qpn 6125 mtu 3 query_ece={supported=1, vendor_id=0x15b3, options=0x30000002, comp_mask=0x0} GID 3 (0/C132A8C0FFFF0000) fifoRkey=0x17904f fifoLkey=0x17904f
MOC-R4PCC04U05:417485:417551 [3] NCCL INFO NET/IB: IbDev 0 Port 1 qpn 6365 set_ece={supported=1, vendor_id=0x15b3, options=0x0, comp_mask=0x0}
MOC-R4PCC04U05:417485:417551 [3] NCCL INFO NET/IB: NCCL Dev 1 IbDev 0 Port 1 qpn 6128 mtu 3 query_ece={supported=1, vendor_id=0x15b3, options=0x30000002, comp_mask=0x0} GID 3 (0/C132A8C0FFFF0000) fifoRkey=0x17fdbc fifoLkey=0x17fdbc
MOC-R4PCC04U05:417485:417551 [3] NCCL INFO NET/IB: NCCL Dev 1 IbDev 0 Port 1 qpn 6131 mtu 3 query_ece={supported=1, vendor_id=0x15b3, options=0x30000002, comp_mask=0x0} GID 3 (0/C132A8C0FFFF0000) fifoRkey=0x180ac9 fifoLkey=0x180ac9
MOC-R4PCC04U05:417485:417551 [3] NCCL INFO NET/IB: IbDev 0 Port 1 qpn 6370 set_ece={supported=1, vendor_id=0x15b3, options=0x0, comp_mask=0x0}
MOC-R4PCC04U05:417485:417551 [3] NCCL INFO NET/IB: IbDev 0 Port 1 qpn 6372 set_ece={supported=1, vendor_id=0x15b3, options=0x0, comp_mask=0x0}
step    1/10 | train loss 11.008972 | norm 15.7109 | lr 1.00e-04 | (13559.19 ms | 38667 tok/s)
step    2/10 | train loss 10.123240 | norm 5.8019 | lr 1.00e-04 | (224.40 ms | 2336446 tok/s)
step    3/10 | train loss 9.777218 | norm 2.6314 | lr 1.00e-04 | (270.03 ms | 1941616 tok/s)
step    4/10 | train loss 9.607361 | norm 2.1165 | lr 1.00e-04 | (249.64 ms | 2100138 tok/s)
step    5/10 | train loss 9.524719 | norm 2.1076 | lr 1.00e-04 | (191.87 ms | 2732507 tok/s)
step    6/10 | train loss 9.443518 | norm 2.0013 | lr 1.00e-04 | (248.28 ms | 2111662 tok/s)
step    7/10 | train loss 9.358723 | norm 1.9491 | lr 1.00e-04 | (197.18 ms | 2658953 tok/s)
step    8/10 | train loss 9.269135 | norm 1.9124 | lr 1.00e-04 | (183.16 ms | 2862417 tok/s)
step    9/10 | train loss 9.176635 | norm 1.8636 | lr 1.00e-04 | (185.57 ms | 2825273 tok/s)
step   10/10 | train loss 9.088064 | norm 1.7782 | lr 1.00e-04 | (254.66 ms | 2058797 tok/s)
final 9 iters avg: 222.754ms
peak memory consumption: 16601 MiB
