Running pytorch 2.7.0+cu126
using device: cuda:0
total desired batch size: 2097152
=> calculated gradient accumulation steps: 8
using device: cuda:2
using device: cuda:1
using device: cuda:3
compiling the model...
DataLoader: total number of tokens: 1,661,249,667 across 103 files
MOC-R4PCC04U05:378991:378991 [0] NCCL INFO NCCL_SOCKET_IFNAME set to eno7np0
MOC-R4PCC04U05:378991:378991 [0] NCCL INFO NCCL version 2.26.2+cuda12.2
MOC-R4PCC04U05:378993:378993 [2] NCCL INFO NCCL_SOCKET_IFNAME set to eno7np0
MOC-R4PCC04U05:378993:378993 [2] NCCL INFO NCCL version 2.26.2+cuda12.2
MOC-R4PCC04U05:378992:378992 [1] NCCL INFO NCCL_SOCKET_IFNAME set to eno7np0
MOC-R4PCC04U05:378992:378992 [1] NCCL INFO NCCL version 2.26.2+cuda12.2
MOC-R4PCC04U05:378991:379032 [0] NCCL INFO NET/Plugin: Could not find: libnccl-net.so. Using internal net plugin.
MOC-R4PCC04U05:378991:379032 [0] NCCL INFO NET/Socket : Using [0]eno7np0:192.168.50.193<0>
MOC-R4PCC04U05:378994:378994 [3] NCCL INFO NCCL_SOCKET_IFNAME set to eno7np0
MOC-R4PCC04U05:378994:378994 [3] NCCL INFO NCCL version 2.26.2+cuda12.2
MOC-R4PCC04U05:378993:379033 [2] NCCL INFO NET/Plugin: Could not find: libnccl-net.so. Using internal net plugin.
MOC-R4PCC04U05:378992:379034 [1] NCCL INFO NET/Plugin: Could not find: libnccl-net.so. Using internal net plugin.
MOC-R4PCC04U05:378993:379033 [2] NCCL INFO NET/Socket : Using [0]eno7np0:192.168.50.193<0>
MOC-R4PCC04U05:378992:379034 [1] NCCL INFO NET/Socket : Using [0]eno7np0:192.168.50.193<0>
MOC-R4PCC04U05:378994:379035 [3] NCCL INFO NET/Plugin: Could not find: libnccl-net.so. Using internal net plugin.
MOC-R4PCC04U05:378994:379035 [3] NCCL INFO NET/Socket : Using [0]eno7np0:192.168.50.193<0>
MOC-R4PCC04U05:378991:379032 [0] NCCL INFO NET/Socket : GPU Direct RDMA Disabled for HCA 0 'eno7np0'
MOC-R4PCC04U05:378993:379033 [2] NCCL INFO NET/Socket : GPU Direct RDMA Disabled for HCA 0 'eno7np0'
MOC-R4PCC04U05:378992:379034 [1] NCCL INFO NET/Socket : GPU Direct RDMA Disabled for HCA 0 'eno7np0'
MOC-R4PCC04U05:378994:379035 [3] NCCL INFO NET/Socket : GPU Direct RDMA Disabled for HCA 0 'eno7np0'
MOC-R4PCC04U05:378993:379045 [2] NCCL INFO New proxy recv connection 0 from local rank 2, transport 0
MOC-R4PCC04U05:378993:379052 [2] NCCL INFO Connected to proxy localRank 2 -> connection 0x7f8bec004f30
MOC-R4PCC04U05:378993:379045 [2] NCCL INFO New proxy recv connection 1 from local rank 2, transport 0
MOC-R4PCC04U05:378993:379052 [2] NCCL INFO Connected to proxy localRank 2 -> connection 0x7f8bec004fa8
MOC-R4PCC04U05:378992:379049 [1] NCCL INFO New proxy recv connection 0 from local rank 1, transport 0
MOC-R4PCC04U05:378992:379053 [1] NCCL INFO Connected to proxy localRank 1 -> connection 0x7efb4c004f30
MOC-R4PCC04U05:378991:379046 [0] NCCL INFO New proxy send connection 0 from local rank 0, transport 0
MOC-R4PCC04U05:378991:379054 [0] NCCL INFO Connected to proxy localRank 0 -> connection 0x7f2ed4004f30
MOC-R4PCC04U05:378992:379049 [1] NCCL INFO New proxy recv connection 1 from local rank 1, transport 0
MOC-R4PCC04U05:378992:379053 [1] NCCL INFO Connected to proxy localRank 1 -> connection 0x7efb4c004fa8
MOC-R4PCC04U05:378991:379046 [0] NCCL INFO New proxy send connection 1 from local rank 0, transport 0
MOC-R4PCC04U05:378991:379054 [0] NCCL INFO Connected to proxy localRank 0 -> connection 0x7f2ed4004fa8
MOC-R4PCC04U05:378991:379046 [0] NCCL INFO New proxy send connection 2 from local rank 0, transport 0
MOC-R4PCC04U05:378991:379054 [0] NCCL INFO Connected to proxy localRank 0 -> connection 0x7f2ed4005020
MOC-R4PCC04U05:378991:379046 [0] NCCL INFO New proxy send connection 3 from local rank 0, transport 0
MOC-R4PCC04U05:378991:379054 [0] NCCL INFO Connected to proxy localRank 0 -> connection 0x7f2ed4005098
MOC-R4PCC04U05:378994:379043 [3] NCCL INFO New proxy recv connection 0 from local rank 3, transport 0
MOC-R4PCC04U05:378994:379055 [3] NCCL INFO Connected to proxy localRank 3 -> connection 0x7f0158004f30
MOC-R4PCC04U05:378994:379043 [3] NCCL INFO New proxy recv connection 1 from local rank 3, transport 0
MOC-R4PCC04U05:378994:379055 [3] NCCL INFO Connected to proxy localRank 3 -> connection 0x7f0158004fa8
MOC-R4PCC04U05:378993:379045 [2] NCCL INFO New proxy recv connection 2 from local rank 2, transport 2
MOC-R4PCC04U05:378993:379052 [2] NCCL INFO Connected to proxy localRank 2 -> connection 0x7f8bec005020
MOC-R4PCC04U05:378993:379052 [2] NCCL INFO Channel 00/0 : 7[3] -> 2[2] [receive] via NET/Socket/0
MOC-R4PCC04U05:378993:379045 [2] NCCL INFO New proxy recv connection 3 from local rank 2, transport 2
MOC-R4PCC04U05:378993:379052 [2] NCCL INFO Connected to proxy localRank 2 -> connection 0x7f8bec005098
MOC-R4PCC04U05:378993:379052 [2] NCCL INFO Channel 02/0 : 7[3] -> 2[2] [receive] via NET/Socket/0
MOC-R4PCC04U05:378993:379045 [2] NCCL INFO New proxy send connection 4 from local rank 2, transport 2
MOC-R4PCC04U05:378993:379052 [2] NCCL INFO Connected to proxy localRank 2 -> connection 0x7f8bec005110
MOC-R4PCC04U05:378993:379052 [2] NCCL INFO Channel 01/0 : 2[2] -> 7[3] [send] via NET/Socket/0
MOC-R4PCC04U05:378993:379045 [2] NCCL INFO New proxy send connection 5 from local rank 2, transport 2
MOC-R4PCC04U05:378993:379052 [2] NCCL INFO Connected to proxy localRank 2 -> connection 0x7f8bec005188
MOC-R4PCC04U05:378993:379052 [2] NCCL INFO Channel 03/0 : 2[2] -> 7[3] [send] via NET/Socket/0
MOC-R4PCC04U05:378993:379045 [2] NCCL INFO New proxy send connection 6 from local rank 2, transport 0
MOC-R4PCC04U05:378993:379052 [2] NCCL INFO Connected to proxy localRank 2 -> connection 0x7f8bec005200
MOC-R4PCC04U05:378993:379045 [2] NCCL INFO New proxy send connection 7 from local rank 2, transport 0
MOC-R4PCC04U05:378993:379052 [2] NCCL INFO Connected to proxy localRank 2 -> connection 0x7f8bec005278
MOC-R4PCC04U05:378994:379043 [3] NCCL INFO New proxy send connection 2 from local rank 3, transport 2
MOC-R4PCC04U05:378994:379055 [3] NCCL INFO Connected to proxy localRank 3 -> connection 0x7f0158005020
MOC-R4PCC04U05:378994:379055 [3] NCCL INFO Channel 00/0 : 3[3] -> 6[2] [send] via NET/Socket/0
MOC-R4PCC04U05:378994:379043 [3] NCCL INFO New proxy send connection 3 from local rank 3, transport 2
MOC-R4PCC04U05:378994:379055 [3] NCCL INFO Connected to proxy localRank 3 -> connection 0x7f0158005098
MOC-R4PCC04U05:378994:379055 [3] NCCL INFO Channel 02/0 : 3[3] -> 6[2] [send] via NET/Socket/0
MOC-R4PCC04U05:378991:379046 [0] NCCL INFO New proxy recv connection 4 from local rank 0, transport 0
MOC-R4PCC04U05:378991:379054 [0] NCCL INFO Connected to proxy localRank 0 -> connection 0x7f2ed4005110
MOC-R4PCC04U05:378994:379043 [3] NCCL INFO New proxy recv connection 4 from local rank 3, transport 2
MOC-R4PCC04U05:378994:379055 [3] NCCL INFO Connected to proxy localRank 3 -> connection 0x7f0158005110
MOC-R4PCC04U05:378994:379055 [3] NCCL INFO Channel 01/0 : 6[2] -> 3[3] [receive] via NET/Socket/0
MOC-R4PCC04U05:378994:379043 [3] NCCL INFO New proxy recv connection 5 from local rank 3, transport 2
MOC-R4PCC04U05:378994:379055 [3] NCCL INFO Connected to proxy localRank 3 -> connection 0x7f0158005188
MOC-R4PCC04U05:378994:379055 [3] NCCL INFO Channel 03/0 : 6[2] -> 3[3] [receive] via NET/Socket/0
MOC-R4PCC04U05:378994:379043 [3] NCCL INFO New proxy send connection 6 from local rank 3, transport 0
MOC-R4PCC04U05:378994:379055 [3] NCCL INFO Connected to proxy localRank 3 -> connection 0x7f0158005200
MOC-R4PCC04U05:378994:379043 [3] NCCL INFO New proxy send connection 7 from local rank 3, transport 0
MOC-R4PCC04U05:378994:379055 [3] NCCL INFO Connected to proxy localRank 3 -> connection 0x7f0158005278
MOC-R4PCC04U05:378991:379046 [0] NCCL INFO New proxy recv connection 5 from local rank 0, transport 0
MOC-R4PCC04U05:378991:379054 [0] NCCL INFO Connected to proxy localRank 0 -> connection 0x7f2ed4005188
MOC-R4PCC04U05:378992:379049 [1] NCCL INFO New proxy recv connection 2 from local rank 1, transport 0
MOC-R4PCC04U05:378992:379053 [1] NCCL INFO Connected to proxy localRank 1 -> connection 0x7efb4c005020
MOC-R4PCC04U05:378991:379046 [0] NCCL INFO New proxy send connection 6 from local rank 3, transport 0
MOC-R4PCC04U05:378994:379055 [3] NCCL INFO Connected to proxy localRank 0 -> connection 0x7f2ed4005200
MOC-R4PCC04U05:378991:379046 [0] NCCL INFO New proxy recv connection 7 from local rank 0, transport 0
MOC-R4PCC04U05:378991:379054 [0] NCCL INFO Connected to proxy localRank 0 -> connection 0x7f2ed4005278
MOC-R4PCC04U05:378992:379049 [1] NCCL INFO New proxy recv connection 3 from local rank 1, transport 0
MOC-R4PCC04U05:378992:379053 [1] NCCL INFO Connected to proxy localRank 1 -> connection 0x7efb4c005098
MOC-R4PCC04U05:378991:379046 [0] NCCL INFO New proxy recv connection 8 from local rank 0, transport 0
MOC-R4PCC04U05:378991:379054 [0] NCCL INFO Connected to proxy localRank 0 -> connection 0x7f2ed40052f0
MOC-R4PCC04U05:378992:379049 [1] NCCL INFO New proxy send connection 4 from local rank 1, transport 0
MOC-R4PCC04U05:378992:379053 [1] NCCL INFO Connected to proxy localRank 1 -> connection 0x7efb4c005110
MOC-R4PCC04U05:378992:379049 [1] NCCL INFO New proxy send connection 5 from local rank 1, transport 0
MOC-R4PCC04U05:378992:379053 [1] NCCL INFO Connected to proxy localRank 1 -> connection 0x7efb4c005188
MOC-R4PCC04U05:378992:379049 [1] NCCL INFO New proxy send connection 6 from local rank 1, transport 0
MOC-R4PCC04U05:378992:379053 [1] NCCL INFO Connected to proxy localRank 1 -> connection 0x7efb4c005200
MOC-R4PCC04U05:378992:379049 [1] NCCL INFO New proxy send connection 7 from local rank 1, transport 0
MOC-R4PCC04U05:378992:379053 [1] NCCL INFO Connected to proxy localRank 1 -> connection 0x7efb4c005278
MOC-R4PCC04U05:378991:379046 [0] NCCL INFO New proxy send connection 9 from local rank 2, transport 0
MOC-R4PCC04U05:378993:379052 [2] NCCL INFO Connected to proxy localRank 0 -> connection 0x7f2ed4005368
MOC-R4PCC04U05:378993:379045 [2] NCCL INFO New proxy send connection 8 from local rank 0, transport 0
MOC-R4PCC04U05:378991:379054 [0] NCCL INFO Connected to proxy localRank 2 -> connection 0x7f8bec0052f0
MOC-R4PCC04U05:378994:379043 [3] NCCL INFO New proxy send connection 8 from local rank 1, transport 0
MOC-R4PCC04U05:378992:379053 [1] NCCL INFO Connected to proxy localRank 3 -> connection 0x7f01580052f0
MOC-R4PCC04U05:378992:379049 [1] NCCL INFO New proxy send connection 8 from local rank 3, transport 0
MOC-R4PCC04U05:378994:379055 [3] NCCL INFO Connected to proxy localRank 1 -> connection 0x7efb4c0052f0
MOC-R4PCC04U05:378992:379049 [1] NCCL INFO New proxy send connection 9 from local rank 2, transport 0
MOC-R4PCC04U05:378993:379052 [2] NCCL INFO Connected to proxy localRank 1 -> connection 0x7efb4c005368
MOC-R4PCC04U05:378994:379043 [3] NCCL INFO New proxy send connection 9 from local rank 0, transport 0
MOC-R4PCC04U05:378991:379054 [0] NCCL INFO Connected to proxy localRank 3 -> connection 0x7f0158005368
MOC-R4PCC04U05:378991:379046 [0] NCCL INFO New proxy send connection 10 from local rank 1, transport 0
MOC-R4PCC04U05:378992:379053 [1] NCCL INFO Connected to proxy localRank 0 -> connection 0x7f2ed40053e0
MOC-R4PCC04U05:378993:379045 [2] NCCL INFO New proxy send connection 9 from local rank 1, transport 0
MOC-R4PCC04U05:378992:379053 [1] NCCL INFO Connected to proxy localRank 2 -> connection 0x7f8bec005368
MOC-R4PCC04U05:378992:379049 [1] NCCL INFO New proxy send connection 10 from local rank 0, transport 0
MOC-R4PCC04U05:378991:379054 [0] NCCL INFO Connected to proxy localRank 1 -> connection 0x7efb4c0053e0
num decayed parameter tensors: 50, with 124,318,464 parameters
num non-decayed parameter tensors: 98, with 121,344 parameters
using fused AdamW: False
using regular AdamW
MOC-R4PCC04U05:378991:379046 [0] NCCL INFO New proxy send connection 11 from local rank 0, transport 0
MOC-R4PCC04U05:378991:379810 [0] NCCL INFO Connected to proxy localRank 0 -> connection 0x7f2ed4005458
MOC-R4PCC04U05:378991:379046 [0] NCCL INFO New proxy send connection 12 from local rank 0, transport 0
MOC-R4PCC04U05:378991:379810 [0] NCCL INFO Connected to proxy localRank 0 -> connection 0x7f2ed40054d0
MOC-R4PCC04U05:378991:379046 [0] NCCL INFO New proxy send connection 13 from local rank 0, transport 0
MOC-R4PCC04U05:378991:379810 [0] NCCL INFO Connected to proxy localRank 0 -> connection 0x7f2ed4005548
MOC-R4PCC04U05:378991:379046 [0] NCCL INFO New proxy send connection 14 from local rank 0, transport 0
MOC-R4PCC04U05:378991:379810 [0] NCCL INFO Connected to proxy localRank 0 -> connection 0x7f2ed40055c0
MOC-R4PCC04U05:378993:379045 [2] NCCL INFO New proxy recv connection 10 from local rank 2, transport 0
MOC-R4PCC04U05:378993:379811 [2] NCCL INFO Connected to proxy localRank 2 -> connection 0x7f8bec0053e0
MOC-R4PCC04U05:378993:379045 [2] NCCL INFO New proxy recv connection 11 from local rank 2, transport 0
MOC-R4PCC04U05:378993:379811 [2] NCCL INFO Connected to proxy localRank 2 -> connection 0x7f8bec005458
MOC-R4PCC04U05:378993:379045 [2] NCCL INFO New proxy recv connection 12 from local rank 2, transport 0
MOC-R4PCC04U05:378993:379811 [2] NCCL INFO Connected to proxy localRank 2 -> connection 0x7f8bec0054d0
MOC-R4PCC04U05:378993:379045 [2] NCCL INFO New proxy recv connection 13 from local rank 2, transport 0
MOC-R4PCC04U05:378993:379811 [2] NCCL INFO Connected to proxy localRank 2 -> connection 0x7f8bec005548
MOC-R4PCC04U05:378992:379049 [1] NCCL INFO New proxy recv connection 11 from local rank 1, transport 0
MOC-R4PCC04U05:378992:379812 [1] NCCL INFO Connected to proxy localRank 1 -> connection 0x7efb4c005458
MOC-R4PCC04U05:378992:379049 [1] NCCL INFO New proxy recv connection 12 from local rank 1, transport 0
MOC-R4PCC04U05:378992:379812 [1] NCCL INFO Connected to proxy localRank 1 -> connection 0x7efb4c0054d0
MOC-R4PCC04U05:378992:379049 [1] NCCL INFO New proxy recv connection 13 from local rank 1, transport 0
MOC-R4PCC04U05:378992:379812 [1] NCCL INFO Connected to proxy localRank 1 -> connection 0x7efb4c005548
MOC-R4PCC04U05:378992:379049 [1] NCCL INFO New proxy recv connection 14 from local rank 1, transport 0
MOC-R4PCC04U05:378992:379812 [1] NCCL INFO Connected to proxy localRank 1 -> connection 0x7efb4c0055c0
MOC-R4PCC04U05:378992:379049 [1] NCCL INFO New proxy send connection 15 from local rank 1, transport 0
MOC-R4PCC04U05:378992:379812 [1] NCCL INFO Connected to proxy localRank 1 -> connection 0x7efb4c005638
MOC-R4PCC04U05:378992:379049 [1] NCCL INFO New proxy send connection 16 from local rank 1, transport 0
MOC-R4PCC04U05:378992:379812 [1] NCCL INFO Connected to proxy localRank 1 -> connection 0x7efb4c0056b0
MOC-R4PCC04U05:378992:379049 [1] NCCL INFO New proxy send connection 17 from local rank 1, transport 0
MOC-R4PCC04U05:378992:379812 [1] NCCL INFO Connected to proxy localRank 1 -> connection 0x7efb4c005728
MOC-R4PCC04U05:378992:379049 [1] NCCL INFO New proxy send connection 18 from local rank 1, transport 0
MOC-R4PCC04U05:378992:379812 [1] NCCL INFO Connected to proxy localRank 1 -> connection 0x7efb4c0057a0
MOC-R4PCC04U05:378991:379046 [0] NCCL INFO New proxy send connection 15 from local rank 0, transport 0
MOC-R4PCC04U05:378991:379810 [0] NCCL INFO Connected to proxy localRank 0 -> connection 0x7f2ed4005638
MOC-R4PCC04U05:378992:379049 [1] NCCL INFO New proxy recv connection 19 from local rank 1, transport 0
MOC-R4PCC04U05:378992:379812 [1] NCCL INFO Connected to proxy localRank 1 -> connection 0x7efb4c005818
MOC-R4PCC04U05:378993:379045 [2] NCCL INFO New proxy send connection 14 from local rank 2, transport 0
MOC-R4PCC04U05:378993:379811 [2] NCCL INFO Connected to proxy localRank 2 -> connection 0x7f8bec0055c0
MOC-R4PCC04U05:378992:379049 [1] NCCL INFO New proxy recv connection 20 from local rank 1, transport 0
MOC-R4PCC04U05:378992:379812 [1] NCCL INFO Connected to proxy localRank 1 -> connection 0x7efb4c005890
MOC-R4PCC04U05:378991:379046 [0] NCCL INFO New proxy send connection 16 from local rank 0, transport 0
MOC-R4PCC04U05:378991:379810 [0] NCCL INFO Connected to proxy localRank 0 -> connection 0x7f2ed40056b0
MOC-R4PCC04U05:378993:379045 [2] NCCL INFO New proxy send connection 15 from local rank 2, transport 0
MOC-R4PCC04U05:378993:379811 [2] NCCL INFO Connected to proxy localRank 2 -> connection 0x7f8bec005638
MOC-R4PCC04U05:378994:379043 [3] NCCL INFO New proxy recv connection 10 from local rank 3, transport 0
MOC-R4PCC04U05:378994:379813 [3] NCCL INFO Connected to proxy localRank 3 -> connection 0x7f01580053e0
MOC-R4PCC04U05:378994:379043 [3] NCCL INFO New proxy recv connection 11 from local rank 3, transport 0
MOC-R4PCC04U05:378994:379813 [3] NCCL INFO Connected to proxy localRank 3 -> connection 0x7f0158005458
MOC-R4PCC04U05:378994:379043 [3] NCCL INFO New proxy recv connection 12 from local rank 3, transport 2
MOC-R4PCC04U05:378991:379046 [0] NCCL INFO New proxy recv connection 17 from local rank 0, transport 0
MOC-R4PCC04U05:378994:379813 [3] NCCL INFO Connected to proxy localRank 3 -> connection 0x7f01580054d0
MOC-R4PCC04U05:378991:379810 [0] NCCL INFO Connected to proxy localRank 0 -> connection 0x7f2ed4005728
MOC-R4PCC04U05:378994:379813 [3] NCCL INFO Channel 00/0 : 7[3] -> 3[3] [receive] via NET/Socket/0
MOC-R4PCC04U05:378994:379043 [3] NCCL INFO New proxy recv connection 13 from local rank 3, transport 2
MOC-R4PCC04U05:378994:379813 [3] NCCL INFO Connected to proxy localRank 3 -> connection 0x7f0158005548
MOC-R4PCC04U05:378991:379046 [0] NCCL INFO New proxy recv connection 18 from local rank 0, transport 0
MOC-R4PCC04U05:378991:379810 [0] NCCL INFO Connected to proxy localRank 0 -> connection 0x7f2ed40057a0
MOC-R4PCC04U05:378994:379813 [3] NCCL INFO Channel 01/0 : 7[3] -> 3[3] [receive] via NET/Socket/0
MOC-R4PCC04U05:378994:379043 [3] NCCL INFO New proxy recv connection 14 from local rank 3, transport 2
MOC-R4PCC04U05:378994:379813 [3] NCCL INFO Connected to proxy localRank 3 -> connection 0x7f01580055c0
MOC-R4PCC04U05:378991:379046 [0] NCCL INFO New proxy recv connection 19 from local rank 0, transport 0
MOC-R4PCC04U05:378991:379810 [0] NCCL INFO Connected to proxy localRank 0 -> connection 0x7f2ed4005818
MOC-R4PCC04U05:378994:379813 [3] NCCL INFO Channel 02/0 : 7[3] -> 3[3] [receive] via NET/Socket/0
MOC-R4PCC04U05:378991:379046 [0] NCCL INFO New proxy recv connection 20 from local rank 0, transport 0
MOC-R4PCC04U05:378994:379043 [3] NCCL INFO New proxy recv connection 15 from local rank 3, transport 2
MOC-R4PCC04U05:378991:379810 [0] NCCL INFO Connected to proxy localRank 0 -> connection 0x7f2ed4005890
MOC-R4PCC04U05:378994:379813 [3] NCCL INFO Connected to proxy localRank 3 -> connection 0x7f0158005638
MOC-R4PCC04U05:378994:379813 [3] NCCL INFO Channel 03/0 : 7[3] -> 3[3] [receive] via NET/Socket/0
MOC-R4PCC04U05:378994:379043 [3] NCCL INFO New proxy send connection 16 from local rank 3, transport 2
MOC-R4PCC04U05:378994:379813 [3] NCCL INFO Connected to proxy localRank 3 -> connection 0x7f01580056b0
MOC-R4PCC04U05:378994:379813 [3] NCCL INFO Channel 00/0 : 3[3] -> 7[3] [send] via NET/Socket/0
MOC-R4PCC04U05:378994:379043 [3] NCCL INFO New proxy send connection 17 from local rank 3, transport 2
MOC-R4PCC04U05:378994:379813 [3] NCCL INFO Connected to proxy localRank 3 -> connection 0x7f0158005728
MOC-R4PCC04U05:378994:379813 [3] NCCL INFO Channel 01/0 : 3[3] -> 7[3] [send] via NET/Socket/0
MOC-R4PCC04U05:378994:379043 [3] NCCL INFO New proxy send connection 18 from local rank 3, transport 2
MOC-R4PCC04U05:378994:379813 [3] NCCL INFO Connected to proxy localRank 3 -> connection 0x7f01580057a0
MOC-R4PCC04U05:378994:379813 [3] NCCL INFO Channel 02/0 : 3[3] -> 7[3] [send] via NET/Socket/0
MOC-R4PCC04U05:378994:379043 [3] NCCL INFO New proxy send connection 19 from local rank 3, transport 2
MOC-R4PCC04U05:378994:379813 [3] NCCL INFO Connected to proxy localRank 3 -> connection 0x7f0158005818
MOC-R4PCC04U05:378994:379813 [3] NCCL INFO Channel 03/0 : 3[3] -> 7[3] [send] via NET/Socket/0
MOC-R4PCC04U05:378994:379043 [3] NCCL INFO New proxy send connection 20 from local rank 3, transport 0
MOC-R4PCC04U05:378994:379813 [3] NCCL INFO Connected to proxy localRank 3 -> connection 0x7f0158005890
MOC-R4PCC04U05:378994:379043 [3] NCCL INFO New proxy send connection 21 from local rank 3, transport 0
MOC-R4PCC04U05:378994:379813 [3] NCCL INFO Connected to proxy localRank 3 -> connection 0x7f0158005908
MOC-R4PCC04U05:378994:379043 [3] NCCL INFO New proxy send connection 22 from local rank 3, transport 0
MOC-R4PCC04U05:378994:379813 [3] NCCL INFO Connected to proxy localRank 3 -> connection 0x7f0158005980
MOC-R4PCC04U05:378994:379043 [3] NCCL INFO New proxy send connection 23 from local rank 3, transport 0
MOC-R4PCC04U05:378994:379813 [3] NCCL INFO Connected to proxy localRank 3 -> connection 0x7f01580059f8
step    1/10 | train loss 11.009807 | norm 15.3616 | lr 1.00e-04 | (15063.95 ms | 139217 tok/s)
step    2/10 | train loss 10.138544 | norm 5.7424 | lr 1.00e-04 | (668.62 ms | 3136556 tok/s)
step    3/10 | train loss 9.797914 | norm 2.6066 | lr 1.00e-04 | (664.51 ms | 3155929 tok/s)
step    4/10 | train loss 9.628582 | norm 2.1114 | lr 1.00e-04 | (661.25 ms | 3171510 tok/s)
step    5/10 | train loss 9.545599 | norm 2.1044 | lr 1.00e-04 | (658.30 ms | 3185727 tok/s)
step    6/10 | train loss 9.464419 | norm 1.9969 | lr 1.00e-04 | (658.64 ms | 3184073 tok/s)
step    7/10 | train loss 9.378775 | norm 1.9478 | lr 1.00e-04 | (659.29 ms | 3180922 tok/s)
step    8/10 | train loss 9.286823 | norm 1.9138 | lr 1.00e-04 | (657.82 ms | 3188048 tok/s)
step    9/10 | train loss 9.191319 | norm 1.8553 | lr 1.00e-04 | (874.43 ms | 2398310 tok/s)
step   10/10 | train loss 9.107037 | norm 1.7972 | lr 1.00e-04 | (663.71 ms | 3159732 tok/s)
final 9 iters avg: 685.173ms
peak memory consumption: 16601 MiB
