Running pytorch 2.7.0+cu126
using device: cuda:0
total desired batch size: 1966080
=> calculated gradient accumulation steps: 5
using device: cuda:3using device: cuda:1

using device: cuda:2
compiling the model...
DataLoader: total number of tokens: 1,661,249,667 across 103 files
MOC-R4PCC04U05:605027:605027 [0] NCCL INFO NCCL_SOCKET_IFNAME set to eno7np0
MOC-R4PCC04U05:605027:605027 [0] NCCL INFO NCCL version 2.26.2+cuda12.2
MOC-R4PCC04U05:605028:605028 [1] NCCL INFO NCCL_SOCKET_IFNAME set to eno7np0
MOC-R4PCC04U05:605028:605028 [1] NCCL INFO NCCL version 2.26.2+cuda12.2
MOC-R4PCC04U05:605030:605030 [3] NCCL INFO NCCL_SOCKET_IFNAME set to eno7np0
MOC-R4PCC04U05:605030:605030 [3] NCCL INFO NCCL version 2.26.2+cuda12.2
MOC-R4PCC04U05:605029:605029 [2] NCCL INFO NCCL_SOCKET_IFNAME set to eno7np0
MOC-R4PCC04U05:605029:605029 [2] NCCL INFO NCCL version 2.26.2+cuda12.2
MOC-R4PCC04U05:605027:605152 [0] NCCL INFO NET/Plugin: Could not find: libnccl-net.so. Using internal net plugin.
MOC-R4PCC04U05:605027:605152 [0] NCCL INFO NET/Socket : Using [0]eno7np0:192.168.50.193<0>
MOC-R4PCC04U05:605028:605153 [1] NCCL INFO NET/Plugin: Could not find: libnccl-net.so. Using internal net plugin.
MOC-R4PCC04U05:605030:605154 [3] NCCL INFO NET/Plugin: Could not find: libnccl-net.so. Using internal net plugin.
MOC-R4PCC04U05:605028:605153 [1] NCCL INFO NET/Socket : Using [0]eno7np0:192.168.50.193<0>
MOC-R4PCC04U05:605030:605154 [3] NCCL INFO NET/Socket : Using [0]eno7np0:192.168.50.193<0>
MOC-R4PCC04U05:605029:605155 [2] NCCL INFO NET/Plugin: Could not find: libnccl-net.so. Using internal net plugin.
MOC-R4PCC04U05:605029:605155 [2] NCCL INFO NET/Socket : Using [0]eno7np0:192.168.50.193<0>
MOC-R4PCC04U05:605029:605155 [2] NCCL INFO NET/Socket : GPU Direct RDMA Disabled for HCA 0 'eno7np0'
MOC-R4PCC04U05:605027:605152 [0] NCCL INFO NET/Socket : GPU Direct RDMA Disabled for HCA 0 'eno7np0'
MOC-R4PCC04U05:605030:605154 [3] NCCL INFO NET/Socket : GPU Direct RDMA Disabled for HCA 0 'eno7np0'
MOC-R4PCC04U05:605028:605153 [1] NCCL INFO NET/Socket : GPU Direct RDMA Disabled for HCA 0 'eno7np0'
MOC-R4PCC04U05:605029:605167 [2] NCCL INFO New proxy recv connection 0 from local rank 2, transport 0
MOC-R4PCC04U05:605030:605166 [3] NCCL INFO New proxy recv connection 0 from local rank 3, transport 0
MOC-R4PCC04U05:605029:605173 [2] NCCL INFO Connected to proxy localRank 2 -> connection 0x7f1088004f30
MOC-R4PCC04U05:605030:605174 [3] NCCL INFO Connected to proxy localRank 3 -> connection 0x7f2e88004f30
MOC-R4PCC04U05:605030:605166 [3] NCCL INFO New proxy recv connection 1 from local rank 3, transport 0
MOC-R4PCC04U05:605030:605174 [3] NCCL INFO Connected to proxy localRank 3 -> connection 0x7f2e88004fa8
MOC-R4PCC04U05:605029:605167 [2] NCCL INFO New proxy recv connection 1 from local rank 2, transport 0
MOC-R4PCC04U05:605029:605173 [2] NCCL INFO Connected to proxy localRank 2 -> connection 0x7f1088004fa8
MOC-R4PCC04U05:605027:605165 [0] NCCL INFO New proxy send connection 0 from local rank 0, transport 0
MOC-R4PCC04U05:605027:605175 [0] NCCL INFO Connected to proxy localRank 0 -> connection 0x7f4020004f30
MOC-R4PCC04U05:605027:605165 [0] NCCL INFO New proxy send connection 1 from local rank 0, transport 0
MOC-R4PCC04U05:605027:605175 [0] NCCL INFO Connected to proxy localRank 0 -> connection 0x7f4020004fa8
MOC-R4PCC04U05:605027:605165 [0] NCCL INFO New proxy send connection 2 from local rank 0, transport 0
MOC-R4PCC04U05:605027:605175 [0] NCCL INFO Connected to proxy localRank 0 -> connection 0x7f4020005020
MOC-R4PCC04U05:605027:605165 [0] NCCL INFO New proxy send connection 3 from local rank 0, transport 0
MOC-R4PCC04U05:605027:605175 [0] NCCL INFO Connected to proxy localRank 0 -> connection 0x7f4020005098
MOC-R4PCC04U05:605028:605169 [1] NCCL INFO New proxy recv connection 0 from local rank 1, transport 0
MOC-R4PCC04U05:605028:605176 [1] NCCL INFO Connected to proxy localRank 1 -> connection 0x7fa820004f30
MOC-R4PCC04U05:605028:605169 [1] NCCL INFO New proxy recv connection 1 from local rank 1, transport 0
MOC-R4PCC04U05:605028:605176 [1] NCCL INFO Connected to proxy localRank 1 -> connection 0x7fa820004fa8
MOC-R4PCC04U05:605030:605166 [3] NCCL INFO New proxy send connection 2 from local rank 3, transport 2
MOC-R4PCC04U05:605030:605174 [3] NCCL INFO Connected to proxy localRank 3 -> connection 0x7f2e88005020
MOC-R4PCC04U05:605030:605174 [3] NCCL INFO Channel 00/0 : 3[3] -> 6[2] [send] via NET/Socket/0
MOC-R4PCC04U05:605030:605166 [3] NCCL INFO New proxy send connection 3 from local rank 3, transport 2
MOC-R4PCC04U05:605030:605174 [3] NCCL INFO Connected to proxy localRank 3 -> connection 0x7f2e88005098
MOC-R4PCC04U05:605030:605174 [3] NCCL INFO Channel 02/0 : 3[3] -> 6[2] [send] via NET/Socket/0
MOC-R4PCC04U05:605027:605165 [0] NCCL INFO New proxy recv connection 4 from local rank 0, transport 0
MOC-R4PCC04U05:605027:605175 [0] NCCL INFO Connected to proxy localRank 0 -> connection 0x7f4020005110
MOC-R4PCC04U05:605030:605166 [3] NCCL INFO New proxy recv connection 4 from local rank 3, transport 2
MOC-R4PCC04U05:605030:605174 [3] NCCL INFO Connected to proxy localRank 3 -> connection 0x7f2e88005110
MOC-R4PCC04U05:605030:605174 [3] NCCL INFO Channel 01/0 : 10[2] -> 3[3] [receive] via NET/Socket/0
MOC-R4PCC04U05:605029:605167 [2] NCCL INFO New proxy recv connection 2 from local rank 2, transport 2
MOC-R4PCC04U05:605030:605166 [3] NCCL INFO New proxy recv connection 5 from local rank 3, transport 2
MOC-R4PCC04U05:605030:605174 [3] NCCL INFO Connected to proxy localRank 3 -> connection 0x7f2e88005188
MOC-R4PCC04U05:605029:605173 [2] NCCL INFO Connected to proxy localRank 2 -> connection 0x7f1088005020
MOC-R4PCC04U05:605030:605174 [3] NCCL INFO Channel 03/0 : 10[2] -> 3[3] [receive] via NET/Socket/0
MOC-R4PCC04U05:605029:605173 [2] NCCL INFO Channel 00/0 : 11[3] -> 2[2] [receive] via NET/Socket/0
MOC-R4PCC04U05:605030:605166 [3] NCCL INFO New proxy send connection 6 from local rank 3, transport 0
MOC-R4PCC04U05:605030:605174 [3] NCCL INFO Connected to proxy localRank 3 -> connection 0x7f2e88005200
MOC-R4PCC04U05:605029:605167 [2] NCCL INFO New proxy recv connection 3 from local rank 2, transport 2
MOC-R4PCC04U05:605029:605173 [2] NCCL INFO Connected to proxy localRank 2 -> connection 0x7f1088005098
MOC-R4PCC04U05:605027:605165 [0] NCCL INFO New proxy recv connection 5 from local rank 0, transport 0
MOC-R4PCC04U05:605027:605175 [0] NCCL INFO Connected to proxy localRank 0 -> connection 0x7f4020005188
MOC-R4PCC04U05:605029:605173 [2] NCCL INFO Channel 02/0 : 11[3] -> 2[2] [receive] via NET/Socket/0
MOC-R4PCC04U05:605029:605167 [2] NCCL INFO New proxy send connection 4 from local rank 2, transport 2
MOC-R4PCC04U05:605029:605173 [2] NCCL INFO Connected to proxy localRank 2 -> connection 0x7f1088005110
MOC-R4PCC04U05:605029:605173 [2] NCCL INFO Channel 01/0 : 2[2] -> 7[3] [send] via NET/Socket/0
MOC-R4PCC04U05:605030:605166 [3] NCCL INFO New proxy send connection 7 from local rank 3, transport 0
MOC-R4PCC04U05:605027:605165 [0] NCCL INFO New proxy recv connection 6 from local rank 0, transport 0
MOC-R4PCC04U05:605030:605174 [3] NCCL INFO Connected to proxy localRank 3 -> connection 0x7f2e88005278
MOC-R4PCC04U05:605029:605167 [2] NCCL INFO New proxy send connection 5 from local rank 2, transport 2
MOC-R4PCC04U05:605027:605175 [0] NCCL INFO Connected to proxy localRank 0 -> connection 0x7f4020005200
MOC-R4PCC04U05:605029:605173 [2] NCCL INFO Connected to proxy localRank 2 -> connection 0x7f1088005188
MOC-R4PCC04U05:605029:605173 [2] NCCL INFO Channel 03/0 : 2[2] -> 7[3] [send] via NET/Socket/0
MOC-R4PCC04U05:605027:605165 [0] NCCL INFO New proxy recv connection 7 from local rank 0, transport 0
MOC-R4PCC04U05:605029:605167 [2] NCCL INFO New proxy send connection 6 from local rank 2, transport 0
MOC-R4PCC04U05:605027:605175 [0] NCCL INFO Connected to proxy localRank 0 -> connection 0x7f4020005278
MOC-R4PCC04U05:605029:605173 [2] NCCL INFO Connected to proxy localRank 2 -> connection 0x7f1088005200
MOC-R4PCC04U05:605028:605169 [1] NCCL INFO New proxy recv connection 2 from local rank 1, transport 0
MOC-R4PCC04U05:605028:605176 [1] NCCL INFO Connected to proxy localRank 1 -> connection 0x7fa820005020
MOC-R4PCC04U05:605027:605165 [0] NCCL INFO New proxy send connection 8 from local rank 3, transport 0
MOC-R4PCC04U05:605030:605174 [3] NCCL INFO Connected to proxy localRank 0 -> connection 0x7f40200052f0
MOC-R4PCC04U05:605029:605167 [2] NCCL INFO New proxy send connection 7 from local rank 2, transport 0
MOC-R4PCC04U05:605029:605173 [2] NCCL INFO Connected to proxy localRank 2 -> connection 0x7f1088005278
MOC-R4PCC04U05:605028:605169 [1] NCCL INFO New proxy recv connection 3 from local rank 1, transport 0
MOC-R4PCC04U05:605028:605176 [1] NCCL INFO Connected to proxy localRank 1 -> connection 0x7fa820005098
MOC-R4PCC04U05:605028:605169 [1] NCCL INFO New proxy send connection 4 from local rank 1, transport 0
MOC-R4PCC04U05:605028:605176 [1] NCCL INFO Connected to proxy localRank 1 -> connection 0x7fa820005110
MOC-R4PCC04U05:605028:605169 [1] NCCL INFO New proxy send connection 5 from local rank 1, transport 0
MOC-R4PCC04U05:605028:605176 [1] NCCL INFO Connected to proxy localRank 1 -> connection 0x7fa820005188
MOC-R4PCC04U05:605028:605169 [1] NCCL INFO New proxy send connection 6 from local rank 1, transport 0
MOC-R4PCC04U05:605028:605176 [1] NCCL INFO Connected to proxy localRank 1 -> connection 0x7fa820005200
MOC-R4PCC04U05:605028:605169 [1] NCCL INFO New proxy send connection 7 from local rank 1, transport 0
MOC-R4PCC04U05:605028:605176 [1] NCCL INFO Connected to proxy localRank 1 -> connection 0x7fa820005278
MOC-R4PCC04U05:605027:605165 [0] NCCL INFO New proxy send connection 9 from local rank 2, transport 0
MOC-R4PCC04U05:605029:605173 [2] NCCL INFO Connected to proxy localRank 0 -> connection 0x7f4020005368
MOC-R4PCC04U05:605029:605167 [2] NCCL INFO New proxy send connection 8 from local rank 0, transport 0
MOC-R4PCC04U05:605027:605175 [0] NCCL INFO Connected to proxy localRank 2 -> connection 0x7f10880052f0
MOC-R4PCC04U05:605030:605166 [3] NCCL INFO New proxy send connection 8 from local rank 1, transport 0
MOC-R4PCC04U05:605028:605176 [1] NCCL INFO Connected to proxy localRank 3 -> connection 0x7f2e880052f0
MOC-R4PCC04U05:605028:605169 [1] NCCL INFO New proxy send connection 8 from local rank 2, transport 0
MOC-R4PCC04U05:605029:605173 [2] NCCL INFO Connected to proxy localRank 1 -> connection 0x7fa8200052f0
MOC-R4PCC04U05:605028:605169 [1] NCCL INFO New proxy send connection 9 from local rank 3, transport 0
MOC-R4PCC04U05:605030:605174 [3] NCCL INFO Connected to proxy localRank 1 -> connection 0x7fa820005368
MOC-R4PCC04U05:605030:605166 [3] NCCL INFO New proxy send connection 9 from local rank 0, transport 0
MOC-R4PCC04U05:605027:605175 [0] NCCL INFO Connected to proxy localRank 3 -> connection 0x7f2e88005368
MOC-R4PCC04U05:605027:605165 [0] NCCL INFO New proxy send connection 10 from local rank 1, transport 0
MOC-R4PCC04U05:605028:605176 [1] NCCL INFO Connected to proxy localRank 0 -> connection 0x7f40200053e0
MOC-R4PCC04U05:605028:605169 [1] NCCL INFO New proxy send connection 10 from local rank 0, transport 0
MOC-R4PCC04U05:605027:605175 [0] NCCL INFO Connected to proxy localRank 1 -> connection 0x7fa8200053e0
MOC-R4PCC04U05:605029:605167 [2] NCCL INFO New proxy send connection 9 from local rank 1, transport 0
MOC-R4PCC04U05:605028:605176 [1] NCCL INFO Connected to proxy localRank 2 -> connection 0x7f1088005368
num decayed parameter tensors: 50, with 124,318,464 parameters
num non-decayed parameter tensors: 98, with 121,344 parameters
using fused AdamW: False
using regular AdamW
MOC-R4PCC04U05:605030:605166 [3] NCCL INFO New proxy recv connection 10 from local rank 3, transport 0
MOC-R4PCC04U05:605030:605875 [3] NCCL INFO Connected to proxy localRank 3 -> connection 0x7f2e880053e0
MOC-R4PCC04U05:605030:605166 [3] NCCL INFO New proxy recv connection 11 from local rank 3, transport 0
MOC-R4PCC04U05:605030:605875 [3] NCCL INFO Connected to proxy localRank 3 -> connection 0x7f2e88005458
MOC-R4PCC04U05:605027:605165 [0] NCCL INFO New proxy send connection 11 from local rank 0, transport 0
MOC-R4PCC04U05:605027:605876 [0] NCCL INFO Connected to proxy localRank 0 -> connection 0x7f4020005458
MOC-R4PCC04U05:605027:605165 [0] NCCL INFO New proxy send connection 12 from local rank 0, transport 0
MOC-R4PCC04U05:605027:605876 [0] NCCL INFO Connected to proxy localRank 0 -> connection 0x7f40200054d0
MOC-R4PCC04U05:605027:605165 [0] NCCL INFO New proxy send connection 13 from local rank 0, transport 0
MOC-R4PCC04U05:605027:605876 [0] NCCL INFO Connected to proxy localRank 0 -> connection 0x7f4020005548
MOC-R4PCC04U05:605027:605165 [0] NCCL INFO New proxy send connection 14 from local rank 0, transport 0
MOC-R4PCC04U05:605027:605876 [0] NCCL INFO Connected to proxy localRank 0 -> connection 0x7f40200055c0
MOC-R4PCC04U05:605028:605169 [1] NCCL INFO New proxy recv connection 11 from local rank 1, transport 0
MOC-R4PCC04U05:605028:605877 [1] NCCL INFO Connected to proxy localRank 1 -> connection 0x7fa820005458
MOC-R4PCC04U05:605028:605169 [1] NCCL INFO New proxy recv connection 12 from local rank 1, transport 0
MOC-R4PCC04U05:605028:605877 [1] NCCL INFO Connected to proxy localRank 1 -> connection 0x7fa8200054d0
MOC-R4PCC04U05:605028:605169 [1] NCCL INFO New proxy recv connection 13 from local rank 1, transport 0
MOC-R4PCC04U05:605028:605877 [1] NCCL INFO Connected to proxy localRank 1 -> connection 0x7fa820005548
MOC-R4PCC04U05:605028:605169 [1] NCCL INFO New proxy recv connection 14 from local rank 1, transport 0
MOC-R4PCC04U05:605028:605877 [1] NCCL INFO Connected to proxy localRank 1 -> connection 0x7fa8200055c0
MOC-R4PCC04U05:605028:605169 [1] NCCL INFO New proxy send connection 15 from local rank 1, transport 0
MOC-R4PCC04U05:605028:605877 [1] NCCL INFO Connected to proxy localRank 1 -> connection 0x7fa820005638
MOC-R4PCC04U05:605028:605169 [1] NCCL INFO New proxy send connection 16 from local rank 1, transport 0
MOC-R4PCC04U05:605028:605877 [1] NCCL INFO Connected to proxy localRank 1 -> connection 0x7fa8200056b0
MOC-R4PCC04U05:605028:605169 [1] NCCL INFO New proxy send connection 17 from local rank 1, transport 0
MOC-R4PCC04U05:605028:605877 [1] NCCL INFO Connected to proxy localRank 1 -> connection 0x7fa820005728
MOC-R4PCC04U05:605028:605169 [1] NCCL INFO New proxy send connection 18 from local rank 1, transport 0
MOC-R4PCC04U05:605028:605877 [1] NCCL INFO Connected to proxy localRank 1 -> connection 0x7fa8200057a0
MOC-R4PCC04U05:605027:605165 [0] NCCL INFO New proxy send connection 15 from local rank 0, transport 0
MOC-R4PCC04U05:605027:605876 [0] NCCL INFO Connected to proxy localRank 0 -> connection 0x7f4020005638
MOC-R4PCC04U05:605027:605165 [0] NCCL INFO New proxy send connection 16 from local rank 0, transport 0
MOC-R4PCC04U05:605027:605876 [0] NCCL INFO Connected to proxy localRank 0 -> connection 0x7f40200056b0
MOC-R4PCC04U05:605027:605165 [0] NCCL INFO New proxy recv connection 17 from local rank 0, transport 0
MOC-R4PCC04U05:605027:605876 [0] NCCL INFO Connected to proxy localRank 0 -> connection 0x7f4020005728
MOC-R4PCC04U05:605030:605166 [3] NCCL INFO New proxy recv connection 12 from local rank 3, transport 2
MOC-R4PCC04U05:605030:605875 [3] NCCL INFO Connected to proxy localRank 3 -> connection 0x7f2e880054d0
MOC-R4PCC04U05:605027:605165 [0] NCCL INFO New proxy recv connection 18 from local rank 0, transport 0
MOC-R4PCC04U05:605027:605876 [0] NCCL INFO Connected to proxy localRank 0 -> connection 0x7f40200057a0
MOC-R4PCC04U05:605027:605165 [0] NCCL INFO New proxy recv connection 19 from local rank 0, transport 0
MOC-R4PCC04U05:605027:605876 [0] NCCL INFO Connected to proxy localRank 0 -> connection 0x7f4020005818
MOC-R4PCC04U05:605027:605165 [0] NCCL INFO New proxy recv connection 20 from local rank 0, transport 0
MOC-R4PCC04U05:605027:605876 [0] NCCL INFO Connected to proxy localRank 0 -> connection 0x7f4020005890
MOC-R4PCC04U05:605030:605875 [3] NCCL INFO Channel 00/0 : 11[3] -> 3[3] [receive] via NET/Socket/0
MOC-R4PCC04U05:605030:605166 [3] NCCL INFO New proxy recv connection 13 from local rank 3, transport 2
MOC-R4PCC04U05:605030:605875 [3] NCCL INFO Connected to proxy localRank 3 -> connection 0x7f2e88005548
MOC-R4PCC04U05:605030:605875 [3] NCCL INFO Channel 01/0 : 11[3] -> 3[3] [receive] via NET/Socket/0
MOC-R4PCC04U05:605030:605166 [3] NCCL INFO New proxy recv connection 14 from local rank 3, transport 2
MOC-R4PCC04U05:605030:605875 [3] NCCL INFO Connected to proxy localRank 3 -> connection 0x7f2e880055c0
MOC-R4PCC04U05:605030:605875 [3] NCCL INFO Channel 02/0 : 11[3] -> 3[3] [receive] via NET/Socket/0
MOC-R4PCC04U05:605030:605166 [3] NCCL INFO New proxy recv connection 15 from local rank 3, transport 2
MOC-R4PCC04U05:605030:605875 [3] NCCL INFO Connected to proxy localRank 3 -> connection 0x7f2e88005638
MOC-R4PCC04U05:605030:605875 [3] NCCL INFO Channel 03/0 : 11[3] -> 3[3] [receive] via NET/Socket/0
MOC-R4PCC04U05:605030:605166 [3] NCCL INFO New proxy send connection 16 from local rank 3, transport 2
MOC-R4PCC04U05:605030:605875 [3] NCCL INFO Connected to proxy localRank 3 -> connection 0x7f2e880056b0
MOC-R4PCC04U05:605030:605875 [3] NCCL INFO Channel 02/0 : 3[3] -> 7[3] [send] via NET/Socket/0
MOC-R4PCC04U05:605030:605166 [3] NCCL INFO New proxy send connection 17 from local rank 3, transport 2
MOC-R4PCC04U05:605030:605875 [3] NCCL INFO Connected to proxy localRank 3 -> connection 0x7f2e88005728
MOC-R4PCC04U05:605030:605875 [3] NCCL INFO Channel 03/0 : 3[3] -> 7[3] [send] via NET/Socket/0
MOC-R4PCC04U05:605029:605167 [2] NCCL INFO New proxy recv connection 10 from local rank 2, transport 0
MOC-R4PCC04U05:605029:605878 [2] NCCL INFO Connected to proxy localRank 2 -> connection 0x7f10880053e0
MOC-R4PCC04U05:605029:605167 [2] NCCL INFO New proxy recv connection 11 from local rank 2, transport 0
MOC-R4PCC04U05:605029:605878 [2] NCCL INFO Connected to proxy localRank 2 -> connection 0x7f1088005458
MOC-R4PCC04U05:605029:605167 [2] NCCL INFO New proxy recv connection 12 from local rank 2, transport 0
MOC-R4PCC04U05:605029:605878 [2] NCCL INFO Connected to proxy localRank 2 -> connection 0x7f10880054d0
MOC-R4PCC04U05:605029:605167 [2] NCCL INFO New proxy recv connection 13 from local rank 2, transport 0
MOC-R4PCC04U05:605029:605878 [2] NCCL INFO Connected to proxy localRank 2 -> connection 0x7f1088005548
MOC-R4PCC04U05:605029:605167 [2] NCCL INFO New proxy send connection 14 from local rank 2, transport 0
MOC-R4PCC04U05:605029:605878 [2] NCCL INFO Connected to proxy localRank 2 -> connection 0x7f10880055c0
MOC-R4PCC04U05:605029:605167 [2] NCCL INFO New proxy send connection 15 from local rank 2, transport 0
MOC-R4PCC04U05:605029:605878 [2] NCCL INFO Connected to proxy localRank 2 -> connection 0x7f1088005638
MOC-R4PCC04U05:605028:605169 [1] NCCL INFO New proxy recv connection 19 from local rank 1, transport 0
MOC-R4PCC04U05:605028:605877 [1] NCCL INFO Connected to proxy localRank 1 -> connection 0x7fa820005818
MOC-R4PCC04U05:605028:605169 [1] NCCL INFO New proxy recv connection 20 from local rank 1, transport 0
MOC-R4PCC04U05:605028:605877 [1] NCCL INFO Connected to proxy localRank 1 -> connection 0x7fa820005890
MOC-R4PCC04U05:605030:605166 [3] NCCL INFO New proxy recv connection 18 from local rank 3, transport 2
MOC-R4PCC04U05:605030:605875 [3] NCCL INFO Connected to proxy localRank 3 -> connection 0x7f2e880057a0
MOC-R4PCC04U05:605030:605875 [3] NCCL INFO Channel 02/0 : 7[3] -> 3[3] [receive] via NET/Socket/0
MOC-R4PCC04U05:605030:605166 [3] NCCL INFO New proxy recv connection 19 from local rank 3, transport 2
MOC-R4PCC04U05:605030:605875 [3] NCCL INFO Connected to proxy localRank 3 -> connection 0x7f2e88005818
MOC-R4PCC04U05:605030:605875 [3] NCCL INFO Channel 03/0 : 7[3] -> 3[3] [receive] via NET/Socket/0
MOC-R4PCC04U05:605030:605166 [3] NCCL INFO New proxy send connection 20 from local rank 3, transport 2
MOC-R4PCC04U05:605030:605875 [3] NCCL INFO Connected to proxy localRank 3 -> connection 0x7f2e88005890
MOC-R4PCC04U05:605030:605875 [3] NCCL INFO Channel 00/0 : 3[3] -> 11[3] [send] via NET/Socket/0
MOC-R4PCC04U05:605030:605166 [3] NCCL INFO New proxy send connection 21 from local rank 3, transport 2
MOC-R4PCC04U05:605030:605875 [3] NCCL INFO Connected to proxy localRank 3 -> connection 0x7f2e88005908
MOC-R4PCC04U05:605030:605875 [3] NCCL INFO Channel 01/0 : 3[3] -> 11[3] [send] via NET/Socket/0
MOC-R4PCC04U05:605030:605166 [3] NCCL INFO New proxy send connection 22 from local rank 3, transport 2
MOC-R4PCC04U05:605030:605875 [3] NCCL INFO Connected to proxy localRank 3 -> connection 0x7f2e88005980
MOC-R4PCC04U05:605030:605875 [3] NCCL INFO Channel 02/0 : 3[3] -> 11[3] [send] via NET/Socket/0
MOC-R4PCC04U05:605030:605166 [3] NCCL INFO New proxy send connection 23 from local rank 3, transport 2
MOC-R4PCC04U05:605030:605875 [3] NCCL INFO Connected to proxy localRank 3 -> connection 0x7f2e880059f8
MOC-R4PCC04U05:605030:605875 [3] NCCL INFO Channel 03/0 : 3[3] -> 11[3] [send] via NET/Socket/0
MOC-R4PCC04U05:605030:605166 [3] NCCL INFO New proxy send connection 24 from local rank 3, transport 0
MOC-R4PCC04U05:605030:605875 [3] NCCL INFO Connected to proxy localRank 3 -> connection 0x7f2e88005a70
MOC-R4PCC04U05:605030:605166 [3] NCCL INFO New proxy send connection 25 from local rank 3, transport 0
MOC-R4PCC04U05:605030:605875 [3] NCCL INFO Connected to proxy localRank 3 -> connection 0x7f2e88005ae8
MOC-R4PCC04U05:605030:605166 [3] NCCL INFO New proxy send connection 26 from local rank 3, transport 0
MOC-R4PCC04U05:605030:605875 [3] NCCL INFO Connected to proxy localRank 3 -> connection 0x7f2e88005b60
MOC-R4PCC04U05:605030:605166 [3] NCCL INFO New proxy send connection 27 from local rank 3, transport 0
MOC-R4PCC04U05:605030:605875 [3] NCCL INFO Connected to proxy localRank 3 -> connection 0x7f2e88005bd8
step    1/10 | train loss 11.009883 | norm 15.4032 | lr 1.00e-04 | (14873.74 ms | 132185 tok/s)
step    2/10 | train loss 10.137027 | norm 5.7553 | lr 1.00e-04 | (549.95 ms | 3575034 tok/s)
step    3/10 | train loss 9.795780 | norm 2.6138 | lr 1.00e-04 | (541.51 ms | 3630744 tok/s)
step    4/10 | train loss 9.626216 | norm 2.1172 | lr 1.00e-04 | (537.64 ms | 3656903 tok/s)
step    5/10 | train loss 9.543116 | norm 2.1087 | lr 1.00e-04 | (540.61 ms | 3636750 tok/s)
step    6/10 | train loss 9.461716 | norm 2.0012 | lr 1.00e-04 | (540.83 ms | 3635320 tok/s)
step    7/10 | train loss 9.375906 | norm 1.9512 | lr 1.00e-04 | (539.98 ms | 3641042 tok/s)
step    8/10 | train loss 9.283656 | norm 1.9173 | lr 1.00e-04 | (541.15 ms | 3633183 tok/s)
step    9/10 | train loss 9.187840 | norm 1.8581 | lr 1.00e-04 | (539.47 ms | 3644468 tok/s)
step   10/10 | train loss 9.103607 | norm 1.8050 | lr 1.00e-04 | (541.00 ms | 3634190 tok/s)
final 9 iters avg: 541.347ms
peak memory consumption: 16601 MiB
