Running pytorch 2.7.0+cu126
using device: cuda:0
total desired batch size: 786432
=> calculated gradient accumulation steps: 2
using device: cuda:3
using device: cuda:1
using device: cuda:2
compiling the model...
DataLoader: total number of tokens: 1,661,249,667 across 103 files
MOC-R4PCC04U05:571333:571333 [0] NCCL INFO NCCL_SOCKET_IFNAME set to eno7np0
MOC-R4PCC04U05:571333:571333 [0] NCCL INFO NCCL version 2.26.2+cuda12.2
MOC-R4PCC04U05:571336:571336 [3] NCCL INFO NCCL_SOCKET_IFNAME set to eno7np0
MOC-R4PCC04U05:571336:571336 [3] NCCL INFO NCCL version 2.26.2+cuda12.2
MOC-R4PCC04U05:571333:571439 [0] NCCL INFO NET/Plugin: Could not find: libnccl-net.so. Using internal net plugin.
MOC-R4PCC04U05:571333:571439 [0] NCCL INFO NCCL_IB_HCA set to mlx5_5
MOC-R4PCC04U05:571334:571334 [1] NCCL INFO NCCL_SOCKET_IFNAME set to eno7np0
MOC-R4PCC04U05:571334:571334 [1] NCCL INFO NCCL version 2.26.2+cuda12.2
MOC-R4PCC04U05:571333:571439 [0] NCCL INFO NET/IB : Made virtual device [0] name=mlx5_5 speed=400000 ndevs=1
MOC-R4PCC04U05:571333:571439 [0] NCCL INFO NET/IB : Using [0]mlx5_5:1/RoCE [RO]; OOB eno7np0:192.168.50.193<0>
MOC-R4PCC04U05:571335:571335 [2] NCCL INFO NCCL_SOCKET_IFNAME set to eno7np0
MOC-R4PCC04U05:571335:571335 [2] NCCL INFO NCCL version 2.26.2+cuda12.2
MOC-R4PCC04U05:571336:571461 [3] NCCL INFO NET/Plugin: Could not find: libnccl-net.so. Using internal net plugin.
MOC-R4PCC04U05:571336:571461 [3] NCCL INFO NCCL_IB_HCA set to mlx5_5
MOC-R4PCC04U05:571334:571462 [1] NCCL INFO NET/Plugin: Could not find: libnccl-net.so. Using internal net plugin.
MOC-R4PCC04U05:571334:571462 [1] NCCL INFO NCCL_IB_HCA set to mlx5_5
MOC-R4PCC04U05:571336:571461 [3] NCCL INFO NET/IB : Made virtual device [0] name=mlx5_5 speed=400000 ndevs=1
MOC-R4PCC04U05:571336:571461 [3] NCCL INFO NET/IB : Using [0]mlx5_5:1/RoCE [RO]; OOB eno7np0:192.168.50.193<0>
MOC-R4PCC04U05:571334:571462 [1] NCCL INFO NET/IB : Made virtual device [0] name=mlx5_5 speed=400000 ndevs=1
MOC-R4PCC04U05:571334:571462 [1] NCCL INFO NET/IB : Using [0]mlx5_5:1/RoCE [RO]; OOB eno7np0:192.168.50.193<0>
MOC-R4PCC04U05:571335:571464 [2] NCCL INFO NET/Plugin: Could not find: libnccl-net.so. Using internal net plugin.
MOC-R4PCC04U05:571335:571464 [2] NCCL INFO NCCL_IB_HCA set to mlx5_5
MOC-R4PCC04U05:571335:571464 [2] NCCL INFO NET/IB : Made virtual device [0] name=mlx5_5 speed=400000 ndevs=1
MOC-R4PCC04U05:571335:571464 [2] NCCL INFO NET/IB : Using [0]mlx5_5:1/RoCE [RO]; OOB eno7np0:192.168.50.193<0>
MOC-R4PCC04U05:571336:571461 [3] NCCL INFO NET/IB : GPU Direct RDMA Enabled for HCA 0 'mlx5_5'
MOC-R4PCC04U05:571336:571461 [3] NCCL INFO NET/IB : Made virtual device [1] name=mlx5_5 speed=400000 ndevs=1
MOC-R4PCC04U05:571336:571461 [3] NCCL INFO NET/IB : GPU Direct RDMA Enabled for HCA 0 'mlx5_5'
MOC-R4PCC04U05:571336:571461 [3] NCCL INFO NET/IB : GPU Direct RDMA Enabled for HCA 1 'mlx5_5'
MOC-R4PCC04U05:571334:571462 [1] NCCL INFO NET/IB : GPU Direct RDMA Enabled for HCA 0 'mlx5_5'
MOC-R4PCC04U05:571334:571462 [1] NCCL INFO NET/IB : Made virtual device [1] name=mlx5_5 speed=400000 ndevs=1
MOC-R4PCC04U05:571334:571462 [1] NCCL INFO NET/IB : GPU Direct RDMA Enabled for HCA 0 'mlx5_5'
MOC-R4PCC04U05:571334:571462 [1] NCCL INFO NET/IB : GPU Direct RDMA Enabled for HCA 1 'mlx5_5'
MOC-R4PCC04U05:571335:571464 [2] NCCL INFO NET/IB : GPU Direct RDMA Enabled for HCA 0 'mlx5_5'
MOC-R4PCC04U05:571335:571464 [2] NCCL INFO NET/IB : Made virtual device [1] name=mlx5_5 speed=400000 ndevs=1
MOC-R4PCC04U05:571335:571464 [2] NCCL INFO NET/IB : GPU Direct RDMA Enabled for HCA 0 'mlx5_5'
MOC-R4PCC04U05:571335:571464 [2] NCCL INFO NET/IB : GPU Direct RDMA Enabled for HCA 1 'mlx5_5'
MOC-R4PCC04U05:571333:571439 [0] NCCL INFO NET/IB : GPU Direct RDMA Enabled for HCA 0 'mlx5_5'
MOC-R4PCC04U05:571333:571439 [0] NCCL INFO NET/IB : Made virtual device [1] name=mlx5_5 speed=400000 ndevs=1
MOC-R4PCC04U05:571333:571439 [0] NCCL INFO NET/IB : GPU Direct RDMA Enabled for HCA 0 'mlx5_5'
MOC-R4PCC04U05:571333:571439 [0] NCCL INFO NET/IB : GPU Direct RDMA Enabled for HCA 1 'mlx5_5'
MOC-R4PCC04U05:571334:571462 [1] NCCL INFO GPU Direct RDMA Enabled for GPU 0 / HCA 1 (distance 5 <= 5), read 0 mode Default
MOC-R4PCC04U05:571334:571462 [1] NCCL INFO GPU Direct RDMA Enabled for GPU 1 / HCA 1 (distance 5 <= 5), read 0 mode Default
MOC-R4PCC04U05:571334:571462 [1] NCCL INFO GPU Direct RDMA Enabled for GPU 2 / HCA 1 (distance 5 <= 5), read 0 mode Default
MOC-R4PCC04U05:571334:571462 [1] NCCL INFO GPU Direct RDMA Enabled for GPU 3 / HCA 1 (distance 5 <= 5), read 0 mode Default
MOC-R4PCC04U05:571334:571462 [1] NCCL INFO GPU Direct RDMA Enabled for GPU 0 / HCA 1 (distance 5 <= 5), read 0 mode Default
MOC-R4PCC04U05:571334:571462 [1] NCCL INFO GPU Direct RDMA Enabled for GPU 1 / HCA 1 (distance 5 <= 5), read 0 mode Default
MOC-R4PCC04U05:571334:571462 [1] NCCL INFO GPU Direct RDMA Enabled for GPU 2 / HCA 1 (distance 5 <= 5), read 0 mode Default
MOC-R4PCC04U05:571334:571462 [1] NCCL INFO GPU Direct RDMA Enabled for GPU 3 / HCA 1 (distance 5 <= 5), read 0 mode Default
MOC-R4PCC04U05:571333:571439 [0] NCCL INFO GPU Direct RDMA Enabled for GPU 0 / HCA 1 (distance 5 <= 5), read 0 mode Default
MOC-R4PCC04U05:571333:571439 [0] NCCL INFO GPU Direct RDMA Enabled for GPU 1 / HCA 1 (distance 5 <= 5), read 0 mode Default
MOC-R4PCC04U05:571333:571439 [0] NCCL INFO GPU Direct RDMA Enabled for GPU 2 / HCA 1 (distance 5 <= 5), read 0 mode Default
MOC-R4PCC04U05:571333:571439 [0] NCCL INFO GPU Direct RDMA Enabled for GPU 3 / HCA 1 (distance 5 <= 5), read 0 mode Default
MOC-R4PCC04U05:571333:571439 [0] NCCL INFO GPU Direct RDMA Enabled for GPU 0 / HCA 1 (distance 5 <= 5), read 0 mode Default
MOC-R4PCC04U05:571333:571439 [0] NCCL INFO GPU Direct RDMA Enabled for GPU 1 / HCA 1 (distance 5 <= 5), read 0 mode Default
MOC-R4PCC04U05:571333:571439 [0] NCCL INFO GPU Direct RDMA Enabled for GPU 2 / HCA 1 (distance 5 <= 5), read 0 mode Default
MOC-R4PCC04U05:571333:571439 [0] NCCL INFO GPU Direct RDMA Enabled for GPU 3 / HCA 1 (distance 5 <= 5), read 0 mode Default
MOC-R4PCC04U05:571336:571461 [3] NCCL INFO GPU Direct RDMA Enabled for GPU 0 / HCA 1 (distance 5 <= 5), read 0 mode Default
MOC-R4PCC04U05:571336:571461 [3] NCCL INFO GPU Direct RDMA Enabled for GPU 1 / HCA 1 (distance 5 <= 5), read 0 mode Default
MOC-R4PCC04U05:571336:571461 [3] NCCL INFO GPU Direct RDMA Enabled for GPU 2 / HCA 1 (distance 5 <= 5), read 0 mode Default
MOC-R4PCC04U05:571336:571461 [3] NCCL INFO GPU Direct RDMA Enabled for GPU 3 / HCA 1 (distance 5 <= 5), read 0 mode Default
MOC-R4PCC04U05:571336:571461 [3] NCCL INFO GPU Direct RDMA Enabled for GPU 0 / HCA 1 (distance 5 <= 5), read 0 mode Default
MOC-R4PCC04U05:571336:571461 [3] NCCL INFO GPU Direct RDMA Enabled for GPU 1 / HCA 1 (distance 5 <= 5), read 0 mode Default
MOC-R4PCC04U05:571336:571461 [3] NCCL INFO GPU Direct RDMA Enabled for GPU 2 / HCA 1 (distance 5 <= 5), read 0 mode Default
MOC-R4PCC04U05:571336:571461 [3] NCCL INFO GPU Direct RDMA Enabled for GPU 3 / HCA 1 (distance 5 <= 5), read 0 mode Default
MOC-R4PCC04U05:571335:571464 [2] NCCL INFO GPU Direct RDMA Enabled for GPU 0 / HCA 1 (distance 5 <= 5), read 0 mode Default
MOC-R4PCC04U05:571335:571464 [2] NCCL INFO GPU Direct RDMA Enabled for GPU 1 / HCA 1 (distance 5 <= 5), read 0 mode Default
MOC-R4PCC04U05:571335:571464 [2] NCCL INFO GPU Direct RDMA Enabled for GPU 2 / HCA 1 (distance 5 <= 5), read 0 mode Default
MOC-R4PCC04U05:571335:571464 [2] NCCL INFO GPU Direct RDMA Enabled for GPU 3 / HCA 1 (distance 5 <= 5), read 0 mode Default
MOC-R4PCC04U05:571335:571464 [2] NCCL INFO GPU Direct RDMA Enabled for GPU 0 / HCA 1 (distance 5 <= 5), read 0 mode Default
MOC-R4PCC04U05:571335:571464 [2] NCCL INFO GPU Direct RDMA Enabled for GPU 1 / HCA 1 (distance 5 <= 5), read 0 mode Default
MOC-R4PCC04U05:571335:571464 [2] NCCL INFO GPU Direct RDMA Enabled for GPU 2 / HCA 1 (distance 5 <= 5), read 0 mode Default
MOC-R4PCC04U05:571335:571464 [2] NCCL INFO GPU Direct RDMA Enabled for GPU 3 / HCA 1 (distance 5 <= 5), read 0 mode Default
MOC-R4PCC04U05:571333:571479 [0] NCCL INFO New proxy send connection 0 from local rank 0, transport 0
MOC-R4PCC04U05:571336:571476 [3] NCCL INFO New proxy recv connection 0 from local rank 3, transport 0
MOC-R4PCC04U05:571333:571485 [0] NCCL INFO Connected to proxy localRank 0 -> connection 0x7fde00004f30
MOC-R4PCC04U05:571336:571484 [3] NCCL INFO Connected to proxy localRank 3 -> connection 0x7f8ad8004f30
MOC-R4PCC04U05:571333:571479 [0] NCCL INFO New proxy send connection 1 from local rank 0, transport 0
MOC-R4PCC04U05:571334:571480 [1] NCCL INFO New proxy recv connection 0 from local rank 1, transport 0
MOC-R4PCC04U05:571333:571485 [0] NCCL INFO Connected to proxy localRank 0 -> connection 0x7fde00004fa8
MOC-R4PCC04U05:571334:571486 [1] NCCL INFO Connected to proxy localRank 1 -> connection 0x7f65d0004f30
MOC-R4PCC04U05:571336:571476 [3] NCCL INFO New proxy recv connection 1 from local rank 3, transport 0
MOC-R4PCC04U05:571336:571484 [3] NCCL INFO Connected to proxy localRank 3 -> connection 0x7f8ad8004fa8
MOC-R4PCC04U05:571333:571479 [0] NCCL INFO New proxy send connection 2 from local rank 0, transport 0
MOC-R4PCC04U05:571333:571485 [0] NCCL INFO Connected to proxy localRank 0 -> connection 0x7fde00005020
MOC-R4PCC04U05:571334:571480 [1] NCCL INFO New proxy recv connection 1 from local rank 1, transport 0
MOC-R4PCC04U05:571336:571476 [3] NCCL INFO New proxy recv connection 2 from local rank 3, transport 0
MOC-R4PCC04U05:571334:571486 [1] NCCL INFO Connected to proxy localRank 1 -> connection 0x7f65d0004fa8
MOC-R4PCC04U05:571336:571484 [3] NCCL INFO Connected to proxy localRank 3 -> connection 0x7f8ad8005020
MOC-R4PCC04U05:571336:571476 [3] NCCL INFO New proxy recv connection 3 from local rank 3, transport 0
MOC-R4PCC04U05:571336:571484 [3] NCCL INFO Connected to proxy localRank 3 -> connection 0x7f8ad8005098
MOC-R4PCC04U05:571333:571479 [0] NCCL INFO New proxy send connection 3 from local rank 0, transport 0
MOC-R4PCC04U05:571334:571480 [1] NCCL INFO New proxy recv connection 2 from local rank 1, transport 0
MOC-R4PCC04U05:571333:571485 [0] NCCL INFO Connected to proxy localRank 0 -> connection 0x7fde00005098
MOC-R4PCC04U05:571334:571486 [1] NCCL INFO Connected to proxy localRank 1 -> connection 0x7f65d0005020
MOC-R4PCC04U05:571336:571484 [3] NCCL INFO GPU Direct RDMA Enabled for GPU 3 / HCA 1 (distance 5 <= 5), read 1 mode Default
MOC-R4PCC04U05:571334:571480 [1] NCCL INFO New proxy recv connection 3 from local rank 1, transport 0
MOC-R4PCC04U05:571334:571486 [1] NCCL INFO Connected to proxy localRank 1 -> connection 0x7f65d0005098
MOC-R4PCC04U05:571334:571480 [1] NCCL INFO New proxy send connection 4 from local rank 1, transport 0
MOC-R4PCC04U05:571334:571486 [1] NCCL INFO Connected to proxy localRank 1 -> connection 0x7f65d0005110
MOC-R4PCC04U05:571334:571480 [1] NCCL INFO New proxy send connection 5 from local rank 1, transport 0
MOC-R4PCC04U05:571334:571486 [1] NCCL INFO Connected to proxy localRank 1 -> connection 0x7f65d0005188
MOC-R4PCC04U05:571334:571480 [1] NCCL INFO New proxy send connection 6 from local rank 1, transport 0
MOC-R4PCC04U05:571334:571486 [1] NCCL INFO Connected to proxy localRank 1 -> connection 0x7f65d0005200
MOC-R4PCC04U05:571334:571480 [1] NCCL INFO New proxy send connection 7 from local rank 1, transport 0
MOC-R4PCC04U05:571334:571486 [1] NCCL INFO Connected to proxy localRank 1 -> connection 0x7f65d0005278
MOC-R4PCC04U05:571335:571487 [2] NCCL INFO GPU Direct RDMA Enabled for GPU 2 / HCA 1 (distance 5 <= 5), read 0 mode Default
MOC-R4PCC04U05:571335:571478 [2] NCCL INFO New proxy send connection 0 from local rank 3, transport 2
MOC-R4PCC04U05:571335:571478 [2] NCCL INFO New proxy recv connection 1 from local rank 2, transport 2
MOC-R4PCC04U05:571336:571484 [3] NCCL INFO Connected to proxy localRank 2 -> connection 0x7f6538004f30
MOC-R4PCC04U05:571336:571484 [3] NCCL INFO Channel 00/0 : 3[3] -> 6[2] [send] via NET/IB/1(2)/GDRDMA
MOC-R4PCC04U05:571336:571484 [3] NCCL INFO GPU Direct RDMA Enabled for GPU 3 / HCA 1 (distance 5 <= 5), read 1 mode Default
MOC-R4PCC04U05:571335:571478 [2] NCCL INFO New proxy send connection 2 from local rank 3, transport 2
MOC-R4PCC04U05:571335:571487 [2] NCCL INFO Connected to proxy localRank 2 -> connection 0x7f6538004fa8
MOC-R4PCC04U05:571336:571484 [3] NCCL INFO Connected to proxy localRank 2 -> connection 0x7f6538005020
MOC-R4PCC04U05:571336:571484 [3] NCCL INFO Channel 01/0 : 3[3] -> 6[2] [send] via NET/IB/1(2)/GDRDMA
MOC-R4PCC04U05:571336:571484 [3] NCCL INFO GPU Direct RDMA Enabled for GPU 3 / HCA 1 (distance 5 <= 5), read 1 mode Default
MOC-R4PCC04U05:571335:571487 [2] NCCL INFO Channel 00/0 : 11[3] -> 2[2] [receive] via NET/IB/1/GDRDMA
MOC-R4PCC04U05:571335:571478 [2] NCCL INFO New proxy send connection 3 from local rank 3, transport 2
MOC-R4PCC04U05:571335:571487 [2] NCCL INFO GPU Direct RDMA Enabled for GPU 2 / HCA 1 (distance 5 <= 5), read 0 mode Default
MOC-R4PCC04U05:571336:571484 [3] NCCL INFO Connected to proxy localRank 2 -> connection 0x7f6538005098
MOC-R4PCC04U05:571335:571478 [2] NCCL INFO New proxy recv connection 4 from local rank 2, transport 2
MOC-R4PCC04U05:571335:571487 [2] NCCL INFO Connected to proxy localRank 2 -> connection 0x7f6538005110
MOC-R4PCC04U05:571336:571484 [3] NCCL INFO Channel 02/0 : 3[3] -> 6[2] [send] via NET/IB/1(2)/GDRDMA
MOC-R4PCC04U05:571336:571484 [3] NCCL INFO GPU Direct RDMA Enabled for GPU 3 / HCA 1 (distance 5 <= 5), read 1 mode Default
MOC-R4PCC04U05:571335:571487 [2] NCCL INFO Channel 01/0 : 11[3] -> 2[2] [receive] via NET/IB/1/GDRDMA
MOC-R4PCC04U05:571335:571487 [2] NCCL INFO GPU Direct RDMA Enabled for GPU 2 / HCA 1 (distance 5 <= 5), read 0 mode Default
MOC-R4PCC04U05:571335:571478 [2] NCCL INFO New proxy send connection 5 from local rank 3, transport 2
MOC-R4PCC04U05:571336:571484 [3] NCCL INFO Connected to proxy localRank 2 -> connection 0x7f6538005188
MOC-R4PCC04U05:571335:571478 [2] NCCL INFO New proxy recv connection 6 from local rank 2, transport 2
MOC-R4PCC04U05:571335:571487 [2] NCCL INFO Connected to proxy localRank 2 -> connection 0x7f6538005200
MOC-R4PCC04U05:571336:571484 [3] NCCL INFO Channel 03/0 : 3[3] -> 6[2] [send] via NET/IB/1(2)/GDRDMA
MOC-R4PCC04U05:571335:571487 [2] NCCL INFO Channel 02/0 : 11[3] -> 2[2] [receive] via NET/IB/1/GDRDMA
MOC-R4PCC04U05:571335:571487 [2] NCCL INFO GPU Direct RDMA Enabled for GPU 2 / HCA 1 (distance 5 <= 5), read 0 mode Default
MOC-R4PCC04U05:571335:571478 [2] NCCL INFO New proxy recv connection 7 from local rank 2, transport 2
MOC-R4PCC04U05:571335:571487 [2] NCCL INFO Connected to proxy localRank 2 -> connection 0x7f6538005278
MOC-R4PCC04U05:571335:571487 [2] NCCL INFO Channel 03/0 : 11[3] -> 2[2] [receive] via NET/IB/1/GDRDMA
MOC-R4PCC04U05:571333:571479 [0] NCCL INFO New proxy recv connection 4 from local rank 0, transport 0
MOC-R4PCC04U05:571333:571485 [0] NCCL INFO Connected to proxy localRank 0 -> connection 0x7fde00005110
MOC-R4PCC04U05:571333:571479 [0] NCCL INFO New proxy recv connection 5 from local rank 0, transport 0
MOC-R4PCC04U05:571333:571485 [0] NCCL INFO Connected to proxy localRank 0 -> connection 0x7fde00005188
MOC-R4PCC04U05:571333:571479 [0] NCCL INFO New proxy send connection 6 from local rank 3, transport 0
MOC-R4PCC04U05:571336:571484 [3] NCCL INFO Connected to proxy localRank 0 -> connection 0x7fde00005200
MOC-R4PCC04U05:571333:571479 [0] NCCL INFO New proxy recv connection 7 from local rank 0, transport 0
MOC-R4PCC04U05:571333:571485 [0] NCCL INFO Connected to proxy localRank 0 -> connection 0x7fde00005278
MOC-R4PCC04U05:571333:571479 [0] NCCL INFO New proxy recv connection 8 from local rank 0, transport 0
MOC-R4PCC04U05:571333:571485 [0] NCCL INFO Connected to proxy localRank 0 -> connection 0x7fde000052f0
MOC-R4PCC04U05:571336:571476 [3] NCCL INFO New proxy send connection 4 from local rank 0, transport 0
MOC-R4PCC04U05:571333:571485 [0] NCCL INFO Connected to proxy localRank 3 -> connection 0x7f8ad8005110
MOC-R4PCC04U05:571335:571478 [2] NCCL INFO NET/IB: NCCL Dev 1 IbDev 0 Port 1 qpn 9092 mtu 3 query_ece={supported=1, vendor_id=0x15b3, options=0x30000002, comp_mask=0x0} GID 3 (0/C132A8C0FFFF0000) fifoRkey=0x17601f fifoLkey=0x17601f
MOC-R4PCC04U05:571335:571478 [2] NCCL INFO NET/IB: NCCL Dev 1 IbDev 0 Port 1 qpn 9093 mtu 3 query_ece={supported=1, vendor_id=0x15b3, options=0x30000002, comp_mask=0x0} GID 3 (0/C132A8C0FFFF0000) fifoRkey=0x17a767 fifoLkey=0x17a767
MOC-R4PCC04U05:571335:571478 [2] NCCL INFO NET/IB: IbDev 0 Port 1 qpn 8918 set_ece={supported=1, vendor_id=0x15b3, options=0x0, comp_mask=0x0}
MOC-R4PCC04U05:571335:571478 [2] NCCL INFO NET/IB: IbDev 0 Port 1 qpn 8920 set_ece={supported=1, vendor_id=0x15b3, options=0x0, comp_mask=0x0}
MOC-R4PCC04U05:571335:571478 [2] NCCL INFO New proxy send connection 8 from local rank 3, transport 0
MOC-R4PCC04U05:571336:571484 [3] NCCL INFO Connected to proxy localRank 2 -> connection 0x7f65380052f0
MOC-R4PCC04U05:571334:571480 [1] NCCL INFO New proxy send connection 8 from local rank 0, transport 0
MOC-R4PCC04U05:571333:571485 [0] NCCL INFO Connected to proxy localRank 1 -> connection 0x7f65d00052f0
MOC-R4PCC04U05:571335:571478 [2] NCCL INFO New proxy send connection 9 from local rank 2, transport 0
MOC-R4PCC04U05:571335:571487 [2] NCCL INFO Connected to proxy localRank 2 -> connection 0x7f6538005368
MOC-R4PCC04U05:571335:571478 [2] NCCL INFO New proxy send connection 10 from local rank 2, transport 0
MOC-R4PCC04U05:571335:571487 [2] NCCL INFO Connected to proxy localRank 2 -> connection 0x7f65380053e0
MOC-R4PCC04U05:571335:571478 [2] NCCL INFO New proxy send connection 11 from local rank 2, transport 0
MOC-R4PCC04U05:571335:571487 [2] NCCL INFO Connected to proxy localRank 2 -> connection 0x7f6538005458
MOC-R4PCC04U05:571335:571478 [2] NCCL INFO New proxy send connection 12 from local rank 2, transport 0
MOC-R4PCC04U05:571335:571487 [2] NCCL INFO Connected to proxy localRank 2 -> connection 0x7f65380054d0
MOC-R4PCC04U05:571334:571480 [1] NCCL INFO New proxy send connection 9 from local rank 2, transport 0
MOC-R4PCC04U05:571333:571479 [0] NCCL INFO New proxy send connection 9 from local rank 1, transport 0
MOC-R4PCC04U05:571335:571487 [2] NCCL INFO Connected to proxy localRank 1 -> connection 0x7f65d0005368
MOC-R4PCC04U05:571334:571486 [1] NCCL INFO Connected to proxy localRank 0 -> connection 0x7fde00005368
MOC-R4PCC04U05:571335:571478 [2] NCCL INFO NET/IB: NCCL Dev 1 IbDev 0 Port 1 qpn 9096 mtu 3 query_ece={supported=1, vendor_id=0x15b3, options=0x30000002, comp_mask=0x0} GID 3 (0/C132A8C0FFFF0000) fifoRkey=0x17d796 fifoLkey=0x17d796
MOC-R4PCC04U05:571335:571478 [2] NCCL INFO NET/IB: NCCL Dev 1 IbDev 0 Port 1 qpn 9097 mtu 3 query_ece={supported=1, vendor_id=0x15b3, options=0x30000002, comp_mask=0x0} GID 3 (0/C132A8C0FFFF0000) fifoRkey=0x172eed fifoLkey=0x172eed
MOC-R4PCC04U05:571335:571478 [2] NCCL INFO NET/IB: IbDev 0 Port 1 qpn 8926 set_ece={supported=1, vendor_id=0x15b3, options=0x0, comp_mask=0x0}
MOC-R4PCC04U05:571335:571478 [2] NCCL INFO NET/IB: IbDev 0 Port 1 qpn 8928 set_ece={supported=1, vendor_id=0x15b3, options=0x0, comp_mask=0x0}
MOC-R4PCC04U05:571335:571478 [2] NCCL INFO New proxy send connection 13 from local rank 1, transport 0
MOC-R4PCC04U05:571334:571486 [1] NCCL INFO Connected to proxy localRank 2 -> connection 0x7f6538005548
num decayed parameter tensors: 50, with 124,318,464 parameters
num non-decayed parameter tensors: 98, with 121,344 parameters
using fused AdamW: False
using regular AdamW
MOC-R4PCC04U05:571336:571476 [3] NCCL INFO New proxy recv connection 5 from local rank 3, transport 0
MOC-R4PCC04U05:571336:572179 [3] NCCL INFO Connected to proxy localRank 3 -> connection 0x7f8ad8005188
MOC-R4PCC04U05:571336:571476 [3] NCCL INFO New proxy recv connection 6 from local rank 3, transport 0
MOC-R4PCC04U05:571336:572179 [3] NCCL INFO Connected to proxy localRank 3 -> connection 0x7f8ad8005200
MOC-R4PCC04U05:571336:571476 [3] NCCL INFO New proxy recv connection 7 from local rank 3, transport 0
MOC-R4PCC04U05:571336:572179 [3] NCCL INFO Connected to proxy localRank 3 -> connection 0x7f8ad8005278
MOC-R4PCC04U05:571336:571476 [3] NCCL INFO New proxy recv connection 8 from local rank 3, transport 0
MOC-R4PCC04U05:571336:572179 [3] NCCL INFO Connected to proxy localRank 3 -> connection 0x7f8ad80052f0
MOC-R4PCC04U05:571333:571479 [0] NCCL INFO New proxy send connection 10 from local rank 0, transport 0
MOC-R4PCC04U05:571333:572180 [0] NCCL INFO Connected to proxy localRank 0 -> connection 0x7fde000053e0
MOC-R4PCC04U05:571333:571479 [0] NCCL INFO New proxy send connection 11 from local rank 0, transport 0
MOC-R4PCC04U05:571333:572180 [0] NCCL INFO Connected to proxy localRank 0 -> connection 0x7fde00005458
MOC-R4PCC04U05:571333:571479 [0] NCCL INFO New proxy send connection 12 from local rank 0, transport 0
MOC-R4PCC04U05:571333:572180 [0] NCCL INFO Connected to proxy localRank 0 -> connection 0x7fde000054d0
MOC-R4PCC04U05:571333:571479 [0] NCCL INFO New proxy send connection 13 from local rank 0, transport 0
MOC-R4PCC04U05:571333:572180 [0] NCCL INFO Connected to proxy localRank 0 -> connection 0x7fde00005548
MOC-R4PCC04U05:571335:571478 [2] NCCL INFO New proxy send connection 14 from local rank 2, transport 0
MOC-R4PCC04U05:571335:572181 [2] NCCL INFO Connected to proxy localRank 2 -> connection 0x7f65380055c0
MOC-R4PCC04U05:571335:571478 [2] NCCL INFO New proxy send connection 15 from local rank 2, transport 0
MOC-R4PCC04U05:571335:572181 [2] NCCL INFO Connected to proxy localRank 2 -> connection 0x7f6538005638
MOC-R4PCC04U05:571335:571478 [2] NCCL INFO New proxy send connection 16 from local rank 2, transport 0
MOC-R4PCC04U05:571335:572181 [2] NCCL INFO Connected to proxy localRank 2 -> connection 0x7f65380056b0
MOC-R4PCC04U05:571335:571478 [2] NCCL INFO New proxy send connection 17 from local rank 2, transport 0
MOC-R4PCC04U05:571335:572181 [2] NCCL INFO Connected to proxy localRank 2 -> connection 0x7f6538005728
MOC-R4PCC04U05:571335:572181 [2] NCCL INFO GPU Direct RDMA Enabled for GPU 2 / HCA 1 (distance 5 <= 5), read 0 mode Default
MOC-R4PCC04U05:571335:571478 [2] NCCL INFO New proxy recv connection 18 from local rank 2, transport 2
MOC-R4PCC04U05:571335:572181 [2] NCCL INFO Connected to proxy localRank 2 -> connection 0x7f65380057a0
MOC-R4PCC04U05:571336:571476 [3] NCCL INFO New proxy send connection 9 from local rank 3, transport 0
MOC-R4PCC04U05:571335:572181 [2] NCCL INFO Channel 00/0 : 10[2] -> 2[2] [receive] via NET/IB/1/GDRDMA
MOC-R4PCC04U05:571335:572181 [2] NCCL INFO GPU Direct RDMA Enabled for GPU 2 / HCA 1 (distance 5 <= 5), read 0 mode Default
MOC-R4PCC04U05:571336:572179 [3] NCCL INFO Connected to proxy localRank 3 -> connection 0x7f8ad8005368
MOC-R4PCC04U05:571335:571478 [2] NCCL INFO New proxy recv connection 19 from local rank 2, transport 2
MOC-R4PCC04U05:571335:572181 [2] NCCL INFO Connected to proxy localRank 2 -> connection 0x7f6538005818
MOC-R4PCC04U05:571335:572181 [2] NCCL INFO Channel 01/0 : 10[2] -> 2[2] [receive] via NET/IB/1/GDRDMA
MOC-R4PCC04U05:571335:572181 [2] NCCL INFO GPU Direct RDMA Enabled for GPU 2 / HCA 1 (distance 5 <= 5), read 0 mode Default
MOC-R4PCC04U05:571335:571478 [2] NCCL INFO New proxy recv connection 20 from local rank 2, transport 2
MOC-R4PCC04U05:571335:572181 [2] NCCL INFO Connected to proxy localRank 2 -> connection 0x7f6538005890
MOC-R4PCC04U05:571335:572181 [2] NCCL INFO Channel 02/0 : 10[2] -> 2[2] [receive] via NET/IB/1/GDRDMA
MOC-R4PCC04U05:571335:572181 [2] NCCL INFO GPU Direct RDMA Enabled for GPU 2 / HCA 1 (distance 5 <= 5), read 0 mode Default
MOC-R4PCC04U05:571335:571478 [2] NCCL INFO New proxy recv connection 21 from local rank 2, transport 2
MOC-R4PCC04U05:571335:572181 [2] NCCL INFO Connected to proxy localRank 2 -> connection 0x7f6538005908
MOC-R4PCC04U05:571335:572181 [2] NCCL INFO Channel 03/0 : 10[2] -> 2[2] [receive] via NET/IB/1/GDRDMA
MOC-R4PCC04U05:571336:571476 [3] NCCL INFO New proxy send connection 10 from local rank 3, transport 0
MOC-R4PCC04U05:571335:572181 [2] NCCL INFO GPU Direct RDMA Enabled for GPU 2 / HCA 1 (distance 5 <= 5), read 1 mode Default
MOC-R4PCC04U05:571336:572179 [3] NCCL INFO Connected to proxy localRank 3 -> connection 0x7f8ad80053e0
MOC-R4PCC04U05:571335:571478 [2] NCCL INFO New proxy send connection 22 from local rank 2, transport 2
MOC-R4PCC04U05:571335:572181 [2] NCCL INFO Connected to proxy localRank 2 -> connection 0x7f6538005980
MOC-R4PCC04U05:571335:572181 [2] NCCL INFO Channel 02/0 : 2[2] -> 6[2] [send] via NET/IB/1/GDRDMA
MOC-R4PCC04U05:571335:572181 [2] NCCL INFO GPU Direct RDMA Enabled for GPU 2 / HCA 1 (distance 5 <= 5), read 1 mode Default
MOC-R4PCC04U05:571335:571478 [2] NCCL INFO New proxy send connection 23 from local rank 2, transport 2
MOC-R4PCC04U05:571335:572181 [2] NCCL INFO Connected to proxy localRank 2 -> connection 0x7f65380059f8
MOC-R4PCC04U05:571335:572181 [2] NCCL INFO Channel 03/0 : 2[2] -> 6[2] [send] via NET/IB/1/GDRDMA
MOC-R4PCC04U05:571336:571476 [3] NCCL INFO New proxy send connection 11 from local rank 3, transport 0
MOC-R4PCC04U05:571336:572179 [3] NCCL INFO Connected to proxy localRank 3 -> connection 0x7f8ad8005458
MOC-R4PCC04U05:571336:571476 [3] NCCL INFO New proxy send connection 12 from local rank 3, transport 0
MOC-R4PCC04U05:571336:572179 [3] NCCL INFO Connected to proxy localRank 3 -> connection 0x7f8ad80054d0
MOC-R4PCC04U05:571334:571480 [1] NCCL INFO New proxy recv connection 10 from local rank 1, transport 0
MOC-R4PCC04U05:571334:572182 [1] NCCL INFO Connected to proxy localRank 1 -> connection 0x7f65d00053e0
MOC-R4PCC04U05:571334:571480 [1] NCCL INFO New proxy recv connection 11 from local rank 1, transport 0
MOC-R4PCC04U05:571334:572182 [1] NCCL INFO Connected to proxy localRank 1 -> connection 0x7f65d0005458
MOC-R4PCC04U05:571334:571480 [1] NCCL INFO New proxy recv connection 12 from local rank 1, transport 0
MOC-R4PCC04U05:571334:572182 [1] NCCL INFO Connected to proxy localRank 1 -> connection 0x7f65d00054d0
MOC-R4PCC04U05:571334:571480 [1] NCCL INFO New proxy recv connection 13 from local rank 1, transport 0
MOC-R4PCC04U05:571334:572182 [1] NCCL INFO Connected to proxy localRank 1 -> connection 0x7f65d0005548
MOC-R4PCC04U05:571333:571479 [0] NCCL INFO New proxy recv connection 14 from local rank 0, transport 0
MOC-R4PCC04U05:571333:572180 [0] NCCL INFO Connected to proxy localRank 0 -> connection 0x7fde000055c0
MOC-R4PCC04U05:571333:571479 [0] NCCL INFO New proxy recv connection 15 from local rank 0, transport 0
MOC-R4PCC04U05:571333:572180 [0] NCCL INFO Connected to proxy localRank 0 -> connection 0x7fde00005638
MOC-R4PCC04U05:571333:571479 [0] NCCL INFO New proxy recv connection 16 from local rank 0, transport 0
MOC-R4PCC04U05:571333:572180 [0] NCCL INFO Connected to proxy localRank 0 -> connection 0x7fde000056b0
MOC-R4PCC04U05:571333:571479 [0] NCCL INFO New proxy recv connection 17 from local rank 0, transport 0
MOC-R4PCC04U05:571333:572180 [0] NCCL INFO Connected to proxy localRank 0 -> connection 0x7fde00005728
MOC-R4PCC04U05:571336:571476 [3] NCCL INFO New proxy send connection 13 from local rank 3, transport 0
MOC-R4PCC04U05:571336:572179 [3] NCCL INFO Connected to proxy localRank 3 -> connection 0x7f8ad8005548
MOC-R4PCC04U05:571336:571476 [3] NCCL INFO New proxy send connection 14 from local rank 3, transport 0
MOC-R4PCC04U05:571336:572179 [3] NCCL INFO Connected to proxy localRank 3 -> connection 0x7f8ad80055c0
MOC-R4PCC04U05:571336:571476 [3] NCCL INFO New proxy send connection 15 from local rank 3, transport 0
MOC-R4PCC04U05:571336:572179 [3] NCCL INFO Connected to proxy localRank 3 -> connection 0x7f8ad8005638
MOC-R4PCC04U05:571336:571476 [3] NCCL INFO New proxy send connection 16 from local rank 3, transport 0
MOC-R4PCC04U05:571336:572179 [3] NCCL INFO Connected to proxy localRank 3 -> connection 0x7f8ad80056b0
MOC-R4PCC04U05:571335:572181 [2] NCCL INFO GPU Direct RDMA Enabled for GPU 2 / HCA 1 (distance 5 <= 5), read 0 mode Default
MOC-R4PCC04U05:571335:571478 [2] NCCL INFO New proxy recv connection 24 from local rank 2, transport 2
MOC-R4PCC04U05:571335:572181 [2] NCCL INFO Connected to proxy localRank 2 -> connection 0x7f6538005a70
MOC-R4PCC04U05:571335:572181 [2] NCCL INFO Channel 02/0 : 6[2] -> 2[2] [receive] via NET/IB/1/GDRDMA
MOC-R4PCC04U05:571335:572181 [2] NCCL INFO GPU Direct RDMA Enabled for GPU 2 / HCA 1 (distance 5 <= 5), read 0 mode Default
MOC-R4PCC04U05:571335:571478 [2] NCCL INFO New proxy recv connection 25 from local rank 2, transport 2
MOC-R4PCC04U05:571335:572181 [2] NCCL INFO Connected to proxy localRank 2 -> connection 0x7f6538005ae8
MOC-R4PCC04U05:571335:572181 [2] NCCL INFO Channel 03/0 : 6[2] -> 2[2] [receive] via NET/IB/1/GDRDMA
MOC-R4PCC04U05:571335:572181 [2] NCCL INFO GPU Direct RDMA Enabled for GPU 2 / HCA 1 (distance 5 <= 5), read 1 mode Default
MOC-R4PCC04U05:571335:571478 [2] NCCL INFO New proxy send connection 26 from local rank 2, transport 2
MOC-R4PCC04U05:571335:572181 [2] NCCL INFO Connected to proxy localRank 2 -> connection 0x7f6538005b60
MOC-R4PCC04U05:571335:572181 [2] NCCL INFO Channel 00/0 : 2[2] -> 10[2] [send] via NET/IB/1/GDRDMA
MOC-R4PCC04U05:571335:572181 [2] NCCL INFO GPU Direct RDMA Enabled for GPU 2 / HCA 1 (distance 5 <= 5), read 1 mode Default
MOC-R4PCC04U05:571335:571478 [2] NCCL INFO New proxy send connection 27 from local rank 2, transport 2
MOC-R4PCC04U05:571335:572181 [2] NCCL INFO Connected to proxy localRank 2 -> connection 0x7f6538005bd8
MOC-R4PCC04U05:571335:572181 [2] NCCL INFO Channel 01/0 : 2[2] -> 10[2] [send] via NET/IB/1/GDRDMA
MOC-R4PCC04U05:571335:572181 [2] NCCL INFO GPU Direct RDMA Enabled for GPU 2 / HCA 1 (distance 5 <= 5), read 1 mode Default
MOC-R4PCC04U05:571335:571478 [2] NCCL INFO New proxy send connection 28 from local rank 2, transport 2
MOC-R4PCC04U05:571335:572181 [2] NCCL INFO Connected to proxy localRank 2 -> connection 0x7f6538005c50
MOC-R4PCC04U05:571335:572181 [2] NCCL INFO Channel 02/0 : 2[2] -> 10[2] [send] via NET/IB/1/GDRDMA
MOC-R4PCC04U05:571335:572181 [2] NCCL INFO GPU Direct RDMA Enabled for GPU 2 / HCA 1 (distance 5 <= 5), read 1 mode Default
MOC-R4PCC04U05:571335:571478 [2] NCCL INFO New proxy send connection 29 from local rank 2, transport 2
MOC-R4PCC04U05:571335:572181 [2] NCCL INFO Connected to proxy localRank 2 -> connection 0x7f6538005cc8
MOC-R4PCC04U05:571335:572181 [2] NCCL INFO Channel 03/0 : 2[2] -> 10[2] [send] via NET/IB/1/GDRDMA
MOC-R4PCC04U05:571335:571478 [2] NCCL INFO New proxy recv connection 30 from local rank 2, transport 0
MOC-R4PCC04U05:571335:572181 [2] NCCL INFO Connected to proxy localRank 2 -> connection 0x7f6538005d40
MOC-R4PCC04U05:571335:571478 [2] NCCL INFO New proxy recv connection 31 from local rank 2, transport 0
MOC-R4PCC04U05:571335:572181 [2] NCCL INFO Connected to proxy localRank 2 -> connection 0x7f6538005db8
MOC-R4PCC04U05:571335:571478 [2] NCCL INFO New proxy recv connection 32 from local rank 2, transport 0
MOC-R4PCC04U05:571335:572181 [2] NCCL INFO Connected to proxy localRank 2 -> connection 0x7f6538005e30
MOC-R4PCC04U05:571335:571478 [2] NCCL INFO New proxy recv connection 33 from local rank 2, transport 0
MOC-R4PCC04U05:571335:572181 [2] NCCL INFO Connected to proxy localRank 2 -> connection 0x7f6538005ea8
MOC-R4PCC04U05:571336:571476 [3] NCCL INFO New proxy send connection 17 from local rank 2, transport 0
MOC-R4PCC04U05:571335:572181 [2] NCCL INFO Connected to proxy localRank 3 -> connection 0x7f8ad8005728
MOC-R4PCC04U05:571335:571478 [2] NCCL INFO NET/IB: NCCL Dev 1 IbDev 0 Port 1 qpn 9106 mtu 3 query_ece={supported=1, vendor_id=0x15b3, options=0x30000002, comp_mask=0x0} GID 3 (0/C132A8C0FFFF0000) fifoRkey=0x17ecab fifoLkey=0x17ecab
MOC-R4PCC04U05:571335:571478 [2] NCCL INFO NET/IB: NCCL Dev 1 IbDev 0 Port 1 qpn 9107 mtu 3 query_ece={supported=1, vendor_id=0x15b3, options=0x30000002, comp_mask=0x0} GID 3 (0/C132A8C0FFFF0000) fifoRkey=0x17cb8a fifoLkey=0x17cb8a
MOC-R4PCC04U05:571335:571478 [2] NCCL INFO NET/IB: NCCL Dev 1 IbDev 0 Port 1 qpn 9108 mtu 3 query_ece={supported=1, vendor_id=0x15b3, options=0x30000002, comp_mask=0x0} GID 3 (0/C132A8C0FFFF0000) fifoRkey=0x177837 fifoLkey=0x177837
MOC-R4PCC04U05:571335:571478 [2] NCCL INFO NET/IB: IbDev 0 Port 1 qpn 6156 set_ece={supported=1, vendor_id=0x15b3, options=0x0, comp_mask=0x0}
MOC-R4PCC04U05:571335:571478 [2] NCCL INFO NET/IB: IbDev 0 Port 1 qpn 6158 set_ece={supported=1, vendor_id=0x15b3, options=0x0, comp_mask=0x0}
MOC-R4PCC04U05:571335:571478 [2] NCCL INFO NET/IB: IbDev 0 Port 1 qpn 6160 set_ece={supported=1, vendor_id=0x15b3, options=0x0, comp_mask=0x0}
MOC-R4PCC04U05:571335:571478 [2] NCCL INFO NET/IB: NCCL Dev 1 IbDev 0 Port 1 qpn 9115 mtu 3 query_ece={supported=1, vendor_id=0x15b3, options=0x30000002, comp_mask=0x0} GID 3 (0/C132A8C0FFFF0000) fifoRkey=0x17e1a0 fifoLkey=0x17e1a0
MOC-R4PCC04U05:571335:571478 [2] NCCL INFO NET/IB: IbDev 0 Port 1 qpn 6162 set_ece={supported=1, vendor_id=0x15b3, options=0x0, comp_mask=0x0}
MOC-R4PCC04U05:571335:571478 [2] NCCL INFO NET/IB: NCCL Dev 1 IbDev 0 Port 1 qpn 9116 mtu 3 query_ece={supported=1, vendor_id=0x15b3, options=0x30000002, comp_mask=0x0} GID 3 (0/C132A8C0FFFF0000) fifoRkey=0x175412 fifoLkey=0x175412
MOC-R4PCC04U05:571335:571478 [2] NCCL INFO NET/IB: NCCL Dev 1 IbDev 0 Port 1 qpn 9117 mtu 3 query_ece={supported=1, vendor_id=0x15b3, options=0x30000002, comp_mask=0x0} GID 3 (0/C132A8C0FFFF0000) fifoRkey=0x170bca fifoLkey=0x170bca
MOC-R4PCC04U05:571335:571478 [2] NCCL INFO NET/IB: IbDev 0 Port 1 qpn 8932 set_ece={supported=1, vendor_id=0x15b3, options=0x0, comp_mask=0x0}
MOC-R4PCC04U05:571335:571478 [2] NCCL INFO NET/IB: IbDev 0 Port 1 qpn 8934 set_ece={supported=1, vendor_id=0x15b3, options=0x0, comp_mask=0x0}
step    1/10 | train loss 11.010590 | norm 15.4878 | lr 1.00e-04 | (14535.79 ms | 54103 tok/s)
step    2/10 | train loss 10.133062 | norm 5.7716 | lr 1.00e-04 | (222.65 ms | 3532144 tok/s)
step    3/10 | train loss 9.789967 | norm 2.6230 | lr 1.00e-04 | (219.92 ms | 3575927 tok/s)
step    4/10 | train loss 9.619513 | norm 2.1196 | lr 1.00e-04 | (220.38 ms | 3568565 tok/s)
step    5/10 | train loss 9.536169 | norm 2.1144 | lr 1.00e-04 | (221.15 ms | 3556126 tok/s)
step    6/10 | train loss 9.454328 | norm 2.0046 | lr 1.00e-04 | (219.15 ms | 3588504 tok/s)
step    7/10 | train loss 9.368591 | norm 1.9543 | lr 1.00e-04 | (220.40 ms | 3568256 tok/s)
step    8/10 | train loss 9.277061 | norm 1.9204 | lr 1.00e-04 | (219.70 ms | 3579497 tok/s)
step    9/10 | train loss 9.182115 | norm 1.8690 | lr 1.00e-04 | (220.81 ms | 3561510 tok/s)
step   10/10 | train loss 9.094344 | norm 1.7912 | lr 1.00e-04 | (219.73 ms | 3579143 tok/s)
final 9 iters avg: 220.433ms
peak memory consumption: 16601 MiB
