Running pytorch 2.7.0+cu126
using device: cuda:0
total desired batch size: 4194304
=> calculated gradient accumulation steps: 8
using device: cuda:3
using device: cuda:2
using device: cuda:1
compiling the model...
DataLoader: total number of tokens: 1,661,249,667 across 103 files
MOC-R4PCC04U05:755386:755386 [0] NCCL INFO NCCL_SOCKET_IFNAME set to eno7np0
MOC-R4PCC04U05:755386:755386 [0] NCCL INFO NCCL version 2.26.2+cuda12.2
MOC-R4PCC04U05:755386:755490 [0] NCCL INFO NET/Plugin: Could not find: libnccl-net.so. Using internal net plugin.
MOC-R4PCC04U05:755386:755490 [0] NCCL INFO NCCL_IB_HCA set to mlx5_5
MOC-R4PCC04U05:755389:755389 [3] NCCL INFO NCCL_SOCKET_IFNAME set to eno7np0
MOC-R4PCC04U05:755389:755389 [3] NCCL INFO NCCL version 2.26.2+cuda12.2
MOC-R4PCC04U05:755386:755490 [0] NCCL INFO NET/IB : Made virtual device [0] name=mlx5_5 speed=400000 ndevs=1
MOC-R4PCC04U05:755386:755490 [0] NCCL INFO NET/IB : Using [0]mlx5_5:1/RoCE [RO]; OOB eno7np0:192.168.50.193<0>
MOC-R4PCC04U05:755388:755388 [2] NCCL INFO NCCL_SOCKET_IFNAME set to eno7np0
MOC-R4PCC04U05:755387:755387 [1] NCCL INFO NCCL_SOCKET_IFNAME set to eno7np0
MOC-R4PCC04U05:755388:755388 [2] NCCL INFO NCCL version 2.26.2+cuda12.2
MOC-R4PCC04U05:755387:755387 [1] NCCL INFO NCCL version 2.26.2+cuda12.2
MOC-R4PCC04U05:755389:755512 [3] NCCL INFO NET/Plugin: Could not find: libnccl-net.so. Using internal net plugin.
MOC-R4PCC04U05:755389:755512 [3] NCCL INFO NCCL_IB_HCA set to mlx5_5
MOC-R4PCC04U05:755389:755512 [3] NCCL INFO NET/IB : Made virtual device [0] name=mlx5_5 speed=400000 ndevs=1
MOC-R4PCC04U05:755389:755512 [3] NCCL INFO NET/IB : Using [0]mlx5_5:1/RoCE [RO]; OOB eno7np0:192.168.50.193<0>
MOC-R4PCC04U05:755387:755515 [1] NCCL INFO NET/Plugin: Could not find: libnccl-net.so. Using internal net plugin.
MOC-R4PCC04U05:755387:755515 [1] NCCL INFO NCCL_IB_HCA set to mlx5_5
MOC-R4PCC04U05:755388:755514 [2] NCCL INFO NET/Plugin: Could not find: libnccl-net.so. Using internal net plugin.
MOC-R4PCC04U05:755388:755514 [2] NCCL INFO NCCL_IB_HCA set to mlx5_5
MOC-R4PCC04U05:755387:755515 [1] NCCL INFO NET/IB : Made virtual device [0] name=mlx5_5 speed=400000 ndevs=1
MOC-R4PCC04U05:755387:755515 [1] NCCL INFO NET/IB : Using [0]mlx5_5:1/RoCE [RO]; OOB eno7np0:192.168.50.193<0>
MOC-R4PCC04U05:755388:755514 [2] NCCL INFO NET/IB : Made virtual device [0] name=mlx5_5 speed=400000 ndevs=1
MOC-R4PCC04U05:755388:755514 [2] NCCL INFO NET/IB : Using [0]mlx5_5:1/RoCE [RO]; OOB eno7np0:192.168.50.193<0>
MOC-R4PCC04U05:755387:755515 [1] NCCL INFO NET/IB : GPU Direct RDMA Enabled for HCA 0 'mlx5_5'
MOC-R4PCC04U05:755387:755515 [1] NCCL INFO NET/IB : Made virtual device [1] name=mlx5_5 speed=400000 ndevs=1
MOC-R4PCC04U05:755387:755515 [1] NCCL INFO NET/IB : GPU Direct RDMA Enabled for HCA 0 'mlx5_5'
MOC-R4PCC04U05:755387:755515 [1] NCCL INFO NET/IB : GPU Direct RDMA Enabled for HCA 1 'mlx5_5'
MOC-R4PCC04U05:755386:755490 [0] NCCL INFO NET/IB : GPU Direct RDMA Enabled for HCA 0 'mlx5_5'
MOC-R4PCC04U05:755386:755490 [0] NCCL INFO NET/IB : Made virtual device [1] name=mlx5_5 speed=400000 ndevs=1
MOC-R4PCC04U05:755386:755490 [0] NCCL INFO NET/IB : GPU Direct RDMA Enabled for HCA 0 'mlx5_5'
MOC-R4PCC04U05:755386:755490 [0] NCCL INFO NET/IB : GPU Direct RDMA Enabled for HCA 1 'mlx5_5'
MOC-R4PCC04U05:755389:755512 [3] NCCL INFO NET/IB : GPU Direct RDMA Enabled for HCA 0 'mlx5_5'
MOC-R4PCC04U05:755389:755512 [3] NCCL INFO NET/IB : Made virtual device [1] name=mlx5_5 speed=400000 ndevs=1
MOC-R4PCC04U05:755389:755512 [3] NCCL INFO NET/IB : GPU Direct RDMA Enabled for HCA 0 'mlx5_5'
MOC-R4PCC04U05:755389:755512 [3] NCCL INFO NET/IB : GPU Direct RDMA Enabled for HCA 1 'mlx5_5'
MOC-R4PCC04U05:755388:755514 [2] NCCL INFO NET/IB : GPU Direct RDMA Enabled for HCA 0 'mlx5_5'
MOC-R4PCC04U05:755388:755514 [2] NCCL INFO NET/IB : Made virtual device [1] name=mlx5_5 speed=400000 ndevs=1
MOC-R4PCC04U05:755388:755514 [2] NCCL INFO NET/IB : GPU Direct RDMA Enabled for HCA 0 'mlx5_5'
MOC-R4PCC04U05:755388:755514 [2] NCCL INFO NET/IB : GPU Direct RDMA Enabled for HCA 1 'mlx5_5'
MOC-R4PCC04U05:755386:755490 [0] NCCL INFO GPU Direct RDMA Enabled for GPU 0 / HCA 1 (distance 5 <= 5), read 0 mode Default
MOC-R4PCC04U05:755386:755490 [0] NCCL INFO GPU Direct RDMA Enabled for GPU 1 / HCA 1 (distance 5 <= 5), read 0 mode Default
MOC-R4PCC04U05:755386:755490 [0] NCCL INFO GPU Direct RDMA Enabled for GPU 2 / HCA 1 (distance 5 <= 5), read 0 mode Default
MOC-R4PCC04U05:755386:755490 [0] NCCL INFO GPU Direct RDMA Enabled for GPU 3 / HCA 1 (distance 5 <= 5), read 0 mode Default
MOC-R4PCC04U05:755386:755490 [0] NCCL INFO GPU Direct RDMA Enabled for GPU 0 / HCA 1 (distance 5 <= 5), read 0 mode Default
MOC-R4PCC04U05:755386:755490 [0] NCCL INFO GPU Direct RDMA Enabled for GPU 1 / HCA 1 (distance 5 <= 5), read 0 mode Default
MOC-R4PCC04U05:755386:755490 [0] NCCL INFO GPU Direct RDMA Enabled for GPU 2 / HCA 1 (distance 5 <= 5), read 0 mode Default
MOC-R4PCC04U05:755386:755490 [0] NCCL INFO GPU Direct RDMA Enabled for GPU 3 / HCA 1 (distance 5 <= 5), read 0 mode Default
MOC-R4PCC04U05:755387:755515 [1] NCCL INFO GPU Direct RDMA Enabled for GPU 0 / HCA 1 (distance 5 <= 5), read 0 mode Default
MOC-R4PCC04U05:755387:755515 [1] NCCL INFO GPU Direct RDMA Enabled for GPU 1 / HCA 1 (distance 5 <= 5), read 0 mode Default
MOC-R4PCC04U05:755387:755515 [1] NCCL INFO GPU Direct RDMA Enabled for GPU 2 / HCA 1 (distance 5 <= 5), read 0 mode Default
MOC-R4PCC04U05:755387:755515 [1] NCCL INFO GPU Direct RDMA Enabled for GPU 3 / HCA 1 (distance 5 <= 5), read 0 mode Default
MOC-R4PCC04U05:755387:755515 [1] NCCL INFO GPU Direct RDMA Enabled for GPU 0 / HCA 1 (distance 5 <= 5), read 0 mode Default
MOC-R4PCC04U05:755387:755515 [1] NCCL INFO GPU Direct RDMA Enabled for GPU 1 / HCA 1 (distance 5 <= 5), read 0 mode Default
MOC-R4PCC04U05:755387:755515 [1] NCCL INFO GPU Direct RDMA Enabled for GPU 2 / HCA 1 (distance 5 <= 5), read 0 mode Default
MOC-R4PCC04U05:755387:755515 [1] NCCL INFO GPU Direct RDMA Enabled for GPU 3 / HCA 1 (distance 5 <= 5), read 0 mode Default
MOC-R4PCC04U05:755389:755512 [3] NCCL INFO GPU Direct RDMA Enabled for GPU 0 / HCA 1 (distance 5 <= 5), read 0 mode Default
MOC-R4PCC04U05:755389:755512 [3] NCCL INFO GPU Direct RDMA Enabled for GPU 1 / HCA 1 (distance 5 <= 5), read 0 mode Default
MOC-R4PCC04U05:755389:755512 [3] NCCL INFO GPU Direct RDMA Enabled for GPU 2 / HCA 1 (distance 5 <= 5), read 0 mode Default
MOC-R4PCC04U05:755389:755512 [3] NCCL INFO GPU Direct RDMA Enabled for GPU 3 / HCA 1 (distance 5 <= 5), read 0 mode Default
MOC-R4PCC04U05:755389:755512 [3] NCCL INFO GPU Direct RDMA Enabled for GPU 0 / HCA 1 (distance 5 <= 5), read 0 mode Default
MOC-R4PCC04U05:755389:755512 [3] NCCL INFO GPU Direct RDMA Enabled for GPU 1 / HCA 1 (distance 5 <= 5), read 0 mode Default
MOC-R4PCC04U05:755389:755512 [3] NCCL INFO GPU Direct RDMA Enabled for GPU 2 / HCA 1 (distance 5 <= 5), read 0 mode Default
MOC-R4PCC04U05:755389:755512 [3] NCCL INFO GPU Direct RDMA Enabled for GPU 3 / HCA 1 (distance 5 <= 5), read 0 mode Default
MOC-R4PCC04U05:755388:755514 [2] NCCL INFO GPU Direct RDMA Enabled for GPU 0 / HCA 1 (distance 5 <= 5), read 0 mode Default
MOC-R4PCC04U05:755388:755514 [2] NCCL INFO GPU Direct RDMA Enabled for GPU 1 / HCA 1 (distance 5 <= 5), read 0 mode Default
MOC-R4PCC04U05:755388:755514 [2] NCCL INFO GPU Direct RDMA Enabled for GPU 2 / HCA 1 (distance 5 <= 5), read 0 mode Default
MOC-R4PCC04U05:755388:755514 [2] NCCL INFO GPU Direct RDMA Enabled for GPU 3 / HCA 1 (distance 5 <= 5), read 0 mode Default
MOC-R4PCC04U05:755388:755514 [2] NCCL INFO GPU Direct RDMA Enabled for GPU 0 / HCA 1 (distance 5 <= 5), read 0 mode Default
MOC-R4PCC04U05:755388:755514 [2] NCCL INFO GPU Direct RDMA Enabled for GPU 1 / HCA 1 (distance 5 <= 5), read 0 mode Default
MOC-R4PCC04U05:755388:755514 [2] NCCL INFO GPU Direct RDMA Enabled for GPU 2 / HCA 1 (distance 5 <= 5), read 0 mode Default
MOC-R4PCC04U05:755388:755514 [2] NCCL INFO GPU Direct RDMA Enabled for GPU 3 / HCA 1 (distance 5 <= 5), read 0 mode Default
MOC-R4PCC04U05:755389:755529 [3] NCCL INFO New proxy recv connection 0 from local rank 3, transport 0
MOC-R4PCC04U05:755389:755535 [3] NCCL INFO Connected to proxy localRank 3 -> connection 0x7f42a4004f30
MOC-R4PCC04U05:755389:755529 [3] NCCL INFO New proxy recv connection 1 from local rank 3, transport 0
MOC-R4PCC04U05:755389:755535 [3] NCCL INFO Connected to proxy localRank 3 -> connection 0x7f42a4004fa8
MOC-R4PCC04U05:755389:755529 [3] NCCL INFO New proxy recv connection 2 from local rank 3, transport 0
MOC-R4PCC04U05:755389:755535 [3] NCCL INFO Connected to proxy localRank 3 -> connection 0x7f42a4005020
MOC-R4PCC04U05:755389:755529 [3] NCCL INFO New proxy recv connection 3 from local rank 3, transport 0
MOC-R4PCC04U05:755389:755535 [3] NCCL INFO Connected to proxy localRank 3 -> connection 0x7f42a4005098
MOC-R4PCC04U05:755387:755527 [1] NCCL INFO New proxy recv connection 0 from local rank 1, transport 0
MOC-R4PCC04U05:755387:755536 [1] NCCL INFO Connected to proxy localRank 1 -> connection 0x7f7034004f30
MOC-R4PCC04U05:755389:755535 [3] NCCL INFO GPU Direct RDMA Enabled for GPU 3 / HCA 1 (distance 5 <= 5), read 1 mode Default
MOC-R4PCC04U05:755388:755537 [2] NCCL INFO GPU Direct RDMA Enabled for GPU 2 / HCA 1 (distance 5 <= 5), read 0 mode Default
MOC-R4PCC04U05:755387:755527 [1] NCCL INFO New proxy recv connection 1 from local rank 1, transport 0
MOC-R4PCC04U05:755387:755536 [1] NCCL INFO Connected to proxy localRank 1 -> connection 0x7f7034004fa8
MOC-R4PCC04U05:755386:755533 [0] NCCL INFO New proxy send connection 0 from local rank 0, transport 0
MOC-R4PCC04U05:755386:755538 [0] NCCL INFO Connected to proxy localRank 0 -> connection 0x7f6550004f30
MOC-R4PCC04U05:755387:755527 [1] NCCL INFO New proxy recv connection 2 from local rank 1, transport 0
MOC-R4PCC04U05:755387:755536 [1] NCCL INFO Connected to proxy localRank 1 -> connection 0x7f7034005020
MOC-R4PCC04U05:755387:755527 [1] NCCL INFO New proxy recv connection 3 from local rank 1, transport 0
MOC-R4PCC04U05:755387:755536 [1] NCCL INFO Connected to proxy localRank 1 -> connection 0x7f7034005098
MOC-R4PCC04U05:755386:755533 [0] NCCL INFO New proxy send connection 1 from local rank 0, transport 0
MOC-R4PCC04U05:755386:755538 [0] NCCL INFO Connected to proxy localRank 0 -> connection 0x7f6550004fa8
MOC-R4PCC04U05:755387:755527 [1] NCCL INFO New proxy send connection 4 from local rank 1, transport 0
MOC-R4PCC04U05:755387:755536 [1] NCCL INFO Connected to proxy localRank 1 -> connection 0x7f7034005110
MOC-R4PCC04U05:755386:755533 [0] NCCL INFO New proxy send connection 2 from local rank 0, transport 0
MOC-R4PCC04U05:755386:755538 [0] NCCL INFO Connected to proxy localRank 0 -> connection 0x7f6550005020
MOC-R4PCC04U05:755387:755527 [1] NCCL INFO New proxy send connection 5 from local rank 1, transport 0
MOC-R4PCC04U05:755387:755536 [1] NCCL INFO Connected to proxy localRank 1 -> connection 0x7f7034005188
MOC-R4PCC04U05:755386:755533 [0] NCCL INFO New proxy send connection 3 from local rank 0, transport 0
MOC-R4PCC04U05:755386:755538 [0] NCCL INFO Connected to proxy localRank 0 -> connection 0x7f6550005098
MOC-R4PCC04U05:755387:755527 [1] NCCL INFO New proxy send connection 6 from local rank 1, transport 0
MOC-R4PCC04U05:755387:755536 [1] NCCL INFO Connected to proxy localRank 1 -> connection 0x7f7034005200
MOC-R4PCC04U05:755387:755527 [1] NCCL INFO New proxy send connection 7 from local rank 1, transport 0
MOC-R4PCC04U05:755387:755536 [1] NCCL INFO Connected to proxy localRank 1 -> connection 0x7f7034005278
MOC-R4PCC04U05:755388:755530 [2] NCCL INFO New proxy send connection 0 from local rank 3, transport 2
MOC-R4PCC04U05:755388:755530 [2] NCCL INFO New proxy recv connection 1 from local rank 2, transport 2
MOC-R4PCC04U05:755389:755535 [3] NCCL INFO Connected to proxy localRank 2 -> connection 0x7f3a20004f30
MOC-R4PCC04U05:755389:755535 [3] NCCL INFO Channel 00/0 : 3[3] -> 6[2] [send] via NET/IB/1(2)/GDRDMA
MOC-R4PCC04U05:755389:755535 [3] NCCL INFO GPU Direct RDMA Enabled for GPU 3 / HCA 1 (distance 5 <= 5), read 1 mode Default
MOC-R4PCC04U05:755388:755537 [2] NCCL INFO Connected to proxy localRank 2 -> connection 0x7f3a20004fa8
MOC-R4PCC04U05:755388:755530 [2] NCCL INFO New proxy send connection 2 from local rank 3, transport 2
MOC-R4PCC04U05:755389:755535 [3] NCCL INFO Connected to proxy localRank 2 -> connection 0x7f3a20005020
MOC-R4PCC04U05:755388:755537 [2] NCCL INFO Channel 00/0 : 15[3] -> 2[2] [receive] via NET/IB/1/GDRDMA
MOC-R4PCC04U05:755388:755537 [2] NCCL INFO GPU Direct RDMA Enabled for GPU 2 / HCA 1 (distance 5 <= 5), read 0 mode Default
MOC-R4PCC04U05:755389:755535 [3] NCCL INFO Channel 01/0 : 3[3] -> 6[2] [send] via NET/IB/1(2)/GDRDMA
MOC-R4PCC04U05:755389:755535 [3] NCCL INFO GPU Direct RDMA Enabled for GPU 3 / HCA 1 (distance 5 <= 5), read 1 mode Default
MOC-R4PCC04U05:755388:755530 [2] NCCL INFO New proxy send connection 3 from local rank 3, transport 2
MOC-R4PCC04U05:755389:755535 [3] NCCL INFO Connected to proxy localRank 2 -> connection 0x7f3a20005098
MOC-R4PCC04U05:755388:755530 [2] NCCL INFO New proxy recv connection 4 from local rank 2, transport 2
MOC-R4PCC04U05:755388:755537 [2] NCCL INFO Connected to proxy localRank 2 -> connection 0x7f3a20005110
MOC-R4PCC04U05:755389:755535 [3] NCCL INFO Channel 02/0 : 3[3] -> 6[2] [send] via NET/IB/1(2)/GDRDMA
MOC-R4PCC04U05:755389:755535 [3] NCCL INFO GPU Direct RDMA Enabled for GPU 3 / HCA 1 (distance 5 <= 5), read 1 mode Default
MOC-R4PCC04U05:755388:755537 [2] NCCL INFO Channel 01/0 : 15[3] -> 2[2] [receive] via NET/IB/1/GDRDMA
MOC-R4PCC04U05:755388:755537 [2] NCCL INFO GPU Direct RDMA Enabled for GPU 2 / HCA 1 (distance 5 <= 5), read 0 mode Default
MOC-R4PCC04U05:755388:755530 [2] NCCL INFO New proxy send connection 5 from local rank 3, transport 2
MOC-R4PCC04U05:755389:755535 [3] NCCL INFO Connected to proxy localRank 2 -> connection 0x7f3a20005188
MOC-R4PCC04U05:755388:755530 [2] NCCL INFO New proxy recv connection 6 from local rank 2, transport 2
MOC-R4PCC04U05:755388:755537 [2] NCCL INFO Connected to proxy localRank 2 -> connection 0x7f3a20005200
MOC-R4PCC04U05:755389:755535 [3] NCCL INFO Channel 03/0 : 3[3] -> 6[2] [send] via NET/IB/1(2)/GDRDMA
MOC-R4PCC04U05:755388:755537 [2] NCCL INFO Channel 02/0 : 15[3] -> 2[2] [receive] via NET/IB/1/GDRDMA
MOC-R4PCC04U05:755388:755537 [2] NCCL INFO GPU Direct RDMA Enabled for GPU 2 / HCA 1 (distance 5 <= 5), read 0 mode Default
MOC-R4PCC04U05:755388:755530 [2] NCCL INFO New proxy recv connection 7 from local rank 2, transport 2
MOC-R4PCC04U05:755388:755537 [2] NCCL INFO Connected to proxy localRank 2 -> connection 0x7f3a20005278
MOC-R4PCC04U05:755388:755537 [2] NCCL INFO Channel 03/0 : 15[3] -> 2[2] [receive] via NET/IB/1/GDRDMA
MOC-R4PCC04U05:755386:755533 [0] NCCL INFO New proxy recv connection 4 from local rank 0, transport 0
MOC-R4PCC04U05:755386:755538 [0] NCCL INFO Connected to proxy localRank 0 -> connection 0x7f6550005110
MOC-R4PCC04U05:755388:755530 [2] NCCL INFO NET/IB: NCCL Dev 1 IbDev 0 Port 1 qpn 12482 mtu 3 query_ece={supported=1, vendor_id=0x15b3, options=0x30000002, comp_mask=0x0} GID 3 (0/C132A8C0FFFF0000) fifoRkey=0x17601f fifoLkey=0x17601f
MOC-R4PCC04U05:755388:755530 [2] NCCL INFO NET/IB: IbDev 0 Port 1 qpn 13226 set_ece={supported=1, vendor_id=0x15b3, options=0x0, comp_mask=0x0}
MOC-R4PCC04U05:755386:755533 [0] NCCL INFO New proxy send connection 5 from local rank 3, transport 0
MOC-R4PCC04U05:755389:755535 [3] NCCL INFO Connected to proxy localRank 0 -> connection 0x7f6550005188
MOC-R4PCC04U05:755386:755533 [0] NCCL INFO New proxy recv connection 6 from local rank 0, transport 0
MOC-R4PCC04U05:755386:755538 [0] NCCL INFO Connected to proxy localRank 0 -> connection 0x7f6550005200
MOC-R4PCC04U05:755386:755533 [0] NCCL INFO New proxy recv connection 7 from local rank 0, transport 0
MOC-R4PCC04U05:755386:755538 [0] NCCL INFO Connected to proxy localRank 0 -> connection 0x7f6550005278
MOC-R4PCC04U05:755386:755533 [0] NCCL INFO New proxy recv connection 8 from local rank 0, transport 0
MOC-R4PCC04U05:755386:755538 [0] NCCL INFO Connected to proxy localRank 0 -> connection 0x7f65500052f0
MOC-R4PCC04U05:755388:755530 [2] NCCL INFO New proxy send connection 8 from local rank 2, transport 0
MOC-R4PCC04U05:755388:755537 [2] NCCL INFO Connected to proxy localRank 2 -> connection 0x7f3a200052f0
MOC-R4PCC04U05:755389:755529 [3] NCCL INFO New proxy send connection 4 from local rank 0, transport 0
MOC-R4PCC04U05:755386:755538 [0] NCCL INFO Connected to proxy localRank 3 -> connection 0x7f42a4005110
MOC-R4PCC04U05:755388:755530 [2] NCCL INFO New proxy send connection 9 from local rank 2, transport 0
MOC-R4PCC04U05:755388:755537 [2] NCCL INFO Connected to proxy localRank 2 -> connection 0x7f3a20005368
MOC-R4PCC04U05:755388:755530 [2] NCCL INFO New proxy send connection 10 from local rank 2, transport 0
MOC-R4PCC04U05:755388:755537 [2] NCCL INFO Connected to proxy localRank 2 -> connection 0x7f3a200053e0
MOC-R4PCC04U05:755388:755530 [2] NCCL INFO New proxy send connection 11 from local rank 2, transport 0
MOC-R4PCC04U05:755388:755537 [2] NCCL INFO Connected to proxy localRank 2 -> connection 0x7f3a20005458
MOC-R4PCC04U05:755386:755533 [0] NCCL INFO New proxy send connection 9 from local rank 1, transport 0
MOC-R4PCC04U05:755387:755536 [1] NCCL INFO Connected to proxy localRank 0 -> connection 0x7f6550005368
MOC-R4PCC04U05:755387:755527 [1] NCCL INFO New proxy send connection 8 from local rank 2, transport 0
MOC-R4PCC04U05:755388:755537 [2] NCCL INFO Connected to proxy localRank 1 -> connection 0x7f70340052f0
MOC-R4PCC04U05:755388:755530 [2] NCCL INFO New proxy send connection 12 from local rank 1, transport 0
MOC-R4PCC04U05:755387:755536 [1] NCCL INFO Connected to proxy localRank 2 -> connection 0x7f3a200054d0
MOC-R4PCC04U05:755388:755530 [2] NCCL INFO New proxy send connection 13 from local rank 3, transport 0
MOC-R4PCC04U05:755389:755535 [3] NCCL INFO Connected to proxy localRank 2 -> connection 0x7f3a20005548
MOC-R4PCC04U05:755387:755527 [1] NCCL INFO New proxy send connection 9 from local rank 0, transport 0
MOC-R4PCC04U05:755386:755538 [0] NCCL INFO Connected to proxy localRank 1 -> connection 0x7f7034005368
MOC-R4PCC04U05:755388:755530 [2] NCCL INFO NET/IB: NCCL Dev 1 IbDev 0 Port 1 qpn 12491 mtu 3 query_ece={supported=1, vendor_id=0x15b3, options=0x30000002, comp_mask=0x0} GID 3 (0/C132A8C0FFFF0000) fifoRkey=0x17fdbc fifoLkey=0x17fdbc
MOC-R4PCC04U05:755388:755530 [2] NCCL INFO NET/IB: NCCL Dev 1 IbDev 0 Port 1 qpn 12492 mtu 3 query_ece={supported=1, vendor_id=0x15b3, options=0x30000002, comp_mask=0x0} GID 3 (0/C132A8C0FFFF0000) fifoRkey=0x17e7a6 fifoLkey=0x17e7a6
MOC-R4PCC04U05:755388:755530 [2] NCCL INFO NET/IB: NCCL Dev 1 IbDev 0 Port 1 qpn 12493 mtu 3 query_ece={supported=1, vendor_id=0x15b3, options=0x30000002, comp_mask=0x0} GID 3 (0/C132A8C0FFFF0000) fifoRkey=0x168e4d fifoLkey=0x168e4d
MOC-R4PCC04U05:755388:755530 [2] NCCL INFO NET/IB: IbDev 0 Port 1 qpn 13230 set_ece={supported=1, vendor_id=0x15b3, options=0x0, comp_mask=0x0}
MOC-R4PCC04U05:755388:755530 [2] NCCL INFO NET/IB: IbDev 0 Port 1 qpn 13232 set_ece={supported=1, vendor_id=0x15b3, options=0x0, comp_mask=0x0}
MOC-R4PCC04U05:755388:755530 [2] NCCL INFO NET/IB: IbDev 0 Port 1 qpn 13234 set_ece={supported=1, vendor_id=0x15b3, options=0x0, comp_mask=0x0}
num decayed parameter tensors: 50, with 124,318,464 parameters
num non-decayed parameter tensors: 98, with 121,344 parameters
using fused AdamW: False
using regular AdamW
MOC-R4PCC04U05:755387:755527 [1] NCCL INFO New proxy recv connection 10 from local rank 1, transport 0
MOC-R4PCC04U05:755387:756228 [1] NCCL INFO Connected to proxy localRank 1 -> connection 0x7f70340053e0
MOC-R4PCC04U05:755387:755527 [1] NCCL INFO New proxy recv connection 11 from local rank 1, transport 0
MOC-R4PCC04U05:755387:756228 [1] NCCL INFO Connected to proxy localRank 1 -> connection 0x7f7034005458
MOC-R4PCC04U05:755387:755527 [1] NCCL INFO New proxy recv connection 12 from local rank 1, transport 0
MOC-R4PCC04U05:755387:756228 [1] NCCL INFO Connected to proxy localRank 1 -> connection 0x7f70340054d0
MOC-R4PCC04U05:755387:755527 [1] NCCL INFO New proxy recv connection 13 from local rank 1, transport 0
MOC-R4PCC04U05:755387:756228 [1] NCCL INFO Connected to proxy localRank 1 -> connection 0x7f7034005548
MOC-R4PCC04U05:755386:755533 [0] NCCL INFO New proxy send connection 10 from local rank 0, transport 0
MOC-R4PCC04U05:755386:756229 [0] NCCL INFO Connected to proxy localRank 0 -> connection 0x7f65500053e0
MOC-R4PCC04U05:755386:755533 [0] NCCL INFO New proxy send connection 11 from local rank 0, transport 0
MOC-R4PCC04U05:755386:756229 [0] NCCL INFO Connected to proxy localRank 0 -> connection 0x7f6550005458
MOC-R4PCC04U05:755386:755533 [0] NCCL INFO New proxy send connection 12 from local rank 0, transport 0
MOC-R4PCC04U05:755386:756229 [0] NCCL INFO Connected to proxy localRank 0 -> connection 0x7f65500054d0
MOC-R4PCC04U05:755386:755533 [0] NCCL INFO New proxy send connection 13 from local rank 0, transport 0
MOC-R4PCC04U05:755386:756229 [0] NCCL INFO Connected to proxy localRank 0 -> connection 0x7f6550005548
MOC-R4PCC04U05:755386:755533 [0] NCCL INFO New proxy recv connection 14 from local rank 0, transport 0
MOC-R4PCC04U05:755386:756229 [0] NCCL INFO Connected to proxy localRank 0 -> connection 0x7f65500055c0
MOC-R4PCC04U05:755386:755533 [0] NCCL INFO New proxy recv connection 15 from local rank 0, transport 0
MOC-R4PCC04U05:755386:756229 [0] NCCL INFO Connected to proxy localRank 0 -> connection 0x7f6550005638
MOC-R4PCC04U05:755386:755533 [0] NCCL INFO New proxy recv connection 16 from local rank 0, transport 0
MOC-R4PCC04U05:755386:756229 [0] NCCL INFO Connected to proxy localRank 0 -> connection 0x7f65500056b0
MOC-R4PCC04U05:755386:755533 [0] NCCL INFO New proxy recv connection 17 from local rank 0, transport 0
MOC-R4PCC04U05:755386:756229 [0] NCCL INFO Connected to proxy localRank 0 -> connection 0x7f6550005728
MOC-R4PCC04U05:755388:755530 [2] NCCL INFO New proxy send connection 14 from local rank 2, transport 0
MOC-R4PCC04U05:755388:756230 [2] NCCL INFO Connected to proxy localRank 2 -> connection 0x7f3a200055c0
MOC-R4PCC04U05:755389:755529 [3] NCCL INFO New proxy recv connection 5 from local rank 3, transport 0
MOC-R4PCC04U05:755389:756231 [3] NCCL INFO Connected to proxy localRank 3 -> connection 0x7f42a4005188
MOC-R4PCC04U05:755388:755530 [2] NCCL INFO New proxy send connection 15 from local rank 2, transport 0
MOC-R4PCC04U05:755388:756230 [2] NCCL INFO Connected to proxy localRank 2 -> connection 0x7f3a20005638
MOC-R4PCC04U05:755388:755530 [2] NCCL INFO New proxy send connection 16 from local rank 2, transport 0
MOC-R4PCC04U05:755388:756230 [2] NCCL INFO Connected to proxy localRank 2 -> connection 0x7f3a200056b0
MOC-R4PCC04U05:755389:755529 [3] NCCL INFO New proxy recv connection 6 from local rank 3, transport 0
MOC-R4PCC04U05:755389:756231 [3] NCCL INFO Connected to proxy localRank 3 -> connection 0x7f42a4005200
MOC-R4PCC04U05:755388:755530 [2] NCCL INFO New proxy send connection 17 from local rank 2, transport 0
MOC-R4PCC04U05:755388:756230 [2] NCCL INFO Connected to proxy localRank 2 -> connection 0x7f3a20005728
MOC-R4PCC04U05:755389:755529 [3] NCCL INFO New proxy recv connection 7 from local rank 3, transport 0
MOC-R4PCC04U05:755389:756231 [3] NCCL INFO Connected to proxy localRank 3 -> connection 0x7f42a4005278
MOC-R4PCC04U05:755389:755529 [3] NCCL INFO New proxy recv connection 8 from local rank 3, transport 0
MOC-R4PCC04U05:755389:756231 [3] NCCL INFO Connected to proxy localRank 3 -> connection 0x7f42a40052f0
MOC-R4PCC04U05:755388:756230 [2] NCCL INFO GPU Direct RDMA Enabled for GPU 2 / HCA 1 (distance 5 <= 5), read 1 mode Default
MOC-R4PCC04U05:755388:755530 [2] NCCL INFO New proxy send connection 18 from local rank 2, transport 2
MOC-R4PCC04U05:755388:756230 [2] NCCL INFO Connected to proxy localRank 2 -> connection 0x7f3a200057a0
MOC-R4PCC04U05:755389:755529 [3] NCCL INFO New proxy send connection 9 from local rank 3, transport 0
MOC-R4PCC04U05:755389:756231 [3] NCCL INFO Connected to proxy localRank 3 -> connection 0x7f42a4005368
MOC-R4PCC04U05:755388:756230 [2] NCCL INFO Channel 02/0 : 2[2] -> 6[2] [send] via NET/IB/1/GDRDMA
MOC-R4PCC04U05:755388:756230 [2] NCCL INFO GPU Direct RDMA Enabled for GPU 2 / HCA 1 (distance 5 <= 5), read 1 mode Default
MOC-R4PCC04U05:755388:755530 [2] NCCL INFO New proxy send connection 19 from local rank 2, transport 2
MOC-R4PCC04U05:755388:756230 [2] NCCL INFO Connected to proxy localRank 2 -> connection 0x7f3a20005818
MOC-R4PCC04U05:755388:756230 [2] NCCL INFO Channel 03/0 : 2[2] -> 6[2] [send] via NET/IB/1/GDRDMA
MOC-R4PCC04U05:755389:755529 [3] NCCL INFO New proxy send connection 10 from local rank 3, transport 0
MOC-R4PCC04U05:755389:756231 [3] NCCL INFO Connected to proxy localRank 3 -> connection 0x7f42a40053e0
MOC-R4PCC04U05:755388:756230 [2] NCCL INFO GPU Direct RDMA Enabled for GPU 2 / HCA 1 (distance 5 <= 5), read 0 mode Default
MOC-R4PCC04U05:755389:755529 [3] NCCL INFO New proxy send connection 11 from local rank 3, transport 0
MOC-R4PCC04U05:755389:756231 [3] NCCL INFO Connected to proxy localRank 3 -> connection 0x7f42a4005458
MOC-R4PCC04U05:755388:755530 [2] NCCL INFO New proxy recv connection 20 from local rank 2, transport 2
MOC-R4PCC04U05:755388:756230 [2] NCCL INFO Connected to proxy localRank 2 -> connection 0x7f3a20005890
MOC-R4PCC04U05:755388:756230 [2] NCCL INFO Channel 00/0 : 10[2] -> 2[2] [receive] via NET/IB/1/GDRDMA
MOC-R4PCC04U05:755388:756230 [2] NCCL INFO GPU Direct RDMA Enabled for GPU 2 / HCA 1 (distance 5 <= 5), read 0 mode Default
MOC-R4PCC04U05:755388:755530 [2] NCCL INFO New proxy recv connection 21 from local rank 2, transport 2
MOC-R4PCC04U05:755388:756230 [2] NCCL INFO Connected to proxy localRank 2 -> connection 0x7f3a20005908
MOC-R4PCC04U05:755389:755529 [3] NCCL INFO New proxy send connection 12 from local rank 3, transport 0
MOC-R4PCC04U05:755389:756231 [3] NCCL INFO Connected to proxy localRank 3 -> connection 0x7f42a40054d0
MOC-R4PCC04U05:755388:756230 [2] NCCL INFO Channel 01/0 : 10[2] -> 2[2] [receive] via NET/IB/1/GDRDMA
MOC-R4PCC04U05:755388:756230 [2] NCCL INFO GPU Direct RDMA Enabled for GPU 2 / HCA 1 (distance 5 <= 5), read 1 mode Default
MOC-R4PCC04U05:755388:755530 [2] NCCL INFO New proxy send connection 22 from local rank 2, transport 2
MOC-R4PCC04U05:755388:756230 [2] NCCL INFO Connected to proxy localRank 2 -> connection 0x7f3a20005980
MOC-R4PCC04U05:755388:756230 [2] NCCL INFO Channel 00/0 : 2[2] -> 10[2] [send] via NET/IB/1/GDRDMA
MOC-R4PCC04U05:755388:756230 [2] NCCL INFO GPU Direct RDMA Enabled for GPU 2 / HCA 1 (distance 5 <= 5), read 1 mode Default
MOC-R4PCC04U05:755388:755530 [2] NCCL INFO New proxy send connection 23 from local rank 2, transport 2
MOC-R4PCC04U05:755388:756230 [2] NCCL INFO Connected to proxy localRank 2 -> connection 0x7f3a200059f8
MOC-R4PCC04U05:755388:756230 [2] NCCL INFO Channel 01/0 : 2[2] -> 10[2] [send] via NET/IB/1/GDRDMA
MOC-R4PCC04U05:755389:755529 [3] NCCL INFO New proxy send connection 13 from local rank 3, transport 0
MOC-R4PCC04U05:755389:756231 [3] NCCL INFO Connected to proxy localRank 3 -> connection 0x7f42a4005548
MOC-R4PCC04U05:755388:756230 [2] NCCL INFO GPU Direct RDMA Enabled for GPU 2 / HCA 1 (distance 5 <= 5), read 0 mode Default
MOC-R4PCC04U05:755389:755529 [3] NCCL INFO New proxy send connection 14 from local rank 3, transport 0
MOC-R4PCC04U05:755389:756231 [3] NCCL INFO Connected to proxy localRank 3 -> connection 0x7f42a40055c0
MOC-R4PCC04U05:755388:755530 [2] NCCL INFO New proxy recv connection 24 from local rank 2, transport 2
MOC-R4PCC04U05:755388:756230 [2] NCCL INFO Connected to proxy localRank 2 -> connection 0x7f3a20005a70
MOC-R4PCC04U05:755388:756230 [2] NCCL INFO Channel 02/0 : 6[2] -> 2[2] [receive] via NET/IB/1/GDRDMA
MOC-R4PCC04U05:755388:756230 [2] NCCL INFO GPU Direct RDMA Enabled for GPU 2 / HCA 1 (distance 5 <= 5), read 0 mode Default
MOC-R4PCC04U05:755388:755530 [2] NCCL INFO New proxy recv connection 25 from local rank 2, transport 2
MOC-R4PCC04U05:755388:756230 [2] NCCL INFO Connected to proxy localRank 2 -> connection 0x7f3a20005ae8
MOC-R4PCC04U05:755388:756230 [2] NCCL INFO Channel 03/0 : 6[2] -> 2[2] [receive] via NET/IB/1/GDRDMA
MOC-R4PCC04U05:755388:755530 [2] NCCL INFO New proxy recv connection 26 from local rank 2, transport 0
MOC-R4PCC04U05:755388:756230 [2] NCCL INFO Connected to proxy localRank 2 -> connection 0x7f3a20005b60
MOC-R4PCC04U05:755389:755529 [3] NCCL INFO New proxy send connection 15 from local rank 3, transport 0
MOC-R4PCC04U05:755389:756231 [3] NCCL INFO Connected to proxy localRank 3 -> connection 0x7f42a4005638
MOC-R4PCC04U05:755388:755530 [2] NCCL INFO New proxy recv connection 27 from local rank 2, transport 0
MOC-R4PCC04U05:755388:756230 [2] NCCL INFO Connected to proxy localRank 2 -> connection 0x7f3a20005bd8
MOC-R4PCC04U05:755389:755529 [3] NCCL INFO New proxy send connection 16 from local rank 3, transport 0
MOC-R4PCC04U05:755389:756231 [3] NCCL INFO Connected to proxy localRank 3 -> connection 0x7f42a40056b0
MOC-R4PCC04U05:755388:755530 [2] NCCL INFO New proxy recv connection 28 from local rank 2, transport 0
MOC-R4PCC04U05:755388:756230 [2] NCCL INFO Connected to proxy localRank 2 -> connection 0x7f3a20005c50
MOC-R4PCC04U05:755388:755530 [2] NCCL INFO New proxy recv connection 29 from local rank 2, transport 0
MOC-R4PCC04U05:755388:756230 [2] NCCL INFO Connected to proxy localRank 2 -> connection 0x7f3a20005cc8
MOC-R4PCC04U05:755389:755529 [3] NCCL INFO New proxy send connection 17 from local rank 2, transport 0
MOC-R4PCC04U05:755388:756230 [2] NCCL INFO Connected to proxy localRank 3 -> connection 0x7f42a4005728
MOC-R4PCC04U05:755388:755530 [2] NCCL INFO NET/IB: NCCL Dev 1 IbDev 0 Port 1 qpn 12494 mtu 3 query_ece={supported=1, vendor_id=0x15b3, options=0x30000002, comp_mask=0x0} GID 3 (0/C132A8C0FFFF0000) fifoRkey=0x17bf7e fifoLkey=0x17bf7e
MOC-R4PCC04U05:755388:755530 [2] NCCL INFO NET/IB: NCCL Dev 1 IbDev 0 Port 1 qpn 12495 mtu 3 query_ece={supported=1, vendor_id=0x15b3, options=0x30000002, comp_mask=0x0} GID 3 (0/C132A8C0FFFF0000) fifoRkey=0x17cb8a fifoLkey=0x17cb8a
MOC-R4PCC04U05:755388:755530 [2] NCCL INFO NET/IB: NCCL Dev 1 IbDev 0 Port 1 qpn 12496 mtu 3 query_ece={supported=1, vendor_id=0x15b3, options=0x30000002, comp_mask=0x0} GID 3 (0/C132A8C0FFFF0000) fifoRkey=0x170bca fifoLkey=0x170bca
MOC-R4PCC04U05:755388:755530 [2] NCCL INFO NET/IB: IbDev 0 Port 1 qpn 13241 set_ece={supported=1, vendor_id=0x15b3, options=0x0, comp_mask=0x0}
MOC-R4PCC04U05:755388:755530 [2] NCCL INFO NET/IB: IbDev 0 Port 1 qpn 13244 set_ece={supported=1, vendor_id=0x15b3, options=0x0, comp_mask=0x0}
MOC-R4PCC04U05:755388:755530 [2] NCCL INFO NET/IB: NCCL Dev 1 IbDev 0 Port 1 qpn 12501 mtu 3 query_ece={supported=1, vendor_id=0x15b3, options=0x30000002, comp_mask=0x0} GID 3 (0/C132A8C0FFFF0000) fifoRkey=0x179857 fifoLkey=0x179857
MOC-R4PCC04U05:755388:755530 [2] NCCL INFO NET/IB: IbDev 0 Port 1 qpn 10695 set_ece={supported=1, vendor_id=0x15b3, options=0x0, comp_mask=0x0}
MOC-R4PCC04U05:755388:755530 [2] NCCL INFO NET/IB: IbDev 0 Port 1 qpn 10698 set_ece={supported=1, vendor_id=0x15b3, options=0x0, comp_mask=0x0}
step    1/10 | train loss 11.010080 | norm 15.3560 | lr 1.00e-04 | (14582.13 ms | 287633 tok/s)
step    2/10 | train loss 10.138498 | norm 5.7510 | lr 1.00e-04 | (673.26 ms | 6229797 tok/s)
step    3/10 | train loss 9.798908 | norm 2.6008 | lr 1.00e-04 | (672.48 ms | 6237103 tok/s)
step    4/10 | train loss 9.629972 | norm 2.1074 | lr 1.00e-04 | (671.60 ms | 6245280 tok/s)
step    5/10 | train loss 9.547400 | norm 2.1023 | lr 1.00e-04 | (674.58 ms | 6217630 tok/s)
step    6/10 | train loss 9.467027 | norm 1.9934 | lr 1.00e-04 | (670.77 ms | 6253005 tok/s)
step    7/10 | train loss 9.382397 | norm 1.9432 | lr 1.00e-04 | (672.33 ms | 6238448 tok/s)
step    8/10 | train loss 9.291879 | norm 1.9119 | lr 1.00e-04 | (669.86 ms | 6261431 tok/s)
step    9/10 | train loss 9.197287 | norm 1.8625 | lr 1.00e-04 | (670.82 ms | 6252478 tok/s)
step   10/10 | train loss 9.110224 | norm 1.7873 | lr 1.00e-04 | (670.49 ms | 6255576 tok/s)
final 9 iters avg: 671.799ms
peak memory consumption: 16601 MiB
