Running pytorch 2.7.0+cu126
using device: cuda:0
total desired batch size: 2621440
=> calculated gradient accumulation steps: 10
using device: cuda:2
using device: cuda:3
using device: cuda:1
compiling the model...
DataLoader: total number of tokens: 1,661,249,667 across 103 files
MOC-R4PCC04U05:439480:439480 [0] NCCL INFO NCCL_SOCKET_IFNAME set to eno7np0
MOC-R4PCC04U05:439480:439480 [0] NCCL INFO NCCL version 2.26.2+cuda12.2
MOC-R4PCC04U05:439483:439483 [3] NCCL INFO NCCL_SOCKET_IFNAME set to eno7np0
MOC-R4PCC04U05:439483:439483 [3] NCCL INFO NCCL version 2.26.2+cuda12.2
MOC-R4PCC04U05:439481:439481 [1] NCCL INFO NCCL_SOCKET_IFNAME set to eno7np0
MOC-R4PCC04U05:439481:439481 [1] NCCL INFO NCCL version 2.26.2+cuda12.2
MOC-R4PCC04U05:439480:439521 [0] NCCL INFO NET/Plugin: Could not find: libnccl-net.so. Using internal net plugin.
MOC-R4PCC04U05:439480:439521 [0] NCCL INFO NCCL_IB_HCA set to mlx5_5
MOC-R4PCC04U05:439480:439521 [0] NCCL INFO NET/IB : Made virtual device [0] name=mlx5_5 speed=400000 ndevs=1
MOC-R4PCC04U05:439480:439521 [0] NCCL INFO NET/IB : Using [0]mlx5_5:1/RoCE [RO]; OOB eno7np0:192.168.50.193<0>
MOC-R4PCC04U05:439482:439482 [2] NCCL INFO NCCL_SOCKET_IFNAME set to eno7np0
MOC-R4PCC04U05:439482:439482 [2] NCCL INFO NCCL version 2.26.2+cuda12.2
MOC-R4PCC04U05:439483:439522 [3] NCCL INFO NET/Plugin: Could not find: libnccl-net.so. Using internal net plugin.
MOC-R4PCC04U05:439483:439522 [3] NCCL INFO NCCL_IB_HCA set to mlx5_5
MOC-R4PCC04U05:439481:439523 [1] NCCL INFO NET/Plugin: Could not find: libnccl-net.so. Using internal net plugin.
MOC-R4PCC04U05:439481:439523 [1] NCCL INFO NCCL_IB_HCA set to mlx5_5
MOC-R4PCC04U05:439483:439522 [3] NCCL INFO NET/IB : Made virtual device [0] name=mlx5_5 speed=400000 ndevs=1
MOC-R4PCC04U05:439483:439522 [3] NCCL INFO NET/IB : Using [0]mlx5_5:1/RoCE [RO]; OOB eno7np0:192.168.50.193<0>
MOC-R4PCC04U05:439481:439523 [1] NCCL INFO NET/IB : Made virtual device [0] name=mlx5_5 speed=400000 ndevs=1
MOC-R4PCC04U05:439481:439523 [1] NCCL INFO NET/IB : Using [0]mlx5_5:1/RoCE [RO]; OOB eno7np0:192.168.50.193<0>
MOC-R4PCC04U05:439482:439525 [2] NCCL INFO NET/Plugin: Could not find: libnccl-net.so. Using internal net plugin.
MOC-R4PCC04U05:439482:439525 [2] NCCL INFO NCCL_IB_HCA set to mlx5_5
MOC-R4PCC04U05:439482:439525 [2] NCCL INFO NET/IB : Made virtual device [0] name=mlx5_5 speed=400000 ndevs=1
MOC-R4PCC04U05:439482:439525 [2] NCCL INFO NET/IB : Using [0]mlx5_5:1/RoCE [RO]; OOB eno7np0:192.168.50.193<0>
MOC-R4PCC04U05:439480:439521 [0] NCCL INFO NET/IB : GPU Direct RDMA Enabled for HCA 0 'mlx5_5'
MOC-R4PCC04U05:439480:439521 [0] NCCL INFO NET/IB : Made virtual device [1] name=mlx5_5 speed=400000 ndevs=1
MOC-R4PCC04U05:439480:439521 [0] NCCL INFO NET/IB : GPU Direct RDMA Enabled for HCA 0 'mlx5_5'
MOC-R4PCC04U05:439480:439521 [0] NCCL INFO NET/IB : GPU Direct RDMA Enabled for HCA 1 'mlx5_5'
MOC-R4PCC04U05:439483:439522 [3] NCCL INFO NET/IB : GPU Direct RDMA Enabled for HCA 0 'mlx5_5'
MOC-R4PCC04U05:439483:439522 [3] NCCL INFO NET/IB : Made virtual device [1] name=mlx5_5 speed=400000 ndevs=1
MOC-R4PCC04U05:439483:439522 [3] NCCL INFO NET/IB : GPU Direct RDMA Enabled for HCA 0 'mlx5_5'
MOC-R4PCC04U05:439483:439522 [3] NCCL INFO NET/IB : GPU Direct RDMA Enabled for HCA 1 'mlx5_5'
MOC-R4PCC04U05:439481:439523 [1] NCCL INFO NET/IB : GPU Direct RDMA Enabled for HCA 0 'mlx5_5'
MOC-R4PCC04U05:439481:439523 [1] NCCL INFO NET/IB : Made virtual device [1] name=mlx5_5 speed=400000 ndevs=1
MOC-R4PCC04U05:439481:439523 [1] NCCL INFO NET/IB : GPU Direct RDMA Enabled for HCA 0 'mlx5_5'
MOC-R4PCC04U05:439481:439523 [1] NCCL INFO NET/IB : GPU Direct RDMA Enabled for HCA 1 'mlx5_5'
MOC-R4PCC04U05:439482:439525 [2] NCCL INFO NET/IB : GPU Direct RDMA Enabled for HCA 0 'mlx5_5'
MOC-R4PCC04U05:439482:439525 [2] NCCL INFO NET/IB : Made virtual device [1] name=mlx5_5 speed=400000 ndevs=1
MOC-R4PCC04U05:439482:439525 [2] NCCL INFO NET/IB : GPU Direct RDMA Enabled for HCA 0 'mlx5_5'
MOC-R4PCC04U05:439482:439525 [2] NCCL INFO NET/IB : GPU Direct RDMA Enabled for HCA 1 'mlx5_5'
MOC-R4PCC04U05:439480:439521 [0] NCCL INFO GPU Direct RDMA Enabled for GPU 0 / HCA 1 (distance 5 <= 5), read 0 mode Default
MOC-R4PCC04U05:439480:439521 [0] NCCL INFO GPU Direct RDMA Enabled for GPU 1 / HCA 1 (distance 5 <= 5), read 0 mode Default
MOC-R4PCC04U05:439480:439521 [0] NCCL INFO GPU Direct RDMA Enabled for GPU 2 / HCA 1 (distance 5 <= 5), read 0 mode Default
MOC-R4PCC04U05:439480:439521 [0] NCCL INFO GPU Direct RDMA Enabled for GPU 3 / HCA 1 (distance 5 <= 5), read 0 mode Default
MOC-R4PCC04U05:439480:439521 [0] NCCL INFO GPU Direct RDMA Enabled for GPU 0 / HCA 1 (distance 5 <= 5), read 0 mode Default
MOC-R4PCC04U05:439480:439521 [0] NCCL INFO GPU Direct RDMA Enabled for GPU 1 / HCA 1 (distance 5 <= 5), read 0 mode Default
MOC-R4PCC04U05:439481:439523 [1] NCCL INFO GPU Direct RDMA Enabled for GPU 0 / HCA 1 (distance 5 <= 5), read 0 mode Default
MOC-R4PCC04U05:439480:439521 [0] NCCL INFO GPU Direct RDMA Enabled for GPU 2 / HCA 1 (distance 5 <= 5), read 0 mode Default
MOC-R4PCC04U05:439481:439523 [1] NCCL INFO GPU Direct RDMA Enabled for GPU 1 / HCA 1 (distance 5 <= 5), read 0 mode Default
MOC-R4PCC04U05:439480:439521 [0] NCCL INFO GPU Direct RDMA Enabled for GPU 3 / HCA 1 (distance 5 <= 5), read 0 mode Default
MOC-R4PCC04U05:439481:439523 [1] NCCL INFO GPU Direct RDMA Enabled for GPU 2 / HCA 1 (distance 5 <= 5), read 0 mode Default
MOC-R4PCC04U05:439481:439523 [1] NCCL INFO GPU Direct RDMA Enabled for GPU 3 / HCA 1 (distance 5 <= 5), read 0 mode Default
MOC-R4PCC04U05:439481:439523 [1] NCCL INFO GPU Direct RDMA Enabled for GPU 0 / HCA 1 (distance 5 <= 5), read 0 mode Default
MOC-R4PCC04U05:439481:439523 [1] NCCL INFO GPU Direct RDMA Enabled for GPU 1 / HCA 1 (distance 5 <= 5), read 0 mode Default
MOC-R4PCC04U05:439481:439523 [1] NCCL INFO GPU Direct RDMA Enabled for GPU 2 / HCA 1 (distance 5 <= 5), read 0 mode Default
MOC-R4PCC04U05:439481:439523 [1] NCCL INFO GPU Direct RDMA Enabled for GPU 3 / HCA 1 (distance 5 <= 5), read 0 mode Default
MOC-R4PCC04U05:439483:439522 [3] NCCL INFO GPU Direct RDMA Enabled for GPU 0 / HCA 1 (distance 5 <= 5), read 0 mode Default
MOC-R4PCC04U05:439483:439522 [3] NCCL INFO GPU Direct RDMA Enabled for GPU 1 / HCA 1 (distance 5 <= 5), read 0 mode Default
MOC-R4PCC04U05:439483:439522 [3] NCCL INFO GPU Direct RDMA Enabled for GPU 2 / HCA 1 (distance 5 <= 5), read 0 mode Default
MOC-R4PCC04U05:439483:439522 [3] NCCL INFO GPU Direct RDMA Enabled for GPU 3 / HCA 1 (distance 5 <= 5), read 0 mode Default
MOC-R4PCC04U05:439483:439522 [3] NCCL INFO GPU Direct RDMA Enabled for GPU 0 / HCA 1 (distance 5 <= 5), read 0 mode Default
MOC-R4PCC04U05:439483:439522 [3] NCCL INFO GPU Direct RDMA Enabled for GPU 1 / HCA 1 (distance 5 <= 5), read 0 mode Default
MOC-R4PCC04U05:439483:439522 [3] NCCL INFO GPU Direct RDMA Enabled for GPU 2 / HCA 1 (distance 5 <= 5), read 0 mode Default
MOC-R4PCC04U05:439483:439522 [3] NCCL INFO GPU Direct RDMA Enabled for GPU 3 / HCA 1 (distance 5 <= 5), read 0 mode Default
MOC-R4PCC04U05:439482:439525 [2] NCCL INFO GPU Direct RDMA Enabled for GPU 0 / HCA 1 (distance 5 <= 5), read 0 mode Default
MOC-R4PCC04U05:439482:439525 [2] NCCL INFO GPU Direct RDMA Enabled for GPU 1 / HCA 1 (distance 5 <= 5), read 0 mode Default
MOC-R4PCC04U05:439482:439525 [2] NCCL INFO GPU Direct RDMA Enabled for GPU 2 / HCA 1 (distance 5 <= 5), read 0 mode Default
MOC-R4PCC04U05:439482:439525 [2] NCCL INFO GPU Direct RDMA Enabled for GPU 3 / HCA 1 (distance 5 <= 5), read 0 mode Default
MOC-R4PCC04U05:439482:439525 [2] NCCL INFO GPU Direct RDMA Enabled for GPU 0 / HCA 1 (distance 5 <= 5), read 0 mode Default
MOC-R4PCC04U05:439482:439525 [2] NCCL INFO GPU Direct RDMA Enabled for GPU 1 / HCA 1 (distance 5 <= 5), read 0 mode Default
MOC-R4PCC04U05:439482:439525 [2] NCCL INFO GPU Direct RDMA Enabled for GPU 2 / HCA 1 (distance 5 <= 5), read 0 mode Default
MOC-R4PCC04U05:439482:439525 [2] NCCL INFO GPU Direct RDMA Enabled for GPU 3 / HCA 1 (distance 5 <= 5), read 0 mode Default
MOC-R4PCC04U05:439481:439538 [1] NCCL INFO New proxy recv connection 0 from local rank 1, transport 0
MOC-R4PCC04U05:439481:439545 [1] NCCL INFO Connected to proxy localRank 1 -> connection 0x7fc1e4004f30
MOC-R4PCC04U05:439480:439539 [0] NCCL INFO New proxy send connection 0 from local rank 0, transport 0
MOC-R4PCC04U05:439480:439546 [0] NCCL INFO Connected to proxy localRank 0 -> connection 0x7f0804004f30
MOC-R4PCC04U05:439482:439547 [2] NCCL INFO GPU Direct RDMA Enabled for GPU 2 / HCA 1 (distance 5 <= 5), read 0 mode Default
MOC-R4PCC04U05:439480:439539 [0] NCCL INFO New proxy send connection 1 from local rank 0, transport 0
MOC-R4PCC04U05:439480:439546 [0] NCCL INFO Connected to proxy localRank 0 -> connection 0x7f0804004fa8
MOC-R4PCC04U05:439481:439538 [1] NCCL INFO New proxy recv connection 1 from local rank 1, transport 0
MOC-R4PCC04U05:439481:439545 [1] NCCL INFO Connected to proxy localRank 1 -> connection 0x7fc1e4004fa8
MOC-R4PCC04U05:439480:439539 [0] NCCL INFO New proxy send connection 2 from local rank 0, transport 0
MOC-R4PCC04U05:439480:439546 [0] NCCL INFO Connected to proxy localRank 0 -> connection 0x7f0804005020
MOC-R4PCC04U05:439480:439539 [0] NCCL INFO New proxy send connection 3 from local rank 0, transport 0
MOC-R4PCC04U05:439480:439546 [0] NCCL INFO Connected to proxy localRank 0 -> connection 0x7f0804005098
MOC-R4PCC04U05:439483:439537 [3] NCCL INFO New proxy recv connection 0 from local rank 3, transport 0
MOC-R4PCC04U05:439483:439548 [3] NCCL INFO Connected to proxy localRank 3 -> connection 0x7f9588004f30
MOC-R4PCC04U05:439482:439540 [2] NCCL INFO New proxy recv connection 0 from local rank 2, transport 2
MOC-R4PCC04U05:439482:439547 [2] NCCL INFO Connected to proxy localRank 2 -> connection 0x7f5ef0004f30
MOC-R4PCC04U05:439482:439547 [2] NCCL INFO Channel 00/0 : 7[3] -> 2[2] [receive] via NET/IB/1/GDRDMA
MOC-R4PCC04U05:439482:439547 [2] NCCL INFO GPU Direct RDMA Enabled for GPU 2 / HCA 1 (distance 5 <= 5), read 0 mode Default
MOC-R4PCC04U05:439482:439540 [2] NCCL INFO New proxy recv connection 1 from local rank 2, transport 2
MOC-R4PCC04U05:439482:439547 [2] NCCL INFO Connected to proxy localRank 2 -> connection 0x7f5ef0004fa8
MOC-R4PCC04U05:439482:439547 [2] NCCL INFO Channel 01/0 : 7[3] -> 2[2] [receive] via NET/IB/1/GDRDMA
MOC-R4PCC04U05:439482:439547 [2] NCCL INFO GPU Direct RDMA Enabled for GPU 2 / HCA 1 (distance 5 <= 5), read 0 mode Default
MOC-R4PCC04U05:439482:439540 [2] NCCL INFO New proxy recv connection 2 from local rank 2, transport 2
MOC-R4PCC04U05:439482:439547 [2] NCCL INFO Connected to proxy localRank 2 -> connection 0x7f5ef0005020
MOC-R4PCC04U05:439482:439547 [2] NCCL INFO Channel 02/0 : 7[3] -> 2[2] [receive] via NET/IB/1/GDRDMA
MOC-R4PCC04U05:439482:439547 [2] NCCL INFO GPU Direct RDMA Enabled for GPU 2 / HCA 1 (distance 5 <= 5), read 0 mode Default
MOC-R4PCC04U05:439482:439540 [2] NCCL INFO New proxy recv connection 3 from local rank 2, transport 2
MOC-R4PCC04U05:439482:439547 [2] NCCL INFO Connected to proxy localRank 2 -> connection 0x7f5ef0005098
MOC-R4PCC04U05:439482:439547 [2] NCCL INFO Channel 03/0 : 7[3] -> 2[2] [receive] via NET/IB/1/GDRDMA
MOC-R4PCC04U05:439482:439540 [2] NCCL INFO New proxy send connection 4 from local rank 2, transport 0
MOC-R4PCC04U05:439482:439547 [2] NCCL INFO Connected to proxy localRank 2 -> connection 0x7f5ef0005110
MOC-R4PCC04U05:439481:439538 [1] NCCL INFO New proxy recv connection 2 from local rank 1, transport 0
MOC-R4PCC04U05:439481:439545 [1] NCCL INFO Connected to proxy localRank 1 -> connection 0x7fc1e4005020
MOC-R4PCC04U05:439483:439537 [3] NCCL INFO New proxy recv connection 1 from local rank 3, transport 0
MOC-R4PCC04U05:439483:439548 [3] NCCL INFO Connected to proxy localRank 3 -> connection 0x7f9588004fa8
MOC-R4PCC04U05:439482:439540 [2] NCCL INFO New proxy send connection 5 from local rank 2, transport 0
MOC-R4PCC04U05:439482:439547 [2] NCCL INFO Connected to proxy localRank 2 -> connection 0x7f5ef0005188
MOC-R4PCC04U05:439483:439537 [3] NCCL INFO New proxy recv connection 2 from local rank 3, transport 0
MOC-R4PCC04U05:439482:439540 [2] NCCL INFO New proxy send connection 6 from local rank 2, transport 0
MOC-R4PCC04U05:439483:439548 [3] NCCL INFO Connected to proxy localRank 3 -> connection 0x7f9588005020
MOC-R4PCC04U05:439482:439547 [2] NCCL INFO Connected to proxy localRank 2 -> connection 0x7f5ef0005200
MOC-R4PCC04U05:439481:439538 [1] NCCL INFO New proxy recv connection 3 from local rank 1, transport 0
MOC-R4PCC04U05:439481:439545 [1] NCCL INFO Connected to proxy localRank 1 -> connection 0x7fc1e4005098
MOC-R4PCC04U05:439483:439537 [3] NCCL INFO New proxy recv connection 3 from local rank 3, transport 0
MOC-R4PCC04U05:439483:439548 [3] NCCL INFO Connected to proxy localRank 3 -> connection 0x7f9588005098
MOC-R4PCC04U05:439482:439540 [2] NCCL INFO New proxy send connection 7 from local rank 2, transport 0
MOC-R4PCC04U05:439482:439547 [2] NCCL INFO Connected to proxy localRank 2 -> connection 0x7f5ef0005278
MOC-R4PCC04U05:439481:439538 [1] NCCL INFO New proxy send connection 4 from local rank 1, transport 0
MOC-R4PCC04U05:439481:439545 [1] NCCL INFO Connected to proxy localRank 1 -> connection 0x7fc1e4005110
MOC-R4PCC04U05:439483:439548 [3] NCCL INFO GPU Direct RDMA Enabled for GPU 3 / HCA 1 (distance 5 <= 5), read 1 mode Default
MOC-R4PCC04U05:439482:439540 [2] NCCL INFO New proxy send connection 8 from local rank 3, transport 2
MOC-R4PCC04U05:439483:439548 [3] NCCL INFO Connected to proxy localRank 2 -> connection 0x7f5ef00052f0
MOC-R4PCC04U05:439483:439548 [3] NCCL INFO Channel 00/0 : 3[3] -> 6[2] [send] via NET/IB/1(2)/GDRDMA
MOC-R4PCC04U05:439483:439548 [3] NCCL INFO GPU Direct RDMA Enabled for GPU 3 / HCA 1 (distance 5 <= 5), read 1 mode Default
MOC-R4PCC04U05:439482:439540 [2] NCCL INFO New proxy send connection 9 from local rank 3, transport 2
MOC-R4PCC04U05:439483:439548 [3] NCCL INFO Connected to proxy localRank 2 -> connection 0x7f5ef0005368
MOC-R4PCC04U05:439483:439548 [3] NCCL INFO Channel 01/0 : 3[3] -> 6[2] [send] via NET/IB/1(2)/GDRDMA
MOC-R4PCC04U05:439483:439548 [3] NCCL INFO GPU Direct RDMA Enabled for GPU 3 / HCA 1 (distance 5 <= 5), read 1 mode Default
MOC-R4PCC04U05:439482:439540 [2] NCCL INFO New proxy send connection 10 from local rank 3, transport 2
MOC-R4PCC04U05:439483:439548 [3] NCCL INFO Connected to proxy localRank 2 -> connection 0x7f5ef00053e0
MOC-R4PCC04U05:439483:439548 [3] NCCL INFO Channel 02/0 : 3[3] -> 6[2] [send] via NET/IB/1(2)/GDRDMA
MOC-R4PCC04U05:439483:439548 [3] NCCL INFO GPU Direct RDMA Enabled for GPU 3 / HCA 1 (distance 5 <= 5), read 1 mode Default
MOC-R4PCC04U05:439482:439540 [2] NCCL INFO New proxy send connection 11 from local rank 3, transport 2
MOC-R4PCC04U05:439483:439548 [3] NCCL INFO Connected to proxy localRank 2 -> connection 0x7f5ef0005458
MOC-R4PCC04U05:439483:439548 [3] NCCL INFO Channel 03/0 : 3[3] -> 6[2] [send] via NET/IB/1(2)/GDRDMA
MOC-R4PCC04U05:439480:439539 [0] NCCL INFO New proxy send connection 4 from local rank 3, transport 0
MOC-R4PCC04U05:439483:439548 [3] NCCL INFO Connected to proxy localRank 0 -> connection 0x7f0804005110
MOC-R4PCC04U05:439480:439539 [0] NCCL INFO New proxy recv connection 5 from local rank 0, transport 0
MOC-R4PCC04U05:439480:439546 [0] NCCL INFO Connected to proxy localRank 0 -> connection 0x7f0804005188
MOC-R4PCC04U05:439480:439539 [0] NCCL INFO New proxy recv connection 6 from local rank 0, transport 0
MOC-R4PCC04U05:439480:439546 [0] NCCL INFO Connected to proxy localRank 0 -> connection 0x7f0804005200
MOC-R4PCC04U05:439481:439538 [1] NCCL INFO New proxy send connection 5 from local rank 1, transport 0
MOC-R4PCC04U05:439481:439545 [1] NCCL INFO Connected to proxy localRank 1 -> connection 0x7fc1e4005188
MOC-R4PCC04U05:439480:439539 [0] NCCL INFO New proxy recv connection 7 from local rank 0, transport 0
MOC-R4PCC04U05:439480:439546 [0] NCCL INFO Connected to proxy localRank 0 -> connection 0x7f0804005278
MOC-R4PCC04U05:439481:439538 [1] NCCL INFO New proxy send connection 6 from local rank 1, transport 0
MOC-R4PCC04U05:439481:439545 [1] NCCL INFO Connected to proxy localRank 1 -> connection 0x7fc1e4005200
MOC-R4PCC04U05:439480:439539 [0] NCCL INFO New proxy recv connection 8 from local rank 0, transport 0
MOC-R4PCC04U05:439480:439546 [0] NCCL INFO Connected to proxy localRank 0 -> connection 0x7f08040052f0
MOC-R4PCC04U05:439481:439538 [1] NCCL INFO New proxy send connection 7 from local rank 1, transport 0
MOC-R4PCC04U05:439481:439545 [1] NCCL INFO Connected to proxy localRank 1 -> connection 0x7fc1e4005278
MOC-R4PCC04U05:439483:439537 [3] NCCL INFO New proxy send connection 4 from local rank 0, transport 0
MOC-R4PCC04U05:439480:439539 [0] NCCL INFO New proxy send connection 9 from local rank 1, transport 0
MOC-R4PCC04U05:439480:439546 [0] NCCL INFO Connected to proxy localRank 3 -> connection 0x7f9588005110
MOC-R4PCC04U05:439481:439538 [1] NCCL INFO New proxy send connection 8 from local rank 2, transport 0
MOC-R4PCC04U05:439481:439545 [1] NCCL INFO Connected to proxy localRank 0 -> connection 0x7f0804005368
MOC-R4PCC04U05:439482:439547 [2] NCCL INFO Connected to proxy localRank 1 -> connection 0x7fc1e40052f0
MOC-R4PCC04U05:439482:439540 [2] NCCL INFO New proxy send connection 12 from local rank 1, transport 0
MOC-R4PCC04U05:439481:439545 [1] NCCL INFO Connected to proxy localRank 2 -> connection 0x7f5ef00054d0
MOC-R4PCC04U05:439481:439538 [1] NCCL INFO New proxy send connection 9 from local rank 0, transport 0
MOC-R4PCC04U05:439480:439546 [0] NCCL INFO Connected to proxy localRank 1 -> connection 0x7fc1e4005368
MOC-R4PCC04U05:439482:439540 [2] NCCL INFO NET/IB: NCCL Dev 1 IbDev 0 Port 1 qpn 6526 mtu 3 query_ece={supported=1, vendor_id=0x15b3, options=0x30000002, comp_mask=0x0} GID 3 (0/C132A8C0FFFF0000) fifoRkey=0x17bf7e fifoLkey=0x17bf7e
MOC-R4PCC04U05:439482:439540 [2] NCCL INFO NET/IB: NCCL Dev 1 IbDev 0 Port 1 qpn 6527 mtu 3 query_ece={supported=1, vendor_id=0x15b3, options=0x30000002, comp_mask=0x0} GID 3 (0/C132A8C0FFFF0000) fifoRkey=0x172eed fifoLkey=0x172eed
MOC-R4PCC04U05:439482:439540 [2] NCCL INFO NET/IB: NCCL Dev 1 IbDev 0 Port 1 qpn 6528 mtu 3 query_ece={supported=1, vendor_id=0x15b3, options=0x30000002, comp_mask=0x0} GID 3 (0/C132A8C0FFFF0000) fifoRkey=0x170bca fifoLkey=0x170bca
MOC-R4PCC04U05:439482:439540 [2] NCCL INFO NET/IB: NCCL Dev 1 IbDev 0 Port 1 qpn 6529 mtu 3 query_ece={supported=1, vendor_id=0x15b3, options=0x30000002, comp_mask=0x0} GID 3 (0/C132A8C0FFFF0000) fifoRkey=0x178443 fifoLkey=0x178443
MOC-R4PCC04U05:439482:439540 [2] NCCL INFO NET/IB: IbDev 0 Port 1 qpn 6762 set_ece={supported=1, vendor_id=0x15b3, options=0x0, comp_mask=0x0}
MOC-R4PCC04U05:439482:439540 [2] NCCL INFO NET/IB: IbDev 0 Port 1 qpn 6764 set_ece={supported=1, vendor_id=0x15b3, options=0x0, comp_mask=0x0}
MOC-R4PCC04U05:439482:439540 [2] NCCL INFO NET/IB: IbDev 0 Port 1 qpn 6766 set_ece={supported=1, vendor_id=0x15b3, options=0x0, comp_mask=0x0}
MOC-R4PCC04U05:439482:439540 [2] NCCL INFO NET/IB: IbDev 0 Port 1 qpn 6768 set_ece={supported=1, vendor_id=0x15b3, options=0x0, comp_mask=0x0}
MOC-R4PCC04U05:439482:439540 [2] NCCL INFO New proxy send connection 13 from local rank 3, transport 0
MOC-R4PCC04U05:439483:439548 [3] NCCL INFO Connected to proxy localRank 2 -> connection 0x7f5ef0005548
num decayed parameter tensors: 50, with 124,318,464 parameters
num non-decayed parameter tensors: 98, with 121,344 parameters
using fused AdamW: False
using regular AdamW
MOC-R4PCC04U05:439483:439537 [3] NCCL INFO New proxy recv connection 5 from local rank 3, transport 0
MOC-R4PCC04U05:439483:440238 [3] NCCL INFO Connected to proxy localRank 3 -> connection 0x7f9588005188
MOC-R4PCC04U05:439483:439537 [3] NCCL INFO New proxy recv connection 6 from local rank 3, transport 0
MOC-R4PCC04U05:439483:440238 [3] NCCL INFO Connected to proxy localRank 3 -> connection 0x7f9588005200
MOC-R4PCC04U05:439483:439537 [3] NCCL INFO New proxy recv connection 7 from local rank 3, transport 0
MOC-R4PCC04U05:439483:440238 [3] NCCL INFO Connected to proxy localRank 3 -> connection 0x7f9588005278
MOC-R4PCC04U05:439483:439537 [3] NCCL INFO New proxy recv connection 8 from local rank 3, transport 0
MOC-R4PCC04U05:439483:440238 [3] NCCL INFO Connected to proxy localRank 3 -> connection 0x7f95880052f0
MOC-R4PCC04U05:439482:439540 [2] NCCL INFO New proxy send connection 14 from local rank 2, transport 0
MOC-R4PCC04U05:439482:440239 [2] NCCL INFO Connected to proxy localRank 2 -> connection 0x7f5ef00055c0
MOC-R4PCC04U05:439482:439540 [2] NCCL INFO New proxy send connection 15 from local rank 2, transport 0
MOC-R4PCC04U05:439482:440239 [2] NCCL INFO Connected to proxy localRank 2 -> connection 0x7f5ef0005638
MOC-R4PCC04U05:439482:439540 [2] NCCL INFO New proxy send connection 16 from local rank 2, transport 0
MOC-R4PCC04U05:439482:440239 [2] NCCL INFO Connected to proxy localRank 2 -> connection 0x7f5ef00056b0
MOC-R4PCC04U05:439482:439540 [2] NCCL INFO New proxy send connection 17 from local rank 2, transport 0
MOC-R4PCC04U05:439482:440239 [2] NCCL INFO Connected to proxy localRank 2 -> connection 0x7f5ef0005728
MOC-R4PCC04U05:439482:440239 [2] NCCL INFO GPU Direct RDMA Enabled for GPU 2 / HCA 1 (distance 5 <= 5), read 0 mode Default
MOC-R4PCC04U05:439482:439540 [2] NCCL INFO New proxy recv connection 18 from local rank 2, transport 2
MOC-R4PCC04U05:439482:440239 [2] NCCL INFO Connected to proxy localRank 2 -> connection 0x7f5ef00057a0
MOC-R4PCC04U05:439483:439537 [3] NCCL INFO New proxy send connection 9 from local rank 3, transport 0
MOC-R4PCC04U05:439482:440239 [2] NCCL INFO Channel 00/0 : 6[2] -> 2[2] [receive] via NET/IB/1/GDRDMA
MOC-R4PCC04U05:439482:440239 [2] NCCL INFO GPU Direct RDMA Enabled for GPU 2 / HCA 1 (distance 5 <= 5), read 0 mode Default
MOC-R4PCC04U05:439483:440238 [3] NCCL INFO Connected to proxy localRank 3 -> connection 0x7f9588005368
MOC-R4PCC04U05:439482:439540 [2] NCCL INFO New proxy recv connection 19 from local rank 2, transport 2
MOC-R4PCC04U05:439482:440239 [2] NCCL INFO Connected to proxy localRank 2 -> connection 0x7f5ef0005818
MOC-R4PCC04U05:439482:440239 [2] NCCL INFO Channel 01/0 : 6[2] -> 2[2] [receive] via NET/IB/1/GDRDMA
MOC-R4PCC04U05:439482:440239 [2] NCCL INFO GPU Direct RDMA Enabled for GPU 2 / HCA 1 (distance 5 <= 5), read 0 mode Default
MOC-R4PCC04U05:439482:439540 [2] NCCL INFO New proxy recv connection 20 from local rank 2, transport 2
MOC-R4PCC04U05:439482:440239 [2] NCCL INFO Connected to proxy localRank 2 -> connection 0x7f5ef0005890
MOC-R4PCC04U05:439482:440239 [2] NCCL INFO Channel 02/0 : 6[2] -> 2[2] [receive] via NET/IB/1/GDRDMA
MOC-R4PCC04U05:439482:440239 [2] NCCL INFO GPU Direct RDMA Enabled for GPU 2 / HCA 1 (distance 5 <= 5), read 0 mode Default
MOC-R4PCC04U05:439482:439540 [2] NCCL INFO New proxy recv connection 21 from local rank 2, transport 2
MOC-R4PCC04U05:439482:440239 [2] NCCL INFO Connected to proxy localRank 2 -> connection 0x7f5ef0005908
MOC-R4PCC04U05:439483:439537 [3] NCCL INFO New proxy send connection 10 from local rank 3, transport 0
MOC-R4PCC04U05:439482:440239 [2] NCCL INFO Channel 03/0 : 6[2] -> 2[2] [receive] via NET/IB/1/GDRDMA
MOC-R4PCC04U05:439482:440239 [2] NCCL INFO GPU Direct RDMA Enabled for GPU 2 / HCA 1 (distance 5 <= 5), read 1 mode Default
MOC-R4PCC04U05:439483:440238 [3] NCCL INFO Connected to proxy localRank 3 -> connection 0x7f95880053e0
MOC-R4PCC04U05:439482:439540 [2] NCCL INFO New proxy send connection 22 from local rank 2, transport 2
MOC-R4PCC04U05:439482:440239 [2] NCCL INFO Connected to proxy localRank 2 -> connection 0x7f5ef0005980
MOC-R4PCC04U05:439482:440239 [2] NCCL INFO Channel 00/0 : 2[2] -> 6[2] [send] via NET/IB/1/GDRDMA
MOC-R4PCC04U05:439482:440239 [2] NCCL INFO GPU Direct RDMA Enabled for GPU 2 / HCA 1 (distance 5 <= 5), read 1 mode Default
MOC-R4PCC04U05:439482:439540 [2] NCCL INFO New proxy send connection 23 from local rank 2, transport 2
MOC-R4PCC04U05:439482:440239 [2] NCCL INFO Connected to proxy localRank 2 -> connection 0x7f5ef00059f8
MOC-R4PCC04U05:439482:440239 [2] NCCL INFO Channel 01/0 : 2[2] -> 6[2] [send] via NET/IB/1/GDRDMA
MOC-R4PCC04U05:439483:439537 [3] NCCL INFO New proxy send connection 11 from local rank 3, transport 0
MOC-R4PCC04U05:439482:440239 [2] NCCL INFO GPU Direct RDMA Enabled for GPU 2 / HCA 1 (distance 5 <= 5), read 1 mode Default
MOC-R4PCC04U05:439483:440238 [3] NCCL INFO Connected to proxy localRank 3 -> connection 0x7f9588005458
MOC-R4PCC04U05:439482:439540 [2] NCCL INFO New proxy send connection 24 from local rank 2, transport 2
MOC-R4PCC04U05:439482:440239 [2] NCCL INFO Connected to proxy localRank 2 -> connection 0x7f5ef0005a70
MOC-R4PCC04U05:439482:440239 [2] NCCL INFO Channel 02/0 : 2[2] -> 6[2] [send] via NET/IB/1/GDRDMA
MOC-R4PCC04U05:439482:440239 [2] NCCL INFO GPU Direct RDMA Enabled for GPU 2 / HCA 1 (distance 5 <= 5), read 1 mode Default
MOC-R4PCC04U05:439482:439540 [2] NCCL INFO New proxy send connection 25 from local rank 2, transport 2
MOC-R4PCC04U05:439482:440239 [2] NCCL INFO Connected to proxy localRank 2 -> connection 0x7f5ef0005ae8
MOC-R4PCC04U05:439482:440239 [2] NCCL INFO Channel 03/0 : 2[2] -> 6[2] [send] via NET/IB/1/GDRDMA
MOC-R4PCC04U05:439483:439537 [3] NCCL INFO New proxy send connection 12 from local rank 3, transport 0
MOC-R4PCC04U05:439483:440238 [3] NCCL INFO Connected to proxy localRank 3 -> connection 0x7f95880054d0
MOC-R4PCC04U05:439480:439539 [0] NCCL INFO New proxy send connection 10 from local rank 0, transport 0
MOC-R4PCC04U05:439480:440240 [0] NCCL INFO Connected to proxy localRank 0 -> connection 0x7f08040053e0
MOC-R4PCC04U05:439480:439539 [0] NCCL INFO New proxy send connection 11 from local rank 0, transport 0
MOC-R4PCC04U05:439480:440240 [0] NCCL INFO Connected to proxy localRank 0 -> connection 0x7f0804005458
MOC-R4PCC04U05:439480:439539 [0] NCCL INFO New proxy send connection 12 from local rank 0, transport 0
MOC-R4PCC04U05:439480:440240 [0] NCCL INFO Connected to proxy localRank 0 -> connection 0x7f08040054d0
MOC-R4PCC04U05:439480:439539 [0] NCCL INFO New proxy send connection 13 from local rank 0, transport 0
MOC-R4PCC04U05:439480:440240 [0] NCCL INFO Connected to proxy localRank 0 -> connection 0x7f0804005548
MOC-R4PCC04U05:439482:439540 [2] NCCL INFO New proxy recv connection 26 from local rank 2, transport 0
MOC-R4PCC04U05:439482:440239 [2] NCCL INFO Connected to proxy localRank 2 -> connection 0x7f5ef0005b60
MOC-R4PCC04U05:439482:439540 [2] NCCL INFO New proxy recv connection 27 from local rank 2, transport 0
MOC-R4PCC04U05:439482:440239 [2] NCCL INFO Connected to proxy localRank 2 -> connection 0x7f5ef0005bd8
MOC-R4PCC04U05:439482:439540 [2] NCCL INFO New proxy recv connection 28 from local rank 2, transport 0
MOC-R4PCC04U05:439482:440239 [2] NCCL INFO Connected to proxy localRank 2 -> connection 0x7f5ef0005c50
MOC-R4PCC04U05:439482:439540 [2] NCCL INFO New proxy recv connection 29 from local rank 2, transport 0
MOC-R4PCC04U05:439482:440239 [2] NCCL INFO Connected to proxy localRank 2 -> connection 0x7f5ef0005cc8
MOC-R4PCC04U05:439481:439538 [1] NCCL INFO New proxy recv connection 10 from local rank 1, transport 0
MOC-R4PCC04U05:439481:440241 [1] NCCL INFO Connected to proxy localRank 1 -> connection 0x7fc1e40053e0
MOC-R4PCC04U05:439481:439538 [1] NCCL INFO New proxy recv connection 11 from local rank 1, transport 0
MOC-R4PCC04U05:439481:440241 [1] NCCL INFO Connected to proxy localRank 1 -> connection 0x7fc1e4005458
MOC-R4PCC04U05:439481:439538 [1] NCCL INFO New proxy recv connection 12 from local rank 1, transport 0
MOC-R4PCC04U05:439481:440241 [1] NCCL INFO Connected to proxy localRank 1 -> connection 0x7fc1e40054d0
MOC-R4PCC04U05:439481:439538 [1] NCCL INFO New proxy recv connection 13 from local rank 1, transport 0
MOC-R4PCC04U05:439481:440241 [1] NCCL INFO Connected to proxy localRank 1 -> connection 0x7fc1e4005548
MOC-R4PCC04U05:439480:439539 [0] NCCL INFO New proxy recv connection 14 from local rank 0, transport 0
MOC-R4PCC04U05:439480:440240 [0] NCCL INFO Connected to proxy localRank 0 -> connection 0x7f08040055c0
MOC-R4PCC04U05:439480:439539 [0] NCCL INFO New proxy recv connection 15 from local rank 0, transport 0
MOC-R4PCC04U05:439480:440240 [0] NCCL INFO Connected to proxy localRank 0 -> connection 0x7f0804005638
MOC-R4PCC04U05:439480:439539 [0] NCCL INFO New proxy recv connection 16 from local rank 0, transport 0
MOC-R4PCC04U05:439480:440240 [0] NCCL INFO Connected to proxy localRank 0 -> connection 0x7f08040056b0
MOC-R4PCC04U05:439480:439539 [0] NCCL INFO New proxy recv connection 17 from local rank 0, transport 0
MOC-R4PCC04U05:439480:440240 [0] NCCL INFO Connected to proxy localRank 0 -> connection 0x7f0804005728
MOC-R4PCC04U05:439483:439537 [3] NCCL INFO New proxy send connection 13 from local rank 3, transport 0
MOC-R4PCC04U05:439483:440238 [3] NCCL INFO Connected to proxy localRank 3 -> connection 0x7f9588005548
MOC-R4PCC04U05:439483:439537 [3] NCCL INFO New proxy send connection 14 from local rank 3, transport 0
MOC-R4PCC04U05:439483:440238 [3] NCCL INFO Connected to proxy localRank 3 -> connection 0x7f95880055c0
MOC-R4PCC04U05:439483:439537 [3] NCCL INFO New proxy send connection 15 from local rank 3, transport 0
MOC-R4PCC04U05:439483:440238 [3] NCCL INFO Connected to proxy localRank 3 -> connection 0x7f9588005638
MOC-R4PCC04U05:439483:439537 [3] NCCL INFO New proxy send connection 16 from local rank 3, transport 0
MOC-R4PCC04U05:439483:440238 [3] NCCL INFO Connected to proxy localRank 3 -> connection 0x7f95880056b0
MOC-R4PCC04U05:439483:439537 [3] NCCL INFO New proxy send connection 17 from local rank 2, transport 0
MOC-R4PCC04U05:439482:440239 [2] NCCL INFO Connected to proxy localRank 3 -> connection 0x7f9588005728
MOC-R4PCC04U05:439482:439540 [2] NCCL INFO NET/IB: NCCL Dev 1 IbDev 0 Port 1 qpn 6530 mtu 3 query_ece={supported=1, vendor_id=0x15b3, options=0x30000002, comp_mask=0x0} GID 3 (0/C132A8C0FFFF0000) fifoRkey=0x177837 fifoLkey=0x177837
MOC-R4PCC04U05:439482:439540 [2] NCCL INFO NET/IB: IbDev 0 Port 1 qpn 6771 set_ece={supported=1, vendor_id=0x15b3, options=0x0, comp_mask=0x0}
MOC-R4PCC04U05:439482:439540 [2] NCCL INFO NET/IB: NCCL Dev 1 IbDev 0 Port 1 qpn 6533 mtu 3 query_ece={supported=1, vendor_id=0x15b3, options=0x30000002, comp_mask=0x0} GID 3 (0/C132A8C0FFFF0000) fifoRkey=0x17d08f fifoLkey=0x17d08f
MOC-R4PCC04U05:439482:439540 [2] NCCL INFO NET/IB: NCCL Dev 1 IbDev 0 Port 1 qpn 6536 mtu 3 query_ece={supported=1, vendor_id=0x15b3, options=0x30000002, comp_mask=0x0} GID 3 (0/C132A8C0FFFF0000) fifoRkey=0x174705 fifoLkey=0x174705
MOC-R4PCC04U05:439482:439540 [2] NCCL INFO NET/IB: IbDev 0 Port 1 qpn 6774 set_ece={supported=1, vendor_id=0x15b3, options=0x0, comp_mask=0x0}
MOC-R4PCC04U05:439482:439540 [2] NCCL INFO NET/IB: IbDev 0 Port 1 qpn 6777 set_ece={supported=1, vendor_id=0x15b3, options=0x0, comp_mask=0x0}
MOC-R4PCC04U05:439482:439540 [2] NCCL INFO NET/IB: NCCL Dev 1 IbDev 0 Port 1 qpn 6539 mtu 3 query_ece={supported=1, vendor_id=0x15b3, options=0x30000002, comp_mask=0x0} GID 3 (0/C132A8C0FFFF0000) fifoRkey=0x17ecab fifoLkey=0x17ecab
MOC-R4PCC04U05:439482:439540 [2] NCCL INFO NET/IB: IbDev 0 Port 1 qpn 6779 set_ece={supported=1, vendor_id=0x15b3, options=0x0, comp_mask=0x0}
step    1/10 | train loss 11.009525 | norm 15.3465 | lr 1.00e-04 | (14602.67 ms | 179518 tok/s)
step    2/10 | train loss 10.140073 | norm 5.7338 | lr 1.00e-04 | (781.41 ms | 3354740 tok/s)
step    3/10 | train loss 9.800390 | norm 2.6009 | lr 1.00e-04 | (785.53 ms | 3337171 tok/s)
step    4/10 | train loss 9.631468 | norm 2.1085 | lr 1.00e-04 | (786.90 ms | 3331330 tok/s)
step    5/10 | train loss 9.548710 | norm 2.0999 | lr 1.00e-04 | (785.44 ms | 3337539 tok/s)
step    6/10 | train loss 9.467642 | norm 1.9930 | lr 1.00e-04 | (784.33 ms | 3342260 tok/s)
step    7/10 | train loss 9.382122 | norm 1.9433 | lr 1.00e-04 | (787.05 ms | 3330710 tok/s)
step    8/10 | train loss 9.290382 | norm 1.9093 | lr 1.00e-04 | (784.27 ms | 3342504 tok/s)
step    9/10 | train loss 9.195259 | norm 1.8505 | lr 1.00e-04 | (785.31 ms | 3338089 tok/s)
step   10/10 | train loss 9.111428 | norm 1.7945 | lr 1.00e-04 | (785.84 ms | 3335849 tok/s)
final 9 iters avg: 785.122ms
peak memory consumption: 16601 MiB
