Running pytorch 2.7.0+cu126
using device: cuda:0
total desired batch size: 5242880
=> calculated gradient accumulation steps: 10
using device: cuda:1
using device: cuda:2
using device: cuda:3
compiling the model...
DataLoader: total number of tokens: 1,661,249,667 across 103 files
MOC-R4PCC04U05:677509:677509 [0] NCCL INFO NCCL_SOCKET_IFNAME set to eno7np0
MOC-R4PCC04U05:677509:677509 [0] NCCL INFO NCCL version 2.26.2+cuda12.2
MOC-R4PCC04U05:677509:677613 [0] NCCL INFO NET/Plugin: Could not find: libnccl-net.so. Using internal net plugin.
MOC-R4PCC04U05:677509:677613 [0] NCCL INFO NCCL_IB_HCA set to mlx5_5
MOC-R4PCC04U05:677509:677613 [0] NCCL INFO NET/IB : Made virtual device [0] name=mlx5_5 speed=400000 ndevs=1
MOC-R4PCC04U05:677509:677613 [0] NCCL INFO NET/IB : Using [0]mlx5_5:1/RoCE [RO]; OOB eno7np0:192.168.50.193<0>
MOC-R4PCC04U05:677510:677510 [1] NCCL INFO NCCL_SOCKET_IFNAME set to eno7np0
MOC-R4PCC04U05:677510:677510 [1] NCCL INFO NCCL version 2.26.2+cuda12.2
MOC-R4PCC04U05:677511:677511 [2] NCCL INFO NCCL_SOCKET_IFNAME set to eno7np0
MOC-R4PCC04U05:677511:677511 [2] NCCL INFO NCCL version 2.26.2+cuda12.2
MOC-R4PCC04U05:677512:677512 [3] NCCL INFO NCCL_SOCKET_IFNAME set to eno7np0
MOC-R4PCC04U05:677512:677512 [3] NCCL INFO NCCL version 2.26.2+cuda12.2
MOC-R4PCC04U05:677510:677636 [1] NCCL INFO NET/Plugin: Could not find: libnccl-net.so. Using internal net plugin.
MOC-R4PCC04U05:677510:677636 [1] NCCL INFO NCCL_IB_HCA set to mlx5_5
MOC-R4PCC04U05:677511:677637 [2] NCCL INFO NET/Plugin: Could not find: libnccl-net.so. Using internal net plugin.
MOC-R4PCC04U05:677512:677638 [3] NCCL INFO NET/Plugin: Could not find: libnccl-net.so. Using internal net plugin.
MOC-R4PCC04U05:677511:677637 [2] NCCL INFO NCCL_IB_HCA set to mlx5_5
MOC-R4PCC04U05:677512:677638 [3] NCCL INFO NCCL_IB_HCA set to mlx5_5
MOC-R4PCC04U05:677510:677636 [1] NCCL INFO NET/IB : Made virtual device [0] name=mlx5_5 speed=400000 ndevs=1
MOC-R4PCC04U05:677510:677636 [1] NCCL INFO NET/IB : Using [0]mlx5_5:1/RoCE [RO]; OOB eno7np0:192.168.50.193<0>
MOC-R4PCC04U05:677511:677637 [2] NCCL INFO NET/IB : Made virtual device [0] name=mlx5_5 speed=400000 ndevs=1
MOC-R4PCC04U05:677511:677637 [2] NCCL INFO NET/IB : Using [0]mlx5_5:1/RoCE [RO]; OOB eno7np0:192.168.50.193<0>
MOC-R4PCC04U05:677512:677638 [3] NCCL INFO NET/IB : Made virtual device [0] name=mlx5_5 speed=400000 ndevs=1
MOC-R4PCC04U05:677512:677638 [3] NCCL INFO NET/IB : Using [0]mlx5_5:1/RoCE [RO]; OOB eno7np0:192.168.50.193<0>
MOC-R4PCC04U05:677511:677637 [2] NCCL INFO NET/IB : GPU Direct RDMA Enabled for HCA 0 'mlx5_5'
MOC-R4PCC04U05:677511:677637 [2] NCCL INFO NET/IB : Made virtual device [1] name=mlx5_5 speed=400000 ndevs=1
MOC-R4PCC04U05:677511:677637 [2] NCCL INFO NET/IB : GPU Direct RDMA Enabled for HCA 0 'mlx5_5'
MOC-R4PCC04U05:677511:677637 [2] NCCL INFO NET/IB : GPU Direct RDMA Enabled for HCA 1 'mlx5_5'
MOC-R4PCC04U05:677509:677613 [0] NCCL INFO NET/IB : GPU Direct RDMA Enabled for HCA 0 'mlx5_5'
MOC-R4PCC04U05:677509:677613 [0] NCCL INFO NET/IB : Made virtual device [1] name=mlx5_5 speed=400000 ndevs=1
MOC-R4PCC04U05:677509:677613 [0] NCCL INFO NET/IB : GPU Direct RDMA Enabled for HCA 0 'mlx5_5'
MOC-R4PCC04U05:677509:677613 [0] NCCL INFO NET/IB : GPU Direct RDMA Enabled for HCA 1 'mlx5_5'
MOC-R4PCC04U05:677512:677638 [3] NCCL INFO NET/IB : GPU Direct RDMA Enabled for HCA 0 'mlx5_5'
MOC-R4PCC04U05:677512:677638 [3] NCCL INFO NET/IB : Made virtual device [1] name=mlx5_5 speed=400000 ndevs=1
MOC-R4PCC04U05:677512:677638 [3] NCCL INFO NET/IB : GPU Direct RDMA Enabled for HCA 0 'mlx5_5'
MOC-R4PCC04U05:677512:677638 [3] NCCL INFO NET/IB : GPU Direct RDMA Enabled for HCA 1 'mlx5_5'
MOC-R4PCC04U05:677510:677636 [1] NCCL INFO NET/IB : GPU Direct RDMA Enabled for HCA 0 'mlx5_5'
MOC-R4PCC04U05:677510:677636 [1] NCCL INFO NET/IB : Made virtual device [1] name=mlx5_5 speed=400000 ndevs=1
MOC-R4PCC04U05:677510:677636 [1] NCCL INFO NET/IB : GPU Direct RDMA Enabled for HCA 0 'mlx5_5'
MOC-R4PCC04U05:677510:677636 [1] NCCL INFO NET/IB : GPU Direct RDMA Enabled for HCA 1 'mlx5_5'
MOC-R4PCC04U05:677510:677636 [1] NCCL INFO NCCL_NET_GDR_LEVEL set by environment to LOC
MOC-R4PCC04U05:677510:677636 [1] NCCL INFO GPU Direct RDMA Disabled for GPU 0 / HCA 1 (distance 5 > 0)
MOC-R4PCC04U05:677510:677636 [1] NCCL INFO GPU Direct RDMA Disabled for GPU 1 / HCA 1 (distance 5 > 0)
MOC-R4PCC04U05:677510:677636 [1] NCCL INFO GPU Direct RDMA Disabled for GPU 2 / HCA 1 (distance 5 > 0)
MOC-R4PCC04U05:677510:677636 [1] NCCL INFO GPU Direct RDMA Disabled for GPU 0 / HCA 1 (distance 5 > 0)
MOC-R4PCC04U05:677510:677636 [1] NCCL INFO GPU Direct RDMA Disabled for GPU 1 / HCA 1 (distance 5 > 0)
MOC-R4PCC04U05:677510:677636 [1] NCCL INFO GPU Direct RDMA Disabled for GPU 2 / HCA 1 (distance 5 > 0)
MOC-R4PCC04U05:677509:677613 [0] NCCL INFO NCCL_NET_GDR_LEVEL set by environment to LOC
MOC-R4PCC04U05:677509:677613 [0] NCCL INFO GPU Direct RDMA Disabled for GPU 0 / HCA 1 (distance 5 > 0)
MOC-R4PCC04U05:677509:677613 [0] NCCL INFO GPU Direct RDMA Disabled for GPU 1 / HCA 1 (distance 5 > 0)
MOC-R4PCC04U05:677509:677613 [0] NCCL INFO GPU Direct RDMA Disabled for GPU 2 / HCA 1 (distance 5 > 0)
MOC-R4PCC04U05:677509:677613 [0] NCCL INFO GPU Direct RDMA Disabled for GPU 0 / HCA 1 (distance 5 > 0)
MOC-R4PCC04U05:677509:677613 [0] NCCL INFO GPU Direct RDMA Disabled for GPU 1 / HCA 1 (distance 5 > 0)
MOC-R4PCC04U05:677509:677613 [0] NCCL INFO GPU Direct RDMA Disabled for GPU 2 / HCA 1 (distance 5 > 0)
MOC-R4PCC04U05:677511:677637 [2] NCCL INFO NCCL_NET_GDR_LEVEL set by environment to LOC
MOC-R4PCC04U05:677511:677637 [2] NCCL INFO GPU Direct RDMA Disabled for GPU 0 / HCA 1 (distance 5 > 0)
MOC-R4PCC04U05:677511:677637 [2] NCCL INFO GPU Direct RDMA Disabled for GPU 1 / HCA 1 (distance 5 > 0)
MOC-R4PCC04U05:677511:677637 [2] NCCL INFO GPU Direct RDMA Disabled for GPU 2 / HCA 1 (distance 5 > 0)
MOC-R4PCC04U05:677511:677637 [2] NCCL INFO GPU Direct RDMA Disabled for GPU 0 / HCA 1 (distance 5 > 0)
MOC-R4PCC04U05:677511:677637 [2] NCCL INFO GPU Direct RDMA Disabled for GPU 1 / HCA 1 (distance 5 > 0)
MOC-R4PCC04U05:677511:677637 [2] NCCL INFO GPU Direct RDMA Disabled for GPU 2 / HCA 1 (distance 5 > 0)
MOC-R4PCC04U05:677512:677638 [3] NCCL INFO NCCL_NET_GDR_LEVEL set by environment to LOC
MOC-R4PCC04U05:677512:677638 [3] NCCL INFO GPU Direct RDMA Disabled for GPU 0 / HCA 1 (distance 5 > 0)
MOC-R4PCC04U05:677512:677638 [3] NCCL INFO GPU Direct RDMA Disabled for GPU 1 / HCA 1 (distance 5 > 0)
MOC-R4PCC04U05:677512:677638 [3] NCCL INFO GPU Direct RDMA Disabled for GPU 2 / HCA 1 (distance 5 > 0)
MOC-R4PCC04U05:677512:677638 [3] NCCL INFO GPU Direct RDMA Disabled for GPU 0 / HCA 1 (distance 5 > 0)
MOC-R4PCC04U05:677512:677638 [3] NCCL INFO GPU Direct RDMA Disabled for GPU 1 / HCA 1 (distance 5 > 0)
MOC-R4PCC04U05:677512:677638 [3] NCCL INFO GPU Direct RDMA Disabled for GPU 2 / HCA 1 (distance 5 > 0)
MOC-R4PCC04U05:677511:677650 [2] NCCL INFO New proxy recv connection 0 from local rank 2, transport 0
MOC-R4PCC04U05:677511:677658 [2] NCCL INFO Connected to proxy localRank 2 -> connection 0x7fe718004f30
MOC-R4PCC04U05:677511:677650 [2] NCCL INFO New proxy recv connection 1 from local rank 2, transport 0
MOC-R4PCC04U05:677511:677658 [2] NCCL INFO Connected to proxy localRank 2 -> connection 0x7fe718004fa8
MOC-R4PCC04U05:677512:677651 [3] NCCL INFO New proxy recv connection 0 from local rank 3, transport 0
MOC-R4PCC04U05:677510:677653 [1] NCCL INFO New proxy recv connection 0 from local rank 1, transport 0
MOC-R4PCC04U05:677512:677659 [3] NCCL INFO Connected to proxy localRank 3 -> connection 0x7f804c004f30
MOC-R4PCC04U05:677510:677660 [1] NCCL INFO Connected to proxy localRank 1 -> connection 0x7f6964004f30
MOC-R4PCC04U05:677510:677653 [1] NCCL INFO New proxy recv connection 1 from local rank 1, transport 0
MOC-R4PCC04U05:677512:677651 [3] NCCL INFO New proxy recv connection 1 from local rank 3, transport 0
MOC-R4PCC04U05:677510:677660 [1] NCCL INFO Connected to proxy localRank 1 -> connection 0x7f6964004fa8
MOC-R4PCC04U05:677512:677659 [3] NCCL INFO Connected to proxy localRank 3 -> connection 0x7f804c004fa8
MOC-R4PCC04U05:677512:677659 [3] NCCL INFO GPU Direct RDMA Disabled for GPU 3 / HCA 1 (distance 7 > 0)
MOC-R4PCC04U05:677509:677656 [0] NCCL INFO New proxy send connection 0 from local rank 0, transport 0
MOC-R4PCC04U05:677509:677661 [0] NCCL INFO Connected to proxy localRank 0 -> connection 0x7fc558004f30
MOC-R4PCC04U05:677509:677656 [0] NCCL INFO New proxy send connection 1 from local rank 0, transport 0
MOC-R4PCC04U05:677509:677661 [0] NCCL INFO Connected to proxy localRank 0 -> connection 0x7fc558004fa8
MOC-R4PCC04U05:677511:677658 [2] NCCL INFO GPU Direct RDMA Disabled for GPU 2 / HCA 1 (distance 7 > 0)
MOC-R4PCC04U05:677509:677656 [0] NCCL INFO New proxy send connection 2 from local rank 0, transport 0
MOC-R4PCC04U05:677509:677661 [0] NCCL INFO Connected to proxy localRank 0 -> connection 0x7fc558005020
MOC-R4PCC04U05:677509:677656 [0] NCCL INFO New proxy send connection 3 from local rank 0, transport 0
MOC-R4PCC04U05:677509:677661 [0] NCCL INFO Connected to proxy localRank 0 -> connection 0x7fc558005098
MOC-R4PCC04U05:677512:677651 [3] NCCL INFO New proxy send connection 2 from local rank 3, transport 2
MOC-R4PCC04U05:677512:677659 [3] NCCL INFO Connected to proxy localRank 3 -> connection 0x7f804c005020
MOC-R4PCC04U05:677512:677659 [3] NCCL INFO Channel 00/0 : 3[3] -> 6[2] [send] via NET/IB/1
MOC-R4PCC04U05:677512:677659 [3] NCCL INFO GPU Direct RDMA Disabled for GPU 3 / HCA 1 (distance 7 > 0)
MOC-R4PCC04U05:677512:677651 [3] NCCL INFO New proxy send connection 3 from local rank 3, transport 2
MOC-R4PCC04U05:677512:677659 [3] NCCL INFO Connected to proxy localRank 3 -> connection 0x7f804c005098
MOC-R4PCC04U05:677512:677659 [3] NCCL INFO Channel 02/0 : 3[3] -> 6[2] [send] via NET/IB/1
MOC-R4PCC04U05:677509:677656 [0] NCCL INFO New proxy recv connection 4 from local rank 0, transport 0
MOC-R4PCC04U05:677509:677661 [0] NCCL INFO Connected to proxy localRank 0 -> connection 0x7fc558005110
MOC-R4PCC04U05:677509:677656 [0] NCCL INFO New proxy recv connection 5 from local rank 0, transport 0
MOC-R4PCC04U05:677509:677661 [0] NCCL INFO Connected to proxy localRank 0 -> connection 0x7fc558005188
MOC-R4PCC04U05:677509:677656 [0] NCCL INFO New proxy recv connection 6 from local rank 0, transport 0
MOC-R4PCC04U05:677509:677661 [0] NCCL INFO Connected to proxy localRank 0 -> connection 0x7fc558005200
MOC-R4PCC04U05:677509:677656 [0] NCCL INFO New proxy recv connection 7 from local rank 0, transport 0
MOC-R4PCC04U05:677509:677661 [0] NCCL INFO Connected to proxy localRank 0 -> connection 0x7fc558005278
MOC-R4PCC04U05:677511:677650 [2] NCCL INFO New proxy recv connection 2 from local rank 2, transport 2
MOC-R4PCC04U05:677511:677658 [2] NCCL INFO Connected to proxy localRank 2 -> connection 0x7fe718005020
MOC-R4PCC04U05:677511:677658 [2] NCCL INFO Channel 00/0 : 15[3] -> 2[2] [receive] via NET/IB/1
MOC-R4PCC04U05:677511:677658 [2] NCCL INFO GPU Direct RDMA Disabled for GPU 2 / HCA 1 (distance 7 > 0)
MOC-R4PCC04U05:677511:677650 [2] NCCL INFO New proxy recv connection 3 from local rank 2, transport 2
MOC-R4PCC04U05:677511:677658 [2] NCCL INFO Connected to proxy localRank 2 -> connection 0x7fe718005098
MOC-R4PCC04U05:677511:677658 [2] NCCL INFO Channel 02/0 : 15[3] -> 2[2] [receive] via NET/IB/1
MOC-R4PCC04U05:677512:677659 [3] NCCL INFO GPU Direct RDMA Disabled for GPU 3 / HCA 1 (distance 7 > 0)
MOC-R4PCC04U05:677512:677651 [3] NCCL INFO New proxy recv connection 4 from local rank 3, transport 2
MOC-R4PCC04U05:677512:677659 [3] NCCL INFO Connected to proxy localRank 3 -> connection 0x7f804c005110
MOC-R4PCC04U05:677512:677659 [3] NCCL INFO Channel 01/0 : 14[2] -> 3[3] [receive] via NET/IB/1
MOC-R4PCC04U05:677512:677659 [3] NCCL INFO GPU Direct RDMA Disabled for GPU 3 / HCA 1 (distance 7 > 0)
MOC-R4PCC04U05:677512:677651 [3] NCCL INFO New proxy recv connection 5 from local rank 3, transport 2
MOC-R4PCC04U05:677512:677659 [3] NCCL INFO Connected to proxy localRank 3 -> connection 0x7f804c005188
MOC-R4PCC04U05:677512:677659 [3] NCCL INFO Channel 03/0 : 14[2] -> 3[3] [receive] via NET/IB/1
MOC-R4PCC04U05:677511:677658 [2] NCCL INFO GPU Direct RDMA Disabled for GPU 2 / HCA 1 (distance 7 > 0)
MOC-R4PCC04U05:677511:677650 [2] NCCL INFO New proxy send connection 4 from local rank 2, transport 2
MOC-R4PCC04U05:677511:677658 [2] NCCL INFO Connected to proxy localRank 2 -> connection 0x7fe718005110
MOC-R4PCC04U05:677511:677658 [2] NCCL INFO Channel 01/0 : 2[2] -> 7[3] [send] via NET/IB/1
MOC-R4PCC04U05:677511:677658 [2] NCCL INFO GPU Direct RDMA Disabled for GPU 2 / HCA 1 (distance 7 > 0)
MOC-R4PCC04U05:677511:677650 [2] NCCL INFO New proxy send connection 5 from local rank 2, transport 2
MOC-R4PCC04U05:677511:677658 [2] NCCL INFO Connected to proxy localRank 2 -> connection 0x7fe718005188
MOC-R4PCC04U05:677511:677658 [2] NCCL INFO Channel 03/0 : 2[2] -> 7[3] [send] via NET/IB/1
MOC-R4PCC04U05:677511:677650 [2] NCCL INFO New proxy send connection 6 from local rank 2, transport 0
MOC-R4PCC04U05:677512:677651 [3] NCCL INFO New proxy send connection 6 from local rank 3, transport 0
MOC-R4PCC04U05:677511:677658 [2] NCCL INFO Connected to proxy localRank 2 -> connection 0x7fe718005200
MOC-R4PCC04U05:677512:677659 [3] NCCL INFO Connected to proxy localRank 3 -> connection 0x7f804c005200
MOC-R4PCC04U05:677511:677650 [2] NCCL INFO New proxy send connection 7 from local rank 2, transport 0
MOC-R4PCC04U05:677512:677651 [3] NCCL INFO New proxy send connection 7 from local rank 3, transport 0
MOC-R4PCC04U05:677511:677658 [2] NCCL INFO Connected to proxy localRank 2 -> connection 0x7fe718005278
MOC-R4PCC04U05:677512:677659 [3] NCCL INFO Connected to proxy localRank 3 -> connection 0x7f804c005278
MOC-R4PCC04U05:677510:677653 [1] NCCL INFO New proxy recv connection 2 from local rank 1, transport 0
MOC-R4PCC04U05:677509:677656 [0] NCCL INFO New proxy send connection 8 from local rank 3, transport 0
MOC-R4PCC04U05:677510:677660 [1] NCCL INFO Connected to proxy localRank 1 -> connection 0x7f6964005020
MOC-R4PCC04U05:677512:677659 [3] NCCL INFO Connected to proxy localRank 0 -> connection 0x7fc5580052f0
MOC-R4PCC04U05:677510:677653 [1] NCCL INFO New proxy recv connection 3 from local rank 1, transport 0
MOC-R4PCC04U05:677510:677660 [1] NCCL INFO Connected to proxy localRank 1 -> connection 0x7f6964005098
MOC-R4PCC04U05:677510:677653 [1] NCCL INFO New proxy send connection 4 from local rank 1, transport 0
MOC-R4PCC04U05:677510:677660 [1] NCCL INFO Connected to proxy localRank 1 -> connection 0x7f6964005110
MOC-R4PCC04U05:677510:677653 [1] NCCL INFO New proxy send connection 5 from local rank 1, transport 0
MOC-R4PCC04U05:677510:677660 [1] NCCL INFO Connected to proxy localRank 1 -> connection 0x7f6964005188
MOC-R4PCC04U05:677510:677653 [1] NCCL INFO New proxy send connection 6 from local rank 1, transport 0
MOC-R4PCC04U05:677510:677660 [1] NCCL INFO Connected to proxy localRank 1 -> connection 0x7f6964005200
MOC-R4PCC04U05:677510:677653 [1] NCCL INFO New proxy send connection 7 from local rank 1, transport 0
MOC-R4PCC04U05:677510:677660 [1] NCCL INFO Connected to proxy localRank 1 -> connection 0x7f6964005278
MOC-R4PCC04U05:677510:677653 [1] NCCL INFO New proxy send connection 8 from local rank 3, transport 0
MOC-R4PCC04U05:677512:677659 [3] NCCL INFO Connected to proxy localRank 1 -> connection 0x7f69640052f0
MOC-R4PCC04U05:677512:677651 [3] NCCL INFO New proxy send connection 8 from local rank 1, transport 0
MOC-R4PCC04U05:677509:677656 [0] NCCL INFO New proxy send connection 9 from local rank 2, transport 0
MOC-R4PCC04U05:677510:677660 [1] NCCL INFO Connected to proxy localRank 3 -> connection 0x7f804c0052f0
MOC-R4PCC04U05:677511:677658 [2] NCCL INFO Connected to proxy localRank 0 -> connection 0x7fc558005368
MOC-R4PCC04U05:677511:677650 [2] NCCL INFO New proxy send connection 8 from local rank 0, transport 0
MOC-R4PCC04U05:677509:677661 [0] NCCL INFO Connected to proxy localRank 2 -> connection 0x7fe7180052f0
MOC-R4PCC04U05:677512:677651 [3] NCCL INFO NET/IB: NCCL Dev 1 IbDev 0 Port 1 qpn 11114 mtu 3 query_ece={supported=1, vendor_id=0x15b3, options=0x30000002, comp_mask=0x0} GID 3 (0/C132A8C0FFFF0000) fifoRkey=0x174705 fifoLkey=0x174705
MOC-R4PCC04U05:677512:677651 [3] NCCL INFO NET/IB: NCCL Dev 1 IbDev 0 Port 1 qpn 11115 mtu 3 query_ece={supported=1, vendor_id=0x15b3, options=0x30000002, comp_mask=0x0} GID 3 (0/C132A8C0FFFF0000) fifoRkey=0x17d796 fifoLkey=0x17d796
MOC-R4PCC04U05:677512:677651 [3] NCCL INFO NET/IB: IbDev 0 Port 1 qpn 11178 set_ece={supported=1, vendor_id=0x15b3, options=0x0, comp_mask=0x0}
MOC-R4PCC04U05:677512:677651 [3] NCCL INFO NET/IB: IbDev 0 Port 1 qpn 11180 set_ece={supported=1, vendor_id=0x15b3, options=0x0, comp_mask=0x0}
MOC-R4PCC04U05:677510:677653 [1] NCCL INFO New proxy send connection 9 from local rank 2, transport 0
MOC-R4PCC04U05:677511:677658 [2] NCCL INFO Connected to proxy localRank 1 -> connection 0x7f6964005368
MOC-R4PCC04U05:677509:677656 [0] NCCL INFO New proxy send connection 10 from local rank 1, transport 0
MOC-R4PCC04U05:677510:677660 [1] NCCL INFO Connected to proxy localRank 0 -> connection 0x7fc5580053e0
MOC-R4PCC04U05:677512:677651 [3] NCCL INFO New proxy send connection 9 from local rank 0, transport 0
MOC-R4PCC04U05:677509:677661 [0] NCCL INFO Connected to proxy localRank 3 -> connection 0x7f804c005368
MOC-R4PCC04U05:677511:677650 [2] NCCL INFO NET/IB: NCCL Dev 1 IbDev 0 Port 1 qpn 11124 mtu 3 query_ece={supported=1, vendor_id=0x15b3, options=0x30000002, comp_mask=0x0} GID 3 (0/C132A8C0FFFF0000) fifoRkey=0x17601f fifoLkey=0x17601f
MOC-R4PCC04U05:677511:677650 [2] NCCL INFO NET/IB: NCCL Dev 1 IbDev 0 Port 1 qpn 11125 mtu 3 query_ece={supported=1, vendor_id=0x15b3, options=0x30000002, comp_mask=0x0} GID 3 (0/C132A8C0FFFF0000) fifoRkey=0x173af9 fifoLkey=0x173af9
MOC-R4PCC04U05:677511:677650 [2] NCCL INFO NET/IB: IbDev 0 Port 1 qpn 11182 set_ece={supported=1, vendor_id=0x15b3, options=0x0, comp_mask=0x0}
MOC-R4PCC04U05:677511:677650 [2] NCCL INFO NET/IB: IbDev 0 Port 1 qpn 11184 set_ece={supported=1, vendor_id=0x15b3, options=0x0, comp_mask=0x0}
MOC-R4PCC04U05:677510:677653 [1] NCCL INFO New proxy send connection 10 from local rank 0, transport 0
MOC-R4PCC04U05:677509:677661 [0] NCCL INFO Connected to proxy localRank 1 -> connection 0x7f69640053e0
MOC-R4PCC04U05:677511:677650 [2] NCCL INFO New proxy send connection 9 from local rank 1, transport 0
MOC-R4PCC04U05:677510:677660 [1] NCCL INFO Connected to proxy localRank 2 -> connection 0x7fe718005368
num decayed parameter tensors: 50, with 124,318,464 parameters
num non-decayed parameter tensors: 98, with 121,344 parameters
using fused AdamW: False
using regular AdamW
MOC-R4PCC04U05:677511:677650 [2] NCCL INFO New proxy recv connection 10 from local rank 2, transport 0
MOC-R4PCC04U05:677511:678352 [2] NCCL INFO Connected to proxy localRank 2 -> connection 0x7fe7180053e0
MOC-R4PCC04U05:677511:677650 [2] NCCL INFO New proxy recv connection 11 from local rank 2, transport 0
MOC-R4PCC04U05:677511:678352 [2] NCCL INFO Connected to proxy localRank 2 -> connection 0x7fe718005458
MOC-R4PCC04U05:677511:677650 [2] NCCL INFO New proxy recv connection 12 from local rank 2, transport 0
MOC-R4PCC04U05:677511:678352 [2] NCCL INFO Connected to proxy localRank 2 -> connection 0x7fe7180054d0
MOC-R4PCC04U05:677511:677650 [2] NCCL INFO New proxy recv connection 13 from local rank 2, transport 0
MOC-R4PCC04U05:677511:678352 [2] NCCL INFO Connected to proxy localRank 2 -> connection 0x7fe718005548
MOC-R4PCC04U05:677509:677656 [0] NCCL INFO New proxy send connection 11 from local rank 0, transport 0
MOC-R4PCC04U05:677509:678353 [0] NCCL INFO Connected to proxy localRank 0 -> connection 0x7fc558005458
MOC-R4PCC04U05:677509:677656 [0] NCCL INFO New proxy send connection 12 from local rank 0, transport 0
MOC-R4PCC04U05:677509:678353 [0] NCCL INFO Connected to proxy localRank 0 -> connection 0x7fc5580054d0
MOC-R4PCC04U05:677509:677656 [0] NCCL INFO New proxy send connection 13 from local rank 0, transport 0
MOC-R4PCC04U05:677509:678353 [0] NCCL INFO Connected to proxy localRank 0 -> connection 0x7fc558005548
MOC-R4PCC04U05:677509:677656 [0] NCCL INFO New proxy send connection 14 from local rank 0, transport 0
MOC-R4PCC04U05:677509:678353 [0] NCCL INFO Connected to proxy localRank 0 -> connection 0x7fc5580055c0
MOC-R4PCC04U05:677510:677653 [1] NCCL INFO New proxy recv connection 11 from local rank 1, transport 0
MOC-R4PCC04U05:677510:678354 [1] NCCL INFO Connected to proxy localRank 1 -> connection 0x7f6964005458
MOC-R4PCC04U05:677510:677653 [1] NCCL INFO New proxy recv connection 12 from local rank 1, transport 0
MOC-R4PCC04U05:677510:678354 [1] NCCL INFO Connected to proxy localRank 1 -> connection 0x7f69640054d0
MOC-R4PCC04U05:677510:677653 [1] NCCL INFO New proxy recv connection 13 from local rank 1, transport 0
MOC-R4PCC04U05:677510:678354 [1] NCCL INFO Connected to proxy localRank 1 -> connection 0x7f6964005548
MOC-R4PCC04U05:677510:677653 [1] NCCL INFO New proxy recv connection 14 from local rank 1, transport 0
MOC-R4PCC04U05:677510:678354 [1] NCCL INFO Connected to proxy localRank 1 -> connection 0x7f69640055c0
MOC-R4PCC04U05:677510:677653 [1] NCCL INFO New proxy send connection 15 from local rank 1, transport 0
MOC-R4PCC04U05:677510:678354 [1] NCCL INFO Connected to proxy localRank 1 -> connection 0x7f6964005638
MOC-R4PCC04U05:677510:677653 [1] NCCL INFO New proxy send connection 16 from local rank 1, transport 0
MOC-R4PCC04U05:677510:678354 [1] NCCL INFO Connected to proxy localRank 1 -> connection 0x7f69640056b0
MOC-R4PCC04U05:677510:677653 [1] NCCL INFO New proxy send connection 17 from local rank 1, transport 0
MOC-R4PCC04U05:677510:678354 [1] NCCL INFO Connected to proxy localRank 1 -> connection 0x7f6964005728
MOC-R4PCC04U05:677510:677653 [1] NCCL INFO New proxy send connection 18 from local rank 1, transport 0
MOC-R4PCC04U05:677510:678354 [1] NCCL INFO Connected to proxy localRank 1 -> connection 0x7f69640057a0
MOC-R4PCC04U05:677509:677656 [0] NCCL INFO New proxy send connection 15 from local rank 0, transport 0
MOC-R4PCC04U05:677509:678353 [0] NCCL INFO Connected to proxy localRank 0 -> connection 0x7fc558005638
MOC-R4PCC04U05:677510:677653 [1] NCCL INFO New proxy recv connection 19 from local rank 1, transport 0
MOC-R4PCC04U05:677510:678354 [1] NCCL INFO Connected to proxy localRank 1 -> connection 0x7f6964005818
MOC-R4PCC04U05:677511:677650 [2] NCCL INFO New proxy send connection 14 from local rank 2, transport 0
MOC-R4PCC04U05:677511:678352 [2] NCCL INFO Connected to proxy localRank 2 -> connection 0x7fe7180055c0
MOC-R4PCC04U05:677509:677656 [0] NCCL INFO New proxy send connection 16 from local rank 0, transport 0
MOC-R4PCC04U05:677510:677653 [1] NCCL INFO New proxy recv connection 20 from local rank 1, transport 0
MOC-R4PCC04U05:677510:678354 [1] NCCL INFO Connected to proxy localRank 1 -> connection 0x7f6964005890
MOC-R4PCC04U05:677509:678353 [0] NCCL INFO Connected to proxy localRank 0 -> connection 0x7fc5580056b0
MOC-R4PCC04U05:677511:677650 [2] NCCL INFO New proxy send connection 15 from local rank 2, transport 0
MOC-R4PCC04U05:677511:678352 [2] NCCL INFO Connected to proxy localRank 2 -> connection 0x7fe718005638
MOC-R4PCC04U05:677512:677651 [3] NCCL INFO New proxy recv connection 10 from local rank 3, transport 0
MOC-R4PCC04U05:677512:678355 [3] NCCL INFO Connected to proxy localRank 3 -> connection 0x7f804c0053e0
MOC-R4PCC04U05:677512:677651 [3] NCCL INFO New proxy recv connection 11 from local rank 3, transport 0
MOC-R4PCC04U05:677512:678355 [3] NCCL INFO Connected to proxy localRank 3 -> connection 0x7f804c005458
MOC-R4PCC04U05:677512:678355 [3] NCCL INFO GPU Direct RDMA Disabled for GPU 3 / HCA 1 (distance 7 > 0)
MOC-R4PCC04U05:677509:677656 [0] NCCL INFO New proxy recv connection 17 from local rank 0, transport 0
MOC-R4PCC04U05:677512:677651 [3] NCCL INFO New proxy send connection 12 from local rank 3, transport 2
MOC-R4PCC04U05:677512:678355 [3] NCCL INFO Connected to proxy localRank 3 -> connection 0x7f804c0054d0
MOC-R4PCC04U05:677509:678353 [0] NCCL INFO Connected to proxy localRank 0 -> connection 0x7fc558005728
MOC-R4PCC04U05:677512:678355 [3] NCCL INFO Channel 02/0 : 3[3] -> 7[3] [send] via NET/IB/1
MOC-R4PCC04U05:677512:678355 [3] NCCL INFO GPU Direct RDMA Disabled for GPU 3 / HCA 1 (distance 7 > 0)
MOC-R4PCC04U05:677512:677651 [3] NCCL INFO New proxy send connection 13 from local rank 3, transport 2
MOC-R4PCC04U05:677512:678355 [3] NCCL INFO Connected to proxy localRank 3 -> connection 0x7f804c005548
MOC-R4PCC04U05:677512:678355 [3] NCCL INFO Channel 03/0 : 3[3] -> 7[3] [send] via NET/IB/1
MOC-R4PCC04U05:677509:677656 [0] NCCL INFO New proxy recv connection 18 from local rank 0, transport 0
MOC-R4PCC04U05:677509:678353 [0] NCCL INFO Connected to proxy localRank 0 -> connection 0x7fc5580057a0
MOC-R4PCC04U05:677509:677656 [0] NCCL INFO New proxy recv connection 19 from local rank 0, transport 0
MOC-R4PCC04U05:677509:678353 [0] NCCL INFO Connected to proxy localRank 0 -> connection 0x7fc558005818
MOC-R4PCC04U05:677509:677656 [0] NCCL INFO New proxy recv connection 20 from local rank 0, transport 0
MOC-R4PCC04U05:677509:678353 [0] NCCL INFO Connected to proxy localRank 0 -> connection 0x7fc558005890
MOC-R4PCC04U05:677512:678355 [3] NCCL INFO GPU Direct RDMA Disabled for GPU 3 / HCA 1 (distance 7 > 0)
MOC-R4PCC04U05:677512:677651 [3] NCCL INFO New proxy recv connection 14 from local rank 3, transport 2
MOC-R4PCC04U05:677512:678355 [3] NCCL INFO Connected to proxy localRank 3 -> connection 0x7f804c0055c0
MOC-R4PCC04U05:677512:678355 [3] NCCL INFO Channel 00/0 : 11[3] -> 3[3] [receive] via NET/IB/1
MOC-R4PCC04U05:677512:678355 [3] NCCL INFO GPU Direct RDMA Disabled for GPU 3 / HCA 1 (distance 7 > 0)
MOC-R4PCC04U05:677512:677651 [3] NCCL INFO New proxy recv connection 15 from local rank 3, transport 2
MOC-R4PCC04U05:677512:678355 [3] NCCL INFO Connected to proxy localRank 3 -> connection 0x7f804c005638
MOC-R4PCC04U05:677512:678355 [3] NCCL INFO Channel 01/0 : 11[3] -> 3[3] [receive] via NET/IB/1
MOC-R4PCC04U05:677512:678355 [3] NCCL INFO GPU Direct RDMA Disabled for GPU 3 / HCA 1 (distance 7 > 0)
MOC-R4PCC04U05:677512:677651 [3] NCCL INFO New proxy send connection 16 from local rank 3, transport 2
MOC-R4PCC04U05:677512:678355 [3] NCCL INFO Connected to proxy localRank 3 -> connection 0x7f804c0056b0
MOC-R4PCC04U05:677512:678355 [3] NCCL INFO Channel 00/0 : 3[3] -> 11[3] [send] via NET/IB/1
MOC-R4PCC04U05:677512:678355 [3] NCCL INFO GPU Direct RDMA Disabled for GPU 3 / HCA 1 (distance 7 > 0)
MOC-R4PCC04U05:677512:677651 [3] NCCL INFO New proxy send connection 17 from local rank 3, transport 2
MOC-R4PCC04U05:677512:678355 [3] NCCL INFO Connected to proxy localRank 3 -> connection 0x7f804c005728
MOC-R4PCC04U05:677512:678355 [3] NCCL INFO Channel 01/0 : 3[3] -> 11[3] [send] via NET/IB/1
MOC-R4PCC04U05:677512:678355 [3] NCCL INFO GPU Direct RDMA Disabled for GPU 3 / HCA 1 (distance 7 > 0)
MOC-R4PCC04U05:677512:677651 [3] NCCL INFO New proxy recv connection 18 from local rank 3, transport 2
MOC-R4PCC04U05:677512:678355 [3] NCCL INFO Connected to proxy localRank 3 -> connection 0x7f804c0057a0
MOC-R4PCC04U05:677512:678355 [3] NCCL INFO Channel 02/0 : 7[3] -> 3[3] [receive] via NET/IB/1
MOC-R4PCC04U05:677512:678355 [3] NCCL INFO GPU Direct RDMA Disabled for GPU 3 / HCA 1 (distance 7 > 0)
MOC-R4PCC04U05:677512:677651 [3] NCCL INFO New proxy recv connection 19 from local rank 3, transport 2
MOC-R4PCC04U05:677512:678355 [3] NCCL INFO Connected to proxy localRank 3 -> connection 0x7f804c005818
MOC-R4PCC04U05:677512:678355 [3] NCCL INFO Channel 03/0 : 7[3] -> 3[3] [receive] via NET/IB/1
MOC-R4PCC04U05:677512:677651 [3] NCCL INFO New proxy send connection 20 from local rank 3, transport 0
MOC-R4PCC04U05:677512:678355 [3] NCCL INFO Connected to proxy localRank 3 -> connection 0x7f804c005890
MOC-R4PCC04U05:677512:677651 [3] NCCL INFO New proxy send connection 21 from local rank 3, transport 0
MOC-R4PCC04U05:677512:678355 [3] NCCL INFO Connected to proxy localRank 3 -> connection 0x7f804c005908
MOC-R4PCC04U05:677512:677651 [3] NCCL INFO New proxy send connection 22 from local rank 3, transport 0
MOC-R4PCC04U05:677512:678355 [3] NCCL INFO Connected to proxy localRank 3 -> connection 0x7f804c005980
MOC-R4PCC04U05:677512:677651 [3] NCCL INFO New proxy send connection 23 from local rank 3, transport 0
MOC-R4PCC04U05:677512:678355 [3] NCCL INFO Connected to proxy localRank 3 -> connection 0x7f804c0059f8
MOC-R4PCC04U05:677512:677651 [3] NCCL INFO NET/IB: NCCL Dev 1 IbDev 0 Port 1 qpn 11126 mtu 3 query_ece={supported=1, vendor_id=0x15b3, options=0x30000002, comp_mask=0x0} GID 3 (0/C132A8C0FFFF0000) fifoRkey=0x17bf7e fifoLkey=0x17bf7e
MOC-R4PCC04U05:677512:677651 [3] NCCL INFO NET/IB: NCCL Dev 1 IbDev 0 Port 1 qpn 11127 mtu 3 query_ece={supported=1, vendor_id=0x15b3, options=0x30000002, comp_mask=0x0} GID 3 (0/C132A8C0FFFF0000) fifoRkey=0x17cb8a fifoLkey=0x17cb8a
MOC-R4PCC04U05:677512:677651 [3] NCCL INFO NET/IB: NCCL Dev 1 IbDev 0 Port 1 qpn 11128 mtu 3 query_ece={supported=1, vendor_id=0x15b3, options=0x30000002, comp_mask=0x0} GID 3 (0/C132A8C0FFFF0000) fifoRkey=0x172eed fifoLkey=0x172eed
MOC-R4PCC04U05:677512:677651 [3] NCCL INFO NET/IB: IbDev 0 Port 1 qpn 11189 set_ece={supported=1, vendor_id=0x15b3, options=0x0, comp_mask=0x0}
MOC-R4PCC04U05:677512:677651 [3] NCCL INFO NET/IB: IbDev 0 Port 1 qpn 11192 set_ece={supported=1, vendor_id=0x15b3, options=0x0, comp_mask=0x0}
MOC-R4PCC04U05:677512:677651 [3] NCCL INFO NET/IB: IbDev 0 Port 1 qpn 8639 set_ece={supported=1, vendor_id=0x15b3, options=0x0, comp_mask=0x0}
MOC-R4PCC04U05:677512:677651 [3] NCCL INFO NET/IB: NCCL Dev 1 IbDev 0 Port 1 qpn 11131 mtu 3 query_ece={supported=1, vendor_id=0x15b3, options=0x30000002, comp_mask=0x0} GID 3 (0/C132A8C0FFFF0000) fifoRkey=0x17edac fifoLkey=0x17edac
MOC-R4PCC04U05:677512:677651 [3] NCCL INFO NET/IB: IbDev 0 Port 1 qpn 8644 set_ece={supported=1, vendor_id=0x15b3, options=0x0, comp_mask=0x0}
step    1/10 | train loss 11.010067 | norm 15.3476 | lr 1.00e-04 | (14629.87 ms | 358368 tok/s)
step    2/10 | train loss 10.140058 | norm 5.7421 | lr 1.00e-04 | (806.92 ms | 6497405 tok/s)
step    3/10 | train loss 9.801186 | norm 2.5966 | lr 1.00e-04 | (801.03 ms | 6545199 tok/s)
step    4/10 | train loss 9.632750 | norm 2.1052 | lr 1.00e-04 | (808.77 ms | 6482515 tok/s)
step    5/10 | train loss 9.550310 | norm 2.0977 | lr 1.00e-04 | (807.81 ms | 6490202 tok/s)
step    6/10 | train loss 9.470088 | norm 1.9901 | lr 1.00e-04 | (807.14 ms | 6495662 tok/s)
step    7/10 | train loss 9.385624 | norm 1.9404 | lr 1.00e-04 | (804.71 ms | 6515209 tok/s)
step    8/10 | train loss 9.295288 | norm 1.9082 | lr 1.00e-04 | (809.75 ms | 6474670 tok/s)
step    9/10 | train loss 9.200846 | norm 1.8588 | lr 1.00e-04 | (826.21 ms | 6345735 tok/s)
step   10/10 | train loss 9.114126 | norm 1.7863 | lr 1.00e-04 | (816.34 ms | 6422383 tok/s)
final 9 iters avg: 809.854ms
peak memory consumption: 16601 MiB
