Running pytorch 2.7.0+cu126
using device: cuda:0
total desired batch size: 2097152
=> calculated gradient accumulation steps: 8
using device: cuda:3
using device: cuda:2
using device: cuda:1
compiling the model...
DataLoader: total number of tokens: 1,661,249,667 across 103 files
MOC-R4PCC04U05:458683:458683 [0] NCCL INFO NCCL_SOCKET_IFNAME set to eno7np0
MOC-R4PCC04U05:458683:458683 [0] NCCL INFO NCCL version 2.26.2+cuda12.2
MOC-R4PCC04U05:458686:458686 [3] NCCL INFO NCCL_SOCKET_IFNAME set to eno7np0
MOC-R4PCC04U05:458686:458686 [3] NCCL INFO NCCL version 2.26.2+cuda12.2
MOC-R4PCC04U05:458685:458685 [2] NCCL INFO NCCL_SOCKET_IFNAME set to eno7np0
MOC-R4PCC04U05:458685:458685 [2] NCCL INFO NCCL version 2.26.2+cuda12.2
MOC-R4PCC04U05:458683:458727 [0] NCCL INFO NET/Plugin: Could not find: libnccl-net.so. Using internal net plugin.
MOC-R4PCC04U05:458683:458727 [0] NCCL INFO NET/Socket : Using [0]eno7np0:192.168.50.193<0>
MOC-R4PCC04U05:458684:458684 [1] NCCL INFO NCCL_SOCKET_IFNAME set to eno7np0
MOC-R4PCC04U05:458684:458684 [1] NCCL INFO NCCL version 2.26.2+cuda12.2
MOC-R4PCC04U05:458686:458728 [3] NCCL INFO NET/Plugin: Could not find: libnccl-net.so. Using internal net plugin.
MOC-R4PCC04U05:458686:458728 [3] NCCL INFO NET/Socket : Using [0]eno7np0:192.168.50.193<0>
MOC-R4PCC04U05:458685:458729 [2] NCCL INFO NET/Plugin: Could not find: libnccl-net.so. Using internal net plugin.
MOC-R4PCC04U05:458685:458729 [2] NCCL INFO NET/Socket : Using [0]eno7np0:192.168.50.193<0>
MOC-R4PCC04U05:458684:458730 [1] NCCL INFO NET/Plugin: Could not find: libnccl-net.so. Using internal net plugin.
MOC-R4PCC04U05:458684:458730 [1] NCCL INFO NET/Socket : Using [0]eno7np0:192.168.50.193<0>
MOC-R4PCC04U05:458686:458728 [3] NCCL INFO NET/Socket : GPU Direct RDMA Disabled for HCA 0 'eno7np0'
MOC-R4PCC04U05:458683:458727 [0] NCCL INFO NET/Socket : GPU Direct RDMA Disabled for HCA 0 'eno7np0'
MOC-R4PCC04U05:458684:458730 [1] NCCL INFO NET/Socket : GPU Direct RDMA Disabled for HCA 0 'eno7np0'
MOC-R4PCC04U05:458685:458729 [2] NCCL INFO NET/Socket : GPU Direct RDMA Disabled for HCA 0 'eno7np0'
MOC-R4PCC04U05:458684:458761 [1] NCCL INFO New proxy recv connection 0 from local rank 1, transport 0
MOC-R4PCC04U05:458684:458814 [1] NCCL INFO Connected to proxy localRank 1 -> connection 0x7fe128004f30
MOC-R4PCC04U05:458684:458761 [1] NCCL INFO New proxy recv connection 1 from local rank 1, transport 0
MOC-R4PCC04U05:458684:458814 [1] NCCL INFO Connected to proxy localRank 1 -> connection 0x7fe128004fa8
MOC-R4PCC04U05:458683:458766 [0] NCCL INFO New proxy send connection 0 from local rank 0, transport 0
MOC-R4PCC04U05:458683:458815 [0] NCCL INFO Connected to proxy localRank 0 -> connection 0x7fd9cc004f30
MOC-R4PCC04U05:458686:458760 [3] NCCL INFO New proxy recv connection 0 from local rank 3, transport 0
MOC-R4PCC04U05:458686:458816 [3] NCCL INFO Connected to proxy localRank 3 -> connection 0x7f3b58004f30
MOC-R4PCC04U05:458685:458762 [2] NCCL INFO New proxy recv connection 0 from local rank 2, transport 0
MOC-R4PCC04U05:458685:458817 [2] NCCL INFO Connected to proxy localRank 2 -> connection 0x7f8310004f30
MOC-R4PCC04U05:458683:458766 [0] NCCL INFO New proxy send connection 1 from local rank 0, transport 0
MOC-R4PCC04U05:458683:458815 [0] NCCL INFO Connected to proxy localRank 0 -> connection 0x7fd9cc004fa8
MOC-R4PCC04U05:458685:458762 [2] NCCL INFO New proxy recv connection 1 from local rank 2, transport 0
MOC-R4PCC04U05:458686:458760 [3] NCCL INFO New proxy recv connection 1 from local rank 3, transport 0
MOC-R4PCC04U05:458685:458817 [2] NCCL INFO Connected to proxy localRank 2 -> connection 0x7f8310004fa8
MOC-R4PCC04U05:458686:458816 [3] NCCL INFO Connected to proxy localRank 3 -> connection 0x7f3b58004fa8
MOC-R4PCC04U05:458683:458766 [0] NCCL INFO New proxy send connection 2 from local rank 0, transport 0
MOC-R4PCC04U05:458683:458815 [0] NCCL INFO Connected to proxy localRank 0 -> connection 0x7fd9cc005020
MOC-R4PCC04U05:458683:458766 [0] NCCL INFO New proxy send connection 3 from local rank 0, transport 0
MOC-R4PCC04U05:458683:458815 [0] NCCL INFO Connected to proxy localRank 0 -> connection 0x7fd9cc005098
MOC-R4PCC04U05:458685:458762 [2] NCCL INFO New proxy recv connection 2 from local rank 2, transport 2
MOC-R4PCC04U05:458685:458817 [2] NCCL INFO Connected to proxy localRank 2 -> connection 0x7f8310005020
MOC-R4PCC04U05:458686:458760 [3] NCCL INFO New proxy send connection 2 from local rank 3, transport 2
MOC-R4PCC04U05:458686:458816 [3] NCCL INFO Connected to proxy localRank 3 -> connection 0x7f3b58005020
MOC-R4PCC04U05:458685:458817 [2] NCCL INFO Channel 00/0 : 7[3] -> 2[2] [receive] via NET/Socket/0
MOC-R4PCC04U05:458685:458762 [2] NCCL INFO New proxy recv connection 3 from local rank 2, transport 2
MOC-R4PCC04U05:458685:458817 [2] NCCL INFO Connected to proxy localRank 2 -> connection 0x7f8310005098
MOC-R4PCC04U05:458686:458816 [3] NCCL INFO Channel 00/0 : 3[3] -> 6[2] [send] via NET/Socket/0
MOC-R4PCC04U05:458686:458760 [3] NCCL INFO New proxy send connection 3 from local rank 3, transport 2
MOC-R4PCC04U05:458686:458816 [3] NCCL INFO Connected to proxy localRank 3 -> connection 0x7f3b58005098
MOC-R4PCC04U05:458685:458817 [2] NCCL INFO Channel 02/0 : 7[3] -> 2[2] [receive] via NET/Socket/0
MOC-R4PCC04U05:458686:458816 [3] NCCL INFO Channel 02/0 : 3[3] -> 6[2] [send] via NET/Socket/0
MOC-R4PCC04U05:458683:458766 [0] NCCL INFO New proxy recv connection 4 from local rank 0, transport 0
MOC-R4PCC04U05:458683:458815 [0] NCCL INFO Connected to proxy localRank 0 -> connection 0x7fd9cc005110
MOC-R4PCC04U05:458683:458766 [0] NCCL INFO New proxy recv connection 5 from local rank 0, transport 0
MOC-R4PCC04U05:458683:458815 [0] NCCL INFO Connected to proxy localRank 0 -> connection 0x7fd9cc005188
MOC-R4PCC04U05:458683:458766 [0] NCCL INFO New proxy recv connection 6 from local rank 0, transport 0
MOC-R4PCC04U05:458683:458815 [0] NCCL INFO Connected to proxy localRank 0 -> connection 0x7fd9cc005200
MOC-R4PCC04U05:458683:458766 [0] NCCL INFO New proxy recv connection 7 from local rank 0, transport 0
MOC-R4PCC04U05:458683:458815 [0] NCCL INFO Connected to proxy localRank 0 -> connection 0x7fd9cc005278
MOC-R4PCC04U05:458686:458760 [3] NCCL INFO New proxy recv connection 4 from local rank 3, transport 2
MOC-R4PCC04U05:458686:458816 [3] NCCL INFO Connected to proxy localRank 3 -> connection 0x7f3b58005110
MOC-R4PCC04U05:458686:458816 [3] NCCL INFO Channel 01/0 : 6[2] -> 3[3] [receive] via NET/Socket/0
MOC-R4PCC04U05:458686:458760 [3] NCCL INFO New proxy recv connection 5 from local rank 3, transport 2
MOC-R4PCC04U05:458686:458816 [3] NCCL INFO Connected to proxy localRank 3 -> connection 0x7f3b58005188
MOC-R4PCC04U05:458686:458816 [3] NCCL INFO Channel 03/0 : 6[2] -> 3[3] [receive] via NET/Socket/0
MOC-R4PCC04U05:458686:458760 [3] NCCL INFO New proxy send connection 6 from local rank 3, transport 0
MOC-R4PCC04U05:458686:458816 [3] NCCL INFO Connected to proxy localRank 3 -> connection 0x7f3b58005200
MOC-R4PCC04U05:458686:458760 [3] NCCL INFO New proxy send connection 7 from local rank 3, transport 0
MOC-R4PCC04U05:458686:458816 [3] NCCL INFO Connected to proxy localRank 3 -> connection 0x7f3b58005278
MOC-R4PCC04U05:458684:458761 [1] NCCL INFO New proxy recv connection 2 from local rank 1, transport 0
MOC-R4PCC04U05:458684:458814 [1] NCCL INFO Connected to proxy localRank 1 -> connection 0x7fe128005020
MOC-R4PCC04U05:458683:458766 [0] NCCL INFO New proxy send connection 8 from local rank 3, transport 0
MOC-R4PCC04U05:458686:458816 [3] NCCL INFO Connected to proxy localRank 0 -> connection 0x7fd9cc0052f0
MOC-R4PCC04U05:458684:458761 [1] NCCL INFO New proxy recv connection 3 from local rank 1, transport 0
MOC-R4PCC04U05:458684:458814 [1] NCCL INFO Connected to proxy localRank 1 -> connection 0x7fe128005098
MOC-R4PCC04U05:458684:458761 [1] NCCL INFO New proxy send connection 4 from local rank 1, transport 0
MOC-R4PCC04U05:458684:458814 [1] NCCL INFO Connected to proxy localRank 1 -> connection 0x7fe128005110
MOC-R4PCC04U05:458685:458762 [2] NCCL INFO New proxy send connection 4 from local rank 2, transport 2
MOC-R4PCC04U05:458685:458817 [2] NCCL INFO Connected to proxy localRank 2 -> connection 0x7f8310005110
MOC-R4PCC04U05:458685:458817 [2] NCCL INFO Channel 01/0 : 2[2] -> 7[3] [send] via NET/Socket/0
MOC-R4PCC04U05:458685:458762 [2] NCCL INFO New proxy send connection 5 from local rank 2, transport 2
MOC-R4PCC04U05:458685:458817 [2] NCCL INFO Connected to proxy localRank 2 -> connection 0x7f8310005188
MOC-R4PCC04U05:458685:458817 [2] NCCL INFO Channel 03/0 : 2[2] -> 7[3] [send] via NET/Socket/0
MOC-R4PCC04U05:458685:458762 [2] NCCL INFO New proxy send connection 6 from local rank 2, transport 0
MOC-R4PCC04U05:458685:458817 [2] NCCL INFO Connected to proxy localRank 2 -> connection 0x7f8310005200
MOC-R4PCC04U05:458685:458762 [2] NCCL INFO New proxy send connection 7 from local rank 2, transport 0
MOC-R4PCC04U05:458684:458761 [1] NCCL INFO New proxy send connection 5 from local rank 1, transport 0
MOC-R4PCC04U05:458685:458817 [2] NCCL INFO Connected to proxy localRank 2 -> connection 0x7f8310005278
MOC-R4PCC04U05:458684:458814 [1] NCCL INFO Connected to proxy localRank 1 -> connection 0x7fe128005188
MOC-R4PCC04U05:458684:458761 [1] NCCL INFO New proxy send connection 6 from local rank 1, transport 0
MOC-R4PCC04U05:458684:458814 [1] NCCL INFO Connected to proxy localRank 1 -> connection 0x7fe128005200
MOC-R4PCC04U05:458684:458761 [1] NCCL INFO New proxy send connection 7 from local rank 1, transport 0
MOC-R4PCC04U05:458684:458814 [1] NCCL INFO Connected to proxy localRank 1 -> connection 0x7fe128005278
MOC-R4PCC04U05:458685:458762 [2] NCCL INFO New proxy send connection 8 from local rank 0, transport 0
MOC-R4PCC04U05:458683:458815 [0] NCCL INFO Connected to proxy localRank 2 -> connection 0x7f83100052f0
MOC-R4PCC04U05:458683:458766 [0] NCCL INFO New proxy send connection 9 from local rank 2, transport 0
MOC-R4PCC04U05:458685:458817 [2] NCCL INFO Connected to proxy localRank 0 -> connection 0x7fd9cc005368
MOC-R4PCC04U05:458684:458761 [1] NCCL INFO New proxy send connection 8 from local rank 3, transport 0
MOC-R4PCC04U05:458686:458816 [3] NCCL INFO Connected to proxy localRank 1 -> connection 0x7fe1280052f0
MOC-R4PCC04U05:458686:458760 [3] NCCL INFO New proxy send connection 8 from local rank 1, transport 0
MOC-R4PCC04U05:458684:458814 [1] NCCL INFO Connected to proxy localRank 3 -> connection 0x7f3b580052f0
MOC-R4PCC04U05:458684:458761 [1] NCCL INFO New proxy send connection 9 from local rank 2, transport 0
MOC-R4PCC04U05:458685:458817 [2] NCCL INFO Connected to proxy localRank 1 -> connection 0x7fe128005368
MOC-R4PCC04U05:458686:458760 [3] NCCL INFO New proxy send connection 9 from local rank 0, transport 0
MOC-R4PCC04U05:458683:458815 [0] NCCL INFO Connected to proxy localRank 3 -> connection 0x7f3b58005368
MOC-R4PCC04U05:458683:458766 [0] NCCL INFO New proxy send connection 10 from local rank 1, transport 0
MOC-R4PCC04U05:458684:458814 [1] NCCL INFO Connected to proxy localRank 0 -> connection 0x7fd9cc0053e0
MOC-R4PCC04U05:458685:458762 [2] NCCL INFO New proxy send connection 9 from local rank 1, transport 0
MOC-R4PCC04U05:458684:458814 [1] NCCL INFO Connected to proxy localRank 2 -> connection 0x7f8310005368
MOC-R4PCC04U05:458684:458761 [1] NCCL INFO New proxy send connection 10 from local rank 0, transport 0
MOC-R4PCC04U05:458683:458815 [0] NCCL INFO Connected to proxy localRank 1 -> connection 0x7fe1280053e0
num decayed parameter tensors: 50, with 124,318,464 parameters
num non-decayed parameter tensors: 98, with 121,344 parameters
using fused AdamW: False
using regular AdamW
MOC-R4PCC04U05:458685:458762 [2] NCCL INFO New proxy recv connection 10 from local rank 2, transport 0
MOC-R4PCC04U05:458685:459456 [2] NCCL INFO Connected to proxy localRank 2 -> connection 0x7f83100053e0
MOC-R4PCC04U05:458685:458762 [2] NCCL INFO New proxy recv connection 11 from local rank 2, transport 0
MOC-R4PCC04U05:458685:459456 [2] NCCL INFO Connected to proxy localRank 2 -> connection 0x7f8310005458
MOC-R4PCC04U05:458685:458762 [2] NCCL INFO New proxy recv connection 12 from local rank 2, transport 0
MOC-R4PCC04U05:458685:459456 [2] NCCL INFO Connected to proxy localRank 2 -> connection 0x7f83100054d0
MOC-R4PCC04U05:458685:458762 [2] NCCL INFO New proxy recv connection 13 from local rank 2, transport 0
MOC-R4PCC04U05:458685:459456 [2] NCCL INFO Connected to proxy localRank 2 -> connection 0x7f8310005548
MOC-R4PCC04U05:458683:458766 [0] NCCL INFO New proxy send connection 11 from local rank 0, transport 0
MOC-R4PCC04U05:458683:459457 [0] NCCL INFO Connected to proxy localRank 0 -> connection 0x7fd9cc005458
MOC-R4PCC04U05:458683:458766 [0] NCCL INFO New proxy send connection 12 from local rank 0, transport 0
MOC-R4PCC04U05:458683:459457 [0] NCCL INFO Connected to proxy localRank 0 -> connection 0x7fd9cc0054d0
MOC-R4PCC04U05:458683:458766 [0] NCCL INFO New proxy send connection 13 from local rank 0, transport 0
MOC-R4PCC04U05:458683:459457 [0] NCCL INFO Connected to proxy localRank 0 -> connection 0x7fd9cc005548
MOC-R4PCC04U05:458683:458766 [0] NCCL INFO New proxy send connection 14 from local rank 0, transport 0
MOC-R4PCC04U05:458683:459457 [0] NCCL INFO Connected to proxy localRank 0 -> connection 0x7fd9cc0055c0
MOC-R4PCC04U05:458684:458761 [1] NCCL INFO New proxy recv connection 11 from local rank 1, transport 0
MOC-R4PCC04U05:458684:459458 [1] NCCL INFO Connected to proxy localRank 1 -> connection 0x7fe128005458
MOC-R4PCC04U05:458684:458761 [1] NCCL INFO New proxy recv connection 12 from local rank 1, transport 0
MOC-R4PCC04U05:458684:459458 [1] NCCL INFO Connected to proxy localRank 1 -> connection 0x7fe1280054d0
MOC-R4PCC04U05:458684:458761 [1] NCCL INFO New proxy recv connection 13 from local rank 1, transport 0
MOC-R4PCC04U05:458684:459458 [1] NCCL INFO Connected to proxy localRank 1 -> connection 0x7fe128005548
MOC-R4PCC04U05:458684:458761 [1] NCCL INFO New proxy recv connection 14 from local rank 1, transport 0
MOC-R4PCC04U05:458684:459458 [1] NCCL INFO Connected to proxy localRank 1 -> connection 0x7fe1280055c0
MOC-R4PCC04U05:458684:458761 [1] NCCL INFO New proxy send connection 15 from local rank 1, transport 0
MOC-R4PCC04U05:458684:459458 [1] NCCL INFO Connected to proxy localRank 1 -> connection 0x7fe128005638
MOC-R4PCC04U05:458684:458761 [1] NCCL INFO New proxy send connection 16 from local rank 1, transport 0
MOC-R4PCC04U05:458684:459458 [1] NCCL INFO Connected to proxy localRank 1 -> connection 0x7fe1280056b0
MOC-R4PCC04U05:458684:458761 [1] NCCL INFO New proxy send connection 17 from local rank 1, transport 0
MOC-R4PCC04U05:458684:459458 [1] NCCL INFO Connected to proxy localRank 1 -> connection 0x7fe128005728
MOC-R4PCC04U05:458684:458761 [1] NCCL INFO New proxy send connection 18 from local rank 1, transport 0
MOC-R4PCC04U05:458684:459458 [1] NCCL INFO Connected to proxy localRank 1 -> connection 0x7fe1280057a0
MOC-R4PCC04U05:458683:458766 [0] NCCL INFO New proxy send connection 15 from local rank 0, transport 0
MOC-R4PCC04U05:458683:459457 [0] NCCL INFO Connected to proxy localRank 0 -> connection 0x7fd9cc005638
MOC-R4PCC04U05:458684:458761 [1] NCCL INFO New proxy recv connection 19 from local rank 1, transport 0
MOC-R4PCC04U05:458684:459458 [1] NCCL INFO Connected to proxy localRank 1 -> connection 0x7fe128005818
MOC-R4PCC04U05:458685:458762 [2] NCCL INFO New proxy send connection 14 from local rank 2, transport 0
MOC-R4PCC04U05:458685:459456 [2] NCCL INFO Connected to proxy localRank 2 -> connection 0x7f83100055c0
MOC-R4PCC04U05:458683:458766 [0] NCCL INFO New proxy send connection 16 from local rank 0, transport 0
MOC-R4PCC04U05:458683:459457 [0] NCCL INFO Connected to proxy localRank 0 -> connection 0x7fd9cc0056b0
MOC-R4PCC04U05:458684:458761 [1] NCCL INFO New proxy recv connection 20 from local rank 1, transport 0
MOC-R4PCC04U05:458684:459458 [1] NCCL INFO Connected to proxy localRank 1 -> connection 0x7fe128005890
MOC-R4PCC04U05:458685:458762 [2] NCCL INFO New proxy send connection 15 from local rank 2, transport 0
MOC-R4PCC04U05:458685:459456 [2] NCCL INFO Connected to proxy localRank 2 -> connection 0x7f8310005638
MOC-R4PCC04U05:458686:458760 [3] NCCL INFO New proxy recv connection 10 from local rank 3, transport 0
MOC-R4PCC04U05:458686:459459 [3] NCCL INFO Connected to proxy localRank 3 -> connection 0x7f3b580053e0
MOC-R4PCC04U05:458686:458760 [3] NCCL INFO New proxy recv connection 11 from local rank 3, transport 0
MOC-R4PCC04U05:458686:459459 [3] NCCL INFO Connected to proxy localRank 3 -> connection 0x7f3b58005458
MOC-R4PCC04U05:458683:458766 [0] NCCL INFO New proxy recv connection 17 from local rank 0, transport 0
MOC-R4PCC04U05:458686:458760 [3] NCCL INFO New proxy recv connection 12 from local rank 3, transport 2
MOC-R4PCC04U05:458683:459457 [0] NCCL INFO Connected to proxy localRank 0 -> connection 0x7fd9cc005728
MOC-R4PCC04U05:458686:459459 [3] NCCL INFO Connected to proxy localRank 3 -> connection 0x7f3b580054d0
MOC-R4PCC04U05:458686:459459 [3] NCCL INFO Channel 00/0 : 7[3] -> 3[3] [receive] via NET/Socket/0
MOC-R4PCC04U05:458686:458760 [3] NCCL INFO New proxy recv connection 13 from local rank 3, transport 2
MOC-R4PCC04U05:458686:459459 [3] NCCL INFO Connected to proxy localRank 3 -> connection 0x7f3b58005548
MOC-R4PCC04U05:458686:459459 [3] NCCL INFO Channel 01/0 : 7[3] -> 3[3] [receive] via NET/Socket/0
MOC-R4PCC04U05:458686:458760 [3] NCCL INFO New proxy recv connection 14 from local rank 3, transport 2
MOC-R4PCC04U05:458686:459459 [3] NCCL INFO Connected to proxy localRank 3 -> connection 0x7f3b580055c0
MOC-R4PCC04U05:458683:458766 [0] NCCL INFO New proxy recv connection 18 from local rank 0, transport 0
MOC-R4PCC04U05:458683:459457 [0] NCCL INFO Connected to proxy localRank 0 -> connection 0x7fd9cc0057a0
MOC-R4PCC04U05:458686:459459 [3] NCCL INFO Channel 02/0 : 7[3] -> 3[3] [receive] via NET/Socket/0
MOC-R4PCC04U05:458686:458760 [3] NCCL INFO New proxy recv connection 15 from local rank 3, transport 2
MOC-R4PCC04U05:458686:459459 [3] NCCL INFO Connected to proxy localRank 3 -> connection 0x7f3b58005638
MOC-R4PCC04U05:458683:458766 [0] NCCL INFO New proxy recv connection 19 from local rank 0, transport 0
MOC-R4PCC04U05:458683:459457 [0] NCCL INFO Connected to proxy localRank 0 -> connection 0x7fd9cc005818
MOC-R4PCC04U05:458683:458766 [0] NCCL INFO New proxy recv connection 20 from local rank 0, transport 0
MOC-R4PCC04U05:458686:459459 [3] NCCL INFO Channel 03/0 : 7[3] -> 3[3] [receive] via NET/Socket/0
MOC-R4PCC04U05:458683:459457 [0] NCCL INFO Connected to proxy localRank 0 -> connection 0x7fd9cc005890
MOC-R4PCC04U05:458686:458760 [3] NCCL INFO New proxy send connection 16 from local rank 3, transport 2
MOC-R4PCC04U05:458686:459459 [3] NCCL INFO Connected to proxy localRank 3 -> connection 0x7f3b580056b0
MOC-R4PCC04U05:458686:459459 [3] NCCL INFO Channel 00/0 : 3[3] -> 7[3] [send] via NET/Socket/0
MOC-R4PCC04U05:458686:458760 [3] NCCL INFO New proxy send connection 17 from local rank 3, transport 2
MOC-R4PCC04U05:458686:459459 [3] NCCL INFO Connected to proxy localRank 3 -> connection 0x7f3b58005728
MOC-R4PCC04U05:458686:459459 [3] NCCL INFO Channel 01/0 : 3[3] -> 7[3] [send] via NET/Socket/0
MOC-R4PCC04U05:458686:458760 [3] NCCL INFO New proxy send connection 18 from local rank 3, transport 2
MOC-R4PCC04U05:458686:459459 [3] NCCL INFO Connected to proxy localRank 3 -> connection 0x7f3b580057a0
MOC-R4PCC04U05:458686:459459 [3] NCCL INFO Channel 02/0 : 3[3] -> 7[3] [send] via NET/Socket/0
MOC-R4PCC04U05:458686:458760 [3] NCCL INFO New proxy send connection 19 from local rank 3, transport 2
MOC-R4PCC04U05:458686:459459 [3] NCCL INFO Connected to proxy localRank 3 -> connection 0x7f3b58005818
MOC-R4PCC04U05:458686:459459 [3] NCCL INFO Channel 03/0 : 3[3] -> 7[3] [send] via NET/Socket/0
MOC-R4PCC04U05:458686:458760 [3] NCCL INFO New proxy send connection 20 from local rank 3, transport 0
MOC-R4PCC04U05:458686:459459 [3] NCCL INFO Connected to proxy localRank 3 -> connection 0x7f3b58005890
MOC-R4PCC04U05:458686:458760 [3] NCCL INFO New proxy send connection 21 from local rank 3, transport 0
MOC-R4PCC04U05:458686:459459 [3] NCCL INFO Connected to proxy localRank 3 -> connection 0x7f3b58005908
MOC-R4PCC04U05:458686:458760 [3] NCCL INFO New proxy send connection 22 from local rank 3, transport 0
MOC-R4PCC04U05:458686:459459 [3] NCCL INFO Connected to proxy localRank 3 -> connection 0x7f3b58005980
MOC-R4PCC04U05:458686:458760 [3] NCCL INFO New proxy send connection 23 from local rank 3, transport 0
MOC-R4PCC04U05:458686:459459 [3] NCCL INFO Connected to proxy localRank 3 -> connection 0x7f3b580059f8
step    1/10 | train loss 11.009807 | norm 15.3616 | lr 1.00e-04 | (14904.82 ms | 140703 tok/s)
step    2/10 | train loss 10.138540 | norm 5.7423 | lr 1.00e-04 | (706.74 ms | 2967359 tok/s)
step    3/10 | train loss 9.797911 | norm 2.6066 | lr 1.00e-04 | (705.76 ms | 2971473 tok/s)
step    4/10 | train loss 9.628579 | norm 2.1114 | lr 1.00e-04 | (703.46 ms | 2981207 tok/s)
step    5/10 | train loss 9.545597 | norm 2.1044 | lr 1.00e-04 | (704.58 ms | 2976447 tok/s)
step    6/10 | train loss 9.464417 | norm 1.9969 | lr 1.00e-04 | (705.37 ms | 2973120 tok/s)
step    7/10 | train loss 9.378775 | norm 1.9478 | lr 1.00e-04 | (702.62 ms | 2984754 tok/s)
step    8/10 | train loss 9.286813 | norm 1.9138 | lr 1.00e-04 | (706.28 ms | 2969311 tok/s)
step    9/10 | train loss 9.191322 | norm 1.8554 | lr 1.00e-04 | (702.51 ms | 2985247 tok/s)
step   10/10 | train loss 9.107035 | norm 1.7972 | lr 1.00e-04 | (708.88 ms | 2958422 tok/s)
final 9 iters avg: 705.132ms
peak memory consumption: 16601 MiB
