Running pytorch 2.7.0+cu126
using device: cuda:0
total desired batch size: 1572864
=> calculated gradient accumulation steps: 6
using device: cuda:3
using device: cuda:1
using device: cuda:2
compiling the model...
DataLoader: total number of tokens: 1,661,249,667 across 103 files
MOC-R4PCC04U05:454337:454337 [0] NCCL INFO NCCL_SOCKET_IFNAME set to eno7np0
MOC-R4PCC04U05:454337:454337 [0] NCCL INFO NCCL version 2.26.2+cuda12.2
MOC-R4PCC04U05:454337:454378 [0] NCCL INFO NET/Plugin: Could not find: libnccl-net.so. Using internal net plugin.
MOC-R4PCC04U05:454337:454378 [0] NCCL INFO NCCL_IB_HCA set to mlx5_5
MOC-R4PCC04U05:454337:454378 [0] NCCL INFO NET/IB : Made virtual device [0] name=mlx5_5 speed=400000 ndevs=1
MOC-R4PCC04U05:454337:454378 [0] NCCL INFO NET/IB : Using [0]mlx5_5:1/RoCE [RO]; OOB eno7np0:192.168.50.193<0>
MOC-R4PCC04U05:454338:454338 [1] NCCL INFO NCCL_SOCKET_IFNAME set to eno7np0
MOC-R4PCC04U05:454339:454339 [2] NCCL INFO NCCL_SOCKET_IFNAME set to eno7np0
MOC-R4PCC04U05:454338:454338 [1] NCCL INFO NCCL version 2.26.2+cuda12.2
MOC-R4PCC04U05:454339:454339 [2] NCCL INFO NCCL version 2.26.2+cuda12.2
MOC-R4PCC04U05:454340:454340 [3] NCCL INFO NCCL_SOCKET_IFNAME set to eno7np0
MOC-R4PCC04U05:454340:454340 [3] NCCL INFO NCCL version 2.26.2+cuda12.2
MOC-R4PCC04U05:454340:454381 [3] NCCL INFO NET/Plugin: Could not find: libnccl-net.so. Using internal net plugin.
MOC-R4PCC04U05:454339:454380 [2] NCCL INFO NET/Plugin: Could not find: libnccl-net.so. Using internal net plugin.
MOC-R4PCC04U05:454338:454382 [1] NCCL INFO NET/Plugin: Could not find: libnccl-net.so. Using internal net plugin.
MOC-R4PCC04U05:454340:454381 [3] NCCL INFO NCCL_IB_HCA set to mlx5_5
MOC-R4PCC04U05:454339:454380 [2] NCCL INFO NCCL_IB_HCA set to mlx5_5
MOC-R4PCC04U05:454338:454382 [1] NCCL INFO NCCL_IB_HCA set to mlx5_5
MOC-R4PCC04U05:454340:454381 [3] NCCL INFO NET/IB : Made virtual device [0] name=mlx5_5 speed=400000 ndevs=1
MOC-R4PCC04U05:454340:454381 [3] NCCL INFO NET/IB : Using [0]mlx5_5:1/RoCE [RO]; OOB eno7np0:192.168.50.193<0>
MOC-R4PCC04U05:454339:454380 [2] NCCL INFO NET/IB : Made virtual device [0] name=mlx5_5 speed=400000 ndevs=1
MOC-R4PCC04U05:454339:454380 [2] NCCL INFO NET/IB : Using [0]mlx5_5:1/RoCE [RO]; OOB eno7np0:192.168.50.193<0>
MOC-R4PCC04U05:454338:454382 [1] NCCL INFO NET/IB : Made virtual device [0] name=mlx5_5 speed=400000 ndevs=1
MOC-R4PCC04U05:454338:454382 [1] NCCL INFO NET/IB : Using [0]mlx5_5:1/RoCE [RO]; OOB eno7np0:192.168.50.193<0>
MOC-R4PCC04U05:454339:454380 [2] NCCL INFO NET/IB : GPU Direct RDMA Enabled for HCA 0 'mlx5_5'
MOC-R4PCC04U05:454339:454380 [2] NCCL INFO NET/IB : Made virtual device [1] name=mlx5_5 speed=400000 ndevs=1
MOC-R4PCC04U05:454339:454380 [2] NCCL INFO NET/IB : GPU Direct RDMA Enabled for HCA 0 'mlx5_5'
MOC-R4PCC04U05:454339:454380 [2] NCCL INFO NET/IB : GPU Direct RDMA Enabled for HCA 1 'mlx5_5'
MOC-R4PCC04U05:454337:454378 [0] NCCL INFO NET/IB : GPU Direct RDMA Enabled for HCA 0 'mlx5_5'
MOC-R4PCC04U05:454337:454378 [0] NCCL INFO NET/IB : Made virtual device [1] name=mlx5_5 speed=400000 ndevs=1
MOC-R4PCC04U05:454337:454378 [0] NCCL INFO NET/IB : GPU Direct RDMA Enabled for HCA 0 'mlx5_5'
MOC-R4PCC04U05:454337:454378 [0] NCCL INFO NET/IB : GPU Direct RDMA Enabled for HCA 1 'mlx5_5'
MOC-R4PCC04U05:454340:454381 [3] NCCL INFO NET/IB : GPU Direct RDMA Enabled for HCA 0 'mlx5_5'
MOC-R4PCC04U05:454340:454381 [3] NCCL INFO NET/IB : Made virtual device [1] name=mlx5_5 speed=400000 ndevs=1
MOC-R4PCC04U05:454340:454381 [3] NCCL INFO NET/IB : GPU Direct RDMA Enabled for HCA 0 'mlx5_5'
MOC-R4PCC04U05:454340:454381 [3] NCCL INFO NET/IB : GPU Direct RDMA Enabled for HCA 1 'mlx5_5'
MOC-R4PCC04U05:454338:454382 [1] NCCL INFO NET/IB : GPU Direct RDMA Enabled for HCA 0 'mlx5_5'
MOC-R4PCC04U05:454338:454382 [1] NCCL INFO NET/IB : Made virtual device [1] name=mlx5_5 speed=400000 ndevs=1
MOC-R4PCC04U05:454338:454382 [1] NCCL INFO NET/IB : GPU Direct RDMA Enabled for HCA 0 'mlx5_5'
MOC-R4PCC04U05:454338:454382 [1] NCCL INFO NET/IB : GPU Direct RDMA Enabled for HCA 1 'mlx5_5'
MOC-R4PCC04U05:454339:454380 [2] NCCL INFO NCCL_NET_GDR_LEVEL set by environment to LOC
MOC-R4PCC04U05:454339:454380 [2] NCCL INFO GPU Direct RDMA Disabled for GPU 0 / HCA 1 (distance 5 > 0)
MOC-R4PCC04U05:454339:454380 [2] NCCL INFO GPU Direct RDMA Disabled for GPU 1 / HCA 1 (distance 5 > 0)
MOC-R4PCC04U05:454339:454380 [2] NCCL INFO GPU Direct RDMA Disabled for GPU 2 / HCA 1 (distance 5 > 0)
MOC-R4PCC04U05:454337:454378 [0] NCCL INFO NCCL_NET_GDR_LEVEL set by environment to LOC
MOC-R4PCC04U05:454337:454378 [0] NCCL INFO GPU Direct RDMA Disabled for GPU 0 / HCA 1 (distance 5 > 0)
MOC-R4PCC04U05:454337:454378 [0] NCCL INFO GPU Direct RDMA Disabled for GPU 1 / HCA 1 (distance 5 > 0)
MOC-R4PCC04U05:454337:454378 [0] NCCL INFO GPU Direct RDMA Disabled for GPU 2 / HCA 1 (distance 5 > 0)
MOC-R4PCC04U05:454339:454380 [2] NCCL INFO GPU Direct RDMA Disabled for GPU 0 / HCA 1 (distance 5 > 0)
MOC-R4PCC04U05:454339:454380 [2] NCCL INFO GPU Direct RDMA Disabled for GPU 1 / HCA 1 (distance 5 > 0)
MOC-R4PCC04U05:454339:454380 [2] NCCL INFO GPU Direct RDMA Disabled for GPU 2 / HCA 1 (distance 5 > 0)
MOC-R4PCC04U05:454338:454382 [1] NCCL INFO NCCL_NET_GDR_LEVEL set by environment to LOC
MOC-R4PCC04U05:454338:454382 [1] NCCL INFO GPU Direct RDMA Disabled for GPU 0 / HCA 1 (distance 5 > 0)
MOC-R4PCC04U05:454338:454382 [1] NCCL INFO GPU Direct RDMA Disabled for GPU 1 / HCA 1 (distance 5 > 0)
MOC-R4PCC04U05:454338:454382 [1] NCCL INFO GPU Direct RDMA Disabled for GPU 2 / HCA 1 (distance 5 > 0)
MOC-R4PCC04U05:454337:454378 [0] NCCL INFO GPU Direct RDMA Disabled for GPU 0 / HCA 1 (distance 5 > 0)
MOC-R4PCC04U05:454337:454378 [0] NCCL INFO GPU Direct RDMA Disabled for GPU 1 / HCA 1 (distance 5 > 0)
MOC-R4PCC04U05:454337:454378 [0] NCCL INFO GPU Direct RDMA Disabled for GPU 2 / HCA 1 (distance 5 > 0)
MOC-R4PCC04U05:454338:454382 [1] NCCL INFO GPU Direct RDMA Disabled for GPU 0 / HCA 1 (distance 5 > 0)
MOC-R4PCC04U05:454338:454382 [1] NCCL INFO GPU Direct RDMA Disabled for GPU 1 / HCA 1 (distance 5 > 0)
MOC-R4PCC04U05:454338:454382 [1] NCCL INFO GPU Direct RDMA Disabled for GPU 2 / HCA 1 (distance 5 > 0)
MOC-R4PCC04U05:454340:454381 [3] NCCL INFO NCCL_NET_GDR_LEVEL set by environment to LOC
MOC-R4PCC04U05:454340:454381 [3] NCCL INFO GPU Direct RDMA Disabled for GPU 0 / HCA 1 (distance 5 > 0)
MOC-R4PCC04U05:454340:454381 [3] NCCL INFO GPU Direct RDMA Disabled for GPU 1 / HCA 1 (distance 5 > 0)
MOC-R4PCC04U05:454340:454381 [3] NCCL INFO GPU Direct RDMA Disabled for GPU 2 / HCA 1 (distance 5 > 0)
MOC-R4PCC04U05:454340:454381 [3] NCCL INFO GPU Direct RDMA Disabled for GPU 0 / HCA 1 (distance 5 > 0)
MOC-R4PCC04U05:454340:454381 [3] NCCL INFO GPU Direct RDMA Disabled for GPU 1 / HCA 1 (distance 5 > 0)
MOC-R4PCC04U05:454340:454381 [3] NCCL INFO GPU Direct RDMA Disabled for GPU 2 / HCA 1 (distance 5 > 0)
MOC-R4PCC04U05:454337:454395 [0] NCCL INFO New proxy send connection 0 from local rank 0, transport 0
MOC-R4PCC04U05:454337:454402 [0] NCCL INFO Connected to proxy localRank 0 -> connection 0x7efc88004f30
MOC-R4PCC04U05:454337:454395 [0] NCCL INFO New proxy send connection 1 from local rank 0, transport 0
MOC-R4PCC04U05:454337:454402 [0] NCCL INFO Connected to proxy localRank 0 -> connection 0x7efc88004fa8
MOC-R4PCC04U05:454340:454394 [3] NCCL INFO New proxy recv connection 0 from local rank 3, transport 0
MOC-R4PCC04U05:454340:454403 [3] NCCL INFO Connected to proxy localRank 3 -> connection 0x7fa3e8004f30
MOC-R4PCC04U05:454340:454394 [3] NCCL INFO New proxy recv connection 1 from local rank 3, transport 0
MOC-R4PCC04U05:454340:454403 [3] NCCL INFO Connected to proxy localRank 3 -> connection 0x7fa3e8004fa8
MOC-R4PCC04U05:454339:454398 [2] NCCL INFO New proxy recv connection 0 from local rank 2, transport 0
MOC-R4PCC04U05:454339:454404 [2] NCCL INFO Connected to proxy localRank 2 -> connection 0x7fe86c004f30
MOC-R4PCC04U05:454339:454398 [2] NCCL INFO New proxy recv connection 1 from local rank 2, transport 0
MOC-R4PCC04U05:454340:454403 [3] NCCL INFO GPU Direct RDMA Disabled for GPU 3 / HCA 1 (distance 7 > 0)
MOC-R4PCC04U05:454339:454404 [2] NCCL INFO Connected to proxy localRank 2 -> connection 0x7fe86c004fa8
MOC-R4PCC04U05:454338:454396 [1] NCCL INFO New proxy recv connection 0 from local rank 1, transport 0
MOC-R4PCC04U05:454338:454405 [1] NCCL INFO Connected to proxy localRank 1 -> connection 0x7facf4004f30
MOC-R4PCC04U05:454339:454404 [2] NCCL INFO GPU Direct RDMA Disabled for GPU 2 / HCA 1 (distance 7 > 0)
MOC-R4PCC04U05:454337:454395 [0] NCCL INFO New proxy send connection 2 from local rank 0, transport 0
MOC-R4PCC04U05:454337:454402 [0] NCCL INFO Connected to proxy localRank 0 -> connection 0x7efc88005020
MOC-R4PCC04U05:454338:454396 [1] NCCL INFO New proxy recv connection 1 from local rank 1, transport 0
MOC-R4PCC04U05:454338:454405 [1] NCCL INFO Connected to proxy localRank 1 -> connection 0x7facf4004fa8
MOC-R4PCC04U05:454337:454395 [0] NCCL INFO New proxy send connection 3 from local rank 0, transport 0
MOC-R4PCC04U05:454337:454402 [0] NCCL INFO Connected to proxy localRank 0 -> connection 0x7efc88005098
MOC-R4PCC04U05:454340:454394 [3] NCCL INFO New proxy send connection 2 from local rank 3, transport 2
MOC-R4PCC04U05:454340:454403 [3] NCCL INFO Connected to proxy localRank 3 -> connection 0x7fa3e8005020
MOC-R4PCC04U05:454340:454403 [3] NCCL INFO Channel 00/0 : 3[3] -> 6[2] [send] via NET/IB/1
MOC-R4PCC04U05:454340:454403 [3] NCCL INFO GPU Direct RDMA Disabled for GPU 3 / HCA 1 (distance 7 > 0)
MOC-R4PCC04U05:454340:454394 [3] NCCL INFO New proxy send connection 3 from local rank 3, transport 2
MOC-R4PCC04U05:454340:454403 [3] NCCL INFO Connected to proxy localRank 3 -> connection 0x7fa3e8005098
MOC-R4PCC04U05:454340:454403 [3] NCCL INFO Channel 02/0 : 3[3] -> 6[2] [send] via NET/IB/1
MOC-R4PCC04U05:454337:454395 [0] NCCL INFO New proxy recv connection 4 from local rank 0, transport 0
MOC-R4PCC04U05:454337:454402 [0] NCCL INFO Connected to proxy localRank 0 -> connection 0x7efc88005110
MOC-R4PCC04U05:454340:454403 [3] NCCL INFO GPU Direct RDMA Disabled for GPU 3 / HCA 1 (distance 7 > 0)
MOC-R4PCC04U05:454340:454394 [3] NCCL INFO New proxy recv connection 4 from local rank 3, transport 2
MOC-R4PCC04U05:454340:454403 [3] NCCL INFO Connected to proxy localRank 3 -> connection 0x7fa3e8005110
MOC-R4PCC04U05:454340:454403 [3] NCCL INFO Channel 01/0 : 6[2] -> 3[3] [receive] via NET/IB/1
MOC-R4PCC04U05:454340:454403 [3] NCCL INFO GPU Direct RDMA Disabled for GPU 3 / HCA 1 (distance 7 > 0)
MOC-R4PCC04U05:454340:454394 [3] NCCL INFO New proxy recv connection 5 from local rank 3, transport 2
MOC-R4PCC04U05:454340:454403 [3] NCCL INFO Connected to proxy localRank 3 -> connection 0x7fa3e8005188
MOC-R4PCC04U05:454340:454403 [3] NCCL INFO Channel 03/0 : 6[2] -> 3[3] [receive] via NET/IB/1
MOC-R4PCC04U05:454340:454394 [3] NCCL INFO New proxy send connection 6 from local rank 3, transport 0
MOC-R4PCC04U05:454340:454403 [3] NCCL INFO Connected to proxy localRank 3 -> connection 0x7fa3e8005200
MOC-R4PCC04U05:454340:454394 [3] NCCL INFO New proxy send connection 7 from local rank 3, transport 0
MOC-R4PCC04U05:454340:454403 [3] NCCL INFO Connected to proxy localRank 3 -> connection 0x7fa3e8005278
MOC-R4PCC04U05:454337:454395 [0] NCCL INFO New proxy recv connection 5 from local rank 0, transport 0
MOC-R4PCC04U05:454337:454402 [0] NCCL INFO Connected to proxy localRank 0 -> connection 0x7efc88005188
MOC-R4PCC04U05:454337:454395 [0] NCCL INFO New proxy recv connection 6 from local rank 0, transport 0
MOC-R4PCC04U05:454337:454402 [0] NCCL INFO Connected to proxy localRank 0 -> connection 0x7efc88005200
MOC-R4PCC04U05:454338:454396 [1] NCCL INFO New proxy recv connection 2 from local rank 1, transport 0
MOC-R4PCC04U05:454338:454405 [1] NCCL INFO Connected to proxy localRank 1 -> connection 0x7facf4005020
MOC-R4PCC04U05:454339:454398 [2] NCCL INFO New proxy recv connection 2 from local rank 2, transport 2
MOC-R4PCC04U05:454339:454404 [2] NCCL INFO Connected to proxy localRank 2 -> connection 0x7fe86c005020
MOC-R4PCC04U05:454339:454404 [2] NCCL INFO Channel 00/0 : 7[3] -> 2[2] [receive] via NET/IB/1
MOC-R4PCC04U05:454339:454404 [2] NCCL INFO GPU Direct RDMA Disabled for GPU 2 / HCA 1 (distance 7 > 0)
MOC-R4PCC04U05:454339:454398 [2] NCCL INFO New proxy recv connection 3 from local rank 2, transport 2
MOC-R4PCC04U05:454339:454404 [2] NCCL INFO Connected to proxy localRank 2 -> connection 0x7fe86c005098
MOC-R4PCC04U05:454339:454404 [2] NCCL INFO Channel 02/0 : 7[3] -> 2[2] [receive] via NET/IB/1
MOC-R4PCC04U05:454339:454404 [2] NCCL INFO GPU Direct RDMA Disabled for GPU 2 / HCA 1 (distance 7 > 0)
MOC-R4PCC04U05:454339:454398 [2] NCCL INFO New proxy send connection 4 from local rank 2, transport 2
MOC-R4PCC04U05:454339:454404 [2] NCCL INFO Connected to proxy localRank 2 -> connection 0x7fe86c005110
MOC-R4PCC04U05:454339:454404 [2] NCCL INFO Channel 01/0 : 2[2] -> 7[3] [send] via NET/IB/1
MOC-R4PCC04U05:454339:454404 [2] NCCL INFO GPU Direct RDMA Disabled for GPU 2 / HCA 1 (distance 7 > 0)
MOC-R4PCC04U05:454339:454398 [2] NCCL INFO New proxy send connection 5 from local rank 2, transport 2
MOC-R4PCC04U05:454339:454404 [2] NCCL INFO Connected to proxy localRank 2 -> connection 0x7fe86c005188
MOC-R4PCC04U05:454339:454404 [2] NCCL INFO Channel 03/0 : 2[2] -> 7[3] [send] via NET/IB/1
MOC-R4PCC04U05:454338:454396 [1] NCCL INFO New proxy recv connection 3 from local rank 1, transport 0
MOC-R4PCC04U05:454338:454405 [1] NCCL INFO Connected to proxy localRank 1 -> connection 0x7facf4005098
MOC-R4PCC04U05:454339:454398 [2] NCCL INFO New proxy send connection 6 from local rank 2, transport 0
MOC-R4PCC04U05:454339:454404 [2] NCCL INFO Connected to proxy localRank 2 -> connection 0x7fe86c005200
MOC-R4PCC04U05:454339:454398 [2] NCCL INFO New proxy send connection 7 from local rank 2, transport 0
MOC-R4PCC04U05:454339:454404 [2] NCCL INFO Connected to proxy localRank 2 -> connection 0x7fe86c005278
MOC-R4PCC04U05:454337:454395 [0] NCCL INFO New proxy recv connection 7 from local rank 0, transport 0
MOC-R4PCC04U05:454337:454402 [0] NCCL INFO Connected to proxy localRank 0 -> connection 0x7efc88005278
MOC-R4PCC04U05:454337:454395 [0] NCCL INFO New proxy send connection 8 from local rank 3, transport 0
MOC-R4PCC04U05:454340:454403 [3] NCCL INFO Connected to proxy localRank 0 -> connection 0x7efc880052f0
MOC-R4PCC04U05:454338:454396 [1] NCCL INFO New proxy send connection 4 from local rank 1, transport 0
MOC-R4PCC04U05:454338:454405 [1] NCCL INFO Connected to proxy localRank 1 -> connection 0x7facf4005110
MOC-R4PCC04U05:454338:454396 [1] NCCL INFO New proxy send connection 5 from local rank 1, transport 0
MOC-R4PCC04U05:454338:454405 [1] NCCL INFO Connected to proxy localRank 1 -> connection 0x7facf4005188
MOC-R4PCC04U05:454338:454396 [1] NCCL INFO New proxy send connection 6 from local rank 1, transport 0
MOC-R4PCC04U05:454338:454405 [1] NCCL INFO Connected to proxy localRank 1 -> connection 0x7facf4005200
MOC-R4PCC04U05:454338:454396 [1] NCCL INFO New proxy send connection 7 from local rank 1, transport 0
MOC-R4PCC04U05:454338:454405 [1] NCCL INFO Connected to proxy localRank 1 -> connection 0x7facf4005278
MOC-R4PCC04U05:454337:454395 [0] NCCL INFO New proxy send connection 9 from local rank 2, transport 0
MOC-R4PCC04U05:454339:454398 [2] NCCL INFO New proxy send connection 8 from local rank 0, transport 0
MOC-R4PCC04U05:454340:454394 [3] NCCL INFO New proxy send connection 8 from local rank 1, transport 0
MOC-R4PCC04U05:454339:454404 [2] NCCL INFO Connected to proxy localRank 0 -> connection 0x7efc88005368
MOC-R4PCC04U05:454338:454405 [1] NCCL INFO Connected to proxy localRank 3 -> connection 0x7fa3e80052f0
MOC-R4PCC04U05:454337:454402 [0] NCCL INFO Connected to proxy localRank 2 -> connection 0x7fe86c0052f0
MOC-R4PCC04U05:454338:454396 [1] NCCL INFO New proxy send connection 8 from local rank 3, transport 0
MOC-R4PCC04U05:454340:454403 [3] NCCL INFO Connected to proxy localRank 1 -> connection 0x7facf40052f0
MOC-R4PCC04U05:454338:454396 [1] NCCL INFO New proxy send connection 9 from local rank 2, transport 0
MOC-R4PCC04U05:454339:454404 [2] NCCL INFO Connected to proxy localRank 1 -> connection 0x7facf4005368
MOC-R4PCC04U05:454337:454395 [0] NCCL INFO New proxy send connection 10 from local rank 1, transport 0
MOC-R4PCC04U05:454338:454405 [1] NCCL INFO Connected to proxy localRank 0 -> connection 0x7efc880053e0
MOC-R4PCC04U05:454339:454398 [2] NCCL INFO NET/IB: NCCL Dev 1 IbDev 0 Port 1 qpn 6786 mtu 3 query_ece={supported=1, vendor_id=0x15b3, options=0x30000002, comp_mask=0x0} GID 3 (0/C132A8C0FFFF0000) fifoRkey=0x1722e1 fifoLkey=0x1722e1
MOC-R4PCC04U05:454339:454398 [2] NCCL INFO NET/IB: NCCL Dev 1 IbDev 0 Port 1 qpn 6787 mtu 3 query_ece={supported=1, vendor_id=0x15b3, options=0x30000002, comp_mask=0x0} GID 3 (0/C132A8C0FFFF0000) fifoRkey=0x17bf7e fifoLkey=0x17bf7e
MOC-R4PCC04U05:454340:454394 [3] NCCL INFO New proxy send connection 9 from local rank 0, transport 0
MOC-R4PCC04U05:454337:454402 [0] NCCL INFO Connected to proxy localRank 3 -> connection 0x7fa3e8005368
MOC-R4PCC04U05:454340:454394 [3] NCCL INFO NET/IB: NCCL Dev 1 IbDev 0 Port 1 qpn 6788 mtu 3 query_ece={supported=1, vendor_id=0x15b3, options=0x30000002, comp_mask=0x0} GID 3 (0/C132A8C0FFFF0000) fifoRkey=0x17904f fifoLkey=0x17904f
MOC-R4PCC04U05:454340:454394 [3] NCCL INFO NET/IB: NCCL Dev 1 IbDev 0 Port 1 qpn 6789 mtu 3 query_ece={supported=1, vendor_id=0x15b3, options=0x30000002, comp_mask=0x0} GID 3 (0/C132A8C0FFFF0000) fifoRkey=0x175412 fifoLkey=0x175412
MOC-R4PCC04U05:454340:454394 [3] NCCL INFO NET/IB: IbDev 0 Port 1 qpn 7024 set_ece={supported=1, vendor_id=0x15b3, options=0x0, comp_mask=0x0}
MOC-R4PCC04U05:454340:454394 [3] NCCL INFO NET/IB: IbDev 0 Port 1 qpn 7026 set_ece={supported=1, vendor_id=0x15b3, options=0x0, comp_mask=0x0}
MOC-R4PCC04U05:454339:454398 [2] NCCL INFO NET/IB: IbDev 0 Port 1 qpn 7028 set_ece={supported=1, vendor_id=0x15b3, options=0x0, comp_mask=0x0}
MOC-R4PCC04U05:454339:454398 [2] NCCL INFO NET/IB: IbDev 0 Port 1 qpn 7032 set_ece={supported=1, vendor_id=0x15b3, options=0x0, comp_mask=0x0}
MOC-R4PCC04U05:454339:454398 [2] NCCL INFO New proxy send connection 9 from local rank 1, transport 0
MOC-R4PCC04U05:454338:454405 [1] NCCL INFO Connected to proxy localRank 2 -> connection 0x7fe86c005368
MOC-R4PCC04U05:454338:454396 [1] NCCL INFO New proxy send connection 10 from local rank 0, transport 0
MOC-R4PCC04U05:454337:454402 [0] NCCL INFO Connected to proxy localRank 1 -> connection 0x7facf40053e0
num decayed parameter tensors: 50, with 124,318,464 parameters
num non-decayed parameter tensors: 98, with 121,344 parameters
using fused AdamW: False
using regular AdamW
MOC-R4PCC04U05:454337:454395 [0] NCCL INFO New proxy send connection 11 from local rank 0, transport 0
MOC-R4PCC04U05:454337:455096 [0] NCCL INFO Connected to proxy localRank 0 -> connection 0x7efc88005458
MOC-R4PCC04U05:454337:454395 [0] NCCL INFO New proxy send connection 12 from local rank 0, transport 0
MOC-R4PCC04U05:454337:455096 [0] NCCL INFO Connected to proxy localRank 0 -> connection 0x7efc880054d0
MOC-R4PCC04U05:454337:454395 [0] NCCL INFO New proxy send connection 13 from local rank 0, transport 0
MOC-R4PCC04U05:454337:455096 [0] NCCL INFO Connected to proxy localRank 0 -> connection 0x7efc88005548
MOC-R4PCC04U05:454337:454395 [0] NCCL INFO New proxy send connection 14 from local rank 0, transport 0
MOC-R4PCC04U05:454337:455096 [0] NCCL INFO Connected to proxy localRank 0 -> connection 0x7efc880055c0
MOC-R4PCC04U05:454338:454396 [1] NCCL INFO New proxy recv connection 11 from local rank 1, transport 0
MOC-R4PCC04U05:454338:455097 [1] NCCL INFO Connected to proxy localRank 1 -> connection 0x7facf4005458
MOC-R4PCC04U05:454338:454396 [1] NCCL INFO New proxy recv connection 12 from local rank 1, transport 0
MOC-R4PCC04U05:454338:455097 [1] NCCL INFO Connected to proxy localRank 1 -> connection 0x7facf40054d0
MOC-R4PCC04U05:454338:454396 [1] NCCL INFO New proxy recv connection 13 from local rank 1, transport 0
MOC-R4PCC04U05:454338:455097 [1] NCCL INFO Connected to proxy localRank 1 -> connection 0x7facf4005548
MOC-R4PCC04U05:454338:454396 [1] NCCL INFO New proxy recv connection 14 from local rank 1, transport 0
MOC-R4PCC04U05:454338:455097 [1] NCCL INFO Connected to proxy localRank 1 -> connection 0x7facf40055c0
MOC-R4PCC04U05:454338:454396 [1] NCCL INFO New proxy send connection 15 from local rank 1, transport 0
MOC-R4PCC04U05:454338:455097 [1] NCCL INFO Connected to proxy localRank 1 -> connection 0x7facf4005638
MOC-R4PCC04U05:454338:454396 [1] NCCL INFO New proxy send connection 16 from local rank 1, transport 0
MOC-R4PCC04U05:454338:455097 [1] NCCL INFO Connected to proxy localRank 1 -> connection 0x7facf40056b0
MOC-R4PCC04U05:454338:454396 [1] NCCL INFO New proxy send connection 17 from local rank 1, transport 0
MOC-R4PCC04U05:454338:455097 [1] NCCL INFO Connected to proxy localRank 1 -> connection 0x7facf4005728
MOC-R4PCC04U05:454338:454396 [1] NCCL INFO New proxy send connection 18 from local rank 1, transport 0
MOC-R4PCC04U05:454338:455097 [1] NCCL INFO Connected to proxy localRank 1 -> connection 0x7facf40057a0
MOC-R4PCC04U05:454337:454395 [0] NCCL INFO New proxy send connection 15 from local rank 0, transport 0
MOC-R4PCC04U05:454337:455096 [0] NCCL INFO Connected to proxy localRank 0 -> connection 0x7efc88005638
MOC-R4PCC04U05:454337:454395 [0] NCCL INFO New proxy send connection 16 from local rank 0, transport 0
MOC-R4PCC04U05:454337:455096 [0] NCCL INFO Connected to proxy localRank 0 -> connection 0x7efc880056b0
MOC-R4PCC04U05:454339:454398 [2] NCCL INFO New proxy recv connection 10 from local rank 2, transport 0
MOC-R4PCC04U05:454339:455098 [2] NCCL INFO Connected to proxy localRank 2 -> connection 0x7fe86c0053e0
MOC-R4PCC04U05:454339:454398 [2] NCCL INFO New proxy recv connection 11 from local rank 2, transport 0
MOC-R4PCC04U05:454339:455098 [2] NCCL INFO Connected to proxy localRank 2 -> connection 0x7fe86c005458
MOC-R4PCC04U05:454339:454398 [2] NCCL INFO New proxy recv connection 12 from local rank 2, transport 0
MOC-R4PCC04U05:454339:455098 [2] NCCL INFO Connected to proxy localRank 2 -> connection 0x7fe86c0054d0
MOC-R4PCC04U05:454339:454398 [2] NCCL INFO New proxy recv connection 13 from local rank 2, transport 0
MOC-R4PCC04U05:454339:455098 [2] NCCL INFO Connected to proxy localRank 2 -> connection 0x7fe86c005548
MOC-R4PCC04U05:454339:454398 [2] NCCL INFO New proxy send connection 14 from local rank 2, transport 0
MOC-R4PCC04U05:454339:455098 [2] NCCL INFO Connected to proxy localRank 2 -> connection 0x7fe86c0055c0
MOC-R4PCC04U05:454338:454396 [1] NCCL INFO New proxy recv connection 19 from local rank 1, transport 0
MOC-R4PCC04U05:454338:455097 [1] NCCL INFO Connected to proxy localRank 1 -> connection 0x7facf4005818
MOC-R4PCC04U05:454339:454398 [2] NCCL INFO New proxy send connection 15 from local rank 2, transport 0
MOC-R4PCC04U05:454339:455098 [2] NCCL INFO Connected to proxy localRank 2 -> connection 0x7fe86c005638
MOC-R4PCC04U05:454338:454396 [1] NCCL INFO New proxy recv connection 20 from local rank 1, transport 0
MOC-R4PCC04U05:454338:455097 [1] NCCL INFO Connected to proxy localRank 1 -> connection 0x7facf4005890
MOC-R4PCC04U05:454340:454394 [3] NCCL INFO New proxy recv connection 10 from local rank 3, transport 0
MOC-R4PCC04U05:454340:455099 [3] NCCL INFO Connected to proxy localRank 3 -> connection 0x7fa3e80053e0
MOC-R4PCC04U05:454340:454394 [3] NCCL INFO New proxy recv connection 11 from local rank 3, transport 0
MOC-R4PCC04U05:454340:455099 [3] NCCL INFO Connected to proxy localRank 3 -> connection 0x7fa3e8005458
MOC-R4PCC04U05:454340:455099 [3] NCCL INFO GPU Direct RDMA Disabled for GPU 3 / HCA 1 (distance 7 > 0)
MOC-R4PCC04U05:454340:454394 [3] NCCL INFO New proxy recv connection 12 from local rank 3, transport 2
MOC-R4PCC04U05:454340:455099 [3] NCCL INFO Connected to proxy localRank 3 -> connection 0x7fa3e80054d0
MOC-R4PCC04U05:454337:454395 [0] NCCL INFO New proxy recv connection 17 from local rank 0, transport 0
MOC-R4PCC04U05:454340:455099 [3] NCCL INFO Channel 00/0 : 7[3] -> 3[3] [receive] via NET/IB/1
MOC-R4PCC04U05:454340:455099 [3] NCCL INFO GPU Direct RDMA Disabled for GPU 3 / HCA 1 (distance 7 > 0)
MOC-R4PCC04U05:454337:455096 [0] NCCL INFO Connected to proxy localRank 0 -> connection 0x7efc88005728
MOC-R4PCC04U05:454340:454394 [3] NCCL INFO New proxy recv connection 13 from local rank 3, transport 2
MOC-R4PCC04U05:454340:455099 [3] NCCL INFO Connected to proxy localRank 3 -> connection 0x7fa3e8005548
MOC-R4PCC04U05:454340:455099 [3] NCCL INFO Channel 01/0 : 7[3] -> 3[3] [receive] via NET/IB/1
MOC-R4PCC04U05:454340:455099 [3] NCCL INFO GPU Direct RDMA Disabled for GPU 3 / HCA 1 (distance 7 > 0)
MOC-R4PCC04U05:454340:454394 [3] NCCL INFO New proxy recv connection 14 from local rank 3, transport 2
MOC-R4PCC04U05:454340:455099 [3] NCCL INFO Connected to proxy localRank 3 -> connection 0x7fa3e80055c0
MOC-R4PCC04U05:454340:455099 [3] NCCL INFO Channel 02/0 : 7[3] -> 3[3] [receive] via NET/IB/1
MOC-R4PCC04U05:454340:455099 [3] NCCL INFO GPU Direct RDMA Disabled for GPU 3 / HCA 1 (distance 7 > 0)
MOC-R4PCC04U05:454340:454394 [3] NCCL INFO New proxy recv connection 15 from local rank 3, transport 2
MOC-R4PCC04U05:454340:455099 [3] NCCL INFO Connected to proxy localRank 3 -> connection 0x7fa3e8005638
MOC-R4PCC04U05:454340:455099 [3] NCCL INFO Channel 03/0 : 7[3] -> 3[3] [receive] via NET/IB/1
MOC-R4PCC04U05:454340:455099 [3] NCCL INFO GPU Direct RDMA Disabled for GPU 3 / HCA 1 (distance 7 > 0)
MOC-R4PCC04U05:454340:454394 [3] NCCL INFO New proxy send connection 16 from local rank 3, transport 2
MOC-R4PCC04U05:454340:455099 [3] NCCL INFO Connected to proxy localRank 3 -> connection 0x7fa3e80056b0
MOC-R4PCC04U05:454340:455099 [3] NCCL INFO Channel 00/0 : 3[3] -> 7[3] [send] via NET/IB/1
MOC-R4PCC04U05:454340:455099 [3] NCCL INFO GPU Direct RDMA Disabled for GPU 3 / HCA 1 (distance 7 > 0)
MOC-R4PCC04U05:454337:454395 [0] NCCL INFO New proxy recv connection 18 from local rank 0, transport 0
MOC-R4PCC04U05:454337:455096 [0] NCCL INFO Connected to proxy localRank 0 -> connection 0x7efc880057a0
MOC-R4PCC04U05:454340:454394 [3] NCCL INFO New proxy send connection 17 from local rank 3, transport 2
MOC-R4PCC04U05:454340:455099 [3] NCCL INFO Connected to proxy localRank 3 -> connection 0x7fa3e8005728
MOC-R4PCC04U05:454340:455099 [3] NCCL INFO Channel 01/0 : 3[3] -> 7[3] [send] via NET/IB/1
MOC-R4PCC04U05:454340:455099 [3] NCCL INFO GPU Direct RDMA Disabled for GPU 3 / HCA 1 (distance 7 > 0)
MOC-R4PCC04U05:454340:454394 [3] NCCL INFO New proxy send connection 18 from local rank 3, transport 2
MOC-R4PCC04U05:454340:455099 [3] NCCL INFO Connected to proxy localRank 3 -> connection 0x7fa3e80057a0
MOC-R4PCC04U05:454340:455099 [3] NCCL INFO Channel 02/0 : 3[3] -> 7[3] [send] via NET/IB/1
MOC-R4PCC04U05:454340:455099 [3] NCCL INFO GPU Direct RDMA Disabled for GPU 3 / HCA 1 (distance 7 > 0)
MOC-R4PCC04U05:454337:454395 [0] NCCL INFO New proxy recv connection 19 from local rank 0, transport 0
MOC-R4PCC04U05:454340:454394 [3] NCCL INFO New proxy send connection 19 from local rank 3, transport 2
MOC-R4PCC04U05:454337:455096 [0] NCCL INFO Connected to proxy localRank 0 -> connection 0x7efc88005818
MOC-R4PCC04U05:454340:455099 [3] NCCL INFO Connected to proxy localRank 3 -> connection 0x7fa3e8005818
MOC-R4PCC04U05:454340:455099 [3] NCCL INFO Channel 03/0 : 3[3] -> 7[3] [send] via NET/IB/1
MOC-R4PCC04U05:454337:454395 [0] NCCL INFO New proxy recv connection 20 from local rank 0, transport 0
MOC-R4PCC04U05:454337:455096 [0] NCCL INFO Connected to proxy localRank 0 -> connection 0x7efc88005890
MOC-R4PCC04U05:454340:454394 [3] NCCL INFO New proxy send connection 20 from local rank 3, transport 0
MOC-R4PCC04U05:454340:455099 [3] NCCL INFO Connected to proxy localRank 3 -> connection 0x7fa3e8005890
MOC-R4PCC04U05:454340:454394 [3] NCCL INFO New proxy send connection 21 from local rank 3, transport 0
MOC-R4PCC04U05:454340:455099 [3] NCCL INFO Connected to proxy localRank 3 -> connection 0x7fa3e8005908
MOC-R4PCC04U05:454340:454394 [3] NCCL INFO New proxy send connection 22 from local rank 3, transport 0
MOC-R4PCC04U05:454340:455099 [3] NCCL INFO Connected to proxy localRank 3 -> connection 0x7fa3e8005980
MOC-R4PCC04U05:454340:454394 [3] NCCL INFO New proxy send connection 23 from local rank 3, transport 0
MOC-R4PCC04U05:454340:455099 [3] NCCL INFO Connected to proxy localRank 3 -> connection 0x7fa3e80059f8
MOC-R4PCC04U05:454340:454394 [3] NCCL INFO NET/IB: NCCL Dev 1 IbDev 0 Port 1 qpn 6794 mtu 3 query_ece={supported=1, vendor_id=0x15b3, options=0x30000002, comp_mask=0x0} GID 3 (0/C132A8C0FFFF0000) fifoRkey=0x17d796 fifoLkey=0x17d796
MOC-R4PCC04U05:454340:454394 [3] NCCL INFO NET/IB: NCCL Dev 1 IbDev 0 Port 1 qpn 6797 mtu 3 query_ece={supported=1, vendor_id=0x15b3, options=0x30000002, comp_mask=0x0} GID 3 (0/C132A8C0FFFF0000) fifoRkey=0x17f9b8 fifoLkey=0x17f9b8
MOC-R4PCC04U05:454340:454394 [3] NCCL INFO NET/IB: IbDev 0 Port 1 qpn 7035 set_ece={supported=1, vendor_id=0x15b3, options=0x0, comp_mask=0x0}
MOC-R4PCC04U05:454340:454394 [3] NCCL INFO NET/IB: IbDev 0 Port 1 qpn 7038 set_ece={supported=1, vendor_id=0x15b3, options=0x0, comp_mask=0x0}
MOC-R4PCC04U05:454340:454394 [3] NCCL INFO NET/IB: NCCL Dev 1 IbDev 0 Port 1 qpn 6800 mtu 3 query_ece={supported=1, vendor_id=0x15b3, options=0x30000002, comp_mask=0x0} GID 3 (0/C132A8C0FFFF0000) fifoRkey=0x1716d5 fifoLkey=0x1716d5
MOC-R4PCC04U05:454340:454394 [3] NCCL INFO NET/IB: NCCL Dev 1 IbDev 0 Port 1 qpn 6803 mtu 3 query_ece={supported=1, vendor_id=0x15b3, options=0x30000002, comp_mask=0x0} GID 3 (0/C132A8C0FFFF0000) fifoRkey=0x17601f fifoLkey=0x17601f
MOC-R4PCC04U05:454340:454394 [3] NCCL INFO NET/IB: IbDev 0 Port 1 qpn 7041 set_ece={supported=1, vendor_id=0x15b3, options=0x0, comp_mask=0x0}
MOC-R4PCC04U05:454340:454394 [3] NCCL INFO NET/IB: IbDev 0 Port 1 qpn 7044 set_ece={supported=1, vendor_id=0x15b3, options=0x0, comp_mask=0x0}
step    1/10 | train loss 11.010139 | norm 15.4234 | lr 1.00e-04 | (14207.13 ms | 110709 tok/s)
step    2/10 | train loss 10.136944 | norm 5.7587 | lr 1.00e-04 | (563.86 ms | 2789476 tok/s)
step    3/10 | train loss 9.795477 | norm 2.6123 | lr 1.00e-04 | (563.64 ms | 2790531 tok/s)
step    4/10 | train loss 9.625650 | norm 2.1154 | lr 1.00e-04 | (554.36 ms | 2837244 tok/s)
step    5/10 | train loss 9.542593 | norm 2.1031 | lr 1.00e-04 | (539.66 ms | 2914542 tok/s)
step    6/10 | train loss 9.461351 | norm 1.9978 | lr 1.00e-04 | (541.10 ms | 2906801 tok/s)
step    7/10 | train loss 9.375705 | norm 1.9473 | lr 1.00e-04 | (491.07 ms | 3202914 tok/s)
step    8/10 | train loss 9.283985 | norm 1.9145 | lr 1.00e-04 | (554.98 ms | 2834075 tok/s)
step    9/10 | train loss 9.188586 | norm 1.8601 | lr 1.00e-04 | (482.90 ms | 3257148 tok/s)
step   10/10 | train loss 9.103173 | norm 1.7948 | lr 1.00e-04 | (487.37 ms | 3227248 tok/s)
final 9 iters avg: 530.994ms
peak memory consumption: 16601 MiB
