Running pytorch 2.7.0+cu126
using device: cuda:0
total desired batch size: 524288
=> calculated gradient accumulation steps: 2
using device: cuda:1
using device: cuda:3
using device: cuda:2
compiling the model...
DataLoader: total number of tokens: 1,661,249,667 across 103 files
MOC-R4PCC04U05:389863:389863 [0] NCCL INFO NCCL_SOCKET_IFNAME set to eno7np0
MOC-R4PCC04U05:389863:389863 [0] NCCL INFO NCCL version 2.26.2+cuda12.2
MOC-R4PCC04U05:389863:389904 [0] NCCL INFO NET/Plugin: Could not find: libnccl-net.so. Using internal net plugin.
MOC-R4PCC04U05:389863:389904 [0] NCCL INFO NET/Socket : Using [0]eno7np0:192.168.50.193<0>
MOC-R4PCC04U05:389866:389866 [3] NCCL INFO NCCL_SOCKET_IFNAME set to eno7np0
MOC-R4PCC04U05:389866:389866 [3] NCCL INFO NCCL version 2.26.2+cuda12.2
MOC-R4PCC04U05:389865:389865 [2] NCCL INFO NCCL_SOCKET_IFNAME set to eno7np0
MOC-R4PCC04U05:389865:389865 [2] NCCL INFO NCCL version 2.26.2+cuda12.2
MOC-R4PCC04U05:389864:389864 [1] NCCL INFO NCCL_SOCKET_IFNAME set to eno7np0
MOC-R4PCC04U05:389864:389864 [1] NCCL INFO NCCL version 2.26.2+cuda12.2
MOC-R4PCC04U05:389866:389905 [3] NCCL INFO NET/Plugin: Could not find: libnccl-net.so. Using internal net plugin.
MOC-R4PCC04U05:389866:389905 [3] NCCL INFO NET/Socket : Using [0]eno7np0:192.168.50.193<0>
MOC-R4PCC04U05:389865:389906 [2] NCCL INFO NET/Plugin: Could not find: libnccl-net.so. Using internal net plugin.
MOC-R4PCC04U05:389865:389906 [2] NCCL INFO NET/Socket : Using [0]eno7np0:192.168.50.193<0>
MOC-R4PCC04U05:389864:389907 [1] NCCL INFO NET/Plugin: Could not find: libnccl-net.so. Using internal net plugin.
MOC-R4PCC04U05:389864:389907 [1] NCCL INFO NET/Socket : Using [0]eno7np0:192.168.50.193<0>
MOC-R4PCC04U05:389865:389906 [2] NCCL INFO NET/Socket : GPU Direct RDMA Disabled for HCA 0 'eno7np0'
MOC-R4PCC04U05:389866:389905 [3] NCCL INFO NET/Socket : GPU Direct RDMA Disabled for HCA 0 'eno7np0'
MOC-R4PCC04U05:389863:389904 [0] NCCL INFO NET/Socket : GPU Direct RDMA Disabled for HCA 0 'eno7np0'
MOC-R4PCC04U05:389864:389907 [1] NCCL INFO NET/Socket : GPU Direct RDMA Disabled for HCA 0 'eno7np0'
MOC-R4PCC04U05:389866:389915 [3] NCCL INFO New proxy recv connection 0 from local rank 3, transport 0
MOC-R4PCC04U05:389866:389924 [3] NCCL INFO Connected to proxy localRank 3 -> connection 0x7f7b24004f30
MOC-R4PCC04U05:389866:389915 [3] NCCL INFO New proxy recv connection 1 from local rank 3, transport 0
MOC-R4PCC04U05:389866:389924 [3] NCCL INFO Connected to proxy localRank 3 -> connection 0x7f7b24004fa8
MOC-R4PCC04U05:389863:389920 [0] NCCL INFO New proxy send connection 0 from local rank 0, transport 0
MOC-R4PCC04U05:389863:389925 [0] NCCL INFO Connected to proxy localRank 0 -> connection 0x7ff880004f30
MOC-R4PCC04U05:389863:389920 [0] NCCL INFO New proxy send connection 1 from local rank 0, transport 0
MOC-R4PCC04U05:389863:389925 [0] NCCL INFO Connected to proxy localRank 0 -> connection 0x7ff880004fa8
MOC-R4PCC04U05:389864:389916 [1] NCCL INFO New proxy recv connection 0 from local rank 1, transport 0
MOC-R4PCC04U05:389864:389926 [1] NCCL INFO Connected to proxy localRank 1 -> connection 0x7efeb8004f30
MOC-R4PCC04U05:389865:389917 [2] NCCL INFO New proxy recv connection 0 from local rank 2, transport 0
MOC-R4PCC04U05:389865:389927 [2] NCCL INFO Connected to proxy localRank 2 -> connection 0x7fc048004f30
MOC-R4PCC04U05:389864:389916 [1] NCCL INFO New proxy recv connection 1 from local rank 1, transport 0
MOC-R4PCC04U05:389865:389917 [2] NCCL INFO New proxy recv connection 1 from local rank 2, transport 0
MOC-R4PCC04U05:389864:389926 [1] NCCL INFO Connected to proxy localRank 1 -> connection 0x7efeb8004fa8
MOC-R4PCC04U05:389865:389927 [2] NCCL INFO Connected to proxy localRank 2 -> connection 0x7fc048004fa8
MOC-R4PCC04U05:389863:389920 [0] NCCL INFO New proxy send connection 2 from local rank 0, transport 0
MOC-R4PCC04U05:389863:389925 [0] NCCL INFO Connected to proxy localRank 0 -> connection 0x7ff880005020
MOC-R4PCC04U05:389863:389920 [0] NCCL INFO New proxy send connection 3 from local rank 0, transport 0
MOC-R4PCC04U05:389863:389925 [0] NCCL INFO Connected to proxy localRank 0 -> connection 0x7ff880005098
MOC-R4PCC04U05:389866:389915 [3] NCCL INFO New proxy send connection 2 from local rank 3, transport 2
MOC-R4PCC04U05:389866:389924 [3] NCCL INFO Connected to proxy localRank 3 -> connection 0x7f7b24005020
MOC-R4PCC04U05:389866:389924 [3] NCCL INFO Channel 00/0 : 3[3] -> 6[2] [send] via NET/Socket/0
MOC-R4PCC04U05:389866:389915 [3] NCCL INFO New proxy send connection 3 from local rank 3, transport 2
MOC-R4PCC04U05:389866:389924 [3] NCCL INFO Connected to proxy localRank 3 -> connection 0x7f7b24005098
MOC-R4PCC04U05:389866:389924 [3] NCCL INFO Channel 02/0 : 3[3] -> 6[2] [send] via NET/Socket/0
MOC-R4PCC04U05:389863:389920 [0] NCCL INFO New proxy recv connection 4 from local rank 0, transport 0
MOC-R4PCC04U05:389863:389925 [0] NCCL INFO Connected to proxy localRank 0 -> connection 0x7ff880005110
MOC-R4PCC04U05:389863:389920 [0] NCCL INFO New proxy recv connection 5 from local rank 0, transport 0
MOC-R4PCC04U05:389863:389925 [0] NCCL INFO Connected to proxy localRank 0 -> connection 0x7ff880005188
MOC-R4PCC04U05:389863:389920 [0] NCCL INFO New proxy recv connection 6 from local rank 0, transport 0
MOC-R4PCC04U05:389863:389925 [0] NCCL INFO Connected to proxy localRank 0 -> connection 0x7ff880005200
MOC-R4PCC04U05:389863:389920 [0] NCCL INFO New proxy recv connection 7 from local rank 0, transport 0
MOC-R4PCC04U05:389863:389925 [0] NCCL INFO Connected to proxy localRank 0 -> connection 0x7ff880005278
MOC-R4PCC04U05:389865:389917 [2] NCCL INFO New proxy recv connection 2 from local rank 2, transport 2
MOC-R4PCC04U05:389865:389927 [2] NCCL INFO Connected to proxy localRank 2 -> connection 0x7fc048005020
MOC-R4PCC04U05:389865:389927 [2] NCCL INFO Channel 00/0 : 7[3] -> 2[2] [receive] via NET/Socket/0
MOC-R4PCC04U05:389865:389917 [2] NCCL INFO New proxy recv connection 3 from local rank 2, transport 2
MOC-R4PCC04U05:389865:389927 [2] NCCL INFO Connected to proxy localRank 2 -> connection 0x7fc048005098
MOC-R4PCC04U05:389865:389927 [2] NCCL INFO Channel 02/0 : 7[3] -> 2[2] [receive] via NET/Socket/0
MOC-R4PCC04U05:389865:389917 [2] NCCL INFO New proxy send connection 4 from local rank 2, transport 2
MOC-R4PCC04U05:389865:389927 [2] NCCL INFO Connected to proxy localRank 2 -> connection 0x7fc048005110
MOC-R4PCC04U05:389865:389927 [2] NCCL INFO Channel 01/0 : 2[2] -> 7[3] [send] via NET/Socket/0
MOC-R4PCC04U05:389865:389917 [2] NCCL INFO New proxy send connection 5 from local rank 2, transport 2
MOC-R4PCC04U05:389865:389927 [2] NCCL INFO Connected to proxy localRank 2 -> connection 0x7fc048005188
MOC-R4PCC04U05:389865:389927 [2] NCCL INFO Channel 03/0 : 2[2] -> 7[3] [send] via NET/Socket/0
MOC-R4PCC04U05:389865:389917 [2] NCCL INFO New proxy send connection 6 from local rank 2, transport 0
MOC-R4PCC04U05:389865:389927 [2] NCCL INFO Connected to proxy localRank 2 -> connection 0x7fc048005200
MOC-R4PCC04U05:389865:389917 [2] NCCL INFO New proxy send connection 7 from local rank 2, transport 0
MOC-R4PCC04U05:389865:389927 [2] NCCL INFO Connected to proxy localRank 2 -> connection 0x7fc048005278
MOC-R4PCC04U05:389866:389915 [3] NCCL INFO New proxy recv connection 4 from local rank 3, transport 2
MOC-R4PCC04U05:389866:389924 [3] NCCL INFO Connected to proxy localRank 3 -> connection 0x7f7b24005110
MOC-R4PCC04U05:389866:389924 [3] NCCL INFO Channel 01/0 : 6[2] -> 3[3] [receive] via NET/Socket/0
MOC-R4PCC04U05:389866:389915 [3] NCCL INFO New proxy recv connection 5 from local rank 3, transport 2
MOC-R4PCC04U05:389866:389924 [3] NCCL INFO Connected to proxy localRank 3 -> connection 0x7f7b24005188
MOC-R4PCC04U05:389866:389924 [3] NCCL INFO Channel 03/0 : 6[2] -> 3[3] [receive] via NET/Socket/0
MOC-R4PCC04U05:389866:389915 [3] NCCL INFO New proxy send connection 6 from local rank 3, transport 0
MOC-R4PCC04U05:389866:389924 [3] NCCL INFO Connected to proxy localRank 3 -> connection 0x7f7b24005200
MOC-R4PCC04U05:389866:389915 [3] NCCL INFO New proxy send connection 7 from local rank 3, transport 0
MOC-R4PCC04U05:389866:389924 [3] NCCL INFO Connected to proxy localRank 3 -> connection 0x7f7b24005278
MOC-R4PCC04U05:389864:389916 [1] NCCL INFO New proxy recv connection 2 from local rank 1, transport 0
MOC-R4PCC04U05:389864:389926 [1] NCCL INFO Connected to proxy localRank 1 -> connection 0x7efeb8005020
MOC-R4PCC04U05:389863:389920 [0] NCCL INFO New proxy send connection 8 from local rank 3, transport 0
MOC-R4PCC04U05:389866:389924 [3] NCCL INFO Connected to proxy localRank 0 -> connection 0x7ff8800052f0
MOC-R4PCC04U05:389864:389916 [1] NCCL INFO New proxy recv connection 3 from local rank 1, transport 0
MOC-R4PCC04U05:389864:389926 [1] NCCL INFO Connected to proxy localRank 1 -> connection 0x7efeb8005098
MOC-R4PCC04U05:389864:389916 [1] NCCL INFO New proxy send connection 4 from local rank 1, transport 0
MOC-R4PCC04U05:389864:389926 [1] NCCL INFO Connected to proxy localRank 1 -> connection 0x7efeb8005110
MOC-R4PCC04U05:389864:389916 [1] NCCL INFO New proxy send connection 5 from local rank 1, transport 0
MOC-R4PCC04U05:389864:389926 [1] NCCL INFO Connected to proxy localRank 1 -> connection 0x7efeb8005188
MOC-R4PCC04U05:389864:389916 [1] NCCL INFO New proxy send connection 6 from local rank 1, transport 0
MOC-R4PCC04U05:389864:389926 [1] NCCL INFO Connected to proxy localRank 1 -> connection 0x7efeb8005200
MOC-R4PCC04U05:389864:389916 [1] NCCL INFO New proxy send connection 7 from local rank 1, transport 0
MOC-R4PCC04U05:389864:389926 [1] NCCL INFO Connected to proxy localRank 1 -> connection 0x7efeb8005278
MOC-R4PCC04U05:389863:389920 [0] NCCL INFO New proxy send connection 9 from local rank 2, transport 0
MOC-R4PCC04U05:389865:389927 [2] NCCL INFO Connected to proxy localRank 0 -> connection 0x7ff880005368
MOC-R4PCC04U05:389865:389917 [2] NCCL INFO New proxy send connection 8 from local rank 0, transport 0
MOC-R4PCC04U05:389863:389925 [0] NCCL INFO Connected to proxy localRank 2 -> connection 0x7fc0480052f0
MOC-R4PCC04U05:389866:389915 [3] NCCL INFO New proxy send connection 8 from local rank 1, transport 0
MOC-R4PCC04U05:389864:389926 [1] NCCL INFO Connected to proxy localRank 3 -> connection 0x7f7b240052f0
MOC-R4PCC04U05:389864:389916 [1] NCCL INFO New proxy send connection 8 from local rank 2, transport 0
MOC-R4PCC04U05:389865:389927 [2] NCCL INFO Connected to proxy localRank 1 -> connection 0x7efeb80052f0
MOC-R4PCC04U05:389864:389916 [1] NCCL INFO New proxy send connection 9 from local rank 3, transport 0
MOC-R4PCC04U05:389866:389924 [3] NCCL INFO Connected to proxy localRank 1 -> connection 0x7efeb8005368
MOC-R4PCC04U05:389866:389915 [3] NCCL INFO New proxy send connection 9 from local rank 0, transport 0
MOC-R4PCC04U05:389863:389925 [0] NCCL INFO Connected to proxy localRank 3 -> connection 0x7f7b24005368
MOC-R4PCC04U05:389863:389920 [0] NCCL INFO New proxy send connection 10 from local rank 1, transport 0
MOC-R4PCC04U05:389864:389926 [1] NCCL INFO Connected to proxy localRank 0 -> connection 0x7ff8800053e0
MOC-R4PCC04U05:389865:389917 [2] NCCL INFO New proxy send connection 9 from local rank 1, transport 0
MOC-R4PCC04U05:389864:389926 [1] NCCL INFO Connected to proxy localRank 2 -> connection 0x7fc048005368
MOC-R4PCC04U05:389864:389916 [1] NCCL INFO New proxy send connection 10 from local rank 0, transport 0
MOC-R4PCC04U05:389863:389925 [0] NCCL INFO Connected to proxy localRank 1 -> connection 0x7efeb80053e0
num decayed parameter tensors: 50, with 124,318,464 parameters
num non-decayed parameter tensors: 98, with 121,344 parameters
using fused AdamW: False
using regular AdamW
MOC-R4PCC04U05:389863:389920 [0] NCCL INFO New proxy send connection 11 from local rank 0, transport 0
MOC-R4PCC04U05:389863:390652 [0] NCCL INFO Connected to proxy localRank 0 -> connection 0x7ff880005458
MOC-R4PCC04U05:389863:389920 [0] NCCL INFO New proxy send connection 12 from local rank 0, transport 0
MOC-R4PCC04U05:389863:390652 [0] NCCL INFO Connected to proxy localRank 0 -> connection 0x7ff8800054d0
MOC-R4PCC04U05:389863:389920 [0] NCCL INFO New proxy send connection 13 from local rank 0, transport 0
MOC-R4PCC04U05:389863:390652 [0] NCCL INFO Connected to proxy localRank 0 -> connection 0x7ff880005548
MOC-R4PCC04U05:389863:389920 [0] NCCL INFO New proxy send connection 14 from local rank 0, transport 0
MOC-R4PCC04U05:389863:390652 [0] NCCL INFO Connected to proxy localRank 0 -> connection 0x7ff8800055c0
MOC-R4PCC04U05:389865:389917 [2] NCCL INFO New proxy recv connection 10 from local rank 2, transport 0
MOC-R4PCC04U05:389865:390653 [2] NCCL INFO Connected to proxy localRank 2 -> connection 0x7fc0480053e0
MOC-R4PCC04U05:389865:389917 [2] NCCL INFO New proxy recv connection 11 from local rank 2, transport 0
MOC-R4PCC04U05:389865:390653 [2] NCCL INFO Connected to proxy localRank 2 -> connection 0x7fc048005458
MOC-R4PCC04U05:389865:389917 [2] NCCL INFO New proxy recv connection 12 from local rank 2, transport 0
MOC-R4PCC04U05:389865:390653 [2] NCCL INFO Connected to proxy localRank 2 -> connection 0x7fc0480054d0
MOC-R4PCC04U05:389865:389917 [2] NCCL INFO New proxy recv connection 13 from local rank 2, transport 0
MOC-R4PCC04U05:389865:390653 [2] NCCL INFO Connected to proxy localRank 2 -> connection 0x7fc048005548
MOC-R4PCC04U05:389864:389916 [1] NCCL INFO New proxy recv connection 11 from local rank 1, transport 0
MOC-R4PCC04U05:389864:390654 [1] NCCL INFO Connected to proxy localRank 1 -> connection 0x7efeb8005458
MOC-R4PCC04U05:389864:389916 [1] NCCL INFO New proxy recv connection 12 from local rank 1, transport 0
MOC-R4PCC04U05:389864:390654 [1] NCCL INFO Connected to proxy localRank 1 -> connection 0x7efeb80054d0
MOC-R4PCC04U05:389864:389916 [1] NCCL INFO New proxy recv connection 13 from local rank 1, transport 0
MOC-R4PCC04U05:389864:390654 [1] NCCL INFO Connected to proxy localRank 1 -> connection 0x7efeb8005548
MOC-R4PCC04U05:389864:389916 [1] NCCL INFO New proxy recv connection 14 from local rank 1, transport 0
MOC-R4PCC04U05:389864:390654 [1] NCCL INFO Connected to proxy localRank 1 -> connection 0x7efeb80055c0
MOC-R4PCC04U05:389864:389916 [1] NCCL INFO New proxy send connection 15 from local rank 1, transport 0
MOC-R4PCC04U05:389864:390654 [1] NCCL INFO Connected to proxy localRank 1 -> connection 0x7efeb8005638
MOC-R4PCC04U05:389864:389916 [1] NCCL INFO New proxy send connection 16 from local rank 1, transport 0
MOC-R4PCC04U05:389864:390654 [1] NCCL INFO Connected to proxy localRank 1 -> connection 0x7efeb80056b0
MOC-R4PCC04U05:389864:389916 [1] NCCL INFO New proxy send connection 17 from local rank 1, transport 0
MOC-R4PCC04U05:389864:390654 [1] NCCL INFO Connected to proxy localRank 1 -> connection 0x7efeb8005728
MOC-R4PCC04U05:389864:389916 [1] NCCL INFO New proxy send connection 18 from local rank 1, transport 0
MOC-R4PCC04U05:389864:390654 [1] NCCL INFO Connected to proxy localRank 1 -> connection 0x7efeb80057a0
MOC-R4PCC04U05:389863:389920 [0] NCCL INFO New proxy send connection 15 from local rank 0, transport 0
MOC-R4PCC04U05:389864:389916 [1] NCCL INFO New proxy recv connection 19 from local rank 1, transport 0
MOC-R4PCC04U05:389864:390654 [1] NCCL INFO Connected to proxy localRank 1 -> connection 0x7efeb8005818
MOC-R4PCC04U05:389863:390652 [0] NCCL INFO Connected to proxy localRank 0 -> connection 0x7ff880005638
MOC-R4PCC04U05:389865:389917 [2] NCCL INFO New proxy send connection 14 from local rank 2, transport 0
MOC-R4PCC04U05:389865:390653 [2] NCCL INFO Connected to proxy localRank 2 -> connection 0x7fc0480055c0
MOC-R4PCC04U05:389864:389916 [1] NCCL INFO New proxy recv connection 20 from local rank 1, transport 0
MOC-R4PCC04U05:389864:390654 [1] NCCL INFO Connected to proxy localRank 1 -> connection 0x7efeb8005890
MOC-R4PCC04U05:389865:389917 [2] NCCL INFO New proxy send connection 15 from local rank 2, transport 0
MOC-R4PCC04U05:389865:390653 [2] NCCL INFO Connected to proxy localRank 2 -> connection 0x7fc048005638
MOC-R4PCC04U05:389863:389920 [0] NCCL INFO New proxy send connection 16 from local rank 0, transport 0
MOC-R4PCC04U05:389863:390652 [0] NCCL INFO Connected to proxy localRank 0 -> connection 0x7ff8800056b0
MOC-R4PCC04U05:389866:389915 [3] NCCL INFO New proxy recv connection 10 from local rank 3, transport 0
MOC-R4PCC04U05:389866:390655 [3] NCCL INFO Connected to proxy localRank 3 -> connection 0x7f7b240053e0
MOC-R4PCC04U05:389866:389915 [3] NCCL INFO New proxy recv connection 11 from local rank 3, transport 0
MOC-R4PCC04U05:389866:390655 [3] NCCL INFO Connected to proxy localRank 3 -> connection 0x7f7b24005458
MOC-R4PCC04U05:389866:389915 [3] NCCL INFO New proxy recv connection 12 from local rank 3, transport 2
MOC-R4PCC04U05:389866:390655 [3] NCCL INFO Connected to proxy localRank 3 -> connection 0x7f7b240054d0
MOC-R4PCC04U05:389863:389920 [0] NCCL INFO New proxy recv connection 17 from local rank 0, transport 0
MOC-R4PCC04U05:389863:390652 [0] NCCL INFO Connected to proxy localRank 0 -> connection 0x7ff880005728
MOC-R4PCC04U05:389866:390655 [3] NCCL INFO Channel 00/0 : 7[3] -> 3[3] [receive] via NET/Socket/0
MOC-R4PCC04U05:389866:389915 [3] NCCL INFO New proxy recv connection 13 from local rank 3, transport 2
MOC-R4PCC04U05:389866:390655 [3] NCCL INFO Connected to proxy localRank 3 -> connection 0x7f7b24005548
MOC-R4PCC04U05:389863:389920 [0] NCCL INFO New proxy recv connection 18 from local rank 0, transport 0
MOC-R4PCC04U05:389863:390652 [0] NCCL INFO Connected to proxy localRank 0 -> connection 0x7ff8800057a0
MOC-R4PCC04U05:389863:389920 [0] NCCL INFO New proxy recv connection 19 from local rank 0, transport 0
MOC-R4PCC04U05:389863:390652 [0] NCCL INFO Connected to proxy localRank 0 -> connection 0x7ff880005818
MOC-R4PCC04U05:389866:390655 [3] NCCL INFO Channel 01/0 : 7[3] -> 3[3] [receive] via NET/Socket/0
MOC-R4PCC04U05:389866:389915 [3] NCCL INFO New proxy recv connection 14 from local rank 3, transport 2
MOC-R4PCC04U05:389866:390655 [3] NCCL INFO Connected to proxy localRank 3 -> connection 0x7f7b240055c0
MOC-R4PCC04U05:389863:389920 [0] NCCL INFO New proxy recv connection 20 from local rank 0, transport 0
MOC-R4PCC04U05:389863:390652 [0] NCCL INFO Connected to proxy localRank 0 -> connection 0x7ff880005890
MOC-R4PCC04U05:389866:390655 [3] NCCL INFO Channel 02/0 : 7[3] -> 3[3] [receive] via NET/Socket/0
MOC-R4PCC04U05:389866:389915 [3] NCCL INFO New proxy recv connection 15 from local rank 3, transport 2
MOC-R4PCC04U05:389866:390655 [3] NCCL INFO Connected to proxy localRank 3 -> connection 0x7f7b24005638
MOC-R4PCC04U05:389866:390655 [3] NCCL INFO Channel 03/0 : 7[3] -> 3[3] [receive] via NET/Socket/0
MOC-R4PCC04U05:389866:389915 [3] NCCL INFO New proxy send connection 16 from local rank 3, transport 2
MOC-R4PCC04U05:389866:390655 [3] NCCL INFO Connected to proxy localRank 3 -> connection 0x7f7b240056b0
MOC-R4PCC04U05:389866:390655 [3] NCCL INFO Channel 00/0 : 3[3] -> 7[3] [send] via NET/Socket/0
MOC-R4PCC04U05:389866:389915 [3] NCCL INFO New proxy send connection 17 from local rank 3, transport 2
MOC-R4PCC04U05:389866:390655 [3] NCCL INFO Connected to proxy localRank 3 -> connection 0x7f7b24005728
MOC-R4PCC04U05:389866:390655 [3] NCCL INFO Channel 01/0 : 3[3] -> 7[3] [send] via NET/Socket/0
MOC-R4PCC04U05:389866:389915 [3] NCCL INFO New proxy send connection 18 from local rank 3, transport 2
MOC-R4PCC04U05:389866:390655 [3] NCCL INFO Connected to proxy localRank 3 -> connection 0x7f7b240057a0
MOC-R4PCC04U05:389866:390655 [3] NCCL INFO Channel 02/0 : 3[3] -> 7[3] [send] via NET/Socket/0
MOC-R4PCC04U05:389866:389915 [3] NCCL INFO New proxy send connection 19 from local rank 3, transport 2
MOC-R4PCC04U05:389866:390655 [3] NCCL INFO Connected to proxy localRank 3 -> connection 0x7f7b24005818
MOC-R4PCC04U05:389866:390655 [3] NCCL INFO Channel 03/0 : 3[3] -> 7[3] [send] via NET/Socket/0
MOC-R4PCC04U05:389866:389915 [3] NCCL INFO New proxy send connection 20 from local rank 3, transport 0
MOC-R4PCC04U05:389866:390655 [3] NCCL INFO Connected to proxy localRank 3 -> connection 0x7f7b24005890
MOC-R4PCC04U05:389866:389915 [3] NCCL INFO New proxy send connection 21 from local rank 3, transport 0
MOC-R4PCC04U05:389866:390655 [3] NCCL INFO Connected to proxy localRank 3 -> connection 0x7f7b24005908
MOC-R4PCC04U05:389866:389915 [3] NCCL INFO New proxy send connection 22 from local rank 3, transport 0
MOC-R4PCC04U05:389866:390655 [3] NCCL INFO Connected to proxy localRank 3 -> connection 0x7f7b24005980
MOC-R4PCC04U05:389866:389915 [3] NCCL INFO New proxy send connection 23 from local rank 3, transport 0
MOC-R4PCC04U05:389866:390655 [3] NCCL INFO Connected to proxy localRank 3 -> connection 0x7f7b240059f8
step    1/10 | train loss 11.008972 | norm 15.7108 | lr 1.00e-04 | (14015.87 ms | 37407 tok/s)
step    2/10 | train loss 10.123228 | norm 5.8019 | lr 1.00e-04 | (206.59 ms | 2537814 tok/s)
step    3/10 | train loss 9.777217 | norm 2.6314 | lr 1.00e-04 | (204.62 ms | 2562307 tok/s)
step    4/10 | train loss 9.607365 | norm 2.1166 | lr 1.00e-04 | (203.96 ms | 2570571 tok/s)
step    5/10 | train loss 9.524708 | norm 2.1075 | lr 1.00e-04 | (202.95 ms | 2583330 tok/s)
step    6/10 | train loss 9.443518 | norm 2.0013 | lr 1.00e-04 | (199.51 ms | 2627855 tok/s)
step    7/10 | train loss 9.358721 | norm 1.9491 | lr 1.00e-04 | (198.72 ms | 2638319 tok/s)
step    8/10 | train loss 9.269130 | norm 1.9124 | lr 1.00e-04 | (198.69 ms | 2638721 tok/s)
step    9/10 | train loss 9.176630 | norm 1.8636 | lr 1.00e-04 | (197.23 ms | 2658227 tok/s)
step   10/10 | train loss 9.088062 | norm 1.7782 | lr 1.00e-04 | (200.00 ms | 2621411 tok/s)
final 9 iters avg: 201.363ms
peak memory consumption: 16601 MiB
