Running pytorch 2.7.0+cu126
using device: cuda:0
total desired batch size: 1966080
=> calculated gradient accumulation steps: 5
using device: cuda:3
using device: cuda:1
using device: cuda:2
compiling the model...
DataLoader: total number of tokens: 1,661,249,667 across 103 files
MOC-R4PCC04U05:494302:494302 [0] NCCL INFO NCCL_SOCKET_IFNAME set to eno7np0
MOC-R4PCC04U05:494302:494302 [0] NCCL INFO NCCL version 2.26.2+cuda12.2
MOC-R4PCC04U05:494302:494412 [0] NCCL INFO NET/Plugin: Could not find: libnccl-net.so. Using internal net plugin.
MOC-R4PCC04U05:494302:494412 [0] NCCL INFO NCCL_IB_HCA set to mlx5_5
MOC-R4PCC04U05:494305:494305 [3] NCCL INFO NCCL_SOCKET_IFNAME set to eno7np0
MOC-R4PCC04U05:494302:494412 [0] NCCL INFO NET/IB : Made virtual device [0] name=mlx5_5 speed=400000 ndevs=1
MOC-R4PCC04U05:494302:494412 [0] NCCL INFO NET/IB : Using [0]mlx5_5:1/RoCE [RO]; OOB eno7np0:192.168.50.193<0>
MOC-R4PCC04U05:494305:494305 [3] NCCL INFO NCCL version 2.26.2+cuda12.2
MOC-R4PCC04U05:494304:494304 [2] NCCL INFO NCCL_SOCKET_IFNAME set to eno7np0
MOC-R4PCC04U05:494304:494304 [2] NCCL INFO NCCL version 2.26.2+cuda12.2
MOC-R4PCC04U05:494303:494303 [1] NCCL INFO NCCL_SOCKET_IFNAME set to eno7np0
MOC-R4PCC04U05:494303:494303 [1] NCCL INFO NCCL version 2.26.2+cuda12.2
MOC-R4PCC04U05:494305:494435 [3] NCCL INFO NET/Plugin: Could not find: libnccl-net.so. Using internal net plugin.
MOC-R4PCC04U05:494305:494435 [3] NCCL INFO NCCL_IB_HCA set to mlx5_5
MOC-R4PCC04U05:494305:494435 [3] NCCL INFO NET/IB : Made virtual device [0] name=mlx5_5 speed=400000 ndevs=1
MOC-R4PCC04U05:494305:494435 [3] NCCL INFO NET/IB : Using [0]mlx5_5:1/RoCE [RO]; OOB eno7np0:192.168.50.193<0>
MOC-R4PCC04U05:494304:494436 [2] NCCL INFO NET/Plugin: Could not find: libnccl-net.so. Using internal net plugin.
MOC-R4PCC04U05:494304:494436 [2] NCCL INFO NCCL_IB_HCA set to mlx5_5
MOC-R4PCC04U05:494304:494436 [2] NCCL INFO NET/IB : Made virtual device [0] name=mlx5_5 speed=400000 ndevs=1
MOC-R4PCC04U05:494304:494436 [2] NCCL INFO NET/IB : Using [0]mlx5_5:1/RoCE [RO]; OOB eno7np0:192.168.50.193<0>
MOC-R4PCC04U05:494303:494437 [1] NCCL INFO NET/Plugin: Could not find: libnccl-net.so. Using internal net plugin.
MOC-R4PCC04U05:494303:494437 [1] NCCL INFO NCCL_IB_HCA set to mlx5_5
MOC-R4PCC04U05:494303:494437 [1] NCCL INFO NET/IB : Made virtual device [0] name=mlx5_5 speed=400000 ndevs=1
MOC-R4PCC04U05:494303:494437 [1] NCCL INFO NET/IB : Using [0]mlx5_5:1/RoCE [RO]; OOB eno7np0:192.168.50.193<0>
MOC-R4PCC04U05:494303:494437 [1] NCCL INFO NET/IB : GPU Direct RDMA Enabled for HCA 0 'mlx5_5'
MOC-R4PCC04U05:494303:494437 [1] NCCL INFO NET/IB : Made virtual device [1] name=mlx5_5 speed=400000 ndevs=1
MOC-R4PCC04U05:494303:494437 [1] NCCL INFO NET/IB : GPU Direct RDMA Enabled for HCA 0 'mlx5_5'
MOC-R4PCC04U05:494303:494437 [1] NCCL INFO NET/IB : GPU Direct RDMA Enabled for HCA 1 'mlx5_5'
MOC-R4PCC04U05:494302:494412 [0] NCCL INFO NET/IB : GPU Direct RDMA Enabled for HCA 0 'mlx5_5'
MOC-R4PCC04U05:494302:494412 [0] NCCL INFO NET/IB : Made virtual device [1] name=mlx5_5 speed=400000 ndevs=1
MOC-R4PCC04U05:494302:494412 [0] NCCL INFO NET/IB : GPU Direct RDMA Enabled for HCA 0 'mlx5_5'
MOC-R4PCC04U05:494302:494412 [0] NCCL INFO NET/IB : GPU Direct RDMA Enabled for HCA 1 'mlx5_5'
MOC-R4PCC04U05:494305:494435 [3] NCCL INFO NET/IB : GPU Direct RDMA Enabled for HCA 0 'mlx5_5'
MOC-R4PCC04U05:494305:494435 [3] NCCL INFO NET/IB : Made virtual device [1] name=mlx5_5 speed=400000 ndevs=1
MOC-R4PCC04U05:494305:494435 [3] NCCL INFO NET/IB : GPU Direct RDMA Enabled for HCA 0 'mlx5_5'
MOC-R4PCC04U05:494305:494435 [3] NCCL INFO NET/IB : GPU Direct RDMA Enabled for HCA 1 'mlx5_5'
MOC-R4PCC04U05:494304:494436 [2] NCCL INFO NET/IB : GPU Direct RDMA Enabled for HCA 0 'mlx5_5'
MOC-R4PCC04U05:494304:494436 [2] NCCL INFO NET/IB : Made virtual device [1] name=mlx5_5 speed=400000 ndevs=1
MOC-R4PCC04U05:494304:494436 [2] NCCL INFO NET/IB : GPU Direct RDMA Enabled for HCA 0 'mlx5_5'
MOC-R4PCC04U05:494304:494436 [2] NCCL INFO NET/IB : GPU Direct RDMA Enabled for HCA 1 'mlx5_5'
MOC-R4PCC04U05:494302:494412 [0] NCCL INFO GPU Direct RDMA Enabled for GPU 0 / HCA 1 (distance 5 <= 5), read 0 mode Default
MOC-R4PCC04U05:494302:494412 [0] NCCL INFO GPU Direct RDMA Enabled for GPU 1 / HCA 1 (distance 5 <= 5), read 0 mode Default
MOC-R4PCC04U05:494302:494412 [0] NCCL INFO GPU Direct RDMA Enabled for GPU 2 / HCA 1 (distance 5 <= 5), read 0 mode Default
MOC-R4PCC04U05:494302:494412 [0] NCCL INFO GPU Direct RDMA Enabled for GPU 3 / HCA 1 (distance 5 <= 5), read 0 mode Default
MOC-R4PCC04U05:494302:494412 [0] NCCL INFO GPU Direct RDMA Enabled for GPU 0 / HCA 1 (distance 5 <= 5), read 0 mode Default
MOC-R4PCC04U05:494302:494412 [0] NCCL INFO GPU Direct RDMA Enabled for GPU 1 / HCA 1 (distance 5 <= 5), read 0 mode Default
MOC-R4PCC04U05:494302:494412 [0] NCCL INFO GPU Direct RDMA Enabled for GPU 2 / HCA 1 (distance 5 <= 5), read 0 mode Default
MOC-R4PCC04U05:494302:494412 [0] NCCL INFO GPU Direct RDMA Enabled for GPU 3 / HCA 1 (distance 5 <= 5), read 0 mode Default
MOC-R4PCC04U05:494305:494435 [3] NCCL INFO GPU Direct RDMA Enabled for GPU 0 / HCA 1 (distance 5 <= 5), read 0 mode Default
MOC-R4PCC04U05:494305:494435 [3] NCCL INFO GPU Direct RDMA Enabled for GPU 1 / HCA 1 (distance 5 <= 5), read 0 mode Default
MOC-R4PCC04U05:494305:494435 [3] NCCL INFO GPU Direct RDMA Enabled for GPU 2 / HCA 1 (distance 5 <= 5), read 0 mode Default
MOC-R4PCC04U05:494305:494435 [3] NCCL INFO GPU Direct RDMA Enabled for GPU 3 / HCA 1 (distance 5 <= 5), read 0 mode Default
MOC-R4PCC04U05:494305:494435 [3] NCCL INFO GPU Direct RDMA Enabled for GPU 0 / HCA 1 (distance 5 <= 5), read 0 mode Default
MOC-R4PCC04U05:494305:494435 [3] NCCL INFO GPU Direct RDMA Enabled for GPU 1 / HCA 1 (distance 5 <= 5), read 0 mode Default
MOC-R4PCC04U05:494305:494435 [3] NCCL INFO GPU Direct RDMA Enabled for GPU 2 / HCA 1 (distance 5 <= 5), read 0 mode Default
MOC-R4PCC04U05:494305:494435 [3] NCCL INFO GPU Direct RDMA Enabled for GPU 3 / HCA 1 (distance 5 <= 5), read 0 mode Default
MOC-R4PCC04U05:494303:494437 [1] NCCL INFO GPU Direct RDMA Enabled for GPU 0 / HCA 1 (distance 5 <= 5), read 0 mode Default
MOC-R4PCC04U05:494303:494437 [1] NCCL INFO GPU Direct RDMA Enabled for GPU 1 / HCA 1 (distance 5 <= 5), read 0 mode Default
MOC-R4PCC04U05:494303:494437 [1] NCCL INFO GPU Direct RDMA Enabled for GPU 2 / HCA 1 (distance 5 <= 5), read 0 mode Default
MOC-R4PCC04U05:494303:494437 [1] NCCL INFO GPU Direct RDMA Enabled for GPU 3 / HCA 1 (distance 5 <= 5), read 0 mode Default
MOC-R4PCC04U05:494303:494437 [1] NCCL INFO GPU Direct RDMA Enabled for GPU 0 / HCA 1 (distance 5 <= 5), read 0 mode Default
MOC-R4PCC04U05:494303:494437 [1] NCCL INFO GPU Direct RDMA Enabled for GPU 1 / HCA 1 (distance 5 <= 5), read 0 mode Default
MOC-R4PCC04U05:494303:494437 [1] NCCL INFO GPU Direct RDMA Enabled for GPU 2 / HCA 1 (distance 5 <= 5), read 0 mode Default
MOC-R4PCC04U05:494303:494437 [1] NCCL INFO GPU Direct RDMA Enabled for GPU 3 / HCA 1 (distance 5 <= 5), read 0 mode Default
MOC-R4PCC04U05:494304:494436 [2] NCCL INFO GPU Direct RDMA Enabled for GPU 0 / HCA 1 (distance 5 <= 5), read 0 mode Default
MOC-R4PCC04U05:494304:494436 [2] NCCL INFO GPU Direct RDMA Enabled for GPU 1 / HCA 1 (distance 5 <= 5), read 0 mode Default
MOC-R4PCC04U05:494304:494436 [2] NCCL INFO GPU Direct RDMA Enabled for GPU 2 / HCA 1 (distance 5 <= 5), read 0 mode Default
MOC-R4PCC04U05:494304:494436 [2] NCCL INFO GPU Direct RDMA Enabled for GPU 3 / HCA 1 (distance 5 <= 5), read 0 mode Default
MOC-R4PCC04U05:494304:494436 [2] NCCL INFO GPU Direct RDMA Enabled for GPU 0 / HCA 1 (distance 5 <= 5), read 0 mode Default
MOC-R4PCC04U05:494304:494436 [2] NCCL INFO GPU Direct RDMA Enabled for GPU 1 / HCA 1 (distance 5 <= 5), read 0 mode Default
MOC-R4PCC04U05:494304:494436 [2] NCCL INFO GPU Direct RDMA Enabled for GPU 2 / HCA 1 (distance 5 <= 5), read 0 mode Default
MOC-R4PCC04U05:494304:494436 [2] NCCL INFO GPU Direct RDMA Enabled for GPU 3 / HCA 1 (distance 5 <= 5), read 0 mode Default
MOC-R4PCC04U05:494302:494452 [0] NCCL INFO New proxy send connection 0 from local rank 0, transport 0
MOC-R4PCC04U05:494302:494457 [0] NCCL INFO Connected to proxy localRank 0 -> connection 0x7fd6a0004f30
MOC-R4PCC04U05:494302:494452 [0] NCCL INFO New proxy send connection 1 from local rank 0, transport 0
MOC-R4PCC04U05:494302:494457 [0] NCCL INFO Connected to proxy localRank 0 -> connection 0x7fd6a0004fa8
MOC-R4PCC04U05:494304:494458 [2] NCCL INFO GPU Direct RDMA Enabled for GPU 2 / HCA 1 (distance 5 <= 5), read 0 mode Default
MOC-R4PCC04U05:494302:494452 [0] NCCL INFO New proxy send connection 2 from local rank 0, transport 0
MOC-R4PCC04U05:494302:494457 [0] NCCL INFO Connected to proxy localRank 0 -> connection 0x7fd6a0005020
MOC-R4PCC04U05:494302:494452 [0] NCCL INFO New proxy send connection 3 from local rank 0, transport 0
MOC-R4PCC04U05:494302:494457 [0] NCCL INFO Connected to proxy localRank 0 -> connection 0x7fd6a0005098
MOC-R4PCC04U05:494305:494449 [3] NCCL INFO New proxy recv connection 0 from local rank 3, transport 0
MOC-R4PCC04U05:494305:494459 [3] NCCL INFO Connected to proxy localRank 3 -> connection 0x7fdb6c004f30
MOC-R4PCC04U05:494305:494449 [3] NCCL INFO New proxy recv connection 1 from local rank 3, transport 0
MOC-R4PCC04U05:494305:494459 [3] NCCL INFO Connected to proxy localRank 3 -> connection 0x7fdb6c004fa8
MOC-R4PCC04U05:494303:494450 [1] NCCL INFO New proxy recv connection 0 from local rank 1, transport 0
MOC-R4PCC04U05:494303:494460 [1] NCCL INFO Connected to proxy localRank 1 -> connection 0x7fd584004f30
MOC-R4PCC04U05:494305:494449 [3] NCCL INFO New proxy recv connection 2 from local rank 3, transport 0
MOC-R4PCC04U05:494305:494459 [3] NCCL INFO Connected to proxy localRank 3 -> connection 0x7fdb6c005020
MOC-R4PCC04U05:494303:494450 [1] NCCL INFO New proxy recv connection 1 from local rank 1, transport 0
MOC-R4PCC04U05:494303:494460 [1] NCCL INFO Connected to proxy localRank 1 -> connection 0x7fd584004fa8
MOC-R4PCC04U05:494305:494449 [3] NCCL INFO New proxy recv connection 3 from local rank 3, transport 0
MOC-R4PCC04U05:494305:494459 [3] NCCL INFO Connected to proxy localRank 3 -> connection 0x7fdb6c005098
MOC-R4PCC04U05:494303:494450 [1] NCCL INFO New proxy recv connection 2 from local rank 1, transport 0
MOC-R4PCC04U05:494303:494460 [1] NCCL INFO Connected to proxy localRank 1 -> connection 0x7fd584005020
MOC-R4PCC04U05:494305:494459 [3] NCCL INFO GPU Direct RDMA Enabled for GPU 3 / HCA 1 (distance 5 <= 5), read 1 mode Default
MOC-R4PCC04U05:494303:494450 [1] NCCL INFO New proxy recv connection 3 from local rank 1, transport 0
MOC-R4PCC04U05:494303:494460 [1] NCCL INFO Connected to proxy localRank 1 -> connection 0x7fd584005098
MOC-R4PCC04U05:494303:494450 [1] NCCL INFO New proxy send connection 4 from local rank 1, transport 0
MOC-R4PCC04U05:494303:494460 [1] NCCL INFO Connected to proxy localRank 1 -> connection 0x7fd584005110
MOC-R4PCC04U05:494303:494450 [1] NCCL INFO New proxy send connection 5 from local rank 1, transport 0
MOC-R4PCC04U05:494303:494460 [1] NCCL INFO Connected to proxy localRank 1 -> connection 0x7fd584005188
MOC-R4PCC04U05:494303:494450 [1] NCCL INFO New proxy send connection 6 from local rank 1, transport 0
MOC-R4PCC04U05:494303:494460 [1] NCCL INFO Connected to proxy localRank 1 -> connection 0x7fd584005200
MOC-R4PCC04U05:494304:494451 [2] NCCL INFO New proxy recv connection 0 from local rank 2, transport 2
MOC-R4PCC04U05:494304:494451 [2] NCCL INFO New proxy send connection 1 from local rank 3, transport 2
MOC-R4PCC04U05:494304:494458 [2] NCCL INFO Connected to proxy localRank 2 -> connection 0x7f09c8004f30
MOC-R4PCC04U05:494305:494459 [3] NCCL INFO Connected to proxy localRank 2 -> connection 0x7f09c8004fa8
MOC-R4PCC04U05:494304:494458 [2] NCCL INFO Channel 00/0 : 11[3] -> 2[2] [receive] via NET/IB/1/GDRDMA
MOC-R4PCC04U05:494304:494458 [2] NCCL INFO GPU Direct RDMA Enabled for GPU 2 / HCA 1 (distance 5 <= 5), read 0 mode Default
MOC-R4PCC04U05:494305:494459 [3] NCCL INFO Channel 00/0 : 3[3] -> 6[2] [send] via NET/IB/1(2)/GDRDMA
MOC-R4PCC04U05:494305:494459 [3] NCCL INFO GPU Direct RDMA Enabled for GPU 3 / HCA 1 (distance 5 <= 5), read 1 mode Default
MOC-R4PCC04U05:494304:494451 [2] NCCL INFO New proxy recv connection 2 from local rank 2, transport 2
MOC-R4PCC04U05:494304:494458 [2] NCCL INFO Connected to proxy localRank 2 -> connection 0x7f09c8005020
MOC-R4PCC04U05:494304:494451 [2] NCCL INFO New proxy send connection 3 from local rank 3, transport 2
MOC-R4PCC04U05:494305:494459 [3] NCCL INFO Connected to proxy localRank 2 -> connection 0x7f09c8005098
MOC-R4PCC04U05:494304:494458 [2] NCCL INFO Channel 01/0 : 11[3] -> 2[2] [receive] via NET/IB/1/GDRDMA
MOC-R4PCC04U05:494304:494458 [2] NCCL INFO GPU Direct RDMA Enabled for GPU 2 / HCA 1 (distance 5 <= 5), read 0 mode Default
MOC-R4PCC04U05:494305:494459 [3] NCCL INFO Channel 01/0 : 3[3] -> 6[2] [send] via NET/IB/1(2)/GDRDMA
MOC-R4PCC04U05:494305:494459 [3] NCCL INFO GPU Direct RDMA Enabled for GPU 3 / HCA 1 (distance 5 <= 5), read 1 mode Default
MOC-R4PCC04U05:494304:494451 [2] NCCL INFO New proxy recv connection 4 from local rank 2, transport 2
MOC-R4PCC04U05:494304:494458 [2] NCCL INFO Connected to proxy localRank 2 -> connection 0x7f09c8005110
MOC-R4PCC04U05:494304:494451 [2] NCCL INFO New proxy send connection 5 from local rank 3, transport 2
MOC-R4PCC04U05:494305:494459 [3] NCCL INFO Connected to proxy localRank 2 -> connection 0x7f09c8005188
MOC-R4PCC04U05:494304:494458 [2] NCCL INFO Channel 02/0 : 11[3] -> 2[2] [receive] via NET/IB/1/GDRDMA
MOC-R4PCC04U05:494304:494458 [2] NCCL INFO GPU Direct RDMA Enabled for GPU 2 / HCA 1 (distance 5 <= 5), read 0 mode Default
MOC-R4PCC04U05:494303:494450 [1] NCCL INFO New proxy send connection 7 from local rank 1, transport 0
MOC-R4PCC04U05:494305:494459 [3] NCCL INFO Channel 02/0 : 3[3] -> 6[2] [send] via NET/IB/1(2)/GDRDMA
MOC-R4PCC04U05:494305:494459 [3] NCCL INFO GPU Direct RDMA Enabled for GPU 3 / HCA 1 (distance 5 <= 5), read 1 mode Default
MOC-R4PCC04U05:494303:494460 [1] NCCL INFO Connected to proxy localRank 1 -> connection 0x7fd584005278
MOC-R4PCC04U05:494304:494451 [2] NCCL INFO New proxy recv connection 6 from local rank 2, transport 2
MOC-R4PCC04U05:494304:494458 [2] NCCL INFO Connected to proxy localRank 2 -> connection 0x7f09c8005200
MOC-R4PCC04U05:494304:494451 [2] NCCL INFO New proxy send connection 7 from local rank 3, transport 2
MOC-R4PCC04U05:494305:494459 [3] NCCL INFO Connected to proxy localRank 2 -> connection 0x7f09c8005278
MOC-R4PCC04U05:494304:494458 [2] NCCL INFO Channel 03/0 : 11[3] -> 2[2] [receive] via NET/IB/1/GDRDMA
MOC-R4PCC04U05:494305:494459 [3] NCCL INFO Channel 03/0 : 3[3] -> 6[2] [send] via NET/IB/1(2)/GDRDMA
MOC-R4PCC04U05:494302:494452 [0] NCCL INFO New proxy recv connection 4 from local rank 0, transport 0
MOC-R4PCC04U05:494302:494457 [0] NCCL INFO Connected to proxy localRank 0 -> connection 0x7fd6a0005110
MOC-R4PCC04U05:494302:494452 [0] NCCL INFO New proxy recv connection 5 from local rank 0, transport 0
MOC-R4PCC04U05:494302:494457 [0] NCCL INFO Connected to proxy localRank 0 -> connection 0x7fd6a0005188
MOC-R4PCC04U05:494302:494452 [0] NCCL INFO New proxy recv connection 6 from local rank 0, transport 0
MOC-R4PCC04U05:494302:494457 [0] NCCL INFO Connected to proxy localRank 0 -> connection 0x7fd6a0005200
MOC-R4PCC04U05:494302:494452 [0] NCCL INFO New proxy recv connection 7 from local rank 0, transport 0
MOC-R4PCC04U05:494302:494457 [0] NCCL INFO Connected to proxy localRank 0 -> connection 0x7fd6a0005278
MOC-R4PCC04U05:494305:494449 [3] NCCL INFO New proxy send connection 4 from local rank 0, transport 0
MOC-R4PCC04U05:494302:494457 [0] NCCL INFO Connected to proxy localRank 3 -> connection 0x7fdb6c005110
MOC-R4PCC04U05:494302:494452 [0] NCCL INFO New proxy send connection 8 from local rank 3, transport 0
MOC-R4PCC04U05:494305:494459 [3] NCCL INFO Connected to proxy localRank 0 -> connection 0x7fd6a00052f0
MOC-R4PCC04U05:494303:494450 [1] NCCL INFO New proxy send connection 8 from local rank 0, transport 0
MOC-R4PCC04U05:494302:494457 [0] NCCL INFO Connected to proxy localRank 1 -> connection 0x7fd5840052f0
MOC-R4PCC04U05:494304:494451 [2] NCCL INFO New proxy send connection 8 from local rank 2, transport 0
MOC-R4PCC04U05:494304:494458 [2] NCCL INFO Connected to proxy localRank 2 -> connection 0x7f09c80052f0
MOC-R4PCC04U05:494304:494451 [2] NCCL INFO New proxy send connection 9 from local rank 2, transport 0
MOC-R4PCC04U05:494304:494458 [2] NCCL INFO Connected to proxy localRank 2 -> connection 0x7f09c8005368
MOC-R4PCC04U05:494304:494451 [2] NCCL INFO New proxy send connection 10 from local rank 2, transport 0
MOC-R4PCC04U05:494304:494458 [2] NCCL INFO Connected to proxy localRank 2 -> connection 0x7f09c80053e0
MOC-R4PCC04U05:494304:494451 [2] NCCL INFO New proxy send connection 11 from local rank 2, transport 0
MOC-R4PCC04U05:494304:494458 [2] NCCL INFO Connected to proxy localRank 2 -> connection 0x7f09c8005458
MOC-R4PCC04U05:494302:494452 [0] NCCL INFO New proxy send connection 9 from local rank 1, transport 0
MOC-R4PCC04U05:494303:494460 [1] NCCL INFO Connected to proxy localRank 0 -> connection 0x7fd6a0005368
MOC-R4PCC04U05:494303:494450 [1] NCCL INFO New proxy send connection 9 from local rank 2, transport 0
MOC-R4PCC04U05:494304:494458 [2] NCCL INFO Connected to proxy localRank 1 -> connection 0x7fd584005368
MOC-R4PCC04U05:494304:494451 [2] NCCL INFO New proxy send connection 12 from local rank 1, transport 0
MOC-R4PCC04U05:494303:494460 [1] NCCL INFO Connected to proxy localRank 2 -> connection 0x7f09c80054d0
MOC-R4PCC04U05:494304:494451 [2] NCCL INFO NET/IB: NCCL Dev 1 IbDev 0 Port 1 qpn 7476 mtu 3 query_ece={supported=1, vendor_id=0x15b3, options=0x30000002, comp_mask=0x0} GID 3 (0/C132A8C0FFFF0000) fifoRkey=0x1722e1 fifoLkey=0x1722e1
MOC-R4PCC04U05:494304:494451 [2] NCCL INFO NET/IB: NCCL Dev 1 IbDev 0 Port 1 qpn 7477 mtu 3 query_ece={supported=1, vendor_id=0x15b3, options=0x30000002, comp_mask=0x0} GID 3 (0/C132A8C0FFFF0000) fifoRkey=0x170bca fifoLkey=0x170bca
MOC-R4PCC04U05:494304:494451 [2] NCCL INFO NET/IB: NCCL Dev 1 IbDev 0 Port 1 qpn 7478 mtu 3 query_ece={supported=1, vendor_id=0x15b3, options=0x30000002, comp_mask=0x0} GID 3 (0/C132A8C0FFFF0000) fifoRkey=0x17a767 fifoLkey=0x17a767
MOC-R4PCC04U05:494304:494451 [2] NCCL INFO NET/IB: NCCL Dev 1 IbDev 0 Port 1 qpn 7479 mtu 3 query_ece={supported=1, vendor_id=0x15b3, options=0x30000002, comp_mask=0x0} GID 3 (0/C132A8C0FFFF0000) fifoRkey=0x176c2b fifoLkey=0x176c2b
MOC-R4PCC04U05:494304:494451 [2] NCCL INFO NET/IB: IbDev 0 Port 1 qpn 7625 set_ece={supported=1, vendor_id=0x15b3, options=0x0, comp_mask=0x0}
MOC-R4PCC04U05:494304:494451 [2] NCCL INFO NET/IB: IbDev 0 Port 1 qpn 7627 set_ece={supported=1, vendor_id=0x15b3, options=0x0, comp_mask=0x0}
MOC-R4PCC04U05:494304:494451 [2] NCCL INFO New proxy send connection 13 from local rank 3, transport 0
MOC-R4PCC04U05:494305:494459 [3] NCCL INFO Connected to proxy localRank 2 -> connection 0x7f09c8005548
MOC-R4PCC04U05:494304:494451 [2] NCCL INFO NET/IB: IbDev 0 Port 1 qpn 7629 set_ece={supported=1, vendor_id=0x15b3, options=0x0, comp_mask=0x0}
MOC-R4PCC04U05:494304:494451 [2] NCCL INFO NET/IB: IbDev 0 Port 1 qpn 7631 set_ece={supported=1, vendor_id=0x15b3, options=0x0, comp_mask=0x0}
num decayed parameter tensors: 50, with 124,318,464 parameters
num non-decayed parameter tensors: 98, with 121,344 parameters
using fused AdamW: False
using regular AdamW
MOC-R4PCC04U05:494305:494449 [3] NCCL INFO New proxy recv connection 5 from local rank 3, transport 0
MOC-R4PCC04U05:494305:495150 [3] NCCL INFO Connected to proxy localRank 3 -> connection 0x7fdb6c005188
MOC-R4PCC04U05:494305:494449 [3] NCCL INFO New proxy recv connection 6 from local rank 3, transport 0
MOC-R4PCC04U05:494305:495150 [3] NCCL INFO Connected to proxy localRank 3 -> connection 0x7fdb6c005200
MOC-R4PCC04U05:494305:494449 [3] NCCL INFO New proxy recv connection 7 from local rank 3, transport 0
MOC-R4PCC04U05:494305:495150 [3] NCCL INFO Connected to proxy localRank 3 -> connection 0x7fdb6c005278
MOC-R4PCC04U05:494305:494449 [3] NCCL INFO New proxy recv connection 8 from local rank 3, transport 0
MOC-R4PCC04U05:494305:495150 [3] NCCL INFO Connected to proxy localRank 3 -> connection 0x7fdb6c0052f0
MOC-R4PCC04U05:494302:494452 [0] NCCL INFO New proxy send connection 10 from local rank 0, transport 0
MOC-R4PCC04U05:494302:495151 [0] NCCL INFO Connected to proxy localRank 0 -> connection 0x7fd6a00053e0
MOC-R4PCC04U05:494302:494452 [0] NCCL INFO New proxy send connection 11 from local rank 0, transport 0
MOC-R4PCC04U05:494302:495151 [0] NCCL INFO Connected to proxy localRank 0 -> connection 0x7fd6a0005458
MOC-R4PCC04U05:494302:494452 [0] NCCL INFO New proxy send connection 12 from local rank 0, transport 0
MOC-R4PCC04U05:494302:495151 [0] NCCL INFO Connected to proxy localRank 0 -> connection 0x7fd6a00054d0
MOC-R4PCC04U05:494302:494452 [0] NCCL INFO New proxy send connection 13 from local rank 0, transport 0
MOC-R4PCC04U05:494302:495151 [0] NCCL INFO Connected to proxy localRank 0 -> connection 0x7fd6a0005548
MOC-R4PCC04U05:494303:494450 [1] NCCL INFO New proxy recv connection 10 from local rank 1, transport 0
MOC-R4PCC04U05:494303:495152 [1] NCCL INFO Connected to proxy localRank 1 -> connection 0x7fd5840053e0
MOC-R4PCC04U05:494303:494450 [1] NCCL INFO New proxy recv connection 11 from local rank 1, transport 0
MOC-R4PCC04U05:494303:495152 [1] NCCL INFO Connected to proxy localRank 1 -> connection 0x7fd584005458
MOC-R4PCC04U05:494303:494450 [1] NCCL INFO New proxy recv connection 12 from local rank 1, transport 0
MOC-R4PCC04U05:494303:495152 [1] NCCL INFO Connected to proxy localRank 1 -> connection 0x7fd5840054d0
MOC-R4PCC04U05:494303:494450 [1] NCCL INFO New proxy recv connection 13 from local rank 1, transport 0
MOC-R4PCC04U05:494303:495152 [1] NCCL INFO Connected to proxy localRank 1 -> connection 0x7fd584005548
MOC-R4PCC04U05:494302:494452 [0] NCCL INFO New proxy recv connection 14 from local rank 0, transport 0
MOC-R4PCC04U05:494302:495151 [0] NCCL INFO Connected to proxy localRank 0 -> connection 0x7fd6a00055c0
MOC-R4PCC04U05:494302:494452 [0] NCCL INFO New proxy recv connection 15 from local rank 0, transport 0
MOC-R4PCC04U05:494302:495151 [0] NCCL INFO Connected to proxy localRank 0 -> connection 0x7fd6a0005638
MOC-R4PCC04U05:494302:494452 [0] NCCL INFO New proxy recv connection 16 from local rank 0, transport 0
MOC-R4PCC04U05:494302:495151 [0] NCCL INFO Connected to proxy localRank 0 -> connection 0x7fd6a00056b0
MOC-R4PCC04U05:494302:494452 [0] NCCL INFO New proxy recv connection 17 from local rank 0, transport 0
MOC-R4PCC04U05:494302:495151 [0] NCCL INFO Connected to proxy localRank 0 -> connection 0x7fd6a0005728
MOC-R4PCC04U05:494304:494451 [2] NCCL INFO New proxy send connection 14 from local rank 2, transport 0
MOC-R4PCC04U05:494304:495153 [2] NCCL INFO Connected to proxy localRank 2 -> connection 0x7f09c80055c0
MOC-R4PCC04U05:494304:494451 [2] NCCL INFO New proxy send connection 15 from local rank 2, transport 0
MOC-R4PCC04U05:494304:495153 [2] NCCL INFO Connected to proxy localRank 2 -> connection 0x7f09c8005638
MOC-R4PCC04U05:494304:494451 [2] NCCL INFO New proxy send connection 16 from local rank 2, transport 0
MOC-R4PCC04U05:494304:495153 [2] NCCL INFO Connected to proxy localRank 2 -> connection 0x7f09c80056b0
MOC-R4PCC04U05:494304:494451 [2] NCCL INFO New proxy send connection 17 from local rank 2, transport 0
MOC-R4PCC04U05:494304:495153 [2] NCCL INFO Connected to proxy localRank 2 -> connection 0x7f09c8005728
MOC-R4PCC04U05:494304:495153 [2] NCCL INFO GPU Direct RDMA Enabled for GPU 2 / HCA 1 (distance 5 <= 5), read 0 mode Default
MOC-R4PCC04U05:494304:494451 [2] NCCL INFO New proxy recv connection 18 from local rank 2, transport 2
MOC-R4PCC04U05:494304:495153 [2] NCCL INFO Connected to proxy localRank 2 -> connection 0x7f09c80057a0
MOC-R4PCC04U05:494305:494449 [3] NCCL INFO New proxy send connection 9 from local rank 3, transport 0
MOC-R4PCC04U05:494304:495153 [2] NCCL INFO Channel 00/0 : 10[2] -> 2[2] [receive] via NET/IB/1/GDRDMA
MOC-R4PCC04U05:494304:495153 [2] NCCL INFO GPU Direct RDMA Enabled for GPU 2 / HCA 1 (distance 5 <= 5), read 0 mode Default
MOC-R4PCC04U05:494305:495150 [3] NCCL INFO Connected to proxy localRank 3 -> connection 0x7fdb6c005368
MOC-R4PCC04U05:494304:494451 [2] NCCL INFO New proxy recv connection 19 from local rank 2, transport 2
MOC-R4PCC04U05:494304:495153 [2] NCCL INFO Connected to proxy localRank 2 -> connection 0x7f09c8005818
MOC-R4PCC04U05:494304:495153 [2] NCCL INFO Channel 01/0 : 10[2] -> 2[2] [receive] via NET/IB/1/GDRDMA
MOC-R4PCC04U05:494304:495153 [2] NCCL INFO GPU Direct RDMA Enabled for GPU 2 / HCA 1 (distance 5 <= 5), read 0 mode Default
MOC-R4PCC04U05:494304:494451 [2] NCCL INFO New proxy recv connection 20 from local rank 2, transport 2
MOC-R4PCC04U05:494304:495153 [2] NCCL INFO Connected to proxy localRank 2 -> connection 0x7f09c8005890
MOC-R4PCC04U05:494304:495153 [2] NCCL INFO Channel 02/0 : 10[2] -> 2[2] [receive] via NET/IB/1/GDRDMA
MOC-R4PCC04U05:494304:495153 [2] NCCL INFO GPU Direct RDMA Enabled for GPU 2 / HCA 1 (distance 5 <= 5), read 0 mode Default
MOC-R4PCC04U05:494304:494451 [2] NCCL INFO New proxy recv connection 21 from local rank 2, transport 2
MOC-R4PCC04U05:494304:495153 [2] NCCL INFO Connected to proxy localRank 2 -> connection 0x7f09c8005908
MOC-R4PCC04U05:494305:494449 [3] NCCL INFO New proxy send connection 10 from local rank 3, transport 0
MOC-R4PCC04U05:494305:495150 [3] NCCL INFO Connected to proxy localRank 3 -> connection 0x7fdb6c0053e0
MOC-R4PCC04U05:494304:495153 [2] NCCL INFO Channel 03/0 : 10[2] -> 2[2] [receive] via NET/IB/1/GDRDMA
MOC-R4PCC04U05:494304:495153 [2] NCCL INFO GPU Direct RDMA Enabled for GPU 2 / HCA 1 (distance 5 <= 5), read 1 mode Default
MOC-R4PCC04U05:494304:494451 [2] NCCL INFO New proxy send connection 22 from local rank 2, transport 2
MOC-R4PCC04U05:494304:495153 [2] NCCL INFO Connected to proxy localRank 2 -> connection 0x7f09c8005980
MOC-R4PCC04U05:494304:495153 [2] NCCL INFO Channel 02/0 : 2[2] -> 6[2] [send] via NET/IB/1/GDRDMA
MOC-R4PCC04U05:494304:495153 [2] NCCL INFO GPU Direct RDMA Enabled for GPU 2 / HCA 1 (distance 5 <= 5), read 1 mode Default
MOC-R4PCC04U05:494304:494451 [2] NCCL INFO New proxy send connection 23 from local rank 2, transport 2
MOC-R4PCC04U05:494304:495153 [2] NCCL INFO Connected to proxy localRank 2 -> connection 0x7f09c80059f8
MOC-R4PCC04U05:494305:494449 [3] NCCL INFO New proxy send connection 11 from local rank 3, transport 0
MOC-R4PCC04U05:494305:495150 [3] NCCL INFO Connected to proxy localRank 3 -> connection 0x7fdb6c005458
MOC-R4PCC04U05:494304:495153 [2] NCCL INFO Channel 03/0 : 2[2] -> 6[2] [send] via NET/IB/1/GDRDMA
MOC-R4PCC04U05:494305:494449 [3] NCCL INFO New proxy send connection 12 from local rank 3, transport 0
MOC-R4PCC04U05:494305:495150 [3] NCCL INFO Connected to proxy localRank 3 -> connection 0x7fdb6c0054d0
MOC-R4PCC04U05:494305:494449 [3] NCCL INFO New proxy send connection 13 from local rank 3, transport 0
MOC-R4PCC04U05:494305:495150 [3] NCCL INFO Connected to proxy localRank 3 -> connection 0x7fdb6c005548
MOC-R4PCC04U05:494305:494449 [3] NCCL INFO New proxy send connection 14 from local rank 3, transport 0
MOC-R4PCC04U05:494305:495150 [3] NCCL INFO Connected to proxy localRank 3 -> connection 0x7fdb6c0055c0
MOC-R4PCC04U05:494305:494449 [3] NCCL INFO New proxy send connection 15 from local rank 3, transport 0
MOC-R4PCC04U05:494305:495150 [3] NCCL INFO Connected to proxy localRank 3 -> connection 0x7fdb6c005638
MOC-R4PCC04U05:494305:494449 [3] NCCL INFO New proxy send connection 16 from local rank 3, transport 0
MOC-R4PCC04U05:494305:495150 [3] NCCL INFO Connected to proxy localRank 3 -> connection 0x7fdb6c0056b0
MOC-R4PCC04U05:494304:495153 [2] NCCL INFO GPU Direct RDMA Enabled for GPU 2 / HCA 1 (distance 5 <= 5), read 0 mode Default
MOC-R4PCC04U05:494304:494451 [2] NCCL INFO New proxy recv connection 24 from local rank 2, transport 2
MOC-R4PCC04U05:494304:495153 [2] NCCL INFO Connected to proxy localRank 2 -> connection 0x7f09c8005a70
MOC-R4PCC04U05:494304:495153 [2] NCCL INFO Channel 02/0 : 6[2] -> 2[2] [receive] via NET/IB/1/GDRDMA
MOC-R4PCC04U05:494304:495153 [2] NCCL INFO GPU Direct RDMA Enabled for GPU 2 / HCA 1 (distance 5 <= 5), read 0 mode Default
MOC-R4PCC04U05:494304:494451 [2] NCCL INFO New proxy recv connection 25 from local rank 2, transport 2
MOC-R4PCC04U05:494304:495153 [2] NCCL INFO Connected to proxy localRank 2 -> connection 0x7f09c8005ae8
MOC-R4PCC04U05:494304:495153 [2] NCCL INFO Channel 03/0 : 6[2] -> 2[2] [receive] via NET/IB/1/GDRDMA
MOC-R4PCC04U05:494304:495153 [2] NCCL INFO GPU Direct RDMA Enabled for GPU 2 / HCA 1 (distance 5 <= 5), read 1 mode Default
MOC-R4PCC04U05:494304:494451 [2] NCCL INFO New proxy send connection 26 from local rank 2, transport 2
MOC-R4PCC04U05:494304:495153 [2] NCCL INFO Connected to proxy localRank 2 -> connection 0x7f09c8005b60
MOC-R4PCC04U05:494304:495153 [2] NCCL INFO Channel 00/0 : 2[2] -> 10[2] [send] via NET/IB/1/GDRDMA
MOC-R4PCC04U05:494304:495153 [2] NCCL INFO GPU Direct RDMA Enabled for GPU 2 / HCA 1 (distance 5 <= 5), read 1 mode Default
MOC-R4PCC04U05:494304:494451 [2] NCCL INFO New proxy send connection 27 from local rank 2, transport 2
MOC-R4PCC04U05:494304:495153 [2] NCCL INFO Connected to proxy localRank 2 -> connection 0x7f09c8005bd8
MOC-R4PCC04U05:494304:495153 [2] NCCL INFO Channel 01/0 : 2[2] -> 10[2] [send] via NET/IB/1/GDRDMA
MOC-R4PCC04U05:494304:495153 [2] NCCL INFO GPU Direct RDMA Enabled for GPU 2 / HCA 1 (distance 5 <= 5), read 1 mode Default
MOC-R4PCC04U05:494304:494451 [2] NCCL INFO New proxy send connection 28 from local rank 2, transport 2
MOC-R4PCC04U05:494304:495153 [2] NCCL INFO Connected to proxy localRank 2 -> connection 0x7f09c8005c50
MOC-R4PCC04U05:494304:495153 [2] NCCL INFO Channel 02/0 : 2[2] -> 10[2] [send] via NET/IB/1/GDRDMA
MOC-R4PCC04U05:494304:495153 [2] NCCL INFO GPU Direct RDMA Enabled for GPU 2 / HCA 1 (distance 5 <= 5), read 1 mode Default
MOC-R4PCC04U05:494304:494451 [2] NCCL INFO New proxy send connection 29 from local rank 2, transport 2
MOC-R4PCC04U05:494304:495153 [2] NCCL INFO Connected to proxy localRank 2 -> connection 0x7f09c8005cc8
MOC-R4PCC04U05:494304:495153 [2] NCCL INFO Channel 03/0 : 2[2] -> 10[2] [send] via NET/IB/1/GDRDMA
MOC-R4PCC04U05:494304:494451 [2] NCCL INFO New proxy recv connection 30 from local rank 2, transport 0
MOC-R4PCC04U05:494304:495153 [2] NCCL INFO Connected to proxy localRank 2 -> connection 0x7f09c8005d40
MOC-R4PCC04U05:494304:494451 [2] NCCL INFO New proxy recv connection 31 from local rank 2, transport 0
MOC-R4PCC04U05:494304:495153 [2] NCCL INFO Connected to proxy localRank 2 -> connection 0x7f09c8005db8
MOC-R4PCC04U05:494304:494451 [2] NCCL INFO New proxy recv connection 32 from local rank 2, transport 0
MOC-R4PCC04U05:494304:495153 [2] NCCL INFO Connected to proxy localRank 2 -> connection 0x7f09c8005e30
MOC-R4PCC04U05:494304:494451 [2] NCCL INFO New proxy recv connection 33 from local rank 2, transport 0
MOC-R4PCC04U05:494304:495153 [2] NCCL INFO Connected to proxy localRank 2 -> connection 0x7f09c8005ea8
MOC-R4PCC04U05:494305:494449 [3] NCCL INFO New proxy send connection 17 from local rank 2, transport 0
MOC-R4PCC04U05:494304:495153 [2] NCCL INFO Connected to proxy localRank 3 -> connection 0x7fdb6c005728
MOC-R4PCC04U05:494304:494451 [2] NCCL INFO NET/IB: NCCL Dev 1 IbDev 0 Port 1 qpn 7484 mtu 3 query_ece={supported=1, vendor_id=0x15b3, options=0x30000002, comp_mask=0x0} GID 3 (0/C132A8C0FFFF0000) fifoRkey=0x17da99 fifoLkey=0x17da99
MOC-R4PCC04U05:494304:494451 [2] NCCL INFO NET/IB: NCCL Dev 1 IbDev 0 Port 1 qpn 7485 mtu 3 query_ece={supported=1, vendor_id=0x15b3, options=0x30000002, comp_mask=0x0} GID 3 (0/C132A8C0FFFF0000) fifoRkey=0x17e5a4 fifoLkey=0x17e5a4
MOC-R4PCC04U05:494304:494451 [2] NCCL INFO NET/IB: IbDev 0 Port 1 qpn 7634 set_ece={supported=1, vendor_id=0x15b3, options=0x0, comp_mask=0x0}
MOC-R4PCC04U05:494304:494451 [2] NCCL INFO NET/IB: IbDev 0 Port 1 qpn 7636 set_ece={supported=1, vendor_id=0x15b3, options=0x0, comp_mask=0x0}
MOC-R4PCC04U05:494304:494451 [2] NCCL INFO NET/IB: NCCL Dev 1 IbDev 0 Port 1 qpn 7486 mtu 3 query_ece={supported=1, vendor_id=0x15b3, options=0x30000002, comp_mask=0x0} GID 3 (0/C132A8C0FFFF0000) fifoRkey=0x17b878 fifoLkey=0x17b878
MOC-R4PCC04U05:494304:494451 [2] NCCL INFO NET/IB: NCCL Dev 1 IbDev 0 Port 1 qpn 7487 mtu 3 query_ece={supported=1, vendor_id=0x15b3, options=0x30000002, comp_mask=0x0} GID 3 (0/C132A8C0FFFF0000) fifoRkey=0x17dc9b fifoLkey=0x17dc9b
MOC-R4PCC04U05:494304:494451 [2] NCCL INFO NET/IB: NCCL Dev 1 IbDev 0 Port 1 qpn 7488 mtu 3 query_ece={supported=1, vendor_id=0x15b3, options=0x30000002, comp_mask=0x0} GID 3 (0/C132A8C0FFFF0000) fifoRkey=0x180ac9 fifoLkey=0x180ac9
MOC-R4PCC04U05:494304:494451 [2] NCCL INFO NET/IB: IbDev 0 Port 1 qpn 3404 set_ece={supported=1, vendor_id=0x15b3, options=0x0, comp_mask=0x0}
MOC-R4PCC04U05:494304:494451 [2] NCCL INFO NET/IB: IbDev 0 Port 1 qpn 3406 set_ece={supported=1, vendor_id=0x15b3, options=0x0, comp_mask=0x0}
MOC-R4PCC04U05:494304:494451 [2] NCCL INFO NET/IB: IbDev 0 Port 1 qpn 3408 set_ece={supported=1, vendor_id=0x15b3, options=0x0, comp_mask=0x0}
MOC-R4PCC04U05:494304:494451 [2] NCCL INFO NET/IB: NCCL Dev 1 IbDev 0 Port 1 qpn 7497 mtu 3 query_ece={supported=1, vendor_id=0x15b3, options=0x30000002, comp_mask=0x0} GID 3 (0/C132A8C0FFFF0000) fifoRkey=0x17c584 fifoLkey=0x17c584
MOC-R4PCC04U05:494304:494451 [2] NCCL INFO NET/IB: IbDev 0 Port 1 qpn 3414 set_ece={supported=1, vendor_id=0x15b3, options=0x0, comp_mask=0x0}
step    1/10 | train loss 11.009882 | norm 15.4032 | lr 1.00e-04 | (14149.17 ms | 138954 tok/s)
step    2/10 | train loss 10.137027 | norm 5.7553 | lr 1.00e-04 | (444.54 ms | 4422767 tok/s)
step    3/10 | train loss 9.795781 | norm 2.6138 | lr 1.00e-04 | (446.30 ms | 4405288 tok/s)
step    4/10 | train loss 9.626218 | norm 2.1172 | lr 1.00e-04 | (449.36 ms | 4375297 tok/s)
step    5/10 | train loss 9.543115 | norm 2.1086 | lr 1.00e-04 | (444.37 ms | 4424392 tok/s)
step    6/10 | train loss 9.461719 | norm 2.0012 | lr 1.00e-04 | (445.03 ms | 4417827 tok/s)
step    7/10 | train loss 9.375905 | norm 1.9512 | lr 1.00e-04 | (444.24 ms | 4425765 tok/s)
step    8/10 | train loss 9.283656 | norm 1.9173 | lr 1.00e-04 | (446.61 ms | 4402200 tok/s)
step    9/10 | train loss 9.187842 | norm 1.8581 | lr 1.00e-04 | (444.98 ms | 4418364 tok/s)
step   10/10 | train loss 9.103608 | norm 1.8050 | lr 1.00e-04 | (445.79 ms | 4410320 tok/s)
final 9 iters avg: 445.691ms
peak memory consumption: 16601 MiB
