Running pytorch 2.7.0+cu126
using device: cuda:0
total desired batch size: 1572864
=> calculated gradient accumulation steps: 3
using device: cuda:3
using device: cuda:2
using device: cuda:1
compiling the model...
DataLoader: total number of tokens: 1,661,249,667 across 103 files
MOC-R4PCC04U05:741794:741794 [0] NCCL INFO NCCL_SOCKET_IFNAME set to eno7np0
MOC-R4PCC04U05:741794:741794 [0] NCCL INFO NCCL version 2.26.2+cuda12.2
MOC-R4PCC04U05:741794:741898 [0] NCCL INFO NET/Plugin: Could not find: libnccl-net.so. Using internal net plugin.
MOC-R4PCC04U05:741794:741898 [0] NCCL INFO NCCL_IB_HCA set to mlx5_5
MOC-R4PCC04U05:741794:741898 [0] NCCL INFO NET/IB : Made virtual device [0] name=mlx5_5 speed=400000 ndevs=1
MOC-R4PCC04U05:741794:741898 [0] NCCL INFO NET/IB : Using [0]mlx5_5:1/RoCE [RO]; OOB eno7np0:192.168.50.193<0>
MOC-R4PCC04U05:741797:741797 [3] NCCL INFO NCCL_SOCKET_IFNAME set to eno7np0
MOC-R4PCC04U05:741797:741797 [3] NCCL INFO NCCL version 2.26.2+cuda12.2
MOC-R4PCC04U05:741796:741796 [2] NCCL INFO NCCL_SOCKET_IFNAME set to eno7np0
MOC-R4PCC04U05:741795:741795 [1] NCCL INFO NCCL_SOCKET_IFNAME set to eno7np0
MOC-R4PCC04U05:741796:741796 [2] NCCL INFO NCCL version 2.26.2+cuda12.2
MOC-R4PCC04U05:741795:741795 [1] NCCL INFO NCCL version 2.26.2+cuda12.2
MOC-R4PCC04U05:741797:741921 [3] NCCL INFO NET/Plugin: Could not find: libnccl-net.so. Using internal net plugin.
MOC-R4PCC04U05:741797:741921 [3] NCCL INFO NCCL_IB_HCA set to mlx5_5
MOC-R4PCC04U05:741796:741922 [2] NCCL INFO NET/Plugin: Could not find: libnccl-net.so. Using internal net plugin.
MOC-R4PCC04U05:741796:741922 [2] NCCL INFO NCCL_IB_HCA set to mlx5_5
MOC-R4PCC04U05:741795:741923 [1] NCCL INFO NET/Plugin: Could not find: libnccl-net.so. Using internal net plugin.
MOC-R4PCC04U05:741795:741923 [1] NCCL INFO NCCL_IB_HCA set to mlx5_5
MOC-R4PCC04U05:741797:741921 [3] NCCL INFO NET/IB : Made virtual device [0] name=mlx5_5 speed=400000 ndevs=1
MOC-R4PCC04U05:741797:741921 [3] NCCL INFO NET/IB : Using [0]mlx5_5:1/RoCE [RO]; OOB eno7np0:192.168.50.193<0>
MOC-R4PCC04U05:741796:741922 [2] NCCL INFO NET/IB : Made virtual device [0] name=mlx5_5 speed=400000 ndevs=1
MOC-R4PCC04U05:741796:741922 [2] NCCL INFO NET/IB : Using [0]mlx5_5:1/RoCE [RO]; OOB eno7np0:192.168.50.193<0>
MOC-R4PCC04U05:741795:741923 [1] NCCL INFO NET/IB : Made virtual device [0] name=mlx5_5 speed=400000 ndevs=1
MOC-R4PCC04U05:741795:741923 [1] NCCL INFO NET/IB : Using [0]mlx5_5:1/RoCE [RO]; OOB eno7np0:192.168.50.193<0>
MOC-R4PCC04U05:741796:741922 [2] NCCL INFO NET/IB : GPU Direct RDMA Enabled for HCA 0 'mlx5_5'
MOC-R4PCC04U05:741796:741922 [2] NCCL INFO NET/IB : Made virtual device [1] name=mlx5_5 speed=400000 ndevs=1
MOC-R4PCC04U05:741796:741922 [2] NCCL INFO NET/IB : GPU Direct RDMA Enabled for HCA 0 'mlx5_5'
MOC-R4PCC04U05:741796:741922 [2] NCCL INFO NET/IB : GPU Direct RDMA Enabled for HCA 1 'mlx5_5'
MOC-R4PCC04U05:741797:741921 [3] NCCL INFO NET/IB : GPU Direct RDMA Enabled for HCA 0 'mlx5_5'
MOC-R4PCC04U05:741797:741921 [3] NCCL INFO NET/IB : Made virtual device [1] name=mlx5_5 speed=400000 ndevs=1
MOC-R4PCC04U05:741797:741921 [3] NCCL INFO NET/IB : GPU Direct RDMA Enabled for HCA 0 'mlx5_5'
MOC-R4PCC04U05:741797:741921 [3] NCCL INFO NET/IB : GPU Direct RDMA Enabled for HCA 1 'mlx5_5'
MOC-R4PCC04U05:741795:741923 [1] NCCL INFO NET/IB : GPU Direct RDMA Enabled for HCA 0 'mlx5_5'
MOC-R4PCC04U05:741795:741923 [1] NCCL INFO NET/IB : Made virtual device [1] name=mlx5_5 speed=400000 ndevs=1
MOC-R4PCC04U05:741795:741923 [1] NCCL INFO NET/IB : GPU Direct RDMA Enabled for HCA 0 'mlx5_5'
MOC-R4PCC04U05:741795:741923 [1] NCCL INFO NET/IB : GPU Direct RDMA Enabled for HCA 1 'mlx5_5'
MOC-R4PCC04U05:741794:741898 [0] NCCL INFO NET/IB : GPU Direct RDMA Enabled for HCA 0 'mlx5_5'
MOC-R4PCC04U05:741794:741898 [0] NCCL INFO NET/IB : Made virtual device [1] name=mlx5_5 speed=400000 ndevs=1
MOC-R4PCC04U05:741794:741898 [0] NCCL INFO NET/IB : GPU Direct RDMA Enabled for HCA 0 'mlx5_5'
MOC-R4PCC04U05:741794:741898 [0] NCCL INFO NET/IB : GPU Direct RDMA Enabled for HCA 1 'mlx5_5'
MOC-R4PCC04U05:741794:741898 [0] NCCL INFO GPU Direct RDMA Enabled for GPU 0 / HCA 1 (distance 5 <= 5), read 0 mode Default
MOC-R4PCC04U05:741794:741898 [0] NCCL INFO GPU Direct RDMA Enabled for GPU 1 / HCA 1 (distance 5 <= 5), read 0 mode Default
MOC-R4PCC04U05:741794:741898 [0] NCCL INFO GPU Direct RDMA Enabled for GPU 2 / HCA 1 (distance 5 <= 5), read 0 mode Default
MOC-R4PCC04U05:741794:741898 [0] NCCL INFO GPU Direct RDMA Enabled for GPU 3 / HCA 1 (distance 5 <= 5), read 0 mode Default
MOC-R4PCC04U05:741794:741898 [0] NCCL INFO GPU Direct RDMA Enabled for GPU 0 / HCA 1 (distance 5 <= 5), read 0 mode Default
MOC-R4PCC04U05:741794:741898 [0] NCCL INFO GPU Direct RDMA Enabled for GPU 1 / HCA 1 (distance 5 <= 5), read 0 mode Default
MOC-R4PCC04U05:741794:741898 [0] NCCL INFO GPU Direct RDMA Enabled for GPU 2 / HCA 1 (distance 5 <= 5), read 0 mode Default
MOC-R4PCC04U05:741794:741898 [0] NCCL INFO GPU Direct RDMA Enabled for GPU 3 / HCA 1 (distance 5 <= 5), read 0 mode Default
MOC-R4PCC04U05:741797:741921 [3] NCCL INFO GPU Direct RDMA Enabled for GPU 0 / HCA 1 (distance 5 <= 5), read 0 mode Default
MOC-R4PCC04U05:741797:741921 [3] NCCL INFO GPU Direct RDMA Enabled for GPU 1 / HCA 1 (distance 5 <= 5), read 0 mode Default
MOC-R4PCC04U05:741797:741921 [3] NCCL INFO GPU Direct RDMA Enabled for GPU 2 / HCA 1 (distance 5 <= 5), read 0 mode Default
MOC-R4PCC04U05:741797:741921 [3] NCCL INFO GPU Direct RDMA Enabled for GPU 3 / HCA 1 (distance 5 <= 5), read 0 mode Default
MOC-R4PCC04U05:741797:741921 [3] NCCL INFO GPU Direct RDMA Enabled for GPU 0 / HCA 1 (distance 5 <= 5), read 0 mode Default
MOC-R4PCC04U05:741797:741921 [3] NCCL INFO GPU Direct RDMA Enabled for GPU 1 / HCA 1 (distance 5 <= 5), read 0 mode Default
MOC-R4PCC04U05:741797:741921 [3] NCCL INFO GPU Direct RDMA Enabled for GPU 2 / HCA 1 (distance 5 <= 5), read 0 mode Default
MOC-R4PCC04U05:741797:741921 [3] NCCL INFO GPU Direct RDMA Enabled for GPU 3 / HCA 1 (distance 5 <= 5), read 0 mode Default
MOC-R4PCC04U05:741795:741923 [1] NCCL INFO GPU Direct RDMA Enabled for GPU 0 / HCA 1 (distance 5 <= 5), read 0 mode Default
MOC-R4PCC04U05:741795:741923 [1] NCCL INFO GPU Direct RDMA Enabled for GPU 1 / HCA 1 (distance 5 <= 5), read 0 mode Default
MOC-R4PCC04U05:741795:741923 [1] NCCL INFO GPU Direct RDMA Enabled for GPU 2 / HCA 1 (distance 5 <= 5), read 0 mode Default
MOC-R4PCC04U05:741795:741923 [1] NCCL INFO GPU Direct RDMA Enabled for GPU 3 / HCA 1 (distance 5 <= 5), read 0 mode Default
MOC-R4PCC04U05:741795:741923 [1] NCCL INFO GPU Direct RDMA Enabled for GPU 0 / HCA 1 (distance 5 <= 5), read 0 mode Default
MOC-R4PCC04U05:741795:741923 [1] NCCL INFO GPU Direct RDMA Enabled for GPU 1 / HCA 1 (distance 5 <= 5), read 0 mode Default
MOC-R4PCC04U05:741795:741923 [1] NCCL INFO GPU Direct RDMA Enabled for GPU 2 / HCA 1 (distance 5 <= 5), read 0 mode Default
MOC-R4PCC04U05:741795:741923 [1] NCCL INFO GPU Direct RDMA Enabled for GPU 3 / HCA 1 (distance 5 <= 5), read 0 mode Default
MOC-R4PCC04U05:741796:741922 [2] NCCL INFO GPU Direct RDMA Enabled for GPU 0 / HCA 1 (distance 5 <= 5), read 0 mode Default
MOC-R4PCC04U05:741796:741922 [2] NCCL INFO GPU Direct RDMA Enabled for GPU 1 / HCA 1 (distance 5 <= 5), read 0 mode Default
MOC-R4PCC04U05:741796:741922 [2] NCCL INFO GPU Direct RDMA Enabled for GPU 2 / HCA 1 (distance 5 <= 5), read 0 mode Default
MOC-R4PCC04U05:741796:741922 [2] NCCL INFO GPU Direct RDMA Enabled for GPU 3 / HCA 1 (distance 5 <= 5), read 0 mode Default
MOC-R4PCC04U05:741796:741922 [2] NCCL INFO GPU Direct RDMA Enabled for GPU 0 / HCA 1 (distance 5 <= 5), read 0 mode Default
MOC-R4PCC04U05:741796:741922 [2] NCCL INFO GPU Direct RDMA Enabled for GPU 1 / HCA 1 (distance 5 <= 5), read 0 mode Default
MOC-R4PCC04U05:741796:741922 [2] NCCL INFO GPU Direct RDMA Enabled for GPU 2 / HCA 1 (distance 5 <= 5), read 0 mode Default
MOC-R4PCC04U05:741796:741922 [2] NCCL INFO GPU Direct RDMA Enabled for GPU 3 / HCA 1 (distance 5 <= 5), read 0 mode Default
MOC-R4PCC04U05:741797:741937 [3] NCCL INFO New proxy recv connection 0 from local rank 3, transport 0
MOC-R4PCC04U05:741797:741943 [3] NCCL INFO Connected to proxy localRank 3 -> connection 0x7fc9c0004f30
MOC-R4PCC04U05:741797:741937 [3] NCCL INFO New proxy recv connection 1 from local rank 3, transport 0
MOC-R4PCC04U05:741797:741943 [3] NCCL INFO Connected to proxy localRank 3 -> connection 0x7fc9c0004fa8
MOC-R4PCC04U05:741797:741937 [3] NCCL INFO New proxy recv connection 2 from local rank 3, transport 0
MOC-R4PCC04U05:741797:741943 [3] NCCL INFO Connected to proxy localRank 3 -> connection 0x7fc9c0005020
MOC-R4PCC04U05:741796:741944 [2] NCCL INFO GPU Direct RDMA Enabled for GPU 2 / HCA 1 (distance 5 <= 5), read 0 mode Default
MOC-R4PCC04U05:741797:741937 [3] NCCL INFO New proxy recv connection 3 from local rank 3, transport 0
MOC-R4PCC04U05:741797:741943 [3] NCCL INFO Connected to proxy localRank 3 -> connection 0x7fc9c0005098
MOC-R4PCC04U05:741797:741943 [3] NCCL INFO GPU Direct RDMA Enabled for GPU 3 / HCA 1 (distance 5 <= 5), read 1 mode Default
MOC-R4PCC04U05:741794:741941 [0] NCCL INFO New proxy send connection 0 from local rank 0, transport 0
MOC-R4PCC04U05:741794:741945 [0] NCCL INFO Connected to proxy localRank 0 -> connection 0x7fcd88004f30
MOC-R4PCC04U05:741794:741941 [0] NCCL INFO New proxy send connection 1 from local rank 0, transport 0
MOC-R4PCC04U05:741794:741945 [0] NCCL INFO Connected to proxy localRank 0 -> connection 0x7fcd88004fa8
MOC-R4PCC04U05:741794:741941 [0] NCCL INFO New proxy send connection 2 from local rank 0, transport 0
MOC-R4PCC04U05:741794:741945 [0] NCCL INFO Connected to proxy localRank 0 -> connection 0x7fcd88005020
MOC-R4PCC04U05:741794:741941 [0] NCCL INFO New proxy send connection 3 from local rank 0, transport 0
MOC-R4PCC04U05:741794:741945 [0] NCCL INFO Connected to proxy localRank 0 -> connection 0x7fcd88005098
MOC-R4PCC04U05:741795:741935 [1] NCCL INFO New proxy recv connection 0 from local rank 1, transport 0
MOC-R4PCC04U05:741795:741946 [1] NCCL INFO Connected to proxy localRank 1 -> connection 0x7f2748004f30
MOC-R4PCC04U05:741795:741935 [1] NCCL INFO New proxy recv connection 1 from local rank 1, transport 0
MOC-R4PCC04U05:741795:741946 [1] NCCL INFO Connected to proxy localRank 1 -> connection 0x7f2748004fa8
MOC-R4PCC04U05:741795:741935 [1] NCCL INFO New proxy recv connection 2 from local rank 1, transport 0
MOC-R4PCC04U05:741795:741946 [1] NCCL INFO Connected to proxy localRank 1 -> connection 0x7f2748005020
MOC-R4PCC04U05:741796:741936 [2] NCCL INFO New proxy recv connection 0 from local rank 2, transport 2
MOC-R4PCC04U05:741796:741936 [2] NCCL INFO New proxy send connection 1 from local rank 3, transport 2
MOC-R4PCC04U05:741796:741944 [2] NCCL INFO Connected to proxy localRank 2 -> connection 0x7faf18004f30
MOC-R4PCC04U05:741797:741943 [3] NCCL INFO Connected to proxy localRank 2 -> connection 0x7faf18004fa8
MOC-R4PCC04U05:741796:741944 [2] NCCL INFO Channel 00/0 : 15[3] -> 2[2] [receive] via NET/IB/1/GDRDMA
MOC-R4PCC04U05:741796:741944 [2] NCCL INFO GPU Direct RDMA Enabled for GPU 2 / HCA 1 (distance 5 <= 5), read 0 mode Default
MOC-R4PCC04U05:741797:741943 [3] NCCL INFO Channel 00/0 : 3[3] -> 6[2] [send] via NET/IB/1(2)/GDRDMA
MOC-R4PCC04U05:741797:741943 [3] NCCL INFO GPU Direct RDMA Enabled for GPU 3 / HCA 1 (distance 5 <= 5), read 1 mode Default
MOC-R4PCC04U05:741796:741936 [2] NCCL INFO New proxy recv connection 2 from local rank 2, transport 2
MOC-R4PCC04U05:741796:741944 [2] NCCL INFO Connected to proxy localRank 2 -> connection 0x7faf18005020
MOC-R4PCC04U05:741796:741936 [2] NCCL INFO New proxy send connection 3 from local rank 3, transport 2
MOC-R4PCC04U05:741795:741935 [1] NCCL INFO New proxy recv connection 3 from local rank 1, transport 0
MOC-R4PCC04U05:741797:741943 [3] NCCL INFO Connected to proxy localRank 2 -> connection 0x7faf18005098
MOC-R4PCC04U05:741795:741946 [1] NCCL INFO Connected to proxy localRank 1 -> connection 0x7f2748005098
MOC-R4PCC04U05:741796:741944 [2] NCCL INFO Channel 01/0 : 15[3] -> 2[2] [receive] via NET/IB/1/GDRDMA
MOC-R4PCC04U05:741796:741944 [2] NCCL INFO GPU Direct RDMA Enabled for GPU 2 / HCA 1 (distance 5 <= 5), read 0 mode Default
MOC-R4PCC04U05:741797:741943 [3] NCCL INFO Channel 01/0 : 3[3] -> 6[2] [send] via NET/IB/1(2)/GDRDMA
MOC-R4PCC04U05:741797:741943 [3] NCCL INFO GPU Direct RDMA Enabled for GPU 3 / HCA 1 (distance 5 <= 5), read 1 mode Default
MOC-R4PCC04U05:741796:741936 [2] NCCL INFO New proxy recv connection 4 from local rank 2, transport 2
MOC-R4PCC04U05:741796:741944 [2] NCCL INFO Connected to proxy localRank 2 -> connection 0x7faf18005110
MOC-R4PCC04U05:741796:741936 [2] NCCL INFO New proxy send connection 5 from local rank 3, transport 2
MOC-R4PCC04U05:741797:741943 [3] NCCL INFO Connected to proxy localRank 2 -> connection 0x7faf18005188
MOC-R4PCC04U05:741796:741944 [2] NCCL INFO Channel 02/0 : 15[3] -> 2[2] [receive] via NET/IB/1/GDRDMA
MOC-R4PCC04U05:741796:741944 [2] NCCL INFO GPU Direct RDMA Enabled for GPU 2 / HCA 1 (distance 5 <= 5), read 0 mode Default
MOC-R4PCC04U05:741797:741943 [3] NCCL INFO Channel 02/0 : 3[3] -> 6[2] [send] via NET/IB/1(2)/GDRDMA
MOC-R4PCC04U05:741797:741943 [3] NCCL INFO GPU Direct RDMA Enabled for GPU 3 / HCA 1 (distance 5 <= 5), read 1 mode Default
MOC-R4PCC04U05:741796:741936 [2] NCCL INFO New proxy recv connection 6 from local rank 2, transport 2
MOC-R4PCC04U05:741796:741944 [2] NCCL INFO Connected to proxy localRank 2 -> connection 0x7faf18005200
MOC-R4PCC04U05:741796:741936 [2] NCCL INFO New proxy send connection 7 from local rank 3, transport 2
MOC-R4PCC04U05:741797:741943 [3] NCCL INFO Connected to proxy localRank 2 -> connection 0x7faf18005278
MOC-R4PCC04U05:741796:741944 [2] NCCL INFO Channel 03/0 : 15[3] -> 2[2] [receive] via NET/IB/1/GDRDMA
MOC-R4PCC04U05:741797:741943 [3] NCCL INFO Channel 03/0 : 3[3] -> 6[2] [send] via NET/IB/1(2)/GDRDMA
MOC-R4PCC04U05:741794:741941 [0] NCCL INFO New proxy recv connection 4 from local rank 0, transport 0
MOC-R4PCC04U05:741794:741945 [0] NCCL INFO Connected to proxy localRank 0 -> connection 0x7fcd88005110
MOC-R4PCC04U05:741795:741935 [1] NCCL INFO New proxy send connection 4 from local rank 1, transport 0
MOC-R4PCC04U05:741795:741946 [1] NCCL INFO Connected to proxy localRank 1 -> connection 0x7f2748005110
MOC-R4PCC04U05:741794:741941 [0] NCCL INFO New proxy recv connection 5 from local rank 0, transport 0
MOC-R4PCC04U05:741794:741945 [0] NCCL INFO Connected to proxy localRank 0 -> connection 0x7fcd88005188
MOC-R4PCC04U05:741795:741935 [1] NCCL INFO New proxy send connection 5 from local rank 1, transport 0
MOC-R4PCC04U05:741795:741946 [1] NCCL INFO Connected to proxy localRank 1 -> connection 0x7f2748005188
MOC-R4PCC04U05:741794:741941 [0] NCCL INFO New proxy recv connection 6 from local rank 0, transport 0
MOC-R4PCC04U05:741794:741945 [0] NCCL INFO Connected to proxy localRank 0 -> connection 0x7fcd88005200
MOC-R4PCC04U05:741795:741935 [1] NCCL INFO New proxy send connection 6 from local rank 1, transport 0
MOC-R4PCC04U05:741795:741946 [1] NCCL INFO Connected to proxy localRank 1 -> connection 0x7f2748005200
MOC-R4PCC04U05:741794:741941 [0] NCCL INFO New proxy recv connection 7 from local rank 0, transport 0
MOC-R4PCC04U05:741794:741945 [0] NCCL INFO Connected to proxy localRank 0 -> connection 0x7fcd88005278
MOC-R4PCC04U05:741795:741935 [1] NCCL INFO New proxy send connection 7 from local rank 1, transport 0
MOC-R4PCC04U05:741795:741946 [1] NCCL INFO Connected to proxy localRank 1 -> connection 0x7f2748005278
MOC-R4PCC04U05:741797:741937 [3] NCCL INFO New proxy send connection 4 from local rank 0, transport 0
MOC-R4PCC04U05:741794:741945 [0] NCCL INFO Connected to proxy localRank 3 -> connection 0x7fc9c0005110
MOC-R4PCC04U05:741794:741941 [0] NCCL INFO New proxy send connection 8 from local rank 3, transport 0
MOC-R4PCC04U05:741797:741943 [3] NCCL INFO Connected to proxy localRank 0 -> connection 0x7fcd880052f0
MOC-R4PCC04U05:741796:741936 [2] NCCL INFO NET/IB: NCCL Dev 1 IbDev 0 Port 1 qpn 12242 mtu 3 query_ece={supported=1, vendor_id=0x15b3, options=0x30000002, comp_mask=0x0} GID 3 (0/C132A8C0FFFF0000) fifoRkey=0x1722e1 fifoLkey=0x1722e1
MOC-R4PCC04U05:741796:741936 [2] NCCL INFO NET/IB: IbDev 0 Port 1 qpn 12866 set_ece={supported=1, vendor_id=0x15b3, options=0x0, comp_mask=0x0}
MOC-R4PCC04U05:741795:741935 [1] NCCL INFO New proxy send connection 8 from local rank 0, transport 0
MOC-R4PCC04U05:741794:741945 [0] NCCL INFO Connected to proxy localRank 1 -> connection 0x7f27480052f0
MOC-R4PCC04U05:741796:741936 [2] NCCL INFO New proxy send connection 8 from local rank 2, transport 0
MOC-R4PCC04U05:741796:741944 [2] NCCL INFO Connected to proxy localRank 2 -> connection 0x7faf180052f0
MOC-R4PCC04U05:741796:741936 [2] NCCL INFO New proxy send connection 9 from local rank 2, transport 0
MOC-R4PCC04U05:741796:741944 [2] NCCL INFO Connected to proxy localRank 2 -> connection 0x7faf18005368
MOC-R4PCC04U05:741796:741936 [2] NCCL INFO New proxy send connection 10 from local rank 2, transport 0
MOC-R4PCC04U05:741796:741944 [2] NCCL INFO Connected to proxy localRank 2 -> connection 0x7faf180053e0
MOC-R4PCC04U05:741796:741936 [2] NCCL INFO NET/IB: NCCL Dev 1 IbDev 0 Port 1 qpn 12243 mtu 3 query_ece={supported=1, vendor_id=0x15b3, options=0x30000002, comp_mask=0x0} GID 3 (0/C132A8C0FFFF0000) fifoRkey=0x17edac fifoLkey=0x17edac
MOC-R4PCC04U05:741796:741936 [2] NCCL INFO New proxy send connection 11 from local rank 2, transport 0
MOC-R4PCC04U05:741796:741944 [2] NCCL INFO Connected to proxy localRank 2 -> connection 0x7faf18005458
MOC-R4PCC04U05:741796:741936 [2] NCCL INFO NET/IB: IbDev 0 Port 1 qpn 12868 set_ece={supported=1, vendor_id=0x15b3, options=0x0, comp_mask=0x0}
MOC-R4PCC04U05:741794:741941 [0] NCCL INFO New proxy send connection 9 from local rank 1, transport 0
MOC-R4PCC04U05:741795:741935 [1] NCCL INFO New proxy send connection 9 from local rank 2, transport 0
MOC-R4PCC04U05:741795:741946 [1] NCCL INFO Connected to proxy localRank 0 -> connection 0x7fcd88005368
MOC-R4PCC04U05:741796:741944 [2] NCCL INFO Connected to proxy localRank 1 -> connection 0x7f2748005368
MOC-R4PCC04U05:741796:741936 [2] NCCL INFO NET/IB: NCCL Dev 1 IbDev 0 Port 1 qpn 12244 mtu 3 query_ece={supported=1, vendor_id=0x15b3, options=0x30000002, comp_mask=0x0} GID 3 (0/C132A8C0FFFF0000) fifoRkey=0x170bca fifoLkey=0x170bca
MOC-R4PCC04U05:741796:741936 [2] NCCL INFO NET/IB: IbDev 0 Port 1 qpn 12870 set_ece={supported=1, vendor_id=0x15b3, options=0x0, comp_mask=0x0}
MOC-R4PCC04U05:741796:741936 [2] NCCL INFO NET/IB: NCCL Dev 1 IbDev 0 Port 1 qpn 12247 mtu 3 query_ece={supported=1, vendor_id=0x15b3, options=0x30000002, comp_mask=0x0} GID 3 (0/C132A8C0FFFF0000) fifoRkey=0x17904f fifoLkey=0x17904f
MOC-R4PCC04U05:741796:741936 [2] NCCL INFO New proxy send connection 12 from local rank 3, transport 0
MOC-R4PCC04U05:741797:741943 [3] NCCL INFO Connected to proxy localRank 2 -> connection 0x7faf180054d0
MOC-R4PCC04U05:741796:741936 [2] NCCL INFO New proxy send connection 13 from local rank 1, transport 0
MOC-R4PCC04U05:741795:741946 [1] NCCL INFO Connected to proxy localRank 2 -> connection 0x7faf18005548
MOC-R4PCC04U05:741796:741936 [2] NCCL INFO NET/IB: IbDev 0 Port 1 qpn 12875 set_ece={supported=1, vendor_id=0x15b3, options=0x0, comp_mask=0x0}
num decayed parameter tensors: 50, with 124,318,464 parameters
num non-decayed parameter tensors: 98, with 121,344 parameters
using fused AdamW: False
using regular AdamW
MOC-R4PCC04U05:741796:741936 [2] NCCL INFO New proxy send connection 14 from local rank 2, transport 0
MOC-R4PCC04U05:741796:742638 [2] NCCL INFO Connected to proxy localRank 2 -> connection 0x7faf180055c0
MOC-R4PCC04U05:741796:741936 [2] NCCL INFO New proxy send connection 15 from local rank 2, transport 0
MOC-R4PCC04U05:741796:742638 [2] NCCL INFO Connected to proxy localRank 2 -> connection 0x7faf18005638
MOC-R4PCC04U05:741796:741936 [2] NCCL INFO New proxy send connection 16 from local rank 2, transport 0
MOC-R4PCC04U05:741796:742638 [2] NCCL INFO Connected to proxy localRank 2 -> connection 0x7faf180056b0
MOC-R4PCC04U05:741796:741936 [2] NCCL INFO New proxy send connection 17 from local rank 2, transport 0
MOC-R4PCC04U05:741796:742638 [2] NCCL INFO Connected to proxy localRank 2 -> connection 0x7faf18005728
MOC-R4PCC04U05:741797:741937 [3] NCCL INFO New proxy recv connection 5 from local rank 3, transport 0
MOC-R4PCC04U05:741797:742639 [3] NCCL INFO Connected to proxy localRank 3 -> connection 0x7fc9c0005188
MOC-R4PCC04U05:741797:741937 [3] NCCL INFO New proxy recv connection 6 from local rank 3, transport 0
MOC-R4PCC04U05:741797:742639 [3] NCCL INFO Connected to proxy localRank 3 -> connection 0x7fc9c0005200
MOC-R4PCC04U05:741797:741937 [3] NCCL INFO New proxy recv connection 7 from local rank 3, transport 0
MOC-R4PCC04U05:741797:742639 [3] NCCL INFO Connected to proxy localRank 3 -> connection 0x7fc9c0005278
MOC-R4PCC04U05:741797:741937 [3] NCCL INFO New proxy recv connection 8 from local rank 3, transport 0
MOC-R4PCC04U05:741797:742639 [3] NCCL INFO Connected to proxy localRank 3 -> connection 0x7fc9c00052f0
MOC-R4PCC04U05:741796:742638 [2] NCCL INFO GPU Direct RDMA Enabled for GPU 2 / HCA 1 (distance 5 <= 5), read 1 mode Default
MOC-R4PCC04U05:741797:741937 [3] NCCL INFO New proxy send connection 9 from local rank 3, transport 0
MOC-R4PCC04U05:741797:742639 [3] NCCL INFO Connected to proxy localRank 3 -> connection 0x7fc9c0005368
MOC-R4PCC04U05:741796:741936 [2] NCCL INFO New proxy send connection 18 from local rank 2, transport 2
MOC-R4PCC04U05:741796:742638 [2] NCCL INFO Connected to proxy localRank 2 -> connection 0x7faf180057a0
MOC-R4PCC04U05:741796:742638 [2] NCCL INFO Channel 02/0 : 2[2] -> 6[2] [send] via NET/IB/1/GDRDMA
MOC-R4PCC04U05:741796:742638 [2] NCCL INFO GPU Direct RDMA Enabled for GPU 2 / HCA 1 (distance 5 <= 5), read 1 mode Default
MOC-R4PCC04U05:741796:741936 [2] NCCL INFO New proxy send connection 19 from local rank 2, transport 2
MOC-R4PCC04U05:741796:742638 [2] NCCL INFO Connected to proxy localRank 2 -> connection 0x7faf18005818
MOC-R4PCC04U05:741796:742638 [2] NCCL INFO Channel 03/0 : 2[2] -> 6[2] [send] via NET/IB/1/GDRDMA
MOC-R4PCC04U05:741796:742638 [2] NCCL INFO GPU Direct RDMA Enabled for GPU 2 / HCA 1 (distance 5 <= 5), read 0 mode Default
MOC-R4PCC04U05:741796:741936 [2] NCCL INFO New proxy recv connection 20 from local rank 2, transport 2
MOC-R4PCC04U05:741796:742638 [2] NCCL INFO Connected to proxy localRank 2 -> connection 0x7faf18005890
MOC-R4PCC04U05:741796:742638 [2] NCCL INFO Channel 00/0 : 10[2] -> 2[2] [receive] via NET/IB/1/GDRDMA
MOC-R4PCC04U05:741796:742638 [2] NCCL INFO GPU Direct RDMA Enabled for GPU 2 / HCA 1 (distance 5 <= 5), read 0 mode Default
MOC-R4PCC04U05:741796:741936 [2] NCCL INFO New proxy recv connection 21 from local rank 2, transport 2
MOC-R4PCC04U05:741796:742638 [2] NCCL INFO Connected to proxy localRank 2 -> connection 0x7faf18005908
MOC-R4PCC04U05:741797:741937 [3] NCCL INFO New proxy send connection 10 from local rank 3, transport 0
MOC-R4PCC04U05:741797:742639 [3] NCCL INFO Connected to proxy localRank 3 -> connection 0x7fc9c00053e0
MOC-R4PCC04U05:741796:742638 [2] NCCL INFO Channel 01/0 : 10[2] -> 2[2] [receive] via NET/IB/1/GDRDMA
MOC-R4PCC04U05:741796:742638 [2] NCCL INFO GPU Direct RDMA Enabled for GPU 2 / HCA 1 (distance 5 <= 5), read 1 mode Default
MOC-R4PCC04U05:741796:741936 [2] NCCL INFO New proxy send connection 22 from local rank 2, transport 2
MOC-R4PCC04U05:741796:742638 [2] NCCL INFO Connected to proxy localRank 2 -> connection 0x7faf18005980
MOC-R4PCC04U05:741796:742638 [2] NCCL INFO Channel 00/0 : 2[2] -> 10[2] [send] via NET/IB/1/GDRDMA
MOC-R4PCC04U05:741796:742638 [2] NCCL INFO GPU Direct RDMA Enabled for GPU 2 / HCA 1 (distance 5 <= 5), read 1 mode Default
MOC-R4PCC04U05:741796:741936 [2] NCCL INFO New proxy send connection 23 from local rank 2, transport 2
MOC-R4PCC04U05:741796:742638 [2] NCCL INFO Connected to proxy localRank 2 -> connection 0x7faf180059f8
MOC-R4PCC04U05:741796:742638 [2] NCCL INFO Channel 01/0 : 2[2] -> 10[2] [send] via NET/IB/1/GDRDMA
MOC-R4PCC04U05:741797:741937 [3] NCCL INFO New proxy send connection 11 from local rank 3, transport 0
MOC-R4PCC04U05:741797:742639 [3] NCCL INFO Connected to proxy localRank 3 -> connection 0x7fc9c0005458
MOC-R4PCC04U05:741797:741937 [3] NCCL INFO New proxy send connection 12 from local rank 3, transport 0
MOC-R4PCC04U05:741797:742639 [3] NCCL INFO Connected to proxy localRank 3 -> connection 0x7fc9c00054d0
MOC-R4PCC04U05:741794:741941 [0] NCCL INFO New proxy send connection 10 from local rank 0, transport 0
MOC-R4PCC04U05:741794:742640 [0] NCCL INFO Connected to proxy localRank 0 -> connection 0x7fcd880053e0
MOC-R4PCC04U05:741794:741941 [0] NCCL INFO New proxy send connection 11 from local rank 0, transport 0
MOC-R4PCC04U05:741794:742640 [0] NCCL INFO Connected to proxy localRank 0 -> connection 0x7fcd88005458
MOC-R4PCC04U05:741794:741941 [0] NCCL INFO New proxy send connection 12 from local rank 0, transport 0
MOC-R4PCC04U05:741794:742640 [0] NCCL INFO Connected to proxy localRank 0 -> connection 0x7fcd880054d0
MOC-R4PCC04U05:741794:741941 [0] NCCL INFO New proxy send connection 13 from local rank 0, transport 0
MOC-R4PCC04U05:741794:742640 [0] NCCL INFO Connected to proxy localRank 0 -> connection 0x7fcd88005548
MOC-R4PCC04U05:741795:741935 [1] NCCL INFO New proxy recv connection 10 from local rank 1, transport 0
MOC-R4PCC04U05:741795:742641 [1] NCCL INFO Connected to proxy localRank 1 -> connection 0x7f27480053e0
MOC-R4PCC04U05:741795:741935 [1] NCCL INFO New proxy recv connection 11 from local rank 1, transport 0
MOC-R4PCC04U05:741795:742641 [1] NCCL INFO Connected to proxy localRank 1 -> connection 0x7f2748005458
MOC-R4PCC04U05:741795:741935 [1] NCCL INFO New proxy recv connection 12 from local rank 1, transport 0
MOC-R4PCC04U05:741795:742641 [1] NCCL INFO Connected to proxy localRank 1 -> connection 0x7f27480054d0
MOC-R4PCC04U05:741795:741935 [1] NCCL INFO New proxy recv connection 13 from local rank 1, transport 0
MOC-R4PCC04U05:741795:742641 [1] NCCL INFO Connected to proxy localRank 1 -> connection 0x7f2748005548
MOC-R4PCC04U05:741794:741941 [0] NCCL INFO New proxy recv connection 14 from local rank 0, transport 0
MOC-R4PCC04U05:741794:742640 [0] NCCL INFO Connected to proxy localRank 0 -> connection 0x7fcd880055c0
MOC-R4PCC04U05:741794:741941 [0] NCCL INFO New proxy recv connection 15 from local rank 0, transport 0
MOC-R4PCC04U05:741794:742640 [0] NCCL INFO Connected to proxy localRank 0 -> connection 0x7fcd88005638
MOC-R4PCC04U05:741794:741941 [0] NCCL INFO New proxy recv connection 16 from local rank 0, transport 0
MOC-R4PCC04U05:741794:742640 [0] NCCL INFO Connected to proxy localRank 0 -> connection 0x7fcd880056b0
MOC-R4PCC04U05:741794:741941 [0] NCCL INFO New proxy recv connection 17 from local rank 0, transport 0
MOC-R4PCC04U05:741794:742640 [0] NCCL INFO Connected to proxy localRank 0 -> connection 0x7fcd88005728
MOC-R4PCC04U05:741797:741937 [3] NCCL INFO New proxy send connection 13 from local rank 3, transport 0
MOC-R4PCC04U05:741797:742639 [3] NCCL INFO Connected to proxy localRank 3 -> connection 0x7fc9c0005548
MOC-R4PCC04U05:741797:741937 [3] NCCL INFO New proxy send connection 14 from local rank 3, transport 0
MOC-R4PCC04U05:741797:742639 [3] NCCL INFO Connected to proxy localRank 3 -> connection 0x7fc9c00055c0
MOC-R4PCC04U05:741797:741937 [3] NCCL INFO New proxy send connection 15 from local rank 3, transport 0
MOC-R4PCC04U05:741797:742639 [3] NCCL INFO Connected to proxy localRank 3 -> connection 0x7fc9c0005638
MOC-R4PCC04U05:741797:741937 [3] NCCL INFO New proxy send connection 16 from local rank 3, transport 0
MOC-R4PCC04U05:741797:742639 [3] NCCL INFO Connected to proxy localRank 3 -> connection 0x7fc9c00056b0
MOC-R4PCC04U05:741796:742638 [2] NCCL INFO GPU Direct RDMA Enabled for GPU 2 / HCA 1 (distance 5 <= 5), read 0 mode Default
MOC-R4PCC04U05:741796:741936 [2] NCCL INFO New proxy recv connection 24 from local rank 2, transport 2
MOC-R4PCC04U05:741796:742638 [2] NCCL INFO Connected to proxy localRank 2 -> connection 0x7faf18005a70
MOC-R4PCC04U05:741796:742638 [2] NCCL INFO Channel 02/0 : 6[2] -> 2[2] [receive] via NET/IB/1/GDRDMA
MOC-R4PCC04U05:741796:742638 [2] NCCL INFO GPU Direct RDMA Enabled for GPU 2 / HCA 1 (distance 5 <= 5), read 0 mode Default
MOC-R4PCC04U05:741796:741936 [2] NCCL INFO New proxy recv connection 25 from local rank 2, transport 2
MOC-R4PCC04U05:741796:742638 [2] NCCL INFO Connected to proxy localRank 2 -> connection 0x7faf18005ae8
MOC-R4PCC04U05:741796:742638 [2] NCCL INFO Channel 03/0 : 6[2] -> 2[2] [receive] via NET/IB/1/GDRDMA
MOC-R4PCC04U05:741796:741936 [2] NCCL INFO New proxy recv connection 26 from local rank 2, transport 0
MOC-R4PCC04U05:741796:742638 [2] NCCL INFO Connected to proxy localRank 2 -> connection 0x7faf18005b60
MOC-R4PCC04U05:741796:741936 [2] NCCL INFO New proxy recv connection 27 from local rank 2, transport 0
MOC-R4PCC04U05:741796:742638 [2] NCCL INFO Connected to proxy localRank 2 -> connection 0x7faf18005bd8
MOC-R4PCC04U05:741796:741936 [2] NCCL INFO New proxy recv connection 28 from local rank 2, transport 0
MOC-R4PCC04U05:741796:742638 [2] NCCL INFO Connected to proxy localRank 2 -> connection 0x7faf18005c50
MOC-R4PCC04U05:741796:741936 [2] NCCL INFO New proxy recv connection 29 from local rank 2, transport 0
MOC-R4PCC04U05:741796:742638 [2] NCCL INFO Connected to proxy localRank 2 -> connection 0x7faf18005cc8
MOC-R4PCC04U05:741797:741937 [3] NCCL INFO New proxy send connection 17 from local rank 2, transport 0
MOC-R4PCC04U05:741796:742638 [2] NCCL INFO Connected to proxy localRank 3 -> connection 0x7fc9c0005728
MOC-R4PCC04U05:741796:741936 [2] NCCL INFO NET/IB: NCCL Dev 1 IbDev 0 Port 1 qpn 12254 mtu 3 query_ece={supported=1, vendor_id=0x15b3, options=0x30000002, comp_mask=0x0} GID 3 (0/C132A8C0FFFF0000) fifoRkey=0x17d796 fifoLkey=0x17d796
MOC-R4PCC04U05:741796:741936 [2] NCCL INFO NET/IB: NCCL Dev 1 IbDev 0 Port 1 qpn 12255 mtu 3 query_ece={supported=1, vendor_id=0x15b3, options=0x30000002, comp_mask=0x0} GID 3 (0/C132A8C0FFFF0000) fifoRkey=0x17601f fifoLkey=0x17601f
MOC-R4PCC04U05:741796:741936 [2] NCCL INFO NET/IB: IbDev 0 Port 1 qpn 12878 set_ece={supported=1, vendor_id=0x15b3, options=0x0, comp_mask=0x0}
MOC-R4PCC04U05:741796:741936 [2] NCCL INFO NET/IB: IbDev 0 Port 1 qpn 12880 set_ece={supported=1, vendor_id=0x15b3, options=0x0, comp_mask=0x0}
MOC-R4PCC04U05:741796:741936 [2] NCCL INFO NET/IB: NCCL Dev 1 IbDev 0 Port 1 qpn 12256 mtu 3 query_ece={supported=1, vendor_id=0x15b3, options=0x30000002, comp_mask=0x0} GID 3 (0/C132A8C0FFFF0000) fifoRkey=0x173af9 fifoLkey=0x173af9
MOC-R4PCC04U05:741796:741936 [2] NCCL INFO NET/IB: NCCL Dev 1 IbDev 0 Port 1 qpn 12257 mtu 3 query_ece={supported=1, vendor_id=0x15b3, options=0x30000002, comp_mask=0x0} GID 3 (0/C132A8C0FFFF0000) fifoRkey=0x17b372 fifoLkey=0x17b372
MOC-R4PCC04U05:741796:741936 [2] NCCL INFO NET/IB: IbDev 0 Port 1 qpn 10333 set_ece={supported=1, vendor_id=0x15b3, options=0x0, comp_mask=0x0}
MOC-R4PCC04U05:741796:741936 [2] NCCL INFO NET/IB: IbDev 0 Port 1 qpn 10336 set_ece={supported=1, vendor_id=0x15b3, options=0x0, comp_mask=0x0}
step    1/10 | train loss 11.010139 | norm 15.4234 | lr 1.00e-04 | (14042.46 ms | 112008 tok/s)
step    2/10 | train loss 10.136940 | norm 5.7587 | lr 1.00e-04 | (299.65 ms | 5249000 tok/s)
step    3/10 | train loss 9.795476 | norm 2.6124 | lr 1.00e-04 | (299.30 ms | 5255151 tok/s)
step    4/10 | train loss 9.625646 | norm 2.1154 | lr 1.00e-04 | (298.44 ms | 5270311 tok/s)
step    5/10 | train loss 9.542594 | norm 2.1031 | lr 1.00e-04 | (300.11 ms | 5240886 tok/s)
step    6/10 | train loss 9.461349 | norm 1.9977 | lr 1.00e-04 | (299.50 ms | 5251658 tok/s)
step    7/10 | train loss 9.375705 | norm 1.9473 | lr 1.00e-04 | (302.63 ms | 5197236 tok/s)
step    8/10 | train loss 9.283983 | norm 1.9146 | lr 1.00e-04 | (298.52 ms | 5268851 tok/s)
step    9/10 | train loss 9.188591 | norm 1.8601 | lr 1.00e-04 | (297.56 ms | 5285834 tok/s)
step   10/10 | train loss 9.103166 | norm 1.7948 | lr 1.00e-04 | (299.13 ms | 5258079 tok/s)
final 9 iters avg: 299.428ms
peak memory consumption: 16601 MiB
