Running pytorch 2.7.0+cu126
using device: cuda:0
total desired batch size: 2097152
=> calculated gradient accumulation steps: 4
using device: cuda:1
using device: cuda:3
using device: cuda:2
compiling the model...
DataLoader: total number of tokens: 1,661,249,667 across 103 files
MOC-R4PCC04U05:632293:632293 [0] NCCL INFO NCCL_SOCKET_IFNAME set to eno7np0
MOC-R4PCC04U05:632293:632293 [0] NCCL INFO NCCL version 2.26.2+cuda12.2
MOC-R4PCC04U05:632293:632399 [0] NCCL INFO NET/Plugin: Could not find: libnccl-net.so. Using internal net plugin.
MOC-R4PCC04U05:632293:632399 [0] NCCL INFO NCCL_IB_HCA set to mlx5_5
MOC-R4PCC04U05:632296:632296 [3] NCCL INFO NCCL_SOCKET_IFNAME set to eno7np0
MOC-R4PCC04U05:632296:632296 [3] NCCL INFO NCCL version 2.26.2+cuda12.2
MOC-R4PCC04U05:632295:632295 [2] NCCL INFO NCCL_SOCKET_IFNAME set to eno7np0
MOC-R4PCC04U05:632295:632295 [2] NCCL INFO NCCL version 2.26.2+cuda12.2
MOC-R4PCC04U05:632293:632399 [0] NCCL INFO NET/IB : Made virtual device [0] name=mlx5_5 speed=400000 ndevs=1
MOC-R4PCC04U05:632293:632399 [0] NCCL INFO NET/IB : Using [0]mlx5_5:1/RoCE [RO]; OOB eno7np0:192.168.50.193<0>
MOC-R4PCC04U05:632294:632294 [1] NCCL INFO NCCL_SOCKET_IFNAME set to eno7np0
MOC-R4PCC04U05:632294:632294 [1] NCCL INFO NCCL version 2.26.2+cuda12.2
MOC-R4PCC04U05:632296:632421 [3] NCCL INFO NET/Plugin: Could not find: libnccl-net.so. Using internal net plugin.
MOC-R4PCC04U05:632296:632421 [3] NCCL INFO NCCL_IB_HCA set to mlx5_5
MOC-R4PCC04U05:632295:632423 [2] NCCL INFO NET/Plugin: Could not find: libnccl-net.so. Using internal net plugin.
MOC-R4PCC04U05:632295:632423 [2] NCCL INFO NCCL_IB_HCA set to mlx5_5
MOC-R4PCC04U05:632296:632421 [3] NCCL INFO NET/IB : Made virtual device [0] name=mlx5_5 speed=400000 ndevs=1
MOC-R4PCC04U05:632296:632421 [3] NCCL INFO NET/IB : Using [0]mlx5_5:1/RoCE [RO]; OOB eno7np0:192.168.50.193<0>
MOC-R4PCC04U05:632295:632423 [2] NCCL INFO NET/IB : Made virtual device [0] name=mlx5_5 speed=400000 ndevs=1
MOC-R4PCC04U05:632295:632423 [2] NCCL INFO NET/IB : Using [0]mlx5_5:1/RoCE [RO]; OOB eno7np0:192.168.50.193<0>
MOC-R4PCC04U05:632294:632424 [1] NCCL INFO NET/Plugin: Could not find: libnccl-net.so. Using internal net plugin.
MOC-R4PCC04U05:632294:632424 [1] NCCL INFO NCCL_IB_HCA set to mlx5_5
MOC-R4PCC04U05:632294:632424 [1] NCCL INFO NET/IB : Made virtual device [0] name=mlx5_5 speed=400000 ndevs=1
MOC-R4PCC04U05:632294:632424 [1] NCCL INFO NET/IB : Using [0]mlx5_5:1/RoCE [RO]; OOB eno7np0:192.168.50.193<0>
MOC-R4PCC04U05:632294:632424 [1] NCCL INFO NET/IB : GPU Direct RDMA Enabled for HCA 0 'mlx5_5'
MOC-R4PCC04U05:632294:632424 [1] NCCL INFO NET/IB : Made virtual device [1] name=mlx5_5 speed=400000 ndevs=1
MOC-R4PCC04U05:632294:632424 [1] NCCL INFO NET/IB : GPU Direct RDMA Enabled for HCA 0 'mlx5_5'
MOC-R4PCC04U05:632294:632424 [1] NCCL INFO NET/IB : GPU Direct RDMA Enabled for HCA 1 'mlx5_5'
MOC-R4PCC04U05:632293:632399 [0] NCCL INFO NET/IB : GPU Direct RDMA Enabled for HCA 0 'mlx5_5'
MOC-R4PCC04U05:632293:632399 [0] NCCL INFO NET/IB : Made virtual device [1] name=mlx5_5 speed=400000 ndevs=1
MOC-R4PCC04U05:632293:632399 [0] NCCL INFO NET/IB : GPU Direct RDMA Enabled for HCA 0 'mlx5_5'
MOC-R4PCC04U05:632293:632399 [0] NCCL INFO NET/IB : GPU Direct RDMA Enabled for HCA 1 'mlx5_5'
MOC-R4PCC04U05:632296:632421 [3] NCCL INFO NET/IB : GPU Direct RDMA Enabled for HCA 0 'mlx5_5'
MOC-R4PCC04U05:632296:632421 [3] NCCL INFO NET/IB : Made virtual device [1] name=mlx5_5 speed=400000 ndevs=1
MOC-R4PCC04U05:632296:632421 [3] NCCL INFO NET/IB : GPU Direct RDMA Enabled for HCA 0 'mlx5_5'
MOC-R4PCC04U05:632296:632421 [3] NCCL INFO NET/IB : GPU Direct RDMA Enabled for HCA 1 'mlx5_5'
MOC-R4PCC04U05:632295:632423 [2] NCCL INFO NET/IB : GPU Direct RDMA Enabled for HCA 0 'mlx5_5'
MOC-R4PCC04U05:632295:632423 [2] NCCL INFO NET/IB : Made virtual device [1] name=mlx5_5 speed=400000 ndevs=1
MOC-R4PCC04U05:632295:632423 [2] NCCL INFO NET/IB : GPU Direct RDMA Enabled for HCA 0 'mlx5_5'
MOC-R4PCC04U05:632295:632423 [2] NCCL INFO NET/IB : GPU Direct RDMA Enabled for HCA 1 'mlx5_5'
MOC-R4PCC04U05:632294:632424 [1] NCCL INFO GPU Direct RDMA Enabled for GPU 0 / HCA 1 (distance 5 <= 5), read 0 mode Default
MOC-R4PCC04U05:632294:632424 [1] NCCL INFO GPU Direct RDMA Enabled for GPU 1 / HCA 1 (distance 5 <= 5), read 0 mode Default
MOC-R4PCC04U05:632294:632424 [1] NCCL INFO GPU Direct RDMA Enabled for GPU 2 / HCA 1 (distance 5 <= 5), read 0 mode Default
MOC-R4PCC04U05:632294:632424 [1] NCCL INFO GPU Direct RDMA Enabled for GPU 3 / HCA 1 (distance 5 <= 5), read 0 mode Default
MOC-R4PCC04U05:632294:632424 [1] NCCL INFO GPU Direct RDMA Enabled for GPU 0 / HCA 1 (distance 5 <= 5), read 0 mode Default
MOC-R4PCC04U05:632294:632424 [1] NCCL INFO GPU Direct RDMA Enabled for GPU 1 / HCA 1 (distance 5 <= 5), read 0 mode Default
MOC-R4PCC04U05:632294:632424 [1] NCCL INFO GPU Direct RDMA Enabled for GPU 2 / HCA 1 (distance 5 <= 5), read 0 mode Default
MOC-R4PCC04U05:632294:632424 [1] NCCL INFO GPU Direct RDMA Enabled for GPU 3 / HCA 1 (distance 5 <= 5), read 0 mode Default
MOC-R4PCC04U05:632293:632399 [0] NCCL INFO GPU Direct RDMA Enabled for GPU 0 / HCA 1 (distance 5 <= 5), read 0 mode Default
MOC-R4PCC04U05:632293:632399 [0] NCCL INFO GPU Direct RDMA Enabled for GPU 1 / HCA 1 (distance 5 <= 5), read 0 mode Default
MOC-R4PCC04U05:632293:632399 [0] NCCL INFO GPU Direct RDMA Enabled for GPU 2 / HCA 1 (distance 5 <= 5), read 0 mode Default
MOC-R4PCC04U05:632293:632399 [0] NCCL INFO GPU Direct RDMA Enabled for GPU 3 / HCA 1 (distance 5 <= 5), read 0 mode Default
MOC-R4PCC04U05:632293:632399 [0] NCCL INFO GPU Direct RDMA Enabled for GPU 0 / HCA 1 (distance 5 <= 5), read 0 mode Default
MOC-R4PCC04U05:632293:632399 [0] NCCL INFO GPU Direct RDMA Enabled for GPU 1 / HCA 1 (distance 5 <= 5), read 0 mode Default
MOC-R4PCC04U05:632293:632399 [0] NCCL INFO GPU Direct RDMA Enabled for GPU 2 / HCA 1 (distance 5 <= 5), read 0 mode Default
MOC-R4PCC04U05:632293:632399 [0] NCCL INFO GPU Direct RDMA Enabled for GPU 3 / HCA 1 (distance 5 <= 5), read 0 mode Default
MOC-R4PCC04U05:632295:632423 [2] NCCL INFO GPU Direct RDMA Enabled for GPU 0 / HCA 1 (distance 5 <= 5), read 0 mode Default
MOC-R4PCC04U05:632295:632423 [2] NCCL INFO GPU Direct RDMA Enabled for GPU 1 / HCA 1 (distance 5 <= 5), read 0 mode Default
MOC-R4PCC04U05:632295:632423 [2] NCCL INFO GPU Direct RDMA Enabled for GPU 2 / HCA 1 (distance 5 <= 5), read 0 mode Default
MOC-R4PCC04U05:632295:632423 [2] NCCL INFO GPU Direct RDMA Enabled for GPU 3 / HCA 1 (distance 5 <= 5), read 0 mode Default
MOC-R4PCC04U05:632295:632423 [2] NCCL INFO GPU Direct RDMA Enabled for GPU 0 / HCA 1 (distance 5 <= 5), read 0 mode Default
MOC-R4PCC04U05:632295:632423 [2] NCCL INFO GPU Direct RDMA Enabled for GPU 1 / HCA 1 (distance 5 <= 5), read 0 mode Default
MOC-R4PCC04U05:632295:632423 [2] NCCL INFO GPU Direct RDMA Enabled for GPU 2 / HCA 1 (distance 5 <= 5), read 0 mode Default
MOC-R4PCC04U05:632295:632423 [2] NCCL INFO GPU Direct RDMA Enabled for GPU 3 / HCA 1 (distance 5 <= 5), read 0 mode Default
MOC-R4PCC04U05:632296:632421 [3] NCCL INFO GPU Direct RDMA Enabled for GPU 0 / HCA 1 (distance 5 <= 5), read 0 mode Default
MOC-R4PCC04U05:632296:632421 [3] NCCL INFO GPU Direct RDMA Enabled for GPU 1 / HCA 1 (distance 5 <= 5), read 0 mode Default
MOC-R4PCC04U05:632296:632421 [3] NCCL INFO GPU Direct RDMA Enabled for GPU 2 / HCA 1 (distance 5 <= 5), read 0 mode Default
MOC-R4PCC04U05:632296:632421 [3] NCCL INFO GPU Direct RDMA Enabled for GPU 3 / HCA 1 (distance 5 <= 5), read 0 mode Default
MOC-R4PCC04U05:632296:632421 [3] NCCL INFO GPU Direct RDMA Enabled for GPU 0 / HCA 1 (distance 5 <= 5), read 0 mode Default
MOC-R4PCC04U05:632296:632421 [3] NCCL INFO GPU Direct RDMA Enabled for GPU 1 / HCA 1 (distance 5 <= 5), read 0 mode Default
MOC-R4PCC04U05:632296:632421 [3] NCCL INFO GPU Direct RDMA Enabled for GPU 2 / HCA 1 (distance 5 <= 5), read 0 mode Default
MOC-R4PCC04U05:632296:632421 [3] NCCL INFO GPU Direct RDMA Enabled for GPU 3 / HCA 1 (distance 5 <= 5), read 0 mode Default
MOC-R4PCC04U05:632293:632442 [0] NCCL INFO New proxy send connection 0 from local rank 0, transport 0
MOC-R4PCC04U05:632293:632444 [0] NCCL INFO Connected to proxy localRank 0 -> connection 0x7f0230004f30
MOC-R4PCC04U05:632296:632437 [3] NCCL INFO New proxy recv connection 0 from local rank 3, transport 0
MOC-R4PCC04U05:632296:632445 [3] NCCL INFO Connected to proxy localRank 3 -> connection 0x7f8988004f30
MOC-R4PCC04U05:632293:632442 [0] NCCL INFO New proxy send connection 1 from local rank 0, transport 0
MOC-R4PCC04U05:632293:632444 [0] NCCL INFO Connected to proxy localRank 0 -> connection 0x7f0230004fa8
MOC-R4PCC04U05:632296:632437 [3] NCCL INFO New proxy recv connection 1 from local rank 3, transport 0
MOC-R4PCC04U05:632294:632438 [1] NCCL INFO New proxy recv connection 0 from local rank 1, transport 0
MOC-R4PCC04U05:632296:632445 [3] NCCL INFO Connected to proxy localRank 3 -> connection 0x7f8988004fa8
MOC-R4PCC04U05:632294:632446 [1] NCCL INFO Connected to proxy localRank 1 -> connection 0x7fc228004f30
MOC-R4PCC04U05:632294:632438 [1] NCCL INFO New proxy recv connection 1 from local rank 1, transport 0
MOC-R4PCC04U05:632294:632446 [1] NCCL INFO Connected to proxy localRank 1 -> connection 0x7fc228004fa8
MOC-R4PCC04U05:632296:632437 [3] NCCL INFO New proxy recv connection 2 from local rank 3, transport 0
MOC-R4PCC04U05:632296:632445 [3] NCCL INFO Connected to proxy localRank 3 -> connection 0x7f8988005020
MOC-R4PCC04U05:632293:632442 [0] NCCL INFO New proxy send connection 2 from local rank 0, transport 0
MOC-R4PCC04U05:632293:632444 [0] NCCL INFO Connected to proxy localRank 0 -> connection 0x7f0230005020
MOC-R4PCC04U05:632296:632437 [3] NCCL INFO New proxy recv connection 3 from local rank 3, transport 0
MOC-R4PCC04U05:632296:632445 [3] NCCL INFO Connected to proxy localRank 3 -> connection 0x7f8988005098
MOC-R4PCC04U05:632295:632448 [2] NCCL INFO GPU Direct RDMA Enabled for GPU 2 / HCA 1 (distance 5 <= 5), read 0 mode Default
MOC-R4PCC04U05:632294:632438 [1] NCCL INFO New proxy recv connection 2 from local rank 1, transport 0
MOC-R4PCC04U05:632294:632446 [1] NCCL INFO Connected to proxy localRank 1 -> connection 0x7fc228005020
MOC-R4PCC04U05:632296:632445 [3] NCCL INFO GPU Direct RDMA Enabled for GPU 3 / HCA 1 (distance 5 <= 5), read 1 mode Default
MOC-R4PCC04U05:632294:632438 [1] NCCL INFO New proxy recv connection 3 from local rank 1, transport 0
MOC-R4PCC04U05:632294:632446 [1] NCCL INFO Connected to proxy localRank 1 -> connection 0x7fc228005098
MOC-R4PCC04U05:632293:632442 [0] NCCL INFO New proxy send connection 3 from local rank 0, transport 0
MOC-R4PCC04U05:632293:632444 [0] NCCL INFO Connected to proxy localRank 0 -> connection 0x7f0230005098
MOC-R4PCC04U05:632295:632436 [2] NCCL INFO New proxy recv connection 0 from local rank 2, transport 2
MOC-R4PCC04U05:632295:632436 [2] NCCL INFO New proxy send connection 1 from local rank 3, transport 2
MOC-R4PCC04U05:632295:632448 [2] NCCL INFO Connected to proxy localRank 2 -> connection 0x7f2540004f30
MOC-R4PCC04U05:632296:632445 [3] NCCL INFO Connected to proxy localRank 2 -> connection 0x7f2540004fa8
MOC-R4PCC04U05:632295:632448 [2] NCCL INFO Channel 00/0 : 15[3] -> 2[2] [receive] via NET/IB/1/GDRDMA
MOC-R4PCC04U05:632295:632448 [2] NCCL INFO GPU Direct RDMA Enabled for GPU 2 / HCA 1 (distance 5 <= 5), read 0 mode Default
MOC-R4PCC04U05:632296:632445 [3] NCCL INFO Channel 00/0 : 3[3] -> 6[2] [send] via NET/IB/1(2)/GDRDMA
MOC-R4PCC04U05:632296:632445 [3] NCCL INFO GPU Direct RDMA Enabled for GPU 3 / HCA 1 (distance 5 <= 5), read 1 mode Default
MOC-R4PCC04U05:632295:632436 [2] NCCL INFO New proxy recv connection 2 from local rank 2, transport 2
MOC-R4PCC04U05:632295:632448 [2] NCCL INFO Connected to proxy localRank 2 -> connection 0x7f2540005020
MOC-R4PCC04U05:632295:632436 [2] NCCL INFO New proxy send connection 3 from local rank 3, transport 2
MOC-R4PCC04U05:632296:632445 [3] NCCL INFO Connected to proxy localRank 2 -> connection 0x7f2540005098
MOC-R4PCC04U05:632295:632448 [2] NCCL INFO Channel 01/0 : 15[3] -> 2[2] [receive] via NET/IB/1/GDRDMA
MOC-R4PCC04U05:632295:632448 [2] NCCL INFO GPU Direct RDMA Enabled for GPU 2 / HCA 1 (distance 5 <= 5), read 0 mode Default
MOC-R4PCC04U05:632296:632445 [3] NCCL INFO Channel 01/0 : 3[3] -> 6[2] [send] via NET/IB/1(2)/GDRDMA
MOC-R4PCC04U05:632296:632445 [3] NCCL INFO GPU Direct RDMA Enabled for GPU 3 / HCA 1 (distance 5 <= 5), read 1 mode Default
MOC-R4PCC04U05:632295:632436 [2] NCCL INFO New proxy recv connection 4 from local rank 2, transport 2
MOC-R4PCC04U05:632295:632448 [2] NCCL INFO Connected to proxy localRank 2 -> connection 0x7f2540005110
MOC-R4PCC04U05:632295:632436 [2] NCCL INFO New proxy send connection 5 from local rank 3, transport 2
MOC-R4PCC04U05:632296:632445 [3] NCCL INFO Connected to proxy localRank 2 -> connection 0x7f2540005188
MOC-R4PCC04U05:632295:632448 [2] NCCL INFO Channel 02/0 : 15[3] -> 2[2] [receive] via NET/IB/1/GDRDMA
MOC-R4PCC04U05:632295:632448 [2] NCCL INFO GPU Direct RDMA Enabled for GPU 2 / HCA 1 (distance 5 <= 5), read 0 mode Default
MOC-R4PCC04U05:632296:632445 [3] NCCL INFO Channel 02/0 : 3[3] -> 6[2] [send] via NET/IB/1(2)/GDRDMA
MOC-R4PCC04U05:632296:632445 [3] NCCL INFO GPU Direct RDMA Enabled for GPU 3 / HCA 1 (distance 5 <= 5), read 1 mode Default
MOC-R4PCC04U05:632295:632436 [2] NCCL INFO New proxy recv connection 6 from local rank 2, transport 2
MOC-R4PCC04U05:632295:632448 [2] NCCL INFO Connected to proxy localRank 2 -> connection 0x7f2540005200
MOC-R4PCC04U05:632295:632436 [2] NCCL INFO New proxy send connection 7 from local rank 3, transport 2
MOC-R4PCC04U05:632296:632445 [3] NCCL INFO Connected to proxy localRank 2 -> connection 0x7f2540005278
MOC-R4PCC04U05:632295:632448 [2] NCCL INFO Channel 03/0 : 15[3] -> 2[2] [receive] via NET/IB/1/GDRDMA
MOC-R4PCC04U05:632296:632445 [3] NCCL INFO Channel 03/0 : 3[3] -> 6[2] [send] via NET/IB/1(2)/GDRDMA
MOC-R4PCC04U05:632294:632438 [1] NCCL INFO New proxy send connection 4 from local rank 1, transport 0
MOC-R4PCC04U05:632294:632446 [1] NCCL INFO Connected to proxy localRank 1 -> connection 0x7fc228005110
MOC-R4PCC04U05:632293:632442 [0] NCCL INFO New proxy recv connection 4 from local rank 0, transport 0
MOC-R4PCC04U05:632293:632444 [0] NCCL INFO Connected to proxy localRank 0 -> connection 0x7f0230005110
MOC-R4PCC04U05:632294:632438 [1] NCCL INFO New proxy send connection 5 from local rank 1, transport 0
MOC-R4PCC04U05:632294:632446 [1] NCCL INFO Connected to proxy localRank 1 -> connection 0x7fc228005188
MOC-R4PCC04U05:632293:632442 [0] NCCL INFO New proxy recv connection 5 from local rank 0, transport 0
MOC-R4PCC04U05:632293:632444 [0] NCCL INFO Connected to proxy localRank 0 -> connection 0x7f0230005188
MOC-R4PCC04U05:632294:632438 [1] NCCL INFO New proxy send connection 6 from local rank 1, transport 0
MOC-R4PCC04U05:632293:632442 [0] NCCL INFO New proxy recv connection 6 from local rank 0, transport 0
MOC-R4PCC04U05:632294:632446 [1] NCCL INFO Connected to proxy localRank 1 -> connection 0x7fc228005200
MOC-R4PCC04U05:632293:632444 [0] NCCL INFO Connected to proxy localRank 0 -> connection 0x7f0230005200
MOC-R4PCC04U05:632294:632438 [1] NCCL INFO New proxy send connection 7 from local rank 1, transport 0
MOC-R4PCC04U05:632294:632446 [1] NCCL INFO Connected to proxy localRank 1 -> connection 0x7fc228005278
MOC-R4PCC04U05:632293:632442 [0] NCCL INFO New proxy recv connection 7 from local rank 0, transport 0
MOC-R4PCC04U05:632293:632444 [0] NCCL INFO Connected to proxy localRank 0 -> connection 0x7f0230005278
MOC-R4PCC04U05:632296:632437 [3] NCCL INFO New proxy send connection 4 from local rank 0, transport 0
MOC-R4PCC04U05:632293:632444 [0] NCCL INFO Connected to proxy localRank 3 -> connection 0x7f8988005110
MOC-R4PCC04U05:632294:632438 [1] NCCL INFO New proxy send connection 8 from local rank 0, transport 0
MOC-R4PCC04U05:632293:632444 [0] NCCL INFO Connected to proxy localRank 1 -> connection 0x7fc2280052f0
MOC-R4PCC04U05:632293:632442 [0] NCCL INFO New proxy send connection 8 from local rank 3, transport 0
MOC-R4PCC04U05:632296:632445 [3] NCCL INFO Connected to proxy localRank 0 -> connection 0x7f02300052f0
MOC-R4PCC04U05:632295:632436 [2] NCCL INFO New proxy send connection 8 from local rank 2, transport 0
MOC-R4PCC04U05:632295:632448 [2] NCCL INFO Connected to proxy localRank 2 -> connection 0x7f25400052f0
MOC-R4PCC04U05:632295:632436 [2] NCCL INFO NET/IB: NCCL Dev 1 IbDev 0 Port 1 qpn 10370 mtu 3 query_ece={supported=1, vendor_id=0x15b3, options=0x30000002, comp_mask=0x0} GID 3 (0/C132A8C0FFFF0000) fifoRkey=0x172eed fifoLkey=0x172eed
MOC-R4PCC04U05:632295:632436 [2] NCCL INFO New proxy send connection 9 from local rank 2, transport 0
MOC-R4PCC04U05:632295:632448 [2] NCCL INFO Connected to proxy localRank 2 -> connection 0x7f2540005368
MOC-R4PCC04U05:632295:632436 [2] NCCL INFO NET/IB: IbDev 0 Port 1 qpn 10058 set_ece={supported=1, vendor_id=0x15b3, options=0x0, comp_mask=0x0}
MOC-R4PCC04U05:632295:632436 [2] NCCL INFO New proxy send connection 10 from local rank 2, transport 0
MOC-R4PCC04U05:632295:632448 [2] NCCL INFO Connected to proxy localRank 2 -> connection 0x7f25400053e0
MOC-R4PCC04U05:632295:632436 [2] NCCL INFO New proxy send connection 11 from local rank 2, transport 0
MOC-R4PCC04U05:632295:632448 [2] NCCL INFO Connected to proxy localRank 2 -> connection 0x7f2540005458
MOC-R4PCC04U05:632294:632438 [1] NCCL INFO New proxy send connection 9 from local rank 2, transport 0
MOC-R4PCC04U05:632295:632448 [2] NCCL INFO Connected to proxy localRank 1 -> connection 0x7fc228005368
MOC-R4PCC04U05:632293:632442 [0] NCCL INFO New proxy send connection 9 from local rank 1, transport 0
MOC-R4PCC04U05:632294:632446 [1] NCCL INFO Connected to proxy localRank 0 -> connection 0x7f0230005368
MOC-R4PCC04U05:632295:632436 [2] NCCL INFO New proxy send connection 12 from local rank 3, transport 0
MOC-R4PCC04U05:632296:632445 [3] NCCL INFO Connected to proxy localRank 2 -> connection 0x7f25400054d0
MOC-R4PCC04U05:632295:632436 [2] NCCL INFO NET/IB: NCCL Dev 1 IbDev 0 Port 1 qpn 10379 mtu 3 query_ece={supported=1, vendor_id=0x15b3, options=0x30000002, comp_mask=0x0} GID 3 (0/C132A8C0FFFF0000) fifoRkey=0x17dc9b fifoLkey=0x17dc9b
MOC-R4PCC04U05:632295:632436 [2] NCCL INFO NET/IB: NCCL Dev 1 IbDev 0 Port 1 qpn 10380 mtu 3 query_ece={supported=1, vendor_id=0x15b3, options=0x30000002, comp_mask=0x0} GID 3 (0/C132A8C0FFFF0000) fifoRkey=0x1723e2 fifoLkey=0x1723e2
MOC-R4PCC04U05:632295:632436 [2] NCCL INFO NET/IB: NCCL Dev 1 IbDev 0 Port 1 qpn 10381 mtu 3 query_ece={supported=1, vendor_id=0x15b3, options=0x30000002, comp_mask=0x0} GID 3 (0/C132A8C0FFFF0000) fifoRkey=0x17b979 fifoLkey=0x17b979
MOC-R4PCC04U05:632295:632436 [2] NCCL INFO New proxy send connection 13 from local rank 1, transport 0
MOC-R4PCC04U05:632294:632446 [1] NCCL INFO Connected to proxy localRank 2 -> connection 0x7f2540005548
MOC-R4PCC04U05:632295:632436 [2] NCCL INFO NET/IB: IbDev 0 Port 1 qpn 10064 set_ece={supported=1, vendor_id=0x15b3, options=0x0, comp_mask=0x0}
MOC-R4PCC04U05:632295:632436 [2] NCCL INFO NET/IB: IbDev 0 Port 1 qpn 10066 set_ece={supported=1, vendor_id=0x15b3, options=0x0, comp_mask=0x0}
MOC-R4PCC04U05:632295:632436 [2] NCCL INFO NET/IB: IbDev 0 Port 1 qpn 10068 set_ece={supported=1, vendor_id=0x15b3, options=0x0, comp_mask=0x0}
num decayed parameter tensors: 50, with 124,318,464 parameters
num non-decayed parameter tensors: 98, with 121,344 parameters
using fused AdamW: False
using regular AdamW
MOC-R4PCC04U05:632293:632442 [0] NCCL INFO New proxy send connection 10 from local rank 0, transport 0
MOC-R4PCC04U05:632293:633137 [0] NCCL INFO Connected to proxy localRank 0 -> connection 0x7f02300053e0
MOC-R4PCC04U05:632293:632442 [0] NCCL INFO New proxy send connection 11 from local rank 0, transport 0
MOC-R4PCC04U05:632293:633137 [0] NCCL INFO Connected to proxy localRank 0 -> connection 0x7f0230005458
MOC-R4PCC04U05:632293:632442 [0] NCCL INFO New proxy send connection 12 from local rank 0, transport 0
MOC-R4PCC04U05:632293:633137 [0] NCCL INFO Connected to proxy localRank 0 -> connection 0x7f02300054d0
MOC-R4PCC04U05:632293:632442 [0] NCCL INFO New proxy send connection 13 from local rank 0, transport 0
MOC-R4PCC04U05:632293:633137 [0] NCCL INFO Connected to proxy localRank 0 -> connection 0x7f0230005548
MOC-R4PCC04U05:632296:632437 [3] NCCL INFO New proxy recv connection 5 from local rank 3, transport 0
MOC-R4PCC04U05:632296:633138 [3] NCCL INFO Connected to proxy localRank 3 -> connection 0x7f8988005188
MOC-R4PCC04U05:632296:632437 [3] NCCL INFO New proxy recv connection 6 from local rank 3, transport 0
MOC-R4PCC04U05:632296:633138 [3] NCCL INFO Connected to proxy localRank 3 -> connection 0x7f8988005200
MOC-R4PCC04U05:632296:632437 [3] NCCL INFO New proxy recv connection 7 from local rank 3, transport 0
MOC-R4PCC04U05:632296:633138 [3] NCCL INFO Connected to proxy localRank 3 -> connection 0x7f8988005278
MOC-R4PCC04U05:632296:632437 [3] NCCL INFO New proxy recv connection 8 from local rank 3, transport 0
MOC-R4PCC04U05:632296:633138 [3] NCCL INFO Connected to proxy localRank 3 -> connection 0x7f89880052f0
MOC-R4PCC04U05:632295:632436 [2] NCCL INFO New proxy send connection 14 from local rank 2, transport 0
MOC-R4PCC04U05:632295:633139 [2] NCCL INFO Connected to proxy localRank 2 -> connection 0x7f25400055c0
MOC-R4PCC04U05:632295:632436 [2] NCCL INFO New proxy send connection 15 from local rank 2, transport 0
MOC-R4PCC04U05:632295:633139 [2] NCCL INFO Connected to proxy localRank 2 -> connection 0x7f2540005638
MOC-R4PCC04U05:632295:632436 [2] NCCL INFO New proxy send connection 16 from local rank 2, transport 0
MOC-R4PCC04U05:632295:633139 [2] NCCL INFO Connected to proxy localRank 2 -> connection 0x7f25400056b0
MOC-R4PCC04U05:632295:632436 [2] NCCL INFO New proxy send connection 17 from local rank 2, transport 0
MOC-R4PCC04U05:632295:633139 [2] NCCL INFO Connected to proxy localRank 2 -> connection 0x7f2540005728
MOC-R4PCC04U05:632295:633139 [2] NCCL INFO GPU Direct RDMA Enabled for GPU 2 / HCA 1 (distance 5 <= 5), read 1 mode Default
MOC-R4PCC04U05:632296:632437 [3] NCCL INFO New proxy send connection 9 from local rank 3, transport 0
MOC-R4PCC04U05:632296:633138 [3] NCCL INFO Connected to proxy localRank 3 -> connection 0x7f8988005368
MOC-R4PCC04U05:632295:632436 [2] NCCL INFO New proxy send connection 18 from local rank 2, transport 2
MOC-R4PCC04U05:632295:633139 [2] NCCL INFO Connected to proxy localRank 2 -> connection 0x7f25400057a0
MOC-R4PCC04U05:632295:633139 [2] NCCL INFO Channel 02/0 : 2[2] -> 6[2] [send] via NET/IB/1/GDRDMA
MOC-R4PCC04U05:632295:633139 [2] NCCL INFO GPU Direct RDMA Enabled for GPU 2 / HCA 1 (distance 5 <= 5), read 1 mode Default
MOC-R4PCC04U05:632295:632436 [2] NCCL INFO New proxy send connection 19 from local rank 2, transport 2
MOC-R4PCC04U05:632295:633139 [2] NCCL INFO Connected to proxy localRank 2 -> connection 0x7f2540005818
MOC-R4PCC04U05:632295:633139 [2] NCCL INFO Channel 03/0 : 2[2] -> 6[2] [send] via NET/IB/1/GDRDMA
MOC-R4PCC04U05:632296:632437 [3] NCCL INFO New proxy send connection 10 from local rank 3, transport 0
MOC-R4PCC04U05:632296:633138 [3] NCCL INFO Connected to proxy localRank 3 -> connection 0x7f89880053e0
MOC-R4PCC04U05:632296:632437 [3] NCCL INFO New proxy send connection 11 from local rank 3, transport 0
MOC-R4PCC04U05:632296:633138 [3] NCCL INFO Connected to proxy localRank 3 -> connection 0x7f8988005458
MOC-R4PCC04U05:632296:632437 [3] NCCL INFO New proxy send connection 12 from local rank 3, transport 0
MOC-R4PCC04U05:632296:633138 [3] NCCL INFO Connected to proxy localRank 3 -> connection 0x7f89880054d0
MOC-R4PCC04U05:632295:633139 [2] NCCL INFO GPU Direct RDMA Enabled for GPU 2 / HCA 1 (distance 5 <= 5), read 0 mode Default
MOC-R4PCC04U05:632295:632436 [2] NCCL INFO New proxy recv connection 20 from local rank 2, transport 2
MOC-R4PCC04U05:632295:633139 [2] NCCL INFO Connected to proxy localRank 2 -> connection 0x7f2540005890
MOC-R4PCC04U05:632295:633139 [2] NCCL INFO Channel 00/0 : 10[2] -> 2[2] [receive] via NET/IB/1/GDRDMA
MOC-R4PCC04U05:632295:633139 [2] NCCL INFO GPU Direct RDMA Enabled for GPU 2 / HCA 1 (distance 5 <= 5), read 0 mode Default
MOC-R4PCC04U05:632295:632436 [2] NCCL INFO New proxy recv connection 21 from local rank 2, transport 2
MOC-R4PCC04U05:632295:633139 [2] NCCL INFO Connected to proxy localRank 2 -> connection 0x7f2540005908
MOC-R4PCC04U05:632295:633139 [2] NCCL INFO Channel 01/0 : 10[2] -> 2[2] [receive] via NET/IB/1/GDRDMA
MOC-R4PCC04U05:632295:633139 [2] NCCL INFO GPU Direct RDMA Enabled for GPU 2 / HCA 1 (distance 5 <= 5), read 1 mode Default
MOC-R4PCC04U05:632295:632436 [2] NCCL INFO New proxy send connection 22 from local rank 2, transport 2
MOC-R4PCC04U05:632295:633139 [2] NCCL INFO Connected to proxy localRank 2 -> connection 0x7f2540005980
MOC-R4PCC04U05:632295:633139 [2] NCCL INFO Channel 00/0 : 2[2] -> 10[2] [send] via NET/IB/1/GDRDMA
MOC-R4PCC04U05:632295:633139 [2] NCCL INFO GPU Direct RDMA Enabled for GPU 2 / HCA 1 (distance 5 <= 5), read 1 mode Default
MOC-R4PCC04U05:632295:632436 [2] NCCL INFO New proxy send connection 23 from local rank 2, transport 2
MOC-R4PCC04U05:632295:633139 [2] NCCL INFO Connected to proxy localRank 2 -> connection 0x7f25400059f8
MOC-R4PCC04U05:632295:633139 [2] NCCL INFO Channel 01/0 : 2[2] -> 10[2] [send] via NET/IB/1/GDRDMA
MOC-R4PCC04U05:632295:633139 [2] NCCL INFO GPU Direct RDMA Enabled for GPU 2 / HCA 1 (distance 5 <= 5), read 0 mode Default
MOC-R4PCC04U05:632295:632436 [2] NCCL INFO New proxy recv connection 24 from local rank 2, transport 2
MOC-R4PCC04U05:632295:633139 [2] NCCL INFO Connected to proxy localRank 2 -> connection 0x7f2540005a70
MOC-R4PCC04U05:632295:633139 [2] NCCL INFO Channel 02/0 : 6[2] -> 2[2] [receive] via NET/IB/1/GDRDMA
MOC-R4PCC04U05:632295:633139 [2] NCCL INFO GPU Direct RDMA Enabled for GPU 2 / HCA 1 (distance 5 <= 5), read 0 mode Default
MOC-R4PCC04U05:632295:632436 [2] NCCL INFO New proxy recv connection 25 from local rank 2, transport 2
MOC-R4PCC04U05:632295:633139 [2] NCCL INFO Connected to proxy localRank 2 -> connection 0x7f2540005ae8
MOC-R4PCC04U05:632295:633139 [2] NCCL INFO Channel 03/0 : 6[2] -> 2[2] [receive] via NET/IB/1/GDRDMA
MOC-R4PCC04U05:632295:632436 [2] NCCL INFO New proxy recv connection 26 from local rank 2, transport 0
MOC-R4PCC04U05:632295:633139 [2] NCCL INFO Connected to proxy localRank 2 -> connection 0x7f2540005b60
MOC-R4PCC04U05:632295:632436 [2] NCCL INFO New proxy recv connection 27 from local rank 2, transport 0
MOC-R4PCC04U05:632295:633139 [2] NCCL INFO Connected to proxy localRank 2 -> connection 0x7f2540005bd8
MOC-R4PCC04U05:632295:632436 [2] NCCL INFO New proxy recv connection 28 from local rank 2, transport 0
MOC-R4PCC04U05:632295:633139 [2] NCCL INFO Connected to proxy localRank 2 -> connection 0x7f2540005c50
MOC-R4PCC04U05:632295:632436 [2] NCCL INFO New proxy recv connection 29 from local rank 2, transport 0
MOC-R4PCC04U05:632295:633139 [2] NCCL INFO Connected to proxy localRank 2 -> connection 0x7f2540005cc8
MOC-R4PCC04U05:632294:632438 [1] NCCL INFO New proxy recv connection 10 from local rank 1, transport 0
MOC-R4PCC04U05:632294:633140 [1] NCCL INFO Connected to proxy localRank 1 -> connection 0x7fc2280053e0
MOC-R4PCC04U05:632294:632438 [1] NCCL INFO New proxy recv connection 11 from local rank 1, transport 0
MOC-R4PCC04U05:632294:633140 [1] NCCL INFO Connected to proxy localRank 1 -> connection 0x7fc228005458
MOC-R4PCC04U05:632294:632438 [1] NCCL INFO New proxy recv connection 12 from local rank 1, transport 0
MOC-R4PCC04U05:632294:633140 [1] NCCL INFO Connected to proxy localRank 1 -> connection 0x7fc2280054d0
MOC-R4PCC04U05:632294:632438 [1] NCCL INFO New proxy recv connection 13 from local rank 1, transport 0
MOC-R4PCC04U05:632294:633140 [1] NCCL INFO Connected to proxy localRank 1 -> connection 0x7fc228005548
MOC-R4PCC04U05:632293:632442 [0] NCCL INFO New proxy recv connection 14 from local rank 0, transport 0
MOC-R4PCC04U05:632293:633137 [0] NCCL INFO Connected to proxy localRank 0 -> connection 0x7f02300055c0
MOC-R4PCC04U05:632293:632442 [0] NCCL INFO New proxy recv connection 15 from local rank 0, transport 0
MOC-R4PCC04U05:632293:633137 [0] NCCL INFO Connected to proxy localRank 0 -> connection 0x7f0230005638
MOC-R4PCC04U05:632293:632442 [0] NCCL INFO New proxy recv connection 16 from local rank 0, transport 0
MOC-R4PCC04U05:632293:633137 [0] NCCL INFO Connected to proxy localRank 0 -> connection 0x7f02300056b0
MOC-R4PCC04U05:632293:632442 [0] NCCL INFO New proxy recv connection 17 from local rank 0, transport 0
MOC-R4PCC04U05:632293:633137 [0] NCCL INFO Connected to proxy localRank 0 -> connection 0x7f0230005728
MOC-R4PCC04U05:632296:632437 [3] NCCL INFO New proxy send connection 13 from local rank 3, transport 0
MOC-R4PCC04U05:632296:633138 [3] NCCL INFO Connected to proxy localRank 3 -> connection 0x7f8988005548
MOC-R4PCC04U05:632296:632437 [3] NCCL INFO New proxy send connection 14 from local rank 3, transport 0
MOC-R4PCC04U05:632296:633138 [3] NCCL INFO Connected to proxy localRank 3 -> connection 0x7f89880055c0
MOC-R4PCC04U05:632296:632437 [3] NCCL INFO New proxy send connection 15 from local rank 3, transport 0
MOC-R4PCC04U05:632296:633138 [3] NCCL INFO Connected to proxy localRank 3 -> connection 0x7f8988005638
MOC-R4PCC04U05:632296:632437 [3] NCCL INFO New proxy send connection 16 from local rank 3, transport 0
MOC-R4PCC04U05:632296:633138 [3] NCCL INFO Connected to proxy localRank 3 -> connection 0x7f89880056b0
MOC-R4PCC04U05:632296:632437 [3] NCCL INFO New proxy send connection 17 from local rank 2, transport 0
MOC-R4PCC04U05:632295:633139 [2] NCCL INFO Connected to proxy localRank 3 -> connection 0x7f8988005728
MOC-R4PCC04U05:632295:632436 [2] NCCL INFO NET/IB: NCCL Dev 1 IbDev 0 Port 1 qpn 10382 mtu 3 query_ece={supported=1, vendor_id=0x15b3, options=0x30000002, comp_mask=0x0} GID 3 (0/C132A8C0FFFF0000) fifoRkey=0x17904f fifoLkey=0x17904f
MOC-R4PCC04U05:632295:632436 [2] NCCL INFO NET/IB: IbDev 0 Port 1 qpn 7517 set_ece={supported=1, vendor_id=0x15b3, options=0x0, comp_mask=0x0}
MOC-R4PCC04U05:632295:632436 [2] NCCL INFO NET/IB: NCCL Dev 1 IbDev 0 Port 1 qpn 10387 mtu 3 query_ece={supported=1, vendor_id=0x15b3, options=0x30000002, comp_mask=0x0} GID 3 (0/C132A8C0FFFF0000) fifoRkey=0x17bf7e fifoLkey=0x17bf7e
MOC-R4PCC04U05:632295:632436 [2] NCCL INFO NET/IB: IbDev 0 Port 1 qpn 7520 set_ece={supported=1, vendor_id=0x15b3, options=0x0, comp_mask=0x0}
MOC-R4PCC04U05:632295:632436 [2] NCCL INFO NET/IB: NCCL Dev 1 IbDev 0 Port 1 qpn 10388 mtu 3 query_ece={supported=1, vendor_id=0x15b3, options=0x30000002, comp_mask=0x0} GID 3 (0/C132A8C0FFFF0000) fifoRkey=0x17e1a0 fifoLkey=0x17e1a0
MOC-R4PCC04U05:632295:632436 [2] NCCL INFO NET/IB: NCCL Dev 1 IbDev 0 Port 1 qpn 10389 mtu 3 query_ece={supported=1, vendor_id=0x15b3, options=0x30000002, comp_mask=0x0} GID 3 (0/C132A8C0FFFF0000) fifoRkey=0x173af9 fifoLkey=0x173af9
MOC-R4PCC04U05:632295:632436 [2] NCCL INFO NET/IB: IbDev 0 Port 1 qpn 10073 set_ece={supported=1, vendor_id=0x15b3, options=0x0, comp_mask=0x0}
MOC-R4PCC04U05:632295:632436 [2] NCCL INFO NET/IB: IbDev 0 Port 1 qpn 10076 set_ece={supported=1, vendor_id=0x15b3, options=0x0, comp_mask=0x0}
step    1/10 | train loss 11.009806 | norm 15.3617 | lr 1.00e-04 | (14394.41 ms | 145692 tok/s)
step    2/10 | train loss 10.138544 | norm 5.7423 | lr 1.00e-04 | (375.06 ms | 5591442 tok/s)
step    3/10 | train loss 9.797915 | norm 2.6066 | lr 1.00e-04 | (372.09 ms | 5636072 tok/s)
step    4/10 | train loss 9.628580 | norm 2.1114 | lr 1.00e-04 | (376.55 ms | 5569347 tok/s)
step    5/10 | train loss 9.545598 | norm 2.1044 | lr 1.00e-04 | (374.34 ms | 5602250 tok/s)
step    6/10 | train loss 9.464419 | norm 1.9969 | lr 1.00e-04 | (376.32 ms | 5572858 tok/s)
step    7/10 | train loss 9.378775 | norm 1.9478 | lr 1.00e-04 | (371.52 ms | 5644828 tok/s)
step    8/10 | train loss 9.286815 | norm 1.9138 | lr 1.00e-04 | (375.10 ms | 5590848 tok/s)
step    9/10 | train loss 9.191320 | norm 1.8554 | lr 1.00e-04 | (378.13 ms | 5546090 tok/s)
step   10/10 | train loss 9.107040 | norm 1.7972 | lr 1.00e-04 | (374.02 ms | 5607028 tok/s)
final 9 iters avg: 374.794ms
peak memory consumption: 16601 MiB
