Running pytorch 2.7.0+cu126
using device: cuda:0
total desired batch size: 1572864
=> calculated gradient accumulation steps: 4
using device: cuda:1
using device: cuda:2
using device: cuda:3
compiling the model...
DataLoader: total number of tokens: 1,661,249,667 across 103 files
MOC-R4PCC04U05:604133:604133 [0] NCCL INFO NCCL_SOCKET_IFNAME set to eno7np0
MOC-R4PCC04U05:604133:604133 [0] NCCL INFO NCCL version 2.26.2+cuda12.2
MOC-R4PCC04U05:604133:604237 [0] NCCL INFO NET/Plugin: Could not find: libnccl-net.so. Using internal net plugin.
MOC-R4PCC04U05:604133:604237 [0] NCCL INFO NCCL_IB_HCA set to mlx5_5
MOC-R4PCC04U05:604134:604134 [1] NCCL INFO NCCL_SOCKET_IFNAME set to eno7np0
MOC-R4PCC04U05:604134:604134 [1] NCCL INFO NCCL version 2.26.2+cuda12.2
MOC-R4PCC04U05:604135:604135 [2] NCCL INFO NCCL_SOCKET_IFNAME set to eno7np0
MOC-R4PCC04U05:604135:604135 [2] NCCL INFO NCCL version 2.26.2+cuda12.2
MOC-R4PCC04U05:604133:604237 [0] NCCL INFO NET/IB : Made virtual device [0] name=mlx5_5 speed=400000 ndevs=1
MOC-R4PCC04U05:604133:604237 [0] NCCL INFO NET/IB : Using [0]mlx5_5:1/RoCE [RO]; OOB eno7np0:192.168.50.193<0>
MOC-R4PCC04U05:604136:604136 [3] NCCL INFO NCCL_SOCKET_IFNAME set to eno7np0
MOC-R4PCC04U05:604136:604136 [3] NCCL INFO NCCL version 2.26.2+cuda12.2
MOC-R4PCC04U05:604134:604259 [1] NCCL INFO NET/Plugin: Could not find: libnccl-net.so. Using internal net plugin.
MOC-R4PCC04U05:604135:604261 [2] NCCL INFO NET/Plugin: Could not find: libnccl-net.so. Using internal net plugin.
MOC-R4PCC04U05:604134:604259 [1] NCCL INFO NCCL_IB_HCA set to mlx5_5
MOC-R4PCC04U05:604135:604261 [2] NCCL INFO NCCL_IB_HCA set to mlx5_5
MOC-R4PCC04U05:604135:604261 [2] NCCL INFO NET/IB : Made virtual device [0] name=mlx5_5 speed=400000 ndevs=1
MOC-R4PCC04U05:604134:604259 [1] NCCL INFO NET/IB : Made virtual device [0] name=mlx5_5 speed=400000 ndevs=1
MOC-R4PCC04U05:604135:604261 [2] NCCL INFO NET/IB : Using [0]mlx5_5:1/RoCE [RO]; OOB eno7np0:192.168.50.193<0>
MOC-R4PCC04U05:604134:604259 [1] NCCL INFO NET/IB : Using [0]mlx5_5:1/RoCE [RO]; OOB eno7np0:192.168.50.193<0>
MOC-R4PCC04U05:604136:604262 [3] NCCL INFO NET/Plugin: Could not find: libnccl-net.so. Using internal net plugin.
MOC-R4PCC04U05:604136:604262 [3] NCCL INFO NCCL_IB_HCA set to mlx5_5
MOC-R4PCC04U05:604136:604262 [3] NCCL INFO NET/IB : Made virtual device [0] name=mlx5_5 speed=400000 ndevs=1
MOC-R4PCC04U05:604136:604262 [3] NCCL INFO NET/IB : Using [0]mlx5_5:1/RoCE [RO]; OOB eno7np0:192.168.50.193<0>
MOC-R4PCC04U05:604135:604261 [2] NCCL INFO NET/IB : GPU Direct RDMA Enabled for HCA 0 'mlx5_5'
MOC-R4PCC04U05:604135:604261 [2] NCCL INFO NET/IB : Made virtual device [1] name=mlx5_5 speed=400000 ndevs=1
MOC-R4PCC04U05:604135:604261 [2] NCCL INFO NET/IB : GPU Direct RDMA Enabled for HCA 0 'mlx5_5'
MOC-R4PCC04U05:604135:604261 [2] NCCL INFO NET/IB : GPU Direct RDMA Enabled for HCA 1 'mlx5_5'
MOC-R4PCC04U05:604136:604262 [3] NCCL INFO NET/IB : GPU Direct RDMA Enabled for HCA 0 'mlx5_5'
MOC-R4PCC04U05:604136:604262 [3] NCCL INFO NET/IB : Made virtual device [1] name=mlx5_5 speed=400000 ndevs=1
MOC-R4PCC04U05:604136:604262 [3] NCCL INFO NET/IB : GPU Direct RDMA Enabled for HCA 0 'mlx5_5'
MOC-R4PCC04U05:604136:604262 [3] NCCL INFO NET/IB : GPU Direct RDMA Enabled for HCA 1 'mlx5_5'
MOC-R4PCC04U05:604133:604237 [0] NCCL INFO NET/IB : GPU Direct RDMA Enabled for HCA 0 'mlx5_5'
MOC-R4PCC04U05:604133:604237 [0] NCCL INFO NET/IB : Made virtual device [1] name=mlx5_5 speed=400000 ndevs=1
MOC-R4PCC04U05:604133:604237 [0] NCCL INFO NET/IB : GPU Direct RDMA Enabled for HCA 0 'mlx5_5'
MOC-R4PCC04U05:604133:604237 [0] NCCL INFO NET/IB : GPU Direct RDMA Enabled for HCA 1 'mlx5_5'
MOC-R4PCC04U05:604134:604259 [1] NCCL INFO NET/IB : GPU Direct RDMA Enabled for HCA 0 'mlx5_5'
MOC-R4PCC04U05:604134:604259 [1] NCCL INFO NET/IB : Made virtual device [1] name=mlx5_5 speed=400000 ndevs=1
MOC-R4PCC04U05:604134:604259 [1] NCCL INFO NET/IB : GPU Direct RDMA Enabled for HCA 0 'mlx5_5'
MOC-R4PCC04U05:604134:604259 [1] NCCL INFO NET/IB : GPU Direct RDMA Enabled for HCA 1 'mlx5_5'
MOC-R4PCC04U05:604134:604259 [1] NCCL INFO GPU Direct RDMA Enabled for GPU 0 / HCA 1 (distance 5 <= 5), read 0 mode Default
MOC-R4PCC04U05:604134:604259 [1] NCCL INFO GPU Direct RDMA Enabled for GPU 1 / HCA 1 (distance 5 <= 5), read 0 mode Default
MOC-R4PCC04U05:604134:604259 [1] NCCL INFO GPU Direct RDMA Enabled for GPU 2 / HCA 1 (distance 5 <= 5), read 0 mode Default
MOC-R4PCC04U05:604134:604259 [1] NCCL INFO GPU Direct RDMA Enabled for GPU 3 / HCA 1 (distance 5 <= 5), read 0 mode Default
MOC-R4PCC04U05:604134:604259 [1] NCCL INFO GPU Direct RDMA Enabled for GPU 0 / HCA 1 (distance 5 <= 5), read 0 mode Default
MOC-R4PCC04U05:604134:604259 [1] NCCL INFO GPU Direct RDMA Enabled for GPU 1 / HCA 1 (distance 5 <= 5), read 0 mode Default
MOC-R4PCC04U05:604134:604259 [1] NCCL INFO GPU Direct RDMA Enabled for GPU 2 / HCA 1 (distance 5 <= 5), read 0 mode Default
MOC-R4PCC04U05:604134:604259 [1] NCCL INFO GPU Direct RDMA Enabled for GPU 3 / HCA 1 (distance 5 <= 5), read 0 mode Default
MOC-R4PCC04U05:604133:604237 [0] NCCL INFO GPU Direct RDMA Enabled for GPU 0 / HCA 1 (distance 5 <= 5), read 0 mode Default
MOC-R4PCC04U05:604133:604237 [0] NCCL INFO GPU Direct RDMA Enabled for GPU 1 / HCA 1 (distance 5 <= 5), read 0 mode Default
MOC-R4PCC04U05:604133:604237 [0] NCCL INFO GPU Direct RDMA Enabled for GPU 2 / HCA 1 (distance 5 <= 5), read 0 mode Default
MOC-R4PCC04U05:604133:604237 [0] NCCL INFO GPU Direct RDMA Enabled for GPU 3 / HCA 1 (distance 5 <= 5), read 0 mode Default
MOC-R4PCC04U05:604133:604237 [0] NCCL INFO GPU Direct RDMA Enabled for GPU 0 / HCA 1 (distance 5 <= 5), read 0 mode Default
MOC-R4PCC04U05:604133:604237 [0] NCCL INFO GPU Direct RDMA Enabled for GPU 1 / HCA 1 (distance 5 <= 5), read 0 mode Default
MOC-R4PCC04U05:604133:604237 [0] NCCL INFO GPU Direct RDMA Enabled for GPU 2 / HCA 1 (distance 5 <= 5), read 0 mode Default
MOC-R4PCC04U05:604133:604237 [0] NCCL INFO GPU Direct RDMA Enabled for GPU 3 / HCA 1 (distance 5 <= 5), read 0 mode Default
MOC-R4PCC04U05:604136:604262 [3] NCCL INFO GPU Direct RDMA Enabled for GPU 0 / HCA 1 (distance 5 <= 5), read 0 mode Default
MOC-R4PCC04U05:604136:604262 [3] NCCL INFO GPU Direct RDMA Enabled for GPU 1 / HCA 1 (distance 5 <= 5), read 0 mode Default
MOC-R4PCC04U05:604136:604262 [3] NCCL INFO GPU Direct RDMA Enabled for GPU 2 / HCA 1 (distance 5 <= 5), read 0 mode Default
MOC-R4PCC04U05:604136:604262 [3] NCCL INFO GPU Direct RDMA Enabled for GPU 3 / HCA 1 (distance 5 <= 5), read 0 mode Default
MOC-R4PCC04U05:604135:604261 [2] NCCL INFO GPU Direct RDMA Enabled for GPU 0 / HCA 1 (distance 5 <= 5), read 0 mode Default
MOC-R4PCC04U05:604136:604262 [3] NCCL INFO GPU Direct RDMA Enabled for GPU 0 / HCA 1 (distance 5 <= 5), read 0 mode Default
MOC-R4PCC04U05:604135:604261 [2] NCCL INFO GPU Direct RDMA Enabled for GPU 1 / HCA 1 (distance 5 <= 5), read 0 mode Default
MOC-R4PCC04U05:604136:604262 [3] NCCL INFO GPU Direct RDMA Enabled for GPU 1 / HCA 1 (distance 5 <= 5), read 0 mode Default
MOC-R4PCC04U05:604135:604261 [2] NCCL INFO GPU Direct RDMA Enabled for GPU 2 / HCA 1 (distance 5 <= 5), read 0 mode Default
MOC-R4PCC04U05:604136:604262 [3] NCCL INFO GPU Direct RDMA Enabled for GPU 2 / HCA 1 (distance 5 <= 5), read 0 mode Default
MOC-R4PCC04U05:604135:604261 [2] NCCL INFO GPU Direct RDMA Enabled for GPU 3 / HCA 1 (distance 5 <= 5), read 0 mode Default
MOC-R4PCC04U05:604136:604262 [3] NCCL INFO GPU Direct RDMA Enabled for GPU 3 / HCA 1 (distance 5 <= 5), read 0 mode Default
MOC-R4PCC04U05:604135:604261 [2] NCCL INFO GPU Direct RDMA Enabled for GPU 0 / HCA 1 (distance 5 <= 5), read 0 mode Default
MOC-R4PCC04U05:604135:604261 [2] NCCL INFO GPU Direct RDMA Enabled for GPU 1 / HCA 1 (distance 5 <= 5), read 0 mode Default
MOC-R4PCC04U05:604135:604261 [2] NCCL INFO GPU Direct RDMA Enabled for GPU 2 / HCA 1 (distance 5 <= 5), read 0 mode Default
MOC-R4PCC04U05:604135:604261 [2] NCCL INFO GPU Direct RDMA Enabled for GPU 3 / HCA 1 (distance 5 <= 5), read 0 mode Default
MOC-R4PCC04U05:604136:604277 [3] NCCL INFO New proxy recv connection 0 from local rank 3, transport 0
MOC-R4PCC04U05:604136:604350 [3] NCCL INFO Connected to proxy localRank 3 -> connection 0x7ff4d8004f30
MOC-R4PCC04U05:604133:604275 [0] NCCL INFO New proxy send connection 0 from local rank 0, transport 0
MOC-R4PCC04U05:604133:604351 [0] NCCL INFO Connected to proxy localRank 0 -> connection 0x7fb430004f30
MOC-R4PCC04U05:604136:604277 [3] NCCL INFO New proxy recv connection 1 from local rank 3, transport 0
MOC-R4PCC04U05:604136:604350 [3] NCCL INFO Connected to proxy localRank 3 -> connection 0x7ff4d8004fa8
MOC-R4PCC04U05:604136:604277 [3] NCCL INFO New proxy recv connection 2 from local rank 3, transport 0
MOC-R4PCC04U05:604136:604350 [3] NCCL INFO Connected to proxy localRank 3 -> connection 0x7ff4d8005020
MOC-R4PCC04U05:604133:604275 [0] NCCL INFO New proxy send connection 1 from local rank 0, transport 0
MOC-R4PCC04U05:604133:604351 [0] NCCL INFO Connected to proxy localRank 0 -> connection 0x7fb430004fa8
MOC-R4PCC04U05:604134:604278 [1] NCCL INFO New proxy recv connection 0 from local rank 1, transport 0
MOC-R4PCC04U05:604134:604352 [1] NCCL INFO Connected to proxy localRank 1 -> connection 0x7fd998004f30
MOC-R4PCC04U05:604133:604275 [0] NCCL INFO New proxy send connection 2 from local rank 0, transport 0
MOC-R4PCC04U05:604136:604277 [3] NCCL INFO New proxy recv connection 3 from local rank 3, transport 0
MOC-R4PCC04U05:604133:604351 [0] NCCL INFO Connected to proxy localRank 0 -> connection 0x7fb430005020
MOC-R4PCC04U05:604136:604350 [3] NCCL INFO Connected to proxy localRank 3 -> connection 0x7ff4d8005098
MOC-R4PCC04U05:604134:604278 [1] NCCL INFO New proxy recv connection 1 from local rank 1, transport 0
MOC-R4PCC04U05:604134:604352 [1] NCCL INFO Connected to proxy localRank 1 -> connection 0x7fd998004fa8
MOC-R4PCC04U05:604133:604275 [0] NCCL INFO New proxy send connection 3 from local rank 0, transport 0
MOC-R4PCC04U05:604133:604351 [0] NCCL INFO Connected to proxy localRank 0 -> connection 0x7fb430005098
MOC-R4PCC04U05:604136:604350 [3] NCCL INFO GPU Direct RDMA Enabled for GPU 3 / HCA 1 (distance 5 <= 5), read 1 mode Default
MOC-R4PCC04U05:604134:604278 [1] NCCL INFO New proxy recv connection 2 from local rank 1, transport 0
MOC-R4PCC04U05:604134:604352 [1] NCCL INFO Connected to proxy localRank 1 -> connection 0x7fd998005020
MOC-R4PCC04U05:604134:604278 [1] NCCL INFO New proxy recv connection 3 from local rank 1, transport 0
MOC-R4PCC04U05:604134:604352 [1] NCCL INFO Connected to proxy localRank 1 -> connection 0x7fd998005098
MOC-R4PCC04U05:604135:604353 [2] NCCL INFO GPU Direct RDMA Enabled for GPU 2 / HCA 1 (distance 5 <= 5), read 0 mode Default
MOC-R4PCC04U05:604134:604278 [1] NCCL INFO New proxy send connection 4 from local rank 1, transport 0
MOC-R4PCC04U05:604134:604352 [1] NCCL INFO Connected to proxy localRank 1 -> connection 0x7fd998005110
MOC-R4PCC04U05:604134:604278 [1] NCCL INFO New proxy send connection 5 from local rank 1, transport 0
MOC-R4PCC04U05:604134:604352 [1] NCCL INFO Connected to proxy localRank 1 -> connection 0x7fd998005188
MOC-R4PCC04U05:604134:604278 [1] NCCL INFO New proxy send connection 6 from local rank 1, transport 0
MOC-R4PCC04U05:604134:604352 [1] NCCL INFO Connected to proxy localRank 1 -> connection 0x7fd998005200
MOC-R4PCC04U05:604134:604278 [1] NCCL INFO New proxy send connection 7 from local rank 1, transport 0
MOC-R4PCC04U05:604134:604352 [1] NCCL INFO Connected to proxy localRank 1 -> connection 0x7fd998005278
MOC-R4PCC04U05:604135:604276 [2] NCCL INFO New proxy send connection 0 from local rank 3, transport 2
MOC-R4PCC04U05:604135:604276 [2] NCCL INFO New proxy recv connection 1 from local rank 2, transport 2
MOC-R4PCC04U05:604136:604350 [3] NCCL INFO Connected to proxy localRank 2 -> connection 0x7f0a58004f30
MOC-R4PCC04U05:604136:604350 [3] NCCL INFO Channel 00/0 : 3[3] -> 6[2] [send] via NET/IB/1(2)/GDRDMA
MOC-R4PCC04U05:604136:604350 [3] NCCL INFO GPU Direct RDMA Enabled for GPU 3 / HCA 1 (distance 5 <= 5), read 1 mode Default
MOC-R4PCC04U05:604135:604276 [2] NCCL INFO New proxy send connection 2 from local rank 3, transport 2
MOC-R4PCC04U05:604135:604353 [2] NCCL INFO Connected to proxy localRank 2 -> connection 0x7f0a58004fa8
MOC-R4PCC04U05:604136:604350 [3] NCCL INFO Connected to proxy localRank 2 -> connection 0x7f0a58005020
MOC-R4PCC04U05:604136:604350 [3] NCCL INFO Channel 01/0 : 3[3] -> 6[2] [send] via NET/IB/1(2)/GDRDMA
MOC-R4PCC04U05:604136:604350 [3] NCCL INFO GPU Direct RDMA Enabled for GPU 3 / HCA 1 (distance 5 <= 5), read 1 mode Default
MOC-R4PCC04U05:604135:604353 [2] NCCL INFO Channel 00/0 : 11[3] -> 2[2] [receive] via NET/IB/1/GDRDMA
MOC-R4PCC04U05:604135:604276 [2] NCCL INFO New proxy send connection 3 from local rank 3, transport 2
MOC-R4PCC04U05:604135:604353 [2] NCCL INFO GPU Direct RDMA Enabled for GPU 2 / HCA 1 (distance 5 <= 5), read 0 mode Default
MOC-R4PCC04U05:604136:604350 [3] NCCL INFO Connected to proxy localRank 2 -> connection 0x7f0a58005098
MOC-R4PCC04U05:604135:604276 [2] NCCL INFO New proxy recv connection 4 from local rank 2, transport 2
MOC-R4PCC04U05:604135:604353 [2] NCCL INFO Connected to proxy localRank 2 -> connection 0x7f0a58005110
MOC-R4PCC04U05:604136:604350 [3] NCCL INFO Channel 02/0 : 3[3] -> 6[2] [send] via NET/IB/1(2)/GDRDMA
MOC-R4PCC04U05:604136:604350 [3] NCCL INFO GPU Direct RDMA Enabled for GPU 3 / HCA 1 (distance 5 <= 5), read 1 mode Default
MOC-R4PCC04U05:604135:604353 [2] NCCL INFO Channel 01/0 : 11[3] -> 2[2] [receive] via NET/IB/1/GDRDMA
MOC-R4PCC04U05:604135:604353 [2] NCCL INFO GPU Direct RDMA Enabled for GPU 2 / HCA 1 (distance 5 <= 5), read 0 mode Default
MOC-R4PCC04U05:604135:604276 [2] NCCL INFO New proxy send connection 5 from local rank 3, transport 2
MOC-R4PCC04U05:604136:604350 [3] NCCL INFO Connected to proxy localRank 2 -> connection 0x7f0a58005188
MOC-R4PCC04U05:604135:604276 [2] NCCL INFO New proxy recv connection 6 from local rank 2, transport 2
MOC-R4PCC04U05:604135:604353 [2] NCCL INFO Connected to proxy localRank 2 -> connection 0x7f0a58005200
MOC-R4PCC04U05:604136:604350 [3] NCCL INFO Channel 03/0 : 3[3] -> 6[2] [send] via NET/IB/1(2)/GDRDMA
MOC-R4PCC04U05:604135:604353 [2] NCCL INFO Channel 02/0 : 11[3] -> 2[2] [receive] via NET/IB/1/GDRDMA
MOC-R4PCC04U05:604135:604353 [2] NCCL INFO GPU Direct RDMA Enabled for GPU 2 / HCA 1 (distance 5 <= 5), read 0 mode Default
MOC-R4PCC04U05:604135:604276 [2] NCCL INFO New proxy recv connection 7 from local rank 2, transport 2
MOC-R4PCC04U05:604135:604353 [2] NCCL INFO Connected to proxy localRank 2 -> connection 0x7f0a58005278
MOC-R4PCC04U05:604133:604275 [0] NCCL INFO New proxy recv connection 4 from local rank 0, transport 0
MOC-R4PCC04U05:604135:604353 [2] NCCL INFO Channel 03/0 : 11[3] -> 2[2] [receive] via NET/IB/1/GDRDMA
MOC-R4PCC04U05:604133:604351 [0] NCCL INFO Connected to proxy localRank 0 -> connection 0x7fb430005110
MOC-R4PCC04U05:604133:604275 [0] NCCL INFO New proxy recv connection 5 from local rank 0, transport 0
MOC-R4PCC04U05:604133:604351 [0] NCCL INFO Connected to proxy localRank 0 -> connection 0x7fb430005188
MOC-R4PCC04U05:604133:604275 [0] NCCL INFO New proxy send connection 6 from local rank 3, transport 0
MOC-R4PCC04U05:604136:604350 [3] NCCL INFO Connected to proxy localRank 0 -> connection 0x7fb430005200
MOC-R4PCC04U05:604135:604276 [2] NCCL INFO New proxy send connection 8 from local rank 2, transport 0
MOC-R4PCC04U05:604135:604353 [2] NCCL INFO Connected to proxy localRank 2 -> connection 0x7f0a580052f0
MOC-R4PCC04U05:604133:604275 [0] NCCL INFO New proxy recv connection 7 from local rank 0, transport 0
MOC-R4PCC04U05:604133:604351 [0] NCCL INFO Connected to proxy localRank 0 -> connection 0x7fb430005278
MOC-R4PCC04U05:604135:604276 [2] NCCL INFO New proxy send connection 9 from local rank 2, transport 0
MOC-R4PCC04U05:604135:604353 [2] NCCL INFO Connected to proxy localRank 2 -> connection 0x7f0a58005368
MOC-R4PCC04U05:604133:604275 [0] NCCL INFO New proxy recv connection 8 from local rank 0, transport 0
MOC-R4PCC04U05:604133:604351 [0] NCCL INFO Connected to proxy localRank 0 -> connection 0x7fb4300052f0
MOC-R4PCC04U05:604135:604276 [2] NCCL INFO New proxy send connection 10 from local rank 2, transport 0
MOC-R4PCC04U05:604135:604353 [2] NCCL INFO Connected to proxy localRank 2 -> connection 0x7f0a580053e0
MOC-R4PCC04U05:604136:604277 [3] NCCL INFO New proxy send connection 4 from local rank 0, transport 0
MOC-R4PCC04U05:604133:604351 [0] NCCL INFO Connected to proxy localRank 3 -> connection 0x7ff4d8005110
MOC-R4PCC04U05:604135:604276 [2] NCCL INFO New proxy send connection 11 from local rank 2, transport 0
MOC-R4PCC04U05:604135:604353 [2] NCCL INFO Connected to proxy localRank 2 -> connection 0x7f0a58005458
MOC-R4PCC04U05:604133:604275 [0] NCCL INFO New proxy send connection 9 from local rank 1, transport 0
MOC-R4PCC04U05:604134:604352 [1] NCCL INFO Connected to proxy localRank 0 -> connection 0x7fb430005368
MOC-R4PCC04U05:604134:604278 [1] NCCL INFO New proxy send connection 8 from local rank 2, transport 0
MOC-R4PCC04U05:604135:604353 [2] NCCL INFO Connected to proxy localRank 1 -> connection 0x7fd9980052f0
MOC-R4PCC04U05:604135:604276 [2] NCCL INFO New proxy send connection 12 from local rank 1, transport 0
MOC-R4PCC04U05:604134:604352 [1] NCCL INFO Connected to proxy localRank 2 -> connection 0x7f0a580054d0
MOC-R4PCC04U05:604135:604276 [2] NCCL INFO NET/IB: NCCL Dev 1 IbDev 0 Port 1 qpn 9814 mtu 3 query_ece={supported=1, vendor_id=0x15b3, options=0x30000002, comp_mask=0x0} GID 3 (0/C132A8C0FFFF0000) fifoRkey=0x177837 fifoLkey=0x177837
MOC-R4PCC04U05:604135:604276 [2] NCCL INFO NET/IB: NCCL Dev 1 IbDev 0 Port 1 qpn 9815 mtu 3 query_ece={supported=1, vendor_id=0x15b3, options=0x30000002, comp_mask=0x0} GID 3 (0/C132A8C0FFFF0000) fifoRkey=0x17fdbc fifoLkey=0x17fdbc
MOC-R4PCC04U05:604135:604276 [2] NCCL INFO NET/IB: NCCL Dev 1 IbDev 0 Port 1 qpn 9816 mtu 3 query_ece={supported=1, vendor_id=0x15b3, options=0x30000002, comp_mask=0x0} GID 3 (0/C132A8C0FFFF0000) fifoRkey=0x17601f fifoLkey=0x17601f
MOC-R4PCC04U05:604134:604278 [1] NCCL INFO New proxy send connection 9 from local rank 0, transport 0
MOC-R4PCC04U05:604133:604351 [0] NCCL INFO Connected to proxy localRank 1 -> connection 0x7fd998005368
MOC-R4PCC04U05:604135:604276 [2] NCCL INFO NET/IB: NCCL Dev 1 IbDev 0 Port 1 qpn 9817 mtu 3 query_ece={supported=1, vendor_id=0x15b3, options=0x30000002, comp_mask=0x0} GID 3 (0/C132A8C0FFFF0000) fifoRkey=0x174705 fifoLkey=0x174705
MOC-R4PCC04U05:604135:604276 [2] NCCL INFO NET/IB: IbDev 0 Port 1 qpn 9497 set_ece={supported=1, vendor_id=0x15b3, options=0x0, comp_mask=0x0}
MOC-R4PCC04U05:604135:604276 [2] NCCL INFO NET/IB: IbDev 0 Port 1 qpn 9499 set_ece={supported=1, vendor_id=0x15b3, options=0x0, comp_mask=0x0}
MOC-R4PCC04U05:604135:604276 [2] NCCL INFO NET/IB: IbDev 0 Port 1 qpn 9501 set_ece={supported=1, vendor_id=0x15b3, options=0x0, comp_mask=0x0}
MOC-R4PCC04U05:604135:604276 [2] NCCL INFO NET/IB: IbDev 0 Port 1 qpn 9503 set_ece={supported=1, vendor_id=0x15b3, options=0x0, comp_mask=0x0}
MOC-R4PCC04U05:604135:604276 [2] NCCL INFO New proxy send connection 13 from local rank 3, transport 0
MOC-R4PCC04U05:604136:604350 [3] NCCL INFO Connected to proxy localRank 2 -> connection 0x7f0a58005548
num decayed parameter tensors: 50, with 124,318,464 parameters
num non-decayed parameter tensors: 98, with 121,344 parameters
using fused AdamW: False
using regular AdamW
MOC-R4PCC04U05:604135:604276 [2] NCCL INFO New proxy send connection 14 from local rank 2, transport 0
MOC-R4PCC04U05:604135:604976 [2] NCCL INFO Connected to proxy localRank 2 -> connection 0x7f0a580055c0
MOC-R4PCC04U05:604135:604276 [2] NCCL INFO New proxy send connection 15 from local rank 2, transport 0
MOC-R4PCC04U05:604135:604976 [2] NCCL INFO Connected to proxy localRank 2 -> connection 0x7f0a58005638
MOC-R4PCC04U05:604135:604276 [2] NCCL INFO New proxy send connection 16 from local rank 2, transport 0
MOC-R4PCC04U05:604135:604976 [2] NCCL INFO Connected to proxy localRank 2 -> connection 0x7f0a580056b0
MOC-R4PCC04U05:604135:604276 [2] NCCL INFO New proxy send connection 17 from local rank 2, transport 0
MOC-R4PCC04U05:604135:604976 [2] NCCL INFO Connected to proxy localRank 2 -> connection 0x7f0a58005728
MOC-R4PCC04U05:604133:604275 [0] NCCL INFO New proxy send connection 10 from local rank 0, transport 0
MOC-R4PCC04U05:604133:604977 [0] NCCL INFO Connected to proxy localRank 0 -> connection 0x7fb4300053e0
MOC-R4PCC04U05:604133:604275 [0] NCCL INFO New proxy send connection 11 from local rank 0, transport 0
MOC-R4PCC04U05:604133:604977 [0] NCCL INFO Connected to proxy localRank 0 -> connection 0x7fb430005458
MOC-R4PCC04U05:604133:604275 [0] NCCL INFO New proxy send connection 12 from local rank 0, transport 0
MOC-R4PCC04U05:604133:604977 [0] NCCL INFO Connected to proxy localRank 0 -> connection 0x7fb4300054d0
MOC-R4PCC04U05:604133:604275 [0] NCCL INFO New proxy send connection 13 from local rank 0, transport 0
MOC-R4PCC04U05:604133:604977 [0] NCCL INFO Connected to proxy localRank 0 -> connection 0x7fb430005548
MOC-R4PCC04U05:604134:604278 [1] NCCL INFO New proxy recv connection 10 from local rank 1, transport 0
MOC-R4PCC04U05:604134:604978 [1] NCCL INFO Connected to proxy localRank 1 -> connection 0x7fd9980053e0
MOC-R4PCC04U05:604134:604278 [1] NCCL INFO New proxy recv connection 11 from local rank 1, transport 0
MOC-R4PCC04U05:604134:604978 [1] NCCL INFO Connected to proxy localRank 1 -> connection 0x7fd998005458
MOC-R4PCC04U05:604134:604278 [1] NCCL INFO New proxy recv connection 12 from local rank 1, transport 0
MOC-R4PCC04U05:604134:604978 [1] NCCL INFO Connected to proxy localRank 1 -> connection 0x7fd9980054d0
MOC-R4PCC04U05:604134:604278 [1] NCCL INFO New proxy recv connection 13 from local rank 1, transport 0
MOC-R4PCC04U05:604134:604978 [1] NCCL INFO Connected to proxy localRank 1 -> connection 0x7fd998005548
MOC-R4PCC04U05:604133:604275 [0] NCCL INFO New proxy recv connection 14 from local rank 0, transport 0
MOC-R4PCC04U05:604133:604977 [0] NCCL INFO Connected to proxy localRank 0 -> connection 0x7fb4300055c0
MOC-R4PCC04U05:604133:604275 [0] NCCL INFO New proxy recv connection 15 from local rank 0, transport 0
MOC-R4PCC04U05:604133:604977 [0] NCCL INFO Connected to proxy localRank 0 -> connection 0x7fb430005638
MOC-R4PCC04U05:604133:604275 [0] NCCL INFO New proxy recv connection 16 from local rank 0, transport 0
MOC-R4PCC04U05:604133:604977 [0] NCCL INFO Connected to proxy localRank 0 -> connection 0x7fb4300056b0
MOC-R4PCC04U05:604133:604275 [0] NCCL INFO New proxy recv connection 17 from local rank 0, transport 0
MOC-R4PCC04U05:604133:604977 [0] NCCL INFO Connected to proxy localRank 0 -> connection 0x7fb430005728
MOC-R4PCC04U05:604136:604277 [3] NCCL INFO New proxy recv connection 5 from local rank 3, transport 0
MOC-R4PCC04U05:604136:604979 [3] NCCL INFO Connected to proxy localRank 3 -> connection 0x7ff4d8005188
MOC-R4PCC04U05:604136:604277 [3] NCCL INFO New proxy recv connection 6 from local rank 3, transport 0
MOC-R4PCC04U05:604136:604979 [3] NCCL INFO Connected to proxy localRank 3 -> connection 0x7ff4d8005200
MOC-R4PCC04U05:604136:604277 [3] NCCL INFO New proxy recv connection 7 from local rank 3, transport 0
MOC-R4PCC04U05:604136:604979 [3] NCCL INFO Connected to proxy localRank 3 -> connection 0x7ff4d8005278
MOC-R4PCC04U05:604136:604277 [3] NCCL INFO New proxy recv connection 8 from local rank 3, transport 0
MOC-R4PCC04U05:604136:604979 [3] NCCL INFO Connected to proxy localRank 3 -> connection 0x7ff4d80052f0
MOC-R4PCC04U05:604135:604976 [2] NCCL INFO GPU Direct RDMA Enabled for GPU 2 / HCA 1 (distance 5 <= 5), read 0 mode Default
MOC-R4PCC04U05:604136:604277 [3] NCCL INFO New proxy send connection 9 from local rank 3, transport 0
MOC-R4PCC04U05:604136:604979 [3] NCCL INFO Connected to proxy localRank 3 -> connection 0x7ff4d8005368
MOC-R4PCC04U05:604135:604276 [2] NCCL INFO New proxy recv connection 18 from local rank 2, transport 2
MOC-R4PCC04U05:604135:604976 [2] NCCL INFO Connected to proxy localRank 2 -> connection 0x7f0a580057a0
MOC-R4PCC04U05:604136:604277 [3] NCCL INFO New proxy send connection 10 from local rank 3, transport 0
MOC-R4PCC04U05:604136:604979 [3] NCCL INFO Connected to proxy localRank 3 -> connection 0x7ff4d80053e0
MOC-R4PCC04U05:604135:604976 [2] NCCL INFO Channel 00/0 : 10[2] -> 2[2] [receive] via NET/IB/1/GDRDMA
MOC-R4PCC04U05:604135:604976 [2] NCCL INFO GPU Direct RDMA Enabled for GPU 2 / HCA 1 (distance 5 <= 5), read 0 mode Default
MOC-R4PCC04U05:604135:604276 [2] NCCL INFO New proxy recv connection 19 from local rank 2, transport 2
MOC-R4PCC04U05:604135:604976 [2] NCCL INFO Connected to proxy localRank 2 -> connection 0x7f0a58005818
MOC-R4PCC04U05:604135:604976 [2] NCCL INFO Channel 01/0 : 10[2] -> 2[2] [receive] via NET/IB/1/GDRDMA
MOC-R4PCC04U05:604135:604976 [2] NCCL INFO GPU Direct RDMA Enabled for GPU 2 / HCA 1 (distance 5 <= 5), read 0 mode Default
MOC-R4PCC04U05:604135:604276 [2] NCCL INFO New proxy recv connection 20 from local rank 2, transport 2
MOC-R4PCC04U05:604136:604277 [3] NCCL INFO New proxy send connection 11 from local rank 3, transport 0
MOC-R4PCC04U05:604135:604976 [2] NCCL INFO Connected to proxy localRank 2 -> connection 0x7f0a58005890
MOC-R4PCC04U05:604136:604979 [3] NCCL INFO Connected to proxy localRank 3 -> connection 0x7ff4d8005458
MOC-R4PCC04U05:604135:604976 [2] NCCL INFO Channel 02/0 : 10[2] -> 2[2] [receive] via NET/IB/1/GDRDMA
MOC-R4PCC04U05:604135:604976 [2] NCCL INFO GPU Direct RDMA Enabled for GPU 2 / HCA 1 (distance 5 <= 5), read 0 mode Default
MOC-R4PCC04U05:604135:604276 [2] NCCL INFO New proxy recv connection 21 from local rank 2, transport 2
MOC-R4PCC04U05:604135:604976 [2] NCCL INFO Connected to proxy localRank 2 -> connection 0x7f0a58005908
MOC-R4PCC04U05:604135:604976 [2] NCCL INFO Channel 03/0 : 10[2] -> 2[2] [receive] via NET/IB/1/GDRDMA
MOC-R4PCC04U05:604135:604976 [2] NCCL INFO GPU Direct RDMA Enabled for GPU 2 / HCA 1 (distance 5 <= 5), read 1 mode Default
MOC-R4PCC04U05:604136:604277 [3] NCCL INFO New proxy send connection 12 from local rank 3, transport 0
MOC-R4PCC04U05:604136:604979 [3] NCCL INFO Connected to proxy localRank 3 -> connection 0x7ff4d80054d0
MOC-R4PCC04U05:604135:604276 [2] NCCL INFO New proxy send connection 22 from local rank 2, transport 2
MOC-R4PCC04U05:604135:604976 [2] NCCL INFO Connected to proxy localRank 2 -> connection 0x7f0a58005980
MOC-R4PCC04U05:604135:604976 [2] NCCL INFO Channel 02/0 : 2[2] -> 6[2] [send] via NET/IB/1/GDRDMA
MOC-R4PCC04U05:604135:604976 [2] NCCL INFO GPU Direct RDMA Enabled for GPU 2 / HCA 1 (distance 5 <= 5), read 1 mode Default
MOC-R4PCC04U05:604135:604276 [2] NCCL INFO New proxy send connection 23 from local rank 2, transport 2
MOC-R4PCC04U05:604135:604976 [2] NCCL INFO Connected to proxy localRank 2 -> connection 0x7f0a580059f8
MOC-R4PCC04U05:604135:604976 [2] NCCL INFO Channel 03/0 : 2[2] -> 6[2] [send] via NET/IB/1/GDRDMA
MOC-R4PCC04U05:604136:604277 [3] NCCL INFO New proxy send connection 13 from local rank 3, transport 0
MOC-R4PCC04U05:604136:604979 [3] NCCL INFO Connected to proxy localRank 3 -> connection 0x7ff4d8005548
MOC-R4PCC04U05:604136:604277 [3] NCCL INFO New proxy send connection 14 from local rank 3, transport 0
MOC-R4PCC04U05:604136:604979 [3] NCCL INFO Connected to proxy localRank 3 -> connection 0x7ff4d80055c0
MOC-R4PCC04U05:604136:604277 [3] NCCL INFO New proxy send connection 15 from local rank 3, transport 0
MOC-R4PCC04U05:604136:604979 [3] NCCL INFO Connected to proxy localRank 3 -> connection 0x7ff4d8005638
MOC-R4PCC04U05:604136:604277 [3] NCCL INFO New proxy send connection 16 from local rank 3, transport 0
MOC-R4PCC04U05:604136:604979 [3] NCCL INFO Connected to proxy localRank 3 -> connection 0x7ff4d80056b0
MOC-R4PCC04U05:604135:604976 [2] NCCL INFO GPU Direct RDMA Enabled for GPU 2 / HCA 1 (distance 5 <= 5), read 0 mode Default
MOC-R4PCC04U05:604135:604276 [2] NCCL INFO New proxy recv connection 24 from local rank 2, transport 2
MOC-R4PCC04U05:604135:604976 [2] NCCL INFO Connected to proxy localRank 2 -> connection 0x7f0a58005a70
MOC-R4PCC04U05:604135:604976 [2] NCCL INFO Channel 02/0 : 6[2] -> 2[2] [receive] via NET/IB/1/GDRDMA
MOC-R4PCC04U05:604135:604976 [2] NCCL INFO GPU Direct RDMA Enabled for GPU 2 / HCA 1 (distance 5 <= 5), read 0 mode Default
MOC-R4PCC04U05:604135:604276 [2] NCCL INFO New proxy recv connection 25 from local rank 2, transport 2
MOC-R4PCC04U05:604135:604976 [2] NCCL INFO Connected to proxy localRank 2 -> connection 0x7f0a58005ae8
MOC-R4PCC04U05:604135:604976 [2] NCCL INFO Channel 03/0 : 6[2] -> 2[2] [receive] via NET/IB/1/GDRDMA
MOC-R4PCC04U05:604135:604976 [2] NCCL INFO GPU Direct RDMA Enabled for GPU 2 / HCA 1 (distance 5 <= 5), read 1 mode Default
MOC-R4PCC04U05:604135:604276 [2] NCCL INFO New proxy send connection 26 from local rank 2, transport 2
MOC-R4PCC04U05:604135:604976 [2] NCCL INFO Connected to proxy localRank 2 -> connection 0x7f0a58005b60
MOC-R4PCC04U05:604135:604976 [2] NCCL INFO Channel 00/0 : 2[2] -> 10[2] [send] via NET/IB/1/GDRDMA
MOC-R4PCC04U05:604135:604976 [2] NCCL INFO GPU Direct RDMA Enabled for GPU 2 / HCA 1 (distance 5 <= 5), read 1 mode Default
MOC-R4PCC04U05:604135:604276 [2] NCCL INFO New proxy send connection 27 from local rank 2, transport 2
MOC-R4PCC04U05:604135:604976 [2] NCCL INFO Connected to proxy localRank 2 -> connection 0x7f0a58005bd8
MOC-R4PCC04U05:604135:604976 [2] NCCL INFO Channel 01/0 : 2[2] -> 10[2] [send] via NET/IB/1/GDRDMA
MOC-R4PCC04U05:604135:604976 [2] NCCL INFO GPU Direct RDMA Enabled for GPU 2 / HCA 1 (distance 5 <= 5), read 1 mode Default
MOC-R4PCC04U05:604135:604276 [2] NCCL INFO New proxy send connection 28 from local rank 2, transport 2
MOC-R4PCC04U05:604135:604976 [2] NCCL INFO Connected to proxy localRank 2 -> connection 0x7f0a58005c50
MOC-R4PCC04U05:604135:604976 [2] NCCL INFO Channel 02/0 : 2[2] -> 10[2] [send] via NET/IB/1/GDRDMA
MOC-R4PCC04U05:604135:604976 [2] NCCL INFO GPU Direct RDMA Enabled for GPU 2 / HCA 1 (distance 5 <= 5), read 1 mode Default
MOC-R4PCC04U05:604135:604276 [2] NCCL INFO New proxy send connection 29 from local rank 2, transport 2
MOC-R4PCC04U05:604135:604976 [2] NCCL INFO Connected to proxy localRank 2 -> connection 0x7f0a58005cc8
MOC-R4PCC04U05:604135:604976 [2] NCCL INFO Channel 03/0 : 2[2] -> 10[2] [send] via NET/IB/1/GDRDMA
MOC-R4PCC04U05:604135:604276 [2] NCCL INFO New proxy recv connection 30 from local rank 2, transport 0
MOC-R4PCC04U05:604135:604976 [2] NCCL INFO Connected to proxy localRank 2 -> connection 0x7f0a58005d40
MOC-R4PCC04U05:604135:604276 [2] NCCL INFO New proxy recv connection 31 from local rank 2, transport 0
MOC-R4PCC04U05:604135:604976 [2] NCCL INFO Connected to proxy localRank 2 -> connection 0x7f0a58005db8
MOC-R4PCC04U05:604135:604276 [2] NCCL INFO New proxy recv connection 32 from local rank 2, transport 0
MOC-R4PCC04U05:604135:604976 [2] NCCL INFO Connected to proxy localRank 2 -> connection 0x7f0a58005e30
MOC-R4PCC04U05:604135:604276 [2] NCCL INFO New proxy recv connection 33 from local rank 2, transport 0
MOC-R4PCC04U05:604135:604976 [2] NCCL INFO Connected to proxy localRank 2 -> connection 0x7f0a58005ea8
MOC-R4PCC04U05:604136:604277 [3] NCCL INFO New proxy send connection 17 from local rank 2, transport 0
MOC-R4PCC04U05:604135:604976 [2] NCCL INFO Connected to proxy localRank 3 -> connection 0x7ff4d8005728
MOC-R4PCC04U05:604135:604276 [2] NCCL INFO NET/IB: NCCL Dev 1 IbDev 0 Port 1 qpn 9830 mtu 3 query_ece={supported=1, vendor_id=0x15b3, options=0x30000002, comp_mask=0x0} GID 3 (0/C132A8C0FFFF0000) fifoRkey=0x178443 fifoLkey=0x178443
MOC-R4PCC04U05:604135:604276 [2] NCCL INFO NET/IB: NCCL Dev 1 IbDev 0 Port 1 qpn 9833 mtu 3 query_ece={supported=1, vendor_id=0x15b3, options=0x30000002, comp_mask=0x0} GID 3 (0/C132A8C0FFFF0000) fifoRkey=0x17bf7e fifoLkey=0x17bf7e
MOC-R4PCC04U05:604135:604276 [2] NCCL INFO NET/IB: NCCL Dev 1 IbDev 0 Port 1 qpn 9834 mtu 3 query_ece={supported=1, vendor_id=0x15b3, options=0x30000002, comp_mask=0x0} GID 3 (0/C132A8C0FFFF0000) fifoRkey=0x17b372 fifoLkey=0x17b372
MOC-R4PCC04U05:604135:604276 [2] NCCL INFO NET/IB: NCCL Dev 1 IbDev 0 Port 1 qpn 9835 mtu 3 query_ece={supported=1, vendor_id=0x15b3, options=0x30000002, comp_mask=0x0} GID 3 (0/C132A8C0FFFF0000) fifoRkey=0x1716d5 fifoLkey=0x1716d5
MOC-R4PCC04U05:604135:604276 [2] NCCL INFO NET/IB: NCCL Dev 1 IbDev 0 Port 1 qpn 9836 mtu 3 query_ece={supported=1, vendor_id=0x15b3, options=0x30000002, comp_mask=0x0} GID 3 (0/C132A8C0FFFF0000) fifoRkey=0x176c2b fifoLkey=0x176c2b
MOC-R4PCC04U05:604135:604276 [2] NCCL INFO NET/IB: NCCL Dev 1 IbDev 0 Port 1 qpn 9837 mtu 3 query_ece={supported=1, vendor_id=0x15b3, options=0x30000002, comp_mask=0x0} GID 3 (0/C132A8C0FFFF0000) fifoRkey=0x17d796 fifoLkey=0x17d796
MOC-R4PCC04U05:604135:604276 [2] NCCL INFO NET/IB: IbDev 0 Port 1 qpn 9510 set_ece={supported=1, vendor_id=0x15b3, options=0x0, comp_mask=0x0}
MOC-R4PCC04U05:604135:604276 [2] NCCL INFO NET/IB: IbDev 0 Port 1 qpn 6878 set_ece={supported=1, vendor_id=0x15b3, options=0x0, comp_mask=0x0}
MOC-R4PCC04U05:604135:604276 [2] NCCL INFO NET/IB: IbDev 0 Port 1 qpn 6880 set_ece={supported=1, vendor_id=0x15b3, options=0x0, comp_mask=0x0}
MOC-R4PCC04U05:604135:604276 [2] NCCL INFO NET/IB: IbDev 0 Port 1 qpn 6882 set_ece={supported=1, vendor_id=0x15b3, options=0x0, comp_mask=0x0}
MOC-R4PCC04U05:604135:604276 [2] NCCL INFO NET/IB: IbDev 0 Port 1 qpn 6884 set_ece={supported=1, vendor_id=0x15b3, options=0x0, comp_mask=0x0}
MOC-R4PCC04U05:604135:604276 [2] NCCL INFO NET/IB: IbDev 0 Port 1 qpn 9516 set_ece={supported=1, vendor_id=0x15b3, options=0x0, comp_mask=0x0}
step    1/10 | train loss 11.010138 | norm 15.3936 | lr 1.00e-04 | (14507.05 ms | 108421 tok/s)
step    2/10 | train loss 10.136940 | norm 5.7599 | lr 1.00e-04 | (417.13 ms | 3770715 tok/s)
step    3/10 | train loss 9.795637 | norm 2.6109 | lr 1.00e-04 | (375.22 ms | 4191831 tok/s)
step    4/10 | train loss 9.625732 | norm 2.1127 | lr 1.00e-04 | (435.51 ms | 3611530 tok/s)
step    5/10 | train loss 9.542714 | norm 2.1073 | lr 1.00e-04 | (372.75 ms | 4219670 tok/s)
step    6/10 | train loss 9.461402 | norm 1.9982 | lr 1.00e-04 | (376.31 ms | 4179715 tok/s)
step    7/10 | train loss 9.375811 | norm 1.9481 | lr 1.00e-04 | (379.48 ms | 4144768 tok/s)
step    8/10 | train loss 9.284138 | norm 1.9149 | lr 1.00e-04 | (381.38 ms | 4124104 tok/s)
step    9/10 | train loss 9.188794 | norm 1.8598 | lr 1.00e-04 | (376.38 ms | 4178873 tok/s)
step   10/10 | train loss 9.103299 | norm 1.7929 | lr 1.00e-04 | (374.66 ms | 4198073 tok/s)
final 9 iters avg: 387.647ms
peak memory consumption: 16601 MiB
