Running pytorch 2.7.0+cu126
using device: cuda:0
total desired batch size: 393216
=> calculated gradient accumulation steps: 3
using device: cuda:1
using device: cuda:3
using device: cuda:2
compiling the model...
DataLoader: total number of tokens: 1,661,249,667 across 103 files
MOC-R4PCC04U05:84788:84788 [0] NCCL INFO NCCL_SOCKET_IFNAME set by environment to eno7np0
MOC-R4PCC04U05:84788:84788 [0] NCCL INFO Bootstrap: Using eno7np0:192.168.50.193<0>
MOC-R4PCC04U05:84788:84788 [0] NCCL INFO cudaDriverVersion 12040
MOC-R4PCC04U05:84788:84788 [0] NCCL INFO NCCL version 2.26.2+cuda12.2
MOC-R4PCC04U05:84788:84788 [0] NCCL INFO Comm config Blocking set to 1
MOC-R4PCC04U05:84789:84789 [1] NCCL INFO cudaDriverVersion 12040
MOC-R4PCC04U05:84789:84789 [1] NCCL INFO NCCL_SOCKET_IFNAME set by environment to eno7np0
MOC-R4PCC04U05:84791:84791 [3] NCCL INFO cudaDriverVersion 12040
MOC-R4PCC04U05:84791:84791 [3] NCCL INFO NCCL_SOCKET_IFNAME set by environment to eno7np0
MOC-R4PCC04U05:84790:84790 [2] NCCL INFO cudaDriverVersion 12040
MOC-R4PCC04U05:84790:84790 [2] NCCL INFO NCCL_SOCKET_IFNAME set by environment to eno7np0
MOC-R4PCC04U05:84789:84789 [1] NCCL INFO Bootstrap: Using eno7np0:192.168.50.193<0>
MOC-R4PCC04U05:84789:84789 [1] NCCL INFO NCCL version 2.26.2+cuda12.2
MOC-R4PCC04U05:84790:84790 [2] NCCL INFO Bootstrap: Using eno7np0:192.168.50.193<0>
MOC-R4PCC04U05:84791:84791 [3] NCCL INFO Bootstrap: Using eno7np0:192.168.50.193<0>
MOC-R4PCC04U05:84790:84790 [2] NCCL INFO NCCL version 2.26.2+cuda12.2
MOC-R4PCC04U05:84791:84791 [3] NCCL INFO NCCL version 2.26.2+cuda12.2
MOC-R4PCC04U05:84789:84789 [1] NCCL INFO Comm config Blocking set to 1
MOC-R4PCC04U05:84790:84790 [2] NCCL INFO Comm config Blocking set to 1
MOC-R4PCC04U05:84791:84791 [3] NCCL INFO Comm config Blocking set to 1
MOC-R4PCC04U05:84788:84829 [0] NCCL INFO NET/Plugin: Could not find: libnccl-net.so. Using internal net plugin.
MOC-R4PCC04U05:84788:84829 [0] NCCL INFO NCCL_IB_DISABLE set by environment to 0.
MOC-R4PCC04U05:84788:84829 [0] NCCL INFO NCCL_SOCKET_IFNAME set by environment to eno7np0
MOC-R4PCC04U05:84788:84829 [0] NCCL INFO NCCL_IB_HCA set to mlx5_5
MOC-R4PCC04U05:84789:84830 [1] NCCL INFO NET/Plugin: Could not find: libnccl-net.so. Using internal net plugin.
MOC-R4PCC04U05:84789:84830 [1] NCCL INFO NCCL_IB_DISABLE set by environment to 0.
MOC-R4PCC04U05:84790:84831 [2] NCCL INFO NET/Plugin: Could not find: libnccl-net.so. Using internal net plugin.
MOC-R4PCC04U05:84790:84831 [2] NCCL INFO NCCL_IB_DISABLE set by environment to 0.
MOC-R4PCC04U05:84789:84830 [1] NCCL INFO NCCL_SOCKET_IFNAME set by environment to eno7np0
MOC-R4PCC04U05:84790:84831 [2] NCCL INFO NCCL_SOCKET_IFNAME set by environment to eno7np0
MOC-R4PCC04U05:84791:84832 [3] NCCL INFO NET/Plugin: Could not find: libnccl-net.so. Using internal net plugin.
MOC-R4PCC04U05:84791:84832 [3] NCCL INFO NCCL_IB_DISABLE set by environment to 0.
MOC-R4PCC04U05:84791:84832 [3] NCCL INFO NCCL_SOCKET_IFNAME set by environment to eno7np0
MOC-R4PCC04U05:84789:84830 [1] NCCL INFO NCCL_IB_HCA set to mlx5_5
MOC-R4PCC04U05:84790:84831 [2] NCCL INFO NCCL_IB_HCA set to mlx5_5
MOC-R4PCC04U05:84791:84832 [3] NCCL INFO NCCL_IB_HCA set to mlx5_5
MOC-R4PCC04U05:84788:84829 [0] NCCL INFO NET/IB : Using [0]mlx5_5:1/RoCE [RO]; OOB eno7np0:192.168.50.193<0>
MOC-R4PCC04U05:84788:84829 [0] NCCL INFO PROFILER/Plugin: Could not find: libnccl-profiler.so. 
MOC-R4PCC04U05:84788:84829 [0] NCCL INFO Using network IB
MOC-R4PCC04U05:84789:84830 [1] NCCL INFO NET/IB : Using [0]mlx5_5:1/RoCE [RO]; OOB eno7np0:192.168.50.193<0>
MOC-R4PCC04U05:84789:84830 [1] NCCL INFO PROFILER/Plugin: Could not find: libnccl-profiler.so. 
MOC-R4PCC04U05:84789:84830 [1] NCCL INFO Using network IB
MOC-R4PCC04U05:84791:84832 [3] NCCL INFO NET/IB : Using [0]mlx5_5:1/RoCE [RO]; OOB eno7np0:192.168.50.193<0>
MOC-R4PCC04U05:84790:84831 [2] NCCL INFO NET/IB : Using [0]mlx5_5:1/RoCE [RO]; OOB eno7np0:192.168.50.193<0>
MOC-R4PCC04U05:84791:84832 [3] NCCL INFO PROFILER/Plugin: Could not find: libnccl-profiler.so. 
MOC-R4PCC04U05:84791:84832 [3] NCCL INFO Using network IB
MOC-R4PCC04U05:84790:84831 [2] NCCL INFO PROFILER/Plugin: Could not find: libnccl-profiler.so. 
MOC-R4PCC04U05:84790:84831 [2] NCCL INFO Using network IB
MOC-R4PCC04U05:84788:84829 [0] NCCL INFO DMA-BUF is available on GPU device 0
MOC-R4PCC04U05:84788:84829 [0] NCCL INFO ncclCommInitRankConfig comm 0x55b9d71433f0 rank 0 nranks 4 cudaDev 0 nvmlDev 0 busId 6000 commId 0xb291676c1fb73b52 - Init START
MOC-R4PCC04U05:84791:84832 [3] NCCL INFO DMA-BUF is available on GPU device 3
MOC-R4PCC04U05:84789:84830 [1] NCCL INFO DMA-BUF is available on GPU device 1
MOC-R4PCC04U05:84790:84831 [2] NCCL INFO DMA-BUF is available on GPU device 2
MOC-R4PCC04U05:84791:84832 [3] NCCL INFO ncclCommInitRankConfig comm 0x55c37b067b90 rank 3 nranks 4 cudaDev 3 nvmlDev 3 busId c6000 commId 0xb291676c1fb73b52 - Init START
MOC-R4PCC04U05:84789:84830 [1] NCCL INFO ncclCommInitRankConfig comm 0x55718c59e860 rank 1 nranks 4 cudaDev 1 nvmlDev 1 busId 26000 commId 0xb291676c1fb73b52 - Init START
MOC-R4PCC04U05:84790:84831 [2] NCCL INFO ncclCommInitRankConfig comm 0x55975ace6570 rank 2 nranks 4 cudaDev 2 nvmlDev 2 busId a6000 commId 0xb291676c1fb73b52 - Init START
MOC-R4PCC04U05:84789:84830 [1] NCCL INFO RAS client listening socket at ::1<28028>
MOC-R4PCC04U05:84788:84829 [0] NCCL INFO RAS client listening socket at ::1<28028>
MOC-R4PCC04U05:84791:84832 [3] NCCL INFO RAS client listening socket at ::1<28028>
MOC-R4PCC04U05:84790:84831 [2] NCCL INFO RAS client listening socket at ::1<28028>
MOC-R4PCC04U05:84791:84832 [3] NCCL INFO Bootstrap timings total 0.002675 (create 0.000150, send 0.000264, recv 0.000397, ring 0.000177, delay 0.000001)
MOC-R4PCC04U05:84790:84831 [2] NCCL INFO Bootstrap timings total 0.002626 (create 0.000144, send 0.000264, recv 0.000880, ring 0.000154, delay 0.000001)
MOC-R4PCC04U05:84789:84830 [1] NCCL INFO Bootstrap timings total 0.002652 (create 0.000141, send 0.000264, recv 0.000767, ring 0.000376, delay 0.000001)
MOC-R4PCC04U05:84788:84829 [0] NCCL INFO Bootstrap timings total 0.051391 (create 0.000155, send 0.000444, recv 0.049229, ring 0.000320, delay 0.000001)
MOC-R4PCC04U05:84788:84829 [0] NCCL INFO Setting affinity for GPU 0 to ffffffff,ffffffff,ffffffff,ffffffff,00000000,00000000,00000000,00000000,ffffffff,ffffffff,ffffffff,ffffffff
MOC-R4PCC04U05:84788:84829 [0] NCCL INFO NVLS multicast support is not available on dev 0
MOC-R4PCC04U05:84789:84830 [1] NCCL INFO Setting affinity for GPU 1 to ffffffff,ffffffff,ffffffff,ffffffff,00000000,00000000,00000000,00000000,ffffffff,ffffffff,ffffffff,ffffffff
MOC-R4PCC04U05:84790:84831 [2] NCCL INFO Setting affinity for GPU 2 to ffffffff,ffffffff,ffffffff,ffffffff,00000000,00000000,00000000,00000000,ffffffff,ffffffff,ffffffff,ffffffff,00000000,00000000,00000000,00000000
MOC-R4PCC04U05:84790:84831 [2] NCCL INFO NVLS multicast support is not available on dev 2
MOC-R4PCC04U05:84791:84832 [3] NCCL INFO Setting affinity for GPU 3 to ffffffff,ffffffff,ffffffff,ffffffff,00000000,00000000,00000000,00000000,ffffffff,ffffffff,ffffffff,ffffffff,00000000,00000000,00000000,00000000
MOC-R4PCC04U05:84791:84832 [3] NCCL INFO NVLS multicast support is not available on dev 3
MOC-R4PCC04U05:84789:84830 [1] NCCL INFO NVLS multicast support is not available on dev 1
MOC-R4PCC04U05:84788:84829 [0] NCCL INFO comm 0x55b9d71433f0 rank 0 nRanks 4 nNodes 1 localRanks 4 localRank 0 MNNVL 0
MOC-R4PCC04U05:84789:84830 [1] NCCL INFO comm 0x55718c59e860 rank 1 nRanks 4 nNodes 1 localRanks 4 localRank 1 MNNVL 0
MOC-R4PCC04U05:84790:84831 [2] NCCL INFO comm 0x55975ace6570 rank 2 nRanks 4 nNodes 1 localRanks 4 localRank 2 MNNVL 0
MOC-R4PCC04U05:84791:84832 [3] NCCL INFO comm 0x55c37b067b90 rank 3 nRanks 4 nNodes 1 localRanks 4 localRank 3 MNNVL 0
MOC-R4PCC04U05:84789:84830 [1] NCCL INFO Trees [0] 2/-1/-1->1->0 [1] 2/-1/-1->1->0 [2] 2/-1/-1->1->0 [3] 2/-1/-1->1->0 [4] 3/-1/-1->1->2 [5] 3/-1/-1->1->2 [6] 3/-1/-1->1->2 [7] 3/-1/-1->1->2 [8] 0/-1/-1->1->-1 [9] 0/-1/-1->1->-1 [10] 0/-1/-1->1->-1 [11] 0/-1/-1->1->-1 [12] 2/-1/-1->1->0 [13] 2/-1/-1->1->0 [14] 2/-1/-1->1->0 [15] 2/-1/-1->1->0 [16] 3/-1/-1->1->2 [17] 3/-1/-1->1->2 [18] 3/-1/-1->1->2 [19] 3/-1/-1->1->2 [20] 0/-1/-1->1->-1 [21] 0/-1/-1->1->-1 [22] 0/-1/-1->1->-1 [23] 0/-1/-1->1->-1
MOC-R4PCC04U05:84788:84829 [0] NCCL INFO Channel 00/24 : 0 1 2 3
MOC-R4PCC04U05:84789:84830 [1] NCCL INFO P2P Chunksize set to 524288
MOC-R4PCC04U05:84791:84832 [3] NCCL INFO Trees [0] -1/-1/-1->3->2 [1] -1/-1/-1->3->2 [2] -1/-1/-1->3->2 [3] -1/-1/-1->3->2 [4] -1/-1/-1->3->1 [5] -1/-1/-1->3->1 [6] -1/-1/-1->3->1 [7] -1/-1/-1->3->1 [8] 2/-1/-1->3->0 [9] 2/-1/-1->3->0 [10] 2/-1/-1->3->0 [11] 2/-1/-1->3->0 [12] -1/-1/-1->3->2 [13] -1/-1/-1->3->2 [14] -1/-1/-1->3->2 [15] -1/-1/-1->3->2 [16] -1/-1/-1->3->1 [17] -1/-1/-1->3->1 [18] -1/-1/-1->3->1 [19] -1/-1/-1->3->1 [20] 2/-1/-1->3->0 [21] 2/-1/-1->3->0 [22] 2/-1/-1->3->0 [23] 2/-1/-1->3->0
MOC-R4PCC04U05:84790:84831 [2] NCCL INFO Trees [0] 3/-1/-1->2->1 [1] 3/-1/-1->2->1 [2] 3/-1/-1->2->1 [3] 3/-1/-1->2->1 [4] 1/-1/-1->2->0 [5] 1/-1/-1->2->0 [6] 1/-1/-1->2->0 [7] 1/-1/-1->2->0 [8] -1/-1/-1->2->3 [9] -1/-1/-1->2->3 [10] -1/-1/-1->2->3 [11] -1/-1/-1->2->3 [12] 3/-1/-1->2->1 [13] 3/-1/-1->2->1 [14] 3/-1/-1->2->1 [15] 3/-1/-1->2->1 [16] 1/-1/-1->2->0 [17] 1/-1/-1->2->0 [18] 1/-1/-1->2->0 [19] 1/-1/-1->2->0 [20] -1/-1/-1->2->3 [21] -1/-1/-1->2->3 [22] -1/-1/-1->2->3 [23] -1/-1/-1->2->3
MOC-R4PCC04U05:84788:84829 [0] NCCL INFO Channel 01/24 : 0 1 3 2
MOC-R4PCC04U05:84791:84832 [3] NCCL INFO P2P Chunksize set to 524288
MOC-R4PCC04U05:84790:84831 [2] NCCL INFO P2P Chunksize set to 524288
MOC-R4PCC04U05:84788:84829 [0] NCCL INFO Channel 02/24 : 0 2 3 1
MOC-R4PCC04U05:84788:84829 [0] NCCL INFO Channel 03/24 : 0 2 1 3
MOC-R4PCC04U05:84788:84829 [0] NCCL INFO Channel 04/24 : 0 3 1 2
MOC-R4PCC04U05:84788:84829 [0] NCCL INFO Channel 05/24 : 0 3 2 1
MOC-R4PCC04U05:84788:84829 [0] NCCL INFO Channel 06/24 : 0 1 2 3
MOC-R4PCC04U05:84788:84829 [0] NCCL INFO Channel 07/24 : 0 1 3 2
MOC-R4PCC04U05:84788:84829 [0] NCCL INFO Channel 08/24 : 0 2 3 1
MOC-R4PCC04U05:84788:84829 [0] NCCL INFO Channel 09/24 : 0 2 1 3
MOC-R4PCC04U05:84788:84829 [0] NCCL INFO Channel 10/24 : 0 3 1 2
MOC-R4PCC04U05:84788:84829 [0] NCCL INFO Channel 11/24 : 0 3 2 1
MOC-R4PCC04U05:84788:84829 [0] NCCL INFO Channel 12/24 : 0 1 2 3
MOC-R4PCC04U05:84788:84829 [0] NCCL INFO Channel 13/24 : 0 1 3 2
MOC-R4PCC04U05:84788:84829 [0] NCCL INFO Channel 14/24 : 0 2 3 1
MOC-R4PCC04U05:84788:84829 [0] NCCL INFO Channel 15/24 : 0 2 1 3
MOC-R4PCC04U05:84788:84829 [0] NCCL INFO Channel 16/24 : 0 3 1 2
MOC-R4PCC04U05:84788:84829 [0] NCCL INFO Channel 17/24 : 0 3 2 1
MOC-R4PCC04U05:84788:84829 [0] NCCL INFO Channel 18/24 : 0 1 2 3
MOC-R4PCC04U05:84788:84829 [0] NCCL INFO Channel 19/24 : 0 1 3 2
MOC-R4PCC04U05:84788:84829 [0] NCCL INFO Channel 20/24 : 0 2 3 1
MOC-R4PCC04U05:84788:84829 [0] NCCL INFO Channel 21/24 : 0 2 1 3
MOC-R4PCC04U05:84788:84829 [0] NCCL INFO Channel 22/24 : 0 3 1 2
MOC-R4PCC04U05:84788:84829 [0] NCCL INFO Channel 23/24 : 0 3 2 1
MOC-R4PCC04U05:84788:84829 [0] NCCL INFO Trees [0] 1/-1/-1->0->-1 [1] 1/-1/-1->0->-1 [2] 1/-1/-1->0->-1 [3] 1/-1/-1->0->-1 [4] 2/-1/-1->0->-1 [5] 2/-1/-1->0->-1 [6] 2/-1/-1->0->-1 [7] 2/-1/-1->0->-1 [8] 3/-1/-1->0->1 [9] 3/-1/-1->0->1 [10] 3/-1/-1->0->1 [11] 3/-1/-1->0->1 [12] 1/-1/-1->0->-1 [13] 1/-1/-1->0->-1 [14] 1/-1/-1->0->-1 [15] 1/-1/-1->0->-1 [16] 2/-1/-1->0->-1 [17] 2/-1/-1->0->-1 [18] 2/-1/-1->0->-1 [19] 2/-1/-1->0->-1 [20] 3/-1/-1->0->1 [21] 3/-1/-1->0->1 [22] 3/-1/-1->0->1 [23] 3/-1/-1->0->1
MOC-R4PCC04U05:84788:84829 [0] NCCL INFO P2P Chunksize set to 524288
MOC-R4PCC04U05:84790:84845 [2] NCCL INFO [Proxy Service] Device 2 CPU core 470
MOC-R4PCC04U05:84790:84846 [2] NCCL INFO [Proxy Service UDS] Device 2 CPU core 479
MOC-R4PCC04U05:84789:84847 [1] NCCL INFO [Proxy Service] Device 1 CPU core 319
MOC-R4PCC04U05:84789:84848 [1] NCCL INFO [Proxy Service UDS] Device 1 CPU core 327
MOC-R4PCC04U05:84791:84849 [3] NCCL INFO [Proxy Service] Device 3 CPU core 487
MOC-R4PCC04U05:84791:84850 [3] NCCL INFO [Proxy Service UDS] Device 3 CPU core 495
MOC-R4PCC04U05:84788:84829 [0] NCCL INFO Check P2P Type intraNodeP2pSupport 1 directMode 0
MOC-R4PCC04U05:84788:84851 [0] NCCL INFO [Proxy Service] Device 0 CPU core 13
MOC-R4PCC04U05:84788:84852 [0] NCCL INFO [Proxy Service UDS] Device 0 CPU core 17
MOC-R4PCC04U05:84790:84831 [2] NCCL INFO threadThresholds 8/8/64 | 32/8/64 | 512 | 512
MOC-R4PCC04U05:84790:84831 [2] NCCL INFO 24 coll channels, 24 collnet channels, 0 nvls channels, 32 p2p channels, 16 p2p channels per peer
MOC-R4PCC04U05:84789:84830 [1] NCCL INFO threadThresholds 8/8/64 | 32/8/64 | 512 | 512
MOC-R4PCC04U05:84789:84830 [1] NCCL INFO 24 coll channels, 24 collnet channels, 0 nvls channels, 32 p2p channels, 16 p2p channels per peer
MOC-R4PCC04U05:84791:84832 [3] NCCL INFO threadThresholds 8/8/64 | 32/8/64 | 512 | 512
MOC-R4PCC04U05:84791:84832 [3] NCCL INFO 24 coll channels, 24 collnet channels, 0 nvls channels, 32 p2p channels, 16 p2p channels per peer
MOC-R4PCC04U05:84788:84829 [0] NCCL INFO threadThresholds 8/8/64 | 32/8/64 | 512 | 512
MOC-R4PCC04U05:84788:84829 [0] NCCL INFO 24 coll channels, 24 collnet channels, 0 nvls channels, 32 p2p channels, 16 p2p channels per peer
MOC-R4PCC04U05:84788:84829 [0] NCCL INFO CC Off, workFifoBytes 1048576
MOC-R4PCC04U05:84788:84829 [0] NCCL INFO TUNER/Plugin: Could not find: libnccl-tuner.so. Using internal tuner plugin.
MOC-R4PCC04U05:84788:84829 [0] NCCL INFO ncclCommInitRankConfig comm 0x55b9d71433f0 rank 0 nranks 4 cudaDev 0 nvmlDev 0 busId 6000 commId 0xb291676c1fb73b52 - Init COMPLETE
MOC-R4PCC04U05:84788:84829 [0] NCCL INFO Init timings - ncclCommInitRankConfig: rank 0 nranks 4 total 4.02 (kernels 0.32, alloc 2.31, bootstrap 0.05, allgathers 0.02, topo 0.86, graphs 0.02, connections 0.43, rest 0.02)
MOC-R4PCC04U05:84789:84830 [1] NCCL INFO TUNER/Plugin: Could not find: libnccl-tuner.so. Using internal tuner plugin.
MOC-R4PCC04U05:84789:84830 [1] NCCL INFO ncclCommInitRankConfig comm 0x55718c59e860 rank 1 nranks 4 cudaDev 1 nvmlDev 1 busId 26000 commId 0xb291676c1fb73b52 - Init COMPLETE
MOC-R4PCC04U05:84791:84832 [3] NCCL INFO TUNER/Plugin: Could not find: libnccl-tuner.so. Using internal tuner plugin.
MOC-R4PCC04U05:84789:84830 [1] NCCL INFO Init timings - ncclCommInitRankConfig: rank 1 nranks 4 total 4.00 (kernels 0.31, alloc 2.34, bootstrap 0.00, allgathers 0.02, topo 0.86, graphs 0.01, connections 0.08, rest 0.38)
MOC-R4PCC04U05:84791:84832 [3] NCCL INFO ncclCommInitRankConfig comm 0x55c37b067b90 rank 3 nranks 4 cudaDev 3 nvmlDev 3 busId c6000 commId 0xb291676c1fb73b52 - Init COMPLETE
MOC-R4PCC04U05:84790:84831 [2] NCCL INFO TUNER/Plugin: Could not find: libnccl-tuner.so. Using internal tuner plugin.
MOC-R4PCC04U05:84791:84832 [3] NCCL INFO Init timings - ncclCommInitRankConfig: rank 3 nranks 4 total 4.00 (kernels 0.32, alloc 2.33, bootstrap 0.00, allgathers 0.02, topo 0.86, graphs 0.01, connections 0.09, rest 0.36)
MOC-R4PCC04U05:84790:84831 [2] NCCL INFO ncclCommInitRankConfig comm 0x55975ace6570 rank 2 nranks 4 cudaDev 2 nvmlDev 2 busId a6000 commId 0xb291676c1fb73b52 - Init COMPLETE
MOC-R4PCC04U05:84790:84831 [2] NCCL INFO Init timings - ncclCommInitRankConfig: rank 2 nranks 4 total 4.00 (kernels 0.31, alloc 2.34, bootstrap 0.00, allgathers 0.02, topo 0.86, graphs 0.01, connections 0.05, rest 0.41)
MOC-R4PCC04U05:84790:84853 [2] NCCL INFO Channel 00/0 : 2[2] -> 3[3] via P2P/CUMEM
MOC-R4PCC04U05:84790:84853 [2] NCCL INFO Channel 02/0 : 2[2] -> 3[3] via P2P/CUMEM
MOC-R4PCC04U05:84790:84853 [2] NCCL INFO Channel 06/0 : 2[2] -> 3[3] via P2P/CUMEM
MOC-R4PCC04U05:84790:84853 [2] NCCL INFO Channel 08/0 : 2[2] -> 3[3] via P2P/CUMEM
MOC-R4PCC04U05:84789:84854 [1] NCCL INFO Channel 00/0 : 1[1] -> 2[2] via P2P/CUMEM
MOC-R4PCC04U05:84790:84853 [2] NCCL INFO Channel 12/0 : 2[2] -> 3[3] via P2P/CUMEM
MOC-R4PCC04U05:84789:84854 [1] NCCL INFO Channel 04/0 : 1[1] -> 2[2] via P2P/CUMEM
MOC-R4PCC04U05:84790:84853 [2] NCCL INFO Channel 14/0 : 2[2] -> 3[3] via P2P/CUMEM
MOC-R4PCC04U05:84790:84853 [2] NCCL INFO Channel 18/0 : 2[2] -> 3[3] via P2P/CUMEM
MOC-R4PCC04U05:84789:84854 [1] NCCL INFO Channel 06/0 : 1[1] -> 2[2] via P2P/CUMEM
MOC-R4PCC04U05:84790:84853 [2] NCCL INFO Channel 20/0 : 2[2] -> 3[3] via P2P/CUMEM
MOC-R4PCC04U05:84789:84854 [1] NCCL INFO Channel 10/0 : 1[1] -> 2[2] via P2P/CUMEM
MOC-R4PCC04U05:84791:84855 [3] NCCL INFO Channel 00/0 : 3[3] -> 0[0] via P2P/CUMEM
MOC-R4PCC04U05:84789:84854 [1] NCCL INFO Channel 12/0 : 1[1] -> 2[2] via P2P/CUMEM
MOC-R4PCC04U05:84791:84855 [3] NCCL INFO Channel 03/0 : 3[3] -> 0[0] via P2P/CUMEM
MOC-R4PCC04U05:84789:84854 [1] NCCL INFO Channel 16/0 : 1[1] -> 2[2] via P2P/CUMEM
MOC-R4PCC04U05:84791:84855 [3] NCCL INFO Channel 06/0 : 3[3] -> 0[0] via P2P/CUMEM
MOC-R4PCC04U05:84789:84854 [1] NCCL INFO Channel 18/0 : 1[1] -> 2[2] via P2P/CUMEM
MOC-R4PCC04U05:84791:84855 [3] NCCL INFO Channel 09/0 : 3[3] -> 0[0] via P2P/CUMEM
MOC-R4PCC04U05:84789:84854 [1] NCCL INFO Channel 22/0 : 1[1] -> 2[2] via P2P/CUMEM
MOC-R4PCC04U05:84791:84855 [3] NCCL INFO Channel 12/0 : 3[3] -> 0[0] via P2P/CUMEM
MOC-R4PCC04U05:84791:84855 [3] NCCL INFO Channel 15/0 : 3[3] -> 0[0] via P2P/CUMEM
MOC-R4PCC04U05:84791:84855 [3] NCCL INFO Channel 18/0 : 3[3] -> 0[0] via P2P/CUMEM
MOC-R4PCC04U05:84791:84855 [3] NCCL INFO Channel 21/0 : 3[3] -> 0[0] via P2P/CUMEM
MOC-R4PCC04U05:84788:84856 [0] NCCL INFO Channel 00/0 : 0[0] -> 1[1] via P2P/CUMEM
MOC-R4PCC04U05:84788:84856 [0] NCCL INFO Channel 01/0 : 0[0] -> 1[1] via P2P/CUMEM
MOC-R4PCC04U05:84788:84856 [0] NCCL INFO Channel 06/0 : 0[0] -> 1[1] via P2P/CUMEM
MOC-R4PCC04U05:84788:84856 [0] NCCL INFO Channel 07/0 : 0[0] -> 1[1] via P2P/CUMEM
MOC-R4PCC04U05:84788:84856 [0] NCCL INFO Channel 12/0 : 0[0] -> 1[1] via P2P/CUMEM
MOC-R4PCC04U05:84790:84853 [2] NCCL INFO Channel 01/0 : 2[2] -> 0[0] via P2P/CUMEM
MOC-R4PCC04U05:84788:84856 [0] NCCL INFO Channel 13/0 : 0[0] -> 1[1] via P2P/CUMEM
MOC-R4PCC04U05:84790:84853 [2] NCCL INFO Channel 04/0 : 2[2] -> 0[0] via P2P/CUMEM
MOC-R4PCC04U05:84788:84856 [0] NCCL INFO Channel 18/0 : 0[0] -> 1[1] via P2P/CUMEM
MOC-R4PCC04U05:84790:84853 [2] NCCL INFO Channel 07/0 : 2[2] -> 0[0] via P2P/CUMEM
MOC-R4PCC04U05:84788:84856 [0] NCCL INFO Channel 19/0 : 0[0] -> 1[1] via P2P/CUMEM
MOC-R4PCC04U05:84790:84853 [2] NCCL INFO Channel 10/0 : 2[2] -> 0[0] via P2P/CUMEM
MOC-R4PCC04U05:84790:84853 [2] NCCL INFO Channel 13/0 : 2[2] -> 0[0] via P2P/CUMEM
MOC-R4PCC04U05:84790:84853 [2] NCCL INFO Channel 16/0 : 2[2] -> 0[0] via P2P/CUMEM
MOC-R4PCC04U05:84790:84853 [2] NCCL INFO Channel 19/0 : 2[2] -> 0[0] via P2P/CUMEM
MOC-R4PCC04U05:84790:84853 [2] NCCL INFO Channel 22/0 : 2[2] -> 0[0] via P2P/CUMEM
MOC-R4PCC04U05:84788:84856 [0] NCCL INFO Channel 02/0 : 0[0] -> 2[2] via P2P/CUMEM
MOC-R4PCC04U05:84791:84855 [3] NCCL INFO Channel 02/0 : 3[3] -> 1[1] via P2P/CUMEM
MOC-R4PCC04U05:84789:84854 [1] NCCL INFO Channel 01/0 : 1[1] -> 3[3] via P2P/CUMEM
MOC-R4PCC04U05:84788:84856 [0] NCCL INFO Channel 03/0 : 0[0] -> 2[2] via P2P/CUMEM
MOC-R4PCC04U05:84789:84854 [1] NCCL INFO Channel 03/0 : 1[1] -> 3[3] via P2P/CUMEM
MOC-R4PCC04U05:84791:84855 [3] NCCL INFO Channel 04/0 : 3[3] -> 1[1] via P2P/CUMEM
MOC-R4PCC04U05:84789:84854 [1] NCCL INFO Channel 07/0 : 1[1] -> 3[3] via P2P/CUMEM
MOC-R4PCC04U05:84791:84855 [3] NCCL INFO Channel 08/0 : 3[3] -> 1[1] via P2P/CUMEM
MOC-R4PCC04U05:84788:84856 [0] NCCL INFO Channel 08/0 : 0[0] -> 2[2] via P2P/CUMEM
MOC-R4PCC04U05:84789:84854 [1] NCCL INFO Channel 09/0 : 1[1] -> 3[3] via P2P/CUMEM
MOC-R4PCC04U05:84791:84855 [3] NCCL INFO Channel 10/0 : 3[3] -> 1[1] via P2P/CUMEM
MOC-R4PCC04U05:84788:84856 [0] NCCL INFO Channel 09/0 : 0[0] -> 2[2] via P2P/CUMEM
MOC-R4PCC04U05:84789:84854 [1] NCCL INFO Channel 13/0 : 1[1] -> 3[3] via P2P/CUMEM
MOC-R4PCC04U05:84791:84855 [3] NCCL INFO Channel 14/0 : 3[3] -> 1[1] via P2P/CUMEM
MOC-R4PCC04U05:84788:84856 [0] NCCL INFO Channel 14/0 : 0[0] -> 2[2] via P2P/CUMEM
MOC-R4PCC04U05:84789:84854 [1] NCCL INFO Channel 15/0 : 1[1] -> 3[3] via P2P/CUMEM
MOC-R4PCC04U05:84791:84855 [3] NCCL INFO Channel 16/0 : 3[3] -> 1[1] via P2P/CUMEM
MOC-R4PCC04U05:84788:84856 [0] NCCL INFO Channel 15/0 : 0[0] -> 2[2] via P2P/CUMEM
MOC-R4PCC04U05:84789:84854 [1] NCCL INFO Channel 19/0 : 1[1] -> 3[3] via P2P/CUMEM
MOC-R4PCC04U05:84791:84855 [3] NCCL INFO Channel 20/0 : 3[3] -> 1[1] via P2P/CUMEM
MOC-R4PCC04U05:84788:84856 [0] NCCL INFO Channel 20/0 : 0[0] -> 2[2] via P2P/CUMEM
MOC-R4PCC04U05:84789:84854 [1] NCCL INFO Channel 21/0 : 1[1] -> 3[3] via P2P/CUMEM
MOC-R4PCC04U05:84791:84855 [3] NCCL INFO Channel 22/0 : 3[3] -> 1[1] via P2P/CUMEM
MOC-R4PCC04U05:84788:84856 [0] NCCL INFO Channel 21/0 : 0[0] -> 2[2] via P2P/CUMEM
MOC-R4PCC04U05:84790:84853 [2] NCCL INFO Channel 03/0 : 2[2] -> 1[1] via P2P/CUMEM
MOC-R4PCC04U05:84791:84855 [3] NCCL INFO Channel 01/0 : 3[3] -> 2[2] via P2P/CUMEM
MOC-R4PCC04U05:84789:84854 [1] NCCL INFO Channel 02/0 : 1[1] -> 0[0] via P2P/CUMEM
MOC-R4PCC04U05:84788:84856 [0] NCCL INFO Channel 04/0 : 0[0] -> 3[3] via P2P/CUMEM
MOC-R4PCC04U05:84790:84853 [2] NCCL INFO Channel 05/0 : 2[2] -> 1[1] via P2P/CUMEM
MOC-R4PCC04U05:84789:84854 [1] NCCL INFO Channel 05/0 : 1[1] -> 0[0] via P2P/CUMEM
MOC-R4PCC04U05:84791:84855 [3] NCCL INFO Channel 05/0 : 3[3] -> 2[2] via P2P/CUMEM
MOC-R4PCC04U05:84788:84856 [0] NCCL INFO Channel 05/0 : 0[0] -> 3[3] via P2P/CUMEM
MOC-R4PCC04U05:84790:84853 [2] NCCL INFO Channel 09/0 : 2[2] -> 1[1] via P2P/CUMEM
MOC-R4PCC04U05:84789:84854 [1] NCCL INFO Channel 08/0 : 1[1] -> 0[0] via P2P/CUMEM
MOC-R4PCC04U05:84791:84855 [3] NCCL INFO Channel 07/0 : 3[3] -> 2[2] via P2P/CUMEM
MOC-R4PCC04U05:84788:84856 [0] NCCL INFO Channel 10/0 : 0[0] -> 3[3] via P2P/CUMEM
MOC-R4PCC04U05:84790:84853 [2] NCCL INFO Channel 11/0 : 2[2] -> 1[1] via P2P/CUMEM
MOC-R4PCC04U05:84789:84854 [1] NCCL INFO Channel 11/0 : 1[1] -> 0[0] via P2P/CUMEM
MOC-R4PCC04U05:84791:84855 [3] NCCL INFO Channel 11/0 : 3[3] -> 2[2] via P2P/CUMEM
MOC-R4PCC04U05:84788:84856 [0] NCCL INFO Channel 11/0 : 0[0] -> 3[3] via P2P/CUMEM
MOC-R4PCC04U05:84789:84854 [1] NCCL INFO Channel 14/0 : 1[1] -> 0[0] via P2P/CUMEM
MOC-R4PCC04U05:84791:84855 [3] NCCL INFO Channel 13/0 : 3[3] -> 2[2] via P2P/CUMEM
MOC-R4PCC04U05:84788:84856 [0] NCCL INFO Channel 16/0 : 0[0] -> 3[3] via P2P/CUMEM
MOC-R4PCC04U05:84789:84854 [1] NCCL INFO Channel 17/0 : 1[1] -> 0[0] via P2P/CUMEM
MOC-R4PCC04U05:84791:84855 [3] NCCL INFO Channel 17/0 : 3[3] -> 2[2] via P2P/CUMEM
MOC-R4PCC04U05:84788:84856 [0] NCCL INFO Channel 17/0 : 0[0] -> 3[3] via P2P/CUMEM
MOC-R4PCC04U05:84789:84854 [1] NCCL INFO Channel 20/0 : 1[1] -> 0[0] via P2P/CUMEM
MOC-R4PCC04U05:84791:84855 [3] NCCL INFO Channel 19/0 : 3[3] -> 2[2] via P2P/CUMEM
MOC-R4PCC04U05:84788:84856 [0] NCCL INFO Channel 22/0 : 0[0] -> 3[3] via P2P/CUMEM
MOC-R4PCC04U05:84790:84853 [2] NCCL INFO Channel 15/0 : 2[2] -> 1[1] via P2P/CUMEM
MOC-R4PCC04U05:84789:84854 [1] NCCL INFO Channel 23/0 : 1[1] -> 0[0] via P2P/CUMEM
MOC-R4PCC04U05:84791:84855 [3] NCCL INFO Channel 23/0 : 3[3] -> 2[2] via P2P/CUMEM
MOC-R4PCC04U05:84788:84856 [0] NCCL INFO Channel 23/0 : 0[0] -> 3[3] via P2P/CUMEM
MOC-R4PCC04U05:84790:84853 [2] NCCL INFO Channel 17/0 : 2[2] -> 1[1] via P2P/CUMEM
MOC-R4PCC04U05:84790:84853 [2] NCCL INFO Channel 21/0 : 2[2] -> 1[1] via P2P/CUMEM
MOC-R4PCC04U05:84790:84853 [2] NCCL INFO Channel 23/0 : 2[2] -> 1[1] via P2P/CUMEM
MOC-R4PCC04U05:84788:84856 [0] NCCL INFO Connected all rings, use ring PXN 0 GDR 1
MOC-R4PCC04U05:84791:84855 [3] NCCL INFO Connected all rings, use ring PXN 0 GDR 1
MOC-R4PCC04U05:84790:84853 [2] NCCL INFO Connected all rings, use ring PXN 0 GDR 1
MOC-R4PCC04U05:84789:84854 [1] NCCL INFO Connected all rings, use ring PXN 0 GDR 1
num decayed parameter tensors: 50, with 124,318,464 parameters
num non-decayed parameter tensors: 98, with 121,344 parameters
using fused AdamW: False
using regular AdamW
step    1/10 | train loss 11.008543 | norm 15.8105 | lr 1.00e-04 | (13690.05 ms | 28723 tok/s)
step    2/10 | train loss 10.118100 | norm 5.8169 | lr 1.00e-04 | (242.69 ms | 1620246 tok/s)
step    3/10 | train loss 9.770244 | norm 2.6314 | lr 1.00e-04 | (239.34 ms | 1642944 tok/s)
step    4/10 | train loss 9.600615 | norm 2.1179 | lr 1.00e-04 | (237.88 ms | 1652978 tok/s)
step    5/10 | train loss 9.517736 | norm 2.1014 | lr 1.00e-04 | (238.41 ms | 1649304 tok/s)
step    6/10 | train loss 9.436512 | norm 1.9982 | lr 1.00e-04 | (240.50 ms | 1634965 tok/s)
step    7/10 | train loss 9.351713 | norm 1.9460 | lr 1.00e-04 | (239.92 ms | 1638945 tok/s)
step    8/10 | train loss 9.262537 | norm 1.9087 | lr 1.00e-04 | (239.34 ms | 1642918 tok/s)
step    9/10 | train loss 9.170471 | norm 1.8610 | lr 1.00e-04 | (238.84 ms | 1646375 tok/s)
step   10/10 | train loss 9.080688 | norm 1.7801 | lr 1.00e-04 | (239.57 ms | 1641363 tok/s)
final 9 iters avg: 239.610ms
peak memory consumption: 16601 MiB
MOC-R4PCC04U05:84788:85551 [0] NCCL INFO comm 0x55b9d71433f0 rank 0 nranks 4 cudaDev 0 busId 6000 - Destroy COMPLETE
MOC-R4PCC04U05:84790:85550 [2] NCCL INFO comm 0x55975ace6570 rank 2 nranks 4 cudaDev 2 busId a6000 - Destroy COMPLETE
MOC-R4PCC04U05:84791:85549 [3] NCCL INFO comm 0x55c37b067b90 rank 3 nranks 4 cudaDev 3 busId c6000 - Destroy COMPLETE
MOC-R4PCC04U05:84789:85552 [1] NCCL INFO comm 0x55718c59e860 rank 1 nranks 4 cudaDev 1 busId 26000 - Destroy COMPLETE
