Running pytorch 2.7.0+cu126
using device: cuda:0
total desired batch size: 3145728
=> calculated gradient accumulation steps: 6
using device: cuda:1
using device: cuda:3
using device: cuda:2
compiling the model...
DataLoader: total number of tokens: 1,661,249,667 across 103 files
MOC-R4PCC04U05:749954:749954 [0] NCCL INFO NCCL_SOCKET_IFNAME set to eno7np0
MOC-R4PCC04U05:749954:749954 [0] NCCL INFO NCCL version 2.26.2+cuda12.2
MOC-R4PCC04U05:749955:749955 [1] NCCL INFO NCCL_SOCKET_IFNAME set to eno7np0
MOC-R4PCC04U05:749955:749955 [1] NCCL INFO NCCL version 2.26.2+cuda12.2
MOC-R4PCC04U05:749957:749957 [3] NCCL INFO NCCL_SOCKET_IFNAME set to eno7np0
MOC-R4PCC04U05:749957:749957 [3] NCCL INFO NCCL version 2.26.2+cuda12.2
MOC-R4PCC04U05:749954:750072 [0] NCCL INFO NET/Plugin: Could not find: libnccl-net.so. Using internal net plugin.
MOC-R4PCC04U05:749954:750072 [0] NCCL INFO NCCL_IB_HCA set to mlx5_5
MOC-R4PCC04U05:749954:750072 [0] NCCL INFO NET/IB : Made virtual device [0] name=mlx5_5 speed=400000 ndevs=1
MOC-R4PCC04U05:749954:750072 [0] NCCL INFO NET/IB : Using [0]mlx5_5:1/RoCE [RO]; OOB eno7np0:192.168.50.193<0>
MOC-R4PCC04U05:749956:749956 [2] NCCL INFO NCCL_SOCKET_IFNAME set to eno7np0
MOC-R4PCC04U05:749956:749956 [2] NCCL INFO NCCL version 2.26.2+cuda12.2
MOC-R4PCC04U05:749957:750081 [3] NCCL INFO NET/Plugin: Could not find: libnccl-net.so. Using internal net plugin.
MOC-R4PCC04U05:749955:750080 [1] NCCL INFO NET/Plugin: Could not find: libnccl-net.so. Using internal net plugin.
MOC-R4PCC04U05:749957:750081 [3] NCCL INFO NCCL_IB_HCA set to mlx5_5
MOC-R4PCC04U05:749955:750080 [1] NCCL INFO NCCL_IB_HCA set to mlx5_5
MOC-R4PCC04U05:749957:750081 [3] NCCL INFO NET/IB : Made virtual device [0] name=mlx5_5 speed=400000 ndevs=1
MOC-R4PCC04U05:749957:750081 [3] NCCL INFO NET/IB : Using [0]mlx5_5:1/RoCE [RO]; OOB eno7np0:192.168.50.193<0>
MOC-R4PCC04U05:749955:750080 [1] NCCL INFO NET/IB : Made virtual device [0] name=mlx5_5 speed=400000 ndevs=1
MOC-R4PCC04U05:749955:750080 [1] NCCL INFO NET/IB : Using [0]mlx5_5:1/RoCE [RO]; OOB eno7np0:192.168.50.193<0>
MOC-R4PCC04U05:749956:750083 [2] NCCL INFO NET/Plugin: Could not find: libnccl-net.so. Using internal net plugin.
MOC-R4PCC04U05:749956:750083 [2] NCCL INFO NCCL_IB_HCA set to mlx5_5
MOC-R4PCC04U05:749956:750083 [2] NCCL INFO NET/IB : Made virtual device [0] name=mlx5_5 speed=400000 ndevs=1
MOC-R4PCC04U05:749956:750083 [2] NCCL INFO NET/IB : Using [0]mlx5_5:1/RoCE [RO]; OOB eno7np0:192.168.50.193<0>
MOC-R4PCC04U05:749957:750081 [3] NCCL INFO NET/IB : GPU Direct RDMA Enabled for HCA 0 'mlx5_5'
MOC-R4PCC04U05:749957:750081 [3] NCCL INFO NET/IB : Made virtual device [1] name=mlx5_5 speed=400000 ndevs=1
MOC-R4PCC04U05:749957:750081 [3] NCCL INFO NET/IB : GPU Direct RDMA Enabled for HCA 0 'mlx5_5'
MOC-R4PCC04U05:749957:750081 [3] NCCL INFO NET/IB : GPU Direct RDMA Enabled for HCA 1 'mlx5_5'
MOC-R4PCC04U05:749956:750083 [2] NCCL INFO NET/IB : GPU Direct RDMA Enabled for HCA 0 'mlx5_5'
MOC-R4PCC04U05:749956:750083 [2] NCCL INFO NET/IB : Made virtual device [1] name=mlx5_5 speed=400000 ndevs=1
MOC-R4PCC04U05:749956:750083 [2] NCCL INFO NET/IB : GPU Direct RDMA Enabled for HCA 0 'mlx5_5'
MOC-R4PCC04U05:749956:750083 [2] NCCL INFO NET/IB : GPU Direct RDMA Enabled for HCA 1 'mlx5_5'
MOC-R4PCC04U05:749955:750080 [1] NCCL INFO NET/IB : GPU Direct RDMA Enabled for HCA 0 'mlx5_5'
MOC-R4PCC04U05:749955:750080 [1] NCCL INFO NET/IB : Made virtual device [1] name=mlx5_5 speed=400000 ndevs=1
MOC-R4PCC04U05:749955:750080 [1] NCCL INFO NET/IB : GPU Direct RDMA Enabled for HCA 0 'mlx5_5'
MOC-R4PCC04U05:749955:750080 [1] NCCL INFO NET/IB : GPU Direct RDMA Enabled for HCA 1 'mlx5_5'
MOC-R4PCC04U05:749954:750072 [0] NCCL INFO NET/IB : GPU Direct RDMA Enabled for HCA 0 'mlx5_5'
MOC-R4PCC04U05:749954:750072 [0] NCCL INFO NET/IB : Made virtual device [1] name=mlx5_5 speed=400000 ndevs=1
MOC-R4PCC04U05:749954:750072 [0] NCCL INFO NET/IB : GPU Direct RDMA Enabled for HCA 0 'mlx5_5'
MOC-R4PCC04U05:749954:750072 [0] NCCL INFO NET/IB : GPU Direct RDMA Enabled for HCA 1 'mlx5_5'
MOC-R4PCC04U05:749955:750080 [1] NCCL INFO GPU Direct RDMA Enabled for GPU 0 / HCA 1 (distance 5 <= 5), read 0 mode Default
MOC-R4PCC04U05:749955:750080 [1] NCCL INFO GPU Direct RDMA Enabled for GPU 1 / HCA 1 (distance 5 <= 5), read 0 mode Default
MOC-R4PCC04U05:749954:750072 [0] NCCL INFO GPU Direct RDMA Enabled for GPU 0 / HCA 1 (distance 5 <= 5), read 0 mode Default
MOC-R4PCC04U05:749955:750080 [1] NCCL INFO GPU Direct RDMA Enabled for GPU 2 / HCA 1 (distance 5 <= 5), read 0 mode Default
MOC-R4PCC04U05:749954:750072 [0] NCCL INFO GPU Direct RDMA Enabled for GPU 1 / HCA 1 (distance 5 <= 5), read 0 mode Default
MOC-R4PCC04U05:749955:750080 [1] NCCL INFO GPU Direct RDMA Enabled for GPU 3 / HCA 1 (distance 5 <= 5), read 0 mode Default
MOC-R4PCC04U05:749954:750072 [0] NCCL INFO GPU Direct RDMA Enabled for GPU 2 / HCA 1 (distance 5 <= 5), read 0 mode Default
MOC-R4PCC04U05:749954:750072 [0] NCCL INFO GPU Direct RDMA Enabled for GPU 3 / HCA 1 (distance 5 <= 5), read 0 mode Default
MOC-R4PCC04U05:749957:750081 [3] NCCL INFO GPU Direct RDMA Enabled for GPU 0 / HCA 1 (distance 5 <= 5), read 0 mode Default
MOC-R4PCC04U05:749957:750081 [3] NCCL INFO GPU Direct RDMA Enabled for GPU 1 / HCA 1 (distance 5 <= 5), read 0 mode Default
MOC-R4PCC04U05:749957:750081 [3] NCCL INFO GPU Direct RDMA Enabled for GPU 2 / HCA 1 (distance 5 <= 5), read 0 mode Default
MOC-R4PCC04U05:749957:750081 [3] NCCL INFO GPU Direct RDMA Enabled for GPU 3 / HCA 1 (distance 5 <= 5), read 0 mode Default
MOC-R4PCC04U05:749955:750080 [1] NCCL INFO GPU Direct RDMA Enabled for GPU 0 / HCA 1 (distance 5 <= 5), read 0 mode Default
MOC-R4PCC04U05:749954:750072 [0] NCCL INFO GPU Direct RDMA Enabled for GPU 0 / HCA 1 (distance 5 <= 5), read 0 mode Default
MOC-R4PCC04U05:749955:750080 [1] NCCL INFO GPU Direct RDMA Enabled for GPU 1 / HCA 1 (distance 5 <= 5), read 0 mode Default
MOC-R4PCC04U05:749954:750072 [0] NCCL INFO GPU Direct RDMA Enabled for GPU 1 / HCA 1 (distance 5 <= 5), read 0 mode Default
MOC-R4PCC04U05:749955:750080 [1] NCCL INFO GPU Direct RDMA Enabled for GPU 2 / HCA 1 (distance 5 <= 5), read 0 mode Default
MOC-R4PCC04U05:749954:750072 [0] NCCL INFO GPU Direct RDMA Enabled for GPU 2 / HCA 1 (distance 5 <= 5), read 0 mode Default
MOC-R4PCC04U05:749955:750080 [1] NCCL INFO GPU Direct RDMA Enabled for GPU 3 / HCA 1 (distance 5 <= 5), read 0 mode Default
MOC-R4PCC04U05:749954:750072 [0] NCCL INFO GPU Direct RDMA Enabled for GPU 3 / HCA 1 (distance 5 <= 5), read 0 mode Default
MOC-R4PCC04U05:749957:750081 [3] NCCL INFO GPU Direct RDMA Enabled for GPU 0 / HCA 1 (distance 5 <= 5), read 0 mode Default
MOC-R4PCC04U05:749957:750081 [3] NCCL INFO GPU Direct RDMA Enabled for GPU 1 / HCA 1 (distance 5 <= 5), read 0 mode Default
MOC-R4PCC04U05:749957:750081 [3] NCCL INFO GPU Direct RDMA Enabled for GPU 2 / HCA 1 (distance 5 <= 5), read 0 mode Default
MOC-R4PCC04U05:749957:750081 [3] NCCL INFO GPU Direct RDMA Enabled for GPU 3 / HCA 1 (distance 5 <= 5), read 0 mode Default
MOC-R4PCC04U05:749956:750083 [2] NCCL INFO GPU Direct RDMA Enabled for GPU 0 / HCA 1 (distance 5 <= 5), read 0 mode Default
MOC-R4PCC04U05:749956:750083 [2] NCCL INFO GPU Direct RDMA Enabled for GPU 1 / HCA 1 (distance 5 <= 5), read 0 mode Default
MOC-R4PCC04U05:749956:750083 [2] NCCL INFO GPU Direct RDMA Enabled for GPU 2 / HCA 1 (distance 5 <= 5), read 0 mode Default
MOC-R4PCC04U05:749956:750083 [2] NCCL INFO GPU Direct RDMA Enabled for GPU 3 / HCA 1 (distance 5 <= 5), read 0 mode Default
MOC-R4PCC04U05:749956:750083 [2] NCCL INFO GPU Direct RDMA Enabled for GPU 0 / HCA 1 (distance 5 <= 5), read 0 mode Default
MOC-R4PCC04U05:749956:750083 [2] NCCL INFO GPU Direct RDMA Enabled for GPU 1 / HCA 1 (distance 5 <= 5), read 0 mode Default
MOC-R4PCC04U05:749956:750083 [2] NCCL INFO GPU Direct RDMA Enabled for GPU 2 / HCA 1 (distance 5 <= 5), read 0 mode Default
MOC-R4PCC04U05:749956:750083 [2] NCCL INFO GPU Direct RDMA Enabled for GPU 3 / HCA 1 (distance 5 <= 5), read 0 mode Default
MOC-R4PCC04U05:749957:750095 [3] NCCL INFO New proxy recv connection 0 from local rank 3, transport 0
MOC-R4PCC04U05:749957:750103 [3] NCCL INFO Connected to proxy localRank 3 -> connection 0x7f35cc004f30
MOC-R4PCC04U05:749957:750095 [3] NCCL INFO New proxy recv connection 1 from local rank 3, transport 0
MOC-R4PCC04U05:749957:750103 [3] NCCL INFO Connected to proxy localRank 3 -> connection 0x7f35cc004fa8
MOC-R4PCC04U05:749957:750095 [3] NCCL INFO New proxy recv connection 2 from local rank 3, transport 0
MOC-R4PCC04U05:749957:750103 [3] NCCL INFO Connected to proxy localRank 3 -> connection 0x7f35cc005020
MOC-R4PCC04U05:749957:750095 [3] NCCL INFO New proxy recv connection 3 from local rank 3, transport 0
MOC-R4PCC04U05:749957:750103 [3] NCCL INFO Connected to proxy localRank 3 -> connection 0x7f35cc005098
MOC-R4PCC04U05:749957:750103 [3] NCCL INFO GPU Direct RDMA Enabled for GPU 3 / HCA 1 (distance 5 <= 5), read 1 mode Default
MOC-R4PCC04U05:749955:750097 [1] NCCL INFO New proxy recv connection 0 from local rank 1, transport 0
MOC-R4PCC04U05:749955:750104 [1] NCCL INFO Connected to proxy localRank 1 -> connection 0x7f28ac004f30
MOC-R4PCC04U05:749954:750096 [0] NCCL INFO New proxy send connection 0 from local rank 0, transport 0
MOC-R4PCC04U05:749954:750105 [0] NCCL INFO Connected to proxy localRank 0 -> connection 0x7f6454004f30
MOC-R4PCC04U05:749956:750106 [2] NCCL INFO GPU Direct RDMA Enabled for GPU 2 / HCA 1 (distance 5 <= 5), read 0 mode Default
MOC-R4PCC04U05:749955:750097 [1] NCCL INFO New proxy recv connection 1 from local rank 1, transport 0
MOC-R4PCC04U05:749955:750104 [1] NCCL INFO Connected to proxy localRank 1 -> connection 0x7f28ac004fa8
MOC-R4PCC04U05:749954:750096 [0] NCCL INFO New proxy send connection 1 from local rank 0, transport 0
MOC-R4PCC04U05:749954:750105 [0] NCCL INFO Connected to proxy localRank 0 -> connection 0x7f6454004fa8
MOC-R4PCC04U05:749955:750097 [1] NCCL INFO New proxy recv connection 2 from local rank 1, transport 0
MOC-R4PCC04U05:749955:750104 [1] NCCL INFO Connected to proxy localRank 1 -> connection 0x7f28ac005020
MOC-R4PCC04U05:749955:750097 [1] NCCL INFO New proxy recv connection 3 from local rank 1, transport 0
MOC-R4PCC04U05:749955:750104 [1] NCCL INFO Connected to proxy localRank 1 -> connection 0x7f28ac005098
MOC-R4PCC04U05:749954:750096 [0] NCCL INFO New proxy send connection 2 from local rank 0, transport 0
MOC-R4PCC04U05:749954:750105 [0] NCCL INFO Connected to proxy localRank 0 -> connection 0x7f6454005020
MOC-R4PCC04U05:749955:750097 [1] NCCL INFO New proxy send connection 4 from local rank 1, transport 0
MOC-R4PCC04U05:749955:750104 [1] NCCL INFO Connected to proxy localRank 1 -> connection 0x7f28ac005110
MOC-R4PCC04U05:749956:750098 [2] NCCL INFO New proxy send connection 0 from local rank 3, transport 2
MOC-R4PCC04U05:749956:750098 [2] NCCL INFO New proxy recv connection 1 from local rank 2, transport 2
MOC-R4PCC04U05:749957:750103 [3] NCCL INFO Connected to proxy localRank 2 -> connection 0x7f0cc4004f30
MOC-R4PCC04U05:749957:750103 [3] NCCL INFO Channel 00/0 : 3[3] -> 6[2] [send] via NET/IB/1(2)/GDRDMA
MOC-R4PCC04U05:749957:750103 [3] NCCL INFO GPU Direct RDMA Enabled for GPU 3 / HCA 1 (distance 5 <= 5), read 1 mode Default
MOC-R4PCC04U05:749956:750106 [2] NCCL INFO Connected to proxy localRank 2 -> connection 0x7f0cc4004fa8
MOC-R4PCC04U05:749956:750098 [2] NCCL INFO New proxy send connection 2 from local rank 3, transport 2
MOC-R4PCC04U05:749957:750103 [3] NCCL INFO Connected to proxy localRank 2 -> connection 0x7f0cc4005020
MOC-R4PCC04U05:749956:750106 [2] NCCL INFO Channel 00/0 : 15[3] -> 2[2] [receive] via NET/IB/1/GDRDMA
MOC-R4PCC04U05:749956:750106 [2] NCCL INFO GPU Direct RDMA Enabled for GPU 2 / HCA 1 (distance 5 <= 5), read 0 mode Default
MOC-R4PCC04U05:749957:750103 [3] NCCL INFO Channel 01/0 : 3[3] -> 6[2] [send] via NET/IB/1(2)/GDRDMA
MOC-R4PCC04U05:749957:750103 [3] NCCL INFO GPU Direct RDMA Enabled for GPU 3 / HCA 1 (distance 5 <= 5), read 1 mode Default
MOC-R4PCC04U05:749956:750098 [2] NCCL INFO New proxy send connection 3 from local rank 3, transport 2
MOC-R4PCC04U05:749957:750103 [3] NCCL INFO Connected to proxy localRank 2 -> connection 0x7f0cc4005098
MOC-R4PCC04U05:749956:750098 [2] NCCL INFO New proxy recv connection 4 from local rank 2, transport 2
MOC-R4PCC04U05:749956:750106 [2] NCCL INFO Connected to proxy localRank 2 -> connection 0x7f0cc4005110
MOC-R4PCC04U05:749957:750103 [3] NCCL INFO Channel 02/0 : 3[3] -> 6[2] [send] via NET/IB/1(2)/GDRDMA
MOC-R4PCC04U05:749957:750103 [3] NCCL INFO GPU Direct RDMA Enabled for GPU 3 / HCA 1 (distance 5 <= 5), read 1 mode Default
MOC-R4PCC04U05:749956:750106 [2] NCCL INFO Channel 01/0 : 15[3] -> 2[2] [receive] via NET/IB/1/GDRDMA
MOC-R4PCC04U05:749956:750106 [2] NCCL INFO GPU Direct RDMA Enabled for GPU 2 / HCA 1 (distance 5 <= 5), read 0 mode Default
MOC-R4PCC04U05:749956:750098 [2] NCCL INFO New proxy send connection 5 from local rank 3, transport 2
MOC-R4PCC04U05:749957:750103 [3] NCCL INFO Connected to proxy localRank 2 -> connection 0x7f0cc4005188
MOC-R4PCC04U05:749956:750098 [2] NCCL INFO New proxy recv connection 6 from local rank 2, transport 2
MOC-R4PCC04U05:749956:750106 [2] NCCL INFO Connected to proxy localRank 2 -> connection 0x7f0cc4005200
MOC-R4PCC04U05:749957:750103 [3] NCCL INFO Channel 03/0 : 3[3] -> 6[2] [send] via NET/IB/1(2)/GDRDMA
MOC-R4PCC04U05:749956:750106 [2] NCCL INFO Channel 02/0 : 15[3] -> 2[2] [receive] via NET/IB/1/GDRDMA
MOC-R4PCC04U05:749956:750106 [2] NCCL INFO GPU Direct RDMA Enabled for GPU 2 / HCA 1 (distance 5 <= 5), read 0 mode Default
MOC-R4PCC04U05:749956:750098 [2] NCCL INFO New proxy recv connection 7 from local rank 2, transport 2
MOC-R4PCC04U05:749956:750106 [2] NCCL INFO Connected to proxy localRank 2 -> connection 0x7f0cc4005278
MOC-R4PCC04U05:749956:750106 [2] NCCL INFO Channel 03/0 : 15[3] -> 2[2] [receive] via NET/IB/1/GDRDMA
MOC-R4PCC04U05:749954:750096 [0] NCCL INFO New proxy send connection 3 from local rank 0, transport 0
MOC-R4PCC04U05:749954:750105 [0] NCCL INFO Connected to proxy localRank 0 -> connection 0x7f6454005098
MOC-R4PCC04U05:749955:750097 [1] NCCL INFO New proxy send connection 5 from local rank 1, transport 0
MOC-R4PCC04U05:749955:750104 [1] NCCL INFO Connected to proxy localRank 1 -> connection 0x7f28ac005188
MOC-R4PCC04U05:749956:750098 [2] NCCL INFO New proxy send connection 8 from local rank 2, transport 0
MOC-R4PCC04U05:749956:750106 [2] NCCL INFO Connected to proxy localRank 2 -> connection 0x7f0cc40052f0
MOC-R4PCC04U05:749954:750096 [0] NCCL INFO New proxy recv connection 4 from local rank 0, transport 0
MOC-R4PCC04U05:749954:750105 [0] NCCL INFO Connected to proxy localRank 0 -> connection 0x7f6454005110
MOC-R4PCC04U05:749955:750097 [1] NCCL INFO New proxy send connection 6 from local rank 1, transport 0
MOC-R4PCC04U05:749955:750104 [1] NCCL INFO Connected to proxy localRank 1 -> connection 0x7f28ac005200
MOC-R4PCC04U05:749956:750098 [2] NCCL INFO New proxy send connection 9 from local rank 2, transport 0
MOC-R4PCC04U05:749956:750106 [2] NCCL INFO Connected to proxy localRank 2 -> connection 0x7f0cc4005368
MOC-R4PCC04U05:749954:750096 [0] NCCL INFO New proxy send connection 5 from local rank 3, transport 0
MOC-R4PCC04U05:749957:750103 [3] NCCL INFO Connected to proxy localRank 0 -> connection 0x7f6454005188
MOC-R4PCC04U05:749954:750096 [0] NCCL INFO New proxy recv connection 6 from local rank 0, transport 0
MOC-R4PCC04U05:749954:750105 [0] NCCL INFO Connected to proxy localRank 0 -> connection 0x7f6454005200
MOC-R4PCC04U05:749955:750097 [1] NCCL INFO New proxy send connection 7 from local rank 1, transport 0
MOC-R4PCC04U05:749955:750104 [1] NCCL INFO Connected to proxy localRank 1 -> connection 0x7f28ac005278
MOC-R4PCC04U05:749956:750098 [2] NCCL INFO New proxy send connection 10 from local rank 2, transport 0
MOC-R4PCC04U05:749956:750106 [2] NCCL INFO Connected to proxy localRank 2 -> connection 0x7f0cc40053e0
MOC-R4PCC04U05:749956:750098 [2] NCCL INFO New proxy send connection 11 from local rank 2, transport 0
MOC-R4PCC04U05:749956:750106 [2] NCCL INFO Connected to proxy localRank 2 -> connection 0x7f0cc4005458
MOC-R4PCC04U05:749954:750096 [0] NCCL INFO New proxy recv connection 7 from local rank 0, transport 0
MOC-R4PCC04U05:749954:750105 [0] NCCL INFO Connected to proxy localRank 0 -> connection 0x7f6454005278
MOC-R4PCC04U05:749955:750097 [1] NCCL INFO New proxy send connection 8 from local rank 2, transport 0
MOC-R4PCC04U05:749956:750106 [2] NCCL INFO Connected to proxy localRank 1 -> connection 0x7f28ac0052f0
MOC-R4PCC04U05:749954:750096 [0] NCCL INFO New proxy recv connection 8 from local rank 0, transport 0
MOC-R4PCC04U05:749954:750105 [0] NCCL INFO Connected to proxy localRank 0 -> connection 0x7f64540052f0
MOC-R4PCC04U05:749956:750098 [2] NCCL INFO NET/IB: NCCL Dev 1 IbDev 0 Port 1 qpn 12386 mtu 3 query_ece={supported=1, vendor_id=0x15b3, options=0x30000002, comp_mask=0x0} GID 3 (0/C132A8C0FFFF0000) fifoRkey=0x170bca fifoLkey=0x170bca
MOC-R4PCC04U05:749956:750098 [2] NCCL INFO NET/IB: IbDev 0 Port 1 qpn 13086 set_ece={supported=1, vendor_id=0x15b3, options=0x0, comp_mask=0x0}
MOC-R4PCC04U05:749957:750095 [3] NCCL INFO New proxy send connection 4 from local rank 0, transport 0
MOC-R4PCC04U05:749954:750096 [0] NCCL INFO New proxy send connection 9 from local rank 1, transport 0
MOC-R4PCC04U05:749954:750105 [0] NCCL INFO Connected to proxy localRank 3 -> connection 0x7f35cc005110
MOC-R4PCC04U05:749955:750104 [1] NCCL INFO Connected to proxy localRank 0 -> connection 0x7f6454005368
MOC-R4PCC04U05:749956:750098 [2] NCCL INFO NET/IB: NCCL Dev 1 IbDev 0 Port 1 qpn 12395 mtu 3 query_ece={supported=1, vendor_id=0x15b3, options=0x30000002, comp_mask=0x0} GID 3 (0/C132A8C0FFFF0000) fifoRkey=0x178c4b fifoLkey=0x178c4b
MOC-R4PCC04U05:749956:750098 [2] NCCL INFO NET/IB: NCCL Dev 1 IbDev 0 Port 1 qpn 12396 mtu 3 query_ece={supported=1, vendor_id=0x15b3, options=0x30000002, comp_mask=0x0} GID 3 (0/C132A8C0FFFF0000) fifoRkey=0x17c584 fifoLkey=0x17c584
MOC-R4PCC04U05:749955:750097 [1] NCCL INFO New proxy send connection 9 from local rank 0, transport 0
MOC-R4PCC04U05:749954:750105 [0] NCCL INFO Connected to proxy localRank 1 -> connection 0x7f28ac005368
MOC-R4PCC04U05:749956:750098 [2] NCCL INFO NET/IB: IbDev 0 Port 1 qpn 13088 set_ece={supported=1, vendor_id=0x15b3, options=0x0, comp_mask=0x0}
MOC-R4PCC04U05:749956:750098 [2] NCCL INFO NET/IB: IbDev 0 Port 1 qpn 13090 set_ece={supported=1, vendor_id=0x15b3, options=0x0, comp_mask=0x0}
MOC-R4PCC04U05:749956:750098 [2] NCCL INFO NET/IB: NCCL Dev 1 IbDev 0 Port 1 qpn 12397 mtu 3 query_ece={supported=1, vendor_id=0x15b3, options=0x30000002, comp_mask=0x0} GID 3 (0/C132A8C0FFFF0000) fifoRkey=0x17bf7e fifoLkey=0x17bf7e
MOC-R4PCC04U05:749956:750098 [2] NCCL INFO New proxy send connection 12 from local rank 3, transport 0
MOC-R4PCC04U05:749956:750098 [2] NCCL INFO New proxy send connection 13 from local rank 1, transport 0
MOC-R4PCC04U05:749955:750104 [1] NCCL INFO Connected to proxy localRank 2 -> connection 0x7f0cc4005548
MOC-R4PCC04U05:749957:750103 [3] NCCL INFO Connected to proxy localRank 2 -> connection 0x7f0cc40054d0
MOC-R4PCC04U05:749956:750098 [2] NCCL INFO NET/IB: IbDev 0 Port 1 qpn 13092 set_ece={supported=1, vendor_id=0x15b3, options=0x0, comp_mask=0x0}
num decayed parameter tensors: 50, with 124,318,464 parameters
num non-decayed parameter tensors: 98, with 121,344 parameters
using fused AdamW: False
using regular AdamW
MOC-R4PCC04U05:749957:750095 [3] NCCL INFO New proxy recv connection 5 from local rank 3, transport 0
MOC-R4PCC04U05:749954:750096 [0] NCCL INFO New proxy send connection 10 from local rank 0, transport 0
MOC-R4PCC04U05:749957:750797 [3] NCCL INFO Connected to proxy localRank 3 -> connection 0x7f35cc005188
MOC-R4PCC04U05:749954:750796 [0] NCCL INFO Connected to proxy localRank 0 -> connection 0x7f64540053e0
MOC-R4PCC04U05:749957:750095 [3] NCCL INFO New proxy recv connection 6 from local rank 3, transport 0
MOC-R4PCC04U05:749957:750797 [3] NCCL INFO Connected to proxy localRank 3 -> connection 0x7f35cc005200
MOC-R4PCC04U05:749954:750096 [0] NCCL INFO New proxy send connection 11 from local rank 0, transport 0
MOC-R4PCC04U05:749954:750796 [0] NCCL INFO Connected to proxy localRank 0 -> connection 0x7f6454005458
MOC-R4PCC04U05:749957:750095 [3] NCCL INFO New proxy recv connection 7 from local rank 3, transport 0
MOC-R4PCC04U05:749957:750797 [3] NCCL INFO Connected to proxy localRank 3 -> connection 0x7f35cc005278
MOC-R4PCC04U05:749954:750096 [0] NCCL INFO New proxy send connection 12 from local rank 0, transport 0
MOC-R4PCC04U05:749954:750796 [0] NCCL INFO Connected to proxy localRank 0 -> connection 0x7f64540054d0
MOC-R4PCC04U05:749957:750095 [3] NCCL INFO New proxy recv connection 8 from local rank 3, transport 0
MOC-R4PCC04U05:749957:750797 [3] NCCL INFO Connected to proxy localRank 3 -> connection 0x7f35cc0052f0
MOC-R4PCC04U05:749954:750096 [0] NCCL INFO New proxy send connection 13 from local rank 0, transport 0
MOC-R4PCC04U05:749954:750796 [0] NCCL INFO Connected to proxy localRank 0 -> connection 0x7f6454005548
MOC-R4PCC04U05:749955:750097 [1] NCCL INFO New proxy recv connection 10 from local rank 1, transport 0
MOC-R4PCC04U05:749955:750798 [1] NCCL INFO Connected to proxy localRank 1 -> connection 0x7f28ac0053e0
MOC-R4PCC04U05:749955:750097 [1] NCCL INFO New proxy recv connection 11 from local rank 1, transport 0
MOC-R4PCC04U05:749955:750798 [1] NCCL INFO Connected to proxy localRank 1 -> connection 0x7f28ac005458
MOC-R4PCC04U05:749956:750098 [2] NCCL INFO New proxy send connection 14 from local rank 2, transport 0
MOC-R4PCC04U05:749956:750799 [2] NCCL INFO Connected to proxy localRank 2 -> connection 0x7f0cc40055c0
MOC-R4PCC04U05:749955:750097 [1] NCCL INFO New proxy recv connection 12 from local rank 1, transport 0
MOC-R4PCC04U05:749955:750798 [1] NCCL INFO Connected to proxy localRank 1 -> connection 0x7f28ac0054d0
MOC-R4PCC04U05:749956:750098 [2] NCCL INFO New proxy send connection 15 from local rank 2, transport 0
MOC-R4PCC04U05:749956:750799 [2] NCCL INFO Connected to proxy localRank 2 -> connection 0x7f0cc4005638
MOC-R4PCC04U05:749956:750098 [2] NCCL INFO New proxy send connection 16 from local rank 2, transport 0
MOC-R4PCC04U05:749956:750799 [2] NCCL INFO Connected to proxy localRank 2 -> connection 0x7f0cc40056b0
MOC-R4PCC04U05:749956:750098 [2] NCCL INFO New proxy send connection 17 from local rank 2, transport 0
MOC-R4PCC04U05:749956:750799 [2] NCCL INFO Connected to proxy localRank 2 -> connection 0x7f0cc4005728
MOC-R4PCC04U05:749955:750097 [1] NCCL INFO New proxy recv connection 13 from local rank 1, transport 0
MOC-R4PCC04U05:749955:750798 [1] NCCL INFO Connected to proxy localRank 1 -> connection 0x7f28ac005548
MOC-R4PCC04U05:749956:750799 [2] NCCL INFO GPU Direct RDMA Enabled for GPU 2 / HCA 1 (distance 5 <= 5), read 1 mode Default
MOC-R4PCC04U05:749956:750098 [2] NCCL INFO New proxy send connection 18 from local rank 2, transport 2
MOC-R4PCC04U05:749956:750799 [2] NCCL INFO Connected to proxy localRank 2 -> connection 0x7f0cc40057a0
MOC-R4PCC04U05:749956:750799 [2] NCCL INFO Channel 02/0 : 2[2] -> 6[2] [send] via NET/IB/1/GDRDMA
MOC-R4PCC04U05:749956:750799 [2] NCCL INFO GPU Direct RDMA Enabled for GPU 2 / HCA 1 (distance 5 <= 5), read 1 mode Default
MOC-R4PCC04U05:749954:750096 [0] NCCL INFO New proxy recv connection 14 from local rank 0, transport 0
MOC-R4PCC04U05:749957:750095 [3] NCCL INFO New proxy send connection 9 from local rank 3, transport 0
MOC-R4PCC04U05:749956:750098 [2] NCCL INFO New proxy send connection 19 from local rank 2, transport 2
MOC-R4PCC04U05:749954:750796 [0] NCCL INFO Connected to proxy localRank 0 -> connection 0x7f64540055c0
MOC-R4PCC04U05:749956:750799 [2] NCCL INFO Connected to proxy localRank 2 -> connection 0x7f0cc4005818
MOC-R4PCC04U05:749957:750797 [3] NCCL INFO Connected to proxy localRank 3 -> connection 0x7f35cc005368
MOC-R4PCC04U05:749956:750799 [2] NCCL INFO Channel 03/0 : 2[2] -> 6[2] [send] via NET/IB/1/GDRDMA
MOC-R4PCC04U05:749956:750799 [2] NCCL INFO GPU Direct RDMA Enabled for GPU 2 / HCA 1 (distance 5 <= 5), read 0 mode Default
MOC-R4PCC04U05:749956:750098 [2] NCCL INFO New proxy recv connection 20 from local rank 2, transport 2
MOC-R4PCC04U05:749956:750799 [2] NCCL INFO Connected to proxy localRank 2 -> connection 0x7f0cc4005890
MOC-R4PCC04U05:749956:750799 [2] NCCL INFO Channel 00/0 : 10[2] -> 2[2] [receive] via NET/IB/1/GDRDMA
MOC-R4PCC04U05:749956:750799 [2] NCCL INFO GPU Direct RDMA Enabled for GPU 2 / HCA 1 (distance 5 <= 5), read 0 mode Default
MOC-R4PCC04U05:749956:750098 [2] NCCL INFO New proxy recv connection 21 from local rank 2, transport 2
MOC-R4PCC04U05:749956:750799 [2] NCCL INFO Connected to proxy localRank 2 -> connection 0x7f0cc4005908
MOC-R4PCC04U05:749956:750799 [2] NCCL INFO Channel 01/0 : 10[2] -> 2[2] [receive] via NET/IB/1/GDRDMA
MOC-R4PCC04U05:749956:750799 [2] NCCL INFO GPU Direct RDMA Enabled for GPU 2 / HCA 1 (distance 5 <= 5), read 1 mode Default
MOC-R4PCC04U05:749956:750098 [2] NCCL INFO New proxy send connection 22 from local rank 2, transport 2
MOC-R4PCC04U05:749956:750799 [2] NCCL INFO Connected to proxy localRank 2 -> connection 0x7f0cc4005980
MOC-R4PCC04U05:749956:750799 [2] NCCL INFO Channel 00/0 : 2[2] -> 10[2] [send] via NET/IB/1/GDRDMA
MOC-R4PCC04U05:749956:750799 [2] NCCL INFO GPU Direct RDMA Enabled for GPU 2 / HCA 1 (distance 5 <= 5), read 1 mode Default
MOC-R4PCC04U05:749956:750098 [2] NCCL INFO New proxy send connection 23 from local rank 2, transport 2
MOC-R4PCC04U05:749956:750799 [2] NCCL INFO Connected to proxy localRank 2 -> connection 0x7f0cc40059f8
MOC-R4PCC04U05:749956:750799 [2] NCCL INFO Channel 01/0 : 2[2] -> 10[2] [send] via NET/IB/1/GDRDMA
MOC-R4PCC04U05:749956:750799 [2] NCCL INFO GPU Direct RDMA Enabled for GPU 2 / HCA 1 (distance 5 <= 5), read 0 mode Default
MOC-R4PCC04U05:749954:750096 [0] NCCL INFO New proxy recv connection 15 from local rank 0, transport 0
MOC-R4PCC04U05:749954:750796 [0] NCCL INFO Connected to proxy localRank 0 -> connection 0x7f6454005638
MOC-R4PCC04U05:749956:750098 [2] NCCL INFO New proxy recv connection 24 from local rank 2, transport 2
MOC-R4PCC04U05:749956:750799 [2] NCCL INFO Connected to proxy localRank 2 -> connection 0x7f0cc4005a70
MOC-R4PCC04U05:749956:750799 [2] NCCL INFO Channel 02/0 : 6[2] -> 2[2] [receive] via NET/IB/1/GDRDMA
MOC-R4PCC04U05:749956:750799 [2] NCCL INFO GPU Direct RDMA Enabled for GPU 2 / HCA 1 (distance 5 <= 5), read 0 mode Default
MOC-R4PCC04U05:749956:750098 [2] NCCL INFO New proxy recv connection 25 from local rank 2, transport 2
MOC-R4PCC04U05:749956:750799 [2] NCCL INFO Connected to proxy localRank 2 -> connection 0x7f0cc4005ae8
MOC-R4PCC04U05:749956:750799 [2] NCCL INFO Channel 03/0 : 6[2] -> 2[2] [receive] via NET/IB/1/GDRDMA
MOC-R4PCC04U05:749957:750095 [3] NCCL INFO New proxy send connection 10 from local rank 3, transport 0
MOC-R4PCC04U05:749957:750797 [3] NCCL INFO Connected to proxy localRank 3 -> connection 0x7f35cc0053e0
MOC-R4PCC04U05:749954:750096 [0] NCCL INFO New proxy recv connection 16 from local rank 0, transport 0
MOC-R4PCC04U05:749954:750796 [0] NCCL INFO Connected to proxy localRank 0 -> connection 0x7f64540056b0
MOC-R4PCC04U05:749956:750098 [2] NCCL INFO New proxy recv connection 26 from local rank 2, transport 0
MOC-R4PCC04U05:749956:750799 [2] NCCL INFO Connected to proxy localRank 2 -> connection 0x7f0cc4005b60
MOC-R4PCC04U05:749957:750095 [3] NCCL INFO New proxy send connection 11 from local rank 3, transport 0
MOC-R4PCC04U05:749957:750797 [3] NCCL INFO Connected to proxy localRank 3 -> connection 0x7f35cc005458
MOC-R4PCC04U05:749954:750096 [0] NCCL INFO New proxy recv connection 17 from local rank 0, transport 0
MOC-R4PCC04U05:749954:750796 [0] NCCL INFO Connected to proxy localRank 0 -> connection 0x7f6454005728
MOC-R4PCC04U05:749956:750098 [2] NCCL INFO New proxy recv connection 27 from local rank 2, transport 0
MOC-R4PCC04U05:749956:750799 [2] NCCL INFO Connected to proxy localRank 2 -> connection 0x7f0cc4005bd8
MOC-R4PCC04U05:749957:750095 [3] NCCL INFO New proxy send connection 12 from local rank 3, transport 0
MOC-R4PCC04U05:749957:750797 [3] NCCL INFO Connected to proxy localRank 3 -> connection 0x7f35cc0054d0
MOC-R4PCC04U05:749956:750098 [2] NCCL INFO New proxy recv connection 28 from local rank 2, transport 0
MOC-R4PCC04U05:749956:750799 [2] NCCL INFO Connected to proxy localRank 2 -> connection 0x7f0cc4005c50
MOC-R4PCC04U05:749956:750098 [2] NCCL INFO New proxy recv connection 29 from local rank 2, transport 0
MOC-R4PCC04U05:749956:750799 [2] NCCL INFO Connected to proxy localRank 2 -> connection 0x7f0cc4005cc8
MOC-R4PCC04U05:749957:750095 [3] NCCL INFO New proxy send connection 13 from local rank 3, transport 0
MOC-R4PCC04U05:749957:750797 [3] NCCL INFO Connected to proxy localRank 3 -> connection 0x7f35cc005548
MOC-R4PCC04U05:749957:750095 [3] NCCL INFO New proxy send connection 14 from local rank 3, transport 0
MOC-R4PCC04U05:749957:750797 [3] NCCL INFO Connected to proxy localRank 3 -> connection 0x7f35cc0055c0
MOC-R4PCC04U05:749957:750095 [3] NCCL INFO New proxy send connection 15 from local rank 3, transport 0
MOC-R4PCC04U05:749957:750797 [3] NCCL INFO Connected to proxy localRank 3 -> connection 0x7f35cc005638
MOC-R4PCC04U05:749957:750095 [3] NCCL INFO New proxy send connection 16 from local rank 3, transport 0
MOC-R4PCC04U05:749957:750797 [3] NCCL INFO Connected to proxy localRank 3 -> connection 0x7f35cc0056b0
MOC-R4PCC04U05:749957:750095 [3] NCCL INFO New proxy send connection 17 from local rank 2, transport 0
MOC-R4PCC04U05:749956:750799 [2] NCCL INFO Connected to proxy localRank 3 -> connection 0x7f35cc005728
MOC-R4PCC04U05:749956:750098 [2] NCCL INFO NET/IB: NCCL Dev 1 IbDev 0 Port 1 qpn 12398 mtu 3 query_ece={supported=1, vendor_id=0x15b3, options=0x30000002, comp_mask=0x0} GID 3 (0/C132A8C0FFFF0000) fifoRkey=0x17fdbc fifoLkey=0x17fdbc
MOC-R4PCC04U05:749956:750098 [2] NCCL INFO NET/IB: NCCL Dev 1 IbDev 0 Port 1 qpn 12399 mtu 3 query_ece={supported=1, vendor_id=0x15b3, options=0x30000002, comp_mask=0x0} GID 3 (0/C132A8C0FFFF0000) fifoRkey=0x17f9b8 fifoLkey=0x17f9b8
MOC-R4PCC04U05:749956:750098 [2] NCCL INFO NET/IB: IbDev 0 Port 1 qpn 13097 set_ece={supported=1, vendor_id=0x15b3, options=0x0, comp_mask=0x0}
MOC-R4PCC04U05:749956:750098 [2] NCCL INFO NET/IB: IbDev 0 Port 1 qpn 13100 set_ece={supported=1, vendor_id=0x15b3, options=0x0, comp_mask=0x0}
MOC-R4PCC04U05:749956:750098 [2] NCCL INFO NET/IB: NCCL Dev 1 IbDev 0 Port 1 qpn 12400 mtu 3 query_ece={supported=1, vendor_id=0x15b3, options=0x30000002, comp_mask=0x0} GID 3 (0/C132A8C0FFFF0000) fifoRkey=0x169959 fifoLkey=0x169959
MOC-R4PCC04U05:749956:750098 [2] NCCL INFO NET/IB: NCCL Dev 1 IbDev 0 Port 1 qpn 12403 mtu 3 query_ece={supported=1, vendor_id=0x15b3, options=0x30000002, comp_mask=0x0} GID 3 (0/C132A8C0FFFF0000) fifoRkey=0x175c1c fifoLkey=0x175c1c
MOC-R4PCC04U05:749956:750098 [2] NCCL INFO NET/IB: IbDev 0 Port 1 qpn 10552 set_ece={supported=1, vendor_id=0x15b3, options=0x0, comp_mask=0x0}
MOC-R4PCC04U05:749956:750098 [2] NCCL INFO NET/IB: IbDev 0 Port 1 qpn 10554 set_ece={supported=1, vendor_id=0x15b3, options=0x0, comp_mask=0x0}
step    1/10 | train loss 11.009266 | norm 15.3566 | lr 1.00e-04 | (14328.94 ms | 219537 tok/s)
step    2/10 | train loss 10.139993 | norm 5.7235 | lr 1.00e-04 | (521.11 ms | 6036590 tok/s)
step    3/10 | train loss 9.800397 | norm 2.6013 | lr 1.00e-04 | (519.86 ms | 6051109 tok/s)
step    4/10 | train loss 9.631656 | norm 2.1118 | lr 1.00e-04 | (521.01 ms | 6037731 tok/s)
step    5/10 | train loss 9.548891 | norm 2.0959 | lr 1.00e-04 | (520.91 ms | 6038964 tok/s)
step    6/10 | train loss 9.468088 | norm 1.9942 | lr 1.00e-04 | (521.50 ms | 6032023 tok/s)
step    7/10 | train loss 9.382738 | norm 1.9443 | lr 1.00e-04 | (523.06 ms | 6014099 tok/s)
step    8/10 | train loss 9.291196 | norm 1.9106 | lr 1.00e-04 | (519.31 ms | 6057543 tok/s)
step    9/10 | train loss 9.195949 | norm 1.8556 | lr 1.00e-04 | (520.89 ms | 6039121 tok/s)
step   10/10 | train loss 9.110965 | norm 1.7932 | lr 1.00e-04 | (522.68 ms | 6018486 tok/s)
final 9 iters avg: 521.147ms
peak memory consumption: 16601 MiB
