Running pytorch 2.7.0+cu126
using device: cuda:0
total desired batch size: 2621440
=> calculated gradient accumulation steps: 5
using device: cuda:3
using device: cuda:1
using device: cuda:2
compiling the model...
DataLoader: total number of tokens: 1,661,249,667 across 103 files
MOC-R4PCC04U05:691496:691496 [0] NCCL INFO NCCL_SOCKET_IFNAME set to eno7np0
MOC-R4PCC04U05:691496:691496 [0] NCCL INFO NCCL version 2.26.2+cuda12.2
MOC-R4PCC04U05:691496:691600 [0] NCCL INFO NET/Plugin: Could not find: libnccl-net.so. Using internal net plugin.
MOC-R4PCC04U05:691496:691600 [0] NCCL INFO NCCL_IB_HCA set to mlx5_5
MOC-R4PCC04U05:691496:691600 [0] NCCL INFO NET/IB : Made virtual device [0] name=mlx5_5 speed=400000 ndevs=1
MOC-R4PCC04U05:691496:691600 [0] NCCL INFO NET/IB : Using [0]mlx5_5:1/RoCE [RO]; OOB eno7np0:192.168.50.193<0>
MOC-R4PCC04U05:691497:691497 [1] NCCL INFO NCCL_SOCKET_IFNAME set to eno7np0
MOC-R4PCC04U05:691497:691497 [1] NCCL INFO NCCL version 2.26.2+cuda12.2
MOC-R4PCC04U05:691499:691499 [3] NCCL INFO NCCL_SOCKET_IFNAME set to eno7np0
MOC-R4PCC04U05:691498:691498 [2] NCCL INFO NCCL_SOCKET_IFNAME set to eno7np0
MOC-R4PCC04U05:691499:691499 [3] NCCL INFO NCCL version 2.26.2+cuda12.2
MOC-R4PCC04U05:691498:691498 [2] NCCL INFO NCCL version 2.26.2+cuda12.2
MOC-R4PCC04U05:691497:691623 [1] NCCL INFO NET/Plugin: Could not find: libnccl-net.so. Using internal net plugin.
MOC-R4PCC04U05:691499:691625 [3] NCCL INFO NET/Plugin: Could not find: libnccl-net.so. Using internal net plugin.
MOC-R4PCC04U05:691497:691623 [1] NCCL INFO NCCL_IB_HCA set to mlx5_5
MOC-R4PCC04U05:691498:691624 [2] NCCL INFO NET/Plugin: Could not find: libnccl-net.so. Using internal net plugin.
MOC-R4PCC04U05:691499:691625 [3] NCCL INFO NCCL_IB_HCA set to mlx5_5
MOC-R4PCC04U05:691498:691624 [2] NCCL INFO NCCL_IB_HCA set to mlx5_5
MOC-R4PCC04U05:691497:691623 [1] NCCL INFO NET/IB : Made virtual device [0] name=mlx5_5 speed=400000 ndevs=1
MOC-R4PCC04U05:691497:691623 [1] NCCL INFO NET/IB : Using [0]mlx5_5:1/RoCE [RO]; OOB eno7np0:192.168.50.193<0>
MOC-R4PCC04U05:691499:691625 [3] NCCL INFO NET/IB : Made virtual device [0] name=mlx5_5 speed=400000 ndevs=1
MOC-R4PCC04U05:691499:691625 [3] NCCL INFO NET/IB : Using [0]mlx5_5:1/RoCE [RO]; OOB eno7np0:192.168.50.193<0>
MOC-R4PCC04U05:691498:691624 [2] NCCL INFO NET/IB : Made virtual device [0] name=mlx5_5 speed=400000 ndevs=1
MOC-R4PCC04U05:691498:691624 [2] NCCL INFO NET/IB : Using [0]mlx5_5:1/RoCE [RO]; OOB eno7np0:192.168.50.193<0>
MOC-R4PCC04U05:691499:691625 [3] NCCL INFO NET/IB : GPU Direct RDMA Enabled for HCA 0 'mlx5_5'
MOC-R4PCC04U05:691499:691625 [3] NCCL INFO NET/IB : Made virtual device [1] name=mlx5_5 speed=400000 ndevs=1
MOC-R4PCC04U05:691499:691625 [3] NCCL INFO NET/IB : GPU Direct RDMA Enabled for HCA 0 'mlx5_5'
MOC-R4PCC04U05:691499:691625 [3] NCCL INFO NET/IB : GPU Direct RDMA Enabled for HCA 1 'mlx5_5'
MOC-R4PCC04U05:691496:691600 [0] NCCL INFO NET/IB : GPU Direct RDMA Enabled for HCA 0 'mlx5_5'
MOC-R4PCC04U05:691496:691600 [0] NCCL INFO NET/IB : Made virtual device [1] name=mlx5_5 speed=400000 ndevs=1
MOC-R4PCC04U05:691496:691600 [0] NCCL INFO NET/IB : GPU Direct RDMA Enabled for HCA 0 'mlx5_5'
MOC-R4PCC04U05:691496:691600 [0] NCCL INFO NET/IB : GPU Direct RDMA Enabled for HCA 1 'mlx5_5'
MOC-R4PCC04U05:691497:691623 [1] NCCL INFO NET/IB : GPU Direct RDMA Enabled for HCA 0 'mlx5_5'
MOC-R4PCC04U05:691498:691624 [2] NCCL INFO NET/IB : GPU Direct RDMA Enabled for HCA 0 'mlx5_5'
MOC-R4PCC04U05:691497:691623 [1] NCCL INFO NET/IB : Made virtual device [1] name=mlx5_5 speed=400000 ndevs=1
MOC-R4PCC04U05:691497:691623 [1] NCCL INFO NET/IB : GPU Direct RDMA Enabled for HCA 0 'mlx5_5'
MOC-R4PCC04U05:691498:691624 [2] NCCL INFO NET/IB : Made virtual device [1] name=mlx5_5 speed=400000 ndevs=1
MOC-R4PCC04U05:691497:691623 [1] NCCL INFO NET/IB : GPU Direct RDMA Enabled for HCA 1 'mlx5_5'
MOC-R4PCC04U05:691498:691624 [2] NCCL INFO NET/IB : GPU Direct RDMA Enabled for HCA 0 'mlx5_5'
MOC-R4PCC04U05:691498:691624 [2] NCCL INFO NET/IB : GPU Direct RDMA Enabled for HCA 1 'mlx5_5'
MOC-R4PCC04U05:691499:691625 [3] NCCL INFO NCCL_NET_GDR_LEVEL set by environment to LOC
MOC-R4PCC04U05:691499:691625 [3] NCCL INFO GPU Direct RDMA Disabled for GPU 0 / HCA 1 (distance 5 > 0)
MOC-R4PCC04U05:691499:691625 [3] NCCL INFO GPU Direct RDMA Disabled for GPU 1 / HCA 1 (distance 5 > 0)
MOC-R4PCC04U05:691499:691625 [3] NCCL INFO GPU Direct RDMA Disabled for GPU 2 / HCA 1 (distance 5 > 0)
MOC-R4PCC04U05:691496:691600 [0] NCCL INFO NCCL_NET_GDR_LEVEL set by environment to LOC
MOC-R4PCC04U05:691496:691600 [0] NCCL INFO GPU Direct RDMA Disabled for GPU 0 / HCA 1 (distance 5 > 0)
MOC-R4PCC04U05:691496:691600 [0] NCCL INFO GPU Direct RDMA Disabled for GPU 1 / HCA 1 (distance 5 > 0)
MOC-R4PCC04U05:691496:691600 [0] NCCL INFO GPU Direct RDMA Disabled for GPU 2 / HCA 1 (distance 5 > 0)
MOC-R4PCC04U05:691499:691625 [3] NCCL INFO GPU Direct RDMA Disabled for GPU 0 / HCA 1 (distance 5 > 0)
MOC-R4PCC04U05:691499:691625 [3] NCCL INFO GPU Direct RDMA Disabled for GPU 1 / HCA 1 (distance 5 > 0)
MOC-R4PCC04U05:691499:691625 [3] NCCL INFO GPU Direct RDMA Disabled for GPU 2 / HCA 1 (distance 5 > 0)
MOC-R4PCC04U05:691496:691600 [0] NCCL INFO GPU Direct RDMA Disabled for GPU 0 / HCA 1 (distance 5 > 0)
MOC-R4PCC04U05:691496:691600 [0] NCCL INFO GPU Direct RDMA Disabled for GPU 1 / HCA 1 (distance 5 > 0)
MOC-R4PCC04U05:691496:691600 [0] NCCL INFO GPU Direct RDMA Disabled for GPU 2 / HCA 1 (distance 5 > 0)
MOC-R4PCC04U05:691497:691623 [1] NCCL INFO NCCL_NET_GDR_LEVEL set by environment to LOC
MOC-R4PCC04U05:691497:691623 [1] NCCL INFO GPU Direct RDMA Disabled for GPU 0 / HCA 1 (distance 5 > 0)
MOC-R4PCC04U05:691497:691623 [1] NCCL INFO GPU Direct RDMA Disabled for GPU 1 / HCA 1 (distance 5 > 0)
MOC-R4PCC04U05:691497:691623 [1] NCCL INFO GPU Direct RDMA Disabled for GPU 2 / HCA 1 (distance 5 > 0)
MOC-R4PCC04U05:691497:691623 [1] NCCL INFO GPU Direct RDMA Disabled for GPU 0 / HCA 1 (distance 5 > 0)
MOC-R4PCC04U05:691497:691623 [1] NCCL INFO GPU Direct RDMA Disabled for GPU 1 / HCA 1 (distance 5 > 0)
MOC-R4PCC04U05:691497:691623 [1] NCCL INFO GPU Direct RDMA Disabled for GPU 2 / HCA 1 (distance 5 > 0)
MOC-R4PCC04U05:691498:691624 [2] NCCL INFO NCCL_NET_GDR_LEVEL set by environment to LOC
MOC-R4PCC04U05:691498:691624 [2] NCCL INFO GPU Direct RDMA Disabled for GPU 0 / HCA 1 (distance 5 > 0)
MOC-R4PCC04U05:691498:691624 [2] NCCL INFO GPU Direct RDMA Disabled for GPU 1 / HCA 1 (distance 5 > 0)
MOC-R4PCC04U05:691498:691624 [2] NCCL INFO GPU Direct RDMA Disabled for GPU 2 / HCA 1 (distance 5 > 0)
MOC-R4PCC04U05:691498:691624 [2] NCCL INFO GPU Direct RDMA Disabled for GPU 0 / HCA 1 (distance 5 > 0)
MOC-R4PCC04U05:691498:691624 [2] NCCL INFO GPU Direct RDMA Disabled for GPU 1 / HCA 1 (distance 5 > 0)
MOC-R4PCC04U05:691498:691624 [2] NCCL INFO GPU Direct RDMA Disabled for GPU 2 / HCA 1 (distance 5 > 0)
MOC-R4PCC04U05:691497:691643 [1] NCCL INFO New proxy recv connection 0 from local rank 1, transport 0
MOC-R4PCC04U05:691497:691645 [1] NCCL INFO Connected to proxy localRank 1 -> connection 0x7fea88004f30
MOC-R4PCC04U05:691499:691638 [3] NCCL INFO New proxy recv connection 0 from local rank 3, transport 0
MOC-R4PCC04U05:691499:691646 [3] NCCL INFO Connected to proxy localRank 3 -> connection 0x7ef9a0004f30
MOC-R4PCC04U05:691497:691643 [1] NCCL INFO New proxy recv connection 1 from local rank 1, transport 0
MOC-R4PCC04U05:691497:691645 [1] NCCL INFO Connected to proxy localRank 1 -> connection 0x7fea88004fa8
MOC-R4PCC04U05:691499:691638 [3] NCCL INFO New proxy recv connection 1 from local rank 3, transport 0
MOC-R4PCC04U05:691499:691646 [3] NCCL INFO Connected to proxy localRank 3 -> connection 0x7ef9a0004fa8
MOC-R4PCC04U05:691496:691637 [0] NCCL INFO New proxy send connection 0 from local rank 0, transport 0
MOC-R4PCC04U05:691496:691647 [0] NCCL INFO Connected to proxy localRank 0 -> connection 0x7f0fbc004f30
MOC-R4PCC04U05:691499:691646 [3] NCCL INFO GPU Direct RDMA Disabled for GPU 3 / HCA 1 (distance 7 > 0)
MOC-R4PCC04U05:691496:691637 [0] NCCL INFO New proxy send connection 1 from local rank 0, transport 0
MOC-R4PCC04U05:691496:691647 [0] NCCL INFO Connected to proxy localRank 0 -> connection 0x7f0fbc004fa8
MOC-R4PCC04U05:691498:691639 [2] NCCL INFO New proxy recv connection 0 from local rank 2, transport 0
MOC-R4PCC04U05:691498:691648 [2] NCCL INFO Connected to proxy localRank 2 -> connection 0x7f1d38004f30
MOC-R4PCC04U05:691498:691639 [2] NCCL INFO New proxy recv connection 1 from local rank 2, transport 0
MOC-R4PCC04U05:691498:691648 [2] NCCL INFO Connected to proxy localRank 2 -> connection 0x7f1d38004fa8
MOC-R4PCC04U05:691498:691648 [2] NCCL INFO GPU Direct RDMA Disabled for GPU 2 / HCA 1 (distance 7 > 0)
MOC-R4PCC04U05:691496:691637 [0] NCCL INFO New proxy send connection 2 from local rank 0, transport 0
MOC-R4PCC04U05:691496:691647 [0] NCCL INFO Connected to proxy localRank 0 -> connection 0x7f0fbc005020
MOC-R4PCC04U05:691496:691637 [0] NCCL INFO New proxy send connection 3 from local rank 0, transport 0
MOC-R4PCC04U05:691496:691647 [0] NCCL INFO Connected to proxy localRank 0 -> connection 0x7f0fbc005098
MOC-R4PCC04U05:691499:691638 [3] NCCL INFO New proxy send connection 2 from local rank 3, transport 2
MOC-R4PCC04U05:691499:691646 [3] NCCL INFO Connected to proxy localRank 3 -> connection 0x7ef9a0005020
MOC-R4PCC04U05:691499:691646 [3] NCCL INFO Channel 00/0 : 3[3] -> 6[2] [send] via NET/IB/1
MOC-R4PCC04U05:691499:691646 [3] NCCL INFO GPU Direct RDMA Disabled for GPU 3 / HCA 1 (distance 7 > 0)
MOC-R4PCC04U05:691499:691638 [3] NCCL INFO New proxy send connection 3 from local rank 3, transport 2
MOC-R4PCC04U05:691499:691646 [3] NCCL INFO Connected to proxy localRank 3 -> connection 0x7ef9a0005098
MOC-R4PCC04U05:691499:691646 [3] NCCL INFO Channel 02/0 : 3[3] -> 6[2] [send] via NET/IB/1
MOC-R4PCC04U05:691496:691637 [0] NCCL INFO New proxy recv connection 4 from local rank 0, transport 0
MOC-R4PCC04U05:691496:691647 [0] NCCL INFO Connected to proxy localRank 0 -> connection 0x7f0fbc005110
MOC-R4PCC04U05:691498:691639 [2] NCCL INFO New proxy recv connection 2 from local rank 2, transport 2
MOC-R4PCC04U05:691498:691648 [2] NCCL INFO Connected to proxy localRank 2 -> connection 0x7f1d38005020
MOC-R4PCC04U05:691498:691648 [2] NCCL INFO Channel 00/0 : 15[3] -> 2[2] [receive] via NET/IB/1
MOC-R4PCC04U05:691498:691648 [2] NCCL INFO GPU Direct RDMA Disabled for GPU 2 / HCA 1 (distance 7 > 0)
MOC-R4PCC04U05:691498:691639 [2] NCCL INFO New proxy recv connection 3 from local rank 2, transport 2
MOC-R4PCC04U05:691498:691648 [2] NCCL INFO Connected to proxy localRank 2 -> connection 0x7f1d38005098
MOC-R4PCC04U05:691498:691648 [2] NCCL INFO Channel 02/0 : 15[3] -> 2[2] [receive] via NET/IB/1
MOC-R4PCC04U05:691496:691637 [0] NCCL INFO New proxy recv connection 5 from local rank 0, transport 0
MOC-R4PCC04U05:691496:691647 [0] NCCL INFO Connected to proxy localRank 0 -> connection 0x7f0fbc005188
MOC-R4PCC04U05:691496:691637 [0] NCCL INFO New proxy recv connection 6 from local rank 0, transport 0
MOC-R4PCC04U05:691496:691647 [0] NCCL INFO Connected to proxy localRank 0 -> connection 0x7f0fbc005200
MOC-R4PCC04U05:691496:691637 [0] NCCL INFO New proxy recv connection 7 from local rank 0, transport 0
MOC-R4PCC04U05:691496:691647 [0] NCCL INFO Connected to proxy localRank 0 -> connection 0x7f0fbc005278
MOC-R4PCC04U05:691498:691648 [2] NCCL INFO GPU Direct RDMA Disabled for GPU 2 / HCA 1 (distance 7 > 0)
MOC-R4PCC04U05:691498:691639 [2] NCCL INFO New proxy send connection 4 from local rank 2, transport 2
MOC-R4PCC04U05:691498:691648 [2] NCCL INFO Connected to proxy localRank 2 -> connection 0x7f1d38005110
MOC-R4PCC04U05:691498:691648 [2] NCCL INFO Channel 01/0 : 2[2] -> 7[3] [send] via NET/IB/1
MOC-R4PCC04U05:691498:691648 [2] NCCL INFO GPU Direct RDMA Disabled for GPU 2 / HCA 1 (distance 7 > 0)
MOC-R4PCC04U05:691498:691639 [2] NCCL INFO New proxy send connection 5 from local rank 2, transport 2
MOC-R4PCC04U05:691498:691648 [2] NCCL INFO Connected to proxy localRank 2 -> connection 0x7f1d38005188
MOC-R4PCC04U05:691498:691648 [2] NCCL INFO Channel 03/0 : 2[2] -> 7[3] [send] via NET/IB/1
MOC-R4PCC04U05:691499:691646 [3] NCCL INFO GPU Direct RDMA Disabled for GPU 3 / HCA 1 (distance 7 > 0)
MOC-R4PCC04U05:691499:691638 [3] NCCL INFO New proxy recv connection 4 from local rank 3, transport 2
MOC-R4PCC04U05:691499:691646 [3] NCCL INFO Connected to proxy localRank 3 -> connection 0x7ef9a0005110
MOC-R4PCC04U05:691499:691646 [3] NCCL INFO Channel 01/0 : 14[2] -> 3[3] [receive] via NET/IB/1
MOC-R4PCC04U05:691499:691646 [3] NCCL INFO GPU Direct RDMA Disabled for GPU 3 / HCA 1 (distance 7 > 0)
MOC-R4PCC04U05:691499:691638 [3] NCCL INFO New proxy recv connection 5 from local rank 3, transport 2
MOC-R4PCC04U05:691499:691646 [3] NCCL INFO Connected to proxy localRank 3 -> connection 0x7ef9a0005188
MOC-R4PCC04U05:691499:691646 [3] NCCL INFO Channel 03/0 : 14[2] -> 3[3] [receive] via NET/IB/1
MOC-R4PCC04U05:691499:691638 [3] NCCL INFO New proxy send connection 6 from local rank 3, transport 0
MOC-R4PCC04U05:691499:691646 [3] NCCL INFO Connected to proxy localRank 3 -> connection 0x7ef9a0005200
MOC-R4PCC04U05:691499:691638 [3] NCCL INFO New proxy send connection 7 from local rank 3, transport 0
MOC-R4PCC04U05:691499:691646 [3] NCCL INFO Connected to proxy localRank 3 -> connection 0x7ef9a0005278
MOC-R4PCC04U05:691497:691643 [1] NCCL INFO New proxy recv connection 2 from local rank 1, transport 0
MOC-R4PCC04U05:691496:691637 [0] NCCL INFO New proxy send connection 8 from local rank 3, transport 0
MOC-R4PCC04U05:691497:691645 [1] NCCL INFO Connected to proxy localRank 1 -> connection 0x7fea88005020
MOC-R4PCC04U05:691499:691646 [3] NCCL INFO Connected to proxy localRank 0 -> connection 0x7f0fbc0052f0
MOC-R4PCC04U05:691497:691643 [1] NCCL INFO New proxy recv connection 3 from local rank 1, transport 0
MOC-R4PCC04U05:691497:691645 [1] NCCL INFO Connected to proxy localRank 1 -> connection 0x7fea88005098
MOC-R4PCC04U05:691497:691643 [1] NCCL INFO New proxy send connection 4 from local rank 1, transport 0
MOC-R4PCC04U05:691497:691645 [1] NCCL INFO Connected to proxy localRank 1 -> connection 0x7fea88005110
MOC-R4PCC04U05:691498:691639 [2] NCCL INFO New proxy send connection 6 from local rank 2, transport 0
MOC-R4PCC04U05:691498:691648 [2] NCCL INFO Connected to proxy localRank 2 -> connection 0x7f1d38005200
MOC-R4PCC04U05:691497:691643 [1] NCCL INFO New proxy send connection 5 from local rank 1, transport 0
MOC-R4PCC04U05:691497:691645 [1] NCCL INFO Connected to proxy localRank 1 -> connection 0x7fea88005188
MOC-R4PCC04U05:691498:691639 [2] NCCL INFO New proxy send connection 7 from local rank 2, transport 0
MOC-R4PCC04U05:691498:691648 [2] NCCL INFO Connected to proxy localRank 2 -> connection 0x7f1d38005278
MOC-R4PCC04U05:691497:691643 [1] NCCL INFO New proxy send connection 6 from local rank 1, transport 0
MOC-R4PCC04U05:691497:691645 [1] NCCL INFO Connected to proxy localRank 1 -> connection 0x7fea88005200
MOC-R4PCC04U05:691497:691643 [1] NCCL INFO New proxy send connection 7 from local rank 1, transport 0
MOC-R4PCC04U05:691497:691645 [1] NCCL INFO Connected to proxy localRank 1 -> connection 0x7fea88005278
MOC-R4PCC04U05:691497:691643 [1] NCCL INFO New proxy send connection 8 from local rank 3, transport 0
MOC-R4PCC04U05:691499:691646 [3] NCCL INFO Connected to proxy localRank 1 -> connection 0x7fea880052f0
MOC-R4PCC04U05:691496:691637 [0] NCCL INFO New proxy send connection 9 from local rank 2, transport 0
MOC-R4PCC04U05:691498:691648 [2] NCCL INFO Connected to proxy localRank 0 -> connection 0x7f0fbc005368
MOC-R4PCC04U05:691498:691639 [2] NCCL INFO New proxy send connection 8 from local rank 0, transport 0
MOC-R4PCC04U05:691499:691638 [3] NCCL INFO New proxy send connection 8 from local rank 1, transport 0
MOC-R4PCC04U05:691497:691645 [1] NCCL INFO Connected to proxy localRank 3 -> connection 0x7ef9a00052f0
MOC-R4PCC04U05:691496:691647 [0] NCCL INFO Connected to proxy localRank 2 -> connection 0x7f1d380052f0
MOC-R4PCC04U05:691497:691643 [1] NCCL INFO New proxy send connection 9 from local rank 2, transport 0
MOC-R4PCC04U05:691498:691648 [2] NCCL INFO Connected to proxy localRank 1 -> connection 0x7fea88005368
MOC-R4PCC04U05:691498:691639 [2] NCCL INFO NET/IB: NCCL Dev 1 IbDev 0 Port 1 qpn 11354 mtu 3 query_ece={supported=1, vendor_id=0x15b3, options=0x30000002, comp_mask=0x0} GID 3 (0/C132A8C0FFFF0000) fifoRkey=0x175412 fifoLkey=0x175412
MOC-R4PCC04U05:691496:691637 [0] NCCL INFO New proxy send connection 10 from local rank 1, transport 0
MOC-R4PCC04U05:691497:691645 [1] NCCL INFO Connected to proxy localRank 0 -> connection 0x7f0fbc0053e0
MOC-R4PCC04U05:691498:691639 [2] NCCL INFO NET/IB: NCCL Dev 1 IbDev 0 Port 1 qpn 11355 mtu 3 query_ece={supported=1, vendor_id=0x15b3, options=0x30000002, comp_mask=0x0} GID 3 (0/C132A8C0FFFF0000) fifoRkey=0x17d796 fifoLkey=0x17d796
MOC-R4PCC04U05:691498:691639 [2] NCCL INFO NET/IB: IbDev 0 Port 1 qpn 11536 set_ece={supported=1, vendor_id=0x15b3, options=0x0, comp_mask=0x0}
MOC-R4PCC04U05:691499:691638 [3] NCCL INFO New proxy send connection 9 from local rank 0, transport 0
MOC-R4PCC04U05:691496:691647 [0] NCCL INFO Connected to proxy localRank 3 -> connection 0x7ef9a0005368
MOC-R4PCC04U05:691498:691639 [2] NCCL INFO NET/IB: IbDev 0 Port 1 qpn 11538 set_ece={supported=1, vendor_id=0x15b3, options=0x0, comp_mask=0x0}
MOC-R4PCC04U05:691499:691638 [3] NCCL INFO NET/IB: NCCL Dev 1 IbDev 0 Port 1 qpn 11360 mtu 3 query_ece={supported=1, vendor_id=0x15b3, options=0x30000002, comp_mask=0x0} GID 3 (0/C132A8C0FFFF0000) fifoRkey=0x17bf7e fifoLkey=0x17bf7e
MOC-R4PCC04U05:691499:691638 [3] NCCL INFO NET/IB: NCCL Dev 1 IbDev 0 Port 1 qpn 11361 mtu 3 query_ece={supported=1, vendor_id=0x15b3, options=0x30000002, comp_mask=0x0} GID 3 (0/C132A8C0FFFF0000) fifoRkey=0x17601f fifoLkey=0x17601f
MOC-R4PCC04U05:691499:691638 [3] NCCL INFO NET/IB: IbDev 0 Port 1 qpn 11542 set_ece={supported=1, vendor_id=0x15b3, options=0x0, comp_mask=0x0}
MOC-R4PCC04U05:691499:691638 [3] NCCL INFO NET/IB: IbDev 0 Port 1 qpn 11544 set_ece={supported=1, vendor_id=0x15b3, options=0x0, comp_mask=0x0}
MOC-R4PCC04U05:691497:691643 [1] NCCL INFO New proxy send connection 10 from local rank 0, transport 0
MOC-R4PCC04U05:691496:691647 [0] NCCL INFO Connected to proxy localRank 1 -> connection 0x7fea880053e0
MOC-R4PCC04U05:691498:691639 [2] NCCL INFO New proxy send connection 9 from local rank 1, transport 0
MOC-R4PCC04U05:691497:691645 [1] NCCL INFO Connected to proxy localRank 2 -> connection 0x7f1d38005368
num decayed parameter tensors: 50, with 124,318,464 parameters
num non-decayed parameter tensors: 98, with 121,344 parameters
using fused AdamW: False
using regular AdamW
MOC-R4PCC04U05:691497:691643 [1] NCCL INFO New proxy recv connection 11 from local rank 1, transport 0
MOC-R4PCC04U05:691497:692341 [1] NCCL INFO Connected to proxy localRank 1 -> connection 0x7fea88005458
MOC-R4PCC04U05:691497:691643 [1] NCCL INFO New proxy recv connection 12 from local rank 1, transport 0
MOC-R4PCC04U05:691497:692341 [1] NCCL INFO Connected to proxy localRank 1 -> connection 0x7fea880054d0
MOC-R4PCC04U05:691497:691643 [1] NCCL INFO New proxy recv connection 13 from local rank 1, transport 0
MOC-R4PCC04U05:691497:692341 [1] NCCL INFO Connected to proxy localRank 1 -> connection 0x7fea88005548
MOC-R4PCC04U05:691497:691643 [1] NCCL INFO New proxy recv connection 14 from local rank 1, transport 0
MOC-R4PCC04U05:691497:692341 [1] NCCL INFO Connected to proxy localRank 1 -> connection 0x7fea880055c0
MOC-R4PCC04U05:691497:691643 [1] NCCL INFO New proxy send connection 15 from local rank 1, transport 0
MOC-R4PCC04U05:691497:692341 [1] NCCL INFO Connected to proxy localRank 1 -> connection 0x7fea88005638
MOC-R4PCC04U05:691497:691643 [1] NCCL INFO New proxy send connection 16 from local rank 1, transport 0
MOC-R4PCC04U05:691497:692341 [1] NCCL INFO Connected to proxy localRank 1 -> connection 0x7fea880056b0
MOC-R4PCC04U05:691497:691643 [1] NCCL INFO New proxy send connection 17 from local rank 1, transport 0
MOC-R4PCC04U05:691497:692341 [1] NCCL INFO Connected to proxy localRank 1 -> connection 0x7fea88005728
MOC-R4PCC04U05:691497:691643 [1] NCCL INFO New proxy send connection 18 from local rank 1, transport 0
MOC-R4PCC04U05:691497:692341 [1] NCCL INFO Connected to proxy localRank 1 -> connection 0x7fea880057a0
MOC-R4PCC04U05:691499:691638 [3] NCCL INFO New proxy recv connection 10 from local rank 3, transport 0
MOC-R4PCC04U05:691499:692342 [3] NCCL INFO Connected to proxy localRank 3 -> connection 0x7ef9a00053e0
MOC-R4PCC04U05:691499:691638 [3] NCCL INFO New proxy recv connection 11 from local rank 3, transport 0
MOC-R4PCC04U05:691499:692342 [3] NCCL INFO Connected to proxy localRank 3 -> connection 0x7ef9a0005458
MOC-R4PCC04U05:691496:691637 [0] NCCL INFO New proxy send connection 11 from local rank 0, transport 0
MOC-R4PCC04U05:691496:692343 [0] NCCL INFO Connected to proxy localRank 0 -> connection 0x7f0fbc005458
MOC-R4PCC04U05:691496:691637 [0] NCCL INFO New proxy send connection 12 from local rank 0, transport 0
MOC-R4PCC04U05:691496:692343 [0] NCCL INFO Connected to proxy localRank 0 -> connection 0x7f0fbc0054d0
MOC-R4PCC04U05:691496:691637 [0] NCCL INFO New proxy send connection 13 from local rank 0, transport 0
MOC-R4PCC04U05:691496:692343 [0] NCCL INFO Connected to proxy localRank 0 -> connection 0x7f0fbc005548
MOC-R4PCC04U05:691496:691637 [0] NCCL INFO New proxy send connection 14 from local rank 0, transport 0
MOC-R4PCC04U05:691496:692343 [0] NCCL INFO Connected to proxy localRank 0 -> connection 0x7f0fbc0055c0
MOC-R4PCC04U05:691496:691637 [0] NCCL INFO New proxy send connection 15 from local rank 0, transport 0
MOC-R4PCC04U05:691496:692343 [0] NCCL INFO Connected to proxy localRank 0 -> connection 0x7f0fbc005638
MOC-R4PCC04U05:691496:691637 [0] NCCL INFO New proxy send connection 16 from local rank 0, transport 0
MOC-R4PCC04U05:691496:692343 [0] NCCL INFO Connected to proxy localRank 0 -> connection 0x7f0fbc0056b0
MOC-R4PCC04U05:691499:692342 [3] NCCL INFO GPU Direct RDMA Disabled for GPU 3 / HCA 1 (distance 7 > 0)
MOC-R4PCC04U05:691496:691637 [0] NCCL INFO New proxy recv connection 17 from local rank 0, transport 0
MOC-R4PCC04U05:691499:691638 [3] NCCL INFO New proxy send connection 12 from local rank 3, transport 2
MOC-R4PCC04U05:691496:692343 [0] NCCL INFO Connected to proxy localRank 0 -> connection 0x7f0fbc005728
MOC-R4PCC04U05:691499:692342 [3] NCCL INFO Connected to proxy localRank 3 -> connection 0x7ef9a00054d0
MOC-R4PCC04U05:691499:692342 [3] NCCL INFO Channel 02/0 : 3[3] -> 7[3] [send] via NET/IB/1
MOC-R4PCC04U05:691499:692342 [3] NCCL INFO GPU Direct RDMA Disabled for GPU 3 / HCA 1 (distance 7 > 0)
MOC-R4PCC04U05:691499:691638 [3] NCCL INFO New proxy send connection 13 from local rank 3, transport 2
MOC-R4PCC04U05:691499:692342 [3] NCCL INFO Connected to proxy localRank 3 -> connection 0x7ef9a0005548
MOC-R4PCC04U05:691499:692342 [3] NCCL INFO Channel 03/0 : 3[3] -> 7[3] [send] via NET/IB/1
MOC-R4PCC04U05:691496:691637 [0] NCCL INFO New proxy recv connection 18 from local rank 0, transport 0
MOC-R4PCC04U05:691496:692343 [0] NCCL INFO Connected to proxy localRank 0 -> connection 0x7f0fbc0057a0
MOC-R4PCC04U05:691496:691637 [0] NCCL INFO New proxy recv connection 19 from local rank 0, transport 0
MOC-R4PCC04U05:691496:692343 [0] NCCL INFO Connected to proxy localRank 0 -> connection 0x7f0fbc005818
MOC-R4PCC04U05:691496:691637 [0] NCCL INFO New proxy recv connection 20 from local rank 0, transport 0
MOC-R4PCC04U05:691496:692343 [0] NCCL INFO Connected to proxy localRank 0 -> connection 0x7f0fbc005890
MOC-R4PCC04U05:691499:692342 [3] NCCL INFO GPU Direct RDMA Disabled for GPU 3 / HCA 1 (distance 7 > 0)
MOC-R4PCC04U05:691499:691638 [3] NCCL INFO New proxy recv connection 14 from local rank 3, transport 2
MOC-R4PCC04U05:691499:692342 [3] NCCL INFO Connected to proxy localRank 3 -> connection 0x7ef9a00055c0
MOC-R4PCC04U05:691499:692342 [3] NCCL INFO Channel 00/0 : 11[3] -> 3[3] [receive] via NET/IB/1
MOC-R4PCC04U05:691499:692342 [3] NCCL INFO GPU Direct RDMA Disabled for GPU 3 / HCA 1 (distance 7 > 0)
MOC-R4PCC04U05:691499:691638 [3] NCCL INFO New proxy recv connection 15 from local rank 3, transport 2
MOC-R4PCC04U05:691499:692342 [3] NCCL INFO Connected to proxy localRank 3 -> connection 0x7ef9a0005638
MOC-R4PCC04U05:691499:692342 [3] NCCL INFO Channel 01/0 : 11[3] -> 3[3] [receive] via NET/IB/1
MOC-R4PCC04U05:691499:692342 [3] NCCL INFO GPU Direct RDMA Disabled for GPU 3 / HCA 1 (distance 7 > 0)
MOC-R4PCC04U05:691499:691638 [3] NCCL INFO New proxy send connection 16 from local rank 3, transport 2
MOC-R4PCC04U05:691499:692342 [3] NCCL INFO Connected to proxy localRank 3 -> connection 0x7ef9a00056b0
MOC-R4PCC04U05:691499:692342 [3] NCCL INFO Channel 00/0 : 3[3] -> 11[3] [send] via NET/IB/1
MOC-R4PCC04U05:691499:692342 [3] NCCL INFO GPU Direct RDMA Disabled for GPU 3 / HCA 1 (distance 7 > 0)
MOC-R4PCC04U05:691499:691638 [3] NCCL INFO New proxy send connection 17 from local rank 3, transport 2
MOC-R4PCC04U05:691499:692342 [3] NCCL INFO Connected to proxy localRank 3 -> connection 0x7ef9a0005728
MOC-R4PCC04U05:691499:692342 [3] NCCL INFO Channel 01/0 : 3[3] -> 11[3] [send] via NET/IB/1
MOC-R4PCC04U05:691499:692342 [3] NCCL INFO GPU Direct RDMA Disabled for GPU 3 / HCA 1 (distance 7 > 0)
MOC-R4PCC04U05:691499:691638 [3] NCCL INFO New proxy recv connection 18 from local rank 3, transport 2
MOC-R4PCC04U05:691499:692342 [3] NCCL INFO Connected to proxy localRank 3 -> connection 0x7ef9a00057a0
MOC-R4PCC04U05:691499:692342 [3] NCCL INFO Channel 02/0 : 7[3] -> 3[3] [receive] via NET/IB/1
MOC-R4PCC04U05:691499:692342 [3] NCCL INFO GPU Direct RDMA Disabled for GPU 3 / HCA 1 (distance 7 > 0)
MOC-R4PCC04U05:691499:691638 [3] NCCL INFO New proxy recv connection 19 from local rank 3, transport 2
MOC-R4PCC04U05:691499:692342 [3] NCCL INFO Connected to proxy localRank 3 -> connection 0x7ef9a0005818
MOC-R4PCC04U05:691499:692342 [3] NCCL INFO Channel 03/0 : 7[3] -> 3[3] [receive] via NET/IB/1
MOC-R4PCC04U05:691499:691638 [3] NCCL INFO New proxy send connection 20 from local rank 3, transport 0
MOC-R4PCC04U05:691499:692342 [3] NCCL INFO Connected to proxy localRank 3 -> connection 0x7ef9a0005890
MOC-R4PCC04U05:691499:691638 [3] NCCL INFO New proxy send connection 21 from local rank 3, transport 0
MOC-R4PCC04U05:691499:692342 [3] NCCL INFO Connected to proxy localRank 3 -> connection 0x7ef9a0005908
MOC-R4PCC04U05:691499:691638 [3] NCCL INFO New proxy send connection 22 from local rank 3, transport 0
MOC-R4PCC04U05:691499:692342 [3] NCCL INFO Connected to proxy localRank 3 -> connection 0x7ef9a0005980
MOC-R4PCC04U05:691499:691638 [3] NCCL INFO New proxy send connection 23 from local rank 3, transport 0
MOC-R4PCC04U05:691499:692342 [3] NCCL INFO Connected to proxy localRank 3 -> connection 0x7ef9a00059f8
MOC-R4PCC04U05:691499:691638 [3] NCCL INFO NET/IB: NCCL Dev 1 IbDev 0 Port 1 qpn 11366 mtu 3 query_ece={supported=1, vendor_id=0x15b3, options=0x30000002, comp_mask=0x0} GID 3 (0/C132A8C0FFFF0000) fifoRkey=0x177837 fifoLkey=0x177837
MOC-R4PCC04U05:691499:691638 [3] NCCL INFO NET/IB: NCCL Dev 1 IbDev 0 Port 1 qpn 11367 mtu 3 query_ece={supported=1, vendor_id=0x15b3, options=0x30000002, comp_mask=0x0} GID 3 (0/C132A8C0FFFF0000) fifoRkey=0x179c5b fifoLkey=0x179c5b
MOC-R4PCC04U05:691499:691638 [3] NCCL INFO NET/IB: IbDev 0 Port 1 qpn 11547 set_ece={supported=1, vendor_id=0x15b3, options=0x0, comp_mask=0x0}
MOC-R4PCC04U05:691499:691638 [3] NCCL INFO NET/IB: IbDev 0 Port 1 qpn 11549 set_ece={supported=1, vendor_id=0x15b3, options=0x0, comp_mask=0x0}
MOC-R4PCC04U05:691499:691638 [3] NCCL INFO NET/IB: NCCL Dev 1 IbDev 0 Port 1 qpn 11368 mtu 3 query_ece={supported=1, vendor_id=0x15b3, options=0x30000002, comp_mask=0x0} GID 3 (0/C132A8C0FFFF0000) fifoRkey=0x172eed fifoLkey=0x172eed
MOC-R4PCC04U05:691499:691638 [3] NCCL INFO NET/IB: NCCL Dev 1 IbDev 0 Port 1 qpn 11369 mtu 3 query_ece={supported=1, vendor_id=0x15b3, options=0x30000002, comp_mask=0x0} GID 3 (0/C132A8C0FFFF0000) fifoRkey=0x173af9 fifoLkey=0x173af9
MOC-R4PCC04U05:691499:691638 [3] NCCL INFO NET/IB: IbDev 0 Port 1 qpn 9004 set_ece={supported=1, vendor_id=0x15b3, options=0x0, comp_mask=0x0}
MOC-R4PCC04U05:691499:691638 [3] NCCL INFO NET/IB: IbDev 0 Port 1 qpn 9007 set_ece={supported=1, vendor_id=0x15b3, options=0x0, comp_mask=0x0}
MOC-R4PCC04U05:691498:691639 [2] NCCL INFO New proxy recv connection 10 from local rank 2, transport 0
MOC-R4PCC04U05:691498:692344 [2] NCCL INFO Connected to proxy localRank 2 -> connection 0x7f1d380053e0
MOC-R4PCC04U05:691498:691639 [2] NCCL INFO New proxy recv connection 11 from local rank 2, transport 0
MOC-R4PCC04U05:691498:692344 [2] NCCL INFO Connected to proxy localRank 2 -> connection 0x7f1d38005458
MOC-R4PCC04U05:691498:691639 [2] NCCL INFO New proxy recv connection 12 from local rank 2, transport 0
MOC-R4PCC04U05:691498:692344 [2] NCCL INFO Connected to proxy localRank 2 -> connection 0x7f1d380054d0
MOC-R4PCC04U05:691498:691639 [2] NCCL INFO New proxy recv connection 13 from local rank 2, transport 0
MOC-R4PCC04U05:691498:692344 [2] NCCL INFO Connected to proxy localRank 2 -> connection 0x7f1d38005548
MOC-R4PCC04U05:691498:691639 [2] NCCL INFO New proxy send connection 14 from local rank 2, transport 0
MOC-R4PCC04U05:691498:692344 [2] NCCL INFO Connected to proxy localRank 2 -> connection 0x7f1d380055c0
MOC-R4PCC04U05:691497:691643 [1] NCCL INFO New proxy recv connection 19 from local rank 1, transport 0
MOC-R4PCC04U05:691497:692341 [1] NCCL INFO Connected to proxy localRank 1 -> connection 0x7fea88005818
MOC-R4PCC04U05:691498:691639 [2] NCCL INFO New proxy send connection 15 from local rank 2, transport 0
MOC-R4PCC04U05:691498:692344 [2] NCCL INFO Connected to proxy localRank 2 -> connection 0x7f1d38005638
MOC-R4PCC04U05:691497:691643 [1] NCCL INFO New proxy recv connection 20 from local rank 1, transport 0
MOC-R4PCC04U05:691497:692341 [1] NCCL INFO Connected to proxy localRank 1 -> connection 0x7fea88005890
step    1/10 | train loss 11.009524 | norm 15.3465 | lr 1.00e-04 | (14897.59 ms | 175964 tok/s)
step    2/10 | train loss 10.140070 | norm 5.7338 | lr 1.00e-04 | (621.21 ms | 4219865 tok/s)
step    3/10 | train loss 9.800386 | norm 2.6008 | lr 1.00e-04 | (441.91 ms | 5932090 tok/s)
step    4/10 | train loss 9.631467 | norm 2.1085 | lr 1.00e-04 | (432.53 ms | 6060660 tok/s)
step    5/10 | train loss 9.548707 | norm 2.0999 | lr 1.00e-04 | (434.88 ms | 6028011 tok/s)
step    6/10 | train loss 9.467638 | norm 1.9930 | lr 1.00e-04 | (429.15 ms | 6108476 tok/s)
step    7/10 | train loss 9.382118 | norm 1.9432 | lr 1.00e-04 | (436.67 ms | 6003231 tok/s)
step    8/10 | train loss 9.290379 | norm 1.9093 | lr 1.00e-04 | (431.70 ms | 6072379 tok/s)
step    9/10 | train loss 9.195253 | norm 1.8505 | lr 1.00e-04 | (430.19 ms | 6093746 tok/s)
step   10/10 | train loss 9.111425 | norm 1.7945 | lr 1.00e-04 | (432.30 ms | 6063983 tok/s)
final 9 iters avg: 454.504ms
peak memory consumption: 16601 MiB
