Running pytorch 2.7.0+cu126
using device: cuda:0
total desired batch size: 3538944
=> calculated gradient accumulation steps: 9
using device: cuda:1
using device: cuda:3
using device: cuda:2
compiling the model...
DataLoader: total number of tokens: 1,661,249,667 across 103 files
MOC-R4PCC04U05:589627:589627 [0] NCCL INFO NCCL_SOCKET_IFNAME set to eno7np0
MOC-R4PCC04U05:589627:589627 [0] NCCL INFO NCCL version 2.26.2+cuda12.2
MOC-R4PCC04U05:589630:589630 [3] NCCL INFO NCCL_SOCKET_IFNAME set to eno7np0
MOC-R4PCC04U05:589630:589630 [3] NCCL INFO NCCL version 2.26.2+cuda12.2
MOC-R4PCC04U05:589628:589628 [1] NCCL INFO NCCL_SOCKET_IFNAME set to eno7np0
MOC-R4PCC04U05:589628:589628 [1] NCCL INFO NCCL version 2.26.2+cuda12.2
MOC-R4PCC04U05:589629:589629 [2] NCCL INFO NCCL_SOCKET_IFNAME set to eno7np0
MOC-R4PCC04U05:589629:589629 [2] NCCL INFO NCCL version 2.26.2+cuda12.2
MOC-R4PCC04U05:589627:589752 [0] NCCL INFO NET/Plugin: Could not find: libnccl-net.so. Using internal net plugin.
MOC-R4PCC04U05:589627:589752 [0] NCCL INFO NCCL_IB_HCA set to mlx5_5
MOC-R4PCC04U05:589630:589753 [3] NCCL INFO NET/Plugin: Could not find: libnccl-net.so. Using internal net plugin.
MOC-R4PCC04U05:589630:589753 [3] NCCL INFO NCCL_IB_HCA set to mlx5_5
MOC-R4PCC04U05:589627:589752 [0] NCCL INFO NET/IB : Made virtual device [0] name=mlx5_5 speed=400000 ndevs=1
MOC-R4PCC04U05:589627:589752 [0] NCCL INFO NET/IB : Using [0]mlx5_5:1/RoCE [RO]; OOB eno7np0:192.168.50.193<0>
MOC-R4PCC04U05:589630:589753 [3] NCCL INFO NET/IB : Made virtual device [0] name=mlx5_5 speed=400000 ndevs=1
MOC-R4PCC04U05:589630:589753 [3] NCCL INFO NET/IB : Using [0]mlx5_5:1/RoCE [RO]; OOB eno7np0:192.168.50.193<0>
MOC-R4PCC04U05:589629:589754 [2] NCCL INFO NET/Plugin: Could not find: libnccl-net.so. Using internal net plugin.
MOC-R4PCC04U05:589628:589755 [1] NCCL INFO NET/Plugin: Could not find: libnccl-net.so. Using internal net plugin.
MOC-R4PCC04U05:589629:589754 [2] NCCL INFO NCCL_IB_HCA set to mlx5_5
MOC-R4PCC04U05:589628:589755 [1] NCCL INFO NCCL_IB_HCA set to mlx5_5
MOC-R4PCC04U05:589629:589754 [2] NCCL INFO NET/IB : Made virtual device [0] name=mlx5_5 speed=400000 ndevs=1
MOC-R4PCC04U05:589629:589754 [2] NCCL INFO NET/IB : Using [0]mlx5_5:1/RoCE [RO]; OOB eno7np0:192.168.50.193<0>
MOC-R4PCC04U05:589628:589755 [1] NCCL INFO NET/IB : Made virtual device [0] name=mlx5_5 speed=400000 ndevs=1
MOC-R4PCC04U05:589628:589755 [1] NCCL INFO NET/IB : Using [0]mlx5_5:1/RoCE [RO]; OOB eno7np0:192.168.50.193<0>
MOC-R4PCC04U05:589628:589755 [1] NCCL INFO NET/IB : GPU Direct RDMA Enabled for HCA 0 'mlx5_5'
MOC-R4PCC04U05:589628:589755 [1] NCCL INFO NET/IB : Made virtual device [1] name=mlx5_5 speed=400000 ndevs=1
MOC-R4PCC04U05:589628:589755 [1] NCCL INFO NET/IB : GPU Direct RDMA Enabled for HCA 0 'mlx5_5'
MOC-R4PCC04U05:589628:589755 [1] NCCL INFO NET/IB : GPU Direct RDMA Enabled for HCA 1 'mlx5_5'
MOC-R4PCC04U05:589630:589753 [3] NCCL INFO NET/IB : GPU Direct RDMA Enabled for HCA 0 'mlx5_5'
MOC-R4PCC04U05:589630:589753 [3] NCCL INFO NET/IB : Made virtual device [1] name=mlx5_5 speed=400000 ndevs=1
MOC-R4PCC04U05:589630:589753 [3] NCCL INFO NET/IB : GPU Direct RDMA Enabled for HCA 0 'mlx5_5'
MOC-R4PCC04U05:589630:589753 [3] NCCL INFO NET/IB : GPU Direct RDMA Enabled for HCA 1 'mlx5_5'
MOC-R4PCC04U05:589627:589752 [0] NCCL INFO NET/IB : GPU Direct RDMA Enabled for HCA 0 'mlx5_5'
MOC-R4PCC04U05:589627:589752 [0] NCCL INFO NET/IB : Made virtual device [1] name=mlx5_5 speed=400000 ndevs=1
MOC-R4PCC04U05:589627:589752 [0] NCCL INFO NET/IB : GPU Direct RDMA Enabled for HCA 0 'mlx5_5'
MOC-R4PCC04U05:589627:589752 [0] NCCL INFO NET/IB : GPU Direct RDMA Enabled for HCA 1 'mlx5_5'
MOC-R4PCC04U05:589629:589754 [2] NCCL INFO NET/IB : GPU Direct RDMA Enabled for HCA 0 'mlx5_5'
MOC-R4PCC04U05:589629:589754 [2] NCCL INFO NET/IB : Made virtual device [1] name=mlx5_5 speed=400000 ndevs=1
MOC-R4PCC04U05:589629:589754 [2] NCCL INFO NET/IB : GPU Direct RDMA Enabled for HCA 0 'mlx5_5'
MOC-R4PCC04U05:589629:589754 [2] NCCL INFO NET/IB : GPU Direct RDMA Enabled for HCA 1 'mlx5_5'
MOC-R4PCC04U05:589627:589752 [0] NCCL INFO NCCL_NET_GDR_LEVEL set by environment to LOC
MOC-R4PCC04U05:589627:589752 [0] NCCL INFO GPU Direct RDMA Disabled for GPU 0 / HCA 1 (distance 5 > 0)
MOC-R4PCC04U05:589627:589752 [0] NCCL INFO GPU Direct RDMA Disabled for GPU 1 / HCA 1 (distance 5 > 0)
MOC-R4PCC04U05:589627:589752 [0] NCCL INFO GPU Direct RDMA Disabled for GPU 2 / HCA 1 (distance 5 > 0)
MOC-R4PCC04U05:589627:589752 [0] NCCL INFO GPU Direct RDMA Disabled for GPU 0 / HCA 1 (distance 5 > 0)
MOC-R4PCC04U05:589627:589752 [0] NCCL INFO GPU Direct RDMA Disabled for GPU 1 / HCA 1 (distance 5 > 0)
MOC-R4PCC04U05:589627:589752 [0] NCCL INFO GPU Direct RDMA Disabled for GPU 2 / HCA 1 (distance 5 > 0)
MOC-R4PCC04U05:589629:589754 [2] NCCL INFO NCCL_NET_GDR_LEVEL set by environment to LOC
MOC-R4PCC04U05:589629:589754 [2] NCCL INFO GPU Direct RDMA Disabled for GPU 0 / HCA 1 (distance 5 > 0)
MOC-R4PCC04U05:589629:589754 [2] NCCL INFO GPU Direct RDMA Disabled for GPU 1 / HCA 1 (distance 5 > 0)
MOC-R4PCC04U05:589629:589754 [2] NCCL INFO GPU Direct RDMA Disabled for GPU 2 / HCA 1 (distance 5 > 0)
MOC-R4PCC04U05:589629:589754 [2] NCCL INFO GPU Direct RDMA Disabled for GPU 0 / HCA 1 (distance 5 > 0)
MOC-R4PCC04U05:589629:589754 [2] NCCL INFO GPU Direct RDMA Disabled for GPU 1 / HCA 1 (distance 5 > 0)
MOC-R4PCC04U05:589629:589754 [2] NCCL INFO GPU Direct RDMA Disabled for GPU 2 / HCA 1 (distance 5 > 0)
MOC-R4PCC04U05:589630:589753 [3] NCCL INFO NCCL_NET_GDR_LEVEL set by environment to LOC
MOC-R4PCC04U05:589630:589753 [3] NCCL INFO GPU Direct RDMA Disabled for GPU 0 / HCA 1 (distance 5 > 0)
MOC-R4PCC04U05:589630:589753 [3] NCCL INFO GPU Direct RDMA Disabled for GPU 1 / HCA 1 (distance 5 > 0)
MOC-R4PCC04U05:589630:589753 [3] NCCL INFO GPU Direct RDMA Disabled for GPU 2 / HCA 1 (distance 5 > 0)
MOC-R4PCC04U05:589630:589753 [3] NCCL INFO GPU Direct RDMA Disabled for GPU 0 / HCA 1 (distance 5 > 0)
MOC-R4PCC04U05:589630:589753 [3] NCCL INFO GPU Direct RDMA Disabled for GPU 1 / HCA 1 (distance 5 > 0)
MOC-R4PCC04U05:589630:589753 [3] NCCL INFO GPU Direct RDMA Disabled for GPU 2 / HCA 1 (distance 5 > 0)
MOC-R4PCC04U05:589628:589755 [1] NCCL INFO NCCL_NET_GDR_LEVEL set by environment to LOC
MOC-R4PCC04U05:589628:589755 [1] NCCL INFO GPU Direct RDMA Disabled for GPU 0 / HCA 1 (distance 5 > 0)
MOC-R4PCC04U05:589628:589755 [1] NCCL INFO GPU Direct RDMA Disabled for GPU 1 / HCA 1 (distance 5 > 0)
MOC-R4PCC04U05:589628:589755 [1] NCCL INFO GPU Direct RDMA Disabled for GPU 2 / HCA 1 (distance 5 > 0)
MOC-R4PCC04U05:589628:589755 [1] NCCL INFO GPU Direct RDMA Disabled for GPU 0 / HCA 1 (distance 5 > 0)
MOC-R4PCC04U05:589628:589755 [1] NCCL INFO GPU Direct RDMA Disabled for GPU 1 / HCA 1 (distance 5 > 0)
MOC-R4PCC04U05:589628:589755 [1] NCCL INFO GPU Direct RDMA Disabled for GPU 2 / HCA 1 (distance 5 > 0)
MOC-R4PCC04U05:589627:589769 [0] NCCL INFO New proxy send connection 0 from local rank 0, transport 0
MOC-R4PCC04U05:589627:589776 [0] NCCL INFO Connected to proxy localRank 0 -> connection 0x7f2fe8004f30
MOC-R4PCC04U05:589627:589769 [0] NCCL INFO New proxy send connection 1 from local rank 0, transport 0
MOC-R4PCC04U05:589627:589776 [0] NCCL INFO Connected to proxy localRank 0 -> connection 0x7f2fe8004fa8
MOC-R4PCC04U05:589630:589774 [3] NCCL INFO New proxy recv connection 0 from local rank 3, transport 0
MOC-R4PCC04U05:589630:589778 [3] NCCL INFO Connected to proxy localRank 3 -> connection 0x7f69dc004f30
MOC-R4PCC04U05:589628:589772 [1] NCCL INFO New proxy recv connection 0 from local rank 1, transport 0
MOC-R4PCC04U05:589628:589777 [1] NCCL INFO Connected to proxy localRank 1 -> connection 0x7f8208004f30
MOC-R4PCC04U05:589629:589768 [2] NCCL INFO New proxy recv connection 0 from local rank 2, transport 0
MOC-R4PCC04U05:589629:589779 [2] NCCL INFO Connected to proxy localRank 2 -> connection 0x7f0438004f30
MOC-R4PCC04U05:589628:589772 [1] NCCL INFO New proxy recv connection 1 from local rank 1, transport 0
MOC-R4PCC04U05:589628:589777 [1] NCCL INFO Connected to proxy localRank 1 -> connection 0x7f8208004fa8
MOC-R4PCC04U05:589630:589774 [3] NCCL INFO New proxy recv connection 1 from local rank 3, transport 0
MOC-R4PCC04U05:589630:589778 [3] NCCL INFO Connected to proxy localRank 3 -> connection 0x7f69dc004fa8
MOC-R4PCC04U05:589629:589768 [2] NCCL INFO New proxy recv connection 1 from local rank 2, transport 0
MOC-R4PCC04U05:589630:589778 [3] NCCL INFO GPU Direct RDMA Disabled for GPU 3 / HCA 1 (distance 7 > 0)
MOC-R4PCC04U05:589629:589779 [2] NCCL INFO Connected to proxy localRank 2 -> connection 0x7f0438004fa8
MOC-R4PCC04U05:589629:589779 [2] NCCL INFO GPU Direct RDMA Disabled for GPU 2 / HCA 1 (distance 7 > 0)
MOC-R4PCC04U05:589627:589769 [0] NCCL INFO New proxy send connection 2 from local rank 0, transport 0
MOC-R4PCC04U05:589627:589776 [0] NCCL INFO Connected to proxy localRank 0 -> connection 0x7f2fe8005020
MOC-R4PCC04U05:589627:589769 [0] NCCL INFO New proxy send connection 3 from local rank 0, transport 0
MOC-R4PCC04U05:589627:589776 [0] NCCL INFO Connected to proxy localRank 0 -> connection 0x7f2fe8005098
MOC-R4PCC04U05:589630:589774 [3] NCCL INFO New proxy send connection 2 from local rank 3, transport 2
MOC-R4PCC04U05:589630:589778 [3] NCCL INFO Connected to proxy localRank 3 -> connection 0x7f69dc005020
MOC-R4PCC04U05:589630:589778 [3] NCCL INFO Channel 00/0 : 3[3] -> 6[2] [send] via NET/IB/1
MOC-R4PCC04U05:589630:589778 [3] NCCL INFO GPU Direct RDMA Disabled for GPU 3 / HCA 1 (distance 7 > 0)
MOC-R4PCC04U05:589630:589774 [3] NCCL INFO New proxy send connection 3 from local rank 3, transport 2
MOC-R4PCC04U05:589630:589778 [3] NCCL INFO Connected to proxy localRank 3 -> connection 0x7f69dc005098
MOC-R4PCC04U05:589630:589778 [3] NCCL INFO Channel 02/0 : 3[3] -> 6[2] [send] via NET/IB/1
MOC-R4PCC04U05:589627:589769 [0] NCCL INFO New proxy recv connection 4 from local rank 0, transport 0
MOC-R4PCC04U05:589627:589776 [0] NCCL INFO Connected to proxy localRank 0 -> connection 0x7f2fe8005110
MOC-R4PCC04U05:589630:589778 [3] NCCL INFO GPU Direct RDMA Disabled for GPU 3 / HCA 1 (distance 7 > 0)
MOC-R4PCC04U05:589630:589774 [3] NCCL INFO New proxy recv connection 4 from local rank 3, transport 2
MOC-R4PCC04U05:589630:589778 [3] NCCL INFO Connected to proxy localRank 3 -> connection 0x7f69dc005110
MOC-R4PCC04U05:589630:589778 [3] NCCL INFO Channel 01/0 : 10[2] -> 3[3] [receive] via NET/IB/1
MOC-R4PCC04U05:589630:589778 [3] NCCL INFO GPU Direct RDMA Disabled for GPU 3 / HCA 1 (distance 7 > 0)
MOC-R4PCC04U05:589630:589774 [3] NCCL INFO New proxy recv connection 5 from local rank 3, transport 2
MOC-R4PCC04U05:589630:589778 [3] NCCL INFO Connected to proxy localRank 3 -> connection 0x7f69dc005188
MOC-R4PCC04U05:589630:589778 [3] NCCL INFO Channel 03/0 : 10[2] -> 3[3] [receive] via NET/IB/1
MOC-R4PCC04U05:589629:589768 [2] NCCL INFO New proxy recv connection 2 from local rank 2, transport 2
MOC-R4PCC04U05:589629:589779 [2] NCCL INFO Connected to proxy localRank 2 -> connection 0x7f0438005020
MOC-R4PCC04U05:589629:589779 [2] NCCL INFO Channel 00/0 : 11[3] -> 2[2] [receive] via NET/IB/1
MOC-R4PCC04U05:589629:589779 [2] NCCL INFO GPU Direct RDMA Disabled for GPU 2 / HCA 1 (distance 7 > 0)
MOC-R4PCC04U05:589629:589768 [2] NCCL INFO New proxy recv connection 3 from local rank 2, transport 2
MOC-R4PCC04U05:589629:589779 [2] NCCL INFO Connected to proxy localRank 2 -> connection 0x7f0438005098
MOC-R4PCC04U05:589629:589779 [2] NCCL INFO Channel 02/0 : 11[3] -> 2[2] [receive] via NET/IB/1
MOC-R4PCC04U05:589627:589769 [0] NCCL INFO New proxy recv connection 5 from local rank 0, transport 0
MOC-R4PCC04U05:589627:589776 [0] NCCL INFO Connected to proxy localRank 0 -> connection 0x7f2fe8005188
MOC-R4PCC04U05:589627:589769 [0] NCCL INFO New proxy recv connection 6 from local rank 0, transport 0
MOC-R4PCC04U05:589627:589776 [0] NCCL INFO Connected to proxy localRank 0 -> connection 0x7f2fe8005200
MOC-R4PCC04U05:589627:589769 [0] NCCL INFO New proxy recv connection 7 from local rank 0, transport 0
MOC-R4PCC04U05:589627:589776 [0] NCCL INFO Connected to proxy localRank 0 -> connection 0x7f2fe8005278
MOC-R4PCC04U05:589630:589774 [3] NCCL INFO New proxy send connection 6 from local rank 3, transport 0
MOC-R4PCC04U05:589630:589778 [3] NCCL INFO Connected to proxy localRank 3 -> connection 0x7f69dc005200
MOC-R4PCC04U05:589630:589774 [3] NCCL INFO New proxy send connection 7 from local rank 3, transport 0
MOC-R4PCC04U05:589630:589778 [3] NCCL INFO Connected to proxy localRank 3 -> connection 0x7f69dc005278
MOC-R4PCC04U05:589628:589772 [1] NCCL INFO New proxy recv connection 2 from local rank 1, transport 0
MOC-R4PCC04U05:589627:589769 [0] NCCL INFO New proxy send connection 8 from local rank 3, transport 0
MOC-R4PCC04U05:589628:589777 [1] NCCL INFO Connected to proxy localRank 1 -> connection 0x7f8208005020
MOC-R4PCC04U05:589630:589778 [3] NCCL INFO Connected to proxy localRank 0 -> connection 0x7f2fe80052f0
MOC-R4PCC04U05:589628:589772 [1] NCCL INFO New proxy recv connection 3 from local rank 1, transport 0
MOC-R4PCC04U05:589628:589777 [1] NCCL INFO Connected to proxy localRank 1 -> connection 0x7f8208005098
MOC-R4PCC04U05:589628:589772 [1] NCCL INFO New proxy send connection 4 from local rank 1, transport 0
MOC-R4PCC04U05:589628:589777 [1] NCCL INFO Connected to proxy localRank 1 -> connection 0x7f8208005110
MOC-R4PCC04U05:589629:589779 [2] NCCL INFO GPU Direct RDMA Disabled for GPU 2 / HCA 1 (distance 7 > 0)
MOC-R4PCC04U05:589629:589768 [2] NCCL INFO New proxy send connection 4 from local rank 2, transport 2
MOC-R4PCC04U05:589629:589779 [2] NCCL INFO Connected to proxy localRank 2 -> connection 0x7f0438005110
MOC-R4PCC04U05:589629:589779 [2] NCCL INFO Channel 01/0 : 2[2] -> 7[3] [send] via NET/IB/1
MOC-R4PCC04U05:589629:589779 [2] NCCL INFO GPU Direct RDMA Disabled for GPU 2 / HCA 1 (distance 7 > 0)
MOC-R4PCC04U05:589629:589768 [2] NCCL INFO New proxy send connection 5 from local rank 2, transport 2
MOC-R4PCC04U05:589629:589779 [2] NCCL INFO Connected to proxy localRank 2 -> connection 0x7f0438005188
MOC-R4PCC04U05:589629:589779 [2] NCCL INFO Channel 03/0 : 2[2] -> 7[3] [send] via NET/IB/1
MOC-R4PCC04U05:589629:589768 [2] NCCL INFO New proxy send connection 6 from local rank 2, transport 0
MOC-R4PCC04U05:589629:589779 [2] NCCL INFO Connected to proxy localRank 2 -> connection 0x7f0438005200
MOC-R4PCC04U05:589628:589772 [1] NCCL INFO New proxy send connection 5 from local rank 1, transport 0
MOC-R4PCC04U05:589629:589768 [2] NCCL INFO New proxy send connection 7 from local rank 2, transport 0
MOC-R4PCC04U05:589628:589777 [1] NCCL INFO Connected to proxy localRank 1 -> connection 0x7f8208005188
MOC-R4PCC04U05:589629:589779 [2] NCCL INFO Connected to proxy localRank 2 -> connection 0x7f0438005278
MOC-R4PCC04U05:589628:589772 [1] NCCL INFO New proxy send connection 6 from local rank 1, transport 0
MOC-R4PCC04U05:589628:589777 [1] NCCL INFO Connected to proxy localRank 1 -> connection 0x7f8208005200
MOC-R4PCC04U05:589628:589772 [1] NCCL INFO New proxy send connection 7 from local rank 1, transport 0
MOC-R4PCC04U05:589628:589777 [1] NCCL INFO Connected to proxy localRank 1 -> connection 0x7f8208005278
MOC-R4PCC04U05:589628:589772 [1] NCCL INFO New proxy send connection 8 from local rank 3, transport 0
MOC-R4PCC04U05:589630:589778 [3] NCCL INFO Connected to proxy localRank 1 -> connection 0x7f82080052f0
MOC-R4PCC04U05:589627:589769 [0] NCCL INFO New proxy send connection 9 from local rank 2, transport 0
MOC-R4PCC04U05:589629:589779 [2] NCCL INFO Connected to proxy localRank 0 -> connection 0x7f2fe8005368
MOC-R4PCC04U05:589629:589768 [2] NCCL INFO New proxy send connection 8 from local rank 0, transport 0
MOC-R4PCC04U05:589627:589776 [0] NCCL INFO Connected to proxy localRank 2 -> connection 0x7f04380052f0
MOC-R4PCC04U05:589630:589774 [3] NCCL INFO New proxy send connection 8 from local rank 1, transport 0
MOC-R4PCC04U05:589628:589777 [1] NCCL INFO Connected to proxy localRank 3 -> connection 0x7f69dc0052f0
MOC-R4PCC04U05:589628:589772 [1] NCCL INFO New proxy send connection 9 from local rank 2, transport 0
MOC-R4PCC04U05:589629:589779 [2] NCCL INFO Connected to proxy localRank 1 -> connection 0x7f8208005368
MOC-R4PCC04U05:589630:589774 [3] NCCL INFO New proxy send connection 9 from local rank 0, transport 0
MOC-R4PCC04U05:589627:589776 [0] NCCL INFO Connected to proxy localRank 3 -> connection 0x7f69dc005368
MOC-R4PCC04U05:589629:589768 [2] NCCL INFO NET/IB: NCCL Dev 1 IbDev 0 Port 1 qpn 9482 mtu 3 query_ece={supported=1, vendor_id=0x15b3, options=0x30000002, comp_mask=0x0} GID 3 (0/C132A8C0FFFF0000) fifoRkey=0x178443 fifoLkey=0x178443
MOC-R4PCC04U05:589629:589768 [2] NCCL INFO NET/IB: NCCL Dev 1 IbDev 0 Port 1 qpn 9483 mtu 3 query_ece={supported=1, vendor_id=0x15b3, options=0x30000002, comp_mask=0x0} GID 3 (0/C132A8C0FFFF0000) fifoRkey=0x1722e1 fifoLkey=0x1722e1
MOC-R4PCC04U05:589629:589768 [2] NCCL INFO NET/IB: IbDev 0 Port 1 qpn 9230 set_ece={supported=1, vendor_id=0x15b3, options=0x0, comp_mask=0x0}
MOC-R4PCC04U05:589627:589769 [0] NCCL INFO New proxy send connection 10 from local rank 1, transport 0
MOC-R4PCC04U05:589628:589777 [1] NCCL INFO Connected to proxy localRank 0 -> connection 0x7f2fe80053e0
MOC-R4PCC04U05:589629:589768 [2] NCCL INFO NET/IB: IbDev 0 Port 1 qpn 9232 set_ece={supported=1, vendor_id=0x15b3, options=0x0, comp_mask=0x0}
MOC-R4PCC04U05:589628:589772 [1] NCCL INFO New proxy send connection 10 from local rank 0, transport 0
MOC-R4PCC04U05:589627:589776 [0] NCCL INFO Connected to proxy localRank 1 -> connection 0x7f82080053e0
MOC-R4PCC04U05:589629:589768 [2] NCCL INFO New proxy send connection 9 from local rank 1, transport 0
MOC-R4PCC04U05:589628:589777 [1] NCCL INFO Connected to proxy localRank 2 -> connection 0x7f0438005368
MOC-R4PCC04U05:589630:589774 [3] NCCL INFO NET/IB: NCCL Dev 1 IbDev 0 Port 1 qpn 9492 mtu 3 query_ece={supported=1, vendor_id=0x15b3, options=0x30000002, comp_mask=0x0} GID 3 (0/C132A8C0FFFF0000) fifoRkey=0x175412 fifoLkey=0x175412
MOC-R4PCC04U05:589630:589774 [3] NCCL INFO NET/IB: NCCL Dev 1 IbDev 0 Port 1 qpn 9493 mtu 3 query_ece={supported=1, vendor_id=0x15b3, options=0x30000002, comp_mask=0x0} GID 3 (0/C132A8C0FFFF0000) fifoRkey=0x170bca fifoLkey=0x170bca
MOC-R4PCC04U05:589630:589774 [3] NCCL INFO NET/IB: IbDev 0 Port 1 qpn 9238 set_ece={supported=1, vendor_id=0x15b3, options=0x0, comp_mask=0x0}
MOC-R4PCC04U05:589630:589774 [3] NCCL INFO NET/IB: IbDev 0 Port 1 qpn 9240 set_ece={supported=1, vendor_id=0x15b3, options=0x0, comp_mask=0x0}
num decayed parameter tensors: 50, with 124,318,464 parameters
num non-decayed parameter tensors: 98, with 121,344 parameters
using fused AdamW: False
using regular AdamW
MOC-R4PCC04U05:589630:589774 [3] NCCL INFO New proxy recv connection 10 from local rank 3, transport 0
MOC-R4PCC04U05:589630:590470 [3] NCCL INFO Connected to proxy localRank 3 -> connection 0x7f69dc0053e0
MOC-R4PCC04U05:589630:589774 [3] NCCL INFO New proxy recv connection 11 from local rank 3, transport 0
MOC-R4PCC04U05:589630:590470 [3] NCCL INFO Connected to proxy localRank 3 -> connection 0x7f69dc005458
MOC-R4PCC04U05:589629:589768 [2] NCCL INFO New proxy recv connection 10 from local rank 2, transport 0
MOC-R4PCC04U05:589629:590471 [2] NCCL INFO Connected to proxy localRank 2 -> connection 0x7f04380053e0
MOC-R4PCC04U05:589629:589768 [2] NCCL INFO New proxy recv connection 11 from local rank 2, transport 0
MOC-R4PCC04U05:589629:590471 [2] NCCL INFO Connected to proxy localRank 2 -> connection 0x7f0438005458
MOC-R4PCC04U05:589629:589768 [2] NCCL INFO New proxy recv connection 12 from local rank 2, transport 0
MOC-R4PCC04U05:589629:590471 [2] NCCL INFO Connected to proxy localRank 2 -> connection 0x7f04380054d0
MOC-R4PCC04U05:589629:589768 [2] NCCL INFO New proxy recv connection 13 from local rank 2, transport 0
MOC-R4PCC04U05:589629:590471 [2] NCCL INFO Connected to proxy localRank 2 -> connection 0x7f0438005548
MOC-R4PCC04U05:589627:589769 [0] NCCL INFO New proxy send connection 11 from local rank 0, transport 0
MOC-R4PCC04U05:589627:590472 [0] NCCL INFO Connected to proxy localRank 0 -> connection 0x7f2fe8005458
MOC-R4PCC04U05:589627:589769 [0] NCCL INFO New proxy send connection 12 from local rank 0, transport 0
MOC-R4PCC04U05:589627:590472 [0] NCCL INFO Connected to proxy localRank 0 -> connection 0x7f2fe80054d0
MOC-R4PCC04U05:589627:589769 [0] NCCL INFO New proxy send connection 13 from local rank 0, transport 0
MOC-R4PCC04U05:589627:590472 [0] NCCL INFO Connected to proxy localRank 0 -> connection 0x7f2fe8005548
MOC-R4PCC04U05:589627:589769 [0] NCCL INFO New proxy send connection 14 from local rank 0, transport 0
MOC-R4PCC04U05:589627:590472 [0] NCCL INFO Connected to proxy localRank 0 -> connection 0x7f2fe80055c0
MOC-R4PCC04U05:589628:589772 [1] NCCL INFO New proxy recv connection 11 from local rank 1, transport 0
MOC-R4PCC04U05:589628:590473 [1] NCCL INFO Connected to proxy localRank 1 -> connection 0x7f8208005458
MOC-R4PCC04U05:589628:589772 [1] NCCL INFO New proxy recv connection 12 from local rank 1, transport 0
MOC-R4PCC04U05:589628:590473 [1] NCCL INFO Connected to proxy localRank 1 -> connection 0x7f82080054d0
MOC-R4PCC04U05:589628:589772 [1] NCCL INFO New proxy recv connection 13 from local rank 1, transport 0
MOC-R4PCC04U05:589628:590473 [1] NCCL INFO Connected to proxy localRank 1 -> connection 0x7f8208005548
MOC-R4PCC04U05:589628:589772 [1] NCCL INFO New proxy recv connection 14 from local rank 1, transport 0
MOC-R4PCC04U05:589628:590473 [1] NCCL INFO Connected to proxy localRank 1 -> connection 0x7f82080055c0
MOC-R4PCC04U05:589628:589772 [1] NCCL INFO New proxy send connection 15 from local rank 1, transport 0
MOC-R4PCC04U05:589628:590473 [1] NCCL INFO Connected to proxy localRank 1 -> connection 0x7f8208005638
MOC-R4PCC04U05:589628:589772 [1] NCCL INFO New proxy send connection 16 from local rank 1, transport 0
MOC-R4PCC04U05:589628:590473 [1] NCCL INFO Connected to proxy localRank 1 -> connection 0x7f82080056b0
MOC-R4PCC04U05:589628:589772 [1] NCCL INFO New proxy send connection 17 from local rank 1, transport 0
MOC-R4PCC04U05:589628:590473 [1] NCCL INFO Connected to proxy localRank 1 -> connection 0x7f8208005728
MOC-R4PCC04U05:589628:589772 [1] NCCL INFO New proxy send connection 18 from local rank 1, transport 0
MOC-R4PCC04U05:589628:590473 [1] NCCL INFO Connected to proxy localRank 1 -> connection 0x7f82080057a0
MOC-R4PCC04U05:589627:589769 [0] NCCL INFO New proxy send connection 15 from local rank 0, transport 0
MOC-R4PCC04U05:589627:590472 [0] NCCL INFO Connected to proxy localRank 0 -> connection 0x7f2fe8005638
MOC-R4PCC04U05:589628:589772 [1] NCCL INFO New proxy recv connection 19 from local rank 1, transport 0
MOC-R4PCC04U05:589628:590473 [1] NCCL INFO Connected to proxy localRank 1 -> connection 0x7f8208005818
MOC-R4PCC04U05:589629:589768 [2] NCCL INFO New proxy send connection 14 from local rank 2, transport 0
MOC-R4PCC04U05:589629:590471 [2] NCCL INFO Connected to proxy localRank 2 -> connection 0x7f04380055c0
MOC-R4PCC04U05:589628:589772 [1] NCCL INFO New proxy recv connection 20 from local rank 1, transport 0
MOC-R4PCC04U05:589628:590473 [1] NCCL INFO Connected to proxy localRank 1 -> connection 0x7f8208005890
MOC-R4PCC04U05:589627:589769 [0] NCCL INFO New proxy send connection 16 from local rank 0, transport 0
MOC-R4PCC04U05:589627:590472 [0] NCCL INFO Connected to proxy localRank 0 -> connection 0x7f2fe80056b0
MOC-R4PCC04U05:589629:589768 [2] NCCL INFO New proxy send connection 15 from local rank 2, transport 0
MOC-R4PCC04U05:589629:590471 [2] NCCL INFO Connected to proxy localRank 2 -> connection 0x7f0438005638
MOC-R4PCC04U05:589627:589769 [0] NCCL INFO New proxy recv connection 17 from local rank 0, transport 0
MOC-R4PCC04U05:589627:590472 [0] NCCL INFO Connected to proxy localRank 0 -> connection 0x7f2fe8005728
MOC-R4PCC04U05:589630:590470 [3] NCCL INFO GPU Direct RDMA Disabled for GPU 3 / HCA 1 (distance 7 > 0)
MOC-R4PCC04U05:589630:589774 [3] NCCL INFO New proxy recv connection 12 from local rank 3, transport 2
MOC-R4PCC04U05:589630:590470 [3] NCCL INFO Connected to proxy localRank 3 -> connection 0x7f69dc0054d0
MOC-R4PCC04U05:589627:589769 [0] NCCL INFO New proxy recv connection 18 from local rank 0, transport 0
MOC-R4PCC04U05:589627:590472 [0] NCCL INFO Connected to proxy localRank 0 -> connection 0x7f2fe80057a0
MOC-R4PCC04U05:589630:590470 [3] NCCL INFO Channel 00/0 : 11[3] -> 3[3] [receive] via NET/IB/1
MOC-R4PCC04U05:589630:590470 [3] NCCL INFO GPU Direct RDMA Disabled for GPU 3 / HCA 1 (distance 7 > 0)
MOC-R4PCC04U05:589630:589774 [3] NCCL INFO New proxy recv connection 13 from local rank 3, transport 2
MOC-R4PCC04U05:589630:590470 [3] NCCL INFO Connected to proxy localRank 3 -> connection 0x7f69dc005548
MOC-R4PCC04U05:589630:590470 [3] NCCL INFO Channel 01/0 : 11[3] -> 3[3] [receive] via NET/IB/1
MOC-R4PCC04U05:589630:590470 [3] NCCL INFO GPU Direct RDMA Disabled for GPU 3 / HCA 1 (distance 7 > 0)
MOC-R4PCC04U05:589630:589774 [3] NCCL INFO New proxy recv connection 14 from local rank 3, transport 2
MOC-R4PCC04U05:589630:590470 [3] NCCL INFO Connected to proxy localRank 3 -> connection 0x7f69dc0055c0
MOC-R4PCC04U05:589627:589769 [0] NCCL INFO New proxy recv connection 19 from local rank 0, transport 0
MOC-R4PCC04U05:589630:590470 [3] NCCL INFO Channel 02/0 : 11[3] -> 3[3] [receive] via NET/IB/1
MOC-R4PCC04U05:589630:590470 [3] NCCL INFO GPU Direct RDMA Disabled for GPU 3 / HCA 1 (distance 7 > 0)
MOC-R4PCC04U05:589627:590472 [0] NCCL INFO Connected to proxy localRank 0 -> connection 0x7f2fe8005818
MOC-R4PCC04U05:589630:589774 [3] NCCL INFO New proxy recv connection 15 from local rank 3, transport 2
MOC-R4PCC04U05:589630:590470 [3] NCCL INFO Connected to proxy localRank 3 -> connection 0x7f69dc005638
MOC-R4PCC04U05:589630:590470 [3] NCCL INFO Channel 03/0 : 11[3] -> 3[3] [receive] via NET/IB/1
MOC-R4PCC04U05:589630:590470 [3] NCCL INFO GPU Direct RDMA Disabled for GPU 3 / HCA 1 (distance 7 > 0)
MOC-R4PCC04U05:589630:589774 [3] NCCL INFO New proxy send connection 16 from local rank 3, transport 2
MOC-R4PCC04U05:589630:590470 [3] NCCL INFO Connected to proxy localRank 3 -> connection 0x7f69dc0056b0
MOC-R4PCC04U05:589630:590470 [3] NCCL INFO Channel 02/0 : 3[3] -> 7[3] [send] via NET/IB/1
MOC-R4PCC04U05:589630:590470 [3] NCCL INFO GPU Direct RDMA Disabled for GPU 3 / HCA 1 (distance 7 > 0)
MOC-R4PCC04U05:589630:589774 [3] NCCL INFO New proxy send connection 17 from local rank 3, transport 2
MOC-R4PCC04U05:589630:590470 [3] NCCL INFO Connected to proxy localRank 3 -> connection 0x7f69dc005728
MOC-R4PCC04U05:589630:590470 [3] NCCL INFO Channel 03/0 : 3[3] -> 7[3] [send] via NET/IB/1
MOC-R4PCC04U05:589630:590470 [3] NCCL INFO GPU Direct RDMA Disabled for GPU 3 / HCA 1 (distance 7 > 0)
MOC-R4PCC04U05:589630:589774 [3] NCCL INFO New proxy recv connection 18 from local rank 3, transport 2
MOC-R4PCC04U05:589630:590470 [3] NCCL INFO Connected to proxy localRank 3 -> connection 0x7f69dc0057a0
MOC-R4PCC04U05:589630:590470 [3] NCCL INFO Channel 02/0 : 7[3] -> 3[3] [receive] via NET/IB/1
MOC-R4PCC04U05:589630:590470 [3] NCCL INFO GPU Direct RDMA Disabled for GPU 3 / HCA 1 (distance 7 > 0)
MOC-R4PCC04U05:589630:589774 [3] NCCL INFO New proxy recv connection 19 from local rank 3, transport 2
MOC-R4PCC04U05:589630:590470 [3] NCCL INFO Connected to proxy localRank 3 -> connection 0x7f69dc005818
MOC-R4PCC04U05:589630:590470 [3] NCCL INFO Channel 03/0 : 7[3] -> 3[3] [receive] via NET/IB/1
MOC-R4PCC04U05:589630:590470 [3] NCCL INFO GPU Direct RDMA Disabled for GPU 3 / HCA 1 (distance 7 > 0)
MOC-R4PCC04U05:589630:589774 [3] NCCL INFO New proxy send connection 20 from local rank 3, transport 2
MOC-R4PCC04U05:589630:590470 [3] NCCL INFO Connected to proxy localRank 3 -> connection 0x7f69dc005890
MOC-R4PCC04U05:589630:590470 [3] NCCL INFO Channel 00/0 : 3[3] -> 11[3] [send] via NET/IB/1
MOC-R4PCC04U05:589630:590470 [3] NCCL INFO GPU Direct RDMA Disabled for GPU 3 / HCA 1 (distance 7 > 0)
MOC-R4PCC04U05:589630:589774 [3] NCCL INFO New proxy send connection 21 from local rank 3, transport 2
MOC-R4PCC04U05:589630:590470 [3] NCCL INFO Connected to proxy localRank 3 -> connection 0x7f69dc005908
MOC-R4PCC04U05:589630:590470 [3] NCCL INFO Channel 01/0 : 3[3] -> 11[3] [send] via NET/IB/1
MOC-R4PCC04U05:589630:590470 [3] NCCL INFO GPU Direct RDMA Disabled for GPU 3 / HCA 1 (distance 7 > 0)
MOC-R4PCC04U05:589630:589774 [3] NCCL INFO New proxy send connection 22 from local rank 3, transport 2
MOC-R4PCC04U05:589630:590470 [3] NCCL INFO Connected to proxy localRank 3 -> connection 0x7f69dc005980
MOC-R4PCC04U05:589630:590470 [3] NCCL INFO Channel 02/0 : 3[3] -> 11[3] [send] via NET/IB/1
MOC-R4PCC04U05:589630:590470 [3] NCCL INFO GPU Direct RDMA Disabled for GPU 3 / HCA 1 (distance 7 > 0)
MOC-R4PCC04U05:589630:589774 [3] NCCL INFO New proxy send connection 23 from local rank 3, transport 2
MOC-R4PCC04U05:589630:590470 [3] NCCL INFO Connected to proxy localRank 3 -> connection 0x7f69dc0059f8
MOC-R4PCC04U05:589630:590470 [3] NCCL INFO Channel 03/0 : 3[3] -> 11[3] [send] via NET/IB/1
MOC-R4PCC04U05:589630:589774 [3] NCCL INFO New proxy send connection 24 from local rank 3, transport 0
MOC-R4PCC04U05:589630:590470 [3] NCCL INFO Connected to proxy localRank 3 -> connection 0x7f69dc005a70
MOC-R4PCC04U05:589627:589769 [0] NCCL INFO New proxy recv connection 20 from local rank 0, transport 0
MOC-R4PCC04U05:589627:590472 [0] NCCL INFO Connected to proxy localRank 0 -> connection 0x7f2fe8005890
MOC-R4PCC04U05:589630:589774 [3] NCCL INFO New proxy send connection 25 from local rank 3, transport 0
MOC-R4PCC04U05:589630:590470 [3] NCCL INFO Connected to proxy localRank 3 -> connection 0x7f69dc005ae8
MOC-R4PCC04U05:589630:589774 [3] NCCL INFO New proxy send connection 26 from local rank 3, transport 0
MOC-R4PCC04U05:589630:590470 [3] NCCL INFO Connected to proxy localRank 3 -> connection 0x7f69dc005b60
MOC-R4PCC04U05:589630:589774 [3] NCCL INFO New proxy send connection 27 from local rank 3, transport 0
MOC-R4PCC04U05:589630:590470 [3] NCCL INFO Connected to proxy localRank 3 -> connection 0x7f69dc005bd8
MOC-R4PCC04U05:589630:589774 [3] NCCL INFO NET/IB: NCCL Dev 1 IbDev 0 Port 1 qpn 9496 mtu 3 query_ece={supported=1, vendor_id=0x15b3, options=0x30000002, comp_mask=0x0} GID 3 (0/C132A8C0FFFF0000) fifoRkey=0x174705 fifoLkey=0x174705
MOC-R4PCC04U05:589630:589774 [3] NCCL INFO NET/IB: NCCL Dev 1 IbDev 0 Port 1 qpn 9497 mtu 3 query_ece={supported=1, vendor_id=0x15b3, options=0x30000002, comp_mask=0x0} GID 3 (0/C132A8C0FFFF0000) fifoRkey=0x17e1a0 fifoLkey=0x17e1a0
MOC-R4PCC04U05:589630:589774 [3] NCCL INFO NET/IB: IbDev 0 Port 1 qpn 9250 set_ece={supported=1, vendor_id=0x15b3, options=0x0, comp_mask=0x0}
MOC-R4PCC04U05:589630:589774 [3] NCCL INFO NET/IB: IbDev 0 Port 1 qpn 9252 set_ece={supported=1, vendor_id=0x15b3, options=0x0, comp_mask=0x0}
MOC-R4PCC04U05:589630:589774 [3] NCCL INFO NET/IB: NCCL Dev 1 IbDev 0 Port 1 qpn 9506 mtu 3 query_ece={supported=1, vendor_id=0x15b3, options=0x30000002, comp_mask=0x0} GID 3 (0/C132A8C0FFFF0000) fifoRkey=0x172eed fifoLkey=0x172eed
MOC-R4PCC04U05:589630:589774 [3] NCCL INFO NET/IB: NCCL Dev 1 IbDev 0 Port 1 qpn 9507 mtu 3 query_ece={supported=1, vendor_id=0x15b3, options=0x30000002, comp_mask=0x0} GID 3 (0/C132A8C0FFFF0000) fifoRkey=0x17cb8a fifoLkey=0x17cb8a
MOC-R4PCC04U05:589630:589774 [3] NCCL INFO NET/IB: NCCL Dev 1 IbDev 0 Port 1 qpn 9508 mtu 3 query_ece={supported=1, vendor_id=0x15b3, options=0x30000002, comp_mask=0x0} GID 3 (0/C132A8C0FFFF0000) fifoRkey=0x17904f fifoLkey=0x17904f
MOC-R4PCC04U05:589630:589774 [3] NCCL INFO NET/IB: IbDev 0 Port 1 qpn 6552 set_ece={supported=1, vendor_id=0x15b3, options=0x0, comp_mask=0x0}
MOC-R4PCC04U05:589630:589774 [3] NCCL INFO NET/IB: IbDev 0 Port 1 qpn 6554 set_ece={supported=1, vendor_id=0x15b3, options=0x0, comp_mask=0x0}
MOC-R4PCC04U05:589630:589774 [3] NCCL INFO NET/IB: IbDev 0 Port 1 qpn 6556 set_ece={supported=1, vendor_id=0x15b3, options=0x0, comp_mask=0x0}
MOC-R4PCC04U05:589630:589774 [3] NCCL INFO NET/IB: NCCL Dev 1 IbDev 0 Port 1 qpn 9511 mtu 3 query_ece={supported=1, vendor_id=0x15b3, options=0x30000002, comp_mask=0x0} GID 3 (0/C132A8C0FFFF0000) fifoRkey=0x17ecab fifoLkey=0x17ecab
MOC-R4PCC04U05:589630:589774 [3] NCCL INFO NET/IB: IbDev 0 Port 1 qpn 6558 set_ece={supported=1, vendor_id=0x15b3, options=0x0, comp_mask=0x0}
step    1/10 | train loss 11.009953 | norm 15.3599 | lr 1.00e-04 | (15210.63 ms | 232663 tok/s)
step    2/10 | train loss 10.140260 | norm 5.7284 | lr 1.00e-04 | (723.46 ms | 4891698 tok/s)
step    3/10 | train loss 9.800492 | norm 2.5995 | lr 1.00e-04 | (722.45 ms | 4898523 tok/s)
step    4/10 | train loss 9.631880 | norm 2.1038 | lr 1.00e-04 | (769.24 ms | 4600561 tok/s)
step    5/10 | train loss 9.549383 | norm 2.0982 | lr 1.00e-04 | (727.33 ms | 4865679 tok/s)
step    6/10 | train loss 9.468868 | norm 1.9907 | lr 1.00e-04 | (731.68 ms | 4836732 tok/s)
step    7/10 | train loss 9.384041 | norm 1.9411 | lr 1.00e-04 | (733.73 ms | 4823255 tok/s)
step    8/10 | train loss 9.293344 | norm 1.9098 | lr 1.00e-04 | (721.64 ms | 4904060 tok/s)
step    9/10 | train loss 9.198849 | norm 1.8576 | lr 1.00e-04 | (719.44 ms | 4919057 tok/s)
step   10/10 | train loss 9.112998 | norm 1.7861 | lr 1.00e-04 | (722.47 ms | 4898374 tok/s)
final 9 iters avg: 730.159ms
peak memory consumption: 16601 MiB
