Running pytorch 2.7.0+cu126
using device: cuda:0
total desired batch size: 1835008
=> calculated gradient accumulation steps: 7
using device: cuda:2
using device: cuda:3
using device: cuda:1
compiling the model...
DataLoader: total number of tokens: 1,661,249,667 across 103 files
MOC-R4PCC04U05:430692:430692 [0] NCCL INFO NCCL_SOCKET_IFNAME set to eno7np0
MOC-R4PCC04U05:430692:430692 [0] NCCL INFO NCCL version 2.26.2+cuda12.2
MOC-R4PCC04U05:430692:430734 [0] NCCL INFO NET/Plugin: Could not find: libnccl-net.so. Using internal net plugin.
MOC-R4PCC04U05:430692:430734 [0] NCCL INFO NCCL_IB_HCA set to mlx5_5
MOC-R4PCC04U05:430694:430694 [2] NCCL INFO NCCL_SOCKET_IFNAME set to eno7np0
MOC-R4PCC04U05:430694:430694 [2] NCCL INFO NCCL version 2.26.2+cuda12.2
MOC-R4PCC04U05:430693:430693 [1] NCCL INFO NCCL_SOCKET_IFNAME set to eno7np0
MOC-R4PCC04U05:430693:430693 [1] NCCL INFO NCCL version 2.26.2+cuda12.2
MOC-R4PCC04U05:430692:430734 [0] NCCL INFO NET/IB : Made virtual device [0] name=mlx5_5 speed=400000 ndevs=1
MOC-R4PCC04U05:430692:430734 [0] NCCL INFO NET/IB : Using [0]mlx5_5:1/RoCE [RO]; OOB eno7np0:192.168.50.193<0>
MOC-R4PCC04U05:430695:430695 [3] NCCL INFO NCCL_SOCKET_IFNAME set to eno7np0
MOC-R4PCC04U05:430695:430695 [3] NCCL INFO NCCL version 2.26.2+cuda12.2
MOC-R4PCC04U05:430694:430735 [2] NCCL INFO NET/Plugin: Could not find: libnccl-net.so. Using internal net plugin.
MOC-R4PCC04U05:430693:430736 [1] NCCL INFO NET/Plugin: Could not find: libnccl-net.so. Using internal net plugin.
MOC-R4PCC04U05:430694:430735 [2] NCCL INFO NCCL_IB_HCA set to mlx5_5
MOC-R4PCC04U05:430693:430736 [1] NCCL INFO NCCL_IB_HCA set to mlx5_5
MOC-R4PCC04U05:430694:430735 [2] NCCL INFO NET/IB : Made virtual device [0] name=mlx5_5 speed=400000 ndevs=1
MOC-R4PCC04U05:430694:430735 [2] NCCL INFO NET/IB : Using [0]mlx5_5:1/RoCE [RO]; OOB eno7np0:192.168.50.193<0>
MOC-R4PCC04U05:430695:430738 [3] NCCL INFO NET/Plugin: Could not find: libnccl-net.so. Using internal net plugin.
MOC-R4PCC04U05:430693:430736 [1] NCCL INFO NET/IB : Made virtual device [0] name=mlx5_5 speed=400000 ndevs=1
MOC-R4PCC04U05:430693:430736 [1] NCCL INFO NET/IB : Using [0]mlx5_5:1/RoCE [RO]; OOB eno7np0:192.168.50.193<0>
MOC-R4PCC04U05:430695:430738 [3] NCCL INFO NCCL_IB_HCA set to mlx5_5
MOC-R4PCC04U05:430695:430738 [3] NCCL INFO NET/IB : Made virtual device [0] name=mlx5_5 speed=400000 ndevs=1
MOC-R4PCC04U05:430695:430738 [3] NCCL INFO NET/IB : Using [0]mlx5_5:1/RoCE [RO]; OOB eno7np0:192.168.50.193<0>
MOC-R4PCC04U05:430693:430736 [1] NCCL INFO NET/IB : GPU Direct RDMA Enabled for HCA 0 'mlx5_5'
MOC-R4PCC04U05:430693:430736 [1] NCCL INFO NET/IB : Made virtual device [1] name=mlx5_5 speed=400000 ndevs=1
MOC-R4PCC04U05:430693:430736 [1] NCCL INFO NET/IB : GPU Direct RDMA Enabled for HCA 0 'mlx5_5'
MOC-R4PCC04U05:430693:430736 [1] NCCL INFO NET/IB : GPU Direct RDMA Enabled for HCA 1 'mlx5_5'
MOC-R4PCC04U05:430692:430734 [0] NCCL INFO NET/IB : GPU Direct RDMA Enabled for HCA 0 'mlx5_5'
MOC-R4PCC04U05:430692:430734 [0] NCCL INFO NET/IB : Made virtual device [1] name=mlx5_5 speed=400000 ndevs=1
MOC-R4PCC04U05:430692:430734 [0] NCCL INFO NET/IB : GPU Direct RDMA Enabled for HCA 0 'mlx5_5'
MOC-R4PCC04U05:430692:430734 [0] NCCL INFO NET/IB : GPU Direct RDMA Enabled for HCA 1 'mlx5_5'
MOC-R4PCC04U05:430695:430738 [3] NCCL INFO NET/IB : GPU Direct RDMA Enabled for HCA 0 'mlx5_5'
MOC-R4PCC04U05:430695:430738 [3] NCCL INFO NET/IB : Made virtual device [1] name=mlx5_5 speed=400000 ndevs=1
MOC-R4PCC04U05:430695:430738 [3] NCCL INFO NET/IB : GPU Direct RDMA Enabled for HCA 0 'mlx5_5'
MOC-R4PCC04U05:430695:430738 [3] NCCL INFO NET/IB : GPU Direct RDMA Enabled for HCA 1 'mlx5_5'
MOC-R4PCC04U05:430694:430735 [2] NCCL INFO NET/IB : GPU Direct RDMA Enabled for HCA 0 'mlx5_5'
MOC-R4PCC04U05:430694:430735 [2] NCCL INFO NET/IB : Made virtual device [1] name=mlx5_5 speed=400000 ndevs=1
MOC-R4PCC04U05:430694:430735 [2] NCCL INFO NET/IB : GPU Direct RDMA Enabled for HCA 0 'mlx5_5'
MOC-R4PCC04U05:430694:430735 [2] NCCL INFO NET/IB : GPU Direct RDMA Enabled for HCA 1 'mlx5_5'
MOC-R4PCC04U05:430692:430734 [0] NCCL INFO NCCL_NET_GDR_LEVEL set by environment to LOC
MOC-R4PCC04U05:430692:430734 [0] NCCL INFO GPU Direct RDMA Disabled for GPU 0 / HCA 1 (distance 5 > 0)
MOC-R4PCC04U05:430692:430734 [0] NCCL INFO GPU Direct RDMA Disabled for GPU 1 / HCA 1 (distance 5 > 0)
MOC-R4PCC04U05:430692:430734 [0] NCCL INFO GPU Direct RDMA Disabled for GPU 2 / HCA 1 (distance 5 > 0)
MOC-R4PCC04U05:430692:430734 [0] NCCL INFO GPU Direct RDMA Disabled for GPU 0 / HCA 1 (distance 5 > 0)
MOC-R4PCC04U05:430692:430734 [0] NCCL INFO GPU Direct RDMA Disabled for GPU 1 / HCA 1 (distance 5 > 0)
MOC-R4PCC04U05:430692:430734 [0] NCCL INFO GPU Direct RDMA Disabled for GPU 2 / HCA 1 (distance 5 > 0)
MOC-R4PCC04U05:430693:430736 [1] NCCL INFO NCCL_NET_GDR_LEVEL set by environment to LOC
MOC-R4PCC04U05:430693:430736 [1] NCCL INFO GPU Direct RDMA Disabled for GPU 0 / HCA 1 (distance 5 > 0)
MOC-R4PCC04U05:430693:430736 [1] NCCL INFO GPU Direct RDMA Disabled for GPU 1 / HCA 1 (distance 5 > 0)
MOC-R4PCC04U05:430693:430736 [1] NCCL INFO GPU Direct RDMA Disabled for GPU 2 / HCA 1 (distance 5 > 0)
MOC-R4PCC04U05:430693:430736 [1] NCCL INFO GPU Direct RDMA Disabled for GPU 0 / HCA 1 (distance 5 > 0)
MOC-R4PCC04U05:430693:430736 [1] NCCL INFO GPU Direct RDMA Disabled for GPU 1 / HCA 1 (distance 5 > 0)
MOC-R4PCC04U05:430693:430736 [1] NCCL INFO GPU Direct RDMA Disabled for GPU 2 / HCA 1 (distance 5 > 0)
MOC-R4PCC04U05:430695:430738 [3] NCCL INFO NCCL_NET_GDR_LEVEL set by environment to LOC
MOC-R4PCC04U05:430695:430738 [3] NCCL INFO GPU Direct RDMA Disabled for GPU 0 / HCA 1 (distance 5 > 0)
MOC-R4PCC04U05:430695:430738 [3] NCCL INFO GPU Direct RDMA Disabled for GPU 1 / HCA 1 (distance 5 > 0)
MOC-R4PCC04U05:430695:430738 [3] NCCL INFO GPU Direct RDMA Disabled for GPU 2 / HCA 1 (distance 5 > 0)
MOC-R4PCC04U05:430695:430738 [3] NCCL INFO GPU Direct RDMA Disabled for GPU 0 / HCA 1 (distance 5 > 0)
MOC-R4PCC04U05:430695:430738 [3] NCCL INFO GPU Direct RDMA Disabled for GPU 1 / HCA 1 (distance 5 > 0)
MOC-R4PCC04U05:430695:430738 [3] NCCL INFO GPU Direct RDMA Disabled for GPU 2 / HCA 1 (distance 5 > 0)
MOC-R4PCC04U05:430694:430735 [2] NCCL INFO NCCL_NET_GDR_LEVEL set by environment to LOC
MOC-R4PCC04U05:430694:430735 [2] NCCL INFO GPU Direct RDMA Disabled for GPU 0 / HCA 1 (distance 5 > 0)
MOC-R4PCC04U05:430694:430735 [2] NCCL INFO GPU Direct RDMA Disabled for GPU 1 / HCA 1 (distance 5 > 0)
MOC-R4PCC04U05:430694:430735 [2] NCCL INFO GPU Direct RDMA Disabled for GPU 2 / HCA 1 (distance 5 > 0)
MOC-R4PCC04U05:430694:430735 [2] NCCL INFO GPU Direct RDMA Disabled for GPU 0 / HCA 1 (distance 5 > 0)
MOC-R4PCC04U05:430694:430735 [2] NCCL INFO GPU Direct RDMA Disabled for GPU 1 / HCA 1 (distance 5 > 0)
MOC-R4PCC04U05:430694:430735 [2] NCCL INFO GPU Direct RDMA Disabled for GPU 2 / HCA 1 (distance 5 > 0)
MOC-R4PCC04U05:430692:430753 [0] NCCL INFO New proxy send connection 0 from local rank 0, transport 0
MOC-R4PCC04U05:430692:430758 [0] NCCL INFO Connected to proxy localRank 0 -> connection 0x7f6d54004f30
MOC-R4PCC04U05:430693:430754 [1] NCCL INFO New proxy recv connection 0 from local rank 1, transport 0
MOC-R4PCC04U05:430693:430759 [1] NCCL INFO Connected to proxy localRank 1 -> connection 0x7f22a0004f30
MOC-R4PCC04U05:430692:430753 [0] NCCL INFO New proxy send connection 1 from local rank 0, transport 0
MOC-R4PCC04U05:430692:430758 [0] NCCL INFO Connected to proxy localRank 0 -> connection 0x7f6d54004fa8
MOC-R4PCC04U05:430693:430754 [1] NCCL INFO New proxy recv connection 1 from local rank 1, transport 0
MOC-R4PCC04U05:430693:430759 [1] NCCL INFO Connected to proxy localRank 1 -> connection 0x7f22a0004fa8
MOC-R4PCC04U05:430694:430751 [2] NCCL INFO New proxy recv connection 0 from local rank 2, transport 0
MOC-R4PCC04U05:430695:430750 [3] NCCL INFO New proxy recv connection 0 from local rank 3, transport 0
MOC-R4PCC04U05:430694:430760 [2] NCCL INFO Connected to proxy localRank 2 -> connection 0x7fec20004f30
MOC-R4PCC04U05:430695:430761 [3] NCCL INFO Connected to proxy localRank 3 -> connection 0x7f9ea8004f30
MOC-R4PCC04U05:430694:430751 [2] NCCL INFO New proxy recv connection 1 from local rank 2, transport 0
MOC-R4PCC04U05:430695:430750 [3] NCCL INFO New proxy recv connection 1 from local rank 3, transport 0
MOC-R4PCC04U05:430694:430760 [2] NCCL INFO Connected to proxy localRank 2 -> connection 0x7fec20004fa8
MOC-R4PCC04U05:430695:430761 [3] NCCL INFO Connected to proxy localRank 3 -> connection 0x7f9ea8004fa8
MOC-R4PCC04U05:430694:430760 [2] NCCL INFO GPU Direct RDMA Disabled for GPU 2 / HCA 1 (distance 7 > 0)
MOC-R4PCC04U05:430692:430753 [0] NCCL INFO New proxy send connection 2 from local rank 0, transport 0
MOC-R4PCC04U05:430692:430758 [0] NCCL INFO Connected to proxy localRank 0 -> connection 0x7f6d54005020
MOC-R4PCC04U05:430695:430761 [3] NCCL INFO GPU Direct RDMA Disabled for GPU 3 / HCA 1 (distance 7 > 0)
MOC-R4PCC04U05:430692:430753 [0] NCCL INFO New proxy send connection 3 from local rank 0, transport 0
MOC-R4PCC04U05:430692:430758 [0] NCCL INFO Connected to proxy localRank 0 -> connection 0x7f6d54005098
MOC-R4PCC04U05:430694:430751 [2] NCCL INFO New proxy recv connection 2 from local rank 2, transport 2
MOC-R4PCC04U05:430695:430750 [3] NCCL INFO New proxy send connection 2 from local rank 3, transport 2
MOC-R4PCC04U05:430694:430760 [2] NCCL INFO Connected to proxy localRank 2 -> connection 0x7fec20005020
MOC-R4PCC04U05:430695:430761 [3] NCCL INFO Connected to proxy localRank 3 -> connection 0x7f9ea8005020
MOC-R4PCC04U05:430695:430761 [3] NCCL INFO Channel 00/0 : 3[3] -> 6[2] [send] via NET/IB/1
MOC-R4PCC04U05:430695:430761 [3] NCCL INFO GPU Direct RDMA Disabled for GPU 3 / HCA 1 (distance 7 > 0)
MOC-R4PCC04U05:430694:430760 [2] NCCL INFO Channel 00/0 : 7[3] -> 2[2] [receive] via NET/IB/1
MOC-R4PCC04U05:430694:430760 [2] NCCL INFO GPU Direct RDMA Disabled for GPU 2 / HCA 1 (distance 7 > 0)
MOC-R4PCC04U05:430695:430750 [3] NCCL INFO New proxy send connection 3 from local rank 3, transport 2
MOC-R4PCC04U05:430695:430761 [3] NCCL INFO Connected to proxy localRank 3 -> connection 0x7f9ea8005098
MOC-R4PCC04U05:430694:430751 [2] NCCL INFO New proxy recv connection 3 from local rank 2, transport 2
MOC-R4PCC04U05:430694:430760 [2] NCCL INFO Connected to proxy localRank 2 -> connection 0x7fec20005098
MOC-R4PCC04U05:430695:430761 [3] NCCL INFO Channel 02/0 : 3[3] -> 6[2] [send] via NET/IB/1
MOC-R4PCC04U05:430694:430760 [2] NCCL INFO Channel 02/0 : 7[3] -> 2[2] [receive] via NET/IB/1
MOC-R4PCC04U05:430694:430760 [2] NCCL INFO GPU Direct RDMA Disabled for GPU 2 / HCA 1 (distance 7 > 0)
MOC-R4PCC04U05:430692:430753 [0] NCCL INFO New proxy recv connection 4 from local rank 0, transport 0
MOC-R4PCC04U05:430694:430751 [2] NCCL INFO New proxy send connection 4 from local rank 2, transport 2
MOC-R4PCC04U05:430692:430758 [0] NCCL INFO Connected to proxy localRank 0 -> connection 0x7f6d54005110
MOC-R4PCC04U05:430694:430760 [2] NCCL INFO Connected to proxy localRank 2 -> connection 0x7fec20005110
MOC-R4PCC04U05:430695:430761 [3] NCCL INFO GPU Direct RDMA Disabled for GPU 3 / HCA 1 (distance 7 > 0)
MOC-R4PCC04U05:430694:430760 [2] NCCL INFO Channel 01/0 : 2[2] -> 7[3] [send] via NET/IB/1
MOC-R4PCC04U05:430694:430760 [2] NCCL INFO GPU Direct RDMA Disabled for GPU 2 / HCA 1 (distance 7 > 0)
MOC-R4PCC04U05:430695:430750 [3] NCCL INFO New proxy recv connection 4 from local rank 3, transport 2
MOC-R4PCC04U05:430695:430761 [3] NCCL INFO Connected to proxy localRank 3 -> connection 0x7f9ea8005110
MOC-R4PCC04U05:430694:430751 [2] NCCL INFO New proxy send connection 5 from local rank 2, transport 2
MOC-R4PCC04U05:430694:430760 [2] NCCL INFO Connected to proxy localRank 2 -> connection 0x7fec20005188
MOC-R4PCC04U05:430694:430760 [2] NCCL INFO Channel 03/0 : 2[2] -> 7[3] [send] via NET/IB/1
MOC-R4PCC04U05:430695:430761 [3] NCCL INFO Channel 01/0 : 6[2] -> 3[3] [receive] via NET/IB/1
MOC-R4PCC04U05:430695:430761 [3] NCCL INFO GPU Direct RDMA Disabled for GPU 3 / HCA 1 (distance 7 > 0)
MOC-R4PCC04U05:430695:430750 [3] NCCL INFO New proxy recv connection 5 from local rank 3, transport 2
MOC-R4PCC04U05:430695:430761 [3] NCCL INFO Connected to proxy localRank 3 -> connection 0x7f9ea8005188
MOC-R4PCC04U05:430695:430761 [3] NCCL INFO Channel 03/0 : 6[2] -> 3[3] [receive] via NET/IB/1
MOC-R4PCC04U05:430695:430750 [3] NCCL INFO New proxy send connection 6 from local rank 3, transport 0
MOC-R4PCC04U05:430695:430761 [3] NCCL INFO Connected to proxy localRank 3 -> connection 0x7f9ea8005200
MOC-R4PCC04U05:430694:430751 [2] NCCL INFO New proxy send connection 6 from local rank 2, transport 0
MOC-R4PCC04U05:430694:430760 [2] NCCL INFO Connected to proxy localRank 2 -> connection 0x7fec20005200
MOC-R4PCC04U05:430692:430753 [0] NCCL INFO New proxy recv connection 5 from local rank 0, transport 0
MOC-R4PCC04U05:430692:430758 [0] NCCL INFO Connected to proxy localRank 0 -> connection 0x7f6d54005188
MOC-R4PCC04U05:430695:430750 [3] NCCL INFO New proxy send connection 7 from local rank 3, transport 0
MOC-R4PCC04U05:430695:430761 [3] NCCL INFO Connected to proxy localRank 3 -> connection 0x7f9ea8005278
MOC-R4PCC04U05:430694:430751 [2] NCCL INFO New proxy send connection 7 from local rank 2, transport 0
MOC-R4PCC04U05:430694:430760 [2] NCCL INFO Connected to proxy localRank 2 -> connection 0x7fec20005278
MOC-R4PCC04U05:430692:430753 [0] NCCL INFO New proxy recv connection 6 from local rank 0, transport 0
MOC-R4PCC04U05:430692:430758 [0] NCCL INFO Connected to proxy localRank 0 -> connection 0x7f6d54005200
MOC-R4PCC04U05:430693:430754 [1] NCCL INFO New proxy recv connection 2 from local rank 1, transport 0
MOC-R4PCC04U05:430693:430759 [1] NCCL INFO Connected to proxy localRank 1 -> connection 0x7f22a0005020
MOC-R4PCC04U05:430693:430754 [1] NCCL INFO New proxy recv connection 3 from local rank 1, transport 0
MOC-R4PCC04U05:430692:430753 [0] NCCL INFO New proxy recv connection 7 from local rank 0, transport 0
MOC-R4PCC04U05:430693:430759 [1] NCCL INFO Connected to proxy localRank 1 -> connection 0x7f22a0005098
MOC-R4PCC04U05:430692:430758 [0] NCCL INFO Connected to proxy localRank 0 -> connection 0x7f6d54005278
MOC-R4PCC04U05:430692:430753 [0] NCCL INFO New proxy send connection 8 from local rank 3, transport 0
MOC-R4PCC04U05:430695:430761 [3] NCCL INFO Connected to proxy localRank 0 -> connection 0x7f6d540052f0
MOC-R4PCC04U05:430693:430754 [1] NCCL INFO New proxy send connection 4 from local rank 1, transport 0
MOC-R4PCC04U05:430693:430759 [1] NCCL INFO Connected to proxy localRank 1 -> connection 0x7f22a0005110
MOC-R4PCC04U05:430693:430754 [1] NCCL INFO New proxy send connection 5 from local rank 1, transport 0
MOC-R4PCC04U05:430693:430759 [1] NCCL INFO Connected to proxy localRank 1 -> connection 0x7f22a0005188
MOC-R4PCC04U05:430693:430754 [1] NCCL INFO New proxy send connection 6 from local rank 1, transport 0
MOC-R4PCC04U05:430693:430759 [1] NCCL INFO Connected to proxy localRank 1 -> connection 0x7f22a0005200
MOC-R4PCC04U05:430693:430754 [1] NCCL INFO New proxy send connection 7 from local rank 1, transport 0
MOC-R4PCC04U05:430693:430759 [1] NCCL INFO Connected to proxy localRank 1 -> connection 0x7f22a0005278
MOC-R4PCC04U05:430695:430750 [3] NCCL INFO New proxy send connection 8 from local rank 1, transport 0
MOC-R4PCC04U05:430693:430759 [1] NCCL INFO Connected to proxy localRank 3 -> connection 0x7f9ea80052f0
MOC-R4PCC04U05:430692:430753 [0] NCCL INFO New proxy send connection 9 from local rank 2, transport 0
MOC-R4PCC04U05:430694:430760 [2] NCCL INFO Connected to proxy localRank 0 -> connection 0x7f6d54005368
MOC-R4PCC04U05:430694:430751 [2] NCCL INFO New proxy send connection 8 from local rank 0, transport 0
MOC-R4PCC04U05:430693:430754 [1] NCCL INFO New proxy send connection 8 from local rank 3, transport 0
MOC-R4PCC04U05:430692:430758 [0] NCCL INFO Connected to proxy localRank 2 -> connection 0x7fec200052f0
MOC-R4PCC04U05:430695:430761 [3] NCCL INFO Connected to proxy localRank 1 -> connection 0x7f22a00052f0
MOC-R4PCC04U05:430693:430754 [1] NCCL INFO New proxy send connection 9 from local rank 2, transport 0
MOC-R4PCC04U05:430694:430760 [2] NCCL INFO Connected to proxy localRank 1 -> connection 0x7f22a0005368
MOC-R4PCC04U05:430695:430750 [3] NCCL INFO NET/IB: NCCL Dev 1 IbDev 0 Port 1 qpn 6352 mtu 3 query_ece={supported=1, vendor_id=0x15b3, options=0x30000002, comp_mask=0x0} GID 3 (0/C132A8C0FFFF0000) fifoRkey=0x175412 fifoLkey=0x175412
MOC-R4PCC04U05:430695:430750 [3] NCCL INFO NET/IB: NCCL Dev 1 IbDev 0 Port 1 qpn 6353 mtu 3 query_ece={supported=1, vendor_id=0x15b3, options=0x30000002, comp_mask=0x0} GID 3 (0/C132A8C0FFFF0000) fifoRkey=0x178443 fifoLkey=0x178443
MOC-R4PCC04U05:430695:430750 [3] NCCL INFO NET/IB: IbDev 0 Port 1 qpn 6591 set_ece={supported=1, vendor_id=0x15b3, options=0x0, comp_mask=0x0}
MOC-R4PCC04U05:430692:430753 [0] NCCL INFO New proxy send connection 10 from local rank 1, transport 0
MOC-R4PCC04U05:430693:430759 [1] NCCL INFO Connected to proxy localRank 0 -> connection 0x7f6d540053e0
MOC-R4PCC04U05:430694:430751 [2] NCCL INFO NET/IB: NCCL Dev 1 IbDev 0 Port 1 qpn 6354 mtu 3 query_ece={supported=1, vendor_id=0x15b3, options=0x30000002, comp_mask=0x0} GID 3 (0/C132A8C0FFFF0000) fifoRkey=0x1722e1 fifoLkey=0x1722e1
MOC-R4PCC04U05:430694:430751 [2] NCCL INFO NET/IB: NCCL Dev 1 IbDev 0 Port 1 qpn 6355 mtu 3 query_ece={supported=1, vendor_id=0x15b3, options=0x30000002, comp_mask=0x0} GID 3 (0/C132A8C0FFFF0000) fifoRkey=0x172eed fifoLkey=0x172eed
MOC-R4PCC04U05:430695:430750 [3] NCCL INFO NET/IB: IbDev 0 Port 1 qpn 6593 set_ece={supported=1, vendor_id=0x15b3, options=0x0, comp_mask=0x0}
MOC-R4PCC04U05:430694:430751 [2] NCCL INFO NET/IB: IbDev 0 Port 1 qpn 6598 set_ece={supported=1, vendor_id=0x15b3, options=0x0, comp_mask=0x0}
MOC-R4PCC04U05:430694:430751 [2] NCCL INFO NET/IB: IbDev 0 Port 1 qpn 6600 set_ece={supported=1, vendor_id=0x15b3, options=0x0, comp_mask=0x0}
MOC-R4PCC04U05:430695:430750 [3] NCCL INFO New proxy send connection 9 from local rank 0, transport 0
MOC-R4PCC04U05:430692:430758 [0] NCCL INFO Connected to proxy localRank 3 -> connection 0x7f9ea8005368
MOC-R4PCC04U05:430694:430751 [2] NCCL INFO New proxy send connection 9 from local rank 1, transport 0
MOC-R4PCC04U05:430693:430759 [1] NCCL INFO Connected to proxy localRank 2 -> connection 0x7fec20005368
MOC-R4PCC04U05:430693:430754 [1] NCCL INFO New proxy send connection 10 from local rank 0, transport 0
MOC-R4PCC04U05:430692:430758 [0] NCCL INFO Connected to proxy localRank 1 -> connection 0x7f22a00053e0
num decayed parameter tensors: 50, with 124,318,464 parameters
num non-decayed parameter tensors: 98, with 121,344 parameters
using fused AdamW: False
using regular AdamW
MOC-R4PCC04U05:430695:430750 [3] NCCL INFO New proxy recv connection 10 from local rank 3, transport 0
MOC-R4PCC04U05:430695:431452 [3] NCCL INFO Connected to proxy localRank 3 -> connection 0x7f9ea80053e0
MOC-R4PCC04U05:430695:430750 [3] NCCL INFO New proxy recv connection 11 from local rank 3, transport 0
MOC-R4PCC04U05:430695:431452 [3] NCCL INFO Connected to proxy localRank 3 -> connection 0x7f9ea8005458
MOC-R4PCC04U05:430692:430753 [0] NCCL INFO New proxy send connection 11 from local rank 0, transport 0
MOC-R4PCC04U05:430692:431453 [0] NCCL INFO Connected to proxy localRank 0 -> connection 0x7f6d54005458
MOC-R4PCC04U05:430692:430753 [0] NCCL INFO New proxy send connection 12 from local rank 0, transport 0
MOC-R4PCC04U05:430692:431453 [0] NCCL INFO Connected to proxy localRank 0 -> connection 0x7f6d540054d0
MOC-R4PCC04U05:430692:430753 [0] NCCL INFO New proxy send connection 13 from local rank 0, transport 0
MOC-R4PCC04U05:430692:431453 [0] NCCL INFO Connected to proxy localRank 0 -> connection 0x7f6d54005548
MOC-R4PCC04U05:430692:430753 [0] NCCL INFO New proxy send connection 14 from local rank 0, transport 0
MOC-R4PCC04U05:430692:431453 [0] NCCL INFO Connected to proxy localRank 0 -> connection 0x7f6d540055c0
MOC-R4PCC04U05:430694:430751 [2] NCCL INFO New proxy recv connection 10 from local rank 2, transport 0
MOC-R4PCC04U05:430694:431454 [2] NCCL INFO Connected to proxy localRank 2 -> connection 0x7fec200053e0
MOC-R4PCC04U05:430694:430751 [2] NCCL INFO New proxy recv connection 11 from local rank 2, transport 0
MOC-R4PCC04U05:430694:431454 [2] NCCL INFO Connected to proxy localRank 2 -> connection 0x7fec20005458
MOC-R4PCC04U05:430694:430751 [2] NCCL INFO New proxy recv connection 12 from local rank 2, transport 0
MOC-R4PCC04U05:430694:431454 [2] NCCL INFO Connected to proxy localRank 2 -> connection 0x7fec200054d0
MOC-R4PCC04U05:430694:430751 [2] NCCL INFO New proxy recv connection 13 from local rank 2, transport 0
MOC-R4PCC04U05:430694:431454 [2] NCCL INFO Connected to proxy localRank 2 -> connection 0x7fec20005548
MOC-R4PCC04U05:430693:430754 [1] NCCL INFO New proxy recv connection 11 from local rank 1, transport 0
MOC-R4PCC04U05:430693:431455 [1] NCCL INFO Connected to proxy localRank 1 -> connection 0x7f22a0005458
MOC-R4PCC04U05:430693:430754 [1] NCCL INFO New proxy recv connection 12 from local rank 1, transport 0
MOC-R4PCC04U05:430693:431455 [1] NCCL INFO Connected to proxy localRank 1 -> connection 0x7f22a00054d0
MOC-R4PCC04U05:430693:430754 [1] NCCL INFO New proxy recv connection 13 from local rank 1, transport 0
MOC-R4PCC04U05:430693:431455 [1] NCCL INFO Connected to proxy localRank 1 -> connection 0x7f22a0005548
MOC-R4PCC04U05:430693:430754 [1] NCCL INFO New proxy recv connection 14 from local rank 1, transport 0
MOC-R4PCC04U05:430693:431455 [1] NCCL INFO Connected to proxy localRank 1 -> connection 0x7f22a00055c0
MOC-R4PCC04U05:430693:430754 [1] NCCL INFO New proxy send connection 15 from local rank 1, transport 0
MOC-R4PCC04U05:430693:431455 [1] NCCL INFO Connected to proxy localRank 1 -> connection 0x7f22a0005638
MOC-R4PCC04U05:430693:430754 [1] NCCL INFO New proxy send connection 16 from local rank 1, transport 0
MOC-R4PCC04U05:430693:431455 [1] NCCL INFO Connected to proxy localRank 1 -> connection 0x7f22a00056b0
MOC-R4PCC04U05:430693:430754 [1] NCCL INFO New proxy send connection 17 from local rank 1, transport 0
MOC-R4PCC04U05:430693:431455 [1] NCCL INFO Connected to proxy localRank 1 -> connection 0x7f22a0005728
MOC-R4PCC04U05:430693:430754 [1] NCCL INFO New proxy send connection 18 from local rank 1, transport 0
MOC-R4PCC04U05:430693:431455 [1] NCCL INFO Connected to proxy localRank 1 -> connection 0x7f22a00057a0
MOC-R4PCC04U05:430692:430753 [0] NCCL INFO New proxy send connection 15 from local rank 0, transport 0
MOC-R4PCC04U05:430692:431453 [0] NCCL INFO Connected to proxy localRank 0 -> connection 0x7f6d54005638
MOC-R4PCC04U05:430693:430754 [1] NCCL INFO New proxy recv connection 19 from local rank 1, transport 0
MOC-R4PCC04U05:430693:431455 [1] NCCL INFO Connected to proxy localRank 1 -> connection 0x7f22a0005818
MOC-R4PCC04U05:430694:430751 [2] NCCL INFO New proxy send connection 14 from local rank 2, transport 0
MOC-R4PCC04U05:430694:431454 [2] NCCL INFO Connected to proxy localRank 2 -> connection 0x7fec200055c0
MOC-R4PCC04U05:430693:430754 [1] NCCL INFO New proxy recv connection 20 from local rank 1, transport 0
MOC-R4PCC04U05:430693:431455 [1] NCCL INFO Connected to proxy localRank 1 -> connection 0x7f22a0005890
MOC-R4PCC04U05:430692:430753 [0] NCCL INFO New proxy send connection 16 from local rank 0, transport 0
MOC-R4PCC04U05:430692:431453 [0] NCCL INFO Connected to proxy localRank 0 -> connection 0x7f6d540056b0
MOC-R4PCC04U05:430694:430751 [2] NCCL INFO New proxy send connection 15 from local rank 2, transport 0
MOC-R4PCC04U05:430694:431454 [2] NCCL INFO Connected to proxy localRank 2 -> connection 0x7fec20005638
MOC-R4PCC04U05:430692:430753 [0] NCCL INFO New proxy recv connection 17 from local rank 0, transport 0
MOC-R4PCC04U05:430692:431453 [0] NCCL INFO Connected to proxy localRank 0 -> connection 0x7f6d54005728
MOC-R4PCC04U05:430695:431452 [3] NCCL INFO GPU Direct RDMA Disabled for GPU 3 / HCA 1 (distance 7 > 0)
MOC-R4PCC04U05:430695:430750 [3] NCCL INFO New proxy recv connection 12 from local rank 3, transport 2
MOC-R4PCC04U05:430695:431452 [3] NCCL INFO Connected to proxy localRank 3 -> connection 0x7f9ea80054d0
MOC-R4PCC04U05:430692:430753 [0] NCCL INFO New proxy recv connection 18 from local rank 0, transport 0
MOC-R4PCC04U05:430692:431453 [0] NCCL INFO Connected to proxy localRank 0 -> connection 0x7f6d540057a0
MOC-R4PCC04U05:430695:431452 [3] NCCL INFO Channel 00/0 : 7[3] -> 3[3] [receive] via NET/IB/1
MOC-R4PCC04U05:430695:431452 [3] NCCL INFO GPU Direct RDMA Disabled for GPU 3 / HCA 1 (distance 7 > 0)
MOC-R4PCC04U05:430695:430750 [3] NCCL INFO New proxy recv connection 13 from local rank 3, transport 2
MOC-R4PCC04U05:430695:431452 [3] NCCL INFO Connected to proxy localRank 3 -> connection 0x7f9ea8005548
MOC-R4PCC04U05:430695:431452 [3] NCCL INFO Channel 01/0 : 7[3] -> 3[3] [receive] via NET/IB/1
MOC-R4PCC04U05:430695:431452 [3] NCCL INFO GPU Direct RDMA Disabled for GPU 3 / HCA 1 (distance 7 > 0)
MOC-R4PCC04U05:430695:430750 [3] NCCL INFO New proxy recv connection 14 from local rank 3, transport 2
MOC-R4PCC04U05:430695:431452 [3] NCCL INFO Connected to proxy localRank 3 -> connection 0x7f9ea80055c0
MOC-R4PCC04U05:430695:431452 [3] NCCL INFO Channel 02/0 : 7[3] -> 3[3] [receive] via NET/IB/1
MOC-R4PCC04U05:430695:431452 [3] NCCL INFO GPU Direct RDMA Disabled for GPU 3 / HCA 1 (distance 7 > 0)
MOC-R4PCC04U05:430695:430750 [3] NCCL INFO New proxy recv connection 15 from local rank 3, transport 2
MOC-R4PCC04U05:430695:431452 [3] NCCL INFO Connected to proxy localRank 3 -> connection 0x7f9ea8005638
MOC-R4PCC04U05:430695:431452 [3] NCCL INFO Channel 03/0 : 7[3] -> 3[3] [receive] via NET/IB/1
MOC-R4PCC04U05:430695:431452 [3] NCCL INFO GPU Direct RDMA Disabled for GPU 3 / HCA 1 (distance 7 > 0)
MOC-R4PCC04U05:430695:430750 [3] NCCL INFO New proxy send connection 16 from local rank 3, transport 2
MOC-R4PCC04U05:430695:431452 [3] NCCL INFO Connected to proxy localRank 3 -> connection 0x7f9ea80056b0
MOC-R4PCC04U05:430695:431452 [3] NCCL INFO Channel 00/0 : 3[3] -> 7[3] [send] via NET/IB/1
MOC-R4PCC04U05:430695:431452 [3] NCCL INFO GPU Direct RDMA Disabled for GPU 3 / HCA 1 (distance 7 > 0)
MOC-R4PCC04U05:430695:430750 [3] NCCL INFO New proxy send connection 17 from local rank 3, transport 2
MOC-R4PCC04U05:430695:431452 [3] NCCL INFO Connected to proxy localRank 3 -> connection 0x7f9ea8005728
MOC-R4PCC04U05:430695:431452 [3] NCCL INFO Channel 01/0 : 3[3] -> 7[3] [send] via NET/IB/1
MOC-R4PCC04U05:430695:431452 [3] NCCL INFO GPU Direct RDMA Disabled for GPU 3 / HCA 1 (distance 7 > 0)
MOC-R4PCC04U05:430695:430750 [3] NCCL INFO New proxy send connection 18 from local rank 3, transport 2
MOC-R4PCC04U05:430695:431452 [3] NCCL INFO Connected to proxy localRank 3 -> connection 0x7f9ea80057a0
MOC-R4PCC04U05:430695:431452 [3] NCCL INFO Channel 02/0 : 3[3] -> 7[3] [send] via NET/IB/1
MOC-R4PCC04U05:430695:431452 [3] NCCL INFO GPU Direct RDMA Disabled for GPU 3 / HCA 1 (distance 7 > 0)
MOC-R4PCC04U05:430695:430750 [3] NCCL INFO New proxy send connection 19 from local rank 3, transport 2
MOC-R4PCC04U05:430695:431452 [3] NCCL INFO Connected to proxy localRank 3 -> connection 0x7f9ea8005818
MOC-R4PCC04U05:430695:431452 [3] NCCL INFO Channel 03/0 : 3[3] -> 7[3] [send] via NET/IB/1
MOC-R4PCC04U05:430695:430750 [3] NCCL INFO New proxy send connection 20 from local rank 3, transport 0
MOC-R4PCC04U05:430695:431452 [3] NCCL INFO Connected to proxy localRank 3 -> connection 0x7f9ea8005890
MOC-R4PCC04U05:430692:430753 [0] NCCL INFO New proxy recv connection 19 from local rank 0, transport 0
MOC-R4PCC04U05:430692:431453 [0] NCCL INFO Connected to proxy localRank 0 -> connection 0x7f6d54005818
MOC-R4PCC04U05:430695:430750 [3] NCCL INFO New proxy send connection 21 from local rank 3, transport 0
MOC-R4PCC04U05:430695:431452 [3] NCCL INFO Connected to proxy localRank 3 -> connection 0x7f9ea8005908
MOC-R4PCC04U05:430692:430753 [0] NCCL INFO New proxy recv connection 20 from local rank 0, transport 0
MOC-R4PCC04U05:430692:431453 [0] NCCL INFO Connected to proxy localRank 0 -> connection 0x7f6d54005890
MOC-R4PCC04U05:430695:430750 [3] NCCL INFO New proxy send connection 22 from local rank 3, transport 0
MOC-R4PCC04U05:430695:431452 [3] NCCL INFO Connected to proxy localRank 3 -> connection 0x7f9ea8005980
MOC-R4PCC04U05:430695:430750 [3] NCCL INFO New proxy send connection 23 from local rank 3, transport 0
MOC-R4PCC04U05:430695:431452 [3] NCCL INFO Connected to proxy localRank 3 -> connection 0x7f9ea80059f8
MOC-R4PCC04U05:430695:430750 [3] NCCL INFO NET/IB: NCCL Dev 1 IbDev 0 Port 1 qpn 6362 mtu 3 query_ece={supported=1, vendor_id=0x15b3, options=0x30000002, comp_mask=0x0} GID 3 (0/C132A8C0FFFF0000) fifoRkey=0x17cb8a fifoLkey=0x17cb8a
MOC-R4PCC04U05:430695:430750 [3] NCCL INFO NET/IB: IbDev 0 Port 1 qpn 6603 set_ece={supported=1, vendor_id=0x15b3, options=0x0, comp_mask=0x0}
MOC-R4PCC04U05:430695:430750 [3] NCCL INFO NET/IB: NCCL Dev 1 IbDev 0 Port 1 qpn 6365 mtu 3 query_ece={supported=1, vendor_id=0x15b3, options=0x30000002, comp_mask=0x0} GID 3 (0/C132A8C0FFFF0000) fifoRkey=0x17ecab fifoLkey=0x17ecab
MOC-R4PCC04U05:430695:430750 [3] NCCL INFO NET/IB: IbDev 0 Port 1 qpn 6605 set_ece={supported=1, vendor_id=0x15b3, options=0x0, comp_mask=0x0}
MOC-R4PCC04U05:430695:430750 [3] NCCL INFO NET/IB: NCCL Dev 1 IbDev 0 Port 1 qpn 6368 mtu 3 query_ece={supported=1, vendor_id=0x15b3, options=0x30000002, comp_mask=0x0} GID 3 (0/C132A8C0FFFF0000) fifoRkey=0x17e2a1 fifoLkey=0x17e2a1
MOC-R4PCC04U05:430695:430750 [3] NCCL INFO NET/IB: NCCL Dev 1 IbDev 0 Port 1 qpn 6371 mtu 3 query_ece={supported=1, vendor_id=0x15b3, options=0x30000002, comp_mask=0x0} GID 3 (0/C132A8C0FFFF0000) fifoRkey=0x17fdbc fifoLkey=0x17fdbc
MOC-R4PCC04U05:430695:430750 [3] NCCL INFO NET/IB: IbDev 0 Port 1 qpn 6610 set_ece={supported=1, vendor_id=0x15b3, options=0x0, comp_mask=0x0}
MOC-R4PCC04U05:430695:430750 [3] NCCL INFO NET/IB: IbDev 0 Port 1 qpn 6612 set_ece={supported=1, vendor_id=0x15b3, options=0x0, comp_mask=0x0}
step    1/10 | train loss 11.010164 | norm 15.3784 | lr 1.00e-04 | (14295.02 ms | 128367 tok/s)
step    2/10 | train loss 10.136261 | norm 5.7532 | lr 1.00e-04 | (554.28 ms | 3310642 tok/s)
step    3/10 | train loss 9.794407 | norm 2.6140 | lr 1.00e-04 | (568.41 ms | 3228342 tok/s)
step    4/10 | train loss 9.624501 | norm 2.1149 | lr 1.00e-04 | (567.93 ms | 3231064 tok/s)
step    5/10 | train loss 9.541206 | norm 2.1072 | lr 1.00e-04 | (641.85 ms | 2858937 tok/s)
step    6/10 | train loss 9.459827 | norm 2.0014 | lr 1.00e-04 | (619.53 ms | 2961920 tok/s)
step    7/10 | train loss 9.374056 | norm 1.9509 | lr 1.00e-04 | (578.23 ms | 3173476 tok/s)
step    8/10 | train loss 9.281907 | norm 1.9181 | lr 1.00e-04 | (557.49 ms | 3291526 tok/s)
step    9/10 | train loss 9.186088 | norm 1.8610 | lr 1.00e-04 | (559.96 ms | 3277056 tok/s)
step   10/10 | train loss 9.101147 | norm 1.8022 | lr 1.00e-04 | (556.31 ms | 3298558 tok/s)
final 9 iters avg: 578.220ms
peak memory consumption: 16601 MiB
