Running pytorch 2.7.0+cu126
using device: cuda:0
total desired batch size: 3145728
=> calculated gradient accumulation steps: 8
using device: cuda:3
using device: cuda:2
using device: cuda:1
compiling the model...
DataLoader: total number of tokens: 1,661,249,667 across 103 files
MOC-R4PCC04U05:530321:530321 [0] NCCL INFO NCCL_SOCKET_IFNAME set to eno7np0
MOC-R4PCC04U05:530321:530321 [0] NCCL INFO NCCL version 2.26.2+cuda12.2
MOC-R4PCC04U05:530321:530425 [0] NCCL INFO NET/Plugin: Could not find: libnccl-net.so. Using internal net plugin.
MOC-R4PCC04U05:530321:530425 [0] NCCL INFO NET/Socket : Using [0]eno7np0:192.168.50.193<0>
MOC-R4PCC04U05:530324:530324 [3] NCCL INFO NCCL_SOCKET_IFNAME set to eno7np0
MOC-R4PCC04U05:530324:530324 [3] NCCL INFO NCCL version 2.26.2+cuda12.2
MOC-R4PCC04U05:530323:530323 [2] NCCL INFO NCCL_SOCKET_IFNAME set to eno7np0
MOC-R4PCC04U05:530323:530323 [2] NCCL INFO NCCL version 2.26.2+cuda12.2
MOC-R4PCC04U05:530322:530322 [1] NCCL INFO NCCL_SOCKET_IFNAME set to eno7np0
MOC-R4PCC04U05:530322:530322 [1] NCCL INFO NCCL version 2.26.2+cuda12.2
MOC-R4PCC04U05:530324:530447 [3] NCCL INFO NET/Plugin: Could not find: libnccl-net.so. Using internal net plugin.
MOC-R4PCC04U05:530324:530447 [3] NCCL INFO NET/Socket : Using [0]eno7np0:192.168.50.193<0>
MOC-R4PCC04U05:530323:530448 [2] NCCL INFO NET/Plugin: Could not find: libnccl-net.so. Using internal net plugin.
MOC-R4PCC04U05:530323:530448 [2] NCCL INFO NET/Socket : Using [0]eno7np0:192.168.50.193<0>
MOC-R4PCC04U05:530322:530449 [1] NCCL INFO NET/Plugin: Could not find: libnccl-net.so. Using internal net plugin.
MOC-R4PCC04U05:530322:530449 [1] NCCL INFO NET/Socket : Using [0]eno7np0:192.168.50.193<0>
MOC-R4PCC04U05:530321:530425 [0] NCCL INFO NET/Socket : GPU Direct RDMA Disabled for HCA 0 'eno7np0'
MOC-R4PCC04U05:530324:530447 [3] NCCL INFO NET/Socket : GPU Direct RDMA Disabled for HCA 0 'eno7np0'
MOC-R4PCC04U05:530322:530449 [1] NCCL INFO NET/Socket : GPU Direct RDMA Disabled for HCA 0 'eno7np0'
MOC-R4PCC04U05:530323:530448 [2] NCCL INFO NET/Socket : GPU Direct RDMA Disabled for HCA 0 'eno7np0'
MOC-R4PCC04U05:530324:530457 [3] NCCL INFO New proxy recv connection 0 from local rank 3, transport 0
MOC-R4PCC04U05:530324:530466 [3] NCCL INFO Connected to proxy localRank 3 -> connection 0x7f4084004f30
MOC-R4PCC04U05:530323:530458 [2] NCCL INFO New proxy recv connection 0 from local rank 2, transport 0
MOC-R4PCC04U05:530323:530465 [2] NCCL INFO Connected to proxy localRank 2 -> connection 0x7fc218004f30
MOC-R4PCC04U05:530323:530458 [2] NCCL INFO New proxy recv connection 1 from local rank 2, transport 0
MOC-R4PCC04U05:530323:530465 [2] NCCL INFO Connected to proxy localRank 2 -> connection 0x7fc218004fa8
MOC-R4PCC04U05:530324:530457 [3] NCCL INFO New proxy recv connection 1 from local rank 3, transport 0
MOC-R4PCC04U05:530324:530466 [3] NCCL INFO Connected to proxy localRank 3 -> connection 0x7f4084004fa8
MOC-R4PCC04U05:530321:530462 [0] NCCL INFO New proxy send connection 0 from local rank 0, transport 0
MOC-R4PCC04U05:530321:530467 [0] NCCL INFO Connected to proxy localRank 0 -> connection 0x7f83f0004f30
MOC-R4PCC04U05:530321:530462 [0] NCCL INFO New proxy send connection 1 from local rank 0, transport 0
MOC-R4PCC04U05:530321:530467 [0] NCCL INFO Connected to proxy localRank 0 -> connection 0x7f83f0004fa8
MOC-R4PCC04U05:530321:530462 [0] NCCL INFO New proxy send connection 2 from local rank 0, transport 0
MOC-R4PCC04U05:530321:530467 [0] NCCL INFO Connected to proxy localRank 0 -> connection 0x7f83f0005020
MOC-R4PCC04U05:530321:530462 [0] NCCL INFO New proxy send connection 3 from local rank 0, transport 0
MOC-R4PCC04U05:530321:530467 [0] NCCL INFO Connected to proxy localRank 0 -> connection 0x7f83f0005098
MOC-R4PCC04U05:530322:530456 [1] NCCL INFO New proxy recv connection 0 from local rank 1, transport 0
MOC-R4PCC04U05:530322:530468 [1] NCCL INFO Connected to proxy localRank 1 -> connection 0x7fc5e4004f30
MOC-R4PCC04U05:530322:530456 [1] NCCL INFO New proxy recv connection 1 from local rank 1, transport 0
MOC-R4PCC04U05:530322:530468 [1] NCCL INFO Connected to proxy localRank 1 -> connection 0x7fc5e4004fa8
MOC-R4PCC04U05:530324:530457 [3] NCCL INFO New proxy send connection 2 from local rank 3, transport 2
MOC-R4PCC04U05:530324:530466 [3] NCCL INFO Connected to proxy localRank 3 -> connection 0x7f4084005020
MOC-R4PCC04U05:530324:530466 [3] NCCL INFO Channel 00/0 : 3[3] -> 6[2] [send] via NET/Socket/0
MOC-R4PCC04U05:530324:530457 [3] NCCL INFO New proxy send connection 3 from local rank 3, transport 2
MOC-R4PCC04U05:530324:530466 [3] NCCL INFO Connected to proxy localRank 3 -> connection 0x7f4084005098
MOC-R4PCC04U05:530324:530466 [3] NCCL INFO Channel 02/0 : 3[3] -> 6[2] [send] via NET/Socket/0
MOC-R4PCC04U05:530321:530462 [0] NCCL INFO New proxy recv connection 4 from local rank 0, transport 0
MOC-R4PCC04U05:530321:530467 [0] NCCL INFO Connected to proxy localRank 0 -> connection 0x7f83f0005110
MOC-R4PCC04U05:530321:530462 [0] NCCL INFO New proxy recv connection 5 from local rank 0, transport 0
MOC-R4PCC04U05:530321:530467 [0] NCCL INFO Connected to proxy localRank 0 -> connection 0x7f83f0005188
MOC-R4PCC04U05:530321:530462 [0] NCCL INFO New proxy recv connection 6 from local rank 0, transport 0
MOC-R4PCC04U05:530321:530467 [0] NCCL INFO Connected to proxy localRank 0 -> connection 0x7f83f0005200
MOC-R4PCC04U05:530321:530462 [0] NCCL INFO New proxy recv connection 7 from local rank 0, transport 0
MOC-R4PCC04U05:530323:530458 [2] NCCL INFO New proxy recv connection 2 from local rank 2, transport 2
MOC-R4PCC04U05:530321:530467 [0] NCCL INFO Connected to proxy localRank 0 -> connection 0x7f83f0005278
MOC-R4PCC04U05:530323:530465 [2] NCCL INFO Connected to proxy localRank 2 -> connection 0x7fc218005020
MOC-R4PCC04U05:530323:530465 [2] NCCL INFO Channel 00/0 : 11[3] -> 2[2] [receive] via NET/Socket/0
MOC-R4PCC04U05:530323:530458 [2] NCCL INFO New proxy recv connection 3 from local rank 2, transport 2
MOC-R4PCC04U05:530323:530465 [2] NCCL INFO Connected to proxy localRank 2 -> connection 0x7fc218005098
MOC-R4PCC04U05:530323:530465 [2] NCCL INFO Channel 02/0 : 11[3] -> 2[2] [receive] via NET/Socket/0
MOC-R4PCC04U05:530323:530458 [2] NCCL INFO New proxy send connection 4 from local rank 2, transport 2
MOC-R4PCC04U05:530323:530465 [2] NCCL INFO Connected to proxy localRank 2 -> connection 0x7fc218005110
MOC-R4PCC04U05:530323:530465 [2] NCCL INFO Channel 01/0 : 2[2] -> 7[3] [send] via NET/Socket/0
MOC-R4PCC04U05:530323:530458 [2] NCCL INFO New proxy send connection 5 from local rank 2, transport 2
MOC-R4PCC04U05:530323:530465 [2] NCCL INFO Connected to proxy localRank 2 -> connection 0x7fc218005188
MOC-R4PCC04U05:530323:530465 [2] NCCL INFO Channel 03/0 : 2[2] -> 7[3] [send] via NET/Socket/0
MOC-R4PCC04U05:530324:530457 [3] NCCL INFO New proxy recv connection 4 from local rank 3, transport 2
MOC-R4PCC04U05:530324:530466 [3] NCCL INFO Connected to proxy localRank 3 -> connection 0x7f4084005110
MOC-R4PCC04U05:530324:530466 [3] NCCL INFO Channel 01/0 : 10[2] -> 3[3] [receive] via NET/Socket/0
MOC-R4PCC04U05:530324:530457 [3] NCCL INFO New proxy recv connection 5 from local rank 3, transport 2
MOC-R4PCC04U05:530324:530466 [3] NCCL INFO Connected to proxy localRank 3 -> connection 0x7f4084005188
MOC-R4PCC04U05:530324:530466 [3] NCCL INFO Channel 03/0 : 10[2] -> 3[3] [receive] via NET/Socket/0
MOC-R4PCC04U05:530324:530457 [3] NCCL INFO New proxy send connection 6 from local rank 3, transport 0
MOC-R4PCC04U05:530324:530466 [3] NCCL INFO Connected to proxy localRank 3 -> connection 0x7f4084005200
MOC-R4PCC04U05:530323:530458 [2] NCCL INFO New proxy send connection 6 from local rank 2, transport 0
MOC-R4PCC04U05:530323:530465 [2] NCCL INFO Connected to proxy localRank 2 -> connection 0x7fc218005200
MOC-R4PCC04U05:530324:530457 [3] NCCL INFO New proxy send connection 7 from local rank 3, transport 0
MOC-R4PCC04U05:530324:530466 [3] NCCL INFO Connected to proxy localRank 3 -> connection 0x7f4084005278
MOC-R4PCC04U05:530323:530458 [2] NCCL INFO New proxy send connection 7 from local rank 2, transport 0
MOC-R4PCC04U05:530323:530465 [2] NCCL INFO Connected to proxy localRank 2 -> connection 0x7fc218005278
MOC-R4PCC04U05:530322:530456 [1] NCCL INFO New proxy recv connection 2 from local rank 1, transport 0
MOC-R4PCC04U05:530322:530468 [1] NCCL INFO Connected to proxy localRank 1 -> connection 0x7fc5e4005020
MOC-R4PCC04U05:530321:530462 [0] NCCL INFO New proxy send connection 8 from local rank 3, transport 0
MOC-R4PCC04U05:530324:530466 [3] NCCL INFO Connected to proxy localRank 0 -> connection 0x7f83f00052f0
MOC-R4PCC04U05:530322:530456 [1] NCCL INFO New proxy recv connection 3 from local rank 1, transport 0
MOC-R4PCC04U05:530322:530468 [1] NCCL INFO Connected to proxy localRank 1 -> connection 0x7fc5e4005098
MOC-R4PCC04U05:530322:530456 [1] NCCL INFO New proxy send connection 4 from local rank 1, transport 0
MOC-R4PCC04U05:530322:530468 [1] NCCL INFO Connected to proxy localRank 1 -> connection 0x7fc5e4005110
MOC-R4PCC04U05:530322:530456 [1] NCCL INFO New proxy send connection 5 from local rank 1, transport 0
MOC-R4PCC04U05:530322:530468 [1] NCCL INFO Connected to proxy localRank 1 -> connection 0x7fc5e4005188
MOC-R4PCC04U05:530322:530456 [1] NCCL INFO New proxy send connection 6 from local rank 1, transport 0
MOC-R4PCC04U05:530322:530468 [1] NCCL INFO Connected to proxy localRank 1 -> connection 0x7fc5e4005200
MOC-R4PCC04U05:530322:530456 [1] NCCL INFO New proxy send connection 7 from local rank 1, transport 0
MOC-R4PCC04U05:530322:530468 [1] NCCL INFO Connected to proxy localRank 1 -> connection 0x7fc5e4005278
MOC-R4PCC04U05:530321:530462 [0] NCCL INFO New proxy send connection 9 from local rank 2, transport 0
MOC-R4PCC04U05:530323:530458 [2] NCCL INFO New proxy send connection 8 from local rank 0, transport 0
MOC-R4PCC04U05:530323:530465 [2] NCCL INFO Connected to proxy localRank 0 -> connection 0x7f83f0005368
MOC-R4PCC04U05:530321:530467 [0] NCCL INFO Connected to proxy localRank 2 -> connection 0x7fc2180052f0
MOC-R4PCC04U05:530324:530457 [3] NCCL INFO New proxy send connection 8 from local rank 1, transport 0
MOC-R4PCC04U05:530322:530468 [1] NCCL INFO Connected to proxy localRank 3 -> connection 0x7f40840052f0
MOC-R4PCC04U05:530322:530456 [1] NCCL INFO New proxy send connection 8 from local rank 3, transport 0
MOC-R4PCC04U05:530324:530466 [3] NCCL INFO Connected to proxy localRank 1 -> connection 0x7fc5e40052f0
MOC-R4PCC04U05:530322:530456 [1] NCCL INFO New proxy send connection 9 from local rank 2, transport 0
MOC-R4PCC04U05:530323:530465 [2] NCCL INFO Connected to proxy localRank 1 -> connection 0x7fc5e4005368
MOC-R4PCC04U05:530324:530457 [3] NCCL INFO New proxy send connection 9 from local rank 0, transport 0
MOC-R4PCC04U05:530321:530467 [0] NCCL INFO Connected to proxy localRank 3 -> connection 0x7f4084005368
MOC-R4PCC04U05:530321:530462 [0] NCCL INFO New proxy send connection 10 from local rank 1, transport 0
MOC-R4PCC04U05:530322:530468 [1] NCCL INFO Connected to proxy localRank 0 -> connection 0x7f83f00053e0
MOC-R4PCC04U05:530322:530456 [1] NCCL INFO New proxy send connection 10 from local rank 0, transport 0
MOC-R4PCC04U05:530321:530467 [0] NCCL INFO Connected to proxy localRank 1 -> connection 0x7fc5e40053e0
MOC-R4PCC04U05:530323:530458 [2] NCCL INFO New proxy send connection 9 from local rank 1, transport 0
MOC-R4PCC04U05:530322:530468 [1] NCCL INFO Connected to proxy localRank 2 -> connection 0x7fc218005368
num decayed parameter tensors: 50, with 124,318,464 parameters
num non-decayed parameter tensors: 98, with 121,344 parameters
using fused AdamW: False
using regular AdamW
MOC-R4PCC04U05:530321:530462 [0] NCCL INFO New proxy send connection 11 from local rank 0, transport 0
MOC-R4PCC04U05:530321:531226 [0] NCCL INFO Connected to proxy localRank 0 -> connection 0x7f83f0005458
MOC-R4PCC04U05:530321:530462 [0] NCCL INFO New proxy send connection 12 from local rank 0, transport 0
MOC-R4PCC04U05:530321:531226 [0] NCCL INFO Connected to proxy localRank 0 -> connection 0x7f83f00054d0
MOC-R4PCC04U05:530321:530462 [0] NCCL INFO New proxy send connection 13 from local rank 0, transport 0
MOC-R4PCC04U05:530321:531226 [0] NCCL INFO Connected to proxy localRank 0 -> connection 0x7f83f0005548
MOC-R4PCC04U05:530321:530462 [0] NCCL INFO New proxy send connection 14 from local rank 0, transport 0
MOC-R4PCC04U05:530321:531226 [0] NCCL INFO Connected to proxy localRank 0 -> connection 0x7f83f00055c0
MOC-R4PCC04U05:530324:530457 [3] NCCL INFO New proxy recv connection 10 from local rank 3, transport 0
MOC-R4PCC04U05:530324:531227 [3] NCCL INFO Connected to proxy localRank 3 -> connection 0x7f40840053e0
MOC-R4PCC04U05:530324:530457 [3] NCCL INFO New proxy recv connection 11 from local rank 3, transport 0
MOC-R4PCC04U05:530324:531227 [3] NCCL INFO Connected to proxy localRank 3 -> connection 0x7f4084005458
MOC-R4PCC04U05:530323:530458 [2] NCCL INFO New proxy recv connection 10 from local rank 2, transport 0
MOC-R4PCC04U05:530323:531228 [2] NCCL INFO Connected to proxy localRank 2 -> connection 0x7fc2180053e0
MOC-R4PCC04U05:530323:530458 [2] NCCL INFO New proxy recv connection 11 from local rank 2, transport 0
MOC-R4PCC04U05:530323:531228 [2] NCCL INFO Connected to proxy localRank 2 -> connection 0x7fc218005458
MOC-R4PCC04U05:530323:530458 [2] NCCL INFO New proxy recv connection 12 from local rank 2, transport 0
MOC-R4PCC04U05:530323:531228 [2] NCCL INFO Connected to proxy localRank 2 -> connection 0x7fc2180054d0
MOC-R4PCC04U05:530323:530458 [2] NCCL INFO New proxy recv connection 13 from local rank 2, transport 0
MOC-R4PCC04U05:530323:531228 [2] NCCL INFO Connected to proxy localRank 2 -> connection 0x7fc218005548
MOC-R4PCC04U05:530322:530456 [1] NCCL INFO New proxy recv connection 11 from local rank 1, transport 0
MOC-R4PCC04U05:530322:531229 [1] NCCL INFO Connected to proxy localRank 1 -> connection 0x7fc5e4005458
MOC-R4PCC04U05:530322:530456 [1] NCCL INFO New proxy recv connection 12 from local rank 1, transport 0
MOC-R4PCC04U05:530322:531229 [1] NCCL INFO Connected to proxy localRank 1 -> connection 0x7fc5e40054d0
MOC-R4PCC04U05:530322:530456 [1] NCCL INFO New proxy recv connection 13 from local rank 1, transport 0
MOC-R4PCC04U05:530322:531229 [1] NCCL INFO Connected to proxy localRank 1 -> connection 0x7fc5e4005548
MOC-R4PCC04U05:530322:530456 [1] NCCL INFO New proxy recv connection 14 from local rank 1, transport 0
MOC-R4PCC04U05:530322:531229 [1] NCCL INFO Connected to proxy localRank 1 -> connection 0x7fc5e40055c0
MOC-R4PCC04U05:530322:530456 [1] NCCL INFO New proxy send connection 15 from local rank 1, transport 0
MOC-R4PCC04U05:530322:531229 [1] NCCL INFO Connected to proxy localRank 1 -> connection 0x7fc5e4005638
MOC-R4PCC04U05:530322:530456 [1] NCCL INFO New proxy send connection 16 from local rank 1, transport 0
MOC-R4PCC04U05:530322:531229 [1] NCCL INFO Connected to proxy localRank 1 -> connection 0x7fc5e40056b0
MOC-R4PCC04U05:530322:530456 [1] NCCL INFO New proxy send connection 17 from local rank 1, transport 0
MOC-R4PCC04U05:530322:531229 [1] NCCL INFO Connected to proxy localRank 1 -> connection 0x7fc5e4005728
MOC-R4PCC04U05:530322:530456 [1] NCCL INFO New proxy send connection 18 from local rank 1, transport 0
MOC-R4PCC04U05:530322:531229 [1] NCCL INFO Connected to proxy localRank 1 -> connection 0x7fc5e40057a0
MOC-R4PCC04U05:530322:530456 [1] NCCL INFO New proxy recv connection 19 from local rank 1, transport 0
MOC-R4PCC04U05:530321:530462 [0] NCCL INFO New proxy send connection 15 from local rank 0, transport 0
MOC-R4PCC04U05:530322:531229 [1] NCCL INFO Connected to proxy localRank 1 -> connection 0x7fc5e4005818
MOC-R4PCC04U05:530321:531226 [0] NCCL INFO Connected to proxy localRank 0 -> connection 0x7f83f0005638
MOC-R4PCC04U05:530323:530458 [2] NCCL INFO New proxy send connection 14 from local rank 2, transport 0
MOC-R4PCC04U05:530323:531228 [2] NCCL INFO Connected to proxy localRank 2 -> connection 0x7fc2180055c0
MOC-R4PCC04U05:530322:530456 [1] NCCL INFO New proxy recv connection 20 from local rank 1, transport 0
MOC-R4PCC04U05:530322:531229 [1] NCCL INFO Connected to proxy localRank 1 -> connection 0x7fc5e4005890
MOC-R4PCC04U05:530321:530462 [0] NCCL INFO New proxy send connection 16 from local rank 0, transport 0
MOC-R4PCC04U05:530323:530458 [2] NCCL INFO New proxy send connection 15 from local rank 2, transport 0
MOC-R4PCC04U05:530321:531226 [0] NCCL INFO Connected to proxy localRank 0 -> connection 0x7f83f00056b0
MOC-R4PCC04U05:530323:531228 [2] NCCL INFO Connected to proxy localRank 2 -> connection 0x7fc218005638
MOC-R4PCC04U05:530321:530462 [0] NCCL INFO New proxy recv connection 17 from local rank 0, transport 0
MOC-R4PCC04U05:530321:531226 [0] NCCL INFO Connected to proxy localRank 0 -> connection 0x7f83f0005728
MOC-R4PCC04U05:530324:530457 [3] NCCL INFO New proxy recv connection 12 from local rank 3, transport 2
MOC-R4PCC04U05:530324:531227 [3] NCCL INFO Connected to proxy localRank 3 -> connection 0x7f40840054d0
MOC-R4PCC04U05:530321:530462 [0] NCCL INFO New proxy recv connection 18 from local rank 0, transport 0
MOC-R4PCC04U05:530321:531226 [0] NCCL INFO Connected to proxy localRank 0 -> connection 0x7f83f00057a0
MOC-R4PCC04U05:530321:530462 [0] NCCL INFO New proxy recv connection 19 from local rank 0, transport 0
MOC-R4PCC04U05:530321:531226 [0] NCCL INFO Connected to proxy localRank 0 -> connection 0x7f83f0005818
MOC-R4PCC04U05:530324:531227 [3] NCCL INFO Channel 00/0 : 11[3] -> 3[3] [receive] via NET/Socket/0
MOC-R4PCC04U05:530324:530457 [3] NCCL INFO New proxy recv connection 13 from local rank 3, transport 2
MOC-R4PCC04U05:530324:531227 [3] NCCL INFO Connected to proxy localRank 3 -> connection 0x7f4084005548
MOC-R4PCC04U05:530324:531227 [3] NCCL INFO Channel 01/0 : 11[3] -> 3[3] [receive] via NET/Socket/0
MOC-R4PCC04U05:530324:530457 [3] NCCL INFO New proxy recv connection 14 from local rank 3, transport 2
MOC-R4PCC04U05:530324:531227 [3] NCCL INFO Connected to proxy localRank 3 -> connection 0x7f40840055c0
MOC-R4PCC04U05:530324:531227 [3] NCCL INFO Channel 02/0 : 11[3] -> 3[3] [receive] via NET/Socket/0
MOC-R4PCC04U05:530324:530457 [3] NCCL INFO New proxy recv connection 15 from local rank 3, transport 2
MOC-R4PCC04U05:530324:531227 [3] NCCL INFO Connected to proxy localRank 3 -> connection 0x7f4084005638
MOC-R4PCC04U05:530324:531227 [3] NCCL INFO Channel 03/0 : 11[3] -> 3[3] [receive] via NET/Socket/0
MOC-R4PCC04U05:530324:530457 [3] NCCL INFO New proxy send connection 16 from local rank 3, transport 2
MOC-R4PCC04U05:530324:531227 [3] NCCL INFO Connected to proxy localRank 3 -> connection 0x7f40840056b0
MOC-R4PCC04U05:530324:531227 [3] NCCL INFO Channel 02/0 : 3[3] -> 7[3] [send] via NET/Socket/0
MOC-R4PCC04U05:530324:530457 [3] NCCL INFO New proxy send connection 17 from local rank 3, transport 2
MOC-R4PCC04U05:530324:531227 [3] NCCL INFO Connected to proxy localRank 3 -> connection 0x7f4084005728
MOC-R4PCC04U05:530321:530462 [0] NCCL INFO New proxy recv connection 20 from local rank 0, transport 0
MOC-R4PCC04U05:530321:531226 [0] NCCL INFO Connected to proxy localRank 0 -> connection 0x7f83f0005890
MOC-R4PCC04U05:530324:531227 [3] NCCL INFO Channel 03/0 : 3[3] -> 7[3] [send] via NET/Socket/0
MOC-R4PCC04U05:530324:530457 [3] NCCL INFO New proxy recv connection 18 from local rank 3, transport 2
MOC-R4PCC04U05:530324:531227 [3] NCCL INFO Connected to proxy localRank 3 -> connection 0x7f40840057a0
MOC-R4PCC04U05:530324:531227 [3] NCCL INFO Channel 02/0 : 7[3] -> 3[3] [receive] via NET/Socket/0
MOC-R4PCC04U05:530324:530457 [3] NCCL INFO New proxy recv connection 19 from local rank 3, transport 2
MOC-R4PCC04U05:530324:531227 [3] NCCL INFO Connected to proxy localRank 3 -> connection 0x7f4084005818
MOC-R4PCC04U05:530324:531227 [3] NCCL INFO Channel 03/0 : 7[3] -> 3[3] [receive] via NET/Socket/0
MOC-R4PCC04U05:530324:530457 [3] NCCL INFO New proxy send connection 20 from local rank 3, transport 2
MOC-R4PCC04U05:530324:531227 [3] NCCL INFO Connected to proxy localRank 3 -> connection 0x7f4084005890
MOC-R4PCC04U05:530324:531227 [3] NCCL INFO Channel 00/0 : 3[3] -> 11[3] [send] via NET/Socket/0
MOC-R4PCC04U05:530324:530457 [3] NCCL INFO New proxy send connection 21 from local rank 3, transport 2
MOC-R4PCC04U05:530324:531227 [3] NCCL INFO Connected to proxy localRank 3 -> connection 0x7f4084005908
MOC-R4PCC04U05:530324:531227 [3] NCCL INFO Channel 01/0 : 3[3] -> 11[3] [send] via NET/Socket/0
MOC-R4PCC04U05:530324:530457 [3] NCCL INFO New proxy send connection 22 from local rank 3, transport 2
MOC-R4PCC04U05:530324:531227 [3] NCCL INFO Connected to proxy localRank 3 -> connection 0x7f4084005980
MOC-R4PCC04U05:530324:531227 [3] NCCL INFO Channel 02/0 : 3[3] -> 11[3] [send] via NET/Socket/0
MOC-R4PCC04U05:530324:530457 [3] NCCL INFO New proxy send connection 23 from local rank 3, transport 2
MOC-R4PCC04U05:530324:531227 [3] NCCL INFO Connected to proxy localRank 3 -> connection 0x7f40840059f8
MOC-R4PCC04U05:530324:531227 [3] NCCL INFO Channel 03/0 : 3[3] -> 11[3] [send] via NET/Socket/0
MOC-R4PCC04U05:530324:530457 [3] NCCL INFO New proxy send connection 24 from local rank 3, transport 0
MOC-R4PCC04U05:530324:531227 [3] NCCL INFO Connected to proxy localRank 3 -> connection 0x7f4084005a70
MOC-R4PCC04U05:530324:530457 [3] NCCL INFO New proxy send connection 25 from local rank 3, transport 0
MOC-R4PCC04U05:530324:531227 [3] NCCL INFO Connected to proxy localRank 3 -> connection 0x7f4084005ae8
MOC-R4PCC04U05:530324:530457 [3] NCCL INFO New proxy send connection 26 from local rank 3, transport 0
MOC-R4PCC04U05:530324:531227 [3] NCCL INFO Connected to proxy localRank 3 -> connection 0x7f4084005b60
MOC-R4PCC04U05:530324:530457 [3] NCCL INFO New proxy send connection 27 from local rank 3, transport 0
MOC-R4PCC04U05:530324:531227 [3] NCCL INFO Connected to proxy localRank 3 -> connection 0x7f4084005bd8
step    1/10 | train loss 11.009265 | norm 15.3268 | lr 1.00e-04 | (14535.93 ms | 216410 tok/s)
step    2/10 | train loss 10.139994 | norm 5.7239 | lr 1.00e-04 | (702.46 ms | 4478149 tok/s)
step    3/10 | train loss 9.800571 | norm 2.6000 | lr 1.00e-04 | (693.75 ms | 4534357 tok/s)
step    4/10 | train loss 9.631750 | norm 2.1088 | lr 1.00e-04 | (696.48 ms | 4516623 tok/s)
step    5/10 | train loss 9.549009 | norm 2.0997 | lr 1.00e-04 | (695.52 ms | 4522847 tok/s)
step    6/10 | train loss 9.468159 | norm 1.9943 | lr 1.00e-04 | (692.26 ms | 4544128 tok/s)
step    7/10 | train loss 9.382836 | norm 1.9455 | lr 1.00e-04 | (901.61 ms | 3489026 tok/s)
step    8/10 | train loss 9.291336 | norm 1.9113 | lr 1.00e-04 | (696.51 ms | 4516405 tok/s)
step    9/10 | train loss 9.196157 | norm 1.8552 | lr 1.00e-04 | (694.49 ms | 4529522 tok/s)
step   10/10 | train loss 9.111105 | norm 1.7914 | lr 1.00e-04 | (695.96 ms | 4519977 tok/s)
final 9 iters avg: 718.783ms
peak memory consumption: 16601 MiB
