Running pytorch 2.7.0+cu126
using device: cuda:0
total desired batch size: 4194304
=> calculated gradient accumulation steps: 8
using device: cuda:2
using device: cuda:3
using device: cuda:1
compiling the model...
DataLoader: total number of tokens: 1,661,249,667 across 103 files
MOC-R4PCC04U05:644139:644139 [0] NCCL INFO NCCL_SOCKET_IFNAME set to eno7np0
MOC-R4PCC04U05:644139:644139 [0] NCCL INFO NCCL version 2.26.2+cuda12.2
MOC-R4PCC04U05:644141:644141 [2] NCCL INFO NCCL_SOCKET_IFNAME set to eno7np0
MOC-R4PCC04U05:644141:644141 [2] NCCL INFO NCCL version 2.26.2+cuda12.2
MOC-R4PCC04U05:644139:644243 [0] NCCL INFO NET/Plugin: Could not find: libnccl-net.so. Using internal net plugin.
MOC-R4PCC04U05:644139:644243 [0] NCCL INFO NCCL_IB_HCA set to mlx5_5
MOC-R4PCC04U05:644142:644142 [3] NCCL INFO NCCL_SOCKET_IFNAME set to eno7np0
MOC-R4PCC04U05:644142:644142 [3] NCCL INFO NCCL version 2.26.2+cuda12.2
MOC-R4PCC04U05:644139:644243 [0] NCCL INFO NET/IB : Made virtual device [0] name=mlx5_5 speed=400000 ndevs=1
MOC-R4PCC04U05:644139:644243 [0] NCCL INFO NET/IB : Using [0]mlx5_5:1/RoCE [RO]; OOB eno7np0:192.168.50.193<0>
MOC-R4PCC04U05:644140:644140 [1] NCCL INFO NCCL_SOCKET_IFNAME set to eno7np0
MOC-R4PCC04U05:644140:644140 [1] NCCL INFO NCCL version 2.26.2+cuda12.2
MOC-R4PCC04U05:644141:644265 [2] NCCL INFO NET/Plugin: Could not find: libnccl-net.so. Using internal net plugin.
MOC-R4PCC04U05:644141:644265 [2] NCCL INFO NCCL_IB_HCA set to mlx5_5
MOC-R4PCC04U05:644142:644266 [3] NCCL INFO NET/Plugin: Could not find: libnccl-net.so. Using internal net plugin.
MOC-R4PCC04U05:644142:644266 [3] NCCL INFO NCCL_IB_HCA set to mlx5_5
MOC-R4PCC04U05:644141:644265 [2] NCCL INFO NET/IB : Made virtual device [0] name=mlx5_5 speed=400000 ndevs=1
MOC-R4PCC04U05:644141:644265 [2] NCCL INFO NET/IB : Using [0]mlx5_5:1/RoCE [RO]; OOB eno7np0:192.168.50.193<0>
MOC-R4PCC04U05:644142:644266 [3] NCCL INFO NET/IB : Made virtual device [0] name=mlx5_5 speed=400000 ndevs=1
MOC-R4PCC04U05:644142:644266 [3] NCCL INFO NET/IB : Using [0]mlx5_5:1/RoCE [RO]; OOB eno7np0:192.168.50.193<0>
MOC-R4PCC04U05:644140:644268 [1] NCCL INFO NET/Plugin: Could not find: libnccl-net.so. Using internal net plugin.
MOC-R4PCC04U05:644140:644268 [1] NCCL INFO NCCL_IB_HCA set to mlx5_5
MOC-R4PCC04U05:644140:644268 [1] NCCL INFO NET/IB : Made virtual device [0] name=mlx5_5 speed=400000 ndevs=1
MOC-R4PCC04U05:644140:644268 [1] NCCL INFO NET/IB : Using [0]mlx5_5:1/RoCE [RO]; OOB eno7np0:192.168.50.193<0>
MOC-R4PCC04U05:644141:644265 [2] NCCL INFO NET/IB : GPU Direct RDMA Enabled for HCA 0 'mlx5_5'
MOC-R4PCC04U05:644141:644265 [2] NCCL INFO NET/IB : Made virtual device [1] name=mlx5_5 speed=400000 ndevs=1
MOC-R4PCC04U05:644141:644265 [2] NCCL INFO NET/IB : GPU Direct RDMA Enabled for HCA 0 'mlx5_5'
MOC-R4PCC04U05:644141:644265 [2] NCCL INFO NET/IB : GPU Direct RDMA Enabled for HCA 1 'mlx5_5'
MOC-R4PCC04U05:644140:644268 [1] NCCL INFO NET/IB : GPU Direct RDMA Enabled for HCA 0 'mlx5_5'
MOC-R4PCC04U05:644140:644268 [1] NCCL INFO NET/IB : Made virtual device [1] name=mlx5_5 speed=400000 ndevs=1
MOC-R4PCC04U05:644140:644268 [1] NCCL INFO NET/IB : GPU Direct RDMA Enabled for HCA 0 'mlx5_5'
MOC-R4PCC04U05:644140:644268 [1] NCCL INFO NET/IB : GPU Direct RDMA Enabled for HCA 1 'mlx5_5'
MOC-R4PCC04U05:644142:644266 [3] NCCL INFO NET/IB : GPU Direct RDMA Enabled for HCA 0 'mlx5_5'
MOC-R4PCC04U05:644142:644266 [3] NCCL INFO NET/IB : Made virtual device [1] name=mlx5_5 speed=400000 ndevs=1
MOC-R4PCC04U05:644142:644266 [3] NCCL INFO NET/IB : GPU Direct RDMA Enabled for HCA 0 'mlx5_5'
MOC-R4PCC04U05:644142:644266 [3] NCCL INFO NET/IB : GPU Direct RDMA Enabled for HCA 1 'mlx5_5'
MOC-R4PCC04U05:644139:644243 [0] NCCL INFO NET/IB : GPU Direct RDMA Enabled for HCA 0 'mlx5_5'
MOC-R4PCC04U05:644139:644243 [0] NCCL INFO NET/IB : Made virtual device [1] name=mlx5_5 speed=400000 ndevs=1
MOC-R4PCC04U05:644139:644243 [0] NCCL INFO NET/IB : GPU Direct RDMA Enabled for HCA 0 'mlx5_5'
MOC-R4PCC04U05:644139:644243 [0] NCCL INFO NET/IB : GPU Direct RDMA Enabled for HCA 1 'mlx5_5'
MOC-R4PCC04U05:644139:644243 [0] NCCL INFO GPU Direct RDMA Enabled for GPU 0 / HCA 1 (distance 5 <= 5), read 0 mode Default
MOC-R4PCC04U05:644139:644243 [0] NCCL INFO GPU Direct RDMA Enabled for GPU 1 / HCA 1 (distance 5 <= 5), read 0 mode Default
MOC-R4PCC04U05:644139:644243 [0] NCCL INFO GPU Direct RDMA Enabled for GPU 2 / HCA 1 (distance 5 <= 5), read 0 mode Default
MOC-R4PCC04U05:644139:644243 [0] NCCL INFO GPU Direct RDMA Enabled for GPU 3 / HCA 1 (distance 5 <= 5), read 0 mode Default
MOC-R4PCC04U05:644139:644243 [0] NCCL INFO GPU Direct RDMA Enabled for GPU 0 / HCA 1 (distance 5 <= 5), read 0 mode Default
MOC-R4PCC04U05:644139:644243 [0] NCCL INFO GPU Direct RDMA Enabled for GPU 1 / HCA 1 (distance 5 <= 5), read 0 mode Default
MOC-R4PCC04U05:644139:644243 [0] NCCL INFO GPU Direct RDMA Enabled for GPU 2 / HCA 1 (distance 5 <= 5), read 0 mode Default
MOC-R4PCC04U05:644139:644243 [0] NCCL INFO GPU Direct RDMA Enabled for GPU 3 / HCA 1 (distance 5 <= 5), read 0 mode Default
MOC-R4PCC04U05:644141:644265 [2] NCCL INFO GPU Direct RDMA Enabled for GPU 0 / HCA 1 (distance 5 <= 5), read 0 mode Default
MOC-R4PCC04U05:644141:644265 [2] NCCL INFO GPU Direct RDMA Enabled for GPU 1 / HCA 1 (distance 5 <= 5), read 0 mode Default
MOC-R4PCC04U05:644141:644265 [2] NCCL INFO GPU Direct RDMA Enabled for GPU 2 / HCA 1 (distance 5 <= 5), read 0 mode Default
MOC-R4PCC04U05:644141:644265 [2] NCCL INFO GPU Direct RDMA Enabled for GPU 3 / HCA 1 (distance 5 <= 5), read 0 mode Default
MOC-R4PCC04U05:644141:644265 [2] NCCL INFO GPU Direct RDMA Enabled for GPU 0 / HCA 1 (distance 5 <= 5), read 0 mode Default
MOC-R4PCC04U05:644141:644265 [2] NCCL INFO GPU Direct RDMA Enabled for GPU 1 / HCA 1 (distance 5 <= 5), read 0 mode Default
MOC-R4PCC04U05:644141:644265 [2] NCCL INFO GPU Direct RDMA Enabled for GPU 2 / HCA 1 (distance 5 <= 5), read 0 mode Default
MOC-R4PCC04U05:644141:644265 [2] NCCL INFO GPU Direct RDMA Enabled for GPU 3 / HCA 1 (distance 5 <= 5), read 0 mode Default
MOC-R4PCC04U05:644142:644266 [3] NCCL INFO GPU Direct RDMA Enabled for GPU 0 / HCA 1 (distance 5 <= 5), read 0 mode Default
MOC-R4PCC04U05:644142:644266 [3] NCCL INFO GPU Direct RDMA Enabled for GPU 1 / HCA 1 (distance 5 <= 5), read 0 mode Default
MOC-R4PCC04U05:644142:644266 [3] NCCL INFO GPU Direct RDMA Enabled for GPU 2 / HCA 1 (distance 5 <= 5), read 0 mode Default
MOC-R4PCC04U05:644142:644266 [3] NCCL INFO GPU Direct RDMA Enabled for GPU 3 / HCA 1 (distance 5 <= 5), read 0 mode Default
MOC-R4PCC04U05:644142:644266 [3] NCCL INFO GPU Direct RDMA Enabled for GPU 0 / HCA 1 (distance 5 <= 5), read 0 mode Default
MOC-R4PCC04U05:644140:644268 [1] NCCL INFO GPU Direct RDMA Enabled for GPU 0 / HCA 1 (distance 5 <= 5), read 0 mode Default
MOC-R4PCC04U05:644142:644266 [3] NCCL INFO GPU Direct RDMA Enabled for GPU 1 / HCA 1 (distance 5 <= 5), read 0 mode Default
MOC-R4PCC04U05:644140:644268 [1] NCCL INFO GPU Direct RDMA Enabled for GPU 1 / HCA 1 (distance 5 <= 5), read 0 mode Default
MOC-R4PCC04U05:644142:644266 [3] NCCL INFO GPU Direct RDMA Enabled for GPU 2 / HCA 1 (distance 5 <= 5), read 0 mode Default
MOC-R4PCC04U05:644140:644268 [1] NCCL INFO GPU Direct RDMA Enabled for GPU 2 / HCA 1 (distance 5 <= 5), read 0 mode Default
MOC-R4PCC04U05:644142:644266 [3] NCCL INFO GPU Direct RDMA Enabled for GPU 3 / HCA 1 (distance 5 <= 5), read 0 mode Default
MOC-R4PCC04U05:644140:644268 [1] NCCL INFO GPU Direct RDMA Enabled for GPU 3 / HCA 1 (distance 5 <= 5), read 0 mode Default
MOC-R4PCC04U05:644140:644268 [1] NCCL INFO GPU Direct RDMA Enabled for GPU 0 / HCA 1 (distance 5 <= 5), read 0 mode Default
MOC-R4PCC04U05:644140:644268 [1] NCCL INFO GPU Direct RDMA Enabled for GPU 1 / HCA 1 (distance 5 <= 5), read 0 mode Default
MOC-R4PCC04U05:644140:644268 [1] NCCL INFO GPU Direct RDMA Enabled for GPU 2 / HCA 1 (distance 5 <= 5), read 0 mode Default
MOC-R4PCC04U05:644140:644268 [1] NCCL INFO GPU Direct RDMA Enabled for GPU 3 / HCA 1 (distance 5 <= 5), read 0 mode Default
MOC-R4PCC04U05:644139:644283 [0] NCCL INFO New proxy send connection 0 from local rank 0, transport 0
MOC-R4PCC04U05:644139:644288 [0] NCCL INFO Connected to proxy localRank 0 -> connection 0x7f1710004f30
MOC-R4PCC04U05:644139:644283 [0] NCCL INFO New proxy send connection 1 from local rank 0, transport 0
MOC-R4PCC04U05:644139:644288 [0] NCCL INFO Connected to proxy localRank 0 -> connection 0x7f1710004fa8
MOC-R4PCC04U05:644139:644283 [0] NCCL INFO New proxy send connection 2 from local rank 0, transport 0
MOC-R4PCC04U05:644139:644288 [0] NCCL INFO Connected to proxy localRank 0 -> connection 0x7f1710005020
MOC-R4PCC04U05:644142:644282 [3] NCCL INFO New proxy recv connection 0 from local rank 3, transport 0
MOC-R4PCC04U05:644142:644289 [3] NCCL INFO Connected to proxy localRank 3 -> connection 0x7f62e0004f30
MOC-R4PCC04U05:644139:644283 [0] NCCL INFO New proxy send connection 3 from local rank 0, transport 0
MOC-R4PCC04U05:644139:644288 [0] NCCL INFO Connected to proxy localRank 0 -> connection 0x7f1710005098
MOC-R4PCC04U05:644142:644282 [3] NCCL INFO New proxy recv connection 1 from local rank 3, transport 0
MOC-R4PCC04U05:644142:644289 [3] NCCL INFO Connected to proxy localRank 3 -> connection 0x7f62e0004fa8
MOC-R4PCC04U05:644142:644282 [3] NCCL INFO New proxy recv connection 2 from local rank 3, transport 0
MOC-R4PCC04U05:644142:644289 [3] NCCL INFO Connected to proxy localRank 3 -> connection 0x7f62e0005020
MOC-R4PCC04U05:644141:644290 [2] NCCL INFO GPU Direct RDMA Enabled for GPU 2 / HCA 1 (distance 5 <= 5), read 0 mode Default
MOC-R4PCC04U05:644142:644282 [3] NCCL INFO New proxy recv connection 3 from local rank 3, transport 0
MOC-R4PCC04U05:644142:644289 [3] NCCL INFO Connected to proxy localRank 3 -> connection 0x7f62e0005098
MOC-R4PCC04U05:644140:644280 [1] NCCL INFO New proxy recv connection 0 from local rank 1, transport 0
MOC-R4PCC04U05:644140:644291 [1] NCCL INFO Connected to proxy localRank 1 -> connection 0x7f7998004f30
MOC-R4PCC04U05:644140:644280 [1] NCCL INFO New proxy recv connection 1 from local rank 1, transport 0
MOC-R4PCC04U05:644140:644291 [1] NCCL INFO Connected to proxy localRank 1 -> connection 0x7f7998004fa8
MOC-R4PCC04U05:644142:644289 [3] NCCL INFO GPU Direct RDMA Enabled for GPU 3 / HCA 1 (distance 5 <= 5), read 1 mode Default
MOC-R4PCC04U05:644140:644280 [1] NCCL INFO New proxy recv connection 2 from local rank 1, transport 0
MOC-R4PCC04U05:644140:644291 [1] NCCL INFO Connected to proxy localRank 1 -> connection 0x7f7998005020
MOC-R4PCC04U05:644141:644281 [2] NCCL INFO New proxy recv connection 0 from local rank 2, transport 2
MOC-R4PCC04U05:644141:644281 [2] NCCL INFO New proxy send connection 1 from local rank 3, transport 2
MOC-R4PCC04U05:644141:644290 [2] NCCL INFO Connected to proxy localRank 2 -> connection 0x7f0484004f30
MOC-R4PCC04U05:644142:644289 [3] NCCL INFO Connected to proxy localRank 2 -> connection 0x7f0484004fa8
MOC-R4PCC04U05:644141:644290 [2] NCCL INFO Channel 00/0 : 15[3] -> 2[2] [receive] via NET/IB/1/GDRDMA
MOC-R4PCC04U05:644141:644290 [2] NCCL INFO GPU Direct RDMA Enabled for GPU 2 / HCA 1 (distance 5 <= 5), read 0 mode Default
MOC-R4PCC04U05:644142:644289 [3] NCCL INFO Channel 00/0 : 3[3] -> 6[2] [send] via NET/IB/1(2)/GDRDMA
MOC-R4PCC04U05:644142:644289 [3] NCCL INFO GPU Direct RDMA Enabled for GPU 3 / HCA 1 (distance 5 <= 5), read 1 mode Default
MOC-R4PCC04U05:644141:644281 [2] NCCL INFO New proxy recv connection 2 from local rank 2, transport 2
MOC-R4PCC04U05:644141:644290 [2] NCCL INFO Connected to proxy localRank 2 -> connection 0x7f0484005020
MOC-R4PCC04U05:644141:644281 [2] NCCL INFO New proxy send connection 3 from local rank 3, transport 2
MOC-R4PCC04U05:644142:644289 [3] NCCL INFO Connected to proxy localRank 2 -> connection 0x7f0484005098
MOC-R4PCC04U05:644141:644290 [2] NCCL INFO Channel 01/0 : 15[3] -> 2[2] [receive] via NET/IB/1/GDRDMA
MOC-R4PCC04U05:644141:644290 [2] NCCL INFO GPU Direct RDMA Enabled for GPU 2 / HCA 1 (distance 5 <= 5), read 0 mode Default
MOC-R4PCC04U05:644142:644289 [3] NCCL INFO Channel 01/0 : 3[3] -> 6[2] [send] via NET/IB/1(2)/GDRDMA
MOC-R4PCC04U05:644142:644289 [3] NCCL INFO GPU Direct RDMA Enabled for GPU 3 / HCA 1 (distance 5 <= 5), read 1 mode Default
MOC-R4PCC04U05:644141:644281 [2] NCCL INFO New proxy recv connection 4 from local rank 2, transport 2
MOC-R4PCC04U05:644141:644290 [2] NCCL INFO Connected to proxy localRank 2 -> connection 0x7f0484005110
MOC-R4PCC04U05:644141:644281 [2] NCCL INFO New proxy send connection 5 from local rank 3, transport 2
MOC-R4PCC04U05:644142:644289 [3] NCCL INFO Connected to proxy localRank 2 -> connection 0x7f0484005188
MOC-R4PCC04U05:644141:644290 [2] NCCL INFO Channel 02/0 : 15[3] -> 2[2] [receive] via NET/IB/1/GDRDMA
MOC-R4PCC04U05:644141:644290 [2] NCCL INFO GPU Direct RDMA Enabled for GPU 2 / HCA 1 (distance 5 <= 5), read 0 mode Default
MOC-R4PCC04U05:644142:644289 [3] NCCL INFO Channel 02/0 : 3[3] -> 6[2] [send] via NET/IB/1(2)/GDRDMA
MOC-R4PCC04U05:644142:644289 [3] NCCL INFO GPU Direct RDMA Enabled for GPU 3 / HCA 1 (distance 5 <= 5), read 1 mode Default
MOC-R4PCC04U05:644141:644281 [2] NCCL INFO New proxy recv connection 6 from local rank 2, transport 2
MOC-R4PCC04U05:644141:644290 [2] NCCL INFO Connected to proxy localRank 2 -> connection 0x7f0484005200
MOC-R4PCC04U05:644141:644281 [2] NCCL INFO New proxy send connection 7 from local rank 3, transport 2
MOC-R4PCC04U05:644142:644289 [3] NCCL INFO Connected to proxy localRank 2 -> connection 0x7f0484005278
MOC-R4PCC04U05:644141:644290 [2] NCCL INFO Channel 03/0 : 15[3] -> 2[2] [receive] via NET/IB/1/GDRDMA
MOC-R4PCC04U05:644142:644289 [3] NCCL INFO Channel 03/0 : 3[3] -> 6[2] [send] via NET/IB/1(2)/GDRDMA
MOC-R4PCC04U05:644139:644283 [0] NCCL INFO New proxy recv connection 4 from local rank 0, transport 0
MOC-R4PCC04U05:644139:644288 [0] NCCL INFO Connected to proxy localRank 0 -> connection 0x7f1710005110
MOC-R4PCC04U05:644140:644280 [1] NCCL INFO New proxy recv connection 3 from local rank 1, transport 0
MOC-R4PCC04U05:644140:644291 [1] NCCL INFO Connected to proxy localRank 1 -> connection 0x7f7998005098
MOC-R4PCC04U05:644139:644283 [0] NCCL INFO New proxy recv connection 5 from local rank 0, transport 0
MOC-R4PCC04U05:644139:644288 [0] NCCL INFO Connected to proxy localRank 0 -> connection 0x7f1710005188
MOC-R4PCC04U05:644140:644280 [1] NCCL INFO New proxy send connection 4 from local rank 1, transport 0
MOC-R4PCC04U05:644140:644291 [1] NCCL INFO Connected to proxy localRank 1 -> connection 0x7f7998005110
MOC-R4PCC04U05:644139:644283 [0] NCCL INFO New proxy recv connection 6 from local rank 0, transport 0
MOC-R4PCC04U05:644139:644288 [0] NCCL INFO Connected to proxy localRank 0 -> connection 0x7f1710005200
MOC-R4PCC04U05:644140:644280 [1] NCCL INFO New proxy send connection 5 from local rank 1, transport 0
MOC-R4PCC04U05:644140:644291 [1] NCCL INFO Connected to proxy localRank 1 -> connection 0x7f7998005188
MOC-R4PCC04U05:644139:644283 [0] NCCL INFO New proxy recv connection 7 from local rank 0, transport 0
MOC-R4PCC04U05:644139:644288 [0] NCCL INFO Connected to proxy localRank 0 -> connection 0x7f1710005278
MOC-R4PCC04U05:644140:644280 [1] NCCL INFO New proxy send connection 6 from local rank 1, transport 0
MOC-R4PCC04U05:644140:644291 [1] NCCL INFO Connected to proxy localRank 1 -> connection 0x7f7998005200
MOC-R4PCC04U05:644140:644280 [1] NCCL INFO New proxy send connection 7 from local rank 1, transport 0
MOC-R4PCC04U05:644140:644291 [1] NCCL INFO Connected to proxy localRank 1 -> connection 0x7f7998005278
MOC-R4PCC04U05:644142:644282 [3] NCCL INFO New proxy send connection 4 from local rank 0, transport 0
MOC-R4PCC04U05:644139:644288 [0] NCCL INFO Connected to proxy localRank 3 -> connection 0x7f62e0005110
MOC-R4PCC04U05:644140:644280 [1] NCCL INFO New proxy send connection 8 from local rank 0, transport 0
MOC-R4PCC04U05:644139:644288 [0] NCCL INFO Connected to proxy localRank 1 -> connection 0x7f79980052f0
MOC-R4PCC04U05:644141:644281 [2] NCCL INFO New proxy send connection 8 from local rank 2, transport 0
MOC-R4PCC04U05:644141:644290 [2] NCCL INFO Connected to proxy localRank 2 -> connection 0x7f04840052f0
MOC-R4PCC04U05:644139:644283 [0] NCCL INFO New proxy send connection 8 from local rank 3, transport 0
MOC-R4PCC04U05:644142:644289 [3] NCCL INFO Connected to proxy localRank 0 -> connection 0x7f17100052f0
MOC-R4PCC04U05:644141:644281 [2] NCCL INFO New proxy send connection 9 from local rank 2, transport 0
MOC-R4PCC04U05:644141:644290 [2] NCCL INFO Connected to proxy localRank 2 -> connection 0x7f0484005368
MOC-R4PCC04U05:644141:644281 [2] NCCL INFO New proxy send connection 10 from local rank 2, transport 0
MOC-R4PCC04U05:644141:644290 [2] NCCL INFO Connected to proxy localRank 2 -> connection 0x7f04840053e0
MOC-R4PCC04U05:644141:644281 [2] NCCL INFO NET/IB: NCCL Dev 1 IbDev 0 Port 1 qpn 10562 mtu 3 query_ece={supported=1, vendor_id=0x15b3, options=0x30000002, comp_mask=0x0} GID 3 (0/C132A8C0FFFF0000) fifoRkey=0x17a767 fifoLkey=0x17a767
MOC-R4PCC04U05:644141:644281 [2] NCCL INFO New proxy send connection 11 from local rank 2, transport 0
MOC-R4PCC04U05:644141:644290 [2] NCCL INFO Connected to proxy localRank 2 -> connection 0x7f0484005458
MOC-R4PCC04U05:644139:644283 [0] NCCL INFO New proxy send connection 9 from local rank 1, transport 0
MOC-R4PCC04U05:644140:644291 [1] NCCL INFO Connected to proxy localRank 0 -> connection 0x7f1710005368
MOC-R4PCC04U05:644140:644280 [1] NCCL INFO New proxy send connection 9 from local rank 2, transport 0
MOC-R4PCC04U05:644141:644290 [2] NCCL INFO Connected to proxy localRank 1 -> connection 0x7f7998005368
MOC-R4PCC04U05:644141:644281 [2] NCCL INFO NET/IB: IbDev 0 Port 1 qpn 10349 set_ece={supported=1, vendor_id=0x15b3, options=0x0, comp_mask=0x0}
MOC-R4PCC04U05:644141:644281 [2] NCCL INFO NET/IB: NCCL Dev 1 IbDev 0 Port 1 qpn 10571 mtu 3 query_ece={supported=1, vendor_id=0x15b3, options=0x30000002, comp_mask=0x0} GID 3 (0/C132A8C0FFFF0000) fifoRkey=0x172eed fifoLkey=0x172eed
MOC-R4PCC04U05:644141:644281 [2] NCCL INFO NET/IB: NCCL Dev 1 IbDev 0 Port 1 qpn 10572 mtu 3 query_ece={supported=1, vendor_id=0x15b3, options=0x30000002, comp_mask=0x0} GID 3 (0/C132A8C0FFFF0000) fifoRkey=0x17d796 fifoLkey=0x17d796
MOC-R4PCC04U05:644141:644281 [2] NCCL INFO New proxy send connection 12 from local rank 3, transport 0
MOC-R4PCC04U05:644141:644281 [2] NCCL INFO New proxy send connection 13 from local rank 1, transport 0
MOC-R4PCC04U05:644142:644289 [3] NCCL INFO Connected to proxy localRank 2 -> connection 0x7f04840054d0
MOC-R4PCC04U05:644140:644291 [1] NCCL INFO Connected to proxy localRank 2 -> connection 0x7f0484005548
MOC-R4PCC04U05:644141:644281 [2] NCCL INFO NET/IB: IbDev 0 Port 1 qpn 10352 set_ece={supported=1, vendor_id=0x15b3, options=0x0, comp_mask=0x0}
MOC-R4PCC04U05:644141:644281 [2] NCCL INFO NET/IB: IbDev 0 Port 1 qpn 10354 set_ece={supported=1, vendor_id=0x15b3, options=0x0, comp_mask=0x0}
MOC-R4PCC04U05:644141:644281 [2] NCCL INFO NET/IB: NCCL Dev 1 IbDev 0 Port 1 qpn 10573 mtu 3 query_ece={supported=1, vendor_id=0x15b3, options=0x30000002, comp_mask=0x0} GID 3 (0/C132A8C0FFFF0000) fifoRkey=0x179c5b fifoLkey=0x179c5b
MOC-R4PCC04U05:644141:644281 [2] NCCL INFO NET/IB: IbDev 0 Port 1 qpn 10356 set_ece={supported=1, vendor_id=0x15b3, options=0x0, comp_mask=0x0}
num decayed parameter tensors: 50, with 124,318,464 parameters
num non-decayed parameter tensors: 98, with 121,344 parameters
using fused AdamW: False
using regular AdamW
MOC-R4PCC04U05:644142:644282 [3] NCCL INFO New proxy recv connection 5 from local rank 3, transport 0
MOC-R4PCC04U05:644142:644981 [3] NCCL INFO Connected to proxy localRank 3 -> connection 0x7f62e0005188
MOC-R4PCC04U05:644142:644282 [3] NCCL INFO New proxy recv connection 6 from local rank 3, transport 0
MOC-R4PCC04U05:644142:644981 [3] NCCL INFO Connected to proxy localRank 3 -> connection 0x7f62e0005200
MOC-R4PCC04U05:644142:644282 [3] NCCL INFO New proxy recv connection 7 from local rank 3, transport 0
MOC-R4PCC04U05:644142:644981 [3] NCCL INFO Connected to proxy localRank 3 -> connection 0x7f62e0005278
MOC-R4PCC04U05:644142:644282 [3] NCCL INFO New proxy recv connection 8 from local rank 3, transport 0
MOC-R4PCC04U05:644142:644981 [3] NCCL INFO Connected to proxy localRank 3 -> connection 0x7f62e00052f0
MOC-R4PCC04U05:644141:644281 [2] NCCL INFO New proxy send connection 14 from local rank 2, transport 0
MOC-R4PCC04U05:644141:644982 [2] NCCL INFO Connected to proxy localRank 2 -> connection 0x7f04840055c0
MOC-R4PCC04U05:644141:644281 [2] NCCL INFO New proxy send connection 15 from local rank 2, transport 0
MOC-R4PCC04U05:644141:644982 [2] NCCL INFO Connected to proxy localRank 2 -> connection 0x7f0484005638
MOC-R4PCC04U05:644141:644281 [2] NCCL INFO New proxy send connection 16 from local rank 2, transport 0
MOC-R4PCC04U05:644141:644982 [2] NCCL INFO Connected to proxy localRank 2 -> connection 0x7f04840056b0
MOC-R4PCC04U05:644141:644281 [2] NCCL INFO New proxy send connection 17 from local rank 2, transport 0
MOC-R4PCC04U05:644141:644982 [2] NCCL INFO Connected to proxy localRank 2 -> connection 0x7f0484005728
MOC-R4PCC04U05:644141:644982 [2] NCCL INFO GPU Direct RDMA Enabled for GPU 2 / HCA 1 (distance 5 <= 5), read 1 mode Default
MOC-R4PCC04U05:644142:644282 [3] NCCL INFO New proxy send connection 9 from local rank 3, transport 0
MOC-R4PCC04U05:644141:644281 [2] NCCL INFO New proxy send connection 18 from local rank 2, transport 2
MOC-R4PCC04U05:644142:644981 [3] NCCL INFO Connected to proxy localRank 3 -> connection 0x7f62e0005368
MOC-R4PCC04U05:644141:644982 [2] NCCL INFO Connected to proxy localRank 2 -> connection 0x7f04840057a0
MOC-R4PCC04U05:644141:644982 [2] NCCL INFO Channel 02/0 : 2[2] -> 6[2] [send] via NET/IB/1/GDRDMA
MOC-R4PCC04U05:644141:644982 [2] NCCL INFO GPU Direct RDMA Enabled for GPU 2 / HCA 1 (distance 5 <= 5), read 1 mode Default
MOC-R4PCC04U05:644141:644281 [2] NCCL INFO New proxy send connection 19 from local rank 2, transport 2
MOC-R4PCC04U05:644141:644982 [2] NCCL INFO Connected to proxy localRank 2 -> connection 0x7f0484005818
MOC-R4PCC04U05:644141:644982 [2] NCCL INFO Channel 03/0 : 2[2] -> 6[2] [send] via NET/IB/1/GDRDMA
MOC-R4PCC04U05:644142:644282 [3] NCCL INFO New proxy send connection 10 from local rank 3, transport 0
MOC-R4PCC04U05:644142:644981 [3] NCCL INFO Connected to proxy localRank 3 -> connection 0x7f62e00053e0
MOC-R4PCC04U05:644141:644982 [2] NCCL INFO GPU Direct RDMA Enabled for GPU 2 / HCA 1 (distance 5 <= 5), read 0 mode Default
MOC-R4PCC04U05:644142:644282 [3] NCCL INFO New proxy send connection 11 from local rank 3, transport 0
MOC-R4PCC04U05:644142:644981 [3] NCCL INFO Connected to proxy localRank 3 -> connection 0x7f62e0005458
MOC-R4PCC04U05:644141:644281 [2] NCCL INFO New proxy recv connection 20 from local rank 2, transport 2
MOC-R4PCC04U05:644141:644982 [2] NCCL INFO Connected to proxy localRank 2 -> connection 0x7f0484005890
MOC-R4PCC04U05:644141:644982 [2] NCCL INFO Channel 00/0 : 10[2] -> 2[2] [receive] via NET/IB/1/GDRDMA
MOC-R4PCC04U05:644141:644982 [2] NCCL INFO GPU Direct RDMA Enabled for GPU 2 / HCA 1 (distance 5 <= 5), read 0 mode Default
MOC-R4PCC04U05:644141:644281 [2] NCCL INFO New proxy recv connection 21 from local rank 2, transport 2
MOC-R4PCC04U05:644141:644982 [2] NCCL INFO Connected to proxy localRank 2 -> connection 0x7f0484005908
MOC-R4PCC04U05:644142:644282 [3] NCCL INFO New proxy send connection 12 from local rank 3, transport 0
MOC-R4PCC04U05:644142:644981 [3] NCCL INFO Connected to proxy localRank 3 -> connection 0x7f62e00054d0
MOC-R4PCC04U05:644141:644982 [2] NCCL INFO Channel 01/0 : 10[2] -> 2[2] [receive] via NET/IB/1/GDRDMA
MOC-R4PCC04U05:644141:644982 [2] NCCL INFO GPU Direct RDMA Enabled for GPU 2 / HCA 1 (distance 5 <= 5), read 1 mode Default
MOC-R4PCC04U05:644141:644281 [2] NCCL INFO New proxy send connection 22 from local rank 2, transport 2
MOC-R4PCC04U05:644141:644982 [2] NCCL INFO Connected to proxy localRank 2 -> connection 0x7f0484005980
MOC-R4PCC04U05:644141:644982 [2] NCCL INFO Channel 00/0 : 2[2] -> 10[2] [send] via NET/IB/1/GDRDMA
MOC-R4PCC04U05:644141:644982 [2] NCCL INFO GPU Direct RDMA Enabled for GPU 2 / HCA 1 (distance 5 <= 5), read 1 mode Default
MOC-R4PCC04U05:644141:644281 [2] NCCL INFO New proxy send connection 23 from local rank 2, transport 2
MOC-R4PCC04U05:644141:644982 [2] NCCL INFO Connected to proxy localRank 2 -> connection 0x7f04840059f8
MOC-R4PCC04U05:644141:644982 [2] NCCL INFO Channel 01/0 : 2[2] -> 10[2] [send] via NET/IB/1/GDRDMA
MOC-R4PCC04U05:644141:644982 [2] NCCL INFO GPU Direct RDMA Enabled for GPU 2 / HCA 1 (distance 5 <= 5), read 0 mode Default
MOC-R4PCC04U05:644141:644281 [2] NCCL INFO New proxy recv connection 24 from local rank 2, transport 2
MOC-R4PCC04U05:644141:644982 [2] NCCL INFO Connected to proxy localRank 2 -> connection 0x7f0484005a70
MOC-R4PCC04U05:644141:644982 [2] NCCL INFO Channel 02/0 : 6[2] -> 2[2] [receive] via NET/IB/1/GDRDMA
MOC-R4PCC04U05:644141:644982 [2] NCCL INFO GPU Direct RDMA Enabled for GPU 2 / HCA 1 (distance 5 <= 5), read 0 mode Default
MOC-R4PCC04U05:644141:644281 [2] NCCL INFO New proxy recv connection 25 from local rank 2, transport 2
MOC-R4PCC04U05:644141:644982 [2] NCCL INFO Connected to proxy localRank 2 -> connection 0x7f0484005ae8
MOC-R4PCC04U05:644141:644982 [2] NCCL INFO Channel 03/0 : 6[2] -> 2[2] [receive] via NET/IB/1/GDRDMA
MOC-R4PCC04U05:644141:644281 [2] NCCL INFO New proxy recv connection 26 from local rank 2, transport 0
MOC-R4PCC04U05:644141:644982 [2] NCCL INFO Connected to proxy localRank 2 -> connection 0x7f0484005b60
MOC-R4PCC04U05:644141:644281 [2] NCCL INFO New proxy recv connection 27 from local rank 2, transport 0
MOC-R4PCC04U05:644141:644982 [2] NCCL INFO Connected to proxy localRank 2 -> connection 0x7f0484005bd8
MOC-R4PCC04U05:644141:644281 [2] NCCL INFO New proxy recv connection 28 from local rank 2, transport 0
MOC-R4PCC04U05:644141:644982 [2] NCCL INFO Connected to proxy localRank 2 -> connection 0x7f0484005c50
MOC-R4PCC04U05:644141:644281 [2] NCCL INFO New proxy recv connection 29 from local rank 2, transport 0
MOC-R4PCC04U05:644141:644982 [2] NCCL INFO Connected to proxy localRank 2 -> connection 0x7f0484005cc8
MOC-R4PCC04U05:644139:644283 [0] NCCL INFO New proxy send connection 10 from local rank 0, transport 0
MOC-R4PCC04U05:644139:644983 [0] NCCL INFO Connected to proxy localRank 0 -> connection 0x7f17100053e0
MOC-R4PCC04U05:644139:644283 [0] NCCL INFO New proxy send connection 11 from local rank 0, transport 0
MOC-R4PCC04U05:644139:644983 [0] NCCL INFO Connected to proxy localRank 0 -> connection 0x7f1710005458
MOC-R4PCC04U05:644139:644283 [0] NCCL INFO New proxy send connection 12 from local rank 0, transport 0
MOC-R4PCC04U05:644139:644983 [0] NCCL INFO Connected to proxy localRank 0 -> connection 0x7f17100054d0
MOC-R4PCC04U05:644139:644283 [0] NCCL INFO New proxy send connection 13 from local rank 0, transport 0
MOC-R4PCC04U05:644139:644983 [0] NCCL INFO Connected to proxy localRank 0 -> connection 0x7f1710005548
MOC-R4PCC04U05:644140:644280 [1] NCCL INFO New proxy recv connection 10 from local rank 1, transport 0
MOC-R4PCC04U05:644140:644984 [1] NCCL INFO Connected to proxy localRank 1 -> connection 0x7f79980053e0
MOC-R4PCC04U05:644140:644280 [1] NCCL INFO New proxy recv connection 11 from local rank 1, transport 0
MOC-R4PCC04U05:644140:644984 [1] NCCL INFO Connected to proxy localRank 1 -> connection 0x7f7998005458
MOC-R4PCC04U05:644140:644280 [1] NCCL INFO New proxy recv connection 12 from local rank 1, transport 0
MOC-R4PCC04U05:644140:644984 [1] NCCL INFO Connected to proxy localRank 1 -> connection 0x7f79980054d0
MOC-R4PCC04U05:644140:644280 [1] NCCL INFO New proxy recv connection 13 from local rank 1, transport 0
MOC-R4PCC04U05:644140:644984 [1] NCCL INFO Connected to proxy localRank 1 -> connection 0x7f7998005548
MOC-R4PCC04U05:644139:644283 [0] NCCL INFO New proxy recv connection 14 from local rank 0, transport 0
MOC-R4PCC04U05:644139:644983 [0] NCCL INFO Connected to proxy localRank 0 -> connection 0x7f17100055c0
MOC-R4PCC04U05:644139:644283 [0] NCCL INFO New proxy recv connection 15 from local rank 0, transport 0
MOC-R4PCC04U05:644139:644983 [0] NCCL INFO Connected to proxy localRank 0 -> connection 0x7f1710005638
MOC-R4PCC04U05:644139:644283 [0] NCCL INFO New proxy recv connection 16 from local rank 0, transport 0
MOC-R4PCC04U05:644139:644983 [0] NCCL INFO Connected to proxy localRank 0 -> connection 0x7f17100056b0
MOC-R4PCC04U05:644139:644283 [0] NCCL INFO New proxy recv connection 17 from local rank 0, transport 0
MOC-R4PCC04U05:644139:644983 [0] NCCL INFO Connected to proxy localRank 0 -> connection 0x7f1710005728
MOC-R4PCC04U05:644142:644282 [3] NCCL INFO New proxy send connection 13 from local rank 3, transport 0
MOC-R4PCC04U05:644142:644981 [3] NCCL INFO Connected to proxy localRank 3 -> connection 0x7f62e0005548
MOC-R4PCC04U05:644142:644282 [3] NCCL INFO New proxy send connection 14 from local rank 3, transport 0
MOC-R4PCC04U05:644142:644981 [3] NCCL INFO Connected to proxy localRank 3 -> connection 0x7f62e00055c0
MOC-R4PCC04U05:644142:644282 [3] NCCL INFO New proxy send connection 15 from local rank 3, transport 0
MOC-R4PCC04U05:644142:644981 [3] NCCL INFO Connected to proxy localRank 3 -> connection 0x7f62e0005638
MOC-R4PCC04U05:644142:644282 [3] NCCL INFO New proxy send connection 16 from local rank 3, transport 0
MOC-R4PCC04U05:644142:644981 [3] NCCL INFO Connected to proxy localRank 3 -> connection 0x7f62e00056b0
MOC-R4PCC04U05:644142:644282 [3] NCCL INFO New proxy send connection 17 from local rank 2, transport 0
MOC-R4PCC04U05:644141:644982 [2] NCCL INFO Connected to proxy localRank 3 -> connection 0x7f62e0005728
MOC-R4PCC04U05:644141:644281 [2] NCCL INFO NET/IB: NCCL Dev 1 IbDev 0 Port 1 qpn 10574 mtu 3 query_ece={supported=1, vendor_id=0x15b3, options=0x30000002, comp_mask=0x0} GID 3 (0/C132A8C0FFFF0000) fifoRkey=0x17cb8a fifoLkey=0x17cb8a
MOC-R4PCC04U05:644141:644281 [2] NCCL INFO NET/IB: NCCL Dev 1 IbDev 0 Port 1 qpn 10575 mtu 3 query_ece={supported=1, vendor_id=0x15b3, options=0x30000002, comp_mask=0x0} GID 3 (0/C132A8C0FFFF0000) fifoRkey=0x1722e1 fifoLkey=0x1722e1
MOC-R4PCC04U05:644141:644281 [2] NCCL INFO NET/IB: NCCL Dev 1 IbDev 0 Port 1 qpn 10576 mtu 3 query_ece={supported=1, vendor_id=0x15b3, options=0x30000002, comp_mask=0x0} GID 3 (0/C132A8C0FFFF0000) fifoRkey=0x170bca fifoLkey=0x170bca
MOC-R4PCC04U05:644141:644281 [2] NCCL INFO NET/IB: IbDev 0 Port 1 qpn 10376 set_ece={supported=1, vendor_id=0x15b3, options=0x0, comp_mask=0x0}
MOC-R4PCC04U05:644141:644281 [2] NCCL INFO NET/IB: IbDev 0 Port 1 qpn 10378 set_ece={supported=1, vendor_id=0x15b3, options=0x0, comp_mask=0x0}
MOC-R4PCC04U05:644141:644281 [2] NCCL INFO NET/IB: IbDev 0 Port 1 qpn 7821 set_ece={supported=1, vendor_id=0x15b3, options=0x0, comp_mask=0x0}
MOC-R4PCC04U05:644141:644281 [2] NCCL INFO NET/IB: NCCL Dev 1 IbDev 0 Port 1 qpn 10579 mtu 3 query_ece={supported=1, vendor_id=0x15b3, options=0x30000002, comp_mask=0x0} GID 3 (0/C132A8C0FFFF0000) fifoRkey=0x178c4b fifoLkey=0x178c4b
MOC-R4PCC04U05:644141:644281 [2] NCCL INFO NET/IB: IbDev 0 Port 1 qpn 7823 set_ece={supported=1, vendor_id=0x15b3, options=0x0, comp_mask=0x0}
step    1/10 | train loss 11.010080 | norm 15.3561 | lr 1.00e-04 | (14458.15 ms | 290100 tok/s)
step    2/10 | train loss 10.138500 | norm 5.7509 | lr 1.00e-04 | (725.19 ms | 5783694 tok/s)
step    3/10 | train loss 9.798908 | norm 2.6008 | lr 1.00e-04 | (672.43 ms | 6237570 tok/s)
step    4/10 | train loss 9.629972 | norm 2.1074 | lr 1.00e-04 | (668.83 ms | 6271062 tok/s)
step    5/10 | train loss 9.547400 | norm 2.1023 | lr 1.00e-04 | (672.78 ms | 6234329 tok/s)
step    6/10 | train loss 9.467027 | norm 1.9934 | lr 1.00e-04 | (670.28 ms | 6257536 tok/s)
step    7/10 | train loss 9.382395 | norm 1.9432 | lr 1.00e-04 | (673.05 ms | 6231759 tok/s)
step    8/10 | train loss 9.291874 | norm 1.9119 | lr 1.00e-04 | (670.93 ms | 6251485 tok/s)
step    9/10 | train loss 9.197289 | norm 1.8626 | lr 1.00e-04 | (675.14 ms | 6212481 tok/s)
step   10/10 | train loss 9.110221 | norm 1.7873 | lr 1.00e-04 | (745.07 ms | 5629375 tok/s)
final 9 iters avg: 685.968ms
peak memory consumption: 16601 MiB
