Running pytorch 2.7.0+cu126
using device: cuda:0
total desired batch size: 2097152
=> calculated gradient accumulation steps: 4
using device: cuda:2
using device: cuda:3
using device: cuda:1
compiling the model...
DataLoader: total number of tokens: 1,661,249,667 across 103 files
MOC-R4PCC04U05:743621:743621 [0] NCCL INFO NCCL_SOCKET_IFNAME set to eno7np0
MOC-R4PCC04U05:743621:743621 [0] NCCL INFO NCCL version 2.26.2+cuda12.2
MOC-R4PCC04U05:743624:743624 [3] NCCL INFO NCCL_SOCKET_IFNAME set to eno7np0
MOC-R4PCC04U05:743624:743624 [3] NCCL INFO NCCL version 2.26.2+cuda12.2
MOC-R4PCC04U05:743622:743622 [1] NCCL INFO NCCL_SOCKET_IFNAME set to eno7np0
MOC-R4PCC04U05:743622:743622 [1] NCCL INFO NCCL version 2.26.2+cuda12.2
MOC-R4PCC04U05:743621:743725 [0] NCCL INFO NET/Plugin: Could not find: libnccl-net.so. Using internal net plugin.
MOC-R4PCC04U05:743621:743725 [0] NCCL INFO NCCL_IB_HCA set to mlx5_5
MOC-R4PCC04U05:743621:743725 [0] NCCL INFO NET/IB : Made virtual device [0] name=mlx5_5 speed=400000 ndevs=1
MOC-R4PCC04U05:743621:743725 [0] NCCL INFO NET/IB : Using [0]mlx5_5:1/RoCE [RO]; OOB eno7np0:192.168.50.193<0>
MOC-R4PCC04U05:743623:743623 [2] NCCL INFO NCCL_SOCKET_IFNAME set to eno7np0
MOC-R4PCC04U05:743623:743623 [2] NCCL INFO NCCL version 2.26.2+cuda12.2
MOC-R4PCC04U05:743624:743747 [3] NCCL INFO NET/Plugin: Could not find: libnccl-net.so. Using internal net plugin.
MOC-R4PCC04U05:743624:743747 [3] NCCL INFO NCCL_IB_HCA set to mlx5_5
MOC-R4PCC04U05:743622:743748 [1] NCCL INFO NET/Plugin: Could not find: libnccl-net.so. Using internal net plugin.
MOC-R4PCC04U05:743622:743748 [1] NCCL INFO NCCL_IB_HCA set to mlx5_5
MOC-R4PCC04U05:743624:743747 [3] NCCL INFO NET/IB : Made virtual device [0] name=mlx5_5 speed=400000 ndevs=1
MOC-R4PCC04U05:743624:743747 [3] NCCL INFO NET/IB : Using [0]mlx5_5:1/RoCE [RO]; OOB eno7np0:192.168.50.193<0>
MOC-R4PCC04U05:743622:743748 [1] NCCL INFO NET/IB : Made virtual device [0] name=mlx5_5 speed=400000 ndevs=1
MOC-R4PCC04U05:743622:743748 [1] NCCL INFO NET/IB : Using [0]mlx5_5:1/RoCE [RO]; OOB eno7np0:192.168.50.193<0>
MOC-R4PCC04U05:743623:743750 [2] NCCL INFO NET/Plugin: Could not find: libnccl-net.so. Using internal net plugin.
MOC-R4PCC04U05:743623:743750 [2] NCCL INFO NCCL_IB_HCA set to mlx5_5
MOC-R4PCC04U05:743623:743750 [2] NCCL INFO NET/IB : Made virtual device [0] name=mlx5_5 speed=400000 ndevs=1
MOC-R4PCC04U05:743623:743750 [2] NCCL INFO NET/IB : Using [0]mlx5_5:1/RoCE [RO]; OOB eno7np0:192.168.50.193<0>
MOC-R4PCC04U05:743622:743748 [1] NCCL INFO NET/IB : GPU Direct RDMA Enabled for HCA 0 'mlx5_5'
MOC-R4PCC04U05:743622:743748 [1] NCCL INFO NET/IB : Made virtual device [1] name=mlx5_5 speed=400000 ndevs=1
MOC-R4PCC04U05:743622:743748 [1] NCCL INFO NET/IB : GPU Direct RDMA Enabled for HCA 0 'mlx5_5'
MOC-R4PCC04U05:743622:743748 [1] NCCL INFO NET/IB : GPU Direct RDMA Enabled for HCA 1 'mlx5_5'
MOC-R4PCC04U05:743621:743725 [0] NCCL INFO NET/IB : GPU Direct RDMA Enabled for HCA 0 'mlx5_5'
MOC-R4PCC04U05:743621:743725 [0] NCCL INFO NET/IB : Made virtual device [1] name=mlx5_5 speed=400000 ndevs=1
MOC-R4PCC04U05:743621:743725 [0] NCCL INFO NET/IB : GPU Direct RDMA Enabled for HCA 0 'mlx5_5'
MOC-R4PCC04U05:743621:743725 [0] NCCL INFO NET/IB : GPU Direct RDMA Enabled for HCA 1 'mlx5_5'
MOC-R4PCC04U05:743623:743750 [2] NCCL INFO NET/IB : GPU Direct RDMA Enabled for HCA 0 'mlx5_5'
MOC-R4PCC04U05:743623:743750 [2] NCCL INFO NET/IB : Made virtual device [1] name=mlx5_5 speed=400000 ndevs=1
MOC-R4PCC04U05:743623:743750 [2] NCCL INFO NET/IB : GPU Direct RDMA Enabled for HCA 0 'mlx5_5'
MOC-R4PCC04U05:743623:743750 [2] NCCL INFO NET/IB : GPU Direct RDMA Enabled for HCA 1 'mlx5_5'
MOC-R4PCC04U05:743624:743747 [3] NCCL INFO NET/IB : GPU Direct RDMA Enabled for HCA 0 'mlx5_5'
MOC-R4PCC04U05:743624:743747 [3] NCCL INFO NET/IB : Made virtual device [1] name=mlx5_5 speed=400000 ndevs=1
MOC-R4PCC04U05:743624:743747 [3] NCCL INFO NET/IB : GPU Direct RDMA Enabled for HCA 0 'mlx5_5'
MOC-R4PCC04U05:743624:743747 [3] NCCL INFO NET/IB : GPU Direct RDMA Enabled for HCA 1 'mlx5_5'
MOC-R4PCC04U05:743621:743725 [0] NCCL INFO NCCL_NET_GDR_LEVEL set by environment to LOC
MOC-R4PCC04U05:743621:743725 [0] NCCL INFO GPU Direct RDMA Disabled for GPU 0 / HCA 1 (distance 5 > 0)
MOC-R4PCC04U05:743621:743725 [0] NCCL INFO GPU Direct RDMA Disabled for GPU 1 / HCA 1 (distance 5 > 0)
MOC-R4PCC04U05:743621:743725 [0] NCCL INFO GPU Direct RDMA Disabled for GPU 2 / HCA 1 (distance 5 > 0)
MOC-R4PCC04U05:743621:743725 [0] NCCL INFO GPU Direct RDMA Disabled for GPU 0 / HCA 1 (distance 5 > 0)
MOC-R4PCC04U05:743621:743725 [0] NCCL INFO GPU Direct RDMA Disabled for GPU 1 / HCA 1 (distance 5 > 0)
MOC-R4PCC04U05:743621:743725 [0] NCCL INFO GPU Direct RDMA Disabled for GPU 2 / HCA 1 (distance 5 > 0)
MOC-R4PCC04U05:743622:743748 [1] NCCL INFO NCCL_NET_GDR_LEVEL set by environment to LOC
MOC-R4PCC04U05:743622:743748 [1] NCCL INFO GPU Direct RDMA Disabled for GPU 0 / HCA 1 (distance 5 > 0)
MOC-R4PCC04U05:743622:743748 [1] NCCL INFO GPU Direct RDMA Disabled for GPU 1 / HCA 1 (distance 5 > 0)
MOC-R4PCC04U05:743622:743748 [1] NCCL INFO GPU Direct RDMA Disabled for GPU 2 / HCA 1 (distance 5 > 0)
MOC-R4PCC04U05:743622:743748 [1] NCCL INFO GPU Direct RDMA Disabled for GPU 0 / HCA 1 (distance 5 > 0)
MOC-R4PCC04U05:743622:743748 [1] NCCL INFO GPU Direct RDMA Disabled for GPU 1 / HCA 1 (distance 5 > 0)
MOC-R4PCC04U05:743622:743748 [1] NCCL INFO GPU Direct RDMA Disabled for GPU 2 / HCA 1 (distance 5 > 0)
MOC-R4PCC04U05:743623:743750 [2] NCCL INFO NCCL_NET_GDR_LEVEL set by environment to LOC
MOC-R4PCC04U05:743623:743750 [2] NCCL INFO GPU Direct RDMA Disabled for GPU 0 / HCA 1 (distance 5 > 0)
MOC-R4PCC04U05:743623:743750 [2] NCCL INFO GPU Direct RDMA Disabled for GPU 1 / HCA 1 (distance 5 > 0)
MOC-R4PCC04U05:743623:743750 [2] NCCL INFO GPU Direct RDMA Disabled for GPU 2 / HCA 1 (distance 5 > 0)
MOC-R4PCC04U05:743623:743750 [2] NCCL INFO GPU Direct RDMA Disabled for GPU 0 / HCA 1 (distance 5 > 0)
MOC-R4PCC04U05:743623:743750 [2] NCCL INFO GPU Direct RDMA Disabled for GPU 1 / HCA 1 (distance 5 > 0)
MOC-R4PCC04U05:743623:743750 [2] NCCL INFO GPU Direct RDMA Disabled for GPU 2 / HCA 1 (distance 5 > 0)
MOC-R4PCC04U05:743624:743747 [3] NCCL INFO NCCL_NET_GDR_LEVEL set by environment to LOC
MOC-R4PCC04U05:743624:743747 [3] NCCL INFO GPU Direct RDMA Disabled for GPU 0 / HCA 1 (distance 5 > 0)
MOC-R4PCC04U05:743624:743747 [3] NCCL INFO GPU Direct RDMA Disabled for GPU 1 / HCA 1 (distance 5 > 0)
MOC-R4PCC04U05:743624:743747 [3] NCCL INFO GPU Direct RDMA Disabled for GPU 2 / HCA 1 (distance 5 > 0)
MOC-R4PCC04U05:743624:743747 [3] NCCL INFO GPU Direct RDMA Disabled for GPU 0 / HCA 1 (distance 5 > 0)
MOC-R4PCC04U05:743624:743747 [3] NCCL INFO GPU Direct RDMA Disabled for GPU 1 / HCA 1 (distance 5 > 0)
MOC-R4PCC04U05:743624:743747 [3] NCCL INFO GPU Direct RDMA Disabled for GPU 2 / HCA 1 (distance 5 > 0)
MOC-R4PCC04U05:743624:743762 [3] NCCL INFO New proxy recv connection 0 from local rank 3, transport 0
MOC-R4PCC04U05:743624:743770 [3] NCCL INFO Connected to proxy localRank 3 -> connection 0x7f5e80004f30
MOC-R4PCC04U05:743624:743762 [3] NCCL INFO New proxy recv connection 1 from local rank 3, transport 0
MOC-R4PCC04U05:743624:743770 [3] NCCL INFO Connected to proxy localRank 3 -> connection 0x7f5e80004fa8
MOC-R4PCC04U05:743622:743764 [1] NCCL INFO New proxy recv connection 0 from local rank 1, transport 0
MOC-R4PCC04U05:743621:743766 [0] NCCL INFO New proxy send connection 0 from local rank 0, transport 0
MOC-R4PCC04U05:743622:743771 [1] NCCL INFO Connected to proxy localRank 1 -> connection 0x7f2d04004f30
MOC-R4PCC04U05:743621:743772 [0] NCCL INFO Connected to proxy localRank 0 -> connection 0x7f9c00004f30
MOC-R4PCC04U05:743622:743764 [1] NCCL INFO New proxy recv connection 1 from local rank 1, transport 0
MOC-R4PCC04U05:743622:743771 [1] NCCL INFO Connected to proxy localRank 1 -> connection 0x7f2d04004fa8
MOC-R4PCC04U05:743624:743770 [3] NCCL INFO GPU Direct RDMA Disabled for GPU 3 / HCA 1 (distance 7 > 0)
MOC-R4PCC04U05:743621:743766 [0] NCCL INFO New proxy send connection 1 from local rank 0, transport 0
MOC-R4PCC04U05:743621:743772 [0] NCCL INFO Connected to proxy localRank 0 -> connection 0x7f9c00004fa8
MOC-R4PCC04U05:743624:743762 [3] NCCL INFO New proxy send connection 2 from local rank 3, transport 2
MOC-R4PCC04U05:743624:743770 [3] NCCL INFO Connected to proxy localRank 3 -> connection 0x7f5e80005020
MOC-R4PCC04U05:743624:743770 [3] NCCL INFO Channel 00/0 : 3[3] -> 6[2] [send] via NET/IB/1
MOC-R4PCC04U05:743624:743770 [3] NCCL INFO GPU Direct RDMA Disabled for GPU 3 / HCA 1 (distance 7 > 0)
MOC-R4PCC04U05:743624:743762 [3] NCCL INFO New proxy send connection 3 from local rank 3, transport 2
MOC-R4PCC04U05:743624:743770 [3] NCCL INFO Connected to proxy localRank 3 -> connection 0x7f5e80005098
MOC-R4PCC04U05:743624:743770 [3] NCCL INFO Channel 02/0 : 3[3] -> 6[2] [send] via NET/IB/1
MOC-R4PCC04U05:743623:743763 [2] NCCL INFO New proxy recv connection 0 from local rank 2, transport 0
MOC-R4PCC04U05:743623:743774 [2] NCCL INFO Connected to proxy localRank 2 -> connection 0x7f3774004f30
MOC-R4PCC04U05:743623:743763 [2] NCCL INFO New proxy recv connection 1 from local rank 2, transport 0
MOC-R4PCC04U05:743623:743774 [2] NCCL INFO Connected to proxy localRank 2 -> connection 0x7f3774004fa8
MOC-R4PCC04U05:743623:743774 [2] NCCL INFO GPU Direct RDMA Disabled for GPU 2 / HCA 1 (distance 7 > 0)
MOC-R4PCC04U05:743621:743766 [0] NCCL INFO New proxy send connection 2 from local rank 0, transport 0
MOC-R4PCC04U05:743621:743772 [0] NCCL INFO Connected to proxy localRank 0 -> connection 0x7f9c00005020
MOC-R4PCC04U05:743621:743766 [0] NCCL INFO New proxy send connection 3 from local rank 0, transport 0
MOC-R4PCC04U05:743621:743772 [0] NCCL INFO Connected to proxy localRank 0 -> connection 0x7f9c00005098
MOC-R4PCC04U05:743621:743766 [0] NCCL INFO New proxy recv connection 4 from local rank 0, transport 0
MOC-R4PCC04U05:743621:743772 [0] NCCL INFO Connected to proxy localRank 0 -> connection 0x7f9c00005110
MOC-R4PCC04U05:743624:743770 [3] NCCL INFO GPU Direct RDMA Disabled for GPU 3 / HCA 1 (distance 7 > 0)
MOC-R4PCC04U05:743624:743762 [3] NCCL INFO New proxy recv connection 4 from local rank 3, transport 2
MOC-R4PCC04U05:743624:743770 [3] NCCL INFO Connected to proxy localRank 3 -> connection 0x7f5e80005110
MOC-R4PCC04U05:743624:743770 [3] NCCL INFO Channel 01/0 : 14[2] -> 3[3] [receive] via NET/IB/1
MOC-R4PCC04U05:743624:743770 [3] NCCL INFO GPU Direct RDMA Disabled for GPU 3 / HCA 1 (distance 7 > 0)
MOC-R4PCC04U05:743624:743762 [3] NCCL INFO New proxy recv connection 5 from local rank 3, transport 2
MOC-R4PCC04U05:743624:743770 [3] NCCL INFO Connected to proxy localRank 3 -> connection 0x7f5e80005188
MOC-R4PCC04U05:743624:743770 [3] NCCL INFO Channel 03/0 : 14[2] -> 3[3] [receive] via NET/IB/1
MOC-R4PCC04U05:743621:743766 [0] NCCL INFO New proxy recv connection 5 from local rank 0, transport 0
MOC-R4PCC04U05:743621:743772 [0] NCCL INFO Connected to proxy localRank 0 -> connection 0x7f9c00005188
MOC-R4PCC04U05:743623:743763 [2] NCCL INFO New proxy recv connection 2 from local rank 2, transport 2
MOC-R4PCC04U05:743623:743774 [2] NCCL INFO Connected to proxy localRank 2 -> connection 0x7f3774005020
MOC-R4PCC04U05:743623:743774 [2] NCCL INFO Channel 00/0 : 15[3] -> 2[2] [receive] via NET/IB/1
MOC-R4PCC04U05:743623:743774 [2] NCCL INFO GPU Direct RDMA Disabled for GPU 2 / HCA 1 (distance 7 > 0)
MOC-R4PCC04U05:743623:743763 [2] NCCL INFO New proxy recv connection 3 from local rank 2, transport 2
MOC-R4PCC04U05:743623:743774 [2] NCCL INFO Connected to proxy localRank 2 -> connection 0x7f3774005098
MOC-R4PCC04U05:743623:743774 [2] NCCL INFO Channel 02/0 : 15[3] -> 2[2] [receive] via NET/IB/1
MOC-R4PCC04U05:743623:743774 [2] NCCL INFO GPU Direct RDMA Disabled for GPU 2 / HCA 1 (distance 7 > 0)
MOC-R4PCC04U05:743623:743763 [2] NCCL INFO New proxy send connection 4 from local rank 2, transport 2
MOC-R4PCC04U05:743623:743774 [2] NCCL INFO Connected to proxy localRank 2 -> connection 0x7f3774005110
MOC-R4PCC04U05:743623:743774 [2] NCCL INFO Channel 01/0 : 2[2] -> 7[3] [send] via NET/IB/1
MOC-R4PCC04U05:743623:743774 [2] NCCL INFO GPU Direct RDMA Disabled for GPU 2 / HCA 1 (distance 7 > 0)
MOC-R4PCC04U05:743623:743763 [2] NCCL INFO New proxy send connection 5 from local rank 2, transport 2
MOC-R4PCC04U05:743623:743774 [2] NCCL INFO Connected to proxy localRank 2 -> connection 0x7f3774005188
MOC-R4PCC04U05:743623:743774 [2] NCCL INFO Channel 03/0 : 2[2] -> 7[3] [send] via NET/IB/1
MOC-R4PCC04U05:743621:743766 [0] NCCL INFO New proxy recv connection 6 from local rank 0, transport 0
MOC-R4PCC04U05:743621:743772 [0] NCCL INFO Connected to proxy localRank 0 -> connection 0x7f9c00005200
MOC-R4PCC04U05:743621:743766 [0] NCCL INFO New proxy recv connection 7 from local rank 0, transport 0
MOC-R4PCC04U05:743621:743772 [0] NCCL INFO Connected to proxy localRank 0 -> connection 0x7f9c00005278
MOC-R4PCC04U05:743623:743763 [2] NCCL INFO New proxy send connection 6 from local rank 2, transport 0
MOC-R4PCC04U05:743623:743774 [2] NCCL INFO Connected to proxy localRank 2 -> connection 0x7f3774005200
MOC-R4PCC04U05:743624:743762 [3] NCCL INFO New proxy send connection 6 from local rank 3, transport 0
MOC-R4PCC04U05:743624:743770 [3] NCCL INFO Connected to proxy localRank 3 -> connection 0x7f5e80005200
MOC-R4PCC04U05:743623:743763 [2] NCCL INFO New proxy send connection 7 from local rank 2, transport 0
MOC-R4PCC04U05:743623:743774 [2] NCCL INFO Connected to proxy localRank 2 -> connection 0x7f3774005278
MOC-R4PCC04U05:743624:743762 [3] NCCL INFO New proxy send connection 7 from local rank 3, transport 0
MOC-R4PCC04U05:743624:743770 [3] NCCL INFO Connected to proxy localRank 3 -> connection 0x7f5e80005278
MOC-R4PCC04U05:743622:743764 [1] NCCL INFO New proxy recv connection 2 from local rank 1, transport 0
MOC-R4PCC04U05:743621:743766 [0] NCCL INFO New proxy send connection 8 from local rank 3, transport 0
MOC-R4PCC04U05:743622:743771 [1] NCCL INFO Connected to proxy localRank 1 -> connection 0x7f2d04005020
MOC-R4PCC04U05:743624:743770 [3] NCCL INFO Connected to proxy localRank 0 -> connection 0x7f9c000052f0
MOC-R4PCC04U05:743622:743764 [1] NCCL INFO New proxy recv connection 3 from local rank 1, transport 0
MOC-R4PCC04U05:743622:743771 [1] NCCL INFO Connected to proxy localRank 1 -> connection 0x7f2d04005098
MOC-R4PCC04U05:743622:743764 [1] NCCL INFO New proxy send connection 4 from local rank 1, transport 0
MOC-R4PCC04U05:743622:743771 [1] NCCL INFO Connected to proxy localRank 1 -> connection 0x7f2d04005110
MOC-R4PCC04U05:743622:743764 [1] NCCL INFO New proxy send connection 5 from local rank 1, transport 0
MOC-R4PCC04U05:743622:743771 [1] NCCL INFO Connected to proxy localRank 1 -> connection 0x7f2d04005188
MOC-R4PCC04U05:743622:743764 [1] NCCL INFO New proxy send connection 6 from local rank 1, transport 0
MOC-R4PCC04U05:743622:743771 [1] NCCL INFO Connected to proxy localRank 1 -> connection 0x7f2d04005200
MOC-R4PCC04U05:743622:743764 [1] NCCL INFO New proxy send connection 7 from local rank 1, transport 0
MOC-R4PCC04U05:743622:743771 [1] NCCL INFO Connected to proxy localRank 1 -> connection 0x7f2d04005278
MOC-R4PCC04U05:743622:743764 [1] NCCL INFO New proxy send connection 8 from local rank 3, transport 0
MOC-R4PCC04U05:743624:743770 [3] NCCL INFO Connected to proxy localRank 1 -> connection 0x7f2d040052f0
MOC-R4PCC04U05:743621:743766 [0] NCCL INFO New proxy send connection 9 from local rank 2, transport 0
MOC-R4PCC04U05:743624:743762 [3] NCCL INFO New proxy send connection 8 from local rank 1, transport 0
MOC-R4PCC04U05:743623:743774 [2] NCCL INFO Connected to proxy localRank 0 -> connection 0x7f9c00005368
MOC-R4PCC04U05:743622:743771 [1] NCCL INFO Connected to proxy localRank 3 -> connection 0x7f5e800052f0
MOC-R4PCC04U05:743623:743763 [2] NCCL INFO New proxy send connection 8 from local rank 0, transport 0
MOC-R4PCC04U05:743621:743772 [0] NCCL INFO Connected to proxy localRank 2 -> connection 0x7f37740052f0
MOC-R4PCC04U05:743624:743762 [3] NCCL INFO NET/IB: NCCL Dev 1 IbDev 0 Port 1 qpn 12270 mtu 3 query_ece={supported=1, vendor_id=0x15b3, options=0x30000002, comp_mask=0x0} GID 3 (0/C132A8C0FFFF0000) fifoRkey=0x17b372 fifoLkey=0x17b372
MOC-R4PCC04U05:743624:743762 [3] NCCL INFO NET/IB: NCCL Dev 1 IbDev 0 Port 1 qpn 12271 mtu 3 query_ece={supported=1, vendor_id=0x15b3, options=0x30000002, comp_mask=0x0} GID 3 (0/C132A8C0FFFF0000) fifoRkey=0x173af9 fifoLkey=0x173af9
MOC-R4PCC04U05:743621:743766 [0] NCCL INFO New proxy send connection 10 from local rank 1, transport 0
MOC-R4PCC04U05:743622:743771 [1] NCCL INFO Connected to proxy localRank 0 -> connection 0x7f9c000053e0
MOC-R4PCC04U05:743622:743764 [1] NCCL INFO New proxy send connection 9 from local rank 2, transport 0
MOC-R4PCC04U05:743623:743774 [2] NCCL INFO Connected to proxy localRank 1 -> connection 0x7f2d04005368
MOC-R4PCC04U05:743623:743763 [2] NCCL INFO NET/IB: NCCL Dev 1 IbDev 0 Port 1 qpn 12272 mtu 3 query_ece={supported=1, vendor_id=0x15b3, options=0x30000002, comp_mask=0x0} GID 3 (0/C132A8C0FFFF0000) fifoRkey=0x17a767 fifoLkey=0x17a767
MOC-R4PCC04U05:743623:743763 [2] NCCL INFO NET/IB: NCCL Dev 1 IbDev 0 Port 1 qpn 12273 mtu 3 query_ece={supported=1, vendor_id=0x15b3, options=0x30000002, comp_mask=0x0} GID 3 (0/C132A8C0FFFF0000) fifoRkey=0x179c5b fifoLkey=0x179c5b
MOC-R4PCC04U05:743623:743763 [2] NCCL INFO NET/IB: IbDev 0 Port 1 qpn 12908 set_ece={supported=1, vendor_id=0x15b3, options=0x0, comp_mask=0x0}
MOC-R4PCC04U05:743624:743762 [3] NCCL INFO NET/IB: IbDev 0 Port 1 qpn 12904 set_ece={supported=1, vendor_id=0x15b3, options=0x0, comp_mask=0x0}
MOC-R4PCC04U05:743623:743763 [2] NCCL INFO NET/IB: IbDev 0 Port 1 qpn 12910 set_ece={supported=1, vendor_id=0x15b3, options=0x0, comp_mask=0x0}
MOC-R4PCC04U05:743624:743762 [3] NCCL INFO NET/IB: IbDev 0 Port 1 qpn 12906 set_ece={supported=1, vendor_id=0x15b3, options=0x0, comp_mask=0x0}
MOC-R4PCC04U05:743624:743762 [3] NCCL INFO New proxy send connection 9 from local rank 0, transport 0
MOC-R4PCC04U05:743621:743772 [0] NCCL INFO Connected to proxy localRank 3 -> connection 0x7f5e80005368
MOC-R4PCC04U05:743623:743763 [2] NCCL INFO New proxy send connection 9 from local rank 1, transport 0
MOC-R4PCC04U05:743622:743771 [1] NCCL INFO Connected to proxy localRank 2 -> connection 0x7f3774005368
MOC-R4PCC04U05:743622:743764 [1] NCCL INFO New proxy send connection 10 from local rank 0, transport 0
MOC-R4PCC04U05:743621:743772 [0] NCCL INFO Connected to proxy localRank 1 -> connection 0x7f2d040053e0
num decayed parameter tensors: 50, with 124,318,464 parameters
num non-decayed parameter tensors: 98, with 121,344 parameters
using fused AdamW: False
using regular AdamW
MOC-R4PCC04U05:743624:743762 [3] NCCL INFO New proxy recv connection 10 from local rank 3, transport 0
MOC-R4PCC04U05:743624:744464 [3] NCCL INFO Connected to proxy localRank 3 -> connection 0x7f5e800053e0
MOC-R4PCC04U05:743624:743762 [3] NCCL INFO New proxy recv connection 11 from local rank 3, transport 0
MOC-R4PCC04U05:743624:744464 [3] NCCL INFO Connected to proxy localRank 3 -> connection 0x7f5e80005458
MOC-R4PCC04U05:743621:743766 [0] NCCL INFO New proxy send connection 11 from local rank 0, transport 0
MOC-R4PCC04U05:743621:744465 [0] NCCL INFO Connected to proxy localRank 0 -> connection 0x7f9c00005458
MOC-R4PCC04U05:743621:743766 [0] NCCL INFO New proxy send connection 12 from local rank 0, transport 0
MOC-R4PCC04U05:743621:744465 [0] NCCL INFO Connected to proxy localRank 0 -> connection 0x7f9c000054d0
MOC-R4PCC04U05:743621:743766 [0] NCCL INFO New proxy send connection 13 from local rank 0, transport 0
MOC-R4PCC04U05:743621:744465 [0] NCCL INFO Connected to proxy localRank 0 -> connection 0x7f9c00005548
MOC-R4PCC04U05:743621:743766 [0] NCCL INFO New proxy send connection 14 from local rank 0, transport 0
MOC-R4PCC04U05:743621:744465 [0] NCCL INFO Connected to proxy localRank 0 -> connection 0x7f9c000055c0
MOC-R4PCC04U05:743622:743764 [1] NCCL INFO New proxy recv connection 11 from local rank 1, transport 0
MOC-R4PCC04U05:743622:744466 [1] NCCL INFO Connected to proxy localRank 1 -> connection 0x7f2d04005458
MOC-R4PCC04U05:743622:743764 [1] NCCL INFO New proxy recv connection 12 from local rank 1, transport 0
MOC-R4PCC04U05:743622:744466 [1] NCCL INFO Connected to proxy localRank 1 -> connection 0x7f2d040054d0
MOC-R4PCC04U05:743622:743764 [1] NCCL INFO New proxy recv connection 13 from local rank 1, transport 0
MOC-R4PCC04U05:743622:744466 [1] NCCL INFO Connected to proxy localRank 1 -> connection 0x7f2d04005548
MOC-R4PCC04U05:743622:743764 [1] NCCL INFO New proxy recv connection 14 from local rank 1, transport 0
MOC-R4PCC04U05:743622:744466 [1] NCCL INFO Connected to proxy localRank 1 -> connection 0x7f2d040055c0
MOC-R4PCC04U05:743622:743764 [1] NCCL INFO New proxy send connection 15 from local rank 1, transport 0
MOC-R4PCC04U05:743622:744466 [1] NCCL INFO Connected to proxy localRank 1 -> connection 0x7f2d04005638
MOC-R4PCC04U05:743622:743764 [1] NCCL INFO New proxy send connection 16 from local rank 1, transport 0
MOC-R4PCC04U05:743622:744466 [1] NCCL INFO Connected to proxy localRank 1 -> connection 0x7f2d040056b0
MOC-R4PCC04U05:743622:743764 [1] NCCL INFO New proxy send connection 17 from local rank 1, transport 0
MOC-R4PCC04U05:743622:744466 [1] NCCL INFO Connected to proxy localRank 1 -> connection 0x7f2d04005728
MOC-R4PCC04U05:743622:743764 [1] NCCL INFO New proxy send connection 18 from local rank 1, transport 0
MOC-R4PCC04U05:743622:744466 [1] NCCL INFO Connected to proxy localRank 1 -> connection 0x7f2d040057a0
MOC-R4PCC04U05:743621:743766 [0] NCCL INFO New proxy send connection 15 from local rank 0, transport 0
MOC-R4PCC04U05:743621:744465 [0] NCCL INFO Connected to proxy localRank 0 -> connection 0x7f9c00005638
MOC-R4PCC04U05:743621:743766 [0] NCCL INFO New proxy send connection 16 from local rank 0, transport 0
MOC-R4PCC04U05:743621:744465 [0] NCCL INFO Connected to proxy localRank 0 -> connection 0x7f9c000056b0
MOC-R4PCC04U05:743621:743766 [0] NCCL INFO New proxy recv connection 17 from local rank 0, transport 0
MOC-R4PCC04U05:743621:744465 [0] NCCL INFO Connected to proxy localRank 0 -> connection 0x7f9c00005728
MOC-R4PCC04U05:743624:744464 [3] NCCL INFO GPU Direct RDMA Disabled for GPU 3 / HCA 1 (distance 7 > 0)
MOC-R4PCC04U05:743624:743762 [3] NCCL INFO New proxy send connection 12 from local rank 3, transport 2
MOC-R4PCC04U05:743624:744464 [3] NCCL INFO Connected to proxy localRank 3 -> connection 0x7f5e800054d0
MOC-R4PCC04U05:743624:744464 [3] NCCL INFO Channel 02/0 : 3[3] -> 7[3] [send] via NET/IB/1
MOC-R4PCC04U05:743624:744464 [3] NCCL INFO GPU Direct RDMA Disabled for GPU 3 / HCA 1 (distance 7 > 0)
MOC-R4PCC04U05:743621:743766 [0] NCCL INFO New proxy recv connection 18 from local rank 0, transport 0
MOC-R4PCC04U05:743624:743762 [3] NCCL INFO New proxy send connection 13 from local rank 3, transport 2
MOC-R4PCC04U05:743621:744465 [0] NCCL INFO Connected to proxy localRank 0 -> connection 0x7f9c000057a0
MOC-R4PCC04U05:743624:744464 [3] NCCL INFO Connected to proxy localRank 3 -> connection 0x7f5e80005548
MOC-R4PCC04U05:743624:744464 [3] NCCL INFO Channel 03/0 : 3[3] -> 7[3] [send] via NET/IB/1
MOC-R4PCC04U05:743621:743766 [0] NCCL INFO New proxy recv connection 19 from local rank 0, transport 0
MOC-R4PCC04U05:743621:744465 [0] NCCL INFO Connected to proxy localRank 0 -> connection 0x7f9c00005818
MOC-R4PCC04U05:743621:743766 [0] NCCL INFO New proxy recv connection 20 from local rank 0, transport 0
MOC-R4PCC04U05:743621:744465 [0] NCCL INFO Connected to proxy localRank 0 -> connection 0x7f9c00005890
MOC-R4PCC04U05:743623:743763 [2] NCCL INFO New proxy recv connection 10 from local rank 2, transport 0
MOC-R4PCC04U05:743623:744467 [2] NCCL INFO Connected to proxy localRank 2 -> connection 0x7f37740053e0
MOC-R4PCC04U05:743623:743763 [2] NCCL INFO New proxy recv connection 11 from local rank 2, transport 0
MOC-R4PCC04U05:743623:744467 [2] NCCL INFO Connected to proxy localRank 2 -> connection 0x7f3774005458
MOC-R4PCC04U05:743623:743763 [2] NCCL INFO New proxy recv connection 12 from local rank 2, transport 0
MOC-R4PCC04U05:743623:744467 [2] NCCL INFO Connected to proxy localRank 2 -> connection 0x7f37740054d0
MOC-R4PCC04U05:743623:743763 [2] NCCL INFO New proxy recv connection 13 from local rank 2, transport 0
MOC-R4PCC04U05:743623:744467 [2] NCCL INFO Connected to proxy localRank 2 -> connection 0x7f3774005548
MOC-R4PCC04U05:743623:743763 [2] NCCL INFO New proxy send connection 14 from local rank 2, transport 0
MOC-R4PCC04U05:743622:743764 [1] NCCL INFO New proxy recv connection 19 from local rank 1, transport 0
MOC-R4PCC04U05:743623:744467 [2] NCCL INFO Connected to proxy localRank 2 -> connection 0x7f37740055c0
MOC-R4PCC04U05:743622:744466 [1] NCCL INFO Connected to proxy localRank 1 -> connection 0x7f2d04005818
MOC-R4PCC04U05:743623:743763 [2] NCCL INFO New proxy send connection 15 from local rank 2, transport 0
MOC-R4PCC04U05:743623:744467 [2] NCCL INFO Connected to proxy localRank 2 -> connection 0x7f3774005638
MOC-R4PCC04U05:743622:743764 [1] NCCL INFO New proxy recv connection 20 from local rank 1, transport 0
MOC-R4PCC04U05:743622:744466 [1] NCCL INFO Connected to proxy localRank 1 -> connection 0x7f2d04005890
MOC-R4PCC04U05:743624:744464 [3] NCCL INFO GPU Direct RDMA Disabled for GPU 3 / HCA 1 (distance 7 > 0)
MOC-R4PCC04U05:743624:743762 [3] NCCL INFO New proxy recv connection 14 from local rank 3, transport 2
MOC-R4PCC04U05:743624:744464 [3] NCCL INFO Connected to proxy localRank 3 -> connection 0x7f5e800055c0
MOC-R4PCC04U05:743624:744464 [3] NCCL INFO Channel 00/0 : 11[3] -> 3[3] [receive] via NET/IB/1
MOC-R4PCC04U05:743624:744464 [3] NCCL INFO GPU Direct RDMA Disabled for GPU 3 / HCA 1 (distance 7 > 0)
MOC-R4PCC04U05:743624:743762 [3] NCCL INFO New proxy recv connection 15 from local rank 3, transport 2
MOC-R4PCC04U05:743624:744464 [3] NCCL INFO Connected to proxy localRank 3 -> connection 0x7f5e80005638
MOC-R4PCC04U05:743624:744464 [3] NCCL INFO Channel 01/0 : 11[3] -> 3[3] [receive] via NET/IB/1
MOC-R4PCC04U05:743624:744464 [3] NCCL INFO GPU Direct RDMA Disabled for GPU 3 / HCA 1 (distance 7 > 0)
MOC-R4PCC04U05:743624:743762 [3] NCCL INFO New proxy send connection 16 from local rank 3, transport 2
MOC-R4PCC04U05:743624:744464 [3] NCCL INFO Connected to proxy localRank 3 -> connection 0x7f5e800056b0
MOC-R4PCC04U05:743624:744464 [3] NCCL INFO Channel 00/0 : 3[3] -> 11[3] [send] via NET/IB/1
MOC-R4PCC04U05:743624:744464 [3] NCCL INFO GPU Direct RDMA Disabled for GPU 3 / HCA 1 (distance 7 > 0)
MOC-R4PCC04U05:743624:743762 [3] NCCL INFO New proxy send connection 17 from local rank 3, transport 2
MOC-R4PCC04U05:743624:744464 [3] NCCL INFO Connected to proxy localRank 3 -> connection 0x7f5e80005728
MOC-R4PCC04U05:743624:744464 [3] NCCL INFO Channel 01/0 : 3[3] -> 11[3] [send] via NET/IB/1
MOC-R4PCC04U05:743624:744464 [3] NCCL INFO GPU Direct RDMA Disabled for GPU 3 / HCA 1 (distance 7 > 0)
MOC-R4PCC04U05:743624:743762 [3] NCCL INFO New proxy recv connection 18 from local rank 3, transport 2
MOC-R4PCC04U05:743624:744464 [3] NCCL INFO Connected to proxy localRank 3 -> connection 0x7f5e800057a0
MOC-R4PCC04U05:743624:744464 [3] NCCL INFO Channel 02/0 : 7[3] -> 3[3] [receive] via NET/IB/1
MOC-R4PCC04U05:743624:744464 [3] NCCL INFO GPU Direct RDMA Disabled for GPU 3 / HCA 1 (distance 7 > 0)
MOC-R4PCC04U05:743624:743762 [3] NCCL INFO New proxy recv connection 19 from local rank 3, transport 2
MOC-R4PCC04U05:743624:744464 [3] NCCL INFO Connected to proxy localRank 3 -> connection 0x7f5e80005818
MOC-R4PCC04U05:743624:744464 [3] NCCL INFO Channel 03/0 : 7[3] -> 3[3] [receive] via NET/IB/1
MOC-R4PCC04U05:743624:743762 [3] NCCL INFO New proxy send connection 20 from local rank 3, transport 0
MOC-R4PCC04U05:743624:744464 [3] NCCL INFO Connected to proxy localRank 3 -> connection 0x7f5e80005890
MOC-R4PCC04U05:743624:743762 [3] NCCL INFO New proxy send connection 21 from local rank 3, transport 0
MOC-R4PCC04U05:743624:744464 [3] NCCL INFO Connected to proxy localRank 3 -> connection 0x7f5e80005908
MOC-R4PCC04U05:743624:743762 [3] NCCL INFO New proxy send connection 22 from local rank 3, transport 0
MOC-R4PCC04U05:743624:744464 [3] NCCL INFO Connected to proxy localRank 3 -> connection 0x7f5e80005980
MOC-R4PCC04U05:743624:743762 [3] NCCL INFO New proxy send connection 23 from local rank 3, transport 0
MOC-R4PCC04U05:743624:744464 [3] NCCL INFO Connected to proxy localRank 3 -> connection 0x7f5e800059f8
MOC-R4PCC04U05:743624:743762 [3] NCCL INFO NET/IB: NCCL Dev 1 IbDev 0 Port 1 qpn 12280 mtu 3 query_ece={supported=1, vendor_id=0x15b3, options=0x30000002, comp_mask=0x0} GID 3 (0/C132A8C0FFFF0000) fifoRkey=0x17cb8a fifoLkey=0x17cb8a
MOC-R4PCC04U05:743624:743762 [3] NCCL INFO NET/IB: NCCL Dev 1 IbDev 0 Port 1 qpn 12283 mtu 3 query_ece={supported=1, vendor_id=0x15b3, options=0x30000002, comp_mask=0x0} GID 3 (0/C132A8C0FFFF0000) fifoRkey=0x175412 fifoLkey=0x175412
MOC-R4PCC04U05:743624:743762 [3] NCCL INFO NET/IB: NCCL Dev 1 IbDev 0 Port 1 qpn 12284 mtu 3 query_ece={supported=1, vendor_id=0x15b3, options=0x30000002, comp_mask=0x0} GID 3 (0/C132A8C0FFFF0000) fifoRkey=0x172eed fifoLkey=0x172eed
MOC-R4PCC04U05:743624:743762 [3] NCCL INFO NET/IB: NCCL Dev 1 IbDev 0 Port 1 qpn 12285 mtu 3 query_ece={supported=1, vendor_id=0x15b3, options=0x30000002, comp_mask=0x0} GID 3 (0/C132A8C0FFFF0000) fifoRkey=0x1722e1 fifoLkey=0x1722e1
MOC-R4PCC04U05:743624:743762 [3] NCCL INFO NET/IB: IbDev 0 Port 1 qpn 12917 set_ece={supported=1, vendor_id=0x15b3, options=0x0, comp_mask=0x0}
MOC-R4PCC04U05:743624:743762 [3] NCCL INFO NET/IB: IbDev 0 Port 1 qpn 12920 set_ece={supported=1, vendor_id=0x15b3, options=0x0, comp_mask=0x0}
MOC-R4PCC04U05:743624:743762 [3] NCCL INFO NET/IB: IbDev 0 Port 1 qpn 10362 set_ece={supported=1, vendor_id=0x15b3, options=0x0, comp_mask=0x0}
MOC-R4PCC04U05:743624:743762 [3] NCCL INFO NET/IB: IbDev 0 Port 1 qpn 10364 set_ece={supported=1, vendor_id=0x15b3, options=0x0, comp_mask=0x0}
step    1/10 | train loss 11.009806 | norm 15.3616 | lr 1.00e-04 | (14291.22 ms | 146744 tok/s)
step    2/10 | train loss 10.138538 | norm 5.7422 | lr 1.00e-04 | (368.91 ms | 5684691 tok/s)
step    3/10 | train loss 9.797907 | norm 2.6066 | lr 1.00e-04 | (390.53 ms | 5369951 tok/s)
step    4/10 | train loss 9.628575 | norm 2.1114 | lr 1.00e-04 | (385.94 ms | 5433940 tok/s)
step    5/10 | train loss 9.545595 | norm 2.1044 | lr 1.00e-04 | (389.44 ms | 5385091 tok/s)
step    6/10 | train loss 9.464417 | norm 1.9969 | lr 1.00e-04 | (369.96 ms | 5668579 tok/s)
step    7/10 | train loss 9.378774 | norm 1.9478 | lr 1.00e-04 | (414.79 ms | 5055932 tok/s)
step    8/10 | train loss 9.286814 | norm 1.9138 | lr 1.00e-04 | (452.59 ms | 4633688 tok/s)
step    9/10 | train loss 9.191303 | norm 1.8553 | lr 1.00e-04 | (363.71 ms | 5766009 tok/s)
step   10/10 | train loss 9.107038 | norm 1.7972 | lr 1.00e-04 | (383.52 ms | 5468174 tok/s)
final 9 iters avg: 391.043ms
peak memory consumption: 16601 MiB
