Running pytorch 2.7.0+cu126
using device: cuda:0
total desired batch size: 3145728
=> calculated gradient accumulation steps: 8
using device: cuda:3
using device: cuda:2
using device: cuda:1
compiling the model...
DataLoader: total number of tokens: 1,661,249,667 across 103 files
MOC-R4PCC04U05:558406:558406 [0] NCCL INFO NCCL_SOCKET_IFNAME set to eno7np0
MOC-R4PCC04U05:558406:558406 [0] NCCL INFO NCCL version 2.26.2+cuda12.2
MOC-R4PCC04U05:558406:558510 [0] NCCL INFO NET/Plugin: Could not find: libnccl-net.so. Using internal net plugin.
MOC-R4PCC04U05:558406:558510 [0] NCCL INFO NET/Socket : Using [0]eno7np0:192.168.50.193<0>
MOC-R4PCC04U05:558409:558409 [3] NCCL INFO NCCL_SOCKET_IFNAME set to eno7np0
MOC-R4PCC04U05:558408:558408 [2] NCCL INFO NCCL_SOCKET_IFNAME set to eno7np0
MOC-R4PCC04U05:558409:558409 [3] NCCL INFO NCCL version 2.26.2+cuda12.2
MOC-R4PCC04U05:558408:558408 [2] NCCL INFO NCCL version 2.26.2+cuda12.2
MOC-R4PCC04U05:558407:558407 [1] NCCL INFO NCCL_SOCKET_IFNAME set to eno7np0
MOC-R4PCC04U05:558407:558407 [1] NCCL INFO NCCL version 2.26.2+cuda12.2
MOC-R4PCC04U05:558409:558532 [3] NCCL INFO NET/Plugin: Could not find: libnccl-net.so. Using internal net plugin.
MOC-R4PCC04U05:558409:558532 [3] NCCL INFO NET/Socket : Using [0]eno7np0:192.168.50.193<0>
MOC-R4PCC04U05:558408:558533 [2] NCCL INFO NET/Plugin: Could not find: libnccl-net.so. Using internal net plugin.
MOC-R4PCC04U05:558408:558533 [2] NCCL INFO NET/Socket : Using [0]eno7np0:192.168.50.193<0>
MOC-R4PCC04U05:558407:558534 [1] NCCL INFO NET/Plugin: Could not find: libnccl-net.so. Using internal net plugin.
MOC-R4PCC04U05:558407:558534 [1] NCCL INFO NET/Socket : Using [0]eno7np0:192.168.50.193<0>
MOC-R4PCC04U05:558408:558533 [2] NCCL INFO NET/Socket : GPU Direct RDMA Disabled for HCA 0 'eno7np0'
MOC-R4PCC04U05:558409:558532 [3] NCCL INFO NET/Socket : GPU Direct RDMA Disabled for HCA 0 'eno7np0'
MOC-R4PCC04U05:558406:558510 [0] NCCL INFO NET/Socket : GPU Direct RDMA Disabled for HCA 0 'eno7np0'
MOC-R4PCC04U05:558407:558534 [1] NCCL INFO NET/Socket : GPU Direct RDMA Disabled for HCA 0 'eno7np0'
MOC-R4PCC04U05:558408:558544 [2] NCCL INFO New proxy recv connection 0 from local rank 2, transport 0
MOC-R4PCC04U05:558408:558618 [2] NCCL INFO Connected to proxy localRank 2 -> connection 0x7fcf28004f30
MOC-R4PCC04U05:558406:558549 [0] NCCL INFO New proxy send connection 0 from local rank 0, transport 0
MOC-R4PCC04U05:558406:558619 [0] NCCL INFO Connected to proxy localRank 0 -> connection 0x7fc7d0004f30
MOC-R4PCC04U05:558408:558544 [2] NCCL INFO New proxy recv connection 1 from local rank 2, transport 0
MOC-R4PCC04U05:558408:558618 [2] NCCL INFO Connected to proxy localRank 2 -> connection 0x7fcf28004fa8
MOC-R4PCC04U05:558409:558545 [3] NCCL INFO New proxy recv connection 0 from local rank 3, transport 0
MOC-R4PCC04U05:558409:558620 [3] NCCL INFO Connected to proxy localRank 3 -> connection 0x7f6ad8004f30
MOC-R4PCC04U05:558406:558549 [0] NCCL INFO New proxy send connection 1 from local rank 0, transport 0
MOC-R4PCC04U05:558406:558619 [0] NCCL INFO Connected to proxy localRank 0 -> connection 0x7fc7d0004fa8
MOC-R4PCC04U05:558409:558545 [3] NCCL INFO New proxy recv connection 1 from local rank 3, transport 0
MOC-R4PCC04U05:558409:558620 [3] NCCL INFO Connected to proxy localRank 3 -> connection 0x7f6ad8004fa8
MOC-R4PCC04U05:558406:558549 [0] NCCL INFO New proxy send connection 2 from local rank 0, transport 0
MOC-R4PCC04U05:558406:558619 [0] NCCL INFO Connected to proxy localRank 0 -> connection 0x7fc7d0005020
MOC-R4PCC04U05:558406:558549 [0] NCCL INFO New proxy send connection 3 from local rank 0, transport 0
MOC-R4PCC04U05:558406:558619 [0] NCCL INFO Connected to proxy localRank 0 -> connection 0x7fc7d0005098
MOC-R4PCC04U05:558407:558543 [1] NCCL INFO New proxy recv connection 0 from local rank 1, transport 0
MOC-R4PCC04U05:558407:558621 [1] NCCL INFO Connected to proxy localRank 1 -> connection 0x7f6c50004f30
MOC-R4PCC04U05:558407:558543 [1] NCCL INFO New proxy recv connection 1 from local rank 1, transport 0
MOC-R4PCC04U05:558407:558621 [1] NCCL INFO Connected to proxy localRank 1 -> connection 0x7f6c50004fa8
MOC-R4PCC04U05:558409:558545 [3] NCCL INFO New proxy send connection 2 from local rank 3, transport 2
MOC-R4PCC04U05:558409:558620 [3] NCCL INFO Connected to proxy localRank 3 -> connection 0x7f6ad8005020
MOC-R4PCC04U05:558408:558544 [2] NCCL INFO New proxy recv connection 2 from local rank 2, transport 2
MOC-R4PCC04U05:558408:558618 [2] NCCL INFO Connected to proxy localRank 2 -> connection 0x7fcf28005020
MOC-R4PCC04U05:558409:558620 [3] NCCL INFO Channel 00/0 : 3[3] -> 6[2] [send] via NET/Socket/0
MOC-R4PCC04U05:558409:558545 [3] NCCL INFO New proxy send connection 3 from local rank 3, transport 2
MOC-R4PCC04U05:558409:558620 [3] NCCL INFO Connected to proxy localRank 3 -> connection 0x7f6ad8005098
MOC-R4PCC04U05:558408:558618 [2] NCCL INFO Channel 00/0 : 11[3] -> 2[2] [receive] via NET/Socket/0
MOC-R4PCC04U05:558408:558544 [2] NCCL INFO New proxy recv connection 3 from local rank 2, transport 2
MOC-R4PCC04U05:558408:558618 [2] NCCL INFO Connected to proxy localRank 2 -> connection 0x7fcf28005098
MOC-R4PCC04U05:558409:558620 [3] NCCL INFO Channel 02/0 : 3[3] -> 6[2] [send] via NET/Socket/0
MOC-R4PCC04U05:558408:558618 [2] NCCL INFO Channel 02/0 : 11[3] -> 2[2] [receive] via NET/Socket/0
MOC-R4PCC04U05:558406:558549 [0] NCCL INFO New proxy recv connection 4 from local rank 0, transport 0
MOC-R4PCC04U05:558406:558619 [0] NCCL INFO Connected to proxy localRank 0 -> connection 0x7fc7d0005110
MOC-R4PCC04U05:558409:558545 [3] NCCL INFO New proxy recv connection 4 from local rank 3, transport 2
MOC-R4PCC04U05:558409:558620 [3] NCCL INFO Connected to proxy localRank 3 -> connection 0x7f6ad8005110
MOC-R4PCC04U05:558408:558544 [2] NCCL INFO New proxy send connection 4 from local rank 2, transport 2
MOC-R4PCC04U05:558408:558618 [2] NCCL INFO Connected to proxy localRank 2 -> connection 0x7fcf28005110
MOC-R4PCC04U05:558409:558620 [3] NCCL INFO Channel 01/0 : 10[2] -> 3[3] [receive] via NET/Socket/0
MOC-R4PCC04U05:558409:558545 [3] NCCL INFO New proxy recv connection 5 from local rank 3, transport 2
MOC-R4PCC04U05:558409:558620 [3] NCCL INFO Connected to proxy localRank 3 -> connection 0x7f6ad8005188
MOC-R4PCC04U05:558408:558618 [2] NCCL INFO Channel 01/0 : 2[2] -> 7[3] [send] via NET/Socket/0
MOC-R4PCC04U05:558408:558544 [2] NCCL INFO New proxy send connection 5 from local rank 2, transport 2
MOC-R4PCC04U05:558408:558618 [2] NCCL INFO Connected to proxy localRank 2 -> connection 0x7fcf28005188
MOC-R4PCC04U05:558409:558620 [3] NCCL INFO Channel 03/0 : 10[2] -> 3[3] [receive] via NET/Socket/0
MOC-R4PCC04U05:558408:558618 [2] NCCL INFO Channel 03/0 : 2[2] -> 7[3] [send] via NET/Socket/0
MOC-R4PCC04U05:558409:558545 [3] NCCL INFO New proxy send connection 6 from local rank 3, transport 0
MOC-R4PCC04U05:558409:558620 [3] NCCL INFO Connected to proxy localRank 3 -> connection 0x7f6ad8005200
MOC-R4PCC04U05:558408:558544 [2] NCCL INFO New proxy send connection 6 from local rank 2, transport 0
MOC-R4PCC04U05:558408:558618 [2] NCCL INFO Connected to proxy localRank 2 -> connection 0x7fcf28005200
MOC-R4PCC04U05:558409:558545 [3] NCCL INFO New proxy send connection 7 from local rank 3, transport 0
MOC-R4PCC04U05:558409:558620 [3] NCCL INFO Connected to proxy localRank 3 -> connection 0x7f6ad8005278
MOC-R4PCC04U05:558406:558549 [0] NCCL INFO New proxy recv connection 5 from local rank 0, transport 0
MOC-R4PCC04U05:558406:558619 [0] NCCL INFO Connected to proxy localRank 0 -> connection 0x7fc7d0005188
MOC-R4PCC04U05:558408:558544 [2] NCCL INFO New proxy send connection 7 from local rank 2, transport 0
MOC-R4PCC04U05:558408:558618 [2] NCCL INFO Connected to proxy localRank 2 -> connection 0x7fcf28005278
MOC-R4PCC04U05:558407:558543 [1] NCCL INFO New proxy recv connection 2 from local rank 1, transport 0
MOC-R4PCC04U05:558407:558621 [1] NCCL INFO Connected to proxy localRank 1 -> connection 0x7f6c50005020
MOC-R4PCC04U05:558406:558549 [0] NCCL INFO New proxy recv connection 6 from local rank 0, transport 0
MOC-R4PCC04U05:558406:558619 [0] NCCL INFO Connected to proxy localRank 0 -> connection 0x7fc7d0005200
MOC-R4PCC04U05:558406:558549 [0] NCCL INFO New proxy send connection 7 from local rank 3, transport 0
MOC-R4PCC04U05:558409:558620 [3] NCCL INFO Connected to proxy localRank 0 -> connection 0x7fc7d0005278
MOC-R4PCC04U05:558407:558543 [1] NCCL INFO New proxy recv connection 3 from local rank 1, transport 0
MOC-R4PCC04U05:558407:558621 [1] NCCL INFO Connected to proxy localRank 1 -> connection 0x7f6c50005098
MOC-R4PCC04U05:558406:558549 [0] NCCL INFO New proxy recv connection 8 from local rank 0, transport 0
MOC-R4PCC04U05:558406:558619 [0] NCCL INFO Connected to proxy localRank 0 -> connection 0x7fc7d00052f0
MOC-R4PCC04U05:558407:558543 [1] NCCL INFO New proxy send connection 4 from local rank 1, transport 0
MOC-R4PCC04U05:558407:558621 [1] NCCL INFO Connected to proxy localRank 1 -> connection 0x7f6c50005110
MOC-R4PCC04U05:558407:558543 [1] NCCL INFO New proxy send connection 5 from local rank 1, transport 0
MOC-R4PCC04U05:558407:558621 [1] NCCL INFO Connected to proxy localRank 1 -> connection 0x7f6c50005188
MOC-R4PCC04U05:558407:558543 [1] NCCL INFO New proxy send connection 6 from local rank 1, transport 0
MOC-R4PCC04U05:558407:558621 [1] NCCL INFO Connected to proxy localRank 1 -> connection 0x7f6c50005200
MOC-R4PCC04U05:558407:558543 [1] NCCL INFO New proxy send connection 7 from local rank 1, transport 0
MOC-R4PCC04U05:558407:558621 [1] NCCL INFO Connected to proxy localRank 1 -> connection 0x7f6c50005278
MOC-R4PCC04U05:558406:558549 [0] NCCL INFO New proxy send connection 9 from local rank 2, transport 0
MOC-R4PCC04U05:558408:558618 [2] NCCL INFO Connected to proxy localRank 0 -> connection 0x7fc7d0005368
MOC-R4PCC04U05:558408:558544 [2] NCCL INFO New proxy send connection 8 from local rank 0, transport 0
MOC-R4PCC04U05:558406:558619 [0] NCCL INFO Connected to proxy localRank 2 -> connection 0x7fcf280052f0
MOC-R4PCC04U05:558409:558545 [3] NCCL INFO New proxy send connection 8 from local rank 1, transport 0
MOC-R4PCC04U05:558407:558621 [1] NCCL INFO Connected to proxy localRank 3 -> connection 0x7f6ad80052f0
MOC-R4PCC04U05:558407:558543 [1] NCCL INFO New proxy send connection 8 from local rank 2, transport 0
MOC-R4PCC04U05:558408:558618 [2] NCCL INFO Connected to proxy localRank 1 -> connection 0x7f6c500052f0
MOC-R4PCC04U05:558409:558545 [3] NCCL INFO New proxy send connection 9 from local rank 0, transport 0
MOC-R4PCC04U05:558406:558619 [0] NCCL INFO Connected to proxy localRank 3 -> connection 0x7f6ad8005368
MOC-R4PCC04U05:558407:558543 [1] NCCL INFO New proxy send connection 9 from local rank 3, transport 0
MOC-R4PCC04U05:558409:558620 [3] NCCL INFO Connected to proxy localRank 1 -> connection 0x7f6c50005368
MOC-R4PCC04U05:558406:558549 [0] NCCL INFO New proxy send connection 10 from local rank 1, transport 0
MOC-R4PCC04U05:558407:558621 [1] NCCL INFO Connected to proxy localRank 0 -> connection 0x7fc7d00053e0
MOC-R4PCC04U05:558408:558544 [2] NCCL INFO New proxy send connection 9 from local rank 1, transport 0
MOC-R4PCC04U05:558407:558621 [1] NCCL INFO Connected to proxy localRank 2 -> connection 0x7fcf28005368
MOC-R4PCC04U05:558407:558543 [1] NCCL INFO New proxy send connection 10 from local rank 0, transport 0
MOC-R4PCC04U05:558406:558619 [0] NCCL INFO Connected to proxy localRank 1 -> connection 0x7f6c500053e0
num decayed parameter tensors: 50, with 124,318,464 parameters
num non-decayed parameter tensors: 98, with 121,344 parameters
using fused AdamW: False
using regular AdamW
MOC-R4PCC04U05:558406:558549 [0] NCCL INFO New proxy send connection 11 from local rank 0, transport 0
MOC-R4PCC04U05:558406:559283 [0] NCCL INFO Connected to proxy localRank 0 -> connection 0x7fc7d0005458
MOC-R4PCC04U05:558406:558549 [0] NCCL INFO New proxy send connection 12 from local rank 0, transport 0
MOC-R4PCC04U05:558406:559283 [0] NCCL INFO Connected to proxy localRank 0 -> connection 0x7fc7d00054d0
MOC-R4PCC04U05:558406:558549 [0] NCCL INFO New proxy send connection 13 from local rank 0, transport 0
MOC-R4PCC04U05:558406:559283 [0] NCCL INFO Connected to proxy localRank 0 -> connection 0x7fc7d0005548
MOC-R4PCC04U05:558406:558549 [0] NCCL INFO New proxy send connection 14 from local rank 0, transport 0
MOC-R4PCC04U05:558406:559283 [0] NCCL INFO Connected to proxy localRank 0 -> connection 0x7fc7d00055c0
MOC-R4PCC04U05:558408:558544 [2] NCCL INFO New proxy recv connection 10 from local rank 2, transport 0
MOC-R4PCC04U05:558408:559284 [2] NCCL INFO Connected to proxy localRank 2 -> connection 0x7fcf280053e0
MOC-R4PCC04U05:558408:558544 [2] NCCL INFO New proxy recv connection 11 from local rank 2, transport 0
MOC-R4PCC04U05:558408:559284 [2] NCCL INFO Connected to proxy localRank 2 -> connection 0x7fcf28005458
MOC-R4PCC04U05:558408:558544 [2] NCCL INFO New proxy recv connection 12 from local rank 2, transport 0
MOC-R4PCC04U05:558408:559284 [2] NCCL INFO Connected to proxy localRank 2 -> connection 0x7fcf280054d0
MOC-R4PCC04U05:558408:558544 [2] NCCL INFO New proxy recv connection 13 from local rank 2, transport 0
MOC-R4PCC04U05:558408:559284 [2] NCCL INFO Connected to proxy localRank 2 -> connection 0x7fcf28005548
MOC-R4PCC04U05:558409:558545 [3] NCCL INFO New proxy recv connection 10 from local rank 3, transport 0
MOC-R4PCC04U05:558409:559285 [3] NCCL INFO Connected to proxy localRank 3 -> connection 0x7f6ad80053e0
MOC-R4PCC04U05:558409:558545 [3] NCCL INFO New proxy recv connection 11 from local rank 3, transport 0
MOC-R4PCC04U05:558409:559285 [3] NCCL INFO Connected to proxy localRank 3 -> connection 0x7f6ad8005458
MOC-R4PCC04U05:558407:558543 [1] NCCL INFO New proxy recv connection 11 from local rank 1, transport 0
MOC-R4PCC04U05:558407:559286 [1] NCCL INFO Connected to proxy localRank 1 -> connection 0x7f6c50005458
MOC-R4PCC04U05:558407:558543 [1] NCCL INFO New proxy recv connection 12 from local rank 1, transport 0
MOC-R4PCC04U05:558407:559286 [1] NCCL INFO Connected to proxy localRank 1 -> connection 0x7f6c500054d0
MOC-R4PCC04U05:558407:558543 [1] NCCL INFO New proxy recv connection 13 from local rank 1, transport 0
MOC-R4PCC04U05:558407:559286 [1] NCCL INFO Connected to proxy localRank 1 -> connection 0x7f6c50005548
MOC-R4PCC04U05:558407:558543 [1] NCCL INFO New proxy recv connection 14 from local rank 1, transport 0
MOC-R4PCC04U05:558407:559286 [1] NCCL INFO Connected to proxy localRank 1 -> connection 0x7f6c500055c0
MOC-R4PCC04U05:558407:558543 [1] NCCL INFO New proxy send connection 15 from local rank 1, transport 0
MOC-R4PCC04U05:558407:559286 [1] NCCL INFO Connected to proxy localRank 1 -> connection 0x7f6c50005638
MOC-R4PCC04U05:558407:558543 [1] NCCL INFO New proxy send connection 16 from local rank 1, transport 0
MOC-R4PCC04U05:558407:559286 [1] NCCL INFO Connected to proxy localRank 1 -> connection 0x7f6c500056b0
MOC-R4PCC04U05:558407:558543 [1] NCCL INFO New proxy send connection 17 from local rank 1, transport 0
MOC-R4PCC04U05:558407:559286 [1] NCCL INFO Connected to proxy localRank 1 -> connection 0x7f6c50005728
MOC-R4PCC04U05:558407:558543 [1] NCCL INFO New proxy send connection 18 from local rank 1, transport 0
MOC-R4PCC04U05:558407:559286 [1] NCCL INFO Connected to proxy localRank 1 -> connection 0x7f6c500057a0
MOC-R4PCC04U05:558407:558543 [1] NCCL INFO New proxy recv connection 19 from local rank 1, transport 0
MOC-R4PCC04U05:558407:559286 [1] NCCL INFO Connected to proxy localRank 1 -> connection 0x7f6c50005818
MOC-R4PCC04U05:558406:558549 [0] NCCL INFO New proxy send connection 15 from local rank 0, transport 0
MOC-R4PCC04U05:558406:559283 [0] NCCL INFO Connected to proxy localRank 0 -> connection 0x7fc7d0005638
MOC-R4PCC04U05:558408:558544 [2] NCCL INFO New proxy send connection 14 from local rank 2, transport 0
MOC-R4PCC04U05:558408:559284 [2] NCCL INFO Connected to proxy localRank 2 -> connection 0x7fcf280055c0
MOC-R4PCC04U05:558407:558543 [1] NCCL INFO New proxy recv connection 20 from local rank 1, transport 0
MOC-R4PCC04U05:558407:559286 [1] NCCL INFO Connected to proxy localRank 1 -> connection 0x7f6c50005890
MOC-R4PCC04U05:558406:558549 [0] NCCL INFO New proxy send connection 16 from local rank 0, transport 0
MOC-R4PCC04U05:558406:559283 [0] NCCL INFO Connected to proxy localRank 0 -> connection 0x7fc7d00056b0
MOC-R4PCC04U05:558408:558544 [2] NCCL INFO New proxy send connection 15 from local rank 2, transport 0
MOC-R4PCC04U05:558408:559284 [2] NCCL INFO Connected to proxy localRank 2 -> connection 0x7fcf28005638
MOC-R4PCC04U05:558406:558549 [0] NCCL INFO New proxy recv connection 17 from local rank 0, transport 0
MOC-R4PCC04U05:558409:558545 [3] NCCL INFO New proxy recv connection 12 from local rank 3, transport 2
MOC-R4PCC04U05:558406:559283 [0] NCCL INFO Connected to proxy localRank 0 -> connection 0x7fc7d0005728
MOC-R4PCC04U05:558409:559285 [3] NCCL INFO Connected to proxy localRank 3 -> connection 0x7f6ad80054d0
MOC-R4PCC04U05:558406:558549 [0] NCCL INFO New proxy recv connection 18 from local rank 0, transport 0
MOC-R4PCC04U05:558406:559283 [0] NCCL INFO Connected to proxy localRank 0 -> connection 0x7fc7d00057a0
MOC-R4PCC04U05:558409:559285 [3] NCCL INFO Channel 00/0 : 11[3] -> 3[3] [receive] via NET/Socket/0
MOC-R4PCC04U05:558409:558545 [3] NCCL INFO New proxy recv connection 13 from local rank 3, transport 2
MOC-R4PCC04U05:558409:559285 [3] NCCL INFO Connected to proxy localRank 3 -> connection 0x7f6ad8005548
MOC-R4PCC04U05:558409:559285 [3] NCCL INFO Channel 01/0 : 11[3] -> 3[3] [receive] via NET/Socket/0
MOC-R4PCC04U05:558409:558545 [3] NCCL INFO New proxy recv connection 14 from local rank 3, transport 2
MOC-R4PCC04U05:558409:559285 [3] NCCL INFO Connected to proxy localRank 3 -> connection 0x7f6ad80055c0
MOC-R4PCC04U05:558409:559285 [3] NCCL INFO Channel 02/0 : 11[3] -> 3[3] [receive] via NET/Socket/0
MOC-R4PCC04U05:558409:558545 [3] NCCL INFO New proxy recv connection 15 from local rank 3, transport 2
MOC-R4PCC04U05:558409:559285 [3] NCCL INFO Connected to proxy localRank 3 -> connection 0x7f6ad8005638
MOC-R4PCC04U05:558409:559285 [3] NCCL INFO Channel 03/0 : 11[3] -> 3[3] [receive] via NET/Socket/0
MOC-R4PCC04U05:558409:558545 [3] NCCL INFO New proxy send connection 16 from local rank 3, transport 2
MOC-R4PCC04U05:558409:559285 [3] NCCL INFO Connected to proxy localRank 3 -> connection 0x7f6ad80056b0
MOC-R4PCC04U05:558409:559285 [3] NCCL INFO Channel 02/0 : 3[3] -> 7[3] [send] via NET/Socket/0
MOC-R4PCC04U05:558409:558545 [3] NCCL INFO New proxy send connection 17 from local rank 3, transport 2
MOC-R4PCC04U05:558409:559285 [3] NCCL INFO Connected to proxy localRank 3 -> connection 0x7f6ad8005728
MOC-R4PCC04U05:558409:559285 [3] NCCL INFO Channel 03/0 : 3[3] -> 7[3] [send] via NET/Socket/0
MOC-R4PCC04U05:558406:558549 [0] NCCL INFO New proxy recv connection 19 from local rank 0, transport 0
MOC-R4PCC04U05:558406:559283 [0] NCCL INFO Connected to proxy localRank 0 -> connection 0x7fc7d0005818
MOC-R4PCC04U05:558409:558545 [3] NCCL INFO New proxy recv connection 18 from local rank 3, transport 2
MOC-R4PCC04U05:558409:559285 [3] NCCL INFO Connected to proxy localRank 3 -> connection 0x7f6ad80057a0
MOC-R4PCC04U05:558409:559285 [3] NCCL INFO Channel 02/0 : 7[3] -> 3[3] [receive] via NET/Socket/0
MOC-R4PCC04U05:558409:558545 [3] NCCL INFO New proxy recv connection 19 from local rank 3, transport 2
MOC-R4PCC04U05:558409:559285 [3] NCCL INFO Connected to proxy localRank 3 -> connection 0x7f6ad8005818
MOC-R4PCC04U05:558409:559285 [3] NCCL INFO Channel 03/0 : 7[3] -> 3[3] [receive] via NET/Socket/0
MOC-R4PCC04U05:558409:558545 [3] NCCL INFO New proxy send connection 20 from local rank 3, transport 2
MOC-R4PCC04U05:558409:559285 [3] NCCL INFO Connected to proxy localRank 3 -> connection 0x7f6ad8005890
MOC-R4PCC04U05:558409:559285 [3] NCCL INFO Channel 00/0 : 3[3] -> 11[3] [send] via NET/Socket/0
MOC-R4PCC04U05:558409:558545 [3] NCCL INFO New proxy send connection 21 from local rank 3, transport 2
MOC-R4PCC04U05:558409:559285 [3] NCCL INFO Connected to proxy localRank 3 -> connection 0x7f6ad8005908
MOC-R4PCC04U05:558409:559285 [3] NCCL INFO Channel 01/0 : 3[3] -> 11[3] [send] via NET/Socket/0
MOC-R4PCC04U05:558409:558545 [3] NCCL INFO New proxy send connection 22 from local rank 3, transport 2
MOC-R4PCC04U05:558409:559285 [3] NCCL INFO Connected to proxy localRank 3 -> connection 0x7f6ad8005980
MOC-R4PCC04U05:558409:559285 [3] NCCL INFO Channel 02/0 : 3[3] -> 11[3] [send] via NET/Socket/0
MOC-R4PCC04U05:558409:558545 [3] NCCL INFO New proxy send connection 23 from local rank 3, transport 2
MOC-R4PCC04U05:558409:559285 [3] NCCL INFO Connected to proxy localRank 3 -> connection 0x7f6ad80059f8
MOC-R4PCC04U05:558406:558549 [0] NCCL INFO New proxy recv connection 20 from local rank 0, transport 0
MOC-R4PCC04U05:558406:559283 [0] NCCL INFO Connected to proxy localRank 0 -> connection 0x7fc7d0005890
MOC-R4PCC04U05:558409:559285 [3] NCCL INFO Channel 03/0 : 3[3] -> 11[3] [send] via NET/Socket/0
MOC-R4PCC04U05:558409:558545 [3] NCCL INFO New proxy send connection 24 from local rank 3, transport 0
MOC-R4PCC04U05:558409:559285 [3] NCCL INFO Connected to proxy localRank 3 -> connection 0x7f6ad8005a70
MOC-R4PCC04U05:558409:558545 [3] NCCL INFO New proxy send connection 25 from local rank 3, transport 0
MOC-R4PCC04U05:558409:559285 [3] NCCL INFO Connected to proxy localRank 3 -> connection 0x7f6ad8005ae8
MOC-R4PCC04U05:558409:558545 [3] NCCL INFO New proxy send connection 26 from local rank 3, transport 0
MOC-R4PCC04U05:558409:559285 [3] NCCL INFO Connected to proxy localRank 3 -> connection 0x7f6ad8005b60
MOC-R4PCC04U05:558409:558545 [3] NCCL INFO New proxy send connection 27 from local rank 3, transport 0
MOC-R4PCC04U05:558409:559285 [3] NCCL INFO Connected to proxy localRank 3 -> connection 0x7f6ad8005bd8
step    1/10 | train loss 11.009265 | norm 15.3268 | lr 1.00e-04 | (15413.36 ms | 204091 tok/s)
step    2/10 | train loss 10.139996 | norm 5.7240 | lr 1.00e-04 | (683.33 ms | 4603499 tok/s)
step    3/10 | train loss 9.800571 | norm 2.6000 | lr 1.00e-04 | (685.73 ms | 4587394 tok/s)
step    4/10 | train loss 9.631748 | norm 2.1088 | lr 1.00e-04 | (682.90 ms | 4606448 tok/s)
step    5/10 | train loss 9.549011 | norm 2.0997 | lr 1.00e-04 | (685.11 ms | 4591570 tok/s)
step    6/10 | train loss 9.468159 | norm 1.9943 | lr 1.00e-04 | (683.25 ms | 4604050 tok/s)
step    7/10 | train loss 9.382836 | norm 1.9455 | lr 1.00e-04 | (688.05 ms | 4571947 tok/s)
step    8/10 | train loss 9.291338 | norm 1.9113 | lr 1.00e-04 | (680.00 ms | 4626090 tok/s)
step    9/10 | train loss 9.196154 | norm 1.8552 | lr 1.00e-04 | (682.55 ms | 4608780 tok/s)
step   10/10 | train loss 9.111105 | norm 1.7914 | lr 1.00e-04 | (681.15 ms | 4618233 tok/s)
final 9 iters avg: 683.564ms
peak memory consumption: 16601 MiB
