Running pytorch 2.7.0+cu126
using device: cuda:0
total desired batch size: 2359296
=> calculated gradient accumulation steps: 9
using device: cuda:1
using device: cuda:3
using device: cuda:2
compiling the model...
DataLoader: total number of tokens: 1,661,249,667 across 103 files
MOC-R4PCC04U05:462213:462213 [0] NCCL INFO NCCL_SOCKET_IFNAME set to eno7np0
MOC-R4PCC04U05:462213:462213 [0] NCCL INFO NCCL version 2.26.2+cuda12.2
MOC-R4PCC04U05:462213:462256 [0] NCCL INFO NET/Plugin: Could not find: libnccl-net.so. Using internal net plugin.
MOC-R4PCC04U05:462213:462256 [0] NCCL INFO NCCL_IB_HCA set to mlx5_5
MOC-R4PCC04U05:462214:462214 [1] NCCL INFO NCCL_SOCKET_IFNAME set to eno7np0
MOC-R4PCC04U05:462214:462214 [1] NCCL INFO NCCL version 2.26.2+cuda12.2
MOC-R4PCC04U05:462215:462215 [2] NCCL INFO NCCL_SOCKET_IFNAME set to eno7np0
MOC-R4PCC04U05:462215:462215 [2] NCCL INFO NCCL version 2.26.2+cuda12.2
MOC-R4PCC04U05:462216:462216 [3] NCCL INFO NCCL_SOCKET_IFNAME set to eno7np0
MOC-R4PCC04U05:462216:462216 [3] NCCL INFO NCCL version 2.26.2+cuda12.2
MOC-R4PCC04U05:462213:462256 [0] NCCL INFO NET/IB : Made virtual device [0] name=mlx5_5 speed=400000 ndevs=1
MOC-R4PCC04U05:462213:462256 [0] NCCL INFO NET/IB : Using [0]mlx5_5:1/RoCE [RO]; OOB eno7np0:192.168.50.193<0>
MOC-R4PCC04U05:462214:462257 [1] NCCL INFO NET/Plugin: Could not find: libnccl-net.so. Using internal net plugin.
MOC-R4PCC04U05:462214:462257 [1] NCCL INFO NCCL_IB_HCA set to mlx5_5
MOC-R4PCC04U05:462215:462258 [2] NCCL INFO NET/Plugin: Could not find: libnccl-net.so. Using internal net plugin.
MOC-R4PCC04U05:462215:462258 [2] NCCL INFO NCCL_IB_HCA set to mlx5_5
MOC-R4PCC04U05:462216:462259 [3] NCCL INFO NET/Plugin: Could not find: libnccl-net.so. Using internal net plugin.
MOC-R4PCC04U05:462216:462259 [3] NCCL INFO NCCL_IB_HCA set to mlx5_5
MOC-R4PCC04U05:462214:462257 [1] NCCL INFO NET/IB : Made virtual device [0] name=mlx5_5 speed=400000 ndevs=1
MOC-R4PCC04U05:462214:462257 [1] NCCL INFO NET/IB : Using [0]mlx5_5:1/RoCE [RO]; OOB eno7np0:192.168.50.193<0>
MOC-R4PCC04U05:462215:462258 [2] NCCL INFO NET/IB : Made virtual device [0] name=mlx5_5 speed=400000 ndevs=1
MOC-R4PCC04U05:462215:462258 [2] NCCL INFO NET/IB : Using [0]mlx5_5:1/RoCE [RO]; OOB eno7np0:192.168.50.193<0>
MOC-R4PCC04U05:462216:462259 [3] NCCL INFO NET/IB : Made virtual device [0] name=mlx5_5 speed=400000 ndevs=1
MOC-R4PCC04U05:462216:462259 [3] NCCL INFO NET/IB : Using [0]mlx5_5:1/RoCE [RO]; OOB eno7np0:192.168.50.193<0>
MOC-R4PCC04U05:462216:462259 [3] NCCL INFO NET/IB : GPU Direct RDMA Enabled for HCA 0 'mlx5_5'
MOC-R4PCC04U05:462216:462259 [3] NCCL INFO NET/IB : Made virtual device [1] name=mlx5_5 speed=400000 ndevs=1
MOC-R4PCC04U05:462216:462259 [3] NCCL INFO NET/IB : GPU Direct RDMA Enabled for HCA 0 'mlx5_5'
MOC-R4PCC04U05:462216:462259 [3] NCCL INFO NET/IB : GPU Direct RDMA Enabled for HCA 1 'mlx5_5'
MOC-R4PCC04U05:462214:462257 [1] NCCL INFO NET/IB : GPU Direct RDMA Enabled for HCA 0 'mlx5_5'
MOC-R4PCC04U05:462214:462257 [1] NCCL INFO NET/IB : Made virtual device [1] name=mlx5_5 speed=400000 ndevs=1
MOC-R4PCC04U05:462214:462257 [1] NCCL INFO NET/IB : GPU Direct RDMA Enabled for HCA 0 'mlx5_5'
MOC-R4PCC04U05:462214:462257 [1] NCCL INFO NET/IB : GPU Direct RDMA Enabled for HCA 1 'mlx5_5'
MOC-R4PCC04U05:462215:462258 [2] NCCL INFO NET/IB : GPU Direct RDMA Enabled for HCA 0 'mlx5_5'
MOC-R4PCC04U05:462215:462258 [2] NCCL INFO NET/IB : Made virtual device [1] name=mlx5_5 speed=400000 ndevs=1
MOC-R4PCC04U05:462215:462258 [2] NCCL INFO NET/IB : GPU Direct RDMA Enabled for HCA 0 'mlx5_5'
MOC-R4PCC04U05:462215:462258 [2] NCCL INFO NET/IB : GPU Direct RDMA Enabled for HCA 1 'mlx5_5'
MOC-R4PCC04U05:462213:462256 [0] NCCL INFO NET/IB : GPU Direct RDMA Enabled for HCA 0 'mlx5_5'
MOC-R4PCC04U05:462213:462256 [0] NCCL INFO NET/IB : Made virtual device [1] name=mlx5_5 speed=400000 ndevs=1
MOC-R4PCC04U05:462213:462256 [0] NCCL INFO NET/IB : GPU Direct RDMA Enabled for HCA 0 'mlx5_5'
MOC-R4PCC04U05:462213:462256 [0] NCCL INFO NET/IB : GPU Direct RDMA Enabled for HCA 1 'mlx5_5'
MOC-R4PCC04U05:462215:462258 [2] NCCL INFO NCCL_NET_GDR_LEVEL set by environment to LOC
MOC-R4PCC04U05:462215:462258 [2] NCCL INFO GPU Direct RDMA Disabled for GPU 0 / HCA 1 (distance 5 > 0)
MOC-R4PCC04U05:462215:462258 [2] NCCL INFO GPU Direct RDMA Disabled for GPU 1 / HCA 1 (distance 5 > 0)
MOC-R4PCC04U05:462215:462258 [2] NCCL INFO GPU Direct RDMA Disabled for GPU 2 / HCA 1 (distance 5 > 0)
MOC-R4PCC04U05:462215:462258 [2] NCCL INFO GPU Direct RDMA Disabled for GPU 0 / HCA 1 (distance 5 > 0)
MOC-R4PCC04U05:462215:462258 [2] NCCL INFO GPU Direct RDMA Disabled for GPU 1 / HCA 1 (distance 5 > 0)
MOC-R4PCC04U05:462215:462258 [2] NCCL INFO GPU Direct RDMA Disabled for GPU 2 / HCA 1 (distance 5 > 0)
MOC-R4PCC04U05:462213:462256 [0] NCCL INFO NCCL_NET_GDR_LEVEL set by environment to LOC
MOC-R4PCC04U05:462213:462256 [0] NCCL INFO GPU Direct RDMA Disabled for GPU 0 / HCA 1 (distance 5 > 0)
MOC-R4PCC04U05:462213:462256 [0] NCCL INFO GPU Direct RDMA Disabled for GPU 1 / HCA 1 (distance 5 > 0)
MOC-R4PCC04U05:462213:462256 [0] NCCL INFO GPU Direct RDMA Disabled for GPU 2 / HCA 1 (distance 5 > 0)
MOC-R4PCC04U05:462213:462256 [0] NCCL INFO GPU Direct RDMA Disabled for GPU 0 / HCA 1 (distance 5 > 0)
MOC-R4PCC04U05:462213:462256 [0] NCCL INFO GPU Direct RDMA Disabled for GPU 1 / HCA 1 (distance 5 > 0)
MOC-R4PCC04U05:462213:462256 [0] NCCL INFO GPU Direct RDMA Disabled for GPU 2 / HCA 1 (distance 5 > 0)
MOC-R4PCC04U05:462214:462257 [1] NCCL INFO NCCL_NET_GDR_LEVEL set by environment to LOC
MOC-R4PCC04U05:462214:462257 [1] NCCL INFO GPU Direct RDMA Disabled for GPU 0 / HCA 1 (distance 5 > 0)
MOC-R4PCC04U05:462214:462257 [1] NCCL INFO GPU Direct RDMA Disabled for GPU 1 / HCA 1 (distance 5 > 0)
MOC-R4PCC04U05:462214:462257 [1] NCCL INFO GPU Direct RDMA Disabled for GPU 2 / HCA 1 (distance 5 > 0)
MOC-R4PCC04U05:462214:462257 [1] NCCL INFO GPU Direct RDMA Disabled for GPU 0 / HCA 1 (distance 5 > 0)
MOC-R4PCC04U05:462214:462257 [1] NCCL INFO GPU Direct RDMA Disabled for GPU 1 / HCA 1 (distance 5 > 0)
MOC-R4PCC04U05:462214:462257 [1] NCCL INFO GPU Direct RDMA Disabled for GPU 2 / HCA 1 (distance 5 > 0)
MOC-R4PCC04U05:462216:462259 [3] NCCL INFO NCCL_NET_GDR_LEVEL set by environment to LOC
MOC-R4PCC04U05:462216:462259 [3] NCCL INFO GPU Direct RDMA Disabled for GPU 0 / HCA 1 (distance 5 > 0)
MOC-R4PCC04U05:462216:462259 [3] NCCL INFO GPU Direct RDMA Disabled for GPU 1 / HCA 1 (distance 5 > 0)
MOC-R4PCC04U05:462216:462259 [3] NCCL INFO GPU Direct RDMA Disabled for GPU 2 / HCA 1 (distance 5 > 0)
MOC-R4PCC04U05:462216:462259 [3] NCCL INFO GPU Direct RDMA Disabled for GPU 0 / HCA 1 (distance 5 > 0)
MOC-R4PCC04U05:462216:462259 [3] NCCL INFO GPU Direct RDMA Disabled for GPU 1 / HCA 1 (distance 5 > 0)
MOC-R4PCC04U05:462216:462259 [3] NCCL INFO GPU Direct RDMA Disabled for GPU 2 / HCA 1 (distance 5 > 0)
MOC-R4PCC04U05:462215:462274 [2] NCCL INFO New proxy recv connection 0 from local rank 2, transport 0
MOC-R4PCC04U05:462215:462280 [2] NCCL INFO Connected to proxy localRank 2 -> connection 0x7f54bc004f30
MOC-R4PCC04U05:462216:462273 [3] NCCL INFO New proxy recv connection 0 from local rank 3, transport 0
MOC-R4PCC04U05:462216:462281 [3] NCCL INFO Connected to proxy localRank 3 -> connection 0x7f49d8004f30
MOC-R4PCC04U05:462215:462274 [2] NCCL INFO New proxy recv connection 1 from local rank 2, transport 0
MOC-R4PCC04U05:462215:462280 [2] NCCL INFO Connected to proxy localRank 2 -> connection 0x7f54bc004fa8
MOC-R4PCC04U05:462214:462277 [1] NCCL INFO New proxy recv connection 0 from local rank 1, transport 0
MOC-R4PCC04U05:462214:462282 [1] NCCL INFO Connected to proxy localRank 1 -> connection 0x7f9ea0004f30
MOC-R4PCC04U05:462216:462273 [3] NCCL INFO New proxy recv connection 1 from local rank 3, transport 0
MOC-R4PCC04U05:462216:462281 [3] NCCL INFO Connected to proxy localRank 3 -> connection 0x7f49d8004fa8
MOC-R4PCC04U05:462214:462277 [1] NCCL INFO New proxy recv connection 1 from local rank 1, transport 0
MOC-R4PCC04U05:462214:462282 [1] NCCL INFO Connected to proxy localRank 1 -> connection 0x7f9ea0004fa8
MOC-R4PCC04U05:462216:462281 [3] NCCL INFO GPU Direct RDMA Disabled for GPU 3 / HCA 1 (distance 7 > 0)
MOC-R4PCC04U05:462213:462272 [0] NCCL INFO New proxy send connection 0 from local rank 0, transport 0
MOC-R4PCC04U05:462213:462283 [0] NCCL INFO Connected to proxy localRank 0 -> connection 0x7f08d8004f30
MOC-R4PCC04U05:462213:462272 [0] NCCL INFO New proxy send connection 1 from local rank 0, transport 0
MOC-R4PCC04U05:462213:462283 [0] NCCL INFO Connected to proxy localRank 0 -> connection 0x7f08d8004fa8
MOC-R4PCC04U05:462215:462280 [2] NCCL INFO GPU Direct RDMA Disabled for GPU 2 / HCA 1 (distance 7 > 0)
MOC-R4PCC04U05:462213:462272 [0] NCCL INFO New proxy send connection 2 from local rank 0, transport 0
MOC-R4PCC04U05:462213:462283 [0] NCCL INFO Connected to proxy localRank 0 -> connection 0x7f08d8005020
MOC-R4PCC04U05:462213:462272 [0] NCCL INFO New proxy send connection 3 from local rank 0, transport 0
MOC-R4PCC04U05:462213:462283 [0] NCCL INFO Connected to proxy localRank 0 -> connection 0x7f08d8005098
MOC-R4PCC04U05:462216:462273 [3] NCCL INFO New proxy send connection 2 from local rank 3, transport 2
MOC-R4PCC04U05:462216:462281 [3] NCCL INFO Connected to proxy localRank 3 -> connection 0x7f49d8005020
MOC-R4PCC04U05:462216:462281 [3] NCCL INFO Channel 00/0 : 3[3] -> 6[2] [send] via NET/IB/1
MOC-R4PCC04U05:462216:462281 [3] NCCL INFO GPU Direct RDMA Disabled for GPU 3 / HCA 1 (distance 7 > 0)
MOC-R4PCC04U05:462216:462273 [3] NCCL INFO New proxy send connection 3 from local rank 3, transport 2
MOC-R4PCC04U05:462216:462281 [3] NCCL INFO Connected to proxy localRank 3 -> connection 0x7f49d8005098
MOC-R4PCC04U05:462216:462281 [3] NCCL INFO Channel 02/0 : 3[3] -> 6[2] [send] via NET/IB/1
MOC-R4PCC04U05:462213:462272 [0] NCCL INFO New proxy recv connection 4 from local rank 0, transport 0
MOC-R4PCC04U05:462213:462283 [0] NCCL INFO Connected to proxy localRank 0 -> connection 0x7f08d8005110
MOC-R4PCC04U05:462213:462272 [0] NCCL INFO New proxy recv connection 5 from local rank 0, transport 0
MOC-R4PCC04U05:462213:462283 [0] NCCL INFO Connected to proxy localRank 0 -> connection 0x7f08d8005188
MOC-R4PCC04U05:462213:462272 [0] NCCL INFO New proxy recv connection 6 from local rank 0, transport 0
MOC-R4PCC04U05:462213:462283 [0] NCCL INFO Connected to proxy localRank 0 -> connection 0x7f08d8005200
MOC-R4PCC04U05:462215:462274 [2] NCCL INFO New proxy recv connection 2 from local rank 2, transport 2
MOC-R4PCC04U05:462215:462280 [2] NCCL INFO Connected to proxy localRank 2 -> connection 0x7f54bc005020
MOC-R4PCC04U05:462215:462280 [2] NCCL INFO Channel 00/0 : 7[3] -> 2[2] [receive] via NET/IB/1
MOC-R4PCC04U05:462215:462280 [2] NCCL INFO GPU Direct RDMA Disabled for GPU 2 / HCA 1 (distance 7 > 0)
MOC-R4PCC04U05:462215:462274 [2] NCCL INFO New proxy recv connection 3 from local rank 2, transport 2
MOC-R4PCC04U05:462215:462280 [2] NCCL INFO Connected to proxy localRank 2 -> connection 0x7f54bc005098
MOC-R4PCC04U05:462215:462280 [2] NCCL INFO Channel 02/0 : 7[3] -> 2[2] [receive] via NET/IB/1
MOC-R4PCC04U05:462213:462272 [0] NCCL INFO New proxy recv connection 7 from local rank 0, transport 0
MOC-R4PCC04U05:462213:462283 [0] NCCL INFO Connected to proxy localRank 0 -> connection 0x7f08d8005278
MOC-R4PCC04U05:462216:462281 [3] NCCL INFO GPU Direct RDMA Disabled for GPU 3 / HCA 1 (distance 7 > 0)
MOC-R4PCC04U05:462216:462273 [3] NCCL INFO New proxy recv connection 4 from local rank 3, transport 2
MOC-R4PCC04U05:462216:462281 [3] NCCL INFO Connected to proxy localRank 3 -> connection 0x7f49d8005110
MOC-R4PCC04U05:462216:462281 [3] NCCL INFO Channel 01/0 : 6[2] -> 3[3] [receive] via NET/IB/1
MOC-R4PCC04U05:462216:462281 [3] NCCL INFO GPU Direct RDMA Disabled for GPU 3 / HCA 1 (distance 7 > 0)
MOC-R4PCC04U05:462216:462273 [3] NCCL INFO New proxy recv connection 5 from local rank 3, transport 2
MOC-R4PCC04U05:462216:462281 [3] NCCL INFO Connected to proxy localRank 3 -> connection 0x7f49d8005188
MOC-R4PCC04U05:462216:462281 [3] NCCL INFO Channel 03/0 : 6[2] -> 3[3] [receive] via NET/IB/1
MOC-R4PCC04U05:462216:462273 [3] NCCL INFO New proxy send connection 6 from local rank 3, transport 0
MOC-R4PCC04U05:462216:462281 [3] NCCL INFO Connected to proxy localRank 3 -> connection 0x7f49d8005200
MOC-R4PCC04U05:462216:462273 [3] NCCL INFO New proxy send connection 7 from local rank 3, transport 0
MOC-R4PCC04U05:462216:462281 [3] NCCL INFO Connected to proxy localRank 3 -> connection 0x7f49d8005278
MOC-R4PCC04U05:462214:462277 [1] NCCL INFO New proxy recv connection 2 from local rank 1, transport 0
MOC-R4PCC04U05:462214:462282 [1] NCCL INFO Connected to proxy localRank 1 -> connection 0x7f9ea0005020
MOC-R4PCC04U05:462213:462272 [0] NCCL INFO New proxy send connection 8 from local rank 3, transport 0
MOC-R4PCC04U05:462216:462281 [3] NCCL INFO Connected to proxy localRank 0 -> connection 0x7f08d80052f0
MOC-R4PCC04U05:462214:462277 [1] NCCL INFO New proxy recv connection 3 from local rank 1, transport 0
MOC-R4PCC04U05:462214:462282 [1] NCCL INFO Connected to proxy localRank 1 -> connection 0x7f9ea0005098
MOC-R4PCC04U05:462215:462280 [2] NCCL INFO GPU Direct RDMA Disabled for GPU 2 / HCA 1 (distance 7 > 0)
MOC-R4PCC04U05:462215:462274 [2] NCCL INFO New proxy send connection 4 from local rank 2, transport 2
MOC-R4PCC04U05:462215:462280 [2] NCCL INFO Connected to proxy localRank 2 -> connection 0x7f54bc005110
MOC-R4PCC04U05:462215:462280 [2] NCCL INFO Channel 01/0 : 2[2] -> 7[3] [send] via NET/IB/1
MOC-R4PCC04U05:462215:462280 [2] NCCL INFO GPU Direct RDMA Disabled for GPU 2 / HCA 1 (distance 7 > 0)
MOC-R4PCC04U05:462215:462274 [2] NCCL INFO New proxy send connection 5 from local rank 2, transport 2
MOC-R4PCC04U05:462215:462280 [2] NCCL INFO Connected to proxy localRank 2 -> connection 0x7f54bc005188
MOC-R4PCC04U05:462215:462280 [2] NCCL INFO Channel 03/0 : 2[2] -> 7[3] [send] via NET/IB/1
MOC-R4PCC04U05:462215:462274 [2] NCCL INFO New proxy send connection 6 from local rank 2, transport 0
MOC-R4PCC04U05:462215:462280 [2] NCCL INFO Connected to proxy localRank 2 -> connection 0x7f54bc005200
MOC-R4PCC04U05:462214:462277 [1] NCCL INFO New proxy send connection 4 from local rank 1, transport 0
MOC-R4PCC04U05:462214:462282 [1] NCCL INFO Connected to proxy localRank 1 -> connection 0x7f9ea0005110
MOC-R4PCC04U05:462215:462274 [2] NCCL INFO New proxy send connection 7 from local rank 2, transport 0
MOC-R4PCC04U05:462214:462277 [1] NCCL INFO New proxy send connection 5 from local rank 1, transport 0
MOC-R4PCC04U05:462215:462280 [2] NCCL INFO Connected to proxy localRank 2 -> connection 0x7f54bc005278
MOC-R4PCC04U05:462214:462282 [1] NCCL INFO Connected to proxy localRank 1 -> connection 0x7f9ea0005188
MOC-R4PCC04U05:462214:462277 [1] NCCL INFO New proxy send connection 6 from local rank 1, transport 0
MOC-R4PCC04U05:462214:462282 [1] NCCL INFO Connected to proxy localRank 1 -> connection 0x7f9ea0005200
MOC-R4PCC04U05:462214:462277 [1] NCCL INFO New proxy send connection 7 from local rank 1, transport 0
MOC-R4PCC04U05:462214:462282 [1] NCCL INFO Connected to proxy localRank 1 -> connection 0x7f9ea0005278
MOC-R4PCC04U05:462216:462273 [3] NCCL INFO New proxy send connection 8 from local rank 1, transport 0
MOC-R4PCC04U05:462214:462282 [1] NCCL INFO Connected to proxy localRank 3 -> connection 0x7f49d80052f0
MOC-R4PCC04U05:462213:462272 [0] NCCL INFO New proxy send connection 9 from local rank 2, transport 0
MOC-R4PCC04U05:462215:462274 [2] NCCL INFO New proxy send connection 8 from local rank 0, transport 0
MOC-R4PCC04U05:462215:462280 [2] NCCL INFO Connected to proxy localRank 0 -> connection 0x7f08d8005368
MOC-R4PCC04U05:462213:462283 [0] NCCL INFO Connected to proxy localRank 2 -> connection 0x7f54bc0052f0
MOC-R4PCC04U05:462213:462272 [0] NCCL INFO New proxy send connection 10 from local rank 1, transport 0
MOC-R4PCC04U05:462214:462282 [1] NCCL INFO Connected to proxy localRank 0 -> connection 0x7f08d80053e0
MOC-R4PCC04U05:462214:462277 [1] NCCL INFO New proxy send connection 8 from local rank 3, transport 0
MOC-R4PCC04U05:462214:462277 [1] NCCL INFO New proxy send connection 9 from local rank 2, transport 0
MOC-R4PCC04U05:462216:462281 [3] NCCL INFO Connected to proxy localRank 1 -> connection 0x7f9ea00052f0
MOC-R4PCC04U05:462215:462280 [2] NCCL INFO Connected to proxy localRank 1 -> connection 0x7f9ea0005368
MOC-R4PCC04U05:462216:462273 [3] NCCL INFO New proxy send connection 9 from local rank 0, transport 0
MOC-R4PCC04U05:462213:462283 [0] NCCL INFO Connected to proxy localRank 3 -> connection 0x7f49d8005368
MOC-R4PCC04U05:462215:462274 [2] NCCL INFO NET/IB: NCCL Dev 1 IbDev 0 Port 1 qpn 6930 mtu 3 query_ece={supported=1, vendor_id=0x15b3, options=0x30000002, comp_mask=0x0} GID 3 (0/C132A8C0FFFF0000) fifoRkey=0x175412 fifoLkey=0x175412
MOC-R4PCC04U05:462215:462274 [2] NCCL INFO NET/IB: NCCL Dev 1 IbDev 0 Port 1 qpn 6931 mtu 3 query_ece={supported=1, vendor_id=0x15b3, options=0x30000002, comp_mask=0x0} GID 3 (0/C132A8C0FFFF0000) fifoRkey=0x177837 fifoLkey=0x177837
MOC-R4PCC04U05:462216:462273 [3] NCCL INFO NET/IB: NCCL Dev 1 IbDev 0 Port 1 qpn 6932 mtu 3 query_ece={supported=1, vendor_id=0x15b3, options=0x30000002, comp_mask=0x0} GID 3 (0/C132A8C0FFFF0000) fifoRkey=0x17cb8a fifoLkey=0x17cb8a
MOC-R4PCC04U05:462216:462273 [3] NCCL INFO NET/IB: NCCL Dev 1 IbDev 0 Port 1 qpn 6933 mtu 3 query_ece={supported=1, vendor_id=0x15b3, options=0x30000002, comp_mask=0x0} GID 3 (0/C132A8C0FFFF0000) fifoRkey=0x1722e1 fifoLkey=0x1722e1
MOC-R4PCC04U05:462216:462273 [3] NCCL INFO NET/IB: IbDev 0 Port 1 qpn 7168 set_ece={supported=1, vendor_id=0x15b3, options=0x0, comp_mask=0x0}
MOC-R4PCC04U05:462215:462274 [2] NCCL INFO New proxy send connection 9 from local rank 1, transport 0
MOC-R4PCC04U05:462214:462282 [1] NCCL INFO Connected to proxy localRank 2 -> connection 0x7f54bc005368
MOC-R4PCC04U05:462215:462274 [2] NCCL INFO NET/IB: IbDev 0 Port 1 qpn 7174 set_ece={supported=1, vendor_id=0x15b3, options=0x0, comp_mask=0x0}
MOC-R4PCC04U05:462216:462273 [3] NCCL INFO NET/IB: IbDev 0 Port 1 qpn 7170 set_ece={supported=1, vendor_id=0x15b3, options=0x0, comp_mask=0x0}
MOC-R4PCC04U05:462215:462274 [2] NCCL INFO NET/IB: IbDev 0 Port 1 qpn 7176 set_ece={supported=1, vendor_id=0x15b3, options=0x0, comp_mask=0x0}
MOC-R4PCC04U05:462214:462277 [1] NCCL INFO New proxy send connection 10 from local rank 0, transport 0
MOC-R4PCC04U05:462213:462283 [0] NCCL INFO Connected to proxy localRank 1 -> connection 0x7f9ea00053e0
num decayed parameter tensors: 50, with 124,318,464 parameters
num non-decayed parameter tensors: 98, with 121,344 parameters
using fused AdamW: False
using regular AdamW
MOC-R4PCC04U05:462213:462272 [0] NCCL INFO New proxy send connection 11 from local rank 0, transport 0
MOC-R4PCC04U05:462213:462976 [0] NCCL INFO Connected to proxy localRank 0 -> connection 0x7f08d8005458
MOC-R4PCC04U05:462215:462274 [2] NCCL INFO New proxy recv connection 10 from local rank 2, transport 0
MOC-R4PCC04U05:462215:462977 [2] NCCL INFO Connected to proxy localRank 2 -> connection 0x7f54bc0053e0
MOC-R4PCC04U05:462213:462272 [0] NCCL INFO New proxy send connection 12 from local rank 0, transport 0
MOC-R4PCC04U05:462213:462976 [0] NCCL INFO Connected to proxy localRank 0 -> connection 0x7f08d80054d0
MOC-R4PCC04U05:462215:462274 [2] NCCL INFO New proxy recv connection 11 from local rank 2, transport 0
MOC-R4PCC04U05:462215:462977 [2] NCCL INFO Connected to proxy localRank 2 -> connection 0x7f54bc005458
MOC-R4PCC04U05:462213:462272 [0] NCCL INFO New proxy send connection 13 from local rank 0, transport 0
MOC-R4PCC04U05:462213:462976 [0] NCCL INFO Connected to proxy localRank 0 -> connection 0x7f08d8005548
MOC-R4PCC04U05:462215:462274 [2] NCCL INFO New proxy recv connection 12 from local rank 2, transport 0
MOC-R4PCC04U05:462215:462977 [2] NCCL INFO Connected to proxy localRank 2 -> connection 0x7f54bc0054d0
MOC-R4PCC04U05:462213:462272 [0] NCCL INFO New proxy send connection 14 from local rank 0, transport 0
MOC-R4PCC04U05:462213:462976 [0] NCCL INFO Connected to proxy localRank 0 -> connection 0x7f08d80055c0
MOC-R4PCC04U05:462215:462274 [2] NCCL INFO New proxy recv connection 13 from local rank 2, transport 0
MOC-R4PCC04U05:462215:462977 [2] NCCL INFO Connected to proxy localRank 2 -> connection 0x7f54bc005548
MOC-R4PCC04U05:462216:462273 [3] NCCL INFO New proxy recv connection 10 from local rank 3, transport 0
MOC-R4PCC04U05:462216:462978 [3] NCCL INFO Connected to proxy localRank 3 -> connection 0x7f49d80053e0
MOC-R4PCC04U05:462216:462273 [3] NCCL INFO New proxy recv connection 11 from local rank 3, transport 0
MOC-R4PCC04U05:462216:462978 [3] NCCL INFO Connected to proxy localRank 3 -> connection 0x7f49d8005458
MOC-R4PCC04U05:462214:462277 [1] NCCL INFO New proxy recv connection 11 from local rank 1, transport 0
MOC-R4PCC04U05:462214:462979 [1] NCCL INFO Connected to proxy localRank 1 -> connection 0x7f9ea0005458
MOC-R4PCC04U05:462214:462277 [1] NCCL INFO New proxy recv connection 12 from local rank 1, transport 0
MOC-R4PCC04U05:462214:462979 [1] NCCL INFO Connected to proxy localRank 1 -> connection 0x7f9ea00054d0
MOC-R4PCC04U05:462214:462277 [1] NCCL INFO New proxy recv connection 13 from local rank 1, transport 0
MOC-R4PCC04U05:462214:462979 [1] NCCL INFO Connected to proxy localRank 1 -> connection 0x7f9ea0005548
MOC-R4PCC04U05:462214:462277 [1] NCCL INFO New proxy recv connection 14 from local rank 1, transport 0
MOC-R4PCC04U05:462214:462979 [1] NCCL INFO Connected to proxy localRank 1 -> connection 0x7f9ea00055c0
MOC-R4PCC04U05:462214:462277 [1] NCCL INFO New proxy send connection 15 from local rank 1, transport 0
MOC-R4PCC04U05:462214:462979 [1] NCCL INFO Connected to proxy localRank 1 -> connection 0x7f9ea0005638
MOC-R4PCC04U05:462214:462277 [1] NCCL INFO New proxy send connection 16 from local rank 1, transport 0
MOC-R4PCC04U05:462214:462979 [1] NCCL INFO Connected to proxy localRank 1 -> connection 0x7f9ea00056b0
MOC-R4PCC04U05:462214:462277 [1] NCCL INFO New proxy send connection 17 from local rank 1, transport 0
MOC-R4PCC04U05:462214:462979 [1] NCCL INFO Connected to proxy localRank 1 -> connection 0x7f9ea0005728
MOC-R4PCC04U05:462214:462277 [1] NCCL INFO New proxy send connection 18 from local rank 1, transport 0
MOC-R4PCC04U05:462214:462979 [1] NCCL INFO Connected to proxy localRank 1 -> connection 0x7f9ea00057a0
MOC-R4PCC04U05:462214:462277 [1] NCCL INFO New proxy recv connection 19 from local rank 1, transport 0
MOC-R4PCC04U05:462213:462272 [0] NCCL INFO New proxy send connection 15 from local rank 0, transport 0
MOC-R4PCC04U05:462214:462979 [1] NCCL INFO Connected to proxy localRank 1 -> connection 0x7f9ea0005818
MOC-R4PCC04U05:462213:462976 [0] NCCL INFO Connected to proxy localRank 0 -> connection 0x7f08d8005638
MOC-R4PCC04U05:462215:462274 [2] NCCL INFO New proxy send connection 14 from local rank 2, transport 0
MOC-R4PCC04U05:462215:462977 [2] NCCL INFO Connected to proxy localRank 2 -> connection 0x7f54bc0055c0
MOC-R4PCC04U05:462214:462277 [1] NCCL INFO New proxy recv connection 20 from local rank 1, transport 0
MOC-R4PCC04U05:462214:462979 [1] NCCL INFO Connected to proxy localRank 1 -> connection 0x7f9ea0005890
MOC-R4PCC04U05:462215:462274 [2] NCCL INFO New proxy send connection 15 from local rank 2, transport 0
MOC-R4PCC04U05:462215:462977 [2] NCCL INFO Connected to proxy localRank 2 -> connection 0x7f54bc005638
MOC-R4PCC04U05:462213:462272 [0] NCCL INFO New proxy send connection 16 from local rank 0, transport 0
MOC-R4PCC04U05:462213:462976 [0] NCCL INFO Connected to proxy localRank 0 -> connection 0x7f08d80056b0
MOC-R4PCC04U05:462216:462978 [3] NCCL INFO GPU Direct RDMA Disabled for GPU 3 / HCA 1 (distance 7 > 0)
MOC-R4PCC04U05:462213:462272 [0] NCCL INFO New proxy recv connection 17 from local rank 0, transport 0
MOC-R4PCC04U05:462213:462976 [0] NCCL INFO Connected to proxy localRank 0 -> connection 0x7f08d8005728
MOC-R4PCC04U05:462216:462273 [3] NCCL INFO New proxy recv connection 12 from local rank 3, transport 2
MOC-R4PCC04U05:462216:462978 [3] NCCL INFO Connected to proxy localRank 3 -> connection 0x7f49d80054d0
MOC-R4PCC04U05:462216:462978 [3] NCCL INFO Channel 00/0 : 7[3] -> 3[3] [receive] via NET/IB/1
MOC-R4PCC04U05:462216:462978 [3] NCCL INFO GPU Direct RDMA Disabled for GPU 3 / HCA 1 (distance 7 > 0)
MOC-R4PCC04U05:462216:462273 [3] NCCL INFO New proxy recv connection 13 from local rank 3, transport 2
MOC-R4PCC04U05:462216:462978 [3] NCCL INFO Connected to proxy localRank 3 -> connection 0x7f49d8005548
MOC-R4PCC04U05:462216:462978 [3] NCCL INFO Channel 01/0 : 7[3] -> 3[3] [receive] via NET/IB/1
MOC-R4PCC04U05:462216:462978 [3] NCCL INFO GPU Direct RDMA Disabled for GPU 3 / HCA 1 (distance 7 > 0)
MOC-R4PCC04U05:462216:462273 [3] NCCL INFO New proxy recv connection 14 from local rank 3, transport 2
MOC-R4PCC04U05:462216:462978 [3] NCCL INFO Connected to proxy localRank 3 -> connection 0x7f49d80055c0
MOC-R4PCC04U05:462216:462978 [3] NCCL INFO Channel 02/0 : 7[3] -> 3[3] [receive] via NET/IB/1
MOC-R4PCC04U05:462216:462978 [3] NCCL INFO GPU Direct RDMA Disabled for GPU 3 / HCA 1 (distance 7 > 0)
MOC-R4PCC04U05:462216:462273 [3] NCCL INFO New proxy recv connection 15 from local rank 3, transport 2
MOC-R4PCC04U05:462216:462978 [3] NCCL INFO Connected to proxy localRank 3 -> connection 0x7f49d8005638
MOC-R4PCC04U05:462216:462978 [3] NCCL INFO Channel 03/0 : 7[3] -> 3[3] [receive] via NET/IB/1
MOC-R4PCC04U05:462216:462978 [3] NCCL INFO GPU Direct RDMA Disabled for GPU 3 / HCA 1 (distance 7 > 0)
MOC-R4PCC04U05:462216:462273 [3] NCCL INFO New proxy send connection 16 from local rank 3, transport 2
MOC-R4PCC04U05:462216:462978 [3] NCCL INFO Connected to proxy localRank 3 -> connection 0x7f49d80056b0
MOC-R4PCC04U05:462216:462978 [3] NCCL INFO Channel 00/0 : 3[3] -> 7[3] [send] via NET/IB/1
MOC-R4PCC04U05:462216:462978 [3] NCCL INFO GPU Direct RDMA Disabled for GPU 3 / HCA 1 (distance 7 > 0)
MOC-R4PCC04U05:462216:462273 [3] NCCL INFO New proxy send connection 17 from local rank 3, transport 2
MOC-R4PCC04U05:462216:462978 [3] NCCL INFO Connected to proxy localRank 3 -> connection 0x7f49d8005728
MOC-R4PCC04U05:462216:462978 [3] NCCL INFO Channel 01/0 : 3[3] -> 7[3] [send] via NET/IB/1
MOC-R4PCC04U05:462216:462978 [3] NCCL INFO GPU Direct RDMA Disabled for GPU 3 / HCA 1 (distance 7 > 0)
MOC-R4PCC04U05:462216:462273 [3] NCCL INFO New proxy send connection 18 from local rank 3, transport 2
MOC-R4PCC04U05:462216:462978 [3] NCCL INFO Connected to proxy localRank 3 -> connection 0x7f49d80057a0
MOC-R4PCC04U05:462216:462978 [3] NCCL INFO Channel 02/0 : 3[3] -> 7[3] [send] via NET/IB/1
MOC-R4PCC04U05:462216:462978 [3] NCCL INFO GPU Direct RDMA Disabled for GPU 3 / HCA 1 (distance 7 > 0)
MOC-R4PCC04U05:462216:462273 [3] NCCL INFO New proxy send connection 19 from local rank 3, transport 2
MOC-R4PCC04U05:462216:462978 [3] NCCL INFO Connected to proxy localRank 3 -> connection 0x7f49d8005818
MOC-R4PCC04U05:462216:462978 [3] NCCL INFO Channel 03/0 : 3[3] -> 7[3] [send] via NET/IB/1
MOC-R4PCC04U05:462213:462272 [0] NCCL INFO New proxy recv connection 18 from local rank 0, transport 0
MOC-R4PCC04U05:462213:462976 [0] NCCL INFO Connected to proxy localRank 0 -> connection 0x7f08d80057a0
MOC-R4PCC04U05:462213:462272 [0] NCCL INFO New proxy recv connection 19 from local rank 0, transport 0
MOC-R4PCC04U05:462213:462976 [0] NCCL INFO Connected to proxy localRank 0 -> connection 0x7f08d8005818
MOC-R4PCC04U05:462213:462272 [0] NCCL INFO New proxy recv connection 20 from local rank 0, transport 0
MOC-R4PCC04U05:462213:462976 [0] NCCL INFO Connected to proxy localRank 0 -> connection 0x7f08d8005890
MOC-R4PCC04U05:462216:462273 [3] NCCL INFO New proxy send connection 20 from local rank 3, transport 0
MOC-R4PCC04U05:462216:462978 [3] NCCL INFO Connected to proxy localRank 3 -> connection 0x7f49d8005890
MOC-R4PCC04U05:462216:462273 [3] NCCL INFO New proxy send connection 21 from local rank 3, transport 0
MOC-R4PCC04U05:462216:462978 [3] NCCL INFO Connected to proxy localRank 3 -> connection 0x7f49d8005908
MOC-R4PCC04U05:462216:462273 [3] NCCL INFO New proxy send connection 22 from local rank 3, transport 0
MOC-R4PCC04U05:462216:462978 [3] NCCL INFO Connected to proxy localRank 3 -> connection 0x7f49d8005980
MOC-R4PCC04U05:462216:462273 [3] NCCL INFO New proxy send connection 23 from local rank 3, transport 0
MOC-R4PCC04U05:462216:462978 [3] NCCL INFO Connected to proxy localRank 3 -> connection 0x7f49d80059f8
MOC-R4PCC04U05:462216:462273 [3] NCCL INFO NET/IB: NCCL Dev 1 IbDev 0 Port 1 qpn 6938 mtu 3 query_ece={supported=1, vendor_id=0x15b3, options=0x30000002, comp_mask=0x0} GID 3 (0/C132A8C0FFFF0000) fifoRkey=0x178443 fifoLkey=0x178443
MOC-R4PCC04U05:462216:462273 [3] NCCL INFO NET/IB: IbDev 0 Port 1 qpn 7179 set_ece={supported=1, vendor_id=0x15b3, options=0x0, comp_mask=0x0}
MOC-R4PCC04U05:462216:462273 [3] NCCL INFO NET/IB: NCCL Dev 1 IbDev 0 Port 1 qpn 6941 mtu 3 query_ece={supported=1, vendor_id=0x15b3, options=0x30000002, comp_mask=0x0} GID 3 (0/C132A8C0FFFF0000) fifoRkey=0x17e7a6 fifoLkey=0x17e7a6
MOC-R4PCC04U05:462216:462273 [3] NCCL INFO NET/IB: IbDev 0 Port 1 qpn 7182 set_ece={supported=1, vendor_id=0x15b3, options=0x0, comp_mask=0x0}
MOC-R4PCC04U05:462216:462273 [3] NCCL INFO NET/IB: NCCL Dev 1 IbDev 0 Port 1 qpn 6944 mtu 3 query_ece={supported=1, vendor_id=0x15b3, options=0x30000002, comp_mask=0x0} GID 3 (0/C132A8C0FFFF0000) fifoRkey=0x17a767 fifoLkey=0x17a767
MOC-R4PCC04U05:462216:462273 [3] NCCL INFO NET/IB: NCCL Dev 1 IbDev 0 Port 1 qpn 6947 mtu 3 query_ece={supported=1, vendor_id=0x15b3, options=0x30000002, comp_mask=0x0} GID 3 (0/C132A8C0FFFF0000) fifoRkey=0x170bca fifoLkey=0x170bca
MOC-R4PCC04U05:462216:462273 [3] NCCL INFO NET/IB: IbDev 0 Port 1 qpn 7185 set_ece={supported=1, vendor_id=0x15b3, options=0x0, comp_mask=0x0}
MOC-R4PCC04U05:462216:462273 [3] NCCL INFO NET/IB: IbDev 0 Port 1 qpn 7188 set_ece={supported=1, vendor_id=0x15b3, options=0x0, comp_mask=0x0}
step    1/10 | train loss 11.009423 | norm 15.3732 | lr 1.00e-04 | (14346.05 ms | 164456 tok/s)
step    2/10 | train loss 10.139730 | norm 5.7198 | lr 1.00e-04 | (703.63 ms | 3353023 tok/s)
step    3/10 | train loss 9.799694 | norm 2.6018 | lr 1.00e-04 | (705.65 ms | 3343460 tok/s)
step    4/10 | train loss 9.631065 | norm 2.1058 | lr 1.00e-04 | (703.65 ms | 3352945 tok/s)
step    5/10 | train loss 9.548385 | norm 2.0968 | lr 1.00e-04 | (706.36 ms | 3340087 tok/s)
step    6/10 | train loss 9.467426 | norm 1.9915 | lr 1.00e-04 | (706.78 ms | 3338112 tok/s)
step    7/10 | train loss 9.382111 | norm 1.9425 | lr 1.00e-04 | (707.40 ms | 3335149 tok/s)
step    8/10 | train loss 9.290663 | norm 1.9094 | lr 1.00e-04 | (711.17 ms | 3317491 tok/s)
step    9/10 | train loss 9.195857 | norm 1.8519 | lr 1.00e-04 | (706.02 ms | 3341695 tok/s)
step   10/10 | train loss 9.111614 | norm 1.7892 | lr 1.00e-04 | (711.04 ms | 3318075 tok/s)
final 9 iters avg: 706.855ms
peak memory consumption: 16601 MiB
