Running pytorch 2.7.0+cu126
using device: cuda:0
total desired batch size: 1310720
=> calculated gradient accumulation steps: 5
using device: cuda:1
using device: cuda:2
using device: cuda:3
compiling the model...
DataLoader: total number of tokens: 1,661,249,667 across 103 files
MOC-R4PCC04U05:342647:342647 [0] NCCL INFO NCCL_SOCKET_IFNAME set to eno7np0
MOC-R4PCC04U05:342647:342647 [0] NCCL INFO NCCL version 2.26.2+cuda12.2
MOC-R4PCC04U05:342647:342688 [0] NCCL INFO NET/Plugin: Could not find: libnccl-net.so. Using internal net plugin.
MOC-R4PCC04U05:342647:342688 [0] NCCL INFO NET/Socket : Using [0]eno7np0:192.168.50.193<0>
MOC-R4PCC04U05:342648:342648 [1] NCCL INFO NCCL_SOCKET_IFNAME set to eno7np0
MOC-R4PCC04U05:342648:342648 [1] NCCL INFO NCCL version 2.26.2+cuda12.2
MOC-R4PCC04U05:342650:342650 [3] NCCL INFO NCCL_SOCKET_IFNAME set to eno7np0
MOC-R4PCC04U05:342649:342649 [2] NCCL INFO NCCL_SOCKET_IFNAME set to eno7np0
MOC-R4PCC04U05:342650:342650 [3] NCCL INFO NCCL version 2.26.2+cuda12.2
MOC-R4PCC04U05:342649:342649 [2] NCCL INFO NCCL version 2.26.2+cuda12.2
MOC-R4PCC04U05:342648:342689 [1] NCCL INFO NET/Plugin: Could not find: libnccl-net.so. Using internal net plugin.
MOC-R4PCC04U05:342648:342689 [1] NCCL INFO NET/Socket : Using [0]eno7np0:192.168.50.193<0>
MOC-R4PCC04U05:342650:342691 [3] NCCL INFO NET/Plugin: Could not find: libnccl-net.so. Using internal net plugin.
MOC-R4PCC04U05:342649:342690 [2] NCCL INFO NET/Plugin: Could not find: libnccl-net.so. Using internal net plugin.
MOC-R4PCC04U05:342650:342691 [3] NCCL INFO NET/Socket : Using [0]eno7np0:192.168.50.193<0>
MOC-R4PCC04U05:342649:342690 [2] NCCL INFO NET/Socket : Using [0]eno7np0:192.168.50.193<0>
MOC-R4PCC04U05:342649:342690 [2] NCCL INFO NET/Socket : GPU Direct RDMA Disabled for HCA 0 'eno7np0'
MOC-R4PCC04U05:342650:342691 [3] NCCL INFO NET/Socket : GPU Direct RDMA Disabled for HCA 0 'eno7np0'
MOC-R4PCC04U05:342647:342688 [0] NCCL INFO NET/Socket : GPU Direct RDMA Disabled for HCA 0 'eno7np0'
MOC-R4PCC04U05:342648:342689 [1] NCCL INFO NET/Socket : GPU Direct RDMA Disabled for HCA 0 'eno7np0'
MOC-R4PCC04U05:342649:342701 [2] NCCL INFO New proxy recv connection 0 from local rank 2, transport 0
MOC-R4PCC04U05:342649:342708 [2] NCCL INFO Connected to proxy localRank 2 -> connection 0x7f8338004f30
MOC-R4PCC04U05:342649:342701 [2] NCCL INFO New proxy recv connection 1 from local rank 2, transport 0
MOC-R4PCC04U05:342649:342708 [2] NCCL INFO Connected to proxy localRank 2 -> connection 0x7f8338004fa8
MOC-R4PCC04U05:342650:342700 [3] NCCL INFO New proxy recv connection 0 from local rank 3, transport 0
MOC-R4PCC04U05:342650:342709 [3] NCCL INFO Connected to proxy localRank 3 -> connection 0x7fcc44004f30
MOC-R4PCC04U05:342650:342700 [3] NCCL INFO New proxy recv connection 1 from local rank 3, transport 0
MOC-R4PCC04U05:342650:342709 [3] NCCL INFO Connected to proxy localRank 3 -> connection 0x7fcc44004fa8
MOC-R4PCC04U05:342648:342702 [1] NCCL INFO New proxy recv connection 0 from local rank 1, transport 0
MOC-R4PCC04U05:342648:342710 [1] NCCL INFO Connected to proxy localRank 1 -> connection 0x7fb5e0004f30
MOC-R4PCC04U05:342648:342702 [1] NCCL INFO New proxy recv connection 1 from local rank 1, transport 0
MOC-R4PCC04U05:342648:342710 [1] NCCL INFO Connected to proxy localRank 1 -> connection 0x7fb5e0004fa8
MOC-R4PCC04U05:342647:342703 [0] NCCL INFO New proxy send connection 0 from local rank 0, transport 0
MOC-R4PCC04U05:342647:342711 [0] NCCL INFO Connected to proxy localRank 0 -> connection 0x7fc0b4004f30
MOC-R4PCC04U05:342647:342703 [0] NCCL INFO New proxy send connection 1 from local rank 0, transport 0
MOC-R4PCC04U05:342647:342711 [0] NCCL INFO Connected to proxy localRank 0 -> connection 0x7fc0b4004fa8
MOC-R4PCC04U05:342647:342703 [0] NCCL INFO New proxy send connection 2 from local rank 0, transport 0
MOC-R4PCC04U05:342647:342711 [0] NCCL INFO Connected to proxy localRank 0 -> connection 0x7fc0b4005020
MOC-R4PCC04U05:342647:342703 [0] NCCL INFO New proxy send connection 3 from local rank 0, transport 0
MOC-R4PCC04U05:342647:342711 [0] NCCL INFO Connected to proxy localRank 0 -> connection 0x7fc0b4005098
MOC-R4PCC04U05:342650:342700 [3] NCCL INFO New proxy send connection 2 from local rank 3, transport 2
MOC-R4PCC04U05:342650:342709 [3] NCCL INFO Connected to proxy localRank 3 -> connection 0x7fcc44005020
MOC-R4PCC04U05:342650:342709 [3] NCCL INFO Channel 00/0 : 3[3] -> 6[2] [send] via NET/Socket/0
MOC-R4PCC04U05:342650:342700 [3] NCCL INFO New proxy send connection 3 from local rank 3, transport 2
MOC-R4PCC04U05:342650:342709 [3] NCCL INFO Connected to proxy localRank 3 -> connection 0x7fcc44005098
MOC-R4PCC04U05:342650:342709 [3] NCCL INFO Channel 02/0 : 3[3] -> 6[2] [send] via NET/Socket/0
MOC-R4PCC04U05:342647:342703 [0] NCCL INFO New proxy recv connection 4 from local rank 0, transport 0
MOC-R4PCC04U05:342647:342711 [0] NCCL INFO Connected to proxy localRank 0 -> connection 0x7fc0b4005110
MOC-R4PCC04U05:342647:342703 [0] NCCL INFO New proxy recv connection 5 from local rank 0, transport 0
MOC-R4PCC04U05:342647:342711 [0] NCCL INFO Connected to proxy localRank 0 -> connection 0x7fc0b4005188
MOC-R4PCC04U05:342647:342703 [0] NCCL INFO New proxy recv connection 6 from local rank 0, transport 0
MOC-R4PCC04U05:342647:342711 [0] NCCL INFO Connected to proxy localRank 0 -> connection 0x7fc0b4005200
MOC-R4PCC04U05:342647:342703 [0] NCCL INFO New proxy recv connection 7 from local rank 0, transport 0
MOC-R4PCC04U05:342647:342711 [0] NCCL INFO Connected to proxy localRank 0 -> connection 0x7fc0b4005278
MOC-R4PCC04U05:342649:342701 [2] NCCL INFO New proxy recv connection 2 from local rank 2, transport 2
MOC-R4PCC04U05:342649:342708 [2] NCCL INFO Connected to proxy localRank 2 -> connection 0x7f8338005020
MOC-R4PCC04U05:342649:342708 [2] NCCL INFO Channel 00/0 : 7[3] -> 2[2] [receive] via NET/Socket/0
MOC-R4PCC04U05:342649:342701 [2] NCCL INFO New proxy recv connection 3 from local rank 2, transport 2
MOC-R4PCC04U05:342649:342708 [2] NCCL INFO Connected to proxy localRank 2 -> connection 0x7f8338005098
MOC-R4PCC04U05:342649:342708 [2] NCCL INFO Channel 02/0 : 7[3] -> 2[2] [receive] via NET/Socket/0
MOC-R4PCC04U05:342650:342700 [3] NCCL INFO New proxy recv connection 4 from local rank 3, transport 2
MOC-R4PCC04U05:342650:342709 [3] NCCL INFO Connected to proxy localRank 3 -> connection 0x7fcc44005110
MOC-R4PCC04U05:342649:342701 [2] NCCL INFO New proxy send connection 4 from local rank 2, transport 2
MOC-R4PCC04U05:342649:342708 [2] NCCL INFO Connected to proxy localRank 2 -> connection 0x7f8338005110
MOC-R4PCC04U05:342650:342709 [3] NCCL INFO Channel 01/0 : 6[2] -> 3[3] [receive] via NET/Socket/0
MOC-R4PCC04U05:342650:342700 [3] NCCL INFO New proxy recv connection 5 from local rank 3, transport 2
MOC-R4PCC04U05:342650:342709 [3] NCCL INFO Connected to proxy localRank 3 -> connection 0x7fcc44005188
MOC-R4PCC04U05:342649:342708 [2] NCCL INFO Channel 01/0 : 2[2] -> 7[3] [send] via NET/Socket/0
MOC-R4PCC04U05:342649:342701 [2] NCCL INFO New proxy send connection 5 from local rank 2, transport 2
MOC-R4PCC04U05:342649:342708 [2] NCCL INFO Connected to proxy localRank 2 -> connection 0x7f8338005188
MOC-R4PCC04U05:342650:342709 [3] NCCL INFO Channel 03/0 : 6[2] -> 3[3] [receive] via NET/Socket/0
MOC-R4PCC04U05:342649:342708 [2] NCCL INFO Channel 03/0 : 2[2] -> 7[3] [send] via NET/Socket/0
MOC-R4PCC04U05:342650:342700 [3] NCCL INFO New proxy send connection 6 from local rank 3, transport 0
MOC-R4PCC04U05:342650:342709 [3] NCCL INFO Connected to proxy localRank 3 -> connection 0x7fcc44005200
MOC-R4PCC04U05:342649:342701 [2] NCCL INFO New proxy send connection 6 from local rank 2, transport 0
MOC-R4PCC04U05:342649:342708 [2] NCCL INFO Connected to proxy localRank 2 -> connection 0x7f8338005200
MOC-R4PCC04U05:342650:342700 [3] NCCL INFO New proxy send connection 7 from local rank 3, transport 0
MOC-R4PCC04U05:342649:342701 [2] NCCL INFO New proxy send connection 7 from local rank 2, transport 0
MOC-R4PCC04U05:342650:342709 [3] NCCL INFO Connected to proxy localRank 3 -> connection 0x7fcc44005278
MOC-R4PCC04U05:342649:342708 [2] NCCL INFO Connected to proxy localRank 2 -> connection 0x7f8338005278
MOC-R4PCC04U05:342648:342702 [1] NCCL INFO New proxy recv connection 2 from local rank 1, transport 0
MOC-R4PCC04U05:342648:342710 [1] NCCL INFO Connected to proxy localRank 1 -> connection 0x7fb5e0005020
MOC-R4PCC04U05:342647:342703 [0] NCCL INFO New proxy send connection 8 from local rank 3, transport 0
MOC-R4PCC04U05:342650:342709 [3] NCCL INFO Connected to proxy localRank 0 -> connection 0x7fc0b40052f0
MOC-R4PCC04U05:342648:342702 [1] NCCL INFO New proxy recv connection 3 from local rank 1, transport 0
MOC-R4PCC04U05:342648:342710 [1] NCCL INFO Connected to proxy localRank 1 -> connection 0x7fb5e0005098
MOC-R4PCC04U05:342648:342702 [1] NCCL INFO New proxy send connection 4 from local rank 1, transport 0
MOC-R4PCC04U05:342648:342710 [1] NCCL INFO Connected to proxy localRank 1 -> connection 0x7fb5e0005110
MOC-R4PCC04U05:342648:342702 [1] NCCL INFO New proxy send connection 5 from local rank 1, transport 0
MOC-R4PCC04U05:342648:342710 [1] NCCL INFO Connected to proxy localRank 1 -> connection 0x7fb5e0005188
MOC-R4PCC04U05:342648:342702 [1] NCCL INFO New proxy send connection 6 from local rank 1, transport 0
MOC-R4PCC04U05:342648:342710 [1] NCCL INFO Connected to proxy localRank 1 -> connection 0x7fb5e0005200
MOC-R4PCC04U05:342648:342702 [1] NCCL INFO New proxy send connection 7 from local rank 1, transport 0
MOC-R4PCC04U05:342648:342710 [1] NCCL INFO Connected to proxy localRank 1 -> connection 0x7fb5e0005278
MOC-R4PCC04U05:342647:342703 [0] NCCL INFO New proxy send connection 9 from local rank 2, transport 0
MOC-R4PCC04U05:342649:342708 [2] NCCL INFO Connected to proxy localRank 0 -> connection 0x7fc0b4005368
MOC-R4PCC04U05:342649:342701 [2] NCCL INFO New proxy send connection 8 from local rank 0, transport 0
MOC-R4PCC04U05:342647:342711 [0] NCCL INFO Connected to proxy localRank 2 -> connection 0x7f83380052f0
MOC-R4PCC04U05:342648:342702 [1] NCCL INFO New proxy send connection 8 from local rank 3, transport 0
MOC-R4PCC04U05:342650:342709 [3] NCCL INFO Connected to proxy localRank 1 -> connection 0x7fb5e00052f0
MOC-R4PCC04U05:342650:342700 [3] NCCL INFO New proxy send connection 8 from local rank 1, transport 0
MOC-R4PCC04U05:342648:342710 [1] NCCL INFO Connected to proxy localRank 3 -> connection 0x7fcc440052f0
MOC-R4PCC04U05:342648:342702 [1] NCCL INFO New proxy send connection 9 from local rank 2, transport 0
MOC-R4PCC04U05:342649:342708 [2] NCCL INFO Connected to proxy localRank 1 -> connection 0x7fb5e0005368
MOC-R4PCC04U05:342650:342700 [3] NCCL INFO New proxy send connection 9 from local rank 0, transport 0
MOC-R4PCC04U05:342647:342711 [0] NCCL INFO Connected to proxy localRank 3 -> connection 0x7fcc44005368
MOC-R4PCC04U05:342647:342703 [0] NCCL INFO New proxy send connection 10 from local rank 1, transport 0
MOC-R4PCC04U05:342648:342710 [1] NCCL INFO Connected to proxy localRank 0 -> connection 0x7fc0b40053e0
MOC-R4PCC04U05:342648:342702 [1] NCCL INFO New proxy send connection 10 from local rank 0, transport 0
MOC-R4PCC04U05:342647:342711 [0] NCCL INFO Connected to proxy localRank 1 -> connection 0x7fb5e00053e0
MOC-R4PCC04U05:342649:342701 [2] NCCL INFO New proxy send connection 9 from local rank 1, transport 0
MOC-R4PCC04U05:342648:342710 [1] NCCL INFO Connected to proxy localRank 2 -> connection 0x7f8338005368
num decayed parameter tensors: 50, with 124,318,464 parameters
num non-decayed parameter tensors: 98, with 121,344 parameters
using fused AdamW: False
using regular AdamW
MOC-R4PCC04U05:342647:342703 [0] NCCL INFO New proxy send connection 11 from local rank 0, transport 0
MOC-R4PCC04U05:342647:343533 [0] NCCL INFO Connected to proxy localRank 0 -> connection 0x7fc0b4005458
MOC-R4PCC04U05:342647:342703 [0] NCCL INFO New proxy send connection 12 from local rank 0, transport 0
MOC-R4PCC04U05:342647:343533 [0] NCCL INFO Connected to proxy localRank 0 -> connection 0x7fc0b40054d0
MOC-R4PCC04U05:342647:342703 [0] NCCL INFO New proxy send connection 13 from local rank 0, transport 0
MOC-R4PCC04U05:342647:343533 [0] NCCL INFO Connected to proxy localRank 0 -> connection 0x7fc0b4005548
MOC-R4PCC04U05:342647:342703 [0] NCCL INFO New proxy send connection 14 from local rank 0, transport 0
MOC-R4PCC04U05:342647:343533 [0] NCCL INFO Connected to proxy localRank 0 -> connection 0x7fc0b40055c0
MOC-R4PCC04U05:342650:342700 [3] NCCL INFO New proxy recv connection 10 from local rank 3, transport 0
MOC-R4PCC04U05:342650:343534 [3] NCCL INFO Connected to proxy localRank 3 -> connection 0x7fcc440053e0
MOC-R4PCC04U05:342650:342700 [3] NCCL INFO New proxy recv connection 11 from local rank 3, transport 0
MOC-R4PCC04U05:342650:343534 [3] NCCL INFO Connected to proxy localRank 3 -> connection 0x7fcc44005458
MOC-R4PCC04U05:342648:342702 [1] NCCL INFO New proxy recv connection 11 from local rank 1, transport 0
MOC-R4PCC04U05:342648:343535 [1] NCCL INFO Connected to proxy localRank 1 -> connection 0x7fb5e0005458
MOC-R4PCC04U05:342648:342702 [1] NCCL INFO New proxy recv connection 12 from local rank 1, transport 0
MOC-R4PCC04U05:342648:343535 [1] NCCL INFO Connected to proxy localRank 1 -> connection 0x7fb5e00054d0
MOC-R4PCC04U05:342648:342702 [1] NCCL INFO New proxy recv connection 13 from local rank 1, transport 0
MOC-R4PCC04U05:342648:343535 [1] NCCL INFO Connected to proxy localRank 1 -> connection 0x7fb5e0005548
MOC-R4PCC04U05:342648:342702 [1] NCCL INFO New proxy recv connection 14 from local rank 1, transport 0
MOC-R4PCC04U05:342648:343535 [1] NCCL INFO Connected to proxy localRank 1 -> connection 0x7fb5e00055c0
MOC-R4PCC04U05:342648:342702 [1] NCCL INFO New proxy send connection 15 from local rank 1, transport 0
MOC-R4PCC04U05:342648:343535 [1] NCCL INFO Connected to proxy localRank 1 -> connection 0x7fb5e0005638
MOC-R4PCC04U05:342648:342702 [1] NCCL INFO New proxy send connection 16 from local rank 1, transport 0
MOC-R4PCC04U05:342648:343535 [1] NCCL INFO Connected to proxy localRank 1 -> connection 0x7fb5e00056b0
MOC-R4PCC04U05:342648:342702 [1] NCCL INFO New proxy send connection 17 from local rank 1, transport 0
MOC-R4PCC04U05:342648:343535 [1] NCCL INFO Connected to proxy localRank 1 -> connection 0x7fb5e0005728
MOC-R4PCC04U05:342648:342702 [1] NCCL INFO New proxy send connection 18 from local rank 1, transport 0
MOC-R4PCC04U05:342648:343535 [1] NCCL INFO Connected to proxy localRank 1 -> connection 0x7fb5e00057a0
MOC-R4PCC04U05:342647:342703 [0] NCCL INFO New proxy send connection 15 from local rank 0, transport 0
MOC-R4PCC04U05:342647:343533 [0] NCCL INFO Connected to proxy localRank 0 -> connection 0x7fc0b4005638
MOC-R4PCC04U05:342647:342703 [0] NCCL INFO New proxy send connection 16 from local rank 0, transport 0
MOC-R4PCC04U05:342647:343533 [0] NCCL INFO Connected to proxy localRank 0 -> connection 0x7fc0b40056b0
MOC-R4PCC04U05:342647:342703 [0] NCCL INFO New proxy recv connection 17 from local rank 0, transport 0
MOC-R4PCC04U05:342647:343533 [0] NCCL INFO Connected to proxy localRank 0 -> connection 0x7fc0b4005728
MOC-R4PCC04U05:342650:342700 [3] NCCL INFO New proxy recv connection 12 from local rank 3, transport 2
MOC-R4PCC04U05:342650:343534 [3] NCCL INFO Connected to proxy localRank 3 -> connection 0x7fcc440054d0
MOC-R4PCC04U05:342647:342703 [0] NCCL INFO New proxy recv connection 18 from local rank 0, transport 0
MOC-R4PCC04U05:342647:343533 [0] NCCL INFO Connected to proxy localRank 0 -> connection 0x7fc0b40057a0
MOC-R4PCC04U05:342647:342703 [0] NCCL INFO New proxy recv connection 19 from local rank 0, transport 0
MOC-R4PCC04U05:342647:343533 [0] NCCL INFO Connected to proxy localRank 0 -> connection 0x7fc0b4005818
MOC-R4PCC04U05:342647:342703 [0] NCCL INFO New proxy recv connection 20 from local rank 0, transport 0
MOC-R4PCC04U05:342647:343533 [0] NCCL INFO Connected to proxy localRank 0 -> connection 0x7fc0b4005890
MOC-R4PCC04U05:342650:343534 [3] NCCL INFO Channel 00/0 : 7[3] -> 3[3] [receive] via NET/Socket/0
MOC-R4PCC04U05:342650:342700 [3] NCCL INFO New proxy recv connection 13 from local rank 3, transport 2
MOC-R4PCC04U05:342650:343534 [3] NCCL INFO Connected to proxy localRank 3 -> connection 0x7fcc44005548
MOC-R4PCC04U05:342650:343534 [3] NCCL INFO Channel 01/0 : 7[3] -> 3[3] [receive] via NET/Socket/0
MOC-R4PCC04U05:342650:342700 [3] NCCL INFO New proxy recv connection 14 from local rank 3, transport 2
MOC-R4PCC04U05:342650:343534 [3] NCCL INFO Connected to proxy localRank 3 -> connection 0x7fcc440055c0
MOC-R4PCC04U05:342650:343534 [3] NCCL INFO Channel 02/0 : 7[3] -> 3[3] [receive] via NET/Socket/0
MOC-R4PCC04U05:342650:342700 [3] NCCL INFO New proxy recv connection 15 from local rank 3, transport 2
MOC-R4PCC04U05:342650:343534 [3] NCCL INFO Connected to proxy localRank 3 -> connection 0x7fcc44005638
MOC-R4PCC04U05:342650:343534 [3] NCCL INFO Channel 03/0 : 7[3] -> 3[3] [receive] via NET/Socket/0
MOC-R4PCC04U05:342650:342700 [3] NCCL INFO New proxy send connection 16 from local rank 3, transport 2
MOC-R4PCC04U05:342650:343534 [3] NCCL INFO Connected to proxy localRank 3 -> connection 0x7fcc440056b0
MOC-R4PCC04U05:342650:343534 [3] NCCL INFO Channel 00/0 : 3[3] -> 7[3] [send] via NET/Socket/0
MOC-R4PCC04U05:342650:342700 [3] NCCL INFO New proxy send connection 17 from local rank 3, transport 2
MOC-R4PCC04U05:342650:343534 [3] NCCL INFO Connected to proxy localRank 3 -> connection 0x7fcc44005728
MOC-R4PCC04U05:342650:343534 [3] NCCL INFO Channel 01/0 : 3[3] -> 7[3] [send] via NET/Socket/0
MOC-R4PCC04U05:342650:342700 [3] NCCL INFO New proxy send connection 18 from local rank 3, transport 2
MOC-R4PCC04U05:342650:343534 [3] NCCL INFO Connected to proxy localRank 3 -> connection 0x7fcc440057a0
MOC-R4PCC04U05:342650:343534 [3] NCCL INFO Channel 02/0 : 3[3] -> 7[3] [send] via NET/Socket/0
MOC-R4PCC04U05:342650:342700 [3] NCCL INFO New proxy send connection 19 from local rank 3, transport 2
MOC-R4PCC04U05:342650:343534 [3] NCCL INFO Connected to proxy localRank 3 -> connection 0x7fcc44005818
MOC-R4PCC04U05:342650:343534 [3] NCCL INFO Channel 03/0 : 3[3] -> 7[3] [send] via NET/Socket/0
MOC-R4PCC04U05:342650:342700 [3] NCCL INFO New proxy send connection 20 from local rank 3, transport 0
MOC-R4PCC04U05:342650:343534 [3] NCCL INFO Connected to proxy localRank 3 -> connection 0x7fcc44005890
MOC-R4PCC04U05:342650:342700 [3] NCCL INFO New proxy send connection 21 from local rank 3, transport 0
MOC-R4PCC04U05:342650:343534 [3] NCCL INFO Connected to proxy localRank 3 -> connection 0x7fcc44005908
MOC-R4PCC04U05:342650:342700 [3] NCCL INFO New proxy send connection 22 from local rank 3, transport 0
MOC-R4PCC04U05:342650:343534 [3] NCCL INFO Connected to proxy localRank 3 -> connection 0x7fcc44005980
MOC-R4PCC04U05:342650:342700 [3] NCCL INFO New proxy send connection 23 from local rank 3, transport 0
MOC-R4PCC04U05:342650:343534 [3] NCCL INFO Connected to proxy localRank 3 -> connection 0x7fcc440059f8
MOC-R4PCC04U05:342649:342701 [2] NCCL INFO New proxy recv connection 10 from local rank 2, transport 0
MOC-R4PCC04U05:342649:343536 [2] NCCL INFO Connected to proxy localRank 2 -> connection 0x7f83380053e0
MOC-R4PCC04U05:342649:342701 [2] NCCL INFO New proxy recv connection 11 from local rank 2, transport 0
MOC-R4PCC04U05:342649:343536 [2] NCCL INFO Connected to proxy localRank 2 -> connection 0x7f8338005458
MOC-R4PCC04U05:342649:342701 [2] NCCL INFO New proxy recv connection 12 from local rank 2, transport 0
MOC-R4PCC04U05:342649:343536 [2] NCCL INFO Connected to proxy localRank 2 -> connection 0x7f83380054d0
MOC-R4PCC04U05:342649:342701 [2] NCCL INFO New proxy recv connection 13 from local rank 2, transport 0
MOC-R4PCC04U05:342649:343536 [2] NCCL INFO Connected to proxy localRank 2 -> connection 0x7f8338005548
MOC-R4PCC04U05:342649:342701 [2] NCCL INFO New proxy send connection 14 from local rank 2, transport 0
MOC-R4PCC04U05:342649:343536 [2] NCCL INFO Connected to proxy localRank 2 -> connection 0x7f83380055c0
MOC-R4PCC04U05:342648:342702 [1] NCCL INFO New proxy recv connection 19 from local rank 1, transport 0
MOC-R4PCC04U05:342648:343535 [1] NCCL INFO Connected to proxy localRank 1 -> connection 0x7fb5e0005818
MOC-R4PCC04U05:342649:342701 [2] NCCL INFO New proxy send connection 15 from local rank 2, transport 0
MOC-R4PCC04U05:342649:343536 [2] NCCL INFO Connected to proxy localRank 2 -> connection 0x7f8338005638
MOC-R4PCC04U05:342648:342702 [1] NCCL INFO New proxy recv connection 20 from local rank 1, transport 0
MOC-R4PCC04U05:342648:343535 [1] NCCL INFO Connected to proxy localRank 1 -> connection 0x7fb5e0005890
step    1/10 | train loss 11.010132 | norm 15.4558 | lr 1.00e-04 | (14184.29 ms | 92406 tok/s)
step    2/10 | train loss 10.134741 | norm 5.7680 | lr 1.00e-04 | (441.99 ms | 2965518 tok/s)
step    3/10 | train loss 9.792707 | norm 2.6181 | lr 1.00e-04 | (437.94 ms | 2992908 tok/s)
step    4/10 | train loss 9.622602 | norm 2.1198 | lr 1.00e-04 | (436.45 ms | 3003139 tok/s)
step    5/10 | train loss 9.539335 | norm 2.1125 | lr 1.00e-04 | (437.63 ms | 2995037 tok/s)
step    6/10 | train loss 9.457718 | norm 2.0030 | lr 1.00e-04 | (438.37 ms | 2989973 tok/s)
step    7/10 | train loss 9.371845 | norm 1.9529 | lr 1.00e-04 | (436.80 ms | 3000765 tok/s)
step    8/10 | train loss 9.279835 | norm 1.9192 | lr 1.00e-04 | (437.38 ms | 2996772 tok/s)
step    9/10 | train loss 9.184059 | norm 1.8636 | lr 1.00e-04 | (439.21 ms | 2984237 tok/s)
step   10/10 | train loss 9.097857 | norm 1.7989 | lr 1.00e-04 | (439.00 ms | 2985679 tok/s)
final 9 iters avg: 438.308ms
peak memory consumption: 16601 MiB
