Running pytorch 2.7.0+cu126
using device: cuda:0
total desired batch size: 2359296
=> calculated gradient accumulation steps: 6
using device: cuda:2
using device: cuda:3
using device: cuda:1
compiling the model...
DataLoader: total number of tokens: 1,661,249,667 across 103 files
MOC-R4PCC04U05:497317:497317 [0] NCCL INFO NCCL_SOCKET_IFNAME set to eno7np0
MOC-R4PCC04U05:497317:497317 [0] NCCL INFO NCCL version 2.26.2+cuda12.2
MOC-R4PCC04U05:497318:497318 [1] NCCL INFO NCCL_SOCKET_IFNAME set to eno7np0
MOC-R4PCC04U05:497318:497318 [1] NCCL INFO NCCL version 2.26.2+cuda12.2
MOC-R4PCC04U05:497317:497421 [0] NCCL INFO NET/Plugin: Could not find: libnccl-net.so. Using internal net plugin.
MOC-R4PCC04U05:497317:497421 [0] NCCL INFO NCCL_IB_HCA set to mlx5_5
MOC-R4PCC04U05:497319:497319 [2] NCCL INFO NCCL_SOCKET_IFNAME set to eno7np0
MOC-R4PCC04U05:497319:497319 [2] NCCL INFO NCCL version 2.26.2+cuda12.2
MOC-R4PCC04U05:497317:497421 [0] NCCL INFO NET/IB : Made virtual device [0] name=mlx5_5 speed=400000 ndevs=1
MOC-R4PCC04U05:497317:497421 [0] NCCL INFO NET/IB : Using [0]mlx5_5:1/RoCE [RO]; OOB eno7np0:192.168.50.193<0>
MOC-R4PCC04U05:497320:497320 [3] NCCL INFO NCCL_SOCKET_IFNAME set to eno7np0
MOC-R4PCC04U05:497320:497320 [3] NCCL INFO NCCL version 2.26.2+cuda12.2
MOC-R4PCC04U05:497318:497443 [1] NCCL INFO NET/Plugin: Could not find: libnccl-net.so. Using internal net plugin.
MOC-R4PCC04U05:497318:497443 [1] NCCL INFO NCCL_IB_HCA set to mlx5_5
MOC-R4PCC04U05:497319:497444 [2] NCCL INFO NET/Plugin: Could not find: libnccl-net.so. Using internal net plugin.
MOC-R4PCC04U05:497319:497444 [2] NCCL INFO NCCL_IB_HCA set to mlx5_5
MOC-R4PCC04U05:497318:497443 [1] NCCL INFO NET/IB : Made virtual device [0] name=mlx5_5 speed=400000 ndevs=1
MOC-R4PCC04U05:497318:497443 [1] NCCL INFO NET/IB : Using [0]mlx5_5:1/RoCE [RO]; OOB eno7np0:192.168.50.193<0>
MOC-R4PCC04U05:497319:497444 [2] NCCL INFO NET/IB : Made virtual device [0] name=mlx5_5 speed=400000 ndevs=1
MOC-R4PCC04U05:497319:497444 [2] NCCL INFO NET/IB : Using [0]mlx5_5:1/RoCE [RO]; OOB eno7np0:192.168.50.193<0>
MOC-R4PCC04U05:497320:497446 [3] NCCL INFO NET/Plugin: Could not find: libnccl-net.so. Using internal net plugin.
MOC-R4PCC04U05:497320:497446 [3] NCCL INFO NCCL_IB_HCA set to mlx5_5
MOC-R4PCC04U05:497320:497446 [3] NCCL INFO NET/IB : Made virtual device [0] name=mlx5_5 speed=400000 ndevs=1
MOC-R4PCC04U05:497320:497446 [3] NCCL INFO NET/IB : Using [0]mlx5_5:1/RoCE [RO]; OOB eno7np0:192.168.50.193<0>
MOC-R4PCC04U05:497320:497446 [3] NCCL INFO NET/IB : GPU Direct RDMA Enabled for HCA 0 'mlx5_5'
MOC-R4PCC04U05:497320:497446 [3] NCCL INFO NET/IB : Made virtual device [1] name=mlx5_5 speed=400000 ndevs=1
MOC-R4PCC04U05:497320:497446 [3] NCCL INFO NET/IB : GPU Direct RDMA Enabled for HCA 0 'mlx5_5'
MOC-R4PCC04U05:497320:497446 [3] NCCL INFO NET/IB : GPU Direct RDMA Enabled for HCA 1 'mlx5_5'
MOC-R4PCC04U05:497319:497444 [2] NCCL INFO NET/IB : GPU Direct RDMA Enabled for HCA 0 'mlx5_5'
MOC-R4PCC04U05:497319:497444 [2] NCCL INFO NET/IB : Made virtual device [1] name=mlx5_5 speed=400000 ndevs=1
MOC-R4PCC04U05:497319:497444 [2] NCCL INFO NET/IB : GPU Direct RDMA Enabled for HCA 0 'mlx5_5'
MOC-R4PCC04U05:497319:497444 [2] NCCL INFO NET/IB : GPU Direct RDMA Enabled for HCA 1 'mlx5_5'
MOC-R4PCC04U05:497318:497443 [1] NCCL INFO NET/IB : GPU Direct RDMA Enabled for HCA 0 'mlx5_5'
MOC-R4PCC04U05:497318:497443 [1] NCCL INFO NET/IB : Made virtual device [1] name=mlx5_5 speed=400000 ndevs=1
MOC-R4PCC04U05:497318:497443 [1] NCCL INFO NET/IB : GPU Direct RDMA Enabled for HCA 0 'mlx5_5'
MOC-R4PCC04U05:497318:497443 [1] NCCL INFO NET/IB : GPU Direct RDMA Enabled for HCA 1 'mlx5_5'
MOC-R4PCC04U05:497317:497421 [0] NCCL INFO NET/IB : GPU Direct RDMA Enabled for HCA 0 'mlx5_5'
MOC-R4PCC04U05:497317:497421 [0] NCCL INFO NET/IB : Made virtual device [1] name=mlx5_5 speed=400000 ndevs=1
MOC-R4PCC04U05:497317:497421 [0] NCCL INFO NET/IB : GPU Direct RDMA Enabled for HCA 0 'mlx5_5'
MOC-R4PCC04U05:497317:497421 [0] NCCL INFO NET/IB : GPU Direct RDMA Enabled for HCA 1 'mlx5_5'
MOC-R4PCC04U05:497318:497443 [1] NCCL INFO GPU Direct RDMA Enabled for GPU 0 / HCA 1 (distance 5 <= 5), read 0 mode Default
MOC-R4PCC04U05:497318:497443 [1] NCCL INFO GPU Direct RDMA Enabled for GPU 1 / HCA 1 (distance 5 <= 5), read 0 mode Default
MOC-R4PCC04U05:497318:497443 [1] NCCL INFO GPU Direct RDMA Enabled for GPU 2 / HCA 1 (distance 5 <= 5), read 0 mode Default
MOC-R4PCC04U05:497318:497443 [1] NCCL INFO GPU Direct RDMA Enabled for GPU 3 / HCA 1 (distance 5 <= 5), read 0 mode Default
MOC-R4PCC04U05:497318:497443 [1] NCCL INFO GPU Direct RDMA Enabled for GPU 0 / HCA 1 (distance 5 <= 5), read 0 mode Default
MOC-R4PCC04U05:497318:497443 [1] NCCL INFO GPU Direct RDMA Enabled for GPU 1 / HCA 1 (distance 5 <= 5), read 0 mode Default
MOC-R4PCC04U05:497318:497443 [1] NCCL INFO GPU Direct RDMA Enabled for GPU 2 / HCA 1 (distance 5 <= 5), read 0 mode Default
MOC-R4PCC04U05:497318:497443 [1] NCCL INFO GPU Direct RDMA Enabled for GPU 3 / HCA 1 (distance 5 <= 5), read 0 mode Default
MOC-R4PCC04U05:497317:497421 [0] NCCL INFO GPU Direct RDMA Enabled for GPU 0 / HCA 1 (distance 5 <= 5), read 0 mode Default
MOC-R4PCC04U05:497317:497421 [0] NCCL INFO GPU Direct RDMA Enabled for GPU 1 / HCA 1 (distance 5 <= 5), read 0 mode Default
MOC-R4PCC04U05:497317:497421 [0] NCCL INFO GPU Direct RDMA Enabled for GPU 2 / HCA 1 (distance 5 <= 5), read 0 mode Default
MOC-R4PCC04U05:497317:497421 [0] NCCL INFO GPU Direct RDMA Enabled for GPU 3 / HCA 1 (distance 5 <= 5), read 0 mode Default
MOC-R4PCC04U05:497317:497421 [0] NCCL INFO GPU Direct RDMA Enabled for GPU 0 / HCA 1 (distance 5 <= 5), read 0 mode Default
MOC-R4PCC04U05:497317:497421 [0] NCCL INFO GPU Direct RDMA Enabled for GPU 1 / HCA 1 (distance 5 <= 5), read 0 mode Default
MOC-R4PCC04U05:497317:497421 [0] NCCL INFO GPU Direct RDMA Enabled for GPU 2 / HCA 1 (distance 5 <= 5), read 0 mode Default
MOC-R4PCC04U05:497317:497421 [0] NCCL INFO GPU Direct RDMA Enabled for GPU 3 / HCA 1 (distance 5 <= 5), read 0 mode Default
MOC-R4PCC04U05:497319:497444 [2] NCCL INFO GPU Direct RDMA Enabled for GPU 0 / HCA 1 (distance 5 <= 5), read 0 mode Default
MOC-R4PCC04U05:497319:497444 [2] NCCL INFO GPU Direct RDMA Enabled for GPU 1 / HCA 1 (distance 5 <= 5), read 0 mode Default
MOC-R4PCC04U05:497319:497444 [2] NCCL INFO GPU Direct RDMA Enabled for GPU 2 / HCA 1 (distance 5 <= 5), read 0 mode Default
MOC-R4PCC04U05:497319:497444 [2] NCCL INFO GPU Direct RDMA Enabled for GPU 3 / HCA 1 (distance 5 <= 5), read 0 mode Default
MOC-R4PCC04U05:497319:497444 [2] NCCL INFO GPU Direct RDMA Enabled for GPU 0 / HCA 1 (distance 5 <= 5), read 0 mode Default
MOC-R4PCC04U05:497319:497444 [2] NCCL INFO GPU Direct RDMA Enabled for GPU 1 / HCA 1 (distance 5 <= 5), read 0 mode Default
MOC-R4PCC04U05:497319:497444 [2] NCCL INFO GPU Direct RDMA Enabled for GPU 2 / HCA 1 (distance 5 <= 5), read 0 mode Default
MOC-R4PCC04U05:497319:497444 [2] NCCL INFO GPU Direct RDMA Enabled for GPU 3 / HCA 1 (distance 5 <= 5), read 0 mode Default
MOC-R4PCC04U05:497320:497446 [3] NCCL INFO GPU Direct RDMA Enabled for GPU 0 / HCA 1 (distance 5 <= 5), read 0 mode Default
MOC-R4PCC04U05:497320:497446 [3] NCCL INFO GPU Direct RDMA Enabled for GPU 1 / HCA 1 (distance 5 <= 5), read 0 mode Default
MOC-R4PCC04U05:497320:497446 [3] NCCL INFO GPU Direct RDMA Enabled for GPU 2 / HCA 1 (distance 5 <= 5), read 0 mode Default
MOC-R4PCC04U05:497320:497446 [3] NCCL INFO GPU Direct RDMA Enabled for GPU 3 / HCA 1 (distance 5 <= 5), read 0 mode Default
MOC-R4PCC04U05:497320:497446 [3] NCCL INFO GPU Direct RDMA Enabled for GPU 0 / HCA 1 (distance 5 <= 5), read 0 mode Default
MOC-R4PCC04U05:497320:497446 [3] NCCL INFO GPU Direct RDMA Enabled for GPU 1 / HCA 1 (distance 5 <= 5), read 0 mode Default
MOC-R4PCC04U05:497320:497446 [3] NCCL INFO GPU Direct RDMA Enabled for GPU 2 / HCA 1 (distance 5 <= 5), read 0 mode Default
MOC-R4PCC04U05:497320:497446 [3] NCCL INFO GPU Direct RDMA Enabled for GPU 3 / HCA 1 (distance 5 <= 5), read 0 mode Default
MOC-R4PCC04U05:497318:497459 [1] NCCL INFO New proxy recv connection 0 from local rank 1, transport 0
MOC-R4PCC04U05:497318:497466 [1] NCCL INFO Connected to proxy localRank 1 -> connection 0x7f64ac004f30
MOC-R4PCC04U05:497318:497459 [1] NCCL INFO New proxy recv connection 1 from local rank 1, transport 0
MOC-R4PCC04U05:497318:497466 [1] NCCL INFO Connected to proxy localRank 1 -> connection 0x7f64ac004fa8
MOC-R4PCC04U05:497318:497459 [1] NCCL INFO New proxy recv connection 2 from local rank 1, transport 0
MOC-R4PCC04U05:497318:497466 [1] NCCL INFO Connected to proxy localRank 1 -> connection 0x7f64ac005020
MOC-R4PCC04U05:497318:497459 [1] NCCL INFO New proxy recv connection 3 from local rank 1, transport 0
MOC-R4PCC04U05:497318:497466 [1] NCCL INFO Connected to proxy localRank 1 -> connection 0x7f64ac005098
MOC-R4PCC04U05:497318:497459 [1] NCCL INFO New proxy send connection 4 from local rank 1, transport 0
MOC-R4PCC04U05:497318:497466 [1] NCCL INFO Connected to proxy localRank 1 -> connection 0x7f64ac005110
MOC-R4PCC04U05:497318:497459 [1] NCCL INFO New proxy send connection 5 from local rank 1, transport 0
MOC-R4PCC04U05:497318:497466 [1] NCCL INFO Connected to proxy localRank 1 -> connection 0x7f64ac005188
MOC-R4PCC04U05:497318:497459 [1] NCCL INFO New proxy send connection 6 from local rank 1, transport 0
MOC-R4PCC04U05:497318:497466 [1] NCCL INFO Connected to proxy localRank 1 -> connection 0x7f64ac005200
MOC-R4PCC04U05:497319:497467 [2] NCCL INFO GPU Direct RDMA Enabled for GPU 2 / HCA 1 (distance 5 <= 5), read 0 mode Default
MOC-R4PCC04U05:497320:497458 [3] NCCL INFO New proxy recv connection 0 from local rank 3, transport 0
MOC-R4PCC04U05:497320:497468 [3] NCCL INFO Connected to proxy localRank 3 -> connection 0x7f6798004f30
MOC-R4PCC04U05:497318:497459 [1] NCCL INFO New proxy send connection 7 from local rank 1, transport 0
MOC-R4PCC04U05:497318:497466 [1] NCCL INFO Connected to proxy localRank 1 -> connection 0x7f64ac005278
MOC-R4PCC04U05:497319:497461 [2] NCCL INFO New proxy recv connection 0 from local rank 2, transport 2
MOC-R4PCC04U05:497319:497467 [2] NCCL INFO Connected to proxy localRank 2 -> connection 0x7f5e68004f30
MOC-R4PCC04U05:497319:497467 [2] NCCL INFO Channel 00/0 : 11[3] -> 2[2] [receive] via NET/IB/1/GDRDMA
MOC-R4PCC04U05:497319:497467 [2] NCCL INFO GPU Direct RDMA Enabled for GPU 2 / HCA 1 (distance 5 <= 5), read 0 mode Default
MOC-R4PCC04U05:497319:497461 [2] NCCL INFO New proxy recv connection 1 from local rank 2, transport 2
MOC-R4PCC04U05:497319:497467 [2] NCCL INFO Connected to proxy localRank 2 -> connection 0x7f5e68004fa8
MOC-R4PCC04U05:497319:497467 [2] NCCL INFO Channel 01/0 : 11[3] -> 2[2] [receive] via NET/IB/1/GDRDMA
MOC-R4PCC04U05:497319:497467 [2] NCCL INFO GPU Direct RDMA Enabled for GPU 2 / HCA 1 (distance 5 <= 5), read 0 mode Default
MOC-R4PCC04U05:497319:497461 [2] NCCL INFO New proxy recv connection 2 from local rank 2, transport 2
MOC-R4PCC04U05:497319:497467 [2] NCCL INFO Connected to proxy localRank 2 -> connection 0x7f5e68005020
MOC-R4PCC04U05:497319:497467 [2] NCCL INFO Channel 02/0 : 11[3] -> 2[2] [receive] via NET/IB/1/GDRDMA
MOC-R4PCC04U05:497319:497467 [2] NCCL INFO GPU Direct RDMA Enabled for GPU 2 / HCA 1 (distance 5 <= 5), read 0 mode Default
MOC-R4PCC04U05:497319:497461 [2] NCCL INFO New proxy recv connection 3 from local rank 2, transport 2
MOC-R4PCC04U05:497319:497467 [2] NCCL INFO Connected to proxy localRank 2 -> connection 0x7f5e68005098
MOC-R4PCC04U05:497319:497467 [2] NCCL INFO Channel 03/0 : 11[3] -> 2[2] [receive] via NET/IB/1/GDRDMA
MOC-R4PCC04U05:497320:497458 [3] NCCL INFO New proxy recv connection 1 from local rank 3, transport 0
MOC-R4PCC04U05:497320:497468 [3] NCCL INFO Connected to proxy localRank 3 -> connection 0x7f6798004fa8
MOC-R4PCC04U05:497320:497458 [3] NCCL INFO New proxy recv connection 2 from local rank 3, transport 0
MOC-R4PCC04U05:497320:497468 [3] NCCL INFO Connected to proxy localRank 3 -> connection 0x7f6798005020
MOC-R4PCC04U05:497317:497460 [0] NCCL INFO New proxy send connection 0 from local rank 0, transport 0
MOC-R4PCC04U05:497317:497470 [0] NCCL INFO Connected to proxy localRank 0 -> connection 0x7f8b1c004f30
MOC-R4PCC04U05:497320:497458 [3] NCCL INFO New proxy recv connection 3 from local rank 3, transport 0
MOC-R4PCC04U05:497320:497468 [3] NCCL INFO Connected to proxy localRank 3 -> connection 0x7f6798005098
MOC-R4PCC04U05:497320:497468 [3] NCCL INFO GPU Direct RDMA Enabled for GPU 3 / HCA 1 (distance 5 <= 5), read 1 mode Default
MOC-R4PCC04U05:497319:497461 [2] NCCL INFO New proxy send connection 4 from local rank 3, transport 2
MOC-R4PCC04U05:497317:497460 [0] NCCL INFO New proxy send connection 1 from local rank 0, transport 0
MOC-R4PCC04U05:497320:497468 [3] NCCL INFO Connected to proxy localRank 2 -> connection 0x7f5e68005110
MOC-R4PCC04U05:497317:497470 [0] NCCL INFO Connected to proxy localRank 0 -> connection 0x7f8b1c004fa8
MOC-R4PCC04U05:497320:497468 [3] NCCL INFO Channel 00/0 : 3[3] -> 6[2] [send] via NET/IB/1(2)/GDRDMA
MOC-R4PCC04U05:497320:497468 [3] NCCL INFO GPU Direct RDMA Enabled for GPU 3 / HCA 1 (distance 5 <= 5), read 1 mode Default
MOC-R4PCC04U05:497319:497461 [2] NCCL INFO New proxy send connection 5 from local rank 3, transport 2
MOC-R4PCC04U05:497320:497468 [3] NCCL INFO Connected to proxy localRank 2 -> connection 0x7f5e68005188
MOC-R4PCC04U05:497320:497468 [3] NCCL INFO Channel 01/0 : 3[3] -> 6[2] [send] via NET/IB/1(2)/GDRDMA
MOC-R4PCC04U05:497320:497468 [3] NCCL INFO GPU Direct RDMA Enabled for GPU 3 / HCA 1 (distance 5 <= 5), read 1 mode Default
MOC-R4PCC04U05:497319:497461 [2] NCCL INFO New proxy send connection 6 from local rank 3, transport 2
MOC-R4PCC04U05:497320:497468 [3] NCCL INFO Connected to proxy localRank 2 -> connection 0x7f5e68005200
MOC-R4PCC04U05:497320:497468 [3] NCCL INFO Channel 02/0 : 3[3] -> 6[2] [send] via NET/IB/1(2)/GDRDMA
MOC-R4PCC04U05:497320:497468 [3] NCCL INFO GPU Direct RDMA Enabled for GPU 3 / HCA 1 (distance 5 <= 5), read 1 mode Default
MOC-R4PCC04U05:497319:497461 [2] NCCL INFO New proxy send connection 7 from local rank 3, transport 2
MOC-R4PCC04U05:497320:497468 [3] NCCL INFO Connected to proxy localRank 2 -> connection 0x7f5e68005278
MOC-R4PCC04U05:497320:497468 [3] NCCL INFO Channel 03/0 : 3[3] -> 6[2] [send] via NET/IB/1(2)/GDRDMA
MOC-R4PCC04U05:497317:497460 [0] NCCL INFO New proxy send connection 2 from local rank 0, transport 0
MOC-R4PCC04U05:497317:497470 [0] NCCL INFO Connected to proxy localRank 0 -> connection 0x7f8b1c005020
MOC-R4PCC04U05:497317:497460 [0] NCCL INFO New proxy send connection 3 from local rank 0, transport 0
MOC-R4PCC04U05:497317:497470 [0] NCCL INFO Connected to proxy localRank 0 -> connection 0x7f8b1c005098
MOC-R4PCC04U05:497317:497460 [0] NCCL INFO New proxy recv connection 4 from local rank 0, transport 0
MOC-R4PCC04U05:497317:497470 [0] NCCL INFO Connected to proxy localRank 0 -> connection 0x7f8b1c005110
MOC-R4PCC04U05:497317:497460 [0] NCCL INFO New proxy send connection 5 from local rank 3, transport 0
MOC-R4PCC04U05:497320:497468 [3] NCCL INFO Connected to proxy localRank 0 -> connection 0x7f8b1c005188
MOC-R4PCC04U05:497317:497460 [0] NCCL INFO New proxy recv connection 6 from local rank 0, transport 0
MOC-R4PCC04U05:497317:497470 [0] NCCL INFO Connected to proxy localRank 0 -> connection 0x7f8b1c005200
MOC-R4PCC04U05:497317:497460 [0] NCCL INFO New proxy recv connection 7 from local rank 0, transport 0
MOC-R4PCC04U05:497317:497470 [0] NCCL INFO Connected to proxy localRank 0 -> connection 0x7f8b1c005278
MOC-R4PCC04U05:497317:497460 [0] NCCL INFO New proxy recv connection 8 from local rank 0, transport 0
MOC-R4PCC04U05:497317:497470 [0] NCCL INFO Connected to proxy localRank 0 -> connection 0x7f8b1c0052f0
MOC-R4PCC04U05:497319:497461 [2] NCCL INFO New proxy send connection 8 from local rank 2, transport 0
MOC-R4PCC04U05:497319:497467 [2] NCCL INFO Connected to proxy localRank 2 -> connection 0x7f5e680052f0
MOC-R4PCC04U05:497320:497458 [3] NCCL INFO New proxy send connection 4 from local rank 0, transport 0
MOC-R4PCC04U05:497317:497470 [0] NCCL INFO Connected to proxy localRank 3 -> connection 0x7f6798005110
MOC-R4PCC04U05:497319:497461 [2] NCCL INFO New proxy send connection 9 from local rank 2, transport 0
MOC-R4PCC04U05:497319:497467 [2] NCCL INFO Connected to proxy localRank 2 -> connection 0x7f5e68005368
MOC-R4PCC04U05:497319:497461 [2] NCCL INFO New proxy send connection 10 from local rank 2, transport 0
MOC-R4PCC04U05:497319:497467 [2] NCCL INFO Connected to proxy localRank 2 -> connection 0x7f5e680053e0
MOC-R4PCC04U05:497319:497461 [2] NCCL INFO New proxy send connection 11 from local rank 2, transport 0
MOC-R4PCC04U05:497319:497467 [2] NCCL INFO Connected to proxy localRank 2 -> connection 0x7f5e68005458
MOC-R4PCC04U05:497318:497459 [1] NCCL INFO New proxy send connection 8 from local rank 2, transport 0
MOC-R4PCC04U05:497319:497467 [2] NCCL INFO Connected to proxy localRank 1 -> connection 0x7f64ac0052f0
MOC-R4PCC04U05:497317:497460 [0] NCCL INFO New proxy send connection 9 from local rank 1, transport 0
MOC-R4PCC04U05:497318:497466 [1] NCCL INFO Connected to proxy localRank 0 -> connection 0x7f8b1c005368
MOC-R4PCC04U05:497319:497461 [2] NCCL INFO NET/IB: NCCL Dev 1 IbDev 0 Port 1 qpn 7534 mtu 3 query_ece={supported=1, vendor_id=0x15b3, options=0x30000002, comp_mask=0x0} GID 3 (0/C132A8C0FFFF0000) fifoRkey=0x174705 fifoLkey=0x174705
MOC-R4PCC04U05:497319:497461 [2] NCCL INFO NET/IB: NCCL Dev 1 IbDev 0 Port 1 qpn 7535 mtu 3 query_ece={supported=1, vendor_id=0x15b3, options=0x30000002, comp_mask=0x0} GID 3 (0/C132A8C0FFFF0000) fifoRkey=0x172eed fifoLkey=0x172eed
MOC-R4PCC04U05:497319:497461 [2] NCCL INFO NET/IB: NCCL Dev 1 IbDev 0 Port 1 qpn 7536 mtu 3 query_ece={supported=1, vendor_id=0x15b3, options=0x30000002, comp_mask=0x0} GID 3 (0/C132A8C0FFFF0000) fifoRkey=0x17d796 fifoLkey=0x17d796
MOC-R4PCC04U05:497319:497461 [2] NCCL INFO NET/IB: IbDev 0 Port 1 qpn 7671 set_ece={supported=1, vendor_id=0x15b3, options=0x0, comp_mask=0x0}
MOC-R4PCC04U05:497319:497461 [2] NCCL INFO NET/IB: IbDev 0 Port 1 qpn 7673 set_ece={supported=1, vendor_id=0x15b3, options=0x0, comp_mask=0x0}
MOC-R4PCC04U05:497318:497459 [1] NCCL INFO New proxy send connection 9 from local rank 0, transport 0
MOC-R4PCC04U05:497317:497470 [0] NCCL INFO Connected to proxy localRank 1 -> connection 0x7f64ac005368
MOC-R4PCC04U05:497319:497461 [2] NCCL INFO NET/IB: IbDev 0 Port 1 qpn 7675 set_ece={supported=1, vendor_id=0x15b3, options=0x0, comp_mask=0x0}
MOC-R4PCC04U05:497319:497461 [2] NCCL INFO NET/IB: NCCL Dev 1 IbDev 0 Port 1 qpn 7537 mtu 3 query_ece={supported=1, vendor_id=0x15b3, options=0x30000002, comp_mask=0x0} GID 3 (0/C132A8C0FFFF0000) fifoRkey=0x173af9 fifoLkey=0x173af9
MOC-R4PCC04U05:497319:497461 [2] NCCL INFO New proxy send connection 12 from local rank 3, transport 0
MOC-R4PCC04U05:497320:497468 [3] NCCL INFO Connected to proxy localRank 2 -> connection 0x7f5e680054d0
MOC-R4PCC04U05:497319:497461 [2] NCCL INFO New proxy send connection 13 from local rank 1, transport 0
MOC-R4PCC04U05:497318:497466 [1] NCCL INFO Connected to proxy localRank 2 -> connection 0x7f5e68005548
MOC-R4PCC04U05:497319:497461 [2] NCCL INFO NET/IB: IbDev 0 Port 1 qpn 7677 set_ece={supported=1, vendor_id=0x15b3, options=0x0, comp_mask=0x0}
num decayed parameter tensors: 50, with 124,318,464 parameters
num non-decayed parameter tensors: 98, with 121,344 parameters
using fused AdamW: False
using regular AdamW
MOC-R4PCC04U05:497317:497460 [0] NCCL INFO New proxy send connection 10 from local rank 0, transport 0
MOC-R4PCC04U05:497317:498159 [0] NCCL INFO Connected to proxy localRank 0 -> connection 0x7f8b1c0053e0
MOC-R4PCC04U05:497317:497460 [0] NCCL INFO New proxy send connection 11 from local rank 0, transport 0
MOC-R4PCC04U05:497317:498159 [0] NCCL INFO Connected to proxy localRank 0 -> connection 0x7f8b1c005458
MOC-R4PCC04U05:497317:497460 [0] NCCL INFO New proxy send connection 12 from local rank 0, transport 0
MOC-R4PCC04U05:497317:498159 [0] NCCL INFO Connected to proxy localRank 0 -> connection 0x7f8b1c0054d0
MOC-R4PCC04U05:497317:497460 [0] NCCL INFO New proxy send connection 13 from local rank 0, transport 0
MOC-R4PCC04U05:497317:498159 [0] NCCL INFO Connected to proxy localRank 0 -> connection 0x7f8b1c005548
MOC-R4PCC04U05:497319:497461 [2] NCCL INFO New proxy send connection 14 from local rank 2, transport 0
MOC-R4PCC04U05:497319:498160 [2] NCCL INFO Connected to proxy localRank 2 -> connection 0x7f5e680055c0
MOC-R4PCC04U05:497319:497461 [2] NCCL INFO New proxy send connection 15 from local rank 2, transport 0
MOC-R4PCC04U05:497319:498160 [2] NCCL INFO Connected to proxy localRank 2 -> connection 0x7f5e68005638
MOC-R4PCC04U05:497319:497461 [2] NCCL INFO New proxy send connection 16 from local rank 2, transport 0
MOC-R4PCC04U05:497319:498160 [2] NCCL INFO Connected to proxy localRank 2 -> connection 0x7f5e680056b0
MOC-R4PCC04U05:497319:497461 [2] NCCL INFO New proxy send connection 17 from local rank 2, transport 0
MOC-R4PCC04U05:497319:498160 [2] NCCL INFO Connected to proxy localRank 2 -> connection 0x7f5e68005728
MOC-R4PCC04U05:497318:497459 [1] NCCL INFO New proxy recv connection 10 from local rank 1, transport 0
MOC-R4PCC04U05:497318:498161 [1] NCCL INFO Connected to proxy localRank 1 -> connection 0x7f64ac0053e0
MOC-R4PCC04U05:497318:497459 [1] NCCL INFO New proxy recv connection 11 from local rank 1, transport 0
MOC-R4PCC04U05:497318:498161 [1] NCCL INFO Connected to proxy localRank 1 -> connection 0x7f64ac005458
MOC-R4PCC04U05:497318:497459 [1] NCCL INFO New proxy recv connection 12 from local rank 1, transport 0
MOC-R4PCC04U05:497318:498161 [1] NCCL INFO Connected to proxy localRank 1 -> connection 0x7f64ac0054d0
MOC-R4PCC04U05:497318:497459 [1] NCCL INFO New proxy recv connection 13 from local rank 1, transport 0
MOC-R4PCC04U05:497318:498161 [1] NCCL INFO Connected to proxy localRank 1 -> connection 0x7f64ac005548
MOC-R4PCC04U05:497317:497460 [0] NCCL INFO New proxy recv connection 14 from local rank 0, transport 0
MOC-R4PCC04U05:497317:498159 [0] NCCL INFO Connected to proxy localRank 0 -> connection 0x7f8b1c0055c0
MOC-R4PCC04U05:497317:497460 [0] NCCL INFO New proxy recv connection 15 from local rank 0, transport 0
MOC-R4PCC04U05:497317:498159 [0] NCCL INFO Connected to proxy localRank 0 -> connection 0x7f8b1c005638
MOC-R4PCC04U05:497317:497460 [0] NCCL INFO New proxy recv connection 16 from local rank 0, transport 0
MOC-R4PCC04U05:497317:498159 [0] NCCL INFO Connected to proxy localRank 0 -> connection 0x7f8b1c0056b0
MOC-R4PCC04U05:497317:497460 [0] NCCL INFO New proxy recv connection 17 from local rank 0, transport 0
MOC-R4PCC04U05:497317:498159 [0] NCCL INFO Connected to proxy localRank 0 -> connection 0x7f8b1c005728
MOC-R4PCC04U05:497320:497458 [3] NCCL INFO New proxy recv connection 5 from local rank 3, transport 0
MOC-R4PCC04U05:497320:498162 [3] NCCL INFO Connected to proxy localRank 3 -> connection 0x7f6798005188
MOC-R4PCC04U05:497320:497458 [3] NCCL INFO New proxy recv connection 6 from local rank 3, transport 0
MOC-R4PCC04U05:497320:498162 [3] NCCL INFO Connected to proxy localRank 3 -> connection 0x7f6798005200
MOC-R4PCC04U05:497320:497458 [3] NCCL INFO New proxy recv connection 7 from local rank 3, transport 0
MOC-R4PCC04U05:497320:498162 [3] NCCL INFO Connected to proxy localRank 3 -> connection 0x7f6798005278
MOC-R4PCC04U05:497320:497458 [3] NCCL INFO New proxy recv connection 8 from local rank 3, transport 0
MOC-R4PCC04U05:497320:498162 [3] NCCL INFO Connected to proxy localRank 3 -> connection 0x7f67980052f0
MOC-R4PCC04U05:497320:497458 [3] NCCL INFO New proxy send connection 9 from local rank 3, transport 0
MOC-R4PCC04U05:497320:498162 [3] NCCL INFO Connected to proxy localRank 3 -> connection 0x7f6798005368
MOC-R4PCC04U05:497319:498160 [2] NCCL INFO GPU Direct RDMA Enabled for GPU 2 / HCA 1 (distance 5 <= 5), read 0 mode Default
MOC-R4PCC04U05:497319:497461 [2] NCCL INFO New proxy recv connection 18 from local rank 2, transport 2
MOC-R4PCC04U05:497319:498160 [2] NCCL INFO Connected to proxy localRank 2 -> connection 0x7f5e680057a0
MOC-R4PCC04U05:497320:497458 [3] NCCL INFO New proxy send connection 10 from local rank 3, transport 0
MOC-R4PCC04U05:497320:498162 [3] NCCL INFO Connected to proxy localRank 3 -> connection 0x7f67980053e0
MOC-R4PCC04U05:497319:498160 [2] NCCL INFO Channel 00/0 : 10[2] -> 2[2] [receive] via NET/IB/1/GDRDMA
MOC-R4PCC04U05:497319:498160 [2] NCCL INFO GPU Direct RDMA Enabled for GPU 2 / HCA 1 (distance 5 <= 5), read 0 mode Default
MOC-R4PCC04U05:497320:497458 [3] NCCL INFO New proxy send connection 11 from local rank 3, transport 0
MOC-R4PCC04U05:497320:498162 [3] NCCL INFO Connected to proxy localRank 3 -> connection 0x7f6798005458
MOC-R4PCC04U05:497320:497458 [3] NCCL INFO New proxy send connection 12 from local rank 3, transport 0
MOC-R4PCC04U05:497320:498162 [3] NCCL INFO Connected to proxy localRank 3 -> connection 0x7f67980054d0
MOC-R4PCC04U05:497320:497458 [3] NCCL INFO New proxy send connection 13 from local rank 3, transport 0
MOC-R4PCC04U05:497320:498162 [3] NCCL INFO Connected to proxy localRank 3 -> connection 0x7f6798005548
MOC-R4PCC04U05:497319:497461 [2] NCCL INFO New proxy recv connection 19 from local rank 2, transport 2
MOC-R4PCC04U05:497319:498160 [2] NCCL INFO Connected to proxy localRank 2 -> connection 0x7f5e68005818
MOC-R4PCC04U05:497319:498160 [2] NCCL INFO Channel 01/0 : 10[2] -> 2[2] [receive] via NET/IB/1/GDRDMA
MOC-R4PCC04U05:497319:498160 [2] NCCL INFO GPU Direct RDMA Enabled for GPU 2 / HCA 1 (distance 5 <= 5), read 0 mode Default
MOC-R4PCC04U05:497319:497461 [2] NCCL INFO New proxy recv connection 20 from local rank 2, transport 2
MOC-R4PCC04U05:497319:498160 [2] NCCL INFO Connected to proxy localRank 2 -> connection 0x7f5e68005890
MOC-R4PCC04U05:497320:497458 [3] NCCL INFO New proxy send connection 14 from local rank 3, transport 0
MOC-R4PCC04U05:497320:498162 [3] NCCL INFO Connected to proxy localRank 3 -> connection 0x7f67980055c0
MOC-R4PCC04U05:497319:498160 [2] NCCL INFO Channel 02/0 : 10[2] -> 2[2] [receive] via NET/IB/1/GDRDMA
MOC-R4PCC04U05:497319:498160 [2] NCCL INFO GPU Direct RDMA Enabled for GPU 2 / HCA 1 (distance 5 <= 5), read 0 mode Default
MOC-R4PCC04U05:497319:497461 [2] NCCL INFO New proxy recv connection 21 from local rank 2, transport 2
MOC-R4PCC04U05:497319:498160 [2] NCCL INFO Connected to proxy localRank 2 -> connection 0x7f5e68005908
MOC-R4PCC04U05:497319:498160 [2] NCCL INFO Channel 03/0 : 10[2] -> 2[2] [receive] via NET/IB/1/GDRDMA
MOC-R4PCC04U05:497319:498160 [2] NCCL INFO GPU Direct RDMA Enabled for GPU 2 / HCA 1 (distance 5 <= 5), read 1 mode Default
MOC-R4PCC04U05:497319:497461 [2] NCCL INFO New proxy send connection 22 from local rank 2, transport 2
MOC-R4PCC04U05:497319:498160 [2] NCCL INFO Connected to proxy localRank 2 -> connection 0x7f5e68005980
MOC-R4PCC04U05:497320:497458 [3] NCCL INFO New proxy send connection 15 from local rank 3, transport 0
MOC-R4PCC04U05:497320:498162 [3] NCCL INFO Connected to proxy localRank 3 -> connection 0x7f6798005638
MOC-R4PCC04U05:497319:498160 [2] NCCL INFO Channel 02/0 : 2[2] -> 6[2] [send] via NET/IB/1/GDRDMA
MOC-R4PCC04U05:497319:498160 [2] NCCL INFO GPU Direct RDMA Enabled for GPU 2 / HCA 1 (distance 5 <= 5), read 1 mode Default
MOC-R4PCC04U05:497319:497461 [2] NCCL INFO New proxy send connection 23 from local rank 2, transport 2
MOC-R4PCC04U05:497319:498160 [2] NCCL INFO Connected to proxy localRank 2 -> connection 0x7f5e680059f8
MOC-R4PCC04U05:497319:498160 [2] NCCL INFO Channel 03/0 : 2[2] -> 6[2] [send] via NET/IB/1/GDRDMA
MOC-R4PCC04U05:497319:498160 [2] NCCL INFO GPU Direct RDMA Enabled for GPU 2 / HCA 1 (distance 5 <= 5), read 0 mode Default
MOC-R4PCC04U05:497319:497461 [2] NCCL INFO New proxy recv connection 24 from local rank 2, transport 2
MOC-R4PCC04U05:497319:498160 [2] NCCL INFO Connected to proxy localRank 2 -> connection 0x7f5e68005a70
MOC-R4PCC04U05:497319:498160 [2] NCCL INFO Channel 02/0 : 6[2] -> 2[2] [receive] via NET/IB/1/GDRDMA
MOC-R4PCC04U05:497319:498160 [2] NCCL INFO GPU Direct RDMA Enabled for GPU 2 / HCA 1 (distance 5 <= 5), read 0 mode Default
MOC-R4PCC04U05:497320:497458 [3] NCCL INFO New proxy send connection 16 from local rank 3, transport 0
MOC-R4PCC04U05:497320:498162 [3] NCCL INFO Connected to proxy localRank 3 -> connection 0x7f67980056b0
MOC-R4PCC04U05:497319:497461 [2] NCCL INFO New proxy recv connection 25 from local rank 2, transport 2
MOC-R4PCC04U05:497319:498160 [2] NCCL INFO Connected to proxy localRank 2 -> connection 0x7f5e68005ae8
MOC-R4PCC04U05:497319:498160 [2] NCCL INFO Channel 03/0 : 6[2] -> 2[2] [receive] via NET/IB/1/GDRDMA
MOC-R4PCC04U05:497319:498160 [2] NCCL INFO GPU Direct RDMA Enabled for GPU 2 / HCA 1 (distance 5 <= 5), read 1 mode Default
MOC-R4PCC04U05:497319:497461 [2] NCCL INFO New proxy send connection 26 from local rank 2, transport 2
MOC-R4PCC04U05:497319:498160 [2] NCCL INFO Connected to proxy localRank 2 -> connection 0x7f5e68005b60
MOC-R4PCC04U05:497319:498160 [2] NCCL INFO Channel 00/0 : 2[2] -> 10[2] [send] via NET/IB/1/GDRDMA
MOC-R4PCC04U05:497319:498160 [2] NCCL INFO GPU Direct RDMA Enabled for GPU 2 / HCA 1 (distance 5 <= 5), read 1 mode Default
MOC-R4PCC04U05:497319:497461 [2] NCCL INFO New proxy send connection 27 from local rank 2, transport 2
MOC-R4PCC04U05:497319:498160 [2] NCCL INFO Connected to proxy localRank 2 -> connection 0x7f5e68005bd8
MOC-R4PCC04U05:497319:498160 [2] NCCL INFO Channel 01/0 : 2[2] -> 10[2] [send] via NET/IB/1/GDRDMA
MOC-R4PCC04U05:497319:498160 [2] NCCL INFO GPU Direct RDMA Enabled for GPU 2 / HCA 1 (distance 5 <= 5), read 1 mode Default
MOC-R4PCC04U05:497319:497461 [2] NCCL INFO New proxy send connection 28 from local rank 2, transport 2
MOC-R4PCC04U05:497319:498160 [2] NCCL INFO Connected to proxy localRank 2 -> connection 0x7f5e68005c50
MOC-R4PCC04U05:497319:498160 [2] NCCL INFO Channel 02/0 : 2[2] -> 10[2] [send] via NET/IB/1/GDRDMA
MOC-R4PCC04U05:497319:498160 [2] NCCL INFO GPU Direct RDMA Enabled for GPU 2 / HCA 1 (distance 5 <= 5), read 1 mode Default
MOC-R4PCC04U05:497319:497461 [2] NCCL INFO New proxy send connection 29 from local rank 2, transport 2
MOC-R4PCC04U05:497319:498160 [2] NCCL INFO Connected to proxy localRank 2 -> connection 0x7f5e68005cc8
MOC-R4PCC04U05:497319:498160 [2] NCCL INFO Channel 03/0 : 2[2] -> 10[2] [send] via NET/IB/1/GDRDMA
MOC-R4PCC04U05:497319:497461 [2] NCCL INFO New proxy recv connection 30 from local rank 2, transport 0
MOC-R4PCC04U05:497319:498160 [2] NCCL INFO Connected to proxy localRank 2 -> connection 0x7f5e68005d40
MOC-R4PCC04U05:497319:497461 [2] NCCL INFO New proxy recv connection 31 from local rank 2, transport 0
MOC-R4PCC04U05:497319:498160 [2] NCCL INFO Connected to proxy localRank 2 -> connection 0x7f5e68005db8
MOC-R4PCC04U05:497319:497461 [2] NCCL INFO New proxy recv connection 32 from local rank 2, transport 0
MOC-R4PCC04U05:497319:498160 [2] NCCL INFO Connected to proxy localRank 2 -> connection 0x7f5e68005e30
MOC-R4PCC04U05:497319:497461 [2] NCCL INFO New proxy recv connection 33 from local rank 2, transport 0
MOC-R4PCC04U05:497319:498160 [2] NCCL INFO Connected to proxy localRank 2 -> connection 0x7f5e68005ea8
MOC-R4PCC04U05:497320:497458 [3] NCCL INFO New proxy send connection 17 from local rank 2, transport 0
MOC-R4PCC04U05:497319:498160 [2] NCCL INFO Connected to proxy localRank 3 -> connection 0x7f6798005728
MOC-R4PCC04U05:497319:497461 [2] NCCL INFO NET/IB: NCCL Dev 1 IbDev 0 Port 1 qpn 7544 mtu 3 query_ece={supported=1, vendor_id=0x15b3, options=0x30000002, comp_mask=0x0} GID 3 (0/C132A8C0FFFF0000) fifoRkey=0x17c584 fifoLkey=0x17c584
MOC-R4PCC04U05:497319:497461 [2] NCCL INFO NET/IB: NCCL Dev 1 IbDev 0 Port 1 qpn 7545 mtu 3 query_ece={supported=1, vendor_id=0x15b3, options=0x30000002, comp_mask=0x0} GID 3 (0/C132A8C0FFFF0000) fifoRkey=0x180ac9 fifoLkey=0x180ac9
MOC-R4PCC04U05:497319:497461 [2] NCCL INFO NET/IB: NCCL Dev 1 IbDev 0 Port 1 qpn 7548 mtu 3 query_ece={supported=1, vendor_id=0x15b3, options=0x30000002, comp_mask=0x0} GID 3 (0/C132A8C0FFFF0000) fifoRkey=0x17b878 fifoLkey=0x17b878
MOC-R4PCC04U05:497319:497461 [2] NCCL INFO NET/IB: NCCL Dev 1 IbDev 0 Port 1 qpn 7549 mtu 3 query_ece={supported=1, vendor_id=0x15b3, options=0x30000002, comp_mask=0x0} GID 3 (0/C132A8C0FFFF0000) fifoRkey=0x17e5a4 fifoLkey=0x17e5a4
MOC-R4PCC04U05:497319:497461 [2] NCCL INFO NET/IB: IbDev 0 Port 1 qpn 7690 set_ece={supported=1, vendor_id=0x15b3, options=0x0, comp_mask=0x0}
MOC-R4PCC04U05:497319:497461 [2] NCCL INFO NET/IB: IbDev 0 Port 1 qpn 7692 set_ece={supported=1, vendor_id=0x15b3, options=0x0, comp_mask=0x0}
MOC-R4PCC04U05:497319:497461 [2] NCCL INFO NET/IB: NCCL Dev 1 IbDev 0 Port 1 qpn 7560 mtu 3 query_ece={supported=1, vendor_id=0x15b3, options=0x30000002, comp_mask=0x0} GID 3 (0/C132A8C0FFFF0000) fifoRkey=0x17da99 fifoLkey=0x17da99
MOC-R4PCC04U05:497319:497461 [2] NCCL INFO NET/IB: IbDev 0 Port 1 qpn 3468 set_ece={supported=1, vendor_id=0x15b3, options=0x0, comp_mask=0x0}
MOC-R4PCC04U05:497319:497461 [2] NCCL INFO NET/IB: IbDev 0 Port 1 qpn 3470 set_ece={supported=1, vendor_id=0x15b3, options=0x0, comp_mask=0x0}
MOC-R4PCC04U05:497319:497461 [2] NCCL INFO NET/IB: NCCL Dev 1 IbDev 0 Port 1 qpn 7561 mtu 3 query_ece={supported=1, vendor_id=0x15b3, options=0x30000002, comp_mask=0x0} GID 3 (0/C132A8C0FFFF0000) fifoRkey=0x17f5b4 fifoLkey=0x17f5b4
MOC-R4PCC04U05:497319:497461 [2] NCCL INFO NET/IB: IbDev 0 Port 1 qpn 3472 set_ece={supported=1, vendor_id=0x15b3, options=0x0, comp_mask=0x0}
MOC-R4PCC04U05:497319:497461 [2] NCCL INFO NET/IB: IbDev 0 Port 1 qpn 3474 set_ece={supported=1, vendor_id=0x15b3, options=0x0, comp_mask=0x0}
step    1/10 | train loss 11.009422 | norm 15.3732 | lr 1.00e-04 | (14303.10 ms | 164950 tok/s)
step    2/10 | train loss 10.139729 | norm 5.7264 | lr 1.00e-04 | (520.78 ms | 4530282 tok/s)
step    3/10 | train loss 9.799684 | norm 2.6010 | lr 1.00e-04 | (518.10 ms | 4553740 tok/s)
step    4/10 | train loss 9.631040 | norm 2.1093 | lr 1.00e-04 | (519.17 ms | 4544371 tok/s)
step    5/10 | train loss 9.548265 | norm 2.0938 | lr 1.00e-04 | (521.82 ms | 4521297 tok/s)
step    6/10 | train loss 9.467413 | norm 1.9919 | lr 1.00e-04 | (520.96 ms | 4528715 tok/s)
step    7/10 | train loss 9.382086 | norm 1.9418 | lr 1.00e-04 | (519.27 ms | 4543459 tok/s)
step    8/10 | train loss 9.290596 | norm 1.9079 | lr 1.00e-04 | (519.32 ms | 4543076 tok/s)
step    9/10 | train loss 9.195724 | norm 1.8515 | lr 1.00e-04 | (519.71 ms | 4539631 tok/s)
step   10/10 | train loss 9.111583 | norm 1.7901 | lr 1.00e-04 | (520.84 ms | 4529803 tok/s)
final 9 iters avg: 519.997ms
peak memory consumption: 16601 MiB
