Running pytorch 2.7.0+cu126
using device: cuda:0
total desired batch size: 3145728
=> calculated gradient accumulation steps: 8
using device: cuda:2
using device: cuda:1
using device: cuda:3
compiling the model...
DataLoader: total number of tokens: 1,661,249,667 across 103 files
MOC-R4PCC04U05:531395:531395 [0] NCCL INFO NCCL_SOCKET_IFNAME set to eno7np0
MOC-R4PCC04U05:531395:531395 [0] NCCL INFO NCCL version 2.26.2+cuda12.2
MOC-R4PCC04U05:531395:531499 [0] NCCL INFO NET/Plugin: Could not find: libnccl-net.so. Using internal net plugin.
MOC-R4PCC04U05:531395:531499 [0] NCCL INFO NCCL_IB_HCA set to mlx5_5
MOC-R4PCC04U05:531395:531499 [0] NCCL INFO NET/IB : Made virtual device [0] name=mlx5_5 speed=400000 ndevs=1
MOC-R4PCC04U05:531395:531499 [0] NCCL INFO NET/IB : Using [0]mlx5_5:1/RoCE [RO]; OOB eno7np0:192.168.50.193<0>
MOC-R4PCC04U05:531398:531398 [3] NCCL INFO NCCL_SOCKET_IFNAME set to eno7np0
MOC-R4PCC04U05:531398:531398 [3] NCCL INFO NCCL version 2.26.2+cuda12.2
MOC-R4PCC04U05:531397:531397 [2] NCCL INFO NCCL_SOCKET_IFNAME set to eno7np0
MOC-R4PCC04U05:531396:531396 [1] NCCL INFO NCCL_SOCKET_IFNAME set to eno7np0
MOC-R4PCC04U05:531397:531397 [2] NCCL INFO NCCL version 2.26.2+cuda12.2
MOC-R4PCC04U05:531396:531396 [1] NCCL INFO NCCL version 2.26.2+cuda12.2
MOC-R4PCC04U05:531398:531522 [3] NCCL INFO NET/Plugin: Could not find: libnccl-net.so. Using internal net plugin.
MOC-R4PCC04U05:531398:531522 [3] NCCL INFO NCCL_IB_HCA set to mlx5_5
MOC-R4PCC04U05:531397:531524 [2] NCCL INFO NET/Plugin: Could not find: libnccl-net.so. Using internal net plugin.
MOC-R4PCC04U05:531396:531523 [1] NCCL INFO NET/Plugin: Could not find: libnccl-net.so. Using internal net plugin.
MOC-R4PCC04U05:531397:531524 [2] NCCL INFO NCCL_IB_HCA set to mlx5_5
MOC-R4PCC04U05:531396:531523 [1] NCCL INFO NCCL_IB_HCA set to mlx5_5
MOC-R4PCC04U05:531398:531522 [3] NCCL INFO NET/IB : Made virtual device [0] name=mlx5_5 speed=400000 ndevs=1
MOC-R4PCC04U05:531398:531522 [3] NCCL INFO NET/IB : Using [0]mlx5_5:1/RoCE [RO]; OOB eno7np0:192.168.50.193<0>
MOC-R4PCC04U05:531396:531523 [1] NCCL INFO NET/IB : Made virtual device [0] name=mlx5_5 speed=400000 ndevs=1
MOC-R4PCC04U05:531397:531524 [2] NCCL INFO NET/IB : Made virtual device [0] name=mlx5_5 speed=400000 ndevs=1
MOC-R4PCC04U05:531396:531523 [1] NCCL INFO NET/IB : Using [0]mlx5_5:1/RoCE [RO]; OOB eno7np0:192.168.50.193<0>
MOC-R4PCC04U05:531397:531524 [2] NCCL INFO NET/IB : Using [0]mlx5_5:1/RoCE [RO]; OOB eno7np0:192.168.50.193<0>
MOC-R4PCC04U05:531397:531524 [2] NCCL INFO NET/IB : GPU Direct RDMA Enabled for HCA 0 'mlx5_5'
MOC-R4PCC04U05:531397:531524 [2] NCCL INFO NET/IB : Made virtual device [1] name=mlx5_5 speed=400000 ndevs=1
MOC-R4PCC04U05:531397:531524 [2] NCCL INFO NET/IB : GPU Direct RDMA Enabled for HCA 0 'mlx5_5'
MOC-R4PCC04U05:531397:531524 [2] NCCL INFO NET/IB : GPU Direct RDMA Enabled for HCA 1 'mlx5_5'
MOC-R4PCC04U05:531396:531523 [1] NCCL INFO NET/IB : GPU Direct RDMA Enabled for HCA 0 'mlx5_5'
MOC-R4PCC04U05:531396:531523 [1] NCCL INFO NET/IB : Made virtual device [1] name=mlx5_5 speed=400000 ndevs=1
MOC-R4PCC04U05:531396:531523 [1] NCCL INFO NET/IB : GPU Direct RDMA Enabled for HCA 0 'mlx5_5'
MOC-R4PCC04U05:531396:531523 [1] NCCL INFO NET/IB : GPU Direct RDMA Enabled for HCA 1 'mlx5_5'
MOC-R4PCC04U05:531395:531499 [0] NCCL INFO NET/IB : GPU Direct RDMA Enabled for HCA 0 'mlx5_5'
MOC-R4PCC04U05:531395:531499 [0] NCCL INFO NET/IB : Made virtual device [1] name=mlx5_5 speed=400000 ndevs=1
MOC-R4PCC04U05:531395:531499 [0] NCCL INFO NET/IB : GPU Direct RDMA Enabled for HCA 0 'mlx5_5'
MOC-R4PCC04U05:531395:531499 [0] NCCL INFO NET/IB : GPU Direct RDMA Enabled for HCA 1 'mlx5_5'
MOC-R4PCC04U05:531398:531522 [3] NCCL INFO NET/IB : GPU Direct RDMA Enabled for HCA 0 'mlx5_5'
MOC-R4PCC04U05:531398:531522 [3] NCCL INFO NET/IB : Made virtual device [1] name=mlx5_5 speed=400000 ndevs=1
MOC-R4PCC04U05:531398:531522 [3] NCCL INFO NET/IB : GPU Direct RDMA Enabled for HCA 0 'mlx5_5'
MOC-R4PCC04U05:531398:531522 [3] NCCL INFO NET/IB : GPU Direct RDMA Enabled for HCA 1 'mlx5_5'
MOC-R4PCC04U05:531395:531499 [0] NCCL INFO NCCL_NET_GDR_LEVEL set by environment to LOC
MOC-R4PCC04U05:531395:531499 [0] NCCL INFO GPU Direct RDMA Disabled for GPU 0 / HCA 1 (distance 5 > 0)
MOC-R4PCC04U05:531395:531499 [0] NCCL INFO GPU Direct RDMA Disabled for GPU 1 / HCA 1 (distance 5 > 0)
MOC-R4PCC04U05:531395:531499 [0] NCCL INFO GPU Direct RDMA Disabled for GPU 2 / HCA 1 (distance 5 > 0)
MOC-R4PCC04U05:531395:531499 [0] NCCL INFO GPU Direct RDMA Disabled for GPU 0 / HCA 1 (distance 5 > 0)
MOC-R4PCC04U05:531395:531499 [0] NCCL INFO GPU Direct RDMA Disabled for GPU 1 / HCA 1 (distance 5 > 0)
MOC-R4PCC04U05:531395:531499 [0] NCCL INFO GPU Direct RDMA Disabled for GPU 2 / HCA 1 (distance 5 > 0)
MOC-R4PCC04U05:531396:531523 [1] NCCL INFO NCCL_NET_GDR_LEVEL set by environment to LOC
MOC-R4PCC04U05:531396:531523 [1] NCCL INFO GPU Direct RDMA Disabled for GPU 0 / HCA 1 (distance 5 > 0)
MOC-R4PCC04U05:531396:531523 [1] NCCL INFO GPU Direct RDMA Disabled for GPU 1 / HCA 1 (distance 5 > 0)
MOC-R4PCC04U05:531396:531523 [1] NCCL INFO GPU Direct RDMA Disabled for GPU 2 / HCA 1 (distance 5 > 0)
MOC-R4PCC04U05:531398:531522 [3] NCCL INFO NCCL_NET_GDR_LEVEL set by environment to LOC
MOC-R4PCC04U05:531396:531523 [1] NCCL INFO GPU Direct RDMA Disabled for GPU 0 / HCA 1 (distance 5 > 0)
MOC-R4PCC04U05:531398:531522 [3] NCCL INFO GPU Direct RDMA Disabled for GPU 0 / HCA 1 (distance 5 > 0)
MOC-R4PCC04U05:531396:531523 [1] NCCL INFO GPU Direct RDMA Disabled for GPU 1 / HCA 1 (distance 5 > 0)
MOC-R4PCC04U05:531398:531522 [3] NCCL INFO GPU Direct RDMA Disabled for GPU 1 / HCA 1 (distance 5 > 0)
MOC-R4PCC04U05:531396:531523 [1] NCCL INFO GPU Direct RDMA Disabled for GPU 2 / HCA 1 (distance 5 > 0)
MOC-R4PCC04U05:531398:531522 [3] NCCL INFO GPU Direct RDMA Disabled for GPU 2 / HCA 1 (distance 5 > 0)
MOC-R4PCC04U05:531398:531522 [3] NCCL INFO GPU Direct RDMA Disabled for GPU 0 / HCA 1 (distance 5 > 0)
MOC-R4PCC04U05:531398:531522 [3] NCCL INFO GPU Direct RDMA Disabled for GPU 1 / HCA 1 (distance 5 > 0)
MOC-R4PCC04U05:531398:531522 [3] NCCL INFO GPU Direct RDMA Disabled for GPU 2 / HCA 1 (distance 5 > 0)
MOC-R4PCC04U05:531397:531524 [2] NCCL INFO NCCL_NET_GDR_LEVEL set by environment to LOC
MOC-R4PCC04U05:531397:531524 [2] NCCL INFO GPU Direct RDMA Disabled for GPU 0 / HCA 1 (distance 5 > 0)
MOC-R4PCC04U05:531397:531524 [2] NCCL INFO GPU Direct RDMA Disabled for GPU 1 / HCA 1 (distance 5 > 0)
MOC-R4PCC04U05:531397:531524 [2] NCCL INFO GPU Direct RDMA Disabled for GPU 2 / HCA 1 (distance 5 > 0)
MOC-R4PCC04U05:531397:531524 [2] NCCL INFO GPU Direct RDMA Disabled for GPU 0 / HCA 1 (distance 5 > 0)
MOC-R4PCC04U05:531397:531524 [2] NCCL INFO GPU Direct RDMA Disabled for GPU 1 / HCA 1 (distance 5 > 0)
MOC-R4PCC04U05:531397:531524 [2] NCCL INFO GPU Direct RDMA Disabled for GPU 2 / HCA 1 (distance 5 > 0)
MOC-R4PCC04U05:531398:531538 [3] NCCL INFO New proxy recv connection 0 from local rank 3, transport 0
MOC-R4PCC04U05:531398:531544 [3] NCCL INFO Connected to proxy localRank 3 -> connection 0x7f8274004f30
MOC-R4PCC04U05:531398:531538 [3] NCCL INFO New proxy recv connection 1 from local rank 3, transport 0
MOC-R4PCC04U05:531398:531544 [3] NCCL INFO Connected to proxy localRank 3 -> connection 0x7f8274004fa8
MOC-R4PCC04U05:531398:531544 [3] NCCL INFO GPU Direct RDMA Disabled for GPU 3 / HCA 1 (distance 7 > 0)
MOC-R4PCC04U05:531397:531539 [2] NCCL INFO New proxy recv connection 0 from local rank 2, transport 0
MOC-R4PCC04U05:531397:531545 [2] NCCL INFO Connected to proxy localRank 2 -> connection 0x7fa158004f30
MOC-R4PCC04U05:531397:531539 [2] NCCL INFO New proxy recv connection 1 from local rank 2, transport 0
MOC-R4PCC04U05:531397:531545 [2] NCCL INFO Connected to proxy localRank 2 -> connection 0x7fa158004fa8
MOC-R4PCC04U05:531396:531536 [1] NCCL INFO New proxy recv connection 0 from local rank 1, transport 0
MOC-R4PCC04U05:531396:531546 [1] NCCL INFO Connected to proxy localRank 1 -> connection 0x7f3a84004f30
MOC-R4PCC04U05:531395:531542 [0] NCCL INFO New proxy send connection 0 from local rank 0, transport 0
MOC-R4PCC04U05:531395:531547 [0] NCCL INFO Connected to proxy localRank 0 -> connection 0x7f7d6c004f30
MOC-R4PCC04U05:531396:531536 [1] NCCL INFO New proxy recv connection 1 from local rank 1, transport 0
MOC-R4PCC04U05:531396:531546 [1] NCCL INFO Connected to proxy localRank 1 -> connection 0x7f3a84004fa8
MOC-R4PCC04U05:531395:531542 [0] NCCL INFO New proxy send connection 1 from local rank 0, transport 0
MOC-R4PCC04U05:531395:531547 [0] NCCL INFO Connected to proxy localRank 0 -> connection 0x7f7d6c004fa8
MOC-R4PCC04U05:531397:531545 [2] NCCL INFO GPU Direct RDMA Disabled for GPU 2 / HCA 1 (distance 7 > 0)
MOC-R4PCC04U05:531395:531542 [0] NCCL INFO New proxy send connection 2 from local rank 0, transport 0
MOC-R4PCC04U05:531395:531547 [0] NCCL INFO Connected to proxy localRank 0 -> connection 0x7f7d6c005020
MOC-R4PCC04U05:531398:531538 [3] NCCL INFO New proxy send connection 2 from local rank 3, transport 2
MOC-R4PCC04U05:531398:531544 [3] NCCL INFO Connected to proxy localRank 3 -> connection 0x7f8274005020
MOC-R4PCC04U05:531395:531542 [0] NCCL INFO New proxy send connection 3 from local rank 0, transport 0
MOC-R4PCC04U05:531395:531547 [0] NCCL INFO Connected to proxy localRank 0 -> connection 0x7f7d6c005098
MOC-R4PCC04U05:531398:531544 [3] NCCL INFO Channel 00/0 : 3[3] -> 6[2] [send] via NET/IB/1
MOC-R4PCC04U05:531398:531544 [3] NCCL INFO GPU Direct RDMA Disabled for GPU 3 / HCA 1 (distance 7 > 0)
MOC-R4PCC04U05:531398:531538 [3] NCCL INFO New proxy send connection 3 from local rank 3, transport 2
MOC-R4PCC04U05:531398:531544 [3] NCCL INFO Connected to proxy localRank 3 -> connection 0x7f8274005098
MOC-R4PCC04U05:531398:531544 [3] NCCL INFO Channel 02/0 : 3[3] -> 6[2] [send] via NET/IB/1
MOC-R4PCC04U05:531395:531542 [0] NCCL INFO New proxy recv connection 4 from local rank 0, transport 0
MOC-R4PCC04U05:531395:531547 [0] NCCL INFO Connected to proxy localRank 0 -> connection 0x7f7d6c005110
MOC-R4PCC04U05:531395:531542 [0] NCCL INFO New proxy recv connection 5 from local rank 0, transport 0
MOC-R4PCC04U05:531395:531547 [0] NCCL INFO Connected to proxy localRank 0 -> connection 0x7f7d6c005188
MOC-R4PCC04U05:531395:531542 [0] NCCL INFO New proxy recv connection 6 from local rank 0, transport 0
MOC-R4PCC04U05:531395:531547 [0] NCCL INFO Connected to proxy localRank 0 -> connection 0x7f7d6c005200
MOC-R4PCC04U05:531395:531542 [0] NCCL INFO New proxy recv connection 7 from local rank 0, transport 0
MOC-R4PCC04U05:531395:531547 [0] NCCL INFO Connected to proxy localRank 0 -> connection 0x7f7d6c005278
MOC-R4PCC04U05:531397:531539 [2] NCCL INFO New proxy recv connection 2 from local rank 2, transport 2
MOC-R4PCC04U05:531397:531545 [2] NCCL INFO Connected to proxy localRank 2 -> connection 0x7fa158005020
MOC-R4PCC04U05:531397:531545 [2] NCCL INFO Channel 00/0 : 11[3] -> 2[2] [receive] via NET/IB/1
MOC-R4PCC04U05:531397:531545 [2] NCCL INFO GPU Direct RDMA Disabled for GPU 2 / HCA 1 (distance 7 > 0)
MOC-R4PCC04U05:531397:531539 [2] NCCL INFO New proxy recv connection 3 from local rank 2, transport 2
MOC-R4PCC04U05:531397:531545 [2] NCCL INFO Connected to proxy localRank 2 -> connection 0x7fa158005098
MOC-R4PCC04U05:531397:531545 [2] NCCL INFO Channel 02/0 : 11[3] -> 2[2] [receive] via NET/IB/1
MOC-R4PCC04U05:531397:531545 [2] NCCL INFO GPU Direct RDMA Disabled for GPU 2 / HCA 1 (distance 7 > 0)
MOC-R4PCC04U05:531397:531539 [2] NCCL INFO New proxy send connection 4 from local rank 2, transport 2
MOC-R4PCC04U05:531397:531545 [2] NCCL INFO Connected to proxy localRank 2 -> connection 0x7fa158005110
MOC-R4PCC04U05:531397:531545 [2] NCCL INFO Channel 01/0 : 2[2] -> 7[3] [send] via NET/IB/1
MOC-R4PCC04U05:531397:531545 [2] NCCL INFO GPU Direct RDMA Disabled for GPU 2 / HCA 1 (distance 7 > 0)
MOC-R4PCC04U05:531397:531539 [2] NCCL INFO New proxy send connection 5 from local rank 2, transport 2
MOC-R4PCC04U05:531397:531545 [2] NCCL INFO Connected to proxy localRank 2 -> connection 0x7fa158005188
MOC-R4PCC04U05:531397:531545 [2] NCCL INFO Channel 03/0 : 2[2] -> 7[3] [send] via NET/IB/1
MOC-R4PCC04U05:531397:531539 [2] NCCL INFO New proxy send connection 6 from local rank 2, transport 0
MOC-R4PCC04U05:531397:531545 [2] NCCL INFO Connected to proxy localRank 2 -> connection 0x7fa158005200
MOC-R4PCC04U05:531397:531539 [2] NCCL INFO New proxy send connection 7 from local rank 2, transport 0
MOC-R4PCC04U05:531397:531545 [2] NCCL INFO Connected to proxy localRank 2 -> connection 0x7fa158005278
MOC-R4PCC04U05:531398:531544 [3] NCCL INFO GPU Direct RDMA Disabled for GPU 3 / HCA 1 (distance 7 > 0)
MOC-R4PCC04U05:531398:531538 [3] NCCL INFO New proxy recv connection 4 from local rank 3, transport 2
MOC-R4PCC04U05:531398:531544 [3] NCCL INFO Connected to proxy localRank 3 -> connection 0x7f8274005110
MOC-R4PCC04U05:531398:531544 [3] NCCL INFO Channel 01/0 : 10[2] -> 3[3] [receive] via NET/IB/1
MOC-R4PCC04U05:531398:531544 [3] NCCL INFO GPU Direct RDMA Disabled for GPU 3 / HCA 1 (distance 7 > 0)
MOC-R4PCC04U05:531398:531538 [3] NCCL INFO New proxy recv connection 5 from local rank 3, transport 2
MOC-R4PCC04U05:531398:531544 [3] NCCL INFO Connected to proxy localRank 3 -> connection 0x7f8274005188
MOC-R4PCC04U05:531398:531544 [3] NCCL INFO Channel 03/0 : 10[2] -> 3[3] [receive] via NET/IB/1
MOC-R4PCC04U05:531398:531538 [3] NCCL INFO New proxy send connection 6 from local rank 3, transport 0
MOC-R4PCC04U05:531398:531544 [3] NCCL INFO Connected to proxy localRank 3 -> connection 0x7f8274005200
MOC-R4PCC04U05:531398:531538 [3] NCCL INFO New proxy send connection 7 from local rank 3, transport 0
MOC-R4PCC04U05:531398:531544 [3] NCCL INFO Connected to proxy localRank 3 -> connection 0x7f8274005278
MOC-R4PCC04U05:531396:531536 [1] NCCL INFO New proxy recv connection 2 from local rank 1, transport 0
MOC-R4PCC04U05:531395:531542 [0] NCCL INFO New proxy send connection 8 from local rank 3, transport 0
MOC-R4PCC04U05:531396:531546 [1] NCCL INFO Connected to proxy localRank 1 -> connection 0x7f3a84005020
MOC-R4PCC04U05:531398:531544 [3] NCCL INFO Connected to proxy localRank 0 -> connection 0x7f7d6c0052f0
MOC-R4PCC04U05:531396:531536 [1] NCCL INFO New proxy recv connection 3 from local rank 1, transport 0
MOC-R4PCC04U05:531396:531546 [1] NCCL INFO Connected to proxy localRank 1 -> connection 0x7f3a84005098
MOC-R4PCC04U05:531396:531536 [1] NCCL INFO New proxy send connection 4 from local rank 1, transport 0
MOC-R4PCC04U05:531396:531546 [1] NCCL INFO Connected to proxy localRank 1 -> connection 0x7f3a84005110
MOC-R4PCC04U05:531396:531536 [1] NCCL INFO New proxy send connection 5 from local rank 1, transport 0
MOC-R4PCC04U05:531396:531546 [1] NCCL INFO Connected to proxy localRank 1 -> connection 0x7f3a84005188
MOC-R4PCC04U05:531396:531536 [1] NCCL INFO New proxy send connection 6 from local rank 1, transport 0
MOC-R4PCC04U05:531396:531546 [1] NCCL INFO Connected to proxy localRank 1 -> connection 0x7f3a84005200
MOC-R4PCC04U05:531396:531536 [1] NCCL INFO New proxy send connection 7 from local rank 1, transport 0
MOC-R4PCC04U05:531396:531546 [1] NCCL INFO Connected to proxy localRank 1 -> connection 0x7f3a84005278
MOC-R4PCC04U05:531396:531536 [1] NCCL INFO New proxy send connection 8 from local rank 3, transport 0
MOC-R4PCC04U05:531398:531544 [3] NCCL INFO Connected to proxy localRank 1 -> connection 0x7f3a840052f0
MOC-R4PCC04U05:531398:531538 [3] NCCL INFO New proxy send connection 8 from local rank 1, transport 0
MOC-R4PCC04U05:531395:531542 [0] NCCL INFO New proxy send connection 9 from local rank 2, transport 0
MOC-R4PCC04U05:531396:531546 [1] NCCL INFO Connected to proxy localRank 3 -> connection 0x7f82740052f0
MOC-R4PCC04U05:531397:531545 [2] NCCL INFO Connected to proxy localRank 0 -> connection 0x7f7d6c005368
MOC-R4PCC04U05:531397:531539 [2] NCCL INFO New proxy send connection 8 from local rank 0, transport 0
MOC-R4PCC04U05:531395:531547 [0] NCCL INFO Connected to proxy localRank 2 -> connection 0x7fa1580052f0
MOC-R4PCC04U05:531398:531538 [3] NCCL INFO NET/IB: NCCL Dev 1 IbDev 0 Port 1 qpn 8222 mtu 3 query_ece={supported=1, vendor_id=0x15b3, options=0x30000002, comp_mask=0x0} GID 3 (0/C132A8C0FFFF0000) fifoRkey=0x17e1a0 fifoLkey=0x17e1a0
MOC-R4PCC04U05:531398:531538 [3] NCCL INFO NET/IB: NCCL Dev 1 IbDev 0 Port 1 qpn 8223 mtu 3 query_ece={supported=1, vendor_id=0x15b3, options=0x30000002, comp_mask=0x0} GID 3 (0/C132A8C0FFFF0000) fifoRkey=0x173af9 fifoLkey=0x173af9
MOC-R4PCC04U05:531398:531538 [3] NCCL INFO NET/IB: IbDev 0 Port 1 qpn 8224 set_ece={supported=1, vendor_id=0x15b3, options=0x0, comp_mask=0x0}
MOC-R4PCC04U05:531396:531536 [1] NCCL INFO New proxy send connection 9 from local rank 2, transport 0
MOC-R4PCC04U05:531397:531545 [2] NCCL INFO Connected to proxy localRank 1 -> connection 0x7f3a84005368
MOC-R4PCC04U05:531395:531542 [0] NCCL INFO New proxy send connection 10 from local rank 1, transport 0
MOC-R4PCC04U05:531396:531546 [1] NCCL INFO Connected to proxy localRank 0 -> connection 0x7f7d6c0053e0
MOC-R4PCC04U05:531397:531539 [2] NCCL INFO NET/IB: NCCL Dev 1 IbDev 0 Port 1 qpn 8224 mtu 3 query_ece={supported=1, vendor_id=0x15b3, options=0x30000002, comp_mask=0x0} GID 3 (0/C132A8C0FFFF0000) fifoRkey=0x17bf7e fifoLkey=0x17bf7e
MOC-R4PCC04U05:531398:531538 [3] NCCL INFO NET/IB: IbDev 0 Port 1 qpn 8226 set_ece={supported=1, vendor_id=0x15b3, options=0x0, comp_mask=0x0}
MOC-R4PCC04U05:531397:531539 [2] NCCL INFO NET/IB: NCCL Dev 1 IbDev 0 Port 1 qpn 8225 mtu 3 query_ece={supported=1, vendor_id=0x15b3, options=0x30000002, comp_mask=0x0} GID 3 (0/C132A8C0FFFF0000) fifoRkey=0x1716d5 fifoLkey=0x1716d5
MOC-R4PCC04U05:531397:531539 [2] NCCL INFO NET/IB: IbDev 0 Port 1 qpn 8230 set_ece={supported=1, vendor_id=0x15b3, options=0x0, comp_mask=0x0}
MOC-R4PCC04U05:531398:531538 [3] NCCL INFO New proxy send connection 9 from local rank 0, transport 0
MOC-R4PCC04U05:531395:531547 [0] NCCL INFO Connected to proxy localRank 3 -> connection 0x7f8274005368
MOC-R4PCC04U05:531397:531539 [2] NCCL INFO NET/IB: IbDev 0 Port 1 qpn 8232 set_ece={supported=1, vendor_id=0x15b3, options=0x0, comp_mask=0x0}
MOC-R4PCC04U05:531396:531536 [1] NCCL INFO New proxy send connection 10 from local rank 0, transport 0
MOC-R4PCC04U05:531395:531547 [0] NCCL INFO Connected to proxy localRank 1 -> connection 0x7f3a840053e0
MOC-R4PCC04U05:531397:531539 [2] NCCL INFO New proxy send connection 9 from local rank 1, transport 0
MOC-R4PCC04U05:531396:531546 [1] NCCL INFO Connected to proxy localRank 2 -> connection 0x7fa158005368
num decayed parameter tensors: 50, with 124,318,464 parameters
num non-decayed parameter tensors: 98, with 121,344 parameters
using fused AdamW: False
using regular AdamW
MOC-R4PCC04U05:531398:531538 [3] NCCL INFO New proxy recv connection 10 from local rank 3, transport 0
MOC-R4PCC04U05:531398:532238 [3] NCCL INFO Connected to proxy localRank 3 -> connection 0x7f82740053e0
MOC-R4PCC04U05:531398:531538 [3] NCCL INFO New proxy recv connection 11 from local rank 3, transport 0
MOC-R4PCC04U05:531398:532238 [3] NCCL INFO Connected to proxy localRank 3 -> connection 0x7f8274005458
MOC-R4PCC04U05:531395:531542 [0] NCCL INFO New proxy send connection 11 from local rank 0, transport 0
MOC-R4PCC04U05:531395:532239 [0] NCCL INFO Connected to proxy localRank 0 -> connection 0x7f7d6c005458
MOC-R4PCC04U05:531395:531542 [0] NCCL INFO New proxy send connection 12 from local rank 0, transport 0
MOC-R4PCC04U05:531395:532239 [0] NCCL INFO Connected to proxy localRank 0 -> connection 0x7f7d6c0054d0
MOC-R4PCC04U05:531395:531542 [0] NCCL INFO New proxy send connection 13 from local rank 0, transport 0
MOC-R4PCC04U05:531395:532239 [0] NCCL INFO Connected to proxy localRank 0 -> connection 0x7f7d6c005548
MOC-R4PCC04U05:531395:531542 [0] NCCL INFO New proxy send connection 14 from local rank 0, transport 0
MOC-R4PCC04U05:531395:532239 [0] NCCL INFO Connected to proxy localRank 0 -> connection 0x7f7d6c0055c0
MOC-R4PCC04U05:531397:531539 [2] NCCL INFO New proxy recv connection 10 from local rank 2, transport 0
MOC-R4PCC04U05:531397:532240 [2] NCCL INFO Connected to proxy localRank 2 -> connection 0x7fa1580053e0
MOC-R4PCC04U05:531397:531539 [2] NCCL INFO New proxy recv connection 11 from local rank 2, transport 0
MOC-R4PCC04U05:531397:532240 [2] NCCL INFO Connected to proxy localRank 2 -> connection 0x7fa158005458
MOC-R4PCC04U05:531397:531539 [2] NCCL INFO New proxy recv connection 12 from local rank 2, transport 0
MOC-R4PCC04U05:531397:532240 [2] NCCL INFO Connected to proxy localRank 2 -> connection 0x7fa1580054d0
MOC-R4PCC04U05:531397:531539 [2] NCCL INFO New proxy recv connection 13 from local rank 2, transport 0
MOC-R4PCC04U05:531397:532240 [2] NCCL INFO Connected to proxy localRank 2 -> connection 0x7fa158005548
MOC-R4PCC04U05:531396:531536 [1] NCCL INFO New proxy recv connection 11 from local rank 1, transport 0
MOC-R4PCC04U05:531396:532241 [1] NCCL INFO Connected to proxy localRank 1 -> connection 0x7f3a84005458
MOC-R4PCC04U05:531396:531536 [1] NCCL INFO New proxy recv connection 12 from local rank 1, transport 0
MOC-R4PCC04U05:531396:532241 [1] NCCL INFO Connected to proxy localRank 1 -> connection 0x7f3a840054d0
MOC-R4PCC04U05:531396:531536 [1] NCCL INFO New proxy recv connection 13 from local rank 1, transport 0
MOC-R4PCC04U05:531396:532241 [1] NCCL INFO Connected to proxy localRank 1 -> connection 0x7f3a84005548
MOC-R4PCC04U05:531396:531536 [1] NCCL INFO New proxy recv connection 14 from local rank 1, transport 0
MOC-R4PCC04U05:531396:532241 [1] NCCL INFO Connected to proxy localRank 1 -> connection 0x7f3a840055c0
MOC-R4PCC04U05:531396:531536 [1] NCCL INFO New proxy send connection 15 from local rank 1, transport 0
MOC-R4PCC04U05:531396:532241 [1] NCCL INFO Connected to proxy localRank 1 -> connection 0x7f3a84005638
MOC-R4PCC04U05:531396:531536 [1] NCCL INFO New proxy send connection 16 from local rank 1, transport 0
MOC-R4PCC04U05:531396:532241 [1] NCCL INFO Connected to proxy localRank 1 -> connection 0x7f3a840056b0
MOC-R4PCC04U05:531396:531536 [1] NCCL INFO New proxy send connection 17 from local rank 1, transport 0
MOC-R4PCC04U05:531396:532241 [1] NCCL INFO Connected to proxy localRank 1 -> connection 0x7f3a84005728
MOC-R4PCC04U05:531396:531536 [1] NCCL INFO New proxy send connection 18 from local rank 1, transport 0
MOC-R4PCC04U05:531396:532241 [1] NCCL INFO Connected to proxy localRank 1 -> connection 0x7f3a840057a0
MOC-R4PCC04U05:531396:531536 [1] NCCL INFO New proxy recv connection 19 from local rank 1, transport 0
MOC-R4PCC04U05:531395:531542 [0] NCCL INFO New proxy send connection 15 from local rank 0, transport 0
MOC-R4PCC04U05:531396:532241 [1] NCCL INFO Connected to proxy localRank 1 -> connection 0x7f3a84005818
MOC-R4PCC04U05:531395:532239 [0] NCCL INFO Connected to proxy localRank 0 -> connection 0x7f7d6c005638
MOC-R4PCC04U05:531397:531539 [2] NCCL INFO New proxy send connection 14 from local rank 2, transport 0
MOC-R4PCC04U05:531397:532240 [2] NCCL INFO Connected to proxy localRank 2 -> connection 0x7fa1580055c0
MOC-R4PCC04U05:531396:531536 [1] NCCL INFO New proxy recv connection 20 from local rank 1, transport 0
MOC-R4PCC04U05:531396:532241 [1] NCCL INFO Connected to proxy localRank 1 -> connection 0x7f3a84005890
MOC-R4PCC04U05:531395:531542 [0] NCCL INFO New proxy send connection 16 from local rank 0, transport 0
MOC-R4PCC04U05:531397:531539 [2] NCCL INFO New proxy send connection 15 from local rank 2, transport 0
MOC-R4PCC04U05:531395:532239 [0] NCCL INFO Connected to proxy localRank 0 -> connection 0x7f7d6c0056b0
MOC-R4PCC04U05:531397:532240 [2] NCCL INFO Connected to proxy localRank 2 -> connection 0x7fa158005638
MOC-R4PCC04U05:531395:531542 [0] NCCL INFO New proxy recv connection 17 from local rank 0, transport 0
MOC-R4PCC04U05:531395:532239 [0] NCCL INFO Connected to proxy localRank 0 -> connection 0x7f7d6c005728
MOC-R4PCC04U05:531398:532238 [3] NCCL INFO GPU Direct RDMA Disabled for GPU 3 / HCA 1 (distance 7 > 0)
MOC-R4PCC04U05:531398:531538 [3] NCCL INFO New proxy recv connection 12 from local rank 3, transport 2
MOC-R4PCC04U05:531398:532238 [3] NCCL INFO Connected to proxy localRank 3 -> connection 0x7f82740054d0
MOC-R4PCC04U05:531395:531542 [0] NCCL INFO New proxy recv connection 18 from local rank 0, transport 0
MOC-R4PCC04U05:531395:532239 [0] NCCL INFO Connected to proxy localRank 0 -> connection 0x7f7d6c0057a0
MOC-R4PCC04U05:531398:532238 [3] NCCL INFO Channel 00/0 : 11[3] -> 3[3] [receive] via NET/IB/1
MOC-R4PCC04U05:531398:532238 [3] NCCL INFO GPU Direct RDMA Disabled for GPU 3 / HCA 1 (distance 7 > 0)
MOC-R4PCC04U05:531398:531538 [3] NCCL INFO New proxy recv connection 13 from local rank 3, transport 2
MOC-R4PCC04U05:531398:532238 [3] NCCL INFO Connected to proxy localRank 3 -> connection 0x7f8274005548
MOC-R4PCC04U05:531398:532238 [3] NCCL INFO Channel 01/0 : 11[3] -> 3[3] [receive] via NET/IB/1
MOC-R4PCC04U05:531398:532238 [3] NCCL INFO GPU Direct RDMA Disabled for GPU 3 / HCA 1 (distance 7 > 0)
MOC-R4PCC04U05:531398:531538 [3] NCCL INFO New proxy recv connection 14 from local rank 3, transport 2
MOC-R4PCC04U05:531398:532238 [3] NCCL INFO Connected to proxy localRank 3 -> connection 0x7f82740055c0
MOC-R4PCC04U05:531398:532238 [3] NCCL INFO Channel 02/0 : 11[3] -> 3[3] [receive] via NET/IB/1
MOC-R4PCC04U05:531398:532238 [3] NCCL INFO GPU Direct RDMA Disabled for GPU 3 / HCA 1 (distance 7 > 0)
MOC-R4PCC04U05:531398:531538 [3] NCCL INFO New proxy recv connection 15 from local rank 3, transport 2
MOC-R4PCC04U05:531398:532238 [3] NCCL INFO Connected to proxy localRank 3 -> connection 0x7f8274005638
MOC-R4PCC04U05:531398:532238 [3] NCCL INFO Channel 03/0 : 11[3] -> 3[3] [receive] via NET/IB/1
MOC-R4PCC04U05:531398:532238 [3] NCCL INFO GPU Direct RDMA Disabled for GPU 3 / HCA 1 (distance 7 > 0)
MOC-R4PCC04U05:531398:531538 [3] NCCL INFO New proxy send connection 16 from local rank 3, transport 2
MOC-R4PCC04U05:531398:532238 [3] NCCL INFO Connected to proxy localRank 3 -> connection 0x7f82740056b0
MOC-R4PCC04U05:531398:532238 [3] NCCL INFO Channel 02/0 : 3[3] -> 7[3] [send] via NET/IB/1
MOC-R4PCC04U05:531398:532238 [3] NCCL INFO GPU Direct RDMA Disabled for GPU 3 / HCA 1 (distance 7 > 0)
MOC-R4PCC04U05:531398:531538 [3] NCCL INFO New proxy send connection 17 from local rank 3, transport 2
MOC-R4PCC04U05:531398:532238 [3] NCCL INFO Connected to proxy localRank 3 -> connection 0x7f8274005728
MOC-R4PCC04U05:531398:532238 [3] NCCL INFO Channel 03/0 : 3[3] -> 7[3] [send] via NET/IB/1
MOC-R4PCC04U05:531395:531542 [0] NCCL INFO New proxy recv connection 19 from local rank 0, transport 0
MOC-R4PCC04U05:531395:532239 [0] NCCL INFO Connected to proxy localRank 0 -> connection 0x7f7d6c005818
MOC-R4PCC04U05:531395:531542 [0] NCCL INFO New proxy recv connection 20 from local rank 0, transport 0
MOC-R4PCC04U05:531395:532239 [0] NCCL INFO Connected to proxy localRank 0 -> connection 0x7f7d6c005890
MOC-R4PCC04U05:531398:532238 [3] NCCL INFO GPU Direct RDMA Disabled for GPU 3 / HCA 1 (distance 7 > 0)
MOC-R4PCC04U05:531398:531538 [3] NCCL INFO New proxy recv connection 18 from local rank 3, transport 2
MOC-R4PCC04U05:531398:532238 [3] NCCL INFO Connected to proxy localRank 3 -> connection 0x7f82740057a0
MOC-R4PCC04U05:531398:532238 [3] NCCL INFO Channel 02/0 : 7[3] -> 3[3] [receive] via NET/IB/1
MOC-R4PCC04U05:531398:532238 [3] NCCL INFO GPU Direct RDMA Disabled for GPU 3 / HCA 1 (distance 7 > 0)
MOC-R4PCC04U05:531398:531538 [3] NCCL INFO New proxy recv connection 19 from local rank 3, transport 2
MOC-R4PCC04U05:531398:532238 [3] NCCL INFO Connected to proxy localRank 3 -> connection 0x7f8274005818
MOC-R4PCC04U05:531398:532238 [3] NCCL INFO Channel 03/0 : 7[3] -> 3[3] [receive] via NET/IB/1
MOC-R4PCC04U05:531398:532238 [3] NCCL INFO GPU Direct RDMA Disabled for GPU 3 / HCA 1 (distance 7 > 0)
MOC-R4PCC04U05:531398:531538 [3] NCCL INFO New proxy send connection 20 from local rank 3, transport 2
MOC-R4PCC04U05:531398:532238 [3] NCCL INFO Connected to proxy localRank 3 -> connection 0x7f8274005890
MOC-R4PCC04U05:531398:532238 [3] NCCL INFO Channel 00/0 : 3[3] -> 11[3] [send] via NET/IB/1
MOC-R4PCC04U05:531398:532238 [3] NCCL INFO GPU Direct RDMA Disabled for GPU 3 / HCA 1 (distance 7 > 0)
MOC-R4PCC04U05:531398:531538 [3] NCCL INFO New proxy send connection 21 from local rank 3, transport 2
MOC-R4PCC04U05:531398:532238 [3] NCCL INFO Connected to proxy localRank 3 -> connection 0x7f8274005908
MOC-R4PCC04U05:531398:532238 [3] NCCL INFO Channel 01/0 : 3[3] -> 11[3] [send] via NET/IB/1
MOC-R4PCC04U05:531398:532238 [3] NCCL INFO GPU Direct RDMA Disabled for GPU 3 / HCA 1 (distance 7 > 0)
MOC-R4PCC04U05:531398:531538 [3] NCCL INFO New proxy send connection 22 from local rank 3, transport 2
MOC-R4PCC04U05:531398:532238 [3] NCCL INFO Connected to proxy localRank 3 -> connection 0x7f8274005980
MOC-R4PCC04U05:531398:532238 [3] NCCL INFO Channel 02/0 : 3[3] -> 11[3] [send] via NET/IB/1
MOC-R4PCC04U05:531398:532238 [3] NCCL INFO GPU Direct RDMA Disabled for GPU 3 / HCA 1 (distance 7 > 0)
MOC-R4PCC04U05:531398:531538 [3] NCCL INFO New proxy send connection 23 from local rank 3, transport 2
MOC-R4PCC04U05:531398:532238 [3] NCCL INFO Connected to proxy localRank 3 -> connection 0x7f82740059f8
MOC-R4PCC04U05:531398:532238 [3] NCCL INFO Channel 03/0 : 3[3] -> 11[3] [send] via NET/IB/1
MOC-R4PCC04U05:531398:531538 [3] NCCL INFO New proxy send connection 24 from local rank 3, transport 0
MOC-R4PCC04U05:531398:532238 [3] NCCL INFO Connected to proxy localRank 3 -> connection 0x7f8274005a70
MOC-R4PCC04U05:531398:531538 [3] NCCL INFO New proxy send connection 25 from local rank 3, transport 0
MOC-R4PCC04U05:531398:532238 [3] NCCL INFO Connected to proxy localRank 3 -> connection 0x7f8274005ae8
MOC-R4PCC04U05:531398:531538 [3] NCCL INFO New proxy send connection 26 from local rank 3, transport 0
MOC-R4PCC04U05:531398:532238 [3] NCCL INFO Connected to proxy localRank 3 -> connection 0x7f8274005b60
MOC-R4PCC04U05:531398:531538 [3] NCCL INFO New proxy send connection 27 from local rank 3, transport 0
MOC-R4PCC04U05:531398:532238 [3] NCCL INFO Connected to proxy localRank 3 -> connection 0x7f8274005bd8
MOC-R4PCC04U05:531398:531538 [3] NCCL INFO NET/IB: NCCL Dev 1 IbDev 0 Port 1 qpn 8236 mtu 3 query_ece={supported=1, vendor_id=0x15b3, options=0x30000002, comp_mask=0x0} GID 3 (0/C132A8C0FFFF0000) fifoRkey=0x178443 fifoLkey=0x178443
MOC-R4PCC04U05:531398:531538 [3] NCCL INFO NET/IB: NCCL Dev 1 IbDev 0 Port 1 qpn 8237 mtu 3 query_ece={supported=1, vendor_id=0x15b3, options=0x30000002, comp_mask=0x0} GID 3 (0/C132A8C0FFFF0000) fifoRkey=0x170bca fifoLkey=0x170bca
MOC-R4PCC04U05:531398:531538 [3] NCCL INFO NET/IB: NCCL Dev 1 IbDev 0 Port 1 qpn 8238 mtu 3 query_ece={supported=1, vendor_id=0x15b3, options=0x30000002, comp_mask=0x0} GID 3 (0/C132A8C0FFFF0000) fifoRkey=0x17601f fifoLkey=0x17601f
MOC-R4PCC04U05:531398:531538 [3] NCCL INFO NET/IB: NCCL Dev 1 IbDev 0 Port 1 qpn 8239 mtu 3 query_ece={supported=1, vendor_id=0x15b3, options=0x30000002, comp_mask=0x0} GID 3 (0/C132A8C0FFFF0000) fifoRkey=0x17cb8a fifoLkey=0x17cb8a
MOC-R4PCC04U05:531398:531538 [3] NCCL INFO NET/IB: NCCL Dev 1 IbDev 0 Port 1 qpn 8242 mtu 3 query_ece={supported=1, vendor_id=0x15b3, options=0x30000002, comp_mask=0x0} GID 3 (0/C132A8C0FFFF0000) fifoRkey=0x174705 fifoLkey=0x174705
MOC-R4PCC04U05:531398:531538 [3] NCCL INFO NET/IB: NCCL Dev 1 IbDev 0 Port 1 qpn 8245 mtu 3 query_ece={supported=1, vendor_id=0x15b3, options=0x30000002, comp_mask=0x0} GID 3 (0/C132A8C0FFFF0000) fifoRkey=0x17a767 fifoLkey=0x17a767
MOC-R4PCC04U05:531398:531538 [3] NCCL INFO NET/IB: IbDev 0 Port 1 qpn 4157 set_ece={supported=1, vendor_id=0x15b3, options=0x0, comp_mask=0x0}
MOC-R4PCC04U05:531398:531538 [3] NCCL INFO NET/IB: IbDev 0 Port 1 qpn 4160 set_ece={supported=1, vendor_id=0x15b3, options=0x0, comp_mask=0x0}
MOC-R4PCC04U05:531398:531538 [3] NCCL INFO NET/IB: IbDev 0 Port 1 qpn 4162 set_ece={supported=1, vendor_id=0x15b3, options=0x0, comp_mask=0x0}
MOC-R4PCC04U05:531398:531538 [3] NCCL INFO NET/IB: IbDev 0 Port 1 qpn 4164 set_ece={supported=1, vendor_id=0x15b3, options=0x0, comp_mask=0x0}
MOC-R4PCC04U05:531398:531538 [3] NCCL INFO NET/IB: IbDev 0 Port 1 qpn 8238 set_ece={supported=1, vendor_id=0x15b3, options=0x0, comp_mask=0x0}
MOC-R4PCC04U05:531398:531538 [3] NCCL INFO NET/IB: IbDev 0 Port 1 qpn 8240 set_ece={supported=1, vendor_id=0x15b3, options=0x0, comp_mask=0x0}
step    1/10 | train loss 11.009265 | norm 15.3268 | lr 1.00e-04 | (14379.53 ms | 218764 tok/s)
step    2/10 | train loss 10.139994 | norm 5.7239 | lr 1.00e-04 | (710.02 ms | 4430466 tok/s)
step    3/10 | train loss 9.800570 | norm 2.6000 | lr 1.00e-04 | (704.75 ms | 4463600 tok/s)
step    4/10 | train loss 9.631747 | norm 2.1088 | lr 1.00e-04 | (652.84 ms | 4818526 tok/s)
step    5/10 | train loss 9.549010 | norm 2.0997 | lr 1.00e-04 | (706.99 ms | 4449462 tok/s)
step    6/10 | train loss 9.468159 | norm 1.9943 | lr 1.00e-04 | (735.05 ms | 4279628 tok/s)
step    7/10 | train loss 9.382837 | norm 1.9455 | lr 1.00e-04 | (713.97 ms | 4405995 tok/s)
step    8/10 | train loss 9.291338 | norm 1.9113 | lr 1.00e-04 | (729.02 ms | 4314990 tok/s)
step    9/10 | train loss 9.196153 | norm 1.8552 | lr 1.00e-04 | (658.85 ms | 4774552 tok/s)
step   10/10 | train loss 9.111104 | norm 1.7914 | lr 1.00e-04 | (699.94 ms | 4494281 tok/s)
final 9 iters avg: 701.270ms
peak memory consumption: 16601 MiB
