Running pytorch 2.7.0+cu126
using device: cuda:0
total desired batch size: 262144
=> calculated gradient accumulation steps: 1
using device: cuda:3
using device: cuda:1
using device: cuda:2
compiling the model...
DataLoader: total number of tokens: 1,661,249,667 across 103 files
MOC-R4PCC04U05:388137:388137 [0] NCCL INFO NCCL_SOCKET_IFNAME set to eno7np0
MOC-R4PCC04U05:388137:388137 [0] NCCL INFO NCCL version 2.26.2+cuda12.2
MOC-R4PCC04U05:388140:388140 [3] NCCL INFO NCCL_SOCKET_IFNAME set to eno7np0
MOC-R4PCC04U05:388140:388140 [3] NCCL INFO NCCL version 2.26.2+cuda12.2
MOC-R4PCC04U05:388138:388138 [1] NCCL INFO NCCL_SOCKET_IFNAME set to eno7np0
MOC-R4PCC04U05:388138:388138 [1] NCCL INFO NCCL version 2.26.2+cuda12.2
MOC-R4PCC04U05:388137:388178 [0] NCCL INFO NET/Plugin: Could not find: libnccl-net.so. Using internal net plugin.
MOC-R4PCC04U05:388137:388178 [0] NCCL INFO NCCL_IB_HCA set to mlx5_5
MOC-R4PCC04U05:388137:388178 [0] NCCL INFO NET/IB : Made virtual device [0] name=mlx5_5 speed=400000 ndevs=1
MOC-R4PCC04U05:388137:388178 [0] NCCL INFO NET/IB : Using [0]mlx5_5:1/RoCE [RO]; OOB eno7np0:192.168.50.193<0>
MOC-R4PCC04U05:388139:388139 [2] NCCL INFO NCCL_SOCKET_IFNAME set to eno7np0
MOC-R4PCC04U05:388139:388139 [2] NCCL INFO NCCL version 2.26.2+cuda12.2
MOC-R4PCC04U05:388140:388179 [3] NCCL INFO NET/Plugin: Could not find: libnccl-net.so. Using internal net plugin.
MOC-R4PCC04U05:388140:388179 [3] NCCL INFO NCCL_IB_HCA set to mlx5_5
MOC-R4PCC04U05:388138:388180 [1] NCCL INFO NET/Plugin: Could not find: libnccl-net.so. Using internal net plugin.
MOC-R4PCC04U05:388138:388180 [1] NCCL INFO NCCL_IB_HCA set to mlx5_5
MOC-R4PCC04U05:388140:388179 [3] NCCL INFO NET/IB : Made virtual device [0] name=mlx5_5 speed=400000 ndevs=1
MOC-R4PCC04U05:388140:388179 [3] NCCL INFO NET/IB : Using [0]mlx5_5:1/RoCE [RO]; OOB eno7np0:192.168.50.193<0>
MOC-R4PCC04U05:388138:388180 [1] NCCL INFO NET/IB : Made virtual device [0] name=mlx5_5 speed=400000 ndevs=1
MOC-R4PCC04U05:388138:388180 [1] NCCL INFO NET/IB : Using [0]mlx5_5:1/RoCE [RO]; OOB eno7np0:192.168.50.193<0>
MOC-R4PCC04U05:388139:388182 [2] NCCL INFO NET/Plugin: Could not find: libnccl-net.so. Using internal net plugin.
MOC-R4PCC04U05:388139:388182 [2] NCCL INFO NCCL_IB_HCA set to mlx5_5
MOC-R4PCC04U05:388139:388182 [2] NCCL INFO NET/IB : Made virtual device [0] name=mlx5_5 speed=400000 ndevs=1
MOC-R4PCC04U05:388139:388182 [2] NCCL INFO NET/IB : Using [0]mlx5_5:1/RoCE [RO]; OOB eno7np0:192.168.50.193<0>
MOC-R4PCC04U05:388138:388180 [1] NCCL INFO NET/IB : GPU Direct RDMA Enabled for HCA 0 'mlx5_5'
MOC-R4PCC04U05:388138:388180 [1] NCCL INFO NET/IB : Made virtual device [1] name=mlx5_5 speed=400000 ndevs=1
MOC-R4PCC04U05:388138:388180 [1] NCCL INFO NET/IB : GPU Direct RDMA Enabled for HCA 0 'mlx5_5'
MOC-R4PCC04U05:388138:388180 [1] NCCL INFO NET/IB : GPU Direct RDMA Enabled for HCA 1 'mlx5_5'
MOC-R4PCC04U05:388139:388182 [2] NCCL INFO NET/IB : GPU Direct RDMA Enabled for HCA 0 'mlx5_5'
MOC-R4PCC04U05:388139:388182 [2] NCCL INFO NET/IB : Made virtual device [1] name=mlx5_5 speed=400000 ndevs=1
MOC-R4PCC04U05:388139:388182 [2] NCCL INFO NET/IB : GPU Direct RDMA Enabled for HCA 0 'mlx5_5'
MOC-R4PCC04U05:388139:388182 [2] NCCL INFO NET/IB : GPU Direct RDMA Enabled for HCA 1 'mlx5_5'
MOC-R4PCC04U05:388140:388179 [3] NCCL INFO NET/IB : GPU Direct RDMA Enabled for HCA 0 'mlx5_5'
MOC-R4PCC04U05:388140:388179 [3] NCCL INFO NET/IB : Made virtual device [1] name=mlx5_5 speed=400000 ndevs=1
MOC-R4PCC04U05:388140:388179 [3] NCCL INFO NET/IB : GPU Direct RDMA Enabled for HCA 0 'mlx5_5'
MOC-R4PCC04U05:388140:388179 [3] NCCL INFO NET/IB : GPU Direct RDMA Enabled for HCA 1 'mlx5_5'
MOC-R4PCC04U05:388137:388178 [0] NCCL INFO NET/IB : GPU Direct RDMA Enabled for HCA 0 'mlx5_5'
MOC-R4PCC04U05:388137:388178 [0] NCCL INFO NET/IB : Made virtual device [1] name=mlx5_5 speed=400000 ndevs=1
MOC-R4PCC04U05:388137:388178 [0] NCCL INFO NET/IB : GPU Direct RDMA Enabled for HCA 0 'mlx5_5'
MOC-R4PCC04U05:388137:388178 [0] NCCL INFO NET/IB : GPU Direct RDMA Enabled for HCA 1 'mlx5_5'
MOC-R4PCC04U05:388137:388178 [0] NCCL INFO NCCL_NET_GDR_LEVEL set by environment to LOC
MOC-R4PCC04U05:388138:388180 [1] NCCL INFO NCCL_NET_GDR_LEVEL set by environment to LOC
MOC-R4PCC04U05:388137:388178 [0] NCCL INFO GPU Direct RDMA Disabled for GPU 0 / HCA 1 (distance 5 > 0)
MOC-R4PCC04U05:388138:388180 [1] NCCL INFO GPU Direct RDMA Disabled for GPU 0 / HCA 1 (distance 5 > 0)
MOC-R4PCC04U05:388137:388178 [0] NCCL INFO GPU Direct RDMA Disabled for GPU 1 / HCA 1 (distance 5 > 0)
MOC-R4PCC04U05:388138:388180 [1] NCCL INFO GPU Direct RDMA Disabled for GPU 1 / HCA 1 (distance 5 > 0)
MOC-R4PCC04U05:388137:388178 [0] NCCL INFO GPU Direct RDMA Disabled for GPU 2 / HCA 1 (distance 5 > 0)
MOC-R4PCC04U05:388138:388180 [1] NCCL INFO GPU Direct RDMA Disabled for GPU 2 / HCA 1 (distance 5 > 0)
MOC-R4PCC04U05:388138:388180 [1] NCCL INFO GPU Direct RDMA Disabled for GPU 0 / HCA 1 (distance 5 > 0)
MOC-R4PCC04U05:388137:388178 [0] NCCL INFO GPU Direct RDMA Disabled for GPU 0 / HCA 1 (distance 5 > 0)
MOC-R4PCC04U05:388138:388180 [1] NCCL INFO GPU Direct RDMA Disabled for GPU 1 / HCA 1 (distance 5 > 0)
MOC-R4PCC04U05:388137:388178 [0] NCCL INFO GPU Direct RDMA Disabled for GPU 1 / HCA 1 (distance 5 > 0)
MOC-R4PCC04U05:388138:388180 [1] NCCL INFO GPU Direct RDMA Disabled for GPU 2 / HCA 1 (distance 5 > 0)
MOC-R4PCC04U05:388137:388178 [0] NCCL INFO GPU Direct RDMA Disabled for GPU 2 / HCA 1 (distance 5 > 0)
MOC-R4PCC04U05:388139:388182 [2] NCCL INFO NCCL_NET_GDR_LEVEL set by environment to LOC
MOC-R4PCC04U05:388139:388182 [2] NCCL INFO GPU Direct RDMA Disabled for GPU 0 / HCA 1 (distance 5 > 0)
MOC-R4PCC04U05:388139:388182 [2] NCCL INFO GPU Direct RDMA Disabled for GPU 1 / HCA 1 (distance 5 > 0)
MOC-R4PCC04U05:388139:388182 [2] NCCL INFO GPU Direct RDMA Disabled for GPU 2 / HCA 1 (distance 5 > 0)
MOC-R4PCC04U05:388139:388182 [2] NCCL INFO GPU Direct RDMA Disabled for GPU 0 / HCA 1 (distance 5 > 0)
MOC-R4PCC04U05:388139:388182 [2] NCCL INFO GPU Direct RDMA Disabled for GPU 1 / HCA 1 (distance 5 > 0)
MOC-R4PCC04U05:388139:388182 [2] NCCL INFO GPU Direct RDMA Disabled for GPU 2 / HCA 1 (distance 5 > 0)
MOC-R4PCC04U05:388140:388179 [3] NCCL INFO NCCL_NET_GDR_LEVEL set by environment to LOC
MOC-R4PCC04U05:388140:388179 [3] NCCL INFO GPU Direct RDMA Disabled for GPU 0 / HCA 1 (distance 5 > 0)
MOC-R4PCC04U05:388140:388179 [3] NCCL INFO GPU Direct RDMA Disabled for GPU 1 / HCA 1 (distance 5 > 0)
MOC-R4PCC04U05:388140:388179 [3] NCCL INFO GPU Direct RDMA Disabled for GPU 2 / HCA 1 (distance 5 > 0)
MOC-R4PCC04U05:388140:388179 [3] NCCL INFO GPU Direct RDMA Disabled for GPU 0 / HCA 1 (distance 5 > 0)
MOC-R4PCC04U05:388140:388179 [3] NCCL INFO GPU Direct RDMA Disabled for GPU 1 / HCA 1 (distance 5 > 0)
MOC-R4PCC04U05:388140:388179 [3] NCCL INFO GPU Direct RDMA Disabled for GPU 2 / HCA 1 (distance 5 > 0)
MOC-R4PCC04U05:388139:388195 [2] NCCL INFO New proxy recv connection 0 from local rank 2, transport 0
MOC-R4PCC04U05:388139:388202 [2] NCCL INFO Connected to proxy localRank 2 -> connection 0x7efee0004f30
MOC-R4PCC04U05:388139:388195 [2] NCCL INFO New proxy recv connection 1 from local rank 2, transport 0
MOC-R4PCC04U05:388139:388202 [2] NCCL INFO Connected to proxy localRank 2 -> connection 0x7efee0004fa8
MOC-R4PCC04U05:388137:388197 [0] NCCL INFO New proxy send connection 0 from local rank 0, transport 0
MOC-R4PCC04U05:388137:388203 [0] NCCL INFO Connected to proxy localRank 0 -> connection 0x7f8778004f30
MOC-R4PCC04U05:388137:388197 [0] NCCL INFO New proxy send connection 1 from local rank 0, transport 0
MOC-R4PCC04U05:388137:388203 [0] NCCL INFO Connected to proxy localRank 0 -> connection 0x7f8778004fa8
MOC-R4PCC04U05:388139:388202 [2] NCCL INFO GPU Direct RDMA Disabled for GPU 2 / HCA 1 (distance 7 > 0)
MOC-R4PCC04U05:388137:388197 [0] NCCL INFO New proxy send connection 2 from local rank 0, transport 0
MOC-R4PCC04U05:388137:388203 [0] NCCL INFO Connected to proxy localRank 0 -> connection 0x7f8778005020
MOC-R4PCC04U05:388137:388197 [0] NCCL INFO New proxy send connection 3 from local rank 0, transport 0
MOC-R4PCC04U05:388137:388203 [0] NCCL INFO Connected to proxy localRank 0 -> connection 0x7f8778005098
MOC-R4PCC04U05:388140:388194 [3] NCCL INFO New proxy recv connection 0 from local rank 3, transport 0
MOC-R4PCC04U05:388140:388204 [3] NCCL INFO Connected to proxy localRank 3 -> connection 0x7f8090004f30
MOC-R4PCC04U05:388140:388194 [3] NCCL INFO New proxy recv connection 1 from local rank 3, transport 0
MOC-R4PCC04U05:388140:388204 [3] NCCL INFO Connected to proxy localRank 3 -> connection 0x7f8090004fa8
MOC-R4PCC04U05:388138:388200 [1] NCCL INFO New proxy recv connection 0 from local rank 1, transport 0
MOC-R4PCC04U05:388138:388205 [1] NCCL INFO Connected to proxy localRank 1 -> connection 0x7f4c00004f30
MOC-R4PCC04U05:388140:388204 [3] NCCL INFO GPU Direct RDMA Disabled for GPU 3 / HCA 1 (distance 7 > 0)
MOC-R4PCC04U05:388138:388200 [1] NCCL INFO New proxy recv connection 1 from local rank 1, transport 0
MOC-R4PCC04U05:388138:388205 [1] NCCL INFO Connected to proxy localRank 1 -> connection 0x7f4c00004fa8
MOC-R4PCC04U05:388139:388195 [2] NCCL INFO New proxy recv connection 2 from local rank 2, transport 2
MOC-R4PCC04U05:388139:388202 [2] NCCL INFO Connected to proxy localRank 2 -> connection 0x7efee0005020
MOC-R4PCC04U05:388139:388202 [2] NCCL INFO Channel 00/0 : 7[3] -> 2[2] [receive] via NET/IB/1
MOC-R4PCC04U05:388139:388202 [2] NCCL INFO GPU Direct RDMA Disabled for GPU 2 / HCA 1 (distance 7 > 0)
MOC-R4PCC04U05:388139:388195 [2] NCCL INFO New proxy recv connection 3 from local rank 2, transport 2
MOC-R4PCC04U05:388139:388202 [2] NCCL INFO Connected to proxy localRank 2 -> connection 0x7efee0005098
MOC-R4PCC04U05:388139:388202 [2] NCCL INFO Channel 02/0 : 7[3] -> 2[2] [receive] via NET/IB/1
MOC-R4PCC04U05:388140:388194 [3] NCCL INFO New proxy send connection 2 from local rank 3, transport 2
MOC-R4PCC04U05:388140:388204 [3] NCCL INFO Connected to proxy localRank 3 -> connection 0x7f8090005020
MOC-R4PCC04U05:388140:388204 [3] NCCL INFO Channel 00/0 : 3[3] -> 6[2] [send] via NET/IB/1
MOC-R4PCC04U05:388140:388204 [3] NCCL INFO GPU Direct RDMA Disabled for GPU 3 / HCA 1 (distance 7 > 0)
MOC-R4PCC04U05:388140:388194 [3] NCCL INFO New proxy send connection 3 from local rank 3, transport 2
MOC-R4PCC04U05:388140:388204 [3] NCCL INFO Connected to proxy localRank 3 -> connection 0x7f8090005098
MOC-R4PCC04U05:388140:388204 [3] NCCL INFO Channel 02/0 : 3[3] -> 6[2] [send] via NET/IB/1
MOC-R4PCC04U05:388137:388197 [0] NCCL INFO New proxy recv connection 4 from local rank 0, transport 0
MOC-R4PCC04U05:388137:388203 [0] NCCL INFO Connected to proxy localRank 0 -> connection 0x7f8778005110
MOC-R4PCC04U05:388140:388204 [3] NCCL INFO GPU Direct RDMA Disabled for GPU 3 / HCA 1 (distance 7 > 0)
MOC-R4PCC04U05:388140:388194 [3] NCCL INFO New proxy recv connection 4 from local rank 3, transport 2
MOC-R4PCC04U05:388140:388204 [3] NCCL INFO Connected to proxy localRank 3 -> connection 0x7f8090005110
MOC-R4PCC04U05:388140:388204 [3] NCCL INFO Channel 01/0 : 6[2] -> 3[3] [receive] via NET/IB/1
MOC-R4PCC04U05:388140:388204 [3] NCCL INFO GPU Direct RDMA Disabled for GPU 3 / HCA 1 (distance 7 > 0)
MOC-R4PCC04U05:388140:388194 [3] NCCL INFO New proxy recv connection 5 from local rank 3, transport 2
MOC-R4PCC04U05:388140:388204 [3] NCCL INFO Connected to proxy localRank 3 -> connection 0x7f8090005188
MOC-R4PCC04U05:388140:388204 [3] NCCL INFO Channel 03/0 : 6[2] -> 3[3] [receive] via NET/IB/1
MOC-R4PCC04U05:388140:388194 [3] NCCL INFO New proxy send connection 6 from local rank 3, transport 0
MOC-R4PCC04U05:388140:388204 [3] NCCL INFO Connected to proxy localRank 3 -> connection 0x7f8090005200
MOC-R4PCC04U05:388139:388202 [2] NCCL INFO GPU Direct RDMA Disabled for GPU 2 / HCA 1 (distance 7 > 0)
MOC-R4PCC04U05:388139:388195 [2] NCCL INFO New proxy send connection 4 from local rank 2, transport 2
MOC-R4PCC04U05:388139:388202 [2] NCCL INFO Connected to proxy localRank 2 -> connection 0x7efee0005110
MOC-R4PCC04U05:388139:388202 [2] NCCL INFO Channel 01/0 : 2[2] -> 7[3] [send] via NET/IB/1
MOC-R4PCC04U05:388139:388202 [2] NCCL INFO GPU Direct RDMA Disabled for GPU 2 / HCA 1 (distance 7 > 0)
MOC-R4PCC04U05:388139:388195 [2] NCCL INFO New proxy send connection 5 from local rank 2, transport 2
MOC-R4PCC04U05:388139:388202 [2] NCCL INFO Connected to proxy localRank 2 -> connection 0x7efee0005188
MOC-R4PCC04U05:388139:388202 [2] NCCL INFO Channel 03/0 : 2[2] -> 7[3] [send] via NET/IB/1
MOC-R4PCC04U05:388139:388195 [2] NCCL INFO New proxy send connection 6 from local rank 2, transport 0
MOC-R4PCC04U05:388139:388202 [2] NCCL INFO Connected to proxy localRank 2 -> connection 0x7efee0005200
MOC-R4PCC04U05:388137:388197 [0] NCCL INFO New proxy recv connection 5 from local rank 0, transport 0
MOC-R4PCC04U05:388137:388203 [0] NCCL INFO Connected to proxy localRank 0 -> connection 0x7f8778005188
MOC-R4PCC04U05:388140:388194 [3] NCCL INFO New proxy send connection 7 from local rank 3, transport 0
MOC-R4PCC04U05:388140:388204 [3] NCCL INFO Connected to proxy localRank 3 -> connection 0x7f8090005278
MOC-R4PCC04U05:388137:388197 [0] NCCL INFO New proxy recv connection 6 from local rank 0, transport 0
MOC-R4PCC04U05:388137:388203 [0] NCCL INFO Connected to proxy localRank 0 -> connection 0x7f8778005200
MOC-R4PCC04U05:388139:388195 [2] NCCL INFO New proxy send connection 7 from local rank 2, transport 0
MOC-R4PCC04U05:388139:388202 [2] NCCL INFO Connected to proxy localRank 2 -> connection 0x7efee0005278
MOC-R4PCC04U05:388138:388200 [1] NCCL INFO New proxy recv connection 2 from local rank 1, transport 0
MOC-R4PCC04U05:388138:388205 [1] NCCL INFO Connected to proxy localRank 1 -> connection 0x7f4c00005020
MOC-R4PCC04U05:388137:388197 [0] NCCL INFO New proxy send connection 7 from local rank 3, transport 0
MOC-R4PCC04U05:388140:388204 [3] NCCL INFO Connected to proxy localRank 0 -> connection 0x7f8778005278
MOC-R4PCC04U05:388137:388197 [0] NCCL INFO New proxy recv connection 8 from local rank 0, transport 0
MOC-R4PCC04U05:388137:388203 [0] NCCL INFO Connected to proxy localRank 0 -> connection 0x7f87780052f0
MOC-R4PCC04U05:388138:388200 [1] NCCL INFO New proxy recv connection 3 from local rank 1, transport 0
MOC-R4PCC04U05:388138:388205 [1] NCCL INFO Connected to proxy localRank 1 -> connection 0x7f4c00005098
MOC-R4PCC04U05:388138:388200 [1] NCCL INFO New proxy send connection 4 from local rank 1, transport 0
MOC-R4PCC04U05:388138:388205 [1] NCCL INFO Connected to proxy localRank 1 -> connection 0x7f4c00005110
MOC-R4PCC04U05:388138:388200 [1] NCCL INFO New proxy send connection 5 from local rank 1, transport 0
MOC-R4PCC04U05:388138:388205 [1] NCCL INFO Connected to proxy localRank 1 -> connection 0x7f4c00005188
MOC-R4PCC04U05:388138:388200 [1] NCCL INFO New proxy send connection 6 from local rank 1, transport 0
MOC-R4PCC04U05:388138:388205 [1] NCCL INFO Connected to proxy localRank 1 -> connection 0x7f4c00005200
MOC-R4PCC04U05:388138:388200 [1] NCCL INFO New proxy send connection 7 from local rank 1, transport 0
MOC-R4PCC04U05:388138:388205 [1] NCCL INFO Connected to proxy localRank 1 -> connection 0x7f4c00005278
MOC-R4PCC04U05:388140:388194 [3] NCCL INFO NET/IB: NCCL Dev 1 IbDev 0 Port 1 qpn 5582 mtu 3 query_ece={supported=1, vendor_id=0x15b3, options=0x30000002, comp_mask=0x0} GID 3 (0/C132A8C0FFFF0000) fifoRkey=0x179c5b fifoLkey=0x179c5b
MOC-R4PCC04U05:388140:388194 [3] NCCL INFO NET/IB: NCCL Dev 1 IbDev 0 Port 1 qpn 5583 mtu 3 query_ece={supported=1, vendor_id=0x15b3, options=0x30000002, comp_mask=0x0} GID 3 (0/C132A8C0FFFF0000) fifoRkey=0x17904f fifoLkey=0x17904f
MOC-R4PCC04U05:388140:388194 [3] NCCL INFO NET/IB: IbDev 0 Port 1 qpn 5822 set_ece={supported=1, vendor_id=0x15b3, options=0x0, comp_mask=0x0}
MOC-R4PCC04U05:388137:388197 [0] NCCL INFO New proxy send connection 9 from local rank 2, transport 0
MOC-R4PCC04U05:388139:388195 [2] NCCL INFO New proxy send connection 8 from local rank 0, transport 0
MOC-R4PCC04U05:388139:388202 [2] NCCL INFO Connected to proxy localRank 0 -> connection 0x7f8778005368
MOC-R4PCC04U05:388137:388203 [0] NCCL INFO Connected to proxy localRank 2 -> connection 0x7efee00052f0
MOC-R4PCC04U05:388140:388194 [3] NCCL INFO NET/IB: IbDev 0 Port 1 qpn 5824 set_ece={supported=1, vendor_id=0x15b3, options=0x0, comp_mask=0x0}
MOC-R4PCC04U05:388140:388194 [3] NCCL INFO New proxy send connection 8 from local rank 1, transport 0
MOC-R4PCC04U05:388138:388205 [1] NCCL INFO Connected to proxy localRank 3 -> connection 0x7f80900052f0
MOC-R4PCC04U05:388138:388200 [1] NCCL INFO New proxy send connection 8 from local rank 3, transport 0
MOC-R4PCC04U05:388140:388204 [3] NCCL INFO Connected to proxy localRank 1 -> connection 0x7f4c000052f0
MOC-R4PCC04U05:388140:388194 [3] NCCL INFO New proxy send connection 9 from local rank 0, transport 0
MOC-R4PCC04U05:388137:388203 [0] NCCL INFO Connected to proxy localRank 3 -> connection 0x7f8090005368
MOC-R4PCC04U05:388138:388200 [1] NCCL INFO New proxy send connection 9 from local rank 2, transport 0
MOC-R4PCC04U05:388139:388202 [2] NCCL INFO Connected to proxy localRank 1 -> connection 0x7f4c00005368
MOC-R4PCC04U05:388137:388197 [0] NCCL INFO New proxy send connection 10 from local rank 1, transport 0
MOC-R4PCC04U05:388138:388205 [1] NCCL INFO Connected to proxy localRank 0 -> connection 0x7f87780053e0
MOC-R4PCC04U05:388139:388195 [2] NCCL INFO NET/IB: NCCL Dev 1 IbDev 0 Port 1 qpn 5592 mtu 3 query_ece={supported=1, vendor_id=0x15b3, options=0x30000002, comp_mask=0x0} GID 3 (0/C132A8C0FFFF0000) fifoRkey=0x1716d5 fifoLkey=0x1716d5
MOC-R4PCC04U05:388139:388195 [2] NCCL INFO NET/IB: NCCL Dev 1 IbDev 0 Port 1 qpn 5593 mtu 3 query_ece={supported=1, vendor_id=0x15b3, options=0x30000002, comp_mask=0x0} GID 3 (0/C132A8C0FFFF0000) fifoRkey=0x17d796 fifoLkey=0x17d796
MOC-R4PCC04U05:388139:388195 [2] NCCL INFO New proxy send connection 9 from local rank 1, transport 0
MOC-R4PCC04U05:388138:388205 [1] NCCL INFO Connected to proxy localRank 2 -> connection 0x7efee0005368
MOC-R4PCC04U05:388138:388200 [1] NCCL INFO New proxy send connection 10 from local rank 0, transport 0
MOC-R4PCC04U05:388137:388203 [0] NCCL INFO Connected to proxy localRank 1 -> connection 0x7f4c000053e0
MOC-R4PCC04U05:388139:388195 [2] NCCL INFO NET/IB: IbDev 0 Port 1 qpn 5830 set_ece={supported=1, vendor_id=0x15b3, options=0x0, comp_mask=0x0}
MOC-R4PCC04U05:388139:388195 [2] NCCL INFO NET/IB: IbDev 0 Port 1 qpn 5832 set_ece={supported=1, vendor_id=0x15b3, options=0x0, comp_mask=0x0}
num decayed parameter tensors: 50, with 124,318,464 parameters
num non-decayed parameter tensors: 98, with 121,344 parameters
using fused AdamW: False
using regular AdamW
MOC-R4PCC04U05:388138:388200 [1] NCCL INFO New proxy recv connection 11 from local rank 1, transport 0
MOC-R4PCC04U05:388138:388897 [1] NCCL INFO Connected to proxy localRank 1 -> connection 0x7f4c00005458
MOC-R4PCC04U05:388138:388200 [1] NCCL INFO New proxy recv connection 12 from local rank 1, transport 0
MOC-R4PCC04U05:388138:388897 [1] NCCL INFO Connected to proxy localRank 1 -> connection 0x7f4c000054d0
MOC-R4PCC04U05:388138:388200 [1] NCCL INFO New proxy recv connection 13 from local rank 1, transport 0
MOC-R4PCC04U05:388138:388897 [1] NCCL INFO Connected to proxy localRank 1 -> connection 0x7f4c00005548
MOC-R4PCC04U05:388138:388200 [1] NCCL INFO New proxy recv connection 14 from local rank 1, transport 0
MOC-R4PCC04U05:388138:388897 [1] NCCL INFO Connected to proxy localRank 1 -> connection 0x7f4c000055c0
MOC-R4PCC04U05:388138:388200 [1] NCCL INFO New proxy send connection 15 from local rank 1, transport 0
MOC-R4PCC04U05:388138:388897 [1] NCCL INFO Connected to proxy localRank 1 -> connection 0x7f4c00005638
MOC-R4PCC04U05:388138:388200 [1] NCCL INFO New proxy send connection 16 from local rank 1, transport 0
MOC-R4PCC04U05:388138:388897 [1] NCCL INFO Connected to proxy localRank 1 -> connection 0x7f4c000056b0
MOC-R4PCC04U05:388138:388200 [1] NCCL INFO New proxy send connection 17 from local rank 1, transport 0
MOC-R4PCC04U05:388138:388897 [1] NCCL INFO Connected to proxy localRank 1 -> connection 0x7f4c00005728
MOC-R4PCC04U05:388138:388200 [1] NCCL INFO New proxy send connection 18 from local rank 1, transport 0
MOC-R4PCC04U05:388138:388897 [1] NCCL INFO Connected to proxy localRank 1 -> connection 0x7f4c000057a0
MOC-R4PCC04U05:388140:388194 [3] NCCL INFO New proxy recv connection 10 from local rank 3, transport 0
MOC-R4PCC04U05:388140:388898 [3] NCCL INFO Connected to proxy localRank 3 -> connection 0x7f80900053e0
MOC-R4PCC04U05:388140:388194 [3] NCCL INFO New proxy recv connection 11 from local rank 3, transport 0
MOC-R4PCC04U05:388140:388898 [3] NCCL INFO Connected to proxy localRank 3 -> connection 0x7f8090005458
MOC-R4PCC04U05:388137:388197 [0] NCCL INFO New proxy send connection 11 from local rank 0, transport 0
MOC-R4PCC04U05:388137:388899 [0] NCCL INFO Connected to proxy localRank 0 -> connection 0x7f8778005458
MOC-R4PCC04U05:388137:388197 [0] NCCL INFO New proxy send connection 12 from local rank 0, transport 0
MOC-R4PCC04U05:388137:388899 [0] NCCL INFO Connected to proxy localRank 0 -> connection 0x7f87780054d0
MOC-R4PCC04U05:388137:388197 [0] NCCL INFO New proxy send connection 13 from local rank 0, transport 0
MOC-R4PCC04U05:388137:388899 [0] NCCL INFO Connected to proxy localRank 0 -> connection 0x7f8778005548
MOC-R4PCC04U05:388137:388197 [0] NCCL INFO New proxy send connection 14 from local rank 0, transport 0
MOC-R4PCC04U05:388137:388899 [0] NCCL INFO Connected to proxy localRank 0 -> connection 0x7f87780055c0
MOC-R4PCC04U05:388137:388197 [0] NCCL INFO New proxy send connection 15 from local rank 0, transport 0
MOC-R4PCC04U05:388137:388899 [0] NCCL INFO Connected to proxy localRank 0 -> connection 0x7f8778005638
MOC-R4PCC04U05:388137:388197 [0] NCCL INFO New proxy send connection 16 from local rank 0, transport 0
MOC-R4PCC04U05:388137:388899 [0] NCCL INFO Connected to proxy localRank 0 -> connection 0x7f87780056b0
MOC-R4PCC04U05:388137:388197 [0] NCCL INFO New proxy recv connection 17 from local rank 0, transport 0
MOC-R4PCC04U05:388140:388898 [3] NCCL INFO GPU Direct RDMA Disabled for GPU 3 / HCA 1 (distance 7 > 0)
MOC-R4PCC04U05:388137:388899 [0] NCCL INFO Connected to proxy localRank 0 -> connection 0x7f8778005728
MOC-R4PCC04U05:388140:388194 [3] NCCL INFO New proxy recv connection 12 from local rank 3, transport 2
MOC-R4PCC04U05:388140:388898 [3] NCCL INFO Connected to proxy localRank 3 -> connection 0x7f80900054d0
MOC-R4PCC04U05:388140:388898 [3] NCCL INFO Channel 00/0 : 7[3] -> 3[3] [receive] via NET/IB/1
MOC-R4PCC04U05:388140:388898 [3] NCCL INFO GPU Direct RDMA Disabled for GPU 3 / HCA 1 (distance 7 > 0)
MOC-R4PCC04U05:388140:388194 [3] NCCL INFO New proxy recv connection 13 from local rank 3, transport 2
MOC-R4PCC04U05:388140:388898 [3] NCCL INFO Connected to proxy localRank 3 -> connection 0x7f8090005548
MOC-R4PCC04U05:388140:388898 [3] NCCL INFO Channel 01/0 : 7[3] -> 3[3] [receive] via NET/IB/1
MOC-R4PCC04U05:388140:388898 [3] NCCL INFO GPU Direct RDMA Disabled for GPU 3 / HCA 1 (distance 7 > 0)
MOC-R4PCC04U05:388140:388194 [3] NCCL INFO New proxy recv connection 14 from local rank 3, transport 2
MOC-R4PCC04U05:388140:388898 [3] NCCL INFO Connected to proxy localRank 3 -> connection 0x7f80900055c0
MOC-R4PCC04U05:388140:388898 [3] NCCL INFO Channel 02/0 : 7[3] -> 3[3] [receive] via NET/IB/1
MOC-R4PCC04U05:388140:388898 [3] NCCL INFO GPU Direct RDMA Disabled for GPU 3 / HCA 1 (distance 7 > 0)
MOC-R4PCC04U05:388140:388194 [3] NCCL INFO New proxy recv connection 15 from local rank 3, transport 2
MOC-R4PCC04U05:388140:388898 [3] NCCL INFO Connected to proxy localRank 3 -> connection 0x7f8090005638
MOC-R4PCC04U05:388140:388898 [3] NCCL INFO Channel 03/0 : 7[3] -> 3[3] [receive] via NET/IB/1
MOC-R4PCC04U05:388140:388898 [3] NCCL INFO GPU Direct RDMA Disabled for GPU 3 / HCA 1 (distance 7 > 0)
MOC-R4PCC04U05:388137:388197 [0] NCCL INFO New proxy recv connection 18 from local rank 0, transport 0
MOC-R4PCC04U05:388140:388194 [3] NCCL INFO New proxy send connection 16 from local rank 3, transport 2
MOC-R4PCC04U05:388137:388899 [0] NCCL INFO Connected to proxy localRank 0 -> connection 0x7f87780057a0
MOC-R4PCC04U05:388140:388898 [3] NCCL INFO Connected to proxy localRank 3 -> connection 0x7f80900056b0
MOC-R4PCC04U05:388140:388898 [3] NCCL INFO Channel 00/0 : 3[3] -> 7[3] [send] via NET/IB/1
MOC-R4PCC04U05:388140:388898 [3] NCCL INFO GPU Direct RDMA Disabled for GPU 3 / HCA 1 (distance 7 > 0)
MOC-R4PCC04U05:388140:388194 [3] NCCL INFO New proxy send connection 17 from local rank 3, transport 2
MOC-R4PCC04U05:388140:388898 [3] NCCL INFO Connected to proxy localRank 3 -> connection 0x7f8090005728
MOC-R4PCC04U05:388140:388898 [3] NCCL INFO Channel 01/0 : 3[3] -> 7[3] [send] via NET/IB/1
MOC-R4PCC04U05:388140:388898 [3] NCCL INFO GPU Direct RDMA Disabled for GPU 3 / HCA 1 (distance 7 > 0)
MOC-R4PCC04U05:388140:388194 [3] NCCL INFO New proxy send connection 18 from local rank 3, transport 2
MOC-R4PCC04U05:388140:388898 [3] NCCL INFO Connected to proxy localRank 3 -> connection 0x7f80900057a0
MOC-R4PCC04U05:388140:388898 [3] NCCL INFO Channel 02/0 : 3[3] -> 7[3] [send] via NET/IB/1
MOC-R4PCC04U05:388140:388898 [3] NCCL INFO GPU Direct RDMA Disabled for GPU 3 / HCA 1 (distance 7 > 0)
MOC-R4PCC04U05:388140:388194 [3] NCCL INFO New proxy send connection 19 from local rank 3, transport 2
MOC-R4PCC04U05:388140:388898 [3] NCCL INFO Connected to proxy localRank 3 -> connection 0x7f8090005818
MOC-R4PCC04U05:388140:388898 [3] NCCL INFO Channel 03/0 : 3[3] -> 7[3] [send] via NET/IB/1
MOC-R4PCC04U05:388140:388194 [3] NCCL INFO New proxy send connection 20 from local rank 3, transport 0
MOC-R4PCC04U05:388140:388898 [3] NCCL INFO Connected to proxy localRank 3 -> connection 0x7f8090005890
MOC-R4PCC04U05:388137:388197 [0] NCCL INFO New proxy recv connection 19 from local rank 0, transport 0
MOC-R4PCC04U05:388137:388899 [0] NCCL INFO Connected to proxy localRank 0 -> connection 0x7f8778005818
MOC-R4PCC04U05:388137:388197 [0] NCCL INFO New proxy recv connection 20 from local rank 0, transport 0
MOC-R4PCC04U05:388140:388194 [3] NCCL INFO New proxy send connection 21 from local rank 3, transport 0
MOC-R4PCC04U05:388137:388899 [0] NCCL INFO Connected to proxy localRank 0 -> connection 0x7f8778005890
MOC-R4PCC04U05:388140:388898 [3] NCCL INFO Connected to proxy localRank 3 -> connection 0x7f8090005908
MOC-R4PCC04U05:388140:388194 [3] NCCL INFO New proxy send connection 22 from local rank 3, transport 0
MOC-R4PCC04U05:388140:388898 [3] NCCL INFO Connected to proxy localRank 3 -> connection 0x7f8090005980
MOC-R4PCC04U05:388140:388194 [3] NCCL INFO New proxy send connection 23 from local rank 3, transport 0
MOC-R4PCC04U05:388140:388898 [3] NCCL INFO Connected to proxy localRank 3 -> connection 0x7f80900059f8
MOC-R4PCC04U05:388140:388194 [3] NCCL INFO NET/IB: NCCL Dev 1 IbDev 0 Port 1 qpn 5594 mtu 3 query_ece={supported=1, vendor_id=0x15b3, options=0x30000002, comp_mask=0x0} GID 3 (0/C132A8C0FFFF0000) fifoRkey=0x17a767 fifoLkey=0x17a767
MOC-R4PCC04U05:388140:388194 [3] NCCL INFO NET/IB: IbDev 0 Port 1 qpn 5835 set_ece={supported=1, vendor_id=0x15b3, options=0x0, comp_mask=0x0}
MOC-R4PCC04U05:388140:388194 [3] NCCL INFO NET/IB: NCCL Dev 1 IbDev 0 Port 1 qpn 5599 mtu 3 query_ece={supported=1, vendor_id=0x15b3, options=0x30000002, comp_mask=0x0} GID 3 (0/C132A8C0FFFF0000) fifoRkey=0x178443 fifoLkey=0x178443
MOC-R4PCC04U05:388140:388194 [3] NCCL INFO NET/IB: NCCL Dev 1 IbDev 0 Port 1 qpn 5602 mtu 3 query_ece={supported=1, vendor_id=0x15b3, options=0x30000002, comp_mask=0x0} GID 3 (0/C132A8C0FFFF0000) fifoRkey=0x170bca fifoLkey=0x170bca
MOC-R4PCC04U05:388140:388194 [3] NCCL INFO NET/IB: NCCL Dev 1 IbDev 0 Port 1 qpn 5605 mtu 3 query_ece={supported=1, vendor_id=0x15b3, options=0x30000002, comp_mask=0x0} GID 3 (0/C132A8C0FFFF0000) fifoRkey=0x17601f fifoLkey=0x17601f
MOC-R4PCC04U05:388140:388194 [3] NCCL INFO NET/IB: IbDev 0 Port 1 qpn 5844 set_ece={supported=1, vendor_id=0x15b3, options=0x0, comp_mask=0x0}
MOC-R4PCC04U05:388140:388194 [3] NCCL INFO NET/IB: IbDev 0 Port 1 qpn 5840 set_ece={supported=1, vendor_id=0x15b3, options=0x0, comp_mask=0x0}
MOC-R4PCC04U05:388140:388194 [3] NCCL INFO NET/IB: IbDev 0 Port 1 qpn 5842 set_ece={supported=1, vendor_id=0x15b3, options=0x0, comp_mask=0x0}
MOC-R4PCC04U05:388139:388195 [2] NCCL INFO New proxy recv connection 10 from local rank 2, transport 0
MOC-R4PCC04U05:388139:388900 [2] NCCL INFO Connected to proxy localRank 2 -> connection 0x7efee00053e0
MOC-R4PCC04U05:388139:388195 [2] NCCL INFO New proxy recv connection 11 from local rank 2, transport 0
MOC-R4PCC04U05:388139:388900 [2] NCCL INFO Connected to proxy localRank 2 -> connection 0x7efee0005458
MOC-R4PCC04U05:388139:388195 [2] NCCL INFO New proxy recv connection 12 from local rank 2, transport 0
MOC-R4PCC04U05:388139:388900 [2] NCCL INFO Connected to proxy localRank 2 -> connection 0x7efee00054d0
MOC-R4PCC04U05:388139:388195 [2] NCCL INFO New proxy recv connection 13 from local rank 2, transport 0
MOC-R4PCC04U05:388139:388900 [2] NCCL INFO Connected to proxy localRank 2 -> connection 0x7efee0005548
MOC-R4PCC04U05:388139:388195 [2] NCCL INFO New proxy send connection 14 from local rank 2, transport 0
MOC-R4PCC04U05:388139:388900 [2] NCCL INFO Connected to proxy localRank 2 -> connection 0x7efee00055c0
MOC-R4PCC04U05:388138:388200 [1] NCCL INFO New proxy recv connection 19 from local rank 1, transport 0
MOC-R4PCC04U05:388138:388897 [1] NCCL INFO Connected to proxy localRank 1 -> connection 0x7f4c00005818
MOC-R4PCC04U05:388139:388195 [2] NCCL INFO New proxy send connection 15 from local rank 2, transport 0
MOC-R4PCC04U05:388139:388900 [2] NCCL INFO Connected to proxy localRank 2 -> connection 0x7efee0005638
MOC-R4PCC04U05:388138:388200 [1] NCCL INFO New proxy recv connection 20 from local rank 1, transport 0
MOC-R4PCC04U05:388138:388897 [1] NCCL INFO Connected to proxy localRank 1 -> connection 0x7f4c00005890
step    1/10 | train loss 11.008537 | norm 15.8514 | lr 1.00e-04 | (13823.33 ms | 18964 tok/s)
step    2/10 | train loss 10.116473 | norm 5.8734 | lr 1.00e-04 | (112.62 ms | 2327615 tok/s)
step    3/10 | train loss 9.766009 | norm 2.6306 | lr 1.00e-04 | (108.82 ms | 2408991 tok/s)
step    4/10 | train loss 9.596260 | norm 2.1069 | lr 1.00e-04 | (107.71 ms | 2433749 tok/s)
step    5/10 | train loss 9.513390 | norm 2.1000 | lr 1.00e-04 | (108.18 ms | 2423246 tok/s)
step    6/10 | train loss 9.431206 | norm 1.9936 | lr 1.00e-04 | (108.38 ms | 2418710 tok/s)
step    7/10 | train loss 9.345900 | norm 1.9369 | lr 1.00e-04 | (108.50 ms | 2416121 tok/s)
step    8/10 | train loss 9.256413 | norm 1.9010 | lr 1.00e-04 | (107.32 ms | 2442708 tok/s)
step    9/10 | train loss 9.164135 | norm 1.8592 | lr 1.00e-04 | (107.50 ms | 2438580 tok/s)
step   10/10 | train loss 9.071945 | norm 1.7839 | lr 1.00e-04 | (107.46 ms | 2439391 tok/s)
final 9 iters avg: 108.499ms
peak memory consumption: 16121 MiB
