Running pytorch 2.7.0+cu126
using device: cuda:0
total desired batch size: 2752512
=> calculated gradient accumulation steps: 7
using device: cuda:1
using device: cuda:3
using device: cuda:2
compiling the model...
DataLoader: total number of tokens: 1,661,249,667 across 103 files
MOC-R4PCC04U05:610469:610469 [0] NCCL INFO NCCL_SOCKET_IFNAME set to eno7np0
MOC-R4PCC04U05:610469:610469 [0] NCCL INFO NCCL version 2.26.2+cuda12.2
MOC-R4PCC04U05:610469:610578 [0] NCCL INFO NET/Plugin: Could not find: libnccl-net.so. Using internal net plugin.
MOC-R4PCC04U05:610469:610578 [0] NCCL INFO NET/Socket : Using [0]eno7np0:192.168.50.193<0>
MOC-R4PCC04U05:610470:610470 [1] NCCL INFO NCCL_SOCKET_IFNAME set to eno7np0
MOC-R4PCC04U05:610472:610472 [3] NCCL INFO NCCL_SOCKET_IFNAME set to eno7np0
MOC-R4PCC04U05:610471:610471 [2] NCCL INFO NCCL_SOCKET_IFNAME set to eno7np0
MOC-R4PCC04U05:610470:610470 [1] NCCL INFO NCCL version 2.26.2+cuda12.2
MOC-R4PCC04U05:610472:610472 [3] NCCL INFO NCCL version 2.26.2+cuda12.2
MOC-R4PCC04U05:610471:610471 [2] NCCL INFO NCCL version 2.26.2+cuda12.2
MOC-R4PCC04U05:610472:610601 [3] NCCL INFO NET/Plugin: Could not find: libnccl-net.so. Using internal net plugin.
MOC-R4PCC04U05:610472:610601 [3] NCCL INFO NET/Socket : Using [0]eno7np0:192.168.50.193<0>
MOC-R4PCC04U05:610470:610600 [1] NCCL INFO NET/Plugin: Could not find: libnccl-net.so. Using internal net plugin.
MOC-R4PCC04U05:610471:610602 [2] NCCL INFO NET/Plugin: Could not find: libnccl-net.so. Using internal net plugin.
MOC-R4PCC04U05:610471:610602 [2] NCCL INFO NET/Socket : Using [0]eno7np0:192.168.50.193<0>
MOC-R4PCC04U05:610470:610600 [1] NCCL INFO NET/Socket : Using [0]eno7np0:192.168.50.193<0>
MOC-R4PCC04U05:610469:610578 [0] NCCL INFO NET/Socket : GPU Direct RDMA Disabled for HCA 0 'eno7np0'
MOC-R4PCC04U05:610472:610601 [3] NCCL INFO NET/Socket : GPU Direct RDMA Disabled for HCA 0 'eno7np0'
MOC-R4PCC04U05:610471:610602 [2] NCCL INFO NET/Socket : GPU Direct RDMA Disabled for HCA 0 'eno7np0'
MOC-R4PCC04U05:610470:610600 [1] NCCL INFO NET/Socket : GPU Direct RDMA Disabled for HCA 0 'eno7np0'
MOC-R4PCC04U05:610469:610613 [0] NCCL INFO New proxy send connection 0 from local rank 0, transport 0
MOC-R4PCC04U05:610469:610619 [0] NCCL INFO Connected to proxy localRank 0 -> connection 0x7f3c3c004f30
MOC-R4PCC04U05:610471:610611 [2] NCCL INFO New proxy recv connection 0 from local rank 2, transport 0
MOC-R4PCC04U05:610471:610620 [2] NCCL INFO Connected to proxy localRank 2 -> connection 0x7f0c08004f30
MOC-R4PCC04U05:610469:610613 [0] NCCL INFO New proxy send connection 1 from local rank 0, transport 0
MOC-R4PCC04U05:610469:610619 [0] NCCL INFO Connected to proxy localRank 0 -> connection 0x7f3c3c004fa8
MOC-R4PCC04U05:610471:610611 [2] NCCL INFO New proxy recv connection 1 from local rank 2, transport 0
MOC-R4PCC04U05:610471:610620 [2] NCCL INFO Connected to proxy localRank 2 -> connection 0x7f0c08004fa8
MOC-R4PCC04U05:610469:610613 [0] NCCL INFO New proxy send connection 2 from local rank 0, transport 0
MOC-R4PCC04U05:610469:610619 [0] NCCL INFO Connected to proxy localRank 0 -> connection 0x7f3c3c005020
MOC-R4PCC04U05:610472:610610 [3] NCCL INFO New proxy recv connection 0 from local rank 3, transport 0
MOC-R4PCC04U05:610472:610621 [3] NCCL INFO Connected to proxy localRank 3 -> connection 0x7f4774004f30
MOC-R4PCC04U05:610469:610613 [0] NCCL INFO New proxy send connection 3 from local rank 0, transport 0
MOC-R4PCC04U05:610469:610619 [0] NCCL INFO Connected to proxy localRank 0 -> connection 0x7f3c3c005098
MOC-R4PCC04U05:610472:610610 [3] NCCL INFO New proxy recv connection 1 from local rank 3, transport 0
MOC-R4PCC04U05:610472:610621 [3] NCCL INFO Connected to proxy localRank 3 -> connection 0x7f4774004fa8
MOC-R4PCC04U05:610470:610615 [1] NCCL INFO New proxy recv connection 0 from local rank 1, transport 0
MOC-R4PCC04U05:610470:610622 [1] NCCL INFO Connected to proxy localRank 1 -> connection 0x7f0448004f30
MOC-R4PCC04U05:610470:610615 [1] NCCL INFO New proxy recv connection 1 from local rank 1, transport 0
MOC-R4PCC04U05:610470:610622 [1] NCCL INFO Connected to proxy localRank 1 -> connection 0x7f0448004fa8
MOC-R4PCC04U05:610471:610611 [2] NCCL INFO New proxy recv connection 2 from local rank 2, transport 2
MOC-R4PCC04U05:610471:610620 [2] NCCL INFO Connected to proxy localRank 2 -> connection 0x7f0c08005020
MOC-R4PCC04U05:610471:610620 [2] NCCL INFO Channel 00/0 : 11[3] -> 2[2] [receive] via NET/Socket/0
MOC-R4PCC04U05:610471:610611 [2] NCCL INFO New proxy recv connection 3 from local rank 2, transport 2
MOC-R4PCC04U05:610471:610620 [2] NCCL INFO Connected to proxy localRank 2 -> connection 0x7f0c08005098
MOC-R4PCC04U05:610471:610620 [2] NCCL INFO Channel 02/0 : 11[3] -> 2[2] [receive] via NET/Socket/0
MOC-R4PCC04U05:610472:610610 [3] NCCL INFO New proxy send connection 2 from local rank 3, transport 2
MOC-R4PCC04U05:610472:610621 [3] NCCL INFO Connected to proxy localRank 3 -> connection 0x7f4774005020
MOC-R4PCC04U05:610472:610621 [3] NCCL INFO Channel 00/0 : 3[3] -> 6[2] [send] via NET/Socket/0
MOC-R4PCC04U05:610472:610610 [3] NCCL INFO New proxy send connection 3 from local rank 3, transport 2
MOC-R4PCC04U05:610472:610621 [3] NCCL INFO Connected to proxy localRank 3 -> connection 0x7f4774005098
MOC-R4PCC04U05:610472:610621 [3] NCCL INFO Channel 02/0 : 3[3] -> 6[2] [send] via NET/Socket/0
MOC-R4PCC04U05:610469:610613 [0] NCCL INFO New proxy recv connection 4 from local rank 0, transport 0
MOC-R4PCC04U05:610469:610619 [0] NCCL INFO Connected to proxy localRank 0 -> connection 0x7f3c3c005110
MOC-R4PCC04U05:610469:610613 [0] NCCL INFO New proxy recv connection 5 from local rank 0, transport 0
MOC-R4PCC04U05:610472:610610 [3] NCCL INFO New proxy recv connection 4 from local rank 3, transport 2
MOC-R4PCC04U05:610469:610619 [0] NCCL INFO Connected to proxy localRank 0 -> connection 0x7f3c3c005188
MOC-R4PCC04U05:610472:610621 [3] NCCL INFO Connected to proxy localRank 3 -> connection 0x7f4774005110
MOC-R4PCC04U05:610472:610621 [3] NCCL INFO Channel 01/0 : 10[2] -> 3[3] [receive] via NET/Socket/0
MOC-R4PCC04U05:610472:610610 [3] NCCL INFO New proxy recv connection 5 from local rank 3, transport 2
MOC-R4PCC04U05:610472:610621 [3] NCCL INFO Connected to proxy localRank 3 -> connection 0x7f4774005188
MOC-R4PCC04U05:610472:610621 [3] NCCL INFO Channel 03/0 : 10[2] -> 3[3] [receive] via NET/Socket/0
MOC-R4PCC04U05:610469:610613 [0] NCCL INFO New proxy recv connection 6 from local rank 0, transport 0
MOC-R4PCC04U05:610469:610619 [0] NCCL INFO Connected to proxy localRank 0 -> connection 0x7f3c3c005200
MOC-R4PCC04U05:610469:610613 [0] NCCL INFO New proxy recv connection 7 from local rank 0, transport 0
MOC-R4PCC04U05:610469:610619 [0] NCCL INFO Connected to proxy localRank 0 -> connection 0x7f3c3c005278
MOC-R4PCC04U05:610471:610611 [2] NCCL INFO New proxy send connection 4 from local rank 2, transport 2
MOC-R4PCC04U05:610471:610620 [2] NCCL INFO Connected to proxy localRank 2 -> connection 0x7f0c08005110
MOC-R4PCC04U05:610471:610620 [2] NCCL INFO Channel 01/0 : 2[2] -> 7[3] [send] via NET/Socket/0
MOC-R4PCC04U05:610471:610611 [2] NCCL INFO New proxy send connection 5 from local rank 2, transport 2
MOC-R4PCC04U05:610471:610620 [2] NCCL INFO Connected to proxy localRank 2 -> connection 0x7f0c08005188
MOC-R4PCC04U05:610471:610620 [2] NCCL INFO Channel 03/0 : 2[2] -> 7[3] [send] via NET/Socket/0
MOC-R4PCC04U05:610472:610610 [3] NCCL INFO New proxy send connection 6 from local rank 3, transport 0
MOC-R4PCC04U05:610472:610621 [3] NCCL INFO Connected to proxy localRank 3 -> connection 0x7f4774005200
MOC-R4PCC04U05:610471:610611 [2] NCCL INFO New proxy send connection 6 from local rank 2, transport 0
MOC-R4PCC04U05:610471:610620 [2] NCCL INFO Connected to proxy localRank 2 -> connection 0x7f0c08005200
MOC-R4PCC04U05:610472:610610 [3] NCCL INFO New proxy send connection 7 from local rank 3, transport 0
MOC-R4PCC04U05:610471:610611 [2] NCCL INFO New proxy send connection 7 from local rank 2, transport 0
MOC-R4PCC04U05:610472:610621 [3] NCCL INFO Connected to proxy localRank 3 -> connection 0x7f4774005278
MOC-R4PCC04U05:610471:610620 [2] NCCL INFO Connected to proxy localRank 2 -> connection 0x7f0c08005278
MOC-R4PCC04U05:610470:610615 [1] NCCL INFO New proxy recv connection 2 from local rank 1, transport 0
MOC-R4PCC04U05:610470:610622 [1] NCCL INFO Connected to proxy localRank 1 -> connection 0x7f0448005020
MOC-R4PCC04U05:610469:610613 [0] NCCL INFO New proxy send connection 8 from local rank 3, transport 0
MOC-R4PCC04U05:610472:610621 [3] NCCL INFO Connected to proxy localRank 0 -> connection 0x7f3c3c0052f0
MOC-R4PCC04U05:610470:610615 [1] NCCL INFO New proxy recv connection 3 from local rank 1, transport 0
MOC-R4PCC04U05:610470:610622 [1] NCCL INFO Connected to proxy localRank 1 -> connection 0x7f0448005098
MOC-R4PCC04U05:610470:610615 [1] NCCL INFO New proxy send connection 4 from local rank 1, transport 0
MOC-R4PCC04U05:610470:610622 [1] NCCL INFO Connected to proxy localRank 1 -> connection 0x7f0448005110
MOC-R4PCC04U05:610470:610615 [1] NCCL INFO New proxy send connection 5 from local rank 1, transport 0
MOC-R4PCC04U05:610470:610622 [1] NCCL INFO Connected to proxy localRank 1 -> connection 0x7f0448005188
MOC-R4PCC04U05:610470:610615 [1] NCCL INFO New proxy send connection 6 from local rank 1, transport 0
MOC-R4PCC04U05:610470:610622 [1] NCCL INFO Connected to proxy localRank 1 -> connection 0x7f0448005200
MOC-R4PCC04U05:610470:610615 [1] NCCL INFO New proxy send connection 7 from local rank 1, transport 0
MOC-R4PCC04U05:610470:610622 [1] NCCL INFO Connected to proxy localRank 1 -> connection 0x7f0448005278
MOC-R4PCC04U05:610469:610613 [0] NCCL INFO New proxy send connection 9 from local rank 2, transport 0
MOC-R4PCC04U05:610471:610620 [2] NCCL INFO Connected to proxy localRank 0 -> connection 0x7f3c3c005368
MOC-R4PCC04U05:610471:610611 [2] NCCL INFO New proxy send connection 8 from local rank 0, transport 0
MOC-R4PCC04U05:610469:610619 [0] NCCL INFO Connected to proxy localRank 2 -> connection 0x7f0c080052f0
MOC-R4PCC04U05:610472:610610 [3] NCCL INFO New proxy send connection 8 from local rank 1, transport 0
MOC-R4PCC04U05:610470:610622 [1] NCCL INFO Connected to proxy localRank 3 -> connection 0x7f47740052f0
MOC-R4PCC04U05:610470:610615 [1] NCCL INFO New proxy send connection 8 from local rank 3, transport 0
MOC-R4PCC04U05:610472:610621 [3] NCCL INFO Connected to proxy localRank 1 -> connection 0x7f04480052f0
MOC-R4PCC04U05:610470:610615 [1] NCCL INFO New proxy send connection 9 from local rank 2, transport 0
MOC-R4PCC04U05:610471:610620 [2] NCCL INFO Connected to proxy localRank 1 -> connection 0x7f0448005368
MOC-R4PCC04U05:610472:610610 [3] NCCL INFO New proxy send connection 9 from local rank 0, transport 0
MOC-R4PCC04U05:610469:610619 [0] NCCL INFO Connected to proxy localRank 3 -> connection 0x7f4774005368
MOC-R4PCC04U05:610469:610613 [0] NCCL INFO New proxy send connection 10 from local rank 1, transport 0
MOC-R4PCC04U05:610470:610622 [1] NCCL INFO Connected to proxy localRank 0 -> connection 0x7f3c3c0053e0
MOC-R4PCC04U05:610471:610611 [2] NCCL INFO New proxy send connection 9 from local rank 1, transport 0
MOC-R4PCC04U05:610470:610622 [1] NCCL INFO Connected to proxy localRank 2 -> connection 0x7f0c08005368
MOC-R4PCC04U05:610470:610615 [1] NCCL INFO New proxy send connection 10 from local rank 0, transport 0
MOC-R4PCC04U05:610469:610619 [0] NCCL INFO Connected to proxy localRank 1 -> connection 0x7f04480053e0
num decayed parameter tensors: 50, with 124,318,464 parameters
num non-decayed parameter tensors: 98, with 121,344 parameters
using fused AdamW: False
using regular AdamW
MOC-R4PCC04U05:610472:610610 [3] NCCL INFO New proxy recv connection 10 from local rank 3, transport 0
MOC-R4PCC04U05:610472:611321 [3] NCCL INFO Connected to proxy localRank 3 -> connection 0x7f47740053e0
MOC-R4PCC04U05:610472:610610 [3] NCCL INFO New proxy recv connection 11 from local rank 3, transport 0
MOC-R4PCC04U05:610472:611321 [3] NCCL INFO Connected to proxy localRank 3 -> connection 0x7f4774005458
MOC-R4PCC04U05:610469:610613 [0] NCCL INFO New proxy send connection 11 from local rank 0, transport 0
MOC-R4PCC04U05:610469:611322 [0] NCCL INFO Connected to proxy localRank 0 -> connection 0x7f3c3c005458
MOC-R4PCC04U05:610469:610613 [0] NCCL INFO New proxy send connection 12 from local rank 0, transport 0
MOC-R4PCC04U05:610469:611322 [0] NCCL INFO Connected to proxy localRank 0 -> connection 0x7f3c3c0054d0
MOC-R4PCC04U05:610469:610613 [0] NCCL INFO New proxy send connection 13 from local rank 0, transport 0
MOC-R4PCC04U05:610469:611322 [0] NCCL INFO Connected to proxy localRank 0 -> connection 0x7f3c3c005548
MOC-R4PCC04U05:610469:610613 [0] NCCL INFO New proxy send connection 14 from local rank 0, transport 0
MOC-R4PCC04U05:610469:611322 [0] NCCL INFO Connected to proxy localRank 0 -> connection 0x7f3c3c0055c0
MOC-R4PCC04U05:610471:610611 [2] NCCL INFO New proxy recv connection 10 from local rank 2, transport 0
MOC-R4PCC04U05:610471:611323 [2] NCCL INFO Connected to proxy localRank 2 -> connection 0x7f0c080053e0
MOC-R4PCC04U05:610471:610611 [2] NCCL INFO New proxy recv connection 11 from local rank 2, transport 0
MOC-R4PCC04U05:610471:611323 [2] NCCL INFO Connected to proxy localRank 2 -> connection 0x7f0c08005458
MOC-R4PCC04U05:610471:610611 [2] NCCL INFO New proxy recv connection 12 from local rank 2, transport 0
MOC-R4PCC04U05:610471:611323 [2] NCCL INFO Connected to proxy localRank 2 -> connection 0x7f0c080054d0
MOC-R4PCC04U05:610471:610611 [2] NCCL INFO New proxy recv connection 13 from local rank 2, transport 0
MOC-R4PCC04U05:610471:611323 [2] NCCL INFO Connected to proxy localRank 2 -> connection 0x7f0c08005548
MOC-R4PCC04U05:610470:610615 [1] NCCL INFO New proxy recv connection 11 from local rank 1, transport 0
MOC-R4PCC04U05:610470:611324 [1] NCCL INFO Connected to proxy localRank 1 -> connection 0x7f0448005458
MOC-R4PCC04U05:610470:610615 [1] NCCL INFO New proxy recv connection 12 from local rank 1, transport 0
MOC-R4PCC04U05:610470:611324 [1] NCCL INFO Connected to proxy localRank 1 -> connection 0x7f04480054d0
MOC-R4PCC04U05:610470:610615 [1] NCCL INFO New proxy recv connection 13 from local rank 1, transport 0
MOC-R4PCC04U05:610470:611324 [1] NCCL INFO Connected to proxy localRank 1 -> connection 0x7f0448005548
MOC-R4PCC04U05:610470:610615 [1] NCCL INFO New proxy recv connection 14 from local rank 1, transport 0
MOC-R4PCC04U05:610470:611324 [1] NCCL INFO Connected to proxy localRank 1 -> connection 0x7f04480055c0
MOC-R4PCC04U05:610470:610615 [1] NCCL INFO New proxy send connection 15 from local rank 1, transport 0
MOC-R4PCC04U05:610470:611324 [1] NCCL INFO Connected to proxy localRank 1 -> connection 0x7f0448005638
MOC-R4PCC04U05:610470:610615 [1] NCCL INFO New proxy send connection 16 from local rank 1, transport 0
MOC-R4PCC04U05:610470:611324 [1] NCCL INFO Connected to proxy localRank 1 -> connection 0x7f04480056b0
MOC-R4PCC04U05:610470:610615 [1] NCCL INFO New proxy send connection 17 from local rank 1, transport 0
MOC-R4PCC04U05:610470:611324 [1] NCCL INFO Connected to proxy localRank 1 -> connection 0x7f0448005728
MOC-R4PCC04U05:610470:610615 [1] NCCL INFO New proxy send connection 18 from local rank 1, transport 0
MOC-R4PCC04U05:610470:611324 [1] NCCL INFO Connected to proxy localRank 1 -> connection 0x7f04480057a0
MOC-R4PCC04U05:610470:610615 [1] NCCL INFO New proxy recv connection 19 from local rank 1, transport 0
MOC-R4PCC04U05:610469:610613 [0] NCCL INFO New proxy send connection 15 from local rank 0, transport 0
MOC-R4PCC04U05:610470:611324 [1] NCCL INFO Connected to proxy localRank 1 -> connection 0x7f0448005818
MOC-R4PCC04U05:610469:611322 [0] NCCL INFO Connected to proxy localRank 0 -> connection 0x7f3c3c005638
MOC-R4PCC04U05:610471:610611 [2] NCCL INFO New proxy send connection 14 from local rank 2, transport 0
MOC-R4PCC04U05:610471:611323 [2] NCCL INFO Connected to proxy localRank 2 -> connection 0x7f0c080055c0
MOC-R4PCC04U05:610470:610615 [1] NCCL INFO New proxy recv connection 20 from local rank 1, transport 0
MOC-R4PCC04U05:610470:611324 [1] NCCL INFO Connected to proxy localRank 1 -> connection 0x7f0448005890
MOC-R4PCC04U05:610469:610613 [0] NCCL INFO New proxy send connection 16 from local rank 0, transport 0
MOC-R4PCC04U05:610469:611322 [0] NCCL INFO Connected to proxy localRank 0 -> connection 0x7f3c3c0056b0
MOC-R4PCC04U05:610471:610611 [2] NCCL INFO New proxy send connection 15 from local rank 2, transport 0
MOC-R4PCC04U05:610471:611323 [2] NCCL INFO Connected to proxy localRank 2 -> connection 0x7f0c08005638
MOC-R4PCC04U05:610469:610613 [0] NCCL INFO New proxy recv connection 17 from local rank 0, transport 0
MOC-R4PCC04U05:610469:611322 [0] NCCL INFO Connected to proxy localRank 0 -> connection 0x7f3c3c005728
MOC-R4PCC04U05:610472:610610 [3] NCCL INFO New proxy recv connection 12 from local rank 3, transport 2
MOC-R4PCC04U05:610472:611321 [3] NCCL INFO Connected to proxy localRank 3 -> connection 0x7f47740054d0
MOC-R4PCC04U05:610469:610613 [0] NCCL INFO New proxy recv connection 18 from local rank 0, transport 0
MOC-R4PCC04U05:610469:611322 [0] NCCL INFO Connected to proxy localRank 0 -> connection 0x7f3c3c0057a0
MOC-R4PCC04U05:610469:610613 [0] NCCL INFO New proxy recv connection 19 from local rank 0, transport 0
MOC-R4PCC04U05:610469:611322 [0] NCCL INFO Connected to proxy localRank 0 -> connection 0x7f3c3c005818
MOC-R4PCC04U05:610472:611321 [3] NCCL INFO Channel 00/0 : 11[3] -> 3[3] [receive] via NET/Socket/0
MOC-R4PCC04U05:610472:610610 [3] NCCL INFO New proxy recv connection 13 from local rank 3, transport 2
MOC-R4PCC04U05:610472:611321 [3] NCCL INFO Connected to proxy localRank 3 -> connection 0x7f4774005548
MOC-R4PCC04U05:610472:611321 [3] NCCL INFO Channel 01/0 : 11[3] -> 3[3] [receive] via NET/Socket/0
MOC-R4PCC04U05:610472:610610 [3] NCCL INFO New proxy recv connection 14 from local rank 3, transport 2
MOC-R4PCC04U05:610472:611321 [3] NCCL INFO Connected to proxy localRank 3 -> connection 0x7f47740055c0
MOC-R4PCC04U05:610472:611321 [3] NCCL INFO Channel 02/0 : 11[3] -> 3[3] [receive] via NET/Socket/0
MOC-R4PCC04U05:610472:610610 [3] NCCL INFO New proxy recv connection 15 from local rank 3, transport 2
MOC-R4PCC04U05:610472:611321 [3] NCCL INFO Connected to proxy localRank 3 -> connection 0x7f4774005638
MOC-R4PCC04U05:610472:611321 [3] NCCL INFO Channel 03/0 : 11[3] -> 3[3] [receive] via NET/Socket/0
MOC-R4PCC04U05:610472:610610 [3] NCCL INFO New proxy send connection 16 from local rank 3, transport 2
MOC-R4PCC04U05:610472:611321 [3] NCCL INFO Connected to proxy localRank 3 -> connection 0x7f47740056b0
MOC-R4PCC04U05:610472:611321 [3] NCCL INFO Channel 02/0 : 3[3] -> 7[3] [send] via NET/Socket/0
MOC-R4PCC04U05:610472:610610 [3] NCCL INFO New proxy send connection 17 from local rank 3, transport 2
MOC-R4PCC04U05:610472:611321 [3] NCCL INFO Connected to proxy localRank 3 -> connection 0x7f4774005728
MOC-R4PCC04U05:610472:611321 [3] NCCL INFO Channel 03/0 : 3[3] -> 7[3] [send] via NET/Socket/0
MOC-R4PCC04U05:610469:610613 [0] NCCL INFO New proxy recv connection 20 from local rank 0, transport 0
MOC-R4PCC04U05:610469:611322 [0] NCCL INFO Connected to proxy localRank 0 -> connection 0x7f3c3c005890
MOC-R4PCC04U05:610472:610610 [3] NCCL INFO New proxy recv connection 18 from local rank 3, transport 2
MOC-R4PCC04U05:610472:611321 [3] NCCL INFO Connected to proxy localRank 3 -> connection 0x7f47740057a0
MOC-R4PCC04U05:610472:611321 [3] NCCL INFO Channel 02/0 : 7[3] -> 3[3] [receive] via NET/Socket/0
MOC-R4PCC04U05:610472:610610 [3] NCCL INFO New proxy recv connection 19 from local rank 3, transport 2
MOC-R4PCC04U05:610472:611321 [3] NCCL INFO Connected to proxy localRank 3 -> connection 0x7f4774005818
MOC-R4PCC04U05:610472:611321 [3] NCCL INFO Channel 03/0 : 7[3] -> 3[3] [receive] via NET/Socket/0
MOC-R4PCC04U05:610472:610610 [3] NCCL INFO New proxy send connection 20 from local rank 3, transport 2
MOC-R4PCC04U05:610472:611321 [3] NCCL INFO Connected to proxy localRank 3 -> connection 0x7f4774005890
MOC-R4PCC04U05:610472:611321 [3] NCCL INFO Channel 00/0 : 3[3] -> 11[3] [send] via NET/Socket/0
MOC-R4PCC04U05:610472:610610 [3] NCCL INFO New proxy send connection 21 from local rank 3, transport 2
MOC-R4PCC04U05:610472:611321 [3] NCCL INFO Connected to proxy localRank 3 -> connection 0x7f4774005908
MOC-R4PCC04U05:610472:611321 [3] NCCL INFO Channel 01/0 : 3[3] -> 11[3] [send] via NET/Socket/0
MOC-R4PCC04U05:610472:610610 [3] NCCL INFO New proxy send connection 22 from local rank 3, transport 2
MOC-R4PCC04U05:610472:611321 [3] NCCL INFO Connected to proxy localRank 3 -> connection 0x7f4774005980
MOC-R4PCC04U05:610472:611321 [3] NCCL INFO Channel 02/0 : 3[3] -> 11[3] [send] via NET/Socket/0
MOC-R4PCC04U05:610472:610610 [3] NCCL INFO New proxy send connection 23 from local rank 3, transport 2
MOC-R4PCC04U05:610472:611321 [3] NCCL INFO Connected to proxy localRank 3 -> connection 0x7f47740059f8
MOC-R4PCC04U05:610472:611321 [3] NCCL INFO Channel 03/0 : 3[3] -> 11[3] [send] via NET/Socket/0
MOC-R4PCC04U05:610472:610610 [3] NCCL INFO New proxy send connection 24 from local rank 3, transport 0
MOC-R4PCC04U05:610472:611321 [3] NCCL INFO Connected to proxy localRank 3 -> connection 0x7f4774005a70
MOC-R4PCC04U05:610472:610610 [3] NCCL INFO New proxy send connection 25 from local rank 3, transport 0
MOC-R4PCC04U05:610472:611321 [3] NCCL INFO Connected to proxy localRank 3 -> connection 0x7f4774005ae8
MOC-R4PCC04U05:610472:610610 [3] NCCL INFO New proxy send connection 26 from local rank 3, transport 0
MOC-R4PCC04U05:610472:611321 [3] NCCL INFO Connected to proxy localRank 3 -> connection 0x7f4774005b60
MOC-R4PCC04U05:610472:610610 [3] NCCL INFO New proxy send connection 27 from local rank 3, transport 0
MOC-R4PCC04U05:610472:611321 [3] NCCL INFO Connected to proxy localRank 3 -> connection 0x7f4774005bd8
step    1/10 | train loss 11.009466 | norm 15.3152 | lr 1.00e-04 | (14369.16 ms | 191557 tok/s)
step    2/10 | train loss 10.139435 | norm 5.7209 | lr 1.00e-04 | (693.03 ms | 3971695 tok/s)
step    3/10 | train loss 9.799345 | norm 2.6024 | lr 1.00e-04 | (685.09 ms | 4017765 tok/s)
step    4/10 | train loss 9.630253 | norm 2.1077 | lr 1.00e-04 | (684.17 ms | 4023166 tok/s)
step    5/10 | train loss 9.547256 | norm 2.0986 | lr 1.00e-04 | (682.22 ms | 4034657 tok/s)
step    6/10 | train loss 9.466182 | norm 1.9943 | lr 1.00e-04 | (689.78 ms | 3990394 tok/s)
step    7/10 | train loss 9.380589 | norm 1.9438 | lr 1.00e-04 | (684.41 ms | 4021747 tok/s)
step    8/10 | train loss 9.288689 | norm 1.9109 | lr 1.00e-04 | (685.00 ms | 4018272 tok/s)
step    9/10 | train loss 9.193278 | norm 1.8533 | lr 1.00e-04 | (692.25 ms | 3976170 tok/s)
step   10/10 | train loss 9.109074 | norm 1.7962 | lr 1.00e-04 | (692.55 ms | 3974450 tok/s)
final 9 iters avg: 687.610ms
peak memory consumption: 16601 MiB
