Running pytorch 2.7.0+cu126
using device: cuda:0
total desired batch size: 786432
=> calculated gradient accumulation steps: 2
using device: cuda:2
using device: cuda:1
using device: cuda:3
compiling the model...
DataLoader: total number of tokens: 1,661,249,667 across 103 files
MOC-R4PCC04U05:513163:513163 [0] NCCL INFO NCCL_SOCKET_IFNAME set to eno7np0
MOC-R4PCC04U05:513163:513163 [0] NCCL INFO NCCL version 2.26.2+cuda12.2
MOC-R4PCC04U05:513163:513267 [0] NCCL INFO NET/Plugin: Could not find: libnccl-net.so. Using internal net plugin.
MOC-R4PCC04U05:513163:513267 [0] NCCL INFO NET/Socket : Using [0]eno7np0:192.168.50.193<0>
MOC-R4PCC04U05:513164:513164 [1] NCCL INFO NCCL_SOCKET_IFNAME set to eno7np0
MOC-R4PCC04U05:513164:513164 [1] NCCL INFO NCCL version 2.26.2+cuda12.2
MOC-R4PCC04U05:513165:513165 [2] NCCL INFO NCCL_SOCKET_IFNAME set to eno7np0
MOC-R4PCC04U05:513166:513166 [3] NCCL INFO NCCL_SOCKET_IFNAME set to eno7np0
MOC-R4PCC04U05:513165:513165 [2] NCCL INFO NCCL version 2.26.2+cuda12.2
MOC-R4PCC04U05:513166:513166 [3] NCCL INFO NCCL version 2.26.2+cuda12.2
MOC-R4PCC04U05:513164:513289 [1] NCCL INFO NET/Plugin: Could not find: libnccl-net.so. Using internal net plugin.
MOC-R4PCC04U05:513165:513290 [2] NCCL INFO NET/Plugin: Could not find: libnccl-net.so. Using internal net plugin.
MOC-R4PCC04U05:513164:513289 [1] NCCL INFO NET/Socket : Using [0]eno7np0:192.168.50.193<0>
MOC-R4PCC04U05:513165:513290 [2] NCCL INFO NET/Socket : Using [0]eno7np0:192.168.50.193<0>
MOC-R4PCC04U05:513166:513291 [3] NCCL INFO NET/Plugin: Could not find: libnccl-net.so. Using internal net plugin.
MOC-R4PCC04U05:513166:513291 [3] NCCL INFO NET/Socket : Using [0]eno7np0:192.168.50.193<0>
MOC-R4PCC04U05:513166:513291 [3] NCCL INFO NET/Socket : GPU Direct RDMA Disabled for HCA 0 'eno7np0'
MOC-R4PCC04U05:513163:513267 [0] NCCL INFO NET/Socket : GPU Direct RDMA Disabled for HCA 0 'eno7np0'
MOC-R4PCC04U05:513165:513290 [2] NCCL INFO NET/Socket : GPU Direct RDMA Disabled for HCA 0 'eno7np0'
MOC-R4PCC04U05:513164:513289 [1] NCCL INFO NET/Socket : GPU Direct RDMA Disabled for HCA 0 'eno7np0'
MOC-R4PCC04U05:513166:513302 [3] NCCL INFO New proxy recv connection 0 from local rank 3, transport 0
MOC-R4PCC04U05:513166:513308 [3] NCCL INFO Connected to proxy localRank 3 -> connection 0x7f9770004f30
MOC-R4PCC04U05:513166:513302 [3] NCCL INFO New proxy recv connection 1 from local rank 3, transport 0
MOC-R4PCC04U05:513166:513308 [3] NCCL INFO Connected to proxy localRank 3 -> connection 0x7f9770004fa8
MOC-R4PCC04U05:513163:513300 [0] NCCL INFO New proxy send connection 0 from local rank 0, transport 0
MOC-R4PCC04U05:513163:513309 [0] NCCL INFO Connected to proxy localRank 0 -> connection 0x7f59dc004f30
MOC-R4PCC04U05:513163:513300 [0] NCCL INFO New proxy send connection 1 from local rank 0, transport 0
MOC-R4PCC04U05:513163:513309 [0] NCCL INFO Connected to proxy localRank 0 -> connection 0x7f59dc004fa8
MOC-R4PCC04U05:513164:513304 [1] NCCL INFO New proxy recv connection 0 from local rank 1, transport 0
MOC-R4PCC04U05:513164:513310 [1] NCCL INFO Connected to proxy localRank 1 -> connection 0x7ff6fc004f30
MOC-R4PCC04U05:513164:513304 [1] NCCL INFO New proxy recv connection 1 from local rank 1, transport 0
MOC-R4PCC04U05:513164:513310 [1] NCCL INFO Connected to proxy localRank 1 -> connection 0x7ff6fc004fa8
MOC-R4PCC04U05:513165:513301 [2] NCCL INFO New proxy recv connection 0 from local rank 2, transport 0
MOC-R4PCC04U05:513165:513311 [2] NCCL INFO Connected to proxy localRank 2 -> connection 0x7f5eb4004f30
MOC-R4PCC04U05:513165:513301 [2] NCCL INFO New proxy recv connection 1 from local rank 2, transport 0
MOC-R4PCC04U05:513165:513311 [2] NCCL INFO Connected to proxy localRank 2 -> connection 0x7f5eb4004fa8
MOC-R4PCC04U05:513166:513302 [3] NCCL INFO New proxy send connection 2 from local rank 3, transport 2
MOC-R4PCC04U05:513166:513308 [3] NCCL INFO Connected to proxy localRank 3 -> connection 0x7f9770005020
MOC-R4PCC04U05:513166:513308 [3] NCCL INFO Channel 00/0 : 3[3] -> 6[2] [send] via NET/Socket/0
MOC-R4PCC04U05:513166:513302 [3] NCCL INFO New proxy send connection 3 from local rank 3, transport 2
MOC-R4PCC04U05:513166:513308 [3] NCCL INFO Connected to proxy localRank 3 -> connection 0x7f9770005098
MOC-R4PCC04U05:513166:513308 [3] NCCL INFO Channel 02/0 : 3[3] -> 6[2] [send] via NET/Socket/0
MOC-R4PCC04U05:513163:513300 [0] NCCL INFO New proxy send connection 2 from local rank 0, transport 0
MOC-R4PCC04U05:513163:513309 [0] NCCL INFO Connected to proxy localRank 0 -> connection 0x7f59dc005020
MOC-R4PCC04U05:513163:513300 [0] NCCL INFO New proxy send connection 3 from local rank 0, transport 0
MOC-R4PCC04U05:513163:513309 [0] NCCL INFO Connected to proxy localRank 0 -> connection 0x7f59dc005098
MOC-R4PCC04U05:513163:513300 [0] NCCL INFO New proxy recv connection 4 from local rank 0, transport 0
MOC-R4PCC04U05:513163:513309 [0] NCCL INFO Connected to proxy localRank 0 -> connection 0x7f59dc005110
MOC-R4PCC04U05:513163:513300 [0] NCCL INFO New proxy recv connection 5 from local rank 0, transport 0
MOC-R4PCC04U05:513163:513309 [0] NCCL INFO Connected to proxy localRank 0 -> connection 0x7f59dc005188
MOC-R4PCC04U05:513166:513302 [3] NCCL INFO New proxy recv connection 4 from local rank 3, transport 2
MOC-R4PCC04U05:513166:513308 [3] NCCL INFO Connected to proxy localRank 3 -> connection 0x7f9770005110
MOC-R4PCC04U05:513166:513308 [3] NCCL INFO Channel 01/0 : 10[2] -> 3[3] [receive] via NET/Socket/0
MOC-R4PCC04U05:513166:513302 [3] NCCL INFO New proxy recv connection 5 from local rank 3, transport 2
MOC-R4PCC04U05:513166:513308 [3] NCCL INFO Connected to proxy localRank 3 -> connection 0x7f9770005188
MOC-R4PCC04U05:513166:513308 [3] NCCL INFO Channel 03/0 : 10[2] -> 3[3] [receive] via NET/Socket/0
MOC-R4PCC04U05:513165:513301 [2] NCCL INFO New proxy recv connection 2 from local rank 2, transport 2
MOC-R4PCC04U05:513165:513311 [2] NCCL INFO Connected to proxy localRank 2 -> connection 0x7f5eb4005020
MOC-R4PCC04U05:513165:513311 [2] NCCL INFO Channel 00/0 : 11[3] -> 2[2] [receive] via NET/Socket/0
MOC-R4PCC04U05:513165:513301 [2] NCCL INFO New proxy recv connection 3 from local rank 2, transport 2
MOC-R4PCC04U05:513165:513311 [2] NCCL INFO Connected to proxy localRank 2 -> connection 0x7f5eb4005098
MOC-R4PCC04U05:513165:513311 [2] NCCL INFO Channel 02/0 : 11[3] -> 2[2] [receive] via NET/Socket/0
MOC-R4PCC04U05:513163:513300 [0] NCCL INFO New proxy recv connection 6 from local rank 0, transport 0
MOC-R4PCC04U05:513163:513309 [0] NCCL INFO Connected to proxy localRank 0 -> connection 0x7f59dc005200
MOC-R4PCC04U05:513163:513300 [0] NCCL INFO New proxy recv connection 7 from local rank 0, transport 0
MOC-R4PCC04U05:513163:513309 [0] NCCL INFO Connected to proxy localRank 0 -> connection 0x7f59dc005278
MOC-R4PCC04U05:513165:513301 [2] NCCL INFO New proxy send connection 4 from local rank 2, transport 2
MOC-R4PCC04U05:513165:513311 [2] NCCL INFO Connected to proxy localRank 2 -> connection 0x7f5eb4005110
MOC-R4PCC04U05:513165:513311 [2] NCCL INFO Channel 01/0 : 2[2] -> 7[3] [send] via NET/Socket/0
MOC-R4PCC04U05:513165:513301 [2] NCCL INFO New proxy send connection 5 from local rank 2, transport 2
MOC-R4PCC04U05:513165:513311 [2] NCCL INFO Connected to proxy localRank 2 -> connection 0x7f5eb4005188
MOC-R4PCC04U05:513165:513311 [2] NCCL INFO Channel 03/0 : 2[2] -> 7[3] [send] via NET/Socket/0
MOC-R4PCC04U05:513166:513302 [3] NCCL INFO New proxy send connection 6 from local rank 3, transport 0
MOC-R4PCC04U05:513166:513308 [3] NCCL INFO Connected to proxy localRank 3 -> connection 0x7f9770005200
MOC-R4PCC04U05:513165:513301 [2] NCCL INFO New proxy send connection 6 from local rank 2, transport 0
MOC-R4PCC04U05:513165:513311 [2] NCCL INFO Connected to proxy localRank 2 -> connection 0x7f5eb4005200
MOC-R4PCC04U05:513166:513302 [3] NCCL INFO New proxy send connection 7 from local rank 3, transport 0
MOC-R4PCC04U05:513166:513308 [3] NCCL INFO Connected to proxy localRank 3 -> connection 0x7f9770005278
MOC-R4PCC04U05:513165:513301 [2] NCCL INFO New proxy send connection 7 from local rank 2, transport 0
MOC-R4PCC04U05:513165:513311 [2] NCCL INFO Connected to proxy localRank 2 -> connection 0x7f5eb4005278
MOC-R4PCC04U05:513164:513304 [1] NCCL INFO New proxy recv connection 2 from local rank 1, transport 0
MOC-R4PCC04U05:513163:513300 [0] NCCL INFO New proxy send connection 8 from local rank 3, transport 0
MOC-R4PCC04U05:513164:513310 [1] NCCL INFO Connected to proxy localRank 1 -> connection 0x7ff6fc005020
MOC-R4PCC04U05:513166:513308 [3] NCCL INFO Connected to proxy localRank 0 -> connection 0x7f59dc0052f0
MOC-R4PCC04U05:513164:513304 [1] NCCL INFO New proxy recv connection 3 from local rank 1, transport 0
MOC-R4PCC04U05:513164:513310 [1] NCCL INFO Connected to proxy localRank 1 -> connection 0x7ff6fc005098
MOC-R4PCC04U05:513164:513304 [1] NCCL INFO New proxy send connection 4 from local rank 1, transport 0
MOC-R4PCC04U05:513164:513310 [1] NCCL INFO Connected to proxy localRank 1 -> connection 0x7ff6fc005110
MOC-R4PCC04U05:513164:513304 [1] NCCL INFO New proxy send connection 5 from local rank 1, transport 0
MOC-R4PCC04U05:513164:513310 [1] NCCL INFO Connected to proxy localRank 1 -> connection 0x7ff6fc005188
MOC-R4PCC04U05:513164:513304 [1] NCCL INFO New proxy send connection 6 from local rank 1, transport 0
MOC-R4PCC04U05:513164:513310 [1] NCCL INFO Connected to proxy localRank 1 -> connection 0x7ff6fc005200
MOC-R4PCC04U05:513164:513304 [1] NCCL INFO New proxy send connection 7 from local rank 1, transport 0
MOC-R4PCC04U05:513164:513310 [1] NCCL INFO Connected to proxy localRank 1 -> connection 0x7ff6fc005278
MOC-R4PCC04U05:513163:513300 [0] NCCL INFO New proxy send connection 9 from local rank 2, transport 0
MOC-R4PCC04U05:513165:513311 [2] NCCL INFO Connected to proxy localRank 0 -> connection 0x7f59dc005368
MOC-R4PCC04U05:513165:513301 [2] NCCL INFO New proxy send connection 8 from local rank 0, transport 0
MOC-R4PCC04U05:513163:513309 [0] NCCL INFO Connected to proxy localRank 2 -> connection 0x7f5eb40052f0
MOC-R4PCC04U05:513166:513302 [3] NCCL INFO New proxy send connection 8 from local rank 1, transport 0
MOC-R4PCC04U05:513164:513310 [1] NCCL INFO Connected to proxy localRank 3 -> connection 0x7f97700052f0
MOC-R4PCC04U05:513164:513304 [1] NCCL INFO New proxy send connection 8 from local rank 2, transport 0
MOC-R4PCC04U05:513165:513311 [2] NCCL INFO Connected to proxy localRank 1 -> connection 0x7ff6fc0052f0
MOC-R4PCC04U05:513164:513304 [1] NCCL INFO New proxy send connection 9 from local rank 3, transport 0
MOC-R4PCC04U05:513166:513308 [3] NCCL INFO Connected to proxy localRank 1 -> connection 0x7ff6fc005368
MOC-R4PCC04U05:513163:513300 [0] NCCL INFO New proxy send connection 10 from local rank 1, transport 0
MOC-R4PCC04U05:513164:513310 [1] NCCL INFO Connected to proxy localRank 0 -> connection 0x7f59dc0053e0
MOC-R4PCC04U05:513166:513302 [3] NCCL INFO New proxy send connection 9 from local rank 0, transport 0
MOC-R4PCC04U05:513163:513309 [0] NCCL INFO Connected to proxy localRank 3 -> connection 0x7f9770005368
MOC-R4PCC04U05:513165:513301 [2] NCCL INFO New proxy send connection 9 from local rank 1, transport 0
MOC-R4PCC04U05:513164:513310 [1] NCCL INFO Connected to proxy localRank 2 -> connection 0x7f5eb4005368
MOC-R4PCC04U05:513164:513304 [1] NCCL INFO New proxy send connection 10 from local rank 0, transport 0
MOC-R4PCC04U05:513163:513309 [0] NCCL INFO Connected to proxy localRank 1 -> connection 0x7ff6fc0053e0
num decayed parameter tensors: 50, with 124,318,464 parameters
num non-decayed parameter tensors: 98, with 121,344 parameters
using fused AdamW: False
using regular AdamW
MOC-R4PCC04U05:513163:513300 [0] NCCL INFO New proxy send connection 11 from local rank 0, transport 0
MOC-R4PCC04U05:513163:514066 [0] NCCL INFO Connected to proxy localRank 0 -> connection 0x7f59dc005458
MOC-R4PCC04U05:513164:513304 [1] NCCL INFO New proxy recv connection 11 from local rank 1, transport 0
MOC-R4PCC04U05:513163:513300 [0] NCCL INFO New proxy send connection 12 from local rank 0, transport 0
MOC-R4PCC04U05:513164:514067 [1] NCCL INFO Connected to proxy localRank 1 -> connection 0x7ff6fc005458
MOC-R4PCC04U05:513163:514066 [0] NCCL INFO Connected to proxy localRank 0 -> connection 0x7f59dc0054d0
MOC-R4PCC04U05:513163:513300 [0] NCCL INFO New proxy send connection 13 from local rank 0, transport 0
MOC-R4PCC04U05:513163:514066 [0] NCCL INFO Connected to proxy localRank 0 -> connection 0x7f59dc005548
MOC-R4PCC04U05:513164:513304 [1] NCCL INFO New proxy recv connection 12 from local rank 1, transport 0
MOC-R4PCC04U05:513164:514067 [1] NCCL INFO Connected to proxy localRank 1 -> connection 0x7ff6fc0054d0
MOC-R4PCC04U05:513163:513300 [0] NCCL INFO New proxy send connection 14 from local rank 0, transport 0
MOC-R4PCC04U05:513163:514066 [0] NCCL INFO Connected to proxy localRank 0 -> connection 0x7f59dc0055c0
MOC-R4PCC04U05:513164:513304 [1] NCCL INFO New proxy recv connection 13 from local rank 1, transport 0
MOC-R4PCC04U05:513164:514067 [1] NCCL INFO Connected to proxy localRank 1 -> connection 0x7ff6fc005548
MOC-R4PCC04U05:513164:513304 [1] NCCL INFO New proxy recv connection 14 from local rank 1, transport 0
MOC-R4PCC04U05:513164:514067 [1] NCCL INFO Connected to proxy localRank 1 -> connection 0x7ff6fc0055c0
MOC-R4PCC04U05:513164:513304 [1] NCCL INFO New proxy send connection 15 from local rank 1, transport 0
MOC-R4PCC04U05:513164:514067 [1] NCCL INFO Connected to proxy localRank 1 -> connection 0x7ff6fc005638
MOC-R4PCC04U05:513164:513304 [1] NCCL INFO New proxy send connection 16 from local rank 1, transport 0
MOC-R4PCC04U05:513164:514067 [1] NCCL INFO Connected to proxy localRank 1 -> connection 0x7ff6fc0056b0
MOC-R4PCC04U05:513164:513304 [1] NCCL INFO New proxy send connection 17 from local rank 1, transport 0
MOC-R4PCC04U05:513164:514067 [1] NCCL INFO Connected to proxy localRank 1 -> connection 0x7ff6fc005728
MOC-R4PCC04U05:513164:513304 [1] NCCL INFO New proxy send connection 18 from local rank 1, transport 0
MOC-R4PCC04U05:513164:514067 [1] NCCL INFO Connected to proxy localRank 1 -> connection 0x7ff6fc0057a0
MOC-R4PCC04U05:513165:513301 [2] NCCL INFO New proxy recv connection 10 from local rank 2, transport 0
MOC-R4PCC04U05:513163:513300 [0] NCCL INFO New proxy send connection 15 from local rank 0, transport 0
MOC-R4PCC04U05:513165:514068 [2] NCCL INFO Connected to proxy localRank 2 -> connection 0x7f5eb40053e0
MOC-R4PCC04U05:513163:514066 [0] NCCL INFO Connected to proxy localRank 0 -> connection 0x7f59dc005638
MOC-R4PCC04U05:513163:513300 [0] NCCL INFO New proxy send connection 16 from local rank 0, transport 0
MOC-R4PCC04U05:513163:514066 [0] NCCL INFO Connected to proxy localRank 0 -> connection 0x7f59dc0056b0
MOC-R4PCC04U05:513165:513301 [2] NCCL INFO New proxy recv connection 11 from local rank 2, transport 0
MOC-R4PCC04U05:513165:514068 [2] NCCL INFO Connected to proxy localRank 2 -> connection 0x7f5eb4005458
MOC-R4PCC04U05:513165:513301 [2] NCCL INFO New proxy recv connection 12 from local rank 2, transport 0
MOC-R4PCC04U05:513165:514068 [2] NCCL INFO Connected to proxy localRank 2 -> connection 0x7f5eb40054d0
MOC-R4PCC04U05:513165:513301 [2] NCCL INFO New proxy recv connection 13 from local rank 2, transport 0
MOC-R4PCC04U05:513165:514068 [2] NCCL INFO Connected to proxy localRank 2 -> connection 0x7f5eb4005548
MOC-R4PCC04U05:513164:513304 [1] NCCL INFO New proxy recv connection 19 from local rank 1, transport 0
MOC-R4PCC04U05:513165:513301 [2] NCCL INFO New proxy send connection 14 from local rank 2, transport 0
MOC-R4PCC04U05:513164:514067 [1] NCCL INFO Connected to proxy localRank 1 -> connection 0x7ff6fc005818
MOC-R4PCC04U05:513165:514068 [2] NCCL INFO Connected to proxy localRank 2 -> connection 0x7f5eb40055c0
MOC-R4PCC04U05:513165:513301 [2] NCCL INFO New proxy send connection 15 from local rank 2, transport 0
MOC-R4PCC04U05:513164:513304 [1] NCCL INFO New proxy recv connection 20 from local rank 1, transport 0
MOC-R4PCC04U05:513165:514068 [2] NCCL INFO Connected to proxy localRank 2 -> connection 0x7f5eb4005638
MOC-R4PCC04U05:513164:514067 [1] NCCL INFO Connected to proxy localRank 1 -> connection 0x7ff6fc005890
MOC-R4PCC04U05:513166:513302 [3] NCCL INFO New proxy recv connection 10 from local rank 3, transport 0
MOC-R4PCC04U05:513166:514069 [3] NCCL INFO Connected to proxy localRank 3 -> connection 0x7f97700053e0
MOC-R4PCC04U05:513166:513302 [3] NCCL INFO New proxy recv connection 11 from local rank 3, transport 0
MOC-R4PCC04U05:513166:514069 [3] NCCL INFO Connected to proxy localRank 3 -> connection 0x7f9770005458
MOC-R4PCC04U05:513166:513302 [3] NCCL INFO New proxy recv connection 12 from local rank 3, transport 2
MOC-R4PCC04U05:513166:514069 [3] NCCL INFO Connected to proxy localRank 3 -> connection 0x7f97700054d0
MOC-R4PCC04U05:513163:513300 [0] NCCL INFO New proxy recv connection 17 from local rank 0, transport 0
MOC-R4PCC04U05:513163:514066 [0] NCCL INFO Connected to proxy localRank 0 -> connection 0x7f59dc005728
MOC-R4PCC04U05:513166:514069 [3] NCCL INFO Channel 00/0 : 11[3] -> 3[3] [receive] via NET/Socket/0
MOC-R4PCC04U05:513166:513302 [3] NCCL INFO New proxy recv connection 13 from local rank 3, transport 2
MOC-R4PCC04U05:513166:514069 [3] NCCL INFO Connected to proxy localRank 3 -> connection 0x7f9770005548
MOC-R4PCC04U05:513163:513300 [0] NCCL INFO New proxy recv connection 18 from local rank 0, transport 0
MOC-R4PCC04U05:513163:514066 [0] NCCL INFO Connected to proxy localRank 0 -> connection 0x7f59dc0057a0
MOC-R4PCC04U05:513163:513300 [0] NCCL INFO New proxy recv connection 19 from local rank 0, transport 0
MOC-R4PCC04U05:513163:514066 [0] NCCL INFO Connected to proxy localRank 0 -> connection 0x7f59dc005818
MOC-R4PCC04U05:513166:514069 [3] NCCL INFO Channel 01/0 : 11[3] -> 3[3] [receive] via NET/Socket/0
MOC-R4PCC04U05:513166:513302 [3] NCCL INFO New proxy recv connection 14 from local rank 3, transport 2
MOC-R4PCC04U05:513166:514069 [3] NCCL INFO Connected to proxy localRank 3 -> connection 0x7f97700055c0
MOC-R4PCC04U05:513163:513300 [0] NCCL INFO New proxy recv connection 20 from local rank 0, transport 0
MOC-R4PCC04U05:513163:514066 [0] NCCL INFO Connected to proxy localRank 0 -> connection 0x7f59dc005890
MOC-R4PCC04U05:513166:514069 [3] NCCL INFO Channel 02/0 : 11[3] -> 3[3] [receive] via NET/Socket/0
MOC-R4PCC04U05:513166:513302 [3] NCCL INFO New proxy recv connection 15 from local rank 3, transport 2
MOC-R4PCC04U05:513166:514069 [3] NCCL INFO Connected to proxy localRank 3 -> connection 0x7f9770005638
MOC-R4PCC04U05:513166:514069 [3] NCCL INFO Channel 03/0 : 11[3] -> 3[3] [receive] via NET/Socket/0
MOC-R4PCC04U05:513166:513302 [3] NCCL INFO New proxy send connection 16 from local rank 3, transport 2
MOC-R4PCC04U05:513166:514069 [3] NCCL INFO Connected to proxy localRank 3 -> connection 0x7f97700056b0
MOC-R4PCC04U05:513166:514069 [3] NCCL INFO Channel 02/0 : 3[3] -> 7[3] [send] via NET/Socket/0
MOC-R4PCC04U05:513166:513302 [3] NCCL INFO New proxy send connection 17 from local rank 3, transport 2
MOC-R4PCC04U05:513166:514069 [3] NCCL INFO Connected to proxy localRank 3 -> connection 0x7f9770005728
MOC-R4PCC04U05:513166:514069 [3] NCCL INFO Channel 03/0 : 3[3] -> 7[3] [send] via NET/Socket/0
MOC-R4PCC04U05:513166:513302 [3] NCCL INFO New proxy recv connection 18 from local rank 3, transport 2
MOC-R4PCC04U05:513166:514069 [3] NCCL INFO Connected to proxy localRank 3 -> connection 0x7f97700057a0
MOC-R4PCC04U05:513166:514069 [3] NCCL INFO Channel 02/0 : 7[3] -> 3[3] [receive] via NET/Socket/0
MOC-R4PCC04U05:513166:513302 [3] NCCL INFO New proxy recv connection 19 from local rank 3, transport 2
MOC-R4PCC04U05:513166:514069 [3] NCCL INFO Connected to proxy localRank 3 -> connection 0x7f9770005818
MOC-R4PCC04U05:513166:514069 [3] NCCL INFO Channel 03/0 : 7[3] -> 3[3] [receive] via NET/Socket/0
MOC-R4PCC04U05:513166:513302 [3] NCCL INFO New proxy send connection 20 from local rank 3, transport 2
MOC-R4PCC04U05:513166:514069 [3] NCCL INFO Connected to proxy localRank 3 -> connection 0x7f9770005890
MOC-R4PCC04U05:513166:514069 [3] NCCL INFO Channel 00/0 : 3[3] -> 11[3] [send] via NET/Socket/0
MOC-R4PCC04U05:513166:513302 [3] NCCL INFO New proxy send connection 21 from local rank 3, transport 2
MOC-R4PCC04U05:513166:514069 [3] NCCL INFO Connected to proxy localRank 3 -> connection 0x7f9770005908
MOC-R4PCC04U05:513166:514069 [3] NCCL INFO Channel 01/0 : 3[3] -> 11[3] [send] via NET/Socket/0
MOC-R4PCC04U05:513166:513302 [3] NCCL INFO New proxy send connection 22 from local rank 3, transport 2
MOC-R4PCC04U05:513166:514069 [3] NCCL INFO Connected to proxy localRank 3 -> connection 0x7f9770005980
MOC-R4PCC04U05:513166:514069 [3] NCCL INFO Channel 02/0 : 3[3] -> 11[3] [send] via NET/Socket/0
MOC-R4PCC04U05:513166:513302 [3] NCCL INFO New proxy send connection 23 from local rank 3, transport 2
MOC-R4PCC04U05:513166:514069 [3] NCCL INFO Connected to proxy localRank 3 -> connection 0x7f97700059f8
MOC-R4PCC04U05:513166:514069 [3] NCCL INFO Channel 03/0 : 3[3] -> 11[3] [send] via NET/Socket/0
MOC-R4PCC04U05:513166:513302 [3] NCCL INFO New proxy send connection 24 from local rank 3, transport 0
MOC-R4PCC04U05:513166:514069 [3] NCCL INFO Connected to proxy localRank 3 -> connection 0x7f9770005a70
MOC-R4PCC04U05:513166:513302 [3] NCCL INFO New proxy send connection 25 from local rank 3, transport 0
MOC-R4PCC04U05:513166:514069 [3] NCCL INFO Connected to proxy localRank 3 -> connection 0x7f9770005ae8
MOC-R4PCC04U05:513166:513302 [3] NCCL INFO New proxy send connection 26 from local rank 3, transport 0
MOC-R4PCC04U05:513166:514069 [3] NCCL INFO Connected to proxy localRank 3 -> connection 0x7f9770005b60
MOC-R4PCC04U05:513166:513302 [3] NCCL INFO New proxy send connection 27 from local rank 3, transport 0
MOC-R4PCC04U05:513166:514069 [3] NCCL INFO Connected to proxy localRank 3 -> connection 0x7f9770005bd8
step    1/10 | train loss 11.010590 | norm 15.4878 | lr 1.00e-04 | (14528.49 ms | 54130 tok/s)
step    2/10 | train loss 10.133061 | norm 5.7716 | lr 1.00e-04 | (258.84 ms | 3038315 tok/s)
step    3/10 | train loss 9.789968 | norm 2.6230 | lr 1.00e-04 | (457.21 ms | 1720081 tok/s)
step    4/10 | train loss 9.619510 | norm 2.1196 | lr 1.00e-04 | (250.20 ms | 3143249 tok/s)
step    5/10 | train loss 9.536163 | norm 2.1144 | lr 1.00e-04 | (248.28 ms | 3167502 tok/s)
step    6/10 | train loss 9.454327 | norm 2.0046 | lr 1.00e-04 | (464.95 ms | 1691418 tok/s)
step    7/10 | train loss 9.368592 | norm 1.9542 | lr 1.00e-04 | (457.10 ms | 1720474 tok/s)
step    8/10 | train loss 9.277061 | norm 1.9203 | lr 1.00e-04 | (253.50 ms | 3102270 tok/s)
step    9/10 | train loss 9.182117 | norm 1.8690 | lr 1.00e-04 | (247.85 ms | 3173011 tok/s)
step   10/10 | train loss 9.094343 | norm 1.7912 | lr 1.00e-04 | (248.50 ms | 3164706 tok/s)
final 9 iters avg: 320.715ms
peak memory consumption: 16601 MiB
