Running pytorch 2.7.0+cu126
using device: cuda:0
total desired batch size: 2621440
=> calculated gradient accumulation steps: 10
using device: cuda:3
using device: cuda:2
using device: cuda:1
compiling the model...
DataLoader: total number of tokens: 1,661,249,667 across 103 files
MOC-R4PCC04U05:358985:358985 [0] NCCL INFO NCCL_SOCKET_IFNAME set to eno7np0
MOC-R4PCC04U05:358985:358985 [0] NCCL INFO NCCL version 2.26.2+cuda12.2
MOC-R4PCC04U05:358987:358987 [2] NCCL INFO NCCL_SOCKET_IFNAME set to eno7np0
MOC-R4PCC04U05:358987:358987 [2] NCCL INFO NCCL version 2.26.2+cuda12.2
MOC-R4PCC04U05:358988:358988 [3] NCCL INFO NCCL_SOCKET_IFNAME set to eno7np0
MOC-R4PCC04U05:358988:358988 [3] NCCL INFO NCCL version 2.26.2+cuda12.2
MOC-R4PCC04U05:358986:358986 [1] NCCL INFO NCCL_SOCKET_IFNAME set to eno7np0
MOC-R4PCC04U05:358986:358986 [1] NCCL INFO NCCL version 2.26.2+cuda12.2
MOC-R4PCC04U05:358985:359026 [0] NCCL INFO NET/Plugin: Could not find: libnccl-net.so. Using internal net plugin.
MOC-R4PCC04U05:358985:359026 [0] NCCL INFO NCCL_IB_HCA set to mlx5_5
MOC-R4PCC04U05:358987:359027 [2] NCCL INFO NET/Plugin: Could not find: libnccl-net.so. Using internal net plugin.
MOC-R4PCC04U05:358987:359027 [2] NCCL INFO NCCL_IB_HCA set to mlx5_5
MOC-R4PCC04U05:358988:359028 [3] NCCL INFO NET/Plugin: Could not find: libnccl-net.so. Using internal net plugin.
MOC-R4PCC04U05:358988:359028 [3] NCCL INFO NCCL_IB_HCA set to mlx5_5
MOC-R4PCC04U05:358986:359029 [1] NCCL INFO NET/Plugin: Could not find: libnccl-net.so. Using internal net plugin.
MOC-R4PCC04U05:358986:359029 [1] NCCL INFO NCCL_IB_HCA set to mlx5_5
MOC-R4PCC04U05:358985:359026 [0] NCCL INFO NET/IB : Made virtual device [0] name=mlx5_5 speed=400000 ndevs=1
MOC-R4PCC04U05:358985:359026 [0] NCCL INFO NET/IB : Using [0]mlx5_5:1/RoCE [RO]; OOB eno7np0:192.168.50.193<0>
MOC-R4PCC04U05:358987:359027 [2] NCCL INFO NET/IB : Made virtual device [0] name=mlx5_5 speed=400000 ndevs=1
MOC-R4PCC04U05:358987:359027 [2] NCCL INFO NET/IB : Using [0]mlx5_5:1/RoCE [RO]; OOB eno7np0:192.168.50.193<0>
MOC-R4PCC04U05:358988:359028 [3] NCCL INFO NET/IB : Made virtual device [0] name=mlx5_5 speed=400000 ndevs=1
MOC-R4PCC04U05:358988:359028 [3] NCCL INFO NET/IB : Using [0]mlx5_5:1/RoCE [RO]; OOB eno7np0:192.168.50.193<0>
MOC-R4PCC04U05:358986:359029 [1] NCCL INFO NET/IB : Made virtual device [0] name=mlx5_5 speed=400000 ndevs=1
MOC-R4PCC04U05:358986:359029 [1] NCCL INFO NET/IB : Using [0]mlx5_5:1/RoCE [RO]; OOB eno7np0:192.168.50.193<0>
MOC-R4PCC04U05:358987:359027 [2] NCCL INFO NET/IB : GPU Direct RDMA Enabled for HCA 0 'mlx5_5'
MOC-R4PCC04U05:358987:359027 [2] NCCL INFO NET/IB : Made virtual device [1] name=mlx5_5 speed=400000 ndevs=1
MOC-R4PCC04U05:358987:359027 [2] NCCL INFO NET/IB : GPU Direct RDMA Enabled for HCA 0 'mlx5_5'
MOC-R4PCC04U05:358987:359027 [2] NCCL INFO NET/IB : GPU Direct RDMA Enabled for HCA 1 'mlx5_5'
MOC-R4PCC04U05:358988:359028 [3] NCCL INFO NET/IB : GPU Direct RDMA Enabled for HCA 0 'mlx5_5'
MOC-R4PCC04U05:358988:359028 [3] NCCL INFO NET/IB : Made virtual device [1] name=mlx5_5 speed=400000 ndevs=1
MOC-R4PCC04U05:358988:359028 [3] NCCL INFO NET/IB : GPU Direct RDMA Enabled for HCA 0 'mlx5_5'
MOC-R4PCC04U05:358988:359028 [3] NCCL INFO NET/IB : GPU Direct RDMA Enabled for HCA 1 'mlx5_5'
MOC-R4PCC04U05:358985:359026 [0] NCCL INFO NET/IB : GPU Direct RDMA Enabled for HCA 0 'mlx5_5'
MOC-R4PCC04U05:358985:359026 [0] NCCL INFO NET/IB : Made virtual device [1] name=mlx5_5 speed=400000 ndevs=1
MOC-R4PCC04U05:358985:359026 [0] NCCL INFO NET/IB : GPU Direct RDMA Enabled for HCA 0 'mlx5_5'
MOC-R4PCC04U05:358985:359026 [0] NCCL INFO NET/IB : GPU Direct RDMA Enabled for HCA 1 'mlx5_5'
MOC-R4PCC04U05:358986:359029 [1] NCCL INFO NET/IB : GPU Direct RDMA Enabled for HCA 0 'mlx5_5'
MOC-R4PCC04U05:358986:359029 [1] NCCL INFO NET/IB : Made virtual device [1] name=mlx5_5 speed=400000 ndevs=1
MOC-R4PCC04U05:358986:359029 [1] NCCL INFO NET/IB : GPU Direct RDMA Enabled for HCA 0 'mlx5_5'
MOC-R4PCC04U05:358986:359029 [1] NCCL INFO NET/IB : GPU Direct RDMA Enabled for HCA 1 'mlx5_5'
MOC-R4PCC04U05:358986:359029 [1] NCCL INFO GPU Direct RDMA Enabled for GPU 0 / HCA 1 (distance 5 <= 5), read 0 mode Default
MOC-R4PCC04U05:358986:359029 [1] NCCL INFO GPU Direct RDMA Enabled for GPU 1 / HCA 1 (distance 5 <= 5), read 0 mode Default
MOC-R4PCC04U05:358986:359029 [1] NCCL INFO GPU Direct RDMA Enabled for GPU 2 / HCA 1 (distance 5 <= 5), read 0 mode Default
MOC-R4PCC04U05:358986:359029 [1] NCCL INFO GPU Direct RDMA Enabled for GPU 3 / HCA 1 (distance 5 <= 5), read 0 mode Default
MOC-R4PCC04U05:358986:359029 [1] NCCL INFO GPU Direct RDMA Enabled for GPU 0 / HCA 1 (distance 5 <= 5), read 0 mode Default
MOC-R4PCC04U05:358986:359029 [1] NCCL INFO GPU Direct RDMA Enabled for GPU 1 / HCA 1 (distance 5 <= 5), read 0 mode Default
MOC-R4PCC04U05:358986:359029 [1] NCCL INFO GPU Direct RDMA Enabled for GPU 2 / HCA 1 (distance 5 <= 5), read 0 mode Default
MOC-R4PCC04U05:358986:359029 [1] NCCL INFO GPU Direct RDMA Enabled for GPU 3 / HCA 1 (distance 5 <= 5), read 0 mode Default
MOC-R4PCC04U05:358988:359028 [3] NCCL INFO GPU Direct RDMA Enabled for GPU 0 / HCA 1 (distance 5 <= 5), read 0 mode Default
MOC-R4PCC04U05:358988:359028 [3] NCCL INFO GPU Direct RDMA Enabled for GPU 1 / HCA 1 (distance 5 <= 5), read 0 mode Default
MOC-R4PCC04U05:358988:359028 [3] NCCL INFO GPU Direct RDMA Enabled for GPU 2 / HCA 1 (distance 5 <= 5), read 0 mode Default
MOC-R4PCC04U05:358988:359028 [3] NCCL INFO GPU Direct RDMA Enabled for GPU 3 / HCA 1 (distance 5 <= 5), read 0 mode Default
MOC-R4PCC04U05:358988:359028 [3] NCCL INFO GPU Direct RDMA Enabled for GPU 0 / HCA 1 (distance 5 <= 5), read 0 mode Default
MOC-R4PCC04U05:358988:359028 [3] NCCL INFO GPU Direct RDMA Enabled for GPU 1 / HCA 1 (distance 5 <= 5), read 0 mode Default
MOC-R4PCC04U05:358988:359028 [3] NCCL INFO GPU Direct RDMA Enabled for GPU 2 / HCA 1 (distance 5 <= 5), read 0 mode Default
MOC-R4PCC04U05:358988:359028 [3] NCCL INFO GPU Direct RDMA Enabled for GPU 3 / HCA 1 (distance 5 <= 5), read 0 mode Default
MOC-R4PCC04U05:358987:359027 [2] NCCL INFO GPU Direct RDMA Enabled for GPU 0 / HCA 1 (distance 5 <= 5), read 0 mode Default
MOC-R4PCC04U05:358987:359027 [2] NCCL INFO GPU Direct RDMA Enabled for GPU 1 / HCA 1 (distance 5 <= 5), read 0 mode Default
MOC-R4PCC04U05:358987:359027 [2] NCCL INFO GPU Direct RDMA Enabled for GPU 2 / HCA 1 (distance 5 <= 5), read 0 mode Default
MOC-R4PCC04U05:358987:359027 [2] NCCL INFO GPU Direct RDMA Enabled for GPU 3 / HCA 1 (distance 5 <= 5), read 0 mode Default
MOC-R4PCC04U05:358987:359027 [2] NCCL INFO GPU Direct RDMA Enabled for GPU 0 / HCA 1 (distance 5 <= 5), read 0 mode Default
MOC-R4PCC04U05:358987:359027 [2] NCCL INFO GPU Direct RDMA Enabled for GPU 1 / HCA 1 (distance 5 <= 5), read 0 mode Default
MOC-R4PCC04U05:358987:359027 [2] NCCL INFO GPU Direct RDMA Enabled for GPU 2 / HCA 1 (distance 5 <= 5), read 0 mode Default
MOC-R4PCC04U05:358987:359027 [2] NCCL INFO GPU Direct RDMA Enabled for GPU 3 / HCA 1 (distance 5 <= 5), read 0 mode Default
MOC-R4PCC04U05:358985:359026 [0] NCCL INFO GPU Direct RDMA Enabled for GPU 0 / HCA 1 (distance 5 <= 5), read 0 mode Default
MOC-R4PCC04U05:358985:359026 [0] NCCL INFO GPU Direct RDMA Enabled for GPU 1 / HCA 1 (distance 5 <= 5), read 0 mode Default
MOC-R4PCC04U05:358985:359026 [0] NCCL INFO GPU Direct RDMA Enabled for GPU 2 / HCA 1 (distance 5 <= 5), read 0 mode Default
MOC-R4PCC04U05:358985:359026 [0] NCCL INFO GPU Direct RDMA Enabled for GPU 3 / HCA 1 (distance 5 <= 5), read 0 mode Default
MOC-R4PCC04U05:358985:359026 [0] NCCL INFO GPU Direct RDMA Enabled for GPU 0 / HCA 1 (distance 5 <= 5), read 0 mode Default
MOC-R4PCC04U05:358985:359026 [0] NCCL INFO GPU Direct RDMA Enabled for GPU 1 / HCA 1 (distance 5 <= 5), read 0 mode Default
MOC-R4PCC04U05:358985:359026 [0] NCCL INFO GPU Direct RDMA Enabled for GPU 2 / HCA 1 (distance 5 <= 5), read 0 mode Default
MOC-R4PCC04U05:358985:359026 [0] NCCL INFO GPU Direct RDMA Enabled for GPU 3 / HCA 1 (distance 5 <= 5), read 0 mode Default
MOC-R4PCC04U05:358986:359048 [1] NCCL INFO New proxy recv connection 0 from local rank 1, transport 0
MOC-R4PCC04U05:358986:359050 [1] NCCL INFO Connected to proxy localRank 1 -> connection 0x7f606c004f30
MOC-R4PCC04U05:358987:359051 [2] NCCL INFO GPU Direct RDMA Enabled for GPU 2 / HCA 1 (distance 5 <= 5), read 0 mode Default
MOC-R4PCC04U05:358986:359048 [1] NCCL INFO New proxy recv connection 1 from local rank 1, transport 0
MOC-R4PCC04U05:358986:359050 [1] NCCL INFO Connected to proxy localRank 1 -> connection 0x7f606c004fa8
MOC-R4PCC04U05:358986:359048 [1] NCCL INFO New proxy recv connection 2 from local rank 1, transport 0
MOC-R4PCC04U05:358986:359050 [1] NCCL INFO Connected to proxy localRank 1 -> connection 0x7f606c005020
MOC-R4PCC04U05:358986:359048 [1] NCCL INFO New proxy recv connection 3 from local rank 1, transport 0
MOC-R4PCC04U05:358986:359050 [1] NCCL INFO Connected to proxy localRank 1 -> connection 0x7f606c005098
MOC-R4PCC04U05:358988:359042 [3] NCCL INFO New proxy recv connection 0 from local rank 3, transport 0
MOC-R4PCC04U05:358988:359052 [3] NCCL INFO Connected to proxy localRank 3 -> connection 0x7f7f14004f30
MOC-R4PCC04U05:358986:359048 [1] NCCL INFO New proxy send connection 4 from local rank 1, transport 0
MOC-R4PCC04U05:358986:359050 [1] NCCL INFO Connected to proxy localRank 1 -> connection 0x7f606c005110
MOC-R4PCC04U05:358985:359043 [0] NCCL INFO New proxy send connection 0 from local rank 0, transport 0
MOC-R4PCC04U05:358988:359042 [3] NCCL INFO New proxy recv connection 1 from local rank 3, transport 0
MOC-R4PCC04U05:358988:359052 [3] NCCL INFO Connected to proxy localRank 3 -> connection 0x7f7f14004fa8
MOC-R4PCC04U05:358985:359053 [0] NCCL INFO Connected to proxy localRank 0 -> connection 0x7fbb28004f30
MOC-R4PCC04U05:358986:359048 [1] NCCL INFO New proxy send connection 5 from local rank 1, transport 0
MOC-R4PCC04U05:358986:359050 [1] NCCL INFO Connected to proxy localRank 1 -> connection 0x7f606c005188
MOC-R4PCC04U05:358988:359042 [3] NCCL INFO New proxy recv connection 2 from local rank 3, transport 0
MOC-R4PCC04U05:358988:359052 [3] NCCL INFO Connected to proxy localRank 3 -> connection 0x7f7f14005020
MOC-R4PCC04U05:358986:359048 [1] NCCL INFO New proxy send connection 6 from local rank 1, transport 0
MOC-R4PCC04U05:358986:359050 [1] NCCL INFO Connected to proxy localRank 1 -> connection 0x7f606c005200
MOC-R4PCC04U05:358985:359043 [0] NCCL INFO New proxy send connection 1 from local rank 0, transport 0
MOC-R4PCC04U05:358985:359053 [0] NCCL INFO Connected to proxy localRank 0 -> connection 0x7fbb28004fa8
MOC-R4PCC04U05:358988:359042 [3] NCCL INFO New proxy recv connection 3 from local rank 3, transport 0
MOC-R4PCC04U05:358988:359052 [3] NCCL INFO Connected to proxy localRank 3 -> connection 0x7f7f14005098
MOC-R4PCC04U05:358986:359048 [1] NCCL INFO New proxy send connection 7 from local rank 1, transport 0
MOC-R4PCC04U05:358986:359050 [1] NCCL INFO Connected to proxy localRank 1 -> connection 0x7f606c005278
MOC-R4PCC04U05:358985:359043 [0] NCCL INFO New proxy send connection 2 from local rank 0, transport 0
MOC-R4PCC04U05:358985:359053 [0] NCCL INFO Connected to proxy localRank 0 -> connection 0x7fbb28005020
MOC-R4PCC04U05:358988:359052 [3] NCCL INFO GPU Direct RDMA Enabled for GPU 3 / HCA 1 (distance 5 <= 5), read 1 mode Default
MOC-R4PCC04U05:358985:359043 [0] NCCL INFO New proxy send connection 3 from local rank 0, transport 0
MOC-R4PCC04U05:358985:359053 [0] NCCL INFO Connected to proxy localRank 0 -> connection 0x7fbb28005098
MOC-R4PCC04U05:358987:359044 [2] NCCL INFO New proxy recv connection 0 from local rank 2, transport 2
MOC-R4PCC04U05:358987:359044 [2] NCCL INFO New proxy send connection 1 from local rank 3, transport 2
MOC-R4PCC04U05:358987:359051 [2] NCCL INFO Connected to proxy localRank 2 -> connection 0x7fa770004f30
MOC-R4PCC04U05:358988:359052 [3] NCCL INFO Connected to proxy localRank 2 -> connection 0x7fa770004fa8
MOC-R4PCC04U05:358987:359051 [2] NCCL INFO Channel 00/0 : 7[3] -> 2[2] [receive] via NET/IB/1/GDRDMA
MOC-R4PCC04U05:358987:359051 [2] NCCL INFO GPU Direct RDMA Enabled for GPU 2 / HCA 1 (distance 5 <= 5), read 0 mode Default
MOC-R4PCC04U05:358988:359052 [3] NCCL INFO Channel 00/0 : 3[3] -> 6[2] [send] via NET/IB/1(2)/GDRDMA
MOC-R4PCC04U05:358987:359044 [2] NCCL INFO New proxy recv connection 2 from local rank 2, transport 2
MOC-R4PCC04U05:358988:359052 [3] NCCL INFO GPU Direct RDMA Enabled for GPU 3 / HCA 1 (distance 5 <= 5), read 1 mode Default
MOC-R4PCC04U05:358987:359051 [2] NCCL INFO Connected to proxy localRank 2 -> connection 0x7fa770005020
MOC-R4PCC04U05:358987:359044 [2] NCCL INFO New proxy send connection 3 from local rank 3, transport 2
MOC-R4PCC04U05:358988:359052 [3] NCCL INFO Connected to proxy localRank 2 -> connection 0x7fa770005098
MOC-R4PCC04U05:358987:359051 [2] NCCL INFO Channel 01/0 : 7[3] -> 2[2] [receive] via NET/IB/1/GDRDMA
MOC-R4PCC04U05:358987:359051 [2] NCCL INFO GPU Direct RDMA Enabled for GPU 2 / HCA 1 (distance 5 <= 5), read 0 mode Default
MOC-R4PCC04U05:358988:359052 [3] NCCL INFO Channel 01/0 : 3[3] -> 6[2] [send] via NET/IB/1(2)/GDRDMA
MOC-R4PCC04U05:358988:359052 [3] NCCL INFO GPU Direct RDMA Enabled for GPU 3 / HCA 1 (distance 5 <= 5), read 1 mode Default
MOC-R4PCC04U05:358987:359044 [2] NCCL INFO New proxy recv connection 4 from local rank 2, transport 2
MOC-R4PCC04U05:358987:359051 [2] NCCL INFO Connected to proxy localRank 2 -> connection 0x7fa770005110
MOC-R4PCC04U05:358987:359044 [2] NCCL INFO New proxy send connection 5 from local rank 3, transport 2
MOC-R4PCC04U05:358988:359052 [3] NCCL INFO Connected to proxy localRank 2 -> connection 0x7fa770005188
MOC-R4PCC04U05:358987:359051 [2] NCCL INFO Channel 02/0 : 7[3] -> 2[2] [receive] via NET/IB/1/GDRDMA
MOC-R4PCC04U05:358987:359051 [2] NCCL INFO GPU Direct RDMA Enabled for GPU 2 / HCA 1 (distance 5 <= 5), read 0 mode Default
MOC-R4PCC04U05:358988:359052 [3] NCCL INFO Channel 02/0 : 3[3] -> 6[2] [send] via NET/IB/1(2)/GDRDMA
MOC-R4PCC04U05:358988:359052 [3] NCCL INFO GPU Direct RDMA Enabled for GPU 3 / HCA 1 (distance 5 <= 5), read 1 mode Default
MOC-R4PCC04U05:358987:359044 [2] NCCL INFO New proxy recv connection 6 from local rank 2, transport 2
MOC-R4PCC04U05:358987:359051 [2] NCCL INFO Connected to proxy localRank 2 -> connection 0x7fa770005200
MOC-R4PCC04U05:358987:359044 [2] NCCL INFO New proxy send connection 7 from local rank 3, transport 2
MOC-R4PCC04U05:358988:359052 [3] NCCL INFO Connected to proxy localRank 2 -> connection 0x7fa770005278
MOC-R4PCC04U05:358987:359051 [2] NCCL INFO Channel 03/0 : 7[3] -> 2[2] [receive] via NET/IB/1/GDRDMA
MOC-R4PCC04U05:358988:359052 [3] NCCL INFO Channel 03/0 : 3[3] -> 6[2] [send] via NET/IB/1(2)/GDRDMA
MOC-R4PCC04U05:358985:359043 [0] NCCL INFO New proxy recv connection 4 from local rank 0, transport 0
MOC-R4PCC04U05:358985:359053 [0] NCCL INFO Connected to proxy localRank 0 -> connection 0x7fbb28005110
MOC-R4PCC04U05:358985:359043 [0] NCCL INFO New proxy recv connection 5 from local rank 0, transport 0
MOC-R4PCC04U05:358985:359053 [0] NCCL INFO Connected to proxy localRank 0 -> connection 0x7fbb28005188
MOC-R4PCC04U05:358985:359043 [0] NCCL INFO New proxy recv connection 6 from local rank 0, transport 0
MOC-R4PCC04U05:358985:359053 [0] NCCL INFO Connected to proxy localRank 0 -> connection 0x7fbb28005200
MOC-R4PCC04U05:358985:359043 [0] NCCL INFO New proxy recv connection 7 from local rank 0, transport 0
MOC-R4PCC04U05:358985:359053 [0] NCCL INFO Connected to proxy localRank 0 -> connection 0x7fbb28005278
MOC-R4PCC04U05:358988:359042 [3] NCCL INFO New proxy send connection 4 from local rank 0, transport 0
MOC-R4PCC04U05:358985:359053 [0] NCCL INFO Connected to proxy localRank 3 -> connection 0x7f7f14005110
MOC-R4PCC04U05:358986:359048 [1] NCCL INFO New proxy send connection 8 from local rank 0, transport 0
MOC-R4PCC04U05:358985:359053 [0] NCCL INFO Connected to proxy localRank 1 -> connection 0x7f606c0052f0
MOC-R4PCC04U05:358985:359043 [0] NCCL INFO New proxy send connection 8 from local rank 3, transport 0
MOC-R4PCC04U05:358988:359052 [3] NCCL INFO Connected to proxy localRank 0 -> connection 0x7fbb280052f0
MOC-R4PCC04U05:358987:359044 [2] NCCL INFO New proxy send connection 8 from local rank 2, transport 0
MOC-R4PCC04U05:358987:359051 [2] NCCL INFO Connected to proxy localRank 2 -> connection 0x7fa7700052f0
MOC-R4PCC04U05:358987:359044 [2] NCCL INFO New proxy send connection 9 from local rank 2, transport 0
MOC-R4PCC04U05:358987:359051 [2] NCCL INFO Connected to proxy localRank 2 -> connection 0x7fa770005368
MOC-R4PCC04U05:358987:359044 [2] NCCL INFO New proxy send connection 10 from local rank 2, transport 0
MOC-R4PCC04U05:358987:359051 [2] NCCL INFO Connected to proxy localRank 2 -> connection 0x7fa7700053e0
MOC-R4PCC04U05:358987:359044 [2] NCCL INFO New proxy send connection 11 from local rank 2, transport 0
MOC-R4PCC04U05:358987:359051 [2] NCCL INFO Connected to proxy localRank 2 -> connection 0x7fa770005458
MOC-R4PCC04U05:358986:359048 [1] NCCL INFO New proxy send connection 9 from local rank 2, transport 0
MOC-R4PCC04U05:358987:359051 [2] NCCL INFO Connected to proxy localRank 1 -> connection 0x7f606c005368
MOC-R4PCC04U05:358985:359043 [0] NCCL INFO New proxy send connection 9 from local rank 1, transport 0
MOC-R4PCC04U05:358986:359050 [1] NCCL INFO Connected to proxy localRank 0 -> connection 0x7fbb28005368
MOC-R4PCC04U05:358987:359044 [2] NCCL INFO NET/IB: NCCL Dev 1 IbDev 0 Port 1 qpn 3946 mtu 3 query_ece={supported=1, vendor_id=0x15b3, options=0x30000002, comp_mask=0x0} GID 3 (0/C132A8C0FFFF0000) fifoRkey=0x175412 fifoLkey=0x175412
MOC-R4PCC04U05:358987:359044 [2] NCCL INFO NET/IB: NCCL Dev 1 IbDev 0 Port 1 qpn 3947 mtu 3 query_ece={supported=1, vendor_id=0x15b3, options=0x30000002, comp_mask=0x0} GID 3 (0/C132A8C0FFFF0000) fifoRkey=0x17904f fifoLkey=0x17904f
MOC-R4PCC04U05:358987:359044 [2] NCCL INFO NET/IB: NCCL Dev 1 IbDev 0 Port 1 qpn 3948 mtu 3 query_ece={supported=1, vendor_id=0x15b3, options=0x30000002, comp_mask=0x0} GID 3 (0/C132A8C0FFFF0000) fifoRkey=0x17e2a1 fifoLkey=0x17e2a1
MOC-R4PCC04U05:358987:359044 [2] NCCL INFO NET/IB: NCCL Dev 1 IbDev 0 Port 1 qpn 3949 mtu 3 query_ece={supported=1, vendor_id=0x15b3, options=0x30000002, comp_mask=0x0} GID 3 (0/C132A8C0FFFF0000) fifoRkey=0x178443 fifoLkey=0x178443
MOC-R4PCC04U05:358987:359044 [2] NCCL INFO NET/IB: IbDev 0 Port 1 qpn 4187 set_ece={supported=1, vendor_id=0x15b3, options=0x0, comp_mask=0x0}
MOC-R4PCC04U05:358987:359044 [2] NCCL INFO NET/IB: IbDev 0 Port 1 qpn 4189 set_ece={supported=1, vendor_id=0x15b3, options=0x0, comp_mask=0x0}
MOC-R4PCC04U05:358987:359044 [2] NCCL INFO NET/IB: IbDev 0 Port 1 qpn 4191 set_ece={supported=1, vendor_id=0x15b3, options=0x0, comp_mask=0x0}
MOC-R4PCC04U05:358987:359044 [2] NCCL INFO NET/IB: IbDev 0 Port 1 qpn 4193 set_ece={supported=1, vendor_id=0x15b3, options=0x0, comp_mask=0x0}
MOC-R4PCC04U05:358987:359044 [2] NCCL INFO New proxy send connection 12 from local rank 3, transport 0
MOC-R4PCC04U05:358987:359044 [2] NCCL INFO New proxy send connection 13 from local rank 1, transport 0
MOC-R4PCC04U05:358988:359052 [3] NCCL INFO Connected to proxy localRank 2 -> connection 0x7fa7700054d0
MOC-R4PCC04U05:358986:359050 [1] NCCL INFO Connected to proxy localRank 2 -> connection 0x7fa770005548
num decayed parameter tensors: 50, with 124,318,464 parameters
num non-decayed parameter tensors: 98, with 121,344 parameters
using fused AdamW: False
using regular AdamW
MOC-R4PCC04U05:358988:359042 [3] NCCL INFO New proxy recv connection 5 from local rank 3, transport 0
MOC-R4PCC04U05:358988:359745 [3] NCCL INFO Connected to proxy localRank 3 -> connection 0x7f7f14005188
MOC-R4PCC04U05:358988:359042 [3] NCCL INFO New proxy recv connection 6 from local rank 3, transport 0
MOC-R4PCC04U05:358988:359745 [3] NCCL INFO Connected to proxy localRank 3 -> connection 0x7f7f14005200
MOC-R4PCC04U05:358988:359042 [3] NCCL INFO New proxy recv connection 7 from local rank 3, transport 0
MOC-R4PCC04U05:358988:359745 [3] NCCL INFO Connected to proxy localRank 3 -> connection 0x7f7f14005278
MOC-R4PCC04U05:358988:359042 [3] NCCL INFO New proxy recv connection 8 from local rank 3, transport 0
MOC-R4PCC04U05:358988:359745 [3] NCCL INFO Connected to proxy localRank 3 -> connection 0x7f7f140052f0
MOC-R4PCC04U05:358987:359044 [2] NCCL INFO New proxy send connection 14 from local rank 2, transport 0
MOC-R4PCC04U05:358987:359746 [2] NCCL INFO Connected to proxy localRank 2 -> connection 0x7fa7700055c0
MOC-R4PCC04U05:358987:359044 [2] NCCL INFO New proxy send connection 15 from local rank 2, transport 0
MOC-R4PCC04U05:358987:359746 [2] NCCL INFO Connected to proxy localRank 2 -> connection 0x7fa770005638
MOC-R4PCC04U05:358987:359044 [2] NCCL INFO New proxy send connection 16 from local rank 2, transport 0
MOC-R4PCC04U05:358987:359746 [2] NCCL INFO Connected to proxy localRank 2 -> connection 0x7fa7700056b0
MOC-R4PCC04U05:358987:359044 [2] NCCL INFO New proxy send connection 17 from local rank 2, transport 0
MOC-R4PCC04U05:358987:359746 [2] NCCL INFO Connected to proxy localRank 2 -> connection 0x7fa770005728
MOC-R4PCC04U05:358987:359746 [2] NCCL INFO GPU Direct RDMA Enabled for GPU 2 / HCA 1 (distance 5 <= 5), read 0 mode Default
MOC-R4PCC04U05:358988:359042 [3] NCCL INFO New proxy send connection 9 from local rank 3, transport 0
MOC-R4PCC04U05:358988:359745 [3] NCCL INFO Connected to proxy localRank 3 -> connection 0x7f7f14005368
MOC-R4PCC04U05:358987:359044 [2] NCCL INFO New proxy recv connection 18 from local rank 2, transport 2
MOC-R4PCC04U05:358987:359746 [2] NCCL INFO Connected to proxy localRank 2 -> connection 0x7fa7700057a0
MOC-R4PCC04U05:358987:359746 [2] NCCL INFO Channel 00/0 : 6[2] -> 2[2] [receive] via NET/IB/1/GDRDMA
MOC-R4PCC04U05:358987:359746 [2] NCCL INFO GPU Direct RDMA Enabled for GPU 2 / HCA 1 (distance 5 <= 5), read 0 mode Default
MOC-R4PCC04U05:358987:359044 [2] NCCL INFO New proxy recv connection 19 from local rank 2, transport 2
MOC-R4PCC04U05:358987:359746 [2] NCCL INFO Connected to proxy localRank 2 -> connection 0x7fa770005818
MOC-R4PCC04U05:358988:359042 [3] NCCL INFO New proxy send connection 10 from local rank 3, transport 0
MOC-R4PCC04U05:358988:359745 [3] NCCL INFO Connected to proxy localRank 3 -> connection 0x7f7f140053e0
MOC-R4PCC04U05:358987:359746 [2] NCCL INFO Channel 01/0 : 6[2] -> 2[2] [receive] via NET/IB/1/GDRDMA
MOC-R4PCC04U05:358987:359746 [2] NCCL INFO GPU Direct RDMA Enabled for GPU 2 / HCA 1 (distance 5 <= 5), read 0 mode Default
MOC-R4PCC04U05:358987:359044 [2] NCCL INFO New proxy recv connection 20 from local rank 2, transport 2
MOC-R4PCC04U05:358987:359746 [2] NCCL INFO Connected to proxy localRank 2 -> connection 0x7fa770005890
MOC-R4PCC04U05:358987:359746 [2] NCCL INFO Channel 02/0 : 6[2] -> 2[2] [receive] via NET/IB/1/GDRDMA
MOC-R4PCC04U05:358987:359746 [2] NCCL INFO GPU Direct RDMA Enabled for GPU 2 / HCA 1 (distance 5 <= 5), read 0 mode Default
MOC-R4PCC04U05:358987:359044 [2] NCCL INFO New proxy recv connection 21 from local rank 2, transport 2
MOC-R4PCC04U05:358988:359042 [3] NCCL INFO New proxy send connection 11 from local rank 3, transport 0
MOC-R4PCC04U05:358987:359746 [2] NCCL INFO Connected to proxy localRank 2 -> connection 0x7fa770005908
MOC-R4PCC04U05:358988:359745 [3] NCCL INFO Connected to proxy localRank 3 -> connection 0x7f7f14005458
MOC-R4PCC04U05:358987:359746 [2] NCCL INFO Channel 03/0 : 6[2] -> 2[2] [receive] via NET/IB/1/GDRDMA
MOC-R4PCC04U05:358987:359746 [2] NCCL INFO GPU Direct RDMA Enabled for GPU 2 / HCA 1 (distance 5 <= 5), read 1 mode Default
MOC-R4PCC04U05:358987:359044 [2] NCCL INFO New proxy send connection 22 from local rank 2, transport 2
MOC-R4PCC04U05:358987:359746 [2] NCCL INFO Connected to proxy localRank 2 -> connection 0x7fa770005980
MOC-R4PCC04U05:358987:359746 [2] NCCL INFO Channel 00/0 : 2[2] -> 6[2] [send] via NET/IB/1/GDRDMA
MOC-R4PCC04U05:358987:359746 [2] NCCL INFO GPU Direct RDMA Enabled for GPU 2 / HCA 1 (distance 5 <= 5), read 1 mode Default
MOC-R4PCC04U05:358988:359042 [3] NCCL INFO New proxy send connection 12 from local rank 3, transport 0
MOC-R4PCC04U05:358987:359044 [2] NCCL INFO New proxy send connection 23 from local rank 2, transport 2
MOC-R4PCC04U05:358988:359745 [3] NCCL INFO Connected to proxy localRank 3 -> connection 0x7f7f140054d0
MOC-R4PCC04U05:358987:359746 [2] NCCL INFO Connected to proxy localRank 2 -> connection 0x7fa7700059f8
MOC-R4PCC04U05:358987:359746 [2] NCCL INFO Channel 01/0 : 2[2] -> 6[2] [send] via NET/IB/1/GDRDMA
MOC-R4PCC04U05:358987:359746 [2] NCCL INFO GPU Direct RDMA Enabled for GPU 2 / HCA 1 (distance 5 <= 5), read 1 mode Default
MOC-R4PCC04U05:358987:359044 [2] NCCL INFO New proxy send connection 24 from local rank 2, transport 2
MOC-R4PCC04U05:358987:359746 [2] NCCL INFO Connected to proxy localRank 2 -> connection 0x7fa770005a70
MOC-R4PCC04U05:358987:359746 [2] NCCL INFO Channel 02/0 : 2[2] -> 6[2] [send] via NET/IB/1/GDRDMA
MOC-R4PCC04U05:358987:359746 [2] NCCL INFO GPU Direct RDMA Enabled for GPU 2 / HCA 1 (distance 5 <= 5), read 1 mode Default
MOC-R4PCC04U05:358987:359044 [2] NCCL INFO New proxy send connection 25 from local rank 2, transport 2
MOC-R4PCC04U05:358987:359746 [2] NCCL INFO Connected to proxy localRank 2 -> connection 0x7fa770005ae8
MOC-R4PCC04U05:358987:359746 [2] NCCL INFO Channel 03/0 : 2[2] -> 6[2] [send] via NET/IB/1/GDRDMA
MOC-R4PCC04U05:358985:359043 [0] NCCL INFO New proxy send connection 10 from local rank 0, transport 0
MOC-R4PCC04U05:358985:359747 [0] NCCL INFO Connected to proxy localRank 0 -> connection 0x7fbb280053e0
MOC-R4PCC04U05:358985:359043 [0] NCCL INFO New proxy send connection 11 from local rank 0, transport 0
MOC-R4PCC04U05:358985:359747 [0] NCCL INFO Connected to proxy localRank 0 -> connection 0x7fbb28005458
MOC-R4PCC04U05:358985:359043 [0] NCCL INFO New proxy send connection 12 from local rank 0, transport 0
MOC-R4PCC04U05:358985:359747 [0] NCCL INFO Connected to proxy localRank 0 -> connection 0x7fbb280054d0
MOC-R4PCC04U05:358985:359043 [0] NCCL INFO New proxy send connection 13 from local rank 0, transport 0
MOC-R4PCC04U05:358985:359747 [0] NCCL INFO Connected to proxy localRank 0 -> connection 0x7fbb28005548
MOC-R4PCC04U05:358987:359044 [2] NCCL INFO New proxy recv connection 26 from local rank 2, transport 0
MOC-R4PCC04U05:358987:359746 [2] NCCL INFO Connected to proxy localRank 2 -> connection 0x7fa770005b60
MOC-R4PCC04U05:358987:359044 [2] NCCL INFO New proxy recv connection 27 from local rank 2, transport 0
MOC-R4PCC04U05:358987:359746 [2] NCCL INFO Connected to proxy localRank 2 -> connection 0x7fa770005bd8
MOC-R4PCC04U05:358987:359044 [2] NCCL INFO New proxy recv connection 28 from local rank 2, transport 0
MOC-R4PCC04U05:358987:359746 [2] NCCL INFO Connected to proxy localRank 2 -> connection 0x7fa770005c50
MOC-R4PCC04U05:358987:359044 [2] NCCL INFO New proxy recv connection 29 from local rank 2, transport 0
MOC-R4PCC04U05:358987:359746 [2] NCCL INFO Connected to proxy localRank 2 -> connection 0x7fa770005cc8
MOC-R4PCC04U05:358986:359048 [1] NCCL INFO New proxy recv connection 10 from local rank 1, transport 0
MOC-R4PCC04U05:358986:359748 [1] NCCL INFO Connected to proxy localRank 1 -> connection 0x7f606c0053e0
MOC-R4PCC04U05:358986:359048 [1] NCCL INFO New proxy recv connection 11 from local rank 1, transport 0
MOC-R4PCC04U05:358986:359748 [1] NCCL INFO Connected to proxy localRank 1 -> connection 0x7f606c005458
MOC-R4PCC04U05:358986:359048 [1] NCCL INFO New proxy recv connection 12 from local rank 1, transport 0
MOC-R4PCC04U05:358986:359748 [1] NCCL INFO Connected to proxy localRank 1 -> connection 0x7f606c0054d0
MOC-R4PCC04U05:358986:359048 [1] NCCL INFO New proxy recv connection 13 from local rank 1, transport 0
MOC-R4PCC04U05:358986:359748 [1] NCCL INFO Connected to proxy localRank 1 -> connection 0x7f606c005548
MOC-R4PCC04U05:358985:359043 [0] NCCL INFO New proxy recv connection 14 from local rank 0, transport 0
MOC-R4PCC04U05:358985:359747 [0] NCCL INFO Connected to proxy localRank 0 -> connection 0x7fbb280055c0
MOC-R4PCC04U05:358985:359043 [0] NCCL INFO New proxy recv connection 15 from local rank 0, transport 0
MOC-R4PCC04U05:358985:359747 [0] NCCL INFO Connected to proxy localRank 0 -> connection 0x7fbb28005638
MOC-R4PCC04U05:358985:359043 [0] NCCL INFO New proxy recv connection 16 from local rank 0, transport 0
MOC-R4PCC04U05:358985:359747 [0] NCCL INFO Connected to proxy localRank 0 -> connection 0x7fbb280056b0
MOC-R4PCC04U05:358985:359043 [0] NCCL INFO New proxy recv connection 17 from local rank 0, transport 0
MOC-R4PCC04U05:358985:359747 [0] NCCL INFO Connected to proxy localRank 0 -> connection 0x7fbb28005728
MOC-R4PCC04U05:358988:359042 [3] NCCL INFO New proxy send connection 13 from local rank 3, transport 0
MOC-R4PCC04U05:358988:359745 [3] NCCL INFO Connected to proxy localRank 3 -> connection 0x7f7f14005548
MOC-R4PCC04U05:358988:359042 [3] NCCL INFO New proxy send connection 14 from local rank 3, transport 0
MOC-R4PCC04U05:358988:359745 [3] NCCL INFO Connected to proxy localRank 3 -> connection 0x7f7f140055c0
MOC-R4PCC04U05:358988:359042 [3] NCCL INFO New proxy send connection 15 from local rank 3, transport 0
MOC-R4PCC04U05:358988:359745 [3] NCCL INFO Connected to proxy localRank 3 -> connection 0x7f7f14005638
MOC-R4PCC04U05:358988:359042 [3] NCCL INFO New proxy send connection 16 from local rank 3, transport 0
MOC-R4PCC04U05:358988:359745 [3] NCCL INFO Connected to proxy localRank 3 -> connection 0x7f7f140056b0
MOC-R4PCC04U05:358988:359042 [3] NCCL INFO New proxy send connection 17 from local rank 2, transport 0
MOC-R4PCC04U05:358987:359746 [2] NCCL INFO Connected to proxy localRank 3 -> connection 0x7f7f14005728
MOC-R4PCC04U05:358987:359044 [2] NCCL INFO NET/IB: NCCL Dev 1 IbDev 0 Port 1 qpn 3956 mtu 3 query_ece={supported=1, vendor_id=0x15b3, options=0x30000002, comp_mask=0x0} GID 3 (0/C132A8C0FFFF0000) fifoRkey=0x17bf7e fifoLkey=0x17bf7e
MOC-R4PCC04U05:358987:359044 [2] NCCL INFO NET/IB: IbDev 0 Port 1 qpn 4197 set_ece={supported=1, vendor_id=0x15b3, options=0x0, comp_mask=0x0}
MOC-R4PCC04U05:358987:359044 [2] NCCL INFO NET/IB: NCCL Dev 1 IbDev 0 Port 1 qpn 3959 mtu 3 query_ece={supported=1, vendor_id=0x15b3, options=0x30000002, comp_mask=0x0} GID 3 (0/C132A8C0FFFF0000) fifoRkey=0x1801c0 fifoLkey=0x1801c0
MOC-R4PCC04U05:358987:359044 [2] NCCL INFO NET/IB: NCCL Dev 1 IbDev 0 Port 1 qpn 3962 mtu 3 query_ece={supported=1, vendor_id=0x15b3, options=0x30000002, comp_mask=0x0} GID 3 (0/C132A8C0FFFF0000) fifoRkey=0x177837 fifoLkey=0x177837
MOC-R4PCC04U05:358987:359044 [2] NCCL INFO NET/IB: IbDev 0 Port 1 qpn 4200 set_ece={supported=1, vendor_id=0x15b3, options=0x0, comp_mask=0x0}
MOC-R4PCC04U05:358987:359044 [2] NCCL INFO NET/IB: IbDev 0 Port 1 qpn 4203 set_ece={supported=1, vendor_id=0x15b3, options=0x0, comp_mask=0x0}
MOC-R4PCC04U05:358987:359044 [2] NCCL INFO NET/IB: NCCL Dev 1 IbDev 0 Port 1 qpn 3965 mtu 3 query_ece={supported=1, vendor_id=0x15b3, options=0x30000002, comp_mask=0x0} GID 3 (0/C132A8C0FFFF0000) fifoRkey=0x17601f fifoLkey=0x17601f
MOC-R4PCC04U05:358987:359044 [2] NCCL INFO NET/IB: IbDev 0 Port 1 qpn 4205 set_ece={supported=1, vendor_id=0x15b3, options=0x0, comp_mask=0x0}
step    1/10 | train loss 11.009525 | norm 15.3465 | lr 1.00e-04 | (14354.07 ms | 182627 tok/s)
step    2/10 | train loss 10.140072 | norm 5.7338 | lr 1.00e-04 | (788.68 ms | 3323836 tok/s)
step    3/10 | train loss 9.800388 | norm 2.6009 | lr 1.00e-04 | (787.37 ms | 3329361 tok/s)
step    4/10 | train loss 9.631470 | norm 2.1085 | lr 1.00e-04 | (786.23 ms | 3334180 tok/s)
step    5/10 | train loss 9.548708 | norm 2.0999 | lr 1.00e-04 | (790.38 ms | 3316678 tok/s)
step    6/10 | train loss 9.467642 | norm 1.9930 | lr 1.00e-04 | (784.68 ms | 3340791 tok/s)
step    7/10 | train loss 9.382120 | norm 1.9433 | lr 1.00e-04 | (785.43 ms | 3337589 tok/s)
step    8/10 | train loss 9.290382 | norm 1.9093 | lr 1.00e-04 | (789.53 ms | 3320257 tok/s)
step    9/10 | train loss 9.195255 | norm 1.8505 | lr 1.00e-04 | (787.94 ms | 3326965 tok/s)
step   10/10 | train loss 9.111424 | norm 1.7945 | lr 1.00e-04 | (789.91 ms | 3318649 tok/s)
final 9 iters avg: 787.794ms
peak memory consumption: 16601 MiB
