Running pytorch 2.7.0+cu126
using device: cuda:0
total desired batch size: 4194304
=> calculated gradient accumulation steps: 8
using device: cuda:1
using device: cuda:2
using device: cuda:3
compiling the model...
DataLoader: total number of tokens: 1,661,249,667 across 103 files
MOC-R4PCC04U05:700705:700705 [0] NCCL INFO NCCL_SOCKET_IFNAME set to eno7np0
MOC-R4PCC04U05:700705:700705 [0] NCCL INFO NCCL version 2.26.2+cuda12.2
MOC-R4PCC04U05:700705:700809 [0] NCCL INFO NET/Plugin: Could not find: libnccl-net.so. Using internal net plugin.
MOC-R4PCC04U05:700705:700809 [0] NCCL INFO NCCL_IB_HCA set to mlx5_5
MOC-R4PCC04U05:700705:700809 [0] NCCL INFO NET/IB : Made virtual device [0] name=mlx5_5 speed=400000 ndevs=1
MOC-R4PCC04U05:700705:700809 [0] NCCL INFO NET/IB : Using [0]mlx5_5:1/RoCE [RO]; OOB eno7np0:192.168.50.193<0>
MOC-R4PCC04U05:700706:700706 [1] NCCL INFO NCCL_SOCKET_IFNAME set to eno7np0
MOC-R4PCC04U05:700706:700706 [1] NCCL INFO NCCL version 2.26.2+cuda12.2
MOC-R4PCC04U05:700707:700707 [2] NCCL INFO NCCL_SOCKET_IFNAME set to eno7np0
MOC-R4PCC04U05:700707:700707 [2] NCCL INFO NCCL version 2.26.2+cuda12.2
MOC-R4PCC04U05:700708:700708 [3] NCCL INFO NCCL_SOCKET_IFNAME set to eno7np0
MOC-R4PCC04U05:700708:700708 [3] NCCL INFO NCCL version 2.26.2+cuda12.2
MOC-R4PCC04U05:700706:700832 [1] NCCL INFO NET/Plugin: Could not find: libnccl-net.so. Using internal net plugin.
MOC-R4PCC04U05:700706:700832 [1] NCCL INFO NCCL_IB_HCA set to mlx5_5
MOC-R4PCC04U05:700707:700833 [2] NCCL INFO NET/Plugin: Could not find: libnccl-net.so. Using internal net plugin.
MOC-R4PCC04U05:700708:700834 [3] NCCL INFO NET/Plugin: Could not find: libnccl-net.so. Using internal net plugin.
MOC-R4PCC04U05:700707:700833 [2] NCCL INFO NCCL_IB_HCA set to mlx5_5
MOC-R4PCC04U05:700708:700834 [3] NCCL INFO NCCL_IB_HCA set to mlx5_5
MOC-R4PCC04U05:700706:700832 [1] NCCL INFO NET/IB : Made virtual device [0] name=mlx5_5 speed=400000 ndevs=1
MOC-R4PCC04U05:700706:700832 [1] NCCL INFO NET/IB : Using [0]mlx5_5:1/RoCE [RO]; OOB eno7np0:192.168.50.193<0>
MOC-R4PCC04U05:700707:700833 [2] NCCL INFO NET/IB : Made virtual device [0] name=mlx5_5 speed=400000 ndevs=1
MOC-R4PCC04U05:700707:700833 [2] NCCL INFO NET/IB : Using [0]mlx5_5:1/RoCE [RO]; OOB eno7np0:192.168.50.193<0>
MOC-R4PCC04U05:700708:700834 [3] NCCL INFO NET/IB : Made virtual device [0] name=mlx5_5 speed=400000 ndevs=1
MOC-R4PCC04U05:700708:700834 [3] NCCL INFO NET/IB : Using [0]mlx5_5:1/RoCE [RO]; OOB eno7np0:192.168.50.193<0>
MOC-R4PCC04U05:700707:700833 [2] NCCL INFO NET/IB : GPU Direct RDMA Enabled for HCA 0 'mlx5_5'
MOC-R4PCC04U05:700707:700833 [2] NCCL INFO NET/IB : Made virtual device [1] name=mlx5_5 speed=400000 ndevs=1
MOC-R4PCC04U05:700707:700833 [2] NCCL INFO NET/IB : GPU Direct RDMA Enabled for HCA 0 'mlx5_5'
MOC-R4PCC04U05:700707:700833 [2] NCCL INFO NET/IB : GPU Direct RDMA Enabled for HCA 1 'mlx5_5'
MOC-R4PCC04U05:700708:700834 [3] NCCL INFO NET/IB : GPU Direct RDMA Enabled for HCA 0 'mlx5_5'
MOC-R4PCC04U05:700708:700834 [3] NCCL INFO NET/IB : Made virtual device [1] name=mlx5_5 speed=400000 ndevs=1
MOC-R4PCC04U05:700708:700834 [3] NCCL INFO NET/IB : GPU Direct RDMA Enabled for HCA 0 'mlx5_5'
MOC-R4PCC04U05:700708:700834 [3] NCCL INFO NET/IB : GPU Direct RDMA Enabled for HCA 1 'mlx5_5'
MOC-R4PCC04U05:700705:700809 [0] NCCL INFO NET/IB : GPU Direct RDMA Enabled for HCA 0 'mlx5_5'
MOC-R4PCC04U05:700705:700809 [0] NCCL INFO NET/IB : Made virtual device [1] name=mlx5_5 speed=400000 ndevs=1
MOC-R4PCC04U05:700705:700809 [0] NCCL INFO NET/IB : GPU Direct RDMA Enabled for HCA 0 'mlx5_5'
MOC-R4PCC04U05:700705:700809 [0] NCCL INFO NET/IB : GPU Direct RDMA Enabled for HCA 1 'mlx5_5'
MOC-R4PCC04U05:700706:700832 [1] NCCL INFO NET/IB : GPU Direct RDMA Enabled for HCA 0 'mlx5_5'
MOC-R4PCC04U05:700706:700832 [1] NCCL INFO NET/IB : Made virtual device [1] name=mlx5_5 speed=400000 ndevs=1
MOC-R4PCC04U05:700706:700832 [1] NCCL INFO NET/IB : GPU Direct RDMA Enabled for HCA 0 'mlx5_5'
MOC-R4PCC04U05:700706:700832 [1] NCCL INFO NET/IB : GPU Direct RDMA Enabled for HCA 1 'mlx5_5'
MOC-R4PCC04U05:700706:700832 [1] NCCL INFO GPU Direct RDMA Enabled for GPU 0 / HCA 1 (distance 5 <= 5), read 0 mode Default
MOC-R4PCC04U05:700706:700832 [1] NCCL INFO GPU Direct RDMA Enabled for GPU 1 / HCA 1 (distance 5 <= 5), read 0 mode Default
MOC-R4PCC04U05:700706:700832 [1] NCCL INFO GPU Direct RDMA Enabled for GPU 2 / HCA 1 (distance 5 <= 5), read 0 mode Default
MOC-R4PCC04U05:700706:700832 [1] NCCL INFO GPU Direct RDMA Enabled for GPU 3 / HCA 1 (distance 5 <= 5), read 0 mode Default
MOC-R4PCC04U05:700706:700832 [1] NCCL INFO GPU Direct RDMA Enabled for GPU 0 / HCA 1 (distance 5 <= 5), read 0 mode Default
MOC-R4PCC04U05:700706:700832 [1] NCCL INFO GPU Direct RDMA Enabled for GPU 1 / HCA 1 (distance 5 <= 5), read 0 mode Default
MOC-R4PCC04U05:700706:700832 [1] NCCL INFO GPU Direct RDMA Enabled for GPU 2 / HCA 1 (distance 5 <= 5), read 0 mode Default
MOC-R4PCC04U05:700706:700832 [1] NCCL INFO GPU Direct RDMA Enabled for GPU 3 / HCA 1 (distance 5 <= 5), read 0 mode Default
MOC-R4PCC04U05:700705:700809 [0] NCCL INFO GPU Direct RDMA Enabled for GPU 0 / HCA 1 (distance 5 <= 5), read 0 mode Default
MOC-R4PCC04U05:700705:700809 [0] NCCL INFO GPU Direct RDMA Enabled for GPU 1 / HCA 1 (distance 5 <= 5), read 0 mode Default
MOC-R4PCC04U05:700705:700809 [0] NCCL INFO GPU Direct RDMA Enabled for GPU 2 / HCA 1 (distance 5 <= 5), read 0 mode Default
MOC-R4PCC04U05:700705:700809 [0] NCCL INFO GPU Direct RDMA Enabled for GPU 3 / HCA 1 (distance 5 <= 5), read 0 mode Default
MOC-R4PCC04U05:700705:700809 [0] NCCL INFO GPU Direct RDMA Enabled for GPU 0 / HCA 1 (distance 5 <= 5), read 0 mode Default
MOC-R4PCC04U05:700705:700809 [0] NCCL INFO GPU Direct RDMA Enabled for GPU 1 / HCA 1 (distance 5 <= 5), read 0 mode Default
MOC-R4PCC04U05:700705:700809 [0] NCCL INFO GPU Direct RDMA Enabled for GPU 2 / HCA 1 (distance 5 <= 5), read 0 mode Default
MOC-R4PCC04U05:700705:700809 [0] NCCL INFO GPU Direct RDMA Enabled for GPU 3 / HCA 1 (distance 5 <= 5), read 0 mode Default
MOC-R4PCC04U05:700707:700833 [2] NCCL INFO GPU Direct RDMA Enabled for GPU 0 / HCA 1 (distance 5 <= 5), read 0 mode Default
MOC-R4PCC04U05:700707:700833 [2] NCCL INFO GPU Direct RDMA Enabled for GPU 1 / HCA 1 (distance 5 <= 5), read 0 mode Default
MOC-R4PCC04U05:700707:700833 [2] NCCL INFO GPU Direct RDMA Enabled for GPU 2 / HCA 1 (distance 5 <= 5), read 0 mode Default
MOC-R4PCC04U05:700707:700833 [2] NCCL INFO GPU Direct RDMA Enabled for GPU 3 / HCA 1 (distance 5 <= 5), read 0 mode Default
MOC-R4PCC04U05:700707:700833 [2] NCCL INFO GPU Direct RDMA Enabled for GPU 0 / HCA 1 (distance 5 <= 5), read 0 mode Default
MOC-R4PCC04U05:700707:700833 [2] NCCL INFO GPU Direct RDMA Enabled for GPU 1 / HCA 1 (distance 5 <= 5), read 0 mode Default
MOC-R4PCC04U05:700707:700833 [2] NCCL INFO GPU Direct RDMA Enabled for GPU 2 / HCA 1 (distance 5 <= 5), read 0 mode Default
MOC-R4PCC04U05:700707:700833 [2] NCCL INFO GPU Direct RDMA Enabled for GPU 3 / HCA 1 (distance 5 <= 5), read 0 mode Default
MOC-R4PCC04U05:700708:700834 [3] NCCL INFO GPU Direct RDMA Enabled for GPU 0 / HCA 1 (distance 5 <= 5), read 0 mode Default
MOC-R4PCC04U05:700708:700834 [3] NCCL INFO GPU Direct RDMA Enabled for GPU 1 / HCA 1 (distance 5 <= 5), read 0 mode Default
MOC-R4PCC04U05:700708:700834 [3] NCCL INFO GPU Direct RDMA Enabled for GPU 2 / HCA 1 (distance 5 <= 5), read 0 mode Default
MOC-R4PCC04U05:700708:700834 [3] NCCL INFO GPU Direct RDMA Enabled for GPU 3 / HCA 1 (distance 5 <= 5), read 0 mode Default
MOC-R4PCC04U05:700708:700834 [3] NCCL INFO GPU Direct RDMA Enabled for GPU 0 / HCA 1 (distance 5 <= 5), read 0 mode Default
MOC-R4PCC04U05:700708:700834 [3] NCCL INFO GPU Direct RDMA Enabled for GPU 1 / HCA 1 (distance 5 <= 5), read 0 mode Default
MOC-R4PCC04U05:700708:700834 [3] NCCL INFO GPU Direct RDMA Enabled for GPU 2 / HCA 1 (distance 5 <= 5), read 0 mode Default
MOC-R4PCC04U05:700708:700834 [3] NCCL INFO GPU Direct RDMA Enabled for GPU 3 / HCA 1 (distance 5 <= 5), read 0 mode Default
MOC-R4PCC04U05:700706:700852 [1] NCCL INFO New proxy recv connection 0 from local rank 1, transport 0
MOC-R4PCC04U05:700706:700855 [1] NCCL INFO Connected to proxy localRank 1 -> connection 0x7f09b0004f30
MOC-R4PCC04U05:700706:700852 [1] NCCL INFO New proxy recv connection 1 from local rank 1, transport 0
MOC-R4PCC04U05:700706:700855 [1] NCCL INFO Connected to proxy localRank 1 -> connection 0x7f09b0004fa8
MOC-R4PCC04U05:700707:700856 [2] NCCL INFO GPU Direct RDMA Enabled for GPU 2 / HCA 1 (distance 5 <= 5), read 0 mode Default
MOC-R4PCC04U05:700706:700852 [1] NCCL INFO New proxy recv connection 2 from local rank 1, transport 0
MOC-R4PCC04U05:700706:700855 [1] NCCL INFO Connected to proxy localRank 1 -> connection 0x7f09b0005020
MOC-R4PCC04U05:700706:700852 [1] NCCL INFO New proxy recv connection 3 from local rank 1, transport 0
MOC-R4PCC04U05:700706:700855 [1] NCCL INFO Connected to proxy localRank 1 -> connection 0x7f09b0005098
MOC-R4PCC04U05:700705:700851 [0] NCCL INFO New proxy send connection 0 from local rank 0, transport 0
MOC-R4PCC04U05:700705:700857 [0] NCCL INFO Connected to proxy localRank 0 -> connection 0x7f7c80004f30
MOC-R4PCC04U05:700706:700852 [1] NCCL INFO New proxy send connection 4 from local rank 1, transport 0
MOC-R4PCC04U05:700706:700855 [1] NCCL INFO Connected to proxy localRank 1 -> connection 0x7f09b0005110
MOC-R4PCC04U05:700705:700851 [0] NCCL INFO New proxy send connection 1 from local rank 0, transport 0
MOC-R4PCC04U05:700705:700857 [0] NCCL INFO Connected to proxy localRank 0 -> connection 0x7f7c80004fa8
MOC-R4PCC04U05:700706:700852 [1] NCCL INFO New proxy send connection 5 from local rank 1, transport 0
MOC-R4PCC04U05:700706:700855 [1] NCCL INFO Connected to proxy localRank 1 -> connection 0x7f09b0005188
MOC-R4PCC04U05:700705:700851 [0] NCCL INFO New proxy send connection 2 from local rank 0, transport 0
MOC-R4PCC04U05:700705:700857 [0] NCCL INFO Connected to proxy localRank 0 -> connection 0x7f7c80005020
MOC-R4PCC04U05:700706:700852 [1] NCCL INFO New proxy send connection 6 from local rank 1, transport 0
MOC-R4PCC04U05:700706:700855 [1] NCCL INFO Connected to proxy localRank 1 -> connection 0x7f09b0005200
MOC-R4PCC04U05:700706:700852 [1] NCCL INFO New proxy send connection 7 from local rank 1, transport 0
MOC-R4PCC04U05:700706:700855 [1] NCCL INFO Connected to proxy localRank 1 -> connection 0x7f09b0005278
MOC-R4PCC04U05:700705:700851 [0] NCCL INFO New proxy send connection 3 from local rank 0, transport 0
MOC-R4PCC04U05:700705:700857 [0] NCCL INFO Connected to proxy localRank 0 -> connection 0x7f7c80005098
MOC-R4PCC04U05:700708:700847 [3] NCCL INFO New proxy recv connection 0 from local rank 3, transport 0
MOC-R4PCC04U05:700708:700858 [3] NCCL INFO Connected to proxy localRank 3 -> connection 0x7fd6e0004f30
MOC-R4PCC04U05:700708:700847 [3] NCCL INFO New proxy recv connection 1 from local rank 3, transport 0
MOC-R4PCC04U05:700708:700858 [3] NCCL INFO Connected to proxy localRank 3 -> connection 0x7fd6e0004fa8
MOC-R4PCC04U05:700708:700847 [3] NCCL INFO New proxy recv connection 2 from local rank 3, transport 0
MOC-R4PCC04U05:700708:700858 [3] NCCL INFO Connected to proxy localRank 3 -> connection 0x7fd6e0005020
MOC-R4PCC04U05:700708:700847 [3] NCCL INFO New proxy recv connection 3 from local rank 3, transport 0
MOC-R4PCC04U05:700708:700858 [3] NCCL INFO Connected to proxy localRank 3 -> connection 0x7fd6e0005098
MOC-R4PCC04U05:700707:700848 [2] NCCL INFO New proxy recv connection 0 from local rank 2, transport 2
MOC-R4PCC04U05:700707:700856 [2] NCCL INFO Connected to proxy localRank 2 -> connection 0x7f8a74004f30
MOC-R4PCC04U05:700707:700856 [2] NCCL INFO Channel 00/0 : 15[3] -> 2[2] [receive] via NET/IB/1/GDRDMA
MOC-R4PCC04U05:700707:700856 [2] NCCL INFO GPU Direct RDMA Enabled for GPU 2 / HCA 1 (distance 5 <= 5), read 0 mode Default
MOC-R4PCC04U05:700707:700848 [2] NCCL INFO New proxy recv connection 1 from local rank 2, transport 2
MOC-R4PCC04U05:700707:700856 [2] NCCL INFO Connected to proxy localRank 2 -> connection 0x7f8a74004fa8
MOC-R4PCC04U05:700707:700856 [2] NCCL INFO Channel 01/0 : 15[3] -> 2[2] [receive] via NET/IB/1/GDRDMA
MOC-R4PCC04U05:700707:700856 [2] NCCL INFO GPU Direct RDMA Enabled for GPU 2 / HCA 1 (distance 5 <= 5), read 0 mode Default
MOC-R4PCC04U05:700707:700848 [2] NCCL INFO New proxy recv connection 2 from local rank 2, transport 2
MOC-R4PCC04U05:700707:700856 [2] NCCL INFO Connected to proxy localRank 2 -> connection 0x7f8a74005020
MOC-R4PCC04U05:700707:700856 [2] NCCL INFO Channel 02/0 : 15[3] -> 2[2] [receive] via NET/IB/1/GDRDMA
MOC-R4PCC04U05:700707:700856 [2] NCCL INFO GPU Direct RDMA Enabled for GPU 2 / HCA 1 (distance 5 <= 5), read 0 mode Default
MOC-R4PCC04U05:700707:700848 [2] NCCL INFO New proxy recv connection 3 from local rank 2, transport 2
MOC-R4PCC04U05:700707:700856 [2] NCCL INFO Connected to proxy localRank 2 -> connection 0x7f8a74005098
MOC-R4PCC04U05:700707:700856 [2] NCCL INFO Channel 03/0 : 15[3] -> 2[2] [receive] via NET/IB/1/GDRDMA
MOC-R4PCC04U05:700708:700858 [3] NCCL INFO GPU Direct RDMA Enabled for GPU 3 / HCA 1 (distance 5 <= 5), read 1 mode Default
MOC-R4PCC04U05:700707:700848 [2] NCCL INFO New proxy send connection 4 from local rank 3, transport 2
MOC-R4PCC04U05:700708:700858 [3] NCCL INFO Connected to proxy localRank 2 -> connection 0x7f8a74005110
MOC-R4PCC04U05:700708:700858 [3] NCCL INFO Channel 00/0 : 3[3] -> 6[2] [send] via NET/IB/1(2)/GDRDMA
MOC-R4PCC04U05:700708:700858 [3] NCCL INFO GPU Direct RDMA Enabled for GPU 3 / HCA 1 (distance 5 <= 5), read 1 mode Default
MOC-R4PCC04U05:700707:700848 [2] NCCL INFO New proxy send connection 5 from local rank 3, transport 2
MOC-R4PCC04U05:700708:700858 [3] NCCL INFO Connected to proxy localRank 2 -> connection 0x7f8a74005188
MOC-R4PCC04U05:700708:700858 [3] NCCL INFO Channel 01/0 : 3[3] -> 6[2] [send] via NET/IB/1(2)/GDRDMA
MOC-R4PCC04U05:700708:700858 [3] NCCL INFO GPU Direct RDMA Enabled for GPU 3 / HCA 1 (distance 5 <= 5), read 1 mode Default
MOC-R4PCC04U05:700707:700848 [2] NCCL INFO New proxy send connection 6 from local rank 3, transport 2
MOC-R4PCC04U05:700708:700858 [3] NCCL INFO Connected to proxy localRank 2 -> connection 0x7f8a74005200
MOC-R4PCC04U05:700708:700858 [3] NCCL INFO Channel 02/0 : 3[3] -> 6[2] [send] via NET/IB/1(2)/GDRDMA
MOC-R4PCC04U05:700708:700858 [3] NCCL INFO GPU Direct RDMA Enabled for GPU 3 / HCA 1 (distance 5 <= 5), read 1 mode Default
MOC-R4PCC04U05:700707:700848 [2] NCCL INFO New proxy send connection 7 from local rank 3, transport 2
MOC-R4PCC04U05:700708:700858 [3] NCCL INFO Connected to proxy localRank 2 -> connection 0x7f8a74005278
MOC-R4PCC04U05:700708:700858 [3] NCCL INFO Channel 03/0 : 3[3] -> 6[2] [send] via NET/IB/1(2)/GDRDMA
MOC-R4PCC04U05:700705:700851 [0] NCCL INFO New proxy recv connection 4 from local rank 0, transport 0
MOC-R4PCC04U05:700705:700857 [0] NCCL INFO Connected to proxy localRank 0 -> connection 0x7f7c80005110
MOC-R4PCC04U05:700705:700851 [0] NCCL INFO New proxy recv connection 5 from local rank 0, transport 0
MOC-R4PCC04U05:700705:700857 [0] NCCL INFO Connected to proxy localRank 0 -> connection 0x7f7c80005188
MOC-R4PCC04U05:700705:700851 [0] NCCL INFO New proxy recv connection 6 from local rank 0, transport 0
MOC-R4PCC04U05:700705:700857 [0] NCCL INFO Connected to proxy localRank 0 -> connection 0x7f7c80005200
MOC-R4PCC04U05:700705:700851 [0] NCCL INFO New proxy recv connection 7 from local rank 0, transport 0
MOC-R4PCC04U05:700705:700857 [0] NCCL INFO Connected to proxy localRank 0 -> connection 0x7f7c80005278
MOC-R4PCC04U05:700708:700847 [3] NCCL INFO New proxy send connection 4 from local rank 0, transport 0
MOC-R4PCC04U05:700705:700857 [0] NCCL INFO Connected to proxy localRank 3 -> connection 0x7fd6e0005110
MOC-R4PCC04U05:700705:700851 [0] NCCL INFO New proxy send connection 8 from local rank 3, transport 0
MOC-R4PCC04U05:700708:700858 [3] NCCL INFO Connected to proxy localRank 0 -> connection 0x7f7c800052f0
MOC-R4PCC04U05:700707:700848 [2] NCCL INFO NET/IB: NCCL Dev 1 IbDev 0 Port 1 qpn 11522 mtu 3 query_ece={supported=1, vendor_id=0x15b3, options=0x30000002, comp_mask=0x0} GID 3 (0/C132A8C0FFFF0000) fifoRkey=0x174705 fifoLkey=0x174705
MOC-R4PCC04U05:700707:700848 [2] NCCL INFO NET/IB: IbDev 0 Port 1 qpn 11787 set_ece={supported=1, vendor_id=0x15b3, options=0x0, comp_mask=0x0}
MOC-R4PCC04U05:700707:700848 [2] NCCL INFO New proxy send connection 8 from local rank 2, transport 0
MOC-R4PCC04U05:700707:700856 [2] NCCL INFO Connected to proxy localRank 2 -> connection 0x7f8a740052f0
MOC-R4PCC04U05:700707:700848 [2] NCCL INFO New proxy send connection 9 from local rank 2, transport 0
MOC-R4PCC04U05:700707:700856 [2] NCCL INFO Connected to proxy localRank 2 -> connection 0x7f8a74005368
MOC-R4PCC04U05:700707:700848 [2] NCCL INFO New proxy send connection 10 from local rank 2, transport 0
MOC-R4PCC04U05:700707:700856 [2] NCCL INFO Connected to proxy localRank 2 -> connection 0x7f8a740053e0
MOC-R4PCC04U05:700707:700848 [2] NCCL INFO New proxy send connection 11 from local rank 2, transport 0
MOC-R4PCC04U05:700707:700856 [2] NCCL INFO Connected to proxy localRank 2 -> connection 0x7f8a74005458
MOC-R4PCC04U05:700705:700851 [0] NCCL INFO New proxy send connection 9 from local rank 1, transport 0
MOC-R4PCC04U05:700706:700855 [1] NCCL INFO Connected to proxy localRank 0 -> connection 0x7f7c80005368
MOC-R4PCC04U05:700706:700852 [1] NCCL INFO New proxy send connection 8 from local rank 2, transport 0
MOC-R4PCC04U05:700707:700856 [2] NCCL INFO Connected to proxy localRank 1 -> connection 0x7f09b00052f0
MOC-R4PCC04U05:700706:700852 [1] NCCL INFO New proxy send connection 9 from local rank 0, transport 0
MOC-R4PCC04U05:700705:700857 [0] NCCL INFO Connected to proxy localRank 1 -> connection 0x7f09b0005368
MOC-R4PCC04U05:700707:700848 [2] NCCL INFO New proxy send connection 12 from local rank 3, transport 0
MOC-R4PCC04U05:700708:700858 [3] NCCL INFO Connected to proxy localRank 2 -> connection 0x7f8a740054d0
MOC-R4PCC04U05:700707:700848 [2] NCCL INFO NET/IB: NCCL Dev 1 IbDev 0 Port 1 qpn 11525 mtu 3 query_ece={supported=1, vendor_id=0x15b3, options=0x30000002, comp_mask=0x0} GID 3 (0/C132A8C0FFFF0000) fifoRkey=0x17fdbc fifoLkey=0x17fdbc
MOC-R4PCC04U05:700707:700848 [2] NCCL INFO NET/IB: NCCL Dev 1 IbDev 0 Port 1 qpn 11526 mtu 3 query_ece={supported=1, vendor_id=0x15b3, options=0x30000002, comp_mask=0x0} GID 3 (0/C132A8C0FFFF0000) fifoRkey=0x17e7a6 fifoLkey=0x17e7a6
MOC-R4PCC04U05:700707:700848 [2] NCCL INFO NET/IB: NCCL Dev 1 IbDev 0 Port 1 qpn 11527 mtu 3 query_ece={supported=1, vendor_id=0x15b3, options=0x30000002, comp_mask=0x0} GID 3 (0/C132A8C0FFFF0000) fifoRkey=0x17d190 fifoLkey=0x17d190
MOC-R4PCC04U05:700707:700848 [2] NCCL INFO New proxy send connection 13 from local rank 1, transport 0
MOC-R4PCC04U05:700706:700855 [1] NCCL INFO Connected to proxy localRank 2 -> connection 0x7f8a74005548
MOC-R4PCC04U05:700707:700848 [2] NCCL INFO NET/IB: IbDev 0 Port 1 qpn 11791 set_ece={supported=1, vendor_id=0x15b3, options=0x0, comp_mask=0x0}
MOC-R4PCC04U05:700707:700848 [2] NCCL INFO NET/IB: IbDev 0 Port 1 qpn 11793 set_ece={supported=1, vendor_id=0x15b3, options=0x0, comp_mask=0x0}
MOC-R4PCC04U05:700707:700848 [2] NCCL INFO NET/IB: IbDev 0 Port 1 qpn 11795 set_ece={supported=1, vendor_id=0x15b3, options=0x0, comp_mask=0x0}
num decayed parameter tensors: 50, with 124,318,464 parameters
num non-decayed parameter tensors: 98, with 121,344 parameters
using fused AdamW: False
using regular AdamW
MOC-R4PCC04U05:700705:700851 [0] NCCL INFO New proxy send connection 10 from local rank 0, transport 0
MOC-R4PCC04U05:700705:701550 [0] NCCL INFO Connected to proxy localRank 0 -> connection 0x7f7c800053e0
MOC-R4PCC04U05:700705:700851 [0] NCCL INFO New proxy send connection 11 from local rank 0, transport 0
MOC-R4PCC04U05:700705:701550 [0] NCCL INFO Connected to proxy localRank 0 -> connection 0x7f7c80005458
MOC-R4PCC04U05:700705:700851 [0] NCCL INFO New proxy send connection 12 from local rank 0, transport 0
MOC-R4PCC04U05:700705:701550 [0] NCCL INFO Connected to proxy localRank 0 -> connection 0x7f7c800054d0
MOC-R4PCC04U05:700705:700851 [0] NCCL INFO New proxy send connection 13 from local rank 0, transport 0
MOC-R4PCC04U05:700705:701550 [0] NCCL INFO Connected to proxy localRank 0 -> connection 0x7f7c80005548
MOC-R4PCC04U05:700707:700848 [2] NCCL INFO New proxy send connection 14 from local rank 2, transport 0
MOC-R4PCC04U05:700707:701551 [2] NCCL INFO Connected to proxy localRank 2 -> connection 0x7f8a740055c0
MOC-R4PCC04U05:700707:700848 [2] NCCL INFO New proxy send connection 15 from local rank 2, transport 0
MOC-R4PCC04U05:700707:701551 [2] NCCL INFO Connected to proxy localRank 2 -> connection 0x7f8a74005638
MOC-R4PCC04U05:700707:700848 [2] NCCL INFO New proxy send connection 16 from local rank 2, transport 0
MOC-R4PCC04U05:700707:701551 [2] NCCL INFO Connected to proxy localRank 2 -> connection 0x7f8a740056b0
MOC-R4PCC04U05:700707:700848 [2] NCCL INFO New proxy send connection 17 from local rank 2, transport 0
MOC-R4PCC04U05:700707:701551 [2] NCCL INFO Connected to proxy localRank 2 -> connection 0x7f8a74005728
MOC-R4PCC04U05:700706:700852 [1] NCCL INFO New proxy recv connection 10 from local rank 1, transport 0
MOC-R4PCC04U05:700706:701552 [1] NCCL INFO Connected to proxy localRank 1 -> connection 0x7f09b00053e0
MOC-R4PCC04U05:700706:700852 [1] NCCL INFO New proxy recv connection 11 from local rank 1, transport 0
MOC-R4PCC04U05:700706:701552 [1] NCCL INFO Connected to proxy localRank 1 -> connection 0x7f09b0005458
MOC-R4PCC04U05:700706:700852 [1] NCCL INFO New proxy recv connection 12 from local rank 1, transport 0
MOC-R4PCC04U05:700706:701552 [1] NCCL INFO Connected to proxy localRank 1 -> connection 0x7f09b00054d0
MOC-R4PCC04U05:700706:700852 [1] NCCL INFO New proxy recv connection 13 from local rank 1, transport 0
MOC-R4PCC04U05:700706:701552 [1] NCCL INFO Connected to proxy localRank 1 -> connection 0x7f09b0005548
MOC-R4PCC04U05:700705:700851 [0] NCCL INFO New proxy recv connection 14 from local rank 0, transport 0
MOC-R4PCC04U05:700705:701550 [0] NCCL INFO Connected to proxy localRank 0 -> connection 0x7f7c800055c0
MOC-R4PCC04U05:700705:700851 [0] NCCL INFO New proxy recv connection 15 from local rank 0, transport 0
MOC-R4PCC04U05:700705:701550 [0] NCCL INFO Connected to proxy localRank 0 -> connection 0x7f7c80005638
MOC-R4PCC04U05:700705:700851 [0] NCCL INFO New proxy recv connection 16 from local rank 0, transport 0
MOC-R4PCC04U05:700705:701550 [0] NCCL INFO Connected to proxy localRank 0 -> connection 0x7f7c800056b0
MOC-R4PCC04U05:700705:700851 [0] NCCL INFO New proxy recv connection 17 from local rank 0, transport 0
MOC-R4PCC04U05:700705:701550 [0] NCCL INFO Connected to proxy localRank 0 -> connection 0x7f7c80005728
MOC-R4PCC04U05:700708:700847 [3] NCCL INFO New proxy recv connection 5 from local rank 3, transport 0
MOC-R4PCC04U05:700708:701553 [3] NCCL INFO Connected to proxy localRank 3 -> connection 0x7fd6e0005188
MOC-R4PCC04U05:700708:700847 [3] NCCL INFO New proxy recv connection 6 from local rank 3, transport 0
MOC-R4PCC04U05:700708:701553 [3] NCCL INFO Connected to proxy localRank 3 -> connection 0x7fd6e0005200
MOC-R4PCC04U05:700708:700847 [3] NCCL INFO New proxy recv connection 7 from local rank 3, transport 0
MOC-R4PCC04U05:700708:701553 [3] NCCL INFO Connected to proxy localRank 3 -> connection 0x7fd6e0005278
MOC-R4PCC04U05:700708:700847 [3] NCCL INFO New proxy recv connection 8 from local rank 3, transport 0
MOC-R4PCC04U05:700708:701553 [3] NCCL INFO Connected to proxy localRank 3 -> connection 0x7fd6e00052f0
MOC-R4PCC04U05:700707:701551 [2] NCCL INFO GPU Direct RDMA Enabled for GPU 2 / HCA 1 (distance 5 <= 5), read 1 mode Default
MOC-R4PCC04U05:700708:700847 [3] NCCL INFO New proxy send connection 9 from local rank 3, transport 0
MOC-R4PCC04U05:700708:701553 [3] NCCL INFO Connected to proxy localRank 3 -> connection 0x7fd6e0005368
MOC-R4PCC04U05:700707:700848 [2] NCCL INFO New proxy send connection 18 from local rank 2, transport 2
MOC-R4PCC04U05:700707:701551 [2] NCCL INFO Connected to proxy localRank 2 -> connection 0x7f8a740057a0
MOC-R4PCC04U05:700707:701551 [2] NCCL INFO Channel 02/0 : 2[2] -> 6[2] [send] via NET/IB/1/GDRDMA
MOC-R4PCC04U05:700707:701551 [2] NCCL INFO GPU Direct RDMA Enabled for GPU 2 / HCA 1 (distance 5 <= 5), read 1 mode Default
MOC-R4PCC04U05:700707:700848 [2] NCCL INFO New proxy send connection 19 from local rank 2, transport 2
MOC-R4PCC04U05:700707:701551 [2] NCCL INFO Connected to proxy localRank 2 -> connection 0x7f8a74005818
MOC-R4PCC04U05:700708:700847 [3] NCCL INFO New proxy send connection 10 from local rank 3, transport 0
MOC-R4PCC04U05:700708:701553 [3] NCCL INFO Connected to proxy localRank 3 -> connection 0x7fd6e00053e0
MOC-R4PCC04U05:700707:701551 [2] NCCL INFO Channel 03/0 : 2[2] -> 6[2] [send] via NET/IB/1/GDRDMA
MOC-R4PCC04U05:700708:700847 [3] NCCL INFO New proxy send connection 11 from local rank 3, transport 0
MOC-R4PCC04U05:700708:701553 [3] NCCL INFO Connected to proxy localRank 3 -> connection 0x7fd6e0005458
MOC-R4PCC04U05:700707:701551 [2] NCCL INFO GPU Direct RDMA Enabled for GPU 2 / HCA 1 (distance 5 <= 5), read 0 mode Default
MOC-R4PCC04U05:700707:700848 [2] NCCL INFO New proxy recv connection 20 from local rank 2, transport 2
MOC-R4PCC04U05:700707:701551 [2] NCCL INFO Connected to proxy localRank 2 -> connection 0x7f8a74005890
MOC-R4PCC04U05:700708:700847 [3] NCCL INFO New proxy send connection 12 from local rank 3, transport 0
MOC-R4PCC04U05:700708:701553 [3] NCCL INFO Connected to proxy localRank 3 -> connection 0x7fd6e00054d0
MOC-R4PCC04U05:700707:701551 [2] NCCL INFO Channel 00/0 : 10[2] -> 2[2] [receive] via NET/IB/1/GDRDMA
MOC-R4PCC04U05:700707:701551 [2] NCCL INFO GPU Direct RDMA Enabled for GPU 2 / HCA 1 (distance 5 <= 5), read 0 mode Default
MOC-R4PCC04U05:700707:700848 [2] NCCL INFO New proxy recv connection 21 from local rank 2, transport 2
MOC-R4PCC04U05:700707:701551 [2] NCCL INFO Connected to proxy localRank 2 -> connection 0x7f8a74005908
MOC-R4PCC04U05:700707:701551 [2] NCCL INFO Channel 01/0 : 10[2] -> 2[2] [receive] via NET/IB/1/GDRDMA
MOC-R4PCC04U05:700707:701551 [2] NCCL INFO GPU Direct RDMA Enabled for GPU 2 / HCA 1 (distance 5 <= 5), read 1 mode Default
MOC-R4PCC04U05:700707:700848 [2] NCCL INFO New proxy send connection 22 from local rank 2, transport 2
MOC-R4PCC04U05:700707:701551 [2] NCCL INFO Connected to proxy localRank 2 -> connection 0x7f8a74005980
MOC-R4PCC04U05:700707:701551 [2] NCCL INFO Channel 00/0 : 2[2] -> 10[2] [send] via NET/IB/1/GDRDMA
MOC-R4PCC04U05:700707:701551 [2] NCCL INFO GPU Direct RDMA Enabled for GPU 2 / HCA 1 (distance 5 <= 5), read 1 mode Default
MOC-R4PCC04U05:700707:700848 [2] NCCL INFO New proxy send connection 23 from local rank 2, transport 2
MOC-R4PCC04U05:700707:701551 [2] NCCL INFO Connected to proxy localRank 2 -> connection 0x7f8a740059f8
MOC-R4PCC04U05:700708:700847 [3] NCCL INFO New proxy send connection 13 from local rank 3, transport 0
MOC-R4PCC04U05:700707:701551 [2] NCCL INFO Channel 01/0 : 2[2] -> 10[2] [send] via NET/IB/1/GDRDMA
MOC-R4PCC04U05:700708:701553 [3] NCCL INFO Connected to proxy localRank 3 -> connection 0x7fd6e0005548
MOC-R4PCC04U05:700708:700847 [3] NCCL INFO New proxy send connection 14 from local rank 3, transport 0
MOC-R4PCC04U05:700708:701553 [3] NCCL INFO Connected to proxy localRank 3 -> connection 0x7fd6e00055c0
MOC-R4PCC04U05:700707:701551 [2] NCCL INFO GPU Direct RDMA Enabled for GPU 2 / HCA 1 (distance 5 <= 5), read 0 mode Default
MOC-R4PCC04U05:700707:700848 [2] NCCL INFO New proxy recv connection 24 from local rank 2, transport 2
MOC-R4PCC04U05:700707:701551 [2] NCCL INFO Connected to proxy localRank 2 -> connection 0x7f8a74005a70
MOC-R4PCC04U05:700707:701551 [2] NCCL INFO Channel 02/0 : 6[2] -> 2[2] [receive] via NET/IB/1/GDRDMA
MOC-R4PCC04U05:700707:701551 [2] NCCL INFO GPU Direct RDMA Enabled for GPU 2 / HCA 1 (distance 5 <= 5), read 0 mode Default
MOC-R4PCC04U05:700707:700848 [2] NCCL INFO New proxy recv connection 25 from local rank 2, transport 2
MOC-R4PCC04U05:700707:701551 [2] NCCL INFO Connected to proxy localRank 2 -> connection 0x7f8a74005ae8
MOC-R4PCC04U05:700707:701551 [2] NCCL INFO Channel 03/0 : 6[2] -> 2[2] [receive] via NET/IB/1/GDRDMA
MOC-R4PCC04U05:700708:700847 [3] NCCL INFO New proxy send connection 15 from local rank 3, transport 0
MOC-R4PCC04U05:700708:701553 [3] NCCL INFO Connected to proxy localRank 3 -> connection 0x7fd6e0005638
MOC-R4PCC04U05:700707:700848 [2] NCCL INFO New proxy recv connection 26 from local rank 2, transport 0
MOC-R4PCC04U05:700707:701551 [2] NCCL INFO Connected to proxy localRank 2 -> connection 0x7f8a74005b60
MOC-R4PCC04U05:700708:700847 [3] NCCL INFO New proxy send connection 16 from local rank 3, transport 0
MOC-R4PCC04U05:700708:701553 [3] NCCL INFO Connected to proxy localRank 3 -> connection 0x7fd6e00056b0
MOC-R4PCC04U05:700707:700848 [2] NCCL INFO New proxy recv connection 27 from local rank 2, transport 0
MOC-R4PCC04U05:700707:701551 [2] NCCL INFO Connected to proxy localRank 2 -> connection 0x7f8a74005bd8
MOC-R4PCC04U05:700707:700848 [2] NCCL INFO New proxy recv connection 28 from local rank 2, transport 0
MOC-R4PCC04U05:700707:701551 [2] NCCL INFO Connected to proxy localRank 2 -> connection 0x7f8a74005c50
MOC-R4PCC04U05:700707:700848 [2] NCCL INFO New proxy recv connection 29 from local rank 2, transport 0
MOC-R4PCC04U05:700707:701551 [2] NCCL INFO Connected to proxy localRank 2 -> connection 0x7f8a74005cc8
MOC-R4PCC04U05:700708:700847 [3] NCCL INFO New proxy send connection 17 from local rank 2, transport 0
MOC-R4PCC04U05:700707:701551 [2] NCCL INFO Connected to proxy localRank 3 -> connection 0x7fd6e0005728
MOC-R4PCC04U05:700707:700848 [2] NCCL INFO NET/IB: NCCL Dev 1 IbDev 0 Port 1 qpn 11536 mtu 3 query_ece={supported=1, vendor_id=0x15b3, options=0x30000002, comp_mask=0x0} GID 3 (0/C132A8C0FFFF0000) fifoRkey=0x17bf7e fifoLkey=0x17bf7e
MOC-R4PCC04U05:700707:700848 [2] NCCL INFO NET/IB: NCCL Dev 1 IbDev 0 Port 1 qpn 11539 mtu 3 query_ece={supported=1, vendor_id=0x15b3, options=0x30000002, comp_mask=0x0} GID 3 (0/C132A8C0FFFF0000) fifoRkey=0x17601f fifoLkey=0x17601f
MOC-R4PCC04U05:700707:700848 [2] NCCL INFO NET/IB: NCCL Dev 1 IbDev 0 Port 1 qpn 11540 mtu 3 query_ece={supported=1, vendor_id=0x15b3, options=0x30000002, comp_mask=0x0} GID 3 (0/C132A8C0FFFF0000) fifoRkey=0x17cb8a fifoLkey=0x17cb8a
MOC-R4PCC04U05:700707:700848 [2] NCCL INFO NET/IB: NCCL Dev 1 IbDev 0 Port 1 qpn 11541 mtu 3 query_ece={supported=1, vendor_id=0x15b3, options=0x30000002, comp_mask=0x0} GID 3 (0/C132A8C0FFFF0000) fifoRkey=0x1722e1 fifoLkey=0x1722e1
MOC-R4PCC04U05:700707:700848 [2] NCCL INFO NET/IB: IbDev 0 Port 1 qpn 11808 set_ece={supported=1, vendor_id=0x15b3, options=0x0, comp_mask=0x0}
MOC-R4PCC04U05:700707:700848 [2] NCCL INFO NET/IB: IbDev 0 Port 1 qpn 11810 set_ece={supported=1, vendor_id=0x15b3, options=0x0, comp_mask=0x0}
MOC-R4PCC04U05:700707:700848 [2] NCCL INFO NET/IB: IbDev 0 Port 1 qpn 9254 set_ece={supported=1, vendor_id=0x15b3, options=0x0, comp_mask=0x0}
MOC-R4PCC04U05:700707:700848 [2] NCCL INFO NET/IB: IbDev 0 Port 1 qpn 9256 set_ece={supported=1, vendor_id=0x15b3, options=0x0, comp_mask=0x0}
step    1/10 | train loss 11.010080 | norm 15.3561 | lr 1.00e-04 | (14309.45 ms | 293114 tok/s)
step    2/10 | train loss 10.138499 | norm 5.7510 | lr 1.00e-04 | (670.48 ms | 6255631 tok/s)
step    3/10 | train loss 9.798908 | norm 2.6008 | lr 1.00e-04 | (667.18 ms | 6286646 tok/s)
step    4/10 | train loss 9.629971 | norm 2.1074 | lr 1.00e-04 | (669.33 ms | 6266385 tok/s)
step    5/10 | train loss 9.547398 | norm 2.1023 | lr 1.00e-04 | (668.26 ms | 6276457 tok/s)
step    6/10 | train loss 9.467024 | norm 1.9934 | lr 1.00e-04 | (668.45 ms | 6274652 tok/s)
step    7/10 | train loss 9.382393 | norm 1.9432 | lr 1.00e-04 | (668.77 ms | 6271623 tok/s)
step    8/10 | train loss 9.291876 | norm 1.9119 | lr 1.00e-04 | (669.79 ms | 6262162 tok/s)
step    9/10 | train loss 9.197285 | norm 1.8625 | lr 1.00e-04 | (672.55 ms | 6236393 tok/s)
step   10/10 | train loss 9.110220 | norm 1.7873 | lr 1.00e-04 | (672.88 ms | 6233373 tok/s)
final 9 iters avg: 669.744ms
peak memory consumption: 16601 MiB
