Running pytorch 2.7.0+cu126
using device: cuda:0
total desired batch size: 5242880
=> calculated gradient accumulation steps: 10
using device: cuda:2
using device: cuda:3
using device: cuda:1
compiling the model...
DataLoader: total number of tokens: 1,661,249,667 across 103 files
MOC-R4PCC04U05:733650:733650 [0] NCCL INFO NCCL_SOCKET_IFNAME set to eno7np0
MOC-R4PCC04U05:733650:733650 [0] NCCL INFO NCCL version 2.26.2+cuda12.2
MOC-R4PCC04U05:733650:733754 [0] NCCL INFO NET/Plugin: Could not find: libnccl-net.so. Using internal net plugin.
MOC-R4PCC04U05:733650:733754 [0] NCCL INFO NCCL_IB_HCA set to mlx5_5
MOC-R4PCC04U05:733650:733754 [0] NCCL INFO NET/IB : Made virtual device [0] name=mlx5_5 speed=400000 ndevs=1
MOC-R4PCC04U05:733650:733754 [0] NCCL INFO NET/IB : Using [0]mlx5_5:1/RoCE [RO]; OOB eno7np0:192.168.50.193<0>
MOC-R4PCC04U05:733653:733653 [3] NCCL INFO NCCL_SOCKET_IFNAME set to eno7np0
MOC-R4PCC04U05:733653:733653 [3] NCCL INFO NCCL version 2.26.2+cuda12.2
MOC-R4PCC04U05:733652:733652 [2] NCCL INFO NCCL_SOCKET_IFNAME set to eno7np0
MOC-R4PCC04U05:733652:733652 [2] NCCL INFO NCCL version 2.26.2+cuda12.2
MOC-R4PCC04U05:733651:733651 [1] NCCL INFO NCCL_SOCKET_IFNAME set to eno7np0
MOC-R4PCC04U05:733651:733651 [1] NCCL INFO NCCL version 2.26.2+cuda12.2
MOC-R4PCC04U05:733653:733777 [3] NCCL INFO NET/Plugin: Could not find: libnccl-net.so. Using internal net plugin.
MOC-R4PCC04U05:733653:733777 [3] NCCL INFO NCCL_IB_HCA set to mlx5_5
MOC-R4PCC04U05:733651:733779 [1] NCCL INFO NET/Plugin: Could not find: libnccl-net.so. Using internal net plugin.
MOC-R4PCC04U05:733652:733778 [2] NCCL INFO NET/Plugin: Could not find: libnccl-net.so. Using internal net plugin.
MOC-R4PCC04U05:733651:733779 [1] NCCL INFO NCCL_IB_HCA set to mlx5_5
MOC-R4PCC04U05:733652:733778 [2] NCCL INFO NCCL_IB_HCA set to mlx5_5
MOC-R4PCC04U05:733653:733777 [3] NCCL INFO NET/IB : Made virtual device [0] name=mlx5_5 speed=400000 ndevs=1
MOC-R4PCC04U05:733653:733777 [3] NCCL INFO NET/IB : Using [0]mlx5_5:1/RoCE [RO]; OOB eno7np0:192.168.50.193<0>
MOC-R4PCC04U05:733651:733779 [1] NCCL INFO NET/IB : Made virtual device [0] name=mlx5_5 speed=400000 ndevs=1
MOC-R4PCC04U05:733651:733779 [1] NCCL INFO NET/IB : Using [0]mlx5_5:1/RoCE [RO]; OOB eno7np0:192.168.50.193<0>
MOC-R4PCC04U05:733652:733778 [2] NCCL INFO NET/IB : Made virtual device [0] name=mlx5_5 speed=400000 ndevs=1
MOC-R4PCC04U05:733652:733778 [2] NCCL INFO NET/IB : Using [0]mlx5_5:1/RoCE [RO]; OOB eno7np0:192.168.50.193<0>
MOC-R4PCC04U05:733650:733754 [0] NCCL INFO NET/IB : GPU Direct RDMA Enabled for HCA 0 'mlx5_5'
MOC-R4PCC04U05:733650:733754 [0] NCCL INFO NET/IB : Made virtual device [1] name=mlx5_5 speed=400000 ndevs=1
MOC-R4PCC04U05:733650:733754 [0] NCCL INFO NET/IB : GPU Direct RDMA Enabled for HCA 0 'mlx5_5'
MOC-R4PCC04U05:733650:733754 [0] NCCL INFO NET/IB : GPU Direct RDMA Enabled for HCA 1 'mlx5_5'
MOC-R4PCC04U05:733652:733778 [2] NCCL INFO NET/IB : GPU Direct RDMA Enabled for HCA 0 'mlx5_5'
MOC-R4PCC04U05:733652:733778 [2] NCCL INFO NET/IB : Made virtual device [1] name=mlx5_5 speed=400000 ndevs=1
MOC-R4PCC04U05:733652:733778 [2] NCCL INFO NET/IB : GPU Direct RDMA Enabled for HCA 0 'mlx5_5'
MOC-R4PCC04U05:733652:733778 [2] NCCL INFO NET/IB : GPU Direct RDMA Enabled for HCA 1 'mlx5_5'
MOC-R4PCC04U05:733653:733777 [3] NCCL INFO NET/IB : GPU Direct RDMA Enabled for HCA 0 'mlx5_5'
MOC-R4PCC04U05:733653:733777 [3] NCCL INFO NET/IB : Made virtual device [1] name=mlx5_5 speed=400000 ndevs=1
MOC-R4PCC04U05:733653:733777 [3] NCCL INFO NET/IB : GPU Direct RDMA Enabled for HCA 0 'mlx5_5'
MOC-R4PCC04U05:733653:733777 [3] NCCL INFO NET/IB : GPU Direct RDMA Enabled for HCA 1 'mlx5_5'
MOC-R4PCC04U05:733651:733779 [1] NCCL INFO NET/IB : GPU Direct RDMA Enabled for HCA 0 'mlx5_5'
MOC-R4PCC04U05:733651:733779 [1] NCCL INFO NET/IB : Made virtual device [1] name=mlx5_5 speed=400000 ndevs=1
MOC-R4PCC04U05:733651:733779 [1] NCCL INFO NET/IB : GPU Direct RDMA Enabled for HCA 0 'mlx5_5'
MOC-R4PCC04U05:733651:733779 [1] NCCL INFO NET/IB : GPU Direct RDMA Enabled for HCA 1 'mlx5_5'
MOC-R4PCC04U05:733651:733779 [1] NCCL INFO GPU Direct RDMA Enabled for GPU 0 / HCA 1 (distance 5 <= 5), read 0 mode Default
MOC-R4PCC04U05:733651:733779 [1] NCCL INFO GPU Direct RDMA Enabled for GPU 1 / HCA 1 (distance 5 <= 5), read 0 mode Default
MOC-R4PCC04U05:733651:733779 [1] NCCL INFO GPU Direct RDMA Enabled for GPU 2 / HCA 1 (distance 5 <= 5), read 0 mode Default
MOC-R4PCC04U05:733651:733779 [1] NCCL INFO GPU Direct RDMA Enabled for GPU 3 / HCA 1 (distance 5 <= 5), read 0 mode Default
MOC-R4PCC04U05:733651:733779 [1] NCCL INFO GPU Direct RDMA Enabled for GPU 0 / HCA 1 (distance 5 <= 5), read 0 mode Default
MOC-R4PCC04U05:733651:733779 [1] NCCL INFO GPU Direct RDMA Enabled for GPU 1 / HCA 1 (distance 5 <= 5), read 0 mode Default
MOC-R4PCC04U05:733651:733779 [1] NCCL INFO GPU Direct RDMA Enabled for GPU 2 / HCA 1 (distance 5 <= 5), read 0 mode Default
MOC-R4PCC04U05:733651:733779 [1] NCCL INFO GPU Direct RDMA Enabled for GPU 3 / HCA 1 (distance 5 <= 5), read 0 mode Default
MOC-R4PCC04U05:733650:733754 [0] NCCL INFO GPU Direct RDMA Enabled for GPU 0 / HCA 1 (distance 5 <= 5), read 0 mode Default
MOC-R4PCC04U05:733650:733754 [0] NCCL INFO GPU Direct RDMA Enabled for GPU 1 / HCA 1 (distance 5 <= 5), read 0 mode Default
MOC-R4PCC04U05:733650:733754 [0] NCCL INFO GPU Direct RDMA Enabled for GPU 2 / HCA 1 (distance 5 <= 5), read 0 mode Default
MOC-R4PCC04U05:733650:733754 [0] NCCL INFO GPU Direct RDMA Enabled for GPU 3 / HCA 1 (distance 5 <= 5), read 0 mode Default
MOC-R4PCC04U05:733650:733754 [0] NCCL INFO GPU Direct RDMA Enabled for GPU 0 / HCA 1 (distance 5 <= 5), read 0 mode Default
MOC-R4PCC04U05:733650:733754 [0] NCCL INFO GPU Direct RDMA Enabled for GPU 1 / HCA 1 (distance 5 <= 5), read 0 mode Default
MOC-R4PCC04U05:733650:733754 [0] NCCL INFO GPU Direct RDMA Enabled for GPU 2 / HCA 1 (distance 5 <= 5), read 0 mode Default
MOC-R4PCC04U05:733650:733754 [0] NCCL INFO GPU Direct RDMA Enabled for GPU 3 / HCA 1 (distance 5 <= 5), read 0 mode Default
MOC-R4PCC04U05:733652:733778 [2] NCCL INFO GPU Direct RDMA Enabled for GPU 0 / HCA 1 (distance 5 <= 5), read 0 mode Default
MOC-R4PCC04U05:733652:733778 [2] NCCL INFO GPU Direct RDMA Enabled for GPU 1 / HCA 1 (distance 5 <= 5), read 0 mode Default
MOC-R4PCC04U05:733652:733778 [2] NCCL INFO GPU Direct RDMA Enabled for GPU 2 / HCA 1 (distance 5 <= 5), read 0 mode Default
MOC-R4PCC04U05:733652:733778 [2] NCCL INFO GPU Direct RDMA Enabled for GPU 3 / HCA 1 (distance 5 <= 5), read 0 mode Default
MOC-R4PCC04U05:733652:733778 [2] NCCL INFO GPU Direct RDMA Enabled for GPU 0 / HCA 1 (distance 5 <= 5), read 0 mode Default
MOC-R4PCC04U05:733652:733778 [2] NCCL INFO GPU Direct RDMA Enabled for GPU 1 / HCA 1 (distance 5 <= 5), read 0 mode Default
MOC-R4PCC04U05:733652:733778 [2] NCCL INFO GPU Direct RDMA Enabled for GPU 2 / HCA 1 (distance 5 <= 5), read 0 mode Default
MOC-R4PCC04U05:733652:733778 [2] NCCL INFO GPU Direct RDMA Enabled for GPU 3 / HCA 1 (distance 5 <= 5), read 0 mode Default
MOC-R4PCC04U05:733653:733777 [3] NCCL INFO GPU Direct RDMA Enabled for GPU 0 / HCA 1 (distance 5 <= 5), read 0 mode Default
MOC-R4PCC04U05:733653:733777 [3] NCCL INFO GPU Direct RDMA Enabled for GPU 1 / HCA 1 (distance 5 <= 5), read 0 mode Default
MOC-R4PCC04U05:733653:733777 [3] NCCL INFO GPU Direct RDMA Enabled for GPU 2 / HCA 1 (distance 5 <= 5), read 0 mode Default
MOC-R4PCC04U05:733653:733777 [3] NCCL INFO GPU Direct RDMA Enabled for GPU 3 / HCA 1 (distance 5 <= 5), read 0 mode Default
MOC-R4PCC04U05:733653:733777 [3] NCCL INFO GPU Direct RDMA Enabled for GPU 0 / HCA 1 (distance 5 <= 5), read 0 mode Default
MOC-R4PCC04U05:733653:733777 [3] NCCL INFO GPU Direct RDMA Enabled for GPU 1 / HCA 1 (distance 5 <= 5), read 0 mode Default
MOC-R4PCC04U05:733653:733777 [3] NCCL INFO GPU Direct RDMA Enabled for GPU 2 / HCA 1 (distance 5 <= 5), read 0 mode Default
MOC-R4PCC04U05:733653:733777 [3] NCCL INFO GPU Direct RDMA Enabled for GPU 3 / HCA 1 (distance 5 <= 5), read 0 mode Default
MOC-R4PCC04U05:733652:733799 [2] NCCL INFO GPU Direct RDMA Enabled for GPU 2 / HCA 1 (distance 5 <= 5), read 0 mode Default
MOC-R4PCC04U05:733653:733791 [3] NCCL INFO New proxy recv connection 0 from local rank 3, transport 0
MOC-R4PCC04U05:733653:733800 [3] NCCL INFO Connected to proxy localRank 3 -> connection 0x7f6d20004f30
MOC-R4PCC04U05:733650:733794 [0] NCCL INFO New proxy send connection 0 from local rank 0, transport 0
MOC-R4PCC04U05:733650:733801 [0] NCCL INFO Connected to proxy localRank 0 -> connection 0x7f4d84004f30
MOC-R4PCC04U05:733651:733792 [1] NCCL INFO New proxy recv connection 0 from local rank 1, transport 0
MOC-R4PCC04U05:733651:733802 [1] NCCL INFO Connected to proxy localRank 1 -> connection 0x7fad20004f30
MOC-R4PCC04U05:733653:733791 [3] NCCL INFO New proxy recv connection 1 from local rank 3, transport 0
MOC-R4PCC04U05:733653:733800 [3] NCCL INFO Connected to proxy localRank 3 -> connection 0x7f6d20004fa8
MOC-R4PCC04U05:733650:733794 [0] NCCL INFO New proxy send connection 1 from local rank 0, transport 0
MOC-R4PCC04U05:733650:733801 [0] NCCL INFO Connected to proxy localRank 0 -> connection 0x7f4d84004fa8
MOC-R4PCC04U05:733653:733791 [3] NCCL INFO New proxy recv connection 2 from local rank 3, transport 0
MOC-R4PCC04U05:733651:733792 [1] NCCL INFO New proxy recv connection 1 from local rank 1, transport 0
MOC-R4PCC04U05:733653:733800 [3] NCCL INFO Connected to proxy localRank 3 -> connection 0x7f6d20005020
MOC-R4PCC04U05:733651:733802 [1] NCCL INFO Connected to proxy localRank 1 -> connection 0x7fad20004fa8
MOC-R4PCC04U05:733653:733791 [3] NCCL INFO New proxy recv connection 3 from local rank 3, transport 0
MOC-R4PCC04U05:733651:733792 [1] NCCL INFO New proxy recv connection 2 from local rank 1, transport 0
MOC-R4PCC04U05:733653:733800 [3] NCCL INFO Connected to proxy localRank 3 -> connection 0x7f6d20005098
MOC-R4PCC04U05:733651:733802 [1] NCCL INFO Connected to proxy localRank 1 -> connection 0x7fad20005020
MOC-R4PCC04U05:733650:733794 [0] NCCL INFO New proxy send connection 2 from local rank 0, transport 0
MOC-R4PCC04U05:733650:733801 [0] NCCL INFO Connected to proxy localRank 0 -> connection 0x7f4d84005020
MOC-R4PCC04U05:733653:733800 [3] NCCL INFO GPU Direct RDMA Enabled for GPU 3 / HCA 1 (distance 5 <= 5), read 1 mode Default
MOC-R4PCC04U05:733651:733792 [1] NCCL INFO New proxy recv connection 3 from local rank 1, transport 0
MOC-R4PCC04U05:733651:733802 [1] NCCL INFO Connected to proxy localRank 1 -> connection 0x7fad20005098
MOC-R4PCC04U05:733650:733794 [0] NCCL INFO New proxy send connection 3 from local rank 0, transport 0
MOC-R4PCC04U05:733650:733801 [0] NCCL INFO Connected to proxy localRank 0 -> connection 0x7f4d84005098
MOC-R4PCC04U05:733651:733792 [1] NCCL INFO New proxy send connection 4 from local rank 1, transport 0
MOC-R4PCC04U05:733651:733802 [1] NCCL INFO Connected to proxy localRank 1 -> connection 0x7fad20005110
MOC-R4PCC04U05:733652:733793 [2] NCCL INFO New proxy recv connection 0 from local rank 2, transport 2
MOC-R4PCC04U05:733652:733793 [2] NCCL INFO New proxy send connection 1 from local rank 3, transport 2
MOC-R4PCC04U05:733652:733799 [2] NCCL INFO Connected to proxy localRank 2 -> connection 0x7fd7b8004f30
MOC-R4PCC04U05:733653:733800 [3] NCCL INFO Connected to proxy localRank 2 -> connection 0x7fd7b8004fa8
MOC-R4PCC04U05:733652:733799 [2] NCCL INFO Channel 00/0 : 15[3] -> 2[2] [receive] via NET/IB/1/GDRDMA
MOC-R4PCC04U05:733652:733799 [2] NCCL INFO GPU Direct RDMA Enabled for GPU 2 / HCA 1 (distance 5 <= 5), read 0 mode Default
MOC-R4PCC04U05:733653:733800 [3] NCCL INFO Channel 00/0 : 3[3] -> 6[2] [send] via NET/IB/1(2)/GDRDMA
MOC-R4PCC04U05:733653:733800 [3] NCCL INFO GPU Direct RDMA Enabled for GPU 3 / HCA 1 (distance 5 <= 5), read 1 mode Default
MOC-R4PCC04U05:733652:733793 [2] NCCL INFO New proxy recv connection 2 from local rank 2, transport 2
MOC-R4PCC04U05:733652:733799 [2] NCCL INFO Connected to proxy localRank 2 -> connection 0x7fd7b8005020
MOC-R4PCC04U05:733652:733793 [2] NCCL INFO New proxy send connection 3 from local rank 3, transport 2
MOC-R4PCC04U05:733653:733800 [3] NCCL INFO Connected to proxy localRank 2 -> connection 0x7fd7b8005098
MOC-R4PCC04U05:733652:733799 [2] NCCL INFO Channel 01/0 : 15[3] -> 2[2] [receive] via NET/IB/1/GDRDMA
MOC-R4PCC04U05:733652:733799 [2] NCCL INFO GPU Direct RDMA Enabled for GPU 2 / HCA 1 (distance 5 <= 5), read 0 mode Default
MOC-R4PCC04U05:733653:733800 [3] NCCL INFO Channel 01/0 : 3[3] -> 6[2] [send] via NET/IB/1(2)/GDRDMA
MOC-R4PCC04U05:733653:733800 [3] NCCL INFO GPU Direct RDMA Enabled for GPU 3 / HCA 1 (distance 5 <= 5), read 1 mode Default
MOC-R4PCC04U05:733652:733793 [2] NCCL INFO New proxy recv connection 4 from local rank 2, transport 2
MOC-R4PCC04U05:733652:733799 [2] NCCL INFO Connected to proxy localRank 2 -> connection 0x7fd7b8005110
MOC-R4PCC04U05:733652:733793 [2] NCCL INFO New proxy send connection 5 from local rank 3, transport 2
MOC-R4PCC04U05:733653:733800 [3] NCCL INFO Connected to proxy localRank 2 -> connection 0x7fd7b8005188
MOC-R4PCC04U05:733652:733799 [2] NCCL INFO Channel 02/0 : 15[3] -> 2[2] [receive] via NET/IB/1/GDRDMA
MOC-R4PCC04U05:733652:733799 [2] NCCL INFO GPU Direct RDMA Enabled for GPU 2 / HCA 1 (distance 5 <= 5), read 0 mode Default
MOC-R4PCC04U05:733653:733800 [3] NCCL INFO Channel 02/0 : 3[3] -> 6[2] [send] via NET/IB/1(2)/GDRDMA
MOC-R4PCC04U05:733653:733800 [3] NCCL INFO GPU Direct RDMA Enabled for GPU 3 / HCA 1 (distance 5 <= 5), read 1 mode Default
MOC-R4PCC04U05:733652:733793 [2] NCCL INFO New proxy recv connection 6 from local rank 2, transport 2
MOC-R4PCC04U05:733652:733799 [2] NCCL INFO Connected to proxy localRank 2 -> connection 0x7fd7b8005200
MOC-R4PCC04U05:733652:733793 [2] NCCL INFO New proxy send connection 7 from local rank 3, transport 2
MOC-R4PCC04U05:733653:733800 [3] NCCL INFO Connected to proxy localRank 2 -> connection 0x7fd7b8005278
MOC-R4PCC04U05:733652:733799 [2] NCCL INFO Channel 03/0 : 15[3] -> 2[2] [receive] via NET/IB/1/GDRDMA
MOC-R4PCC04U05:733653:733800 [3] NCCL INFO Channel 03/0 : 3[3] -> 6[2] [send] via NET/IB/1(2)/GDRDMA
MOC-R4PCC04U05:733650:733794 [0] NCCL INFO New proxy recv connection 4 from local rank 0, transport 0
MOC-R4PCC04U05:733650:733801 [0] NCCL INFO Connected to proxy localRank 0 -> connection 0x7f4d84005110
MOC-R4PCC04U05:733651:733792 [1] NCCL INFO New proxy send connection 5 from local rank 1, transport 0
MOC-R4PCC04U05:733651:733802 [1] NCCL INFO Connected to proxy localRank 1 -> connection 0x7fad20005188
MOC-R4PCC04U05:733650:733794 [0] NCCL INFO New proxy recv connection 5 from local rank 0, transport 0
MOC-R4PCC04U05:733650:733801 [0] NCCL INFO Connected to proxy localRank 0 -> connection 0x7f4d84005188
MOC-R4PCC04U05:733650:733794 [0] NCCL INFO New proxy send connection 6 from local rank 3, transport 0
MOC-R4PCC04U05:733653:733800 [3] NCCL INFO Connected to proxy localRank 0 -> connection 0x7f4d84005200
MOC-R4PCC04U05:733651:733792 [1] NCCL INFO New proxy send connection 6 from local rank 1, transport 0
MOC-R4PCC04U05:733651:733802 [1] NCCL INFO Connected to proxy localRank 1 -> connection 0x7fad20005200
MOC-R4PCC04U05:733651:733792 [1] NCCL INFO New proxy send connection 7 from local rank 1, transport 0
MOC-R4PCC04U05:733651:733802 [1] NCCL INFO Connected to proxy localRank 1 -> connection 0x7fad20005278
MOC-R4PCC04U05:733650:733794 [0] NCCL INFO New proxy recv connection 7 from local rank 0, transport 0
MOC-R4PCC04U05:733650:733801 [0] NCCL INFO Connected to proxy localRank 0 -> connection 0x7f4d84005278
MOC-R4PCC04U05:733650:733794 [0] NCCL INFO New proxy recv connection 8 from local rank 0, transport 0
MOC-R4PCC04U05:733650:733801 [0] NCCL INFO Connected to proxy localRank 0 -> connection 0x7f4d840052f0
MOC-R4PCC04U05:733653:733791 [3] NCCL INFO New proxy send connection 4 from local rank 0, transport 0
MOC-R4PCC04U05:733650:733801 [0] NCCL INFO Connected to proxy localRank 3 -> connection 0x7f6d20005110
MOC-R4PCC04U05:733652:733793 [2] NCCL INFO NET/IB: NCCL Dev 1 IbDev 0 Port 1 qpn 12098 mtu 3 query_ece={supported=1, vendor_id=0x15b3, options=0x30000002, comp_mask=0x0} GID 3 (0/C132A8C0FFFF0000) fifoRkey=0x175412 fifoLkey=0x175412
MOC-R4PCC04U05:733652:733793 [2] NCCL INFO NET/IB: IbDev 0 Port 1 qpn 12651 set_ece={supported=1, vendor_id=0x15b3, options=0x0, comp_mask=0x0}
MOC-R4PCC04U05:733652:733793 [2] NCCL INFO New proxy send connection 8 from local rank 3, transport 0
MOC-R4PCC04U05:733653:733800 [3] NCCL INFO Connected to proxy localRank 2 -> connection 0x7fd7b80052f0
MOC-R4PCC04U05:733651:733792 [1] NCCL INFO New proxy send connection 8 from local rank 0, transport 0
MOC-R4PCC04U05:733650:733801 [0] NCCL INFO Connected to proxy localRank 1 -> connection 0x7fad200052f0
MOC-R4PCC04U05:733652:733793 [2] NCCL INFO NET/IB: NCCL Dev 1 IbDev 0 Port 1 qpn 12099 mtu 3 query_ece={supported=1, vendor_id=0x15b3, options=0x30000002, comp_mask=0x0} GID 3 (0/C132A8C0FFFF0000) fifoRkey=0x17d190 fifoLkey=0x17d190
MOC-R4PCC04U05:733652:733793 [2] NCCL INFO NET/IB: NCCL Dev 1 IbDev 0 Port 1 qpn 12100 mtu 3 query_ece={supported=1, vendor_id=0x15b3, options=0x30000002, comp_mask=0x0} GID 3 (0/C132A8C0FFFF0000) fifoRkey=0x17af6e fifoLkey=0x17af6e
MOC-R4PCC04U05:733652:733793 [2] NCCL INFO NET/IB: NCCL Dev 1 IbDev 0 Port 1 qpn 12101 mtu 3 query_ece={supported=1, vendor_id=0x15b3, options=0x30000002, comp_mask=0x0} GID 3 (0/C132A8C0FFFF0000) fifoRkey=0x17fdbc fifoLkey=0x17fdbc
MOC-R4PCC04U05:733652:733793 [2] NCCL INFO NET/IB: IbDev 0 Port 1 qpn 12655 set_ece={supported=1, vendor_id=0x15b3, options=0x0, comp_mask=0x0}
MOC-R4PCC04U05:733652:733793 [2] NCCL INFO NET/IB: IbDev 0 Port 1 qpn 12657 set_ece={supported=1, vendor_id=0x15b3, options=0x0, comp_mask=0x0}
MOC-R4PCC04U05:733652:733793 [2] NCCL INFO New proxy send connection 9 from local rank 2, transport 0
MOC-R4PCC04U05:733652:733799 [2] NCCL INFO Connected to proxy localRank 2 -> connection 0x7fd7b8005368
MOC-R4PCC04U05:733652:733793 [2] NCCL INFO New proxy send connection 10 from local rank 2, transport 0
MOC-R4PCC04U05:733652:733799 [2] NCCL INFO Connected to proxy localRank 2 -> connection 0x7fd7b80053e0
MOC-R4PCC04U05:733652:733793 [2] NCCL INFO New proxy send connection 11 from local rank 2, transport 0
MOC-R4PCC04U05:733652:733799 [2] NCCL INFO Connected to proxy localRank 2 -> connection 0x7fd7b8005458
MOC-R4PCC04U05:733652:733793 [2] NCCL INFO New proxy send connection 12 from local rank 2, transport 0
MOC-R4PCC04U05:733652:733799 [2] NCCL INFO Connected to proxy localRank 2 -> connection 0x7fd7b80054d0
MOC-R4PCC04U05:733650:733794 [0] NCCL INFO New proxy send connection 9 from local rank 1, transport 0
MOC-R4PCC04U05:733651:733802 [1] NCCL INFO Connected to proxy localRank 0 -> connection 0x7f4d84005368
MOC-R4PCC04U05:733651:733792 [1] NCCL INFO New proxy send connection 9 from local rank 2, transport 0
MOC-R4PCC04U05:733652:733799 [2] NCCL INFO Connected to proxy localRank 1 -> connection 0x7fad20005368
MOC-R4PCC04U05:733652:733793 [2] NCCL INFO NET/IB: IbDev 0 Port 1 qpn 12659 set_ece={supported=1, vendor_id=0x15b3, options=0x0, comp_mask=0x0}
MOC-R4PCC04U05:733652:733793 [2] NCCL INFO New proxy send connection 13 from local rank 1, transport 0
MOC-R4PCC04U05:733651:733802 [1] NCCL INFO Connected to proxy localRank 2 -> connection 0x7fd7b8005548
num decayed parameter tensors: 50, with 124,318,464 parameters
num non-decayed parameter tensors: 98, with 121,344 parameters
using fused AdamW: False
using regular AdamW
MOC-R4PCC04U05:733650:733794 [0] NCCL INFO New proxy send connection 10 from local rank 0, transport 0
MOC-R4PCC04U05:733650:734492 [0] NCCL INFO Connected to proxy localRank 0 -> connection 0x7f4d840053e0
MOC-R4PCC04U05:733650:733794 [0] NCCL INFO New proxy send connection 11 from local rank 0, transport 0
MOC-R4PCC04U05:733650:734492 [0] NCCL INFO Connected to proxy localRank 0 -> connection 0x7f4d84005458
MOC-R4PCC04U05:733653:733791 [3] NCCL INFO New proxy recv connection 5 from local rank 3, transport 0
MOC-R4PCC04U05:733650:733794 [0] NCCL INFO New proxy send connection 12 from local rank 0, transport 0
MOC-R4PCC04U05:733653:734493 [3] NCCL INFO Connected to proxy localRank 3 -> connection 0x7f6d20005188
MOC-R4PCC04U05:733650:734492 [0] NCCL INFO Connected to proxy localRank 0 -> connection 0x7f4d840054d0
MOC-R4PCC04U05:733650:733794 [0] NCCL INFO New proxy send connection 13 from local rank 0, transport 0
MOC-R4PCC04U05:733650:734492 [0] NCCL INFO Connected to proxy localRank 0 -> connection 0x7f4d84005548
MOC-R4PCC04U05:733653:733791 [3] NCCL INFO New proxy recv connection 6 from local rank 3, transport 0
MOC-R4PCC04U05:733653:734493 [3] NCCL INFO Connected to proxy localRank 3 -> connection 0x7f6d20005200
MOC-R4PCC04U05:733653:733791 [3] NCCL INFO New proxy recv connection 7 from local rank 3, transport 0
MOC-R4PCC04U05:733653:734493 [3] NCCL INFO Connected to proxy localRank 3 -> connection 0x7f6d20005278
MOC-R4PCC04U05:733653:733791 [3] NCCL INFO New proxy recv connection 8 from local rank 3, transport 0
MOC-R4PCC04U05:733653:734493 [3] NCCL INFO Connected to proxy localRank 3 -> connection 0x7f6d200052f0
MOC-R4PCC04U05:733652:733793 [2] NCCL INFO New proxy send connection 14 from local rank 2, transport 0
MOC-R4PCC04U05:733652:734494 [2] NCCL INFO Connected to proxy localRank 2 -> connection 0x7fd7b80055c0
MOC-R4PCC04U05:733652:733793 [2] NCCL INFO New proxy send connection 15 from local rank 2, transport 0
MOC-R4PCC04U05:733652:734494 [2] NCCL INFO Connected to proxy localRank 2 -> connection 0x7fd7b8005638
MOC-R4PCC04U05:733652:733793 [2] NCCL INFO New proxy send connection 16 from local rank 2, transport 0
MOC-R4PCC04U05:733652:734494 [2] NCCL INFO Connected to proxy localRank 2 -> connection 0x7fd7b80056b0
MOC-R4PCC04U05:733652:733793 [2] NCCL INFO New proxy send connection 17 from local rank 2, transport 0
MOC-R4PCC04U05:733652:734494 [2] NCCL INFO Connected to proxy localRank 2 -> connection 0x7fd7b8005728
MOC-R4PCC04U05:733652:734494 [2] NCCL INFO GPU Direct RDMA Enabled for GPU 2 / HCA 1 (distance 5 <= 5), read 1 mode Default
MOC-R4PCC04U05:733652:733793 [2] NCCL INFO New proxy send connection 18 from local rank 2, transport 2
MOC-R4PCC04U05:733652:734494 [2] NCCL INFO Connected to proxy localRank 2 -> connection 0x7fd7b80057a0
MOC-R4PCC04U05:733652:734494 [2] NCCL INFO Channel 02/0 : 2[2] -> 6[2] [send] via NET/IB/1/GDRDMA
MOC-R4PCC04U05:733652:734494 [2] NCCL INFO GPU Direct RDMA Enabled for GPU 2 / HCA 1 (distance 5 <= 5), read 1 mode Default
MOC-R4PCC04U05:733653:733791 [3] NCCL INFO New proxy send connection 9 from local rank 3, transport 0
MOC-R4PCC04U05:733652:733793 [2] NCCL INFO New proxy send connection 19 from local rank 2, transport 2
MOC-R4PCC04U05:733652:734494 [2] NCCL INFO Connected to proxy localRank 2 -> connection 0x7fd7b8005818
MOC-R4PCC04U05:733653:734493 [3] NCCL INFO Connected to proxy localRank 3 -> connection 0x7f6d20005368
MOC-R4PCC04U05:733652:734494 [2] NCCL INFO Channel 03/0 : 2[2] -> 6[2] [send] via NET/IB/1/GDRDMA
MOC-R4PCC04U05:733653:733791 [3] NCCL INFO New proxy send connection 10 from local rank 3, transport 0
MOC-R4PCC04U05:733653:734493 [3] NCCL INFO Connected to proxy localRank 3 -> connection 0x7f6d200053e0
MOC-R4PCC04U05:733653:733791 [3] NCCL INFO New proxy send connection 11 from local rank 3, transport 0
MOC-R4PCC04U05:733653:734493 [3] NCCL INFO Connected to proxy localRank 3 -> connection 0x7f6d20005458
MOC-R4PCC04U05:733653:733791 [3] NCCL INFO New proxy send connection 12 from local rank 3, transport 0
MOC-R4PCC04U05:733653:734493 [3] NCCL INFO Connected to proxy localRank 3 -> connection 0x7f6d200054d0
MOC-R4PCC04U05:733651:733792 [1] NCCL INFO New proxy recv connection 10 from local rank 1, transport 0
MOC-R4PCC04U05:733651:734495 [1] NCCL INFO Connected to proxy localRank 1 -> connection 0x7fad200053e0
MOC-R4PCC04U05:733651:733792 [1] NCCL INFO New proxy recv connection 11 from local rank 1, transport 0
MOC-R4PCC04U05:733651:734495 [1] NCCL INFO Connected to proxy localRank 1 -> connection 0x7fad20005458
MOC-R4PCC04U05:733651:733792 [1] NCCL INFO New proxy recv connection 12 from local rank 1, transport 0
MOC-R4PCC04U05:733651:734495 [1] NCCL INFO Connected to proxy localRank 1 -> connection 0x7fad200054d0
MOC-R4PCC04U05:733651:733792 [1] NCCL INFO New proxy recv connection 13 from local rank 1, transport 0
MOC-R4PCC04U05:733651:734495 [1] NCCL INFO Connected to proxy localRank 1 -> connection 0x7fad20005548
MOC-R4PCC04U05:733650:733794 [0] NCCL INFO New proxy recv connection 14 from local rank 0, transport 0
MOC-R4PCC04U05:733650:734492 [0] NCCL INFO Connected to proxy localRank 0 -> connection 0x7f4d840055c0
MOC-R4PCC04U05:733650:733794 [0] NCCL INFO New proxy recv connection 15 from local rank 0, transport 0
MOC-R4PCC04U05:733650:734492 [0] NCCL INFO Connected to proxy localRank 0 -> connection 0x7f4d84005638
MOC-R4PCC04U05:733650:733794 [0] NCCL INFO New proxy recv connection 16 from local rank 0, transport 0
MOC-R4PCC04U05:733650:734492 [0] NCCL INFO Connected to proxy localRank 0 -> connection 0x7f4d840056b0
MOC-R4PCC04U05:733650:733794 [0] NCCL INFO New proxy recv connection 17 from local rank 0, transport 0
MOC-R4PCC04U05:733650:734492 [0] NCCL INFO Connected to proxy localRank 0 -> connection 0x7f4d84005728
MOC-R4PCC04U05:733653:733791 [3] NCCL INFO New proxy send connection 13 from local rank 3, transport 0
MOC-R4PCC04U05:733653:734493 [3] NCCL INFO Connected to proxy localRank 3 -> connection 0x7f6d20005548
MOC-R4PCC04U05:733653:733791 [3] NCCL INFO New proxy send connection 14 from local rank 3, transport 0
MOC-R4PCC04U05:733653:734493 [3] NCCL INFO Connected to proxy localRank 3 -> connection 0x7f6d200055c0
MOC-R4PCC04U05:733653:733791 [3] NCCL INFO New proxy send connection 15 from local rank 3, transport 0
MOC-R4PCC04U05:733653:734493 [3] NCCL INFO Connected to proxy localRank 3 -> connection 0x7f6d20005638
MOC-R4PCC04U05:733653:733791 [3] NCCL INFO New proxy send connection 16 from local rank 3, transport 0
MOC-R4PCC04U05:733653:734493 [3] NCCL INFO Connected to proxy localRank 3 -> connection 0x7f6d200056b0
MOC-R4PCC04U05:733652:734494 [2] NCCL INFO GPU Direct RDMA Enabled for GPU 2 / HCA 1 (distance 5 <= 5), read 0 mode Default
MOC-R4PCC04U05:733652:733793 [2] NCCL INFO New proxy recv connection 20 from local rank 2, transport 2
MOC-R4PCC04U05:733652:734494 [2] NCCL INFO Connected to proxy localRank 2 -> connection 0x7fd7b8005890
MOC-R4PCC04U05:733652:734494 [2] NCCL INFO Channel 00/0 : 10[2] -> 2[2] [receive] via NET/IB/1/GDRDMA
MOC-R4PCC04U05:733652:734494 [2] NCCL INFO GPU Direct RDMA Enabled for GPU 2 / HCA 1 (distance 5 <= 5), read 0 mode Default
MOC-R4PCC04U05:733652:733793 [2] NCCL INFO New proxy recv connection 21 from local rank 2, transport 2
MOC-R4PCC04U05:733652:734494 [2] NCCL INFO Connected to proxy localRank 2 -> connection 0x7fd7b8005908
MOC-R4PCC04U05:733652:734494 [2] NCCL INFO Channel 01/0 : 10[2] -> 2[2] [receive] via NET/IB/1/GDRDMA
MOC-R4PCC04U05:733652:734494 [2] NCCL INFO GPU Direct RDMA Enabled for GPU 2 / HCA 1 (distance 5 <= 5), read 1 mode Default
MOC-R4PCC04U05:733652:733793 [2] NCCL INFO New proxy send connection 22 from local rank 2, transport 2
MOC-R4PCC04U05:733652:734494 [2] NCCL INFO Connected to proxy localRank 2 -> connection 0x7fd7b8005980
MOC-R4PCC04U05:733652:734494 [2] NCCL INFO Channel 00/0 : 2[2] -> 10[2] [send] via NET/IB/1/GDRDMA
MOC-R4PCC04U05:733652:734494 [2] NCCL INFO GPU Direct RDMA Enabled for GPU 2 / HCA 1 (distance 5 <= 5), read 1 mode Default
MOC-R4PCC04U05:733652:733793 [2] NCCL INFO New proxy send connection 23 from local rank 2, transport 2
MOC-R4PCC04U05:733652:734494 [2] NCCL INFO Connected to proxy localRank 2 -> connection 0x7fd7b80059f8
MOC-R4PCC04U05:733652:734494 [2] NCCL INFO Channel 01/0 : 2[2] -> 10[2] [send] via NET/IB/1/GDRDMA
MOC-R4PCC04U05:733652:734494 [2] NCCL INFO GPU Direct RDMA Enabled for GPU 2 / HCA 1 (distance 5 <= 5), read 0 mode Default
MOC-R4PCC04U05:733652:733793 [2] NCCL INFO New proxy recv connection 24 from local rank 2, transport 2
MOC-R4PCC04U05:733652:734494 [2] NCCL INFO Connected to proxy localRank 2 -> connection 0x7fd7b8005a70
MOC-R4PCC04U05:733652:734494 [2] NCCL INFO Channel 02/0 : 6[2] -> 2[2] [receive] via NET/IB/1/GDRDMA
MOC-R4PCC04U05:733652:734494 [2] NCCL INFO GPU Direct RDMA Enabled for GPU 2 / HCA 1 (distance 5 <= 5), read 0 mode Default
MOC-R4PCC04U05:733652:733793 [2] NCCL INFO New proxy recv connection 25 from local rank 2, transport 2
MOC-R4PCC04U05:733652:734494 [2] NCCL INFO Connected to proxy localRank 2 -> connection 0x7fd7b8005ae8
MOC-R4PCC04U05:733652:734494 [2] NCCL INFO Channel 03/0 : 6[2] -> 2[2] [receive] via NET/IB/1/GDRDMA
MOC-R4PCC04U05:733652:733793 [2] NCCL INFO New proxy recv connection 26 from local rank 2, transport 0
MOC-R4PCC04U05:733652:734494 [2] NCCL INFO Connected to proxy localRank 2 -> connection 0x7fd7b8005b60
MOC-R4PCC04U05:733652:733793 [2] NCCL INFO New proxy recv connection 27 from local rank 2, transport 0
MOC-R4PCC04U05:733652:734494 [2] NCCL INFO Connected to proxy localRank 2 -> connection 0x7fd7b8005bd8
MOC-R4PCC04U05:733652:733793 [2] NCCL INFO New proxy recv connection 28 from local rank 2, transport 0
MOC-R4PCC04U05:733652:734494 [2] NCCL INFO Connected to proxy localRank 2 -> connection 0x7fd7b8005c50
MOC-R4PCC04U05:733652:733793 [2] NCCL INFO New proxy recv connection 29 from local rank 2, transport 0
MOC-R4PCC04U05:733652:734494 [2] NCCL INFO Connected to proxy localRank 2 -> connection 0x7fd7b8005cc8
MOC-R4PCC04U05:733653:733791 [3] NCCL INFO New proxy send connection 17 from local rank 2, transport 0
MOC-R4PCC04U05:733652:734494 [2] NCCL INFO Connected to proxy localRank 3 -> connection 0x7f6d20005728
MOC-R4PCC04U05:733652:733793 [2] NCCL INFO NET/IB: NCCL Dev 1 IbDev 0 Port 1 qpn 12110 mtu 3 query_ece={supported=1, vendor_id=0x15b3, options=0x30000002, comp_mask=0x0} GID 3 (0/C132A8C0FFFF0000) fifoRkey=0x179c5b fifoLkey=0x179c5b
MOC-R4PCC04U05:733652:733793 [2] NCCL INFO NET/IB: NCCL Dev 1 IbDev 0 Port 1 qpn 12113 mtu 3 query_ece={supported=1, vendor_id=0x15b3, options=0x30000002, comp_mask=0x0} GID 3 (0/C132A8C0FFFF0000) fifoRkey=0x17b372 fifoLkey=0x17b372
MOC-R4PCC04U05:733652:733793 [2] NCCL INFO NET/IB: NCCL Dev 1 IbDev 0 Port 1 qpn 12116 mtu 3 query_ece={supported=1, vendor_id=0x15b3, options=0x30000002, comp_mask=0x0} GID 3 (0/C132A8C0FFFF0000) fifoRkey=0x177837 fifoLkey=0x177837
MOC-R4PCC04U05:733652:733793 [2] NCCL INFO NET/IB: NCCL Dev 1 IbDev 0 Port 1 qpn 12117 mtu 3 query_ece={supported=1, vendor_id=0x15b3, options=0x30000002, comp_mask=0x0} GID 3 (0/C132A8C0FFFF0000) fifoRkey=0x174705 fifoLkey=0x174705
MOC-R4PCC04U05:733652:733793 [2] NCCL INFO NET/IB: IbDev 0 Port 1 qpn 10110 set_ece={supported=1, vendor_id=0x15b3, options=0x0, comp_mask=0x0}
MOC-R4PCC04U05:733652:733793 [2] NCCL INFO NET/IB: IbDev 0 Port 1 qpn 10112 set_ece={supported=1, vendor_id=0x15b3, options=0x0, comp_mask=0x0}
MOC-R4PCC04U05:733652:733793 [2] NCCL INFO NET/IB: IbDev 0 Port 1 qpn 12663 set_ece={supported=1, vendor_id=0x15b3, options=0x0, comp_mask=0x0}
MOC-R4PCC04U05:733652:733793 [2] NCCL INFO NET/IB: IbDev 0 Port 1 qpn 12665 set_ece={supported=1, vendor_id=0x15b3, options=0x0, comp_mask=0x0}
step    1/10 | train loss 11.010067 | norm 15.3476 | lr 1.00e-04 | (14715.73 ms | 356277 tok/s)
step    2/10 | train loss 10.140059 | norm 5.7421 | lr 1.00e-04 | (824.08 ms | 6362099 tok/s)
step    3/10 | train loss 9.801184 | norm 2.5966 | lr 1.00e-04 | (819.54 ms | 6397369 tok/s)
step    4/10 | train loss 9.632748 | norm 2.1052 | lr 1.00e-04 | (823.83 ms | 6364053 tok/s)
step    5/10 | train loss 9.550311 | norm 2.0977 | lr 1.00e-04 | (820.02 ms | 6393587 tok/s)
step    6/10 | train loss 9.470088 | norm 1.9901 | lr 1.00e-04 | (819.34 ms | 6398893 tok/s)
step    7/10 | train loss 9.385623 | norm 1.9404 | lr 1.00e-04 | (821.08 ms | 6385354 tok/s)
step    8/10 | train loss 9.295288 | norm 1.9082 | lr 1.00e-04 | (820.26 ms | 6391766 tok/s)
step    9/10 | train loss 9.200840 | norm 1.8588 | lr 1.00e-04 | (819.85 ms | 6394926 tok/s)
step   10/10 | train loss 9.114128 | norm 1.7863 | lr 1.00e-04 | (820.61 ms | 6389038 tok/s)
final 9 iters avg: 820.955ms
peak memory consumption: 16601 MiB
