Running pytorch 2.7.0+cu126
using device: cuda:0
total desired batch size: 2359296
=> calculated gradient accumulation steps: 9
using device: cuda:1
using device: cuda:3
using device: cuda:2
compiling the model...
DataLoader: total number of tokens: 1,661,249,667 across 103 files
MOC-R4PCC04U05:382735:382735 [0] NCCL INFO NCCL_SOCKET_IFNAME set to eno7np0
MOC-R4PCC04U05:382735:382735 [0] NCCL INFO NCCL version 2.26.2+cuda12.2
MOC-R4PCC04U05:382738:382738 [3] NCCL INFO NCCL_SOCKET_IFNAME set to eno7np0
MOC-R4PCC04U05:382738:382738 [3] NCCL INFO NCCL version 2.26.2+cuda12.2
MOC-R4PCC04U05:382737:382737 [2] NCCL INFO NCCL_SOCKET_IFNAME set to eno7np0
MOC-R4PCC04U05:382737:382737 [2] NCCL INFO NCCL version 2.26.2+cuda12.2
MOC-R4PCC04U05:382735:382776 [0] NCCL INFO NET/Plugin: Could not find: libnccl-net.so. Using internal net plugin.
MOC-R4PCC04U05:382735:382776 [0] NCCL INFO NCCL_IB_HCA set to mlx5_5
MOC-R4PCC04U05:382735:382776 [0] NCCL INFO NET/IB : Made virtual device [0] name=mlx5_5 speed=400000 ndevs=1
MOC-R4PCC04U05:382735:382776 [0] NCCL INFO NET/IB : Using [0]mlx5_5:1/RoCE [RO]; OOB eno7np0:192.168.50.193<0>
MOC-R4PCC04U05:382736:382736 [1] NCCL INFO NCCL_SOCKET_IFNAME set to eno7np0
MOC-R4PCC04U05:382736:382736 [1] NCCL INFO NCCL version 2.26.2+cuda12.2
MOC-R4PCC04U05:382738:382777 [3] NCCL INFO NET/Plugin: Could not find: libnccl-net.so. Using internal net plugin.
MOC-R4PCC04U05:382738:382777 [3] NCCL INFO NCCL_IB_HCA set to mlx5_5
MOC-R4PCC04U05:382737:382778 [2] NCCL INFO NET/Plugin: Could not find: libnccl-net.so. Using internal net plugin.
MOC-R4PCC04U05:382737:382778 [2] NCCL INFO NCCL_IB_HCA set to mlx5_5
MOC-R4PCC04U05:382738:382777 [3] NCCL INFO NET/IB : Made virtual device [0] name=mlx5_5 speed=400000 ndevs=1
MOC-R4PCC04U05:382738:382777 [3] NCCL INFO NET/IB : Using [0]mlx5_5:1/RoCE [RO]; OOB eno7np0:192.168.50.193<0>
MOC-R4PCC04U05:382737:382778 [2] NCCL INFO NET/IB : Made virtual device [0] name=mlx5_5 speed=400000 ndevs=1
MOC-R4PCC04U05:382737:382778 [2] NCCL INFO NET/IB : Using [0]mlx5_5:1/RoCE [RO]; OOB eno7np0:192.168.50.193<0>
MOC-R4PCC04U05:382736:382780 [1] NCCL INFO NET/Plugin: Could not find: libnccl-net.so. Using internal net plugin.
MOC-R4PCC04U05:382736:382780 [1] NCCL INFO NCCL_IB_HCA set to mlx5_5
MOC-R4PCC04U05:382736:382780 [1] NCCL INFO NET/IB : Made virtual device [0] name=mlx5_5 speed=400000 ndevs=1
MOC-R4PCC04U05:382736:382780 [1] NCCL INFO NET/IB : Using [0]mlx5_5:1/RoCE [RO]; OOB eno7np0:192.168.50.193<0>
MOC-R4PCC04U05:382735:382776 [0] NCCL INFO NET/IB : GPU Direct RDMA Enabled for HCA 0 'mlx5_5'
MOC-R4PCC04U05:382735:382776 [0] NCCL INFO NET/IB : Made virtual device [1] name=mlx5_5 speed=400000 ndevs=1
MOC-R4PCC04U05:382735:382776 [0] NCCL INFO NET/IB : GPU Direct RDMA Enabled for HCA 0 'mlx5_5'
MOC-R4PCC04U05:382735:382776 [0] NCCL INFO NET/IB : GPU Direct RDMA Enabled for HCA 1 'mlx5_5'
MOC-R4PCC04U05:382738:382777 [3] NCCL INFO NET/IB : GPU Direct RDMA Enabled for HCA 0 'mlx5_5'
MOC-R4PCC04U05:382738:382777 [3] NCCL INFO NET/IB : Made virtual device [1] name=mlx5_5 speed=400000 ndevs=1
MOC-R4PCC04U05:382738:382777 [3] NCCL INFO NET/IB : GPU Direct RDMA Enabled for HCA 0 'mlx5_5'
MOC-R4PCC04U05:382738:382777 [3] NCCL INFO NET/IB : GPU Direct RDMA Enabled for HCA 1 'mlx5_5'
MOC-R4PCC04U05:382737:382778 [2] NCCL INFO NET/IB : GPU Direct RDMA Enabled for HCA 0 'mlx5_5'
MOC-R4PCC04U05:382737:382778 [2] NCCL INFO NET/IB : Made virtual device [1] name=mlx5_5 speed=400000 ndevs=1
MOC-R4PCC04U05:382737:382778 [2] NCCL INFO NET/IB : GPU Direct RDMA Enabled for HCA 0 'mlx5_5'
MOC-R4PCC04U05:382737:382778 [2] NCCL INFO NET/IB : GPU Direct RDMA Enabled for HCA 1 'mlx5_5'
MOC-R4PCC04U05:382736:382780 [1] NCCL INFO NET/IB : GPU Direct RDMA Enabled for HCA 0 'mlx5_5'
MOC-R4PCC04U05:382736:382780 [1] NCCL INFO NET/IB : Made virtual device [1] name=mlx5_5 speed=400000 ndevs=1
MOC-R4PCC04U05:382736:382780 [1] NCCL INFO NET/IB : GPU Direct RDMA Enabled for HCA 0 'mlx5_5'
MOC-R4PCC04U05:382736:382780 [1] NCCL INFO NET/IB : GPU Direct RDMA Enabled for HCA 1 'mlx5_5'
MOC-R4PCC04U05:382735:382776 [0] NCCL INFO NCCL_NET_GDR_LEVEL set by environment to LOC
MOC-R4PCC04U05:382735:382776 [0] NCCL INFO GPU Direct RDMA Disabled for GPU 0 / HCA 1 (distance 5 > 0)
MOC-R4PCC04U05:382735:382776 [0] NCCL INFO GPU Direct RDMA Disabled for GPU 1 / HCA 1 (distance 5 > 0)
MOC-R4PCC04U05:382735:382776 [0] NCCL INFO GPU Direct RDMA Disabled for GPU 2 / HCA 1 (distance 5 > 0)
MOC-R4PCC04U05:382735:382776 [0] NCCL INFO GPU Direct RDMA Disabled for GPU 0 / HCA 1 (distance 5 > 0)
MOC-R4PCC04U05:382735:382776 [0] NCCL INFO GPU Direct RDMA Disabled for GPU 1 / HCA 1 (distance 5 > 0)
MOC-R4PCC04U05:382735:382776 [0] NCCL INFO GPU Direct RDMA Disabled for GPU 2 / HCA 1 (distance 5 > 0)
MOC-R4PCC04U05:382736:382780 [1] NCCL INFO NCCL_NET_GDR_LEVEL set by environment to LOC
MOC-R4PCC04U05:382736:382780 [1] NCCL INFO GPU Direct RDMA Disabled for GPU 0 / HCA 1 (distance 5 > 0)
MOC-R4PCC04U05:382736:382780 [1] NCCL INFO GPU Direct RDMA Disabled for GPU 1 / HCA 1 (distance 5 > 0)
MOC-R4PCC04U05:382736:382780 [1] NCCL INFO GPU Direct RDMA Disabled for GPU 2 / HCA 1 (distance 5 > 0)
MOC-R4PCC04U05:382736:382780 [1] NCCL INFO GPU Direct RDMA Disabled for GPU 0 / HCA 1 (distance 5 > 0)
MOC-R4PCC04U05:382736:382780 [1] NCCL INFO GPU Direct RDMA Disabled for GPU 1 / HCA 1 (distance 5 > 0)
MOC-R4PCC04U05:382736:382780 [1] NCCL INFO GPU Direct RDMA Disabled for GPU 2 / HCA 1 (distance 5 > 0)
MOC-R4PCC04U05:382737:382778 [2] NCCL INFO NCCL_NET_GDR_LEVEL set by environment to LOC
MOC-R4PCC04U05:382737:382778 [2] NCCL INFO GPU Direct RDMA Disabled for GPU 0 / HCA 1 (distance 5 > 0)
MOC-R4PCC04U05:382737:382778 [2] NCCL INFO GPU Direct RDMA Disabled for GPU 1 / HCA 1 (distance 5 > 0)
MOC-R4PCC04U05:382737:382778 [2] NCCL INFO GPU Direct RDMA Disabled for GPU 2 / HCA 1 (distance 5 > 0)
MOC-R4PCC04U05:382737:382778 [2] NCCL INFO GPU Direct RDMA Disabled for GPU 0 / HCA 1 (distance 5 > 0)
MOC-R4PCC04U05:382737:382778 [2] NCCL INFO GPU Direct RDMA Disabled for GPU 1 / HCA 1 (distance 5 > 0)
MOC-R4PCC04U05:382737:382778 [2] NCCL INFO GPU Direct RDMA Disabled for GPU 2 / HCA 1 (distance 5 > 0)
MOC-R4PCC04U05:382738:382777 [3] NCCL INFO NCCL_NET_GDR_LEVEL set by environment to LOC
MOC-R4PCC04U05:382738:382777 [3] NCCL INFO GPU Direct RDMA Disabled for GPU 0 / HCA 1 (distance 5 > 0)
MOC-R4PCC04U05:382738:382777 [3] NCCL INFO GPU Direct RDMA Disabled for GPU 1 / HCA 1 (distance 5 > 0)
MOC-R4PCC04U05:382738:382777 [3] NCCL INFO GPU Direct RDMA Disabled for GPU 2 / HCA 1 (distance 5 > 0)
MOC-R4PCC04U05:382738:382777 [3] NCCL INFO GPU Direct RDMA Disabled for GPU 0 / HCA 1 (distance 5 > 0)
MOC-R4PCC04U05:382738:382777 [3] NCCL INFO GPU Direct RDMA Disabled for GPU 1 / HCA 1 (distance 5 > 0)
MOC-R4PCC04U05:382738:382777 [3] NCCL INFO GPU Direct RDMA Disabled for GPU 2 / HCA 1 (distance 5 > 0)
MOC-R4PCC04U05:382737:382793 [2] NCCL INFO New proxy recv connection 0 from local rank 2, transport 0
MOC-R4PCC04U05:382737:382800 [2] NCCL INFO Connected to proxy localRank 2 -> connection 0x7f1e84004f30
MOC-R4PCC04U05:382737:382793 [2] NCCL INFO New proxy recv connection 1 from local rank 2, transport 0
MOC-R4PCC04U05:382737:382800 [2] NCCL INFO Connected to proxy localRank 2 -> connection 0x7f1e84004fa8
MOC-R4PCC04U05:382738:382792 [3] NCCL INFO New proxy recv connection 0 from local rank 3, transport 0
MOC-R4PCC04U05:382738:382801 [3] NCCL INFO Connected to proxy localRank 3 -> connection 0x7f3ee8004f30
MOC-R4PCC04U05:382738:382792 [3] NCCL INFO New proxy recv connection 1 from local rank 3, transport 0
MOC-R4PCC04U05:382738:382801 [3] NCCL INFO Connected to proxy localRank 3 -> connection 0x7f3ee8004fa8
MOC-R4PCC04U05:382738:382801 [3] NCCL INFO GPU Direct RDMA Disabled for GPU 3 / HCA 1 (distance 7 > 0)
MOC-R4PCC04U05:382736:382794 [1] NCCL INFO New proxy recv connection 0 from local rank 1, transport 0
MOC-R4PCC04U05:382736:382802 [1] NCCL INFO Connected to proxy localRank 1 -> connection 0x7fce70004f30
MOC-R4PCC04U05:382736:382794 [1] NCCL INFO New proxy recv connection 1 from local rank 1, transport 0
MOC-R4PCC04U05:382736:382802 [1] NCCL INFO Connected to proxy localRank 1 -> connection 0x7fce70004fa8
MOC-R4PCC04U05:382735:382798 [0] NCCL INFO New proxy send connection 0 from local rank 0, transport 0
MOC-R4PCC04U05:382735:382803 [0] NCCL INFO Connected to proxy localRank 0 -> connection 0x7f0a50004f30
MOC-R4PCC04U05:382735:382798 [0] NCCL INFO New proxy send connection 1 from local rank 0, transport 0
MOC-R4PCC04U05:382735:382803 [0] NCCL INFO Connected to proxy localRank 0 -> connection 0x7f0a50004fa8
MOC-R4PCC04U05:382737:382800 [2] NCCL INFO GPU Direct RDMA Disabled for GPU 2 / HCA 1 (distance 7 > 0)
MOC-R4PCC04U05:382735:382798 [0] NCCL INFO New proxy send connection 2 from local rank 0, transport 0
MOC-R4PCC04U05:382735:382803 [0] NCCL INFO Connected to proxy localRank 0 -> connection 0x7f0a50005020
MOC-R4PCC04U05:382735:382798 [0] NCCL INFO New proxy send connection 3 from local rank 0, transport 0
MOC-R4PCC04U05:382735:382803 [0] NCCL INFO Connected to proxy localRank 0 -> connection 0x7f0a50005098
MOC-R4PCC04U05:382738:382792 [3] NCCL INFO New proxy send connection 2 from local rank 3, transport 2
MOC-R4PCC04U05:382738:382801 [3] NCCL INFO Connected to proxy localRank 3 -> connection 0x7f3ee8005020
MOC-R4PCC04U05:382738:382801 [3] NCCL INFO Channel 00/0 : 3[3] -> 6[2] [send] via NET/IB/1
MOC-R4PCC04U05:382738:382801 [3] NCCL INFO GPU Direct RDMA Disabled for GPU 3 / HCA 1 (distance 7 > 0)
MOC-R4PCC04U05:382738:382792 [3] NCCL INFO New proxy send connection 3 from local rank 3, transport 2
MOC-R4PCC04U05:382738:382801 [3] NCCL INFO Connected to proxy localRank 3 -> connection 0x7f3ee8005098
MOC-R4PCC04U05:382738:382801 [3] NCCL INFO Channel 02/0 : 3[3] -> 6[2] [send] via NET/IB/1
MOC-R4PCC04U05:382735:382798 [0] NCCL INFO New proxy recv connection 4 from local rank 0, transport 0
MOC-R4PCC04U05:382735:382803 [0] NCCL INFO Connected to proxy localRank 0 -> connection 0x7f0a50005110
MOC-R4PCC04U05:382735:382798 [0] NCCL INFO New proxy recv connection 5 from local rank 0, transport 0
MOC-R4PCC04U05:382735:382803 [0] NCCL INFO Connected to proxy localRank 0 -> connection 0x7f0a50005188
MOC-R4PCC04U05:382735:382798 [0] NCCL INFO New proxy recv connection 6 from local rank 0, transport 0
MOC-R4PCC04U05:382735:382803 [0] NCCL INFO Connected to proxy localRank 0 -> connection 0x7f0a50005200
MOC-R4PCC04U05:382735:382798 [0] NCCL INFO New proxy recv connection 7 from local rank 0, transport 0
MOC-R4PCC04U05:382735:382803 [0] NCCL INFO Connected to proxy localRank 0 -> connection 0x7f0a50005278
MOC-R4PCC04U05:382737:382793 [2] NCCL INFO New proxy recv connection 2 from local rank 2, transport 2
MOC-R4PCC04U05:382737:382800 [2] NCCL INFO Connected to proxy localRank 2 -> connection 0x7f1e84005020
MOC-R4PCC04U05:382737:382800 [2] NCCL INFO Channel 00/0 : 7[3] -> 2[2] [receive] via NET/IB/1
MOC-R4PCC04U05:382737:382800 [2] NCCL INFO GPU Direct RDMA Disabled for GPU 2 / HCA 1 (distance 7 > 0)
MOC-R4PCC04U05:382737:382793 [2] NCCL INFO New proxy recv connection 3 from local rank 2, transport 2
MOC-R4PCC04U05:382737:382800 [2] NCCL INFO Connected to proxy localRank 2 -> connection 0x7f1e84005098
MOC-R4PCC04U05:382737:382800 [2] NCCL INFO Channel 02/0 : 7[3] -> 2[2] [receive] via NET/IB/1
MOC-R4PCC04U05:382737:382800 [2] NCCL INFO GPU Direct RDMA Disabled for GPU 2 / HCA 1 (distance 7 > 0)
MOC-R4PCC04U05:382737:382793 [2] NCCL INFO New proxy send connection 4 from local rank 2, transport 2
MOC-R4PCC04U05:382737:382800 [2] NCCL INFO Connected to proxy localRank 2 -> connection 0x7f1e84005110
MOC-R4PCC04U05:382737:382800 [2] NCCL INFO Channel 01/0 : 2[2] -> 7[3] [send] via NET/IB/1
MOC-R4PCC04U05:382737:382800 [2] NCCL INFO GPU Direct RDMA Disabled for GPU 2 / HCA 1 (distance 7 > 0)
MOC-R4PCC04U05:382737:382793 [2] NCCL INFO New proxy send connection 5 from local rank 2, transport 2
MOC-R4PCC04U05:382737:382800 [2] NCCL INFO Connected to proxy localRank 2 -> connection 0x7f1e84005188
MOC-R4PCC04U05:382737:382800 [2] NCCL INFO Channel 03/0 : 2[2] -> 7[3] [send] via NET/IB/1
MOC-R4PCC04U05:382737:382793 [2] NCCL INFO New proxy send connection 6 from local rank 2, transport 0
MOC-R4PCC04U05:382737:382800 [2] NCCL INFO Connected to proxy localRank 2 -> connection 0x7f1e84005200
MOC-R4PCC04U05:382737:382793 [2] NCCL INFO New proxy send connection 7 from local rank 2, transport 0
MOC-R4PCC04U05:382737:382800 [2] NCCL INFO Connected to proxy localRank 2 -> connection 0x7f1e84005278
MOC-R4PCC04U05:382738:382801 [3] NCCL INFO GPU Direct RDMA Disabled for GPU 3 / HCA 1 (distance 7 > 0)
MOC-R4PCC04U05:382738:382792 [3] NCCL INFO New proxy recv connection 4 from local rank 3, transport 2
MOC-R4PCC04U05:382738:382801 [3] NCCL INFO Connected to proxy localRank 3 -> connection 0x7f3ee8005110
MOC-R4PCC04U05:382738:382801 [3] NCCL INFO Channel 01/0 : 6[2] -> 3[3] [receive] via NET/IB/1
MOC-R4PCC04U05:382738:382801 [3] NCCL INFO GPU Direct RDMA Disabled for GPU 3 / HCA 1 (distance 7 > 0)
MOC-R4PCC04U05:382738:382792 [3] NCCL INFO New proxy recv connection 5 from local rank 3, transport 2
MOC-R4PCC04U05:382738:382801 [3] NCCL INFO Connected to proxy localRank 3 -> connection 0x7f3ee8005188
MOC-R4PCC04U05:382738:382801 [3] NCCL INFO Channel 03/0 : 6[2] -> 3[3] [receive] via NET/IB/1
MOC-R4PCC04U05:382738:382792 [3] NCCL INFO New proxy send connection 6 from local rank 3, transport 0
MOC-R4PCC04U05:382738:382801 [3] NCCL INFO Connected to proxy localRank 3 -> connection 0x7f3ee8005200
MOC-R4PCC04U05:382738:382792 [3] NCCL INFO New proxy send connection 7 from local rank 3, transport 0
MOC-R4PCC04U05:382738:382801 [3] NCCL INFO Connected to proxy localRank 3 -> connection 0x7f3ee8005278
MOC-R4PCC04U05:382736:382794 [1] NCCL INFO New proxy recv connection 2 from local rank 1, transport 0
MOC-R4PCC04U05:382736:382802 [1] NCCL INFO Connected to proxy localRank 1 -> connection 0x7fce70005020
MOC-R4PCC04U05:382735:382798 [0] NCCL INFO New proxy send connection 8 from local rank 3, transport 0
MOC-R4PCC04U05:382738:382801 [3] NCCL INFO Connected to proxy localRank 0 -> connection 0x7f0a500052f0
MOC-R4PCC04U05:382736:382794 [1] NCCL INFO New proxy recv connection 3 from local rank 1, transport 0
MOC-R4PCC04U05:382736:382802 [1] NCCL INFO Connected to proxy localRank 1 -> connection 0x7fce70005098
MOC-R4PCC04U05:382736:382794 [1] NCCL INFO New proxy send connection 4 from local rank 1, transport 0
MOC-R4PCC04U05:382736:382802 [1] NCCL INFO Connected to proxy localRank 1 -> connection 0x7fce70005110
MOC-R4PCC04U05:382736:382794 [1] NCCL INFO New proxy send connection 5 from local rank 1, transport 0
MOC-R4PCC04U05:382736:382802 [1] NCCL INFO Connected to proxy localRank 1 -> connection 0x7fce70005188
MOC-R4PCC04U05:382736:382794 [1] NCCL INFO New proxy send connection 6 from local rank 1, transport 0
MOC-R4PCC04U05:382736:382802 [1] NCCL INFO Connected to proxy localRank 1 -> connection 0x7fce70005200
MOC-R4PCC04U05:382736:382794 [1] NCCL INFO New proxy send connection 7 from local rank 1, transport 0
MOC-R4PCC04U05:382736:382802 [1] NCCL INFO Connected to proxy localRank 1 -> connection 0x7fce70005278
MOC-R4PCC04U05:382736:382794 [1] NCCL INFO New proxy send connection 8 from local rank 3, transport 0
MOC-R4PCC04U05:382738:382801 [3] NCCL INFO Connected to proxy localRank 1 -> connection 0x7fce700052f0
MOC-R4PCC04U05:382735:382798 [0] NCCL INFO New proxy send connection 9 from local rank 2, transport 0
MOC-R4PCC04U05:382738:382792 [3] NCCL INFO New proxy send connection 8 from local rank 1, transport 0
MOC-R4PCC04U05:382736:382802 [1] NCCL INFO Connected to proxy localRank 3 -> connection 0x7f3ee80052f0
MOC-R4PCC04U05:382737:382800 [2] NCCL INFO Connected to proxy localRank 0 -> connection 0x7f0a50005368
MOC-R4PCC04U05:382737:382793 [2] NCCL INFO New proxy send connection 8 from local rank 0, transport 0
MOC-R4PCC04U05:382735:382803 [0] NCCL INFO Connected to proxy localRank 2 -> connection 0x7f1e840052f0
MOC-R4PCC04U05:382738:382792 [3] NCCL INFO NET/IB: NCCL Dev 1 IbDev 0 Port 1 qpn 4352 mtu 3 query_ece={supported=1, vendor_id=0x15b3, options=0x30000002, comp_mask=0x0} GID 3 (0/C132A8C0FFFF0000) fifoRkey=0x17d796 fifoLkey=0x17d796
MOC-R4PCC04U05:382738:382792 [3] NCCL INFO NET/IB: NCCL Dev 1 IbDev 0 Port 1 qpn 4353 mtu 3 query_ece={supported=1, vendor_id=0x15b3, options=0x30000002, comp_mask=0x0} GID 3 (0/C132A8C0FFFF0000) fifoRkey=0x17a767 fifoLkey=0x17a767
MOC-R4PCC04U05:382736:382794 [1] NCCL INFO New proxy send connection 9 from local rank 2, transport 0
MOC-R4PCC04U05:382737:382800 [2] NCCL INFO Connected to proxy localRank 1 -> connection 0x7fce70005368
MOC-R4PCC04U05:382738:382792 [3] NCCL INFO NET/IB: IbDev 0 Port 1 qpn 5726 set_ece={supported=1, vendor_id=0x15b3, options=0x0, comp_mask=0x0}
MOC-R4PCC04U05:382735:382798 [0] NCCL INFO New proxy send connection 10 from local rank 1, transport 0
MOC-R4PCC04U05:382736:382802 [1] NCCL INFO Connected to proxy localRank 0 -> connection 0x7f0a500053e0
MOC-R4PCC04U05:382737:382793 [2] NCCL INFO NET/IB: NCCL Dev 1 IbDev 0 Port 1 qpn 4358 mtu 3 query_ece={supported=1, vendor_id=0x15b3, options=0x30000002, comp_mask=0x0} GID 3 (0/C132A8C0FFFF0000) fifoRkey=0x17601f fifoLkey=0x17601f
MOC-R4PCC04U05:382737:382793 [2] NCCL INFO NET/IB: NCCL Dev 1 IbDev 0 Port 1 qpn 4359 mtu 3 query_ece={supported=1, vendor_id=0x15b3, options=0x30000002, comp_mask=0x0} GID 3 (0/C132A8C0FFFF0000) fifoRkey=0x177837 fifoLkey=0x177837
MOC-R4PCC04U05:382738:382792 [3] NCCL INFO NET/IB: IbDev 0 Port 1 qpn 5729 set_ece={supported=1, vendor_id=0x15b3, options=0x0, comp_mask=0x0}
MOC-R4PCC04U05:382738:382792 [3] NCCL INFO New proxy send connection 9 from local rank 0, transport 0
MOC-R4PCC04U05:382735:382803 [0] NCCL INFO Connected to proxy localRank 3 -> connection 0x7f3ee8005368
MOC-R4PCC04U05:382737:382793 [2] NCCL INFO New proxy send connection 9 from local rank 1, transport 0
MOC-R4PCC04U05:382736:382802 [1] NCCL INFO Connected to proxy localRank 2 -> connection 0x7f1e84005368
MOC-R4PCC04U05:382737:382793 [2] NCCL INFO NET/IB: IbDev 0 Port 1 qpn 5734 set_ece={supported=1, vendor_id=0x15b3, options=0x0, comp_mask=0x0}
MOC-R4PCC04U05:382736:382794 [1] NCCL INFO New proxy send connection 10 from local rank 0, transport 0
MOC-R4PCC04U05:382735:382803 [0] NCCL INFO Connected to proxy localRank 1 -> connection 0x7fce700053e0
MOC-R4PCC04U05:382737:382793 [2] NCCL INFO NET/IB: IbDev 0 Port 1 qpn 5736 set_ece={supported=1, vendor_id=0x15b3, options=0x0, comp_mask=0x0}
num decayed parameter tensors: 50, with 124,318,464 parameters
num non-decayed parameter tensors: 98, with 121,344 parameters
using fused AdamW: False
using regular AdamW
MOC-R4PCC04U05:382737:382793 [2] NCCL INFO New proxy recv connection 10 from local rank 2, transport 0
MOC-R4PCC04U05:382737:383495 [2] NCCL INFO Connected to proxy localRank 2 -> connection 0x7f1e840053e0
MOC-R4PCC04U05:382737:382793 [2] NCCL INFO New proxy recv connection 11 from local rank 2, transport 0
MOC-R4PCC04U05:382737:383495 [2] NCCL INFO Connected to proxy localRank 2 -> connection 0x7f1e84005458
MOC-R4PCC04U05:382737:382793 [2] NCCL INFO New proxy recv connection 12 from local rank 2, transport 0
MOC-R4PCC04U05:382737:383495 [2] NCCL INFO Connected to proxy localRank 2 -> connection 0x7f1e840054d0
MOC-R4PCC04U05:382737:382793 [2] NCCL INFO New proxy recv connection 13 from local rank 2, transport 0
MOC-R4PCC04U05:382737:383495 [2] NCCL INFO Connected to proxy localRank 2 -> connection 0x7f1e84005548
MOC-R4PCC04U05:382738:382792 [3] NCCL INFO New proxy recv connection 10 from local rank 3, transport 0
MOC-R4PCC04U05:382738:383496 [3] NCCL INFO Connected to proxy localRank 3 -> connection 0x7f3ee80053e0
MOC-R4PCC04U05:382738:382792 [3] NCCL INFO New proxy recv connection 11 from local rank 3, transport 0
MOC-R4PCC04U05:382738:383496 [3] NCCL INFO Connected to proxy localRank 3 -> connection 0x7f3ee8005458
MOC-R4PCC04U05:382736:382794 [1] NCCL INFO New proxy recv connection 11 from local rank 1, transport 0
MOC-R4PCC04U05:382736:383497 [1] NCCL INFO Connected to proxy localRank 1 -> connection 0x7fce70005458
MOC-R4PCC04U05:382736:382794 [1] NCCL INFO New proxy recv connection 12 from local rank 1, transport 0
MOC-R4PCC04U05:382736:383497 [1] NCCL INFO Connected to proxy localRank 1 -> connection 0x7fce700054d0
MOC-R4PCC04U05:382736:382794 [1] NCCL INFO New proxy recv connection 13 from local rank 1, transport 0
MOC-R4PCC04U05:382736:383497 [1] NCCL INFO Connected to proxy localRank 1 -> connection 0x7fce70005548
MOC-R4PCC04U05:382736:382794 [1] NCCL INFO New proxy recv connection 14 from local rank 1, transport 0
MOC-R4PCC04U05:382736:383497 [1] NCCL INFO Connected to proxy localRank 1 -> connection 0x7fce700055c0
MOC-R4PCC04U05:382736:382794 [1] NCCL INFO New proxy send connection 15 from local rank 1, transport 0
MOC-R4PCC04U05:382736:383497 [1] NCCL INFO Connected to proxy localRank 1 -> connection 0x7fce70005638
MOC-R4PCC04U05:382736:382794 [1] NCCL INFO New proxy send connection 16 from local rank 1, transport 0
MOC-R4PCC04U05:382736:383497 [1] NCCL INFO Connected to proxy localRank 1 -> connection 0x7fce700056b0
MOC-R4PCC04U05:382736:382794 [1] NCCL INFO New proxy send connection 17 from local rank 1, transport 0
MOC-R4PCC04U05:382736:383497 [1] NCCL INFO Connected to proxy localRank 1 -> connection 0x7fce70005728
MOC-R4PCC04U05:382736:382794 [1] NCCL INFO New proxy send connection 18 from local rank 1, transport 0
MOC-R4PCC04U05:382736:383497 [1] NCCL INFO Connected to proxy localRank 1 -> connection 0x7fce700057a0
MOC-R4PCC04U05:382737:382793 [2] NCCL INFO New proxy send connection 14 from local rank 2, transport 0
MOC-R4PCC04U05:382737:383495 [2] NCCL INFO Connected to proxy localRank 2 -> connection 0x7f1e840055c0
MOC-R4PCC04U05:382737:382793 [2] NCCL INFO New proxy send connection 15 from local rank 2, transport 0
MOC-R4PCC04U05:382737:383495 [2] NCCL INFO Connected to proxy localRank 2 -> connection 0x7f1e84005638
MOC-R4PCC04U05:382735:382798 [0] NCCL INFO New proxy send connection 11 from local rank 0, transport 0
MOC-R4PCC04U05:382735:383498 [0] NCCL INFO Connected to proxy localRank 0 -> connection 0x7f0a50005458
MOC-R4PCC04U05:382735:382798 [0] NCCL INFO New proxy send connection 12 from local rank 0, transport 0
MOC-R4PCC04U05:382735:383498 [0] NCCL INFO Connected to proxy localRank 0 -> connection 0x7f0a500054d0
MOC-R4PCC04U05:382735:382798 [0] NCCL INFO New proxy send connection 13 from local rank 0, transport 0
MOC-R4PCC04U05:382735:383498 [0] NCCL INFO Connected to proxy localRank 0 -> connection 0x7f0a50005548
MOC-R4PCC04U05:382735:382798 [0] NCCL INFO New proxy send connection 14 from local rank 0, transport 0
MOC-R4PCC04U05:382735:383498 [0] NCCL INFO Connected to proxy localRank 0 -> connection 0x7f0a500055c0
MOC-R4PCC04U05:382735:382798 [0] NCCL INFO New proxy send connection 15 from local rank 0, transport 0
MOC-R4PCC04U05:382735:383498 [0] NCCL INFO Connected to proxy localRank 0 -> connection 0x7f0a50005638
MOC-R4PCC04U05:382736:382794 [1] NCCL INFO New proxy recv connection 19 from local rank 1, transport 0
MOC-R4PCC04U05:382736:383497 [1] NCCL INFO Connected to proxy localRank 1 -> connection 0x7fce70005818
MOC-R4PCC04U05:382735:382798 [0] NCCL INFO New proxy send connection 16 from local rank 0, transport 0
MOC-R4PCC04U05:382735:383498 [0] NCCL INFO Connected to proxy localRank 0 -> connection 0x7f0a500056b0
MOC-R4PCC04U05:382736:382794 [1] NCCL INFO New proxy recv connection 20 from local rank 1, transport 0
MOC-R4PCC04U05:382736:383497 [1] NCCL INFO Connected to proxy localRank 1 -> connection 0x7fce70005890
MOC-R4PCC04U05:382735:382798 [0] NCCL INFO New proxy recv connection 17 from local rank 0, transport 0
MOC-R4PCC04U05:382735:383498 [0] NCCL INFO Connected to proxy localRank 0 -> connection 0x7f0a50005728
MOC-R4PCC04U05:382738:383496 [3] NCCL INFO GPU Direct RDMA Disabled for GPU 3 / HCA 1 (distance 7 > 0)
MOC-R4PCC04U05:382738:382792 [3] NCCL INFO New proxy recv connection 12 from local rank 3, transport 2
MOC-R4PCC04U05:382738:383496 [3] NCCL INFO Connected to proxy localRank 3 -> connection 0x7f3ee80054d0
MOC-R4PCC04U05:382735:382798 [0] NCCL INFO New proxy recv connection 18 from local rank 0, transport 0
MOC-R4PCC04U05:382735:383498 [0] NCCL INFO Connected to proxy localRank 0 -> connection 0x7f0a500057a0
MOC-R4PCC04U05:382738:383496 [3] NCCL INFO Channel 00/0 : 7[3] -> 3[3] [receive] via NET/IB/1
MOC-R4PCC04U05:382738:383496 [3] NCCL INFO GPU Direct RDMA Disabled for GPU 3 / HCA 1 (distance 7 > 0)
MOC-R4PCC04U05:382738:382792 [3] NCCL INFO New proxy recv connection 13 from local rank 3, transport 2
MOC-R4PCC04U05:382738:383496 [3] NCCL INFO Connected to proxy localRank 3 -> connection 0x7f3ee8005548
MOC-R4PCC04U05:382735:382798 [0] NCCL INFO New proxy recv connection 19 from local rank 0, transport 0
MOC-R4PCC04U05:382735:383498 [0] NCCL INFO Connected to proxy localRank 0 -> connection 0x7f0a50005818
MOC-R4PCC04U05:382738:383496 [3] NCCL INFO Channel 01/0 : 7[3] -> 3[3] [receive] via NET/IB/1
MOC-R4PCC04U05:382738:383496 [3] NCCL INFO GPU Direct RDMA Disabled for GPU 3 / HCA 1 (distance 7 > 0)
MOC-R4PCC04U05:382738:382792 [3] NCCL INFO New proxy recv connection 14 from local rank 3, transport 2
MOC-R4PCC04U05:382738:383496 [3] NCCL INFO Connected to proxy localRank 3 -> connection 0x7f3ee80055c0
MOC-R4PCC04U05:382738:383496 [3] NCCL INFO Channel 02/0 : 7[3] -> 3[3] [receive] via NET/IB/1
MOC-R4PCC04U05:382738:383496 [3] NCCL INFO GPU Direct RDMA Disabled for GPU 3 / HCA 1 (distance 7 > 0)
MOC-R4PCC04U05:382738:382792 [3] NCCL INFO New proxy recv connection 15 from local rank 3, transport 2
MOC-R4PCC04U05:382738:383496 [3] NCCL INFO Connected to proxy localRank 3 -> connection 0x7f3ee8005638
MOC-R4PCC04U05:382738:383496 [3] NCCL INFO Channel 03/0 : 7[3] -> 3[3] [receive] via NET/IB/1
MOC-R4PCC04U05:382738:383496 [3] NCCL INFO GPU Direct RDMA Disabled for GPU 3 / HCA 1 (distance 7 > 0)
MOC-R4PCC04U05:382738:382792 [3] NCCL INFO New proxy send connection 16 from local rank 3, transport 2
MOC-R4PCC04U05:382738:383496 [3] NCCL INFO Connected to proxy localRank 3 -> connection 0x7f3ee80056b0
MOC-R4PCC04U05:382735:382798 [0] NCCL INFO New proxy recv connection 20 from local rank 0, transport 0
MOC-R4PCC04U05:382738:383496 [3] NCCL INFO Channel 00/0 : 3[3] -> 7[3] [send] via NET/IB/1
MOC-R4PCC04U05:382738:383496 [3] NCCL INFO GPU Direct RDMA Disabled for GPU 3 / HCA 1 (distance 7 > 0)
MOC-R4PCC04U05:382735:383498 [0] NCCL INFO Connected to proxy localRank 0 -> connection 0x7f0a50005890
MOC-R4PCC04U05:382738:382792 [3] NCCL INFO New proxy send connection 17 from local rank 3, transport 2
MOC-R4PCC04U05:382738:383496 [3] NCCL INFO Connected to proxy localRank 3 -> connection 0x7f3ee8005728
MOC-R4PCC04U05:382738:383496 [3] NCCL INFO Channel 01/0 : 3[3] -> 7[3] [send] via NET/IB/1
MOC-R4PCC04U05:382738:383496 [3] NCCL INFO GPU Direct RDMA Disabled for GPU 3 / HCA 1 (distance 7 > 0)
MOC-R4PCC04U05:382738:382792 [3] NCCL INFO New proxy send connection 18 from local rank 3, transport 2
MOC-R4PCC04U05:382738:383496 [3] NCCL INFO Connected to proxy localRank 3 -> connection 0x7f3ee80057a0
MOC-R4PCC04U05:382738:383496 [3] NCCL INFO Channel 02/0 : 3[3] -> 7[3] [send] via NET/IB/1
MOC-R4PCC04U05:382738:383496 [3] NCCL INFO GPU Direct RDMA Disabled for GPU 3 / HCA 1 (distance 7 > 0)
MOC-R4PCC04U05:382738:382792 [3] NCCL INFO New proxy send connection 19 from local rank 3, transport 2
MOC-R4PCC04U05:382738:383496 [3] NCCL INFO Connected to proxy localRank 3 -> connection 0x7f3ee8005818
MOC-R4PCC04U05:382738:383496 [3] NCCL INFO Channel 03/0 : 3[3] -> 7[3] [send] via NET/IB/1
MOC-R4PCC04U05:382738:382792 [3] NCCL INFO New proxy send connection 20 from local rank 3, transport 0
MOC-R4PCC04U05:382738:383496 [3] NCCL INFO Connected to proxy localRank 3 -> connection 0x7f3ee8005890
MOC-R4PCC04U05:382738:382792 [3] NCCL INFO New proxy send connection 21 from local rank 3, transport 0
MOC-R4PCC04U05:382738:383496 [3] NCCL INFO Connected to proxy localRank 3 -> connection 0x7f3ee8005908
MOC-R4PCC04U05:382738:382792 [3] NCCL INFO New proxy send connection 22 from local rank 3, transport 0
MOC-R4PCC04U05:382738:383496 [3] NCCL INFO Connected to proxy localRank 3 -> connection 0x7f3ee8005980
MOC-R4PCC04U05:382738:382792 [3] NCCL INFO New proxy send connection 23 from local rank 3, transport 0
MOC-R4PCC04U05:382738:383496 [3] NCCL INFO Connected to proxy localRank 3 -> connection 0x7f3ee80059f8
MOC-R4PCC04U05:382738:382792 [3] NCCL INFO NET/IB: NCCL Dev 1 IbDev 0 Port 1 qpn 4364 mtu 3 query_ece={supported=1, vendor_id=0x15b3, options=0x30000002, comp_mask=0x0} GID 3 (0/C132A8C0FFFF0000) fifoRkey=0x178443 fifoLkey=0x178443
MOC-R4PCC04U05:382738:382792 [3] NCCL INFO NET/IB: NCCL Dev 1 IbDev 0 Port 1 qpn 4367 mtu 3 query_ece={supported=1, vendor_id=0x15b3, options=0x30000002, comp_mask=0x0} GID 3 (0/C132A8C0FFFF0000) fifoRkey=0x1801c0 fifoLkey=0x1801c0
MOC-R4PCC04U05:382738:382792 [3] NCCL INFO NET/IB: IbDev 0 Port 1 qpn 5739 set_ece={supported=1, vendor_id=0x15b3, options=0x0, comp_mask=0x0}
MOC-R4PCC04U05:382738:382792 [3] NCCL INFO NET/IB: IbDev 0 Port 1 qpn 5742 set_ece={supported=1, vendor_id=0x15b3, options=0x0, comp_mask=0x0}
MOC-R4PCC04U05:382738:382792 [3] NCCL INFO NET/IB: NCCL Dev 1 IbDev 0 Port 1 qpn 4370 mtu 3 query_ece={supported=1, vendor_id=0x15b3, options=0x30000002, comp_mask=0x0} GID 3 (0/C132A8C0FFFF0000) fifoRkey=0x180ac9 fifoLkey=0x180ac9
MOC-R4PCC04U05:382738:382792 [3] NCCL INFO NET/IB: NCCL Dev 1 IbDev 0 Port 1 qpn 4373 mtu 3 query_ece={supported=1, vendor_id=0x15b3, options=0x30000002, comp_mask=0x0} GID 3 (0/C132A8C0FFFF0000) fifoRkey=0x17e2a1 fifoLkey=0x17e2a1
MOC-R4PCC04U05:382738:382792 [3] NCCL INFO NET/IB: IbDev 0 Port 1 qpn 5746 set_ece={supported=1, vendor_id=0x15b3, options=0x0, comp_mask=0x0}
MOC-R4PCC04U05:382738:382792 [3] NCCL INFO NET/IB: IbDev 0 Port 1 qpn 5748 set_ece={supported=1, vendor_id=0x15b3, options=0x0, comp_mask=0x0}
step    1/10 | train loss 11.009423 | norm 15.3732 | lr 1.00e-04 | (14415.30 ms | 163666 tok/s)
step    2/10 | train loss 10.139728 | norm 5.7197 | lr 1.00e-04 | (706.65 ms | 3338687 tok/s)
step    3/10 | train loss 9.799693 | norm 2.6018 | lr 1.00e-04 | (710.10 ms | 3322498 tok/s)
step    4/10 | train loss 9.631063 | norm 2.1058 | lr 1.00e-04 | (750.92 ms | 3141893 tok/s)
step    5/10 | train loss 9.548383 | norm 2.0968 | lr 1.00e-04 | (702.43 ms | 3358752 tok/s)
step    6/10 | train loss 9.467423 | norm 1.9915 | lr 1.00e-04 | (702.79 ms | 3357035 tok/s)
step    7/10 | train loss 9.382105 | norm 1.9425 | lr 1.00e-04 | (706.63 ms | 3338808 tok/s)
step    8/10 | train loss 9.290665 | norm 1.9094 | lr 1.00e-04 | (718.02 ms | 3285826 tok/s)
step    9/10 | train loss 9.195854 | norm 1.8519 | lr 1.00e-04 | (707.04 ms | 3336877 tok/s)
step   10/10 | train loss 9.111614 | norm 1.7892 | lr 1.00e-04 | (709.76 ms | 3324069 tok/s)
final 9 iters avg: 712.704ms
peak memory consumption: 16601 MiB
