Running pytorch 2.7.0+cu126
using device: cuda:0
total desired batch size: 1572864
=> calculated gradient accumulation steps: 6
using device: cuda:1
using device: cuda:3
using device: cuda:2
compiling the model...
DataLoader: total number of tokens: 1,661,249,667 across 103 files
MOC-R4PCC04U05:400551:400551 [0] NCCL INFO NCCL_SOCKET_IFNAME set to eno7np0
MOC-R4PCC04U05:400551:400551 [0] NCCL INFO NCCL version 2.26.2+cuda12.2
MOC-R4PCC04U05:400551:400593 [0] NCCL INFO NET/Plugin: Could not find: libnccl-net.so. Using internal net plugin.
MOC-R4PCC04U05:400551:400593 [0] NCCL INFO NET/Socket : Using [0]eno7np0:192.168.50.193<0>
MOC-R4PCC04U05:400554:400554 [3] NCCL INFO NCCL_SOCKET_IFNAME set to eno7np0
MOC-R4PCC04U05:400553:400553 [2] NCCL INFO NCCL_SOCKET_IFNAME set to eno7np0
MOC-R4PCC04U05:400553:400553 [2] NCCL INFO NCCL version 2.26.2+cuda12.2
MOC-R4PCC04U05:400554:400554 [3] NCCL INFO NCCL version 2.26.2+cuda12.2
MOC-R4PCC04U05:400552:400552 [1] NCCL INFO NCCL_SOCKET_IFNAME set to eno7np0
MOC-R4PCC04U05:400552:400552 [1] NCCL INFO NCCL version 2.26.2+cuda12.2
MOC-R4PCC04U05:400554:400595 [3] NCCL INFO NET/Plugin: Could not find: libnccl-net.so. Using internal net plugin.
MOC-R4PCC04U05:400554:400595 [3] NCCL INFO NET/Socket : Using [0]eno7np0:192.168.50.193<0>
MOC-R4PCC04U05:400553:400594 [2] NCCL INFO NET/Plugin: Could not find: libnccl-net.so. Using internal net plugin.
MOC-R4PCC04U05:400553:400594 [2] NCCL INFO NET/Socket : Using [0]eno7np0:192.168.50.193<0>
MOC-R4PCC04U05:400552:400596 [1] NCCL INFO NET/Plugin: Could not find: libnccl-net.so. Using internal net plugin.
MOC-R4PCC04U05:400552:400596 [1] NCCL INFO NET/Socket : Using [0]eno7np0:192.168.50.193<0>
MOC-R4PCC04U05:400554:400595 [3] NCCL INFO NET/Socket : GPU Direct RDMA Disabled for HCA 0 'eno7np0'
MOC-R4PCC04U05:400553:400594 [2] NCCL INFO NET/Socket : GPU Direct RDMA Disabled for HCA 0 'eno7np0'
MOC-R4PCC04U05:400551:400593 [0] NCCL INFO NET/Socket : GPU Direct RDMA Disabled for HCA 0 'eno7np0'
MOC-R4PCC04U05:400552:400596 [1] NCCL INFO NET/Socket : GPU Direct RDMA Disabled for HCA 0 'eno7np0'
MOC-R4PCC04U05:400553:400607 [2] NCCL INFO New proxy recv connection 0 from local rank 2, transport 0
MOC-R4PCC04U05:400553:400613 [2] NCCL INFO Connected to proxy localRank 2 -> connection 0x7f0410004f30
MOC-R4PCC04U05:400553:400607 [2] NCCL INFO New proxy recv connection 1 from local rank 2, transport 0
MOC-R4PCC04U05:400553:400613 [2] NCCL INFO Connected to proxy localRank 2 -> connection 0x7f0410004fa8
MOC-R4PCC04U05:400554:400605 [3] NCCL INFO New proxy recv connection 0 from local rank 3, transport 0
MOC-R4PCC04U05:400554:400614 [3] NCCL INFO Connected to proxy localRank 3 -> connection 0x7faf2c004f30
MOC-R4PCC04U05:400554:400605 [3] NCCL INFO New proxy recv connection 1 from local rank 3, transport 0
MOC-R4PCC04U05:400554:400614 [3] NCCL INFO Connected to proxy localRank 3 -> connection 0x7faf2c004fa8
MOC-R4PCC04U05:400551:400606 [0] NCCL INFO New proxy send connection 0 from local rank 0, transport 0
MOC-R4PCC04U05:400551:400615 [0] NCCL INFO Connected to proxy localRank 0 -> connection 0x7f7924004f30
MOC-R4PCC04U05:400551:400606 [0] NCCL INFO New proxy send connection 1 from local rank 0, transport 0
MOC-R4PCC04U05:400551:400615 [0] NCCL INFO Connected to proxy localRank 0 -> connection 0x7f7924004fa8
MOC-R4PCC04U05:400551:400606 [0] NCCL INFO New proxy send connection 2 from local rank 0, transport 0
MOC-R4PCC04U05:400551:400615 [0] NCCL INFO Connected to proxy localRank 0 -> connection 0x7f7924005020
MOC-R4PCC04U05:400551:400606 [0] NCCL INFO New proxy send connection 3 from local rank 0, transport 0
MOC-R4PCC04U05:400551:400615 [0] NCCL INFO Connected to proxy localRank 0 -> connection 0x7f7924005098
MOC-R4PCC04U05:400552:400610 [1] NCCL INFO New proxy recv connection 0 from local rank 1, transport 0
MOC-R4PCC04U05:400552:400616 [1] NCCL INFO Connected to proxy localRank 1 -> connection 0x7f65dc004f30
MOC-R4PCC04U05:400552:400610 [1] NCCL INFO New proxy recv connection 1 from local rank 1, transport 0
MOC-R4PCC04U05:400552:400616 [1] NCCL INFO Connected to proxy localRank 1 -> connection 0x7f65dc004fa8
MOC-R4PCC04U05:400554:400605 [3] NCCL INFO New proxy send connection 2 from local rank 3, transport 2
MOC-R4PCC04U05:400554:400614 [3] NCCL INFO Connected to proxy localRank 3 -> connection 0x7faf2c005020
MOC-R4PCC04U05:400554:400614 [3] NCCL INFO Channel 00/0 : 3[3] -> 6[2] [send] via NET/Socket/0
MOC-R4PCC04U05:400554:400605 [3] NCCL INFO New proxy send connection 3 from local rank 3, transport 2
MOC-R4PCC04U05:400554:400614 [3] NCCL INFO Connected to proxy localRank 3 -> connection 0x7faf2c005098
MOC-R4PCC04U05:400554:400614 [3] NCCL INFO Channel 02/0 : 3[3] -> 6[2] [send] via NET/Socket/0
MOC-R4PCC04U05:400551:400606 [0] NCCL INFO New proxy recv connection 4 from local rank 0, transport 0
MOC-R4PCC04U05:400551:400615 [0] NCCL INFO Connected to proxy localRank 0 -> connection 0x7f7924005110
MOC-R4PCC04U05:400554:400605 [3] NCCL INFO New proxy recv connection 4 from local rank 3, transport 2
MOC-R4PCC04U05:400554:400614 [3] NCCL INFO Connected to proxy localRank 3 -> connection 0x7faf2c005110
MOC-R4PCC04U05:400554:400614 [3] NCCL INFO Channel 01/0 : 6[2] -> 3[3] [receive] via NET/Socket/0
MOC-R4PCC04U05:400554:400605 [3] NCCL INFO New proxy recv connection 5 from local rank 3, transport 2
MOC-R4PCC04U05:400554:400614 [3] NCCL INFO Connected to proxy localRank 3 -> connection 0x7faf2c005188
MOC-R4PCC04U05:400554:400614 [3] NCCL INFO Channel 03/0 : 6[2] -> 3[3] [receive] via NET/Socket/0
MOC-R4PCC04U05:400554:400605 [3] NCCL INFO New proxy send connection 6 from local rank 3, transport 0
MOC-R4PCC04U05:400554:400614 [3] NCCL INFO Connected to proxy localRank 3 -> connection 0x7faf2c005200
MOC-R4PCC04U05:400551:400606 [0] NCCL INFO New proxy recv connection 5 from local rank 0, transport 0
MOC-R4PCC04U05:400551:400615 [0] NCCL INFO Connected to proxy localRank 0 -> connection 0x7f7924005188
MOC-R4PCC04U05:400553:400607 [2] NCCL INFO New proxy recv connection 2 from local rank 2, transport 2
MOC-R4PCC04U05:400553:400613 [2] NCCL INFO Connected to proxy localRank 2 -> connection 0x7f0410005020
MOC-R4PCC04U05:400553:400613 [2] NCCL INFO Channel 00/0 : 7[3] -> 2[2] [receive] via NET/Socket/0
MOC-R4PCC04U05:400553:400607 [2] NCCL INFO New proxy recv connection 3 from local rank 2, transport 2
MOC-R4PCC04U05:400553:400613 [2] NCCL INFO Connected to proxy localRank 2 -> connection 0x7f0410005098
MOC-R4PCC04U05:400554:400605 [3] NCCL INFO New proxy send connection 7 from local rank 3, transport 0
MOC-R4PCC04U05:400554:400614 [3] NCCL INFO Connected to proxy localRank 3 -> connection 0x7faf2c005278
MOC-R4PCC04U05:400553:400613 [2] NCCL INFO Channel 02/0 : 7[3] -> 2[2] [receive] via NET/Socket/0
MOC-R4PCC04U05:400551:400606 [0] NCCL INFO New proxy recv connection 6 from local rank 0, transport 0
MOC-R4PCC04U05:400551:400615 [0] NCCL INFO Connected to proxy localRank 0 -> connection 0x7f7924005200
MOC-R4PCC04U05:400553:400607 [2] NCCL INFO New proxy send connection 4 from local rank 2, transport 2
MOC-R4PCC04U05:400553:400613 [2] NCCL INFO Connected to proxy localRank 2 -> connection 0x7f0410005110
MOC-R4PCC04U05:400552:400610 [1] NCCL INFO New proxy recv connection 2 from local rank 1, transport 0
MOC-R4PCC04U05:400552:400616 [1] NCCL INFO Connected to proxy localRank 1 -> connection 0x7f65dc005020
MOC-R4PCC04U05:400553:400613 [2] NCCL INFO Channel 01/0 : 2[2] -> 7[3] [send] via NET/Socket/0
MOC-R4PCC04U05:400553:400607 [2] NCCL INFO New proxy send connection 5 from local rank 2, transport 2
MOC-R4PCC04U05:400553:400613 [2] NCCL INFO Connected to proxy localRank 2 -> connection 0x7f0410005188
MOC-R4PCC04U05:400553:400613 [2] NCCL INFO Channel 03/0 : 2[2] -> 7[3] [send] via NET/Socket/0
MOC-R4PCC04U05:400553:400607 [2] NCCL INFO New proxy send connection 6 from local rank 2, transport 0
MOC-R4PCC04U05:400553:400613 [2] NCCL INFO Connected to proxy localRank 2 -> connection 0x7f0410005200
MOC-R4PCC04U05:400551:400606 [0] NCCL INFO New proxy send connection 7 from local rank 3, transport 0
MOC-R4PCC04U05:400554:400614 [3] NCCL INFO Connected to proxy localRank 0 -> connection 0x7f7924005278
MOC-R4PCC04U05:400551:400606 [0] NCCL INFO New proxy recv connection 8 from local rank 0, transport 0
MOC-R4PCC04U05:400551:400615 [0] NCCL INFO Connected to proxy localRank 0 -> connection 0x7f79240052f0
MOC-R4PCC04U05:400553:400607 [2] NCCL INFO New proxy send connection 7 from local rank 2, transport 0
MOC-R4PCC04U05:400553:400613 [2] NCCL INFO Connected to proxy localRank 2 -> connection 0x7f0410005278
MOC-R4PCC04U05:400552:400610 [1] NCCL INFO New proxy recv connection 3 from local rank 1, transport 0
MOC-R4PCC04U05:400552:400616 [1] NCCL INFO Connected to proxy localRank 1 -> connection 0x7f65dc005098
MOC-R4PCC04U05:400552:400610 [1] NCCL INFO New proxy send connection 4 from local rank 1, transport 0
MOC-R4PCC04U05:400552:400616 [1] NCCL INFO Connected to proxy localRank 1 -> connection 0x7f65dc005110
MOC-R4PCC04U05:400552:400610 [1] NCCL INFO New proxy send connection 5 from local rank 1, transport 0
MOC-R4PCC04U05:400552:400616 [1] NCCL INFO Connected to proxy localRank 1 -> connection 0x7f65dc005188
MOC-R4PCC04U05:400552:400610 [1] NCCL INFO New proxy send connection 6 from local rank 1, transport 0
MOC-R4PCC04U05:400552:400616 [1] NCCL INFO Connected to proxy localRank 1 -> connection 0x7f65dc005200
MOC-R4PCC04U05:400552:400610 [1] NCCL INFO New proxy send connection 7 from local rank 1, transport 0
MOC-R4PCC04U05:400552:400616 [1] NCCL INFO Connected to proxy localRank 1 -> connection 0x7f65dc005278
MOC-R4PCC04U05:400551:400606 [0] NCCL INFO New proxy send connection 9 from local rank 2, transport 0
MOC-R4PCC04U05:400553:400613 [2] NCCL INFO Connected to proxy localRank 0 -> connection 0x7f7924005368
MOC-R4PCC04U05:400553:400607 [2] NCCL INFO New proxy send connection 8 from local rank 0, transport 0
MOC-R4PCC04U05:400551:400615 [0] NCCL INFO Connected to proxy localRank 2 -> connection 0x7f04100052f0
MOC-R4PCC04U05:400552:400610 [1] NCCL INFO New proxy send connection 8 from local rank 3, transport 0
MOC-R4PCC04U05:400554:400614 [3] NCCL INFO Connected to proxy localRank 1 -> connection 0x7f65dc0052f0
MOC-R4PCC04U05:400554:400605 [3] NCCL INFO New proxy send connection 8 from local rank 1, transport 0
MOC-R4PCC04U05:400552:400616 [1] NCCL INFO Connected to proxy localRank 3 -> connection 0x7faf2c0052f0
MOC-R4PCC04U05:400552:400610 [1] NCCL INFO New proxy send connection 9 from local rank 2, transport 0
MOC-R4PCC04U05:400553:400613 [2] NCCL INFO Connected to proxy localRank 1 -> connection 0x7f65dc005368
MOC-R4PCC04U05:400554:400605 [3] NCCL INFO New proxy send connection 9 from local rank 0, transport 0
MOC-R4PCC04U05:400551:400615 [0] NCCL INFO Connected to proxy localRank 3 -> connection 0x7faf2c005368
MOC-R4PCC04U05:400551:400606 [0] NCCL INFO New proxy send connection 10 from local rank 1, transport 0
MOC-R4PCC04U05:400552:400616 [1] NCCL INFO Connected to proxy localRank 0 -> connection 0x7f79240053e0
MOC-R4PCC04U05:400553:400607 [2] NCCL INFO New proxy send connection 9 from local rank 1, transport 0
MOC-R4PCC04U05:400552:400616 [1] NCCL INFO Connected to proxy localRank 2 -> connection 0x7f0410005368
MOC-R4PCC04U05:400552:400610 [1] NCCL INFO New proxy send connection 10 from local rank 0, transport 0
MOC-R4PCC04U05:400551:400615 [0] NCCL INFO Connected to proxy localRank 1 -> connection 0x7f65dc0053e0
num decayed parameter tensors: 50, with 124,318,464 parameters
num non-decayed parameter tensors: 98, with 121,344 parameters
using fused AdamW: False
using regular AdamW
MOC-R4PCC04U05:400551:400606 [0] NCCL INFO New proxy send connection 11 from local rank 0, transport 0
MOC-R4PCC04U05:400551:401342 [0] NCCL INFO Connected to proxy localRank 0 -> connection 0x7f7924005458
MOC-R4PCC04U05:400551:400606 [0] NCCL INFO New proxy send connection 12 from local rank 0, transport 0
MOC-R4PCC04U05:400551:401342 [0] NCCL INFO Connected to proxy localRank 0 -> connection 0x7f79240054d0
MOC-R4PCC04U05:400551:400606 [0] NCCL INFO New proxy send connection 13 from local rank 0, transport 0
MOC-R4PCC04U05:400551:401342 [0] NCCL INFO Connected to proxy localRank 0 -> connection 0x7f7924005548
MOC-R4PCC04U05:400551:400606 [0] NCCL INFO New proxy send connection 14 from local rank 0, transport 0
MOC-R4PCC04U05:400551:401342 [0] NCCL INFO Connected to proxy localRank 0 -> connection 0x7f79240055c0
MOC-R4PCC04U05:400553:400607 [2] NCCL INFO New proxy recv connection 10 from local rank 2, transport 0
MOC-R4PCC04U05:400553:401343 [2] NCCL INFO Connected to proxy localRank 2 -> connection 0x7f04100053e0
MOC-R4PCC04U05:400553:400607 [2] NCCL INFO New proxy recv connection 11 from local rank 2, transport 0
MOC-R4PCC04U05:400553:401343 [2] NCCL INFO Connected to proxy localRank 2 -> connection 0x7f0410005458
MOC-R4PCC04U05:400553:400607 [2] NCCL INFO New proxy recv connection 12 from local rank 2, transport 0
MOC-R4PCC04U05:400553:401343 [2] NCCL INFO Connected to proxy localRank 2 -> connection 0x7f04100054d0
MOC-R4PCC04U05:400553:400607 [2] NCCL INFO New proxy recv connection 13 from local rank 2, transport 0
MOC-R4PCC04U05:400553:401343 [2] NCCL INFO Connected to proxy localRank 2 -> connection 0x7f0410005548
MOC-R4PCC04U05:400554:400605 [3] NCCL INFO New proxy recv connection 10 from local rank 3, transport 0
MOC-R4PCC04U05:400554:401344 [3] NCCL INFO Connected to proxy localRank 3 -> connection 0x7faf2c0053e0
MOC-R4PCC04U05:400554:400605 [3] NCCL INFO New proxy recv connection 11 from local rank 3, transport 0
MOC-R4PCC04U05:400554:401344 [3] NCCL INFO Connected to proxy localRank 3 -> connection 0x7faf2c005458
MOC-R4PCC04U05:400552:400610 [1] NCCL INFO New proxy recv connection 11 from local rank 1, transport 0
MOC-R4PCC04U05:400552:401345 [1] NCCL INFO Connected to proxy localRank 1 -> connection 0x7f65dc005458
MOC-R4PCC04U05:400552:400610 [1] NCCL INFO New proxy recv connection 12 from local rank 1, transport 0
MOC-R4PCC04U05:400552:401345 [1] NCCL INFO Connected to proxy localRank 1 -> connection 0x7f65dc0054d0
MOC-R4PCC04U05:400552:400610 [1] NCCL INFO New proxy recv connection 13 from local rank 1, transport 0
MOC-R4PCC04U05:400552:401345 [1] NCCL INFO Connected to proxy localRank 1 -> connection 0x7f65dc005548
MOC-R4PCC04U05:400552:400610 [1] NCCL INFO New proxy recv connection 14 from local rank 1, transport 0
MOC-R4PCC04U05:400552:401345 [1] NCCL INFO Connected to proxy localRank 1 -> connection 0x7f65dc0055c0
MOC-R4PCC04U05:400552:400610 [1] NCCL INFO New proxy send connection 15 from local rank 1, transport 0
MOC-R4PCC04U05:400552:401345 [1] NCCL INFO Connected to proxy localRank 1 -> connection 0x7f65dc005638
MOC-R4PCC04U05:400552:400610 [1] NCCL INFO New proxy send connection 16 from local rank 1, transport 0
MOC-R4PCC04U05:400552:401345 [1] NCCL INFO Connected to proxy localRank 1 -> connection 0x7f65dc0056b0
MOC-R4PCC04U05:400552:400610 [1] NCCL INFO New proxy send connection 17 from local rank 1, transport 0
MOC-R4PCC04U05:400552:401345 [1] NCCL INFO Connected to proxy localRank 1 -> connection 0x7f65dc005728
MOC-R4PCC04U05:400552:400610 [1] NCCL INFO New proxy send connection 18 from local rank 1, transport 0
MOC-R4PCC04U05:400552:401345 [1] NCCL INFO Connected to proxy localRank 1 -> connection 0x7f65dc0057a0
MOC-R4PCC04U05:400551:400606 [0] NCCL INFO New proxy send connection 15 from local rank 0, transport 0
MOC-R4PCC04U05:400552:400610 [1] NCCL INFO New proxy recv connection 19 from local rank 1, transport 0
MOC-R4PCC04U05:400552:401345 [1] NCCL INFO Connected to proxy localRank 1 -> connection 0x7f65dc005818
MOC-R4PCC04U05:400551:401342 [0] NCCL INFO Connected to proxy localRank 0 -> connection 0x7f7924005638
MOC-R4PCC04U05:400553:400607 [2] NCCL INFO New proxy send connection 14 from local rank 2, transport 0
MOC-R4PCC04U05:400553:401343 [2] NCCL INFO Connected to proxy localRank 2 -> connection 0x7f04100055c0
MOC-R4PCC04U05:400552:400610 [1] NCCL INFO New proxy recv connection 20 from local rank 1, transport 0
MOC-R4PCC04U05:400552:401345 [1] NCCL INFO Connected to proxy localRank 1 -> connection 0x7f65dc005890
MOC-R4PCC04U05:400551:400606 [0] NCCL INFO New proxy send connection 16 from local rank 0, transport 0
MOC-R4PCC04U05:400553:400607 [2] NCCL INFO New proxy send connection 15 from local rank 2, transport 0
MOC-R4PCC04U05:400551:401342 [0] NCCL INFO Connected to proxy localRank 0 -> connection 0x7f79240056b0
MOC-R4PCC04U05:400553:401343 [2] NCCL INFO Connected to proxy localRank 2 -> connection 0x7f0410005638
MOC-R4PCC04U05:400551:400606 [0] NCCL INFO New proxy recv connection 17 from local rank 0, transport 0
MOC-R4PCC04U05:400551:401342 [0] NCCL INFO Connected to proxy localRank 0 -> connection 0x7f7924005728
MOC-R4PCC04U05:400554:400605 [3] NCCL INFO New proxy recv connection 12 from local rank 3, transport 2
MOC-R4PCC04U05:400554:401344 [3] NCCL INFO Connected to proxy localRank 3 -> connection 0x7faf2c0054d0
MOC-R4PCC04U05:400551:400606 [0] NCCL INFO New proxy recv connection 18 from local rank 0, transport 0
MOC-R4PCC04U05:400551:401342 [0] NCCL INFO Connected to proxy localRank 0 -> connection 0x7f79240057a0
MOC-R4PCC04U05:400554:401344 [3] NCCL INFO Channel 00/0 : 7[3] -> 3[3] [receive] via NET/Socket/0
MOC-R4PCC04U05:400554:400605 [3] NCCL INFO New proxy recv connection 13 from local rank 3, transport 2
MOC-R4PCC04U05:400554:401344 [3] NCCL INFO Connected to proxy localRank 3 -> connection 0x7faf2c005548
MOC-R4PCC04U05:400554:401344 [3] NCCL INFO Channel 01/0 : 7[3] -> 3[3] [receive] via NET/Socket/0
MOC-R4PCC04U05:400554:400605 [3] NCCL INFO New proxy recv connection 14 from local rank 3, transport 2
MOC-R4PCC04U05:400554:401344 [3] NCCL INFO Connected to proxy localRank 3 -> connection 0x7faf2c0055c0
MOC-R4PCC04U05:400554:401344 [3] NCCL INFO Channel 02/0 : 7[3] -> 3[3] [receive] via NET/Socket/0
MOC-R4PCC04U05:400554:400605 [3] NCCL INFO New proxy recv connection 15 from local rank 3, transport 2
MOC-R4PCC04U05:400554:401344 [3] NCCL INFO Connected to proxy localRank 3 -> connection 0x7faf2c005638
MOC-R4PCC04U05:400554:401344 [3] NCCL INFO Channel 03/0 : 7[3] -> 3[3] [receive] via NET/Socket/0
MOC-R4PCC04U05:400554:400605 [3] NCCL INFO New proxy send connection 16 from local rank 3, transport 2
MOC-R4PCC04U05:400554:401344 [3] NCCL INFO Connected to proxy localRank 3 -> connection 0x7faf2c0056b0
MOC-R4PCC04U05:400554:401344 [3] NCCL INFO Channel 00/0 : 3[3] -> 7[3] [send] via NET/Socket/0
MOC-R4PCC04U05:400554:400605 [3] NCCL INFO New proxy send connection 17 from local rank 3, transport 2
MOC-R4PCC04U05:400554:401344 [3] NCCL INFO Connected to proxy localRank 3 -> connection 0x7faf2c005728
MOC-R4PCC04U05:400554:401344 [3] NCCL INFO Channel 01/0 : 3[3] -> 7[3] [send] via NET/Socket/0
MOC-R4PCC04U05:400554:400605 [3] NCCL INFO New proxy send connection 18 from local rank 3, transport 2
MOC-R4PCC04U05:400554:401344 [3] NCCL INFO Connected to proxy localRank 3 -> connection 0x7faf2c0057a0
MOC-R4PCC04U05:400551:400606 [0] NCCL INFO New proxy recv connection 19 from local rank 0, transport 0
MOC-R4PCC04U05:400551:401342 [0] NCCL INFO Connected to proxy localRank 0 -> connection 0x7f7924005818
MOC-R4PCC04U05:400554:401344 [3] NCCL INFO Channel 02/0 : 3[3] -> 7[3] [send] via NET/Socket/0
MOC-R4PCC04U05:400554:400605 [3] NCCL INFO New proxy send connection 19 from local rank 3, transport 2
MOC-R4PCC04U05:400551:400606 [0] NCCL INFO New proxy recv connection 20 from local rank 0, transport 0
MOC-R4PCC04U05:400551:401342 [0] NCCL INFO Connected to proxy localRank 0 -> connection 0x7f7924005890
MOC-R4PCC04U05:400554:401344 [3] NCCL INFO Connected to proxy localRank 3 -> connection 0x7faf2c005818
MOC-R4PCC04U05:400554:401344 [3] NCCL INFO Channel 03/0 : 3[3] -> 7[3] [send] via NET/Socket/0
MOC-R4PCC04U05:400554:400605 [3] NCCL INFO New proxy send connection 20 from local rank 3, transport 0
MOC-R4PCC04U05:400554:401344 [3] NCCL INFO Connected to proxy localRank 3 -> connection 0x7faf2c005890
MOC-R4PCC04U05:400554:400605 [3] NCCL INFO New proxy send connection 21 from local rank 3, transport 0
MOC-R4PCC04U05:400554:401344 [3] NCCL INFO Connected to proxy localRank 3 -> connection 0x7faf2c005908
MOC-R4PCC04U05:400554:400605 [3] NCCL INFO New proxy send connection 22 from local rank 3, transport 0
MOC-R4PCC04U05:400554:401344 [3] NCCL INFO Connected to proxy localRank 3 -> connection 0x7faf2c005980
MOC-R4PCC04U05:400554:400605 [3] NCCL INFO New proxy send connection 23 from local rank 3, transport 0
MOC-R4PCC04U05:400554:401344 [3] NCCL INFO Connected to proxy localRank 3 -> connection 0x7faf2c0059f8
step    1/10 | train loss 11.010139 | norm 15.4234 | lr 1.00e-04 | (14193.10 ms | 110819 tok/s)
step    2/10 | train loss 10.136946 | norm 5.7587 | lr 1.00e-04 | (503.83 ms | 3121803 tok/s)
step    3/10 | train loss 9.795478 | norm 2.6123 | lr 1.00e-04 | (498.40 ms | 3155828 tok/s)
step    4/10 | train loss 9.625649 | norm 2.1154 | lr 1.00e-04 | (494.98 ms | 3177612 tok/s)
step    5/10 | train loss 9.542592 | norm 2.1031 | lr 1.00e-04 | (703.13 ms | 2236952 tok/s)
step    6/10 | train loss 9.461357 | norm 1.9978 | lr 1.00e-04 | (497.18 ms | 3163601 tok/s)
step    7/10 | train loss 9.375708 | norm 1.9473 | lr 1.00e-04 | (497.74 ms | 3160034 tok/s)
step    8/10 | train loss 9.283987 | norm 1.9146 | lr 1.00e-04 | (498.34 ms | 3156189 tok/s)
step    9/10 | train loss 9.188590 | norm 1.8601 | lr 1.00e-04 | (703.76 ms | 2234930 tok/s)
step   10/10 | train loss 9.103172 | norm 1.7948 | lr 1.00e-04 | (498.68 ms | 3154028 tok/s)
final 9 iters avg: 544.005ms
peak memory consumption: 16601 MiB
