Running pytorch 2.7.0+cu126
using device: cuda:0
total desired batch size: 524288
=> calculated gradient accumulation steps: 2
using device: cuda:2
using device: cuda:1
using device: cuda:3
compiling the model...
DataLoader: total number of tokens: 1,661,249,667 across 103 files
MOC-R4PCC04U05:443853:443853 [0] NCCL INFO NCCL_SOCKET_IFNAME set to eno7np0
MOC-R4PCC04U05:443853:443853 [0] NCCL INFO NCCL version 2.26.2+cuda12.2
MOC-R4PCC04U05:443853:443894 [0] NCCL INFO NET/Plugin: Could not find: libnccl-net.so. Using internal net plugin.
MOC-R4PCC04U05:443853:443894 [0] NCCL INFO NCCL_IB_HCA set to mlx5_5
MOC-R4PCC04U05:443853:443894 [0] NCCL INFO NET/IB : Made virtual device [0] name=mlx5_5 speed=400000 ndevs=1
MOC-R4PCC04U05:443853:443894 [0] NCCL INFO NET/IB : Using [0]mlx5_5:1/RoCE [RO]; OOB eno7np0:192.168.50.193<0>
MOC-R4PCC04U05:443854:443854 [1] NCCL INFO NCCL_SOCKET_IFNAME set to eno7np0
MOC-R4PCC04U05:443854:443854 [1] NCCL INFO NCCL version 2.26.2+cuda12.2
MOC-R4PCC04U05:443855:443855 [2] NCCL INFO NCCL_SOCKET_IFNAME set to eno7np0
MOC-R4PCC04U05:443855:443855 [2] NCCL INFO NCCL version 2.26.2+cuda12.2
MOC-R4PCC04U05:443856:443856 [3] NCCL INFO NCCL_SOCKET_IFNAME set to eno7np0
MOC-R4PCC04U05:443856:443856 [3] NCCL INFO NCCL version 2.26.2+cuda12.2
MOC-R4PCC04U05:443854:443896 [1] NCCL INFO NET/Plugin: Could not find: libnccl-net.so. Using internal net plugin.
MOC-R4PCC04U05:443854:443896 [1] NCCL INFO NCCL_IB_HCA set to mlx5_5
MOC-R4PCC04U05:443855:443897 [2] NCCL INFO NET/Plugin: Could not find: libnccl-net.so. Using internal net plugin.
MOC-R4PCC04U05:443856:443898 [3] NCCL INFO NET/Plugin: Could not find: libnccl-net.so. Using internal net plugin.
MOC-R4PCC04U05:443855:443897 [2] NCCL INFO NCCL_IB_HCA set to mlx5_5
MOC-R4PCC04U05:443856:443898 [3] NCCL INFO NCCL_IB_HCA set to mlx5_5
MOC-R4PCC04U05:443854:443896 [1] NCCL INFO NET/IB : Made virtual device [0] name=mlx5_5 speed=400000 ndevs=1
MOC-R4PCC04U05:443854:443896 [1] NCCL INFO NET/IB : Using [0]mlx5_5:1/RoCE [RO]; OOB eno7np0:192.168.50.193<0>
MOC-R4PCC04U05:443855:443897 [2] NCCL INFO NET/IB : Made virtual device [0] name=mlx5_5 speed=400000 ndevs=1
MOC-R4PCC04U05:443855:443897 [2] NCCL INFO NET/IB : Using [0]mlx5_5:1/RoCE [RO]; OOB eno7np0:192.168.50.193<0>
MOC-R4PCC04U05:443856:443898 [3] NCCL INFO NET/IB : Made virtual device [0] name=mlx5_5 speed=400000 ndevs=1
MOC-R4PCC04U05:443856:443898 [3] NCCL INFO NET/IB : Using [0]mlx5_5:1/RoCE [RO]; OOB eno7np0:192.168.50.193<0>
MOC-R4PCC04U05:443855:443897 [2] NCCL INFO NET/IB : GPU Direct RDMA Enabled for HCA 0 'mlx5_5'
MOC-R4PCC04U05:443855:443897 [2] NCCL INFO NET/IB : Made virtual device [1] name=mlx5_5 speed=400000 ndevs=1
MOC-R4PCC04U05:443855:443897 [2] NCCL INFO NET/IB : GPU Direct RDMA Enabled for HCA 0 'mlx5_5'
MOC-R4PCC04U05:443855:443897 [2] NCCL INFO NET/IB : GPU Direct RDMA Enabled for HCA 1 'mlx5_5'
MOC-R4PCC04U05:443853:443894 [0] NCCL INFO NET/IB : GPU Direct RDMA Enabled for HCA 0 'mlx5_5'
MOC-R4PCC04U05:443853:443894 [0] NCCL INFO NET/IB : Made virtual device [1] name=mlx5_5 speed=400000 ndevs=1
MOC-R4PCC04U05:443853:443894 [0] NCCL INFO NET/IB : GPU Direct RDMA Enabled for HCA 0 'mlx5_5'
MOC-R4PCC04U05:443853:443894 [0] NCCL INFO NET/IB : GPU Direct RDMA Enabled for HCA 1 'mlx5_5'
MOC-R4PCC04U05:443854:443896 [1] NCCL INFO NET/IB : GPU Direct RDMA Enabled for HCA 0 'mlx5_5'
MOC-R4PCC04U05:443854:443896 [1] NCCL INFO NET/IB : Made virtual device [1] name=mlx5_5 speed=400000 ndevs=1
MOC-R4PCC04U05:443854:443896 [1] NCCL INFO NET/IB : GPU Direct RDMA Enabled for HCA 0 'mlx5_5'
MOC-R4PCC04U05:443854:443896 [1] NCCL INFO NET/IB : GPU Direct RDMA Enabled for HCA 1 'mlx5_5'
MOC-R4PCC04U05:443856:443898 [3] NCCL INFO NET/IB : GPU Direct RDMA Enabled for HCA 0 'mlx5_5'
MOC-R4PCC04U05:443856:443898 [3] NCCL INFO NET/IB : Made virtual device [1] name=mlx5_5 speed=400000 ndevs=1
MOC-R4PCC04U05:443856:443898 [3] NCCL INFO NET/IB : GPU Direct RDMA Enabled for HCA 0 'mlx5_5'
MOC-R4PCC04U05:443856:443898 [3] NCCL INFO NET/IB : GPU Direct RDMA Enabled for HCA 1 'mlx5_5'
MOC-R4PCC04U05:443853:443894 [0] NCCL INFO NCCL_NET_GDR_LEVEL set by environment to LOC
MOC-R4PCC04U05:443853:443894 [0] NCCL INFO GPU Direct RDMA Disabled for GPU 0 / HCA 1 (distance 5 > 0)
MOC-R4PCC04U05:443853:443894 [0] NCCL INFO GPU Direct RDMA Disabled for GPU 1 / HCA 1 (distance 5 > 0)
MOC-R4PCC04U05:443853:443894 [0] NCCL INFO GPU Direct RDMA Disabled for GPU 2 / HCA 1 (distance 5 > 0)
MOC-R4PCC04U05:443853:443894 [0] NCCL INFO GPU Direct RDMA Disabled for GPU 0 / HCA 1 (distance 5 > 0)
MOC-R4PCC04U05:443853:443894 [0] NCCL INFO GPU Direct RDMA Disabled for GPU 1 / HCA 1 (distance 5 > 0)
MOC-R4PCC04U05:443853:443894 [0] NCCL INFO GPU Direct RDMA Disabled for GPU 2 / HCA 1 (distance 5 > 0)
MOC-R4PCC04U05:443854:443896 [1] NCCL INFO NCCL_NET_GDR_LEVEL set by environment to LOC
MOC-R4PCC04U05:443854:443896 [1] NCCL INFO GPU Direct RDMA Disabled for GPU 0 / HCA 1 (distance 5 > 0)
MOC-R4PCC04U05:443854:443896 [1] NCCL INFO GPU Direct RDMA Disabled for GPU 1 / HCA 1 (distance 5 > 0)
MOC-R4PCC04U05:443854:443896 [1] NCCL INFO GPU Direct RDMA Disabled for GPU 2 / HCA 1 (distance 5 > 0)
MOC-R4PCC04U05:443854:443896 [1] NCCL INFO GPU Direct RDMA Disabled for GPU 0 / HCA 1 (distance 5 > 0)
MOC-R4PCC04U05:443854:443896 [1] NCCL INFO GPU Direct RDMA Disabled for GPU 1 / HCA 1 (distance 5 > 0)
MOC-R4PCC04U05:443854:443896 [1] NCCL INFO GPU Direct RDMA Disabled for GPU 2 / HCA 1 (distance 5 > 0)
MOC-R4PCC04U05:443855:443897 [2] NCCL INFO NCCL_NET_GDR_LEVEL set by environment to LOC
MOC-R4PCC04U05:443855:443897 [2] NCCL INFO GPU Direct RDMA Disabled for GPU 0 / HCA 1 (distance 5 > 0)
MOC-R4PCC04U05:443855:443897 [2] NCCL INFO GPU Direct RDMA Disabled for GPU 1 / HCA 1 (distance 5 > 0)
MOC-R4PCC04U05:443855:443897 [2] NCCL INFO GPU Direct RDMA Disabled for GPU 2 / HCA 1 (distance 5 > 0)
MOC-R4PCC04U05:443855:443897 [2] NCCL INFO GPU Direct RDMA Disabled for GPU 0 / HCA 1 (distance 5 > 0)
MOC-R4PCC04U05:443855:443897 [2] NCCL INFO GPU Direct RDMA Disabled for GPU 1 / HCA 1 (distance 5 > 0)
MOC-R4PCC04U05:443855:443897 [2] NCCL INFO GPU Direct RDMA Disabled for GPU 2 / HCA 1 (distance 5 > 0)
MOC-R4PCC04U05:443856:443898 [3] NCCL INFO NCCL_NET_GDR_LEVEL set by environment to LOC
MOC-R4PCC04U05:443856:443898 [3] NCCL INFO GPU Direct RDMA Disabled for GPU 0 / HCA 1 (distance 5 > 0)
MOC-R4PCC04U05:443856:443898 [3] NCCL INFO GPU Direct RDMA Disabled for GPU 1 / HCA 1 (distance 5 > 0)
MOC-R4PCC04U05:443856:443898 [3] NCCL INFO GPU Direct RDMA Disabled for GPU 2 / HCA 1 (distance 5 > 0)
MOC-R4PCC04U05:443856:443898 [3] NCCL INFO GPU Direct RDMA Disabled for GPU 0 / HCA 1 (distance 5 > 0)
MOC-R4PCC04U05:443856:443898 [3] NCCL INFO GPU Direct RDMA Disabled for GPU 1 / HCA 1 (distance 5 > 0)
MOC-R4PCC04U05:443856:443898 [3] NCCL INFO GPU Direct RDMA Disabled for GPU 2 / HCA 1 (distance 5 > 0)
MOC-R4PCC04U05:443856:443910 [3] NCCL INFO New proxy recv connection 0 from local rank 3, transport 0
MOC-R4PCC04U05:443856:443918 [3] NCCL INFO Connected to proxy localRank 3 -> connection 0x7fd454004f30
MOC-R4PCC04U05:443855:443913 [2] NCCL INFO New proxy recv connection 0 from local rank 2, transport 0
MOC-R4PCC04U05:443855:443919 [2] NCCL INFO Connected to proxy localRank 2 -> connection 0x7f862c004f30
MOC-R4PCC04U05:443855:443913 [2] NCCL INFO New proxy recv connection 1 from local rank 2, transport 0
MOC-R4PCC04U05:443855:443919 [2] NCCL INFO Connected to proxy localRank 2 -> connection 0x7f862c004fa8
MOC-R4PCC04U05:443856:443910 [3] NCCL INFO New proxy recv connection 1 from local rank 3, transport 0
MOC-R4PCC04U05:443856:443918 [3] NCCL INFO Connected to proxy localRank 3 -> connection 0x7fd454004fa8
MOC-R4PCC04U05:443853:443912 [0] NCCL INFO New proxy send connection 0 from local rank 0, transport 0
MOC-R4PCC04U05:443853:443920 [0] NCCL INFO Connected to proxy localRank 0 -> connection 0x7f498c004f30
MOC-R4PCC04U05:443856:443918 [3] NCCL INFO GPU Direct RDMA Disabled for GPU 3 / HCA 1 (distance 7 > 0)
MOC-R4PCC04U05:443853:443912 [0] NCCL INFO New proxy send connection 1 from local rank 0, transport 0
MOC-R4PCC04U05:443853:443920 [0] NCCL INFO Connected to proxy localRank 0 -> connection 0x7f498c004fa8
MOC-R4PCC04U05:443854:443911 [1] NCCL INFO New proxy recv connection 0 from local rank 1, transport 0
MOC-R4PCC04U05:443854:443921 [1] NCCL INFO Connected to proxy localRank 1 -> connection 0x7f5538004f30
MOC-R4PCC04U05:443855:443919 [2] NCCL INFO GPU Direct RDMA Disabled for GPU 2 / HCA 1 (distance 7 > 0)
MOC-R4PCC04U05:443853:443912 [0] NCCL INFO New proxy send connection 2 from local rank 0, transport 0
MOC-R4PCC04U05:443853:443920 [0] NCCL INFO Connected to proxy localRank 0 -> connection 0x7f498c005020
MOC-R4PCC04U05:443853:443912 [0] NCCL INFO New proxy send connection 3 from local rank 0, transport 0
MOC-R4PCC04U05:443853:443920 [0] NCCL INFO Connected to proxy localRank 0 -> connection 0x7f498c005098
MOC-R4PCC04U05:443854:443911 [1] NCCL INFO New proxy recv connection 1 from local rank 1, transport 0
MOC-R4PCC04U05:443854:443921 [1] NCCL INFO Connected to proxy localRank 1 -> connection 0x7f5538004fa8
MOC-R4PCC04U05:443856:443910 [3] NCCL INFO New proxy send connection 2 from local rank 3, transport 2
MOC-R4PCC04U05:443856:443918 [3] NCCL INFO Connected to proxy localRank 3 -> connection 0x7fd454005020
MOC-R4PCC04U05:443856:443918 [3] NCCL INFO Channel 00/0 : 3[3] -> 6[2] [send] via NET/IB/1
MOC-R4PCC04U05:443856:443918 [3] NCCL INFO GPU Direct RDMA Disabled for GPU 3 / HCA 1 (distance 7 > 0)
MOC-R4PCC04U05:443856:443910 [3] NCCL INFO New proxy send connection 3 from local rank 3, transport 2
MOC-R4PCC04U05:443856:443918 [3] NCCL INFO Connected to proxy localRank 3 -> connection 0x7fd454005098
MOC-R4PCC04U05:443856:443918 [3] NCCL INFO Channel 02/0 : 3[3] -> 6[2] [send] via NET/IB/1
MOC-R4PCC04U05:443853:443912 [0] NCCL INFO New proxy recv connection 4 from local rank 0, transport 0
MOC-R4PCC04U05:443853:443920 [0] NCCL INFO Connected to proxy localRank 0 -> connection 0x7f498c005110
MOC-R4PCC04U05:443856:443918 [3] NCCL INFO GPU Direct RDMA Disabled for GPU 3 / HCA 1 (distance 7 > 0)
MOC-R4PCC04U05:443856:443910 [3] NCCL INFO New proxy recv connection 4 from local rank 3, transport 2
MOC-R4PCC04U05:443856:443918 [3] NCCL INFO Connected to proxy localRank 3 -> connection 0x7fd454005110
MOC-R4PCC04U05:443856:443918 [3] NCCL INFO Channel 01/0 : 6[2] -> 3[3] [receive] via NET/IB/1
MOC-R4PCC04U05:443856:443918 [3] NCCL INFO GPU Direct RDMA Disabled for GPU 3 / HCA 1 (distance 7 > 0)
MOC-R4PCC04U05:443856:443910 [3] NCCL INFO New proxy recv connection 5 from local rank 3, transport 2
MOC-R4PCC04U05:443856:443918 [3] NCCL INFO Connected to proxy localRank 3 -> connection 0x7fd454005188
MOC-R4PCC04U05:443856:443918 [3] NCCL INFO Channel 03/0 : 6[2] -> 3[3] [receive] via NET/IB/1
MOC-R4PCC04U05:443856:443910 [3] NCCL INFO New proxy send connection 6 from local rank 3, transport 0
MOC-R4PCC04U05:443856:443918 [3] NCCL INFO Connected to proxy localRank 3 -> connection 0x7fd454005200
MOC-R4PCC04U05:443853:443912 [0] NCCL INFO New proxy recv connection 5 from local rank 0, transport 0
MOC-R4PCC04U05:443853:443920 [0] NCCL INFO Connected to proxy localRank 0 -> connection 0x7f498c005188
MOC-R4PCC04U05:443856:443910 [3] NCCL INFO New proxy send connection 7 from local rank 3, transport 0
MOC-R4PCC04U05:443856:443918 [3] NCCL INFO Connected to proxy localRank 3 -> connection 0x7fd454005278
MOC-R4PCC04U05:443853:443912 [0] NCCL INFO New proxy recv connection 6 from local rank 0, transport 0
MOC-R4PCC04U05:443853:443920 [0] NCCL INFO Connected to proxy localRank 0 -> connection 0x7f498c005200
MOC-R4PCC04U05:443855:443913 [2] NCCL INFO New proxy recv connection 2 from local rank 2, transport 2
MOC-R4PCC04U05:443855:443919 [2] NCCL INFO Connected to proxy localRank 2 -> connection 0x7f862c005020
MOC-R4PCC04U05:443855:443919 [2] NCCL INFO Channel 00/0 : 7[3] -> 2[2] [receive] via NET/IB/1
MOC-R4PCC04U05:443855:443919 [2] NCCL INFO GPU Direct RDMA Disabled for GPU 2 / HCA 1 (distance 7 > 0)
MOC-R4PCC04U05:443855:443913 [2] NCCL INFO New proxy recv connection 3 from local rank 2, transport 2
MOC-R4PCC04U05:443855:443919 [2] NCCL INFO Connected to proxy localRank 2 -> connection 0x7f862c005098
MOC-R4PCC04U05:443855:443919 [2] NCCL INFO Channel 02/0 : 7[3] -> 2[2] [receive] via NET/IB/1
MOC-R4PCC04U05:443855:443919 [2] NCCL INFO GPU Direct RDMA Disabled for GPU 2 / HCA 1 (distance 7 > 0)
MOC-R4PCC04U05:443855:443913 [2] NCCL INFO New proxy send connection 4 from local rank 2, transport 2
MOC-R4PCC04U05:443855:443919 [2] NCCL INFO Connected to proxy localRank 2 -> connection 0x7f862c005110
MOC-R4PCC04U05:443855:443919 [2] NCCL INFO Channel 01/0 : 2[2] -> 7[3] [send] via NET/IB/1
MOC-R4PCC04U05:443855:443919 [2] NCCL INFO GPU Direct RDMA Disabled for GPU 2 / HCA 1 (distance 7 > 0)
MOC-R4PCC04U05:443855:443913 [2] NCCL INFO New proxy send connection 5 from local rank 2, transport 2
MOC-R4PCC04U05:443855:443919 [2] NCCL INFO Connected to proxy localRank 2 -> connection 0x7f862c005188
MOC-R4PCC04U05:443855:443919 [2] NCCL INFO Channel 03/0 : 2[2] -> 7[3] [send] via NET/IB/1
MOC-R4PCC04U05:443855:443913 [2] NCCL INFO New proxy send connection 6 from local rank 2, transport 0
MOC-R4PCC04U05:443855:443919 [2] NCCL INFO Connected to proxy localRank 2 -> connection 0x7f862c005200
MOC-R4PCC04U05:443854:443911 [1] NCCL INFO New proxy recv connection 2 from local rank 1, transport 0
MOC-R4PCC04U05:443854:443921 [1] NCCL INFO Connected to proxy localRank 1 -> connection 0x7f5538005020
MOC-R4PCC04U05:443853:443912 [0] NCCL INFO New proxy recv connection 7 from local rank 0, transport 0
MOC-R4PCC04U05:443853:443920 [0] NCCL INFO Connected to proxy localRank 0 -> connection 0x7f498c005278
MOC-R4PCC04U05:443853:443912 [0] NCCL INFO New proxy send connection 8 from local rank 3, transport 0
MOC-R4PCC04U05:443856:443918 [3] NCCL INFO Connected to proxy localRank 0 -> connection 0x7f498c0052f0
MOC-R4PCC04U05:443855:443913 [2] NCCL INFO New proxy send connection 7 from local rank 2, transport 0
MOC-R4PCC04U05:443855:443919 [2] NCCL INFO Connected to proxy localRank 2 -> connection 0x7f862c005278
MOC-R4PCC04U05:443854:443911 [1] NCCL INFO New proxy recv connection 3 from local rank 1, transport 0
MOC-R4PCC04U05:443854:443921 [1] NCCL INFO Connected to proxy localRank 1 -> connection 0x7f5538005098
MOC-R4PCC04U05:443854:443911 [1] NCCL INFO New proxy send connection 4 from local rank 1, transport 0
MOC-R4PCC04U05:443854:443921 [1] NCCL INFO Connected to proxy localRank 1 -> connection 0x7f5538005110
MOC-R4PCC04U05:443854:443911 [1] NCCL INFO New proxy send connection 5 from local rank 1, transport 0
MOC-R4PCC04U05:443854:443921 [1] NCCL INFO Connected to proxy localRank 1 -> connection 0x7f5538005188
MOC-R4PCC04U05:443854:443911 [1] NCCL INFO New proxy send connection 6 from local rank 1, transport 0
MOC-R4PCC04U05:443854:443921 [1] NCCL INFO Connected to proxy localRank 1 -> connection 0x7f5538005200
MOC-R4PCC04U05:443854:443911 [1] NCCL INFO New proxy send connection 7 from local rank 1, transport 0
MOC-R4PCC04U05:443854:443921 [1] NCCL INFO Connected to proxy localRank 1 -> connection 0x7f5538005278
MOC-R4PCC04U05:443853:443912 [0] NCCL INFO New proxy send connection 9 from local rank 2, transport 0
MOC-R4PCC04U05:443855:443919 [2] NCCL INFO Connected to proxy localRank 0 -> connection 0x7f498c005368
MOC-R4PCC04U05:443855:443913 [2] NCCL INFO New proxy send connection 8 from local rank 0, transport 0
MOC-R4PCC04U05:443853:443920 [0] NCCL INFO Connected to proxy localRank 2 -> connection 0x7f862c0052f0
MOC-R4PCC04U05:443856:443910 [3] NCCL INFO New proxy send connection 8 from local rank 1, transport 0
MOC-R4PCC04U05:443854:443921 [1] NCCL INFO Connected to proxy localRank 3 -> connection 0x7fd4540052f0
MOC-R4PCC04U05:443854:443911 [1] NCCL INFO New proxy send connection 8 from local rank 3, transport 0
MOC-R4PCC04U05:443856:443918 [3] NCCL INFO Connected to proxy localRank 1 -> connection 0x7f55380052f0
MOC-R4PCC04U05:443854:443911 [1] NCCL INFO New proxy send connection 9 from local rank 2, transport 0
MOC-R4PCC04U05:443855:443919 [2] NCCL INFO Connected to proxy localRank 1 -> connection 0x7f5538005368
MOC-R4PCC04U05:443855:443913 [2] NCCL INFO NET/IB: NCCL Dev 1 IbDev 0 Port 1 qpn 6590 mtu 3 query_ece={supported=1, vendor_id=0x15b3, options=0x30000002, comp_mask=0x0} GID 3 (0/C132A8C0FFFF0000) fifoRkey=0x174705 fifoLkey=0x174705
MOC-R4PCC04U05:443855:443913 [2] NCCL INFO NET/IB: NCCL Dev 1 IbDev 0 Port 1 qpn 6591 mtu 3 query_ece={supported=1, vendor_id=0x15b3, options=0x30000002, comp_mask=0x0} GID 3 (0/C132A8C0FFFF0000) fifoRkey=0x177837 fifoLkey=0x177837
MOC-R4PCC04U05:443855:443913 [2] NCCL INFO NET/IB: IbDev 0 Port 1 qpn 6832 set_ece={supported=1, vendor_id=0x15b3, options=0x0, comp_mask=0x0}
MOC-R4PCC04U05:443856:443910 [3] NCCL INFO New proxy send connection 9 from local rank 0, transport 0
MOC-R4PCC04U05:443853:443920 [0] NCCL INFO Connected to proxy localRank 3 -> connection 0x7fd454005368
MOC-R4PCC04U05:443855:443913 [2] NCCL INFO NET/IB: IbDev 0 Port 1 qpn 6834 set_ece={supported=1, vendor_id=0x15b3, options=0x0, comp_mask=0x0}
MOC-R4PCC04U05:443853:443912 [0] NCCL INFO New proxy send connection 10 from local rank 1, transport 0
MOC-R4PCC04U05:443854:443921 [1] NCCL INFO Connected to proxy localRank 0 -> connection 0x7f498c0053e0
MOC-R4PCC04U05:443856:443910 [3] NCCL INFO NET/IB: NCCL Dev 1 IbDev 0 Port 1 qpn 6596 mtu 3 query_ece={supported=1, vendor_id=0x15b3, options=0x30000002, comp_mask=0x0} GID 3 (0/C132A8C0FFFF0000) fifoRkey=0x17bf7e fifoLkey=0x17bf7e
MOC-R4PCC04U05:443856:443910 [3] NCCL INFO NET/IB: NCCL Dev 1 IbDev 0 Port 1 qpn 6597 mtu 3 query_ece={supported=1, vendor_id=0x15b3, options=0x30000002, comp_mask=0x0} GID 3 (0/C132A8C0FFFF0000) fifoRkey=0x172eed fifoLkey=0x172eed
MOC-R4PCC04U05:443856:443910 [3] NCCL INFO NET/IB: IbDev 0 Port 1 qpn 6836 set_ece={supported=1, vendor_id=0x15b3, options=0x0, comp_mask=0x0}
MOC-R4PCC04U05:443856:443910 [3] NCCL INFO NET/IB: IbDev 0 Port 1 qpn 6838 set_ece={supported=1, vendor_id=0x15b3, options=0x0, comp_mask=0x0}
MOC-R4PCC04U05:443854:443911 [1] NCCL INFO New proxy send connection 10 from local rank 0, transport 0
MOC-R4PCC04U05:443853:443920 [0] NCCL INFO Connected to proxy localRank 1 -> connection 0x7f55380053e0
MOC-R4PCC04U05:443855:443913 [2] NCCL INFO New proxy send connection 9 from local rank 1, transport 0
MOC-R4PCC04U05:443854:443921 [1] NCCL INFO Connected to proxy localRank 2 -> connection 0x7f862c005368
num decayed parameter tensors: 50, with 124,318,464 parameters
num non-decayed parameter tensors: 98, with 121,344 parameters
using fused AdamW: False
using regular AdamW
MOC-R4PCC04U05:443853:443912 [0] NCCL INFO New proxy send connection 11 from local rank 0, transport 0
MOC-R4PCC04U05:443853:444613 [0] NCCL INFO Connected to proxy localRank 0 -> connection 0x7f498c005458
MOC-R4PCC04U05:443853:443912 [0] NCCL INFO New proxy send connection 12 from local rank 0, transport 0
MOC-R4PCC04U05:443853:444613 [0] NCCL INFO Connected to proxy localRank 0 -> connection 0x7f498c0054d0
MOC-R4PCC04U05:443853:443912 [0] NCCL INFO New proxy send connection 13 from local rank 0, transport 0
MOC-R4PCC04U05:443853:444613 [0] NCCL INFO Connected to proxy localRank 0 -> connection 0x7f498c005548
MOC-R4PCC04U05:443855:443913 [2] NCCL INFO New proxy recv connection 10 from local rank 2, transport 0
MOC-R4PCC04U05:443855:444614 [2] NCCL INFO Connected to proxy localRank 2 -> connection 0x7f862c0053e0
MOC-R4PCC04U05:443853:443912 [0] NCCL INFO New proxy send connection 14 from local rank 0, transport 0
MOC-R4PCC04U05:443853:444613 [0] NCCL INFO Connected to proxy localRank 0 -> connection 0x7f498c0055c0
MOC-R4PCC04U05:443855:443913 [2] NCCL INFO New proxy recv connection 11 from local rank 2, transport 0
MOC-R4PCC04U05:443855:444614 [2] NCCL INFO Connected to proxy localRank 2 -> connection 0x7f862c005458
MOC-R4PCC04U05:443855:443913 [2] NCCL INFO New proxy recv connection 12 from local rank 2, transport 0
MOC-R4PCC04U05:443855:444614 [2] NCCL INFO Connected to proxy localRank 2 -> connection 0x7f862c0054d0
MOC-R4PCC04U05:443855:443913 [2] NCCL INFO New proxy recv connection 13 from local rank 2, transport 0
MOC-R4PCC04U05:443855:444614 [2] NCCL INFO Connected to proxy localRank 2 -> connection 0x7f862c005548
MOC-R4PCC04U05:443854:443911 [1] NCCL INFO New proxy recv connection 11 from local rank 1, transport 0
MOC-R4PCC04U05:443854:444615 [1] NCCL INFO Connected to proxy localRank 1 -> connection 0x7f5538005458
MOC-R4PCC04U05:443854:443911 [1] NCCL INFO New proxy recv connection 12 from local rank 1, transport 0
MOC-R4PCC04U05:443854:444615 [1] NCCL INFO Connected to proxy localRank 1 -> connection 0x7f55380054d0
MOC-R4PCC04U05:443854:443911 [1] NCCL INFO New proxy recv connection 13 from local rank 1, transport 0
MOC-R4PCC04U05:443854:444615 [1] NCCL INFO Connected to proxy localRank 1 -> connection 0x7f5538005548
MOC-R4PCC04U05:443854:443911 [1] NCCL INFO New proxy recv connection 14 from local rank 1, transport 0
MOC-R4PCC04U05:443854:444615 [1] NCCL INFO Connected to proxy localRank 1 -> connection 0x7f55380055c0
MOC-R4PCC04U05:443854:443911 [1] NCCL INFO New proxy send connection 15 from local rank 1, transport 0
MOC-R4PCC04U05:443854:444615 [1] NCCL INFO Connected to proxy localRank 1 -> connection 0x7f5538005638
MOC-R4PCC04U05:443854:443911 [1] NCCL INFO New proxy send connection 16 from local rank 1, transport 0
MOC-R4PCC04U05:443854:444615 [1] NCCL INFO Connected to proxy localRank 1 -> connection 0x7f55380056b0
MOC-R4PCC04U05:443854:443911 [1] NCCL INFO New proxy send connection 17 from local rank 1, transport 0
MOC-R4PCC04U05:443854:444615 [1] NCCL INFO Connected to proxy localRank 1 -> connection 0x7f5538005728
MOC-R4PCC04U05:443854:443911 [1] NCCL INFO New proxy send connection 18 from local rank 1, transport 0
MOC-R4PCC04U05:443854:444615 [1] NCCL INFO Connected to proxy localRank 1 -> connection 0x7f55380057a0
MOC-R4PCC04U05:443853:443912 [0] NCCL INFO New proxy send connection 15 from local rank 0, transport 0
MOC-R4PCC04U05:443853:444613 [0] NCCL INFO Connected to proxy localRank 0 -> connection 0x7f498c005638
MOC-R4PCC04U05:443854:443911 [1] NCCL INFO New proxy recv connection 19 from local rank 1, transport 0
MOC-R4PCC04U05:443854:444615 [1] NCCL INFO Connected to proxy localRank 1 -> connection 0x7f5538005818
MOC-R4PCC04U05:443855:443913 [2] NCCL INFO New proxy send connection 14 from local rank 2, transport 0
MOC-R4PCC04U05:443855:444614 [2] NCCL INFO Connected to proxy localRank 2 -> connection 0x7f862c0055c0
MOC-R4PCC04U05:443854:443911 [1] NCCL INFO New proxy recv connection 20 from local rank 1, transport 0
MOC-R4PCC04U05:443854:444615 [1] NCCL INFO Connected to proxy localRank 1 -> connection 0x7f5538005890
MOC-R4PCC04U05:443853:443912 [0] NCCL INFO New proxy send connection 16 from local rank 0, transport 0
MOC-R4PCC04U05:443853:444613 [0] NCCL INFO Connected to proxy localRank 0 -> connection 0x7f498c0056b0
MOC-R4PCC04U05:443855:443913 [2] NCCL INFO New proxy send connection 15 from local rank 2, transport 0
MOC-R4PCC04U05:443855:444614 [2] NCCL INFO Connected to proxy localRank 2 -> connection 0x7f862c005638
MOC-R4PCC04U05:443856:443910 [3] NCCL INFO New proxy recv connection 10 from local rank 3, transport 0
MOC-R4PCC04U05:443856:444616 [3] NCCL INFO Connected to proxy localRank 3 -> connection 0x7fd4540053e0
MOC-R4PCC04U05:443856:443910 [3] NCCL INFO New proxy recv connection 11 from local rank 3, transport 0
MOC-R4PCC04U05:443856:444616 [3] NCCL INFO Connected to proxy localRank 3 -> connection 0x7fd454005458
MOC-R4PCC04U05:443856:444616 [3] NCCL INFO GPU Direct RDMA Disabled for GPU 3 / HCA 1 (distance 7 > 0)
MOC-R4PCC04U05:443856:443910 [3] NCCL INFO New proxy recv connection 12 from local rank 3, transport 2
MOC-R4PCC04U05:443856:444616 [3] NCCL INFO Connected to proxy localRank 3 -> connection 0x7fd4540054d0
MOC-R4PCC04U05:443853:443912 [0] NCCL INFO New proxy recv connection 17 from local rank 0, transport 0
MOC-R4PCC04U05:443856:444616 [3] NCCL INFO Channel 00/0 : 7[3] -> 3[3] [receive] via NET/IB/1
MOC-R4PCC04U05:443856:444616 [3] NCCL INFO GPU Direct RDMA Disabled for GPU 3 / HCA 1 (distance 7 > 0)
MOC-R4PCC04U05:443853:444613 [0] NCCL INFO Connected to proxy localRank 0 -> connection 0x7f498c005728
MOC-R4PCC04U05:443856:443910 [3] NCCL INFO New proxy recv connection 13 from local rank 3, transport 2
MOC-R4PCC04U05:443856:444616 [3] NCCL INFO Connected to proxy localRank 3 -> connection 0x7fd454005548
MOC-R4PCC04U05:443856:444616 [3] NCCL INFO Channel 01/0 : 7[3] -> 3[3] [receive] via NET/IB/1
MOC-R4PCC04U05:443856:444616 [3] NCCL INFO GPU Direct RDMA Disabled for GPU 3 / HCA 1 (distance 7 > 0)
MOC-R4PCC04U05:443856:443910 [3] NCCL INFO New proxy recv connection 14 from local rank 3, transport 2
MOC-R4PCC04U05:443856:444616 [3] NCCL INFO Connected to proxy localRank 3 -> connection 0x7fd4540055c0
MOC-R4PCC04U05:443856:444616 [3] NCCL INFO Channel 02/0 : 7[3] -> 3[3] [receive] via NET/IB/1
MOC-R4PCC04U05:443856:444616 [3] NCCL INFO GPU Direct RDMA Disabled for GPU 3 / HCA 1 (distance 7 > 0)
MOC-R4PCC04U05:443856:443910 [3] NCCL INFO New proxy recv connection 15 from local rank 3, transport 2
MOC-R4PCC04U05:443856:444616 [3] NCCL INFO Connected to proxy localRank 3 -> connection 0x7fd454005638
MOC-R4PCC04U05:443856:444616 [3] NCCL INFO Channel 03/0 : 7[3] -> 3[3] [receive] via NET/IB/1
MOC-R4PCC04U05:443856:444616 [3] NCCL INFO GPU Direct RDMA Disabled for GPU 3 / HCA 1 (distance 7 > 0)
MOC-R4PCC04U05:443856:443910 [3] NCCL INFO New proxy send connection 16 from local rank 3, transport 2
MOC-R4PCC04U05:443856:444616 [3] NCCL INFO Connected to proxy localRank 3 -> connection 0x7fd4540056b0
MOC-R4PCC04U05:443856:444616 [3] NCCL INFO Channel 00/0 : 3[3] -> 7[3] [send] via NET/IB/1
MOC-R4PCC04U05:443856:444616 [3] NCCL INFO GPU Direct RDMA Disabled for GPU 3 / HCA 1 (distance 7 > 0)
MOC-R4PCC04U05:443856:443910 [3] NCCL INFO New proxy send connection 17 from local rank 3, transport 2
MOC-R4PCC04U05:443856:444616 [3] NCCL INFO Connected to proxy localRank 3 -> connection 0x7fd454005728
MOC-R4PCC04U05:443856:444616 [3] NCCL INFO Channel 01/0 : 3[3] -> 7[3] [send] via NET/IB/1
MOC-R4PCC04U05:443856:444616 [3] NCCL INFO GPU Direct RDMA Disabled for GPU 3 / HCA 1 (distance 7 > 0)
MOC-R4PCC04U05:443856:443910 [3] NCCL INFO New proxy send connection 18 from local rank 3, transport 2
MOC-R4PCC04U05:443856:444616 [3] NCCL INFO Connected to proxy localRank 3 -> connection 0x7fd4540057a0
MOC-R4PCC04U05:443856:444616 [3] NCCL INFO Channel 02/0 : 3[3] -> 7[3] [send] via NET/IB/1
MOC-R4PCC04U05:443856:444616 [3] NCCL INFO GPU Direct RDMA Disabled for GPU 3 / HCA 1 (distance 7 > 0)
MOC-R4PCC04U05:443856:443910 [3] NCCL INFO New proxy send connection 19 from local rank 3, transport 2
MOC-R4PCC04U05:443856:444616 [3] NCCL INFO Connected to proxy localRank 3 -> connection 0x7fd454005818
MOC-R4PCC04U05:443853:443912 [0] NCCL INFO New proxy recv connection 18 from local rank 0, transport 0
MOC-R4PCC04U05:443853:444613 [0] NCCL INFO Connected to proxy localRank 0 -> connection 0x7f498c0057a0
MOC-R4PCC04U05:443856:444616 [3] NCCL INFO Channel 03/0 : 3[3] -> 7[3] [send] via NET/IB/1
MOC-R4PCC04U05:443853:443912 [0] NCCL INFO New proxy recv connection 19 from local rank 0, transport 0
MOC-R4PCC04U05:443853:444613 [0] NCCL INFO Connected to proxy localRank 0 -> connection 0x7f498c005818
MOC-R4PCC04U05:443856:443910 [3] NCCL INFO New proxy send connection 20 from local rank 3, transport 0
MOC-R4PCC04U05:443856:444616 [3] NCCL INFO Connected to proxy localRank 3 -> connection 0x7fd454005890
MOC-R4PCC04U05:443853:443912 [0] NCCL INFO New proxy recv connection 20 from local rank 0, transport 0
MOC-R4PCC04U05:443853:444613 [0] NCCL INFO Connected to proxy localRank 0 -> connection 0x7f498c005890
MOC-R4PCC04U05:443856:443910 [3] NCCL INFO New proxy send connection 21 from local rank 3, transport 0
MOC-R4PCC04U05:443856:444616 [3] NCCL INFO Connected to proxy localRank 3 -> connection 0x7fd454005908
MOC-R4PCC04U05:443856:443910 [3] NCCL INFO New proxy send connection 22 from local rank 3, transport 0
MOC-R4PCC04U05:443856:444616 [3] NCCL INFO Connected to proxy localRank 3 -> connection 0x7fd454005980
MOC-R4PCC04U05:443856:443910 [3] NCCL INFO New proxy send connection 23 from local rank 3, transport 0
MOC-R4PCC04U05:443856:444616 [3] NCCL INFO Connected to proxy localRank 3 -> connection 0x7fd4540059f8
MOC-R4PCC04U05:443856:443910 [3] NCCL INFO NET/IB: NCCL Dev 1 IbDev 0 Port 1 qpn 6602 mtu 3 query_ece={supported=1, vendor_id=0x15b3, options=0x30000002, comp_mask=0x0} GID 3 (0/C132A8C0FFFF0000) fifoRkey=0x179c5b fifoLkey=0x179c5b
MOC-R4PCC04U05:443856:443910 [3] NCCL INFO NET/IB: NCCL Dev 1 IbDev 0 Port 1 qpn 6603 mtu 3 query_ece={supported=1, vendor_id=0x15b3, options=0x30000002, comp_mask=0x0} GID 3 (0/C132A8C0FFFF0000) fifoRkey=0x17ecab fifoLkey=0x17ecab
MOC-R4PCC04U05:443856:443910 [3] NCCL INFO NET/IB: NCCL Dev 1 IbDev 0 Port 1 qpn 6604 mtu 3 query_ece={supported=1, vendor_id=0x15b3, options=0x30000002, comp_mask=0x0} GID 3 (0/C132A8C0FFFF0000) fifoRkey=0x17601f fifoLkey=0x17601f
MOC-R4PCC04U05:443856:443910 [3] NCCL INFO NET/IB: IbDev 0 Port 1 qpn 6842 set_ece={supported=1, vendor_id=0x15b3, options=0x0, comp_mask=0x0}
MOC-R4PCC04U05:443856:443910 [3] NCCL INFO NET/IB: IbDev 0 Port 1 qpn 6845 set_ece={supported=1, vendor_id=0x15b3, options=0x0, comp_mask=0x0}
MOC-R4PCC04U05:443856:443910 [3] NCCL INFO NET/IB: IbDev 0 Port 1 qpn 6848 set_ece={supported=1, vendor_id=0x15b3, options=0x0, comp_mask=0x0}
MOC-R4PCC04U05:443856:443910 [3] NCCL INFO NET/IB: NCCL Dev 1 IbDev 0 Port 1 qpn 6611 mtu 3 query_ece={supported=1, vendor_id=0x15b3, options=0x30000002, comp_mask=0x0} GID 3 (0/C132A8C0FFFF0000) fifoRkey=0x17e7a6 fifoLkey=0x17e7a6
MOC-R4PCC04U05:443856:443910 [3] NCCL INFO NET/IB: IbDev 0 Port 1 qpn 6852 set_ece={supported=1, vendor_id=0x15b3, options=0x0, comp_mask=0x0}
step    1/10 | train loss 11.008972 | norm 15.7109 | lr 1.00e-04 | (13785.21 ms | 38033 tok/s)
step    2/10 | train loss 10.123234 | norm 5.8019 | lr 1.00e-04 | (183.18 ms | 2862078 tok/s)
step    3/10 | train loss 9.777221 | norm 2.6314 | lr 1.00e-04 | (257.98 ms | 2032311 tok/s)
step    4/10 | train loss 9.607372 | norm 2.1166 | lr 1.00e-04 | (251.34 ms | 2086002 tok/s)
step    5/10 | train loss 9.524717 | norm 2.1076 | lr 1.00e-04 | (183.06 ms | 2864035 tok/s)
step    6/10 | train loss 9.443520 | norm 2.0013 | lr 1.00e-04 | (197.30 ms | 2657301 tok/s)
step    7/10 | train loss 9.358724 | norm 1.9491 | lr 1.00e-04 | (184.85 ms | 2836256 tok/s)
step    8/10 | train loss 9.269133 | norm 1.9124 | lr 1.00e-04 | (181.51 ms | 2888499 tok/s)
step    9/10 | train loss 9.176634 | norm 1.8636 | lr 1.00e-04 | (181.83 ms | 2883420 tok/s)
step   10/10 | train loss 9.088060 | norm 1.7782 | lr 1.00e-04 | (182.22 ms | 2877199 tok/s)
final 9 iters avg: 200.363ms
peak memory consumption: 16601 MiB
