Running pytorch 2.7.0+cu126
using device: cuda:0
total desired batch size: 1966080
=> calculated gradient accumulation steps: 5
using device: cuda:3
using device: cuda:1
using device: cuda:2
compiling the model...
DataLoader: total number of tokens: 1,661,249,667 across 103 files
MOC-R4PCC04U05:551924:551924 [0] NCCL INFO NCCL_SOCKET_IFNAME set to eno7np0
MOC-R4PCC04U05:551924:551924 [0] NCCL INFO NCCL version 2.26.2+cuda12.2
MOC-R4PCC04U05:551924:552031 [0] NCCL INFO NET/Plugin: Could not find: libnccl-net.so. Using internal net plugin.
MOC-R4PCC04U05:551924:552031 [0] NCCL INFO NCCL_IB_HCA set to mlx5_5
MOC-R4PCC04U05:551924:552031 [0] NCCL INFO NET/IB : Made virtual device [0] name=mlx5_5 speed=400000 ndevs=1
MOC-R4PCC04U05:551924:552031 [0] NCCL INFO NET/IB : Using [0]mlx5_5:1/RoCE [RO]; OOB eno7np0:192.168.50.193<0>
MOC-R4PCC04U05:551925:551925 [1] NCCL INFO NCCL_SOCKET_IFNAME set to eno7np0
MOC-R4PCC04U05:551925:551925 [1] NCCL INFO NCCL version 2.26.2+cuda12.2
MOC-R4PCC04U05:551926:551926 [2] NCCL INFO NCCL_SOCKET_IFNAME set to eno7np0
MOC-R4PCC04U05:551926:551926 [2] NCCL INFO NCCL version 2.26.2+cuda12.2
MOC-R4PCC04U05:551927:551927 [3] NCCL INFO NCCL_SOCKET_IFNAME set to eno7np0
MOC-R4PCC04U05:551927:551927 [3] NCCL INFO NCCL version 2.26.2+cuda12.2
MOC-R4PCC04U05:551925:552054 [1] NCCL INFO NET/Plugin: Could not find: libnccl-net.so. Using internal net plugin.
MOC-R4PCC04U05:551925:552054 [1] NCCL INFO NCCL_IB_HCA set to mlx5_5
MOC-R4PCC04U05:551926:552055 [2] NCCL INFO NET/Plugin: Could not find: libnccl-net.so. Using internal net plugin.
MOC-R4PCC04U05:551926:552055 [2] NCCL INFO NCCL_IB_HCA set to mlx5_5
MOC-R4PCC04U05:551927:552056 [3] NCCL INFO NET/Plugin: Could not find: libnccl-net.so. Using internal net plugin.
MOC-R4PCC04U05:551927:552056 [3] NCCL INFO NCCL_IB_HCA set to mlx5_5
MOC-R4PCC04U05:551925:552054 [1] NCCL INFO NET/IB : Made virtual device [0] name=mlx5_5 speed=400000 ndevs=1
MOC-R4PCC04U05:551925:552054 [1] NCCL INFO NET/IB : Using [0]mlx5_5:1/RoCE [RO]; OOB eno7np0:192.168.50.193<0>
MOC-R4PCC04U05:551926:552055 [2] NCCL INFO NET/IB : Made virtual device [0] name=mlx5_5 speed=400000 ndevs=1
MOC-R4PCC04U05:551926:552055 [2] NCCL INFO NET/IB : Using [0]mlx5_5:1/RoCE [RO]; OOB eno7np0:192.168.50.193<0>
MOC-R4PCC04U05:551927:552056 [3] NCCL INFO NET/IB : Made virtual device [0] name=mlx5_5 speed=400000 ndevs=1
MOC-R4PCC04U05:551927:552056 [3] NCCL INFO NET/IB : Using [0]mlx5_5:1/RoCE [RO]; OOB eno7np0:192.168.50.193<0>
MOC-R4PCC04U05:551926:552055 [2] NCCL INFO NET/IB : GPU Direct RDMA Enabled for HCA 0 'mlx5_5'
MOC-R4PCC04U05:551926:552055 [2] NCCL INFO NET/IB : Made virtual device [1] name=mlx5_5 speed=400000 ndevs=1
MOC-R4PCC04U05:551926:552055 [2] NCCL INFO NET/IB : GPU Direct RDMA Enabled for HCA 0 'mlx5_5'
MOC-R4PCC04U05:551926:552055 [2] NCCL INFO NET/IB : GPU Direct RDMA Enabled for HCA 1 'mlx5_5'
MOC-R4PCC04U05:551924:552031 [0] NCCL INFO NET/IB : GPU Direct RDMA Enabled for HCA 0 'mlx5_5'
MOC-R4PCC04U05:551924:552031 [0] NCCL INFO NET/IB : Made virtual device [1] name=mlx5_5 speed=400000 ndevs=1
MOC-R4PCC04U05:551924:552031 [0] NCCL INFO NET/IB : GPU Direct RDMA Enabled for HCA 0 'mlx5_5'
MOC-R4PCC04U05:551924:552031 [0] NCCL INFO NET/IB : GPU Direct RDMA Enabled for HCA 1 'mlx5_5'
MOC-R4PCC04U05:551927:552056 [3] NCCL INFO NET/IB : GPU Direct RDMA Enabled for HCA 0 'mlx5_5'
MOC-R4PCC04U05:551927:552056 [3] NCCL INFO NET/IB : Made virtual device [1] name=mlx5_5 speed=400000 ndevs=1
MOC-R4PCC04U05:551927:552056 [3] NCCL INFO NET/IB : GPU Direct RDMA Enabled for HCA 0 'mlx5_5'
MOC-R4PCC04U05:551927:552056 [3] NCCL INFO NET/IB : GPU Direct RDMA Enabled for HCA 1 'mlx5_5'
MOC-R4PCC04U05:551925:552054 [1] NCCL INFO NET/IB : GPU Direct RDMA Enabled for HCA 0 'mlx5_5'
MOC-R4PCC04U05:551925:552054 [1] NCCL INFO NET/IB : Made virtual device [1] name=mlx5_5 speed=400000 ndevs=1
MOC-R4PCC04U05:551925:552054 [1] NCCL INFO NET/IB : GPU Direct RDMA Enabled for HCA 0 'mlx5_5'
MOC-R4PCC04U05:551925:552054 [1] NCCL INFO NET/IB : GPU Direct RDMA Enabled for HCA 1 'mlx5_5'
MOC-R4PCC04U05:551924:552031 [0] NCCL INFO GPU Direct RDMA Enabled for GPU 0 / HCA 1 (distance 5 <= 5), read 0 mode Default
MOC-R4PCC04U05:551924:552031 [0] NCCL INFO GPU Direct RDMA Enabled for GPU 1 / HCA 1 (distance 5 <= 5), read 0 mode Default
MOC-R4PCC04U05:551924:552031 [0] NCCL INFO GPU Direct RDMA Enabled for GPU 2 / HCA 1 (distance 5 <= 5), read 0 mode Default
MOC-R4PCC04U05:551924:552031 [0] NCCL INFO GPU Direct RDMA Enabled for GPU 3 / HCA 1 (distance 5 <= 5), read 0 mode Default
MOC-R4PCC04U05:551924:552031 [0] NCCL INFO GPU Direct RDMA Enabled for GPU 0 / HCA 1 (distance 5 <= 5), read 0 mode Default
MOC-R4PCC04U05:551924:552031 [0] NCCL INFO GPU Direct RDMA Enabled for GPU 1 / HCA 1 (distance 5 <= 5), read 0 mode Default
MOC-R4PCC04U05:551924:552031 [0] NCCL INFO GPU Direct RDMA Enabled for GPU 2 / HCA 1 (distance 5 <= 5), read 0 mode Default
MOC-R4PCC04U05:551924:552031 [0] NCCL INFO GPU Direct RDMA Enabled for GPU 3 / HCA 1 (distance 5 <= 5), read 0 mode Default
MOC-R4PCC04U05:551925:552054 [1] NCCL INFO GPU Direct RDMA Enabled for GPU 0 / HCA 1 (distance 5 <= 5), read 0 mode Default
MOC-R4PCC04U05:551925:552054 [1] NCCL INFO GPU Direct RDMA Enabled for GPU 1 / HCA 1 (distance 5 <= 5), read 0 mode Default
MOC-R4PCC04U05:551925:552054 [1] NCCL INFO GPU Direct RDMA Enabled for GPU 2 / HCA 1 (distance 5 <= 5), read 0 mode Default
MOC-R4PCC04U05:551925:552054 [1] NCCL INFO GPU Direct RDMA Enabled for GPU 3 / HCA 1 (distance 5 <= 5), read 0 mode Default
MOC-R4PCC04U05:551925:552054 [1] NCCL INFO GPU Direct RDMA Enabled for GPU 0 / HCA 1 (distance 5 <= 5), read 0 mode Default
MOC-R4PCC04U05:551925:552054 [1] NCCL INFO GPU Direct RDMA Enabled for GPU 1 / HCA 1 (distance 5 <= 5), read 0 mode Default
MOC-R4PCC04U05:551925:552054 [1] NCCL INFO GPU Direct RDMA Enabled for GPU 2 / HCA 1 (distance 5 <= 5), read 0 mode Default
MOC-R4PCC04U05:551925:552054 [1] NCCL INFO GPU Direct RDMA Enabled for GPU 3 / HCA 1 (distance 5 <= 5), read 0 mode Default
MOC-R4PCC04U05:551926:552055 [2] NCCL INFO GPU Direct RDMA Enabled for GPU 0 / HCA 1 (distance 5 <= 5), read 0 mode Default
MOC-R4PCC04U05:551926:552055 [2] NCCL INFO GPU Direct RDMA Enabled for GPU 1 / HCA 1 (distance 5 <= 5), read 0 mode Default
MOC-R4PCC04U05:551926:552055 [2] NCCL INFO GPU Direct RDMA Enabled for GPU 2 / HCA 1 (distance 5 <= 5), read 0 mode Default
MOC-R4PCC04U05:551926:552055 [2] NCCL INFO GPU Direct RDMA Enabled for GPU 3 / HCA 1 (distance 5 <= 5), read 0 mode Default
MOC-R4PCC04U05:551926:552055 [2] NCCL INFO GPU Direct RDMA Enabled for GPU 0 / HCA 1 (distance 5 <= 5), read 0 mode Default
MOC-R4PCC04U05:551926:552055 [2] NCCL INFO GPU Direct RDMA Enabled for GPU 1 / HCA 1 (distance 5 <= 5), read 0 mode Default
MOC-R4PCC04U05:551926:552055 [2] NCCL INFO GPU Direct RDMA Enabled for GPU 2 / HCA 1 (distance 5 <= 5), read 0 mode Default
MOC-R4PCC04U05:551926:552055 [2] NCCL INFO GPU Direct RDMA Enabled for GPU 3 / HCA 1 (distance 5 <= 5), read 0 mode Default
MOC-R4PCC04U05:551927:552056 [3] NCCL INFO GPU Direct RDMA Enabled for GPU 0 / HCA 1 (distance 5 <= 5), read 0 mode Default
MOC-R4PCC04U05:551927:552056 [3] NCCL INFO GPU Direct RDMA Enabled for GPU 1 / HCA 1 (distance 5 <= 5), read 0 mode Default
MOC-R4PCC04U05:551927:552056 [3] NCCL INFO GPU Direct RDMA Enabled for GPU 2 / HCA 1 (distance 5 <= 5), read 0 mode Default
MOC-R4PCC04U05:551927:552056 [3] NCCL INFO GPU Direct RDMA Enabled for GPU 3 / HCA 1 (distance 5 <= 5), read 0 mode Default
MOC-R4PCC04U05:551927:552056 [3] NCCL INFO GPU Direct RDMA Enabled for GPU 0 / HCA 1 (distance 5 <= 5), read 0 mode Default
MOC-R4PCC04U05:551927:552056 [3] NCCL INFO GPU Direct RDMA Enabled for GPU 1 / HCA 1 (distance 5 <= 5), read 0 mode Default
MOC-R4PCC04U05:551927:552056 [3] NCCL INFO GPU Direct RDMA Enabled for GPU 2 / HCA 1 (distance 5 <= 5), read 0 mode Default
MOC-R4PCC04U05:551927:552056 [3] NCCL INFO GPU Direct RDMA Enabled for GPU 3 / HCA 1 (distance 5 <= 5), read 0 mode Default
MOC-R4PCC04U05:551925:552073 [1] NCCL INFO New proxy recv connection 0 from local rank 1, transport 0
MOC-R4PCC04U05:551925:552076 [1] NCCL INFO Connected to proxy localRank 1 -> connection 0x7f34a8004f30
MOC-R4PCC04U05:551924:552067 [0] NCCL INFO New proxy send connection 0 from local rank 0, transport 0
MOC-R4PCC04U05:551924:552077 [0] NCCL INFO Connected to proxy localRank 0 -> connection 0x7f0568004f30
MOC-R4PCC04U05:551925:552073 [1] NCCL INFO New proxy recv connection 1 from local rank 1, transport 0
MOC-R4PCC04U05:551925:552076 [1] NCCL INFO Connected to proxy localRank 1 -> connection 0x7f34a8004fa8
MOC-R4PCC04U05:551925:552073 [1] NCCL INFO New proxy recv connection 2 from local rank 1, transport 0
MOC-R4PCC04U05:551925:552076 [1] NCCL INFO Connected to proxy localRank 1 -> connection 0x7f34a8005020
MOC-R4PCC04U05:551926:552078 [2] NCCL INFO GPU Direct RDMA Enabled for GPU 2 / HCA 1 (distance 5 <= 5), read 0 mode Default
MOC-R4PCC04U05:551924:552067 [0] NCCL INFO New proxy send connection 1 from local rank 0, transport 0
MOC-R4PCC04U05:551924:552077 [0] NCCL INFO Connected to proxy localRank 0 -> connection 0x7f0568004fa8
MOC-R4PCC04U05:551925:552073 [1] NCCL INFO New proxy recv connection 3 from local rank 1, transport 0
MOC-R4PCC04U05:551925:552076 [1] NCCL INFO Connected to proxy localRank 1 -> connection 0x7f34a8005098
MOC-R4PCC04U05:551924:552067 [0] NCCL INFO New proxy send connection 2 from local rank 0, transport 0
MOC-R4PCC04U05:551924:552077 [0] NCCL INFO Connected to proxy localRank 0 -> connection 0x7f0568005020
MOC-R4PCC04U05:551924:552067 [0] NCCL INFO New proxy send connection 3 from local rank 0, transport 0
MOC-R4PCC04U05:551924:552077 [0] NCCL INFO Connected to proxy localRank 0 -> connection 0x7f0568005098
MOC-R4PCC04U05:551925:552073 [1] NCCL INFO New proxy send connection 4 from local rank 1, transport 0
MOC-R4PCC04U05:551925:552076 [1] NCCL INFO Connected to proxy localRank 1 -> connection 0x7f34a8005110
MOC-R4PCC04U05:551925:552073 [1] NCCL INFO New proxy send connection 5 from local rank 1, transport 0
MOC-R4PCC04U05:551925:552076 [1] NCCL INFO Connected to proxy localRank 1 -> connection 0x7f34a8005188
MOC-R4PCC04U05:551925:552073 [1] NCCL INFO New proxy send connection 6 from local rank 1, transport 0
MOC-R4PCC04U05:551925:552076 [1] NCCL INFO Connected to proxy localRank 1 -> connection 0x7f34a8005200
MOC-R4PCC04U05:551925:552073 [1] NCCL INFO New proxy send connection 7 from local rank 1, transport 0
MOC-R4PCC04U05:551925:552076 [1] NCCL INFO Connected to proxy localRank 1 -> connection 0x7f34a8005278
MOC-R4PCC04U05:551927:552068 [3] NCCL INFO New proxy recv connection 0 from local rank 3, transport 0
MOC-R4PCC04U05:551927:552079 [3] NCCL INFO Connected to proxy localRank 3 -> connection 0x7fdb58004f30
MOC-R4PCC04U05:551927:552068 [3] NCCL INFO New proxy recv connection 1 from local rank 3, transport 0
MOC-R4PCC04U05:551927:552079 [3] NCCL INFO Connected to proxy localRank 3 -> connection 0x7fdb58004fa8
MOC-R4PCC04U05:551926:552069 [2] NCCL INFO New proxy recv connection 0 from local rank 2, transport 2
MOC-R4PCC04U05:551926:552078 [2] NCCL INFO Connected to proxy localRank 2 -> connection 0x7fc118004f30
MOC-R4PCC04U05:551926:552078 [2] NCCL INFO Channel 00/0 : 11[3] -> 2[2] [receive] via NET/IB/1/GDRDMA
MOC-R4PCC04U05:551926:552078 [2] NCCL INFO GPU Direct RDMA Enabled for GPU 2 / HCA 1 (distance 5 <= 5), read 0 mode Default
MOC-R4PCC04U05:551927:552068 [3] NCCL INFO New proxy recv connection 2 from local rank 3, transport 0
MOC-R4PCC04U05:551926:552069 [2] NCCL INFO New proxy recv connection 1 from local rank 2, transport 2
MOC-R4PCC04U05:551927:552079 [3] NCCL INFO Connected to proxy localRank 3 -> connection 0x7fdb58005020
MOC-R4PCC04U05:551926:552078 [2] NCCL INFO Connected to proxy localRank 2 -> connection 0x7fc118004fa8
MOC-R4PCC04U05:551926:552078 [2] NCCL INFO Channel 01/0 : 11[3] -> 2[2] [receive] via NET/IB/1/GDRDMA
MOC-R4PCC04U05:551926:552078 [2] NCCL INFO GPU Direct RDMA Enabled for GPU 2 / HCA 1 (distance 5 <= 5), read 0 mode Default
MOC-R4PCC04U05:551926:552069 [2] NCCL INFO New proxy recv connection 2 from local rank 2, transport 2
MOC-R4PCC04U05:551926:552078 [2] NCCL INFO Connected to proxy localRank 2 -> connection 0x7fc118005020
MOC-R4PCC04U05:551926:552078 [2] NCCL INFO Channel 02/0 : 11[3] -> 2[2] [receive] via NET/IB/1/GDRDMA
MOC-R4PCC04U05:551926:552078 [2] NCCL INFO GPU Direct RDMA Enabled for GPU 2 / HCA 1 (distance 5 <= 5), read 0 mode Default
MOC-R4PCC04U05:551926:552069 [2] NCCL INFO New proxy recv connection 3 from local rank 2, transport 2
MOC-R4PCC04U05:551926:552078 [2] NCCL INFO Connected to proxy localRank 2 -> connection 0x7fc118005098
MOC-R4PCC04U05:551926:552078 [2] NCCL INFO Channel 03/0 : 11[3] -> 2[2] [receive] via NET/IB/1/GDRDMA
MOC-R4PCC04U05:551926:552069 [2] NCCL INFO New proxy send connection 4 from local rank 2, transport 0
MOC-R4PCC04U05:551926:552078 [2] NCCL INFO Connected to proxy localRank 2 -> connection 0x7fc118005110
MOC-R4PCC04U05:551927:552068 [3] NCCL INFO New proxy recv connection 3 from local rank 3, transport 0
MOC-R4PCC04U05:551927:552079 [3] NCCL INFO Connected to proxy localRank 3 -> connection 0x7fdb58005098
MOC-R4PCC04U05:551926:552069 [2] NCCL INFO New proxy send connection 5 from local rank 2, transport 0
MOC-R4PCC04U05:551926:552078 [2] NCCL INFO Connected to proxy localRank 2 -> connection 0x7fc118005188
MOC-R4PCC04U05:551927:552079 [3] NCCL INFO GPU Direct RDMA Enabled for GPU 3 / HCA 1 (distance 5 <= 5), read 1 mode Default
MOC-R4PCC04U05:551926:552069 [2] NCCL INFO New proxy send connection 6 from local rank 2, transport 0
MOC-R4PCC04U05:551926:552078 [2] NCCL INFO Connected to proxy localRank 2 -> connection 0x7fc118005200
MOC-R4PCC04U05:551926:552069 [2] NCCL INFO New proxy send connection 7 from local rank 2, transport 0
MOC-R4PCC04U05:551926:552078 [2] NCCL INFO Connected to proxy localRank 2 -> connection 0x7fc118005278
MOC-R4PCC04U05:551926:552069 [2] NCCL INFO New proxy send connection 8 from local rank 3, transport 2
MOC-R4PCC04U05:551927:552079 [3] NCCL INFO Connected to proxy localRank 2 -> connection 0x7fc1180052f0
MOC-R4PCC04U05:551927:552079 [3] NCCL INFO Channel 00/0 : 3[3] -> 6[2] [send] via NET/IB/1(2)/GDRDMA
MOC-R4PCC04U05:551927:552079 [3] NCCL INFO GPU Direct RDMA Enabled for GPU 3 / HCA 1 (distance 5 <= 5), read 1 mode Default
MOC-R4PCC04U05:551926:552069 [2] NCCL INFO New proxy send connection 9 from local rank 3, transport 2
MOC-R4PCC04U05:551927:552079 [3] NCCL INFO Connected to proxy localRank 2 -> connection 0x7fc118005368
MOC-R4PCC04U05:551927:552079 [3] NCCL INFO Channel 01/0 : 3[3] -> 6[2] [send] via NET/IB/1(2)/GDRDMA
MOC-R4PCC04U05:551927:552079 [3] NCCL INFO GPU Direct RDMA Enabled for GPU 3 / HCA 1 (distance 5 <= 5), read 1 mode Default
MOC-R4PCC04U05:551926:552069 [2] NCCL INFO New proxy send connection 10 from local rank 3, transport 2
MOC-R4PCC04U05:551925:552073 [1] NCCL INFO New proxy send connection 8 from local rank 2, transport 0
MOC-R4PCC04U05:551927:552079 [3] NCCL INFO Connected to proxy localRank 2 -> connection 0x7fc1180053e0
MOC-R4PCC04U05:551926:552078 [2] NCCL INFO Connected to proxy localRank 1 -> connection 0x7f34a80052f0
MOC-R4PCC04U05:551927:552079 [3] NCCL INFO Channel 02/0 : 3[3] -> 6[2] [send] via NET/IB/1(2)/GDRDMA
MOC-R4PCC04U05:551927:552079 [3] NCCL INFO GPU Direct RDMA Enabled for GPU 3 / HCA 1 (distance 5 <= 5), read 1 mode Default
MOC-R4PCC04U05:551926:552069 [2] NCCL INFO New proxy send connection 11 from local rank 3, transport 2
MOC-R4PCC04U05:551927:552079 [3] NCCL INFO Connected to proxy localRank 2 -> connection 0x7fc118005458
MOC-R4PCC04U05:551927:552079 [3] NCCL INFO Channel 03/0 : 3[3] -> 6[2] [send] via NET/IB/1(2)/GDRDMA
MOC-R4PCC04U05:551924:552067 [0] NCCL INFO New proxy recv connection 4 from local rank 0, transport 0
MOC-R4PCC04U05:551924:552077 [0] NCCL INFO Connected to proxy localRank 0 -> connection 0x7f0568005110
MOC-R4PCC04U05:551924:552067 [0] NCCL INFO New proxy recv connection 5 from local rank 0, transport 0
MOC-R4PCC04U05:551924:552077 [0] NCCL INFO Connected to proxy localRank 0 -> connection 0x7f0568005188
MOC-R4PCC04U05:551924:552067 [0] NCCL INFO New proxy send connection 6 from local rank 3, transport 0
MOC-R4PCC04U05:551927:552079 [3] NCCL INFO Connected to proxy localRank 0 -> connection 0x7f0568005200
MOC-R4PCC04U05:551924:552067 [0] NCCL INFO New proxy recv connection 7 from local rank 0, transport 0
MOC-R4PCC04U05:551924:552077 [0] NCCL INFO Connected to proxy localRank 0 -> connection 0x7f0568005278
MOC-R4PCC04U05:551924:552067 [0] NCCL INFO New proxy recv connection 8 from local rank 0, transport 0
MOC-R4PCC04U05:551924:552077 [0] NCCL INFO Connected to proxy localRank 0 -> connection 0x7f05680052f0
MOC-R4PCC04U05:551927:552068 [3] NCCL INFO New proxy send connection 4 from local rank 0, transport 0
MOC-R4PCC04U05:551924:552067 [0] NCCL INFO New proxy send connection 9 from local rank 1, transport 0
MOC-R4PCC04U05:551925:552076 [1] NCCL INFO Connected to proxy localRank 0 -> connection 0x7f0568005368
MOC-R4PCC04U05:551924:552077 [0] NCCL INFO Connected to proxy localRank 3 -> connection 0x7fdb58005110
MOC-R4PCC04U05:551926:552069 [2] NCCL INFO NET/IB: NCCL Dev 1 IbDev 0 Port 1 qpn 8674 mtu 3 query_ece={supported=1, vendor_id=0x15b3, options=0x30000002, comp_mask=0x0} GID 3 (0/C132A8C0FFFF0000) fifoRkey=0x1801c0 fifoLkey=0x1801c0
MOC-R4PCC04U05:551926:552069 [2] NCCL INFO NET/IB: NCCL Dev 1 IbDev 0 Port 1 qpn 8675 mtu 3 query_ece={supported=1, vendor_id=0x15b3, options=0x30000002, comp_mask=0x0} GID 3 (0/C132A8C0FFFF0000) fifoRkey=0x17cb8a fifoLkey=0x17cb8a
MOC-R4PCC04U05:551926:552069 [2] NCCL INFO NET/IB: NCCL Dev 1 IbDev 0 Port 1 qpn 8676 mtu 3 query_ece={supported=1, vendor_id=0x15b3, options=0x30000002, comp_mask=0x0} GID 3 (0/C132A8C0FFFF0000) fifoRkey=0x172eed fifoLkey=0x172eed
MOC-R4PCC04U05:551926:552069 [2] NCCL INFO NET/IB: IbDev 0 Port 1 qpn 8582 set_ece={supported=1, vendor_id=0x15b3, options=0x0, comp_mask=0x0}
MOC-R4PCC04U05:551926:552069 [2] NCCL INFO NET/IB: IbDev 0 Port 1 qpn 8584 set_ece={supported=1, vendor_id=0x15b3, options=0x0, comp_mask=0x0}
MOC-R4PCC04U05:551926:552069 [2] NCCL INFO NET/IB: IbDev 0 Port 1 qpn 8586 set_ece={supported=1, vendor_id=0x15b3, options=0x0, comp_mask=0x0}
MOC-R4PCC04U05:551926:552069 [2] NCCL INFO New proxy send connection 12 from local rank 3, transport 0
MOC-R4PCC04U05:551926:552069 [2] NCCL INFO New proxy send connection 13 from local rank 1, transport 0
MOC-R4PCC04U05:551927:552079 [3] NCCL INFO Connected to proxy localRank 2 -> connection 0x7fc1180054d0
MOC-R4PCC04U05:551925:552076 [1] NCCL INFO Connected to proxy localRank 2 -> connection 0x7fc118005548
MOC-R4PCC04U05:551925:552073 [1] NCCL INFO New proxy send connection 9 from local rank 0, transport 0
MOC-R4PCC04U05:551924:552077 [0] NCCL INFO Connected to proxy localRank 1 -> connection 0x7f34a8005368
MOC-R4PCC04U05:551926:552069 [2] NCCL INFO NET/IB: NCCL Dev 1 IbDev 0 Port 1 qpn 8681 mtu 3 query_ece={supported=1, vendor_id=0x15b3, options=0x30000002, comp_mask=0x0} GID 3 (0/C132A8C0FFFF0000) fifoRkey=0x17c584 fifoLkey=0x17c584
MOC-R4PCC04U05:551926:552069 [2] NCCL INFO NET/IB: IbDev 0 Port 1 qpn 8592 set_ece={supported=1, vendor_id=0x15b3, options=0x0, comp_mask=0x0}
num decayed parameter tensors: 50, with 124,318,464 parameters
num non-decayed parameter tensors: 98, with 121,344 parameters
using fused AdamW: False
using regular AdamW
MOC-R4PCC04U05:551926:552069 [2] NCCL INFO New proxy send connection 14 from local rank 2, transport 0
MOC-R4PCC04U05:551926:552769 [2] NCCL INFO Connected to proxy localRank 2 -> connection 0x7fc1180055c0
MOC-R4PCC04U05:551926:552069 [2] NCCL INFO New proxy send connection 15 from local rank 2, transport 0
MOC-R4PCC04U05:551926:552769 [2] NCCL INFO Connected to proxy localRank 2 -> connection 0x7fc118005638
MOC-R4PCC04U05:551926:552069 [2] NCCL INFO New proxy send connection 16 from local rank 2, transport 0
MOC-R4PCC04U05:551926:552769 [2] NCCL INFO Connected to proxy localRank 2 -> connection 0x7fc1180056b0
MOC-R4PCC04U05:551926:552069 [2] NCCL INFO New proxy send connection 17 from local rank 2, transport 0
MOC-R4PCC04U05:551926:552769 [2] NCCL INFO Connected to proxy localRank 2 -> connection 0x7fc118005728
MOC-R4PCC04U05:551925:552073 [1] NCCL INFO New proxy recv connection 10 from local rank 1, transport 0
MOC-R4PCC04U05:551925:552770 [1] NCCL INFO Connected to proxy localRank 1 -> connection 0x7f34a80053e0
MOC-R4PCC04U05:551925:552073 [1] NCCL INFO New proxy recv connection 11 from local rank 1, transport 0
MOC-R4PCC04U05:551925:552770 [1] NCCL INFO Connected to proxy localRank 1 -> connection 0x7f34a8005458
MOC-R4PCC04U05:551925:552073 [1] NCCL INFO New proxy recv connection 12 from local rank 1, transport 0
MOC-R4PCC04U05:551925:552770 [1] NCCL INFO Connected to proxy localRank 1 -> connection 0x7f34a80054d0
MOC-R4PCC04U05:551925:552073 [1] NCCL INFO New proxy recv connection 13 from local rank 1, transport 0
MOC-R4PCC04U05:551925:552770 [1] NCCL INFO Connected to proxy localRank 1 -> connection 0x7f34a8005548
MOC-R4PCC04U05:551924:552067 [0] NCCL INFO New proxy send connection 10 from local rank 0, transport 0
MOC-R4PCC04U05:551924:552771 [0] NCCL INFO Connected to proxy localRank 0 -> connection 0x7f05680053e0
MOC-R4PCC04U05:551924:552067 [0] NCCL INFO New proxy send connection 11 from local rank 0, transport 0
MOC-R4PCC04U05:551924:552771 [0] NCCL INFO Connected to proxy localRank 0 -> connection 0x7f0568005458
MOC-R4PCC04U05:551924:552067 [0] NCCL INFO New proxy send connection 12 from local rank 0, transport 0
MOC-R4PCC04U05:551924:552771 [0] NCCL INFO Connected to proxy localRank 0 -> connection 0x7f05680054d0
MOC-R4PCC04U05:551924:552067 [0] NCCL INFO New proxy send connection 13 from local rank 0, transport 0
MOC-R4PCC04U05:551924:552771 [0] NCCL INFO Connected to proxy localRank 0 -> connection 0x7f0568005548
MOC-R4PCC04U05:551924:552067 [0] NCCL INFO New proxy recv connection 14 from local rank 0, transport 0
MOC-R4PCC04U05:551924:552771 [0] NCCL INFO Connected to proxy localRank 0 -> connection 0x7f05680055c0
MOC-R4PCC04U05:551924:552067 [0] NCCL INFO New proxy recv connection 15 from local rank 0, transport 0
MOC-R4PCC04U05:551924:552771 [0] NCCL INFO Connected to proxy localRank 0 -> connection 0x7f0568005638
MOC-R4PCC04U05:551924:552067 [0] NCCL INFO New proxy recv connection 16 from local rank 0, transport 0
MOC-R4PCC04U05:551924:552771 [0] NCCL INFO Connected to proxy localRank 0 -> connection 0x7f05680056b0
MOC-R4PCC04U05:551924:552067 [0] NCCL INFO New proxy recv connection 17 from local rank 0, transport 0
MOC-R4PCC04U05:551924:552771 [0] NCCL INFO Connected to proxy localRank 0 -> connection 0x7f0568005728
MOC-R4PCC04U05:551927:552068 [3] NCCL INFO New proxy recv connection 5 from local rank 3, transport 0
MOC-R4PCC04U05:551927:552772 [3] NCCL INFO Connected to proxy localRank 3 -> connection 0x7fdb58005188
MOC-R4PCC04U05:551927:552068 [3] NCCL INFO New proxy recv connection 6 from local rank 3, transport 0
MOC-R4PCC04U05:551927:552772 [3] NCCL INFO Connected to proxy localRank 3 -> connection 0x7fdb58005200
MOC-R4PCC04U05:551927:552068 [3] NCCL INFO New proxy recv connection 7 from local rank 3, transport 0
MOC-R4PCC04U05:551927:552772 [3] NCCL INFO Connected to proxy localRank 3 -> connection 0x7fdb58005278
MOC-R4PCC04U05:551927:552068 [3] NCCL INFO New proxy recv connection 8 from local rank 3, transport 0
MOC-R4PCC04U05:551927:552772 [3] NCCL INFO Connected to proxy localRank 3 -> connection 0x7fdb580052f0
MOC-R4PCC04U05:551927:552068 [3] NCCL INFO New proxy send connection 9 from local rank 3, transport 0
MOC-R4PCC04U05:551927:552772 [3] NCCL INFO Connected to proxy localRank 3 -> connection 0x7fdb58005368
MOC-R4PCC04U05:551927:552068 [3] NCCL INFO New proxy send connection 10 from local rank 3, transport 0
MOC-R4PCC04U05:551927:552772 [3] NCCL INFO Connected to proxy localRank 3 -> connection 0x7fdb580053e0
MOC-R4PCC04U05:551927:552068 [3] NCCL INFO New proxy send connection 11 from local rank 3, transport 0
MOC-R4PCC04U05:551927:552772 [3] NCCL INFO Connected to proxy localRank 3 -> connection 0x7fdb58005458
MOC-R4PCC04U05:551926:552769 [2] NCCL INFO GPU Direct RDMA Enabled for GPU 2 / HCA 1 (distance 5 <= 5), read 0 mode Default
MOC-R4PCC04U05:551926:552069 [2] NCCL INFO New proxy recv connection 18 from local rank 2, transport 2
MOC-R4PCC04U05:551927:552068 [3] NCCL INFO New proxy send connection 12 from local rank 3, transport 0
MOC-R4PCC04U05:551927:552772 [3] NCCL INFO Connected to proxy localRank 3 -> connection 0x7fdb580054d0
MOC-R4PCC04U05:551926:552769 [2] NCCL INFO Connected to proxy localRank 2 -> connection 0x7fc1180057a0
MOC-R4PCC04U05:551926:552769 [2] NCCL INFO Channel 00/0 : 10[2] -> 2[2] [receive] via NET/IB/1/GDRDMA
MOC-R4PCC04U05:551926:552769 [2] NCCL INFO GPU Direct RDMA Enabled for GPU 2 / HCA 1 (distance 5 <= 5), read 0 mode Default
MOC-R4PCC04U05:551926:552069 [2] NCCL INFO New proxy recv connection 19 from local rank 2, transport 2
MOC-R4PCC04U05:551926:552769 [2] NCCL INFO Connected to proxy localRank 2 -> connection 0x7fc118005818
MOC-R4PCC04U05:551926:552769 [2] NCCL INFO Channel 01/0 : 10[2] -> 2[2] [receive] via NET/IB/1/GDRDMA
MOC-R4PCC04U05:551926:552769 [2] NCCL INFO GPU Direct RDMA Enabled for GPU 2 / HCA 1 (distance 5 <= 5), read 0 mode Default
MOC-R4PCC04U05:551926:552069 [2] NCCL INFO New proxy recv connection 20 from local rank 2, transport 2
MOC-R4PCC04U05:551926:552769 [2] NCCL INFO Connected to proxy localRank 2 -> connection 0x7fc118005890
MOC-R4PCC04U05:551927:552068 [3] NCCL INFO New proxy send connection 13 from local rank 3, transport 0
MOC-R4PCC04U05:551927:552772 [3] NCCL INFO Connected to proxy localRank 3 -> connection 0x7fdb58005548
MOC-R4PCC04U05:551926:552769 [2] NCCL INFO Channel 02/0 : 10[2] -> 2[2] [receive] via NET/IB/1/GDRDMA
MOC-R4PCC04U05:551926:552769 [2] NCCL INFO GPU Direct RDMA Enabled for GPU 2 / HCA 1 (distance 5 <= 5), read 0 mode Default
MOC-R4PCC04U05:551926:552069 [2] NCCL INFO New proxy recv connection 21 from local rank 2, transport 2
MOC-R4PCC04U05:551926:552769 [2] NCCL INFO Connected to proxy localRank 2 -> connection 0x7fc118005908
MOC-R4PCC04U05:551926:552769 [2] NCCL INFO Channel 03/0 : 10[2] -> 2[2] [receive] via NET/IB/1/GDRDMA
MOC-R4PCC04U05:551926:552769 [2] NCCL INFO GPU Direct RDMA Enabled for GPU 2 / HCA 1 (distance 5 <= 5), read 1 mode Default
MOC-R4PCC04U05:551926:552069 [2] NCCL INFO New proxy send connection 22 from local rank 2, transport 2
MOC-R4PCC04U05:551926:552769 [2] NCCL INFO Connected to proxy localRank 2 -> connection 0x7fc118005980
MOC-R4PCC04U05:551927:552068 [3] NCCL INFO New proxy send connection 14 from local rank 3, transport 0
MOC-R4PCC04U05:551927:552772 [3] NCCL INFO Connected to proxy localRank 3 -> connection 0x7fdb580055c0
MOC-R4PCC04U05:551926:552769 [2] NCCL INFO Channel 02/0 : 2[2] -> 6[2] [send] via NET/IB/1/GDRDMA
MOC-R4PCC04U05:551926:552769 [2] NCCL INFO GPU Direct RDMA Enabled for GPU 2 / HCA 1 (distance 5 <= 5), read 1 mode Default
MOC-R4PCC04U05:551926:552069 [2] NCCL INFO New proxy send connection 23 from local rank 2, transport 2
MOC-R4PCC04U05:551926:552769 [2] NCCL INFO Connected to proxy localRank 2 -> connection 0x7fc1180059f8
MOC-R4PCC04U05:551926:552769 [2] NCCL INFO Channel 03/0 : 2[2] -> 6[2] [send] via NET/IB/1/GDRDMA
MOC-R4PCC04U05:551927:552068 [3] NCCL INFO New proxy send connection 15 from local rank 3, transport 0
MOC-R4PCC04U05:551927:552772 [3] NCCL INFO Connected to proxy localRank 3 -> connection 0x7fdb58005638
MOC-R4PCC04U05:551927:552068 [3] NCCL INFO New proxy send connection 16 from local rank 3, transport 0
MOC-R4PCC04U05:551927:552772 [3] NCCL INFO Connected to proxy localRank 3 -> connection 0x7fdb580056b0
MOC-R4PCC04U05:551926:552769 [2] NCCL INFO GPU Direct RDMA Enabled for GPU 2 / HCA 1 (distance 5 <= 5), read 0 mode Default
MOC-R4PCC04U05:551926:552069 [2] NCCL INFO New proxy recv connection 24 from local rank 2, transport 2
MOC-R4PCC04U05:551926:552769 [2] NCCL INFO Connected to proxy localRank 2 -> connection 0x7fc118005a70
MOC-R4PCC04U05:551926:552769 [2] NCCL INFO Channel 02/0 : 6[2] -> 2[2] [receive] via NET/IB/1/GDRDMA
MOC-R4PCC04U05:551926:552769 [2] NCCL INFO GPU Direct RDMA Enabled for GPU 2 / HCA 1 (distance 5 <= 5), read 0 mode Default
MOC-R4PCC04U05:551926:552069 [2] NCCL INFO New proxy recv connection 25 from local rank 2, transport 2
MOC-R4PCC04U05:551926:552769 [2] NCCL INFO Connected to proxy localRank 2 -> connection 0x7fc118005ae8
MOC-R4PCC04U05:551926:552769 [2] NCCL INFO Channel 03/0 : 6[2] -> 2[2] [receive] via NET/IB/1/GDRDMA
MOC-R4PCC04U05:551926:552769 [2] NCCL INFO GPU Direct RDMA Enabled for GPU 2 / HCA 1 (distance 5 <= 5), read 1 mode Default
MOC-R4PCC04U05:551926:552069 [2] NCCL INFO New proxy send connection 26 from local rank 2, transport 2
MOC-R4PCC04U05:551926:552769 [2] NCCL INFO Connected to proxy localRank 2 -> connection 0x7fc118005b60
MOC-R4PCC04U05:551926:552769 [2] NCCL INFO Channel 00/0 : 2[2] -> 10[2] [send] via NET/IB/1/GDRDMA
MOC-R4PCC04U05:551926:552769 [2] NCCL INFO GPU Direct RDMA Enabled for GPU 2 / HCA 1 (distance 5 <= 5), read 1 mode Default
MOC-R4PCC04U05:551926:552069 [2] NCCL INFO New proxy send connection 27 from local rank 2, transport 2
MOC-R4PCC04U05:551926:552769 [2] NCCL INFO Connected to proxy localRank 2 -> connection 0x7fc118005bd8
MOC-R4PCC04U05:551926:552769 [2] NCCL INFO Channel 01/0 : 2[2] -> 10[2] [send] via NET/IB/1/GDRDMA
MOC-R4PCC04U05:551926:552769 [2] NCCL INFO GPU Direct RDMA Enabled for GPU 2 / HCA 1 (distance 5 <= 5), read 1 mode Default
MOC-R4PCC04U05:551926:552069 [2] NCCL INFO New proxy send connection 28 from local rank 2, transport 2
MOC-R4PCC04U05:551926:552769 [2] NCCL INFO Connected to proxy localRank 2 -> connection 0x7fc118005c50
MOC-R4PCC04U05:551926:552769 [2] NCCL INFO Channel 02/0 : 2[2] -> 10[2] [send] via NET/IB/1/GDRDMA
MOC-R4PCC04U05:551926:552769 [2] NCCL INFO GPU Direct RDMA Enabled for GPU 2 / HCA 1 (distance 5 <= 5), read 1 mode Default
MOC-R4PCC04U05:551926:552069 [2] NCCL INFO New proxy send connection 29 from local rank 2, transport 2
MOC-R4PCC04U05:551926:552769 [2] NCCL INFO Connected to proxy localRank 2 -> connection 0x7fc118005cc8
MOC-R4PCC04U05:551926:552769 [2] NCCL INFO Channel 03/0 : 2[2] -> 10[2] [send] via NET/IB/1/GDRDMA
MOC-R4PCC04U05:551926:552069 [2] NCCL INFO New proxy recv connection 30 from local rank 2, transport 0
MOC-R4PCC04U05:551926:552769 [2] NCCL INFO Connected to proxy localRank 2 -> connection 0x7fc118005d40
MOC-R4PCC04U05:551926:552069 [2] NCCL INFO New proxy recv connection 31 from local rank 2, transport 0
MOC-R4PCC04U05:551926:552769 [2] NCCL INFO Connected to proxy localRank 2 -> connection 0x7fc118005db8
MOC-R4PCC04U05:551926:552069 [2] NCCL INFO New proxy recv connection 32 from local rank 2, transport 0
MOC-R4PCC04U05:551926:552769 [2] NCCL INFO Connected to proxy localRank 2 -> connection 0x7fc118005e30
MOC-R4PCC04U05:551926:552069 [2] NCCL INFO New proxy recv connection 33 from local rank 2, transport 0
MOC-R4PCC04U05:551926:552769 [2] NCCL INFO Connected to proxy localRank 2 -> connection 0x7fc118005ea8
MOC-R4PCC04U05:551927:552068 [3] NCCL INFO New proxy send connection 17 from local rank 2, transport 0
MOC-R4PCC04U05:551926:552769 [2] NCCL INFO Connected to proxy localRank 3 -> connection 0x7fdb58005728
MOC-R4PCC04U05:551926:552069 [2] NCCL INFO NET/IB: NCCL Dev 1 IbDev 0 Port 1 qpn 8684 mtu 3 query_ece={supported=1, vendor_id=0x15b3, options=0x30000002, comp_mask=0x0} GID 3 (0/C132A8C0FFFF0000) fifoRkey=0x174705 fifoLkey=0x174705
MOC-R4PCC04U05:551926:552069 [2] NCCL INFO NET/IB: NCCL Dev 1 IbDev 0 Port 1 qpn 8685 mtu 3 query_ece={supported=1, vendor_id=0x15b3, options=0x30000002, comp_mask=0x0} GID 3 (0/C132A8C0FFFF0000) fifoRkey=0x17904f fifoLkey=0x17904f
MOC-R4PCC04U05:551926:552069 [2] NCCL INFO NET/IB: IbDev 0 Port 1 qpn 8594 set_ece={supported=1, vendor_id=0x15b3, options=0x0, comp_mask=0x0}
MOC-R4PCC04U05:551926:552069 [2] NCCL INFO NET/IB: IbDev 0 Port 1 qpn 8596 set_ece={supported=1, vendor_id=0x15b3, options=0x0, comp_mask=0x0}
MOC-R4PCC04U05:551926:552069 [2] NCCL INFO NET/IB: NCCL Dev 1 IbDev 0 Port 1 qpn 8686 mtu 3 query_ece={supported=1, vendor_id=0x15b3, options=0x30000002, comp_mask=0x0} GID 3 (0/C132A8C0FFFF0000) fifoRkey=0x176c2b fifoLkey=0x176c2b
MOC-R4PCC04U05:551926:552069 [2] NCCL INFO NET/IB: IbDev 0 Port 1 qpn 5738 set_ece={supported=1, vendor_id=0x15b3, options=0x0, comp_mask=0x0}
MOC-R4PCC04U05:551926:552069 [2] NCCL INFO NET/IB: NCCL Dev 1 IbDev 0 Port 1 qpn 8695 mtu 3 query_ece={supported=1, vendor_id=0x15b3, options=0x30000002, comp_mask=0x0} GID 3 (0/C132A8C0FFFF0000) fifoRkey=0x17e1a0 fifoLkey=0x17e1a0
MOC-R4PCC04U05:551926:552069 [2] NCCL INFO NET/IB: IbDev 0 Port 1 qpn 5743 set_ece={supported=1, vendor_id=0x15b3, options=0x0, comp_mask=0x0}
MOC-R4PCC04U05:551926:552069 [2] NCCL INFO NET/IB: NCCL Dev 1 IbDev 0 Port 1 qpn 8698 mtu 3 query_ece={supported=1, vendor_id=0x15b3, options=0x30000002, comp_mask=0x0} GID 3 (0/C132A8C0FFFF0000) fifoRkey=0x1716d5 fifoLkey=0x1716d5
MOC-R4PCC04U05:551926:552069 [2] NCCL INFO NET/IB: IbDev 0 Port 1 qpn 5746 set_ece={supported=1, vendor_id=0x15b3, options=0x0, comp_mask=0x0}
MOC-R4PCC04U05:551926:552069 [2] NCCL INFO NET/IB: NCCL Dev 1 IbDev 0 Port 1 qpn 8701 mtu 3 query_ece={supported=1, vendor_id=0x15b3, options=0x30000002, comp_mask=0x0} GID 3 (0/C132A8C0FFFF0000) fifoRkey=0x17bf7e fifoLkey=0x17bf7e
MOC-R4PCC04U05:551926:552069 [2] NCCL INFO NET/IB: IbDev 0 Port 1 qpn 5748 set_ece={supported=1, vendor_id=0x15b3, options=0x0, comp_mask=0x0}
step    1/10 | train loss 11.009882 | norm 15.4032 | lr 1.00e-04 | (14828.46 ms | 132588 tok/s)
step    2/10 | train loss 10.137027 | norm 5.7553 | lr 1.00e-04 | (464.96 ms | 4228470 tok/s)
step    3/10 | train loss 9.795783 | norm 2.6138 | lr 1.00e-04 | (448.45 ms | 4384213 tok/s)
step    4/10 | train loss 9.626216 | norm 2.1172 | lr 1.00e-04 | (445.20 ms | 4416126 tok/s)
step    5/10 | train loss 9.543116 | norm 2.1086 | lr 1.00e-04 | (443.84 ms | 4429676 tok/s)
step    6/10 | train loss 9.461718 | norm 2.0012 | lr 1.00e-04 | (443.94 ms | 4428681 tok/s)
step    7/10 | train loss 9.375901 | norm 1.9512 | lr 1.00e-04 | (444.97 ms | 4418418 tok/s)
step    8/10 | train loss 9.283655 | norm 1.9173 | lr 1.00e-04 | (445.40 ms | 4414197 tok/s)
step    9/10 | train loss 9.187843 | norm 1.8581 | lr 1.00e-04 | (442.73 ms | 4440852 tok/s)
step   10/10 | train loss 9.103610 | norm 1.8050 | lr 1.00e-04 | (448.61 ms | 4382594 tok/s)
final 9 iters avg: 447.568ms
peak memory consumption: 16601 MiB
