Running pytorch 2.7.0+cu126
using device: cuda:0
total desired batch size: 1835008
=> calculated gradient accumulation steps: 7
using device: cuda:2
using device: cuda:1
using device: cuda:3
compiling the model...
DataLoader: total number of tokens: 1,661,249,667 across 103 files
MOC-R4PCC04U05:377267:377267 [0] NCCL INFO NCCL_SOCKET_IFNAME set to eno7np0
MOC-R4PCC04U05:377267:377267 [0] NCCL INFO NCCL version 2.26.2+cuda12.2
MOC-R4PCC04U05:377267:377308 [0] NCCL INFO NET/Plugin: Could not find: libnccl-net.so. Using internal net plugin.
MOC-R4PCC04U05:377267:377308 [0] NCCL INFO NCCL_IB_HCA set to mlx5_5
MOC-R4PCC04U05:377269:377269 [2] NCCL INFO NCCL_SOCKET_IFNAME set to eno7np0
MOC-R4PCC04U05:377267:377308 [0] NCCL INFO NET/IB : Made virtual device [0] name=mlx5_5 speed=400000 ndevs=1
MOC-R4PCC04U05:377267:377308 [0] NCCL INFO NET/IB : Using [0]mlx5_5:1/RoCE [RO]; OOB eno7np0:192.168.50.193<0>
MOC-R4PCC04U05:377269:377269 [2] NCCL INFO NCCL version 2.26.2+cuda12.2
MOC-R4PCC04U05:377268:377268 [1] NCCL INFO NCCL_SOCKET_IFNAME set to eno7np0
MOC-R4PCC04U05:377268:377268 [1] NCCL INFO NCCL version 2.26.2+cuda12.2
MOC-R4PCC04U05:377270:377270 [3] NCCL INFO NCCL_SOCKET_IFNAME set to eno7np0
MOC-R4PCC04U05:377270:377270 [3] NCCL INFO NCCL version 2.26.2+cuda12.2
MOC-R4PCC04U05:377269:377310 [2] NCCL INFO NET/Plugin: Could not find: libnccl-net.so. Using internal net plugin.
MOC-R4PCC04U05:377269:377310 [2] NCCL INFO NCCL_IB_HCA set to mlx5_5
MOC-R4PCC04U05:377268:377311 [1] NCCL INFO NET/Plugin: Could not find: libnccl-net.so. Using internal net plugin.
MOC-R4PCC04U05:377268:377311 [1] NCCL INFO NCCL_IB_HCA set to mlx5_5
MOC-R4PCC04U05:377269:377310 [2] NCCL INFO NET/IB : Made virtual device [0] name=mlx5_5 speed=400000 ndevs=1
MOC-R4PCC04U05:377269:377310 [2] NCCL INFO NET/IB : Using [0]mlx5_5:1/RoCE [RO]; OOB eno7np0:192.168.50.193<0>
MOC-R4PCC04U05:377268:377311 [1] NCCL INFO NET/IB : Made virtual device [0] name=mlx5_5 speed=400000 ndevs=1
MOC-R4PCC04U05:377268:377311 [1] NCCL INFO NET/IB : Using [0]mlx5_5:1/RoCE [RO]; OOB eno7np0:192.168.50.193<0>
MOC-R4PCC04U05:377270:377312 [3] NCCL INFO NET/Plugin: Could not find: libnccl-net.so. Using internal net plugin.
MOC-R4PCC04U05:377270:377312 [3] NCCL INFO NCCL_IB_HCA set to mlx5_5
MOC-R4PCC04U05:377270:377312 [3] NCCL INFO NET/IB : Made virtual device [0] name=mlx5_5 speed=400000 ndevs=1
MOC-R4PCC04U05:377270:377312 [3] NCCL INFO NET/IB : Using [0]mlx5_5:1/RoCE [RO]; OOB eno7np0:192.168.50.193<0>
MOC-R4PCC04U05:377269:377310 [2] NCCL INFO NET/IB : GPU Direct RDMA Enabled for HCA 0 'mlx5_5'
MOC-R4PCC04U05:377269:377310 [2] NCCL INFO NET/IB : Made virtual device [1] name=mlx5_5 speed=400000 ndevs=1
MOC-R4PCC04U05:377269:377310 [2] NCCL INFO NET/IB : GPU Direct RDMA Enabled for HCA 0 'mlx5_5'
MOC-R4PCC04U05:377269:377310 [2] NCCL INFO NET/IB : GPU Direct RDMA Enabled for HCA 1 'mlx5_5'
MOC-R4PCC04U05:377270:377312 [3] NCCL INFO NET/IB : GPU Direct RDMA Enabled for HCA 0 'mlx5_5'
MOC-R4PCC04U05:377270:377312 [3] NCCL INFO NET/IB : Made virtual device [1] name=mlx5_5 speed=400000 ndevs=1
MOC-R4PCC04U05:377270:377312 [3] NCCL INFO NET/IB : GPU Direct RDMA Enabled for HCA 0 'mlx5_5'
MOC-R4PCC04U05:377270:377312 [3] NCCL INFO NET/IB : GPU Direct RDMA Enabled for HCA 1 'mlx5_5'
MOC-R4PCC04U05:377268:377311 [1] NCCL INFO NET/IB : GPU Direct RDMA Enabled for HCA 0 'mlx5_5'
MOC-R4PCC04U05:377268:377311 [1] NCCL INFO NET/IB : Made virtual device [1] name=mlx5_5 speed=400000 ndevs=1
MOC-R4PCC04U05:377268:377311 [1] NCCL INFO NET/IB : GPU Direct RDMA Enabled for HCA 0 'mlx5_5'
MOC-R4PCC04U05:377268:377311 [1] NCCL INFO NET/IB : GPU Direct RDMA Enabled for HCA 1 'mlx5_5'
MOC-R4PCC04U05:377267:377308 [0] NCCL INFO NET/IB : GPU Direct RDMA Enabled for HCA 0 'mlx5_5'
MOC-R4PCC04U05:377267:377308 [0] NCCL INFO NET/IB : Made virtual device [1] name=mlx5_5 speed=400000 ndevs=1
MOC-R4PCC04U05:377267:377308 [0] NCCL INFO NET/IB : GPU Direct RDMA Enabled for HCA 0 'mlx5_5'
MOC-R4PCC04U05:377267:377308 [0] NCCL INFO NET/IB : GPU Direct RDMA Enabled for HCA 1 'mlx5_5'
MOC-R4PCC04U05:377267:377308 [0] NCCL INFO NCCL_NET_GDR_LEVEL set by environment to LOC
MOC-R4PCC04U05:377267:377308 [0] NCCL INFO GPU Direct RDMA Disabled for GPU 0 / HCA 1 (distance 5 > 0)
MOC-R4PCC04U05:377267:377308 [0] NCCL INFO GPU Direct RDMA Disabled for GPU 1 / HCA 1 (distance 5 > 0)
MOC-R4PCC04U05:377267:377308 [0] NCCL INFO GPU Direct RDMA Disabled for GPU 2 / HCA 1 (distance 5 > 0)
MOC-R4PCC04U05:377267:377308 [0] NCCL INFO GPU Direct RDMA Disabled for GPU 0 / HCA 1 (distance 5 > 0)
MOC-R4PCC04U05:377267:377308 [0] NCCL INFO GPU Direct RDMA Disabled for GPU 1 / HCA 1 (distance 5 > 0)
MOC-R4PCC04U05:377267:377308 [0] NCCL INFO GPU Direct RDMA Disabled for GPU 2 / HCA 1 (distance 5 > 0)
MOC-R4PCC04U05:377268:377311 [1] NCCL INFO NCCL_NET_GDR_LEVEL set by environment to LOC
MOC-R4PCC04U05:377268:377311 [1] NCCL INFO GPU Direct RDMA Disabled for GPU 0 / HCA 1 (distance 5 > 0)
MOC-R4PCC04U05:377268:377311 [1] NCCL INFO GPU Direct RDMA Disabled for GPU 1 / HCA 1 (distance 5 > 0)
MOC-R4PCC04U05:377268:377311 [1] NCCL INFO GPU Direct RDMA Disabled for GPU 2 / HCA 1 (distance 5 > 0)
MOC-R4PCC04U05:377268:377311 [1] NCCL INFO GPU Direct RDMA Disabled for GPU 0 / HCA 1 (distance 5 > 0)
MOC-R4PCC04U05:377268:377311 [1] NCCL INFO GPU Direct RDMA Disabled for GPU 1 / HCA 1 (distance 5 > 0)
MOC-R4PCC04U05:377268:377311 [1] NCCL INFO GPU Direct RDMA Disabled for GPU 2 / HCA 1 (distance 5 > 0)
MOC-R4PCC04U05:377270:377312 [3] NCCL INFO NCCL_NET_GDR_LEVEL set by environment to LOC
MOC-R4PCC04U05:377270:377312 [3] NCCL INFO GPU Direct RDMA Disabled for GPU 0 / HCA 1 (distance 5 > 0)
MOC-R4PCC04U05:377270:377312 [3] NCCL INFO GPU Direct RDMA Disabled for GPU 1 / HCA 1 (distance 5 > 0)
MOC-R4PCC04U05:377270:377312 [3] NCCL INFO GPU Direct RDMA Disabled for GPU 2 / HCA 1 (distance 5 > 0)
MOC-R4PCC04U05:377270:377312 [3] NCCL INFO GPU Direct RDMA Disabled for GPU 0 / HCA 1 (distance 5 > 0)
MOC-R4PCC04U05:377270:377312 [3] NCCL INFO GPU Direct RDMA Disabled for GPU 1 / HCA 1 (distance 5 > 0)
MOC-R4PCC04U05:377270:377312 [3] NCCL INFO GPU Direct RDMA Disabled for GPU 2 / HCA 1 (distance 5 > 0)
MOC-R4PCC04U05:377269:377310 [2] NCCL INFO NCCL_NET_GDR_LEVEL set by environment to LOC
MOC-R4PCC04U05:377269:377310 [2] NCCL INFO GPU Direct RDMA Disabled for GPU 0 / HCA 1 (distance 5 > 0)
MOC-R4PCC04U05:377269:377310 [2] NCCL INFO GPU Direct RDMA Disabled for GPU 1 / HCA 1 (distance 5 > 0)
MOC-R4PCC04U05:377269:377310 [2] NCCL INFO GPU Direct RDMA Disabled for GPU 2 / HCA 1 (distance 5 > 0)
MOC-R4PCC04U05:377269:377310 [2] NCCL INFO GPU Direct RDMA Disabled for GPU 0 / HCA 1 (distance 5 > 0)
MOC-R4PCC04U05:377269:377310 [2] NCCL INFO GPU Direct RDMA Disabled for GPU 1 / HCA 1 (distance 5 > 0)
MOC-R4PCC04U05:377269:377310 [2] NCCL INFO GPU Direct RDMA Disabled for GPU 2 / HCA 1 (distance 5 > 0)
MOC-R4PCC04U05:377269:377324 [2] NCCL INFO New proxy recv connection 0 from local rank 2, transport 0
MOC-R4PCC04U05:377269:377332 [2] NCCL INFO Connected to proxy localRank 2 -> connection 0x7f4de8004f30
MOC-R4PCC04U05:377268:377328 [1] NCCL INFO New proxy recv connection 0 from local rank 1, transport 0
MOC-R4PCC04U05:377269:377324 [2] NCCL INFO New proxy recv connection 1 from local rank 2, transport 0
MOC-R4PCC04U05:377269:377332 [2] NCCL INFO Connected to proxy localRank 2 -> connection 0x7f4de8004fa8
MOC-R4PCC04U05:377268:377333 [1] NCCL INFO Connected to proxy localRank 1 -> connection 0x7f8940004f30
MOC-R4PCC04U05:377267:377326 [0] NCCL INFO New proxy send connection 0 from local rank 0, transport 0
MOC-R4PCC04U05:377267:377334 [0] NCCL INFO Connected to proxy localRank 0 -> connection 0x7f7e80004f30
MOC-R4PCC04U05:377270:377325 [3] NCCL INFO New proxy recv connection 0 from local rank 3, transport 0
MOC-R4PCC04U05:377270:377335 [3] NCCL INFO Connected to proxy localRank 3 -> connection 0x7f1314004f30
MOC-R4PCC04U05:377268:377328 [1] NCCL INFO New proxy recv connection 1 from local rank 1, transport 0
MOC-R4PCC04U05:377268:377333 [1] NCCL INFO Connected to proxy localRank 1 -> connection 0x7f8940004fa8
MOC-R4PCC04U05:377267:377326 [0] NCCL INFO New proxy send connection 1 from local rank 0, transport 0
MOC-R4PCC04U05:377267:377334 [0] NCCL INFO Connected to proxy localRank 0 -> connection 0x7f7e80004fa8
MOC-R4PCC04U05:377270:377325 [3] NCCL INFO New proxy recv connection 1 from local rank 3, transport 0
MOC-R4PCC04U05:377270:377335 [3] NCCL INFO Connected to proxy localRank 3 -> connection 0x7f1314004fa8
MOC-R4PCC04U05:377269:377332 [2] NCCL INFO GPU Direct RDMA Disabled for GPU 2 / HCA 1 (distance 7 > 0)
MOC-R4PCC04U05:377267:377326 [0] NCCL INFO New proxy send connection 2 from local rank 0, transport 0
MOC-R4PCC04U05:377267:377334 [0] NCCL INFO Connected to proxy localRank 0 -> connection 0x7f7e80005020
MOC-R4PCC04U05:377267:377326 [0] NCCL INFO New proxy send connection 3 from local rank 0, transport 0
MOC-R4PCC04U05:377270:377335 [3] NCCL INFO GPU Direct RDMA Disabled for GPU 3 / HCA 1 (distance 7 > 0)
MOC-R4PCC04U05:377267:377334 [0] NCCL INFO Connected to proxy localRank 0 -> connection 0x7f7e80005098
MOC-R4PCC04U05:377269:377324 [2] NCCL INFO New proxy recv connection 2 from local rank 2, transport 2
MOC-R4PCC04U05:377269:377332 [2] NCCL INFO Connected to proxy localRank 2 -> connection 0x7f4de8005020
MOC-R4PCC04U05:377269:377332 [2] NCCL INFO Channel 00/0 : 7[3] -> 2[2] [receive] via NET/IB/1
MOC-R4PCC04U05:377269:377332 [2] NCCL INFO GPU Direct RDMA Disabled for GPU 2 / HCA 1 (distance 7 > 0)
MOC-R4PCC04U05:377269:377324 [2] NCCL INFO New proxy recv connection 3 from local rank 2, transport 2
MOC-R4PCC04U05:377269:377332 [2] NCCL INFO Connected to proxy localRank 2 -> connection 0x7f4de8005098
MOC-R4PCC04U05:377270:377325 [3] NCCL INFO New proxy send connection 2 from local rank 3, transport 2
MOC-R4PCC04U05:377269:377332 [2] NCCL INFO Channel 02/0 : 7[3] -> 2[2] [receive] via NET/IB/1
MOC-R4PCC04U05:377270:377335 [3] NCCL INFO Connected to proxy localRank 3 -> connection 0x7f1314005020
MOC-R4PCC04U05:377270:377335 [3] NCCL INFO Channel 00/0 : 3[3] -> 6[2] [send] via NET/IB/1
MOC-R4PCC04U05:377270:377335 [3] NCCL INFO GPU Direct RDMA Disabled for GPU 3 / HCA 1 (distance 7 > 0)
MOC-R4PCC04U05:377270:377325 [3] NCCL INFO New proxy send connection 3 from local rank 3, transport 2
MOC-R4PCC04U05:377270:377335 [3] NCCL INFO Connected to proxy localRank 3 -> connection 0x7f1314005098
MOC-R4PCC04U05:377270:377335 [3] NCCL INFO Channel 02/0 : 3[3] -> 6[2] [send] via NET/IB/1
MOC-R4PCC04U05:377269:377332 [2] NCCL INFO GPU Direct RDMA Disabled for GPU 2 / HCA 1 (distance 7 > 0)
MOC-R4PCC04U05:377269:377324 [2] NCCL INFO New proxy send connection 4 from local rank 2, transport 2
MOC-R4PCC04U05:377269:377332 [2] NCCL INFO Connected to proxy localRank 2 -> connection 0x7f4de8005110
MOC-R4PCC04U05:377267:377326 [0] NCCL INFO New proxy recv connection 4 from local rank 0, transport 0
MOC-R4PCC04U05:377269:377332 [2] NCCL INFO Channel 01/0 : 2[2] -> 7[3] [send] via NET/IB/1
MOC-R4PCC04U05:377269:377332 [2] NCCL INFO GPU Direct RDMA Disabled for GPU 2 / HCA 1 (distance 7 > 0)
MOC-R4PCC04U05:377267:377334 [0] NCCL INFO Connected to proxy localRank 0 -> connection 0x7f7e80005110
MOC-R4PCC04U05:377269:377324 [2] NCCL INFO New proxy send connection 5 from local rank 2, transport 2
MOC-R4PCC04U05:377269:377332 [2] NCCL INFO Connected to proxy localRank 2 -> connection 0x7f4de8005188
MOC-R4PCC04U05:377269:377332 [2] NCCL INFO Channel 03/0 : 2[2] -> 7[3] [send] via NET/IB/1
MOC-R4PCC04U05:377270:377335 [3] NCCL INFO GPU Direct RDMA Disabled for GPU 3 / HCA 1 (distance 7 > 0)
MOC-R4PCC04U05:377270:377325 [3] NCCL INFO New proxy recv connection 4 from local rank 3, transport 2
MOC-R4PCC04U05:377270:377335 [3] NCCL INFO Connected to proxy localRank 3 -> connection 0x7f1314005110
MOC-R4PCC04U05:377270:377335 [3] NCCL INFO Channel 01/0 : 6[2] -> 3[3] [receive] via NET/IB/1
MOC-R4PCC04U05:377270:377335 [3] NCCL INFO GPU Direct RDMA Disabled for GPU 3 / HCA 1 (distance 7 > 0)
MOC-R4PCC04U05:377270:377325 [3] NCCL INFO New proxy recv connection 5 from local rank 3, transport 2
MOC-R4PCC04U05:377270:377335 [3] NCCL INFO Connected to proxy localRank 3 -> connection 0x7f1314005188
MOC-R4PCC04U05:377270:377335 [3] NCCL INFO Channel 03/0 : 6[2] -> 3[3] [receive] via NET/IB/1
MOC-R4PCC04U05:377269:377324 [2] NCCL INFO New proxy send connection 6 from local rank 2, transport 0
MOC-R4PCC04U05:377269:377332 [2] NCCL INFO Connected to proxy localRank 2 -> connection 0x7f4de8005200
MOC-R4PCC04U05:377270:377325 [3] NCCL INFO New proxy send connection 6 from local rank 3, transport 0
MOC-R4PCC04U05:377270:377335 [3] NCCL INFO Connected to proxy localRank 3 -> connection 0x7f1314005200
MOC-R4PCC04U05:377267:377326 [0] NCCL INFO New proxy recv connection 5 from local rank 0, transport 0
MOC-R4PCC04U05:377267:377334 [0] NCCL INFO Connected to proxy localRank 0 -> connection 0x7f7e80005188
MOC-R4PCC04U05:377269:377324 [2] NCCL INFO New proxy send connection 7 from local rank 2, transport 0
MOC-R4PCC04U05:377270:377325 [3] NCCL INFO New proxy send connection 7 from local rank 3, transport 0
MOC-R4PCC04U05:377269:377332 [2] NCCL INFO Connected to proxy localRank 2 -> connection 0x7f4de8005278
MOC-R4PCC04U05:377270:377335 [3] NCCL INFO Connected to proxy localRank 3 -> connection 0x7f1314005278
MOC-R4PCC04U05:377267:377326 [0] NCCL INFO New proxy recv connection 6 from local rank 0, transport 0
MOC-R4PCC04U05:377267:377334 [0] NCCL INFO Connected to proxy localRank 0 -> connection 0x7f7e80005200
MOC-R4PCC04U05:377268:377328 [1] NCCL INFO New proxy recv connection 2 from local rank 1, transport 0
MOC-R4PCC04U05:377268:377333 [1] NCCL INFO Connected to proxy localRank 1 -> connection 0x7f8940005020
MOC-R4PCC04U05:377267:377326 [0] NCCL INFO New proxy recv connection 7 from local rank 0, transport 0
MOC-R4PCC04U05:377267:377334 [0] NCCL INFO Connected to proxy localRank 0 -> connection 0x7f7e80005278
MOC-R4PCC04U05:377267:377326 [0] NCCL INFO New proxy send connection 8 from local rank 3, transport 0
MOC-R4PCC04U05:377270:377335 [3] NCCL INFO Connected to proxy localRank 0 -> connection 0x7f7e800052f0
MOC-R4PCC04U05:377268:377328 [1] NCCL INFO New proxy recv connection 3 from local rank 1, transport 0
MOC-R4PCC04U05:377268:377333 [1] NCCL INFO Connected to proxy localRank 1 -> connection 0x7f8940005098
MOC-R4PCC04U05:377268:377328 [1] NCCL INFO New proxy send connection 4 from local rank 1, transport 0
MOC-R4PCC04U05:377268:377333 [1] NCCL INFO Connected to proxy localRank 1 -> connection 0x7f8940005110
MOC-R4PCC04U05:377268:377328 [1] NCCL INFO New proxy send connection 5 from local rank 1, transport 0
MOC-R4PCC04U05:377268:377333 [1] NCCL INFO Connected to proxy localRank 1 -> connection 0x7f8940005188
MOC-R4PCC04U05:377268:377328 [1] NCCL INFO New proxy send connection 6 from local rank 1, transport 0
MOC-R4PCC04U05:377268:377333 [1] NCCL INFO Connected to proxy localRank 1 -> connection 0x7f8940005200
MOC-R4PCC04U05:377268:377328 [1] NCCL INFO New proxy send connection 7 from local rank 1, transport 0
MOC-R4PCC04U05:377268:377333 [1] NCCL INFO Connected to proxy localRank 1 -> connection 0x7f8940005278
MOC-R4PCC04U05:377267:377326 [0] NCCL INFO New proxy send connection 9 from local rank 2, transport 0
MOC-R4PCC04U05:377269:377332 [2] NCCL INFO Connected to proxy localRank 0 -> connection 0x7f7e80005368
MOC-R4PCC04U05:377269:377324 [2] NCCL INFO New proxy send connection 8 from local rank 0, transport 0
MOC-R4PCC04U05:377270:377325 [3] NCCL INFO New proxy send connection 8 from local rank 1, transport 0
MOC-R4PCC04U05:377267:377334 [0] NCCL INFO Connected to proxy localRank 2 -> connection 0x7f4de80052f0
MOC-R4PCC04U05:377268:377333 [1] NCCL INFO Connected to proxy localRank 3 -> connection 0x7f13140052f0
MOC-R4PCC04U05:377268:377328 [1] NCCL INFO New proxy send connection 8 from local rank 3, transport 0
MOC-R4PCC04U05:377270:377335 [3] NCCL INFO Connected to proxy localRank 1 -> connection 0x7f89400052f0
MOC-R4PCC04U05:377268:377328 [1] NCCL INFO New proxy send connection 9 from local rank 2, transport 0
MOC-R4PCC04U05:377269:377332 [2] NCCL INFO Connected to proxy localRank 1 -> connection 0x7f8940005368
MOC-R4PCC04U05:377270:377325 [3] NCCL INFO New proxy send connection 9 from local rank 0, transport 0
MOC-R4PCC04U05:377267:377334 [0] NCCL INFO Connected to proxy localRank 3 -> connection 0x7f1314005368
MOC-R4PCC04U05:377269:377324 [2] NCCL INFO NET/IB: NCCL Dev 1 IbDev 0 Port 1 qpn 4260 mtu 3 query_ece={supported=1, vendor_id=0x15b3, options=0x30000002, comp_mask=0x0} GID 3 (0/C132A8C0FFFF0000) fifoRkey=0x17a767 fifoLkey=0x17a767
MOC-R4PCC04U05:377269:377324 [2] NCCL INFO NET/IB: NCCL Dev 1 IbDev 0 Port 1 qpn 4261 mtu 3 query_ece={supported=1, vendor_id=0x15b3, options=0x30000002, comp_mask=0x0} GID 3 (0/C132A8C0FFFF0000) fifoRkey=0x1716d5 fifoLkey=0x1716d5
MOC-R4PCC04U05:377267:377326 [0] NCCL INFO New proxy send connection 10 from local rank 1, transport 0
MOC-R4PCC04U05:377268:377333 [1] NCCL INFO Connected to proxy localRank 0 -> connection 0x7f7e800053e0
MOC-R4PCC04U05:377270:377325 [3] NCCL INFO NET/IB: NCCL Dev 1 IbDev 0 Port 1 qpn 4262 mtu 3 query_ece={supported=1, vendor_id=0x15b3, options=0x30000002, comp_mask=0x0} GID 3 (0/C132A8C0FFFF0000) fifoRkey=0x177837 fifoLkey=0x177837
MOC-R4PCC04U05:377270:377325 [3] NCCL INFO NET/IB: NCCL Dev 1 IbDev 0 Port 1 qpn 4263 mtu 3 query_ece={supported=1, vendor_id=0x15b3, options=0x30000002, comp_mask=0x0} GID 3 (0/C132A8C0FFFF0000) fifoRkey=0x17d796 fifoLkey=0x17d796
MOC-R4PCC04U05:377270:377325 [3] NCCL INFO NET/IB: IbDev 0 Port 1 qpn 5632 set_ece={supported=1, vendor_id=0x15b3, options=0x0, comp_mask=0x0}
MOC-R4PCC04U05:377270:377325 [3] NCCL INFO NET/IB: IbDev 0 Port 1 qpn 5636 set_ece={supported=1, vendor_id=0x15b3, options=0x0, comp_mask=0x0}
MOC-R4PCC04U05:377269:377324 [2] NCCL INFO NET/IB: IbDev 0 Port 1 qpn 5634 set_ece={supported=1, vendor_id=0x15b3, options=0x0, comp_mask=0x0}
MOC-R4PCC04U05:377269:377324 [2] NCCL INFO NET/IB: IbDev 0 Port 1 qpn 5638 set_ece={supported=1, vendor_id=0x15b3, options=0x0, comp_mask=0x0}
MOC-R4PCC04U05:377269:377324 [2] NCCL INFO New proxy send connection 9 from local rank 1, transport 0
MOC-R4PCC04U05:377268:377333 [1] NCCL INFO Connected to proxy localRank 2 -> connection 0x7f4de8005368
MOC-R4PCC04U05:377268:377328 [1] NCCL INFO New proxy send connection 10 from local rank 0, transport 0
MOC-R4PCC04U05:377267:377334 [0] NCCL INFO Connected to proxy localRank 1 -> connection 0x7f89400053e0
num decayed parameter tensors: 50, with 124,318,464 parameters
num non-decayed parameter tensors: 98, with 121,344 parameters
using fused AdamW: False
using regular AdamW
MOC-R4PCC04U05:377267:377326 [0] NCCL INFO New proxy send connection 11 from local rank 0, transport 0
MOC-R4PCC04U05:377267:378026 [0] NCCL INFO Connected to proxy localRank 0 -> connection 0x7f7e80005458
MOC-R4PCC04U05:377267:377326 [0] NCCL INFO New proxy send connection 12 from local rank 0, transport 0
MOC-R4PCC04U05:377267:378026 [0] NCCL INFO Connected to proxy localRank 0 -> connection 0x7f7e800054d0
MOC-R4PCC04U05:377267:377326 [0] NCCL INFO New proxy send connection 13 from local rank 0, transport 0
MOC-R4PCC04U05:377267:378026 [0] NCCL INFO Connected to proxy localRank 0 -> connection 0x7f7e80005548
MOC-R4PCC04U05:377267:377326 [0] NCCL INFO New proxy send connection 14 from local rank 0, transport 0
MOC-R4PCC04U05:377267:378026 [0] NCCL INFO Connected to proxy localRank 0 -> connection 0x7f7e800055c0
MOC-R4PCC04U05:377269:377324 [2] NCCL INFO New proxy recv connection 10 from local rank 2, transport 0
MOC-R4PCC04U05:377269:378027 [2] NCCL INFO Connected to proxy localRank 2 -> connection 0x7f4de80053e0
MOC-R4PCC04U05:377269:377324 [2] NCCL INFO New proxy recv connection 11 from local rank 2, transport 0
MOC-R4PCC04U05:377269:378027 [2] NCCL INFO Connected to proxy localRank 2 -> connection 0x7f4de8005458
MOC-R4PCC04U05:377269:377324 [2] NCCL INFO New proxy recv connection 12 from local rank 2, transport 0
MOC-R4PCC04U05:377269:378027 [2] NCCL INFO Connected to proxy localRank 2 -> connection 0x7f4de80054d0
MOC-R4PCC04U05:377269:377324 [2] NCCL INFO New proxy recv connection 13 from local rank 2, transport 0
MOC-R4PCC04U05:377269:378027 [2] NCCL INFO Connected to proxy localRank 2 -> connection 0x7f4de8005548
MOC-R4PCC04U05:377268:377328 [1] NCCL INFO New proxy recv connection 11 from local rank 1, transport 0
MOC-R4PCC04U05:377268:378028 [1] NCCL INFO Connected to proxy localRank 1 -> connection 0x7f8940005458
MOC-R4PCC04U05:377268:377328 [1] NCCL INFO New proxy recv connection 12 from local rank 1, transport 0
MOC-R4PCC04U05:377268:378028 [1] NCCL INFO Connected to proxy localRank 1 -> connection 0x7f89400054d0
MOC-R4PCC04U05:377268:377328 [1] NCCL INFO New proxy recv connection 13 from local rank 1, transport 0
MOC-R4PCC04U05:377268:378028 [1] NCCL INFO Connected to proxy localRank 1 -> connection 0x7f8940005548
MOC-R4PCC04U05:377268:377328 [1] NCCL INFO New proxy recv connection 14 from local rank 1, transport 0
MOC-R4PCC04U05:377268:378028 [1] NCCL INFO Connected to proxy localRank 1 -> connection 0x7f89400055c0
MOC-R4PCC04U05:377268:377328 [1] NCCL INFO New proxy send connection 15 from local rank 1, transport 0
MOC-R4PCC04U05:377268:378028 [1] NCCL INFO Connected to proxy localRank 1 -> connection 0x7f8940005638
MOC-R4PCC04U05:377268:377328 [1] NCCL INFO New proxy send connection 16 from local rank 1, transport 0
MOC-R4PCC04U05:377268:378028 [1] NCCL INFO Connected to proxy localRank 1 -> connection 0x7f89400056b0
MOC-R4PCC04U05:377268:377328 [1] NCCL INFO New proxy send connection 17 from local rank 1, transport 0
MOC-R4PCC04U05:377268:378028 [1] NCCL INFO Connected to proxy localRank 1 -> connection 0x7f8940005728
MOC-R4PCC04U05:377268:377328 [1] NCCL INFO New proxy send connection 18 from local rank 1, transport 0
MOC-R4PCC04U05:377268:378028 [1] NCCL INFO Connected to proxy localRank 1 -> connection 0x7f89400057a0
MOC-R4PCC04U05:377267:377326 [0] NCCL INFO New proxy send connection 15 from local rank 0, transport 0
MOC-R4PCC04U05:377268:377328 [1] NCCL INFO New proxy recv connection 19 from local rank 1, transport 0
MOC-R4PCC04U05:377268:378028 [1] NCCL INFO Connected to proxy localRank 1 -> connection 0x7f8940005818
MOC-R4PCC04U05:377267:378026 [0] NCCL INFO Connected to proxy localRank 0 -> connection 0x7f7e80005638
MOC-R4PCC04U05:377269:377324 [2] NCCL INFO New proxy send connection 14 from local rank 2, transport 0
MOC-R4PCC04U05:377269:378027 [2] NCCL INFO Connected to proxy localRank 2 -> connection 0x7f4de80055c0
MOC-R4PCC04U05:377268:377328 [1] NCCL INFO New proxy recv connection 20 from local rank 1, transport 0
MOC-R4PCC04U05:377268:378028 [1] NCCL INFO Connected to proxy localRank 1 -> connection 0x7f8940005890
MOC-R4PCC04U05:377267:377326 [0] NCCL INFO New proxy send connection 16 from local rank 0, transport 0
MOC-R4PCC04U05:377269:377324 [2] NCCL INFO New proxy send connection 15 from local rank 2, transport 0
MOC-R4PCC04U05:377267:378026 [0] NCCL INFO Connected to proxy localRank 0 -> connection 0x7f7e800056b0
MOC-R4PCC04U05:377269:378027 [2] NCCL INFO Connected to proxy localRank 2 -> connection 0x7f4de8005638
MOC-R4PCC04U05:377270:377325 [3] NCCL INFO New proxy recv connection 10 from local rank 3, transport 0
MOC-R4PCC04U05:377270:378029 [3] NCCL INFO Connected to proxy localRank 3 -> connection 0x7f13140053e0
MOC-R4PCC04U05:377270:377325 [3] NCCL INFO New proxy recv connection 11 from local rank 3, transport 0
MOC-R4PCC04U05:377270:378029 [3] NCCL INFO Connected to proxy localRank 3 -> connection 0x7f1314005458
MOC-R4PCC04U05:377270:378029 [3] NCCL INFO GPU Direct RDMA Disabled for GPU 3 / HCA 1 (distance 7 > 0)
MOC-R4PCC04U05:377270:377325 [3] NCCL INFO New proxy recv connection 12 from local rank 3, transport 2
MOC-R4PCC04U05:377270:378029 [3] NCCL INFO Connected to proxy localRank 3 -> connection 0x7f13140054d0
MOC-R4PCC04U05:377267:377326 [0] NCCL INFO New proxy recv connection 17 from local rank 0, transport 0
MOC-R4PCC04U05:377270:378029 [3] NCCL INFO Channel 00/0 : 7[3] -> 3[3] [receive] via NET/IB/1
MOC-R4PCC04U05:377270:378029 [3] NCCL INFO GPU Direct RDMA Disabled for GPU 3 / HCA 1 (distance 7 > 0)
MOC-R4PCC04U05:377267:378026 [0] NCCL INFO Connected to proxy localRank 0 -> connection 0x7f7e80005728
MOC-R4PCC04U05:377270:377325 [3] NCCL INFO New proxy recv connection 13 from local rank 3, transport 2
MOC-R4PCC04U05:377270:378029 [3] NCCL INFO Connected to proxy localRank 3 -> connection 0x7f1314005548
MOC-R4PCC04U05:377270:378029 [3] NCCL INFO Channel 01/0 : 7[3] -> 3[3] [receive] via NET/IB/1
MOC-R4PCC04U05:377270:378029 [3] NCCL INFO GPU Direct RDMA Disabled for GPU 3 / HCA 1 (distance 7 > 0)
MOC-R4PCC04U05:377270:377325 [3] NCCL INFO New proxy recv connection 14 from local rank 3, transport 2
MOC-R4PCC04U05:377270:378029 [3] NCCL INFO Connected to proxy localRank 3 -> connection 0x7f13140055c0
MOC-R4PCC04U05:377270:378029 [3] NCCL INFO Channel 02/0 : 7[3] -> 3[3] [receive] via NET/IB/1
MOC-R4PCC04U05:377270:378029 [3] NCCL INFO GPU Direct RDMA Disabled for GPU 3 / HCA 1 (distance 7 > 0)
MOC-R4PCC04U05:377270:377325 [3] NCCL INFO New proxy recv connection 15 from local rank 3, transport 2
MOC-R4PCC04U05:377270:378029 [3] NCCL INFO Connected to proxy localRank 3 -> connection 0x7f1314005638
MOC-R4PCC04U05:377270:378029 [3] NCCL INFO Channel 03/0 : 7[3] -> 3[3] [receive] via NET/IB/1
MOC-R4PCC04U05:377270:378029 [3] NCCL INFO GPU Direct RDMA Disabled for GPU 3 / HCA 1 (distance 7 > 0)
MOC-R4PCC04U05:377270:377325 [3] NCCL INFO New proxy send connection 16 from local rank 3, transport 2
MOC-R4PCC04U05:377270:378029 [3] NCCL INFO Connected to proxy localRank 3 -> connection 0x7f13140056b0
MOC-R4PCC04U05:377270:378029 [3] NCCL INFO Channel 00/0 : 3[3] -> 7[3] [send] via NET/IB/1
MOC-R4PCC04U05:377270:378029 [3] NCCL INFO GPU Direct RDMA Disabled for GPU 3 / HCA 1 (distance 7 > 0)
MOC-R4PCC04U05:377267:377326 [0] NCCL INFO New proxy recv connection 18 from local rank 0, transport 0
MOC-R4PCC04U05:377267:378026 [0] NCCL INFO Connected to proxy localRank 0 -> connection 0x7f7e800057a0
MOC-R4PCC04U05:377270:377325 [3] NCCL INFO New proxy send connection 17 from local rank 3, transport 2
MOC-R4PCC04U05:377270:378029 [3] NCCL INFO Connected to proxy localRank 3 -> connection 0x7f1314005728
MOC-R4PCC04U05:377270:378029 [3] NCCL INFO Channel 01/0 : 3[3] -> 7[3] [send] via NET/IB/1
MOC-R4PCC04U05:377270:378029 [3] NCCL INFO GPU Direct RDMA Disabled for GPU 3 / HCA 1 (distance 7 > 0)
MOC-R4PCC04U05:377270:377325 [3] NCCL INFO New proxy send connection 18 from local rank 3, transport 2
MOC-R4PCC04U05:377270:378029 [3] NCCL INFO Connected to proxy localRank 3 -> connection 0x7f13140057a0
MOC-R4PCC04U05:377270:378029 [3] NCCL INFO Channel 02/0 : 3[3] -> 7[3] [send] via NET/IB/1
MOC-R4PCC04U05:377270:378029 [3] NCCL INFO GPU Direct RDMA Disabled for GPU 3 / HCA 1 (distance 7 > 0)
MOC-R4PCC04U05:377267:377326 [0] NCCL INFO New proxy recv connection 19 from local rank 0, transport 0
MOC-R4PCC04U05:377270:377325 [3] NCCL INFO New proxy send connection 19 from local rank 3, transport 2
MOC-R4PCC04U05:377267:378026 [0] NCCL INFO Connected to proxy localRank 0 -> connection 0x7f7e80005818
MOC-R4PCC04U05:377270:378029 [3] NCCL INFO Connected to proxy localRank 3 -> connection 0x7f1314005818
MOC-R4PCC04U05:377270:378029 [3] NCCL INFO Channel 03/0 : 3[3] -> 7[3] [send] via NET/IB/1
MOC-R4PCC04U05:377267:377326 [0] NCCL INFO New proxy recv connection 20 from local rank 0, transport 0
MOC-R4PCC04U05:377267:378026 [0] NCCL INFO Connected to proxy localRank 0 -> connection 0x7f7e80005890
MOC-R4PCC04U05:377270:377325 [3] NCCL INFO New proxy send connection 20 from local rank 3, transport 0
MOC-R4PCC04U05:377270:378029 [3] NCCL INFO Connected to proxy localRank 3 -> connection 0x7f1314005890
MOC-R4PCC04U05:377270:377325 [3] NCCL INFO New proxy send connection 21 from local rank 3, transport 0
MOC-R4PCC04U05:377270:378029 [3] NCCL INFO Connected to proxy localRank 3 -> connection 0x7f1314005908
MOC-R4PCC04U05:377270:377325 [3] NCCL INFO New proxy send connection 22 from local rank 3, transport 0
MOC-R4PCC04U05:377270:378029 [3] NCCL INFO Connected to proxy localRank 3 -> connection 0x7f1314005980
MOC-R4PCC04U05:377270:377325 [3] NCCL INFO New proxy send connection 23 from local rank 3, transport 0
MOC-R4PCC04U05:377270:378029 [3] NCCL INFO Connected to proxy localRank 3 -> connection 0x7f13140059f8
MOC-R4PCC04U05:377270:377325 [3] NCCL INFO NET/IB: NCCL Dev 1 IbDev 0 Port 1 qpn 4268 mtu 3 query_ece={supported=1, vendor_id=0x15b3, options=0x30000002, comp_mask=0x0} GID 3 (0/C132A8C0FFFF0000) fifoRkey=0x179c5b fifoLkey=0x179c5b
MOC-R4PCC04U05:377270:377325 [3] NCCL INFO NET/IB: NCCL Dev 1 IbDev 0 Port 1 qpn 4269 mtu 3 query_ece={supported=1, vendor_id=0x15b3, options=0x30000002, comp_mask=0x0} GID 3 (0/C132A8C0FFFF0000) fifoRkey=0x17bf7e fifoLkey=0x17bf7e
MOC-R4PCC04U05:377270:377325 [3] NCCL INFO NET/IB: IbDev 0 Port 1 qpn 5642 set_ece={supported=1, vendor_id=0x15b3, options=0x0, comp_mask=0x0}
MOC-R4PCC04U05:377270:377325 [3] NCCL INFO NET/IB: IbDev 0 Port 1 qpn 5645 set_ece={supported=1, vendor_id=0x15b3, options=0x0, comp_mask=0x0}
MOC-R4PCC04U05:377270:377325 [3] NCCL INFO NET/IB: NCCL Dev 1 IbDev 0 Port 1 qpn 4272 mtu 3 query_ece={supported=1, vendor_id=0x15b3, options=0x30000002, comp_mask=0x0} GID 3 (0/C132A8C0FFFF0000) fifoRkey=0x17cb8a fifoLkey=0x17cb8a
MOC-R4PCC04U05:377270:377325 [3] NCCL INFO NET/IB: NCCL Dev 1 IbDev 0 Port 1 qpn 4275 mtu 3 query_ece={supported=1, vendor_id=0x15b3, options=0x30000002, comp_mask=0x0} GID 3 (0/C132A8C0FFFF0000) fifoRkey=0x17904f fifoLkey=0x17904f
MOC-R4PCC04U05:377270:377325 [3] NCCL INFO NET/IB: IbDev 0 Port 1 qpn 5650 set_ece={supported=1, vendor_id=0x15b3, options=0x0, comp_mask=0x0}
MOC-R4PCC04U05:377270:377325 [3] NCCL INFO NET/IB: IbDev 0 Port 1 qpn 5652 set_ece={supported=1, vendor_id=0x15b3, options=0x0, comp_mask=0x0}
step    1/10 | train loss 11.010164 | norm 15.3785 | lr 1.00e-04 | (14494.77 ms | 126598 tok/s)
step    2/10 | train loss 10.136259 | norm 5.7532 | lr 1.00e-04 | (551.54 ms | 3327069 tok/s)
step    3/10 | train loss 9.794407 | norm 2.6140 | lr 1.00e-04 | (569.11 ms | 3224342 tok/s)
step    4/10 | train loss 9.624504 | norm 2.1149 | lr 1.00e-04 | (650.31 ms | 2821735 tok/s)
step    5/10 | train loss 9.541203 | norm 2.1072 | lr 1.00e-04 | (566.67 ms | 3238258 tok/s)
step    6/10 | train loss 9.459826 | norm 2.0014 | lr 1.00e-04 | (558.82 ms | 3283735 tok/s)
step    7/10 | train loss 9.374056 | norm 1.9510 | lr 1.00e-04 | (557.01 ms | 3294391 tok/s)
step    8/10 | train loss 9.281908 | norm 1.9181 | lr 1.00e-04 | (555.40 ms | 3303919 tok/s)
step    9/10 | train loss 9.186089 | norm 1.8610 | lr 1.00e-04 | (551.88 ms | 3325029 tok/s)
step   10/10 | train loss 9.101142 | norm 1.8022 | lr 1.00e-04 | (556.49 ms | 3297478 tok/s)
final 9 iters avg: 568.580ms
peak memory consumption: 16601 MiB
