Running pytorch 2.7.0+cu126
using device: cuda:0
total desired batch size: 1048576
=> calculated gradient accumulation steps: 2
using device: cuda:3
using device: cuda:2
using device: cuda:1
compiling the model...
DataLoader: total number of tokens: 1,661,249,667 across 103 files
MOC-R4PCC04U05:684086:684086 [0] NCCL INFO NCCL_SOCKET_IFNAME set to eno7np0
MOC-R4PCC04U05:684086:684086 [0] NCCL INFO NCCL version 2.26.2+cuda12.2
MOC-R4PCC04U05:684089:684089 [3] NCCL INFO NCCL_SOCKET_IFNAME set to eno7np0
MOC-R4PCC04U05:684089:684089 [3] NCCL INFO NCCL version 2.26.2+cuda12.2
MOC-R4PCC04U05:684088:684088 [2] NCCL INFO NCCL_SOCKET_IFNAME set to eno7np0
MOC-R4PCC04U05:684088:684088 [2] NCCL INFO NCCL version 2.26.2+cuda12.2
MOC-R4PCC04U05:684086:684190 [0] NCCL INFO NET/Plugin: Could not find: libnccl-net.so. Using internal net plugin.
MOC-R4PCC04U05:684086:684190 [0] NCCL INFO NCCL_IB_HCA set to mlx5_5
MOC-R4PCC04U05:684086:684190 [0] NCCL INFO NET/IB : Made virtual device [0] name=mlx5_5 speed=400000 ndevs=1
MOC-R4PCC04U05:684086:684190 [0] NCCL INFO NET/IB : Using [0]mlx5_5:1/RoCE [RO]; OOB eno7np0:192.168.50.193<0>
MOC-R4PCC04U05:684087:684087 [1] NCCL INFO NCCL_SOCKET_IFNAME set to eno7np0
MOC-R4PCC04U05:684087:684087 [1] NCCL INFO NCCL version 2.26.2+cuda12.2
MOC-R4PCC04U05:684089:684212 [3] NCCL INFO NET/Plugin: Could not find: libnccl-net.so. Using internal net plugin.
MOC-R4PCC04U05:684089:684212 [3] NCCL INFO NCCL_IB_HCA set to mlx5_5
MOC-R4PCC04U05:684088:684213 [2] NCCL INFO NET/Plugin: Could not find: libnccl-net.so. Using internal net plugin.
MOC-R4PCC04U05:684088:684213 [2] NCCL INFO NCCL_IB_HCA set to mlx5_5
MOC-R4PCC04U05:684089:684212 [3] NCCL INFO NET/IB : Made virtual device [0] name=mlx5_5 speed=400000 ndevs=1
MOC-R4PCC04U05:684089:684212 [3] NCCL INFO NET/IB : Using [0]mlx5_5:1/RoCE [RO]; OOB eno7np0:192.168.50.193<0>
MOC-R4PCC04U05:684088:684213 [2] NCCL INFO NET/IB : Made virtual device [0] name=mlx5_5 speed=400000 ndevs=1
MOC-R4PCC04U05:684088:684213 [2] NCCL INFO NET/IB : Using [0]mlx5_5:1/RoCE [RO]; OOB eno7np0:192.168.50.193<0>
MOC-R4PCC04U05:684087:684215 [1] NCCL INFO NET/Plugin: Could not find: libnccl-net.so. Using internal net plugin.
MOC-R4PCC04U05:684087:684215 [1] NCCL INFO NCCL_IB_HCA set to mlx5_5
MOC-R4PCC04U05:684087:684215 [1] NCCL INFO NET/IB : Made virtual device [0] name=mlx5_5 speed=400000 ndevs=1
MOC-R4PCC04U05:684087:684215 [1] NCCL INFO NET/IB : Using [0]mlx5_5:1/RoCE [RO]; OOB eno7np0:192.168.50.193<0>
MOC-R4PCC04U05:684088:684213 [2] NCCL INFO NET/IB : GPU Direct RDMA Enabled for HCA 0 'mlx5_5'
MOC-R4PCC04U05:684088:684213 [2] NCCL INFO NET/IB : Made virtual device [1] name=mlx5_5 speed=400000 ndevs=1
MOC-R4PCC04U05:684088:684213 [2] NCCL INFO NET/IB : GPU Direct RDMA Enabled for HCA 0 'mlx5_5'
MOC-R4PCC04U05:684088:684213 [2] NCCL INFO NET/IB : GPU Direct RDMA Enabled for HCA 1 'mlx5_5'
MOC-R4PCC04U05:684089:684212 [3] NCCL INFO NET/IB : GPU Direct RDMA Enabled for HCA 0 'mlx5_5'
MOC-R4PCC04U05:684089:684212 [3] NCCL INFO NET/IB : Made virtual device [1] name=mlx5_5 speed=400000 ndevs=1
MOC-R4PCC04U05:684089:684212 [3] NCCL INFO NET/IB : GPU Direct RDMA Enabled for HCA 0 'mlx5_5'
MOC-R4PCC04U05:684089:684212 [3] NCCL INFO NET/IB : GPU Direct RDMA Enabled for HCA 1 'mlx5_5'
MOC-R4PCC04U05:684087:684215 [1] NCCL INFO NET/IB : GPU Direct RDMA Enabled for HCA 0 'mlx5_5'
MOC-R4PCC04U05:684086:684190 [0] NCCL INFO NET/IB : GPU Direct RDMA Enabled for HCA 0 'mlx5_5'
MOC-R4PCC04U05:684087:684215 [1] NCCL INFO NET/IB : Made virtual device [1] name=mlx5_5 speed=400000 ndevs=1
MOC-R4PCC04U05:684087:684215 [1] NCCL INFO NET/IB : GPU Direct RDMA Enabled for HCA 0 'mlx5_5'
MOC-R4PCC04U05:684086:684190 [0] NCCL INFO NET/IB : Made virtual device [1] name=mlx5_5 speed=400000 ndevs=1
MOC-R4PCC04U05:684087:684215 [1] NCCL INFO NET/IB : GPU Direct RDMA Enabled for HCA 1 'mlx5_5'
MOC-R4PCC04U05:684086:684190 [0] NCCL INFO NET/IB : GPU Direct RDMA Enabled for HCA 0 'mlx5_5'
MOC-R4PCC04U05:684086:684190 [0] NCCL INFO NET/IB : GPU Direct RDMA Enabled for HCA 1 'mlx5_5'
MOC-R4PCC04U05:684086:684190 [0] NCCL INFO GPU Direct RDMA Enabled for GPU 0 / HCA 1 (distance 5 <= 5), read 0 mode Default
MOC-R4PCC04U05:684086:684190 [0] NCCL INFO GPU Direct RDMA Enabled for GPU 1 / HCA 1 (distance 5 <= 5), read 0 mode Default
MOC-R4PCC04U05:684086:684190 [0] NCCL INFO GPU Direct RDMA Enabled for GPU 2 / HCA 1 (distance 5 <= 5), read 0 mode Default
MOC-R4PCC04U05:684086:684190 [0] NCCL INFO GPU Direct RDMA Enabled for GPU 3 / HCA 1 (distance 5 <= 5), read 0 mode Default
MOC-R4PCC04U05:684086:684190 [0] NCCL INFO GPU Direct RDMA Enabled for GPU 0 / HCA 1 (distance 5 <= 5), read 0 mode Default
MOC-R4PCC04U05:684086:684190 [0] NCCL INFO GPU Direct RDMA Enabled for GPU 1 / HCA 1 (distance 5 <= 5), read 0 mode Default
MOC-R4PCC04U05:684086:684190 [0] NCCL INFO GPU Direct RDMA Enabled for GPU 2 / HCA 1 (distance 5 <= 5), read 0 mode Default
MOC-R4PCC04U05:684086:684190 [0] NCCL INFO GPU Direct RDMA Enabled for GPU 3 / HCA 1 (distance 5 <= 5), read 0 mode Default
MOC-R4PCC04U05:684087:684215 [1] NCCL INFO GPU Direct RDMA Enabled for GPU 0 / HCA 1 (distance 5 <= 5), read 0 mode Default
MOC-R4PCC04U05:684087:684215 [1] NCCL INFO GPU Direct RDMA Enabled for GPU 1 / HCA 1 (distance 5 <= 5), read 0 mode Default
MOC-R4PCC04U05:684087:684215 [1] NCCL INFO GPU Direct RDMA Enabled for GPU 2 / HCA 1 (distance 5 <= 5), read 0 mode Default
MOC-R4PCC04U05:684087:684215 [1] NCCL INFO GPU Direct RDMA Enabled for GPU 3 / HCA 1 (distance 5 <= 5), read 0 mode Default
MOC-R4PCC04U05:684087:684215 [1] NCCL INFO GPU Direct RDMA Enabled for GPU 0 / HCA 1 (distance 5 <= 5), read 0 mode Default
MOC-R4PCC04U05:684087:684215 [1] NCCL INFO GPU Direct RDMA Enabled for GPU 1 / HCA 1 (distance 5 <= 5), read 0 mode Default
MOC-R4PCC04U05:684087:684215 [1] NCCL INFO GPU Direct RDMA Enabled for GPU 2 / HCA 1 (distance 5 <= 5), read 0 mode Default
MOC-R4PCC04U05:684087:684215 [1] NCCL INFO GPU Direct RDMA Enabled for GPU 3 / HCA 1 (distance 5 <= 5), read 0 mode Default
MOC-R4PCC04U05:684088:684213 [2] NCCL INFO GPU Direct RDMA Enabled for GPU 0 / HCA 1 (distance 5 <= 5), read 0 mode Default
MOC-R4PCC04U05:684089:684212 [3] NCCL INFO GPU Direct RDMA Enabled for GPU 0 / HCA 1 (distance 5 <= 5), read 0 mode Default
MOC-R4PCC04U05:684088:684213 [2] NCCL INFO GPU Direct RDMA Enabled for GPU 1 / HCA 1 (distance 5 <= 5), read 0 mode Default
MOC-R4PCC04U05:684089:684212 [3] NCCL INFO GPU Direct RDMA Enabled for GPU 1 / HCA 1 (distance 5 <= 5), read 0 mode Default
MOC-R4PCC04U05:684088:684213 [2] NCCL INFO GPU Direct RDMA Enabled for GPU 2 / HCA 1 (distance 5 <= 5), read 0 mode Default
MOC-R4PCC04U05:684089:684212 [3] NCCL INFO GPU Direct RDMA Enabled for GPU 2 / HCA 1 (distance 5 <= 5), read 0 mode Default
MOC-R4PCC04U05:684088:684213 [2] NCCL INFO GPU Direct RDMA Enabled for GPU 3 / HCA 1 (distance 5 <= 5), read 0 mode Default
MOC-R4PCC04U05:684089:684212 [3] NCCL INFO GPU Direct RDMA Enabled for GPU 3 / HCA 1 (distance 5 <= 5), read 0 mode Default
MOC-R4PCC04U05:684089:684212 [3] NCCL INFO GPU Direct RDMA Enabled for GPU 0 / HCA 1 (distance 5 <= 5), read 0 mode Default
MOC-R4PCC04U05:684088:684213 [2] NCCL INFO GPU Direct RDMA Enabled for GPU 0 / HCA 1 (distance 5 <= 5), read 0 mode Default
MOC-R4PCC04U05:684089:684212 [3] NCCL INFO GPU Direct RDMA Enabled for GPU 1 / HCA 1 (distance 5 <= 5), read 0 mode Default
MOC-R4PCC04U05:684088:684213 [2] NCCL INFO GPU Direct RDMA Enabled for GPU 1 / HCA 1 (distance 5 <= 5), read 0 mode Default
MOC-R4PCC04U05:684089:684212 [3] NCCL INFO GPU Direct RDMA Enabled for GPU 2 / HCA 1 (distance 5 <= 5), read 0 mode Default
MOC-R4PCC04U05:684088:684213 [2] NCCL INFO GPU Direct RDMA Enabled for GPU 2 / HCA 1 (distance 5 <= 5), read 0 mode Default
MOC-R4PCC04U05:684089:684212 [3] NCCL INFO GPU Direct RDMA Enabled for GPU 3 / HCA 1 (distance 5 <= 5), read 0 mode Default
MOC-R4PCC04U05:684088:684213 [2] NCCL INFO GPU Direct RDMA Enabled for GPU 3 / HCA 1 (distance 5 <= 5), read 0 mode Default
MOC-R4PCC04U05:684089:684228 [3] NCCL INFO New proxy recv connection 0 from local rank 3, transport 0
MOC-R4PCC04U05:684089:684235 [3] NCCL INFO Connected to proxy localRank 3 -> connection 0x7f003c004f30
MOC-R4PCC04U05:684089:684228 [3] NCCL INFO New proxy recv connection 1 from local rank 3, transport 0
MOC-R4PCC04U05:684089:684235 [3] NCCL INFO Connected to proxy localRank 3 -> connection 0x7f003c004fa8
MOC-R4PCC04U05:684089:684228 [3] NCCL INFO New proxy recv connection 2 from local rank 3, transport 0
MOC-R4PCC04U05:684089:684235 [3] NCCL INFO Connected to proxy localRank 3 -> connection 0x7f003c005020
MOC-R4PCC04U05:684088:684237 [2] NCCL INFO GPU Direct RDMA Enabled for GPU 2 / HCA 1 (distance 5 <= 5), read 0 mode Default
MOC-R4PCC04U05:684086:684232 [0] NCCL INFO New proxy send connection 0 from local rank 0, transport 0
MOC-R4PCC04U05:684086:684236 [0] NCCL INFO Connected to proxy localRank 0 -> connection 0x7fae60004f30
MOC-R4PCC04U05:684087:684227 [1] NCCL INFO New proxy recv connection 0 from local rank 1, transport 0
MOC-R4PCC04U05:684087:684238 [1] NCCL INFO Connected to proxy localRank 1 -> connection 0x7fa434004f30
MOC-R4PCC04U05:684089:684228 [3] NCCL INFO New proxy recv connection 3 from local rank 3, transport 0
MOC-R4PCC04U05:684089:684235 [3] NCCL INFO Connected to proxy localRank 3 -> connection 0x7f003c005098
MOC-R4PCC04U05:684087:684227 [1] NCCL INFO New proxy recv connection 1 from local rank 1, transport 0
MOC-R4PCC04U05:684087:684238 [1] NCCL INFO Connected to proxy localRank 1 -> connection 0x7fa434004fa8
MOC-R4PCC04U05:684086:684232 [0] NCCL INFO New proxy send connection 1 from local rank 0, transport 0
MOC-R4PCC04U05:684087:684227 [1] NCCL INFO New proxy recv connection 2 from local rank 1, transport 0
MOC-R4PCC04U05:684086:684236 [0] NCCL INFO Connected to proxy localRank 0 -> connection 0x7fae60004fa8
MOC-R4PCC04U05:684087:684238 [1] NCCL INFO Connected to proxy localRank 1 -> connection 0x7fa434005020
MOC-R4PCC04U05:684086:684232 [0] NCCL INFO New proxy send connection 2 from local rank 0, transport 0
MOC-R4PCC04U05:684086:684236 [0] NCCL INFO Connected to proxy localRank 0 -> connection 0x7fae60005020
MOC-R4PCC04U05:684087:684227 [1] NCCL INFO New proxy recv connection 3 from local rank 1, transport 0
MOC-R4PCC04U05:684087:684238 [1] NCCL INFO Connected to proxy localRank 1 -> connection 0x7fa434005098
MOC-R4PCC04U05:684089:684235 [3] NCCL INFO GPU Direct RDMA Enabled for GPU 3 / HCA 1 (distance 5 <= 5), read 1 mode Default
MOC-R4PCC04U05:684086:684232 [0] NCCL INFO New proxy send connection 3 from local rank 0, transport 0
MOC-R4PCC04U05:684086:684236 [0] NCCL INFO Connected to proxy localRank 0 -> connection 0x7fae60005098
MOC-R4PCC04U05:684087:684227 [1] NCCL INFO New proxy send connection 4 from local rank 1, transport 0
MOC-R4PCC04U05:684087:684238 [1] NCCL INFO Connected to proxy localRank 1 -> connection 0x7fa434005110
MOC-R4PCC04U05:684087:684227 [1] NCCL INFO New proxy send connection 5 from local rank 1, transport 0
MOC-R4PCC04U05:684087:684238 [1] NCCL INFO Connected to proxy localRank 1 -> connection 0x7fa434005188
MOC-R4PCC04U05:684087:684227 [1] NCCL INFO New proxy send connection 6 from local rank 1, transport 0
MOC-R4PCC04U05:684087:684238 [1] NCCL INFO Connected to proxy localRank 1 -> connection 0x7fa434005200
MOC-R4PCC04U05:684087:684227 [1] NCCL INFO New proxy send connection 7 from local rank 1, transport 0
MOC-R4PCC04U05:684087:684238 [1] NCCL INFO Connected to proxy localRank 1 -> connection 0x7fa434005278
MOC-R4PCC04U05:684088:684230 [2] NCCL INFO New proxy recv connection 0 from local rank 2, transport 2
MOC-R4PCC04U05:684088:684230 [2] NCCL INFO New proxy send connection 1 from local rank 3, transport 2
MOC-R4PCC04U05:684088:684237 [2] NCCL INFO Connected to proxy localRank 2 -> connection 0x7fe238004f30
MOC-R4PCC04U05:684089:684235 [3] NCCL INFO Connected to proxy localRank 2 -> connection 0x7fe238004fa8
MOC-R4PCC04U05:684088:684237 [2] NCCL INFO Channel 00/0 : 15[3] -> 2[2] [receive] via NET/IB/1/GDRDMA
MOC-R4PCC04U05:684088:684237 [2] NCCL INFO GPU Direct RDMA Enabled for GPU 2 / HCA 1 (distance 5 <= 5), read 0 mode Default
MOC-R4PCC04U05:684089:684235 [3] NCCL INFO Channel 00/0 : 3[3] -> 6[2] [send] via NET/IB/1(2)/GDRDMA
MOC-R4PCC04U05:684088:684230 [2] NCCL INFO New proxy recv connection 2 from local rank 2, transport 2
MOC-R4PCC04U05:684089:684235 [3] NCCL INFO GPU Direct RDMA Enabled for GPU 3 / HCA 1 (distance 5 <= 5), read 1 mode Default
MOC-R4PCC04U05:684088:684237 [2] NCCL INFO Connected to proxy localRank 2 -> connection 0x7fe238005020
MOC-R4PCC04U05:684088:684230 [2] NCCL INFO New proxy send connection 3 from local rank 3, transport 2
MOC-R4PCC04U05:684089:684235 [3] NCCL INFO Connected to proxy localRank 2 -> connection 0x7fe238005098
MOC-R4PCC04U05:684088:684237 [2] NCCL INFO Channel 01/0 : 15[3] -> 2[2] [receive] via NET/IB/1/GDRDMA
MOC-R4PCC04U05:684088:684237 [2] NCCL INFO GPU Direct RDMA Enabled for GPU 2 / HCA 1 (distance 5 <= 5), read 0 mode Default
MOC-R4PCC04U05:684089:684235 [3] NCCL INFO Channel 01/0 : 3[3] -> 6[2] [send] via NET/IB/1(2)/GDRDMA
MOC-R4PCC04U05:684089:684235 [3] NCCL INFO GPU Direct RDMA Enabled for GPU 3 / HCA 1 (distance 5 <= 5), read 1 mode Default
MOC-R4PCC04U05:684088:684230 [2] NCCL INFO New proxy recv connection 4 from local rank 2, transport 2
MOC-R4PCC04U05:684088:684237 [2] NCCL INFO Connected to proxy localRank 2 -> connection 0x7fe238005110
MOC-R4PCC04U05:684088:684230 [2] NCCL INFO New proxy send connection 5 from local rank 3, transport 2
MOC-R4PCC04U05:684089:684235 [3] NCCL INFO Connected to proxy localRank 2 -> connection 0x7fe238005188
MOC-R4PCC04U05:684088:684237 [2] NCCL INFO Channel 02/0 : 15[3] -> 2[2] [receive] via NET/IB/1/GDRDMA
MOC-R4PCC04U05:684088:684237 [2] NCCL INFO GPU Direct RDMA Enabled for GPU 2 / HCA 1 (distance 5 <= 5), read 0 mode Default
MOC-R4PCC04U05:684089:684235 [3] NCCL INFO Channel 02/0 : 3[3] -> 6[2] [send] via NET/IB/1(2)/GDRDMA
MOC-R4PCC04U05:684089:684235 [3] NCCL INFO GPU Direct RDMA Enabled for GPU 3 / HCA 1 (distance 5 <= 5), read 1 mode Default
MOC-R4PCC04U05:684088:684230 [2] NCCL INFO New proxy recv connection 6 from local rank 2, transport 2
MOC-R4PCC04U05:684088:684237 [2] NCCL INFO Connected to proxy localRank 2 -> connection 0x7fe238005200
MOC-R4PCC04U05:684088:684230 [2] NCCL INFO New proxy send connection 7 from local rank 3, transport 2
MOC-R4PCC04U05:684089:684235 [3] NCCL INFO Connected to proxy localRank 2 -> connection 0x7fe238005278
MOC-R4PCC04U05:684088:684237 [2] NCCL INFO Channel 03/0 : 15[3] -> 2[2] [receive] via NET/IB/1/GDRDMA
MOC-R4PCC04U05:684089:684235 [3] NCCL INFO Channel 03/0 : 3[3] -> 6[2] [send] via NET/IB/1(2)/GDRDMA
MOC-R4PCC04U05:684086:684232 [0] NCCL INFO New proxy recv connection 4 from local rank 0, transport 0
MOC-R4PCC04U05:684086:684236 [0] NCCL INFO Connected to proxy localRank 0 -> connection 0x7fae60005110
MOC-R4PCC04U05:684086:684232 [0] NCCL INFO New proxy recv connection 5 from local rank 0, transport 0
MOC-R4PCC04U05:684086:684236 [0] NCCL INFO Connected to proxy localRank 0 -> connection 0x7fae60005188
MOC-R4PCC04U05:684086:684232 [0] NCCL INFO New proxy send connection 6 from local rank 3, transport 0
MOC-R4PCC04U05:684089:684235 [3] NCCL INFO Connected to proxy localRank 0 -> connection 0x7fae60005200
MOC-R4PCC04U05:684086:684232 [0] NCCL INFO New proxy recv connection 7 from local rank 0, transport 0
MOC-R4PCC04U05:684086:684236 [0] NCCL INFO Connected to proxy localRank 0 -> connection 0x7fae60005278
MOC-R4PCC04U05:684086:684232 [0] NCCL INFO New proxy recv connection 8 from local rank 0, transport 0
MOC-R4PCC04U05:684086:684236 [0] NCCL INFO Connected to proxy localRank 0 -> connection 0x7fae600052f0
MOC-R4PCC04U05:684089:684228 [3] NCCL INFO New proxy send connection 4 from local rank 0, transport 0
MOC-R4PCC04U05:684086:684236 [0] NCCL INFO Connected to proxy localRank 3 -> connection 0x7f003c005110
MOC-R4PCC04U05:684088:684230 [2] NCCL INFO New proxy send connection 8 from local rank 2, transport 0
MOC-R4PCC04U05:684088:684237 [2] NCCL INFO Connected to proxy localRank 2 -> connection 0x7fe2380052f0
MOC-R4PCC04U05:684088:684230 [2] NCCL INFO New proxy send connection 9 from local rank 2, transport 0
MOC-R4PCC04U05:684088:684237 [2] NCCL INFO Connected to proxy localRank 2 -> connection 0x7fe238005368
MOC-R4PCC04U05:684088:684230 [2] NCCL INFO New proxy send connection 10 from local rank 2, transport 0
MOC-R4PCC04U05:684088:684237 [2] NCCL INFO Connected to proxy localRank 2 -> connection 0x7fe2380053e0
MOC-R4PCC04U05:684088:684230 [2] NCCL INFO New proxy send connection 11 from local rank 2, transport 0
MOC-R4PCC04U05:684088:684237 [2] NCCL INFO Connected to proxy localRank 2 -> connection 0x7fe238005458
MOC-R4PCC04U05:684086:684232 [0] NCCL INFO New proxy send connection 9 from local rank 1, transport 0
MOC-R4PCC04U05:684087:684238 [1] NCCL INFO Connected to proxy localRank 0 -> connection 0x7fae60005368
MOC-R4PCC04U05:684087:684227 [1] NCCL INFO New proxy send connection 8 from local rank 2, transport 0
MOC-R4PCC04U05:684088:684237 [2] NCCL INFO Connected to proxy localRank 1 -> connection 0x7fa4340052f0
MOC-R4PCC04U05:684088:684230 [2] NCCL INFO New proxy send connection 12 from local rank 1, transport 0
MOC-R4PCC04U05:684087:684238 [1] NCCL INFO Connected to proxy localRank 2 -> connection 0x7fe2380054d0
MOC-R4PCC04U05:684087:684227 [1] NCCL INFO New proxy send connection 9 from local rank 0, transport 0
MOC-R4PCC04U05:684086:684236 [0] NCCL INFO Connected to proxy localRank 1 -> connection 0x7fa434005368
MOC-R4PCC04U05:684088:684230 [2] NCCL INFO NET/IB: NCCL Dev 1 IbDev 0 Port 1 qpn 11242 mtu 3 query_ece={supported=1, vendor_id=0x15b3, options=0x30000002, comp_mask=0x0} GID 3 (0/C132A8C0FFFF0000) fifoRkey=0x174705 fifoLkey=0x174705
MOC-R4PCC04U05:684088:684230 [2] NCCL INFO NET/IB: NCCL Dev 1 IbDev 0 Port 1 qpn 11243 mtu 3 query_ece={supported=1, vendor_id=0x15b3, options=0x30000002, comp_mask=0x0} GID 3 (0/C132A8C0FFFF0000) fifoRkey=0x17bf7e fifoLkey=0x17bf7e
MOC-R4PCC04U05:684088:684230 [2] NCCL INFO NET/IB: NCCL Dev 1 IbDev 0 Port 1 qpn 11244 mtu 3 query_ece={supported=1, vendor_id=0x15b3, options=0x30000002, comp_mask=0x0} GID 3 (0/C132A8C0FFFF0000) fifoRkey=0x17f5b4 fifoLkey=0x17f5b4
MOC-R4PCC04U05:684088:684230 [2] NCCL INFO NET/IB: NCCL Dev 1 IbDev 0 Port 1 qpn 11245 mtu 3 query_ece={supported=1, vendor_id=0x15b3, options=0x30000002, comp_mask=0x0} GID 3 (0/C132A8C0FFFF0000) fifoRkey=0x17d190 fifoLkey=0x17d190
MOC-R4PCC04U05:684088:684230 [2] NCCL INFO NET/IB: IbDev 0 Port 1 qpn 11357 set_ece={supported=1, vendor_id=0x15b3, options=0x0, comp_mask=0x0}
MOC-R4PCC04U05:684088:684230 [2] NCCL INFO NET/IB: IbDev 0 Port 1 qpn 11359 set_ece={supported=1, vendor_id=0x15b3, options=0x0, comp_mask=0x0}
MOC-R4PCC04U05:684088:684230 [2] NCCL INFO New proxy send connection 13 from local rank 3, transport 0
MOC-R4PCC04U05:684089:684235 [3] NCCL INFO Connected to proxy localRank 2 -> connection 0x7fe238005548
MOC-R4PCC04U05:684088:684230 [2] NCCL INFO NET/IB: IbDev 0 Port 1 qpn 11361 set_ece={supported=1, vendor_id=0x15b3, options=0x0, comp_mask=0x0}
MOC-R4PCC04U05:684088:684230 [2] NCCL INFO NET/IB: IbDev 0 Port 1 qpn 11363 set_ece={supported=1, vendor_id=0x15b3, options=0x0, comp_mask=0x0}
num decayed parameter tensors: 50, with 124,318,464 parameters
num non-decayed parameter tensors: 98, with 121,344 parameters
using fused AdamW: False
using regular AdamW
MOC-R4PCC04U05:684086:684232 [0] NCCL INFO New proxy send connection 10 from local rank 0, transport 0
MOC-R4PCC04U05:684086:684928 [0] NCCL INFO Connected to proxy localRank 0 -> connection 0x7fae600053e0
MOC-R4PCC04U05:684086:684232 [0] NCCL INFO New proxy send connection 11 from local rank 0, transport 0
MOC-R4PCC04U05:684086:684928 [0] NCCL INFO Connected to proxy localRank 0 -> connection 0x7fae60005458
MOC-R4PCC04U05:684086:684232 [0] NCCL INFO New proxy send connection 12 from local rank 0, transport 0
MOC-R4PCC04U05:684086:684928 [0] NCCL INFO Connected to proxy localRank 0 -> connection 0x7fae600054d0
MOC-R4PCC04U05:684086:684232 [0] NCCL INFO New proxy send connection 13 from local rank 0, transport 0
MOC-R4PCC04U05:684086:684928 [0] NCCL INFO Connected to proxy localRank 0 -> connection 0x7fae60005548
MOC-R4PCC04U05:684089:684228 [3] NCCL INFO New proxy recv connection 5 from local rank 3, transport 0
MOC-R4PCC04U05:684089:684929 [3] NCCL INFO Connected to proxy localRank 3 -> connection 0x7f003c005188
MOC-R4PCC04U05:684089:684228 [3] NCCL INFO New proxy recv connection 6 from local rank 3, transport 0
MOC-R4PCC04U05:684089:684929 [3] NCCL INFO Connected to proxy localRank 3 -> connection 0x7f003c005200
MOC-R4PCC04U05:684089:684228 [3] NCCL INFO New proxy recv connection 7 from local rank 3, transport 0
MOC-R4PCC04U05:684089:684929 [3] NCCL INFO Connected to proxy localRank 3 -> connection 0x7f003c005278
MOC-R4PCC04U05:684089:684228 [3] NCCL INFO New proxy recv connection 8 from local rank 3, transport 0
MOC-R4PCC04U05:684089:684929 [3] NCCL INFO Connected to proxy localRank 3 -> connection 0x7f003c0052f0
MOC-R4PCC04U05:684088:684230 [2] NCCL INFO New proxy send connection 14 from local rank 2, transport 0
MOC-R4PCC04U05:684088:684930 [2] NCCL INFO Connected to proxy localRank 2 -> connection 0x7fe2380055c0
MOC-R4PCC04U05:684088:684230 [2] NCCL INFO New proxy send connection 15 from local rank 2, transport 0
MOC-R4PCC04U05:684088:684930 [2] NCCL INFO Connected to proxy localRank 2 -> connection 0x7fe238005638
MOC-R4PCC04U05:684088:684230 [2] NCCL INFO New proxy send connection 16 from local rank 2, transport 0
MOC-R4PCC04U05:684088:684930 [2] NCCL INFO Connected to proxy localRank 2 -> connection 0x7fe2380056b0
MOC-R4PCC04U05:684088:684230 [2] NCCL INFO New proxy send connection 17 from local rank 2, transport 0
MOC-R4PCC04U05:684088:684930 [2] NCCL INFO Connected to proxy localRank 2 -> connection 0x7fe238005728
MOC-R4PCC04U05:684088:684930 [2] NCCL INFO GPU Direct RDMA Enabled for GPU 2 / HCA 1 (distance 5 <= 5), read 1 mode Default
MOC-R4PCC04U05:684089:684228 [3] NCCL INFO New proxy send connection 9 from local rank 3, transport 0
MOC-R4PCC04U05:684088:684230 [2] NCCL INFO New proxy send connection 18 from local rank 2, transport 2
MOC-R4PCC04U05:684089:684929 [3] NCCL INFO Connected to proxy localRank 3 -> connection 0x7f003c005368
MOC-R4PCC04U05:684088:684930 [2] NCCL INFO Connected to proxy localRank 2 -> connection 0x7fe2380057a0
MOC-R4PCC04U05:684088:684930 [2] NCCL INFO Channel 02/0 : 2[2] -> 6[2] [send] via NET/IB/1/GDRDMA
MOC-R4PCC04U05:684088:684930 [2] NCCL INFO GPU Direct RDMA Enabled for GPU 2 / HCA 1 (distance 5 <= 5), read 1 mode Default
MOC-R4PCC04U05:684088:684230 [2] NCCL INFO New proxy send connection 19 from local rank 2, transport 2
MOC-R4PCC04U05:684088:684930 [2] NCCL INFO Connected to proxy localRank 2 -> connection 0x7fe238005818
MOC-R4PCC04U05:684088:684930 [2] NCCL INFO Channel 03/0 : 2[2] -> 6[2] [send] via NET/IB/1/GDRDMA
MOC-R4PCC04U05:684089:684228 [3] NCCL INFO New proxy send connection 10 from local rank 3, transport 0
MOC-R4PCC04U05:684089:684929 [3] NCCL INFO Connected to proxy localRank 3 -> connection 0x7f003c0053e0
MOC-R4PCC04U05:684088:684930 [2] NCCL INFO GPU Direct RDMA Enabled for GPU 2 / HCA 1 (distance 5 <= 5), read 0 mode Default
MOC-R4PCC04U05:684089:684228 [3] NCCL INFO New proxy send connection 11 from local rank 3, transport 0
MOC-R4PCC04U05:684089:684929 [3] NCCL INFO Connected to proxy localRank 3 -> connection 0x7f003c005458
MOC-R4PCC04U05:684088:684230 [2] NCCL INFO New proxy recv connection 20 from local rank 2, transport 2
MOC-R4PCC04U05:684088:684930 [2] NCCL INFO Connected to proxy localRank 2 -> connection 0x7fe238005890
MOC-R4PCC04U05:684088:684930 [2] NCCL INFO Channel 00/0 : 10[2] -> 2[2] [receive] via NET/IB/1/GDRDMA
MOC-R4PCC04U05:684088:684930 [2] NCCL INFO GPU Direct RDMA Enabled for GPU 2 / HCA 1 (distance 5 <= 5), read 0 mode Default
MOC-R4PCC04U05:684088:684230 [2] NCCL INFO New proxy recv connection 21 from local rank 2, transport 2
MOC-R4PCC04U05:684088:684930 [2] NCCL INFO Connected to proxy localRank 2 -> connection 0x7fe238005908
MOC-R4PCC04U05:684089:684228 [3] NCCL INFO New proxy send connection 12 from local rank 3, transport 0
MOC-R4PCC04U05:684089:684929 [3] NCCL INFO Connected to proxy localRank 3 -> connection 0x7f003c0054d0
MOC-R4PCC04U05:684088:684930 [2] NCCL INFO Channel 01/0 : 10[2] -> 2[2] [receive] via NET/IB/1/GDRDMA
MOC-R4PCC04U05:684088:684930 [2] NCCL INFO GPU Direct RDMA Enabled for GPU 2 / HCA 1 (distance 5 <= 5), read 1 mode Default
MOC-R4PCC04U05:684088:684230 [2] NCCL INFO New proxy send connection 22 from local rank 2, transport 2
MOC-R4PCC04U05:684088:684930 [2] NCCL INFO Connected to proxy localRank 2 -> connection 0x7fe238005980
MOC-R4PCC04U05:684088:684930 [2] NCCL INFO Channel 00/0 : 2[2] -> 10[2] [send] via NET/IB/1/GDRDMA
MOC-R4PCC04U05:684088:684930 [2] NCCL INFO GPU Direct RDMA Enabled for GPU 2 / HCA 1 (distance 5 <= 5), read 1 mode Default
MOC-R4PCC04U05:684088:684230 [2] NCCL INFO New proxy send connection 23 from local rank 2, transport 2
MOC-R4PCC04U05:684088:684930 [2] NCCL INFO Connected to proxy localRank 2 -> connection 0x7fe2380059f8
MOC-R4PCC04U05:684088:684930 [2] NCCL INFO Channel 01/0 : 2[2] -> 10[2] [send] via NET/IB/1/GDRDMA
MOC-R4PCC04U05:684088:684930 [2] NCCL INFO GPU Direct RDMA Enabled for GPU 2 / HCA 1 (distance 5 <= 5), read 0 mode Default
MOC-R4PCC04U05:684088:684230 [2] NCCL INFO New proxy recv connection 24 from local rank 2, transport 2
MOC-R4PCC04U05:684088:684930 [2] NCCL INFO Connected to proxy localRank 2 -> connection 0x7fe238005a70
MOC-R4PCC04U05:684088:684930 [2] NCCL INFO Channel 02/0 : 6[2] -> 2[2] [receive] via NET/IB/1/GDRDMA
MOC-R4PCC04U05:684088:684930 [2] NCCL INFO GPU Direct RDMA Enabled for GPU 2 / HCA 1 (distance 5 <= 5), read 0 mode Default
MOC-R4PCC04U05:684088:684230 [2] NCCL INFO New proxy recv connection 25 from local rank 2, transport 2
MOC-R4PCC04U05:684088:684930 [2] NCCL INFO Connected to proxy localRank 2 -> connection 0x7fe238005ae8
MOC-R4PCC04U05:684088:684930 [2] NCCL INFO Channel 03/0 : 6[2] -> 2[2] [receive] via NET/IB/1/GDRDMA
MOC-R4PCC04U05:684088:684230 [2] NCCL INFO New proxy recv connection 26 from local rank 2, transport 0
MOC-R4PCC04U05:684088:684930 [2] NCCL INFO Connected to proxy localRank 2 -> connection 0x7fe238005b60
MOC-R4PCC04U05:684088:684230 [2] NCCL INFO New proxy recv connection 27 from local rank 2, transport 0
MOC-R4PCC04U05:684088:684930 [2] NCCL INFO Connected to proxy localRank 2 -> connection 0x7fe238005bd8
MOC-R4PCC04U05:684088:684230 [2] NCCL INFO New proxy recv connection 28 from local rank 2, transport 0
MOC-R4PCC04U05:684088:684930 [2] NCCL INFO Connected to proxy localRank 2 -> connection 0x7fe238005c50
MOC-R4PCC04U05:684088:684230 [2] NCCL INFO New proxy recv connection 29 from local rank 2, transport 0
MOC-R4PCC04U05:684088:684930 [2] NCCL INFO Connected to proxy localRank 2 -> connection 0x7fe238005cc8
MOC-R4PCC04U05:684087:684227 [1] NCCL INFO New proxy recv connection 10 from local rank 1, transport 0
MOC-R4PCC04U05:684087:684931 [1] NCCL INFO Connected to proxy localRank 1 -> connection 0x7fa4340053e0
MOC-R4PCC04U05:684087:684227 [1] NCCL INFO New proxy recv connection 11 from local rank 1, transport 0
MOC-R4PCC04U05:684087:684931 [1] NCCL INFO Connected to proxy localRank 1 -> connection 0x7fa434005458
MOC-R4PCC04U05:684087:684227 [1] NCCL INFO New proxy recv connection 12 from local rank 1, transport 0
MOC-R4PCC04U05:684087:684931 [1] NCCL INFO Connected to proxy localRank 1 -> connection 0x7fa4340054d0
MOC-R4PCC04U05:684087:684227 [1] NCCL INFO New proxy recv connection 13 from local rank 1, transport 0
MOC-R4PCC04U05:684087:684931 [1] NCCL INFO Connected to proxy localRank 1 -> connection 0x7fa434005548
MOC-R4PCC04U05:684086:684232 [0] NCCL INFO New proxy recv connection 14 from local rank 0, transport 0
MOC-R4PCC04U05:684086:684928 [0] NCCL INFO Connected to proxy localRank 0 -> connection 0x7fae600055c0
MOC-R4PCC04U05:684086:684232 [0] NCCL INFO New proxy recv connection 15 from local rank 0, transport 0
MOC-R4PCC04U05:684086:684928 [0] NCCL INFO Connected to proxy localRank 0 -> connection 0x7fae60005638
MOC-R4PCC04U05:684086:684232 [0] NCCL INFO New proxy recv connection 16 from local rank 0, transport 0
MOC-R4PCC04U05:684086:684928 [0] NCCL INFO Connected to proxy localRank 0 -> connection 0x7fae600056b0
MOC-R4PCC04U05:684086:684232 [0] NCCL INFO New proxy recv connection 17 from local rank 0, transport 0
MOC-R4PCC04U05:684086:684928 [0] NCCL INFO Connected to proxy localRank 0 -> connection 0x7fae60005728
MOC-R4PCC04U05:684089:684228 [3] NCCL INFO New proxy send connection 13 from local rank 3, transport 0
MOC-R4PCC04U05:684089:684929 [3] NCCL INFO Connected to proxy localRank 3 -> connection 0x7f003c005548
MOC-R4PCC04U05:684089:684228 [3] NCCL INFO New proxy send connection 14 from local rank 3, transport 0
MOC-R4PCC04U05:684089:684929 [3] NCCL INFO Connected to proxy localRank 3 -> connection 0x7f003c0055c0
MOC-R4PCC04U05:684089:684228 [3] NCCL INFO New proxy send connection 15 from local rank 3, transport 0
MOC-R4PCC04U05:684089:684929 [3] NCCL INFO Connected to proxy localRank 3 -> connection 0x7f003c005638
MOC-R4PCC04U05:684089:684228 [3] NCCL INFO New proxy send connection 16 from local rank 3, transport 0
MOC-R4PCC04U05:684089:684929 [3] NCCL INFO Connected to proxy localRank 3 -> connection 0x7f003c0056b0
MOC-R4PCC04U05:684089:684228 [3] NCCL INFO New proxy send connection 17 from local rank 2, transport 0
MOC-R4PCC04U05:684088:684930 [2] NCCL INFO Connected to proxy localRank 3 -> connection 0x7f003c005728
MOC-R4PCC04U05:684088:684230 [2] NCCL INFO NET/IB: NCCL Dev 1 IbDev 0 Port 1 qpn 11246 mtu 3 query_ece={supported=1, vendor_id=0x15b3, options=0x30000002, comp_mask=0x0} GID 3 (0/C132A8C0FFFF0000) fifoRkey=0x17601f fifoLkey=0x17601f
MOC-R4PCC04U05:684088:684230 [2] NCCL INFO NET/IB: NCCL Dev 1 IbDev 0 Port 1 qpn 11247 mtu 3 query_ece={supported=1, vendor_id=0x15b3, options=0x30000002, comp_mask=0x0} GID 3 (0/C132A8C0FFFF0000) fifoRkey=0x17cb8a fifoLkey=0x17cb8a
MOC-R4PCC04U05:684088:684230 [2] NCCL INFO NET/IB: NCCL Dev 1 IbDev 0 Port 1 qpn 11248 mtu 3 query_ece={supported=1, vendor_id=0x15b3, options=0x30000002, comp_mask=0x0} GID 3 (0/C132A8C0FFFF0000) fifoRkey=0x17b372 fifoLkey=0x17b372
MOC-R4PCC04U05:684088:684230 [2] NCCL INFO NET/IB: IbDev 0 Port 1 qpn 11383 set_ece={supported=1, vendor_id=0x15b3, options=0x0, comp_mask=0x0}
MOC-R4PCC04U05:684088:684230 [2] NCCL INFO NET/IB: IbDev 0 Port 1 qpn 11385 set_ece={supported=1, vendor_id=0x15b3, options=0x0, comp_mask=0x0}
MOC-R4PCC04U05:684088:684230 [2] NCCL INFO NET/IB: IbDev 0 Port 1 qpn 8827 set_ece={supported=1, vendor_id=0x15b3, options=0x0, comp_mask=0x0}
MOC-R4PCC04U05:684088:684230 [2] NCCL INFO NET/IB: NCCL Dev 1 IbDev 0 Port 1 qpn 11251 mtu 3 query_ece={supported=1, vendor_id=0x15b3, options=0x30000002, comp_mask=0x0} GID 3 (0/C132A8C0FFFF0000) fifoRkey=0x170ccb fifoLkey=0x170ccb
MOC-R4PCC04U05:684088:684230 [2] NCCL INFO NET/IB: IbDev 0 Port 1 qpn 8829 set_ece={supported=1, vendor_id=0x15b3, options=0x0, comp_mask=0x0}
step    1/10 | train loss 11.010097 | norm 15.4736 | lr 1.00e-04 | (13904.13 ms | 75415 tok/s)
step    2/10 | train loss 10.132349 | norm 5.7711 | lr 1.00e-04 | (239.65 ms | 4375360 tok/s)
step    3/10 | train loss 9.790419 | norm 2.6207 | lr 1.00e-04 | (385.81 ms | 2717885 tok/s)
step    4/10 | train loss 9.620089 | norm 2.1209 | lr 1.00e-04 | (233.61 ms | 4488613 tok/s)
step    5/10 | train loss 9.536890 | norm 2.1162 | lr 1.00e-04 | (266.35 ms | 3936820 tok/s)
step    6/10 | train loss 9.455262 | norm 2.0053 | lr 1.00e-04 | (231.12 ms | 4536954 tok/s)
step    7/10 | train loss 9.369596 | norm 1.9545 | lr 1.00e-04 | (229.61 ms | 4566775 tok/s)
step    8/10 | train loss 9.277894 | norm 1.9223 | lr 1.00e-04 | (231.38 ms | 4531845 tok/s)
step    9/10 | train loss 9.182261 | norm 1.8716 | lr 1.00e-04 | (300.76 ms | 3486473 tok/s)
step   10/10 | train loss 9.094439 | norm 1.7972 | lr 1.00e-04 | (232.76 ms | 4505032 tok/s)
final 9 iters avg: 261.227ms
peak memory consumption: 16601 MiB
