Running pytorch 2.7.0+cu126
using device: cuda:0
total desired batch size: 4718592
=> calculated gradient accumulation steps: 9
using device: cuda:3
using device: cuda:2
using device: cuda:1
compiling the model...
DataLoader: total number of tokens: 1,661,249,667 across 103 files
MOC-R4PCC04U05:703477:703477 [0] NCCL INFO NCCL_SOCKET_IFNAME set to eno7np0
MOC-R4PCC04U05:703477:703477 [0] NCCL INFO NCCL version 2.26.2+cuda12.2
MOC-R4PCC04U05:703477:703583 [0] NCCL INFO NET/Plugin: Could not find: libnccl-net.so. Using internal net plugin.
MOC-R4PCC04U05:703477:703583 [0] NCCL INFO NCCL_IB_HCA set to mlx5_5
MOC-R4PCC04U05:703480:703480 [3] NCCL INFO NCCL_SOCKET_IFNAME set to eno7np0
MOC-R4PCC04U05:703480:703480 [3] NCCL INFO NCCL version 2.26.2+cuda12.2
MOC-R4PCC04U05:703479:703479 [2] NCCL INFO NCCL_SOCKET_IFNAME set to eno7np0
MOC-R4PCC04U05:703479:703479 [2] NCCL INFO NCCL version 2.26.2+cuda12.2
MOC-R4PCC04U05:703477:703583 [0] NCCL INFO NET/IB : Made virtual device [0] name=mlx5_5 speed=400000 ndevs=1
MOC-R4PCC04U05:703477:703583 [0] NCCL INFO NET/IB : Using [0]mlx5_5:1/RoCE [RO]; OOB eno7np0:192.168.50.193<0>
MOC-R4PCC04U05:703478:703478 [1] NCCL INFO NCCL_SOCKET_IFNAME set to eno7np0
MOC-R4PCC04U05:703478:703478 [1] NCCL INFO NCCL version 2.26.2+cuda12.2
MOC-R4PCC04U05:703480:703605 [3] NCCL INFO NET/Plugin: Could not find: libnccl-net.so. Using internal net plugin.
MOC-R4PCC04U05:703479:703606 [2] NCCL INFO NET/Plugin: Could not find: libnccl-net.so. Using internal net plugin.
MOC-R4PCC04U05:703480:703605 [3] NCCL INFO NCCL_IB_HCA set to mlx5_5
MOC-R4PCC04U05:703479:703606 [2] NCCL INFO NCCL_IB_HCA set to mlx5_5
MOC-R4PCC04U05:703480:703605 [3] NCCL INFO NET/IB : Made virtual device [0] name=mlx5_5 speed=400000 ndevs=1
MOC-R4PCC04U05:703480:703605 [3] NCCL INFO NET/IB : Using [0]mlx5_5:1/RoCE [RO]; OOB eno7np0:192.168.50.193<0>
MOC-R4PCC04U05:703479:703606 [2] NCCL INFO NET/IB : Made virtual device [0] name=mlx5_5 speed=400000 ndevs=1
MOC-R4PCC04U05:703479:703606 [2] NCCL INFO NET/IB : Using [0]mlx5_5:1/RoCE [RO]; OOB eno7np0:192.168.50.193<0>
MOC-R4PCC04U05:703478:703608 [1] NCCL INFO NET/Plugin: Could not find: libnccl-net.so. Using internal net plugin.
MOC-R4PCC04U05:703478:703608 [1] NCCL INFO NCCL_IB_HCA set to mlx5_5
MOC-R4PCC04U05:703478:703608 [1] NCCL INFO NET/IB : Made virtual device [0] name=mlx5_5 speed=400000 ndevs=1
MOC-R4PCC04U05:703478:703608 [1] NCCL INFO NET/IB : Using [0]mlx5_5:1/RoCE [RO]; OOB eno7np0:192.168.50.193<0>
MOC-R4PCC04U05:703480:703605 [3] NCCL INFO NET/IB : GPU Direct RDMA Enabled for HCA 0 'mlx5_5'
MOC-R4PCC04U05:703477:703583 [0] NCCL INFO NET/IB : GPU Direct RDMA Enabled for HCA 0 'mlx5_5'
MOC-R4PCC04U05:703480:703605 [3] NCCL INFO NET/IB : Made virtual device [1] name=mlx5_5 speed=400000 ndevs=1
MOC-R4PCC04U05:703480:703605 [3] NCCL INFO NET/IB : GPU Direct RDMA Enabled for HCA 0 'mlx5_5'
MOC-R4PCC04U05:703480:703605 [3] NCCL INFO NET/IB : GPU Direct RDMA Enabled for HCA 1 'mlx5_5'
MOC-R4PCC04U05:703477:703583 [0] NCCL INFO NET/IB : Made virtual device [1] name=mlx5_5 speed=400000 ndevs=1
MOC-R4PCC04U05:703477:703583 [0] NCCL INFO NET/IB : GPU Direct RDMA Enabled for HCA 0 'mlx5_5'
MOC-R4PCC04U05:703477:703583 [0] NCCL INFO NET/IB : GPU Direct RDMA Enabled for HCA 1 'mlx5_5'
MOC-R4PCC04U05:703478:703608 [1] NCCL INFO NET/IB : GPU Direct RDMA Enabled for HCA 0 'mlx5_5'
MOC-R4PCC04U05:703478:703608 [1] NCCL INFO NET/IB : Made virtual device [1] name=mlx5_5 speed=400000 ndevs=1
MOC-R4PCC04U05:703478:703608 [1] NCCL INFO NET/IB : GPU Direct RDMA Enabled for HCA 0 'mlx5_5'
MOC-R4PCC04U05:703478:703608 [1] NCCL INFO NET/IB : GPU Direct RDMA Enabled for HCA 1 'mlx5_5'
MOC-R4PCC04U05:703479:703606 [2] NCCL INFO NET/IB : GPU Direct RDMA Enabled for HCA 0 'mlx5_5'
MOC-R4PCC04U05:703479:703606 [2] NCCL INFO NET/IB : Made virtual device [1] name=mlx5_5 speed=400000 ndevs=1
MOC-R4PCC04U05:703479:703606 [2] NCCL INFO NET/IB : GPU Direct RDMA Enabled for HCA 0 'mlx5_5'
MOC-R4PCC04U05:703479:703606 [2] NCCL INFO NET/IB : GPU Direct RDMA Enabled for HCA 1 'mlx5_5'
MOC-R4PCC04U05:703477:703583 [0] NCCL INFO GPU Direct RDMA Enabled for GPU 0 / HCA 1 (distance 5 <= 5), read 0 mode Default
MOC-R4PCC04U05:703477:703583 [0] NCCL INFO GPU Direct RDMA Enabled for GPU 1 / HCA 1 (distance 5 <= 5), read 0 mode Default
MOC-R4PCC04U05:703477:703583 [0] NCCL INFO GPU Direct RDMA Enabled for GPU 2 / HCA 1 (distance 5 <= 5), read 0 mode Default
MOC-R4PCC04U05:703477:703583 [0] NCCL INFO GPU Direct RDMA Enabled for GPU 3 / HCA 1 (distance 5 <= 5), read 0 mode Default
MOC-R4PCC04U05:703477:703583 [0] NCCL INFO GPU Direct RDMA Enabled for GPU 0 / HCA 1 (distance 5 <= 5), read 0 mode Default
MOC-R4PCC04U05:703477:703583 [0] NCCL INFO GPU Direct RDMA Enabled for GPU 1 / HCA 1 (distance 5 <= 5), read 0 mode Default
MOC-R4PCC04U05:703477:703583 [0] NCCL INFO GPU Direct RDMA Enabled for GPU 2 / HCA 1 (distance 5 <= 5), read 0 mode Default
MOC-R4PCC04U05:703477:703583 [0] NCCL INFO GPU Direct RDMA Enabled for GPU 3 / HCA 1 (distance 5 <= 5), read 0 mode Default
MOC-R4PCC04U05:703478:703608 [1] NCCL INFO GPU Direct RDMA Enabled for GPU 0 / HCA 1 (distance 5 <= 5), read 0 mode Default
MOC-R4PCC04U05:703478:703608 [1] NCCL INFO GPU Direct RDMA Enabled for GPU 1 / HCA 1 (distance 5 <= 5), read 0 mode Default
MOC-R4PCC04U05:703478:703608 [1] NCCL INFO GPU Direct RDMA Enabled for GPU 2 / HCA 1 (distance 5 <= 5), read 0 mode Default
MOC-R4PCC04U05:703478:703608 [1] NCCL INFO GPU Direct RDMA Enabled for GPU 3 / HCA 1 (distance 5 <= 5), read 0 mode Default
MOC-R4PCC04U05:703478:703608 [1] NCCL INFO GPU Direct RDMA Enabled for GPU 0 / HCA 1 (distance 5 <= 5), read 0 mode Default
MOC-R4PCC04U05:703478:703608 [1] NCCL INFO GPU Direct RDMA Enabled for GPU 1 / HCA 1 (distance 5 <= 5), read 0 mode Default
MOC-R4PCC04U05:703478:703608 [1] NCCL INFO GPU Direct RDMA Enabled for GPU 2 / HCA 1 (distance 5 <= 5), read 0 mode Default
MOC-R4PCC04U05:703478:703608 [1] NCCL INFO GPU Direct RDMA Enabled for GPU 3 / HCA 1 (distance 5 <= 5), read 0 mode Default
MOC-R4PCC04U05:703480:703605 [3] NCCL INFO GPU Direct RDMA Enabled for GPU 0 / HCA 1 (distance 5 <= 5), read 0 mode Default
MOC-R4PCC04U05:703480:703605 [3] NCCL INFO GPU Direct RDMA Enabled for GPU 1 / HCA 1 (distance 5 <= 5), read 0 mode Default
MOC-R4PCC04U05:703480:703605 [3] NCCL INFO GPU Direct RDMA Enabled for GPU 2 / HCA 1 (distance 5 <= 5), read 0 mode Default
MOC-R4PCC04U05:703480:703605 [3] NCCL INFO GPU Direct RDMA Enabled for GPU 3 / HCA 1 (distance 5 <= 5), read 0 mode Default
MOC-R4PCC04U05:703480:703605 [3] NCCL INFO GPU Direct RDMA Enabled for GPU 0 / HCA 1 (distance 5 <= 5), read 0 mode Default
MOC-R4PCC04U05:703480:703605 [3] NCCL INFO GPU Direct RDMA Enabled for GPU 1 / HCA 1 (distance 5 <= 5), read 0 mode Default
MOC-R4PCC04U05:703480:703605 [3] NCCL INFO GPU Direct RDMA Enabled for GPU 2 / HCA 1 (distance 5 <= 5), read 0 mode Default
MOC-R4PCC04U05:703480:703605 [3] NCCL INFO GPU Direct RDMA Enabled for GPU 3 / HCA 1 (distance 5 <= 5), read 0 mode Default
MOC-R4PCC04U05:703479:703606 [2] NCCL INFO GPU Direct RDMA Enabled for GPU 0 / HCA 1 (distance 5 <= 5), read 0 mode Default
MOC-R4PCC04U05:703479:703606 [2] NCCL INFO GPU Direct RDMA Enabled for GPU 1 / HCA 1 (distance 5 <= 5), read 0 mode Default
MOC-R4PCC04U05:703479:703606 [2] NCCL INFO GPU Direct RDMA Enabled for GPU 2 / HCA 1 (distance 5 <= 5), read 0 mode Default
MOC-R4PCC04U05:703479:703606 [2] NCCL INFO GPU Direct RDMA Enabled for GPU 3 / HCA 1 (distance 5 <= 5), read 0 mode Default
MOC-R4PCC04U05:703479:703606 [2] NCCL INFO GPU Direct RDMA Enabled for GPU 0 / HCA 1 (distance 5 <= 5), read 0 mode Default
MOC-R4PCC04U05:703479:703606 [2] NCCL INFO GPU Direct RDMA Enabled for GPU 1 / HCA 1 (distance 5 <= 5), read 0 mode Default
MOC-R4PCC04U05:703479:703606 [2] NCCL INFO GPU Direct RDMA Enabled for GPU 2 / HCA 1 (distance 5 <= 5), read 0 mode Default
MOC-R4PCC04U05:703479:703606 [2] NCCL INFO GPU Direct RDMA Enabled for GPU 3 / HCA 1 (distance 5 <= 5), read 0 mode Default
MOC-R4PCC04U05:703479:703628 [2] NCCL INFO GPU Direct RDMA Enabled for GPU 2 / HCA 1 (distance 5 <= 5), read 0 mode Default
MOC-R4PCC04U05:703480:703620 [3] NCCL INFO New proxy recv connection 0 from local rank 3, transport 0
MOC-R4PCC04U05:703480:703629 [3] NCCL INFO Connected to proxy localRank 3 -> connection 0x7fe758004f30
MOC-R4PCC04U05:703478:703624 [1] NCCL INFO New proxy recv connection 0 from local rank 1, transport 0
MOC-R4PCC04U05:703478:703630 [1] NCCL INFO Connected to proxy localRank 1 -> connection 0x7f4774004f30
MOC-R4PCC04U05:703480:703620 [3] NCCL INFO New proxy recv connection 1 from local rank 3, transport 0
MOC-R4PCC04U05:703480:703629 [3] NCCL INFO Connected to proxy localRank 3 -> connection 0x7fe758004fa8
MOC-R4PCC04U05:703480:703620 [3] NCCL INFO New proxy recv connection 2 from local rank 3, transport 0
MOC-R4PCC04U05:703480:703629 [3] NCCL INFO Connected to proxy localRank 3 -> connection 0x7fe758005020
MOC-R4PCC04U05:703478:703624 [1] NCCL INFO New proxy recv connection 1 from local rank 1, transport 0
MOC-R4PCC04U05:703478:703630 [1] NCCL INFO Connected to proxy localRank 1 -> connection 0x7f4774004fa8
MOC-R4PCC04U05:703479:703621 [2] NCCL INFO New proxy recv connection 0 from local rank 2, transport 2
MOC-R4PCC04U05:703479:703628 [2] NCCL INFO Connected to proxy localRank 2 -> connection 0x7f29a4004f30
MOC-R4PCC04U05:703479:703628 [2] NCCL INFO Channel 00/0 : 15[3] -> 2[2] [receive] via NET/IB/1/GDRDMA
MOC-R4PCC04U05:703479:703628 [2] NCCL INFO GPU Direct RDMA Enabled for GPU 2 / HCA 1 (distance 5 <= 5), read 0 mode Default
MOC-R4PCC04U05:703479:703621 [2] NCCL INFO New proxy recv connection 1 from local rank 2, transport 2
MOC-R4PCC04U05:703479:703628 [2] NCCL INFO Connected to proxy localRank 2 -> connection 0x7f29a4004fa8
MOC-R4PCC04U05:703479:703628 [2] NCCL INFO Channel 01/0 : 15[3] -> 2[2] [receive] via NET/IB/1/GDRDMA
MOC-R4PCC04U05:703479:703628 [2] NCCL INFO GPU Direct RDMA Enabled for GPU 2 / HCA 1 (distance 5 <= 5), read 0 mode Default
MOC-R4PCC04U05:703479:703621 [2] NCCL INFO New proxy recv connection 2 from local rank 2, transport 2
MOC-R4PCC04U05:703479:703628 [2] NCCL INFO Connected to proxy localRank 2 -> connection 0x7f29a4005020
MOC-R4PCC04U05:703479:703628 [2] NCCL INFO Channel 02/0 : 15[3] -> 2[2] [receive] via NET/IB/1/GDRDMA
MOC-R4PCC04U05:703479:703628 [2] NCCL INFO GPU Direct RDMA Enabled for GPU 2 / HCA 1 (distance 5 <= 5), read 0 mode Default
MOC-R4PCC04U05:703479:703621 [2] NCCL INFO New proxy recv connection 3 from local rank 2, transport 2
MOC-R4PCC04U05:703479:703628 [2] NCCL INFO Connected to proxy localRank 2 -> connection 0x7f29a4005098
MOC-R4PCC04U05:703479:703628 [2] NCCL INFO Channel 03/0 : 15[3] -> 2[2] [receive] via NET/IB/1/GDRDMA
MOC-R4PCC04U05:703480:703620 [3] NCCL INFO New proxy recv connection 3 from local rank 3, transport 0
MOC-R4PCC04U05:703480:703629 [3] NCCL INFO Connected to proxy localRank 3 -> connection 0x7fe758005098
MOC-R4PCC04U05:703480:703629 [3] NCCL INFO GPU Direct RDMA Enabled for GPU 3 / HCA 1 (distance 5 <= 5), read 1 mode Default
MOC-R4PCC04U05:703479:703621 [2] NCCL INFO New proxy send connection 4 from local rank 3, transport 2
MOC-R4PCC04U05:703480:703629 [3] NCCL INFO Connected to proxy localRank 2 -> connection 0x7f29a4005110
MOC-R4PCC04U05:703480:703629 [3] NCCL INFO Channel 00/0 : 3[3] -> 6[2] [send] via NET/IB/1(2)/GDRDMA
MOC-R4PCC04U05:703480:703629 [3] NCCL INFO GPU Direct RDMA Enabled for GPU 3 / HCA 1 (distance 5 <= 5), read 1 mode Default
MOC-R4PCC04U05:703479:703621 [2] NCCL INFO New proxy send connection 5 from local rank 3, transport 2
MOC-R4PCC04U05:703480:703629 [3] NCCL INFO Connected to proxy localRank 2 -> connection 0x7f29a4005188
MOC-R4PCC04U05:703480:703629 [3] NCCL INFO Channel 01/0 : 3[3] -> 6[2] [send] via NET/IB/1(2)/GDRDMA
MOC-R4PCC04U05:703480:703629 [3] NCCL INFO GPU Direct RDMA Enabled for GPU 3 / HCA 1 (distance 5 <= 5), read 1 mode Default
MOC-R4PCC04U05:703479:703621 [2] NCCL INFO New proxy send connection 6 from local rank 3, transport 2
MOC-R4PCC04U05:703480:703629 [3] NCCL INFO Connected to proxy localRank 2 -> connection 0x7f29a4005200
MOC-R4PCC04U05:703480:703629 [3] NCCL INFO Channel 02/0 : 3[3] -> 6[2] [send] via NET/IB/1(2)/GDRDMA
MOC-R4PCC04U05:703480:703629 [3] NCCL INFO GPU Direct RDMA Enabled for GPU 3 / HCA 1 (distance 5 <= 5), read 1 mode Default
MOC-R4PCC04U05:703479:703621 [2] NCCL INFO New proxy send connection 7 from local rank 3, transport 2
MOC-R4PCC04U05:703480:703629 [3] NCCL INFO Connected to proxy localRank 2 -> connection 0x7f29a4005278
MOC-R4PCC04U05:703480:703629 [3] NCCL INFO Channel 03/0 : 3[3] -> 6[2] [send] via NET/IB/1(2)/GDRDMA
MOC-R4PCC04U05:703478:703624 [1] NCCL INFO New proxy recv connection 2 from local rank 1, transport 0
MOC-R4PCC04U05:703478:703630 [1] NCCL INFO Connected to proxy localRank 1 -> connection 0x7f4774005020
MOC-R4PCC04U05:703478:703624 [1] NCCL INFO New proxy recv connection 3 from local rank 1, transport 0
MOC-R4PCC04U05:703478:703630 [1] NCCL INFO Connected to proxy localRank 1 -> connection 0x7f4774005098
MOC-R4PCC04U05:703477:703626 [0] NCCL INFO New proxy send connection 0 from local rank 0, transport 0
MOC-R4PCC04U05:703477:703632 [0] NCCL INFO Connected to proxy localRank 0 -> connection 0x7fa764004f30
MOC-R4PCC04U05:703478:703624 [1] NCCL INFO New proxy send connection 4 from local rank 1, transport 0
MOC-R4PCC04U05:703478:703630 [1] NCCL INFO Connected to proxy localRank 1 -> connection 0x7f4774005110
MOC-R4PCC04U05:703478:703624 [1] NCCL INFO New proxy send connection 5 from local rank 1, transport 0
MOC-R4PCC04U05:703478:703630 [1] NCCL INFO Connected to proxy localRank 1 -> connection 0x7f4774005188
MOC-R4PCC04U05:703477:703626 [0] NCCL INFO New proxy send connection 1 from local rank 0, transport 0
MOC-R4PCC04U05:703477:703632 [0] NCCL INFO Connected to proxy localRank 0 -> connection 0x7fa764004fa8
MOC-R4PCC04U05:703477:703626 [0] NCCL INFO New proxy send connection 2 from local rank 0, transport 0
MOC-R4PCC04U05:703478:703624 [1] NCCL INFO New proxy send connection 6 from local rank 1, transport 0
MOC-R4PCC04U05:703477:703632 [0] NCCL INFO Connected to proxy localRank 0 -> connection 0x7fa764005020
MOC-R4PCC04U05:703478:703630 [1] NCCL INFO Connected to proxy localRank 1 -> connection 0x7f4774005200
MOC-R4PCC04U05:703478:703624 [1] NCCL INFO New proxy send connection 7 from local rank 1, transport 0
MOC-R4PCC04U05:703477:703626 [0] NCCL INFO New proxy send connection 3 from local rank 0, transport 0
MOC-R4PCC04U05:703478:703630 [1] NCCL INFO Connected to proxy localRank 1 -> connection 0x7f4774005278
MOC-R4PCC04U05:703477:703632 [0] NCCL INFO Connected to proxy localRank 0 -> connection 0x7fa764005098
MOC-R4PCC04U05:703477:703626 [0] NCCL INFO New proxy recv connection 4 from local rank 0, transport 0
MOC-R4PCC04U05:703477:703632 [0] NCCL INFO Connected to proxy localRank 0 -> connection 0x7fa764005110
MOC-R4PCC04U05:703477:703626 [0] NCCL INFO New proxy recv connection 5 from local rank 0, transport 0
MOC-R4PCC04U05:703477:703632 [0] NCCL INFO Connected to proxy localRank 0 -> connection 0x7fa764005188
MOC-R4PCC04U05:703477:703626 [0] NCCL INFO New proxy send connection 6 from local rank 3, transport 0
MOC-R4PCC04U05:703479:703621 [2] NCCL INFO NET/IB: NCCL Dev 1 IbDev 0 Port 1 qpn 11570 mtu 3 query_ece={supported=1, vendor_id=0x15b3, options=0x30000002, comp_mask=0x0} GID 3 (0/C132A8C0FFFF0000) fifoRkey=0x17e1a0 fifoLkey=0x17e1a0
MOC-R4PCC04U05:703480:703629 [3] NCCL INFO Connected to proxy localRank 0 -> connection 0x7fa764005200
MOC-R4PCC04U05:703477:703626 [0] NCCL INFO New proxy recv connection 7 from local rank 0, transport 0
MOC-R4PCC04U05:703477:703632 [0] NCCL INFO Connected to proxy localRank 0 -> connection 0x7fa764005278
MOC-R4PCC04U05:703477:703626 [0] NCCL INFO New proxy recv connection 8 from local rank 0, transport 0
MOC-R4PCC04U05:703477:703632 [0] NCCL INFO Connected to proxy localRank 0 -> connection 0x7fa7640052f0
MOC-R4PCC04U05:703479:703621 [2] NCCL INFO NET/IB: IbDev 0 Port 1 qpn 11858 set_ece={supported=1, vendor_id=0x15b3, options=0x0, comp_mask=0x0}
MOC-R4PCC04U05:703480:703620 [3] NCCL INFO New proxy send connection 4 from local rank 0, transport 0
MOC-R4PCC04U05:703477:703632 [0] NCCL INFO Connected to proxy localRank 3 -> connection 0x7fe758005110
MOC-R4PCC04U05:703479:703621 [2] NCCL INFO New proxy send connection 8 from local rank 3, transport 0
MOC-R4PCC04U05:703480:703629 [3] NCCL INFO Connected to proxy localRank 2 -> connection 0x7f29a40052f0
MOC-R4PCC04U05:703479:703621 [2] NCCL INFO New proxy send connection 9 from local rank 2, transport 0
MOC-R4PCC04U05:703479:703628 [2] NCCL INFO Connected to proxy localRank 2 -> connection 0x7f29a4005368
MOC-R4PCC04U05:703479:703621 [2] NCCL INFO New proxy send connection 10 from local rank 2, transport 0
MOC-R4PCC04U05:703479:703628 [2] NCCL INFO Connected to proxy localRank 2 -> connection 0x7f29a40053e0
MOC-R4PCC04U05:703478:703624 [1] NCCL INFO New proxy send connection 8 from local rank 0, transport 0
MOC-R4PCC04U05:703479:703621 [2] NCCL INFO New proxy send connection 11 from local rank 2, transport 0
MOC-R4PCC04U05:703477:703632 [0] NCCL INFO Connected to proxy localRank 1 -> connection 0x7f47740052f0
MOC-R4PCC04U05:703479:703628 [2] NCCL INFO Connected to proxy localRank 2 -> connection 0x7f29a4005458
MOC-R4PCC04U05:703479:703621 [2] NCCL INFO New proxy send connection 12 from local rank 2, transport 0
MOC-R4PCC04U05:703479:703628 [2] NCCL INFO Connected to proxy localRank 2 -> connection 0x7f29a40054d0
MOC-R4PCC04U05:703477:703626 [0] NCCL INFO New proxy send connection 9 from local rank 1, transport 0
MOC-R4PCC04U05:703478:703630 [1] NCCL INFO Connected to proxy localRank 0 -> connection 0x7fa764005368
MOC-R4PCC04U05:703478:703624 [1] NCCL INFO New proxy send connection 9 from local rank 2, transport 0
MOC-R4PCC04U05:703479:703628 [2] NCCL INFO Connected to proxy localRank 1 -> connection 0x7f4774005368
MOC-R4PCC04U05:703479:703621 [2] NCCL INFO New proxy send connection 13 from local rank 1, transport 0
MOC-R4PCC04U05:703478:703630 [1] NCCL INFO Connected to proxy localRank 2 -> connection 0x7f29a4005548
MOC-R4PCC04U05:703479:703621 [2] NCCL INFO NET/IB: NCCL Dev 1 IbDev 0 Port 1 qpn 11575 mtu 3 query_ece={supported=1, vendor_id=0x15b3, options=0x30000002, comp_mask=0x0} GID 3 (0/C132A8C0FFFF0000) fifoRkey=0x17edac fifoLkey=0x17edac
MOC-R4PCC04U05:703479:703621 [2] NCCL INFO NET/IB: NCCL Dev 1 IbDev 0 Port 1 qpn 11576 mtu 3 query_ece={supported=1, vendor_id=0x15b3, options=0x30000002, comp_mask=0x0} GID 3 (0/C132A8C0FFFF0000) fifoRkey=0x17c584 fifoLkey=0x17c584
MOC-R4PCC04U05:703479:703621 [2] NCCL INFO NET/IB: NCCL Dev 1 IbDev 0 Port 1 qpn 11577 mtu 3 query_ece={supported=1, vendor_id=0x15b3, options=0x30000002, comp_mask=0x0} GID 3 (0/C132A8C0FFFF0000) fifoRkey=0x169959 fifoLkey=0x169959
MOC-R4PCC04U05:703479:703621 [2] NCCL INFO NET/IB: IbDev 0 Port 1 qpn 11861 set_ece={supported=1, vendor_id=0x15b3, options=0x0, comp_mask=0x0}
MOC-R4PCC04U05:703479:703621 [2] NCCL INFO NET/IB: IbDev 0 Port 1 qpn 11863 set_ece={supported=1, vendor_id=0x15b3, options=0x0, comp_mask=0x0}
MOC-R4PCC04U05:703479:703621 [2] NCCL INFO NET/IB: IbDev 0 Port 1 qpn 11865 set_ece={supported=1, vendor_id=0x15b3, options=0x0, comp_mask=0x0}
num decayed parameter tensors: 50, with 124,318,464 parameters
num non-decayed parameter tensors: 98, with 121,344 parameters
using fused AdamW: False
using regular AdamW
MOC-R4PCC04U05:703480:703620 [3] NCCL INFO New proxy recv connection 5 from local rank 3, transport 0
MOC-R4PCC04U05:703480:704323 [3] NCCL INFO Connected to proxy localRank 3 -> connection 0x7fe758005188
MOC-R4PCC04U05:703480:703620 [3] NCCL INFO New proxy recv connection 6 from local rank 3, transport 0
MOC-R4PCC04U05:703480:704323 [3] NCCL INFO Connected to proxy localRank 3 -> connection 0x7fe758005200
MOC-R4PCC04U05:703480:703620 [3] NCCL INFO New proxy recv connection 7 from local rank 3, transport 0
MOC-R4PCC04U05:703480:704323 [3] NCCL INFO Connected to proxy localRank 3 -> connection 0x7fe758005278
MOC-R4PCC04U05:703480:703620 [3] NCCL INFO New proxy recv connection 8 from local rank 3, transport 0
MOC-R4PCC04U05:703480:704323 [3] NCCL INFO Connected to proxy localRank 3 -> connection 0x7fe7580052f0
MOC-R4PCC04U05:703479:703621 [2] NCCL INFO New proxy send connection 14 from local rank 2, transport 0
MOC-R4PCC04U05:703479:704324 [2] NCCL INFO Connected to proxy localRank 2 -> connection 0x7f29a40055c0
MOC-R4PCC04U05:703479:703621 [2] NCCL INFO New proxy send connection 15 from local rank 2, transport 0
MOC-R4PCC04U05:703479:704324 [2] NCCL INFO Connected to proxy localRank 2 -> connection 0x7f29a4005638
MOC-R4PCC04U05:703479:703621 [2] NCCL INFO New proxy send connection 16 from local rank 2, transport 0
MOC-R4PCC04U05:703479:704324 [2] NCCL INFO Connected to proxy localRank 2 -> connection 0x7f29a40056b0
MOC-R4PCC04U05:703479:703621 [2] NCCL INFO New proxy send connection 17 from local rank 2, transport 0
MOC-R4PCC04U05:703479:704324 [2] NCCL INFO Connected to proxy localRank 2 -> connection 0x7f29a4005728
MOC-R4PCC04U05:703479:704324 [2] NCCL INFO GPU Direct RDMA Enabled for GPU 2 / HCA 1 (distance 5 <= 5), read 1 mode Default
MOC-R4PCC04U05:703479:703621 [2] NCCL INFO New proxy send connection 18 from local rank 2, transport 2
MOC-R4PCC04U05:703479:704324 [2] NCCL INFO Connected to proxy localRank 2 -> connection 0x7f29a40057a0
MOC-R4PCC04U05:703480:703620 [3] NCCL INFO New proxy send connection 9 from local rank 3, transport 0
MOC-R4PCC04U05:703479:704324 [2] NCCL INFO Channel 02/0 : 2[2] -> 6[2] [send] via NET/IB/1/GDRDMA
MOC-R4PCC04U05:703477:703626 [0] NCCL INFO New proxy send connection 10 from local rank 0, transport 0
MOC-R4PCC04U05:703479:704324 [2] NCCL INFO GPU Direct RDMA Enabled for GPU 2 / HCA 1 (distance 5 <= 5), read 1 mode Default
MOC-R4PCC04U05:703480:704323 [3] NCCL INFO Connected to proxy localRank 3 -> connection 0x7fe758005368
MOC-R4PCC04U05:703477:704325 [0] NCCL INFO Connected to proxy localRank 0 -> connection 0x7fa7640053e0
MOC-R4PCC04U05:703479:703621 [2] NCCL INFO New proxy send connection 19 from local rank 2, transport 2
MOC-R4PCC04U05:703479:704324 [2] NCCL INFO Connected to proxy localRank 2 -> connection 0x7f29a4005818
MOC-R4PCC04U05:703479:704324 [2] NCCL INFO Channel 03/0 : 2[2] -> 6[2] [send] via NET/IB/1/GDRDMA
MOC-R4PCC04U05:703480:703620 [3] NCCL INFO New proxy send connection 10 from local rank 3, transport 0
MOC-R4PCC04U05:703480:704323 [3] NCCL INFO Connected to proxy localRank 3 -> connection 0x7fe7580053e0
MOC-R4PCC04U05:703477:703626 [0] NCCL INFO New proxy send connection 11 from local rank 0, transport 0
MOC-R4PCC04U05:703477:704325 [0] NCCL INFO Connected to proxy localRank 0 -> connection 0x7fa764005458
MOC-R4PCC04U05:703480:703620 [3] NCCL INFO New proxy send connection 11 from local rank 3, transport 0
MOC-R4PCC04U05:703480:704323 [3] NCCL INFO Connected to proxy localRank 3 -> connection 0x7fe758005458
MOC-R4PCC04U05:703477:703626 [0] NCCL INFO New proxy send connection 12 from local rank 0, transport 0
MOC-R4PCC04U05:703477:704325 [0] NCCL INFO Connected to proxy localRank 0 -> connection 0x7fa7640054d0
MOC-R4PCC04U05:703480:703620 [3] NCCL INFO New proxy send connection 12 from local rank 3, transport 0
MOC-R4PCC04U05:703480:704323 [3] NCCL INFO Connected to proxy localRank 3 -> connection 0x7fe7580054d0
MOC-R4PCC04U05:703477:703626 [0] NCCL INFO New proxy send connection 13 from local rank 0, transport 0
MOC-R4PCC04U05:703477:704325 [0] NCCL INFO Connected to proxy localRank 0 -> connection 0x7fa764005548
MOC-R4PCC04U05:703479:704324 [2] NCCL INFO GPU Direct RDMA Enabled for GPU 2 / HCA 1 (distance 5 <= 5), read 0 mode Default
MOC-R4PCC04U05:703479:703621 [2] NCCL INFO New proxy recv connection 20 from local rank 2, transport 2
MOC-R4PCC04U05:703479:704324 [2] NCCL INFO Connected to proxy localRank 2 -> connection 0x7f29a4005890
MOC-R4PCC04U05:703479:704324 [2] NCCL INFO Channel 00/0 : 10[2] -> 2[2] [receive] via NET/IB/1/GDRDMA
MOC-R4PCC04U05:703479:704324 [2] NCCL INFO GPU Direct RDMA Enabled for GPU 2 / HCA 1 (distance 5 <= 5), read 0 mode Default
MOC-R4PCC04U05:703479:703621 [2] NCCL INFO New proxy recv connection 21 from local rank 2, transport 2
MOC-R4PCC04U05:703479:704324 [2] NCCL INFO Connected to proxy localRank 2 -> connection 0x7f29a4005908
MOC-R4PCC04U05:703479:704324 [2] NCCL INFO Channel 01/0 : 10[2] -> 2[2] [receive] via NET/IB/1/GDRDMA
MOC-R4PCC04U05:703479:704324 [2] NCCL INFO GPU Direct RDMA Enabled for GPU 2 / HCA 1 (distance 5 <= 5), read 1 mode Default
MOC-R4PCC04U05:703479:703621 [2] NCCL INFO New proxy send connection 22 from local rank 2, transport 2
MOC-R4PCC04U05:703479:704324 [2] NCCL INFO Connected to proxy localRank 2 -> connection 0x7f29a4005980
MOC-R4PCC04U05:703479:704324 [2] NCCL INFO Channel 00/0 : 2[2] -> 10[2] [send] via NET/IB/1/GDRDMA
MOC-R4PCC04U05:703479:704324 [2] NCCL INFO GPU Direct RDMA Enabled for GPU 2 / HCA 1 (distance 5 <= 5), read 1 mode Default
MOC-R4PCC04U05:703479:703621 [2] NCCL INFO New proxy send connection 23 from local rank 2, transport 2
MOC-R4PCC04U05:703479:704324 [2] NCCL INFO Connected to proxy localRank 2 -> connection 0x7f29a40059f8
MOC-R4PCC04U05:703479:704324 [2] NCCL INFO Channel 01/0 : 2[2] -> 10[2] [send] via NET/IB/1/GDRDMA
MOC-R4PCC04U05:703479:704324 [2] NCCL INFO GPU Direct RDMA Enabled for GPU 2 / HCA 1 (distance 5 <= 5), read 0 mode Default
MOC-R4PCC04U05:703479:703621 [2] NCCL INFO New proxy recv connection 24 from local rank 2, transport 2
MOC-R4PCC04U05:703479:704324 [2] NCCL INFO Connected to proxy localRank 2 -> connection 0x7f29a4005a70
MOC-R4PCC04U05:703479:704324 [2] NCCL INFO Channel 02/0 : 6[2] -> 2[2] [receive] via NET/IB/1/GDRDMA
MOC-R4PCC04U05:703479:704324 [2] NCCL INFO GPU Direct RDMA Enabled for GPU 2 / HCA 1 (distance 5 <= 5), read 0 mode Default
MOC-R4PCC04U05:703479:703621 [2] NCCL INFO New proxy recv connection 25 from local rank 2, transport 2
MOC-R4PCC04U05:703479:704324 [2] NCCL INFO Connected to proxy localRank 2 -> connection 0x7f29a4005ae8
MOC-R4PCC04U05:703479:704324 [2] NCCL INFO Channel 03/0 : 6[2] -> 2[2] [receive] via NET/IB/1/GDRDMA
MOC-R4PCC04U05:703479:703621 [2] NCCL INFO New proxy recv connection 26 from local rank 2, transport 0
MOC-R4PCC04U05:703479:704324 [2] NCCL INFO Connected to proxy localRank 2 -> connection 0x7f29a4005b60
MOC-R4PCC04U05:703479:703621 [2] NCCL INFO New proxy recv connection 27 from local rank 2, transport 0
MOC-R4PCC04U05:703479:704324 [2] NCCL INFO Connected to proxy localRank 2 -> connection 0x7f29a4005bd8
MOC-R4PCC04U05:703479:703621 [2] NCCL INFO New proxy recv connection 28 from local rank 2, transport 0
MOC-R4PCC04U05:703479:704324 [2] NCCL INFO Connected to proxy localRank 2 -> connection 0x7f29a4005c50
MOC-R4PCC04U05:703479:703621 [2] NCCL INFO New proxy recv connection 29 from local rank 2, transport 0
MOC-R4PCC04U05:703479:704324 [2] NCCL INFO Connected to proxy localRank 2 -> connection 0x7f29a4005cc8
MOC-R4PCC04U05:703478:703624 [1] NCCL INFO New proxy recv connection 10 from local rank 1, transport 0
MOC-R4PCC04U05:703478:704326 [1] NCCL INFO Connected to proxy localRank 1 -> connection 0x7f47740053e0
MOC-R4PCC04U05:703478:703624 [1] NCCL INFO New proxy recv connection 11 from local rank 1, transport 0
MOC-R4PCC04U05:703478:704326 [1] NCCL INFO Connected to proxy localRank 1 -> connection 0x7f4774005458
MOC-R4PCC04U05:703478:703624 [1] NCCL INFO New proxy recv connection 12 from local rank 1, transport 0
MOC-R4PCC04U05:703478:704326 [1] NCCL INFO Connected to proxy localRank 1 -> connection 0x7f47740054d0
MOC-R4PCC04U05:703478:703624 [1] NCCL INFO New proxy recv connection 13 from local rank 1, transport 0
MOC-R4PCC04U05:703478:704326 [1] NCCL INFO Connected to proxy localRank 1 -> connection 0x7f4774005548
MOC-R4PCC04U05:703477:703626 [0] NCCL INFO New proxy recv connection 14 from local rank 0, transport 0
MOC-R4PCC04U05:703477:704325 [0] NCCL INFO Connected to proxy localRank 0 -> connection 0x7fa7640055c0
MOC-R4PCC04U05:703477:703626 [0] NCCL INFO New proxy recv connection 15 from local rank 0, transport 0
MOC-R4PCC04U05:703477:704325 [0] NCCL INFO Connected to proxy localRank 0 -> connection 0x7fa764005638
MOC-R4PCC04U05:703477:703626 [0] NCCL INFO New proxy recv connection 16 from local rank 0, transport 0
MOC-R4PCC04U05:703477:704325 [0] NCCL INFO Connected to proxy localRank 0 -> connection 0x7fa7640056b0
MOC-R4PCC04U05:703477:703626 [0] NCCL INFO New proxy recv connection 17 from local rank 0, transport 0
MOC-R4PCC04U05:703477:704325 [0] NCCL INFO Connected to proxy localRank 0 -> connection 0x7fa764005728
MOC-R4PCC04U05:703480:703620 [3] NCCL INFO New proxy send connection 13 from local rank 3, transport 0
MOC-R4PCC04U05:703480:704323 [3] NCCL INFO Connected to proxy localRank 3 -> connection 0x7fe758005548
MOC-R4PCC04U05:703480:703620 [3] NCCL INFO New proxy send connection 14 from local rank 3, transport 0
MOC-R4PCC04U05:703480:704323 [3] NCCL INFO Connected to proxy localRank 3 -> connection 0x7fe7580055c0
MOC-R4PCC04U05:703480:703620 [3] NCCL INFO New proxy send connection 15 from local rank 3, transport 0
MOC-R4PCC04U05:703480:704323 [3] NCCL INFO Connected to proxy localRank 3 -> connection 0x7fe758005638
MOC-R4PCC04U05:703480:703620 [3] NCCL INFO New proxy send connection 16 from local rank 3, transport 0
MOC-R4PCC04U05:703480:704323 [3] NCCL INFO Connected to proxy localRank 3 -> connection 0x7fe7580056b0
MOC-R4PCC04U05:703480:703620 [3] NCCL INFO New proxy send connection 17 from local rank 2, transport 0
MOC-R4PCC04U05:703479:704324 [2] NCCL INFO Connected to proxy localRank 3 -> connection 0x7fe758005728
MOC-R4PCC04U05:703479:703621 [2] NCCL INFO NET/IB: NCCL Dev 1 IbDev 0 Port 1 qpn 11582 mtu 3 query_ece={supported=1, vendor_id=0x15b3, options=0x30000002, comp_mask=0x0} GID 3 (0/C132A8C0FFFF0000) fifoRkey=0x17fdbc fifoLkey=0x17fdbc
MOC-R4PCC04U05:703479:703621 [2] NCCL INFO NET/IB: NCCL Dev 1 IbDev 0 Port 1 qpn 11583 mtu 3 query_ece={supported=1, vendor_id=0x15b3, options=0x30000002, comp_mask=0x0} GID 3 (0/C132A8C0FFFF0000) fifoRkey=0x17e7a6 fifoLkey=0x17e7a6
MOC-R4PCC04U05:703479:703621 [2] NCCL INFO NET/IB: IbDev 0 Port 1 qpn 11876 set_ece={supported=1, vendor_id=0x15b3, options=0x0, comp_mask=0x0}
MOC-R4PCC04U05:703479:703621 [2] NCCL INFO NET/IB: IbDev 0 Port 1 qpn 11878 set_ece={supported=1, vendor_id=0x15b3, options=0x0, comp_mask=0x0}
MOC-R4PCC04U05:703479:703621 [2] NCCL INFO NET/IB: NCCL Dev 1 IbDev 0 Port 1 qpn 11590 mtu 3 query_ece={supported=1, vendor_id=0x15b3, options=0x30000002, comp_mask=0x0} GID 3 (0/C132A8C0FFFF0000) fifoRkey=0x17f9b8 fifoLkey=0x17f9b8
MOC-R4PCC04U05:703479:703621 [2] NCCL INFO NET/IB: IbDev 0 Port 1 qpn 9325 set_ece={supported=1, vendor_id=0x15b3, options=0x0, comp_mask=0x0}
MOC-R4PCC04U05:703479:703621 [2] NCCL INFO NET/IB: NCCL Dev 1 IbDev 0 Port 1 qpn 11593 mtu 3 query_ece={supported=1, vendor_id=0x15b3, options=0x30000002, comp_mask=0x0} GID 3 (0/C132A8C0FFFF0000) fifoRkey=0x17b979 fifoLkey=0x17b979
MOC-R4PCC04U05:703479:703621 [2] NCCL INFO NET/IB: IbDev 0 Port 1 qpn 9334 set_ece={supported=1, vendor_id=0x15b3, options=0x0, comp_mask=0x0}
step    1/10 | train loss 11.010197 | norm 15.3782 | lr 1.00e-04 | (15088.37 ms | 312730 tok/s)
step    2/10 | train loss 10.139423 | norm 5.7380 | lr 1.00e-04 | (743.22 ms | 6348883 tok/s)
step    3/10 | train loss 9.800095 | norm 2.5972 | lr 1.00e-04 | (744.10 ms | 6341332 tok/s)
step    4/10 | train loss 9.631591 | norm 2.1025 | lr 1.00e-04 | (744.79 ms | 6335454 tok/s)
step    5/10 | train loss 9.549199 | norm 2.0954 | lr 1.00e-04 | (743.12 ms | 6349721 tok/s)
step    6/10 | train loss 9.469120 | norm 1.9887 | lr 1.00e-04 | (760.32 ms | 6206088 tok/s)
step    7/10 | train loss 9.384792 | norm 1.9384 | lr 1.00e-04 | (744.71 ms | 6336109 tok/s)
step    8/10 | train loss 9.294775 | norm 1.9078 | lr 1.00e-04 | (743.67 ms | 6345034 tok/s)
step    9/10 | train loss 9.200788 | norm 1.8597 | lr 1.00e-04 | (744.68 ms | 6336411 tok/s)
step   10/10 | train loss 9.113816 | norm 1.7827 | lr 1.00e-04 | (751.73 ms | 6276999 tok/s)
final 9 iters avg: 746.703ms
peak memory consumption: 16601 MiB
