Running pytorch 2.7.0+cu126
using device: cuda:0
total desired batch size: 1572864
=> calculated gradient accumulation steps: 3
using device: cuda:2
using device: cuda:3
using device: cuda:1
compiling the model...
DataLoader: total number of tokens: 1,661,249,667 across 103 files
MOC-R4PCC04U05:739979:739979 [0] NCCL INFO NCCL_SOCKET_IFNAME set to eno7np0
MOC-R4PCC04U05:739979:739979 [0] NCCL INFO NCCL version 2.26.2+cuda12.2
MOC-R4PCC04U05:739982:739982 [3] NCCL INFO NCCL_SOCKET_IFNAME set to eno7np0
MOC-R4PCC04U05:739982:739982 [3] NCCL INFO NCCL version 2.26.2+cuda12.2
MOC-R4PCC04U05:739980:739980 [1] NCCL INFO NCCL_SOCKET_IFNAME set to eno7np0
MOC-R4PCC04U05:739980:739980 [1] NCCL INFO NCCL version 2.26.2+cuda12.2
MOC-R4PCC04U05:739981:739981 [2] NCCL INFO NCCL_SOCKET_IFNAME set to eno7np0
MOC-R4PCC04U05:739981:739981 [2] NCCL INFO NCCL version 2.26.2+cuda12.2
MOC-R4PCC04U05:739979:740104 [0] NCCL INFO NET/Plugin: Could not find: libnccl-net.so. Using internal net plugin.
MOC-R4PCC04U05:739979:740104 [0] NCCL INFO NET/Socket : Using [0]eno7np0:192.168.50.193<0>
MOC-R4PCC04U05:739982:740105 [3] NCCL INFO NET/Plugin: Could not find: libnccl-net.so. Using internal net plugin.
MOC-R4PCC04U05:739982:740105 [3] NCCL INFO NET/Socket : Using [0]eno7np0:192.168.50.193<0>
MOC-R4PCC04U05:739980:740106 [1] NCCL INFO NET/Plugin: Could not find: libnccl-net.so. Using internal net plugin.
MOC-R4PCC04U05:739980:740106 [1] NCCL INFO NET/Socket : Using [0]eno7np0:192.168.50.193<0>
MOC-R4PCC04U05:739981:740107 [2] NCCL INFO NET/Plugin: Could not find: libnccl-net.so. Using internal net plugin.
MOC-R4PCC04U05:739981:740107 [2] NCCL INFO NET/Socket : Using [0]eno7np0:192.168.50.193<0>
MOC-R4PCC04U05:739979:740104 [0] NCCL INFO NET/Socket : GPU Direct RDMA Disabled for HCA 0 'eno7np0'
MOC-R4PCC04U05:739981:740107 [2] NCCL INFO NET/Socket : GPU Direct RDMA Disabled for HCA 0 'eno7np0'
MOC-R4PCC04U05:739982:740105 [3] NCCL INFO NET/Socket : GPU Direct RDMA Disabled for HCA 0 'eno7np0'
MOC-R4PCC04U05:739980:740106 [1] NCCL INFO NET/Socket : GPU Direct RDMA Disabled for HCA 0 'eno7np0'
MOC-R4PCC04U05:739981:740117 [2] NCCL INFO New proxy recv connection 0 from local rank 2, transport 0
MOC-R4PCC04U05:739981:740124 [2] NCCL INFO Connected to proxy localRank 2 -> connection 0x7f0fe0004f30
MOC-R4PCC04U05:739981:740117 [2] NCCL INFO New proxy recv connection 1 from local rank 2, transport 0
MOC-R4PCC04U05:739981:740124 [2] NCCL INFO Connected to proxy localRank 2 -> connection 0x7f0fe0004fa8
MOC-R4PCC04U05:739980:740122 [1] NCCL INFO New proxy recv connection 0 from local rank 1, transport 0
MOC-R4PCC04U05:739982:740116 [3] NCCL INFO New proxy recv connection 0 from local rank 3, transport 0
MOC-R4PCC04U05:739980:740126 [1] NCCL INFO Connected to proxy localRank 1 -> connection 0x7ff808004f30
MOC-R4PCC04U05:739982:740125 [3] NCCL INFO Connected to proxy localRank 3 -> connection 0x7f5198004f30
MOC-R4PCC04U05:739980:740122 [1] NCCL INFO New proxy recv connection 1 from local rank 1, transport 0
MOC-R4PCC04U05:739982:740116 [3] NCCL INFO New proxy recv connection 1 from local rank 3, transport 0
MOC-R4PCC04U05:739980:740126 [1] NCCL INFO Connected to proxy localRank 1 -> connection 0x7ff808004fa8
MOC-R4PCC04U05:739982:740125 [3] NCCL INFO Connected to proxy localRank 3 -> connection 0x7f5198004fa8
MOC-R4PCC04U05:739979:740118 [0] NCCL INFO New proxy send connection 0 from local rank 0, transport 0
MOC-R4PCC04U05:739979:740127 [0] NCCL INFO Connected to proxy localRank 0 -> connection 0x7f3290004f30
MOC-R4PCC04U05:739979:740118 [0] NCCL INFO New proxy send connection 1 from local rank 0, transport 0
MOC-R4PCC04U05:739979:740127 [0] NCCL INFO Connected to proxy localRank 0 -> connection 0x7f3290004fa8
MOC-R4PCC04U05:739979:740118 [0] NCCL INFO New proxy send connection 2 from local rank 0, transport 0
MOC-R4PCC04U05:739979:740127 [0] NCCL INFO Connected to proxy localRank 0 -> connection 0x7f3290005020
MOC-R4PCC04U05:739979:740118 [0] NCCL INFO New proxy send connection 3 from local rank 0, transport 0
MOC-R4PCC04U05:739979:740127 [0] NCCL INFO Connected to proxy localRank 0 -> connection 0x7f3290005098
MOC-R4PCC04U05:739982:740116 [3] NCCL INFO New proxy send connection 2 from local rank 3, transport 2
MOC-R4PCC04U05:739982:740125 [3] NCCL INFO Connected to proxy localRank 3 -> connection 0x7f5198005020
MOC-R4PCC04U05:739982:740125 [3] NCCL INFO Channel 00/0 : 3[3] -> 6[2] [send] via NET/Socket/0
MOC-R4PCC04U05:739982:740116 [3] NCCL INFO New proxy send connection 3 from local rank 3, transport 2
MOC-R4PCC04U05:739982:740125 [3] NCCL INFO Connected to proxy localRank 3 -> connection 0x7f5198005098
MOC-R4PCC04U05:739982:740125 [3] NCCL INFO Channel 02/0 : 3[3] -> 6[2] [send] via NET/Socket/0
MOC-R4PCC04U05:739979:740118 [0] NCCL INFO New proxy recv connection 4 from local rank 0, transport 0
MOC-R4PCC04U05:739979:740127 [0] NCCL INFO Connected to proxy localRank 0 -> connection 0x7f3290005110
MOC-R4PCC04U05:739981:740117 [2] NCCL INFO New proxy recv connection 2 from local rank 2, transport 2
MOC-R4PCC04U05:739981:740124 [2] NCCL INFO Connected to proxy localRank 2 -> connection 0x7f0fe0005020
MOC-R4PCC04U05:739981:740124 [2] NCCL INFO Channel 00/0 : 15[3] -> 2[2] [receive] via NET/Socket/0
MOC-R4PCC04U05:739981:740117 [2] NCCL INFO New proxy recv connection 3 from local rank 2, transport 2
MOC-R4PCC04U05:739981:740124 [2] NCCL INFO Connected to proxy localRank 2 -> connection 0x7f0fe0005098
MOC-R4PCC04U05:739981:740124 [2] NCCL INFO Channel 02/0 : 15[3] -> 2[2] [receive] via NET/Socket/0
MOC-R4PCC04U05:739979:740118 [0] NCCL INFO New proxy recv connection 5 from local rank 0, transport 0
MOC-R4PCC04U05:739979:740127 [0] NCCL INFO Connected to proxy localRank 0 -> connection 0x7f3290005188
MOC-R4PCC04U05:739979:740118 [0] NCCL INFO New proxy recv connection 6 from local rank 0, transport 0
MOC-R4PCC04U05:739979:740127 [0] NCCL INFO Connected to proxy localRank 0 -> connection 0x7f3290005200
MOC-R4PCC04U05:739979:740118 [0] NCCL INFO New proxy recv connection 7 from local rank 0, transport 0
MOC-R4PCC04U05:739979:740127 [0] NCCL INFO Connected to proxy localRank 0 -> connection 0x7f3290005278
MOC-R4PCC04U05:739982:740116 [3] NCCL INFO New proxy recv connection 4 from local rank 3, transport 2
MOC-R4PCC04U05:739982:740125 [3] NCCL INFO Connected to proxy localRank 3 -> connection 0x7f5198005110
MOC-R4PCC04U05:739982:740125 [3] NCCL INFO Channel 01/0 : 14[2] -> 3[3] [receive] via NET/Socket/0
MOC-R4PCC04U05:739982:740116 [3] NCCL INFO New proxy recv connection 5 from local rank 3, transport 2
MOC-R4PCC04U05:739982:740125 [3] NCCL INFO Connected to proxy localRank 3 -> connection 0x7f5198005188
MOC-R4PCC04U05:739982:740125 [3] NCCL INFO Channel 03/0 : 14[2] -> 3[3] [receive] via NET/Socket/0
MOC-R4PCC04U05:739981:740117 [2] NCCL INFO New proxy send connection 4 from local rank 2, transport 2
MOC-R4PCC04U05:739981:740124 [2] NCCL INFO Connected to proxy localRank 2 -> connection 0x7f0fe0005110
MOC-R4PCC04U05:739981:740124 [2] NCCL INFO Channel 01/0 : 2[2] -> 7[3] [send] via NET/Socket/0
MOC-R4PCC04U05:739981:740117 [2] NCCL INFO New proxy send connection 5 from local rank 2, transport 2
MOC-R4PCC04U05:739981:740124 [2] NCCL INFO Connected to proxy localRank 2 -> connection 0x7f0fe0005188
MOC-R4PCC04U05:739981:740124 [2] NCCL INFO Channel 03/0 : 2[2] -> 7[3] [send] via NET/Socket/0
MOC-R4PCC04U05:739982:740116 [3] NCCL INFO New proxy send connection 6 from local rank 3, transport 0
MOC-R4PCC04U05:739982:740125 [3] NCCL INFO Connected to proxy localRank 3 -> connection 0x7f5198005200
MOC-R4PCC04U05:739982:740116 [3] NCCL INFO New proxy send connection 7 from local rank 3, transport 0
MOC-R4PCC04U05:739982:740125 [3] NCCL INFO Connected to proxy localRank 3 -> connection 0x7f5198005278
MOC-R4PCC04U05:739979:740118 [0] NCCL INFO New proxy send connection 8 from local rank 3, transport 0
MOC-R4PCC04U05:739982:740125 [3] NCCL INFO Connected to proxy localRank 0 -> connection 0x7f32900052f0
MOC-R4PCC04U05:739980:740122 [1] NCCL INFO New proxy recv connection 2 from local rank 1, transport 0
MOC-R4PCC04U05:739980:740126 [1] NCCL INFO Connected to proxy localRank 1 -> connection 0x7ff808005020
MOC-R4PCC04U05:739980:740122 [1] NCCL INFO New proxy recv connection 3 from local rank 1, transport 0
MOC-R4PCC04U05:739980:740126 [1] NCCL INFO Connected to proxy localRank 1 -> connection 0x7ff808005098
MOC-R4PCC04U05:739980:740122 [1] NCCL INFO New proxy send connection 4 from local rank 1, transport 0
MOC-R4PCC04U05:739980:740126 [1] NCCL INFO Connected to proxy localRank 1 -> connection 0x7ff808005110
MOC-R4PCC04U05:739980:740122 [1] NCCL INFO New proxy send connection 5 from local rank 1, transport 0
MOC-R4PCC04U05:739980:740126 [1] NCCL INFO Connected to proxy localRank 1 -> connection 0x7ff808005188
MOC-R4PCC04U05:739980:740122 [1] NCCL INFO New proxy send connection 6 from local rank 1, transport 0
MOC-R4PCC04U05:739980:740126 [1] NCCL INFO Connected to proxy localRank 1 -> connection 0x7ff808005200
MOC-R4PCC04U05:739980:740122 [1] NCCL INFO New proxy send connection 7 from local rank 1, transport 0
MOC-R4PCC04U05:739980:740126 [1] NCCL INFO Connected to proxy localRank 1 -> connection 0x7ff808005278
MOC-R4PCC04U05:739981:740117 [2] NCCL INFO New proxy send connection 6 from local rank 0, transport 0
MOC-R4PCC04U05:739979:740127 [0] NCCL INFO Connected to proxy localRank 2 -> connection 0x7f0fe0005200
MOC-R4PCC04U05:739981:740117 [2] NCCL INFO New proxy send connection 7 from local rank 2, transport 0
MOC-R4PCC04U05:739981:740124 [2] NCCL INFO Connected to proxy localRank 2 -> connection 0x7f0fe0005278
MOC-R4PCC04U05:739981:740117 [2] NCCL INFO New proxy send connection 8 from local rank 2, transport 0
MOC-R4PCC04U05:739981:740124 [2] NCCL INFO Connected to proxy localRank 2 -> connection 0x7f0fe00052f0
MOC-R4PCC04U05:739979:740118 [0] NCCL INFO New proxy send connection 9 from local rank 2, transport 0
MOC-R4PCC04U05:739981:740124 [2] NCCL INFO Connected to proxy localRank 0 -> connection 0x7f3290005368
MOC-R4PCC04U05:739980:740122 [1] NCCL INFO New proxy send connection 8 from local rank 3, transport 0
MOC-R4PCC04U05:739982:740125 [3] NCCL INFO Connected to proxy localRank 1 -> connection 0x7ff8080052f0
MOC-R4PCC04U05:739982:740116 [3] NCCL INFO New proxy send connection 8 from local rank 1, transport 0
MOC-R4PCC04U05:739980:740126 [1] NCCL INFO Connected to proxy localRank 3 -> connection 0x7f51980052f0
MOC-R4PCC04U05:739982:740116 [3] NCCL INFO New proxy send connection 9 from local rank 0, transport 0
MOC-R4PCC04U05:739979:740127 [0] NCCL INFO Connected to proxy localRank 3 -> connection 0x7f5198005368
MOC-R4PCC04U05:739980:740122 [1] NCCL INFO New proxy send connection 9 from local rank 2, transport 0
MOC-R4PCC04U05:739981:740124 [2] NCCL INFO Connected to proxy localRank 1 -> connection 0x7ff808005368
MOC-R4PCC04U05:739979:740118 [0] NCCL INFO New proxy send connection 10 from local rank 1, transport 0
MOC-R4PCC04U05:739980:740126 [1] NCCL INFO Connected to proxy localRank 0 -> connection 0x7f32900053e0
MOC-R4PCC04U05:739980:740122 [1] NCCL INFO New proxy send connection 10 from local rank 0, transport 0
MOC-R4PCC04U05:739979:740127 [0] NCCL INFO Connected to proxy localRank 1 -> connection 0x7ff8080053e0
MOC-R4PCC04U05:739981:740117 [2] NCCL INFO New proxy send connection 9 from local rank 1, transport 0
MOC-R4PCC04U05:739980:740126 [1] NCCL INFO Connected to proxy localRank 2 -> connection 0x7f0fe0005368
num decayed parameter tensors: 50, with 124,318,464 parameters
num non-decayed parameter tensors: 98, with 121,344 parameters
using fused AdamW: False
using regular AdamW
MOC-R4PCC04U05:739981:740117 [2] NCCL INFO New proxy recv connection 10 from local rank 2, transport 0
MOC-R4PCC04U05:739981:740827 [2] NCCL INFO Connected to proxy localRank 2 -> connection 0x7f0fe00053e0
MOC-R4PCC04U05:739981:740117 [2] NCCL INFO New proxy recv connection 11 from local rank 2, transport 0
MOC-R4PCC04U05:739981:740827 [2] NCCL INFO Connected to proxy localRank 2 -> connection 0x7f0fe0005458
MOC-R4PCC04U05:739981:740117 [2] NCCL INFO New proxy recv connection 12 from local rank 2, transport 0
MOC-R4PCC04U05:739981:740827 [2] NCCL INFO Connected to proxy localRank 2 -> connection 0x7f0fe00054d0
MOC-R4PCC04U05:739981:740117 [2] NCCL INFO New proxy recv connection 13 from local rank 2, transport 0
MOC-R4PCC04U05:739981:740827 [2] NCCL INFO Connected to proxy localRank 2 -> connection 0x7f0fe0005548
MOC-R4PCC04U05:739980:740122 [1] NCCL INFO New proxy recv connection 11 from local rank 1, transport 0
MOC-R4PCC04U05:739980:740828 [1] NCCL INFO Connected to proxy localRank 1 -> connection 0x7ff808005458
MOC-R4PCC04U05:739980:740122 [1] NCCL INFO New proxy recv connection 12 from local rank 1, transport 0
MOC-R4PCC04U05:739980:740828 [1] NCCL INFO Connected to proxy localRank 1 -> connection 0x7ff8080054d0
MOC-R4PCC04U05:739980:740122 [1] NCCL INFO New proxy recv connection 13 from local rank 1, transport 0
MOC-R4PCC04U05:739980:740828 [1] NCCL INFO Connected to proxy localRank 1 -> connection 0x7ff808005548
MOC-R4PCC04U05:739980:740122 [1] NCCL INFO New proxy recv connection 14 from local rank 1, transport 0
MOC-R4PCC04U05:739980:740828 [1] NCCL INFO Connected to proxy localRank 1 -> connection 0x7ff8080055c0
MOC-R4PCC04U05:739980:740122 [1] NCCL INFO New proxy send connection 15 from local rank 1, transport 0
MOC-R4PCC04U05:739980:740828 [1] NCCL INFO Connected to proxy localRank 1 -> connection 0x7ff808005638
MOC-R4PCC04U05:739980:740122 [1] NCCL INFO New proxy send connection 16 from local rank 1, transport 0
MOC-R4PCC04U05:739980:740828 [1] NCCL INFO Connected to proxy localRank 1 -> connection 0x7ff8080056b0
MOC-R4PCC04U05:739980:740122 [1] NCCL INFO New proxy send connection 17 from local rank 1, transport 0
MOC-R4PCC04U05:739980:740828 [1] NCCL INFO Connected to proxy localRank 1 -> connection 0x7ff808005728
MOC-R4PCC04U05:739980:740122 [1] NCCL INFO New proxy send connection 18 from local rank 1, transport 0
MOC-R4PCC04U05:739980:740828 [1] NCCL INFO Connected to proxy localRank 1 -> connection 0x7ff8080057a0
MOC-R4PCC04U05:739982:740116 [3] NCCL INFO New proxy recv connection 10 from local rank 3, transport 0
MOC-R4PCC04U05:739982:740829 [3] NCCL INFO Connected to proxy localRank 3 -> connection 0x7f51980053e0
MOC-R4PCC04U05:739982:740116 [3] NCCL INFO New proxy recv connection 11 from local rank 3, transport 0
MOC-R4PCC04U05:739982:740829 [3] NCCL INFO Connected to proxy localRank 3 -> connection 0x7f5198005458
MOC-R4PCC04U05:739981:740117 [2] NCCL INFO New proxy send connection 14 from local rank 2, transport 0
MOC-R4PCC04U05:739981:740827 [2] NCCL INFO Connected to proxy localRank 2 -> connection 0x7f0fe00055c0
MOC-R4PCC04U05:739981:740117 [2] NCCL INFO New proxy send connection 15 from local rank 2, transport 0
MOC-R4PCC04U05:739981:740827 [2] NCCL INFO Connected to proxy localRank 2 -> connection 0x7f0fe0005638
MOC-R4PCC04U05:739979:740118 [0] NCCL INFO New proxy send connection 11 from local rank 0, transport 0
MOC-R4PCC04U05:739979:740830 [0] NCCL INFO Connected to proxy localRank 0 -> connection 0x7f3290005458
MOC-R4PCC04U05:739979:740118 [0] NCCL INFO New proxy send connection 12 from local rank 0, transport 0
MOC-R4PCC04U05:739979:740830 [0] NCCL INFO Connected to proxy localRank 0 -> connection 0x7f32900054d0
MOC-R4PCC04U05:739979:740118 [0] NCCL INFO New proxy send connection 13 from local rank 0, transport 0
MOC-R4PCC04U05:739979:740830 [0] NCCL INFO Connected to proxy localRank 0 -> connection 0x7f3290005548
MOC-R4PCC04U05:739979:740118 [0] NCCL INFO New proxy send connection 14 from local rank 0, transport 0
MOC-R4PCC04U05:739979:740830 [0] NCCL INFO Connected to proxy localRank 0 -> connection 0x7f32900055c0
MOC-R4PCC04U05:739979:740118 [0] NCCL INFO New proxy send connection 15 from local rank 0, transport 0
MOC-R4PCC04U05:739979:740830 [0] NCCL INFO Connected to proxy localRank 0 -> connection 0x7f3290005638
MOC-R4PCC04U05:739980:740122 [1] NCCL INFO New proxy recv connection 19 from local rank 1, transport 0
MOC-R4PCC04U05:739980:740828 [1] NCCL INFO Connected to proxy localRank 1 -> connection 0x7ff808005818
MOC-R4PCC04U05:739979:740118 [0] NCCL INFO New proxy send connection 16 from local rank 0, transport 0
MOC-R4PCC04U05:739979:740830 [0] NCCL INFO Connected to proxy localRank 0 -> connection 0x7f32900056b0
MOC-R4PCC04U05:739980:740122 [1] NCCL INFO New proxy recv connection 20 from local rank 1, transport 0
MOC-R4PCC04U05:739980:740828 [1] NCCL INFO Connected to proxy localRank 1 -> connection 0x7ff808005890
MOC-R4PCC04U05:739979:740118 [0] NCCL INFO New proxy recv connection 17 from local rank 0, transport 0
MOC-R4PCC04U05:739979:740830 [0] NCCL INFO Connected to proxy localRank 0 -> connection 0x7f3290005728
MOC-R4PCC04U05:739982:740116 [3] NCCL INFO New proxy send connection 12 from local rank 3, transport 2
MOC-R4PCC04U05:739982:740829 [3] NCCL INFO Connected to proxy localRank 3 -> connection 0x7f51980054d0
MOC-R4PCC04U05:739979:740118 [0] NCCL INFO New proxy recv connection 18 from local rank 0, transport 0
MOC-R4PCC04U05:739979:740830 [0] NCCL INFO Connected to proxy localRank 0 -> connection 0x7f32900057a0
MOC-R4PCC04U05:739979:740118 [0] NCCL INFO New proxy recv connection 19 from local rank 0, transport 0
MOC-R4PCC04U05:739979:740830 [0] NCCL INFO Connected to proxy localRank 0 -> connection 0x7f3290005818
MOC-R4PCC04U05:739982:740829 [3] NCCL INFO Channel 02/0 : 3[3] -> 7[3] [send] via NET/Socket/0
MOC-R4PCC04U05:739982:740116 [3] NCCL INFO New proxy send connection 13 from local rank 3, transport 2
MOC-R4PCC04U05:739982:740829 [3] NCCL INFO Connected to proxy localRank 3 -> connection 0x7f5198005548
MOC-R4PCC04U05:739982:740829 [3] NCCL INFO Channel 03/0 : 3[3] -> 7[3] [send] via NET/Socket/0
MOC-R4PCC04U05:739982:740116 [3] NCCL INFO New proxy recv connection 14 from local rank 3, transport 2
MOC-R4PCC04U05:739982:740829 [3] NCCL INFO Connected to proxy localRank 3 -> connection 0x7f51980055c0
MOC-R4PCC04U05:739979:740118 [0] NCCL INFO New proxy recv connection 20 from local rank 0, transport 0
MOC-R4PCC04U05:739979:740830 [0] NCCL INFO Connected to proxy localRank 0 -> connection 0x7f3290005890
MOC-R4PCC04U05:739982:740829 [3] NCCL INFO Channel 00/0 : 11[3] -> 3[3] [receive] via NET/Socket/0
MOC-R4PCC04U05:739982:740116 [3] NCCL INFO New proxy recv connection 15 from local rank 3, transport 2
MOC-R4PCC04U05:739982:740829 [3] NCCL INFO Connected to proxy localRank 3 -> connection 0x7f5198005638
MOC-R4PCC04U05:739982:740829 [3] NCCL INFO Channel 01/0 : 11[3] -> 3[3] [receive] via NET/Socket/0
MOC-R4PCC04U05:739982:740116 [3] NCCL INFO New proxy send connection 16 from local rank 3, transport 2
MOC-R4PCC04U05:739982:740829 [3] NCCL INFO Connected to proxy localRank 3 -> connection 0x7f51980056b0
MOC-R4PCC04U05:739982:740829 [3] NCCL INFO Channel 00/0 : 3[3] -> 11[3] [send] via NET/Socket/0
MOC-R4PCC04U05:739982:740116 [3] NCCL INFO New proxy send connection 17 from local rank 3, transport 2
MOC-R4PCC04U05:739982:740829 [3] NCCL INFO Connected to proxy localRank 3 -> connection 0x7f5198005728
MOC-R4PCC04U05:739982:740829 [3] NCCL INFO Channel 01/0 : 3[3] -> 11[3] [send] via NET/Socket/0
MOC-R4PCC04U05:739982:740116 [3] NCCL INFO New proxy recv connection 18 from local rank 3, transport 2
MOC-R4PCC04U05:739982:740829 [3] NCCL INFO Connected to proxy localRank 3 -> connection 0x7f51980057a0
MOC-R4PCC04U05:739982:740829 [3] NCCL INFO Channel 02/0 : 7[3] -> 3[3] [receive] via NET/Socket/0
MOC-R4PCC04U05:739982:740116 [3] NCCL INFO New proxy recv connection 19 from local rank 3, transport 2
MOC-R4PCC04U05:739982:740829 [3] NCCL INFO Connected to proxy localRank 3 -> connection 0x7f5198005818
MOC-R4PCC04U05:739982:740829 [3] NCCL INFO Channel 03/0 : 7[3] -> 3[3] [receive] via NET/Socket/0
MOC-R4PCC04U05:739982:740116 [3] NCCL INFO New proxy send connection 20 from local rank 3, transport 0
MOC-R4PCC04U05:739982:740829 [3] NCCL INFO Connected to proxy localRank 3 -> connection 0x7f5198005890
MOC-R4PCC04U05:739982:740116 [3] NCCL INFO New proxy send connection 21 from local rank 3, transport 0
MOC-R4PCC04U05:739982:740829 [3] NCCL INFO Connected to proxy localRank 3 -> connection 0x7f5198005908
MOC-R4PCC04U05:739982:740116 [3] NCCL INFO New proxy send connection 22 from local rank 3, transport 0
MOC-R4PCC04U05:739982:740829 [3] NCCL INFO Connected to proxy localRank 3 -> connection 0x7f5198005980
MOC-R4PCC04U05:739982:740116 [3] NCCL INFO New proxy send connection 23 from local rank 3, transport 0
MOC-R4PCC04U05:739982:740829 [3] NCCL INFO Connected to proxy localRank 3 -> connection 0x7f51980059f8
step    1/10 | train loss 11.010139 | norm 15.4234 | lr 1.00e-04 | (14582.09 ms | 107863 tok/s)
step    2/10 | train loss 10.136942 | norm 5.7588 | lr 1.00e-04 | (411.08 ms | 3826185 tok/s)
step    3/10 | train loss 9.795474 | norm 2.6124 | lr 1.00e-04 | (404.47 ms | 3888667 tok/s)
step    4/10 | train loss 9.625645 | norm 2.1154 | lr 1.00e-04 | (403.51 ms | 3897959 tok/s)
step    5/10 | train loss 9.542589 | norm 2.1031 | lr 1.00e-04 | (401.02 ms | 3922202 tok/s)
step    6/10 | train loss 9.461346 | norm 1.9977 | lr 1.00e-04 | (403.77 ms | 3895492 tok/s)
step    7/10 | train loss 9.375706 | norm 1.9473 | lr 1.00e-04 | (400.76 ms | 3924655 tok/s)
step    8/10 | train loss 9.283983 | norm 1.9146 | lr 1.00e-04 | (405.09 ms | 3882742 tok/s)
step    9/10 | train loss 9.188589 | norm 1.8601 | lr 1.00e-04 | (404.06 ms | 3892644 tok/s)
step   10/10 | train loss 9.103168 | norm 1.7948 | lr 1.00e-04 | (402.33 ms | 3909384 tok/s)
final 9 iters avg: 404.010ms
peak memory consumption: 16601 MiB
