Running pytorch 2.7.0+cu126
using device: cuda:0
total desired batch size: 4718592
=> calculated gradient accumulation steps: 9
using device: cuda:3
using device: cuda:2
using device: cuda:1
compiling the model...
DataLoader: total number of tokens: 1,661,249,667 across 103 files
MOC-R4PCC04U05:730910:730910 [0] NCCL INFO NCCL_SOCKET_IFNAME set to eno7np0
MOC-R4PCC04U05:730910:730910 [0] NCCL INFO NCCL version 2.26.2+cuda12.2
MOC-R4PCC04U05:730910:731014 [0] NCCL INFO NET/Plugin: Could not find: libnccl-net.so. Using internal net plugin.
MOC-R4PCC04U05:730910:731014 [0] NCCL INFO NCCL_IB_HCA set to mlx5_5
MOC-R4PCC04U05:730913:730913 [3] NCCL INFO NCCL_SOCKET_IFNAME set to eno7np0
MOC-R4PCC04U05:730913:730913 [3] NCCL INFO NCCL version 2.26.2+cuda12.2
MOC-R4PCC04U05:730910:731014 [0] NCCL INFO NET/IB : Made virtual device [0] name=mlx5_5 speed=400000 ndevs=1
MOC-R4PCC04U05:730910:731014 [0] NCCL INFO NET/IB : Using [0]mlx5_5:1/RoCE [RO]; OOB eno7np0:192.168.50.193<0>
MOC-R4PCC04U05:730912:730912 [2] NCCL INFO NCCL_SOCKET_IFNAME set to eno7np0
MOC-R4PCC04U05:730912:730912 [2] NCCL INFO NCCL version 2.26.2+cuda12.2
MOC-R4PCC04U05:730911:730911 [1] NCCL INFO NCCL_SOCKET_IFNAME set to eno7np0
MOC-R4PCC04U05:730911:730911 [1] NCCL INFO NCCL version 2.26.2+cuda12.2
MOC-R4PCC04U05:730913:731036 [3] NCCL INFO NET/Plugin: Could not find: libnccl-net.so. Using internal net plugin.
MOC-R4PCC04U05:730913:731036 [3] NCCL INFO NCCL_IB_HCA set to mlx5_5
MOC-R4PCC04U05:730913:731036 [3] NCCL INFO NET/IB : Made virtual device [0] name=mlx5_5 speed=400000 ndevs=1
MOC-R4PCC04U05:730913:731036 [3] NCCL INFO NET/IB : Using [0]mlx5_5:1/RoCE [RO]; OOB eno7np0:192.168.50.193<0>
MOC-R4PCC04U05:730912:731038 [2] NCCL INFO NET/Plugin: Could not find: libnccl-net.so. Using internal net plugin.
MOC-R4PCC04U05:730912:731038 [2] NCCL INFO NCCL_IB_HCA set to mlx5_5
MOC-R4PCC04U05:730912:731038 [2] NCCL INFO NET/IB : Made virtual device [0] name=mlx5_5 speed=400000 ndevs=1
MOC-R4PCC04U05:730912:731038 [2] NCCL INFO NET/IB : Using [0]mlx5_5:1/RoCE [RO]; OOB eno7np0:192.168.50.193<0>
MOC-R4PCC04U05:730911:731039 [1] NCCL INFO NET/Plugin: Could not find: libnccl-net.so. Using internal net plugin.
MOC-R4PCC04U05:730911:731039 [1] NCCL INFO NCCL_IB_HCA set to mlx5_5
MOC-R4PCC04U05:730911:731039 [1] NCCL INFO NET/IB : Made virtual device [0] name=mlx5_5 speed=400000 ndevs=1
MOC-R4PCC04U05:730911:731039 [1] NCCL INFO NET/IB : Using [0]mlx5_5:1/RoCE [RO]; OOB eno7np0:192.168.50.193<0>
MOC-R4PCC04U05:730912:731038 [2] NCCL INFO NET/IB : GPU Direct RDMA Enabled for HCA 0 'mlx5_5'
MOC-R4PCC04U05:730912:731038 [2] NCCL INFO NET/IB : Made virtual device [1] name=mlx5_5 speed=400000 ndevs=1
MOC-R4PCC04U05:730912:731038 [2] NCCL INFO NET/IB : GPU Direct RDMA Enabled for HCA 0 'mlx5_5'
MOC-R4PCC04U05:730912:731038 [2] NCCL INFO NET/IB : GPU Direct RDMA Enabled for HCA 1 'mlx5_5'
MOC-R4PCC04U05:730913:731036 [3] NCCL INFO NET/IB : GPU Direct RDMA Enabled for HCA 0 'mlx5_5'
MOC-R4PCC04U05:730913:731036 [3] NCCL INFO NET/IB : Made virtual device [1] name=mlx5_5 speed=400000 ndevs=1
MOC-R4PCC04U05:730913:731036 [3] NCCL INFO NET/IB : GPU Direct RDMA Enabled for HCA 0 'mlx5_5'
MOC-R4PCC04U05:730913:731036 [3] NCCL INFO NET/IB : GPU Direct RDMA Enabled for HCA 1 'mlx5_5'
MOC-R4PCC04U05:730910:731014 [0] NCCL INFO NET/IB : GPU Direct RDMA Enabled for HCA 0 'mlx5_5'
MOC-R4PCC04U05:730910:731014 [0] NCCL INFO NET/IB : Made virtual device [1] name=mlx5_5 speed=400000 ndevs=1
MOC-R4PCC04U05:730910:731014 [0] NCCL INFO NET/IB : GPU Direct RDMA Enabled for HCA 0 'mlx5_5'
MOC-R4PCC04U05:730910:731014 [0] NCCL INFO NET/IB : GPU Direct RDMA Enabled for HCA 1 'mlx5_5'
MOC-R4PCC04U05:730911:731039 [1] NCCL INFO NET/IB : GPU Direct RDMA Enabled for HCA 0 'mlx5_5'
MOC-R4PCC04U05:730911:731039 [1] NCCL INFO NET/IB : Made virtual device [1] name=mlx5_5 speed=400000 ndevs=1
MOC-R4PCC04U05:730911:731039 [1] NCCL INFO NET/IB : GPU Direct RDMA Enabled for HCA 0 'mlx5_5'
MOC-R4PCC04U05:730911:731039 [1] NCCL INFO NET/IB : GPU Direct RDMA Enabled for HCA 1 'mlx5_5'
MOC-R4PCC04U05:730910:731014 [0] NCCL INFO GPU Direct RDMA Enabled for GPU 0 / HCA 1 (distance 5 <= 5), read 0 mode Default
MOC-R4PCC04U05:730910:731014 [0] NCCL INFO GPU Direct RDMA Enabled for GPU 1 / HCA 1 (distance 5 <= 5), read 0 mode Default
MOC-R4PCC04U05:730910:731014 [0] NCCL INFO GPU Direct RDMA Enabled for GPU 2 / HCA 1 (distance 5 <= 5), read 0 mode Default
MOC-R4PCC04U05:730910:731014 [0] NCCL INFO GPU Direct RDMA Enabled for GPU 3 / HCA 1 (distance 5 <= 5), read 0 mode Default
MOC-R4PCC04U05:730910:731014 [0] NCCL INFO GPU Direct RDMA Enabled for GPU 0 / HCA 1 (distance 5 <= 5), read 0 mode Default
MOC-R4PCC04U05:730910:731014 [0] NCCL INFO GPU Direct RDMA Enabled for GPU 1 / HCA 1 (distance 5 <= 5), read 0 mode Default
MOC-R4PCC04U05:730910:731014 [0] NCCL INFO GPU Direct RDMA Enabled for GPU 2 / HCA 1 (distance 5 <= 5), read 0 mode Default
MOC-R4PCC04U05:730910:731014 [0] NCCL INFO GPU Direct RDMA Enabled for GPU 3 / HCA 1 (distance 5 <= 5), read 0 mode Default
MOC-R4PCC04U05:730911:731039 [1] NCCL INFO GPU Direct RDMA Enabled for GPU 0 / HCA 1 (distance 5 <= 5), read 0 mode Default
MOC-R4PCC04U05:730911:731039 [1] NCCL INFO GPU Direct RDMA Enabled for GPU 1 / HCA 1 (distance 5 <= 5), read 0 mode Default
MOC-R4PCC04U05:730911:731039 [1] NCCL INFO GPU Direct RDMA Enabled for GPU 2 / HCA 1 (distance 5 <= 5), read 0 mode Default
MOC-R4PCC04U05:730911:731039 [1] NCCL INFO GPU Direct RDMA Enabled for GPU 3 / HCA 1 (distance 5 <= 5), read 0 mode Default
MOC-R4PCC04U05:730911:731039 [1] NCCL INFO GPU Direct RDMA Enabled for GPU 0 / HCA 1 (distance 5 <= 5), read 0 mode Default
MOC-R4PCC04U05:730911:731039 [1] NCCL INFO GPU Direct RDMA Enabled for GPU 1 / HCA 1 (distance 5 <= 5), read 0 mode Default
MOC-R4PCC04U05:730911:731039 [1] NCCL INFO GPU Direct RDMA Enabled for GPU 2 / HCA 1 (distance 5 <= 5), read 0 mode Default
MOC-R4PCC04U05:730911:731039 [1] NCCL INFO GPU Direct RDMA Enabled for GPU 3 / HCA 1 (distance 5 <= 5), read 0 mode Default
MOC-R4PCC04U05:730912:731038 [2] NCCL INFO GPU Direct RDMA Enabled for GPU 0 / HCA 1 (distance 5 <= 5), read 0 mode Default
MOC-R4PCC04U05:730912:731038 [2] NCCL INFO GPU Direct RDMA Enabled for GPU 1 / HCA 1 (distance 5 <= 5), read 0 mode Default
MOC-R4PCC04U05:730912:731038 [2] NCCL INFO GPU Direct RDMA Enabled for GPU 2 / HCA 1 (distance 5 <= 5), read 0 mode Default
MOC-R4PCC04U05:730912:731038 [2] NCCL INFO GPU Direct RDMA Enabled for GPU 3 / HCA 1 (distance 5 <= 5), read 0 mode Default
MOC-R4PCC04U05:730912:731038 [2] NCCL INFO GPU Direct RDMA Enabled for GPU 0 / HCA 1 (distance 5 <= 5), read 0 mode Default
MOC-R4PCC04U05:730912:731038 [2] NCCL INFO GPU Direct RDMA Enabled for GPU 1 / HCA 1 (distance 5 <= 5), read 0 mode Default
MOC-R4PCC04U05:730912:731038 [2] NCCL INFO GPU Direct RDMA Enabled for GPU 2 / HCA 1 (distance 5 <= 5), read 0 mode Default
MOC-R4PCC04U05:730912:731038 [2] NCCL INFO GPU Direct RDMA Enabled for GPU 3 / HCA 1 (distance 5 <= 5), read 0 mode Default
MOC-R4PCC04U05:730913:731036 [3] NCCL INFO GPU Direct RDMA Enabled for GPU 0 / HCA 1 (distance 5 <= 5), read 0 mode Default
MOC-R4PCC04U05:730913:731036 [3] NCCL INFO GPU Direct RDMA Enabled for GPU 1 / HCA 1 (distance 5 <= 5), read 0 mode Default
MOC-R4PCC04U05:730913:731036 [3] NCCL INFO GPU Direct RDMA Enabled for GPU 2 / HCA 1 (distance 5 <= 5), read 0 mode Default
MOC-R4PCC04U05:730913:731036 [3] NCCL INFO GPU Direct RDMA Enabled for GPU 3 / HCA 1 (distance 5 <= 5), read 0 mode Default
MOC-R4PCC04U05:730913:731036 [3] NCCL INFO GPU Direct RDMA Enabled for GPU 0 / HCA 1 (distance 5 <= 5), read 0 mode Default
MOC-R4PCC04U05:730913:731036 [3] NCCL INFO GPU Direct RDMA Enabled for GPU 1 / HCA 1 (distance 5 <= 5), read 0 mode Default
MOC-R4PCC04U05:730913:731036 [3] NCCL INFO GPU Direct RDMA Enabled for GPU 2 / HCA 1 (distance 5 <= 5), read 0 mode Default
MOC-R4PCC04U05:730913:731036 [3] NCCL INFO GPU Direct RDMA Enabled for GPU 3 / HCA 1 (distance 5 <= 5), read 0 mode Default
MOC-R4PCC04U05:730912:731059 [2] NCCL INFO GPU Direct RDMA Enabled for GPU 2 / HCA 1 (distance 5 <= 5), read 0 mode Default
MOC-R4PCC04U05:730913:731052 [3] NCCL INFO New proxy recv connection 0 from local rank 3, transport 0
MOC-R4PCC04U05:730913:731060 [3] NCCL INFO Connected to proxy localRank 3 -> connection 0x7f0d78004f30
MOC-R4PCC04U05:730910:731057 [0] NCCL INFO New proxy send connection 0 from local rank 0, transport 0
MOC-R4PCC04U05:730910:731061 [0] NCCL INFO Connected to proxy localRank 0 -> connection 0x7f1bcc004f30
MOC-R4PCC04U05:730910:731057 [0] NCCL INFO New proxy send connection 1 from local rank 0, transport 0
MOC-R4PCC04U05:730910:731061 [0] NCCL INFO Connected to proxy localRank 0 -> connection 0x7f1bcc004fa8
MOC-R4PCC04U05:730913:731052 [3] NCCL INFO New proxy recv connection 1 from local rank 3, transport 0
MOC-R4PCC04U05:730913:731060 [3] NCCL INFO Connected to proxy localRank 3 -> connection 0x7f0d78004fa8
MOC-R4PCC04U05:730910:731057 [0] NCCL INFO New proxy send connection 2 from local rank 0, transport 0
MOC-R4PCC04U05:730910:731061 [0] NCCL INFO Connected to proxy localRank 0 -> connection 0x7f1bcc005020
MOC-R4PCC04U05:730910:731057 [0] NCCL INFO New proxy send connection 3 from local rank 0, transport 0
MOC-R4PCC04U05:730913:731052 [3] NCCL INFO New proxy recv connection 2 from local rank 3, transport 0
MOC-R4PCC04U05:730910:731061 [0] NCCL INFO Connected to proxy localRank 0 -> connection 0x7f1bcc005098
MOC-R4PCC04U05:730913:731060 [3] NCCL INFO Connected to proxy localRank 3 -> connection 0x7f0d78005020
MOC-R4PCC04U05:730913:731052 [3] NCCL INFO New proxy recv connection 3 from local rank 3, transport 0
MOC-R4PCC04U05:730913:731060 [3] NCCL INFO Connected to proxy localRank 3 -> connection 0x7f0d78005098
MOC-R4PCC04U05:730913:731060 [3] NCCL INFO GPU Direct RDMA Enabled for GPU 3 / HCA 1 (distance 5 <= 5), read 1 mode Default
MOC-R4PCC04U05:730912:731054 [2] NCCL INFO New proxy recv connection 0 from local rank 2, transport 2
MOC-R4PCC04U05:730912:731054 [2] NCCL INFO New proxy send connection 1 from local rank 3, transport 2
MOC-R4PCC04U05:730912:731059 [2] NCCL INFO Connected to proxy localRank 2 -> connection 0x7f9f88004f30
MOC-R4PCC04U05:730913:731060 [3] NCCL INFO Connected to proxy localRank 2 -> connection 0x7f9f88004fa8
MOC-R4PCC04U05:730912:731059 [2] NCCL INFO Channel 00/0 : 15[3] -> 2[2] [receive] via NET/IB/1/GDRDMA
MOC-R4PCC04U05:730912:731059 [2] NCCL INFO GPU Direct RDMA Enabled for GPU 2 / HCA 1 (distance 5 <= 5), read 0 mode Default
MOC-R4PCC04U05:730913:731060 [3] NCCL INFO Channel 00/0 : 3[3] -> 6[2] [send] via NET/IB/1(2)/GDRDMA
MOC-R4PCC04U05:730913:731060 [3] NCCL INFO GPU Direct RDMA Enabled for GPU 3 / HCA 1 (distance 5 <= 5), read 1 mode Default
MOC-R4PCC04U05:730912:731054 [2] NCCL INFO New proxy recv connection 2 from local rank 2, transport 2
MOC-R4PCC04U05:730912:731059 [2] NCCL INFO Connected to proxy localRank 2 -> connection 0x7f9f88005020
MOC-R4PCC04U05:730912:731054 [2] NCCL INFO New proxy send connection 3 from local rank 3, transport 2
MOC-R4PCC04U05:730913:731060 [3] NCCL INFO Connected to proxy localRank 2 -> connection 0x7f9f88005098
MOC-R4PCC04U05:730912:731059 [2] NCCL INFO Channel 01/0 : 15[3] -> 2[2] [receive] via NET/IB/1/GDRDMA
MOC-R4PCC04U05:730912:731059 [2] NCCL INFO GPU Direct RDMA Enabled for GPU 2 / HCA 1 (distance 5 <= 5), read 0 mode Default
MOC-R4PCC04U05:730913:731060 [3] NCCL INFO Channel 01/0 : 3[3] -> 6[2] [send] via NET/IB/1(2)/GDRDMA
MOC-R4PCC04U05:730913:731060 [3] NCCL INFO GPU Direct RDMA Enabled for GPU 3 / HCA 1 (distance 5 <= 5), read 1 mode Default
MOC-R4PCC04U05:730912:731054 [2] NCCL INFO New proxy recv connection 4 from local rank 2, transport 2
MOC-R4PCC04U05:730912:731059 [2] NCCL INFO Connected to proxy localRank 2 -> connection 0x7f9f88005110
MOC-R4PCC04U05:730912:731054 [2] NCCL INFO New proxy send connection 5 from local rank 3, transport 2
MOC-R4PCC04U05:730913:731060 [3] NCCL INFO Connected to proxy localRank 2 -> connection 0x7f9f88005188
MOC-R4PCC04U05:730912:731059 [2] NCCL INFO Channel 02/0 : 15[3] -> 2[2] [receive] via NET/IB/1/GDRDMA
MOC-R4PCC04U05:730912:731059 [2] NCCL INFO GPU Direct RDMA Enabled for GPU 2 / HCA 1 (distance 5 <= 5), read 0 mode Default
MOC-R4PCC04U05:730913:731060 [3] NCCL INFO Channel 02/0 : 3[3] -> 6[2] [send] via NET/IB/1(2)/GDRDMA
MOC-R4PCC04U05:730913:731060 [3] NCCL INFO GPU Direct RDMA Enabled for GPU 3 / HCA 1 (distance 5 <= 5), read 1 mode Default
MOC-R4PCC04U05:730912:731054 [2] NCCL INFO New proxy recv connection 6 from local rank 2, transport 2
MOC-R4PCC04U05:730912:731059 [2] NCCL INFO Connected to proxy localRank 2 -> connection 0x7f9f88005200
MOC-R4PCC04U05:730912:731054 [2] NCCL INFO New proxy send connection 7 from local rank 3, transport 2
MOC-R4PCC04U05:730913:731060 [3] NCCL INFO Connected to proxy localRank 2 -> connection 0x7f9f88005278
MOC-R4PCC04U05:730912:731059 [2] NCCL INFO Channel 03/0 : 15[3] -> 2[2] [receive] via NET/IB/1/GDRDMA
MOC-R4PCC04U05:730913:731060 [3] NCCL INFO Channel 03/0 : 3[3] -> 6[2] [send] via NET/IB/1(2)/GDRDMA
MOC-R4PCC04U05:730910:731057 [0] NCCL INFO New proxy recv connection 4 from local rank 0, transport 0
MOC-R4PCC04U05:730910:731061 [0] NCCL INFO Connected to proxy localRank 0 -> connection 0x7f1bcc005110
MOC-R4PCC04U05:730910:731057 [0] NCCL INFO New proxy send connection 5 from local rank 3, transport 0
MOC-R4PCC04U05:730913:731060 [3] NCCL INFO Connected to proxy localRank 0 -> connection 0x7f1bcc005188
MOC-R4PCC04U05:730910:731057 [0] NCCL INFO New proxy recv connection 6 from local rank 0, transport 0
MOC-R4PCC04U05:730910:731061 [0] NCCL INFO Connected to proxy localRank 0 -> connection 0x7f1bcc005200
MOC-R4PCC04U05:730910:731057 [0] NCCL INFO New proxy recv connection 7 from local rank 0, transport 0
MOC-R4PCC04U05:730910:731061 [0] NCCL INFO Connected to proxy localRank 0 -> connection 0x7f1bcc005278
MOC-R4PCC04U05:730910:731057 [0] NCCL INFO New proxy recv connection 8 from local rank 0, transport 0
MOC-R4PCC04U05:730910:731061 [0] NCCL INFO Connected to proxy localRank 0 -> connection 0x7f1bcc0052f0
MOC-R4PCC04U05:730911:731051 [1] NCCL INFO New proxy recv connection 0 from local rank 1, transport 0
MOC-R4PCC04U05:730911:731063 [1] NCCL INFO Connected to proxy localRank 1 -> connection 0x7f38a4004f30
MOC-R4PCC04U05:730911:731051 [1] NCCL INFO New proxy recv connection 1 from local rank 1, transport 0
MOC-R4PCC04U05:730911:731063 [1] NCCL INFO Connected to proxy localRank 1 -> connection 0x7f38a4004fa8
MOC-R4PCC04U05:730911:731051 [1] NCCL INFO New proxy recv connection 2 from local rank 1, transport 0
MOC-R4PCC04U05:730911:731063 [1] NCCL INFO Connected to proxy localRank 1 -> connection 0x7f38a4005020
MOC-R4PCC04U05:730911:731051 [1] NCCL INFO New proxy recv connection 3 from local rank 1, transport 0
MOC-R4PCC04U05:730911:731063 [1] NCCL INFO Connected to proxy localRank 1 -> connection 0x7f38a4005098
MOC-R4PCC04U05:730911:731051 [1] NCCL INFO New proxy send connection 4 from local rank 1, transport 0
MOC-R4PCC04U05:730911:731063 [1] NCCL INFO Connected to proxy localRank 1 -> connection 0x7f38a4005110
MOC-R4PCC04U05:730911:731051 [1] NCCL INFO New proxy send connection 5 from local rank 1, transport 0
MOC-R4PCC04U05:730911:731063 [1] NCCL INFO Connected to proxy localRank 1 -> connection 0x7f38a4005188
MOC-R4PCC04U05:730911:731051 [1] NCCL INFO New proxy send connection 6 from local rank 1, transport 0
MOC-R4PCC04U05:730911:731063 [1] NCCL INFO Connected to proxy localRank 1 -> connection 0x7f38a4005200
MOC-R4PCC04U05:730911:731051 [1] NCCL INFO New proxy send connection 7 from local rank 1, transport 0
MOC-R4PCC04U05:730911:731063 [1] NCCL INFO Connected to proxy localRank 1 -> connection 0x7f38a4005278
MOC-R4PCC04U05:730913:731052 [3] NCCL INFO New proxy send connection 4 from local rank 0, transport 0
MOC-R4PCC04U05:730910:731061 [0] NCCL INFO Connected to proxy localRank 3 -> connection 0x7f0d78005110
MOC-R4PCC04U05:730912:731054 [2] NCCL INFO NET/IB: NCCL Dev 1 IbDev 0 Port 1 qpn 12050 mtu 3 query_ece={supported=1, vendor_id=0x15b3, options=0x30000002, comp_mask=0x0} GID 3 (0/C132A8C0FFFF0000) fifoRkey=0x177837 fifoLkey=0x177837
MOC-R4PCC04U05:730912:731054 [2] NCCL INFO NET/IB: NCCL Dev 1 IbDev 0 Port 1 qpn 12051 mtu 3 query_ece={supported=1, vendor_id=0x15b3, options=0x30000002, comp_mask=0x0} GID 3 (0/C132A8C0FFFF0000) fifoRkey=0x17b372 fifoLkey=0x17b372
MOC-R4PCC04U05:730912:731054 [2] NCCL INFO NET/IB: NCCL Dev 1 IbDev 0 Port 1 qpn 12052 mtu 3 query_ece={supported=1, vendor_id=0x15b3, options=0x30000002, comp_mask=0x0} GID 3 (0/C132A8C0FFFF0000) fifoRkey=0x174705 fifoLkey=0x174705
MOC-R4PCC04U05:730912:731054 [2] NCCL INFO NET/IB: NCCL Dev 1 IbDev 0 Port 1 qpn 12053 mtu 3 query_ece={supported=1, vendor_id=0x15b3, options=0x30000002, comp_mask=0x0} GID 3 (0/C132A8C0FFFF0000) fifoRkey=0x17cb8a fifoLkey=0x17cb8a
MOC-R4PCC04U05:730912:731054 [2] NCCL INFO NET/IB: IbDev 0 Port 1 qpn 12580 set_ece={supported=1, vendor_id=0x15b3, options=0x0, comp_mask=0x0}
MOC-R4PCC04U05:730912:731054 [2] NCCL INFO NET/IB: IbDev 0 Port 1 qpn 12582 set_ece={supported=1, vendor_id=0x15b3, options=0x0, comp_mask=0x0}
MOC-R4PCC04U05:730912:731054 [2] NCCL INFO NET/IB: IbDev 0 Port 1 qpn 12584 set_ece={supported=1, vendor_id=0x15b3, options=0x0, comp_mask=0x0}
MOC-R4PCC04U05:730911:731051 [1] NCCL INFO New proxy send connection 8 from local rank 0, transport 0
MOC-R4PCC04U05:730910:731061 [0] NCCL INFO Connected to proxy localRank 1 -> connection 0x7f38a40052f0
MOC-R4PCC04U05:730912:731054 [2] NCCL INFO NET/IB: IbDev 0 Port 1 qpn 12586 set_ece={supported=1, vendor_id=0x15b3, options=0x0, comp_mask=0x0}
MOC-R4PCC04U05:730912:731054 [2] NCCL INFO New proxy send connection 8 from local rank 2, transport 0
MOC-R4PCC04U05:730912:731054 [2] NCCL INFO New proxy send connection 9 from local rank 3, transport 0
MOC-R4PCC04U05:730913:731060 [3] NCCL INFO Connected to proxy localRank 2 -> connection 0x7f9f88005368
MOC-R4PCC04U05:730912:731059 [2] NCCL INFO Connected to proxy localRank 2 -> connection 0x7f9f880052f0
MOC-R4PCC04U05:730912:731054 [2] NCCL INFO New proxy send connection 10 from local rank 2, transport 0
MOC-R4PCC04U05:730912:731059 [2] NCCL INFO Connected to proxy localRank 2 -> connection 0x7f9f880053e0
MOC-R4PCC04U05:730912:731054 [2] NCCL INFO New proxy send connection 11 from local rank 2, transport 0
MOC-R4PCC04U05:730912:731059 [2] NCCL INFO Connected to proxy localRank 2 -> connection 0x7f9f88005458
MOC-R4PCC04U05:730912:731054 [2] NCCL INFO New proxy send connection 12 from local rank 2, transport 0
MOC-R4PCC04U05:730912:731059 [2] NCCL INFO Connected to proxy localRank 2 -> connection 0x7f9f880054d0
MOC-R4PCC04U05:730910:731057 [0] NCCL INFO New proxy send connection 9 from local rank 1, transport 0
MOC-R4PCC04U05:730911:731063 [1] NCCL INFO Connected to proxy localRank 0 -> connection 0x7f1bcc005368
MOC-R4PCC04U05:730911:731051 [1] NCCL INFO New proxy send connection 9 from local rank 2, transport 0
MOC-R4PCC04U05:730912:731059 [2] NCCL INFO Connected to proxy localRank 1 -> connection 0x7f38a4005368
MOC-R4PCC04U05:730912:731054 [2] NCCL INFO New proxy send connection 13 from local rank 1, transport 0
MOC-R4PCC04U05:730911:731063 [1] NCCL INFO Connected to proxy localRank 2 -> connection 0x7f9f88005548
num decayed parameter tensors: 50, with 124,318,464 parameters
num non-decayed parameter tensors: 98, with 121,344 parameters
using fused AdamW: False
using regular AdamW
MOC-R4PCC04U05:730910:731057 [0] NCCL INFO New proxy send connection 10 from local rank 0, transport 0
MOC-R4PCC04U05:730910:731752 [0] NCCL INFO Connected to proxy localRank 0 -> connection 0x7f1bcc0053e0
MOC-R4PCC04U05:730910:731057 [0] NCCL INFO New proxy send connection 11 from local rank 0, transport 0
MOC-R4PCC04U05:730910:731752 [0] NCCL INFO Connected to proxy localRank 0 -> connection 0x7f1bcc005458
MOC-R4PCC04U05:730910:731057 [0] NCCL INFO New proxy send connection 12 from local rank 0, transport 0
MOC-R4PCC04U05:730910:731752 [0] NCCL INFO Connected to proxy localRank 0 -> connection 0x7f1bcc0054d0
MOC-R4PCC04U05:730910:731057 [0] NCCL INFO New proxy send connection 13 from local rank 0, transport 0
MOC-R4PCC04U05:730910:731752 [0] NCCL INFO Connected to proxy localRank 0 -> connection 0x7f1bcc005548
MOC-R4PCC04U05:730912:731054 [2] NCCL INFO New proxy send connection 14 from local rank 2, transport 0
MOC-R4PCC04U05:730912:731753 [2] NCCL INFO Connected to proxy localRank 2 -> connection 0x7f9f880055c0
MOC-R4PCC04U05:730912:731054 [2] NCCL INFO New proxy send connection 15 from local rank 2, transport 0
MOC-R4PCC04U05:730912:731753 [2] NCCL INFO Connected to proxy localRank 2 -> connection 0x7f9f88005638
MOC-R4PCC04U05:730912:731054 [2] NCCL INFO New proxy send connection 16 from local rank 2, transport 0
MOC-R4PCC04U05:730912:731753 [2] NCCL INFO Connected to proxy localRank 2 -> connection 0x7f9f880056b0
MOC-R4PCC04U05:730912:731054 [2] NCCL INFO New proxy send connection 17 from local rank 2, transport 0
MOC-R4PCC04U05:730912:731753 [2] NCCL INFO Connected to proxy localRank 2 -> connection 0x7f9f88005728
MOC-R4PCC04U05:730913:731052 [3] NCCL INFO New proxy recv connection 5 from local rank 3, transport 0
MOC-R4PCC04U05:730913:731754 [3] NCCL INFO Connected to proxy localRank 3 -> connection 0x7f0d78005188
MOC-R4PCC04U05:730913:731052 [3] NCCL INFO New proxy recv connection 6 from local rank 3, transport 0
MOC-R4PCC04U05:730913:731754 [3] NCCL INFO Connected to proxy localRank 3 -> connection 0x7f0d78005200
MOC-R4PCC04U05:730913:731052 [3] NCCL INFO New proxy recv connection 7 from local rank 3, transport 0
MOC-R4PCC04U05:730913:731754 [3] NCCL INFO Connected to proxy localRank 3 -> connection 0x7f0d78005278
MOC-R4PCC04U05:730913:731052 [3] NCCL INFO New proxy recv connection 8 from local rank 3, transport 0
MOC-R4PCC04U05:730913:731754 [3] NCCL INFO Connected to proxy localRank 3 -> connection 0x7f0d780052f0
MOC-R4PCC04U05:730912:731753 [2] NCCL INFO GPU Direct RDMA Enabled for GPU 2 / HCA 1 (distance 5 <= 5), read 1 mode Default
MOC-R4PCC04U05:730912:731054 [2] NCCL INFO New proxy send connection 18 from local rank 2, transport 2
MOC-R4PCC04U05:730913:731052 [3] NCCL INFO New proxy send connection 9 from local rank 3, transport 0
MOC-R4PCC04U05:730912:731753 [2] NCCL INFO Connected to proxy localRank 2 -> connection 0x7f9f880057a0
MOC-R4PCC04U05:730913:731754 [3] NCCL INFO Connected to proxy localRank 3 -> connection 0x7f0d78005368
MOC-R4PCC04U05:730912:731753 [2] NCCL INFO Channel 02/0 : 2[2] -> 6[2] [send] via NET/IB/1/GDRDMA
MOC-R4PCC04U05:730912:731753 [2] NCCL INFO GPU Direct RDMA Enabled for GPU 2 / HCA 1 (distance 5 <= 5), read 1 mode Default
MOC-R4PCC04U05:730912:731054 [2] NCCL INFO New proxy send connection 19 from local rank 2, transport 2
MOC-R4PCC04U05:730912:731753 [2] NCCL INFO Connected to proxy localRank 2 -> connection 0x7f9f88005818
MOC-R4PCC04U05:730912:731753 [2] NCCL INFO Channel 03/0 : 2[2] -> 6[2] [send] via NET/IB/1/GDRDMA
MOC-R4PCC04U05:730913:731052 [3] NCCL INFO New proxy send connection 10 from local rank 3, transport 0
MOC-R4PCC04U05:730913:731754 [3] NCCL INFO Connected to proxy localRank 3 -> connection 0x7f0d780053e0
MOC-R4PCC04U05:730913:731052 [3] NCCL INFO New proxy send connection 11 from local rank 3, transport 0
MOC-R4PCC04U05:730913:731754 [3] NCCL INFO Connected to proxy localRank 3 -> connection 0x7f0d78005458
MOC-R4PCC04U05:730913:731052 [3] NCCL INFO New proxy send connection 12 from local rank 3, transport 0
MOC-R4PCC04U05:730913:731754 [3] NCCL INFO Connected to proxy localRank 3 -> connection 0x7f0d780054d0
MOC-R4PCC04U05:730912:731753 [2] NCCL INFO GPU Direct RDMA Enabled for GPU 2 / HCA 1 (distance 5 <= 5), read 0 mode Default
MOC-R4PCC04U05:730912:731054 [2] NCCL INFO New proxy recv connection 20 from local rank 2, transport 2
MOC-R4PCC04U05:730912:731753 [2] NCCL INFO Connected to proxy localRank 2 -> connection 0x7f9f88005890
MOC-R4PCC04U05:730912:731753 [2] NCCL INFO Channel 00/0 : 10[2] -> 2[2] [receive] via NET/IB/1/GDRDMA
MOC-R4PCC04U05:730912:731753 [2] NCCL INFO GPU Direct RDMA Enabled for GPU 2 / HCA 1 (distance 5 <= 5), read 0 mode Default
MOC-R4PCC04U05:730912:731054 [2] NCCL INFO New proxy recv connection 21 from local rank 2, transport 2
MOC-R4PCC04U05:730912:731753 [2] NCCL INFO Connected to proxy localRank 2 -> connection 0x7f9f88005908
MOC-R4PCC04U05:730912:731753 [2] NCCL INFO Channel 01/0 : 10[2] -> 2[2] [receive] via NET/IB/1/GDRDMA
MOC-R4PCC04U05:730912:731753 [2] NCCL INFO GPU Direct RDMA Enabled for GPU 2 / HCA 1 (distance 5 <= 5), read 1 mode Default
MOC-R4PCC04U05:730912:731054 [2] NCCL INFO New proxy send connection 22 from local rank 2, transport 2
MOC-R4PCC04U05:730912:731753 [2] NCCL INFO Connected to proxy localRank 2 -> connection 0x7f9f88005980
MOC-R4PCC04U05:730912:731753 [2] NCCL INFO Channel 00/0 : 2[2] -> 10[2] [send] via NET/IB/1/GDRDMA
MOC-R4PCC04U05:730912:731753 [2] NCCL INFO GPU Direct RDMA Enabled for GPU 2 / HCA 1 (distance 5 <= 5), read 1 mode Default
MOC-R4PCC04U05:730912:731054 [2] NCCL INFO New proxy send connection 23 from local rank 2, transport 2
MOC-R4PCC04U05:730912:731753 [2] NCCL INFO Connected to proxy localRank 2 -> connection 0x7f9f880059f8
MOC-R4PCC04U05:730912:731753 [2] NCCL INFO Channel 01/0 : 2[2] -> 10[2] [send] via NET/IB/1/GDRDMA
MOC-R4PCC04U05:730911:731051 [1] NCCL INFO New proxy recv connection 10 from local rank 1, transport 0
MOC-R4PCC04U05:730911:731755 [1] NCCL INFO Connected to proxy localRank 1 -> connection 0x7f38a40053e0
MOC-R4PCC04U05:730911:731051 [1] NCCL INFO New proxy recv connection 11 from local rank 1, transport 0
MOC-R4PCC04U05:730911:731755 [1] NCCL INFO Connected to proxy localRank 1 -> connection 0x7f38a4005458
MOC-R4PCC04U05:730911:731051 [1] NCCL INFO New proxy recv connection 12 from local rank 1, transport 0
MOC-R4PCC04U05:730911:731755 [1] NCCL INFO Connected to proxy localRank 1 -> connection 0x7f38a40054d0
MOC-R4PCC04U05:730911:731051 [1] NCCL INFO New proxy recv connection 13 from local rank 1, transport 0
MOC-R4PCC04U05:730911:731755 [1] NCCL INFO Connected to proxy localRank 1 -> connection 0x7f38a4005548
MOC-R4PCC04U05:730910:731057 [0] NCCL INFO New proxy recv connection 14 from local rank 0, transport 0
MOC-R4PCC04U05:730910:731752 [0] NCCL INFO Connected to proxy localRank 0 -> connection 0x7f1bcc0055c0
MOC-R4PCC04U05:730910:731057 [0] NCCL INFO New proxy recv connection 15 from local rank 0, transport 0
MOC-R4PCC04U05:730910:731752 [0] NCCL INFO Connected to proxy localRank 0 -> connection 0x7f1bcc005638
MOC-R4PCC04U05:730910:731057 [0] NCCL INFO New proxy recv connection 16 from local rank 0, transport 0
MOC-R4PCC04U05:730910:731752 [0] NCCL INFO Connected to proxy localRank 0 -> connection 0x7f1bcc0056b0
MOC-R4PCC04U05:730910:731057 [0] NCCL INFO New proxy recv connection 17 from local rank 0, transport 0
MOC-R4PCC04U05:730910:731752 [0] NCCL INFO Connected to proxy localRank 0 -> connection 0x7f1bcc005728
MOC-R4PCC04U05:730913:731052 [3] NCCL INFO New proxy send connection 13 from local rank 3, transport 0
MOC-R4PCC04U05:730913:731754 [3] NCCL INFO Connected to proxy localRank 3 -> connection 0x7f0d78005548
MOC-R4PCC04U05:730913:731052 [3] NCCL INFO New proxy send connection 14 from local rank 3, transport 0
MOC-R4PCC04U05:730913:731754 [3] NCCL INFO Connected to proxy localRank 3 -> connection 0x7f0d780055c0
MOC-R4PCC04U05:730913:731052 [3] NCCL INFO New proxy send connection 15 from local rank 3, transport 0
MOC-R4PCC04U05:730913:731754 [3] NCCL INFO Connected to proxy localRank 3 -> connection 0x7f0d78005638
MOC-R4PCC04U05:730913:731052 [3] NCCL INFO New proxy send connection 16 from local rank 3, transport 0
MOC-R4PCC04U05:730913:731754 [3] NCCL INFO Connected to proxy localRank 3 -> connection 0x7f0d780056b0
MOC-R4PCC04U05:730912:731753 [2] NCCL INFO GPU Direct RDMA Enabled for GPU 2 / HCA 1 (distance 5 <= 5), read 0 mode Default
MOC-R4PCC04U05:730912:731054 [2] NCCL INFO New proxy recv connection 24 from local rank 2, transport 2
MOC-R4PCC04U05:730912:731753 [2] NCCL INFO Connected to proxy localRank 2 -> connection 0x7f9f88005a70
MOC-R4PCC04U05:730912:731753 [2] NCCL INFO Channel 02/0 : 6[2] -> 2[2] [receive] via NET/IB/1/GDRDMA
MOC-R4PCC04U05:730912:731753 [2] NCCL INFO GPU Direct RDMA Enabled for GPU 2 / HCA 1 (distance 5 <= 5), read 0 mode Default
MOC-R4PCC04U05:730912:731054 [2] NCCL INFO New proxy recv connection 25 from local rank 2, transport 2
MOC-R4PCC04U05:730912:731753 [2] NCCL INFO Connected to proxy localRank 2 -> connection 0x7f9f88005ae8
MOC-R4PCC04U05:730912:731753 [2] NCCL INFO Channel 03/0 : 6[2] -> 2[2] [receive] via NET/IB/1/GDRDMA
MOC-R4PCC04U05:730912:731054 [2] NCCL INFO New proxy recv connection 26 from local rank 2, transport 0
MOC-R4PCC04U05:730912:731753 [2] NCCL INFO Connected to proxy localRank 2 -> connection 0x7f9f88005b60
MOC-R4PCC04U05:730912:731054 [2] NCCL INFO New proxy recv connection 27 from local rank 2, transport 0
MOC-R4PCC04U05:730912:731753 [2] NCCL INFO Connected to proxy localRank 2 -> connection 0x7f9f88005bd8
MOC-R4PCC04U05:730912:731054 [2] NCCL INFO New proxy recv connection 28 from local rank 2, transport 0
MOC-R4PCC04U05:730912:731753 [2] NCCL INFO Connected to proxy localRank 2 -> connection 0x7f9f88005c50
MOC-R4PCC04U05:730912:731054 [2] NCCL INFO New proxy recv connection 29 from local rank 2, transport 0
MOC-R4PCC04U05:730912:731753 [2] NCCL INFO Connected to proxy localRank 2 -> connection 0x7f9f88005cc8
MOC-R4PCC04U05:730913:731052 [3] NCCL INFO New proxy send connection 17 from local rank 2, transport 0
MOC-R4PCC04U05:730912:731753 [2] NCCL INFO Connected to proxy localRank 3 -> connection 0x7f0d78005728
MOC-R4PCC04U05:730912:731054 [2] NCCL INFO NET/IB: NCCL Dev 1 IbDev 0 Port 1 qpn 12062 mtu 3 query_ece={supported=1, vendor_id=0x15b3, options=0x30000002, comp_mask=0x0} GID 3 (0/C132A8C0FFFF0000) fifoRkey=0x17904f fifoLkey=0x17904f
MOC-R4PCC04U05:730912:731054 [2] NCCL INFO NET/IB: NCCL Dev 1 IbDev 0 Port 1 qpn 12063 mtu 3 query_ece={supported=1, vendor_id=0x15b3, options=0x30000002, comp_mask=0x0} GID 3 (0/C132A8C0FFFF0000) fifoRkey=0x17bf7e fifoLkey=0x17bf7e
MOC-R4PCC04U05:730912:731054 [2] NCCL INFO NET/IB: IbDev 0 Port 1 qpn 12591 set_ece={supported=1, vendor_id=0x15b3, options=0x0, comp_mask=0x0}
MOC-R4PCC04U05:730912:731054 [2] NCCL INFO NET/IB: IbDev 0 Port 1 qpn 12593 set_ece={supported=1, vendor_id=0x15b3, options=0x0, comp_mask=0x0}
MOC-R4PCC04U05:730912:731054 [2] NCCL INFO NET/IB: NCCL Dev 1 IbDev 0 Port 1 qpn 12064 mtu 3 query_ece={supported=1, vendor_id=0x15b3, options=0x30000002, comp_mask=0x0} GID 3 (0/C132A8C0FFFF0000) fifoRkey=0x17601f fifoLkey=0x17601f
MOC-R4PCC04U05:730912:731054 [2] NCCL INFO NET/IB: IbDev 0 Port 1 qpn 10035 set_ece={supported=1, vendor_id=0x15b3, options=0x0, comp_mask=0x0}
MOC-R4PCC04U05:730912:731054 [2] NCCL INFO NET/IB: NCCL Dev 1 IbDev 0 Port 1 qpn 12071 mtu 3 query_ece={supported=1, vendor_id=0x15b3, options=0x30000002, comp_mask=0x0} GID 3 (0/C132A8C0FFFF0000) fifoRkey=0x17a767 fifoLkey=0x17a767
MOC-R4PCC04U05:730912:731054 [2] NCCL INFO NET/IB: IbDev 0 Port 1 qpn 10048 set_ece={supported=1, vendor_id=0x15b3, options=0x0, comp_mask=0x0}
step    1/10 | train loss 11.010197 | norm 15.3783 | lr 1.00e-04 | (14568.89 ms | 323881 tok/s)
step    2/10 | train loss 10.139423 | norm 5.7380 | lr 1.00e-04 | (794.61 ms | 5938240 tok/s)
step    3/10 | train loss 9.800094 | norm 2.5972 | lr 1.00e-04 | (757.17 ms | 6231895 tok/s)
step    4/10 | train loss 9.631592 | norm 2.1025 | lr 1.00e-04 | (927.73 ms | 5086179 tok/s)
step    5/10 | train loss 9.549200 | norm 2.0954 | lr 1.00e-04 | (748.71 ms | 6302281 tok/s)
step    6/10 | train loss 9.469119 | norm 1.9887 | lr 1.00e-04 | (767.62 ms | 6147054 tok/s)
step    7/10 | train loss 9.384792 | norm 1.9384 | lr 1.00e-04 | (753.04 ms | 6266087 tok/s)
step    8/10 | train loss 9.294773 | norm 1.9078 | lr 1.00e-04 | (798.98 ms | 5905735 tok/s)
step    9/10 | train loss 9.200788 | norm 1.8597 | lr 1.00e-04 | (753.11 ms | 6265446 tok/s)
step   10/10 | train loss 9.113812 | norm 1.7827 | lr 1.00e-04 | (823.68 ms | 5728675 tok/s)
final 9 iters avg: 791.628ms
peak memory consumption: 16601 MiB
