Running pytorch 2.7.0+cu126
using device: cuda:0
total desired batch size: 3538944
=> calculated gradient accumulation steps: 9
using device: cuda:1
using device: cuda:2
using device: cuda:3
compiling the model...
DataLoader: total number of tokens: 1,661,249,667 across 103 files
MOC-R4PCC04U05:563075:563075 [0] NCCL INFO NCCL_SOCKET_IFNAME set to eno7np0
MOC-R4PCC04U05:563075:563075 [0] NCCL INFO NCCL version 2.26.2+cuda12.2
MOC-R4PCC04U05:563075:563179 [0] NCCL INFO NET/Plugin: Could not find: libnccl-net.so. Using internal net plugin.
MOC-R4PCC04U05:563075:563179 [0] NCCL INFO NCCL_IB_HCA set to mlx5_5
MOC-R4PCC04U05:563075:563179 [0] NCCL INFO NET/IB : Made virtual device [0] name=mlx5_5 speed=400000 ndevs=1
MOC-R4PCC04U05:563075:563179 [0] NCCL INFO NET/IB : Using [0]mlx5_5:1/RoCE [RO]; OOB eno7np0:192.168.50.193<0>
MOC-R4PCC04U05:563077:563077 [2] NCCL INFO NCCL_SOCKET_IFNAME set to eno7np0
MOC-R4PCC04U05:563077:563077 [2] NCCL INFO NCCL version 2.26.2+cuda12.2
MOC-R4PCC04U05:563076:563076 [1] NCCL INFO NCCL_SOCKET_IFNAME set to eno7np0
MOC-R4PCC04U05:563076:563076 [1] NCCL INFO NCCL version 2.26.2+cuda12.2
MOC-R4PCC04U05:563078:563078 [3] NCCL INFO NCCL_SOCKET_IFNAME set to eno7np0
MOC-R4PCC04U05:563078:563078 [3] NCCL INFO NCCL version 2.26.2+cuda12.2
MOC-R4PCC04U05:563077:563202 [2] NCCL INFO NET/Plugin: Could not find: libnccl-net.so. Using internal net plugin.
MOC-R4PCC04U05:563077:563202 [2] NCCL INFO NCCL_IB_HCA set to mlx5_5
MOC-R4PCC04U05:563076:563203 [1] NCCL INFO NET/Plugin: Could not find: libnccl-net.so. Using internal net plugin.
MOC-R4PCC04U05:563078:563204 [3] NCCL INFO NET/Plugin: Could not find: libnccl-net.so. Using internal net plugin.
MOC-R4PCC04U05:563076:563203 [1] NCCL INFO NCCL_IB_HCA set to mlx5_5
MOC-R4PCC04U05:563078:563204 [3] NCCL INFO NCCL_IB_HCA set to mlx5_5
MOC-R4PCC04U05:563077:563202 [2] NCCL INFO NET/IB : Made virtual device [0] name=mlx5_5 speed=400000 ndevs=1
MOC-R4PCC04U05:563077:563202 [2] NCCL INFO NET/IB : Using [0]mlx5_5:1/RoCE [RO]; OOB eno7np0:192.168.50.193<0>
MOC-R4PCC04U05:563078:563204 [3] NCCL INFO NET/IB : Made virtual device [0] name=mlx5_5 speed=400000 ndevs=1
MOC-R4PCC04U05:563078:563204 [3] NCCL INFO NET/IB : Using [0]mlx5_5:1/RoCE [RO]; OOB eno7np0:192.168.50.193<0>
MOC-R4PCC04U05:563076:563203 [1] NCCL INFO NET/IB : Made virtual device [0] name=mlx5_5 speed=400000 ndevs=1
MOC-R4PCC04U05:563076:563203 [1] NCCL INFO NET/IB : Using [0]mlx5_5:1/RoCE [RO]; OOB eno7np0:192.168.50.193<0>
MOC-R4PCC04U05:563075:563179 [0] NCCL INFO NET/IB : GPU Direct RDMA Enabled for HCA 0 'mlx5_5'
MOC-R4PCC04U05:563075:563179 [0] NCCL INFO NET/IB : Made virtual device [1] name=mlx5_5 speed=400000 ndevs=1
MOC-R4PCC04U05:563075:563179 [0] NCCL INFO NET/IB : GPU Direct RDMA Enabled for HCA 0 'mlx5_5'
MOC-R4PCC04U05:563075:563179 [0] NCCL INFO NET/IB : GPU Direct RDMA Enabled for HCA 1 'mlx5_5'
MOC-R4PCC04U05:563078:563204 [3] NCCL INFO NET/IB : GPU Direct RDMA Enabled for HCA 0 'mlx5_5'
MOC-R4PCC04U05:563078:563204 [3] NCCL INFO NET/IB : Made virtual device [1] name=mlx5_5 speed=400000 ndevs=1
MOC-R4PCC04U05:563078:563204 [3] NCCL INFO NET/IB : GPU Direct RDMA Enabled for HCA 0 'mlx5_5'
MOC-R4PCC04U05:563078:563204 [3] NCCL INFO NET/IB : GPU Direct RDMA Enabled for HCA 1 'mlx5_5'
MOC-R4PCC04U05:563076:563203 [1] NCCL INFO NET/IB : GPU Direct RDMA Enabled for HCA 0 'mlx5_5'
MOC-R4PCC04U05:563076:563203 [1] NCCL INFO NET/IB : Made virtual device [1] name=mlx5_5 speed=400000 ndevs=1
MOC-R4PCC04U05:563076:563203 [1] NCCL INFO NET/IB : GPU Direct RDMA Enabled for HCA 0 'mlx5_5'
MOC-R4PCC04U05:563076:563203 [1] NCCL INFO NET/IB : GPU Direct RDMA Enabled for HCA 1 'mlx5_5'
MOC-R4PCC04U05:563077:563202 [2] NCCL INFO NET/IB : GPU Direct RDMA Enabled for HCA 0 'mlx5_5'
MOC-R4PCC04U05:563077:563202 [2] NCCL INFO NET/IB : Made virtual device [1] name=mlx5_5 speed=400000 ndevs=1
MOC-R4PCC04U05:563077:563202 [2] NCCL INFO NET/IB : GPU Direct RDMA Enabled for HCA 0 'mlx5_5'
MOC-R4PCC04U05:563077:563202 [2] NCCL INFO NET/IB : GPU Direct RDMA Enabled for HCA 1 'mlx5_5'
MOC-R4PCC04U05:563078:563204 [3] NCCL INFO GPU Direct RDMA Enabled for GPU 0 / HCA 1 (distance 5 <= 5), read 0 mode Default
MOC-R4PCC04U05:563078:563204 [3] NCCL INFO GPU Direct RDMA Enabled for GPU 1 / HCA 1 (distance 5 <= 5), read 0 mode Default
MOC-R4PCC04U05:563078:563204 [3] NCCL INFO GPU Direct RDMA Enabled for GPU 2 / HCA 1 (distance 5 <= 5), read 0 mode Default
MOC-R4PCC04U05:563078:563204 [3] NCCL INFO GPU Direct RDMA Enabled for GPU 3 / HCA 1 (distance 5 <= 5), read 0 mode Default
MOC-R4PCC04U05:563078:563204 [3] NCCL INFO GPU Direct RDMA Enabled for GPU 0 / HCA 1 (distance 5 <= 5), read 0 mode Default
MOC-R4PCC04U05:563078:563204 [3] NCCL INFO GPU Direct RDMA Enabled for GPU 1 / HCA 1 (distance 5 <= 5), read 0 mode Default
MOC-R4PCC04U05:563078:563204 [3] NCCL INFO GPU Direct RDMA Enabled for GPU 2 / HCA 1 (distance 5 <= 5), read 0 mode Default
MOC-R4PCC04U05:563078:563204 [3] NCCL INFO GPU Direct RDMA Enabled for GPU 3 / HCA 1 (distance 5 <= 5), read 0 mode Default
MOC-R4PCC04U05:563077:563202 [2] NCCL INFO GPU Direct RDMA Enabled for GPU 0 / HCA 1 (distance 5 <= 5), read 0 mode Default
MOC-R4PCC04U05:563077:563202 [2] NCCL INFO GPU Direct RDMA Enabled for GPU 1 / HCA 1 (distance 5 <= 5), read 0 mode Default
MOC-R4PCC04U05:563077:563202 [2] NCCL INFO GPU Direct RDMA Enabled for GPU 2 / HCA 1 (distance 5 <= 5), read 0 mode Default
MOC-R4PCC04U05:563077:563202 [2] NCCL INFO GPU Direct RDMA Enabled for GPU 3 / HCA 1 (distance 5 <= 5), read 0 mode Default
MOC-R4PCC04U05:563077:563202 [2] NCCL INFO GPU Direct RDMA Enabled for GPU 0 / HCA 1 (distance 5 <= 5), read 0 mode Default
MOC-R4PCC04U05:563077:563202 [2] NCCL INFO GPU Direct RDMA Enabled for GPU 1 / HCA 1 (distance 5 <= 5), read 0 mode Default
MOC-R4PCC04U05:563077:563202 [2] NCCL INFO GPU Direct RDMA Enabled for GPU 2 / HCA 1 (distance 5 <= 5), read 0 mode Default
MOC-R4PCC04U05:563077:563202 [2] NCCL INFO GPU Direct RDMA Enabled for GPU 3 / HCA 1 (distance 5 <= 5), read 0 mode Default
MOC-R4PCC04U05:563075:563179 [0] NCCL INFO GPU Direct RDMA Enabled for GPU 0 / HCA 1 (distance 5 <= 5), read 0 mode Default
MOC-R4PCC04U05:563075:563179 [0] NCCL INFO GPU Direct RDMA Enabled for GPU 1 / HCA 1 (distance 5 <= 5), read 0 mode Default
MOC-R4PCC04U05:563075:563179 [0] NCCL INFO GPU Direct RDMA Enabled for GPU 2 / HCA 1 (distance 5 <= 5), read 0 mode Default
MOC-R4PCC04U05:563075:563179 [0] NCCL INFO GPU Direct RDMA Enabled for GPU 3 / HCA 1 (distance 5 <= 5), read 0 mode Default
MOC-R4PCC04U05:563076:563203 [1] NCCL INFO GPU Direct RDMA Enabled for GPU 0 / HCA 1 (distance 5 <= 5), read 0 mode Default
MOC-R4PCC04U05:563076:563203 [1] NCCL INFO GPU Direct RDMA Enabled for GPU 1 / HCA 1 (distance 5 <= 5), read 0 mode Default
MOC-R4PCC04U05:563076:563203 [1] NCCL INFO GPU Direct RDMA Enabled for GPU 2 / HCA 1 (distance 5 <= 5), read 0 mode Default
MOC-R4PCC04U05:563076:563203 [1] NCCL INFO GPU Direct RDMA Enabled for GPU 3 / HCA 1 (distance 5 <= 5), read 0 mode Default
MOC-R4PCC04U05:563075:563179 [0] NCCL INFO GPU Direct RDMA Enabled for GPU 0 / HCA 1 (distance 5 <= 5), read 0 mode Default
MOC-R4PCC04U05:563075:563179 [0] NCCL INFO GPU Direct RDMA Enabled for GPU 1 / HCA 1 (distance 5 <= 5), read 0 mode Default
MOC-R4PCC04U05:563075:563179 [0] NCCL INFO GPU Direct RDMA Enabled for GPU 2 / HCA 1 (distance 5 <= 5), read 0 mode Default
MOC-R4PCC04U05:563075:563179 [0] NCCL INFO GPU Direct RDMA Enabled for GPU 3 / HCA 1 (distance 5 <= 5), read 0 mode Default
MOC-R4PCC04U05:563076:563203 [1] NCCL INFO GPU Direct RDMA Enabled for GPU 0 / HCA 1 (distance 5 <= 5), read 0 mode Default
MOC-R4PCC04U05:563076:563203 [1] NCCL INFO GPU Direct RDMA Enabled for GPU 1 / HCA 1 (distance 5 <= 5), read 0 mode Default
MOC-R4PCC04U05:563076:563203 [1] NCCL INFO GPU Direct RDMA Enabled for GPU 2 / HCA 1 (distance 5 <= 5), read 0 mode Default
MOC-R4PCC04U05:563076:563203 [1] NCCL INFO GPU Direct RDMA Enabled for GPU 3 / HCA 1 (distance 5 <= 5), read 0 mode Default
MOC-R4PCC04U05:563077:563224 [2] NCCL INFO GPU Direct RDMA Enabled for GPU 2 / HCA 1 (distance 5 <= 5), read 0 mode Default
MOC-R4PCC04U05:563076:563220 [1] NCCL INFO New proxy recv connection 0 from local rank 1, transport 0
MOC-R4PCC04U05:563076:563225 [1] NCCL INFO Connected to proxy localRank 1 -> connection 0x7f6174004f30
MOC-R4PCC04U05:563075:563222 [0] NCCL INFO New proxy send connection 0 from local rank 0, transport 0
MOC-R4PCC04U05:563075:563227 [0] NCCL INFO Connected to proxy localRank 0 -> connection 0x7f64bc004f30
MOC-R4PCC04U05:563078:563216 [3] NCCL INFO New proxy recv connection 0 from local rank 3, transport 0
MOC-R4PCC04U05:563078:563226 [3] NCCL INFO Connected to proxy localRank 3 -> connection 0x7f0e2c004f30
MOC-R4PCC04U05:563076:563220 [1] NCCL INFO New proxy recv connection 1 from local rank 1, transport 0
MOC-R4PCC04U05:563075:563222 [0] NCCL INFO New proxy send connection 1 from local rank 0, transport 0
MOC-R4PCC04U05:563076:563225 [1] NCCL INFO Connected to proxy localRank 1 -> connection 0x7f6174004fa8
MOC-R4PCC04U05:563075:563227 [0] NCCL INFO Connected to proxy localRank 0 -> connection 0x7f64bc004fa8
MOC-R4PCC04U05:563078:563216 [3] NCCL INFO New proxy recv connection 1 from local rank 3, transport 0
MOC-R4PCC04U05:563078:563226 [3] NCCL INFO Connected to proxy localRank 3 -> connection 0x7f0e2c004fa8
MOC-R4PCC04U05:563076:563220 [1] NCCL INFO New proxy recv connection 2 from local rank 1, transport 0
MOC-R4PCC04U05:563076:563225 [1] NCCL INFO Connected to proxy localRank 1 -> connection 0x7f6174005020
MOC-R4PCC04U05:563075:563222 [0] NCCL INFO New proxy send connection 2 from local rank 0, transport 0
MOC-R4PCC04U05:563075:563227 [0] NCCL INFO Connected to proxy localRank 0 -> connection 0x7f64bc005020
MOC-R4PCC04U05:563078:563216 [3] NCCL INFO New proxy recv connection 2 from local rank 3, transport 0
MOC-R4PCC04U05:563078:563226 [3] NCCL INFO Connected to proxy localRank 3 -> connection 0x7f0e2c005020
MOC-R4PCC04U05:563076:563220 [1] NCCL INFO New proxy recv connection 3 from local rank 1, transport 0
MOC-R4PCC04U05:563078:563216 [3] NCCL INFO New proxy recv connection 3 from local rank 3, transport 0
MOC-R4PCC04U05:563078:563226 [3] NCCL INFO Connected to proxy localRank 3 -> connection 0x7f0e2c005098
MOC-R4PCC04U05:563076:563225 [1] NCCL INFO Connected to proxy localRank 1 -> connection 0x7f6174005098
MOC-R4PCC04U05:563075:563222 [0] NCCL INFO New proxy send connection 3 from local rank 0, transport 0
MOC-R4PCC04U05:563075:563227 [0] NCCL INFO Connected to proxy localRank 0 -> connection 0x7f64bc005098
MOC-R4PCC04U05:563078:563226 [3] NCCL INFO GPU Direct RDMA Enabled for GPU 3 / HCA 1 (distance 5 <= 5), read 1 mode Default
MOC-R4PCC04U05:563076:563220 [1] NCCL INFO New proxy send connection 4 from local rank 1, transport 0
MOC-R4PCC04U05:563076:563225 [1] NCCL INFO Connected to proxy localRank 1 -> connection 0x7f6174005110
MOC-R4PCC04U05:563076:563220 [1] NCCL INFO New proxy send connection 5 from local rank 1, transport 0
MOC-R4PCC04U05:563076:563225 [1] NCCL INFO Connected to proxy localRank 1 -> connection 0x7f6174005188
MOC-R4PCC04U05:563076:563220 [1] NCCL INFO New proxy send connection 6 from local rank 1, transport 0
MOC-R4PCC04U05:563076:563225 [1] NCCL INFO Connected to proxy localRank 1 -> connection 0x7f6174005200
MOC-R4PCC04U05:563076:563220 [1] NCCL INFO New proxy send connection 7 from local rank 1, transport 0
MOC-R4PCC04U05:563076:563225 [1] NCCL INFO Connected to proxy localRank 1 -> connection 0x7f6174005278
MOC-R4PCC04U05:563077:563217 [2] NCCL INFO New proxy recv connection 0 from local rank 2, transport 2
MOC-R4PCC04U05:563077:563217 [2] NCCL INFO New proxy send connection 1 from local rank 3, transport 2
MOC-R4PCC04U05:563077:563224 [2] NCCL INFO Connected to proxy localRank 2 -> connection 0x7f8ee8004f30
MOC-R4PCC04U05:563078:563226 [3] NCCL INFO Connected to proxy localRank 2 -> connection 0x7f8ee8004fa8
MOC-R4PCC04U05:563077:563224 [2] NCCL INFO Channel 00/0 : 11[3] -> 2[2] [receive] via NET/IB/1/GDRDMA
MOC-R4PCC04U05:563077:563224 [2] NCCL INFO GPU Direct RDMA Enabled for GPU 2 / HCA 1 (distance 5 <= 5), read 0 mode Default
MOC-R4PCC04U05:563077:563217 [2] NCCL INFO New proxy recv connection 2 from local rank 2, transport 2
MOC-R4PCC04U05:563077:563224 [2] NCCL INFO Connected to proxy localRank 2 -> connection 0x7f8ee8005020
MOC-R4PCC04U05:563078:563226 [3] NCCL INFO Channel 00/0 : 3[3] -> 6[2] [send] via NET/IB/1(2)/GDRDMA
MOC-R4PCC04U05:563078:563226 [3] NCCL INFO GPU Direct RDMA Enabled for GPU 3 / HCA 1 (distance 5 <= 5), read 1 mode Default
MOC-R4PCC04U05:563077:563224 [2] NCCL INFO Channel 01/0 : 11[3] -> 2[2] [receive] via NET/IB/1/GDRDMA
MOC-R4PCC04U05:563077:563224 [2] NCCL INFO GPU Direct RDMA Enabled for GPU 2 / HCA 1 (distance 5 <= 5), read 0 mode Default
MOC-R4PCC04U05:563077:563217 [2] NCCL INFO New proxy send connection 3 from local rank 3, transport 2
MOC-R4PCC04U05:563078:563226 [3] NCCL INFO Connected to proxy localRank 2 -> connection 0x7f8ee8005098
MOC-R4PCC04U05:563077:563217 [2] NCCL INFO New proxy recv connection 4 from local rank 2, transport 2
MOC-R4PCC04U05:563077:563224 [2] NCCL INFO Connected to proxy localRank 2 -> connection 0x7f8ee8005110
MOC-R4PCC04U05:563078:563226 [3] NCCL INFO Channel 01/0 : 3[3] -> 6[2] [send] via NET/IB/1(2)/GDRDMA
MOC-R4PCC04U05:563078:563226 [3] NCCL INFO GPU Direct RDMA Enabled for GPU 3 / HCA 1 (distance 5 <= 5), read 1 mode Default
MOC-R4PCC04U05:563077:563224 [2] NCCL INFO Channel 02/0 : 11[3] -> 2[2] [receive] via NET/IB/1/GDRDMA
MOC-R4PCC04U05:563077:563217 [2] NCCL INFO New proxy send connection 5 from local rank 3, transport 2
MOC-R4PCC04U05:563077:563224 [2] NCCL INFO GPU Direct RDMA Enabled for GPU 2 / HCA 1 (distance 5 <= 5), read 0 mode Default
MOC-R4PCC04U05:563078:563226 [3] NCCL INFO Connected to proxy localRank 2 -> connection 0x7f8ee8005188
MOC-R4PCC04U05:563077:563217 [2] NCCL INFO New proxy recv connection 6 from local rank 2, transport 2
MOC-R4PCC04U05:563077:563224 [2] NCCL INFO Connected to proxy localRank 2 -> connection 0x7f8ee8005200
MOC-R4PCC04U05:563078:563226 [3] NCCL INFO Channel 02/0 : 3[3] -> 6[2] [send] via NET/IB/1(2)/GDRDMA
MOC-R4PCC04U05:563078:563226 [3] NCCL INFO GPU Direct RDMA Enabled for GPU 3 / HCA 1 (distance 5 <= 5), read 1 mode Default
MOC-R4PCC04U05:563077:563224 [2] NCCL INFO Channel 03/0 : 11[3] -> 2[2] [receive] via NET/IB/1/GDRDMA
MOC-R4PCC04U05:563077:563217 [2] NCCL INFO New proxy send connection 7 from local rank 3, transport 2
MOC-R4PCC04U05:563078:563226 [3] NCCL INFO Connected to proxy localRank 2 -> connection 0x7f8ee8005278
MOC-R4PCC04U05:563078:563226 [3] NCCL INFO Channel 03/0 : 3[3] -> 6[2] [send] via NET/IB/1(2)/GDRDMA
MOC-R4PCC04U05:563075:563222 [0] NCCL INFO New proxy recv connection 4 from local rank 0, transport 0
MOC-R4PCC04U05:563075:563227 [0] NCCL INFO Connected to proxy localRank 0 -> connection 0x7f64bc005110
MOC-R4PCC04U05:563075:563222 [0] NCCL INFO New proxy send connection 5 from local rank 3, transport 0
MOC-R4PCC04U05:563075:563222 [0] NCCL INFO New proxy recv connection 6 from local rank 0, transport 0
MOC-R4PCC04U05:563078:563226 [3] NCCL INFO Connected to proxy localRank 0 -> connection 0x7f64bc005188
MOC-R4PCC04U05:563075:563227 [0] NCCL INFO Connected to proxy localRank 0 -> connection 0x7f64bc005200
MOC-R4PCC04U05:563075:563222 [0] NCCL INFO New proxy recv connection 7 from local rank 0, transport 0
MOC-R4PCC04U05:563075:563227 [0] NCCL INFO Connected to proxy localRank 0 -> connection 0x7f64bc005278
MOC-R4PCC04U05:563075:563222 [0] NCCL INFO New proxy recv connection 8 from local rank 0, transport 0
MOC-R4PCC04U05:563075:563227 [0] NCCL INFO Connected to proxy localRank 0 -> connection 0x7f64bc0052f0
MOC-R4PCC04U05:563078:563216 [3] NCCL INFO New proxy send connection 4 from local rank 0, transport 0
MOC-R4PCC04U05:563075:563227 [0] NCCL INFO Connected to proxy localRank 3 -> connection 0x7f0e2c005110
MOC-R4PCC04U05:563077:563217 [2] NCCL INFO New proxy send connection 8 from local rank 2, transport 0
MOC-R4PCC04U05:563077:563224 [2] NCCL INFO Connected to proxy localRank 2 -> connection 0x7f8ee80052f0
MOC-R4PCC04U05:563077:563217 [2] NCCL INFO New proxy send connection 9 from local rank 2, transport 0
MOC-R4PCC04U05:563077:563224 [2] NCCL INFO Connected to proxy localRank 2 -> connection 0x7f8ee8005368
MOC-R4PCC04U05:563077:563217 [2] NCCL INFO New proxy send connection 10 from local rank 2, transport 0
MOC-R4PCC04U05:563077:563224 [2] NCCL INFO Connected to proxy localRank 2 -> connection 0x7f8ee80053e0
MOC-R4PCC04U05:563077:563217 [2] NCCL INFO New proxy send connection 11 from local rank 2, transport 0
MOC-R4PCC04U05:563077:563224 [2] NCCL INFO Connected to proxy localRank 2 -> connection 0x7f8ee8005458
MOC-R4PCC04U05:563075:563222 [0] NCCL INFO New proxy send connection 9 from local rank 1, transport 0
MOC-R4PCC04U05:563076:563220 [1] NCCL INFO New proxy send connection 8 from local rank 2, transport 0
MOC-R4PCC04U05:563076:563225 [1] NCCL INFO Connected to proxy localRank 0 -> connection 0x7f64bc005368
MOC-R4PCC04U05:563077:563224 [2] NCCL INFO Connected to proxy localRank 1 -> connection 0x7f61740052f0
MOC-R4PCC04U05:563077:563217 [2] NCCL INFO NET/IB: NCCL Dev 1 IbDev 0 Port 1 qpn 8920 mtu 3 query_ece={supported=1, vendor_id=0x15b3, options=0x30000002, comp_mask=0x0} GID 3 (0/C132A8C0FFFF0000) fifoRkey=0x179c5b fifoLkey=0x179c5b
MOC-R4PCC04U05:563077:563217 [2] NCCL INFO NET/IB: NCCL Dev 1 IbDev 0 Port 1 qpn 8921 mtu 3 query_ece={supported=1, vendor_id=0x15b3, options=0x30000002, comp_mask=0x0} GID 3 (0/C132A8C0FFFF0000) fifoRkey=0x170bca fifoLkey=0x170bca
MOC-R4PCC04U05:563077:563217 [2] NCCL INFO NET/IB: NCCL Dev 1 IbDev 0 Port 1 qpn 8922 mtu 3 query_ece={supported=1, vendor_id=0x15b3, options=0x30000002, comp_mask=0x0} GID 3 (0/C132A8C0FFFF0000) fifoRkey=0x1716d5 fifoLkey=0x1716d5
MOC-R4PCC04U05:563077:563217 [2] NCCL INFO NET/IB: NCCL Dev 1 IbDev 0 Port 1 qpn 8923 mtu 3 query_ece={supported=1, vendor_id=0x15b3, options=0x30000002, comp_mask=0x0} GID 3 (0/C132A8C0FFFF0000) fifoRkey=0x17904f fifoLkey=0x17904f
MOC-R4PCC04U05:563076:563220 [1] NCCL INFO New proxy send connection 9 from local rank 0, transport 0
MOC-R4PCC04U05:563075:563227 [0] NCCL INFO Connected to proxy localRank 1 -> connection 0x7f6174005368
MOC-R4PCC04U05:563077:563217 [2] NCCL INFO NET/IB: IbDev 0 Port 1 qpn 8774 set_ece={supported=1, vendor_id=0x15b3, options=0x0, comp_mask=0x0}
MOC-R4PCC04U05:563077:563217 [2] NCCL INFO NET/IB: IbDev 0 Port 1 qpn 8776 set_ece={supported=1, vendor_id=0x15b3, options=0x0, comp_mask=0x0}
MOC-R4PCC04U05:563077:563217 [2] NCCL INFO NET/IB: IbDev 0 Port 1 qpn 8778 set_ece={supported=1, vendor_id=0x15b3, options=0x0, comp_mask=0x0}
MOC-R4PCC04U05:563077:563217 [2] NCCL INFO NET/IB: IbDev 0 Port 1 qpn 8780 set_ece={supported=1, vendor_id=0x15b3, options=0x0, comp_mask=0x0}
MOC-R4PCC04U05:563077:563217 [2] NCCL INFO New proxy send connection 12 from local rank 3, transport 0
MOC-R4PCC04U05:563077:563217 [2] NCCL INFO New proxy send connection 13 from local rank 1, transport 0
MOC-R4PCC04U05:563078:563226 [3] NCCL INFO Connected to proxy localRank 2 -> connection 0x7f8ee80054d0
MOC-R4PCC04U05:563076:563225 [1] NCCL INFO Connected to proxy localRank 2 -> connection 0x7f8ee8005548
num decayed parameter tensors: 50, with 124,318,464 parameters
num non-decayed parameter tensors: 98, with 121,344 parameters
using fused AdamW: False
using regular AdamW
MOC-R4PCC04U05:563077:563217 [2] NCCL INFO New proxy send connection 14 from local rank 2, transport 0
MOC-R4PCC04U05:563077:563917 [2] NCCL INFO Connected to proxy localRank 2 -> connection 0x7f8ee80055c0
MOC-R4PCC04U05:563077:563217 [2] NCCL INFO New proxy send connection 15 from local rank 2, transport 0
MOC-R4PCC04U05:563077:563917 [2] NCCL INFO Connected to proxy localRank 2 -> connection 0x7f8ee8005638
MOC-R4PCC04U05:563077:563217 [2] NCCL INFO New proxy send connection 16 from local rank 2, transport 0
MOC-R4PCC04U05:563077:563917 [2] NCCL INFO Connected to proxy localRank 2 -> connection 0x7f8ee80056b0
MOC-R4PCC04U05:563077:563217 [2] NCCL INFO New proxy send connection 17 from local rank 2, transport 0
MOC-R4PCC04U05:563077:563917 [2] NCCL INFO Connected to proxy localRank 2 -> connection 0x7f8ee8005728
MOC-R4PCC04U05:563075:563222 [0] NCCL INFO New proxy send connection 10 from local rank 0, transport 0
MOC-R4PCC04U05:563075:563918 [0] NCCL INFO Connected to proxy localRank 0 -> connection 0x7f64bc0053e0
MOC-R4PCC04U05:563075:563222 [0] NCCL INFO New proxy send connection 11 from local rank 0, transport 0
MOC-R4PCC04U05:563075:563918 [0] NCCL INFO Connected to proxy localRank 0 -> connection 0x7f64bc005458
MOC-R4PCC04U05:563075:563222 [0] NCCL INFO New proxy send connection 12 from local rank 0, transport 0
MOC-R4PCC04U05:563075:563918 [0] NCCL INFO Connected to proxy localRank 0 -> connection 0x7f64bc0054d0
MOC-R4PCC04U05:563075:563222 [0] NCCL INFO New proxy send connection 13 from local rank 0, transport 0
MOC-R4PCC04U05:563075:563918 [0] NCCL INFO Connected to proxy localRank 0 -> connection 0x7f64bc005548
MOC-R4PCC04U05:563078:563216 [3] NCCL INFO New proxy recv connection 5 from local rank 3, transport 0
MOC-R4PCC04U05:563078:563919 [3] NCCL INFO Connected to proxy localRank 3 -> connection 0x7f0e2c005188
MOC-R4PCC04U05:563078:563216 [3] NCCL INFO New proxy recv connection 6 from local rank 3, transport 0
MOC-R4PCC04U05:563078:563919 [3] NCCL INFO Connected to proxy localRank 3 -> connection 0x7f0e2c005200
MOC-R4PCC04U05:563078:563216 [3] NCCL INFO New proxy recv connection 7 from local rank 3, transport 0
MOC-R4PCC04U05:563078:563919 [3] NCCL INFO Connected to proxy localRank 3 -> connection 0x7f0e2c005278
MOC-R4PCC04U05:563078:563216 [3] NCCL INFO New proxy recv connection 8 from local rank 3, transport 0
MOC-R4PCC04U05:563078:563919 [3] NCCL INFO Connected to proxy localRank 3 -> connection 0x7f0e2c0052f0
MOC-R4PCC04U05:563077:563917 [2] NCCL INFO GPU Direct RDMA Enabled for GPU 2 / HCA 1 (distance 5 <= 5), read 0 mode Default
MOC-R4PCC04U05:563078:563216 [3] NCCL INFO New proxy send connection 9 from local rank 3, transport 0
MOC-R4PCC04U05:563077:563217 [2] NCCL INFO New proxy recv connection 18 from local rank 2, transport 2
MOC-R4PCC04U05:563078:563919 [3] NCCL INFO Connected to proxy localRank 3 -> connection 0x7f0e2c005368
MOC-R4PCC04U05:563077:563917 [2] NCCL INFO Connected to proxy localRank 2 -> connection 0x7f8ee80057a0
MOC-R4PCC04U05:563077:563917 [2] NCCL INFO Channel 00/0 : 10[2] -> 2[2] [receive] via NET/IB/1/GDRDMA
MOC-R4PCC04U05:563077:563917 [2] NCCL INFO GPU Direct RDMA Enabled for GPU 2 / HCA 1 (distance 5 <= 5), read 0 mode Default
MOC-R4PCC04U05:563077:563217 [2] NCCL INFO New proxy recv connection 19 from local rank 2, transport 2
MOC-R4PCC04U05:563077:563917 [2] NCCL INFO Connected to proxy localRank 2 -> connection 0x7f8ee8005818
MOC-R4PCC04U05:563077:563917 [2] NCCL INFO Channel 01/0 : 10[2] -> 2[2] [receive] via NET/IB/1/GDRDMA
MOC-R4PCC04U05:563077:563917 [2] NCCL INFO GPU Direct RDMA Enabled for GPU 2 / HCA 1 (distance 5 <= 5), read 0 mode Default
MOC-R4PCC04U05:563077:563217 [2] NCCL INFO New proxy recv connection 20 from local rank 2, transport 2
MOC-R4PCC04U05:563077:563917 [2] NCCL INFO Connected to proxy localRank 2 -> connection 0x7f8ee8005890
MOC-R4PCC04U05:563077:563917 [2] NCCL INFO Channel 02/0 : 10[2] -> 2[2] [receive] via NET/IB/1/GDRDMA
MOC-R4PCC04U05:563077:563917 [2] NCCL INFO GPU Direct RDMA Enabled for GPU 2 / HCA 1 (distance 5 <= 5), read 0 mode Default
MOC-R4PCC04U05:563078:563216 [3] NCCL INFO New proxy send connection 10 from local rank 3, transport 0
MOC-R4PCC04U05:563077:563217 [2] NCCL INFO New proxy recv connection 21 from local rank 2, transport 2
MOC-R4PCC04U05:563078:563919 [3] NCCL INFO Connected to proxy localRank 3 -> connection 0x7f0e2c0053e0
MOC-R4PCC04U05:563077:563917 [2] NCCL INFO Connected to proxy localRank 2 -> connection 0x7f8ee8005908
MOC-R4PCC04U05:563077:563917 [2] NCCL INFO Channel 03/0 : 10[2] -> 2[2] [receive] via NET/IB/1/GDRDMA
MOC-R4PCC04U05:563077:563917 [2] NCCL INFO GPU Direct RDMA Enabled for GPU 2 / HCA 1 (distance 5 <= 5), read 1 mode Default
MOC-R4PCC04U05:563077:563217 [2] NCCL INFO New proxy send connection 22 from local rank 2, transport 2
MOC-R4PCC04U05:563077:563917 [2] NCCL INFO Connected to proxy localRank 2 -> connection 0x7f8ee8005980
MOC-R4PCC04U05:563077:563917 [2] NCCL INFO Channel 02/0 : 2[2] -> 6[2] [send] via NET/IB/1/GDRDMA
MOC-R4PCC04U05:563077:563917 [2] NCCL INFO GPU Direct RDMA Enabled for GPU 2 / HCA 1 (distance 5 <= 5), read 1 mode Default
MOC-R4PCC04U05:563078:563216 [3] NCCL INFO New proxy send connection 11 from local rank 3, transport 0
MOC-R4PCC04U05:563078:563919 [3] NCCL INFO Connected to proxy localRank 3 -> connection 0x7f0e2c005458
MOC-R4PCC04U05:563077:563217 [2] NCCL INFO New proxy send connection 23 from local rank 2, transport 2
MOC-R4PCC04U05:563077:563917 [2] NCCL INFO Connected to proxy localRank 2 -> connection 0x7f8ee80059f8
MOC-R4PCC04U05:563077:563917 [2] NCCL INFO Channel 03/0 : 2[2] -> 6[2] [send] via NET/IB/1/GDRDMA
MOC-R4PCC04U05:563078:563216 [3] NCCL INFO New proxy send connection 12 from local rank 3, transport 0
MOC-R4PCC04U05:563078:563919 [3] NCCL INFO Connected to proxy localRank 3 -> connection 0x7f0e2c0054d0
MOC-R4PCC04U05:563077:563917 [2] NCCL INFO GPU Direct RDMA Enabled for GPU 2 / HCA 1 (distance 5 <= 5), read 0 mode Default
MOC-R4PCC04U05:563077:563217 [2] NCCL INFO New proxy recv connection 24 from local rank 2, transport 2
MOC-R4PCC04U05:563077:563917 [2] NCCL INFO Connected to proxy localRank 2 -> connection 0x7f8ee8005a70
MOC-R4PCC04U05:563077:563917 [2] NCCL INFO Channel 02/0 : 6[2] -> 2[2] [receive] via NET/IB/1/GDRDMA
MOC-R4PCC04U05:563077:563917 [2] NCCL INFO GPU Direct RDMA Enabled for GPU 2 / HCA 1 (distance 5 <= 5), read 0 mode Default
MOC-R4PCC04U05:563077:563217 [2] NCCL INFO New proxy recv connection 25 from local rank 2, transport 2
MOC-R4PCC04U05:563077:563917 [2] NCCL INFO Connected to proxy localRank 2 -> connection 0x7f8ee8005ae8
MOC-R4PCC04U05:563077:563917 [2] NCCL INFO Channel 03/0 : 6[2] -> 2[2] [receive] via NET/IB/1/GDRDMA
MOC-R4PCC04U05:563077:563917 [2] NCCL INFO GPU Direct RDMA Enabled for GPU 2 / HCA 1 (distance 5 <= 5), read 1 mode Default
MOC-R4PCC04U05:563077:563217 [2] NCCL INFO New proxy send connection 26 from local rank 2, transport 2
MOC-R4PCC04U05:563077:563917 [2] NCCL INFO Connected to proxy localRank 2 -> connection 0x7f8ee8005b60
MOC-R4PCC04U05:563077:563917 [2] NCCL INFO Channel 00/0 : 2[2] -> 10[2] [send] via NET/IB/1/GDRDMA
MOC-R4PCC04U05:563077:563917 [2] NCCL INFO GPU Direct RDMA Enabled for GPU 2 / HCA 1 (distance 5 <= 5), read 1 mode Default
MOC-R4PCC04U05:563077:563217 [2] NCCL INFO New proxy send connection 27 from local rank 2, transport 2
MOC-R4PCC04U05:563077:563917 [2] NCCL INFO Connected to proxy localRank 2 -> connection 0x7f8ee8005bd8
MOC-R4PCC04U05:563077:563917 [2] NCCL INFO Channel 01/0 : 2[2] -> 10[2] [send] via NET/IB/1/GDRDMA
MOC-R4PCC04U05:563077:563917 [2] NCCL INFO GPU Direct RDMA Enabled for GPU 2 / HCA 1 (distance 5 <= 5), read 1 mode Default
MOC-R4PCC04U05:563077:563217 [2] NCCL INFO New proxy send connection 28 from local rank 2, transport 2
MOC-R4PCC04U05:563077:563917 [2] NCCL INFO Connected to proxy localRank 2 -> connection 0x7f8ee8005c50
MOC-R4PCC04U05:563077:563917 [2] NCCL INFO Channel 02/0 : 2[2] -> 10[2] [send] via NET/IB/1/GDRDMA
MOC-R4PCC04U05:563077:563917 [2] NCCL INFO GPU Direct RDMA Enabled for GPU 2 / HCA 1 (distance 5 <= 5), read 1 mode Default
MOC-R4PCC04U05:563077:563217 [2] NCCL INFO New proxy send connection 29 from local rank 2, transport 2
MOC-R4PCC04U05:563077:563917 [2] NCCL INFO Connected to proxy localRank 2 -> connection 0x7f8ee8005cc8
MOC-R4PCC04U05:563077:563917 [2] NCCL INFO Channel 03/0 : 2[2] -> 10[2] [send] via NET/IB/1/GDRDMA
MOC-R4PCC04U05:563077:563217 [2] NCCL INFO New proxy recv connection 30 from local rank 2, transport 0
MOC-R4PCC04U05:563077:563917 [2] NCCL INFO Connected to proxy localRank 2 -> connection 0x7f8ee8005d40
MOC-R4PCC04U05:563077:563217 [2] NCCL INFO New proxy recv connection 31 from local rank 2, transport 0
MOC-R4PCC04U05:563077:563917 [2] NCCL INFO Connected to proxy localRank 2 -> connection 0x7f8ee8005db8
MOC-R4PCC04U05:563077:563217 [2] NCCL INFO New proxy recv connection 32 from local rank 2, transport 0
MOC-R4PCC04U05:563077:563917 [2] NCCL INFO Connected to proxy localRank 2 -> connection 0x7f8ee8005e30
MOC-R4PCC04U05:563077:563217 [2] NCCL INFO New proxy recv connection 33 from local rank 2, transport 0
MOC-R4PCC04U05:563077:563917 [2] NCCL INFO Connected to proxy localRank 2 -> connection 0x7f8ee8005ea8
MOC-R4PCC04U05:563076:563220 [1] NCCL INFO New proxy recv connection 10 from local rank 1, transport 0
MOC-R4PCC04U05:563076:563920 [1] NCCL INFO Connected to proxy localRank 1 -> connection 0x7f61740053e0
MOC-R4PCC04U05:563076:563220 [1] NCCL INFO New proxy recv connection 11 from local rank 1, transport 0
MOC-R4PCC04U05:563076:563920 [1] NCCL INFO Connected to proxy localRank 1 -> connection 0x7f6174005458
MOC-R4PCC04U05:563076:563220 [1] NCCL INFO New proxy recv connection 12 from local rank 1, transport 0
MOC-R4PCC04U05:563076:563920 [1] NCCL INFO Connected to proxy localRank 1 -> connection 0x7f61740054d0
MOC-R4PCC04U05:563076:563220 [1] NCCL INFO New proxy recv connection 13 from local rank 1, transport 0
MOC-R4PCC04U05:563076:563920 [1] NCCL INFO Connected to proxy localRank 1 -> connection 0x7f6174005548
MOC-R4PCC04U05:563075:563222 [0] NCCL INFO New proxy recv connection 14 from local rank 0, transport 0
MOC-R4PCC04U05:563075:563918 [0] NCCL INFO Connected to proxy localRank 0 -> connection 0x7f64bc0055c0
MOC-R4PCC04U05:563075:563222 [0] NCCL INFO New proxy recv connection 15 from local rank 0, transport 0
MOC-R4PCC04U05:563075:563918 [0] NCCL INFO Connected to proxy localRank 0 -> connection 0x7f64bc005638
MOC-R4PCC04U05:563075:563222 [0] NCCL INFO New proxy recv connection 16 from local rank 0, transport 0
MOC-R4PCC04U05:563075:563918 [0] NCCL INFO Connected to proxy localRank 0 -> connection 0x7f64bc0056b0
MOC-R4PCC04U05:563075:563222 [0] NCCL INFO New proxy recv connection 17 from local rank 0, transport 0
MOC-R4PCC04U05:563075:563918 [0] NCCL INFO Connected to proxy localRank 0 -> connection 0x7f64bc005728
MOC-R4PCC04U05:563078:563216 [3] NCCL INFO New proxy send connection 13 from local rank 3, transport 0
MOC-R4PCC04U05:563078:563919 [3] NCCL INFO Connected to proxy localRank 3 -> connection 0x7f0e2c005548
MOC-R4PCC04U05:563078:563216 [3] NCCL INFO New proxy send connection 14 from local rank 3, transport 0
MOC-R4PCC04U05:563078:563919 [3] NCCL INFO Connected to proxy localRank 3 -> connection 0x7f0e2c0055c0
MOC-R4PCC04U05:563078:563216 [3] NCCL INFO New proxy send connection 15 from local rank 3, transport 0
MOC-R4PCC04U05:563078:563919 [3] NCCL INFO Connected to proxy localRank 3 -> connection 0x7f0e2c005638
MOC-R4PCC04U05:563078:563216 [3] NCCL INFO New proxy send connection 16 from local rank 3, transport 0
MOC-R4PCC04U05:563078:563919 [3] NCCL INFO Connected to proxy localRank 3 -> connection 0x7f0e2c0056b0
MOC-R4PCC04U05:563078:563216 [3] NCCL INFO New proxy send connection 17 from local rank 2, transport 0
MOC-R4PCC04U05:563077:563917 [2] NCCL INFO Connected to proxy localRank 3 -> connection 0x7f0e2c005728
MOC-R4PCC04U05:563077:563217 [2] NCCL INFO NET/IB: NCCL Dev 1 IbDev 0 Port 1 qpn 8924 mtu 3 query_ece={supported=1, vendor_id=0x15b3, options=0x30000002, comp_mask=0x0} GID 3 (0/C132A8C0FFFF0000) fifoRkey=0x17bf7e fifoLkey=0x17bf7e
MOC-R4PCC04U05:563077:563217 [2] NCCL INFO NET/IB: NCCL Dev 1 IbDev 0 Port 1 qpn 8925 mtu 3 query_ece={supported=1, vendor_id=0x15b3, options=0x30000002, comp_mask=0x0} GID 3 (0/C132A8C0FFFF0000) fifoRkey=0x176c2b fifoLkey=0x176c2b
MOC-R4PCC04U05:563077:563217 [2] NCCL INFO NET/IB: IbDev 0 Port 1 qpn 8786 set_ece={supported=1, vendor_id=0x15b3, options=0x0, comp_mask=0x0}
MOC-R4PCC04U05:563077:563217 [2] NCCL INFO NET/IB: IbDev 0 Port 1 qpn 8788 set_ece={supported=1, vendor_id=0x15b3, options=0x0, comp_mask=0x0}
MOC-R4PCC04U05:563077:563217 [2] NCCL INFO NET/IB: NCCL Dev 1 IbDev 0 Port 1 qpn 8938 mtu 3 query_ece={supported=1, vendor_id=0x15b3, options=0x30000002, comp_mask=0x0} GID 3 (0/C132A8C0FFFF0000) fifoRkey=0x1722e1 fifoLkey=0x1722e1
MOC-R4PCC04U05:563077:563217 [2] NCCL INFO NET/IB: NCCL Dev 1 IbDev 0 Port 1 qpn 8939 mtu 3 query_ece={supported=1, vendor_id=0x15b3, options=0x30000002, comp_mask=0x0} GID 3 (0/C132A8C0FFFF0000) fifoRkey=0x17d796 fifoLkey=0x17d796
MOC-R4PCC04U05:563077:563217 [2] NCCL INFO NET/IB: NCCL Dev 1 IbDev 0 Port 1 qpn 8940 mtu 3 query_ece={supported=1, vendor_id=0x15b3, options=0x30000002, comp_mask=0x0} GID 3 (0/C132A8C0FFFF0000) fifoRkey=0x173af9 fifoLkey=0x173af9
MOC-R4PCC04U05:563077:563217 [2] NCCL INFO NET/IB: NCCL Dev 1 IbDev 0 Port 1 qpn 8941 mtu 3 query_ece={supported=1, vendor_id=0x15b3, options=0x30000002, comp_mask=0x0} GID 3 (0/C132A8C0FFFF0000) fifoRkey=0x17601f fifoLkey=0x17601f
MOC-R4PCC04U05:563077:563217 [2] NCCL INFO NET/IB: IbDev 0 Port 1 qpn 5981 set_ece={supported=1, vendor_id=0x15b3, options=0x0, comp_mask=0x0}
MOC-R4PCC04U05:563077:563217 [2] NCCL INFO NET/IB: IbDev 0 Port 1 qpn 5984 set_ece={supported=1, vendor_id=0x15b3, options=0x0, comp_mask=0x0}
MOC-R4PCC04U05:563077:563217 [2] NCCL INFO NET/IB: IbDev 0 Port 1 qpn 5986 set_ece={supported=1, vendor_id=0x15b3, options=0x0, comp_mask=0x0}
MOC-R4PCC04U05:563077:563217 [2] NCCL INFO NET/IB: IbDev 0 Port 1 qpn 5988 set_ece={supported=1, vendor_id=0x15b3, options=0x0, comp_mask=0x0}
step    1/10 | train loss 11.009953 | norm 15.3599 | lr 1.00e-04 | (14948.11 ms | 236749 tok/s)
step    2/10 | train loss 10.140255 | norm 5.7284 | lr 1.00e-04 | (739.05 ms | 4788526 tok/s)
step    3/10 | train loss 9.800489 | norm 2.5995 | lr 1.00e-04 | (737.16 ms | 4800775 tok/s)
step    4/10 | train loss 9.631880 | norm 2.1038 | lr 1.00e-04 | (739.87 ms | 4783189 tok/s)
step    5/10 | train loss 9.549382 | norm 2.0982 | lr 1.00e-04 | (742.54 ms | 4766015 tok/s)
step    6/10 | train loss 9.468863 | norm 1.9907 | lr 1.00e-04 | (745.03 ms | 4750038 tok/s)
step    7/10 | train loss 9.384039 | norm 1.9411 | lr 1.00e-04 | (746.91 ms | 4738129 tok/s)
step    8/10 | train loss 9.293347 | norm 1.9098 | lr 1.00e-04 | (740.44 ms | 4779526 tok/s)
step    9/10 | train loss 9.198844 | norm 1.8576 | lr 1.00e-04 | (745.07 ms | 4749810 tok/s)
step   10/10 | train loss 9.112997 | norm 1.7861 | lr 1.00e-04 | (746.41 ms | 4741286 tok/s)
final 9 iters avg: 742.497ms
peak memory consumption: 16601 MiB
