Running pytorch 2.7.0+cu126
using device: cuda:0
total desired batch size: 5242880
=> calculated gradient accumulation steps: 10
using device: cuda:2
using device: cuda:1
using device: cuda:3
compiling the model...
DataLoader: total number of tokens: 1,661,249,667 across 103 files
MOC-R4PCC04U05:704374:704374 [0] NCCL INFO NCCL_SOCKET_IFNAME set to eno7np0
MOC-R4PCC04U05:704374:704374 [0] NCCL INFO NCCL version 2.26.2+cuda12.2
MOC-R4PCC04U05:704374:704478 [0] NCCL INFO NET/Plugin: Could not find: libnccl-net.so. Using internal net plugin.
MOC-R4PCC04U05:704374:704478 [0] NCCL INFO NET/Socket : Using [0]eno7np0:192.168.50.193<0>
MOC-R4PCC04U05:704376:704376 [2] NCCL INFO NCCL_SOCKET_IFNAME set to eno7np0
MOC-R4PCC04U05:704375:704375 [1] NCCL INFO NCCL_SOCKET_IFNAME set to eno7np0
MOC-R4PCC04U05:704375:704375 [1] NCCL INFO NCCL version 2.26.2+cuda12.2
MOC-R4PCC04U05:704376:704376 [2] NCCL INFO NCCL version 2.26.2+cuda12.2
MOC-R4PCC04U05:704377:704377 [3] NCCL INFO NCCL_SOCKET_IFNAME set to eno7np0
MOC-R4PCC04U05:704377:704377 [3] NCCL INFO NCCL version 2.26.2+cuda12.2
MOC-R4PCC04U05:704376:704500 [2] NCCL INFO NET/Plugin: Could not find: libnccl-net.so. Using internal net plugin.
MOC-R4PCC04U05:704375:704501 [1] NCCL INFO NET/Plugin: Could not find: libnccl-net.so. Using internal net plugin.
MOC-R4PCC04U05:704376:704500 [2] NCCL INFO NET/Socket : Using [0]eno7np0:192.168.50.193<0>
MOC-R4PCC04U05:704375:704501 [1] NCCL INFO NET/Socket : Using [0]eno7np0:192.168.50.193<0>
MOC-R4PCC04U05:704377:704502 [3] NCCL INFO NET/Plugin: Could not find: libnccl-net.so. Using internal net plugin.
MOC-R4PCC04U05:704377:704502 [3] NCCL INFO NET/Socket : Using [0]eno7np0:192.168.50.193<0>
MOC-R4PCC04U05:704377:704502 [3] NCCL INFO NET/Socket : GPU Direct RDMA Disabled for HCA 0 'eno7np0'
MOC-R4PCC04U05:704376:704500 [2] NCCL INFO NET/Socket : GPU Direct RDMA Disabled for HCA 0 'eno7np0'
MOC-R4PCC04U05:704374:704478 [0] NCCL INFO NET/Socket : GPU Direct RDMA Disabled for HCA 0 'eno7np0'
MOC-R4PCC04U05:704375:704501 [1] NCCL INFO NET/Socket : GPU Direct RDMA Disabled for HCA 0 'eno7np0'
MOC-R4PCC04U05:704375:704514 [1] NCCL INFO New proxy recv connection 0 from local rank 1, transport 0
MOC-R4PCC04U05:704375:704519 [1] NCCL INFO Connected to proxy localRank 1 -> connection 0x7f63e4004f30
MOC-R4PCC04U05:704375:704514 [1] NCCL INFO New proxy recv connection 1 from local rank 1, transport 0
MOC-R4PCC04U05:704375:704519 [1] NCCL INFO Connected to proxy localRank 1 -> connection 0x7f63e4004fa8
MOC-R4PCC04U05:704376:704511 [2] NCCL INFO New proxy recv connection 0 from local rank 2, transport 0
MOC-R4PCC04U05:704376:704520 [2] NCCL INFO Connected to proxy localRank 2 -> connection 0x7fb14c004f30
MOC-R4PCC04U05:704376:704511 [2] NCCL INFO New proxy recv connection 1 from local rank 2, transport 0
MOC-R4PCC04U05:704376:704520 [2] NCCL INFO Connected to proxy localRank 2 -> connection 0x7fb14c004fa8
MOC-R4PCC04U05:704374:704513 [0] NCCL INFO New proxy send connection 0 from local rank 0, transport 0
MOC-R4PCC04U05:704374:704522 [0] NCCL INFO Connected to proxy localRank 0 -> connection 0x7fca60004f30
MOC-R4PCC04U05:704377:704512 [3] NCCL INFO New proxy recv connection 0 from local rank 3, transport 0
MOC-R4PCC04U05:704377:704521 [3] NCCL INFO Connected to proxy localRank 3 -> connection 0x7f2098004f30
MOC-R4PCC04U05:704374:704513 [0] NCCL INFO New proxy send connection 1 from local rank 0, transport 0
MOC-R4PCC04U05:704377:704512 [3] NCCL INFO New proxy recv connection 1 from local rank 3, transport 0
MOC-R4PCC04U05:704374:704522 [0] NCCL INFO Connected to proxy localRank 0 -> connection 0x7fca60004fa8
MOC-R4PCC04U05:704377:704521 [3] NCCL INFO Connected to proxy localRank 3 -> connection 0x7f2098004fa8
MOC-R4PCC04U05:704374:704513 [0] NCCL INFO New proxy send connection 2 from local rank 0, transport 0
MOC-R4PCC04U05:704374:704522 [0] NCCL INFO Connected to proxy localRank 0 -> connection 0x7fca60005020
MOC-R4PCC04U05:704374:704513 [0] NCCL INFO New proxy send connection 3 from local rank 0, transport 0
MOC-R4PCC04U05:704374:704522 [0] NCCL INFO Connected to proxy localRank 0 -> connection 0x7fca60005098
MOC-R4PCC04U05:704376:704511 [2] NCCL INFO New proxy recv connection 2 from local rank 2, transport 2
MOC-R4PCC04U05:704376:704520 [2] NCCL INFO Connected to proxy localRank 2 -> connection 0x7fb14c005020
MOC-R4PCC04U05:704377:704512 [3] NCCL INFO New proxy send connection 2 from local rank 3, transport 2
MOC-R4PCC04U05:704377:704521 [3] NCCL INFO Connected to proxy localRank 3 -> connection 0x7f2098005020
MOC-R4PCC04U05:704376:704520 [2] NCCL INFO Channel 00/0 : 15[3] -> 2[2] [receive] via NET/Socket/0
MOC-R4PCC04U05:704376:704511 [2] NCCL INFO New proxy recv connection 3 from local rank 2, transport 2
MOC-R4PCC04U05:704376:704520 [2] NCCL INFO Connected to proxy localRank 2 -> connection 0x7fb14c005098
MOC-R4PCC04U05:704377:704521 [3] NCCL INFO Channel 00/0 : 3[3] -> 6[2] [send] via NET/Socket/0
MOC-R4PCC04U05:704377:704512 [3] NCCL INFO New proxy send connection 3 from local rank 3, transport 2
MOC-R4PCC04U05:704377:704521 [3] NCCL INFO Connected to proxy localRank 3 -> connection 0x7f2098005098
MOC-R4PCC04U05:704376:704520 [2] NCCL INFO Channel 02/0 : 15[3] -> 2[2] [receive] via NET/Socket/0
MOC-R4PCC04U05:704377:704521 [3] NCCL INFO Channel 02/0 : 3[3] -> 6[2] [send] via NET/Socket/0
MOC-R4PCC04U05:704374:704513 [0] NCCL INFO New proxy recv connection 4 from local rank 0, transport 0
MOC-R4PCC04U05:704374:704522 [0] NCCL INFO Connected to proxy localRank 0 -> connection 0x7fca60005110
MOC-R4PCC04U05:704377:704512 [3] NCCL INFO New proxy recv connection 4 from local rank 3, transport 2
MOC-R4PCC04U05:704377:704521 [3] NCCL INFO Connected to proxy localRank 3 -> connection 0x7f2098005110
MOC-R4PCC04U05:704377:704521 [3] NCCL INFO Channel 01/0 : 14[2] -> 3[3] [receive] via NET/Socket/0
MOC-R4PCC04U05:704377:704512 [3] NCCL INFO New proxy recv connection 5 from local rank 3, transport 2
MOC-R4PCC04U05:704377:704521 [3] NCCL INFO Connected to proxy localRank 3 -> connection 0x7f2098005188
MOC-R4PCC04U05:704377:704521 [3] NCCL INFO Channel 03/0 : 14[2] -> 3[3] [receive] via NET/Socket/0
MOC-R4PCC04U05:704374:704513 [0] NCCL INFO New proxy recv connection 5 from local rank 0, transport 0
MOC-R4PCC04U05:704374:704522 [0] NCCL INFO Connected to proxy localRank 0 -> connection 0x7fca60005188
MOC-R4PCC04U05:704374:704513 [0] NCCL INFO New proxy recv connection 6 from local rank 0, transport 0
MOC-R4PCC04U05:704374:704522 [0] NCCL INFO Connected to proxy localRank 0 -> connection 0x7fca60005200
MOC-R4PCC04U05:704374:704513 [0] NCCL INFO New proxy recv connection 7 from local rank 0, transport 0
MOC-R4PCC04U05:704374:704522 [0] NCCL INFO Connected to proxy localRank 0 -> connection 0x7fca60005278
MOC-R4PCC04U05:704376:704511 [2] NCCL INFO New proxy send connection 4 from local rank 2, transport 2
MOC-R4PCC04U05:704376:704520 [2] NCCL INFO Connected to proxy localRank 2 -> connection 0x7fb14c005110
MOC-R4PCC04U05:704376:704520 [2] NCCL INFO Channel 01/0 : 2[2] -> 7[3] [send] via NET/Socket/0
MOC-R4PCC04U05:704376:704511 [2] NCCL INFO New proxy send connection 5 from local rank 2, transport 2
MOC-R4PCC04U05:704376:704520 [2] NCCL INFO Connected to proxy localRank 2 -> connection 0x7fb14c005188
MOC-R4PCC04U05:704376:704520 [2] NCCL INFO Channel 03/0 : 2[2] -> 7[3] [send] via NET/Socket/0
MOC-R4PCC04U05:704376:704511 [2] NCCL INFO New proxy send connection 6 from local rank 2, transport 0
MOC-R4PCC04U05:704376:704520 [2] NCCL INFO Connected to proxy localRank 2 -> connection 0x7fb14c005200
MOC-R4PCC04U05:704377:704512 [3] NCCL INFO New proxy send connection 6 from local rank 3, transport 0
MOC-R4PCC04U05:704377:704521 [3] NCCL INFO Connected to proxy localRank 3 -> connection 0x7f2098005200
MOC-R4PCC04U05:704376:704511 [2] NCCL INFO New proxy send connection 7 from local rank 2, transport 0
MOC-R4PCC04U05:704376:704520 [2] NCCL INFO Connected to proxy localRank 2 -> connection 0x7fb14c005278
MOC-R4PCC04U05:704377:704512 [3] NCCL INFO New proxy send connection 7 from local rank 3, transport 0
MOC-R4PCC04U05:704377:704521 [3] NCCL INFO Connected to proxy localRank 3 -> connection 0x7f2098005278
MOC-R4PCC04U05:704374:704513 [0] NCCL INFO New proxy send connection 8 from local rank 3, transport 0
MOC-R4PCC04U05:704377:704521 [3] NCCL INFO Connected to proxy localRank 0 -> connection 0x7fca600052f0
MOC-R4PCC04U05:704375:704514 [1] NCCL INFO New proxy recv connection 2 from local rank 1, transport 0
MOC-R4PCC04U05:704375:704519 [1] NCCL INFO Connected to proxy localRank 1 -> connection 0x7f63e4005020
MOC-R4PCC04U05:704375:704514 [1] NCCL INFO New proxy recv connection 3 from local rank 1, transport 0
MOC-R4PCC04U05:704375:704519 [1] NCCL INFO Connected to proxy localRank 1 -> connection 0x7f63e4005098
MOC-R4PCC04U05:704375:704514 [1] NCCL INFO New proxy send connection 4 from local rank 1, transport 0
MOC-R4PCC04U05:704375:704519 [1] NCCL INFO Connected to proxy localRank 1 -> connection 0x7f63e4005110
MOC-R4PCC04U05:704375:704514 [1] NCCL INFO New proxy send connection 5 from local rank 1, transport 0
MOC-R4PCC04U05:704375:704519 [1] NCCL INFO Connected to proxy localRank 1 -> connection 0x7f63e4005188
MOC-R4PCC04U05:704375:704514 [1] NCCL INFO New proxy send connection 6 from local rank 1, transport 0
MOC-R4PCC04U05:704375:704519 [1] NCCL INFO Connected to proxy localRank 1 -> connection 0x7f63e4005200
MOC-R4PCC04U05:704375:704514 [1] NCCL INFO New proxy send connection 7 from local rank 1, transport 0
MOC-R4PCC04U05:704375:704519 [1] NCCL INFO Connected to proxy localRank 1 -> connection 0x7f63e4005278
MOC-R4PCC04U05:704374:704513 [0] NCCL INFO New proxy send connection 9 from local rank 2, transport 0
MOC-R4PCC04U05:704376:704520 [2] NCCL INFO Connected to proxy localRank 0 -> connection 0x7fca60005368
MOC-R4PCC04U05:704376:704511 [2] NCCL INFO New proxy send connection 8 from local rank 0, transport 0
MOC-R4PCC04U05:704374:704522 [0] NCCL INFO Connected to proxy localRank 2 -> connection 0x7fb14c0052f0
MOC-R4PCC04U05:704375:704514 [1] NCCL INFO New proxy send connection 8 from local rank 2, transport 0
MOC-R4PCC04U05:704376:704520 [2] NCCL INFO Connected to proxy localRank 1 -> connection 0x7f63e40052f0
MOC-R4PCC04U05:704377:704512 [3] NCCL INFO New proxy send connection 8 from local rank 1, transport 0
MOC-R4PCC04U05:704375:704519 [1] NCCL INFO Connected to proxy localRank 3 -> connection 0x7f20980052f0
MOC-R4PCC04U05:704375:704514 [1] NCCL INFO New proxy send connection 9 from local rank 3, transport 0
MOC-R4PCC04U05:704377:704521 [3] NCCL INFO Connected to proxy localRank 1 -> connection 0x7f63e4005368
MOC-R4PCC04U05:704374:704513 [0] NCCL INFO New proxy send connection 10 from local rank 1, transport 0
MOC-R4PCC04U05:704375:704519 [1] NCCL INFO Connected to proxy localRank 0 -> connection 0x7fca600053e0
MOC-R4PCC04U05:704377:704512 [3] NCCL INFO New proxy send connection 9 from local rank 0, transport 0
MOC-R4PCC04U05:704374:704522 [0] NCCL INFO Connected to proxy localRank 3 -> connection 0x7f2098005368
MOC-R4PCC04U05:704376:704511 [2] NCCL INFO New proxy send connection 9 from local rank 1, transport 0
MOC-R4PCC04U05:704375:704519 [1] NCCL INFO Connected to proxy localRank 2 -> connection 0x7fb14c005368
MOC-R4PCC04U05:704375:704514 [1] NCCL INFO New proxy send connection 10 from local rank 0, transport 0
MOC-R4PCC04U05:704374:704522 [0] NCCL INFO Connected to proxy localRank 1 -> connection 0x7f63e40053e0
num decayed parameter tensors: 50, with 124,318,464 parameters
num non-decayed parameter tensors: 98, with 121,344 parameters
using fused AdamW: False
using regular AdamW
MOC-R4PCC04U05:704374:704513 [0] NCCL INFO New proxy send connection 11 from local rank 0, transport 0
MOC-R4PCC04U05:704374:705246 [0] NCCL INFO Connected to proxy localRank 0 -> connection 0x7fca60005458
MOC-R4PCC04U05:704374:704513 [0] NCCL INFO New proxy send connection 12 from local rank 0, transport 0
MOC-R4PCC04U05:704374:705246 [0] NCCL INFO Connected to proxy localRank 0 -> connection 0x7fca600054d0
MOC-R4PCC04U05:704374:704513 [0] NCCL INFO New proxy send connection 13 from local rank 0, transport 0
MOC-R4PCC04U05:704374:705246 [0] NCCL INFO Connected to proxy localRank 0 -> connection 0x7fca60005548
MOC-R4PCC04U05:704374:704513 [0] NCCL INFO New proxy send connection 14 from local rank 0, transport 0
MOC-R4PCC04U05:704374:705246 [0] NCCL INFO Connected to proxy localRank 0 -> connection 0x7fca600055c0
MOC-R4PCC04U05:704376:704511 [2] NCCL INFO New proxy recv connection 10 from local rank 2, transport 0
MOC-R4PCC04U05:704376:705247 [2] NCCL INFO Connected to proxy localRank 2 -> connection 0x7fb14c0053e0
MOC-R4PCC04U05:704376:704511 [2] NCCL INFO New proxy recv connection 11 from local rank 2, transport 0
MOC-R4PCC04U05:704376:705247 [2] NCCL INFO Connected to proxy localRank 2 -> connection 0x7fb14c005458
MOC-R4PCC04U05:704376:704511 [2] NCCL INFO New proxy recv connection 12 from local rank 2, transport 0
MOC-R4PCC04U05:704376:705247 [2] NCCL INFO Connected to proxy localRank 2 -> connection 0x7fb14c0054d0
MOC-R4PCC04U05:704376:704511 [2] NCCL INFO New proxy recv connection 13 from local rank 2, transport 0
MOC-R4PCC04U05:704376:705247 [2] NCCL INFO Connected to proxy localRank 2 -> connection 0x7fb14c005548
MOC-R4PCC04U05:704375:704514 [1] NCCL INFO New proxy recv connection 11 from local rank 1, transport 0
MOC-R4PCC04U05:704375:705248 [1] NCCL INFO Connected to proxy localRank 1 -> connection 0x7f63e4005458
MOC-R4PCC04U05:704375:704514 [1] NCCL INFO New proxy recv connection 12 from local rank 1, transport 0
MOC-R4PCC04U05:704375:705248 [1] NCCL INFO Connected to proxy localRank 1 -> connection 0x7f63e40054d0
MOC-R4PCC04U05:704375:704514 [1] NCCL INFO New proxy recv connection 13 from local rank 1, transport 0
MOC-R4PCC04U05:704375:705248 [1] NCCL INFO Connected to proxy localRank 1 -> connection 0x7f63e4005548
MOC-R4PCC04U05:704375:704514 [1] NCCL INFO New proxy recv connection 14 from local rank 1, transport 0
MOC-R4PCC04U05:704375:705248 [1] NCCL INFO Connected to proxy localRank 1 -> connection 0x7f63e40055c0
MOC-R4PCC04U05:704375:704514 [1] NCCL INFO New proxy send connection 15 from local rank 1, transport 0
MOC-R4PCC04U05:704375:705248 [1] NCCL INFO Connected to proxy localRank 1 -> connection 0x7f63e4005638
MOC-R4PCC04U05:704375:704514 [1] NCCL INFO New proxy send connection 16 from local rank 1, transport 0
MOC-R4PCC04U05:704375:705248 [1] NCCL INFO Connected to proxy localRank 1 -> connection 0x7f63e40056b0
MOC-R4PCC04U05:704375:704514 [1] NCCL INFO New proxy send connection 17 from local rank 1, transport 0
MOC-R4PCC04U05:704375:705248 [1] NCCL INFO Connected to proxy localRank 1 -> connection 0x7f63e4005728
MOC-R4PCC04U05:704375:704514 [1] NCCL INFO New proxy send connection 18 from local rank 1, transport 0
MOC-R4PCC04U05:704375:705248 [1] NCCL INFO Connected to proxy localRank 1 -> connection 0x7f63e40057a0
MOC-R4PCC04U05:704374:704513 [0] NCCL INFO New proxy send connection 15 from local rank 0, transport 0
MOC-R4PCC04U05:704374:705246 [0] NCCL INFO Connected to proxy localRank 0 -> connection 0x7fca60005638
MOC-R4PCC04U05:704376:704511 [2] NCCL INFO New proxy send connection 14 from local rank 2, transport 0
MOC-R4PCC04U05:704375:704514 [1] NCCL INFO New proxy recv connection 19 from local rank 1, transport 0
MOC-R4PCC04U05:704376:705247 [2] NCCL INFO Connected to proxy localRank 2 -> connection 0x7fb14c0055c0
MOC-R4PCC04U05:704375:705248 [1] NCCL INFO Connected to proxy localRank 1 -> connection 0x7f63e4005818
MOC-R4PCC04U05:704374:704513 [0] NCCL INFO New proxy send connection 16 from local rank 0, transport 0
MOC-R4PCC04U05:704374:705246 [0] NCCL INFO Connected to proxy localRank 0 -> connection 0x7fca600056b0
MOC-R4PCC04U05:704376:704511 [2] NCCL INFO New proxy send connection 15 from local rank 2, transport 0
MOC-R4PCC04U05:704376:705247 [2] NCCL INFO Connected to proxy localRank 2 -> connection 0x7fb14c005638
MOC-R4PCC04U05:704375:704514 [1] NCCL INFO New proxy recv connection 20 from local rank 1, transport 0
MOC-R4PCC04U05:704375:705248 [1] NCCL INFO Connected to proxy localRank 1 -> connection 0x7f63e4005890
MOC-R4PCC04U05:704377:704512 [3] NCCL INFO New proxy recv connection 10 from local rank 3, transport 0
MOC-R4PCC04U05:704377:705249 [3] NCCL INFO Connected to proxy localRank 3 -> connection 0x7f20980053e0
MOC-R4PCC04U05:704377:704512 [3] NCCL INFO New proxy recv connection 11 from local rank 3, transport 0
MOC-R4PCC04U05:704377:705249 [3] NCCL INFO Connected to proxy localRank 3 -> connection 0x7f2098005458
MOC-R4PCC04U05:704377:704512 [3] NCCL INFO New proxy send connection 12 from local rank 3, transport 2
MOC-R4PCC04U05:704377:705249 [3] NCCL INFO Connected to proxy localRank 3 -> connection 0x7f20980054d0
MOC-R4PCC04U05:704374:704513 [0] NCCL INFO New proxy recv connection 17 from local rank 0, transport 0
MOC-R4PCC04U05:704374:705246 [0] NCCL INFO Connected to proxy localRank 0 -> connection 0x7fca60005728
MOC-R4PCC04U05:704377:705249 [3] NCCL INFO Channel 02/0 : 3[3] -> 7[3] [send] via NET/Socket/0
MOC-R4PCC04U05:704377:704512 [3] NCCL INFO New proxy send connection 13 from local rank 3, transport 2
MOC-R4PCC04U05:704377:705249 [3] NCCL INFO Connected to proxy localRank 3 -> connection 0x7f2098005548
MOC-R4PCC04U05:704374:704513 [0] NCCL INFO New proxy recv connection 18 from local rank 0, transport 0
MOC-R4PCC04U05:704374:705246 [0] NCCL INFO Connected to proxy localRank 0 -> connection 0x7fca600057a0
MOC-R4PCC04U05:704374:704513 [0] NCCL INFO New proxy recv connection 19 from local rank 0, transport 0
MOC-R4PCC04U05:704374:705246 [0] NCCL INFO Connected to proxy localRank 0 -> connection 0x7fca60005818
MOC-R4PCC04U05:704377:705249 [3] NCCL INFO Channel 03/0 : 3[3] -> 7[3] [send] via NET/Socket/0
MOC-R4PCC04U05:704374:704513 [0] NCCL INFO New proxy recv connection 20 from local rank 0, transport 0
MOC-R4PCC04U05:704374:705246 [0] NCCL INFO Connected to proxy localRank 0 -> connection 0x7fca60005890
MOC-R4PCC04U05:704377:704512 [3] NCCL INFO New proxy recv connection 14 from local rank 3, transport 2
MOC-R4PCC04U05:704377:705249 [3] NCCL INFO Connected to proxy localRank 3 -> connection 0x7f20980055c0
MOC-R4PCC04U05:704377:705249 [3] NCCL INFO Channel 00/0 : 11[3] -> 3[3] [receive] via NET/Socket/0
MOC-R4PCC04U05:704377:704512 [3] NCCL INFO New proxy recv connection 15 from local rank 3, transport 2
MOC-R4PCC04U05:704377:705249 [3] NCCL INFO Connected to proxy localRank 3 -> connection 0x7f2098005638
MOC-R4PCC04U05:704377:705249 [3] NCCL INFO Channel 01/0 : 11[3] -> 3[3] [receive] via NET/Socket/0
MOC-R4PCC04U05:704377:704512 [3] NCCL INFO New proxy send connection 16 from local rank 3, transport 2
MOC-R4PCC04U05:704377:705249 [3] NCCL INFO Connected to proxy localRank 3 -> connection 0x7f20980056b0
MOC-R4PCC04U05:704377:705249 [3] NCCL INFO Channel 00/0 : 3[3] -> 11[3] [send] via NET/Socket/0
MOC-R4PCC04U05:704377:704512 [3] NCCL INFO New proxy send connection 17 from local rank 3, transport 2
MOC-R4PCC04U05:704377:705249 [3] NCCL INFO Connected to proxy localRank 3 -> connection 0x7f2098005728
MOC-R4PCC04U05:704377:705249 [3] NCCL INFO Channel 01/0 : 3[3] -> 11[3] [send] via NET/Socket/0
MOC-R4PCC04U05:704377:704512 [3] NCCL INFO New proxy recv connection 18 from local rank 3, transport 2
MOC-R4PCC04U05:704377:705249 [3] NCCL INFO Connected to proxy localRank 3 -> connection 0x7f20980057a0
MOC-R4PCC04U05:704377:705249 [3] NCCL INFO Channel 02/0 : 7[3] -> 3[3] [receive] via NET/Socket/0
MOC-R4PCC04U05:704377:704512 [3] NCCL INFO New proxy recv connection 19 from local rank 3, transport 2
MOC-R4PCC04U05:704377:705249 [3] NCCL INFO Connected to proxy localRank 3 -> connection 0x7f2098005818
MOC-R4PCC04U05:704377:705249 [3] NCCL INFO Channel 03/0 : 7[3] -> 3[3] [receive] via NET/Socket/0
MOC-R4PCC04U05:704377:704512 [3] NCCL INFO New proxy send connection 20 from local rank 3, transport 0
MOC-R4PCC04U05:704377:705249 [3] NCCL INFO Connected to proxy localRank 3 -> connection 0x7f2098005890
MOC-R4PCC04U05:704377:704512 [3] NCCL INFO New proxy send connection 21 from local rank 3, transport 0
MOC-R4PCC04U05:704377:705249 [3] NCCL INFO Connected to proxy localRank 3 -> connection 0x7f2098005908
MOC-R4PCC04U05:704377:704512 [3] NCCL INFO New proxy send connection 22 from local rank 3, transport 0
MOC-R4PCC04U05:704377:705249 [3] NCCL INFO Connected to proxy localRank 3 -> connection 0x7f2098005980
MOC-R4PCC04U05:704377:704512 [3] NCCL INFO New proxy send connection 23 from local rank 3, transport 0
MOC-R4PCC04U05:704377:705249 [3] NCCL INFO Connected to proxy localRank 3 -> connection 0x7f20980059f8
step    1/10 | train loss 11.010067 | norm 15.3476 | lr 1.00e-04 | (14640.19 ms | 358116 tok/s)
step    2/10 | train loss 10.140057 | norm 5.7421 | lr 1.00e-04 | (862.32 ms | 6079937 tok/s)
step    3/10 | train loss 9.801184 | norm 2.5966 | lr 1.00e-04 | (860.40 ms | 6093533 tok/s)
step    4/10 | train loss 9.632748 | norm 2.1052 | lr 1.00e-04 | (859.24 ms | 6101730 tok/s)
step    5/10 | train loss 9.550309 | norm 2.0977 | lr 1.00e-04 | (861.37 ms | 6086650 tok/s)
step    6/10 | train loss 9.470086 | norm 1.9901 | lr 1.00e-04 | (862.03 ms | 6082024 tok/s)
step    7/10 | train loss 9.385623 | norm 1.9404 | lr 1.00e-04 | (862.67 ms | 6077474 tok/s)
step    8/10 | train loss 9.295286 | norm 1.9082 | lr 1.00e-04 | (859.80 ms | 6097773 tok/s)
step    9/10 | train loss 9.200840 | norm 1.8588 | lr 1.00e-04 | (861.26 ms | 6087481 tok/s)
step   10/10 | train loss 9.114126 | norm 1.7863 | lr 1.00e-04 | (862.26 ms | 6080404 tok/s)
final 9 iters avg: 861.263ms
peak memory consumption: 16601 MiB
