Running pytorch 2.7.0+cu126
using device: cuda:0
total desired batch size: 1572864
=> calculated gradient accumulation steps: 4
using device: cuda:3
using device: cuda:1
using device: cuda:2
compiling the model...
DataLoader: total number of tokens: 1,661,249,667 across 103 files
MOC-R4PCC04U05:575926:575926 [0] NCCL INFO NCCL_SOCKET_IFNAME set to eno7np0
MOC-R4PCC04U05:575926:575926 [0] NCCL INFO NCCL version 2.26.2+cuda12.2
MOC-R4PCC04U05:575926:576030 [0] NCCL INFO NET/Plugin: Could not find: libnccl-net.so. Using internal net plugin.
MOC-R4PCC04U05:575926:576030 [0] NCCL INFO NCCL_IB_HCA set to mlx5_5
MOC-R4PCC04U05:575926:576030 [0] NCCL INFO NET/IB : Made virtual device [0] name=mlx5_5 speed=400000 ndevs=1
MOC-R4PCC04U05:575926:576030 [0] NCCL INFO NET/IB : Using [0]mlx5_5:1/RoCE [RO]; OOB eno7np0:192.168.50.193<0>
MOC-R4PCC04U05:575927:575927 [1] NCCL INFO NCCL_SOCKET_IFNAME set to eno7np0
MOC-R4PCC04U05:575928:575928 [2] NCCL INFO NCCL_SOCKET_IFNAME set to eno7np0
MOC-R4PCC04U05:575927:575927 [1] NCCL INFO NCCL version 2.26.2+cuda12.2
MOC-R4PCC04U05:575928:575928 [2] NCCL INFO NCCL version 2.26.2+cuda12.2
MOC-R4PCC04U05:575929:575929 [3] NCCL INFO NCCL_SOCKET_IFNAME set to eno7np0
MOC-R4PCC04U05:575929:575929 [3] NCCL INFO NCCL version 2.26.2+cuda12.2
MOC-R4PCC04U05:575928:576054 [2] NCCL INFO NET/Plugin: Could not find: libnccl-net.so. Using internal net plugin.
MOC-R4PCC04U05:575928:576054 [2] NCCL INFO NCCL_IB_HCA set to mlx5_5
MOC-R4PCC04U05:575927:576053 [1] NCCL INFO NET/Plugin: Could not find: libnccl-net.so. Using internal net plugin.
MOC-R4PCC04U05:575927:576053 [1] NCCL INFO NCCL_IB_HCA set to mlx5_5
MOC-R4PCC04U05:575929:576055 [3] NCCL INFO NET/Plugin: Could not find: libnccl-net.so. Using internal net plugin.
MOC-R4PCC04U05:575929:576055 [3] NCCL INFO NCCL_IB_HCA set to mlx5_5
MOC-R4PCC04U05:575928:576054 [2] NCCL INFO NET/IB : Made virtual device [0] name=mlx5_5 speed=400000 ndevs=1
MOC-R4PCC04U05:575928:576054 [2] NCCL INFO NET/IB : Using [0]mlx5_5:1/RoCE [RO]; OOB eno7np0:192.168.50.193<0>
MOC-R4PCC04U05:575927:576053 [1] NCCL INFO NET/IB : Made virtual device [0] name=mlx5_5 speed=400000 ndevs=1
MOC-R4PCC04U05:575927:576053 [1] NCCL INFO NET/IB : Using [0]mlx5_5:1/RoCE [RO]; OOB eno7np0:192.168.50.193<0>
MOC-R4PCC04U05:575929:576055 [3] NCCL INFO NET/IB : Made virtual device [0] name=mlx5_5 speed=400000 ndevs=1
MOC-R4PCC04U05:575929:576055 [3] NCCL INFO NET/IB : Using [0]mlx5_5:1/RoCE [RO]; OOB eno7np0:192.168.50.193<0>
MOC-R4PCC04U05:575929:576055 [3] NCCL INFO NET/IB : GPU Direct RDMA Enabled for HCA 0 'mlx5_5'
MOC-R4PCC04U05:575929:576055 [3] NCCL INFO NET/IB : Made virtual device [1] name=mlx5_5 speed=400000 ndevs=1
MOC-R4PCC04U05:575929:576055 [3] NCCL INFO NET/IB : GPU Direct RDMA Enabled for HCA 0 'mlx5_5'
MOC-R4PCC04U05:575929:576055 [3] NCCL INFO NET/IB : GPU Direct RDMA Enabled for HCA 1 'mlx5_5'
MOC-R4PCC04U05:575928:576054 [2] NCCL INFO NET/IB : GPU Direct RDMA Enabled for HCA 0 'mlx5_5'
MOC-R4PCC04U05:575928:576054 [2] NCCL INFO NET/IB : Made virtual device [1] name=mlx5_5 speed=400000 ndevs=1
MOC-R4PCC04U05:575928:576054 [2] NCCL INFO NET/IB : GPU Direct RDMA Enabled for HCA 0 'mlx5_5'
MOC-R4PCC04U05:575928:576054 [2] NCCL INFO NET/IB : GPU Direct RDMA Enabled for HCA 1 'mlx5_5'
MOC-R4PCC04U05:575927:576053 [1] NCCL INFO NET/IB : GPU Direct RDMA Enabled for HCA 0 'mlx5_5'
MOC-R4PCC04U05:575927:576053 [1] NCCL INFO NET/IB : Made virtual device [1] name=mlx5_5 speed=400000 ndevs=1
MOC-R4PCC04U05:575927:576053 [1] NCCL INFO NET/IB : GPU Direct RDMA Enabled for HCA 0 'mlx5_5'
MOC-R4PCC04U05:575927:576053 [1] NCCL INFO NET/IB : GPU Direct RDMA Enabled for HCA 1 'mlx5_5'
MOC-R4PCC04U05:575926:576030 [0] NCCL INFO NET/IB : GPU Direct RDMA Enabled for HCA 0 'mlx5_5'
MOC-R4PCC04U05:575926:576030 [0] NCCL INFO NET/IB : Made virtual device [1] name=mlx5_5 speed=400000 ndevs=1
MOC-R4PCC04U05:575926:576030 [0] NCCL INFO NET/IB : GPU Direct RDMA Enabled for HCA 0 'mlx5_5'
MOC-R4PCC04U05:575926:576030 [0] NCCL INFO NET/IB : GPU Direct RDMA Enabled for HCA 1 'mlx5_5'
MOC-R4PCC04U05:575927:576053 [1] NCCL INFO NCCL_NET_GDR_LEVEL set by environment to LOC
MOC-R4PCC04U05:575927:576053 [1] NCCL INFO GPU Direct RDMA Disabled for GPU 0 / HCA 1 (distance 5 > 0)
MOC-R4PCC04U05:575927:576053 [1] NCCL INFO GPU Direct RDMA Disabled for GPU 1 / HCA 1 (distance 5 > 0)
MOC-R4PCC04U05:575927:576053 [1] NCCL INFO GPU Direct RDMA Disabled for GPU 2 / HCA 1 (distance 5 > 0)
MOC-R4PCC04U05:575927:576053 [1] NCCL INFO GPU Direct RDMA Disabled for GPU 0 / HCA 1 (distance 5 > 0)
MOC-R4PCC04U05:575927:576053 [1] NCCL INFO GPU Direct RDMA Disabled for GPU 1 / HCA 1 (distance 5 > 0)
MOC-R4PCC04U05:575927:576053 [1] NCCL INFO GPU Direct RDMA Disabled for GPU 2 / HCA 1 (distance 5 > 0)
MOC-R4PCC04U05:575926:576030 [0] NCCL INFO NCCL_NET_GDR_LEVEL set by environment to LOC
MOC-R4PCC04U05:575926:576030 [0] NCCL INFO GPU Direct RDMA Disabled for GPU 0 / HCA 1 (distance 5 > 0)
MOC-R4PCC04U05:575926:576030 [0] NCCL INFO GPU Direct RDMA Disabled for GPU 1 / HCA 1 (distance 5 > 0)
MOC-R4PCC04U05:575926:576030 [0] NCCL INFO GPU Direct RDMA Disabled for GPU 2 / HCA 1 (distance 5 > 0)
MOC-R4PCC04U05:575926:576030 [0] NCCL INFO GPU Direct RDMA Disabled for GPU 0 / HCA 1 (distance 5 > 0)
MOC-R4PCC04U05:575926:576030 [0] NCCL INFO GPU Direct RDMA Disabled for GPU 1 / HCA 1 (distance 5 > 0)
MOC-R4PCC04U05:575926:576030 [0] NCCL INFO GPU Direct RDMA Disabled for GPU 2 / HCA 1 (distance 5 > 0)
MOC-R4PCC04U05:575928:576054 [2] NCCL INFO NCCL_NET_GDR_LEVEL set by environment to LOC
MOC-R4PCC04U05:575928:576054 [2] NCCL INFO GPU Direct RDMA Disabled for GPU 0 / HCA 1 (distance 5 > 0)
MOC-R4PCC04U05:575928:576054 [2] NCCL INFO GPU Direct RDMA Disabled for GPU 1 / HCA 1 (distance 5 > 0)
MOC-R4PCC04U05:575928:576054 [2] NCCL INFO GPU Direct RDMA Disabled for GPU 2 / HCA 1 (distance 5 > 0)
MOC-R4PCC04U05:575928:576054 [2] NCCL INFO GPU Direct RDMA Disabled for GPU 0 / HCA 1 (distance 5 > 0)
MOC-R4PCC04U05:575928:576054 [2] NCCL INFO GPU Direct RDMA Disabled for GPU 1 / HCA 1 (distance 5 > 0)
MOC-R4PCC04U05:575928:576054 [2] NCCL INFO GPU Direct RDMA Disabled for GPU 2 / HCA 1 (distance 5 > 0)
MOC-R4PCC04U05:575929:576055 [3] NCCL INFO NCCL_NET_GDR_LEVEL set by environment to LOC
MOC-R4PCC04U05:575929:576055 [3] NCCL INFO GPU Direct RDMA Disabled for GPU 0 / HCA 1 (distance 5 > 0)
MOC-R4PCC04U05:575929:576055 [3] NCCL INFO GPU Direct RDMA Disabled for GPU 1 / HCA 1 (distance 5 > 0)
MOC-R4PCC04U05:575929:576055 [3] NCCL INFO GPU Direct RDMA Disabled for GPU 2 / HCA 1 (distance 5 > 0)
MOC-R4PCC04U05:575929:576055 [3] NCCL INFO GPU Direct RDMA Disabled for GPU 0 / HCA 1 (distance 5 > 0)
MOC-R4PCC04U05:575929:576055 [3] NCCL INFO GPU Direct RDMA Disabled for GPU 1 / HCA 1 (distance 5 > 0)
MOC-R4PCC04U05:575929:576055 [3] NCCL INFO GPU Direct RDMA Disabled for GPU 2 / HCA 1 (distance 5 > 0)
MOC-R4PCC04U05:575926:576337 [0] NCCL INFO New proxy send connection 0 from local rank 0, transport 0
MOC-R4PCC04U05:575926:576343 [0] NCCL INFO Connected to proxy localRank 0 -> connection 0x7fdb38004f30
MOC-R4PCC04U05:575926:576337 [0] NCCL INFO New proxy send connection 1 from local rank 0, transport 0
MOC-R4PCC04U05:575926:576343 [0] NCCL INFO Connected to proxy localRank 0 -> connection 0x7fdb38004fa8
MOC-R4PCC04U05:575928:576336 [2] NCCL INFO New proxy recv connection 0 from local rank 2, transport 0
MOC-R4PCC04U05:575928:576344 [2] NCCL INFO Connected to proxy localRank 2 -> connection 0x7fa1cc004f30
MOC-R4PCC04U05:575928:576336 [2] NCCL INFO New proxy recv connection 1 from local rank 2, transport 0
MOC-R4PCC04U05:575928:576344 [2] NCCL INFO Connected to proxy localRank 2 -> connection 0x7fa1cc004fa8
MOC-R4PCC04U05:575928:576344 [2] NCCL INFO GPU Direct RDMA Disabled for GPU 2 / HCA 1 (distance 7 > 0)
MOC-R4PCC04U05:575926:576337 [0] NCCL INFO New proxy send connection 2 from local rank 0, transport 0
MOC-R4PCC04U05:575926:576343 [0] NCCL INFO Connected to proxy localRank 0 -> connection 0x7fdb38005020
MOC-R4PCC04U05:575927:576335 [1] NCCL INFO New proxy recv connection 0 from local rank 1, transport 0
MOC-R4PCC04U05:575927:576345 [1] NCCL INFO Connected to proxy localRank 1 -> connection 0x7f96b4004f30
MOC-R4PCC04U05:575926:576337 [0] NCCL INFO New proxy send connection 3 from local rank 0, transport 0
MOC-R4PCC04U05:575926:576343 [0] NCCL INFO Connected to proxy localRank 0 -> connection 0x7fdb38005098
MOC-R4PCC04U05:575929:576341 [3] NCCL INFO New proxy recv connection 0 from local rank 3, transport 0
MOC-R4PCC04U05:575929:576346 [3] NCCL INFO Connected to proxy localRank 3 -> connection 0x7ff830004f30
MOC-R4PCC04U05:575927:576335 [1] NCCL INFO New proxy recv connection 1 from local rank 1, transport 0
MOC-R4PCC04U05:575927:576345 [1] NCCL INFO Connected to proxy localRank 1 -> connection 0x7f96b4004fa8
MOC-R4PCC04U05:575929:576341 [3] NCCL INFO New proxy recv connection 1 from local rank 3, transport 0
MOC-R4PCC04U05:575929:576346 [3] NCCL INFO Connected to proxy localRank 3 -> connection 0x7ff830004fa8
MOC-R4PCC04U05:575929:576346 [3] NCCL INFO GPU Direct RDMA Disabled for GPU 3 / HCA 1 (distance 7 > 0)
MOC-R4PCC04U05:575928:576336 [2] NCCL INFO New proxy recv connection 2 from local rank 2, transport 2
MOC-R4PCC04U05:575928:576344 [2] NCCL INFO Connected to proxy localRank 2 -> connection 0x7fa1cc005020
MOC-R4PCC04U05:575928:576344 [2] NCCL INFO Channel 00/0 : 11[3] -> 2[2] [receive] via NET/IB/1
MOC-R4PCC04U05:575928:576344 [2] NCCL INFO GPU Direct RDMA Disabled for GPU 2 / HCA 1 (distance 7 > 0)
MOC-R4PCC04U05:575928:576336 [2] NCCL INFO New proxy recv connection 3 from local rank 2, transport 2
MOC-R4PCC04U05:575928:576344 [2] NCCL INFO Connected to proxy localRank 2 -> connection 0x7fa1cc005098
MOC-R4PCC04U05:575928:576344 [2] NCCL INFO Channel 02/0 : 11[3] -> 2[2] [receive] via NET/IB/1
MOC-R4PCC04U05:575929:576341 [3] NCCL INFO New proxy send connection 2 from local rank 3, transport 2
MOC-R4PCC04U05:575929:576346 [3] NCCL INFO Connected to proxy localRank 3 -> connection 0x7ff830005020
MOC-R4PCC04U05:575929:576346 [3] NCCL INFO Channel 00/0 : 3[3] -> 6[2] [send] via NET/IB/1
MOC-R4PCC04U05:575929:576346 [3] NCCL INFO GPU Direct RDMA Disabled for GPU 3 / HCA 1 (distance 7 > 0)
MOC-R4PCC04U05:575929:576341 [3] NCCL INFO New proxy send connection 3 from local rank 3, transport 2
MOC-R4PCC04U05:575929:576346 [3] NCCL INFO Connected to proxy localRank 3 -> connection 0x7ff830005098
MOC-R4PCC04U05:575929:576346 [3] NCCL INFO Channel 02/0 : 3[3] -> 6[2] [send] via NET/IB/1
MOC-R4PCC04U05:575926:576337 [0] NCCL INFO New proxy recv connection 4 from local rank 0, transport 0
MOC-R4PCC04U05:575926:576343 [0] NCCL INFO Connected to proxy localRank 0 -> connection 0x7fdb38005110
MOC-R4PCC04U05:575929:576346 [3] NCCL INFO GPU Direct RDMA Disabled for GPU 3 / HCA 1 (distance 7 > 0)
MOC-R4PCC04U05:575929:576341 [3] NCCL INFO New proxy recv connection 4 from local rank 3, transport 2
MOC-R4PCC04U05:575929:576346 [3] NCCL INFO Connected to proxy localRank 3 -> connection 0x7ff830005110
MOC-R4PCC04U05:575929:576346 [3] NCCL INFO Channel 01/0 : 10[2] -> 3[3] [receive] via NET/IB/1
MOC-R4PCC04U05:575926:576337 [0] NCCL INFO New proxy recv connection 5 from local rank 0, transport 0
MOC-R4PCC04U05:575929:576346 [3] NCCL INFO GPU Direct RDMA Disabled for GPU 3 / HCA 1 (distance 7 > 0)
MOC-R4PCC04U05:575926:576343 [0] NCCL INFO Connected to proxy localRank 0 -> connection 0x7fdb38005188
MOC-R4PCC04U05:575929:576341 [3] NCCL INFO New proxy recv connection 5 from local rank 3, transport 2
MOC-R4PCC04U05:575929:576346 [3] NCCL INFO Connected to proxy localRank 3 -> connection 0x7ff830005188
MOC-R4PCC04U05:575929:576346 [3] NCCL INFO Channel 03/0 : 10[2] -> 3[3] [receive] via NET/IB/1
MOC-R4PCC04U05:575926:576337 [0] NCCL INFO New proxy recv connection 6 from local rank 0, transport 0
MOC-R4PCC04U05:575926:576343 [0] NCCL INFO Connected to proxy localRank 0 -> connection 0x7fdb38005200
MOC-R4PCC04U05:575926:576337 [0] NCCL INFO New proxy recv connection 7 from local rank 0, transport 0
MOC-R4PCC04U05:575926:576343 [0] NCCL INFO Connected to proxy localRank 0 -> connection 0x7fdb38005278
MOC-R4PCC04U05:575928:576344 [2] NCCL INFO GPU Direct RDMA Disabled for GPU 2 / HCA 1 (distance 7 > 0)
MOC-R4PCC04U05:575928:576336 [2] NCCL INFO New proxy send connection 4 from local rank 2, transport 2
MOC-R4PCC04U05:575928:576344 [2] NCCL INFO Connected to proxy localRank 2 -> connection 0x7fa1cc005110
MOC-R4PCC04U05:575928:576344 [2] NCCL INFO Channel 01/0 : 2[2] -> 7[3] [send] via NET/IB/1
MOC-R4PCC04U05:575928:576344 [2] NCCL INFO GPU Direct RDMA Disabled for GPU 2 / HCA 1 (distance 7 > 0)
MOC-R4PCC04U05:575928:576336 [2] NCCL INFO New proxy send connection 5 from local rank 2, transport 2
MOC-R4PCC04U05:575928:576344 [2] NCCL INFO Connected to proxy localRank 2 -> connection 0x7fa1cc005188
MOC-R4PCC04U05:575928:576344 [2] NCCL INFO Channel 03/0 : 2[2] -> 7[3] [send] via NET/IB/1
MOC-R4PCC04U05:575929:576341 [3] NCCL INFO New proxy send connection 6 from local rank 3, transport 0
MOC-R4PCC04U05:575929:576346 [3] NCCL INFO Connected to proxy localRank 3 -> connection 0x7ff830005200
MOC-R4PCC04U05:575928:576336 [2] NCCL INFO New proxy send connection 6 from local rank 2, transport 0
MOC-R4PCC04U05:575928:576344 [2] NCCL INFO Connected to proxy localRank 2 -> connection 0x7fa1cc005200
MOC-R4PCC04U05:575929:576341 [3] NCCL INFO New proxy send connection 7 from local rank 3, transport 0
MOC-R4PCC04U05:575929:576346 [3] NCCL INFO Connected to proxy localRank 3 -> connection 0x7ff830005278
MOC-R4PCC04U05:575928:576336 [2] NCCL INFO New proxy send connection 7 from local rank 2, transport 0
MOC-R4PCC04U05:575928:576344 [2] NCCL INFO Connected to proxy localRank 2 -> connection 0x7fa1cc005278
MOC-R4PCC04U05:575927:576335 [1] NCCL INFO New proxy recv connection 2 from local rank 1, transport 0
MOC-R4PCC04U05:575927:576345 [1] NCCL INFO Connected to proxy localRank 1 -> connection 0x7f96b4005020
MOC-R4PCC04U05:575926:576337 [0] NCCL INFO New proxy send connection 8 from local rank 3, transport 0
MOC-R4PCC04U05:575929:576346 [3] NCCL INFO Connected to proxy localRank 0 -> connection 0x7fdb380052f0
MOC-R4PCC04U05:575927:576335 [1] NCCL INFO New proxy recv connection 3 from local rank 1, transport 0
MOC-R4PCC04U05:575927:576345 [1] NCCL INFO Connected to proxy localRank 1 -> connection 0x7f96b4005098
MOC-R4PCC04U05:575927:576335 [1] NCCL INFO New proxy send connection 4 from local rank 1, transport 0
MOC-R4PCC04U05:575927:576345 [1] NCCL INFO Connected to proxy localRank 1 -> connection 0x7f96b4005110
MOC-R4PCC04U05:575927:576335 [1] NCCL INFO New proxy send connection 5 from local rank 1, transport 0
MOC-R4PCC04U05:575927:576345 [1] NCCL INFO Connected to proxy localRank 1 -> connection 0x7f96b4005188
MOC-R4PCC04U05:575927:576335 [1] NCCL INFO New proxy send connection 6 from local rank 1, transport 0
MOC-R4PCC04U05:575927:576345 [1] NCCL INFO Connected to proxy localRank 1 -> connection 0x7f96b4005200
MOC-R4PCC04U05:575927:576335 [1] NCCL INFO New proxy send connection 7 from local rank 1, transport 0
MOC-R4PCC04U05:575927:576345 [1] NCCL INFO Connected to proxy localRank 1 -> connection 0x7f96b4005278
MOC-R4PCC04U05:575927:576335 [1] NCCL INFO New proxy send connection 8 from local rank 3, transport 0
MOC-R4PCC04U05:575929:576346 [3] NCCL INFO Connected to proxy localRank 1 -> connection 0x7f96b40052f0
MOC-R4PCC04U05:575926:576337 [0] NCCL INFO New proxy send connection 9 from local rank 2, transport 0
MOC-R4PCC04U05:575928:576344 [2] NCCL INFO Connected to proxy localRank 0 -> connection 0x7fdb38005368
MOC-R4PCC04U05:575929:576341 [3] NCCL INFO New proxy send connection 8 from local rank 1, transport 0
MOC-R4PCC04U05:575927:576345 [1] NCCL INFO Connected to proxy localRank 3 -> connection 0x7ff8300052f0
MOC-R4PCC04U05:575928:576336 [2] NCCL INFO New proxy send connection 8 from local rank 0, transport 0
MOC-R4PCC04U05:575926:576343 [0] NCCL INFO Connected to proxy localRank 2 -> connection 0x7fa1cc0052f0
MOC-R4PCC04U05:575927:576335 [1] NCCL INFO New proxy send connection 9 from local rank 2, transport 0
MOC-R4PCC04U05:575928:576344 [2] NCCL INFO Connected to proxy localRank 1 -> connection 0x7f96b4005368
MOC-R4PCC04U05:575926:576337 [0] NCCL INFO New proxy send connection 10 from local rank 1, transport 0
MOC-R4PCC04U05:575928:576336 [2] NCCL INFO NET/IB: NCCL Dev 1 IbDev 0 Port 1 qpn 9183 mtu 3 query_ece={supported=1, vendor_id=0x15b3, options=0x30000002, comp_mask=0x0} GID 3 (0/C132A8C0FFFF0000) fifoRkey=0x173af9 fifoLkey=0x173af9
MOC-R4PCC04U05:575927:576345 [1] NCCL INFO Connected to proxy localRank 0 -> connection 0x7fdb380053e0
MOC-R4PCC04U05:575928:576336 [2] NCCL INFO NET/IB: NCCL Dev 1 IbDev 0 Port 1 qpn 9185 mtu 3 query_ece={supported=1, vendor_id=0x15b3, options=0x30000002, comp_mask=0x0} GID 3 (0/C132A8C0FFFF0000) fifoRkey=0x179c5b fifoLkey=0x179c5b
MOC-R4PCC04U05:575929:576341 [3] NCCL INFO NET/IB: NCCL Dev 1 IbDev 0 Port 1 qpn 9190 mtu 3 query_ece={supported=1, vendor_id=0x15b3, options=0x30000002, comp_mask=0x0} GID 3 (0/C132A8C0FFFF0000) fifoRkey=0x17bf7e fifoLkey=0x17bf7e
MOC-R4PCC04U05:575929:576341 [3] NCCL INFO NET/IB: NCCL Dev 1 IbDev 0 Port 1 qpn 9191 mtu 3 query_ece={supported=1, vendor_id=0x15b3, options=0x30000002, comp_mask=0x0} GID 3 (0/C132A8C0FFFF0000) fifoRkey=0x175412 fifoLkey=0x175412
MOC-R4PCC04U05:575928:576336 [2] NCCL INFO NET/IB: IbDev 0 Port 1 qpn 8992 set_ece={supported=1, vendor_id=0x15b3, options=0x0, comp_mask=0x0}
MOC-R4PCC04U05:575928:576336 [2] NCCL INFO NET/IB: IbDev 0 Port 1 qpn 8995 set_ece={supported=1, vendor_id=0x15b3, options=0x0, comp_mask=0x0}
MOC-R4PCC04U05:575929:576341 [3] NCCL INFO NET/IB: IbDev 0 Port 1 qpn 8998 set_ece={supported=1, vendor_id=0x15b3, options=0x0, comp_mask=0x0}
MOC-R4PCC04U05:575929:576341 [3] NCCL INFO NET/IB: IbDev 0 Port 1 qpn 9000 set_ece={supported=1, vendor_id=0x15b3, options=0x0, comp_mask=0x0}
MOC-R4PCC04U05:575929:576341 [3] NCCL INFO New proxy send connection 9 from local rank 0, transport 0
MOC-R4PCC04U05:575926:576343 [0] NCCL INFO Connected to proxy localRank 3 -> connection 0x7ff830005368
MOC-R4PCC04U05:575927:576335 [1] NCCL INFO New proxy send connection 10 from local rank 0, transport 0
MOC-R4PCC04U05:575926:576343 [0] NCCL INFO Connected to proxy localRank 1 -> connection 0x7f96b40053e0
MOC-R4PCC04U05:575928:576336 [2] NCCL INFO New proxy send connection 9 from local rank 1, transport 0
MOC-R4PCC04U05:575927:576345 [1] NCCL INFO Connected to proxy localRank 2 -> connection 0x7fa1cc005368
num decayed parameter tensors: 50, with 124,318,464 parameters
num non-decayed parameter tensors: 98, with 121,344 parameters
using fused AdamW: False
using regular AdamW
MOC-R4PCC04U05:575926:576337 [0] NCCL INFO New proxy send connection 11 from local rank 0, transport 0
MOC-R4PCC04U05:575926:576769 [0] NCCL INFO Connected to proxy localRank 0 -> connection 0x7fdb38005458
MOC-R4PCC04U05:575926:576337 [0] NCCL INFO New proxy send connection 12 from local rank 0, transport 0
MOC-R4PCC04U05:575926:576769 [0] NCCL INFO Connected to proxy localRank 0 -> connection 0x7fdb380054d0
MOC-R4PCC04U05:575928:576336 [2] NCCL INFO New proxy recv connection 10 from local rank 2, transport 0
MOC-R4PCC04U05:575928:576770 [2] NCCL INFO Connected to proxy localRank 2 -> connection 0x7fa1cc0053e0
MOC-R4PCC04U05:575926:576337 [0] NCCL INFO New proxy send connection 13 from local rank 0, transport 0
MOC-R4PCC04U05:575926:576769 [0] NCCL INFO Connected to proxy localRank 0 -> connection 0x7fdb38005548
MOC-R4PCC04U05:575928:576336 [2] NCCL INFO New proxy recv connection 11 from local rank 2, transport 0
MOC-R4PCC04U05:575928:576770 [2] NCCL INFO Connected to proxy localRank 2 -> connection 0x7fa1cc005458
MOC-R4PCC04U05:575926:576337 [0] NCCL INFO New proxy send connection 14 from local rank 0, transport 0
MOC-R4PCC04U05:575926:576769 [0] NCCL INFO Connected to proxy localRank 0 -> connection 0x7fdb380055c0
MOC-R4PCC04U05:575928:576336 [2] NCCL INFO New proxy recv connection 12 from local rank 2, transport 0
MOC-R4PCC04U05:575928:576770 [2] NCCL INFO Connected to proxy localRank 2 -> connection 0x7fa1cc0054d0
MOC-R4PCC04U05:575928:576336 [2] NCCL INFO New proxy recv connection 13 from local rank 2, transport 0
MOC-R4PCC04U05:575928:576770 [2] NCCL INFO Connected to proxy localRank 2 -> connection 0x7fa1cc005548
MOC-R4PCC04U05:575927:576335 [1] NCCL INFO New proxy recv connection 11 from local rank 1, transport 0
MOC-R4PCC04U05:575927:576771 [1] NCCL INFO Connected to proxy localRank 1 -> connection 0x7f96b4005458
MOC-R4PCC04U05:575927:576335 [1] NCCL INFO New proxy recv connection 12 from local rank 1, transport 0
MOC-R4PCC04U05:575927:576771 [1] NCCL INFO Connected to proxy localRank 1 -> connection 0x7f96b40054d0
MOC-R4PCC04U05:575927:576335 [1] NCCL INFO New proxy recv connection 13 from local rank 1, transport 0
MOC-R4PCC04U05:575927:576771 [1] NCCL INFO Connected to proxy localRank 1 -> connection 0x7f96b4005548
MOC-R4PCC04U05:575927:576335 [1] NCCL INFO New proxy recv connection 14 from local rank 1, transport 0
MOC-R4PCC04U05:575927:576771 [1] NCCL INFO Connected to proxy localRank 1 -> connection 0x7f96b40055c0
MOC-R4PCC04U05:575927:576335 [1] NCCL INFO New proxy send connection 15 from local rank 1, transport 0
MOC-R4PCC04U05:575927:576771 [1] NCCL INFO Connected to proxy localRank 1 -> connection 0x7f96b4005638
MOC-R4PCC04U05:575927:576335 [1] NCCL INFO New proxy send connection 16 from local rank 1, transport 0
MOC-R4PCC04U05:575927:576771 [1] NCCL INFO Connected to proxy localRank 1 -> connection 0x7f96b40056b0
MOC-R4PCC04U05:575927:576335 [1] NCCL INFO New proxy send connection 17 from local rank 1, transport 0
MOC-R4PCC04U05:575927:576771 [1] NCCL INFO Connected to proxy localRank 1 -> connection 0x7f96b4005728
MOC-R4PCC04U05:575927:576335 [1] NCCL INFO New proxy send connection 18 from local rank 1, transport 0
MOC-R4PCC04U05:575927:576771 [1] NCCL INFO Connected to proxy localRank 1 -> connection 0x7f96b40057a0
MOC-R4PCC04U05:575926:576337 [0] NCCL INFO New proxy send connection 15 from local rank 0, transport 0
MOC-R4PCC04U05:575926:576769 [0] NCCL INFO Connected to proxy localRank 0 -> connection 0x7fdb38005638
MOC-R4PCC04U05:575927:576335 [1] NCCL INFO New proxy recv connection 19 from local rank 1, transport 0
MOC-R4PCC04U05:575927:576771 [1] NCCL INFO Connected to proxy localRank 1 -> connection 0x7f96b4005818
MOC-R4PCC04U05:575928:576336 [2] NCCL INFO New proxy send connection 14 from local rank 2, transport 0
MOC-R4PCC04U05:575928:576770 [2] NCCL INFO Connected to proxy localRank 2 -> connection 0x7fa1cc0055c0
MOC-R4PCC04U05:575927:576335 [1] NCCL INFO New proxy recv connection 20 from local rank 1, transport 0
MOC-R4PCC04U05:575927:576771 [1] NCCL INFO Connected to proxy localRank 1 -> connection 0x7f96b4005890
MOC-R4PCC04U05:575926:576337 [0] NCCL INFO New proxy send connection 16 from local rank 0, transport 0
MOC-R4PCC04U05:575926:576769 [0] NCCL INFO Connected to proxy localRank 0 -> connection 0x7fdb380056b0
MOC-R4PCC04U05:575928:576336 [2] NCCL INFO New proxy send connection 15 from local rank 2, transport 0
MOC-R4PCC04U05:575928:576770 [2] NCCL INFO Connected to proxy localRank 2 -> connection 0x7fa1cc005638
MOC-R4PCC04U05:575929:576341 [3] NCCL INFO New proxy recv connection 10 from local rank 3, transport 0
MOC-R4PCC04U05:575929:576772 [3] NCCL INFO Connected to proxy localRank 3 -> connection 0x7ff8300053e0
MOC-R4PCC04U05:575929:576341 [3] NCCL INFO New proxy recv connection 11 from local rank 3, transport 0
MOC-R4PCC04U05:575929:576772 [3] NCCL INFO Connected to proxy localRank 3 -> connection 0x7ff830005458
MOC-R4PCC04U05:575929:576772 [3] NCCL INFO GPU Direct RDMA Disabled for GPU 3 / HCA 1 (distance 7 > 0)
MOC-R4PCC04U05:575929:576341 [3] NCCL INFO New proxy recv connection 12 from local rank 3, transport 2
MOC-R4PCC04U05:575926:576337 [0] NCCL INFO New proxy recv connection 17 from local rank 0, transport 0
MOC-R4PCC04U05:575929:576772 [3] NCCL INFO Connected to proxy localRank 3 -> connection 0x7ff8300054d0
MOC-R4PCC04U05:575926:576769 [0] NCCL INFO Connected to proxy localRank 0 -> connection 0x7fdb38005728
MOC-R4PCC04U05:575929:576772 [3] NCCL INFO Channel 00/0 : 11[3] -> 3[3] [receive] via NET/IB/1
MOC-R4PCC04U05:575929:576772 [3] NCCL INFO GPU Direct RDMA Disabled for GPU 3 / HCA 1 (distance 7 > 0)
MOC-R4PCC04U05:575929:576341 [3] NCCL INFO New proxy recv connection 13 from local rank 3, transport 2
MOC-R4PCC04U05:575929:576772 [3] NCCL INFO Connected to proxy localRank 3 -> connection 0x7ff830005548
MOC-R4PCC04U05:575929:576772 [3] NCCL INFO Channel 01/0 : 11[3] -> 3[3] [receive] via NET/IB/1
MOC-R4PCC04U05:575929:576772 [3] NCCL INFO GPU Direct RDMA Disabled for GPU 3 / HCA 1 (distance 7 > 0)
MOC-R4PCC04U05:575929:576341 [3] NCCL INFO New proxy recv connection 14 from local rank 3, transport 2
MOC-R4PCC04U05:575929:576772 [3] NCCL INFO Connected to proxy localRank 3 -> connection 0x7ff8300055c0
MOC-R4PCC04U05:575929:576772 [3] NCCL INFO Channel 02/0 : 11[3] -> 3[3] [receive] via NET/IB/1
MOC-R4PCC04U05:575929:576772 [3] NCCL INFO GPU Direct RDMA Disabled for GPU 3 / HCA 1 (distance 7 > 0)
MOC-R4PCC04U05:575929:576341 [3] NCCL INFO New proxy recv connection 15 from local rank 3, transport 2
MOC-R4PCC04U05:575929:576772 [3] NCCL INFO Connected to proxy localRank 3 -> connection 0x7ff830005638
MOC-R4PCC04U05:575929:576772 [3] NCCL INFO Channel 03/0 : 11[3] -> 3[3] [receive] via NET/IB/1
MOC-R4PCC04U05:575929:576772 [3] NCCL INFO GPU Direct RDMA Disabled for GPU 3 / HCA 1 (distance 7 > 0)
MOC-R4PCC04U05:575929:576341 [3] NCCL INFO New proxy send connection 16 from local rank 3, transport 2
MOC-R4PCC04U05:575929:576772 [3] NCCL INFO Connected to proxy localRank 3 -> connection 0x7ff8300056b0
MOC-R4PCC04U05:575929:576772 [3] NCCL INFO Channel 02/0 : 3[3] -> 7[3] [send] via NET/IB/1
MOC-R4PCC04U05:575929:576772 [3] NCCL INFO GPU Direct RDMA Disabled for GPU 3 / HCA 1 (distance 7 > 0)
MOC-R4PCC04U05:575929:576341 [3] NCCL INFO New proxy send connection 17 from local rank 3, transport 2
MOC-R4PCC04U05:575929:576772 [3] NCCL INFO Connected to proxy localRank 3 -> connection 0x7ff830005728
MOC-R4PCC04U05:575929:576772 [3] NCCL INFO Channel 03/0 : 3[3] -> 7[3] [send] via NET/IB/1
MOC-R4PCC04U05:575926:576337 [0] NCCL INFO New proxy recv connection 18 from local rank 0, transport 0
MOC-R4PCC04U05:575926:576769 [0] NCCL INFO Connected to proxy localRank 0 -> connection 0x7fdb380057a0
MOC-R4PCC04U05:575926:576337 [0] NCCL INFO New proxy recv connection 19 from local rank 0, transport 0
MOC-R4PCC04U05:575926:576769 [0] NCCL INFO Connected to proxy localRank 0 -> connection 0x7fdb38005818
MOC-R4PCC04U05:575926:576337 [0] NCCL INFO New proxy recv connection 20 from local rank 0, transport 0
MOC-R4PCC04U05:575926:576769 [0] NCCL INFO Connected to proxy localRank 0 -> connection 0x7fdb38005890
MOC-R4PCC04U05:575929:576772 [3] NCCL INFO GPU Direct RDMA Disabled for GPU 3 / HCA 1 (distance 7 > 0)
MOC-R4PCC04U05:575929:576341 [3] NCCL INFO New proxy recv connection 18 from local rank 3, transport 2
MOC-R4PCC04U05:575929:576772 [3] NCCL INFO Connected to proxy localRank 3 -> connection 0x7ff8300057a0
MOC-R4PCC04U05:575929:576772 [3] NCCL INFO Channel 02/0 : 7[3] -> 3[3] [receive] via NET/IB/1
MOC-R4PCC04U05:575929:576772 [3] NCCL INFO GPU Direct RDMA Disabled for GPU 3 / HCA 1 (distance 7 > 0)
MOC-R4PCC04U05:575929:576341 [3] NCCL INFO New proxy recv connection 19 from local rank 3, transport 2
MOC-R4PCC04U05:575929:576772 [3] NCCL INFO Connected to proxy localRank 3 -> connection 0x7ff830005818
MOC-R4PCC04U05:575929:576772 [3] NCCL INFO Channel 03/0 : 7[3] -> 3[3] [receive] via NET/IB/1
MOC-R4PCC04U05:575929:576772 [3] NCCL INFO GPU Direct RDMA Disabled for GPU 3 / HCA 1 (distance 7 > 0)
MOC-R4PCC04U05:575929:576341 [3] NCCL INFO New proxy send connection 20 from local rank 3, transport 2
MOC-R4PCC04U05:575929:576772 [3] NCCL INFO Connected to proxy localRank 3 -> connection 0x7ff830005890
MOC-R4PCC04U05:575929:576772 [3] NCCL INFO Channel 00/0 : 3[3] -> 11[3] [send] via NET/IB/1
MOC-R4PCC04U05:575929:576772 [3] NCCL INFO GPU Direct RDMA Disabled for GPU 3 / HCA 1 (distance 7 > 0)
MOC-R4PCC04U05:575929:576341 [3] NCCL INFO New proxy send connection 21 from local rank 3, transport 2
MOC-R4PCC04U05:575929:576772 [3] NCCL INFO Connected to proxy localRank 3 -> connection 0x7ff830005908
MOC-R4PCC04U05:575929:576772 [3] NCCL INFO Channel 01/0 : 3[3] -> 11[3] [send] via NET/IB/1
MOC-R4PCC04U05:575929:576772 [3] NCCL INFO GPU Direct RDMA Disabled for GPU 3 / HCA 1 (distance 7 > 0)
MOC-R4PCC04U05:575929:576341 [3] NCCL INFO New proxy send connection 22 from local rank 3, transport 2
MOC-R4PCC04U05:575929:576772 [3] NCCL INFO Connected to proxy localRank 3 -> connection 0x7ff830005980
MOC-R4PCC04U05:575929:576772 [3] NCCL INFO Channel 02/0 : 3[3] -> 11[3] [send] via NET/IB/1
MOC-R4PCC04U05:575929:576772 [3] NCCL INFO GPU Direct RDMA Disabled for GPU 3 / HCA 1 (distance 7 > 0)
MOC-R4PCC04U05:575929:576341 [3] NCCL INFO New proxy send connection 23 from local rank 3, transport 2
MOC-R4PCC04U05:575929:576772 [3] NCCL INFO Connected to proxy localRank 3 -> connection 0x7ff8300059f8
MOC-R4PCC04U05:575929:576772 [3] NCCL INFO Channel 03/0 : 3[3] -> 11[3] [send] via NET/IB/1
MOC-R4PCC04U05:575929:576341 [3] NCCL INFO New proxy send connection 24 from local rank 3, transport 0
MOC-R4PCC04U05:575929:576772 [3] NCCL INFO Connected to proxy localRank 3 -> connection 0x7ff830005a70
MOC-R4PCC04U05:575929:576341 [3] NCCL INFO New proxy send connection 25 from local rank 3, transport 0
MOC-R4PCC04U05:575929:576772 [3] NCCL INFO Connected to proxy localRank 3 -> connection 0x7ff830005ae8
MOC-R4PCC04U05:575929:576341 [3] NCCL INFO New proxy send connection 26 from local rank 3, transport 0
MOC-R4PCC04U05:575929:576772 [3] NCCL INFO Connected to proxy localRank 3 -> connection 0x7ff830005b60
MOC-R4PCC04U05:575929:576341 [3] NCCL INFO New proxy send connection 27 from local rank 3, transport 0
MOC-R4PCC04U05:575929:576772 [3] NCCL INFO Connected to proxy localRank 3 -> connection 0x7ff830005bd8
MOC-R4PCC04U05:575929:576341 [3] NCCL INFO NET/IB: NCCL Dev 1 IbDev 0 Port 1 qpn 9194 mtu 3 query_ece={supported=1, vendor_id=0x15b3, options=0x30000002, comp_mask=0x0} GID 3 (0/C132A8C0FFFF0000) fifoRkey=0x17ecab fifoLkey=0x17ecab
MOC-R4PCC04U05:575929:576341 [3] NCCL INFO NET/IB: NCCL Dev 1 IbDev 0 Port 1 qpn 9195 mtu 3 query_ece={supported=1, vendor_id=0x15b3, options=0x30000002, comp_mask=0x0} GID 3 (0/C132A8C0FFFF0000) fifoRkey=0x180dcc fifoLkey=0x180dcc
MOC-R4PCC04U05:575929:576341 [3] NCCL INFO NET/IB: IbDev 0 Port 1 qpn 9002 set_ece={supported=1, vendor_id=0x15b3, options=0x0, comp_mask=0x0}
MOC-R4PCC04U05:575929:576341 [3] NCCL INFO NET/IB: NCCL Dev 1 IbDev 0 Port 1 qpn 9198 mtu 3 query_ece={supported=1, vendor_id=0x15b3, options=0x30000002, comp_mask=0x0} GID 3 (0/C132A8C0FFFF0000) fifoRkey=0x17b979 fifoLkey=0x17b979
MOC-R4PCC04U05:575929:576341 [3] NCCL INFO NET/IB: IbDev 0 Port 1 qpn 9006 set_ece={supported=1, vendor_id=0x15b3, options=0x0, comp_mask=0x0}
MOC-R4PCC04U05:575929:576341 [3] NCCL INFO NET/IB: NCCL Dev 1 IbDev 0 Port 1 qpn 9201 mtu 3 query_ece={supported=1, vendor_id=0x15b3, options=0x30000002, comp_mask=0x0} GID 3 (0/C132A8C0FFFF0000) fifoRkey=0x17f1b0 fifoLkey=0x17f1b0
MOC-R4PCC04U05:575929:576341 [3] NCCL INFO NET/IB: NCCL Dev 1 IbDev 0 Port 1 qpn 9202 mtu 3 query_ece={supported=1, vendor_id=0x15b3, options=0x30000002, comp_mask=0x0} GID 3 (0/C132A8C0FFFF0000) fifoRkey=0x17c886 fifoLkey=0x17c886
MOC-R4PCC04U05:575929:576341 [3] NCCL INFO NET/IB: NCCL Dev 1 IbDev 0 Port 1 qpn 9203 mtu 3 query_ece={supported=1, vendor_id=0x15b3, options=0x30000002, comp_mask=0x0} GID 3 (0/C132A8C0FFFF0000) fifoRkey=0x17f9b8 fifoLkey=0x17f9b8
MOC-R4PCC04U05:575929:576341 [3] NCCL INFO NET/IB: IbDev 0 Port 1 qpn 6244 set_ece={supported=1, vendor_id=0x15b3, options=0x0, comp_mask=0x0}
MOC-R4PCC04U05:575929:576341 [3] NCCL INFO NET/IB: IbDev 0 Port 1 qpn 6254 set_ece={supported=1, vendor_id=0x15b3, options=0x0, comp_mask=0x0}
MOC-R4PCC04U05:575929:576341 [3] NCCL INFO NET/IB: IbDev 0 Port 1 qpn 6256 set_ece={supported=1, vendor_id=0x15b3, options=0x0, comp_mask=0x0}
MOC-R4PCC04U05:575929:576341 [3] NCCL INFO NET/IB: IbDev 0 Port 1 qpn 6258 set_ece={supported=1, vendor_id=0x15b3, options=0x0, comp_mask=0x0}
step    1/10 | train loss 11.010138 | norm 15.3936 | lr 1.00e-04 | (14125.06 ms | 111353 tok/s)
step    2/10 | train loss 10.136948 | norm 5.7599 | lr 1.00e-04 | (519.84 ms | 3025646 tok/s)
step    3/10 | train loss 9.795641 | norm 2.6109 | lr 1.00e-04 | (402.41 ms | 3908640 tok/s)
step    4/10 | train loss 9.625735 | norm 2.1127 | lr 1.00e-04 | (519.84 ms | 3025690 tok/s)
step    5/10 | train loss 9.542708 | norm 2.1073 | lr 1.00e-04 | (356.29 ms | 4414616 tok/s)
step    6/10 | train loss 9.461395 | norm 1.9982 | lr 1.00e-04 | (442.82 ms | 3551939 tok/s)
step    7/10 | train loss 9.375805 | norm 1.9481 | lr 1.00e-04 | (415.35 ms | 3786862 tok/s)
step    8/10 | train loss 9.284140 | norm 1.9149 | lr 1.00e-04 | (410.27 ms | 3833754 tok/s)
step    9/10 | train loss 9.188797 | norm 1.8598 | lr 1.00e-04 | (428.34 ms | 3672038 tok/s)
step   10/10 | train loss 9.103304 | norm 1.7929 | lr 1.00e-04 | (409.04 ms | 3845287 tok/s)
final 9 iters avg: 433.798ms
peak memory consumption: 16601 MiB
