Running pytorch 2.7.0+cu126
using device: cuda:0
total desired batch size: 2752512
=> calculated gradient accumulation steps: 7
using device: cuda:3
using device: cuda:1
using device: cuda:2
compiling the model...
DataLoader: total number of tokens: 1,661,249,667 across 103 files
MOC-R4PCC04U05:529429:529429 [0] NCCL INFO NCCL_SOCKET_IFNAME set to eno7np0
MOC-R4PCC04U05:529429:529429 [0] NCCL INFO NCCL version 2.26.2+cuda12.2
MOC-R4PCC04U05:529429:529533 [0] NCCL INFO NET/Plugin: Could not find: libnccl-net.so. Using internal net plugin.
MOC-R4PCC04U05:529429:529533 [0] NCCL INFO NCCL_IB_HCA set to mlx5_5
MOC-R4PCC04U05:529429:529533 [0] NCCL INFO NET/IB : Made virtual device [0] name=mlx5_5 speed=400000 ndevs=1
MOC-R4PCC04U05:529429:529533 [0] NCCL INFO NET/IB : Using [0]mlx5_5:1/RoCE [RO]; OOB eno7np0:192.168.50.193<0>
MOC-R4PCC04U05:529431:529431 [2] NCCL INFO NCCL_SOCKET_IFNAME set to eno7np0
MOC-R4PCC04U05:529431:529431 [2] NCCL INFO NCCL version 2.26.2+cuda12.2
MOC-R4PCC04U05:529430:529430 [1] NCCL INFO NCCL_SOCKET_IFNAME set to eno7np0
MOC-R4PCC04U05:529430:529430 [1] NCCL INFO NCCL version 2.26.2+cuda12.2
MOC-R4PCC04U05:529432:529432 [3] NCCL INFO NCCL_SOCKET_IFNAME set to eno7np0
MOC-R4PCC04U05:529432:529432 [3] NCCL INFO NCCL version 2.26.2+cuda12.2
MOC-R4PCC04U05:529431:529556 [2] NCCL INFO NET/Plugin: Could not find: libnccl-net.so. Using internal net plugin.
MOC-R4PCC04U05:529431:529556 [2] NCCL INFO NCCL_IB_HCA set to mlx5_5
MOC-R4PCC04U05:529430:529557 [1] NCCL INFO NET/Plugin: Could not find: libnccl-net.so. Using internal net plugin.
MOC-R4PCC04U05:529430:529557 [1] NCCL INFO NCCL_IB_HCA set to mlx5_5
MOC-R4PCC04U05:529432:529558 [3] NCCL INFO NET/Plugin: Could not find: libnccl-net.so. Using internal net plugin.
MOC-R4PCC04U05:529432:529558 [3] NCCL INFO NCCL_IB_HCA set to mlx5_5
MOC-R4PCC04U05:529431:529556 [2] NCCL INFO NET/IB : Made virtual device [0] name=mlx5_5 speed=400000 ndevs=1
MOC-R4PCC04U05:529431:529556 [2] NCCL INFO NET/IB : Using [0]mlx5_5:1/RoCE [RO]; OOB eno7np0:192.168.50.193<0>
MOC-R4PCC04U05:529430:529557 [1] NCCL INFO NET/IB : Made virtual device [0] name=mlx5_5 speed=400000 ndevs=1
MOC-R4PCC04U05:529430:529557 [1] NCCL INFO NET/IB : Using [0]mlx5_5:1/RoCE [RO]; OOB eno7np0:192.168.50.193<0>
MOC-R4PCC04U05:529432:529558 [3] NCCL INFO NET/IB : Made virtual device [0] name=mlx5_5 speed=400000 ndevs=1
MOC-R4PCC04U05:529432:529558 [3] NCCL INFO NET/IB : Using [0]mlx5_5:1/RoCE [RO]; OOB eno7np0:192.168.50.193<0>
MOC-R4PCC04U05:529431:529556 [2] NCCL INFO NET/IB : GPU Direct RDMA Enabled for HCA 0 'mlx5_5'
MOC-R4PCC04U05:529431:529556 [2] NCCL INFO NET/IB : Made virtual device [1] name=mlx5_5 speed=400000 ndevs=1
MOC-R4PCC04U05:529431:529556 [2] NCCL INFO NET/IB : GPU Direct RDMA Enabled for HCA 0 'mlx5_5'
MOC-R4PCC04U05:529431:529556 [2] NCCL INFO NET/IB : GPU Direct RDMA Enabled for HCA 1 'mlx5_5'
MOC-R4PCC04U05:529432:529558 [3] NCCL INFO NET/IB : GPU Direct RDMA Enabled for HCA 0 'mlx5_5'
MOC-R4PCC04U05:529432:529558 [3] NCCL INFO NET/IB : Made virtual device [1] name=mlx5_5 speed=400000 ndevs=1
MOC-R4PCC04U05:529432:529558 [3] NCCL INFO NET/IB : GPU Direct RDMA Enabled for HCA 0 'mlx5_5'
MOC-R4PCC04U05:529432:529558 [3] NCCL INFO NET/IB : GPU Direct RDMA Enabled for HCA 1 'mlx5_5'
MOC-R4PCC04U05:529429:529533 [0] NCCL INFO NET/IB : GPU Direct RDMA Enabled for HCA 0 'mlx5_5'
MOC-R4PCC04U05:529429:529533 [0] NCCL INFO NET/IB : Made virtual device [1] name=mlx5_5 speed=400000 ndevs=1
MOC-R4PCC04U05:529429:529533 [0] NCCL INFO NET/IB : GPU Direct RDMA Enabled for HCA 0 'mlx5_5'
MOC-R4PCC04U05:529429:529533 [0] NCCL INFO NET/IB : GPU Direct RDMA Enabled for HCA 1 'mlx5_5'
MOC-R4PCC04U05:529430:529557 [1] NCCL INFO NET/IB : GPU Direct RDMA Enabled for HCA 0 'mlx5_5'
MOC-R4PCC04U05:529430:529557 [1] NCCL INFO NET/IB : Made virtual device [1] name=mlx5_5 speed=400000 ndevs=1
MOC-R4PCC04U05:529430:529557 [1] NCCL INFO NET/IB : GPU Direct RDMA Enabled for HCA 0 'mlx5_5'
MOC-R4PCC04U05:529430:529557 [1] NCCL INFO NET/IB : GPU Direct RDMA Enabled for HCA 1 'mlx5_5'
MOC-R4PCC04U05:529430:529557 [1] NCCL INFO GPU Direct RDMA Enabled for GPU 0 / HCA 1 (distance 5 <= 5), read 0 mode Default
MOC-R4PCC04U05:529430:529557 [1] NCCL INFO GPU Direct RDMA Enabled for GPU 1 / HCA 1 (distance 5 <= 5), read 0 mode Default
MOC-R4PCC04U05:529430:529557 [1] NCCL INFO GPU Direct RDMA Enabled for GPU 2 / HCA 1 (distance 5 <= 5), read 0 mode Default
MOC-R4PCC04U05:529430:529557 [1] NCCL INFO GPU Direct RDMA Enabled for GPU 3 / HCA 1 (distance 5 <= 5), read 0 mode Default
MOC-R4PCC04U05:529430:529557 [1] NCCL INFO GPU Direct RDMA Enabled for GPU 0 / HCA 1 (distance 5 <= 5), read 0 mode Default
MOC-R4PCC04U05:529430:529557 [1] NCCL INFO GPU Direct RDMA Enabled for GPU 1 / HCA 1 (distance 5 <= 5), read 0 mode Default
MOC-R4PCC04U05:529430:529557 [1] NCCL INFO GPU Direct RDMA Enabled for GPU 2 / HCA 1 (distance 5 <= 5), read 0 mode Default
MOC-R4PCC04U05:529430:529557 [1] NCCL INFO GPU Direct RDMA Enabled for GPU 3 / HCA 1 (distance 5 <= 5), read 0 mode Default
MOC-R4PCC04U05:529431:529556 [2] NCCL INFO GPU Direct RDMA Enabled for GPU 0 / HCA 1 (distance 5 <= 5), read 0 mode Default
MOC-R4PCC04U05:529431:529556 [2] NCCL INFO GPU Direct RDMA Enabled for GPU 1 / HCA 1 (distance 5 <= 5), read 0 mode Default
MOC-R4PCC04U05:529431:529556 [2] NCCL INFO GPU Direct RDMA Enabled for GPU 2 / HCA 1 (distance 5 <= 5), read 0 mode Default
MOC-R4PCC04U05:529431:529556 [2] NCCL INFO GPU Direct RDMA Enabled for GPU 3 / HCA 1 (distance 5 <= 5), read 0 mode Default
MOC-R4PCC04U05:529429:529533 [0] NCCL INFO GPU Direct RDMA Enabled for GPU 0 / HCA 1 (distance 5 <= 5), read 0 mode Default
MOC-R4PCC04U05:529429:529533 [0] NCCL INFO GPU Direct RDMA Enabled for GPU 1 / HCA 1 (distance 5 <= 5), read 0 mode Default
MOC-R4PCC04U05:529429:529533 [0] NCCL INFO GPU Direct RDMA Enabled for GPU 2 / HCA 1 (distance 5 <= 5), read 0 mode Default
MOC-R4PCC04U05:529429:529533 [0] NCCL INFO GPU Direct RDMA Enabled for GPU 3 / HCA 1 (distance 5 <= 5), read 0 mode Default
MOC-R4PCC04U05:529431:529556 [2] NCCL INFO GPU Direct RDMA Enabled for GPU 0 / HCA 1 (distance 5 <= 5), read 0 mode Default
MOC-R4PCC04U05:529431:529556 [2] NCCL INFO GPU Direct RDMA Enabled for GPU 1 / HCA 1 (distance 5 <= 5), read 0 mode Default
MOC-R4PCC04U05:529431:529556 [2] NCCL INFO GPU Direct RDMA Enabled for GPU 2 / HCA 1 (distance 5 <= 5), read 0 mode Default
MOC-R4PCC04U05:529431:529556 [2] NCCL INFO GPU Direct RDMA Enabled for GPU 3 / HCA 1 (distance 5 <= 5), read 0 mode Default
MOC-R4PCC04U05:529429:529533 [0] NCCL INFO GPU Direct RDMA Enabled for GPU 0 / HCA 1 (distance 5 <= 5), read 0 mode Default
MOC-R4PCC04U05:529429:529533 [0] NCCL INFO GPU Direct RDMA Enabled for GPU 1 / HCA 1 (distance 5 <= 5), read 0 mode Default
MOC-R4PCC04U05:529429:529533 [0] NCCL INFO GPU Direct RDMA Enabled for GPU 2 / HCA 1 (distance 5 <= 5), read 0 mode Default
MOC-R4PCC04U05:529429:529533 [0] NCCL INFO GPU Direct RDMA Enabled for GPU 3 / HCA 1 (distance 5 <= 5), read 0 mode Default
MOC-R4PCC04U05:529432:529558 [3] NCCL INFO GPU Direct RDMA Enabled for GPU 0 / HCA 1 (distance 5 <= 5), read 0 mode Default
MOC-R4PCC04U05:529432:529558 [3] NCCL INFO GPU Direct RDMA Enabled for GPU 1 / HCA 1 (distance 5 <= 5), read 0 mode Default
MOC-R4PCC04U05:529432:529558 [3] NCCL INFO GPU Direct RDMA Enabled for GPU 2 / HCA 1 (distance 5 <= 5), read 0 mode Default
MOC-R4PCC04U05:529432:529558 [3] NCCL INFO GPU Direct RDMA Enabled for GPU 3 / HCA 1 (distance 5 <= 5), read 0 mode Default
MOC-R4PCC04U05:529432:529558 [3] NCCL INFO GPU Direct RDMA Enabled for GPU 0 / HCA 1 (distance 5 <= 5), read 0 mode Default
MOC-R4PCC04U05:529432:529558 [3] NCCL INFO GPU Direct RDMA Enabled for GPU 1 / HCA 1 (distance 5 <= 5), read 0 mode Default
MOC-R4PCC04U05:529432:529558 [3] NCCL INFO GPU Direct RDMA Enabled for GPU 2 / HCA 1 (distance 5 <= 5), read 0 mode Default
MOC-R4PCC04U05:529432:529558 [3] NCCL INFO GPU Direct RDMA Enabled for GPU 3 / HCA 1 (distance 5 <= 5), read 0 mode Default
MOC-R4PCC04U05:529429:529576 [0] NCCL INFO New proxy send connection 0 from local rank 0, transport 0
MOC-R4PCC04U05:529429:529578 [0] NCCL INFO Connected to proxy localRank 0 -> connection 0x7f7bc8004f30
MOC-R4PCC04U05:529430:529573 [1] NCCL INFO New proxy recv connection 0 from local rank 1, transport 0
MOC-R4PCC04U05:529430:529579 [1] NCCL INFO Connected to proxy localRank 1 -> connection 0x7fc380004f30
MOC-R4PCC04U05:529430:529573 [1] NCCL INFO New proxy recv connection 1 from local rank 1, transport 0
MOC-R4PCC04U05:529430:529579 [1] NCCL INFO Connected to proxy localRank 1 -> connection 0x7fc380004fa8
MOC-R4PCC04U05:529429:529576 [0] NCCL INFO New proxy send connection 1 from local rank 0, transport 0
MOC-R4PCC04U05:529429:529578 [0] NCCL INFO Connected to proxy localRank 0 -> connection 0x7f7bc8004fa8
MOC-R4PCC04U05:529429:529576 [0] NCCL INFO New proxy send connection 2 from local rank 0, transport 0
MOC-R4PCC04U05:529430:529573 [1] NCCL INFO New proxy recv connection 2 from local rank 1, transport 0
MOC-R4PCC04U05:529429:529578 [0] NCCL INFO Connected to proxy localRank 0 -> connection 0x7f7bc8005020
MOC-R4PCC04U05:529430:529579 [1] NCCL INFO Connected to proxy localRank 1 -> connection 0x7fc380005020
MOC-R4PCC04U05:529429:529576 [0] NCCL INFO New proxy send connection 3 from local rank 0, transport 0
MOC-R4PCC04U05:529429:529578 [0] NCCL INFO Connected to proxy localRank 0 -> connection 0x7f7bc8005098
MOC-R4PCC04U05:529430:529573 [1] NCCL INFO New proxy recv connection 3 from local rank 1, transport 0
MOC-R4PCC04U05:529430:529579 [1] NCCL INFO Connected to proxy localRank 1 -> connection 0x7fc380005098
MOC-R4PCC04U05:529430:529573 [1] NCCL INFO New proxy send connection 4 from local rank 1, transport 0
MOC-R4PCC04U05:529430:529579 [1] NCCL INFO Connected to proxy localRank 1 -> connection 0x7fc380005110
MOC-R4PCC04U05:529430:529573 [1] NCCL INFO New proxy send connection 5 from local rank 1, transport 0
MOC-R4PCC04U05:529430:529579 [1] NCCL INFO Connected to proxy localRank 1 -> connection 0x7fc380005188
MOC-R4PCC04U05:529430:529573 [1] NCCL INFO New proxy send connection 6 from local rank 1, transport 0
MOC-R4PCC04U05:529430:529579 [1] NCCL INFO Connected to proxy localRank 1 -> connection 0x7fc380005200
MOC-R4PCC04U05:529431:529580 [2] NCCL INFO GPU Direct RDMA Enabled for GPU 2 / HCA 1 (distance 5 <= 5), read 0 mode Default
MOC-R4PCC04U05:529430:529573 [1] NCCL INFO New proxy send connection 7 from local rank 1, transport 0
MOC-R4PCC04U05:529430:529579 [1] NCCL INFO Connected to proxy localRank 1 -> connection 0x7fc380005278
MOC-R4PCC04U05:529431:529572 [2] NCCL INFO New proxy recv connection 0 from local rank 2, transport 2
MOC-R4PCC04U05:529431:529580 [2] NCCL INFO Connected to proxy localRank 2 -> connection 0x7f7a28004f30
MOC-R4PCC04U05:529431:529580 [2] NCCL INFO Channel 00/0 : 11[3] -> 2[2] [receive] via NET/IB/1/GDRDMA
MOC-R4PCC04U05:529431:529580 [2] NCCL INFO GPU Direct RDMA Enabled for GPU 2 / HCA 1 (distance 5 <= 5), read 0 mode Default
MOC-R4PCC04U05:529431:529572 [2] NCCL INFO New proxy recv connection 1 from local rank 2, transport 2
MOC-R4PCC04U05:529431:529580 [2] NCCL INFO Connected to proxy localRank 2 -> connection 0x7f7a28004fa8
MOC-R4PCC04U05:529431:529580 [2] NCCL INFO Channel 01/0 : 11[3] -> 2[2] [receive] via NET/IB/1/GDRDMA
MOC-R4PCC04U05:529431:529580 [2] NCCL INFO GPU Direct RDMA Enabled for GPU 2 / HCA 1 (distance 5 <= 5), read 0 mode Default
MOC-R4PCC04U05:529431:529572 [2] NCCL INFO New proxy recv connection 2 from local rank 2, transport 2
MOC-R4PCC04U05:529431:529580 [2] NCCL INFO Connected to proxy localRank 2 -> connection 0x7f7a28005020
MOC-R4PCC04U05:529431:529580 [2] NCCL INFO Channel 02/0 : 11[3] -> 2[2] [receive] via NET/IB/1/GDRDMA
MOC-R4PCC04U05:529431:529580 [2] NCCL INFO GPU Direct RDMA Enabled for GPU 2 / HCA 1 (distance 5 <= 5), read 0 mode Default
MOC-R4PCC04U05:529431:529572 [2] NCCL INFO New proxy recv connection 3 from local rank 2, transport 2
MOC-R4PCC04U05:529431:529580 [2] NCCL INFO Connected to proxy localRank 2 -> connection 0x7f7a28005098
MOC-R4PCC04U05:529431:529580 [2] NCCL INFO Channel 03/0 : 11[3] -> 2[2] [receive] via NET/IB/1/GDRDMA
MOC-R4PCC04U05:529431:529572 [2] NCCL INFO New proxy send connection 4 from local rank 2, transport 0
MOC-R4PCC04U05:529431:529580 [2] NCCL INFO Connected to proxy localRank 2 -> connection 0x7f7a28005110
MOC-R4PCC04U05:529431:529572 [2] NCCL INFO New proxy send connection 5 from local rank 2, transport 0
MOC-R4PCC04U05:529431:529580 [2] NCCL INFO Connected to proxy localRank 2 -> connection 0x7f7a28005188
MOC-R4PCC04U05:529431:529572 [2] NCCL INFO New proxy send connection 6 from local rank 2, transport 0
MOC-R4PCC04U05:529431:529580 [2] NCCL INFO Connected to proxy localRank 2 -> connection 0x7f7a28005200
MOC-R4PCC04U05:529431:529572 [2] NCCL INFO New proxy send connection 7 from local rank 2, transport 0
MOC-R4PCC04U05:529431:529580 [2] NCCL INFO Connected to proxy localRank 2 -> connection 0x7f7a28005278
MOC-R4PCC04U05:529432:529570 [3] NCCL INFO New proxy recv connection 0 from local rank 3, transport 0
MOC-R4PCC04U05:529432:529582 [3] NCCL INFO Connected to proxy localRank 3 -> connection 0x7f4038004f30
MOC-R4PCC04U05:529432:529570 [3] NCCL INFO New proxy recv connection 1 from local rank 3, transport 0
MOC-R4PCC04U05:529432:529582 [3] NCCL INFO Connected to proxy localRank 3 -> connection 0x7f4038004fa8
MOC-R4PCC04U05:529430:529573 [1] NCCL INFO New proxy send connection 8 from local rank 2, transport 0
MOC-R4PCC04U05:529431:529580 [2] NCCL INFO Connected to proxy localRank 1 -> connection 0x7fc3800052f0
MOC-R4PCC04U05:529432:529570 [3] NCCL INFO New proxy recv connection 2 from local rank 3, transport 0
MOC-R4PCC04U05:529432:529582 [3] NCCL INFO Connected to proxy localRank 3 -> connection 0x7f4038005020
MOC-R4PCC04U05:529432:529570 [3] NCCL INFO New proxy recv connection 3 from local rank 3, transport 0
MOC-R4PCC04U05:529432:529582 [3] NCCL INFO Connected to proxy localRank 3 -> connection 0x7f4038005098
MOC-R4PCC04U05:529432:529582 [3] NCCL INFO GPU Direct RDMA Enabled for GPU 3 / HCA 1 (distance 5 <= 5), read 1 mode Default
MOC-R4PCC04U05:529431:529572 [2] NCCL INFO New proxy send connection 8 from local rank 3, transport 2
MOC-R4PCC04U05:529432:529582 [3] NCCL INFO Connected to proxy localRank 2 -> connection 0x7f7a280052f0
MOC-R4PCC04U05:529432:529582 [3] NCCL INFO Channel 00/0 : 3[3] -> 6[2] [send] via NET/IB/1(2)/GDRDMA
MOC-R4PCC04U05:529432:529582 [3] NCCL INFO GPU Direct RDMA Enabled for GPU 3 / HCA 1 (distance 5 <= 5), read 1 mode Default
MOC-R4PCC04U05:529431:529572 [2] NCCL INFO New proxy send connection 9 from local rank 3, transport 2
MOC-R4PCC04U05:529432:529582 [3] NCCL INFO Connected to proxy localRank 2 -> connection 0x7f7a28005368
MOC-R4PCC04U05:529432:529582 [3] NCCL INFO Channel 01/0 : 3[3] -> 6[2] [send] via NET/IB/1(2)/GDRDMA
MOC-R4PCC04U05:529432:529582 [3] NCCL INFO GPU Direct RDMA Enabled for GPU 3 / HCA 1 (distance 5 <= 5), read 1 mode Default
MOC-R4PCC04U05:529431:529572 [2] NCCL INFO New proxy send connection 10 from local rank 3, transport 2
MOC-R4PCC04U05:529432:529582 [3] NCCL INFO Connected to proxy localRank 2 -> connection 0x7f7a280053e0
MOC-R4PCC04U05:529432:529582 [3] NCCL INFO Channel 02/0 : 3[3] -> 6[2] [send] via NET/IB/1(2)/GDRDMA
MOC-R4PCC04U05:529432:529582 [3] NCCL INFO GPU Direct RDMA Enabled for GPU 3 / HCA 1 (distance 5 <= 5), read 1 mode Default
MOC-R4PCC04U05:529431:529572 [2] NCCL INFO New proxy send connection 11 from local rank 3, transport 2
MOC-R4PCC04U05:529432:529582 [3] NCCL INFO Connected to proxy localRank 2 -> connection 0x7f7a28005458
MOC-R4PCC04U05:529432:529582 [3] NCCL INFO Channel 03/0 : 3[3] -> 6[2] [send] via NET/IB/1(2)/GDRDMA
MOC-R4PCC04U05:529429:529576 [0] NCCL INFO New proxy recv connection 4 from local rank 0, transport 0
MOC-R4PCC04U05:529429:529578 [0] NCCL INFO Connected to proxy localRank 0 -> connection 0x7f7bc8005110
MOC-R4PCC04U05:529429:529576 [0] NCCL INFO New proxy recv connection 5 from local rank 0, transport 0
MOC-R4PCC04U05:529429:529578 [0] NCCL INFO Connected to proxy localRank 0 -> connection 0x7f7bc8005188
MOC-R4PCC04U05:529429:529576 [0] NCCL INFO New proxy send connection 6 from local rank 3, transport 0
MOC-R4PCC04U05:529432:529582 [3] NCCL INFO Connected to proxy localRank 0 -> connection 0x7f7bc8005200
MOC-R4PCC04U05:529429:529576 [0] NCCL INFO New proxy recv connection 7 from local rank 0, transport 0
MOC-R4PCC04U05:529429:529578 [0] NCCL INFO Connected to proxy localRank 0 -> connection 0x7f7bc8005278
MOC-R4PCC04U05:529429:529576 [0] NCCL INFO New proxy recv connection 8 from local rank 0, transport 0
MOC-R4PCC04U05:529429:529578 [0] NCCL INFO Connected to proxy localRank 0 -> connection 0x7f7bc80052f0
MOC-R4PCC04U05:529432:529570 [3] NCCL INFO New proxy send connection 4 from local rank 0, transport 0
MOC-R4PCC04U05:529429:529578 [0] NCCL INFO Connected to proxy localRank 3 -> connection 0x7f4038005110
MOC-R4PCC04U05:529429:529576 [0] NCCL INFO New proxy send connection 9 from local rank 1, transport 0
MOC-R4PCC04U05:529430:529579 [1] NCCL INFO Connected to proxy localRank 0 -> connection 0x7f7bc8005368
MOC-R4PCC04U05:529431:529572 [2] NCCL INFO NET/IB: NCCL Dev 1 IbDev 0 Port 1 qpn 8200 mtu 3 query_ece={supported=1, vendor_id=0x15b3, options=0x30000002, comp_mask=0x0} GID 3 (0/C132A8C0FFFF0000) fifoRkey=0x17f1b0 fifoLkey=0x17f1b0
MOC-R4PCC04U05:529431:529572 [2] NCCL INFO New proxy send connection 12 from local rank 1, transport 0
MOC-R4PCC04U05:529430:529579 [1] NCCL INFO Connected to proxy localRank 2 -> connection 0x7f7a280054d0
MOC-R4PCC04U05:529431:529572 [2] NCCL INFO NET/IB: IbDev 0 Port 1 qpn 8202 set_ece={supported=1, vendor_id=0x15b3, options=0x0, comp_mask=0x0}
MOC-R4PCC04U05:529431:529572 [2] NCCL INFO NET/IB: NCCL Dev 1 IbDev 0 Port 1 qpn 8201 mtu 3 query_ece={supported=1, vendor_id=0x15b3, options=0x30000002, comp_mask=0x0} GID 3 (0/C132A8C0FFFF0000) fifoRkey=0x174705 fifoLkey=0x174705
MOC-R4PCC04U05:529431:529572 [2] NCCL INFO NET/IB: NCCL Dev 1 IbDev 0 Port 1 qpn 8202 mtu 3 query_ece={supported=1, vendor_id=0x15b3, options=0x30000002, comp_mask=0x0} GID 3 (0/C132A8C0FFFF0000) fifoRkey=0x175412 fifoLkey=0x175412
MOC-R4PCC04U05:529431:529572 [2] NCCL INFO NET/IB: IbDev 0 Port 1 qpn 8204 set_ece={supported=1, vendor_id=0x15b3, options=0x0, comp_mask=0x0}
MOC-R4PCC04U05:529430:529573 [1] NCCL INFO New proxy send connection 9 from local rank 0, transport 0
MOC-R4PCC04U05:529429:529578 [0] NCCL INFO Connected to proxy localRank 1 -> connection 0x7fc380005368
MOC-R4PCC04U05:529431:529572 [2] NCCL INFO NET/IB: IbDev 0 Port 1 qpn 8206 set_ece={supported=1, vendor_id=0x15b3, options=0x0, comp_mask=0x0}
MOC-R4PCC04U05:529431:529572 [2] NCCL INFO New proxy send connection 13 from local rank 3, transport 0
MOC-R4PCC04U05:529432:529582 [3] NCCL INFO Connected to proxy localRank 2 -> connection 0x7f7a28005548
MOC-R4PCC04U05:529431:529572 [2] NCCL INFO NET/IB: NCCL Dev 1 IbDev 0 Port 1 qpn 8203 mtu 3 query_ece={supported=1, vendor_id=0x15b3, options=0x30000002, comp_mask=0x0} GID 3 (0/C132A8C0FFFF0000) fifoRkey=0x17cb8a fifoLkey=0x17cb8a
MOC-R4PCC04U05:529431:529572 [2] NCCL INFO NET/IB: IbDev 0 Port 1 qpn 8208 set_ece={supported=1, vendor_id=0x15b3, options=0x0, comp_mask=0x0}
num decayed parameter tensors: 50, with 124,318,464 parameters
num non-decayed parameter tensors: 98, with 121,344 parameters
using fused AdamW: False
using regular AdamW
MOC-R4PCC04U05:529431:529572 [2] NCCL INFO New proxy send connection 14 from local rank 2, transport 0
MOC-R4PCC04U05:529431:530271 [2] NCCL INFO Connected to proxy localRank 2 -> connection 0x7f7a280055c0
MOC-R4PCC04U05:529431:529572 [2] NCCL INFO New proxy send connection 15 from local rank 2, transport 0
MOC-R4PCC04U05:529431:530271 [2] NCCL INFO Connected to proxy localRank 2 -> connection 0x7f7a28005638
MOC-R4PCC04U05:529431:529572 [2] NCCL INFO New proxy send connection 16 from local rank 2, transport 0
MOC-R4PCC04U05:529431:530271 [2] NCCL INFO Connected to proxy localRank 2 -> connection 0x7f7a280056b0
MOC-R4PCC04U05:529431:529572 [2] NCCL INFO New proxy send connection 17 from local rank 2, transport 0
MOC-R4PCC04U05:529431:530271 [2] NCCL INFO Connected to proxy localRank 2 -> connection 0x7f7a28005728
MOC-R4PCC04U05:529429:529576 [0] NCCL INFO New proxy send connection 10 from local rank 0, transport 0
MOC-R4PCC04U05:529429:530272 [0] NCCL INFO Connected to proxy localRank 0 -> connection 0x7f7bc80053e0
MOC-R4PCC04U05:529432:529570 [3] NCCL INFO New proxy recv connection 5 from local rank 3, transport 0
MOC-R4PCC04U05:529432:530273 [3] NCCL INFO Connected to proxy localRank 3 -> connection 0x7f4038005188
MOC-R4PCC04U05:529429:529576 [0] NCCL INFO New proxy send connection 11 from local rank 0, transport 0
MOC-R4PCC04U05:529429:530272 [0] NCCL INFO Connected to proxy localRank 0 -> connection 0x7f7bc8005458
MOC-R4PCC04U05:529429:529576 [0] NCCL INFO New proxy send connection 12 from local rank 0, transport 0
MOC-R4PCC04U05:529429:530272 [0] NCCL INFO Connected to proxy localRank 0 -> connection 0x7f7bc80054d0
MOC-R4PCC04U05:529432:529570 [3] NCCL INFO New proxy recv connection 6 from local rank 3, transport 0
MOC-R4PCC04U05:529432:530273 [3] NCCL INFO Connected to proxy localRank 3 -> connection 0x7f4038005200
MOC-R4PCC04U05:529429:529576 [0] NCCL INFO New proxy send connection 13 from local rank 0, transport 0
MOC-R4PCC04U05:529429:530272 [0] NCCL INFO Connected to proxy localRank 0 -> connection 0x7f7bc8005548
MOC-R4PCC04U05:529432:529570 [3] NCCL INFO New proxy recv connection 7 from local rank 3, transport 0
MOC-R4PCC04U05:529432:530273 [3] NCCL INFO Connected to proxy localRank 3 -> connection 0x7f4038005278
MOC-R4PCC04U05:529432:529570 [3] NCCL INFO New proxy recv connection 8 from local rank 3, transport 0
MOC-R4PCC04U05:529432:530273 [3] NCCL INFO Connected to proxy localRank 3 -> connection 0x7f40380052f0
MOC-R4PCC04U05:529432:529570 [3] NCCL INFO New proxy send connection 9 from local rank 3, transport 0
MOC-R4PCC04U05:529431:530271 [2] NCCL INFO GPU Direct RDMA Enabled for GPU 2 / HCA 1 (distance 5 <= 5), read 0 mode Default
MOC-R4PCC04U05:529432:530273 [3] NCCL INFO Connected to proxy localRank 3 -> connection 0x7f4038005368
MOC-R4PCC04U05:529431:529572 [2] NCCL INFO New proxy recv connection 18 from local rank 2, transport 2
MOC-R4PCC04U05:529431:530271 [2] NCCL INFO Connected to proxy localRank 2 -> connection 0x7f7a280057a0
MOC-R4PCC04U05:529432:529570 [3] NCCL INFO New proxy send connection 10 from local rank 3, transport 0
MOC-R4PCC04U05:529432:530273 [3] NCCL INFO Connected to proxy localRank 3 -> connection 0x7f40380053e0
MOC-R4PCC04U05:529431:530271 [2] NCCL INFO Channel 00/0 : 10[2] -> 2[2] [receive] via NET/IB/1/GDRDMA
MOC-R4PCC04U05:529431:530271 [2] NCCL INFO GPU Direct RDMA Enabled for GPU 2 / HCA 1 (distance 5 <= 5), read 0 mode Default
MOC-R4PCC04U05:529431:529572 [2] NCCL INFO New proxy recv connection 19 from local rank 2, transport 2
MOC-R4PCC04U05:529431:530271 [2] NCCL INFO Connected to proxy localRank 2 -> connection 0x7f7a28005818
MOC-R4PCC04U05:529431:530271 [2] NCCL INFO Channel 01/0 : 10[2] -> 2[2] [receive] via NET/IB/1/GDRDMA
MOC-R4PCC04U05:529431:530271 [2] NCCL INFO GPU Direct RDMA Enabled for GPU 2 / HCA 1 (distance 5 <= 5), read 0 mode Default
MOC-R4PCC04U05:529432:529570 [3] NCCL INFO New proxy send connection 11 from local rank 3, transport 0
MOC-R4PCC04U05:529432:530273 [3] NCCL INFO Connected to proxy localRank 3 -> connection 0x7f4038005458
MOC-R4PCC04U05:529431:529572 [2] NCCL INFO New proxy recv connection 20 from local rank 2, transport 2
MOC-R4PCC04U05:529431:530271 [2] NCCL INFO Connected to proxy localRank 2 -> connection 0x7f7a28005890
MOC-R4PCC04U05:529431:530271 [2] NCCL INFO Channel 02/0 : 10[2] -> 2[2] [receive] via NET/IB/1/GDRDMA
MOC-R4PCC04U05:529431:530271 [2] NCCL INFO GPU Direct RDMA Enabled for GPU 2 / HCA 1 (distance 5 <= 5), read 0 mode Default
MOC-R4PCC04U05:529431:529572 [2] NCCL INFO New proxy recv connection 21 from local rank 2, transport 2
MOC-R4PCC04U05:529431:530271 [2] NCCL INFO Connected to proxy localRank 2 -> connection 0x7f7a28005908
MOC-R4PCC04U05:529432:529570 [3] NCCL INFO New proxy send connection 12 from local rank 3, transport 0
MOC-R4PCC04U05:529431:530271 [2] NCCL INFO Channel 03/0 : 10[2] -> 2[2] [receive] via NET/IB/1/GDRDMA
MOC-R4PCC04U05:529432:530273 [3] NCCL INFO Connected to proxy localRank 3 -> connection 0x7f40380054d0
MOC-R4PCC04U05:529431:530271 [2] NCCL INFO GPU Direct RDMA Enabled for GPU 2 / HCA 1 (distance 5 <= 5), read 1 mode Default
MOC-R4PCC04U05:529431:529572 [2] NCCL INFO New proxy send connection 22 from local rank 2, transport 2
MOC-R4PCC04U05:529431:530271 [2] NCCL INFO Connected to proxy localRank 2 -> connection 0x7f7a28005980
MOC-R4PCC04U05:529431:530271 [2] NCCL INFO Channel 02/0 : 2[2] -> 6[2] [send] via NET/IB/1/GDRDMA
MOC-R4PCC04U05:529431:530271 [2] NCCL INFO GPU Direct RDMA Enabled for GPU 2 / HCA 1 (distance 5 <= 5), read 1 mode Default
MOC-R4PCC04U05:529431:529572 [2] NCCL INFO New proxy send connection 23 from local rank 2, transport 2
MOC-R4PCC04U05:529431:530271 [2] NCCL INFO Connected to proxy localRank 2 -> connection 0x7f7a280059f8
MOC-R4PCC04U05:529431:530271 [2] NCCL INFO Channel 03/0 : 2[2] -> 6[2] [send] via NET/IB/1/GDRDMA
MOC-R4PCC04U05:529430:529573 [1] NCCL INFO New proxy recv connection 10 from local rank 1, transport 0
MOC-R4PCC04U05:529430:530274 [1] NCCL INFO Connected to proxy localRank 1 -> connection 0x7fc3800053e0
MOC-R4PCC04U05:529430:529573 [1] NCCL INFO New proxy recv connection 11 from local rank 1, transport 0
MOC-R4PCC04U05:529430:530274 [1] NCCL INFO Connected to proxy localRank 1 -> connection 0x7fc380005458
MOC-R4PCC04U05:529430:529573 [1] NCCL INFO New proxy recv connection 12 from local rank 1, transport 0
MOC-R4PCC04U05:529430:530274 [1] NCCL INFO Connected to proxy localRank 1 -> connection 0x7fc3800054d0
MOC-R4PCC04U05:529430:529573 [1] NCCL INFO New proxy recv connection 13 from local rank 1, transport 0
MOC-R4PCC04U05:529430:530274 [1] NCCL INFO Connected to proxy localRank 1 -> connection 0x7fc380005548
MOC-R4PCC04U05:529429:529576 [0] NCCL INFO New proxy recv connection 14 from local rank 0, transport 0
MOC-R4PCC04U05:529429:530272 [0] NCCL INFO Connected to proxy localRank 0 -> connection 0x7f7bc80055c0
MOC-R4PCC04U05:529429:529576 [0] NCCL INFO New proxy recv connection 15 from local rank 0, transport 0
MOC-R4PCC04U05:529429:530272 [0] NCCL INFO Connected to proxy localRank 0 -> connection 0x7f7bc8005638
MOC-R4PCC04U05:529429:529576 [0] NCCL INFO New proxy recv connection 16 from local rank 0, transport 0
MOC-R4PCC04U05:529429:530272 [0] NCCL INFO Connected to proxy localRank 0 -> connection 0x7f7bc80056b0
MOC-R4PCC04U05:529429:529576 [0] NCCL INFO New proxy recv connection 17 from local rank 0, transport 0
MOC-R4PCC04U05:529429:530272 [0] NCCL INFO Connected to proxy localRank 0 -> connection 0x7f7bc8005728
MOC-R4PCC04U05:529432:529570 [3] NCCL INFO New proxy send connection 13 from local rank 3, transport 0
MOC-R4PCC04U05:529432:530273 [3] NCCL INFO Connected to proxy localRank 3 -> connection 0x7f4038005548
MOC-R4PCC04U05:529432:529570 [3] NCCL INFO New proxy send connection 14 from local rank 3, transport 0
MOC-R4PCC04U05:529432:530273 [3] NCCL INFO Connected to proxy localRank 3 -> connection 0x7f40380055c0
MOC-R4PCC04U05:529432:529570 [3] NCCL INFO New proxy send connection 15 from local rank 3, transport 0
MOC-R4PCC04U05:529432:530273 [3] NCCL INFO Connected to proxy localRank 3 -> connection 0x7f4038005638
MOC-R4PCC04U05:529432:529570 [3] NCCL INFO New proxy send connection 16 from local rank 3, transport 0
MOC-R4PCC04U05:529432:530273 [3] NCCL INFO Connected to proxy localRank 3 -> connection 0x7f40380056b0
MOC-R4PCC04U05:529431:530271 [2] NCCL INFO GPU Direct RDMA Enabled for GPU 2 / HCA 1 (distance 5 <= 5), read 0 mode Default
MOC-R4PCC04U05:529431:529572 [2] NCCL INFO New proxy recv connection 24 from local rank 2, transport 2
MOC-R4PCC04U05:529431:530271 [2] NCCL INFO Connected to proxy localRank 2 -> connection 0x7f7a28005a70
MOC-R4PCC04U05:529431:530271 [2] NCCL INFO Channel 02/0 : 6[2] -> 2[2] [receive] via NET/IB/1/GDRDMA
MOC-R4PCC04U05:529431:530271 [2] NCCL INFO GPU Direct RDMA Enabled for GPU 2 / HCA 1 (distance 5 <= 5), read 0 mode Default
MOC-R4PCC04U05:529431:529572 [2] NCCL INFO New proxy recv connection 25 from local rank 2, transport 2
MOC-R4PCC04U05:529431:530271 [2] NCCL INFO Connected to proxy localRank 2 -> connection 0x7f7a28005ae8
MOC-R4PCC04U05:529431:530271 [2] NCCL INFO Channel 03/0 : 6[2] -> 2[2] [receive] via NET/IB/1/GDRDMA
MOC-R4PCC04U05:529431:530271 [2] NCCL INFO GPU Direct RDMA Enabled for GPU 2 / HCA 1 (distance 5 <= 5), read 1 mode Default
MOC-R4PCC04U05:529431:529572 [2] NCCL INFO New proxy send connection 26 from local rank 2, transport 2
MOC-R4PCC04U05:529431:530271 [2] NCCL INFO Connected to proxy localRank 2 -> connection 0x7f7a28005b60
MOC-R4PCC04U05:529431:530271 [2] NCCL INFO Channel 00/0 : 2[2] -> 10[2] [send] via NET/IB/1/GDRDMA
MOC-R4PCC04U05:529431:530271 [2] NCCL INFO GPU Direct RDMA Enabled for GPU 2 / HCA 1 (distance 5 <= 5), read 1 mode Default
MOC-R4PCC04U05:529431:529572 [2] NCCL INFO New proxy send connection 27 from local rank 2, transport 2
MOC-R4PCC04U05:529431:530271 [2] NCCL INFO Connected to proxy localRank 2 -> connection 0x7f7a28005bd8
MOC-R4PCC04U05:529431:530271 [2] NCCL INFO Channel 01/0 : 2[2] -> 10[2] [send] via NET/IB/1/GDRDMA
MOC-R4PCC04U05:529431:530271 [2] NCCL INFO GPU Direct RDMA Enabled for GPU 2 / HCA 1 (distance 5 <= 5), read 1 mode Default
MOC-R4PCC04U05:529431:529572 [2] NCCL INFO New proxy send connection 28 from local rank 2, transport 2
MOC-R4PCC04U05:529431:530271 [2] NCCL INFO Connected to proxy localRank 2 -> connection 0x7f7a28005c50
MOC-R4PCC04U05:529431:530271 [2] NCCL INFO Channel 02/0 : 2[2] -> 10[2] [send] via NET/IB/1/GDRDMA
MOC-R4PCC04U05:529431:530271 [2] NCCL INFO GPU Direct RDMA Enabled for GPU 2 / HCA 1 (distance 5 <= 5), read 1 mode Default
MOC-R4PCC04U05:529431:529572 [2] NCCL INFO New proxy send connection 29 from local rank 2, transport 2
MOC-R4PCC04U05:529431:530271 [2] NCCL INFO Connected to proxy localRank 2 -> connection 0x7f7a28005cc8
MOC-R4PCC04U05:529431:530271 [2] NCCL INFO Channel 03/0 : 2[2] -> 10[2] [send] via NET/IB/1/GDRDMA
MOC-R4PCC04U05:529431:529572 [2] NCCL INFO New proxy recv connection 30 from local rank 2, transport 0
MOC-R4PCC04U05:529431:530271 [2] NCCL INFO Connected to proxy localRank 2 -> connection 0x7f7a28005d40
MOC-R4PCC04U05:529431:529572 [2] NCCL INFO New proxy recv connection 31 from local rank 2, transport 0
MOC-R4PCC04U05:529431:530271 [2] NCCL INFO Connected to proxy localRank 2 -> connection 0x7f7a28005db8
MOC-R4PCC04U05:529431:529572 [2] NCCL INFO New proxy recv connection 32 from local rank 2, transport 0
MOC-R4PCC04U05:529431:530271 [2] NCCL INFO Connected to proxy localRank 2 -> connection 0x7f7a28005e30
MOC-R4PCC04U05:529431:529572 [2] NCCL INFO New proxy recv connection 33 from local rank 2, transport 0
MOC-R4PCC04U05:529431:530271 [2] NCCL INFO Connected to proxy localRank 2 -> connection 0x7f7a28005ea8
MOC-R4PCC04U05:529432:529570 [3] NCCL INFO New proxy send connection 17 from local rank 2, transport 0
MOC-R4PCC04U05:529431:530271 [2] NCCL INFO Connected to proxy localRank 3 -> connection 0x7f4038005728
MOC-R4PCC04U05:529431:529572 [2] NCCL INFO NET/IB: NCCL Dev 1 IbDev 0 Port 1 qpn 8204 mtu 3 query_ece={supported=1, vendor_id=0x15b3, options=0x30000002, comp_mask=0x0} GID 3 (0/C132A8C0FFFF0000) fifoRkey=0x179c5b fifoLkey=0x179c5b
MOC-R4PCC04U05:529431:529572 [2] NCCL INFO NET/IB: NCCL Dev 1 IbDev 0 Port 1 qpn 8205 mtu 3 query_ece={supported=1, vendor_id=0x15b3, options=0x30000002, comp_mask=0x0} GID 3 (0/C132A8C0FFFF0000) fifoRkey=0x17904f fifoLkey=0x17904f
MOC-R4PCC04U05:529431:529572 [2] NCCL INFO NET/IB: IbDev 0 Port 1 qpn 8210 set_ece={supported=1, vendor_id=0x15b3, options=0x0, comp_mask=0x0}
MOC-R4PCC04U05:529431:529572 [2] NCCL INFO NET/IB: IbDev 0 Port 1 qpn 8212 set_ece={supported=1, vendor_id=0x15b3, options=0x0, comp_mask=0x0}
MOC-R4PCC04U05:529431:529572 [2] NCCL INFO NET/IB: NCCL Dev 1 IbDev 0 Port 1 qpn 8216 mtu 3 query_ece={supported=1, vendor_id=0x15b3, options=0x30000002, comp_mask=0x0} GID 3 (0/C132A8C0FFFF0000) fifoRkey=0x1716d5 fifoLkey=0x1716d5
MOC-R4PCC04U05:529431:529572 [2] NCCL INFO NET/IB: NCCL Dev 1 IbDev 0 Port 1 qpn 8217 mtu 3 query_ece={supported=1, vendor_id=0x15b3, options=0x30000002, comp_mask=0x0} GID 3 (0/C132A8C0FFFF0000) fifoRkey=0x17bf7e fifoLkey=0x17bf7e
MOC-R4PCC04U05:529431:529572 [2] NCCL INFO NET/IB: IbDev 0 Port 1 qpn 4128 set_ece={supported=1, vendor_id=0x15b3, options=0x0, comp_mask=0x0}
MOC-R4PCC04U05:529431:529572 [2] NCCL INFO NET/IB: IbDev 0 Port 1 qpn 4130 set_ece={supported=1, vendor_id=0x15b3, options=0x0, comp_mask=0x0}
MOC-R4PCC04U05:529431:529572 [2] NCCL INFO NET/IB: NCCL Dev 1 IbDev 0 Port 1 qpn 8220 mtu 3 query_ece={supported=1, vendor_id=0x15b3, options=0x30000002, comp_mask=0x0} GID 3 (0/C132A8C0FFFF0000) fifoRkey=0x173af9 fifoLkey=0x173af9
MOC-R4PCC04U05:529431:529572 [2] NCCL INFO NET/IB: NCCL Dev 1 IbDev 0 Port 1 qpn 8221 mtu 3 query_ece={supported=1, vendor_id=0x15b3, options=0x30000002, comp_mask=0x0} GID 3 (0/C132A8C0FFFF0000) fifoRkey=0x17e1a0 fifoLkey=0x17e1a0
MOC-R4PCC04U05:529431:529572 [2] NCCL INFO NET/IB: IbDev 0 Port 1 qpn 4132 set_ece={supported=1, vendor_id=0x15b3, options=0x0, comp_mask=0x0}
MOC-R4PCC04U05:529431:529572 [2] NCCL INFO NET/IB: IbDev 0 Port 1 qpn 4134 set_ece={supported=1, vendor_id=0x15b3, options=0x0, comp_mask=0x0}
step    1/10 | train loss 11.009466 | norm 15.3152 | lr 1.00e-04 | (15314.84 ms | 179728 tok/s)
step    2/10 | train loss 10.139435 | norm 5.7209 | lr 1.00e-04 | (590.82 ms | 4658776 tok/s)
step    3/10 | train loss 9.799343 | norm 2.6024 | lr 1.00e-04 | (591.81 ms | 4651038 tok/s)
step    4/10 | train loss 9.630252 | norm 2.1077 | lr 1.00e-04 | (592.51 ms | 4645545 tok/s)
step    5/10 | train loss 9.547256 | norm 2.0986 | lr 1.00e-04 | (592.92 ms | 4642317 tok/s)
step    6/10 | train loss 9.466181 | norm 1.9943 | lr 1.00e-04 | (595.37 ms | 4623208 tok/s)
step    7/10 | train loss 9.380590 | norm 1.9438 | lr 1.00e-04 | (592.59 ms | 4644893 tok/s)
step    8/10 | train loss 9.288684 | norm 1.9109 | lr 1.00e-04 | (592.93 ms | 4642188 tok/s)
step    9/10 | train loss 9.193275 | norm 1.8533 | lr 1.00e-04 | (591.20 ms | 4655827 tok/s)
step   10/10 | train loss 9.109076 | norm 1.7962 | lr 1.00e-04 | (595.26 ms | 4624088 tok/s)
final 9 iters avg: 592.822ms
peak memory consumption: 16601 MiB
