Running pytorch 2.7.0+cu126
using device: cuda:0
total desired batch size: 4194304
=> calculated gradient accumulation steps: 8
using device: cuda:2
using device: cuda:1
using device: cuda:3
compiling the model...
DataLoader: total number of tokens: 1,661,249,667 across 103 files
MOC-R4PCC04U05:672729:672729 [0] NCCL INFO NCCL_SOCKET_IFNAME set to eno7np0
MOC-R4PCC04U05:672729:672729 [0] NCCL INFO NCCL version 2.26.2+cuda12.2
MOC-R4PCC04U05:672729:672833 [0] NCCL INFO NET/Plugin: Could not find: libnccl-net.so. Using internal net plugin.
MOC-R4PCC04U05:672729:672833 [0] NCCL INFO NCCL_IB_HCA set to mlx5_5
MOC-R4PCC04U05:672731:672731 [2] NCCL INFO NCCL_SOCKET_IFNAME set to eno7np0
MOC-R4PCC04U05:672731:672731 [2] NCCL INFO NCCL version 2.26.2+cuda12.2
MOC-R4PCC04U05:672729:672833 [0] NCCL INFO NET/IB : Made virtual device [0] name=mlx5_5 speed=400000 ndevs=1
MOC-R4PCC04U05:672729:672833 [0] NCCL INFO NET/IB : Using [0]mlx5_5:1/RoCE [RO]; OOB eno7np0:192.168.50.193<0>
MOC-R4PCC04U05:672730:672730 [1] NCCL INFO NCCL_SOCKET_IFNAME set to eno7np0
MOC-R4PCC04U05:672730:672730 [1] NCCL INFO NCCL version 2.26.2+cuda12.2
MOC-R4PCC04U05:672732:672732 [3] NCCL INFO NCCL_SOCKET_IFNAME set to eno7np0
MOC-R4PCC04U05:672732:672732 [3] NCCL INFO NCCL version 2.26.2+cuda12.2
MOC-R4PCC04U05:672731:672855 [2] NCCL INFO NET/Plugin: Could not find: libnccl-net.so. Using internal net plugin.
MOC-R4PCC04U05:672731:672855 [2] NCCL INFO NCCL_IB_HCA set to mlx5_5
MOC-R4PCC04U05:672731:672855 [2] NCCL INFO NET/IB : Made virtual device [0] name=mlx5_5 speed=400000 ndevs=1
MOC-R4PCC04U05:672731:672855 [2] NCCL INFO NET/IB : Using [0]mlx5_5:1/RoCE [RO]; OOB eno7np0:192.168.50.193<0>
MOC-R4PCC04U05:672730:672857 [1] NCCL INFO NET/Plugin: Could not find: libnccl-net.so. Using internal net plugin.
MOC-R4PCC04U05:672730:672857 [1] NCCL INFO NCCL_IB_HCA set to mlx5_5
MOC-R4PCC04U05:672730:672857 [1] NCCL INFO NET/IB : Made virtual device [0] name=mlx5_5 speed=400000 ndevs=1
MOC-R4PCC04U05:672730:672857 [1] NCCL INFO NET/IB : Using [0]mlx5_5:1/RoCE [RO]; OOB eno7np0:192.168.50.193<0>
MOC-R4PCC04U05:672732:672858 [3] NCCL INFO NET/Plugin: Could not find: libnccl-net.so. Using internal net plugin.
MOC-R4PCC04U05:672732:672858 [3] NCCL INFO NCCL_IB_HCA set to mlx5_5
MOC-R4PCC04U05:672732:672858 [3] NCCL INFO NET/IB : Made virtual device [0] name=mlx5_5 speed=400000 ndevs=1
MOC-R4PCC04U05:672732:672858 [3] NCCL INFO NET/IB : Using [0]mlx5_5:1/RoCE [RO]; OOB eno7np0:192.168.50.193<0>
MOC-R4PCC04U05:672731:672855 [2] NCCL INFO NET/IB : GPU Direct RDMA Enabled for HCA 0 'mlx5_5'
MOC-R4PCC04U05:672731:672855 [2] NCCL INFO NET/IB : Made virtual device [1] name=mlx5_5 speed=400000 ndevs=1
MOC-R4PCC04U05:672731:672855 [2] NCCL INFO NET/IB : GPU Direct RDMA Enabled for HCA 0 'mlx5_5'
MOC-R4PCC04U05:672731:672855 [2] NCCL INFO NET/IB : GPU Direct RDMA Enabled for HCA 1 'mlx5_5'
MOC-R4PCC04U05:672732:672858 [3] NCCL INFO NET/IB : GPU Direct RDMA Enabled for HCA 0 'mlx5_5'
MOC-R4PCC04U05:672732:672858 [3] NCCL INFO NET/IB : Made virtual device [1] name=mlx5_5 speed=400000 ndevs=1
MOC-R4PCC04U05:672732:672858 [3] NCCL INFO NET/IB : GPU Direct RDMA Enabled for HCA 0 'mlx5_5'
MOC-R4PCC04U05:672732:672858 [3] NCCL INFO NET/IB : GPU Direct RDMA Enabled for HCA 1 'mlx5_5'
MOC-R4PCC04U05:672729:672833 [0] NCCL INFO NET/IB : GPU Direct RDMA Enabled for HCA 0 'mlx5_5'
MOC-R4PCC04U05:672729:672833 [0] NCCL INFO NET/IB : Made virtual device [1] name=mlx5_5 speed=400000 ndevs=1
MOC-R4PCC04U05:672729:672833 [0] NCCL INFO NET/IB : GPU Direct RDMA Enabled for HCA 0 'mlx5_5'
MOC-R4PCC04U05:672729:672833 [0] NCCL INFO NET/IB : GPU Direct RDMA Enabled for HCA 1 'mlx5_5'
MOC-R4PCC04U05:672730:672857 [1] NCCL INFO NET/IB : GPU Direct RDMA Enabled for HCA 0 'mlx5_5'
MOC-R4PCC04U05:672730:672857 [1] NCCL INFO NET/IB : Made virtual device [1] name=mlx5_5 speed=400000 ndevs=1
MOC-R4PCC04U05:672730:672857 [1] NCCL INFO NET/IB : GPU Direct RDMA Enabled for HCA 0 'mlx5_5'
MOC-R4PCC04U05:672730:672857 [1] NCCL INFO NET/IB : GPU Direct RDMA Enabled for HCA 1 'mlx5_5'
MOC-R4PCC04U05:672730:672857 [1] NCCL INFO GPU Direct RDMA Enabled for GPU 0 / HCA 1 (distance 5 <= 5), read 0 mode Default
MOC-R4PCC04U05:672730:672857 [1] NCCL INFO GPU Direct RDMA Enabled for GPU 1 / HCA 1 (distance 5 <= 5), read 0 mode Default
MOC-R4PCC04U05:672730:672857 [1] NCCL INFO GPU Direct RDMA Enabled for GPU 2 / HCA 1 (distance 5 <= 5), read 0 mode Default
MOC-R4PCC04U05:672730:672857 [1] NCCL INFO GPU Direct RDMA Enabled for GPU 3 / HCA 1 (distance 5 <= 5), read 0 mode Default
MOC-R4PCC04U05:672730:672857 [1] NCCL INFO GPU Direct RDMA Enabled for GPU 0 / HCA 1 (distance 5 <= 5), read 0 mode Default
MOC-R4PCC04U05:672730:672857 [1] NCCL INFO GPU Direct RDMA Enabled for GPU 1 / HCA 1 (distance 5 <= 5), read 0 mode Default
MOC-R4PCC04U05:672730:672857 [1] NCCL INFO GPU Direct RDMA Enabled for GPU 2 / HCA 1 (distance 5 <= 5), read 0 mode Default
MOC-R4PCC04U05:672730:672857 [1] NCCL INFO GPU Direct RDMA Enabled for GPU 3 / HCA 1 (distance 5 <= 5), read 0 mode Default
MOC-R4PCC04U05:672729:672833 [0] NCCL INFO GPU Direct RDMA Enabled for GPU 0 / HCA 1 (distance 5 <= 5), read 0 mode Default
MOC-R4PCC04U05:672729:672833 [0] NCCL INFO GPU Direct RDMA Enabled for GPU 1 / HCA 1 (distance 5 <= 5), read 0 mode Default
MOC-R4PCC04U05:672729:672833 [0] NCCL INFO GPU Direct RDMA Enabled for GPU 2 / HCA 1 (distance 5 <= 5), read 0 mode Default
MOC-R4PCC04U05:672729:672833 [0] NCCL INFO GPU Direct RDMA Enabled for GPU 3 / HCA 1 (distance 5 <= 5), read 0 mode Default
MOC-R4PCC04U05:672729:672833 [0] NCCL INFO GPU Direct RDMA Enabled for GPU 0 / HCA 1 (distance 5 <= 5), read 0 mode Default
MOC-R4PCC04U05:672729:672833 [0] NCCL INFO GPU Direct RDMA Enabled for GPU 1 / HCA 1 (distance 5 <= 5), read 0 mode Default
MOC-R4PCC04U05:672729:672833 [0] NCCL INFO GPU Direct RDMA Enabled for GPU 2 / HCA 1 (distance 5 <= 5), read 0 mode Default
MOC-R4PCC04U05:672729:672833 [0] NCCL INFO GPU Direct RDMA Enabled for GPU 3 / HCA 1 (distance 5 <= 5), read 0 mode Default
MOC-R4PCC04U05:672731:672855 [2] NCCL INFO GPU Direct RDMA Enabled for GPU 0 / HCA 1 (distance 5 <= 5), read 0 mode Default
MOC-R4PCC04U05:672731:672855 [2] NCCL INFO GPU Direct RDMA Enabled for GPU 1 / HCA 1 (distance 5 <= 5), read 0 mode Default
MOC-R4PCC04U05:672731:672855 [2] NCCL INFO GPU Direct RDMA Enabled for GPU 2 / HCA 1 (distance 5 <= 5), read 0 mode Default
MOC-R4PCC04U05:672731:672855 [2] NCCL INFO GPU Direct RDMA Enabled for GPU 3 / HCA 1 (distance 5 <= 5), read 0 mode Default
MOC-R4PCC04U05:672732:672858 [3] NCCL INFO GPU Direct RDMA Enabled for GPU 0 / HCA 1 (distance 5 <= 5), read 0 mode Default
MOC-R4PCC04U05:672732:672858 [3] NCCL INFO GPU Direct RDMA Enabled for GPU 1 / HCA 1 (distance 5 <= 5), read 0 mode Default
MOC-R4PCC04U05:672732:672858 [3] NCCL INFO GPU Direct RDMA Enabled for GPU 2 / HCA 1 (distance 5 <= 5), read 0 mode Default
MOC-R4PCC04U05:672732:672858 [3] NCCL INFO GPU Direct RDMA Enabled for GPU 3 / HCA 1 (distance 5 <= 5), read 0 mode Default
MOC-R4PCC04U05:672731:672855 [2] NCCL INFO GPU Direct RDMA Enabled for GPU 0 / HCA 1 (distance 5 <= 5), read 0 mode Default
MOC-R4PCC04U05:672731:672855 [2] NCCL INFO GPU Direct RDMA Enabled for GPU 1 / HCA 1 (distance 5 <= 5), read 0 mode Default
MOC-R4PCC04U05:672731:672855 [2] NCCL INFO GPU Direct RDMA Enabled for GPU 2 / HCA 1 (distance 5 <= 5), read 0 mode Default
MOC-R4PCC04U05:672731:672855 [2] NCCL INFO GPU Direct RDMA Enabled for GPU 3 / HCA 1 (distance 5 <= 5), read 0 mode Default
MOC-R4PCC04U05:672732:672858 [3] NCCL INFO GPU Direct RDMA Enabled for GPU 0 / HCA 1 (distance 5 <= 5), read 0 mode Default
MOC-R4PCC04U05:672732:672858 [3] NCCL INFO GPU Direct RDMA Enabled for GPU 1 / HCA 1 (distance 5 <= 5), read 0 mode Default
MOC-R4PCC04U05:672732:672858 [3] NCCL INFO GPU Direct RDMA Enabled for GPU 2 / HCA 1 (distance 5 <= 5), read 0 mode Default
MOC-R4PCC04U05:672732:672858 [3] NCCL INFO GPU Direct RDMA Enabled for GPU 3 / HCA 1 (distance 5 <= 5), read 0 mode Default
MOC-R4PCC04U05:672729:672875 [0] NCCL INFO New proxy send connection 0 from local rank 0, transport 0
MOC-R4PCC04U05:672730:672874 [1] NCCL INFO New proxy recv connection 0 from local rank 1, transport 0
MOC-R4PCC04U05:672729:672879 [0] NCCL INFO Connected to proxy localRank 0 -> connection 0x7f6bc0004f30
MOC-R4PCC04U05:672730:672878 [1] NCCL INFO Connected to proxy localRank 1 -> connection 0x7fcddc004f30
MOC-R4PCC04U05:672729:672875 [0] NCCL INFO New proxy send connection 1 from local rank 0, transport 0
MOC-R4PCC04U05:672729:672879 [0] NCCL INFO Connected to proxy localRank 0 -> connection 0x7f6bc0004fa8
MOC-R4PCC04U05:672731:672880 [2] NCCL INFO GPU Direct RDMA Enabled for GPU 2 / HCA 1 (distance 5 <= 5), read 0 mode Default
MOC-R4PCC04U05:672730:672874 [1] NCCL INFO New proxy recv connection 1 from local rank 1, transport 0
MOC-R4PCC04U05:672730:672878 [1] NCCL INFO Connected to proxy localRank 1 -> connection 0x7fcddc004fa8
MOC-R4PCC04U05:672729:672875 [0] NCCL INFO New proxy send connection 2 from local rank 0, transport 0
MOC-R4PCC04U05:672729:672879 [0] NCCL INFO Connected to proxy localRank 0 -> connection 0x7f6bc0005020
MOC-R4PCC04U05:672730:672874 [1] NCCL INFO New proxy recv connection 2 from local rank 1, transport 0
MOC-R4PCC04U05:672730:672878 [1] NCCL INFO Connected to proxy localRank 1 -> connection 0x7fcddc005020
MOC-R4PCC04U05:672729:672875 [0] NCCL INFO New proxy send connection 3 from local rank 0, transport 0
MOC-R4PCC04U05:672729:672879 [0] NCCL INFO Connected to proxy localRank 0 -> connection 0x7f6bc0005098
MOC-R4PCC04U05:672730:672874 [1] NCCL INFO New proxy recv connection 3 from local rank 1, transport 0
MOC-R4PCC04U05:672730:672878 [1] NCCL INFO Connected to proxy localRank 1 -> connection 0x7fcddc005098
MOC-R4PCC04U05:672730:672874 [1] NCCL INFO New proxy send connection 4 from local rank 1, transport 0
MOC-R4PCC04U05:672730:672878 [1] NCCL INFO Connected to proxy localRank 1 -> connection 0x7fcddc005110
MOC-R4PCC04U05:672730:672874 [1] NCCL INFO New proxy send connection 5 from local rank 1, transport 0
MOC-R4PCC04U05:672730:672878 [1] NCCL INFO Connected to proxy localRank 1 -> connection 0x7fcddc005188
MOC-R4PCC04U05:672730:672874 [1] NCCL INFO New proxy send connection 6 from local rank 1, transport 0
MOC-R4PCC04U05:672730:672878 [1] NCCL INFO Connected to proxy localRank 1 -> connection 0x7fcddc005200
MOC-R4PCC04U05:672730:672874 [1] NCCL INFO New proxy send connection 7 from local rank 1, transport 0
MOC-R4PCC04U05:672730:672878 [1] NCCL INFO Connected to proxy localRank 1 -> connection 0x7fcddc005278
MOC-R4PCC04U05:672732:672870 [3] NCCL INFO New proxy recv connection 0 from local rank 3, transport 0
MOC-R4PCC04U05:672732:672881 [3] NCCL INFO Connected to proxy localRank 3 -> connection 0x7fb474004f30
MOC-R4PCC04U05:672731:672871 [2] NCCL INFO New proxy recv connection 0 from local rank 2, transport 2
MOC-R4PCC04U05:672731:672880 [2] NCCL INFO Connected to proxy localRank 2 -> connection 0x7f4038004f30
MOC-R4PCC04U05:672731:672880 [2] NCCL INFO Channel 00/0 : 15[3] -> 2[2] [receive] via NET/IB/1/GDRDMA
MOC-R4PCC04U05:672731:672880 [2] NCCL INFO GPU Direct RDMA Enabled for GPU 2 / HCA 1 (distance 5 <= 5), read 0 mode Default
MOC-R4PCC04U05:672731:672871 [2] NCCL INFO New proxy recv connection 1 from local rank 2, transport 2
MOC-R4PCC04U05:672731:672880 [2] NCCL INFO Connected to proxy localRank 2 -> connection 0x7f4038004fa8
MOC-R4PCC04U05:672731:672880 [2] NCCL INFO Channel 01/0 : 15[3] -> 2[2] [receive] via NET/IB/1/GDRDMA
MOC-R4PCC04U05:672731:672880 [2] NCCL INFO GPU Direct RDMA Enabled for GPU 2 / HCA 1 (distance 5 <= 5), read 0 mode Default
MOC-R4PCC04U05:672731:672871 [2] NCCL INFO New proxy recv connection 2 from local rank 2, transport 2
MOC-R4PCC04U05:672731:672880 [2] NCCL INFO Connected to proxy localRank 2 -> connection 0x7f4038005020
MOC-R4PCC04U05:672731:672880 [2] NCCL INFO Channel 02/0 : 15[3] -> 2[2] [receive] via NET/IB/1/GDRDMA
MOC-R4PCC04U05:672731:672880 [2] NCCL INFO GPU Direct RDMA Enabled for GPU 2 / HCA 1 (distance 5 <= 5), read 0 mode Default
MOC-R4PCC04U05:672731:672871 [2] NCCL INFO New proxy recv connection 3 from local rank 2, transport 2
MOC-R4PCC04U05:672731:672880 [2] NCCL INFO Connected to proxy localRank 2 -> connection 0x7f4038005098
MOC-R4PCC04U05:672731:672880 [2] NCCL INFO Channel 03/0 : 15[3] -> 2[2] [receive] via NET/IB/1/GDRDMA
MOC-R4PCC04U05:672732:672870 [3] NCCL INFO New proxy recv connection 1 from local rank 3, transport 0
MOC-R4PCC04U05:672732:672881 [3] NCCL INFO Connected to proxy localRank 3 -> connection 0x7fb474004fa8
MOC-R4PCC04U05:672732:672870 [3] NCCL INFO New proxy recv connection 2 from local rank 3, transport 0
MOC-R4PCC04U05:672732:672881 [3] NCCL INFO Connected to proxy localRank 3 -> connection 0x7fb474005020
MOC-R4PCC04U05:672732:672870 [3] NCCL INFO New proxy recv connection 3 from local rank 3, transport 0
MOC-R4PCC04U05:672732:672881 [3] NCCL INFO Connected to proxy localRank 3 -> connection 0x7fb474005098
MOC-R4PCC04U05:672732:672881 [3] NCCL INFO GPU Direct RDMA Enabled for GPU 3 / HCA 1 (distance 5 <= 5), read 1 mode Default
MOC-R4PCC04U05:672731:672871 [2] NCCL INFO New proxy send connection 4 from local rank 3, transport 2
MOC-R4PCC04U05:672732:672881 [3] NCCL INFO Connected to proxy localRank 2 -> connection 0x7f4038005110
MOC-R4PCC04U05:672732:672881 [3] NCCL INFO Channel 00/0 : 3[3] -> 6[2] [send] via NET/IB/1(2)/GDRDMA
MOC-R4PCC04U05:672732:672881 [3] NCCL INFO GPU Direct RDMA Enabled for GPU 3 / HCA 1 (distance 5 <= 5), read 1 mode Default
MOC-R4PCC04U05:672731:672871 [2] NCCL INFO New proxy send connection 5 from local rank 3, transport 2
MOC-R4PCC04U05:672732:672881 [3] NCCL INFO Connected to proxy localRank 2 -> connection 0x7f4038005188
MOC-R4PCC04U05:672732:672881 [3] NCCL INFO Channel 01/0 : 3[3] -> 6[2] [send] via NET/IB/1(2)/GDRDMA
MOC-R4PCC04U05:672732:672881 [3] NCCL INFO GPU Direct RDMA Enabled for GPU 3 / HCA 1 (distance 5 <= 5), read 1 mode Default
MOC-R4PCC04U05:672731:672871 [2] NCCL INFO New proxy send connection 6 from local rank 3, transport 2
MOC-R4PCC04U05:672732:672881 [3] NCCL INFO Connected to proxy localRank 2 -> connection 0x7f4038005200
MOC-R4PCC04U05:672732:672881 [3] NCCL INFO Channel 02/0 : 3[3] -> 6[2] [send] via NET/IB/1(2)/GDRDMA
MOC-R4PCC04U05:672732:672881 [3] NCCL INFO GPU Direct RDMA Enabled for GPU 3 / HCA 1 (distance 5 <= 5), read 1 mode Default
MOC-R4PCC04U05:672731:672871 [2] NCCL INFO New proxy send connection 7 from local rank 3, transport 2
MOC-R4PCC04U05:672732:672881 [3] NCCL INFO Connected to proxy localRank 2 -> connection 0x7f4038005278
MOC-R4PCC04U05:672732:672881 [3] NCCL INFO Channel 03/0 : 3[3] -> 6[2] [send] via NET/IB/1(2)/GDRDMA
MOC-R4PCC04U05:672729:672875 [0] NCCL INFO New proxy recv connection 4 from local rank 0, transport 0
MOC-R4PCC04U05:672729:672879 [0] NCCL INFO Connected to proxy localRank 0 -> connection 0x7f6bc0005110
MOC-R4PCC04U05:672729:672875 [0] NCCL INFO New proxy recv connection 5 from local rank 0, transport 0
MOC-R4PCC04U05:672729:672879 [0] NCCL INFO Connected to proxy localRank 0 -> connection 0x7f6bc0005188
MOC-R4PCC04U05:672729:672875 [0] NCCL INFO New proxy recv connection 6 from local rank 0, transport 0
MOC-R4PCC04U05:672729:672879 [0] NCCL INFO Connected to proxy localRank 0 -> connection 0x7f6bc0005200
MOC-R4PCC04U05:672729:672875 [0] NCCL INFO New proxy recv connection 7 from local rank 0, transport 0
MOC-R4PCC04U05:672729:672879 [0] NCCL INFO Connected to proxy localRank 0 -> connection 0x7f6bc0005278
MOC-R4PCC04U05:672732:672870 [3] NCCL INFO New proxy send connection 4 from local rank 0, transport 0
MOC-R4PCC04U05:672729:672879 [0] NCCL INFO Connected to proxy localRank 3 -> connection 0x7fb474005110
MOC-R4PCC04U05:672729:672875 [0] NCCL INFO New proxy send connection 8 from local rank 3, transport 0
MOC-R4PCC04U05:672732:672881 [3] NCCL INFO Connected to proxy localRank 0 -> connection 0x7f6bc00052f0
MOC-R4PCC04U05:672731:672871 [2] NCCL INFO NET/IB: NCCL Dev 1 IbDev 0 Port 1 qpn 11042 mtu 3 query_ece={supported=1, vendor_id=0x15b3, options=0x30000002, comp_mask=0x0} GID 3 (0/C132A8C0FFFF0000) fifoRkey=0x173af9 fifoLkey=0x173af9
MOC-R4PCC04U05:672731:672871 [2] NCCL INFO NET/IB: IbDev 0 Port 1 qpn 11066 set_ece={supported=1, vendor_id=0x15b3, options=0x0, comp_mask=0x0}
MOC-R4PCC04U05:672731:672871 [2] NCCL INFO NET/IB: NCCL Dev 1 IbDev 0 Port 1 qpn 11043 mtu 3 query_ece={supported=1, vendor_id=0x15b3, options=0x30000002, comp_mask=0x0} GID 3 (0/C132A8C0FFFF0000) fifoRkey=0x180ac9 fifoLkey=0x180ac9
MOC-R4PCC04U05:672731:672871 [2] NCCL INFO NET/IB: NCCL Dev 1 IbDev 0 Port 1 qpn 11044 mtu 3 query_ece={supported=1, vendor_id=0x15b3, options=0x30000002, comp_mask=0x0} GID 3 (0/C132A8C0FFFF0000) fifoRkey=0x17d190 fifoLkey=0x17d190
MOC-R4PCC04U05:672731:672871 [2] NCCL INFO NET/IB: NCCL Dev 1 IbDev 0 Port 1 qpn 11045 mtu 3 query_ece={supported=1, vendor_id=0x15b3, options=0x30000002, comp_mask=0x0} GID 3 (0/C132A8C0FFFF0000) fifoRkey=0x172fee fifoLkey=0x172fee
MOC-R4PCC04U05:672731:672871 [2] NCCL INFO NET/IB: IbDev 0 Port 1 qpn 11068 set_ece={supported=1, vendor_id=0x15b3, options=0x0, comp_mask=0x0}
MOC-R4PCC04U05:672730:672874 [1] NCCL INFO New proxy send connection 8 from local rank 0, transport 0
MOC-R4PCC04U05:672729:672879 [0] NCCL INFO Connected to proxy localRank 1 -> connection 0x7fcddc0052f0
MOC-R4PCC04U05:672731:672871 [2] NCCL INFO NET/IB: IbDev 0 Port 1 qpn 11070 set_ece={supported=1, vendor_id=0x15b3, options=0x0, comp_mask=0x0}
MOC-R4PCC04U05:672731:672871 [2] NCCL INFO NET/IB: IbDev 0 Port 1 qpn 11072 set_ece={supported=1, vendor_id=0x15b3, options=0x0, comp_mask=0x0}
MOC-R4PCC04U05:672731:672871 [2] NCCL INFO New proxy send connection 8 from local rank 2, transport 0
MOC-R4PCC04U05:672731:672871 [2] NCCL INFO New proxy send connection 9 from local rank 3, transport 0
MOC-R4PCC04U05:672732:672881 [3] NCCL INFO Connected to proxy localRank 2 -> connection 0x7f4038005368
MOC-R4PCC04U05:672731:672880 [2] NCCL INFO Connected to proxy localRank 2 -> connection 0x7f40380052f0
MOC-R4PCC04U05:672731:672871 [2] NCCL INFO New proxy send connection 10 from local rank 2, transport 0
MOC-R4PCC04U05:672731:672880 [2] NCCL INFO Connected to proxy localRank 2 -> connection 0x7f40380053e0
MOC-R4PCC04U05:672731:672871 [2] NCCL INFO New proxy send connection 11 from local rank 2, transport 0
MOC-R4PCC04U05:672731:672880 [2] NCCL INFO Connected to proxy localRank 2 -> connection 0x7f4038005458
MOC-R4PCC04U05:672731:672871 [2] NCCL INFO New proxy send connection 12 from local rank 2, transport 0
MOC-R4PCC04U05:672731:672880 [2] NCCL INFO Connected to proxy localRank 2 -> connection 0x7f40380054d0
MOC-R4PCC04U05:672729:672875 [0] NCCL INFO New proxy send connection 9 from local rank 1, transport 0
MOC-R4PCC04U05:672730:672878 [1] NCCL INFO Connected to proxy localRank 0 -> connection 0x7f6bc0005368
MOC-R4PCC04U05:672730:672874 [1] NCCL INFO New proxy send connection 9 from local rank 2, transport 0
MOC-R4PCC04U05:672731:672880 [2] NCCL INFO Connected to proxy localRank 1 -> connection 0x7fcddc005368
MOC-R4PCC04U05:672731:672871 [2] NCCL INFO New proxy send connection 13 from local rank 1, transport 0
MOC-R4PCC04U05:672730:672878 [1] NCCL INFO Connected to proxy localRank 2 -> connection 0x7f4038005548
num decayed parameter tensors: 50, with 124,318,464 parameters
num non-decayed parameter tensors: 98, with 121,344 parameters
using fused AdamW: False
using regular AdamW
MOC-R4PCC04U05:672729:672875 [0] NCCL INFO New proxy send connection 10 from local rank 0, transport 0
MOC-R4PCC04U05:672729:673571 [0] NCCL INFO Connected to proxy localRank 0 -> connection 0x7f6bc00053e0
MOC-R4PCC04U05:672729:672875 [0] NCCL INFO New proxy send connection 11 from local rank 0, transport 0
MOC-R4PCC04U05:672729:673571 [0] NCCL INFO Connected to proxy localRank 0 -> connection 0x7f6bc0005458
MOC-R4PCC04U05:672729:672875 [0] NCCL INFO New proxy send connection 12 from local rank 0, transport 0
MOC-R4PCC04U05:672729:673571 [0] NCCL INFO Connected to proxy localRank 0 -> connection 0x7f6bc00054d0
MOC-R4PCC04U05:672729:672875 [0] NCCL INFO New proxy send connection 13 from local rank 0, transport 0
MOC-R4PCC04U05:672729:673571 [0] NCCL INFO Connected to proxy localRank 0 -> connection 0x7f6bc0005548
MOC-R4PCC04U05:672731:672871 [2] NCCL INFO New proxy send connection 14 from local rank 2, transport 0
MOC-R4PCC04U05:672731:673572 [2] NCCL INFO Connected to proxy localRank 2 -> connection 0x7f40380055c0
MOC-R4PCC04U05:672731:672871 [2] NCCL INFO New proxy send connection 15 from local rank 2, transport 0
MOC-R4PCC04U05:672731:673572 [2] NCCL INFO Connected to proxy localRank 2 -> connection 0x7f4038005638
MOC-R4PCC04U05:672731:672871 [2] NCCL INFO New proxy send connection 16 from local rank 2, transport 0
MOC-R4PCC04U05:672731:673572 [2] NCCL INFO Connected to proxy localRank 2 -> connection 0x7f40380056b0
MOC-R4PCC04U05:672731:672871 [2] NCCL INFO New proxy send connection 17 from local rank 2, transport 0
MOC-R4PCC04U05:672731:673572 [2] NCCL INFO Connected to proxy localRank 2 -> connection 0x7f4038005728
MOC-R4PCC04U05:672730:672874 [1] NCCL INFO New proxy recv connection 10 from local rank 1, transport 0
MOC-R4PCC04U05:672730:673573 [1] NCCL INFO Connected to proxy localRank 1 -> connection 0x7fcddc0053e0
MOC-R4PCC04U05:672730:672874 [1] NCCL INFO New proxy recv connection 11 from local rank 1, transport 0
MOC-R4PCC04U05:672730:673573 [1] NCCL INFO Connected to proxy localRank 1 -> connection 0x7fcddc005458
MOC-R4PCC04U05:672730:672874 [1] NCCL INFO New proxy recv connection 12 from local rank 1, transport 0
MOC-R4PCC04U05:672730:673573 [1] NCCL INFO Connected to proxy localRank 1 -> connection 0x7fcddc0054d0
MOC-R4PCC04U05:672730:672874 [1] NCCL INFO New proxy recv connection 13 from local rank 1, transport 0
MOC-R4PCC04U05:672730:673573 [1] NCCL INFO Connected to proxy localRank 1 -> connection 0x7fcddc005548
MOC-R4PCC04U05:672729:672875 [0] NCCL INFO New proxy recv connection 14 from local rank 0, transport 0
MOC-R4PCC04U05:672729:673571 [0] NCCL INFO Connected to proxy localRank 0 -> connection 0x7f6bc00055c0
MOC-R4PCC04U05:672729:672875 [0] NCCL INFO New proxy recv connection 15 from local rank 0, transport 0
MOC-R4PCC04U05:672729:673571 [0] NCCL INFO Connected to proxy localRank 0 -> connection 0x7f6bc0005638
MOC-R4PCC04U05:672729:672875 [0] NCCL INFO New proxy recv connection 16 from local rank 0, transport 0
MOC-R4PCC04U05:672729:673571 [0] NCCL INFO Connected to proxy localRank 0 -> connection 0x7f6bc00056b0
MOC-R4PCC04U05:672729:672875 [0] NCCL INFO New proxy recv connection 17 from local rank 0, transport 0
MOC-R4PCC04U05:672729:673571 [0] NCCL INFO Connected to proxy localRank 0 -> connection 0x7f6bc0005728
MOC-R4PCC04U05:672732:672870 [3] NCCL INFO New proxy recv connection 5 from local rank 3, transport 0
MOC-R4PCC04U05:672732:673574 [3] NCCL INFO Connected to proxy localRank 3 -> connection 0x7fb474005188
MOC-R4PCC04U05:672732:672870 [3] NCCL INFO New proxy recv connection 6 from local rank 3, transport 0
MOC-R4PCC04U05:672732:673574 [3] NCCL INFO Connected to proxy localRank 3 -> connection 0x7fb474005200
MOC-R4PCC04U05:672732:672870 [3] NCCL INFO New proxy recv connection 7 from local rank 3, transport 0
MOC-R4PCC04U05:672732:673574 [3] NCCL INFO Connected to proxy localRank 3 -> connection 0x7fb474005278
MOC-R4PCC04U05:672732:672870 [3] NCCL INFO New proxy recv connection 8 from local rank 3, transport 0
MOC-R4PCC04U05:672732:673574 [3] NCCL INFO Connected to proxy localRank 3 -> connection 0x7fb4740052f0
MOC-R4PCC04U05:672732:672870 [3] NCCL INFO New proxy send connection 9 from local rank 3, transport 0
MOC-R4PCC04U05:672732:673574 [3] NCCL INFO Connected to proxy localRank 3 -> connection 0x7fb474005368
MOC-R4PCC04U05:672732:672870 [3] NCCL INFO New proxy send connection 10 from local rank 3, transport 0
MOC-R4PCC04U05:672732:673574 [3] NCCL INFO Connected to proxy localRank 3 -> connection 0x7fb4740053e0
MOC-R4PCC04U05:672732:672870 [3] NCCL INFO New proxy send connection 11 from local rank 3, transport 0
MOC-R4PCC04U05:672731:673572 [2] NCCL INFO GPU Direct RDMA Enabled for GPU 2 / HCA 1 (distance 5 <= 5), read 1 mode Default
MOC-R4PCC04U05:672732:673574 [3] NCCL INFO Connected to proxy localRank 3 -> connection 0x7fb474005458
MOC-R4PCC04U05:672731:672871 [2] NCCL INFO New proxy send connection 18 from local rank 2, transport 2
MOC-R4PCC04U05:672731:673572 [2] NCCL INFO Connected to proxy localRank 2 -> connection 0x7f40380057a0
MOC-R4PCC04U05:672731:673572 [2] NCCL INFO Channel 02/0 : 2[2] -> 6[2] [send] via NET/IB/1/GDRDMA
MOC-R4PCC04U05:672731:673572 [2] NCCL INFO GPU Direct RDMA Enabled for GPU 2 / HCA 1 (distance 5 <= 5), read 1 mode Default
MOC-R4PCC04U05:672731:672871 [2] NCCL INFO New proxy send connection 19 from local rank 2, transport 2
MOC-R4PCC04U05:672732:672870 [3] NCCL INFO New proxy send connection 12 from local rank 3, transport 0
MOC-R4PCC04U05:672731:673572 [2] NCCL INFO Connected to proxy localRank 2 -> connection 0x7f4038005818
MOC-R4PCC04U05:672732:673574 [3] NCCL INFO Connected to proxy localRank 3 -> connection 0x7fb4740054d0
MOC-R4PCC04U05:672731:673572 [2] NCCL INFO Channel 03/0 : 2[2] -> 6[2] [send] via NET/IB/1/GDRDMA
MOC-R4PCC04U05:672731:673572 [2] NCCL INFO GPU Direct RDMA Enabled for GPU 2 / HCA 1 (distance 5 <= 5), read 0 mode Default
MOC-R4PCC04U05:672731:672871 [2] NCCL INFO New proxy recv connection 20 from local rank 2, transport 2
MOC-R4PCC04U05:672731:673572 [2] NCCL INFO Connected to proxy localRank 2 -> connection 0x7f4038005890
MOC-R4PCC04U05:672732:672870 [3] NCCL INFO New proxy send connection 13 from local rank 3, transport 0
MOC-R4PCC04U05:672732:673574 [3] NCCL INFO Connected to proxy localRank 3 -> connection 0x7fb474005548
MOC-R4PCC04U05:672731:673572 [2] NCCL INFO Channel 00/0 : 10[2] -> 2[2] [receive] via NET/IB/1/GDRDMA
MOC-R4PCC04U05:672731:673572 [2] NCCL INFO GPU Direct RDMA Enabled for GPU 2 / HCA 1 (distance 5 <= 5), read 0 mode Default
MOC-R4PCC04U05:672731:672871 [2] NCCL INFO New proxy recv connection 21 from local rank 2, transport 2
MOC-R4PCC04U05:672731:673572 [2] NCCL INFO Connected to proxy localRank 2 -> connection 0x7f4038005908
MOC-R4PCC04U05:672731:673572 [2] NCCL INFO Channel 01/0 : 10[2] -> 2[2] [receive] via NET/IB/1/GDRDMA
MOC-R4PCC04U05:672731:673572 [2] NCCL INFO GPU Direct RDMA Enabled for GPU 2 / HCA 1 (distance 5 <= 5), read 1 mode Default
MOC-R4PCC04U05:672731:672871 [2] NCCL INFO New proxy send connection 22 from local rank 2, transport 2
MOC-R4PCC04U05:672731:673572 [2] NCCL INFO Connected to proxy localRank 2 -> connection 0x7f4038005980
MOC-R4PCC04U05:672731:673572 [2] NCCL INFO Channel 00/0 : 2[2] -> 10[2] [send] via NET/IB/1/GDRDMA
MOC-R4PCC04U05:672731:673572 [2] NCCL INFO GPU Direct RDMA Enabled for GPU 2 / HCA 1 (distance 5 <= 5), read 1 mode Default
MOC-R4PCC04U05:672731:672871 [2] NCCL INFO New proxy send connection 23 from local rank 2, transport 2
MOC-R4PCC04U05:672731:673572 [2] NCCL INFO Connected to proxy localRank 2 -> connection 0x7f40380059f8
MOC-R4PCC04U05:672732:672870 [3] NCCL INFO New proxy send connection 14 from local rank 3, transport 0
MOC-R4PCC04U05:672732:673574 [3] NCCL INFO Connected to proxy localRank 3 -> connection 0x7fb4740055c0
MOC-R4PCC04U05:672731:673572 [2] NCCL INFO Channel 01/0 : 2[2] -> 10[2] [send] via NET/IB/1/GDRDMA
MOC-R4PCC04U05:672731:673572 [2] NCCL INFO GPU Direct RDMA Enabled for GPU 2 / HCA 1 (distance 5 <= 5), read 0 mode Default
MOC-R4PCC04U05:672731:672871 [2] NCCL INFO New proxy recv connection 24 from local rank 2, transport 2
MOC-R4PCC04U05:672731:673572 [2] NCCL INFO Connected to proxy localRank 2 -> connection 0x7f4038005a70
MOC-R4PCC04U05:672731:673572 [2] NCCL INFO Channel 02/0 : 6[2] -> 2[2] [receive] via NET/IB/1/GDRDMA
MOC-R4PCC04U05:672731:673572 [2] NCCL INFO GPU Direct RDMA Enabled for GPU 2 / HCA 1 (distance 5 <= 5), read 0 mode Default
MOC-R4PCC04U05:672731:672871 [2] NCCL INFO New proxy recv connection 25 from local rank 2, transport 2
MOC-R4PCC04U05:672731:673572 [2] NCCL INFO Connected to proxy localRank 2 -> connection 0x7f4038005ae8
MOC-R4PCC04U05:672731:673572 [2] NCCL INFO Channel 03/0 : 6[2] -> 2[2] [receive] via NET/IB/1/GDRDMA
MOC-R4PCC04U05:672732:672870 [3] NCCL INFO New proxy send connection 15 from local rank 3, transport 0
MOC-R4PCC04U05:672732:673574 [3] NCCL INFO Connected to proxy localRank 3 -> connection 0x7fb474005638
MOC-R4PCC04U05:672731:672871 [2] NCCL INFO New proxy recv connection 26 from local rank 2, transport 0
MOC-R4PCC04U05:672731:673572 [2] NCCL INFO Connected to proxy localRank 2 -> connection 0x7f4038005b60
MOC-R4PCC04U05:672732:672870 [3] NCCL INFO New proxy send connection 16 from local rank 3, transport 0
MOC-R4PCC04U05:672732:673574 [3] NCCL INFO Connected to proxy localRank 3 -> connection 0x7fb4740056b0
MOC-R4PCC04U05:672731:672871 [2] NCCL INFO New proxy recv connection 27 from local rank 2, transport 0
MOC-R4PCC04U05:672731:673572 [2] NCCL INFO Connected to proxy localRank 2 -> connection 0x7f4038005bd8
MOC-R4PCC04U05:672731:672871 [2] NCCL INFO New proxy recv connection 28 from local rank 2, transport 0
MOC-R4PCC04U05:672731:673572 [2] NCCL INFO Connected to proxy localRank 2 -> connection 0x7f4038005c50
MOC-R4PCC04U05:672731:672871 [2] NCCL INFO New proxy recv connection 29 from local rank 2, transport 0
MOC-R4PCC04U05:672731:673572 [2] NCCL INFO Connected to proxy localRank 2 -> connection 0x7f4038005cc8
MOC-R4PCC04U05:672732:672870 [3] NCCL INFO New proxy send connection 17 from local rank 2, transport 0
MOC-R4PCC04U05:672731:673572 [2] NCCL INFO Connected to proxy localRank 3 -> connection 0x7fb474005728
MOC-R4PCC04U05:672731:672871 [2] NCCL INFO NET/IB: NCCL Dev 1 IbDev 0 Port 1 qpn 11054 mtu 3 query_ece={supported=1, vendor_id=0x15b3, options=0x30000002, comp_mask=0x0} GID 3 (0/C132A8C0FFFF0000) fifoRkey=0x17cb8a fifoLkey=0x17cb8a
MOC-R4PCC04U05:672731:672871 [2] NCCL INFO NET/IB: NCCL Dev 1 IbDev 0 Port 1 qpn 11055 mtu 3 query_ece={supported=1, vendor_id=0x15b3, options=0x30000002, comp_mask=0x0} GID 3 (0/C132A8C0FFFF0000) fifoRkey=0x17904f fifoLkey=0x17904f
MOC-R4PCC04U05:672731:672871 [2] NCCL INFO NET/IB: NCCL Dev 1 IbDev 0 Port 1 qpn 11058 mtu 3 query_ece={supported=1, vendor_id=0x15b3, options=0x30000002, comp_mask=0x0} GID 3 (0/C132A8C0FFFF0000) fifoRkey=0x17a767 fifoLkey=0x17a767
MOC-R4PCC04U05:672731:672871 [2] NCCL INFO NET/IB: NCCL Dev 1 IbDev 0 Port 1 qpn 11061 mtu 3 query_ece={supported=1, vendor_id=0x15b3, options=0x30000002, comp_mask=0x0} GID 3 (0/C132A8C0FFFF0000) fifoRkey=0x177837 fifoLkey=0x177837
MOC-R4PCC04U05:672731:672871 [2] NCCL INFO NET/IB: IbDev 0 Port 1 qpn 11082 set_ece={supported=1, vendor_id=0x15b3, options=0x0, comp_mask=0x0}
MOC-R4PCC04U05:672731:672871 [2] NCCL INFO NET/IB: IbDev 0 Port 1 qpn 11084 set_ece={supported=1, vendor_id=0x15b3, options=0x0, comp_mask=0x0}
MOC-R4PCC04U05:672731:672871 [2] NCCL INFO NET/IB: IbDev 0 Port 1 qpn 8532 set_ece={supported=1, vendor_id=0x15b3, options=0x0, comp_mask=0x0}
MOC-R4PCC04U05:672731:672871 [2] NCCL INFO NET/IB: IbDev 0 Port 1 qpn 8534 set_ece={supported=1, vendor_id=0x15b3, options=0x0, comp_mask=0x0}
step    1/10 | train loss 11.010080 | norm 15.3560 | lr 1.00e-04 | (14588.70 ms | 287504 tok/s)
step    2/10 | train loss 10.138498 | norm 5.7509 | lr 1.00e-04 | (671.78 ms | 6243534 tok/s)
step    3/10 | train loss 9.798908 | norm 2.6008 | lr 1.00e-04 | (669.99 ms | 6260230 tok/s)
step    4/10 | train loss 9.629971 | norm 2.1074 | lr 1.00e-04 | (672.14 ms | 6240251 tok/s)
step    5/10 | train loss 9.547399 | norm 2.1023 | lr 1.00e-04 | (670.62 ms | 6254397 tok/s)
step    6/10 | train loss 9.467026 | norm 1.9934 | lr 1.00e-04 | (672.42 ms | 6237629 tok/s)
step    7/10 | train loss 9.382397 | norm 1.9432 | lr 1.00e-04 | (676.21 ms | 6202659 tok/s)
step    8/10 | train loss 9.291876 | norm 1.9119 | lr 1.00e-04 | (672.71 ms | 6234948 tok/s)
step    9/10 | train loss 9.197289 | norm 1.8625 | lr 1.00e-04 | (672.35 ms | 6238267 tok/s)
step   10/10 | train loss 9.110222 | norm 1.7873 | lr 1.00e-04 | (670.99 ms | 6250877 tok/s)
final 9 iters avg: 672.135ms
peak memory consumption: 16601 MiB
