Running pytorch 2.7.0+cu126
using device: cuda:0
total desired batch size: 524288
=> calculated gradient accumulation steps: 1
using device: cuda:3
using device: cuda:1
using device: cuda:2
compiling the model...
DataLoader: total number of tokens: 1,661,249,667 across 103 files
MOC-R4PCC04U05:708080:708080 [0] NCCL INFO NCCL_SOCKET_IFNAME set to eno7np0
MOC-R4PCC04U05:708080:708080 [0] NCCL INFO NCCL version 2.26.2+cuda12.2
MOC-R4PCC04U05:708080:708186 [0] NCCL INFO NET/Plugin: Could not find: libnccl-net.so. Using internal net plugin.
MOC-R4PCC04U05:708080:708186 [0] NCCL INFO NCCL_IB_HCA set to mlx5_5
MOC-R4PCC04U05:708083:708083 [3] NCCL INFO NCCL_SOCKET_IFNAME set to eno7np0
MOC-R4PCC04U05:708083:708083 [3] NCCL INFO NCCL version 2.26.2+cuda12.2
MOC-R4PCC04U05:708081:708081 [1] NCCL INFO NCCL_SOCKET_IFNAME set to eno7np0
MOC-R4PCC04U05:708081:708081 [1] NCCL INFO NCCL version 2.26.2+cuda12.2
MOC-R4PCC04U05:708082:708082 [2] NCCL INFO NCCL_SOCKET_IFNAME set to eno7np0
MOC-R4PCC04U05:708082:708082 [2] NCCL INFO NCCL version 2.26.2+cuda12.2
MOC-R4PCC04U05:708080:708186 [0] NCCL INFO NET/IB : Made virtual device [0] name=mlx5_5 speed=400000 ndevs=1
MOC-R4PCC04U05:708080:708186 [0] NCCL INFO NET/IB : Using [0]mlx5_5:1/RoCE [RO]; OOB eno7np0:192.168.50.193<0>
MOC-R4PCC04U05:708083:708208 [3] NCCL INFO NET/Plugin: Could not find: libnccl-net.so. Using internal net plugin.
MOC-R4PCC04U05:708083:708208 [3] NCCL INFO NCCL_IB_HCA set to mlx5_5
MOC-R4PCC04U05:708081:708209 [1] NCCL INFO NET/Plugin: Could not find: libnccl-net.so. Using internal net plugin.
MOC-R4PCC04U05:708082:708210 [2] NCCL INFO NET/Plugin: Could not find: libnccl-net.so. Using internal net plugin.
MOC-R4PCC04U05:708081:708209 [1] NCCL INFO NCCL_IB_HCA set to mlx5_5
MOC-R4PCC04U05:708082:708210 [2] NCCL INFO NCCL_IB_HCA set to mlx5_5
MOC-R4PCC04U05:708083:708208 [3] NCCL INFO NET/IB : Made virtual device [0] name=mlx5_5 speed=400000 ndevs=1
MOC-R4PCC04U05:708083:708208 [3] NCCL INFO NET/IB : Using [0]mlx5_5:1/RoCE [RO]; OOB eno7np0:192.168.50.193<0>
MOC-R4PCC04U05:708081:708209 [1] NCCL INFO NET/IB : Made virtual device [0] name=mlx5_5 speed=400000 ndevs=1
MOC-R4PCC04U05:708081:708209 [1] NCCL INFO NET/IB : Using [0]mlx5_5:1/RoCE [RO]; OOB eno7np0:192.168.50.193<0>
MOC-R4PCC04U05:708082:708210 [2] NCCL INFO NET/IB : Made virtual device [0] name=mlx5_5 speed=400000 ndevs=1
MOC-R4PCC04U05:708082:708210 [2] NCCL INFO NET/IB : Using [0]mlx5_5:1/RoCE [RO]; OOB eno7np0:192.168.50.193<0>
MOC-R4PCC04U05:708081:708209 [1] NCCL INFO NET/IB : GPU Direct RDMA Enabled for HCA 0 'mlx5_5'
MOC-R4PCC04U05:708081:708209 [1] NCCL INFO NET/IB : Made virtual device [1] name=mlx5_5 speed=400000 ndevs=1
MOC-R4PCC04U05:708081:708209 [1] NCCL INFO NET/IB : GPU Direct RDMA Enabled for HCA 0 'mlx5_5'
MOC-R4PCC04U05:708081:708209 [1] NCCL INFO NET/IB : GPU Direct RDMA Enabled for HCA 1 'mlx5_5'
MOC-R4PCC04U05:708080:708186 [0] NCCL INFO NET/IB : GPU Direct RDMA Enabled for HCA 0 'mlx5_5'
MOC-R4PCC04U05:708080:708186 [0] NCCL INFO NET/IB : Made virtual device [1] name=mlx5_5 speed=400000 ndevs=1
MOC-R4PCC04U05:708080:708186 [0] NCCL INFO NET/IB : GPU Direct RDMA Enabled for HCA 0 'mlx5_5'
MOC-R4PCC04U05:708080:708186 [0] NCCL INFO NET/IB : GPU Direct RDMA Enabled for HCA 1 'mlx5_5'
MOC-R4PCC04U05:708083:708208 [3] NCCL INFO NET/IB : GPU Direct RDMA Enabled for HCA 0 'mlx5_5'
MOC-R4PCC04U05:708083:708208 [3] NCCL INFO NET/IB : Made virtual device [1] name=mlx5_5 speed=400000 ndevs=1
MOC-R4PCC04U05:708083:708208 [3] NCCL INFO NET/IB : GPU Direct RDMA Enabled for HCA 0 'mlx5_5'
MOC-R4PCC04U05:708083:708208 [3] NCCL INFO NET/IB : GPU Direct RDMA Enabled for HCA 1 'mlx5_5'
MOC-R4PCC04U05:708082:708210 [2] NCCL INFO NET/IB : GPU Direct RDMA Enabled for HCA 0 'mlx5_5'
MOC-R4PCC04U05:708082:708210 [2] NCCL INFO NET/IB : Made virtual device [1] name=mlx5_5 speed=400000 ndevs=1
MOC-R4PCC04U05:708082:708210 [2] NCCL INFO NET/IB : GPU Direct RDMA Enabled for HCA 0 'mlx5_5'
MOC-R4PCC04U05:708082:708210 [2] NCCL INFO NET/IB : GPU Direct RDMA Enabled for HCA 1 'mlx5_5'
MOC-R4PCC04U05:708080:708186 [0] NCCL INFO NCCL_NET_GDR_LEVEL set by environment to LOC
MOC-R4PCC04U05:708080:708186 [0] NCCL INFO GPU Direct RDMA Disabled for GPU 0 / HCA 1 (distance 5 > 0)
MOC-R4PCC04U05:708080:708186 [0] NCCL INFO GPU Direct RDMA Disabled for GPU 1 / HCA 1 (distance 5 > 0)
MOC-R4PCC04U05:708080:708186 [0] NCCL INFO GPU Direct RDMA Disabled for GPU 2 / HCA 1 (distance 5 > 0)
MOC-R4PCC04U05:708080:708186 [0] NCCL INFO GPU Direct RDMA Disabled for GPU 0 / HCA 1 (distance 5 > 0)
MOC-R4PCC04U05:708080:708186 [0] NCCL INFO GPU Direct RDMA Disabled for GPU 1 / HCA 1 (distance 5 > 0)
MOC-R4PCC04U05:708080:708186 [0] NCCL INFO GPU Direct RDMA Disabled for GPU 2 / HCA 1 (distance 5 > 0)
MOC-R4PCC04U05:708083:708208 [3] NCCL INFO NCCL_NET_GDR_LEVEL set by environment to LOC
MOC-R4PCC04U05:708083:708208 [3] NCCL INFO GPU Direct RDMA Disabled for GPU 0 / HCA 1 (distance 5 > 0)
MOC-R4PCC04U05:708083:708208 [3] NCCL INFO GPU Direct RDMA Disabled for GPU 1 / HCA 1 (distance 5 > 0)
MOC-R4PCC04U05:708083:708208 [3] NCCL INFO GPU Direct RDMA Disabled for GPU 2 / HCA 1 (distance 5 > 0)
MOC-R4PCC04U05:708083:708208 [3] NCCL INFO GPU Direct RDMA Disabled for GPU 0 / HCA 1 (distance 5 > 0)
MOC-R4PCC04U05:708083:708208 [3] NCCL INFO GPU Direct RDMA Disabled for GPU 1 / HCA 1 (distance 5 > 0)
MOC-R4PCC04U05:708083:708208 [3] NCCL INFO GPU Direct RDMA Disabled for GPU 2 / HCA 1 (distance 5 > 0)
MOC-R4PCC04U05:708082:708210 [2] NCCL INFO NCCL_NET_GDR_LEVEL set by environment to LOC
MOC-R4PCC04U05:708082:708210 [2] NCCL INFO GPU Direct RDMA Disabled for GPU 0 / HCA 1 (distance 5 > 0)
MOC-R4PCC04U05:708082:708210 [2] NCCL INFO GPU Direct RDMA Disabled for GPU 1 / HCA 1 (distance 5 > 0)
MOC-R4PCC04U05:708082:708210 [2] NCCL INFO GPU Direct RDMA Disabled for GPU 2 / HCA 1 (distance 5 > 0)
MOC-R4PCC04U05:708082:708210 [2] NCCL INFO GPU Direct RDMA Disabled for GPU 0 / HCA 1 (distance 5 > 0)
MOC-R4PCC04U05:708082:708210 [2] NCCL INFO GPU Direct RDMA Disabled for GPU 1 / HCA 1 (distance 5 > 0)
MOC-R4PCC04U05:708082:708210 [2] NCCL INFO GPU Direct RDMA Disabled for GPU 2 / HCA 1 (distance 5 > 0)
MOC-R4PCC04U05:708081:708209 [1] NCCL INFO NCCL_NET_GDR_LEVEL set by environment to LOC
MOC-R4PCC04U05:708081:708209 [1] NCCL INFO GPU Direct RDMA Disabled for GPU 0 / HCA 1 (distance 5 > 0)
MOC-R4PCC04U05:708081:708209 [1] NCCL INFO GPU Direct RDMA Disabled for GPU 1 / HCA 1 (distance 5 > 0)
MOC-R4PCC04U05:708081:708209 [1] NCCL INFO GPU Direct RDMA Disabled for GPU 2 / HCA 1 (distance 5 > 0)
MOC-R4PCC04U05:708081:708209 [1] NCCL INFO GPU Direct RDMA Disabled for GPU 0 / HCA 1 (distance 5 > 0)
MOC-R4PCC04U05:708081:708209 [1] NCCL INFO GPU Direct RDMA Disabled for GPU 1 / HCA 1 (distance 5 > 0)
MOC-R4PCC04U05:708081:708209 [1] NCCL INFO GPU Direct RDMA Disabled for GPU 2 / HCA 1 (distance 5 > 0)
MOC-R4PCC04U05:708081:708223 [1] NCCL INFO New proxy recv connection 0 from local rank 1, transport 0
MOC-R4PCC04U05:708081:708298 [1] NCCL INFO Connected to proxy localRank 1 -> connection 0x7fa4f0004f30
MOC-R4PCC04U05:708081:708223 [1] NCCL INFO New proxy recv connection 1 from local rank 1, transport 0
MOC-R4PCC04U05:708081:708298 [1] NCCL INFO Connected to proxy localRank 1 -> connection 0x7fa4f0004fa8
MOC-R4PCC04U05:708083:708224 [3] NCCL INFO New proxy recv connection 0 from local rank 3, transport 0
MOC-R4PCC04U05:708083:708299 [3] NCCL INFO Connected to proxy localRank 3 -> connection 0x7f8348004f30
MOC-R4PCC04U05:708083:708224 [3] NCCL INFO New proxy recv connection 1 from local rank 3, transport 0
MOC-R4PCC04U05:708083:708299 [3] NCCL INFO Connected to proxy localRank 3 -> connection 0x7f8348004fa8
MOC-R4PCC04U05:708083:708299 [3] NCCL INFO GPU Direct RDMA Disabled for GPU 3 / HCA 1 (distance 7 > 0)
MOC-R4PCC04U05:708082:708227 [2] NCCL INFO New proxy recv connection 0 from local rank 2, transport 0
MOC-R4PCC04U05:708082:708300 [2] NCCL INFO Connected to proxy localRank 2 -> connection 0x7fb6bc004f30
MOC-R4PCC04U05:708082:708227 [2] NCCL INFO New proxy recv connection 1 from local rank 2, transport 0
MOC-R4PCC04U05:708082:708300 [2] NCCL INFO Connected to proxy localRank 2 -> connection 0x7fb6bc004fa8
MOC-R4PCC04U05:708080:708225 [0] NCCL INFO New proxy send connection 0 from local rank 0, transport 0
MOC-R4PCC04U05:708080:708301 [0] NCCL INFO Connected to proxy localRank 0 -> connection 0x7ff624004f30
MOC-R4PCC04U05:708080:708225 [0] NCCL INFO New proxy send connection 1 from local rank 0, transport 0
MOC-R4PCC04U05:708080:708301 [0] NCCL INFO Connected to proxy localRank 0 -> connection 0x7ff624004fa8
MOC-R4PCC04U05:708082:708300 [2] NCCL INFO GPU Direct RDMA Disabled for GPU 2 / HCA 1 (distance 7 > 0)
MOC-R4PCC04U05:708080:708225 [0] NCCL INFO New proxy send connection 2 from local rank 0, transport 0
MOC-R4PCC04U05:708080:708301 [0] NCCL INFO Connected to proxy localRank 0 -> connection 0x7ff624005020
MOC-R4PCC04U05:708080:708225 [0] NCCL INFO New proxy send connection 3 from local rank 0, transport 0
MOC-R4PCC04U05:708080:708301 [0] NCCL INFO Connected to proxy localRank 0 -> connection 0x7ff624005098
MOC-R4PCC04U05:708083:708224 [3] NCCL INFO New proxy send connection 2 from local rank 3, transport 2
MOC-R4PCC04U05:708083:708299 [3] NCCL INFO Connected to proxy localRank 3 -> connection 0x7f8348005020
MOC-R4PCC04U05:708083:708299 [3] NCCL INFO Channel 00/0 : 3[3] -> 6[2] [send] via NET/IB/1
MOC-R4PCC04U05:708083:708299 [3] NCCL INFO GPU Direct RDMA Disabled for GPU 3 / HCA 1 (distance 7 > 0)
MOC-R4PCC04U05:708083:708224 [3] NCCL INFO New proxy send connection 3 from local rank 3, transport 2
MOC-R4PCC04U05:708083:708299 [3] NCCL INFO Connected to proxy localRank 3 -> connection 0x7f8348005098
MOC-R4PCC04U05:708083:708299 [3] NCCL INFO Channel 02/0 : 3[3] -> 6[2] [send] via NET/IB/1
MOC-R4PCC04U05:708080:708225 [0] NCCL INFO New proxy recv connection 4 from local rank 0, transport 0
MOC-R4PCC04U05:708080:708301 [0] NCCL INFO Connected to proxy localRank 0 -> connection 0x7ff624005110
MOC-R4PCC04U05:708083:708299 [3] NCCL INFO GPU Direct RDMA Disabled for GPU 3 / HCA 1 (distance 7 > 0)
MOC-R4PCC04U05:708083:708224 [3] NCCL INFO New proxy recv connection 4 from local rank 3, transport 2
MOC-R4PCC04U05:708083:708299 [3] NCCL INFO Connected to proxy localRank 3 -> connection 0x7f8348005110
MOC-R4PCC04U05:708083:708299 [3] NCCL INFO Channel 01/0 : 14[2] -> 3[3] [receive] via NET/IB/1
MOC-R4PCC04U05:708083:708299 [3] NCCL INFO GPU Direct RDMA Disabled for GPU 3 / HCA 1 (distance 7 > 0)
MOC-R4PCC04U05:708083:708224 [3] NCCL INFO New proxy recv connection 5 from local rank 3, transport 2
MOC-R4PCC04U05:708083:708299 [3] NCCL INFO Connected to proxy localRank 3 -> connection 0x7f8348005188
MOC-R4PCC04U05:708083:708299 [3] NCCL INFO Channel 03/0 : 14[2] -> 3[3] [receive] via NET/IB/1
MOC-R4PCC04U05:708080:708225 [0] NCCL INFO New proxy recv connection 5 from local rank 0, transport 0
MOC-R4PCC04U05:708080:708301 [0] NCCL INFO Connected to proxy localRank 0 -> connection 0x7ff624005188
MOC-R4PCC04U05:708080:708225 [0] NCCL INFO New proxy recv connection 6 from local rank 0, transport 0
MOC-R4PCC04U05:708080:708301 [0] NCCL INFO Connected to proxy localRank 0 -> connection 0x7ff624005200
MOC-R4PCC04U05:708080:708225 [0] NCCL INFO New proxy recv connection 7 from local rank 0, transport 0
MOC-R4PCC04U05:708080:708301 [0] NCCL INFO Connected to proxy localRank 0 -> connection 0x7ff624005278
MOC-R4PCC04U05:708082:708227 [2] NCCL INFO New proxy recv connection 2 from local rank 2, transport 2
MOC-R4PCC04U05:708082:708300 [2] NCCL INFO Connected to proxy localRank 2 -> connection 0x7fb6bc005020
MOC-R4PCC04U05:708082:708300 [2] NCCL INFO Channel 00/0 : 15[3] -> 2[2] [receive] via NET/IB/1
MOC-R4PCC04U05:708082:708300 [2] NCCL INFO GPU Direct RDMA Disabled for GPU 2 / HCA 1 (distance 7 > 0)
MOC-R4PCC04U05:708082:708227 [2] NCCL INFO New proxy recv connection 3 from local rank 2, transport 2
MOC-R4PCC04U05:708082:708300 [2] NCCL INFO Connected to proxy localRank 2 -> connection 0x7fb6bc005098
MOC-R4PCC04U05:708082:708300 [2] NCCL INFO Channel 02/0 : 15[3] -> 2[2] [receive] via NET/IB/1
MOC-R4PCC04U05:708083:708224 [3] NCCL INFO New proxy send connection 6 from local rank 3, transport 0
MOC-R4PCC04U05:708083:708299 [3] NCCL INFO Connected to proxy localRank 3 -> connection 0x7f8348005200
MOC-R4PCC04U05:708083:708224 [3] NCCL INFO New proxy send connection 7 from local rank 3, transport 0
MOC-R4PCC04U05:708083:708299 [3] NCCL INFO Connected to proxy localRank 3 -> connection 0x7f8348005278
MOC-R4PCC04U05:708081:708223 [1] NCCL INFO New proxy recv connection 2 from local rank 1, transport 0
MOC-R4PCC04U05:708081:708298 [1] NCCL INFO Connected to proxy localRank 1 -> connection 0x7fa4f0005020
MOC-R4PCC04U05:708080:708225 [0] NCCL INFO New proxy send connection 8 from local rank 3, transport 0
MOC-R4PCC04U05:708083:708299 [3] NCCL INFO Connected to proxy localRank 0 -> connection 0x7ff6240052f0
MOC-R4PCC04U05:708081:708223 [1] NCCL INFO New proxy recv connection 3 from local rank 1, transport 0
MOC-R4PCC04U05:708081:708298 [1] NCCL INFO Connected to proxy localRank 1 -> connection 0x7fa4f0005098
MOC-R4PCC04U05:708081:708223 [1] NCCL INFO New proxy send connection 4 from local rank 1, transport 0
MOC-R4PCC04U05:708081:708298 [1] NCCL INFO Connected to proxy localRank 1 -> connection 0x7fa4f0005110
MOC-R4PCC04U05:708082:708300 [2] NCCL INFO GPU Direct RDMA Disabled for GPU 2 / HCA 1 (distance 7 > 0)
MOC-R4PCC04U05:708082:708227 [2] NCCL INFO New proxy send connection 4 from local rank 2, transport 2
MOC-R4PCC04U05:708082:708300 [2] NCCL INFO Connected to proxy localRank 2 -> connection 0x7fb6bc005110
MOC-R4PCC04U05:708082:708300 [2] NCCL INFO Channel 01/0 : 2[2] -> 7[3] [send] via NET/IB/1
MOC-R4PCC04U05:708082:708300 [2] NCCL INFO GPU Direct RDMA Disabled for GPU 2 / HCA 1 (distance 7 > 0)
MOC-R4PCC04U05:708082:708227 [2] NCCL INFO New proxy send connection 5 from local rank 2, transport 2
MOC-R4PCC04U05:708082:708300 [2] NCCL INFO Connected to proxy localRank 2 -> connection 0x7fb6bc005188
MOC-R4PCC04U05:708082:708300 [2] NCCL INFO Channel 03/0 : 2[2] -> 7[3] [send] via NET/IB/1
MOC-R4PCC04U05:708082:708227 [2] NCCL INFO New proxy send connection 6 from local rank 2, transport 0
MOC-R4PCC04U05:708082:708300 [2] NCCL INFO Connected to proxy localRank 2 -> connection 0x7fb6bc005200
MOC-R4PCC04U05:708081:708223 [1] NCCL INFO New proxy send connection 5 from local rank 1, transport 0
MOC-R4PCC04U05:708081:708298 [1] NCCL INFO Connected to proxy localRank 1 -> connection 0x7fa4f0005188
MOC-R4PCC04U05:708082:708227 [2] NCCL INFO New proxy send connection 7 from local rank 2, transport 0
MOC-R4PCC04U05:708082:708300 [2] NCCL INFO Connected to proxy localRank 2 -> connection 0x7fb6bc005278
MOC-R4PCC04U05:708081:708223 [1] NCCL INFO New proxy send connection 6 from local rank 1, transport 0
MOC-R4PCC04U05:708081:708298 [1] NCCL INFO Connected to proxy localRank 1 -> connection 0x7fa4f0005200
MOC-R4PCC04U05:708081:708223 [1] NCCL INFO New proxy send connection 7 from local rank 1, transport 0
MOC-R4PCC04U05:708081:708298 [1] NCCL INFO Connected to proxy localRank 1 -> connection 0x7fa4f0005278
MOC-R4PCC04U05:708081:708223 [1] NCCL INFO New proxy send connection 8 from local rank 3, transport 0
MOC-R4PCC04U05:708083:708299 [3] NCCL INFO Connected to proxy localRank 1 -> connection 0x7fa4f00052f0
MOC-R4PCC04U05:708083:708224 [3] NCCL INFO New proxy send connection 8 from local rank 1, transport 0
MOC-R4PCC04U05:708080:708225 [0] NCCL INFO New proxy send connection 9 from local rank 2, transport 0
MOC-R4PCC04U05:708081:708298 [1] NCCL INFO Connected to proxy localRank 3 -> connection 0x7f83480052f0
MOC-R4PCC04U05:708082:708227 [2] NCCL INFO New proxy send connection 8 from local rank 0, transport 0
MOC-R4PCC04U05:708082:708300 [2] NCCL INFO Connected to proxy localRank 0 -> connection 0x7ff624005368
MOC-R4PCC04U05:708080:708301 [0] NCCL INFO Connected to proxy localRank 2 -> connection 0x7fb6bc0052f0
MOC-R4PCC04U05:708081:708223 [1] NCCL INFO New proxy send connection 9 from local rank 2, transport 0
MOC-R4PCC04U05:708082:708300 [2] NCCL INFO Connected to proxy localRank 1 -> connection 0x7fa4f0005368
MOC-R4PCC04U05:708080:708225 [0] NCCL INFO New proxy send connection 10 from local rank 1, transport 0
MOC-R4PCC04U05:708081:708298 [1] NCCL INFO Connected to proxy localRank 0 -> connection 0x7ff6240053e0
MOC-R4PCC04U05:708082:708227 [2] NCCL INFO NET/IB: NCCL Dev 1 IbDev 0 Port 1 qpn 11642 mtu 3 query_ece={supported=1, vendor_id=0x15b3, options=0x30000002, comp_mask=0x0} GID 3 (0/C132A8C0FFFF0000) fifoRkey=0x174705 fifoLkey=0x174705
MOC-R4PCC04U05:708083:708224 [3] NCCL INFO New proxy send connection 9 from local rank 0, transport 0
MOC-R4PCC04U05:708080:708301 [0] NCCL INFO Connected to proxy localRank 3 -> connection 0x7f8348005368
MOC-R4PCC04U05:708082:708227 [2] NCCL INFO NET/IB: NCCL Dev 1 IbDev 0 Port 1 qpn 11643 mtu 3 query_ece={supported=1, vendor_id=0x15b3, options=0x30000002, comp_mask=0x0} GID 3 (0/C132A8C0FFFF0000) fifoRkey=0x17a767 fifoLkey=0x17a767
MOC-R4PCC04U05:708082:708227 [2] NCCL INFO NET/IB: IbDev 0 Port 1 qpn 11968 set_ece={supported=1, vendor_id=0x15b3, options=0x0, comp_mask=0x0}
MOC-R4PCC04U05:708082:708227 [2] NCCL INFO NET/IB: IbDev 0 Port 1 qpn 11970 set_ece={supported=1, vendor_id=0x15b3, options=0x0, comp_mask=0x0}
MOC-R4PCC04U05:708083:708224 [3] NCCL INFO NET/IB: NCCL Dev 1 IbDev 0 Port 1 qpn 11648 mtu 3 query_ece={supported=1, vendor_id=0x15b3, options=0x30000002, comp_mask=0x0} GID 3 (0/C132A8C0FFFF0000) fifoRkey=0x17904f fifoLkey=0x17904f
MOC-R4PCC04U05:708083:708224 [3] NCCL INFO NET/IB: NCCL Dev 1 IbDev 0 Port 1 qpn 11649 mtu 3 query_ece={supported=1, vendor_id=0x15b3, options=0x30000002, comp_mask=0x0} GID 3 (0/C132A8C0FFFF0000) fifoRkey=0x179c5b fifoLkey=0x179c5b
MOC-R4PCC04U05:708083:708224 [3] NCCL INFO NET/IB: IbDev 0 Port 1 qpn 11972 set_ece={supported=1, vendor_id=0x15b3, options=0x0, comp_mask=0x0}
MOC-R4PCC04U05:708083:708224 [3] NCCL INFO NET/IB: IbDev 0 Port 1 qpn 11974 set_ece={supported=1, vendor_id=0x15b3, options=0x0, comp_mask=0x0}
MOC-R4PCC04U05:708081:708223 [1] NCCL INFO New proxy send connection 10 from local rank 0, transport 0
MOC-R4PCC04U05:708080:708301 [0] NCCL INFO Connected to proxy localRank 1 -> connection 0x7fa4f00053e0
MOC-R4PCC04U05:708082:708227 [2] NCCL INFO New proxy send connection 9 from local rank 1, transport 0
MOC-R4PCC04U05:708081:708298 [1] NCCL INFO Connected to proxy localRank 2 -> connection 0x7fb6bc005368
num decayed parameter tensors: 50, with 124,318,464 parameters
num non-decayed parameter tensors: 98, with 121,344 parameters
using fused AdamW: False
using regular AdamW
MOC-R4PCC04U05:708083:708224 [3] NCCL INFO New proxy recv connection 10 from local rank 3, transport 0
MOC-R4PCC04U05:708083:708925 [3] NCCL INFO Connected to proxy localRank 3 -> connection 0x7f83480053e0
MOC-R4PCC04U05:708083:708224 [3] NCCL INFO New proxy recv connection 11 from local rank 3, transport 0
MOC-R4PCC04U05:708083:708925 [3] NCCL INFO Connected to proxy localRank 3 -> connection 0x7f8348005458
MOC-R4PCC04U05:708082:708227 [2] NCCL INFO New proxy recv connection 10 from local rank 2, transport 0
MOC-R4PCC04U05:708082:708926 [2] NCCL INFO Connected to proxy localRank 2 -> connection 0x7fb6bc0053e0
MOC-R4PCC04U05:708082:708227 [2] NCCL INFO New proxy recv connection 11 from local rank 2, transport 0
MOC-R4PCC04U05:708082:708926 [2] NCCL INFO Connected to proxy localRank 2 -> connection 0x7fb6bc005458
MOC-R4PCC04U05:708082:708227 [2] NCCL INFO New proxy recv connection 12 from local rank 2, transport 0
MOC-R4PCC04U05:708082:708926 [2] NCCL INFO Connected to proxy localRank 2 -> connection 0x7fb6bc0054d0
MOC-R4PCC04U05:708082:708227 [2] NCCL INFO New proxy recv connection 13 from local rank 2, transport 0
MOC-R4PCC04U05:708082:708926 [2] NCCL INFO Connected to proxy localRank 2 -> connection 0x7fb6bc005548
MOC-R4PCC04U05:708081:708223 [1] NCCL INFO New proxy recv connection 11 from local rank 1, transport 0
MOC-R4PCC04U05:708081:708927 [1] NCCL INFO Connected to proxy localRank 1 -> connection 0x7fa4f0005458
MOC-R4PCC04U05:708081:708223 [1] NCCL INFO New proxy recv connection 12 from local rank 1, transport 0
MOC-R4PCC04U05:708081:708927 [1] NCCL INFO Connected to proxy localRank 1 -> connection 0x7fa4f00054d0
MOC-R4PCC04U05:708081:708223 [1] NCCL INFO New proxy recv connection 13 from local rank 1, transport 0
MOC-R4PCC04U05:708081:708927 [1] NCCL INFO Connected to proxy localRank 1 -> connection 0x7fa4f0005548
MOC-R4PCC04U05:708081:708223 [1] NCCL INFO New proxy recv connection 14 from local rank 1, transport 0
MOC-R4PCC04U05:708081:708927 [1] NCCL INFO Connected to proxy localRank 1 -> connection 0x7fa4f00055c0
MOC-R4PCC04U05:708081:708223 [1] NCCL INFO New proxy send connection 15 from local rank 1, transport 0
MOC-R4PCC04U05:708081:708927 [1] NCCL INFO Connected to proxy localRank 1 -> connection 0x7fa4f0005638
MOC-R4PCC04U05:708081:708223 [1] NCCL INFO New proxy send connection 16 from local rank 1, transport 0
MOC-R4PCC04U05:708081:708927 [1] NCCL INFO Connected to proxy localRank 1 -> connection 0x7fa4f00056b0
MOC-R4PCC04U05:708081:708223 [1] NCCL INFO New proxy send connection 17 from local rank 1, transport 0
MOC-R4PCC04U05:708081:708927 [1] NCCL INFO Connected to proxy localRank 1 -> connection 0x7fa4f0005728
MOC-R4PCC04U05:708081:708223 [1] NCCL INFO New proxy send connection 18 from local rank 1, transport 0
MOC-R4PCC04U05:708081:708927 [1] NCCL INFO Connected to proxy localRank 1 -> connection 0x7fa4f00057a0
MOC-R4PCC04U05:708082:708227 [2] NCCL INFO New proxy send connection 14 from local rank 2, transport 0
MOC-R4PCC04U05:708082:708926 [2] NCCL INFO Connected to proxy localRank 2 -> connection 0x7fb6bc0055c0
MOC-R4PCC04U05:708082:708227 [2] NCCL INFO New proxy send connection 15 from local rank 2, transport 0
MOC-R4PCC04U05:708082:708926 [2] NCCL INFO Connected to proxy localRank 2 -> connection 0x7fb6bc005638
MOC-R4PCC04U05:708080:708225 [0] NCCL INFO New proxy send connection 11 from local rank 0, transport 0
MOC-R4PCC04U05:708080:708928 [0] NCCL INFO Connected to proxy localRank 0 -> connection 0x7ff624005458
MOC-R4PCC04U05:708080:708225 [0] NCCL INFO New proxy send connection 12 from local rank 0, transport 0
MOC-R4PCC04U05:708080:708928 [0] NCCL INFO Connected to proxy localRank 0 -> connection 0x7ff6240054d0
MOC-R4PCC04U05:708080:708225 [0] NCCL INFO New proxy send connection 13 from local rank 0, transport 0
MOC-R4PCC04U05:708080:708928 [0] NCCL INFO Connected to proxy localRank 0 -> connection 0x7ff624005548
MOC-R4PCC04U05:708080:708225 [0] NCCL INFO New proxy send connection 14 from local rank 0, transport 0
MOC-R4PCC04U05:708080:708928 [0] NCCL INFO Connected to proxy localRank 0 -> connection 0x7ff6240055c0
MOC-R4PCC04U05:708081:708223 [1] NCCL INFO New proxy recv connection 19 from local rank 1, transport 0
MOC-R4PCC04U05:708081:708927 [1] NCCL INFO Connected to proxy localRank 1 -> connection 0x7fa4f0005818
MOC-R4PCC04U05:708080:708225 [0] NCCL INFO New proxy send connection 15 from local rank 0, transport 0
MOC-R4PCC04U05:708080:708928 [0] NCCL INFO Connected to proxy localRank 0 -> connection 0x7ff624005638
MOC-R4PCC04U05:708080:708225 [0] NCCL INFO New proxy send connection 16 from local rank 0, transport 0
MOC-R4PCC04U05:708080:708928 [0] NCCL INFO Connected to proxy localRank 0 -> connection 0x7ff6240056b0
MOC-R4PCC04U05:708081:708223 [1] NCCL INFO New proxy recv connection 20 from local rank 1, transport 0
MOC-R4PCC04U05:708081:708927 [1] NCCL INFO Connected to proxy localRank 1 -> connection 0x7fa4f0005890
MOC-R4PCC04U05:708080:708225 [0] NCCL INFO New proxy recv connection 17 from local rank 0, transport 0
MOC-R4PCC04U05:708080:708928 [0] NCCL INFO Connected to proxy localRank 0 -> connection 0x7ff624005728
MOC-R4PCC04U05:708083:708925 [3] NCCL INFO GPU Direct RDMA Disabled for GPU 3 / HCA 1 (distance 7 > 0)
MOC-R4PCC04U05:708083:708224 [3] NCCL INFO New proxy send connection 12 from local rank 3, transport 2
MOC-R4PCC04U05:708083:708925 [3] NCCL INFO Connected to proxy localRank 3 -> connection 0x7f83480054d0
MOC-R4PCC04U05:708080:708225 [0] NCCL INFO New proxy recv connection 18 from local rank 0, transport 0
MOC-R4PCC04U05:708080:708928 [0] NCCL INFO Connected to proxy localRank 0 -> connection 0x7ff6240057a0
MOC-R4PCC04U05:708083:708925 [3] NCCL INFO Channel 02/0 : 3[3] -> 7[3] [send] via NET/IB/1
MOC-R4PCC04U05:708083:708925 [3] NCCL INFO GPU Direct RDMA Disabled for GPU 3 / HCA 1 (distance 7 > 0)
MOC-R4PCC04U05:708083:708224 [3] NCCL INFO New proxy send connection 13 from local rank 3, transport 2
MOC-R4PCC04U05:708083:708925 [3] NCCL INFO Connected to proxy localRank 3 -> connection 0x7f8348005548
MOC-R4PCC04U05:708083:708925 [3] NCCL INFO Channel 03/0 : 3[3] -> 7[3] [send] via NET/IB/1
MOC-R4PCC04U05:708080:708225 [0] NCCL INFO New proxy recv connection 19 from local rank 0, transport 0
MOC-R4PCC04U05:708080:708928 [0] NCCL INFO Connected to proxy localRank 0 -> connection 0x7ff624005818
MOC-R4PCC04U05:708080:708225 [0] NCCL INFO New proxy recv connection 20 from local rank 0, transport 0
MOC-R4PCC04U05:708080:708928 [0] NCCL INFO Connected to proxy localRank 0 -> connection 0x7ff624005890
MOC-R4PCC04U05:708083:708925 [3] NCCL INFO GPU Direct RDMA Disabled for GPU 3 / HCA 1 (distance 7 > 0)
MOC-R4PCC04U05:708083:708224 [3] NCCL INFO New proxy recv connection 14 from local rank 3, transport 2
MOC-R4PCC04U05:708083:708925 [3] NCCL INFO Connected to proxy localRank 3 -> connection 0x7f83480055c0
MOC-R4PCC04U05:708083:708925 [3] NCCL INFO Channel 00/0 : 11[3] -> 3[3] [receive] via NET/IB/1
MOC-R4PCC04U05:708083:708925 [3] NCCL INFO GPU Direct RDMA Disabled for GPU 3 / HCA 1 (distance 7 > 0)
MOC-R4PCC04U05:708083:708224 [3] NCCL INFO New proxy recv connection 15 from local rank 3, transport 2
MOC-R4PCC04U05:708083:708925 [3] NCCL INFO Connected to proxy localRank 3 -> connection 0x7f8348005638
MOC-R4PCC04U05:708083:708925 [3] NCCL INFO Channel 01/0 : 11[3] -> 3[3] [receive] via NET/IB/1
MOC-R4PCC04U05:708083:708925 [3] NCCL INFO GPU Direct RDMA Disabled for GPU 3 / HCA 1 (distance 7 > 0)
MOC-R4PCC04U05:708083:708224 [3] NCCL INFO New proxy send connection 16 from local rank 3, transport 2
MOC-R4PCC04U05:708083:708925 [3] NCCL INFO Connected to proxy localRank 3 -> connection 0x7f83480056b0
MOC-R4PCC04U05:708083:708925 [3] NCCL INFO Channel 00/0 : 3[3] -> 11[3] [send] via NET/IB/1
MOC-R4PCC04U05:708083:708925 [3] NCCL INFO GPU Direct RDMA Disabled for GPU 3 / HCA 1 (distance 7 > 0)
MOC-R4PCC04U05:708083:708224 [3] NCCL INFO New proxy send connection 17 from local rank 3, transport 2
MOC-R4PCC04U05:708083:708925 [3] NCCL INFO Connected to proxy localRank 3 -> connection 0x7f8348005728
MOC-R4PCC04U05:708083:708925 [3] NCCL INFO Channel 01/0 : 3[3] -> 11[3] [send] via NET/IB/1
MOC-R4PCC04U05:708083:708925 [3] NCCL INFO GPU Direct RDMA Disabled for GPU 3 / HCA 1 (distance 7 > 0)
MOC-R4PCC04U05:708083:708224 [3] NCCL INFO New proxy recv connection 18 from local rank 3, transport 2
MOC-R4PCC04U05:708083:708925 [3] NCCL INFO Connected to proxy localRank 3 -> connection 0x7f83480057a0
MOC-R4PCC04U05:708083:708925 [3] NCCL INFO Channel 02/0 : 7[3] -> 3[3] [receive] via NET/IB/1
MOC-R4PCC04U05:708083:708925 [3] NCCL INFO GPU Direct RDMA Disabled for GPU 3 / HCA 1 (distance 7 > 0)
MOC-R4PCC04U05:708083:708224 [3] NCCL INFO New proxy recv connection 19 from local rank 3, transport 2
MOC-R4PCC04U05:708083:708925 [3] NCCL INFO Connected to proxy localRank 3 -> connection 0x7f8348005818
MOC-R4PCC04U05:708083:708925 [3] NCCL INFO Channel 03/0 : 7[3] -> 3[3] [receive] via NET/IB/1
MOC-R4PCC04U05:708083:708224 [3] NCCL INFO New proxy send connection 20 from local rank 3, transport 0
MOC-R4PCC04U05:708083:708925 [3] NCCL INFO Connected to proxy localRank 3 -> connection 0x7f8348005890
MOC-R4PCC04U05:708083:708224 [3] NCCL INFO New proxy send connection 21 from local rank 3, transport 0
MOC-R4PCC04U05:708083:708925 [3] NCCL INFO Connected to proxy localRank 3 -> connection 0x7f8348005908
MOC-R4PCC04U05:708083:708224 [3] NCCL INFO New proxy send connection 22 from local rank 3, transport 0
MOC-R4PCC04U05:708083:708925 [3] NCCL INFO Connected to proxy localRank 3 -> connection 0x7f8348005980
MOC-R4PCC04U05:708083:708224 [3] NCCL INFO New proxy send connection 23 from local rank 3, transport 0
MOC-R4PCC04U05:708083:708925 [3] NCCL INFO Connected to proxy localRank 3 -> connection 0x7f83480059f8
MOC-R4PCC04U05:708083:708224 [3] NCCL INFO NET/IB: NCCL Dev 1 IbDev 0 Port 1 qpn 11654 mtu 3 query_ece={supported=1, vendor_id=0x15b3, options=0x30000002, comp_mask=0x0} GID 3 (0/C132A8C0FFFF0000) fifoRkey=0x173af9 fifoLkey=0x173af9
MOC-R4PCC04U05:708083:708224 [3] NCCL INFO NET/IB: NCCL Dev 1 IbDev 0 Port 1 qpn 11655 mtu 3 query_ece={supported=1, vendor_id=0x15b3, options=0x30000002, comp_mask=0x0} GID 3 (0/C132A8C0FFFF0000) fifoRkey=0x17b372 fifoLkey=0x17b372
MOC-R4PCC04U05:708083:708224 [3] NCCL INFO NET/IB: NCCL Dev 1 IbDev 0 Port 1 qpn 11656 mtu 3 query_ece={supported=1, vendor_id=0x15b3, options=0x30000002, comp_mask=0x0} GID 3 (0/C132A8C0FFFF0000) fifoRkey=0x1722e1 fifoLkey=0x1722e1
MOC-R4PCC04U05:708083:708224 [3] NCCL INFO NET/IB: IbDev 0 Port 1 qpn 9423 set_ece={supported=1, vendor_id=0x15b3, options=0x0, comp_mask=0x0}
MOC-R4PCC04U05:708083:708224 [3] NCCL INFO NET/IB: IbDev 0 Port 1 qpn 11982 set_ece={supported=1, vendor_id=0x15b3, options=0x0, comp_mask=0x0}
MOC-R4PCC04U05:708083:708224 [3] NCCL INFO NET/IB: IbDev 0 Port 1 qpn 11985 set_ece={supported=1, vendor_id=0x15b3, options=0x0, comp_mask=0x0}
MOC-R4PCC04U05:708083:708224 [3] NCCL INFO NET/IB: NCCL Dev 1 IbDev 0 Port 1 qpn 11659 mtu 3 query_ece={supported=1, vendor_id=0x15b3, options=0x30000002, comp_mask=0x0} GID 3 (0/C132A8C0FFFF0000) fifoRkey=0x17bf7e fifoLkey=0x17bf7e
MOC-R4PCC04U05:708083:708224 [3] NCCL INFO NET/IB: IbDev 0 Port 1 qpn 9436 set_ece={supported=1, vendor_id=0x15b3, options=0x0, comp_mask=0x0}
step    1/10 | train loss 11.008971 | norm 15.7109 | lr 1.00e-04 | (14228.19 ms | 36849 tok/s)
step    2/10 | train loss 10.123245 | norm 5.8020 | lr 1.00e-04 | (142.42 ms | 3681212 tok/s)
step    3/10 | train loss 9.777220 | norm 2.6313 | lr 1.00e-04 | (139.26 ms | 3764858 tok/s)
step    4/10 | train loss 9.607366 | norm 2.1166 | lr 1.00e-04 | (138.59 ms | 3783084 tok/s)
step    5/10 | train loss 9.524717 | norm 2.1075 | lr 1.00e-04 | (137.21 ms | 3821192 tok/s)
step    6/10 | train loss 9.443522 | norm 2.0013 | lr 1.00e-04 | (138.26 ms | 3792008 tok/s)
step    7/10 | train loss 9.358720 | norm 1.9491 | lr 1.00e-04 | (138.73 ms | 3779241 tok/s)
step    8/10 | train loss 9.269139 | norm 1.9124 | lr 1.00e-04 | (138.20 ms | 3793624 tok/s)
step    9/10 | train loss 9.176626 | norm 1.8636 | lr 1.00e-04 | (136.68 ms | 3835816 tok/s)
step   10/10 | train loss 9.088066 | norm 1.7782 | lr 1.00e-04 | (138.73 ms | 3779150 tok/s)
final 9 iters avg: 138.676ms
peak memory consumption: 16121 MiB
