Running pytorch 2.7.0+cu126
using device: cuda:0
total desired batch size: 786432
=> calculated gradient accumulation steps: 2
using device: cuda:2
using device: cuda:3
using device: cuda:1
compiling the model...
DataLoader: total number of tokens: 1,661,249,667 across 103 files
MOC-R4PCC04U05:596872:596872 [0] NCCL INFO NCCL_SOCKET_IFNAME set to eno7np0
MOC-R4PCC04U05:596872:596872 [0] NCCL INFO NCCL version 2.26.2+cuda12.2
MOC-R4PCC04U05:596872:596978 [0] NCCL INFO NET/Plugin: Could not find: libnccl-net.so. Using internal net plugin.
MOC-R4PCC04U05:596872:596978 [0] NCCL INFO NET/Socket : Using [0]eno7np0:192.168.50.193<0>
MOC-R4PCC04U05:596875:596875 [3] NCCL INFO NCCL_SOCKET_IFNAME set to eno7np0
MOC-R4PCC04U05:596875:596875 [3] NCCL INFO NCCL version 2.26.2+cuda12.2
MOC-R4PCC04U05:596874:596874 [2] NCCL INFO NCCL_SOCKET_IFNAME set to eno7np0
MOC-R4PCC04U05:596874:596874 [2] NCCL INFO NCCL version 2.26.2+cuda12.2
MOC-R4PCC04U05:596873:596873 [1] NCCL INFO NCCL_SOCKET_IFNAME set to eno7np0
MOC-R4PCC04U05:596873:596873 [1] NCCL INFO NCCL version 2.26.2+cuda12.2
MOC-R4PCC04U05:596874:597001 [2] NCCL INFO NET/Plugin: Could not find: libnccl-net.so. Using internal net plugin.
MOC-R4PCC04U05:596875:597000 [3] NCCL INFO NET/Plugin: Could not find: libnccl-net.so. Using internal net plugin.
MOC-R4PCC04U05:596875:597000 [3] NCCL INFO NET/Socket : Using [0]eno7np0:192.168.50.193<0>
MOC-R4PCC04U05:596874:597001 [2] NCCL INFO NET/Socket : Using [0]eno7np0:192.168.50.193<0>
MOC-R4PCC04U05:596873:597002 [1] NCCL INFO NET/Plugin: Could not find: libnccl-net.so. Using internal net plugin.
MOC-R4PCC04U05:596873:597002 [1] NCCL INFO NET/Socket : Using [0]eno7np0:192.168.50.193<0>
MOC-R4PCC04U05:596875:597000 [3] NCCL INFO NET/Socket : GPU Direct RDMA Disabled for HCA 0 'eno7np0'
MOC-R4PCC04U05:596874:597001 [2] NCCL INFO NET/Socket : GPU Direct RDMA Disabled for HCA 0 'eno7np0'
MOC-R4PCC04U05:596872:596978 [0] NCCL INFO NET/Socket : GPU Direct RDMA Disabled for HCA 0 'eno7np0'
MOC-R4PCC04U05:596873:597002 [1] NCCL INFO NET/Socket : GPU Direct RDMA Disabled for HCA 0 'eno7np0'
MOC-R4PCC04U05:596874:597012 [2] NCCL INFO New proxy recv connection 0 from local rank 2, transport 0
MOC-R4PCC04U05:596874:597019 [2] NCCL INFO Connected to proxy localRank 2 -> connection 0x7fa4d4004f30
MOC-R4PCC04U05:596872:597015 [0] NCCL INFO New proxy send connection 0 from local rank 0, transport 0
MOC-R4PCC04U05:596872:597020 [0] NCCL INFO Connected to proxy localRank 0 -> connection 0x7f0aa0004f30
MOC-R4PCC04U05:596873:597011 [1] NCCL INFO New proxy recv connection 0 from local rank 1, transport 0
MOC-R4PCC04U05:596873:597021 [1] NCCL INFO Connected to proxy localRank 1 -> connection 0x7f5db8004f30
MOC-R4PCC04U05:596874:597012 [2] NCCL INFO New proxy recv connection 1 from local rank 2, transport 0
MOC-R4PCC04U05:596874:597019 [2] NCCL INFO Connected to proxy localRank 2 -> connection 0x7fa4d4004fa8
MOC-R4PCC04U05:596872:597015 [0] NCCL INFO New proxy send connection 1 from local rank 0, transport 0
MOC-R4PCC04U05:596872:597020 [0] NCCL INFO Connected to proxy localRank 0 -> connection 0x7f0aa0004fa8
MOC-R4PCC04U05:596873:597011 [1] NCCL INFO New proxy recv connection 1 from local rank 1, transport 0
MOC-R4PCC04U05:596873:597021 [1] NCCL INFO Connected to proxy localRank 1 -> connection 0x7f5db8004fa8
MOC-R4PCC04U05:596872:597015 [0] NCCL INFO New proxy send connection 2 from local rank 0, transport 0
MOC-R4PCC04U05:596872:597020 [0] NCCL INFO Connected to proxy localRank 0 -> connection 0x7f0aa0005020
MOC-R4PCC04U05:596872:597015 [0] NCCL INFO New proxy send connection 3 from local rank 0, transport 0
MOC-R4PCC04U05:596872:597020 [0] NCCL INFO Connected to proxy localRank 0 -> connection 0x7f0aa0005098
MOC-R4PCC04U05:596875:597010 [3] NCCL INFO New proxy recv connection 0 from local rank 3, transport 0
MOC-R4PCC04U05:596875:597023 [3] NCCL INFO Connected to proxy localRank 3 -> connection 0x7f4fb0004f30
MOC-R4PCC04U05:596875:597010 [3] NCCL INFO New proxy recv connection 1 from local rank 3, transport 0
MOC-R4PCC04U05:596875:597023 [3] NCCL INFO Connected to proxy localRank 3 -> connection 0x7f4fb0004fa8
MOC-R4PCC04U05:596874:597012 [2] NCCL INFO New proxy recv connection 2 from local rank 2, transport 2
MOC-R4PCC04U05:596874:597019 [2] NCCL INFO Connected to proxy localRank 2 -> connection 0x7fa4d4005020
MOC-R4PCC04U05:596874:597019 [2] NCCL INFO Channel 00/0 : 11[3] -> 2[2] [receive] via NET/Socket/0
MOC-R4PCC04U05:596874:597012 [2] NCCL INFO New proxy recv connection 3 from local rank 2, transport 2
MOC-R4PCC04U05:596874:597019 [2] NCCL INFO Connected to proxy localRank 2 -> connection 0x7fa4d4005098
MOC-R4PCC04U05:596874:597019 [2] NCCL INFO Channel 02/0 : 11[3] -> 2[2] [receive] via NET/Socket/0
MOC-R4PCC04U05:596874:597012 [2] NCCL INFO New proxy send connection 4 from local rank 2, transport 2
MOC-R4PCC04U05:596874:597019 [2] NCCL INFO Connected to proxy localRank 2 -> connection 0x7fa4d4005110
MOC-R4PCC04U05:596874:597019 [2] NCCL INFO Channel 01/0 : 2[2] -> 7[3] [send] via NET/Socket/0
MOC-R4PCC04U05:596874:597012 [2] NCCL INFO New proxy send connection 5 from local rank 2, transport 2
MOC-R4PCC04U05:596874:597019 [2] NCCL INFO Connected to proxy localRank 2 -> connection 0x7fa4d4005188
MOC-R4PCC04U05:596874:597019 [2] NCCL INFO Channel 03/0 : 2[2] -> 7[3] [send] via NET/Socket/0
MOC-R4PCC04U05:596874:597012 [2] NCCL INFO New proxy send connection 6 from local rank 2, transport 0
MOC-R4PCC04U05:596874:597019 [2] NCCL INFO Connected to proxy localRank 2 -> connection 0x7fa4d4005200
MOC-R4PCC04U05:596874:597012 [2] NCCL INFO New proxy send connection 7 from local rank 2, transport 0
MOC-R4PCC04U05:596874:597019 [2] NCCL INFO Connected to proxy localRank 2 -> connection 0x7fa4d4005278
MOC-R4PCC04U05:596875:597010 [3] NCCL INFO New proxy send connection 2 from local rank 3, transport 2
MOC-R4PCC04U05:596875:597023 [3] NCCL INFO Connected to proxy localRank 3 -> connection 0x7f4fb0005020
MOC-R4PCC04U05:596875:597023 [3] NCCL INFO Channel 00/0 : 3[3] -> 6[2] [send] via NET/Socket/0
MOC-R4PCC04U05:596875:597010 [3] NCCL INFO New proxy send connection 3 from local rank 3, transport 2
MOC-R4PCC04U05:596875:597023 [3] NCCL INFO Connected to proxy localRank 3 -> connection 0x7f4fb0005098
MOC-R4PCC04U05:596875:597023 [3] NCCL INFO Channel 02/0 : 3[3] -> 6[2] [send] via NET/Socket/0
MOC-R4PCC04U05:596872:597015 [0] NCCL INFO New proxy recv connection 4 from local rank 0, transport 0
MOC-R4PCC04U05:596872:597020 [0] NCCL INFO Connected to proxy localRank 0 -> connection 0x7f0aa0005110
MOC-R4PCC04U05:596875:597010 [3] NCCL INFO New proxy recv connection 4 from local rank 3, transport 2
MOC-R4PCC04U05:596875:597023 [3] NCCL INFO Connected to proxy localRank 3 -> connection 0x7f4fb0005110
MOC-R4PCC04U05:596875:597023 [3] NCCL INFO Channel 01/0 : 10[2] -> 3[3] [receive] via NET/Socket/0
MOC-R4PCC04U05:596875:597010 [3] NCCL INFO New proxy recv connection 5 from local rank 3, transport 2
MOC-R4PCC04U05:596875:597023 [3] NCCL INFO Connected to proxy localRank 3 -> connection 0x7f4fb0005188
MOC-R4PCC04U05:596875:597023 [3] NCCL INFO Channel 03/0 : 10[2] -> 3[3] [receive] via NET/Socket/0
MOC-R4PCC04U05:596872:597015 [0] NCCL INFO New proxy recv connection 5 from local rank 0, transport 0
MOC-R4PCC04U05:596872:597020 [0] NCCL INFO Connected to proxy localRank 0 -> connection 0x7f0aa0005188
MOC-R4PCC04U05:596875:597010 [3] NCCL INFO New proxy send connection 6 from local rank 3, transport 0
MOC-R4PCC04U05:596875:597023 [3] NCCL INFO Connected to proxy localRank 3 -> connection 0x7f4fb0005200
MOC-R4PCC04U05:596872:597015 [0] NCCL INFO New proxy recv connection 6 from local rank 0, transport 0
MOC-R4PCC04U05:596872:597020 [0] NCCL INFO Connected to proxy localRank 0 -> connection 0x7f0aa0005200
MOC-R4PCC04U05:596875:597010 [3] NCCL INFO New proxy send connection 7 from local rank 3, transport 0
MOC-R4PCC04U05:596875:597023 [3] NCCL INFO Connected to proxy localRank 3 -> connection 0x7f4fb0005278
MOC-R4PCC04U05:596872:597015 [0] NCCL INFO New proxy recv connection 7 from local rank 0, transport 0
MOC-R4PCC04U05:596872:597020 [0] NCCL INFO Connected to proxy localRank 0 -> connection 0x7f0aa0005278
MOC-R4PCC04U05:596873:597011 [1] NCCL INFO New proxy recv connection 2 from local rank 1, transport 0
MOC-R4PCC04U05:596873:597021 [1] NCCL INFO Connected to proxy localRank 1 -> connection 0x7f5db8005020
MOC-R4PCC04U05:596872:597015 [0] NCCL INFO New proxy send connection 8 from local rank 3, transport 0
MOC-R4PCC04U05:596875:597023 [3] NCCL INFO Connected to proxy localRank 0 -> connection 0x7f0aa00052f0
MOC-R4PCC04U05:596873:597011 [1] NCCL INFO New proxy recv connection 3 from local rank 1, transport 0
MOC-R4PCC04U05:596873:597021 [1] NCCL INFO Connected to proxy localRank 1 -> connection 0x7f5db8005098
MOC-R4PCC04U05:596873:597011 [1] NCCL INFO New proxy send connection 4 from local rank 1, transport 0
MOC-R4PCC04U05:596873:597021 [1] NCCL INFO Connected to proxy localRank 1 -> connection 0x7f5db8005110
MOC-R4PCC04U05:596873:597011 [1] NCCL INFO New proxy send connection 5 from local rank 1, transport 0
MOC-R4PCC04U05:596873:597021 [1] NCCL INFO Connected to proxy localRank 1 -> connection 0x7f5db8005188
MOC-R4PCC04U05:596873:597011 [1] NCCL INFO New proxy send connection 6 from local rank 1, transport 0
MOC-R4PCC04U05:596873:597021 [1] NCCL INFO Connected to proxy localRank 1 -> connection 0x7f5db8005200
MOC-R4PCC04U05:596873:597011 [1] NCCL INFO New proxy send connection 7 from local rank 1, transport 0
MOC-R4PCC04U05:596873:597021 [1] NCCL INFO Connected to proxy localRank 1 -> connection 0x7f5db8005278
MOC-R4PCC04U05:596872:597015 [0] NCCL INFO New proxy send connection 9 from local rank 2, transport 0
MOC-R4PCC04U05:596874:597019 [2] NCCL INFO Connected to proxy localRank 0 -> connection 0x7f0aa0005368
MOC-R4PCC04U05:596874:597012 [2] NCCL INFO New proxy send connection 8 from local rank 0, transport 0
MOC-R4PCC04U05:596872:597020 [0] NCCL INFO Connected to proxy localRank 2 -> connection 0x7fa4d40052f0
MOC-R4PCC04U05:596875:597010 [3] NCCL INFO New proxy send connection 8 from local rank 1, transport 0
MOC-R4PCC04U05:596873:597021 [1] NCCL INFO Connected to proxy localRank 3 -> connection 0x7f4fb00052f0
MOC-R4PCC04U05:596873:597011 [1] NCCL INFO New proxy send connection 8 from local rank 2, transport 0
MOC-R4PCC04U05:596874:597019 [2] NCCL INFO Connected to proxy localRank 1 -> connection 0x7f5db80052f0
MOC-R4PCC04U05:596875:597010 [3] NCCL INFO New proxy send connection 9 from local rank 0, transport 0
MOC-R4PCC04U05:596872:597020 [0] NCCL INFO Connected to proxy localRank 3 -> connection 0x7f4fb0005368
MOC-R4PCC04U05:596873:597011 [1] NCCL INFO New proxy send connection 9 from local rank 3, transport 0
MOC-R4PCC04U05:596875:597023 [3] NCCL INFO Connected to proxy localRank 1 -> connection 0x7f5db8005368
MOC-R4PCC04U05:596872:597015 [0] NCCL INFO New proxy send connection 10 from local rank 1, transport 0
MOC-R4PCC04U05:596873:597021 [1] NCCL INFO Connected to proxy localRank 0 -> connection 0x7f0aa00053e0
MOC-R4PCC04U05:596873:597011 [1] NCCL INFO New proxy send connection 10 from local rank 0, transport 0
MOC-R4PCC04U05:596872:597020 [0] NCCL INFO Connected to proxy localRank 1 -> connection 0x7f5db80053e0
MOC-R4PCC04U05:596874:597012 [2] NCCL INFO New proxy send connection 9 from local rank 1, transport 0
MOC-R4PCC04U05:596873:597021 [1] NCCL INFO Connected to proxy localRank 2 -> connection 0x7fa4d4005368
num decayed parameter tensors: 50, with 124,318,464 parameters
num non-decayed parameter tensors: 98, with 121,344 parameters
using fused AdamW: False
using regular AdamW
MOC-R4PCC04U05:596872:597015 [0] NCCL INFO New proxy send connection 11 from local rank 0, transport 0
MOC-R4PCC04U05:596872:597724 [0] NCCL INFO Connected to proxy localRank 0 -> connection 0x7f0aa0005458
MOC-R4PCC04U05:596872:597015 [0] NCCL INFO New proxy send connection 12 from local rank 0, transport 0
MOC-R4PCC04U05:596872:597724 [0] NCCL INFO Connected to proxy localRank 0 -> connection 0x7f0aa00054d0
MOC-R4PCC04U05:596872:597015 [0] NCCL INFO New proxy send connection 13 from local rank 0, transport 0
MOC-R4PCC04U05:596872:597724 [0] NCCL INFO Connected to proxy localRank 0 -> connection 0x7f0aa0005548
MOC-R4PCC04U05:596872:597015 [0] NCCL INFO New proxy send connection 14 from local rank 0, transport 0
MOC-R4PCC04U05:596872:597724 [0] NCCL INFO Connected to proxy localRank 0 -> connection 0x7f0aa00055c0
MOC-R4PCC04U05:596875:597010 [3] NCCL INFO New proxy recv connection 10 from local rank 3, transport 0
MOC-R4PCC04U05:596875:597725 [3] NCCL INFO Connected to proxy localRank 3 -> connection 0x7f4fb00053e0
MOC-R4PCC04U05:596875:597010 [3] NCCL INFO New proxy recv connection 11 from local rank 3, transport 0
MOC-R4PCC04U05:596875:597725 [3] NCCL INFO Connected to proxy localRank 3 -> connection 0x7f4fb0005458
MOC-R4PCC04U05:596874:597012 [2] NCCL INFO New proxy recv connection 10 from local rank 2, transport 0
MOC-R4PCC04U05:596874:597726 [2] NCCL INFO Connected to proxy localRank 2 -> connection 0x7fa4d40053e0
MOC-R4PCC04U05:596874:597012 [2] NCCL INFO New proxy recv connection 11 from local rank 2, transport 0
MOC-R4PCC04U05:596874:597726 [2] NCCL INFO Connected to proxy localRank 2 -> connection 0x7fa4d4005458
MOC-R4PCC04U05:596874:597012 [2] NCCL INFO New proxy recv connection 12 from local rank 2, transport 0
MOC-R4PCC04U05:596874:597726 [2] NCCL INFO Connected to proxy localRank 2 -> connection 0x7fa4d40054d0
MOC-R4PCC04U05:596874:597012 [2] NCCL INFO New proxy recv connection 13 from local rank 2, transport 0
MOC-R4PCC04U05:596874:597726 [2] NCCL INFO Connected to proxy localRank 2 -> connection 0x7fa4d4005548
MOC-R4PCC04U05:596873:597011 [1] NCCL INFO New proxy recv connection 11 from local rank 1, transport 0
MOC-R4PCC04U05:596873:597727 [1] NCCL INFO Connected to proxy localRank 1 -> connection 0x7f5db8005458
MOC-R4PCC04U05:596873:597011 [1] NCCL INFO New proxy recv connection 12 from local rank 1, transport 0
MOC-R4PCC04U05:596873:597727 [1] NCCL INFO Connected to proxy localRank 1 -> connection 0x7f5db80054d0
MOC-R4PCC04U05:596873:597011 [1] NCCL INFO New proxy recv connection 13 from local rank 1, transport 0
MOC-R4PCC04U05:596873:597727 [1] NCCL INFO Connected to proxy localRank 1 -> connection 0x7f5db8005548
MOC-R4PCC04U05:596873:597011 [1] NCCL INFO New proxy recv connection 14 from local rank 1, transport 0
MOC-R4PCC04U05:596873:597727 [1] NCCL INFO Connected to proxy localRank 1 -> connection 0x7f5db80055c0
MOC-R4PCC04U05:596873:597011 [1] NCCL INFO New proxy send connection 15 from local rank 1, transport 0
MOC-R4PCC04U05:596873:597727 [1] NCCL INFO Connected to proxy localRank 1 -> connection 0x7f5db8005638
MOC-R4PCC04U05:596873:597011 [1] NCCL INFO New proxy send connection 16 from local rank 1, transport 0
MOC-R4PCC04U05:596873:597727 [1] NCCL INFO Connected to proxy localRank 1 -> connection 0x7f5db80056b0
MOC-R4PCC04U05:596873:597011 [1] NCCL INFO New proxy send connection 17 from local rank 1, transport 0
MOC-R4PCC04U05:596873:597727 [1] NCCL INFO Connected to proxy localRank 1 -> connection 0x7f5db8005728
MOC-R4PCC04U05:596873:597011 [1] NCCL INFO New proxy send connection 18 from local rank 1, transport 0
MOC-R4PCC04U05:596873:597727 [1] NCCL INFO Connected to proxy localRank 1 -> connection 0x7f5db80057a0
MOC-R4PCC04U05:596873:597011 [1] NCCL INFO New proxy recv connection 19 from local rank 1, transport 0
MOC-R4PCC04U05:596872:597015 [0] NCCL INFO New proxy send connection 15 from local rank 0, transport 0
MOC-R4PCC04U05:596873:597727 [1] NCCL INFO Connected to proxy localRank 1 -> connection 0x7f5db8005818
MOC-R4PCC04U05:596872:597724 [0] NCCL INFO Connected to proxy localRank 0 -> connection 0x7f0aa0005638
MOC-R4PCC04U05:596874:597012 [2] NCCL INFO New proxy send connection 14 from local rank 2, transport 0
MOC-R4PCC04U05:596874:597726 [2] NCCL INFO Connected to proxy localRank 2 -> connection 0x7fa4d40055c0
MOC-R4PCC04U05:596873:597011 [1] NCCL INFO New proxy recv connection 20 from local rank 1, transport 0
MOC-R4PCC04U05:596873:597727 [1] NCCL INFO Connected to proxy localRank 1 -> connection 0x7f5db8005890
MOC-R4PCC04U05:596874:597012 [2] NCCL INFO New proxy send connection 15 from local rank 2, transport 0
MOC-R4PCC04U05:596872:597015 [0] NCCL INFO New proxy send connection 16 from local rank 0, transport 0
MOC-R4PCC04U05:596874:597726 [2] NCCL INFO Connected to proxy localRank 2 -> connection 0x7fa4d4005638
MOC-R4PCC04U05:596872:597724 [0] NCCL INFO Connected to proxy localRank 0 -> connection 0x7f0aa00056b0
MOC-R4PCC04U05:596872:597015 [0] NCCL INFO New proxy recv connection 17 from local rank 0, transport 0
MOC-R4PCC04U05:596872:597724 [0] NCCL INFO Connected to proxy localRank 0 -> connection 0x7f0aa0005728
MOC-R4PCC04U05:596875:597010 [3] NCCL INFO New proxy recv connection 12 from local rank 3, transport 2
MOC-R4PCC04U05:596875:597725 [3] NCCL INFO Connected to proxy localRank 3 -> connection 0x7f4fb00054d0
MOC-R4PCC04U05:596872:597015 [0] NCCL INFO New proxy recv connection 18 from local rank 0, transport 0
MOC-R4PCC04U05:596872:597724 [0] NCCL INFO Connected to proxy localRank 0 -> connection 0x7f0aa00057a0
MOC-R4PCC04U05:596875:597725 [3] NCCL INFO Channel 00/0 : 11[3] -> 3[3] [receive] via NET/Socket/0
MOC-R4PCC04U05:596875:597010 [3] NCCL INFO New proxy recv connection 13 from local rank 3, transport 2
MOC-R4PCC04U05:596875:597725 [3] NCCL INFO Connected to proxy localRank 3 -> connection 0x7f4fb0005548
MOC-R4PCC04U05:596875:597725 [3] NCCL INFO Channel 01/0 : 11[3] -> 3[3] [receive] via NET/Socket/0
MOC-R4PCC04U05:596875:597010 [3] NCCL INFO New proxy recv connection 14 from local rank 3, transport 2
MOC-R4PCC04U05:596875:597725 [3] NCCL INFO Connected to proxy localRank 3 -> connection 0x7f4fb00055c0
MOC-R4PCC04U05:596875:597725 [3] NCCL INFO Channel 02/0 : 11[3] -> 3[3] [receive] via NET/Socket/0
MOC-R4PCC04U05:596875:597010 [3] NCCL INFO New proxy recv connection 15 from local rank 3, transport 2
MOC-R4PCC04U05:596875:597725 [3] NCCL INFO Connected to proxy localRank 3 -> connection 0x7f4fb0005638
MOC-R4PCC04U05:596875:597725 [3] NCCL INFO Channel 03/0 : 11[3] -> 3[3] [receive] via NET/Socket/0
MOC-R4PCC04U05:596875:597010 [3] NCCL INFO New proxy send connection 16 from local rank 3, transport 2
MOC-R4PCC04U05:596875:597725 [3] NCCL INFO Connected to proxy localRank 3 -> connection 0x7f4fb00056b0
MOC-R4PCC04U05:596875:597725 [3] NCCL INFO Channel 02/0 : 3[3] -> 7[3] [send] via NET/Socket/0
MOC-R4PCC04U05:596875:597010 [3] NCCL INFO New proxy send connection 17 from local rank 3, transport 2
MOC-R4PCC04U05:596875:597725 [3] NCCL INFO Connected to proxy localRank 3 -> connection 0x7f4fb0005728
MOC-R4PCC04U05:596872:597015 [0] NCCL INFO New proxy recv connection 19 from local rank 0, transport 0
MOC-R4PCC04U05:596872:597724 [0] NCCL INFO Connected to proxy localRank 0 -> connection 0x7f0aa0005818
MOC-R4PCC04U05:596875:597725 [3] NCCL INFO Channel 03/0 : 3[3] -> 7[3] [send] via NET/Socket/0
MOC-R4PCC04U05:596872:597015 [0] NCCL INFO New proxy recv connection 20 from local rank 0, transport 0
MOC-R4PCC04U05:596872:597724 [0] NCCL INFO Connected to proxy localRank 0 -> connection 0x7f0aa0005890
MOC-R4PCC04U05:596875:597010 [3] NCCL INFO New proxy recv connection 18 from local rank 3, transport 2
MOC-R4PCC04U05:596875:597725 [3] NCCL INFO Connected to proxy localRank 3 -> connection 0x7f4fb00057a0
MOC-R4PCC04U05:596875:597725 [3] NCCL INFO Channel 02/0 : 7[3] -> 3[3] [receive] via NET/Socket/0
MOC-R4PCC04U05:596875:597010 [3] NCCL INFO New proxy recv connection 19 from local rank 3, transport 2
MOC-R4PCC04U05:596875:597725 [3] NCCL INFO Connected to proxy localRank 3 -> connection 0x7f4fb0005818
MOC-R4PCC04U05:596875:597725 [3] NCCL INFO Channel 03/0 : 7[3] -> 3[3] [receive] via NET/Socket/0
MOC-R4PCC04U05:596875:597010 [3] NCCL INFO New proxy send connection 20 from local rank 3, transport 2
MOC-R4PCC04U05:596875:597725 [3] NCCL INFO Connected to proxy localRank 3 -> connection 0x7f4fb0005890
MOC-R4PCC04U05:596875:597725 [3] NCCL INFO Channel 00/0 : 3[3] -> 11[3] [send] via NET/Socket/0
MOC-R4PCC04U05:596875:597010 [3] NCCL INFO New proxy send connection 21 from local rank 3, transport 2
MOC-R4PCC04U05:596875:597725 [3] NCCL INFO Connected to proxy localRank 3 -> connection 0x7f4fb0005908
MOC-R4PCC04U05:596875:597725 [3] NCCL INFO Channel 01/0 : 3[3] -> 11[3] [send] via NET/Socket/0
MOC-R4PCC04U05:596875:597010 [3] NCCL INFO New proxy send connection 22 from local rank 3, transport 2
MOC-R4PCC04U05:596875:597725 [3] NCCL INFO Connected to proxy localRank 3 -> connection 0x7f4fb0005980
MOC-R4PCC04U05:596875:597725 [3] NCCL INFO Channel 02/0 : 3[3] -> 11[3] [send] via NET/Socket/0
MOC-R4PCC04U05:596875:597010 [3] NCCL INFO New proxy send connection 23 from local rank 3, transport 2
MOC-R4PCC04U05:596875:597725 [3] NCCL INFO Connected to proxy localRank 3 -> connection 0x7f4fb00059f8
MOC-R4PCC04U05:596875:597725 [3] NCCL INFO Channel 03/0 : 3[3] -> 11[3] [send] via NET/Socket/0
MOC-R4PCC04U05:596875:597010 [3] NCCL INFO New proxy send connection 24 from local rank 3, transport 0
MOC-R4PCC04U05:596875:597725 [3] NCCL INFO Connected to proxy localRank 3 -> connection 0x7f4fb0005a70
MOC-R4PCC04U05:596875:597010 [3] NCCL INFO New proxy send connection 25 from local rank 3, transport 0
MOC-R4PCC04U05:596875:597725 [3] NCCL INFO Connected to proxy localRank 3 -> connection 0x7f4fb0005ae8
MOC-R4PCC04U05:596875:597010 [3] NCCL INFO New proxy send connection 26 from local rank 3, transport 0
MOC-R4PCC04U05:596875:597725 [3] NCCL INFO Connected to proxy localRank 3 -> connection 0x7f4fb0005b60
MOC-R4PCC04U05:596875:597010 [3] NCCL INFO New proxy send connection 27 from local rank 3, transport 0
MOC-R4PCC04U05:596875:597725 [3] NCCL INFO Connected to proxy localRank 3 -> connection 0x7f4fb0005bd8
step    1/10 | train loss 11.010590 | norm 15.4878 | lr 1.00e-04 | (14810.37 ms | 53100 tok/s)
step    2/10 | train loss 10.133058 | norm 5.7715 | lr 1.00e-04 | (322.48 ms | 2438697 tok/s)
step    3/10 | train loss 9.789963 | norm 2.6230 | lr 1.00e-04 | (316.44 ms | 2485244 tok/s)
step    4/10 | train loss 9.619508 | norm 2.1196 | lr 1.00e-04 | (317.62 ms | 2476039 tok/s)
step    5/10 | train loss 9.536161 | norm 2.1144 | lr 1.00e-04 | (318.30 ms | 2470715 tok/s)
step    6/10 | train loss 9.454327 | norm 2.0046 | lr 1.00e-04 | (317.91 ms | 2473761 tok/s)
step    7/10 | train loss 9.368592 | norm 1.9542 | lr 1.00e-04 | (317.68 ms | 2475524 tok/s)
step    8/10 | train loss 9.277060 | norm 1.9203 | lr 1.00e-04 | (322.38 ms | 2439427 tok/s)
step    9/10 | train loss 9.182117 | norm 1.8690 | lr 1.00e-04 | (318.06 ms | 2472598 tok/s)
step   10/10 | train loss 9.094345 | norm 1.7912 | lr 1.00e-04 | (317.59 ms | 2476221 tok/s)
final 9 iters avg: 318.719ms
peak memory consumption: 16601 MiB
