Running pytorch 2.7.0+cu126
using device: cuda:0
total desired batch size: 4718592
=> calculated gradient accumulation steps: 9
using device: cuda:3
using device: cuda:1
using device: cuda:2
compiling the model...
DataLoader: total number of tokens: 1,661,249,667 across 103 files
MOC-R4PCC04U05:757214:757214 [0] NCCL INFO NCCL_SOCKET_IFNAME set to eno7np0
MOC-R4PCC04U05:757214:757214 [0] NCCL INFO NCCL version 2.26.2+cuda12.2
MOC-R4PCC04U05:757214:757318 [0] NCCL INFO NET/Plugin: Could not find: libnccl-net.so. Using internal net plugin.
MOC-R4PCC04U05:757214:757318 [0] NCCL INFO NCCL_IB_HCA set to mlx5_5
MOC-R4PCC04U05:757214:757318 [0] NCCL INFO NET/IB : Made virtual device [0] name=mlx5_5 speed=400000 ndevs=1
MOC-R4PCC04U05:757214:757318 [0] NCCL INFO NET/IB : Using [0]mlx5_5:1/RoCE [RO]; OOB eno7np0:192.168.50.193<0>
MOC-R4PCC04U05:757217:757217 [3] NCCL INFO NCCL_SOCKET_IFNAME set to eno7np0
MOC-R4PCC04U05:757217:757217 [3] NCCL INFO NCCL version 2.26.2+cuda12.2
MOC-R4PCC04U05:757216:757216 [2] NCCL INFO NCCL_SOCKET_IFNAME set to eno7np0
MOC-R4PCC04U05:757216:757216 [2] NCCL INFO NCCL version 2.26.2+cuda12.2
MOC-R4PCC04U05:757215:757215 [1] NCCL INFO NCCL_SOCKET_IFNAME set to eno7np0
MOC-R4PCC04U05:757215:757215 [1] NCCL INFO NCCL version 2.26.2+cuda12.2
MOC-R4PCC04U05:757217:757341 [3] NCCL INFO NET/Plugin: Could not find: libnccl-net.so. Using internal net plugin.
MOC-R4PCC04U05:757217:757341 [3] NCCL INFO NCCL_IB_HCA set to mlx5_5
MOC-R4PCC04U05:757216:757342 [2] NCCL INFO NET/Plugin: Could not find: libnccl-net.so. Using internal net plugin.
MOC-R4PCC04U05:757216:757342 [2] NCCL INFO NCCL_IB_HCA set to mlx5_5
MOC-R4PCC04U05:757215:757343 [1] NCCL INFO NET/Plugin: Could not find: libnccl-net.so. Using internal net plugin.
MOC-R4PCC04U05:757215:757343 [1] NCCL INFO NCCL_IB_HCA set to mlx5_5
MOC-R4PCC04U05:757217:757341 [3] NCCL INFO NET/IB : Made virtual device [0] name=mlx5_5 speed=400000 ndevs=1
MOC-R4PCC04U05:757217:757341 [3] NCCL INFO NET/IB : Using [0]mlx5_5:1/RoCE [RO]; OOB eno7np0:192.168.50.193<0>
MOC-R4PCC04U05:757216:757342 [2] NCCL INFO NET/IB : Made virtual device [0] name=mlx5_5 speed=400000 ndevs=1
MOC-R4PCC04U05:757216:757342 [2] NCCL INFO NET/IB : Using [0]mlx5_5:1/RoCE [RO]; OOB eno7np0:192.168.50.193<0>
MOC-R4PCC04U05:757215:757343 [1] NCCL INFO NET/IB : Made virtual device [0] name=mlx5_5 speed=400000 ndevs=1
MOC-R4PCC04U05:757215:757343 [1] NCCL INFO NET/IB : Using [0]mlx5_5:1/RoCE [RO]; OOB eno7np0:192.168.50.193<0>
MOC-R4PCC04U05:757215:757343 [1] NCCL INFO NET/IB : GPU Direct RDMA Enabled for HCA 0 'mlx5_5'
MOC-R4PCC04U05:757215:757343 [1] NCCL INFO NET/IB : Made virtual device [1] name=mlx5_5 speed=400000 ndevs=1
MOC-R4PCC04U05:757215:757343 [1] NCCL INFO NET/IB : GPU Direct RDMA Enabled for HCA 0 'mlx5_5'
MOC-R4PCC04U05:757215:757343 [1] NCCL INFO NET/IB : GPU Direct RDMA Enabled for HCA 1 'mlx5_5'
MOC-R4PCC04U05:757216:757342 [2] NCCL INFO NET/IB : GPU Direct RDMA Enabled for HCA 0 'mlx5_5'
MOC-R4PCC04U05:757216:757342 [2] NCCL INFO NET/IB : Made virtual device [1] name=mlx5_5 speed=400000 ndevs=1
MOC-R4PCC04U05:757216:757342 [2] NCCL INFO NET/IB : GPU Direct RDMA Enabled for HCA 0 'mlx5_5'
MOC-R4PCC04U05:757216:757342 [2] NCCL INFO NET/IB : GPU Direct RDMA Enabled for HCA 1 'mlx5_5'
MOC-R4PCC04U05:757217:757341 [3] NCCL INFO NET/IB : GPU Direct RDMA Enabled for HCA 0 'mlx5_5'
MOC-R4PCC04U05:757217:757341 [3] NCCL INFO NET/IB : Made virtual device [1] name=mlx5_5 speed=400000 ndevs=1
MOC-R4PCC04U05:757217:757341 [3] NCCL INFO NET/IB : GPU Direct RDMA Enabled for HCA 0 'mlx5_5'
MOC-R4PCC04U05:757217:757341 [3] NCCL INFO NET/IB : GPU Direct RDMA Enabled for HCA 1 'mlx5_5'
MOC-R4PCC04U05:757214:757318 [0] NCCL INFO NET/IB : GPU Direct RDMA Enabled for HCA 0 'mlx5_5'
MOC-R4PCC04U05:757214:757318 [0] NCCL INFO NET/IB : Made virtual device [1] name=mlx5_5 speed=400000 ndevs=1
MOC-R4PCC04U05:757214:757318 [0] NCCL INFO NET/IB : GPU Direct RDMA Enabled for HCA 0 'mlx5_5'
MOC-R4PCC04U05:757214:757318 [0] NCCL INFO NET/IB : GPU Direct RDMA Enabled for HCA 1 'mlx5_5'
MOC-R4PCC04U05:757214:757318 [0] NCCL INFO NCCL_NET_GDR_LEVEL set by environment to LOC
MOC-R4PCC04U05:757214:757318 [0] NCCL INFO GPU Direct RDMA Disabled for GPU 0 / HCA 1 (distance 5 > 0)
MOC-R4PCC04U05:757214:757318 [0] NCCL INFO GPU Direct RDMA Disabled for GPU 1 / HCA 1 (distance 5 > 0)
MOC-R4PCC04U05:757214:757318 [0] NCCL INFO GPU Direct RDMA Disabled for GPU 2 / HCA 1 (distance 5 > 0)
MOC-R4PCC04U05:757214:757318 [0] NCCL INFO GPU Direct RDMA Disabled for GPU 0 / HCA 1 (distance 5 > 0)
MOC-R4PCC04U05:757214:757318 [0] NCCL INFO GPU Direct RDMA Disabled for GPU 1 / HCA 1 (distance 5 > 0)
MOC-R4PCC04U05:757214:757318 [0] NCCL INFO GPU Direct RDMA Disabled for GPU 2 / HCA 1 (distance 5 > 0)
MOC-R4PCC04U05:757217:757341 [3] NCCL INFO NCCL_NET_GDR_LEVEL set by environment to LOC
MOC-R4PCC04U05:757217:757341 [3] NCCL INFO GPU Direct RDMA Disabled for GPU 0 / HCA 1 (distance 5 > 0)
MOC-R4PCC04U05:757217:757341 [3] NCCL INFO GPU Direct RDMA Disabled for GPU 1 / HCA 1 (distance 5 > 0)
MOC-R4PCC04U05:757217:757341 [3] NCCL INFO GPU Direct RDMA Disabled for GPU 2 / HCA 1 (distance 5 > 0)
MOC-R4PCC04U05:757217:757341 [3] NCCL INFO GPU Direct RDMA Disabled for GPU 0 / HCA 1 (distance 5 > 0)
MOC-R4PCC04U05:757217:757341 [3] NCCL INFO GPU Direct RDMA Disabled for GPU 1 / HCA 1 (distance 5 > 0)
MOC-R4PCC04U05:757217:757341 [3] NCCL INFO GPU Direct RDMA Disabled for GPU 2 / HCA 1 (distance 5 > 0)
MOC-R4PCC04U05:757216:757342 [2] NCCL INFO NCCL_NET_GDR_LEVEL set by environment to LOC
MOC-R4PCC04U05:757216:757342 [2] NCCL INFO GPU Direct RDMA Disabled for GPU 0 / HCA 1 (distance 5 > 0)
MOC-R4PCC04U05:757216:757342 [2] NCCL INFO GPU Direct RDMA Disabled for GPU 1 / HCA 1 (distance 5 > 0)
MOC-R4PCC04U05:757216:757342 [2] NCCL INFO GPU Direct RDMA Disabled for GPU 2 / HCA 1 (distance 5 > 0)
MOC-R4PCC04U05:757216:757342 [2] NCCL INFO GPU Direct RDMA Disabled for GPU 0 / HCA 1 (distance 5 > 0)
MOC-R4PCC04U05:757216:757342 [2] NCCL INFO GPU Direct RDMA Disabled for GPU 1 / HCA 1 (distance 5 > 0)
MOC-R4PCC04U05:757216:757342 [2] NCCL INFO GPU Direct RDMA Disabled for GPU 2 / HCA 1 (distance 5 > 0)
MOC-R4PCC04U05:757215:757343 [1] NCCL INFO NCCL_NET_GDR_LEVEL set by environment to LOC
MOC-R4PCC04U05:757215:757343 [1] NCCL INFO GPU Direct RDMA Disabled for GPU 0 / HCA 1 (distance 5 > 0)
MOC-R4PCC04U05:757215:757343 [1] NCCL INFO GPU Direct RDMA Disabled for GPU 1 / HCA 1 (distance 5 > 0)
MOC-R4PCC04U05:757215:757343 [1] NCCL INFO GPU Direct RDMA Disabled for GPU 2 / HCA 1 (distance 5 > 0)
MOC-R4PCC04U05:757215:757343 [1] NCCL INFO GPU Direct RDMA Disabled for GPU 0 / HCA 1 (distance 5 > 0)
MOC-R4PCC04U05:757215:757343 [1] NCCL INFO GPU Direct RDMA Disabled for GPU 1 / HCA 1 (distance 5 > 0)
MOC-R4PCC04U05:757215:757343 [1] NCCL INFO GPU Direct RDMA Disabled for GPU 2 / HCA 1 (distance 5 > 0)
MOC-R4PCC04U05:757217:757356 [3] NCCL INFO New proxy recv connection 0 from local rank 3, transport 0
MOC-R4PCC04U05:757217:757364 [3] NCCL INFO Connected to proxy localRank 3 -> connection 0x7f6d04004f30
MOC-R4PCC04U05:757217:757356 [3] NCCL INFO New proxy recv connection 1 from local rank 3, transport 0
MOC-R4PCC04U05:757217:757364 [3] NCCL INFO Connected to proxy localRank 3 -> connection 0x7f6d04004fa8
MOC-R4PCC04U05:757214:757362 [0] NCCL INFO New proxy send connection 0 from local rank 0, transport 0
MOC-R4PCC04U05:757214:757365 [0] NCCL INFO Connected to proxy localRank 0 -> connection 0x7fc2e8004f30
MOC-R4PCC04U05:757217:757364 [3] NCCL INFO GPU Direct RDMA Disabled for GPU 3 / HCA 1 (distance 7 > 0)
MOC-R4PCC04U05:757214:757362 [0] NCCL INFO New proxy send connection 1 from local rank 0, transport 0
MOC-R4PCC04U05:757214:757365 [0] NCCL INFO Connected to proxy localRank 0 -> connection 0x7fc2e8004fa8
MOC-R4PCC04U05:757216:757358 [2] NCCL INFO New proxy recv connection 0 from local rank 2, transport 0
MOC-R4PCC04U05:757216:757366 [2] NCCL INFO Connected to proxy localRank 2 -> connection 0x7fbb38004f30
MOC-R4PCC04U05:757216:757358 [2] NCCL INFO New proxy recv connection 1 from local rank 2, transport 0
MOC-R4PCC04U05:757216:757366 [2] NCCL INFO Connected to proxy localRank 2 -> connection 0x7fbb38004fa8
MOC-R4PCC04U05:757214:757362 [0] NCCL INFO New proxy send connection 2 from local rank 0, transport 0
MOC-R4PCC04U05:757216:757366 [2] NCCL INFO GPU Direct RDMA Disabled for GPU 2 / HCA 1 (distance 7 > 0)
MOC-R4PCC04U05:757214:757365 [0] NCCL INFO Connected to proxy localRank 0 -> connection 0x7fc2e8005020
MOC-R4PCC04U05:757214:757362 [0] NCCL INFO New proxy send connection 3 from local rank 0, transport 0
MOC-R4PCC04U05:757214:757365 [0] NCCL INFO Connected to proxy localRank 0 -> connection 0x7fc2e8005098
MOC-R4PCC04U05:757215:757357 [1] NCCL INFO New proxy recv connection 0 from local rank 1, transport 0
MOC-R4PCC04U05:757215:757367 [1] NCCL INFO Connected to proxy localRank 1 -> connection 0x7f1c80004f30
MOC-R4PCC04U05:757215:757357 [1] NCCL INFO New proxy recv connection 1 from local rank 1, transport 0
MOC-R4PCC04U05:757215:757367 [1] NCCL INFO Connected to proxy localRank 1 -> connection 0x7f1c80004fa8
MOC-R4PCC04U05:757217:757356 [3] NCCL INFO New proxy send connection 2 from local rank 3, transport 2
MOC-R4PCC04U05:757217:757364 [3] NCCL INFO Connected to proxy localRank 3 -> connection 0x7f6d04005020
MOC-R4PCC04U05:757217:757364 [3] NCCL INFO Channel 00/0 : 3[3] -> 6[2] [send] via NET/IB/1
MOC-R4PCC04U05:757217:757364 [3] NCCL INFO GPU Direct RDMA Disabled for GPU 3 / HCA 1 (distance 7 > 0)
MOC-R4PCC04U05:757217:757356 [3] NCCL INFO New proxy send connection 3 from local rank 3, transport 2
MOC-R4PCC04U05:757217:757364 [3] NCCL INFO Connected to proxy localRank 3 -> connection 0x7f6d04005098
MOC-R4PCC04U05:757217:757364 [3] NCCL INFO Channel 02/0 : 3[3] -> 6[2] [send] via NET/IB/1
MOC-R4PCC04U05:757214:757362 [0] NCCL INFO New proxy recv connection 4 from local rank 0, transport 0
MOC-R4PCC04U05:757214:757365 [0] NCCL INFO Connected to proxy localRank 0 -> connection 0x7fc2e8005110
MOC-R4PCC04U05:757214:757362 [0] NCCL INFO New proxy recv connection 5 from local rank 0, transport 0
MOC-R4PCC04U05:757214:757365 [0] NCCL INFO Connected to proxy localRank 0 -> connection 0x7fc2e8005188
MOC-R4PCC04U05:757214:757362 [0] NCCL INFO New proxy recv connection 6 from local rank 0, transport 0
MOC-R4PCC04U05:757214:757365 [0] NCCL INFO Connected to proxy localRank 0 -> connection 0x7fc2e8005200
MOC-R4PCC04U05:757214:757362 [0] NCCL INFO New proxy recv connection 7 from local rank 0, transport 0
MOC-R4PCC04U05:757214:757365 [0] NCCL INFO Connected to proxy localRank 0 -> connection 0x7fc2e8005278
MOC-R4PCC04U05:757216:757358 [2] NCCL INFO New proxy recv connection 2 from local rank 2, transport 2
MOC-R4PCC04U05:757216:757366 [2] NCCL INFO Connected to proxy localRank 2 -> connection 0x7fbb38005020
MOC-R4PCC04U05:757216:757366 [2] NCCL INFO Channel 00/0 : 15[3] -> 2[2] [receive] via NET/IB/1
MOC-R4PCC04U05:757216:757366 [2] NCCL INFO GPU Direct RDMA Disabled for GPU 2 / HCA 1 (distance 7 > 0)
MOC-R4PCC04U05:757216:757358 [2] NCCL INFO New proxy recv connection 3 from local rank 2, transport 2
MOC-R4PCC04U05:757216:757366 [2] NCCL INFO Connected to proxy localRank 2 -> connection 0x7fbb38005098
MOC-R4PCC04U05:757216:757366 [2] NCCL INFO Channel 02/0 : 15[3] -> 2[2] [receive] via NET/IB/1
MOC-R4PCC04U05:757217:757364 [3] NCCL INFO GPU Direct RDMA Disabled for GPU 3 / HCA 1 (distance 7 > 0)
MOC-R4PCC04U05:757217:757356 [3] NCCL INFO New proxy recv connection 4 from local rank 3, transport 2
MOC-R4PCC04U05:757217:757364 [3] NCCL INFO Connected to proxy localRank 3 -> connection 0x7f6d04005110
MOC-R4PCC04U05:757217:757364 [3] NCCL INFO Channel 01/0 : 14[2] -> 3[3] [receive] via NET/IB/1
MOC-R4PCC04U05:757217:757364 [3] NCCL INFO GPU Direct RDMA Disabled for GPU 3 / HCA 1 (distance 7 > 0)
MOC-R4PCC04U05:757217:757356 [3] NCCL INFO New proxy recv connection 5 from local rank 3, transport 2
MOC-R4PCC04U05:757217:757364 [3] NCCL INFO Connected to proxy localRank 3 -> connection 0x7f6d04005188
MOC-R4PCC04U05:757217:757364 [3] NCCL INFO Channel 03/0 : 14[2] -> 3[3] [receive] via NET/IB/1
MOC-R4PCC04U05:757216:757366 [2] NCCL INFO GPU Direct RDMA Disabled for GPU 2 / HCA 1 (distance 7 > 0)
MOC-R4PCC04U05:757216:757358 [2] NCCL INFO New proxy send connection 4 from local rank 2, transport 2
MOC-R4PCC04U05:757216:757366 [2] NCCL INFO Connected to proxy localRank 2 -> connection 0x7fbb38005110
MOC-R4PCC04U05:757216:757366 [2] NCCL INFO Channel 01/0 : 2[2] -> 7[3] [send] via NET/IB/1
MOC-R4PCC04U05:757216:757366 [2] NCCL INFO GPU Direct RDMA Disabled for GPU 2 / HCA 1 (distance 7 > 0)
MOC-R4PCC04U05:757216:757358 [2] NCCL INFO New proxy send connection 5 from local rank 2, transport 2
MOC-R4PCC04U05:757216:757366 [2] NCCL INFO Connected to proxy localRank 2 -> connection 0x7fbb38005188
MOC-R4PCC04U05:757216:757366 [2] NCCL INFO Channel 03/0 : 2[2] -> 7[3] [send] via NET/IB/1
MOC-R4PCC04U05:757216:757358 [2] NCCL INFO New proxy send connection 6 from local rank 2, transport 0
MOC-R4PCC04U05:757216:757366 [2] NCCL INFO Connected to proxy localRank 2 -> connection 0x7fbb38005200
MOC-R4PCC04U05:757216:757358 [2] NCCL INFO New proxy send connection 7 from local rank 2, transport 0
MOC-R4PCC04U05:757216:757366 [2] NCCL INFO Connected to proxy localRank 2 -> connection 0x7fbb38005278
MOC-R4PCC04U05:757217:757356 [3] NCCL INFO New proxy send connection 6 from local rank 3, transport 0
MOC-R4PCC04U05:757217:757364 [3] NCCL INFO Connected to proxy localRank 3 -> connection 0x7f6d04005200
MOC-R4PCC04U05:757217:757356 [3] NCCL INFO New proxy send connection 7 from local rank 3, transport 0
MOC-R4PCC04U05:757217:757364 [3] NCCL INFO Connected to proxy localRank 3 -> connection 0x7f6d04005278
MOC-R4PCC04U05:757214:757362 [0] NCCL INFO New proxy send connection 8 from local rank 3, transport 0
MOC-R4PCC04U05:757215:757357 [1] NCCL INFO New proxy recv connection 2 from local rank 1, transport 0
MOC-R4PCC04U05:757217:757364 [3] NCCL INFO Connected to proxy localRank 0 -> connection 0x7fc2e80052f0
MOC-R4PCC04U05:757215:757367 [1] NCCL INFO Connected to proxy localRank 1 -> connection 0x7f1c80005020
MOC-R4PCC04U05:757215:757357 [1] NCCL INFO New proxy recv connection 3 from local rank 1, transport 0
MOC-R4PCC04U05:757215:757367 [1] NCCL INFO Connected to proxy localRank 1 -> connection 0x7f1c80005098
MOC-R4PCC04U05:757215:757357 [1] NCCL INFO New proxy send connection 4 from local rank 1, transport 0
MOC-R4PCC04U05:757215:757367 [1] NCCL INFO Connected to proxy localRank 1 -> connection 0x7f1c80005110
MOC-R4PCC04U05:757215:757357 [1] NCCL INFO New proxy send connection 5 from local rank 1, transport 0
MOC-R4PCC04U05:757215:757367 [1] NCCL INFO Connected to proxy localRank 1 -> connection 0x7f1c80005188
MOC-R4PCC04U05:757215:757357 [1] NCCL INFO New proxy send connection 6 from local rank 1, transport 0
MOC-R4PCC04U05:757215:757367 [1] NCCL INFO Connected to proxy localRank 1 -> connection 0x7f1c80005200
MOC-R4PCC04U05:757215:757357 [1] NCCL INFO New proxy send connection 7 from local rank 1, transport 0
MOC-R4PCC04U05:757215:757367 [1] NCCL INFO Connected to proxy localRank 1 -> connection 0x7f1c80005278
MOC-R4PCC04U05:757215:757357 [1] NCCL INFO New proxy send connection 8 from local rank 3, transport 0
MOC-R4PCC04U05:757217:757364 [3] NCCL INFO Connected to proxy localRank 1 -> connection 0x7f1c800052f0
MOC-R4PCC04U05:757217:757356 [3] NCCL INFO New proxy send connection 8 from local rank 1, transport 0
MOC-R4PCC04U05:757214:757362 [0] NCCL INFO New proxy send connection 9 from local rank 2, transport 0
MOC-R4PCC04U05:757215:757367 [1] NCCL INFO Connected to proxy localRank 3 -> connection 0x7f6d040052f0
MOC-R4PCC04U05:757216:757366 [2] NCCL INFO Connected to proxy localRank 0 -> connection 0x7fc2e8005368
MOC-R4PCC04U05:757216:757358 [2] NCCL INFO New proxy send connection 8 from local rank 0, transport 0
MOC-R4PCC04U05:757214:757365 [0] NCCL INFO Connected to proxy localRank 2 -> connection 0x7fbb380052f0
MOC-R4PCC04U05:757217:757356 [3] NCCL INFO NET/IB: NCCL Dev 1 IbDev 0 Port 1 qpn 12506 mtu 3 query_ece={supported=1, vendor_id=0x15b3, options=0x30000002, comp_mask=0x0} GID 3 (0/C132A8C0FFFF0000) fifoRkey=0x170bca fifoLkey=0x170bca
MOC-R4PCC04U05:757217:757356 [3] NCCL INFO NET/IB: NCCL Dev 1 IbDev 0 Port 1 qpn 12507 mtu 3 query_ece={supported=1, vendor_id=0x15b3, options=0x30000002, comp_mask=0x0} GID 3 (0/C132A8C0FFFF0000) fifoRkey=0x17cb8a fifoLkey=0x17cb8a
MOC-R4PCC04U05:757217:757356 [3] NCCL INFO NET/IB: IbDev 0 Port 1 qpn 13264 set_ece={supported=1, vendor_id=0x15b3, options=0x0, comp_mask=0x0}
MOC-R4PCC04U05:757215:757357 [1] NCCL INFO New proxy send connection 9 from local rank 2, transport 0
MOC-R4PCC04U05:757216:757366 [2] NCCL INFO Connected to proxy localRank 1 -> connection 0x7f1c80005368
MOC-R4PCC04U05:757216:757358 [2] NCCL INFO NET/IB: NCCL Dev 1 IbDev 0 Port 1 qpn 12508 mtu 3 query_ece={supported=1, vendor_id=0x15b3, options=0x30000002, comp_mask=0x0} GID 3 (0/C132A8C0FFFF0000) fifoRkey=0x17bf7e fifoLkey=0x17bf7e
MOC-R4PCC04U05:757216:757358 [2] NCCL INFO NET/IB: NCCL Dev 1 IbDev 0 Port 1 qpn 12509 mtu 3 query_ece={supported=1, vendor_id=0x15b3, options=0x30000002, comp_mask=0x0} GID 3 (0/C132A8C0FFFF0000) fifoRkey=0x17e1a0 fifoLkey=0x17e1a0
MOC-R4PCC04U05:757214:757362 [0] NCCL INFO New proxy send connection 10 from local rank 1, transport 0
MOC-R4PCC04U05:757215:757367 [1] NCCL INFO Connected to proxy localRank 0 -> connection 0x7fc2e80053e0
MOC-R4PCC04U05:757217:757356 [3] NCCL INFO NET/IB: IbDev 0 Port 1 qpn 13266 set_ece={supported=1, vendor_id=0x15b3, options=0x0, comp_mask=0x0}
MOC-R4PCC04U05:757216:757358 [2] NCCL INFO NET/IB: IbDev 0 Port 1 qpn 13270 set_ece={supported=1, vendor_id=0x15b3, options=0x0, comp_mask=0x0}
MOC-R4PCC04U05:757217:757356 [3] NCCL INFO New proxy send connection 9 from local rank 0, transport 0
MOC-R4PCC04U05:757214:757365 [0] NCCL INFO Connected to proxy localRank 3 -> connection 0x7f6d04005368
MOC-R4PCC04U05:757216:757358 [2] NCCL INFO NET/IB: IbDev 0 Port 1 qpn 13272 set_ece={supported=1, vendor_id=0x15b3, options=0x0, comp_mask=0x0}
MOC-R4PCC04U05:757215:757357 [1] NCCL INFO New proxy send connection 10 from local rank 0, transport 0
MOC-R4PCC04U05:757214:757365 [0] NCCL INFO Connected to proxy localRank 1 -> connection 0x7f1c800053e0
MOC-R4PCC04U05:757216:757358 [2] NCCL INFO New proxy send connection 9 from local rank 1, transport 0
MOC-R4PCC04U05:757215:757367 [1] NCCL INFO Connected to proxy localRank 2 -> connection 0x7fbb38005368
num decayed parameter tensors: 50, with 124,318,464 parameters
num non-decayed parameter tensors: 98, with 121,344 parameters
using fused AdamW: False
using regular AdamW
MOC-R4PCC04U05:757215:757357 [1] NCCL INFO New proxy recv connection 11 from local rank 1, transport 0
MOC-R4PCC04U05:757215:758058 [1] NCCL INFO Connected to proxy localRank 1 -> connection 0x7f1c80005458
MOC-R4PCC04U05:757215:757357 [1] NCCL INFO New proxy recv connection 12 from local rank 1, transport 0
MOC-R4PCC04U05:757215:758058 [1] NCCL INFO Connected to proxy localRank 1 -> connection 0x7f1c800054d0
MOC-R4PCC04U05:757215:757357 [1] NCCL INFO New proxy recv connection 13 from local rank 1, transport 0
MOC-R4PCC04U05:757215:758058 [1] NCCL INFO Connected to proxy localRank 1 -> connection 0x7f1c80005548
MOC-R4PCC04U05:757215:757357 [1] NCCL INFO New proxy recv connection 14 from local rank 1, transport 0
MOC-R4PCC04U05:757215:758058 [1] NCCL INFO Connected to proxy localRank 1 -> connection 0x7f1c800055c0
MOC-R4PCC04U05:757215:757357 [1] NCCL INFO New proxy send connection 15 from local rank 1, transport 0
MOC-R4PCC04U05:757215:758058 [1] NCCL INFO Connected to proxy localRank 1 -> connection 0x7f1c80005638
MOC-R4PCC04U05:757215:757357 [1] NCCL INFO New proxy send connection 16 from local rank 1, transport 0
MOC-R4PCC04U05:757215:758058 [1] NCCL INFO Connected to proxy localRank 1 -> connection 0x7f1c800056b0
MOC-R4PCC04U05:757215:757357 [1] NCCL INFO New proxy send connection 17 from local rank 1, transport 0
MOC-R4PCC04U05:757215:758058 [1] NCCL INFO Connected to proxy localRank 1 -> connection 0x7f1c80005728
MOC-R4PCC04U05:757215:757357 [1] NCCL INFO New proxy send connection 18 from local rank 1, transport 0
MOC-R4PCC04U05:757215:758058 [1] NCCL INFO Connected to proxy localRank 1 -> connection 0x7f1c800057a0
MOC-R4PCC04U05:757217:757356 [3] NCCL INFO New proxy recv connection 10 from local rank 3, transport 0
MOC-R4PCC04U05:757217:758059 [3] NCCL INFO Connected to proxy localRank 3 -> connection 0x7f6d040053e0
MOC-R4PCC04U05:757217:757356 [3] NCCL INFO New proxy recv connection 11 from local rank 3, transport 0
MOC-R4PCC04U05:757217:758059 [3] NCCL INFO Connected to proxy localRank 3 -> connection 0x7f6d04005458
MOC-R4PCC04U05:757216:757358 [2] NCCL INFO New proxy recv connection 10 from local rank 2, transport 0
MOC-R4PCC04U05:757216:758060 [2] NCCL INFO Connected to proxy localRank 2 -> connection 0x7fbb380053e0
MOC-R4PCC04U05:757216:757358 [2] NCCL INFO New proxy recv connection 11 from local rank 2, transport 0
MOC-R4PCC04U05:757216:758060 [2] NCCL INFO Connected to proxy localRank 2 -> connection 0x7fbb38005458
MOC-R4PCC04U05:757216:757358 [2] NCCL INFO New proxy recv connection 12 from local rank 2, transport 0
MOC-R4PCC04U05:757216:758060 [2] NCCL INFO Connected to proxy localRank 2 -> connection 0x7fbb380054d0
MOC-R4PCC04U05:757216:757358 [2] NCCL INFO New proxy recv connection 13 from local rank 2, transport 0
MOC-R4PCC04U05:757216:758060 [2] NCCL INFO Connected to proxy localRank 2 -> connection 0x7fbb38005548
MOC-R4PCC04U05:757216:757358 [2] NCCL INFO New proxy send connection 14 from local rank 2, transport 0
MOC-R4PCC04U05:757216:758060 [2] NCCL INFO Connected to proxy localRank 2 -> connection 0x7fbb380055c0
MOC-R4PCC04U05:757216:757358 [2] NCCL INFO New proxy send connection 15 from local rank 2, transport 0
MOC-R4PCC04U05:757216:758060 [2] NCCL INFO Connected to proxy localRank 2 -> connection 0x7fbb38005638
MOC-R4PCC04U05:757214:757362 [0] NCCL INFO New proxy send connection 11 from local rank 0, transport 0
MOC-R4PCC04U05:757214:758061 [0] NCCL INFO Connected to proxy localRank 0 -> connection 0x7fc2e8005458
MOC-R4PCC04U05:757214:757362 [0] NCCL INFO New proxy send connection 12 from local rank 0, transport 0
MOC-R4PCC04U05:757214:758061 [0] NCCL INFO Connected to proxy localRank 0 -> connection 0x7fc2e80054d0
MOC-R4PCC04U05:757214:757362 [0] NCCL INFO New proxy send connection 13 from local rank 0, transport 0
MOC-R4PCC04U05:757214:758061 [0] NCCL INFO Connected to proxy localRank 0 -> connection 0x7fc2e8005548
MOC-R4PCC04U05:757214:757362 [0] NCCL INFO New proxy send connection 14 from local rank 0, transport 0
MOC-R4PCC04U05:757214:758061 [0] NCCL INFO Connected to proxy localRank 0 -> connection 0x7fc2e80055c0
MOC-R4PCC04U05:757214:757362 [0] NCCL INFO New proxy send connection 15 from local rank 0, transport 0
MOC-R4PCC04U05:757214:758061 [0] NCCL INFO Connected to proxy localRank 0 -> connection 0x7fc2e8005638
MOC-R4PCC04U05:757215:757357 [1] NCCL INFO New proxy recv connection 19 from local rank 1, transport 0
MOC-R4PCC04U05:757215:758058 [1] NCCL INFO Connected to proxy localRank 1 -> connection 0x7f1c80005818
MOC-R4PCC04U05:757214:757362 [0] NCCL INFO New proxy send connection 16 from local rank 0, transport 0
MOC-R4PCC04U05:757214:758061 [0] NCCL INFO Connected to proxy localRank 0 -> connection 0x7fc2e80056b0
MOC-R4PCC04U05:757215:757357 [1] NCCL INFO New proxy recv connection 20 from local rank 1, transport 0
MOC-R4PCC04U05:757215:758058 [1] NCCL INFO Connected to proxy localRank 1 -> connection 0x7f1c80005890
MOC-R4PCC04U05:757214:757362 [0] NCCL INFO New proxy recv connection 17 from local rank 0, transport 0
MOC-R4PCC04U05:757214:758061 [0] NCCL INFO Connected to proxy localRank 0 -> connection 0x7fc2e8005728
MOC-R4PCC04U05:757217:758059 [3] NCCL INFO GPU Direct RDMA Disabled for GPU 3 / HCA 1 (distance 7 > 0)
MOC-R4PCC04U05:757217:757356 [3] NCCL INFO New proxy send connection 12 from local rank 3, transport 2
MOC-R4PCC04U05:757217:758059 [3] NCCL INFO Connected to proxy localRank 3 -> connection 0x7f6d040054d0
MOC-R4PCC04U05:757214:757362 [0] NCCL INFO New proxy recv connection 18 from local rank 0, transport 0
MOC-R4PCC04U05:757217:758059 [3] NCCL INFO Channel 02/0 : 3[3] -> 7[3] [send] via NET/IB/1
MOC-R4PCC04U05:757217:758059 [3] NCCL INFO GPU Direct RDMA Disabled for GPU 3 / HCA 1 (distance 7 > 0)
MOC-R4PCC04U05:757214:758061 [0] NCCL INFO Connected to proxy localRank 0 -> connection 0x7fc2e80057a0
MOC-R4PCC04U05:757217:757356 [3] NCCL INFO New proxy send connection 13 from local rank 3, transport 2
MOC-R4PCC04U05:757217:758059 [3] NCCL INFO Connected to proxy localRank 3 -> connection 0x7f6d04005548
MOC-R4PCC04U05:757217:758059 [3] NCCL INFO Channel 03/0 : 3[3] -> 7[3] [send] via NET/IB/1
MOC-R4PCC04U05:757214:757362 [0] NCCL INFO New proxy recv connection 19 from local rank 0, transport 0
MOC-R4PCC04U05:757214:758061 [0] NCCL INFO Connected to proxy localRank 0 -> connection 0x7fc2e8005818
MOC-R4PCC04U05:757217:758059 [3] NCCL INFO GPU Direct RDMA Disabled for GPU 3 / HCA 1 (distance 7 > 0)
MOC-R4PCC04U05:757217:757356 [3] NCCL INFO New proxy recv connection 14 from local rank 3, transport 2
MOC-R4PCC04U05:757217:758059 [3] NCCL INFO Connected to proxy localRank 3 -> connection 0x7f6d040055c0
MOC-R4PCC04U05:757217:758059 [3] NCCL INFO Channel 00/0 : 11[3] -> 3[3] [receive] via NET/IB/1
MOC-R4PCC04U05:757217:758059 [3] NCCL INFO GPU Direct RDMA Disabled for GPU 3 / HCA 1 (distance 7 > 0)
MOC-R4PCC04U05:757217:757356 [3] NCCL INFO New proxy recv connection 15 from local rank 3, transport 2
MOC-R4PCC04U05:757217:758059 [3] NCCL INFO Connected to proxy localRank 3 -> connection 0x7f6d04005638
MOC-R4PCC04U05:757217:758059 [3] NCCL INFO Channel 01/0 : 11[3] -> 3[3] [receive] via NET/IB/1
MOC-R4PCC04U05:757217:758059 [3] NCCL INFO GPU Direct RDMA Disabled for GPU 3 / HCA 1 (distance 7 > 0)
MOC-R4PCC04U05:757217:757356 [3] NCCL INFO New proxy send connection 16 from local rank 3, transport 2
MOC-R4PCC04U05:757217:758059 [3] NCCL INFO Connected to proxy localRank 3 -> connection 0x7f6d040056b0
MOC-R4PCC04U05:757217:758059 [3] NCCL INFO Channel 00/0 : 3[3] -> 11[3] [send] via NET/IB/1
MOC-R4PCC04U05:757217:758059 [3] NCCL INFO GPU Direct RDMA Disabled for GPU 3 / HCA 1 (distance 7 > 0)
MOC-R4PCC04U05:757217:757356 [3] NCCL INFO New proxy send connection 17 from local rank 3, transport 2
MOC-R4PCC04U05:757217:758059 [3] NCCL INFO Connected to proxy localRank 3 -> connection 0x7f6d04005728
MOC-R4PCC04U05:757217:758059 [3] NCCL INFO Channel 01/0 : 3[3] -> 11[3] [send] via NET/IB/1
MOC-R4PCC04U05:757214:757362 [0] NCCL INFO New proxy recv connection 20 from local rank 0, transport 0
MOC-R4PCC04U05:757214:758061 [0] NCCL INFO Connected to proxy localRank 0 -> connection 0x7fc2e8005890
MOC-R4PCC04U05:757217:758059 [3] NCCL INFO GPU Direct RDMA Disabled for GPU 3 / HCA 1 (distance 7 > 0)
MOC-R4PCC04U05:757217:757356 [3] NCCL INFO New proxy recv connection 18 from local rank 3, transport 2
MOC-R4PCC04U05:757217:758059 [3] NCCL INFO Connected to proxy localRank 3 -> connection 0x7f6d040057a0
MOC-R4PCC04U05:757217:758059 [3] NCCL INFO Channel 02/0 : 7[3] -> 3[3] [receive] via NET/IB/1
MOC-R4PCC04U05:757217:758059 [3] NCCL INFO GPU Direct RDMA Disabled for GPU 3 / HCA 1 (distance 7 > 0)
MOC-R4PCC04U05:757217:757356 [3] NCCL INFO New proxy recv connection 19 from local rank 3, transport 2
MOC-R4PCC04U05:757217:758059 [3] NCCL INFO Connected to proxy localRank 3 -> connection 0x7f6d04005818
MOC-R4PCC04U05:757217:758059 [3] NCCL INFO Channel 03/0 : 7[3] -> 3[3] [receive] via NET/IB/1
MOC-R4PCC04U05:757217:757356 [3] NCCL INFO New proxy send connection 20 from local rank 3, transport 0
MOC-R4PCC04U05:757217:758059 [3] NCCL INFO Connected to proxy localRank 3 -> connection 0x7f6d04005890
MOC-R4PCC04U05:757217:757356 [3] NCCL INFO New proxy send connection 21 from local rank 3, transport 0
MOC-R4PCC04U05:757217:758059 [3] NCCL INFO Connected to proxy localRank 3 -> connection 0x7f6d04005908
MOC-R4PCC04U05:757217:757356 [3] NCCL INFO New proxy send connection 22 from local rank 3, transport 0
MOC-R4PCC04U05:757217:758059 [3] NCCL INFO Connected to proxy localRank 3 -> connection 0x7f6d04005980
MOC-R4PCC04U05:757217:757356 [3] NCCL INFO New proxy send connection 23 from local rank 3, transport 0
MOC-R4PCC04U05:757217:758059 [3] NCCL INFO Connected to proxy localRank 3 -> connection 0x7f6d040059f8
MOC-R4PCC04U05:757217:757356 [3] NCCL INFO NET/IB: NCCL Dev 1 IbDev 0 Port 1 qpn 12518 mtu 3 query_ece={supported=1, vendor_id=0x15b3, options=0x30000002, comp_mask=0x0} GID 3 (0/C132A8C0FFFF0000) fifoRkey=0x17a767 fifoLkey=0x17a767
MOC-R4PCC04U05:757217:757356 [3] NCCL INFO NET/IB: NCCL Dev 1 IbDev 0 Port 1 qpn 12521 mtu 3 query_ece={supported=1, vendor_id=0x15b3, options=0x30000002, comp_mask=0x0} GID 3 (0/C132A8C0FFFF0000) fifoRkey=0x173af9 fifoLkey=0x173af9
MOC-R4PCC04U05:757217:757356 [3] NCCL INFO NET/IB: NCCL Dev 1 IbDev 0 Port 1 qpn 12522 mtu 3 query_ece={supported=1, vendor_id=0x15b3, options=0x30000002, comp_mask=0x0} GID 3 (0/C132A8C0FFFF0000) fifoRkey=0x177837 fifoLkey=0x177837
MOC-R4PCC04U05:757217:757356 [3] NCCL INFO NET/IB: NCCL Dev 1 IbDev 0 Port 1 qpn 12523 mtu 3 query_ece={supported=1, vendor_id=0x15b3, options=0x30000002, comp_mask=0x0} GID 3 (0/C132A8C0FFFF0000) fifoRkey=0x175412 fifoLkey=0x175412
MOC-R4PCC04U05:757217:757356 [3] NCCL INFO NET/IB: IbDev 0 Port 1 qpn 10723 set_ece={supported=1, vendor_id=0x15b3, options=0x0, comp_mask=0x0}
MOC-R4PCC04U05:757217:757356 [3] NCCL INFO NET/IB: IbDev 0 Port 1 qpn 10726 set_ece={supported=1, vendor_id=0x15b3, options=0x0, comp_mask=0x0}
MOC-R4PCC04U05:757217:757356 [3] NCCL INFO NET/IB: IbDev 0 Port 1 qpn 13277 set_ece={supported=1, vendor_id=0x15b3, options=0x0, comp_mask=0x0}
MOC-R4PCC04U05:757217:757356 [3] NCCL INFO NET/IB: IbDev 0 Port 1 qpn 13280 set_ece={supported=1, vendor_id=0x15b3, options=0x0, comp_mask=0x0}
step    1/10 | train loss 11.010197 | norm 15.3783 | lr 1.00e-04 | (14706.16 ms | 320858 tok/s)
step    2/10 | train loss 10.139422 | norm 5.7380 | lr 1.00e-04 | (740.85 ms | 6369139 tok/s)
step    3/10 | train loss 9.800094 | norm 2.5972 | lr 1.00e-04 | (726.38 ms | 6496024 tok/s)
step    4/10 | train loss 9.631590 | norm 2.1025 | lr 1.00e-04 | (733.89 ms | 6429560 tok/s)
step    5/10 | train loss 9.549200 | norm 2.0954 | lr 1.00e-04 | (733.37 ms | 6434080 tok/s)
step    6/10 | train loss 9.469118 | norm 1.9887 | lr 1.00e-04 | (733.88 ms | 6429621 tok/s)
step    7/10 | train loss 9.384791 | norm 1.9384 | lr 1.00e-04 | (736.51 ms | 6406707 tok/s)
step    8/10 | train loss 9.294775 | norm 1.9078 | lr 1.00e-04 | (729.10 ms | 6471799 tok/s)
step    9/10 | train loss 9.200788 | norm 1.8597 | lr 1.00e-04 | (751.46 ms | 6279260 tok/s)
step   10/10 | train loss 9.113812 | norm 1.7827 | lr 1.00e-04 | (735.51 ms | 6415384 tok/s)
final 9 iters avg: 735.662ms
peak memory consumption: 16601 MiB
