Running pytorch 2.7.0+cu126
using device: cuda:0
total desired batch size: 1310720
=> calculated gradient accumulation steps: 5
using device: cuda:3
using device: cuda:2
using device: cuda:1
compiling the model...
DataLoader: total number of tokens: 1,661,249,667 across 103 files
MOC-R4PCC04U05:370783:370783 [0] NCCL INFO NCCL_SOCKET_IFNAME set to eno7np0
MOC-R4PCC04U05:370783:370783 [0] NCCL INFO NCCL version 2.26.2+cuda12.2
MOC-R4PCC04U05:370785:370785 [2] NCCL INFO NCCL_SOCKET_IFNAME set to eno7np0
MOC-R4PCC04U05:370785:370785 [2] NCCL INFO NCCL version 2.26.2+cuda12.2
MOC-R4PCC04U05:370784:370784 [1] NCCL INFO NCCL_SOCKET_IFNAME set to eno7np0
MOC-R4PCC04U05:370784:370784 [1] NCCL INFO NCCL version 2.26.2+cuda12.2
MOC-R4PCC04U05:370786:370786 [3] NCCL INFO NCCL_SOCKET_IFNAME set to eno7np0
MOC-R4PCC04U05:370786:370786 [3] NCCL INFO NCCL version 2.26.2+cuda12.2
MOC-R4PCC04U05:370783:370826 [0] NCCL INFO NET/Plugin: Could not find: libnccl-net.so. Using internal net plugin.
MOC-R4PCC04U05:370783:370826 [0] NCCL INFO NET/Socket : Using [0]eno7np0:192.168.50.193<0>
MOC-R4PCC04U05:370785:370827 [2] NCCL INFO NET/Plugin: Could not find: libnccl-net.so. Using internal net plugin.
MOC-R4PCC04U05:370785:370827 [2] NCCL INFO NET/Socket : Using [0]eno7np0:192.168.50.193<0>
MOC-R4PCC04U05:370784:370828 [1] NCCL INFO NET/Plugin: Could not find: libnccl-net.so. Using internal net plugin.
MOC-R4PCC04U05:370784:370828 [1] NCCL INFO NET/Socket : Using [0]eno7np0:192.168.50.193<0>
MOC-R4PCC04U05:370786:370829 [3] NCCL INFO NET/Plugin: Could not find: libnccl-net.so. Using internal net plugin.
MOC-R4PCC04U05:370786:370829 [3] NCCL INFO NET/Socket : Using [0]eno7np0:192.168.50.193<0>
MOC-R4PCC04U05:370786:370829 [3] NCCL INFO NET/Socket : GPU Direct RDMA Disabled for HCA 0 'eno7np0'
MOC-R4PCC04U05:370783:370826 [0] NCCL INFO NET/Socket : GPU Direct RDMA Disabled for HCA 0 'eno7np0'
MOC-R4PCC04U05:370785:370827 [2] NCCL INFO NET/Socket : GPU Direct RDMA Disabled for HCA 0 'eno7np0'
MOC-R4PCC04U05:370784:370828 [1] NCCL INFO NET/Socket : GPU Direct RDMA Disabled for HCA 0 'eno7np0'
MOC-R4PCC04U05:370785:370843 [2] NCCL INFO New proxy recv connection 0 from local rank 2, transport 0
MOC-R4PCC04U05:370785:370848 [2] NCCL INFO Connected to proxy localRank 2 -> connection 0x7fbbb0004f30
MOC-R4PCC04U05:370785:370843 [2] NCCL INFO New proxy recv connection 1 from local rank 2, transport 0
MOC-R4PCC04U05:370785:370848 [2] NCCL INFO Connected to proxy localRank 2 -> connection 0x7fbbb0004fa8
MOC-R4PCC04U05:370783:370840 [0] NCCL INFO New proxy send connection 0 from local rank 0, transport 0
MOC-R4PCC04U05:370783:370849 [0] NCCL INFO Connected to proxy localRank 0 -> connection 0x7fc614004f30
MOC-R4PCC04U05:370783:370840 [0] NCCL INFO New proxy send connection 1 from local rank 0, transport 0
MOC-R4PCC04U05:370783:370849 [0] NCCL INFO Connected to proxy localRank 0 -> connection 0x7fc614004fa8
MOC-R4PCC04U05:370786:370841 [3] NCCL INFO New proxy recv connection 0 from local rank 3, transport 0
MOC-R4PCC04U05:370786:370850 [3] NCCL INFO Connected to proxy localRank 3 -> connection 0x7f308c004f30
MOC-R4PCC04U05:370786:370841 [3] NCCL INFO New proxy recv connection 1 from local rank 3, transport 0
MOC-R4PCC04U05:370786:370850 [3] NCCL INFO Connected to proxy localRank 3 -> connection 0x7f308c004fa8
MOC-R4PCC04U05:370784:370846 [1] NCCL INFO New proxy recv connection 0 from local rank 1, transport 0
MOC-R4PCC04U05:370784:370851 [1] NCCL INFO Connected to proxy localRank 1 -> connection 0x7f199c004f30
MOC-R4PCC04U05:370783:370840 [0] NCCL INFO New proxy send connection 2 from local rank 0, transport 0
MOC-R4PCC04U05:370783:370849 [0] NCCL INFO Connected to proxy localRank 0 -> connection 0x7fc614005020
MOC-R4PCC04U05:370783:370840 [0] NCCL INFO New proxy send connection 3 from local rank 0, transport 0
MOC-R4PCC04U05:370784:370846 [1] NCCL INFO New proxy recv connection 1 from local rank 1, transport 0
MOC-R4PCC04U05:370783:370849 [0] NCCL INFO Connected to proxy localRank 0 -> connection 0x7fc614005098
MOC-R4PCC04U05:370784:370851 [1] NCCL INFO Connected to proxy localRank 1 -> connection 0x7f199c004fa8
MOC-R4PCC04U05:370786:370841 [3] NCCL INFO New proxy send connection 2 from local rank 3, transport 2
MOC-R4PCC04U05:370786:370850 [3] NCCL INFO Connected to proxy localRank 3 -> connection 0x7f308c005020
MOC-R4PCC04U05:370786:370850 [3] NCCL INFO Channel 00/0 : 3[3] -> 6[2] [send] via NET/Socket/0
MOC-R4PCC04U05:370785:370843 [2] NCCL INFO New proxy recv connection 2 from local rank 2, transport 2
MOC-R4PCC04U05:370786:370841 [3] NCCL INFO New proxy send connection 3 from local rank 3, transport 2
MOC-R4PCC04U05:370786:370850 [3] NCCL INFO Connected to proxy localRank 3 -> connection 0x7f308c005098
MOC-R4PCC04U05:370785:370848 [2] NCCL INFO Connected to proxy localRank 2 -> connection 0x7fbbb0005020
MOC-R4PCC04U05:370786:370850 [3] NCCL INFO Channel 02/0 : 3[3] -> 6[2] [send] via NET/Socket/0
MOC-R4PCC04U05:370783:370840 [0] NCCL INFO New proxy recv connection 4 from local rank 0, transport 0
MOC-R4PCC04U05:370785:370848 [2] NCCL INFO Channel 00/0 : 7[3] -> 2[2] [receive] via NET/Socket/0
MOC-R4PCC04U05:370783:370849 [0] NCCL INFO Connected to proxy localRank 0 -> connection 0x7fc614005110
MOC-R4PCC04U05:370785:370843 [2] NCCL INFO New proxy recv connection 3 from local rank 2, transport 2
MOC-R4PCC04U05:370785:370848 [2] NCCL INFO Connected to proxy localRank 2 -> connection 0x7fbbb0005098
MOC-R4PCC04U05:370786:370841 [3] NCCL INFO New proxy recv connection 4 from local rank 3, transport 2
MOC-R4PCC04U05:370786:370850 [3] NCCL INFO Connected to proxy localRank 3 -> connection 0x7f308c005110
MOC-R4PCC04U05:370785:370848 [2] NCCL INFO Channel 02/0 : 7[3] -> 2[2] [receive] via NET/Socket/0
MOC-R4PCC04U05:370786:370850 [3] NCCL INFO Channel 01/0 : 6[2] -> 3[3] [receive] via NET/Socket/0
MOC-R4PCC04U05:370786:370841 [3] NCCL INFO New proxy recv connection 5 from local rank 3, transport 2
MOC-R4PCC04U05:370786:370850 [3] NCCL INFO Connected to proxy localRank 3 -> connection 0x7f308c005188
MOC-R4PCC04U05:370785:370843 [2] NCCL INFO New proxy send connection 4 from local rank 2, transport 2
MOC-R4PCC04U05:370785:370848 [2] NCCL INFO Connected to proxy localRank 2 -> connection 0x7fbbb0005110
MOC-R4PCC04U05:370786:370850 [3] NCCL INFO Channel 03/0 : 6[2] -> 3[3] [receive] via NET/Socket/0
MOC-R4PCC04U05:370785:370848 [2] NCCL INFO Channel 01/0 : 2[2] -> 7[3] [send] via NET/Socket/0
MOC-R4PCC04U05:370785:370843 [2] NCCL INFO New proxy send connection 5 from local rank 2, transport 2
MOC-R4PCC04U05:370785:370848 [2] NCCL INFO Connected to proxy localRank 2 -> connection 0x7fbbb0005188
MOC-R4PCC04U05:370786:370841 [3] NCCL INFO New proxy send connection 6 from local rank 3, transport 0
MOC-R4PCC04U05:370786:370850 [3] NCCL INFO Connected to proxy localRank 3 -> connection 0x7f308c005200
MOC-R4PCC04U05:370785:370848 [2] NCCL INFO Channel 03/0 : 2[2] -> 7[3] [send] via NET/Socket/0
MOC-R4PCC04U05:370785:370843 [2] NCCL INFO New proxy send connection 6 from local rank 2, transport 0
MOC-R4PCC04U05:370785:370848 [2] NCCL INFO Connected to proxy localRank 2 -> connection 0x7fbbb0005200
MOC-R4PCC04U05:370786:370841 [3] NCCL INFO New proxy send connection 7 from local rank 3, transport 0
MOC-R4PCC04U05:370783:370840 [0] NCCL INFO New proxy recv connection 5 from local rank 0, transport 0
MOC-R4PCC04U05:370786:370850 [3] NCCL INFO Connected to proxy localRank 3 -> connection 0x7f308c005278
MOC-R4PCC04U05:370783:370849 [0] NCCL INFO Connected to proxy localRank 0 -> connection 0x7fc614005188
MOC-R4PCC04U05:370783:370840 [0] NCCL INFO New proxy recv connection 6 from local rank 0, transport 0
MOC-R4PCC04U05:370783:370849 [0] NCCL INFO Connected to proxy localRank 0 -> connection 0x7fc614005200
MOC-R4PCC04U05:370785:370843 [2] NCCL INFO New proxy send connection 7 from local rank 2, transport 0
MOC-R4PCC04U05:370785:370848 [2] NCCL INFO Connected to proxy localRank 2 -> connection 0x7fbbb0005278
MOC-R4PCC04U05:370784:370846 [1] NCCL INFO New proxy recv connection 2 from local rank 1, transport 0
MOC-R4PCC04U05:370784:370851 [1] NCCL INFO Connected to proxy localRank 1 -> connection 0x7f199c005020
MOC-R4PCC04U05:370783:370840 [0] NCCL INFO New proxy recv connection 7 from local rank 0, transport 0
MOC-R4PCC04U05:370783:370849 [0] NCCL INFO Connected to proxy localRank 0 -> connection 0x7fc614005278
MOC-R4PCC04U05:370783:370840 [0] NCCL INFO New proxy send connection 8 from local rank 3, transport 0
MOC-R4PCC04U05:370786:370850 [3] NCCL INFO Connected to proxy localRank 0 -> connection 0x7fc6140052f0
MOC-R4PCC04U05:370784:370846 [1] NCCL INFO New proxy recv connection 3 from local rank 1, transport 0
MOC-R4PCC04U05:370784:370851 [1] NCCL INFO Connected to proxy localRank 1 -> connection 0x7f199c005098
MOC-R4PCC04U05:370784:370846 [1] NCCL INFO New proxy send connection 4 from local rank 1, transport 0
MOC-R4PCC04U05:370784:370851 [1] NCCL INFO Connected to proxy localRank 1 -> connection 0x7f199c005110
MOC-R4PCC04U05:370784:370846 [1] NCCL INFO New proxy send connection 5 from local rank 1, transport 0
MOC-R4PCC04U05:370784:370851 [1] NCCL INFO Connected to proxy localRank 1 -> connection 0x7f199c005188
MOC-R4PCC04U05:370784:370846 [1] NCCL INFO New proxy send connection 6 from local rank 1, transport 0
MOC-R4PCC04U05:370784:370851 [1] NCCL INFO Connected to proxy localRank 1 -> connection 0x7f199c005200
MOC-R4PCC04U05:370784:370846 [1] NCCL INFO New proxy send connection 7 from local rank 1, transport 0
MOC-R4PCC04U05:370784:370851 [1] NCCL INFO Connected to proxy localRank 1 -> connection 0x7f199c005278
MOC-R4PCC04U05:370786:370841 [3] NCCL INFO New proxy send connection 8 from local rank 1, transport 0
MOC-R4PCC04U05:370784:370851 [1] NCCL INFO Connected to proxy localRank 3 -> connection 0x7f308c0052f0
MOC-R4PCC04U05:370785:370843 [2] NCCL INFO New proxy send connection 8 from local rank 0, transport 0
MOC-R4PCC04U05:370783:370849 [0] NCCL INFO Connected to proxy localRank 2 -> connection 0x7fbbb00052f0
MOC-R4PCC04U05:370783:370840 [0] NCCL INFO New proxy send connection 9 from local rank 2, transport 0
MOC-R4PCC04U05:370785:370848 [2] NCCL INFO Connected to proxy localRank 0 -> connection 0x7fc614005368
MOC-R4PCC04U05:370784:370846 [1] NCCL INFO New proxy send connection 8 from local rank 3, transport 0
MOC-R4PCC04U05:370786:370850 [3] NCCL INFO Connected to proxy localRank 1 -> connection 0x7f199c0052f0
MOC-R4PCC04U05:370786:370841 [3] NCCL INFO New proxy send connection 9 from local rank 0, transport 0
MOC-R4PCC04U05:370783:370849 [0] NCCL INFO Connected to proxy localRank 3 -> connection 0x7f308c005368
MOC-R4PCC04U05:370783:370840 [0] NCCL INFO New proxy send connection 10 from local rank 1, transport 0
MOC-R4PCC04U05:370784:370851 [1] NCCL INFO Connected to proxy localRank 0 -> connection 0x7fc6140053e0
MOC-R4PCC04U05:370784:370846 [1] NCCL INFO New proxy send connection 9 from local rank 2, transport 0
MOC-R4PCC04U05:370785:370848 [2] NCCL INFO Connected to proxy localRank 1 -> connection 0x7f199c005368
MOC-R4PCC04U05:370784:370846 [1] NCCL INFO New proxy send connection 10 from local rank 0, transport 0
MOC-R4PCC04U05:370783:370849 [0] NCCL INFO Connected to proxy localRank 1 -> connection 0x7f199c0053e0
MOC-R4PCC04U05:370785:370843 [2] NCCL INFO New proxy send connection 9 from local rank 1, transport 0
MOC-R4PCC04U05:370784:370851 [1] NCCL INFO Connected to proxy localRank 2 -> connection 0x7fbbb0005368
num decayed parameter tensors: 50, with 124,318,464 parameters
num non-decayed parameter tensors: 98, with 121,344 parameters
using fused AdamW: False
using regular AdamW
MOC-R4PCC04U05:370783:370840 [0] NCCL INFO New proxy send connection 11 from local rank 0, transport 0
MOC-R4PCC04U05:370783:371609 [0] NCCL INFO Connected to proxy localRank 0 -> connection 0x7fc614005458
MOC-R4PCC04U05:370783:370840 [0] NCCL INFO New proxy send connection 12 from local rank 0, transport 0
MOC-R4PCC04U05:370783:371609 [0] NCCL INFO Connected to proxy localRank 0 -> connection 0x7fc6140054d0
MOC-R4PCC04U05:370783:370840 [0] NCCL INFO New proxy send connection 13 from local rank 0, transport 0
MOC-R4PCC04U05:370783:371609 [0] NCCL INFO Connected to proxy localRank 0 -> connection 0x7fc614005548
MOC-R4PCC04U05:370783:370840 [0] NCCL INFO New proxy send connection 14 from local rank 0, transport 0
MOC-R4PCC04U05:370783:371609 [0] NCCL INFO Connected to proxy localRank 0 -> connection 0x7fc6140055c0
MOC-R4PCC04U05:370785:370843 [2] NCCL INFO New proxy recv connection 10 from local rank 2, transport 0
MOC-R4PCC04U05:370785:371610 [2] NCCL INFO Connected to proxy localRank 2 -> connection 0x7fbbb00053e0
MOC-R4PCC04U05:370785:370843 [2] NCCL INFO New proxy recv connection 11 from local rank 2, transport 0
MOC-R4PCC04U05:370785:371610 [2] NCCL INFO Connected to proxy localRank 2 -> connection 0x7fbbb0005458
MOC-R4PCC04U05:370785:370843 [2] NCCL INFO New proxy recv connection 12 from local rank 2, transport 0
MOC-R4PCC04U05:370785:371610 [2] NCCL INFO Connected to proxy localRank 2 -> connection 0x7fbbb00054d0
MOC-R4PCC04U05:370785:370843 [2] NCCL INFO New proxy recv connection 13 from local rank 2, transport 0
MOC-R4PCC04U05:370785:371610 [2] NCCL INFO Connected to proxy localRank 2 -> connection 0x7fbbb0005548
MOC-R4PCC04U05:370784:370846 [1] NCCL INFO New proxy recv connection 11 from local rank 1, transport 0
MOC-R4PCC04U05:370784:371611 [1] NCCL INFO Connected to proxy localRank 1 -> connection 0x7f199c005458
MOC-R4PCC04U05:370784:370846 [1] NCCL INFO New proxy recv connection 12 from local rank 1, transport 0
MOC-R4PCC04U05:370784:371611 [1] NCCL INFO Connected to proxy localRank 1 -> connection 0x7f199c0054d0
MOC-R4PCC04U05:370784:370846 [1] NCCL INFO New proxy recv connection 13 from local rank 1, transport 0
MOC-R4PCC04U05:370784:371611 [1] NCCL INFO Connected to proxy localRank 1 -> connection 0x7f199c005548
MOC-R4PCC04U05:370784:370846 [1] NCCL INFO New proxy recv connection 14 from local rank 1, transport 0
MOC-R4PCC04U05:370784:371611 [1] NCCL INFO Connected to proxy localRank 1 -> connection 0x7f199c0055c0
MOC-R4PCC04U05:370784:370846 [1] NCCL INFO New proxy send connection 15 from local rank 1, transport 0
MOC-R4PCC04U05:370784:371611 [1] NCCL INFO Connected to proxy localRank 1 -> connection 0x7f199c005638
MOC-R4PCC04U05:370784:370846 [1] NCCL INFO New proxy send connection 16 from local rank 1, transport 0
MOC-R4PCC04U05:370784:371611 [1] NCCL INFO Connected to proxy localRank 1 -> connection 0x7f199c0056b0
MOC-R4PCC04U05:370784:370846 [1] NCCL INFO New proxy send connection 17 from local rank 1, transport 0
MOC-R4PCC04U05:370784:371611 [1] NCCL INFO Connected to proxy localRank 1 -> connection 0x7f199c005728
MOC-R4PCC04U05:370784:370846 [1] NCCL INFO New proxy send connection 18 from local rank 1, transport 0
MOC-R4PCC04U05:370784:371611 [1] NCCL INFO Connected to proxy localRank 1 -> connection 0x7f199c0057a0
MOC-R4PCC04U05:370783:370840 [0] NCCL INFO New proxy send connection 15 from local rank 0, transport 0
MOC-R4PCC04U05:370783:371609 [0] NCCL INFO Connected to proxy localRank 0 -> connection 0x7fc614005638
MOC-R4PCC04U05:370784:370846 [1] NCCL INFO New proxy recv connection 19 from local rank 1, transport 0
MOC-R4PCC04U05:370784:371611 [1] NCCL INFO Connected to proxy localRank 1 -> connection 0x7f199c005818
MOC-R4PCC04U05:370785:370843 [2] NCCL INFO New proxy send connection 14 from local rank 2, transport 0
MOC-R4PCC04U05:370785:371610 [2] NCCL INFO Connected to proxy localRank 2 -> connection 0x7fbbb00055c0
MOC-R4PCC04U05:370784:370846 [1] NCCL INFO New proxy recv connection 20 from local rank 1, transport 0
MOC-R4PCC04U05:370784:371611 [1] NCCL INFO Connected to proxy localRank 1 -> connection 0x7f199c005890
MOC-R4PCC04U05:370783:370840 [0] NCCL INFO New proxy send connection 16 from local rank 0, transport 0
MOC-R4PCC04U05:370783:371609 [0] NCCL INFO Connected to proxy localRank 0 -> connection 0x7fc6140056b0
MOC-R4PCC04U05:370785:370843 [2] NCCL INFO New proxy send connection 15 from local rank 2, transport 0
MOC-R4PCC04U05:370785:371610 [2] NCCL INFO Connected to proxy localRank 2 -> connection 0x7fbbb0005638
MOC-R4PCC04U05:370786:370841 [3] NCCL INFO New proxy recv connection 10 from local rank 3, transport 0
MOC-R4PCC04U05:370786:371612 [3] NCCL INFO Connected to proxy localRank 3 -> connection 0x7f308c0053e0
MOC-R4PCC04U05:370786:370841 [3] NCCL INFO New proxy recv connection 11 from local rank 3, transport 0
MOC-R4PCC04U05:370786:371612 [3] NCCL INFO Connected to proxy localRank 3 -> connection 0x7f308c005458
MOC-R4PCC04U05:370786:370841 [3] NCCL INFO New proxy recv connection 12 from local rank 3, transport 2
MOC-R4PCC04U05:370786:371612 [3] NCCL INFO Connected to proxy localRank 3 -> connection 0x7f308c0054d0
MOC-R4PCC04U05:370783:370840 [0] NCCL INFO New proxy recv connection 17 from local rank 0, transport 0
MOC-R4PCC04U05:370783:371609 [0] NCCL INFO Connected to proxy localRank 0 -> connection 0x7fc614005728
MOC-R4PCC04U05:370783:370840 [0] NCCL INFO New proxy recv connection 18 from local rank 0, transport 0
MOC-R4PCC04U05:370783:371609 [0] NCCL INFO Connected to proxy localRank 0 -> connection 0x7fc6140057a0
MOC-R4PCC04U05:370786:371612 [3] NCCL INFO Channel 00/0 : 7[3] -> 3[3] [receive] via NET/Socket/0
MOC-R4PCC04U05:370786:370841 [3] NCCL INFO New proxy recv connection 13 from local rank 3, transport 2
MOC-R4PCC04U05:370786:371612 [3] NCCL INFO Connected to proxy localRank 3 -> connection 0x7f308c005548
MOC-R4PCC04U05:370783:370840 [0] NCCL INFO New proxy recv connection 19 from local rank 0, transport 0
MOC-R4PCC04U05:370783:371609 [0] NCCL INFO Connected to proxy localRank 0 -> connection 0x7fc614005818
MOC-R4PCC04U05:370786:371612 [3] NCCL INFO Channel 01/0 : 7[3] -> 3[3] [receive] via NET/Socket/0
MOC-R4PCC04U05:370783:370840 [0] NCCL INFO New proxy recv connection 20 from local rank 0, transport 0
MOC-R4PCC04U05:370786:370841 [3] NCCL INFO New proxy recv connection 14 from local rank 3, transport 2
MOC-R4PCC04U05:370783:371609 [0] NCCL INFO Connected to proxy localRank 0 -> connection 0x7fc614005890
MOC-R4PCC04U05:370786:371612 [3] NCCL INFO Connected to proxy localRank 3 -> connection 0x7f308c0055c0
MOC-R4PCC04U05:370786:371612 [3] NCCL INFO Channel 02/0 : 7[3] -> 3[3] [receive] via NET/Socket/0
MOC-R4PCC04U05:370786:370841 [3] NCCL INFO New proxy recv connection 15 from local rank 3, transport 2
MOC-R4PCC04U05:370786:371612 [3] NCCL INFO Connected to proxy localRank 3 -> connection 0x7f308c005638
MOC-R4PCC04U05:370786:371612 [3] NCCL INFO Channel 03/0 : 7[3] -> 3[3] [receive] via NET/Socket/0
MOC-R4PCC04U05:370786:370841 [3] NCCL INFO New proxy send connection 16 from local rank 3, transport 2
MOC-R4PCC04U05:370786:371612 [3] NCCL INFO Connected to proxy localRank 3 -> connection 0x7f308c0056b0
MOC-R4PCC04U05:370786:371612 [3] NCCL INFO Channel 00/0 : 3[3] -> 7[3] [send] via NET/Socket/0
MOC-R4PCC04U05:370786:370841 [3] NCCL INFO New proxy send connection 17 from local rank 3, transport 2
MOC-R4PCC04U05:370786:371612 [3] NCCL INFO Connected to proxy localRank 3 -> connection 0x7f308c005728
MOC-R4PCC04U05:370786:371612 [3] NCCL INFO Channel 01/0 : 3[3] -> 7[3] [send] via NET/Socket/0
MOC-R4PCC04U05:370786:370841 [3] NCCL INFO New proxy send connection 18 from local rank 3, transport 2
MOC-R4PCC04U05:370786:371612 [3] NCCL INFO Connected to proxy localRank 3 -> connection 0x7f308c0057a0
MOC-R4PCC04U05:370786:371612 [3] NCCL INFO Channel 02/0 : 3[3] -> 7[3] [send] via NET/Socket/0
MOC-R4PCC04U05:370786:370841 [3] NCCL INFO New proxy send connection 19 from local rank 3, transport 2
MOC-R4PCC04U05:370786:371612 [3] NCCL INFO Connected to proxy localRank 3 -> connection 0x7f308c005818
MOC-R4PCC04U05:370786:371612 [3] NCCL INFO Channel 03/0 : 3[3] -> 7[3] [send] via NET/Socket/0
MOC-R4PCC04U05:370786:370841 [3] NCCL INFO New proxy send connection 20 from local rank 3, transport 0
MOC-R4PCC04U05:370786:371612 [3] NCCL INFO Connected to proxy localRank 3 -> connection 0x7f308c005890
MOC-R4PCC04U05:370786:370841 [3] NCCL INFO New proxy send connection 21 from local rank 3, transport 0
MOC-R4PCC04U05:370786:371612 [3] NCCL INFO Connected to proxy localRank 3 -> connection 0x7f308c005908
MOC-R4PCC04U05:370786:370841 [3] NCCL INFO New proxy send connection 22 from local rank 3, transport 0
MOC-R4PCC04U05:370786:371612 [3] NCCL INFO Connected to proxy localRank 3 -> connection 0x7f308c005980
MOC-R4PCC04U05:370786:370841 [3] NCCL INFO New proxy send connection 23 from local rank 3, transport 0
MOC-R4PCC04U05:370786:371612 [3] NCCL INFO Connected to proxy localRank 3 -> connection 0x7f308c0059f8
step    1/10 | train loss 11.010132 | norm 15.4557 | lr 1.00e-04 | (13729.74 ms | 95466 tok/s)
step    2/10 | train loss 10.134747 | norm 5.7680 | lr 1.00e-04 | (441.29 ms | 2970171 tok/s)
step    3/10 | train loss 9.792710 | norm 2.6181 | lr 1.00e-04 | (433.11 ms | 3026307 tok/s)
step    4/10 | train loss 9.622602 | norm 2.1198 | lr 1.00e-04 | (431.62 ms | 3036741 tok/s)
step    5/10 | train loss 9.539337 | norm 2.1126 | lr 1.00e-04 | (430.71 ms | 3043130 tok/s)
step    6/10 | train loss 9.457716 | norm 2.0030 | lr 1.00e-04 | (430.25 ms | 3046439 tok/s)
step    7/10 | train loss 9.371841 | norm 1.9528 | lr 1.00e-04 | (430.71 ms | 3043137 tok/s)
step    8/10 | train loss 9.279831 | norm 1.9192 | lr 1.00e-04 | (430.90 ms | 3041809 tok/s)
step    9/10 | train loss 9.184057 | norm 1.8636 | lr 1.00e-04 | (429.92 ms | 3048727 tok/s)
step   10/10 | train loss 9.097856 | norm 1.7989 | lr 1.00e-04 | (431.27 ms | 3039199 tok/s)
final 9 iters avg: 432.199ms
peak memory consumption: 16601 MiB
