Running pytorch 2.7.0+cu126
using device: cuda:0
total desired batch size: 1310720
=> calculated gradient accumulation steps: 10
using device: cuda:3
using device: cuda:1
using device: cuda:2
compiling the model...
DataLoader: total number of tokens: 1,661,249,667 across 103 files
MOC-R4PCC04U05:90614:90614 [0] NCCL INFO NCCL_SOCKET_IFNAME set by environment to eno7np0
MOC-R4PCC04U05:90614:90614 [0] NCCL INFO Bootstrap: Using eno7np0:192.168.50.193<0>
MOC-R4PCC04U05:90614:90614 [0] NCCL INFO cudaDriverVersion 12040
MOC-R4PCC04U05:90614:90614 [0] NCCL INFO NCCL version 2.26.2+cuda12.2
MOC-R4PCC04U05:90614:90614 [0] NCCL INFO Comm config Blocking set to 1
MOC-R4PCC04U05:90614:90661 [0] NCCL INFO NET/Plugin: Could not find: libnccl-net.so. Using internal net plugin.
MOC-R4PCC04U05:90614:90661 [0] NCCL INFO NCCL_IB_DISABLE set by environment to 0.
MOC-R4PCC04U05:90614:90661 [0] NCCL INFO NCCL_SOCKET_IFNAME set by environment to eno7np0
MOC-R4PCC04U05:90614:90661 [0] NCCL INFO NCCL_IB_HCA set to mlx5_5
MOC-R4PCC04U05:90617:90617 [3] NCCL INFO cudaDriverVersion 12040
MOC-R4PCC04U05:90617:90617 [3] NCCL INFO NCCL_SOCKET_IFNAME set by environment to eno7np0
MOC-R4PCC04U05:90617:90617 [3] NCCL INFO Bootstrap: Using eno7np0:192.168.50.193<0>
MOC-R4PCC04U05:90617:90617 [3] NCCL INFO NCCL version 2.26.2+cuda12.2
MOC-R4PCC04U05:90617:90617 [3] NCCL INFO Comm config Blocking set to 1
MOC-R4PCC04U05:90615:90615 [1] NCCL INFO cudaDriverVersion 12040
MOC-R4PCC04U05:90615:90615 [1] NCCL INFO NCCL_SOCKET_IFNAME set by environment to eno7np0
MOC-R4PCC04U05:90615:90615 [1] NCCL INFO Bootstrap: Using eno7np0:192.168.50.193<0>
MOC-R4PCC04U05:90615:90615 [1] NCCL INFO NCCL version 2.26.2+cuda12.2
MOC-R4PCC04U05:90615:90615 [1] NCCL INFO Comm config Blocking set to 1
MOC-R4PCC04U05:90614:90661 [0] NCCL INFO NET/IB : Using [0]mlx5_5:1/RoCE [RO]; OOB eno7np0:192.168.50.193<0>
MOC-R4PCC04U05:90614:90661 [0] NCCL INFO PROFILER/Plugin: Could not find: libnccl-profiler.so. 
MOC-R4PCC04U05:90614:90661 [0] NCCL INFO Using network IB
MOC-R4PCC04U05:90614:90661 [0] NCCL INFO DMA-BUF is available on GPU device 0
MOC-R4PCC04U05:90614:90661 [0] NCCL INFO ncclCommInitRankConfig comm 0x561c8c533580 rank 0 nranks 4 cudaDev 0 nvmlDev 0 busId 6000 commId 0x7cb58a34b16bb296 - Init START
MOC-R4PCC04U05:90616:90616 [2] NCCL INFO cudaDriverVersion 12040
MOC-R4PCC04U05:90616:90616 [2] NCCL INFO NCCL_SOCKET_IFNAME set by environment to eno7np0
MOC-R4PCC04U05:90616:90616 [2] NCCL INFO Bootstrap: Using eno7np0:192.168.50.193<0>
MOC-R4PCC04U05:90616:90616 [2] NCCL INFO NCCL version 2.26.2+cuda12.2
MOC-R4PCC04U05:90616:90616 [2] NCCL INFO Comm config Blocking set to 1
MOC-R4PCC04U05:90617:90662 [3] NCCL INFO NET/Plugin: Could not find: libnccl-net.so. Using internal net plugin.
MOC-R4PCC04U05:90617:90662 [3] NCCL INFO NCCL_IB_DISABLE set by environment to 0.
MOC-R4PCC04U05:90617:90662 [3] NCCL INFO NCCL_SOCKET_IFNAME set by environment to eno7np0
MOC-R4PCC04U05:90617:90662 [3] NCCL INFO NCCL_IB_HCA set to mlx5_5
MOC-R4PCC04U05:90615:90663 [1] NCCL INFO NET/Plugin: Could not find: libnccl-net.so. Using internal net plugin.
MOC-R4PCC04U05:90615:90663 [1] NCCL INFO NCCL_IB_DISABLE set by environment to 0.
MOC-R4PCC04U05:90615:90663 [1] NCCL INFO NCCL_SOCKET_IFNAME set by environment to eno7np0
MOC-R4PCC04U05:90615:90663 [1] NCCL INFO NCCL_IB_HCA set to mlx5_5
MOC-R4PCC04U05:90617:90662 [3] NCCL INFO NET/IB : Using [0]mlx5_5:1/RoCE [RO]; OOB eno7np0:192.168.50.193<0>
MOC-R4PCC04U05:90617:90662 [3] NCCL INFO PROFILER/Plugin: Could not find: libnccl-profiler.so. 
MOC-R4PCC04U05:90617:90662 [3] NCCL INFO Using network IB
MOC-R4PCC04U05:90615:90663 [1] NCCL INFO NET/IB : Using [0]mlx5_5:1/RoCE [RO]; OOB eno7np0:192.168.50.193<0>
MOC-R4PCC04U05:90615:90663 [1] NCCL INFO PROFILER/Plugin: Could not find: libnccl-profiler.so. 
MOC-R4PCC04U05:90615:90663 [1] NCCL INFO Using network IB
MOC-R4PCC04U05:90616:90665 [2] NCCL INFO NET/Plugin: Could not find: libnccl-net.so. Using internal net plugin.
MOC-R4PCC04U05:90616:90665 [2] NCCL INFO NCCL_IB_DISABLE set by environment to 0.
MOC-R4PCC04U05:90616:90665 [2] NCCL INFO NCCL_SOCKET_IFNAME set by environment to eno7np0
MOC-R4PCC04U05:90616:90665 [2] NCCL INFO NCCL_IB_HCA set to mlx5_5
MOC-R4PCC04U05:90616:90665 [2] NCCL INFO NET/IB : Using [0]mlx5_5:1/RoCE [RO]; OOB eno7np0:192.168.50.193<0>
MOC-R4PCC04U05:90616:90665 [2] NCCL INFO PROFILER/Plugin: Could not find: libnccl-profiler.so. 
MOC-R4PCC04U05:90616:90665 [2] NCCL INFO Using network IB
MOC-R4PCC04U05:90617:90662 [3] NCCL INFO DMA-BUF is available on GPU device 3
MOC-R4PCC04U05:90615:90663 [1] NCCL INFO DMA-BUF is available on GPU device 1
MOC-R4PCC04U05:90617:90662 [3] NCCL INFO ncclCommInitRankConfig comm 0x55add936d200 rank 3 nranks 4 cudaDev 3 nvmlDev 3 busId c6000 commId 0x7cb58a34b16bb296 - Init START
MOC-R4PCC04U05:90615:90663 [1] NCCL INFO ncclCommInitRankConfig comm 0x5629f7c18700 rank 1 nranks 4 cudaDev 1 nvmlDev 1 busId 26000 commId 0x7cb58a34b16bb296 - Init START
MOC-R4PCC04U05:90614:90661 [0] NCCL INFO RAS client listening socket at ::1<28028>
MOC-R4PCC04U05:90616:90665 [2] NCCL INFO DMA-BUF is available on GPU device 2
MOC-R4PCC04U05:90616:90665 [2] NCCL INFO ncclCommInitRankConfig comm 0x55b9c0c2e670 rank 2 nranks 4 cudaDev 2 nvmlDev 2 busId a6000 commId 0x7cb58a34b16bb296 - Init START
MOC-R4PCC04U05:90616:90665 [2] NCCL INFO RAS client listening socket at ::1<28028>
MOC-R4PCC04U05:90617:90662 [3] NCCL INFO RAS client listening socket at ::1<28028>
MOC-R4PCC04U05:90615:90663 [1] NCCL INFO RAS client listening socket at ::1<28028>
MOC-R4PCC04U05:90616:90665 [2] NCCL INFO Bootstrap timings total 0.002263 (create 0.000102, send 0.000197, recv 0.000427, ring 0.000398, delay 0.000000)
MOC-R4PCC04U05:90615:90663 [1] NCCL INFO Bootstrap timings total 0.280756 (create 0.000177, send 0.000261, recv 0.278799, ring 0.000139, delay 0.000001)
MOC-R4PCC04U05:90617:90662 [3] NCCL INFO Bootstrap timings total 0.300918 (create 0.000155, send 0.000305, recv 0.000370, ring 0.000228, delay 0.000001)
MOC-R4PCC04U05:90614:90661 [0] NCCL INFO Bootstrap timings total 2.097730 (create 0.000143, send 0.000425, recv 1.817233, ring 0.278433, delay 0.000000)
MOC-R4PCC04U05:90615:90663 [1] NCCL INFO Setting affinity for GPU 1 to ffffffff,ffffffff,ffffffff,ffffffff,00000000,00000000,00000000,00000000,ffffffff,ffffffff,ffffffff,ffffffff
MOC-R4PCC04U05:90615:90663 [1] NCCL INFO NVLS multicast support is not available on dev 1
MOC-R4PCC04U05:90614:90661 [0] NCCL INFO Setting affinity for GPU 0 to ffffffff,ffffffff,ffffffff,ffffffff,00000000,00000000,00000000,00000000,ffffffff,ffffffff,ffffffff,ffffffff
MOC-R4PCC04U05:90614:90661 [0] NCCL INFO NVLS multicast support is not available on dev 0
MOC-R4PCC04U05:90617:90662 [3] NCCL INFO Setting affinity for GPU 3 to ffffffff,ffffffff,ffffffff,ffffffff,00000000,00000000,00000000,00000000,ffffffff,ffffffff,ffffffff,ffffffff,00000000,00000000,00000000,00000000
MOC-R4PCC04U05:90617:90662 [3] NCCL INFO NVLS multicast support is not available on dev 3
MOC-R4PCC04U05:90616:90665 [2] NCCL INFO Setting affinity for GPU 2 to ffffffff,ffffffff,ffffffff,ffffffff,00000000,00000000,00000000,00000000,ffffffff,ffffffff,ffffffff,ffffffff,00000000,00000000,00000000,00000000
MOC-R4PCC04U05:90616:90665 [2] NCCL INFO NVLS multicast support is not available on dev 2
MOC-R4PCC04U05:90617:90662 [3] NCCL INFO comm 0x55add936d200 rank 3 nRanks 4 nNodes 1 localRanks 4 localRank 3 MNNVL 0
MOC-R4PCC04U05:90616:90665 [2] NCCL INFO comm 0x55b9c0c2e670 rank 2 nRanks 4 nNodes 1 localRanks 4 localRank 2 MNNVL 0
MOC-R4PCC04U05:90615:90663 [1] NCCL INFO comm 0x5629f7c18700 rank 1 nRanks 4 nNodes 1 localRanks 4 localRank 1 MNNVL 0
MOC-R4PCC04U05:90614:90661 [0] NCCL INFO comm 0x561c8c533580 rank 0 nRanks 4 nNodes 1 localRanks 4 localRank 0 MNNVL 0
MOC-R4PCC04U05:90617:90662 [3] NCCL INFO Trees [0] -1/-1/-1->3->2 [1] -1/-1/-1->3->2 [2] -1/-1/-1->3->2 [3] -1/-1/-1->3->2 [4] -1/-1/-1->3->1 [5] -1/-1/-1->3->1 [6] -1/-1/-1->3->1 [7] -1/-1/-1->3->1 [8] 2/-1/-1->3->0 [9] 2/-1/-1->3->0 [10] 2/-1/-1->3->0 [11] 2/-1/-1->3->0 [12] -1/-1/-1->3->2 [13] -1/-1/-1->3->2 [14] -1/-1/-1->3->2 [15] -1/-1/-1->3->2 [16] -1/-1/-1->3->1 [17] -1/-1/-1->3->1 [18] -1/-1/-1->3->1 [19] -1/-1/-1->3->1 [20] 2/-1/-1->3->0 [21] 2/-1/-1->3->0 [22] 2/-1/-1->3->0 [23] 2/-1/-1->3->0
MOC-R4PCC04U05:90617:90662 [3] NCCL INFO P2P Chunksize set to 524288
MOC-R4PCC04U05:90614:90661 [0] NCCL INFO Channel 00/24 : 0 1 2 3
MOC-R4PCC04U05:90614:90661 [0] NCCL INFO Channel 01/24 : 0 1 3 2
MOC-R4PCC04U05:90614:90661 [0] NCCL INFO Channel 02/24 : 0 2 3 1
MOC-R4PCC04U05:90614:90661 [0] NCCL INFO Channel 03/24 : 0 2 1 3
MOC-R4PCC04U05:90614:90661 [0] NCCL INFO Channel 04/24 : 0 3 1 2
MOC-R4PCC04U05:90616:90665 [2] NCCL INFO Trees [0] 3/-1/-1->2->1 [1] 3/-1/-1->2->1 [2] 3/-1/-1->2->1 [3] 3/-1/-1->2->1 [4] 1/-1/-1->2->0 [5] 1/-1/-1->2->0 [6] 1/-1/-1->2->0 [7] 1/-1/-1->2->0 [8] -1/-1/-1->2->3 [9] -1/-1/-1->2->3 [10] -1/-1/-1->2->3 [11] -1/-1/-1->2->3 [12] 3/-1/-1->2->1 [13] 3/-1/-1->2->1 [14] 3/-1/-1->2->1 [15] 3/-1/-1->2->1 [16] 1/-1/-1->2->0 [17] 1/-1/-1->2->0 [18] 1/-1/-1->2->0 [19] 1/-1/-1->2->0 [20] -1/-1/-1->2->3 [21] -1/-1/-1->2->3 [22] -1/-1/-1->2->3 [23] -1/-1/-1->2->3
MOC-R4PCC04U05:90615:90663 [1] NCCL INFO Trees [0] 2/-1/-1->1->0 [1] 2/-1/-1->1->0 [2] 2/-1/-1->1->0 [3] 2/-1/-1->1->0 [4] 3/-1/-1->1->2 [5] 3/-1/-1->1->2 [6] 3/-1/-1->1->2 [7] 3/-1/-1->1->2 [8] 0/-1/-1->1->-1 [9] 0/-1/-1->1->-1 [10] 0/-1/-1->1->-1 [11] 0/-1/-1->1->-1 [12] 2/-1/-1->1->0 [13] 2/-1/-1->1->0 [14] 2/-1/-1->1->0 [15] 2/-1/-1->1->0 [16] 3/-1/-1->1->2 [17] 3/-1/-1->1->2 [18] 3/-1/-1->1->2 [19] 3/-1/-1->1->2 [20] 0/-1/-1->1->-1 [21] 0/-1/-1->1->-1 [22] 0/-1/-1->1->-1 [23] 0/-1/-1->1->-1
MOC-R4PCC04U05:90614:90661 [0] NCCL INFO Channel 05/24 : 0 3 2 1
MOC-R4PCC04U05:90616:90665 [2] NCCL INFO P2P Chunksize set to 524288
MOC-R4PCC04U05:90615:90663 [1] NCCL INFO P2P Chunksize set to 524288
MOC-R4PCC04U05:90614:90661 [0] NCCL INFO Channel 06/24 : 0 1 2 3
MOC-R4PCC04U05:90614:90661 [0] NCCL INFO Channel 07/24 : 0 1 3 2
MOC-R4PCC04U05:90614:90661 [0] NCCL INFO Channel 08/24 : 0 2 3 1
MOC-R4PCC04U05:90614:90661 [0] NCCL INFO Channel 09/24 : 0 2 1 3
MOC-R4PCC04U05:90614:90661 [0] NCCL INFO Channel 10/24 : 0 3 1 2
MOC-R4PCC04U05:90614:90661 [0] NCCL INFO Channel 11/24 : 0 3 2 1
MOC-R4PCC04U05:90614:90661 [0] NCCL INFO Channel 12/24 : 0 1 2 3
MOC-R4PCC04U05:90614:90661 [0] NCCL INFO Channel 13/24 : 0 1 3 2
MOC-R4PCC04U05:90614:90661 [0] NCCL INFO Channel 14/24 : 0 2 3 1
MOC-R4PCC04U05:90614:90661 [0] NCCL INFO Channel 15/24 : 0 2 1 3
MOC-R4PCC04U05:90614:90661 [0] NCCL INFO Channel 16/24 : 0 3 1 2
MOC-R4PCC04U05:90614:90661 [0] NCCL INFO Channel 17/24 : 0 3 2 1
MOC-R4PCC04U05:90614:90661 [0] NCCL INFO Channel 18/24 : 0 1 2 3
MOC-R4PCC04U05:90614:90661 [0] NCCL INFO Channel 19/24 : 0 1 3 2
MOC-R4PCC04U05:90614:90661 [0] NCCL INFO Channel 20/24 : 0 2 3 1
MOC-R4PCC04U05:90614:90661 [0] NCCL INFO Channel 21/24 : 0 2 1 3
MOC-R4PCC04U05:90614:90661 [0] NCCL INFO Channel 22/24 : 0 3 1 2
MOC-R4PCC04U05:90614:90661 [0] NCCL INFO Channel 23/24 : 0 3 2 1
MOC-R4PCC04U05:90614:90661 [0] NCCL INFO Trees [0] 1/-1/-1->0->-1 [1] 1/-1/-1->0->-1 [2] 1/-1/-1->0->-1 [3] 1/-1/-1->0->-1 [4] 2/-1/-1->0->-1 [5] 2/-1/-1->0->-1 [6] 2/-1/-1->0->-1 [7] 2/-1/-1->0->-1 [8] 3/-1/-1->0->1 [9] 3/-1/-1->0->1 [10] 3/-1/-1->0->1 [11] 3/-1/-1->0->1 [12] 1/-1/-1->0->-1 [13] 1/-1/-1->0->-1 [14] 1/-1/-1->0->-1 [15] 1/-1/-1->0->-1 [16] 2/-1/-1->0->-1 [17] 2/-1/-1->0->-1 [18] 2/-1/-1->0->-1 [19] 2/-1/-1->0->-1 [20] 3/-1/-1->0->1 [21] 3/-1/-1->0->1 [22] 3/-1/-1->0->1 [23] 3/-1/-1->0->1
MOC-R4PCC04U05:90614:90661 [0] NCCL INFO P2P Chunksize set to 524288
MOC-R4PCC04U05:90617:90677 [3] NCCL INFO [Proxy Service] Device 3 CPU core 464
MOC-R4PCC04U05:90617:90678 [3] NCCL INFO [Proxy Service UDS] Device 3 CPU core 479
MOC-R4PCC04U05:90616:90679 [2] NCCL INFO [Proxy Service] Device 2 CPU core 480
MOC-R4PCC04U05:90616:90680 [2] NCCL INFO [Proxy Service UDS] Device 2 CPU core 495
MOC-R4PCC04U05:90615:90681 [1] NCCL INFO [Proxy Service] Device 1 CPU core 279
MOC-R4PCC04U05:90615:90682 [1] NCCL INFO [Proxy Service UDS] Device 1 CPU core 295
MOC-R4PCC04U05:90614:90661 [0] NCCL INFO Check P2P Type intraNodeP2pSupport 1 directMode 0
MOC-R4PCC04U05:90614:90683 [0] NCCL INFO [Proxy Service] Device 0 CPU core 303
MOC-R4PCC04U05:90614:90684 [0] NCCL INFO [Proxy Service UDS] Device 0 CPU core 304
MOC-R4PCC04U05:90614:90661 [0] NCCL INFO threadThresholds 8/8/64 | 32/8/64 | 512 | 512
MOC-R4PCC04U05:90614:90661 [0] NCCL INFO 24 coll channels, 24 collnet channels, 0 nvls channels, 32 p2p channels, 16 p2p channels per peer
MOC-R4PCC04U05:90615:90663 [1] NCCL INFO threadThresholds 8/8/64 | 32/8/64 | 512 | 512
MOC-R4PCC04U05:90615:90663 [1] NCCL INFO 24 coll channels, 24 collnet channels, 0 nvls channels, 32 p2p channels, 16 p2p channels per peer
MOC-R4PCC04U05:90614:90661 [0] NCCL INFO CC Off, workFifoBytes 1048576
MOC-R4PCC04U05:90617:90662 [3] NCCL INFO threadThresholds 8/8/64 | 32/8/64 | 512 | 512
MOC-R4PCC04U05:90617:90662 [3] NCCL INFO 24 coll channels, 24 collnet channels, 0 nvls channels, 32 p2p channels, 16 p2p channels per peer
MOC-R4PCC04U05:90616:90665 [2] NCCL INFO threadThresholds 8/8/64 | 32/8/64 | 512 | 512
MOC-R4PCC04U05:90616:90665 [2] NCCL INFO 24 coll channels, 24 collnet channels, 0 nvls channels, 32 p2p channels, 16 p2p channels per peer
MOC-R4PCC04U05:90617:90662 [3] NCCL INFO TUNER/Plugin: Could not find: libnccl-tuner.so. Using internal tuner plugin.
MOC-R4PCC04U05:90617:90662 [3] NCCL INFO ncclCommInitRankConfig comm 0x55add936d200 rank 3 nranks 4 cudaDev 3 nvmlDev 3 busId c6000 commId 0x7cb58a34b16bb296 - Init COMPLETE
MOC-R4PCC04U05:90617:90662 [3] NCCL INFO Init timings - ncclCommInitRankConfig: rank 3 nranks 4 total 3.98 (kernels 0.85, alloc 1.60, bootstrap 0.30, allgathers 0.03, topo 0.75, graphs 0.01, connections 0.40, rest 0.04)
MOC-R4PCC04U05:90616:90665 [2] NCCL INFO TUNER/Plugin: Could not find: libnccl-tuner.so. Using internal tuner plugin.
MOC-R4PCC04U05:90616:90665 [2] NCCL INFO ncclCommInitRankConfig comm 0x55b9c0c2e670 rank 2 nranks 4 cudaDev 2 nvmlDev 2 busId a6000 commId 0x7cb58a34b16bb296 - Init COMPLETE
MOC-R4PCC04U05:90616:90665 [2] NCCL INFO Init timings - ncclCommInitRankConfig: rank 2 nranks 4 total 3.32 (kernels 0.69, alloc 1.39, bootstrap 0.00, allgathers 0.03, topo 0.75, graphs 0.02, connections 0.40, rest 0.03)
MOC-R4PCC04U05:90615:90663 [1] NCCL INFO TUNER/Plugin: Could not find: libnccl-tuner.so. Using internal tuner plugin.
MOC-R4PCC04U05:90615:90663 [1] NCCL INFO ncclCommInitRankConfig comm 0x5629f7c18700 rank 1 nranks 4 cudaDev 1 nvmlDev 1 busId 26000 commId 0x7cb58a34b16bb296 - Init COMPLETE
MOC-R4PCC04U05:90615:90663 [1] NCCL INFO Init timings - ncclCommInitRankConfig: rank 1 nranks 4 total 3.95 (kernels 0.82, alloc 1.61, bootstrap 0.28, allgathers 0.02, topo 0.75, graphs 0.03, connections 0.39, rest 0.05)
MOC-R4PCC04U05:90614:90661 [0] NCCL INFO TUNER/Plugin: Could not find: libnccl-tuner.so. Using internal tuner plugin.
MOC-R4PCC04U05:90614:90661 [0] NCCL INFO ncclCommInitRankConfig comm 0x561c8c533580 rank 0 nranks 4 cudaDev 0 nvmlDev 0 busId 6000 commId 0x7cb58a34b16bb296 - Init COMPLETE
MOC-R4PCC04U05:90614:90661 [0] NCCL INFO Init timings - ncclCommInitRankConfig: rank 0 nranks 4 total 4.34 (kernels 0.32, alloc 0.68, bootstrap 2.10, allgathers 0.02, topo 0.75, graphs 0.03, connections 0.38, rest 0.06)
MOC-R4PCC04U05:90615:90685 [1] NCCL INFO Channel 00/0 : 1[1] -> 2[2] via P2P/CUMEM
MOC-R4PCC04U05:90615:90685 [1] NCCL INFO Channel 04/0 : 1[1] -> 2[2] via P2P/CUMEM
MOC-R4PCC04U05:90615:90685 [1] NCCL INFO Channel 06/0 : 1[1] -> 2[2] via P2P/CUMEM
MOC-R4PCC04U05:90617:90686 [3] NCCL INFO Channel 00/0 : 3[3] -> 0[0] via P2P/CUMEM
MOC-R4PCC04U05:90615:90685 [1] NCCL INFO Channel 10/0 : 1[1] -> 2[2] via P2P/CUMEM
MOC-R4PCC04U05:90617:90686 [3] NCCL INFO Channel 03/0 : 3[3] -> 0[0] via P2P/CUMEM
MOC-R4PCC04U05:90615:90685 [1] NCCL INFO Channel 12/0 : 1[1] -> 2[2] via P2P/CUMEM
MOC-R4PCC04U05:90617:90686 [3] NCCL INFO Channel 06/0 : 3[3] -> 0[0] via P2P/CUMEM
MOC-R4PCC04U05:90615:90685 [1] NCCL INFO Channel 16/0 : 1[1] -> 2[2] via P2P/CUMEM
MOC-R4PCC04U05:90617:90686 [3] NCCL INFO Channel 09/0 : 3[3] -> 0[0] via P2P/CUMEM
MOC-R4PCC04U05:90615:90685 [1] NCCL INFO Channel 18/0 : 1[1] -> 2[2] via P2P/CUMEM
MOC-R4PCC04U05:90617:90686 [3] NCCL INFO Channel 12/0 : 3[3] -> 0[0] via P2P/CUMEM
MOC-R4PCC04U05:90615:90685 [1] NCCL INFO Channel 22/0 : 1[1] -> 2[2] via P2P/CUMEM
MOC-R4PCC04U05:90614:90687 [0] NCCL INFO Channel 00/0 : 0[0] -> 1[1] via P2P/CUMEM
MOC-R4PCC04U05:90614:90687 [0] NCCL INFO Channel 01/0 : 0[0] -> 1[1] via P2P/CUMEM
MOC-R4PCC04U05:90617:90686 [3] NCCL INFO Channel 15/0 : 3[3] -> 0[0] via P2P/CUMEM
MOC-R4PCC04U05:90617:90686 [3] NCCL INFO Channel 18/0 : 3[3] -> 0[0] via P2P/CUMEM
MOC-R4PCC04U05:90614:90687 [0] NCCL INFO Channel 06/0 : 0[0] -> 1[1] via P2P/CUMEM
MOC-R4PCC04U05:90616:90688 [2] NCCL INFO Channel 00/0 : 2[2] -> 3[3] via P2P/CUMEM
MOC-R4PCC04U05:90617:90686 [3] NCCL INFO Channel 21/0 : 3[3] -> 0[0] via P2P/CUMEM
MOC-R4PCC04U05:90614:90687 [0] NCCL INFO Channel 07/0 : 0[0] -> 1[1] via P2P/CUMEM
MOC-R4PCC04U05:90616:90688 [2] NCCL INFO Channel 02/0 : 2[2] -> 3[3] via P2P/CUMEM
MOC-R4PCC04U05:90614:90687 [0] NCCL INFO Channel 12/0 : 0[0] -> 1[1] via P2P/CUMEM
MOC-R4PCC04U05:90616:90688 [2] NCCL INFO Channel 06/0 : 2[2] -> 3[3] via P2P/CUMEM
MOC-R4PCC04U05:90614:90687 [0] NCCL INFO Channel 13/0 : 0[0] -> 1[1] via P2P/CUMEM
MOC-R4PCC04U05:90616:90688 [2] NCCL INFO Channel 08/0 : 2[2] -> 3[3] via P2P/CUMEM
MOC-R4PCC04U05:90614:90687 [0] NCCL INFO Channel 18/0 : 0[0] -> 1[1] via P2P/CUMEM
MOC-R4PCC04U05:90616:90688 [2] NCCL INFO Channel 12/0 : 2[2] -> 3[3] via P2P/CUMEM
MOC-R4PCC04U05:90616:90688 [2] NCCL INFO Channel 14/0 : 2[2] -> 3[3] via P2P/CUMEM
MOC-R4PCC04U05:90614:90687 [0] NCCL INFO Channel 19/0 : 0[0] -> 1[1] via P2P/CUMEM
MOC-R4PCC04U05:90616:90688 [2] NCCL INFO Channel 18/0 : 2[2] -> 3[3] via P2P/CUMEM
MOC-R4PCC04U05:90616:90688 [2] NCCL INFO Channel 20/0 : 2[2] -> 3[3] via P2P/CUMEM
MOC-R4PCC04U05:90616:90688 [2] NCCL INFO Channel 01/0 : 2[2] -> 0[0] via P2P/CUMEM
MOC-R4PCC04U05:90615:90685 [1] NCCL INFO Channel 01/0 : 1[1] -> 3[3] via P2P/CUMEM
MOC-R4PCC04U05:90614:90687 [0] NCCL INFO Channel 02/0 : 0[0] -> 2[2] via P2P/CUMEM
MOC-R4PCC04U05:90616:90688 [2] NCCL INFO Channel 04/0 : 2[2] -> 0[0] via P2P/CUMEM
MOC-R4PCC04U05:90615:90685 [1] NCCL INFO Channel 03/0 : 1[1] -> 3[3] via P2P/CUMEM
MOC-R4PCC04U05:90614:90687 [0] NCCL INFO Channel 03/0 : 0[0] -> 2[2] via P2P/CUMEM
MOC-R4PCC04U05:90616:90688 [2] NCCL INFO Channel 07/0 : 2[2] -> 0[0] via P2P/CUMEM
MOC-R4PCC04U05:90617:90686 [3] NCCL INFO Channel 02/0 : 3[3] -> 1[1] via P2P/CUMEM
MOC-R4PCC04U05:90615:90685 [1] NCCL INFO Channel 07/0 : 1[1] -> 3[3] via P2P/CUMEM
MOC-R4PCC04U05:90616:90688 [2] NCCL INFO Channel 10/0 : 2[2] -> 0[0] via P2P/CUMEM
MOC-R4PCC04U05:90614:90687 [0] NCCL INFO Channel 08/0 : 0[0] -> 2[2] via P2P/CUMEM
MOC-R4PCC04U05:90617:90686 [3] NCCL INFO Channel 04/0 : 3[3] -> 1[1] via P2P/CUMEM
MOC-R4PCC04U05:90615:90685 [1] NCCL INFO Channel 09/0 : 1[1] -> 3[3] via P2P/CUMEM
MOC-R4PCC04U05:90616:90688 [2] NCCL INFO Channel 13/0 : 2[2] -> 0[0] via P2P/CUMEM
MOC-R4PCC04U05:90617:90686 [3] NCCL INFO Channel 08/0 : 3[3] -> 1[1] via P2P/CUMEM
MOC-R4PCC04U05:90614:90687 [0] NCCL INFO Channel 09/0 : 0[0] -> 2[2] via P2P/CUMEM
MOC-R4PCC04U05:90615:90685 [1] NCCL INFO Channel 13/0 : 1[1] -> 3[3] via P2P/CUMEM
MOC-R4PCC04U05:90616:90688 [2] NCCL INFO Channel 16/0 : 2[2] -> 0[0] via P2P/CUMEM
MOC-R4PCC04U05:90617:90686 [3] NCCL INFO Channel 10/0 : 3[3] -> 1[1] via P2P/CUMEM
MOC-R4PCC04U05:90614:90687 [0] NCCL INFO Channel 14/0 : 0[0] -> 2[2] via P2P/CUMEM
MOC-R4PCC04U05:90615:90685 [1] NCCL INFO Channel 15/0 : 1[1] -> 3[3] via P2P/CUMEM
MOC-R4PCC04U05:90616:90688 [2] NCCL INFO Channel 19/0 : 2[2] -> 0[0] via P2P/CUMEM
MOC-R4PCC04U05:90617:90686 [3] NCCL INFO Channel 14/0 : 3[3] -> 1[1] via P2P/CUMEM
MOC-R4PCC04U05:90614:90687 [0] NCCL INFO Channel 15/0 : 0[0] -> 2[2] via P2P/CUMEM
MOC-R4PCC04U05:90615:90685 [1] NCCL INFO Channel 19/0 : 1[1] -> 3[3] via P2P/CUMEM
MOC-R4PCC04U05:90616:90688 [2] NCCL INFO Channel 22/0 : 2[2] -> 0[0] via P2P/CUMEM
MOC-R4PCC04U05:90614:90687 [0] NCCL INFO Channel 20/0 : 0[0] -> 2[2] via P2P/CUMEM
MOC-R4PCC04U05:90617:90686 [3] NCCL INFO Channel 16/0 : 3[3] -> 1[1] via P2P/CUMEM
MOC-R4PCC04U05:90615:90685 [1] NCCL INFO Channel 21/0 : 1[1] -> 3[3] via P2P/CUMEM
MOC-R4PCC04U05:90617:90686 [3] NCCL INFO Channel 20/0 : 3[3] -> 1[1] via P2P/CUMEM
MOC-R4PCC04U05:90614:90687 [0] NCCL INFO Channel 21/0 : 0[0] -> 2[2] via P2P/CUMEM
MOC-R4PCC04U05:90617:90686 [3] NCCL INFO Channel 22/0 : 3[3] -> 1[1] via P2P/CUMEM
MOC-R4PCC04U05:90615:90685 [1] NCCL INFO Channel 02/0 : 1[1] -> 0[0] via P2P/CUMEM
MOC-R4PCC04U05:90617:90686 [3] NCCL INFO Channel 01/0 : 3[3] -> 2[2] via P2P/CUMEM
MOC-R4PCC04U05:90616:90688 [2] NCCL INFO Channel 03/0 : 2[2] -> 1[1] via P2P/CUMEM
MOC-R4PCC04U05:90615:90685 [1] NCCL INFO Channel 05/0 : 1[1] -> 0[0] via P2P/CUMEM
MOC-R4PCC04U05:90617:90686 [3] NCCL INFO Channel 05/0 : 3[3] -> 2[2] via P2P/CUMEM
MOC-R4PCC04U05:90614:90687 [0] NCCL INFO Channel 04/0 : 0[0] -> 3[3] via P2P/CUMEM
MOC-R4PCC04U05:90615:90685 [1] NCCL INFO Channel 08/0 : 1[1] -> 0[0] via P2P/CUMEM
MOC-R4PCC04U05:90616:90688 [2] NCCL INFO Channel 05/0 : 2[2] -> 1[1] via P2P/CUMEM
MOC-R4PCC04U05:90617:90686 [3] NCCL INFO Channel 07/0 : 3[3] -> 2[2] via P2P/CUMEM
MOC-R4PCC04U05:90614:90687 [0] NCCL INFO Channel 05/0 : 0[0] -> 3[3] via P2P/CUMEM
MOC-R4PCC04U05:90615:90685 [1] NCCL INFO Channel 11/0 : 1[1] -> 0[0] via P2P/CUMEM
MOC-R4PCC04U05:90616:90688 [2] NCCL INFO Channel 09/0 : 2[2] -> 1[1] via P2P/CUMEM
MOC-R4PCC04U05:90617:90686 [3] NCCL INFO Channel 11/0 : 3[3] -> 2[2] via P2P/CUMEM
MOC-R4PCC04U05:90614:90687 [0] NCCL INFO Channel 10/0 : 0[0] -> 3[3] via P2P/CUMEM
MOC-R4PCC04U05:90615:90685 [1] NCCL INFO Channel 14/0 : 1[1] -> 0[0] via P2P/CUMEM
MOC-R4PCC04U05:90616:90688 [2] NCCL INFO Channel 11/0 : 2[2] -> 1[1] via P2P/CUMEM
MOC-R4PCC04U05:90617:90686 [3] NCCL INFO Channel 13/0 : 3[3] -> 2[2] via P2P/CUMEM
MOC-R4PCC04U05:90614:90687 [0] NCCL INFO Channel 11/0 : 0[0] -> 3[3] via P2P/CUMEM
MOC-R4PCC04U05:90615:90685 [1] NCCL INFO Channel 17/0 : 1[1] -> 0[0] via P2P/CUMEM
MOC-R4PCC04U05:90616:90688 [2] NCCL INFO Channel 15/0 : 2[2] -> 1[1] via P2P/CUMEM
MOC-R4PCC04U05:90617:90686 [3] NCCL INFO Channel 17/0 : 3[3] -> 2[2] via P2P/CUMEM
MOC-R4PCC04U05:90615:90685 [1] NCCL INFO Channel 20/0 : 1[1] -> 0[0] via P2P/CUMEM
MOC-R4PCC04U05:90616:90688 [2] NCCL INFO Channel 17/0 : 2[2] -> 1[1] via P2P/CUMEM
MOC-R4PCC04U05:90617:90686 [3] NCCL INFO Channel 19/0 : 3[3] -> 2[2] via P2P/CUMEM
MOC-R4PCC04U05:90615:90685 [1] NCCL INFO Channel 23/0 : 1[1] -> 0[0] via P2P/CUMEM
MOC-R4PCC04U05:90614:90687 [0] NCCL INFO Channel 16/0 : 0[0] -> 3[3] via P2P/CUMEM
MOC-R4PCC04U05:90616:90688 [2] NCCL INFO Channel 21/0 : 2[2] -> 1[1] via P2P/CUMEM
MOC-R4PCC04U05:90617:90686 [3] NCCL INFO Channel 23/0 : 3[3] -> 2[2] via P2P/CUMEM
MOC-R4PCC04U05:90614:90687 [0] NCCL INFO Channel 17/0 : 0[0] -> 3[3] via P2P/CUMEM
MOC-R4PCC04U05:90616:90688 [2] NCCL INFO Channel 23/0 : 2[2] -> 1[1] via P2P/CUMEM
MOC-R4PCC04U05:90614:90687 [0] NCCL INFO Channel 22/0 : 0[0] -> 3[3] via P2P/CUMEM
MOC-R4PCC04U05:90614:90687 [0] NCCL INFO Channel 23/0 : 0[0] -> 3[3] via P2P/CUMEM
MOC-R4PCC04U05:90615:90685 [1] NCCL INFO Connected all rings, use ring PXN 0 GDR 1
MOC-R4PCC04U05:90614:90687 [0] NCCL INFO Connected all rings, use ring PXN 0 GDR 1
MOC-R4PCC04U05:90617:90686 [3] NCCL INFO Connected all rings, use ring PXN 0 GDR 1
MOC-R4PCC04U05:90616:90688 [2] NCCL INFO Connected all rings, use ring PXN 0 GDR 1
num decayed parameter tensors: 50, with 124,318,464 parameters
num non-decayed parameter tensors: 98, with 121,344 parameters
using fused AdamW: False
using regular AdamW
step    1/10 | train loss 11.010133 | norm 15.4557 | lr 1.00e-04 | (13777.16 ms | 95137 tok/s)
step    2/10 | train loss 10.134737 | norm 5.7680 | lr 1.00e-04 | (770.15 ms | 1701910 tok/s)
step    3/10 | train loss 9.792711 | norm 2.6181 | lr 1.00e-04 | (766.60 ms | 1709777 tok/s)
step    4/10 | train loss 9.622600 | norm 2.1198 | lr 1.00e-04 | (768.78 ms | 1704930 tok/s)
step    5/10 | train loss 9.539336 | norm 2.1126 | lr 1.00e-04 | (768.14 ms | 1706346 tok/s)
step    6/10 | train loss 9.457715 | norm 2.0030 | lr 1.00e-04 | (768.08 ms | 1706481 tok/s)
step    7/10 | train loss 9.371843 | norm 1.9528 | lr 1.00e-04 | (774.74 ms | 1691824 tok/s)
step    8/10 | train loss 9.279834 | norm 1.9192 | lr 1.00e-04 | (761.55 ms | 1721110 tok/s)
step    9/10 | train loss 9.184065 | norm 1.8636 | lr 1.00e-04 | (766.38 ms | 1710281 tok/s)
step   10/10 | train loss 9.097853 | norm 1.7989 | lr 1.00e-04 | (770.86 ms | 1700332 tok/s)
final 9 iters avg: 768.366ms
peak memory consumption: 16601 MiB
MOC-R4PCC04U05:90614:91381 [0] NCCL INFO comm 0x561c8c533580 rank 0 nranks 4 cudaDev 0 busId 6000 - Destroy COMPLETE
MOC-R4PCC04U05:90617:91384 [3] NCCL INFO comm 0x55add936d200 rank 3 nranks 4 cudaDev 3 busId c6000 - Destroy COMPLETE
MOC-R4PCC04U05:90616:91382 [2] NCCL INFO comm 0x55b9c0c2e670 rank 2 nranks 4 cudaDev 2 busId a6000 - Destroy COMPLETE
MOC-R4PCC04U05:90615:91383 [1] NCCL INFO comm 0x5629f7c18700 rank 1 nranks 4 cudaDev 1 busId 26000 - Destroy COMPLETE
