Running pytorch 2.7.0+cu126
using device: cuda:0
total desired batch size: 1048576
=> calculated gradient accumulation steps: 4
using device: cuda:2
using device: cuda:1
using device: cuda:3
compiling the model...
DataLoader: total number of tokens: 1,661,249,667 across 103 files
MOC-R4PCC04U05:396160:396160 [0] NCCL INFO NCCL_SOCKET_IFNAME set to eno7np0
MOC-R4PCC04U05:396160:396160 [0] NCCL INFO NCCL version 2.26.2+cuda12.2
MOC-R4PCC04U05:396160:396204 [0] NCCL INFO NET/Plugin: Could not find: libnccl-net.so. Using internal net plugin.
MOC-R4PCC04U05:396160:396204 [0] NCCL INFO NCCL_IB_HCA set to mlx5_5
MOC-R4PCC04U05:396160:396204 [0] NCCL INFO NET/IB : Made virtual device [0] name=mlx5_5 speed=400000 ndevs=1
MOC-R4PCC04U05:396160:396204 [0] NCCL INFO NET/IB : Using [0]mlx5_5:1/RoCE [RO]; OOB eno7np0:192.168.50.193<0>
MOC-R4PCC04U05:396162:396162 [2] NCCL INFO NCCL_SOCKET_IFNAME set to eno7np0
MOC-R4PCC04U05:396162:396162 [2] NCCL INFO NCCL version 2.26.2+cuda12.2
MOC-R4PCC04U05:396161:396161 [1] NCCL INFO NCCL_SOCKET_IFNAME set to eno7np0
MOC-R4PCC04U05:396161:396161 [1] NCCL INFO NCCL version 2.26.2+cuda12.2
MOC-R4PCC04U05:396163:396163 [3] NCCL INFO NCCL_SOCKET_IFNAME set to eno7np0
MOC-R4PCC04U05:396163:396163 [3] NCCL INFO NCCL version 2.26.2+cuda12.2
MOC-R4PCC04U05:396162:396208 [2] NCCL INFO NET/Plugin: Could not find: libnccl-net.so. Using internal net plugin.
MOC-R4PCC04U05:396162:396208 [2] NCCL INFO NCCL_IB_HCA set to mlx5_5
MOC-R4PCC04U05:396161:396209 [1] NCCL INFO NET/Plugin: Could not find: libnccl-net.so. Using internal net plugin.
MOC-R4PCC04U05:396161:396209 [1] NCCL INFO NCCL_IB_HCA set to mlx5_5
MOC-R4PCC04U05:396163:396210 [3] NCCL INFO NET/Plugin: Could not find: libnccl-net.so. Using internal net plugin.
MOC-R4PCC04U05:396163:396210 [3] NCCL INFO NCCL_IB_HCA set to mlx5_5
MOC-R4PCC04U05:396162:396208 [2] NCCL INFO NET/IB : Made virtual device [0] name=mlx5_5 speed=400000 ndevs=1
MOC-R4PCC04U05:396162:396208 [2] NCCL INFO NET/IB : Using [0]mlx5_5:1/RoCE [RO]; OOB eno7np0:192.168.50.193<0>
MOC-R4PCC04U05:396161:396209 [1] NCCL INFO NET/IB : Made virtual device [0] name=mlx5_5 speed=400000 ndevs=1
MOC-R4PCC04U05:396161:396209 [1] NCCL INFO NET/IB : Using [0]mlx5_5:1/RoCE [RO]; OOB eno7np0:192.168.50.193<0>
MOC-R4PCC04U05:396163:396210 [3] NCCL INFO NET/IB : Made virtual device [0] name=mlx5_5 speed=400000 ndevs=1
MOC-R4PCC04U05:396163:396210 [3] NCCL INFO NET/IB : Using [0]mlx5_5:1/RoCE [RO]; OOB eno7np0:192.168.50.193<0>
MOC-R4PCC04U05:396162:396208 [2] NCCL INFO NET/IB : GPU Direct RDMA Enabled for HCA 0 'mlx5_5'
MOC-R4PCC04U05:396162:396208 [2] NCCL INFO NET/IB : Made virtual device [1] name=mlx5_5 speed=400000 ndevs=1
MOC-R4PCC04U05:396162:396208 [2] NCCL INFO NET/IB : GPU Direct RDMA Enabled for HCA 0 'mlx5_5'
MOC-R4PCC04U05:396162:396208 [2] NCCL INFO NET/IB : GPU Direct RDMA Enabled for HCA 1 'mlx5_5'
MOC-R4PCC04U05:396160:396204 [0] NCCL INFO NET/IB : GPU Direct RDMA Enabled for HCA 0 'mlx5_5'
MOC-R4PCC04U05:396160:396204 [0] NCCL INFO NET/IB : Made virtual device [1] name=mlx5_5 speed=400000 ndevs=1
MOC-R4PCC04U05:396160:396204 [0] NCCL INFO NET/IB : GPU Direct RDMA Enabled for HCA 0 'mlx5_5'
MOC-R4PCC04U05:396160:396204 [0] NCCL INFO NET/IB : GPU Direct RDMA Enabled for HCA 1 'mlx5_5'
MOC-R4PCC04U05:396163:396210 [3] NCCL INFO NET/IB : GPU Direct RDMA Enabled for HCA 0 'mlx5_5'
MOC-R4PCC04U05:396163:396210 [3] NCCL INFO NET/IB : Made virtual device [1] name=mlx5_5 speed=400000 ndevs=1
MOC-R4PCC04U05:396163:396210 [3] NCCL INFO NET/IB : GPU Direct RDMA Enabled for HCA 0 'mlx5_5'
MOC-R4PCC04U05:396163:396210 [3] NCCL INFO NET/IB : GPU Direct RDMA Enabled for HCA 1 'mlx5_5'
MOC-R4PCC04U05:396161:396209 [1] NCCL INFO NET/IB : GPU Direct RDMA Enabled for HCA 0 'mlx5_5'
MOC-R4PCC04U05:396161:396209 [1] NCCL INFO NET/IB : Made virtual device [1] name=mlx5_5 speed=400000 ndevs=1
MOC-R4PCC04U05:396161:396209 [1] NCCL INFO NET/IB : GPU Direct RDMA Enabled for HCA 0 'mlx5_5'
MOC-R4PCC04U05:396161:396209 [1] NCCL INFO NET/IB : GPU Direct RDMA Enabled for HCA 1 'mlx5_5'
MOC-R4PCC04U05:396161:396209 [1] NCCL INFO NCCL_NET_GDR_LEVEL set by environment to LOC
MOC-R4PCC04U05:396161:396209 [1] NCCL INFO GPU Direct RDMA Disabled for GPU 0 / HCA 1 (distance 5 > 0)
MOC-R4PCC04U05:396161:396209 [1] NCCL INFO GPU Direct RDMA Disabled for GPU 1 / HCA 1 (distance 5 > 0)
MOC-R4PCC04U05:396161:396209 [1] NCCL INFO GPU Direct RDMA Disabled for GPU 2 / HCA 1 (distance 5 > 0)
MOC-R4PCC04U05:396161:396209 [1] NCCL INFO GPU Direct RDMA Disabled for GPU 0 / HCA 1 (distance 5 > 0)
MOC-R4PCC04U05:396161:396209 [1] NCCL INFO GPU Direct RDMA Disabled for GPU 1 / HCA 1 (distance 5 > 0)
MOC-R4PCC04U05:396161:396209 [1] NCCL INFO GPU Direct RDMA Disabled for GPU 2 / HCA 1 (distance 5 > 0)
MOC-R4PCC04U05:396160:396204 [0] NCCL INFO NCCL_NET_GDR_LEVEL set by environment to LOC
MOC-R4PCC04U05:396160:396204 [0] NCCL INFO GPU Direct RDMA Disabled for GPU 0 / HCA 1 (distance 5 > 0)
MOC-R4PCC04U05:396160:396204 [0] NCCL INFO GPU Direct RDMA Disabled for GPU 1 / HCA 1 (distance 5 > 0)
MOC-R4PCC04U05:396160:396204 [0] NCCL INFO GPU Direct RDMA Disabled for GPU 2 / HCA 1 (distance 5 > 0)
MOC-R4PCC04U05:396160:396204 [0] NCCL INFO GPU Direct RDMA Disabled for GPU 0 / HCA 1 (distance 5 > 0)
MOC-R4PCC04U05:396160:396204 [0] NCCL INFO GPU Direct RDMA Disabled for GPU 1 / HCA 1 (distance 5 > 0)
MOC-R4PCC04U05:396160:396204 [0] NCCL INFO GPU Direct RDMA Disabled for GPU 2 / HCA 1 (distance 5 > 0)
MOC-R4PCC04U05:396162:396208 [2] NCCL INFO NCCL_NET_GDR_LEVEL set by environment to LOC
MOC-R4PCC04U05:396162:396208 [2] NCCL INFO GPU Direct RDMA Disabled for GPU 0 / HCA 1 (distance 5 > 0)
MOC-R4PCC04U05:396162:396208 [2] NCCL INFO GPU Direct RDMA Disabled for GPU 1 / HCA 1 (distance 5 > 0)
MOC-R4PCC04U05:396162:396208 [2] NCCL INFO GPU Direct RDMA Disabled for GPU 2 / HCA 1 (distance 5 > 0)
MOC-R4PCC04U05:396162:396208 [2] NCCL INFO GPU Direct RDMA Disabled for GPU 0 / HCA 1 (distance 5 > 0)
MOC-R4PCC04U05:396162:396208 [2] NCCL INFO GPU Direct RDMA Disabled for GPU 1 / HCA 1 (distance 5 > 0)
MOC-R4PCC04U05:396162:396208 [2] NCCL INFO GPU Direct RDMA Disabled for GPU 2 / HCA 1 (distance 5 > 0)
MOC-R4PCC04U05:396163:396210 [3] NCCL INFO NCCL_NET_GDR_LEVEL set by environment to LOC
MOC-R4PCC04U05:396163:396210 [3] NCCL INFO GPU Direct RDMA Disabled for GPU 0 / HCA 1 (distance 5 > 0)
MOC-R4PCC04U05:396163:396210 [3] NCCL INFO GPU Direct RDMA Disabled for GPU 1 / HCA 1 (distance 5 > 0)
MOC-R4PCC04U05:396163:396210 [3] NCCL INFO GPU Direct RDMA Disabled for GPU 2 / HCA 1 (distance 5 > 0)
MOC-R4PCC04U05:396163:396210 [3] NCCL INFO GPU Direct RDMA Disabled for GPU 0 / HCA 1 (distance 5 > 0)
MOC-R4PCC04U05:396163:396210 [3] NCCL INFO GPU Direct RDMA Disabled for GPU 1 / HCA 1 (distance 5 > 0)
MOC-R4PCC04U05:396163:396210 [3] NCCL INFO GPU Direct RDMA Disabled for GPU 2 / HCA 1 (distance 5 > 0)
MOC-R4PCC04U05:396162:396222 [2] NCCL INFO New proxy recv connection 0 from local rank 2, transport 0
MOC-R4PCC04U05:396162:396229 [2] NCCL INFO Connected to proxy localRank 2 -> connection 0x7f32f8004f30
MOC-R4PCC04U05:396160:396221 [0] NCCL INFO New proxy send connection 0 from local rank 0, transport 0
MOC-R4PCC04U05:396160:396230 [0] NCCL INFO Connected to proxy localRank 0 -> connection 0x7f2304004f30
MOC-R4PCC04U05:396162:396222 [2] NCCL INFO New proxy recv connection 1 from local rank 2, transport 0
MOC-R4PCC04U05:396162:396229 [2] NCCL INFO Connected to proxy localRank 2 -> connection 0x7f32f8004fa8
MOC-R4PCC04U05:396160:396221 [0] NCCL INFO New proxy send connection 1 from local rank 0, transport 0
MOC-R4PCC04U05:396160:396230 [0] NCCL INFO Connected to proxy localRank 0 -> connection 0x7f2304004fa8
MOC-R4PCC04U05:396162:396229 [2] NCCL INFO GPU Direct RDMA Disabled for GPU 2 / HCA 1 (distance 7 > 0)
MOC-R4PCC04U05:396160:396221 [0] NCCL INFO New proxy send connection 2 from local rank 0, transport 0
MOC-R4PCC04U05:396160:396230 [0] NCCL INFO Connected to proxy localRank 0 -> connection 0x7f2304005020
MOC-R4PCC04U05:396160:396221 [0] NCCL INFO New proxy send connection 3 from local rank 0, transport 0
MOC-R4PCC04U05:396160:396230 [0] NCCL INFO Connected to proxy localRank 0 -> connection 0x7f2304005098
MOC-R4PCC04U05:396161:396223 [1] NCCL INFO New proxy recv connection 0 from local rank 1, transport 0
MOC-R4PCC04U05:396161:396233 [1] NCCL INFO Connected to proxy localRank 1 -> connection 0x7f5de4004f30
MOC-R4PCC04U05:396163:396225 [3] NCCL INFO New proxy recv connection 0 from local rank 3, transport 0
MOC-R4PCC04U05:396163:396232 [3] NCCL INFO Connected to proxy localRank 3 -> connection 0x7f21d8004f30
MOC-R4PCC04U05:396161:396223 [1] NCCL INFO New proxy recv connection 1 from local rank 1, transport 0
MOC-R4PCC04U05:396161:396233 [1] NCCL INFO Connected to proxy localRank 1 -> connection 0x7f5de4004fa8
MOC-R4PCC04U05:396163:396225 [3] NCCL INFO New proxy recv connection 1 from local rank 3, transport 0
MOC-R4PCC04U05:396163:396232 [3] NCCL INFO Connected to proxy localRank 3 -> connection 0x7f21d8004fa8
MOC-R4PCC04U05:396163:396232 [3] NCCL INFO GPU Direct RDMA Disabled for GPU 3 / HCA 1 (distance 7 > 0)
MOC-R4PCC04U05:396162:396222 [2] NCCL INFO New proxy recv connection 2 from local rank 2, transport 2
MOC-R4PCC04U05:396162:396229 [2] NCCL INFO Connected to proxy localRank 2 -> connection 0x7f32f8005020
MOC-R4PCC04U05:396162:396229 [2] NCCL INFO Channel 00/0 : 7[3] -> 2[2] [receive] via NET/IB/1
MOC-R4PCC04U05:396162:396229 [2] NCCL INFO GPU Direct RDMA Disabled for GPU 2 / HCA 1 (distance 7 > 0)
MOC-R4PCC04U05:396162:396222 [2] NCCL INFO New proxy recv connection 3 from local rank 2, transport 2
MOC-R4PCC04U05:396162:396229 [2] NCCL INFO Connected to proxy localRank 2 -> connection 0x7f32f8005098
MOC-R4PCC04U05:396162:396229 [2] NCCL INFO Channel 02/0 : 7[3] -> 2[2] [receive] via NET/IB/1
MOC-R4PCC04U05:396162:396229 [2] NCCL INFO GPU Direct RDMA Disabled for GPU 2 / HCA 1 (distance 7 > 0)
MOC-R4PCC04U05:396162:396222 [2] NCCL INFO New proxy send connection 4 from local rank 2, transport 2
MOC-R4PCC04U05:396162:396229 [2] NCCL INFO Connected to proxy localRank 2 -> connection 0x7f32f8005110
MOC-R4PCC04U05:396162:396229 [2] NCCL INFO Channel 01/0 : 2[2] -> 7[3] [send] via NET/IB/1
MOC-R4PCC04U05:396162:396229 [2] NCCL INFO GPU Direct RDMA Disabled for GPU 2 / HCA 1 (distance 7 > 0)
MOC-R4PCC04U05:396162:396222 [2] NCCL INFO New proxy send connection 5 from local rank 2, transport 2
MOC-R4PCC04U05:396162:396229 [2] NCCL INFO Connected to proxy localRank 2 -> connection 0x7f32f8005188
MOC-R4PCC04U05:396162:396229 [2] NCCL INFO Channel 03/0 : 2[2] -> 7[3] [send] via NET/IB/1
MOC-R4PCC04U05:396162:396222 [2] NCCL INFO New proxy send connection 6 from local rank 2, transport 0
MOC-R4PCC04U05:396162:396229 [2] NCCL INFO Connected to proxy localRank 2 -> connection 0x7f32f8005200
MOC-R4PCC04U05:396162:396222 [2] NCCL INFO New proxy send connection 7 from local rank 2, transport 0
MOC-R4PCC04U05:396162:396229 [2] NCCL INFO Connected to proxy localRank 2 -> connection 0x7f32f8005278
MOC-R4PCC04U05:396163:396225 [3] NCCL INFO New proxy send connection 2 from local rank 3, transport 2
MOC-R4PCC04U05:396163:396232 [3] NCCL INFO Connected to proxy localRank 3 -> connection 0x7f21d8005020
MOC-R4PCC04U05:396163:396232 [3] NCCL INFO Channel 00/0 : 3[3] -> 6[2] [send] via NET/IB/1
MOC-R4PCC04U05:396163:396232 [3] NCCL INFO GPU Direct RDMA Disabled for GPU 3 / HCA 1 (distance 7 > 0)
MOC-R4PCC04U05:396163:396225 [3] NCCL INFO New proxy send connection 3 from local rank 3, transport 2
MOC-R4PCC04U05:396163:396232 [3] NCCL INFO Connected to proxy localRank 3 -> connection 0x7f21d8005098
MOC-R4PCC04U05:396163:396232 [3] NCCL INFO Channel 02/0 : 3[3] -> 6[2] [send] via NET/IB/1
MOC-R4PCC04U05:396160:396221 [0] NCCL INFO New proxy recv connection 4 from local rank 0, transport 0
MOC-R4PCC04U05:396160:396230 [0] NCCL INFO Connected to proxy localRank 0 -> connection 0x7f2304005110
MOC-R4PCC04U05:396163:396232 [3] NCCL INFO GPU Direct RDMA Disabled for GPU 3 / HCA 1 (distance 7 > 0)
MOC-R4PCC04U05:396163:396225 [3] NCCL INFO New proxy recv connection 4 from local rank 3, transport 2
MOC-R4PCC04U05:396163:396232 [3] NCCL INFO Connected to proxy localRank 3 -> connection 0x7f21d8005110
MOC-R4PCC04U05:396163:396232 [3] NCCL INFO Channel 01/0 : 6[2] -> 3[3] [receive] via NET/IB/1
MOC-R4PCC04U05:396163:396232 [3] NCCL INFO GPU Direct RDMA Disabled for GPU 3 / HCA 1 (distance 7 > 0)
MOC-R4PCC04U05:396163:396225 [3] NCCL INFO New proxy recv connection 5 from local rank 3, transport 2
MOC-R4PCC04U05:396163:396232 [3] NCCL INFO Connected to proxy localRank 3 -> connection 0x7f21d8005188
MOC-R4PCC04U05:396163:396232 [3] NCCL INFO Channel 03/0 : 6[2] -> 3[3] [receive] via NET/IB/1
MOC-R4PCC04U05:396163:396225 [3] NCCL INFO New proxy send connection 6 from local rank 3, transport 0
MOC-R4PCC04U05:396163:396232 [3] NCCL INFO Connected to proxy localRank 3 -> connection 0x7f21d8005200
MOC-R4PCC04U05:396160:396221 [0] NCCL INFO New proxy recv connection 5 from local rank 0, transport 0
MOC-R4PCC04U05:396160:396230 [0] NCCL INFO Connected to proxy localRank 0 -> connection 0x7f2304005188
MOC-R4PCC04U05:396163:396225 [3] NCCL INFO New proxy send connection 7 from local rank 3, transport 0
MOC-R4PCC04U05:396163:396232 [3] NCCL INFO Connected to proxy localRank 3 -> connection 0x7f21d8005278
MOC-R4PCC04U05:396161:396223 [1] NCCL INFO New proxy recv connection 2 from local rank 1, transport 0
MOC-R4PCC04U05:396161:396233 [1] NCCL INFO Connected to proxy localRank 1 -> connection 0x7f5de4005020
MOC-R4PCC04U05:396160:396221 [0] NCCL INFO New proxy recv connection 6 from local rank 0, transport 0
MOC-R4PCC04U05:396160:396230 [0] NCCL INFO Connected to proxy localRank 0 -> connection 0x7f2304005200
MOC-R4PCC04U05:396160:396221 [0] NCCL INFO New proxy send connection 7 from local rank 3, transport 0
MOC-R4PCC04U05:396163:396232 [3] NCCL INFO Connected to proxy localRank 0 -> connection 0x7f2304005278
MOC-R4PCC04U05:396161:396223 [1] NCCL INFO New proxy recv connection 3 from local rank 1, transport 0
MOC-R4PCC04U05:396161:396233 [1] NCCL INFO Connected to proxy localRank 1 -> connection 0x7f5de4005098
MOC-R4PCC04U05:396161:396223 [1] NCCL INFO New proxy send connection 4 from local rank 1, transport 0
MOC-R4PCC04U05:396160:396221 [0] NCCL INFO New proxy recv connection 8 from local rank 0, transport 0
MOC-R4PCC04U05:396161:396233 [1] NCCL INFO Connected to proxy localRank 1 -> connection 0x7f5de4005110
MOC-R4PCC04U05:396160:396230 [0] NCCL INFO Connected to proxy localRank 0 -> connection 0x7f23040052f0
MOC-R4PCC04U05:396161:396223 [1] NCCL INFO New proxy send connection 5 from local rank 1, transport 0
MOC-R4PCC04U05:396161:396233 [1] NCCL INFO Connected to proxy localRank 1 -> connection 0x7f5de4005188
MOC-R4PCC04U05:396161:396223 [1] NCCL INFO New proxy send connection 6 from local rank 1, transport 0
MOC-R4PCC04U05:396161:396233 [1] NCCL INFO Connected to proxy localRank 1 -> connection 0x7f5de4005200
MOC-R4PCC04U05:396161:396223 [1] NCCL INFO New proxy send connection 7 from local rank 1, transport 0
MOC-R4PCC04U05:396161:396233 [1] NCCL INFO Connected to proxy localRank 1 -> connection 0x7f5de4005278
MOC-R4PCC04U05:396163:396225 [3] NCCL INFO New proxy send connection 8 from local rank 1, transport 0
MOC-R4PCC04U05:396160:396221 [0] NCCL INFO New proxy send connection 9 from local rank 2, transport 0
MOC-R4PCC04U05:396162:396222 [2] NCCL INFO New proxy send connection 8 from local rank 0, transport 0
MOC-R4PCC04U05:396162:396229 [2] NCCL INFO Connected to proxy localRank 0 -> connection 0x7f2304005368
MOC-R4PCC04U05:396161:396233 [1] NCCL INFO Connected to proxy localRank 3 -> connection 0x7f21d80052f0
MOC-R4PCC04U05:396160:396230 [0] NCCL INFO Connected to proxy localRank 2 -> connection 0x7f32f80052f0
MOC-R4PCC04U05:396161:396223 [1] NCCL INFO New proxy send connection 8 from local rank 3, transport 0
MOC-R4PCC04U05:396163:396232 [3] NCCL INFO Connected to proxy localRank 1 -> connection 0x7f5de40052f0
MOC-R4PCC04U05:396163:396225 [3] NCCL INFO New proxy send connection 9 from local rank 0, transport 0
MOC-R4PCC04U05:396160:396230 [0] NCCL INFO Connected to proxy localRank 3 -> connection 0x7f21d8005368
MOC-R4PCC04U05:396161:396223 [1] NCCL INFO New proxy send connection 9 from local rank 2, transport 0
MOC-R4PCC04U05:396162:396229 [2] NCCL INFO Connected to proxy localRank 1 -> connection 0x7f5de4005368
MOC-R4PCC04U05:396160:396221 [0] NCCL INFO New proxy send connection 10 from local rank 1, transport 0
MOC-R4PCC04U05:396161:396233 [1] NCCL INFO Connected to proxy localRank 0 -> connection 0x7f23040053e0
MOC-R4PCC04U05:396162:396222 [2] NCCL INFO NET/IB: NCCL Dev 1 IbDev 0 Port 1 qpn 5730 mtu 3 query_ece={supported=1, vendor_id=0x15b3, options=0x30000002, comp_mask=0x0} GID 3 (0/C132A8C0FFFF0000) fifoRkey=0x17601f fifoLkey=0x17601f
MOC-R4PCC04U05:396162:396222 [2] NCCL INFO NET/IB: NCCL Dev 1 IbDev 0 Port 1 qpn 5731 mtu 3 query_ece={supported=1, vendor_id=0x15b3, options=0x30000002, comp_mask=0x0} GID 3 (0/C132A8C0FFFF0000) fifoRkey=0x175412 fifoLkey=0x175412
MOC-R4PCC04U05:396162:396222 [2] NCCL INFO New proxy send connection 9 from local rank 1, transport 0
MOC-R4PCC04U05:396161:396233 [1] NCCL INFO Connected to proxy localRank 2 -> connection 0x7f32f8005368
MOC-R4PCC04U05:396161:396223 [1] NCCL INFO New proxy send connection 10 from local rank 0, transport 0
MOC-R4PCC04U05:396160:396230 [0] NCCL INFO Connected to proxy localRank 1 -> connection 0x7f5de40053e0
MOC-R4PCC04U05:396163:396225 [3] NCCL INFO NET/IB: NCCL Dev 1 IbDev 0 Port 1 qpn 5732 mtu 3 query_ece={supported=1, vendor_id=0x15b3, options=0x30000002, comp_mask=0x0} GID 3 (0/C132A8C0FFFF0000) fifoRkey=0x17bf7e fifoLkey=0x17bf7e
MOC-R4PCC04U05:396163:396225 [3] NCCL INFO NET/IB: NCCL Dev 1 IbDev 0 Port 1 qpn 5733 mtu 3 query_ece={supported=1, vendor_id=0x15b3, options=0x30000002, comp_mask=0x0} GID 3 (0/C132A8C0FFFF0000) fifoRkey=0x179c5b fifoLkey=0x179c5b
MOC-R4PCC04U05:396163:396225 [3] NCCL INFO NET/IB: IbDev 0 Port 1 qpn 5968 set_ece={supported=1, vendor_id=0x15b3, options=0x0, comp_mask=0x0}
MOC-R4PCC04U05:396162:396222 [2] NCCL INFO NET/IB: IbDev 0 Port 1 qpn 5973 set_ece={supported=1, vendor_id=0x15b3, options=0x0, comp_mask=0x0}
MOC-R4PCC04U05:396163:396225 [3] NCCL INFO NET/IB: IbDev 0 Port 1 qpn 5970 set_ece={supported=1, vendor_id=0x15b3, options=0x0, comp_mask=0x0}
MOC-R4PCC04U05:396162:396222 [2] NCCL INFO NET/IB: IbDev 0 Port 1 qpn 5976 set_ece={supported=1, vendor_id=0x15b3, options=0x0, comp_mask=0x0}
num decayed parameter tensors: 50, with 124,318,464 parameters
num non-decayed parameter tensors: 98, with 121,344 parameters
using fused AdamW: False
using regular AdamW
MOC-R4PCC04U05:396162:396222 [2] NCCL INFO New proxy recv connection 10 from local rank 2, transport 0
MOC-R4PCC04U05:396162:396924 [2] NCCL INFO Connected to proxy localRank 2 -> connection 0x7f32f80053e0
MOC-R4PCC04U05:396162:396222 [2] NCCL INFO New proxy recv connection 11 from local rank 2, transport 0
MOC-R4PCC04U05:396162:396924 [2] NCCL INFO Connected to proxy localRank 2 -> connection 0x7f32f8005458
MOC-R4PCC04U05:396162:396222 [2] NCCL INFO New proxy recv connection 12 from local rank 2, transport 0
MOC-R4PCC04U05:396162:396924 [2] NCCL INFO Connected to proxy localRank 2 -> connection 0x7f32f80054d0
MOC-R4PCC04U05:396162:396222 [2] NCCL INFO New proxy recv connection 13 from local rank 2, transport 0
MOC-R4PCC04U05:396162:396924 [2] NCCL INFO Connected to proxy localRank 2 -> connection 0x7f32f8005548
MOC-R4PCC04U05:396160:396221 [0] NCCL INFO New proxy send connection 11 from local rank 0, transport 0
MOC-R4PCC04U05:396160:396925 [0] NCCL INFO Connected to proxy localRank 0 -> connection 0x7f2304005458
MOC-R4PCC04U05:396160:396221 [0] NCCL INFO New proxy send connection 12 from local rank 0, transport 0
MOC-R4PCC04U05:396160:396925 [0] NCCL INFO Connected to proxy localRank 0 -> connection 0x7f23040054d0
MOC-R4PCC04U05:396160:396221 [0] NCCL INFO New proxy send connection 13 from local rank 0, transport 0
MOC-R4PCC04U05:396160:396925 [0] NCCL INFO Connected to proxy localRank 0 -> connection 0x7f2304005548
MOC-R4PCC04U05:396160:396221 [0] NCCL INFO New proxy send connection 14 from local rank 0, transport 0
MOC-R4PCC04U05:396160:396925 [0] NCCL INFO Connected to proxy localRank 0 -> connection 0x7f23040055c0
MOC-R4PCC04U05:396163:396225 [3] NCCL INFO New proxy recv connection 10 from local rank 3, transport 0
MOC-R4PCC04U05:396163:396926 [3] NCCL INFO Connected to proxy localRank 3 -> connection 0x7f21d80053e0
MOC-R4PCC04U05:396163:396225 [3] NCCL INFO New proxy recv connection 11 from local rank 3, transport 0
MOC-R4PCC04U05:396163:396926 [3] NCCL INFO Connected to proxy localRank 3 -> connection 0x7f21d8005458
MOC-R4PCC04U05:396161:396223 [1] NCCL INFO New proxy recv connection 11 from local rank 1, transport 0
MOC-R4PCC04U05:396161:396927 [1] NCCL INFO Connected to proxy localRank 1 -> connection 0x7f5de4005458
MOC-R4PCC04U05:396161:396223 [1] NCCL INFO New proxy recv connection 12 from local rank 1, transport 0
MOC-R4PCC04U05:396161:396927 [1] NCCL INFO Connected to proxy localRank 1 -> connection 0x7f5de40054d0
MOC-R4PCC04U05:396161:396223 [1] NCCL INFO New proxy recv connection 13 from local rank 1, transport 0
MOC-R4PCC04U05:396161:396927 [1] NCCL INFO Connected to proxy localRank 1 -> connection 0x7f5de4005548
MOC-R4PCC04U05:396161:396223 [1] NCCL INFO New proxy recv connection 14 from local rank 1, transport 0
MOC-R4PCC04U05:396161:396927 [1] NCCL INFO Connected to proxy localRank 1 -> connection 0x7f5de40055c0
MOC-R4PCC04U05:396161:396223 [1] NCCL INFO New proxy send connection 15 from local rank 1, transport 0
MOC-R4PCC04U05:396161:396927 [1] NCCL INFO Connected to proxy localRank 1 -> connection 0x7f5de4005638
MOC-R4PCC04U05:396161:396223 [1] NCCL INFO New proxy send connection 16 from local rank 1, transport 0
MOC-R4PCC04U05:396161:396927 [1] NCCL INFO Connected to proxy localRank 1 -> connection 0x7f5de40056b0
MOC-R4PCC04U05:396161:396223 [1] NCCL INFO New proxy send connection 17 from local rank 1, transport 0
MOC-R4PCC04U05:396161:396927 [1] NCCL INFO Connected to proxy localRank 1 -> connection 0x7f5de4005728
MOC-R4PCC04U05:396161:396223 [1] NCCL INFO New proxy send connection 18 from local rank 1, transport 0
MOC-R4PCC04U05:396161:396927 [1] NCCL INFO Connected to proxy localRank 1 -> connection 0x7f5de40057a0
MOC-R4PCC04U05:396160:396221 [0] NCCL INFO New proxy send connection 15 from local rank 0, transport 0
MOC-R4PCC04U05:396160:396925 [0] NCCL INFO Connected to proxy localRank 0 -> connection 0x7f2304005638
MOC-R4PCC04U05:396161:396223 [1] NCCL INFO New proxy recv connection 19 from local rank 1, transport 0
MOC-R4PCC04U05:396161:396927 [1] NCCL INFO Connected to proxy localRank 1 -> connection 0x7f5de4005818
MOC-R4PCC04U05:396162:396222 [2] NCCL INFO New proxy send connection 14 from local rank 2, transport 0
MOC-R4PCC04U05:396162:396924 [2] NCCL INFO Connected to proxy localRank 2 -> connection 0x7f32f80055c0
MOC-R4PCC04U05:396161:396223 [1] NCCL INFO New proxy recv connection 20 from local rank 1, transport 0
MOC-R4PCC04U05:396161:396927 [1] NCCL INFO Connected to proxy localRank 1 -> connection 0x7f5de4005890
MOC-R4PCC04U05:396160:396221 [0] NCCL INFO New proxy send connection 16 from local rank 0, transport 0
MOC-R4PCC04U05:396160:396925 [0] NCCL INFO Connected to proxy localRank 0 -> connection 0x7f23040056b0
MOC-R4PCC04U05:396162:396222 [2] NCCL INFO New proxy send connection 15 from local rank 2, transport 0
MOC-R4PCC04U05:396162:396924 [2] NCCL INFO Connected to proxy localRank 2 -> connection 0x7f32f8005638
MOC-R4PCC04U05:396163:396926 [3] NCCL INFO GPU Direct RDMA Disabled for GPU 3 / HCA 1 (distance 7 > 0)
MOC-R4PCC04U05:396160:396221 [0] NCCL INFO New proxy recv connection 17 from local rank 0, transport 0
MOC-R4PCC04U05:396160:396925 [0] NCCL INFO Connected to proxy localRank 0 -> connection 0x7f2304005728
MOC-R4PCC04U05:396163:396225 [3] NCCL INFO New proxy recv connection 12 from local rank 3, transport 2
MOC-R4PCC04U05:396163:396926 [3] NCCL INFO Connected to proxy localRank 3 -> connection 0x7f21d80054d0
MOC-R4PCC04U05:396163:396926 [3] NCCL INFO Channel 00/0 : 7[3] -> 3[3] [receive] via NET/IB/1
MOC-R4PCC04U05:396163:396926 [3] NCCL INFO GPU Direct RDMA Disabled for GPU 3 / HCA 1 (distance 7 > 0)
MOC-R4PCC04U05:396163:396225 [3] NCCL INFO New proxy recv connection 13 from local rank 3, transport 2
MOC-R4PCC04U05:396163:396926 [3] NCCL INFO Connected to proxy localRank 3 -> connection 0x7f21d8005548
MOC-R4PCC04U05:396160:396221 [0] NCCL INFO New proxy recv connection 18 from local rank 0, transport 0
MOC-R4PCC04U05:396160:396925 [0] NCCL INFO Connected to proxy localRank 0 -> connection 0x7f23040057a0
MOC-R4PCC04U05:396163:396926 [3] NCCL INFO Channel 01/0 : 7[3] -> 3[3] [receive] via NET/IB/1
MOC-R4PCC04U05:396163:396926 [3] NCCL INFO GPU Direct RDMA Disabled for GPU 3 / HCA 1 (distance 7 > 0)
MOC-R4PCC04U05:396163:396225 [3] NCCL INFO New proxy recv connection 14 from local rank 3, transport 2
MOC-R4PCC04U05:396163:396926 [3] NCCL INFO Connected to proxy localRank 3 -> connection 0x7f21d80055c0
MOC-R4PCC04U05:396163:396926 [3] NCCL INFO Channel 02/0 : 7[3] -> 3[3] [receive] via NET/IB/1
MOC-R4PCC04U05:396163:396926 [3] NCCL INFO GPU Direct RDMA Disabled for GPU 3 / HCA 1 (distance 7 > 0)
MOC-R4PCC04U05:396163:396225 [3] NCCL INFO New proxy recv connection 15 from local rank 3, transport 2
MOC-R4PCC04U05:396163:396926 [3] NCCL INFO Connected to proxy localRank 3 -> connection 0x7f21d8005638
MOC-R4PCC04U05:396163:396926 [3] NCCL INFO Channel 03/0 : 7[3] -> 3[3] [receive] via NET/IB/1
MOC-R4PCC04U05:396163:396926 [3] NCCL INFO GPU Direct RDMA Disabled for GPU 3 / HCA 1 (distance 7 > 0)
MOC-R4PCC04U05:396163:396225 [3] NCCL INFO New proxy send connection 16 from local rank 3, transport 2
MOC-R4PCC04U05:396163:396926 [3] NCCL INFO Connected to proxy localRank 3 -> connection 0x7f21d80056b0
MOC-R4PCC04U05:396163:396926 [3] NCCL INFO Channel 00/0 : 3[3] -> 7[3] [send] via NET/IB/1
MOC-R4PCC04U05:396163:396926 [3] NCCL INFO GPU Direct RDMA Disabled for GPU 3 / HCA 1 (distance 7 > 0)
MOC-R4PCC04U05:396163:396225 [3] NCCL INFO New proxy send connection 17 from local rank 3, transport 2
MOC-R4PCC04U05:396163:396926 [3] NCCL INFO Connected to proxy localRank 3 -> connection 0x7f21d8005728
MOC-R4PCC04U05:396163:396926 [3] NCCL INFO Channel 01/0 : 3[3] -> 7[3] [send] via NET/IB/1
MOC-R4PCC04U05:396163:396926 [3] NCCL INFO GPU Direct RDMA Disabled for GPU 3 / HCA 1 (distance 7 > 0)
MOC-R4PCC04U05:396163:396225 [3] NCCL INFO New proxy send connection 18 from local rank 3, transport 2
MOC-R4PCC04U05:396163:396926 [3] NCCL INFO Connected to proxy localRank 3 -> connection 0x7f21d80057a0
MOC-R4PCC04U05:396163:396926 [3] NCCL INFO Channel 02/0 : 3[3] -> 7[3] [send] via NET/IB/1
MOC-R4PCC04U05:396163:396926 [3] NCCL INFO GPU Direct RDMA Disabled for GPU 3 / HCA 1 (distance 7 > 0)
MOC-R4PCC04U05:396163:396225 [3] NCCL INFO New proxy send connection 19 from local rank 3, transport 2
MOC-R4PCC04U05:396163:396926 [3] NCCL INFO Connected to proxy localRank 3 -> connection 0x7f21d8005818
MOC-R4PCC04U05:396163:396926 [3] NCCL INFO Channel 03/0 : 3[3] -> 7[3] [send] via NET/IB/1
MOC-R4PCC04U05:396163:396225 [3] NCCL INFO New proxy send connection 20 from local rank 3, transport 0
MOC-R4PCC04U05:396163:396926 [3] NCCL INFO Connected to proxy localRank 3 -> connection 0x7f21d8005890
MOC-R4PCC04U05:396160:396221 [0] NCCL INFO New proxy recv connection 19 from local rank 0, transport 0
MOC-R4PCC04U05:396160:396925 [0] NCCL INFO Connected to proxy localRank 0 -> connection 0x7f2304005818
MOC-R4PCC04U05:396163:396225 [3] NCCL INFO New proxy send connection 21 from local rank 3, transport 0
MOC-R4PCC04U05:396163:396926 [3] NCCL INFO Connected to proxy localRank 3 -> connection 0x7f21d8005908
MOC-R4PCC04U05:396160:396221 [0] NCCL INFO New proxy recv connection 20 from local rank 0, transport 0
MOC-R4PCC04U05:396160:396925 [0] NCCL INFO Connected to proxy localRank 0 -> connection 0x7f2304005890
MOC-R4PCC04U05:396163:396225 [3] NCCL INFO New proxy send connection 22 from local rank 3, transport 0
MOC-R4PCC04U05:396163:396926 [3] NCCL INFO Connected to proxy localRank 3 -> connection 0x7f21d8005980
MOC-R4PCC04U05:396163:396225 [3] NCCL INFO New proxy send connection 23 from local rank 3, transport 0
MOC-R4PCC04U05:396163:396926 [3] NCCL INFO Connected to proxy localRank 3 -> connection 0x7f21d80059f8
MOC-R4PCC04U05:396163:396225 [3] NCCL INFO NET/IB: NCCL Dev 1 IbDev 0 Port 1 qpn 5738 mtu 3 query_ece={supported=1, vendor_id=0x15b3, options=0x30000002, comp_mask=0x0} GID 3 (0/C132A8C0FFFF0000) fifoRkey=0x17ecab fifoLkey=0x17ecab
MOC-R4PCC04U05:396163:396225 [3] NCCL INFO NET/IB: IbDev 0 Port 1 qpn 5979 set_ece={supported=1, vendor_id=0x15b3, options=0x0, comp_mask=0x0}
MOC-R4PCC04U05:396163:396225 [3] NCCL INFO NET/IB: NCCL Dev 1 IbDev 0 Port 1 qpn 5741 mtu 3 query_ece={supported=1, vendor_id=0x15b3, options=0x30000002, comp_mask=0x0} GID 3 (0/C132A8C0FFFF0000) fifoRkey=0x17d796 fifoLkey=0x17d796
MOC-R4PCC04U05:396163:396225 [3] NCCL INFO NET/IB: IbDev 0 Port 1 qpn 5981 set_ece={supported=1, vendor_id=0x15b3, options=0x0, comp_mask=0x0}
MOC-R4PCC04U05:396163:396225 [3] NCCL INFO NET/IB: NCCL Dev 1 IbDev 0 Port 1 qpn 5744 mtu 3 query_ece={supported=1, vendor_id=0x15b3, options=0x30000002, comp_mask=0x0} GID 3 (0/C132A8C0FFFF0000) fifoRkey=0x17e2a1 fifoLkey=0x17e2a1
MOC-R4PCC04U05:396163:396225 [3] NCCL INFO NET/IB: NCCL Dev 1 IbDev 0 Port 1 qpn 5747 mtu 3 query_ece={supported=1, vendor_id=0x15b3, options=0x30000002, comp_mask=0x0} GID 3 (0/C132A8C0FFFF0000) fifoRkey=0x180ac9 fifoLkey=0x180ac9
MOC-R4PCC04U05:396163:396225 [3] NCCL INFO NET/IB: IbDev 0 Port 1 qpn 5986 set_ece={supported=1, vendor_id=0x15b3, options=0x0, comp_mask=0x0}
MOC-R4PCC04U05:396163:396225 [3] NCCL INFO NET/IB: IbDev 0 Port 1 qpn 5988 set_ece={supported=1, vendor_id=0x15b3, options=0x0, comp_mask=0x0}
step    1/10 | train loss 11.010094 | norm 15.4736 | lr 1.00e-04 | (13474.62 ms | 77819 tok/s)
step    2/10 | train loss 10.132355 | norm 5.7712 | lr 1.00e-04 | (329.78 ms | 3179654 tok/s)
step    3/10 | train loss 9.790416 | norm 2.6207 | lr 1.00e-04 | (330.94 ms | 3168498 tok/s)
step    4/10 | train loss 9.620087 | norm 2.1209 | lr 1.00e-04 | (404.51 ms | 2592210 tok/s)
step    5/10 | train loss 9.536890 | norm 2.1162 | lr 1.00e-04 | (379.99 ms | 2759503 tok/s)
step    6/10 | train loss 9.455256 | norm 2.0053 | lr 1.00e-04 | (402.96 ms | 2602160 tok/s)
step    7/10 | train loss 9.369593 | norm 1.9545 | lr 1.00e-04 | (354.64 ms | 2956741 tok/s)
step    8/10 | train loss 9.277893 | norm 1.9223 | lr 1.00e-04 | (332.99 ms | 3148950 tok/s)
step    9/10 | train loss 9.182255 | norm 1.8716 | lr 1.00e-04 | (333.40 ms | 3145088 tok/s)
step   10/10 | train loss 9.094434 | norm 1.7972 | lr 1.00e-04 | (336.58 ms | 3115393 tok/s)
final 9 iters avg: 356.199ms
peak memory consumption: 16601 MiB
