Running pytorch 2.7.0+cu126
using device: cuda:0
total desired batch size: 524288
=> calculated gradient accumulation steps: 2
using device: cuda:3
using device: cuda:2
using device: cuda:1
compiling the model...
DataLoader: total number of tokens: 1,661,249,667 across 103 files
MOC-R4PCC04U05:391671:391671 [0] NCCL INFO NCCL_SOCKET_IFNAME set to eno7np0
MOC-R4PCC04U05:391671:391671 [0] NCCL INFO NCCL version 2.26.2+cuda12.2
MOC-R4PCC04U05:391674:391674 [3] NCCL INFO NCCL_SOCKET_IFNAME set to eno7np0
MOC-R4PCC04U05:391674:391674 [3] NCCL INFO NCCL version 2.26.2+cuda12.2
MOC-R4PCC04U05:391673:391673 [2] NCCL INFO NCCL_SOCKET_IFNAME set to eno7np0
MOC-R4PCC04U05:391673:391673 [2] NCCL INFO NCCL version 2.26.2+cuda12.2
MOC-R4PCC04U05:391671:391714 [0] NCCL INFO NET/Plugin: Could not find: libnccl-net.so. Using internal net plugin.
MOC-R4PCC04U05:391671:391714 [0] NCCL INFO NCCL_IB_HCA set to mlx5_5
MOC-R4PCC04U05:391671:391714 [0] NCCL INFO NET/IB : Made virtual device [0] name=mlx5_5 speed=400000 ndevs=1
MOC-R4PCC04U05:391671:391714 [0] NCCL INFO NET/IB : Using [0]mlx5_5:1/RoCE [RO]; OOB eno7np0:192.168.50.193<0>
MOC-R4PCC04U05:391672:391672 [1] NCCL INFO NCCL_SOCKET_IFNAME set to eno7np0
MOC-R4PCC04U05:391672:391672 [1] NCCL INFO NCCL version 2.26.2+cuda12.2
MOC-R4PCC04U05:391674:391715 [3] NCCL INFO NET/Plugin: Could not find: libnccl-net.so. Using internal net plugin.
MOC-R4PCC04U05:391674:391715 [3] NCCL INFO NCCL_IB_HCA set to mlx5_5
MOC-R4PCC04U05:391673:391716 [2] NCCL INFO NET/Plugin: Could not find: libnccl-net.so. Using internal net plugin.
MOC-R4PCC04U05:391673:391716 [2] NCCL INFO NCCL_IB_HCA set to mlx5_5
MOC-R4PCC04U05:391674:391715 [3] NCCL INFO NET/IB : Made virtual device [0] name=mlx5_5 speed=400000 ndevs=1
MOC-R4PCC04U05:391674:391715 [3] NCCL INFO NET/IB : Using [0]mlx5_5:1/RoCE [RO]; OOB eno7np0:192.168.50.193<0>
MOC-R4PCC04U05:391673:391716 [2] NCCL INFO NET/IB : Made virtual device [0] name=mlx5_5 speed=400000 ndevs=1
MOC-R4PCC04U05:391673:391716 [2] NCCL INFO NET/IB : Using [0]mlx5_5:1/RoCE [RO]; OOB eno7np0:192.168.50.193<0>
MOC-R4PCC04U05:391672:391718 [1] NCCL INFO NET/Plugin: Could not find: libnccl-net.so. Using internal net plugin.
MOC-R4PCC04U05:391672:391718 [1] NCCL INFO NCCL_IB_HCA set to mlx5_5
MOC-R4PCC04U05:391672:391718 [1] NCCL INFO NET/IB : Made virtual device [0] name=mlx5_5 speed=400000 ndevs=1
MOC-R4PCC04U05:391672:391718 [1] NCCL INFO NET/IB : Using [0]mlx5_5:1/RoCE [RO]; OOB eno7np0:192.168.50.193<0>
MOC-R4PCC04U05:391673:391716 [2] NCCL INFO NET/IB : GPU Direct RDMA Enabled for HCA 0 'mlx5_5'
MOC-R4PCC04U05:391673:391716 [2] NCCL INFO NET/IB : Made virtual device [1] name=mlx5_5 speed=400000 ndevs=1
MOC-R4PCC04U05:391673:391716 [2] NCCL INFO NET/IB : GPU Direct RDMA Enabled for HCA 0 'mlx5_5'
MOC-R4PCC04U05:391673:391716 [2] NCCL INFO NET/IB : GPU Direct RDMA Enabled for HCA 1 'mlx5_5'
MOC-R4PCC04U05:391671:391714 [0] NCCL INFO NET/IB : GPU Direct RDMA Enabled for HCA 0 'mlx5_5'
MOC-R4PCC04U05:391671:391714 [0] NCCL INFO NET/IB : Made virtual device [1] name=mlx5_5 speed=400000 ndevs=1
MOC-R4PCC04U05:391671:391714 [0] NCCL INFO NET/IB : GPU Direct RDMA Enabled for HCA 0 'mlx5_5'
MOC-R4PCC04U05:391671:391714 [0] NCCL INFO NET/IB : GPU Direct RDMA Enabled for HCA 1 'mlx5_5'
MOC-R4PCC04U05:391674:391715 [3] NCCL INFO NET/IB : GPU Direct RDMA Enabled for HCA 0 'mlx5_5'
MOC-R4PCC04U05:391674:391715 [3] NCCL INFO NET/IB : Made virtual device [1] name=mlx5_5 speed=400000 ndevs=1
MOC-R4PCC04U05:391672:391718 [1] NCCL INFO NET/IB : GPU Direct RDMA Enabled for HCA 0 'mlx5_5'
MOC-R4PCC04U05:391674:391715 [3] NCCL INFO NET/IB : GPU Direct RDMA Enabled for HCA 0 'mlx5_5'
MOC-R4PCC04U05:391674:391715 [3] NCCL INFO NET/IB : GPU Direct RDMA Enabled for HCA 1 'mlx5_5'
MOC-R4PCC04U05:391672:391718 [1] NCCL INFO NET/IB : Made virtual device [1] name=mlx5_5 speed=400000 ndevs=1
MOC-R4PCC04U05:391672:391718 [1] NCCL INFO NET/IB : GPU Direct RDMA Enabled for HCA 0 'mlx5_5'
MOC-R4PCC04U05:391672:391718 [1] NCCL INFO NET/IB : GPU Direct RDMA Enabled for HCA 1 'mlx5_5'
MOC-R4PCC04U05:391673:391716 [2] NCCL INFO GPU Direct RDMA Enabled for GPU 0 / HCA 1 (distance 5 <= 5), read 0 mode Default
MOC-R4PCC04U05:391673:391716 [2] NCCL INFO GPU Direct RDMA Enabled for GPU 1 / HCA 1 (distance 5 <= 5), read 0 mode Default
MOC-R4PCC04U05:391673:391716 [2] NCCL INFO GPU Direct RDMA Enabled for GPU 2 / HCA 1 (distance 5 <= 5), read 0 mode Default
MOC-R4PCC04U05:391673:391716 [2] NCCL INFO GPU Direct RDMA Enabled for GPU 3 / HCA 1 (distance 5 <= 5), read 0 mode Default
MOC-R4PCC04U05:391671:391714 [0] NCCL INFO GPU Direct RDMA Enabled for GPU 0 / HCA 1 (distance 5 <= 5), read 0 mode Default
MOC-R4PCC04U05:391671:391714 [0] NCCL INFO GPU Direct RDMA Enabled for GPU 1 / HCA 1 (distance 5 <= 5), read 0 mode Default
MOC-R4PCC04U05:391671:391714 [0] NCCL INFO GPU Direct RDMA Enabled for GPU 2 / HCA 1 (distance 5 <= 5), read 0 mode Default
MOC-R4PCC04U05:391671:391714 [0] NCCL INFO GPU Direct RDMA Enabled for GPU 3 / HCA 1 (distance 5 <= 5), read 0 mode Default
MOC-R4PCC04U05:391673:391716 [2] NCCL INFO GPU Direct RDMA Enabled for GPU 0 / HCA 1 (distance 5 <= 5), read 0 mode Default
MOC-R4PCC04U05:391673:391716 [2] NCCL INFO GPU Direct RDMA Enabled for GPU 1 / HCA 1 (distance 5 <= 5), read 0 mode Default
MOC-R4PCC04U05:391673:391716 [2] NCCL INFO GPU Direct RDMA Enabled for GPU 2 / HCA 1 (distance 5 <= 5), read 0 mode Default
MOC-R4PCC04U05:391673:391716 [2] NCCL INFO GPU Direct RDMA Enabled for GPU 3 / HCA 1 (distance 5 <= 5), read 0 mode Default
MOC-R4PCC04U05:391671:391714 [0] NCCL INFO GPU Direct RDMA Enabled for GPU 0 / HCA 1 (distance 5 <= 5), read 0 mode Default
MOC-R4PCC04U05:391671:391714 [0] NCCL INFO GPU Direct RDMA Enabled for GPU 1 / HCA 1 (distance 5 <= 5), read 0 mode Default
MOC-R4PCC04U05:391671:391714 [0] NCCL INFO GPU Direct RDMA Enabled for GPU 2 / HCA 1 (distance 5 <= 5), read 0 mode Default
MOC-R4PCC04U05:391671:391714 [0] NCCL INFO GPU Direct RDMA Enabled for GPU 3 / HCA 1 (distance 5 <= 5), read 0 mode Default
MOC-R4PCC04U05:391674:391715 [3] NCCL INFO GPU Direct RDMA Enabled for GPU 0 / HCA 1 (distance 5 <= 5), read 0 mode Default
MOC-R4PCC04U05:391674:391715 [3] NCCL INFO GPU Direct RDMA Enabled for GPU 1 / HCA 1 (distance 5 <= 5), read 0 mode Default
MOC-R4PCC04U05:391674:391715 [3] NCCL INFO GPU Direct RDMA Enabled for GPU 2 / HCA 1 (distance 5 <= 5), read 0 mode Default
MOC-R4PCC04U05:391674:391715 [3] NCCL INFO GPU Direct RDMA Enabled for GPU 3 / HCA 1 (distance 5 <= 5), read 0 mode Default
MOC-R4PCC04U05:391674:391715 [3] NCCL INFO GPU Direct RDMA Enabled for GPU 0 / HCA 1 (distance 5 <= 5), read 0 mode Default
MOC-R4PCC04U05:391674:391715 [3] NCCL INFO GPU Direct RDMA Enabled for GPU 1 / HCA 1 (distance 5 <= 5), read 0 mode Default
MOC-R4PCC04U05:391672:391718 [1] NCCL INFO GPU Direct RDMA Enabled for GPU 0 / HCA 1 (distance 5 <= 5), read 0 mode Default
MOC-R4PCC04U05:391674:391715 [3] NCCL INFO GPU Direct RDMA Enabled for GPU 2 / HCA 1 (distance 5 <= 5), read 0 mode Default
MOC-R4PCC04U05:391672:391718 [1] NCCL INFO GPU Direct RDMA Enabled for GPU 1 / HCA 1 (distance 5 <= 5), read 0 mode Default
MOC-R4PCC04U05:391674:391715 [3] NCCL INFO GPU Direct RDMA Enabled for GPU 3 / HCA 1 (distance 5 <= 5), read 0 mode Default
MOC-R4PCC04U05:391672:391718 [1] NCCL INFO GPU Direct RDMA Enabled for GPU 2 / HCA 1 (distance 5 <= 5), read 0 mode Default
MOC-R4PCC04U05:391672:391718 [1] NCCL INFO GPU Direct RDMA Enabled for GPU 3 / HCA 1 (distance 5 <= 5), read 0 mode Default
MOC-R4PCC04U05:391672:391718 [1] NCCL INFO GPU Direct RDMA Enabled for GPU 0 / HCA 1 (distance 5 <= 5), read 0 mode Default
MOC-R4PCC04U05:391672:391718 [1] NCCL INFO GPU Direct RDMA Enabled for GPU 1 / HCA 1 (distance 5 <= 5), read 0 mode Default
MOC-R4PCC04U05:391672:391718 [1] NCCL INFO GPU Direct RDMA Enabled for GPU 2 / HCA 1 (distance 5 <= 5), read 0 mode Default
MOC-R4PCC04U05:391672:391718 [1] NCCL INFO GPU Direct RDMA Enabled for GPU 3 / HCA 1 (distance 5 <= 5), read 0 mode Default
MOC-R4PCC04U05:391674:391732 [3] NCCL INFO New proxy recv connection 0 from local rank 3, transport 0
MOC-R4PCC04U05:391674:391739 [3] NCCL INFO Connected to proxy localRank 3 -> connection 0x7f6728004f30
MOC-R4PCC04U05:391674:391732 [3] NCCL INFO New proxy recv connection 1 from local rank 3, transport 0
MOC-R4PCC04U05:391674:391739 [3] NCCL INFO Connected to proxy localRank 3 -> connection 0x7f6728004fa8
MOC-R4PCC04U05:391674:391732 [3] NCCL INFO New proxy recv connection 2 from local rank 3, transport 0
MOC-R4PCC04U05:391674:391739 [3] NCCL INFO Connected to proxy localRank 3 -> connection 0x7f6728005020
MOC-R4PCC04U05:391674:391732 [3] NCCL INFO New proxy recv connection 3 from local rank 3, transport 0
MOC-R4PCC04U05:391674:391739 [3] NCCL INFO Connected to proxy localRank 3 -> connection 0x7f6728005098
MOC-R4PCC04U05:391674:391739 [3] NCCL INFO GPU Direct RDMA Enabled for GPU 3 / HCA 1 (distance 5 <= 5), read 1 mode Default
MOC-R4PCC04U05:391673:391741 [2] NCCL INFO GPU Direct RDMA Enabled for GPU 2 / HCA 1 (distance 5 <= 5), read 0 mode Default
MOC-R4PCC04U05:391671:391731 [0] NCCL INFO New proxy send connection 0 from local rank 0, transport 0
MOC-R4PCC04U05:391671:391740 [0] NCCL INFO Connected to proxy localRank 0 -> connection 0x7f5dd8004f30
MOC-R4PCC04U05:391671:391731 [0] NCCL INFO New proxy send connection 1 from local rank 0, transport 0
MOC-R4PCC04U05:391671:391740 [0] NCCL INFO Connected to proxy localRank 0 -> connection 0x7f5dd8004fa8
MOC-R4PCC04U05:391671:391731 [0] NCCL INFO New proxy send connection 2 from local rank 0, transport 0
MOC-R4PCC04U05:391671:391740 [0] NCCL INFO Connected to proxy localRank 0 -> connection 0x7f5dd8005020
MOC-R4PCC04U05:391671:391731 [0] NCCL INFO New proxy send connection 3 from local rank 0, transport 0
MOC-R4PCC04U05:391671:391740 [0] NCCL INFO Connected to proxy localRank 0 -> connection 0x7f5dd8005098
MOC-R4PCC04U05:391673:391737 [2] NCCL INFO New proxy send connection 0 from local rank 3, transport 2
MOC-R4PCC04U05:391673:391737 [2] NCCL INFO New proxy recv connection 1 from local rank 2, transport 2
MOC-R4PCC04U05:391674:391739 [3] NCCL INFO Connected to proxy localRank 2 -> connection 0x7fdc3c004f30
MOC-R4PCC04U05:391674:391739 [3] NCCL INFO Channel 00/0 : 3[3] -> 6[2] [send] via NET/IB/1(2)/GDRDMA
MOC-R4PCC04U05:391674:391739 [3] NCCL INFO GPU Direct RDMA Enabled for GPU 3 / HCA 1 (distance 5 <= 5), read 1 mode Default
MOC-R4PCC04U05:391673:391741 [2] NCCL INFO Connected to proxy localRank 2 -> connection 0x7fdc3c004fa8
MOC-R4PCC04U05:391673:391737 [2] NCCL INFO New proxy send connection 2 from local rank 3, transport 2
MOC-R4PCC04U05:391674:391739 [3] NCCL INFO Connected to proxy localRank 2 -> connection 0x7fdc3c005020
MOC-R4PCC04U05:391673:391741 [2] NCCL INFO Channel 00/0 : 7[3] -> 2[2] [receive] via NET/IB/1/GDRDMA
MOC-R4PCC04U05:391673:391741 [2] NCCL INFO GPU Direct RDMA Enabled for GPU 2 / HCA 1 (distance 5 <= 5), read 0 mode Default
MOC-R4PCC04U05:391674:391739 [3] NCCL INFO Channel 01/0 : 3[3] -> 6[2] [send] via NET/IB/1(2)/GDRDMA
MOC-R4PCC04U05:391674:391739 [3] NCCL INFO GPU Direct RDMA Enabled for GPU 3 / HCA 1 (distance 5 <= 5), read 1 mode Default
MOC-R4PCC04U05:391673:391737 [2] NCCL INFO New proxy send connection 3 from local rank 3, transport 2
MOC-R4PCC04U05:391674:391739 [3] NCCL INFO Connected to proxy localRank 2 -> connection 0x7fdc3c005098
MOC-R4PCC04U05:391673:391737 [2] NCCL INFO New proxy recv connection 4 from local rank 2, transport 2
MOC-R4PCC04U05:391673:391741 [2] NCCL INFO Connected to proxy localRank 2 -> connection 0x7fdc3c005110
MOC-R4PCC04U05:391674:391739 [3] NCCL INFO Channel 02/0 : 3[3] -> 6[2] [send] via NET/IB/1(2)/GDRDMA
MOC-R4PCC04U05:391674:391739 [3] NCCL INFO GPU Direct RDMA Enabled for GPU 3 / HCA 1 (distance 5 <= 5), read 1 mode Default
MOC-R4PCC04U05:391673:391741 [2] NCCL INFO Channel 01/0 : 7[3] -> 2[2] [receive] via NET/IB/1/GDRDMA
MOC-R4PCC04U05:391673:391741 [2] NCCL INFO GPU Direct RDMA Enabled for GPU 2 / HCA 1 (distance 5 <= 5), read 0 mode Default
MOC-R4PCC04U05:391673:391737 [2] NCCL INFO New proxy send connection 5 from local rank 3, transport 2
MOC-R4PCC04U05:391674:391739 [3] NCCL INFO Connected to proxy localRank 2 -> connection 0x7fdc3c005188
MOC-R4PCC04U05:391673:391737 [2] NCCL INFO New proxy recv connection 6 from local rank 2, transport 2
MOC-R4PCC04U05:391673:391741 [2] NCCL INFO Connected to proxy localRank 2 -> connection 0x7fdc3c005200
MOC-R4PCC04U05:391674:391739 [3] NCCL INFO Channel 03/0 : 3[3] -> 6[2] [send] via NET/IB/1(2)/GDRDMA
MOC-R4PCC04U05:391673:391741 [2] NCCL INFO Channel 02/0 : 7[3] -> 2[2] [receive] via NET/IB/1/GDRDMA
MOC-R4PCC04U05:391673:391741 [2] NCCL INFO GPU Direct RDMA Enabled for GPU 2 / HCA 1 (distance 5 <= 5), read 0 mode Default
MOC-R4PCC04U05:391673:391737 [2] NCCL INFO New proxy recv connection 7 from local rank 2, transport 2
MOC-R4PCC04U05:391673:391741 [2] NCCL INFO Connected to proxy localRank 2 -> connection 0x7fdc3c005278
MOC-R4PCC04U05:391673:391741 [2] NCCL INFO Channel 03/0 : 7[3] -> 2[2] [receive] via NET/IB/1/GDRDMA
MOC-R4PCC04U05:391671:391731 [0] NCCL INFO New proxy recv connection 4 from local rank 0, transport 0
MOC-R4PCC04U05:391671:391740 [0] NCCL INFO Connected to proxy localRank 0 -> connection 0x7f5dd8005110
MOC-R4PCC04U05:391673:391737 [2] NCCL INFO New proxy send connection 8 from local rank 2, transport 0
MOC-R4PCC04U05:391673:391741 [2] NCCL INFO Connected to proxy localRank 2 -> connection 0x7fdc3c0052f0
MOC-R4PCC04U05:391671:391731 [0] NCCL INFO New proxy send connection 5 from local rank 3, transport 0
MOC-R4PCC04U05:391671:391731 [0] NCCL INFO New proxy recv connection 6 from local rank 0, transport 0
MOC-R4PCC04U05:391674:391739 [3] NCCL INFO Connected to proxy localRank 0 -> connection 0x7f5dd8005188
MOC-R4PCC04U05:391671:391740 [0] NCCL INFO Connected to proxy localRank 0 -> connection 0x7f5dd8005200
MOC-R4PCC04U05:391673:391737 [2] NCCL INFO NET/IB: NCCL Dev 1 IbDev 0 Port 1 qpn 5654 mtu 3 query_ece={supported=1, vendor_id=0x15b3, options=0x30000002, comp_mask=0x0} GID 3 (0/C132A8C0FFFF0000) fifoRkey=0x17904f fifoLkey=0x17904f
MOC-R4PCC04U05:391673:391737 [2] NCCL INFO New proxy send connection 9 from local rank 2, transport 0
MOC-R4PCC04U05:391673:391741 [2] NCCL INFO Connected to proxy localRank 2 -> connection 0x7fdc3c005368
MOC-R4PCC04U05:391671:391731 [0] NCCL INFO New proxy recv connection 7 from local rank 0, transport 0
MOC-R4PCC04U05:391671:391740 [0] NCCL INFO Connected to proxy localRank 0 -> connection 0x7f5dd8005278
MOC-R4PCC04U05:391673:391737 [2] NCCL INFO NET/IB: IbDev 0 Port 1 qpn 5894 set_ece={supported=1, vendor_id=0x15b3, options=0x0, comp_mask=0x0}
MOC-R4PCC04U05:391672:391733 [1] NCCL INFO New proxy recv connection 0 from local rank 1, transport 0
MOC-R4PCC04U05:391672:391743 [1] NCCL INFO Connected to proxy localRank 1 -> connection 0x7f85e8004f30
MOC-R4PCC04U05:391671:391731 [0] NCCL INFO New proxy recv connection 8 from local rank 0, transport 0
MOC-R4PCC04U05:391671:391740 [0] NCCL INFO Connected to proxy localRank 0 -> connection 0x7f5dd80052f0
MOC-R4PCC04U05:391672:391733 [1] NCCL INFO New proxy recv connection 1 from local rank 1, transport 0
MOC-R4PCC04U05:391672:391743 [1] NCCL INFO Connected to proxy localRank 1 -> connection 0x7f85e8004fa8
MOC-R4PCC04U05:391672:391733 [1] NCCL INFO New proxy recv connection 2 from local rank 1, transport 0
MOC-R4PCC04U05:391672:391743 [1] NCCL INFO Connected to proxy localRank 1 -> connection 0x7f85e8005020
MOC-R4PCC04U05:391672:391733 [1] NCCL INFO New proxy recv connection 3 from local rank 1, transport 0
MOC-R4PCC04U05:391672:391743 [1] NCCL INFO Connected to proxy localRank 1 -> connection 0x7f85e8005098
MOC-R4PCC04U05:391673:391737 [2] NCCL INFO New proxy send connection 10 from local rank 2, transport 0
MOC-R4PCC04U05:391673:391741 [2] NCCL INFO Connected to proxy localRank 2 -> connection 0x7fdc3c0053e0
MOC-R4PCC04U05:391673:391737 [2] NCCL INFO NET/IB: NCCL Dev 1 IbDev 0 Port 1 qpn 5655 mtu 3 query_ece={supported=1, vendor_id=0x15b3, options=0x30000002, comp_mask=0x0} GID 3 (0/C132A8C0FFFF0000) fifoRkey=0x17f1b0 fifoLkey=0x17f1b0
MOC-R4PCC04U05:391672:391733 [1] NCCL INFO New proxy send connection 4 from local rank 1, transport 0
MOC-R4PCC04U05:391672:391743 [1] NCCL INFO Connected to proxy localRank 1 -> connection 0x7f85e8005110
MOC-R4PCC04U05:391673:391737 [2] NCCL INFO New proxy send connection 11 from local rank 2, transport 0
MOC-R4PCC04U05:391673:391741 [2] NCCL INFO Connected to proxy localRank 2 -> connection 0x7fdc3c005458
MOC-R4PCC04U05:391672:391733 [1] NCCL INFO New proxy send connection 5 from local rank 1, transport 0
MOC-R4PCC04U05:391672:391743 [1] NCCL INFO Connected to proxy localRank 1 -> connection 0x7f85e8005188
MOC-R4PCC04U05:391672:391733 [1] NCCL INFO New proxy send connection 6 from local rank 1, transport 0
MOC-R4PCC04U05:391672:391743 [1] NCCL INFO Connected to proxy localRank 1 -> connection 0x7f85e8005200
MOC-R4PCC04U05:391673:391737 [2] NCCL INFO NET/IB: IbDev 0 Port 1 qpn 5896 set_ece={supported=1, vendor_id=0x15b3, options=0x0, comp_mask=0x0}
MOC-R4PCC04U05:391672:391733 [1] NCCL INFO New proxy send connection 7 from local rank 1, transport 0
MOC-R4PCC04U05:391672:391743 [1] NCCL INFO Connected to proxy localRank 1 -> connection 0x7f85e8005278
MOC-R4PCC04U05:391672:391733 [1] NCCL INFO New proxy send connection 8 from local rank 2, transport 0
MOC-R4PCC04U05:391671:391731 [0] NCCL INFO New proxy send connection 9 from local rank 1, transport 0
MOC-R4PCC04U05:391673:391741 [2] NCCL INFO Connected to proxy localRank 1 -> connection 0x7f85e80052f0
MOC-R4PCC04U05:391674:391732 [3] NCCL INFO New proxy send connection 4 from local rank 0, transport 0
MOC-R4PCC04U05:391672:391743 [1] NCCL INFO Connected to proxy localRank 0 -> connection 0x7f5dd8005368
MOC-R4PCC04U05:391671:391740 [0] NCCL INFO Connected to proxy localRank 3 -> connection 0x7f6728005110
MOC-R4PCC04U05:391673:391737 [2] NCCL INFO NET/IB: NCCL Dev 1 IbDev 0 Port 1 qpn 5656 mtu 3 query_ece={supported=1, vendor_id=0x15b3, options=0x30000002, comp_mask=0x0} GID 3 (0/C132A8C0FFFF0000) fifoRkey=0x172eed fifoLkey=0x172eed
MOC-R4PCC04U05:391673:391737 [2] NCCL INFO NET/IB: IbDev 0 Port 1 qpn 5899 set_ece={supported=1, vendor_id=0x15b3, options=0x0, comp_mask=0x0}
MOC-R4PCC04U05:391673:391737 [2] NCCL INFO NET/IB: NCCL Dev 1 IbDev 0 Port 1 qpn 5659 mtu 3 query_ece={supported=1, vendor_id=0x15b3, options=0x30000002, comp_mask=0x0} GID 3 (0/C132A8C0FFFF0000) fifoRkey=0x17d08f fifoLkey=0x17d08f
MOC-R4PCC04U05:391673:391737 [2] NCCL INFO New proxy send connection 12 from local rank 3, transport 0
MOC-R4PCC04U05:391674:391739 [3] NCCL INFO Connected to proxy localRank 2 -> connection 0x7fdc3c0054d0
MOC-R4PCC04U05:391673:391737 [2] NCCL INFO New proxy send connection 13 from local rank 1, transport 0
MOC-R4PCC04U05:391672:391743 [1] NCCL INFO Connected to proxy localRank 2 -> connection 0x7fdc3c005548
MOC-R4PCC04U05:391672:391733 [1] NCCL INFO New proxy send connection 9 from local rank 0, transport 0
MOC-R4PCC04U05:391671:391740 [0] NCCL INFO Connected to proxy localRank 1 -> connection 0x7f85e8005368
MOC-R4PCC04U05:391673:391737 [2] NCCL INFO NET/IB: IbDev 0 Port 1 qpn 5904 set_ece={supported=1, vendor_id=0x15b3, options=0x0, comp_mask=0x0}
num decayed parameter tensors: 50, with 124,318,464 parameters
num non-decayed parameter tensors: 98, with 121,344 parameters
using fused AdamW: False
using regular AdamW
MOC-R4PCC04U05:391674:391732 [3] NCCL INFO New proxy recv connection 5 from local rank 3, transport 0
MOC-R4PCC04U05:391674:392434 [3] NCCL INFO Connected to proxy localRank 3 -> connection 0x7f6728005188
MOC-R4PCC04U05:391674:391732 [3] NCCL INFO New proxy recv connection 6 from local rank 3, transport 0
MOC-R4PCC04U05:391674:392434 [3] NCCL INFO Connected to proxy localRank 3 -> connection 0x7f6728005200
MOC-R4PCC04U05:391674:391732 [3] NCCL INFO New proxy recv connection 7 from local rank 3, transport 0
MOC-R4PCC04U05:391674:392434 [3] NCCL INFO Connected to proxy localRank 3 -> connection 0x7f6728005278
MOC-R4PCC04U05:391674:391732 [3] NCCL INFO New proxy recv connection 8 from local rank 3, transport 0
MOC-R4PCC04U05:391674:392434 [3] NCCL INFO Connected to proxy localRank 3 -> connection 0x7f67280052f0
MOC-R4PCC04U05:391671:391731 [0] NCCL INFO New proxy send connection 10 from local rank 0, transport 0
MOC-R4PCC04U05:391671:392435 [0] NCCL INFO Connected to proxy localRank 0 -> connection 0x7f5dd80053e0
MOC-R4PCC04U05:391671:391731 [0] NCCL INFO New proxy send connection 11 from local rank 0, transport 0
MOC-R4PCC04U05:391671:392435 [0] NCCL INFO Connected to proxy localRank 0 -> connection 0x7f5dd8005458
MOC-R4PCC04U05:391671:391731 [0] NCCL INFO New proxy send connection 12 from local rank 0, transport 0
MOC-R4PCC04U05:391671:392435 [0] NCCL INFO Connected to proxy localRank 0 -> connection 0x7f5dd80054d0
MOC-R4PCC04U05:391671:391731 [0] NCCL INFO New proxy send connection 13 from local rank 0, transport 0
MOC-R4PCC04U05:391671:392435 [0] NCCL INFO Connected to proxy localRank 0 -> connection 0x7f5dd8005548
MOC-R4PCC04U05:391673:391737 [2] NCCL INFO New proxy send connection 14 from local rank 2, transport 0
MOC-R4PCC04U05:391673:392436 [2] NCCL INFO Connected to proxy localRank 2 -> connection 0x7fdc3c0055c0
MOC-R4PCC04U05:391673:391737 [2] NCCL INFO New proxy send connection 15 from local rank 2, transport 0
MOC-R4PCC04U05:391673:392436 [2] NCCL INFO Connected to proxy localRank 2 -> connection 0x7fdc3c005638
MOC-R4PCC04U05:391673:391737 [2] NCCL INFO New proxy send connection 16 from local rank 2, transport 0
MOC-R4PCC04U05:391673:392436 [2] NCCL INFO Connected to proxy localRank 2 -> connection 0x7fdc3c0056b0
MOC-R4PCC04U05:391673:391737 [2] NCCL INFO New proxy send connection 17 from local rank 2, transport 0
MOC-R4PCC04U05:391673:392436 [2] NCCL INFO Connected to proxy localRank 2 -> connection 0x7fdc3c005728
MOC-R4PCC04U05:391673:392436 [2] NCCL INFO GPU Direct RDMA Enabled for GPU 2 / HCA 1 (distance 5 <= 5), read 0 mode Default
MOC-R4PCC04U05:391673:391737 [2] NCCL INFO New proxy recv connection 18 from local rank 2, transport 2
MOC-R4PCC04U05:391673:392436 [2] NCCL INFO Connected to proxy localRank 2 -> connection 0x7fdc3c0057a0
MOC-R4PCC04U05:391674:391732 [3] NCCL INFO New proxy send connection 9 from local rank 3, transport 0
MOC-R4PCC04U05:391673:392436 [2] NCCL INFO Channel 00/0 : 6[2] -> 2[2] [receive] via NET/IB/1/GDRDMA
MOC-R4PCC04U05:391673:392436 [2] NCCL INFO GPU Direct RDMA Enabled for GPU 2 / HCA 1 (distance 5 <= 5), read 0 mode Default
MOC-R4PCC04U05:391674:392434 [3] NCCL INFO Connected to proxy localRank 3 -> connection 0x7f6728005368
MOC-R4PCC04U05:391673:391737 [2] NCCL INFO New proxy recv connection 19 from local rank 2, transport 2
MOC-R4PCC04U05:391673:392436 [2] NCCL INFO Connected to proxy localRank 2 -> connection 0x7fdc3c005818
MOC-R4PCC04U05:391673:392436 [2] NCCL INFO Channel 01/0 : 6[2] -> 2[2] [receive] via NET/IB/1/GDRDMA
MOC-R4PCC04U05:391673:392436 [2] NCCL INFO GPU Direct RDMA Enabled for GPU 2 / HCA 1 (distance 5 <= 5), read 0 mode Default
MOC-R4PCC04U05:391673:391737 [2] NCCL INFO New proxy recv connection 20 from local rank 2, transport 2
MOC-R4PCC04U05:391673:392436 [2] NCCL INFO Connected to proxy localRank 2 -> connection 0x7fdc3c005890
MOC-R4PCC04U05:391673:392436 [2] NCCL INFO Channel 02/0 : 6[2] -> 2[2] [receive] via NET/IB/1/GDRDMA
MOC-R4PCC04U05:391673:392436 [2] NCCL INFO GPU Direct RDMA Enabled for GPU 2 / HCA 1 (distance 5 <= 5), read 0 mode Default
MOC-R4PCC04U05:391673:391737 [2] NCCL INFO New proxy recv connection 21 from local rank 2, transport 2
MOC-R4PCC04U05:391673:392436 [2] NCCL INFO Connected to proxy localRank 2 -> connection 0x7fdc3c005908
MOC-R4PCC04U05:391674:391732 [3] NCCL INFO New proxy send connection 10 from local rank 3, transport 0
MOC-R4PCC04U05:391673:392436 [2] NCCL INFO Channel 03/0 : 6[2] -> 2[2] [receive] via NET/IB/1/GDRDMA
MOC-R4PCC04U05:391673:392436 [2] NCCL INFO GPU Direct RDMA Enabled for GPU 2 / HCA 1 (distance 5 <= 5), read 1 mode Default
MOC-R4PCC04U05:391674:392434 [3] NCCL INFO Connected to proxy localRank 3 -> connection 0x7f67280053e0
MOC-R4PCC04U05:391673:391737 [2] NCCL INFO New proxy send connection 22 from local rank 2, transport 2
MOC-R4PCC04U05:391673:392436 [2] NCCL INFO Connected to proxy localRank 2 -> connection 0x7fdc3c005980
MOC-R4PCC04U05:391673:392436 [2] NCCL INFO Channel 00/0 : 2[2] -> 6[2] [send] via NET/IB/1/GDRDMA
MOC-R4PCC04U05:391673:392436 [2] NCCL INFO GPU Direct RDMA Enabled for GPU 2 / HCA 1 (distance 5 <= 5), read 1 mode Default
MOC-R4PCC04U05:391673:391737 [2] NCCL INFO New proxy send connection 23 from local rank 2, transport 2
MOC-R4PCC04U05:391673:392436 [2] NCCL INFO Connected to proxy localRank 2 -> connection 0x7fdc3c0059f8
MOC-R4PCC04U05:391674:391732 [3] NCCL INFO New proxy send connection 11 from local rank 3, transport 0
MOC-R4PCC04U05:391673:392436 [2] NCCL INFO Channel 01/0 : 2[2] -> 6[2] [send] via NET/IB/1/GDRDMA
MOC-R4PCC04U05:391673:392436 [2] NCCL INFO GPU Direct RDMA Enabled for GPU 2 / HCA 1 (distance 5 <= 5), read 1 mode Default
MOC-R4PCC04U05:391674:392434 [3] NCCL INFO Connected to proxy localRank 3 -> connection 0x7f6728005458
MOC-R4PCC04U05:391673:391737 [2] NCCL INFO New proxy send connection 24 from local rank 2, transport 2
MOC-R4PCC04U05:391673:392436 [2] NCCL INFO Connected to proxy localRank 2 -> connection 0x7fdc3c005a70
MOC-R4PCC04U05:391673:392436 [2] NCCL INFO Channel 02/0 : 2[2] -> 6[2] [send] via NET/IB/1/GDRDMA
MOC-R4PCC04U05:391673:392436 [2] NCCL INFO GPU Direct RDMA Enabled for GPU 2 / HCA 1 (distance 5 <= 5), read 1 mode Default
MOC-R4PCC04U05:391673:391737 [2] NCCL INFO New proxy send connection 25 from local rank 2, transport 2
MOC-R4PCC04U05:391673:392436 [2] NCCL INFO Connected to proxy localRank 2 -> connection 0x7fdc3c005ae8
MOC-R4PCC04U05:391673:392436 [2] NCCL INFO Channel 03/0 : 2[2] -> 6[2] [send] via NET/IB/1/GDRDMA
MOC-R4PCC04U05:391674:391732 [3] NCCL INFO New proxy send connection 12 from local rank 3, transport 0
MOC-R4PCC04U05:391674:392434 [3] NCCL INFO Connected to proxy localRank 3 -> connection 0x7f67280054d0
MOC-R4PCC04U05:391673:391737 [2] NCCL INFO New proxy recv connection 26 from local rank 2, transport 0
MOC-R4PCC04U05:391673:392436 [2] NCCL INFO Connected to proxy localRank 2 -> connection 0x7fdc3c005b60
MOC-R4PCC04U05:391673:391737 [2] NCCL INFO New proxy recv connection 27 from local rank 2, transport 0
MOC-R4PCC04U05:391673:392436 [2] NCCL INFO Connected to proxy localRank 2 -> connection 0x7fdc3c005bd8
MOC-R4PCC04U05:391673:391737 [2] NCCL INFO New proxy recv connection 28 from local rank 2, transport 0
MOC-R4PCC04U05:391673:392436 [2] NCCL INFO Connected to proxy localRank 2 -> connection 0x7fdc3c005c50
MOC-R4PCC04U05:391673:391737 [2] NCCL INFO New proxy recv connection 29 from local rank 2, transport 0
MOC-R4PCC04U05:391673:392436 [2] NCCL INFO Connected to proxy localRank 2 -> connection 0x7fdc3c005cc8
MOC-R4PCC04U05:391672:391733 [1] NCCL INFO New proxy recv connection 10 from local rank 1, transport 0
MOC-R4PCC04U05:391672:392437 [1] NCCL INFO Connected to proxy localRank 1 -> connection 0x7f85e80053e0
MOC-R4PCC04U05:391672:391733 [1] NCCL INFO New proxy recv connection 11 from local rank 1, transport 0
MOC-R4PCC04U05:391672:392437 [1] NCCL INFO Connected to proxy localRank 1 -> connection 0x7f85e8005458
MOC-R4PCC04U05:391672:391733 [1] NCCL INFO New proxy recv connection 12 from local rank 1, transport 0
MOC-R4PCC04U05:391672:392437 [1] NCCL INFO Connected to proxy localRank 1 -> connection 0x7f85e80054d0
MOC-R4PCC04U05:391672:391733 [1] NCCL INFO New proxy recv connection 13 from local rank 1, transport 0
MOC-R4PCC04U05:391672:392437 [1] NCCL INFO Connected to proxy localRank 1 -> connection 0x7f85e8005548
MOC-R4PCC04U05:391671:391731 [0] NCCL INFO New proxy recv connection 14 from local rank 0, transport 0
MOC-R4PCC04U05:391671:392435 [0] NCCL INFO Connected to proxy localRank 0 -> connection 0x7f5dd80055c0
MOC-R4PCC04U05:391671:391731 [0] NCCL INFO New proxy recv connection 15 from local rank 0, transport 0
MOC-R4PCC04U05:391671:392435 [0] NCCL INFO Connected to proxy localRank 0 -> connection 0x7f5dd8005638
MOC-R4PCC04U05:391671:391731 [0] NCCL INFO New proxy recv connection 16 from local rank 0, transport 0
MOC-R4PCC04U05:391671:392435 [0] NCCL INFO Connected to proxy localRank 0 -> connection 0x7f5dd80056b0
MOC-R4PCC04U05:391671:391731 [0] NCCL INFO New proxy recv connection 17 from local rank 0, transport 0
MOC-R4PCC04U05:391671:392435 [0] NCCL INFO Connected to proxy localRank 0 -> connection 0x7f5dd8005728
MOC-R4PCC04U05:391674:391732 [3] NCCL INFO New proxy send connection 13 from local rank 3, transport 0
MOC-R4PCC04U05:391674:392434 [3] NCCL INFO Connected to proxy localRank 3 -> connection 0x7f6728005548
MOC-R4PCC04U05:391674:391732 [3] NCCL INFO New proxy send connection 14 from local rank 3, transport 0
MOC-R4PCC04U05:391674:392434 [3] NCCL INFO Connected to proxy localRank 3 -> connection 0x7f67280055c0
MOC-R4PCC04U05:391674:391732 [3] NCCL INFO New proxy send connection 15 from local rank 3, transport 0
MOC-R4PCC04U05:391674:392434 [3] NCCL INFO Connected to proxy localRank 3 -> connection 0x7f6728005638
MOC-R4PCC04U05:391674:391732 [3] NCCL INFO New proxy send connection 16 from local rank 3, transport 0
MOC-R4PCC04U05:391674:392434 [3] NCCL INFO Connected to proxy localRank 3 -> connection 0x7f67280056b0
MOC-R4PCC04U05:391674:391732 [3] NCCL INFO New proxy send connection 17 from local rank 2, transport 0
MOC-R4PCC04U05:391673:392436 [2] NCCL INFO Connected to proxy localRank 3 -> connection 0x7f6728005728
MOC-R4PCC04U05:391673:391737 [2] NCCL INFO NET/IB: NCCL Dev 1 IbDev 0 Port 1 qpn 5666 mtu 3 query_ece={supported=1, vendor_id=0x15b3, options=0x30000002, comp_mask=0x0} GID 3 (0/C132A8C0FFFF0000) fifoRkey=0x179c5b fifoLkey=0x179c5b
MOC-R4PCC04U05:391673:391737 [2] NCCL INFO NET/IB: NCCL Dev 1 IbDev 0 Port 1 qpn 5669 mtu 3 query_ece={supported=1, vendor_id=0x15b3, options=0x30000002, comp_mask=0x0} GID 3 (0/C132A8C0FFFF0000) fifoRkey=0x174705 fifoLkey=0x174705
MOC-R4PCC04U05:391673:391737 [2] NCCL INFO NET/IB: NCCL Dev 1 IbDev 0 Port 1 qpn 5670 mtu 3 query_ece={supported=1, vendor_id=0x15b3, options=0x30000002, comp_mask=0x0} GID 3 (0/C132A8C0FFFF0000) fifoRkey=0x175412 fifoLkey=0x175412
MOC-R4PCC04U05:391673:391737 [2] NCCL INFO NET/IB: IbDev 0 Port 1 qpn 5907 set_ece={supported=1, vendor_id=0x15b3, options=0x0, comp_mask=0x0}
MOC-R4PCC04U05:391673:391737 [2] NCCL INFO NET/IB: IbDev 0 Port 1 qpn 5910 set_ece={supported=1, vendor_id=0x15b3, options=0x0, comp_mask=0x0}
MOC-R4PCC04U05:391673:391737 [2] NCCL INFO NET/IB: NCCL Dev 1 IbDev 0 Port 1 qpn 5675 mtu 3 query_ece={supported=1, vendor_id=0x15b3, options=0x30000002, comp_mask=0x0} GID 3 (0/C132A8C0FFFF0000) fifoRkey=0x17601f fifoLkey=0x17601f
MOC-R4PCC04U05:391673:391737 [2] NCCL INFO NET/IB: IbDev 0 Port 1 qpn 5913 set_ece={supported=1, vendor_id=0x15b3, options=0x0, comp_mask=0x0}
MOC-R4PCC04U05:391673:391737 [2] NCCL INFO NET/IB: IbDev 0 Port 1 qpn 5916 set_ece={supported=1, vendor_id=0x15b3, options=0x0, comp_mask=0x0}
step    1/10 | train loss 11.008972 | norm 15.7109 | lr 1.00e-04 | (13863.49 ms | 37818 tok/s)
step    2/10 | train loss 10.123228 | norm 5.8019 | lr 1.00e-04 | (257.23 ms | 2038241 tok/s)
step    3/10 | train loss 9.777218 | norm 2.6314 | lr 1.00e-04 | (238.79 ms | 2195622 tok/s)
step    4/10 | train loss 9.607362 | norm 2.1165 | lr 1.00e-04 | (214.90 ms | 2439640 tok/s)
step    5/10 | train loss 9.524709 | norm 2.1076 | lr 1.00e-04 | (300.51 ms | 1744638 tok/s)
step    6/10 | train loss 9.443525 | norm 2.0013 | lr 1.00e-04 | (351.97 ms | 1489586 tok/s)
step    7/10 | train loss 9.358730 | norm 1.9491 | lr 1.00e-04 | (255.90 ms | 2048814 tok/s)
step    8/10 | train loss 9.269133 | norm 1.9124 | lr 1.00e-04 | (227.18 ms | 2307792 tok/s)
step    9/10 | train loss 9.176628 | norm 1.8636 | lr 1.00e-04 | (355.38 ms | 1475273 tok/s)
step   10/10 | train loss 9.088062 | norm 1.7782 | lr 1.00e-04 | (190.55 ms | 2751455 tok/s)
final 9 iters avg: 265.824ms
peak memory consumption: 16601 MiB
