Running pytorch 2.7.0+cu126
using device: cuda:0
total desired batch size: 3670016
=> calculated gradient accumulation steps: 7
using device: cuda:3
using device: cuda:2
using device: cuda:1
compiling the model...
DataLoader: total number of tokens: 1,661,249,667 across 103 files
MOC-R4PCC04U05:640279:640279 [0] NCCL INFO NCCL_SOCKET_IFNAME set to eno7np0
MOC-R4PCC04U05:640279:640279 [0] NCCL INFO NCCL version 2.26.2+cuda12.2
MOC-R4PCC04U05:640279:640383 [0] NCCL INFO NET/Plugin: Could not find: libnccl-net.so. Using internal net plugin.
MOC-R4PCC04U05:640279:640383 [0] NCCL INFO NCCL_IB_HCA set to mlx5_5
MOC-R4PCC04U05:640279:640383 [0] NCCL INFO NET/IB : Made virtual device [0] name=mlx5_5 speed=400000 ndevs=1
MOC-R4PCC04U05:640279:640383 [0] NCCL INFO NET/IB : Using [0]mlx5_5:1/RoCE [RO]; OOB eno7np0:192.168.50.193<0>
MOC-R4PCC04U05:640282:640282 [3] NCCL INFO NCCL_SOCKET_IFNAME set to eno7np0
MOC-R4PCC04U05:640282:640282 [3] NCCL INFO NCCL version 2.26.2+cuda12.2
MOC-R4PCC04U05:640281:640281 [2] NCCL INFO NCCL_SOCKET_IFNAME set to eno7np0
MOC-R4PCC04U05:640281:640281 [2] NCCL INFO NCCL version 2.26.2+cuda12.2
MOC-R4PCC04U05:640280:640280 [1] NCCL INFO NCCL_SOCKET_IFNAME set to eno7np0
MOC-R4PCC04U05:640280:640280 [1] NCCL INFO NCCL version 2.26.2+cuda12.2
MOC-R4PCC04U05:640282:640406 [3] NCCL INFO NET/Plugin: Could not find: libnccl-net.so. Using internal net plugin.
MOC-R4PCC04U05:640281:640407 [2] NCCL INFO NET/Plugin: Could not find: libnccl-net.so. Using internal net plugin.
MOC-R4PCC04U05:640282:640406 [3] NCCL INFO NCCL_IB_HCA set to mlx5_5
MOC-R4PCC04U05:640281:640407 [2] NCCL INFO NCCL_IB_HCA set to mlx5_5
MOC-R4PCC04U05:640280:640408 [1] NCCL INFO NET/Plugin: Could not find: libnccl-net.so. Using internal net plugin.
MOC-R4PCC04U05:640280:640408 [1] NCCL INFO NCCL_IB_HCA set to mlx5_5
MOC-R4PCC04U05:640282:640406 [3] NCCL INFO NET/IB : Made virtual device [0] name=mlx5_5 speed=400000 ndevs=1
MOC-R4PCC04U05:640282:640406 [3] NCCL INFO NET/IB : Using [0]mlx5_5:1/RoCE [RO]; OOB eno7np0:192.168.50.193<0>
MOC-R4PCC04U05:640280:640408 [1] NCCL INFO NET/IB : Made virtual device [0] name=mlx5_5 speed=400000 ndevs=1
MOC-R4PCC04U05:640280:640408 [1] NCCL INFO NET/IB : Using [0]mlx5_5:1/RoCE [RO]; OOB eno7np0:192.168.50.193<0>
MOC-R4PCC04U05:640281:640407 [2] NCCL INFO NET/IB : Made virtual device [0] name=mlx5_5 speed=400000 ndevs=1
MOC-R4PCC04U05:640281:640407 [2] NCCL INFO NET/IB : Using [0]mlx5_5:1/RoCE [RO]; OOB eno7np0:192.168.50.193<0>
MOC-R4PCC04U05:640280:640408 [1] NCCL INFO NET/IB : GPU Direct RDMA Enabled for HCA 0 'mlx5_5'
MOC-R4PCC04U05:640280:640408 [1] NCCL INFO NET/IB : Made virtual device [1] name=mlx5_5 speed=400000 ndevs=1
MOC-R4PCC04U05:640280:640408 [1] NCCL INFO NET/IB : GPU Direct RDMA Enabled for HCA 0 'mlx5_5'
MOC-R4PCC04U05:640280:640408 [1] NCCL INFO NET/IB : GPU Direct RDMA Enabled for HCA 1 'mlx5_5'
MOC-R4PCC04U05:640281:640407 [2] NCCL INFO NET/IB : GPU Direct RDMA Enabled for HCA 0 'mlx5_5'
MOC-R4PCC04U05:640281:640407 [2] NCCL INFO NET/IB : Made virtual device [1] name=mlx5_5 speed=400000 ndevs=1
MOC-R4PCC04U05:640281:640407 [2] NCCL INFO NET/IB : GPU Direct RDMA Enabled for HCA 0 'mlx5_5'
MOC-R4PCC04U05:640281:640407 [2] NCCL INFO NET/IB : GPU Direct RDMA Enabled for HCA 1 'mlx5_5'
MOC-R4PCC04U05:640282:640406 [3] NCCL INFO NET/IB : GPU Direct RDMA Enabled for HCA 0 'mlx5_5'
MOC-R4PCC04U05:640282:640406 [3] NCCL INFO NET/IB : Made virtual device [1] name=mlx5_5 speed=400000 ndevs=1
MOC-R4PCC04U05:640282:640406 [3] NCCL INFO NET/IB : GPU Direct RDMA Enabled for HCA 0 'mlx5_5'
MOC-R4PCC04U05:640282:640406 [3] NCCL INFO NET/IB : GPU Direct RDMA Enabled for HCA 1 'mlx5_5'
MOC-R4PCC04U05:640279:640383 [0] NCCL INFO NET/IB : GPU Direct RDMA Enabled for HCA 0 'mlx5_5'
MOC-R4PCC04U05:640279:640383 [0] NCCL INFO NET/IB : Made virtual device [1] name=mlx5_5 speed=400000 ndevs=1
MOC-R4PCC04U05:640279:640383 [0] NCCL INFO NET/IB : GPU Direct RDMA Enabled for HCA 0 'mlx5_5'
MOC-R4PCC04U05:640279:640383 [0] NCCL INFO NET/IB : GPU Direct RDMA Enabled for HCA 1 'mlx5_5'
MOC-R4PCC04U05:640279:640383 [0] NCCL INFO NCCL_NET_GDR_LEVEL set by environment to LOC
MOC-R4PCC04U05:640279:640383 [0] NCCL INFO GPU Direct RDMA Disabled for GPU 0 / HCA 1 (distance 5 > 0)
MOC-R4PCC04U05:640279:640383 [0] NCCL INFO GPU Direct RDMA Disabled for GPU 1 / HCA 1 (distance 5 > 0)
MOC-R4PCC04U05:640279:640383 [0] NCCL INFO GPU Direct RDMA Disabled for GPU 2 / HCA 1 (distance 5 > 0)
MOC-R4PCC04U05:640279:640383 [0] NCCL INFO GPU Direct RDMA Disabled for GPU 0 / HCA 1 (distance 5 > 0)
MOC-R4PCC04U05:640279:640383 [0] NCCL INFO GPU Direct RDMA Disabled for GPU 1 / HCA 1 (distance 5 > 0)
MOC-R4PCC04U05:640279:640383 [0] NCCL INFO GPU Direct RDMA Disabled for GPU 2 / HCA 1 (distance 5 > 0)
MOC-R4PCC04U05:640280:640408 [1] NCCL INFO NCCL_NET_GDR_LEVEL set by environment to LOC
MOC-R4PCC04U05:640280:640408 [1] NCCL INFO GPU Direct RDMA Disabled for GPU 0 / HCA 1 (distance 5 > 0)
MOC-R4PCC04U05:640280:640408 [1] NCCL INFO GPU Direct RDMA Disabled for GPU 1 / HCA 1 (distance 5 > 0)
MOC-R4PCC04U05:640280:640408 [1] NCCL INFO GPU Direct RDMA Disabled for GPU 2 / HCA 1 (distance 5 > 0)
MOC-R4PCC04U05:640280:640408 [1] NCCL INFO GPU Direct RDMA Disabled for GPU 0 / HCA 1 (distance 5 > 0)
MOC-R4PCC04U05:640280:640408 [1] NCCL INFO GPU Direct RDMA Disabled for GPU 1 / HCA 1 (distance 5 > 0)
MOC-R4PCC04U05:640280:640408 [1] NCCL INFO GPU Direct RDMA Disabled for GPU 2 / HCA 1 (distance 5 > 0)
MOC-R4PCC04U05:640282:640406 [3] NCCL INFO NCCL_NET_GDR_LEVEL set by environment to LOC
MOC-R4PCC04U05:640282:640406 [3] NCCL INFO GPU Direct RDMA Disabled for GPU 0 / HCA 1 (distance 5 > 0)
MOC-R4PCC04U05:640282:640406 [3] NCCL INFO GPU Direct RDMA Disabled for GPU 1 / HCA 1 (distance 5 > 0)
MOC-R4PCC04U05:640282:640406 [3] NCCL INFO GPU Direct RDMA Disabled for GPU 2 / HCA 1 (distance 5 > 0)
MOC-R4PCC04U05:640282:640406 [3] NCCL INFO GPU Direct RDMA Disabled for GPU 0 / HCA 1 (distance 5 > 0)
MOC-R4PCC04U05:640282:640406 [3] NCCL INFO GPU Direct RDMA Disabled for GPU 1 / HCA 1 (distance 5 > 0)
MOC-R4PCC04U05:640282:640406 [3] NCCL INFO GPU Direct RDMA Disabled for GPU 2 / HCA 1 (distance 5 > 0)
MOC-R4PCC04U05:640281:640407 [2] NCCL INFO NCCL_NET_GDR_LEVEL set by environment to LOC
MOC-R4PCC04U05:640281:640407 [2] NCCL INFO GPU Direct RDMA Disabled for GPU 0 / HCA 1 (distance 5 > 0)
MOC-R4PCC04U05:640281:640407 [2] NCCL INFO GPU Direct RDMA Disabled for GPU 1 / HCA 1 (distance 5 > 0)
MOC-R4PCC04U05:640281:640407 [2] NCCL INFO GPU Direct RDMA Disabled for GPU 2 / HCA 1 (distance 5 > 0)
MOC-R4PCC04U05:640281:640407 [2] NCCL INFO GPU Direct RDMA Disabled for GPU 0 / HCA 1 (distance 5 > 0)
MOC-R4PCC04U05:640281:640407 [2] NCCL INFO GPU Direct RDMA Disabled for GPU 1 / HCA 1 (distance 5 > 0)
MOC-R4PCC04U05:640281:640407 [2] NCCL INFO GPU Direct RDMA Disabled for GPU 2 / HCA 1 (distance 5 > 0)
MOC-R4PCC04U05:640281:640489 [2] NCCL INFO New proxy recv connection 0 from local rank 2, transport 0
MOC-R4PCC04U05:640281:640496 [2] NCCL INFO Connected to proxy localRank 2 -> connection 0x7f5104004f30
MOC-R4PCC04U05:640280:640488 [1] NCCL INFO New proxy recv connection 0 from local rank 1, transport 0
MOC-R4PCC04U05:640280:640498 [1] NCCL INFO Connected to proxy localRank 1 -> connection 0x7fe2b4004f30
MOC-R4PCC04U05:640282:640492 [3] NCCL INFO New proxy recv connection 0 from local rank 3, transport 0
MOC-R4PCC04U05:640282:640497 [3] NCCL INFO Connected to proxy localRank 3 -> connection 0x7fb3f4004f30
MOC-R4PCC04U05:640281:640489 [2] NCCL INFO New proxy recv connection 1 from local rank 2, transport 0
MOC-R4PCC04U05:640281:640496 [2] NCCL INFO Connected to proxy localRank 2 -> connection 0x7f5104004fa8
MOC-R4PCC04U05:640282:640492 [3] NCCL INFO New proxy recv connection 1 from local rank 3, transport 0
MOC-R4PCC04U05:640282:640497 [3] NCCL INFO Connected to proxy localRank 3 -> connection 0x7fb3f4004fa8
MOC-R4PCC04U05:640280:640488 [1] NCCL INFO New proxy recv connection 1 from local rank 1, transport 0
MOC-R4PCC04U05:640280:640498 [1] NCCL INFO Connected to proxy localRank 1 -> connection 0x7fe2b4004fa8
MOC-R4PCC04U05:640282:640497 [3] NCCL INFO GPU Direct RDMA Disabled for GPU 3 / HCA 1 (distance 7 > 0)
MOC-R4PCC04U05:640279:640494 [0] NCCL INFO New proxy send connection 0 from local rank 0, transport 0
MOC-R4PCC04U05:640279:640499 [0] NCCL INFO Connected to proxy localRank 0 -> connection 0x7f5f4c004f30
MOC-R4PCC04U05:640279:640494 [0] NCCL INFO New proxy send connection 1 from local rank 0, transport 0
MOC-R4PCC04U05:640279:640499 [0] NCCL INFO Connected to proxy localRank 0 -> connection 0x7f5f4c004fa8
MOC-R4PCC04U05:640281:640496 [2] NCCL INFO GPU Direct RDMA Disabled for GPU 2 / HCA 1 (distance 7 > 0)
MOC-R4PCC04U05:640279:640494 [0] NCCL INFO New proxy send connection 2 from local rank 0, transport 0
MOC-R4PCC04U05:640279:640499 [0] NCCL INFO Connected to proxy localRank 0 -> connection 0x7f5f4c005020
MOC-R4PCC04U05:640279:640494 [0] NCCL INFO New proxy send connection 3 from local rank 0, transport 0
MOC-R4PCC04U05:640279:640499 [0] NCCL INFO Connected to proxy localRank 0 -> connection 0x7f5f4c005098
MOC-R4PCC04U05:640282:640492 [3] NCCL INFO New proxy send connection 2 from local rank 3, transport 2
MOC-R4PCC04U05:640282:640497 [3] NCCL INFO Connected to proxy localRank 3 -> connection 0x7fb3f4005020
MOC-R4PCC04U05:640282:640497 [3] NCCL INFO Channel 00/0 : 3[3] -> 6[2] [send] via NET/IB/1
MOC-R4PCC04U05:640282:640497 [3] NCCL INFO GPU Direct RDMA Disabled for GPU 3 / HCA 1 (distance 7 > 0)
MOC-R4PCC04U05:640282:640492 [3] NCCL INFO New proxy send connection 3 from local rank 3, transport 2
MOC-R4PCC04U05:640282:640497 [3] NCCL INFO Connected to proxy localRank 3 -> connection 0x7fb3f4005098
MOC-R4PCC04U05:640282:640497 [3] NCCL INFO Channel 02/0 : 3[3] -> 6[2] [send] via NET/IB/1
MOC-R4PCC04U05:640279:640494 [0] NCCL INFO New proxy recv connection 4 from local rank 0, transport 0
MOC-R4PCC04U05:640279:640499 [0] NCCL INFO Connected to proxy localRank 0 -> connection 0x7f5f4c005110
MOC-R4PCC04U05:640279:640494 [0] NCCL INFO New proxy recv connection 5 from local rank 0, transport 0
MOC-R4PCC04U05:640279:640499 [0] NCCL INFO Connected to proxy localRank 0 -> connection 0x7f5f4c005188
MOC-R4PCC04U05:640279:640494 [0] NCCL INFO New proxy recv connection 6 from local rank 0, transport 0
MOC-R4PCC04U05:640279:640499 [0] NCCL INFO Connected to proxy localRank 0 -> connection 0x7f5f4c005200
MOC-R4PCC04U05:640281:640489 [2] NCCL INFO New proxy recv connection 2 from local rank 2, transport 2
MOC-R4PCC04U05:640281:640496 [2] NCCL INFO Connected to proxy localRank 2 -> connection 0x7f5104005020
MOC-R4PCC04U05:640279:640494 [0] NCCL INFO New proxy recv connection 7 from local rank 0, transport 0
MOC-R4PCC04U05:640279:640499 [0] NCCL INFO Connected to proxy localRank 0 -> connection 0x7f5f4c005278
MOC-R4PCC04U05:640281:640496 [2] NCCL INFO Channel 00/0 : 15[3] -> 2[2] [receive] via NET/IB/1
MOC-R4PCC04U05:640281:640496 [2] NCCL INFO GPU Direct RDMA Disabled for GPU 2 / HCA 1 (distance 7 > 0)
MOC-R4PCC04U05:640281:640489 [2] NCCL INFO New proxy recv connection 3 from local rank 2, transport 2
MOC-R4PCC04U05:640281:640496 [2] NCCL INFO Connected to proxy localRank 2 -> connection 0x7f5104005098
MOC-R4PCC04U05:640281:640496 [2] NCCL INFO Channel 02/0 : 15[3] -> 2[2] [receive] via NET/IB/1
MOC-R4PCC04U05:640281:640496 [2] NCCL INFO GPU Direct RDMA Disabled for GPU 2 / HCA 1 (distance 7 > 0)
MOC-R4PCC04U05:640281:640489 [2] NCCL INFO New proxy send connection 4 from local rank 2, transport 2
MOC-R4PCC04U05:640281:640496 [2] NCCL INFO Connected to proxy localRank 2 -> connection 0x7f5104005110
MOC-R4PCC04U05:640281:640496 [2] NCCL INFO Channel 01/0 : 2[2] -> 7[3] [send] via NET/IB/1
MOC-R4PCC04U05:640281:640496 [2] NCCL INFO GPU Direct RDMA Disabled for GPU 2 / HCA 1 (distance 7 > 0)
MOC-R4PCC04U05:640281:640489 [2] NCCL INFO New proxy send connection 5 from local rank 2, transport 2
MOC-R4PCC04U05:640281:640496 [2] NCCL INFO Connected to proxy localRank 2 -> connection 0x7f5104005188
MOC-R4PCC04U05:640281:640496 [2] NCCL INFO Channel 03/0 : 2[2] -> 7[3] [send] via NET/IB/1
MOC-R4PCC04U05:640281:640489 [2] NCCL INFO New proxy send connection 6 from local rank 2, transport 0
MOC-R4PCC04U05:640281:640496 [2] NCCL INFO Connected to proxy localRank 2 -> connection 0x7f5104005200
MOC-R4PCC04U05:640281:640489 [2] NCCL INFO New proxy send connection 7 from local rank 2, transport 0
MOC-R4PCC04U05:640281:640496 [2] NCCL INFO Connected to proxy localRank 2 -> connection 0x7f5104005278
MOC-R4PCC04U05:640282:640497 [3] NCCL INFO GPU Direct RDMA Disabled for GPU 3 / HCA 1 (distance 7 > 0)
MOC-R4PCC04U05:640282:640492 [3] NCCL INFO New proxy recv connection 4 from local rank 3, transport 2
MOC-R4PCC04U05:640282:640497 [3] NCCL INFO Connected to proxy localRank 3 -> connection 0x7fb3f4005110
MOC-R4PCC04U05:640282:640497 [3] NCCL INFO Channel 01/0 : 14[2] -> 3[3] [receive] via NET/IB/1
MOC-R4PCC04U05:640282:640497 [3] NCCL INFO GPU Direct RDMA Disabled for GPU 3 / HCA 1 (distance 7 > 0)
MOC-R4PCC04U05:640282:640492 [3] NCCL INFO New proxy recv connection 5 from local rank 3, transport 2
MOC-R4PCC04U05:640282:640497 [3] NCCL INFO Connected to proxy localRank 3 -> connection 0x7fb3f4005188
MOC-R4PCC04U05:640282:640497 [3] NCCL INFO Channel 03/0 : 14[2] -> 3[3] [receive] via NET/IB/1
MOC-R4PCC04U05:640282:640492 [3] NCCL INFO New proxy send connection 6 from local rank 3, transport 0
MOC-R4PCC04U05:640282:640497 [3] NCCL INFO Connected to proxy localRank 3 -> connection 0x7fb3f4005200
MOC-R4PCC04U05:640282:640492 [3] NCCL INFO New proxy send connection 7 from local rank 3, transport 0
MOC-R4PCC04U05:640282:640497 [3] NCCL INFO Connected to proxy localRank 3 -> connection 0x7fb3f4005278
MOC-R4PCC04U05:640280:640488 [1] NCCL INFO New proxy recv connection 2 from local rank 1, transport 0
MOC-R4PCC04U05:640280:640498 [1] NCCL INFO Connected to proxy localRank 1 -> connection 0x7fe2b4005020
MOC-R4PCC04U05:640279:640494 [0] NCCL INFO New proxy send connection 8 from local rank 3, transport 0
MOC-R4PCC04U05:640282:640497 [3] NCCL INFO Connected to proxy localRank 0 -> connection 0x7f5f4c0052f0
MOC-R4PCC04U05:640280:640488 [1] NCCL INFO New proxy recv connection 3 from local rank 1, transport 0
MOC-R4PCC04U05:640280:640498 [1] NCCL INFO Connected to proxy localRank 1 -> connection 0x7fe2b4005098
MOC-R4PCC04U05:640280:640488 [1] NCCL INFO New proxy send connection 4 from local rank 1, transport 0
MOC-R4PCC04U05:640280:640498 [1] NCCL INFO Connected to proxy localRank 1 -> connection 0x7fe2b4005110
MOC-R4PCC04U05:640280:640488 [1] NCCL INFO New proxy send connection 5 from local rank 1, transport 0
MOC-R4PCC04U05:640280:640498 [1] NCCL INFO Connected to proxy localRank 1 -> connection 0x7fe2b4005188
MOC-R4PCC04U05:640280:640488 [1] NCCL INFO New proxy send connection 6 from local rank 1, transport 0
MOC-R4PCC04U05:640280:640498 [1] NCCL INFO Connected to proxy localRank 1 -> connection 0x7fe2b4005200
MOC-R4PCC04U05:640280:640488 [1] NCCL INFO New proxy send connection 7 from local rank 1, transport 0
MOC-R4PCC04U05:640280:640498 [1] NCCL INFO Connected to proxy localRank 1 -> connection 0x7fe2b4005278
MOC-R4PCC04U05:640280:640488 [1] NCCL INFO New proxy send connection 8 from local rank 3, transport 0
MOC-R4PCC04U05:640282:640497 [3] NCCL INFO Connected to proxy localRank 1 -> connection 0x7fe2b40052f0
MOC-R4PCC04U05:640282:640492 [3] NCCL INFO New proxy send connection 8 from local rank 1, transport 0
MOC-R4PCC04U05:640279:640494 [0] NCCL INFO New proxy send connection 9 from local rank 2, transport 0
MOC-R4PCC04U05:640280:640498 [1] NCCL INFO Connected to proxy localRank 3 -> connection 0x7fb3f40052f0
MOC-R4PCC04U05:640281:640496 [2] NCCL INFO Connected to proxy localRank 0 -> connection 0x7f5f4c005368
MOC-R4PCC04U05:640281:640489 [2] NCCL INFO New proxy send connection 8 from local rank 0, transport 0
MOC-R4PCC04U05:640279:640499 [0] NCCL INFO Connected to proxy localRank 2 -> connection 0x7f51040052f0
MOC-R4PCC04U05:640279:640494 [0] NCCL INFO New proxy send connection 10 from local rank 1, transport 0
MOC-R4PCC04U05:640280:640498 [1] NCCL INFO Connected to proxy localRank 0 -> connection 0x7f5f4c0053e0
MOC-R4PCC04U05:640280:640488 [1] NCCL INFO New proxy send connection 9 from local rank 2, transport 0
MOC-R4PCC04U05:640281:640496 [2] NCCL INFO Connected to proxy localRank 1 -> connection 0x7fe2b4005368
MOC-R4PCC04U05:640281:640489 [2] NCCL INFO NET/IB: NCCL Dev 1 IbDev 0 Port 1 qpn 10494 mtu 3 query_ece={supported=1, vendor_id=0x15b3, options=0x30000002, comp_mask=0x0} GID 3 (0/C132A8C0FFFF0000) fifoRkey=0x175412 fifoLkey=0x175412
MOC-R4PCC04U05:640281:640489 [2] NCCL INFO NET/IB: NCCL Dev 1 IbDev 0 Port 1 qpn 10495 mtu 3 query_ece={supported=1, vendor_id=0x15b3, options=0x30000002, comp_mask=0x0} GID 3 (0/C132A8C0FFFF0000) fifoRkey=0x177837 fifoLkey=0x177837
MOC-R4PCC04U05:640282:640492 [3] NCCL INFO NET/IB: NCCL Dev 1 IbDev 0 Port 1 qpn 10496 mtu 3 query_ece={supported=1, vendor_id=0x15b3, options=0x30000002, comp_mask=0x0} GID 3 (0/C132A8C0FFFF0000) fifoRkey=0x17a767 fifoLkey=0x17a767
MOC-R4PCC04U05:640282:640492 [3] NCCL INFO NET/IB: NCCL Dev 1 IbDev 0 Port 1 qpn 10497 mtu 3 query_ece={supported=1, vendor_id=0x15b3, options=0x30000002, comp_mask=0x0} GID 3 (0/C132A8C0FFFF0000) fifoRkey=0x17b372 fifoLkey=0x17b372
MOC-R4PCC04U05:640282:640492 [3] NCCL INFO New proxy send connection 9 from local rank 0, transport 0
MOC-R4PCC04U05:640279:640499 [0] NCCL INFO Connected to proxy localRank 3 -> connection 0x7fb3f4005368
MOC-R4PCC04U05:640281:640489 [2] NCCL INFO New proxy send connection 9 from local rank 1, transport 0
MOC-R4PCC04U05:640280:640498 [1] NCCL INFO Connected to proxy localRank 2 -> connection 0x7f5104005368
MOC-R4PCC04U05:640282:640492 [3] NCCL INFO NET/IB: IbDev 0 Port 1 qpn 10240 set_ece={supported=1, vendor_id=0x15b3, options=0x0, comp_mask=0x0}
MOC-R4PCC04U05:640282:640492 [3] NCCL INFO NET/IB: IbDev 0 Port 1 qpn 10242 set_ece={supported=1, vendor_id=0x15b3, options=0x0, comp_mask=0x0}
MOC-R4PCC04U05:640280:640488 [1] NCCL INFO New proxy send connection 10 from local rank 0, transport 0
MOC-R4PCC04U05:640279:640499 [0] NCCL INFO Connected to proxy localRank 1 -> connection 0x7fe2b40053e0
MOC-R4PCC04U05:640281:640489 [2] NCCL INFO NET/IB: IbDev 0 Port 1 qpn 10245 set_ece={supported=1, vendor_id=0x15b3, options=0x0, comp_mask=0x0}
MOC-R4PCC04U05:640281:640489 [2] NCCL INFO NET/IB: IbDev 0 Port 1 qpn 10248 set_ece={supported=1, vendor_id=0x15b3, options=0x0, comp_mask=0x0}
num decayed parameter tensors: 50, with 124,318,464 parameters
num non-decayed parameter tensors: 98, with 121,344 parameters
using fused AdamW: False
using regular AdamW
MOC-R4PCC04U05:640279:640494 [0] NCCL INFO New proxy send connection 11 from local rank 0, transport 0
MOC-R4PCC04U05:640279:641123 [0] NCCL INFO Connected to proxy localRank 0 -> connection 0x7f5f4c005458
MOC-R4PCC04U05:640279:640494 [0] NCCL INFO New proxy send connection 12 from local rank 0, transport 0
MOC-R4PCC04U05:640279:641123 [0] NCCL INFO Connected to proxy localRank 0 -> connection 0x7f5f4c0054d0
MOC-R4PCC04U05:640279:640494 [0] NCCL INFO New proxy send connection 13 from local rank 0, transport 0
MOC-R4PCC04U05:640279:641123 [0] NCCL INFO Connected to proxy localRank 0 -> connection 0x7f5f4c005548
MOC-R4PCC04U05:640279:640494 [0] NCCL INFO New proxy send connection 14 from local rank 0, transport 0
MOC-R4PCC04U05:640279:641123 [0] NCCL INFO Connected to proxy localRank 0 -> connection 0x7f5f4c0055c0
MOC-R4PCC04U05:640280:640488 [1] NCCL INFO New proxy recv connection 11 from local rank 1, transport 0
MOC-R4PCC04U05:640280:641124 [1] NCCL INFO Connected to proxy localRank 1 -> connection 0x7fe2b4005458
MOC-R4PCC04U05:640280:640488 [1] NCCL INFO New proxy recv connection 12 from local rank 1, transport 0
MOC-R4PCC04U05:640280:641124 [1] NCCL INFO Connected to proxy localRank 1 -> connection 0x7fe2b40054d0
MOC-R4PCC04U05:640280:640488 [1] NCCL INFO New proxy recv connection 13 from local rank 1, transport 0
MOC-R4PCC04U05:640280:641124 [1] NCCL INFO Connected to proxy localRank 1 -> connection 0x7fe2b4005548
MOC-R4PCC04U05:640280:640488 [1] NCCL INFO New proxy recv connection 14 from local rank 1, transport 0
MOC-R4PCC04U05:640280:641124 [1] NCCL INFO Connected to proxy localRank 1 -> connection 0x7fe2b40055c0
MOC-R4PCC04U05:640280:640488 [1] NCCL INFO New proxy send connection 15 from local rank 1, transport 0
MOC-R4PCC04U05:640280:641124 [1] NCCL INFO Connected to proxy localRank 1 -> connection 0x7fe2b4005638
MOC-R4PCC04U05:640280:640488 [1] NCCL INFO New proxy send connection 16 from local rank 1, transport 0
MOC-R4PCC04U05:640280:641124 [1] NCCL INFO Connected to proxy localRank 1 -> connection 0x7fe2b40056b0
MOC-R4PCC04U05:640280:640488 [1] NCCL INFO New proxy send connection 17 from local rank 1, transport 0
MOC-R4PCC04U05:640280:641124 [1] NCCL INFO Connected to proxy localRank 1 -> connection 0x7fe2b4005728
MOC-R4PCC04U05:640280:640488 [1] NCCL INFO New proxy send connection 18 from local rank 1, transport 0
MOC-R4PCC04U05:640280:641124 [1] NCCL INFO Connected to proxy localRank 1 -> connection 0x7fe2b40057a0
MOC-R4PCC04U05:640279:640494 [0] NCCL INFO New proxy send connection 15 from local rank 0, transport 0
MOC-R4PCC04U05:640279:641123 [0] NCCL INFO Connected to proxy localRank 0 -> connection 0x7f5f4c005638
MOC-R4PCC04U05:640279:640494 [0] NCCL INFO New proxy send connection 16 from local rank 0, transport 0
MOC-R4PCC04U05:640279:641123 [0] NCCL INFO Connected to proxy localRank 0 -> connection 0x7f5f4c0056b0
MOC-R4PCC04U05:640282:640492 [3] NCCL INFO New proxy recv connection 10 from local rank 3, transport 0
MOC-R4PCC04U05:640282:641125 [3] NCCL INFO Connected to proxy localRank 3 -> connection 0x7fb3f40053e0
MOC-R4PCC04U05:640282:640492 [3] NCCL INFO New proxy recv connection 11 from local rank 3, transport 0
MOC-R4PCC04U05:640282:641125 [3] NCCL INFO Connected to proxy localRank 3 -> connection 0x7fb3f4005458
MOC-R4PCC04U05:640279:640494 [0] NCCL INFO New proxy recv connection 17 from local rank 0, transport 0
MOC-R4PCC04U05:640282:641125 [3] NCCL INFO GPU Direct RDMA Disabled for GPU 3 / HCA 1 (distance 7 > 0)
MOC-R4PCC04U05:640279:641123 [0] NCCL INFO Connected to proxy localRank 0 -> connection 0x7f5f4c005728
MOC-R4PCC04U05:640282:640492 [3] NCCL INFO New proxy send connection 12 from local rank 3, transport 2
MOC-R4PCC04U05:640282:641125 [3] NCCL INFO Connected to proxy localRank 3 -> connection 0x7fb3f40054d0
MOC-R4PCC04U05:640282:641125 [3] NCCL INFO Channel 02/0 : 3[3] -> 7[3] [send] via NET/IB/1
MOC-R4PCC04U05:640282:641125 [3] NCCL INFO GPU Direct RDMA Disabled for GPU 3 / HCA 1 (distance 7 > 0)
MOC-R4PCC04U05:640282:640492 [3] NCCL INFO New proxy send connection 13 from local rank 3, transport 2
MOC-R4PCC04U05:640282:641125 [3] NCCL INFO Connected to proxy localRank 3 -> connection 0x7fb3f4005548
MOC-R4PCC04U05:640282:641125 [3] NCCL INFO Channel 03/0 : 3[3] -> 7[3] [send] via NET/IB/1
MOC-R4PCC04U05:640279:640494 [0] NCCL INFO New proxy recv connection 18 from local rank 0, transport 0
MOC-R4PCC04U05:640279:641123 [0] NCCL INFO Connected to proxy localRank 0 -> connection 0x7f5f4c0057a0
MOC-R4PCC04U05:640279:640494 [0] NCCL INFO New proxy recv connection 19 from local rank 0, transport 0
MOC-R4PCC04U05:640279:641123 [0] NCCL INFO Connected to proxy localRank 0 -> connection 0x7f5f4c005818
MOC-R4PCC04U05:640282:641125 [3] NCCL INFO GPU Direct RDMA Disabled for GPU 3 / HCA 1 (distance 7 > 0)
MOC-R4PCC04U05:640282:640492 [3] NCCL INFO New proxy recv connection 14 from local rank 3, transport 2
MOC-R4PCC04U05:640282:641125 [3] NCCL INFO Connected to proxy localRank 3 -> connection 0x7fb3f40055c0
MOC-R4PCC04U05:640282:641125 [3] NCCL INFO Channel 00/0 : 11[3] -> 3[3] [receive] via NET/IB/1
MOC-R4PCC04U05:640282:641125 [3] NCCL INFO GPU Direct RDMA Disabled for GPU 3 / HCA 1 (distance 7 > 0)
MOC-R4PCC04U05:640282:640492 [3] NCCL INFO New proxy recv connection 15 from local rank 3, transport 2
MOC-R4PCC04U05:640279:640494 [0] NCCL INFO New proxy recv connection 20 from local rank 0, transport 0
MOC-R4PCC04U05:640282:641125 [3] NCCL INFO Connected to proxy localRank 3 -> connection 0x7fb3f4005638
MOC-R4PCC04U05:640279:641123 [0] NCCL INFO Connected to proxy localRank 0 -> connection 0x7f5f4c005890
MOC-R4PCC04U05:640282:641125 [3] NCCL INFO Channel 01/0 : 11[3] -> 3[3] [receive] via NET/IB/1
MOC-R4PCC04U05:640282:641125 [3] NCCL INFO GPU Direct RDMA Disabled for GPU 3 / HCA 1 (distance 7 > 0)
MOC-R4PCC04U05:640282:640492 [3] NCCL INFO New proxy send connection 16 from local rank 3, transport 2
MOC-R4PCC04U05:640282:641125 [3] NCCL INFO Connected to proxy localRank 3 -> connection 0x7fb3f40056b0
MOC-R4PCC04U05:640282:641125 [3] NCCL INFO Channel 00/0 : 3[3] -> 11[3] [send] via NET/IB/1
MOC-R4PCC04U05:640282:641125 [3] NCCL INFO GPU Direct RDMA Disabled for GPU 3 / HCA 1 (distance 7 > 0)
MOC-R4PCC04U05:640282:640492 [3] NCCL INFO New proxy send connection 17 from local rank 3, transport 2
MOC-R4PCC04U05:640282:641125 [3] NCCL INFO Connected to proxy localRank 3 -> connection 0x7fb3f4005728
MOC-R4PCC04U05:640282:641125 [3] NCCL INFO Channel 01/0 : 3[3] -> 11[3] [send] via NET/IB/1
MOC-R4PCC04U05:640282:641125 [3] NCCL INFO GPU Direct RDMA Disabled for GPU 3 / HCA 1 (distance 7 > 0)
MOC-R4PCC04U05:640282:640492 [3] NCCL INFO New proxy recv connection 18 from local rank 3, transport 2
MOC-R4PCC04U05:640282:641125 [3] NCCL INFO Connected to proxy localRank 3 -> connection 0x7fb3f40057a0
MOC-R4PCC04U05:640282:641125 [3] NCCL INFO Channel 02/0 : 7[3] -> 3[3] [receive] via NET/IB/1
MOC-R4PCC04U05:640282:641125 [3] NCCL INFO GPU Direct RDMA Disabled for GPU 3 / HCA 1 (distance 7 > 0)
MOC-R4PCC04U05:640282:640492 [3] NCCL INFO New proxy recv connection 19 from local rank 3, transport 2
MOC-R4PCC04U05:640282:641125 [3] NCCL INFO Connected to proxy localRank 3 -> connection 0x7fb3f4005818
MOC-R4PCC04U05:640282:641125 [3] NCCL INFO Channel 03/0 : 7[3] -> 3[3] [receive] via NET/IB/1
MOC-R4PCC04U05:640282:640492 [3] NCCL INFO New proxy send connection 20 from local rank 3, transport 0
MOC-R4PCC04U05:640282:641125 [3] NCCL INFO Connected to proxy localRank 3 -> connection 0x7fb3f4005890
MOC-R4PCC04U05:640282:640492 [3] NCCL INFO New proxy send connection 21 from local rank 3, transport 0
MOC-R4PCC04U05:640282:641125 [3] NCCL INFO Connected to proxy localRank 3 -> connection 0x7fb3f4005908
MOC-R4PCC04U05:640282:640492 [3] NCCL INFO New proxy send connection 22 from local rank 3, transport 0
MOC-R4PCC04U05:640282:641125 [3] NCCL INFO Connected to proxy localRank 3 -> connection 0x7fb3f4005980
MOC-R4PCC04U05:640282:640492 [3] NCCL INFO New proxy send connection 23 from local rank 3, transport 0
MOC-R4PCC04U05:640282:641125 [3] NCCL INFO Connected to proxy localRank 3 -> connection 0x7fb3f40059f8
MOC-R4PCC04U05:640281:640489 [2] NCCL INFO New proxy recv connection 10 from local rank 2, transport 0
MOC-R4PCC04U05:640281:641126 [2] NCCL INFO Connected to proxy localRank 2 -> connection 0x7f51040053e0
MOC-R4PCC04U05:640281:640489 [2] NCCL INFO New proxy recv connection 11 from local rank 2, transport 0
MOC-R4PCC04U05:640281:641126 [2] NCCL INFO Connected to proxy localRank 2 -> connection 0x7f5104005458
MOC-R4PCC04U05:640281:640489 [2] NCCL INFO New proxy recv connection 12 from local rank 2, transport 0
MOC-R4PCC04U05:640281:641126 [2] NCCL INFO Connected to proxy localRank 2 -> connection 0x7f51040054d0
MOC-R4PCC04U05:640281:640489 [2] NCCL INFO New proxy recv connection 13 from local rank 2, transport 0
MOC-R4PCC04U05:640281:641126 [2] NCCL INFO Connected to proxy localRank 2 -> connection 0x7f5104005548
MOC-R4PCC04U05:640281:640489 [2] NCCL INFO New proxy send connection 14 from local rank 2, transport 0
MOC-R4PCC04U05:640281:641126 [2] NCCL INFO Connected to proxy localRank 2 -> connection 0x7f51040055c0
MOC-R4PCC04U05:640280:640488 [1] NCCL INFO New proxy recv connection 19 from local rank 1, transport 0
MOC-R4PCC04U05:640280:641124 [1] NCCL INFO Connected to proxy localRank 1 -> connection 0x7fe2b4005818
MOC-R4PCC04U05:640281:640489 [2] NCCL INFO New proxy send connection 15 from local rank 2, transport 0
MOC-R4PCC04U05:640281:641126 [2] NCCL INFO Connected to proxy localRank 2 -> connection 0x7f5104005638
MOC-R4PCC04U05:640280:640488 [1] NCCL INFO New proxy recv connection 20 from local rank 1, transport 0
MOC-R4PCC04U05:640280:641124 [1] NCCL INFO Connected to proxy localRank 1 -> connection 0x7fe2b4005890
MOC-R4PCC04U05:640282:640492 [3] NCCL INFO NET/IB: NCCL Dev 1 IbDev 0 Port 1 qpn 10502 mtu 3 query_ece={supported=1, vendor_id=0x15b3, options=0x30000002, comp_mask=0x0} GID 3 (0/C132A8C0FFFF0000) fifoRkey=0x179c5b fifoLkey=0x179c5b
MOC-R4PCC04U05:640282:640492 [3] NCCL INFO NET/IB: NCCL Dev 1 IbDev 0 Port 1 qpn 10505 mtu 3 query_ece={supported=1, vendor_id=0x15b3, options=0x30000002, comp_mask=0x0} GID 3 (0/C132A8C0FFFF0000) fifoRkey=0x17d796 fifoLkey=0x17d796
MOC-R4PCC04U05:640282:640492 [3] NCCL INFO NET/IB: IbDev 0 Port 1 qpn 10253 set_ece={supported=1, vendor_id=0x15b3, options=0x0, comp_mask=0x0}
MOC-R4PCC04U05:640282:640492 [3] NCCL INFO NET/IB: NCCL Dev 1 IbDev 0 Port 1 qpn 10506 mtu 3 query_ece={supported=1, vendor_id=0x15b3, options=0x30000002, comp_mask=0x0} GID 3 (0/C132A8C0FFFF0000) fifoRkey=0x172eed fifoLkey=0x172eed
MOC-R4PCC04U05:640282:640492 [3] NCCL INFO NET/IB: IbDev 0 Port 1 qpn 10256 set_ece={supported=1, vendor_id=0x15b3, options=0x0, comp_mask=0x0}
MOC-R4PCC04U05:640282:640492 [3] NCCL INFO NET/IB: IbDev 0 Port 1 qpn 7703 set_ece={supported=1, vendor_id=0x15b3, options=0x0, comp_mask=0x0}
MOC-R4PCC04U05:640282:640492 [3] NCCL INFO NET/IB: NCCL Dev 1 IbDev 0 Port 1 qpn 10511 mtu 3 query_ece={supported=1, vendor_id=0x15b3, options=0x30000002, comp_mask=0x0} GID 3 (0/C132A8C0FFFF0000) fifoRkey=0x17e1a0 fifoLkey=0x17e1a0
MOC-R4PCC04U05:640282:640492 [3] NCCL INFO NET/IB: IbDev 0 Port 1 qpn 7712 set_ece={supported=1, vendor_id=0x15b3, options=0x0, comp_mask=0x0}
step    1/10 | train loss 11.010115 | norm 15.2906 | lr 1.00e-04 | (14305.55 ms | 256545 tok/s)
step    2/10 | train loss 10.140856 | norm 5.7211 | lr 1.00e-04 | (584.54 ms | 6278431 tok/s)
step    3/10 | train loss 9.801552 | norm 2.5941 | lr 1.00e-04 | (583.04 ms | 6294634 tok/s)
step    4/10 | train loss 9.632924 | norm 2.0997 | lr 1.00e-04 | (584.26 ms | 6281470 tok/s)
step    5/10 | train loss 9.550362 | norm 2.0944 | lr 1.00e-04 | (579.90 ms | 6328707 tok/s)
step    6/10 | train loss 9.469849 | norm 1.9874 | lr 1.00e-04 | (582.48 ms | 6300668 tok/s)
step    7/10 | train loss 9.385088 | norm 1.9374 | lr 1.00e-04 | (581.60 ms | 6310186 tok/s)
step    8/10 | train loss 9.294358 | norm 1.9058 | lr 1.00e-04 | (584.19 ms | 6282213 tok/s)
step    9/10 | train loss 9.199846 | norm 1.8538 | lr 1.00e-04 | (582.80 ms | 6297202 tok/s)
step   10/10 | train loss 9.114296 | norm 1.7841 | lr 1.00e-04 | (584.81 ms | 6275613 tok/s)
final 9 iters avg: 583.069ms
peak memory consumption: 16601 MiB
