Running pytorch 2.7.0+cu126
using device: cuda:0
total desired batch size: 1048576
=> calculated gradient accumulation steps: 4
using device: cuda:2
using device: cuda:3
using device: cuda:1
compiling the model...
DataLoader: total number of tokens: 1,661,249,667 across 103 files
MOC-R4PCC04U05:449955:449955 [0] NCCL INFO NCCL_SOCKET_IFNAME set to eno7np0
MOC-R4PCC04U05:449955:449955 [0] NCCL INFO NCCL version 2.26.2+cuda12.2
MOC-R4PCC04U05:449957:449957 [2] NCCL INFO NCCL_SOCKET_IFNAME set to eno7np0
MOC-R4PCC04U05:449957:449957 [2] NCCL INFO NCCL version 2.26.2+cuda12.2
MOC-R4PCC04U05:449955:449996 [0] NCCL INFO NET/Plugin: Could not find: libnccl-net.so. Using internal net plugin.
MOC-R4PCC04U05:449955:449996 [0] NCCL INFO NCCL_IB_HCA set to mlx5_5
MOC-R4PCC04U05:449958:449958 [3] NCCL INFO NCCL_SOCKET_IFNAME set to eno7np0
MOC-R4PCC04U05:449958:449958 [3] NCCL INFO NCCL version 2.26.2+cuda12.2
MOC-R4PCC04U05:449955:449996 [0] NCCL INFO NET/IB : Made virtual device [0] name=mlx5_5 speed=400000 ndevs=1
MOC-R4PCC04U05:449955:449996 [0] NCCL INFO NET/IB : Using [0]mlx5_5:1/RoCE [RO]; OOB eno7np0:192.168.50.193<0>
MOC-R4PCC04U05:449956:449956 [1] NCCL INFO NCCL_SOCKET_IFNAME set to eno7np0
MOC-R4PCC04U05:449956:449956 [1] NCCL INFO NCCL version 2.26.2+cuda12.2
MOC-R4PCC04U05:449957:449997 [2] NCCL INFO NET/Plugin: Could not find: libnccl-net.so. Using internal net plugin.
MOC-R4PCC04U05:449957:449997 [2] NCCL INFO NCCL_IB_HCA set to mlx5_5
MOC-R4PCC04U05:449958:449998 [3] NCCL INFO NET/Plugin: Could not find: libnccl-net.so. Using internal net plugin.
MOC-R4PCC04U05:449958:449998 [3] NCCL INFO NCCL_IB_HCA set to mlx5_5
MOC-R4PCC04U05:449957:449997 [2] NCCL INFO NET/IB : Made virtual device [0] name=mlx5_5 speed=400000 ndevs=1
MOC-R4PCC04U05:449957:449997 [2] NCCL INFO NET/IB : Using [0]mlx5_5:1/RoCE [RO]; OOB eno7np0:192.168.50.193<0>
MOC-R4PCC04U05:449958:449998 [3] NCCL INFO NET/IB : Made virtual device [0] name=mlx5_5 speed=400000 ndevs=1
MOC-R4PCC04U05:449958:449998 [3] NCCL INFO NET/IB : Using [0]mlx5_5:1/RoCE [RO]; OOB eno7np0:192.168.50.193<0>
MOC-R4PCC04U05:449956:450000 [1] NCCL INFO NET/Plugin: Could not find: libnccl-net.so. Using internal net plugin.
MOC-R4PCC04U05:449956:450000 [1] NCCL INFO NCCL_IB_HCA set to mlx5_5
MOC-R4PCC04U05:449956:450000 [1] NCCL INFO NET/IB : Made virtual device [0] name=mlx5_5 speed=400000 ndevs=1
MOC-R4PCC04U05:449956:450000 [1] NCCL INFO NET/IB : Using [0]mlx5_5:1/RoCE [RO]; OOB eno7np0:192.168.50.193<0>
MOC-R4PCC04U05:449956:450000 [1] NCCL INFO NET/IB : GPU Direct RDMA Enabled for HCA 0 'mlx5_5'
MOC-R4PCC04U05:449956:450000 [1] NCCL INFO NET/IB : Made virtual device [1] name=mlx5_5 speed=400000 ndevs=1
MOC-R4PCC04U05:449956:450000 [1] NCCL INFO NET/IB : GPU Direct RDMA Enabled for HCA 0 'mlx5_5'
MOC-R4PCC04U05:449956:450000 [1] NCCL INFO NET/IB : GPU Direct RDMA Enabled for HCA 1 'mlx5_5'
MOC-R4PCC04U05:449958:449998 [3] NCCL INFO NET/IB : GPU Direct RDMA Enabled for HCA 0 'mlx5_5'
MOC-R4PCC04U05:449955:449996 [0] NCCL INFO NET/IB : GPU Direct RDMA Enabled for HCA 0 'mlx5_5'
MOC-R4PCC04U05:449958:449998 [3] NCCL INFO NET/IB : Made virtual device [1] name=mlx5_5 speed=400000 ndevs=1
MOC-R4PCC04U05:449958:449998 [3] NCCL INFO NET/IB : GPU Direct RDMA Enabled for HCA 0 'mlx5_5'
MOC-R4PCC04U05:449958:449998 [3] NCCL INFO NET/IB : GPU Direct RDMA Enabled for HCA 1 'mlx5_5'
MOC-R4PCC04U05:449955:449996 [0] NCCL INFO NET/IB : Made virtual device [1] name=mlx5_5 speed=400000 ndevs=1
MOC-R4PCC04U05:449955:449996 [0] NCCL INFO NET/IB : GPU Direct RDMA Enabled for HCA 0 'mlx5_5'
MOC-R4PCC04U05:449955:449996 [0] NCCL INFO NET/IB : GPU Direct RDMA Enabled for HCA 1 'mlx5_5'
MOC-R4PCC04U05:449957:449997 [2] NCCL INFO NET/IB : GPU Direct RDMA Enabled for HCA 0 'mlx5_5'
MOC-R4PCC04U05:449957:449997 [2] NCCL INFO NET/IB : Made virtual device [1] name=mlx5_5 speed=400000 ndevs=1
MOC-R4PCC04U05:449957:449997 [2] NCCL INFO NET/IB : GPU Direct RDMA Enabled for HCA 0 'mlx5_5'
MOC-R4PCC04U05:449957:449997 [2] NCCL INFO NET/IB : GPU Direct RDMA Enabled for HCA 1 'mlx5_5'
MOC-R4PCC04U05:449955:449996 [0] NCCL INFO GPU Direct RDMA Enabled for GPU 0 / HCA 1 (distance 5 <= 5), read 0 mode Default
MOC-R4PCC04U05:449955:449996 [0] NCCL INFO GPU Direct RDMA Enabled for GPU 1 / HCA 1 (distance 5 <= 5), read 0 mode Default
MOC-R4PCC04U05:449955:449996 [0] NCCL INFO GPU Direct RDMA Enabled for GPU 2 / HCA 1 (distance 5 <= 5), read 0 mode Default
MOC-R4PCC04U05:449955:449996 [0] NCCL INFO GPU Direct RDMA Enabled for GPU 3 / HCA 1 (distance 5 <= 5), read 0 mode Default
MOC-R4PCC04U05:449955:449996 [0] NCCL INFO GPU Direct RDMA Enabled for GPU 0 / HCA 1 (distance 5 <= 5), read 0 mode Default
MOC-R4PCC04U05:449955:449996 [0] NCCL INFO GPU Direct RDMA Enabled for GPU 1 / HCA 1 (distance 5 <= 5), read 0 mode Default
MOC-R4PCC04U05:449955:449996 [0] NCCL INFO GPU Direct RDMA Enabled for GPU 2 / HCA 1 (distance 5 <= 5), read 0 mode Default
MOC-R4PCC04U05:449955:449996 [0] NCCL INFO GPU Direct RDMA Enabled for GPU 3 / HCA 1 (distance 5 <= 5), read 0 mode Default
MOC-R4PCC04U05:449956:450000 [1] NCCL INFO GPU Direct RDMA Enabled for GPU 0 / HCA 1 (distance 5 <= 5), read 0 mode Default
MOC-R4PCC04U05:449956:450000 [1] NCCL INFO GPU Direct RDMA Enabled for GPU 1 / HCA 1 (distance 5 <= 5), read 0 mode Default
MOC-R4PCC04U05:449956:450000 [1] NCCL INFO GPU Direct RDMA Enabled for GPU 2 / HCA 1 (distance 5 <= 5), read 0 mode Default
MOC-R4PCC04U05:449956:450000 [1] NCCL INFO GPU Direct RDMA Enabled for GPU 3 / HCA 1 (distance 5 <= 5), read 0 mode Default
MOC-R4PCC04U05:449958:449998 [3] NCCL INFO GPU Direct RDMA Enabled for GPU 0 / HCA 1 (distance 5 <= 5), read 0 mode Default
MOC-R4PCC04U05:449958:449998 [3] NCCL INFO GPU Direct RDMA Enabled for GPU 1 / HCA 1 (distance 5 <= 5), read 0 mode Default
MOC-R4PCC04U05:449958:449998 [3] NCCL INFO GPU Direct RDMA Enabled for GPU 2 / HCA 1 (distance 5 <= 5), read 0 mode Default
MOC-R4PCC04U05:449958:449998 [3] NCCL INFO GPU Direct RDMA Enabled for GPU 3 / HCA 1 (distance 5 <= 5), read 0 mode Default
MOC-R4PCC04U05:449956:450000 [1] NCCL INFO GPU Direct RDMA Enabled for GPU 0 / HCA 1 (distance 5 <= 5), read 0 mode Default
MOC-R4PCC04U05:449956:450000 [1] NCCL INFO GPU Direct RDMA Enabled for GPU 1 / HCA 1 (distance 5 <= 5), read 0 mode Default
MOC-R4PCC04U05:449956:450000 [1] NCCL INFO GPU Direct RDMA Enabled for GPU 2 / HCA 1 (distance 5 <= 5), read 0 mode Default
MOC-R4PCC04U05:449956:450000 [1] NCCL INFO GPU Direct RDMA Enabled for GPU 3 / HCA 1 (distance 5 <= 5), read 0 mode Default
MOC-R4PCC04U05:449958:449998 [3] NCCL INFO GPU Direct RDMA Enabled for GPU 0 / HCA 1 (distance 5 <= 5), read 0 mode Default
MOC-R4PCC04U05:449958:449998 [3] NCCL INFO GPU Direct RDMA Enabled for GPU 1 / HCA 1 (distance 5 <= 5), read 0 mode Default
MOC-R4PCC04U05:449958:449998 [3] NCCL INFO GPU Direct RDMA Enabled for GPU 2 / HCA 1 (distance 5 <= 5), read 0 mode Default
MOC-R4PCC04U05:449958:449998 [3] NCCL INFO GPU Direct RDMA Enabled for GPU 3 / HCA 1 (distance 5 <= 5), read 0 mode Default
MOC-R4PCC04U05:449957:449997 [2] NCCL INFO GPU Direct RDMA Enabled for GPU 0 / HCA 1 (distance 5 <= 5), read 0 mode Default
MOC-R4PCC04U05:449957:449997 [2] NCCL INFO GPU Direct RDMA Enabled for GPU 1 / HCA 1 (distance 5 <= 5), read 0 mode Default
MOC-R4PCC04U05:449957:449997 [2] NCCL INFO GPU Direct RDMA Enabled for GPU 2 / HCA 1 (distance 5 <= 5), read 0 mode Default
MOC-R4PCC04U05:449957:449997 [2] NCCL INFO GPU Direct RDMA Enabled for GPU 3 / HCA 1 (distance 5 <= 5), read 0 mode Default
MOC-R4PCC04U05:449957:449997 [2] NCCL INFO GPU Direct RDMA Enabled for GPU 0 / HCA 1 (distance 5 <= 5), read 0 mode Default
MOC-R4PCC04U05:449957:449997 [2] NCCL INFO GPU Direct RDMA Enabled for GPU 1 / HCA 1 (distance 5 <= 5), read 0 mode Default
MOC-R4PCC04U05:449957:449997 [2] NCCL INFO GPU Direct RDMA Enabled for GPU 2 / HCA 1 (distance 5 <= 5), read 0 mode Default
MOC-R4PCC04U05:449957:449997 [2] NCCL INFO GPU Direct RDMA Enabled for GPU 3 / HCA 1 (distance 5 <= 5), read 0 mode Default
MOC-R4PCC04U05:449957:450020 [2] NCCL INFO GPU Direct RDMA Enabled for GPU 2 / HCA 1 (distance 5 <= 5), read 0 mode Default
MOC-R4PCC04U05:449955:450015 [0] NCCL INFO New proxy send connection 0 from local rank 0, transport 0
MOC-R4PCC04U05:449955:450021 [0] NCCL INFO Connected to proxy localRank 0 -> connection 0x7f0870004f30
MOC-R4PCC04U05:449955:450015 [0] NCCL INFO New proxy send connection 1 from local rank 0, transport 0
MOC-R4PCC04U05:449955:450021 [0] NCCL INFO Connected to proxy localRank 0 -> connection 0x7f0870004fa8
MOC-R4PCC04U05:449956:450014 [1] NCCL INFO New proxy recv connection 0 from local rank 1, transport 0
MOC-R4PCC04U05:449956:450022 [1] NCCL INFO Connected to proxy localRank 1 -> connection 0x7fd52c004f30
MOC-R4PCC04U05:449958:450012 [3] NCCL INFO New proxy recv connection 0 from local rank 3, transport 0
MOC-R4PCC04U05:449958:450023 [3] NCCL INFO Connected to proxy localRank 3 -> connection 0x7f4d74004f30
MOC-R4PCC04U05:449955:450015 [0] NCCL INFO New proxy send connection 2 from local rank 0, transport 0
MOC-R4PCC04U05:449955:450021 [0] NCCL INFO Connected to proxy localRank 0 -> connection 0x7f0870005020
MOC-R4PCC04U05:449956:450014 [1] NCCL INFO New proxy recv connection 1 from local rank 1, transport 0
MOC-R4PCC04U05:449956:450022 [1] NCCL INFO Connected to proxy localRank 1 -> connection 0x7fd52c004fa8
MOC-R4PCC04U05:449956:450014 [1] NCCL INFO New proxy recv connection 2 from local rank 1, transport 0
MOC-R4PCC04U05:449956:450022 [1] NCCL INFO Connected to proxy localRank 1 -> connection 0x7fd52c005020
MOC-R4PCC04U05:449955:450015 [0] NCCL INFO New proxy send connection 3 from local rank 0, transport 0
MOC-R4PCC04U05:449958:450012 [3] NCCL INFO New proxy recv connection 1 from local rank 3, transport 0
MOC-R4PCC04U05:449955:450021 [0] NCCL INFO Connected to proxy localRank 0 -> connection 0x7f0870005098
MOC-R4PCC04U05:449958:450023 [3] NCCL INFO Connected to proxy localRank 3 -> connection 0x7f4d74004fa8
MOC-R4PCC04U05:449956:450014 [1] NCCL INFO New proxy recv connection 3 from local rank 1, transport 0
MOC-R4PCC04U05:449956:450022 [1] NCCL INFO Connected to proxy localRank 1 -> connection 0x7fd52c005098
MOC-R4PCC04U05:449958:450012 [3] NCCL INFO New proxy recv connection 2 from local rank 3, transport 0
MOC-R4PCC04U05:449958:450023 [3] NCCL INFO Connected to proxy localRank 3 -> connection 0x7f4d74005020
MOC-R4PCC04U05:449958:450012 [3] NCCL INFO New proxy recv connection 3 from local rank 3, transport 0
MOC-R4PCC04U05:449956:450014 [1] NCCL INFO New proxy send connection 4 from local rank 1, transport 0
MOC-R4PCC04U05:449958:450023 [3] NCCL INFO Connected to proxy localRank 3 -> connection 0x7f4d74005098
MOC-R4PCC04U05:449956:450022 [1] NCCL INFO Connected to proxy localRank 1 -> connection 0x7fd52c005110
MOC-R4PCC04U05:449956:450014 [1] NCCL INFO New proxy send connection 5 from local rank 1, transport 0
MOC-R4PCC04U05:449956:450022 [1] NCCL INFO Connected to proxy localRank 1 -> connection 0x7fd52c005188
MOC-R4PCC04U05:449958:450023 [3] NCCL INFO GPU Direct RDMA Enabled for GPU 3 / HCA 1 (distance 5 <= 5), read 1 mode Default
MOC-R4PCC04U05:449956:450014 [1] NCCL INFO New proxy send connection 6 from local rank 1, transport 0
MOC-R4PCC04U05:449956:450022 [1] NCCL INFO Connected to proxy localRank 1 -> connection 0x7fd52c005200
MOC-R4PCC04U05:449956:450014 [1] NCCL INFO New proxy send connection 7 from local rank 1, transport 0
MOC-R4PCC04U05:449956:450022 [1] NCCL INFO Connected to proxy localRank 1 -> connection 0x7fd52c005278
MOC-R4PCC04U05:449957:450013 [2] NCCL INFO New proxy recv connection 0 from local rank 2, transport 2
MOC-R4PCC04U05:449957:450013 [2] NCCL INFO New proxy send connection 1 from local rank 3, transport 2
MOC-R4PCC04U05:449957:450020 [2] NCCL INFO Connected to proxy localRank 2 -> connection 0x7f1d08004f30
MOC-R4PCC04U05:449958:450023 [3] NCCL INFO Connected to proxy localRank 2 -> connection 0x7f1d08004fa8
MOC-R4PCC04U05:449957:450020 [2] NCCL INFO Channel 00/0 : 7[3] -> 2[2] [receive] via NET/IB/1/GDRDMA
MOC-R4PCC04U05:449957:450020 [2] NCCL INFO GPU Direct RDMA Enabled for GPU 2 / HCA 1 (distance 5 <= 5), read 0 mode Default
MOC-R4PCC04U05:449958:450023 [3] NCCL INFO Channel 00/0 : 3[3] -> 6[2] [send] via NET/IB/1(2)/GDRDMA
MOC-R4PCC04U05:449957:450013 [2] NCCL INFO New proxy recv connection 2 from local rank 2, transport 2
MOC-R4PCC04U05:449958:450023 [3] NCCL INFO GPU Direct RDMA Enabled for GPU 3 / HCA 1 (distance 5 <= 5), read 1 mode Default
MOC-R4PCC04U05:449957:450020 [2] NCCL INFO Connected to proxy localRank 2 -> connection 0x7f1d08005020
MOC-R4PCC04U05:449957:450013 [2] NCCL INFO New proxy send connection 3 from local rank 3, transport 2
MOC-R4PCC04U05:449958:450023 [3] NCCL INFO Connected to proxy localRank 2 -> connection 0x7f1d08005098
MOC-R4PCC04U05:449957:450020 [2] NCCL INFO Channel 01/0 : 7[3] -> 2[2] [receive] via NET/IB/1/GDRDMA
MOC-R4PCC04U05:449957:450020 [2] NCCL INFO GPU Direct RDMA Enabled for GPU 2 / HCA 1 (distance 5 <= 5), read 0 mode Default
MOC-R4PCC04U05:449958:450023 [3] NCCL INFO Channel 01/0 : 3[3] -> 6[2] [send] via NET/IB/1(2)/GDRDMA
MOC-R4PCC04U05:449958:450023 [3] NCCL INFO GPU Direct RDMA Enabled for GPU 3 / HCA 1 (distance 5 <= 5), read 1 mode Default
MOC-R4PCC04U05:449957:450013 [2] NCCL INFO New proxy recv connection 4 from local rank 2, transport 2
MOC-R4PCC04U05:449957:450020 [2] NCCL INFO Connected to proxy localRank 2 -> connection 0x7f1d08005110
MOC-R4PCC04U05:449957:450013 [2] NCCL INFO New proxy send connection 5 from local rank 3, transport 2
MOC-R4PCC04U05:449958:450023 [3] NCCL INFO Connected to proxy localRank 2 -> connection 0x7f1d08005188
MOC-R4PCC04U05:449957:450020 [2] NCCL INFO Channel 02/0 : 7[3] -> 2[2] [receive] via NET/IB/1/GDRDMA
MOC-R4PCC04U05:449957:450020 [2] NCCL INFO GPU Direct RDMA Enabled for GPU 2 / HCA 1 (distance 5 <= 5), read 0 mode Default
MOC-R4PCC04U05:449958:450023 [3] NCCL INFO Channel 02/0 : 3[3] -> 6[2] [send] via NET/IB/1(2)/GDRDMA
MOC-R4PCC04U05:449958:450023 [3] NCCL INFO GPU Direct RDMA Enabled for GPU 3 / HCA 1 (distance 5 <= 5), read 1 mode Default
MOC-R4PCC04U05:449957:450013 [2] NCCL INFO New proxy recv connection 6 from local rank 2, transport 2
MOC-R4PCC04U05:449957:450020 [2] NCCL INFO Connected to proxy localRank 2 -> connection 0x7f1d08005200
MOC-R4PCC04U05:449957:450013 [2] NCCL INFO New proxy send connection 7 from local rank 3, transport 2
MOC-R4PCC04U05:449958:450023 [3] NCCL INFO Connected to proxy localRank 2 -> connection 0x7f1d08005278
MOC-R4PCC04U05:449957:450020 [2] NCCL INFO Channel 03/0 : 7[3] -> 2[2] [receive] via NET/IB/1/GDRDMA
MOC-R4PCC04U05:449958:450023 [3] NCCL INFO Channel 03/0 : 3[3] -> 6[2] [send] via NET/IB/1(2)/GDRDMA
MOC-R4PCC04U05:449955:450015 [0] NCCL INFO New proxy recv connection 4 from local rank 0, transport 0
MOC-R4PCC04U05:449955:450021 [0] NCCL INFO Connected to proxy localRank 0 -> connection 0x7f0870005110
MOC-R4PCC04U05:449955:450015 [0] NCCL INFO New proxy recv connection 5 from local rank 0, transport 0
MOC-R4PCC04U05:449955:450021 [0] NCCL INFO Connected to proxy localRank 0 -> connection 0x7f0870005188
MOC-R4PCC04U05:449955:450015 [0] NCCL INFO New proxy recv connection 6 from local rank 0, transport 0
MOC-R4PCC04U05:449955:450021 [0] NCCL INFO Connected to proxy localRank 0 -> connection 0x7f0870005200
MOC-R4PCC04U05:449955:450015 [0] NCCL INFO New proxy recv connection 7 from local rank 0, transport 0
MOC-R4PCC04U05:449955:450021 [0] NCCL INFO Connected to proxy localRank 0 -> connection 0x7f0870005278
MOC-R4PCC04U05:449955:450015 [0] NCCL INFO New proxy send connection 8 from local rank 3, transport 0
MOC-R4PCC04U05:449958:450023 [3] NCCL INFO Connected to proxy localRank 0 -> connection 0x7f08700052f0
MOC-R4PCC04U05:449957:450013 [2] NCCL INFO New proxy send connection 8 from local rank 2, transport 0
MOC-R4PCC04U05:449957:450020 [2] NCCL INFO Connected to proxy localRank 2 -> connection 0x7f1d080052f0
MOC-R4PCC04U05:449958:450012 [3] NCCL INFO New proxy send connection 4 from local rank 0, transport 0
MOC-R4PCC04U05:449955:450021 [0] NCCL INFO Connected to proxy localRank 3 -> connection 0x7f4d74005110
MOC-R4PCC04U05:449957:450013 [2] NCCL INFO New proxy send connection 9 from local rank 2, transport 0
MOC-R4PCC04U05:449957:450020 [2] NCCL INFO Connected to proxy localRank 2 -> connection 0x7f1d08005368
MOC-R4PCC04U05:449957:450013 [2] NCCL INFO NET/IB: NCCL Dev 1 IbDev 0 Port 1 qpn 6710 mtu 3 query_ece={supported=1, vendor_id=0x15b3, options=0x30000002, comp_mask=0x0} GID 3 (0/C132A8C0FFFF0000) fifoRkey=0x175412 fifoLkey=0x175412
MOC-R4PCC04U05:449957:450013 [2] NCCL INFO New proxy send connection 10 from local rank 2, transport 0
MOC-R4PCC04U05:449957:450020 [2] NCCL INFO Connected to proxy localRank 2 -> connection 0x7f1d080053e0
MOC-R4PCC04U05:449957:450013 [2] NCCL INFO NET/IB: IbDev 0 Port 1 qpn 6950 set_ece={supported=1, vendor_id=0x15b3, options=0x0, comp_mask=0x0}
MOC-R4PCC04U05:449957:450013 [2] NCCL INFO New proxy send connection 11 from local rank 2, transport 0
MOC-R4PCC04U05:449957:450020 [2] NCCL INFO Connected to proxy localRank 2 -> connection 0x7f1d08005458
MOC-R4PCC04U05:449956:450014 [1] NCCL INFO New proxy send connection 8 from local rank 2, transport 0
MOC-R4PCC04U05:449955:450015 [0] NCCL INFO New proxy send connection 9 from local rank 1, transport 0
MOC-R4PCC04U05:449956:450022 [1] NCCL INFO Connected to proxy localRank 0 -> connection 0x7f0870005368
MOC-R4PCC04U05:449957:450020 [2] NCCL INFO Connected to proxy localRank 1 -> connection 0x7fd52c0052f0
MOC-R4PCC04U05:449957:450013 [2] NCCL INFO NET/IB: NCCL Dev 1 IbDev 0 Port 1 qpn 6711 mtu 3 query_ece={supported=1, vendor_id=0x15b3, options=0x30000002, comp_mask=0x0} GID 3 (0/C132A8C0FFFF0000) fifoRkey=0x17803f fifoLkey=0x17803f
MOC-R4PCC04U05:449957:450013 [2] NCCL INFO NET/IB: NCCL Dev 1 IbDev 0 Port 1 qpn 6712 mtu 3 query_ece={supported=1, vendor_id=0x15b3, options=0x30000002, comp_mask=0x0} GID 3 (0/C132A8C0FFFF0000) fifoRkey=0x17f9b8 fifoLkey=0x17f9b8
MOC-R4PCC04U05:449957:450013 [2] NCCL INFO NET/IB: IbDev 0 Port 1 qpn 6953 set_ece={supported=1, vendor_id=0x15b3, options=0x0, comp_mask=0x0}
MOC-R4PCC04U05:449957:450013 [2] NCCL INFO NET/IB: IbDev 0 Port 1 qpn 6955 set_ece={supported=1, vendor_id=0x15b3, options=0x0, comp_mask=0x0}
MOC-R4PCC04U05:449956:450014 [1] NCCL INFO New proxy send connection 9 from local rank 0, transport 0
MOC-R4PCC04U05:449955:450021 [0] NCCL INFO Connected to proxy localRank 1 -> connection 0x7fd52c005368
MOC-R4PCC04U05:449957:450013 [2] NCCL INFO New proxy send connection 12 from local rank 3, transport 0
MOC-R4PCC04U05:449957:450013 [2] NCCL INFO New proxy send connection 13 from local rank 1, transport 0
MOC-R4PCC04U05:449958:450023 [3] NCCL INFO Connected to proxy localRank 2 -> connection 0x7f1d080054d0
MOC-R4PCC04U05:449956:450022 [1] NCCL INFO Connected to proxy localRank 2 -> connection 0x7f1d08005548
MOC-R4PCC04U05:449957:450013 [2] NCCL INFO NET/IB: NCCL Dev 1 IbDev 0 Port 1 qpn 6721 mtu 3 query_ece={supported=1, vendor_id=0x15b3, options=0x30000002, comp_mask=0x0} GID 3 (0/C132A8C0FFFF0000) fifoRkey=0x179857 fifoLkey=0x179857
MOC-R4PCC04U05:449957:450013 [2] NCCL INFO NET/IB: IbDev 0 Port 1 qpn 6960 set_ece={supported=1, vendor_id=0x15b3, options=0x0, comp_mask=0x0}
num decayed parameter tensors: 50, with 124,318,464 parameters
num non-decayed parameter tensors: 98, with 121,344 parameters
using fused AdamW: False
using regular AdamW
MOC-R4PCC04U05:449957:450013 [2] NCCL INFO New proxy send connection 14 from local rank 2, transport 0
MOC-R4PCC04U05:449957:450715 [2] NCCL INFO Connected to proxy localRank 2 -> connection 0x7f1d080055c0
MOC-R4PCC04U05:449957:450013 [2] NCCL INFO New proxy send connection 15 from local rank 2, transport 0
MOC-R4PCC04U05:449957:450715 [2] NCCL INFO Connected to proxy localRank 2 -> connection 0x7f1d08005638
MOC-R4PCC04U05:449957:450013 [2] NCCL INFO New proxy send connection 16 from local rank 2, transport 0
MOC-R4PCC04U05:449957:450715 [2] NCCL INFO Connected to proxy localRank 2 -> connection 0x7f1d080056b0
MOC-R4PCC04U05:449957:450013 [2] NCCL INFO New proxy send connection 17 from local rank 2, transport 0
MOC-R4PCC04U05:449957:450715 [2] NCCL INFO Connected to proxy localRank 2 -> connection 0x7f1d08005728
MOC-R4PCC04U05:449958:450012 [3] NCCL INFO New proxy recv connection 5 from local rank 3, transport 0
MOC-R4PCC04U05:449958:450716 [3] NCCL INFO Connected to proxy localRank 3 -> connection 0x7f4d74005188
MOC-R4PCC04U05:449958:450012 [3] NCCL INFO New proxy recv connection 6 from local rank 3, transport 0
MOC-R4PCC04U05:449958:450716 [3] NCCL INFO Connected to proxy localRank 3 -> connection 0x7f4d74005200
MOC-R4PCC04U05:449958:450012 [3] NCCL INFO New proxy recv connection 7 from local rank 3, transport 0
MOC-R4PCC04U05:449958:450716 [3] NCCL INFO Connected to proxy localRank 3 -> connection 0x7f4d74005278
MOC-R4PCC04U05:449958:450012 [3] NCCL INFO New proxy recv connection 8 from local rank 3, transport 0
MOC-R4PCC04U05:449958:450716 [3] NCCL INFO Connected to proxy localRank 3 -> connection 0x7f4d740052f0
MOC-R4PCC04U05:449957:450715 [2] NCCL INFO GPU Direct RDMA Enabled for GPU 2 / HCA 1 (distance 5 <= 5), read 0 mode Default
MOC-R4PCC04U05:449958:450012 [3] NCCL INFO New proxy send connection 9 from local rank 3, transport 0
MOC-R4PCC04U05:449958:450716 [3] NCCL INFO Connected to proxy localRank 3 -> connection 0x7f4d74005368
MOC-R4PCC04U05:449957:450013 [2] NCCL INFO New proxy recv connection 18 from local rank 2, transport 2
MOC-R4PCC04U05:449957:450715 [2] NCCL INFO Connected to proxy localRank 2 -> connection 0x7f1d080057a0
MOC-R4PCC04U05:449957:450715 [2] NCCL INFO Channel 00/0 : 6[2] -> 2[2] [receive] via NET/IB/1/GDRDMA
MOC-R4PCC04U05:449957:450715 [2] NCCL INFO GPU Direct RDMA Enabled for GPU 2 / HCA 1 (distance 5 <= 5), read 0 mode Default
MOC-R4PCC04U05:449957:450013 [2] NCCL INFO New proxy recv connection 19 from local rank 2, transport 2
MOC-R4PCC04U05:449957:450715 [2] NCCL INFO Connected to proxy localRank 2 -> connection 0x7f1d08005818
MOC-R4PCC04U05:449958:450012 [3] NCCL INFO New proxy send connection 10 from local rank 3, transport 0
MOC-R4PCC04U05:449958:450716 [3] NCCL INFO Connected to proxy localRank 3 -> connection 0x7f4d740053e0
MOC-R4PCC04U05:449957:450715 [2] NCCL INFO Channel 01/0 : 6[2] -> 2[2] [receive] via NET/IB/1/GDRDMA
MOC-R4PCC04U05:449957:450715 [2] NCCL INFO GPU Direct RDMA Enabled for GPU 2 / HCA 1 (distance 5 <= 5), read 0 mode Default
MOC-R4PCC04U05:449957:450013 [2] NCCL INFO New proxy recv connection 20 from local rank 2, transport 2
MOC-R4PCC04U05:449957:450715 [2] NCCL INFO Connected to proxy localRank 2 -> connection 0x7f1d08005890
MOC-R4PCC04U05:449957:450715 [2] NCCL INFO Channel 02/0 : 6[2] -> 2[2] [receive] via NET/IB/1/GDRDMA
MOC-R4PCC04U05:449957:450715 [2] NCCL INFO GPU Direct RDMA Enabled for GPU 2 / HCA 1 (distance 5 <= 5), read 0 mode Default
MOC-R4PCC04U05:449958:450012 [3] NCCL INFO New proxy send connection 11 from local rank 3, transport 0
MOC-R4PCC04U05:449957:450013 [2] NCCL INFO New proxy recv connection 21 from local rank 2, transport 2
MOC-R4PCC04U05:449958:450716 [3] NCCL INFO Connected to proxy localRank 3 -> connection 0x7f4d74005458
MOC-R4PCC04U05:449957:450715 [2] NCCL INFO Connected to proxy localRank 2 -> connection 0x7f1d08005908
MOC-R4PCC04U05:449957:450715 [2] NCCL INFO Channel 03/0 : 6[2] -> 2[2] [receive] via NET/IB/1/GDRDMA
MOC-R4PCC04U05:449957:450715 [2] NCCL INFO GPU Direct RDMA Enabled for GPU 2 / HCA 1 (distance 5 <= 5), read 1 mode Default
MOC-R4PCC04U05:449957:450013 [2] NCCL INFO New proxy send connection 22 from local rank 2, transport 2
MOC-R4PCC04U05:449957:450715 [2] NCCL INFO Connected to proxy localRank 2 -> connection 0x7f1d08005980
MOC-R4PCC04U05:449957:450715 [2] NCCL INFO Channel 00/0 : 2[2] -> 6[2] [send] via NET/IB/1/GDRDMA
MOC-R4PCC04U05:449957:450715 [2] NCCL INFO GPU Direct RDMA Enabled for GPU 2 / HCA 1 (distance 5 <= 5), read 1 mode Default
MOC-R4PCC04U05:449958:450012 [3] NCCL INFO New proxy send connection 12 from local rank 3, transport 0
MOC-R4PCC04U05:449958:450716 [3] NCCL INFO Connected to proxy localRank 3 -> connection 0x7f4d740054d0
MOC-R4PCC04U05:449957:450013 [2] NCCL INFO New proxy send connection 23 from local rank 2, transport 2
MOC-R4PCC04U05:449957:450715 [2] NCCL INFO Connected to proxy localRank 2 -> connection 0x7f1d080059f8
MOC-R4PCC04U05:449957:450715 [2] NCCL INFO Channel 01/0 : 2[2] -> 6[2] [send] via NET/IB/1/GDRDMA
MOC-R4PCC04U05:449957:450715 [2] NCCL INFO GPU Direct RDMA Enabled for GPU 2 / HCA 1 (distance 5 <= 5), read 1 mode Default
MOC-R4PCC04U05:449957:450013 [2] NCCL INFO New proxy send connection 24 from local rank 2, transport 2
MOC-R4PCC04U05:449957:450715 [2] NCCL INFO Connected to proxy localRank 2 -> connection 0x7f1d08005a70
MOC-R4PCC04U05:449957:450715 [2] NCCL INFO Channel 02/0 : 2[2] -> 6[2] [send] via NET/IB/1/GDRDMA
MOC-R4PCC04U05:449957:450715 [2] NCCL INFO GPU Direct RDMA Enabled for GPU 2 / HCA 1 (distance 5 <= 5), read 1 mode Default
MOC-R4PCC04U05:449957:450013 [2] NCCL INFO New proxy send connection 25 from local rank 2, transport 2
MOC-R4PCC04U05:449957:450715 [2] NCCL INFO Connected to proxy localRank 2 -> connection 0x7f1d08005ae8
MOC-R4PCC04U05:449957:450715 [2] NCCL INFO Channel 03/0 : 2[2] -> 6[2] [send] via NET/IB/1/GDRDMA
MOC-R4PCC04U05:449955:450015 [0] NCCL INFO New proxy send connection 10 from local rank 0, transport 0
MOC-R4PCC04U05:449955:450717 [0] NCCL INFO Connected to proxy localRank 0 -> connection 0x7f08700053e0
MOC-R4PCC04U05:449955:450015 [0] NCCL INFO New proxy send connection 11 from local rank 0, transport 0
MOC-R4PCC04U05:449955:450717 [0] NCCL INFO Connected to proxy localRank 0 -> connection 0x7f0870005458
MOC-R4PCC04U05:449955:450015 [0] NCCL INFO New proxy send connection 12 from local rank 0, transport 0
MOC-R4PCC04U05:449955:450717 [0] NCCL INFO Connected to proxy localRank 0 -> connection 0x7f08700054d0
MOC-R4PCC04U05:449955:450015 [0] NCCL INFO New proxy send connection 13 from local rank 0, transport 0
MOC-R4PCC04U05:449955:450717 [0] NCCL INFO Connected to proxy localRank 0 -> connection 0x7f0870005548
MOC-R4PCC04U05:449956:450014 [1] NCCL INFO New proxy recv connection 10 from local rank 1, transport 0
MOC-R4PCC04U05:449956:450718 [1] NCCL INFO Connected to proxy localRank 1 -> connection 0x7fd52c0053e0
MOC-R4PCC04U05:449956:450014 [1] NCCL INFO New proxy recv connection 11 from local rank 1, transport 0
MOC-R4PCC04U05:449956:450718 [1] NCCL INFO Connected to proxy localRank 1 -> connection 0x7fd52c005458
MOC-R4PCC04U05:449956:450014 [1] NCCL INFO New proxy recv connection 12 from local rank 1, transport 0
MOC-R4PCC04U05:449956:450718 [1] NCCL INFO Connected to proxy localRank 1 -> connection 0x7fd52c0054d0
MOC-R4PCC04U05:449956:450014 [1] NCCL INFO New proxy recv connection 13 from local rank 1, transport 0
MOC-R4PCC04U05:449956:450718 [1] NCCL INFO Connected to proxy localRank 1 -> connection 0x7fd52c005548
MOC-R4PCC04U05:449955:450015 [0] NCCL INFO New proxy recv connection 14 from local rank 0, transport 0
MOC-R4PCC04U05:449955:450717 [0] NCCL INFO Connected to proxy localRank 0 -> connection 0x7f08700055c0
MOC-R4PCC04U05:449955:450015 [0] NCCL INFO New proxy recv connection 15 from local rank 0, transport 0
MOC-R4PCC04U05:449955:450717 [0] NCCL INFO Connected to proxy localRank 0 -> connection 0x7f0870005638
MOC-R4PCC04U05:449957:450013 [2] NCCL INFO New proxy recv connection 26 from local rank 2, transport 0
MOC-R4PCC04U05:449955:450015 [0] NCCL INFO New proxy recv connection 16 from local rank 0, transport 0
MOC-R4PCC04U05:449957:450715 [2] NCCL INFO Connected to proxy localRank 2 -> connection 0x7f1d08005b60
MOC-R4PCC04U05:449955:450717 [0] NCCL INFO Connected to proxy localRank 0 -> connection 0x7f08700056b0
MOC-R4PCC04U05:449955:450015 [0] NCCL INFO New proxy recv connection 17 from local rank 0, transport 0
MOC-R4PCC04U05:449955:450717 [0] NCCL INFO Connected to proxy localRank 0 -> connection 0x7f0870005728
MOC-R4PCC04U05:449957:450013 [2] NCCL INFO New proxy recv connection 27 from local rank 2, transport 0
MOC-R4PCC04U05:449957:450715 [2] NCCL INFO Connected to proxy localRank 2 -> connection 0x7f1d08005bd8
MOC-R4PCC04U05:449957:450013 [2] NCCL INFO New proxy recv connection 28 from local rank 2, transport 0
MOC-R4PCC04U05:449957:450715 [2] NCCL INFO Connected to proxy localRank 2 -> connection 0x7f1d08005c50
MOC-R4PCC04U05:449958:450012 [3] NCCL INFO New proxy send connection 13 from local rank 3, transport 0
MOC-R4PCC04U05:449958:450716 [3] NCCL INFO Connected to proxy localRank 3 -> connection 0x7f4d74005548
MOC-R4PCC04U05:449957:450013 [2] NCCL INFO New proxy recv connection 29 from local rank 2, transport 0
MOC-R4PCC04U05:449957:450715 [2] NCCL INFO Connected to proxy localRank 2 -> connection 0x7f1d08005cc8
MOC-R4PCC04U05:449958:450012 [3] NCCL INFO New proxy send connection 14 from local rank 3, transport 0
MOC-R4PCC04U05:449958:450716 [3] NCCL INFO Connected to proxy localRank 3 -> connection 0x7f4d740055c0
MOC-R4PCC04U05:449958:450012 [3] NCCL INFO New proxy send connection 15 from local rank 3, transport 0
MOC-R4PCC04U05:449958:450716 [3] NCCL INFO Connected to proxy localRank 3 -> connection 0x7f4d74005638
MOC-R4PCC04U05:449958:450012 [3] NCCL INFO New proxy send connection 16 from local rank 3, transport 0
MOC-R4PCC04U05:449958:450716 [3] NCCL INFO Connected to proxy localRank 3 -> connection 0x7f4d740056b0
MOC-R4PCC04U05:449958:450012 [3] NCCL INFO New proxy send connection 17 from local rank 2, transport 0
MOC-R4PCC04U05:449957:450715 [2] NCCL INFO Connected to proxy localRank 3 -> connection 0x7f4d74005728
MOC-R4PCC04U05:449957:450013 [2] NCCL INFO NET/IB: NCCL Dev 1 IbDev 0 Port 1 qpn 6722 mtu 3 query_ece={supported=1, vendor_id=0x15b3, options=0x30000002, comp_mask=0x0} GID 3 (0/C132A8C0FFFF0000) fifoRkey=0x1722e1 fifoLkey=0x1722e1
MOC-R4PCC04U05:449957:450013 [2] NCCL INFO NET/IB: IbDev 0 Port 1 qpn 6963 set_ece={supported=1, vendor_id=0x15b3, options=0x0, comp_mask=0x0}
MOC-R4PCC04U05:449957:450013 [2] NCCL INFO NET/IB: NCCL Dev 1 IbDev 0 Port 1 qpn 6727 mtu 3 query_ece={supported=1, vendor_id=0x15b3, options=0x30000002, comp_mask=0x0} GID 3 (0/C132A8C0FFFF0000) fifoRkey=0x17cb8a fifoLkey=0x17cb8a
MOC-R4PCC04U05:449957:450013 [2] NCCL INFO NET/IB: NCCL Dev 1 IbDev 0 Port 1 qpn 6730 mtu 3 query_ece={supported=1, vendor_id=0x15b3, options=0x30000002, comp_mask=0x0} GID 3 (0/C132A8C0FFFF0000) fifoRkey=0x179c5b fifoLkey=0x179c5b
MOC-R4PCC04U05:449957:450013 [2] NCCL INFO NET/IB: NCCL Dev 1 IbDev 0 Port 1 qpn 6733 mtu 3 query_ece={supported=1, vendor_id=0x15b3, options=0x30000002, comp_mask=0x0} GID 3 (0/C132A8C0FFFF0000) fifoRkey=0x172eed fifoLkey=0x172eed
MOC-R4PCC04U05:449957:450013 [2] NCCL INFO NET/IB: IbDev 0 Port 1 qpn 6968 set_ece={supported=1, vendor_id=0x15b3, options=0x0, comp_mask=0x0}
MOC-R4PCC04U05:449957:450013 [2] NCCL INFO NET/IB: IbDev 0 Port 1 qpn 6970 set_ece={supported=1, vendor_id=0x15b3, options=0x0, comp_mask=0x0}
MOC-R4PCC04U05:449957:450013 [2] NCCL INFO NET/IB: IbDev 0 Port 1 qpn 6972 set_ece={supported=1, vendor_id=0x15b3, options=0x0, comp_mask=0x0}
step    1/10 | train loss 11.010094 | norm 15.4736 | lr 1.00e-04 | (13982.86 ms | 74990 tok/s)
step    2/10 | train loss 10.132354 | norm 5.7711 | lr 1.00e-04 | (339.21 ms | 3091234 tok/s)
step    3/10 | train loss 9.790421 | norm 2.6207 | lr 1.00e-04 | (335.46 ms | 3125748 tok/s)
step    4/10 | train loss 9.620087 | norm 2.1209 | lr 1.00e-04 | (334.58 ms | 3134014 tok/s)
step    5/10 | train loss 9.536893 | norm 2.1163 | lr 1.00e-04 | (337.72 ms | 3104895 tok/s)
step    6/10 | train loss 9.455263 | norm 2.0053 | lr 1.00e-04 | (334.97 ms | 3130358 tok/s)
step    7/10 | train loss 9.369591 | norm 1.9545 | lr 1.00e-04 | (336.62 ms | 3115031 tok/s)
step    8/10 | train loss 9.277899 | norm 1.9223 | lr 1.00e-04 | (338.69 ms | 3095991 tok/s)
step    9/10 | train loss 9.182261 | norm 1.8716 | lr 1.00e-04 | (335.93 ms | 3121440 tok/s)
step   10/10 | train loss 9.094437 | norm 1.7972 | lr 1.00e-04 | (335.54 ms | 3125029 tok/s)
final 9 iters avg: 336.524ms
peak memory consumption: 16601 MiB
