Running pytorch 2.7.0+cu126
using device: cuda:0
total desired batch size: 3670016
=> calculated gradient accumulation steps: 7
using device: cuda:1
using device: cuda:2
using device: cuda:3
compiling the model...
DataLoader: total number of tokens: 1,661,249,667 across 103 files
MOC-R4PCC04U05:639114:639114 [0] NCCL INFO NCCL_SOCKET_IFNAME set to eno7np0
MOC-R4PCC04U05:639114:639114 [0] NCCL INFO NCCL version 2.26.2+cuda12.2
MOC-R4PCC04U05:639114:639218 [0] NCCL INFO NET/Plugin: Could not find: libnccl-net.so. Using internal net plugin.
MOC-R4PCC04U05:639114:639218 [0] NCCL INFO NET/Socket : Using [0]eno7np0:192.168.50.193<0>
MOC-R4PCC04U05:639115:639115 [1] NCCL INFO NCCL_SOCKET_IFNAME set to eno7np0
MOC-R4PCC04U05:639115:639115 [1] NCCL INFO NCCL version 2.26.2+cuda12.2
MOC-R4PCC04U05:639116:639116 [2] NCCL INFO NCCL_SOCKET_IFNAME set to eno7np0
MOC-R4PCC04U05:639116:639116 [2] NCCL INFO NCCL version 2.26.2+cuda12.2
MOC-R4PCC04U05:639117:639117 [3] NCCL INFO NCCL_SOCKET_IFNAME set to eno7np0
MOC-R4PCC04U05:639117:639117 [3] NCCL INFO NCCL version 2.26.2+cuda12.2
MOC-R4PCC04U05:639116:639241 [2] NCCL INFO NET/Plugin: Could not find: libnccl-net.so. Using internal net plugin.
MOC-R4PCC04U05:639115:639240 [1] NCCL INFO NET/Plugin: Could not find: libnccl-net.so. Using internal net plugin.
MOC-R4PCC04U05:639116:639241 [2] NCCL INFO NET/Socket : Using [0]eno7np0:192.168.50.193<0>
MOC-R4PCC04U05:639115:639240 [1] NCCL INFO NET/Socket : Using [0]eno7np0:192.168.50.193<0>
MOC-R4PCC04U05:639117:639242 [3] NCCL INFO NET/Plugin: Could not find: libnccl-net.so. Using internal net plugin.
MOC-R4PCC04U05:639117:639242 [3] NCCL INFO NET/Socket : Using [0]eno7np0:192.168.50.193<0>
MOC-R4PCC04U05:639114:639218 [0] NCCL INFO NET/Socket : GPU Direct RDMA Disabled for HCA 0 'eno7np0'
MOC-R4PCC04U05:639117:639242 [3] NCCL INFO NET/Socket : GPU Direct RDMA Disabled for HCA 0 'eno7np0'
MOC-R4PCC04U05:639116:639241 [2] NCCL INFO NET/Socket : GPU Direct RDMA Disabled for HCA 0 'eno7np0'
MOC-R4PCC04U05:639115:639240 [1] NCCL INFO NET/Socket : GPU Direct RDMA Disabled for HCA 0 'eno7np0'
MOC-R4PCC04U05:639115:639257 [1] NCCL INFO New proxy recv connection 0 from local rank 1, transport 0
MOC-R4PCC04U05:639115:639326 [1] NCCL INFO Connected to proxy localRank 1 -> connection 0x7f78a8004f30
MOC-R4PCC04U05:639115:639257 [1] NCCL INFO New proxy recv connection 1 from local rank 1, transport 0
MOC-R4PCC04U05:639115:639326 [1] NCCL INFO Connected to proxy localRank 1 -> connection 0x7f78a8004fa8
MOC-R4PCC04U05:639116:639252 [2] NCCL INFO New proxy recv connection 0 from local rank 2, transport 0
MOC-R4PCC04U05:639116:639327 [2] NCCL INFO Connected to proxy localRank 2 -> connection 0x7fb6a8004f30
MOC-R4PCC04U05:639116:639252 [2] NCCL INFO New proxy recv connection 1 from local rank 2, transport 0
MOC-R4PCC04U05:639116:639327 [2] NCCL INFO Connected to proxy localRank 2 -> connection 0x7fb6a8004fa8
MOC-R4PCC04U05:639114:639255 [0] NCCL INFO New proxy send connection 0 from local rank 0, transport 0
MOC-R4PCC04U05:639114:639328 [0] NCCL INFO Connected to proxy localRank 0 -> connection 0x7f5ea0004f30
MOC-R4PCC04U05:639117:639251 [3] NCCL INFO New proxy recv connection 0 from local rank 3, transport 0
MOC-R4PCC04U05:639117:639329 [3] NCCL INFO Connected to proxy localRank 3 -> connection 0x7febc0004f30
MOC-R4PCC04U05:639114:639255 [0] NCCL INFO New proxy send connection 1 from local rank 0, transport 0
MOC-R4PCC04U05:639114:639328 [0] NCCL INFO Connected to proxy localRank 0 -> connection 0x7f5ea0004fa8
MOC-R4PCC04U05:639117:639251 [3] NCCL INFO New proxy recv connection 1 from local rank 3, transport 0
MOC-R4PCC04U05:639117:639329 [3] NCCL INFO Connected to proxy localRank 3 -> connection 0x7febc0004fa8
MOC-R4PCC04U05:639114:639255 [0] NCCL INFO New proxy send connection 2 from local rank 0, transport 0
MOC-R4PCC04U05:639114:639328 [0] NCCL INFO Connected to proxy localRank 0 -> connection 0x7f5ea0005020
MOC-R4PCC04U05:639114:639255 [0] NCCL INFO New proxy send connection 3 from local rank 0, transport 0
MOC-R4PCC04U05:639114:639328 [0] NCCL INFO Connected to proxy localRank 0 -> connection 0x7f5ea0005098
MOC-R4PCC04U05:639116:639252 [2] NCCL INFO New proxy recv connection 2 from local rank 2, transport 2
MOC-R4PCC04U05:639116:639327 [2] NCCL INFO Connected to proxy localRank 2 -> connection 0x7fb6a8005020
MOC-R4PCC04U05:639116:639327 [2] NCCL INFO Channel 00/0 : 15[3] -> 2[2] [receive] via NET/Socket/0
MOC-R4PCC04U05:639116:639252 [2] NCCL INFO New proxy recv connection 3 from local rank 2, transport 2
MOC-R4PCC04U05:639116:639327 [2] NCCL INFO Connected to proxy localRank 2 -> connection 0x7fb6a8005098
MOC-R4PCC04U05:639116:639327 [2] NCCL INFO Channel 02/0 : 15[3] -> 2[2] [receive] via NET/Socket/0
MOC-R4PCC04U05:639117:639251 [3] NCCL INFO New proxy send connection 2 from local rank 3, transport 2
MOC-R4PCC04U05:639117:639329 [3] NCCL INFO Connected to proxy localRank 3 -> connection 0x7febc0005020
MOC-R4PCC04U05:639117:639329 [3] NCCL INFO Channel 00/0 : 3[3] -> 6[2] [send] via NET/Socket/0
MOC-R4PCC04U05:639117:639251 [3] NCCL INFO New proxy send connection 3 from local rank 3, transport 2
MOC-R4PCC04U05:639117:639329 [3] NCCL INFO Connected to proxy localRank 3 -> connection 0x7febc0005098
MOC-R4PCC04U05:639117:639329 [3] NCCL INFO Channel 02/0 : 3[3] -> 6[2] [send] via NET/Socket/0
MOC-R4PCC04U05:639114:639255 [0] NCCL INFO New proxy recv connection 4 from local rank 0, transport 0
MOC-R4PCC04U05:639114:639328 [0] NCCL INFO Connected to proxy localRank 0 -> connection 0x7f5ea0005110
MOC-R4PCC04U05:639117:639251 [3] NCCL INFO New proxy recv connection 4 from local rank 3, transport 2
MOC-R4PCC04U05:639117:639329 [3] NCCL INFO Connected to proxy localRank 3 -> connection 0x7febc0005110
MOC-R4PCC04U05:639117:639329 [3] NCCL INFO Channel 01/0 : 14[2] -> 3[3] [receive] via NET/Socket/0
MOC-R4PCC04U05:639117:639251 [3] NCCL INFO New proxy recv connection 5 from local rank 3, transport 2
MOC-R4PCC04U05:639117:639329 [3] NCCL INFO Connected to proxy localRank 3 -> connection 0x7febc0005188
MOC-R4PCC04U05:639117:639329 [3] NCCL INFO Channel 03/0 : 14[2] -> 3[3] [receive] via NET/Socket/0
MOC-R4PCC04U05:639114:639255 [0] NCCL INFO New proxy recv connection 5 from local rank 0, transport 0
MOC-R4PCC04U05:639114:639328 [0] NCCL INFO Connected to proxy localRank 0 -> connection 0x7f5ea0005188
MOC-R4PCC04U05:639114:639255 [0] NCCL INFO New proxy recv connection 6 from local rank 0, transport 0
MOC-R4PCC04U05:639114:639328 [0] NCCL INFO Connected to proxy localRank 0 -> connection 0x7f5ea0005200
MOC-R4PCC04U05:639114:639255 [0] NCCL INFO New proxy recv connection 7 from local rank 0, transport 0
MOC-R4PCC04U05:639114:639328 [0] NCCL INFO Connected to proxy localRank 0 -> connection 0x7f5ea0005278
MOC-R4PCC04U05:639116:639252 [2] NCCL INFO New proxy send connection 4 from local rank 2, transport 2
MOC-R4PCC04U05:639116:639327 [2] NCCL INFO Connected to proxy localRank 2 -> connection 0x7fb6a8005110
MOC-R4PCC04U05:639116:639327 [2] NCCL INFO Channel 01/0 : 2[2] -> 7[3] [send] via NET/Socket/0
MOC-R4PCC04U05:639116:639252 [2] NCCL INFO New proxy send connection 5 from local rank 2, transport 2
MOC-R4PCC04U05:639116:639327 [2] NCCL INFO Connected to proxy localRank 2 -> connection 0x7fb6a8005188
MOC-R4PCC04U05:639116:639327 [2] NCCL INFO Channel 03/0 : 2[2] -> 7[3] [send] via NET/Socket/0
MOC-R4PCC04U05:639117:639251 [3] NCCL INFO New proxy send connection 6 from local rank 3, transport 0
MOC-R4PCC04U05:639117:639329 [3] NCCL INFO Connected to proxy localRank 3 -> connection 0x7febc0005200
MOC-R4PCC04U05:639117:639251 [3] NCCL INFO New proxy send connection 7 from local rank 3, transport 0
MOC-R4PCC04U05:639117:639329 [3] NCCL INFO Connected to proxy localRank 3 -> connection 0x7febc0005278
MOC-R4PCC04U05:639115:639257 [1] NCCL INFO New proxy recv connection 2 from local rank 1, transport 0
MOC-R4PCC04U05:639114:639255 [0] NCCL INFO New proxy send connection 8 from local rank 3, transport 0
MOC-R4PCC04U05:639115:639326 [1] NCCL INFO Connected to proxy localRank 1 -> connection 0x7f78a8005020
MOC-R4PCC04U05:639117:639329 [3] NCCL INFO Connected to proxy localRank 0 -> connection 0x7f5ea00052f0
MOC-R4PCC04U05:639115:639257 [1] NCCL INFO New proxy recv connection 3 from local rank 1, transport 0
MOC-R4PCC04U05:639115:639326 [1] NCCL INFO Connected to proxy localRank 1 -> connection 0x7f78a8005098
MOC-R4PCC04U05:639115:639257 [1] NCCL INFO New proxy send connection 4 from local rank 1, transport 0
MOC-R4PCC04U05:639115:639326 [1] NCCL INFO Connected to proxy localRank 1 -> connection 0x7f78a8005110
MOC-R4PCC04U05:639116:639252 [2] NCCL INFO New proxy send connection 6 from local rank 2, transport 0
MOC-R4PCC04U05:639116:639327 [2] NCCL INFO Connected to proxy localRank 2 -> connection 0x7fb6a8005200
MOC-R4PCC04U05:639115:639257 [1] NCCL INFO New proxy send connection 5 from local rank 1, transport 0
MOC-R4PCC04U05:639115:639326 [1] NCCL INFO Connected to proxy localRank 1 -> connection 0x7f78a8005188
MOC-R4PCC04U05:639116:639252 [2] NCCL INFO New proxy send connection 7 from local rank 2, transport 0
MOC-R4PCC04U05:639116:639327 [2] NCCL INFO Connected to proxy localRank 2 -> connection 0x7fb6a8005278
MOC-R4PCC04U05:639115:639257 [1] NCCL INFO New proxy send connection 6 from local rank 1, transport 0
MOC-R4PCC04U05:639115:639326 [1] NCCL INFO Connected to proxy localRank 1 -> connection 0x7f78a8005200
MOC-R4PCC04U05:639115:639257 [1] NCCL INFO New proxy send connection 7 from local rank 1, transport 0
MOC-R4PCC04U05:639115:639326 [1] NCCL INFO Connected to proxy localRank 1 -> connection 0x7f78a8005278
MOC-R4PCC04U05:639115:639257 [1] NCCL INFO New proxy send connection 8 from local rank 3, transport 0
MOC-R4PCC04U05:639117:639329 [3] NCCL INFO Connected to proxy localRank 1 -> connection 0x7f78a80052f0
MOC-R4PCC04U05:639114:639255 [0] NCCL INFO New proxy send connection 9 from local rank 2, transport 0
MOC-R4PCC04U05:639116:639327 [2] NCCL INFO Connected to proxy localRank 0 -> connection 0x7f5ea0005368
MOC-R4PCC04U05:639116:639252 [2] NCCL INFO New proxy send connection 8 from local rank 0, transport 0
MOC-R4PCC04U05:639114:639328 [0] NCCL INFO Connected to proxy localRank 2 -> connection 0x7fb6a80052f0
MOC-R4PCC04U05:639117:639251 [3] NCCL INFO New proxy send connection 8 from local rank 1, transport 0
MOC-R4PCC04U05:639115:639326 [1] NCCL INFO Connected to proxy localRank 3 -> connection 0x7febc00052f0
MOC-R4PCC04U05:639115:639257 [1] NCCL INFO New proxy send connection 9 from local rank 2, transport 0
MOC-R4PCC04U05:639116:639327 [2] NCCL INFO Connected to proxy localRank 1 -> connection 0x7f78a8005368
MOC-R4PCC04U05:639117:639251 [3] NCCL INFO New proxy send connection 9 from local rank 0, transport 0
MOC-R4PCC04U05:639114:639328 [0] NCCL INFO Connected to proxy localRank 3 -> connection 0x7febc0005368
MOC-R4PCC04U05:639114:639255 [0] NCCL INFO New proxy send connection 10 from local rank 1, transport 0
MOC-R4PCC04U05:639115:639326 [1] NCCL INFO Connected to proxy localRank 0 -> connection 0x7f5ea00053e0
MOC-R4PCC04U05:639116:639252 [2] NCCL INFO New proxy send connection 9 from local rank 1, transport 0
MOC-R4PCC04U05:639115:639326 [1] NCCL INFO Connected to proxy localRank 2 -> connection 0x7fb6a8005368
MOC-R4PCC04U05:639115:639257 [1] NCCL INFO New proxy send connection 10 from local rank 0, transport 0
MOC-R4PCC04U05:639114:639328 [0] NCCL INFO Connected to proxy localRank 1 -> connection 0x7f78a80053e0
num decayed parameter tensors: 50, with 124,318,464 parameters
num non-decayed parameter tensors: 98, with 121,344 parameters
using fused AdamW: False
using regular AdamW
MOC-R4PCC04U05:639114:639255 [0] NCCL INFO New proxy send connection 11 from local rank 0, transport 0
MOC-R4PCC04U05:639114:640084 [0] NCCL INFO Connected to proxy localRank 0 -> connection 0x7f5ea0005458
MOC-R4PCC04U05:639114:639255 [0] NCCL INFO New proxy send connection 12 from local rank 0, transport 0
MOC-R4PCC04U05:639114:640084 [0] NCCL INFO Connected to proxy localRank 0 -> connection 0x7f5ea00054d0
MOC-R4PCC04U05:639114:639255 [0] NCCL INFO New proxy send connection 13 from local rank 0, transport 0
MOC-R4PCC04U05:639114:640084 [0] NCCL INFO Connected to proxy localRank 0 -> connection 0x7f5ea0005548
MOC-R4PCC04U05:639114:639255 [0] NCCL INFO New proxy send connection 14 from local rank 0, transport 0
MOC-R4PCC04U05:639114:640084 [0] NCCL INFO Connected to proxy localRank 0 -> connection 0x7f5ea00055c0
MOC-R4PCC04U05:639115:639257 [1] NCCL INFO New proxy recv connection 11 from local rank 1, transport 0
MOC-R4PCC04U05:639115:640085 [1] NCCL INFO Connected to proxy localRank 1 -> connection 0x7f78a8005458
MOC-R4PCC04U05:639115:639257 [1] NCCL INFO New proxy recv connection 12 from local rank 1, transport 0
MOC-R4PCC04U05:639115:640085 [1] NCCL INFO Connected to proxy localRank 1 -> connection 0x7f78a80054d0
MOC-R4PCC04U05:639115:639257 [1] NCCL INFO New proxy recv connection 13 from local rank 1, transport 0
MOC-R4PCC04U05:639115:640085 [1] NCCL INFO Connected to proxy localRank 1 -> connection 0x7f78a8005548
MOC-R4PCC04U05:639115:639257 [1] NCCL INFO New proxy recv connection 14 from local rank 1, transport 0
MOC-R4PCC04U05:639115:640085 [1] NCCL INFO Connected to proxy localRank 1 -> connection 0x7f78a80055c0
MOC-R4PCC04U05:639115:639257 [1] NCCL INFO New proxy send connection 15 from local rank 1, transport 0
MOC-R4PCC04U05:639115:640085 [1] NCCL INFO Connected to proxy localRank 1 -> connection 0x7f78a8005638
MOC-R4PCC04U05:639115:639257 [1] NCCL INFO New proxy send connection 16 from local rank 1, transport 0
MOC-R4PCC04U05:639115:640085 [1] NCCL INFO Connected to proxy localRank 1 -> connection 0x7f78a80056b0
MOC-R4PCC04U05:639115:639257 [1] NCCL INFO New proxy send connection 17 from local rank 1, transport 0
MOC-R4PCC04U05:639115:640085 [1] NCCL INFO Connected to proxy localRank 1 -> connection 0x7f78a8005728
MOC-R4PCC04U05:639115:639257 [1] NCCL INFO New proxy send connection 18 from local rank 1, transport 0
MOC-R4PCC04U05:639115:640085 [1] NCCL INFO Connected to proxy localRank 1 -> connection 0x7f78a80057a0
MOC-R4PCC04U05:639114:639255 [0] NCCL INFO New proxy send connection 15 from local rank 0, transport 0
MOC-R4PCC04U05:639114:640084 [0] NCCL INFO Connected to proxy localRank 0 -> connection 0x7f5ea0005638
MOC-R4PCC04U05:639114:639255 [0] NCCL INFO New proxy send connection 16 from local rank 0, transport 0
MOC-R4PCC04U05:639114:640084 [0] NCCL INFO Connected to proxy localRank 0 -> connection 0x7f5ea00056b0
MOC-R4PCC04U05:639116:639252 [2] NCCL INFO New proxy recv connection 10 from local rank 2, transport 0
MOC-R4PCC04U05:639116:640086 [2] NCCL INFO Connected to proxy localRank 2 -> connection 0x7fb6a80053e0
MOC-R4PCC04U05:639116:639252 [2] NCCL INFO New proxy recv connection 11 from local rank 2, transport 0
MOC-R4PCC04U05:639116:640086 [2] NCCL INFO Connected to proxy localRank 2 -> connection 0x7fb6a8005458
MOC-R4PCC04U05:639116:639252 [2] NCCL INFO New proxy recv connection 12 from local rank 2, transport 0
MOC-R4PCC04U05:639116:640086 [2] NCCL INFO Connected to proxy localRank 2 -> connection 0x7fb6a80054d0
MOC-R4PCC04U05:639116:639252 [2] NCCL INFO New proxy recv connection 13 from local rank 2, transport 0
MOC-R4PCC04U05:639116:640086 [2] NCCL INFO Connected to proxy localRank 2 -> connection 0x7fb6a8005548
MOC-R4PCC04U05:639116:639252 [2] NCCL INFO New proxy send connection 14 from local rank 2, transport 0
MOC-R4PCC04U05:639116:640086 [2] NCCL INFO Connected to proxy localRank 2 -> connection 0x7fb6a80055c0
MOC-R4PCC04U05:639115:639257 [1] NCCL INFO New proxy recv connection 19 from local rank 1, transport 0
MOC-R4PCC04U05:639115:640085 [1] NCCL INFO Connected to proxy localRank 1 -> connection 0x7f78a8005818
MOC-R4PCC04U05:639116:639252 [2] NCCL INFO New proxy send connection 15 from local rank 2, transport 0
MOC-R4PCC04U05:639116:640086 [2] NCCL INFO Connected to proxy localRank 2 -> connection 0x7fb6a8005638
MOC-R4PCC04U05:639115:639257 [1] NCCL INFO New proxy recv connection 20 from local rank 1, transport 0
MOC-R4PCC04U05:639115:640085 [1] NCCL INFO Connected to proxy localRank 1 -> connection 0x7f78a8005890
MOC-R4PCC04U05:639117:639251 [3] NCCL INFO New proxy recv connection 10 from local rank 3, transport 0
MOC-R4PCC04U05:639117:640087 [3] NCCL INFO Connected to proxy localRank 3 -> connection 0x7febc00053e0
MOC-R4PCC04U05:639117:639251 [3] NCCL INFO New proxy recv connection 11 from local rank 3, transport 0
MOC-R4PCC04U05:639117:640087 [3] NCCL INFO Connected to proxy localRank 3 -> connection 0x7febc0005458
MOC-R4PCC04U05:639117:639251 [3] NCCL INFO New proxy send connection 12 from local rank 3, transport 2
MOC-R4PCC04U05:639117:640087 [3] NCCL INFO Connected to proxy localRank 3 -> connection 0x7febc00054d0
MOC-R4PCC04U05:639114:639255 [0] NCCL INFO New proxy recv connection 17 from local rank 0, transport 0
MOC-R4PCC04U05:639114:640084 [0] NCCL INFO Connected to proxy localRank 0 -> connection 0x7f5ea0005728
MOC-R4PCC04U05:639117:640087 [3] NCCL INFO Channel 02/0 : 3[3] -> 7[3] [send] via NET/Socket/0
MOC-R4PCC04U05:639117:639251 [3] NCCL INFO New proxy send connection 13 from local rank 3, transport 2
MOC-R4PCC04U05:639117:640087 [3] NCCL INFO Connected to proxy localRank 3 -> connection 0x7febc0005548
MOC-R4PCC04U05:639114:639255 [0] NCCL INFO New proxy recv connection 18 from local rank 0, transport 0
MOC-R4PCC04U05:639114:640084 [0] NCCL INFO Connected to proxy localRank 0 -> connection 0x7f5ea00057a0
MOC-R4PCC04U05:639114:639255 [0] NCCL INFO New proxy recv connection 19 from local rank 0, transport 0
MOC-R4PCC04U05:639117:640087 [3] NCCL INFO Channel 03/0 : 3[3] -> 7[3] [send] via NET/Socket/0
MOC-R4PCC04U05:639114:640084 [0] NCCL INFO Connected to proxy localRank 0 -> connection 0x7f5ea0005818
MOC-R4PCC04U05:639114:639255 [0] NCCL INFO New proxy recv connection 20 from local rank 0, transport 0
MOC-R4PCC04U05:639114:640084 [0] NCCL INFO Connected to proxy localRank 0 -> connection 0x7f5ea0005890
MOC-R4PCC04U05:639117:639251 [3] NCCL INFO New proxy recv connection 14 from local rank 3, transport 2
MOC-R4PCC04U05:639117:640087 [3] NCCL INFO Connected to proxy localRank 3 -> connection 0x7febc00055c0
MOC-R4PCC04U05:639117:640087 [3] NCCL INFO Channel 00/0 : 11[3] -> 3[3] [receive] via NET/Socket/0
MOC-R4PCC04U05:639117:639251 [3] NCCL INFO New proxy recv connection 15 from local rank 3, transport 2
MOC-R4PCC04U05:639117:640087 [3] NCCL INFO Connected to proxy localRank 3 -> connection 0x7febc0005638
MOC-R4PCC04U05:639117:640087 [3] NCCL INFO Channel 01/0 : 11[3] -> 3[3] [receive] via NET/Socket/0
MOC-R4PCC04U05:639117:639251 [3] NCCL INFO New proxy send connection 16 from local rank 3, transport 2
MOC-R4PCC04U05:639117:640087 [3] NCCL INFO Connected to proxy localRank 3 -> connection 0x7febc00056b0
MOC-R4PCC04U05:639117:640087 [3] NCCL INFO Channel 00/0 : 3[3] -> 11[3] [send] via NET/Socket/0
MOC-R4PCC04U05:639117:639251 [3] NCCL INFO New proxy send connection 17 from local rank 3, transport 2
MOC-R4PCC04U05:639117:640087 [3] NCCL INFO Connected to proxy localRank 3 -> connection 0x7febc0005728
MOC-R4PCC04U05:639117:640087 [3] NCCL INFO Channel 01/0 : 3[3] -> 11[3] [send] via NET/Socket/0
MOC-R4PCC04U05:639117:639251 [3] NCCL INFO New proxy recv connection 18 from local rank 3, transport 2
MOC-R4PCC04U05:639117:640087 [3] NCCL INFO Connected to proxy localRank 3 -> connection 0x7febc00057a0
MOC-R4PCC04U05:639117:640087 [3] NCCL INFO Channel 02/0 : 7[3] -> 3[3] [receive] via NET/Socket/0
MOC-R4PCC04U05:639117:639251 [3] NCCL INFO New proxy recv connection 19 from local rank 3, transport 2
MOC-R4PCC04U05:639117:640087 [3] NCCL INFO Connected to proxy localRank 3 -> connection 0x7febc0005818
MOC-R4PCC04U05:639117:640087 [3] NCCL INFO Channel 03/0 : 7[3] -> 3[3] [receive] via NET/Socket/0
MOC-R4PCC04U05:639117:639251 [3] NCCL INFO New proxy send connection 20 from local rank 3, transport 0
MOC-R4PCC04U05:639117:640087 [3] NCCL INFO Connected to proxy localRank 3 -> connection 0x7febc0005890
MOC-R4PCC04U05:639117:639251 [3] NCCL INFO New proxy send connection 21 from local rank 3, transport 0
MOC-R4PCC04U05:639117:640087 [3] NCCL INFO Connected to proxy localRank 3 -> connection 0x7febc0005908
MOC-R4PCC04U05:639117:639251 [3] NCCL INFO New proxy send connection 22 from local rank 3, transport 0
MOC-R4PCC04U05:639117:640087 [3] NCCL INFO Connected to proxy localRank 3 -> connection 0x7febc0005980
MOC-R4PCC04U05:639117:639251 [3] NCCL INFO New proxy send connection 23 from local rank 3, transport 0
MOC-R4PCC04U05:639117:640087 [3] NCCL INFO Connected to proxy localRank 3 -> connection 0x7febc00059f8
step    1/10 | train loss 11.010115 | norm 15.2907 | lr 1.00e-04 | (14719.18 ms | 249336 tok/s)
step    2/10 | train loss 10.140854 | norm 5.7211 | lr 1.00e-04 | (658.22 ms | 5575669 tok/s)
step    3/10 | train loss 9.801552 | norm 2.5941 | lr 1.00e-04 | (865.09 ms | 4242372 tok/s)
step    4/10 | train loss 9.632923 | norm 2.0997 | lr 1.00e-04 | (653.56 ms | 5615387 tok/s)
step    5/10 | train loss 9.550363 | norm 2.0944 | lr 1.00e-04 | (653.13 ms | 5619093 tok/s)
step    6/10 | train loss 9.469850 | norm 1.9874 | lr 1.00e-04 | (653.56 ms | 5615399 tok/s)
step    7/10 | train loss 9.385090 | norm 1.9374 | lr 1.00e-04 | (654.50 ms | 5607350 tok/s)
step    8/10 | train loss 9.294361 | norm 1.9058 | lr 1.00e-04 | (653.75 ms | 5613798 tok/s)
step    9/10 | train loss 9.199848 | norm 1.8538 | lr 1.00e-04 | (650.38 ms | 5642920 tok/s)
step   10/10 | train loss 9.114300 | norm 1.7841 | lr 1.00e-04 | (658.95 ms | 5569514 tok/s)
final 9 iters avg: 677.904ms
peak memory consumption: 16601 MiB
