Running pytorch 2.7.0+cu126
using device: cuda:0
total desired batch size: 4194304
=> calculated gradient accumulation steps: 8
using device: cuda:3
using device: cuda:1
using device: cuda:2
compiling the model...
DataLoader: total number of tokens: 1,661,249,667 across 103 files
MOC-R4PCC04U05:727261:727261 [0] NCCL INFO NCCL_SOCKET_IFNAME set to eno7np0
MOC-R4PCC04U05:727261:727261 [0] NCCL INFO NCCL version 2.26.2+cuda12.2
MOC-R4PCC04U05:727261:727367 [0] NCCL INFO NET/Plugin: Could not find: libnccl-net.so. Using internal net plugin.
MOC-R4PCC04U05:727261:727367 [0] NCCL INFO NCCL_IB_HCA set to mlx5_5
MOC-R4PCC04U05:727264:727264 [3] NCCL INFO NCCL_SOCKET_IFNAME set to eno7np0
MOC-R4PCC04U05:727264:727264 [3] NCCL INFO NCCL version 2.26.2+cuda12.2
MOC-R4PCC04U05:727261:727367 [0] NCCL INFO NET/IB : Made virtual device [0] name=mlx5_5 speed=400000 ndevs=1
MOC-R4PCC04U05:727261:727367 [0] NCCL INFO NET/IB : Using [0]mlx5_5:1/RoCE [RO]; OOB eno7np0:192.168.50.193<0>
MOC-R4PCC04U05:727263:727263 [2] NCCL INFO NCCL_SOCKET_IFNAME set to eno7np0
MOC-R4PCC04U05:727262:727262 [1] NCCL INFO NCCL_SOCKET_IFNAME set to eno7np0
MOC-R4PCC04U05:727263:727263 [2] NCCL INFO NCCL version 2.26.2+cuda12.2
MOC-R4PCC04U05:727262:727262 [1] NCCL INFO NCCL version 2.26.2+cuda12.2
MOC-R4PCC04U05:727264:727389 [3] NCCL INFO NET/Plugin: Could not find: libnccl-net.so. Using internal net plugin.
MOC-R4PCC04U05:727264:727389 [3] NCCL INFO NCCL_IB_HCA set to mlx5_5
MOC-R4PCC04U05:727264:727389 [3] NCCL INFO NET/IB : Made virtual device [0] name=mlx5_5 speed=400000 ndevs=1
MOC-R4PCC04U05:727264:727389 [3] NCCL INFO NET/IB : Using [0]mlx5_5:1/RoCE [RO]; OOB eno7np0:192.168.50.193<0>
MOC-R4PCC04U05:727262:727392 [1] NCCL INFO NET/Plugin: Could not find: libnccl-net.so. Using internal net plugin.
MOC-R4PCC04U05:727262:727392 [1] NCCL INFO NCCL_IB_HCA set to mlx5_5
MOC-R4PCC04U05:727263:727391 [2] NCCL INFO NET/Plugin: Could not find: libnccl-net.so. Using internal net plugin.
MOC-R4PCC04U05:727263:727391 [2] NCCL INFO NCCL_IB_HCA set to mlx5_5
MOC-R4PCC04U05:727262:727392 [1] NCCL INFO NET/IB : Made virtual device [0] name=mlx5_5 speed=400000 ndevs=1
MOC-R4PCC04U05:727262:727392 [1] NCCL INFO NET/IB : Using [0]mlx5_5:1/RoCE [RO]; OOB eno7np0:192.168.50.193<0>
MOC-R4PCC04U05:727263:727391 [2] NCCL INFO NET/IB : Made virtual device [0] name=mlx5_5 speed=400000 ndevs=1
MOC-R4PCC04U05:727263:727391 [2] NCCL INFO NET/IB : Using [0]mlx5_5:1/RoCE [RO]; OOB eno7np0:192.168.50.193<0>
MOC-R4PCC04U05:727263:727391 [2] NCCL INFO NET/IB : GPU Direct RDMA Enabled for HCA 0 'mlx5_5'
MOC-R4PCC04U05:727263:727391 [2] NCCL INFO NET/IB : Made virtual device [1] name=mlx5_5 speed=400000 ndevs=1
MOC-R4PCC04U05:727263:727391 [2] NCCL INFO NET/IB : GPU Direct RDMA Enabled for HCA 0 'mlx5_5'
MOC-R4PCC04U05:727263:727391 [2] NCCL INFO NET/IB : GPU Direct RDMA Enabled for HCA 1 'mlx5_5'
MOC-R4PCC04U05:727264:727389 [3] NCCL INFO NET/IB : GPU Direct RDMA Enabled for HCA 0 'mlx5_5'
MOC-R4PCC04U05:727264:727389 [3] NCCL INFO NET/IB : Made virtual device [1] name=mlx5_5 speed=400000 ndevs=1
MOC-R4PCC04U05:727264:727389 [3] NCCL INFO NET/IB : GPU Direct RDMA Enabled for HCA 0 'mlx5_5'
MOC-R4PCC04U05:727264:727389 [3] NCCL INFO NET/IB : GPU Direct RDMA Enabled for HCA 1 'mlx5_5'
MOC-R4PCC04U05:727261:727367 [0] NCCL INFO NET/IB : GPU Direct RDMA Enabled for HCA 0 'mlx5_5'
MOC-R4PCC04U05:727261:727367 [0] NCCL INFO NET/IB : Made virtual device [1] name=mlx5_5 speed=400000 ndevs=1
MOC-R4PCC04U05:727261:727367 [0] NCCL INFO NET/IB : GPU Direct RDMA Enabled for HCA 0 'mlx5_5'
MOC-R4PCC04U05:727261:727367 [0] NCCL INFO NET/IB : GPU Direct RDMA Enabled for HCA 1 'mlx5_5'
MOC-R4PCC04U05:727262:727392 [1] NCCL INFO NET/IB : GPU Direct RDMA Enabled for HCA 0 'mlx5_5'
MOC-R4PCC04U05:727262:727392 [1] NCCL INFO NET/IB : Made virtual device [1] name=mlx5_5 speed=400000 ndevs=1
MOC-R4PCC04U05:727262:727392 [1] NCCL INFO NET/IB : GPU Direct RDMA Enabled for HCA 0 'mlx5_5'
MOC-R4PCC04U05:727262:727392 [1] NCCL INFO NET/IB : GPU Direct RDMA Enabled for HCA 1 'mlx5_5'
MOC-R4PCC04U05:727262:727392 [1] NCCL INFO NCCL_NET_GDR_LEVEL set by environment to LOC
MOC-R4PCC04U05:727262:727392 [1] NCCL INFO GPU Direct RDMA Disabled for GPU 0 / HCA 1 (distance 5 > 0)
MOC-R4PCC04U05:727262:727392 [1] NCCL INFO GPU Direct RDMA Disabled for GPU 1 / HCA 1 (distance 5 > 0)
MOC-R4PCC04U05:727262:727392 [1] NCCL INFO GPU Direct RDMA Disabled for GPU 2 / HCA 1 (distance 5 > 0)
MOC-R4PCC04U05:727262:727392 [1] NCCL INFO GPU Direct RDMA Disabled for GPU 0 / HCA 1 (distance 5 > 0)
MOC-R4PCC04U05:727262:727392 [1] NCCL INFO GPU Direct RDMA Disabled for GPU 1 / HCA 1 (distance 5 > 0)
MOC-R4PCC04U05:727262:727392 [1] NCCL INFO GPU Direct RDMA Disabled for GPU 2 / HCA 1 (distance 5 > 0)
MOC-R4PCC04U05:727261:727367 [0] NCCL INFO NCCL_NET_GDR_LEVEL set by environment to LOC
MOC-R4PCC04U05:727261:727367 [0] NCCL INFO GPU Direct RDMA Disabled for GPU 0 / HCA 1 (distance 5 > 0)
MOC-R4PCC04U05:727261:727367 [0] NCCL INFO GPU Direct RDMA Disabled for GPU 1 / HCA 1 (distance 5 > 0)
MOC-R4PCC04U05:727261:727367 [0] NCCL INFO GPU Direct RDMA Disabled for GPU 2 / HCA 1 (distance 5 > 0)
MOC-R4PCC04U05:727261:727367 [0] NCCL INFO GPU Direct RDMA Disabled for GPU 0 / HCA 1 (distance 5 > 0)
MOC-R4PCC04U05:727261:727367 [0] NCCL INFO GPU Direct RDMA Disabled for GPU 1 / HCA 1 (distance 5 > 0)
MOC-R4PCC04U05:727261:727367 [0] NCCL INFO GPU Direct RDMA Disabled for GPU 2 / HCA 1 (distance 5 > 0)
MOC-R4PCC04U05:727264:727389 [3] NCCL INFO NCCL_NET_GDR_LEVEL set by environment to LOC
MOC-R4PCC04U05:727264:727389 [3] NCCL INFO GPU Direct RDMA Disabled for GPU 0 / HCA 1 (distance 5 > 0)
MOC-R4PCC04U05:727264:727389 [3] NCCL INFO GPU Direct RDMA Disabled for GPU 1 / HCA 1 (distance 5 > 0)
MOC-R4PCC04U05:727264:727389 [3] NCCL INFO GPU Direct RDMA Disabled for GPU 2 / HCA 1 (distance 5 > 0)
MOC-R4PCC04U05:727264:727389 [3] NCCL INFO GPU Direct RDMA Disabled for GPU 0 / HCA 1 (distance 5 > 0)
MOC-R4PCC04U05:727264:727389 [3] NCCL INFO GPU Direct RDMA Disabled for GPU 1 / HCA 1 (distance 5 > 0)
MOC-R4PCC04U05:727264:727389 [3] NCCL INFO GPU Direct RDMA Disabled for GPU 2 / HCA 1 (distance 5 > 0)
MOC-R4PCC04U05:727263:727391 [2] NCCL INFO NCCL_NET_GDR_LEVEL set by environment to LOC
MOC-R4PCC04U05:727263:727391 [2] NCCL INFO GPU Direct RDMA Disabled for GPU 0 / HCA 1 (distance 5 > 0)
MOC-R4PCC04U05:727263:727391 [2] NCCL INFO GPU Direct RDMA Disabled for GPU 1 / HCA 1 (distance 5 > 0)
MOC-R4PCC04U05:727263:727391 [2] NCCL INFO GPU Direct RDMA Disabled for GPU 2 / HCA 1 (distance 5 > 0)
MOC-R4PCC04U05:727263:727391 [2] NCCL INFO GPU Direct RDMA Disabled for GPU 0 / HCA 1 (distance 5 > 0)
MOC-R4PCC04U05:727263:727391 [2] NCCL INFO GPU Direct RDMA Disabled for GPU 1 / HCA 1 (distance 5 > 0)
MOC-R4PCC04U05:727263:727391 [2] NCCL INFO GPU Direct RDMA Disabled for GPU 2 / HCA 1 (distance 5 > 0)
MOC-R4PCC04U05:727264:727405 [3] NCCL INFO New proxy recv connection 0 from local rank 3, transport 0
MOC-R4PCC04U05:727264:727412 [3] NCCL INFO Connected to proxy localRank 3 -> connection 0x7ff478004f30
MOC-R4PCC04U05:727264:727405 [3] NCCL INFO New proxy recv connection 1 from local rank 3, transport 0
MOC-R4PCC04U05:727264:727412 [3] NCCL INFO Connected to proxy localRank 3 -> connection 0x7ff478004fa8
MOC-R4PCC04U05:727264:727412 [3] NCCL INFO GPU Direct RDMA Disabled for GPU 3 / HCA 1 (distance 7 > 0)
MOC-R4PCC04U05:727261:727410 [0] NCCL INFO New proxy send connection 0 from local rank 0, transport 0
MOC-R4PCC04U05:727261:727413 [0] NCCL INFO Connected to proxy localRank 0 -> connection 0x7f96cc004f30
MOC-R4PCC04U05:727261:727410 [0] NCCL INFO New proxy send connection 1 from local rank 0, transport 0
MOC-R4PCC04U05:727261:727413 [0] NCCL INFO Connected to proxy localRank 0 -> connection 0x7f96cc004fa8
MOC-R4PCC04U05:727263:727406 [2] NCCL INFO New proxy recv connection 0 from local rank 2, transport 0
MOC-R4PCC04U05:727263:727414 [2] NCCL INFO Connected to proxy localRank 2 -> connection 0x7fc538004f30
MOC-R4PCC04U05:727263:727406 [2] NCCL INFO New proxy recv connection 1 from local rank 2, transport 0
MOC-R4PCC04U05:727263:727414 [2] NCCL INFO Connected to proxy localRank 2 -> connection 0x7fc538004fa8
MOC-R4PCC04U05:727261:727410 [0] NCCL INFO New proxy send connection 2 from local rank 0, transport 0
MOC-R4PCC04U05:727263:727414 [2] NCCL INFO GPU Direct RDMA Disabled for GPU 2 / HCA 1 (distance 7 > 0)
MOC-R4PCC04U05:727261:727413 [0] NCCL INFO Connected to proxy localRank 0 -> connection 0x7f96cc005020
MOC-R4PCC04U05:727262:727404 [1] NCCL INFO New proxy recv connection 0 from local rank 1, transport 0
MOC-R4PCC04U05:727262:727415 [1] NCCL INFO Connected to proxy localRank 1 -> connection 0x7fb840004f30
MOC-R4PCC04U05:727261:727410 [0] NCCL INFO New proxy send connection 3 from local rank 0, transport 0
MOC-R4PCC04U05:727261:727413 [0] NCCL INFO Connected to proxy localRank 0 -> connection 0x7f96cc005098
MOC-R4PCC04U05:727262:727404 [1] NCCL INFO New proxy recv connection 1 from local rank 1, transport 0
MOC-R4PCC04U05:727262:727415 [1] NCCL INFO Connected to proxy localRank 1 -> connection 0x7fb840004fa8
MOC-R4PCC04U05:727264:727405 [3] NCCL INFO New proxy send connection 2 from local rank 3, transport 2
MOC-R4PCC04U05:727264:727412 [3] NCCL INFO Connected to proxy localRank 3 -> connection 0x7ff478005020
MOC-R4PCC04U05:727264:727412 [3] NCCL INFO Channel 00/0 : 3[3] -> 6[2] [send] via NET/IB/1
MOC-R4PCC04U05:727264:727412 [3] NCCL INFO GPU Direct RDMA Disabled for GPU 3 / HCA 1 (distance 7 > 0)
MOC-R4PCC04U05:727264:727405 [3] NCCL INFO New proxy send connection 3 from local rank 3, transport 2
MOC-R4PCC04U05:727264:727412 [3] NCCL INFO Connected to proxy localRank 3 -> connection 0x7ff478005098
MOC-R4PCC04U05:727264:727412 [3] NCCL INFO Channel 02/0 : 3[3] -> 6[2] [send] via NET/IB/1
MOC-R4PCC04U05:727261:727410 [0] NCCL INFO New proxy recv connection 4 from local rank 0, transport 0
MOC-R4PCC04U05:727261:727413 [0] NCCL INFO Connected to proxy localRank 0 -> connection 0x7f96cc005110
MOC-R4PCC04U05:727261:727410 [0] NCCL INFO New proxy recv connection 5 from local rank 0, transport 0
MOC-R4PCC04U05:727261:727413 [0] NCCL INFO Connected to proxy localRank 0 -> connection 0x7f96cc005188
MOC-R4PCC04U05:727261:727410 [0] NCCL INFO New proxy recv connection 6 from local rank 0, transport 0
MOC-R4PCC04U05:727261:727413 [0] NCCL INFO Connected to proxy localRank 0 -> connection 0x7f96cc005200
MOC-R4PCC04U05:727261:727410 [0] NCCL INFO New proxy recv connection 7 from local rank 0, transport 0
MOC-R4PCC04U05:727261:727413 [0] NCCL INFO Connected to proxy localRank 0 -> connection 0x7f96cc005278
MOC-R4PCC04U05:727263:727406 [2] NCCL INFO New proxy recv connection 2 from local rank 2, transport 2
MOC-R4PCC04U05:727263:727414 [2] NCCL INFO Connected to proxy localRank 2 -> connection 0x7fc538005020
MOC-R4PCC04U05:727263:727414 [2] NCCL INFO Channel 00/0 : 15[3] -> 2[2] [receive] via NET/IB/1
MOC-R4PCC04U05:727263:727414 [2] NCCL INFO GPU Direct RDMA Disabled for GPU 2 / HCA 1 (distance 7 > 0)
MOC-R4PCC04U05:727263:727406 [2] NCCL INFO New proxy recv connection 3 from local rank 2, transport 2
MOC-R4PCC04U05:727263:727414 [2] NCCL INFO Connected to proxy localRank 2 -> connection 0x7fc538005098
MOC-R4PCC04U05:727263:727414 [2] NCCL INFO Channel 02/0 : 15[3] -> 2[2] [receive] via NET/IB/1
MOC-R4PCC04U05:727263:727414 [2] NCCL INFO GPU Direct RDMA Disabled for GPU 2 / HCA 1 (distance 7 > 0)
MOC-R4PCC04U05:727263:727406 [2] NCCL INFO New proxy send connection 4 from local rank 2, transport 2
MOC-R4PCC04U05:727263:727414 [2] NCCL INFO Connected to proxy localRank 2 -> connection 0x7fc538005110
MOC-R4PCC04U05:727263:727414 [2] NCCL INFO Channel 01/0 : 2[2] -> 7[3] [send] via NET/IB/1
MOC-R4PCC04U05:727263:727414 [2] NCCL INFO GPU Direct RDMA Disabled for GPU 2 / HCA 1 (distance 7 > 0)
MOC-R4PCC04U05:727263:727406 [2] NCCL INFO New proxy send connection 5 from local rank 2, transport 2
MOC-R4PCC04U05:727263:727414 [2] NCCL INFO Connected to proxy localRank 2 -> connection 0x7fc538005188
MOC-R4PCC04U05:727263:727414 [2] NCCL INFO Channel 03/0 : 2[2] -> 7[3] [send] via NET/IB/1
MOC-R4PCC04U05:727264:727412 [3] NCCL INFO GPU Direct RDMA Disabled for GPU 3 / HCA 1 (distance 7 > 0)
MOC-R4PCC04U05:727264:727405 [3] NCCL INFO New proxy recv connection 4 from local rank 3, transport 2
MOC-R4PCC04U05:727264:727412 [3] NCCL INFO Connected to proxy localRank 3 -> connection 0x7ff478005110
MOC-R4PCC04U05:727264:727412 [3] NCCL INFO Channel 01/0 : 14[2] -> 3[3] [receive] via NET/IB/1
MOC-R4PCC04U05:727264:727412 [3] NCCL INFO GPU Direct RDMA Disabled for GPU 3 / HCA 1 (distance 7 > 0)
MOC-R4PCC04U05:727264:727405 [3] NCCL INFO New proxy recv connection 5 from local rank 3, transport 2
MOC-R4PCC04U05:727264:727412 [3] NCCL INFO Connected to proxy localRank 3 -> connection 0x7ff478005188
MOC-R4PCC04U05:727264:727412 [3] NCCL INFO Channel 03/0 : 14[2] -> 3[3] [receive] via NET/IB/1
MOC-R4PCC04U05:727264:727405 [3] NCCL INFO New proxy send connection 6 from local rank 3, transport 0
MOC-R4PCC04U05:727264:727412 [3] NCCL INFO Connected to proxy localRank 3 -> connection 0x7ff478005200
MOC-R4PCC04U05:727263:727406 [2] NCCL INFO New proxy send connection 6 from local rank 2, transport 0
MOC-R4PCC04U05:727263:727414 [2] NCCL INFO Connected to proxy localRank 2 -> connection 0x7fc538005200
MOC-R4PCC04U05:727264:727405 [3] NCCL INFO New proxy send connection 7 from local rank 3, transport 0
MOC-R4PCC04U05:727264:727412 [3] NCCL INFO Connected to proxy localRank 3 -> connection 0x7ff478005278
MOC-R4PCC04U05:727263:727406 [2] NCCL INFO New proxy send connection 7 from local rank 2, transport 0
MOC-R4PCC04U05:727263:727414 [2] NCCL INFO Connected to proxy localRank 2 -> connection 0x7fc538005278
MOC-R4PCC04U05:727262:727404 [1] NCCL INFO New proxy recv connection 2 from local rank 1, transport 0
MOC-R4PCC04U05:727262:727415 [1] NCCL INFO Connected to proxy localRank 1 -> connection 0x7fb840005020
MOC-R4PCC04U05:727261:727410 [0] NCCL INFO New proxy send connection 8 from local rank 3, transport 0
MOC-R4PCC04U05:727264:727412 [3] NCCL INFO Connected to proxy localRank 0 -> connection 0x7f96cc0052f0
MOC-R4PCC04U05:727262:727404 [1] NCCL INFO New proxy recv connection 3 from local rank 1, transport 0
MOC-R4PCC04U05:727262:727415 [1] NCCL INFO Connected to proxy localRank 1 -> connection 0x7fb840005098
MOC-R4PCC04U05:727262:727404 [1] NCCL INFO New proxy send connection 4 from local rank 1, transport 0
MOC-R4PCC04U05:727262:727415 [1] NCCL INFO Connected to proxy localRank 1 -> connection 0x7fb840005110
MOC-R4PCC04U05:727262:727404 [1] NCCL INFO New proxy send connection 5 from local rank 1, transport 0
MOC-R4PCC04U05:727262:727415 [1] NCCL INFO Connected to proxy localRank 1 -> connection 0x7fb840005188
MOC-R4PCC04U05:727262:727404 [1] NCCL INFO New proxy send connection 6 from local rank 1, transport 0
MOC-R4PCC04U05:727262:727415 [1] NCCL INFO Connected to proxy localRank 1 -> connection 0x7fb840005200
MOC-R4PCC04U05:727262:727404 [1] NCCL INFO New proxy send connection 7 from local rank 1, transport 0
MOC-R4PCC04U05:727262:727415 [1] NCCL INFO Connected to proxy localRank 1 -> connection 0x7fb840005278
MOC-R4PCC04U05:727264:727405 [3] NCCL INFO New proxy send connection 8 from local rank 1, transport 0
MOC-R4PCC04U05:727261:727410 [0] NCCL INFO New proxy send connection 9 from local rank 2, transport 0
MOC-R4PCC04U05:727262:727415 [1] NCCL INFO Connected to proxy localRank 3 -> connection 0x7ff4780052f0
MOC-R4PCC04U05:727263:727406 [2] NCCL INFO New proxy send connection 8 from local rank 0, transport 0
MOC-R4PCC04U05:727263:727414 [2] NCCL INFO Connected to proxy localRank 0 -> connection 0x7f96cc005368
MOC-R4PCC04U05:727261:727413 [0] NCCL INFO Connected to proxy localRank 2 -> connection 0x7fc5380052f0
MOC-R4PCC04U05:727262:727404 [1] NCCL INFO New proxy send connection 8 from local rank 3, transport 0
MOC-R4PCC04U05:727264:727412 [3] NCCL INFO Connected to proxy localRank 1 -> connection 0x7fb8400052f0
MOC-R4PCC04U05:727262:727404 [1] NCCL INFO New proxy send connection 9 from local rank 2, transport 0
MOC-R4PCC04U05:727263:727414 [2] NCCL INFO Connected to proxy localRank 1 -> connection 0x7fb840005368
MOC-R4PCC04U05:727263:727406 [2] NCCL INFO NET/IB: NCCL Dev 1 IbDev 0 Port 1 qpn 11978 mtu 3 query_ece={supported=1, vendor_id=0x15b3, options=0x30000002, comp_mask=0x0} GID 3 (0/C132A8C0FFFF0000) fifoRkey=0x174705 fifoLkey=0x174705
MOC-R4PCC04U05:727263:727406 [2] NCCL INFO NET/IB: NCCL Dev 1 IbDev 0 Port 1 qpn 11979 mtu 3 query_ece={supported=1, vendor_id=0x15b3, options=0x30000002, comp_mask=0x0} GID 3 (0/C132A8C0FFFF0000) fifoRkey=0x17cb8a fifoLkey=0x17cb8a
MOC-R4PCC04U05:727263:727406 [2] NCCL INFO NET/IB: IbDev 0 Port 1 qpn 12470 set_ece={supported=1, vendor_id=0x15b3, options=0x0, comp_mask=0x0}
MOC-R4PCC04U05:727264:727405 [3] NCCL INFO New proxy send connection 9 from local rank 0, transport 0
MOC-R4PCC04U05:727261:727413 [0] NCCL INFO Connected to proxy localRank 3 -> connection 0x7ff478005368
MOC-R4PCC04U05:727263:727406 [2] NCCL INFO NET/IB: IbDev 0 Port 1 qpn 12472 set_ece={supported=1, vendor_id=0x15b3, options=0x0, comp_mask=0x0}
MOC-R4PCC04U05:727261:727410 [0] NCCL INFO New proxy send connection 10 from local rank 1, transport 0
MOC-R4PCC04U05:727262:727415 [1] NCCL INFO Connected to proxy localRank 0 -> connection 0x7f96cc0053e0
MOC-R4PCC04U05:727263:727406 [2] NCCL INFO New proxy send connection 9 from local rank 1, transport 0
MOC-R4PCC04U05:727262:727415 [1] NCCL INFO Connected to proxy localRank 2 -> connection 0x7fc538005368
MOC-R4PCC04U05:727264:727405 [3] NCCL INFO NET/IB: NCCL Dev 1 IbDev 0 Port 1 qpn 11988 mtu 3 query_ece={supported=1, vendor_id=0x15b3, options=0x30000002, comp_mask=0x0} GID 3 (0/C132A8C0FFFF0000) fifoRkey=0x172eed fifoLkey=0x172eed
MOC-R4PCC04U05:727264:727405 [3] NCCL INFO NET/IB: NCCL Dev 1 IbDev 0 Port 1 qpn 11989 mtu 3 query_ece={supported=1, vendor_id=0x15b3, options=0x30000002, comp_mask=0x0} GID 3 (0/C132A8C0FFFF0000) fifoRkey=0x1722e1 fifoLkey=0x1722e1
MOC-R4PCC04U05:727264:727405 [3] NCCL INFO NET/IB: IbDev 0 Port 1 qpn 12478 set_ece={supported=1, vendor_id=0x15b3, options=0x0, comp_mask=0x0}
MOC-R4PCC04U05:727262:727404 [1] NCCL INFO New proxy send connection 10 from local rank 0, transport 0
MOC-R4PCC04U05:727261:727413 [0] NCCL INFO Connected to proxy localRank 1 -> connection 0x7fb8400053e0
MOC-R4PCC04U05:727264:727405 [3] NCCL INFO NET/IB: IbDev 0 Port 1 qpn 12480 set_ece={supported=1, vendor_id=0x15b3, options=0x0, comp_mask=0x0}
num decayed parameter tensors: 50, with 124,318,464 parameters
num non-decayed parameter tensors: 98, with 121,344 parameters
using fused AdamW: False
using regular AdamW
MOC-R4PCC04U05:727264:727405 [3] NCCL INFO New proxy recv connection 10 from local rank 3, transport 0
MOC-R4PCC04U05:727264:728107 [3] NCCL INFO Connected to proxy localRank 3 -> connection 0x7ff4780053e0
MOC-R4PCC04U05:727264:727405 [3] NCCL INFO New proxy recv connection 11 from local rank 3, transport 0
MOC-R4PCC04U05:727264:728107 [3] NCCL INFO Connected to proxy localRank 3 -> connection 0x7ff478005458
MOC-R4PCC04U05:727261:727410 [0] NCCL INFO New proxy send connection 11 from local rank 0, transport 0
MOC-R4PCC04U05:727261:728108 [0] NCCL INFO Connected to proxy localRank 0 -> connection 0x7f96cc005458
MOC-R4PCC04U05:727261:727410 [0] NCCL INFO New proxy send connection 12 from local rank 0, transport 0
MOC-R4PCC04U05:727261:728108 [0] NCCL INFO Connected to proxy localRank 0 -> connection 0x7f96cc0054d0
MOC-R4PCC04U05:727261:727410 [0] NCCL INFO New proxy send connection 13 from local rank 0, transport 0
MOC-R4PCC04U05:727261:728108 [0] NCCL INFO Connected to proxy localRank 0 -> connection 0x7f96cc005548
MOC-R4PCC04U05:727261:727410 [0] NCCL INFO New proxy send connection 14 from local rank 0, transport 0
MOC-R4PCC04U05:727261:728108 [0] NCCL INFO Connected to proxy localRank 0 -> connection 0x7f96cc0055c0
MOC-R4PCC04U05:727262:727404 [1] NCCL INFO New proxy recv connection 11 from local rank 1, transport 0
MOC-R4PCC04U05:727262:728109 [1] NCCL INFO Connected to proxy localRank 1 -> connection 0x7fb840005458
MOC-R4PCC04U05:727262:727404 [1] NCCL INFO New proxy recv connection 12 from local rank 1, transport 0
MOC-R4PCC04U05:727262:728109 [1] NCCL INFO Connected to proxy localRank 1 -> connection 0x7fb8400054d0
MOC-R4PCC04U05:727262:727404 [1] NCCL INFO New proxy recv connection 13 from local rank 1, transport 0
MOC-R4PCC04U05:727262:728109 [1] NCCL INFO Connected to proxy localRank 1 -> connection 0x7fb840005548
MOC-R4PCC04U05:727262:727404 [1] NCCL INFO New proxy recv connection 14 from local rank 1, transport 0
MOC-R4PCC04U05:727262:728109 [1] NCCL INFO Connected to proxy localRank 1 -> connection 0x7fb8400055c0
MOC-R4PCC04U05:727262:727404 [1] NCCL INFO New proxy send connection 15 from local rank 1, transport 0
MOC-R4PCC04U05:727262:728109 [1] NCCL INFO Connected to proxy localRank 1 -> connection 0x7fb840005638
MOC-R4PCC04U05:727262:727404 [1] NCCL INFO New proxy send connection 16 from local rank 1, transport 0
MOC-R4PCC04U05:727262:728109 [1] NCCL INFO Connected to proxy localRank 1 -> connection 0x7fb8400056b0
MOC-R4PCC04U05:727263:727406 [2] NCCL INFO New proxy recv connection 10 from local rank 2, transport 0
MOC-R4PCC04U05:727263:728110 [2] NCCL INFO Connected to proxy localRank 2 -> connection 0x7fc5380053e0
MOC-R4PCC04U05:727262:727404 [1] NCCL INFO New proxy send connection 17 from local rank 1, transport 0
MOC-R4PCC04U05:727262:728109 [1] NCCL INFO Connected to proxy localRank 1 -> connection 0x7fb840005728
MOC-R4PCC04U05:727262:727404 [1] NCCL INFO New proxy send connection 18 from local rank 1, transport 0
MOC-R4PCC04U05:727262:728109 [1] NCCL INFO Connected to proxy localRank 1 -> connection 0x7fb8400057a0
MOC-R4PCC04U05:727263:727406 [2] NCCL INFO New proxy recv connection 11 from local rank 2, transport 0
MOC-R4PCC04U05:727263:728110 [2] NCCL INFO Connected to proxy localRank 2 -> connection 0x7fc538005458
MOC-R4PCC04U05:727263:727406 [2] NCCL INFO New proxy recv connection 12 from local rank 2, transport 0
MOC-R4PCC04U05:727263:728110 [2] NCCL INFO Connected to proxy localRank 2 -> connection 0x7fc5380054d0
MOC-R4PCC04U05:727263:727406 [2] NCCL INFO New proxy recv connection 13 from local rank 2, transport 0
MOC-R4PCC04U05:727261:727410 [0] NCCL INFO New proxy send connection 15 from local rank 0, transport 0
MOC-R4PCC04U05:727263:728110 [2] NCCL INFO Connected to proxy localRank 2 -> connection 0x7fc538005548
MOC-R4PCC04U05:727261:728108 [0] NCCL INFO Connected to proxy localRank 0 -> connection 0x7f96cc005638
MOC-R4PCC04U05:727262:727404 [1] NCCL INFO New proxy recv connection 19 from local rank 1, transport 0
MOC-R4PCC04U05:727263:727406 [2] NCCL INFO New proxy send connection 14 from local rank 2, transport 0
MOC-R4PCC04U05:727262:728109 [1] NCCL INFO Connected to proxy localRank 1 -> connection 0x7fb840005818
MOC-R4PCC04U05:727261:727410 [0] NCCL INFO New proxy send connection 16 from local rank 0, transport 0
MOC-R4PCC04U05:727263:728110 [2] NCCL INFO Connected to proxy localRank 2 -> connection 0x7fc5380055c0
MOC-R4PCC04U05:727261:728108 [0] NCCL INFO Connected to proxy localRank 0 -> connection 0x7f96cc0056b0
MOC-R4PCC04U05:727262:727404 [1] NCCL INFO New proxy recv connection 20 from local rank 1, transport 0
MOC-R4PCC04U05:727263:727406 [2] NCCL INFO New proxy send connection 15 from local rank 2, transport 0
MOC-R4PCC04U05:727262:728109 [1] NCCL INFO Connected to proxy localRank 1 -> connection 0x7fb840005890
MOC-R4PCC04U05:727263:728110 [2] NCCL INFO Connected to proxy localRank 2 -> connection 0x7fc538005638
MOC-R4PCC04U05:727261:727410 [0] NCCL INFO New proxy recv connection 17 from local rank 0, transport 0
MOC-R4PCC04U05:727261:728108 [0] NCCL INFO Connected to proxy localRank 0 -> connection 0x7f96cc005728
MOC-R4PCC04U05:727264:728107 [3] NCCL INFO GPU Direct RDMA Disabled for GPU 3 / HCA 1 (distance 7 > 0)
MOC-R4PCC04U05:727264:727405 [3] NCCL INFO New proxy send connection 12 from local rank 3, transport 2
MOC-R4PCC04U05:727264:728107 [3] NCCL INFO Connected to proxy localRank 3 -> connection 0x7ff4780054d0
MOC-R4PCC04U05:727261:727410 [0] NCCL INFO New proxy recv connection 18 from local rank 0, transport 0
MOC-R4PCC04U05:727261:728108 [0] NCCL INFO Connected to proxy localRank 0 -> connection 0x7f96cc0057a0
MOC-R4PCC04U05:727264:728107 [3] NCCL INFO Channel 02/0 : 3[3] -> 7[3] [send] via NET/IB/1
MOC-R4PCC04U05:727264:728107 [3] NCCL INFO GPU Direct RDMA Disabled for GPU 3 / HCA 1 (distance 7 > 0)
MOC-R4PCC04U05:727264:727405 [3] NCCL INFO New proxy send connection 13 from local rank 3, transport 2
MOC-R4PCC04U05:727264:728107 [3] NCCL INFO Connected to proxy localRank 3 -> connection 0x7ff478005548
MOC-R4PCC04U05:727264:728107 [3] NCCL INFO Channel 03/0 : 3[3] -> 7[3] [send] via NET/IB/1
MOC-R4PCC04U05:727261:727410 [0] NCCL INFO New proxy recv connection 19 from local rank 0, transport 0
MOC-R4PCC04U05:727261:728108 [0] NCCL INFO Connected to proxy localRank 0 -> connection 0x7f96cc005818
MOC-R4PCC04U05:727261:727410 [0] NCCL INFO New proxy recv connection 20 from local rank 0, transport 0
MOC-R4PCC04U05:727261:728108 [0] NCCL INFO Connected to proxy localRank 0 -> connection 0x7f96cc005890
MOC-R4PCC04U05:727264:728107 [3] NCCL INFO GPU Direct RDMA Disabled for GPU 3 / HCA 1 (distance 7 > 0)
MOC-R4PCC04U05:727264:727405 [3] NCCL INFO New proxy recv connection 14 from local rank 3, transport 2
MOC-R4PCC04U05:727264:728107 [3] NCCL INFO Connected to proxy localRank 3 -> connection 0x7ff4780055c0
MOC-R4PCC04U05:727264:728107 [3] NCCL INFO Channel 00/0 : 11[3] -> 3[3] [receive] via NET/IB/1
MOC-R4PCC04U05:727264:728107 [3] NCCL INFO GPU Direct RDMA Disabled for GPU 3 / HCA 1 (distance 7 > 0)
MOC-R4PCC04U05:727264:727405 [3] NCCL INFO New proxy recv connection 15 from local rank 3, transport 2
MOC-R4PCC04U05:727264:728107 [3] NCCL INFO Connected to proxy localRank 3 -> connection 0x7ff478005638
MOC-R4PCC04U05:727264:728107 [3] NCCL INFO Channel 01/0 : 11[3] -> 3[3] [receive] via NET/IB/1
MOC-R4PCC04U05:727264:728107 [3] NCCL INFO GPU Direct RDMA Disabled for GPU 3 / HCA 1 (distance 7 > 0)
MOC-R4PCC04U05:727264:727405 [3] NCCL INFO New proxy send connection 16 from local rank 3, transport 2
MOC-R4PCC04U05:727264:728107 [3] NCCL INFO Connected to proxy localRank 3 -> connection 0x7ff4780056b0
MOC-R4PCC04U05:727264:728107 [3] NCCL INFO Channel 00/0 : 3[3] -> 11[3] [send] via NET/IB/1
MOC-R4PCC04U05:727264:728107 [3] NCCL INFO GPU Direct RDMA Disabled for GPU 3 / HCA 1 (distance 7 > 0)
MOC-R4PCC04U05:727264:727405 [3] NCCL INFO New proxy send connection 17 from local rank 3, transport 2
MOC-R4PCC04U05:727264:728107 [3] NCCL INFO Connected to proxy localRank 3 -> connection 0x7ff478005728
MOC-R4PCC04U05:727264:728107 [3] NCCL INFO Channel 01/0 : 3[3] -> 11[3] [send] via NET/IB/1
MOC-R4PCC04U05:727264:728107 [3] NCCL INFO GPU Direct RDMA Disabled for GPU 3 / HCA 1 (distance 7 > 0)
MOC-R4PCC04U05:727264:727405 [3] NCCL INFO New proxy recv connection 18 from local rank 3, transport 2
MOC-R4PCC04U05:727264:728107 [3] NCCL INFO Connected to proxy localRank 3 -> connection 0x7ff4780057a0
MOC-R4PCC04U05:727264:728107 [3] NCCL INFO Channel 02/0 : 7[3] -> 3[3] [receive] via NET/IB/1
MOC-R4PCC04U05:727264:728107 [3] NCCL INFO GPU Direct RDMA Disabled for GPU 3 / HCA 1 (distance 7 > 0)
MOC-R4PCC04U05:727264:727405 [3] NCCL INFO New proxy recv connection 19 from local rank 3, transport 2
MOC-R4PCC04U05:727264:728107 [3] NCCL INFO Connected to proxy localRank 3 -> connection 0x7ff478005818
MOC-R4PCC04U05:727264:728107 [3] NCCL INFO Channel 03/0 : 7[3] -> 3[3] [receive] via NET/IB/1
MOC-R4PCC04U05:727264:727405 [3] NCCL INFO New proxy send connection 20 from local rank 3, transport 0
MOC-R4PCC04U05:727264:728107 [3] NCCL INFO Connected to proxy localRank 3 -> connection 0x7ff478005890
MOC-R4PCC04U05:727264:727405 [3] NCCL INFO New proxy send connection 21 from local rank 3, transport 0
MOC-R4PCC04U05:727264:728107 [3] NCCL INFO Connected to proxy localRank 3 -> connection 0x7ff478005908
MOC-R4PCC04U05:727264:727405 [3] NCCL INFO New proxy send connection 22 from local rank 3, transport 0
MOC-R4PCC04U05:727264:728107 [3] NCCL INFO Connected to proxy localRank 3 -> connection 0x7ff478005980
MOC-R4PCC04U05:727264:727405 [3] NCCL INFO New proxy send connection 23 from local rank 3, transport 0
MOC-R4PCC04U05:727264:728107 [3] NCCL INFO Connected to proxy localRank 3 -> connection 0x7ff4780059f8
MOC-R4PCC04U05:727264:727405 [3] NCCL INFO NET/IB: NCCL Dev 1 IbDev 0 Port 1 qpn 11990 mtu 3 query_ece={supported=1, vendor_id=0x15b3, options=0x30000002, comp_mask=0x0} GID 3 (0/C132A8C0FFFF0000) fifoRkey=0x17b372 fifoLkey=0x17b372
MOC-R4PCC04U05:727264:727405 [3] NCCL INFO NET/IB: NCCL Dev 1 IbDev 0 Port 1 qpn 11991 mtu 3 query_ece={supported=1, vendor_id=0x15b3, options=0x30000002, comp_mask=0x0} GID 3 (0/C132A8C0FFFF0000) fifoRkey=0x17a767 fifoLkey=0x17a767
MOC-R4PCC04U05:727264:727405 [3] NCCL INFO NET/IB: IbDev 0 Port 1 qpn 12485 set_ece={supported=1, vendor_id=0x15b3, options=0x0, comp_mask=0x0}
MOC-R4PCC04U05:727264:727405 [3] NCCL INFO NET/IB: IbDev 0 Port 1 qpn 12488 set_ece={supported=1, vendor_id=0x15b3, options=0x0, comp_mask=0x0}
MOC-R4PCC04U05:727264:727405 [3] NCCL INFO NET/IB: NCCL Dev 1 IbDev 0 Port 1 qpn 11992 mtu 3 query_ece={supported=1, vendor_id=0x15b3, options=0x30000002, comp_mask=0x0} GID 3 (0/C132A8C0FFFF0000) fifoRkey=0x177837 fifoLkey=0x177837
MOC-R4PCC04U05:727264:727405 [3] NCCL INFO NET/IB: IbDev 0 Port 1 qpn 9937 set_ece={supported=1, vendor_id=0x15b3, options=0x0, comp_mask=0x0}
MOC-R4PCC04U05:727264:727405 [3] NCCL INFO NET/IB: NCCL Dev 1 IbDev 0 Port 1 qpn 11995 mtu 3 query_ece={supported=1, vendor_id=0x15b3, options=0x30000002, comp_mask=0x0} GID 3 (0/C132A8C0FFFF0000) fifoRkey=0x17d796 fifoLkey=0x17d796
MOC-R4PCC04U05:727264:727405 [3] NCCL INFO NET/IB: IbDev 0 Port 1 qpn 9942 set_ece={supported=1, vendor_id=0x15b3, options=0x0, comp_mask=0x0}
step    1/10 | train loss 11.010080 | norm 15.3561 | lr 1.00e-04 | (14553.08 ms | 288207 tok/s)
step    2/10 | train loss 10.138498 | norm 5.7509 | lr 1.00e-04 | (660.12 ms | 6353881 tok/s)
step    3/10 | train loss 9.798908 | norm 2.6008 | lr 1.00e-04 | (655.19 ms | 6401616 tok/s)
step    4/10 | train loss 9.629971 | norm 2.1074 | lr 1.00e-04 | (651.87 ms | 6434276 tok/s)
step    5/10 | train loss 9.547400 | norm 2.1023 | lr 1.00e-04 | (659.52 ms | 6359653 tok/s)
step    6/10 | train loss 9.467024 | norm 1.9934 | lr 1.00e-04 | (656.75 ms | 6386411 tok/s)
step    7/10 | train loss 9.382393 | norm 1.9432 | lr 1.00e-04 | (657.52 ms | 6378977 tok/s)
step    8/10 | train loss 9.291878 | norm 1.9119 | lr 1.00e-04 | (659.99 ms | 6355095 tok/s)
step    9/10 | train loss 9.197289 | norm 1.8625 | lr 1.00e-04 | (657.05 ms | 6383553 tok/s)
step   10/10 | train loss 9.110218 | norm 1.7873 | lr 1.00e-04 | (658.38 ms | 6370631 tok/s)
final 9 iters avg: 657.377ms
peak memory consumption: 16601 MiB
