Running pytorch 2.7.0+cu126
using device: cuda:0
total desired batch size: 1966080
=> calculated gradient accumulation steps: 5
using device: cuda:1
using device: cuda:3
using device: cuda:2
compiling the model...
DataLoader: total number of tokens: 1,661,249,667 across 103 files
MOC-R4PCC04U05:577714:577714 [0] NCCL INFO NCCL_SOCKET_IFNAME set to eno7np0
MOC-R4PCC04U05:577714:577714 [0] NCCL INFO NCCL version 2.26.2+cuda12.2
MOC-R4PCC04U05:577714:577819 [0] NCCL INFO NET/Plugin: Could not find: libnccl-net.so. Using internal net plugin.
MOC-R4PCC04U05:577714:577819 [0] NCCL INFO NET/Socket : Using [0]eno7np0:192.168.50.193<0>
MOC-R4PCC04U05:577715:577715 [1] NCCL INFO NCCL_SOCKET_IFNAME set to eno7np0
MOC-R4PCC04U05:577715:577715 [1] NCCL INFO NCCL version 2.26.2+cuda12.2
MOC-R4PCC04U05:577716:577716 [2] NCCL INFO NCCL_SOCKET_IFNAME set to eno7np0
MOC-R4PCC04U05:577716:577716 [2] NCCL INFO NCCL version 2.26.2+cuda12.2
MOC-R4PCC04U05:577717:577717 [3] NCCL INFO NCCL_SOCKET_IFNAME set to eno7np0
MOC-R4PCC04U05:577717:577717 [3] NCCL INFO NCCL version 2.26.2+cuda12.2
MOC-R4PCC04U05:577716:577842 [2] NCCL INFO NET/Plugin: Could not find: libnccl-net.so. Using internal net plugin.
MOC-R4PCC04U05:577715:577841 [1] NCCL INFO NET/Plugin: Could not find: libnccl-net.so. Using internal net plugin.
MOC-R4PCC04U05:577716:577842 [2] NCCL INFO NET/Socket : Using [0]eno7np0:192.168.50.193<0>
MOC-R4PCC04U05:577715:577841 [1] NCCL INFO NET/Socket : Using [0]eno7np0:192.168.50.193<0>
MOC-R4PCC04U05:577717:577843 [3] NCCL INFO NET/Plugin: Could not find: libnccl-net.so. Using internal net plugin.
MOC-R4PCC04U05:577717:577843 [3] NCCL INFO NET/Socket : Using [0]eno7np0:192.168.50.193<0>
MOC-R4PCC04U05:577715:577841 [1] NCCL INFO NET/Socket : GPU Direct RDMA Disabled for HCA 0 'eno7np0'
MOC-R4PCC04U05:577717:577843 [3] NCCL INFO NET/Socket : GPU Direct RDMA Disabled for HCA 0 'eno7np0'
MOC-R4PCC04U05:577714:577819 [0] NCCL INFO NET/Socket : GPU Direct RDMA Disabled for HCA 0 'eno7np0'
MOC-R4PCC04U05:577716:577842 [2] NCCL INFO NET/Socket : GPU Direct RDMA Disabled for HCA 0 'eno7np0'
MOC-R4PCC04U05:577716:577852 [2] NCCL INFO New proxy recv connection 0 from local rank 2, transport 0
MOC-R4PCC04U05:577716:577927 [2] NCCL INFO Connected to proxy localRank 2 -> connection 0x7f9168004f30
MOC-R4PCC04U05:577716:577852 [2] NCCL INFO New proxy recv connection 1 from local rank 2, transport 0
MOC-R4PCC04U05:577716:577927 [2] NCCL INFO Connected to proxy localRank 2 -> connection 0x7f9168004fa8
MOC-R4PCC04U05:577717:577853 [3] NCCL INFO New proxy recv connection 0 from local rank 3, transport 0
MOC-R4PCC04U05:577717:577928 [3] NCCL INFO Connected to proxy localRank 3 -> connection 0x7fe864004f30
MOC-R4PCC04U05:577714:577854 [0] NCCL INFO New proxy send connection 0 from local rank 0, transport 0
MOC-R4PCC04U05:577714:577929 [0] NCCL INFO Connected to proxy localRank 0 -> connection 0x7f0860004f30
MOC-R4PCC04U05:577717:577853 [3] NCCL INFO New proxy recv connection 1 from local rank 3, transport 0
MOC-R4PCC04U05:577714:577854 [0] NCCL INFO New proxy send connection 1 from local rank 0, transport 0
MOC-R4PCC04U05:577717:577928 [3] NCCL INFO Connected to proxy localRank 3 -> connection 0x7fe864004fa8
MOC-R4PCC04U05:577714:577929 [0] NCCL INFO Connected to proxy localRank 0 -> connection 0x7f0860004fa8
MOC-R4PCC04U05:577714:577854 [0] NCCL INFO New proxy send connection 2 from local rank 0, transport 0
MOC-R4PCC04U05:577714:577929 [0] NCCL INFO Connected to proxy localRank 0 -> connection 0x7f0860005020
MOC-R4PCC04U05:577714:577854 [0] NCCL INFO New proxy send connection 3 from local rank 0, transport 0
MOC-R4PCC04U05:577714:577929 [0] NCCL INFO Connected to proxy localRank 0 -> connection 0x7f0860005098
MOC-R4PCC04U05:577715:577855 [1] NCCL INFO New proxy recv connection 0 from local rank 1, transport 0
MOC-R4PCC04U05:577715:577930 [1] NCCL INFO Connected to proxy localRank 1 -> connection 0x7fb2d4004f30
MOC-R4PCC04U05:577715:577855 [1] NCCL INFO New proxy recv connection 1 from local rank 1, transport 0
MOC-R4PCC04U05:577715:577930 [1] NCCL INFO Connected to proxy localRank 1 -> connection 0x7fb2d4004fa8
MOC-R4PCC04U05:577716:577852 [2] NCCL INFO New proxy recv connection 2 from local rank 2, transport 2
MOC-R4PCC04U05:577717:577853 [3] NCCL INFO New proxy send connection 2 from local rank 3, transport 2
MOC-R4PCC04U05:577716:577927 [2] NCCL INFO Connected to proxy localRank 2 -> connection 0x7f9168005020
MOC-R4PCC04U05:577717:577928 [3] NCCL INFO Connected to proxy localRank 3 -> connection 0x7fe864005020
MOC-R4PCC04U05:577716:577927 [2] NCCL INFO Channel 00/0 : 11[3] -> 2[2] [receive] via NET/Socket/0
MOC-R4PCC04U05:577716:577852 [2] NCCL INFO New proxy recv connection 3 from local rank 2, transport 2
MOC-R4PCC04U05:577716:577927 [2] NCCL INFO Connected to proxy localRank 2 -> connection 0x7f9168005098
MOC-R4PCC04U05:577717:577928 [3] NCCL INFO Channel 00/0 : 3[3] -> 6[2] [send] via NET/Socket/0
MOC-R4PCC04U05:577717:577853 [3] NCCL INFO New proxy send connection 3 from local rank 3, transport 2
MOC-R4PCC04U05:577717:577928 [3] NCCL INFO Connected to proxy localRank 3 -> connection 0x7fe864005098
MOC-R4PCC04U05:577716:577927 [2] NCCL INFO Channel 02/0 : 11[3] -> 2[2] [receive] via NET/Socket/0
MOC-R4PCC04U05:577717:577928 [3] NCCL INFO Channel 02/0 : 3[3] -> 6[2] [send] via NET/Socket/0
MOC-R4PCC04U05:577714:577854 [0] NCCL INFO New proxy recv connection 4 from local rank 0, transport 0
MOC-R4PCC04U05:577714:577929 [0] NCCL INFO Connected to proxy localRank 0 -> connection 0x7f0860005110
MOC-R4PCC04U05:577717:577853 [3] NCCL INFO New proxy recv connection 4 from local rank 3, transport 2
MOC-R4PCC04U05:577717:577928 [3] NCCL INFO Connected to proxy localRank 3 -> connection 0x7fe864005110
MOC-R4PCC04U05:577717:577928 [3] NCCL INFO Channel 01/0 : 10[2] -> 3[3] [receive] via NET/Socket/0
MOC-R4PCC04U05:577717:577853 [3] NCCL INFO New proxy recv connection 5 from local rank 3, transport 2
MOC-R4PCC04U05:577717:577928 [3] NCCL INFO Connected to proxy localRank 3 -> connection 0x7fe864005188
MOC-R4PCC04U05:577714:577854 [0] NCCL INFO New proxy recv connection 5 from local rank 0, transport 0
MOC-R4PCC04U05:577714:577929 [0] NCCL INFO Connected to proxy localRank 0 -> connection 0x7f0860005188
MOC-R4PCC04U05:577717:577928 [3] NCCL INFO Channel 03/0 : 10[2] -> 3[3] [receive] via NET/Socket/0
MOC-R4PCC04U05:577714:577854 [0] NCCL INFO New proxy recv connection 6 from local rank 0, transport 0
MOC-R4PCC04U05:577714:577929 [0] NCCL INFO Connected to proxy localRank 0 -> connection 0x7f0860005200
MOC-R4PCC04U05:577714:577854 [0] NCCL INFO New proxy recv connection 7 from local rank 0, transport 0
MOC-R4PCC04U05:577714:577929 [0] NCCL INFO Connected to proxy localRank 0 -> connection 0x7f0860005278
MOC-R4PCC04U05:577716:577852 [2] NCCL INFO New proxy send connection 4 from local rank 2, transport 2
MOC-R4PCC04U05:577716:577927 [2] NCCL INFO Connected to proxy localRank 2 -> connection 0x7f9168005110
MOC-R4PCC04U05:577716:577927 [2] NCCL INFO Channel 01/0 : 2[2] -> 7[3] [send] via NET/Socket/0
MOC-R4PCC04U05:577716:577852 [2] NCCL INFO New proxy send connection 5 from local rank 2, transport 2
MOC-R4PCC04U05:577716:577927 [2] NCCL INFO Connected to proxy localRank 2 -> connection 0x7f9168005188
MOC-R4PCC04U05:577716:577927 [2] NCCL INFO Channel 03/0 : 2[2] -> 7[3] [send] via NET/Socket/0
MOC-R4PCC04U05:577717:577853 [3] NCCL INFO New proxy send connection 6 from local rank 3, transport 0
MOC-R4PCC04U05:577717:577928 [3] NCCL INFO Connected to proxy localRank 3 -> connection 0x7fe864005200
MOC-R4PCC04U05:577716:577852 [2] NCCL INFO New proxy send connection 6 from local rank 2, transport 0
MOC-R4PCC04U05:577716:577927 [2] NCCL INFO Connected to proxy localRank 2 -> connection 0x7f9168005200
MOC-R4PCC04U05:577717:577853 [3] NCCL INFO New proxy send connection 7 from local rank 3, transport 0
MOC-R4PCC04U05:577717:577928 [3] NCCL INFO Connected to proxy localRank 3 -> connection 0x7fe864005278
MOC-R4PCC04U05:577716:577852 [2] NCCL INFO New proxy send connection 7 from local rank 2, transport 0
MOC-R4PCC04U05:577716:577927 [2] NCCL INFO Connected to proxy localRank 2 -> connection 0x7f9168005278
MOC-R4PCC04U05:577715:577855 [1] NCCL INFO New proxy recv connection 2 from local rank 1, transport 0
MOC-R4PCC04U05:577714:577854 [0] NCCL INFO New proxy send connection 8 from local rank 3, transport 0
MOC-R4PCC04U05:577715:577930 [1] NCCL INFO Connected to proxy localRank 1 -> connection 0x7fb2d4005020
MOC-R4PCC04U05:577717:577928 [3] NCCL INFO Connected to proxy localRank 0 -> connection 0x7f08600052f0
MOC-R4PCC04U05:577715:577855 [1] NCCL INFO New proxy recv connection 3 from local rank 1, transport 0
MOC-R4PCC04U05:577715:577930 [1] NCCL INFO Connected to proxy localRank 1 -> connection 0x7fb2d4005098
MOC-R4PCC04U05:577715:577855 [1] NCCL INFO New proxy send connection 4 from local rank 1, transport 0
MOC-R4PCC04U05:577715:577930 [1] NCCL INFO Connected to proxy localRank 1 -> connection 0x7fb2d4005110
MOC-R4PCC04U05:577715:577855 [1] NCCL INFO New proxy send connection 5 from local rank 1, transport 0
MOC-R4PCC04U05:577715:577930 [1] NCCL INFO Connected to proxy localRank 1 -> connection 0x7fb2d4005188
MOC-R4PCC04U05:577715:577855 [1] NCCL INFO New proxy send connection 6 from local rank 1, transport 0
MOC-R4PCC04U05:577715:577930 [1] NCCL INFO Connected to proxy localRank 1 -> connection 0x7fb2d4005200
MOC-R4PCC04U05:577715:577855 [1] NCCL INFO New proxy send connection 7 from local rank 1, transport 0
MOC-R4PCC04U05:577715:577930 [1] NCCL INFO Connected to proxy localRank 1 -> connection 0x7fb2d4005278
MOC-R4PCC04U05:577715:577855 [1] NCCL INFO New proxy send connection 8 from local rank 3, transport 0
MOC-R4PCC04U05:577717:577928 [3] NCCL INFO Connected to proxy localRank 1 -> connection 0x7fb2d40052f0
MOC-R4PCC04U05:577714:577854 [0] NCCL INFO New proxy send connection 9 from local rank 2, transport 0
MOC-R4PCC04U05:577716:577927 [2] NCCL INFO Connected to proxy localRank 0 -> connection 0x7f0860005368
MOC-R4PCC04U05:577716:577852 [2] NCCL INFO New proxy send connection 8 from local rank 0, transport 0
MOC-R4PCC04U05:577714:577929 [0] NCCL INFO Connected to proxy localRank 2 -> connection 0x7f91680052f0
MOC-R4PCC04U05:577717:577853 [3] NCCL INFO New proxy send connection 8 from local rank 1, transport 0
MOC-R4PCC04U05:577715:577930 [1] NCCL INFO Connected to proxy localRank 3 -> connection 0x7fe8640052f0
MOC-R4PCC04U05:577715:577855 [1] NCCL INFO New proxy send connection 9 from local rank 2, transport 0
MOC-R4PCC04U05:577716:577927 [2] NCCL INFO Connected to proxy localRank 1 -> connection 0x7fb2d4005368
MOC-R4PCC04U05:577717:577853 [3] NCCL INFO New proxy send connection 9 from local rank 0, transport 0
MOC-R4PCC04U05:577714:577929 [0] NCCL INFO Connected to proxy localRank 3 -> connection 0x7fe864005368
MOC-R4PCC04U05:577714:577854 [0] NCCL INFO New proxy send connection 10 from local rank 1, transport 0
MOC-R4PCC04U05:577715:577930 [1] NCCL INFO Connected to proxy localRank 0 -> connection 0x7f08600053e0
MOC-R4PCC04U05:577715:577855 [1] NCCL INFO New proxy send connection 10 from local rank 0, transport 0
MOC-R4PCC04U05:577714:577929 [0] NCCL INFO Connected to proxy localRank 1 -> connection 0x7fb2d40053e0
MOC-R4PCC04U05:577716:577852 [2] NCCL INFO New proxy send connection 9 from local rank 1, transport 0
MOC-R4PCC04U05:577715:577930 [1] NCCL INFO Connected to proxy localRank 2 -> connection 0x7f9168005368
num decayed parameter tensors: 50, with 124,318,464 parameters
num non-decayed parameter tensors: 98, with 121,344 parameters
using fused AdamW: False
using regular AdamW
MOC-R4PCC04U05:577714:577854 [0] NCCL INFO New proxy send connection 11 from local rank 0, transport 0
MOC-R4PCC04U05:577714:578572 [0] NCCL INFO Connected to proxy localRank 0 -> connection 0x7f0860005458
MOC-R4PCC04U05:577714:577854 [0] NCCL INFO New proxy send connection 12 from local rank 0, transport 0
MOC-R4PCC04U05:577714:578572 [0] NCCL INFO Connected to proxy localRank 0 -> connection 0x7f08600054d0
MOC-R4PCC04U05:577714:577854 [0] NCCL INFO New proxy send connection 13 from local rank 0, transport 0
MOC-R4PCC04U05:577714:578572 [0] NCCL INFO Connected to proxy localRank 0 -> connection 0x7f0860005548
MOC-R4PCC04U05:577714:577854 [0] NCCL INFO New proxy send connection 14 from local rank 0, transport 0
MOC-R4PCC04U05:577714:578572 [0] NCCL INFO Connected to proxy localRank 0 -> connection 0x7f08600055c0
MOC-R4PCC04U05:577716:577852 [2] NCCL INFO New proxy recv connection 10 from local rank 2, transport 0
MOC-R4PCC04U05:577716:578573 [2] NCCL INFO Connected to proxy localRank 2 -> connection 0x7f91680053e0
MOC-R4PCC04U05:577716:577852 [2] NCCL INFO New proxy recv connection 11 from local rank 2, transport 0
MOC-R4PCC04U05:577716:578573 [2] NCCL INFO Connected to proxy localRank 2 -> connection 0x7f9168005458
MOC-R4PCC04U05:577716:577852 [2] NCCL INFO New proxy recv connection 12 from local rank 2, transport 0
MOC-R4PCC04U05:577716:578573 [2] NCCL INFO Connected to proxy localRank 2 -> connection 0x7f91680054d0
MOC-R4PCC04U05:577716:577852 [2] NCCL INFO New proxy recv connection 13 from local rank 2, transport 0
MOC-R4PCC04U05:577716:578573 [2] NCCL INFO Connected to proxy localRank 2 -> connection 0x7f9168005548
MOC-R4PCC04U05:577715:577855 [1] NCCL INFO New proxy recv connection 11 from local rank 1, transport 0
MOC-R4PCC04U05:577715:578574 [1] NCCL INFO Connected to proxy localRank 1 -> connection 0x7fb2d4005458
MOC-R4PCC04U05:577715:577855 [1] NCCL INFO New proxy recv connection 12 from local rank 1, transport 0
MOC-R4PCC04U05:577715:578574 [1] NCCL INFO Connected to proxy localRank 1 -> connection 0x7fb2d40054d0
MOC-R4PCC04U05:577715:577855 [1] NCCL INFO New proxy recv connection 13 from local rank 1, transport 0
MOC-R4PCC04U05:577715:578574 [1] NCCL INFO Connected to proxy localRank 1 -> connection 0x7fb2d4005548
MOC-R4PCC04U05:577715:577855 [1] NCCL INFO New proxy recv connection 14 from local rank 1, transport 0
MOC-R4PCC04U05:577715:578574 [1] NCCL INFO Connected to proxy localRank 1 -> connection 0x7fb2d40055c0
MOC-R4PCC04U05:577715:577855 [1] NCCL INFO New proxy send connection 15 from local rank 1, transport 0
MOC-R4PCC04U05:577715:578574 [1] NCCL INFO Connected to proxy localRank 1 -> connection 0x7fb2d4005638
MOC-R4PCC04U05:577715:577855 [1] NCCL INFO New proxy send connection 16 from local rank 1, transport 0
MOC-R4PCC04U05:577715:578574 [1] NCCL INFO Connected to proxy localRank 1 -> connection 0x7fb2d40056b0
MOC-R4PCC04U05:577715:577855 [1] NCCL INFO New proxy send connection 17 from local rank 1, transport 0
MOC-R4PCC04U05:577715:578574 [1] NCCL INFO Connected to proxy localRank 1 -> connection 0x7fb2d4005728
MOC-R4PCC04U05:577715:577855 [1] NCCL INFO New proxy send connection 18 from local rank 1, transport 0
MOC-R4PCC04U05:577715:578574 [1] NCCL INFO Connected to proxy localRank 1 -> connection 0x7fb2d40057a0
MOC-R4PCC04U05:577714:577854 [0] NCCL INFO New proxy send connection 15 from local rank 0, transport 0
MOC-R4PCC04U05:577714:578572 [0] NCCL INFO Connected to proxy localRank 0 -> connection 0x7f0860005638
MOC-R4PCC04U05:577716:577852 [2] NCCL INFO New proxy send connection 14 from local rank 2, transport 0
MOC-R4PCC04U05:577715:577855 [1] NCCL INFO New proxy recv connection 19 from local rank 1, transport 0
MOC-R4PCC04U05:577716:578573 [2] NCCL INFO Connected to proxy localRank 2 -> connection 0x7f91680055c0
MOC-R4PCC04U05:577715:578574 [1] NCCL INFO Connected to proxy localRank 1 -> connection 0x7fb2d4005818
MOC-R4PCC04U05:577714:577854 [0] NCCL INFO New proxy send connection 16 from local rank 0, transport 0
MOC-R4PCC04U05:577714:578572 [0] NCCL INFO Connected to proxy localRank 0 -> connection 0x7f08600056b0
MOC-R4PCC04U05:577716:577852 [2] NCCL INFO New proxy send connection 15 from local rank 2, transport 0
MOC-R4PCC04U05:577716:578573 [2] NCCL INFO Connected to proxy localRank 2 -> connection 0x7f9168005638
MOC-R4PCC04U05:577715:577855 [1] NCCL INFO New proxy recv connection 20 from local rank 1, transport 0
MOC-R4PCC04U05:577715:578574 [1] NCCL INFO Connected to proxy localRank 1 -> connection 0x7fb2d4005890
MOC-R4PCC04U05:577717:577853 [3] NCCL INFO New proxy recv connection 10 from local rank 3, transport 0
MOC-R4PCC04U05:577717:578575 [3] NCCL INFO Connected to proxy localRank 3 -> connection 0x7fe8640053e0
MOC-R4PCC04U05:577717:577853 [3] NCCL INFO New proxy recv connection 11 from local rank 3, transport 0
MOC-R4PCC04U05:577717:578575 [3] NCCL INFO Connected to proxy localRank 3 -> connection 0x7fe864005458
MOC-R4PCC04U05:577717:577853 [3] NCCL INFO New proxy recv connection 12 from local rank 3, transport 2
MOC-R4PCC04U05:577717:578575 [3] NCCL INFO Connected to proxy localRank 3 -> connection 0x7fe8640054d0
MOC-R4PCC04U05:577714:577854 [0] NCCL INFO New proxy recv connection 17 from local rank 0, transport 0
MOC-R4PCC04U05:577714:578572 [0] NCCL INFO Connected to proxy localRank 0 -> connection 0x7f0860005728
MOC-R4PCC04U05:577717:578575 [3] NCCL INFO Channel 00/0 : 11[3] -> 3[3] [receive] via NET/Socket/0
MOC-R4PCC04U05:577717:577853 [3] NCCL INFO New proxy recv connection 13 from local rank 3, transport 2
MOC-R4PCC04U05:577717:578575 [3] NCCL INFO Connected to proxy localRank 3 -> connection 0x7fe864005548
MOC-R4PCC04U05:577714:577854 [0] NCCL INFO New proxy recv connection 18 from local rank 0, transport 0
MOC-R4PCC04U05:577714:578572 [0] NCCL INFO Connected to proxy localRank 0 -> connection 0x7f08600057a0
MOC-R4PCC04U05:577717:578575 [3] NCCL INFO Channel 01/0 : 11[3] -> 3[3] [receive] via NET/Socket/0
MOC-R4PCC04U05:577714:577854 [0] NCCL INFO New proxy recv connection 19 from local rank 0, transport 0
MOC-R4PCC04U05:577717:577853 [3] NCCL INFO New proxy recv connection 14 from local rank 3, transport 2
MOC-R4PCC04U05:577714:578572 [0] NCCL INFO Connected to proxy localRank 0 -> connection 0x7f0860005818
MOC-R4PCC04U05:577717:578575 [3] NCCL INFO Connected to proxy localRank 3 -> connection 0x7fe8640055c0
MOC-R4PCC04U05:577714:577854 [0] NCCL INFO New proxy recv connection 20 from local rank 0, transport 0
MOC-R4PCC04U05:577714:578572 [0] NCCL INFO Connected to proxy localRank 0 -> connection 0x7f0860005890
MOC-R4PCC04U05:577717:578575 [3] NCCL INFO Channel 02/0 : 11[3] -> 3[3] [receive] via NET/Socket/0
MOC-R4PCC04U05:577717:577853 [3] NCCL INFO New proxy recv connection 15 from local rank 3, transport 2
MOC-R4PCC04U05:577717:578575 [3] NCCL INFO Connected to proxy localRank 3 -> connection 0x7fe864005638
MOC-R4PCC04U05:577717:578575 [3] NCCL INFO Channel 03/0 : 11[3] -> 3[3] [receive] via NET/Socket/0
MOC-R4PCC04U05:577717:577853 [3] NCCL INFO New proxy send connection 16 from local rank 3, transport 2
MOC-R4PCC04U05:577717:578575 [3] NCCL INFO Connected to proxy localRank 3 -> connection 0x7fe8640056b0
MOC-R4PCC04U05:577717:578575 [3] NCCL INFO Channel 02/0 : 3[3] -> 7[3] [send] via NET/Socket/0
MOC-R4PCC04U05:577717:577853 [3] NCCL INFO New proxy send connection 17 from local rank 3, transport 2
MOC-R4PCC04U05:577717:578575 [3] NCCL INFO Connected to proxy localRank 3 -> connection 0x7fe864005728
MOC-R4PCC04U05:577717:578575 [3] NCCL INFO Channel 03/0 : 3[3] -> 7[3] [send] via NET/Socket/0
MOC-R4PCC04U05:577717:577853 [3] NCCL INFO New proxy recv connection 18 from local rank 3, transport 2
MOC-R4PCC04U05:577717:578575 [3] NCCL INFO Connected to proxy localRank 3 -> connection 0x7fe8640057a0
MOC-R4PCC04U05:577717:578575 [3] NCCL INFO Channel 02/0 : 7[3] -> 3[3] [receive] via NET/Socket/0
MOC-R4PCC04U05:577717:577853 [3] NCCL INFO New proxy recv connection 19 from local rank 3, transport 2
MOC-R4PCC04U05:577717:578575 [3] NCCL INFO Connected to proxy localRank 3 -> connection 0x7fe864005818
MOC-R4PCC04U05:577717:578575 [3] NCCL INFO Channel 03/0 : 7[3] -> 3[3] [receive] via NET/Socket/0
MOC-R4PCC04U05:577717:577853 [3] NCCL INFO New proxy send connection 20 from local rank 3, transport 2
MOC-R4PCC04U05:577717:578575 [3] NCCL INFO Connected to proxy localRank 3 -> connection 0x7fe864005890
MOC-R4PCC04U05:577717:578575 [3] NCCL INFO Channel 00/0 : 3[3] -> 11[3] [send] via NET/Socket/0
MOC-R4PCC04U05:577717:577853 [3] NCCL INFO New proxy send connection 21 from local rank 3, transport 2
MOC-R4PCC04U05:577717:578575 [3] NCCL INFO Connected to proxy localRank 3 -> connection 0x7fe864005908
MOC-R4PCC04U05:577717:578575 [3] NCCL INFO Channel 01/0 : 3[3] -> 11[3] [send] via NET/Socket/0
MOC-R4PCC04U05:577717:577853 [3] NCCL INFO New proxy send connection 22 from local rank 3, transport 2
MOC-R4PCC04U05:577717:578575 [3] NCCL INFO Connected to proxy localRank 3 -> connection 0x7fe864005980
MOC-R4PCC04U05:577717:578575 [3] NCCL INFO Channel 02/0 : 3[3] -> 11[3] [send] via NET/Socket/0
MOC-R4PCC04U05:577717:577853 [3] NCCL INFO New proxy send connection 23 from local rank 3, transport 2
MOC-R4PCC04U05:577717:578575 [3] NCCL INFO Connected to proxy localRank 3 -> connection 0x7fe8640059f8
MOC-R4PCC04U05:577717:578575 [3] NCCL INFO Channel 03/0 : 3[3] -> 11[3] [send] via NET/Socket/0
MOC-R4PCC04U05:577717:577853 [3] NCCL INFO New proxy send connection 24 from local rank 3, transport 0
MOC-R4PCC04U05:577717:578575 [3] NCCL INFO Connected to proxy localRank 3 -> connection 0x7fe864005a70
MOC-R4PCC04U05:577717:577853 [3] NCCL INFO New proxy send connection 25 from local rank 3, transport 0
MOC-R4PCC04U05:577717:578575 [3] NCCL INFO Connected to proxy localRank 3 -> connection 0x7fe864005ae8
MOC-R4PCC04U05:577717:577853 [3] NCCL INFO New proxy send connection 26 from local rank 3, transport 0
MOC-R4PCC04U05:577717:578575 [3] NCCL INFO Connected to proxy localRank 3 -> connection 0x7fe864005b60
MOC-R4PCC04U05:577717:577853 [3] NCCL INFO New proxy send connection 27 from local rank 3, transport 0
MOC-R4PCC04U05:577717:578575 [3] NCCL INFO Connected to proxy localRank 3 -> connection 0x7fe864005bd8
step    1/10 | train loss 11.009883 | norm 15.4032 | lr 1.00e-04 | (14188.62 ms | 138567 tok/s)
step    2/10 | train loss 10.137026 | norm 5.7553 | lr 1.00e-04 | (485.00 ms | 4053806 tok/s)
step    3/10 | train loss 9.795778 | norm 2.6138 | lr 1.00e-04 | (477.22 ms | 4119832 tok/s)
step    4/10 | train loss 9.626215 | norm 2.1172 | lr 1.00e-04 | (478.36 ms | 4110019 tok/s)
step    5/10 | train loss 9.543116 | norm 2.1086 | lr 1.00e-04 | (475.51 ms | 4134638 tok/s)
step    6/10 | train loss 9.461719 | norm 2.0012 | lr 1.00e-04 | (474.29 ms | 4145334 tok/s)
step    7/10 | train loss 9.375904 | norm 1.9512 | lr 1.00e-04 | (478.71 ms | 4106999 tok/s)
step    8/10 | train loss 9.283654 | norm 1.9173 | lr 1.00e-04 | (475.27 ms | 4136779 tok/s)
step    9/10 | train loss 9.187840 | norm 1.8581 | lr 1.00e-04 | (476.73 ms | 4124130 tok/s)
step   10/10 | train loss 9.103604 | norm 1.8050 | lr 1.00e-04 | (475.84 ms | 4131794 tok/s)
final 9 iters avg: 477.437ms
peak memory consumption: 16601 MiB
