Running pytorch 2.7.0+cu126
using device: cuda:0
total desired batch size: 393216
=> calculated gradient accumulation steps: 1
using device: cuda:1
using device: cuda:3
using device: cuda:2
compiling the model...
DataLoader: total number of tokens: 1,661,249,667 across 103 files
MOC-R4PCC04U05:568597:568597 [0] NCCL INFO NCCL_SOCKET_IFNAME set to eno7np0
MOC-R4PCC04U05:568597:568597 [0] NCCL INFO NCCL version 2.26.2+cuda12.2
MOC-R4PCC04U05:568597:568701 [0] NCCL INFO NET/Plugin: Could not find: libnccl-net.so. Using internal net plugin.
MOC-R4PCC04U05:568597:568701 [0] NCCL INFO NCCL_IB_HCA set to mlx5_5
MOC-R4PCC04U05:568600:568600 [3] NCCL INFO NCCL_SOCKET_IFNAME set to eno7np0
MOC-R4PCC04U05:568600:568600 [3] NCCL INFO NCCL version 2.26.2+cuda12.2
MOC-R4PCC04U05:568598:568598 [1] NCCL INFO NCCL_SOCKET_IFNAME set to eno7np0
MOC-R4PCC04U05:568598:568598 [1] NCCL INFO NCCL version 2.26.2+cuda12.2
MOC-R4PCC04U05:568597:568701 [0] NCCL INFO NET/IB : Made virtual device [0] name=mlx5_5 speed=400000 ndevs=1
MOC-R4PCC04U05:568597:568701 [0] NCCL INFO NET/IB : Using [0]mlx5_5:1/RoCE [RO]; OOB eno7np0:192.168.50.193<0>
MOC-R4PCC04U05:568599:568599 [2] NCCL INFO NCCL_SOCKET_IFNAME set to eno7np0
MOC-R4PCC04U05:568599:568599 [2] NCCL INFO NCCL version 2.26.2+cuda12.2
MOC-R4PCC04U05:568600:568723 [3] NCCL INFO NET/Plugin: Could not find: libnccl-net.so. Using internal net plugin.
MOC-R4PCC04U05:568600:568723 [3] NCCL INFO NCCL_IB_HCA set to mlx5_5
MOC-R4PCC04U05:568598:568724 [1] NCCL INFO NET/Plugin: Could not find: libnccl-net.so. Using internal net plugin.
MOC-R4PCC04U05:568598:568724 [1] NCCL INFO NCCL_IB_HCA set to mlx5_5
MOC-R4PCC04U05:568599:568726 [2] NCCL INFO NET/Plugin: Could not find: libnccl-net.so. Using internal net plugin.
MOC-R4PCC04U05:568599:568726 [2] NCCL INFO NCCL_IB_HCA set to mlx5_5
MOC-R4PCC04U05:568600:568723 [3] NCCL INFO NET/IB : Made virtual device [0] name=mlx5_5 speed=400000 ndevs=1
MOC-R4PCC04U05:568600:568723 [3] NCCL INFO NET/IB : Using [0]mlx5_5:1/RoCE [RO]; OOB eno7np0:192.168.50.193<0>
MOC-R4PCC04U05:568598:568724 [1] NCCL INFO NET/IB : Made virtual device [0] name=mlx5_5 speed=400000 ndevs=1
MOC-R4PCC04U05:568598:568724 [1] NCCL INFO NET/IB : Using [0]mlx5_5:1/RoCE [RO]; OOB eno7np0:192.168.50.193<0>
MOC-R4PCC04U05:568599:568726 [2] NCCL INFO NET/IB : Made virtual device [0] name=mlx5_5 speed=400000 ndevs=1
MOC-R4PCC04U05:568599:568726 [2] NCCL INFO NET/IB : Using [0]mlx5_5:1/RoCE [RO]; OOB eno7np0:192.168.50.193<0>
MOC-R4PCC04U05:568600:568723 [3] NCCL INFO NET/IB : GPU Direct RDMA Enabled for HCA 0 'mlx5_5'
MOC-R4PCC04U05:568600:568723 [3] NCCL INFO NET/IB : Made virtual device [1] name=mlx5_5 speed=400000 ndevs=1
MOC-R4PCC04U05:568600:568723 [3] NCCL INFO NET/IB : GPU Direct RDMA Enabled for HCA 0 'mlx5_5'
MOC-R4PCC04U05:568600:568723 [3] NCCL INFO NET/IB : GPU Direct RDMA Enabled for HCA 1 'mlx5_5'
MOC-R4PCC04U05:568597:568701 [0] NCCL INFO NET/IB : GPU Direct RDMA Enabled for HCA 0 'mlx5_5'
MOC-R4PCC04U05:568597:568701 [0] NCCL INFO NET/IB : Made virtual device [1] name=mlx5_5 speed=400000 ndevs=1
MOC-R4PCC04U05:568597:568701 [0] NCCL INFO NET/IB : GPU Direct RDMA Enabled for HCA 0 'mlx5_5'
MOC-R4PCC04U05:568597:568701 [0] NCCL INFO NET/IB : GPU Direct RDMA Enabled for HCA 1 'mlx5_5'
MOC-R4PCC04U05:568599:568726 [2] NCCL INFO NET/IB : GPU Direct RDMA Enabled for HCA 0 'mlx5_5'
MOC-R4PCC04U05:568599:568726 [2] NCCL INFO NET/IB : Made virtual device [1] name=mlx5_5 speed=400000 ndevs=1
MOC-R4PCC04U05:568599:568726 [2] NCCL INFO NET/IB : GPU Direct RDMA Enabled for HCA 0 'mlx5_5'
MOC-R4PCC04U05:568599:568726 [2] NCCL INFO NET/IB : GPU Direct RDMA Enabled for HCA 1 'mlx5_5'
MOC-R4PCC04U05:568598:568724 [1] NCCL INFO NET/IB : GPU Direct RDMA Enabled for HCA 0 'mlx5_5'
MOC-R4PCC04U05:568598:568724 [1] NCCL INFO NET/IB : Made virtual device [1] name=mlx5_5 speed=400000 ndevs=1
MOC-R4PCC04U05:568598:568724 [1] NCCL INFO NET/IB : GPU Direct RDMA Enabled for HCA 0 'mlx5_5'
MOC-R4PCC04U05:568598:568724 [1] NCCL INFO NET/IB : GPU Direct RDMA Enabled for HCA 1 'mlx5_5'
MOC-R4PCC04U05:568598:568724 [1] NCCL INFO GPU Direct RDMA Enabled for GPU 0 / HCA 1 (distance 5 <= 5), read 0 mode Default
MOC-R4PCC04U05:568598:568724 [1] NCCL INFO GPU Direct RDMA Enabled for GPU 1 / HCA 1 (distance 5 <= 5), read 0 mode Default
MOC-R4PCC04U05:568598:568724 [1] NCCL INFO GPU Direct RDMA Enabled for GPU 2 / HCA 1 (distance 5 <= 5), read 0 mode Default
MOC-R4PCC04U05:568598:568724 [1] NCCL INFO GPU Direct RDMA Enabled for GPU 3 / HCA 1 (distance 5 <= 5), read 0 mode Default
MOC-R4PCC04U05:568598:568724 [1] NCCL INFO GPU Direct RDMA Enabled for GPU 0 / HCA 1 (distance 5 <= 5), read 0 mode Default
MOC-R4PCC04U05:568598:568724 [1] NCCL INFO GPU Direct RDMA Enabled for GPU 1 / HCA 1 (distance 5 <= 5), read 0 mode Default
MOC-R4PCC04U05:568598:568724 [1] NCCL INFO GPU Direct RDMA Enabled for GPU 2 / HCA 1 (distance 5 <= 5), read 0 mode Default
MOC-R4PCC04U05:568598:568724 [1] NCCL INFO GPU Direct RDMA Enabled for GPU 3 / HCA 1 (distance 5 <= 5), read 0 mode Default
MOC-R4PCC04U05:568597:568701 [0] NCCL INFO GPU Direct RDMA Enabled for GPU 0 / HCA 1 (distance 5 <= 5), read 0 mode Default
MOC-R4PCC04U05:568597:568701 [0] NCCL INFO GPU Direct RDMA Enabled for GPU 1 / HCA 1 (distance 5 <= 5), read 0 mode Default
MOC-R4PCC04U05:568597:568701 [0] NCCL INFO GPU Direct RDMA Enabled for GPU 2 / HCA 1 (distance 5 <= 5), read 0 mode Default
MOC-R4PCC04U05:568597:568701 [0] NCCL INFO GPU Direct RDMA Enabled for GPU 3 / HCA 1 (distance 5 <= 5), read 0 mode Default
MOC-R4PCC04U05:568597:568701 [0] NCCL INFO GPU Direct RDMA Enabled for GPU 0 / HCA 1 (distance 5 <= 5), read 0 mode Default
MOC-R4PCC04U05:568597:568701 [0] NCCL INFO GPU Direct RDMA Enabled for GPU 1 / HCA 1 (distance 5 <= 5), read 0 mode Default
MOC-R4PCC04U05:568597:568701 [0] NCCL INFO GPU Direct RDMA Enabled for GPU 2 / HCA 1 (distance 5 <= 5), read 0 mode Default
MOC-R4PCC04U05:568597:568701 [0] NCCL INFO GPU Direct RDMA Enabled for GPU 3 / HCA 1 (distance 5 <= 5), read 0 mode Default
MOC-R4PCC04U05:568600:568723 [3] NCCL INFO GPU Direct RDMA Enabled for GPU 0 / HCA 1 (distance 5 <= 5), read 0 mode Default
MOC-R4PCC04U05:568600:568723 [3] NCCL INFO GPU Direct RDMA Enabled for GPU 1 / HCA 1 (distance 5 <= 5), read 0 mode Default
MOC-R4PCC04U05:568600:568723 [3] NCCL INFO GPU Direct RDMA Enabled for GPU 2 / HCA 1 (distance 5 <= 5), read 0 mode Default
MOC-R4PCC04U05:568600:568723 [3] NCCL INFO GPU Direct RDMA Enabled for GPU 3 / HCA 1 (distance 5 <= 5), read 0 mode Default
MOC-R4PCC04U05:568600:568723 [3] NCCL INFO GPU Direct RDMA Enabled for GPU 0 / HCA 1 (distance 5 <= 5), read 0 mode Default
MOC-R4PCC04U05:568600:568723 [3] NCCL INFO GPU Direct RDMA Enabled for GPU 1 / HCA 1 (distance 5 <= 5), read 0 mode Default
MOC-R4PCC04U05:568600:568723 [3] NCCL INFO GPU Direct RDMA Enabled for GPU 2 / HCA 1 (distance 5 <= 5), read 0 mode Default
MOC-R4PCC04U05:568600:568723 [3] NCCL INFO GPU Direct RDMA Enabled for GPU 3 / HCA 1 (distance 5 <= 5), read 0 mode Default
MOC-R4PCC04U05:568599:568726 [2] NCCL INFO GPU Direct RDMA Enabled for GPU 0 / HCA 1 (distance 5 <= 5), read 0 mode Default
MOC-R4PCC04U05:568599:568726 [2] NCCL INFO GPU Direct RDMA Enabled for GPU 1 / HCA 1 (distance 5 <= 5), read 0 mode Default
MOC-R4PCC04U05:568599:568726 [2] NCCL INFO GPU Direct RDMA Enabled for GPU 2 / HCA 1 (distance 5 <= 5), read 0 mode Default
MOC-R4PCC04U05:568599:568726 [2] NCCL INFO GPU Direct RDMA Enabled for GPU 3 / HCA 1 (distance 5 <= 5), read 0 mode Default
MOC-R4PCC04U05:568599:568726 [2] NCCL INFO GPU Direct RDMA Enabled for GPU 0 / HCA 1 (distance 5 <= 5), read 0 mode Default
MOC-R4PCC04U05:568599:568726 [2] NCCL INFO GPU Direct RDMA Enabled for GPU 1 / HCA 1 (distance 5 <= 5), read 0 mode Default
MOC-R4PCC04U05:568599:568726 [2] NCCL INFO GPU Direct RDMA Enabled for GPU 2 / HCA 1 (distance 5 <= 5), read 0 mode Default
MOC-R4PCC04U05:568599:568726 [2] NCCL INFO GPU Direct RDMA Enabled for GPU 3 / HCA 1 (distance 5 <= 5), read 0 mode Default
MOC-R4PCC04U05:568599:568746 [2] NCCL INFO GPU Direct RDMA Enabled for GPU 2 / HCA 1 (distance 5 <= 5), read 0 mode Default
MOC-R4PCC04U05:568600:568738 [3] NCCL INFO New proxy recv connection 0 from local rank 3, transport 0
MOC-R4PCC04U05:568600:568747 [3] NCCL INFO Connected to proxy localRank 3 -> connection 0x7fe018004f30
MOC-R4PCC04U05:568597:568743 [0] NCCL INFO New proxy send connection 0 from local rank 0, transport 0
MOC-R4PCC04U05:568597:568748 [0] NCCL INFO Connected to proxy localRank 0 -> connection 0x7f8c4c004f30
MOC-R4PCC04U05:568600:568738 [3] NCCL INFO New proxy recv connection 1 from local rank 3, transport 0
MOC-R4PCC04U05:568600:568747 [3] NCCL INFO Connected to proxy localRank 3 -> connection 0x7fe018004fa8
MOC-R4PCC04U05:568597:568743 [0] NCCL INFO New proxy send connection 1 from local rank 0, transport 0
MOC-R4PCC04U05:568597:568748 [0] NCCL INFO Connected to proxy localRank 0 -> connection 0x7f8c4c004fa8
MOC-R4PCC04U05:568598:568739 [1] NCCL INFO New proxy recv connection 0 from local rank 1, transport 0
MOC-R4PCC04U05:568598:568749 [1] NCCL INFO Connected to proxy localRank 1 -> connection 0x7f6e08004f30
MOC-R4PCC04U05:568600:568738 [3] NCCL INFO New proxy recv connection 2 from local rank 3, transport 0
MOC-R4PCC04U05:568600:568747 [3] NCCL INFO Connected to proxy localRank 3 -> connection 0x7fe018005020
MOC-R4PCC04U05:568597:568743 [0] NCCL INFO New proxy send connection 2 from local rank 0, transport 0
MOC-R4PCC04U05:568597:568748 [0] NCCL INFO Connected to proxy localRank 0 -> connection 0x7f8c4c005020
MOC-R4PCC04U05:568598:568739 [1] NCCL INFO New proxy recv connection 1 from local rank 1, transport 0
MOC-R4PCC04U05:568600:568738 [3] NCCL INFO New proxy recv connection 3 from local rank 3, transport 0
MOC-R4PCC04U05:568598:568749 [1] NCCL INFO Connected to proxy localRank 1 -> connection 0x7f6e08004fa8
MOC-R4PCC04U05:568600:568747 [3] NCCL INFO Connected to proxy localRank 3 -> connection 0x7fe018005098
MOC-R4PCC04U05:568597:568743 [0] NCCL INFO New proxy send connection 3 from local rank 0, transport 0
MOC-R4PCC04U05:568597:568748 [0] NCCL INFO Connected to proxy localRank 0 -> connection 0x7f8c4c005098
MOC-R4PCC04U05:568600:568747 [3] NCCL INFO GPU Direct RDMA Enabled for GPU 3 / HCA 1 (distance 5 <= 5), read 1 mode Default
MOC-R4PCC04U05:568598:568739 [1] NCCL INFO New proxy recv connection 2 from local rank 1, transport 0
MOC-R4PCC04U05:568598:568749 [1] NCCL INFO Connected to proxy localRank 1 -> connection 0x7f6e08005020
MOC-R4PCC04U05:568598:568739 [1] NCCL INFO New proxy recv connection 3 from local rank 1, transport 0
MOC-R4PCC04U05:568598:568749 [1] NCCL INFO Connected to proxy localRank 1 -> connection 0x7f6e08005098
MOC-R4PCC04U05:568598:568739 [1] NCCL INFO New proxy send connection 4 from local rank 1, transport 0
MOC-R4PCC04U05:568598:568749 [1] NCCL INFO Connected to proxy localRank 1 -> connection 0x7f6e08005110
MOC-R4PCC04U05:568599:568740 [2] NCCL INFO New proxy recv connection 0 from local rank 2, transport 2
MOC-R4PCC04U05:568599:568740 [2] NCCL INFO New proxy send connection 1 from local rank 3, transport 2
MOC-R4PCC04U05:568599:568746 [2] NCCL INFO Connected to proxy localRank 2 -> connection 0x7f3a78004f30
MOC-R4PCC04U05:568600:568747 [3] NCCL INFO Connected to proxy localRank 2 -> connection 0x7f3a78004fa8
MOC-R4PCC04U05:568599:568746 [2] NCCL INFO Channel 00/0 : 11[3] -> 2[2] [receive] via NET/IB/1/GDRDMA
MOC-R4PCC04U05:568599:568746 [2] NCCL INFO GPU Direct RDMA Enabled for GPU 2 / HCA 1 (distance 5 <= 5), read 0 mode Default
MOC-R4PCC04U05:568600:568747 [3] NCCL INFO Channel 00/0 : 3[3] -> 6[2] [send] via NET/IB/1(2)/GDRDMA
MOC-R4PCC04U05:568600:568747 [3] NCCL INFO GPU Direct RDMA Enabled for GPU 3 / HCA 1 (distance 5 <= 5), read 1 mode Default
MOC-R4PCC04U05:568599:568740 [2] NCCL INFO New proxy recv connection 2 from local rank 2, transport 2
MOC-R4PCC04U05:568599:568746 [2] NCCL INFO Connected to proxy localRank 2 -> connection 0x7f3a78005020
MOC-R4PCC04U05:568599:568740 [2] NCCL INFO New proxy send connection 3 from local rank 3, transport 2
MOC-R4PCC04U05:568600:568747 [3] NCCL INFO Connected to proxy localRank 2 -> connection 0x7f3a78005098
MOC-R4PCC04U05:568599:568746 [2] NCCL INFO Channel 01/0 : 11[3] -> 2[2] [receive] via NET/IB/1/GDRDMA
MOC-R4PCC04U05:568599:568746 [2] NCCL INFO GPU Direct RDMA Enabled for GPU 2 / HCA 1 (distance 5 <= 5), read 0 mode Default
MOC-R4PCC04U05:568600:568747 [3] NCCL INFO Channel 01/0 : 3[3] -> 6[2] [send] via NET/IB/1(2)/GDRDMA
MOC-R4PCC04U05:568600:568747 [3] NCCL INFO GPU Direct RDMA Enabled for GPU 3 / HCA 1 (distance 5 <= 5), read 1 mode Default
MOC-R4PCC04U05:568599:568740 [2] NCCL INFO New proxy recv connection 4 from local rank 2, transport 2
MOC-R4PCC04U05:568599:568746 [2] NCCL INFO Connected to proxy localRank 2 -> connection 0x7f3a78005110
MOC-R4PCC04U05:568599:568740 [2] NCCL INFO New proxy send connection 5 from local rank 3, transport 2
MOC-R4PCC04U05:568600:568747 [3] NCCL INFO Connected to proxy localRank 2 -> connection 0x7f3a78005188
MOC-R4PCC04U05:568599:568746 [2] NCCL INFO Channel 02/0 : 11[3] -> 2[2] [receive] via NET/IB/1/GDRDMA
MOC-R4PCC04U05:568599:568746 [2] NCCL INFO GPU Direct RDMA Enabled for GPU 2 / HCA 1 (distance 5 <= 5), read 0 mode Default
MOC-R4PCC04U05:568600:568747 [3] NCCL INFO Channel 02/0 : 3[3] -> 6[2] [send] via NET/IB/1(2)/GDRDMA
MOC-R4PCC04U05:568600:568747 [3] NCCL INFO GPU Direct RDMA Enabled for GPU 3 / HCA 1 (distance 5 <= 5), read 1 mode Default
MOC-R4PCC04U05:568599:568740 [2] NCCL INFO New proxy recv connection 6 from local rank 2, transport 2
MOC-R4PCC04U05:568599:568746 [2] NCCL INFO Connected to proxy localRank 2 -> connection 0x7f3a78005200
MOC-R4PCC04U05:568599:568740 [2] NCCL INFO New proxy send connection 7 from local rank 3, transport 2
MOC-R4PCC04U05:568600:568747 [3] NCCL INFO Connected to proxy localRank 2 -> connection 0x7f3a78005278
MOC-R4PCC04U05:568599:568746 [2] NCCL INFO Channel 03/0 : 11[3] -> 2[2] [receive] via NET/IB/1/GDRDMA
MOC-R4PCC04U05:568600:568747 [3] NCCL INFO Channel 03/0 : 3[3] -> 6[2] [send] via NET/IB/1(2)/GDRDMA
MOC-R4PCC04U05:568597:568743 [0] NCCL INFO New proxy recv connection 4 from local rank 0, transport 0
MOC-R4PCC04U05:568597:568748 [0] NCCL INFO Connected to proxy localRank 0 -> connection 0x7f8c4c005110
MOC-R4PCC04U05:568598:568739 [1] NCCL INFO New proxy send connection 5 from local rank 1, transport 0
MOC-R4PCC04U05:568598:568749 [1] NCCL INFO Connected to proxy localRank 1 -> connection 0x7f6e08005188
MOC-R4PCC04U05:568597:568743 [0] NCCL INFO New proxy recv connection 5 from local rank 0, transport 0
MOC-R4PCC04U05:568597:568748 [0] NCCL INFO Connected to proxy localRank 0 -> connection 0x7f8c4c005188
MOC-R4PCC04U05:568597:568743 [0] NCCL INFO New proxy recv connection 6 from local rank 0, transport 0
MOC-R4PCC04U05:568597:568748 [0] NCCL INFO Connected to proxy localRank 0 -> connection 0x7f8c4c005200
MOC-R4PCC04U05:568598:568739 [1] NCCL INFO New proxy send connection 6 from local rank 1, transport 0
MOC-R4PCC04U05:568598:568749 [1] NCCL INFO Connected to proxy localRank 1 -> connection 0x7f6e08005200
MOC-R4PCC04U05:568599:568740 [2] NCCL INFO New proxy send connection 8 from local rank 2, transport 0
MOC-R4PCC04U05:568599:568746 [2] NCCL INFO Connected to proxy localRank 2 -> connection 0x7f3a780052f0
MOC-R4PCC04U05:568598:568739 [1] NCCL INFO New proxy send connection 7 from local rank 1, transport 0
MOC-R4PCC04U05:568598:568749 [1] NCCL INFO Connected to proxy localRank 1 -> connection 0x7f6e08005278
MOC-R4PCC04U05:568599:568740 [2] NCCL INFO New proxy send connection 9 from local rank 2, transport 0
MOC-R4PCC04U05:568599:568746 [2] NCCL INFO Connected to proxy localRank 2 -> connection 0x7f3a78005368
MOC-R4PCC04U05:568597:568743 [0] NCCL INFO New proxy recv connection 7 from local rank 0, transport 0
MOC-R4PCC04U05:568597:568748 [0] NCCL INFO Connected to proxy localRank 0 -> connection 0x7f8c4c005278
MOC-R4PCC04U05:568599:568740 [2] NCCL INFO New proxy send connection 10 from local rank 2, transport 0
MOC-R4PCC04U05:568599:568746 [2] NCCL INFO Connected to proxy localRank 2 -> connection 0x7f3a780053e0
MOC-R4PCC04U05:568600:568738 [3] NCCL INFO New proxy send connection 4 from local rank 0, transport 0
MOC-R4PCC04U05:568597:568748 [0] NCCL INFO Connected to proxy localRank 3 -> connection 0x7fe018005110
MOC-R4PCC04U05:568599:568740 [2] NCCL INFO New proxy send connection 11 from local rank 2, transport 0
MOC-R4PCC04U05:568599:568746 [2] NCCL INFO Connected to proxy localRank 2 -> connection 0x7f3a78005458
MOC-R4PCC04U05:568597:568743 [0] NCCL INFO New proxy send connection 8 from local rank 1, transport 0
MOC-R4PCC04U05:568598:568749 [1] NCCL INFO Connected to proxy localRank 0 -> connection 0x7f8c4c0052f0
MOC-R4PCC04U05:568598:568739 [1] NCCL INFO New proxy send connection 8 from local rank 2, transport 0
MOC-R4PCC04U05:568599:568746 [2] NCCL INFO Connected to proxy localRank 1 -> connection 0x7f6e080052f0
MOC-R4PCC04U05:568597:568743 [0] NCCL INFO New proxy send connection 9 from local rank 3, transport 0
MOC-R4PCC04U05:568600:568747 [3] NCCL INFO Connected to proxy localRank 0 -> connection 0x7f8c4c005368
MOC-R4PCC04U05:568599:568740 [2] NCCL INFO NET/IB: NCCL Dev 1 IbDev 0 Port 1 qpn 9040 mtu 3 query_ece={supported=1, vendor_id=0x15b3, options=0x30000002, comp_mask=0x0} GID 3 (0/C132A8C0FFFF0000) fifoRkey=0x172eed fifoLkey=0x172eed
MOC-R4PCC04U05:568599:568740 [2] NCCL INFO NET/IB: IbDev 0 Port 1 qpn 8870 set_ece={supported=1, vendor_id=0x15b3, options=0x0, comp_mask=0x0}
MOC-R4PCC04U05:568599:568740 [2] NCCL INFO New proxy send connection 12 from local rank 1, transport 0
MOC-R4PCC04U05:568598:568749 [1] NCCL INFO Connected to proxy localRank 2 -> connection 0x7f3a780054d0
MOC-R4PCC04U05:568599:568740 [2] NCCL INFO NET/IB: NCCL Dev 1 IbDev 0 Port 1 qpn 9041 mtu 3 query_ece={supported=1, vendor_id=0x15b3, options=0x30000002, comp_mask=0x0} GID 3 (0/C132A8C0FFFF0000) fifoRkey=0x180dcc fifoLkey=0x180dcc
MOC-R4PCC04U05:568599:568740 [2] NCCL INFO NET/IB: NCCL Dev 1 IbDev 0 Port 1 qpn 9042 mtu 3 query_ece={supported=1, vendor_id=0x15b3, options=0x30000002, comp_mask=0x0} GID 3 (0/C132A8C0FFFF0000) fifoRkey=0x17e5a4 fifoLkey=0x17e5a4
MOC-R4PCC04U05:568599:568740 [2] NCCL INFO NET/IB: IbDev 0 Port 1 qpn 8872 set_ece={supported=1, vendor_id=0x15b3, options=0x0, comp_mask=0x0}
MOC-R4PCC04U05:568599:568740 [2] NCCL INFO NET/IB: IbDev 0 Port 1 qpn 8874 set_ece={supported=1, vendor_id=0x15b3, options=0x0, comp_mask=0x0}
MOC-R4PCC04U05:568598:568739 [1] NCCL INFO New proxy send connection 9 from local rank 0, transport 0
MOC-R4PCC04U05:568597:568748 [0] NCCL INFO Connected to proxy localRank 1 -> connection 0x7f6e08005368
MOC-R4PCC04U05:568599:568740 [2] NCCL INFO New proxy send connection 13 from local rank 3, transport 0
MOC-R4PCC04U05:568600:568747 [3] NCCL INFO Connected to proxy localRank 2 -> connection 0x7f3a78005548
MOC-R4PCC04U05:568599:568740 [2] NCCL INFO NET/IB: NCCL Dev 1 IbDev 0 Port 1 qpn 9043 mtu 3 query_ece={supported=1, vendor_id=0x15b3, options=0x30000002, comp_mask=0x0} GID 3 (0/C132A8C0FFFF0000) fifoRkey=0x168242 fifoLkey=0x168242
MOC-R4PCC04U05:568599:568740 [2] NCCL INFO NET/IB: IbDev 0 Port 1 qpn 8880 set_ece={supported=1, vendor_id=0x15b3, options=0x0, comp_mask=0x0}
num decayed parameter tensors: 50, with 124,318,464 parameters
num non-decayed parameter tensors: 98, with 121,344 parameters
using fused AdamW: False
using regular AdamW
MOC-R4PCC04U05:568597:568743 [0] NCCL INFO New proxy send connection 10 from local rank 0, transport 0
MOC-R4PCC04U05:568597:569439 [0] NCCL INFO Connected to proxy localRank 0 -> connection 0x7f8c4c0053e0
MOC-R4PCC04U05:568597:568743 [0] NCCL INFO New proxy send connection 11 from local rank 0, transport 0
MOC-R4PCC04U05:568597:569439 [0] NCCL INFO Connected to proxy localRank 0 -> connection 0x7f8c4c005458
MOC-R4PCC04U05:568597:568743 [0] NCCL INFO New proxy send connection 12 from local rank 0, transport 0
MOC-R4PCC04U05:568597:569439 [0] NCCL INFO Connected to proxy localRank 0 -> connection 0x7f8c4c0054d0
MOC-R4PCC04U05:568597:568743 [0] NCCL INFO New proxy send connection 13 from local rank 0, transport 0
MOC-R4PCC04U05:568597:569439 [0] NCCL INFO Connected to proxy localRank 0 -> connection 0x7f8c4c005548
MOC-R4PCC04U05:568599:568740 [2] NCCL INFO New proxy send connection 14 from local rank 2, transport 0
MOC-R4PCC04U05:568599:569440 [2] NCCL INFO Connected to proxy localRank 2 -> connection 0x7f3a780055c0
MOC-R4PCC04U05:568599:568740 [2] NCCL INFO New proxy send connection 15 from local rank 2, transport 0
MOC-R4PCC04U05:568599:569440 [2] NCCL INFO Connected to proxy localRank 2 -> connection 0x7f3a78005638
MOC-R4PCC04U05:568599:568740 [2] NCCL INFO New proxy send connection 16 from local rank 2, transport 0
MOC-R4PCC04U05:568599:569440 [2] NCCL INFO Connected to proxy localRank 2 -> connection 0x7f3a780056b0
MOC-R4PCC04U05:568599:568740 [2] NCCL INFO New proxy send connection 17 from local rank 2, transport 0
MOC-R4PCC04U05:568599:569440 [2] NCCL INFO Connected to proxy localRank 2 -> connection 0x7f3a78005728
MOC-R4PCC04U05:568600:568738 [3] NCCL INFO New proxy recv connection 5 from local rank 3, transport 0
MOC-R4PCC04U05:568600:569441 [3] NCCL INFO Connected to proxy localRank 3 -> connection 0x7fe018005188
MOC-R4PCC04U05:568600:568738 [3] NCCL INFO New proxy recv connection 6 from local rank 3, transport 0
MOC-R4PCC04U05:568600:569441 [3] NCCL INFO Connected to proxy localRank 3 -> connection 0x7fe018005200
MOC-R4PCC04U05:568600:568738 [3] NCCL INFO New proxy recv connection 7 from local rank 3, transport 0
MOC-R4PCC04U05:568600:569441 [3] NCCL INFO Connected to proxy localRank 3 -> connection 0x7fe018005278
MOC-R4PCC04U05:568600:568738 [3] NCCL INFO New proxy recv connection 8 from local rank 3, transport 0
MOC-R4PCC04U05:568600:569441 [3] NCCL INFO Connected to proxy localRank 3 -> connection 0x7fe0180052f0
MOC-R4PCC04U05:568600:568738 [3] NCCL INFO New proxy send connection 9 from local rank 3, transport 0
MOC-R4PCC04U05:568600:569441 [3] NCCL INFO Connected to proxy localRank 3 -> connection 0x7fe018005368
MOC-R4PCC04U05:568599:569440 [2] NCCL INFO GPU Direct RDMA Enabled for GPU 2 / HCA 1 (distance 5 <= 5), read 0 mode Default
MOC-R4PCC04U05:568600:568738 [3] NCCL INFO New proxy send connection 10 from local rank 3, transport 0
MOC-R4PCC04U05:568599:568740 [2] NCCL INFO New proxy recv connection 18 from local rank 2, transport 2
MOC-R4PCC04U05:568600:569441 [3] NCCL INFO Connected to proxy localRank 3 -> connection 0x7fe0180053e0
MOC-R4PCC04U05:568599:569440 [2] NCCL INFO Connected to proxy localRank 2 -> connection 0x7f3a780057a0
MOC-R4PCC04U05:568599:569440 [2] NCCL INFO Channel 00/0 : 10[2] -> 2[2] [receive] via NET/IB/1/GDRDMA
MOC-R4PCC04U05:568599:569440 [2] NCCL INFO GPU Direct RDMA Enabled for GPU 2 / HCA 1 (distance 5 <= 5), read 0 mode Default
MOC-R4PCC04U05:568599:568740 [2] NCCL INFO New proxy recv connection 19 from local rank 2, transport 2
MOC-R4PCC04U05:568599:569440 [2] NCCL INFO Connected to proxy localRank 2 -> connection 0x7f3a78005818
MOC-R4PCC04U05:568600:568738 [3] NCCL INFO New proxy send connection 11 from local rank 3, transport 0
MOC-R4PCC04U05:568600:569441 [3] NCCL INFO Connected to proxy localRank 3 -> connection 0x7fe018005458
MOC-R4PCC04U05:568599:569440 [2] NCCL INFO Channel 01/0 : 10[2] -> 2[2] [receive] via NET/IB/1/GDRDMA
MOC-R4PCC04U05:568599:569440 [2] NCCL INFO GPU Direct RDMA Enabled for GPU 2 / HCA 1 (distance 5 <= 5), read 0 mode Default
MOC-R4PCC04U05:568599:568740 [2] NCCL INFO New proxy recv connection 20 from local rank 2, transport 2
MOC-R4PCC04U05:568599:569440 [2] NCCL INFO Connected to proxy localRank 2 -> connection 0x7f3a78005890
MOC-R4PCC04U05:568599:569440 [2] NCCL INFO Channel 02/0 : 10[2] -> 2[2] [receive] via NET/IB/1/GDRDMA
MOC-R4PCC04U05:568599:569440 [2] NCCL INFO GPU Direct RDMA Enabled for GPU 2 / HCA 1 (distance 5 <= 5), read 0 mode Default
MOC-R4PCC04U05:568600:568738 [3] NCCL INFO New proxy send connection 12 from local rank 3, transport 0
MOC-R4PCC04U05:568600:569441 [3] NCCL INFO Connected to proxy localRank 3 -> connection 0x7fe0180054d0
MOC-R4PCC04U05:568599:568740 [2] NCCL INFO New proxy recv connection 21 from local rank 2, transport 2
MOC-R4PCC04U05:568599:569440 [2] NCCL INFO Connected to proxy localRank 2 -> connection 0x7f3a78005908
MOC-R4PCC04U05:568599:569440 [2] NCCL INFO Channel 03/0 : 10[2] -> 2[2] [receive] via NET/IB/1/GDRDMA
MOC-R4PCC04U05:568599:569440 [2] NCCL INFO GPU Direct RDMA Enabled for GPU 2 / HCA 1 (distance 5 <= 5), read 1 mode Default
MOC-R4PCC04U05:568599:568740 [2] NCCL INFO New proxy send connection 22 from local rank 2, transport 2
MOC-R4PCC04U05:568599:569440 [2] NCCL INFO Connected to proxy localRank 2 -> connection 0x7f3a78005980
MOC-R4PCC04U05:568599:569440 [2] NCCL INFO Channel 02/0 : 2[2] -> 6[2] [send] via NET/IB/1/GDRDMA
MOC-R4PCC04U05:568599:569440 [2] NCCL INFO GPU Direct RDMA Enabled for GPU 2 / HCA 1 (distance 5 <= 5), read 1 mode Default
MOC-R4PCC04U05:568599:568740 [2] NCCL INFO New proxy send connection 23 from local rank 2, transport 2
MOC-R4PCC04U05:568599:569440 [2] NCCL INFO Connected to proxy localRank 2 -> connection 0x7f3a780059f8
MOC-R4PCC04U05:568599:569440 [2] NCCL INFO Channel 03/0 : 2[2] -> 6[2] [send] via NET/IB/1/GDRDMA
MOC-R4PCC04U05:568598:568739 [1] NCCL INFO New proxy recv connection 10 from local rank 1, transport 0
MOC-R4PCC04U05:568598:569442 [1] NCCL INFO Connected to proxy localRank 1 -> connection 0x7f6e080053e0
MOC-R4PCC04U05:568598:568739 [1] NCCL INFO New proxy recv connection 11 from local rank 1, transport 0
MOC-R4PCC04U05:568598:569442 [1] NCCL INFO Connected to proxy localRank 1 -> connection 0x7f6e08005458
MOC-R4PCC04U05:568598:568739 [1] NCCL INFO New proxy recv connection 12 from local rank 1, transport 0
MOC-R4PCC04U05:568598:569442 [1] NCCL INFO Connected to proxy localRank 1 -> connection 0x7f6e080054d0
MOC-R4PCC04U05:568598:568739 [1] NCCL INFO New proxy recv connection 13 from local rank 1, transport 0
MOC-R4PCC04U05:568598:569442 [1] NCCL INFO Connected to proxy localRank 1 -> connection 0x7f6e08005548
MOC-R4PCC04U05:568597:568743 [0] NCCL INFO New proxy recv connection 14 from local rank 0, transport 0
MOC-R4PCC04U05:568597:569439 [0] NCCL INFO Connected to proxy localRank 0 -> connection 0x7f8c4c0055c0
MOC-R4PCC04U05:568597:568743 [0] NCCL INFO New proxy recv connection 15 from local rank 0, transport 0
MOC-R4PCC04U05:568597:569439 [0] NCCL INFO Connected to proxy localRank 0 -> connection 0x7f8c4c005638
MOC-R4PCC04U05:568597:568743 [0] NCCL INFO New proxy recv connection 16 from local rank 0, transport 0
MOC-R4PCC04U05:568597:569439 [0] NCCL INFO Connected to proxy localRank 0 -> connection 0x7f8c4c0056b0
MOC-R4PCC04U05:568597:568743 [0] NCCL INFO New proxy recv connection 17 from local rank 0, transport 0
MOC-R4PCC04U05:568597:569439 [0] NCCL INFO Connected to proxy localRank 0 -> connection 0x7f8c4c005728
MOC-R4PCC04U05:568600:568738 [3] NCCL INFO New proxy send connection 13 from local rank 3, transport 0
MOC-R4PCC04U05:568600:569441 [3] NCCL INFO Connected to proxy localRank 3 -> connection 0x7fe018005548
MOC-R4PCC04U05:568600:568738 [3] NCCL INFO New proxy send connection 14 from local rank 3, transport 0
MOC-R4PCC04U05:568600:569441 [3] NCCL INFO Connected to proxy localRank 3 -> connection 0x7fe0180055c0
MOC-R4PCC04U05:568600:568738 [3] NCCL INFO New proxy send connection 15 from local rank 3, transport 0
MOC-R4PCC04U05:568600:569441 [3] NCCL INFO Connected to proxy localRank 3 -> connection 0x7fe018005638
MOC-R4PCC04U05:568600:568738 [3] NCCL INFO New proxy send connection 16 from local rank 3, transport 0
MOC-R4PCC04U05:568600:569441 [3] NCCL INFO Connected to proxy localRank 3 -> connection 0x7fe0180056b0
MOC-R4PCC04U05:568599:569440 [2] NCCL INFO GPU Direct RDMA Enabled for GPU 2 / HCA 1 (distance 5 <= 5), read 0 mode Default
MOC-R4PCC04U05:568599:568740 [2] NCCL INFO New proxy recv connection 24 from local rank 2, transport 2
MOC-R4PCC04U05:568599:569440 [2] NCCL INFO Connected to proxy localRank 2 -> connection 0x7f3a78005a70
MOC-R4PCC04U05:568599:569440 [2] NCCL INFO Channel 02/0 : 6[2] -> 2[2] [receive] via NET/IB/1/GDRDMA
MOC-R4PCC04U05:568599:569440 [2] NCCL INFO GPU Direct RDMA Enabled for GPU 2 / HCA 1 (distance 5 <= 5), read 0 mode Default
MOC-R4PCC04U05:568599:568740 [2] NCCL INFO New proxy recv connection 25 from local rank 2, transport 2
MOC-R4PCC04U05:568599:569440 [2] NCCL INFO Connected to proxy localRank 2 -> connection 0x7f3a78005ae8
MOC-R4PCC04U05:568599:569440 [2] NCCL INFO Channel 03/0 : 6[2] -> 2[2] [receive] via NET/IB/1/GDRDMA
MOC-R4PCC04U05:568599:569440 [2] NCCL INFO GPU Direct RDMA Enabled for GPU 2 / HCA 1 (distance 5 <= 5), read 1 mode Default
MOC-R4PCC04U05:568599:568740 [2] NCCL INFO New proxy send connection 26 from local rank 2, transport 2
MOC-R4PCC04U05:568599:569440 [2] NCCL INFO Connected to proxy localRank 2 -> connection 0x7f3a78005b60
MOC-R4PCC04U05:568599:569440 [2] NCCL INFO Channel 00/0 : 2[2] -> 10[2] [send] via NET/IB/1/GDRDMA
MOC-R4PCC04U05:568599:569440 [2] NCCL INFO GPU Direct RDMA Enabled for GPU 2 / HCA 1 (distance 5 <= 5), read 1 mode Default
MOC-R4PCC04U05:568599:568740 [2] NCCL INFO New proxy send connection 27 from local rank 2, transport 2
MOC-R4PCC04U05:568599:569440 [2] NCCL INFO Connected to proxy localRank 2 -> connection 0x7f3a78005bd8
MOC-R4PCC04U05:568599:569440 [2] NCCL INFO Channel 01/0 : 2[2] -> 10[2] [send] via NET/IB/1/GDRDMA
MOC-R4PCC04U05:568599:569440 [2] NCCL INFO GPU Direct RDMA Enabled for GPU 2 / HCA 1 (distance 5 <= 5), read 1 mode Default
MOC-R4PCC04U05:568599:568740 [2] NCCL INFO New proxy send connection 28 from local rank 2, transport 2
MOC-R4PCC04U05:568599:569440 [2] NCCL INFO Connected to proxy localRank 2 -> connection 0x7f3a78005c50
MOC-R4PCC04U05:568599:569440 [2] NCCL INFO Channel 02/0 : 2[2] -> 10[2] [send] via NET/IB/1/GDRDMA
MOC-R4PCC04U05:568599:569440 [2] NCCL INFO GPU Direct RDMA Enabled for GPU 2 / HCA 1 (distance 5 <= 5), read 1 mode Default
MOC-R4PCC04U05:568599:568740 [2] NCCL INFO New proxy send connection 29 from local rank 2, transport 2
MOC-R4PCC04U05:568599:569440 [2] NCCL INFO Connected to proxy localRank 2 -> connection 0x7f3a78005cc8
MOC-R4PCC04U05:568599:569440 [2] NCCL INFO Channel 03/0 : 2[2] -> 10[2] [send] via NET/IB/1/GDRDMA
MOC-R4PCC04U05:568599:568740 [2] NCCL INFO New proxy recv connection 30 from local rank 2, transport 0
MOC-R4PCC04U05:568599:569440 [2] NCCL INFO Connected to proxy localRank 2 -> connection 0x7f3a78005d40
MOC-R4PCC04U05:568599:568740 [2] NCCL INFO New proxy recv connection 31 from local rank 2, transport 0
MOC-R4PCC04U05:568599:569440 [2] NCCL INFO Connected to proxy localRank 2 -> connection 0x7f3a78005db8
MOC-R4PCC04U05:568599:568740 [2] NCCL INFO New proxy recv connection 32 from local rank 2, transport 0
MOC-R4PCC04U05:568599:569440 [2] NCCL INFO Connected to proxy localRank 2 -> connection 0x7f3a78005e30
MOC-R4PCC04U05:568599:568740 [2] NCCL INFO New proxy recv connection 33 from local rank 2, transport 0
MOC-R4PCC04U05:568599:569440 [2] NCCL INFO Connected to proxy localRank 2 -> connection 0x7f3a78005ea8
MOC-R4PCC04U05:568600:568738 [3] NCCL INFO New proxy send connection 17 from local rank 2, transport 0
MOC-R4PCC04U05:568599:569440 [2] NCCL INFO Connected to proxy localRank 3 -> connection 0x7fe018005728
MOC-R4PCC04U05:568599:568740 [2] NCCL INFO NET/IB: NCCL Dev 1 IbDev 0 Port 1 qpn 9044 mtu 3 query_ece={supported=1, vendor_id=0x15b3, options=0x30000002, comp_mask=0x0} GID 3 (0/C132A8C0FFFF0000) fifoRkey=0x17904f fifoLkey=0x17904f
MOC-R4PCC04U05:568599:568740 [2] NCCL INFO NET/IB: IbDev 0 Port 1 qpn 8882 set_ece={supported=1, vendor_id=0x15b3, options=0x0, comp_mask=0x0}
MOC-R4PCC04U05:568599:568740 [2] NCCL INFO NET/IB: NCCL Dev 1 IbDev 0 Port 1 qpn 9045 mtu 3 query_ece={supported=1, vendor_id=0x15b3, options=0x30000002, comp_mask=0x0} GID 3 (0/C132A8C0FFFF0000) fifoRkey=0x180ac9 fifoLkey=0x180ac9
MOC-R4PCC04U05:568599:568740 [2] NCCL INFO NET/IB: NCCL Dev 1 IbDev 0 Port 1 qpn 9054 mtu 3 query_ece={supported=1, vendor_id=0x15b3, options=0x30000002, comp_mask=0x0} GID 3 (0/C132A8C0FFFF0000) fifoRkey=0x180fce fifoLkey=0x180fce
MOC-R4PCC04U05:568599:568740 [2] NCCL INFO NET/IB: IbDev 0 Port 1 qpn 8888 set_ece={supported=1, vendor_id=0x15b3, options=0x0, comp_mask=0x0}
MOC-R4PCC04U05:568599:568740 [2] NCCL INFO NET/IB: IbDev 0 Port 1 qpn 6101 set_ece={supported=1, vendor_id=0x15b3, options=0x0, comp_mask=0x0}
MOC-R4PCC04U05:568599:568740 [2] NCCL INFO NET/IB: NCCL Dev 1 IbDev 0 Port 1 qpn 9059 mtu 3 query_ece={supported=1, vendor_id=0x15b3, options=0x30000002, comp_mask=0x0} GID 3 (0/C132A8C0FFFF0000) fifoRkey=0x1801c0 fifoLkey=0x1801c0
MOC-R4PCC04U05:568599:568740 [2] NCCL INFO NET/IB: NCCL Dev 1 IbDev 0 Port 1 qpn 9060 mtu 3 query_ece={supported=1, vendor_id=0x15b3, options=0x30000002, comp_mask=0x0} GID 3 (0/C132A8C0FFFF0000) fifoRkey=0x17da99 fifoLkey=0x17da99
MOC-R4PCC04U05:568599:568740 [2] NCCL INFO NET/IB: NCCL Dev 1 IbDev 0 Port 1 qpn 9061 mtu 3 query_ece={supported=1, vendor_id=0x15b3, options=0x30000002, comp_mask=0x0} GID 3 (0/C132A8C0FFFF0000) fifoRkey=0x17b878 fifoLkey=0x17b878
MOC-R4PCC04U05:568599:568740 [2] NCCL INFO NET/IB: IbDev 0 Port 1 qpn 6104 set_ece={supported=1, vendor_id=0x15b3, options=0x0, comp_mask=0x0}
MOC-R4PCC04U05:568599:568740 [2] NCCL INFO NET/IB: IbDev 0 Port 1 qpn 6106 set_ece={supported=1, vendor_id=0x15b3, options=0x0, comp_mask=0x0}
MOC-R4PCC04U05:568599:568740 [2] NCCL INFO NET/IB: IbDev 0 Port 1 qpn 6108 set_ece={supported=1, vendor_id=0x15b3, options=0x0, comp_mask=0x0}
step    1/10 | train loss 11.008543 | norm 15.7801 | lr 1.00e-04 | (14361.79 ms | 27379 tok/s)
step    2/10 | train loss 10.118099 | norm 5.8208 | lr 1.00e-04 | (151.16 ms | 2601339 tok/s)
step    3/10 | train loss 9.770424 | norm 2.6297 | lr 1.00e-04 | (152.01 ms | 2586790 tok/s)
step    4/10 | train loss 9.600720 | norm 2.1156 | lr 1.00e-04 | (151.83 ms | 2589796 tok/s)
step    5/10 | train loss 9.517903 | norm 2.1044 | lr 1.00e-04 | (155.83 ms | 2523444 tok/s)
step    6/10 | train loss 9.436632 | norm 1.9994 | lr 1.00e-04 | (151.71 ms | 2591949 tok/s)
step    7/10 | train loss 9.351844 | norm 1.9450 | lr 1.00e-04 | (152.73 ms | 2574627 tok/s)
step    8/10 | train loss 9.262649 | norm 1.9094 | lr 1.00e-04 | (152.74 ms | 2574354 tok/s)
step    9/10 | train loss 9.170659 | norm 1.8626 | lr 1.00e-04 | (152.09 ms | 2585444 tok/s)
step   10/10 | train loss 9.080877 | norm 1.7797 | lr 1.00e-04 | (151.20 ms | 2600683 tok/s)
final 9 iters avg: 152.365ms
peak memory consumption: 16121 MiB
