Running pytorch 2.7.0+cu126
using device: cuda:0
total desired batch size: 1048576
=> calculated gradient accumulation steps: 2
using device: cuda:1
using device: cuda:3
using device: cuda:2
compiling the model...
DataLoader: total number of tokens: 1,661,249,667 across 103 files
MOC-R4PCC04U05:626369:626369 [0] NCCL INFO NCCL_SOCKET_IFNAME set to eno7np0
MOC-R4PCC04U05:626369:626369 [0] NCCL INFO NCCL version 2.26.2+cuda12.2
MOC-R4PCC04U05:626370:626370 [1] NCCL INFO NCCL_SOCKET_IFNAME set to eno7np0
MOC-R4PCC04U05:626370:626370 [1] NCCL INFO NCCL version 2.26.2+cuda12.2
MOC-R4PCC04U05:626372:626372 [3] NCCL INFO NCCL_SOCKET_IFNAME set to eno7np0
MOC-R4PCC04U05:626372:626372 [3] NCCL INFO NCCL version 2.26.2+cuda12.2
MOC-R4PCC04U05:626369:626478 [0] NCCL INFO NET/Plugin: Could not find: libnccl-net.so. Using internal net plugin.
MOC-R4PCC04U05:626369:626478 [0] NCCL INFO NCCL_IB_HCA set to mlx5_5
MOC-R4PCC04U05:626369:626478 [0] NCCL INFO NET/IB : Made virtual device [0] name=mlx5_5 speed=400000 ndevs=1
MOC-R4PCC04U05:626369:626478 [0] NCCL INFO NET/IB : Using [0]mlx5_5:1/RoCE [RO]; OOB eno7np0:192.168.50.193<0>
MOC-R4PCC04U05:626371:626371 [2] NCCL INFO NCCL_SOCKET_IFNAME set to eno7np0
MOC-R4PCC04U05:626371:626371 [2] NCCL INFO NCCL version 2.26.2+cuda12.2
MOC-R4PCC04U05:626370:626501 [1] NCCL INFO NET/Plugin: Could not find: libnccl-net.so. Using internal net plugin.
MOC-R4PCC04U05:626370:626501 [1] NCCL INFO NCCL_IB_HCA set to mlx5_5
MOC-R4PCC04U05:626372:626502 [3] NCCL INFO NET/Plugin: Could not find: libnccl-net.so. Using internal net plugin.
MOC-R4PCC04U05:626372:626502 [3] NCCL INFO NCCL_IB_HCA set to mlx5_5
MOC-R4PCC04U05:626370:626501 [1] NCCL INFO NET/IB : Made virtual device [0] name=mlx5_5 speed=400000 ndevs=1
MOC-R4PCC04U05:626370:626501 [1] NCCL INFO NET/IB : Using [0]mlx5_5:1/RoCE [RO]; OOB eno7np0:192.168.50.193<0>
MOC-R4PCC04U05:626372:626502 [3] NCCL INFO NET/IB : Made virtual device [0] name=mlx5_5 speed=400000 ndevs=1
MOC-R4PCC04U05:626372:626502 [3] NCCL INFO NET/IB : Using [0]mlx5_5:1/RoCE [RO]; OOB eno7np0:192.168.50.193<0>
MOC-R4PCC04U05:626371:626504 [2] NCCL INFO NET/Plugin: Could not find: libnccl-net.so. Using internal net plugin.
MOC-R4PCC04U05:626371:626504 [2] NCCL INFO NCCL_IB_HCA set to mlx5_5
MOC-R4PCC04U05:626371:626504 [2] NCCL INFO NET/IB : Made virtual device [0] name=mlx5_5 speed=400000 ndevs=1
MOC-R4PCC04U05:626371:626504 [2] NCCL INFO NET/IB : Using [0]mlx5_5:1/RoCE [RO]; OOB eno7np0:192.168.50.193<0>
MOC-R4PCC04U05:626370:626501 [1] NCCL INFO NET/IB : GPU Direct RDMA Enabled for HCA 0 'mlx5_5'
MOC-R4PCC04U05:626370:626501 [1] NCCL INFO NET/IB : Made virtual device [1] name=mlx5_5 speed=400000 ndevs=1
MOC-R4PCC04U05:626370:626501 [1] NCCL INFO NET/IB : GPU Direct RDMA Enabled for HCA 0 'mlx5_5'
MOC-R4PCC04U05:626370:626501 [1] NCCL INFO NET/IB : GPU Direct RDMA Enabled for HCA 1 'mlx5_5'
MOC-R4PCC04U05:626369:626478 [0] NCCL INFO NET/IB : GPU Direct RDMA Enabled for HCA 0 'mlx5_5'
MOC-R4PCC04U05:626369:626478 [0] NCCL INFO NET/IB : Made virtual device [1] name=mlx5_5 speed=400000 ndevs=1
MOC-R4PCC04U05:626369:626478 [0] NCCL INFO NET/IB : GPU Direct RDMA Enabled for HCA 0 'mlx5_5'
MOC-R4PCC04U05:626369:626478 [0] NCCL INFO NET/IB : GPU Direct RDMA Enabled for HCA 1 'mlx5_5'
MOC-R4PCC04U05:626371:626504 [2] NCCL INFO NET/IB : GPU Direct RDMA Enabled for HCA 0 'mlx5_5'
MOC-R4PCC04U05:626371:626504 [2] NCCL INFO NET/IB : Made virtual device [1] name=mlx5_5 speed=400000 ndevs=1
MOC-R4PCC04U05:626371:626504 [2] NCCL INFO NET/IB : GPU Direct RDMA Enabled for HCA 0 'mlx5_5'
MOC-R4PCC04U05:626371:626504 [2] NCCL INFO NET/IB : GPU Direct RDMA Enabled for HCA 1 'mlx5_5'
MOC-R4PCC04U05:626372:626502 [3] NCCL INFO NET/IB : GPU Direct RDMA Enabled for HCA 0 'mlx5_5'
MOC-R4PCC04U05:626372:626502 [3] NCCL INFO NET/IB : Made virtual device [1] name=mlx5_5 speed=400000 ndevs=1
MOC-R4PCC04U05:626372:626502 [3] NCCL INFO NET/IB : GPU Direct RDMA Enabled for HCA 0 'mlx5_5'
MOC-R4PCC04U05:626372:626502 [3] NCCL INFO NET/IB : GPU Direct RDMA Enabled for HCA 1 'mlx5_5'
MOC-R4PCC04U05:626370:626501 [1] NCCL INFO GPU Direct RDMA Enabled for GPU 0 / HCA 1 (distance 5 <= 5), read 0 mode Default
MOC-R4PCC04U05:626370:626501 [1] NCCL INFO GPU Direct RDMA Enabled for GPU 1 / HCA 1 (distance 5 <= 5), read 0 mode Default
MOC-R4PCC04U05:626370:626501 [1] NCCL INFO GPU Direct RDMA Enabled for GPU 2 / HCA 1 (distance 5 <= 5), read 0 mode Default
MOC-R4PCC04U05:626370:626501 [1] NCCL INFO GPU Direct RDMA Enabled for GPU 3 / HCA 1 (distance 5 <= 5), read 0 mode Default
MOC-R4PCC04U05:626370:626501 [1] NCCL INFO GPU Direct RDMA Enabled for GPU 0 / HCA 1 (distance 5 <= 5), read 0 mode Default
MOC-R4PCC04U05:626370:626501 [1] NCCL INFO GPU Direct RDMA Enabled for GPU 1 / HCA 1 (distance 5 <= 5), read 0 mode Default
MOC-R4PCC04U05:626370:626501 [1] NCCL INFO GPU Direct RDMA Enabled for GPU 2 / HCA 1 (distance 5 <= 5), read 0 mode Default
MOC-R4PCC04U05:626370:626501 [1] NCCL INFO GPU Direct RDMA Enabled for GPU 3 / HCA 1 (distance 5 <= 5), read 0 mode Default
MOC-R4PCC04U05:626369:626478 [0] NCCL INFO GPU Direct RDMA Enabled for GPU 0 / HCA 1 (distance 5 <= 5), read 0 mode Default
MOC-R4PCC04U05:626369:626478 [0] NCCL INFO GPU Direct RDMA Enabled for GPU 1 / HCA 1 (distance 5 <= 5), read 0 mode Default
MOC-R4PCC04U05:626369:626478 [0] NCCL INFO GPU Direct RDMA Enabled for GPU 2 / HCA 1 (distance 5 <= 5), read 0 mode Default
MOC-R4PCC04U05:626369:626478 [0] NCCL INFO GPU Direct RDMA Enabled for GPU 3 / HCA 1 (distance 5 <= 5), read 0 mode Default
MOC-R4PCC04U05:626369:626478 [0] NCCL INFO GPU Direct RDMA Enabled for GPU 0 / HCA 1 (distance 5 <= 5), read 0 mode Default
MOC-R4PCC04U05:626369:626478 [0] NCCL INFO GPU Direct RDMA Enabled for GPU 1 / HCA 1 (distance 5 <= 5), read 0 mode Default
MOC-R4PCC04U05:626369:626478 [0] NCCL INFO GPU Direct RDMA Enabled for GPU 2 / HCA 1 (distance 5 <= 5), read 0 mode Default
MOC-R4PCC04U05:626369:626478 [0] NCCL INFO GPU Direct RDMA Enabled for GPU 3 / HCA 1 (distance 5 <= 5), read 0 mode Default
MOC-R4PCC04U05:626371:626504 [2] NCCL INFO GPU Direct RDMA Enabled for GPU 0 / HCA 1 (distance 5 <= 5), read 0 mode Default
MOC-R4PCC04U05:626371:626504 [2] NCCL INFO GPU Direct RDMA Enabled for GPU 1 / HCA 1 (distance 5 <= 5), read 0 mode Default
MOC-R4PCC04U05:626371:626504 [2] NCCL INFO GPU Direct RDMA Enabled for GPU 2 / HCA 1 (distance 5 <= 5), read 0 mode Default
MOC-R4PCC04U05:626371:626504 [2] NCCL INFO GPU Direct RDMA Enabled for GPU 3 / HCA 1 (distance 5 <= 5), read 0 mode Default
MOC-R4PCC04U05:626372:626502 [3] NCCL INFO GPU Direct RDMA Enabled for GPU 0 / HCA 1 (distance 5 <= 5), read 0 mode Default
MOC-R4PCC04U05:626371:626504 [2] NCCL INFO GPU Direct RDMA Enabled for GPU 0 / HCA 1 (distance 5 <= 5), read 0 mode Default
MOC-R4PCC04U05:626372:626502 [3] NCCL INFO GPU Direct RDMA Enabled for GPU 1 / HCA 1 (distance 5 <= 5), read 0 mode Default
MOC-R4PCC04U05:626371:626504 [2] NCCL INFO GPU Direct RDMA Enabled for GPU 1 / HCA 1 (distance 5 <= 5), read 0 mode Default
MOC-R4PCC04U05:626372:626502 [3] NCCL INFO GPU Direct RDMA Enabled for GPU 2 / HCA 1 (distance 5 <= 5), read 0 mode Default
MOC-R4PCC04U05:626371:626504 [2] NCCL INFO GPU Direct RDMA Enabled for GPU 2 / HCA 1 (distance 5 <= 5), read 0 mode Default
MOC-R4PCC04U05:626372:626502 [3] NCCL INFO GPU Direct RDMA Enabled for GPU 3 / HCA 1 (distance 5 <= 5), read 0 mode Default
MOC-R4PCC04U05:626371:626504 [2] NCCL INFO GPU Direct RDMA Enabled for GPU 3 / HCA 1 (distance 5 <= 5), read 0 mode Default
MOC-R4PCC04U05:626372:626502 [3] NCCL INFO GPU Direct RDMA Enabled for GPU 0 / HCA 1 (distance 5 <= 5), read 0 mode Default
MOC-R4PCC04U05:626372:626502 [3] NCCL INFO GPU Direct RDMA Enabled for GPU 1 / HCA 1 (distance 5 <= 5), read 0 mode Default
MOC-R4PCC04U05:626372:626502 [3] NCCL INFO GPU Direct RDMA Enabled for GPU 2 / HCA 1 (distance 5 <= 5), read 0 mode Default
MOC-R4PCC04U05:626372:626502 [3] NCCL INFO GPU Direct RDMA Enabled for GPU 3 / HCA 1 (distance 5 <= 5), read 0 mode Default
MOC-R4PCC04U05:626369:626516 [0] NCCL INFO New proxy send connection 0 from local rank 0, transport 0
MOC-R4PCC04U05:626369:626524 [0] NCCL INFO Connected to proxy localRank 0 -> connection 0x7f179c004f30
MOC-R4PCC04U05:626369:626516 [0] NCCL INFO New proxy send connection 1 from local rank 0, transport 0
MOC-R4PCC04U05:626369:626524 [0] NCCL INFO Connected to proxy localRank 0 -> connection 0x7f179c004fa8
MOC-R4PCC04U05:626369:626516 [0] NCCL INFO New proxy send connection 2 from local rank 0, transport 0
MOC-R4PCC04U05:626369:626524 [0] NCCL INFO Connected to proxy localRank 0 -> connection 0x7f179c005020
MOC-R4PCC04U05:626371:626525 [2] NCCL INFO GPU Direct RDMA Enabled for GPU 2 / HCA 1 (distance 5 <= 5), read 0 mode Default
MOC-R4PCC04U05:626369:626516 [0] NCCL INFO New proxy send connection 3 from local rank 0, transport 0
MOC-R4PCC04U05:626369:626524 [0] NCCL INFO Connected to proxy localRank 0 -> connection 0x7f179c005098
MOC-R4PCC04U05:626372:626517 [3] NCCL INFO New proxy recv connection 0 from local rank 3, transport 0
MOC-R4PCC04U05:626372:626526 [3] NCCL INFO Connected to proxy localRank 3 -> connection 0x7ff7c8004f30
MOC-R4PCC04U05:626372:626517 [3] NCCL INFO New proxy recv connection 1 from local rank 3, transport 0
MOC-R4PCC04U05:626372:626526 [3] NCCL INFO Connected to proxy localRank 3 -> connection 0x7ff7c8004fa8
MOC-R4PCC04U05:626371:626521 [2] NCCL INFO New proxy recv connection 0 from local rank 2, transport 2
MOC-R4PCC04U05:626371:626525 [2] NCCL INFO Connected to proxy localRank 2 -> connection 0x7f83e8004f30
MOC-R4PCC04U05:626371:626525 [2] NCCL INFO Channel 00/0 : 15[3] -> 2[2] [receive] via NET/IB/1/GDRDMA
MOC-R4PCC04U05:626371:626525 [2] NCCL INFO GPU Direct RDMA Enabled for GPU 2 / HCA 1 (distance 5 <= 5), read 0 mode Default
MOC-R4PCC04U05:626371:626521 [2] NCCL INFO New proxy recv connection 1 from local rank 2, transport 2
MOC-R4PCC04U05:626371:626525 [2] NCCL INFO Connected to proxy localRank 2 -> connection 0x7f83e8004fa8
MOC-R4PCC04U05:626371:626525 [2] NCCL INFO Channel 01/0 : 15[3] -> 2[2] [receive] via NET/IB/1/GDRDMA
MOC-R4PCC04U05:626371:626525 [2] NCCL INFO GPU Direct RDMA Enabled for GPU 2 / HCA 1 (distance 5 <= 5), read 0 mode Default
MOC-R4PCC04U05:626371:626521 [2] NCCL INFO New proxy recv connection 2 from local rank 2, transport 2
MOC-R4PCC04U05:626371:626525 [2] NCCL INFO Connected to proxy localRank 2 -> connection 0x7f83e8005020
MOC-R4PCC04U05:626371:626525 [2] NCCL INFO Channel 02/0 : 15[3] -> 2[2] [receive] via NET/IB/1/GDRDMA
MOC-R4PCC04U05:626371:626525 [2] NCCL INFO GPU Direct RDMA Enabled for GPU 2 / HCA 1 (distance 5 <= 5), read 0 mode Default
MOC-R4PCC04U05:626371:626521 [2] NCCL INFO New proxy recv connection 3 from local rank 2, transport 2
MOC-R4PCC04U05:626371:626525 [2] NCCL INFO Connected to proxy localRank 2 -> connection 0x7f83e8005098
MOC-R4PCC04U05:626371:626525 [2] NCCL INFO Channel 03/0 : 15[3] -> 2[2] [receive] via NET/IB/1/GDRDMA
MOC-R4PCC04U05:626371:626521 [2] NCCL INFO New proxy send connection 4 from local rank 2, transport 0
MOC-R4PCC04U05:626371:626525 [2] NCCL INFO Connected to proxy localRank 2 -> connection 0x7f83e8005110
MOC-R4PCC04U05:626372:626517 [3] NCCL INFO New proxy recv connection 2 from local rank 3, transport 0
MOC-R4PCC04U05:626372:626526 [3] NCCL INFO Connected to proxy localRank 3 -> connection 0x7ff7c8005020
MOC-R4PCC04U05:626372:626517 [3] NCCL INFO New proxy recv connection 3 from local rank 3, transport 0
MOC-R4PCC04U05:626371:626521 [2] NCCL INFO New proxy send connection 5 from local rank 2, transport 0
MOC-R4PCC04U05:626372:626526 [3] NCCL INFO Connected to proxy localRank 3 -> connection 0x7ff7c8005098
MOC-R4PCC04U05:626371:626525 [2] NCCL INFO Connected to proxy localRank 2 -> connection 0x7f83e8005188
MOC-R4PCC04U05:626370:626518 [1] NCCL INFO New proxy recv connection 0 from local rank 1, transport 0
MOC-R4PCC04U05:626370:626528 [1] NCCL INFO Connected to proxy localRank 1 -> connection 0x7f107c004f30
MOC-R4PCC04U05:626372:626526 [3] NCCL INFO GPU Direct RDMA Enabled for GPU 3 / HCA 1 (distance 5 <= 5), read 1 mode Default
MOC-R4PCC04U05:626371:626521 [2] NCCL INFO New proxy send connection 6 from local rank 2, transport 0
MOC-R4PCC04U05:626371:626525 [2] NCCL INFO Connected to proxy localRank 2 -> connection 0x7f83e8005200
MOC-R4PCC04U05:626371:626521 [2] NCCL INFO New proxy send connection 7 from local rank 3, transport 2
MOC-R4PCC04U05:626372:626526 [3] NCCL INFO Connected to proxy localRank 2 -> connection 0x7f83e8005278
MOC-R4PCC04U05:626370:626518 [1] NCCL INFO New proxy recv connection 1 from local rank 1, transport 0
MOC-R4PCC04U05:626370:626528 [1] NCCL INFO Connected to proxy localRank 1 -> connection 0x7f107c004fa8
MOC-R4PCC04U05:626372:626526 [3] NCCL INFO Channel 00/0 : 3[3] -> 6[2] [send] via NET/IB/1(2)/GDRDMA
MOC-R4PCC04U05:626372:626526 [3] NCCL INFO GPU Direct RDMA Enabled for GPU 3 / HCA 1 (distance 5 <= 5), read 1 mode Default
MOC-R4PCC04U05:626371:626521 [2] NCCL INFO New proxy send connection 8 from local rank 2, transport 0
MOC-R4PCC04U05:626371:626525 [2] NCCL INFO Connected to proxy localRank 2 -> connection 0x7f83e80052f0
MOC-R4PCC04U05:626371:626521 [2] NCCL INFO New proxy send connection 9 from local rank 3, transport 2
MOC-R4PCC04U05:626372:626526 [3] NCCL INFO Connected to proxy localRank 2 -> connection 0x7f83e8005368
MOC-R4PCC04U05:626372:626526 [3] NCCL INFO Channel 01/0 : 3[3] -> 6[2] [send] via NET/IB/1(2)/GDRDMA
MOC-R4PCC04U05:626372:626526 [3] NCCL INFO GPU Direct RDMA Enabled for GPU 3 / HCA 1 (distance 5 <= 5), read 1 mode Default
MOC-R4PCC04U05:626370:626518 [1] NCCL INFO New proxy recv connection 2 from local rank 1, transport 0
MOC-R4PCC04U05:626371:626521 [2] NCCL INFO New proxy send connection 10 from local rank 3, transport 2
MOC-R4PCC04U05:626370:626528 [1] NCCL INFO Connected to proxy localRank 1 -> connection 0x7f107c005020
MOC-R4PCC04U05:626372:626526 [3] NCCL INFO Connected to proxy localRank 2 -> connection 0x7f83e80053e0
MOC-R4PCC04U05:626372:626526 [3] NCCL INFO Channel 02/0 : 3[3] -> 6[2] [send] via NET/IB/1(2)/GDRDMA
MOC-R4PCC04U05:626372:626526 [3] NCCL INFO GPU Direct RDMA Enabled for GPU 3 / HCA 1 (distance 5 <= 5), read 1 mode Default
MOC-R4PCC04U05:626371:626521 [2] NCCL INFO New proxy send connection 11 from local rank 3, transport 2
MOC-R4PCC04U05:626372:626526 [3] NCCL INFO Connected to proxy localRank 2 -> connection 0x7f83e8005458
MOC-R4PCC04U05:626372:626526 [3] NCCL INFO Channel 03/0 : 3[3] -> 6[2] [send] via NET/IB/1(2)/GDRDMA
MOC-R4PCC04U05:626369:626516 [0] NCCL INFO New proxy recv connection 4 from local rank 0, transport 0
MOC-R4PCC04U05:626369:626524 [0] NCCL INFO Connected to proxy localRank 0 -> connection 0x7f179c005110
MOC-R4PCC04U05:626370:626518 [1] NCCL INFO New proxy recv connection 3 from local rank 1, transport 0
MOC-R4PCC04U05:626370:626528 [1] NCCL INFO Connected to proxy localRank 1 -> connection 0x7f107c005098
MOC-R4PCC04U05:626370:626518 [1] NCCL INFO New proxy send connection 4 from local rank 1, transport 0
MOC-R4PCC04U05:626370:626528 [1] NCCL INFO Connected to proxy localRank 1 -> connection 0x7f107c005110
MOC-R4PCC04U05:626369:626516 [0] NCCL INFO New proxy recv connection 5 from local rank 0, transport 0
MOC-R4PCC04U05:626369:626524 [0] NCCL INFO Connected to proxy localRank 0 -> connection 0x7f179c005188
MOC-R4PCC04U05:626369:626516 [0] NCCL INFO New proxy send connection 6 from local rank 3, transport 0
MOC-R4PCC04U05:626372:626526 [3] NCCL INFO Connected to proxy localRank 0 -> connection 0x7f179c005200
MOC-R4PCC04U05:626370:626518 [1] NCCL INFO New proxy send connection 5 from local rank 1, transport 0
MOC-R4PCC04U05:626370:626528 [1] NCCL INFO Connected to proxy localRank 1 -> connection 0x7f107c005188
MOC-R4PCC04U05:626369:626516 [0] NCCL INFO New proxy recv connection 7 from local rank 0, transport 0
MOC-R4PCC04U05:626369:626524 [0] NCCL INFO Connected to proxy localRank 0 -> connection 0x7f179c005278
MOC-R4PCC04U05:626369:626516 [0] NCCL INFO New proxy recv connection 8 from local rank 0, transport 0
MOC-R4PCC04U05:626369:626524 [0] NCCL INFO Connected to proxy localRank 0 -> connection 0x7f179c0052f0
MOC-R4PCC04U05:626370:626518 [1] NCCL INFO New proxy send connection 6 from local rank 1, transport 0
MOC-R4PCC04U05:626370:626528 [1] NCCL INFO Connected to proxy localRank 1 -> connection 0x7f107c005200
MOC-R4PCC04U05:626370:626518 [1] NCCL INFO New proxy send connection 7 from local rank 1, transport 0
MOC-R4PCC04U05:626370:626528 [1] NCCL INFO Connected to proxy localRank 1 -> connection 0x7f107c005278
MOC-R4PCC04U05:626372:626517 [3] NCCL INFO New proxy send connection 4 from local rank 0, transport 0
MOC-R4PCC04U05:626369:626516 [0] NCCL INFO New proxy send connection 9 from local rank 1, transport 0
MOC-R4PCC04U05:626370:626528 [1] NCCL INFO Connected to proxy localRank 0 -> connection 0x7f179c005368
MOC-R4PCC04U05:626369:626524 [0] NCCL INFO Connected to proxy localRank 3 -> connection 0x7ff7c8005110
MOC-R4PCC04U05:626370:626518 [1] NCCL INFO New proxy send connection 8 from local rank 2, transport 0
MOC-R4PCC04U05:626371:626525 [2] NCCL INFO Connected to proxy localRank 1 -> connection 0x7f107c0052f0
MOC-R4PCC04U05:626371:626521 [2] NCCL INFO NET/IB: NCCL Dev 1 IbDev 0 Port 1 qpn 10276 mtu 3 query_ece={supported=1, vendor_id=0x15b3, options=0x30000002, comp_mask=0x0} GID 3 (0/C132A8C0FFFF0000) fifoRkey=0x170bca fifoLkey=0x170bca
MOC-R4PCC04U05:626371:626521 [2] NCCL INFO NET/IB: NCCL Dev 1 IbDev 0 Port 1 qpn 10277 mtu 3 query_ece={supported=1, vendor_id=0x15b3, options=0x30000002, comp_mask=0x0} GID 3 (0/C132A8C0FFFF0000) fifoRkey=0x17f1b0 fifoLkey=0x17f1b0
MOC-R4PCC04U05:626371:626521 [2] NCCL INFO NET/IB: IbDev 0 Port 1 qpn 9916 set_ece={supported=1, vendor_id=0x15b3, options=0x0, comp_mask=0x0}
MOC-R4PCC04U05:626371:626521 [2] NCCL INFO NET/IB: IbDev 0 Port 1 qpn 9918 set_ece={supported=1, vendor_id=0x15b3, options=0x0, comp_mask=0x0}
MOC-R4PCC04U05:626371:626521 [2] NCCL INFO New proxy send connection 12 from local rank 1, transport 0
MOC-R4PCC04U05:626371:626521 [2] NCCL INFO New proxy send connection 13 from local rank 3, transport 0
MOC-R4PCC04U05:626372:626526 [3] NCCL INFO Connected to proxy localRank 2 -> connection 0x7f83e8005548
MOC-R4PCC04U05:626370:626528 [1] NCCL INFO Connected to proxy localRank 2 -> connection 0x7f83e80054d0
MOC-R4PCC04U05:626370:626518 [1] NCCL INFO New proxy send connection 9 from local rank 0, transport 0
MOC-R4PCC04U05:626369:626524 [0] NCCL INFO Connected to proxy localRank 1 -> connection 0x7f107c005368
MOC-R4PCC04U05:626371:626521 [2] NCCL INFO NET/IB: NCCL Dev 1 IbDev 0 Port 1 qpn 10284 mtu 3 query_ece={supported=1, vendor_id=0x15b3, options=0x30000002, comp_mask=0x0} GID 3 (0/C132A8C0FFFF0000) fifoRkey=0x17f9b8 fifoLkey=0x17f9b8
MOC-R4PCC04U05:626371:626521 [2] NCCL INFO NET/IB: NCCL Dev 1 IbDev 0 Port 1 qpn 10285 mtu 3 query_ece={supported=1, vendor_id=0x15b3, options=0x30000002, comp_mask=0x0} GID 3 (0/C132A8C0FFFF0000) fifoRkey=0x16a464 fifoLkey=0x16a464
MOC-R4PCC04U05:626371:626521 [2] NCCL INFO NET/IB: IbDev 0 Port 1 qpn 9922 set_ece={supported=1, vendor_id=0x15b3, options=0x0, comp_mask=0x0}
MOC-R4PCC04U05:626371:626521 [2] NCCL INFO NET/IB: IbDev 0 Port 1 qpn 9924 set_ece={supported=1, vendor_id=0x15b3, options=0x0, comp_mask=0x0}
num decayed parameter tensors: 50, with 124,318,464 parameters
num non-decayed parameter tensors: 98, with 121,344 parameters
using fused AdamW: False
using regular AdamW
MOC-R4PCC04U05:626372:626517 [3] NCCL INFO New proxy recv connection 5 from local rank 3, transport 0
MOC-R4PCC04U05:626372:627220 [3] NCCL INFO Connected to proxy localRank 3 -> connection 0x7ff7c8005188
MOC-R4PCC04U05:626372:626517 [3] NCCL INFO New proxy recv connection 6 from local rank 3, transport 0
MOC-R4PCC04U05:626372:627220 [3] NCCL INFO Connected to proxy localRank 3 -> connection 0x7ff7c8005200
MOC-R4PCC04U05:626372:626517 [3] NCCL INFO New proxy recv connection 7 from local rank 3, transport 0
MOC-R4PCC04U05:626372:627220 [3] NCCL INFO Connected to proxy localRank 3 -> connection 0x7ff7c8005278
MOC-R4PCC04U05:626372:626517 [3] NCCL INFO New proxy recv connection 8 from local rank 3, transport 0
MOC-R4PCC04U05:626372:627220 [3] NCCL INFO Connected to proxy localRank 3 -> connection 0x7ff7c80052f0
MOC-R4PCC04U05:626369:626516 [0] NCCL INFO New proxy send connection 10 from local rank 0, transport 0
MOC-R4PCC04U05:626369:627221 [0] NCCL INFO Connected to proxy localRank 0 -> connection 0x7f179c0053e0
MOC-R4PCC04U05:626369:626516 [0] NCCL INFO New proxy send connection 11 from local rank 0, transport 0
MOC-R4PCC04U05:626369:627221 [0] NCCL INFO Connected to proxy localRank 0 -> connection 0x7f179c005458
MOC-R4PCC04U05:626369:626516 [0] NCCL INFO New proxy send connection 12 from local rank 0, transport 0
MOC-R4PCC04U05:626369:627221 [0] NCCL INFO Connected to proxy localRank 0 -> connection 0x7f179c0054d0
MOC-R4PCC04U05:626369:626516 [0] NCCL INFO New proxy send connection 13 from local rank 0, transport 0
MOC-R4PCC04U05:626369:627221 [0] NCCL INFO Connected to proxy localRank 0 -> connection 0x7f179c005548
MOC-R4PCC04U05:626370:626518 [1] NCCL INFO New proxy recv connection 10 from local rank 1, transport 0
MOC-R4PCC04U05:626370:627222 [1] NCCL INFO Connected to proxy localRank 1 -> connection 0x7f107c0053e0
MOC-R4PCC04U05:626370:626518 [1] NCCL INFO New proxy recv connection 11 from local rank 1, transport 0
MOC-R4PCC04U05:626370:627222 [1] NCCL INFO Connected to proxy localRank 1 -> connection 0x7f107c005458
MOC-R4PCC04U05:626370:626518 [1] NCCL INFO New proxy recv connection 12 from local rank 1, transport 0
MOC-R4PCC04U05:626370:627222 [1] NCCL INFO Connected to proxy localRank 1 -> connection 0x7f107c0054d0
MOC-R4PCC04U05:626370:626518 [1] NCCL INFO New proxy recv connection 13 from local rank 1, transport 0
MOC-R4PCC04U05:626370:627222 [1] NCCL INFO Connected to proxy localRank 1 -> connection 0x7f107c005548
MOC-R4PCC04U05:626369:626516 [0] NCCL INFO New proxy recv connection 14 from local rank 0, transport 0
MOC-R4PCC04U05:626369:627221 [0] NCCL INFO Connected to proxy localRank 0 -> connection 0x7f179c0055c0
MOC-R4PCC04U05:626369:626516 [0] NCCL INFO New proxy recv connection 15 from local rank 0, transport 0
MOC-R4PCC04U05:626369:627221 [0] NCCL INFO Connected to proxy localRank 0 -> connection 0x7f179c005638
MOC-R4PCC04U05:626369:626516 [0] NCCL INFO New proxy recv connection 16 from local rank 0, transport 0
MOC-R4PCC04U05:626369:627221 [0] NCCL INFO Connected to proxy localRank 0 -> connection 0x7f179c0056b0
MOC-R4PCC04U05:626369:626516 [0] NCCL INFO New proxy recv connection 17 from local rank 0, transport 0
MOC-R4PCC04U05:626369:627221 [0] NCCL INFO Connected to proxy localRank 0 -> connection 0x7f179c005728
MOC-R4PCC04U05:626371:626521 [2] NCCL INFO New proxy send connection 14 from local rank 2, transport 0
MOC-R4PCC04U05:626371:627223 [2] NCCL INFO Connected to proxy localRank 2 -> connection 0x7f83e80055c0
MOC-R4PCC04U05:626371:626521 [2] NCCL INFO New proxy send connection 15 from local rank 2, transport 0
MOC-R4PCC04U05:626371:627223 [2] NCCL INFO Connected to proxy localRank 2 -> connection 0x7f83e8005638
MOC-R4PCC04U05:626371:626521 [2] NCCL INFO New proxy send connection 16 from local rank 2, transport 0
MOC-R4PCC04U05:626371:627223 [2] NCCL INFO Connected to proxy localRank 2 -> connection 0x7f83e80056b0
MOC-R4PCC04U05:626371:626521 [2] NCCL INFO New proxy send connection 17 from local rank 2, transport 0
MOC-R4PCC04U05:626371:627223 [2] NCCL INFO Connected to proxy localRank 2 -> connection 0x7f83e8005728
MOC-R4PCC04U05:626371:627223 [2] NCCL INFO GPU Direct RDMA Enabled for GPU 2 / HCA 1 (distance 5 <= 5), read 1 mode Default
MOC-R4PCC04U05:626371:626521 [2] NCCL INFO New proxy send connection 18 from local rank 2, transport 2
MOC-R4PCC04U05:626371:627223 [2] NCCL INFO Connected to proxy localRank 2 -> connection 0x7f83e80057a0
MOC-R4PCC04U05:626371:627223 [2] NCCL INFO Channel 02/0 : 2[2] -> 6[2] [send] via NET/IB/1/GDRDMA
MOC-R4PCC04U05:626371:627223 [2] NCCL INFO GPU Direct RDMA Enabled for GPU 2 / HCA 1 (distance 5 <= 5), read 1 mode Default
MOC-R4PCC04U05:626372:626517 [3] NCCL INFO New proxy send connection 9 from local rank 3, transport 0
MOC-R4PCC04U05:626371:626521 [2] NCCL INFO New proxy send connection 19 from local rank 2, transport 2
MOC-R4PCC04U05:626371:627223 [2] NCCL INFO Connected to proxy localRank 2 -> connection 0x7f83e8005818
MOC-R4PCC04U05:626372:627220 [3] NCCL INFO Connected to proxy localRank 3 -> connection 0x7ff7c8005368
MOC-R4PCC04U05:626371:627223 [2] NCCL INFO Channel 03/0 : 2[2] -> 6[2] [send] via NET/IB/1/GDRDMA
MOC-R4PCC04U05:626372:626517 [3] NCCL INFO New proxy send connection 10 from local rank 3, transport 0
MOC-R4PCC04U05:626372:627220 [3] NCCL INFO Connected to proxy localRank 3 -> connection 0x7ff7c80053e0
MOC-R4PCC04U05:626372:626517 [3] NCCL INFO New proxy send connection 11 from local rank 3, transport 0
MOC-R4PCC04U05:626372:627220 [3] NCCL INFO Connected to proxy localRank 3 -> connection 0x7ff7c8005458
MOC-R4PCC04U05:626372:626517 [3] NCCL INFO New proxy send connection 12 from local rank 3, transport 0
MOC-R4PCC04U05:626372:627220 [3] NCCL INFO Connected to proxy localRank 3 -> connection 0x7ff7c80054d0
MOC-R4PCC04U05:626372:626517 [3] NCCL INFO New proxy send connection 13 from local rank 3, transport 0
MOC-R4PCC04U05:626372:627220 [3] NCCL INFO Connected to proxy localRank 3 -> connection 0x7ff7c8005548
MOC-R4PCC04U05:626372:626517 [3] NCCL INFO New proxy send connection 14 from local rank 3, transport 0
MOC-R4PCC04U05:626372:627220 [3] NCCL INFO Connected to proxy localRank 3 -> connection 0x7ff7c80055c0
MOC-R4PCC04U05:626372:626517 [3] NCCL INFO New proxy send connection 15 from local rank 3, transport 0
MOC-R4PCC04U05:626372:627220 [3] NCCL INFO Connected to proxy localRank 3 -> connection 0x7ff7c8005638
MOC-R4PCC04U05:626372:626517 [3] NCCL INFO New proxy send connection 16 from local rank 3, transport 0
MOC-R4PCC04U05:626372:627220 [3] NCCL INFO Connected to proxy localRank 3 -> connection 0x7ff7c80056b0
MOC-R4PCC04U05:626371:627223 [2] NCCL INFO GPU Direct RDMA Enabled for GPU 2 / HCA 1 (distance 5 <= 5), read 0 mode Default
MOC-R4PCC04U05:626371:626521 [2] NCCL INFO New proxy recv connection 20 from local rank 2, transport 2
MOC-R4PCC04U05:626371:627223 [2] NCCL INFO Connected to proxy localRank 2 -> connection 0x7f83e8005890
MOC-R4PCC04U05:626371:627223 [2] NCCL INFO Channel 00/0 : 10[2] -> 2[2] [receive] via NET/IB/1/GDRDMA
MOC-R4PCC04U05:626371:627223 [2] NCCL INFO GPU Direct RDMA Enabled for GPU 2 / HCA 1 (distance 5 <= 5), read 0 mode Default
MOC-R4PCC04U05:626371:626521 [2] NCCL INFO New proxy recv connection 21 from local rank 2, transport 2
MOC-R4PCC04U05:626371:627223 [2] NCCL INFO Connected to proxy localRank 2 -> connection 0x7f83e8005908
MOC-R4PCC04U05:626371:627223 [2] NCCL INFO Channel 01/0 : 10[2] -> 2[2] [receive] via NET/IB/1/GDRDMA
MOC-R4PCC04U05:626371:627223 [2] NCCL INFO GPU Direct RDMA Enabled for GPU 2 / HCA 1 (distance 5 <= 5), read 1 mode Default
MOC-R4PCC04U05:626371:626521 [2] NCCL INFO New proxy send connection 22 from local rank 2, transport 2
MOC-R4PCC04U05:626371:627223 [2] NCCL INFO Connected to proxy localRank 2 -> connection 0x7f83e8005980
MOC-R4PCC04U05:626371:627223 [2] NCCL INFO Channel 00/0 : 2[2] -> 10[2] [send] via NET/IB/1/GDRDMA
MOC-R4PCC04U05:626371:627223 [2] NCCL INFO GPU Direct RDMA Enabled for GPU 2 / HCA 1 (distance 5 <= 5), read 1 mode Default
MOC-R4PCC04U05:626371:626521 [2] NCCL INFO New proxy send connection 23 from local rank 2, transport 2
MOC-R4PCC04U05:626371:627223 [2] NCCL INFO Connected to proxy localRank 2 -> connection 0x7f83e80059f8
MOC-R4PCC04U05:626371:627223 [2] NCCL INFO Channel 01/0 : 2[2] -> 10[2] [send] via NET/IB/1/GDRDMA
MOC-R4PCC04U05:626371:627223 [2] NCCL INFO GPU Direct RDMA Enabled for GPU 2 / HCA 1 (distance 5 <= 5), read 0 mode Default
MOC-R4PCC04U05:626371:626521 [2] NCCL INFO New proxy recv connection 24 from local rank 2, transport 2
MOC-R4PCC04U05:626371:627223 [2] NCCL INFO Connected to proxy localRank 2 -> connection 0x7f83e8005a70
MOC-R4PCC04U05:626371:627223 [2] NCCL INFO Channel 02/0 : 6[2] -> 2[2] [receive] via NET/IB/1/GDRDMA
MOC-R4PCC04U05:626371:627223 [2] NCCL INFO GPU Direct RDMA Enabled for GPU 2 / HCA 1 (distance 5 <= 5), read 0 mode Default
MOC-R4PCC04U05:626371:626521 [2] NCCL INFO New proxy recv connection 25 from local rank 2, transport 2
MOC-R4PCC04U05:626371:627223 [2] NCCL INFO Connected to proxy localRank 2 -> connection 0x7f83e8005ae8
MOC-R4PCC04U05:626371:627223 [2] NCCL INFO Channel 03/0 : 6[2] -> 2[2] [receive] via NET/IB/1/GDRDMA
MOC-R4PCC04U05:626371:626521 [2] NCCL INFO New proxy recv connection 26 from local rank 2, transport 0
MOC-R4PCC04U05:626371:627223 [2] NCCL INFO Connected to proxy localRank 2 -> connection 0x7f83e8005b60
MOC-R4PCC04U05:626371:626521 [2] NCCL INFO New proxy recv connection 27 from local rank 2, transport 0
MOC-R4PCC04U05:626371:627223 [2] NCCL INFO Connected to proxy localRank 2 -> connection 0x7f83e8005bd8
MOC-R4PCC04U05:626371:626521 [2] NCCL INFO New proxy recv connection 28 from local rank 2, transport 0
MOC-R4PCC04U05:626371:627223 [2] NCCL INFO Connected to proxy localRank 2 -> connection 0x7f83e8005c50
MOC-R4PCC04U05:626371:626521 [2] NCCL INFO New proxy recv connection 29 from local rank 2, transport 0
MOC-R4PCC04U05:626371:627223 [2] NCCL INFO Connected to proxy localRank 2 -> connection 0x7f83e8005cc8
MOC-R4PCC04U05:626372:626517 [3] NCCL INFO New proxy send connection 17 from local rank 2, transport 0
MOC-R4PCC04U05:626371:627223 [2] NCCL INFO Connected to proxy localRank 3 -> connection 0x7ff7c8005728
MOC-R4PCC04U05:626371:626521 [2] NCCL INFO NET/IB: NCCL Dev 1 IbDev 0 Port 1 qpn 10286 mtu 3 query_ece={supported=1, vendor_id=0x15b3, options=0x30000002, comp_mask=0x0} GID 3 (0/C132A8C0FFFF0000) fifoRkey=0x17601f fifoLkey=0x17601f
MOC-R4PCC04U05:626371:626521 [2] NCCL INFO NET/IB: IbDev 0 Port 1 qpn 7373 set_ece={supported=1, vendor_id=0x15b3, options=0x0, comp_mask=0x0}
MOC-R4PCC04U05:626371:626521 [2] NCCL INFO NET/IB: NCCL Dev 1 IbDev 0 Port 1 qpn 10289 mtu 3 query_ece={supported=1, vendor_id=0x15b3, options=0x30000002, comp_mask=0x0} GID 3 (0/C132A8C0FFFF0000) fifoRkey=0x1722e1 fifoLkey=0x1722e1
MOC-R4PCC04U05:626371:626521 [2] NCCL INFO NET/IB: NCCL Dev 1 IbDev 0 Port 1 qpn 10292 mtu 3 query_ece={supported=1, vendor_id=0x15b3, options=0x30000002, comp_mask=0x0} GID 3 (0/C132A8C0FFFF0000) fifoRkey=0x179c5b fifoLkey=0x179c5b
MOC-R4PCC04U05:626371:626521 [2] NCCL INFO NET/IB: NCCL Dev 1 IbDev 0 Port 1 qpn 10293 mtu 3 query_ece={supported=1, vendor_id=0x15b3, options=0x30000002, comp_mask=0x0} GID 3 (0/C132A8C0FFFF0000) fifoRkey=0x17904f fifoLkey=0x17904f
MOC-R4PCC04U05:626371:626521 [2] NCCL INFO NET/IB: IbDev 0 Port 1 qpn 7376 set_ece={supported=1, vendor_id=0x15b3, options=0x0, comp_mask=0x0}
MOC-R4PCC04U05:626371:626521 [2] NCCL INFO NET/IB: IbDev 0 Port 1 qpn 9931 set_ece={supported=1, vendor_id=0x15b3, options=0x0, comp_mask=0x0}
MOC-R4PCC04U05:626371:626521 [2] NCCL INFO NET/IB: IbDev 0 Port 1 qpn 9934 set_ece={supported=1, vendor_id=0x15b3, options=0x0, comp_mask=0x0}
step    1/10 | train loss 11.010097 | norm 15.4736 | lr 1.00e-04 | (13951.54 ms | 75158 tok/s)
step    2/10 | train loss 10.132353 | norm 5.7712 | lr 1.00e-04 | (308.32 ms | 3400978 tok/s)
step    3/10 | train loss 9.790420 | norm 2.6207 | lr 1.00e-04 | (223.15 ms | 4699064 tok/s)
step    4/10 | train loss 9.620092 | norm 2.1209 | lr 1.00e-04 | (224.91 ms | 4662232 tok/s)
step    5/10 | train loss 9.536890 | norm 2.1163 | lr 1.00e-04 | (239.81 ms | 4372494 tok/s)
step    6/10 | train loss 9.455262 | norm 2.0053 | lr 1.00e-04 | (227.96 ms | 4599846 tok/s)
step    7/10 | train loss 9.369593 | norm 1.9545 | lr 1.00e-04 | (224.84 ms | 4663641 tok/s)
step    8/10 | train loss 9.277893 | norm 1.9223 | lr 1.00e-04 | (223.82 ms | 4684988 tok/s)
step    9/10 | train loss 9.182261 | norm 1.8716 | lr 1.00e-04 | (225.09 ms | 4658390 tok/s)
step   10/10 | train loss 9.094440 | norm 1.7971 | lr 1.00e-04 | (225.32 ms | 4653796 tok/s)
final 9 iters avg: 235.912ms
peak memory consumption: 16601 MiB
