Running pytorch 2.7.0+cu126
using device: cuda:0
total desired batch size: 3932160
=> calculated gradient accumulation steps: 10
using device: cuda:1
using device: cuda:2
using device: cuda:3
compiling the model...
DataLoader: total number of tokens: 1,661,249,667 across 103 files
MOC-R4PCC04U05:591415:591415 [0] NCCL INFO NCCL_SOCKET_IFNAME set to eno7np0
MOC-R4PCC04U05:591415:591415 [0] NCCL INFO NCCL version 2.26.2+cuda12.2
MOC-R4PCC04U05:591415:591519 [0] NCCL INFO NET/Plugin: Could not find: libnccl-net.so. Using internal net plugin.
MOC-R4PCC04U05:591415:591519 [0] NCCL INFO NET/Socket : Using [0]eno7np0:192.168.50.193<0>
MOC-R4PCC04U05:591416:591416 [1] NCCL INFO NCCL_SOCKET_IFNAME set to eno7np0
MOC-R4PCC04U05:591416:591416 [1] NCCL INFO NCCL version 2.26.2+cuda12.2
MOC-R4PCC04U05:591417:591417 [2] NCCL INFO NCCL_SOCKET_IFNAME set to eno7np0
MOC-R4PCC04U05:591417:591417 [2] NCCL INFO NCCL version 2.26.2+cuda12.2
MOC-R4PCC04U05:591418:591418 [3] NCCL INFO NCCL_SOCKET_IFNAME set to eno7np0
MOC-R4PCC04U05:591418:591418 [3] NCCL INFO NCCL version 2.26.2+cuda12.2
MOC-R4PCC04U05:591416:591541 [1] NCCL INFO NET/Plugin: Could not find: libnccl-net.so. Using internal net plugin.
MOC-R4PCC04U05:591416:591541 [1] NCCL INFO NET/Socket : Using [0]eno7np0:192.168.50.193<0>
MOC-R4PCC04U05:591417:591542 [2] NCCL INFO NET/Plugin: Could not find: libnccl-net.so. Using internal net plugin.
MOC-R4PCC04U05:591417:591542 [2] NCCL INFO NET/Socket : Using [0]eno7np0:192.168.50.193<0>
MOC-R4PCC04U05:591418:591543 [3] NCCL INFO NET/Plugin: Could not find: libnccl-net.so. Using internal net plugin.
MOC-R4PCC04U05:591418:591543 [3] NCCL INFO NET/Socket : Using [0]eno7np0:192.168.50.193<0>
MOC-R4PCC04U05:591418:591543 [3] NCCL INFO NET/Socket : GPU Direct RDMA Disabled for HCA 0 'eno7np0'
MOC-R4PCC04U05:591417:591542 [2] NCCL INFO NET/Socket : GPU Direct RDMA Disabled for HCA 0 'eno7np0'
MOC-R4PCC04U05:591415:591519 [0] NCCL INFO NET/Socket : GPU Direct RDMA Disabled for HCA 0 'eno7np0'
MOC-R4PCC04U05:591416:591541 [1] NCCL INFO NET/Socket : GPU Direct RDMA Disabled for HCA 0 'eno7np0'
MOC-R4PCC04U05:591415:591619 [0] NCCL INFO New proxy send connection 0 from local rank 0, transport 0
MOC-R4PCC04U05:591415:591627 [0] NCCL INFO Connected to proxy localRank 0 -> connection 0x7f8aa4004f30
MOC-R4PCC04U05:591415:591619 [0] NCCL INFO New proxy send connection 1 from local rank 0, transport 0
MOC-R4PCC04U05:591415:591627 [0] NCCL INFO Connected to proxy localRank 0 -> connection 0x7f8aa4004fa8
MOC-R4PCC04U05:591416:591622 [1] NCCL INFO New proxy recv connection 0 from local rank 1, transport 0
MOC-R4PCC04U05:591416:591628 [1] NCCL INFO Connected to proxy localRank 1 -> connection 0x7f4984004f30
MOC-R4PCC04U05:591416:591622 [1] NCCL INFO New proxy recv connection 1 from local rank 1, transport 0
MOC-R4PCC04U05:591416:591628 [1] NCCL INFO Connected to proxy localRank 1 -> connection 0x7f4984004fa8
MOC-R4PCC04U05:591418:591620 [3] NCCL INFO New proxy recv connection 0 from local rank 3, transport 0
MOC-R4PCC04U05:591418:591629 [3] NCCL INFO Connected to proxy localRank 3 -> connection 0x7f7e94004f30
MOC-R4PCC04U05:591418:591620 [3] NCCL INFO New proxy recv connection 1 from local rank 3, transport 0
MOC-R4PCC04U05:591418:591629 [3] NCCL INFO Connected to proxy localRank 3 -> connection 0x7f7e94004fa8
MOC-R4PCC04U05:591417:591621 [2] NCCL INFO New proxy recv connection 0 from local rank 2, transport 0
MOC-R4PCC04U05:591417:591630 [2] NCCL INFO Connected to proxy localRank 2 -> connection 0x7f5cc8004f30
MOC-R4PCC04U05:591417:591621 [2] NCCL INFO New proxy recv connection 1 from local rank 2, transport 0
MOC-R4PCC04U05:591417:591630 [2] NCCL INFO Connected to proxy localRank 2 -> connection 0x7f5cc8004fa8
MOC-R4PCC04U05:591415:591619 [0] NCCL INFO New proxy send connection 2 from local rank 0, transport 0
MOC-R4PCC04U05:591415:591627 [0] NCCL INFO Connected to proxy localRank 0 -> connection 0x7f8aa4005020
MOC-R4PCC04U05:591415:591619 [0] NCCL INFO New proxy send connection 3 from local rank 0, transport 0
MOC-R4PCC04U05:591415:591627 [0] NCCL INFO Connected to proxy localRank 0 -> connection 0x7f8aa4005098
MOC-R4PCC04U05:591418:591620 [3] NCCL INFO New proxy send connection 2 from local rank 3, transport 2
MOC-R4PCC04U05:591418:591629 [3] NCCL INFO Connected to proxy localRank 3 -> connection 0x7f7e94005020
MOC-R4PCC04U05:591418:591629 [3] NCCL INFO Channel 00/0 : 3[3] -> 6[2] [send] via NET/Socket/0
MOC-R4PCC04U05:591418:591620 [3] NCCL INFO New proxy send connection 3 from local rank 3, transport 2
MOC-R4PCC04U05:591418:591629 [3] NCCL INFO Connected to proxy localRank 3 -> connection 0x7f7e94005098
MOC-R4PCC04U05:591418:591629 [3] NCCL INFO Channel 02/0 : 3[3] -> 6[2] [send] via NET/Socket/0
MOC-R4PCC04U05:591415:591619 [0] NCCL INFO New proxy recv connection 4 from local rank 0, transport 0
MOC-R4PCC04U05:591415:591627 [0] NCCL INFO Connected to proxy localRank 0 -> connection 0x7f8aa4005110
MOC-R4PCC04U05:591418:591620 [3] NCCL INFO New proxy recv connection 4 from local rank 3, transport 2
MOC-R4PCC04U05:591418:591629 [3] NCCL INFO Connected to proxy localRank 3 -> connection 0x7f7e94005110
MOC-R4PCC04U05:591418:591629 [3] NCCL INFO Channel 01/0 : 10[2] -> 3[3] [receive] via NET/Socket/0
MOC-R4PCC04U05:591418:591620 [3] NCCL INFO New proxy recv connection 5 from local rank 3, transport 2
MOC-R4PCC04U05:591418:591629 [3] NCCL INFO Connected to proxy localRank 3 -> connection 0x7f7e94005188
MOC-R4PCC04U05:591418:591629 [3] NCCL INFO Channel 03/0 : 10[2] -> 3[3] [receive] via NET/Socket/0
MOC-R4PCC04U05:591418:591620 [3] NCCL INFO New proxy send connection 6 from local rank 3, transport 0
MOC-R4PCC04U05:591418:591629 [3] NCCL INFO Connected to proxy localRank 3 -> connection 0x7f7e94005200
MOC-R4PCC04U05:591417:591621 [2] NCCL INFO New proxy recv connection 2 from local rank 2, transport 2
MOC-R4PCC04U05:591417:591630 [2] NCCL INFO Connected to proxy localRank 2 -> connection 0x7f5cc8005020
MOC-R4PCC04U05:591417:591630 [2] NCCL INFO Channel 00/0 : 11[3] -> 2[2] [receive] via NET/Socket/0
MOC-R4PCC04U05:591417:591621 [2] NCCL INFO New proxy recv connection 3 from local rank 2, transport 2
MOC-R4PCC04U05:591417:591630 [2] NCCL INFO Connected to proxy localRank 2 -> connection 0x7f5cc8005098
MOC-R4PCC04U05:591417:591630 [2] NCCL INFO Channel 02/0 : 11[3] -> 2[2] [receive] via NET/Socket/0
MOC-R4PCC04U05:591417:591621 [2] NCCL INFO New proxy send connection 4 from local rank 2, transport 2
MOC-R4PCC04U05:591417:591630 [2] NCCL INFO Connected to proxy localRank 2 -> connection 0x7f5cc8005110
MOC-R4PCC04U05:591417:591630 [2] NCCL INFO Channel 01/0 : 2[2] -> 7[3] [send] via NET/Socket/0
MOC-R4PCC04U05:591417:591621 [2] NCCL INFO New proxy send connection 5 from local rank 2, transport 2
MOC-R4PCC04U05:591417:591630 [2] NCCL INFO Connected to proxy localRank 2 -> connection 0x7f5cc8005188
MOC-R4PCC04U05:591417:591630 [2] NCCL INFO Channel 03/0 : 2[2] -> 7[3] [send] via NET/Socket/0
MOC-R4PCC04U05:591417:591621 [2] NCCL INFO New proxy send connection 6 from local rank 2, transport 0
MOC-R4PCC04U05:591417:591630 [2] NCCL INFO Connected to proxy localRank 2 -> connection 0x7f5cc8005200
MOC-R4PCC04U05:591418:591620 [3] NCCL INFO New proxy send connection 7 from local rank 3, transport 0
MOC-R4PCC04U05:591417:591621 [2] NCCL INFO New proxy send connection 7 from local rank 2, transport 0
MOC-R4PCC04U05:591415:591619 [0] NCCL INFO New proxy recv connection 5 from local rank 0, transport 0
MOC-R4PCC04U05:591418:591629 [3] NCCL INFO Connected to proxy localRank 3 -> connection 0x7f7e94005278
MOC-R4PCC04U05:591417:591630 [2] NCCL INFO Connected to proxy localRank 2 -> connection 0x7f5cc8005278
MOC-R4PCC04U05:591415:591627 [0] NCCL INFO Connected to proxy localRank 0 -> connection 0x7f8aa4005188
MOC-R4PCC04U05:591416:591622 [1] NCCL INFO New proxy recv connection 2 from local rank 1, transport 0
MOC-R4PCC04U05:591416:591628 [1] NCCL INFO Connected to proxy localRank 1 -> connection 0x7f4984005020
MOC-R4PCC04U05:591415:591619 [0] NCCL INFO New proxy recv connection 6 from local rank 0, transport 0
MOC-R4PCC04U05:591415:591627 [0] NCCL INFO Connected to proxy localRank 0 -> connection 0x7f8aa4005200
MOC-R4PCC04U05:591415:591619 [0] NCCL INFO New proxy send connection 7 from local rank 3, transport 0
MOC-R4PCC04U05:591418:591629 [3] NCCL INFO Connected to proxy localRank 0 -> connection 0x7f8aa4005278
MOC-R4PCC04U05:591416:591622 [1] NCCL INFO New proxy recv connection 3 from local rank 1, transport 0
MOC-R4PCC04U05:591416:591628 [1] NCCL INFO Connected to proxy localRank 1 -> connection 0x7f4984005098
MOC-R4PCC04U05:591415:591619 [0] NCCL INFO New proxy recv connection 8 from local rank 0, transport 0
MOC-R4PCC04U05:591415:591627 [0] NCCL INFO Connected to proxy localRank 0 -> connection 0x7f8aa40052f0
MOC-R4PCC04U05:591416:591622 [1] NCCL INFO New proxy send connection 4 from local rank 1, transport 0
MOC-R4PCC04U05:591416:591628 [1] NCCL INFO Connected to proxy localRank 1 -> connection 0x7f4984005110
MOC-R4PCC04U05:591416:591622 [1] NCCL INFO New proxy send connection 5 from local rank 1, transport 0
MOC-R4PCC04U05:591416:591628 [1] NCCL INFO Connected to proxy localRank 1 -> connection 0x7f4984005188
MOC-R4PCC04U05:591416:591622 [1] NCCL INFO New proxy send connection 6 from local rank 1, transport 0
MOC-R4PCC04U05:591416:591628 [1] NCCL INFO Connected to proxy localRank 1 -> connection 0x7f4984005200
MOC-R4PCC04U05:591416:591622 [1] NCCL INFO New proxy send connection 7 from local rank 1, transport 0
MOC-R4PCC04U05:591416:591628 [1] NCCL INFO Connected to proxy localRank 1 -> connection 0x7f4984005278
MOC-R4PCC04U05:591415:591619 [0] NCCL INFO New proxy send connection 9 from local rank 2, transport 0
MOC-R4PCC04U05:591417:591630 [2] NCCL INFO Connected to proxy localRank 0 -> connection 0x7f8aa4005368
MOC-R4PCC04U05:591417:591621 [2] NCCL INFO New proxy send connection 8 from local rank 0, transport 0
MOC-R4PCC04U05:591415:591627 [0] NCCL INFO Connected to proxy localRank 2 -> connection 0x7f5cc80052f0
MOC-R4PCC04U05:591418:591620 [3] NCCL INFO New proxy send connection 8 from local rank 1, transport 0
MOC-R4PCC04U05:591416:591628 [1] NCCL INFO Connected to proxy localRank 3 -> connection 0x7f7e940052f0
MOC-R4PCC04U05:591416:591622 [1] NCCL INFO New proxy send connection 8 from local rank 2, transport 0
MOC-R4PCC04U05:591417:591630 [2] NCCL INFO Connected to proxy localRank 1 -> connection 0x7f49840052f0
MOC-R4PCC04U05:591418:591620 [3] NCCL INFO New proxy send connection 9 from local rank 0, transport 0
MOC-R4PCC04U05:591415:591627 [0] NCCL INFO Connected to proxy localRank 3 -> connection 0x7f7e94005368
MOC-R4PCC04U05:591416:591622 [1] NCCL INFO New proxy send connection 9 from local rank 3, transport 0
MOC-R4PCC04U05:591418:591629 [3] NCCL INFO Connected to proxy localRank 1 -> connection 0x7f4984005368
MOC-R4PCC04U05:591415:591619 [0] NCCL INFO New proxy send connection 10 from local rank 1, transport 0
MOC-R4PCC04U05:591416:591628 [1] NCCL INFO Connected to proxy localRank 0 -> connection 0x7f8aa40053e0
MOC-R4PCC04U05:591417:591621 [2] NCCL INFO New proxy send connection 9 from local rank 1, transport 0
MOC-R4PCC04U05:591416:591628 [1] NCCL INFO Connected to proxy localRank 2 -> connection 0x7f5cc8005368
MOC-R4PCC04U05:591416:591622 [1] NCCL INFO New proxy send connection 10 from local rank 0, transport 0
MOC-R4PCC04U05:591415:591627 [0] NCCL INFO Connected to proxy localRank 1 -> connection 0x7f49840053e0
num decayed parameter tensors: 50, with 124,318,464 parameters
num non-decayed parameter tensors: 98, with 121,344 parameters
using fused AdamW: False
using regular AdamW
MOC-R4PCC04U05:591415:591619 [0] NCCL INFO New proxy send connection 11 from local rank 0, transport 0
MOC-R4PCC04U05:591415:592275 [0] NCCL INFO Connected to proxy localRank 0 -> connection 0x7f8aa4005458
MOC-R4PCC04U05:591415:591619 [0] NCCL INFO New proxy send connection 12 from local rank 0, transport 0
MOC-R4PCC04U05:591415:592275 [0] NCCL INFO Connected to proxy localRank 0 -> connection 0x7f8aa40054d0
MOC-R4PCC04U05:591415:591619 [0] NCCL INFO New proxy send connection 13 from local rank 0, transport 0
MOC-R4PCC04U05:591415:592275 [0] NCCL INFO Connected to proxy localRank 0 -> connection 0x7f8aa4005548
MOC-R4PCC04U05:591415:591619 [0] NCCL INFO New proxy send connection 14 from local rank 0, transport 0
MOC-R4PCC04U05:591415:592275 [0] NCCL INFO Connected to proxy localRank 0 -> connection 0x7f8aa40055c0
MOC-R4PCC04U05:591416:591622 [1] NCCL INFO New proxy recv connection 11 from local rank 1, transport 0
MOC-R4PCC04U05:591416:592276 [1] NCCL INFO Connected to proxy localRank 1 -> connection 0x7f4984005458
MOC-R4PCC04U05:591416:591622 [1] NCCL INFO New proxy recv connection 12 from local rank 1, transport 0
MOC-R4PCC04U05:591416:592276 [1] NCCL INFO Connected to proxy localRank 1 -> connection 0x7f49840054d0
MOC-R4PCC04U05:591416:591622 [1] NCCL INFO New proxy recv connection 13 from local rank 1, transport 0
MOC-R4PCC04U05:591416:592276 [1] NCCL INFO Connected to proxy localRank 1 -> connection 0x7f4984005548
MOC-R4PCC04U05:591416:591622 [1] NCCL INFO New proxy recv connection 14 from local rank 1, transport 0
MOC-R4PCC04U05:591416:592276 [1] NCCL INFO Connected to proxy localRank 1 -> connection 0x7f49840055c0
MOC-R4PCC04U05:591416:591622 [1] NCCL INFO New proxy send connection 15 from local rank 1, transport 0
MOC-R4PCC04U05:591416:592276 [1] NCCL INFO Connected to proxy localRank 1 -> connection 0x7f4984005638
MOC-R4PCC04U05:591416:591622 [1] NCCL INFO New proxy send connection 16 from local rank 1, transport 0
MOC-R4PCC04U05:591416:592276 [1] NCCL INFO Connected to proxy localRank 1 -> connection 0x7f49840056b0
MOC-R4PCC04U05:591416:591622 [1] NCCL INFO New proxy send connection 17 from local rank 1, transport 0
MOC-R4PCC04U05:591416:592276 [1] NCCL INFO Connected to proxy localRank 1 -> connection 0x7f4984005728
MOC-R4PCC04U05:591416:591622 [1] NCCL INFO New proxy send connection 18 from local rank 1, transport 0
MOC-R4PCC04U05:591416:592276 [1] NCCL INFO Connected to proxy localRank 1 -> connection 0x7f49840057a0
MOC-R4PCC04U05:591415:591619 [0] NCCL INFO New proxy send connection 15 from local rank 0, transport 0
MOC-R4PCC04U05:591415:592275 [0] NCCL INFO Connected to proxy localRank 0 -> connection 0x7f8aa4005638
MOC-R4PCC04U05:591415:591619 [0] NCCL INFO New proxy send connection 16 from local rank 0, transport 0
MOC-R4PCC04U05:591415:592275 [0] NCCL INFO Connected to proxy localRank 0 -> connection 0x7f8aa40056b0
MOC-R4PCC04U05:591417:591621 [2] NCCL INFO New proxy recv connection 10 from local rank 2, transport 0
MOC-R4PCC04U05:591417:592277 [2] NCCL INFO Connected to proxy localRank 2 -> connection 0x7f5cc80053e0
MOC-R4PCC04U05:591417:591621 [2] NCCL INFO New proxy recv connection 11 from local rank 2, transport 0
MOC-R4PCC04U05:591417:592277 [2] NCCL INFO Connected to proxy localRank 2 -> connection 0x7f5cc8005458
MOC-R4PCC04U05:591417:591621 [2] NCCL INFO New proxy recv connection 12 from local rank 2, transport 0
MOC-R4PCC04U05:591417:592277 [2] NCCL INFO Connected to proxy localRank 2 -> connection 0x7f5cc80054d0
MOC-R4PCC04U05:591417:591621 [2] NCCL INFO New proxy recv connection 13 from local rank 2, transport 0
MOC-R4PCC04U05:591417:592277 [2] NCCL INFO Connected to proxy localRank 2 -> connection 0x7f5cc8005548
MOC-R4PCC04U05:591417:591621 [2] NCCL INFO New proxy send connection 14 from local rank 2, transport 0
MOC-R4PCC04U05:591417:592277 [2] NCCL INFO Connected to proxy localRank 2 -> connection 0x7f5cc80055c0
MOC-R4PCC04U05:591416:591622 [1] NCCL INFO New proxy recv connection 19 from local rank 1, transport 0
MOC-R4PCC04U05:591416:592276 [1] NCCL INFO Connected to proxy localRank 1 -> connection 0x7f4984005818
MOC-R4PCC04U05:591417:591621 [2] NCCL INFO New proxy send connection 15 from local rank 2, transport 0
MOC-R4PCC04U05:591417:592277 [2] NCCL INFO Connected to proxy localRank 2 -> connection 0x7f5cc8005638
MOC-R4PCC04U05:591416:591622 [1] NCCL INFO New proxy recv connection 20 from local rank 1, transport 0
MOC-R4PCC04U05:591416:592276 [1] NCCL INFO Connected to proxy localRank 1 -> connection 0x7f4984005890
MOC-R4PCC04U05:591418:591620 [3] NCCL INFO New proxy recv connection 10 from local rank 3, transport 0
MOC-R4PCC04U05:591418:592278 [3] NCCL INFO Connected to proxy localRank 3 -> connection 0x7f7e940053e0
MOC-R4PCC04U05:591418:591620 [3] NCCL INFO New proxy recv connection 11 from local rank 3, transport 0
MOC-R4PCC04U05:591418:592278 [3] NCCL INFO Connected to proxy localRank 3 -> connection 0x7f7e94005458
MOC-R4PCC04U05:591418:591620 [3] NCCL INFO New proxy recv connection 12 from local rank 3, transport 2
MOC-R4PCC04U05:591418:592278 [3] NCCL INFO Connected to proxy localRank 3 -> connection 0x7f7e940054d0
MOC-R4PCC04U05:591415:591619 [0] NCCL INFO New proxy recv connection 17 from local rank 0, transport 0
MOC-R4PCC04U05:591415:592275 [0] NCCL INFO Connected to proxy localRank 0 -> connection 0x7f8aa4005728
MOC-R4PCC04U05:591418:592278 [3] NCCL INFO Channel 00/0 : 11[3] -> 3[3] [receive] via NET/Socket/0
MOC-R4PCC04U05:591418:591620 [3] NCCL INFO New proxy recv connection 13 from local rank 3, transport 2
MOC-R4PCC04U05:591418:592278 [3] NCCL INFO Connected to proxy localRank 3 -> connection 0x7f7e94005548
MOC-R4PCC04U05:591415:591619 [0] NCCL INFO New proxy recv connection 18 from local rank 0, transport 0
MOC-R4PCC04U05:591415:592275 [0] NCCL INFO Connected to proxy localRank 0 -> connection 0x7f8aa40057a0
MOC-R4PCC04U05:591415:591619 [0] NCCL INFO New proxy recv connection 19 from local rank 0, transport 0
MOC-R4PCC04U05:591415:592275 [0] NCCL INFO Connected to proxy localRank 0 -> connection 0x7f8aa4005818
MOC-R4PCC04U05:591418:592278 [3] NCCL INFO Channel 01/0 : 11[3] -> 3[3] [receive] via NET/Socket/0
MOC-R4PCC04U05:591418:591620 [3] NCCL INFO New proxy recv connection 14 from local rank 3, transport 2
MOC-R4PCC04U05:591418:592278 [3] NCCL INFO Connected to proxy localRank 3 -> connection 0x7f7e940055c0
MOC-R4PCC04U05:591415:591619 [0] NCCL INFO New proxy recv connection 20 from local rank 0, transport 0
MOC-R4PCC04U05:591415:592275 [0] NCCL INFO Connected to proxy localRank 0 -> connection 0x7f8aa4005890
MOC-R4PCC04U05:591418:592278 [3] NCCL INFO Channel 02/0 : 11[3] -> 3[3] [receive] via NET/Socket/0
MOC-R4PCC04U05:591418:591620 [3] NCCL INFO New proxy recv connection 15 from local rank 3, transport 2
MOC-R4PCC04U05:591418:592278 [3] NCCL INFO Connected to proxy localRank 3 -> connection 0x7f7e94005638
MOC-R4PCC04U05:591418:592278 [3] NCCL INFO Channel 03/0 : 11[3] -> 3[3] [receive] via NET/Socket/0
MOC-R4PCC04U05:591418:591620 [3] NCCL INFO New proxy send connection 16 from local rank 3, transport 2
MOC-R4PCC04U05:591418:592278 [3] NCCL INFO Connected to proxy localRank 3 -> connection 0x7f7e940056b0
MOC-R4PCC04U05:591418:592278 [3] NCCL INFO Channel 02/0 : 3[3] -> 7[3] [send] via NET/Socket/0
MOC-R4PCC04U05:591418:591620 [3] NCCL INFO New proxy send connection 17 from local rank 3, transport 2
MOC-R4PCC04U05:591418:592278 [3] NCCL INFO Connected to proxy localRank 3 -> connection 0x7f7e94005728
MOC-R4PCC04U05:591418:592278 [3] NCCL INFO Channel 03/0 : 3[3] -> 7[3] [send] via NET/Socket/0
MOC-R4PCC04U05:591418:591620 [3] NCCL INFO New proxy recv connection 18 from local rank 3, transport 2
MOC-R4PCC04U05:591418:592278 [3] NCCL INFO Connected to proxy localRank 3 -> connection 0x7f7e940057a0
MOC-R4PCC04U05:591418:592278 [3] NCCL INFO Channel 02/0 : 7[3] -> 3[3] [receive] via NET/Socket/0
MOC-R4PCC04U05:591418:591620 [3] NCCL INFO New proxy recv connection 19 from local rank 3, transport 2
MOC-R4PCC04U05:591418:592278 [3] NCCL INFO Connected to proxy localRank 3 -> connection 0x7f7e94005818
MOC-R4PCC04U05:591418:592278 [3] NCCL INFO Channel 03/0 : 7[3] -> 3[3] [receive] via NET/Socket/0
MOC-R4PCC04U05:591418:591620 [3] NCCL INFO New proxy send connection 20 from local rank 3, transport 2
MOC-R4PCC04U05:591418:592278 [3] NCCL INFO Connected to proxy localRank 3 -> connection 0x7f7e94005890
MOC-R4PCC04U05:591418:592278 [3] NCCL INFO Channel 00/0 : 3[3] -> 11[3] [send] via NET/Socket/0
MOC-R4PCC04U05:591418:591620 [3] NCCL INFO New proxy send connection 21 from local rank 3, transport 2
MOC-R4PCC04U05:591418:592278 [3] NCCL INFO Connected to proxy localRank 3 -> connection 0x7f7e94005908
MOC-R4PCC04U05:591418:592278 [3] NCCL INFO Channel 01/0 : 3[3] -> 11[3] [send] via NET/Socket/0
MOC-R4PCC04U05:591418:591620 [3] NCCL INFO New proxy send connection 22 from local rank 3, transport 2
MOC-R4PCC04U05:591418:592278 [3] NCCL INFO Connected to proxy localRank 3 -> connection 0x7f7e94005980
MOC-R4PCC04U05:591418:592278 [3] NCCL INFO Channel 02/0 : 3[3] -> 11[3] [send] via NET/Socket/0
MOC-R4PCC04U05:591418:591620 [3] NCCL INFO New proxy send connection 23 from local rank 3, transport 2
MOC-R4PCC04U05:591418:592278 [3] NCCL INFO Connected to proxy localRank 3 -> connection 0x7f7e940059f8
MOC-R4PCC04U05:591418:592278 [3] NCCL INFO Channel 03/0 : 3[3] -> 11[3] [send] via NET/Socket/0
MOC-R4PCC04U05:591418:591620 [3] NCCL INFO New proxy send connection 24 from local rank 3, transport 0
MOC-R4PCC04U05:591418:592278 [3] NCCL INFO Connected to proxy localRank 3 -> connection 0x7f7e94005a70
MOC-R4PCC04U05:591418:591620 [3] NCCL INFO New proxy send connection 25 from local rank 3, transport 0
MOC-R4PCC04U05:591418:592278 [3] NCCL INFO Connected to proxy localRank 3 -> connection 0x7f7e94005ae8
MOC-R4PCC04U05:591418:591620 [3] NCCL INFO New proxy send connection 26 from local rank 3, transport 0
MOC-R4PCC04U05:591418:592278 [3] NCCL INFO Connected to proxy localRank 3 -> connection 0x7f7e94005b60
MOC-R4PCC04U05:591418:591620 [3] NCCL INFO New proxy send connection 27 from local rank 3, transport 0
MOC-R4PCC04U05:591418:592278 [3] NCCL INFO Connected to proxy localRank 3 -> connection 0x7f7e94005bd8
step    1/10 | train loss 11.010126 | norm 15.3256 | lr 1.00e-04 | (14586.92 ms | 269567 tok/s)
step    2/10 | train loss 10.140702 | norm 5.7407 | lr 1.00e-04 | (856.21 ms | 4592531 tok/s)
step    3/10 | train loss 9.801216 | norm 2.5999 | lr 1.00e-04 | (850.69 ms | 4622340 tok/s)
step    4/10 | train loss 9.632383 | norm 2.1070 | lr 1.00e-04 | (850.13 ms | 4625350 tok/s)
step    5/10 | train loss 9.549856 | norm 2.1011 | lr 1.00e-04 | (846.26 ms | 4646510 tok/s)
step    6/10 | train loss 9.469212 | norm 1.9918 | lr 1.00e-04 | (847.32 ms | 4640709 tok/s)
step    7/10 | train loss 9.384217 | norm 1.9430 | lr 1.00e-04 | (853.01 ms | 4609720 tok/s)
step    8/10 | train loss 9.293194 | norm 1.9110 | lr 1.00e-04 | (855.46 ms | 4596541 tok/s)
step    9/10 | train loss 9.198155 | norm 1.8587 | lr 1.00e-04 | (849.18 ms | 4630556 tok/s)
step   10/10 | train loss 9.112143 | norm 1.7911 | lr 1.00e-04 | (852.01 ms | 4615167 tok/s)
final 9 iters avg: 851.141ms
peak memory consumption: 16601 MiB
