Running pytorch 2.7.0+cu126
using device: cuda:0
total desired batch size: 2359296
=> calculated gradient accumulation steps: 6
using device: cuda:3
using device: cuda:2
using device: cuda:1
compiling the model...
DataLoader: total number of tokens: 1,661,249,667 across 103 files
MOC-R4PCC04U05:607750:607750 [0] NCCL INFO NCCL_SOCKET_IFNAME set to eno7np0
MOC-R4PCC04U05:607750:607750 [0] NCCL INFO NCCL version 2.26.2+cuda12.2
MOC-R4PCC04U05:607750:607854 [0] NCCL INFO NET/Plugin: Could not find: libnccl-net.so. Using internal net plugin.
MOC-R4PCC04U05:607750:607854 [0] NCCL INFO NET/Socket : Using [0]eno7np0:192.168.50.193<0>
MOC-R4PCC04U05:607753:607753 [3] NCCL INFO NCCL_SOCKET_IFNAME set to eno7np0
MOC-R4PCC04U05:607752:607752 [2] NCCL INFO NCCL_SOCKET_IFNAME set to eno7np0
MOC-R4PCC04U05:607751:607751 [1] NCCL INFO NCCL_SOCKET_IFNAME set to eno7np0
MOC-R4PCC04U05:607752:607752 [2] NCCL INFO NCCL version 2.26.2+cuda12.2
MOC-R4PCC04U05:607753:607753 [3] NCCL INFO NCCL version 2.26.2+cuda12.2
MOC-R4PCC04U05:607751:607751 [1] NCCL INFO NCCL version 2.26.2+cuda12.2
MOC-R4PCC04U05:607753:607878 [3] NCCL INFO NET/Plugin: Could not find: libnccl-net.so. Using internal net plugin.
MOC-R4PCC04U05:607753:607878 [3] NCCL INFO NET/Socket : Using [0]eno7np0:192.168.50.193<0>
MOC-R4PCC04U05:607751:607877 [1] NCCL INFO NET/Plugin: Could not find: libnccl-net.so. Using internal net plugin.
MOC-R4PCC04U05:607752:607876 [2] NCCL INFO NET/Plugin: Could not find: libnccl-net.so. Using internal net plugin.
MOC-R4PCC04U05:607751:607877 [1] NCCL INFO NET/Socket : Using [0]eno7np0:192.168.50.193<0>
MOC-R4PCC04U05:607752:607876 [2] NCCL INFO NET/Socket : Using [0]eno7np0:192.168.50.193<0>
MOC-R4PCC04U05:607752:607876 [2] NCCL INFO NET/Socket : GPU Direct RDMA Disabled for HCA 0 'eno7np0'
MOC-R4PCC04U05:607753:607878 [3] NCCL INFO NET/Socket : GPU Direct RDMA Disabled for HCA 0 'eno7np0'
MOC-R4PCC04U05:607751:607877 [1] NCCL INFO NET/Socket : GPU Direct RDMA Disabled for HCA 0 'eno7np0'
MOC-R4PCC04U05:607750:607854 [0] NCCL INFO NET/Socket : GPU Direct RDMA Disabled for HCA 0 'eno7np0'
MOC-R4PCC04U05:607750:607886 [0] NCCL INFO New proxy send connection 0 from local rank 0, transport 0
MOC-R4PCC04U05:607750:607895 [0] NCCL INFO Connected to proxy localRank 0 -> connection 0x7fa0f8004f30
MOC-R4PCC04U05:607750:607886 [0] NCCL INFO New proxy send connection 1 from local rank 0, transport 0
MOC-R4PCC04U05:607750:607895 [0] NCCL INFO Connected to proxy localRank 0 -> connection 0x7fa0f8004fa8
MOC-R4PCC04U05:607752:607885 [2] NCCL INFO New proxy recv connection 0 from local rank 2, transport 0
MOC-R4PCC04U05:607752:607896 [2] NCCL INFO Connected to proxy localRank 2 -> connection 0x7fa8a0004f30
MOC-R4PCC04U05:607753:607884 [3] NCCL INFO New proxy recv connection 0 from local rank 3, transport 0
MOC-R4PCC04U05:607753:607897 [3] NCCL INFO Connected to proxy localRank 3 -> connection 0x7f02d4004f30
MOC-R4PCC04U05:607752:607885 [2] NCCL INFO New proxy recv connection 1 from local rank 2, transport 0
MOC-R4PCC04U05:607752:607896 [2] NCCL INFO Connected to proxy localRank 2 -> connection 0x7fa8a0004fa8
MOC-R4PCC04U05:607753:607884 [3] NCCL INFO New proxy recv connection 1 from local rank 3, transport 0
MOC-R4PCC04U05:607753:607897 [3] NCCL INFO Connected to proxy localRank 3 -> connection 0x7f02d4004fa8
MOC-R4PCC04U05:607750:607886 [0] NCCL INFO New proxy send connection 2 from local rank 0, transport 0
MOC-R4PCC04U05:607750:607895 [0] NCCL INFO Connected to proxy localRank 0 -> connection 0x7fa0f8005020
MOC-R4PCC04U05:607750:607886 [0] NCCL INFO New proxy send connection 3 from local rank 0, transport 0
MOC-R4PCC04U05:607750:607895 [0] NCCL INFO Connected to proxy localRank 0 -> connection 0x7fa0f8005098
MOC-R4PCC04U05:607751:607890 [1] NCCL INFO New proxy recv connection 0 from local rank 1, transport 0
MOC-R4PCC04U05:607751:607898 [1] NCCL INFO Connected to proxy localRank 1 -> connection 0x7f81b4004f30
MOC-R4PCC04U05:607751:607890 [1] NCCL INFO New proxy recv connection 1 from local rank 1, transport 0
MOC-R4PCC04U05:607751:607898 [1] NCCL INFO Connected to proxy localRank 1 -> connection 0x7f81b4004fa8
MOC-R4PCC04U05:607752:607885 [2] NCCL INFO New proxy recv connection 2 from local rank 2, transport 2
MOC-R4PCC04U05:607752:607896 [2] NCCL INFO Connected to proxy localRank 2 -> connection 0x7fa8a0005020
MOC-R4PCC04U05:607753:607884 [3] NCCL INFO New proxy send connection 2 from local rank 3, transport 2
MOC-R4PCC04U05:607753:607897 [3] NCCL INFO Connected to proxy localRank 3 -> connection 0x7f02d4005020
MOC-R4PCC04U05:607752:607896 [2] NCCL INFO Channel 00/0 : 11[3] -> 2[2] [receive] via NET/Socket/0
MOC-R4PCC04U05:607752:607885 [2] NCCL INFO New proxy recv connection 3 from local rank 2, transport 2
MOC-R4PCC04U05:607752:607896 [2] NCCL INFO Connected to proxy localRank 2 -> connection 0x7fa8a0005098
MOC-R4PCC04U05:607753:607897 [3] NCCL INFO Channel 00/0 : 3[3] -> 6[2] [send] via NET/Socket/0
MOC-R4PCC04U05:607753:607884 [3] NCCL INFO New proxy send connection 3 from local rank 3, transport 2
MOC-R4PCC04U05:607753:607897 [3] NCCL INFO Connected to proxy localRank 3 -> connection 0x7f02d4005098
MOC-R4PCC04U05:607752:607896 [2] NCCL INFO Channel 02/0 : 11[3] -> 2[2] [receive] via NET/Socket/0
MOC-R4PCC04U05:607753:607897 [3] NCCL INFO Channel 02/0 : 3[3] -> 6[2] [send] via NET/Socket/0
MOC-R4PCC04U05:607750:607886 [0] NCCL INFO New proxy recv connection 4 from local rank 0, transport 0
MOC-R4PCC04U05:607750:607895 [0] NCCL INFO Connected to proxy localRank 0 -> connection 0x7fa0f8005110
MOC-R4PCC04U05:607750:607886 [0] NCCL INFO New proxy recv connection 5 from local rank 0, transport 0
MOC-R4PCC04U05:607750:607895 [0] NCCL INFO Connected to proxy localRank 0 -> connection 0x7fa0f8005188
MOC-R4PCC04U05:607750:607886 [0] NCCL INFO New proxy recv connection 6 from local rank 0, transport 0
MOC-R4PCC04U05:607750:607895 [0] NCCL INFO Connected to proxy localRank 0 -> connection 0x7fa0f8005200
MOC-R4PCC04U05:607750:607886 [0] NCCL INFO New proxy recv connection 7 from local rank 0, transport 0
MOC-R4PCC04U05:607750:607895 [0] NCCL INFO Connected to proxy localRank 0 -> connection 0x7fa0f8005278
MOC-R4PCC04U05:607753:607884 [3] NCCL INFO New proxy recv connection 4 from local rank 3, transport 2
MOC-R4PCC04U05:607753:607897 [3] NCCL INFO Connected to proxy localRank 3 -> connection 0x7f02d4005110
MOC-R4PCC04U05:607753:607897 [3] NCCL INFO Channel 01/0 : 10[2] -> 3[3] [receive] via NET/Socket/0
MOC-R4PCC04U05:607753:607884 [3] NCCL INFO New proxy recv connection 5 from local rank 3, transport 2
MOC-R4PCC04U05:607753:607897 [3] NCCL INFO Connected to proxy localRank 3 -> connection 0x7f02d4005188
MOC-R4PCC04U05:607753:607897 [3] NCCL INFO Channel 03/0 : 10[2] -> 3[3] [receive] via NET/Socket/0
MOC-R4PCC04U05:607752:607885 [2] NCCL INFO New proxy send connection 4 from local rank 2, transport 2
MOC-R4PCC04U05:607752:607896 [2] NCCL INFO Connected to proxy localRank 2 -> connection 0x7fa8a0005110
MOC-R4PCC04U05:607752:607896 [2] NCCL INFO Channel 01/0 : 2[2] -> 7[3] [send] via NET/Socket/0
MOC-R4PCC04U05:607752:607885 [2] NCCL INFO New proxy send connection 5 from local rank 2, transport 2
MOC-R4PCC04U05:607752:607896 [2] NCCL INFO Connected to proxy localRank 2 -> connection 0x7fa8a0005188
MOC-R4PCC04U05:607752:607896 [2] NCCL INFO Channel 03/0 : 2[2] -> 7[3] [send] via NET/Socket/0
MOC-R4PCC04U05:607753:607884 [3] NCCL INFO New proxy send connection 6 from local rank 3, transport 0
MOC-R4PCC04U05:607753:607897 [3] NCCL INFO Connected to proxy localRank 3 -> connection 0x7f02d4005200
MOC-R4PCC04U05:607752:607885 [2] NCCL INFO New proxy send connection 6 from local rank 2, transport 0
MOC-R4PCC04U05:607752:607896 [2] NCCL INFO Connected to proxy localRank 2 -> connection 0x7fa8a0005200
MOC-R4PCC04U05:607752:607885 [2] NCCL INFO New proxy send connection 7 from local rank 2, transport 0
MOC-R4PCC04U05:607752:607896 [2] NCCL INFO Connected to proxy localRank 2 -> connection 0x7fa8a0005278
MOC-R4PCC04U05:607753:607884 [3] NCCL INFO New proxy send connection 7 from local rank 3, transport 0
MOC-R4PCC04U05:607753:607897 [3] NCCL INFO Connected to proxy localRank 3 -> connection 0x7f02d4005278
MOC-R4PCC04U05:607750:607886 [0] NCCL INFO New proxy send connection 8 from local rank 3, transport 0
MOC-R4PCC04U05:607753:607897 [3] NCCL INFO Connected to proxy localRank 0 -> connection 0x7fa0f80052f0
MOC-R4PCC04U05:607751:607890 [1] NCCL INFO New proxy recv connection 2 from local rank 1, transport 0
MOC-R4PCC04U05:607751:607898 [1] NCCL INFO Connected to proxy localRank 1 -> connection 0x7f81b4005020
MOC-R4PCC04U05:607751:607890 [1] NCCL INFO New proxy recv connection 3 from local rank 1, transport 0
MOC-R4PCC04U05:607751:607898 [1] NCCL INFO Connected to proxy localRank 1 -> connection 0x7f81b4005098
MOC-R4PCC04U05:607751:607890 [1] NCCL INFO New proxy send connection 4 from local rank 1, transport 0
MOC-R4PCC04U05:607751:607898 [1] NCCL INFO Connected to proxy localRank 1 -> connection 0x7f81b4005110
MOC-R4PCC04U05:607751:607890 [1] NCCL INFO New proxy send connection 5 from local rank 1, transport 0
MOC-R4PCC04U05:607751:607898 [1] NCCL INFO Connected to proxy localRank 1 -> connection 0x7f81b4005188
MOC-R4PCC04U05:607751:607890 [1] NCCL INFO New proxy send connection 6 from local rank 1, transport 0
MOC-R4PCC04U05:607751:607898 [1] NCCL INFO Connected to proxy localRank 1 -> connection 0x7f81b4005200
MOC-R4PCC04U05:607751:607890 [1] NCCL INFO New proxy send connection 7 from local rank 1, transport 0
MOC-R4PCC04U05:607751:607898 [1] NCCL INFO Connected to proxy localRank 1 -> connection 0x7f81b4005278
MOC-R4PCC04U05:607751:607890 [1] NCCL INFO New proxy send connection 8 from local rank 3, transport 0
MOC-R4PCC04U05:607753:607897 [3] NCCL INFO Connected to proxy localRank 1 -> connection 0x7f81b40052f0
MOC-R4PCC04U05:607750:607886 [0] NCCL INFO New proxy send connection 9 from local rank 2, transport 0
MOC-R4PCC04U05:607752:607896 [2] NCCL INFO Connected to proxy localRank 0 -> connection 0x7fa0f8005368
MOC-R4PCC04U05:607752:607885 [2] NCCL INFO New proxy send connection 8 from local rank 0, transport 0
MOC-R4PCC04U05:607750:607895 [0] NCCL INFO Connected to proxy localRank 2 -> connection 0x7fa8a00052f0
MOC-R4PCC04U05:607753:607884 [3] NCCL INFO New proxy send connection 8 from local rank 1, transport 0
MOC-R4PCC04U05:607751:607898 [1] NCCL INFO Connected to proxy localRank 3 -> connection 0x7f02d40052f0
MOC-R4PCC04U05:607751:607890 [1] NCCL INFO New proxy send connection 9 from local rank 2, transport 0
MOC-R4PCC04U05:607752:607896 [2] NCCL INFO Connected to proxy localRank 1 -> connection 0x7f81b4005368
MOC-R4PCC04U05:607750:607886 [0] NCCL INFO New proxy send connection 10 from local rank 1, transport 0
MOC-R4PCC04U05:607751:607898 [1] NCCL INFO Connected to proxy localRank 0 -> connection 0x7fa0f80053e0
MOC-R4PCC04U05:607753:607884 [3] NCCL INFO New proxy send connection 9 from local rank 0, transport 0
MOC-R4PCC04U05:607750:607895 [0] NCCL INFO Connected to proxy localRank 3 -> connection 0x7f02d4005368
MOC-R4PCC04U05:607751:607890 [1] NCCL INFO New proxy send connection 10 from local rank 0, transport 0
MOC-R4PCC04U05:607750:607895 [0] NCCL INFO Connected to proxy localRank 1 -> connection 0x7f81b40053e0
MOC-R4PCC04U05:607752:607885 [2] NCCL INFO New proxy send connection 9 from local rank 1, transport 0
MOC-R4PCC04U05:607751:607898 [1] NCCL INFO Connected to proxy localRank 2 -> connection 0x7fa8a0005368
num decayed parameter tensors: 50, with 124,318,464 parameters
num non-decayed parameter tensors: 98, with 121,344 parameters
using fused AdamW: False
using regular AdamW
MOC-R4PCC04U05:607753:607884 [3] NCCL INFO New proxy recv connection 10 from local rank 3, transport 0
MOC-R4PCC04U05:607753:608598 [3] NCCL INFO Connected to proxy localRank 3 -> connection 0x7f02d40053e0
MOC-R4PCC04U05:607753:607884 [3] NCCL INFO New proxy recv connection 11 from local rank 3, transport 0
MOC-R4PCC04U05:607753:608598 [3] NCCL INFO Connected to proxy localRank 3 -> connection 0x7f02d4005458
MOC-R4PCC04U05:607750:607886 [0] NCCL INFO New proxy send connection 11 from local rank 0, transport 0
MOC-R4PCC04U05:607750:608599 [0] NCCL INFO Connected to proxy localRank 0 -> connection 0x7fa0f8005458
MOC-R4PCC04U05:607750:607886 [0] NCCL INFO New proxy send connection 12 from local rank 0, transport 0
MOC-R4PCC04U05:607750:608599 [0] NCCL INFO Connected to proxy localRank 0 -> connection 0x7fa0f80054d0
MOC-R4PCC04U05:607750:607886 [0] NCCL INFO New proxy send connection 13 from local rank 0, transport 0
MOC-R4PCC04U05:607750:608599 [0] NCCL INFO Connected to proxy localRank 0 -> connection 0x7fa0f8005548
MOC-R4PCC04U05:607750:607886 [0] NCCL INFO New proxy send connection 14 from local rank 0, transport 0
MOC-R4PCC04U05:607750:608599 [0] NCCL INFO Connected to proxy localRank 0 -> connection 0x7fa0f80055c0
MOC-R4PCC04U05:607752:607885 [2] NCCL INFO New proxy recv connection 10 from local rank 2, transport 0
MOC-R4PCC04U05:607752:608600 [2] NCCL INFO Connected to proxy localRank 2 -> connection 0x7fa8a00053e0
MOC-R4PCC04U05:607752:607885 [2] NCCL INFO New proxy recv connection 11 from local rank 2, transport 0
MOC-R4PCC04U05:607752:608600 [2] NCCL INFO Connected to proxy localRank 2 -> connection 0x7fa8a0005458
MOC-R4PCC04U05:607752:607885 [2] NCCL INFO New proxy recv connection 12 from local rank 2, transport 0
MOC-R4PCC04U05:607752:608600 [2] NCCL INFO Connected to proxy localRank 2 -> connection 0x7fa8a00054d0
MOC-R4PCC04U05:607752:607885 [2] NCCL INFO New proxy recv connection 13 from local rank 2, transport 0
MOC-R4PCC04U05:607752:608600 [2] NCCL INFO Connected to proxy localRank 2 -> connection 0x7fa8a0005548
MOC-R4PCC04U05:607751:607890 [1] NCCL INFO New proxy recv connection 11 from local rank 1, transport 0
MOC-R4PCC04U05:607751:608601 [1] NCCL INFO Connected to proxy localRank 1 -> connection 0x7f81b4005458
MOC-R4PCC04U05:607751:607890 [1] NCCL INFO New proxy recv connection 12 from local rank 1, transport 0
MOC-R4PCC04U05:607751:608601 [1] NCCL INFO Connected to proxy localRank 1 -> connection 0x7f81b40054d0
MOC-R4PCC04U05:607751:607890 [1] NCCL INFO New proxy recv connection 13 from local rank 1, transport 0
MOC-R4PCC04U05:607751:608601 [1] NCCL INFO Connected to proxy localRank 1 -> connection 0x7f81b4005548
MOC-R4PCC04U05:607751:607890 [1] NCCL INFO New proxy recv connection 14 from local rank 1, transport 0
MOC-R4PCC04U05:607751:608601 [1] NCCL INFO Connected to proxy localRank 1 -> connection 0x7f81b40055c0
MOC-R4PCC04U05:607751:607890 [1] NCCL INFO New proxy send connection 15 from local rank 1, transport 0
MOC-R4PCC04U05:607751:608601 [1] NCCL INFO Connected to proxy localRank 1 -> connection 0x7f81b4005638
MOC-R4PCC04U05:607751:607890 [1] NCCL INFO New proxy send connection 16 from local rank 1, transport 0
MOC-R4PCC04U05:607751:608601 [1] NCCL INFO Connected to proxy localRank 1 -> connection 0x7f81b40056b0
MOC-R4PCC04U05:607751:607890 [1] NCCL INFO New proxy send connection 17 from local rank 1, transport 0
MOC-R4PCC04U05:607751:608601 [1] NCCL INFO Connected to proxy localRank 1 -> connection 0x7f81b4005728
MOC-R4PCC04U05:607751:607890 [1] NCCL INFO New proxy send connection 18 from local rank 1, transport 0
MOC-R4PCC04U05:607751:608601 [1] NCCL INFO Connected to proxy localRank 1 -> connection 0x7f81b40057a0
MOC-R4PCC04U05:607750:607886 [0] NCCL INFO New proxy send connection 15 from local rank 0, transport 0
MOC-R4PCC04U05:607750:608599 [0] NCCL INFO Connected to proxy localRank 0 -> connection 0x7fa0f8005638
MOC-R4PCC04U05:607751:607890 [1] NCCL INFO New proxy recv connection 19 from local rank 1, transport 0
MOC-R4PCC04U05:607751:608601 [1] NCCL INFO Connected to proxy localRank 1 -> connection 0x7f81b4005818
MOC-R4PCC04U05:607752:607885 [2] NCCL INFO New proxy send connection 14 from local rank 2, transport 0
MOC-R4PCC04U05:607752:608600 [2] NCCL INFO Connected to proxy localRank 2 -> connection 0x7fa8a00055c0
MOC-R4PCC04U05:607751:607890 [1] NCCL INFO New proxy recv connection 20 from local rank 1, transport 0
MOC-R4PCC04U05:607751:608601 [1] NCCL INFO Connected to proxy localRank 1 -> connection 0x7f81b4005890
MOC-R4PCC04U05:607750:607886 [0] NCCL INFO New proxy send connection 16 from local rank 0, transport 0
MOC-R4PCC04U05:607750:608599 [0] NCCL INFO Connected to proxy localRank 0 -> connection 0x7fa0f80056b0
MOC-R4PCC04U05:607752:607885 [2] NCCL INFO New proxy send connection 15 from local rank 2, transport 0
MOC-R4PCC04U05:607752:608600 [2] NCCL INFO Connected to proxy localRank 2 -> connection 0x7fa8a0005638
MOC-R4PCC04U05:607750:607886 [0] NCCL INFO New proxy recv connection 17 from local rank 0, transport 0
MOC-R4PCC04U05:607750:608599 [0] NCCL INFO Connected to proxy localRank 0 -> connection 0x7fa0f8005728
MOC-R4PCC04U05:607753:607884 [3] NCCL INFO New proxy recv connection 12 from local rank 3, transport 2
MOC-R4PCC04U05:607753:608598 [3] NCCL INFO Connected to proxy localRank 3 -> connection 0x7f02d40054d0
MOC-R4PCC04U05:607750:607886 [0] NCCL INFO New proxy recv connection 18 from local rank 0, transport 0
MOC-R4PCC04U05:607750:608599 [0] NCCL INFO Connected to proxy localRank 0 -> connection 0x7fa0f80057a0
MOC-R4PCC04U05:607753:608598 [3] NCCL INFO Channel 00/0 : 11[3] -> 3[3] [receive] via NET/Socket/0
MOC-R4PCC04U05:607753:607884 [3] NCCL INFO New proxy recv connection 13 from local rank 3, transport 2
MOC-R4PCC04U05:607753:608598 [3] NCCL INFO Connected to proxy localRank 3 -> connection 0x7f02d4005548
MOC-R4PCC04U05:607753:608598 [3] NCCL INFO Channel 01/0 : 11[3] -> 3[3] [receive] via NET/Socket/0
MOC-R4PCC04U05:607750:607886 [0] NCCL INFO New proxy recv connection 19 from local rank 0, transport 0
MOC-R4PCC04U05:607753:607884 [3] NCCL INFO New proxy recv connection 14 from local rank 3, transport 2
MOC-R4PCC04U05:607750:608599 [0] NCCL INFO Connected to proxy localRank 0 -> connection 0x7fa0f8005818
MOC-R4PCC04U05:607753:608598 [3] NCCL INFO Connected to proxy localRank 3 -> connection 0x7f02d40055c0
MOC-R4PCC04U05:607753:608598 [3] NCCL INFO Channel 02/0 : 11[3] -> 3[3] [receive] via NET/Socket/0
MOC-R4PCC04U05:607753:607884 [3] NCCL INFO New proxy recv connection 15 from local rank 3, transport 2
MOC-R4PCC04U05:607753:608598 [3] NCCL INFO Connected to proxy localRank 3 -> connection 0x7f02d4005638
MOC-R4PCC04U05:607753:608598 [3] NCCL INFO Channel 03/0 : 11[3] -> 3[3] [receive] via NET/Socket/0
MOC-R4PCC04U05:607753:607884 [3] NCCL INFO New proxy send connection 16 from local rank 3, transport 2
MOC-R4PCC04U05:607753:608598 [3] NCCL INFO Connected to proxy localRank 3 -> connection 0x7f02d40056b0
MOC-R4PCC04U05:607753:608598 [3] NCCL INFO Channel 02/0 : 3[3] -> 7[3] [send] via NET/Socket/0
MOC-R4PCC04U05:607753:607884 [3] NCCL INFO New proxy send connection 17 from local rank 3, transport 2
MOC-R4PCC04U05:607753:608598 [3] NCCL INFO Connected to proxy localRank 3 -> connection 0x7f02d4005728
MOC-R4PCC04U05:607753:608598 [3] NCCL INFO Channel 03/0 : 3[3] -> 7[3] [send] via NET/Socket/0
MOC-R4PCC04U05:607750:607886 [0] NCCL INFO New proxy recv connection 20 from local rank 0, transport 0
MOC-R4PCC04U05:607750:608599 [0] NCCL INFO Connected to proxy localRank 0 -> connection 0x7fa0f8005890
MOC-R4PCC04U05:607753:607884 [3] NCCL INFO New proxy recv connection 18 from local rank 3, transport 2
MOC-R4PCC04U05:607753:608598 [3] NCCL INFO Connected to proxy localRank 3 -> connection 0x7f02d40057a0
MOC-R4PCC04U05:607753:608598 [3] NCCL INFO Channel 02/0 : 7[3] -> 3[3] [receive] via NET/Socket/0
MOC-R4PCC04U05:607753:607884 [3] NCCL INFO New proxy recv connection 19 from local rank 3, transport 2
MOC-R4PCC04U05:607753:608598 [3] NCCL INFO Connected to proxy localRank 3 -> connection 0x7f02d4005818
MOC-R4PCC04U05:607753:608598 [3] NCCL INFO Channel 03/0 : 7[3] -> 3[3] [receive] via NET/Socket/0
MOC-R4PCC04U05:607753:607884 [3] NCCL INFO New proxy send connection 20 from local rank 3, transport 2
MOC-R4PCC04U05:607753:608598 [3] NCCL INFO Connected to proxy localRank 3 -> connection 0x7f02d4005890
MOC-R4PCC04U05:607753:608598 [3] NCCL INFO Channel 00/0 : 3[3] -> 11[3] [send] via NET/Socket/0
MOC-R4PCC04U05:607753:607884 [3] NCCL INFO New proxy send connection 21 from local rank 3, transport 2
MOC-R4PCC04U05:607753:608598 [3] NCCL INFO Connected to proxy localRank 3 -> connection 0x7f02d4005908
MOC-R4PCC04U05:607753:608598 [3] NCCL INFO Channel 01/0 : 3[3] -> 11[3] [send] via NET/Socket/0
MOC-R4PCC04U05:607753:607884 [3] NCCL INFO New proxy send connection 22 from local rank 3, transport 2
MOC-R4PCC04U05:607753:608598 [3] NCCL INFO Connected to proxy localRank 3 -> connection 0x7f02d4005980
MOC-R4PCC04U05:607753:608598 [3] NCCL INFO Channel 02/0 : 3[3] -> 11[3] [send] via NET/Socket/0
MOC-R4PCC04U05:607753:607884 [3] NCCL INFO New proxy send connection 23 from local rank 3, transport 2
MOC-R4PCC04U05:607753:608598 [3] NCCL INFO Connected to proxy localRank 3 -> connection 0x7f02d40059f8
MOC-R4PCC04U05:607753:608598 [3] NCCL INFO Channel 03/0 : 3[3] -> 11[3] [send] via NET/Socket/0
MOC-R4PCC04U05:607753:607884 [3] NCCL INFO New proxy send connection 24 from local rank 3, transport 0
MOC-R4PCC04U05:607753:608598 [3] NCCL INFO Connected to proxy localRank 3 -> connection 0x7f02d4005a70
MOC-R4PCC04U05:607753:607884 [3] NCCL INFO New proxy send connection 25 from local rank 3, transport 0
MOC-R4PCC04U05:607753:608598 [3] NCCL INFO Connected to proxy localRank 3 -> connection 0x7f02d4005ae8
MOC-R4PCC04U05:607753:607884 [3] NCCL INFO New proxy send connection 26 from local rank 3, transport 0
MOC-R4PCC04U05:607753:608598 [3] NCCL INFO Connected to proxy localRank 3 -> connection 0x7f02d4005b60
MOC-R4PCC04U05:607753:607884 [3] NCCL INFO New proxy send connection 27 from local rank 3, transport 0
MOC-R4PCC04U05:607753:608598 [3] NCCL INFO Connected to proxy localRank 3 -> connection 0x7f02d4005bd8
step    1/10 | train loss 11.009422 | norm 15.3733 | lr 1.00e-04 | (14492.07 ms | 162799 tok/s)
step    2/10 | train loss 10.139730 | norm 5.7264 | lr 1.00e-04 | (624.54 ms | 3777642 tok/s)
step    3/10 | train loss 9.799680 | norm 2.6010 | lr 1.00e-04 | (618.58 ms | 3814035 tok/s)
step    4/10 | train loss 9.631033 | norm 2.1093 | lr 1.00e-04 | (621.47 ms | 3796334 tok/s)
step    5/10 | train loss 9.548266 | norm 2.0938 | lr 1.00e-04 | (621.03 ms | 3798988 tok/s)
step    6/10 | train loss 9.467415 | norm 1.9919 | lr 1.00e-04 | (614.49 ms | 3839439 tok/s)
step    7/10 | train loss 9.382084 | norm 1.9418 | lr 1.00e-04 | (615.25 ms | 3834676 tok/s)
step    8/10 | train loss 9.290600 | norm 1.9079 | lr 1.00e-04 | (614.88 ms | 3837027 tok/s)
step    9/10 | train loss 9.195724 | norm 1.8515 | lr 1.00e-04 | (617.18 ms | 3822697 tok/s)
step   10/10 | train loss 9.111586 | norm 1.7901 | lr 1.00e-04 | (618.86 ms | 3812338 tok/s)
final 9 iters avg: 618.476ms
peak memory consumption: 16601 MiB
