Running pytorch 2.7.0+cu126
using device: cuda:0
total desired batch size: 3538944
=> calculated gradient accumulation steps: 9
using device: cuda:1
using device: cuda:2
using device: cuda:3
compiling the model...
DataLoader: total number of tokens: 1,661,249,667 across 103 files
MOC-R4PCC04U05:534253:534253 [0] NCCL INFO NCCL_SOCKET_IFNAME set to eno7np0
MOC-R4PCC04U05:534253:534253 [0] NCCL INFO NCCL version 2.26.2+cuda12.2
MOC-R4PCC04U05:534253:534357 [0] NCCL INFO NET/Plugin: Could not find: libnccl-net.so. Using internal net plugin.
MOC-R4PCC04U05:534253:534357 [0] NCCL INFO NCCL_IB_HCA set to mlx5_5
MOC-R4PCC04U05:534254:534254 [1] NCCL INFO NCCL_SOCKET_IFNAME set to eno7np0
MOC-R4PCC04U05:534254:534254 [1] NCCL INFO NCCL version 2.26.2+cuda12.2
MOC-R4PCC04U05:534255:534255 [2] NCCL INFO NCCL_SOCKET_IFNAME set to eno7np0
MOC-R4PCC04U05:534255:534255 [2] NCCL INFO NCCL version 2.26.2+cuda12.2
MOC-R4PCC04U05:534253:534357 [0] NCCL INFO NET/IB : Made virtual device [0] name=mlx5_5 speed=400000 ndevs=1
MOC-R4PCC04U05:534253:534357 [0] NCCL INFO NET/IB : Using [0]mlx5_5:1/RoCE [RO]; OOB eno7np0:192.168.50.193<0>
MOC-R4PCC04U05:534256:534256 [3] NCCL INFO NCCL_SOCKET_IFNAME set to eno7np0
MOC-R4PCC04U05:534256:534256 [3] NCCL INFO NCCL version 2.26.2+cuda12.2
MOC-R4PCC04U05:534255:534380 [2] NCCL INFO NET/Plugin: Could not find: libnccl-net.so. Using internal net plugin.
MOC-R4PCC04U05:534254:534379 [1] NCCL INFO NET/Plugin: Could not find: libnccl-net.so. Using internal net plugin.
MOC-R4PCC04U05:534255:534380 [2] NCCL INFO NCCL_IB_HCA set to mlx5_5
MOC-R4PCC04U05:534254:534379 [1] NCCL INFO NCCL_IB_HCA set to mlx5_5
MOC-R4PCC04U05:534254:534379 [1] NCCL INFO NET/IB : Made virtual device [0] name=mlx5_5 speed=400000 ndevs=1
MOC-R4PCC04U05:534254:534379 [1] NCCL INFO NET/IB : Using [0]mlx5_5:1/RoCE [RO]; OOB eno7np0:192.168.50.193<0>
MOC-R4PCC04U05:534255:534380 [2] NCCL INFO NET/IB : Made virtual device [0] name=mlx5_5 speed=400000 ndevs=1
MOC-R4PCC04U05:534255:534380 [2] NCCL INFO NET/IB : Using [0]mlx5_5:1/RoCE [RO]; OOB eno7np0:192.168.50.193<0>
MOC-R4PCC04U05:534256:534382 [3] NCCL INFO NET/Plugin: Could not find: libnccl-net.so. Using internal net plugin.
MOC-R4PCC04U05:534256:534382 [3] NCCL INFO NCCL_IB_HCA set to mlx5_5
MOC-R4PCC04U05:534256:534382 [3] NCCL INFO NET/IB : Made virtual device [0] name=mlx5_5 speed=400000 ndevs=1
MOC-R4PCC04U05:534256:534382 [3] NCCL INFO NET/IB : Using [0]mlx5_5:1/RoCE [RO]; OOB eno7np0:192.168.50.193<0>
MOC-R4PCC04U05:534255:534380 [2] NCCL INFO NET/IB : GPU Direct RDMA Enabled for HCA 0 'mlx5_5'
MOC-R4PCC04U05:534255:534380 [2] NCCL INFO NET/IB : Made virtual device [1] name=mlx5_5 speed=400000 ndevs=1
MOC-R4PCC04U05:534255:534380 [2] NCCL INFO NET/IB : GPU Direct RDMA Enabled for HCA 0 'mlx5_5'
MOC-R4PCC04U05:534255:534380 [2] NCCL INFO NET/IB : GPU Direct RDMA Enabled for HCA 1 'mlx5_5'
MOC-R4PCC04U05:534256:534382 [3] NCCL INFO NET/IB : GPU Direct RDMA Enabled for HCA 0 'mlx5_5'
MOC-R4PCC04U05:534256:534382 [3] NCCL INFO NET/IB : Made virtual device [1] name=mlx5_5 speed=400000 ndevs=1
MOC-R4PCC04U05:534256:534382 [3] NCCL INFO NET/IB : GPU Direct RDMA Enabled for HCA 0 'mlx5_5'
MOC-R4PCC04U05:534256:534382 [3] NCCL INFO NET/IB : GPU Direct RDMA Enabled for HCA 1 'mlx5_5'
MOC-R4PCC04U05:534254:534379 [1] NCCL INFO NET/IB : GPU Direct RDMA Enabled for HCA 0 'mlx5_5'
MOC-R4PCC04U05:534254:534379 [1] NCCL INFO NET/IB : Made virtual device [1] name=mlx5_5 speed=400000 ndevs=1
MOC-R4PCC04U05:534254:534379 [1] NCCL INFO NET/IB : GPU Direct RDMA Enabled for HCA 0 'mlx5_5'
MOC-R4PCC04U05:534254:534379 [1] NCCL INFO NET/IB : GPU Direct RDMA Enabled for HCA 1 'mlx5_5'
MOC-R4PCC04U05:534253:534357 [0] NCCL INFO NET/IB : GPU Direct RDMA Enabled for HCA 0 'mlx5_5'
MOC-R4PCC04U05:534253:534357 [0] NCCL INFO NET/IB : Made virtual device [1] name=mlx5_5 speed=400000 ndevs=1
MOC-R4PCC04U05:534253:534357 [0] NCCL INFO NET/IB : GPU Direct RDMA Enabled for HCA 0 'mlx5_5'
MOC-R4PCC04U05:534253:534357 [0] NCCL INFO NET/IB : GPU Direct RDMA Enabled for HCA 1 'mlx5_5'
MOC-R4PCC04U05:534253:534357 [0] NCCL INFO NCCL_NET_GDR_LEVEL set by environment to LOC
MOC-R4PCC04U05:534253:534357 [0] NCCL INFO GPU Direct RDMA Disabled for GPU 0 / HCA 1 (distance 5 > 0)
MOC-R4PCC04U05:534253:534357 [0] NCCL INFO GPU Direct RDMA Disabled for GPU 1 / HCA 1 (distance 5 > 0)
MOC-R4PCC04U05:534253:534357 [0] NCCL INFO GPU Direct RDMA Disabled for GPU 2 / HCA 1 (distance 5 > 0)
MOC-R4PCC04U05:534253:534357 [0] NCCL INFO GPU Direct RDMA Disabled for GPU 0 / HCA 1 (distance 5 > 0)
MOC-R4PCC04U05:534253:534357 [0] NCCL INFO GPU Direct RDMA Disabled for GPU 1 / HCA 1 (distance 5 > 0)
MOC-R4PCC04U05:534253:534357 [0] NCCL INFO GPU Direct RDMA Disabled for GPU 2 / HCA 1 (distance 5 > 0)
MOC-R4PCC04U05:534254:534379 [1] NCCL INFO NCCL_NET_GDR_LEVEL set by environment to LOC
MOC-R4PCC04U05:534254:534379 [1] NCCL INFO GPU Direct RDMA Disabled for GPU 0 / HCA 1 (distance 5 > 0)
MOC-R4PCC04U05:534254:534379 [1] NCCL INFO GPU Direct RDMA Disabled for GPU 1 / HCA 1 (distance 5 > 0)
MOC-R4PCC04U05:534254:534379 [1] NCCL INFO GPU Direct RDMA Disabled for GPU 2 / HCA 1 (distance 5 > 0)
MOC-R4PCC04U05:534254:534379 [1] NCCL INFO GPU Direct RDMA Disabled for GPU 0 / HCA 1 (distance 5 > 0)
MOC-R4PCC04U05:534254:534379 [1] NCCL INFO GPU Direct RDMA Disabled for GPU 1 / HCA 1 (distance 5 > 0)
MOC-R4PCC04U05:534254:534379 [1] NCCL INFO GPU Direct RDMA Disabled for GPU 2 / HCA 1 (distance 5 > 0)
MOC-R4PCC04U05:534256:534382 [3] NCCL INFO NCCL_NET_GDR_LEVEL set by environment to LOC
MOC-R4PCC04U05:534256:534382 [3] NCCL INFO GPU Direct RDMA Disabled for GPU 0 / HCA 1 (distance 5 > 0)
MOC-R4PCC04U05:534256:534382 [3] NCCL INFO GPU Direct RDMA Disabled for GPU 1 / HCA 1 (distance 5 > 0)
MOC-R4PCC04U05:534256:534382 [3] NCCL INFO GPU Direct RDMA Disabled for GPU 2 / HCA 1 (distance 5 > 0)
MOC-R4PCC04U05:534256:534382 [3] NCCL INFO GPU Direct RDMA Disabled for GPU 0 / HCA 1 (distance 5 > 0)
MOC-R4PCC04U05:534256:534382 [3] NCCL INFO GPU Direct RDMA Disabled for GPU 1 / HCA 1 (distance 5 > 0)
MOC-R4PCC04U05:534256:534382 [3] NCCL INFO GPU Direct RDMA Disabled for GPU 2 / HCA 1 (distance 5 > 0)
MOC-R4PCC04U05:534255:534380 [2] NCCL INFO NCCL_NET_GDR_LEVEL set by environment to LOC
MOC-R4PCC04U05:534255:534380 [2] NCCL INFO GPU Direct RDMA Disabled for GPU 0 / HCA 1 (distance 5 > 0)
MOC-R4PCC04U05:534255:534380 [2] NCCL INFO GPU Direct RDMA Disabled for GPU 1 / HCA 1 (distance 5 > 0)
MOC-R4PCC04U05:534255:534380 [2] NCCL INFO GPU Direct RDMA Disabled for GPU 2 / HCA 1 (distance 5 > 0)
MOC-R4PCC04U05:534255:534380 [2] NCCL INFO GPU Direct RDMA Disabled for GPU 0 / HCA 1 (distance 5 > 0)
MOC-R4PCC04U05:534255:534380 [2] NCCL INFO GPU Direct RDMA Disabled for GPU 1 / HCA 1 (distance 5 > 0)
MOC-R4PCC04U05:534255:534380 [2] NCCL INFO GPU Direct RDMA Disabled for GPU 2 / HCA 1 (distance 5 > 0)
MOC-R4PCC04U05:534256:534395 [3] NCCL INFO New proxy recv connection 0 from local rank 3, transport 0
MOC-R4PCC04U05:534256:534469 [3] NCCL INFO Connected to proxy localRank 3 -> connection 0x7f5c64004f30
MOC-R4PCC04U05:534256:534395 [3] NCCL INFO New proxy recv connection 1 from local rank 3, transport 0
MOC-R4PCC04U05:534256:534469 [3] NCCL INFO Connected to proxy localRank 3 -> connection 0x7f5c64004fa8
MOC-R4PCC04U05:534256:534469 [3] NCCL INFO GPU Direct RDMA Disabled for GPU 3 / HCA 1 (distance 7 > 0)
MOC-R4PCC04U05:534253:534397 [0] NCCL INFO New proxy send connection 0 from local rank 0, transport 0
MOC-R4PCC04U05:534253:534470 [0] NCCL INFO Connected to proxy localRank 0 -> connection 0x7fced4004f30
MOC-R4PCC04U05:534253:534397 [0] NCCL INFO New proxy send connection 1 from local rank 0, transport 0
MOC-R4PCC04U05:534253:534470 [0] NCCL INFO Connected to proxy localRank 0 -> connection 0x7fced4004fa8
MOC-R4PCC04U05:534255:534394 [2] NCCL INFO New proxy recv connection 0 from local rank 2, transport 0
MOC-R4PCC04U05:534255:534471 [2] NCCL INFO Connected to proxy localRank 2 -> connection 0x7f000c004f30
MOC-R4PCC04U05:534255:534394 [2] NCCL INFO New proxy recv connection 1 from local rank 2, transport 0
MOC-R4PCC04U05:534255:534471 [2] NCCL INFO Connected to proxy localRank 2 -> connection 0x7f000c004fa8
MOC-R4PCC04U05:534253:534397 [0] NCCL INFO New proxy send connection 2 from local rank 0, transport 0
MOC-R4PCC04U05:534255:534471 [2] NCCL INFO GPU Direct RDMA Disabled for GPU 2 / HCA 1 (distance 7 > 0)
MOC-R4PCC04U05:534253:534470 [0] NCCL INFO Connected to proxy localRank 0 -> connection 0x7fced4005020
MOC-R4PCC04U05:534253:534397 [0] NCCL INFO New proxy send connection 3 from local rank 0, transport 0
MOC-R4PCC04U05:534253:534470 [0] NCCL INFO Connected to proxy localRank 0 -> connection 0x7fced4005098
MOC-R4PCC04U05:534254:534398 [1] NCCL INFO New proxy recv connection 0 from local rank 1, transport 0
MOC-R4PCC04U05:534254:534472 [1] NCCL INFO Connected to proxy localRank 1 -> connection 0x7fb078004f30
MOC-R4PCC04U05:534254:534398 [1] NCCL INFO New proxy recv connection 1 from local rank 1, transport 0
MOC-R4PCC04U05:534254:534472 [1] NCCL INFO Connected to proxy localRank 1 -> connection 0x7fb078004fa8
MOC-R4PCC04U05:534256:534395 [3] NCCL INFO New proxy send connection 2 from local rank 3, transport 2
MOC-R4PCC04U05:534256:534469 [3] NCCL INFO Connected to proxy localRank 3 -> connection 0x7f5c64005020
MOC-R4PCC04U05:534256:534469 [3] NCCL INFO Channel 00/0 : 3[3] -> 6[2] [send] via NET/IB/1
MOC-R4PCC04U05:534256:534469 [3] NCCL INFO GPU Direct RDMA Disabled for GPU 3 / HCA 1 (distance 7 > 0)
MOC-R4PCC04U05:534256:534395 [3] NCCL INFO New proxy send connection 3 from local rank 3, transport 2
MOC-R4PCC04U05:534256:534469 [3] NCCL INFO Connected to proxy localRank 3 -> connection 0x7f5c64005098
MOC-R4PCC04U05:534256:534469 [3] NCCL INFO Channel 02/0 : 3[3] -> 6[2] [send] via NET/IB/1
MOC-R4PCC04U05:534253:534397 [0] NCCL INFO New proxy recv connection 4 from local rank 0, transport 0
MOC-R4PCC04U05:534253:534470 [0] NCCL INFO Connected to proxy localRank 0 -> connection 0x7fced4005110
MOC-R4PCC04U05:534256:534469 [3] NCCL INFO GPU Direct RDMA Disabled for GPU 3 / HCA 1 (distance 7 > 0)
MOC-R4PCC04U05:534256:534395 [3] NCCL INFO New proxy recv connection 4 from local rank 3, transport 2
MOC-R4PCC04U05:534256:534469 [3] NCCL INFO Connected to proxy localRank 3 -> connection 0x7f5c64005110
MOC-R4PCC04U05:534256:534469 [3] NCCL INFO Channel 01/0 : 10[2] -> 3[3] [receive] via NET/IB/1
MOC-R4PCC04U05:534256:534469 [3] NCCL INFO GPU Direct RDMA Disabled for GPU 3 / HCA 1 (distance 7 > 0)
MOC-R4PCC04U05:534256:534395 [3] NCCL INFO New proxy recv connection 5 from local rank 3, transport 2
MOC-R4PCC04U05:534256:534469 [3] NCCL INFO Connected to proxy localRank 3 -> connection 0x7f5c64005188
MOC-R4PCC04U05:534256:534469 [3] NCCL INFO Channel 03/0 : 10[2] -> 3[3] [receive] via NET/IB/1
MOC-R4PCC04U05:534253:534397 [0] NCCL INFO New proxy recv connection 5 from local rank 0, transport 0
MOC-R4PCC04U05:534253:534470 [0] NCCL INFO Connected to proxy localRank 0 -> connection 0x7fced4005188
MOC-R4PCC04U05:534253:534397 [0] NCCL INFO New proxy recv connection 6 from local rank 0, transport 0
MOC-R4PCC04U05:534253:534470 [0] NCCL INFO Connected to proxy localRank 0 -> connection 0x7fced4005200
MOC-R4PCC04U05:534253:534397 [0] NCCL INFO New proxy recv connection 7 from local rank 0, transport 0
MOC-R4PCC04U05:534253:534470 [0] NCCL INFO Connected to proxy localRank 0 -> connection 0x7fced4005278
MOC-R4PCC04U05:534256:534395 [3] NCCL INFO New proxy send connection 6 from local rank 3, transport 0
MOC-R4PCC04U05:534256:534469 [3] NCCL INFO Connected to proxy localRank 3 -> connection 0x7f5c64005200
MOC-R4PCC04U05:534256:534395 [3] NCCL INFO New proxy send connection 7 from local rank 3, transport 0
MOC-R4PCC04U05:534256:534469 [3] NCCL INFO Connected to proxy localRank 3 -> connection 0x7f5c64005278
MOC-R4PCC04U05:534254:534398 [1] NCCL INFO New proxy recv connection 2 from local rank 1, transport 0
MOC-R4PCC04U05:534254:534472 [1] NCCL INFO Connected to proxy localRank 1 -> connection 0x7fb078005020
MOC-R4PCC04U05:534253:534397 [0] NCCL INFO New proxy send connection 8 from local rank 3, transport 0
MOC-R4PCC04U05:534256:534469 [3] NCCL INFO Connected to proxy localRank 0 -> connection 0x7fced40052f0
MOC-R4PCC04U05:534254:534398 [1] NCCL INFO New proxy recv connection 3 from local rank 1, transport 0
MOC-R4PCC04U05:534254:534472 [1] NCCL INFO Connected to proxy localRank 1 -> connection 0x7fb078005098
MOC-R4PCC04U05:534254:534398 [1] NCCL INFO New proxy send connection 4 from local rank 1, transport 0
MOC-R4PCC04U05:534254:534472 [1] NCCL INFO Connected to proxy localRank 1 -> connection 0x7fb078005110
MOC-R4PCC04U05:534255:534394 [2] NCCL INFO New proxy recv connection 2 from local rank 2, transport 2
MOC-R4PCC04U05:534255:534471 [2] NCCL INFO Connected to proxy localRank 2 -> connection 0x7f000c005020
MOC-R4PCC04U05:534255:534471 [2] NCCL INFO Channel 00/0 : 11[3] -> 2[2] [receive] via NET/IB/1
MOC-R4PCC04U05:534255:534471 [2] NCCL INFO GPU Direct RDMA Disabled for GPU 2 / HCA 1 (distance 7 > 0)
MOC-R4PCC04U05:534255:534394 [2] NCCL INFO New proxy recv connection 3 from local rank 2, transport 2
MOC-R4PCC04U05:534255:534471 [2] NCCL INFO Connected to proxy localRank 2 -> connection 0x7f000c005098
MOC-R4PCC04U05:534255:534471 [2] NCCL INFO Channel 02/0 : 11[3] -> 2[2] [receive] via NET/IB/1
MOC-R4PCC04U05:534255:534471 [2] NCCL INFO GPU Direct RDMA Disabled for GPU 2 / HCA 1 (distance 7 > 0)
MOC-R4PCC04U05:534255:534394 [2] NCCL INFO New proxy send connection 4 from local rank 2, transport 2
MOC-R4PCC04U05:534255:534471 [2] NCCL INFO Connected to proxy localRank 2 -> connection 0x7f000c005110
MOC-R4PCC04U05:534255:534471 [2] NCCL INFO Channel 01/0 : 2[2] -> 7[3] [send] via NET/IB/1
MOC-R4PCC04U05:534255:534471 [2] NCCL INFO GPU Direct RDMA Disabled for GPU 2 / HCA 1 (distance 7 > 0)
MOC-R4PCC04U05:534255:534394 [2] NCCL INFO New proxy send connection 5 from local rank 2, transport 2
MOC-R4PCC04U05:534255:534471 [2] NCCL INFO Connected to proxy localRank 2 -> connection 0x7f000c005188
MOC-R4PCC04U05:534255:534471 [2] NCCL INFO Channel 03/0 : 2[2] -> 7[3] [send] via NET/IB/1
MOC-R4PCC04U05:534255:534394 [2] NCCL INFO New proxy send connection 6 from local rank 2, transport 0
MOC-R4PCC04U05:534255:534471 [2] NCCL INFO Connected to proxy localRank 2 -> connection 0x7f000c005200
MOC-R4PCC04U05:534254:534398 [1] NCCL INFO New proxy send connection 5 from local rank 1, transport 0
MOC-R4PCC04U05:534254:534472 [1] NCCL INFO Connected to proxy localRank 1 -> connection 0x7fb078005188
MOC-R4PCC04U05:534255:534394 [2] NCCL INFO New proxy send connection 7 from local rank 2, transport 0
MOC-R4PCC04U05:534255:534471 [2] NCCL INFO Connected to proxy localRank 2 -> connection 0x7f000c005278
MOC-R4PCC04U05:534254:534398 [1] NCCL INFO New proxy send connection 6 from local rank 1, transport 0
MOC-R4PCC04U05:534254:534472 [1] NCCL INFO Connected to proxy localRank 1 -> connection 0x7fb078005200
MOC-R4PCC04U05:534254:534398 [1] NCCL INFO New proxy send connection 7 from local rank 1, transport 0
MOC-R4PCC04U05:534254:534472 [1] NCCL INFO Connected to proxy localRank 1 -> connection 0x7fb078005278
MOC-R4PCC04U05:534254:534398 [1] NCCL INFO New proxy send connection 8 from local rank 3, transport 0
MOC-R4PCC04U05:534256:534469 [3] NCCL INFO Connected to proxy localRank 1 -> connection 0x7fb0780052f0
MOC-R4PCC04U05:534253:534397 [0] NCCL INFO New proxy send connection 9 from local rank 2, transport 0
MOC-R4PCC04U05:534255:534471 [2] NCCL INFO Connected to proxy localRank 0 -> connection 0x7fced4005368
MOC-R4PCC04U05:534255:534394 [2] NCCL INFO New proxy send connection 8 from local rank 0, transport 0
MOC-R4PCC04U05:534253:534470 [0] NCCL INFO Connected to proxy localRank 2 -> connection 0x7f000c0052f0
MOC-R4PCC04U05:534256:534395 [3] NCCL INFO New proxy send connection 8 from local rank 1, transport 0
MOC-R4PCC04U05:534254:534472 [1] NCCL INFO Connected to proxy localRank 3 -> connection 0x7f5c640052f0
MOC-R4PCC04U05:534254:534398 [1] NCCL INFO New proxy send connection 9 from local rank 2, transport 0
MOC-R4PCC04U05:534255:534471 [2] NCCL INFO Connected to proxy localRank 1 -> connection 0x7fb078005368
MOC-R4PCC04U05:534253:534397 [0] NCCL INFO New proxy send connection 10 from local rank 1, transport 0
MOC-R4PCC04U05:534254:534472 [1] NCCL INFO Connected to proxy localRank 0 -> connection 0x7fced40053e0
MOC-R4PCC04U05:534256:534395 [3] NCCL INFO New proxy send connection 9 from local rank 0, transport 0
MOC-R4PCC04U05:534253:534470 [0] NCCL INFO Connected to proxy localRank 3 -> connection 0x7f5c64005368
MOC-R4PCC04U05:534255:534394 [2] NCCL INFO New proxy send connection 9 from local rank 1, transport 0
MOC-R4PCC04U05:534254:534472 [1] NCCL INFO Connected to proxy localRank 2 -> connection 0x7f000c005368
MOC-R4PCC04U05:534254:534398 [1] NCCL INFO New proxy send connection 10 from local rank 0, transport 0
MOC-R4PCC04U05:534253:534470 [0] NCCL INFO Connected to proxy localRank 1 -> connection 0x7fb0780053e0
MOC-R4PCC04U05:534255:534394 [2] NCCL INFO NET/IB: NCCL Dev 1 IbDev 0 Port 1 qpn 8290 mtu 3 query_ece={supported=1, vendor_id=0x15b3, options=0x30000002, comp_mask=0x0} GID 3 (0/C132A8C0FFFF0000) fifoRkey=0x175412 fifoLkey=0x175412
MOC-R4PCC04U05:534255:534394 [2] NCCL INFO NET/IB: NCCL Dev 1 IbDev 0 Port 1 qpn 8291 mtu 3 query_ece={supported=1, vendor_id=0x15b3, options=0x30000002, comp_mask=0x0} GID 3 (0/C132A8C0FFFF0000) fifoRkey=0x174705 fifoLkey=0x174705
MOC-R4PCC04U05:534255:534394 [2] NCCL INFO NET/IB: IbDev 0 Port 1 qpn 8272 set_ece={supported=1, vendor_id=0x15b3, options=0x0, comp_mask=0x0}
MOC-R4PCC04U05:534255:534394 [2] NCCL INFO NET/IB: IbDev 0 Port 1 qpn 8274 set_ece={supported=1, vendor_id=0x15b3, options=0x0, comp_mask=0x0}
MOC-R4PCC04U05:534256:534395 [3] NCCL INFO NET/IB: NCCL Dev 1 IbDev 0 Port 1 qpn 8292 mtu 3 query_ece={supported=1, vendor_id=0x15b3, options=0x30000002, comp_mask=0x0} GID 3 (0/C132A8C0FFFF0000) fifoRkey=0x177837 fifoLkey=0x177837
MOC-R4PCC04U05:534256:534395 [3] NCCL INFO NET/IB: NCCL Dev 1 IbDev 0 Port 1 qpn 8293 mtu 3 query_ece={supported=1, vendor_id=0x15b3, options=0x30000002, comp_mask=0x0} GID 3 (0/C132A8C0FFFF0000) fifoRkey=0x172eed fifoLkey=0x172eed
MOC-R4PCC04U05:534256:534395 [3] NCCL INFO NET/IB: IbDev 0 Port 1 qpn 8278 set_ece={supported=1, vendor_id=0x15b3, options=0x0, comp_mask=0x0}
MOC-R4PCC04U05:534256:534395 [3] NCCL INFO NET/IB: IbDev 0 Port 1 qpn 8280 set_ece={supported=1, vendor_id=0x15b3, options=0x0, comp_mask=0x0}
num decayed parameter tensors: 50, with 124,318,464 parameters
num non-decayed parameter tensors: 98, with 121,344 parameters
using fused AdamW: False
using regular AdamW
MOC-R4PCC04U05:534253:534397 [0] NCCL INFO New proxy send connection 11 from local rank 0, transport 0
MOC-R4PCC04U05:534253:535097 [0] NCCL INFO Connected to proxy localRank 0 -> connection 0x7fced4005458
MOC-R4PCC04U05:534253:534397 [0] NCCL INFO New proxy send connection 12 from local rank 0, transport 0
MOC-R4PCC04U05:534253:535097 [0] NCCL INFO Connected to proxy localRank 0 -> connection 0x7fced40054d0
MOC-R4PCC04U05:534253:534397 [0] NCCL INFO New proxy send connection 13 from local rank 0, transport 0
MOC-R4PCC04U05:534253:535097 [0] NCCL INFO Connected to proxy localRank 0 -> connection 0x7fced4005548
MOC-R4PCC04U05:534253:534397 [0] NCCL INFO New proxy send connection 14 from local rank 0, transport 0
MOC-R4PCC04U05:534253:535097 [0] NCCL INFO Connected to proxy localRank 0 -> connection 0x7fced40055c0
MOC-R4PCC04U05:534255:534394 [2] NCCL INFO New proxy recv connection 10 from local rank 2, transport 0
MOC-R4PCC04U05:534255:535098 [2] NCCL INFO Connected to proxy localRank 2 -> connection 0x7f000c0053e0
MOC-R4PCC04U05:534255:534394 [2] NCCL INFO New proxy recv connection 11 from local rank 2, transport 0
MOC-R4PCC04U05:534255:535098 [2] NCCL INFO Connected to proxy localRank 2 -> connection 0x7f000c005458
MOC-R4PCC04U05:534255:534394 [2] NCCL INFO New proxy recv connection 12 from local rank 2, transport 0
MOC-R4PCC04U05:534255:535098 [2] NCCL INFO Connected to proxy localRank 2 -> connection 0x7f000c0054d0
MOC-R4PCC04U05:534255:534394 [2] NCCL INFO New proxy recv connection 13 from local rank 2, transport 0
MOC-R4PCC04U05:534255:535098 [2] NCCL INFO Connected to proxy localRank 2 -> connection 0x7f000c005548
MOC-R4PCC04U05:534254:534398 [1] NCCL INFO New proxy recv connection 11 from local rank 1, transport 0
MOC-R4PCC04U05:534254:535099 [1] NCCL INFO Connected to proxy localRank 1 -> connection 0x7fb078005458
MOC-R4PCC04U05:534254:534398 [1] NCCL INFO New proxy recv connection 12 from local rank 1, transport 0
MOC-R4PCC04U05:534254:535099 [1] NCCL INFO Connected to proxy localRank 1 -> connection 0x7fb0780054d0
MOC-R4PCC04U05:534256:534395 [3] NCCL INFO New proxy recv connection 10 from local rank 3, transport 0
MOC-R4PCC04U05:534256:535100 [3] NCCL INFO Connected to proxy localRank 3 -> connection 0x7f5c640053e0
MOC-R4PCC04U05:534254:534398 [1] NCCL INFO New proxy recv connection 13 from local rank 1, transport 0
MOC-R4PCC04U05:534254:535099 [1] NCCL INFO Connected to proxy localRank 1 -> connection 0x7fb078005548
MOC-R4PCC04U05:534256:534395 [3] NCCL INFO New proxy recv connection 11 from local rank 3, transport 0
MOC-R4PCC04U05:534254:534398 [1] NCCL INFO New proxy recv connection 14 from local rank 1, transport 0
MOC-R4PCC04U05:534256:535100 [3] NCCL INFO Connected to proxy localRank 3 -> connection 0x7f5c64005458
MOC-R4PCC04U05:534254:535099 [1] NCCL INFO Connected to proxy localRank 1 -> connection 0x7fb0780055c0
MOC-R4PCC04U05:534254:534398 [1] NCCL INFO New proxy send connection 15 from local rank 1, transport 0
MOC-R4PCC04U05:534254:535099 [1] NCCL INFO Connected to proxy localRank 1 -> connection 0x7fb078005638
MOC-R4PCC04U05:534254:534398 [1] NCCL INFO New proxy send connection 16 from local rank 1, transport 0
MOC-R4PCC04U05:534254:535099 [1] NCCL INFO Connected to proxy localRank 1 -> connection 0x7fb0780056b0
MOC-R4PCC04U05:534254:534398 [1] NCCL INFO New proxy send connection 17 from local rank 1, transport 0
MOC-R4PCC04U05:534254:535099 [1] NCCL INFO Connected to proxy localRank 1 -> connection 0x7fb078005728
MOC-R4PCC04U05:534254:534398 [1] NCCL INFO New proxy send connection 18 from local rank 1, transport 0
MOC-R4PCC04U05:534254:535099 [1] NCCL INFO Connected to proxy localRank 1 -> connection 0x7fb0780057a0
MOC-R4PCC04U05:534253:534397 [0] NCCL INFO New proxy send connection 15 from local rank 0, transport 0
MOC-R4PCC04U05:534253:535097 [0] NCCL INFO Connected to proxy localRank 0 -> connection 0x7fced4005638
MOC-R4PCC04U05:534254:534398 [1] NCCL INFO New proxy recv connection 19 from local rank 1, transport 0
MOC-R4PCC04U05:534254:535099 [1] NCCL INFO Connected to proxy localRank 1 -> connection 0x7fb078005818
MOC-R4PCC04U05:534255:534394 [2] NCCL INFO New proxy send connection 14 from local rank 2, transport 0
MOC-R4PCC04U05:534255:535098 [2] NCCL INFO Connected to proxy localRank 2 -> connection 0x7f000c0055c0
MOC-R4PCC04U05:534254:534398 [1] NCCL INFO New proxy recv connection 20 from local rank 1, transport 0
MOC-R4PCC04U05:534254:535099 [1] NCCL INFO Connected to proxy localRank 1 -> connection 0x7fb078005890
MOC-R4PCC04U05:534253:534397 [0] NCCL INFO New proxy send connection 16 from local rank 0, transport 0
MOC-R4PCC04U05:534253:535097 [0] NCCL INFO Connected to proxy localRank 0 -> connection 0x7fced40056b0
MOC-R4PCC04U05:534255:534394 [2] NCCL INFO New proxy send connection 15 from local rank 2, transport 0
MOC-R4PCC04U05:534255:535098 [2] NCCL INFO Connected to proxy localRank 2 -> connection 0x7f000c005638
MOC-R4PCC04U05:534256:535100 [3] NCCL INFO GPU Direct RDMA Disabled for GPU 3 / HCA 1 (distance 7 > 0)
MOC-R4PCC04U05:534256:534395 [3] NCCL INFO New proxy recv connection 12 from local rank 3, transport 2
MOC-R4PCC04U05:534253:534397 [0] NCCL INFO New proxy recv connection 17 from local rank 0, transport 0
MOC-R4PCC04U05:534256:535100 [3] NCCL INFO Connected to proxy localRank 3 -> connection 0x7f5c640054d0
MOC-R4PCC04U05:534253:535097 [0] NCCL INFO Connected to proxy localRank 0 -> connection 0x7fced4005728
MOC-R4PCC04U05:534256:535100 [3] NCCL INFO Channel 00/0 : 11[3] -> 3[3] [receive] via NET/IB/1
MOC-R4PCC04U05:534256:535100 [3] NCCL INFO GPU Direct RDMA Disabled for GPU 3 / HCA 1 (distance 7 > 0)
MOC-R4PCC04U05:534256:534395 [3] NCCL INFO New proxy recv connection 13 from local rank 3, transport 2
MOC-R4PCC04U05:534256:535100 [3] NCCL INFO Connected to proxy localRank 3 -> connection 0x7f5c64005548
MOC-R4PCC04U05:534256:535100 [3] NCCL INFO Channel 01/0 : 11[3] -> 3[3] [receive] via NET/IB/1
MOC-R4PCC04U05:534256:535100 [3] NCCL INFO GPU Direct RDMA Disabled for GPU 3 / HCA 1 (distance 7 > 0)
MOC-R4PCC04U05:534253:534397 [0] NCCL INFO New proxy recv connection 18 from local rank 0, transport 0
MOC-R4PCC04U05:534253:535097 [0] NCCL INFO Connected to proxy localRank 0 -> connection 0x7fced40057a0
MOC-R4PCC04U05:534256:534395 [3] NCCL INFO New proxy recv connection 14 from local rank 3, transport 2
MOC-R4PCC04U05:534256:535100 [3] NCCL INFO Connected to proxy localRank 3 -> connection 0x7f5c640055c0
MOC-R4PCC04U05:534256:535100 [3] NCCL INFO Channel 02/0 : 11[3] -> 3[3] [receive] via NET/IB/1
MOC-R4PCC04U05:534256:535100 [3] NCCL INFO GPU Direct RDMA Disabled for GPU 3 / HCA 1 (distance 7 > 0)
MOC-R4PCC04U05:534256:534395 [3] NCCL INFO New proxy recv connection 15 from local rank 3, transport 2
MOC-R4PCC04U05:534256:535100 [3] NCCL INFO Connected to proxy localRank 3 -> connection 0x7f5c64005638
MOC-R4PCC04U05:534256:535100 [3] NCCL INFO Channel 03/0 : 11[3] -> 3[3] [receive] via NET/IB/1
MOC-R4PCC04U05:534256:535100 [3] NCCL INFO GPU Direct RDMA Disabled for GPU 3 / HCA 1 (distance 7 > 0)
MOC-R4PCC04U05:534256:534395 [3] NCCL INFO New proxy send connection 16 from local rank 3, transport 2
MOC-R4PCC04U05:534256:535100 [3] NCCL INFO Connected to proxy localRank 3 -> connection 0x7f5c640056b0
MOC-R4PCC04U05:534256:535100 [3] NCCL INFO Channel 02/0 : 3[3] -> 7[3] [send] via NET/IB/1
MOC-R4PCC04U05:534256:535100 [3] NCCL INFO GPU Direct RDMA Disabled for GPU 3 / HCA 1 (distance 7 > 0)
MOC-R4PCC04U05:534256:534395 [3] NCCL INFO New proxy send connection 17 from local rank 3, transport 2
MOC-R4PCC04U05:534256:535100 [3] NCCL INFO Connected to proxy localRank 3 -> connection 0x7f5c64005728
MOC-R4PCC04U05:534256:535100 [3] NCCL INFO Channel 03/0 : 3[3] -> 7[3] [send] via NET/IB/1
MOC-R4PCC04U05:534256:535100 [3] NCCL INFO GPU Direct RDMA Disabled for GPU 3 / HCA 1 (distance 7 > 0)
MOC-R4PCC04U05:534256:534395 [3] NCCL INFO New proxy recv connection 18 from local rank 3, transport 2
MOC-R4PCC04U05:534256:535100 [3] NCCL INFO Connected to proxy localRank 3 -> connection 0x7f5c640057a0
MOC-R4PCC04U05:534256:535100 [3] NCCL INFO Channel 02/0 : 7[3] -> 3[3] [receive] via NET/IB/1
MOC-R4PCC04U05:534256:535100 [3] NCCL INFO GPU Direct RDMA Disabled for GPU 3 / HCA 1 (distance 7 > 0)
MOC-R4PCC04U05:534256:534395 [3] NCCL INFO New proxy recv connection 19 from local rank 3, transport 2
MOC-R4PCC04U05:534256:535100 [3] NCCL INFO Connected to proxy localRank 3 -> connection 0x7f5c64005818
MOC-R4PCC04U05:534256:535100 [3] NCCL INFO Channel 03/0 : 7[3] -> 3[3] [receive] via NET/IB/1
MOC-R4PCC04U05:534256:535100 [3] NCCL INFO GPU Direct RDMA Disabled for GPU 3 / HCA 1 (distance 7 > 0)
MOC-R4PCC04U05:534256:534395 [3] NCCL INFO New proxy send connection 20 from local rank 3, transport 2
MOC-R4PCC04U05:534256:535100 [3] NCCL INFO Connected to proxy localRank 3 -> connection 0x7f5c64005890
MOC-R4PCC04U05:534256:535100 [3] NCCL INFO Channel 00/0 : 3[3] -> 11[3] [send] via NET/IB/1
MOC-R4PCC04U05:534256:535100 [3] NCCL INFO GPU Direct RDMA Disabled for GPU 3 / HCA 1 (distance 7 > 0)
MOC-R4PCC04U05:534256:534395 [3] NCCL INFO New proxy send connection 21 from local rank 3, transport 2
MOC-R4PCC04U05:534256:535100 [3] NCCL INFO Connected to proxy localRank 3 -> connection 0x7f5c64005908
MOC-R4PCC04U05:534256:535100 [3] NCCL INFO Channel 01/0 : 3[3] -> 11[3] [send] via NET/IB/1
MOC-R4PCC04U05:534256:535100 [3] NCCL INFO GPU Direct RDMA Disabled for GPU 3 / HCA 1 (distance 7 > 0)
MOC-R4PCC04U05:534256:534395 [3] NCCL INFO New proxy send connection 22 from local rank 3, transport 2
MOC-R4PCC04U05:534256:535100 [3] NCCL INFO Connected to proxy localRank 3 -> connection 0x7f5c64005980
MOC-R4PCC04U05:534256:535100 [3] NCCL INFO Channel 02/0 : 3[3] -> 11[3] [send] via NET/IB/1
MOC-R4PCC04U05:534256:535100 [3] NCCL INFO GPU Direct RDMA Disabled for GPU 3 / HCA 1 (distance 7 > 0)
MOC-R4PCC04U05:534256:534395 [3] NCCL INFO New proxy send connection 23 from local rank 3, transport 2
MOC-R4PCC04U05:534256:535100 [3] NCCL INFO Connected to proxy localRank 3 -> connection 0x7f5c640059f8
MOC-R4PCC04U05:534256:535100 [3] NCCL INFO Channel 03/0 : 3[3] -> 11[3] [send] via NET/IB/1
MOC-R4PCC04U05:534253:534397 [0] NCCL INFO New proxy recv connection 19 from local rank 0, transport 0
MOC-R4PCC04U05:534253:535097 [0] NCCL INFO Connected to proxy localRank 0 -> connection 0x7fced4005818
MOC-R4PCC04U05:534256:534395 [3] NCCL INFO New proxy send connection 24 from local rank 3, transport 0
MOC-R4PCC04U05:534256:535100 [3] NCCL INFO Connected to proxy localRank 3 -> connection 0x7f5c64005a70
MOC-R4PCC04U05:534253:534397 [0] NCCL INFO New proxy recv connection 20 from local rank 0, transport 0
MOC-R4PCC04U05:534256:534395 [3] NCCL INFO New proxy send connection 25 from local rank 3, transport 0
MOC-R4PCC04U05:534253:535097 [0] NCCL INFO Connected to proxy localRank 0 -> connection 0x7fced4005890
MOC-R4PCC04U05:534256:535100 [3] NCCL INFO Connected to proxy localRank 3 -> connection 0x7f5c64005ae8
MOC-R4PCC04U05:534256:534395 [3] NCCL INFO New proxy send connection 26 from local rank 3, transport 0
MOC-R4PCC04U05:534256:535100 [3] NCCL INFO Connected to proxy localRank 3 -> connection 0x7f5c64005b60
MOC-R4PCC04U05:534256:534395 [3] NCCL INFO New proxy send connection 27 from local rank 3, transport 0
MOC-R4PCC04U05:534256:535100 [3] NCCL INFO Connected to proxy localRank 3 -> connection 0x7f5c64005bd8
MOC-R4PCC04U05:534256:534395 [3] NCCL INFO NET/IB: NCCL Dev 1 IbDev 0 Port 1 qpn 8296 mtu 3 query_ece={supported=1, vendor_id=0x15b3, options=0x30000002, comp_mask=0x0} GID 3 (0/C132A8C0FFFF0000) fifoRkey=0x17ecab fifoLkey=0x17ecab
MOC-R4PCC04U05:534256:534395 [3] NCCL INFO NET/IB: NCCL Dev 1 IbDev 0 Port 1 qpn 8297 mtu 3 query_ece={supported=1, vendor_id=0x15b3, options=0x30000002, comp_mask=0x0} GID 3 (0/C132A8C0FFFF0000) fifoRkey=0x178443 fifoLkey=0x178443
MOC-R4PCC04U05:534256:534395 [3] NCCL INFO NET/IB: IbDev 0 Port 1 qpn 8290 set_ece={supported=1, vendor_id=0x15b3, options=0x0, comp_mask=0x0}
MOC-R4PCC04U05:534256:534395 [3] NCCL INFO NET/IB: IbDev 0 Port 1 qpn 8292 set_ece={supported=1, vendor_id=0x15b3, options=0x0, comp_mask=0x0}
MOC-R4PCC04U05:534256:534395 [3] NCCL INFO NET/IB: NCCL Dev 1 IbDev 0 Port 1 qpn 8306 mtu 3 query_ece={supported=1, vendor_id=0x15b3, options=0x30000002, comp_mask=0x0} GID 3 (0/C132A8C0FFFF0000) fifoRkey=0x17b372 fifoLkey=0x17b372
MOC-R4PCC04U05:534256:534395 [3] NCCL INFO NET/IB: NCCL Dev 1 IbDev 0 Port 1 qpn 8307 mtu 3 query_ece={supported=1, vendor_id=0x15b3, options=0x30000002, comp_mask=0x0} GID 3 (0/C132A8C0FFFF0000) fifoRkey=0x179c5b fifoLkey=0x179c5b
MOC-R4PCC04U05:534256:534395 [3] NCCL INFO NET/IB: NCCL Dev 1 IbDev 0 Port 1 qpn 8308 mtu 3 query_ece={supported=1, vendor_id=0x15b3, options=0x30000002, comp_mask=0x0} GID 3 (0/C132A8C0FFFF0000) fifoRkey=0x173af9 fifoLkey=0x173af9
MOC-R4PCC04U05:534256:534395 [3] NCCL INFO NET/IB: NCCL Dev 1 IbDev 0 Port 1 qpn 8309 mtu 3 query_ece={supported=1, vendor_id=0x15b3, options=0x30000002, comp_mask=0x0} GID 3 (0/C132A8C0FFFF0000) fifoRkey=0x17904f fifoLkey=0x17904f
MOC-R4PCC04U05:534256:534395 [3] NCCL INFO NET/IB: IbDev 0 Port 1 qpn 4218 set_ece={supported=1, vendor_id=0x15b3, options=0x0, comp_mask=0x0}
MOC-R4PCC04U05:534256:534395 [3] NCCL INFO NET/IB: IbDev 0 Port 1 qpn 4220 set_ece={supported=1, vendor_id=0x15b3, options=0x0, comp_mask=0x0}
MOC-R4PCC04U05:534256:534395 [3] NCCL INFO NET/IB: IbDev 0 Port 1 qpn 4222 set_ece={supported=1, vendor_id=0x15b3, options=0x0, comp_mask=0x0}
MOC-R4PCC04U05:534256:534395 [3] NCCL INFO NET/IB: IbDev 0 Port 1 qpn 4224 set_ece={supported=1, vendor_id=0x15b3, options=0x0, comp_mask=0x0}
step    1/10 | train loss 11.009953 | norm 15.3599 | lr 1.00e-04 | (14435.58 ms | 245154 tok/s)
step    2/10 | train loss 10.140261 | norm 5.7284 | lr 1.00e-04 | (777.63 ms | 4550939 tok/s)
step    3/10 | train loss 9.800491 | norm 2.5995 | lr 1.00e-04 | (776.88 ms | 4555311 tok/s)
step    4/10 | train loss 9.631878 | norm 2.1038 | lr 1.00e-04 | (754.91 ms | 4687921 tok/s)
step    5/10 | train loss 9.549382 | norm 2.0982 | lr 1.00e-04 | (763.56 ms | 4634818 tok/s)
step    6/10 | train loss 9.468868 | norm 1.9907 | lr 1.00e-04 | (770.88 ms | 4590792 tok/s)
step    7/10 | train loss 9.384037 | norm 1.9411 | lr 1.00e-04 | (805.81 ms | 4391758 tok/s)
step    8/10 | train loss 9.293346 | norm 1.9098 | lr 1.00e-04 | (729.98 ms | 4848012 tok/s)
step    9/10 | train loss 9.198843 | norm 1.8576 | lr 1.00e-04 | (724.07 ms | 4887573 tok/s)
step   10/10 | train loss 9.112997 | norm 1.7862 | lr 1.00e-04 | (718.59 ms | 4924826 tok/s)
final 9 iters avg: 758.034ms
peak memory consumption: 16601 MiB
