Running pytorch 2.7.0+cu126
using device: cuda:0
total desired batch size: 1048576
=> calculated gradient accumulation steps: 2
using device: cuda:3
using device: cuda:1
using device: cuda:2
compiling the model...
DataLoader: total number of tokens: 1,661,249,667 across 103 files
MOC-R4PCC04U05:625471:625471 [0] NCCL INFO NCCL_SOCKET_IFNAME set to eno7np0
MOC-R4PCC04U05:625471:625471 [0] NCCL INFO NCCL version 2.26.2+cuda12.2
MOC-R4PCC04U05:625474:625474 [3] NCCL INFO NCCL_SOCKET_IFNAME set to eno7np0
MOC-R4PCC04U05:625474:625474 [3] NCCL INFO NCCL version 2.26.2+cuda12.2
MOC-R4PCC04U05:625472:625472 [1] NCCL INFO NCCL_SOCKET_IFNAME set to eno7np0
MOC-R4PCC04U05:625472:625472 [1] NCCL INFO NCCL version 2.26.2+cuda12.2
MOC-R4PCC04U05:625473:625473 [2] NCCL INFO NCCL_SOCKET_IFNAME set to eno7np0
MOC-R4PCC04U05:625473:625473 [2] NCCL INFO NCCL version 2.26.2+cuda12.2
MOC-R4PCC04U05:625471:625597 [0] NCCL INFO NET/Plugin: Could not find: libnccl-net.so. Using internal net plugin.
MOC-R4PCC04U05:625471:625597 [0] NCCL INFO NCCL_IB_HCA set to mlx5_5
MOC-R4PCC04U05:625474:625598 [3] NCCL INFO NET/Plugin: Could not find: libnccl-net.so. Using internal net plugin.
MOC-R4PCC04U05:625474:625598 [3] NCCL INFO NCCL_IB_HCA set to mlx5_5
MOC-R4PCC04U05:625472:625599 [1] NCCL INFO NET/Plugin: Could not find: libnccl-net.so. Using internal net plugin.
MOC-R4PCC04U05:625472:625599 [1] NCCL INFO NCCL_IB_HCA set to mlx5_5
MOC-R4PCC04U05:625471:625597 [0] NCCL INFO NET/IB : Made virtual device [0] name=mlx5_5 speed=400000 ndevs=1
MOC-R4PCC04U05:625471:625597 [0] NCCL INFO NET/IB : Using [0]mlx5_5:1/RoCE [RO]; OOB eno7np0:192.168.50.193<0>
MOC-R4PCC04U05:625473:625600 [2] NCCL INFO NET/Plugin: Could not find: libnccl-net.so. Using internal net plugin.
MOC-R4PCC04U05:625473:625600 [2] NCCL INFO NCCL_IB_HCA set to mlx5_5
MOC-R4PCC04U05:625474:625598 [3] NCCL INFO NET/IB : Made virtual device [0] name=mlx5_5 speed=400000 ndevs=1
MOC-R4PCC04U05:625474:625598 [3] NCCL INFO NET/IB : Using [0]mlx5_5:1/RoCE [RO]; OOB eno7np0:192.168.50.193<0>
MOC-R4PCC04U05:625472:625599 [1] NCCL INFO NET/IB : Made virtual device [0] name=mlx5_5 speed=400000 ndevs=1
MOC-R4PCC04U05:625472:625599 [1] NCCL INFO NET/IB : Using [0]mlx5_5:1/RoCE [RO]; OOB eno7np0:192.168.50.193<0>
MOC-R4PCC04U05:625473:625600 [2] NCCL INFO NET/IB : Made virtual device [0] name=mlx5_5 speed=400000 ndevs=1
MOC-R4PCC04U05:625473:625600 [2] NCCL INFO NET/IB : Using [0]mlx5_5:1/RoCE [RO]; OOB eno7np0:192.168.50.193<0>
MOC-R4PCC04U05:625471:625597 [0] NCCL INFO NET/IB : GPU Direct RDMA Enabled for HCA 0 'mlx5_5'
MOC-R4PCC04U05:625471:625597 [0] NCCL INFO NET/IB : Made virtual device [1] name=mlx5_5 speed=400000 ndevs=1
MOC-R4PCC04U05:625471:625597 [0] NCCL INFO NET/IB : GPU Direct RDMA Enabled for HCA 0 'mlx5_5'
MOC-R4PCC04U05:625471:625597 [0] NCCL INFO NET/IB : GPU Direct RDMA Enabled for HCA 1 'mlx5_5'
MOC-R4PCC04U05:625472:625599 [1] NCCL INFO NET/IB : GPU Direct RDMA Enabled for HCA 0 'mlx5_5'
MOC-R4PCC04U05:625472:625599 [1] NCCL INFO NET/IB : Made virtual device [1] name=mlx5_5 speed=400000 ndevs=1
MOC-R4PCC04U05:625472:625599 [1] NCCL INFO NET/IB : GPU Direct RDMA Enabled for HCA 0 'mlx5_5'
MOC-R4PCC04U05:625472:625599 [1] NCCL INFO NET/IB : GPU Direct RDMA Enabled for HCA 1 'mlx5_5'
MOC-R4PCC04U05:625474:625598 [3] NCCL INFO NET/IB : GPU Direct RDMA Enabled for HCA 0 'mlx5_5'
MOC-R4PCC04U05:625474:625598 [3] NCCL INFO NET/IB : Made virtual device [1] name=mlx5_5 speed=400000 ndevs=1
MOC-R4PCC04U05:625474:625598 [3] NCCL INFO NET/IB : GPU Direct RDMA Enabled for HCA 0 'mlx5_5'
MOC-R4PCC04U05:625474:625598 [3] NCCL INFO NET/IB : GPU Direct RDMA Enabled for HCA 1 'mlx5_5'
MOC-R4PCC04U05:625473:625600 [2] NCCL INFO NET/IB : GPU Direct RDMA Enabled for HCA 0 'mlx5_5'
MOC-R4PCC04U05:625473:625600 [2] NCCL INFO NET/IB : Made virtual device [1] name=mlx5_5 speed=400000 ndevs=1
MOC-R4PCC04U05:625473:625600 [2] NCCL INFO NET/IB : GPU Direct RDMA Enabled for HCA 0 'mlx5_5'
MOC-R4PCC04U05:625473:625600 [2] NCCL INFO NET/IB : GPU Direct RDMA Enabled for HCA 1 'mlx5_5'
MOC-R4PCC04U05:625471:625597 [0] NCCL INFO NCCL_NET_GDR_LEVEL set by environment to LOC
MOC-R4PCC04U05:625471:625597 [0] NCCL INFO GPU Direct RDMA Disabled for GPU 0 / HCA 1 (distance 5 > 0)
MOC-R4PCC04U05:625471:625597 [0] NCCL INFO GPU Direct RDMA Disabled for GPU 1 / HCA 1 (distance 5 > 0)
MOC-R4PCC04U05:625471:625597 [0] NCCL INFO GPU Direct RDMA Disabled for GPU 2 / HCA 1 (distance 5 > 0)
MOC-R4PCC04U05:625471:625597 [0] NCCL INFO GPU Direct RDMA Disabled for GPU 0 / HCA 1 (distance 5 > 0)
MOC-R4PCC04U05:625471:625597 [0] NCCL INFO GPU Direct RDMA Disabled for GPU 1 / HCA 1 (distance 5 > 0)
MOC-R4PCC04U05:625471:625597 [0] NCCL INFO GPU Direct RDMA Disabled for GPU 2 / HCA 1 (distance 5 > 0)
MOC-R4PCC04U05:625474:625598 [3] NCCL INFO NCCL_NET_GDR_LEVEL set by environment to LOC
MOC-R4PCC04U05:625474:625598 [3] NCCL INFO GPU Direct RDMA Disabled for GPU 0 / HCA 1 (distance 5 > 0)
MOC-R4PCC04U05:625474:625598 [3] NCCL INFO GPU Direct RDMA Disabled for GPU 1 / HCA 1 (distance 5 > 0)
MOC-R4PCC04U05:625474:625598 [3] NCCL INFO GPU Direct RDMA Disabled for GPU 2 / HCA 1 (distance 5 > 0)
MOC-R4PCC04U05:625474:625598 [3] NCCL INFO GPU Direct RDMA Disabled for GPU 0 / HCA 1 (distance 5 > 0)
MOC-R4PCC04U05:625474:625598 [3] NCCL INFO GPU Direct RDMA Disabled for GPU 1 / HCA 1 (distance 5 > 0)
MOC-R4PCC04U05:625474:625598 [3] NCCL INFO GPU Direct RDMA Disabled for GPU 2 / HCA 1 (distance 5 > 0)
MOC-R4PCC04U05:625472:625599 [1] NCCL INFO NCCL_NET_GDR_LEVEL set by environment to LOC
MOC-R4PCC04U05:625472:625599 [1] NCCL INFO GPU Direct RDMA Disabled for GPU 0 / HCA 1 (distance 5 > 0)
MOC-R4PCC04U05:625472:625599 [1] NCCL INFO GPU Direct RDMA Disabled for GPU 1 / HCA 1 (distance 5 > 0)
MOC-R4PCC04U05:625472:625599 [1] NCCL INFO GPU Direct RDMA Disabled for GPU 2 / HCA 1 (distance 5 > 0)
MOC-R4PCC04U05:625472:625599 [1] NCCL INFO GPU Direct RDMA Disabled for GPU 0 / HCA 1 (distance 5 > 0)
MOC-R4PCC04U05:625472:625599 [1] NCCL INFO GPU Direct RDMA Disabled for GPU 1 / HCA 1 (distance 5 > 0)
MOC-R4PCC04U05:625472:625599 [1] NCCL INFO GPU Direct RDMA Disabled for GPU 2 / HCA 1 (distance 5 > 0)
MOC-R4PCC04U05:625473:625600 [2] NCCL INFO NCCL_NET_GDR_LEVEL set by environment to LOC
MOC-R4PCC04U05:625473:625600 [2] NCCL INFO GPU Direct RDMA Disabled for GPU 0 / HCA 1 (distance 5 > 0)
MOC-R4PCC04U05:625473:625600 [2] NCCL INFO GPU Direct RDMA Disabled for GPU 1 / HCA 1 (distance 5 > 0)
MOC-R4PCC04U05:625473:625600 [2] NCCL INFO GPU Direct RDMA Disabled for GPU 2 / HCA 1 (distance 5 > 0)
MOC-R4PCC04U05:625473:625600 [2] NCCL INFO GPU Direct RDMA Disabled for GPU 0 / HCA 1 (distance 5 > 0)
MOC-R4PCC04U05:625473:625600 [2] NCCL INFO GPU Direct RDMA Disabled for GPU 1 / HCA 1 (distance 5 > 0)
MOC-R4PCC04U05:625473:625600 [2] NCCL INFO GPU Direct RDMA Disabled for GPU 2 / HCA 1 (distance 5 > 0)
MOC-R4PCC04U05:625474:625614 [3] NCCL INFO New proxy recv connection 0 from local rank 3, transport 0
MOC-R4PCC04U05:625474:625621 [3] NCCL INFO Connected to proxy localRank 3 -> connection 0x7f0918004f30
MOC-R4PCC04U05:625473:625615 [2] NCCL INFO New proxy recv connection 0 from local rank 2, transport 0
MOC-R4PCC04U05:625473:625622 [2] NCCL INFO Connected to proxy localRank 2 -> connection 0x7f7c88004f30
MOC-R4PCC04U05:625474:625614 [3] NCCL INFO New proxy recv connection 1 from local rank 3, transport 0
MOC-R4PCC04U05:625474:625621 [3] NCCL INFO Connected to proxy localRank 3 -> connection 0x7f0918004fa8
MOC-R4PCC04U05:625474:625621 [3] NCCL INFO GPU Direct RDMA Disabled for GPU 3 / HCA 1 (distance 7 > 0)
MOC-R4PCC04U05:625473:625615 [2] NCCL INFO New proxy recv connection 1 from local rank 2, transport 0
MOC-R4PCC04U05:625473:625622 [2] NCCL INFO Connected to proxy localRank 2 -> connection 0x7f7c88004fa8
MOC-R4PCC04U05:625471:625613 [0] NCCL INFO New proxy send connection 0 from local rank 0, transport 0
MOC-R4PCC04U05:625471:625623 [0] NCCL INFO Connected to proxy localRank 0 -> connection 0x7ef9f4004f30
MOC-R4PCC04U05:625472:625619 [1] NCCL INFO New proxy recv connection 0 from local rank 1, transport 0
MOC-R4PCC04U05:625472:625624 [1] NCCL INFO Connected to proxy localRank 1 -> connection 0x7fcd08004f30
MOC-R4PCC04U05:625471:625613 [0] NCCL INFO New proxy send connection 1 from local rank 0, transport 0
MOC-R4PCC04U05:625471:625623 [0] NCCL INFO Connected to proxy localRank 0 -> connection 0x7ef9f4004fa8
MOC-R4PCC04U05:625472:625619 [1] NCCL INFO New proxy recv connection 1 from local rank 1, transport 0
MOC-R4PCC04U05:625472:625624 [1] NCCL INFO Connected to proxy localRank 1 -> connection 0x7fcd08004fa8
MOC-R4PCC04U05:625473:625622 [2] NCCL INFO GPU Direct RDMA Disabled for GPU 2 / HCA 1 (distance 7 > 0)
MOC-R4PCC04U05:625471:625613 [0] NCCL INFO New proxy send connection 2 from local rank 0, transport 0
MOC-R4PCC04U05:625471:625623 [0] NCCL INFO Connected to proxy localRank 0 -> connection 0x7ef9f4005020
MOC-R4PCC04U05:625471:625613 [0] NCCL INFO New proxy send connection 3 from local rank 0, transport 0
MOC-R4PCC04U05:625471:625623 [0] NCCL INFO Connected to proxy localRank 0 -> connection 0x7ef9f4005098
MOC-R4PCC04U05:625474:625614 [3] NCCL INFO New proxy send connection 2 from local rank 3, transport 2
MOC-R4PCC04U05:625474:625621 [3] NCCL INFO Connected to proxy localRank 3 -> connection 0x7f0918005020
MOC-R4PCC04U05:625474:625621 [3] NCCL INFO Channel 00/0 : 3[3] -> 6[2] [send] via NET/IB/1
MOC-R4PCC04U05:625474:625621 [3] NCCL INFO GPU Direct RDMA Disabled for GPU 3 / HCA 1 (distance 7 > 0)
MOC-R4PCC04U05:625474:625614 [3] NCCL INFO New proxy send connection 3 from local rank 3, transport 2
MOC-R4PCC04U05:625474:625621 [3] NCCL INFO Connected to proxy localRank 3 -> connection 0x7f0918005098
MOC-R4PCC04U05:625474:625621 [3] NCCL INFO Channel 02/0 : 3[3] -> 6[2] [send] via NET/IB/1
MOC-R4PCC04U05:625471:625613 [0] NCCL INFO New proxy recv connection 4 from local rank 0, transport 0
MOC-R4PCC04U05:625471:625623 [0] NCCL INFO Connected to proxy localRank 0 -> connection 0x7ef9f4005110
MOC-R4PCC04U05:625474:625621 [3] NCCL INFO GPU Direct RDMA Disabled for GPU 3 / HCA 1 (distance 7 > 0)
MOC-R4PCC04U05:625474:625614 [3] NCCL INFO New proxy recv connection 4 from local rank 3, transport 2
MOC-R4PCC04U05:625474:625621 [3] NCCL INFO Connected to proxy localRank 3 -> connection 0x7f0918005110
MOC-R4PCC04U05:625471:625613 [0] NCCL INFO New proxy recv connection 5 from local rank 0, transport 0
MOC-R4PCC04U05:625471:625623 [0] NCCL INFO Connected to proxy localRank 0 -> connection 0x7ef9f4005188
MOC-R4PCC04U05:625474:625621 [3] NCCL INFO Channel 01/0 : 14[2] -> 3[3] [receive] via NET/IB/1
MOC-R4PCC04U05:625474:625621 [3] NCCL INFO GPU Direct RDMA Disabled for GPU 3 / HCA 1 (distance 7 > 0)
MOC-R4PCC04U05:625474:625614 [3] NCCL INFO New proxy recv connection 5 from local rank 3, transport 2
MOC-R4PCC04U05:625474:625621 [3] NCCL INFO Connected to proxy localRank 3 -> connection 0x7f0918005188
MOC-R4PCC04U05:625473:625615 [2] NCCL INFO New proxy recv connection 2 from local rank 2, transport 2
MOC-R4PCC04U05:625474:625621 [3] NCCL INFO Channel 03/0 : 14[2] -> 3[3] [receive] via NET/IB/1
MOC-R4PCC04U05:625471:625613 [0] NCCL INFO New proxy recv connection 6 from local rank 0, transport 0
MOC-R4PCC04U05:625471:625623 [0] NCCL INFO Connected to proxy localRank 0 -> connection 0x7ef9f4005200
MOC-R4PCC04U05:625473:625622 [2] NCCL INFO Connected to proxy localRank 2 -> connection 0x7f7c88005020
MOC-R4PCC04U05:625473:625622 [2] NCCL INFO Channel 00/0 : 15[3] -> 2[2] [receive] via NET/IB/1
MOC-R4PCC04U05:625473:625622 [2] NCCL INFO GPU Direct RDMA Disabled for GPU 2 / HCA 1 (distance 7 > 0)
MOC-R4PCC04U05:625473:625615 [2] NCCL INFO New proxy recv connection 3 from local rank 2, transport 2
MOC-R4PCC04U05:625473:625622 [2] NCCL INFO Connected to proxy localRank 2 -> connection 0x7f7c88005098
MOC-R4PCC04U05:625471:625613 [0] NCCL INFO New proxy recv connection 7 from local rank 0, transport 0
MOC-R4PCC04U05:625471:625623 [0] NCCL INFO Connected to proxy localRank 0 -> connection 0x7ef9f4005278
MOC-R4PCC04U05:625473:625622 [2] NCCL INFO Channel 02/0 : 15[3] -> 2[2] [receive] via NET/IB/1
MOC-R4PCC04U05:625474:625614 [3] NCCL INFO New proxy send connection 6 from local rank 3, transport 0
MOC-R4PCC04U05:625474:625621 [3] NCCL INFO Connected to proxy localRank 3 -> connection 0x7f0918005200
MOC-R4PCC04U05:625474:625614 [3] NCCL INFO New proxy send connection 7 from local rank 3, transport 0
MOC-R4PCC04U05:625474:625621 [3] NCCL INFO Connected to proxy localRank 3 -> connection 0x7f0918005278
MOC-R4PCC04U05:625473:625622 [2] NCCL INFO GPU Direct RDMA Disabled for GPU 2 / HCA 1 (distance 7 > 0)
MOC-R4PCC04U05:625473:625615 [2] NCCL INFO New proxy send connection 4 from local rank 2, transport 2
MOC-R4PCC04U05:625473:625622 [2] NCCL INFO Connected to proxy localRank 2 -> connection 0x7f7c88005110
MOC-R4PCC04U05:625473:625622 [2] NCCL INFO Channel 01/0 : 2[2] -> 7[3] [send] via NET/IB/1
MOC-R4PCC04U05:625473:625622 [2] NCCL INFO GPU Direct RDMA Disabled for GPU 2 / HCA 1 (distance 7 > 0)
MOC-R4PCC04U05:625473:625615 [2] NCCL INFO New proxy send connection 5 from local rank 2, transport 2
MOC-R4PCC04U05:625473:625622 [2] NCCL INFO Connected to proxy localRank 2 -> connection 0x7f7c88005188
MOC-R4PCC04U05:625473:625622 [2] NCCL INFO Channel 03/0 : 2[2] -> 7[3] [send] via NET/IB/1
MOC-R4PCC04U05:625472:625619 [1] NCCL INFO New proxy recv connection 2 from local rank 1, transport 0
MOC-R4PCC04U05:625471:625613 [0] NCCL INFO New proxy send connection 8 from local rank 3, transport 0
MOC-R4PCC04U05:625472:625624 [1] NCCL INFO Connected to proxy localRank 1 -> connection 0x7fcd08005020
MOC-R4PCC04U05:625474:625621 [3] NCCL INFO Connected to proxy localRank 0 -> connection 0x7ef9f40052f0
MOC-R4PCC04U05:625473:625615 [2] NCCL INFO New proxy send connection 6 from local rank 2, transport 0
MOC-R4PCC04U05:625473:625622 [2] NCCL INFO Connected to proxy localRank 2 -> connection 0x7f7c88005200
MOC-R4PCC04U05:625473:625615 [2] NCCL INFO New proxy send connection 7 from local rank 2, transport 0
MOC-R4PCC04U05:625473:625622 [2] NCCL INFO Connected to proxy localRank 2 -> connection 0x7f7c88005278
MOC-R4PCC04U05:625472:625619 [1] NCCL INFO New proxy recv connection 3 from local rank 1, transport 0
MOC-R4PCC04U05:625472:625624 [1] NCCL INFO Connected to proxy localRank 1 -> connection 0x7fcd08005098
MOC-R4PCC04U05:625472:625619 [1] NCCL INFO New proxy send connection 4 from local rank 1, transport 0
MOC-R4PCC04U05:625472:625624 [1] NCCL INFO Connected to proxy localRank 1 -> connection 0x7fcd08005110
MOC-R4PCC04U05:625472:625619 [1] NCCL INFO New proxy send connection 5 from local rank 1, transport 0
MOC-R4PCC04U05:625472:625624 [1] NCCL INFO Connected to proxy localRank 1 -> connection 0x7fcd08005188
MOC-R4PCC04U05:625472:625619 [1] NCCL INFO New proxy send connection 6 from local rank 1, transport 0
MOC-R4PCC04U05:625472:625624 [1] NCCL INFO Connected to proxy localRank 1 -> connection 0x7fcd08005200
MOC-R4PCC04U05:625472:625619 [1] NCCL INFO New proxy send connection 7 from local rank 1, transport 0
MOC-R4PCC04U05:625472:625624 [1] NCCL INFO Connected to proxy localRank 1 -> connection 0x7fcd08005278
MOC-R4PCC04U05:625472:625619 [1] NCCL INFO New proxy send connection 8 from local rank 3, transport 0
MOC-R4PCC04U05:625474:625621 [3] NCCL INFO Connected to proxy localRank 1 -> connection 0x7fcd080052f0
MOC-R4PCC04U05:625471:625613 [0] NCCL INFO New proxy send connection 9 from local rank 2, transport 0
MOC-R4PCC04U05:625473:625622 [2] NCCL INFO Connected to proxy localRank 0 -> connection 0x7ef9f4005368
MOC-R4PCC04U05:625473:625615 [2] NCCL INFO New proxy send connection 8 from local rank 0, transport 0
MOC-R4PCC04U05:625474:625614 [3] NCCL INFO New proxy send connection 8 from local rank 1, transport 0
MOC-R4PCC04U05:625471:625623 [0] NCCL INFO Connected to proxy localRank 2 -> connection 0x7f7c880052f0
MOC-R4PCC04U05:625472:625624 [1] NCCL INFO Connected to proxy localRank 3 -> connection 0x7f09180052f0
MOC-R4PCC04U05:625472:625619 [1] NCCL INFO New proxy send connection 9 from local rank 2, transport 0
MOC-R4PCC04U05:625473:625622 [2] NCCL INFO Connected to proxy localRank 1 -> connection 0x7fcd08005368
MOC-R4PCC04U05:625474:625614 [3] NCCL INFO NET/IB: NCCL Dev 1 IbDev 0 Port 1 qpn 10250 mtu 3 query_ece={supported=1, vendor_id=0x15b3, options=0x30000002, comp_mask=0x0} GID 3 (0/C132A8C0FFFF0000) fifoRkey=0x17bf7e fifoLkey=0x17bf7e
MOC-R4PCC04U05:625474:625614 [3] NCCL INFO NET/IB: NCCL Dev 1 IbDev 0 Port 1 qpn 10251 mtu 3 query_ece={supported=1, vendor_id=0x15b3, options=0x30000002, comp_mask=0x0} GID 3 (0/C132A8C0FFFF0000) fifoRkey=0x17904f fifoLkey=0x17904f
MOC-R4PCC04U05:625471:625613 [0] NCCL INFO New proxy send connection 10 from local rank 1, transport 0
MOC-R4PCC04U05:625473:625615 [2] NCCL INFO NET/IB: NCCL Dev 1 IbDev 0 Port 1 qpn 10252 mtu 3 query_ece={supported=1, vendor_id=0x15b3, options=0x30000002, comp_mask=0x0} GID 3 (0/C132A8C0FFFF0000) fifoRkey=0x1722e1 fifoLkey=0x1722e1
MOC-R4PCC04U05:625472:625624 [1] NCCL INFO Connected to proxy localRank 0 -> connection 0x7ef9f40053e0
MOC-R4PCC04U05:625474:625614 [3] NCCL INFO New proxy send connection 9 from local rank 0, transport 0
MOC-R4PCC04U05:625471:625623 [0] NCCL INFO Connected to proxy localRank 3 -> connection 0x7f0918005368
MOC-R4PCC04U05:625473:625615 [2] NCCL INFO NET/IB: NCCL Dev 1 IbDev 0 Port 1 qpn 10253 mtu 3 query_ece={supported=1, vendor_id=0x15b3, options=0x30000002, comp_mask=0x0} GID 3 (0/C132A8C0FFFF0000) fifoRkey=0x17e1a0 fifoLkey=0x17e1a0
MOC-R4PCC04U05:625474:625614 [3] NCCL INFO NET/IB: IbDev 0 Port 1 qpn 9880 set_ece={supported=1, vendor_id=0x15b3, options=0x0, comp_mask=0x0}
MOC-R4PCC04U05:625473:625615 [2] NCCL INFO NET/IB: IbDev 0 Port 1 qpn 9881 set_ece={supported=1, vendor_id=0x15b3, options=0x0, comp_mask=0x0}
MOC-R4PCC04U05:625473:625615 [2] NCCL INFO NET/IB: IbDev 0 Port 1 qpn 9885 set_ece={supported=1, vendor_id=0x15b3, options=0x0, comp_mask=0x0}
MOC-R4PCC04U05:625474:625614 [3] NCCL INFO NET/IB: IbDev 0 Port 1 qpn 9884 set_ece={supported=1, vendor_id=0x15b3, options=0x0, comp_mask=0x0}
MOC-R4PCC04U05:625472:625619 [1] NCCL INFO New proxy send connection 10 from local rank 0, transport 0
MOC-R4PCC04U05:625471:625623 [0] NCCL INFO Connected to proxy localRank 1 -> connection 0x7fcd080053e0
MOC-R4PCC04U05:625473:625615 [2] NCCL INFO New proxy send connection 9 from local rank 1, transport 0
MOC-R4PCC04U05:625472:625624 [1] NCCL INFO Connected to proxy localRank 2 -> connection 0x7f7c88005368
num decayed parameter tensors: 50, with 124,318,464 parameters
num non-decayed parameter tensors: 98, with 121,344 parameters
using fused AdamW: False
using regular AdamW
MOC-R4PCC04U05:625474:625614 [3] NCCL INFO New proxy recv connection 10 from local rank 3, transport 0
MOC-R4PCC04U05:625474:626317 [3] NCCL INFO Connected to proxy localRank 3 -> connection 0x7f09180053e0
MOC-R4PCC04U05:625474:625614 [3] NCCL INFO New proxy recv connection 11 from local rank 3, transport 0
MOC-R4PCC04U05:625474:626317 [3] NCCL INFO Connected to proxy localRank 3 -> connection 0x7f0918005458
MOC-R4PCC04U05:625473:625615 [2] NCCL INFO New proxy recv connection 10 from local rank 2, transport 0
MOC-R4PCC04U05:625473:626318 [2] NCCL INFO Connected to proxy localRank 2 -> connection 0x7f7c880053e0
MOC-R4PCC04U05:625473:625615 [2] NCCL INFO New proxy recv connection 11 from local rank 2, transport 0
MOC-R4PCC04U05:625473:626318 [2] NCCL INFO Connected to proxy localRank 2 -> connection 0x7f7c88005458
MOC-R4PCC04U05:625473:625615 [2] NCCL INFO New proxy recv connection 12 from local rank 2, transport 0
MOC-R4PCC04U05:625473:626318 [2] NCCL INFO Connected to proxy localRank 2 -> connection 0x7f7c880054d0
MOC-R4PCC04U05:625473:625615 [2] NCCL INFO New proxy recv connection 13 from local rank 2, transport 0
MOC-R4PCC04U05:625473:626318 [2] NCCL INFO Connected to proxy localRank 2 -> connection 0x7f7c88005548
MOC-R4PCC04U05:625472:625619 [1] NCCL INFO New proxy recv connection 11 from local rank 1, transport 0
MOC-R4PCC04U05:625472:626319 [1] NCCL INFO Connected to proxy localRank 1 -> connection 0x7fcd08005458
MOC-R4PCC04U05:625472:625619 [1] NCCL INFO New proxy recv connection 12 from local rank 1, transport 0
MOC-R4PCC04U05:625472:626319 [1] NCCL INFO Connected to proxy localRank 1 -> connection 0x7fcd080054d0
MOC-R4PCC04U05:625472:625619 [1] NCCL INFO New proxy recv connection 13 from local rank 1, transport 0
MOC-R4PCC04U05:625472:626319 [1] NCCL INFO Connected to proxy localRank 1 -> connection 0x7fcd08005548
MOC-R4PCC04U05:625472:625619 [1] NCCL INFO New proxy recv connection 14 from local rank 1, transport 0
MOC-R4PCC04U05:625472:626319 [1] NCCL INFO Connected to proxy localRank 1 -> connection 0x7fcd080055c0
MOC-R4PCC04U05:625472:625619 [1] NCCL INFO New proxy send connection 15 from local rank 1, transport 0
MOC-R4PCC04U05:625472:626319 [1] NCCL INFO Connected to proxy localRank 1 -> connection 0x7fcd08005638
MOC-R4PCC04U05:625471:625613 [0] NCCL INFO New proxy send connection 11 from local rank 0, transport 0
MOC-R4PCC04U05:625471:626320 [0] NCCL INFO Connected to proxy localRank 0 -> connection 0x7ef9f4005458
MOC-R4PCC04U05:625472:625619 [1] NCCL INFO New proxy send connection 16 from local rank 1, transport 0
MOC-R4PCC04U05:625472:626319 [1] NCCL INFO Connected to proxy localRank 1 -> connection 0x7fcd080056b0
MOC-R4PCC04U05:625472:625619 [1] NCCL INFO New proxy send connection 17 from local rank 1, transport 0
MOC-R4PCC04U05:625472:626319 [1] NCCL INFO Connected to proxy localRank 1 -> connection 0x7fcd08005728
MOC-R4PCC04U05:625471:625613 [0] NCCL INFO New proxy send connection 12 from local rank 0, transport 0
MOC-R4PCC04U05:625471:626320 [0] NCCL INFO Connected to proxy localRank 0 -> connection 0x7ef9f40054d0
MOC-R4PCC04U05:625472:625619 [1] NCCL INFO New proxy send connection 18 from local rank 1, transport 0
MOC-R4PCC04U05:625472:626319 [1] NCCL INFO Connected to proxy localRank 1 -> connection 0x7fcd080057a0
MOC-R4PCC04U05:625471:625613 [0] NCCL INFO New proxy send connection 13 from local rank 0, transport 0
MOC-R4PCC04U05:625471:626320 [0] NCCL INFO Connected to proxy localRank 0 -> connection 0x7ef9f4005548
MOC-R4PCC04U05:625471:625613 [0] NCCL INFO New proxy send connection 14 from local rank 0, transport 0
MOC-R4PCC04U05:625471:626320 [0] NCCL INFO Connected to proxy localRank 0 -> connection 0x7ef9f40055c0
MOC-R4PCC04U05:625473:625615 [2] NCCL INFO New proxy send connection 14 from local rank 2, transport 0
MOC-R4PCC04U05:625473:626318 [2] NCCL INFO Connected to proxy localRank 2 -> connection 0x7f7c880055c0
MOC-R4PCC04U05:625472:625619 [1] NCCL INFO New proxy recv connection 19 from local rank 1, transport 0
MOC-R4PCC04U05:625472:626319 [1] NCCL INFO Connected to proxy localRank 1 -> connection 0x7fcd08005818
MOC-R4PCC04U05:625471:625613 [0] NCCL INFO New proxy send connection 15 from local rank 0, transport 0
MOC-R4PCC04U05:625471:626320 [0] NCCL INFO Connected to proxy localRank 0 -> connection 0x7ef9f4005638
MOC-R4PCC04U05:625472:625619 [1] NCCL INFO New proxy recv connection 20 from local rank 1, transport 0
MOC-R4PCC04U05:625471:625613 [0] NCCL INFO New proxy send connection 16 from local rank 0, transport 0
MOC-R4PCC04U05:625473:625615 [2] NCCL INFO New proxy send connection 15 from local rank 2, transport 0
MOC-R4PCC04U05:625472:626319 [1] NCCL INFO Connected to proxy localRank 1 -> connection 0x7fcd08005890
MOC-R4PCC04U05:625471:626320 [0] NCCL INFO Connected to proxy localRank 0 -> connection 0x7ef9f40056b0
MOC-R4PCC04U05:625473:626318 [2] NCCL INFO Connected to proxy localRank 2 -> connection 0x7f7c88005638
MOC-R4PCC04U05:625471:625613 [0] NCCL INFO New proxy recv connection 17 from local rank 0, transport 0
MOC-R4PCC04U05:625471:626320 [0] NCCL INFO Connected to proxy localRank 0 -> connection 0x7ef9f4005728
MOC-R4PCC04U05:625471:625613 [0] NCCL INFO New proxy recv connection 18 from local rank 0, transport 0
MOC-R4PCC04U05:625471:626320 [0] NCCL INFO Connected to proxy localRank 0 -> connection 0x7ef9f40057a0
MOC-R4PCC04U05:625474:626317 [3] NCCL INFO GPU Direct RDMA Disabled for GPU 3 / HCA 1 (distance 7 > 0)
MOC-R4PCC04U05:625474:625614 [3] NCCL INFO New proxy send connection 12 from local rank 3, transport 2
MOC-R4PCC04U05:625474:626317 [3] NCCL INFO Connected to proxy localRank 3 -> connection 0x7f09180054d0
MOC-R4PCC04U05:625474:626317 [3] NCCL INFO Channel 02/0 : 3[3] -> 7[3] [send] via NET/IB/1
MOC-R4PCC04U05:625474:626317 [3] NCCL INFO GPU Direct RDMA Disabled for GPU 3 / HCA 1 (distance 7 > 0)
MOC-R4PCC04U05:625471:625613 [0] NCCL INFO New proxy recv connection 19 from local rank 0, transport 0
MOC-R4PCC04U05:625471:626320 [0] NCCL INFO Connected to proxy localRank 0 -> connection 0x7ef9f4005818
MOC-R4PCC04U05:625474:625614 [3] NCCL INFO New proxy send connection 13 from local rank 3, transport 2
MOC-R4PCC04U05:625474:626317 [3] NCCL INFO Connected to proxy localRank 3 -> connection 0x7f0918005548
MOC-R4PCC04U05:625474:626317 [3] NCCL INFO Channel 03/0 : 3[3] -> 7[3] [send] via NET/IB/1
MOC-R4PCC04U05:625471:625613 [0] NCCL INFO New proxy recv connection 20 from local rank 0, transport 0
MOC-R4PCC04U05:625471:626320 [0] NCCL INFO Connected to proxy localRank 0 -> connection 0x7ef9f4005890
MOC-R4PCC04U05:625474:626317 [3] NCCL INFO GPU Direct RDMA Disabled for GPU 3 / HCA 1 (distance 7 > 0)
MOC-R4PCC04U05:625474:625614 [3] NCCL INFO New proxy recv connection 14 from local rank 3, transport 2
MOC-R4PCC04U05:625474:626317 [3] NCCL INFO Connected to proxy localRank 3 -> connection 0x7f09180055c0
MOC-R4PCC04U05:625474:626317 [3] NCCL INFO Channel 00/0 : 11[3] -> 3[3] [receive] via NET/IB/1
MOC-R4PCC04U05:625474:626317 [3] NCCL INFO GPU Direct RDMA Disabled for GPU 3 / HCA 1 (distance 7 > 0)
MOC-R4PCC04U05:625474:625614 [3] NCCL INFO New proxy recv connection 15 from local rank 3, transport 2
MOC-R4PCC04U05:625474:626317 [3] NCCL INFO Connected to proxy localRank 3 -> connection 0x7f0918005638
MOC-R4PCC04U05:625474:626317 [3] NCCL INFO Channel 01/0 : 11[3] -> 3[3] [receive] via NET/IB/1
MOC-R4PCC04U05:625474:626317 [3] NCCL INFO GPU Direct RDMA Disabled for GPU 3 / HCA 1 (distance 7 > 0)
MOC-R4PCC04U05:625474:625614 [3] NCCL INFO New proxy send connection 16 from local rank 3, transport 2
MOC-R4PCC04U05:625474:626317 [3] NCCL INFO Connected to proxy localRank 3 -> connection 0x7f09180056b0
MOC-R4PCC04U05:625474:626317 [3] NCCL INFO Channel 00/0 : 3[3] -> 11[3] [send] via NET/IB/1
MOC-R4PCC04U05:625474:626317 [3] NCCL INFO GPU Direct RDMA Disabled for GPU 3 / HCA 1 (distance 7 > 0)
MOC-R4PCC04U05:625474:625614 [3] NCCL INFO New proxy send connection 17 from local rank 3, transport 2
MOC-R4PCC04U05:625474:626317 [3] NCCL INFO Connected to proxy localRank 3 -> connection 0x7f0918005728
MOC-R4PCC04U05:625474:626317 [3] NCCL INFO Channel 01/0 : 3[3] -> 11[3] [send] via NET/IB/1
MOC-R4PCC04U05:625474:626317 [3] NCCL INFO GPU Direct RDMA Disabled for GPU 3 / HCA 1 (distance 7 > 0)
MOC-R4PCC04U05:625474:625614 [3] NCCL INFO New proxy recv connection 18 from local rank 3, transport 2
MOC-R4PCC04U05:625474:626317 [3] NCCL INFO Connected to proxy localRank 3 -> connection 0x7f09180057a0
MOC-R4PCC04U05:625474:626317 [3] NCCL INFO Channel 02/0 : 7[3] -> 3[3] [receive] via NET/IB/1
MOC-R4PCC04U05:625474:626317 [3] NCCL INFO GPU Direct RDMA Disabled for GPU 3 / HCA 1 (distance 7 > 0)
MOC-R4PCC04U05:625474:625614 [3] NCCL INFO New proxy recv connection 19 from local rank 3, transport 2
MOC-R4PCC04U05:625474:626317 [3] NCCL INFO Connected to proxy localRank 3 -> connection 0x7f0918005818
MOC-R4PCC04U05:625474:626317 [3] NCCL INFO Channel 03/0 : 7[3] -> 3[3] [receive] via NET/IB/1
MOC-R4PCC04U05:625474:625614 [3] NCCL INFO New proxy send connection 20 from local rank 3, transport 0
MOC-R4PCC04U05:625474:626317 [3] NCCL INFO Connected to proxy localRank 3 -> connection 0x7f0918005890
MOC-R4PCC04U05:625474:625614 [3] NCCL INFO New proxy send connection 21 from local rank 3, transport 0
MOC-R4PCC04U05:625474:626317 [3] NCCL INFO Connected to proxy localRank 3 -> connection 0x7f0918005908
MOC-R4PCC04U05:625474:625614 [3] NCCL INFO New proxy send connection 22 from local rank 3, transport 0
MOC-R4PCC04U05:625474:626317 [3] NCCL INFO Connected to proxy localRank 3 -> connection 0x7f0918005980
MOC-R4PCC04U05:625474:625614 [3] NCCL INFO New proxy send connection 23 from local rank 3, transport 0
MOC-R4PCC04U05:625474:626317 [3] NCCL INFO Connected to proxy localRank 3 -> connection 0x7f09180059f8
MOC-R4PCC04U05:625474:625614 [3] NCCL INFO NET/IB: NCCL Dev 1 IbDev 0 Port 1 qpn 10262 mtu 3 query_ece={supported=1, vendor_id=0x15b3, options=0x30000002, comp_mask=0x0} GID 3 (0/C132A8C0FFFF0000) fifoRkey=0x173af9 fifoLkey=0x173af9
MOC-R4PCC04U05:625474:625614 [3] NCCL INFO NET/IB: NCCL Dev 1 IbDev 0 Port 1 qpn 10263 mtu 3 query_ece={supported=1, vendor_id=0x15b3, options=0x30000002, comp_mask=0x0} GID 3 (0/C132A8C0FFFF0000) fifoRkey=0x17b372 fifoLkey=0x17b372
MOC-R4PCC04U05:625474:625614 [3] NCCL INFO NET/IB: NCCL Dev 1 IbDev 0 Port 1 qpn 10264 mtu 3 query_ece={supported=1, vendor_id=0x15b3, options=0x30000002, comp_mask=0x0} GID 3 (0/C132A8C0FFFF0000) fifoRkey=0x17cb8a fifoLkey=0x17cb8a
MOC-R4PCC04U05:625474:625614 [3] NCCL INFO NET/IB: IbDev 0 Port 1 qpn 7337 set_ece={supported=1, vendor_id=0x15b3, options=0x0, comp_mask=0x0}
MOC-R4PCC04U05:625474:625614 [3] NCCL INFO NET/IB: NCCL Dev 1 IbDev 0 Port 1 qpn 10267 mtu 3 query_ece={supported=1, vendor_id=0x15b3, options=0x30000002, comp_mask=0x0} GID 3 (0/C132A8C0FFFF0000) fifoRkey=0x17edac fifoLkey=0x17edac
MOC-R4PCC04U05:625474:625614 [3] NCCL INFO NET/IB: IbDev 0 Port 1 qpn 9894 set_ece={supported=1, vendor_id=0x15b3, options=0x0, comp_mask=0x0}
MOC-R4PCC04U05:625474:625614 [3] NCCL INFO NET/IB: IbDev 0 Port 1 qpn 9897 set_ece={supported=1, vendor_id=0x15b3, options=0x0, comp_mask=0x0}
MOC-R4PCC04U05:625474:625614 [3] NCCL INFO NET/IB: IbDev 0 Port 1 qpn 7348 set_ece={supported=1, vendor_id=0x15b3, options=0x0, comp_mask=0x0}
step    1/10 | train loss 11.010097 | norm 15.4737 | lr 1.00e-04 | (14408.75 ms | 72774 tok/s)
step    2/10 | train loss 10.132355 | norm 5.7712 | lr 1.00e-04 | (309.74 ms | 3385389 tok/s)
step    3/10 | train loss 9.790419 | norm 2.6207 | lr 1.00e-04 | (210.00 ms | 4993207 tok/s)
step    4/10 | train loss 9.620089 | norm 2.1209 | lr 1.00e-04 | (212.76 ms | 4928435 tok/s)
step    5/10 | train loss 9.536892 | norm 2.1163 | lr 1.00e-04 | (208.33 ms | 5033236 tok/s)
step    6/10 | train loss 9.455261 | norm 2.0053 | lr 1.00e-04 | (213.38 ms | 4914194 tok/s)
step    7/10 | train loss 9.369599 | norm 1.9544 | lr 1.00e-04 | (210.19 ms | 4988800 tok/s)
step    8/10 | train loss 9.277893 | norm 1.9223 | lr 1.00e-04 | (209.15 ms | 5013476 tok/s)
step    9/10 | train loss 9.182261 | norm 1.8716 | lr 1.00e-04 | (210.71 ms | 4976286 tok/s)
step   10/10 | train loss 9.094440 | norm 1.7972 | lr 1.00e-04 | (212.96 ms | 4923789 tok/s)
final 9 iters avg: 221.913ms
peak memory consumption: 16601 MiB
