Running pytorch 2.7.0+cu126
using device: cuda:0
total desired batch size: 2097152
=> calculated gradient accumulation steps: 8
using device: cuda:2
using device: cuda:1
using device: cuda:3
compiling the model...
DataLoader: total number of tokens: 1,661,249,667 across 103 files
MOC-R4PCC04U05:459588:459588 [0] NCCL INFO NCCL_SOCKET_IFNAME set to eno7np0
MOC-R4PCC04U05:459588:459588 [0] NCCL INFO NCCL version 2.26.2+cuda12.2
MOC-R4PCC04U05:459588:459630 [0] NCCL INFO NET/Plugin: Could not find: libnccl-net.so. Using internal net plugin.
MOC-R4PCC04U05:459588:459630 [0] NCCL INFO NCCL_IB_HCA set to mlx5_5
MOC-R4PCC04U05:459589:459589 [1] NCCL INFO NCCL_SOCKET_IFNAME set to eno7np0
MOC-R4PCC04U05:459589:459589 [1] NCCL INFO NCCL version 2.26.2+cuda12.2
MOC-R4PCC04U05:459588:459630 [0] NCCL INFO NET/IB : Made virtual device [0] name=mlx5_5 speed=400000 ndevs=1
MOC-R4PCC04U05:459588:459630 [0] NCCL INFO NET/IB : Using [0]mlx5_5:1/RoCE [RO]; OOB eno7np0:192.168.50.193<0>
MOC-R4PCC04U05:459590:459590 [2] NCCL INFO NCCL_SOCKET_IFNAME set to eno7np0
MOC-R4PCC04U05:459590:459590 [2] NCCL INFO NCCL version 2.26.2+cuda12.2
MOC-R4PCC04U05:459591:459591 [3] NCCL INFO NCCL_SOCKET_IFNAME set to eno7np0
MOC-R4PCC04U05:459591:459591 [3] NCCL INFO NCCL version 2.26.2+cuda12.2
MOC-R4PCC04U05:459589:459631 [1] NCCL INFO NET/Plugin: Could not find: libnccl-net.so. Using internal net plugin.
MOC-R4PCC04U05:459589:459631 [1] NCCL INFO NCCL_IB_HCA set to mlx5_5
MOC-R4PCC04U05:459589:459631 [1] NCCL INFO NET/IB : Made virtual device [0] name=mlx5_5 speed=400000 ndevs=1
MOC-R4PCC04U05:459589:459631 [1] NCCL INFO NET/IB : Using [0]mlx5_5:1/RoCE [RO]; OOB eno7np0:192.168.50.193<0>
MOC-R4PCC04U05:459590:459633 [2] NCCL INFO NET/Plugin: Could not find: libnccl-net.so. Using internal net plugin.
MOC-R4PCC04U05:459590:459633 [2] NCCL INFO NCCL_IB_HCA set to mlx5_5
MOC-R4PCC04U05:459590:459633 [2] NCCL INFO NET/IB : Made virtual device [0] name=mlx5_5 speed=400000 ndevs=1
MOC-R4PCC04U05:459590:459633 [2] NCCL INFO NET/IB : Using [0]mlx5_5:1/RoCE [RO]; OOB eno7np0:192.168.50.193<0>
MOC-R4PCC04U05:459591:459634 [3] NCCL INFO NET/Plugin: Could not find: libnccl-net.so. Using internal net plugin.
MOC-R4PCC04U05:459591:459634 [3] NCCL INFO NCCL_IB_HCA set to mlx5_5
MOC-R4PCC04U05:459591:459634 [3] NCCL INFO NET/IB : Made virtual device [0] name=mlx5_5 speed=400000 ndevs=1
MOC-R4PCC04U05:459591:459634 [3] NCCL INFO NET/IB : Using [0]mlx5_5:1/RoCE [RO]; OOB eno7np0:192.168.50.193<0>
MOC-R4PCC04U05:459590:459633 [2] NCCL INFO NET/IB : GPU Direct RDMA Enabled for HCA 0 'mlx5_5'
MOC-R4PCC04U05:459590:459633 [2] NCCL INFO NET/IB : Made virtual device [1] name=mlx5_5 speed=400000 ndevs=1
MOC-R4PCC04U05:459590:459633 [2] NCCL INFO NET/IB : GPU Direct RDMA Enabled for HCA 0 'mlx5_5'
MOC-R4PCC04U05:459590:459633 [2] NCCL INFO NET/IB : GPU Direct RDMA Enabled for HCA 1 'mlx5_5'
MOC-R4PCC04U05:459589:459631 [1] NCCL INFO NET/IB : GPU Direct RDMA Enabled for HCA 0 'mlx5_5'
MOC-R4PCC04U05:459589:459631 [1] NCCL INFO NET/IB : Made virtual device [1] name=mlx5_5 speed=400000 ndevs=1
MOC-R4PCC04U05:459589:459631 [1] NCCL INFO NET/IB : GPU Direct RDMA Enabled for HCA 0 'mlx5_5'
MOC-R4PCC04U05:459589:459631 [1] NCCL INFO NET/IB : GPU Direct RDMA Enabled for HCA 1 'mlx5_5'
MOC-R4PCC04U05:459591:459634 [3] NCCL INFO NET/IB : GPU Direct RDMA Enabled for HCA 0 'mlx5_5'
MOC-R4PCC04U05:459591:459634 [3] NCCL INFO NET/IB : Made virtual device [1] name=mlx5_5 speed=400000 ndevs=1
MOC-R4PCC04U05:459591:459634 [3] NCCL INFO NET/IB : GPU Direct RDMA Enabled for HCA 0 'mlx5_5'
MOC-R4PCC04U05:459591:459634 [3] NCCL INFO NET/IB : GPU Direct RDMA Enabled for HCA 1 'mlx5_5'
MOC-R4PCC04U05:459588:459630 [0] NCCL INFO NET/IB : GPU Direct RDMA Enabled for HCA 0 'mlx5_5'
MOC-R4PCC04U05:459588:459630 [0] NCCL INFO NET/IB : Made virtual device [1] name=mlx5_5 speed=400000 ndevs=1
MOC-R4PCC04U05:459588:459630 [0] NCCL INFO NET/IB : GPU Direct RDMA Enabled for HCA 0 'mlx5_5'
MOC-R4PCC04U05:459588:459630 [0] NCCL INFO NET/IB : GPU Direct RDMA Enabled for HCA 1 'mlx5_5'
MOC-R4PCC04U05:459589:459631 [1] NCCL INFO NCCL_NET_GDR_LEVEL set by environment to LOC
MOC-R4PCC04U05:459589:459631 [1] NCCL INFO GPU Direct RDMA Disabled for GPU 0 / HCA 1 (distance 5 > 0)
MOC-R4PCC04U05:459589:459631 [1] NCCL INFO GPU Direct RDMA Disabled for GPU 1 / HCA 1 (distance 5 > 0)
MOC-R4PCC04U05:459589:459631 [1] NCCL INFO GPU Direct RDMA Disabled for GPU 2 / HCA 1 (distance 5 > 0)
MOC-R4PCC04U05:459589:459631 [1] NCCL INFO GPU Direct RDMA Disabled for GPU 0 / HCA 1 (distance 5 > 0)
MOC-R4PCC04U05:459589:459631 [1] NCCL INFO GPU Direct RDMA Disabled for GPU 1 / HCA 1 (distance 5 > 0)
MOC-R4PCC04U05:459589:459631 [1] NCCL INFO GPU Direct RDMA Disabled for GPU 2 / HCA 1 (distance 5 > 0)
MOC-R4PCC04U05:459588:459630 [0] NCCL INFO NCCL_NET_GDR_LEVEL set by environment to LOC
MOC-R4PCC04U05:459588:459630 [0] NCCL INFO GPU Direct RDMA Disabled for GPU 0 / HCA 1 (distance 5 > 0)
MOC-R4PCC04U05:459588:459630 [0] NCCL INFO GPU Direct RDMA Disabled for GPU 1 / HCA 1 (distance 5 > 0)
MOC-R4PCC04U05:459588:459630 [0] NCCL INFO GPU Direct RDMA Disabled for GPU 2 / HCA 1 (distance 5 > 0)
MOC-R4PCC04U05:459588:459630 [0] NCCL INFO GPU Direct RDMA Disabled for GPU 0 / HCA 1 (distance 5 > 0)
MOC-R4PCC04U05:459588:459630 [0] NCCL INFO GPU Direct RDMA Disabled for GPU 1 / HCA 1 (distance 5 > 0)
MOC-R4PCC04U05:459588:459630 [0] NCCL INFO GPU Direct RDMA Disabled for GPU 2 / HCA 1 (distance 5 > 0)
MOC-R4PCC04U05:459590:459633 [2] NCCL INFO NCCL_NET_GDR_LEVEL set by environment to LOC
MOC-R4PCC04U05:459590:459633 [2] NCCL INFO GPU Direct RDMA Disabled for GPU 0 / HCA 1 (distance 5 > 0)
MOC-R4PCC04U05:459590:459633 [2] NCCL INFO GPU Direct RDMA Disabled for GPU 1 / HCA 1 (distance 5 > 0)
MOC-R4PCC04U05:459590:459633 [2] NCCL INFO GPU Direct RDMA Disabled for GPU 2 / HCA 1 (distance 5 > 0)
MOC-R4PCC04U05:459590:459633 [2] NCCL INFO GPU Direct RDMA Disabled for GPU 0 / HCA 1 (distance 5 > 0)
MOC-R4PCC04U05:459590:459633 [2] NCCL INFO GPU Direct RDMA Disabled for GPU 1 / HCA 1 (distance 5 > 0)
MOC-R4PCC04U05:459590:459633 [2] NCCL INFO GPU Direct RDMA Disabled for GPU 2 / HCA 1 (distance 5 > 0)
MOC-R4PCC04U05:459591:459634 [3] NCCL INFO NCCL_NET_GDR_LEVEL set by environment to LOC
MOC-R4PCC04U05:459591:459634 [3] NCCL INFO GPU Direct RDMA Disabled for GPU 0 / HCA 1 (distance 5 > 0)
MOC-R4PCC04U05:459591:459634 [3] NCCL INFO GPU Direct RDMA Disabled for GPU 1 / HCA 1 (distance 5 > 0)
MOC-R4PCC04U05:459591:459634 [3] NCCL INFO GPU Direct RDMA Disabled for GPU 2 / HCA 1 (distance 5 > 0)
MOC-R4PCC04U05:459591:459634 [3] NCCL INFO GPU Direct RDMA Disabled for GPU 0 / HCA 1 (distance 5 > 0)
MOC-R4PCC04U05:459591:459634 [3] NCCL INFO GPU Direct RDMA Disabled for GPU 1 / HCA 1 (distance 5 > 0)
MOC-R4PCC04U05:459591:459634 [3] NCCL INFO GPU Direct RDMA Disabled for GPU 2 / HCA 1 (distance 5 > 0)
MOC-R4PCC04U05:459590:459648 [2] NCCL INFO New proxy recv connection 0 from local rank 2, transport 0
MOC-R4PCC04U05:459590:459656 [2] NCCL INFO Connected to proxy localRank 2 -> connection 0x7fdaa0004f30
MOC-R4PCC04U05:459590:459648 [2] NCCL INFO New proxy recv connection 1 from local rank 2, transport 0
MOC-R4PCC04U05:459590:459656 [2] NCCL INFO Connected to proxy localRank 2 -> connection 0x7fdaa0004fa8
MOC-R4PCC04U05:459589:459653 [1] NCCL INFO New proxy recv connection 0 from local rank 1, transport 0
MOC-R4PCC04U05:459589:459657 [1] NCCL INFO Connected to proxy localRank 1 -> connection 0x7f3b88004f30
MOC-R4PCC04U05:459588:459650 [0] NCCL INFO New proxy send connection 0 from local rank 0, transport 0
MOC-R4PCC04U05:459588:459658 [0] NCCL INFO Connected to proxy localRank 0 -> connection 0x7f868c004f30
MOC-R4PCC04U05:459589:459653 [1] NCCL INFO New proxy recv connection 1 from local rank 1, transport 0
MOC-R4PCC04U05:459589:459657 [1] NCCL INFO Connected to proxy localRank 1 -> connection 0x7f3b88004fa8
MOC-R4PCC04U05:459588:459650 [0] NCCL INFO New proxy send connection 1 from local rank 0, transport 0
MOC-R4PCC04U05:459588:459658 [0] NCCL INFO Connected to proxy localRank 0 -> connection 0x7f868c004fa8
MOC-R4PCC04U05:459590:459656 [2] NCCL INFO GPU Direct RDMA Disabled for GPU 2 / HCA 1 (distance 7 > 0)
MOC-R4PCC04U05:459588:459650 [0] NCCL INFO New proxy send connection 2 from local rank 0, transport 0
MOC-R4PCC04U05:459588:459658 [0] NCCL INFO Connected to proxy localRank 0 -> connection 0x7f868c005020
MOC-R4PCC04U05:459588:459650 [0] NCCL INFO New proxy send connection 3 from local rank 0, transport 0
MOC-R4PCC04U05:459588:459658 [0] NCCL INFO Connected to proxy localRank 0 -> connection 0x7f868c005098
MOC-R4PCC04U05:459591:459651 [3] NCCL INFO New proxy recv connection 0 from local rank 3, transport 0
MOC-R4PCC04U05:459591:459659 [3] NCCL INFO Connected to proxy localRank 3 -> connection 0x7f6ac8004f30
MOC-R4PCC04U05:459591:459651 [3] NCCL INFO New proxy recv connection 1 from local rank 3, transport 0
MOC-R4PCC04U05:459591:459659 [3] NCCL INFO Connected to proxy localRank 3 -> connection 0x7f6ac8004fa8
MOC-R4PCC04U05:459591:459659 [3] NCCL INFO GPU Direct RDMA Disabled for GPU 3 / HCA 1 (distance 7 > 0)
MOC-R4PCC04U05:459590:459648 [2] NCCL INFO New proxy recv connection 2 from local rank 2, transport 2
MOC-R4PCC04U05:459590:459656 [2] NCCL INFO Connected to proxy localRank 2 -> connection 0x7fdaa0005020
MOC-R4PCC04U05:459590:459656 [2] NCCL INFO Channel 00/0 : 7[3] -> 2[2] [receive] via NET/IB/1
MOC-R4PCC04U05:459590:459656 [2] NCCL INFO GPU Direct RDMA Disabled for GPU 2 / HCA 1 (distance 7 > 0)
MOC-R4PCC04U05:459590:459648 [2] NCCL INFO New proxy recv connection 3 from local rank 2, transport 2
MOC-R4PCC04U05:459590:459656 [2] NCCL INFO Connected to proxy localRank 2 -> connection 0x7fdaa0005098
MOC-R4PCC04U05:459590:459656 [2] NCCL INFO Channel 02/0 : 7[3] -> 2[2] [receive] via NET/IB/1
MOC-R4PCC04U05:459590:459656 [2] NCCL INFO GPU Direct RDMA Disabled for GPU 2 / HCA 1 (distance 7 > 0)
MOC-R4PCC04U05:459590:459648 [2] NCCL INFO New proxy send connection 4 from local rank 2, transport 2
MOC-R4PCC04U05:459590:459656 [2] NCCL INFO Connected to proxy localRank 2 -> connection 0x7fdaa0005110
MOC-R4PCC04U05:459590:459656 [2] NCCL INFO Channel 01/0 : 2[2] -> 7[3] [send] via NET/IB/1
MOC-R4PCC04U05:459590:459656 [2] NCCL INFO GPU Direct RDMA Disabled for GPU 2 / HCA 1 (distance 7 > 0)
MOC-R4PCC04U05:459590:459648 [2] NCCL INFO New proxy send connection 5 from local rank 2, transport 2
MOC-R4PCC04U05:459590:459656 [2] NCCL INFO Connected to proxy localRank 2 -> connection 0x7fdaa0005188
MOC-R4PCC04U05:459590:459656 [2] NCCL INFO Channel 03/0 : 2[2] -> 7[3] [send] via NET/IB/1
MOC-R4PCC04U05:459590:459648 [2] NCCL INFO New proxy send connection 6 from local rank 2, transport 0
MOC-R4PCC04U05:459590:459656 [2] NCCL INFO Connected to proxy localRank 2 -> connection 0x7fdaa0005200
MOC-R4PCC04U05:459590:459648 [2] NCCL INFO New proxy send connection 7 from local rank 2, transport 0
MOC-R4PCC04U05:459590:459656 [2] NCCL INFO Connected to proxy localRank 2 -> connection 0x7fdaa0005278
MOC-R4PCC04U05:459591:459651 [3] NCCL INFO New proxy send connection 2 from local rank 3, transport 2
MOC-R4PCC04U05:459591:459659 [3] NCCL INFO Connected to proxy localRank 3 -> connection 0x7f6ac8005020
MOC-R4PCC04U05:459591:459659 [3] NCCL INFO Channel 00/0 : 3[3] -> 6[2] [send] via NET/IB/1
MOC-R4PCC04U05:459591:459659 [3] NCCL INFO GPU Direct RDMA Disabled for GPU 3 / HCA 1 (distance 7 > 0)
MOC-R4PCC04U05:459591:459651 [3] NCCL INFO New proxy send connection 3 from local rank 3, transport 2
MOC-R4PCC04U05:459591:459659 [3] NCCL INFO Connected to proxy localRank 3 -> connection 0x7f6ac8005098
MOC-R4PCC04U05:459591:459659 [3] NCCL INFO Channel 02/0 : 3[3] -> 6[2] [send] via NET/IB/1
MOC-R4PCC04U05:459588:459650 [0] NCCL INFO New proxy recv connection 4 from local rank 0, transport 0
MOC-R4PCC04U05:459588:459658 [0] NCCL INFO Connected to proxy localRank 0 -> connection 0x7f868c005110
MOC-R4PCC04U05:459591:459659 [3] NCCL INFO GPU Direct RDMA Disabled for GPU 3 / HCA 1 (distance 7 > 0)
MOC-R4PCC04U05:459591:459651 [3] NCCL INFO New proxy recv connection 4 from local rank 3, transport 2
MOC-R4PCC04U05:459591:459659 [3] NCCL INFO Connected to proxy localRank 3 -> connection 0x7f6ac8005110
MOC-R4PCC04U05:459591:459659 [3] NCCL INFO Channel 01/0 : 6[2] -> 3[3] [receive] via NET/IB/1
MOC-R4PCC04U05:459591:459659 [3] NCCL INFO GPU Direct RDMA Disabled for GPU 3 / HCA 1 (distance 7 > 0)
MOC-R4PCC04U05:459591:459651 [3] NCCL INFO New proxy recv connection 5 from local rank 3, transport 2
MOC-R4PCC04U05:459591:459659 [3] NCCL INFO Connected to proxy localRank 3 -> connection 0x7f6ac8005188
MOC-R4PCC04U05:459591:459659 [3] NCCL INFO Channel 03/0 : 6[2] -> 3[3] [receive] via NET/IB/1
MOC-R4PCC04U05:459591:459651 [3] NCCL INFO New proxy send connection 6 from local rank 3, transport 0
MOC-R4PCC04U05:459591:459659 [3] NCCL INFO Connected to proxy localRank 3 -> connection 0x7f6ac8005200
MOC-R4PCC04U05:459588:459650 [0] NCCL INFO New proxy recv connection 5 from local rank 0, transport 0
MOC-R4PCC04U05:459588:459658 [0] NCCL INFO Connected to proxy localRank 0 -> connection 0x7f868c005188
MOC-R4PCC04U05:459591:459651 [3] NCCL INFO New proxy send connection 7 from local rank 3, transport 0
MOC-R4PCC04U05:459591:459659 [3] NCCL INFO Connected to proxy localRank 3 -> connection 0x7f6ac8005278
MOC-R4PCC04U05:459588:459650 [0] NCCL INFO New proxy recv connection 6 from local rank 0, transport 0
MOC-R4PCC04U05:459588:459658 [0] NCCL INFO Connected to proxy localRank 0 -> connection 0x7f868c005200
MOC-R4PCC04U05:459589:459653 [1] NCCL INFO New proxy recv connection 2 from local rank 1, transport 0
MOC-R4PCC04U05:459589:459657 [1] NCCL INFO Connected to proxy localRank 1 -> connection 0x7f3b88005020
MOC-R4PCC04U05:459588:459650 [0] NCCL INFO New proxy recv connection 7 from local rank 0, transport 0
MOC-R4PCC04U05:459588:459658 [0] NCCL INFO Connected to proxy localRank 0 -> connection 0x7f868c005278
MOC-R4PCC04U05:459588:459650 [0] NCCL INFO New proxy send connection 8 from local rank 3, transport 0
MOC-R4PCC04U05:459591:459659 [3] NCCL INFO Connected to proxy localRank 0 -> connection 0x7f868c0052f0
MOC-R4PCC04U05:459589:459653 [1] NCCL INFO New proxy recv connection 3 from local rank 1, transport 0
MOC-R4PCC04U05:459589:459657 [1] NCCL INFO Connected to proxy localRank 1 -> connection 0x7f3b88005098
MOC-R4PCC04U05:459589:459653 [1] NCCL INFO New proxy send connection 4 from local rank 1, transport 0
MOC-R4PCC04U05:459589:459657 [1] NCCL INFO Connected to proxy localRank 1 -> connection 0x7f3b88005110
MOC-R4PCC04U05:459589:459653 [1] NCCL INFO New proxy send connection 5 from local rank 1, transport 0
MOC-R4PCC04U05:459589:459657 [1] NCCL INFO Connected to proxy localRank 1 -> connection 0x7f3b88005188
MOC-R4PCC04U05:459589:459653 [1] NCCL INFO New proxy send connection 6 from local rank 1, transport 0
MOC-R4PCC04U05:459589:459657 [1] NCCL INFO Connected to proxy localRank 1 -> connection 0x7f3b88005200
MOC-R4PCC04U05:459589:459653 [1] NCCL INFO New proxy send connection 7 from local rank 1, transport 0
MOC-R4PCC04U05:459589:459657 [1] NCCL INFO Connected to proxy localRank 1 -> connection 0x7f3b88005278
MOC-R4PCC04U05:459591:459651 [3] NCCL INFO New proxy send connection 8 from local rank 1, transport 0
MOC-R4PCC04U05:459588:459650 [0] NCCL INFO New proxy send connection 9 from local rank 2, transport 0
MOC-R4PCC04U05:459589:459657 [1] NCCL INFO Connected to proxy localRank 3 -> connection 0x7f6ac80052f0
MOC-R4PCC04U05:459590:459656 [2] NCCL INFO Connected to proxy localRank 0 -> connection 0x7f868c005368
MOC-R4PCC04U05:459590:459648 [2] NCCL INFO New proxy send connection 8 from local rank 0, transport 0
MOC-R4PCC04U05:459588:459658 [0] NCCL INFO Connected to proxy localRank 2 -> connection 0x7fdaa00052f0
MOC-R4PCC04U05:459589:459653 [1] NCCL INFO New proxy send connection 8 from local rank 3, transport 0
MOC-R4PCC04U05:459591:459659 [3] NCCL INFO Connected to proxy localRank 1 -> connection 0x7f3b880052f0
MOC-R4PCC04U05:459591:459651 [3] NCCL INFO New proxy send connection 9 from local rank 0, transport 0
MOC-R4PCC04U05:459589:459653 [1] NCCL INFO New proxy send connection 9 from local rank 2, transport 0
MOC-R4PCC04U05:459588:459658 [0] NCCL INFO Connected to proxy localRank 3 -> connection 0x7f6ac8005368
MOC-R4PCC04U05:459590:459656 [2] NCCL INFO Connected to proxy localRank 1 -> connection 0x7f3b88005368
MOC-R4PCC04U05:459590:459648 [2] NCCL INFO NET/IB: NCCL Dev 1 IbDev 0 Port 1 qpn 6882 mtu 3 query_ece={supported=1, vendor_id=0x15b3, options=0x30000002, comp_mask=0x0} GID 3 (0/C132A8C0FFFF0000) fifoRkey=0x17cb8a fifoLkey=0x17cb8a
MOC-R4PCC04U05:459590:459648 [2] NCCL INFO NET/IB: NCCL Dev 1 IbDev 0 Port 1 qpn 6883 mtu 3 query_ece={supported=1, vendor_id=0x15b3, options=0x30000002, comp_mask=0x0} GID 3 (0/C132A8C0FFFF0000) fifoRkey=0x179c5b fifoLkey=0x179c5b
MOC-R4PCC04U05:459591:459651 [3] NCCL INFO NET/IB: NCCL Dev 1 IbDev 0 Port 1 qpn 6884 mtu 3 query_ece={supported=1, vendor_id=0x15b3, options=0x30000002, comp_mask=0x0} GID 3 (0/C132A8C0FFFF0000) fifoRkey=0x172eed fifoLkey=0x172eed
MOC-R4PCC04U05:459591:459651 [3] NCCL INFO NET/IB: NCCL Dev 1 IbDev 0 Port 1 qpn 6885 mtu 3 query_ece={supported=1, vendor_id=0x15b3, options=0x30000002, comp_mask=0x0} GID 3 (0/C132A8C0FFFF0000) fifoRkey=0x17904f fifoLkey=0x17904f
MOC-R4PCC04U05:459591:459651 [3] NCCL INFO NET/IB: IbDev 0 Port 1 qpn 7120 set_ece={supported=1, vendor_id=0x15b3, options=0x0, comp_mask=0x0}
MOC-R4PCC04U05:459591:459651 [3] NCCL INFO NET/IB: IbDev 0 Port 1 qpn 7122 set_ece={supported=1, vendor_id=0x15b3, options=0x0, comp_mask=0x0}
MOC-R4PCC04U05:459588:459650 [0] NCCL INFO New proxy send connection 10 from local rank 1, transport 0
MOC-R4PCC04U05:459589:459657 [1] NCCL INFO Connected to proxy localRank 0 -> connection 0x7f868c0053e0
MOC-R4PCC04U05:459590:459648 [2] NCCL INFO NET/IB: IbDev 0 Port 1 qpn 7126 set_ece={supported=1, vendor_id=0x15b3, options=0x0, comp_mask=0x0}
MOC-R4PCC04U05:459590:459648 [2] NCCL INFO NET/IB: IbDev 0 Port 1 qpn 7128 set_ece={supported=1, vendor_id=0x15b3, options=0x0, comp_mask=0x0}
MOC-R4PCC04U05:459590:459648 [2] NCCL INFO New proxy send connection 9 from local rank 1, transport 0
MOC-R4PCC04U05:459589:459657 [1] NCCL INFO Connected to proxy localRank 2 -> connection 0x7fdaa0005368
MOC-R4PCC04U05:459589:459653 [1] NCCL INFO New proxy send connection 10 from local rank 0, transport 0
MOC-R4PCC04U05:459588:459658 [0] NCCL INFO Connected to proxy localRank 1 -> connection 0x7f3b880053e0
num decayed parameter tensors: 50, with 124,318,464 parameters
num non-decayed parameter tensors: 98, with 121,344 parameters
using fused AdamW: False
using regular AdamW
MOC-R4PCC04U05:459589:459653 [1] NCCL INFO New proxy recv connection 11 from local rank 1, transport 0
MOC-R4PCC04U05:459589:460350 [1] NCCL INFO Connected to proxy localRank 1 -> connection 0x7f3b88005458
MOC-R4PCC04U05:459589:459653 [1] NCCL INFO New proxy recv connection 12 from local rank 1, transport 0
MOC-R4PCC04U05:459589:460350 [1] NCCL INFO Connected to proxy localRank 1 -> connection 0x7f3b880054d0
MOC-R4PCC04U05:459589:459653 [1] NCCL INFO New proxy recv connection 13 from local rank 1, transport 0
MOC-R4PCC04U05:459589:460350 [1] NCCL INFO Connected to proxy localRank 1 -> connection 0x7f3b88005548
MOC-R4PCC04U05:459589:459653 [1] NCCL INFO New proxy recv connection 14 from local rank 1, transport 0
MOC-R4PCC04U05:459589:460350 [1] NCCL INFO Connected to proxy localRank 1 -> connection 0x7f3b880055c0
MOC-R4PCC04U05:459589:459653 [1] NCCL INFO New proxy send connection 15 from local rank 1, transport 0
MOC-R4PCC04U05:459589:460350 [1] NCCL INFO Connected to proxy localRank 1 -> connection 0x7f3b88005638
MOC-R4PCC04U05:459589:459653 [1] NCCL INFO New proxy send connection 16 from local rank 1, transport 0
MOC-R4PCC04U05:459589:460350 [1] NCCL INFO Connected to proxy localRank 1 -> connection 0x7f3b880056b0
MOC-R4PCC04U05:459589:459653 [1] NCCL INFO New proxy send connection 17 from local rank 1, transport 0
MOC-R4PCC04U05:459589:460350 [1] NCCL INFO Connected to proxy localRank 1 -> connection 0x7f3b88005728
MOC-R4PCC04U05:459589:459653 [1] NCCL INFO New proxy send connection 18 from local rank 1, transport 0
MOC-R4PCC04U05:459589:460350 [1] NCCL INFO Connected to proxy localRank 1 -> connection 0x7f3b880057a0
MOC-R4PCC04U05:459588:459650 [0] NCCL INFO New proxy send connection 11 from local rank 0, transport 0
MOC-R4PCC04U05:459588:460351 [0] NCCL INFO Connected to proxy localRank 0 -> connection 0x7f868c005458
MOC-R4PCC04U05:459588:459650 [0] NCCL INFO New proxy send connection 12 from local rank 0, transport 0
MOC-R4PCC04U05:459588:460351 [0] NCCL INFO Connected to proxy localRank 0 -> connection 0x7f868c0054d0
MOC-R4PCC04U05:459588:459650 [0] NCCL INFO New proxy send connection 13 from local rank 0, transport 0
MOC-R4PCC04U05:459588:460351 [0] NCCL INFO Connected to proxy localRank 0 -> connection 0x7f868c005548
MOC-R4PCC04U05:459588:459650 [0] NCCL INFO New proxy send connection 14 from local rank 0, transport 0
MOC-R4PCC04U05:459588:460351 [0] NCCL INFO Connected to proxy localRank 0 -> connection 0x7f868c0055c0
MOC-R4PCC04U05:459588:459650 [0] NCCL INFO New proxy send connection 15 from local rank 0, transport 0
MOC-R4PCC04U05:459588:460351 [0] NCCL INFO Connected to proxy localRank 0 -> connection 0x7f868c005638
MOC-R4PCC04U05:459588:459650 [0] NCCL INFO New proxy send connection 16 from local rank 0, transport 0
MOC-R4PCC04U05:459588:460351 [0] NCCL INFO Connected to proxy localRank 0 -> connection 0x7f868c0056b0
MOC-R4PCC04U05:459591:459651 [3] NCCL INFO New proxy recv connection 10 from local rank 3, transport 0
MOC-R4PCC04U05:459591:460352 [3] NCCL INFO Connected to proxy localRank 3 -> connection 0x7f6ac80053e0
MOC-R4PCC04U05:459591:459651 [3] NCCL INFO New proxy recv connection 11 from local rank 3, transport 0
MOC-R4PCC04U05:459591:460352 [3] NCCL INFO Connected to proxy localRank 3 -> connection 0x7f6ac8005458
MOC-R4PCC04U05:459588:459650 [0] NCCL INFO New proxy recv connection 17 from local rank 0, transport 0
MOC-R4PCC04U05:459591:460352 [3] NCCL INFO GPU Direct RDMA Disabled for GPU 3 / HCA 1 (distance 7 > 0)
MOC-R4PCC04U05:459588:460351 [0] NCCL INFO Connected to proxy localRank 0 -> connection 0x7f868c005728
MOC-R4PCC04U05:459591:459651 [3] NCCL INFO New proxy recv connection 12 from local rank 3, transport 2
MOC-R4PCC04U05:459591:460352 [3] NCCL INFO Connected to proxy localRank 3 -> connection 0x7f6ac80054d0
MOC-R4PCC04U05:459591:460352 [3] NCCL INFO Channel 00/0 : 7[3] -> 3[3] [receive] via NET/IB/1
MOC-R4PCC04U05:459591:460352 [3] NCCL INFO GPU Direct RDMA Disabled for GPU 3 / HCA 1 (distance 7 > 0)
MOC-R4PCC04U05:459591:459651 [3] NCCL INFO New proxy recv connection 13 from local rank 3, transport 2
MOC-R4PCC04U05:459591:460352 [3] NCCL INFO Connected to proxy localRank 3 -> connection 0x7f6ac8005548
MOC-R4PCC04U05:459588:459650 [0] NCCL INFO New proxy recv connection 18 from local rank 0, transport 0
MOC-R4PCC04U05:459588:460351 [0] NCCL INFO Connected to proxy localRank 0 -> connection 0x7f868c0057a0
MOC-R4PCC04U05:459591:460352 [3] NCCL INFO Channel 01/0 : 7[3] -> 3[3] [receive] via NET/IB/1
MOC-R4PCC04U05:459591:460352 [3] NCCL INFO GPU Direct RDMA Disabled for GPU 3 / HCA 1 (distance 7 > 0)
MOC-R4PCC04U05:459591:459651 [3] NCCL INFO New proxy recv connection 14 from local rank 3, transport 2
MOC-R4PCC04U05:459591:460352 [3] NCCL INFO Connected to proxy localRank 3 -> connection 0x7f6ac80055c0
MOC-R4PCC04U05:459591:460352 [3] NCCL INFO Channel 02/0 : 7[3] -> 3[3] [receive] via NET/IB/1
MOC-R4PCC04U05:459591:460352 [3] NCCL INFO GPU Direct RDMA Disabled for GPU 3 / HCA 1 (distance 7 > 0)
MOC-R4PCC04U05:459591:459651 [3] NCCL INFO New proxy recv connection 15 from local rank 3, transport 2
MOC-R4PCC04U05:459591:460352 [3] NCCL INFO Connected to proxy localRank 3 -> connection 0x7f6ac8005638
MOC-R4PCC04U05:459588:459650 [0] NCCL INFO New proxy recv connection 19 from local rank 0, transport 0
MOC-R4PCC04U05:459588:460351 [0] NCCL INFO Connected to proxy localRank 0 -> connection 0x7f868c005818
MOC-R4PCC04U05:459591:460352 [3] NCCL INFO Channel 03/0 : 7[3] -> 3[3] [receive] via NET/IB/1
MOC-R4PCC04U05:459591:460352 [3] NCCL INFO GPU Direct RDMA Disabled for GPU 3 / HCA 1 (distance 7 > 0)
MOC-R4PCC04U05:459591:459651 [3] NCCL INFO New proxy send connection 16 from local rank 3, transport 2
MOC-R4PCC04U05:459591:460352 [3] NCCL INFO Connected to proxy localRank 3 -> connection 0x7f6ac80056b0
MOC-R4PCC04U05:459591:460352 [3] NCCL INFO Channel 00/0 : 3[3] -> 7[3] [send] via NET/IB/1
MOC-R4PCC04U05:459591:460352 [3] NCCL INFO GPU Direct RDMA Disabled for GPU 3 / HCA 1 (distance 7 > 0)
MOC-R4PCC04U05:459591:459651 [3] NCCL INFO New proxy send connection 17 from local rank 3, transport 2
MOC-R4PCC04U05:459591:460352 [3] NCCL INFO Connected to proxy localRank 3 -> connection 0x7f6ac8005728
MOC-R4PCC04U05:459588:459650 [0] NCCL INFO New proxy recv connection 20 from local rank 0, transport 0
MOC-R4PCC04U05:459591:460352 [3] NCCL INFO Channel 01/0 : 3[3] -> 7[3] [send] via NET/IB/1
MOC-R4PCC04U05:459591:460352 [3] NCCL INFO GPU Direct RDMA Disabled for GPU 3 / HCA 1 (distance 7 > 0)
MOC-R4PCC04U05:459588:460351 [0] NCCL INFO Connected to proxy localRank 0 -> connection 0x7f868c005890
MOC-R4PCC04U05:459591:459651 [3] NCCL INFO New proxy send connection 18 from local rank 3, transport 2
MOC-R4PCC04U05:459591:460352 [3] NCCL INFO Connected to proxy localRank 3 -> connection 0x7f6ac80057a0
MOC-R4PCC04U05:459591:460352 [3] NCCL INFO Channel 02/0 : 3[3] -> 7[3] [send] via NET/IB/1
MOC-R4PCC04U05:459591:460352 [3] NCCL INFO GPU Direct RDMA Disabled for GPU 3 / HCA 1 (distance 7 > 0)
MOC-R4PCC04U05:459591:459651 [3] NCCL INFO New proxy send connection 19 from local rank 3, transport 2
MOC-R4PCC04U05:459591:460352 [3] NCCL INFO Connected to proxy localRank 3 -> connection 0x7f6ac8005818
MOC-R4PCC04U05:459591:460352 [3] NCCL INFO Channel 03/0 : 3[3] -> 7[3] [send] via NET/IB/1
MOC-R4PCC04U05:459591:459651 [3] NCCL INFO New proxy send connection 20 from local rank 3, transport 0
MOC-R4PCC04U05:459591:460352 [3] NCCL INFO Connected to proxy localRank 3 -> connection 0x7f6ac8005890
MOC-R4PCC04U05:459591:459651 [3] NCCL INFO New proxy send connection 21 from local rank 3, transport 0
MOC-R4PCC04U05:459591:460352 [3] NCCL INFO Connected to proxy localRank 3 -> connection 0x7f6ac8005908
MOC-R4PCC04U05:459591:459651 [3] NCCL INFO New proxy send connection 22 from local rank 3, transport 0
MOC-R4PCC04U05:459591:460352 [3] NCCL INFO Connected to proxy localRank 3 -> connection 0x7f6ac8005980
MOC-R4PCC04U05:459591:459651 [3] NCCL INFO New proxy send connection 23 from local rank 3, transport 0
MOC-R4PCC04U05:459591:460352 [3] NCCL INFO Connected to proxy localRank 3 -> connection 0x7f6ac80059f8
MOC-R4PCC04U05:459591:459651 [3] NCCL INFO NET/IB: NCCL Dev 1 IbDev 0 Port 1 qpn 6890 mtu 3 query_ece={supported=1, vendor_id=0x15b3, options=0x30000002, comp_mask=0x0} GID 3 (0/C132A8C0FFFF0000) fifoRkey=0x1722e1 fifoLkey=0x1722e1
MOC-R4PCC04U05:459590:459648 [2] NCCL INFO New proxy recv connection 10 from local rank 2, transport 0
MOC-R4PCC04U05:459590:460353 [2] NCCL INFO Connected to proxy localRank 2 -> connection 0x7fdaa00053e0
MOC-R4PCC04U05:459590:459648 [2] NCCL INFO New proxy recv connection 11 from local rank 2, transport 0
MOC-R4PCC04U05:459590:460353 [2] NCCL INFO Connected to proxy localRank 2 -> connection 0x7fdaa0005458
MOC-R4PCC04U05:459590:459648 [2] NCCL INFO New proxy recv connection 12 from local rank 2, transport 0
MOC-R4PCC04U05:459590:460353 [2] NCCL INFO Connected to proxy localRank 2 -> connection 0x7fdaa00054d0
MOC-R4PCC04U05:459591:459651 [3] NCCL INFO NET/IB: IbDev 0 Port 1 qpn 7131 set_ece={supported=1, vendor_id=0x15b3, options=0x0, comp_mask=0x0}
MOC-R4PCC04U05:459590:459648 [2] NCCL INFO New proxy recv connection 13 from local rank 2, transport 0
MOC-R4PCC04U05:459590:460353 [2] NCCL INFO Connected to proxy localRank 2 -> connection 0x7fdaa0005548
MOC-R4PCC04U05:459590:459648 [2] NCCL INFO New proxy send connection 14 from local rank 2, transport 0
MOC-R4PCC04U05:459590:460353 [2] NCCL INFO Connected to proxy localRank 2 -> connection 0x7fdaa00055c0
MOC-R4PCC04U05:459590:459648 [2] NCCL INFO New proxy send connection 15 from local rank 2, transport 0
MOC-R4PCC04U05:459590:460353 [2] NCCL INFO Connected to proxy localRank 2 -> connection 0x7fdaa0005638
MOC-R4PCC04U05:459589:459653 [1] NCCL INFO New proxy recv connection 19 from local rank 1, transport 0
MOC-R4PCC04U05:459589:460350 [1] NCCL INFO Connected to proxy localRank 1 -> connection 0x7f3b88005818
MOC-R4PCC04U05:459589:459653 [1] NCCL INFO New proxy recv connection 20 from local rank 1, transport 0
MOC-R4PCC04U05:459589:460350 [1] NCCL INFO Connected to proxy localRank 1 -> connection 0x7f3b88005890
MOC-R4PCC04U05:459591:459651 [3] NCCL INFO NET/IB: NCCL Dev 1 IbDev 0 Port 1 qpn 6893 mtu 3 query_ece={supported=1, vendor_id=0x15b3, options=0x30000002, comp_mask=0x0} GID 3 (0/C132A8C0FFFF0000) fifoRkey=0x17bf7e fifoLkey=0x17bf7e
MOC-R4PCC04U05:459591:459651 [3] NCCL INFO NET/IB: IbDev 0 Port 1 qpn 7133 set_ece={supported=1, vendor_id=0x15b3, options=0x0, comp_mask=0x0}
MOC-R4PCC04U05:459591:459651 [3] NCCL INFO NET/IB: NCCL Dev 1 IbDev 0 Port 1 qpn 6896 mtu 3 query_ece={supported=1, vendor_id=0x15b3, options=0x30000002, comp_mask=0x0} GID 3 (0/C132A8C0FFFF0000) fifoRkey=0x17e2a1 fifoLkey=0x17e2a1
MOC-R4PCC04U05:459591:459651 [3] NCCL INFO NET/IB: NCCL Dev 1 IbDev 0 Port 1 qpn 6899 mtu 3 query_ece={supported=1, vendor_id=0x15b3, options=0x30000002, comp_mask=0x0} GID 3 (0/C132A8C0FFFF0000) fifoRkey=0x17fdbc fifoLkey=0x17fdbc
MOC-R4PCC04U05:459591:459651 [3] NCCL INFO NET/IB: IbDev 0 Port 1 qpn 7138 set_ece={supported=1, vendor_id=0x15b3, options=0x0, comp_mask=0x0}
MOC-R4PCC04U05:459591:459651 [3] NCCL INFO NET/IB: IbDev 0 Port 1 qpn 7140 set_ece={supported=1, vendor_id=0x15b3, options=0x0, comp_mask=0x0}
step    1/10 | train loss 11.009807 | norm 15.3616 | lr 1.00e-04 | (13638.56 ms | 153766 tok/s)
step    2/10 | train loss 10.138538 | norm 5.7423 | lr 1.00e-04 | (628.40 ms | 3337284 tok/s)
step    3/10 | train loss 9.797909 | norm 2.6066 | lr 1.00e-04 | (663.26 ms | 3161886 tok/s)
step    4/10 | train loss 9.628576 | norm 2.1114 | lr 1.00e-04 | (635.70 ms | 3298941 tok/s)
step    5/10 | train loss 9.545595 | norm 2.1044 | lr 1.00e-04 | (632.73 ms | 3314476 tok/s)
step    6/10 | train loss 9.464417 | norm 1.9969 | lr 1.00e-04 | (642.39 ms | 3264593 tok/s)
step    7/10 | train loss 9.378771 | norm 1.9478 | lr 1.00e-04 | (633.15 ms | 3312277 tok/s)
step    8/10 | train loss 9.286814 | norm 1.9138 | lr 1.00e-04 | (634.83 ms | 3303487 tok/s)
step    9/10 | train loss 9.191313 | norm 1.8553 | lr 1.00e-04 | (659.69 ms | 3178983 tok/s)
step   10/10 | train loss 9.107035 | norm 1.7972 | lr 1.00e-04 | (635.58 ms | 3299570 tok/s)
final 9 iters avg: 640.637ms
peak memory consumption: 16601 MiB
