Running pytorch 2.7.0+cu126
using device: cuda:0
total desired batch size: 3670016
=> calculated gradient accumulation steps: 7
using device: cuda:1
using device: cuda:3
using device: cuda:2
compiling the model...
DataLoader: total number of tokens: 1,661,249,667 across 103 files
MOC-R4PCC04U05:667961:667961 [0] NCCL INFO NCCL_SOCKET_IFNAME set to eno7np0
MOC-R4PCC04U05:667961:667961 [0] NCCL INFO NCCL version 2.26.2+cuda12.2
MOC-R4PCC04U05:667962:667962 [1] NCCL INFO NCCL_SOCKET_IFNAME set to eno7np0
MOC-R4PCC04U05:667962:667962 [1] NCCL INFO NCCL version 2.26.2+cuda12.2
MOC-R4PCC04U05:667964:667964 [3] NCCL INFO NCCL_SOCKET_IFNAME set to eno7np0
MOC-R4PCC04U05:667964:667964 [3] NCCL INFO NCCL version 2.26.2+cuda12.2
MOC-R4PCC04U05:667963:667963 [2] NCCL INFO NCCL_SOCKET_IFNAME set to eno7np0
MOC-R4PCC04U05:667963:667963 [2] NCCL INFO NCCL version 2.26.2+cuda12.2
MOC-R4PCC04U05:667961:668087 [0] NCCL INFO NET/Plugin: Could not find: libnccl-net.so. Using internal net plugin.
MOC-R4PCC04U05:667961:668087 [0] NCCL INFO NET/Socket : Using [0]eno7np0:192.168.50.193<0>
MOC-R4PCC04U05:667962:668088 [1] NCCL INFO NET/Plugin: Could not find: libnccl-net.so. Using internal net plugin.
MOC-R4PCC04U05:667962:668088 [1] NCCL INFO NET/Socket : Using [0]eno7np0:192.168.50.193<0>
MOC-R4PCC04U05:667964:668089 [3] NCCL INFO NET/Plugin: Could not find: libnccl-net.so. Using internal net plugin.
MOC-R4PCC04U05:667964:668089 [3] NCCL INFO NET/Socket : Using [0]eno7np0:192.168.50.193<0>
MOC-R4PCC04U05:667963:668090 [2] NCCL INFO NET/Plugin: Could not find: libnccl-net.so. Using internal net plugin.
MOC-R4PCC04U05:667963:668090 [2] NCCL INFO NET/Socket : Using [0]eno7np0:192.168.50.193<0>
MOC-R4PCC04U05:667963:668090 [2] NCCL INFO NET/Socket : GPU Direct RDMA Disabled for HCA 0 'eno7np0'
MOC-R4PCC04U05:667961:668087 [0] NCCL INFO NET/Socket : GPU Direct RDMA Disabled for HCA 0 'eno7np0'
MOC-R4PCC04U05:667964:668089 [3] NCCL INFO NET/Socket : GPU Direct RDMA Disabled for HCA 0 'eno7np0'
MOC-R4PCC04U05:667962:668088 [1] NCCL INFO NET/Socket : GPU Direct RDMA Disabled for HCA 0 'eno7np0'
MOC-R4PCC04U05:667961:668101 [0] NCCL INFO New proxy send connection 0 from local rank 0, transport 0
MOC-R4PCC04U05:667961:668109 [0] NCCL INFO Connected to proxy localRank 0 -> connection 0x7ff3ec004f30
MOC-R4PCC04U05:667961:668101 [0] NCCL INFO New proxy send connection 1 from local rank 0, transport 0
MOC-R4PCC04U05:667961:668109 [0] NCCL INFO Connected to proxy localRank 0 -> connection 0x7ff3ec004fa8
MOC-R4PCC04U05:667962:668106 [1] NCCL INFO New proxy recv connection 0 from local rank 1, transport 0
MOC-R4PCC04U05:667962:668111 [1] NCCL INFO Connected to proxy localRank 1 -> connection 0x7fc950004f30
MOC-R4PCC04U05:667964:668102 [3] NCCL INFO New proxy recv connection 0 from local rank 3, transport 0
MOC-R4PCC04U05:667964:668110 [3] NCCL INFO Connected to proxy localRank 3 -> connection 0x7fbe48004f30
MOC-R4PCC04U05:667964:668102 [3] NCCL INFO New proxy recv connection 1 from local rank 3, transport 0
MOC-R4PCC04U05:667964:668110 [3] NCCL INFO Connected to proxy localRank 3 -> connection 0x7fbe48004fa8
MOC-R4PCC04U05:667962:668106 [1] NCCL INFO New proxy recv connection 1 from local rank 1, transport 0
MOC-R4PCC04U05:667962:668111 [1] NCCL INFO Connected to proxy localRank 1 -> connection 0x7fc950004fa8
MOC-R4PCC04U05:667963:668105 [2] NCCL INFO New proxy recv connection 0 from local rank 2, transport 0
MOC-R4PCC04U05:667963:668112 [2] NCCL INFO Connected to proxy localRank 2 -> connection 0x7fe134004f30
MOC-R4PCC04U05:667963:668105 [2] NCCL INFO New proxy recv connection 1 from local rank 2, transport 0
MOC-R4PCC04U05:667963:668112 [2] NCCL INFO Connected to proxy localRank 2 -> connection 0x7fe134004fa8
MOC-R4PCC04U05:667961:668101 [0] NCCL INFO New proxy send connection 2 from local rank 0, transport 0
MOC-R4PCC04U05:667961:668109 [0] NCCL INFO Connected to proxy localRank 0 -> connection 0x7ff3ec005020
MOC-R4PCC04U05:667961:668101 [0] NCCL INFO New proxy send connection 3 from local rank 0, transport 0
MOC-R4PCC04U05:667961:668109 [0] NCCL INFO Connected to proxy localRank 0 -> connection 0x7ff3ec005098
MOC-R4PCC04U05:667964:668102 [3] NCCL INFO New proxy send connection 2 from local rank 3, transport 2
MOC-R4PCC04U05:667964:668110 [3] NCCL INFO Connected to proxy localRank 3 -> connection 0x7fbe48005020
MOC-R4PCC04U05:667964:668110 [3] NCCL INFO Channel 00/0 : 3[3] -> 6[2] [send] via NET/Socket/0
MOC-R4PCC04U05:667964:668102 [3] NCCL INFO New proxy send connection 3 from local rank 3, transport 2
MOC-R4PCC04U05:667964:668110 [3] NCCL INFO Connected to proxy localRank 3 -> connection 0x7fbe48005098
MOC-R4PCC04U05:667964:668110 [3] NCCL INFO Channel 02/0 : 3[3] -> 6[2] [send] via NET/Socket/0
MOC-R4PCC04U05:667961:668101 [0] NCCL INFO New proxy recv connection 4 from local rank 0, transport 0
MOC-R4PCC04U05:667961:668109 [0] NCCL INFO Connected to proxy localRank 0 -> connection 0x7ff3ec005110
MOC-R4PCC04U05:667963:668105 [2] NCCL INFO New proxy recv connection 2 from local rank 2, transport 2
MOC-R4PCC04U05:667963:668112 [2] NCCL INFO Connected to proxy localRank 2 -> connection 0x7fe134005020
MOC-R4PCC04U05:667963:668112 [2] NCCL INFO Channel 00/0 : 15[3] -> 2[2] [receive] via NET/Socket/0
MOC-R4PCC04U05:667963:668105 [2] NCCL INFO New proxy recv connection 3 from local rank 2, transport 2
MOC-R4PCC04U05:667963:668112 [2] NCCL INFO Connected to proxy localRank 2 -> connection 0x7fe134005098
MOC-R4PCC04U05:667963:668112 [2] NCCL INFO Channel 02/0 : 15[3] -> 2[2] [receive] via NET/Socket/0
MOC-R4PCC04U05:667963:668105 [2] NCCL INFO New proxy send connection 4 from local rank 2, transport 2
MOC-R4PCC04U05:667963:668112 [2] NCCL INFO Connected to proxy localRank 2 -> connection 0x7fe134005110
MOC-R4PCC04U05:667963:668112 [2] NCCL INFO Channel 01/0 : 2[2] -> 7[3] [send] via NET/Socket/0
MOC-R4PCC04U05:667963:668105 [2] NCCL INFO New proxy send connection 5 from local rank 2, transport 2
MOC-R4PCC04U05:667963:668112 [2] NCCL INFO Connected to proxy localRank 2 -> connection 0x7fe134005188
MOC-R4PCC04U05:667963:668112 [2] NCCL INFO Channel 03/0 : 2[2] -> 7[3] [send] via NET/Socket/0
MOC-R4PCC04U05:667961:668101 [0] NCCL INFO New proxy recv connection 5 from local rank 0, transport 0
MOC-R4PCC04U05:667961:668109 [0] NCCL INFO Connected to proxy localRank 0 -> connection 0x7ff3ec005188
MOC-R4PCC04U05:667961:668101 [0] NCCL INFO New proxy recv connection 6 from local rank 0, transport 0
MOC-R4PCC04U05:667961:668109 [0] NCCL INFO Connected to proxy localRank 0 -> connection 0x7ff3ec005200
MOC-R4PCC04U05:667961:668101 [0] NCCL INFO New proxy recv connection 7 from local rank 0, transport 0
MOC-R4PCC04U05:667961:668109 [0] NCCL INFO Connected to proxy localRank 0 -> connection 0x7ff3ec005278
MOC-R4PCC04U05:667964:668102 [3] NCCL INFO New proxy recv connection 4 from local rank 3, transport 2
MOC-R4PCC04U05:667964:668110 [3] NCCL INFO Connected to proxy localRank 3 -> connection 0x7fbe48005110
MOC-R4PCC04U05:667964:668110 [3] NCCL INFO Channel 01/0 : 14[2] -> 3[3] [receive] via NET/Socket/0
MOC-R4PCC04U05:667964:668102 [3] NCCL INFO New proxy recv connection 5 from local rank 3, transport 2
MOC-R4PCC04U05:667964:668110 [3] NCCL INFO Connected to proxy localRank 3 -> connection 0x7fbe48005188
MOC-R4PCC04U05:667964:668110 [3] NCCL INFO Channel 03/0 : 14[2] -> 3[3] [receive] via NET/Socket/0
MOC-R4PCC04U05:667964:668102 [3] NCCL INFO New proxy send connection 6 from local rank 3, transport 0
MOC-R4PCC04U05:667964:668110 [3] NCCL INFO Connected to proxy localRank 3 -> connection 0x7fbe48005200
MOC-R4PCC04U05:667964:668102 [3] NCCL INFO New proxy send connection 7 from local rank 3, transport 0
MOC-R4PCC04U05:667964:668110 [3] NCCL INFO Connected to proxy localRank 3 -> connection 0x7fbe48005278
MOC-R4PCC04U05:667963:668105 [2] NCCL INFO New proxy send connection 6 from local rank 2, transport 0
MOC-R4PCC04U05:667963:668112 [2] NCCL INFO Connected to proxy localRank 2 -> connection 0x7fe134005200
MOC-R4PCC04U05:667961:668101 [0] NCCL INFO New proxy send connection 8 from local rank 3, transport 0
MOC-R4PCC04U05:667964:668110 [3] NCCL INFO Connected to proxy localRank 0 -> connection 0x7ff3ec0052f0
MOC-R4PCC04U05:667962:668106 [1] NCCL INFO New proxy recv connection 2 from local rank 1, transport 0
MOC-R4PCC04U05:667962:668111 [1] NCCL INFO Connected to proxy localRank 1 -> connection 0x7fc950005020
MOC-R4PCC04U05:667963:668105 [2] NCCL INFO New proxy send connection 7 from local rank 2, transport 0
MOC-R4PCC04U05:667963:668112 [2] NCCL INFO Connected to proxy localRank 2 -> connection 0x7fe134005278
MOC-R4PCC04U05:667962:668106 [1] NCCL INFO New proxy recv connection 3 from local rank 1, transport 0
MOC-R4PCC04U05:667962:668111 [1] NCCL INFO Connected to proxy localRank 1 -> connection 0x7fc950005098
MOC-R4PCC04U05:667962:668106 [1] NCCL INFO New proxy send connection 4 from local rank 1, transport 0
MOC-R4PCC04U05:667962:668111 [1] NCCL INFO Connected to proxy localRank 1 -> connection 0x7fc950005110
MOC-R4PCC04U05:667962:668106 [1] NCCL INFO New proxy send connection 5 from local rank 1, transport 0
MOC-R4PCC04U05:667962:668111 [1] NCCL INFO Connected to proxy localRank 1 -> connection 0x7fc950005188
MOC-R4PCC04U05:667962:668106 [1] NCCL INFO New proxy send connection 6 from local rank 1, transport 0
MOC-R4PCC04U05:667962:668111 [1] NCCL INFO Connected to proxy localRank 1 -> connection 0x7fc950005200
MOC-R4PCC04U05:667962:668106 [1] NCCL INFO New proxy send connection 7 from local rank 1, transport 0
MOC-R4PCC04U05:667962:668111 [1] NCCL INFO Connected to proxy localRank 1 -> connection 0x7fc950005278
MOC-R4PCC04U05:667961:668101 [0] NCCL INFO New proxy send connection 9 from local rank 2, transport 0
MOC-R4PCC04U05:667963:668112 [2] NCCL INFO Connected to proxy localRank 0 -> connection 0x7ff3ec005368
MOC-R4PCC04U05:667963:668105 [2] NCCL INFO New proxy send connection 8 from local rank 0, transport 0
MOC-R4PCC04U05:667961:668109 [0] NCCL INFO Connected to proxy localRank 2 -> connection 0x7fe1340052f0
MOC-R4PCC04U05:667964:668102 [3] NCCL INFO New proxy send connection 8 from local rank 1, transport 0
MOC-R4PCC04U05:667962:668111 [1] NCCL INFO Connected to proxy localRank 3 -> connection 0x7fbe480052f0
MOC-R4PCC04U05:667962:668106 [1] NCCL INFO New proxy send connection 8 from local rank 3, transport 0
MOC-R4PCC04U05:667964:668110 [3] NCCL INFO Connected to proxy localRank 1 -> connection 0x7fc9500052f0
MOC-R4PCC04U05:667962:668106 [1] NCCL INFO New proxy send connection 9 from local rank 2, transport 0
MOC-R4PCC04U05:667963:668112 [2] NCCL INFO Connected to proxy localRank 1 -> connection 0x7fc950005368
MOC-R4PCC04U05:667964:668102 [3] NCCL INFO New proxy send connection 9 from local rank 0, transport 0
MOC-R4PCC04U05:667961:668109 [0] NCCL INFO Connected to proxy localRank 3 -> connection 0x7fbe48005368
MOC-R4PCC04U05:667961:668101 [0] NCCL INFO New proxy send connection 10 from local rank 1, transport 0
MOC-R4PCC04U05:667962:668111 [1] NCCL INFO Connected to proxy localRank 0 -> connection 0x7ff3ec0053e0
MOC-R4PCC04U05:667963:668105 [2] NCCL INFO New proxy send connection 9 from local rank 1, transport 0
MOC-R4PCC04U05:667962:668111 [1] NCCL INFO Connected to proxy localRank 2 -> connection 0x7fe134005368
MOC-R4PCC04U05:667962:668106 [1] NCCL INFO New proxy send connection 10 from local rank 0, transport 0
MOC-R4PCC04U05:667961:668109 [0] NCCL INFO Connected to proxy localRank 1 -> connection 0x7fc9500053e0
num decayed parameter tensors: 50, with 124,318,464 parameters
num non-decayed parameter tensors: 98, with 121,344 parameters
using fused AdamW: False
using regular AdamW
MOC-R4PCC04U05:667961:668101 [0] NCCL INFO New proxy send connection 11 from local rank 0, transport 0
MOC-R4PCC04U05:667961:668869 [0] NCCL INFO Connected to proxy localRank 0 -> connection 0x7ff3ec005458
MOC-R4PCC04U05:667961:668101 [0] NCCL INFO New proxy send connection 12 from local rank 0, transport 0
MOC-R4PCC04U05:667961:668869 [0] NCCL INFO Connected to proxy localRank 0 -> connection 0x7ff3ec0054d0
MOC-R4PCC04U05:667961:668101 [0] NCCL INFO New proxy send connection 13 from local rank 0, transport 0
MOC-R4PCC04U05:667961:668869 [0] NCCL INFO Connected to proxy localRank 0 -> connection 0x7ff3ec005548
MOC-R4PCC04U05:667961:668101 [0] NCCL INFO New proxy send connection 14 from local rank 0, transport 0
MOC-R4PCC04U05:667961:668869 [0] NCCL INFO Connected to proxy localRank 0 -> connection 0x7ff3ec0055c0
MOC-R4PCC04U05:667964:668102 [3] NCCL INFO New proxy recv connection 10 from local rank 3, transport 0
MOC-R4PCC04U05:667964:668870 [3] NCCL INFO Connected to proxy localRank 3 -> connection 0x7fbe480053e0
MOC-R4PCC04U05:667964:668102 [3] NCCL INFO New proxy recv connection 11 from local rank 3, transport 0
MOC-R4PCC04U05:667964:668870 [3] NCCL INFO Connected to proxy localRank 3 -> connection 0x7fbe48005458
MOC-R4PCC04U05:667962:668106 [1] NCCL INFO New proxy recv connection 11 from local rank 1, transport 0
MOC-R4PCC04U05:667962:668871 [1] NCCL INFO Connected to proxy localRank 1 -> connection 0x7fc950005458
MOC-R4PCC04U05:667962:668106 [1] NCCL INFO New proxy recv connection 12 from local rank 1, transport 0
MOC-R4PCC04U05:667962:668871 [1] NCCL INFO Connected to proxy localRank 1 -> connection 0x7fc9500054d0
MOC-R4PCC04U05:667962:668106 [1] NCCL INFO New proxy recv connection 13 from local rank 1, transport 0
MOC-R4PCC04U05:667962:668871 [1] NCCL INFO Connected to proxy localRank 1 -> connection 0x7fc950005548
MOC-R4PCC04U05:667962:668106 [1] NCCL INFO New proxy recv connection 14 from local rank 1, transport 0
MOC-R4PCC04U05:667962:668871 [1] NCCL INFO Connected to proxy localRank 1 -> connection 0x7fc9500055c0
MOC-R4PCC04U05:667962:668106 [1] NCCL INFO New proxy send connection 15 from local rank 1, transport 0
MOC-R4PCC04U05:667962:668871 [1] NCCL INFO Connected to proxy localRank 1 -> connection 0x7fc950005638
MOC-R4PCC04U05:667962:668106 [1] NCCL INFO New proxy send connection 16 from local rank 1, transport 0
MOC-R4PCC04U05:667962:668871 [1] NCCL INFO Connected to proxy localRank 1 -> connection 0x7fc9500056b0
MOC-R4PCC04U05:667962:668106 [1] NCCL INFO New proxy send connection 17 from local rank 1, transport 0
MOC-R4PCC04U05:667962:668871 [1] NCCL INFO Connected to proxy localRank 1 -> connection 0x7fc950005728
MOC-R4PCC04U05:667962:668106 [1] NCCL INFO New proxy send connection 18 from local rank 1, transport 0
MOC-R4PCC04U05:667962:668871 [1] NCCL INFO Connected to proxy localRank 1 -> connection 0x7fc9500057a0
MOC-R4PCC04U05:667961:668101 [0] NCCL INFO New proxy send connection 15 from local rank 0, transport 0
MOC-R4PCC04U05:667961:668869 [0] NCCL INFO Connected to proxy localRank 0 -> connection 0x7ff3ec005638
MOC-R4PCC04U05:667961:668101 [0] NCCL INFO New proxy send connection 16 from local rank 0, transport 0
MOC-R4PCC04U05:667961:668869 [0] NCCL INFO Connected to proxy localRank 0 -> connection 0x7ff3ec0056b0
MOC-R4PCC04U05:667961:668101 [0] NCCL INFO New proxy recv connection 17 from local rank 0, transport 0
MOC-R4PCC04U05:667961:668869 [0] NCCL INFO Connected to proxy localRank 0 -> connection 0x7ff3ec005728
MOC-R4PCC04U05:667964:668102 [3] NCCL INFO New proxy send connection 12 from local rank 3, transport 2
MOC-R4PCC04U05:667964:668870 [3] NCCL INFO Connected to proxy localRank 3 -> connection 0x7fbe480054d0
MOC-R4PCC04U05:667961:668101 [0] NCCL INFO New proxy recv connection 18 from local rank 0, transport 0
MOC-R4PCC04U05:667961:668869 [0] NCCL INFO Connected to proxy localRank 0 -> connection 0x7ff3ec0057a0
MOC-R4PCC04U05:667961:668101 [0] NCCL INFO New proxy recv connection 19 from local rank 0, transport 0
MOC-R4PCC04U05:667961:668869 [0] NCCL INFO Connected to proxy localRank 0 -> connection 0x7ff3ec005818
MOC-R4PCC04U05:667964:668870 [3] NCCL INFO Channel 02/0 : 3[3] -> 7[3] [send] via NET/Socket/0
MOC-R4PCC04U05:667964:668102 [3] NCCL INFO New proxy send connection 13 from local rank 3, transport 2
MOC-R4PCC04U05:667964:668870 [3] NCCL INFO Connected to proxy localRank 3 -> connection 0x7fbe48005548
MOC-R4PCC04U05:667961:668101 [0] NCCL INFO New proxy recv connection 20 from local rank 0, transport 0
MOC-R4PCC04U05:667961:668869 [0] NCCL INFO Connected to proxy localRank 0 -> connection 0x7ff3ec005890
MOC-R4PCC04U05:667964:668870 [3] NCCL INFO Channel 03/0 : 3[3] -> 7[3] [send] via NET/Socket/0
MOC-R4PCC04U05:667963:668105 [2] NCCL INFO New proxy recv connection 10 from local rank 2, transport 0
MOC-R4PCC04U05:667963:668872 [2] NCCL INFO Connected to proxy localRank 2 -> connection 0x7fe1340053e0
MOC-R4PCC04U05:667963:668105 [2] NCCL INFO New proxy recv connection 11 from local rank 2, transport 0
MOC-R4PCC04U05:667963:668872 [2] NCCL INFO Connected to proxy localRank 2 -> connection 0x7fe134005458
MOC-R4PCC04U05:667963:668105 [2] NCCL INFO New proxy recv connection 12 from local rank 2, transport 0
MOC-R4PCC04U05:667963:668872 [2] NCCL INFO Connected to proxy localRank 2 -> connection 0x7fe1340054d0
MOC-R4PCC04U05:667963:668105 [2] NCCL INFO New proxy recv connection 13 from local rank 2, transport 0
MOC-R4PCC04U05:667963:668872 [2] NCCL INFO Connected to proxy localRank 2 -> connection 0x7fe134005548
MOC-R4PCC04U05:667963:668105 [2] NCCL INFO New proxy send connection 14 from local rank 2, transport 0
MOC-R4PCC04U05:667963:668872 [2] NCCL INFO Connected to proxy localRank 2 -> connection 0x7fe1340055c0
MOC-R4PCC04U05:667962:668106 [1] NCCL INFO New proxy recv connection 19 from local rank 1, transport 0
MOC-R4PCC04U05:667962:668871 [1] NCCL INFO Connected to proxy localRank 1 -> connection 0x7fc950005818
MOC-R4PCC04U05:667963:668105 [2] NCCL INFO New proxy send connection 15 from local rank 2, transport 0
MOC-R4PCC04U05:667963:668872 [2] NCCL INFO Connected to proxy localRank 2 -> connection 0x7fe134005638
MOC-R4PCC04U05:667962:668106 [1] NCCL INFO New proxy recv connection 20 from local rank 1, transport 0
MOC-R4PCC04U05:667962:668871 [1] NCCL INFO Connected to proxy localRank 1 -> connection 0x7fc950005890
MOC-R4PCC04U05:667964:668102 [3] NCCL INFO New proxy recv connection 14 from local rank 3, transport 2
MOC-R4PCC04U05:667964:668870 [3] NCCL INFO Connected to proxy localRank 3 -> connection 0x7fbe480055c0
MOC-R4PCC04U05:667964:668870 [3] NCCL INFO Channel 00/0 : 11[3] -> 3[3] [receive] via NET/Socket/0
MOC-R4PCC04U05:667964:668102 [3] NCCL INFO New proxy recv connection 15 from local rank 3, transport 2
MOC-R4PCC04U05:667964:668870 [3] NCCL INFO Connected to proxy localRank 3 -> connection 0x7fbe48005638
MOC-R4PCC04U05:667964:668870 [3] NCCL INFO Channel 01/0 : 11[3] -> 3[3] [receive] via NET/Socket/0
MOC-R4PCC04U05:667964:668102 [3] NCCL INFO New proxy send connection 16 from local rank 3, transport 2
MOC-R4PCC04U05:667964:668870 [3] NCCL INFO Connected to proxy localRank 3 -> connection 0x7fbe480056b0
MOC-R4PCC04U05:667964:668870 [3] NCCL INFO Channel 00/0 : 3[3] -> 11[3] [send] via NET/Socket/0
MOC-R4PCC04U05:667964:668102 [3] NCCL INFO New proxy send connection 17 from local rank 3, transport 2
MOC-R4PCC04U05:667964:668870 [3] NCCL INFO Connected to proxy localRank 3 -> connection 0x7fbe48005728
MOC-R4PCC04U05:667964:668870 [3] NCCL INFO Channel 01/0 : 3[3] -> 11[3] [send] via NET/Socket/0
MOC-R4PCC04U05:667964:668102 [3] NCCL INFO New proxy recv connection 18 from local rank 3, transport 2
MOC-R4PCC04U05:667964:668870 [3] NCCL INFO Connected to proxy localRank 3 -> connection 0x7fbe480057a0
MOC-R4PCC04U05:667964:668870 [3] NCCL INFO Channel 02/0 : 7[3] -> 3[3] [receive] via NET/Socket/0
MOC-R4PCC04U05:667964:668102 [3] NCCL INFO New proxy recv connection 19 from local rank 3, transport 2
MOC-R4PCC04U05:667964:668870 [3] NCCL INFO Connected to proxy localRank 3 -> connection 0x7fbe48005818
MOC-R4PCC04U05:667964:668870 [3] NCCL INFO Channel 03/0 : 7[3] -> 3[3] [receive] via NET/Socket/0
MOC-R4PCC04U05:667964:668102 [3] NCCL INFO New proxy send connection 20 from local rank 3, transport 0
MOC-R4PCC04U05:667964:668870 [3] NCCL INFO Connected to proxy localRank 3 -> connection 0x7fbe48005890
MOC-R4PCC04U05:667964:668102 [3] NCCL INFO New proxy send connection 21 from local rank 3, transport 0
MOC-R4PCC04U05:667964:668870 [3] NCCL INFO Connected to proxy localRank 3 -> connection 0x7fbe48005908
MOC-R4PCC04U05:667964:668102 [3] NCCL INFO New proxy send connection 22 from local rank 3, transport 0
MOC-R4PCC04U05:667964:668870 [3] NCCL INFO Connected to proxy localRank 3 -> connection 0x7fbe48005980
MOC-R4PCC04U05:667964:668102 [3] NCCL INFO New proxy send connection 23 from local rank 3, transport 0
MOC-R4PCC04U05:667964:668870 [3] NCCL INFO Connected to proxy localRank 3 -> connection 0x7fbe480059f8
step    1/10 | train loss 11.010115 | norm 15.2906 | lr 1.00e-04 | (15172.02 ms | 241894 tok/s)
step    2/10 | train loss 10.140854 | norm 5.7211 | lr 1.00e-04 | (666.40 ms | 5507257 tok/s)
step    3/10 | train loss 9.801557 | norm 2.5941 | lr 1.00e-04 | (651.86 ms | 5630090 tok/s)
step    4/10 | train loss 9.632924 | norm 2.0997 | lr 1.00e-04 | (650.60 ms | 5640928 tok/s)
step    5/10 | train loss 9.550362 | norm 2.0944 | lr 1.00e-04 | (648.35 ms | 5660587 tok/s)
step    6/10 | train loss 9.469848 | norm 1.9874 | lr 1.00e-04 | (652.56 ms | 5624061 tok/s)
step    7/10 | train loss 9.385090 | norm 1.9374 | lr 1.00e-04 | (651.55 ms | 5632709 tok/s)
step    8/10 | train loss 9.294358 | norm 1.9058 | lr 1.00e-04 | (644.13 ms | 5697643 tok/s)
step    9/10 | train loss 9.199846 | norm 1.8538 | lr 1.00e-04 | (652.90 ms | 5621090 tok/s)
step   10/10 | train loss 9.114297 | norm 1.7841 | lr 1.00e-04 | (646.75 ms | 5674535 tok/s)
final 9 iters avg: 651.677ms
peak memory consumption: 16601 MiB
