Running pytorch 2.7.0+cu126
using device: cuda:0
total desired batch size: 262144
=> calculated gradient accumulation steps: 1
using device: cuda:2
using device: cuda:1using device: cuda:3

compiling the model...
DataLoader: total number of tokens: 1,661,249,667 across 103 files
MOC-R4PCC04U05:415705:415705 [0] NCCL INFO NCCL_SOCKET_IFNAME set to eno7np0
MOC-R4PCC04U05:415705:415705 [0] NCCL INFO NCCL version 2.26.2+cuda12.2
MOC-R4PCC04U05:415707:415707 [2] NCCL INFO NCCL_SOCKET_IFNAME set to eno7np0
MOC-R4PCC04U05:415707:415707 [2] NCCL INFO NCCL version 2.26.2+cuda12.2
MOC-R4PCC04U05:415708:415708 [3] NCCL INFO NCCL_SOCKET_IFNAME set to eno7np0
MOC-R4PCC04U05:415708:415708 [3] NCCL INFO NCCL version 2.26.2+cuda12.2
MOC-R4PCC04U05:415706:415706 [1] NCCL INFO NCCL_SOCKET_IFNAME set to eno7np0
MOC-R4PCC04U05:415706:415706 [1] NCCL INFO NCCL version 2.26.2+cuda12.2
MOC-R4PCC04U05:415705:415747 [0] NCCL INFO NET/Plugin: Could not find: libnccl-net.so. Using internal net plugin.
MOC-R4PCC04U05:415705:415747 [0] NCCL INFO NCCL_IB_HCA set to mlx5_5
MOC-R4PCC04U05:415707:415748 [2] NCCL INFO NET/Plugin: Could not find: libnccl-net.so. Using internal net plugin.
MOC-R4PCC04U05:415707:415748 [2] NCCL INFO NCCL_IB_HCA set to mlx5_5
MOC-R4PCC04U05:415708:415749 [3] NCCL INFO NET/Plugin: Could not find: libnccl-net.so. Using internal net plugin.
MOC-R4PCC04U05:415708:415749 [3] NCCL INFO NCCL_IB_HCA set to mlx5_5
MOC-R4PCC04U05:415705:415747 [0] NCCL INFO NET/IB : Made virtual device [0] name=mlx5_5 speed=400000 ndevs=1
MOC-R4PCC04U05:415705:415747 [0] NCCL INFO NET/IB : Using [0]mlx5_5:1/RoCE [RO]; OOB eno7np0:192.168.50.193<0>
MOC-R4PCC04U05:415706:415750 [1] NCCL INFO NET/Plugin: Could not find: libnccl-net.so. Using internal net plugin.
MOC-R4PCC04U05:415706:415750 [1] NCCL INFO NCCL_IB_HCA set to mlx5_5
MOC-R4PCC04U05:415707:415748 [2] NCCL INFO NET/IB : Made virtual device [0] name=mlx5_5 speed=400000 ndevs=1
MOC-R4PCC04U05:415707:415748 [2] NCCL INFO NET/IB : Using [0]mlx5_5:1/RoCE [RO]; OOB eno7np0:192.168.50.193<0>
MOC-R4PCC04U05:415708:415749 [3] NCCL INFO NET/IB : Made virtual device [0] name=mlx5_5 speed=400000 ndevs=1
MOC-R4PCC04U05:415708:415749 [3] NCCL INFO NET/IB : Using [0]mlx5_5:1/RoCE [RO]; OOB eno7np0:192.168.50.193<0>
MOC-R4PCC04U05:415706:415750 [1] NCCL INFO NET/IB : Made virtual device [0] name=mlx5_5 speed=400000 ndevs=1
MOC-R4PCC04U05:415706:415750 [1] NCCL INFO NET/IB : Using [0]mlx5_5:1/RoCE [RO]; OOB eno7np0:192.168.50.193<0>
MOC-R4PCC04U05:415706:415750 [1] NCCL INFO NET/IB : GPU Direct RDMA Enabled for HCA 0 'mlx5_5'
MOC-R4PCC04U05:415706:415750 [1] NCCL INFO NET/IB : Made virtual device [1] name=mlx5_5 speed=400000 ndevs=1
MOC-R4PCC04U05:415706:415750 [1] NCCL INFO NET/IB : GPU Direct RDMA Enabled for HCA 0 'mlx5_5'
MOC-R4PCC04U05:415706:415750 [1] NCCL INFO NET/IB : GPU Direct RDMA Enabled for HCA 1 'mlx5_5'
MOC-R4PCC04U05:415707:415748 [2] NCCL INFO NET/IB : GPU Direct RDMA Enabled for HCA 0 'mlx5_5'
MOC-R4PCC04U05:415707:415748 [2] NCCL INFO NET/IB : Made virtual device [1] name=mlx5_5 speed=400000 ndevs=1
MOC-R4PCC04U05:415707:415748 [2] NCCL INFO NET/IB : GPU Direct RDMA Enabled for HCA 0 'mlx5_5'
MOC-R4PCC04U05:415707:415748 [2] NCCL INFO NET/IB : GPU Direct RDMA Enabled for HCA 1 'mlx5_5'
MOC-R4PCC04U05:415705:415747 [0] NCCL INFO NET/IB : GPU Direct RDMA Enabled for HCA 0 'mlx5_5'
MOC-R4PCC04U05:415705:415747 [0] NCCL INFO NET/IB : Made virtual device [1] name=mlx5_5 speed=400000 ndevs=1
MOC-R4PCC04U05:415705:415747 [0] NCCL INFO NET/IB : GPU Direct RDMA Enabled for HCA 0 'mlx5_5'
MOC-R4PCC04U05:415705:415747 [0] NCCL INFO NET/IB : GPU Direct RDMA Enabled for HCA 1 'mlx5_5'
MOC-R4PCC04U05:415708:415749 [3] NCCL INFO NET/IB : GPU Direct RDMA Enabled for HCA 0 'mlx5_5'
MOC-R4PCC04U05:415708:415749 [3] NCCL INFO NET/IB : Made virtual device [1] name=mlx5_5 speed=400000 ndevs=1
MOC-R4PCC04U05:415708:415749 [3] NCCL INFO NET/IB : GPU Direct RDMA Enabled for HCA 0 'mlx5_5'
MOC-R4PCC04U05:415708:415749 [3] NCCL INFO NET/IB : GPU Direct RDMA Enabled for HCA 1 'mlx5_5'
MOC-R4PCC04U05:415705:415747 [0] NCCL INFO GPU Direct RDMA Enabled for GPU 0 / HCA 1 (distance 5 <= 5), read 0 mode Default
MOC-R4PCC04U05:415705:415747 [0] NCCL INFO GPU Direct RDMA Enabled for GPU 1 / HCA 1 (distance 5 <= 5), read 0 mode Default
MOC-R4PCC04U05:415705:415747 [0] NCCL INFO GPU Direct RDMA Enabled for GPU 2 / HCA 1 (distance 5 <= 5), read 0 mode Default
MOC-R4PCC04U05:415705:415747 [0] NCCL INFO GPU Direct RDMA Enabled for GPU 3 / HCA 1 (distance 5 <= 5), read 0 mode Default
MOC-R4PCC04U05:415705:415747 [0] NCCL INFO GPU Direct RDMA Enabled for GPU 0 / HCA 1 (distance 5 <= 5), read 0 mode Default
MOC-R4PCC04U05:415705:415747 [0] NCCL INFO GPU Direct RDMA Enabled for GPU 1 / HCA 1 (distance 5 <= 5), read 0 mode Default
MOC-R4PCC04U05:415705:415747 [0] NCCL INFO GPU Direct RDMA Enabled for GPU 2 / HCA 1 (distance 5 <= 5), read 0 mode Default
MOC-R4PCC04U05:415705:415747 [0] NCCL INFO GPU Direct RDMA Enabled for GPU 3 / HCA 1 (distance 5 <= 5), read 0 mode Default
MOC-R4PCC04U05:415708:415749 [3] NCCL INFO GPU Direct RDMA Enabled for GPU 0 / HCA 1 (distance 5 <= 5), read 0 mode Default
MOC-R4PCC04U05:415708:415749 [3] NCCL INFO GPU Direct RDMA Enabled for GPU 1 / HCA 1 (distance 5 <= 5), read 0 mode Default
MOC-R4PCC04U05:415708:415749 [3] NCCL INFO GPU Direct RDMA Enabled for GPU 2 / HCA 1 (distance 5 <= 5), read 0 mode Default
MOC-R4PCC04U05:415708:415749 [3] NCCL INFO GPU Direct RDMA Enabled for GPU 3 / HCA 1 (distance 5 <= 5), read 0 mode Default
MOC-R4PCC04U05:415707:415748 [2] NCCL INFO GPU Direct RDMA Enabled for GPU 0 / HCA 1 (distance 5 <= 5), read 0 mode Default
MOC-R4PCC04U05:415707:415748 [2] NCCL INFO GPU Direct RDMA Enabled for GPU 1 / HCA 1 (distance 5 <= 5), read 0 mode Default
MOC-R4PCC04U05:415707:415748 [2] NCCL INFO GPU Direct RDMA Enabled for GPU 2 / HCA 1 (distance 5 <= 5), read 0 mode Default
MOC-R4PCC04U05:415707:415748 [2] NCCL INFO GPU Direct RDMA Enabled for GPU 3 / HCA 1 (distance 5 <= 5), read 0 mode Default
MOC-R4PCC04U05:415708:415749 [3] NCCL INFO GPU Direct RDMA Enabled for GPU 0 / HCA 1 (distance 5 <= 5), read 0 mode Default
MOC-R4PCC04U05:415708:415749 [3] NCCL INFO GPU Direct RDMA Enabled for GPU 1 / HCA 1 (distance 5 <= 5), read 0 mode Default
MOC-R4PCC04U05:415708:415749 [3] NCCL INFO GPU Direct RDMA Enabled for GPU 2 / HCA 1 (distance 5 <= 5), read 0 mode Default
MOC-R4PCC04U05:415708:415749 [3] NCCL INFO GPU Direct RDMA Enabled for GPU 3 / HCA 1 (distance 5 <= 5), read 0 mode Default
MOC-R4PCC04U05:415707:415748 [2] NCCL INFO GPU Direct RDMA Enabled for GPU 0 / HCA 1 (distance 5 <= 5), read 0 mode Default
MOC-R4PCC04U05:415707:415748 [2] NCCL INFO GPU Direct RDMA Enabled for GPU 1 / HCA 1 (distance 5 <= 5), read 0 mode Default
MOC-R4PCC04U05:415707:415748 [2] NCCL INFO GPU Direct RDMA Enabled for GPU 2 / HCA 1 (distance 5 <= 5), read 0 mode Default
MOC-R4PCC04U05:415707:415748 [2] NCCL INFO GPU Direct RDMA Enabled for GPU 3 / HCA 1 (distance 5 <= 5), read 0 mode Default
MOC-R4PCC04U05:415706:415750 [1] NCCL INFO GPU Direct RDMA Enabled for GPU 0 / HCA 1 (distance 5 <= 5), read 0 mode Default
MOC-R4PCC04U05:415706:415750 [1] NCCL INFO GPU Direct RDMA Enabled for GPU 1 / HCA 1 (distance 5 <= 5), read 0 mode Default
MOC-R4PCC04U05:415706:415750 [1] NCCL INFO GPU Direct RDMA Enabled for GPU 2 / HCA 1 (distance 5 <= 5), read 0 mode Default
MOC-R4PCC04U05:415706:415750 [1] NCCL INFO GPU Direct RDMA Enabled for GPU 3 / HCA 1 (distance 5 <= 5), read 0 mode Default
MOC-R4PCC04U05:415706:415750 [1] NCCL INFO GPU Direct RDMA Enabled for GPU 0 / HCA 1 (distance 5 <= 5), read 0 mode Default
MOC-R4PCC04U05:415706:415750 [1] NCCL INFO GPU Direct RDMA Enabled for GPU 1 / HCA 1 (distance 5 <= 5), read 0 mode Default
MOC-R4PCC04U05:415706:415750 [1] NCCL INFO GPU Direct RDMA Enabled for GPU 2 / HCA 1 (distance 5 <= 5), read 0 mode Default
MOC-R4PCC04U05:415706:415750 [1] NCCL INFO GPU Direct RDMA Enabled for GPU 3 / HCA 1 (distance 5 <= 5), read 0 mode Default
MOC-R4PCC04U05:415707:415771 [2] NCCL INFO GPU Direct RDMA Enabled for GPU 2 / HCA 1 (distance 5 <= 5), read 0 mode Default
MOC-R4PCC04U05:415706:415765 [1] NCCL INFO New proxy recv connection 0 from local rank 1, transport 0
MOC-R4PCC04U05:415706:415772 [1] NCCL INFO Connected to proxy localRank 1 -> connection 0x7fdc50004f30
MOC-R4PCC04U05:415708:415763 [3] NCCL INFO New proxy recv connection 0 from local rank 3, transport 0
MOC-R4PCC04U05:415708:415773 [3] NCCL INFO Connected to proxy localRank 3 -> connection 0x7f2718004f30
MOC-R4PCC04U05:415705:415766 [0] NCCL INFO New proxy send connection 0 from local rank 0, transport 0
MOC-R4PCC04U05:415705:415774 [0] NCCL INFO Connected to proxy localRank 0 -> connection 0x7f5570004f30
MOC-R4PCC04U05:415706:415765 [1] NCCL INFO New proxy recv connection 1 from local rank 1, transport 0
MOC-R4PCC04U05:415708:415763 [3] NCCL INFO New proxy recv connection 1 from local rank 3, transport 0
MOC-R4PCC04U05:415706:415772 [1] NCCL INFO Connected to proxy localRank 1 -> connection 0x7fdc50004fa8
MOC-R4PCC04U05:415708:415773 [3] NCCL INFO Connected to proxy localRank 3 -> connection 0x7f2718004fa8
MOC-R4PCC04U05:415706:415765 [1] NCCL INFO New proxy recv connection 2 from local rank 1, transport 0
MOC-R4PCC04U05:415706:415772 [1] NCCL INFO Connected to proxy localRank 1 -> connection 0x7fdc50005020
MOC-R4PCC04U05:415708:415763 [3] NCCL INFO New proxy recv connection 2 from local rank 3, transport 0
MOC-R4PCC04U05:415708:415773 [3] NCCL INFO Connected to proxy localRank 3 -> connection 0x7f2718005020
MOC-R4PCC04U05:415706:415765 [1] NCCL INFO New proxy recv connection 3 from local rank 1, transport 0
MOC-R4PCC04U05:415705:415766 [0] NCCL INFO New proxy send connection 1 from local rank 0, transport 0
MOC-R4PCC04U05:415706:415772 [1] NCCL INFO Connected to proxy localRank 1 -> connection 0x7fdc50005098
MOC-R4PCC04U05:415705:415774 [0] NCCL INFO Connected to proxy localRank 0 -> connection 0x7f5570004fa8
MOC-R4PCC04U05:415708:415763 [3] NCCL INFO New proxy recv connection 3 from local rank 3, transport 0
MOC-R4PCC04U05:415708:415773 [3] NCCL INFO Connected to proxy localRank 3 -> connection 0x7f2718005098
MOC-R4PCC04U05:415707:415764 [2] NCCL INFO New proxy recv connection 0 from local rank 2, transport 2
MOC-R4PCC04U05:415707:415771 [2] NCCL INFO Connected to proxy localRank 2 -> connection 0x7fa5d0004f30
MOC-R4PCC04U05:415707:415771 [2] NCCL INFO Channel 00/0 : 7[3] -> 2[2] [receive] via NET/IB/1/GDRDMA
MOC-R4PCC04U05:415707:415771 [2] NCCL INFO GPU Direct RDMA Enabled for GPU 2 / HCA 1 (distance 5 <= 5), read 0 mode Default
MOC-R4PCC04U05:415707:415764 [2] NCCL INFO New proxy recv connection 1 from local rank 2, transport 2
MOC-R4PCC04U05:415707:415771 [2] NCCL INFO Connected to proxy localRank 2 -> connection 0x7fa5d0004fa8
MOC-R4PCC04U05:415707:415771 [2] NCCL INFO Channel 01/0 : 7[3] -> 2[2] [receive] via NET/IB/1/GDRDMA
MOC-R4PCC04U05:415707:415771 [2] NCCL INFO GPU Direct RDMA Enabled for GPU 2 / HCA 1 (distance 5 <= 5), read 0 mode Default
MOC-R4PCC04U05:415707:415764 [2] NCCL INFO New proxy recv connection 2 from local rank 2, transport 2
MOC-R4PCC04U05:415707:415771 [2] NCCL INFO Connected to proxy localRank 2 -> connection 0x7fa5d0005020
MOC-R4PCC04U05:415707:415771 [2] NCCL INFO Channel 02/0 : 7[3] -> 2[2] [receive] via NET/IB/1/GDRDMA
MOC-R4PCC04U05:415707:415771 [2] NCCL INFO GPU Direct RDMA Enabled for GPU 2 / HCA 1 (distance 5 <= 5), read 0 mode Default
MOC-R4PCC04U05:415707:415764 [2] NCCL INFO New proxy recv connection 3 from local rank 2, transport 2
MOC-R4PCC04U05:415707:415771 [2] NCCL INFO Connected to proxy localRank 2 -> connection 0x7fa5d0005098
MOC-R4PCC04U05:415707:415771 [2] NCCL INFO Channel 03/0 : 7[3] -> 2[2] [receive] via NET/IB/1/GDRDMA
MOC-R4PCC04U05:415705:415766 [0] NCCL INFO New proxy send connection 2 from local rank 0, transport 0
MOC-R4PCC04U05:415705:415774 [0] NCCL INFO Connected to proxy localRank 0 -> connection 0x7f5570005020
MOC-R4PCC04U05:415706:415765 [1] NCCL INFO New proxy send connection 4 from local rank 1, transport 0
MOC-R4PCC04U05:415706:415772 [1] NCCL INFO Connected to proxy localRank 1 -> connection 0x7fdc50005110
MOC-R4PCC04U05:415708:415773 [3] NCCL INFO GPU Direct RDMA Enabled for GPU 3 / HCA 1 (distance 5 <= 5), read 1 mode Default
MOC-R4PCC04U05:415707:415764 [2] NCCL INFO New proxy send connection 4 from local rank 3, transport 2
MOC-R4PCC04U05:415708:415773 [3] NCCL INFO Connected to proxy localRank 2 -> connection 0x7fa5d0005110
MOC-R4PCC04U05:415708:415773 [3] NCCL INFO Channel 00/0 : 3[3] -> 6[2] [send] via NET/IB/1(2)/GDRDMA
MOC-R4PCC04U05:415708:415773 [3] NCCL INFO GPU Direct RDMA Enabled for GPU 3 / HCA 1 (distance 5 <= 5), read 1 mode Default
MOC-R4PCC04U05:415707:415764 [2] NCCL INFO New proxy send connection 5 from local rank 3, transport 2
MOC-R4PCC04U05:415708:415773 [3] NCCL INFO Connected to proxy localRank 2 -> connection 0x7fa5d0005188
MOC-R4PCC04U05:415708:415773 [3] NCCL INFO Channel 01/0 : 3[3] -> 6[2] [send] via NET/IB/1(2)/GDRDMA
MOC-R4PCC04U05:415708:415773 [3] NCCL INFO GPU Direct RDMA Enabled for GPU 3 / HCA 1 (distance 5 <= 5), read 1 mode Default
MOC-R4PCC04U05:415705:415766 [0] NCCL INFO New proxy send connection 3 from local rank 0, transport 0
MOC-R4PCC04U05:415705:415774 [0] NCCL INFO Connected to proxy localRank 0 -> connection 0x7f5570005098
MOC-R4PCC04U05:415707:415764 [2] NCCL INFO New proxy send connection 6 from local rank 3, transport 2
MOC-R4PCC04U05:415708:415773 [3] NCCL INFO Connected to proxy localRank 2 -> connection 0x7fa5d0005200
MOC-R4PCC04U05:415708:415773 [3] NCCL INFO Channel 02/0 : 3[3] -> 6[2] [send] via NET/IB/1(2)/GDRDMA
MOC-R4PCC04U05:415708:415773 [3] NCCL INFO GPU Direct RDMA Enabled for GPU 3 / HCA 1 (distance 5 <= 5), read 1 mode Default
MOC-R4PCC04U05:415707:415764 [2] NCCL INFO New proxy send connection 7 from local rank 3, transport 2
MOC-R4PCC04U05:415708:415773 [3] NCCL INFO Connected to proxy localRank 2 -> connection 0x7fa5d0005278
MOC-R4PCC04U05:415708:415773 [3] NCCL INFO Channel 03/0 : 3[3] -> 6[2] [send] via NET/IB/1(2)/GDRDMA
MOC-R4PCC04U05:415706:415765 [1] NCCL INFO New proxy send connection 5 from local rank 1, transport 0
MOC-R4PCC04U05:415706:415772 [1] NCCL INFO Connected to proxy localRank 1 -> connection 0x7fdc50005188
MOC-R4PCC04U05:415705:415766 [0] NCCL INFO New proxy recv connection 4 from local rank 0, transport 0
MOC-R4PCC04U05:415705:415774 [0] NCCL INFO Connected to proxy localRank 0 -> connection 0x7f5570005110
MOC-R4PCC04U05:415705:415766 [0] NCCL INFO New proxy recv connection 5 from local rank 0, transport 0
MOC-R4PCC04U05:415705:415774 [0] NCCL INFO Connected to proxy localRank 0 -> connection 0x7f5570005188
MOC-R4PCC04U05:415706:415765 [1] NCCL INFO New proxy send connection 6 from local rank 1, transport 0
MOC-R4PCC04U05:415706:415772 [1] NCCL INFO Connected to proxy localRank 1 -> connection 0x7fdc50005200
MOC-R4PCC04U05:415705:415766 [0] NCCL INFO New proxy recv connection 6 from local rank 0, transport 0
MOC-R4PCC04U05:415705:415774 [0] NCCL INFO Connected to proxy localRank 0 -> connection 0x7f5570005200
MOC-R4PCC04U05:415706:415765 [1] NCCL INFO New proxy send connection 7 from local rank 1, transport 0
MOC-R4PCC04U05:415706:415772 [1] NCCL INFO Connected to proxy localRank 1 -> connection 0x7fdc50005278
MOC-R4PCC04U05:415705:415766 [0] NCCL INFO New proxy recv connection 7 from local rank 0, transport 0
MOC-R4PCC04U05:415705:415774 [0] NCCL INFO Connected to proxy localRank 0 -> connection 0x7f5570005278
MOC-R4PCC04U05:415708:415763 [3] NCCL INFO New proxy send connection 4 from local rank 0, transport 0
MOC-R4PCC04U05:415705:415774 [0] NCCL INFO Connected to proxy localRank 3 -> connection 0x7f2718005110
MOC-R4PCC04U05:415705:415766 [0] NCCL INFO New proxy send connection 8 from local rank 3, transport 0
MOC-R4PCC04U05:415708:415773 [3] NCCL INFO Connected to proxy localRank 0 -> connection 0x7f55700052f0
MOC-R4PCC04U05:415707:415764 [2] NCCL INFO New proxy send connection 8 from local rank 2, transport 0
MOC-R4PCC04U05:415707:415771 [2] NCCL INFO Connected to proxy localRank 2 -> connection 0x7fa5d00052f0
MOC-R4PCC04U05:415707:415764 [2] NCCL INFO New proxy send connection 9 from local rank 2, transport 0
MOC-R4PCC04U05:415707:415771 [2] NCCL INFO Connected to proxy localRank 2 -> connection 0x7fa5d0005368
MOC-R4PCC04U05:415707:415764 [2] NCCL INFO New proxy send connection 10 from local rank 2, transport 0
MOC-R4PCC04U05:415707:415771 [2] NCCL INFO Connected to proxy localRank 2 -> connection 0x7fa5d00053e0
MOC-R4PCC04U05:415707:415764 [2] NCCL INFO New proxy send connection 11 from local rank 2, transport 0
MOC-R4PCC04U05:415707:415771 [2] NCCL INFO Connected to proxy localRank 2 -> connection 0x7fa5d0005458
MOC-R4PCC04U05:415706:415765 [1] NCCL INFO New proxy send connection 8 from local rank 2, transport 0
MOC-R4PCC04U05:415707:415771 [2] NCCL INFO Connected to proxy localRank 1 -> connection 0x7fdc500052f0
MOC-R4PCC04U05:415705:415766 [0] NCCL INFO New proxy send connection 9 from local rank 1, transport 0
MOC-R4PCC04U05:415706:415772 [1] NCCL INFO Connected to proxy localRank 0 -> connection 0x7f5570005368
MOC-R4PCC04U05:415706:415765 [1] NCCL INFO New proxy send connection 9 from local rank 0, transport 0
MOC-R4PCC04U05:415705:415774 [0] NCCL INFO Connected to proxy localRank 1 -> connection 0x7fdc50005368
MOC-R4PCC04U05:415707:415764 [2] NCCL INFO NET/IB: NCCL Dev 1 IbDev 0 Port 1 qpn 6088 mtu 3 query_ece={supported=1, vendor_id=0x15b3, options=0x30000002, comp_mask=0x0} GID 3 (0/C132A8C0FFFF0000) fifoRkey=0x170bca fifoLkey=0x170bca
MOC-R4PCC04U05:415707:415764 [2] NCCL INFO NET/IB: NCCL Dev 1 IbDev 0 Port 1 qpn 6089 mtu 3 query_ece={supported=1, vendor_id=0x15b3, options=0x30000002, comp_mask=0x0} GID 3 (0/C132A8C0FFFF0000) fifoRkey=0x180ac9 fifoLkey=0x180ac9
MOC-R4PCC04U05:415707:415764 [2] NCCL INFO NET/IB: IbDev 0 Port 1 qpn 6329 set_ece={supported=1, vendor_id=0x15b3, options=0x0, comp_mask=0x0}
MOC-R4PCC04U05:415707:415764 [2] NCCL INFO NET/IB: IbDev 0 Port 1 qpn 6331 set_ece={supported=1, vendor_id=0x15b3, options=0x0, comp_mask=0x0}
MOC-R4PCC04U05:415707:415764 [2] NCCL INFO New proxy send connection 12 from local rank 3, transport 0
MOC-R4PCC04U05:415707:415764 [2] NCCL INFO New proxy send connection 13 from local rank 1, transport 0
MOC-R4PCC04U05:415708:415773 [3] NCCL INFO Connected to proxy localRank 2 -> connection 0x7fa5d00054d0
MOC-R4PCC04U05:415706:415772 [1] NCCL INFO Connected to proxy localRank 2 -> connection 0x7fa5d0005548
MOC-R4PCC04U05:415707:415764 [2] NCCL INFO NET/IB: NCCL Dev 1 IbDev 0 Port 1 qpn 6094 mtu 3 query_ece={supported=1, vendor_id=0x15b3, options=0x30000002, comp_mask=0x0} GID 3 (0/C132A8C0FFFF0000) fifoRkey=0x17ecab fifoLkey=0x17ecab
MOC-R4PCC04U05:415707:415764 [2] NCCL INFO NET/IB: NCCL Dev 1 IbDev 0 Port 1 qpn 6095 mtu 3 query_ece={supported=1, vendor_id=0x15b3, options=0x30000002, comp_mask=0x0} GID 3 (0/C132A8C0FFFF0000) fifoRkey=0x17d796 fifoLkey=0x17d796
MOC-R4PCC04U05:415707:415764 [2] NCCL INFO NET/IB: IbDev 0 Port 1 qpn 6333 set_ece={supported=1, vendor_id=0x15b3, options=0x0, comp_mask=0x0}
MOC-R4PCC04U05:415707:415764 [2] NCCL INFO NET/IB: IbDev 0 Port 1 qpn 6335 set_ece={supported=1, vendor_id=0x15b3, options=0x0, comp_mask=0x0}
num decayed parameter tensors: 50, with 124,318,464 parameters
num non-decayed parameter tensors: 98, with 121,344 parameters
using fused AdamW: False
using regular AdamW
MOC-R4PCC04U05:415706:415765 [1] NCCL INFO New proxy recv connection 10 from local rank 1, transport 0
MOC-R4PCC04U05:415706:416466 [1] NCCL INFO Connected to proxy localRank 1 -> connection 0x7fdc500053e0
MOC-R4PCC04U05:415706:415765 [1] NCCL INFO New proxy recv connection 11 from local rank 1, transport 0
MOC-R4PCC04U05:415706:416466 [1] NCCL INFO Connected to proxy localRank 1 -> connection 0x7fdc50005458
MOC-R4PCC04U05:415706:415765 [1] NCCL INFO New proxy recv connection 12 from local rank 1, transport 0
MOC-R4PCC04U05:415706:416466 [1] NCCL INFO Connected to proxy localRank 1 -> connection 0x7fdc500054d0
MOC-R4PCC04U05:415706:415765 [1] NCCL INFO New proxy recv connection 13 from local rank 1, transport 0
MOC-R4PCC04U05:415706:416466 [1] NCCL INFO Connected to proxy localRank 1 -> connection 0x7fdc50005548
MOC-R4PCC04U05:415707:415764 [2] NCCL INFO New proxy send connection 14 from local rank 2, transport 0
MOC-R4PCC04U05:415707:416467 [2] NCCL INFO Connected to proxy localRank 2 -> connection 0x7fa5d00055c0
MOC-R4PCC04U05:415707:415764 [2] NCCL INFO New proxy send connection 15 from local rank 2, transport 0
MOC-R4PCC04U05:415707:416467 [2] NCCL INFO Connected to proxy localRank 2 -> connection 0x7fa5d0005638
MOC-R4PCC04U05:415707:415764 [2] NCCL INFO New proxy send connection 16 from local rank 2, transport 0
MOC-R4PCC04U05:415707:416467 [2] NCCL INFO Connected to proxy localRank 2 -> connection 0x7fa5d00056b0
MOC-R4PCC04U05:415707:415764 [2] NCCL INFO New proxy send connection 17 from local rank 2, transport 0
MOC-R4PCC04U05:415707:416467 [2] NCCL INFO Connected to proxy localRank 2 -> connection 0x7fa5d0005728
MOC-R4PCC04U05:415708:415763 [3] NCCL INFO New proxy recv connection 5 from local rank 3, transport 0
MOC-R4PCC04U05:415708:416468 [3] NCCL INFO Connected to proxy localRank 3 -> connection 0x7f2718005188
MOC-R4PCC04U05:415708:415763 [3] NCCL INFO New proxy recv connection 6 from local rank 3, transport 0
MOC-R4PCC04U05:415708:416468 [3] NCCL INFO Connected to proxy localRank 3 -> connection 0x7f2718005200
MOC-R4PCC04U05:415708:415763 [3] NCCL INFO New proxy recv connection 7 from local rank 3, transport 0
MOC-R4PCC04U05:415708:416468 [3] NCCL INFO Connected to proxy localRank 3 -> connection 0x7f2718005278
MOC-R4PCC04U05:415708:415763 [3] NCCL INFO New proxy recv connection 8 from local rank 3, transport 0
MOC-R4PCC04U05:415708:416468 [3] NCCL INFO Connected to proxy localRank 3 -> connection 0x7f27180052f0
MOC-R4PCC04U05:415708:415763 [3] NCCL INFO New proxy send connection 9 from local rank 3, transport 0
MOC-R4PCC04U05:415708:416468 [3] NCCL INFO Connected to proxy localRank 3 -> connection 0x7f2718005368
MOC-R4PCC04U05:415707:416467 [2] NCCL INFO GPU Direct RDMA Enabled for GPU 2 / HCA 1 (distance 5 <= 5), read 0 mode Default
MOC-R4PCC04U05:415707:415764 [2] NCCL INFO New proxy recv connection 18 from local rank 2, transport 2
MOC-R4PCC04U05:415707:416467 [2] NCCL INFO Connected to proxy localRank 2 -> connection 0x7fa5d00057a0
MOC-R4PCC04U05:415708:415763 [3] NCCL INFO New proxy send connection 10 from local rank 3, transport 0
MOC-R4PCC04U05:415708:416468 [3] NCCL INFO Connected to proxy localRank 3 -> connection 0x7f27180053e0
MOC-R4PCC04U05:415707:416467 [2] NCCL INFO Channel 00/0 : 6[2] -> 2[2] [receive] via NET/IB/1/GDRDMA
MOC-R4PCC04U05:415707:416467 [2] NCCL INFO GPU Direct RDMA Enabled for GPU 2 / HCA 1 (distance 5 <= 5), read 0 mode Default
MOC-R4PCC04U05:415707:415764 [2] NCCL INFO New proxy recv connection 19 from local rank 2, transport 2
MOC-R4PCC04U05:415707:416467 [2] NCCL INFO Connected to proxy localRank 2 -> connection 0x7fa5d0005818
MOC-R4PCC04U05:415707:416467 [2] NCCL INFO Channel 01/0 : 6[2] -> 2[2] [receive] via NET/IB/1/GDRDMA
MOC-R4PCC04U05:415708:415763 [3] NCCL INFO New proxy send connection 11 from local rank 3, transport 0
MOC-R4PCC04U05:415707:416467 [2] NCCL INFO GPU Direct RDMA Enabled for GPU 2 / HCA 1 (distance 5 <= 5), read 0 mode Default
MOC-R4PCC04U05:415708:416468 [3] NCCL INFO Connected to proxy localRank 3 -> connection 0x7f2718005458
MOC-R4PCC04U05:415707:415764 [2] NCCL INFO New proxy recv connection 20 from local rank 2, transport 2
MOC-R4PCC04U05:415707:416467 [2] NCCL INFO Connected to proxy localRank 2 -> connection 0x7fa5d0005890
MOC-R4PCC04U05:415707:416467 [2] NCCL INFO Channel 02/0 : 6[2] -> 2[2] [receive] via NET/IB/1/GDRDMA
MOC-R4PCC04U05:415707:416467 [2] NCCL INFO GPU Direct RDMA Enabled for GPU 2 / HCA 1 (distance 5 <= 5), read 0 mode Default
MOC-R4PCC04U05:415707:415764 [2] NCCL INFO New proxy recv connection 21 from local rank 2, transport 2
MOC-R4PCC04U05:415707:416467 [2] NCCL INFO Connected to proxy localRank 2 -> connection 0x7fa5d0005908
MOC-R4PCC04U05:415708:415763 [3] NCCL INFO New proxy send connection 12 from local rank 3, transport 0
MOC-R4PCC04U05:415708:416468 [3] NCCL INFO Connected to proxy localRank 3 -> connection 0x7f27180054d0
MOC-R4PCC04U05:415707:416467 [2] NCCL INFO Channel 03/0 : 6[2] -> 2[2] [receive] via NET/IB/1/GDRDMA
MOC-R4PCC04U05:415707:416467 [2] NCCL INFO GPU Direct RDMA Enabled for GPU 2 / HCA 1 (distance 5 <= 5), read 1 mode Default
MOC-R4PCC04U05:415707:415764 [2] NCCL INFO New proxy send connection 22 from local rank 2, transport 2
MOC-R4PCC04U05:415707:416467 [2] NCCL INFO Connected to proxy localRank 2 -> connection 0x7fa5d0005980
MOC-R4PCC04U05:415707:416467 [2] NCCL INFO Channel 00/0 : 2[2] -> 6[2] [send] via NET/IB/1/GDRDMA
MOC-R4PCC04U05:415707:416467 [2] NCCL INFO GPU Direct RDMA Enabled for GPU 2 / HCA 1 (distance 5 <= 5), read 1 mode Default
MOC-R4PCC04U05:415707:415764 [2] NCCL INFO New proxy send connection 23 from local rank 2, transport 2
MOC-R4PCC04U05:415707:416467 [2] NCCL INFO Connected to proxy localRank 2 -> connection 0x7fa5d00059f8
MOC-R4PCC04U05:415707:416467 [2] NCCL INFO Channel 01/0 : 2[2] -> 6[2] [send] via NET/IB/1/GDRDMA
MOC-R4PCC04U05:415707:416467 [2] NCCL INFO GPU Direct RDMA Enabled for GPU 2 / HCA 1 (distance 5 <= 5), read 1 mode Default
MOC-R4PCC04U05:415707:415764 [2] NCCL INFO New proxy send connection 24 from local rank 2, transport 2
MOC-R4PCC04U05:415707:416467 [2] NCCL INFO Connected to proxy localRank 2 -> connection 0x7fa5d0005a70
MOC-R4PCC04U05:415707:416467 [2] NCCL INFO Channel 02/0 : 2[2] -> 6[2] [send] via NET/IB/1/GDRDMA
MOC-R4PCC04U05:415707:416467 [2] NCCL INFO GPU Direct RDMA Enabled for GPU 2 / HCA 1 (distance 5 <= 5), read 1 mode Default
MOC-R4PCC04U05:415707:415764 [2] NCCL INFO New proxy send connection 25 from local rank 2, transport 2
MOC-R4PCC04U05:415707:416467 [2] NCCL INFO Connected to proxy localRank 2 -> connection 0x7fa5d0005ae8
MOC-R4PCC04U05:415707:416467 [2] NCCL INFO Channel 03/0 : 2[2] -> 6[2] [send] via NET/IB/1/GDRDMA
MOC-R4PCC04U05:415707:415764 [2] NCCL INFO New proxy recv connection 26 from local rank 2, transport 0
MOC-R4PCC04U05:415707:416467 [2] NCCL INFO Connected to proxy localRank 2 -> connection 0x7fa5d0005b60
MOC-R4PCC04U05:415707:415764 [2] NCCL INFO New proxy recv connection 27 from local rank 2, transport 0
MOC-R4PCC04U05:415707:416467 [2] NCCL INFO Connected to proxy localRank 2 -> connection 0x7fa5d0005bd8
MOC-R4PCC04U05:415707:415764 [2] NCCL INFO New proxy recv connection 28 from local rank 2, transport 0
MOC-R4PCC04U05:415707:416467 [2] NCCL INFO Connected to proxy localRank 2 -> connection 0x7fa5d0005c50
MOC-R4PCC04U05:415707:415764 [2] NCCL INFO New proxy recv connection 29 from local rank 2, transport 0
MOC-R4PCC04U05:415707:416467 [2] NCCL INFO Connected to proxy localRank 2 -> connection 0x7fa5d0005cc8
MOC-R4PCC04U05:415705:415766 [0] NCCL INFO New proxy send connection 10 from local rank 0, transport 0
MOC-R4PCC04U05:415705:416469 [0] NCCL INFO Connected to proxy localRank 0 -> connection 0x7f55700053e0
MOC-R4PCC04U05:415705:415766 [0] NCCL INFO New proxy send connection 11 from local rank 0, transport 0
MOC-R4PCC04U05:415705:416469 [0] NCCL INFO Connected to proxy localRank 0 -> connection 0x7f5570005458
MOC-R4PCC04U05:415705:415766 [0] NCCL INFO New proxy send connection 12 from local rank 0, transport 0
MOC-R4PCC04U05:415705:416469 [0] NCCL INFO Connected to proxy localRank 0 -> connection 0x7f55700054d0
MOC-R4PCC04U05:415705:415766 [0] NCCL INFO New proxy send connection 13 from local rank 0, transport 0
MOC-R4PCC04U05:415705:416469 [0] NCCL INFO Connected to proxy localRank 0 -> connection 0x7f5570005548
MOC-R4PCC04U05:415705:415766 [0] NCCL INFO New proxy recv connection 14 from local rank 0, transport 0
MOC-R4PCC04U05:415705:416469 [0] NCCL INFO Connected to proxy localRank 0 -> connection 0x7f55700055c0
MOC-R4PCC04U05:415705:415766 [0] NCCL INFO New proxy recv connection 15 from local rank 0, transport 0
MOC-R4PCC04U05:415705:416469 [0] NCCL INFO Connected to proxy localRank 0 -> connection 0x7f5570005638
MOC-R4PCC04U05:415705:415766 [0] NCCL INFO New proxy recv connection 16 from local rank 0, transport 0
MOC-R4PCC04U05:415705:416469 [0] NCCL INFO Connected to proxy localRank 0 -> connection 0x7f55700056b0
MOC-R4PCC04U05:415705:415766 [0] NCCL INFO New proxy recv connection 17 from local rank 0, transport 0
MOC-R4PCC04U05:415705:416469 [0] NCCL INFO Connected to proxy localRank 0 -> connection 0x7f5570005728
MOC-R4PCC04U05:415708:415763 [3] NCCL INFO New proxy send connection 13 from local rank 3, transport 0
MOC-R4PCC04U05:415708:416468 [3] NCCL INFO Connected to proxy localRank 3 -> connection 0x7f2718005548
MOC-R4PCC04U05:415708:415763 [3] NCCL INFO New proxy send connection 14 from local rank 3, transport 0
MOC-R4PCC04U05:415708:416468 [3] NCCL INFO Connected to proxy localRank 3 -> connection 0x7f27180055c0
MOC-R4PCC04U05:415708:415763 [3] NCCL INFO New proxy send connection 15 from local rank 3, transport 0
MOC-R4PCC04U05:415708:416468 [3] NCCL INFO Connected to proxy localRank 3 -> connection 0x7f2718005638
MOC-R4PCC04U05:415708:415763 [3] NCCL INFO New proxy send connection 16 from local rank 3, transport 0
MOC-R4PCC04U05:415708:416468 [3] NCCL INFO Connected to proxy localRank 3 -> connection 0x7f27180056b0
MOC-R4PCC04U05:415708:415763 [3] NCCL INFO New proxy send connection 17 from local rank 2, transport 0
MOC-R4PCC04U05:415707:416467 [2] NCCL INFO Connected to proxy localRank 3 -> connection 0x7f2718005728
MOC-R4PCC04U05:415707:415764 [2] NCCL INFO NET/IB: NCCL Dev 1 IbDev 0 Port 1 qpn 6098 mtu 3 query_ece={supported=1, vendor_id=0x15b3, options=0x30000002, comp_mask=0x0} GID 3 (0/C132A8C0FFFF0000) fifoRkey=0x17fdbc fifoLkey=0x17fdbc
MOC-R4PCC04U05:415707:415764 [2] NCCL INFO NET/IB: NCCL Dev 1 IbDev 0 Port 1 qpn 6101 mtu 3 query_ece={supported=1, vendor_id=0x15b3, options=0x30000002, comp_mask=0x0} GID 3 (0/C132A8C0FFFF0000) fifoRkey=0x174705 fifoLkey=0x174705
MOC-R4PCC04U05:415707:415764 [2] NCCL INFO NET/IB: IbDev 0 Port 1 qpn 6339 set_ece={supported=1, vendor_id=0x15b3, options=0x0, comp_mask=0x0}
MOC-R4PCC04U05:415707:415764 [2] NCCL INFO NET/IB: IbDev 0 Port 1 qpn 6341 set_ece={supported=1, vendor_id=0x15b3, options=0x0, comp_mask=0x0}
MOC-R4PCC04U05:415707:415764 [2] NCCL INFO NET/IB: NCCL Dev 1 IbDev 0 Port 1 qpn 6106 mtu 3 query_ece={supported=1, vendor_id=0x15b3, options=0x30000002, comp_mask=0x0} GID 3 (0/C132A8C0FFFF0000) fifoRkey=0x178c4b fifoLkey=0x178c4b
MOC-R4PCC04U05:415707:415764 [2] NCCL INFO NET/IB: NCCL Dev 1 IbDev 0 Port 1 qpn 6109 mtu 3 query_ece={supported=1, vendor_id=0x15b3, options=0x30000002, comp_mask=0x0} GID 3 (0/C132A8C0FFFF0000) fifoRkey=0x175111 fifoLkey=0x175111
MOC-R4PCC04U05:415707:415764 [2] NCCL INFO NET/IB: IbDev 0 Port 1 qpn 6346 set_ece={supported=1, vendor_id=0x15b3, options=0x0, comp_mask=0x0}
MOC-R4PCC04U05:415707:415764 [2] NCCL INFO NET/IB: IbDev 0 Port 1 qpn 6348 set_ece={supported=1, vendor_id=0x15b3, options=0x0, comp_mask=0x0}
step    1/10 | train loss 11.008537 | norm 15.8514 | lr 1.00e-04 | (13421.51 ms | 19532 tok/s)
step    2/10 | train loss 10.116466 | norm 5.8735 | lr 1.00e-04 | (116.64 ms | 2247479 tok/s)
step    3/10 | train loss 9.766002 | norm 2.6306 | lr 1.00e-04 | (114.60 ms | 2287518 tok/s)
step    4/10 | train loss 9.596250 | norm 2.1069 | lr 1.00e-04 | (113.91 ms | 2301235 tok/s)
step    5/10 | train loss 9.513401 | norm 2.1000 | lr 1.00e-04 | (113.70 ms | 2305646 tok/s)
step    6/10 | train loss 9.431208 | norm 1.9935 | lr 1.00e-04 | (113.32 ms | 2313261 tok/s)
step    7/10 | train loss 9.345902 | norm 1.9369 | lr 1.00e-04 | (114.59 ms | 2287666 tok/s)
step    8/10 | train loss 9.256424 | norm 1.9010 | lr 1.00e-04 | (114.08 ms | 2297960 tok/s)
step    9/10 | train loss 9.164141 | norm 1.8592 | lr 1.00e-04 | (114.27 ms | 2294014 tok/s)
step   10/10 | train loss 9.071951 | norm 1.7839 | lr 1.00e-04 | (113.89 ms | 2301635 tok/s)
final 9 iters avg: 114.334ms
peak memory consumption: 16121 MiB
