Running pytorch 2.7.0+cu126
using device: cuda:0
total desired batch size: 2097152
=> calculated gradient accumulation steps: 4
using device: cuda:1
using device: cuda:2
using device: cuda:3
compiling the model...
DataLoader: total number of tokens: 1,661,249,667 across 103 files
MOC-R4PCC04U05:661394:661394 [0] NCCL INFO NCCL_SOCKET_IFNAME set to eno7np0
MOC-R4PCC04U05:661394:661394 [0] NCCL INFO NCCL version 2.26.2+cuda12.2
MOC-R4PCC04U05:661394:661498 [0] NCCL INFO NET/Plugin: Could not find: libnccl-net.so. Using internal net plugin.
MOC-R4PCC04U05:661394:661498 [0] NCCL INFO NCCL_IB_HCA set to mlx5_5
MOC-R4PCC04U05:661395:661395 [1] NCCL INFO NCCL_SOCKET_IFNAME set to eno7np0
MOC-R4PCC04U05:661395:661395 [1] NCCL INFO NCCL version 2.26.2+cuda12.2
MOC-R4PCC04U05:661396:661396 [2] NCCL INFO NCCL_SOCKET_IFNAME set to eno7np0
MOC-R4PCC04U05:661396:661396 [2] NCCL INFO NCCL version 2.26.2+cuda12.2
MOC-R4PCC04U05:661394:661498 [0] NCCL INFO NET/IB : Made virtual device [0] name=mlx5_5 speed=400000 ndevs=1
MOC-R4PCC04U05:661394:661498 [0] NCCL INFO NET/IB : Using [0]mlx5_5:1/RoCE [RO]; OOB eno7np0:192.168.50.193<0>
MOC-R4PCC04U05:661397:661397 [3] NCCL INFO NCCL_SOCKET_IFNAME set to eno7np0
MOC-R4PCC04U05:661397:661397 [3] NCCL INFO NCCL version 2.26.2+cuda12.2
MOC-R4PCC04U05:661396:661521 [2] NCCL INFO NET/Plugin: Could not find: libnccl-net.so. Using internal net plugin.
MOC-R4PCC04U05:661395:661520 [1] NCCL INFO NET/Plugin: Could not find: libnccl-net.so. Using internal net plugin.
MOC-R4PCC04U05:661396:661521 [2] NCCL INFO NCCL_IB_HCA set to mlx5_5
MOC-R4PCC04U05:661395:661520 [1] NCCL INFO NCCL_IB_HCA set to mlx5_5
MOC-R4PCC04U05:661397:661523 [3] NCCL INFO NET/Plugin: Could not find: libnccl-net.so. Using internal net plugin.
MOC-R4PCC04U05:661396:661521 [2] NCCL INFO NET/IB : Made virtual device [0] name=mlx5_5 speed=400000 ndevs=1
MOC-R4PCC04U05:661395:661520 [1] NCCL INFO NET/IB : Made virtual device [0] name=mlx5_5 speed=400000 ndevs=1
MOC-R4PCC04U05:661396:661521 [2] NCCL INFO NET/IB : Using [0]mlx5_5:1/RoCE [RO]; OOB eno7np0:192.168.50.193<0>
MOC-R4PCC04U05:661395:661520 [1] NCCL INFO NET/IB : Using [0]mlx5_5:1/RoCE [RO]; OOB eno7np0:192.168.50.193<0>
MOC-R4PCC04U05:661397:661523 [3] NCCL INFO NCCL_IB_HCA set to mlx5_5
MOC-R4PCC04U05:661397:661523 [3] NCCL INFO NET/IB : Made virtual device [0] name=mlx5_5 speed=400000 ndevs=1
MOC-R4PCC04U05:661397:661523 [3] NCCL INFO NET/IB : Using [0]mlx5_5:1/RoCE [RO]; OOB eno7np0:192.168.50.193<0>
MOC-R4PCC04U05:661397:661523 [3] NCCL INFO NET/IB : GPU Direct RDMA Enabled for HCA 0 'mlx5_5'
MOC-R4PCC04U05:661397:661523 [3] NCCL INFO NET/IB : Made virtual device [1] name=mlx5_5 speed=400000 ndevs=1
MOC-R4PCC04U05:661397:661523 [3] NCCL INFO NET/IB : GPU Direct RDMA Enabled for HCA 0 'mlx5_5'
MOC-R4PCC04U05:661397:661523 [3] NCCL INFO NET/IB : GPU Direct RDMA Enabled for HCA 1 'mlx5_5'
MOC-R4PCC04U05:661396:661521 [2] NCCL INFO NET/IB : GPU Direct RDMA Enabled for HCA 0 'mlx5_5'
MOC-R4PCC04U05:661396:661521 [2] NCCL INFO NET/IB : Made virtual device [1] name=mlx5_5 speed=400000 ndevs=1
MOC-R4PCC04U05:661396:661521 [2] NCCL INFO NET/IB : GPU Direct RDMA Enabled for HCA 0 'mlx5_5'
MOC-R4PCC04U05:661396:661521 [2] NCCL INFO NET/IB : GPU Direct RDMA Enabled for HCA 1 'mlx5_5'
MOC-R4PCC04U05:661394:661498 [0] NCCL INFO NET/IB : GPU Direct RDMA Enabled for HCA 0 'mlx5_5'
MOC-R4PCC04U05:661394:661498 [0] NCCL INFO NET/IB : Made virtual device [1] name=mlx5_5 speed=400000 ndevs=1
MOC-R4PCC04U05:661394:661498 [0] NCCL INFO NET/IB : GPU Direct RDMA Enabled for HCA 0 'mlx5_5'
MOC-R4PCC04U05:661394:661498 [0] NCCL INFO NET/IB : GPU Direct RDMA Enabled for HCA 1 'mlx5_5'
MOC-R4PCC04U05:661395:661520 [1] NCCL INFO NET/IB : GPU Direct RDMA Enabled for HCA 0 'mlx5_5'
MOC-R4PCC04U05:661395:661520 [1] NCCL INFO NET/IB : Made virtual device [1] name=mlx5_5 speed=400000 ndevs=1
MOC-R4PCC04U05:661395:661520 [1] NCCL INFO NET/IB : GPU Direct RDMA Enabled for HCA 0 'mlx5_5'
MOC-R4PCC04U05:661395:661520 [1] NCCL INFO NET/IB : GPU Direct RDMA Enabled for HCA 1 'mlx5_5'
MOC-R4PCC04U05:661395:661520 [1] NCCL INFO GPU Direct RDMA Enabled for GPU 0 / HCA 1 (distance 5 <= 5), read 0 mode Default
MOC-R4PCC04U05:661395:661520 [1] NCCL INFO GPU Direct RDMA Enabled for GPU 1 / HCA 1 (distance 5 <= 5), read 0 mode Default
MOC-R4PCC04U05:661395:661520 [1] NCCL INFO GPU Direct RDMA Enabled for GPU 2 / HCA 1 (distance 5 <= 5), read 0 mode Default
MOC-R4PCC04U05:661395:661520 [1] NCCL INFO GPU Direct RDMA Enabled for GPU 3 / HCA 1 (distance 5 <= 5), read 0 mode Default
MOC-R4PCC04U05:661395:661520 [1] NCCL INFO GPU Direct RDMA Enabled for GPU 0 / HCA 1 (distance 5 <= 5), read 0 mode Default
MOC-R4PCC04U05:661395:661520 [1] NCCL INFO GPU Direct RDMA Enabled for GPU 1 / HCA 1 (distance 5 <= 5), read 0 mode Default
MOC-R4PCC04U05:661395:661520 [1] NCCL INFO GPU Direct RDMA Enabled for GPU 2 / HCA 1 (distance 5 <= 5), read 0 mode Default
MOC-R4PCC04U05:661395:661520 [1] NCCL INFO GPU Direct RDMA Enabled for GPU 3 / HCA 1 (distance 5 <= 5), read 0 mode Default
MOC-R4PCC04U05:661394:661498 [0] NCCL INFO GPU Direct RDMA Enabled for GPU 0 / HCA 1 (distance 5 <= 5), read 0 mode Default
MOC-R4PCC04U05:661394:661498 [0] NCCL INFO GPU Direct RDMA Enabled for GPU 1 / HCA 1 (distance 5 <= 5), read 0 mode Default
MOC-R4PCC04U05:661396:661521 [2] NCCL INFO GPU Direct RDMA Enabled for GPU 0 / HCA 1 (distance 5 <= 5), read 0 mode Default
MOC-R4PCC04U05:661394:661498 [0] NCCL INFO GPU Direct RDMA Enabled for GPU 2 / HCA 1 (distance 5 <= 5), read 0 mode Default
MOC-R4PCC04U05:661396:661521 [2] NCCL INFO GPU Direct RDMA Enabled for GPU 1 / HCA 1 (distance 5 <= 5), read 0 mode Default
MOC-R4PCC04U05:661394:661498 [0] NCCL INFO GPU Direct RDMA Enabled for GPU 3 / HCA 1 (distance 5 <= 5), read 0 mode Default
MOC-R4PCC04U05:661396:661521 [2] NCCL INFO GPU Direct RDMA Enabled for GPU 2 / HCA 1 (distance 5 <= 5), read 0 mode Default
MOC-R4PCC04U05:661396:661521 [2] NCCL INFO GPU Direct RDMA Enabled for GPU 3 / HCA 1 (distance 5 <= 5), read 0 mode Default
MOC-R4PCC04U05:661394:661498 [0] NCCL INFO GPU Direct RDMA Enabled for GPU 0 / HCA 1 (distance 5 <= 5), read 0 mode Default
MOC-R4PCC04U05:661396:661521 [2] NCCL INFO GPU Direct RDMA Enabled for GPU 0 / HCA 1 (distance 5 <= 5), read 0 mode Default
MOC-R4PCC04U05:661394:661498 [0] NCCL INFO GPU Direct RDMA Enabled for GPU 1 / HCA 1 (distance 5 <= 5), read 0 mode Default
MOC-R4PCC04U05:661396:661521 [2] NCCL INFO GPU Direct RDMA Enabled for GPU 1 / HCA 1 (distance 5 <= 5), read 0 mode Default
MOC-R4PCC04U05:661394:661498 [0] NCCL INFO GPU Direct RDMA Enabled for GPU 2 / HCA 1 (distance 5 <= 5), read 0 mode Default
MOC-R4PCC04U05:661396:661521 [2] NCCL INFO GPU Direct RDMA Enabled for GPU 2 / HCA 1 (distance 5 <= 5), read 0 mode Default
MOC-R4PCC04U05:661394:661498 [0] NCCL INFO GPU Direct RDMA Enabled for GPU 3 / HCA 1 (distance 5 <= 5), read 0 mode Default
MOC-R4PCC04U05:661396:661521 [2] NCCL INFO GPU Direct RDMA Enabled for GPU 3 / HCA 1 (distance 5 <= 5), read 0 mode Default
MOC-R4PCC04U05:661397:661523 [3] NCCL INFO GPU Direct RDMA Enabled for GPU 0 / HCA 1 (distance 5 <= 5), read 0 mode Default
MOC-R4PCC04U05:661397:661523 [3] NCCL INFO GPU Direct RDMA Enabled for GPU 1 / HCA 1 (distance 5 <= 5), read 0 mode Default
MOC-R4PCC04U05:661397:661523 [3] NCCL INFO GPU Direct RDMA Enabled for GPU 2 / HCA 1 (distance 5 <= 5), read 0 mode Default
MOC-R4PCC04U05:661397:661523 [3] NCCL INFO GPU Direct RDMA Enabled for GPU 3 / HCA 1 (distance 5 <= 5), read 0 mode Default
MOC-R4PCC04U05:661397:661523 [3] NCCL INFO GPU Direct RDMA Enabled for GPU 0 / HCA 1 (distance 5 <= 5), read 0 mode Default
MOC-R4PCC04U05:661397:661523 [3] NCCL INFO GPU Direct RDMA Enabled for GPU 1 / HCA 1 (distance 5 <= 5), read 0 mode Default
MOC-R4PCC04U05:661397:661523 [3] NCCL INFO GPU Direct RDMA Enabled for GPU 2 / HCA 1 (distance 5 <= 5), read 0 mode Default
MOC-R4PCC04U05:661397:661523 [3] NCCL INFO GPU Direct RDMA Enabled for GPU 3 / HCA 1 (distance 5 <= 5), read 0 mode Default
MOC-R4PCC04U05:661396:661543 [2] NCCL INFO GPU Direct RDMA Enabled for GPU 2 / HCA 1 (distance 5 <= 5), read 0 mode Default
MOC-R4PCC04U05:661397:661536 [3] NCCL INFO New proxy recv connection 0 from local rank 3, transport 0
MOC-R4PCC04U05:661397:661544 [3] NCCL INFO Connected to proxy localRank 3 -> connection 0x7fe680004f30
MOC-R4PCC04U05:661394:661538 [0] NCCL INFO New proxy send connection 0 from local rank 0, transport 0
MOC-R4PCC04U05:661394:661545 [0] NCCL INFO Connected to proxy localRank 0 -> connection 0x7f45d8004f30
MOC-R4PCC04U05:661397:661536 [3] NCCL INFO New proxy recv connection 1 from local rank 3, transport 0
MOC-R4PCC04U05:661397:661544 [3] NCCL INFO Connected to proxy localRank 3 -> connection 0x7fe680004fa8
MOC-R4PCC04U05:661394:661538 [0] NCCL INFO New proxy send connection 1 from local rank 0, transport 0
MOC-R4PCC04U05:661394:661545 [0] NCCL INFO Connected to proxy localRank 0 -> connection 0x7f45d8004fa8
MOC-R4PCC04U05:661394:661538 [0] NCCL INFO New proxy send connection 2 from local rank 0, transport 0
MOC-R4PCC04U05:661394:661545 [0] NCCL INFO Connected to proxy localRank 0 -> connection 0x7f45d8005020
MOC-R4PCC04U05:661397:661536 [3] NCCL INFO New proxy recv connection 2 from local rank 3, transport 0
MOC-R4PCC04U05:661395:661541 [1] NCCL INFO New proxy recv connection 0 from local rank 1, transport 0
MOC-R4PCC04U05:661397:661544 [3] NCCL INFO Connected to proxy localRank 3 -> connection 0x7fe680005020
MOC-R4PCC04U05:661395:661546 [1] NCCL INFO Connected to proxy localRank 1 -> connection 0x7f5c70004f30
MOC-R4PCC04U05:661394:661538 [0] NCCL INFO New proxy send connection 3 from local rank 0, transport 0
MOC-R4PCC04U05:661394:661545 [0] NCCL INFO Connected to proxy localRank 0 -> connection 0x7f45d8005098
MOC-R4PCC04U05:661397:661536 [3] NCCL INFO New proxy recv connection 3 from local rank 3, transport 0
MOC-R4PCC04U05:661397:661544 [3] NCCL INFO Connected to proxy localRank 3 -> connection 0x7fe680005098
MOC-R4PCC04U05:661395:661541 [1] NCCL INFO New proxy recv connection 1 from local rank 1, transport 0
MOC-R4PCC04U05:661395:661546 [1] NCCL INFO Connected to proxy localRank 1 -> connection 0x7f5c70004fa8
MOC-R4PCC04U05:661397:661544 [3] NCCL INFO GPU Direct RDMA Enabled for GPU 3 / HCA 1 (distance 5 <= 5), read 1 mode Default
MOC-R4PCC04U05:661395:661541 [1] NCCL INFO New proxy recv connection 2 from local rank 1, transport 0
MOC-R4PCC04U05:661395:661546 [1] NCCL INFO Connected to proxy localRank 1 -> connection 0x7f5c70005020
MOC-R4PCC04U05:661395:661541 [1] NCCL INFO New proxy recv connection 3 from local rank 1, transport 0
MOC-R4PCC04U05:661395:661546 [1] NCCL INFO Connected to proxy localRank 1 -> connection 0x7f5c70005098
MOC-R4PCC04U05:661395:661541 [1] NCCL INFO New proxy send connection 4 from local rank 1, transport 0
MOC-R4PCC04U05:661395:661546 [1] NCCL INFO Connected to proxy localRank 1 -> connection 0x7f5c70005110
MOC-R4PCC04U05:661395:661541 [1] NCCL INFO New proxy send connection 5 from local rank 1, transport 0
MOC-R4PCC04U05:661395:661546 [1] NCCL INFO Connected to proxy localRank 1 -> connection 0x7f5c70005188
MOC-R4PCC04U05:661395:661541 [1] NCCL INFO New proxy send connection 6 from local rank 1, transport 0
MOC-R4PCC04U05:661395:661546 [1] NCCL INFO Connected to proxy localRank 1 -> connection 0x7f5c70005200
MOC-R4PCC04U05:661395:661541 [1] NCCL INFO New proxy send connection 7 from local rank 1, transport 0
MOC-R4PCC04U05:661395:661546 [1] NCCL INFO Connected to proxy localRank 1 -> connection 0x7f5c70005278
MOC-R4PCC04U05:661396:661535 [2] NCCL INFO New proxy recv connection 0 from local rank 2, transport 2
MOC-R4PCC04U05:661396:661535 [2] NCCL INFO New proxy send connection 1 from local rank 3, transport 2
MOC-R4PCC04U05:661396:661543 [2] NCCL INFO Connected to proxy localRank 2 -> connection 0x7f503c004f30
MOC-R4PCC04U05:661397:661544 [3] NCCL INFO Connected to proxy localRank 2 -> connection 0x7f503c004fa8
MOC-R4PCC04U05:661396:661543 [2] NCCL INFO Channel 00/0 : 15[3] -> 2[2] [receive] via NET/IB/1/GDRDMA
MOC-R4PCC04U05:661396:661543 [2] NCCL INFO GPU Direct RDMA Enabled for GPU 2 / HCA 1 (distance 5 <= 5), read 0 mode Default
MOC-R4PCC04U05:661397:661544 [3] NCCL INFO Channel 00/0 : 3[3] -> 6[2] [send] via NET/IB/1(2)/GDRDMA
MOC-R4PCC04U05:661396:661535 [2] NCCL INFO New proxy recv connection 2 from local rank 2, transport 2
MOC-R4PCC04U05:661397:661544 [3] NCCL INFO GPU Direct RDMA Enabled for GPU 3 / HCA 1 (distance 5 <= 5), read 1 mode Default
MOC-R4PCC04U05:661396:661543 [2] NCCL INFO Connected to proxy localRank 2 -> connection 0x7f503c005020
MOC-R4PCC04U05:661396:661535 [2] NCCL INFO New proxy send connection 3 from local rank 3, transport 2
MOC-R4PCC04U05:661397:661544 [3] NCCL INFO Connected to proxy localRank 2 -> connection 0x7f503c005098
MOC-R4PCC04U05:661396:661543 [2] NCCL INFO Channel 01/0 : 15[3] -> 2[2] [receive] via NET/IB/1/GDRDMA
MOC-R4PCC04U05:661396:661543 [2] NCCL INFO GPU Direct RDMA Enabled for GPU 2 / HCA 1 (distance 5 <= 5), read 0 mode Default
MOC-R4PCC04U05:661397:661544 [3] NCCL INFO Channel 01/0 : 3[3] -> 6[2] [send] via NET/IB/1(2)/GDRDMA
MOC-R4PCC04U05:661397:661544 [3] NCCL INFO GPU Direct RDMA Enabled for GPU 3 / HCA 1 (distance 5 <= 5), read 1 mode Default
MOC-R4PCC04U05:661396:661535 [2] NCCL INFO New proxy recv connection 4 from local rank 2, transport 2
MOC-R4PCC04U05:661396:661543 [2] NCCL INFO Connected to proxy localRank 2 -> connection 0x7f503c005110
MOC-R4PCC04U05:661396:661535 [2] NCCL INFO New proxy send connection 5 from local rank 3, transport 2
MOC-R4PCC04U05:661397:661544 [3] NCCL INFO Connected to proxy localRank 2 -> connection 0x7f503c005188
MOC-R4PCC04U05:661396:661543 [2] NCCL INFO Channel 02/0 : 15[3] -> 2[2] [receive] via NET/IB/1/GDRDMA
MOC-R4PCC04U05:661396:661543 [2] NCCL INFO GPU Direct RDMA Enabled for GPU 2 / HCA 1 (distance 5 <= 5), read 0 mode Default
MOC-R4PCC04U05:661397:661544 [3] NCCL INFO Channel 02/0 : 3[3] -> 6[2] [send] via NET/IB/1(2)/GDRDMA
MOC-R4PCC04U05:661397:661544 [3] NCCL INFO GPU Direct RDMA Enabled for GPU 3 / HCA 1 (distance 5 <= 5), read 1 mode Default
MOC-R4PCC04U05:661396:661535 [2] NCCL INFO New proxy recv connection 6 from local rank 2, transport 2
MOC-R4PCC04U05:661396:661543 [2] NCCL INFO Connected to proxy localRank 2 -> connection 0x7f503c005200
MOC-R4PCC04U05:661396:661535 [2] NCCL INFO New proxy send connection 7 from local rank 3, transport 2
MOC-R4PCC04U05:661397:661544 [3] NCCL INFO Connected to proxy localRank 2 -> connection 0x7f503c005278
MOC-R4PCC04U05:661396:661543 [2] NCCL INFO Channel 03/0 : 15[3] -> 2[2] [receive] via NET/IB/1/GDRDMA
MOC-R4PCC04U05:661397:661544 [3] NCCL INFO Channel 03/0 : 3[3] -> 6[2] [send] via NET/IB/1(2)/GDRDMA
MOC-R4PCC04U05:661394:661538 [0] NCCL INFO New proxy recv connection 4 from local rank 0, transport 0
MOC-R4PCC04U05:661394:661545 [0] NCCL INFO Connected to proxy localRank 0 -> connection 0x7f45d8005110
MOC-R4PCC04U05:661394:661538 [0] NCCL INFO New proxy recv connection 5 from local rank 0, transport 0
MOC-R4PCC04U05:661394:661545 [0] NCCL INFO Connected to proxy localRank 0 -> connection 0x7f45d8005188
MOC-R4PCC04U05:661394:661538 [0] NCCL INFO New proxy recv connection 6 from local rank 0, transport 0
MOC-R4PCC04U05:661394:661545 [0] NCCL INFO Connected to proxy localRank 0 -> connection 0x7f45d8005200
MOC-R4PCC04U05:661394:661538 [0] NCCL INFO New proxy recv connection 7 from local rank 0, transport 0
MOC-R4PCC04U05:661394:661545 [0] NCCL INFO Connected to proxy localRank 0 -> connection 0x7f45d8005278
MOC-R4PCC04U05:661397:661536 [3] NCCL INFO New proxy send connection 4 from local rank 0, transport 0
MOC-R4PCC04U05:661394:661545 [0] NCCL INFO Connected to proxy localRank 3 -> connection 0x7fe680005110
MOC-R4PCC04U05:661396:661535 [2] NCCL INFO New proxy send connection 8 from local rank 2, transport 0
MOC-R4PCC04U05:661396:661543 [2] NCCL INFO Connected to proxy localRank 2 -> connection 0x7f503c0052f0
MOC-R4PCC04U05:661396:661535 [2] NCCL INFO New proxy send connection 9 from local rank 2, transport 0
MOC-R4PCC04U05:661396:661543 [2] NCCL INFO Connected to proxy localRank 2 -> connection 0x7f503c005368
MOC-R4PCC04U05:661396:661535 [2] NCCL INFO New proxy send connection 10 from local rank 2, transport 0
MOC-R4PCC04U05:661396:661543 [2] NCCL INFO Connected to proxy localRank 2 -> connection 0x7f503c0053e0
MOC-R4PCC04U05:661396:661535 [2] NCCL INFO New proxy send connection 11 from local rank 2, transport 0
MOC-R4PCC04U05:661396:661543 [2] NCCL INFO Connected to proxy localRank 2 -> connection 0x7f503c005458
MOC-R4PCC04U05:661394:661538 [0] NCCL INFO New proxy send connection 8 from local rank 1, transport 0
MOC-R4PCC04U05:661395:661541 [1] NCCL INFO New proxy send connection 8 from local rank 2, transport 0
MOC-R4PCC04U05:661395:661546 [1] NCCL INFO Connected to proxy localRank 0 -> connection 0x7f45d80052f0
MOC-R4PCC04U05:661396:661543 [2] NCCL INFO Connected to proxy localRank 1 -> connection 0x7f5c700052f0
MOC-R4PCC04U05:661394:661538 [0] NCCL INFO New proxy send connection 9 from local rank 3, transport 0
MOC-R4PCC04U05:661397:661544 [3] NCCL INFO Connected to proxy localRank 0 -> connection 0x7f45d8005368
MOC-R4PCC04U05:661395:661541 [1] NCCL INFO New proxy send connection 9 from local rank 0, transport 0
MOC-R4PCC04U05:661394:661545 [0] NCCL INFO Connected to proxy localRank 1 -> connection 0x7f5c70005368
MOC-R4PCC04U05:661396:661535 [2] NCCL INFO New proxy send connection 12 from local rank 1, transport 0
MOC-R4PCC04U05:661395:661546 [1] NCCL INFO Connected to proxy localRank 2 -> connection 0x7f503c0054d0
MOC-R4PCC04U05:661396:661535 [2] NCCL INFO NET/IB: NCCL Dev 1 IbDev 0 Port 1 qpn 10852 mtu 3 query_ece={supported=1, vendor_id=0x15b3, options=0x30000002, comp_mask=0x0} GID 3 (0/C132A8C0FFFF0000) fifoRkey=0x17fdbc fifoLkey=0x17fdbc
MOC-R4PCC04U05:661396:661535 [2] NCCL INFO NET/IB: IbDev 0 Port 1 qpn 10778 set_ece={supported=1, vendor_id=0x15b3, options=0x0, comp_mask=0x0}
MOC-R4PCC04U05:661396:661535 [2] NCCL INFO New proxy send connection 13 from local rank 3, transport 0
MOC-R4PCC04U05:661397:661544 [3] NCCL INFO Connected to proxy localRank 2 -> connection 0x7f503c005548
MOC-R4PCC04U05:661396:661535 [2] NCCL INFO NET/IB: NCCL Dev 1 IbDev 0 Port 1 qpn 10859 mtu 3 query_ece={supported=1, vendor_id=0x15b3, options=0x30000002, comp_mask=0x0} GID 3 (0/C132A8C0FFFF0000) fifoRkey=0x17b979 fifoLkey=0x17b979
MOC-R4PCC04U05:661396:661535 [2] NCCL INFO NET/IB: NCCL Dev 1 IbDev 0 Port 1 qpn 10860 mtu 3 query_ece={supported=1, vendor_id=0x15b3, options=0x30000002, comp_mask=0x0} GID 3 (0/C132A8C0FFFF0000) fifoRkey=0x17da99 fifoLkey=0x17da99
MOC-R4PCC04U05:661396:661535 [2] NCCL INFO NET/IB: NCCL Dev 1 IbDev 0 Port 1 qpn 10861 mtu 3 query_ece={supported=1, vendor_id=0x15b3, options=0x30000002, comp_mask=0x0} GID 3 (0/C132A8C0FFFF0000) fifoRkey=0x17dc9b fifoLkey=0x17dc9b
MOC-R4PCC04U05:661396:661535 [2] NCCL INFO NET/IB: IbDev 0 Port 1 qpn 10783 set_ece={supported=1, vendor_id=0x15b3, options=0x0, comp_mask=0x0}
MOC-R4PCC04U05:661396:661535 [2] NCCL INFO NET/IB: IbDev 0 Port 1 qpn 10785 set_ece={supported=1, vendor_id=0x15b3, options=0x0, comp_mask=0x0}
MOC-R4PCC04U05:661396:661535 [2] NCCL INFO NET/IB: IbDev 0 Port 1 qpn 10787 set_ece={supported=1, vendor_id=0x15b3, options=0x0, comp_mask=0x0}
num decayed parameter tensors: 50, with 124,318,464 parameters
num non-decayed parameter tensors: 98, with 121,344 parameters
using fused AdamW: False
using regular AdamW
MOC-R4PCC04U05:661394:661538 [0] NCCL INFO New proxy send connection 10 from local rank 0, transport 0
MOC-R4PCC04U05:661394:662236 [0] NCCL INFO Connected to proxy localRank 0 -> connection 0x7f45d80053e0
MOC-R4PCC04U05:661394:661538 [0] NCCL INFO New proxy send connection 11 from local rank 0, transport 0
MOC-R4PCC04U05:661394:662236 [0] NCCL INFO Connected to proxy localRank 0 -> connection 0x7f45d8005458
MOC-R4PCC04U05:661394:661538 [0] NCCL INFO New proxy send connection 12 from local rank 0, transport 0
MOC-R4PCC04U05:661394:662236 [0] NCCL INFO Connected to proxy localRank 0 -> connection 0x7f45d80054d0
MOC-R4PCC04U05:661394:661538 [0] NCCL INFO New proxy send connection 13 from local rank 0, transport 0
MOC-R4PCC04U05:661394:662236 [0] NCCL INFO Connected to proxy localRank 0 -> connection 0x7f45d8005548
MOC-R4PCC04U05:661396:661535 [2] NCCL INFO New proxy send connection 14 from local rank 2, transport 0
MOC-R4PCC04U05:661396:662237 [2] NCCL INFO Connected to proxy localRank 2 -> connection 0x7f503c0055c0
MOC-R4PCC04U05:661396:661535 [2] NCCL INFO New proxy send connection 15 from local rank 2, transport 0
MOC-R4PCC04U05:661396:662237 [2] NCCL INFO Connected to proxy localRank 2 -> connection 0x7f503c005638
MOC-R4PCC04U05:661395:661541 [1] NCCL INFO New proxy recv connection 10 from local rank 1, transport 0
MOC-R4PCC04U05:661395:662238 [1] NCCL INFO Connected to proxy localRank 1 -> connection 0x7f5c700053e0
MOC-R4PCC04U05:661396:661535 [2] NCCL INFO New proxy send connection 16 from local rank 2, transport 0
MOC-R4PCC04U05:661396:662237 [2] NCCL INFO Connected to proxy localRank 2 -> connection 0x7f503c0056b0
MOC-R4PCC04U05:661395:661541 [1] NCCL INFO New proxy recv connection 11 from local rank 1, transport 0
MOC-R4PCC04U05:661395:662238 [1] NCCL INFO Connected to proxy localRank 1 -> connection 0x7f5c70005458
MOC-R4PCC04U05:661396:661535 [2] NCCL INFO New proxy send connection 17 from local rank 2, transport 0
MOC-R4PCC04U05:661396:662237 [2] NCCL INFO Connected to proxy localRank 2 -> connection 0x7f503c005728
MOC-R4PCC04U05:661395:661541 [1] NCCL INFO New proxy recv connection 12 from local rank 1, transport 0
MOC-R4PCC04U05:661395:662238 [1] NCCL INFO Connected to proxy localRank 1 -> connection 0x7f5c700054d0
MOC-R4PCC04U05:661395:661541 [1] NCCL INFO New proxy recv connection 13 from local rank 1, transport 0
MOC-R4PCC04U05:661395:662238 [1] NCCL INFO Connected to proxy localRank 1 -> connection 0x7f5c70005548
MOC-R4PCC04U05:661394:661538 [0] NCCL INFO New proxy recv connection 14 from local rank 0, transport 0
MOC-R4PCC04U05:661394:662236 [0] NCCL INFO Connected to proxy localRank 0 -> connection 0x7f45d80055c0
MOC-R4PCC04U05:661394:661538 [0] NCCL INFO New proxy recv connection 15 from local rank 0, transport 0
MOC-R4PCC04U05:661394:662236 [0] NCCL INFO Connected to proxy localRank 0 -> connection 0x7f45d8005638
MOC-R4PCC04U05:661394:661538 [0] NCCL INFO New proxy recv connection 16 from local rank 0, transport 0
MOC-R4PCC04U05:661394:662236 [0] NCCL INFO Connected to proxy localRank 0 -> connection 0x7f45d80056b0
MOC-R4PCC04U05:661394:661538 [0] NCCL INFO New proxy recv connection 17 from local rank 0, transport 0
MOC-R4PCC04U05:661394:662236 [0] NCCL INFO Connected to proxy localRank 0 -> connection 0x7f45d8005728
MOC-R4PCC04U05:661397:661536 [3] NCCL INFO New proxy recv connection 5 from local rank 3, transport 0
MOC-R4PCC04U05:661397:662239 [3] NCCL INFO Connected to proxy localRank 3 -> connection 0x7fe680005188
MOC-R4PCC04U05:661397:661536 [3] NCCL INFO New proxy recv connection 6 from local rank 3, transport 0
MOC-R4PCC04U05:661397:662239 [3] NCCL INFO Connected to proxy localRank 3 -> connection 0x7fe680005200
MOC-R4PCC04U05:661397:661536 [3] NCCL INFO New proxy recv connection 7 from local rank 3, transport 0
MOC-R4PCC04U05:661397:662239 [3] NCCL INFO Connected to proxy localRank 3 -> connection 0x7fe680005278
MOC-R4PCC04U05:661397:661536 [3] NCCL INFO New proxy recv connection 8 from local rank 3, transport 0
MOC-R4PCC04U05:661397:662239 [3] NCCL INFO Connected to proxy localRank 3 -> connection 0x7fe6800052f0
MOC-R4PCC04U05:661397:661536 [3] NCCL INFO New proxy send connection 9 from local rank 3, transport 0
MOC-R4PCC04U05:661397:662239 [3] NCCL INFO Connected to proxy localRank 3 -> connection 0x7fe680005368
MOC-R4PCC04U05:661396:662237 [2] NCCL INFO GPU Direct RDMA Enabled for GPU 2 / HCA 1 (distance 5 <= 5), read 1 mode Default
MOC-R4PCC04U05:661396:661535 [2] NCCL INFO New proxy send connection 18 from local rank 2, transport 2
MOC-R4PCC04U05:661396:662237 [2] NCCL INFO Connected to proxy localRank 2 -> connection 0x7f503c0057a0
MOC-R4PCC04U05:661397:661536 [3] NCCL INFO New proxy send connection 10 from local rank 3, transport 0
MOC-R4PCC04U05:661396:662237 [2] NCCL INFO Channel 02/0 : 2[2] -> 6[2] [send] via NET/IB/1/GDRDMA
MOC-R4PCC04U05:661397:662239 [3] NCCL INFO Connected to proxy localRank 3 -> connection 0x7fe6800053e0
MOC-R4PCC04U05:661396:662237 [2] NCCL INFO GPU Direct RDMA Enabled for GPU 2 / HCA 1 (distance 5 <= 5), read 1 mode Default
MOC-R4PCC04U05:661396:661535 [2] NCCL INFO New proxy send connection 19 from local rank 2, transport 2
MOC-R4PCC04U05:661396:662237 [2] NCCL INFO Connected to proxy localRank 2 -> connection 0x7f503c005818
MOC-R4PCC04U05:661396:662237 [2] NCCL INFO Channel 03/0 : 2[2] -> 6[2] [send] via NET/IB/1/GDRDMA
MOC-R4PCC04U05:661397:661536 [3] NCCL INFO New proxy send connection 11 from local rank 3, transport 0
MOC-R4PCC04U05:661397:662239 [3] NCCL INFO Connected to proxy localRank 3 -> connection 0x7fe680005458
MOC-R4PCC04U05:661397:661536 [3] NCCL INFO New proxy send connection 12 from local rank 3, transport 0
MOC-R4PCC04U05:661397:662239 [3] NCCL INFO Connected to proxy localRank 3 -> connection 0x7fe6800054d0
MOC-R4PCC04U05:661397:661536 [3] NCCL INFO New proxy send connection 13 from local rank 3, transport 0
MOC-R4PCC04U05:661397:662239 [3] NCCL INFO Connected to proxy localRank 3 -> connection 0x7fe680005548
MOC-R4PCC04U05:661397:661536 [3] NCCL INFO New proxy send connection 14 from local rank 3, transport 0
MOC-R4PCC04U05:661397:662239 [3] NCCL INFO Connected to proxy localRank 3 -> connection 0x7fe6800055c0
MOC-R4PCC04U05:661397:661536 [3] NCCL INFO New proxy send connection 15 from local rank 3, transport 0
MOC-R4PCC04U05:661397:662239 [3] NCCL INFO Connected to proxy localRank 3 -> connection 0x7fe680005638
MOC-R4PCC04U05:661397:661536 [3] NCCL INFO New proxy send connection 16 from local rank 3, transport 0
MOC-R4PCC04U05:661397:662239 [3] NCCL INFO Connected to proxy localRank 3 -> connection 0x7fe6800056b0
MOC-R4PCC04U05:661396:662237 [2] NCCL INFO GPU Direct RDMA Enabled for GPU 2 / HCA 1 (distance 5 <= 5), read 0 mode Default
MOC-R4PCC04U05:661396:661535 [2] NCCL INFO New proxy recv connection 20 from local rank 2, transport 2
MOC-R4PCC04U05:661396:662237 [2] NCCL INFO Connected to proxy localRank 2 -> connection 0x7f503c005890
MOC-R4PCC04U05:661396:662237 [2] NCCL INFO Channel 00/0 : 10[2] -> 2[2] [receive] via NET/IB/1/GDRDMA
MOC-R4PCC04U05:661396:662237 [2] NCCL INFO GPU Direct RDMA Enabled for GPU 2 / HCA 1 (distance 5 <= 5), read 0 mode Default
MOC-R4PCC04U05:661396:661535 [2] NCCL INFO New proxy recv connection 21 from local rank 2, transport 2
MOC-R4PCC04U05:661396:662237 [2] NCCL INFO Connected to proxy localRank 2 -> connection 0x7f503c005908
MOC-R4PCC04U05:661396:662237 [2] NCCL INFO Channel 01/0 : 10[2] -> 2[2] [receive] via NET/IB/1/GDRDMA
MOC-R4PCC04U05:661396:662237 [2] NCCL INFO GPU Direct RDMA Enabled for GPU 2 / HCA 1 (distance 5 <= 5), read 1 mode Default
MOC-R4PCC04U05:661396:661535 [2] NCCL INFO New proxy send connection 22 from local rank 2, transport 2
MOC-R4PCC04U05:661396:662237 [2] NCCL INFO Connected to proxy localRank 2 -> connection 0x7f503c005980
MOC-R4PCC04U05:661396:662237 [2] NCCL INFO Channel 00/0 : 2[2] -> 10[2] [send] via NET/IB/1/GDRDMA
MOC-R4PCC04U05:661396:662237 [2] NCCL INFO GPU Direct RDMA Enabled for GPU 2 / HCA 1 (distance 5 <= 5), read 1 mode Default
MOC-R4PCC04U05:661396:661535 [2] NCCL INFO New proxy send connection 23 from local rank 2, transport 2
MOC-R4PCC04U05:661396:662237 [2] NCCL INFO Connected to proxy localRank 2 -> connection 0x7f503c0059f8
MOC-R4PCC04U05:661396:662237 [2] NCCL INFO Channel 01/0 : 2[2] -> 10[2] [send] via NET/IB/1/GDRDMA
MOC-R4PCC04U05:661396:662237 [2] NCCL INFO GPU Direct RDMA Enabled for GPU 2 / HCA 1 (distance 5 <= 5), read 0 mode Default
MOC-R4PCC04U05:661396:661535 [2] NCCL INFO New proxy recv connection 24 from local rank 2, transport 2
MOC-R4PCC04U05:661396:662237 [2] NCCL INFO Connected to proxy localRank 2 -> connection 0x7f503c005a70
MOC-R4PCC04U05:661396:662237 [2] NCCL INFO Channel 02/0 : 6[2] -> 2[2] [receive] via NET/IB/1/GDRDMA
MOC-R4PCC04U05:661396:662237 [2] NCCL INFO GPU Direct RDMA Enabled for GPU 2 / HCA 1 (distance 5 <= 5), read 0 mode Default
MOC-R4PCC04U05:661396:661535 [2] NCCL INFO New proxy recv connection 25 from local rank 2, transport 2
MOC-R4PCC04U05:661396:662237 [2] NCCL INFO Connected to proxy localRank 2 -> connection 0x7f503c005ae8
MOC-R4PCC04U05:661396:662237 [2] NCCL INFO Channel 03/0 : 6[2] -> 2[2] [receive] via NET/IB/1/GDRDMA
MOC-R4PCC04U05:661396:661535 [2] NCCL INFO New proxy recv connection 26 from local rank 2, transport 0
MOC-R4PCC04U05:661396:662237 [2] NCCL INFO Connected to proxy localRank 2 -> connection 0x7f503c005b60
MOC-R4PCC04U05:661396:661535 [2] NCCL INFO New proxy recv connection 27 from local rank 2, transport 0
MOC-R4PCC04U05:661396:662237 [2] NCCL INFO Connected to proxy localRank 2 -> connection 0x7f503c005bd8
MOC-R4PCC04U05:661396:661535 [2] NCCL INFO New proxy recv connection 28 from local rank 2, transport 0
MOC-R4PCC04U05:661396:662237 [2] NCCL INFO Connected to proxy localRank 2 -> connection 0x7f503c005c50
MOC-R4PCC04U05:661396:661535 [2] NCCL INFO New proxy recv connection 29 from local rank 2, transport 0
MOC-R4PCC04U05:661396:662237 [2] NCCL INFO Connected to proxy localRank 2 -> connection 0x7f503c005cc8
MOC-R4PCC04U05:661397:661536 [3] NCCL INFO New proxy send connection 17 from local rank 2, transport 0
MOC-R4PCC04U05:661396:662237 [2] NCCL INFO Connected to proxy localRank 3 -> connection 0x7fe680005728
MOC-R4PCC04U05:661396:661535 [2] NCCL INFO NET/IB: NCCL Dev 1 IbDev 0 Port 1 qpn 10862 mtu 3 query_ece={supported=1, vendor_id=0x15b3, options=0x30000002, comp_mask=0x0} GID 3 (0/C132A8C0FFFF0000) fifoRkey=0x17a767 fifoLkey=0x17a767
MOC-R4PCC04U05:661396:661535 [2] NCCL INFO NET/IB: NCCL Dev 1 IbDev 0 Port 1 qpn 10865 mtu 3 query_ece={supported=1, vendor_id=0x15b3, options=0x30000002, comp_mask=0x0} GID 3 (0/C132A8C0FFFF0000) fifoRkey=0x17d796 fifoLkey=0x17d796
MOC-R4PCC04U05:661396:661535 [2] NCCL INFO NET/IB: NCCL Dev 1 IbDev 0 Port 1 qpn 10866 mtu 3 query_ece={supported=1, vendor_id=0x15b3, options=0x30000002, comp_mask=0x0} GID 3 (0/C132A8C0FFFF0000) fifoRkey=0x17601f fifoLkey=0x17601f
MOC-R4PCC04U05:661396:661535 [2] NCCL INFO NET/IB: IbDev 0 Port 1 qpn 10790 set_ece={supported=1, vendor_id=0x15b3, options=0x0, comp_mask=0x0}
MOC-R4PCC04U05:661396:661535 [2] NCCL INFO NET/IB: IbDev 0 Port 1 qpn 10792 set_ece={supported=1, vendor_id=0x15b3, options=0x0, comp_mask=0x0}
MOC-R4PCC04U05:661396:661535 [2] NCCL INFO NET/IB: NCCL Dev 1 IbDev 0 Port 1 qpn 10867 mtu 3 query_ece={supported=1, vendor_id=0x15b3, options=0x30000002, comp_mask=0x0} GID 3 (0/C132A8C0FFFF0000) fifoRkey=0x17904f fifoLkey=0x17904f
MOC-R4PCC04U05:661396:661535 [2] NCCL INFO NET/IB: IbDev 0 Port 1 qpn 8237 set_ece={supported=1, vendor_id=0x15b3, options=0x0, comp_mask=0x0}
MOC-R4PCC04U05:661396:661535 [2] NCCL INFO NET/IB: IbDev 0 Port 1 qpn 8248 set_ece={supported=1, vendor_id=0x15b3, options=0x0, comp_mask=0x0}
step    1/10 | train loss 11.009806 | norm 15.3616 | lr 1.00e-04 | (14155.04 ms | 148156 tok/s)
step    2/10 | train loss 10.138540 | norm 5.7423 | lr 1.00e-04 | (386.30 ms | 5428769 tok/s)
step    3/10 | train loss 9.797908 | norm 2.6066 | lr 1.00e-04 | (435.57 ms | 4814754 tok/s)
step    4/10 | train loss 9.628576 | norm 2.1114 | lr 1.00e-04 | (378.97 ms | 5533874 tok/s)
step    5/10 | train loss 9.545595 | norm 2.1044 | lr 1.00e-04 | (381.63 ms | 5495254 tok/s)
step    6/10 | train loss 9.464417 | norm 1.9969 | lr 1.00e-04 | (401.74 ms | 5220140 tok/s)
step    7/10 | train loss 9.378774 | norm 1.9478 | lr 1.00e-04 | (381.00 ms | 5504325 tok/s)
step    8/10 | train loss 9.286812 | norm 1.9138 | lr 1.00e-04 | (379.16 ms | 5531097 tok/s)
step    9/10 | train loss 9.191303 | norm 1.8553 | lr 1.00e-04 | (375.14 ms | 5590358 tok/s)
step   10/10 | train loss 9.107037 | norm 1.7972 | lr 1.00e-04 | (382.28 ms | 5485935 tok/s)
final 9 iters avg: 389.087ms
peak memory consumption: 16601 MiB
