Running pytorch 2.7.0+cu126
using device: cuda:0
total desired batch size: 1179648
=> calculated gradient accumulation steps: 3
using device: cuda:3
using device: cuda:1
using device: cuda:2
compiling the model...
DataLoader: total number of tokens: 1,661,249,667 across 103 files
MOC-R4PCC04U05:572229:572229 [0] NCCL INFO NCCL_SOCKET_IFNAME set to eno7np0
MOC-R4PCC04U05:572229:572229 [0] NCCL INFO NCCL version 2.26.2+cuda12.2
MOC-R4PCC04U05:572230:572230 [1] NCCL INFO NCCL_SOCKET_IFNAME set to eno7np0
MOC-R4PCC04U05:572230:572230 [1] NCCL INFO NCCL version 2.26.2+cuda12.2
MOC-R4PCC04U05:572232:572232 [3] NCCL INFO NCCL_SOCKET_IFNAME set to eno7np0
MOC-R4PCC04U05:572231:572231 [2] NCCL INFO NCCL_SOCKET_IFNAME set to eno7np0
MOC-R4PCC04U05:572232:572232 [3] NCCL INFO NCCL version 2.26.2+cuda12.2
MOC-R4PCC04U05:572231:572231 [2] NCCL INFO NCCL version 2.26.2+cuda12.2
MOC-R4PCC04U05:572229:572356 [0] NCCL INFO NET/Plugin: Could not find: libnccl-net.so. Using internal net plugin.
MOC-R4PCC04U05:572229:572356 [0] NCCL INFO NET/Socket : Using [0]eno7np0:192.168.50.193<0>
MOC-R4PCC04U05:572230:572357 [1] NCCL INFO NET/Plugin: Could not find: libnccl-net.so. Using internal net plugin.
MOC-R4PCC04U05:572230:572357 [1] NCCL INFO NET/Socket : Using [0]eno7np0:192.168.50.193<0>
MOC-R4PCC04U05:572232:572358 [3] NCCL INFO NET/Plugin: Could not find: libnccl-net.so. Using internal net plugin.
MOC-R4PCC04U05:572232:572358 [3] NCCL INFO NET/Socket : Using [0]eno7np0:192.168.50.193<0>
MOC-R4PCC04U05:572231:572359 [2] NCCL INFO NET/Plugin: Could not find: libnccl-net.so. Using internal net plugin.
MOC-R4PCC04U05:572231:572359 [2] NCCL INFO NET/Socket : Using [0]eno7np0:192.168.50.193<0>
MOC-R4PCC04U05:572229:572356 [0] NCCL INFO NET/Socket : GPU Direct RDMA Disabled for HCA 0 'eno7np0'
MOC-R4PCC04U05:572231:572359 [2] NCCL INFO NET/Socket : GPU Direct RDMA Disabled for HCA 0 'eno7np0'
MOC-R4PCC04U05:572232:572358 [3] NCCL INFO NET/Socket : GPU Direct RDMA Disabled for HCA 0 'eno7np0'
MOC-R4PCC04U05:572230:572357 [1] NCCL INFO NET/Socket : GPU Direct RDMA Disabled for HCA 0 'eno7np0'
MOC-R4PCC04U05:572231:572369 [2] NCCL INFO New proxy recv connection 0 from local rank 2, transport 0
MOC-R4PCC04U05:572231:572376 [2] NCCL INFO Connected to proxy localRank 2 -> connection 0x7fe2e8004f30
MOC-R4PCC04U05:572230:572372 [1] NCCL INFO New proxy recv connection 0 from local rank 1, transport 0
MOC-R4PCC04U05:572230:572377 [1] NCCL INFO Connected to proxy localRank 1 -> connection 0x7f3f8c004f30
MOC-R4PCC04U05:572231:572369 [2] NCCL INFO New proxy recv connection 1 from local rank 2, transport 0
MOC-R4PCC04U05:572231:572376 [2] NCCL INFO Connected to proxy localRank 2 -> connection 0x7fe2e8004fa8
MOC-R4PCC04U05:572230:572372 [1] NCCL INFO New proxy recv connection 1 from local rank 1, transport 0
MOC-R4PCC04U05:572230:572377 [1] NCCL INFO Connected to proxy localRank 1 -> connection 0x7f3f8c004fa8
MOC-R4PCC04U05:572232:572368 [3] NCCL INFO New proxy recv connection 0 from local rank 3, transport 0
MOC-R4PCC04U05:572232:572378 [3] NCCL INFO Connected to proxy localRank 3 -> connection 0x7fbfb0004f30
MOC-R4PCC04U05:572232:572368 [3] NCCL INFO New proxy recv connection 1 from local rank 3, transport 0
MOC-R4PCC04U05:572232:572378 [3] NCCL INFO Connected to proxy localRank 3 -> connection 0x7fbfb0004fa8
MOC-R4PCC04U05:572229:572371 [0] NCCL INFO New proxy send connection 0 from local rank 0, transport 0
MOC-R4PCC04U05:572229:572379 [0] NCCL INFO Connected to proxy localRank 0 -> connection 0x7f5238004f30
MOC-R4PCC04U05:572229:572371 [0] NCCL INFO New proxy send connection 1 from local rank 0, transport 0
MOC-R4PCC04U05:572229:572379 [0] NCCL INFO Connected to proxy localRank 0 -> connection 0x7f5238004fa8
MOC-R4PCC04U05:572229:572371 [0] NCCL INFO New proxy send connection 2 from local rank 0, transport 0
MOC-R4PCC04U05:572229:572379 [0] NCCL INFO Connected to proxy localRank 0 -> connection 0x7f5238005020
MOC-R4PCC04U05:572229:572371 [0] NCCL INFO New proxy send connection 3 from local rank 0, transport 0
MOC-R4PCC04U05:572229:572379 [0] NCCL INFO Connected to proxy localRank 0 -> connection 0x7f5238005098
MOC-R4PCC04U05:572232:572368 [3] NCCL INFO New proxy send connection 2 from local rank 3, transport 2
MOC-R4PCC04U05:572232:572378 [3] NCCL INFO Connected to proxy localRank 3 -> connection 0x7fbfb0005020
MOC-R4PCC04U05:572232:572378 [3] NCCL INFO Channel 00/0 : 3[3] -> 6[2] [send] via NET/Socket/0
MOC-R4PCC04U05:572232:572368 [3] NCCL INFO New proxy send connection 3 from local rank 3, transport 2
MOC-R4PCC04U05:572232:572378 [3] NCCL INFO Connected to proxy localRank 3 -> connection 0x7fbfb0005098
MOC-R4PCC04U05:572232:572378 [3] NCCL INFO Channel 02/0 : 3[3] -> 6[2] [send] via NET/Socket/0
MOC-R4PCC04U05:572229:572371 [0] NCCL INFO New proxy recv connection 4 from local rank 0, transport 0
MOC-R4PCC04U05:572229:572379 [0] NCCL INFO Connected to proxy localRank 0 -> connection 0x7f5238005110
MOC-R4PCC04U05:572232:572368 [3] NCCL INFO New proxy recv connection 4 from local rank 3, transport 2
MOC-R4PCC04U05:572232:572378 [3] NCCL INFO Connected to proxy localRank 3 -> connection 0x7fbfb0005110
MOC-R4PCC04U05:572232:572378 [3] NCCL INFO Channel 01/0 : 10[2] -> 3[3] [receive] via NET/Socket/0
MOC-R4PCC04U05:572232:572368 [3] NCCL INFO New proxy recv connection 5 from local rank 3, transport 2
MOC-R4PCC04U05:572232:572378 [3] NCCL INFO Connected to proxy localRank 3 -> connection 0x7fbfb0005188
MOC-R4PCC04U05:572232:572378 [3] NCCL INFO Channel 03/0 : 10[2] -> 3[3] [receive] via NET/Socket/0
MOC-R4PCC04U05:572232:572368 [3] NCCL INFO New proxy send connection 6 from local rank 3, transport 0
MOC-R4PCC04U05:572232:572378 [3] NCCL INFO Connected to proxy localRank 3 -> connection 0x7fbfb0005200
MOC-R4PCC04U05:572232:572368 [3] NCCL INFO New proxy send connection 7 from local rank 3, transport 0
MOC-R4PCC04U05:572232:572378 [3] NCCL INFO Connected to proxy localRank 3 -> connection 0x7fbfb0005278
MOC-R4PCC04U05:572231:572369 [2] NCCL INFO New proxy recv connection 2 from local rank 2, transport 2
MOC-R4PCC04U05:572231:572376 [2] NCCL INFO Connected to proxy localRank 2 -> connection 0x7fe2e8005020
MOC-R4PCC04U05:572230:572372 [1] NCCL INFO New proxy recv connection 2 from local rank 1, transport 0
MOC-R4PCC04U05:572230:572377 [1] NCCL INFO Connected to proxy localRank 1 -> connection 0x7f3f8c005020
MOC-R4PCC04U05:572229:572371 [0] NCCL INFO New proxy recv connection 5 from local rank 0, transport 0
MOC-R4PCC04U05:572229:572379 [0] NCCL INFO Connected to proxy localRank 0 -> connection 0x7f5238005188
MOC-R4PCC04U05:572229:572371 [0] NCCL INFO New proxy send connection 6 from local rank 3, transport 0
MOC-R4PCC04U05:572231:572376 [2] NCCL INFO Channel 00/0 : 11[3] -> 2[2] [receive] via NET/Socket/0
MOC-R4PCC04U05:572232:572378 [3] NCCL INFO Connected to proxy localRank 0 -> connection 0x7f5238005200
MOC-R4PCC04U05:572231:572369 [2] NCCL INFO New proxy recv connection 3 from local rank 2, transport 2
MOC-R4PCC04U05:572231:572376 [2] NCCL INFO Connected to proxy localRank 2 -> connection 0x7fe2e8005098
MOC-R4PCC04U05:572231:572376 [2] NCCL INFO Channel 02/0 : 11[3] -> 2[2] [receive] via NET/Socket/0
MOC-R4PCC04U05:572231:572369 [2] NCCL INFO New proxy send connection 4 from local rank 2, transport 2
MOC-R4PCC04U05:572231:572376 [2] NCCL INFO Connected to proxy localRank 2 -> connection 0x7fe2e8005110
MOC-R4PCC04U05:572231:572376 [2] NCCL INFO Channel 01/0 : 2[2] -> 7[3] [send] via NET/Socket/0
MOC-R4PCC04U05:572231:572369 [2] NCCL INFO New proxy send connection 5 from local rank 2, transport 2
MOC-R4PCC04U05:572231:572376 [2] NCCL INFO Connected to proxy localRank 2 -> connection 0x7fe2e8005188
MOC-R4PCC04U05:572231:572376 [2] NCCL INFO Channel 03/0 : 2[2] -> 7[3] [send] via NET/Socket/0
MOC-R4PCC04U05:572231:572369 [2] NCCL INFO New proxy send connection 6 from local rank 2, transport 0
MOC-R4PCC04U05:572231:572376 [2] NCCL INFO Connected to proxy localRank 2 -> connection 0x7fe2e8005200
MOC-R4PCC04U05:572230:572372 [1] NCCL INFO New proxy recv connection 3 from local rank 1, transport 0
MOC-R4PCC04U05:572230:572377 [1] NCCL INFO Connected to proxy localRank 1 -> connection 0x7f3f8c005098
MOC-R4PCC04U05:572231:572369 [2] NCCL INFO New proxy send connection 7 from local rank 2, transport 0
MOC-R4PCC04U05:572230:572372 [1] NCCL INFO New proxy send connection 4 from local rank 1, transport 0
MOC-R4PCC04U05:572231:572376 [2] NCCL INFO Connected to proxy localRank 2 -> connection 0x7fe2e8005278
MOC-R4PCC04U05:572230:572377 [1] NCCL INFO Connected to proxy localRank 1 -> connection 0x7f3f8c005110
MOC-R4PCC04U05:572229:572371 [0] NCCL INFO New proxy recv connection 7 from local rank 0, transport 0
MOC-R4PCC04U05:572229:572379 [0] NCCL INFO Connected to proxy localRank 0 -> connection 0x7f5238005278
MOC-R4PCC04U05:572230:572372 [1] NCCL INFO New proxy send connection 5 from local rank 1, transport 0
MOC-R4PCC04U05:572230:572377 [1] NCCL INFO Connected to proxy localRank 1 -> connection 0x7f3f8c005188
MOC-R4PCC04U05:572229:572371 [0] NCCL INFO New proxy recv connection 8 from local rank 0, transport 0
MOC-R4PCC04U05:572229:572379 [0] NCCL INFO Connected to proxy localRank 0 -> connection 0x7f52380052f0
MOC-R4PCC04U05:572230:572372 [1] NCCL INFO New proxy send connection 6 from local rank 1, transport 0
MOC-R4PCC04U05:572230:572377 [1] NCCL INFO Connected to proxy localRank 1 -> connection 0x7f3f8c005200
MOC-R4PCC04U05:572230:572372 [1] NCCL INFO New proxy send connection 7 from local rank 1, transport 0
MOC-R4PCC04U05:572230:572377 [1] NCCL INFO Connected to proxy localRank 1 -> connection 0x7f3f8c005278
MOC-R4PCC04U05:572229:572371 [0] NCCL INFO New proxy send connection 9 from local rank 2, transport 0
MOC-R4PCC04U05:572231:572376 [2] NCCL INFO Connected to proxy localRank 0 -> connection 0x7f5238005368
MOC-R4PCC04U05:572231:572369 [2] NCCL INFO New proxy send connection 8 from local rank 0, transport 0
MOC-R4PCC04U05:572229:572379 [0] NCCL INFO Connected to proxy localRank 2 -> connection 0x7fe2e80052f0
MOC-R4PCC04U05:572232:572368 [3] NCCL INFO New proxy send connection 8 from local rank 1, transport 0
MOC-R4PCC04U05:572230:572377 [1] NCCL INFO Connected to proxy localRank 3 -> connection 0x7fbfb00052f0
MOC-R4PCC04U05:572230:572372 [1] NCCL INFO New proxy send connection 8 from local rank 3, transport 0
MOC-R4PCC04U05:572232:572378 [3] NCCL INFO Connected to proxy localRank 1 -> connection 0x7f3f8c0052f0
MOC-R4PCC04U05:572232:572368 [3] NCCL INFO New proxy send connection 9 from local rank 0, transport 0
MOC-R4PCC04U05:572229:572379 [0] NCCL INFO Connected to proxy localRank 3 -> connection 0x7fbfb0005368
MOC-R4PCC04U05:572230:572372 [1] NCCL INFO New proxy send connection 9 from local rank 2, transport 0
MOC-R4PCC04U05:572231:572376 [2] NCCL INFO Connected to proxy localRank 1 -> connection 0x7f3f8c005368
MOC-R4PCC04U05:572229:572371 [0] NCCL INFO New proxy send connection 10 from local rank 1, transport 0
MOC-R4PCC04U05:572230:572377 [1] NCCL INFO Connected to proxy localRank 0 -> connection 0x7f52380053e0
MOC-R4PCC04U05:572230:572372 [1] NCCL INFO New proxy send connection 10 from local rank 0, transport 0
MOC-R4PCC04U05:572229:572379 [0] NCCL INFO Connected to proxy localRank 1 -> connection 0x7f3f8c0053e0
MOC-R4PCC04U05:572231:572369 [2] NCCL INFO New proxy send connection 9 from local rank 1, transport 0
MOC-R4PCC04U05:572230:572377 [1] NCCL INFO Connected to proxy localRank 2 -> connection 0x7fe2e8005368
num decayed parameter tensors: 50, with 124,318,464 parameters
num non-decayed parameter tensors: 98, with 121,344 parameters
using fused AdamW: False
using regular AdamW
MOC-R4PCC04U05:572230:572372 [1] NCCL INFO New proxy recv connection 11 from local rank 1, transport 0
MOC-R4PCC04U05:572230:573087 [1] NCCL INFO Connected to proxy localRank 1 -> connection 0x7f3f8c005458
MOC-R4PCC04U05:572230:572372 [1] NCCL INFO New proxy recv connection 12 from local rank 1, transport 0
MOC-R4PCC04U05:572230:573087 [1] NCCL INFO Connected to proxy localRank 1 -> connection 0x7f3f8c0054d0
MOC-R4PCC04U05:572230:572372 [1] NCCL INFO New proxy recv connection 13 from local rank 1, transport 0
MOC-R4PCC04U05:572230:573087 [1] NCCL INFO Connected to proxy localRank 1 -> connection 0x7f3f8c005548
MOC-R4PCC04U05:572230:572372 [1] NCCL INFO New proxy recv connection 14 from local rank 1, transport 0
MOC-R4PCC04U05:572230:573087 [1] NCCL INFO Connected to proxy localRank 1 -> connection 0x7f3f8c0055c0
MOC-R4PCC04U05:572230:572372 [1] NCCL INFO New proxy send connection 15 from local rank 1, transport 0
MOC-R4PCC04U05:572230:573087 [1] NCCL INFO Connected to proxy localRank 1 -> connection 0x7f3f8c005638
MOC-R4PCC04U05:572230:572372 [1] NCCL INFO New proxy send connection 16 from local rank 1, transport 0
MOC-R4PCC04U05:572230:573087 [1] NCCL INFO Connected to proxy localRank 1 -> connection 0x7f3f8c0056b0
MOC-R4PCC04U05:572230:572372 [1] NCCL INFO New proxy send connection 17 from local rank 1, transport 0
MOC-R4PCC04U05:572230:573087 [1] NCCL INFO Connected to proxy localRank 1 -> connection 0x7f3f8c005728
MOC-R4PCC04U05:572230:572372 [1] NCCL INFO New proxy send connection 18 from local rank 1, transport 0
MOC-R4PCC04U05:572230:573087 [1] NCCL INFO Connected to proxy localRank 1 -> connection 0x7f3f8c0057a0
MOC-R4PCC04U05:572232:572368 [3] NCCL INFO New proxy recv connection 10 from local rank 3, transport 0
MOC-R4PCC04U05:572232:573088 [3] NCCL INFO Connected to proxy localRank 3 -> connection 0x7fbfb00053e0
MOC-R4PCC04U05:572232:572368 [3] NCCL INFO New proxy recv connection 11 from local rank 3, transport 0
MOC-R4PCC04U05:572232:573088 [3] NCCL INFO Connected to proxy localRank 3 -> connection 0x7fbfb0005458
MOC-R4PCC04U05:572231:572369 [2] NCCL INFO New proxy recv connection 10 from local rank 2, transport 0
MOC-R4PCC04U05:572231:573089 [2] NCCL INFO Connected to proxy localRank 2 -> connection 0x7fe2e80053e0
MOC-R4PCC04U05:572231:572369 [2] NCCL INFO New proxy recv connection 11 from local rank 2, transport 0
MOC-R4PCC04U05:572231:573089 [2] NCCL INFO Connected to proxy localRank 2 -> connection 0x7fe2e8005458
MOC-R4PCC04U05:572231:572369 [2] NCCL INFO New proxy recv connection 12 from local rank 2, transport 0
MOC-R4PCC04U05:572231:573089 [2] NCCL INFO Connected to proxy localRank 2 -> connection 0x7fe2e80054d0
MOC-R4PCC04U05:572231:572369 [2] NCCL INFO New proxy recv connection 13 from local rank 2, transport 0
MOC-R4PCC04U05:572231:573089 [2] NCCL INFO Connected to proxy localRank 2 -> connection 0x7fe2e8005548
MOC-R4PCC04U05:572231:572369 [2] NCCL INFO New proxy send connection 14 from local rank 2, transport 0
MOC-R4PCC04U05:572231:573089 [2] NCCL INFO Connected to proxy localRank 2 -> connection 0x7fe2e80055c0
MOC-R4PCC04U05:572231:572369 [2] NCCL INFO New proxy send connection 15 from local rank 2, transport 0
MOC-R4PCC04U05:572231:573089 [2] NCCL INFO Connected to proxy localRank 2 -> connection 0x7fe2e8005638
MOC-R4PCC04U05:572229:572371 [0] NCCL INFO New proxy send connection 11 from local rank 0, transport 0
MOC-R4PCC04U05:572229:573090 [0] NCCL INFO Connected to proxy localRank 0 -> connection 0x7f5238005458
MOC-R4PCC04U05:572229:572371 [0] NCCL INFO New proxy send connection 12 from local rank 0, transport 0
MOC-R4PCC04U05:572229:573090 [0] NCCL INFO Connected to proxy localRank 0 -> connection 0x7f52380054d0
MOC-R4PCC04U05:572229:572371 [0] NCCL INFO New proxy send connection 13 from local rank 0, transport 0
MOC-R4PCC04U05:572229:573090 [0] NCCL INFO Connected to proxy localRank 0 -> connection 0x7f5238005548
MOC-R4PCC04U05:572229:572371 [0] NCCL INFO New proxy send connection 14 from local rank 0, transport 0
MOC-R4PCC04U05:572229:573090 [0] NCCL INFO Connected to proxy localRank 0 -> connection 0x7f52380055c0
MOC-R4PCC04U05:572229:572371 [0] NCCL INFO New proxy send connection 15 from local rank 0, transport 0
MOC-R4PCC04U05:572229:573090 [0] NCCL INFO Connected to proxy localRank 0 -> connection 0x7f5238005638
MOC-R4PCC04U05:572230:572372 [1] NCCL INFO New proxy recv connection 19 from local rank 1, transport 0
MOC-R4PCC04U05:572230:573087 [1] NCCL INFO Connected to proxy localRank 1 -> connection 0x7f3f8c005818
MOC-R4PCC04U05:572229:572371 [0] NCCL INFO New proxy send connection 16 from local rank 0, transport 0
MOC-R4PCC04U05:572229:573090 [0] NCCL INFO Connected to proxy localRank 0 -> connection 0x7f52380056b0
MOC-R4PCC04U05:572230:572372 [1] NCCL INFO New proxy recv connection 20 from local rank 1, transport 0
MOC-R4PCC04U05:572230:573087 [1] NCCL INFO Connected to proxy localRank 1 -> connection 0x7f3f8c005890
MOC-R4PCC04U05:572229:572371 [0] NCCL INFO New proxy recv connection 17 from local rank 0, transport 0
MOC-R4PCC04U05:572229:573090 [0] NCCL INFO Connected to proxy localRank 0 -> connection 0x7f5238005728
MOC-R4PCC04U05:572232:572368 [3] NCCL INFO New proxy recv connection 12 from local rank 3, transport 2
MOC-R4PCC04U05:572232:573088 [3] NCCL INFO Connected to proxy localRank 3 -> connection 0x7fbfb00054d0
MOC-R4PCC04U05:572229:572371 [0] NCCL INFO New proxy recv connection 18 from local rank 0, transport 0
MOC-R4PCC04U05:572229:573090 [0] NCCL INFO Connected to proxy localRank 0 -> connection 0x7f52380057a0
MOC-R4PCC04U05:572229:572371 [0] NCCL INFO New proxy recv connection 19 from local rank 0, transport 0
MOC-R4PCC04U05:572229:573090 [0] NCCL INFO Connected to proxy localRank 0 -> connection 0x7f5238005818
MOC-R4PCC04U05:572232:573088 [3] NCCL INFO Channel 00/0 : 11[3] -> 3[3] [receive] via NET/Socket/0
MOC-R4PCC04U05:572232:572368 [3] NCCL INFO New proxy recv connection 13 from local rank 3, transport 2
MOC-R4PCC04U05:572232:573088 [3] NCCL INFO Connected to proxy localRank 3 -> connection 0x7fbfb0005548
MOC-R4PCC04U05:572232:573088 [3] NCCL INFO Channel 01/0 : 11[3] -> 3[3] [receive] via NET/Socket/0
MOC-R4PCC04U05:572232:572368 [3] NCCL INFO New proxy recv connection 14 from local rank 3, transport 2
MOC-R4PCC04U05:572232:573088 [3] NCCL INFO Connected to proxy localRank 3 -> connection 0x7fbfb00055c0
MOC-R4PCC04U05:572232:573088 [3] NCCL INFO Channel 02/0 : 11[3] -> 3[3] [receive] via NET/Socket/0
MOC-R4PCC04U05:572232:572368 [3] NCCL INFO New proxy recv connection 15 from local rank 3, transport 2
MOC-R4PCC04U05:572232:573088 [3] NCCL INFO Connected to proxy localRank 3 -> connection 0x7fbfb0005638
MOC-R4PCC04U05:572229:572371 [0] NCCL INFO New proxy recv connection 20 from local rank 0, transport 0
MOC-R4PCC04U05:572229:573090 [0] NCCL INFO Connected to proxy localRank 0 -> connection 0x7f5238005890
MOC-R4PCC04U05:572232:573088 [3] NCCL INFO Channel 03/0 : 11[3] -> 3[3] [receive] via NET/Socket/0
MOC-R4PCC04U05:572232:572368 [3] NCCL INFO New proxy send connection 16 from local rank 3, transport 2
MOC-R4PCC04U05:572232:573088 [3] NCCL INFO Connected to proxy localRank 3 -> connection 0x7fbfb00056b0
MOC-R4PCC04U05:572232:573088 [3] NCCL INFO Channel 02/0 : 3[3] -> 7[3] [send] via NET/Socket/0
MOC-R4PCC04U05:572232:572368 [3] NCCL INFO New proxy send connection 17 from local rank 3, transport 2
MOC-R4PCC04U05:572232:573088 [3] NCCL INFO Connected to proxy localRank 3 -> connection 0x7fbfb0005728
MOC-R4PCC04U05:572232:573088 [3] NCCL INFO Channel 03/0 : 3[3] -> 7[3] [send] via NET/Socket/0
MOC-R4PCC04U05:572232:572368 [3] NCCL INFO New proxy recv connection 18 from local rank 3, transport 2
MOC-R4PCC04U05:572232:573088 [3] NCCL INFO Connected to proxy localRank 3 -> connection 0x7fbfb00057a0
MOC-R4PCC04U05:572232:573088 [3] NCCL INFO Channel 02/0 : 7[3] -> 3[3] [receive] via NET/Socket/0
MOC-R4PCC04U05:572232:572368 [3] NCCL INFO New proxy recv connection 19 from local rank 3, transport 2
MOC-R4PCC04U05:572232:573088 [3] NCCL INFO Connected to proxy localRank 3 -> connection 0x7fbfb0005818
MOC-R4PCC04U05:572232:573088 [3] NCCL INFO Channel 03/0 : 7[3] -> 3[3] [receive] via NET/Socket/0
MOC-R4PCC04U05:572232:572368 [3] NCCL INFO New proxy send connection 20 from local rank 3, transport 2
MOC-R4PCC04U05:572232:573088 [3] NCCL INFO Connected to proxy localRank 3 -> connection 0x7fbfb0005890
MOC-R4PCC04U05:572232:573088 [3] NCCL INFO Channel 00/0 : 3[3] -> 11[3] [send] via NET/Socket/0
MOC-R4PCC04U05:572232:572368 [3] NCCL INFO New proxy send connection 21 from local rank 3, transport 2
MOC-R4PCC04U05:572232:573088 [3] NCCL INFO Connected to proxy localRank 3 -> connection 0x7fbfb0005908
MOC-R4PCC04U05:572232:573088 [3] NCCL INFO Channel 01/0 : 3[3] -> 11[3] [send] via NET/Socket/0
MOC-R4PCC04U05:572232:572368 [3] NCCL INFO New proxy send connection 22 from local rank 3, transport 2
MOC-R4PCC04U05:572232:573088 [3] NCCL INFO Connected to proxy localRank 3 -> connection 0x7fbfb0005980
MOC-R4PCC04U05:572232:573088 [3] NCCL INFO Channel 02/0 : 3[3] -> 11[3] [send] via NET/Socket/0
MOC-R4PCC04U05:572232:572368 [3] NCCL INFO New proxy send connection 23 from local rank 3, transport 2
MOC-R4PCC04U05:572232:573088 [3] NCCL INFO Connected to proxy localRank 3 -> connection 0x7fbfb00059f8
MOC-R4PCC04U05:572232:573088 [3] NCCL INFO Channel 03/0 : 3[3] -> 11[3] [send] via NET/Socket/0
MOC-R4PCC04U05:572232:572368 [3] NCCL INFO New proxy send connection 24 from local rank 3, transport 0
MOC-R4PCC04U05:572232:573088 [3] NCCL INFO Connected to proxy localRank 3 -> connection 0x7fbfb0005a70
MOC-R4PCC04U05:572232:572368 [3] NCCL INFO New proxy send connection 25 from local rank 3, transport 0
MOC-R4PCC04U05:572232:573088 [3] NCCL INFO Connected to proxy localRank 3 -> connection 0x7fbfb0005ae8
MOC-R4PCC04U05:572232:572368 [3] NCCL INFO New proxy send connection 26 from local rank 3, transport 0
MOC-R4PCC04U05:572232:573088 [3] NCCL INFO Connected to proxy localRank 3 -> connection 0x7fbfb0005b60
MOC-R4PCC04U05:572232:572368 [3] NCCL INFO New proxy send connection 27 from local rank 3, transport 0
MOC-R4PCC04U05:572232:573088 [3] NCCL INFO Connected to proxy localRank 3 -> connection 0x7fbfb0005bd8
step    1/10 | train loss 11.010328 | norm 15.4838 | lr 1.00e-04 | (14415.39 ms | 81833 tok/s)
step    2/10 | train loss 10.133747 | norm 5.7667 | lr 1.00e-04 | (340.57 ms | 3463788 tok/s)
step    3/10 | train loss 9.791649 | norm 2.6214 | lr 1.00e-04 | (331.88 ms | 3554438 tok/s)
step    4/10 | train loss 9.621452 | norm 2.1220 | lr 1.00e-04 | (336.29 ms | 3507836 tok/s)
step    5/10 | train loss 9.538277 | norm 2.1105 | lr 1.00e-04 | (339.17 ms | 3478073 tok/s)
step    6/10 | train loss 9.456853 | norm 2.0044 | lr 1.00e-04 | (339.32 ms | 3476460 tok/s)
step    7/10 | train loss 9.371298 | norm 1.9533 | lr 1.00e-04 | (331.81 ms | 3555232 tok/s)
step    8/10 | train loss 9.279756 | norm 1.9214 | lr 1.00e-04 | (333.21 ms | 3540239 tok/s)
step    9/10 | train loss 9.184249 | norm 1.8719 | lr 1.00e-04 | (333.55 ms | 3536658 tok/s)
step   10/10 | train loss 9.096460 | norm 1.7977 | lr 1.00e-04 | (333.27 ms | 3539666 tok/s)
final 9 iters avg: 335.451ms
peak memory consumption: 16601 MiB
