Running pytorch 2.7.0+cu126
using device: cuda:0
total desired batch size: 1179648
=> calculated gradient accumulation steps: 3
using device: cuda:1
using device: cuda:3
using device: cuda:2
compiling the model...
DataLoader: total number of tokens: 1,661,249,667 across 103 files
MOC-R4PCC04U05:600517:600517 [0] NCCL INFO NCCL_SOCKET_IFNAME set to eno7np0
MOC-R4PCC04U05:600517:600517 [0] NCCL INFO NCCL version 2.26.2+cuda12.2
MOC-R4PCC04U05:600517:600621 [0] NCCL INFO NET/Plugin: Could not find: libnccl-net.so. Using internal net plugin.
MOC-R4PCC04U05:600517:600621 [0] NCCL INFO NCCL_IB_HCA set to mlx5_5
MOC-R4PCC04U05:600518:600518 [1] NCCL INFO NCCL_SOCKET_IFNAME set to eno7np0
MOC-R4PCC04U05:600518:600518 [1] NCCL INFO NCCL version 2.26.2+cuda12.2
MOC-R4PCC04U05:600517:600621 [0] NCCL INFO NET/IB : Made virtual device [0] name=mlx5_5 speed=400000 ndevs=1
MOC-R4PCC04U05:600517:600621 [0] NCCL INFO NET/IB : Using [0]mlx5_5:1/RoCE [RO]; OOB eno7np0:192.168.50.193<0>
MOC-R4PCC04U05:600520:600520 [3] NCCL INFO NCCL_SOCKET_IFNAME set to eno7np0
MOC-R4PCC04U05:600520:600520 [3] NCCL INFO NCCL version 2.26.2+cuda12.2
MOC-R4PCC04U05:600519:600519 [2] NCCL INFO NCCL_SOCKET_IFNAME set to eno7np0
MOC-R4PCC04U05:600519:600519 [2] NCCL INFO NCCL version 2.26.2+cuda12.2
MOC-R4PCC04U05:600518:600643 [1] NCCL INFO NET/Plugin: Could not find: libnccl-net.so. Using internal net plugin.
MOC-R4PCC04U05:600518:600643 [1] NCCL INFO NCCL_IB_HCA set to mlx5_5
MOC-R4PCC04U05:600518:600643 [1] NCCL INFO NET/IB : Made virtual device [0] name=mlx5_5 speed=400000 ndevs=1
MOC-R4PCC04U05:600518:600643 [1] NCCL INFO NET/IB : Using [0]mlx5_5:1/RoCE [RO]; OOB eno7np0:192.168.50.193<0>
MOC-R4PCC04U05:600520:600645 [3] NCCL INFO NET/Plugin: Could not find: libnccl-net.so. Using internal net plugin.
MOC-R4PCC04U05:600520:600645 [3] NCCL INFO NCCL_IB_HCA set to mlx5_5
MOC-R4PCC04U05:600520:600645 [3] NCCL INFO NET/IB : Made virtual device [0] name=mlx5_5 speed=400000 ndevs=1
MOC-R4PCC04U05:600520:600645 [3] NCCL INFO NET/IB : Using [0]mlx5_5:1/RoCE [RO]; OOB eno7np0:192.168.50.193<0>
MOC-R4PCC04U05:600519:600646 [2] NCCL INFO NET/Plugin: Could not find: libnccl-net.so. Using internal net plugin.
MOC-R4PCC04U05:600519:600646 [2] NCCL INFO NCCL_IB_HCA set to mlx5_5
MOC-R4PCC04U05:600519:600646 [2] NCCL INFO NET/IB : Made virtual device [0] name=mlx5_5 speed=400000 ndevs=1
MOC-R4PCC04U05:600519:600646 [2] NCCL INFO NET/IB : Using [0]mlx5_5:1/RoCE [RO]; OOB eno7np0:192.168.50.193<0>
MOC-R4PCC04U05:600520:600645 [3] NCCL INFO NET/IB : GPU Direct RDMA Enabled for HCA 0 'mlx5_5'
MOC-R4PCC04U05:600520:600645 [3] NCCL INFO NET/IB : Made virtual device [1] name=mlx5_5 speed=400000 ndevs=1
MOC-R4PCC04U05:600520:600645 [3] NCCL INFO NET/IB : GPU Direct RDMA Enabled for HCA 0 'mlx5_5'
MOC-R4PCC04U05:600520:600645 [3] NCCL INFO NET/IB : GPU Direct RDMA Enabled for HCA 1 'mlx5_5'
MOC-R4PCC04U05:600518:600643 [1] NCCL INFO NET/IB : GPU Direct RDMA Enabled for HCA 0 'mlx5_5'
MOC-R4PCC04U05:600518:600643 [1] NCCL INFO NET/IB : Made virtual device [1] name=mlx5_5 speed=400000 ndevs=1
MOC-R4PCC04U05:600518:600643 [1] NCCL INFO NET/IB : GPU Direct RDMA Enabled for HCA 0 'mlx5_5'
MOC-R4PCC04U05:600518:600643 [1] NCCL INFO NET/IB : GPU Direct RDMA Enabled for HCA 1 'mlx5_5'
MOC-R4PCC04U05:600517:600621 [0] NCCL INFO NET/IB : GPU Direct RDMA Enabled for HCA 0 'mlx5_5'
MOC-R4PCC04U05:600517:600621 [0] NCCL INFO NET/IB : Made virtual device [1] name=mlx5_5 speed=400000 ndevs=1
MOC-R4PCC04U05:600517:600621 [0] NCCL INFO NET/IB : GPU Direct RDMA Enabled for HCA 0 'mlx5_5'
MOC-R4PCC04U05:600517:600621 [0] NCCL INFO NET/IB : GPU Direct RDMA Enabled for HCA 1 'mlx5_5'
MOC-R4PCC04U05:600519:600646 [2] NCCL INFO NET/IB : GPU Direct RDMA Enabled for HCA 0 'mlx5_5'
MOC-R4PCC04U05:600519:600646 [2] NCCL INFO NET/IB : Made virtual device [1] name=mlx5_5 speed=400000 ndevs=1
MOC-R4PCC04U05:600519:600646 [2] NCCL INFO NET/IB : GPU Direct RDMA Enabled for HCA 0 'mlx5_5'
MOC-R4PCC04U05:600519:600646 [2] NCCL INFO NET/IB : GPU Direct RDMA Enabled for HCA 1 'mlx5_5'
MOC-R4PCC04U05:600519:600646 [2] NCCL INFO NCCL_NET_GDR_LEVEL set by environment to LOC
MOC-R4PCC04U05:600519:600646 [2] NCCL INFO GPU Direct RDMA Disabled for GPU 0 / HCA 1 (distance 5 > 0)
MOC-R4PCC04U05:600519:600646 [2] NCCL INFO GPU Direct RDMA Disabled for GPU 1 / HCA 1 (distance 5 > 0)
MOC-R4PCC04U05:600519:600646 [2] NCCL INFO GPU Direct RDMA Disabled for GPU 2 / HCA 1 (distance 5 > 0)
MOC-R4PCC04U05:600519:600646 [2] NCCL INFO GPU Direct RDMA Disabled for GPU 0 / HCA 1 (distance 5 > 0)
MOC-R4PCC04U05:600519:600646 [2] NCCL INFO GPU Direct RDMA Disabled for GPU 1 / HCA 1 (distance 5 > 0)
MOC-R4PCC04U05:600519:600646 [2] NCCL INFO GPU Direct RDMA Disabled for GPU 2 / HCA 1 (distance 5 > 0)
MOC-R4PCC04U05:600518:600643 [1] NCCL INFO NCCL_NET_GDR_LEVEL set by environment to LOC
MOC-R4PCC04U05:600518:600643 [1] NCCL INFO GPU Direct RDMA Disabled for GPU 0 / HCA 1 (distance 5 > 0)
MOC-R4PCC04U05:600518:600643 [1] NCCL INFO GPU Direct RDMA Disabled for GPU 1 / HCA 1 (distance 5 > 0)
MOC-R4PCC04U05:600518:600643 [1] NCCL INFO GPU Direct RDMA Disabled for GPU 2 / HCA 1 (distance 5 > 0)
MOC-R4PCC04U05:600518:600643 [1] NCCL INFO GPU Direct RDMA Disabled for GPU 0 / HCA 1 (distance 5 > 0)
MOC-R4PCC04U05:600518:600643 [1] NCCL INFO GPU Direct RDMA Disabled for GPU 1 / HCA 1 (distance 5 > 0)
MOC-R4PCC04U05:600518:600643 [1] NCCL INFO GPU Direct RDMA Disabled for GPU 2 / HCA 1 (distance 5 > 0)
MOC-R4PCC04U05:600517:600621 [0] NCCL INFO NCCL_NET_GDR_LEVEL set by environment to LOC
MOC-R4PCC04U05:600517:600621 [0] NCCL INFO GPU Direct RDMA Disabled for GPU 0 / HCA 1 (distance 5 > 0)
MOC-R4PCC04U05:600517:600621 [0] NCCL INFO GPU Direct RDMA Disabled for GPU 1 / HCA 1 (distance 5 > 0)
MOC-R4PCC04U05:600517:600621 [0] NCCL INFO GPU Direct RDMA Disabled for GPU 2 / HCA 1 (distance 5 > 0)
MOC-R4PCC04U05:600517:600621 [0] NCCL INFO GPU Direct RDMA Disabled for GPU 0 / HCA 1 (distance 5 > 0)
MOC-R4PCC04U05:600517:600621 [0] NCCL INFO GPU Direct RDMA Disabled for GPU 1 / HCA 1 (distance 5 > 0)
MOC-R4PCC04U05:600517:600621 [0] NCCL INFO GPU Direct RDMA Disabled for GPU 2 / HCA 1 (distance 5 > 0)
MOC-R4PCC04U05:600520:600645 [3] NCCL INFO NCCL_NET_GDR_LEVEL set by environment to LOC
MOC-R4PCC04U05:600520:600645 [3] NCCL INFO GPU Direct RDMA Disabled for GPU 0 / HCA 1 (distance 5 > 0)
MOC-R4PCC04U05:600520:600645 [3] NCCL INFO GPU Direct RDMA Disabled for GPU 1 / HCA 1 (distance 5 > 0)
MOC-R4PCC04U05:600520:600645 [3] NCCL INFO GPU Direct RDMA Disabled for GPU 2 / HCA 1 (distance 5 > 0)
MOC-R4PCC04U05:600520:600645 [3] NCCL INFO GPU Direct RDMA Disabled for GPU 0 / HCA 1 (distance 5 > 0)
MOC-R4PCC04U05:600520:600645 [3] NCCL INFO GPU Direct RDMA Disabled for GPU 1 / HCA 1 (distance 5 > 0)
MOC-R4PCC04U05:600520:600645 [3] NCCL INFO GPU Direct RDMA Disabled for GPU 2 / HCA 1 (distance 5 > 0)
MOC-R4PCC04U05:600519:600661 [2] NCCL INFO New proxy recv connection 0 from local rank 2, transport 0
MOC-R4PCC04U05:600519:600668 [2] NCCL INFO Connected to proxy localRank 2 -> connection 0x7f0c04004f30
MOC-R4PCC04U05:600517:600664 [0] NCCL INFO New proxy send connection 0 from local rank 0, transport 0
MOC-R4PCC04U05:600517:600669 [0] NCCL INFO Connected to proxy localRank 0 -> connection 0x7f5cdc004f30
MOC-R4PCC04U05:600517:600664 [0] NCCL INFO New proxy send connection 1 from local rank 0, transport 0
MOC-R4PCC04U05:600519:600661 [2] NCCL INFO New proxy recv connection 1 from local rank 2, transport 0
MOC-R4PCC04U05:600517:600669 [0] NCCL INFO Connected to proxy localRank 0 -> connection 0x7f5cdc004fa8
MOC-R4PCC04U05:600519:600668 [2] NCCL INFO Connected to proxy localRank 2 -> connection 0x7f0c04004fa8
MOC-R4PCC04U05:600518:600662 [1] NCCL INFO New proxy recv connection 0 from local rank 1, transport 0
MOC-R4PCC04U05:600518:600670 [1] NCCL INFO Connected to proxy localRank 1 -> connection 0x7fdcc0004f30
MOC-R4PCC04U05:600519:600668 [2] NCCL INFO GPU Direct RDMA Disabled for GPU 2 / HCA 1 (distance 7 > 0)
MOC-R4PCC04U05:600517:600664 [0] NCCL INFO New proxy send connection 2 from local rank 0, transport 0
MOC-R4PCC04U05:600517:600669 [0] NCCL INFO Connected to proxy localRank 0 -> connection 0x7f5cdc005020
MOC-R4PCC04U05:600518:600662 [1] NCCL INFO New proxy recv connection 1 from local rank 1, transport 0
MOC-R4PCC04U05:600518:600670 [1] NCCL INFO Connected to proxy localRank 1 -> connection 0x7fdcc0004fa8
MOC-R4PCC04U05:600517:600664 [0] NCCL INFO New proxy send connection 3 from local rank 0, transport 0
MOC-R4PCC04U05:600517:600669 [0] NCCL INFO Connected to proxy localRank 0 -> connection 0x7f5cdc005098
MOC-R4PCC04U05:600520:600660 [3] NCCL INFO New proxy recv connection 0 from local rank 3, transport 0
MOC-R4PCC04U05:600520:600671 [3] NCCL INFO Connected to proxy localRank 3 -> connection 0x7f25f0004f30
MOC-R4PCC04U05:600520:600660 [3] NCCL INFO New proxy recv connection 1 from local rank 3, transport 0
MOC-R4PCC04U05:600520:600671 [3] NCCL INFO Connected to proxy localRank 3 -> connection 0x7f25f0004fa8
MOC-R4PCC04U05:600520:600671 [3] NCCL INFO GPU Direct RDMA Disabled for GPU 3 / HCA 1 (distance 7 > 0)
MOC-R4PCC04U05:600519:600661 [2] NCCL INFO New proxy recv connection 2 from local rank 2, transport 2
MOC-R4PCC04U05:600519:600668 [2] NCCL INFO Connected to proxy localRank 2 -> connection 0x7f0c04005020
MOC-R4PCC04U05:600519:600668 [2] NCCL INFO Channel 00/0 : 11[3] -> 2[2] [receive] via NET/IB/1
MOC-R4PCC04U05:600519:600668 [2] NCCL INFO GPU Direct RDMA Disabled for GPU 2 / HCA 1 (distance 7 > 0)
MOC-R4PCC04U05:600519:600661 [2] NCCL INFO New proxy recv connection 3 from local rank 2, transport 2
MOC-R4PCC04U05:600519:600668 [2] NCCL INFO Connected to proxy localRank 2 -> connection 0x7f0c04005098
MOC-R4PCC04U05:600519:600668 [2] NCCL INFO Channel 02/0 : 11[3] -> 2[2] [receive] via NET/IB/1
MOC-R4PCC04U05:600520:600660 [3] NCCL INFO New proxy send connection 2 from local rank 3, transport 2
MOC-R4PCC04U05:600520:600671 [3] NCCL INFO Connected to proxy localRank 3 -> connection 0x7f25f0005020
MOC-R4PCC04U05:600520:600671 [3] NCCL INFO Channel 00/0 : 3[3] -> 6[2] [send] via NET/IB/1
MOC-R4PCC04U05:600520:600671 [3] NCCL INFO GPU Direct RDMA Disabled for GPU 3 / HCA 1 (distance 7 > 0)
MOC-R4PCC04U05:600520:600660 [3] NCCL INFO New proxy send connection 3 from local rank 3, transport 2
MOC-R4PCC04U05:600520:600671 [3] NCCL INFO Connected to proxy localRank 3 -> connection 0x7f25f0005098
MOC-R4PCC04U05:600520:600671 [3] NCCL INFO Channel 02/0 : 3[3] -> 6[2] [send] via NET/IB/1
MOC-R4PCC04U05:600517:600664 [0] NCCL INFO New proxy recv connection 4 from local rank 0, transport 0
MOC-R4PCC04U05:600517:600669 [0] NCCL INFO Connected to proxy localRank 0 -> connection 0x7f5cdc005110
MOC-R4PCC04U05:600520:600671 [3] NCCL INFO GPU Direct RDMA Disabled for GPU 3 / HCA 1 (distance 7 > 0)
MOC-R4PCC04U05:600520:600660 [3] NCCL INFO New proxy recv connection 4 from local rank 3, transport 2
MOC-R4PCC04U05:600520:600671 [3] NCCL INFO Connected to proxy localRank 3 -> connection 0x7f25f0005110
MOC-R4PCC04U05:600520:600671 [3] NCCL INFO Channel 01/0 : 10[2] -> 3[3] [receive] via NET/IB/1
MOC-R4PCC04U05:600520:600671 [3] NCCL INFO GPU Direct RDMA Disabled for GPU 3 / HCA 1 (distance 7 > 0)
MOC-R4PCC04U05:600520:600660 [3] NCCL INFO New proxy recv connection 5 from local rank 3, transport 2
MOC-R4PCC04U05:600520:600671 [3] NCCL INFO Connected to proxy localRank 3 -> connection 0x7f25f0005188
MOC-R4PCC04U05:600520:600671 [3] NCCL INFO Channel 03/0 : 10[2] -> 3[3] [receive] via NET/IB/1
MOC-R4PCC04U05:600517:600664 [0] NCCL INFO New proxy recv connection 5 from local rank 0, transport 0
MOC-R4PCC04U05:600517:600669 [0] NCCL INFO Connected to proxy localRank 0 -> connection 0x7f5cdc005188
MOC-R4PCC04U05:600520:600660 [3] NCCL INFO New proxy send connection 6 from local rank 3, transport 0
MOC-R4PCC04U05:600520:600671 [3] NCCL INFO Connected to proxy localRank 3 -> connection 0x7f25f0005200
MOC-R4PCC04U05:600519:600668 [2] NCCL INFO GPU Direct RDMA Disabled for GPU 2 / HCA 1 (distance 7 > 0)
MOC-R4PCC04U05:600519:600661 [2] NCCL INFO New proxy send connection 4 from local rank 2, transport 2
MOC-R4PCC04U05:600519:600668 [2] NCCL INFO Connected to proxy localRank 2 -> connection 0x7f0c04005110
MOC-R4PCC04U05:600519:600668 [2] NCCL INFO Channel 01/0 : 2[2] -> 7[3] [send] via NET/IB/1
MOC-R4PCC04U05:600519:600668 [2] NCCL INFO GPU Direct RDMA Disabled for GPU 2 / HCA 1 (distance 7 > 0)
MOC-R4PCC04U05:600519:600661 [2] NCCL INFO New proxy send connection 5 from local rank 2, transport 2
MOC-R4PCC04U05:600519:600668 [2] NCCL INFO Connected to proxy localRank 2 -> connection 0x7f0c04005188
MOC-R4PCC04U05:600519:600668 [2] NCCL INFO Channel 03/0 : 2[2] -> 7[3] [send] via NET/IB/1
MOC-R4PCC04U05:600519:600661 [2] NCCL INFO New proxy send connection 6 from local rank 2, transport 0
MOC-R4PCC04U05:600519:600668 [2] NCCL INFO Connected to proxy localRank 2 -> connection 0x7f0c04005200
MOC-R4PCC04U05:600520:600660 [3] NCCL INFO New proxy send connection 7 from local rank 3, transport 0
MOC-R4PCC04U05:600520:600671 [3] NCCL INFO Connected to proxy localRank 3 -> connection 0x7f25f0005278
MOC-R4PCC04U05:600519:600661 [2] NCCL INFO New proxy send connection 7 from local rank 2, transport 0
MOC-R4PCC04U05:600519:600668 [2] NCCL INFO Connected to proxy localRank 2 -> connection 0x7f0c04005278
MOC-R4PCC04U05:600517:600664 [0] NCCL INFO New proxy recv connection 6 from local rank 0, transport 0
MOC-R4PCC04U05:600517:600669 [0] NCCL INFO Connected to proxy localRank 0 -> connection 0x7f5cdc005200
MOC-R4PCC04U05:600518:600662 [1] NCCL INFO New proxy recv connection 2 from local rank 1, transport 0
MOC-R4PCC04U05:600518:600670 [1] NCCL INFO Connected to proxy localRank 1 -> connection 0x7fdcc0005020
MOC-R4PCC04U05:600517:600664 [0] NCCL INFO New proxy recv connection 7 from local rank 0, transport 0
MOC-R4PCC04U05:600517:600669 [0] NCCL INFO Connected to proxy localRank 0 -> connection 0x7f5cdc005278
MOC-R4PCC04U05:600517:600664 [0] NCCL INFO New proxy send connection 8 from local rank 3, transport 0
MOC-R4PCC04U05:600520:600671 [3] NCCL INFO Connected to proxy localRank 0 -> connection 0x7f5cdc0052f0
MOC-R4PCC04U05:600518:600662 [1] NCCL INFO New proxy recv connection 3 from local rank 1, transport 0
MOC-R4PCC04U05:600518:600670 [1] NCCL INFO Connected to proxy localRank 1 -> connection 0x7fdcc0005098
MOC-R4PCC04U05:600518:600662 [1] NCCL INFO New proxy send connection 4 from local rank 1, transport 0
MOC-R4PCC04U05:600518:600670 [1] NCCL INFO Connected to proxy localRank 1 -> connection 0x7fdcc0005110
MOC-R4PCC04U05:600518:600662 [1] NCCL INFO New proxy send connection 5 from local rank 1, transport 0
MOC-R4PCC04U05:600518:600670 [1] NCCL INFO Connected to proxy localRank 1 -> connection 0x7fdcc0005188
MOC-R4PCC04U05:600520:600660 [3] NCCL INFO NET/IB: NCCL Dev 1 IbDev 0 Port 1 qpn 9722 mtu 3 query_ece={supported=1, vendor_id=0x15b3, options=0x30000002, comp_mask=0x0} GID 3 (0/C132A8C0FFFF0000) fifoRkey=0x17a767 fifoLkey=0x17a767
MOC-R4PCC04U05:600518:600662 [1] NCCL INFO New proxy send connection 6 from local rank 1, transport 0
MOC-R4PCC04U05:600518:600670 [1] NCCL INFO Connected to proxy localRank 1 -> connection 0x7fdcc0005200
MOC-R4PCC04U05:600518:600662 [1] NCCL INFO New proxy send connection 7 from local rank 1, transport 0
MOC-R4PCC04U05:600518:600670 [1] NCCL INFO Connected to proxy localRank 1 -> connection 0x7fdcc0005278
MOC-R4PCC04U05:600517:600664 [0] NCCL INFO New proxy send connection 9 from local rank 2, transport 0
MOC-R4PCC04U05:600520:600660 [3] NCCL INFO New proxy send connection 8 from local rank 1, transport 0
MOC-R4PCC04U05:600519:600668 [2] NCCL INFO Connected to proxy localRank 0 -> connection 0x7f5cdc005368
MOC-R4PCC04U05:600518:600670 [1] NCCL INFO Connected to proxy localRank 3 -> connection 0x7f25f00052f0
MOC-R4PCC04U05:600519:600661 [2] NCCL INFO New proxy send connection 8 from local rank 0, transport 0
MOC-R4PCC04U05:600517:600669 [0] NCCL INFO Connected to proxy localRank 2 -> connection 0x7f0c040052f0
MOC-R4PCC04U05:600518:600662 [1] NCCL INFO New proxy send connection 8 from local rank 3, transport 0
MOC-R4PCC04U05:600520:600671 [3] NCCL INFO Connected to proxy localRank 1 -> connection 0x7fdcc00052f0
MOC-R4PCC04U05:600520:600660 [3] NCCL INFO NET/IB: IbDev 0 Port 1 qpn 9426 set_ece={supported=1, vendor_id=0x15b3, options=0x0, comp_mask=0x0}
MOC-R4PCC04U05:600520:600660 [3] NCCL INFO NET/IB: NCCL Dev 1 IbDev 0 Port 1 qpn 9723 mtu 3 query_ece={supported=1, vendor_id=0x15b3, options=0x30000002, comp_mask=0x0} GID 3 (0/C132A8C0FFFF0000) fifoRkey=0x16ba7a fifoLkey=0x16ba7a
MOC-R4PCC04U05:600518:600662 [1] NCCL INFO New proxy send connection 9 from local rank 2, transport 0
MOC-R4PCC04U05:600519:600668 [2] NCCL INFO Connected to proxy localRank 1 -> connection 0x7fdcc0005368
MOC-R4PCC04U05:600519:600661 [2] NCCL INFO NET/IB: NCCL Dev 1 IbDev 0 Port 1 qpn 9728 mtu 3 query_ece={supported=1, vendor_id=0x15b3, options=0x30000002, comp_mask=0x0} GID 3 (0/C132A8C0FFFF0000) fifoRkey=0x17d796 fifoLkey=0x17d796
MOC-R4PCC04U05:600519:600661 [2] NCCL INFO NET/IB: NCCL Dev 1 IbDev 0 Port 1 qpn 9729 mtu 3 query_ece={supported=1, vendor_id=0x15b3, options=0x30000002, comp_mask=0x0} GID 3 (0/C132A8C0FFFF0000) fifoRkey=0x172eed fifoLkey=0x172eed
MOC-R4PCC04U05:600520:600660 [3] NCCL INFO NET/IB: IbDev 0 Port 1 qpn 9428 set_ece={supported=1, vendor_id=0x15b3, options=0x0, comp_mask=0x0}
MOC-R4PCC04U05:600519:600661 [2] NCCL INFO NET/IB: IbDev 0 Port 1 qpn 9430 set_ece={supported=1, vendor_id=0x15b3, options=0x0, comp_mask=0x0}
MOC-R4PCC04U05:600517:600664 [0] NCCL INFO New proxy send connection 10 from local rank 1, transport 0
MOC-R4PCC04U05:600518:600670 [1] NCCL INFO Connected to proxy localRank 0 -> connection 0x7f5cdc0053e0
MOC-R4PCC04U05:600519:600661 [2] NCCL INFO NET/IB: IbDev 0 Port 1 qpn 9432 set_ece={supported=1, vendor_id=0x15b3, options=0x0, comp_mask=0x0}
MOC-R4PCC04U05:600520:600660 [3] NCCL INFO New proxy send connection 9 from local rank 0, transport 0
MOC-R4PCC04U05:600517:600669 [0] NCCL INFO Connected to proxy localRank 3 -> connection 0x7f25f0005368
MOC-R4PCC04U05:600519:600661 [2] NCCL INFO New proxy send connection 9 from local rank 1, transport 0
MOC-R4PCC04U05:600518:600670 [1] NCCL INFO Connected to proxy localRank 2 -> connection 0x7f0c04005368
MOC-R4PCC04U05:600518:600662 [1] NCCL INFO New proxy send connection 10 from local rank 0, transport 0
MOC-R4PCC04U05:600517:600669 [0] NCCL INFO Connected to proxy localRank 1 -> connection 0x7fdcc00053e0
num decayed parameter tensors: 50, with 124,318,464 parameters
num non-decayed parameter tensors: 98, with 121,344 parameters
using fused AdamW: False
using regular AdamW
MOC-R4PCC04U05:600518:600662 [1] NCCL INFO New proxy recv connection 11 from local rank 1, transport 0
MOC-R4PCC04U05:600518:601362 [1] NCCL INFO Connected to proxy localRank 1 -> connection 0x7fdcc0005458
MOC-R4PCC04U05:600518:600662 [1] NCCL INFO New proxy recv connection 12 from local rank 1, transport 0
MOC-R4PCC04U05:600518:601362 [1] NCCL INFO Connected to proxy localRank 1 -> connection 0x7fdcc00054d0
MOC-R4PCC04U05:600518:600662 [1] NCCL INFO New proxy recv connection 13 from local rank 1, transport 0
MOC-R4PCC04U05:600518:601362 [1] NCCL INFO Connected to proxy localRank 1 -> connection 0x7fdcc0005548
MOC-R4PCC04U05:600518:600662 [1] NCCL INFO New proxy recv connection 14 from local rank 1, transport 0
MOC-R4PCC04U05:600518:601362 [1] NCCL INFO Connected to proxy localRank 1 -> connection 0x7fdcc00055c0
MOC-R4PCC04U05:600518:600662 [1] NCCL INFO New proxy send connection 15 from local rank 1, transport 0
MOC-R4PCC04U05:600518:601362 [1] NCCL INFO Connected to proxy localRank 1 -> connection 0x7fdcc0005638
MOC-R4PCC04U05:600518:600662 [1] NCCL INFO New proxy send connection 16 from local rank 1, transport 0
MOC-R4PCC04U05:600518:601362 [1] NCCL INFO Connected to proxy localRank 1 -> connection 0x7fdcc00056b0
MOC-R4PCC04U05:600518:600662 [1] NCCL INFO New proxy send connection 17 from local rank 1, transport 0
MOC-R4PCC04U05:600518:601362 [1] NCCL INFO Connected to proxy localRank 1 -> connection 0x7fdcc0005728
MOC-R4PCC04U05:600518:600662 [1] NCCL INFO New proxy send connection 18 from local rank 1, transport 0
MOC-R4PCC04U05:600518:601362 [1] NCCL INFO Connected to proxy localRank 1 -> connection 0x7fdcc00057a0
MOC-R4PCC04U05:600517:600664 [0] NCCL INFO New proxy send connection 11 from local rank 0, transport 0
MOC-R4PCC04U05:600517:601363 [0] NCCL INFO Connected to proxy localRank 0 -> connection 0x7f5cdc005458
MOC-R4PCC04U05:600517:600664 [0] NCCL INFO New proxy send connection 12 from local rank 0, transport 0
MOC-R4PCC04U05:600517:601363 [0] NCCL INFO Connected to proxy localRank 0 -> connection 0x7f5cdc0054d0
MOC-R4PCC04U05:600517:600664 [0] NCCL INFO New proxy send connection 13 from local rank 0, transport 0
MOC-R4PCC04U05:600517:601363 [0] NCCL INFO Connected to proxy localRank 0 -> connection 0x7f5cdc005548
MOC-R4PCC04U05:600517:600664 [0] NCCL INFO New proxy send connection 14 from local rank 0, transport 0
MOC-R4PCC04U05:600517:601363 [0] NCCL INFO Connected to proxy localRank 0 -> connection 0x7f5cdc0055c0
MOC-R4PCC04U05:600517:600664 [0] NCCL INFO New proxy send connection 15 from local rank 0, transport 0
MOC-R4PCC04U05:600517:601363 [0] NCCL INFO Connected to proxy localRank 0 -> connection 0x7f5cdc005638
MOC-R4PCC04U05:600517:600664 [0] NCCL INFO New proxy send connection 16 from local rank 0, transport 0
MOC-R4PCC04U05:600517:601363 [0] NCCL INFO Connected to proxy localRank 0 -> connection 0x7f5cdc0056b0
MOC-R4PCC04U05:600520:600660 [3] NCCL INFO New proxy recv connection 10 from local rank 3, transport 0
MOC-R4PCC04U05:600520:601364 [3] NCCL INFO Connected to proxy localRank 3 -> connection 0x7f25f00053e0
MOC-R4PCC04U05:600520:600660 [3] NCCL INFO New proxy recv connection 11 from local rank 3, transport 0
MOC-R4PCC04U05:600520:601364 [3] NCCL INFO Connected to proxy localRank 3 -> connection 0x7f25f0005458
MOC-R4PCC04U05:600520:601364 [3] NCCL INFO GPU Direct RDMA Disabled for GPU 3 / HCA 1 (distance 7 > 0)
MOC-R4PCC04U05:600520:600660 [3] NCCL INFO New proxy recv connection 12 from local rank 3, transport 2
MOC-R4PCC04U05:600520:601364 [3] NCCL INFO Connected to proxy localRank 3 -> connection 0x7f25f00054d0
MOC-R4PCC04U05:600517:600664 [0] NCCL INFO New proxy recv connection 17 from local rank 0, transport 0
MOC-R4PCC04U05:600520:601364 [3] NCCL INFO Channel 00/0 : 11[3] -> 3[3] [receive] via NET/IB/1
MOC-R4PCC04U05:600517:601363 [0] NCCL INFO Connected to proxy localRank 0 -> connection 0x7f5cdc005728
MOC-R4PCC04U05:600520:601364 [3] NCCL INFO GPU Direct RDMA Disabled for GPU 3 / HCA 1 (distance 7 > 0)
MOC-R4PCC04U05:600520:600660 [3] NCCL INFO New proxy recv connection 13 from local rank 3, transport 2
MOC-R4PCC04U05:600520:601364 [3] NCCL INFO Connected to proxy localRank 3 -> connection 0x7f25f0005548
MOC-R4PCC04U05:600520:601364 [3] NCCL INFO Channel 01/0 : 11[3] -> 3[3] [receive] via NET/IB/1
MOC-R4PCC04U05:600520:601364 [3] NCCL INFO GPU Direct RDMA Disabled for GPU 3 / HCA 1 (distance 7 > 0)
MOC-R4PCC04U05:600520:600660 [3] NCCL INFO New proxy recv connection 14 from local rank 3, transport 2
MOC-R4PCC04U05:600520:601364 [3] NCCL INFO Connected to proxy localRank 3 -> connection 0x7f25f00055c0
MOC-R4PCC04U05:600520:601364 [3] NCCL INFO Channel 02/0 : 11[3] -> 3[3] [receive] via NET/IB/1
MOC-R4PCC04U05:600520:601364 [3] NCCL INFO GPU Direct RDMA Disabled for GPU 3 / HCA 1 (distance 7 > 0)
MOC-R4PCC04U05:600520:600660 [3] NCCL INFO New proxy recv connection 15 from local rank 3, transport 2
MOC-R4PCC04U05:600520:601364 [3] NCCL INFO Connected to proxy localRank 3 -> connection 0x7f25f0005638
MOC-R4PCC04U05:600520:601364 [3] NCCL INFO Channel 03/0 : 11[3] -> 3[3] [receive] via NET/IB/1
MOC-R4PCC04U05:600520:601364 [3] NCCL INFO GPU Direct RDMA Disabled for GPU 3 / HCA 1 (distance 7 > 0)
MOC-R4PCC04U05:600520:600660 [3] NCCL INFO New proxy send connection 16 from local rank 3, transport 2
MOC-R4PCC04U05:600520:601364 [3] NCCL INFO Connected to proxy localRank 3 -> connection 0x7f25f00056b0
MOC-R4PCC04U05:600520:601364 [3] NCCL INFO Channel 02/0 : 3[3] -> 7[3] [send] via NET/IB/1
MOC-R4PCC04U05:600520:601364 [3] NCCL INFO GPU Direct RDMA Disabled for GPU 3 / HCA 1 (distance 7 > 0)
MOC-R4PCC04U05:600517:600664 [0] NCCL INFO New proxy recv connection 18 from local rank 0, transport 0
MOC-R4PCC04U05:600517:601363 [0] NCCL INFO Connected to proxy localRank 0 -> connection 0x7f5cdc0057a0
MOC-R4PCC04U05:600520:600660 [3] NCCL INFO New proxy send connection 17 from local rank 3, transport 2
MOC-R4PCC04U05:600520:601364 [3] NCCL INFO Connected to proxy localRank 3 -> connection 0x7f25f0005728
MOC-R4PCC04U05:600520:601364 [3] NCCL INFO Channel 03/0 : 3[3] -> 7[3] [send] via NET/IB/1
MOC-R4PCC04U05:600517:600664 [0] NCCL INFO New proxy recv connection 19 from local rank 0, transport 0
MOC-R4PCC04U05:600517:601363 [0] NCCL INFO Connected to proxy localRank 0 -> connection 0x7f5cdc005818
MOC-R4PCC04U05:600517:600664 [0] NCCL INFO New proxy recv connection 20 from local rank 0, transport 0
MOC-R4PCC04U05:600517:601363 [0] NCCL INFO Connected to proxy localRank 0 -> connection 0x7f5cdc005890
MOC-R4PCC04U05:600520:601364 [3] NCCL INFO GPU Direct RDMA Disabled for GPU 3 / HCA 1 (distance 7 > 0)
MOC-R4PCC04U05:600520:600660 [3] NCCL INFO New proxy recv connection 18 from local rank 3, transport 2
MOC-R4PCC04U05:600520:601364 [3] NCCL INFO Connected to proxy localRank 3 -> connection 0x7f25f00057a0
MOC-R4PCC04U05:600520:601364 [3] NCCL INFO Channel 02/0 : 7[3] -> 3[3] [receive] via NET/IB/1
MOC-R4PCC04U05:600520:601364 [3] NCCL INFO GPU Direct RDMA Disabled for GPU 3 / HCA 1 (distance 7 > 0)
MOC-R4PCC04U05:600520:600660 [3] NCCL INFO New proxy recv connection 19 from local rank 3, transport 2
MOC-R4PCC04U05:600520:601364 [3] NCCL INFO Connected to proxy localRank 3 -> connection 0x7f25f0005818
MOC-R4PCC04U05:600520:601364 [3] NCCL INFO Channel 03/0 : 7[3] -> 3[3] [receive] via NET/IB/1
MOC-R4PCC04U05:600520:601364 [3] NCCL INFO GPU Direct RDMA Disabled for GPU 3 / HCA 1 (distance 7 > 0)
MOC-R4PCC04U05:600520:600660 [3] NCCL INFO New proxy send connection 20 from local rank 3, transport 2
MOC-R4PCC04U05:600520:601364 [3] NCCL INFO Connected to proxy localRank 3 -> connection 0x7f25f0005890
MOC-R4PCC04U05:600520:601364 [3] NCCL INFO Channel 00/0 : 3[3] -> 11[3] [send] via NET/IB/1
MOC-R4PCC04U05:600520:601364 [3] NCCL INFO GPU Direct RDMA Disabled for GPU 3 / HCA 1 (distance 7 > 0)
MOC-R4PCC04U05:600520:600660 [3] NCCL INFO New proxy send connection 21 from local rank 3, transport 2
MOC-R4PCC04U05:600520:601364 [3] NCCL INFO Connected to proxy localRank 3 -> connection 0x7f25f0005908
MOC-R4PCC04U05:600520:601364 [3] NCCL INFO Channel 01/0 : 3[3] -> 11[3] [send] via NET/IB/1
MOC-R4PCC04U05:600520:601364 [3] NCCL INFO GPU Direct RDMA Disabled for GPU 3 / HCA 1 (distance 7 > 0)
MOC-R4PCC04U05:600520:600660 [3] NCCL INFO New proxy send connection 22 from local rank 3, transport 2
MOC-R4PCC04U05:600520:601364 [3] NCCL INFO Connected to proxy localRank 3 -> connection 0x7f25f0005980
MOC-R4PCC04U05:600520:601364 [3] NCCL INFO Channel 02/0 : 3[3] -> 11[3] [send] via NET/IB/1
MOC-R4PCC04U05:600520:601364 [3] NCCL INFO GPU Direct RDMA Disabled for GPU 3 / HCA 1 (distance 7 > 0)
MOC-R4PCC04U05:600520:600660 [3] NCCL INFO New proxy send connection 23 from local rank 3, transport 2
MOC-R4PCC04U05:600520:601364 [3] NCCL INFO Connected to proxy localRank 3 -> connection 0x7f25f00059f8
MOC-R4PCC04U05:600520:601364 [3] NCCL INFO Channel 03/0 : 3[3] -> 11[3] [send] via NET/IB/1
MOC-R4PCC04U05:600520:600660 [3] NCCL INFO New proxy send connection 24 from local rank 3, transport 0
MOC-R4PCC04U05:600520:601364 [3] NCCL INFO Connected to proxy localRank 3 -> connection 0x7f25f0005a70
MOC-R4PCC04U05:600520:600660 [3] NCCL INFO New proxy send connection 25 from local rank 3, transport 0
MOC-R4PCC04U05:600520:601364 [3] NCCL INFO Connected to proxy localRank 3 -> connection 0x7f25f0005ae8
MOC-R4PCC04U05:600520:600660 [3] NCCL INFO New proxy send connection 26 from local rank 3, transport 0
MOC-R4PCC04U05:600520:601364 [3] NCCL INFO Connected to proxy localRank 3 -> connection 0x7f25f0005b60
MOC-R4PCC04U05:600520:600660 [3] NCCL INFO New proxy send connection 27 from local rank 3, transport 0
MOC-R4PCC04U05:600520:601364 [3] NCCL INFO Connected to proxy localRank 3 -> connection 0x7f25f0005bd8
MOC-R4PCC04U05:600519:600661 [2] NCCL INFO New proxy recv connection 10 from local rank 2, transport 0
MOC-R4PCC04U05:600519:601365 [2] NCCL INFO Connected to proxy localRank 2 -> connection 0x7f0c040053e0
MOC-R4PCC04U05:600519:600661 [2] NCCL INFO New proxy recv connection 11 from local rank 2, transport 0
MOC-R4PCC04U05:600519:601365 [2] NCCL INFO Connected to proxy localRank 2 -> connection 0x7f0c04005458
MOC-R4PCC04U05:600520:600660 [3] NCCL INFO NET/IB: NCCL Dev 1 IbDev 0 Port 1 qpn 9742 mtu 3 query_ece={supported=1, vendor_id=0x15b3, options=0x30000002, comp_mask=0x0} GID 3 (0/C132A8C0FFFF0000) fifoRkey=0x17f5b4 fifoLkey=0x17f5b4
MOC-R4PCC04U05:600519:600661 [2] NCCL INFO New proxy recv connection 12 from local rank 2, transport 0
MOC-R4PCC04U05:600519:601365 [2] NCCL INFO Connected to proxy localRank 2 -> connection 0x7f0c040054d0
MOC-R4PCC04U05:600520:600660 [3] NCCL INFO NET/IB: NCCL Dev 1 IbDev 0 Port 1 qpn 9743 mtu 3 query_ece={supported=1, vendor_id=0x15b3, options=0x30000002, comp_mask=0x0} GID 3 (0/C132A8C0FFFF0000) fifoRkey=0x17f9b8 fifoLkey=0x17f9b8
MOC-R4PCC04U05:600519:600661 [2] NCCL INFO New proxy recv connection 13 from local rank 2, transport 0
MOC-R4PCC04U05:600519:601365 [2] NCCL INFO Connected to proxy localRank 2 -> connection 0x7f0c04005548
MOC-R4PCC04U05:600519:600661 [2] NCCL INFO New proxy send connection 14 from local rank 2, transport 0
MOC-R4PCC04U05:600519:601365 [2] NCCL INFO Connected to proxy localRank 2 -> connection 0x7f0c040055c0
MOC-R4PCC04U05:600518:600662 [1] NCCL INFO New proxy recv connection 19 from local rank 1, transport 0
MOC-R4PCC04U05:600518:601362 [1] NCCL INFO Connected to proxy localRank 1 -> connection 0x7fdcc0005818
MOC-R4PCC04U05:600519:600661 [2] NCCL INFO New proxy send connection 15 from local rank 2, transport 0
MOC-R4PCC04U05:600519:601365 [2] NCCL INFO Connected to proxy localRank 2 -> connection 0x7f0c04005638
MOC-R4PCC04U05:600518:600662 [1] NCCL INFO New proxy recv connection 20 from local rank 1, transport 0
MOC-R4PCC04U05:600518:601362 [1] NCCL INFO Connected to proxy localRank 1 -> connection 0x7fdcc0005890
MOC-R4PCC04U05:600520:600660 [3] NCCL INFO NET/IB: NCCL Dev 1 IbDev 0 Port 1 qpn 9744 mtu 3 query_ece={supported=1, vendor_id=0x15b3, options=0x30000002, comp_mask=0x0} GID 3 (0/C132A8C0FFFF0000) fifoRkey=0x17edac fifoLkey=0x17edac
MOC-R4PCC04U05:600520:600660 [3] NCCL INFO NET/IB: NCCL Dev 1 IbDev 0 Port 1 qpn 9745 mtu 3 query_ece={supported=1, vendor_id=0x15b3, options=0x30000002, comp_mask=0x0} GID 3 (0/C132A8C0FFFF0000) fifoRkey=0x17fdbc fifoLkey=0x17fdbc
MOC-R4PCC04U05:600520:600660 [3] NCCL INFO NET/IB: IbDev 0 Port 1 qpn 6787 set_ece={supported=1, vendor_id=0x15b3, options=0x0, comp_mask=0x0}
MOC-R4PCC04U05:600520:600660 [3] NCCL INFO NET/IB: IbDev 0 Port 1 qpn 6790 set_ece={supported=1, vendor_id=0x15b3, options=0x0, comp_mask=0x0}
MOC-R4PCC04U05:600520:600660 [3] NCCL INFO NET/IB: NCCL Dev 1 IbDev 0 Port 1 qpn 9746 mtu 3 query_ece={supported=1, vendor_id=0x15b3, options=0x30000002, comp_mask=0x0} GID 3 (0/C132A8C0FFFF0000) fifoRkey=0x17b979 fifoLkey=0x17b979
MOC-R4PCC04U05:600520:600660 [3] NCCL INFO NET/IB: IbDev 0 Port 1 qpn 9436 set_ece={supported=1, vendor_id=0x15b3, options=0x0, comp_mask=0x0}
MOC-R4PCC04U05:600520:600660 [3] NCCL INFO NET/IB: IbDev 0 Port 1 qpn 9440 set_ece={supported=1, vendor_id=0x15b3, options=0x0, comp_mask=0x0}
MOC-R4PCC04U05:600520:600660 [3] NCCL INFO NET/IB: IbDev 0 Port 1 qpn 6796 set_ece={supported=1, vendor_id=0x15b3, options=0x0, comp_mask=0x0}
MOC-R4PCC04U05:600520:600660 [3] NCCL INFO NET/IB: NCCL Dev 1 IbDev 0 Port 1 qpn 9747 mtu 3 query_ece={supported=1, vendor_id=0x15b3, options=0x30000002, comp_mask=0x0} GID 3 (0/C132A8C0FFFF0000) fifoRkey=0x179c5b fifoLkey=0x179c5b
MOC-R4PCC04U05:600520:600660 [3] NCCL INFO NET/IB: IbDev 0 Port 1 qpn 6798 set_ece={supported=1, vendor_id=0x15b3, options=0x0, comp_mask=0x0}
step    1/10 | train loss 11.010328 | norm 15.4838 | lr 1.00e-04 | (14248.73 ms | 82790 tok/s)
step    2/10 | train loss 10.133742 | norm 5.7667 | lr 1.00e-04 | (330.29 ms | 3571549 tok/s)
step    3/10 | train loss 9.791641 | norm 2.6213 | lr 1.00e-04 | (272.85 ms | 4323449 tok/s)
step    4/10 | train loss 9.621449 | norm 2.1220 | lr 1.00e-04 | (281.17 ms | 4195527 tok/s)
step    5/10 | train loss 9.538273 | norm 2.1105 | lr 1.00e-04 | (277.05 ms | 4257826 tok/s)
step    6/10 | train loss 9.456853 | norm 2.0044 | lr 1.00e-04 | (275.26 ms | 4285548 tok/s)
step    7/10 | train loss 9.371298 | norm 1.9533 | lr 1.00e-04 | (278.38 ms | 4237511 tok/s)
step    8/10 | train loss 9.279755 | norm 1.9214 | lr 1.00e-04 | (278.00 ms | 4243274 tok/s)
step    9/10 | train loss 9.184240 | norm 1.8719 | lr 1.00e-04 | (283.45 ms | 4161787 tok/s)
step   10/10 | train loss 9.096460 | norm 1.7977 | lr 1.00e-04 | (275.49 ms | 4282036 tok/s)
final 9 iters avg: 283.549ms
peak memory consumption: 16601 MiB
