Running pytorch 2.7.0+cu126
using device: cuda:0
total desired batch size: 1048576
=> calculated gradient accumulation steps: 4
using device: cuda:3
using device: cuda:2
using device: cuda:1
compiling the model...
DataLoader: total number of tokens: 1,661,249,667 across 103 files
MOC-R4PCC04U05:449090:449090 [0] NCCL INFO NCCL_SOCKET_IFNAME set to eno7np0
MOC-R4PCC04U05:449090:449090 [0] NCCL INFO NCCL version 2.26.2+cuda12.2
MOC-R4PCC04U05:449090:449131 [0] NCCL INFO NET/Plugin: Could not find: libnccl-net.so. Using internal net plugin.
MOC-R4PCC04U05:449090:449131 [0] NCCL INFO NCCL_IB_HCA set to mlx5_5
MOC-R4PCC04U05:449092:449092 [2] NCCL INFO NCCL_SOCKET_IFNAME set to eno7np0
MOC-R4PCC04U05:449092:449092 [2] NCCL INFO NCCL version 2.26.2+cuda12.2
MOC-R4PCC04U05:449090:449131 [0] NCCL INFO NET/IB : Made virtual device [0] name=mlx5_5 speed=400000 ndevs=1
MOC-R4PCC04U05:449090:449131 [0] NCCL INFO NET/IB : Using [0]mlx5_5:1/RoCE [RO]; OOB eno7np0:192.168.50.193<0>
MOC-R4PCC04U05:449093:449093 [3] NCCL INFO NCCL_SOCKET_IFNAME set to eno7np0
MOC-R4PCC04U05:449093:449093 [3] NCCL INFO NCCL version 2.26.2+cuda12.2
MOC-R4PCC04U05:449091:449091 [1] NCCL INFO NCCL_SOCKET_IFNAME set to eno7np0
MOC-R4PCC04U05:449091:449091 [1] NCCL INFO NCCL version 2.26.2+cuda12.2
MOC-R4PCC04U05:449092:449132 [2] NCCL INFO NET/Plugin: Could not find: libnccl-net.so. Using internal net plugin.
MOC-R4PCC04U05:449092:449132 [2] NCCL INFO NCCL_IB_HCA set to mlx5_5
MOC-R4PCC04U05:449093:449134 [3] NCCL INFO NET/Plugin: Could not find: libnccl-net.so. Using internal net plugin.
MOC-R4PCC04U05:449092:449132 [2] NCCL INFO NET/IB : Made virtual device [0] name=mlx5_5 speed=400000 ndevs=1
MOC-R4PCC04U05:449092:449132 [2] NCCL INFO NET/IB : Using [0]mlx5_5:1/RoCE [RO]; OOB eno7np0:192.168.50.193<0>
MOC-R4PCC04U05:449093:449134 [3] NCCL INFO NCCL_IB_HCA set to mlx5_5
MOC-R4PCC04U05:449091:449135 [1] NCCL INFO NET/Plugin: Could not find: libnccl-net.so. Using internal net plugin.
MOC-R4PCC04U05:449091:449135 [1] NCCL INFO NCCL_IB_HCA set to mlx5_5
MOC-R4PCC04U05:449093:449134 [3] NCCL INFO NET/IB : Made virtual device [0] name=mlx5_5 speed=400000 ndevs=1
MOC-R4PCC04U05:449093:449134 [3] NCCL INFO NET/IB : Using [0]mlx5_5:1/RoCE [RO]; OOB eno7np0:192.168.50.193<0>
MOC-R4PCC04U05:449091:449135 [1] NCCL INFO NET/IB : Made virtual device [0] name=mlx5_5 speed=400000 ndevs=1
MOC-R4PCC04U05:449091:449135 [1] NCCL INFO NET/IB : Using [0]mlx5_5:1/RoCE [RO]; OOB eno7np0:192.168.50.193<0>
MOC-R4PCC04U05:449093:449134 [3] NCCL INFO NET/IB : GPU Direct RDMA Enabled for HCA 0 'mlx5_5'
MOC-R4PCC04U05:449093:449134 [3] NCCL INFO NET/IB : Made virtual device [1] name=mlx5_5 speed=400000 ndevs=1
MOC-R4PCC04U05:449093:449134 [3] NCCL INFO NET/IB : GPU Direct RDMA Enabled for HCA 0 'mlx5_5'
MOC-R4PCC04U05:449093:449134 [3] NCCL INFO NET/IB : GPU Direct RDMA Enabled for HCA 1 'mlx5_5'
MOC-R4PCC04U05:449092:449132 [2] NCCL INFO NET/IB : GPU Direct RDMA Enabled for HCA 0 'mlx5_5'
MOC-R4PCC04U05:449092:449132 [2] NCCL INFO NET/IB : Made virtual device [1] name=mlx5_5 speed=400000 ndevs=1
MOC-R4PCC04U05:449092:449132 [2] NCCL INFO NET/IB : GPU Direct RDMA Enabled for HCA 0 'mlx5_5'
MOC-R4PCC04U05:449092:449132 [2] NCCL INFO NET/IB : GPU Direct RDMA Enabled for HCA 1 'mlx5_5'
MOC-R4PCC04U05:449090:449131 [0] NCCL INFO NET/IB : GPU Direct RDMA Enabled for HCA 0 'mlx5_5'
MOC-R4PCC04U05:449090:449131 [0] NCCL INFO NET/IB : Made virtual device [1] name=mlx5_5 speed=400000 ndevs=1
MOC-R4PCC04U05:449090:449131 [0] NCCL INFO NET/IB : GPU Direct RDMA Enabled for HCA 0 'mlx5_5'
MOC-R4PCC04U05:449090:449131 [0] NCCL INFO NET/IB : GPU Direct RDMA Enabled for HCA 1 'mlx5_5'
MOC-R4PCC04U05:449091:449135 [1] NCCL INFO NET/IB : GPU Direct RDMA Enabled for HCA 0 'mlx5_5'
MOC-R4PCC04U05:449091:449135 [1] NCCL INFO NET/IB : Made virtual device [1] name=mlx5_5 speed=400000 ndevs=1
MOC-R4PCC04U05:449091:449135 [1] NCCL INFO NET/IB : GPU Direct RDMA Enabled for HCA 0 'mlx5_5'
MOC-R4PCC04U05:449091:449135 [1] NCCL INFO NET/IB : GPU Direct RDMA Enabled for HCA 1 'mlx5_5'
MOC-R4PCC04U05:449091:449135 [1] NCCL INFO NCCL_NET_GDR_LEVEL set by environment to LOC
MOC-R4PCC04U05:449091:449135 [1] NCCL INFO GPU Direct RDMA Disabled for GPU 0 / HCA 1 (distance 5 > 0)
MOC-R4PCC04U05:449091:449135 [1] NCCL INFO GPU Direct RDMA Disabled for GPU 1 / HCA 1 (distance 5 > 0)
MOC-R4PCC04U05:449091:449135 [1] NCCL INFO GPU Direct RDMA Disabled for GPU 2 / HCA 1 (distance 5 > 0)
MOC-R4PCC04U05:449091:449135 [1] NCCL INFO GPU Direct RDMA Disabled for GPU 0 / HCA 1 (distance 5 > 0)
MOC-R4PCC04U05:449091:449135 [1] NCCL INFO GPU Direct RDMA Disabled for GPU 1 / HCA 1 (distance 5 > 0)
MOC-R4PCC04U05:449091:449135 [1] NCCL INFO GPU Direct RDMA Disabled for GPU 2 / HCA 1 (distance 5 > 0)
MOC-R4PCC04U05:449090:449131 [0] NCCL INFO NCCL_NET_GDR_LEVEL set by environment to LOC
MOC-R4PCC04U05:449090:449131 [0] NCCL INFO GPU Direct RDMA Disabled for GPU 0 / HCA 1 (distance 5 > 0)
MOC-R4PCC04U05:449090:449131 [0] NCCL INFO GPU Direct RDMA Disabled for GPU 1 / HCA 1 (distance 5 > 0)
MOC-R4PCC04U05:449090:449131 [0] NCCL INFO GPU Direct RDMA Disabled for GPU 2 / HCA 1 (distance 5 > 0)
MOC-R4PCC04U05:449090:449131 [0] NCCL INFO GPU Direct RDMA Disabled for GPU 0 / HCA 1 (distance 5 > 0)
MOC-R4PCC04U05:449090:449131 [0] NCCL INFO GPU Direct RDMA Disabled for GPU 1 / HCA 1 (distance 5 > 0)
MOC-R4PCC04U05:449090:449131 [0] NCCL INFO GPU Direct RDMA Disabled for GPU 2 / HCA 1 (distance 5 > 0)
MOC-R4PCC04U05:449092:449132 [2] NCCL INFO NCCL_NET_GDR_LEVEL set by environment to LOC
MOC-R4PCC04U05:449092:449132 [2] NCCL INFO GPU Direct RDMA Disabled for GPU 0 / HCA 1 (distance 5 > 0)
MOC-R4PCC04U05:449092:449132 [2] NCCL INFO GPU Direct RDMA Disabled for GPU 1 / HCA 1 (distance 5 > 0)
MOC-R4PCC04U05:449092:449132 [2] NCCL INFO GPU Direct RDMA Disabled for GPU 2 / HCA 1 (distance 5 > 0)
MOC-R4PCC04U05:449092:449132 [2] NCCL INFO GPU Direct RDMA Disabled for GPU 0 / HCA 1 (distance 5 > 0)
MOC-R4PCC04U05:449092:449132 [2] NCCL INFO GPU Direct RDMA Disabled for GPU 1 / HCA 1 (distance 5 > 0)
MOC-R4PCC04U05:449092:449132 [2] NCCL INFO GPU Direct RDMA Disabled for GPU 2 / HCA 1 (distance 5 > 0)
MOC-R4PCC04U05:449093:449134 [3] NCCL INFO NCCL_NET_GDR_LEVEL set by environment to LOC
MOC-R4PCC04U05:449093:449134 [3] NCCL INFO GPU Direct RDMA Disabled for GPU 0 / HCA 1 (distance 5 > 0)
MOC-R4PCC04U05:449093:449134 [3] NCCL INFO GPU Direct RDMA Disabled for GPU 1 / HCA 1 (distance 5 > 0)
MOC-R4PCC04U05:449093:449134 [3] NCCL INFO GPU Direct RDMA Disabled for GPU 2 / HCA 1 (distance 5 > 0)
MOC-R4PCC04U05:449093:449134 [3] NCCL INFO GPU Direct RDMA Disabled for GPU 0 / HCA 1 (distance 5 > 0)
MOC-R4PCC04U05:449093:449134 [3] NCCL INFO GPU Direct RDMA Disabled for GPU 1 / HCA 1 (distance 5 > 0)
MOC-R4PCC04U05:449093:449134 [3] NCCL INFO GPU Direct RDMA Disabled for GPU 2 / HCA 1 (distance 5 > 0)
MOC-R4PCC04U05:449092:449150 [2] NCCL INFO New proxy recv connection 0 from local rank 2, transport 0
MOC-R4PCC04U05:449091:449151 [1] NCCL INFO New proxy recv connection 0 from local rank 1, transport 0
MOC-R4PCC04U05:449092:449155 [2] NCCL INFO Connected to proxy localRank 2 -> connection 0x7fcb3c004f30
MOC-R4PCC04U05:449091:449156 [1] NCCL INFO Connected to proxy localRank 1 -> connection 0x7fcdd4004f30
MOC-R4PCC04U05:449092:449150 [2] NCCL INFO New proxy recv connection 1 from local rank 2, transport 0
MOC-R4PCC04U05:449092:449155 [2] NCCL INFO Connected to proxy localRank 2 -> connection 0x7fcb3c004fa8
MOC-R4PCC04U05:449091:449151 [1] NCCL INFO New proxy recv connection 1 from local rank 1, transport 0
MOC-R4PCC04U05:449091:449156 [1] NCCL INFO Connected to proxy localRank 1 -> connection 0x7fcdd4004fa8
MOC-R4PCC04U05:449093:449147 [3] NCCL INFO New proxy recv connection 0 from local rank 3, transport 0
MOC-R4PCC04U05:449093:449158 [3] NCCL INFO Connected to proxy localRank 3 -> connection 0x7f51e8004f30
MOC-R4PCC04U05:449090:449149 [0] NCCL INFO New proxy send connection 0 from local rank 0, transport 0
MOC-R4PCC04U05:449090:449157 [0] NCCL INFO Connected to proxy localRank 0 -> connection 0x7f7b7c004f30
MOC-R4PCC04U05:449090:449149 [0] NCCL INFO New proxy send connection 1 from local rank 0, transport 0
MOC-R4PCC04U05:449090:449157 [0] NCCL INFO Connected to proxy localRank 0 -> connection 0x7f7b7c004fa8
MOC-R4PCC04U05:449093:449147 [3] NCCL INFO New proxy recv connection 1 from local rank 3, transport 0
MOC-R4PCC04U05:449093:449158 [3] NCCL INFO Connected to proxy localRank 3 -> connection 0x7f51e8004fa8
MOC-R4PCC04U05:449090:449149 [0] NCCL INFO New proxy send connection 2 from local rank 0, transport 0
MOC-R4PCC04U05:449090:449157 [0] NCCL INFO Connected to proxy localRank 0 -> connection 0x7f7b7c005020
MOC-R4PCC04U05:449093:449158 [3] NCCL INFO GPU Direct RDMA Disabled for GPU 3 / HCA 1 (distance 7 > 0)
MOC-R4PCC04U05:449092:449155 [2] NCCL INFO GPU Direct RDMA Disabled for GPU 2 / HCA 1 (distance 7 > 0)
MOC-R4PCC04U05:449090:449149 [0] NCCL INFO New proxy send connection 3 from local rank 0, transport 0
MOC-R4PCC04U05:449090:449157 [0] NCCL INFO Connected to proxy localRank 0 -> connection 0x7f7b7c005098
MOC-R4PCC04U05:449093:449147 [3] NCCL INFO New proxy send connection 2 from local rank 3, transport 2
MOC-R4PCC04U05:449093:449158 [3] NCCL INFO Connected to proxy localRank 3 -> connection 0x7f51e8005020
MOC-R4PCC04U05:449093:449158 [3] NCCL INFO Channel 00/0 : 3[3] -> 6[2] [send] via NET/IB/1
MOC-R4PCC04U05:449093:449158 [3] NCCL INFO GPU Direct RDMA Disabled for GPU 3 / HCA 1 (distance 7 > 0)
MOC-R4PCC04U05:449093:449147 [3] NCCL INFO New proxy send connection 3 from local rank 3, transport 2
MOC-R4PCC04U05:449093:449158 [3] NCCL INFO Connected to proxy localRank 3 -> connection 0x7f51e8005098
MOC-R4PCC04U05:449093:449158 [3] NCCL INFO Channel 02/0 : 3[3] -> 6[2] [send] via NET/IB/1
MOC-R4PCC04U05:449092:449150 [2] NCCL INFO New proxy recv connection 2 from local rank 2, transport 2
MOC-R4PCC04U05:449092:449155 [2] NCCL INFO Connected to proxy localRank 2 -> connection 0x7fcb3c005020
MOC-R4PCC04U05:449090:449149 [0] NCCL INFO New proxy recv connection 4 from local rank 0, transport 0
MOC-R4PCC04U05:449090:449157 [0] NCCL INFO Connected to proxy localRank 0 -> connection 0x7f7b7c005110
MOC-R4PCC04U05:449092:449155 [2] NCCL INFO Channel 00/0 : 7[3] -> 2[2] [receive] via NET/IB/1
MOC-R4PCC04U05:449092:449155 [2] NCCL INFO GPU Direct RDMA Disabled for GPU 2 / HCA 1 (distance 7 > 0)
MOC-R4PCC04U05:449092:449150 [2] NCCL INFO New proxy recv connection 3 from local rank 2, transport 2
MOC-R4PCC04U05:449092:449155 [2] NCCL INFO Connected to proxy localRank 2 -> connection 0x7fcb3c005098
MOC-R4PCC04U05:449092:449155 [2] NCCL INFO Channel 02/0 : 7[3] -> 2[2] [receive] via NET/IB/1
MOC-R4PCC04U05:449093:449158 [3] NCCL INFO GPU Direct RDMA Disabled for GPU 3 / HCA 1 (distance 7 > 0)
MOC-R4PCC04U05:449093:449147 [3] NCCL INFO New proxy recv connection 4 from local rank 3, transport 2
MOC-R4PCC04U05:449093:449158 [3] NCCL INFO Connected to proxy localRank 3 -> connection 0x7f51e8005110
MOC-R4PCC04U05:449093:449158 [3] NCCL INFO Channel 01/0 : 6[2] -> 3[3] [receive] via NET/IB/1
MOC-R4PCC04U05:449093:449158 [3] NCCL INFO GPU Direct RDMA Disabled for GPU 3 / HCA 1 (distance 7 > 0)
MOC-R4PCC04U05:449092:449155 [2] NCCL INFO GPU Direct RDMA Disabled for GPU 2 / HCA 1 (distance 7 > 0)
MOC-R4PCC04U05:449093:449147 [3] NCCL INFO New proxy recv connection 5 from local rank 3, transport 2
MOC-R4PCC04U05:449093:449158 [3] NCCL INFO Connected to proxy localRank 3 -> connection 0x7f51e8005188
MOC-R4PCC04U05:449092:449150 [2] NCCL INFO New proxy send connection 4 from local rank 2, transport 2
MOC-R4PCC04U05:449092:449155 [2] NCCL INFO Connected to proxy localRank 2 -> connection 0x7fcb3c005110
MOC-R4PCC04U05:449093:449158 [3] NCCL INFO Channel 03/0 : 6[2] -> 3[3] [receive] via NET/IB/1
MOC-R4PCC04U05:449092:449155 [2] NCCL INFO Channel 01/0 : 2[2] -> 7[3] [send] via NET/IB/1
MOC-R4PCC04U05:449092:449155 [2] NCCL INFO GPU Direct RDMA Disabled for GPU 2 / HCA 1 (distance 7 > 0)
MOC-R4PCC04U05:449092:449150 [2] NCCL INFO New proxy send connection 5 from local rank 2, transport 2
MOC-R4PCC04U05:449092:449155 [2] NCCL INFO Connected to proxy localRank 2 -> connection 0x7fcb3c005188
MOC-R4PCC04U05:449092:449155 [2] NCCL INFO Channel 03/0 : 2[2] -> 7[3] [send] via NET/IB/1
MOC-R4PCC04U05:449093:449147 [3] NCCL INFO New proxy send connection 6 from local rank 3, transport 0
MOC-R4PCC04U05:449093:449158 [3] NCCL INFO Connected to proxy localRank 3 -> connection 0x7f51e8005200
MOC-R4PCC04U05:449092:449150 [2] NCCL INFO New proxy send connection 6 from local rank 2, transport 0
MOC-R4PCC04U05:449090:449149 [0] NCCL INFO New proxy recv connection 5 from local rank 0, transport 0
MOC-R4PCC04U05:449092:449155 [2] NCCL INFO Connected to proxy localRank 2 -> connection 0x7fcb3c005200
MOC-R4PCC04U05:449090:449157 [0] NCCL INFO Connected to proxy localRank 0 -> connection 0x7f7b7c005188
MOC-R4PCC04U05:449093:449147 [3] NCCL INFO New proxy send connection 7 from local rank 3, transport 0
MOC-R4PCC04U05:449093:449158 [3] NCCL INFO Connected to proxy localRank 3 -> connection 0x7f51e8005278
MOC-R4PCC04U05:449092:449150 [2] NCCL INFO New proxy send connection 7 from local rank 2, transport 0
MOC-R4PCC04U05:449092:449155 [2] NCCL INFO Connected to proxy localRank 2 -> connection 0x7fcb3c005278
MOC-R4PCC04U05:449090:449149 [0] NCCL INFO New proxy recv connection 6 from local rank 0, transport 0
MOC-R4PCC04U05:449090:449157 [0] NCCL INFO Connected to proxy localRank 0 -> connection 0x7f7b7c005200
MOC-R4PCC04U05:449091:449151 [1] NCCL INFO New proxy recv connection 2 from local rank 1, transport 0
MOC-R4PCC04U05:449091:449156 [1] NCCL INFO Connected to proxy localRank 1 -> connection 0x7fcdd4005020
MOC-R4PCC04U05:449090:449149 [0] NCCL INFO New proxy recv connection 7 from local rank 0, transport 0
MOC-R4PCC04U05:449090:449157 [0] NCCL INFO Connected to proxy localRank 0 -> connection 0x7f7b7c005278
MOC-R4PCC04U05:449090:449149 [0] NCCL INFO New proxy send connection 8 from local rank 3, transport 0
MOC-R4PCC04U05:449093:449158 [3] NCCL INFO Connected to proxy localRank 0 -> connection 0x7f7b7c0052f0
MOC-R4PCC04U05:449091:449151 [1] NCCL INFO New proxy recv connection 3 from local rank 1, transport 0
MOC-R4PCC04U05:449091:449156 [1] NCCL INFO Connected to proxy localRank 1 -> connection 0x7fcdd4005098
MOC-R4PCC04U05:449091:449151 [1] NCCL INFO New proxy send connection 4 from local rank 1, transport 0
MOC-R4PCC04U05:449091:449156 [1] NCCL INFO Connected to proxy localRank 1 -> connection 0x7fcdd4005110
MOC-R4PCC04U05:449091:449151 [1] NCCL INFO New proxy send connection 5 from local rank 1, transport 0
MOC-R4PCC04U05:449091:449156 [1] NCCL INFO Connected to proxy localRank 1 -> connection 0x7fcdd4005188
MOC-R4PCC04U05:449091:449151 [1] NCCL INFO New proxy send connection 6 from local rank 1, transport 0
MOC-R4PCC04U05:449091:449156 [1] NCCL INFO Connected to proxy localRank 1 -> connection 0x7fcdd4005200
MOC-R4PCC04U05:449091:449151 [1] NCCL INFO New proxy send connection 7 from local rank 1, transport 0
MOC-R4PCC04U05:449091:449156 [1] NCCL INFO Connected to proxy localRank 1 -> connection 0x7fcdd4005278
MOC-R4PCC04U05:449090:449149 [0] NCCL INFO New proxy send connection 9 from local rank 2, transport 0
MOC-R4PCC04U05:449092:449150 [2] NCCL INFO New proxy send connection 8 from local rank 0, transport 0
MOC-R4PCC04U05:449092:449155 [2] NCCL INFO Connected to proxy localRank 0 -> connection 0x7f7b7c005368
MOC-R4PCC04U05:449093:449147 [3] NCCL INFO New proxy send connection 8 from local rank 1, transport 0
MOC-R4PCC04U05:449090:449157 [0] NCCL INFO Connected to proxy localRank 2 -> connection 0x7fcb3c0052f0
MOC-R4PCC04U05:449091:449156 [1] NCCL INFO Connected to proxy localRank 3 -> connection 0x7f51e80052f0
MOC-R4PCC04U05:449091:449151 [1] NCCL INFO New proxy send connection 8 from local rank 3, transport 0
MOC-R4PCC04U05:449093:449158 [3] NCCL INFO Connected to proxy localRank 1 -> connection 0x7fcdd40052f0
MOC-R4PCC04U05:449093:449147 [3] NCCL INFO NET/IB: NCCL Dev 1 IbDev 0 Port 1 qpn 6686 mtu 3 query_ece={supported=1, vendor_id=0x15b3, options=0x30000002, comp_mask=0x0} GID 3 (0/C132A8C0FFFF0000) fifoRkey=0x17601f fifoLkey=0x17601f
MOC-R4PCC04U05:449093:449147 [3] NCCL INFO NET/IB: NCCL Dev 1 IbDev 0 Port 1 qpn 6687 mtu 3 query_ece={supported=1, vendor_id=0x15b3, options=0x30000002, comp_mask=0x0} GID 3 (0/C132A8C0FFFF0000) fifoRkey=0x17a767 fifoLkey=0x17a767
MOC-R4PCC04U05:449093:449147 [3] NCCL INFO NET/IB: IbDev 0 Port 1 qpn 6926 set_ece={supported=1, vendor_id=0x15b3, options=0x0, comp_mask=0x0}
MOC-R4PCC04U05:449093:449147 [3] NCCL INFO NET/IB: IbDev 0 Port 1 qpn 6928 set_ece={supported=1, vendor_id=0x15b3, options=0x0, comp_mask=0x0}
MOC-R4PCC04U05:449091:449151 [1] NCCL INFO New proxy send connection 9 from local rank 2, transport 0
MOC-R4PCC04U05:449092:449155 [2] NCCL INFO Connected to proxy localRank 1 -> connection 0x7fcdd4005368
MOC-R4PCC04U05:449092:449150 [2] NCCL INFO NET/IB: NCCL Dev 1 IbDev 0 Port 1 qpn 6696 mtu 3 query_ece={supported=1, vendor_id=0x15b3, options=0x30000002, comp_mask=0x0} GID 3 (0/C132A8C0FFFF0000) fifoRkey=0x170bca fifoLkey=0x170bca
MOC-R4PCC04U05:449090:449149 [0] NCCL INFO New proxy send connection 10 from local rank 1, transport 0
MOC-R4PCC04U05:449091:449156 [1] NCCL INFO Connected to proxy localRank 0 -> connection 0x7f7b7c0053e0
MOC-R4PCC04U05:449092:449150 [2] NCCL INFO NET/IB: NCCL Dev 1 IbDev 0 Port 1 qpn 6697 mtu 3 query_ece={supported=1, vendor_id=0x15b3, options=0x30000002, comp_mask=0x0} GID 3 (0/C132A8C0FFFF0000) fifoRkey=0x172eed fifoLkey=0x172eed
MOC-R4PCC04U05:449093:449147 [3] NCCL INFO New proxy send connection 9 from local rank 0, transport 0
MOC-R4PCC04U05:449090:449157 [0] NCCL INFO Connected to proxy localRank 3 -> connection 0x7f51e8005368
MOC-R4PCC04U05:449092:449150 [2] NCCL INFO New proxy send connection 9 from local rank 1, transport 0
MOC-R4PCC04U05:449091:449156 [1] NCCL INFO Connected to proxy localRank 2 -> connection 0x7fcb3c005368
MOC-R4PCC04U05:449091:449151 [1] NCCL INFO New proxy send connection 10 from local rank 0, transport 0
MOC-R4PCC04U05:449090:449157 [0] NCCL INFO Connected to proxy localRank 1 -> connection 0x7fcdd40053e0
MOC-R4PCC04U05:449092:449150 [2] NCCL INFO NET/IB: IbDev 0 Port 1 qpn 6934 set_ece={supported=1, vendor_id=0x15b3, options=0x0, comp_mask=0x0}
MOC-R4PCC04U05:449092:449150 [2] NCCL INFO NET/IB: IbDev 0 Port 1 qpn 6936 set_ece={supported=1, vendor_id=0x15b3, options=0x0, comp_mask=0x0}
num decayed parameter tensors: 50, with 124,318,464 parameters
num non-decayed parameter tensors: 98, with 121,344 parameters
using fused AdamW: False
using regular AdamW
MOC-R4PCC04U05:449092:449150 [2] NCCL INFO New proxy recv connection 10 from local rank 2, transport 0
MOC-R4PCC04U05:449092:449849 [2] NCCL INFO Connected to proxy localRank 2 -> connection 0x7fcb3c0053e0
MOC-R4PCC04U05:449092:449150 [2] NCCL INFO New proxy recv connection 11 from local rank 2, transport 0
MOC-R4PCC04U05:449092:449849 [2] NCCL INFO Connected to proxy localRank 2 -> connection 0x7fcb3c005458
MOC-R4PCC04U05:449092:449150 [2] NCCL INFO New proxy recv connection 12 from local rank 2, transport 0
MOC-R4PCC04U05:449092:449849 [2] NCCL INFO Connected to proxy localRank 2 -> connection 0x7fcb3c0054d0
MOC-R4PCC04U05:449092:449150 [2] NCCL INFO New proxy recv connection 13 from local rank 2, transport 0
MOC-R4PCC04U05:449092:449849 [2] NCCL INFO Connected to proxy localRank 2 -> connection 0x7fcb3c005548
MOC-R4PCC04U05:449090:449149 [0] NCCL INFO New proxy send connection 11 from local rank 0, transport 0
MOC-R4PCC04U05:449090:449850 [0] NCCL INFO Connected to proxy localRank 0 -> connection 0x7f7b7c005458
MOC-R4PCC04U05:449090:449149 [0] NCCL INFO New proxy send connection 12 from local rank 0, transport 0
MOC-R4PCC04U05:449090:449850 [0] NCCL INFO Connected to proxy localRank 0 -> connection 0x7f7b7c0054d0
MOC-R4PCC04U05:449090:449149 [0] NCCL INFO New proxy send connection 13 from local rank 0, transport 0
MOC-R4PCC04U05:449090:449850 [0] NCCL INFO Connected to proxy localRank 0 -> connection 0x7f7b7c005548
MOC-R4PCC04U05:449090:449149 [0] NCCL INFO New proxy send connection 14 from local rank 0, transport 0
MOC-R4PCC04U05:449090:449850 [0] NCCL INFO Connected to proxy localRank 0 -> connection 0x7f7b7c0055c0
MOC-R4PCC04U05:449093:449147 [3] NCCL INFO New proxy recv connection 10 from local rank 3, transport 0
MOC-R4PCC04U05:449093:449851 [3] NCCL INFO Connected to proxy localRank 3 -> connection 0x7f51e80053e0
MOC-R4PCC04U05:449093:449147 [3] NCCL INFO New proxy recv connection 11 from local rank 3, transport 0
MOC-R4PCC04U05:449093:449851 [3] NCCL INFO Connected to proxy localRank 3 -> connection 0x7f51e8005458
MOC-R4PCC04U05:449091:449151 [1] NCCL INFO New proxy recv connection 11 from local rank 1, transport 0
MOC-R4PCC04U05:449091:449852 [1] NCCL INFO Connected to proxy localRank 1 -> connection 0x7fcdd4005458
MOC-R4PCC04U05:449091:449151 [1] NCCL INFO New proxy recv connection 12 from local rank 1, transport 0
MOC-R4PCC04U05:449091:449852 [1] NCCL INFO Connected to proxy localRank 1 -> connection 0x7fcdd40054d0
MOC-R4PCC04U05:449091:449151 [1] NCCL INFO New proxy recv connection 13 from local rank 1, transport 0
MOC-R4PCC04U05:449091:449852 [1] NCCL INFO Connected to proxy localRank 1 -> connection 0x7fcdd4005548
MOC-R4PCC04U05:449091:449151 [1] NCCL INFO New proxy recv connection 14 from local rank 1, transport 0
MOC-R4PCC04U05:449091:449852 [1] NCCL INFO Connected to proxy localRank 1 -> connection 0x7fcdd40055c0
MOC-R4PCC04U05:449091:449151 [1] NCCL INFO New proxy send connection 15 from local rank 1, transport 0
MOC-R4PCC04U05:449091:449852 [1] NCCL INFO Connected to proxy localRank 1 -> connection 0x7fcdd4005638
MOC-R4PCC04U05:449091:449151 [1] NCCL INFO New proxy send connection 16 from local rank 1, transport 0
MOC-R4PCC04U05:449091:449852 [1] NCCL INFO Connected to proxy localRank 1 -> connection 0x7fcdd40056b0
MOC-R4PCC04U05:449091:449151 [1] NCCL INFO New proxy send connection 17 from local rank 1, transport 0
MOC-R4PCC04U05:449091:449852 [1] NCCL INFO Connected to proxy localRank 1 -> connection 0x7fcdd4005728
MOC-R4PCC04U05:449091:449151 [1] NCCL INFO New proxy send connection 18 from local rank 1, transport 0
MOC-R4PCC04U05:449091:449852 [1] NCCL INFO Connected to proxy localRank 1 -> connection 0x7fcdd40057a0
MOC-R4PCC04U05:449090:449149 [0] NCCL INFO New proxy send connection 15 from local rank 0, transport 0
MOC-R4PCC04U05:449091:449151 [1] NCCL INFO New proxy recv connection 19 from local rank 1, transport 0
MOC-R4PCC04U05:449090:449850 [0] NCCL INFO Connected to proxy localRank 0 -> connection 0x7f7b7c005638
MOC-R4PCC04U05:449091:449852 [1] NCCL INFO Connected to proxy localRank 1 -> connection 0x7fcdd4005818
MOC-R4PCC04U05:449092:449150 [2] NCCL INFO New proxy send connection 14 from local rank 2, transport 0
MOC-R4PCC04U05:449092:449849 [2] NCCL INFO Connected to proxy localRank 2 -> connection 0x7fcb3c0055c0
MOC-R4PCC04U05:449091:449151 [1] NCCL INFO New proxy recv connection 20 from local rank 1, transport 0
MOC-R4PCC04U05:449091:449852 [1] NCCL INFO Connected to proxy localRank 1 -> connection 0x7fcdd4005890
MOC-R4PCC04U05:449090:449149 [0] NCCL INFO New proxy send connection 16 from local rank 0, transport 0
MOC-R4PCC04U05:449090:449850 [0] NCCL INFO Connected to proxy localRank 0 -> connection 0x7f7b7c0056b0
MOC-R4PCC04U05:449092:449150 [2] NCCL INFO New proxy send connection 15 from local rank 2, transport 0
MOC-R4PCC04U05:449092:449849 [2] NCCL INFO Connected to proxy localRank 2 -> connection 0x7fcb3c005638
MOC-R4PCC04U05:449090:449149 [0] NCCL INFO New proxy recv connection 17 from local rank 0, transport 0
MOC-R4PCC04U05:449090:449850 [0] NCCL INFO Connected to proxy localRank 0 -> connection 0x7f7b7c005728
MOC-R4PCC04U05:449093:449851 [3] NCCL INFO GPU Direct RDMA Disabled for GPU 3 / HCA 1 (distance 7 > 0)
MOC-R4PCC04U05:449093:449147 [3] NCCL INFO New proxy recv connection 12 from local rank 3, transport 2
MOC-R4PCC04U05:449093:449851 [3] NCCL INFO Connected to proxy localRank 3 -> connection 0x7f51e80054d0
MOC-R4PCC04U05:449090:449149 [0] NCCL INFO New proxy recv connection 18 from local rank 0, transport 0
MOC-R4PCC04U05:449090:449850 [0] NCCL INFO Connected to proxy localRank 0 -> connection 0x7f7b7c0057a0
MOC-R4PCC04U05:449093:449851 [3] NCCL INFO Channel 00/0 : 7[3] -> 3[3] [receive] via NET/IB/1
MOC-R4PCC04U05:449093:449851 [3] NCCL INFO GPU Direct RDMA Disabled for GPU 3 / HCA 1 (distance 7 > 0)
MOC-R4PCC04U05:449093:449147 [3] NCCL INFO New proxy recv connection 13 from local rank 3, transport 2
MOC-R4PCC04U05:449093:449851 [3] NCCL INFO Connected to proxy localRank 3 -> connection 0x7f51e8005548
MOC-R4PCC04U05:449093:449851 [3] NCCL INFO Channel 01/0 : 7[3] -> 3[3] [receive] via NET/IB/1
MOC-R4PCC04U05:449093:449851 [3] NCCL INFO GPU Direct RDMA Disabled for GPU 3 / HCA 1 (distance 7 > 0)
MOC-R4PCC04U05:449093:449147 [3] NCCL INFO New proxy recv connection 14 from local rank 3, transport 2
MOC-R4PCC04U05:449093:449851 [3] NCCL INFO Connected to proxy localRank 3 -> connection 0x7f51e80055c0
MOC-R4PCC04U05:449093:449851 [3] NCCL INFO Channel 02/0 : 7[3] -> 3[3] [receive] via NET/IB/1
MOC-R4PCC04U05:449093:449851 [3] NCCL INFO GPU Direct RDMA Disabled for GPU 3 / HCA 1 (distance 7 > 0)
MOC-R4PCC04U05:449093:449147 [3] NCCL INFO New proxy recv connection 15 from local rank 3, transport 2
MOC-R4PCC04U05:449093:449851 [3] NCCL INFO Connected to proxy localRank 3 -> connection 0x7f51e8005638
MOC-R4PCC04U05:449093:449851 [3] NCCL INFO Channel 03/0 : 7[3] -> 3[3] [receive] via NET/IB/1
MOC-R4PCC04U05:449093:449851 [3] NCCL INFO GPU Direct RDMA Disabled for GPU 3 / HCA 1 (distance 7 > 0)
MOC-R4PCC04U05:449093:449147 [3] NCCL INFO New proxy send connection 16 from local rank 3, transport 2
MOC-R4PCC04U05:449093:449851 [3] NCCL INFO Connected to proxy localRank 3 -> connection 0x7f51e80056b0
MOC-R4PCC04U05:449093:449851 [3] NCCL INFO Channel 00/0 : 3[3] -> 7[3] [send] via NET/IB/1
MOC-R4PCC04U05:449093:449851 [3] NCCL INFO GPU Direct RDMA Disabled for GPU 3 / HCA 1 (distance 7 > 0)
MOC-R4PCC04U05:449093:449147 [3] NCCL INFO New proxy send connection 17 from local rank 3, transport 2
MOC-R4PCC04U05:449093:449851 [3] NCCL INFO Connected to proxy localRank 3 -> connection 0x7f51e8005728
MOC-R4PCC04U05:449093:449851 [3] NCCL INFO Channel 01/0 : 3[3] -> 7[3] [send] via NET/IB/1
MOC-R4PCC04U05:449093:449851 [3] NCCL INFO GPU Direct RDMA Disabled for GPU 3 / HCA 1 (distance 7 > 0)
MOC-R4PCC04U05:449093:449147 [3] NCCL INFO New proxy send connection 18 from local rank 3, transport 2
MOC-R4PCC04U05:449093:449851 [3] NCCL INFO Connected to proxy localRank 3 -> connection 0x7f51e80057a0
MOC-R4PCC04U05:449093:449851 [3] NCCL INFO Channel 02/0 : 3[3] -> 7[3] [send] via NET/IB/1
MOC-R4PCC04U05:449093:449851 [3] NCCL INFO GPU Direct RDMA Disabled for GPU 3 / HCA 1 (distance 7 > 0)
MOC-R4PCC04U05:449093:449147 [3] NCCL INFO New proxy send connection 19 from local rank 3, transport 2
MOC-R4PCC04U05:449093:449851 [3] NCCL INFO Connected to proxy localRank 3 -> connection 0x7f51e8005818
MOC-R4PCC04U05:449093:449851 [3] NCCL INFO Channel 03/0 : 3[3] -> 7[3] [send] via NET/IB/1
MOC-R4PCC04U05:449090:449149 [0] NCCL INFO New proxy recv connection 19 from local rank 0, transport 0
MOC-R4PCC04U05:449090:449850 [0] NCCL INFO Connected to proxy localRank 0 -> connection 0x7f7b7c005818
MOC-R4PCC04U05:449093:449147 [3] NCCL INFO New proxy send connection 20 from local rank 3, transport 0
MOC-R4PCC04U05:449093:449851 [3] NCCL INFO Connected to proxy localRank 3 -> connection 0x7f51e8005890
MOC-R4PCC04U05:449090:449149 [0] NCCL INFO New proxy recv connection 20 from local rank 0, transport 0
MOC-R4PCC04U05:449090:449850 [0] NCCL INFO Connected to proxy localRank 0 -> connection 0x7f7b7c005890
MOC-R4PCC04U05:449093:449147 [3] NCCL INFO New proxy send connection 21 from local rank 3, transport 0
MOC-R4PCC04U05:449093:449851 [3] NCCL INFO Connected to proxy localRank 3 -> connection 0x7f51e8005908
MOC-R4PCC04U05:449093:449147 [3] NCCL INFO New proxy send connection 22 from local rank 3, transport 0
MOC-R4PCC04U05:449093:449851 [3] NCCL INFO Connected to proxy localRank 3 -> connection 0x7f51e8005980
MOC-R4PCC04U05:449093:449147 [3] NCCL INFO New proxy send connection 23 from local rank 3, transport 0
MOC-R4PCC04U05:449093:449851 [3] NCCL INFO Connected to proxy localRank 3 -> connection 0x7f51e80059f8
MOC-R4PCC04U05:449093:449147 [3] NCCL INFO NET/IB: NCCL Dev 1 IbDev 0 Port 1 qpn 6698 mtu 3 query_ece={supported=1, vendor_id=0x15b3, options=0x30000002, comp_mask=0x0} GID 3 (0/C132A8C0FFFF0000) fifoRkey=0x178443 fifoLkey=0x178443
MOC-R4PCC04U05:449093:449147 [3] NCCL INFO NET/IB: IbDev 0 Port 1 qpn 6939 set_ece={supported=1, vendor_id=0x15b3, options=0x0, comp_mask=0x0}
MOC-R4PCC04U05:449093:449147 [3] NCCL INFO NET/IB: NCCL Dev 1 IbDev 0 Port 1 qpn 6703 mtu 3 query_ece={supported=1, vendor_id=0x15b3, options=0x30000002, comp_mask=0x0} GID 3 (0/C132A8C0FFFF0000) fifoRkey=0x1722e1 fifoLkey=0x1722e1
MOC-R4PCC04U05:449093:449147 [3] NCCL INFO NET/IB: NCCL Dev 1 IbDev 0 Port 1 qpn 6706 mtu 3 query_ece={supported=1, vendor_id=0x15b3, options=0x30000002, comp_mask=0x0} GID 3 (0/C132A8C0FFFF0000) fifoRkey=0x175412 fifoLkey=0x175412
MOC-R4PCC04U05:449093:449147 [3] NCCL INFO NET/IB: NCCL Dev 1 IbDev 0 Port 1 qpn 6709 mtu 3 query_ece={supported=1, vendor_id=0x15b3, options=0x30000002, comp_mask=0x0} GID 3 (0/C132A8C0FFFF0000) fifoRkey=0x17904f fifoLkey=0x17904f
MOC-R4PCC04U05:449093:449147 [3] NCCL INFO NET/IB: IbDev 0 Port 1 qpn 6948 set_ece={supported=1, vendor_id=0x15b3, options=0x0, comp_mask=0x0}
MOC-R4PCC04U05:449093:449147 [3] NCCL INFO NET/IB: IbDev 0 Port 1 qpn 6944 set_ece={supported=1, vendor_id=0x15b3, options=0x0, comp_mask=0x0}
MOC-R4PCC04U05:449093:449147 [3] NCCL INFO NET/IB: IbDev 0 Port 1 qpn 6946 set_ece={supported=1, vendor_id=0x15b3, options=0x0, comp_mask=0x0}
step    1/10 | train loss 11.010094 | norm 15.4736 | lr 1.00e-04 | (14084.96 ms | 74446 tok/s)
step    2/10 | train loss 10.132348 | norm 5.7712 | lr 1.00e-04 | (353.99 ms | 2962124 tok/s)
step    3/10 | train loss 9.790418 | norm 2.6207 | lr 1.00e-04 | (370.53 ms | 2829956 tok/s)
step    4/10 | train loss 9.620091 | norm 2.1209 | lr 1.00e-04 | (335.80 ms | 3122592 tok/s)
step    5/10 | train loss 9.536892 | norm 2.1163 | lr 1.00e-04 | (364.43 ms | 2877293 tok/s)
step    6/10 | train loss 9.455260 | norm 2.0053 | lr 1.00e-04 | (331.88 ms | 3159546 tok/s)
step    7/10 | train loss 9.369593 | norm 1.9545 | lr 1.00e-04 | (329.09 ms | 3186279 tok/s)
step    8/10 | train loss 9.277899 | norm 1.9223 | lr 1.00e-04 | (336.72 ms | 3114062 tok/s)
step    9/10 | train loss 9.182257 | norm 1.8716 | lr 1.00e-04 | (334.11 ms | 3138418 tok/s)
step   10/10 | train loss 9.094437 | norm 1.7971 | lr 1.00e-04 | (333.34 ms | 3145668 tok/s)
final 9 iters avg: 343.322ms
peak memory consumption: 16601 MiB
