Running pytorch 2.7.0+cu126
using device: cuda:0
total desired batch size: 262144
=> calculated gradient accumulation steps: 1
using device: cuda:3
using device: cuda:1
using device: cuda:2
compiling the model...
DataLoader: total number of tokens: 1,661,249,667 across 103 files
MOC-R4PCC04U05:361726:361726 [0] NCCL INFO NCCL_SOCKET_IFNAME set to eno7np0
MOC-R4PCC04U05:361726:361726 [0] NCCL INFO NCCL version 2.26.2+cuda12.2
MOC-R4PCC04U05:361726:361767 [0] NCCL INFO NET/Plugin: Could not find: libnccl-net.so. Using internal net plugin.
MOC-R4PCC04U05:361726:361767 [0] NCCL INFO NCCL_IB_HCA set to mlx5_5
MOC-R4PCC04U05:361729:361729 [3] NCCL INFO NCCL_SOCKET_IFNAME set to eno7np0
MOC-R4PCC04U05:361729:361729 [3] NCCL INFO NCCL version 2.26.2+cuda12.2
MOC-R4PCC04U05:361726:361767 [0] NCCL INFO NET/IB : Made virtual device [0] name=mlx5_5 speed=400000 ndevs=1
MOC-R4PCC04U05:361726:361767 [0] NCCL INFO NET/IB : Using [0]mlx5_5:1/RoCE [RO]; OOB eno7np0:192.168.50.193<0>
MOC-R4PCC04U05:361728:361728 [2] NCCL INFO NCCL_SOCKET_IFNAME set to eno7np0
MOC-R4PCC04U05:361728:361728 [2] NCCL INFO NCCL version 2.26.2+cuda12.2
MOC-R4PCC04U05:361727:361727 [1] NCCL INFO NCCL_SOCKET_IFNAME set to eno7np0
MOC-R4PCC04U05:361727:361727 [1] NCCL INFO NCCL version 2.26.2+cuda12.2
MOC-R4PCC04U05:361729:361768 [3] NCCL INFO NET/Plugin: Could not find: libnccl-net.so. Using internal net plugin.
MOC-R4PCC04U05:361729:361768 [3] NCCL INFO NCCL_IB_HCA set to mlx5_5
MOC-R4PCC04U05:361729:361768 [3] NCCL INFO NET/IB : Made virtual device [0] name=mlx5_5 speed=400000 ndevs=1
MOC-R4PCC04U05:361729:361768 [3] NCCL INFO NET/IB : Using [0]mlx5_5:1/RoCE [RO]; OOB eno7np0:192.168.50.193<0>
MOC-R4PCC04U05:361728:361770 [2] NCCL INFO NET/Plugin: Could not find: libnccl-net.so. Using internal net plugin.
MOC-R4PCC04U05:361728:361770 [2] NCCL INFO NCCL_IB_HCA set to mlx5_5
MOC-R4PCC04U05:361728:361770 [2] NCCL INFO NET/IB : Made virtual device [0] name=mlx5_5 speed=400000 ndevs=1
MOC-R4PCC04U05:361728:361770 [2] NCCL INFO NET/IB : Using [0]mlx5_5:1/RoCE [RO]; OOB eno7np0:192.168.50.193<0>
MOC-R4PCC04U05:361727:361771 [1] NCCL INFO NET/Plugin: Could not find: libnccl-net.so. Using internal net plugin.
MOC-R4PCC04U05:361727:361771 [1] NCCL INFO NCCL_IB_HCA set to mlx5_5
MOC-R4PCC04U05:361727:361771 [1] NCCL INFO NET/IB : Made virtual device [0] name=mlx5_5 speed=400000 ndevs=1
MOC-R4PCC04U05:361727:361771 [1] NCCL INFO NET/IB : Using [0]mlx5_5:1/RoCE [RO]; OOB eno7np0:192.168.50.193<0>
MOC-R4PCC04U05:361727:361771 [1] NCCL INFO NET/IB : GPU Direct RDMA Enabled for HCA 0 'mlx5_5'
MOC-R4PCC04U05:361727:361771 [1] NCCL INFO NET/IB : Made virtual device [1] name=mlx5_5 speed=400000 ndevs=1
MOC-R4PCC04U05:361727:361771 [1] NCCL INFO NET/IB : GPU Direct RDMA Enabled for HCA 0 'mlx5_5'
MOC-R4PCC04U05:361727:361771 [1] NCCL INFO NET/IB : GPU Direct RDMA Enabled for HCA 1 'mlx5_5'
MOC-R4PCC04U05:361726:361767 [0] NCCL INFO NET/IB : GPU Direct RDMA Enabled for HCA 0 'mlx5_5'
MOC-R4PCC04U05:361726:361767 [0] NCCL INFO NET/IB : Made virtual device [1] name=mlx5_5 speed=400000 ndevs=1
MOC-R4PCC04U05:361726:361767 [0] NCCL INFO NET/IB : GPU Direct RDMA Enabled for HCA 0 'mlx5_5'
MOC-R4PCC04U05:361726:361767 [0] NCCL INFO NET/IB : GPU Direct RDMA Enabled for HCA 1 'mlx5_5'
MOC-R4PCC04U05:361728:361770 [2] NCCL INFO NET/IB : GPU Direct RDMA Enabled for HCA 0 'mlx5_5'
MOC-R4PCC04U05:361728:361770 [2] NCCL INFO NET/IB : Made virtual device [1] name=mlx5_5 speed=400000 ndevs=1
MOC-R4PCC04U05:361728:361770 [2] NCCL INFO NET/IB : GPU Direct RDMA Enabled for HCA 0 'mlx5_5'
MOC-R4PCC04U05:361728:361770 [2] NCCL INFO NET/IB : GPU Direct RDMA Enabled for HCA 1 'mlx5_5'
MOC-R4PCC04U05:361729:361768 [3] NCCL INFO NET/IB : GPU Direct RDMA Enabled for HCA 0 'mlx5_5'
MOC-R4PCC04U05:361729:361768 [3] NCCL INFO NET/IB : Made virtual device [1] name=mlx5_5 speed=400000 ndevs=1
MOC-R4PCC04U05:361729:361768 [3] NCCL INFO NET/IB : GPU Direct RDMA Enabled for HCA 0 'mlx5_5'
MOC-R4PCC04U05:361729:361768 [3] NCCL INFO NET/IB : GPU Direct RDMA Enabled for HCA 1 'mlx5_5'
MOC-R4PCC04U05:361726:361767 [0] NCCL INFO GPU Direct RDMA Enabled for GPU 0 / HCA 1 (distance 5 <= 5), read 0 mode Default
MOC-R4PCC04U05:361726:361767 [0] NCCL INFO GPU Direct RDMA Enabled for GPU 1 / HCA 1 (distance 5 <= 5), read 0 mode Default
MOC-R4PCC04U05:361726:361767 [0] NCCL INFO GPU Direct RDMA Enabled for GPU 2 / HCA 1 (distance 5 <= 5), read 0 mode Default
MOC-R4PCC04U05:361726:361767 [0] NCCL INFO GPU Direct RDMA Enabled for GPU 3 / HCA 1 (distance 5 <= 5), read 0 mode Default
MOC-R4PCC04U05:361726:361767 [0] NCCL INFO GPU Direct RDMA Enabled for GPU 0 / HCA 1 (distance 5 <= 5), read 0 mode Default
MOC-R4PCC04U05:361726:361767 [0] NCCL INFO GPU Direct RDMA Enabled for GPU 1 / HCA 1 (distance 5 <= 5), read 0 mode Default
MOC-R4PCC04U05:361726:361767 [0] NCCL INFO GPU Direct RDMA Enabled for GPU 2 / HCA 1 (distance 5 <= 5), read 0 mode Default
MOC-R4PCC04U05:361726:361767 [0] NCCL INFO GPU Direct RDMA Enabled for GPU 3 / HCA 1 (distance 5 <= 5), read 0 mode Default
MOC-R4PCC04U05:361728:361770 [2] NCCL INFO GPU Direct RDMA Enabled for GPU 0 / HCA 1 (distance 5 <= 5), read 0 mode Default
MOC-R4PCC04U05:361728:361770 [2] NCCL INFO GPU Direct RDMA Enabled for GPU 1 / HCA 1 (distance 5 <= 5), read 0 mode Default
MOC-R4PCC04U05:361728:361770 [2] NCCL INFO GPU Direct RDMA Enabled for GPU 2 / HCA 1 (distance 5 <= 5), read 0 mode Default
MOC-R4PCC04U05:361728:361770 [2] NCCL INFO GPU Direct RDMA Enabled for GPU 3 / HCA 1 (distance 5 <= 5), read 0 mode Default
MOC-R4PCC04U05:361728:361770 [2] NCCL INFO GPU Direct RDMA Enabled for GPU 0 / HCA 1 (distance 5 <= 5), read 0 mode Default
MOC-R4PCC04U05:361728:361770 [2] NCCL INFO GPU Direct RDMA Enabled for GPU 1 / HCA 1 (distance 5 <= 5), read 0 mode Default
MOC-R4PCC04U05:361728:361770 [2] NCCL INFO GPU Direct RDMA Enabled for GPU 2 / HCA 1 (distance 5 <= 5), read 0 mode Default
MOC-R4PCC04U05:361728:361770 [2] NCCL INFO GPU Direct RDMA Enabled for GPU 3 / HCA 1 (distance 5 <= 5), read 0 mode Default
MOC-R4PCC04U05:361729:361768 [3] NCCL INFO GPU Direct RDMA Enabled for GPU 0 / HCA 1 (distance 5 <= 5), read 0 mode Default
MOC-R4PCC04U05:361729:361768 [3] NCCL INFO GPU Direct RDMA Enabled for GPU 1 / HCA 1 (distance 5 <= 5), read 0 mode Default
MOC-R4PCC04U05:361729:361768 [3] NCCL INFO GPU Direct RDMA Enabled for GPU 2 / HCA 1 (distance 5 <= 5), read 0 mode Default
MOC-R4PCC04U05:361729:361768 [3] NCCL INFO GPU Direct RDMA Enabled for GPU 3 / HCA 1 (distance 5 <= 5), read 0 mode Default
MOC-R4PCC04U05:361729:361768 [3] NCCL INFO GPU Direct RDMA Enabled for GPU 0 / HCA 1 (distance 5 <= 5), read 0 mode Default
MOC-R4PCC04U05:361729:361768 [3] NCCL INFO GPU Direct RDMA Enabled for GPU 1 / HCA 1 (distance 5 <= 5), read 0 mode Default
MOC-R4PCC04U05:361729:361768 [3] NCCL INFO GPU Direct RDMA Enabled for GPU 2 / HCA 1 (distance 5 <= 5), read 0 mode Default
MOC-R4PCC04U05:361729:361768 [3] NCCL INFO GPU Direct RDMA Enabled for GPU 3 / HCA 1 (distance 5 <= 5), read 0 mode Default
MOC-R4PCC04U05:361727:361771 [1] NCCL INFO GPU Direct RDMA Enabled for GPU 0 / HCA 1 (distance 5 <= 5), read 0 mode Default
MOC-R4PCC04U05:361727:361771 [1] NCCL INFO GPU Direct RDMA Enabled for GPU 1 / HCA 1 (distance 5 <= 5), read 0 mode Default
MOC-R4PCC04U05:361727:361771 [1] NCCL INFO GPU Direct RDMA Enabled for GPU 2 / HCA 1 (distance 5 <= 5), read 0 mode Default
MOC-R4PCC04U05:361727:361771 [1] NCCL INFO GPU Direct RDMA Enabled for GPU 3 / HCA 1 (distance 5 <= 5), read 0 mode Default
MOC-R4PCC04U05:361727:361771 [1] NCCL INFO GPU Direct RDMA Enabled for GPU 0 / HCA 1 (distance 5 <= 5), read 0 mode Default
MOC-R4PCC04U05:361727:361771 [1] NCCL INFO GPU Direct RDMA Enabled for GPU 1 / HCA 1 (distance 5 <= 5), read 0 mode Default
MOC-R4PCC04U05:361727:361771 [1] NCCL INFO GPU Direct RDMA Enabled for GPU 2 / HCA 1 (distance 5 <= 5), read 0 mode Default
MOC-R4PCC04U05:361727:361771 [1] NCCL INFO GPU Direct RDMA Enabled for GPU 3 / HCA 1 (distance 5 <= 5), read 0 mode Default
MOC-R4PCC04U05:361728:361858 [2] NCCL INFO GPU Direct RDMA Enabled for GPU 2 / HCA 1 (distance 5 <= 5), read 0 mode Default
MOC-R4PCC04U05:361729:361783 [3] NCCL INFO New proxy recv connection 0 from local rank 3, transport 0
MOC-R4PCC04U05:361729:361859 [3] NCCL INFO Connected to proxy localRank 3 -> connection 0x7fd954004f30
MOC-R4PCC04U05:361729:361783 [3] NCCL INFO New proxy recv connection 1 from local rank 3, transport 0
MOC-R4PCC04U05:361729:361859 [3] NCCL INFO Connected to proxy localRank 3 -> connection 0x7fd954004fa8
MOC-R4PCC04U05:361726:361787 [0] NCCL INFO New proxy send connection 0 from local rank 0, transport 0
MOC-R4PCC04U05:361726:361860 [0] NCCL INFO Connected to proxy localRank 0 -> connection 0x7f3d1c004f30
MOC-R4PCC04U05:361729:361783 [3] NCCL INFO New proxy recv connection 2 from local rank 3, transport 0
MOC-R4PCC04U05:361729:361859 [3] NCCL INFO Connected to proxy localRank 3 -> connection 0x7fd954005020
MOC-R4PCC04U05:361726:361787 [0] NCCL INFO New proxy send connection 1 from local rank 0, transport 0
MOC-R4PCC04U05:361726:361860 [0] NCCL INFO Connected to proxy localRank 0 -> connection 0x7f3d1c004fa8
MOC-R4PCC04U05:361726:361787 [0] NCCL INFO New proxy send connection 2 from local rank 0, transport 0
MOC-R4PCC04U05:361726:361860 [0] NCCL INFO Connected to proxy localRank 0 -> connection 0x7f3d1c005020
MOC-R4PCC04U05:361729:361783 [3] NCCL INFO New proxy recv connection 3 from local rank 3, transport 0
MOC-R4PCC04U05:361729:361859 [3] NCCL INFO Connected to proxy localRank 3 -> connection 0x7fd954005098
MOC-R4PCC04U05:361726:361787 [0] NCCL INFO New proxy send connection 3 from local rank 0, transport 0
MOC-R4PCC04U05:361726:361860 [0] NCCL INFO Connected to proxy localRank 0 -> connection 0x7f3d1c005098
MOC-R4PCC04U05:361729:361859 [3] NCCL INFO GPU Direct RDMA Enabled for GPU 3 / HCA 1 (distance 5 <= 5), read 1 mode Default
MOC-R4PCC04U05:361728:361785 [2] NCCL INFO New proxy recv connection 0 from local rank 2, transport 2
MOC-R4PCC04U05:361728:361785 [2] NCCL INFO New proxy send connection 1 from local rank 3, transport 2
MOC-R4PCC04U05:361728:361858 [2] NCCL INFO Connected to proxy localRank 2 -> connection 0x7fd9a4004f30
MOC-R4PCC04U05:361729:361859 [3] NCCL INFO Connected to proxy localRank 2 -> connection 0x7fd9a4004fa8
MOC-R4PCC04U05:361728:361858 [2] NCCL INFO Channel 00/0 : 7[3] -> 2[2] [receive] via NET/IB/1/GDRDMA
MOC-R4PCC04U05:361728:361858 [2] NCCL INFO GPU Direct RDMA Enabled for GPU 2 / HCA 1 (distance 5 <= 5), read 0 mode Default
MOC-R4PCC04U05:361729:361859 [3] NCCL INFO Channel 00/0 : 3[3] -> 6[2] [send] via NET/IB/1(2)/GDRDMA
MOC-R4PCC04U05:361729:361859 [3] NCCL INFO GPU Direct RDMA Enabled for GPU 3 / HCA 1 (distance 5 <= 5), read 1 mode Default
MOC-R4PCC04U05:361728:361785 [2] NCCL INFO New proxy recv connection 2 from local rank 2, transport 2
MOC-R4PCC04U05:361728:361858 [2] NCCL INFO Connected to proxy localRank 2 -> connection 0x7fd9a4005020
MOC-R4PCC04U05:361728:361785 [2] NCCL INFO New proxy send connection 3 from local rank 3, transport 2
MOC-R4PCC04U05:361729:361859 [3] NCCL INFO Connected to proxy localRank 2 -> connection 0x7fd9a4005098
MOC-R4PCC04U05:361728:361858 [2] NCCL INFO Channel 01/0 : 7[3] -> 2[2] [receive] via NET/IB/1/GDRDMA
MOC-R4PCC04U05:361728:361858 [2] NCCL INFO GPU Direct RDMA Enabled for GPU 2 / HCA 1 (distance 5 <= 5), read 0 mode Default
MOC-R4PCC04U05:361729:361859 [3] NCCL INFO Channel 01/0 : 3[3] -> 6[2] [send] via NET/IB/1(2)/GDRDMA
MOC-R4PCC04U05:361729:361859 [3] NCCL INFO GPU Direct RDMA Enabled for GPU 3 / HCA 1 (distance 5 <= 5), read 1 mode Default
MOC-R4PCC04U05:361728:361785 [2] NCCL INFO New proxy recv connection 4 from local rank 2, transport 2
MOC-R4PCC04U05:361728:361858 [2] NCCL INFO Connected to proxy localRank 2 -> connection 0x7fd9a4005110
MOC-R4PCC04U05:361728:361785 [2] NCCL INFO New proxy send connection 5 from local rank 3, transport 2
MOC-R4PCC04U05:361729:361859 [3] NCCL INFO Connected to proxy localRank 2 -> connection 0x7fd9a4005188
MOC-R4PCC04U05:361728:361858 [2] NCCL INFO Channel 02/0 : 7[3] -> 2[2] [receive] via NET/IB/1/GDRDMA
MOC-R4PCC04U05:361728:361858 [2] NCCL INFO GPU Direct RDMA Enabled for GPU 2 / HCA 1 (distance 5 <= 5), read 0 mode Default
MOC-R4PCC04U05:361729:361859 [3] NCCL INFO Channel 02/0 : 3[3] -> 6[2] [send] via NET/IB/1(2)/GDRDMA
MOC-R4PCC04U05:361729:361859 [3] NCCL INFO GPU Direct RDMA Enabled for GPU 3 / HCA 1 (distance 5 <= 5), read 1 mode Default
MOC-R4PCC04U05:361728:361785 [2] NCCL INFO New proxy recv connection 6 from local rank 2, transport 2
MOC-R4PCC04U05:361728:361858 [2] NCCL INFO Connected to proxy localRank 2 -> connection 0x7fd9a4005200
MOC-R4PCC04U05:361728:361785 [2] NCCL INFO New proxy send connection 7 from local rank 3, transport 2
MOC-R4PCC04U05:361729:361859 [3] NCCL INFO Connected to proxy localRank 2 -> connection 0x7fd9a4005278
MOC-R4PCC04U05:361728:361858 [2] NCCL INFO Channel 03/0 : 7[3] -> 2[2] [receive] via NET/IB/1/GDRDMA
MOC-R4PCC04U05:361729:361859 [3] NCCL INFO Channel 03/0 : 3[3] -> 6[2] [send] via NET/IB/1(2)/GDRDMA
MOC-R4PCC04U05:361726:361787 [0] NCCL INFO New proxy recv connection 4 from local rank 0, transport 0
MOC-R4PCC04U05:361726:361860 [0] NCCL INFO Connected to proxy localRank 0 -> connection 0x7f3d1c005110
MOC-R4PCC04U05:361728:361785 [2] NCCL INFO New proxy send connection 8 from local rank 2, transport 0
MOC-R4PCC04U05:361728:361858 [2] NCCL INFO Connected to proxy localRank 2 -> connection 0x7fd9a40052f0
MOC-R4PCC04U05:361726:361787 [0] NCCL INFO New proxy recv connection 5 from local rank 0, transport 0
MOC-R4PCC04U05:361726:361860 [0] NCCL INFO Connected to proxy localRank 0 -> connection 0x7f3d1c005188
MOC-R4PCC04U05:361726:361787 [0] NCCL INFO New proxy send connection 6 from local rank 3, transport 0
MOC-R4PCC04U05:361729:361859 [3] NCCL INFO Connected to proxy localRank 0 -> connection 0x7f3d1c005200
MOC-R4PCC04U05:361728:361785 [2] NCCL INFO New proxy send connection 9 from local rank 2, transport 0
MOC-R4PCC04U05:361728:361858 [2] NCCL INFO Connected to proxy localRank 2 -> connection 0x7fd9a4005368
MOC-R4PCC04U05:361727:361784 [1] NCCL INFO New proxy recv connection 0 from local rank 1, transport 0
MOC-R4PCC04U05:361727:361862 [1] NCCL INFO Connected to proxy localRank 1 -> connection 0x7f7cb8004f30
MOC-R4PCC04U05:361726:361787 [0] NCCL INFO New proxy recv connection 7 from local rank 0, transport 0
MOC-R4PCC04U05:361726:361860 [0] NCCL INFO Connected to proxy localRank 0 -> connection 0x7f3d1c005278
MOC-R4PCC04U05:361728:361785 [2] NCCL INFO New proxy send connection 10 from local rank 2, transport 0
MOC-R4PCC04U05:361728:361858 [2] NCCL INFO Connected to proxy localRank 2 -> connection 0x7fd9a40053e0
MOC-R4PCC04U05:361727:361784 [1] NCCL INFO New proxy recv connection 1 from local rank 1, transport 0
MOC-R4PCC04U05:361727:361862 [1] NCCL INFO Connected to proxy localRank 1 -> connection 0x7f7cb8004fa8
MOC-R4PCC04U05:361728:361785 [2] NCCL INFO New proxy send connection 11 from local rank 2, transport 0
MOC-R4PCC04U05:361728:361858 [2] NCCL INFO Connected to proxy localRank 2 -> connection 0x7fd9a4005458
MOC-R4PCC04U05:361726:361787 [0] NCCL INFO New proxy recv connection 8 from local rank 0, transport 0
MOC-R4PCC04U05:361726:361860 [0] NCCL INFO Connected to proxy localRank 0 -> connection 0x7f3d1c0052f0
MOC-R4PCC04U05:361727:361784 [1] NCCL INFO New proxy recv connection 2 from local rank 1, transport 0
MOC-R4PCC04U05:361727:361862 [1] NCCL INFO Connected to proxy localRank 1 -> connection 0x7f7cb8005020
MOC-R4PCC04U05:361727:361784 [1] NCCL INFO New proxy recv connection 3 from local rank 1, transport 0
MOC-R4PCC04U05:361727:361862 [1] NCCL INFO Connected to proxy localRank 1 -> connection 0x7f7cb8005098
MOC-R4PCC04U05:361727:361784 [1] NCCL INFO New proxy send connection 4 from local rank 1, transport 0
MOC-R4PCC04U05:361727:361862 [1] NCCL INFO Connected to proxy localRank 1 -> connection 0x7f7cb8005110
MOC-R4PCC04U05:361727:361784 [1] NCCL INFO New proxy send connection 5 from local rank 1, transport 0
MOC-R4PCC04U05:361727:361862 [1] NCCL INFO Connected to proxy localRank 1 -> connection 0x7f7cb8005188
MOC-R4PCC04U05:361727:361784 [1] NCCL INFO New proxy send connection 6 from local rank 1, transport 0
MOC-R4PCC04U05:361727:361862 [1] NCCL INFO Connected to proxy localRank 1 -> connection 0x7f7cb8005200
MOC-R4PCC04U05:361727:361784 [1] NCCL INFO New proxy send connection 7 from local rank 1, transport 0
MOC-R4PCC04U05:361727:361862 [1] NCCL INFO Connected to proxy localRank 1 -> connection 0x7f7cb8005278
MOC-R4PCC04U05:361729:361783 [3] NCCL INFO New proxy send connection 4 from local rank 0, transport 0
MOC-R4PCC04U05:361727:361784 [1] NCCL INFO New proxy send connection 8 from local rank 2, transport 0
MOC-R4PCC04U05:361726:361787 [0] NCCL INFO New proxy send connection 9 from local rank 1, transport 0
MOC-R4PCC04U05:361727:361862 [1] NCCL INFO Connected to proxy localRank 0 -> connection 0x7f3d1c005368
MOC-R4PCC04U05:361728:361858 [2] NCCL INFO Connected to proxy localRank 1 -> connection 0x7f7cb80052f0
MOC-R4PCC04U05:361726:361860 [0] NCCL INFO Connected to proxy localRank 3 -> connection 0x7fd954005110
MOC-R4PCC04U05:361728:361785 [2] NCCL INFO New proxy send connection 12 from local rank 1, transport 0
MOC-R4PCC04U05:361727:361862 [1] NCCL INFO Connected to proxy localRank 2 -> connection 0x7fd9a40054d0
MOC-R4PCC04U05:361728:361785 [2] NCCL INFO NET/IB: NCCL Dev 1 IbDev 0 Port 1 qpn 3994 mtu 3 query_ece={supported=1, vendor_id=0x15b3, options=0x30000002, comp_mask=0x0} GID 3 (0/C132A8C0FFFF0000) fifoRkey=0x17ecab fifoLkey=0x17ecab
MOC-R4PCC04U05:361728:361785 [2] NCCL INFO NET/IB: NCCL Dev 1 IbDev 0 Port 1 qpn 3995 mtu 3 query_ece={supported=1, vendor_id=0x15b3, options=0x30000002, comp_mask=0x0} GID 3 (0/C132A8C0FFFF0000) fifoRkey=0x17e2a1 fifoLkey=0x17e2a1
MOC-R4PCC04U05:361728:361785 [2] NCCL INFO NET/IB: NCCL Dev 1 IbDev 0 Port 1 qpn 3996 mtu 3 query_ece={supported=1, vendor_id=0x15b3, options=0x30000002, comp_mask=0x0} GID 3 (0/C132A8C0FFFF0000) fifoRkey=0x17dc9b fifoLkey=0x17dc9b
MOC-R4PCC04U05:361728:361785 [2] NCCL INFO NET/IB: NCCL Dev 1 IbDev 0 Port 1 qpn 3997 mtu 3 query_ece={supported=1, vendor_id=0x15b3, options=0x30000002, comp_mask=0x0} GID 3 (0/C132A8C0FFFF0000) fifoRkey=0x1700c0 fifoLkey=0x1700c0
MOC-R4PCC04U05:361728:361785 [2] NCCL INFO NET/IB: IbDev 0 Port 1 qpn 4236 set_ece={supported=1, vendor_id=0x15b3, options=0x0, comp_mask=0x0}
MOC-R4PCC04U05:361728:361785 [2] NCCL INFO NET/IB: IbDev 0 Port 1 qpn 4238 set_ece={supported=1, vendor_id=0x15b3, options=0x0, comp_mask=0x0}
MOC-R4PCC04U05:361727:361784 [1] NCCL INFO New proxy send connection 9 from local rank 0, transport 0
MOC-R4PCC04U05:361726:361860 [0] NCCL INFO Connected to proxy localRank 1 -> connection 0x7f7cb8005368
MOC-R4PCC04U05:361728:361785 [2] NCCL INFO NET/IB: IbDev 0 Port 1 qpn 4240 set_ece={supported=1, vendor_id=0x15b3, options=0x0, comp_mask=0x0}
MOC-R4PCC04U05:361728:361785 [2] NCCL INFO NET/IB: IbDev 0 Port 1 qpn 4242 set_ece={supported=1, vendor_id=0x15b3, options=0x0, comp_mask=0x0}
MOC-R4PCC04U05:361728:361785 [2] NCCL INFO New proxy send connection 13 from local rank 3, transport 0
MOC-R4PCC04U05:361729:361859 [3] NCCL INFO Connected to proxy localRank 2 -> connection 0x7fd9a4005548
num decayed parameter tensors: 50, with 124,318,464 parameters
num non-decayed parameter tensors: 98, with 121,344 parameters
using fused AdamW: False
using regular AdamW
MOC-R4PCC04U05:361729:361783 [3] NCCL INFO New proxy recv connection 5 from local rank 3, transport 0
MOC-R4PCC04U05:361729:362485 [3] NCCL INFO Connected to proxy localRank 3 -> connection 0x7fd954005188
MOC-R4PCC04U05:361729:361783 [3] NCCL INFO New proxy recv connection 6 from local rank 3, transport 0
MOC-R4PCC04U05:361729:362485 [3] NCCL INFO Connected to proxy localRank 3 -> connection 0x7fd954005200
MOC-R4PCC04U05:361729:361783 [3] NCCL INFO New proxy recv connection 7 from local rank 3, transport 0
MOC-R4PCC04U05:361729:362485 [3] NCCL INFO Connected to proxy localRank 3 -> connection 0x7fd954005278
MOC-R4PCC04U05:361729:361783 [3] NCCL INFO New proxy recv connection 8 from local rank 3, transport 0
MOC-R4PCC04U05:361729:362485 [3] NCCL INFO Connected to proxy localRank 3 -> connection 0x7fd9540052f0
MOC-R4PCC04U05:361728:361785 [2] NCCL INFO New proxy send connection 14 from local rank 2, transport 0
MOC-R4PCC04U05:361728:362486 [2] NCCL INFO Connected to proxy localRank 2 -> connection 0x7fd9a40055c0
MOC-R4PCC04U05:361728:361785 [2] NCCL INFO New proxy send connection 15 from local rank 2, transport 0
MOC-R4PCC04U05:361728:362486 [2] NCCL INFO Connected to proxy localRank 2 -> connection 0x7fd9a4005638
MOC-R4PCC04U05:361728:361785 [2] NCCL INFO New proxy send connection 16 from local rank 2, transport 0
MOC-R4PCC04U05:361728:362486 [2] NCCL INFO Connected to proxy localRank 2 -> connection 0x7fd9a40056b0
MOC-R4PCC04U05:361728:361785 [2] NCCL INFO New proxy send connection 17 from local rank 2, transport 0
MOC-R4PCC04U05:361728:362486 [2] NCCL INFO Connected to proxy localRank 2 -> connection 0x7fd9a4005728
MOC-R4PCC04U05:361728:362486 [2] NCCL INFO GPU Direct RDMA Enabled for GPU 2 / HCA 1 (distance 5 <= 5), read 0 mode Default
MOC-R4PCC04U05:361729:361783 [3] NCCL INFO New proxy send connection 9 from local rank 3, transport 0
MOC-R4PCC04U05:361728:361785 [2] NCCL INFO New proxy recv connection 18 from local rank 2, transport 2
MOC-R4PCC04U05:361729:362485 [3] NCCL INFO Connected to proxy localRank 3 -> connection 0x7fd954005368
MOC-R4PCC04U05:361728:362486 [2] NCCL INFO Connected to proxy localRank 2 -> connection 0x7fd9a40057a0
MOC-R4PCC04U05:361728:362486 [2] NCCL INFO Channel 00/0 : 6[2] -> 2[2] [receive] via NET/IB/1/GDRDMA
MOC-R4PCC04U05:361728:362486 [2] NCCL INFO GPU Direct RDMA Enabled for GPU 2 / HCA 1 (distance 5 <= 5), read 0 mode Default
MOC-R4PCC04U05:361728:361785 [2] NCCL INFO New proxy recv connection 19 from local rank 2, transport 2
MOC-R4PCC04U05:361728:362486 [2] NCCL INFO Connected to proxy localRank 2 -> connection 0x7fd9a4005818
MOC-R4PCC04U05:361728:362486 [2] NCCL INFO Channel 01/0 : 6[2] -> 2[2] [receive] via NET/IB/1/GDRDMA
MOC-R4PCC04U05:361728:362486 [2] NCCL INFO GPU Direct RDMA Enabled for GPU 2 / HCA 1 (distance 5 <= 5), read 0 mode Default
MOC-R4PCC04U05:361728:361785 [2] NCCL INFO New proxy recv connection 20 from local rank 2, transport 2
MOC-R4PCC04U05:361728:362486 [2] NCCL INFO Connected to proxy localRank 2 -> connection 0x7fd9a4005890
MOC-R4PCC04U05:361728:362486 [2] NCCL INFO Channel 02/0 : 6[2] -> 2[2] [receive] via NET/IB/1/GDRDMA
MOC-R4PCC04U05:361728:362486 [2] NCCL INFO GPU Direct RDMA Enabled for GPU 2 / HCA 1 (distance 5 <= 5), read 0 mode Default
MOC-R4PCC04U05:361728:361785 [2] NCCL INFO New proxy recv connection 21 from local rank 2, transport 2
MOC-R4PCC04U05:361728:362486 [2] NCCL INFO Connected to proxy localRank 2 -> connection 0x7fd9a4005908
MOC-R4PCC04U05:361728:362486 [2] NCCL INFO Channel 03/0 : 6[2] -> 2[2] [receive] via NET/IB/1/GDRDMA
MOC-R4PCC04U05:361728:362486 [2] NCCL INFO GPU Direct RDMA Enabled for GPU 2 / HCA 1 (distance 5 <= 5), read 1 mode Default
MOC-R4PCC04U05:361728:361785 [2] NCCL INFO New proxy send connection 22 from local rank 2, transport 2
MOC-R4PCC04U05:361728:362486 [2] NCCL INFO Connected to proxy localRank 2 -> connection 0x7fd9a4005980
MOC-R4PCC04U05:361728:362486 [2] NCCL INFO Channel 00/0 : 2[2] -> 6[2] [send] via NET/IB/1/GDRDMA
MOC-R4PCC04U05:361728:362486 [2] NCCL INFO GPU Direct RDMA Enabled for GPU 2 / HCA 1 (distance 5 <= 5), read 1 mode Default
MOC-R4PCC04U05:361728:361785 [2] NCCL INFO New proxy send connection 23 from local rank 2, transport 2
MOC-R4PCC04U05:361728:362486 [2] NCCL INFO Connected to proxy localRank 2 -> connection 0x7fd9a40059f8
MOC-R4PCC04U05:361729:361783 [3] NCCL INFO New proxy send connection 10 from local rank 3, transport 0
MOC-R4PCC04U05:361729:362485 [3] NCCL INFO Connected to proxy localRank 3 -> connection 0x7fd9540053e0
MOC-R4PCC04U05:361728:362486 [2] NCCL INFO Channel 01/0 : 2[2] -> 6[2] [send] via NET/IB/1/GDRDMA
MOC-R4PCC04U05:361728:362486 [2] NCCL INFO GPU Direct RDMA Enabled for GPU 2 / HCA 1 (distance 5 <= 5), read 1 mode Default
MOC-R4PCC04U05:361728:361785 [2] NCCL INFO New proxy send connection 24 from local rank 2, transport 2
MOC-R4PCC04U05:361728:362486 [2] NCCL INFO Connected to proxy localRank 2 -> connection 0x7fd9a4005a70
MOC-R4PCC04U05:361728:362486 [2] NCCL INFO Channel 02/0 : 2[2] -> 6[2] [send] via NET/IB/1/GDRDMA
MOC-R4PCC04U05:361728:362486 [2] NCCL INFO GPU Direct RDMA Enabled for GPU 2 / HCA 1 (distance 5 <= 5), read 1 mode Default
MOC-R4PCC04U05:361728:361785 [2] NCCL INFO New proxy send connection 25 from local rank 2, transport 2
MOC-R4PCC04U05:361728:362486 [2] NCCL INFO Connected to proxy localRank 2 -> connection 0x7fd9a4005ae8
MOC-R4PCC04U05:361729:361783 [3] NCCL INFO New proxy send connection 11 from local rank 3, transport 0
MOC-R4PCC04U05:361729:362485 [3] NCCL INFO Connected to proxy localRank 3 -> connection 0x7fd954005458
MOC-R4PCC04U05:361728:362486 [2] NCCL INFO Channel 03/0 : 2[2] -> 6[2] [send] via NET/IB/1/GDRDMA
MOC-R4PCC04U05:361728:361785 [2] NCCL INFO New proxy recv connection 26 from local rank 2, transport 0
MOC-R4PCC04U05:361728:362486 [2] NCCL INFO Connected to proxy localRank 2 -> connection 0x7fd9a4005b60
MOC-R4PCC04U05:361729:361783 [3] NCCL INFO New proxy send connection 12 from local rank 3, transport 0
MOC-R4PCC04U05:361729:362485 [3] NCCL INFO Connected to proxy localRank 3 -> connection 0x7fd9540054d0
MOC-R4PCC04U05:361728:361785 [2] NCCL INFO New proxy recv connection 27 from local rank 2, transport 0
MOC-R4PCC04U05:361728:362486 [2] NCCL INFO Connected to proxy localRank 2 -> connection 0x7fd9a4005bd8
MOC-R4PCC04U05:361728:361785 [2] NCCL INFO New proxy recv connection 28 from local rank 2, transport 0
MOC-R4PCC04U05:361728:362486 [2] NCCL INFO Connected to proxy localRank 2 -> connection 0x7fd9a4005c50
MOC-R4PCC04U05:361728:361785 [2] NCCL INFO New proxy recv connection 29 from local rank 2, transport 0
MOC-R4PCC04U05:361728:362486 [2] NCCL INFO Connected to proxy localRank 2 -> connection 0x7fd9a4005cc8
MOC-R4PCC04U05:361726:361787 [0] NCCL INFO New proxy send connection 10 from local rank 0, transport 0
MOC-R4PCC04U05:361726:362487 [0] NCCL INFO Connected to proxy localRank 0 -> connection 0x7f3d1c0053e0
MOC-R4PCC04U05:361726:361787 [0] NCCL INFO New proxy send connection 11 from local rank 0, transport 0
MOC-R4PCC04U05:361726:362487 [0] NCCL INFO Connected to proxy localRank 0 -> connection 0x7f3d1c005458
MOC-R4PCC04U05:361726:361787 [0] NCCL INFO New proxy send connection 12 from local rank 0, transport 0
MOC-R4PCC04U05:361726:362487 [0] NCCL INFO Connected to proxy localRank 0 -> connection 0x7f3d1c0054d0
MOC-R4PCC04U05:361726:361787 [0] NCCL INFO New proxy send connection 13 from local rank 0, transport 0
MOC-R4PCC04U05:361726:362487 [0] NCCL INFO Connected to proxy localRank 0 -> connection 0x7f3d1c005548
MOC-R4PCC04U05:361727:361784 [1] NCCL INFO New proxy recv connection 10 from local rank 1, transport 0
MOC-R4PCC04U05:361727:362488 [1] NCCL INFO Connected to proxy localRank 1 -> connection 0x7f7cb80053e0
MOC-R4PCC04U05:361727:361784 [1] NCCL INFO New proxy recv connection 11 from local rank 1, transport 0
MOC-R4PCC04U05:361727:362488 [1] NCCL INFO Connected to proxy localRank 1 -> connection 0x7f7cb8005458
MOC-R4PCC04U05:361727:361784 [1] NCCL INFO New proxy recv connection 12 from local rank 1, transport 0
MOC-R4PCC04U05:361727:362488 [1] NCCL INFO Connected to proxy localRank 1 -> connection 0x7f7cb80054d0
MOC-R4PCC04U05:361727:361784 [1] NCCL INFO New proxy recv connection 13 from local rank 1, transport 0
MOC-R4PCC04U05:361727:362488 [1] NCCL INFO Connected to proxy localRank 1 -> connection 0x7f7cb8005548
MOC-R4PCC04U05:361726:361787 [0] NCCL INFO New proxy recv connection 14 from local rank 0, transport 0
MOC-R4PCC04U05:361726:362487 [0] NCCL INFO Connected to proxy localRank 0 -> connection 0x7f3d1c0055c0
MOC-R4PCC04U05:361726:361787 [0] NCCL INFO New proxy recv connection 15 from local rank 0, transport 0
MOC-R4PCC04U05:361726:362487 [0] NCCL INFO Connected to proxy localRank 0 -> connection 0x7f3d1c005638
MOC-R4PCC04U05:361726:361787 [0] NCCL INFO New proxy recv connection 16 from local rank 0, transport 0
MOC-R4PCC04U05:361726:362487 [0] NCCL INFO Connected to proxy localRank 0 -> connection 0x7f3d1c0056b0
MOC-R4PCC04U05:361726:361787 [0] NCCL INFO New proxy recv connection 17 from local rank 0, transport 0
MOC-R4PCC04U05:361726:362487 [0] NCCL INFO Connected to proxy localRank 0 -> connection 0x7f3d1c005728
MOC-R4PCC04U05:361729:361783 [3] NCCL INFO New proxy send connection 13 from local rank 3, transport 0
MOC-R4PCC04U05:361729:362485 [3] NCCL INFO Connected to proxy localRank 3 -> connection 0x7fd954005548
MOC-R4PCC04U05:361729:361783 [3] NCCL INFO New proxy send connection 14 from local rank 3, transport 0
MOC-R4PCC04U05:361729:362485 [3] NCCL INFO Connected to proxy localRank 3 -> connection 0x7fd9540055c0
MOC-R4PCC04U05:361729:361783 [3] NCCL INFO New proxy send connection 15 from local rank 3, transport 0
MOC-R4PCC04U05:361729:362485 [3] NCCL INFO Connected to proxy localRank 3 -> connection 0x7fd954005638
MOC-R4PCC04U05:361729:361783 [3] NCCL INFO New proxy send connection 16 from local rank 3, transport 0
MOC-R4PCC04U05:361729:362485 [3] NCCL INFO Connected to proxy localRank 3 -> connection 0x7fd9540056b0
MOC-R4PCC04U05:361729:361783 [3] NCCL INFO New proxy send connection 17 from local rank 2, transport 0
MOC-R4PCC04U05:361728:362486 [2] NCCL INFO Connected to proxy localRank 3 -> connection 0x7fd954005728
MOC-R4PCC04U05:361728:361785 [2] NCCL INFO NET/IB: NCCL Dev 1 IbDev 0 Port 1 qpn 4004 mtu 3 query_ece={supported=1, vendor_id=0x15b3, options=0x30000002, comp_mask=0x0} GID 3 (0/C132A8C0FFFF0000) fifoRkey=0x180ac9 fifoLkey=0x180ac9
MOC-R4PCC04U05:361728:361785 [2] NCCL INFO NET/IB: IbDev 0 Port 1 qpn 4245 set_ece={supported=1, vendor_id=0x15b3, options=0x0, comp_mask=0x0}
MOC-R4PCC04U05:361728:361785 [2] NCCL INFO NET/IB: NCCL Dev 1 IbDev 0 Port 1 qpn 4007 mtu 3 query_ece={supported=1, vendor_id=0x15b3, options=0x30000002, comp_mask=0x0} GID 3 (0/C132A8C0FFFF0000) fifoRkey=0x17a767 fifoLkey=0x17a767
MOC-R4PCC04U05:361728:361785 [2] NCCL INFO NET/IB: NCCL Dev 1 IbDev 0 Port 1 qpn 4010 mtu 3 query_ece={supported=1, vendor_id=0x15b3, options=0x30000002, comp_mask=0x0} GID 3 (0/C132A8C0FFFF0000) fifoRkey=0x17f9b8 fifoLkey=0x17f9b8
MOC-R4PCC04U05:361728:361785 [2] NCCL INFO NET/IB: IbDev 0 Port 1 qpn 4248 set_ece={supported=1, vendor_id=0x15b3, options=0x0, comp_mask=0x0}
MOC-R4PCC04U05:361728:361785 [2] NCCL INFO NET/IB: IbDev 0 Port 1 qpn 4251 set_ece={supported=1, vendor_id=0x15b3, options=0x0, comp_mask=0x0}
MOC-R4PCC04U05:361728:361785 [2] NCCL INFO NET/IB: NCCL Dev 1 IbDev 0 Port 1 qpn 4013 mtu 3 query_ece={supported=1, vendor_id=0x15b3, options=0x30000002, comp_mask=0x0} GID 3 (0/C132A8C0FFFF0000) fifoRkey=0x17f1b0 fifoLkey=0x17f1b0
MOC-R4PCC04U05:361728:361785 [2] NCCL INFO NET/IB: IbDev 0 Port 1 qpn 4253 set_ece={supported=1, vendor_id=0x15b3, options=0x0, comp_mask=0x0}
step    1/10 | train loss 11.008537 | norm 15.8514 | lr 1.00e-04 | (13827.22 ms | 18959 tok/s)
step    2/10 | train loss 10.116469 | norm 5.8736 | lr 1.00e-04 | (114.56 ms | 2288228 tok/s)
step    3/10 | train loss 9.766011 | norm 2.6307 | lr 1.00e-04 | (113.72 ms | 2305143 tok/s)
step    4/10 | train loss 9.596252 | norm 2.1068 | lr 1.00e-04 | (112.44 ms | 2331336 tok/s)
step    5/10 | train loss 9.513405 | norm 2.1000 | lr 1.00e-04 | (113.78 ms | 2304008 tok/s)
step    6/10 | train loss 9.431211 | norm 1.9935 | lr 1.00e-04 | (113.49 ms | 2309879 tok/s)
step    7/10 | train loss 9.345913 | norm 1.9370 | lr 1.00e-04 | (113.40 ms | 2311676 tok/s)
step    8/10 | train loss 9.256430 | norm 1.9010 | lr 1.00e-04 | (113.84 ms | 2302821 tok/s)
step    9/10 | train loss 9.164147 | norm 1.8592 | lr 1.00e-04 | (114.43 ms | 2290907 tok/s)
step   10/10 | train loss 9.071952 | norm 1.7839 | lr 1.00e-04 | (114.20 ms | 2295470 tok/s)
final 9 iters avg: 113.762ms
peak memory consumption: 16121 MiB
