Running pytorch 2.7.0+cu126
using device: cuda:0
total desired batch size: 1835008
=> calculated gradient accumulation steps: 7
using device: cuda:1
using device: cuda:3
using device: cuda:2
compiling the model...
DataLoader: total number of tokens: 1,661,249,667 across 103 files
MOC-R4PCC04U05:456064:456064 [0] NCCL INFO NCCL_SOCKET_IFNAME set to eno7np0
MOC-R4PCC04U05:456064:456064 [0] NCCL INFO NCCL version 2.26.2+cuda12.2
MOC-R4PCC04U05:456064:456106 [0] NCCL INFO NET/Plugin: Could not find: libnccl-net.so. Using internal net plugin.
MOC-R4PCC04U05:456064:456106 [0] NCCL INFO NET/Socket : Using [0]eno7np0:192.168.50.193<0>
MOC-R4PCC04U05:456066:456066 [2] NCCL INFO NCCL_SOCKET_IFNAME set to eno7np0
MOC-R4PCC04U05:456065:456065 [1] NCCL INFO NCCL_SOCKET_IFNAME set to eno7np0
MOC-R4PCC04U05:456065:456065 [1] NCCL INFO NCCL version 2.26.2+cuda12.2
MOC-R4PCC04U05:456066:456066 [2] NCCL INFO NCCL version 2.26.2+cuda12.2
MOC-R4PCC04U05:456067:456067 [3] NCCL INFO NCCL_SOCKET_IFNAME set to eno7np0
MOC-R4PCC04U05:456067:456067 [3] NCCL INFO NCCL version 2.26.2+cuda12.2
MOC-R4PCC04U05:456066:456107 [2] NCCL INFO NET/Plugin: Could not find: libnccl-net.so. Using internal net plugin.
MOC-R4PCC04U05:456066:456107 [2] NCCL INFO NET/Socket : Using [0]eno7np0:192.168.50.193<0>
MOC-R4PCC04U05:456065:456108 [1] NCCL INFO NET/Plugin: Could not find: libnccl-net.so. Using internal net plugin.
MOC-R4PCC04U05:456065:456108 [1] NCCL INFO NET/Socket : Using [0]eno7np0:192.168.50.193<0>
MOC-R4PCC04U05:456067:456109 [3] NCCL INFO NET/Plugin: Could not find: libnccl-net.so. Using internal net plugin.
MOC-R4PCC04U05:456067:456109 [3] NCCL INFO NET/Socket : Using [0]eno7np0:192.168.50.193<0>
MOC-R4PCC04U05:456066:456107 [2] NCCL INFO NET/Socket : GPU Direct RDMA Disabled for HCA 0 'eno7np0'
MOC-R4PCC04U05:456067:456109 [3] NCCL INFO NET/Socket : GPU Direct RDMA Disabled for HCA 0 'eno7np0'
MOC-R4PCC04U05:456065:456108 [1] NCCL INFO NET/Socket : GPU Direct RDMA Disabled for HCA 0 'eno7np0'
MOC-R4PCC04U05:456064:456106 [0] NCCL INFO NET/Socket : GPU Direct RDMA Disabled for HCA 0 'eno7np0'
MOC-R4PCC04U05:456066:456120 [2] NCCL INFO New proxy recv connection 0 from local rank 2, transport 0
MOC-R4PCC04U05:456066:456126 [2] NCCL INFO Connected to proxy localRank 2 -> connection 0x7ff318004f30
MOC-R4PCC04U05:456066:456120 [2] NCCL INFO New proxy recv connection 1 from local rank 2, transport 0
MOC-R4PCC04U05:456066:456126 [2] NCCL INFO Connected to proxy localRank 2 -> connection 0x7ff318004fa8
MOC-R4PCC04U05:456064:456118 [0] NCCL INFO New proxy send connection 0 from local rank 0, transport 0
MOC-R4PCC04U05:456064:456127 [0] NCCL INFO Connected to proxy localRank 0 -> connection 0x7f0f7c004f30
MOC-R4PCC04U05:456064:456118 [0] NCCL INFO New proxy send connection 1 from local rank 0, transport 0
MOC-R4PCC04U05:456064:456127 [0] NCCL INFO Connected to proxy localRank 0 -> connection 0x7f0f7c004fa8
MOC-R4PCC04U05:456064:456118 [0] NCCL INFO New proxy send connection 2 from local rank 0, transport 0
MOC-R4PCC04U05:456064:456127 [0] NCCL INFO Connected to proxy localRank 0 -> connection 0x7f0f7c005020
MOC-R4PCC04U05:456064:456118 [0] NCCL INFO New proxy send connection 3 from local rank 0, transport 0
MOC-R4PCC04U05:456064:456127 [0] NCCL INFO Connected to proxy localRank 0 -> connection 0x7f0f7c005098
MOC-R4PCC04U05:456065:456122 [1] NCCL INFO New proxy recv connection 0 from local rank 1, transport 0
MOC-R4PCC04U05:456065:456128 [1] NCCL INFO Connected to proxy localRank 1 -> connection 0x7fd3b8004f30
MOC-R4PCC04U05:456065:456122 [1] NCCL INFO New proxy recv connection 1 from local rank 1, transport 0
MOC-R4PCC04U05:456065:456128 [1] NCCL INFO Connected to proxy localRank 1 -> connection 0x7fd3b8004fa8
MOC-R4PCC04U05:456067:456119 [3] NCCL INFO New proxy recv connection 0 from local rank 3, transport 0
MOC-R4PCC04U05:456067:456129 [3] NCCL INFO Connected to proxy localRank 3 -> connection 0x7fe7e4004f30
MOC-R4PCC04U05:456066:456120 [2] NCCL INFO New proxy recv connection 2 from local rank 2, transport 2
MOC-R4PCC04U05:456066:456126 [2] NCCL INFO Connected to proxy localRank 2 -> connection 0x7ff318005020
MOC-R4PCC04U05:456066:456126 [2] NCCL INFO Channel 00/0 : 7[3] -> 2[2] [receive] via NET/Socket/0
MOC-R4PCC04U05:456066:456120 [2] NCCL INFO New proxy recv connection 3 from local rank 2, transport 2
MOC-R4PCC04U05:456066:456126 [2] NCCL INFO Connected to proxy localRank 2 -> connection 0x7ff318005098
MOC-R4PCC04U05:456067:456119 [3] NCCL INFO New proxy recv connection 1 from local rank 3, transport 0
MOC-R4PCC04U05:456067:456129 [3] NCCL INFO Connected to proxy localRank 3 -> connection 0x7fe7e4004fa8
MOC-R4PCC04U05:456066:456126 [2] NCCL INFO Channel 02/0 : 7[3] -> 2[2] [receive] via NET/Socket/0
MOC-R4PCC04U05:456067:456119 [3] NCCL INFO New proxy send connection 2 from local rank 3, transport 2
MOC-R4PCC04U05:456067:456129 [3] NCCL INFO Connected to proxy localRank 3 -> connection 0x7fe7e4005020
MOC-R4PCC04U05:456067:456129 [3] NCCL INFO Channel 00/0 : 3[3] -> 6[2] [send] via NET/Socket/0
MOC-R4PCC04U05:456067:456119 [3] NCCL INFO New proxy send connection 3 from local rank 3, transport 2
MOC-R4PCC04U05:456067:456129 [3] NCCL INFO Connected to proxy localRank 3 -> connection 0x7fe7e4005098
MOC-R4PCC04U05:456067:456129 [3] NCCL INFO Channel 02/0 : 3[3] -> 6[2] [send] via NET/Socket/0
MOC-R4PCC04U05:456064:456118 [0] NCCL INFO New proxy recv connection 4 from local rank 0, transport 0
MOC-R4PCC04U05:456064:456127 [0] NCCL INFO Connected to proxy localRank 0 -> connection 0x7f0f7c005110
MOC-R4PCC04U05:456064:456118 [0] NCCL INFO New proxy recv connection 5 from local rank 0, transport 0
MOC-R4PCC04U05:456064:456127 [0] NCCL INFO Connected to proxy localRank 0 -> connection 0x7f0f7c005188
MOC-R4PCC04U05:456064:456118 [0] NCCL INFO New proxy recv connection 6 from local rank 0, transport 0
MOC-R4PCC04U05:456064:456127 [0] NCCL INFO Connected to proxy localRank 0 -> connection 0x7f0f7c005200
MOC-R4PCC04U05:456064:456118 [0] NCCL INFO New proxy recv connection 7 from local rank 0, transport 0
MOC-R4PCC04U05:456064:456127 [0] NCCL INFO Connected to proxy localRank 0 -> connection 0x7f0f7c005278
MOC-R4PCC04U05:456067:456119 [3] NCCL INFO New proxy recv connection 4 from local rank 3, transport 2
MOC-R4PCC04U05:456067:456129 [3] NCCL INFO Connected to proxy localRank 3 -> connection 0x7fe7e4005110
MOC-R4PCC04U05:456067:456129 [3] NCCL INFO Channel 01/0 : 6[2] -> 3[3] [receive] via NET/Socket/0
MOC-R4PCC04U05:456067:456119 [3] NCCL INFO New proxy recv connection 5 from local rank 3, transport 2
MOC-R4PCC04U05:456067:456129 [3] NCCL INFO Connected to proxy localRank 3 -> connection 0x7fe7e4005188
MOC-R4PCC04U05:456067:456129 [3] NCCL INFO Channel 03/0 : 6[2] -> 3[3] [receive] via NET/Socket/0
MOC-R4PCC04U05:456067:456119 [3] NCCL INFO New proxy send connection 6 from local rank 3, transport 0
MOC-R4PCC04U05:456067:456129 [3] NCCL INFO Connected to proxy localRank 3 -> connection 0x7fe7e4005200
MOC-R4PCC04U05:456067:456119 [3] NCCL INFO New proxy send connection 7 from local rank 3, transport 0
MOC-R4PCC04U05:456067:456129 [3] NCCL INFO Connected to proxy localRank 3 -> connection 0x7fe7e4005278
MOC-R4PCC04U05:456065:456122 [1] NCCL INFO New proxy recv connection 2 from local rank 1, transport 0
MOC-R4PCC04U05:456065:456128 [1] NCCL INFO Connected to proxy localRank 1 -> connection 0x7fd3b8005020
MOC-R4PCC04U05:456064:456118 [0] NCCL INFO New proxy send connection 8 from local rank 3, transport 0
MOC-R4PCC04U05:456067:456129 [3] NCCL INFO Connected to proxy localRank 0 -> connection 0x7f0f7c0052f0
MOC-R4PCC04U05:456065:456122 [1] NCCL INFO New proxy recv connection 3 from local rank 1, transport 0
MOC-R4PCC04U05:456065:456128 [1] NCCL INFO Connected to proxy localRank 1 -> connection 0x7fd3b8005098
MOC-R4PCC04U05:456066:456120 [2] NCCL INFO New proxy send connection 4 from local rank 2, transport 2
MOC-R4PCC04U05:456066:456126 [2] NCCL INFO Connected to proxy localRank 2 -> connection 0x7ff318005110
MOC-R4PCC04U05:456066:456126 [2] NCCL INFO Channel 01/0 : 2[2] -> 7[3] [send] via NET/Socket/0
MOC-R4PCC04U05:456066:456120 [2] NCCL INFO New proxy send connection 5 from local rank 2, transport 2
MOC-R4PCC04U05:456066:456126 [2] NCCL INFO Connected to proxy localRank 2 -> connection 0x7ff318005188
MOC-R4PCC04U05:456066:456126 [2] NCCL INFO Channel 03/0 : 2[2] -> 7[3] [send] via NET/Socket/0
MOC-R4PCC04U05:456066:456120 [2] NCCL INFO New proxy send connection 6 from local rank 2, transport 0
MOC-R4PCC04U05:456066:456126 [2] NCCL INFO Connected to proxy localRank 2 -> connection 0x7ff318005200
MOC-R4PCC04U05:456065:456122 [1] NCCL INFO New proxy send connection 4 from local rank 1, transport 0
MOC-R4PCC04U05:456065:456128 [1] NCCL INFO Connected to proxy localRank 1 -> connection 0x7fd3b8005110
MOC-R4PCC04U05:456066:456120 [2] NCCL INFO New proxy send connection 7 from local rank 2, transport 0
MOC-R4PCC04U05:456066:456126 [2] NCCL INFO Connected to proxy localRank 2 -> connection 0x7ff318005278
MOC-R4PCC04U05:456065:456122 [1] NCCL INFO New proxy send connection 5 from local rank 1, transport 0
MOC-R4PCC04U05:456065:456128 [1] NCCL INFO Connected to proxy localRank 1 -> connection 0x7fd3b8005188
MOC-R4PCC04U05:456065:456122 [1] NCCL INFO New proxy send connection 6 from local rank 1, transport 0
MOC-R4PCC04U05:456065:456128 [1] NCCL INFO Connected to proxy localRank 1 -> connection 0x7fd3b8005200
MOC-R4PCC04U05:456065:456122 [1] NCCL INFO New proxy send connection 7 from local rank 1, transport 0
MOC-R4PCC04U05:456065:456128 [1] NCCL INFO Connected to proxy localRank 1 -> connection 0x7fd3b8005278
MOC-R4PCC04U05:456064:456118 [0] NCCL INFO New proxy send connection 9 from local rank 2, transport 0
MOC-R4PCC04U05:456067:456119 [3] NCCL INFO New proxy send connection 8 from local rank 1, transport 0
MOC-R4PCC04U05:456066:456120 [2] NCCL INFO New proxy send connection 8 from local rank 0, transport 0
MOC-R4PCC04U05:456066:456126 [2] NCCL INFO Connected to proxy localRank 0 -> connection 0x7f0f7c005368
MOC-R4PCC04U05:456064:456127 [0] NCCL INFO Connected to proxy localRank 2 -> connection 0x7ff3180052f0
MOC-R4PCC04U05:456065:456128 [1] NCCL INFO Connected to proxy localRank 3 -> connection 0x7fe7e40052f0
MOC-R4PCC04U05:456065:456122 [1] NCCL INFO New proxy send connection 8 from local rank 3, transport 0
MOC-R4PCC04U05:456067:456129 [3] NCCL INFO Connected to proxy localRank 1 -> connection 0x7fd3b80052f0
MOC-R4PCC04U05:456065:456122 [1] NCCL INFO New proxy send connection 9 from local rank 2, transport 0
MOC-R4PCC04U05:456066:456126 [2] NCCL INFO Connected to proxy localRank 1 -> connection 0x7fd3b8005368
MOC-R4PCC04U05:456067:456119 [3] NCCL INFO New proxy send connection 9 from local rank 0, transport 0
MOC-R4PCC04U05:456064:456127 [0] NCCL INFO Connected to proxy localRank 3 -> connection 0x7fe7e4005368
MOC-R4PCC04U05:456064:456118 [0] NCCL INFO New proxy send connection 10 from local rank 1, transport 0
MOC-R4PCC04U05:456065:456128 [1] NCCL INFO Connected to proxy localRank 0 -> connection 0x7f0f7c0053e0
MOC-R4PCC04U05:456065:456122 [1] NCCL INFO New proxy send connection 10 from local rank 0, transport 0
MOC-R4PCC04U05:456064:456127 [0] NCCL INFO Connected to proxy localRank 1 -> connection 0x7fd3b80053e0
MOC-R4PCC04U05:456066:456120 [2] NCCL INFO New proxy send connection 9 from local rank 1, transport 0
MOC-R4PCC04U05:456065:456128 [1] NCCL INFO Connected to proxy localRank 2 -> connection 0x7ff318005368
num decayed parameter tensors: 50, with 124,318,464 parameters
num non-decayed parameter tensors: 98, with 121,344 parameters
using fused AdamW: False
using regular AdamW
MOC-R4PCC04U05:456066:456120 [2] NCCL INFO New proxy recv connection 10 from local rank 2, transport 0
MOC-R4PCC04U05:456066:456828 [2] NCCL INFO Connected to proxy localRank 2 -> connection 0x7ff3180053e0
MOC-R4PCC04U05:456066:456120 [2] NCCL INFO New proxy recv connection 11 from local rank 2, transport 0
MOC-R4PCC04U05:456066:456828 [2] NCCL INFO Connected to proxy localRank 2 -> connection 0x7ff318005458
MOC-R4PCC04U05:456066:456120 [2] NCCL INFO New proxy recv connection 12 from local rank 2, transport 0
MOC-R4PCC04U05:456066:456828 [2] NCCL INFO Connected to proxy localRank 2 -> connection 0x7ff3180054d0
MOC-R4PCC04U05:456066:456120 [2] NCCL INFO New proxy recv connection 13 from local rank 2, transport 0
MOC-R4PCC04U05:456066:456828 [2] NCCL INFO Connected to proxy localRank 2 -> connection 0x7ff318005548
MOC-R4PCC04U05:456064:456118 [0] NCCL INFO New proxy send connection 11 from local rank 0, transport 0
MOC-R4PCC04U05:456064:456829 [0] NCCL INFO Connected to proxy localRank 0 -> connection 0x7f0f7c005458
MOC-R4PCC04U05:456064:456118 [0] NCCL INFO New proxy send connection 12 from local rank 0, transport 0
MOC-R4PCC04U05:456064:456829 [0] NCCL INFO Connected to proxy localRank 0 -> connection 0x7f0f7c0054d0
MOC-R4PCC04U05:456064:456118 [0] NCCL INFO New proxy send connection 13 from local rank 0, transport 0
MOC-R4PCC04U05:456064:456829 [0] NCCL INFO Connected to proxy localRank 0 -> connection 0x7f0f7c005548
MOC-R4PCC04U05:456064:456118 [0] NCCL INFO New proxy send connection 14 from local rank 0, transport 0
MOC-R4PCC04U05:456064:456829 [0] NCCL INFO Connected to proxy localRank 0 -> connection 0x7f0f7c0055c0
MOC-R4PCC04U05:456065:456122 [1] NCCL INFO New proxy recv connection 11 from local rank 1, transport 0
MOC-R4PCC04U05:456065:456830 [1] NCCL INFO Connected to proxy localRank 1 -> connection 0x7fd3b8005458
MOC-R4PCC04U05:456065:456122 [1] NCCL INFO New proxy recv connection 12 from local rank 1, transport 0
MOC-R4PCC04U05:456065:456830 [1] NCCL INFO Connected to proxy localRank 1 -> connection 0x7fd3b80054d0
MOC-R4PCC04U05:456065:456122 [1] NCCL INFO New proxy recv connection 13 from local rank 1, transport 0
MOC-R4PCC04U05:456065:456830 [1] NCCL INFO Connected to proxy localRank 1 -> connection 0x7fd3b8005548
MOC-R4PCC04U05:456065:456122 [1] NCCL INFO New proxy recv connection 14 from local rank 1, transport 0
MOC-R4PCC04U05:456065:456830 [1] NCCL INFO Connected to proxy localRank 1 -> connection 0x7fd3b80055c0
MOC-R4PCC04U05:456065:456122 [1] NCCL INFO New proxy send connection 15 from local rank 1, transport 0
MOC-R4PCC04U05:456065:456830 [1] NCCL INFO Connected to proxy localRank 1 -> connection 0x7fd3b8005638
MOC-R4PCC04U05:456065:456122 [1] NCCL INFO New proxy send connection 16 from local rank 1, transport 0
MOC-R4PCC04U05:456065:456830 [1] NCCL INFO Connected to proxy localRank 1 -> connection 0x7fd3b80056b0
MOC-R4PCC04U05:456065:456122 [1] NCCL INFO New proxy send connection 17 from local rank 1, transport 0
MOC-R4PCC04U05:456065:456830 [1] NCCL INFO Connected to proxy localRank 1 -> connection 0x7fd3b8005728
MOC-R4PCC04U05:456065:456122 [1] NCCL INFO New proxy send connection 18 from local rank 1, transport 0
MOC-R4PCC04U05:456065:456830 [1] NCCL INFO Connected to proxy localRank 1 -> connection 0x7fd3b80057a0
MOC-R4PCC04U05:456065:456122 [1] NCCL INFO New proxy recv connection 19 from local rank 1, transport 0
MOC-R4PCC04U05:456065:456830 [1] NCCL INFO Connected to proxy localRank 1 -> connection 0x7fd3b8005818
MOC-R4PCC04U05:456064:456118 [0] NCCL INFO New proxy send connection 15 from local rank 0, transport 0
MOC-R4PCC04U05:456064:456829 [0] NCCL INFO Connected to proxy localRank 0 -> connection 0x7f0f7c005638
MOC-R4PCC04U05:456066:456120 [2] NCCL INFO New proxy send connection 14 from local rank 2, transport 0
MOC-R4PCC04U05:456066:456828 [2] NCCL INFO Connected to proxy localRank 2 -> connection 0x7ff3180055c0
MOC-R4PCC04U05:456065:456122 [1] NCCL INFO New proxy recv connection 20 from local rank 1, transport 0
MOC-R4PCC04U05:456065:456830 [1] NCCL INFO Connected to proxy localRank 1 -> connection 0x7fd3b8005890
MOC-R4PCC04U05:456064:456118 [0] NCCL INFO New proxy send connection 16 from local rank 0, transport 0
MOC-R4PCC04U05:456066:456120 [2] NCCL INFO New proxy send connection 15 from local rank 2, transport 0
MOC-R4PCC04U05:456064:456829 [0] NCCL INFO Connected to proxy localRank 0 -> connection 0x7f0f7c0056b0
MOC-R4PCC04U05:456066:456828 [2] NCCL INFO Connected to proxy localRank 2 -> connection 0x7ff318005638
MOC-R4PCC04U05:456067:456119 [3] NCCL INFO New proxy recv connection 10 from local rank 3, transport 0
MOC-R4PCC04U05:456067:456831 [3] NCCL INFO Connected to proxy localRank 3 -> connection 0x7fe7e40053e0
MOC-R4PCC04U05:456067:456119 [3] NCCL INFO New proxy recv connection 11 from local rank 3, transport 0
MOC-R4PCC04U05:456067:456831 [3] NCCL INFO Connected to proxy localRank 3 -> connection 0x7fe7e4005458
MOC-R4PCC04U05:456067:456119 [3] NCCL INFO New proxy recv connection 12 from local rank 3, transport 2
MOC-R4PCC04U05:456064:456118 [0] NCCL INFO New proxy recv connection 17 from local rank 0, transport 0
MOC-R4PCC04U05:456067:456831 [3] NCCL INFO Connected to proxy localRank 3 -> connection 0x7fe7e40054d0
MOC-R4PCC04U05:456064:456829 [0] NCCL INFO Connected to proxy localRank 0 -> connection 0x7f0f7c005728
MOC-R4PCC04U05:456067:456831 [3] NCCL INFO Channel 00/0 : 7[3] -> 3[3] [receive] via NET/Socket/0
MOC-R4PCC04U05:456067:456119 [3] NCCL INFO New proxy recv connection 13 from local rank 3, transport 2
MOC-R4PCC04U05:456067:456831 [3] NCCL INFO Connected to proxy localRank 3 -> connection 0x7fe7e4005548
MOC-R4PCC04U05:456064:456118 [0] NCCL INFO New proxy recv connection 18 from local rank 0, transport 0
MOC-R4PCC04U05:456064:456829 [0] NCCL INFO Connected to proxy localRank 0 -> connection 0x7f0f7c0057a0
MOC-R4PCC04U05:456067:456831 [3] NCCL INFO Channel 01/0 : 7[3] -> 3[3] [receive] via NET/Socket/0
MOC-R4PCC04U05:456067:456119 [3] NCCL INFO New proxy recv connection 14 from local rank 3, transport 2
MOC-R4PCC04U05:456067:456831 [3] NCCL INFO Connected to proxy localRank 3 -> connection 0x7fe7e40055c0
MOC-R4PCC04U05:456067:456831 [3] NCCL INFO Channel 02/0 : 7[3] -> 3[3] [receive] via NET/Socket/0
MOC-R4PCC04U05:456067:456119 [3] NCCL INFO New proxy recv connection 15 from local rank 3, transport 2
MOC-R4PCC04U05:456067:456831 [3] NCCL INFO Connected to proxy localRank 3 -> connection 0x7fe7e4005638
MOC-R4PCC04U05:456067:456831 [3] NCCL INFO Channel 03/0 : 7[3] -> 3[3] [receive] via NET/Socket/0
MOC-R4PCC04U05:456067:456119 [3] NCCL INFO New proxy send connection 16 from local rank 3, transport 2
MOC-R4PCC04U05:456067:456831 [3] NCCL INFO Connected to proxy localRank 3 -> connection 0x7fe7e40056b0
MOC-R4PCC04U05:456067:456831 [3] NCCL INFO Channel 00/0 : 3[3] -> 7[3] [send] via NET/Socket/0
MOC-R4PCC04U05:456067:456119 [3] NCCL INFO New proxy send connection 17 from local rank 3, transport 2
MOC-R4PCC04U05:456067:456831 [3] NCCL INFO Connected to proxy localRank 3 -> connection 0x7fe7e4005728
MOC-R4PCC04U05:456067:456831 [3] NCCL INFO Channel 01/0 : 3[3] -> 7[3] [send] via NET/Socket/0
MOC-R4PCC04U05:456067:456119 [3] NCCL INFO New proxy send connection 18 from local rank 3, transport 2
MOC-R4PCC04U05:456067:456831 [3] NCCL INFO Connected to proxy localRank 3 -> connection 0x7fe7e40057a0
MOC-R4PCC04U05:456067:456831 [3] NCCL INFO Channel 02/0 : 3[3] -> 7[3] [send] via NET/Socket/0
MOC-R4PCC04U05:456067:456119 [3] NCCL INFO New proxy send connection 19 from local rank 3, transport 2
MOC-R4PCC04U05:456067:456831 [3] NCCL INFO Connected to proxy localRank 3 -> connection 0x7fe7e4005818
MOC-R4PCC04U05:456067:456831 [3] NCCL INFO Channel 03/0 : 3[3] -> 7[3] [send] via NET/Socket/0
MOC-R4PCC04U05:456067:456119 [3] NCCL INFO New proxy send connection 20 from local rank 3, transport 0
MOC-R4PCC04U05:456067:456831 [3] NCCL INFO Connected to proxy localRank 3 -> connection 0x7fe7e4005890
MOC-R4PCC04U05:456064:456118 [0] NCCL INFO New proxy recv connection 19 from local rank 0, transport 0
MOC-R4PCC04U05:456064:456829 [0] NCCL INFO Connected to proxy localRank 0 -> connection 0x7f0f7c005818
MOC-R4PCC04U05:456067:456119 [3] NCCL INFO New proxy send connection 21 from local rank 3, transport 0
MOC-R4PCC04U05:456067:456831 [3] NCCL INFO Connected to proxy localRank 3 -> connection 0x7fe7e4005908
MOC-R4PCC04U05:456067:456119 [3] NCCL INFO New proxy send connection 22 from local rank 3, transport 0
MOC-R4PCC04U05:456067:456831 [3] NCCL INFO Connected to proxy localRank 3 -> connection 0x7fe7e4005980
MOC-R4PCC04U05:456064:456118 [0] NCCL INFO New proxy recv connection 20 from local rank 0, transport 0
MOC-R4PCC04U05:456064:456829 [0] NCCL INFO Connected to proxy localRank 0 -> connection 0x7f0f7c005890
MOC-R4PCC04U05:456067:456119 [3] NCCL INFO New proxy send connection 23 from local rank 3, transport 0
MOC-R4PCC04U05:456067:456831 [3] NCCL INFO Connected to proxy localRank 3 -> connection 0x7fe7e40059f8
step    1/10 | train loss 11.010164 | norm 15.3784 | lr 1.00e-04 | (14057.38 ms | 130537 tok/s)
step    2/10 | train loss 10.136259 | norm 5.7532 | lr 1.00e-04 | (627.48 ms | 2924391 tok/s)
step    3/10 | train loss 9.794413 | norm 2.6140 | lr 1.00e-04 | (628.70 ms | 2918754 tok/s)
step    4/10 | train loss 9.624500 | norm 2.1149 | lr 1.00e-04 | (629.44 ms | 2915320 tok/s)
step    5/10 | train loss 9.541206 | norm 2.1072 | lr 1.00e-04 | (633.76 ms | 2895433 tok/s)
step    6/10 | train loss 9.459827 | norm 2.0014 | lr 1.00e-04 | (630.72 ms | 2909376 tok/s)
step    7/10 | train loss 9.374054 | norm 1.9510 | lr 1.00e-04 | (629.26 ms | 2916147 tok/s)
step    8/10 | train loss 9.281912 | norm 1.9181 | lr 1.00e-04 | (627.07 ms | 2926336 tok/s)
step    9/10 | train loss 9.186087 | norm 1.8610 | lr 1.00e-04 | (625.99 ms | 2931349 tok/s)
step   10/10 | train loss 9.101146 | norm 1.8022 | lr 1.00e-04 | (636.75 ms | 2881832 tok/s)
final 9 iters avg: 629.907ms
peak memory consumption: 16601 MiB
