Running pytorch 2.7.0+cu126
using device: cuda:0
total desired batch size: 786432
=> calculated gradient accumulation steps: 3
using device: cuda:2
using device: cuda:3
using device: cuda:1
compiling the model...
DataLoader: total number of tokens: 1,661,249,667 across 103 files
MOC-R4PCC04U05:336925:336925 [0] NCCL INFO NCCL_SOCKET_IFNAME set to eno7np0
MOC-R4PCC04U05:336925:336925 [0] NCCL INFO NCCL version 2.26.2+cuda12.2
MOC-R4PCC04U05:336927:336927 [2] NCCL INFO NCCL_SOCKET_IFNAME set to eno7np0
MOC-R4PCC04U05:336927:336927 [2] NCCL INFO NCCL version 2.26.2+cuda12.2
MOC-R4PCC04U05:336925:336966 [0] NCCL INFO NET/Plugin: Could not find: libnccl-net.so. Using internal net plugin.
MOC-R4PCC04U05:336925:336966 [0] NCCL INFO NET/Socket : Using [0]eno7np0:192.168.50.193<0>
MOC-R4PCC04U05:336928:336928 [3] NCCL INFO NCCL_SOCKET_IFNAME set to eno7np0
MOC-R4PCC04U05:336928:336928 [3] NCCL INFO NCCL version 2.26.2+cuda12.2
MOC-R4PCC04U05:336926:336926 [1] NCCL INFO NCCL_SOCKET_IFNAME set to eno7np0
MOC-R4PCC04U05:336926:336926 [1] NCCL INFO NCCL version 2.26.2+cuda12.2
MOC-R4PCC04U05:336927:336967 [2] NCCL INFO NET/Plugin: Could not find: libnccl-net.so. Using internal net plugin.
MOC-R4PCC04U05:336927:336967 [2] NCCL INFO NET/Socket : Using [0]eno7np0:192.168.50.193<0>
MOC-R4PCC04U05:336928:336968 [3] NCCL INFO NET/Plugin: Could not find: libnccl-net.so. Using internal net plugin.
MOC-R4PCC04U05:336928:336968 [3] NCCL INFO NET/Socket : Using [0]eno7np0:192.168.50.193<0>
MOC-R4PCC04U05:336926:336969 [1] NCCL INFO NET/Plugin: Could not find: libnccl-net.so. Using internal net plugin.
MOC-R4PCC04U05:336926:336969 [1] NCCL INFO NET/Socket : Using [0]eno7np0:192.168.50.193<0>
MOC-R4PCC04U05:336926:336969 [1] NCCL INFO NET/Socket : GPU Direct RDMA Disabled for HCA 0 'eno7np0'
MOC-R4PCC04U05:336925:336966 [0] NCCL INFO NET/Socket : GPU Direct RDMA Disabled for HCA 0 'eno7np0'
MOC-R4PCC04U05:336928:336968 [3] NCCL INFO NET/Socket : GPU Direct RDMA Disabled for HCA 0 'eno7np0'
MOC-R4PCC04U05:336927:336967 [2] NCCL INFO NET/Socket : GPU Direct RDMA Disabled for HCA 0 'eno7np0'
MOC-R4PCC04U05:336926:336977 [1] NCCL INFO New proxy recv connection 0 from local rank 1, transport 0
MOC-R4PCC04U05:336926:336986 [1] NCCL INFO Connected to proxy localRank 1 -> connection 0x7f0ca4004f30
MOC-R4PCC04U05:336926:336977 [1] NCCL INFO New proxy recv connection 1 from local rank 1, transport 0
MOC-R4PCC04U05:336926:336986 [1] NCCL INFO Connected to proxy localRank 1 -> connection 0x7f0ca4004fa8
MOC-R4PCC04U05:336927:336979 [2] NCCL INFO New proxy recv connection 0 from local rank 2, transport 0
MOC-R4PCC04U05:336927:336987 [2] NCCL INFO Connected to proxy localRank 2 -> connection 0x7f6cc4004f30
MOC-R4PCC04U05:336927:336979 [2] NCCL INFO New proxy recv connection 1 from local rank 2, transport 0
MOC-R4PCC04U05:336927:336987 [2] NCCL INFO Connected to proxy localRank 2 -> connection 0x7f6cc4004fa8
MOC-R4PCC04U05:336925:336976 [0] NCCL INFO New proxy send connection 0 from local rank 0, transport 0
MOC-R4PCC04U05:336925:336988 [0] NCCL INFO Connected to proxy localRank 0 -> connection 0x7f3384004f30
MOC-R4PCC04U05:336925:336976 [0] NCCL INFO New proxy send connection 1 from local rank 0, transport 0
MOC-R4PCC04U05:336925:336988 [0] NCCL INFO Connected to proxy localRank 0 -> connection 0x7f3384004fa8
MOC-R4PCC04U05:336925:336976 [0] NCCL INFO New proxy send connection 2 from local rank 0, transport 0
MOC-R4PCC04U05:336925:336988 [0] NCCL INFO Connected to proxy localRank 0 -> connection 0x7f3384005020
MOC-R4PCC04U05:336925:336976 [0] NCCL INFO New proxy send connection 3 from local rank 0, transport 0
MOC-R4PCC04U05:336928:336978 [3] NCCL INFO New proxy recv connection 0 from local rank 3, transport 0
MOC-R4PCC04U05:336925:336988 [0] NCCL INFO Connected to proxy localRank 0 -> connection 0x7f3384005098
MOC-R4PCC04U05:336928:336989 [3] NCCL INFO Connected to proxy localRank 3 -> connection 0x7efcc4004f30
MOC-R4PCC04U05:336928:336978 [3] NCCL INFO New proxy recv connection 1 from local rank 3, transport 0
MOC-R4PCC04U05:336928:336989 [3] NCCL INFO Connected to proxy localRank 3 -> connection 0x7efcc4004fa8
MOC-R4PCC04U05:336927:336979 [2] NCCL INFO New proxy recv connection 2 from local rank 2, transport 2
MOC-R4PCC04U05:336927:336987 [2] NCCL INFO Connected to proxy localRank 2 -> connection 0x7f6cc4005020
MOC-R4PCC04U05:336927:336987 [2] NCCL INFO Channel 00/0 : 7[3] -> 2[2] [receive] via NET/Socket/0
MOC-R4PCC04U05:336927:336979 [2] NCCL INFO New proxy recv connection 3 from local rank 2, transport 2
MOC-R4PCC04U05:336927:336987 [2] NCCL INFO Connected to proxy localRank 2 -> connection 0x7f6cc4005098
MOC-R4PCC04U05:336927:336987 [2] NCCL INFO Channel 02/0 : 7[3] -> 2[2] [receive] via NET/Socket/0
MOC-R4PCC04U05:336927:336979 [2] NCCL INFO New proxy send connection 4 from local rank 2, transport 2
MOC-R4PCC04U05:336927:336987 [2] NCCL INFO Connected to proxy localRank 2 -> connection 0x7f6cc4005110
MOC-R4PCC04U05:336927:336987 [2] NCCL INFO Channel 01/0 : 2[2] -> 7[3] [send] via NET/Socket/0
MOC-R4PCC04U05:336927:336979 [2] NCCL INFO New proxy send connection 5 from local rank 2, transport 2
MOC-R4PCC04U05:336927:336987 [2] NCCL INFO Connected to proxy localRank 2 -> connection 0x7f6cc4005188
MOC-R4PCC04U05:336927:336987 [2] NCCL INFO Channel 03/0 : 2[2] -> 7[3] [send] via NET/Socket/0
MOC-R4PCC04U05:336928:336978 [3] NCCL INFO New proxy send connection 2 from local rank 3, transport 2
MOC-R4PCC04U05:336928:336989 [3] NCCL INFO Connected to proxy localRank 3 -> connection 0x7efcc4005020
MOC-R4PCC04U05:336928:336989 [3] NCCL INFO Channel 00/0 : 3[3] -> 6[2] [send] via NET/Socket/0
MOC-R4PCC04U05:336928:336978 [3] NCCL INFO New proxy send connection 3 from local rank 3, transport 2
MOC-R4PCC04U05:336928:336989 [3] NCCL INFO Connected to proxy localRank 3 -> connection 0x7efcc4005098
MOC-R4PCC04U05:336928:336989 [3] NCCL INFO Channel 02/0 : 3[3] -> 6[2] [send] via NET/Socket/0
MOC-R4PCC04U05:336925:336976 [0] NCCL INFO New proxy recv connection 4 from local rank 0, transport 0
MOC-R4PCC04U05:336925:336988 [0] NCCL INFO Connected to proxy localRank 0 -> connection 0x7f3384005110
MOC-R4PCC04U05:336925:336976 [0] NCCL INFO New proxy recv connection 5 from local rank 0, transport 0
MOC-R4PCC04U05:336925:336988 [0] NCCL INFO Connected to proxy localRank 0 -> connection 0x7f3384005188
MOC-R4PCC04U05:336925:336976 [0] NCCL INFO New proxy recv connection 6 from local rank 0, transport 0
MOC-R4PCC04U05:336925:336988 [0] NCCL INFO Connected to proxy localRank 0 -> connection 0x7f3384005200
MOC-R4PCC04U05:336925:336976 [0] NCCL INFO New proxy recv connection 7 from local rank 0, transport 0
MOC-R4PCC04U05:336925:336988 [0] NCCL INFO Connected to proxy localRank 0 -> connection 0x7f3384005278
MOC-R4PCC04U05:336927:336979 [2] NCCL INFO New proxy send connection 6 from local rank 2, transport 0
MOC-R4PCC04U05:336927:336987 [2] NCCL INFO Connected to proxy localRank 2 -> connection 0x7f6cc4005200
MOC-R4PCC04U05:336927:336979 [2] NCCL INFO New proxy send connection 7 from local rank 2, transport 0
MOC-R4PCC04U05:336927:336987 [2] NCCL INFO Connected to proxy localRank 2 -> connection 0x7f6cc4005278
MOC-R4PCC04U05:336928:336978 [3] NCCL INFO New proxy recv connection 4 from local rank 3, transport 2
MOC-R4PCC04U05:336928:336989 [3] NCCL INFO Connected to proxy localRank 3 -> connection 0x7efcc4005110
MOC-R4PCC04U05:336928:336989 [3] NCCL INFO Channel 01/0 : 6[2] -> 3[3] [receive] via NET/Socket/0
MOC-R4PCC04U05:336928:336978 [3] NCCL INFO New proxy recv connection 5 from local rank 3, transport 2
MOC-R4PCC04U05:336928:336989 [3] NCCL INFO Connected to proxy localRank 3 -> connection 0x7efcc4005188
MOC-R4PCC04U05:336928:336989 [3] NCCL INFO Channel 03/0 : 6[2] -> 3[3] [receive] via NET/Socket/0
MOC-R4PCC04U05:336928:336978 [3] NCCL INFO New proxy send connection 6 from local rank 3, transport 0
MOC-R4PCC04U05:336928:336989 [3] NCCL INFO Connected to proxy localRank 3 -> connection 0x7efcc4005200
MOC-R4PCC04U05:336928:336978 [3] NCCL INFO New proxy send connection 7 from local rank 3, transport 0
MOC-R4PCC04U05:336928:336989 [3] NCCL INFO Connected to proxy localRank 3 -> connection 0x7efcc4005278
MOC-R4PCC04U05:336926:336977 [1] NCCL INFO New proxy recv connection 2 from local rank 1, transport 0
MOC-R4PCC04U05:336926:336986 [1] NCCL INFO Connected to proxy localRank 1 -> connection 0x7f0ca4005020
MOC-R4PCC04U05:336925:336976 [0] NCCL INFO New proxy send connection 8 from local rank 3, transport 0
MOC-R4PCC04U05:336928:336989 [3] NCCL INFO Connected to proxy localRank 0 -> connection 0x7f33840052f0
MOC-R4PCC04U05:336926:336977 [1] NCCL INFO New proxy recv connection 3 from local rank 1, transport 0
MOC-R4PCC04U05:336926:336986 [1] NCCL INFO Connected to proxy localRank 1 -> connection 0x7f0ca4005098
MOC-R4PCC04U05:336926:336977 [1] NCCL INFO New proxy send connection 4 from local rank 1, transport 0
MOC-R4PCC04U05:336926:336986 [1] NCCL INFO Connected to proxy localRank 1 -> connection 0x7f0ca4005110
MOC-R4PCC04U05:336926:336977 [1] NCCL INFO New proxy send connection 5 from local rank 1, transport 0
MOC-R4PCC04U05:336926:336986 [1] NCCL INFO Connected to proxy localRank 1 -> connection 0x7f0ca4005188
MOC-R4PCC04U05:336926:336977 [1] NCCL INFO New proxy send connection 6 from local rank 1, transport 0
MOC-R4PCC04U05:336926:336986 [1] NCCL INFO Connected to proxy localRank 1 -> connection 0x7f0ca4005200
MOC-R4PCC04U05:336926:336977 [1] NCCL INFO New proxy send connection 7 from local rank 1, transport 0
MOC-R4PCC04U05:336926:336986 [1] NCCL INFO Connected to proxy localRank 1 -> connection 0x7f0ca4005278
MOC-R4PCC04U05:336925:336976 [0] NCCL INFO New proxy send connection 9 from local rank 2, transport 0
MOC-R4PCC04U05:336927:336987 [2] NCCL INFO Connected to proxy localRank 0 -> connection 0x7f3384005368
MOC-R4PCC04U05:336927:336979 [2] NCCL INFO New proxy send connection 8 from local rank 0, transport 0
MOC-R4PCC04U05:336925:336988 [0] NCCL INFO Connected to proxy localRank 2 -> connection 0x7f6cc40052f0
MOC-R4PCC04U05:336928:336978 [3] NCCL INFO New proxy send connection 8 from local rank 1, transport 0
MOC-R4PCC04U05:336926:336986 [1] NCCL INFO Connected to proxy localRank 3 -> connection 0x7efcc40052f0
MOC-R4PCC04U05:336926:336977 [1] NCCL INFO New proxy send connection 8 from local rank 3, transport 0
MOC-R4PCC04U05:336928:336989 [3] NCCL INFO Connected to proxy localRank 1 -> connection 0x7f0ca40052f0
MOC-R4PCC04U05:336926:336977 [1] NCCL INFO New proxy send connection 9 from local rank 2, transport 0
MOC-R4PCC04U05:336927:336987 [2] NCCL INFO Connected to proxy localRank 1 -> connection 0x7f0ca4005368
MOC-R4PCC04U05:336928:336978 [3] NCCL INFO New proxy send connection 9 from local rank 0, transport 0
MOC-R4PCC04U05:336925:336988 [0] NCCL INFO Connected to proxy localRank 3 -> connection 0x7efcc4005368
MOC-R4PCC04U05:336925:336976 [0] NCCL INFO New proxy send connection 10 from local rank 1, transport 0
MOC-R4PCC04U05:336926:336986 [1] NCCL INFO Connected to proxy localRank 0 -> connection 0x7f33840053e0
MOC-R4PCC04U05:336927:336979 [2] NCCL INFO New proxy send connection 9 from local rank 1, transport 0
MOC-R4PCC04U05:336926:336986 [1] NCCL INFO Connected to proxy localRank 2 -> connection 0x7f6cc4005368
MOC-R4PCC04U05:336926:336977 [1] NCCL INFO New proxy send connection 10 from local rank 0, transport 0
MOC-R4PCC04U05:336925:336988 [0] NCCL INFO Connected to proxy localRank 1 -> connection 0x7f0ca40053e0
num decayed parameter tensors: 50, with 124,318,464 parameters
num non-decayed parameter tensors: 98, with 121,344 parameters
using fused AdamW: False
using regular AdamW
MOC-R4PCC04U05:336926:336977 [1] NCCL INFO New proxy recv connection 11 from local rank 1, transport 0
MOC-R4PCC04U05:336926:337811 [1] NCCL INFO Connected to proxy localRank 1 -> connection 0x7f0ca4005458
MOC-R4PCC04U05:336926:336977 [1] NCCL INFO New proxy recv connection 12 from local rank 1, transport 0
MOC-R4PCC04U05:336926:337811 [1] NCCL INFO Connected to proxy localRank 1 -> connection 0x7f0ca40054d0
MOC-R4PCC04U05:336926:336977 [1] NCCL INFO New proxy recv connection 13 from local rank 1, transport 0
MOC-R4PCC04U05:336926:337811 [1] NCCL INFO Connected to proxy localRank 1 -> connection 0x7f0ca4005548
MOC-R4PCC04U05:336926:336977 [1] NCCL INFO New proxy recv connection 14 from local rank 1, transport 0
MOC-R4PCC04U05:336926:337811 [1] NCCL INFO Connected to proxy localRank 1 -> connection 0x7f0ca40055c0
MOC-R4PCC04U05:336926:336977 [1] NCCL INFO New proxy send connection 15 from local rank 1, transport 0
MOC-R4PCC04U05:336926:337811 [1] NCCL INFO Connected to proxy localRank 1 -> connection 0x7f0ca4005638
MOC-R4PCC04U05:336926:336977 [1] NCCL INFO New proxy send connection 16 from local rank 1, transport 0
MOC-R4PCC04U05:336926:337811 [1] NCCL INFO Connected to proxy localRank 1 -> connection 0x7f0ca40056b0
MOC-R4PCC04U05:336926:336977 [1] NCCL INFO New proxy send connection 17 from local rank 1, transport 0
MOC-R4PCC04U05:336926:337811 [1] NCCL INFO Connected to proxy localRank 1 -> connection 0x7f0ca4005728
MOC-R4PCC04U05:336926:336977 [1] NCCL INFO New proxy send connection 18 from local rank 1, transport 0
MOC-R4PCC04U05:336926:337811 [1] NCCL INFO Connected to proxy localRank 1 -> connection 0x7f0ca40057a0
MOC-R4PCC04U05:336925:336976 [0] NCCL INFO New proxy send connection 11 from local rank 0, transport 0
MOC-R4PCC04U05:336925:337812 [0] NCCL INFO Connected to proxy localRank 0 -> connection 0x7f3384005458
MOC-R4PCC04U05:336925:336976 [0] NCCL INFO New proxy send connection 12 from local rank 0, transport 0
MOC-R4PCC04U05:336925:337812 [0] NCCL INFO Connected to proxy localRank 0 -> connection 0x7f33840054d0
MOC-R4PCC04U05:336925:336976 [0] NCCL INFO New proxy send connection 13 from local rank 0, transport 0
MOC-R4PCC04U05:336925:337812 [0] NCCL INFO Connected to proxy localRank 0 -> connection 0x7f3384005548
MOC-R4PCC04U05:336925:336976 [0] NCCL INFO New proxy send connection 14 from local rank 0, transport 0
MOC-R4PCC04U05:336925:337812 [0] NCCL INFO Connected to proxy localRank 0 -> connection 0x7f33840055c0
MOC-R4PCC04U05:336925:336976 [0] NCCL INFO New proxy send connection 15 from local rank 0, transport 0
MOC-R4PCC04U05:336925:337812 [0] NCCL INFO Connected to proxy localRank 0 -> connection 0x7f3384005638
MOC-R4PCC04U05:336925:336976 [0] NCCL INFO New proxy send connection 16 from local rank 0, transport 0
MOC-R4PCC04U05:336925:337812 [0] NCCL INFO Connected to proxy localRank 0 -> connection 0x7f33840056b0
MOC-R4PCC04U05:336928:336978 [3] NCCL INFO New proxy recv connection 10 from local rank 3, transport 0
MOC-R4PCC04U05:336928:337813 [3] NCCL INFO Connected to proxy localRank 3 -> connection 0x7efcc40053e0
MOC-R4PCC04U05:336928:336978 [3] NCCL INFO New proxy recv connection 11 from local rank 3, transport 0
MOC-R4PCC04U05:336928:337813 [3] NCCL INFO Connected to proxy localRank 3 -> connection 0x7efcc4005458
MOC-R4PCC04U05:336928:336978 [3] NCCL INFO New proxy recv connection 12 from local rank 3, transport 2
MOC-R4PCC04U05:336928:337813 [3] NCCL INFO Connected to proxy localRank 3 -> connection 0x7efcc40054d0
MOC-R4PCC04U05:336928:337813 [3] NCCL INFO Channel 00/0 : 7[3] -> 3[3] [receive] via NET/Socket/0
MOC-R4PCC04U05:336928:336978 [3] NCCL INFO New proxy recv connection 13 from local rank 3, transport 2
MOC-R4PCC04U05:336928:337813 [3] NCCL INFO Connected to proxy localRank 3 -> connection 0x7efcc4005548
MOC-R4PCC04U05:336925:336976 [0] NCCL INFO New proxy recv connection 17 from local rank 0, transport 0
MOC-R4PCC04U05:336925:337812 [0] NCCL INFO Connected to proxy localRank 0 -> connection 0x7f3384005728
MOC-R4PCC04U05:336928:337813 [3] NCCL INFO Channel 01/0 : 7[3] -> 3[3] [receive] via NET/Socket/0
MOC-R4PCC04U05:336928:336978 [3] NCCL INFO New proxy recv connection 14 from local rank 3, transport 2
MOC-R4PCC04U05:336928:337813 [3] NCCL INFO Connected to proxy localRank 3 -> connection 0x7efcc40055c0
MOC-R4PCC04U05:336925:336976 [0] NCCL INFO New proxy recv connection 18 from local rank 0, transport 0
MOC-R4PCC04U05:336925:337812 [0] NCCL INFO Connected to proxy localRank 0 -> connection 0x7f33840057a0
MOC-R4PCC04U05:336928:337813 [3] NCCL INFO Channel 02/0 : 7[3] -> 3[3] [receive] via NET/Socket/0
MOC-R4PCC04U05:336928:336978 [3] NCCL INFO New proxy recv connection 15 from local rank 3, transport 2
MOC-R4PCC04U05:336928:337813 [3] NCCL INFO Connected to proxy localRank 3 -> connection 0x7efcc4005638
MOC-R4PCC04U05:336925:336976 [0] NCCL INFO New proxy recv connection 19 from local rank 0, transport 0
MOC-R4PCC04U05:336925:337812 [0] NCCL INFO Connected to proxy localRank 0 -> connection 0x7f3384005818
MOC-R4PCC04U05:336928:337813 [3] NCCL INFO Channel 03/0 : 7[3] -> 3[3] [receive] via NET/Socket/0
MOC-R4PCC04U05:336928:336978 [3] NCCL INFO New proxy send connection 16 from local rank 3, transport 2
MOC-R4PCC04U05:336928:337813 [3] NCCL INFO Connected to proxy localRank 3 -> connection 0x7efcc40056b0
MOC-R4PCC04U05:336925:336976 [0] NCCL INFO New proxy recv connection 20 from local rank 0, transport 0
MOC-R4PCC04U05:336925:337812 [0] NCCL INFO Connected to proxy localRank 0 -> connection 0x7f3384005890
MOC-R4PCC04U05:336928:337813 [3] NCCL INFO Channel 00/0 : 3[3] -> 7[3] [send] via NET/Socket/0
MOC-R4PCC04U05:336928:336978 [3] NCCL INFO New proxy send connection 17 from local rank 3, transport 2
MOC-R4PCC04U05:336928:337813 [3] NCCL INFO Connected to proxy localRank 3 -> connection 0x7efcc4005728
MOC-R4PCC04U05:336928:337813 [3] NCCL INFO Channel 01/0 : 3[3] -> 7[3] [send] via NET/Socket/0
MOC-R4PCC04U05:336928:336978 [3] NCCL INFO New proxy send connection 18 from local rank 3, transport 2
MOC-R4PCC04U05:336928:337813 [3] NCCL INFO Connected to proxy localRank 3 -> connection 0x7efcc40057a0
MOC-R4PCC04U05:336928:337813 [3] NCCL INFO Channel 02/0 : 3[3] -> 7[3] [send] via NET/Socket/0
MOC-R4PCC04U05:336928:336978 [3] NCCL INFO New proxy send connection 19 from local rank 3, transport 2
MOC-R4PCC04U05:336928:337813 [3] NCCL INFO Connected to proxy localRank 3 -> connection 0x7efcc4005818
MOC-R4PCC04U05:336928:337813 [3] NCCL INFO Channel 03/0 : 3[3] -> 7[3] [send] via NET/Socket/0
MOC-R4PCC04U05:336928:336978 [3] NCCL INFO New proxy send connection 20 from local rank 3, transport 0
MOC-R4PCC04U05:336928:337813 [3] NCCL INFO Connected to proxy localRank 3 -> connection 0x7efcc4005890
MOC-R4PCC04U05:336928:336978 [3] NCCL INFO New proxy send connection 21 from local rank 3, transport 0
MOC-R4PCC04U05:336928:337813 [3] NCCL INFO Connected to proxy localRank 3 -> connection 0x7efcc4005908
MOC-R4PCC04U05:336928:336978 [3] NCCL INFO New proxy send connection 22 from local rank 3, transport 0
MOC-R4PCC04U05:336928:337813 [3] NCCL INFO Connected to proxy localRank 3 -> connection 0x7efcc4005980
MOC-R4PCC04U05:336928:336978 [3] NCCL INFO New proxy send connection 23 from local rank 3, transport 0
MOC-R4PCC04U05:336928:337813 [3] NCCL INFO Connected to proxy localRank 3 -> connection 0x7efcc40059f8
MOC-R4PCC04U05:336927:336979 [2] NCCL INFO New proxy recv connection 10 from local rank 2, transport 0
MOC-R4PCC04U05:336927:337814 [2] NCCL INFO Connected to proxy localRank 2 -> connection 0x7f6cc40053e0
MOC-R4PCC04U05:336927:336979 [2] NCCL INFO New proxy recv connection 11 from local rank 2, transport 0
MOC-R4PCC04U05:336927:337814 [2] NCCL INFO Connected to proxy localRank 2 -> connection 0x7f6cc4005458
MOC-R4PCC04U05:336927:336979 [2] NCCL INFO New proxy recv connection 12 from local rank 2, transport 0
MOC-R4PCC04U05:336927:337814 [2] NCCL INFO Connected to proxy localRank 2 -> connection 0x7f6cc40054d0
MOC-R4PCC04U05:336927:336979 [2] NCCL INFO New proxy recv connection 13 from local rank 2, transport 0
MOC-R4PCC04U05:336927:337814 [2] NCCL INFO Connected to proxy localRank 2 -> connection 0x7f6cc4005548
MOC-R4PCC04U05:336927:336979 [2] NCCL INFO New proxy send connection 14 from local rank 2, transport 0
MOC-R4PCC04U05:336927:337814 [2] NCCL INFO Connected to proxy localRank 2 -> connection 0x7f6cc40055c0
MOC-R4PCC04U05:336926:336977 [1] NCCL INFO New proxy recv connection 19 from local rank 1, transport 0
MOC-R4PCC04U05:336926:337811 [1] NCCL INFO Connected to proxy localRank 1 -> connection 0x7f0ca4005818
MOC-R4PCC04U05:336927:336979 [2] NCCL INFO New proxy send connection 15 from local rank 2, transport 0
MOC-R4PCC04U05:336927:337814 [2] NCCL INFO Connected to proxy localRank 2 -> connection 0x7f6cc4005638
MOC-R4PCC04U05:336926:336977 [1] NCCL INFO New proxy recv connection 20 from local rank 1, transport 0
MOC-R4PCC04U05:336926:337811 [1] NCCL INFO Connected to proxy localRank 1 -> connection 0x7f0ca4005890
step    1/10 | train loss 11.010591 | norm 15.5178 | lr 1.00e-04 | (13640.34 ms | 57655 tok/s)
step    2/10 | train loss 10.133060 | norm 5.7704 | lr 1.00e-04 | (298.39 ms | 2635577 tok/s)
step    3/10 | train loss 9.789810 | norm 2.6244 | lr 1.00e-04 | (286.38 ms | 2746122 tok/s)
step    4/10 | train loss 9.619398 | norm 2.1221 | lr 1.00e-04 | (284.64 ms | 2762854 tok/s)
step    5/10 | train loss 9.536018 | norm 2.1102 | lr 1.00e-04 | (284.17 ms | 2767513 tok/s)
step    6/10 | train loss 9.454279 | norm 2.0041 | lr 1.00e-04 | (285.72 ms | 2752486 tok/s)
step    7/10 | train loss 9.368486 | norm 1.9533 | lr 1.00e-04 | (284.72 ms | 2762155 tok/s)
step    8/10 | train loss 9.276954 | norm 1.9199 | lr 1.00e-04 | (283.54 ms | 2773654 tok/s)
step    9/10 | train loss 9.181936 | norm 1.8692 | lr 1.00e-04 | (285.77 ms | 2751964 tok/s)
step   10/10 | train loss 9.094179 | norm 1.7928 | lr 1.00e-04 | (492.22 ms | 1597717 tok/s)
final 9 iters avg: 309.505ms
peak memory consumption: 16601 MiB
