Running pytorch 2.7.0+cu126
using device: cuda:0
total desired batch size: 786432
=> calculated gradient accumulation steps: 3
using device: cuda:1
using device: cuda:2
using device: cuda:3
compiling the model...
DataLoader: total number of tokens: 1,661,249,667 across 103 files
MOC-R4PCC04U05:447333:447333 [0] NCCL INFO NCCL_SOCKET_IFNAME set to eno7np0
MOC-R4PCC04U05:447333:447333 [0] NCCL INFO NCCL version 2.26.2+cuda12.2
MOC-R4PCC04U05:447336:447336 [3] NCCL INFO NCCL_SOCKET_IFNAME set to eno7np0
MOC-R4PCC04U05:447335:447335 [2] NCCL INFO NCCL_SOCKET_IFNAME set to eno7np0
MOC-R4PCC04U05:447334:447334 [1] NCCL INFO NCCL_SOCKET_IFNAME set to eno7np0
MOC-R4PCC04U05:447336:447336 [3] NCCL INFO NCCL version 2.26.2+cuda12.2
MOC-R4PCC04U05:447335:447335 [2] NCCL INFO NCCL version 2.26.2+cuda12.2
MOC-R4PCC04U05:447334:447334 [1] NCCL INFO NCCL version 2.26.2+cuda12.2
MOC-R4PCC04U05:447333:447374 [0] NCCL INFO NET/Plugin: Could not find: libnccl-net.so. Using internal net plugin.
MOC-R4PCC04U05:447333:447374 [0] NCCL INFO NCCL_IB_HCA set to mlx5_5
MOC-R4PCC04U05:447336:447377 [3] NCCL INFO NET/Plugin: Could not find: libnccl-net.so. Using internal net plugin.
MOC-R4PCC04U05:447336:447377 [3] NCCL INFO NCCL_IB_HCA set to mlx5_5
MOC-R4PCC04U05:447334:447375 [1] NCCL INFO NET/Plugin: Could not find: libnccl-net.so. Using internal net plugin.
MOC-R4PCC04U05:447335:447376 [2] NCCL INFO NET/Plugin: Could not find: libnccl-net.so. Using internal net plugin.
MOC-R4PCC04U05:447334:447375 [1] NCCL INFO NCCL_IB_HCA set to mlx5_5
MOC-R4PCC04U05:447335:447376 [2] NCCL INFO NCCL_IB_HCA set to mlx5_5
MOC-R4PCC04U05:447333:447374 [0] NCCL INFO NET/IB : Made virtual device [0] name=mlx5_5 speed=400000 ndevs=1
MOC-R4PCC04U05:447333:447374 [0] NCCL INFO NET/IB : Using [0]mlx5_5:1/RoCE [RO]; OOB eno7np0:192.168.50.193<0>
MOC-R4PCC04U05:447336:447377 [3] NCCL INFO NET/IB : Made virtual device [0] name=mlx5_5 speed=400000 ndevs=1
MOC-R4PCC04U05:447336:447377 [3] NCCL INFO NET/IB : Using [0]mlx5_5:1/RoCE [RO]; OOB eno7np0:192.168.50.193<0>
MOC-R4PCC04U05:447335:447376 [2] NCCL INFO NET/IB : Made virtual device [0] name=mlx5_5 speed=400000 ndevs=1
MOC-R4PCC04U05:447335:447376 [2] NCCL INFO NET/IB : Using [0]mlx5_5:1/RoCE [RO]; OOB eno7np0:192.168.50.193<0>
MOC-R4PCC04U05:447334:447375 [1] NCCL INFO NET/IB : Made virtual device [0] name=mlx5_5 speed=400000 ndevs=1
MOC-R4PCC04U05:447334:447375 [1] NCCL INFO NET/IB : Using [0]mlx5_5:1/RoCE [RO]; OOB eno7np0:192.168.50.193<0>
MOC-R4PCC04U05:447334:447375 [1] NCCL INFO NET/IB : GPU Direct RDMA Enabled for HCA 0 'mlx5_5'
MOC-R4PCC04U05:447334:447375 [1] NCCL INFO NET/IB : Made virtual device [1] name=mlx5_5 speed=400000 ndevs=1
MOC-R4PCC04U05:447334:447375 [1] NCCL INFO NET/IB : GPU Direct RDMA Enabled for HCA 0 'mlx5_5'
MOC-R4PCC04U05:447334:447375 [1] NCCL INFO NET/IB : GPU Direct RDMA Enabled for HCA 1 'mlx5_5'
MOC-R4PCC04U05:447336:447377 [3] NCCL INFO NET/IB : GPU Direct RDMA Enabled for HCA 0 'mlx5_5'
MOC-R4PCC04U05:447336:447377 [3] NCCL INFO NET/IB : Made virtual device [1] name=mlx5_5 speed=400000 ndevs=1
MOC-R4PCC04U05:447336:447377 [3] NCCL INFO NET/IB : GPU Direct RDMA Enabled for HCA 0 'mlx5_5'
MOC-R4PCC04U05:447336:447377 [3] NCCL INFO NET/IB : GPU Direct RDMA Enabled for HCA 1 'mlx5_5'
MOC-R4PCC04U05:447333:447374 [0] NCCL INFO NET/IB : GPU Direct RDMA Enabled for HCA 0 'mlx5_5'
MOC-R4PCC04U05:447333:447374 [0] NCCL INFO NET/IB : Made virtual device [1] name=mlx5_5 speed=400000 ndevs=1
MOC-R4PCC04U05:447333:447374 [0] NCCL INFO NET/IB : GPU Direct RDMA Enabled for HCA 0 'mlx5_5'
MOC-R4PCC04U05:447333:447374 [0] NCCL INFO NET/IB : GPU Direct RDMA Enabled for HCA 1 'mlx5_5'
MOC-R4PCC04U05:447335:447376 [2] NCCL INFO NET/IB : GPU Direct RDMA Enabled for HCA 0 'mlx5_5'
MOC-R4PCC04U05:447335:447376 [2] NCCL INFO NET/IB : Made virtual device [1] name=mlx5_5 speed=400000 ndevs=1
MOC-R4PCC04U05:447335:447376 [2] NCCL INFO NET/IB : GPU Direct RDMA Enabled for HCA 0 'mlx5_5'
MOC-R4PCC04U05:447335:447376 [2] NCCL INFO NET/IB : GPU Direct RDMA Enabled for HCA 1 'mlx5_5'
MOC-R4PCC04U05:447333:447374 [0] NCCL INFO GPU Direct RDMA Enabled for GPU 0 / HCA 1 (distance 5 <= 5), read 0 mode Default
MOC-R4PCC04U05:447333:447374 [0] NCCL INFO GPU Direct RDMA Enabled for GPU 1 / HCA 1 (distance 5 <= 5), read 0 mode Default
MOC-R4PCC04U05:447333:447374 [0] NCCL INFO GPU Direct RDMA Enabled for GPU 2 / HCA 1 (distance 5 <= 5), read 0 mode Default
MOC-R4PCC04U05:447333:447374 [0] NCCL INFO GPU Direct RDMA Enabled for GPU 3 / HCA 1 (distance 5 <= 5), read 0 mode Default
MOC-R4PCC04U05:447333:447374 [0] NCCL INFO GPU Direct RDMA Enabled for GPU 0 / HCA 1 (distance 5 <= 5), read 0 mode Default
MOC-R4PCC04U05:447333:447374 [0] NCCL INFO GPU Direct RDMA Enabled for GPU 1 / HCA 1 (distance 5 <= 5), read 0 mode Default
MOC-R4PCC04U05:447333:447374 [0] NCCL INFO GPU Direct RDMA Enabled for GPU 2 / HCA 1 (distance 5 <= 5), read 0 mode Default
MOC-R4PCC04U05:447333:447374 [0] NCCL INFO GPU Direct RDMA Enabled for GPU 3 / HCA 1 (distance 5 <= 5), read 0 mode Default
MOC-R4PCC04U05:447336:447377 [3] NCCL INFO GPU Direct RDMA Enabled for GPU 0 / HCA 1 (distance 5 <= 5), read 0 mode Default
MOC-R4PCC04U05:447336:447377 [3] NCCL INFO GPU Direct RDMA Enabled for GPU 1 / HCA 1 (distance 5 <= 5), read 0 mode Default
MOC-R4PCC04U05:447336:447377 [3] NCCL INFO GPU Direct RDMA Enabled for GPU 2 / HCA 1 (distance 5 <= 5), read 0 mode Default
MOC-R4PCC04U05:447336:447377 [3] NCCL INFO GPU Direct RDMA Enabled for GPU 3 / HCA 1 (distance 5 <= 5), read 0 mode Default
MOC-R4PCC04U05:447336:447377 [3] NCCL INFO GPU Direct RDMA Enabled for GPU 0 / HCA 1 (distance 5 <= 5), read 0 mode Default
MOC-R4PCC04U05:447336:447377 [3] NCCL INFO GPU Direct RDMA Enabled for GPU 1 / HCA 1 (distance 5 <= 5), read 0 mode Default
MOC-R4PCC04U05:447336:447377 [3] NCCL INFO GPU Direct RDMA Enabled for GPU 2 / HCA 1 (distance 5 <= 5), read 0 mode Default
MOC-R4PCC04U05:447336:447377 [3] NCCL INFO GPU Direct RDMA Enabled for GPU 3 / HCA 1 (distance 5 <= 5), read 0 mode Default
MOC-R4PCC04U05:447335:447376 [2] NCCL INFO GPU Direct RDMA Enabled for GPU 0 / HCA 1 (distance 5 <= 5), read 0 mode Default
MOC-R4PCC04U05:447335:447376 [2] NCCL INFO GPU Direct RDMA Enabled for GPU 1 / HCA 1 (distance 5 <= 5), read 0 mode Default
MOC-R4PCC04U05:447335:447376 [2] NCCL INFO GPU Direct RDMA Enabled for GPU 2 / HCA 1 (distance 5 <= 5), read 0 mode Default
MOC-R4PCC04U05:447335:447376 [2] NCCL INFO GPU Direct RDMA Enabled for GPU 3 / HCA 1 (distance 5 <= 5), read 0 mode Default
MOC-R4PCC04U05:447335:447376 [2] NCCL INFO GPU Direct RDMA Enabled for GPU 0 / HCA 1 (distance 5 <= 5), read 0 mode Default
MOC-R4PCC04U05:447335:447376 [2] NCCL INFO GPU Direct RDMA Enabled for GPU 1 / HCA 1 (distance 5 <= 5), read 0 mode Default
MOC-R4PCC04U05:447335:447376 [2] NCCL INFO GPU Direct RDMA Enabled for GPU 2 / HCA 1 (distance 5 <= 5), read 0 mode Default
MOC-R4PCC04U05:447335:447376 [2] NCCL INFO GPU Direct RDMA Enabled for GPU 3 / HCA 1 (distance 5 <= 5), read 0 mode Default
MOC-R4PCC04U05:447334:447375 [1] NCCL INFO GPU Direct RDMA Enabled for GPU 0 / HCA 1 (distance 5 <= 5), read 0 mode Default
MOC-R4PCC04U05:447334:447375 [1] NCCL INFO GPU Direct RDMA Enabled for GPU 1 / HCA 1 (distance 5 <= 5), read 0 mode Default
MOC-R4PCC04U05:447334:447375 [1] NCCL INFO GPU Direct RDMA Enabled for GPU 2 / HCA 1 (distance 5 <= 5), read 0 mode Default
MOC-R4PCC04U05:447334:447375 [1] NCCL INFO GPU Direct RDMA Enabled for GPU 3 / HCA 1 (distance 5 <= 5), read 0 mode Default
MOC-R4PCC04U05:447334:447375 [1] NCCL INFO GPU Direct RDMA Enabled for GPU 0 / HCA 1 (distance 5 <= 5), read 0 mode Default
MOC-R4PCC04U05:447334:447375 [1] NCCL INFO GPU Direct RDMA Enabled for GPU 1 / HCA 1 (distance 5 <= 5), read 0 mode Default
MOC-R4PCC04U05:447334:447375 [1] NCCL INFO GPU Direct RDMA Enabled for GPU 2 / HCA 1 (distance 5 <= 5), read 0 mode Default
MOC-R4PCC04U05:447334:447375 [1] NCCL INFO GPU Direct RDMA Enabled for GPU 3 / HCA 1 (distance 5 <= 5), read 0 mode Default
MOC-R4PCC04U05:447335:447398 [2] NCCL INFO GPU Direct RDMA Enabled for GPU 2 / HCA 1 (distance 5 <= 5), read 0 mode Default
MOC-R4PCC04U05:447336:447393 [3] NCCL INFO New proxy recv connection 0 from local rank 3, transport 0
MOC-R4PCC04U05:447336:447399 [3] NCCL INFO Connected to proxy localRank 3 -> connection 0x7fd3bc004f30
MOC-R4PCC04U05:447336:447393 [3] NCCL INFO New proxy recv connection 1 from local rank 3, transport 0
MOC-R4PCC04U05:447336:447399 [3] NCCL INFO Connected to proxy localRank 3 -> connection 0x7fd3bc004fa8
MOC-R4PCC04U05:447334:447396 [1] NCCL INFO New proxy recv connection 0 from local rank 1, transport 0
MOC-R4PCC04U05:447334:447400 [1] NCCL INFO Connected to proxy localRank 1 -> connection 0x7f2ad0004f30
MOC-R4PCC04U05:447336:447393 [3] NCCL INFO New proxy recv connection 2 from local rank 3, transport 0
MOC-R4PCC04U05:447336:447399 [3] NCCL INFO Connected to proxy localRank 3 -> connection 0x7fd3bc005020
MOC-R4PCC04U05:447334:447396 [1] NCCL INFO New proxy recv connection 1 from local rank 1, transport 0
MOC-R4PCC04U05:447334:447400 [1] NCCL INFO Connected to proxy localRank 1 -> connection 0x7f2ad0004fa8
MOC-R4PCC04U05:447336:447393 [3] NCCL INFO New proxy recv connection 3 from local rank 3, transport 0
MOC-R4PCC04U05:447336:447399 [3] NCCL INFO Connected to proxy localRank 3 -> connection 0x7fd3bc005098
MOC-R4PCC04U05:447334:447396 [1] NCCL INFO New proxy recv connection 2 from local rank 1, transport 0
MOC-R4PCC04U05:447334:447400 [1] NCCL INFO Connected to proxy localRank 1 -> connection 0x7f2ad0005020
MOC-R4PCC04U05:447336:447399 [3] NCCL INFO GPU Direct RDMA Enabled for GPU 3 / HCA 1 (distance 5 <= 5), read 1 mode Default
MOC-R4PCC04U05:447334:447396 [1] NCCL INFO New proxy recv connection 3 from local rank 1, transport 0
MOC-R4PCC04U05:447334:447400 [1] NCCL INFO Connected to proxy localRank 1 -> connection 0x7f2ad0005098
MOC-R4PCC04U05:447334:447396 [1] NCCL INFO New proxy send connection 4 from local rank 1, transport 0
MOC-R4PCC04U05:447334:447400 [1] NCCL INFO Connected to proxy localRank 1 -> connection 0x7f2ad0005110
MOC-R4PCC04U05:447334:447396 [1] NCCL INFO New proxy send connection 5 from local rank 1, transport 0
MOC-R4PCC04U05:447334:447400 [1] NCCL INFO Connected to proxy localRank 1 -> connection 0x7f2ad0005188
MOC-R4PCC04U05:447333:447390 [0] NCCL INFO New proxy send connection 0 from local rank 0, transport 0
MOC-R4PCC04U05:447334:447396 [1] NCCL INFO New proxy send connection 6 from local rank 1, transport 0
MOC-R4PCC04U05:447333:447401 [0] NCCL INFO Connected to proxy localRank 0 -> connection 0x7f2d14004f30
MOC-R4PCC04U05:447334:447400 [1] NCCL INFO Connected to proxy localRank 1 -> connection 0x7f2ad0005200
MOC-R4PCC04U05:447334:447396 [1] NCCL INFO New proxy send connection 7 from local rank 1, transport 0
MOC-R4PCC04U05:447334:447400 [1] NCCL INFO Connected to proxy localRank 1 -> connection 0x7f2ad0005278
MOC-R4PCC04U05:447333:447390 [0] NCCL INFO New proxy send connection 1 from local rank 0, transport 0
MOC-R4PCC04U05:447333:447401 [0] NCCL INFO Connected to proxy localRank 0 -> connection 0x7f2d14004fa8
MOC-R4PCC04U05:447333:447390 [0] NCCL INFO New proxy send connection 2 from local rank 0, transport 0
MOC-R4PCC04U05:447333:447401 [0] NCCL INFO Connected to proxy localRank 0 -> connection 0x7f2d14005020
MOC-R4PCC04U05:447333:447390 [0] NCCL INFO New proxy send connection 3 from local rank 0, transport 0
MOC-R4PCC04U05:447333:447401 [0] NCCL INFO Connected to proxy localRank 0 -> connection 0x7f2d14005098
MOC-R4PCC04U05:447335:447391 [2] NCCL INFO New proxy recv connection 0 from local rank 2, transport 2
MOC-R4PCC04U05:447335:447391 [2] NCCL INFO New proxy send connection 1 from local rank 3, transport 2
MOC-R4PCC04U05:447335:447398 [2] NCCL INFO Connected to proxy localRank 2 -> connection 0x7fc300004f30
MOC-R4PCC04U05:447336:447399 [3] NCCL INFO Connected to proxy localRank 2 -> connection 0x7fc300004fa8
MOC-R4PCC04U05:447335:447398 [2] NCCL INFO Channel 00/0 : 7[3] -> 2[2] [receive] via NET/IB/1/GDRDMA
MOC-R4PCC04U05:447335:447398 [2] NCCL INFO GPU Direct RDMA Enabled for GPU 2 / HCA 1 (distance 5 <= 5), read 0 mode Default
MOC-R4PCC04U05:447335:447391 [2] NCCL INFO New proxy recv connection 2 from local rank 2, transport 2
MOC-R4PCC04U05:447335:447398 [2] NCCL INFO Connected to proxy localRank 2 -> connection 0x7fc300005020
MOC-R4PCC04U05:447336:447399 [3] NCCL INFO Channel 00/0 : 3[3] -> 6[2] [send] via NET/IB/1(2)/GDRDMA
MOC-R4PCC04U05:447336:447399 [3] NCCL INFO GPU Direct RDMA Enabled for GPU 3 / HCA 1 (distance 5 <= 5), read 1 mode Default
MOC-R4PCC04U05:447335:447398 [2] NCCL INFO Channel 01/0 : 7[3] -> 2[2] [receive] via NET/IB/1/GDRDMA
MOC-R4PCC04U05:447335:447398 [2] NCCL INFO GPU Direct RDMA Enabled for GPU 2 / HCA 1 (distance 5 <= 5), read 0 mode Default
MOC-R4PCC04U05:447335:447391 [2] NCCL INFO New proxy send connection 3 from local rank 3, transport 2
MOC-R4PCC04U05:447336:447399 [3] NCCL INFO Connected to proxy localRank 2 -> connection 0x7fc300005098
MOC-R4PCC04U05:447335:447391 [2] NCCL INFO New proxy recv connection 4 from local rank 2, transport 2
MOC-R4PCC04U05:447335:447398 [2] NCCL INFO Connected to proxy localRank 2 -> connection 0x7fc300005110
MOC-R4PCC04U05:447336:447399 [3] NCCL INFO Channel 01/0 : 3[3] -> 6[2] [send] via NET/IB/1(2)/GDRDMA
MOC-R4PCC04U05:447336:447399 [3] NCCL INFO GPU Direct RDMA Enabled for GPU 3 / HCA 1 (distance 5 <= 5), read 1 mode Default
MOC-R4PCC04U05:447335:447398 [2] NCCL INFO Channel 02/0 : 7[3] -> 2[2] [receive] via NET/IB/1/GDRDMA
MOC-R4PCC04U05:447335:447398 [2] NCCL INFO GPU Direct RDMA Enabled for GPU 2 / HCA 1 (distance 5 <= 5), read 0 mode Default
MOC-R4PCC04U05:447335:447391 [2] NCCL INFO New proxy send connection 5 from local rank 3, transport 2
MOC-R4PCC04U05:447336:447399 [3] NCCL INFO Connected to proxy localRank 2 -> connection 0x7fc300005188
MOC-R4PCC04U05:447335:447391 [2] NCCL INFO New proxy recv connection 6 from local rank 2, transport 2
MOC-R4PCC04U05:447335:447398 [2] NCCL INFO Connected to proxy localRank 2 -> connection 0x7fc300005200
MOC-R4PCC04U05:447336:447399 [3] NCCL INFO Channel 02/0 : 3[3] -> 6[2] [send] via NET/IB/1(2)/GDRDMA
MOC-R4PCC04U05:447336:447399 [3] NCCL INFO GPU Direct RDMA Enabled for GPU 3 / HCA 1 (distance 5 <= 5), read 1 mode Default
MOC-R4PCC04U05:447335:447398 [2] NCCL INFO Channel 03/0 : 7[3] -> 2[2] [receive] via NET/IB/1/GDRDMA
MOC-R4PCC04U05:447335:447391 [2] NCCL INFO New proxy send connection 7 from local rank 3, transport 2
MOC-R4PCC04U05:447336:447399 [3] NCCL INFO Connected to proxy localRank 2 -> connection 0x7fc300005278
MOC-R4PCC04U05:447336:447399 [3] NCCL INFO Channel 03/0 : 3[3] -> 6[2] [send] via NET/IB/1(2)/GDRDMA
MOC-R4PCC04U05:447333:447390 [0] NCCL INFO New proxy recv connection 4 from local rank 0, transport 0
MOC-R4PCC04U05:447333:447401 [0] NCCL INFO Connected to proxy localRank 0 -> connection 0x7f2d14005110
MOC-R4PCC04U05:447333:447390 [0] NCCL INFO New proxy recv connection 5 from local rank 0, transport 0
MOC-R4PCC04U05:447333:447401 [0] NCCL INFO Connected to proxy localRank 0 -> connection 0x7f2d14005188
MOC-R4PCC04U05:447333:447390 [0] NCCL INFO New proxy recv connection 6 from local rank 0, transport 0
MOC-R4PCC04U05:447333:447401 [0] NCCL INFO Connected to proxy localRank 0 -> connection 0x7f2d14005200
MOC-R4PCC04U05:447333:447390 [0] NCCL INFO New proxy recv connection 7 from local rank 0, transport 0
MOC-R4PCC04U05:447333:447401 [0] NCCL INFO Connected to proxy localRank 0 -> connection 0x7f2d14005278
MOC-R4PCC04U05:447336:447393 [3] NCCL INFO New proxy send connection 4 from local rank 0, transport 0
MOC-R4PCC04U05:447333:447401 [0] NCCL INFO Connected to proxy localRank 3 -> connection 0x7fd3bc005110
MOC-R4PCC04U05:447334:447396 [1] NCCL INFO New proxy send connection 8 from local rank 0, transport 0
MOC-R4PCC04U05:447333:447401 [0] NCCL INFO Connected to proxy localRank 1 -> connection 0x7f2ad00052f0
MOC-R4PCC04U05:447333:447390 [0] NCCL INFO New proxy send connection 8 from local rank 3, transport 0
MOC-R4PCC04U05:447336:447399 [3] NCCL INFO Connected to proxy localRank 0 -> connection 0x7f2d140052f0
MOC-R4PCC04U05:447335:447391 [2] NCCL INFO New proxy send connection 8 from local rank 2, transport 0
MOC-R4PCC04U05:447335:447398 [2] NCCL INFO Connected to proxy localRank 2 -> connection 0x7fc3000052f0
MOC-R4PCC04U05:447335:447391 [2] NCCL INFO New proxy send connection 9 from local rank 2, transport 0
MOC-R4PCC04U05:447335:447398 [2] NCCL INFO Connected to proxy localRank 2 -> connection 0x7fc300005368
MOC-R4PCC04U05:447335:447391 [2] NCCL INFO New proxy send connection 10 from local rank 2, transport 0
MOC-R4PCC04U05:447335:447398 [2] NCCL INFO Connected to proxy localRank 2 -> connection 0x7fc3000053e0
MOC-R4PCC04U05:447335:447391 [2] NCCL INFO NET/IB: NCCL Dev 1 IbDev 0 Port 1 qpn 6662 mtu 3 query_ece={supported=1, vendor_id=0x15b3, options=0x30000002, comp_mask=0x0} GID 3 (0/C132A8C0FFFF0000) fifoRkey=0x178443 fifoLkey=0x178443
MOC-R4PCC04U05:447335:447391 [2] NCCL INFO New proxy send connection 11 from local rank 2, transport 0
MOC-R4PCC04U05:447335:447398 [2] NCCL INFO Connected to proxy localRank 2 -> connection 0x7fc300005458
MOC-R4PCC04U05:447333:447390 [0] NCCL INFO New proxy send connection 9 from local rank 1, transport 0
MOC-R4PCC04U05:447334:447400 [1] NCCL INFO Connected to proxy localRank 0 -> connection 0x7f2d14005368
MOC-R4PCC04U05:447334:447396 [1] NCCL INFO New proxy send connection 9 from local rank 2, transport 0
MOC-R4PCC04U05:447335:447398 [2] NCCL INFO Connected to proxy localRank 1 -> connection 0x7f2ad0005368
MOC-R4PCC04U05:447335:447391 [2] NCCL INFO NET/IB: IbDev 0 Port 1 qpn 6902 set_ece={supported=1, vendor_id=0x15b3, options=0x0, comp_mask=0x0}
MOC-R4PCC04U05:447335:447391 [2] NCCL INFO NET/IB: NCCL Dev 1 IbDev 0 Port 1 qpn 6663 mtu 3 query_ece={supported=1, vendor_id=0x15b3, options=0x30000002, comp_mask=0x0} GID 3 (0/C132A8C0FFFF0000) fifoRkey=0x170bca fifoLkey=0x170bca
MOC-R4PCC04U05:447335:447391 [2] NCCL INFO NET/IB: NCCL Dev 1 IbDev 0 Port 1 qpn 6664 mtu 3 query_ece={supported=1, vendor_id=0x15b3, options=0x30000002, comp_mask=0x0} GID 3 (0/C132A8C0FFFF0000) fifoRkey=0x174705 fifoLkey=0x174705
MOC-R4PCC04U05:447335:447391 [2] NCCL INFO NET/IB: IbDev 0 Port 1 qpn 6906 set_ece={supported=1, vendor_id=0x15b3, options=0x0, comp_mask=0x0}
MOC-R4PCC04U05:447335:447391 [2] NCCL INFO NET/IB: IbDev 0 Port 1 qpn 6908 set_ece={supported=1, vendor_id=0x15b3, options=0x0, comp_mask=0x0}
MOC-R4PCC04U05:447335:447391 [2] NCCL INFO New proxy send connection 12 from local rank 3, transport 0
MOC-R4PCC04U05:447335:447391 [2] NCCL INFO New proxy send connection 13 from local rank 1, transport 0
MOC-R4PCC04U05:447336:447399 [3] NCCL INFO Connected to proxy localRank 2 -> connection 0x7fc3000054d0
MOC-R4PCC04U05:447334:447400 [1] NCCL INFO Connected to proxy localRank 2 -> connection 0x7fc300005548
MOC-R4PCC04U05:447335:447391 [2] NCCL INFO NET/IB: NCCL Dev 1 IbDev 0 Port 1 qpn 6669 mtu 3 query_ece={supported=1, vendor_id=0x15b3, options=0x30000002, comp_mask=0x0} GID 3 (0/C132A8C0FFFF0000) fifoRkey=0x17d796 fifoLkey=0x17d796
MOC-R4PCC04U05:447335:447391 [2] NCCL INFO NET/IB: IbDev 0 Port 1 qpn 6911 set_ece={supported=1, vendor_id=0x15b3, options=0x0, comp_mask=0x0}
num decayed parameter tensors: 50, with 124,318,464 parameters
num non-decayed parameter tensors: 98, with 121,344 parameters
using fused AdamW: False
using regular AdamW
MOC-R4PCC04U05:447336:447393 [3] NCCL INFO New proxy recv connection 5 from local rank 3, transport 0
MOC-R4PCC04U05:447336:448093 [3] NCCL INFO Connected to proxy localRank 3 -> connection 0x7fd3bc005188
MOC-R4PCC04U05:447336:447393 [3] NCCL INFO New proxy recv connection 6 from local rank 3, transport 0
MOC-R4PCC04U05:447336:448093 [3] NCCL INFO Connected to proxy localRank 3 -> connection 0x7fd3bc005200
MOC-R4PCC04U05:447336:447393 [3] NCCL INFO New proxy recv connection 7 from local rank 3, transport 0
MOC-R4PCC04U05:447336:448093 [3] NCCL INFO Connected to proxy localRank 3 -> connection 0x7fd3bc005278
MOC-R4PCC04U05:447336:447393 [3] NCCL INFO New proxy recv connection 8 from local rank 3, transport 0
MOC-R4PCC04U05:447336:448093 [3] NCCL INFO Connected to proxy localRank 3 -> connection 0x7fd3bc0052f0
MOC-R4PCC04U05:447335:447391 [2] NCCL INFO New proxy send connection 14 from local rank 2, transport 0
MOC-R4PCC04U05:447335:448094 [2] NCCL INFO Connected to proxy localRank 2 -> connection 0x7fc3000055c0
MOC-R4PCC04U05:447335:447391 [2] NCCL INFO New proxy send connection 15 from local rank 2, transport 0
MOC-R4PCC04U05:447335:448094 [2] NCCL INFO Connected to proxy localRank 2 -> connection 0x7fc300005638
MOC-R4PCC04U05:447335:447391 [2] NCCL INFO New proxy send connection 16 from local rank 2, transport 0
MOC-R4PCC04U05:447335:448094 [2] NCCL INFO Connected to proxy localRank 2 -> connection 0x7fc3000056b0
MOC-R4PCC04U05:447335:447391 [2] NCCL INFO New proxy send connection 17 from local rank 2, transport 0
MOC-R4PCC04U05:447335:448094 [2] NCCL INFO Connected to proxy localRank 2 -> connection 0x7fc300005728
MOC-R4PCC04U05:447335:448094 [2] NCCL INFO GPU Direct RDMA Enabled for GPU 2 / HCA 1 (distance 5 <= 5), read 0 mode Default
MOC-R4PCC04U05:447335:447391 [2] NCCL INFO New proxy recv connection 18 from local rank 2, transport 2
MOC-R4PCC04U05:447335:448094 [2] NCCL INFO Connected to proxy localRank 2 -> connection 0x7fc3000057a0
MOC-R4PCC04U05:447336:447393 [3] NCCL INFO New proxy send connection 9 from local rank 3, transport 0
MOC-R4PCC04U05:447335:448094 [2] NCCL INFO Channel 00/0 : 6[2] -> 2[2] [receive] via NET/IB/1/GDRDMA
MOC-R4PCC04U05:447335:448094 [2] NCCL INFO GPU Direct RDMA Enabled for GPU 2 / HCA 1 (distance 5 <= 5), read 0 mode Default
MOC-R4PCC04U05:447336:448093 [3] NCCL INFO Connected to proxy localRank 3 -> connection 0x7fd3bc005368
MOC-R4PCC04U05:447335:447391 [2] NCCL INFO New proxy recv connection 19 from local rank 2, transport 2
MOC-R4PCC04U05:447335:448094 [2] NCCL INFO Connected to proxy localRank 2 -> connection 0x7fc300005818
MOC-R4PCC04U05:447335:448094 [2] NCCL INFO Channel 01/0 : 6[2] -> 2[2] [receive] via NET/IB/1/GDRDMA
MOC-R4PCC04U05:447335:448094 [2] NCCL INFO GPU Direct RDMA Enabled for GPU 2 / HCA 1 (distance 5 <= 5), read 0 mode Default
MOC-R4PCC04U05:447335:447391 [2] NCCL INFO New proxy recv connection 20 from local rank 2, transport 2
MOC-R4PCC04U05:447335:448094 [2] NCCL INFO Connected to proxy localRank 2 -> connection 0x7fc300005890
MOC-R4PCC04U05:447335:448094 [2] NCCL INFO Channel 02/0 : 6[2] -> 2[2] [receive] via NET/IB/1/GDRDMA
MOC-R4PCC04U05:447335:448094 [2] NCCL INFO GPU Direct RDMA Enabled for GPU 2 / HCA 1 (distance 5 <= 5), read 0 mode Default
MOC-R4PCC04U05:447335:447391 [2] NCCL INFO New proxy recv connection 21 from local rank 2, transport 2
MOC-R4PCC04U05:447335:448094 [2] NCCL INFO Connected to proxy localRank 2 -> connection 0x7fc300005908
MOC-R4PCC04U05:447335:448094 [2] NCCL INFO Channel 03/0 : 6[2] -> 2[2] [receive] via NET/IB/1/GDRDMA
MOC-R4PCC04U05:447335:448094 [2] NCCL INFO GPU Direct RDMA Enabled for GPU 2 / HCA 1 (distance 5 <= 5), read 1 mode Default
MOC-R4PCC04U05:447335:447391 [2] NCCL INFO New proxy send connection 22 from local rank 2, transport 2
MOC-R4PCC04U05:447335:448094 [2] NCCL INFO Connected to proxy localRank 2 -> connection 0x7fc300005980
MOC-R4PCC04U05:447335:448094 [2] NCCL INFO Channel 00/0 : 2[2] -> 6[2] [send] via NET/IB/1/GDRDMA
MOC-R4PCC04U05:447335:448094 [2] NCCL INFO GPU Direct RDMA Enabled for GPU 2 / HCA 1 (distance 5 <= 5), read 1 mode Default
MOC-R4PCC04U05:447335:447391 [2] NCCL INFO New proxy send connection 23 from local rank 2, transport 2
MOC-R4PCC04U05:447335:448094 [2] NCCL INFO Connected to proxy localRank 2 -> connection 0x7fc3000059f8
MOC-R4PCC04U05:447336:447393 [3] NCCL INFO New proxy send connection 10 from local rank 3, transport 0
MOC-R4PCC04U05:447336:448093 [3] NCCL INFO Connected to proxy localRank 3 -> connection 0x7fd3bc0053e0
MOC-R4PCC04U05:447335:448094 [2] NCCL INFO Channel 01/0 : 2[2] -> 6[2] [send] via NET/IB/1/GDRDMA
MOC-R4PCC04U05:447335:448094 [2] NCCL INFO GPU Direct RDMA Enabled for GPU 2 / HCA 1 (distance 5 <= 5), read 1 mode Default
MOC-R4PCC04U05:447335:447391 [2] NCCL INFO New proxy send connection 24 from local rank 2, transport 2
MOC-R4PCC04U05:447335:448094 [2] NCCL INFO Connected to proxy localRank 2 -> connection 0x7fc300005a70
MOC-R4PCC04U05:447335:448094 [2] NCCL INFO Channel 02/0 : 2[2] -> 6[2] [send] via NET/IB/1/GDRDMA
MOC-R4PCC04U05:447335:448094 [2] NCCL INFO GPU Direct RDMA Enabled for GPU 2 / HCA 1 (distance 5 <= 5), read 1 mode Default
MOC-R4PCC04U05:447335:447391 [2] NCCL INFO New proxy send connection 25 from local rank 2, transport 2
MOC-R4PCC04U05:447335:448094 [2] NCCL INFO Connected to proxy localRank 2 -> connection 0x7fc300005ae8
MOC-R4PCC04U05:447335:448094 [2] NCCL INFO Channel 03/0 : 2[2] -> 6[2] [send] via NET/IB/1/GDRDMA
MOC-R4PCC04U05:447336:447393 [3] NCCL INFO New proxy send connection 11 from local rank 3, transport 0
MOC-R4PCC04U05:447336:448093 [3] NCCL INFO Connected to proxy localRank 3 -> connection 0x7fd3bc005458
MOC-R4PCC04U05:447336:447393 [3] NCCL INFO New proxy send connection 12 from local rank 3, transport 0
MOC-R4PCC04U05:447336:448093 [3] NCCL INFO Connected to proxy localRank 3 -> connection 0x7fd3bc0054d0
MOC-R4PCC04U05:447334:447396 [1] NCCL INFO New proxy recv connection 10 from local rank 1, transport 0
MOC-R4PCC04U05:447334:448095 [1] NCCL INFO Connected to proxy localRank 1 -> connection 0x7f2ad00053e0
MOC-R4PCC04U05:447334:447396 [1] NCCL INFO New proxy recv connection 11 from local rank 1, transport 0
MOC-R4PCC04U05:447334:448095 [1] NCCL INFO Connected to proxy localRank 1 -> connection 0x7f2ad0005458
MOC-R4PCC04U05:447334:447396 [1] NCCL INFO New proxy recv connection 12 from local rank 1, transport 0
MOC-R4PCC04U05:447334:448095 [1] NCCL INFO Connected to proxy localRank 1 -> connection 0x7f2ad00054d0
MOC-R4PCC04U05:447334:447396 [1] NCCL INFO New proxy recv connection 13 from local rank 1, transport 0
MOC-R4PCC04U05:447334:448095 [1] NCCL INFO Connected to proxy localRank 1 -> connection 0x7f2ad0005548
MOC-R4PCC04U05:447335:447391 [2] NCCL INFO New proxy recv connection 26 from local rank 2, transport 0
MOC-R4PCC04U05:447335:448094 [2] NCCL INFO Connected to proxy localRank 2 -> connection 0x7fc300005b60
MOC-R4PCC04U05:447335:447391 [2] NCCL INFO New proxy recv connection 27 from local rank 2, transport 0
MOC-R4PCC04U05:447335:448094 [2] NCCL INFO Connected to proxy localRank 2 -> connection 0x7fc300005bd8
MOC-R4PCC04U05:447335:447391 [2] NCCL INFO New proxy recv connection 28 from local rank 2, transport 0
MOC-R4PCC04U05:447335:448094 [2] NCCL INFO Connected to proxy localRank 2 -> connection 0x7fc300005c50
MOC-R4PCC04U05:447335:447391 [2] NCCL INFO New proxy recv connection 29 from local rank 2, transport 0
MOC-R4PCC04U05:447335:448094 [2] NCCL INFO Connected to proxy localRank 2 -> connection 0x7fc300005cc8
MOC-R4PCC04U05:447333:447390 [0] NCCL INFO New proxy send connection 10 from local rank 0, transport 0
MOC-R4PCC04U05:447333:448096 [0] NCCL INFO Connected to proxy localRank 0 -> connection 0x7f2d140053e0
MOC-R4PCC04U05:447333:447390 [0] NCCL INFO New proxy send connection 11 from local rank 0, transport 0
MOC-R4PCC04U05:447333:448096 [0] NCCL INFO Connected to proxy localRank 0 -> connection 0x7f2d14005458
MOC-R4PCC04U05:447333:447390 [0] NCCL INFO New proxy send connection 12 from local rank 0, transport 0
MOC-R4PCC04U05:447333:448096 [0] NCCL INFO Connected to proxy localRank 0 -> connection 0x7f2d140054d0
MOC-R4PCC04U05:447333:447390 [0] NCCL INFO New proxy send connection 13 from local rank 0, transport 0
MOC-R4PCC04U05:447333:448096 [0] NCCL INFO Connected to proxy localRank 0 -> connection 0x7f2d14005548
MOC-R4PCC04U05:447333:447390 [0] NCCL INFO New proxy recv connection 14 from local rank 0, transport 0
MOC-R4PCC04U05:447333:448096 [0] NCCL INFO Connected to proxy localRank 0 -> connection 0x7f2d140055c0
MOC-R4PCC04U05:447333:447390 [0] NCCL INFO New proxy recv connection 15 from local rank 0, transport 0
MOC-R4PCC04U05:447333:448096 [0] NCCL INFO Connected to proxy localRank 0 -> connection 0x7f2d14005638
MOC-R4PCC04U05:447333:447390 [0] NCCL INFO New proxy recv connection 16 from local rank 0, transport 0
MOC-R4PCC04U05:447333:448096 [0] NCCL INFO Connected to proxy localRank 0 -> connection 0x7f2d140056b0
MOC-R4PCC04U05:447333:447390 [0] NCCL INFO New proxy recv connection 17 from local rank 0, transport 0
MOC-R4PCC04U05:447333:448096 [0] NCCL INFO Connected to proxy localRank 0 -> connection 0x7f2d14005728
MOC-R4PCC04U05:447336:447393 [3] NCCL INFO New proxy send connection 13 from local rank 3, transport 0
MOC-R4PCC04U05:447336:448093 [3] NCCL INFO Connected to proxy localRank 3 -> connection 0x7fd3bc005548
MOC-R4PCC04U05:447336:447393 [3] NCCL INFO New proxy send connection 14 from local rank 3, transport 0
MOC-R4PCC04U05:447336:448093 [3] NCCL INFO Connected to proxy localRank 3 -> connection 0x7fd3bc0055c0
MOC-R4PCC04U05:447336:447393 [3] NCCL INFO New proxy send connection 15 from local rank 3, transport 0
MOC-R4PCC04U05:447336:448093 [3] NCCL INFO Connected to proxy localRank 3 -> connection 0x7fd3bc005638
MOC-R4PCC04U05:447336:447393 [3] NCCL INFO New proxy send connection 16 from local rank 3, transport 0
MOC-R4PCC04U05:447336:448093 [3] NCCL INFO Connected to proxy localRank 3 -> connection 0x7fd3bc0056b0
MOC-R4PCC04U05:447336:447393 [3] NCCL INFO New proxy send connection 17 from local rank 2, transport 0
MOC-R4PCC04U05:447335:448094 [2] NCCL INFO Connected to proxy localRank 3 -> connection 0x7fd3bc005728
MOC-R4PCC04U05:447335:447391 [2] NCCL INFO NET/IB: NCCL Dev 1 IbDev 0 Port 1 qpn 6674 mtu 3 query_ece={supported=1, vendor_id=0x15b3, options=0x30000002, comp_mask=0x0} GID 3 (0/C132A8C0FFFF0000) fifoRkey=0x17edac fifoLkey=0x17edac
MOC-R4PCC04U05:447335:447391 [2] NCCL INFO NET/IB: NCCL Dev 1 IbDev 0 Port 1 qpn 6677 mtu 3 query_ece={supported=1, vendor_id=0x15b3, options=0x30000002, comp_mask=0x0} GID 3 (0/C132A8C0FFFF0000) fifoRkey=0x17601f fifoLkey=0x17601f
MOC-R4PCC04U05:447335:447391 [2] NCCL INFO NET/IB: IbDev 0 Port 1 qpn 6915 set_ece={supported=1, vendor_id=0x15b3, options=0x0, comp_mask=0x0}
MOC-R4PCC04U05:447335:447391 [2] NCCL INFO NET/IB: IbDev 0 Port 1 qpn 6918 set_ece={supported=1, vendor_id=0x15b3, options=0x0, comp_mask=0x0}
MOC-R4PCC04U05:447335:447391 [2] NCCL INFO NET/IB: NCCL Dev 1 IbDev 0 Port 1 qpn 6682 mtu 3 query_ece={supported=1, vendor_id=0x15b3, options=0x30000002, comp_mask=0x0} GID 3 (0/C132A8C0FFFF0000) fifoRkey=0x175c1c fifoLkey=0x175c1c
MOC-R4PCC04U05:447335:447391 [2] NCCL INFO NET/IB: NCCL Dev 1 IbDev 0 Port 1 qpn 6685 mtu 3 query_ece={supported=1, vendor_id=0x15b3, options=0x30000002, comp_mask=0x0} GID 3 (0/C132A8C0FFFF0000) fifoRkey=0x1700c0 fifoLkey=0x1700c0
MOC-R4PCC04U05:447335:447391 [2] NCCL INFO NET/IB: IbDev 0 Port 1 qpn 6922 set_ece={supported=1, vendor_id=0x15b3, options=0x0, comp_mask=0x0}
MOC-R4PCC04U05:447335:447391 [2] NCCL INFO NET/IB: IbDev 0 Port 1 qpn 6924 set_ece={supported=1, vendor_id=0x15b3, options=0x0, comp_mask=0x0}
step    1/10 | train loss 11.010590 | norm 15.5178 | lr 1.00e-04 | (13400.40 ms | 58687 tok/s)
step    2/10 | train loss 10.133060 | norm 5.7704 | lr 1.00e-04 | (262.06 ms | 3000943 tok/s)
step    3/10 | train loss 9.789810 | norm 2.6244 | lr 1.00e-04 | (263.03 ms | 2989929 tok/s)
step    4/10 | train loss 9.619396 | norm 2.1221 | lr 1.00e-04 | (262.94 ms | 2990935 tok/s)
step    5/10 | train loss 9.536022 | norm 2.1102 | lr 1.00e-04 | (261.60 ms | 3006274 tok/s)
step    6/10 | train loss 9.454277 | norm 2.0041 | lr 1.00e-04 | (263.95 ms | 2979480 tok/s)
step    7/10 | train loss 9.368479 | norm 1.9533 | lr 1.00e-04 | (261.36 ms | 3008964 tok/s)
step    8/10 | train loss 9.276955 | norm 1.9199 | lr 1.00e-04 | (264.45 ms | 2973823 tok/s)
step    9/10 | train loss 9.181938 | norm 1.8692 | lr 1.00e-04 | (262.37 ms | 2997442 tok/s)
step   10/10 | train loss 9.094180 | norm 1.7928 | lr 1.00e-04 | (262.18 ms | 2999625 tok/s)
final 9 iters avg: 262.659ms
peak memory consumption: 16601 MiB
