Running pytorch 2.7.0+cu126
using device: cuda:0
total desired batch size: 786432
=> calculated gradient accumulation steps: 2
using device: cuda:3
using device: cuda:2
using device: cuda:1
compiling the model...
DataLoader: total number of tokens: 1,661,249,667 across 103 files
MOC-R4PCC04U05:541684:541684 [0] NCCL INFO NCCL_SOCKET_IFNAME set to eno7np0
MOC-R4PCC04U05:541684:541684 [0] NCCL INFO NCCL version 2.26.2+cuda12.2
MOC-R4PCC04U05:541684:541789 [0] NCCL INFO NET/Plugin: Could not find: libnccl-net.so. Using internal net plugin.
MOC-R4PCC04U05:541684:541789 [0] NCCL INFO NET/Socket : Using [0]eno7np0:192.168.50.193<0>
MOC-R4PCC04U05:541687:541687 [3] NCCL INFO NCCL_SOCKET_IFNAME set to eno7np0
MOC-R4PCC04U05:541687:541687 [3] NCCL INFO NCCL version 2.26.2+cuda12.2
MOC-R4PCC04U05:541686:541686 [2] NCCL INFO NCCL_SOCKET_IFNAME set to eno7np0
MOC-R4PCC04U05:541686:541686 [2] NCCL INFO NCCL version 2.26.2+cuda12.2
MOC-R4PCC04U05:541685:541685 [1] NCCL INFO NCCL_SOCKET_IFNAME set to eno7np0
MOC-R4PCC04U05:541685:541685 [1] NCCL INFO NCCL version 2.26.2+cuda12.2
MOC-R4PCC04U05:541687:541811 [3] NCCL INFO NET/Plugin: Could not find: libnccl-net.so. Using internal net plugin.
MOC-R4PCC04U05:541687:541811 [3] NCCL INFO NET/Socket : Using [0]eno7np0:192.168.50.193<0>
MOC-R4PCC04U05:541686:541812 [2] NCCL INFO NET/Plugin: Could not find: libnccl-net.so. Using internal net plugin.
MOC-R4PCC04U05:541686:541812 [2] NCCL INFO NET/Socket : Using [0]eno7np0:192.168.50.193<0>
MOC-R4PCC04U05:541685:541813 [1] NCCL INFO NET/Plugin: Could not find: libnccl-net.so. Using internal net plugin.
MOC-R4PCC04U05:541685:541813 [1] NCCL INFO NET/Socket : Using [0]eno7np0:192.168.50.193<0>
MOC-R4PCC04U05:541686:541812 [2] NCCL INFO NET/Socket : GPU Direct RDMA Disabled for HCA 0 'eno7np0'
MOC-R4PCC04U05:541687:541811 [3] NCCL INFO NET/Socket : GPU Direct RDMA Disabled for HCA 0 'eno7np0'
MOC-R4PCC04U05:541684:541789 [0] NCCL INFO NET/Socket : GPU Direct RDMA Disabled for HCA 0 'eno7np0'
MOC-R4PCC04U05:541685:541813 [1] NCCL INFO NET/Socket : GPU Direct RDMA Disabled for HCA 0 'eno7np0'
MOC-R4PCC04U05:541687:541819 [3] NCCL INFO New proxy recv connection 0 from local rank 3, transport 0
MOC-R4PCC04U05:541687:541829 [3] NCCL INFO Connected to proxy localRank 3 -> connection 0x7fec64004f30
MOC-R4PCC04U05:541687:541819 [3] NCCL INFO New proxy recv connection 1 from local rank 3, transport 0
MOC-R4PCC04U05:541687:541829 [3] NCCL INFO Connected to proxy localRank 3 -> connection 0x7fec64004fa8
MOC-R4PCC04U05:541685:541821 [1] NCCL INFO New proxy recv connection 0 from local rank 1, transport 0
MOC-R4PCC04U05:541685:541830 [1] NCCL INFO Connected to proxy localRank 1 -> connection 0x7f39e0004f30
MOC-R4PCC04U05:541685:541821 [1] NCCL INFO New proxy recv connection 1 from local rank 1, transport 0
MOC-R4PCC04U05:541685:541830 [1] NCCL INFO Connected to proxy localRank 1 -> connection 0x7f39e0004fa8
MOC-R4PCC04U05:541686:541820 [2] NCCL INFO New proxy recv connection 0 from local rank 2, transport 0
MOC-R4PCC04U05:541686:541831 [2] NCCL INFO Connected to proxy localRank 2 -> connection 0x7f6c44004f30
MOC-R4PCC04U05:541684:541824 [0] NCCL INFO New proxy send connection 0 from local rank 0, transport 0
MOC-R4PCC04U05:541684:541832 [0] NCCL INFO Connected to proxy localRank 0 -> connection 0x7f61d4004f30
MOC-R4PCC04U05:541684:541824 [0] NCCL INFO New proxy send connection 1 from local rank 0, transport 0
MOC-R4PCC04U05:541686:541820 [2] NCCL INFO New proxy recv connection 1 from local rank 2, transport 0
MOC-R4PCC04U05:541684:541832 [0] NCCL INFO Connected to proxy localRank 0 -> connection 0x7f61d4004fa8
MOC-R4PCC04U05:541686:541831 [2] NCCL INFO Connected to proxy localRank 2 -> connection 0x7f6c44004fa8
MOC-R4PCC04U05:541684:541824 [0] NCCL INFO New proxy send connection 2 from local rank 0, transport 0
MOC-R4PCC04U05:541684:541832 [0] NCCL INFO Connected to proxy localRank 0 -> connection 0x7f61d4005020
MOC-R4PCC04U05:541684:541824 [0] NCCL INFO New proxy send connection 3 from local rank 0, transport 0
MOC-R4PCC04U05:541684:541832 [0] NCCL INFO Connected to proxy localRank 0 -> connection 0x7f61d4005098
MOC-R4PCC04U05:541687:541819 [3] NCCL INFO New proxy send connection 2 from local rank 3, transport 2
MOC-R4PCC04U05:541687:541829 [3] NCCL INFO Connected to proxy localRank 3 -> connection 0x7fec64005020
MOC-R4PCC04U05:541687:541829 [3] NCCL INFO Channel 00/0 : 3[3] -> 6[2] [send] via NET/Socket/0
MOC-R4PCC04U05:541687:541819 [3] NCCL INFO New proxy send connection 3 from local rank 3, transport 2
MOC-R4PCC04U05:541687:541829 [3] NCCL INFO Connected to proxy localRank 3 -> connection 0x7fec64005098
MOC-R4PCC04U05:541687:541829 [3] NCCL INFO Channel 02/0 : 3[3] -> 6[2] [send] via NET/Socket/0
MOC-R4PCC04U05:541684:541824 [0] NCCL INFO New proxy recv connection 4 from local rank 0, transport 0
MOC-R4PCC04U05:541684:541832 [0] NCCL INFO Connected to proxy localRank 0 -> connection 0x7f61d4005110
MOC-R4PCC04U05:541684:541824 [0] NCCL INFO New proxy recv connection 5 from local rank 0, transport 0
MOC-R4PCC04U05:541684:541832 [0] NCCL INFO Connected to proxy localRank 0 -> connection 0x7f61d4005188
MOC-R4PCC04U05:541684:541824 [0] NCCL INFO New proxy recv connection 6 from local rank 0, transport 0
MOC-R4PCC04U05:541684:541832 [0] NCCL INFO Connected to proxy localRank 0 -> connection 0x7f61d4005200
MOC-R4PCC04U05:541684:541824 [0] NCCL INFO New proxy recv connection 7 from local rank 0, transport 0
MOC-R4PCC04U05:541684:541832 [0] NCCL INFO Connected to proxy localRank 0 -> connection 0x7f61d4005278
MOC-R4PCC04U05:541686:541820 [2] NCCL INFO New proxy recv connection 2 from local rank 2, transport 2
MOC-R4PCC04U05:541686:541831 [2] NCCL INFO Connected to proxy localRank 2 -> connection 0x7f6c44005020
MOC-R4PCC04U05:541686:541831 [2] NCCL INFO Channel 00/0 : 11[3] -> 2[2] [receive] via NET/Socket/0
MOC-R4PCC04U05:541686:541820 [2] NCCL INFO New proxy recv connection 3 from local rank 2, transport 2
MOC-R4PCC04U05:541686:541831 [2] NCCL INFO Connected to proxy localRank 2 -> connection 0x7f6c44005098
MOC-R4PCC04U05:541686:541831 [2] NCCL INFO Channel 02/0 : 11[3] -> 2[2] [receive] via NET/Socket/0
MOC-R4PCC04U05:541687:541819 [3] NCCL INFO New proxy recv connection 4 from local rank 3, transport 2
MOC-R4PCC04U05:541687:541829 [3] NCCL INFO Connected to proxy localRank 3 -> connection 0x7fec64005110
MOC-R4PCC04U05:541687:541829 [3] NCCL INFO Channel 01/0 : 10[2] -> 3[3] [receive] via NET/Socket/0
MOC-R4PCC04U05:541687:541819 [3] NCCL INFO New proxy recv connection 5 from local rank 3, transport 2
MOC-R4PCC04U05:541687:541829 [3] NCCL INFO Connected to proxy localRank 3 -> connection 0x7fec64005188
MOC-R4PCC04U05:541687:541829 [3] NCCL INFO Channel 03/0 : 10[2] -> 3[3] [receive] via NET/Socket/0
MOC-R4PCC04U05:541687:541819 [3] NCCL INFO New proxy send connection 6 from local rank 3, transport 0
MOC-R4PCC04U05:541687:541829 [3] NCCL INFO Connected to proxy localRank 3 -> connection 0x7fec64005200
MOC-R4PCC04U05:541686:541820 [2] NCCL INFO New proxy send connection 4 from local rank 2, transport 2
MOC-R4PCC04U05:541686:541831 [2] NCCL INFO Connected to proxy localRank 2 -> connection 0x7f6c44005110
MOC-R4PCC04U05:541686:541831 [2] NCCL INFO Channel 01/0 : 2[2] -> 7[3] [send] via NET/Socket/0
MOC-R4PCC04U05:541686:541820 [2] NCCL INFO New proxy send connection 5 from local rank 2, transport 2
MOC-R4PCC04U05:541686:541831 [2] NCCL INFO Connected to proxy localRank 2 -> connection 0x7f6c44005188
MOC-R4PCC04U05:541686:541831 [2] NCCL INFO Channel 03/0 : 2[2] -> 7[3] [send] via NET/Socket/0
MOC-R4PCC04U05:541686:541820 [2] NCCL INFO New proxy send connection 6 from local rank 2, transport 0
MOC-R4PCC04U05:541686:541831 [2] NCCL INFO Connected to proxy localRank 2 -> connection 0x7f6c44005200
MOC-R4PCC04U05:541687:541819 [3] NCCL INFO New proxy send connection 7 from local rank 3, transport 0
MOC-R4PCC04U05:541687:541829 [3] NCCL INFO Connected to proxy localRank 3 -> connection 0x7fec64005278
MOC-R4PCC04U05:541686:541820 [2] NCCL INFO New proxy send connection 7 from local rank 2, transport 0
MOC-R4PCC04U05:541686:541831 [2] NCCL INFO Connected to proxy localRank 2 -> connection 0x7f6c44005278
MOC-R4PCC04U05:541684:541824 [0] NCCL INFO New proxy send connection 8 from local rank 3, transport 0
MOC-R4PCC04U05:541687:541829 [3] NCCL INFO Connected to proxy localRank 0 -> connection 0x7f61d40052f0
MOC-R4PCC04U05:541685:541821 [1] NCCL INFO New proxy recv connection 2 from local rank 1, transport 0
MOC-R4PCC04U05:541685:541830 [1] NCCL INFO Connected to proxy localRank 1 -> connection 0x7f39e0005020
MOC-R4PCC04U05:541685:541821 [1] NCCL INFO New proxy recv connection 3 from local rank 1, transport 0
MOC-R4PCC04U05:541685:541830 [1] NCCL INFO Connected to proxy localRank 1 -> connection 0x7f39e0005098
MOC-R4PCC04U05:541685:541821 [1] NCCL INFO New proxy send connection 4 from local rank 1, transport 0
MOC-R4PCC04U05:541685:541830 [1] NCCL INFO Connected to proxy localRank 1 -> connection 0x7f39e0005110
MOC-R4PCC04U05:541685:541821 [1] NCCL INFO New proxy send connection 5 from local rank 1, transport 0
MOC-R4PCC04U05:541685:541830 [1] NCCL INFO Connected to proxy localRank 1 -> connection 0x7f39e0005188
MOC-R4PCC04U05:541685:541821 [1] NCCL INFO New proxy send connection 6 from local rank 1, transport 0
MOC-R4PCC04U05:541685:541830 [1] NCCL INFO Connected to proxy localRank 1 -> connection 0x7f39e0005200
MOC-R4PCC04U05:541685:541821 [1] NCCL INFO New proxy send connection 7 from local rank 1, transport 0
MOC-R4PCC04U05:541685:541830 [1] NCCL INFO Connected to proxy localRank 1 -> connection 0x7f39e0005278
MOC-R4PCC04U05:541685:541821 [1] NCCL INFO New proxy send connection 8 from local rank 3, transport 0
MOC-R4PCC04U05:541687:541829 [3] NCCL INFO Connected to proxy localRank 1 -> connection 0x7f39e00052f0
MOC-R4PCC04U05:541684:541824 [0] NCCL INFO New proxy send connection 9 from local rank 2, transport 0
MOC-R4PCC04U05:541686:541831 [2] NCCL INFO Connected to proxy localRank 0 -> connection 0x7f61d4005368
MOC-R4PCC04U05:541686:541820 [2] NCCL INFO New proxy send connection 8 from local rank 0, transport 0
MOC-R4PCC04U05:541684:541832 [0] NCCL INFO Connected to proxy localRank 2 -> connection 0x7f6c440052f0
MOC-R4PCC04U05:541687:541819 [3] NCCL INFO New proxy send connection 8 from local rank 1, transport 0
MOC-R4PCC04U05:541685:541830 [1] NCCL INFO Connected to proxy localRank 3 -> connection 0x7fec640052f0
MOC-R4PCC04U05:541687:541819 [3] NCCL INFO New proxy send connection 9 from local rank 0, transport 0
MOC-R4PCC04U05:541685:541821 [1] NCCL INFO New proxy send connection 9 from local rank 2, transport 0
MOC-R4PCC04U05:541684:541832 [0] NCCL INFO Connected to proxy localRank 3 -> connection 0x7fec64005368
MOC-R4PCC04U05:541686:541831 [2] NCCL INFO Connected to proxy localRank 1 -> connection 0x7f39e0005368
MOC-R4PCC04U05:541684:541824 [0] NCCL INFO New proxy send connection 10 from local rank 1, transport 0
MOC-R4PCC04U05:541685:541830 [1] NCCL INFO Connected to proxy localRank 0 -> connection 0x7f61d40053e0
MOC-R4PCC04U05:541685:541821 [1] NCCL INFO New proxy send connection 10 from local rank 0, transport 0
MOC-R4PCC04U05:541684:541832 [0] NCCL INFO Connected to proxy localRank 1 -> connection 0x7f39e00053e0
MOC-R4PCC04U05:541686:541820 [2] NCCL INFO New proxy send connection 9 from local rank 1, transport 0
MOC-R4PCC04U05:541685:541830 [1] NCCL INFO Connected to proxy localRank 2 -> connection 0x7f6c44005368
num decayed parameter tensors: 50, with 124,318,464 parameters
num non-decayed parameter tensors: 98, with 121,344 parameters
using fused AdamW: False
using regular AdamW
MOC-R4PCC04U05:541687:541819 [3] NCCL INFO New proxy recv connection 10 from local rank 3, transport 0
MOC-R4PCC04U05:541687:542558 [3] NCCL INFO Connected to proxy localRank 3 -> connection 0x7fec640053e0
MOC-R4PCC04U05:541687:541819 [3] NCCL INFO New proxy recv connection 11 from local rank 3, transport 0
MOC-R4PCC04U05:541687:542558 [3] NCCL INFO Connected to proxy localRank 3 -> connection 0x7fec64005458
MOC-R4PCC04U05:541684:541824 [0] NCCL INFO New proxy send connection 11 from local rank 0, transport 0
MOC-R4PCC04U05:541684:542559 [0] NCCL INFO Connected to proxy localRank 0 -> connection 0x7f61d4005458
MOC-R4PCC04U05:541684:541824 [0] NCCL INFO New proxy send connection 12 from local rank 0, transport 0
MOC-R4PCC04U05:541684:542559 [0] NCCL INFO Connected to proxy localRank 0 -> connection 0x7f61d40054d0
MOC-R4PCC04U05:541684:541824 [0] NCCL INFO New proxy send connection 13 from local rank 0, transport 0
MOC-R4PCC04U05:541684:542559 [0] NCCL INFO Connected to proxy localRank 0 -> connection 0x7f61d4005548
MOC-R4PCC04U05:541684:541824 [0] NCCL INFO New proxy send connection 14 from local rank 0, transport 0
MOC-R4PCC04U05:541684:542559 [0] NCCL INFO Connected to proxy localRank 0 -> connection 0x7f61d40055c0
MOC-R4PCC04U05:541685:541821 [1] NCCL INFO New proxy recv connection 11 from local rank 1, transport 0
MOC-R4PCC04U05:541685:542560 [1] NCCL INFO Connected to proxy localRank 1 -> connection 0x7f39e0005458
MOC-R4PCC04U05:541685:541821 [1] NCCL INFO New proxy recv connection 12 from local rank 1, transport 0
MOC-R4PCC04U05:541685:542560 [1] NCCL INFO Connected to proxy localRank 1 -> connection 0x7f39e00054d0
MOC-R4PCC04U05:541685:541821 [1] NCCL INFO New proxy recv connection 13 from local rank 1, transport 0
MOC-R4PCC04U05:541685:542560 [1] NCCL INFO Connected to proxy localRank 1 -> connection 0x7f39e0005548
MOC-R4PCC04U05:541685:541821 [1] NCCL INFO New proxy recv connection 14 from local rank 1, transport 0
MOC-R4PCC04U05:541685:542560 [1] NCCL INFO Connected to proxy localRank 1 -> connection 0x7f39e00055c0
MOC-R4PCC04U05:541685:541821 [1] NCCL INFO New proxy send connection 15 from local rank 1, transport 0
MOC-R4PCC04U05:541685:542560 [1] NCCL INFO Connected to proxy localRank 1 -> connection 0x7f39e0005638
MOC-R4PCC04U05:541685:541821 [1] NCCL INFO New proxy send connection 16 from local rank 1, transport 0
MOC-R4PCC04U05:541685:542560 [1] NCCL INFO Connected to proxy localRank 1 -> connection 0x7f39e00056b0
MOC-R4PCC04U05:541685:541821 [1] NCCL INFO New proxy send connection 17 from local rank 1, transport 0
MOC-R4PCC04U05:541685:542560 [1] NCCL INFO Connected to proxy localRank 1 -> connection 0x7f39e0005728
MOC-R4PCC04U05:541685:541821 [1] NCCL INFO New proxy send connection 18 from local rank 1, transport 0
MOC-R4PCC04U05:541685:542560 [1] NCCL INFO Connected to proxy localRank 1 -> connection 0x7f39e00057a0
MOC-R4PCC04U05:541684:541824 [0] NCCL INFO New proxy send connection 15 from local rank 0, transport 0
MOC-R4PCC04U05:541684:542559 [0] NCCL INFO Connected to proxy localRank 0 -> connection 0x7f61d4005638
MOC-R4PCC04U05:541684:541824 [0] NCCL INFO New proxy send connection 16 from local rank 0, transport 0
MOC-R4PCC04U05:541684:542559 [0] NCCL INFO Connected to proxy localRank 0 -> connection 0x7f61d40056b0
MOC-R4PCC04U05:541684:541824 [0] NCCL INFO New proxy recv connection 17 from local rank 0, transport 0
MOC-R4PCC04U05:541684:542559 [0] NCCL INFO Connected to proxy localRank 0 -> connection 0x7f61d4005728
MOC-R4PCC04U05:541687:541819 [3] NCCL INFO New proxy recv connection 12 from local rank 3, transport 2
MOC-R4PCC04U05:541687:542558 [3] NCCL INFO Connected to proxy localRank 3 -> connection 0x7fec640054d0
MOC-R4PCC04U05:541684:541824 [0] NCCL INFO New proxy recv connection 18 from local rank 0, transport 0
MOC-R4PCC04U05:541684:542559 [0] NCCL INFO Connected to proxy localRank 0 -> connection 0x7f61d40057a0
MOC-R4PCC04U05:541684:541824 [0] NCCL INFO New proxy recv connection 19 from local rank 0, transport 0
MOC-R4PCC04U05:541684:542559 [0] NCCL INFO Connected to proxy localRank 0 -> connection 0x7f61d4005818
MOC-R4PCC04U05:541687:542558 [3] NCCL INFO Channel 00/0 : 11[3] -> 3[3] [receive] via NET/Socket/0
MOC-R4PCC04U05:541687:541819 [3] NCCL INFO New proxy recv connection 13 from local rank 3, transport 2
MOC-R4PCC04U05:541687:542558 [3] NCCL INFO Connected to proxy localRank 3 -> connection 0x7fec64005548
MOC-R4PCC04U05:541684:541824 [0] NCCL INFO New proxy recv connection 20 from local rank 0, transport 0
MOC-R4PCC04U05:541684:542559 [0] NCCL INFO Connected to proxy localRank 0 -> connection 0x7f61d4005890
MOC-R4PCC04U05:541687:542558 [3] NCCL INFO Channel 01/0 : 11[3] -> 3[3] [receive] via NET/Socket/0
MOC-R4PCC04U05:541687:541819 [3] NCCL INFO New proxy recv connection 14 from local rank 3, transport 2
MOC-R4PCC04U05:541687:542558 [3] NCCL INFO Connected to proxy localRank 3 -> connection 0x7fec640055c0
MOC-R4PCC04U05:541687:542558 [3] NCCL INFO Channel 02/0 : 11[3] -> 3[3] [receive] via NET/Socket/0
MOC-R4PCC04U05:541687:541819 [3] NCCL INFO New proxy recv connection 15 from local rank 3, transport 2
MOC-R4PCC04U05:541687:542558 [3] NCCL INFO Connected to proxy localRank 3 -> connection 0x7fec64005638
MOC-R4PCC04U05:541687:542558 [3] NCCL INFO Channel 03/0 : 11[3] -> 3[3] [receive] via NET/Socket/0
MOC-R4PCC04U05:541687:541819 [3] NCCL INFO New proxy send connection 16 from local rank 3, transport 2
MOC-R4PCC04U05:541687:542558 [3] NCCL INFO Connected to proxy localRank 3 -> connection 0x7fec640056b0
MOC-R4PCC04U05:541687:542558 [3] NCCL INFO Channel 02/0 : 3[3] -> 7[3] [send] via NET/Socket/0
MOC-R4PCC04U05:541687:541819 [3] NCCL INFO New proxy send connection 17 from local rank 3, transport 2
MOC-R4PCC04U05:541687:542558 [3] NCCL INFO Connected to proxy localRank 3 -> connection 0x7fec64005728
MOC-R4PCC04U05:541687:542558 [3] NCCL INFO Channel 03/0 : 3[3] -> 7[3] [send] via NET/Socket/0
MOC-R4PCC04U05:541686:541820 [2] NCCL INFO New proxy recv connection 10 from local rank 2, transport 0
MOC-R4PCC04U05:541686:542561 [2] NCCL INFO Connected to proxy localRank 2 -> connection 0x7f6c440053e0
MOC-R4PCC04U05:541686:541820 [2] NCCL INFO New proxy recv connection 11 from local rank 2, transport 0
MOC-R4PCC04U05:541686:542561 [2] NCCL INFO Connected to proxy localRank 2 -> connection 0x7f6c44005458
MOC-R4PCC04U05:541686:541820 [2] NCCL INFO New proxy recv connection 12 from local rank 2, transport 0
MOC-R4PCC04U05:541686:542561 [2] NCCL INFO Connected to proxy localRank 2 -> connection 0x7f6c440054d0
MOC-R4PCC04U05:541686:541820 [2] NCCL INFO New proxy recv connection 13 from local rank 2, transport 0
MOC-R4PCC04U05:541686:542561 [2] NCCL INFO Connected to proxy localRank 2 -> connection 0x7f6c44005548
MOC-R4PCC04U05:541686:541820 [2] NCCL INFO New proxy send connection 14 from local rank 2, transport 0
MOC-R4PCC04U05:541686:542561 [2] NCCL INFO Connected to proxy localRank 2 -> connection 0x7f6c440055c0
MOC-R4PCC04U05:541685:541821 [1] NCCL INFO New proxy recv connection 19 from local rank 1, transport 0
MOC-R4PCC04U05:541685:542560 [1] NCCL INFO Connected to proxy localRank 1 -> connection 0x7f39e0005818
MOC-R4PCC04U05:541686:541820 [2] NCCL INFO New proxy send connection 15 from local rank 2, transport 0
MOC-R4PCC04U05:541686:542561 [2] NCCL INFO Connected to proxy localRank 2 -> connection 0x7f6c44005638
MOC-R4PCC04U05:541685:541821 [1] NCCL INFO New proxy recv connection 20 from local rank 1, transport 0
MOC-R4PCC04U05:541685:542560 [1] NCCL INFO Connected to proxy localRank 1 -> connection 0x7f39e0005890
MOC-R4PCC04U05:541687:541819 [3] NCCL INFO New proxy recv connection 18 from local rank 3, transport 2
MOC-R4PCC04U05:541687:542558 [3] NCCL INFO Connected to proxy localRank 3 -> connection 0x7fec640057a0
MOC-R4PCC04U05:541687:542558 [3] NCCL INFO Channel 02/0 : 7[3] -> 3[3] [receive] via NET/Socket/0
MOC-R4PCC04U05:541687:541819 [3] NCCL INFO New proxy recv connection 19 from local rank 3, transport 2
MOC-R4PCC04U05:541687:542558 [3] NCCL INFO Connected to proxy localRank 3 -> connection 0x7fec64005818
MOC-R4PCC04U05:541687:542558 [3] NCCL INFO Channel 03/0 : 7[3] -> 3[3] [receive] via NET/Socket/0
MOC-R4PCC04U05:541687:541819 [3] NCCL INFO New proxy send connection 20 from local rank 3, transport 2
MOC-R4PCC04U05:541687:542558 [3] NCCL INFO Connected to proxy localRank 3 -> connection 0x7fec64005890
MOC-R4PCC04U05:541687:542558 [3] NCCL INFO Channel 00/0 : 3[3] -> 11[3] [send] via NET/Socket/0
MOC-R4PCC04U05:541687:541819 [3] NCCL INFO New proxy send connection 21 from local rank 3, transport 2
MOC-R4PCC04U05:541687:542558 [3] NCCL INFO Connected to proxy localRank 3 -> connection 0x7fec64005908
MOC-R4PCC04U05:541687:542558 [3] NCCL INFO Channel 01/0 : 3[3] -> 11[3] [send] via NET/Socket/0
MOC-R4PCC04U05:541687:541819 [3] NCCL INFO New proxy send connection 22 from local rank 3, transport 2
MOC-R4PCC04U05:541687:542558 [3] NCCL INFO Connected to proxy localRank 3 -> connection 0x7fec64005980
MOC-R4PCC04U05:541687:542558 [3] NCCL INFO Channel 02/0 : 3[3] -> 11[3] [send] via NET/Socket/0
MOC-R4PCC04U05:541687:541819 [3] NCCL INFO New proxy send connection 23 from local rank 3, transport 2
MOC-R4PCC04U05:541687:542558 [3] NCCL INFO Connected to proxy localRank 3 -> connection 0x7fec640059f8
MOC-R4PCC04U05:541687:542558 [3] NCCL INFO Channel 03/0 : 3[3] -> 11[3] [send] via NET/Socket/0
MOC-R4PCC04U05:541687:541819 [3] NCCL INFO New proxy send connection 24 from local rank 3, transport 0
MOC-R4PCC04U05:541687:542558 [3] NCCL INFO Connected to proxy localRank 3 -> connection 0x7fec64005a70
MOC-R4PCC04U05:541687:541819 [3] NCCL INFO New proxy send connection 25 from local rank 3, transport 0
MOC-R4PCC04U05:541687:542558 [3] NCCL INFO Connected to proxy localRank 3 -> connection 0x7fec64005ae8
MOC-R4PCC04U05:541687:541819 [3] NCCL INFO New proxy send connection 26 from local rank 3, transport 0
MOC-R4PCC04U05:541687:542558 [3] NCCL INFO Connected to proxy localRank 3 -> connection 0x7fec64005b60
MOC-R4PCC04U05:541687:541819 [3] NCCL INFO New proxy send connection 27 from local rank 3, transport 0
MOC-R4PCC04U05:541687:542558 [3] NCCL INFO Connected to proxy localRank 3 -> connection 0x7fec64005bd8
step    1/10 | train loss 11.010590 | norm 15.4878 | lr 1.00e-04 | (13901.20 ms | 56573 tok/s)
step    2/10 | train loss 10.133060 | norm 5.7716 | lr 1.00e-04 | (243.93 ms | 3223946 tok/s)
step    3/10 | train loss 9.789966 | norm 2.6230 | lr 1.00e-04 | (240.06 ms | 3275924 tok/s)
step    4/10 | train loss 9.619508 | norm 2.1196 | lr 1.00e-04 | (239.42 ms | 3284710 tok/s)
step    5/10 | train loss 9.536164 | norm 2.1144 | lr 1.00e-04 | (234.90 ms | 3347971 tok/s)
step    6/10 | train loss 9.454329 | norm 2.0046 | lr 1.00e-04 | (236.13 ms | 3330541 tok/s)
step    7/10 | train loss 9.368587 | norm 1.9543 | lr 1.00e-04 | (238.45 ms | 3298070 tok/s)
step    8/10 | train loss 9.277061 | norm 1.9203 | lr 1.00e-04 | (236.91 ms | 3319551 tok/s)
step    9/10 | train loss 9.182115 | norm 1.8690 | lr 1.00e-04 | (236.79 ms | 3321192 tok/s)
step   10/10 | train loss 9.094345 | norm 1.7912 | lr 1.00e-04 | (235.98 ms | 3332668 tok/s)
final 9 iters avg: 238.064ms
peak memory consumption: 16601 MiB
