Running pytorch 2.7.0+cu126
using device: cuda:0
total desired batch size: 1835008
=> calculated gradient accumulation steps: 7
using device: cuda:2
using device: cuda:1
using device: cuda:3
compiling the model...
DataLoader: total number of tokens: 1,661,249,667 across 103 files
MOC-R4PCC04U05:456955:456955 [0] NCCL INFO NCCL_SOCKET_IFNAME set to eno7np0
MOC-R4PCC04U05:456955:456955 [0] NCCL INFO NCCL version 2.26.2+cuda12.2
MOC-R4PCC04U05:456955:456996 [0] NCCL INFO NET/Plugin: Could not find: libnccl-net.so. Using internal net plugin.
MOC-R4PCC04U05:456955:456996 [0] NCCL INFO NCCL_IB_HCA set to mlx5_5
MOC-R4PCC04U05:456955:456996 [0] NCCL INFO NET/IB : Made virtual device [0] name=mlx5_5 speed=400000 ndevs=1
MOC-R4PCC04U05:456955:456996 [0] NCCL INFO NET/IB : Using [0]mlx5_5:1/RoCE [RO]; OOB eno7np0:192.168.50.193<0>
MOC-R4PCC04U05:456956:456956 [1] NCCL INFO NCCL_SOCKET_IFNAME set to eno7np0
MOC-R4PCC04U05:456956:456956 [1] NCCL INFO NCCL version 2.26.2+cuda12.2
MOC-R4PCC04U05:456957:456957 [2] NCCL INFO NCCL_SOCKET_IFNAME set to eno7np0
MOC-R4PCC04U05:456957:456957 [2] NCCL INFO NCCL version 2.26.2+cuda12.2
MOC-R4PCC04U05:456958:456958 [3] NCCL INFO NCCL_SOCKET_IFNAME set to eno7np0
MOC-R4PCC04U05:456958:456958 [3] NCCL INFO NCCL version 2.26.2+cuda12.2
MOC-R4PCC04U05:456957:456999 [2] NCCL INFO NET/Plugin: Could not find: libnccl-net.so. Using internal net plugin.
MOC-R4PCC04U05:456956:456998 [1] NCCL INFO NET/Plugin: Could not find: libnccl-net.so. Using internal net plugin.
MOC-R4PCC04U05:456957:456999 [2] NCCL INFO NCCL_IB_HCA set to mlx5_5
MOC-R4PCC04U05:456956:456998 [1] NCCL INFO NCCL_IB_HCA set to mlx5_5
MOC-R4PCC04U05:456958:457000 [3] NCCL INFO NET/Plugin: Could not find: libnccl-net.so. Using internal net plugin.
MOC-R4PCC04U05:456958:457000 [3] NCCL INFO NCCL_IB_HCA set to mlx5_5
MOC-R4PCC04U05:456957:456999 [2] NCCL INFO NET/IB : Made virtual device [0] name=mlx5_5 speed=400000 ndevs=1
MOC-R4PCC04U05:456957:456999 [2] NCCL INFO NET/IB : Using [0]mlx5_5:1/RoCE [RO]; OOB eno7np0:192.168.50.193<0>
MOC-R4PCC04U05:456956:456998 [1] NCCL INFO NET/IB : Made virtual device [0] name=mlx5_5 speed=400000 ndevs=1
MOC-R4PCC04U05:456956:456998 [1] NCCL INFO NET/IB : Using [0]mlx5_5:1/RoCE [RO]; OOB eno7np0:192.168.50.193<0>
MOC-R4PCC04U05:456958:457000 [3] NCCL INFO NET/IB : Made virtual device [0] name=mlx5_5 speed=400000 ndevs=1
MOC-R4PCC04U05:456958:457000 [3] NCCL INFO NET/IB : Using [0]mlx5_5:1/RoCE [RO]; OOB eno7np0:192.168.50.193<0>
MOC-R4PCC04U05:456955:456996 [0] NCCL INFO NET/IB : GPU Direct RDMA Enabled for HCA 0 'mlx5_5'
MOC-R4PCC04U05:456955:456996 [0] NCCL INFO NET/IB : Made virtual device [1] name=mlx5_5 speed=400000 ndevs=1
MOC-R4PCC04U05:456955:456996 [0] NCCL INFO NET/IB : GPU Direct RDMA Enabled for HCA 0 'mlx5_5'
MOC-R4PCC04U05:456955:456996 [0] NCCL INFO NET/IB : GPU Direct RDMA Enabled for HCA 1 'mlx5_5'
MOC-R4PCC04U05:456958:457000 [3] NCCL INFO NET/IB : GPU Direct RDMA Enabled for HCA 0 'mlx5_5'
MOC-R4PCC04U05:456958:457000 [3] NCCL INFO NET/IB : Made virtual device [1] name=mlx5_5 speed=400000 ndevs=1
MOC-R4PCC04U05:456958:457000 [3] NCCL INFO NET/IB : GPU Direct RDMA Enabled for HCA 0 'mlx5_5'
MOC-R4PCC04U05:456958:457000 [3] NCCL INFO NET/IB : GPU Direct RDMA Enabled for HCA 1 'mlx5_5'
MOC-R4PCC04U05:456957:456999 [2] NCCL INFO NET/IB : GPU Direct RDMA Enabled for HCA 0 'mlx5_5'
MOC-R4PCC04U05:456957:456999 [2] NCCL INFO NET/IB : Made virtual device [1] name=mlx5_5 speed=400000 ndevs=1
MOC-R4PCC04U05:456957:456999 [2] NCCL INFO NET/IB : GPU Direct RDMA Enabled for HCA 0 'mlx5_5'
MOC-R4PCC04U05:456957:456999 [2] NCCL INFO NET/IB : GPU Direct RDMA Enabled for HCA 1 'mlx5_5'
MOC-R4PCC04U05:456956:456998 [1] NCCL INFO NET/IB : GPU Direct RDMA Enabled for HCA 0 'mlx5_5'
MOC-R4PCC04U05:456956:456998 [1] NCCL INFO NET/IB : Made virtual device [1] name=mlx5_5 speed=400000 ndevs=1
MOC-R4PCC04U05:456956:456998 [1] NCCL INFO NET/IB : GPU Direct RDMA Enabled for HCA 0 'mlx5_5'
MOC-R4PCC04U05:456956:456998 [1] NCCL INFO NET/IB : GPU Direct RDMA Enabled for HCA 1 'mlx5_5'
MOC-R4PCC04U05:456956:456998 [1] NCCL INFO NCCL_NET_GDR_LEVEL set by environment to LOC
MOC-R4PCC04U05:456956:456998 [1] NCCL INFO GPU Direct RDMA Disabled for GPU 0 / HCA 1 (distance 5 > 0)
MOC-R4PCC04U05:456956:456998 [1] NCCL INFO GPU Direct RDMA Disabled for GPU 1 / HCA 1 (distance 5 > 0)
MOC-R4PCC04U05:456956:456998 [1] NCCL INFO GPU Direct RDMA Disabled for GPU 2 / HCA 1 (distance 5 > 0)
MOC-R4PCC04U05:456956:456998 [1] NCCL INFO GPU Direct RDMA Disabled for GPU 0 / HCA 1 (distance 5 > 0)
MOC-R4PCC04U05:456956:456998 [1] NCCL INFO GPU Direct RDMA Disabled for GPU 1 / HCA 1 (distance 5 > 0)
MOC-R4PCC04U05:456956:456998 [1] NCCL INFO GPU Direct RDMA Disabled for GPU 2 / HCA 1 (distance 5 > 0)
MOC-R4PCC04U05:456955:456996 [0] NCCL INFO NCCL_NET_GDR_LEVEL set by environment to LOC
MOC-R4PCC04U05:456955:456996 [0] NCCL INFO GPU Direct RDMA Disabled for GPU 0 / HCA 1 (distance 5 > 0)
MOC-R4PCC04U05:456955:456996 [0] NCCL INFO GPU Direct RDMA Disabled for GPU 1 / HCA 1 (distance 5 > 0)
MOC-R4PCC04U05:456955:456996 [0] NCCL INFO GPU Direct RDMA Disabled for GPU 2 / HCA 1 (distance 5 > 0)
MOC-R4PCC04U05:456955:456996 [0] NCCL INFO GPU Direct RDMA Disabled for GPU 0 / HCA 1 (distance 5 > 0)
MOC-R4PCC04U05:456955:456996 [0] NCCL INFO GPU Direct RDMA Disabled for GPU 1 / HCA 1 (distance 5 > 0)
MOC-R4PCC04U05:456955:456996 [0] NCCL INFO GPU Direct RDMA Disabled for GPU 2 / HCA 1 (distance 5 > 0)
MOC-R4PCC04U05:456958:457000 [3] NCCL INFO NCCL_NET_GDR_LEVEL set by environment to LOC
MOC-R4PCC04U05:456958:457000 [3] NCCL INFO GPU Direct RDMA Disabled for GPU 0 / HCA 1 (distance 5 > 0)
MOC-R4PCC04U05:456958:457000 [3] NCCL INFO GPU Direct RDMA Disabled for GPU 1 / HCA 1 (distance 5 > 0)
MOC-R4PCC04U05:456958:457000 [3] NCCL INFO GPU Direct RDMA Disabled for GPU 2 / HCA 1 (distance 5 > 0)
MOC-R4PCC04U05:456958:457000 [3] NCCL INFO GPU Direct RDMA Disabled for GPU 0 / HCA 1 (distance 5 > 0)
MOC-R4PCC04U05:456958:457000 [3] NCCL INFO GPU Direct RDMA Disabled for GPU 1 / HCA 1 (distance 5 > 0)
MOC-R4PCC04U05:456958:457000 [3] NCCL INFO GPU Direct RDMA Disabled for GPU 2 / HCA 1 (distance 5 > 0)
MOC-R4PCC04U05:456957:456999 [2] NCCL INFO NCCL_NET_GDR_LEVEL set by environment to LOC
MOC-R4PCC04U05:456957:456999 [2] NCCL INFO GPU Direct RDMA Disabled for GPU 0 / HCA 1 (distance 5 > 0)
MOC-R4PCC04U05:456957:456999 [2] NCCL INFO GPU Direct RDMA Disabled for GPU 1 / HCA 1 (distance 5 > 0)
MOC-R4PCC04U05:456957:456999 [2] NCCL INFO GPU Direct RDMA Disabled for GPU 2 / HCA 1 (distance 5 > 0)
MOC-R4PCC04U05:456957:456999 [2] NCCL INFO GPU Direct RDMA Disabled for GPU 0 / HCA 1 (distance 5 > 0)
MOC-R4PCC04U05:456957:456999 [2] NCCL INFO GPU Direct RDMA Disabled for GPU 1 / HCA 1 (distance 5 > 0)
MOC-R4PCC04U05:456957:456999 [2] NCCL INFO GPU Direct RDMA Disabled for GPU 2 / HCA 1 (distance 5 > 0)
MOC-R4PCC04U05:456957:457012 [2] NCCL INFO New proxy recv connection 0 from local rank 2, transport 0
MOC-R4PCC04U05:456957:457020 [2] NCCL INFO Connected to proxy localRank 2 -> connection 0x7f71dc004f30
MOC-R4PCC04U05:456957:457012 [2] NCCL INFO New proxy recv connection 1 from local rank 2, transport 0
MOC-R4PCC04U05:456957:457020 [2] NCCL INFO Connected to proxy localRank 2 -> connection 0x7f71dc004fa8
MOC-R4PCC04U05:456956:457011 [1] NCCL INFO New proxy recv connection 0 from local rank 1, transport 0
MOC-R4PCC04U05:456956:457021 [1] NCCL INFO Connected to proxy localRank 1 -> connection 0x7f1e68004f30
MOC-R4PCC04U05:456955:457014 [0] NCCL INFO New proxy send connection 0 from local rank 0, transport 0
MOC-R4PCC04U05:456955:457022 [0] NCCL INFO Connected to proxy localRank 0 -> connection 0x7fe42c004f30
MOC-R4PCC04U05:456956:457011 [1] NCCL INFO New proxy recv connection 1 from local rank 1, transport 0
MOC-R4PCC04U05:456955:457014 [0] NCCL INFO New proxy send connection 1 from local rank 0, transport 0
MOC-R4PCC04U05:456956:457021 [1] NCCL INFO Connected to proxy localRank 1 -> connection 0x7f1e68004fa8
MOC-R4PCC04U05:456955:457022 [0] NCCL INFO Connected to proxy localRank 0 -> connection 0x7fe42c004fa8
MOC-R4PCC04U05:456957:457020 [2] NCCL INFO GPU Direct RDMA Disabled for GPU 2 / HCA 1 (distance 7 > 0)
MOC-R4PCC04U05:456955:457014 [0] NCCL INFO New proxy send connection 2 from local rank 0, transport 0
MOC-R4PCC04U05:456955:457022 [0] NCCL INFO Connected to proxy localRank 0 -> connection 0x7fe42c005020
MOC-R4PCC04U05:456955:457014 [0] NCCL INFO New proxy send connection 3 from local rank 0, transport 0
MOC-R4PCC04U05:456955:457022 [0] NCCL INFO Connected to proxy localRank 0 -> connection 0x7fe42c005098
MOC-R4PCC04U05:456958:457013 [3] NCCL INFO New proxy recv connection 0 from local rank 3, transport 0
MOC-R4PCC04U05:456958:457023 [3] NCCL INFO Connected to proxy localRank 3 -> connection 0x7f6b3c004f30
MOC-R4PCC04U05:456958:457013 [3] NCCL INFO New proxy recv connection 1 from local rank 3, transport 0
MOC-R4PCC04U05:456958:457023 [3] NCCL INFO Connected to proxy localRank 3 -> connection 0x7f6b3c004fa8
MOC-R4PCC04U05:456958:457023 [3] NCCL INFO GPU Direct RDMA Disabled for GPU 3 / HCA 1 (distance 7 > 0)
MOC-R4PCC04U05:456957:457012 [2] NCCL INFO New proxy recv connection 2 from local rank 2, transport 2
MOC-R4PCC04U05:456957:457020 [2] NCCL INFO Connected to proxy localRank 2 -> connection 0x7f71dc005020
MOC-R4PCC04U05:456957:457020 [2] NCCL INFO Channel 00/0 : 7[3] -> 2[2] [receive] via NET/IB/1
MOC-R4PCC04U05:456957:457020 [2] NCCL INFO GPU Direct RDMA Disabled for GPU 2 / HCA 1 (distance 7 > 0)
MOC-R4PCC04U05:456957:457012 [2] NCCL INFO New proxy recv connection 3 from local rank 2, transport 2
MOC-R4PCC04U05:456957:457020 [2] NCCL INFO Connected to proxy localRank 2 -> connection 0x7f71dc005098
MOC-R4PCC04U05:456957:457020 [2] NCCL INFO Channel 02/0 : 7[3] -> 2[2] [receive] via NET/IB/1
MOC-R4PCC04U05:456957:457020 [2] NCCL INFO GPU Direct RDMA Disabled for GPU 2 / HCA 1 (distance 7 > 0)
MOC-R4PCC04U05:456957:457012 [2] NCCL INFO New proxy send connection 4 from local rank 2, transport 2
MOC-R4PCC04U05:456957:457020 [2] NCCL INFO Connected to proxy localRank 2 -> connection 0x7f71dc005110
MOC-R4PCC04U05:456957:457020 [2] NCCL INFO Channel 01/0 : 2[2] -> 7[3] [send] via NET/IB/1
MOC-R4PCC04U05:456957:457020 [2] NCCL INFO GPU Direct RDMA Disabled for GPU 2 / HCA 1 (distance 7 > 0)
MOC-R4PCC04U05:456957:457012 [2] NCCL INFO New proxy send connection 5 from local rank 2, transport 2
MOC-R4PCC04U05:456957:457020 [2] NCCL INFO Connected to proxy localRank 2 -> connection 0x7f71dc005188
MOC-R4PCC04U05:456957:457020 [2] NCCL INFO Channel 03/0 : 2[2] -> 7[3] [send] via NET/IB/1
MOC-R4PCC04U05:456957:457012 [2] NCCL INFO New proxy send connection 6 from local rank 2, transport 0
MOC-R4PCC04U05:456957:457020 [2] NCCL INFO Connected to proxy localRank 2 -> connection 0x7f71dc005200
MOC-R4PCC04U05:456958:457013 [3] NCCL INFO New proxy send connection 2 from local rank 3, transport 2
MOC-R4PCC04U05:456958:457023 [3] NCCL INFO Connected to proxy localRank 3 -> connection 0x7f6b3c005020
MOC-R4PCC04U05:456958:457023 [3] NCCL INFO Channel 00/0 : 3[3] -> 6[2] [send] via NET/IB/1
MOC-R4PCC04U05:456958:457023 [3] NCCL INFO GPU Direct RDMA Disabled for GPU 3 / HCA 1 (distance 7 > 0)
MOC-R4PCC04U05:456958:457013 [3] NCCL INFO New proxy send connection 3 from local rank 3, transport 2
MOC-R4PCC04U05:456958:457023 [3] NCCL INFO Connected to proxy localRank 3 -> connection 0x7f6b3c005098
MOC-R4PCC04U05:456958:457023 [3] NCCL INFO Channel 02/0 : 3[3] -> 6[2] [send] via NET/IB/1
MOC-R4PCC04U05:456955:457014 [0] NCCL INFO New proxy recv connection 4 from local rank 0, transport 0
MOC-R4PCC04U05:456955:457022 [0] NCCL INFO Connected to proxy localRank 0 -> connection 0x7fe42c005110
MOC-R4PCC04U05:456958:457023 [3] NCCL INFO GPU Direct RDMA Disabled for GPU 3 / HCA 1 (distance 7 > 0)
MOC-R4PCC04U05:456958:457013 [3] NCCL INFO New proxy recv connection 4 from local rank 3, transport 2
MOC-R4PCC04U05:456958:457023 [3] NCCL INFO Connected to proxy localRank 3 -> connection 0x7f6b3c005110
MOC-R4PCC04U05:456958:457023 [3] NCCL INFO Channel 01/0 : 6[2] -> 3[3] [receive] via NET/IB/1
MOC-R4PCC04U05:456958:457023 [3] NCCL INFO GPU Direct RDMA Disabled for GPU 3 / HCA 1 (distance 7 > 0)
MOC-R4PCC04U05:456958:457013 [3] NCCL INFO New proxy recv connection 5 from local rank 3, transport 2
MOC-R4PCC04U05:456958:457023 [3] NCCL INFO Connected to proxy localRank 3 -> connection 0x7f6b3c005188
MOC-R4PCC04U05:456958:457023 [3] NCCL INFO Channel 03/0 : 6[2] -> 3[3] [receive] via NET/IB/1
MOC-R4PCC04U05:456958:457013 [3] NCCL INFO New proxy send connection 6 from local rank 3, transport 0
MOC-R4PCC04U05:456958:457023 [3] NCCL INFO Connected to proxy localRank 3 -> connection 0x7f6b3c005200
MOC-R4PCC04U05:456957:457012 [2] NCCL INFO New proxy send connection 7 from local rank 2, transport 0
MOC-R4PCC04U05:456957:457020 [2] NCCL INFO Connected to proxy localRank 2 -> connection 0x7f71dc005278
MOC-R4PCC04U05:456958:457013 [3] NCCL INFO New proxy send connection 7 from local rank 3, transport 0
MOC-R4PCC04U05:456955:457014 [0] NCCL INFO New proxy recv connection 5 from local rank 0, transport 0
MOC-R4PCC04U05:456958:457023 [3] NCCL INFO Connected to proxy localRank 3 -> connection 0x7f6b3c005278
MOC-R4PCC04U05:456955:457022 [0] NCCL INFO Connected to proxy localRank 0 -> connection 0x7fe42c005188
MOC-R4PCC04U05:456955:457014 [0] NCCL INFO New proxy recv connection 6 from local rank 0, transport 0
MOC-R4PCC04U05:456955:457022 [0] NCCL INFO Connected to proxy localRank 0 -> connection 0x7fe42c005200
MOC-R4PCC04U05:456956:457011 [1] NCCL INFO New proxy recv connection 2 from local rank 1, transport 0
MOC-R4PCC04U05:456956:457021 [1] NCCL INFO Connected to proxy localRank 1 -> connection 0x7f1e68005020
MOC-R4PCC04U05:456956:457011 [1] NCCL INFO New proxy recv connection 3 from local rank 1, transport 0
MOC-R4PCC04U05:456956:457021 [1] NCCL INFO Connected to proxy localRank 1 -> connection 0x7f1e68005098
MOC-R4PCC04U05:456956:457011 [1] NCCL INFO New proxy send connection 4 from local rank 1, transport 0
MOC-R4PCC04U05:456955:457014 [0] NCCL INFO New proxy recv connection 7 from local rank 0, transport 0
MOC-R4PCC04U05:456956:457021 [1] NCCL INFO Connected to proxy localRank 1 -> connection 0x7f1e68005110
MOC-R4PCC04U05:456955:457022 [0] NCCL INFO Connected to proxy localRank 0 -> connection 0x7fe42c005278
MOC-R4PCC04U05:456955:457014 [0] NCCL INFO New proxy send connection 8 from local rank 3, transport 0
MOC-R4PCC04U05:456958:457023 [3] NCCL INFO Connected to proxy localRank 0 -> connection 0x7fe42c0052f0
MOC-R4PCC04U05:456956:457011 [1] NCCL INFO New proxy send connection 5 from local rank 1, transport 0
MOC-R4PCC04U05:456956:457021 [1] NCCL INFO Connected to proxy localRank 1 -> connection 0x7f1e68005188
MOC-R4PCC04U05:456956:457011 [1] NCCL INFO New proxy send connection 6 from local rank 1, transport 0
MOC-R4PCC04U05:456956:457021 [1] NCCL INFO Connected to proxy localRank 1 -> connection 0x7f1e68005200
MOC-R4PCC04U05:456956:457011 [1] NCCL INFO New proxy send connection 7 from local rank 1, transport 0
MOC-R4PCC04U05:456956:457021 [1] NCCL INFO Connected to proxy localRank 1 -> connection 0x7f1e68005278
MOC-R4PCC04U05:456955:457014 [0] NCCL INFO New proxy send connection 9 from local rank 2, transport 0
MOC-R4PCC04U05:456957:457012 [2] NCCL INFO New proxy send connection 8 from local rank 0, transport 0
MOC-R4PCC04U05:456957:457020 [2] NCCL INFO Connected to proxy localRank 0 -> connection 0x7fe42c005368
MOC-R4PCC04U05:456958:457013 [3] NCCL INFO New proxy send connection 8 from local rank 1, transport 0
MOC-R4PCC04U05:456955:457022 [0] NCCL INFO Connected to proxy localRank 2 -> connection 0x7f71dc0052f0
MOC-R4PCC04U05:456956:457021 [1] NCCL INFO Connected to proxy localRank 3 -> connection 0x7f6b3c0052f0
MOC-R4PCC04U05:456956:457011 [1] NCCL INFO New proxy send connection 8 from local rank 3, transport 0
MOC-R4PCC04U05:456958:457023 [3] NCCL INFO Connected to proxy localRank 1 -> connection 0x7f1e680052f0
MOC-R4PCC04U05:456956:457011 [1] NCCL INFO New proxy send connection 9 from local rank 2, transport 0
MOC-R4PCC04U05:456957:457020 [2] NCCL INFO Connected to proxy localRank 1 -> connection 0x7f1e68005368
MOC-R4PCC04U05:456958:457013 [3] NCCL INFO New proxy send connection 9 from local rank 0, transport 0
MOC-R4PCC04U05:456955:457022 [0] NCCL INFO Connected to proxy localRank 3 -> connection 0x7f6b3c005368
MOC-R4PCC04U05:456955:457014 [0] NCCL INFO New proxy send connection 10 from local rank 1, transport 0
MOC-R4PCC04U05:456956:457021 [1] NCCL INFO Connected to proxy localRank 0 -> connection 0x7fe42c0053e0
MOC-R4PCC04U05:456957:457012 [2] NCCL INFO NET/IB: NCCL Dev 1 IbDev 0 Port 1 qpn 6834 mtu 3 query_ece={supported=1, vendor_id=0x15b3, options=0x30000002, comp_mask=0x0} GID 3 (0/C132A8C0FFFF0000) fifoRkey=0x17a767 fifoLkey=0x17a767
MOC-R4PCC04U05:456957:457012 [2] NCCL INFO NET/IB: NCCL Dev 1 IbDev 0 Port 1 qpn 6835 mtu 3 query_ece={supported=1, vendor_id=0x15b3, options=0x30000002, comp_mask=0x0} GID 3 (0/C132A8C0FFFF0000) fifoRkey=0x1716d5 fifoLkey=0x1716d5
MOC-R4PCC04U05:456957:457012 [2] NCCL INFO NET/IB: IbDev 0 Port 1 qpn 7072 set_ece={supported=1, vendor_id=0x15b3, options=0x0, comp_mask=0x0}
MOC-R4PCC04U05:456957:457012 [2] NCCL INFO NET/IB: IbDev 0 Port 1 qpn 7074 set_ece={supported=1, vendor_id=0x15b3, options=0x0, comp_mask=0x0}
MOC-R4PCC04U05:456957:457012 [2] NCCL INFO New proxy send connection 9 from local rank 1, transport 0
MOC-R4PCC04U05:456956:457021 [1] NCCL INFO Connected to proxy localRank 2 -> connection 0x7f71dc005368
MOC-R4PCC04U05:456956:457011 [1] NCCL INFO New proxy send connection 10 from local rank 0, transport 0
MOC-R4PCC04U05:456955:457022 [0] NCCL INFO Connected to proxy localRank 1 -> connection 0x7f1e680053e0
MOC-R4PCC04U05:456958:457013 [3] NCCL INFO NET/IB: NCCL Dev 1 IbDev 0 Port 1 qpn 6836 mtu 3 query_ece={supported=1, vendor_id=0x15b3, options=0x30000002, comp_mask=0x0} GID 3 (0/C132A8C0FFFF0000) fifoRkey=0x17601f fifoLkey=0x17601f
MOC-R4PCC04U05:456958:457013 [3] NCCL INFO NET/IB: NCCL Dev 1 IbDev 0 Port 1 qpn 6837 mtu 3 query_ece={supported=1, vendor_id=0x15b3, options=0x30000002, comp_mask=0x0} GID 3 (0/C132A8C0FFFF0000) fifoRkey=0x170bca fifoLkey=0x170bca
MOC-R4PCC04U05:456958:457013 [3] NCCL INFO NET/IB: IbDev 0 Port 1 qpn 7076 set_ece={supported=1, vendor_id=0x15b3, options=0x0, comp_mask=0x0}
MOC-R4PCC04U05:456958:457013 [3] NCCL INFO NET/IB: IbDev 0 Port 1 qpn 7078 set_ece={supported=1, vendor_id=0x15b3, options=0x0, comp_mask=0x0}
num decayed parameter tensors: 50, with 124,318,464 parameters
num non-decayed parameter tensors: 98, with 121,344 parameters
using fused AdamW: False
using regular AdamW
MOC-R4PCC04U05:456957:457012 [2] NCCL INFO New proxy recv connection 10 from local rank 2, transport 0
MOC-R4PCC04U05:456957:457714 [2] NCCL INFO Connected to proxy localRank 2 -> connection 0x7f71dc0053e0
MOC-R4PCC04U05:456957:457012 [2] NCCL INFO New proxy recv connection 11 from local rank 2, transport 0
MOC-R4PCC04U05:456957:457714 [2] NCCL INFO Connected to proxy localRank 2 -> connection 0x7f71dc005458
MOC-R4PCC04U05:456957:457012 [2] NCCL INFO New proxy recv connection 12 from local rank 2, transport 0
MOC-R4PCC04U05:456957:457714 [2] NCCL INFO Connected to proxy localRank 2 -> connection 0x7f71dc0054d0
MOC-R4PCC04U05:456957:457012 [2] NCCL INFO New proxy recv connection 13 from local rank 2, transport 0
MOC-R4PCC04U05:456957:457714 [2] NCCL INFO Connected to proxy localRank 2 -> connection 0x7f71dc005548
MOC-R4PCC04U05:456955:457014 [0] NCCL INFO New proxy send connection 11 from local rank 0, transport 0
MOC-R4PCC04U05:456955:457715 [0] NCCL INFO Connected to proxy localRank 0 -> connection 0x7fe42c005458
MOC-R4PCC04U05:456955:457014 [0] NCCL INFO New proxy send connection 12 from local rank 0, transport 0
MOC-R4PCC04U05:456955:457715 [0] NCCL INFO Connected to proxy localRank 0 -> connection 0x7fe42c0054d0
MOC-R4PCC04U05:456955:457014 [0] NCCL INFO New proxy send connection 13 from local rank 0, transport 0
MOC-R4PCC04U05:456955:457715 [0] NCCL INFO Connected to proxy localRank 0 -> connection 0x7fe42c005548
MOC-R4PCC04U05:456955:457014 [0] NCCL INFO New proxy send connection 14 from local rank 0, transport 0
MOC-R4PCC04U05:456955:457715 [0] NCCL INFO Connected to proxy localRank 0 -> connection 0x7fe42c0055c0
MOC-R4PCC04U05:456956:457011 [1] NCCL INFO New proxy recv connection 11 from local rank 1, transport 0
MOC-R4PCC04U05:456956:457716 [1] NCCL INFO Connected to proxy localRank 1 -> connection 0x7f1e68005458
MOC-R4PCC04U05:456956:457011 [1] NCCL INFO New proxy recv connection 12 from local rank 1, transport 0
MOC-R4PCC04U05:456956:457716 [1] NCCL INFO Connected to proxy localRank 1 -> connection 0x7f1e680054d0
MOC-R4PCC04U05:456956:457011 [1] NCCL INFO New proxy recv connection 13 from local rank 1, transport 0
MOC-R4PCC04U05:456956:457716 [1] NCCL INFO Connected to proxy localRank 1 -> connection 0x7f1e68005548
MOC-R4PCC04U05:456956:457011 [1] NCCL INFO New proxy recv connection 14 from local rank 1, transport 0
MOC-R4PCC04U05:456956:457716 [1] NCCL INFO Connected to proxy localRank 1 -> connection 0x7f1e680055c0
MOC-R4PCC04U05:456956:457011 [1] NCCL INFO New proxy send connection 15 from local rank 1, transport 0
MOC-R4PCC04U05:456956:457716 [1] NCCL INFO Connected to proxy localRank 1 -> connection 0x7f1e68005638
MOC-R4PCC04U05:456956:457011 [1] NCCL INFO New proxy send connection 16 from local rank 1, transport 0
MOC-R4PCC04U05:456956:457716 [1] NCCL INFO Connected to proxy localRank 1 -> connection 0x7f1e680056b0
MOC-R4PCC04U05:456956:457011 [1] NCCL INFO New proxy send connection 17 from local rank 1, transport 0
MOC-R4PCC04U05:456956:457716 [1] NCCL INFO Connected to proxy localRank 1 -> connection 0x7f1e68005728
MOC-R4PCC04U05:456956:457011 [1] NCCL INFO New proxy send connection 18 from local rank 1, transport 0
MOC-R4PCC04U05:456956:457716 [1] NCCL INFO Connected to proxy localRank 1 -> connection 0x7f1e680057a0
MOC-R4PCC04U05:456955:457014 [0] NCCL INFO New proxy send connection 15 from local rank 0, transport 0
MOC-R4PCC04U05:456956:457011 [1] NCCL INFO New proxy recv connection 19 from local rank 1, transport 0
MOC-R4PCC04U05:456955:457715 [0] NCCL INFO Connected to proxy localRank 0 -> connection 0x7fe42c005638
MOC-R4PCC04U05:456956:457716 [1] NCCL INFO Connected to proxy localRank 1 -> connection 0x7f1e68005818
MOC-R4PCC04U05:456957:457012 [2] NCCL INFO New proxy send connection 14 from local rank 2, transport 0
MOC-R4PCC04U05:456957:457714 [2] NCCL INFO Connected to proxy localRank 2 -> connection 0x7f71dc0055c0
MOC-R4PCC04U05:456956:457011 [1] NCCL INFO New proxy recv connection 20 from local rank 1, transport 0
MOC-R4PCC04U05:456956:457716 [1] NCCL INFO Connected to proxy localRank 1 -> connection 0x7f1e68005890
MOC-R4PCC04U05:456955:457014 [0] NCCL INFO New proxy send connection 16 from local rank 0, transport 0
MOC-R4PCC04U05:456955:457715 [0] NCCL INFO Connected to proxy localRank 0 -> connection 0x7fe42c0056b0
MOC-R4PCC04U05:456957:457012 [2] NCCL INFO New proxy send connection 15 from local rank 2, transport 0
MOC-R4PCC04U05:456957:457714 [2] NCCL INFO Connected to proxy localRank 2 -> connection 0x7f71dc005638
MOC-R4PCC04U05:456958:457013 [3] NCCL INFO New proxy recv connection 10 from local rank 3, transport 0
MOC-R4PCC04U05:456958:457717 [3] NCCL INFO Connected to proxy localRank 3 -> connection 0x7f6b3c0053e0
MOC-R4PCC04U05:456958:457013 [3] NCCL INFO New proxy recv connection 11 from local rank 3, transport 0
MOC-R4PCC04U05:456958:457717 [3] NCCL INFO Connected to proxy localRank 3 -> connection 0x7f6b3c005458
MOC-R4PCC04U05:456958:457717 [3] NCCL INFO GPU Direct RDMA Disabled for GPU 3 / HCA 1 (distance 7 > 0)
MOC-R4PCC04U05:456958:457013 [3] NCCL INFO New proxy recv connection 12 from local rank 3, transport 2
MOC-R4PCC04U05:456955:457014 [0] NCCL INFO New proxy recv connection 17 from local rank 0, transport 0
MOC-R4PCC04U05:456958:457717 [3] NCCL INFO Connected to proxy localRank 3 -> connection 0x7f6b3c0054d0
MOC-R4PCC04U05:456955:457715 [0] NCCL INFO Connected to proxy localRank 0 -> connection 0x7fe42c005728
MOC-R4PCC04U05:456958:457717 [3] NCCL INFO Channel 00/0 : 7[3] -> 3[3] [receive] via NET/IB/1
MOC-R4PCC04U05:456958:457717 [3] NCCL INFO GPU Direct RDMA Disabled for GPU 3 / HCA 1 (distance 7 > 0)
MOC-R4PCC04U05:456958:457013 [3] NCCL INFO New proxy recv connection 13 from local rank 3, transport 2
MOC-R4PCC04U05:456958:457717 [3] NCCL INFO Connected to proxy localRank 3 -> connection 0x7f6b3c005548
MOC-R4PCC04U05:456958:457717 [3] NCCL INFO Channel 01/0 : 7[3] -> 3[3] [receive] via NET/IB/1
MOC-R4PCC04U05:456958:457717 [3] NCCL INFO GPU Direct RDMA Disabled for GPU 3 / HCA 1 (distance 7 > 0)
MOC-R4PCC04U05:456958:457013 [3] NCCL INFO New proxy recv connection 14 from local rank 3, transport 2
MOC-R4PCC04U05:456958:457717 [3] NCCL INFO Connected to proxy localRank 3 -> connection 0x7f6b3c0055c0
MOC-R4PCC04U05:456958:457717 [3] NCCL INFO Channel 02/0 : 7[3] -> 3[3] [receive] via NET/IB/1
MOC-R4PCC04U05:456958:457717 [3] NCCL INFO GPU Direct RDMA Disabled for GPU 3 / HCA 1 (distance 7 > 0)
MOC-R4PCC04U05:456958:457013 [3] NCCL INFO New proxy recv connection 15 from local rank 3, transport 2
MOC-R4PCC04U05:456958:457717 [3] NCCL INFO Connected to proxy localRank 3 -> connection 0x7f6b3c005638
MOC-R4PCC04U05:456955:457014 [0] NCCL INFO New proxy recv connection 18 from local rank 0, transport 0
MOC-R4PCC04U05:456958:457717 [3] NCCL INFO Channel 03/0 : 7[3] -> 3[3] [receive] via NET/IB/1
MOC-R4PCC04U05:456958:457717 [3] NCCL INFO GPU Direct RDMA Disabled for GPU 3 / HCA 1 (distance 7 > 0)
MOC-R4PCC04U05:456955:457715 [0] NCCL INFO Connected to proxy localRank 0 -> connection 0x7fe42c0057a0
MOC-R4PCC04U05:456958:457013 [3] NCCL INFO New proxy send connection 16 from local rank 3, transport 2
MOC-R4PCC04U05:456958:457717 [3] NCCL INFO Connected to proxy localRank 3 -> connection 0x7f6b3c0056b0
MOC-R4PCC04U05:456958:457717 [3] NCCL INFO Channel 00/0 : 3[3] -> 7[3] [send] via NET/IB/1
MOC-R4PCC04U05:456958:457717 [3] NCCL INFO GPU Direct RDMA Disabled for GPU 3 / HCA 1 (distance 7 > 0)
MOC-R4PCC04U05:456958:457013 [3] NCCL INFO New proxy send connection 17 from local rank 3, transport 2
MOC-R4PCC04U05:456958:457717 [3] NCCL INFO Connected to proxy localRank 3 -> connection 0x7f6b3c005728
MOC-R4PCC04U05:456958:457717 [3] NCCL INFO Channel 01/0 : 3[3] -> 7[3] [send] via NET/IB/1
MOC-R4PCC04U05:456958:457717 [3] NCCL INFO GPU Direct RDMA Disabled for GPU 3 / HCA 1 (distance 7 > 0)
MOC-R4PCC04U05:456958:457013 [3] NCCL INFO New proxy send connection 18 from local rank 3, transport 2
MOC-R4PCC04U05:456955:457014 [0] NCCL INFO New proxy recv connection 19 from local rank 0, transport 0
MOC-R4PCC04U05:456958:457717 [3] NCCL INFO Connected to proxy localRank 3 -> connection 0x7f6b3c0057a0
MOC-R4PCC04U05:456955:457715 [0] NCCL INFO Connected to proxy localRank 0 -> connection 0x7fe42c005818
MOC-R4PCC04U05:456958:457717 [3] NCCL INFO Channel 02/0 : 3[3] -> 7[3] [send] via NET/IB/1
MOC-R4PCC04U05:456958:457717 [3] NCCL INFO GPU Direct RDMA Disabled for GPU 3 / HCA 1 (distance 7 > 0)
MOC-R4PCC04U05:456958:457013 [3] NCCL INFO New proxy send connection 19 from local rank 3, transport 2
MOC-R4PCC04U05:456958:457717 [3] NCCL INFO Connected to proxy localRank 3 -> connection 0x7f6b3c005818
MOC-R4PCC04U05:456958:457717 [3] NCCL INFO Channel 03/0 : 3[3] -> 7[3] [send] via NET/IB/1
MOC-R4PCC04U05:456955:457014 [0] NCCL INFO New proxy recv connection 20 from local rank 0, transport 0
MOC-R4PCC04U05:456955:457715 [0] NCCL INFO Connected to proxy localRank 0 -> connection 0x7fe42c005890
MOC-R4PCC04U05:456958:457013 [3] NCCL INFO New proxy send connection 20 from local rank 3, transport 0
MOC-R4PCC04U05:456958:457717 [3] NCCL INFO Connected to proxy localRank 3 -> connection 0x7f6b3c005890
MOC-R4PCC04U05:456958:457013 [3] NCCL INFO New proxy send connection 21 from local rank 3, transport 0
MOC-R4PCC04U05:456958:457717 [3] NCCL INFO Connected to proxy localRank 3 -> connection 0x7f6b3c005908
MOC-R4PCC04U05:456958:457013 [3] NCCL INFO New proxy send connection 22 from local rank 3, transport 0
MOC-R4PCC04U05:456958:457717 [3] NCCL INFO Connected to proxy localRank 3 -> connection 0x7f6b3c005980
MOC-R4PCC04U05:456958:457013 [3] NCCL INFO New proxy send connection 23 from local rank 3, transport 0
MOC-R4PCC04U05:456958:457717 [3] NCCL INFO Connected to proxy localRank 3 -> connection 0x7f6b3c0059f8
MOC-R4PCC04U05:456958:457013 [3] NCCL INFO NET/IB: NCCL Dev 1 IbDev 0 Port 1 qpn 6844 mtu 3 query_ece={supported=1, vendor_id=0x15b3, options=0x30000002, comp_mask=0x0} GID 3 (0/C132A8C0FFFF0000) fifoRkey=0x17ecab fifoLkey=0x17ecab
MOC-R4PCC04U05:456958:457013 [3] NCCL INFO NET/IB: NCCL Dev 1 IbDev 0 Port 1 qpn 6847 mtu 3 query_ece={supported=1, vendor_id=0x15b3, options=0x30000002, comp_mask=0x0} GID 3 (0/C132A8C0FFFF0000) fifoRkey=0x178443 fifoLkey=0x178443
MOC-R4PCC04U05:456958:457013 [3] NCCL INFO NET/IB: NCCL Dev 1 IbDev 0 Port 1 qpn 6850 mtu 3 query_ece={supported=1, vendor_id=0x15b3, options=0x30000002, comp_mask=0x0} GID 3 (0/C132A8C0FFFF0000) fifoRkey=0x17cb8a fifoLkey=0x17cb8a
MOC-R4PCC04U05:456958:457013 [3] NCCL INFO NET/IB: NCCL Dev 1 IbDev 0 Port 1 qpn 6853 mtu 3 query_ece={supported=1, vendor_id=0x15b3, options=0x30000002, comp_mask=0x0} GID 3 (0/C132A8C0FFFF0000) fifoRkey=0x179c5b fifoLkey=0x179c5b
MOC-R4PCC04U05:456958:457013 [3] NCCL INFO NET/IB: IbDev 0 Port 1 qpn 7086 set_ece={supported=1, vendor_id=0x15b3, options=0x0, comp_mask=0x0}
MOC-R4PCC04U05:456958:457013 [3] NCCL INFO NET/IB: IbDev 0 Port 1 qpn 7088 set_ece={supported=1, vendor_id=0x15b3, options=0x0, comp_mask=0x0}
MOC-R4PCC04U05:456958:457013 [3] NCCL INFO NET/IB: IbDev 0 Port 1 qpn 7090 set_ece={supported=1, vendor_id=0x15b3, options=0x0, comp_mask=0x0}
MOC-R4PCC04U05:456958:457013 [3] NCCL INFO NET/IB: IbDev 0 Port 1 qpn 7092 set_ece={supported=1, vendor_id=0x15b3, options=0x0, comp_mask=0x0}
step    1/10 | train loss 11.010164 | norm 15.3785 | lr 1.00e-04 | (14140.71 ms | 129768 tok/s)
step    2/10 | train loss 10.136261 | norm 5.7532 | lr 1.00e-04 | (597.58 ms | 3070706 tok/s)
step    3/10 | train loss 9.794410 | norm 2.6140 | lr 1.00e-04 | (591.99 ms | 3099741 tok/s)
step    4/10 | train loss 9.624500 | norm 2.1149 | lr 1.00e-04 | (579.14 ms | 3168511 tok/s)
step    5/10 | train loss 9.541204 | norm 2.1072 | lr 1.00e-04 | (562.20 ms | 3263998 tok/s)
step    6/10 | train loss 9.459826 | norm 2.0014 | lr 1.00e-04 | (555.70 ms | 3302151 tok/s)
step    7/10 | train loss 9.374054 | norm 1.9510 | lr 1.00e-04 | (561.81 ms | 3266272 tok/s)
step    8/10 | train loss 9.281912 | norm 1.9181 | lr 1.00e-04 | (563.24 ms | 3257957 tok/s)
step    9/10 | train loss 9.186092 | norm 1.8610 | lr 1.00e-04 | (558.44 ms | 3285955 tok/s)
step   10/10 | train loss 9.101145 | norm 1.8022 | lr 1.00e-04 | (986.44 ms | 1860225 tok/s)
final 9 iters avg: 617.393ms
peak memory consumption: 16601 MiB
