Running pytorch 2.7.0+cu126
using device: cuda:0
total desired batch size: 5242880
=> calculated gradient accumulation steps: 10
using device: cuda:3
using device: cuda:2
using device: cuda:1
compiling the model...
DataLoader: total number of tokens: 1,661,249,667 across 103 files
MOC-R4PCC04U05:760823:760823 [0] NCCL INFO NCCL_SOCKET_IFNAME set to eno7np0
MOC-R4PCC04U05:760823:760823 [0] NCCL INFO NCCL version 2.26.2+cuda12.2
MOC-R4PCC04U05:760823:760929 [0] NCCL INFO NET/Plugin: Could not find: libnccl-net.so. Using internal net plugin.
MOC-R4PCC04U05:760823:760929 [0] NCCL INFO NCCL_IB_HCA set to mlx5_5
MOC-R4PCC04U05:760826:760826 [3] NCCL INFO NCCL_SOCKET_IFNAME set to eno7np0
MOC-R4PCC04U05:760826:760826 [3] NCCL INFO NCCL version 2.26.2+cuda12.2
MOC-R4PCC04U05:760823:760929 [0] NCCL INFO NET/IB : Made virtual device [0] name=mlx5_5 speed=400000 ndevs=1
MOC-R4PCC04U05:760823:760929 [0] NCCL INFO NET/IB : Using [0]mlx5_5:1/RoCE [RO]; OOB eno7np0:192.168.50.193<0>
MOC-R4PCC04U05:760825:760825 [2] NCCL INFO NCCL_SOCKET_IFNAME set to eno7np0
MOC-R4PCC04U05:760825:760825 [2] NCCL INFO NCCL version 2.26.2+cuda12.2
MOC-R4PCC04U05:760824:760824 [1] NCCL INFO NCCL_SOCKET_IFNAME set to eno7np0
MOC-R4PCC04U05:760824:760824 [1] NCCL INFO NCCL version 2.26.2+cuda12.2
MOC-R4PCC04U05:760826:760951 [3] NCCL INFO NET/Plugin: Could not find: libnccl-net.so. Using internal net plugin.
MOC-R4PCC04U05:760826:760951 [3] NCCL INFO NCCL_IB_HCA set to mlx5_5
MOC-R4PCC04U05:760825:760953 [2] NCCL INFO NET/Plugin: Could not find: libnccl-net.so. Using internal net plugin.
MOC-R4PCC04U05:760825:760953 [2] NCCL INFO NCCL_IB_HCA set to mlx5_5
MOC-R4PCC04U05:760826:760951 [3] NCCL INFO NET/IB : Made virtual device [0] name=mlx5_5 speed=400000 ndevs=1
MOC-R4PCC04U05:760826:760951 [3] NCCL INFO NET/IB : Using [0]mlx5_5:1/RoCE [RO]; OOB eno7np0:192.168.50.193<0>
MOC-R4PCC04U05:760825:760953 [2] NCCL INFO NET/IB : Made virtual device [0] name=mlx5_5 speed=400000 ndevs=1
MOC-R4PCC04U05:760825:760953 [2] NCCL INFO NET/IB : Using [0]mlx5_5:1/RoCE [RO]; OOB eno7np0:192.168.50.193<0>
MOC-R4PCC04U05:760824:760954 [1] NCCL INFO NET/Plugin: Could not find: libnccl-net.so. Using internal net plugin.
MOC-R4PCC04U05:760824:760954 [1] NCCL INFO NCCL_IB_HCA set to mlx5_5
MOC-R4PCC04U05:760824:760954 [1] NCCL INFO NET/IB : Made virtual device [0] name=mlx5_5 speed=400000 ndevs=1
MOC-R4PCC04U05:760824:760954 [1] NCCL INFO NET/IB : Using [0]mlx5_5:1/RoCE [RO]; OOB eno7np0:192.168.50.193<0>
MOC-R4PCC04U05:760823:760929 [0] NCCL INFO NET/IB : GPU Direct RDMA Enabled for HCA 0 'mlx5_5'
MOC-R4PCC04U05:760823:760929 [0] NCCL INFO NET/IB : Made virtual device [1] name=mlx5_5 speed=400000 ndevs=1
MOC-R4PCC04U05:760823:760929 [0] NCCL INFO NET/IB : GPU Direct RDMA Enabled for HCA 0 'mlx5_5'
MOC-R4PCC04U05:760823:760929 [0] NCCL INFO NET/IB : GPU Direct RDMA Enabled for HCA 1 'mlx5_5'
MOC-R4PCC04U05:760826:760951 [3] NCCL INFO NET/IB : GPU Direct RDMA Enabled for HCA 0 'mlx5_5'
MOC-R4PCC04U05:760826:760951 [3] NCCL INFO NET/IB : Made virtual device [1] name=mlx5_5 speed=400000 ndevs=1
MOC-R4PCC04U05:760826:760951 [3] NCCL INFO NET/IB : GPU Direct RDMA Enabled for HCA 0 'mlx5_5'
MOC-R4PCC04U05:760826:760951 [3] NCCL INFO NET/IB : GPU Direct RDMA Enabled for HCA 1 'mlx5_5'
MOC-R4PCC04U05:760825:760953 [2] NCCL INFO NET/IB : GPU Direct RDMA Enabled for HCA 0 'mlx5_5'
MOC-R4PCC04U05:760825:760953 [2] NCCL INFO NET/IB : Made virtual device [1] name=mlx5_5 speed=400000 ndevs=1
MOC-R4PCC04U05:760825:760953 [2] NCCL INFO NET/IB : GPU Direct RDMA Enabled for HCA 0 'mlx5_5'
MOC-R4PCC04U05:760825:760953 [2] NCCL INFO NET/IB : GPU Direct RDMA Enabled for HCA 1 'mlx5_5'
MOC-R4PCC04U05:760824:760954 [1] NCCL INFO NET/IB : GPU Direct RDMA Enabled for HCA 0 'mlx5_5'
MOC-R4PCC04U05:760824:760954 [1] NCCL INFO NET/IB : Made virtual device [1] name=mlx5_5 speed=400000 ndevs=1
MOC-R4PCC04U05:760824:760954 [1] NCCL INFO NET/IB : GPU Direct RDMA Enabled for HCA 0 'mlx5_5'
MOC-R4PCC04U05:760824:760954 [1] NCCL INFO NET/IB : GPU Direct RDMA Enabled for HCA 1 'mlx5_5'
MOC-R4PCC04U05:760824:760954 [1] NCCL INFO GPU Direct RDMA Enabled for GPU 0 / HCA 1 (distance 5 <= 5), read 0 mode Default
MOC-R4PCC04U05:760824:760954 [1] NCCL INFO GPU Direct RDMA Enabled for GPU 1 / HCA 1 (distance 5 <= 5), read 0 mode Default
MOC-R4PCC04U05:760824:760954 [1] NCCL INFO GPU Direct RDMA Enabled for GPU 2 / HCA 1 (distance 5 <= 5), read 0 mode Default
MOC-R4PCC04U05:760824:760954 [1] NCCL INFO GPU Direct RDMA Enabled for GPU 3 / HCA 1 (distance 5 <= 5), read 0 mode Default
MOC-R4PCC04U05:760824:760954 [1] NCCL INFO GPU Direct RDMA Enabled for GPU 0 / HCA 1 (distance 5 <= 5), read 0 mode Default
MOC-R4PCC04U05:760824:760954 [1] NCCL INFO GPU Direct RDMA Enabled for GPU 1 / HCA 1 (distance 5 <= 5), read 0 mode Default
MOC-R4PCC04U05:760824:760954 [1] NCCL INFO GPU Direct RDMA Enabled for GPU 2 / HCA 1 (distance 5 <= 5), read 0 mode Default
MOC-R4PCC04U05:760824:760954 [1] NCCL INFO GPU Direct RDMA Enabled for GPU 3 / HCA 1 (distance 5 <= 5), read 0 mode Default
MOC-R4PCC04U05:760823:760929 [0] NCCL INFO GPU Direct RDMA Enabled for GPU 0 / HCA 1 (distance 5 <= 5), read 0 mode Default
MOC-R4PCC04U05:760823:760929 [0] NCCL INFO GPU Direct RDMA Enabled for GPU 1 / HCA 1 (distance 5 <= 5), read 0 mode Default
MOC-R4PCC04U05:760823:760929 [0] NCCL INFO GPU Direct RDMA Enabled for GPU 2 / HCA 1 (distance 5 <= 5), read 0 mode Default
MOC-R4PCC04U05:760823:760929 [0] NCCL INFO GPU Direct RDMA Enabled for GPU 3 / HCA 1 (distance 5 <= 5), read 0 mode Default
MOC-R4PCC04U05:760823:760929 [0] NCCL INFO GPU Direct RDMA Enabled for GPU 0 / HCA 1 (distance 5 <= 5), read 0 mode Default
MOC-R4PCC04U05:760823:760929 [0] NCCL INFO GPU Direct RDMA Enabled for GPU 1 / HCA 1 (distance 5 <= 5), read 0 mode Default
MOC-R4PCC04U05:760823:760929 [0] NCCL INFO GPU Direct RDMA Enabled for GPU 2 / HCA 1 (distance 5 <= 5), read 0 mode Default
MOC-R4PCC04U05:760823:760929 [0] NCCL INFO GPU Direct RDMA Enabled for GPU 3 / HCA 1 (distance 5 <= 5), read 0 mode Default
MOC-R4PCC04U05:760826:760951 [3] NCCL INFO GPU Direct RDMA Enabled for GPU 0 / HCA 1 (distance 5 <= 5), read 0 mode Default
MOC-R4PCC04U05:760826:760951 [3] NCCL INFO GPU Direct RDMA Enabled for GPU 1 / HCA 1 (distance 5 <= 5), read 0 mode Default
MOC-R4PCC04U05:760826:760951 [3] NCCL INFO GPU Direct RDMA Enabled for GPU 2 / HCA 1 (distance 5 <= 5), read 0 mode Default
MOC-R4PCC04U05:760826:760951 [3] NCCL INFO GPU Direct RDMA Enabled for GPU 3 / HCA 1 (distance 5 <= 5), read 0 mode Default
MOC-R4PCC04U05:760826:760951 [3] NCCL INFO GPU Direct RDMA Enabled for GPU 0 / HCA 1 (distance 5 <= 5), read 0 mode Default
MOC-R4PCC04U05:760826:760951 [3] NCCL INFO GPU Direct RDMA Enabled for GPU 1 / HCA 1 (distance 5 <= 5), read 0 mode Default
MOC-R4PCC04U05:760826:760951 [3] NCCL INFO GPU Direct RDMA Enabled for GPU 2 / HCA 1 (distance 5 <= 5), read 0 mode Default
MOC-R4PCC04U05:760826:760951 [3] NCCL INFO GPU Direct RDMA Enabled for GPU 3 / HCA 1 (distance 5 <= 5), read 0 mode Default
MOC-R4PCC04U05:760825:760953 [2] NCCL INFO GPU Direct RDMA Enabled for GPU 0 / HCA 1 (distance 5 <= 5), read 0 mode Default
MOC-R4PCC04U05:760825:760953 [2] NCCL INFO GPU Direct RDMA Enabled for GPU 1 / HCA 1 (distance 5 <= 5), read 0 mode Default
MOC-R4PCC04U05:760825:760953 [2] NCCL INFO GPU Direct RDMA Enabled for GPU 2 / HCA 1 (distance 5 <= 5), read 0 mode Default
MOC-R4PCC04U05:760825:760953 [2] NCCL INFO GPU Direct RDMA Enabled for GPU 3 / HCA 1 (distance 5 <= 5), read 0 mode Default
MOC-R4PCC04U05:760825:760953 [2] NCCL INFO GPU Direct RDMA Enabled for GPU 0 / HCA 1 (distance 5 <= 5), read 0 mode Default
MOC-R4PCC04U05:760825:760953 [2] NCCL INFO GPU Direct RDMA Enabled for GPU 1 / HCA 1 (distance 5 <= 5), read 0 mode Default
MOC-R4PCC04U05:760825:760953 [2] NCCL INFO GPU Direct RDMA Enabled for GPU 2 / HCA 1 (distance 5 <= 5), read 0 mode Default
MOC-R4PCC04U05:760825:760953 [2] NCCL INFO GPU Direct RDMA Enabled for GPU 3 / HCA 1 (distance 5 <= 5), read 0 mode Default
MOC-R4PCC04U05:760826:760967 [3] NCCL INFO New proxy recv connection 0 from local rank 3, transport 0
MOC-R4PCC04U05:760826:761041 [3] NCCL INFO Connected to proxy localRank 3 -> connection 0x7f7e38004f30
MOC-R4PCC04U05:760825:761042 [2] NCCL INFO GPU Direct RDMA Enabled for GPU 2 / HCA 1 (distance 5 <= 5), read 0 mode Default
MOC-R4PCC04U05:760824:760966 [1] NCCL INFO New proxy recv connection 0 from local rank 1, transport 0
MOC-R4PCC04U05:760824:761043 [1] NCCL INFO Connected to proxy localRank 1 -> connection 0x7fb344004f30
MOC-R4PCC04U05:760826:760967 [3] NCCL INFO New proxy recv connection 1 from local rank 3, transport 0
MOC-R4PCC04U05:760826:761041 [3] NCCL INFO Connected to proxy localRank 3 -> connection 0x7f7e38004fa8
MOC-R4PCC04U05:760826:760967 [3] NCCL INFO New proxy recv connection 2 from local rank 3, transport 0
MOC-R4PCC04U05:760826:761041 [3] NCCL INFO Connected to proxy localRank 3 -> connection 0x7f7e38005020
MOC-R4PCC04U05:760824:760966 [1] NCCL INFO New proxy recv connection 1 from local rank 1, transport 0
MOC-R4PCC04U05:760824:761043 [1] NCCL INFO Connected to proxy localRank 1 -> connection 0x7fb344004fa8
MOC-R4PCC04U05:760823:760972 [0] NCCL INFO New proxy send connection 0 from local rank 0, transport 0
MOC-R4PCC04U05:760823:761044 [0] NCCL INFO Connected to proxy localRank 0 -> connection 0x7f08a4004f30
MOC-R4PCC04U05:760826:760967 [3] NCCL INFO New proxy recv connection 3 from local rank 3, transport 0
MOC-R4PCC04U05:760826:761041 [3] NCCL INFO Connected to proxy localRank 3 -> connection 0x7f7e38005098
MOC-R4PCC04U05:760824:760966 [1] NCCL INFO New proxy recv connection 2 from local rank 1, transport 0
MOC-R4PCC04U05:760824:761043 [1] NCCL INFO Connected to proxy localRank 1 -> connection 0x7fb344005020
MOC-R4PCC04U05:760823:760972 [0] NCCL INFO New proxy send connection 1 from local rank 0, transport 0
MOC-R4PCC04U05:760823:761044 [0] NCCL INFO Connected to proxy localRank 0 -> connection 0x7f08a4004fa8
MOC-R4PCC04U05:760826:761041 [3] NCCL INFO GPU Direct RDMA Enabled for GPU 3 / HCA 1 (distance 5 <= 5), read 1 mode Default
MOC-R4PCC04U05:760824:760966 [1] NCCL INFO New proxy recv connection 3 from local rank 1, transport 0
MOC-R4PCC04U05:760824:761043 [1] NCCL INFO Connected to proxy localRank 1 -> connection 0x7fb344005098
MOC-R4PCC04U05:760823:760972 [0] NCCL INFO New proxy send connection 2 from local rank 0, transport 0
MOC-R4PCC04U05:760823:761044 [0] NCCL INFO Connected to proxy localRank 0 -> connection 0x7f08a4005020
MOC-R4PCC04U05:760824:760966 [1] NCCL INFO New proxy send connection 4 from local rank 1, transport 0
MOC-R4PCC04U05:760824:761043 [1] NCCL INFO Connected to proxy localRank 1 -> connection 0x7fb344005110
MOC-R4PCC04U05:760823:760972 [0] NCCL INFO New proxy send connection 3 from local rank 0, transport 0
MOC-R4PCC04U05:760823:761044 [0] NCCL INFO Connected to proxy localRank 0 -> connection 0x7f08a4005098
MOC-R4PCC04U05:760824:760966 [1] NCCL INFO New proxy send connection 5 from local rank 1, transport 0
MOC-R4PCC04U05:760824:761043 [1] NCCL INFO Connected to proxy localRank 1 -> connection 0x7fb344005188
MOC-R4PCC04U05:760824:760966 [1] NCCL INFO New proxy send connection 6 from local rank 1, transport 0
MOC-R4PCC04U05:760824:761043 [1] NCCL INFO Connected to proxy localRank 1 -> connection 0x7fb344005200
MOC-R4PCC04U05:760824:760966 [1] NCCL INFO New proxy send connection 7 from local rank 1, transport 0
MOC-R4PCC04U05:760824:761043 [1] NCCL INFO Connected to proxy localRank 1 -> connection 0x7fb344005278
MOC-R4PCC04U05:760825:760968 [2] NCCL INFO New proxy recv connection 0 from local rank 2, transport 2
MOC-R4PCC04U05:760825:760968 [2] NCCL INFO New proxy send connection 1 from local rank 3, transport 2
MOC-R4PCC04U05:760825:761042 [2] NCCL INFO Connected to proxy localRank 2 -> connection 0x7f04d8004f30
MOC-R4PCC04U05:760826:761041 [3] NCCL INFO Connected to proxy localRank 2 -> connection 0x7f04d8004fa8
MOC-R4PCC04U05:760825:761042 [2] NCCL INFO Channel 00/0 : 15[3] -> 2[2] [receive] via NET/IB/1/GDRDMA
MOC-R4PCC04U05:760825:761042 [2] NCCL INFO GPU Direct RDMA Enabled for GPU 2 / HCA 1 (distance 5 <= 5), read 0 mode Default
MOC-R4PCC04U05:760825:760968 [2] NCCL INFO New proxy recv connection 2 from local rank 2, transport 2
MOC-R4PCC04U05:760825:761042 [2] NCCL INFO Connected to proxy localRank 2 -> connection 0x7f04d8005020
MOC-R4PCC04U05:760826:761041 [3] NCCL INFO Channel 00/0 : 3[3] -> 6[2] [send] via NET/IB/1(2)/GDRDMA
MOC-R4PCC04U05:760826:761041 [3] NCCL INFO GPU Direct RDMA Enabled for GPU 3 / HCA 1 (distance 5 <= 5), read 1 mode Default
MOC-R4PCC04U05:760825:761042 [2] NCCL INFO Channel 01/0 : 15[3] -> 2[2] [receive] via NET/IB/1/GDRDMA
MOC-R4PCC04U05:760825:761042 [2] NCCL INFO GPU Direct RDMA Enabled for GPU 2 / HCA 1 (distance 5 <= 5), read 0 mode Default
MOC-R4PCC04U05:760825:760968 [2] NCCL INFO New proxy send connection 3 from local rank 3, transport 2
MOC-R4PCC04U05:760826:761041 [3] NCCL INFO Connected to proxy localRank 2 -> connection 0x7f04d8005098
MOC-R4PCC04U05:760825:760968 [2] NCCL INFO New proxy recv connection 4 from local rank 2, transport 2
MOC-R4PCC04U05:760825:761042 [2] NCCL INFO Connected to proxy localRank 2 -> connection 0x7f04d8005110
MOC-R4PCC04U05:760826:761041 [3] NCCL INFO Channel 01/0 : 3[3] -> 6[2] [send] via NET/IB/1(2)/GDRDMA
MOC-R4PCC04U05:760826:761041 [3] NCCL INFO GPU Direct RDMA Enabled for GPU 3 / HCA 1 (distance 5 <= 5), read 1 mode Default
MOC-R4PCC04U05:760825:761042 [2] NCCL INFO Channel 02/0 : 15[3] -> 2[2] [receive] via NET/IB/1/GDRDMA
MOC-R4PCC04U05:760825:761042 [2] NCCL INFO GPU Direct RDMA Enabled for GPU 2 / HCA 1 (distance 5 <= 5), read 0 mode Default
MOC-R4PCC04U05:760825:760968 [2] NCCL INFO New proxy send connection 5 from local rank 3, transport 2
MOC-R4PCC04U05:760826:761041 [3] NCCL INFO Connected to proxy localRank 2 -> connection 0x7f04d8005188
MOC-R4PCC04U05:760825:760968 [2] NCCL INFO New proxy recv connection 6 from local rank 2, transport 2
MOC-R4PCC04U05:760825:761042 [2] NCCL INFO Connected to proxy localRank 2 -> connection 0x7f04d8005200
MOC-R4PCC04U05:760826:761041 [3] NCCL INFO Channel 02/0 : 3[3] -> 6[2] [send] via NET/IB/1(2)/GDRDMA
MOC-R4PCC04U05:760826:761041 [3] NCCL INFO GPU Direct RDMA Enabled for GPU 3 / HCA 1 (distance 5 <= 5), read 1 mode Default
MOC-R4PCC04U05:760825:761042 [2] NCCL INFO Channel 03/0 : 15[3] -> 2[2] [receive] via NET/IB/1/GDRDMA
MOC-R4PCC04U05:760825:760968 [2] NCCL INFO New proxy send connection 7 from local rank 3, transport 2
MOC-R4PCC04U05:760826:761041 [3] NCCL INFO Connected to proxy localRank 2 -> connection 0x7f04d8005278
MOC-R4PCC04U05:760826:761041 [3] NCCL INFO Channel 03/0 : 3[3] -> 6[2] [send] via NET/IB/1(2)/GDRDMA
MOC-R4PCC04U05:760823:760972 [0] NCCL INFO New proxy recv connection 4 from local rank 0, transport 0
MOC-R4PCC04U05:760823:761044 [0] NCCL INFO Connected to proxy localRank 0 -> connection 0x7f08a4005110
MOC-R4PCC04U05:760823:760972 [0] NCCL INFO New proxy recv connection 5 from local rank 0, transport 0
MOC-R4PCC04U05:760823:761044 [0] NCCL INFO Connected to proxy localRank 0 -> connection 0x7f08a4005188
MOC-R4PCC04U05:760823:760972 [0] NCCL INFO New proxy recv connection 6 from local rank 0, transport 0
MOC-R4PCC04U05:760823:761044 [0] NCCL INFO Connected to proxy localRank 0 -> connection 0x7f08a4005200
MOC-R4PCC04U05:760823:760972 [0] NCCL INFO New proxy recv connection 7 from local rank 0, transport 0
MOC-R4PCC04U05:760823:761044 [0] NCCL INFO Connected to proxy localRank 0 -> connection 0x7f08a4005278
MOC-R4PCC04U05:760826:760967 [3] NCCL INFO New proxy send connection 4 from local rank 0, transport 0
MOC-R4PCC04U05:760823:761044 [0] NCCL INFO Connected to proxy localRank 3 -> connection 0x7f7e38005110
MOC-R4PCC04U05:760825:760968 [2] NCCL INFO New proxy send connection 8 from local rank 2, transport 0
MOC-R4PCC04U05:760825:761042 [2] NCCL INFO Connected to proxy localRank 2 -> connection 0x7f04d80052f0
MOC-R4PCC04U05:760825:760968 [2] NCCL INFO New proxy send connection 9 from local rank 2, transport 0
MOC-R4PCC04U05:760825:761042 [2] NCCL INFO Connected to proxy localRank 2 -> connection 0x7f04d8005368
MOC-R4PCC04U05:760825:760968 [2] NCCL INFO New proxy send connection 10 from local rank 2, transport 0
MOC-R4PCC04U05:760825:761042 [2] NCCL INFO Connected to proxy localRank 2 -> connection 0x7f04d80053e0
MOC-R4PCC04U05:760825:760968 [2] NCCL INFO New proxy send connection 11 from local rank 2, transport 0
MOC-R4PCC04U05:760825:761042 [2] NCCL INFO Connected to proxy localRank 2 -> connection 0x7f04d8005458
MOC-R4PCC04U05:760823:760972 [0] NCCL INFO New proxy send connection 8 from local rank 1, transport 0
MOC-R4PCC04U05:760824:761043 [1] NCCL INFO Connected to proxy localRank 0 -> connection 0x7f08a40052f0
MOC-R4PCC04U05:760824:760966 [1] NCCL INFO New proxy send connection 8 from local rank 2, transport 0
MOC-R4PCC04U05:760825:761042 [2] NCCL INFO Connected to proxy localRank 1 -> connection 0x7fb3440052f0
MOC-R4PCC04U05:760823:760972 [0] NCCL INFO New proxy send connection 9 from local rank 3, transport 0
MOC-R4PCC04U05:760826:761041 [3] NCCL INFO Connected to proxy localRank 0 -> connection 0x7f08a4005368
MOC-R4PCC04U05:760824:760966 [1] NCCL INFO New proxy send connection 9 from local rank 0, transport 0
MOC-R4PCC04U05:760823:761044 [0] NCCL INFO Connected to proxy localRank 1 -> connection 0x7fb344005368
MOC-R4PCC04U05:760825:760968 [2] NCCL INFO New proxy send connection 12 from local rank 1, transport 0
MOC-R4PCC04U05:760824:761043 [1] NCCL INFO Connected to proxy localRank 2 -> connection 0x7f04d80054d0
MOC-R4PCC04U05:760825:760968 [2] NCCL INFO NET/IB: NCCL Dev 1 IbDev 0 Port 1 qpn 12580 mtu 3 query_ece={supported=1, vendor_id=0x15b3, options=0x30000002, comp_mask=0x0} GID 3 (0/C132A8C0FFFF0000) fifoRkey=0x17f5b4 fifoLkey=0x17f5b4
MOC-R4PCC04U05:760825:760968 [2] NCCL INFO NET/IB: NCCL Dev 1 IbDev 0 Port 1 qpn 12581 mtu 3 query_ece={supported=1, vendor_id=0x15b3, options=0x30000002, comp_mask=0x0} GID 3 (0/C132A8C0FFFF0000) fifoRkey=0x17b979 fifoLkey=0x17b979
MOC-R4PCC04U05:760825:760968 [2] NCCL INFO NET/IB: IbDev 0 Port 1 qpn 13370 set_ece={supported=1, vendor_id=0x15b3, options=0x0, comp_mask=0x0}
MOC-R4PCC04U05:760825:760968 [2] NCCL INFO NET/IB: IbDev 0 Port 1 qpn 13372 set_ece={supported=1, vendor_id=0x15b3, options=0x0, comp_mask=0x0}
MOC-R4PCC04U05:760825:760968 [2] NCCL INFO NET/IB: NCCL Dev 1 IbDev 0 Port 1 qpn 12582 mtu 3 query_ece={supported=1, vendor_id=0x15b3, options=0x30000002, comp_mask=0x0} GID 3 (0/C132A8C0FFFF0000) fifoRkey=0x17dc9b fifoLkey=0x17dc9b
MOC-R4PCC04U05:760825:760968 [2] NCCL INFO NET/IB: NCCL Dev 1 IbDev 0 Port 1 qpn 12583 mtu 3 query_ece={supported=1, vendor_id=0x15b3, options=0x30000002, comp_mask=0x0} GID 3 (0/C132A8C0FFFF0000) fifoRkey=0x16ba7a fifoLkey=0x16ba7a
MOC-R4PCC04U05:760825:760968 [2] NCCL INFO New proxy send connection 13 from local rank 3, transport 0
MOC-R4PCC04U05:760826:761041 [3] NCCL INFO Connected to proxy localRank 2 -> connection 0x7f04d8005548
MOC-R4PCC04U05:760825:760968 [2] NCCL INFO NET/IB: IbDev 0 Port 1 qpn 13374 set_ece={supported=1, vendor_id=0x15b3, options=0x0, comp_mask=0x0}
MOC-R4PCC04U05:760825:760968 [2] NCCL INFO NET/IB: IbDev 0 Port 1 qpn 13376 set_ece={supported=1, vendor_id=0x15b3, options=0x0, comp_mask=0x0}
num decayed parameter tensors: 50, with 124,318,464 parameters
num non-decayed parameter tensors: 98, with 121,344 parameters
using fused AdamW: False
using regular AdamW
MOC-R4PCC04U05:760826:760967 [3] NCCL INFO New proxy recv connection 5 from local rank 3, transport 0
MOC-R4PCC04U05:760826:761667 [3] NCCL INFO Connected to proxy localRank 3 -> connection 0x7f7e38005188
MOC-R4PCC04U05:760826:760967 [3] NCCL INFO New proxy recv connection 6 from local rank 3, transport 0
MOC-R4PCC04U05:760826:761667 [3] NCCL INFO Connected to proxy localRank 3 -> connection 0x7f7e38005200
MOC-R4PCC04U05:760826:760967 [3] NCCL INFO New proxy recv connection 7 from local rank 3, transport 0
MOC-R4PCC04U05:760826:761667 [3] NCCL INFO Connected to proxy localRank 3 -> connection 0x7f7e38005278
MOC-R4PCC04U05:760826:760967 [3] NCCL INFO New proxy recv connection 8 from local rank 3, transport 0
MOC-R4PCC04U05:760826:761667 [3] NCCL INFO Connected to proxy localRank 3 -> connection 0x7f7e380052f0
MOC-R4PCC04U05:760825:760968 [2] NCCL INFO New proxy send connection 14 from local rank 2, transport 0
MOC-R4PCC04U05:760825:761668 [2] NCCL INFO Connected to proxy localRank 2 -> connection 0x7f04d80055c0
MOC-R4PCC04U05:760825:760968 [2] NCCL INFO New proxy send connection 15 from local rank 2, transport 0
MOC-R4PCC04U05:760825:761668 [2] NCCL INFO Connected to proxy localRank 2 -> connection 0x7f04d8005638
MOC-R4PCC04U05:760825:760968 [2] NCCL INFO New proxy send connection 16 from local rank 2, transport 0
MOC-R4PCC04U05:760825:761668 [2] NCCL INFO Connected to proxy localRank 2 -> connection 0x7f04d80056b0
MOC-R4PCC04U05:760825:760968 [2] NCCL INFO New proxy send connection 17 from local rank 2, transport 0
MOC-R4PCC04U05:760825:761668 [2] NCCL INFO Connected to proxy localRank 2 -> connection 0x7f04d8005728
MOC-R4PCC04U05:760825:761668 [2] NCCL INFO GPU Direct RDMA Enabled for GPU 2 / HCA 1 (distance 5 <= 5), read 1 mode Default
MOC-R4PCC04U05:760825:760968 [2] NCCL INFO New proxy send connection 18 from local rank 2, transport 2
MOC-R4PCC04U05:760825:761668 [2] NCCL INFO Connected to proxy localRank 2 -> connection 0x7f04d80057a0
MOC-R4PCC04U05:760825:761668 [2] NCCL INFO Channel 02/0 : 2[2] -> 6[2] [send] via NET/IB/1/GDRDMA
MOC-R4PCC04U05:760825:761668 [2] NCCL INFO GPU Direct RDMA Enabled for GPU 2 / HCA 1 (distance 5 <= 5), read 1 mode Default
MOC-R4PCC04U05:760826:760967 [3] NCCL INFO New proxy send connection 9 from local rank 3, transport 0
MOC-R4PCC04U05:760825:760968 [2] NCCL INFO New proxy send connection 19 from local rank 2, transport 2
MOC-R4PCC04U05:760825:761668 [2] NCCL INFO Connected to proxy localRank 2 -> connection 0x7f04d8005818
MOC-R4PCC04U05:760826:761667 [3] NCCL INFO Connected to proxy localRank 3 -> connection 0x7f7e38005368
MOC-R4PCC04U05:760825:761668 [2] NCCL INFO Channel 03/0 : 2[2] -> 6[2] [send] via NET/IB/1/GDRDMA
MOC-R4PCC04U05:760826:760967 [3] NCCL INFO New proxy send connection 10 from local rank 3, transport 0
MOC-R4PCC04U05:760826:761667 [3] NCCL INFO Connected to proxy localRank 3 -> connection 0x7f7e380053e0
MOC-R4PCC04U05:760826:760967 [3] NCCL INFO New proxy send connection 11 from local rank 3, transport 0
MOC-R4PCC04U05:760826:761667 [3] NCCL INFO Connected to proxy localRank 3 -> connection 0x7f7e38005458
MOC-R4PCC04U05:760826:760967 [3] NCCL INFO New proxy send connection 12 from local rank 3, transport 0
MOC-R4PCC04U05:760826:761667 [3] NCCL INFO Connected to proxy localRank 3 -> connection 0x7f7e380054d0
MOC-R4PCC04U05:760823:760972 [0] NCCL INFO New proxy send connection 10 from local rank 0, transport 0
MOC-R4PCC04U05:760823:761669 [0] NCCL INFO Connected to proxy localRank 0 -> connection 0x7f08a40053e0
MOC-R4PCC04U05:760823:760972 [0] NCCL INFO New proxy send connection 11 from local rank 0, transport 0
MOC-R4PCC04U05:760823:761669 [0] NCCL INFO Connected to proxy localRank 0 -> connection 0x7f08a4005458
MOC-R4PCC04U05:760823:760972 [0] NCCL INFO New proxy send connection 12 from local rank 0, transport 0
MOC-R4PCC04U05:760823:761669 [0] NCCL INFO Connected to proxy localRank 0 -> connection 0x7f08a40054d0
MOC-R4PCC04U05:760823:760972 [0] NCCL INFO New proxy send connection 13 from local rank 0, transport 0
MOC-R4PCC04U05:760823:761669 [0] NCCL INFO Connected to proxy localRank 0 -> connection 0x7f08a4005548
MOC-R4PCC04U05:760825:761668 [2] NCCL INFO GPU Direct RDMA Enabled for GPU 2 / HCA 1 (distance 5 <= 5), read 0 mode Default
MOC-R4PCC04U05:760825:760968 [2] NCCL INFO New proxy recv connection 20 from local rank 2, transport 2
MOC-R4PCC04U05:760825:761668 [2] NCCL INFO Connected to proxy localRank 2 -> connection 0x7f04d8005890
MOC-R4PCC04U05:760825:761668 [2] NCCL INFO Channel 00/0 : 10[2] -> 2[2] [receive] via NET/IB/1/GDRDMA
MOC-R4PCC04U05:760825:761668 [2] NCCL INFO GPU Direct RDMA Enabled for GPU 2 / HCA 1 (distance 5 <= 5), read 0 mode Default
MOC-R4PCC04U05:760825:760968 [2] NCCL INFO New proxy recv connection 21 from local rank 2, transport 2
MOC-R4PCC04U05:760825:761668 [2] NCCL INFO Connected to proxy localRank 2 -> connection 0x7f04d8005908
MOC-R4PCC04U05:760825:761668 [2] NCCL INFO Channel 01/0 : 10[2] -> 2[2] [receive] via NET/IB/1/GDRDMA
MOC-R4PCC04U05:760825:761668 [2] NCCL INFO GPU Direct RDMA Enabled for GPU 2 / HCA 1 (distance 5 <= 5), read 1 mode Default
MOC-R4PCC04U05:760825:760968 [2] NCCL INFO New proxy send connection 22 from local rank 2, transport 2
MOC-R4PCC04U05:760825:761668 [2] NCCL INFO Connected to proxy localRank 2 -> connection 0x7f04d8005980
MOC-R4PCC04U05:760825:761668 [2] NCCL INFO Channel 00/0 : 2[2] -> 10[2] [send] via NET/IB/1/GDRDMA
MOC-R4PCC04U05:760825:761668 [2] NCCL INFO GPU Direct RDMA Enabled for GPU 2 / HCA 1 (distance 5 <= 5), read 1 mode Default
MOC-R4PCC04U05:760825:760968 [2] NCCL INFO New proxy send connection 23 from local rank 2, transport 2
MOC-R4PCC04U05:760825:761668 [2] NCCL INFO Connected to proxy localRank 2 -> connection 0x7f04d80059f8
MOC-R4PCC04U05:760825:761668 [2] NCCL INFO Channel 01/0 : 2[2] -> 10[2] [send] via NET/IB/1/GDRDMA
MOC-R4PCC04U05:760825:761668 [2] NCCL INFO GPU Direct RDMA Enabled for GPU 2 / HCA 1 (distance 5 <= 5), read 0 mode Default
MOC-R4PCC04U05:760825:760968 [2] NCCL INFO New proxy recv connection 24 from local rank 2, transport 2
MOC-R4PCC04U05:760825:761668 [2] NCCL INFO Connected to proxy localRank 2 -> connection 0x7f04d8005a70
MOC-R4PCC04U05:760825:761668 [2] NCCL INFO Channel 02/0 : 6[2] -> 2[2] [receive] via NET/IB/1/GDRDMA
MOC-R4PCC04U05:760825:761668 [2] NCCL INFO GPU Direct RDMA Enabled for GPU 2 / HCA 1 (distance 5 <= 5), read 0 mode Default
MOC-R4PCC04U05:760825:760968 [2] NCCL INFO New proxy recv connection 25 from local rank 2, transport 2
MOC-R4PCC04U05:760825:761668 [2] NCCL INFO Connected to proxy localRank 2 -> connection 0x7f04d8005ae8
MOC-R4PCC04U05:760825:761668 [2] NCCL INFO Channel 03/0 : 6[2] -> 2[2] [receive] via NET/IB/1/GDRDMA
MOC-R4PCC04U05:760825:760968 [2] NCCL INFO New proxy recv connection 26 from local rank 2, transport 0
MOC-R4PCC04U05:760825:761668 [2] NCCL INFO Connected to proxy localRank 2 -> connection 0x7f04d8005b60
MOC-R4PCC04U05:760825:760968 [2] NCCL INFO New proxy recv connection 27 from local rank 2, transport 0
MOC-R4PCC04U05:760825:761668 [2] NCCL INFO Connected to proxy localRank 2 -> connection 0x7f04d8005bd8
MOC-R4PCC04U05:760825:760968 [2] NCCL INFO New proxy recv connection 28 from local rank 2, transport 0
MOC-R4PCC04U05:760825:761668 [2] NCCL INFO Connected to proxy localRank 2 -> connection 0x7f04d8005c50
MOC-R4PCC04U05:760825:760968 [2] NCCL INFO New proxy recv connection 29 from local rank 2, transport 0
MOC-R4PCC04U05:760825:761668 [2] NCCL INFO Connected to proxy localRank 2 -> connection 0x7f04d8005cc8
MOC-R4PCC04U05:760824:760966 [1] NCCL INFO New proxy recv connection 10 from local rank 1, transport 0
MOC-R4PCC04U05:760824:761670 [1] NCCL INFO Connected to proxy localRank 1 -> connection 0x7fb3440053e0
MOC-R4PCC04U05:760824:760966 [1] NCCL INFO New proxy recv connection 11 from local rank 1, transport 0
MOC-R4PCC04U05:760824:761670 [1] NCCL INFO Connected to proxy localRank 1 -> connection 0x7fb344005458
MOC-R4PCC04U05:760824:760966 [1] NCCL INFO New proxy recv connection 12 from local rank 1, transport 0
MOC-R4PCC04U05:760824:761670 [1] NCCL INFO Connected to proxy localRank 1 -> connection 0x7fb3440054d0
MOC-R4PCC04U05:760824:760966 [1] NCCL INFO New proxy recv connection 13 from local rank 1, transport 0
MOC-R4PCC04U05:760824:761670 [1] NCCL INFO Connected to proxy localRank 1 -> connection 0x7fb344005548
MOC-R4PCC04U05:760823:760972 [0] NCCL INFO New proxy recv connection 14 from local rank 0, transport 0
MOC-R4PCC04U05:760823:761669 [0] NCCL INFO Connected to proxy localRank 0 -> connection 0x7f08a40055c0
MOC-R4PCC04U05:760823:760972 [0] NCCL INFO New proxy recv connection 15 from local rank 0, transport 0
MOC-R4PCC04U05:760823:761669 [0] NCCL INFO Connected to proxy localRank 0 -> connection 0x7f08a4005638
MOC-R4PCC04U05:760823:760972 [0] NCCL INFO New proxy recv connection 16 from local rank 0, transport 0
MOC-R4PCC04U05:760823:761669 [0] NCCL INFO Connected to proxy localRank 0 -> connection 0x7f08a40056b0
MOC-R4PCC04U05:760823:760972 [0] NCCL INFO New proxy recv connection 17 from local rank 0, transport 0
MOC-R4PCC04U05:760823:761669 [0] NCCL INFO Connected to proxy localRank 0 -> connection 0x7f08a4005728
MOC-R4PCC04U05:760826:760967 [3] NCCL INFO New proxy send connection 13 from local rank 3, transport 0
MOC-R4PCC04U05:760826:761667 [3] NCCL INFO Connected to proxy localRank 3 -> connection 0x7f7e38005548
MOC-R4PCC04U05:760826:760967 [3] NCCL INFO New proxy send connection 14 from local rank 3, transport 0
MOC-R4PCC04U05:760826:761667 [3] NCCL INFO Connected to proxy localRank 3 -> connection 0x7f7e380055c0
MOC-R4PCC04U05:760826:760967 [3] NCCL INFO New proxy send connection 15 from local rank 3, transport 0
MOC-R4PCC04U05:760826:761667 [3] NCCL INFO Connected to proxy localRank 3 -> connection 0x7f7e38005638
MOC-R4PCC04U05:760826:760967 [3] NCCL INFO New proxy send connection 16 from local rank 3, transport 0
MOC-R4PCC04U05:760826:761667 [3] NCCL INFO Connected to proxy localRank 3 -> connection 0x7f7e380056b0
MOC-R4PCC04U05:760826:760967 [3] NCCL INFO New proxy send connection 17 from local rank 2, transport 0
MOC-R4PCC04U05:760825:761668 [2] NCCL INFO Connected to proxy localRank 3 -> connection 0x7f7e38005728
MOC-R4PCC04U05:760825:760968 [2] NCCL INFO NET/IB: NCCL Dev 1 IbDev 0 Port 1 qpn 12590 mtu 3 query_ece={supported=1, vendor_id=0x15b3, options=0x30000002, comp_mask=0x0} GID 3 (0/C132A8C0FFFF0000) fifoRkey=0x179c5b fifoLkey=0x179c5b
MOC-R4PCC04U05:760825:760968 [2] NCCL INFO NET/IB: NCCL Dev 1 IbDev 0 Port 1 qpn 12591 mtu 3 query_ece={supported=1, vendor_id=0x15b3, options=0x30000002, comp_mask=0x0} GID 3 (0/C132A8C0FFFF0000) fifoRkey=0x1722e1 fifoLkey=0x1722e1
MOC-R4PCC04U05:760825:760968 [2] NCCL INFO NET/IB: NCCL Dev 1 IbDev 0 Port 1 qpn 12592 mtu 3 query_ece={supported=1, vendor_id=0x15b3, options=0x30000002, comp_mask=0x0} GID 3 (0/C132A8C0FFFF0000) fifoRkey=0x17904f fifoLkey=0x17904f
MOC-R4PCC04U05:760825:760968 [2] NCCL INFO NET/IB: NCCL Dev 1 IbDev 0 Port 1 qpn 12595 mtu 3 query_ece={supported=1, vendor_id=0x15b3, options=0x30000002, comp_mask=0x0} GID 3 (0/C132A8C0FFFF0000) fifoRkey=0x17e1a0 fifoLkey=0x17e1a0
MOC-R4PCC04U05:760825:760968 [2] NCCL INFO NET/IB: IbDev 0 Port 1 qpn 10839 set_ece={supported=1, vendor_id=0x15b3, options=0x0, comp_mask=0x0}
MOC-R4PCC04U05:760825:760968 [2] NCCL INFO NET/IB: IbDev 0 Port 1 qpn 10841 set_ece={supported=1, vendor_id=0x15b3, options=0x0, comp_mask=0x0}
MOC-R4PCC04U05:760825:760968 [2] NCCL INFO NET/IB: IbDev 0 Port 1 qpn 13394 set_ece={supported=1, vendor_id=0x15b3, options=0x0, comp_mask=0x0}
MOC-R4PCC04U05:760825:760968 [2] NCCL INFO NET/IB: IbDev 0 Port 1 qpn 13396 set_ece={supported=1, vendor_id=0x15b3, options=0x0, comp_mask=0x0}
step    1/10 | train loss 11.010067 | norm 15.3476 | lr 1.00e-04 | (14505.11 ms | 361450 tok/s)
step    2/10 | train loss 10.140055 | norm 5.7421 | lr 1.00e-04 | (1218.29 ms | 4303483 tok/s)
step    3/10 | train loss 9.801182 | norm 2.5966 | lr 1.00e-04 | (1018.35 ms | 5148407 tok/s)
step    4/10 | train loss 9.632748 | norm 2.1052 | lr 1.00e-04 | (846.11 ms | 6196441 tok/s)
step    5/10 | train loss 9.550309 | norm 2.0977 | lr 1.00e-04 | (867.76 ms | 6041834 tok/s)
step    6/10 | train loss 9.470089 | norm 1.9901 | lr 1.00e-04 | (834.00 ms | 6286392 tok/s)
step    7/10 | train loss 9.385623 | norm 1.9404 | lr 1.00e-04 | (827.68 ms | 6334437 tok/s)
step    8/10 | train loss 9.295288 | norm 1.9082 | lr 1.00e-04 | (825.89 ms | 6348190 tok/s)
step    9/10 | train loss 9.200839 | norm 1.8588 | lr 1.00e-04 | (822.91 ms | 6371185 tok/s)
step   10/10 | train loss 9.114124 | norm 1.7863 | lr 1.00e-04 | (825.65 ms | 6349996 tok/s)
final 9 iters avg: 898.515ms
peak memory consumption: 16601 MiB
