Running pytorch 2.7.0+cu126
using device: cuda:0
total desired batch size: 2752512
=> calculated gradient accumulation steps: 7
using device: cuda:1
using device: cuda:2
using device: cuda:3
compiling the model...
DataLoader: total number of tokens: 1,661,249,667 across 103 files
MOC-R4PCC04U05:556614:556614 [0] NCCL INFO NCCL_SOCKET_IFNAME set to eno7np0
MOC-R4PCC04U05:556614:556614 [0] NCCL INFO NCCL version 2.26.2+cuda12.2
MOC-R4PCC04U05:556614:556718 [0] NCCL INFO NET/Plugin: Could not find: libnccl-net.so. Using internal net plugin.
MOC-R4PCC04U05:556614:556718 [0] NCCL INFO NCCL_IB_HCA set to mlx5_5
MOC-R4PCC04U05:556614:556718 [0] NCCL INFO NET/IB : Made virtual device [0] name=mlx5_5 speed=400000 ndevs=1
MOC-R4PCC04U05:556614:556718 [0] NCCL INFO NET/IB : Using [0]mlx5_5:1/RoCE [RO]; OOB eno7np0:192.168.50.193<0>
MOC-R4PCC04U05:556615:556615 [1] NCCL INFO NCCL_SOCKET_IFNAME set to eno7np0
MOC-R4PCC04U05:556615:556615 [1] NCCL INFO NCCL version 2.26.2+cuda12.2
MOC-R4PCC04U05:556616:556616 [2] NCCL INFO NCCL_SOCKET_IFNAME set to eno7np0
MOC-R4PCC04U05:556616:556616 [2] NCCL INFO NCCL version 2.26.2+cuda12.2
MOC-R4PCC04U05:556617:556617 [3] NCCL INFO NCCL_SOCKET_IFNAME set to eno7np0
MOC-R4PCC04U05:556617:556617 [3] NCCL INFO NCCL version 2.26.2+cuda12.2
MOC-R4PCC04U05:556616:556742 [2] NCCL INFO NET/Plugin: Could not find: libnccl-net.so. Using internal net plugin.
MOC-R4PCC04U05:556615:556741 [1] NCCL INFO NET/Plugin: Could not find: libnccl-net.so. Using internal net plugin.
MOC-R4PCC04U05:556617:556743 [3] NCCL INFO NET/Plugin: Could not find: libnccl-net.so. Using internal net plugin.
MOC-R4PCC04U05:556616:556742 [2] NCCL INFO NCCL_IB_HCA set to mlx5_5
MOC-R4PCC04U05:556615:556741 [1] NCCL INFO NCCL_IB_HCA set to mlx5_5
MOC-R4PCC04U05:556617:556743 [3] NCCL INFO NCCL_IB_HCA set to mlx5_5
MOC-R4PCC04U05:556616:556742 [2] NCCL INFO NET/IB : Made virtual device [0] name=mlx5_5 speed=400000 ndevs=1
MOC-R4PCC04U05:556616:556742 [2] NCCL INFO NET/IB : Using [0]mlx5_5:1/RoCE [RO]; OOB eno7np0:192.168.50.193<0>
MOC-R4PCC04U05:556615:556741 [1] NCCL INFO NET/IB : Made virtual device [0] name=mlx5_5 speed=400000 ndevs=1
MOC-R4PCC04U05:556617:556743 [3] NCCL INFO NET/IB : Made virtual device [0] name=mlx5_5 speed=400000 ndevs=1
MOC-R4PCC04U05:556615:556741 [1] NCCL INFO NET/IB : Using [0]mlx5_5:1/RoCE [RO]; OOB eno7np0:192.168.50.193<0>
MOC-R4PCC04U05:556617:556743 [3] NCCL INFO NET/IB : Using [0]mlx5_5:1/RoCE [RO]; OOB eno7np0:192.168.50.193<0>
MOC-R4PCC04U05:556616:556742 [2] NCCL INFO NET/IB : GPU Direct RDMA Enabled for HCA 0 'mlx5_5'
MOC-R4PCC04U05:556616:556742 [2] NCCL INFO NET/IB : Made virtual device [1] name=mlx5_5 speed=400000 ndevs=1
MOC-R4PCC04U05:556616:556742 [2] NCCL INFO NET/IB : GPU Direct RDMA Enabled for HCA 0 'mlx5_5'
MOC-R4PCC04U05:556616:556742 [2] NCCL INFO NET/IB : GPU Direct RDMA Enabled for HCA 1 'mlx5_5'
MOC-R4PCC04U05:556615:556741 [1] NCCL INFO NET/IB : GPU Direct RDMA Enabled for HCA 0 'mlx5_5'
MOC-R4PCC04U05:556615:556741 [1] NCCL INFO NET/IB : Made virtual device [1] name=mlx5_5 speed=400000 ndevs=1
MOC-R4PCC04U05:556615:556741 [1] NCCL INFO NET/IB : GPU Direct RDMA Enabled for HCA 0 'mlx5_5'
MOC-R4PCC04U05:556615:556741 [1] NCCL INFO NET/IB : GPU Direct RDMA Enabled for HCA 1 'mlx5_5'
MOC-R4PCC04U05:556614:556718 [0] NCCL INFO NET/IB : GPU Direct RDMA Enabled for HCA 0 'mlx5_5'
MOC-R4PCC04U05:556614:556718 [0] NCCL INFO NET/IB : Made virtual device [1] name=mlx5_5 speed=400000 ndevs=1
MOC-R4PCC04U05:556614:556718 [0] NCCL INFO NET/IB : GPU Direct RDMA Enabled for HCA 0 'mlx5_5'
MOC-R4PCC04U05:556614:556718 [0] NCCL INFO NET/IB : GPU Direct RDMA Enabled for HCA 1 'mlx5_5'
MOC-R4PCC04U05:556617:556743 [3] NCCL INFO NET/IB : GPU Direct RDMA Enabled for HCA 0 'mlx5_5'
MOC-R4PCC04U05:556617:556743 [3] NCCL INFO NET/IB : Made virtual device [1] name=mlx5_5 speed=400000 ndevs=1
MOC-R4PCC04U05:556617:556743 [3] NCCL INFO NET/IB : GPU Direct RDMA Enabled for HCA 0 'mlx5_5'
MOC-R4PCC04U05:556617:556743 [3] NCCL INFO NET/IB : GPU Direct RDMA Enabled for HCA 1 'mlx5_5'
MOC-R4PCC04U05:556615:556741 [1] NCCL INFO NCCL_NET_GDR_LEVEL set by environment to LOC
MOC-R4PCC04U05:556615:556741 [1] NCCL INFO GPU Direct RDMA Disabled for GPU 0 / HCA 1 (distance 5 > 0)
MOC-R4PCC04U05:556615:556741 [1] NCCL INFO GPU Direct RDMA Disabled for GPU 1 / HCA 1 (distance 5 > 0)
MOC-R4PCC04U05:556615:556741 [1] NCCL INFO GPU Direct RDMA Disabled for GPU 2 / HCA 1 (distance 5 > 0)
MOC-R4PCC04U05:556615:556741 [1] NCCL INFO GPU Direct RDMA Disabled for GPU 0 / HCA 1 (distance 5 > 0)
MOC-R4PCC04U05:556615:556741 [1] NCCL INFO GPU Direct RDMA Disabled for GPU 1 / HCA 1 (distance 5 > 0)
MOC-R4PCC04U05:556615:556741 [1] NCCL INFO GPU Direct RDMA Disabled for GPU 2 / HCA 1 (distance 5 > 0)
MOC-R4PCC04U05:556616:556742 [2] NCCL INFO NCCL_NET_GDR_LEVEL set by environment to LOC
MOC-R4PCC04U05:556616:556742 [2] NCCL INFO GPU Direct RDMA Disabled for GPU 0 / HCA 1 (distance 5 > 0)
MOC-R4PCC04U05:556616:556742 [2] NCCL INFO GPU Direct RDMA Disabled for GPU 1 / HCA 1 (distance 5 > 0)
MOC-R4PCC04U05:556616:556742 [2] NCCL INFO GPU Direct RDMA Disabled for GPU 2 / HCA 1 (distance 5 > 0)
MOC-R4PCC04U05:556616:556742 [2] NCCL INFO GPU Direct RDMA Disabled for GPU 0 / HCA 1 (distance 5 > 0)
MOC-R4PCC04U05:556616:556742 [2] NCCL INFO GPU Direct RDMA Disabled for GPU 1 / HCA 1 (distance 5 > 0)
MOC-R4PCC04U05:556616:556742 [2] NCCL INFO GPU Direct RDMA Disabled for GPU 2 / HCA 1 (distance 5 > 0)
MOC-R4PCC04U05:556614:556718 [0] NCCL INFO NCCL_NET_GDR_LEVEL set by environment to LOC
MOC-R4PCC04U05:556614:556718 [0] NCCL INFO GPU Direct RDMA Disabled for GPU 0 / HCA 1 (distance 5 > 0)
MOC-R4PCC04U05:556614:556718 [0] NCCL INFO GPU Direct RDMA Disabled for GPU 1 / HCA 1 (distance 5 > 0)
MOC-R4PCC04U05:556614:556718 [0] NCCL INFO GPU Direct RDMA Disabled for GPU 2 / HCA 1 (distance 5 > 0)
MOC-R4PCC04U05:556614:556718 [0] NCCL INFO GPU Direct RDMA Disabled for GPU 0 / HCA 1 (distance 5 > 0)
MOC-R4PCC04U05:556614:556718 [0] NCCL INFO GPU Direct RDMA Disabled for GPU 1 / HCA 1 (distance 5 > 0)
MOC-R4PCC04U05:556614:556718 [0] NCCL INFO GPU Direct RDMA Disabled for GPU 2 / HCA 1 (distance 5 > 0)
MOC-R4PCC04U05:556617:556743 [3] NCCL INFO NCCL_NET_GDR_LEVEL set by environment to LOC
MOC-R4PCC04U05:556617:556743 [3] NCCL INFO GPU Direct RDMA Disabled for GPU 0 / HCA 1 (distance 5 > 0)
MOC-R4PCC04U05:556617:556743 [3] NCCL INFO GPU Direct RDMA Disabled for GPU 1 / HCA 1 (distance 5 > 0)
MOC-R4PCC04U05:556617:556743 [3] NCCL INFO GPU Direct RDMA Disabled for GPU 2 / HCA 1 (distance 5 > 0)
MOC-R4PCC04U05:556617:556743 [3] NCCL INFO GPU Direct RDMA Disabled for GPU 0 / HCA 1 (distance 5 > 0)
MOC-R4PCC04U05:556617:556743 [3] NCCL INFO GPU Direct RDMA Disabled for GPU 1 / HCA 1 (distance 5 > 0)
MOC-R4PCC04U05:556617:556743 [3] NCCL INFO GPU Direct RDMA Disabled for GPU 2 / HCA 1 (distance 5 > 0)
MOC-R4PCC04U05:556616:556757 [2] NCCL INFO New proxy recv connection 0 from local rank 2, transport 0
MOC-R4PCC04U05:556616:556765 [2] NCCL INFO Connected to proxy localRank 2 -> connection 0x7f44b4004f30
MOC-R4PCC04U05:556614:556758 [0] NCCL INFO New proxy send connection 0 from local rank 0, transport 0
MOC-R4PCC04U05:556614:556766 [0] NCCL INFO Connected to proxy localRank 0 -> connection 0x7efaf8004f30
MOC-R4PCC04U05:556616:556757 [2] NCCL INFO New proxy recv connection 1 from local rank 2, transport 0
MOC-R4PCC04U05:556616:556765 [2] NCCL INFO Connected to proxy localRank 2 -> connection 0x7f44b4004fa8
MOC-R4PCC04U05:556614:556758 [0] NCCL INFO New proxy send connection 1 from local rank 0, transport 0
MOC-R4PCC04U05:556614:556766 [0] NCCL INFO Connected to proxy localRank 0 -> connection 0x7efaf8004fa8
MOC-R4PCC04U05:556615:556763 [1] NCCL INFO New proxy recv connection 0 from local rank 1, transport 0
MOC-R4PCC04U05:556615:556767 [1] NCCL INFO Connected to proxy localRank 1 -> connection 0x7f87dc004f30
MOC-R4PCC04U05:556616:556765 [2] NCCL INFO GPU Direct RDMA Disabled for GPU 2 / HCA 1 (distance 7 > 0)
MOC-R4PCC04U05:556614:556758 [0] NCCL INFO New proxy send connection 2 from local rank 0, transport 0
MOC-R4PCC04U05:556614:556766 [0] NCCL INFO Connected to proxy localRank 0 -> connection 0x7efaf8005020
MOC-R4PCC04U05:556615:556763 [1] NCCL INFO New proxy recv connection 1 from local rank 1, transport 0
MOC-R4PCC04U05:556614:556758 [0] NCCL INFO New proxy send connection 3 from local rank 0, transport 0
MOC-R4PCC04U05:556615:556767 [1] NCCL INFO Connected to proxy localRank 1 -> connection 0x7f87dc004fa8
MOC-R4PCC04U05:556614:556766 [0] NCCL INFO Connected to proxy localRank 0 -> connection 0x7efaf8005098
MOC-R4PCC04U05:556617:556760 [3] NCCL INFO New proxy recv connection 0 from local rank 3, transport 0
MOC-R4PCC04U05:556617:556768 [3] NCCL INFO Connected to proxy localRank 3 -> connection 0x7f4e0c004f30
MOC-R4PCC04U05:556617:556760 [3] NCCL INFO New proxy recv connection 1 from local rank 3, transport 0
MOC-R4PCC04U05:556617:556768 [3] NCCL INFO Connected to proxy localRank 3 -> connection 0x7f4e0c004fa8
MOC-R4PCC04U05:556617:556768 [3] NCCL INFO GPU Direct RDMA Disabled for GPU 3 / HCA 1 (distance 7 > 0)
MOC-R4PCC04U05:556616:556757 [2] NCCL INFO New proxy recv connection 2 from local rank 2, transport 2
MOC-R4PCC04U05:556616:556765 [2] NCCL INFO Connected to proxy localRank 2 -> connection 0x7f44b4005020
MOC-R4PCC04U05:556616:556765 [2] NCCL INFO Channel 00/0 : 11[3] -> 2[2] [receive] via NET/IB/1
MOC-R4PCC04U05:556616:556765 [2] NCCL INFO GPU Direct RDMA Disabled for GPU 2 / HCA 1 (distance 7 > 0)
MOC-R4PCC04U05:556616:556757 [2] NCCL INFO New proxy recv connection 3 from local rank 2, transport 2
MOC-R4PCC04U05:556616:556765 [2] NCCL INFO Connected to proxy localRank 2 -> connection 0x7f44b4005098
MOC-R4PCC04U05:556616:556765 [2] NCCL INFO Channel 02/0 : 11[3] -> 2[2] [receive] via NET/IB/1
MOC-R4PCC04U05:556617:556760 [3] NCCL INFO New proxy send connection 2 from local rank 3, transport 2
MOC-R4PCC04U05:556617:556768 [3] NCCL INFO Connected to proxy localRank 3 -> connection 0x7f4e0c005020
MOC-R4PCC04U05:556617:556768 [3] NCCL INFO Channel 00/0 : 3[3] -> 6[2] [send] via NET/IB/1
MOC-R4PCC04U05:556617:556768 [3] NCCL INFO GPU Direct RDMA Disabled for GPU 3 / HCA 1 (distance 7 > 0)
MOC-R4PCC04U05:556617:556760 [3] NCCL INFO New proxy send connection 3 from local rank 3, transport 2
MOC-R4PCC04U05:556617:556768 [3] NCCL INFO Connected to proxy localRank 3 -> connection 0x7f4e0c005098
MOC-R4PCC04U05:556617:556768 [3] NCCL INFO Channel 02/0 : 3[3] -> 6[2] [send] via NET/IB/1
MOC-R4PCC04U05:556614:556758 [0] NCCL INFO New proxy recv connection 4 from local rank 0, transport 0
MOC-R4PCC04U05:556614:556766 [0] NCCL INFO Connected to proxy localRank 0 -> connection 0x7efaf8005110
MOC-R4PCC04U05:556614:556758 [0] NCCL INFO New proxy recv connection 5 from local rank 0, transport 0
MOC-R4PCC04U05:556614:556766 [0] NCCL INFO Connected to proxy localRank 0 -> connection 0x7efaf8005188
MOC-R4PCC04U05:556614:556758 [0] NCCL INFO New proxy recv connection 6 from local rank 0, transport 0
MOC-R4PCC04U05:556614:556766 [0] NCCL INFO Connected to proxy localRank 0 -> connection 0x7efaf8005200
MOC-R4PCC04U05:556614:556758 [0] NCCL INFO New proxy recv connection 7 from local rank 0, transport 0
MOC-R4PCC04U05:556614:556766 [0] NCCL INFO Connected to proxy localRank 0 -> connection 0x7efaf8005278
MOC-R4PCC04U05:556616:556765 [2] NCCL INFO GPU Direct RDMA Disabled for GPU 2 / HCA 1 (distance 7 > 0)
MOC-R4PCC04U05:556616:556757 [2] NCCL INFO New proxy send connection 4 from local rank 2, transport 2
MOC-R4PCC04U05:556616:556765 [2] NCCL INFO Connected to proxy localRank 2 -> connection 0x7f44b4005110
MOC-R4PCC04U05:556616:556765 [2] NCCL INFO Channel 01/0 : 2[2] -> 7[3] [send] via NET/IB/1
MOC-R4PCC04U05:556616:556765 [2] NCCL INFO GPU Direct RDMA Disabled for GPU 2 / HCA 1 (distance 7 > 0)
MOC-R4PCC04U05:556616:556757 [2] NCCL INFO New proxy send connection 5 from local rank 2, transport 2
MOC-R4PCC04U05:556616:556765 [2] NCCL INFO Connected to proxy localRank 2 -> connection 0x7f44b4005188
MOC-R4PCC04U05:556616:556765 [2] NCCL INFO Channel 03/0 : 2[2] -> 7[3] [send] via NET/IB/1
MOC-R4PCC04U05:556617:556768 [3] NCCL INFO GPU Direct RDMA Disabled for GPU 3 / HCA 1 (distance 7 > 0)
MOC-R4PCC04U05:556617:556760 [3] NCCL INFO New proxy recv connection 4 from local rank 3, transport 2
MOC-R4PCC04U05:556617:556768 [3] NCCL INFO Connected to proxy localRank 3 -> connection 0x7f4e0c005110
MOC-R4PCC04U05:556617:556768 [3] NCCL INFO Channel 01/0 : 10[2] -> 3[3] [receive] via NET/IB/1
MOC-R4PCC04U05:556617:556768 [3] NCCL INFO GPU Direct RDMA Disabled for GPU 3 / HCA 1 (distance 7 > 0)
MOC-R4PCC04U05:556617:556760 [3] NCCL INFO New proxy recv connection 5 from local rank 3, transport 2
MOC-R4PCC04U05:556617:556768 [3] NCCL INFO Connected to proxy localRank 3 -> connection 0x7f4e0c005188
MOC-R4PCC04U05:556617:556768 [3] NCCL INFO Channel 03/0 : 10[2] -> 3[3] [receive] via NET/IB/1
MOC-R4PCC04U05:556616:556757 [2] NCCL INFO New proxy send connection 6 from local rank 2, transport 0
MOC-R4PCC04U05:556617:556760 [3] NCCL INFO New proxy send connection 6 from local rank 3, transport 0
MOC-R4PCC04U05:556616:556765 [2] NCCL INFO Connected to proxy localRank 2 -> connection 0x7f44b4005200
MOC-R4PCC04U05:556617:556768 [3] NCCL INFO Connected to proxy localRank 3 -> connection 0x7f4e0c005200
MOC-R4PCC04U05:556616:556757 [2] NCCL INFO New proxy send connection 7 from local rank 2, transport 0
MOC-R4PCC04U05:556616:556765 [2] NCCL INFO Connected to proxy localRank 2 -> connection 0x7f44b4005278
MOC-R4PCC04U05:556617:556760 [3] NCCL INFO New proxy send connection 7 from local rank 3, transport 0
MOC-R4PCC04U05:556617:556768 [3] NCCL INFO Connected to proxy localRank 3 -> connection 0x7f4e0c005278
MOC-R4PCC04U05:556615:556763 [1] NCCL INFO New proxy recv connection 2 from local rank 1, transport 0
MOC-R4PCC04U05:556615:556767 [1] NCCL INFO Connected to proxy localRank 1 -> connection 0x7f87dc005020
MOC-R4PCC04U05:556614:556758 [0] NCCL INFO New proxy send connection 8 from local rank 3, transport 0
MOC-R4PCC04U05:556617:556768 [3] NCCL INFO Connected to proxy localRank 0 -> connection 0x7efaf80052f0
MOC-R4PCC04U05:556615:556763 [1] NCCL INFO New proxy recv connection 3 from local rank 1, transport 0
MOC-R4PCC04U05:556615:556767 [1] NCCL INFO Connected to proxy localRank 1 -> connection 0x7f87dc005098
MOC-R4PCC04U05:556615:556763 [1] NCCL INFO New proxy send connection 4 from local rank 1, transport 0
MOC-R4PCC04U05:556615:556767 [1] NCCL INFO Connected to proxy localRank 1 -> connection 0x7f87dc005110
MOC-R4PCC04U05:556615:556763 [1] NCCL INFO New proxy send connection 5 from local rank 1, transport 0
MOC-R4PCC04U05:556615:556767 [1] NCCL INFO Connected to proxy localRank 1 -> connection 0x7f87dc005188
MOC-R4PCC04U05:556615:556763 [1] NCCL INFO New proxy send connection 6 from local rank 1, transport 0
MOC-R4PCC04U05:556615:556767 [1] NCCL INFO Connected to proxy localRank 1 -> connection 0x7f87dc005200
MOC-R4PCC04U05:556615:556763 [1] NCCL INFO New proxy send connection 7 from local rank 1, transport 0
MOC-R4PCC04U05:556615:556767 [1] NCCL INFO Connected to proxy localRank 1 -> connection 0x7f87dc005278
MOC-R4PCC04U05:556617:556760 [3] NCCL INFO New proxy send connection 8 from local rank 1, transport 0
MOC-R4PCC04U05:556615:556767 [1] NCCL INFO Connected to proxy localRank 3 -> connection 0x7f4e0c0052f0
MOC-R4PCC04U05:556615:556763 [1] NCCL INFO New proxy send connection 8 from local rank 3, transport 0
MOC-R4PCC04U05:556617:556768 [3] NCCL INFO Connected to proxy localRank 1 -> connection 0x7f87dc0052f0
MOC-R4PCC04U05:556614:556758 [0] NCCL INFO New proxy send connection 9 from local rank 2, transport 0
MOC-R4PCC04U05:556616:556765 [2] NCCL INFO Connected to proxy localRank 0 -> connection 0x7efaf8005368
MOC-R4PCC04U05:556616:556757 [2] NCCL INFO New proxy send connection 8 from local rank 0, transport 0
MOC-R4PCC04U05:556614:556766 [0] NCCL INFO Connected to proxy localRank 2 -> connection 0x7f44b40052f0
MOC-R4PCC04U05:556615:556763 [1] NCCL INFO New proxy send connection 9 from local rank 2, transport 0
MOC-R4PCC04U05:556616:556765 [2] NCCL INFO Connected to proxy localRank 1 -> connection 0x7f87dc005368
MOC-R4PCC04U05:556614:556758 [0] NCCL INFO New proxy send connection 10 from local rank 1, transport 0
MOC-R4PCC04U05:556615:556767 [1] NCCL INFO Connected to proxy localRank 0 -> connection 0x7efaf80053e0
MOC-R4PCC04U05:556617:556760 [3] NCCL INFO NET/IB: NCCL Dev 1 IbDev 0 Port 1 qpn 8770 mtu 3 query_ece={supported=1, vendor_id=0x15b3, options=0x30000002, comp_mask=0x0} GID 3 (0/C132A8C0FFFF0000) fifoRkey=0x17cb8a fifoLkey=0x17cb8a
MOC-R4PCC04U05:556617:556760 [3] NCCL INFO NET/IB: NCCL Dev 1 IbDev 0 Port 1 qpn 8771 mtu 3 query_ece={supported=1, vendor_id=0x15b3, options=0x30000002, comp_mask=0x0} GID 3 (0/C132A8C0FFFF0000) fifoRkey=0x172eed fifoLkey=0x172eed
MOC-R4PCC04U05:556617:556760 [3] NCCL INFO New proxy send connection 9 from local rank 0, transport 0
MOC-R4PCC04U05:556614:556766 [0] NCCL INFO Connected to proxy localRank 3 -> connection 0x7f4e0c005368
MOC-R4PCC04U05:556616:556757 [2] NCCL INFO NET/IB: NCCL Dev 1 IbDev 0 Port 1 qpn 8772 mtu 3 query_ece={supported=1, vendor_id=0x15b3, options=0x30000002, comp_mask=0x0} GID 3 (0/C132A8C0FFFF0000) fifoRkey=0x1722e1 fifoLkey=0x1722e1
MOC-R4PCC04U05:556616:556757 [2] NCCL INFO NET/IB: NCCL Dev 1 IbDev 0 Port 1 qpn 8773 mtu 3 query_ece={supported=1, vendor_id=0x15b3, options=0x30000002, comp_mask=0x0} GID 3 (0/C132A8C0FFFF0000) fifoRkey=0x173af9 fifoLkey=0x173af9
MOC-R4PCC04U05:556617:556760 [3] NCCL INFO NET/IB: IbDev 0 Port 1 qpn 8656 set_ece={supported=1, vendor_id=0x15b3, options=0x0, comp_mask=0x0}
MOC-R4PCC04U05:556616:556757 [2] NCCL INFO NET/IB: IbDev 0 Port 1 qpn 8658 set_ece={supported=1, vendor_id=0x15b3, options=0x0, comp_mask=0x0}
MOC-R4PCC04U05:556617:556760 [3] NCCL INFO NET/IB: IbDev 0 Port 1 qpn 8660 set_ece={supported=1, vendor_id=0x15b3, options=0x0, comp_mask=0x0}
MOC-R4PCC04U05:556616:556757 [2] NCCL INFO NET/IB: IbDev 0 Port 1 qpn 8662 set_ece={supported=1, vendor_id=0x15b3, options=0x0, comp_mask=0x0}
MOC-R4PCC04U05:556615:556763 [1] NCCL INFO New proxy send connection 10 from local rank 0, transport 0
MOC-R4PCC04U05:556614:556766 [0] NCCL INFO Connected to proxy localRank 1 -> connection 0x7f87dc0053e0
MOC-R4PCC04U05:556616:556757 [2] NCCL INFO New proxy send connection 9 from local rank 1, transport 0
MOC-R4PCC04U05:556615:556767 [1] NCCL INFO Connected to proxy localRank 2 -> connection 0x7f44b4005368
num decayed parameter tensors: 50, with 124,318,464 parameters
num non-decayed parameter tensors: 98, with 121,344 parameters
using fused AdamW: False
using regular AdamW
MOC-R4PCC04U05:556614:556758 [0] NCCL INFO New proxy send connection 11 from local rank 0, transport 0
MOC-R4PCC04U05:556614:557459 [0] NCCL INFO Connected to proxy localRank 0 -> connection 0x7efaf8005458
MOC-R4PCC04U05:556614:556758 [0] NCCL INFO New proxy send connection 12 from local rank 0, transport 0
MOC-R4PCC04U05:556614:557459 [0] NCCL INFO Connected to proxy localRank 0 -> connection 0x7efaf80054d0
MOC-R4PCC04U05:556614:556758 [0] NCCL INFO New proxy send connection 13 from local rank 0, transport 0
MOC-R4PCC04U05:556614:557459 [0] NCCL INFO Connected to proxy localRank 0 -> connection 0x7efaf8005548
MOC-R4PCC04U05:556614:556758 [0] NCCL INFO New proxy send connection 14 from local rank 0, transport 0
MOC-R4PCC04U05:556614:557459 [0] NCCL INFO Connected to proxy localRank 0 -> connection 0x7efaf80055c0
MOC-R4PCC04U05:556616:556757 [2] NCCL INFO New proxy recv connection 10 from local rank 2, transport 0
MOC-R4PCC04U05:556616:557460 [2] NCCL INFO Connected to proxy localRank 2 -> connection 0x7f44b40053e0
MOC-R4PCC04U05:556616:556757 [2] NCCL INFO New proxy recv connection 11 from local rank 2, transport 0
MOC-R4PCC04U05:556616:557460 [2] NCCL INFO Connected to proxy localRank 2 -> connection 0x7f44b4005458
MOC-R4PCC04U05:556616:556757 [2] NCCL INFO New proxy recv connection 12 from local rank 2, transport 0
MOC-R4PCC04U05:556616:557460 [2] NCCL INFO Connected to proxy localRank 2 -> connection 0x7f44b40054d0
MOC-R4PCC04U05:556616:556757 [2] NCCL INFO New proxy recv connection 13 from local rank 2, transport 0
MOC-R4PCC04U05:556616:557460 [2] NCCL INFO Connected to proxy localRank 2 -> connection 0x7f44b4005548
MOC-R4PCC04U05:556617:556760 [3] NCCL INFO New proxy recv connection 10 from local rank 3, transport 0
MOC-R4PCC04U05:556617:557461 [3] NCCL INFO Connected to proxy localRank 3 -> connection 0x7f4e0c0053e0
MOC-R4PCC04U05:556617:556760 [3] NCCL INFO New proxy recv connection 11 from local rank 3, transport 0
MOC-R4PCC04U05:556617:557461 [3] NCCL INFO Connected to proxy localRank 3 -> connection 0x7f4e0c005458
MOC-R4PCC04U05:556615:556763 [1] NCCL INFO New proxy recv connection 11 from local rank 1, transport 0
MOC-R4PCC04U05:556615:557462 [1] NCCL INFO Connected to proxy localRank 1 -> connection 0x7f87dc005458
MOC-R4PCC04U05:556615:556763 [1] NCCL INFO New proxy recv connection 12 from local rank 1, transport 0
MOC-R4PCC04U05:556615:557462 [1] NCCL INFO Connected to proxy localRank 1 -> connection 0x7f87dc0054d0
MOC-R4PCC04U05:556615:556763 [1] NCCL INFO New proxy recv connection 13 from local rank 1, transport 0
MOC-R4PCC04U05:556615:557462 [1] NCCL INFO Connected to proxy localRank 1 -> connection 0x7f87dc005548
MOC-R4PCC04U05:556615:556763 [1] NCCL INFO New proxy recv connection 14 from local rank 1, transport 0
MOC-R4PCC04U05:556615:557462 [1] NCCL INFO Connected to proxy localRank 1 -> connection 0x7f87dc0055c0
MOC-R4PCC04U05:556615:556763 [1] NCCL INFO New proxy send connection 15 from local rank 1, transport 0
MOC-R4PCC04U05:556615:557462 [1] NCCL INFO Connected to proxy localRank 1 -> connection 0x7f87dc005638
MOC-R4PCC04U05:556615:556763 [1] NCCL INFO New proxy send connection 16 from local rank 1, transport 0
MOC-R4PCC04U05:556615:557462 [1] NCCL INFO Connected to proxy localRank 1 -> connection 0x7f87dc0056b0
MOC-R4PCC04U05:556615:556763 [1] NCCL INFO New proxy send connection 17 from local rank 1, transport 0
MOC-R4PCC04U05:556615:557462 [1] NCCL INFO Connected to proxy localRank 1 -> connection 0x7f87dc005728
MOC-R4PCC04U05:556615:556763 [1] NCCL INFO New proxy send connection 18 from local rank 1, transport 0
MOC-R4PCC04U05:556615:557462 [1] NCCL INFO Connected to proxy localRank 1 -> connection 0x7f87dc0057a0
MOC-R4PCC04U05:556615:556763 [1] NCCL INFO New proxy recv connection 19 from local rank 1, transport 0
MOC-R4PCC04U05:556614:556758 [0] NCCL INFO New proxy send connection 15 from local rank 0, transport 0
MOC-R4PCC04U05:556615:557462 [1] NCCL INFO Connected to proxy localRank 1 -> connection 0x7f87dc005818
MOC-R4PCC04U05:556614:557459 [0] NCCL INFO Connected to proxy localRank 0 -> connection 0x7efaf8005638
MOC-R4PCC04U05:556616:556757 [2] NCCL INFO New proxy send connection 14 from local rank 2, transport 0
MOC-R4PCC04U05:556616:557460 [2] NCCL INFO Connected to proxy localRank 2 -> connection 0x7f44b40055c0
MOC-R4PCC04U05:556615:556763 [1] NCCL INFO New proxy recv connection 20 from local rank 1, transport 0
MOC-R4PCC04U05:556615:557462 [1] NCCL INFO Connected to proxy localRank 1 -> connection 0x7f87dc005890
MOC-R4PCC04U05:556616:556757 [2] NCCL INFO New proxy send connection 15 from local rank 2, transport 0
MOC-R4PCC04U05:556616:557460 [2] NCCL INFO Connected to proxy localRank 2 -> connection 0x7f44b4005638
MOC-R4PCC04U05:556614:556758 [0] NCCL INFO New proxy send connection 16 from local rank 0, transport 0
MOC-R4PCC04U05:556614:557459 [0] NCCL INFO Connected to proxy localRank 0 -> connection 0x7efaf80056b0
MOC-R4PCC04U05:556617:557461 [3] NCCL INFO GPU Direct RDMA Disabled for GPU 3 / HCA 1 (distance 7 > 0)
MOC-R4PCC04U05:556614:556758 [0] NCCL INFO New proxy recv connection 17 from local rank 0, transport 0
MOC-R4PCC04U05:556614:557459 [0] NCCL INFO Connected to proxy localRank 0 -> connection 0x7efaf8005728
MOC-R4PCC04U05:556617:556760 [3] NCCL INFO New proxy recv connection 12 from local rank 3, transport 2
MOC-R4PCC04U05:556617:557461 [3] NCCL INFO Connected to proxy localRank 3 -> connection 0x7f4e0c0054d0
MOC-R4PCC04U05:556617:557461 [3] NCCL INFO Channel 00/0 : 11[3] -> 3[3] [receive] via NET/IB/1
MOC-R4PCC04U05:556617:557461 [3] NCCL INFO GPU Direct RDMA Disabled for GPU 3 / HCA 1 (distance 7 > 0)
MOC-R4PCC04U05:556617:556760 [3] NCCL INFO New proxy recv connection 13 from local rank 3, transport 2
MOC-R4PCC04U05:556617:557461 [3] NCCL INFO Connected to proxy localRank 3 -> connection 0x7f4e0c005548
MOC-R4PCC04U05:556614:556758 [0] NCCL INFO New proxy recv connection 18 from local rank 0, transport 0
MOC-R4PCC04U05:556614:557459 [0] NCCL INFO Connected to proxy localRank 0 -> connection 0x7efaf80057a0
MOC-R4PCC04U05:556617:557461 [3] NCCL INFO Channel 01/0 : 11[3] -> 3[3] [receive] via NET/IB/1
MOC-R4PCC04U05:556617:557461 [3] NCCL INFO GPU Direct RDMA Disabled for GPU 3 / HCA 1 (distance 7 > 0)
MOC-R4PCC04U05:556617:556760 [3] NCCL INFO New proxy recv connection 14 from local rank 3, transport 2
MOC-R4PCC04U05:556617:557461 [3] NCCL INFO Connected to proxy localRank 3 -> connection 0x7f4e0c0055c0
MOC-R4PCC04U05:556617:557461 [3] NCCL INFO Channel 02/0 : 11[3] -> 3[3] [receive] via NET/IB/1
MOC-R4PCC04U05:556617:557461 [3] NCCL INFO GPU Direct RDMA Disabled for GPU 3 / HCA 1 (distance 7 > 0)
MOC-R4PCC04U05:556617:556760 [3] NCCL INFO New proxy recv connection 15 from local rank 3, transport 2
MOC-R4PCC04U05:556617:557461 [3] NCCL INFO Connected to proxy localRank 3 -> connection 0x7f4e0c005638
MOC-R4PCC04U05:556617:557461 [3] NCCL INFO Channel 03/0 : 11[3] -> 3[3] [receive] via NET/IB/1
MOC-R4PCC04U05:556617:557461 [3] NCCL INFO GPU Direct RDMA Disabled for GPU 3 / HCA 1 (distance 7 > 0)
MOC-R4PCC04U05:556617:556760 [3] NCCL INFO New proxy send connection 16 from local rank 3, transport 2
MOC-R4PCC04U05:556617:557461 [3] NCCL INFO Connected to proxy localRank 3 -> connection 0x7f4e0c0056b0
MOC-R4PCC04U05:556617:557461 [3] NCCL INFO Channel 02/0 : 3[3] -> 7[3] [send] via NET/IB/1
MOC-R4PCC04U05:556617:557461 [3] NCCL INFO GPU Direct RDMA Disabled for GPU 3 / HCA 1 (distance 7 > 0)
MOC-R4PCC04U05:556617:556760 [3] NCCL INFO New proxy send connection 17 from local rank 3, transport 2
MOC-R4PCC04U05:556617:557461 [3] NCCL INFO Connected to proxy localRank 3 -> connection 0x7f4e0c005728
MOC-R4PCC04U05:556617:557461 [3] NCCL INFO Channel 03/0 : 3[3] -> 7[3] [send] via NET/IB/1
MOC-R4PCC04U05:556617:557461 [3] NCCL INFO GPU Direct RDMA Disabled for GPU 3 / HCA 1 (distance 7 > 0)
MOC-R4PCC04U05:556617:556760 [3] NCCL INFO New proxy recv connection 18 from local rank 3, transport 2
MOC-R4PCC04U05:556617:557461 [3] NCCL INFO Connected to proxy localRank 3 -> connection 0x7f4e0c0057a0
MOC-R4PCC04U05:556617:557461 [3] NCCL INFO Channel 02/0 : 7[3] -> 3[3] [receive] via NET/IB/1
MOC-R4PCC04U05:556617:557461 [3] NCCL INFO GPU Direct RDMA Disabled for GPU 3 / HCA 1 (distance 7 > 0)
MOC-R4PCC04U05:556617:556760 [3] NCCL INFO New proxy recv connection 19 from local rank 3, transport 2
MOC-R4PCC04U05:556617:557461 [3] NCCL INFO Connected to proxy localRank 3 -> connection 0x7f4e0c005818
MOC-R4PCC04U05:556617:557461 [3] NCCL INFO Channel 03/0 : 7[3] -> 3[3] [receive] via NET/IB/1
MOC-R4PCC04U05:556617:557461 [3] NCCL INFO GPU Direct RDMA Disabled for GPU 3 / HCA 1 (distance 7 > 0)
MOC-R4PCC04U05:556617:556760 [3] NCCL INFO New proxy send connection 20 from local rank 3, transport 2
MOC-R4PCC04U05:556617:557461 [3] NCCL INFO Connected to proxy localRank 3 -> connection 0x7f4e0c005890
MOC-R4PCC04U05:556617:557461 [3] NCCL INFO Channel 00/0 : 3[3] -> 11[3] [send] via NET/IB/1
MOC-R4PCC04U05:556617:557461 [3] NCCL INFO GPU Direct RDMA Disabled for GPU 3 / HCA 1 (distance 7 > 0)
MOC-R4PCC04U05:556617:556760 [3] NCCL INFO New proxy send connection 21 from local rank 3, transport 2
MOC-R4PCC04U05:556617:557461 [3] NCCL INFO Connected to proxy localRank 3 -> connection 0x7f4e0c005908
MOC-R4PCC04U05:556617:557461 [3] NCCL INFO Channel 01/0 : 3[3] -> 11[3] [send] via NET/IB/1
MOC-R4PCC04U05:556617:557461 [3] NCCL INFO GPU Direct RDMA Disabled for GPU 3 / HCA 1 (distance 7 > 0)
MOC-R4PCC04U05:556617:556760 [3] NCCL INFO New proxy send connection 22 from local rank 3, transport 2
MOC-R4PCC04U05:556617:557461 [3] NCCL INFO Connected to proxy localRank 3 -> connection 0x7f4e0c005980
MOC-R4PCC04U05:556617:557461 [3] NCCL INFO Channel 02/0 : 3[3] -> 11[3] [send] via NET/IB/1
MOC-R4PCC04U05:556617:557461 [3] NCCL INFO GPU Direct RDMA Disabled for GPU 3 / HCA 1 (distance 7 > 0)
MOC-R4PCC04U05:556617:556760 [3] NCCL INFO New proxy send connection 23 from local rank 3, transport 2
MOC-R4PCC04U05:556617:557461 [3] NCCL INFO Connected to proxy localRank 3 -> connection 0x7f4e0c0059f8
MOC-R4PCC04U05:556617:557461 [3] NCCL INFO Channel 03/0 : 3[3] -> 11[3] [send] via NET/IB/1
MOC-R4PCC04U05:556614:556758 [0] NCCL INFO New proxy recv connection 19 from local rank 0, transport 0
MOC-R4PCC04U05:556617:556760 [3] NCCL INFO New proxy send connection 24 from local rank 3, transport 0
MOC-R4PCC04U05:556614:557459 [0] NCCL INFO Connected to proxy localRank 0 -> connection 0x7efaf8005818
MOC-R4PCC04U05:556617:557461 [3] NCCL INFO Connected to proxy localRank 3 -> connection 0x7f4e0c005a70
MOC-R4PCC04U05:556614:556758 [0] NCCL INFO New proxy recv connection 20 from local rank 0, transport 0
MOC-R4PCC04U05:556614:557459 [0] NCCL INFO Connected to proxy localRank 0 -> connection 0x7efaf8005890
MOC-R4PCC04U05:556617:556760 [3] NCCL INFO New proxy send connection 25 from local rank 3, transport 0
MOC-R4PCC04U05:556617:557461 [3] NCCL INFO Connected to proxy localRank 3 -> connection 0x7f4e0c005ae8
MOC-R4PCC04U05:556617:556760 [3] NCCL INFO New proxy send connection 26 from local rank 3, transport 0
MOC-R4PCC04U05:556617:557461 [3] NCCL INFO Connected to proxy localRank 3 -> connection 0x7f4e0c005b60
MOC-R4PCC04U05:556617:556760 [3] NCCL INFO New proxy send connection 27 from local rank 3, transport 0
MOC-R4PCC04U05:556617:557461 [3] NCCL INFO Connected to proxy localRank 3 -> connection 0x7f4e0c005bd8
MOC-R4PCC04U05:556617:556760 [3] NCCL INFO NET/IB: NCCL Dev 1 IbDev 0 Port 1 qpn 8776 mtu 3 query_ece={supported=1, vendor_id=0x15b3, options=0x30000002, comp_mask=0x0} GID 3 (0/C132A8C0FFFF0000) fifoRkey=0x176c2b fifoLkey=0x176c2b
MOC-R4PCC04U05:556617:556760 [3] NCCL INFO NET/IB: NCCL Dev 1 IbDev 0 Port 1 qpn 8777 mtu 3 query_ece={supported=1, vendor_id=0x15b3, options=0x30000002, comp_mask=0x0} GID 3 (0/C132A8C0FFFF0000) fifoRkey=0x17e1a0 fifoLkey=0x17e1a0
MOC-R4PCC04U05:556617:556760 [3] NCCL INFO NET/IB: IbDev 0 Port 1 qpn 8674 set_ece={supported=1, vendor_id=0x15b3, options=0x0, comp_mask=0x0}
MOC-R4PCC04U05:556617:556760 [3] NCCL INFO NET/IB: IbDev 0 Port 1 qpn 8676 set_ece={supported=1, vendor_id=0x15b3, options=0x0, comp_mask=0x0}
MOC-R4PCC04U05:556617:556760 [3] NCCL INFO NET/IB: NCCL Dev 1 IbDev 0 Port 1 qpn 8786 mtu 3 query_ece={supported=1, vendor_id=0x15b3, options=0x30000002, comp_mask=0x0} GID 3 (0/C132A8C0FFFF0000) fifoRkey=0x175412 fifoLkey=0x175412
MOC-R4PCC04U05:556617:556760 [3] NCCL INFO NET/IB: NCCL Dev 1 IbDev 0 Port 1 qpn 8787 mtu 3 query_ece={supported=1, vendor_id=0x15b3, options=0x30000002, comp_mask=0x0} GID 3 (0/C132A8C0FFFF0000) fifoRkey=0x170bca fifoLkey=0x170bca
MOC-R4PCC04U05:556617:556760 [3] NCCL INFO NET/IB: NCCL Dev 1 IbDev 0 Port 1 qpn 8788 mtu 3 query_ece={supported=1, vendor_id=0x15b3, options=0x30000002, comp_mask=0x0} GID 3 (0/C132A8C0FFFF0000) fifoRkey=0x179c5b fifoLkey=0x179c5b
MOC-R4PCC04U05:556617:556760 [3] NCCL INFO NET/IB: NCCL Dev 1 IbDev 0 Port 1 qpn 8789 mtu 3 query_ece={supported=1, vendor_id=0x15b3, options=0x30000002, comp_mask=0x0} GID 3 (0/C132A8C0FFFF0000) fifoRkey=0x17a767 fifoLkey=0x17a767
MOC-R4PCC04U05:556617:556760 [3] NCCL INFO NET/IB: IbDev 0 Port 1 qpn 5832 set_ece={supported=1, vendor_id=0x15b3, options=0x0, comp_mask=0x0}
MOC-R4PCC04U05:556617:556760 [3] NCCL INFO NET/IB: IbDev 0 Port 1 qpn 5834 set_ece={supported=1, vendor_id=0x15b3, options=0x0, comp_mask=0x0}
MOC-R4PCC04U05:556617:556760 [3] NCCL INFO NET/IB: IbDev 0 Port 1 qpn 5836 set_ece={supported=1, vendor_id=0x15b3, options=0x0, comp_mask=0x0}
MOC-R4PCC04U05:556617:556760 [3] NCCL INFO NET/IB: IbDev 0 Port 1 qpn 5838 set_ece={supported=1, vendor_id=0x15b3, options=0x0, comp_mask=0x0}
step    1/10 | train loss 11.009466 | norm 15.3152 | lr 1.00e-04 | (14464.68 ms | 190292 tok/s)
step    2/10 | train loss 10.139434 | norm 5.7209 | lr 1.00e-04 | (640.07 ms | 4300336 tok/s)
step    3/10 | train loss 9.799346 | norm 2.6024 | lr 1.00e-04 | (579.78 ms | 4747504 tok/s)
step    4/10 | train loss 9.630251 | norm 2.1077 | lr 1.00e-04 | (645.10 ms | 4266830 tok/s)
step    5/10 | train loss 9.547256 | norm 2.0986 | lr 1.00e-04 | (574.61 ms | 4790232 tok/s)
step    6/10 | train loss 9.466181 | norm 1.9943 | lr 1.00e-04 | (589.50 ms | 4669270 tok/s)
step    7/10 | train loss 9.380589 | norm 1.9438 | lr 1.00e-04 | (629.92 ms | 4369641 tok/s)
step    8/10 | train loss 9.288687 | norm 1.9109 | lr 1.00e-04 | (576.21 ms | 4776891 tok/s)
step    9/10 | train loss 9.193279 | norm 1.8533 | lr 1.00e-04 | (639.14 ms | 4306586 tok/s)
step   10/10 | train loss 9.109074 | norm 1.7962 | lr 1.00e-04 | (638.12 ms | 4313478 tok/s)
final 9 iters avg: 612.493ms
peak memory consumption: 16601 MiB
