Running pytorch 2.7.0+cu126
using device: cuda:0
total desired batch size: 524288
=> calculated gradient accumulation steps: 1
using device: cuda:3
using device: cuda:1
using device: cuda:2
compiling the model...
DataLoader: total number of tokens: 1,661,249,667 across 103 files
MOC-R4PCC04U05:651989:651989 [0] NCCL INFO NCCL_SOCKET_IFNAME set to eno7np0
MOC-R4PCC04U05:651989:651989 [0] NCCL INFO NCCL version 2.26.2+cuda12.2
MOC-R4PCC04U05:651989:652096 [0] NCCL INFO NET/Plugin: Could not find: libnccl-net.so. Using internal net plugin.
MOC-R4PCC04U05:651989:652096 [0] NCCL INFO NCCL_IB_HCA set to mlx5_5
MOC-R4PCC04U05:651992:651992 [3] NCCL INFO NCCL_SOCKET_IFNAME set to eno7np0
MOC-R4PCC04U05:651992:651992 [3] NCCL INFO NCCL version 2.26.2+cuda12.2
MOC-R4PCC04U05:651990:651990 [1] NCCL INFO NCCL_SOCKET_IFNAME set to eno7np0
MOC-R4PCC04U05:651990:651990 [1] NCCL INFO NCCL version 2.26.2+cuda12.2
MOC-R4PCC04U05:651989:652096 [0] NCCL INFO NET/IB : Made virtual device [0] name=mlx5_5 speed=400000 ndevs=1
MOC-R4PCC04U05:651989:652096 [0] NCCL INFO NET/IB : Using [0]mlx5_5:1/RoCE [RO]; OOB eno7np0:192.168.50.193<0>
MOC-R4PCC04U05:651991:651991 [2] NCCL INFO NCCL_SOCKET_IFNAME set to eno7np0
MOC-R4PCC04U05:651991:651991 [2] NCCL INFO NCCL version 2.26.2+cuda12.2
MOC-R4PCC04U05:651990:652119 [1] NCCL INFO NET/Plugin: Could not find: libnccl-net.so. Using internal net plugin.
MOC-R4PCC04U05:651992:652118 [3] NCCL INFO NET/Plugin: Could not find: libnccl-net.so. Using internal net plugin.
MOC-R4PCC04U05:651990:652119 [1] NCCL INFO NCCL_IB_HCA set to mlx5_5
MOC-R4PCC04U05:651992:652118 [3] NCCL INFO NCCL_IB_HCA set to mlx5_5
MOC-R4PCC04U05:651991:652121 [2] NCCL INFO NET/Plugin: Could not find: libnccl-net.so. Using internal net plugin.
MOC-R4PCC04U05:651990:652119 [1] NCCL INFO NET/IB : Made virtual device [0] name=mlx5_5 speed=400000 ndevs=1
MOC-R4PCC04U05:651990:652119 [1] NCCL INFO NET/IB : Using [0]mlx5_5:1/RoCE [RO]; OOB eno7np0:192.168.50.193<0>
MOC-R4PCC04U05:651992:652118 [3] NCCL INFO NET/IB : Made virtual device [0] name=mlx5_5 speed=400000 ndevs=1
MOC-R4PCC04U05:651992:652118 [3] NCCL INFO NET/IB : Using [0]mlx5_5:1/RoCE [RO]; OOB eno7np0:192.168.50.193<0>
MOC-R4PCC04U05:651991:652121 [2] NCCL INFO NCCL_IB_HCA set to mlx5_5
MOC-R4PCC04U05:651991:652121 [2] NCCL INFO NET/IB : Made virtual device [0] name=mlx5_5 speed=400000 ndevs=1
MOC-R4PCC04U05:651991:652121 [2] NCCL INFO NET/IB : Using [0]mlx5_5:1/RoCE [RO]; OOB eno7np0:192.168.50.193<0>
MOC-R4PCC04U05:651991:652121 [2] NCCL INFO NET/IB : GPU Direct RDMA Enabled for HCA 0 'mlx5_5'
MOC-R4PCC04U05:651991:652121 [2] NCCL INFO NET/IB : Made virtual device [1] name=mlx5_5 speed=400000 ndevs=1
MOC-R4PCC04U05:651991:652121 [2] NCCL INFO NET/IB : GPU Direct RDMA Enabled for HCA 0 'mlx5_5'
MOC-R4PCC04U05:651991:652121 [2] NCCL INFO NET/IB : GPU Direct RDMA Enabled for HCA 1 'mlx5_5'
MOC-R4PCC04U05:651990:652119 [1] NCCL INFO NET/IB : GPU Direct RDMA Enabled for HCA 0 'mlx5_5'
MOC-R4PCC04U05:651990:652119 [1] NCCL INFO NET/IB : Made virtual device [1] name=mlx5_5 speed=400000 ndevs=1
MOC-R4PCC04U05:651990:652119 [1] NCCL INFO NET/IB : GPU Direct RDMA Enabled for HCA 0 'mlx5_5'
MOC-R4PCC04U05:651990:652119 [1] NCCL INFO NET/IB : GPU Direct RDMA Enabled for HCA 1 'mlx5_5'
MOC-R4PCC04U05:651989:652096 [0] NCCL INFO NET/IB : GPU Direct RDMA Enabled for HCA 0 'mlx5_5'
MOC-R4PCC04U05:651989:652096 [0] NCCL INFO NET/IB : Made virtual device [1] name=mlx5_5 speed=400000 ndevs=1
MOC-R4PCC04U05:651989:652096 [0] NCCL INFO NET/IB : GPU Direct RDMA Enabled for HCA 0 'mlx5_5'
MOC-R4PCC04U05:651989:652096 [0] NCCL INFO NET/IB : GPU Direct RDMA Enabled for HCA 1 'mlx5_5'
MOC-R4PCC04U05:651992:652118 [3] NCCL INFO NET/IB : GPU Direct RDMA Enabled for HCA 0 'mlx5_5'
MOC-R4PCC04U05:651992:652118 [3] NCCL INFO NET/IB : Made virtual device [1] name=mlx5_5 speed=400000 ndevs=1
MOC-R4PCC04U05:651992:652118 [3] NCCL INFO NET/IB : GPU Direct RDMA Enabled for HCA 0 'mlx5_5'
MOC-R4PCC04U05:651992:652118 [3] NCCL INFO NET/IB : GPU Direct RDMA Enabled for HCA 1 'mlx5_5'
MOC-R4PCC04U05:651989:652096 [0] NCCL INFO NCCL_NET_GDR_LEVEL set by environment to LOC
MOC-R4PCC04U05:651989:652096 [0] NCCL INFO GPU Direct RDMA Disabled for GPU 0 / HCA 1 (distance 5 > 0)
MOC-R4PCC04U05:651989:652096 [0] NCCL INFO GPU Direct RDMA Disabled for GPU 1 / HCA 1 (distance 5 > 0)
MOC-R4PCC04U05:651989:652096 [0] NCCL INFO GPU Direct RDMA Disabled for GPU 2 / HCA 1 (distance 5 > 0)
MOC-R4PCC04U05:651989:652096 [0] NCCL INFO GPU Direct RDMA Disabled for GPU 0 / HCA 1 (distance 5 > 0)
MOC-R4PCC04U05:651989:652096 [0] NCCL INFO GPU Direct RDMA Disabled for GPU 1 / HCA 1 (distance 5 > 0)
MOC-R4PCC04U05:651989:652096 [0] NCCL INFO GPU Direct RDMA Disabled for GPU 2 / HCA 1 (distance 5 > 0)
MOC-R4PCC04U05:651990:652119 [1] NCCL INFO NCCL_NET_GDR_LEVEL set by environment to LOC
MOC-R4PCC04U05:651990:652119 [1] NCCL INFO GPU Direct RDMA Disabled for GPU 0 / HCA 1 (distance 5 > 0)
MOC-R4PCC04U05:651990:652119 [1] NCCL INFO GPU Direct RDMA Disabled for GPU 1 / HCA 1 (distance 5 > 0)
MOC-R4PCC04U05:651990:652119 [1] NCCL INFO GPU Direct RDMA Disabled for GPU 2 / HCA 1 (distance 5 > 0)
MOC-R4PCC04U05:651990:652119 [1] NCCL INFO GPU Direct RDMA Disabled for GPU 0 / HCA 1 (distance 5 > 0)
MOC-R4PCC04U05:651990:652119 [1] NCCL INFO GPU Direct RDMA Disabled for GPU 1 / HCA 1 (distance 5 > 0)
MOC-R4PCC04U05:651990:652119 [1] NCCL INFO GPU Direct RDMA Disabled for GPU 2 / HCA 1 (distance 5 > 0)
MOC-R4PCC04U05:651992:652118 [3] NCCL INFO NCCL_NET_GDR_LEVEL set by environment to LOC
MOC-R4PCC04U05:651992:652118 [3] NCCL INFO GPU Direct RDMA Disabled for GPU 0 / HCA 1 (distance 5 > 0)
MOC-R4PCC04U05:651992:652118 [3] NCCL INFO GPU Direct RDMA Disabled for GPU 1 / HCA 1 (distance 5 > 0)
MOC-R4PCC04U05:651992:652118 [3] NCCL INFO GPU Direct RDMA Disabled for GPU 2 / HCA 1 (distance 5 > 0)
MOC-R4PCC04U05:651992:652118 [3] NCCL INFO GPU Direct RDMA Disabled for GPU 0 / HCA 1 (distance 5 > 0)
MOC-R4PCC04U05:651992:652118 [3] NCCL INFO GPU Direct RDMA Disabled for GPU 1 / HCA 1 (distance 5 > 0)
MOC-R4PCC04U05:651992:652118 [3] NCCL INFO GPU Direct RDMA Disabled for GPU 2 / HCA 1 (distance 5 > 0)
MOC-R4PCC04U05:651991:652121 [2] NCCL INFO NCCL_NET_GDR_LEVEL set by environment to LOC
MOC-R4PCC04U05:651991:652121 [2] NCCL INFO GPU Direct RDMA Disabled for GPU 0 / HCA 1 (distance 5 > 0)
MOC-R4PCC04U05:651991:652121 [2] NCCL INFO GPU Direct RDMA Disabled for GPU 1 / HCA 1 (distance 5 > 0)
MOC-R4PCC04U05:651991:652121 [2] NCCL INFO GPU Direct RDMA Disabled for GPU 2 / HCA 1 (distance 5 > 0)
MOC-R4PCC04U05:651991:652121 [2] NCCL INFO GPU Direct RDMA Disabled for GPU 0 / HCA 1 (distance 5 > 0)
MOC-R4PCC04U05:651991:652121 [2] NCCL INFO GPU Direct RDMA Disabled for GPU 1 / HCA 1 (distance 5 > 0)
MOC-R4PCC04U05:651991:652121 [2] NCCL INFO GPU Direct RDMA Disabled for GPU 2 / HCA 1 (distance 5 > 0)
MOC-R4PCC04U05:651989:652137 [0] NCCL INFO New proxy send connection 0 from local rank 0, transport 0
MOC-R4PCC04U05:651989:652141 [0] NCCL INFO Connected to proxy localRank 0 -> connection 0x7fe0ec004f30
MOC-R4PCC04U05:651989:652137 [0] NCCL INFO New proxy send connection 1 from local rank 0, transport 0
MOC-R4PCC04U05:651989:652141 [0] NCCL INFO Connected to proxy localRank 0 -> connection 0x7fe0ec004fa8
MOC-R4PCC04U05:651990:652133 [1] NCCL INFO New proxy recv connection 0 from local rank 1, transport 0
MOC-R4PCC04U05:651990:652143 [1] NCCL INFO Connected to proxy localRank 1 -> connection 0x7f9dc8004f30
MOC-R4PCC04U05:651991:652135 [2] NCCL INFO New proxy recv connection 0 from local rank 2, transport 0
MOC-R4PCC04U05:651991:652142 [2] NCCL INFO Connected to proxy localRank 2 -> connection 0x7f6240004f30
MOC-R4PCC04U05:651990:652133 [1] NCCL INFO New proxy recv connection 1 from local rank 1, transport 0
MOC-R4PCC04U05:651990:652143 [1] NCCL INFO Connected to proxy localRank 1 -> connection 0x7f9dc8004fa8
MOC-R4PCC04U05:651991:652135 [2] NCCL INFO New proxy recv connection 1 from local rank 2, transport 0
MOC-R4PCC04U05:651991:652142 [2] NCCL INFO Connected to proxy localRank 2 -> connection 0x7f6240004fa8
MOC-R4PCC04U05:651989:652137 [0] NCCL INFO New proxy send connection 2 from local rank 0, transport 0
MOC-R4PCC04U05:651991:652142 [2] NCCL INFO GPU Direct RDMA Disabled for GPU 2 / HCA 1 (distance 7 > 0)
MOC-R4PCC04U05:651989:652141 [0] NCCL INFO Connected to proxy localRank 0 -> connection 0x7fe0ec005020
MOC-R4PCC04U05:651989:652137 [0] NCCL INFO New proxy send connection 3 from local rank 0, transport 0
MOC-R4PCC04U05:651989:652141 [0] NCCL INFO Connected to proxy localRank 0 -> connection 0x7fe0ec005098
MOC-R4PCC04U05:651992:652134 [3] NCCL INFO New proxy recv connection 0 from local rank 3, transport 0
MOC-R4PCC04U05:651992:652144 [3] NCCL INFO Connected to proxy localRank 3 -> connection 0x7f1000004f30
MOC-R4PCC04U05:651992:652134 [3] NCCL INFO New proxy recv connection 1 from local rank 3, transport 0
MOC-R4PCC04U05:651992:652144 [3] NCCL INFO Connected to proxy localRank 3 -> connection 0x7f1000004fa8
MOC-R4PCC04U05:651992:652144 [3] NCCL INFO GPU Direct RDMA Disabled for GPU 3 / HCA 1 (distance 7 > 0)
MOC-R4PCC04U05:651991:652135 [2] NCCL INFO New proxy recv connection 2 from local rank 2, transport 2
MOC-R4PCC04U05:651991:652142 [2] NCCL INFO Connected to proxy localRank 2 -> connection 0x7f6240005020
MOC-R4PCC04U05:651991:652142 [2] NCCL INFO Channel 00/0 : 15[3] -> 2[2] [receive] via NET/IB/1
MOC-R4PCC04U05:651991:652142 [2] NCCL INFO GPU Direct RDMA Disabled for GPU 2 / HCA 1 (distance 7 > 0)
MOC-R4PCC04U05:651991:652135 [2] NCCL INFO New proxy recv connection 3 from local rank 2, transport 2
MOC-R4PCC04U05:651991:652142 [2] NCCL INFO Connected to proxy localRank 2 -> connection 0x7f6240005098
MOC-R4PCC04U05:651991:652142 [2] NCCL INFO Channel 02/0 : 15[3] -> 2[2] [receive] via NET/IB/1
MOC-R4PCC04U05:651992:652134 [3] NCCL INFO New proxy send connection 2 from local rank 3, transport 2
MOC-R4PCC04U05:651992:652144 [3] NCCL INFO Connected to proxy localRank 3 -> connection 0x7f1000005020
MOC-R4PCC04U05:651992:652144 [3] NCCL INFO Channel 00/0 : 3[3] -> 6[2] [send] via NET/IB/1
MOC-R4PCC04U05:651992:652144 [3] NCCL INFO GPU Direct RDMA Disabled for GPU 3 / HCA 1 (distance 7 > 0)
MOC-R4PCC04U05:651992:652134 [3] NCCL INFO New proxy send connection 3 from local rank 3, transport 2
MOC-R4PCC04U05:651992:652144 [3] NCCL INFO Connected to proxy localRank 3 -> connection 0x7f1000005098
MOC-R4PCC04U05:651992:652144 [3] NCCL INFO Channel 02/0 : 3[3] -> 6[2] [send] via NET/IB/1
MOC-R4PCC04U05:651989:652137 [0] NCCL INFO New proxy recv connection 4 from local rank 0, transport 0
MOC-R4PCC04U05:651989:652141 [0] NCCL INFO Connected to proxy localRank 0 -> connection 0x7fe0ec005110
MOC-R4PCC04U05:651989:652137 [0] NCCL INFO New proxy recv connection 5 from local rank 0, transport 0
MOC-R4PCC04U05:651989:652141 [0] NCCL INFO Connected to proxy localRank 0 -> connection 0x7fe0ec005188
MOC-R4PCC04U05:651989:652137 [0] NCCL INFO New proxy recv connection 6 from local rank 0, transport 0
MOC-R4PCC04U05:651989:652141 [0] NCCL INFO Connected to proxy localRank 0 -> connection 0x7fe0ec005200
MOC-R4PCC04U05:651989:652137 [0] NCCL INFO New proxy recv connection 7 from local rank 0, transport 0
MOC-R4PCC04U05:651989:652141 [0] NCCL INFO Connected to proxy localRank 0 -> connection 0x7fe0ec005278
MOC-R4PCC04U05:651991:652142 [2] NCCL INFO GPU Direct RDMA Disabled for GPU 2 / HCA 1 (distance 7 > 0)
MOC-R4PCC04U05:651991:652135 [2] NCCL INFO New proxy send connection 4 from local rank 2, transport 2
MOC-R4PCC04U05:651991:652142 [2] NCCL INFO Connected to proxy localRank 2 -> connection 0x7f6240005110
MOC-R4PCC04U05:651991:652142 [2] NCCL INFO Channel 01/0 : 2[2] -> 7[3] [send] via NET/IB/1
MOC-R4PCC04U05:651991:652142 [2] NCCL INFO GPU Direct RDMA Disabled for GPU 2 / HCA 1 (distance 7 > 0)
MOC-R4PCC04U05:651991:652135 [2] NCCL INFO New proxy send connection 5 from local rank 2, transport 2
MOC-R4PCC04U05:651991:652142 [2] NCCL INFO Connected to proxy localRank 2 -> connection 0x7f6240005188
MOC-R4PCC04U05:651991:652142 [2] NCCL INFO Channel 03/0 : 2[2] -> 7[3] [send] via NET/IB/1
MOC-R4PCC04U05:651991:652135 [2] NCCL INFO New proxy send connection 6 from local rank 2, transport 0
MOC-R4PCC04U05:651991:652142 [2] NCCL INFO Connected to proxy localRank 2 -> connection 0x7f6240005200
MOC-R4PCC04U05:651991:652135 [2] NCCL INFO New proxy send connection 7 from local rank 2, transport 0
MOC-R4PCC04U05:651991:652142 [2] NCCL INFO Connected to proxy localRank 2 -> connection 0x7f6240005278
MOC-R4PCC04U05:651992:652144 [3] NCCL INFO GPU Direct RDMA Disabled for GPU 3 / HCA 1 (distance 7 > 0)
MOC-R4PCC04U05:651992:652134 [3] NCCL INFO New proxy recv connection 4 from local rank 3, transport 2
MOC-R4PCC04U05:651992:652144 [3] NCCL INFO Connected to proxy localRank 3 -> connection 0x7f1000005110
MOC-R4PCC04U05:651992:652144 [3] NCCL INFO Channel 01/0 : 14[2] -> 3[3] [receive] via NET/IB/1
MOC-R4PCC04U05:651992:652144 [3] NCCL INFO GPU Direct RDMA Disabled for GPU 3 / HCA 1 (distance 7 > 0)
MOC-R4PCC04U05:651992:652134 [3] NCCL INFO New proxy recv connection 5 from local rank 3, transport 2
MOC-R4PCC04U05:651992:652144 [3] NCCL INFO Connected to proxy localRank 3 -> connection 0x7f1000005188
MOC-R4PCC04U05:651992:652144 [3] NCCL INFO Channel 03/0 : 14[2] -> 3[3] [receive] via NET/IB/1
MOC-R4PCC04U05:651992:652134 [3] NCCL INFO New proxy send connection 6 from local rank 3, transport 0
MOC-R4PCC04U05:651992:652144 [3] NCCL INFO Connected to proxy localRank 3 -> connection 0x7f1000005200
MOC-R4PCC04U05:651992:652134 [3] NCCL INFO New proxy send connection 7 from local rank 3, transport 0
MOC-R4PCC04U05:651992:652144 [3] NCCL INFO Connected to proxy localRank 3 -> connection 0x7f1000005278
MOC-R4PCC04U05:651989:652137 [0] NCCL INFO New proxy send connection 8 from local rank 3, transport 0
MOC-R4PCC04U05:651992:652144 [3] NCCL INFO Connected to proxy localRank 0 -> connection 0x7fe0ec0052f0
MOC-R4PCC04U05:651990:652133 [1] NCCL INFO New proxy recv connection 2 from local rank 1, transport 0
MOC-R4PCC04U05:651990:652143 [1] NCCL INFO Connected to proxy localRank 1 -> connection 0x7f9dc8005020
MOC-R4PCC04U05:651990:652133 [1] NCCL INFO New proxy recv connection 3 from local rank 1, transport 0
MOC-R4PCC04U05:651990:652143 [1] NCCL INFO Connected to proxy localRank 1 -> connection 0x7f9dc8005098
MOC-R4PCC04U05:651990:652133 [1] NCCL INFO New proxy send connection 4 from local rank 1, transport 0
MOC-R4PCC04U05:651990:652143 [1] NCCL INFO Connected to proxy localRank 1 -> connection 0x7f9dc8005110
MOC-R4PCC04U05:651990:652133 [1] NCCL INFO New proxy send connection 5 from local rank 1, transport 0
MOC-R4PCC04U05:651990:652143 [1] NCCL INFO Connected to proxy localRank 1 -> connection 0x7f9dc8005188
MOC-R4PCC04U05:651990:652133 [1] NCCL INFO New proxy send connection 6 from local rank 1, transport 0
MOC-R4PCC04U05:651990:652143 [1] NCCL INFO Connected to proxy localRank 1 -> connection 0x7f9dc8005200
MOC-R4PCC04U05:651990:652133 [1] NCCL INFO New proxy send connection 7 from local rank 1, transport 0
MOC-R4PCC04U05:651990:652143 [1] NCCL INFO Connected to proxy localRank 1 -> connection 0x7f9dc8005278
MOC-R4PCC04U05:651990:652133 [1] NCCL INFO New proxy send connection 8 from local rank 3, transport 0
MOC-R4PCC04U05:651992:652144 [3] NCCL INFO Connected to proxy localRank 1 -> connection 0x7f9dc80052f0
MOC-R4PCC04U05:651989:652137 [0] NCCL INFO New proxy send connection 9 from local rank 2, transport 0
MOC-R4PCC04U05:651991:652142 [2] NCCL INFO Connected to proxy localRank 0 -> connection 0x7fe0ec005368
MOC-R4PCC04U05:651992:652134 [3] NCCL INFO New proxy send connection 8 from local rank 1, transport 0
MOC-R4PCC04U05:651990:652143 [1] NCCL INFO Connected to proxy localRank 3 -> connection 0x7f10000052f0
MOC-R4PCC04U05:651991:652135 [2] NCCL INFO New proxy send connection 8 from local rank 0, transport 0
MOC-R4PCC04U05:651989:652141 [0] NCCL INFO Connected to proxy localRank 2 -> connection 0x7f62400052f0
MOC-R4PCC04U05:651990:652133 [1] NCCL INFO New proxy send connection 9 from local rank 2, transport 0
MOC-R4PCC04U05:651991:652142 [2] NCCL INFO Connected to proxy localRank 1 -> connection 0x7f9dc8005368
MOC-R4PCC04U05:651992:652134 [3] NCCL INFO NET/IB: NCCL Dev 1 IbDev 0 Port 1 qpn 10686 mtu 3 query_ece={supported=1, vendor_id=0x15b3, options=0x30000002, comp_mask=0x0} GID 3 (0/C132A8C0FFFF0000) fifoRkey=0x17601f fifoLkey=0x17601f
MOC-R4PCC04U05:651989:652137 [0] NCCL INFO New proxy send connection 10 from local rank 1, transport 0
MOC-R4PCC04U05:651990:652143 [1] NCCL INFO Connected to proxy localRank 0 -> connection 0x7fe0ec0053e0
MOC-R4PCC04U05:651992:652134 [3] NCCL INFO NET/IB: NCCL Dev 1 IbDev 0 Port 1 qpn 10687 mtu 3 query_ece={supported=1, vendor_id=0x15b3, options=0x30000002, comp_mask=0x0} GID 3 (0/C132A8C0FFFF0000) fifoRkey=0x170bca fifoLkey=0x170bca
MOC-R4PCC04U05:651992:652134 [3] NCCL INFO NET/IB: IbDev 0 Port 1 qpn 10528 set_ece={supported=1, vendor_id=0x15b3, options=0x0, comp_mask=0x0}
MOC-R4PCC04U05:651991:652135 [2] NCCL INFO New proxy send connection 9 from local rank 1, transport 0
MOC-R4PCC04U05:651990:652143 [1] NCCL INFO Connected to proxy localRank 2 -> connection 0x7f6240005368
MOC-R4PCC04U05:651992:652134 [3] NCCL INFO NET/IB: IbDev 0 Port 1 qpn 10530 set_ece={supported=1, vendor_id=0x15b3, options=0x0, comp_mask=0x0}
MOC-R4PCC04U05:651992:652134 [3] NCCL INFO New proxy send connection 9 from local rank 0, transport 0
MOC-R4PCC04U05:651989:652141 [0] NCCL INFO Connected to proxy localRank 3 -> connection 0x7f1000005368
MOC-R4PCC04U05:651991:652135 [2] NCCL INFO NET/IB: NCCL Dev 1 IbDev 0 Port 1 qpn 10692 mtu 3 query_ece={supported=1, vendor_id=0x15b3, options=0x30000002, comp_mask=0x0} GID 3 (0/C132A8C0FFFF0000) fifoRkey=0x1722e1 fifoLkey=0x1722e1
MOC-R4PCC04U05:651991:652135 [2] NCCL INFO NET/IB: NCCL Dev 1 IbDev 0 Port 1 qpn 10693 mtu 3 query_ece={supported=1, vendor_id=0x15b3, options=0x30000002, comp_mask=0x0} GID 3 (0/C132A8C0FFFF0000) fifoRkey=0x17904f fifoLkey=0x17904f
MOC-R4PCC04U05:651991:652135 [2] NCCL INFO NET/IB: IbDev 0 Port 1 qpn 10533 set_ece={supported=1, vendor_id=0x15b3, options=0x0, comp_mask=0x0}
MOC-R4PCC04U05:651991:652135 [2] NCCL INFO NET/IB: IbDev 0 Port 1 qpn 10536 set_ece={supported=1, vendor_id=0x15b3, options=0x0, comp_mask=0x0}
MOC-R4PCC04U05:651990:652133 [1] NCCL INFO New proxy send connection 10 from local rank 0, transport 0
MOC-R4PCC04U05:651989:652141 [0] NCCL INFO Connected to proxy localRank 1 -> connection 0x7f9dc80053e0
num decayed parameter tensors: 50, with 124,318,464 parameters
num non-decayed parameter tensors: 98, with 121,344 parameters
using fused AdamW: False
using regular AdamW
MOC-R4PCC04U05:651990:652133 [1] NCCL INFO New proxy recv connection 11 from local rank 1, transport 0
MOC-R4PCC04U05:651990:652836 [1] NCCL INFO Connected to proxy localRank 1 -> connection 0x7f9dc8005458
MOC-R4PCC04U05:651990:652133 [1] NCCL INFO New proxy recv connection 12 from local rank 1, transport 0
MOC-R4PCC04U05:651990:652836 [1] NCCL INFO Connected to proxy localRank 1 -> connection 0x7f9dc80054d0
MOC-R4PCC04U05:651990:652133 [1] NCCL INFO New proxy recv connection 13 from local rank 1, transport 0
MOC-R4PCC04U05:651990:652836 [1] NCCL INFO Connected to proxy localRank 1 -> connection 0x7f9dc8005548
MOC-R4PCC04U05:651990:652133 [1] NCCL INFO New proxy recv connection 14 from local rank 1, transport 0
MOC-R4PCC04U05:651990:652836 [1] NCCL INFO Connected to proxy localRank 1 -> connection 0x7f9dc80055c0
MOC-R4PCC04U05:651990:652133 [1] NCCL INFO New proxy send connection 15 from local rank 1, transport 0
MOC-R4PCC04U05:651990:652836 [1] NCCL INFO Connected to proxy localRank 1 -> connection 0x7f9dc8005638
MOC-R4PCC04U05:651990:652133 [1] NCCL INFO New proxy send connection 16 from local rank 1, transport 0
MOC-R4PCC04U05:651990:652836 [1] NCCL INFO Connected to proxy localRank 1 -> connection 0x7f9dc80056b0
MOC-R4PCC04U05:651990:652133 [1] NCCL INFO New proxy send connection 17 from local rank 1, transport 0
MOC-R4PCC04U05:651990:652836 [1] NCCL INFO Connected to proxy localRank 1 -> connection 0x7f9dc8005728
MOC-R4PCC04U05:651990:652133 [1] NCCL INFO New proxy send connection 18 from local rank 1, transport 0
MOC-R4PCC04U05:651990:652836 [1] NCCL INFO Connected to proxy localRank 1 -> connection 0x7f9dc80057a0
MOC-R4PCC04U05:651989:652137 [0] NCCL INFO New proxy send connection 11 from local rank 0, transport 0
MOC-R4PCC04U05:651989:652837 [0] NCCL INFO Connected to proxy localRank 0 -> connection 0x7fe0ec005458
MOC-R4PCC04U05:651989:652137 [0] NCCL INFO New proxy send connection 12 from local rank 0, transport 0
MOC-R4PCC04U05:651989:652837 [0] NCCL INFO Connected to proxy localRank 0 -> connection 0x7fe0ec0054d0
MOC-R4PCC04U05:651989:652137 [0] NCCL INFO New proxy send connection 13 from local rank 0, transport 0
MOC-R4PCC04U05:651989:652837 [0] NCCL INFO Connected to proxy localRank 0 -> connection 0x7fe0ec005548
MOC-R4PCC04U05:651989:652137 [0] NCCL INFO New proxy send connection 14 from local rank 0, transport 0
MOC-R4PCC04U05:651989:652837 [0] NCCL INFO Connected to proxy localRank 0 -> connection 0x7fe0ec0055c0
MOC-R4PCC04U05:651989:652137 [0] NCCL INFO New proxy send connection 15 from local rank 0, transport 0
MOC-R4PCC04U05:651989:652837 [0] NCCL INFO Connected to proxy localRank 0 -> connection 0x7fe0ec005638
MOC-R4PCC04U05:651989:652137 [0] NCCL INFO New proxy send connection 16 from local rank 0, transport 0
MOC-R4PCC04U05:651989:652837 [0] NCCL INFO Connected to proxy localRank 0 -> connection 0x7fe0ec0056b0
MOC-R4PCC04U05:651992:652134 [3] NCCL INFO New proxy recv connection 10 from local rank 3, transport 0
MOC-R4PCC04U05:651992:652838 [3] NCCL INFO Connected to proxy localRank 3 -> connection 0x7f10000053e0
MOC-R4PCC04U05:651992:652134 [3] NCCL INFO New proxy recv connection 11 from local rank 3, transport 0
MOC-R4PCC04U05:651992:652838 [3] NCCL INFO Connected to proxy localRank 3 -> connection 0x7f1000005458
MOC-R4PCC04U05:651992:652838 [3] NCCL INFO GPU Direct RDMA Disabled for GPU 3 / HCA 1 (distance 7 > 0)
MOC-R4PCC04U05:651992:652134 [3] NCCL INFO New proxy send connection 12 from local rank 3, transport 2
MOC-R4PCC04U05:651992:652838 [3] NCCL INFO Connected to proxy localRank 3 -> connection 0x7f10000054d0
MOC-R4PCC04U05:651989:652137 [0] NCCL INFO New proxy recv connection 17 from local rank 0, transport 0
MOC-R4PCC04U05:651992:652838 [3] NCCL INFO Channel 02/0 : 3[3] -> 7[3] [send] via NET/IB/1
MOC-R4PCC04U05:651989:652837 [0] NCCL INFO Connected to proxy localRank 0 -> connection 0x7fe0ec005728
MOC-R4PCC04U05:651992:652838 [3] NCCL INFO GPU Direct RDMA Disabled for GPU 3 / HCA 1 (distance 7 > 0)
MOC-R4PCC04U05:651992:652134 [3] NCCL INFO New proxy send connection 13 from local rank 3, transport 2
MOC-R4PCC04U05:651992:652838 [3] NCCL INFO Connected to proxy localRank 3 -> connection 0x7f1000005548
MOC-R4PCC04U05:651992:652838 [3] NCCL INFO Channel 03/0 : 3[3] -> 7[3] [send] via NET/IB/1
MOC-R4PCC04U05:651992:652838 [3] NCCL INFO GPU Direct RDMA Disabled for GPU 3 / HCA 1 (distance 7 > 0)
MOC-R4PCC04U05:651992:652134 [3] NCCL INFO New proxy recv connection 14 from local rank 3, transport 2
MOC-R4PCC04U05:651992:652838 [3] NCCL INFO Connected to proxy localRank 3 -> connection 0x7f10000055c0
MOC-R4PCC04U05:651989:652137 [0] NCCL INFO New proxy recv connection 18 from local rank 0, transport 0
MOC-R4PCC04U05:651989:652837 [0] NCCL INFO Connected to proxy localRank 0 -> connection 0x7fe0ec0057a0
MOC-R4PCC04U05:651992:652838 [3] NCCL INFO Channel 00/0 : 11[3] -> 3[3] [receive] via NET/IB/1
MOC-R4PCC04U05:651992:652838 [3] NCCL INFO GPU Direct RDMA Disabled for GPU 3 / HCA 1 (distance 7 > 0)
MOC-R4PCC04U05:651992:652134 [3] NCCL INFO New proxy recv connection 15 from local rank 3, transport 2
MOC-R4PCC04U05:651992:652838 [3] NCCL INFO Connected to proxy localRank 3 -> connection 0x7f1000005638
MOC-R4PCC04U05:651992:652838 [3] NCCL INFO Channel 01/0 : 11[3] -> 3[3] [receive] via NET/IB/1
MOC-R4PCC04U05:651992:652838 [3] NCCL INFO GPU Direct RDMA Disabled for GPU 3 / HCA 1 (distance 7 > 0)
MOC-R4PCC04U05:651992:652134 [3] NCCL INFO New proxy send connection 16 from local rank 3, transport 2
MOC-R4PCC04U05:651992:652838 [3] NCCL INFO Connected to proxy localRank 3 -> connection 0x7f10000056b0
MOC-R4PCC04U05:651989:652137 [0] NCCL INFO New proxy recv connection 19 from local rank 0, transport 0
MOC-R4PCC04U05:651989:652837 [0] NCCL INFO Connected to proxy localRank 0 -> connection 0x7fe0ec005818
MOC-R4PCC04U05:651992:652838 [3] NCCL INFO Channel 00/0 : 3[3] -> 11[3] [send] via NET/IB/1
MOC-R4PCC04U05:651992:652838 [3] NCCL INFO GPU Direct RDMA Disabled for GPU 3 / HCA 1 (distance 7 > 0)
MOC-R4PCC04U05:651992:652134 [3] NCCL INFO New proxy send connection 17 from local rank 3, transport 2
MOC-R4PCC04U05:651992:652838 [3] NCCL INFO Connected to proxy localRank 3 -> connection 0x7f1000005728
MOC-R4PCC04U05:651992:652838 [3] NCCL INFO Channel 01/0 : 3[3] -> 11[3] [send] via NET/IB/1
MOC-R4PCC04U05:651989:652137 [0] NCCL INFO New proxy recv connection 20 from local rank 0, transport 0
MOC-R4PCC04U05:651989:652837 [0] NCCL INFO Connected to proxy localRank 0 -> connection 0x7fe0ec005890
MOC-R4PCC04U05:651992:652838 [3] NCCL INFO GPU Direct RDMA Disabled for GPU 3 / HCA 1 (distance 7 > 0)
MOC-R4PCC04U05:651992:652134 [3] NCCL INFO New proxy recv connection 18 from local rank 3, transport 2
MOC-R4PCC04U05:651992:652838 [3] NCCL INFO Connected to proxy localRank 3 -> connection 0x7f10000057a0
MOC-R4PCC04U05:651992:652838 [3] NCCL INFO Channel 02/0 : 7[3] -> 3[3] [receive] via NET/IB/1
MOC-R4PCC04U05:651992:652838 [3] NCCL INFO GPU Direct RDMA Disabled for GPU 3 / HCA 1 (distance 7 > 0)
MOC-R4PCC04U05:651992:652134 [3] NCCL INFO New proxy recv connection 19 from local rank 3, transport 2
MOC-R4PCC04U05:651992:652838 [3] NCCL INFO Connected to proxy localRank 3 -> connection 0x7f1000005818
MOC-R4PCC04U05:651992:652838 [3] NCCL INFO Channel 03/0 : 7[3] -> 3[3] [receive] via NET/IB/1
MOC-R4PCC04U05:651992:652134 [3] NCCL INFO New proxy send connection 20 from local rank 3, transport 0
MOC-R4PCC04U05:651992:652838 [3] NCCL INFO Connected to proxy localRank 3 -> connection 0x7f1000005890
MOC-R4PCC04U05:651992:652134 [3] NCCL INFO New proxy send connection 21 from local rank 3, transport 0
MOC-R4PCC04U05:651992:652838 [3] NCCL INFO Connected to proxy localRank 3 -> connection 0x7f1000005908
MOC-R4PCC04U05:651992:652134 [3] NCCL INFO New proxy send connection 22 from local rank 3, transport 0
MOC-R4PCC04U05:651992:652838 [3] NCCL INFO Connected to proxy localRank 3 -> connection 0x7f1000005980
MOC-R4PCC04U05:651992:652134 [3] NCCL INFO New proxy send connection 23 from local rank 3, transport 0
MOC-R4PCC04U05:651992:652838 [3] NCCL INFO Connected to proxy localRank 3 -> connection 0x7f10000059f8
MOC-R4PCC04U05:651992:652134 [3] NCCL INFO NET/IB: NCCL Dev 1 IbDev 0 Port 1 qpn 10694 mtu 3 query_ece={supported=1, vendor_id=0x15b3, options=0x30000002, comp_mask=0x0} GID 3 (0/C132A8C0FFFF0000) fifoRkey=0x17b372 fifoLkey=0x17b372
MOC-R4PCC04U05:651992:652134 [3] NCCL INFO NET/IB: NCCL Dev 1 IbDev 0 Port 1 qpn 10697 mtu 3 query_ece={supported=1, vendor_id=0x15b3, options=0x30000002, comp_mask=0x0} GID 3 (0/C132A8C0FFFF0000) fifoRkey=0x17cb8a fifoLkey=0x17cb8a
MOC-R4PCC04U05:651992:652134 [3] NCCL INFO NET/IB: NCCL Dev 1 IbDev 0 Port 1 qpn 10698 mtu 3 query_ece={supported=1, vendor_id=0x15b3, options=0x30000002, comp_mask=0x0} GID 3 (0/C132A8C0FFFF0000) fifoRkey=0x17d796 fifoLkey=0x17d796
MOC-R4PCC04U05:651992:652134 [3] NCCL INFO NET/IB: IbDev 0 Port 1 qpn 10538 set_ece={supported=1, vendor_id=0x15b3, options=0x0, comp_mask=0x0}
MOC-R4PCC04U05:651992:652134 [3] NCCL INFO NET/IB: IbDev 0 Port 1 qpn 10540 set_ece={supported=1, vendor_id=0x15b3, options=0x0, comp_mask=0x0}
MOC-R4PCC04U05:651992:652134 [3] NCCL INFO NET/IB: NCCL Dev 1 IbDev 0 Port 1 qpn 10699 mtu 3 query_ece={supported=1, vendor_id=0x15b3, options=0x30000002, comp_mask=0x0} GID 3 (0/C132A8C0FFFF0000) fifoRkey=0x177837 fifoLkey=0x177837
MOC-R4PCC04U05:651992:652134 [3] NCCL INFO NET/IB: IbDev 0 Port 1 qpn 7985 set_ece={supported=1, vendor_id=0x15b3, options=0x0, comp_mask=0x0}
MOC-R4PCC04U05:651992:652134 [3] NCCL INFO NET/IB: IbDev 0 Port 1 qpn 7992 set_ece={supported=1, vendor_id=0x15b3, options=0x0, comp_mask=0x0}
MOC-R4PCC04U05:651991:652135 [2] NCCL INFO New proxy recv connection 10 from local rank 2, transport 0
MOC-R4PCC04U05:651991:652839 [2] NCCL INFO Connected to proxy localRank 2 -> connection 0x7f62400053e0
MOC-R4PCC04U05:651991:652135 [2] NCCL INFO New proxy recv connection 11 from local rank 2, transport 0
MOC-R4PCC04U05:651991:652839 [2] NCCL INFO Connected to proxy localRank 2 -> connection 0x7f6240005458
MOC-R4PCC04U05:651991:652135 [2] NCCL INFO New proxy recv connection 12 from local rank 2, transport 0
MOC-R4PCC04U05:651991:652839 [2] NCCL INFO Connected to proxy localRank 2 -> connection 0x7f62400054d0
MOC-R4PCC04U05:651991:652135 [2] NCCL INFO New proxy recv connection 13 from local rank 2, transport 0
MOC-R4PCC04U05:651991:652839 [2] NCCL INFO Connected to proxy localRank 2 -> connection 0x7f6240005548
MOC-R4PCC04U05:651991:652135 [2] NCCL INFO New proxy send connection 14 from local rank 2, transport 0
MOC-R4PCC04U05:651991:652839 [2] NCCL INFO Connected to proxy localRank 2 -> connection 0x7f62400055c0
MOC-R4PCC04U05:651990:652133 [1] NCCL INFO New proxy recv connection 19 from local rank 1, transport 0
MOC-R4PCC04U05:651990:652836 [1] NCCL INFO Connected to proxy localRank 1 -> connection 0x7f9dc8005818
MOC-R4PCC04U05:651991:652135 [2] NCCL INFO New proxy send connection 15 from local rank 2, transport 0
MOC-R4PCC04U05:651991:652839 [2] NCCL INFO Connected to proxy localRank 2 -> connection 0x7f6240005638
MOC-R4PCC04U05:651990:652133 [1] NCCL INFO New proxy recv connection 20 from local rank 1, transport 0
MOC-R4PCC04U05:651990:652836 [1] NCCL INFO Connected to proxy localRank 1 -> connection 0x7f9dc8005890
step    1/10 | train loss 11.008971 | norm 15.7109 | lr 1.00e-04 | (13885.68 ms | 37757 tok/s)
step    2/10 | train loss 10.123240 | norm 5.8021 | lr 1.00e-04 | (135.50 ms | 3869258 tok/s)
step    3/10 | train loss 9.777230 | norm 2.6314 | lr 1.00e-04 | (136.79 ms | 3832680 tok/s)
step    4/10 | train loss 9.607365 | norm 2.1165 | lr 1.00e-04 | (137.06 ms | 3825107 tok/s)
step    5/10 | train loss 9.524715 | norm 2.1076 | lr 1.00e-04 | (138.47 ms | 3786204 tok/s)
step    6/10 | train loss 9.443526 | norm 2.0013 | lr 1.00e-04 | (223.35 ms | 2347337 tok/s)
step    7/10 | train loss 9.358727 | norm 1.9491 | lr 1.00e-04 | (136.52 ms | 3840297 tok/s)
step    8/10 | train loss 9.269136 | norm 1.9124 | lr 1.00e-04 | (136.31 ms | 3846208 tok/s)
step    9/10 | train loss 9.176634 | norm 1.8636 | lr 1.00e-04 | (140.81 ms | 3723390 tok/s)
step   10/10 | train loss 9.088065 | norm 1.7782 | lr 1.00e-04 | (137.47 ms | 3813723 tok/s)
final 9 iters avg: 146.923ms
peak memory consumption: 16121 MiB
