Running pytorch 2.7.0+cu126
using device: cuda:0
total desired batch size: 1310720
=> calculated gradient accumulation steps: 5
using device: cuda:3
using device: cuda:1
using device: cuda:2
compiling the model...
DataLoader: total number of tokens: 1,661,249,667 across 103 files
MOC-R4PCC04U05:69478:69478 [0] NCCL INFO NCCL_SOCKET_IFNAME set by environment to eno7np0
MOC-R4PCC04U05:69478:69478 [0] NCCL INFO Bootstrap: Using eno7np0:192.168.50.193<0>
MOC-R4PCC04U05:69478:69478 [0] NCCL INFO cudaDriverVersion 12040
MOC-R4PCC04U05:69478:69478 [0] NCCL INFO NCCL version 2.26.2+cuda12.2
MOC-R4PCC04U05:69478:69478 [0] NCCL INFO Comm config Blocking set to 1
MOC-R4PCC04U05:69478:69519 [0] NCCL INFO NET/Plugin: Could not find: libnccl-net.so. Using internal net plugin.
MOC-R4PCC04U05:69478:69519 [0] NCCL INFO NCCL_IB_DISABLE set by environment to 0.
MOC-R4PCC04U05:69478:69519 [0] NCCL INFO NCCL_SOCKET_IFNAME set by environment to eno7np0
MOC-R4PCC04U05:69478:69519 [0] NCCL INFO NCCL_IB_HCA set to mlx5_5
MOC-R4PCC04U05:69481:69481 [3] NCCL INFO cudaDriverVersion 12040
MOC-R4PCC04U05:69481:69481 [3] NCCL INFO NCCL_SOCKET_IFNAME set by environment to eno7np0
MOC-R4PCC04U05:69481:69481 [3] NCCL INFO Bootstrap: Using eno7np0:192.168.50.193<0>
MOC-R4PCC04U05:69481:69481 [3] NCCL INFO NCCL version 2.26.2+cuda12.2
MOC-R4PCC04U05:69481:69481 [3] NCCL INFO Comm config Blocking set to 1
MOC-R4PCC04U05:69478:69519 [0] NCCL INFO NET/IB : Using [0]mlx5_5:1/RoCE [RO]; OOB eno7np0:192.168.50.193<0>
MOC-R4PCC04U05:69478:69519 [0] NCCL INFO PROFILER/Plugin: Could not find: libnccl-profiler.so. 
MOC-R4PCC04U05:69478:69519 [0] NCCL INFO Using network IB
MOC-R4PCC04U05:69478:69519 [0] NCCL INFO DMA-BUF is available on GPU device 0
MOC-R4PCC04U05:69478:69519 [0] NCCL INFO ncclCommInitRankConfig comm 0x56364da33800 rank 0 nranks 8 cudaDev 0 nvmlDev 0 busId 6000 commId 0xa749a706e18a91 - Init START
MOC-R4PCC04U05:69480:69480 [2] NCCL INFO cudaDriverVersion 12040
MOC-R4PCC04U05:69480:69480 [2] NCCL INFO NCCL_SOCKET_IFNAME set by environment to eno7np0
MOC-R4PCC04U05:69480:69480 [2] NCCL INFO Bootstrap: Using eno7np0:192.168.50.193<0>
MOC-R4PCC04U05:69480:69480 [2] NCCL INFO NCCL version 2.26.2+cuda12.2
MOC-R4PCC04U05:69480:69480 [2] NCCL INFO Comm config Blocking set to 1
MOC-R4PCC04U05:69479:69479 [1] NCCL INFO cudaDriverVersion 12040
MOC-R4PCC04U05:69479:69479 [1] NCCL INFO NCCL_SOCKET_IFNAME set by environment to eno7np0
MOC-R4PCC04U05:69479:69479 [1] NCCL INFO Bootstrap: Using eno7np0:192.168.50.193<0>
MOC-R4PCC04U05:69479:69479 [1] NCCL INFO NCCL version 2.26.2+cuda12.2
MOC-R4PCC04U05:69479:69479 [1] NCCL INFO Comm config Blocking set to 1
MOC-R4PCC04U05:69481:69520 [3] NCCL INFO NET/Plugin: Could not find: libnccl-net.so. Using internal net plugin.
MOC-R4PCC04U05:69481:69520 [3] NCCL INFO NCCL_IB_DISABLE set by environment to 0.
MOC-R4PCC04U05:69481:69520 [3] NCCL INFO NCCL_SOCKET_IFNAME set by environment to eno7np0
MOC-R4PCC04U05:69481:69520 [3] NCCL INFO NCCL_IB_HCA set to mlx5_5
MOC-R4PCC04U05:69481:69520 [3] NCCL INFO NET/IB : Using [0]mlx5_5:1/RoCE [RO]; OOB eno7np0:192.168.50.193<0>
MOC-R4PCC04U05:69481:69520 [3] NCCL INFO PROFILER/Plugin: Could not find: libnccl-profiler.so. 
MOC-R4PCC04U05:69481:69520 [3] NCCL INFO Using network IB
MOC-R4PCC04U05:69480:69522 [2] NCCL INFO NET/Plugin: Could not find: libnccl-net.so. Using internal net plugin.
MOC-R4PCC04U05:69480:69522 [2] NCCL INFO NCCL_IB_DISABLE set by environment to 0.
MOC-R4PCC04U05:69480:69522 [2] NCCL INFO NCCL_SOCKET_IFNAME set by environment to eno7np0
MOC-R4PCC04U05:69480:69522 [2] NCCL INFO NCCL_IB_HCA set to mlx5_5
MOC-R4PCC04U05:69480:69522 [2] NCCL INFO NET/IB : Using [0]mlx5_5:1/RoCE [RO]; OOB eno7np0:192.168.50.193<0>
MOC-R4PCC04U05:69480:69522 [2] NCCL INFO PROFILER/Plugin: Could not find: libnccl-profiler.so. 
MOC-R4PCC04U05:69480:69522 [2] NCCL INFO Using network IB
MOC-R4PCC04U05:69479:69523 [1] NCCL INFO NET/Plugin: Could not find: libnccl-net.so. Using internal net plugin.
MOC-R4PCC04U05:69479:69523 [1] NCCL INFO NCCL_IB_DISABLE set by environment to 0.
MOC-R4PCC04U05:69479:69523 [1] NCCL INFO NCCL_SOCKET_IFNAME set by environment to eno7np0
MOC-R4PCC04U05:69479:69523 [1] NCCL INFO NCCL_IB_HCA set to mlx5_5
MOC-R4PCC04U05:69479:69523 [1] NCCL INFO NET/IB : Using [0]mlx5_5:1/RoCE [RO]; OOB eno7np0:192.168.50.193<0>
MOC-R4PCC04U05:69479:69523 [1] NCCL INFO PROFILER/Plugin: Could not find: libnccl-profiler.so. 
MOC-R4PCC04U05:69479:69523 [1] NCCL INFO Using network IB
MOC-R4PCC04U05:69481:69520 [3] NCCL INFO DMA-BUF is available on GPU device 3
MOC-R4PCC04U05:69481:69520 [3] NCCL INFO ncclCommInitRankConfig comm 0x558ce0621b10 rank 3 nranks 8 cudaDev 3 nvmlDev 3 busId c6000 commId 0xa749a706e18a91 - Init START
MOC-R4PCC04U05:69480:69522 [2] NCCL INFO DMA-BUF is available on GPU device 2
MOC-R4PCC04U05:69480:69522 [2] NCCL INFO ncclCommInitRankConfig comm 0x5562ac2421c0 rank 2 nranks 8 cudaDev 2 nvmlDev 2 busId a6000 commId 0xa749a706e18a91 - Init START
MOC-R4PCC04U05:69481:69520 [3] NCCL INFO RAS client listening socket at ::1<28028>
MOC-R4PCC04U05:69479:69523 [1] NCCL INFO DMA-BUF is available on GPU device 1
MOC-R4PCC04U05:69479:69523 [1] NCCL INFO ncclCommInitRankConfig comm 0x55a269154190 rank 1 nranks 8 cudaDev 1 nvmlDev 1 busId 26000 commId 0xa749a706e18a91 - Init START
MOC-R4PCC04U05:69479:69523 [1] NCCL INFO RAS client listening socket at ::1<28028>
MOC-R4PCC04U05:69480:69522 [2] NCCL INFO RAS client listening socket at ::1<28028>
MOC-R4PCC04U05:69478:69519 [0] NCCL INFO RAS client listening socket at ::1<28028>
MOC-R4PCC04U05:69479:69523 [1] NCCL INFO Bootstrap timings total 0.002964 (create 0.000104, send 0.000182, recv 0.000461, ring 0.001100, delay 0.000000)
MOC-R4PCC04U05:69480:69522 [2] NCCL INFO Bootstrap timings total 0.312521 (create 0.000147, send 0.000261, recv 0.000360, ring 0.000764, delay 0.000001)
MOC-R4PCC04U05:69478:69519 [0] NCCL INFO Bootstrap timings total 2.110758 (create 0.000157, send 0.000419, recv 2.107966, ring 0.000779, delay 0.000001)
MOC-R4PCC04U05:69481:69520 [3] NCCL INFO Bootstrap timings total 0.619784 (create 0.000189, send 0.000263, recv 0.000370, ring 0.310493, delay 0.000001)
MOC-R4PCC04U05:69478:69519 [0] NCCL INFO Setting affinity for GPU 0 to ffffffff,ffffffff,ffffffff,ffffffff,00000000,00000000,00000000,00000000,ffffffff,ffffffff,ffffffff,ffffffff
MOC-R4PCC04U05:69478:69519 [0] NCCL INFO NVLS multicast support is not available on dev 0
MOC-R4PCC04U05:69479:69523 [1] NCCL INFO Setting affinity for GPU 1 to ffffffff,ffffffff,ffffffff,ffffffff,00000000,00000000,00000000,00000000,ffffffff,ffffffff,ffffffff,ffffffff
MOC-R4PCC04U05:69479:69523 [1] NCCL INFO NVLS multicast support is not available on dev 1
MOC-R4PCC04U05:69481:69520 [3] NCCL INFO Setting affinity for GPU 3 to ffffffff,ffffffff,ffffffff,ffffffff,00000000,00000000,00000000,00000000,ffffffff,ffffffff,ffffffff,ffffffff,00000000,00000000,00000000,00000000
MOC-R4PCC04U05:69481:69520 [3] NCCL INFO NVLS multicast support is not available on dev 3
MOC-R4PCC04U05:69480:69522 [2] NCCL INFO Setting affinity for GPU 2 to ffffffff,ffffffff,ffffffff,ffffffff,00000000,00000000,00000000,00000000,ffffffff,ffffffff,ffffffff,ffffffff,00000000,00000000,00000000,00000000
MOC-R4PCC04U05:69480:69522 [2] NCCL INFO NVLS multicast support is not available on dev 2
MOC-R4PCC04U05:69481:69520 [3] NCCL INFO comm 0x558ce0621b10 rank 3 nRanks 8 nNodes 2 localRanks 4 localRank 3 MNNVL 0
MOC-R4PCC04U05:69481:69520 [3] NCCL INFO Trees [0] 0/-1/-1->3->2 [1] 0/-1/-1->3->2 [2] 0/-1/-1->3->2 [3] 0/-1/-1->3->2
MOC-R4PCC04U05:69481:69520 [3] NCCL INFO P2P Chunksize set to 131072
MOC-R4PCC04U05:69480:69522 [2] NCCL INFO comm 0x5562ac2421c0 rank 2 nRanks 8 nNodes 2 localRanks 4 localRank 2 MNNVL 0
MOC-R4PCC04U05:69479:69523 [1] NCCL INFO comm 0x55a269154190 rank 1 nRanks 8 nNodes 2 localRanks 4 localRank 1 MNNVL 0
MOC-R4PCC04U05:69478:69519 [0] NCCL INFO comm 0x56364da33800 rank 0 nRanks 8 nNodes 2 localRanks 4 localRank 0 MNNVL 0
MOC-R4PCC04U05:69480:69522 [2] NCCL INFO Trees [0] 3/6/-1->2->-1 [1] 3/6/-1->2->-1 [2] 3/-1/-1->2->6 [3] 3/-1/-1->2->6
MOC-R4PCC04U05:69480:69522 [2] NCCL INFO P2P Chunksize set to 131072
MOC-R4PCC04U05:69479:69523 [1] NCCL INFO Trees [0] -1/-1/-1->1->0 [1] -1/-1/-1->1->0 [2] -1/-1/-1->1->0 [3] -1/-1/-1->1->0
MOC-R4PCC04U05:69479:69523 [1] NCCL INFO P2P Chunksize set to 131072
MOC-R4PCC04U05:69478:69519 [0] NCCL INFO Channel 00/04 : 0 3 6 5 4 7 2 1
MOC-R4PCC04U05:69478:69519 [0] NCCL INFO Channel 01/04 : 0 3 6 5 4 7 2 1
MOC-R4PCC04U05:69478:69519 [0] NCCL INFO Channel 02/04 : 0 3 6 5 4 7 2 1
MOC-R4PCC04U05:69478:69519 [0] NCCL INFO Channel 03/04 : 0 3 6 5 4 7 2 1
MOC-R4PCC04U05:69478:69519 [0] NCCL INFO Trees [0] 1/-1/-1->0->3 [1] 1/-1/-1->0->3 [2] 1/-1/-1->0->3 [3] 1/-1/-1->0->3
MOC-R4PCC04U05:69478:69519 [0] NCCL INFO P2P Chunksize set to 131072
MOC-R4PCC04U05:69478:69519 [0] NCCL INFO Check P2P Type intraNodeP2pSupport 1 directMode 0
MOC-R4PCC04U05:69480:69536 [2] NCCL INFO [Proxy Service] Device 2 CPU core 191
MOC-R4PCC04U05:69481:69535 [3] NCCL INFO [Proxy Service] Device 3 CPU core 191
MOC-R4PCC04U05:69478:69537 [0] NCCL INFO [Proxy Service] Device 0 CPU core 279
MOC-R4PCC04U05:69479:69540 [1] NCCL INFO [Proxy Service] Device 1 CPU core 287
MOC-R4PCC04U05:69480:69538 [2] NCCL INFO [Proxy Service UDS] Device 2 CPU core 231
MOC-R4PCC04U05:69479:69541 [1] NCCL INFO [Proxy Service UDS] Device 1 CPU core 33
MOC-R4PCC04U05:69481:69539 [3] NCCL INFO [Proxy Service UDS] Device 3 CPU core 413
MOC-R4PCC04U05:69478:69542 [0] NCCL INFO [Proxy Service UDS] Device 0 CPU core 295
MOC-R4PCC04U05:69481:69520 [3] NCCL INFO threadThresholds 8/8/64 | 64/8/64 | 512 | 512
MOC-R4PCC04U05:69481:69520 [3] NCCL INFO 4 coll channels, 4 collnet channels, 0 nvls channels, 4 p2p channels, 2 p2p channels per peer
MOC-R4PCC04U05:69479:69523 [1] NCCL INFO threadThresholds 8/8/64 | 64/8/64 | 512 | 512
MOC-R4PCC04U05:69479:69523 [1] NCCL INFO 4 coll channels, 4 collnet channels, 0 nvls channels, 4 p2p channels, 2 p2p channels per peer
MOC-R4PCC04U05:69480:69522 [2] NCCL INFO threadThresholds 8/8/64 | 64/8/64 | 512 | 512
MOC-R4PCC04U05:69480:69522 [2] NCCL INFO 4 coll channels, 4 collnet channels, 0 nvls channels, 4 p2p channels, 2 p2p channels per peer
MOC-R4PCC04U05:69478:69519 [0] NCCL INFO threadThresholds 8/8/64 | 64/8/64 | 512 | 512
MOC-R4PCC04U05:69478:69519 [0] NCCL INFO 4 coll channels, 4 collnet channels, 0 nvls channels, 4 p2p channels, 2 p2p channels per peer
MOC-R4PCC04U05:69478:69519 [0] NCCL INFO CC Off, workFifoBytes 1048576
MOC-R4PCC04U05:69481:69520 [3] NCCL INFO TUNER/Plugin: Could not find: libnccl-tuner.so. Using internal tuner plugin.
MOC-R4PCC04U05:69481:69520 [3] NCCL INFO ncclCommInitRankConfig comm 0x558ce0621b10 rank 3 nranks 8 cudaDev 3 nvmlDev 3 busId c6000 commId 0xa749a706e18a91 - Init COMPLETE
MOC-R4PCC04U05:69481:69520 [3] NCCL INFO Init timings - ncclCommInitRankConfig: rank 3 nranks 8 total 3.54 (kernels 0.81, alloc 1.30, bootstrap 0.62, allgathers 0.02, topo 0.75, graphs 0.00, connections 0.02, rest 0.01)
MOC-R4PCC04U05:69479:69523 [1] NCCL INFO TUNER/Plugin: Could not find: libnccl-tuner.so. Using internal tuner plugin.
MOC-R4PCC04U05:69479:69523 [1] NCCL INFO ncclCommInitRankConfig comm 0x55a269154190 rank 1 nranks 8 cudaDev 1 nvmlDev 1 busId 26000 commId 0xa749a706e18a91 - Init COMPLETE
MOC-R4PCC04U05:69480:69522 [2] NCCL INFO TUNER/Plugin: Could not find: libnccl-tuner.so. Using internal tuner plugin.
MOC-R4PCC04U05:69479:69523 [1] NCCL INFO Init timings - ncclCommInitRankConfig: rank 1 nranks 8 total 2.91 (kernels 0.94, alloc 1.15, bootstrap 0.00, allgathers 0.02, topo 0.75, graphs 0.00, connections 0.02, rest 0.02)
MOC-R4PCC04U05:69480:69522 [2] NCCL INFO ncclCommInitRankConfig comm 0x5562ac2421c0 rank 2 nranks 8 cudaDev 2 nvmlDev 2 busId a6000 commId 0xa749a706e18a91 - Init COMPLETE
MOC-R4PCC04U05:69480:69522 [2] NCCL INFO Init timings - ncclCommInitRankConfig: rank 2 nranks 8 total 2.92 (kernels 0.33, alloc 1.46, bootstrap 0.31, allgathers 0.02, topo 0.76, graphs 0.00, connections 0.02, rest 0.02)
MOC-R4PCC04U05:69478:69519 [0] NCCL INFO TUNER/Plugin: Could not find: libnccl-tuner.so. Using internal tuner plugin.
MOC-R4PCC04U05:69478:69519 [0] NCCL INFO ncclCommInitRankConfig comm 0x56364da33800 rank 0 nranks 8 cudaDev 0 nvmlDev 0 busId 6000 commId 0xa749a706e18a91 - Init COMPLETE
MOC-R4PCC04U05:69478:69519 [0] NCCL INFO Init timings - ncclCommInitRankConfig: rank 0 nranks 8 total 3.92 (kernels 0.31, alloc 0.68, bootstrap 2.11, allgathers 0.02, topo 0.75, graphs 0.00, connections 0.04, rest 0.00)
MOC-R4PCC04U05:69478:69544 [0] NCCL INFO Channel 00/0 : 0[0] -> 3[3] via P2P/CUMEM
MOC-R4PCC04U05:69478:69544 [0] NCCL INFO Channel 01/0 : 0[0] -> 3[3] via P2P/CUMEM
MOC-R4PCC04U05:69478:69544 [0] NCCL INFO Channel 02/0 : 0[0] -> 3[3] via P2P/CUMEM
MOC-R4PCC04U05:69478:69544 [0] NCCL INFO Channel 03/0 : 0[0] -> 3[3] via P2P/CUMEM
MOC-R4PCC04U05:69480:69547 [2] NCCL INFO [Proxy Progress] Device 2 CPU core 447
MOC-R4PCC04U05:69480:69543 [2] NCCL INFO Channel 00/0 : 7[3] -> 2[2] [receive] via NET/IB/1/GDRDMA
MOC-R4PCC04U05:69480:69543 [2] NCCL INFO Channel 01/0 : 7[3] -> 2[2] [receive] via NET/IB/1/GDRDMA
MOC-R4PCC04U05:69480:69543 [2] NCCL INFO Channel 02/0 : 7[3] -> 2[2] [receive] via NET/IB/1/GDRDMA
MOC-R4PCC04U05:69480:69543 [2] NCCL INFO Channel 03/0 : 7[3] -> 2[2] [receive] via NET/IB/1/GDRDMA
MOC-R4PCC04U05:69480:69543 [2] NCCL INFO Channel 00/0 : 2[2] -> 1[1] via P2P/CUMEM
MOC-R4PCC04U05:69481:69545 [3] NCCL INFO Channel 00/0 : 3[3] -> 6[2] [send] via NET/IB/1(2)/GDRDMA
MOC-R4PCC04U05:69480:69543 [2] NCCL INFO Channel 01/0 : 2[2] -> 1[1] via P2P/CUMEM
MOC-R4PCC04U05:69481:69545 [3] NCCL INFO Channel 01/0 : 3[3] -> 6[2] [send] via NET/IB/1(2)/GDRDMA
MOC-R4PCC04U05:69480:69543 [2] NCCL INFO Channel 02/0 : 2[2] -> 1[1] via P2P/CUMEM
MOC-R4PCC04U05:69481:69545 [3] NCCL INFO Channel 02/0 : 3[3] -> 6[2] [send] via NET/IB/1(2)/GDRDMA
MOC-R4PCC04U05:69479:69546 [1] NCCL INFO Channel 00/0 : 1[1] -> 0[0] via P2P/CUMEM
MOC-R4PCC04U05:69480:69543 [2] NCCL INFO Channel 03/0 : 2[2] -> 1[1] via P2P/CUMEM
MOC-R4PCC04U05:69481:69545 [3] NCCL INFO Channel 03/0 : 3[3] -> 6[2] [send] via NET/IB/1(2)/GDRDMA
MOC-R4PCC04U05:69479:69546 [1] NCCL INFO Channel 01/0 : 1[1] -> 0[0] via P2P/CUMEM
MOC-R4PCC04U05:69479:69546 [1] NCCL INFO Channel 02/0 : 1[1] -> 0[0] via P2P/CUMEM
MOC-R4PCC04U05:69479:69546 [1] NCCL INFO Channel 03/0 : 1[1] -> 0[0] via P2P/CUMEM
MOC-R4PCC04U05:69481:69545 [3] NCCL INFO Connected all rings, use ring PXN 1 GDR 1
MOC-R4PCC04U05:69479:69546 [1] NCCL INFO Connected all rings, use ring PXN 1 GDR 1
MOC-R4PCC04U05:69478:69544 [0] NCCL INFO Connected all rings, use ring PXN 1 GDR 1
MOC-R4PCC04U05:69480:69543 [2] NCCL INFO Connected all rings, use ring PXN 1 GDR 1
num decayed parameter tensors: 50, with 124,318,464 parameters
num non-decayed parameter tensors: 98, with 121,344 parameters
using fused AdamW: False
using regular AdamW
MOC-R4PCC04U05:69478:70236 [0] NCCL INFO Channel 00/0 : 0[0] -> 1[1] via P2P/CUMEM
MOC-R4PCC04U05:69478:70236 [0] NCCL INFO Channel 01/0 : 0[0] -> 1[1] via P2P/CUMEM
MOC-R4PCC04U05:69478:70236 [0] NCCL INFO Channel 02/0 : 0[0] -> 1[1] via P2P/CUMEM
MOC-R4PCC04U05:69478:70236 [0] NCCL INFO Channel 03/0 : 0[0] -> 1[1] via P2P/CUMEM
MOC-R4PCC04U05:69480:70239 [2] NCCL INFO Channel 00/0 : 2[2] -> 3[3] via P2P/CUMEM
MOC-R4PCC04U05:69480:70239 [2] NCCL INFO Channel 01/0 : 2[2] -> 3[3] via P2P/CUMEM
MOC-R4PCC04U05:69480:70239 [2] NCCL INFO Channel 02/0 : 2[2] -> 3[3] via P2P/CUMEM
MOC-R4PCC04U05:69480:70239 [2] NCCL INFO Channel 03/0 : 2[2] -> 3[3] via P2P/CUMEM
MOC-R4PCC04U05:69481:70237 [3] NCCL INFO Channel 00/0 : 3[3] -> 0[0] via P2P/CUMEM
MOC-R4PCC04U05:69480:70239 [2] NCCL INFO Channel 00/0 : 6[2] -> 2[2] [receive] via NET/IB/1/GDRDMA
MOC-R4PCC04U05:69480:70239 [2] NCCL INFO Channel 01/0 : 6[2] -> 2[2] [receive] via NET/IB/1/GDRDMA
MOC-R4PCC04U05:69480:70239 [2] NCCL INFO Channel 02/0 : 6[2] -> 2[2] [receive] via NET/IB/1/GDRDMA
MOC-R4PCC04U05:69480:70239 [2] NCCL INFO Channel 03/0 : 6[2] -> 2[2] [receive] via NET/IB/1/GDRDMA
MOC-R4PCC04U05:69480:70239 [2] NCCL INFO Channel 00/0 : 2[2] -> 6[2] [send] via NET/IB/1/GDRDMA
MOC-R4PCC04U05:69480:70239 [2] NCCL INFO Channel 01/0 : 2[2] -> 6[2] [send] via NET/IB/1/GDRDMA
MOC-R4PCC04U05:69481:70237 [3] NCCL INFO Channel 01/0 : 3[3] -> 0[0] via P2P/CUMEM
MOC-R4PCC04U05:69480:70239 [2] NCCL INFO Channel 02/0 : 2[2] -> 6[2] [send] via NET/IB/1/GDRDMA
MOC-R4PCC04U05:69480:70239 [2] NCCL INFO Channel 03/0 : 2[2] -> 6[2] [send] via NET/IB/1/GDRDMA
MOC-R4PCC04U05:69481:70237 [3] NCCL INFO Channel 02/0 : 3[3] -> 0[0] via P2P/CUMEM
MOC-R4PCC04U05:69481:70237 [3] NCCL INFO Channel 03/0 : 3[3] -> 0[0] via P2P/CUMEM
MOC-R4PCC04U05:69481:70237 [3] NCCL INFO Channel 00/0 : 3[3] -> 2[2] via P2P/CUMEM
MOC-R4PCC04U05:69481:70237 [3] NCCL INFO Channel 01/0 : 3[3] -> 2[2] via P2P/CUMEM
MOC-R4PCC04U05:69481:70237 [3] NCCL INFO Channel 02/0 : 3[3] -> 2[2] via P2P/CUMEM
MOC-R4PCC04U05:69481:70237 [3] NCCL INFO Channel 03/0 : 3[3] -> 2[2] via P2P/CUMEM
MOC-R4PCC04U05:69479:70238 [1] NCCL INFO Connected all trees
MOC-R4PCC04U05:69478:70236 [0] NCCL INFO Connected all trees
MOC-R4PCC04U05:69480:70239 [2] NCCL INFO Connected all trees
MOC-R4PCC04U05:69481:70237 [3] NCCL INFO Connected all trees
step    1/10 | train loss 11.010132 | norm 15.4557 | lr 1.00e-04 | (14173.93 ms | 92474 tok/s)
step    2/10 | train loss 10.134740 | norm 5.7680 | lr 1.00e-04 | (413.63 ms | 3168789 tok/s)
step    3/10 | train loss 9.792707 | norm 2.6181 | lr 1.00e-04 | (412.21 ms | 3179744 tok/s)
step    4/10 | train loss 9.622600 | norm 2.1198 | lr 1.00e-04 | (410.97 ms | 3189305 tok/s)
step    5/10 | train loss 9.539333 | norm 2.1126 | lr 1.00e-04 | (411.06 ms | 3188672 tok/s)
step    6/10 | train loss 9.457713 | norm 2.0030 | lr 1.00e-04 | (413.63 ms | 3168826 tok/s)
step    7/10 | train loss 9.371843 | norm 1.9528 | lr 1.00e-04 | (412.65 ms | 3176355 tok/s)
step    8/10 | train loss 9.279831 | norm 1.9192 | lr 1.00e-04 | (412.05 ms | 3180995 tok/s)
step    9/10 | train loss 9.184062 | norm 1.8636 | lr 1.00e-04 | (410.38 ms | 3193952 tok/s)
step   10/10 | train loss 9.097855 | norm 1.7989 | lr 1.00e-04 | (414.02 ms | 3165862 tok/s)
final 9 iters avg: 412.288ms
peak memory consumption: 16601 MiB
MOC-R4PCC04U05:69479:70246 [1] NCCL INFO comm 0x55a269154190 rank 1 nranks 8 cudaDev 1 busId 26000 - Destroy COMPLETE
MOC-R4PCC04U05:69478:70245 [0] NCCL INFO comm 0x56364da33800 rank 0 nranks 8 cudaDev 0 busId 6000 - Destroy COMPLETE
MOC-R4PCC04U05:69481:70244 [3] NCCL INFO comm 0x558ce0621b10 rank 3 nranks 8 cudaDev 3 busId c6000 - Destroy COMPLETE
MOC-R4PCC04U05:69480:70247 [2] NCCL INFO comm 0x5562ac2421c0 rank 2 nranks 8 cudaDev 2 busId a6000 - Destroy COMPLETE
