Running pytorch 2.7.0+cu126
using device: cuda:0
total desired batch size: 3145728
=> calculated gradient accumulation steps: 8
using device: cuda:1
using device: cuda:2
using device: cuda:3
compiling the model...
DataLoader: total number of tokens: 1,661,249,667 across 103 files
MOC-R4PCC04U05:80415:80415 [0] NCCL INFO NCCL_SOCKET_IFNAME set by environment to eno7np0
MOC-R4PCC04U05:80415:80415 [0] NCCL INFO Bootstrap: Using eno7np0:192.168.50.193<0>
MOC-R4PCC04U05:80415:80415 [0] NCCL INFO cudaDriverVersion 12040
MOC-R4PCC04U05:80415:80415 [0] NCCL INFO NCCL version 2.26.2+cuda12.2
MOC-R4PCC04U05:80415:80415 [0] NCCL INFO Comm config Blocking set to 1
MOC-R4PCC04U05:80415:80458 [0] NCCL INFO NET/Plugin: Could not find: libnccl-net.so. Using internal net plugin.
MOC-R4PCC04U05:80415:80458 [0] NCCL INFO NCCL_IB_DISABLE set by environment to 0.
MOC-R4PCC04U05:80415:80458 [0] NCCL INFO NCCL_SOCKET_IFNAME set by environment to eno7np0
MOC-R4PCC04U05:80415:80458 [0] NCCL INFO NCCL_IB_HCA set to mlx5_5
MOC-R4PCC04U05:80416:80416 [1] NCCL INFO cudaDriverVersion 12040
MOC-R4PCC04U05:80416:80416 [1] NCCL INFO NCCL_SOCKET_IFNAME set by environment to eno7np0
MOC-R4PCC04U05:80416:80416 [1] NCCL INFO Bootstrap: Using eno7np0:192.168.50.193<0>
MOC-R4PCC04U05:80416:80416 [1] NCCL INFO NCCL version 2.26.2+cuda12.2
MOC-R4PCC04U05:80416:80416 [1] NCCL INFO Comm config Blocking set to 1
MOC-R4PCC04U05:80415:80458 [0] NCCL INFO NET/IB : Using [0]mlx5_5:1/RoCE [RO]; OOB eno7np0:192.168.50.193<0>
MOC-R4PCC04U05:80415:80458 [0] NCCL INFO PROFILER/Plugin: Could not find: libnccl-profiler.so. 
MOC-R4PCC04U05:80415:80458 [0] NCCL INFO Using network IB
MOC-R4PCC04U05:80415:80458 [0] NCCL INFO DMA-BUF is available on GPU device 0
MOC-R4PCC04U05:80415:80458 [0] NCCL INFO ncclCommInitRankConfig comm 0x55ac68eaae70 rank 0 nranks 12 cudaDev 0 nvmlDev 0 busId 6000 commId 0x77ab8293c7f94a4c - Init START
MOC-R4PCC04U05:80417:80417 [2] NCCL INFO cudaDriverVersion 12040
MOC-R4PCC04U05:80417:80417 [2] NCCL INFO NCCL_SOCKET_IFNAME set by environment to eno7np0
MOC-R4PCC04U05:80417:80417 [2] NCCL INFO Bootstrap: Using eno7np0:192.168.50.193<0>
MOC-R4PCC04U05:80417:80417 [2] NCCL INFO NCCL version 2.26.2+cuda12.2
MOC-R4PCC04U05:80417:80417 [2] NCCL INFO Comm config Blocking set to 1
MOC-R4PCC04U05:80418:80418 [3] NCCL INFO cudaDriverVersion 12040
MOC-R4PCC04U05:80418:80418 [3] NCCL INFO NCCL_SOCKET_IFNAME set by environment to eno7np0
MOC-R4PCC04U05:80418:80418 [3] NCCL INFO Bootstrap: Using eno7np0:192.168.50.193<0>
MOC-R4PCC04U05:80418:80418 [3] NCCL INFO NCCL version 2.26.2+cuda12.2
MOC-R4PCC04U05:80418:80418 [3] NCCL INFO Comm config Blocking set to 1
MOC-R4PCC04U05:80416:80459 [1] NCCL INFO NET/Plugin: Could not find: libnccl-net.so. Using internal net plugin.
MOC-R4PCC04U05:80416:80459 [1] NCCL INFO NCCL_IB_DISABLE set by environment to 0.
MOC-R4PCC04U05:80416:80459 [1] NCCL INFO NCCL_SOCKET_IFNAME set by environment to eno7np0
MOC-R4PCC04U05:80416:80459 [1] NCCL INFO NCCL_IB_HCA set to mlx5_5
MOC-R4PCC04U05:80416:80459 [1] NCCL INFO NET/IB : Using [0]mlx5_5:1/RoCE [RO]; OOB eno7np0:192.168.50.193<0>
MOC-R4PCC04U05:80416:80459 [1] NCCL INFO PROFILER/Plugin: Could not find: libnccl-profiler.so. 
MOC-R4PCC04U05:80416:80459 [1] NCCL INFO Using network IB
MOC-R4PCC04U05:80417:80461 [2] NCCL INFO NET/Plugin: Could not find: libnccl-net.so. Using internal net plugin.
MOC-R4PCC04U05:80417:80461 [2] NCCL INFO NCCL_IB_DISABLE set by environment to 0.
MOC-R4PCC04U05:80417:80461 [2] NCCL INFO NCCL_SOCKET_IFNAME set by environment to eno7np0
MOC-R4PCC04U05:80417:80461 [2] NCCL INFO NCCL_IB_HCA set to mlx5_5
MOC-R4PCC04U05:80417:80461 [2] NCCL INFO NET/IB : Using [0]mlx5_5:1/RoCE [RO]; OOB eno7np0:192.168.50.193<0>
MOC-R4PCC04U05:80417:80461 [2] NCCL INFO PROFILER/Plugin: Could not find: libnccl-profiler.so. 
MOC-R4PCC04U05:80417:80461 [2] NCCL INFO Using network IB
MOC-R4PCC04U05:80418:80462 [3] NCCL INFO NET/Plugin: Could not find: libnccl-net.so. Using internal net plugin.
MOC-R4PCC04U05:80418:80462 [3] NCCL INFO NCCL_IB_DISABLE set by environment to 0.
MOC-R4PCC04U05:80418:80462 [3] NCCL INFO NCCL_SOCKET_IFNAME set by environment to eno7np0
MOC-R4PCC04U05:80418:80462 [3] NCCL INFO NCCL_IB_HCA set to mlx5_5
MOC-R4PCC04U05:80418:80462 [3] NCCL INFO NET/IB : Using [0]mlx5_5:1/RoCE [RO]; OOB eno7np0:192.168.50.193<0>
MOC-R4PCC04U05:80418:80462 [3] NCCL INFO PROFILER/Plugin: Could not find: libnccl-profiler.so. 
MOC-R4PCC04U05:80418:80462 [3] NCCL INFO Using network IB
MOC-R4PCC04U05:80416:80459 [1] NCCL INFO DMA-BUF is available on GPU device 1
MOC-R4PCC04U05:80416:80459 [1] NCCL INFO ncclCommInitRankConfig comm 0x5614c318b0e0 rank 1 nranks 12 cudaDev 1 nvmlDev 1 busId 26000 commId 0x77ab8293c7f94a4c - Init START
MOC-R4PCC04U05:80417:80461 [2] NCCL INFO DMA-BUF is available on GPU device 2
MOC-R4PCC04U05:80417:80461 [2] NCCL INFO ncclCommInitRankConfig comm 0x557bf4d48110 rank 2 nranks 12 cudaDev 2 nvmlDev 2 busId a6000 commId 0x77ab8293c7f94a4c - Init START
MOC-R4PCC04U05:80416:80459 [1] NCCL INFO RAS client listening socket at ::1<28028>
MOC-R4PCC04U05:80415:80458 [0] NCCL INFO RAS client listening socket at ::1<28028>
MOC-R4PCC04U05:80418:80462 [3] NCCL INFO DMA-BUF is available on GPU device 3
MOC-R4PCC04U05:80418:80462 [3] NCCL INFO ncclCommInitRankConfig comm 0x55586115f1e0 rank 3 nranks 12 cudaDev 3 nvmlDev 3 busId c6000 commId 0x77ab8293c7f94a4c - Init START
MOC-R4PCC04U05:80418:80462 [3] NCCL INFO RAS client listening socket at ::1<28028>
MOC-R4PCC04U05:80417:80461 [2] NCCL INFO RAS client listening socket at ::1<28028>
MOC-R4PCC04U05:80417:80461 [2] NCCL INFO Bootstrap timings total 0.284053 (create 0.000151, send 0.000256, recv 0.280453, ring 0.000594, delay 0.000001)
MOC-R4PCC04U05:80418:80462 [3] NCCL INFO Bootstrap timings total 0.003929 (create 0.000108, send 0.000185, recv 0.000483, ring 0.001026, delay 0.000000)
MOC-R4PCC04U05:80416:80459 [1] NCCL INFO Bootstrap timings total 0.583152 (create 0.000155, send 0.000255, recv 0.299471, ring 0.281873, delay 0.000001)
MOC-R4PCC04U05:80415:80458 [0] NCCL INFO Bootstrap timings total 2.137987 (create 0.000145, send 0.000426, recv 1.555110, ring 0.252266, delay 0.000001)
MOC-R4PCC04U05:80416:80459 [1] NCCL INFO Setting affinity for GPU 1 to ffffffff,ffffffff,ffffffff,ffffffff,00000000,00000000,00000000,00000000,ffffffff,ffffffff,ffffffff,ffffffff
MOC-R4PCC04U05:80416:80459 [1] NCCL INFO NVLS multicast support is not available on dev 1
MOC-R4PCC04U05:80415:80458 [0] NCCL INFO Setting affinity for GPU 0 to ffffffff,ffffffff,ffffffff,ffffffff,00000000,00000000,00000000,00000000,ffffffff,ffffffff,ffffffff,ffffffff
MOC-R4PCC04U05:80415:80458 [0] NCCL INFO NVLS multicast support is not available on dev 0
MOC-R4PCC04U05:80417:80461 [2] NCCL INFO Setting affinity for GPU 2 to ffffffff,ffffffff,ffffffff,ffffffff,00000000,00000000,00000000,00000000,ffffffff,ffffffff,ffffffff,ffffffff,00000000,00000000,00000000,00000000
MOC-R4PCC04U05:80417:80461 [2] NCCL INFO NVLS multicast support is not available on dev 2
MOC-R4PCC04U05:80418:80462 [3] NCCL INFO Setting affinity for GPU 3 to ffffffff,ffffffff,ffffffff,ffffffff,00000000,00000000,00000000,00000000,ffffffff,ffffffff,ffffffff,ffffffff,00000000,00000000,00000000,00000000
MOC-R4PCC04U05:80418:80462 [3] NCCL INFO NVLS multicast support is not available on dev 3
MOC-R4PCC04U05:80418:80462 [3] NCCL INFO comm 0x55586115f1e0 rank 3 nRanks 12 nNodes 3 localRanks 4 localRank 3 MNNVL 0
MOC-R4PCC04U05:80417:80461 [2] NCCL INFO comm 0x557bf4d48110 rank 2 nRanks 12 nNodes 3 localRanks 4 localRank 2 MNNVL 0
MOC-R4PCC04U05:80417:80461 [2] NCCL INFO Trees [0] 3/10/-1->2->-1 [1] 3/10/-1->2->-1 [2] 3/10/-1->2->6 [3] 3/10/-1->2->6
MOC-R4PCC04U05:80418:80462 [3] NCCL INFO Trees [0] 0/-1/-1->3->2 [1] 0/-1/-1->3->2 [2] 0/-1/-1->3->2 [3] 0/-1/-1->3->2
MOC-R4PCC04U05:80417:80461 [2] NCCL INFO P2P Chunksize set to 131072
MOC-R4PCC04U05:80415:80458 [0] NCCL INFO comm 0x55ac68eaae70 rank 0 nRanks 12 nNodes 3 localRanks 4 localRank 0 MNNVL 0
MOC-R4PCC04U05:80418:80462 [3] NCCL INFO P2P Chunksize set to 131072
MOC-R4PCC04U05:80416:80459 [1] NCCL INFO comm 0x5614c318b0e0 rank 1 nRanks 12 nNodes 3 localRanks 4 localRank 1 MNNVL 0
MOC-R4PCC04U05:80415:80458 [0] NCCL INFO Channel 00/04 :  0  3  6  5  4  7 10  9  8 11  2  1
MOC-R4PCC04U05:80415:80458 [0] NCCL INFO Channel 01/04 :  0  3  6  5  4  7 10  9  8 11  2  1
MOC-R4PCC04U05:80415:80458 [0] NCCL INFO Channel 02/04 :  0  3  6  5  4  7 10  9  8 11  2  1
MOC-R4PCC04U05:80415:80458 [0] NCCL INFO Channel 03/04 :  0  3  6  5  4  7 10  9  8 11  2  1
MOC-R4PCC04U05:80415:80458 [0] NCCL INFO Trees [0] 1/-1/-1->0->3 [1] 1/-1/-1->0->3 [2] 1/-1/-1->0->3 [3] 1/-1/-1->0->3
MOC-R4PCC04U05:80416:80459 [1] NCCL INFO Trees [0] -1/-1/-1->1->0 [1] -1/-1/-1->1->0 [2] -1/-1/-1->1->0 [3] -1/-1/-1->1->0
MOC-R4PCC04U05:80415:80458 [0] NCCL INFO P2P Chunksize set to 131072
MOC-R4PCC04U05:80417:80473 [2] NCCL INFO [Proxy Service] Device 2 CPU core 418
MOC-R4PCC04U05:80418:80474 [3] NCCL INFO [Proxy Service] Device 3 CPU core 136
MOC-R4PCC04U05:80416:80459 [1] NCCL INFO P2P Chunksize set to 131072
MOC-R4PCC04U05:80417:80475 [2] NCCL INFO [Proxy Service UDS] Device 2 CPU core 168
MOC-R4PCC04U05:80418:80476 [3] NCCL INFO [Proxy Service UDS] Device 3 CPU core 182
MOC-R4PCC04U05:80415:80458 [0] NCCL INFO Check P2P Type intraNodeP2pSupport 1 directMode 0
MOC-R4PCC04U05:80415:80477 [0] NCCL INFO [Proxy Service] Device 0 CPU core 14
MOC-R4PCC04U05:80415:80479 [0] NCCL INFO [Proxy Service UDS] Device 0 CPU core 287
MOC-R4PCC04U05:80416:80481 [1] NCCL INFO [Proxy Service UDS] Device 1 CPU core 35
MOC-R4PCC04U05:80416:80480 [1] NCCL INFO [Proxy Service] Device 1 CPU core 303
MOC-R4PCC04U05:80417:80461 [2] NCCL INFO threadThresholds 8/8/64 | 96/8/64 | 512 | 512
MOC-R4PCC04U05:80417:80461 [2] NCCL INFO 4 coll channels, 4 collnet channels, 0 nvls channels, 4 p2p channels, 1 p2p channels per peer
MOC-R4PCC04U05:80418:80462 [3] NCCL INFO threadThresholds 8/8/64 | 96/8/64 | 512 | 512
MOC-R4PCC04U05:80418:80462 [3] NCCL INFO 4 coll channels, 4 collnet channels, 0 nvls channels, 4 p2p channels, 1 p2p channels per peer
MOC-R4PCC04U05:80416:80459 [1] NCCL INFO threadThresholds 8/8/64 | 96/8/64 | 512 | 512
MOC-R4PCC04U05:80416:80459 [1] NCCL INFO 4 coll channels, 4 collnet channels, 0 nvls channels, 4 p2p channels, 1 p2p channels per peer
MOC-R4PCC04U05:80415:80458 [0] NCCL INFO threadThresholds 8/8/64 | 96/8/64 | 512 | 512
MOC-R4PCC04U05:80415:80458 [0] NCCL INFO 4 coll channels, 4 collnet channels, 0 nvls channels, 4 p2p channels, 1 p2p channels per peer
MOC-R4PCC04U05:80415:80458 [0] NCCL INFO CC Off, workFifoBytes 1048576
MOC-R4PCC04U05:80417:80461 [2] NCCL INFO TUNER/Plugin: Could not find: libnccl-tuner.so. Using internal tuner plugin.
MOC-R4PCC04U05:80417:80461 [2] NCCL INFO ncclCommInitRankConfig comm 0x557bf4d48110 rank 2 nranks 12 cudaDev 2 nvmlDev 2 busId a6000 commId 0x77ab8293c7f94a4c - Init COMPLETE
MOC-R4PCC04U05:80417:80461 [2] NCCL INFO Init timings - ncclCommInitRankConfig: rank 2 nranks 12 total 2.96 (kernels 0.31, alloc 1.54, bootstrap 0.28, allgathers 0.02, topo 0.76, graphs 0.00, connections 0.02, rest 0.03)
MOC-R4PCC04U05:80418:80462 [3] NCCL INFO TUNER/Plugin: Could not find: libnccl-tuner.so. Using internal tuner plugin.
MOC-R4PCC04U05:80418:80462 [3] NCCL INFO ncclCommInitRankConfig comm 0x55586115f1e0 rank 3 nranks 12 cudaDev 3 nvmlDev 3 busId c6000 commId 0x77ab8293c7f94a4c - Init COMPLETE
MOC-R4PCC04U05:80418:80462 [3] NCCL INFO Init timings - ncclCommInitRankConfig: rank 3 nranks 12 total 2.96 (kernels 0.79, alloc 1.32, bootstrap 0.00, allgathers 0.02, topo 0.76, graphs 0.00, connections 0.02, rest 0.03)
MOC-R4PCC04U05:80416:80459 [1] NCCL INFO TUNER/Plugin: Could not find: libnccl-tuner.so. Using internal tuner plugin.
MOC-R4PCC04U05:80416:80459 [1] NCCL INFO ncclCommInitRankConfig comm 0x5614c318b0e0 rank 1 nranks 12 cudaDev 1 nvmlDev 1 busId 26000 commId 0x77ab8293c7f94a4c - Init COMPLETE
MOC-R4PCC04U05:80416:80459 [1] NCCL INFO Init timings - ncclCommInitRankConfig: rank 1 nranks 12 total 3.62 (kernels 0.85, alloc 1.36, bootstrap 0.58, allgathers 0.02, topo 0.76, graphs 0.00, connections 0.03, rest 0.02)
MOC-R4PCC04U05:80415:80458 [0] NCCL INFO TUNER/Plugin: Could not find: libnccl-tuner.so. Using internal tuner plugin.
MOC-R4PCC04U05:80415:80458 [0] NCCL INFO ncclCommInitRankConfig comm 0x55ac68eaae70 rank 0 nranks 12 cudaDev 0 nvmlDev 0 busId 6000 commId 0x77ab8293c7f94a4c - Init COMPLETE
MOC-R4PCC04U05:80415:80458 [0] NCCL INFO Init timings - ncclCommInitRankConfig: rank 0 nranks 12 total 3.98 (kernels 0.32, alloc 0.69, bootstrap 2.14, allgathers 0.02, topo 0.76, graphs 0.00, connections 0.05, rest 0.00)
MOC-R4PCC04U05:80415:80483 [0] NCCL INFO Channel 00/0 : 0[0] -> 3[3] via P2P/CUMEM
MOC-R4PCC04U05:80415:80483 [0] NCCL INFO Channel 01/0 : 0[0] -> 3[3] via P2P/CUMEM
MOC-R4PCC04U05:80415:80483 [0] NCCL INFO Channel 02/0 : 0[0] -> 3[3] via P2P/CUMEM
MOC-R4PCC04U05:80415:80483 [0] NCCL INFO Channel 03/0 : 0[0] -> 3[3] via P2P/CUMEM
MOC-R4PCC04U05:80416:80484 [1] NCCL INFO Channel 00/0 : 1[1] -> 0[0] via P2P/CUMEM
MOC-R4PCC04U05:80416:80484 [1] NCCL INFO Channel 01/0 : 1[1] -> 0[0] via P2P/CUMEM
MOC-R4PCC04U05:80416:80484 [1] NCCL INFO Channel 02/0 : 1[1] -> 0[0] via P2P/CUMEM
MOC-R4PCC04U05:80416:80484 [1] NCCL INFO Channel 03/0 : 1[1] -> 0[0] via P2P/CUMEM
MOC-R4PCC04U05:80417:80486 [2] NCCL INFO [Proxy Progress] Device 2 CPU core 421
MOC-R4PCC04U05:80417:80485 [2] NCCL INFO Channel 00/0 : 11[3] -> 2[2] [receive] via NET/IB/1/GDRDMA
MOC-R4PCC04U05:80418:80482 [3] NCCL INFO Channel 00/0 : 3[3] -> 6[2] [send] via NET/IB/1(2)/GDRDMA
MOC-R4PCC04U05:80417:80485 [2] NCCL INFO Channel 01/0 : 11[3] -> 2[2] [receive] via NET/IB/1/GDRDMA
MOC-R4PCC04U05:80418:80482 [3] NCCL INFO Channel 01/0 : 3[3] -> 6[2] [send] via NET/IB/1(2)/GDRDMA
MOC-R4PCC04U05:80417:80485 [2] NCCL INFO Channel 02/0 : 11[3] -> 2[2] [receive] via NET/IB/1/GDRDMA
MOC-R4PCC04U05:80418:80482 [3] NCCL INFO Channel 02/0 : 3[3] -> 6[2] [send] via NET/IB/1(2)/GDRDMA
MOC-R4PCC04U05:80417:80485 [2] NCCL INFO Channel 03/0 : 11[3] -> 2[2] [receive] via NET/IB/1/GDRDMA
MOC-R4PCC04U05:80418:80482 [3] NCCL INFO Channel 03/0 : 3[3] -> 6[2] [send] via NET/IB/1(2)/GDRDMA
MOC-R4PCC04U05:80417:80485 [2] NCCL INFO Channel 00/0 : 2[2] -> 1[1] via P2P/CUMEM
MOC-R4PCC04U05:80417:80485 [2] NCCL INFO Channel 01/0 : 2[2] -> 1[1] via P2P/CUMEM
MOC-R4PCC04U05:80417:80485 [2] NCCL INFO Channel 02/0 : 2[2] -> 1[1] via P2P/CUMEM
MOC-R4PCC04U05:80417:80485 [2] NCCL INFO Channel 03/0 : 2[2] -> 1[1] via P2P/CUMEM
MOC-R4PCC04U05:80416:80484 [1] NCCL INFO Connected all rings, use ring PXN 1 GDR 1
MOC-R4PCC04U05:80417:80485 [2] NCCL INFO Connected all rings, use ring PXN 1 GDR 1
MOC-R4PCC04U05:80418:80482 [3] NCCL INFO Connected all rings, use ring PXN 1 GDR 1
MOC-R4PCC04U05:80415:80483 [0] NCCL INFO Connected all rings, use ring PXN 1 GDR 1
num decayed parameter tensors: 50, with 124,318,464 parameters
num non-decayed parameter tensors: 98, with 121,344 parameters
using fused AdamW: False
using regular AdamW
MOC-R4PCC04U05:80415:81175 [0] NCCL INFO Channel 00/0 : 0[0] -> 1[1] via P2P/CUMEM
MOC-R4PCC04U05:80415:81175 [0] NCCL INFO Channel 01/0 : 0[0] -> 1[1] via P2P/CUMEM
MOC-R4PCC04U05:80415:81175 [0] NCCL INFO Channel 02/0 : 0[0] -> 1[1] via P2P/CUMEM
MOC-R4PCC04U05:80415:81175 [0] NCCL INFO Channel 03/0 : 0[0] -> 1[1] via P2P/CUMEM
MOC-R4PCC04U05:80417:81177 [2] NCCL INFO Channel 00/0 : 2[2] -> 3[3] via P2P/CUMEM
MOC-R4PCC04U05:80417:81177 [2] NCCL INFO Channel 01/0 : 2[2] -> 3[3] via P2P/CUMEM
MOC-R4PCC04U05:80417:81177 [2] NCCL INFO Channel 02/0 : 2[2] -> 3[3] via P2P/CUMEM
MOC-R4PCC04U05:80417:81177 [2] NCCL INFO Channel 03/0 : 2[2] -> 3[3] via P2P/CUMEM
MOC-R4PCC04U05:80418:81176 [3] NCCL INFO Channel 00/0 : 3[3] -> 0[0] via P2P/CUMEM
MOC-R4PCC04U05:80417:81177 [2] NCCL INFO Channel 00/0 : 10[2] -> 2[2] [receive] via NET/IB/1/GDRDMA
MOC-R4PCC04U05:80417:81177 [2] NCCL INFO Channel 01/0 : 10[2] -> 2[2] [receive] via NET/IB/1/GDRDMA
MOC-R4PCC04U05:80417:81177 [2] NCCL INFO Channel 02/0 : 10[2] -> 2[2] [receive] via NET/IB/1/GDRDMA
MOC-R4PCC04U05:80418:81176 [3] NCCL INFO Channel 01/0 : 3[3] -> 0[0] via P2P/CUMEM
MOC-R4PCC04U05:80417:81177 [2] NCCL INFO Channel 03/0 : 10[2] -> 2[2] [receive] via NET/IB/1/GDRDMA
MOC-R4PCC04U05:80417:81177 [2] NCCL INFO Channel 02/0 : 2[2] -> 6[2] [send] via NET/IB/1/GDRDMA
MOC-R4PCC04U05:80418:81176 [3] NCCL INFO Channel 02/0 : 3[3] -> 0[0] via P2P/CUMEM
MOC-R4PCC04U05:80417:81177 [2] NCCL INFO Channel 03/0 : 2[2] -> 6[2] [send] via NET/IB/1/GDRDMA
MOC-R4PCC04U05:80418:81176 [3] NCCL INFO Channel 03/0 : 3[3] -> 0[0] via P2P/CUMEM
MOC-R4PCC04U05:80417:81177 [2] NCCL INFO Channel 02/0 : 6[2] -> 2[2] [receive] via NET/IB/1/GDRDMA
MOC-R4PCC04U05:80417:81177 [2] NCCL INFO Channel 03/0 : 6[2] -> 2[2] [receive] via NET/IB/1/GDRDMA
MOC-R4PCC04U05:80417:81177 [2] NCCL INFO Channel 00/0 : 2[2] -> 10[2] [send] via NET/IB/1/GDRDMA
MOC-R4PCC04U05:80417:81177 [2] NCCL INFO Channel 01/0 : 2[2] -> 10[2] [send] via NET/IB/1/GDRDMA
MOC-R4PCC04U05:80417:81177 [2] NCCL INFO Channel 02/0 : 2[2] -> 10[2] [send] via NET/IB/1/GDRDMA
MOC-R4PCC04U05:80417:81177 [2] NCCL INFO Channel 03/0 : 2[2] -> 10[2] [send] via NET/IB/1/GDRDMA
MOC-R4PCC04U05:80418:81176 [3] NCCL INFO Channel 00/0 : 3[3] -> 2[2] via P2P/CUMEM
MOC-R4PCC04U05:80418:81176 [3] NCCL INFO Channel 01/0 : 3[3] -> 2[2] via P2P/CUMEM
MOC-R4PCC04U05:80418:81176 [3] NCCL INFO Channel 02/0 : 3[3] -> 2[2] via P2P/CUMEM
MOC-R4PCC04U05:80418:81176 [3] NCCL INFO Channel 03/0 : 3[3] -> 2[2] via P2P/CUMEM
MOC-R4PCC04U05:80416:81178 [1] NCCL INFO Connected all trees
MOC-R4PCC04U05:80415:81175 [0] NCCL INFO Connected all trees
MOC-R4PCC04U05:80417:81177 [2] NCCL INFO Connected all trees
MOC-R4PCC04U05:80418:81176 [3] NCCL INFO Connected all trees
step    1/10 | train loss 11.009265 | norm 15.3268 | lr 1.00e-04 | (14045.27 ms | 223971 tok/s)
step    2/10 | train loss 10.139997 | norm 5.7240 | lr 1.00e-04 | (793.94 ms | 3962196 tok/s)
step    3/10 | train loss 9.800573 | norm 2.6000 | lr 1.00e-04 | (675.45 ms | 4657199 tok/s)
step    4/10 | train loss 9.631750 | norm 2.1088 | lr 1.00e-04 | (670.15 ms | 4694070 tok/s)
step    5/10 | train loss 9.549012 | norm 2.0997 | lr 1.00e-04 | (867.31 ms | 3626989 tok/s)
step    6/10 | train loss 9.468160 | norm 1.9943 | lr 1.00e-04 | (669.38 ms | 4699484 tok/s)
step    7/10 | train loss 9.382835 | norm 1.9455 | lr 1.00e-04 | (883.73 ms | 3559583 tok/s)
step    8/10 | train loss 9.291337 | norm 1.9113 | lr 1.00e-04 | (722.25 ms | 4355479 tok/s)
step    9/10 | train loss 9.196157 | norm 1.8553 | lr 1.00e-04 | (672.56 ms | 4677242 tok/s)
step   10/10 | train loss 9.111107 | norm 1.7914 | lr 1.00e-04 | (710.61 ms | 4426813 tok/s)
final 9 iters avg: 740.598ms
peak memory consumption: 16601 MiB
MOC-R4PCC04U05:80416:81183 [1] NCCL INFO comm 0x5614c318b0e0 rank 1 nranks 12 cudaDev 1 busId 26000 - Destroy COMPLETE
MOC-R4PCC04U05:80415:81185 [0] NCCL INFO comm 0x55ac68eaae70 rank 0 nranks 12 cudaDev 0 busId 6000 - Destroy COMPLETE
MOC-R4PCC04U05:80418:81186 [3] NCCL INFO comm 0x55586115f1e0 rank 3 nranks 12 cudaDev 3 busId c6000 - Destroy COMPLETE
MOC-R4PCC04U05:80417:81184 [2] NCCL INFO comm 0x557bf4d48110 rank 2 nranks 12 cudaDev 2 busId a6000 - Destroy COMPLETE
