Running pytorch 2.7.0+cu126
using device: cuda:0
total desired batch size: 393216
=> calculated gradient accumulation steps: 1
using device: cuda:3
using device: cuda:2
using device: cuda:1
compiling the model...
DataLoader: total number of tokens: 1,661,249,667 across 103 files
MOC-R4PCC04U05:74527:74527 [0] NCCL INFO NCCL_SOCKET_IFNAME set by environment to eno7np0
MOC-R4PCC04U05:74527:74527 [0] NCCL INFO Bootstrap: Using eno7np0:192.168.50.193<0>
MOC-R4PCC04U05:74527:74527 [0] NCCL INFO cudaDriverVersion 12040
MOC-R4PCC04U05:74527:74527 [0] NCCL INFO NCCL version 2.26.2+cuda12.2
MOC-R4PCC04U05:74527:74527 [0] NCCL INFO Comm config Blocking set to 1
MOC-R4PCC04U05:74527:74578 [0] NCCL INFO NET/Plugin: Could not find: libnccl-net.so. Using internal net plugin.
MOC-R4PCC04U05:74527:74578 [0] NCCL INFO NCCL_IB_DISABLE set by environment to 0.
MOC-R4PCC04U05:74527:74578 [0] NCCL INFO NCCL_SOCKET_IFNAME set by environment to eno7np0
MOC-R4PCC04U05:74527:74578 [0] NCCL INFO NCCL_IB_HCA set to mlx5_5
MOC-R4PCC04U05:74530:74530 [3] NCCL INFO cudaDriverVersion 12040
MOC-R4PCC04U05:74530:74530 [3] NCCL INFO NCCL_SOCKET_IFNAME set by environment to eno7np0
MOC-R4PCC04U05:74530:74530 [3] NCCL INFO Bootstrap: Using eno7np0:192.168.50.193<0>
MOC-R4PCC04U05:74530:74530 [3] NCCL INFO NCCL version 2.26.2+cuda12.2
MOC-R4PCC04U05:74530:74530 [3] NCCL INFO Comm config Blocking set to 1
MOC-R4PCC04U05:74527:74578 [0] NCCL INFO NET/IB : Using [0]mlx5_5:1/RoCE [RO]; OOB eno7np0:192.168.50.193<0>
MOC-R4PCC04U05:74527:74578 [0] NCCL INFO PROFILER/Plugin: Could not find: libnccl-profiler.so. 
MOC-R4PCC04U05:74527:74578 [0] NCCL INFO Using network IB
MOC-R4PCC04U05:74527:74578 [0] NCCL INFO DMA-BUF is available on GPU device 0
MOC-R4PCC04U05:74527:74578 [0] NCCL INFO ncclCommInitRankConfig comm 0x560ad92c1740 rank 0 nranks 12 cudaDev 0 nvmlDev 0 busId 6000 commId 0xb18615f87afa1526 - Init START
MOC-R4PCC04U05:74529:74529 [2] NCCL INFO cudaDriverVersion 12040
MOC-R4PCC04U05:74529:74529 [2] NCCL INFO NCCL_SOCKET_IFNAME set by environment to eno7np0
MOC-R4PCC04U05:74528:74528 [1] NCCL INFO cudaDriverVersion 12040
MOC-R4PCC04U05:74528:74528 [1] NCCL INFO NCCL_SOCKET_IFNAME set by environment to eno7np0
MOC-R4PCC04U05:74529:74529 [2] NCCL INFO Bootstrap: Using eno7np0:192.168.50.193<0>
MOC-R4PCC04U05:74528:74528 [1] NCCL INFO Bootstrap: Using eno7np0:192.168.50.193<0>
MOC-R4PCC04U05:74529:74529 [2] NCCL INFO NCCL version 2.26.2+cuda12.2
MOC-R4PCC04U05:74528:74528 [1] NCCL INFO NCCL version 2.26.2+cuda12.2
MOC-R4PCC04U05:74529:74529 [2] NCCL INFO Comm config Blocking set to 1
MOC-R4PCC04U05:74528:74528 [1] NCCL INFO Comm config Blocking set to 1
MOC-R4PCC04U05:74530:74579 [3] NCCL INFO NET/Plugin: Could not find: libnccl-net.so. Using internal net plugin.
MOC-R4PCC04U05:74530:74579 [3] NCCL INFO NCCL_IB_DISABLE set by environment to 0.
MOC-R4PCC04U05:74530:74579 [3] NCCL INFO NCCL_SOCKET_IFNAME set by environment to eno7np0
MOC-R4PCC04U05:74530:74579 [3] NCCL INFO NCCL_IB_HCA set to mlx5_5
MOC-R4PCC04U05:74530:74579 [3] NCCL INFO NET/IB : Using [0]mlx5_5:1/RoCE [RO]; OOB eno7np0:192.168.50.193<0>
MOC-R4PCC04U05:74530:74579 [3] NCCL INFO PROFILER/Plugin: Could not find: libnccl-profiler.so. 
MOC-R4PCC04U05:74530:74579 [3] NCCL INFO Using network IB
MOC-R4PCC04U05:74528:74582 [1] NCCL INFO NET/Plugin: Could not find: libnccl-net.so. Using internal net plugin.
MOC-R4PCC04U05:74528:74582 [1] NCCL INFO NCCL_IB_DISABLE set by environment to 0.
MOC-R4PCC04U05:74528:74582 [1] NCCL INFO NCCL_SOCKET_IFNAME set by environment to eno7np0
MOC-R4PCC04U05:74528:74582 [1] NCCL INFO NCCL_IB_HCA set to mlx5_5
MOC-R4PCC04U05:74529:74581 [2] NCCL INFO NET/Plugin: Could not find: libnccl-net.so. Using internal net plugin.
MOC-R4PCC04U05:74529:74581 [2] NCCL INFO NCCL_IB_DISABLE set by environment to 0.
MOC-R4PCC04U05:74529:74581 [2] NCCL INFO NCCL_SOCKET_IFNAME set by environment to eno7np0
MOC-R4PCC04U05:74529:74581 [2] NCCL INFO NCCL_IB_HCA set to mlx5_5
MOC-R4PCC04U05:74528:74582 [1] NCCL INFO NET/IB : Using [0]mlx5_5:1/RoCE [RO]; OOB eno7np0:192.168.50.193<0>
MOC-R4PCC04U05:74528:74582 [1] NCCL INFO PROFILER/Plugin: Could not find: libnccl-profiler.so. 
MOC-R4PCC04U05:74528:74582 [1] NCCL INFO Using network IB
MOC-R4PCC04U05:74529:74581 [2] NCCL INFO NET/IB : Using [0]mlx5_5:1/RoCE [RO]; OOB eno7np0:192.168.50.193<0>
MOC-R4PCC04U05:74529:74581 [2] NCCL INFO PROFILER/Plugin: Could not find: libnccl-profiler.so. 
MOC-R4PCC04U05:74529:74581 [2] NCCL INFO Using network IB
MOC-R4PCC04U05:74530:74579 [3] NCCL INFO DMA-BUF is available on GPU device 3
MOC-R4PCC04U05:74530:74579 [3] NCCL INFO ncclCommInitRankConfig comm 0x55c777008c80 rank 3 nranks 12 cudaDev 3 nvmlDev 3 busId c6000 commId 0xb18615f87afa1526 - Init START
MOC-R4PCC04U05:74528:74582 [1] NCCL INFO DMA-BUF is available on GPU device 1
MOC-R4PCC04U05:74529:74581 [2] NCCL INFO DMA-BUF is available on GPU device 2
MOC-R4PCC04U05:74528:74582 [1] NCCL INFO ncclCommInitRankConfig comm 0x5641e444c5d0 rank 1 nranks 12 cudaDev 1 nvmlDev 1 busId 26000 commId 0xb18615f87afa1526 - Init START
MOC-R4PCC04U05:74529:74581 [2] NCCL INFO ncclCommInitRankConfig comm 0x561ac449c340 rank 2 nranks 12 cudaDev 2 nvmlDev 2 busId a6000 commId 0xb18615f87afa1526 - Init START
MOC-R4PCC04U05:74528:74582 [1] NCCL INFO RAS client listening socket at ::1<28028>
MOC-R4PCC04U05:74529:74581 [2] NCCL INFO RAS client listening socket at ::1<28028>
MOC-R4PCC04U05:74527:74578 [0] NCCL INFO RAS client listening socket at ::1<28028>
MOC-R4PCC04U05:74530:74579 [3] NCCL INFO RAS client listening socket at ::1<28028>
MOC-R4PCC04U05:74528:74582 [1] NCCL INFO Bootstrap timings total 0.035259 (create 0.000104, send 0.000189, recv 0.000497, ring 0.033326, delay 0.000000)
MOC-R4PCC04U05:74530:74579 [3] NCCL INFO Bootstrap timings total 0.792508 (create 0.000172, send 0.000253, recv 0.000371, ring 0.032909, delay 0.000001)
MOC-R4PCC04U05:74529:74581 [2] NCCL INFO Bootstrap timings total 0.035169 (create 0.000150, send 0.000256, recv 0.000495, ring 0.033212, delay 0.000000)
MOC-R4PCC04U05:74527:74578 [0] NCCL INFO Bootstrap timings total 2.028040 (create 0.000149, send 0.000407, recv 1.992928, ring 0.032978, delay 0.000000)
MOC-R4PCC04U05:74527:74578 [0] NCCL INFO Setting affinity for GPU 0 to ffffffff,ffffffff,ffffffff,ffffffff,00000000,00000000,00000000,00000000,ffffffff,ffffffff,ffffffff,ffffffff
MOC-R4PCC04U05:74527:74578 [0] NCCL INFO NVLS multicast support is not available on dev 0
MOC-R4PCC04U05:74530:74579 [3] NCCL INFO Setting affinity for GPU 3 to ffffffff,ffffffff,ffffffff,ffffffff,00000000,00000000,00000000,00000000,ffffffff,ffffffff,ffffffff,ffffffff,00000000,00000000,00000000,00000000
MOC-R4PCC04U05:74530:74579 [3] NCCL INFO NVLS multicast support is not available on dev 3
MOC-R4PCC04U05:74528:74582 [1] NCCL INFO Setting affinity for GPU 1 to ffffffff,ffffffff,ffffffff,ffffffff,00000000,00000000,00000000,00000000,ffffffff,ffffffff,ffffffff,ffffffff
MOC-R4PCC04U05:74528:74582 [1] NCCL INFO NVLS multicast support is not available on dev 1
MOC-R4PCC04U05:74529:74581 [2] NCCL INFO Setting affinity for GPU 2 to ffffffff,ffffffff,ffffffff,ffffffff,00000000,00000000,00000000,00000000,ffffffff,ffffffff,ffffffff,ffffffff,00000000,00000000,00000000,00000000
MOC-R4PCC04U05:74529:74581 [2] NCCL INFO NVLS multicast support is not available on dev 2
MOC-R4PCC04U05:74530:74579 [3] NCCL INFO comm 0x55c777008c80 rank 3 nRanks 12 nNodes 3 localRanks 4 localRank 3 MNNVL 0
MOC-R4PCC04U05:74528:74582 [1] NCCL INFO comm 0x5641e444c5d0 rank 1 nRanks 12 nNodes 3 localRanks 4 localRank 1 MNNVL 0
MOC-R4PCC04U05:74529:74581 [2] NCCL INFO comm 0x561ac449c340 rank 2 nRanks 12 nNodes 3 localRanks 4 localRank 2 MNNVL 0
MOC-R4PCC04U05:74530:74579 [3] NCCL INFO Trees [0] 0/-1/-1->3->2 [1] 0/-1/-1->3->2 [2] 0/-1/-1->3->2 [3] 0/-1/-1->3->2
MOC-R4PCC04U05:74530:74579 [3] NCCL INFO P2P Chunksize set to 131072
MOC-R4PCC04U05:74528:74582 [1] NCCL INFO Trees [0] -1/-1/-1->1->0 [1] -1/-1/-1->1->0 [2] -1/-1/-1->1->0 [3] -1/-1/-1->1->0
MOC-R4PCC04U05:74528:74582 [1] NCCL INFO P2P Chunksize set to 131072
MOC-R4PCC04U05:74529:74581 [2] NCCL INFO Trees [0] 3/10/-1->2->-1 [1] 3/10/-1->2->-1 [2] 3/10/-1->2->6 [3] 3/10/-1->2->6
MOC-R4PCC04U05:74529:74581 [2] NCCL INFO P2P Chunksize set to 131072
MOC-R4PCC04U05:74527:74578 [0] NCCL INFO comm 0x560ad92c1740 rank 0 nRanks 12 nNodes 3 localRanks 4 localRank 0 MNNVL 0
MOC-R4PCC04U05:74527:74578 [0] NCCL INFO Channel 00/04 :  0  3  6  5  4  7 10  9  8 11  2  1
MOC-R4PCC04U05:74527:74578 [0] NCCL INFO Channel 01/04 :  0  3  6  5  4  7 10  9  8 11  2  1
MOC-R4PCC04U05:74527:74578 [0] NCCL INFO Channel 02/04 :  0  3  6  5  4  7 10  9  8 11  2  1
MOC-R4PCC04U05:74527:74578 [0] NCCL INFO Channel 03/04 :  0  3  6  5  4  7 10  9  8 11  2  1
MOC-R4PCC04U05:74527:74578 [0] NCCL INFO Trees [0] 1/-1/-1->0->3 [1] 1/-1/-1->0->3 [2] 1/-1/-1->0->3 [3] 1/-1/-1->0->3
MOC-R4PCC04U05:74527:74578 [0] NCCL INFO P2P Chunksize set to 131072
MOC-R4PCC04U05:74527:74578 [0] NCCL INFO Check P2P Type intraNodeP2pSupport 1 directMode 0
MOC-R4PCC04U05:74530:74594 [3] NCCL INFO [Proxy Service] Device 3 CPU core 182
MOC-R4PCC04U05:74528:74595 [1] NCCL INFO [Proxy Service] Device 1 CPU core 287
MOC-R4PCC04U05:74528:74598 [1] NCCL INFO [Proxy Service UDS] Device 1 CPU core 38
MOC-R4PCC04U05:74530:74596 [3] NCCL INFO [Proxy Service UDS] Device 3 CPU core 215
MOC-R4PCC04U05:74527:74600 [0] NCCL INFO [Proxy Service] Device 0 CPU core 303
MOC-R4PCC04U05:74529:74597 [2] NCCL INFO [Proxy Service] Device 2 CPU core 474
MOC-R4PCC04U05:74527:74601 [0] NCCL INFO [Proxy Service UDS] Device 0 CPU core 318
MOC-R4PCC04U05:74529:74599 [2] NCCL INFO [Proxy Service UDS] Device 2 CPU core 229
MOC-R4PCC04U05:74530:74579 [3] NCCL INFO threadThresholds 8/8/64 | 96/8/64 | 512 | 512
MOC-R4PCC04U05:74530:74579 [3] NCCL INFO 4 coll channels, 4 collnet channels, 0 nvls channels, 4 p2p channels, 1 p2p channels per peer
MOC-R4PCC04U05:74529:74581 [2] NCCL INFO threadThresholds 8/8/64 | 96/8/64 | 512 | 512
MOC-R4PCC04U05:74529:74581 [2] NCCL INFO 4 coll channels, 4 collnet channels, 0 nvls channels, 4 p2p channels, 1 p2p channels per peer
MOC-R4PCC04U05:74528:74582 [1] NCCL INFO threadThresholds 8/8/64 | 96/8/64 | 512 | 512
MOC-R4PCC04U05:74528:74582 [1] NCCL INFO 4 coll channels, 4 collnet channels, 0 nvls channels, 4 p2p channels, 1 p2p channels per peer
MOC-R4PCC04U05:74527:74578 [0] NCCL INFO threadThresholds 8/8/64 | 96/8/64 | 512 | 512
MOC-R4PCC04U05:74527:74578 [0] NCCL INFO 4 coll channels, 4 collnet channels, 0 nvls channels, 4 p2p channels, 1 p2p channels per peer
MOC-R4PCC04U05:74527:74578 [0] NCCL INFO CC Off, workFifoBytes 1048576
MOC-R4PCC04U05:74530:74579 [3] NCCL INFO TUNER/Plugin: Could not find: libnccl-tuner.so. Using internal tuner plugin.
MOC-R4PCC04U05:74530:74579 [3] NCCL INFO ncclCommInitRankConfig comm 0x55c777008c80 rank 3 nranks 12 cudaDev 3 nvmlDev 3 busId c6000 commId 0xb18615f87afa1526 - Init COMPLETE
MOC-R4PCC04U05:74530:74579 [3] NCCL INFO Init timings - ncclCommInitRankConfig: rank 3 nranks 12 total 3.85 (kernels 0.81, alloc 1.04, bootstrap 0.79, allgathers 0.06, topo 0.81, graphs 0.00, connections 0.02, rest 0.32)
MOC-R4PCC04U05:74528:74582 [1] NCCL INFO TUNER/Plugin: Could not find: libnccl-tuner.so. Using internal tuner plugin.
MOC-R4PCC04U05:74528:74582 [1] NCCL INFO ncclCommInitRankConfig comm 0x5641e444c5d0 rank 1 nranks 12 cudaDev 1 nvmlDev 1 busId 26000 commId 0xb18615f87afa1526 - Init COMPLETE
MOC-R4PCC04U05:74528:74582 [1] NCCL INFO Init timings - ncclCommInitRankConfig: rank 1 nranks 12 total 3.23 (kernels 0.59, alloc 1.40, bootstrap 0.04, allgathers 0.06, topo 0.81, graphs 0.00, connections 0.03, rest 0.31)
MOC-R4PCC04U05:74529:74581 [2] NCCL INFO TUNER/Plugin: Could not find: libnccl-tuner.so. Using internal tuner plugin.
MOC-R4PCC04U05:74529:74581 [2] NCCL INFO ncclCommInitRankConfig comm 0x561ac449c340 rank 2 nranks 12 cudaDev 2 nvmlDev 2 busId a6000 commId 0xb18615f87afa1526 - Init COMPLETE
MOC-R4PCC04U05:74529:74581 [2] NCCL INFO Init timings - ncclCommInitRankConfig: rank 2 nranks 12 total 3.23 (kernels 0.67, alloc 1.32, bootstrap 0.04, allgathers 0.06, topo 0.81, graphs 0.00, connections 0.02, rest 0.32)
MOC-R4PCC04U05:74527:74578 [0] NCCL INFO TUNER/Plugin: Could not find: libnccl-tuner.so. Using internal tuner plugin.
MOC-R4PCC04U05:74527:74578 [0] NCCL INFO ncclCommInitRankConfig comm 0x560ad92c1740 rank 0 nranks 12 cudaDev 0 nvmlDev 0 busId 6000 commId 0xb18615f87afa1526 - Init COMPLETE
MOC-R4PCC04U05:74527:74578 [0] NCCL INFO Init timings - ncclCommInitRankConfig: rank 0 nranks 12 total 4.25 (kernels 0.32, alloc 0.69, bootstrap 2.03, allgathers 0.06, topo 0.81, graphs 0.00, connections 0.34, rest 0.00)
MOC-R4PCC04U05:74527:74602 [0] NCCL INFO Channel 00/0 : 0[0] -> 3[3] via P2P/CUMEM
MOC-R4PCC04U05:74527:74602 [0] NCCL INFO Channel 01/0 : 0[0] -> 3[3] via P2P/CUMEM
MOC-R4PCC04U05:74527:74602 [0] NCCL INFO Channel 02/0 : 0[0] -> 3[3] via P2P/CUMEM
MOC-R4PCC04U05:74527:74602 [0] NCCL INFO Channel 03/0 : 0[0] -> 3[3] via P2P/CUMEM
MOC-R4PCC04U05:74528:74603 [1] NCCL INFO Channel 00/0 : 1[1] -> 0[0] via P2P/CUMEM
MOC-R4PCC04U05:74528:74603 [1] NCCL INFO Channel 01/0 : 1[1] -> 0[0] via P2P/CUMEM
MOC-R4PCC04U05:74528:74603 [1] NCCL INFO Channel 02/0 : 1[1] -> 0[0] via P2P/CUMEM
MOC-R4PCC04U05:74528:74603 [1] NCCL INFO Channel 03/0 : 1[1] -> 0[0] via P2P/CUMEM
MOC-R4PCC04U05:74529:74606 [2] NCCL INFO [Proxy Progress] Device 2 CPU core 183
MOC-R4PCC04U05:74530:74605 [3] NCCL INFO Channel 00/0 : 3[3] -> 6[2] [send] via NET/IB/1(2)/GDRDMA
MOC-R4PCC04U05:74529:74604 [2] NCCL INFO Channel 00/0 : 11[3] -> 2[2] [receive] via NET/IB/1/GDRDMA
MOC-R4PCC04U05:74530:74605 [3] NCCL INFO Channel 01/0 : 3[3] -> 6[2] [send] via NET/IB/1(2)/GDRDMA
MOC-R4PCC04U05:74529:74604 [2] NCCL INFO Channel 01/0 : 11[3] -> 2[2] [receive] via NET/IB/1/GDRDMA
MOC-R4PCC04U05:74530:74605 [3] NCCL INFO Channel 02/0 : 3[3] -> 6[2] [send] via NET/IB/1(2)/GDRDMA
MOC-R4PCC04U05:74529:74604 [2] NCCL INFO Channel 02/0 : 11[3] -> 2[2] [receive] via NET/IB/1/GDRDMA
MOC-R4PCC04U05:74530:74605 [3] NCCL INFO Channel 03/0 : 3[3] -> 6[2] [send] via NET/IB/1(2)/GDRDMA
MOC-R4PCC04U05:74529:74604 [2] NCCL INFO Channel 03/0 : 11[3] -> 2[2] [receive] via NET/IB/1/GDRDMA
MOC-R4PCC04U05:74529:74604 [2] NCCL INFO Channel 00/0 : 2[2] -> 1[1] via P2P/CUMEM
MOC-R4PCC04U05:74529:74604 [2] NCCL INFO Channel 01/0 : 2[2] -> 1[1] via P2P/CUMEM
MOC-R4PCC04U05:74529:74604 [2] NCCL INFO Channel 02/0 : 2[2] -> 1[1] via P2P/CUMEM
MOC-R4PCC04U05:74529:74604 [2] NCCL INFO Channel 03/0 : 2[2] -> 1[1] via P2P/CUMEM
MOC-R4PCC04U05:74530:74605 [3] NCCL INFO Connected all rings, use ring PXN 1 GDR 1
MOC-R4PCC04U05:74528:74603 [1] NCCL INFO Connected all rings, use ring PXN 1 GDR 1
MOC-R4PCC04U05:74529:74604 [2] NCCL INFO Connected all rings, use ring PXN 1 GDR 1
MOC-R4PCC04U05:74527:74602 [0] NCCL INFO Connected all rings, use ring PXN 1 GDR 1
num decayed parameter tensors: 50, with 124,318,464 parameters
num non-decayed parameter tensors: 98, with 121,344 parameters
using fused AdamW: False
using regular AdamW
MOC-R4PCC04U05:74527:75297 [0] NCCL INFO Channel 00/0 : 0[0] -> 1[1] via P2P/CUMEM
MOC-R4PCC04U05:74527:75297 [0] NCCL INFO Channel 01/0 : 0[0] -> 1[1] via P2P/CUMEM
MOC-R4PCC04U05:74527:75297 [0] NCCL INFO Channel 02/0 : 0[0] -> 1[1] via P2P/CUMEM
MOC-R4PCC04U05:74527:75297 [0] NCCL INFO Channel 03/0 : 0[0] -> 1[1] via P2P/CUMEM
MOC-R4PCC04U05:74529:75299 [2] NCCL INFO Channel 00/0 : 2[2] -> 3[3] via P2P/CUMEM
MOC-R4PCC04U05:74529:75299 [2] NCCL INFO Channel 01/0 : 2[2] -> 3[3] via P2P/CUMEM
MOC-R4PCC04U05:74529:75299 [2] NCCL INFO Channel 02/0 : 2[2] -> 3[3] via P2P/CUMEM
MOC-R4PCC04U05:74529:75299 [2] NCCL INFO Channel 03/0 : 2[2] -> 3[3] via P2P/CUMEM
MOC-R4PCC04U05:74530:75296 [3] NCCL INFO Channel 00/0 : 3[3] -> 0[0] via P2P/CUMEM
MOC-R4PCC04U05:74529:75299 [2] NCCL INFO Channel 00/0 : 10[2] -> 2[2] [receive] via NET/IB/1/GDRDMA
MOC-R4PCC04U05:74529:75299 [2] NCCL INFO Channel 01/0 : 10[2] -> 2[2] [receive] via NET/IB/1/GDRDMA
MOC-R4PCC04U05:74529:75299 [2] NCCL INFO Channel 02/0 : 10[2] -> 2[2] [receive] via NET/IB/1/GDRDMA
MOC-R4PCC04U05:74529:75299 [2] NCCL INFO Channel 03/0 : 10[2] -> 2[2] [receive] via NET/IB/1/GDRDMA
MOC-R4PCC04U05:74530:75296 [3] NCCL INFO Channel 01/0 : 3[3] -> 0[0] via P2P/CUMEM
MOC-R4PCC04U05:74529:75299 [2] NCCL INFO Channel 02/0 : 2[2] -> 6[2] [send] via NET/IB/1/GDRDMA
MOC-R4PCC04U05:74529:75299 [2] NCCL INFO Channel 03/0 : 2[2] -> 6[2] [send] via NET/IB/1/GDRDMA
MOC-R4PCC04U05:74530:75296 [3] NCCL INFO Channel 02/0 : 3[3] -> 0[0] via P2P/CUMEM
MOC-R4PCC04U05:74530:75296 [3] NCCL INFO Channel 03/0 : 3[3] -> 0[0] via P2P/CUMEM
MOC-R4PCC04U05:74530:75296 [3] NCCL INFO Channel 00/0 : 3[3] -> 2[2] via P2P/CUMEM
MOC-R4PCC04U05:74530:75296 [3] NCCL INFO Channel 01/0 : 3[3] -> 2[2] via P2P/CUMEM
MOC-R4PCC04U05:74530:75296 [3] NCCL INFO Channel 02/0 : 3[3] -> 2[2] via P2P/CUMEM
MOC-R4PCC04U05:74530:75296 [3] NCCL INFO Channel 03/0 : 3[3] -> 2[2] via P2P/CUMEM
MOC-R4PCC04U05:74528:75298 [1] NCCL INFO Connected all trees
MOC-R4PCC04U05:74529:75299 [2] NCCL INFO Channel 02/0 : 6[2] -> 2[2] [receive] via NET/IB/1/GDRDMA
MOC-R4PCC04U05:74529:75299 [2] NCCL INFO Channel 03/0 : 6[2] -> 2[2] [receive] via NET/IB/1/GDRDMA
MOC-R4PCC04U05:74529:75299 [2] NCCL INFO Channel 00/0 : 2[2] -> 10[2] [send] via NET/IB/1/GDRDMA
MOC-R4PCC04U05:74529:75299 [2] NCCL INFO Channel 01/0 : 2[2] -> 10[2] [send] via NET/IB/1/GDRDMA
MOC-R4PCC04U05:74529:75299 [2] NCCL INFO Channel 02/0 : 2[2] -> 10[2] [send] via NET/IB/1/GDRDMA
MOC-R4PCC04U05:74529:75299 [2] NCCL INFO Channel 03/0 : 2[2] -> 10[2] [send] via NET/IB/1/GDRDMA
MOC-R4PCC04U05:74527:75297 [0] NCCL INFO Connected all trees
MOC-R4PCC04U05:74529:75299 [2] NCCL INFO Connected all trees
MOC-R4PCC04U05:74530:75296 [3] NCCL INFO Connected all trees
step    1/10 | train loss 11.008543 | norm 15.7800 | lr 1.00e-04 | (14417.83 ms | 27273 tok/s)
step    2/10 | train loss 10.118099 | norm 5.8209 | lr 1.00e-04 | (151.86 ms | 2589353 tok/s)
step    3/10 | train loss 9.770425 | norm 2.6297 | lr 1.00e-04 | (147.73 ms | 2661637 tok/s)
step    4/10 | train loss 9.600715 | norm 2.1155 | lr 1.00e-04 | (147.23 ms | 2670835 tok/s)
step    5/10 | train loss 9.517905 | norm 2.1044 | lr 1.00e-04 | (146.52 ms | 2683634 tok/s)
step    6/10 | train loss 9.436634 | norm 1.9994 | lr 1.00e-04 | (148.26 ms | 2652122 tok/s)
step    7/10 | train loss 9.351840 | norm 1.9450 | lr 1.00e-04 | (146.52 ms | 2683708 tok/s)
step    8/10 | train loss 9.262653 | norm 1.9094 | lr 1.00e-04 | (149.10 ms | 2637305 tok/s)
step    9/10 | train loss 9.170662 | norm 1.8626 | lr 1.00e-04 | (146.82 ms | 2678165 tok/s)
step   10/10 | train loss 9.080883 | norm 1.7797 | lr 1.00e-04 | (146.72 ms | 2680123 tok/s)
final 9 iters avg: 147.863ms
peak memory consumption: 16121 MiB
MOC-R4PCC04U05:74527:75307 [0] NCCL INFO comm 0x560ad92c1740 rank 0 nranks 12 cudaDev 0 busId 6000 - Destroy COMPLETE
MOC-R4PCC04U05:74530:75305 [3] NCCL INFO comm 0x55c777008c80 rank 3 nranks 12 cudaDev 3 busId c6000 - Destroy COMPLETE
MOC-R4PCC04U05:74529:75306 [2] NCCL INFO comm 0x561ac449c340 rank 2 nranks 12 cudaDev 2 busId a6000 - Destroy COMPLETE
MOC-R4PCC04U05:74528:75304 [1] NCCL INFO comm 0x5641e444c5d0 rank 1 nranks 12 cudaDev 1 busId 26000 - Destroy COMPLETE
