Running pytorch 2.7.0+cu126
using device: cuda:0
total desired batch size: 1048576
=> calculated gradient accumulation steps: 4
using device: cuda:1
using device: cuda:3
using device: cuda:2
compiling the model...
DataLoader: total number of tokens: 1,661,249,667 across 103 files
MOC-R4PCC04U05:68641:68641 [0] NCCL INFO NCCL_SOCKET_IFNAME set by environment to eno7np0
MOC-R4PCC04U05:68641:68641 [0] NCCL INFO Bootstrap: Using eno7np0:192.168.50.193<0>
MOC-R4PCC04U05:68641:68641 [0] NCCL INFO cudaDriverVersion 12040
MOC-R4PCC04U05:68641:68641 [0] NCCL INFO NCCL version 2.26.2+cuda12.2
MOC-R4PCC04U05:68641:68641 [0] NCCL INFO Comm config Blocking set to 1
MOC-R4PCC04U05:68641:68682 [0] NCCL INFO NET/Plugin: Could not find: libnccl-net.so. Using internal net plugin.
MOC-R4PCC04U05:68641:68682 [0] NCCL INFO NCCL_IB_DISABLE set by environment to 0.
MOC-R4PCC04U05:68641:68682 [0] NCCL INFO NCCL_SOCKET_IFNAME set by environment to eno7np0
MOC-R4PCC04U05:68641:68682 [0] NCCL INFO NCCL_IB_HCA set to mlx5_5
MOC-R4PCC04U05:68641:68682 [0] NCCL INFO NET/IB : Using [0]mlx5_5:1/RoCE [RO]; OOB eno7np0:192.168.50.193<0>
MOC-R4PCC04U05:68641:68682 [0] NCCL INFO PROFILER/Plugin: Could not find: libnccl-profiler.so. 
MOC-R4PCC04U05:68641:68682 [0] NCCL INFO Using network IB
MOC-R4PCC04U05:68641:68682 [0] NCCL INFO DMA-BUF is available on GPU device 0
MOC-R4PCC04U05:68641:68682 [0] NCCL INFO ncclCommInitRankConfig comm 0x55aba55f1e30 rank 0 nranks 8 cudaDev 0 nvmlDev 0 busId 6000 commId 0xd46a879fe7526c22 - Init START
MOC-R4PCC04U05:68642:68642 [1] NCCL INFO cudaDriverVersion 12040
MOC-R4PCC04U05:68642:68642 [1] NCCL INFO NCCL_SOCKET_IFNAME set by environment to eno7np0
MOC-R4PCC04U05:68643:68643 [2] NCCL INFO cudaDriverVersion 12040
MOC-R4PCC04U05:68643:68643 [2] NCCL INFO NCCL_SOCKET_IFNAME set by environment to eno7np0
MOC-R4PCC04U05:68642:68642 [1] NCCL INFO Bootstrap: Using eno7np0:192.168.50.193<0>
MOC-R4PCC04U05:68643:68643 [2] NCCL INFO Bootstrap: Using eno7np0:192.168.50.193<0>
MOC-R4PCC04U05:68642:68642 [1] NCCL INFO NCCL version 2.26.2+cuda12.2
MOC-R4PCC04U05:68643:68643 [2] NCCL INFO NCCL version 2.26.2+cuda12.2
MOC-R4PCC04U05:68643:68643 [2] NCCL INFO Comm config Blocking set to 1
MOC-R4PCC04U05:68642:68642 [1] NCCL INFO Comm config Blocking set to 1
MOC-R4PCC04U05:68644:68644 [3] NCCL INFO cudaDriverVersion 12040
MOC-R4PCC04U05:68644:68644 [3] NCCL INFO NCCL_SOCKET_IFNAME set by environment to eno7np0
MOC-R4PCC04U05:68644:68644 [3] NCCL INFO Bootstrap: Using eno7np0:192.168.50.193<0>
MOC-R4PCC04U05:68644:68644 [3] NCCL INFO NCCL version 2.26.2+cuda12.2
MOC-R4PCC04U05:68644:68644 [3] NCCL INFO Comm config Blocking set to 1
MOC-R4PCC04U05:68644:68686 [3] NCCL INFO NET/Plugin: Could not find: libnccl-net.so. Using internal net plugin.
MOC-R4PCC04U05:68644:68686 [3] NCCL INFO NCCL_IB_DISABLE set by environment to 0.
MOC-R4PCC04U05:68644:68686 [3] NCCL INFO NCCL_SOCKET_IFNAME set by environment to eno7np0
MOC-R4PCC04U05:68644:68686 [3] NCCL INFO NCCL_IB_HCA set to mlx5_5
MOC-R4PCC04U05:68643:68684 [2] NCCL INFO NET/Plugin: Could not find: libnccl-net.so. Using internal net plugin.
MOC-R4PCC04U05:68643:68684 [2] NCCL INFO NCCL_IB_DISABLE set by environment to 0.
MOC-R4PCC04U05:68642:68685 [1] NCCL INFO NET/Plugin: Could not find: libnccl-net.so. Using internal net plugin.
MOC-R4PCC04U05:68642:68685 [1] NCCL INFO NCCL_IB_DISABLE set by environment to 0.
MOC-R4PCC04U05:68643:68684 [2] NCCL INFO NCCL_SOCKET_IFNAME set by environment to eno7np0
MOC-R4PCC04U05:68642:68685 [1] NCCL INFO NCCL_SOCKET_IFNAME set by environment to eno7np0
MOC-R4PCC04U05:68643:68684 [2] NCCL INFO NCCL_IB_HCA set to mlx5_5
MOC-R4PCC04U05:68642:68685 [1] NCCL INFO NCCL_IB_HCA set to mlx5_5
MOC-R4PCC04U05:68644:68686 [3] NCCL INFO NET/IB : Using [0]mlx5_5:1/RoCE [RO]; OOB eno7np0:192.168.50.193<0>
MOC-R4PCC04U05:68644:68686 [3] NCCL INFO PROFILER/Plugin: Could not find: libnccl-profiler.so. 
MOC-R4PCC04U05:68644:68686 [3] NCCL INFO Using network IB
MOC-R4PCC04U05:68642:68685 [1] NCCL INFO NET/IB : Using [0]mlx5_5:1/RoCE [RO]; OOB eno7np0:192.168.50.193<0>
MOC-R4PCC04U05:68643:68684 [2] NCCL INFO NET/IB : Using [0]mlx5_5:1/RoCE [RO]; OOB eno7np0:192.168.50.193<0>
MOC-R4PCC04U05:68642:68685 [1] NCCL INFO PROFILER/Plugin: Could not find: libnccl-profiler.so. 
MOC-R4PCC04U05:68642:68685 [1] NCCL INFO Using network IB
MOC-R4PCC04U05:68643:68684 [2] NCCL INFO PROFILER/Plugin: Could not find: libnccl-profiler.so. 
MOC-R4PCC04U05:68643:68684 [2] NCCL INFO Using network IB
MOC-R4PCC04U05:68644:68686 [3] NCCL INFO DMA-BUF is available on GPU device 3
MOC-R4PCC04U05:68643:68684 [2] NCCL INFO DMA-BUF is available on GPU device 2
MOC-R4PCC04U05:68642:68685 [1] NCCL INFO DMA-BUF is available on GPU device 1
MOC-R4PCC04U05:68644:68686 [3] NCCL INFO ncclCommInitRankConfig comm 0x55d195c7c6c0 rank 3 nranks 8 cudaDev 3 nvmlDev 3 busId c6000 commId 0xd46a879fe7526c22 - Init START
MOC-R4PCC04U05:68643:68684 [2] NCCL INFO ncclCommInitRankConfig comm 0x5639edeea320 rank 2 nranks 8 cudaDev 2 nvmlDev 2 busId a6000 commId 0xd46a879fe7526c22 - Init START
MOC-R4PCC04U05:68642:68685 [1] NCCL INFO ncclCommInitRankConfig comm 0x558daf0a2700 rank 1 nranks 8 cudaDev 1 nvmlDev 1 busId 26000 commId 0xd46a879fe7526c22 - Init START
MOC-R4PCC04U05:68643:68684 [2] NCCL INFO RAS client listening socket at ::1<28028>
MOC-R4PCC04U05:68644:68686 [3] NCCL INFO RAS client listening socket at ::1<28028>
MOC-R4PCC04U05:68642:68685 [1] NCCL INFO RAS client listening socket at ::1<28028>
MOC-R4PCC04U05:68641:68682 [0] NCCL INFO RAS client listening socket at ::1<28028>
MOC-R4PCC04U05:68644:68686 [3] NCCL INFO Bootstrap timings total 0.042580 (create 0.000177, send 0.000260, recv 0.000379, ring 0.000514, delay 0.000000)
MOC-R4PCC04U05:68643:68684 [2] NCCL INFO Bootstrap timings total 0.002758 (create 0.000142, send 0.000261, recv 0.000338, ring 0.000539, delay 0.000001)
MOC-R4PCC04U05:68642:68685 [1] NCCL INFO Bootstrap timings total 0.002695 (create 0.000135, send 0.000231, recv 0.000603, ring 0.000525, delay 0.000001)
MOC-R4PCC04U05:68641:68682 [0] NCCL INFO Bootstrap timings total 2.154634 (create 0.000166, send 0.000427, recv 2.152282, ring 0.000327, delay 0.000001)
MOC-R4PCC04U05:68641:68682 [0] NCCL INFO Setting affinity for GPU 0 to ffffffff,ffffffff,ffffffff,ffffffff,00000000,00000000,00000000,00000000,ffffffff,ffffffff,ffffffff,ffffffff
MOC-R4PCC04U05:68641:68682 [0] NCCL INFO NVLS multicast support is not available on dev 0
MOC-R4PCC04U05:68642:68685 [1] NCCL INFO Setting affinity for GPU 1 to ffffffff,ffffffff,ffffffff,ffffffff,00000000,00000000,00000000,00000000,ffffffff,ffffffff,ffffffff,ffffffff
MOC-R4PCC04U05:68642:68685 [1] NCCL INFO NVLS multicast support is not available on dev 1
MOC-R4PCC04U05:68643:68684 [2] NCCL INFO Setting affinity for GPU 2 to ffffffff,ffffffff,ffffffff,ffffffff,00000000,00000000,00000000,00000000,ffffffff,ffffffff,ffffffff,ffffffff,00000000,00000000,00000000,00000000
MOC-R4PCC04U05:68643:68684 [2] NCCL INFO NVLS multicast support is not available on dev 2
MOC-R4PCC04U05:68644:68686 [3] NCCL INFO Setting affinity for GPU 3 to ffffffff,ffffffff,ffffffff,ffffffff,00000000,00000000,00000000,00000000,ffffffff,ffffffff,ffffffff,ffffffff,00000000,00000000,00000000,00000000
MOC-R4PCC04U05:68644:68686 [3] NCCL INFO NVLS multicast support is not available on dev 3
MOC-R4PCC04U05:68641:68682 [0] NCCL INFO comm 0x55aba55f1e30 rank 0 nRanks 8 nNodes 2 localRanks 4 localRank 0 MNNVL 0
MOC-R4PCC04U05:68643:68684 [2] NCCL INFO comm 0x5639edeea320 rank 2 nRanks 8 nNodes 2 localRanks 4 localRank 2 MNNVL 0
MOC-R4PCC04U05:68642:68685 [1] NCCL INFO comm 0x558daf0a2700 rank 1 nRanks 8 nNodes 2 localRanks 4 localRank 1 MNNVL 0
MOC-R4PCC04U05:68644:68686 [3] NCCL INFO comm 0x55d195c7c6c0 rank 3 nRanks 8 nNodes 2 localRanks 4 localRank 3 MNNVL 0
MOC-R4PCC04U05:68644:68686 [3] NCCL INFO Trees [0] 0/-1/-1->3->2 [1] 0/-1/-1->3->2 [2] 0/-1/-1->3->2 [3] 0/-1/-1->3->2
MOC-R4PCC04U05:68643:68684 [2] NCCL INFO Trees [0] 3/6/-1->2->-1 [1] 3/6/-1->2->-1 [2] 3/-1/-1->2->6 [3] 3/-1/-1->2->6
MOC-R4PCC04U05:68644:68686 [3] NCCL INFO P2P Chunksize set to 131072
MOC-R4PCC04U05:68641:68682 [0] NCCL INFO Channel 00/04 : 0 3 6 5 4 7 2 1
MOC-R4PCC04U05:68643:68684 [2] NCCL INFO P2P Chunksize set to 131072
MOC-R4PCC04U05:68641:68682 [0] NCCL INFO Channel 01/04 : 0 3 6 5 4 7 2 1
MOC-R4PCC04U05:68642:68685 [1] NCCL INFO Trees [0] -1/-1/-1->1->0 [1] -1/-1/-1->1->0 [2] -1/-1/-1->1->0 [3] -1/-1/-1->1->0
MOC-R4PCC04U05:68641:68682 [0] NCCL INFO Channel 02/04 : 0 3 6 5 4 7 2 1
MOC-R4PCC04U05:68642:68685 [1] NCCL INFO P2P Chunksize set to 131072
MOC-R4PCC04U05:68641:68682 [0] NCCL INFO Channel 03/04 : 0 3 6 5 4 7 2 1
MOC-R4PCC04U05:68641:68682 [0] NCCL INFO Trees [0] 1/-1/-1->0->3 [1] 1/-1/-1->0->3 [2] 1/-1/-1->0->3 [3] 1/-1/-1->0->3
MOC-R4PCC04U05:68641:68682 [0] NCCL INFO P2P Chunksize set to 131072
MOC-R4PCC04U05:68641:68682 [0] NCCL INFO Check P2P Type intraNodeP2pSupport 1 directMode 0
MOC-R4PCC04U05:68643:68699 [2] NCCL INFO [Proxy Service] Device 2 CPU core 454
MOC-R4PCC04U05:68644:68698 [3] NCCL INFO [Proxy Service] Device 3 CPU core 455
MOC-R4PCC04U05:68641:68704 [0] NCCL INFO [Proxy Service] Device 0 CPU core 31
MOC-R4PCC04U05:68642:68700 [1] NCCL INFO [Proxy Service] Device 1 CPU core 15
MOC-R4PCC04U05:68642:68703 [1] NCCL INFO [Proxy Service UDS] Device 1 CPU core 23
MOC-R4PCC04U05:68643:68702 [2] NCCL INFO [Proxy Service UDS] Device 2 CPU core 458
MOC-R4PCC04U05:68644:68701 [3] NCCL INFO [Proxy Service UDS] Device 3 CPU core 461
MOC-R4PCC04U05:68641:68705 [0] NCCL INFO [Proxy Service UDS] Device 0 CPU core 38
MOC-R4PCC04U05:68643:68684 [2] NCCL INFO threadThresholds 8/8/64 | 64/8/64 | 512 | 512
MOC-R4PCC04U05:68643:68684 [2] NCCL INFO 4 coll channels, 4 collnet channels, 0 nvls channels, 4 p2p channels, 2 p2p channels per peer
MOC-R4PCC04U05:68642:68685 [1] NCCL INFO threadThresholds 8/8/64 | 64/8/64 | 512 | 512
MOC-R4PCC04U05:68642:68685 [1] NCCL INFO 4 coll channels, 4 collnet channels, 0 nvls channels, 4 p2p channels, 2 p2p channels per peer
MOC-R4PCC04U05:68644:68686 [3] NCCL INFO threadThresholds 8/8/64 | 64/8/64 | 512 | 512
MOC-R4PCC04U05:68644:68686 [3] NCCL INFO 4 coll channels, 4 collnet channels, 0 nvls channels, 4 p2p channels, 2 p2p channels per peer
MOC-R4PCC04U05:68641:68682 [0] NCCL INFO threadThresholds 8/8/64 | 64/8/64 | 512 | 512
MOC-R4PCC04U05:68641:68682 [0] NCCL INFO 4 coll channels, 4 collnet channels, 0 nvls channels, 4 p2p channels, 2 p2p channels per peer
MOC-R4PCC04U05:68641:68682 [0] NCCL INFO CC Off, workFifoBytes 1048576
MOC-R4PCC04U05:68644:68686 [3] NCCL INFO TUNER/Plugin: Could not find: libnccl-tuner.so. Using internal tuner plugin.
MOC-R4PCC04U05:68644:68686 [3] NCCL INFO ncclCommInitRankConfig comm 0x55d195c7c6c0 rank 3 nranks 8 cudaDev 3 nvmlDev 3 busId c6000 commId 0xd46a879fe7526c22 - Init COMPLETE
MOC-R4PCC04U05:68644:68686 [3] NCCL INFO Init timings - ncclCommInitRankConfig: rank 3 nranks 8 total 3.00 (kernels 0.31, alloc 1.79, bootstrap 0.04, allgathers 0.02, topo 0.80, graphs 0.00, connections 0.03, rest 0.01)
MOC-R4PCC04U05:68642:68685 [1] NCCL INFO TUNER/Plugin: Could not find: libnccl-tuner.so. Using internal tuner plugin.
MOC-R4PCC04U05:68642:68685 [1] NCCL INFO ncclCommInitRankConfig comm 0x558daf0a2700 rank 1 nranks 8 cudaDev 1 nvmlDev 1 busId 26000 commId 0xd46a879fe7526c22 - Init COMPLETE
MOC-R4PCC04U05:68642:68685 [1] NCCL INFO Init timings - ncclCommInitRankConfig: rank 1 nranks 8 total 3.01 (kernels 0.32, alloc 1.82, bootstrap 0.00, allgathers 0.02, topo 0.80, graphs 0.00, connections 0.02, rest 0.02)
MOC-R4PCC04U05:68643:68684 [2] NCCL INFO TUNER/Plugin: Could not find: libnccl-tuner.so. Using internal tuner plugin.
MOC-R4PCC04U05:68643:68684 [2] NCCL INFO ncclCommInitRankConfig comm 0x5639edeea320 rank 2 nranks 8 cudaDev 2 nvmlDev 2 busId a6000 commId 0xd46a879fe7526c22 - Init COMPLETE
MOC-R4PCC04U05:68643:68684 [2] NCCL INFO Init timings - ncclCommInitRankConfig: rank 2 nranks 8 total 3.01 (kernels 0.32, alloc 1.82, bootstrap 0.00, allgathers 0.02, topo 0.80, graphs 0.00, connections 0.02, rest 0.02)
MOC-R4PCC04U05:68641:68682 [0] NCCL INFO TUNER/Plugin: Could not find: libnccl-tuner.so. Using internal tuner plugin.
MOC-R4PCC04U05:68641:68682 [0] NCCL INFO ncclCommInitRankConfig comm 0x55aba55f1e30 rank 0 nranks 8 cudaDev 0 nvmlDev 0 busId 6000 commId 0xd46a879fe7526c22 - Init COMPLETE
MOC-R4PCC04U05:68641:68682 [0] NCCL INFO Init timings - ncclCommInitRankConfig: rank 0 nranks 8 total 4.02 (kernels 0.32, alloc 0.69, bootstrap 2.15, allgathers 0.02, topo 0.80, graphs 0.00, connections 0.04, rest 0.00)
MOC-R4PCC04U05:68642:68706 [1] NCCL INFO Channel 00/0 : 1[1] -> 0[0] via P2P/CUMEM
MOC-R4PCC04U05:68642:68706 [1] NCCL INFO Channel 01/0 : 1[1] -> 0[0] via P2P/CUMEM
MOC-R4PCC04U05:68642:68706 [1] NCCL INFO Channel 02/0 : 1[1] -> 0[0] via P2P/CUMEM
MOC-R4PCC04U05:68642:68706 [1] NCCL INFO Channel 03/0 : 1[1] -> 0[0] via P2P/CUMEM
MOC-R4PCC04U05:68641:68708 [0] NCCL INFO Channel 00/0 : 0[0] -> 3[3] via P2P/CUMEM
MOC-R4PCC04U05:68641:68708 [0] NCCL INFO Channel 01/0 : 0[0] -> 3[3] via P2P/CUMEM
MOC-R4PCC04U05:68641:68708 [0] NCCL INFO Channel 02/0 : 0[0] -> 3[3] via P2P/CUMEM
MOC-R4PCC04U05:68641:68708 [0] NCCL INFO Channel 03/0 : 0[0] -> 3[3] via P2P/CUMEM
MOC-R4PCC04U05:68643:68710 [2] NCCL INFO [Proxy Progress] Device 2 CPU core 183
MOC-R4PCC04U05:68643:68707 [2] NCCL INFO Channel 00/0 : 7[3] -> 2[2] [receive] via NET/IB/1/GDRDMA
MOC-R4PCC04U05:68643:68707 [2] NCCL INFO Channel 01/0 : 7[3] -> 2[2] [receive] via NET/IB/1/GDRDMA
MOC-R4PCC04U05:68643:68707 [2] NCCL INFO Channel 02/0 : 7[3] -> 2[2] [receive] via NET/IB/1/GDRDMA
MOC-R4PCC04U05:68643:68707 [2] NCCL INFO Channel 03/0 : 7[3] -> 2[2] [receive] via NET/IB/1/GDRDMA
MOC-R4PCC04U05:68643:68707 [2] NCCL INFO Channel 00/0 : 2[2] -> 1[1] via P2P/CUMEM
MOC-R4PCC04U05:68643:68707 [2] NCCL INFO Channel 01/0 : 2[2] -> 1[1] via P2P/CUMEM
MOC-R4PCC04U05:68643:68707 [2] NCCL INFO Channel 02/0 : 2[2] -> 1[1] via P2P/CUMEM
MOC-R4PCC04U05:68643:68707 [2] NCCL INFO Channel 03/0 : 2[2] -> 1[1] via P2P/CUMEM
MOC-R4PCC04U05:68644:68709 [3] NCCL INFO Channel 00/0 : 3[3] -> 6[2] [send] via NET/IB/1(2)/GDRDMA
MOC-R4PCC04U05:68644:68709 [3] NCCL INFO Channel 01/0 : 3[3] -> 6[2] [send] via NET/IB/1(2)/GDRDMA
MOC-R4PCC04U05:68644:68709 [3] NCCL INFO Channel 02/0 : 3[3] -> 6[2] [send] via NET/IB/1(2)/GDRDMA
MOC-R4PCC04U05:68644:68709 [3] NCCL INFO Channel 03/0 : 3[3] -> 6[2] [send] via NET/IB/1(2)/GDRDMA
MOC-R4PCC04U05:68642:68706 [1] NCCL INFO Connected all rings, use ring PXN 1 GDR 1
MOC-R4PCC04U05:68643:68707 [2] NCCL INFO Connected all rings, use ring PXN 1 GDR 1
MOC-R4PCC04U05:68641:68708 [0] NCCL INFO Connected all rings, use ring PXN 1 GDR 1
MOC-R4PCC04U05:68644:68709 [3] NCCL INFO Connected all rings, use ring PXN 1 GDR 1
num decayed parameter tensors: 50, with 124,318,464 parameters
num non-decayed parameter tensors: 98, with 121,344 parameters
using fused AdamW: False
using regular AdamW
MOC-R4PCC04U05:68641:69399 [0] NCCL INFO Channel 00/0 : 0[0] -> 1[1] via P2P/CUMEM
MOC-R4PCC04U05:68643:69400 [2] NCCL INFO Channel 00/0 : 2[2] -> 3[3] via P2P/CUMEM
MOC-R4PCC04U05:68641:69399 [0] NCCL INFO Channel 01/0 : 0[0] -> 1[1] via P2P/CUMEM
MOC-R4PCC04U05:68641:69399 [0] NCCL INFO Channel 02/0 : 0[0] -> 1[1] via P2P/CUMEM
MOC-R4PCC04U05:68643:69400 [2] NCCL INFO Channel 01/0 : 2[2] -> 3[3] via P2P/CUMEM
MOC-R4PCC04U05:68641:69399 [0] NCCL INFO Channel 03/0 : 0[0] -> 1[1] via P2P/CUMEM
MOC-R4PCC04U05:68643:69400 [2] NCCL INFO Channel 02/0 : 2[2] -> 3[3] via P2P/CUMEM
MOC-R4PCC04U05:68643:69400 [2] NCCL INFO Channel 03/0 : 2[2] -> 3[3] via P2P/CUMEM
MOC-R4PCC04U05:68644:69402 [3] NCCL INFO Channel 00/0 : 3[3] -> 0[0] via P2P/CUMEM
MOC-R4PCC04U05:68643:69400 [2] NCCL INFO Channel 00/0 : 6[2] -> 2[2] [receive] via NET/IB/1/GDRDMA
MOC-R4PCC04U05:68643:69400 [2] NCCL INFO Channel 01/0 : 6[2] -> 2[2] [receive] via NET/IB/1/GDRDMA
MOC-R4PCC04U05:68643:69400 [2] NCCL INFO Channel 02/0 : 6[2] -> 2[2] [receive] via NET/IB/1/GDRDMA
MOC-R4PCC04U05:68643:69400 [2] NCCL INFO Channel 03/0 : 6[2] -> 2[2] [receive] via NET/IB/1/GDRDMA
MOC-R4PCC04U05:68643:69400 [2] NCCL INFO Channel 00/0 : 2[2] -> 6[2] [send] via NET/IB/1/GDRDMA
MOC-R4PCC04U05:68644:69402 [3] NCCL INFO Channel 01/0 : 3[3] -> 0[0] via P2P/CUMEM
MOC-R4PCC04U05:68643:69400 [2] NCCL INFO Channel 01/0 : 2[2] -> 6[2] [send] via NET/IB/1/GDRDMA
MOC-R4PCC04U05:68643:69400 [2] NCCL INFO Channel 02/0 : 2[2] -> 6[2] [send] via NET/IB/1/GDRDMA
MOC-R4PCC04U05:68643:69400 [2] NCCL INFO Channel 03/0 : 2[2] -> 6[2] [send] via NET/IB/1/GDRDMA
MOC-R4PCC04U05:68644:69402 [3] NCCL INFO Channel 02/0 : 3[3] -> 0[0] via P2P/CUMEM
MOC-R4PCC04U05:68644:69402 [3] NCCL INFO Channel 03/0 : 3[3] -> 0[0] via P2P/CUMEM
MOC-R4PCC04U05:68644:69402 [3] NCCL INFO Channel 00/0 : 3[3] -> 2[2] via P2P/CUMEM
MOC-R4PCC04U05:68644:69402 [3] NCCL INFO Channel 01/0 : 3[3] -> 2[2] via P2P/CUMEM
MOC-R4PCC04U05:68644:69402 [3] NCCL INFO Channel 02/0 : 3[3] -> 2[2] via P2P/CUMEM
MOC-R4PCC04U05:68644:69402 [3] NCCL INFO Channel 03/0 : 3[3] -> 2[2] via P2P/CUMEM
MOC-R4PCC04U05:68642:69401 [1] NCCL INFO Connected all trees
MOC-R4PCC04U05:68641:69399 [0] NCCL INFO Connected all trees
MOC-R4PCC04U05:68643:69400 [2] NCCL INFO Connected all trees
MOC-R4PCC04U05:68644:69402 [3] NCCL INFO Connected all trees
step    1/10 | train loss 11.010094 | norm 15.4736 | lr 1.00e-04 | (13632.82 ms | 76916 tok/s)
step    2/10 | train loss 10.132347 | norm 5.7712 | lr 1.00e-04 | (337.58 ms | 3106125 tok/s)
step    3/10 | train loss 9.790415 | norm 2.6207 | lr 1.00e-04 | (336.94 ms | 3112082 tok/s)
step    4/10 | train loss 9.620085 | norm 2.1209 | lr 1.00e-04 | (337.29 ms | 3108819 tok/s)
step    5/10 | train loss 9.536895 | norm 2.1162 | lr 1.00e-04 | (337.10 ms | 3110583 tok/s)
step    6/10 | train loss 9.455262 | norm 2.0053 | lr 1.00e-04 | (336.91 ms | 3112363 tok/s)
step    7/10 | train loss 9.369589 | norm 1.9545 | lr 1.00e-04 | (336.72 ms | 3114098 tok/s)
step    8/10 | train loss 9.277891 | norm 1.9223 | lr 1.00e-04 | (335.07 ms | 3129458 tok/s)
step    9/10 | train loss 9.182252 | norm 1.8716 | lr 1.00e-04 | (337.12 ms | 3110431 tok/s)
step   10/10 | train loss 9.094436 | norm 1.7972 | lr 1.00e-04 | (338.42 ms | 3098442 tok/s)
final 9 iters avg: 337.015ms
peak memory consumption: 16601 MiB
MOC-R4PCC04U05:68642:69409 [1] NCCL INFO comm 0x558daf0a2700 rank 1 nranks 8 cudaDev 1 busId 26000 - Destroy COMPLETE
MOC-R4PCC04U05:68644:69410 [3] NCCL INFO comm 0x55d195c7c6c0 rank 3 nranks 8 cudaDev 3 busId c6000 - Destroy COMPLETE
MOC-R4PCC04U05:68641:69408 [0] NCCL INFO comm 0x55aba55f1e30 rank 0 nranks 8 cudaDev 0 busId 6000 - Destroy COMPLETE
MOC-R4PCC04U05:68643:69407 [2] NCCL INFO comm 0x5639edeea320 rank 2 nranks 8 cudaDev 2 busId a6000 - Destroy COMPLETE
