Running pytorch 2.7.0+cu126
using device: cuda:0
total desired batch size: 3145728
=> calculated gradient accumulation steps: 6
using device: cuda:1
using device: cuda:2
using device: cuda:3
compiling the model...
DataLoader: total number of tokens: 1,661,249,667 across 103 files
MOC-R4PCC04U05:115200:115200 [0] NCCL INFO NCCL_SOCKET_IFNAME set by environment to eno7np0
MOC-R4PCC04U05:115200:115200 [0] NCCL INFO Bootstrap: Using eno7np0:192.168.50.193<0>
MOC-R4PCC04U05:115200:115200 [0] NCCL INFO cudaDriverVersion 12040
MOC-R4PCC04U05:115200:115200 [0] NCCL INFO NCCL version 2.26.2+cuda12.2
MOC-R4PCC04U05:115200:115200 [0] NCCL INFO Comm config Blocking set to 1
MOC-R4PCC04U05:115202:115202 [2] NCCL INFO cudaDriverVersion 12040
MOC-R4PCC04U05:115202:115202 [2] NCCL INFO NCCL_SOCKET_IFNAME set by environment to eno7np0
MOC-R4PCC04U05:115202:115202 [2] NCCL INFO Bootstrap: Using eno7np0:192.168.50.193<0>
MOC-R4PCC04U05:115202:115202 [2] NCCL INFO NCCL version 2.26.2+cuda12.2
MOC-R4PCC04U05:115202:115202 [2] NCCL INFO Comm config Blocking set to 1
MOC-R4PCC04U05:115201:115201 [1] NCCL INFO cudaDriverVersion 12040
MOC-R4PCC04U05:115201:115201 [1] NCCL INFO NCCL_SOCKET_IFNAME set by environment to eno7np0
MOC-R4PCC04U05:115201:115201 [1] NCCL INFO Bootstrap: Using eno7np0:192.168.50.193<0>
MOC-R4PCC04U05:115201:115201 [1] NCCL INFO NCCL version 2.26.2+cuda12.2
MOC-R4PCC04U05:115201:115201 [1] NCCL INFO Comm config Blocking set to 1
MOC-R4PCC04U05:115200:115241 [0] NCCL INFO NET/Plugin: Could not find: libnccl-net.so. Using internal net plugin.
MOC-R4PCC04U05:115200:115241 [0] NCCL INFO NCCL_IB_DISABLE set by environment to 0.
MOC-R4PCC04U05:115200:115241 [0] NCCL INFO NCCL_SOCKET_IFNAME set by environment to eno7np0
MOC-R4PCC04U05:115200:115241 [0] NCCL INFO NCCL_IB_HCA set to mlx5_5
MOC-R4PCC04U05:115200:115241 [0] NCCL INFO NET/IB : Using [0]mlx5_5:1/RoCE [RO]; OOB eno7np0:192.168.50.193<0>
MOC-R4PCC04U05:115200:115241 [0] NCCL INFO PROFILER/Plugin: Could not find: libnccl-profiler.so. 
MOC-R4PCC04U05:115200:115241 [0] NCCL INFO Using network IB
MOC-R4PCC04U05:115200:115241 [0] NCCL INFO DMA-BUF is available on GPU device 0
MOC-R4PCC04U05:115200:115241 [0] NCCL INFO ncclCommInitRankConfig comm 0x5561febe8510 rank 0 nranks 16 cudaDev 0 nvmlDev 0 busId 6000 commId 0xf00b20337ada16da - Init START
MOC-R4PCC04U05:115203:115203 [3] NCCL INFO cudaDriverVersion 12040
MOC-R4PCC04U05:115203:115203 [3] NCCL INFO NCCL_SOCKET_IFNAME set by environment to eno7np0
MOC-R4PCC04U05:115203:115203 [3] NCCL INFO Bootstrap: Using eno7np0:192.168.50.193<0>
MOC-R4PCC04U05:115203:115203 [3] NCCL INFO NCCL version 2.26.2+cuda12.2
MOC-R4PCC04U05:115203:115203 [3] NCCL INFO Comm config Blocking set to 1
MOC-R4PCC04U05:115202:115242 [2] NCCL INFO NET/Plugin: Could not find: libnccl-net.so. Using internal net plugin.
MOC-R4PCC04U05:115202:115242 [2] NCCL INFO NCCL_IB_DISABLE set by environment to 0.
MOC-R4PCC04U05:115202:115242 [2] NCCL INFO NCCL_SOCKET_IFNAME set by environment to eno7np0
MOC-R4PCC04U05:115202:115242 [2] NCCL INFO NCCL_IB_HCA set to mlx5_5
MOC-R4PCC04U05:115201:115243 [1] NCCL INFO NET/Plugin: Could not find: libnccl-net.so. Using internal net plugin.
MOC-R4PCC04U05:115201:115243 [1] NCCL INFO NCCL_IB_DISABLE set by environment to 0.
MOC-R4PCC04U05:115201:115243 [1] NCCL INFO NCCL_SOCKET_IFNAME set by environment to eno7np0
MOC-R4PCC04U05:115201:115243 [1] NCCL INFO NCCL_IB_HCA set to mlx5_5
MOC-R4PCC04U05:115202:115242 [2] NCCL INFO NET/IB : Using [0]mlx5_5:1/RoCE [RO]; OOB eno7np0:192.168.50.193<0>
MOC-R4PCC04U05:115202:115242 [2] NCCL INFO PROFILER/Plugin: Could not find: libnccl-profiler.so. 
MOC-R4PCC04U05:115202:115242 [2] NCCL INFO Using network IB
MOC-R4PCC04U05:115201:115243 [1] NCCL INFO NET/IB : Using [0]mlx5_5:1/RoCE [RO]; OOB eno7np0:192.168.50.193<0>
MOC-R4PCC04U05:115201:115243 [1] NCCL INFO PROFILER/Plugin: Could not find: libnccl-profiler.so. 
MOC-R4PCC04U05:115201:115243 [1] NCCL INFO Using network IB
MOC-R4PCC04U05:115202:115242 [2] NCCL INFO DMA-BUF is available on GPU device 2
MOC-R4PCC04U05:115201:115243 [1] NCCL INFO DMA-BUF is available on GPU device 1
MOC-R4PCC04U05:115202:115242 [2] NCCL INFO ncclCommInitRankConfig comm 0x562dab867590 rank 2 nranks 16 cudaDev 2 nvmlDev 2 busId a6000 commId 0xf00b20337ada16da - Init START
MOC-R4PCC04U05:115201:115243 [1] NCCL INFO ncclCommInitRankConfig comm 0x562e6bc51870 rank 1 nranks 16 cudaDev 1 nvmlDev 1 busId 26000 commId 0xf00b20337ada16da - Init START
MOC-R4PCC04U05:115201:115243 [1] NCCL INFO RAS client listening socket at ::1<28028>
MOC-R4PCC04U05:115200:115241 [0] NCCL INFO RAS client listening socket at ::1<28028>
MOC-R4PCC04U05:115203:115245 [3] NCCL INFO NET/Plugin: Could not find: libnccl-net.so. Using internal net plugin.
MOC-R4PCC04U05:115203:115245 [3] NCCL INFO NCCL_IB_DISABLE set by environment to 0.
MOC-R4PCC04U05:115203:115245 [3] NCCL INFO NCCL_SOCKET_IFNAME set by environment to eno7np0
MOC-R4PCC04U05:115203:115245 [3] NCCL INFO NCCL_IB_HCA set to mlx5_5
MOC-R4PCC04U05:115203:115245 [3] NCCL INFO NET/IB : Using [0]mlx5_5:1/RoCE [RO]; OOB eno7np0:192.168.50.193<0>
MOC-R4PCC04U05:115203:115245 [3] NCCL INFO PROFILER/Plugin: Could not find: libnccl-profiler.so. 
MOC-R4PCC04U05:115203:115245 [3] NCCL INFO Using network IB
MOC-R4PCC04U05:115203:115245 [3] NCCL INFO DMA-BUF is available on GPU device 3
MOC-R4PCC04U05:115203:115245 [3] NCCL INFO ncclCommInitRankConfig comm 0x562832812ce0 rank 3 nranks 16 cudaDev 3 nvmlDev 3 busId c6000 commId 0xf00b20337ada16da - Init START
MOC-R4PCC04U05:115203:115245 [3] NCCL INFO RAS client listening socket at ::1<28028>
MOC-R4PCC04U05:115202:115242 [2] NCCL INFO RAS client listening socket at ::1<28028>
MOC-R4PCC04U05:115201:115243 [1] NCCL INFO Bootstrap timings total 4.222947 (create 0.000148, send 0.000273, recv 0.000480, ring 4.220721, delay 0.000001)
MOC-R4PCC04U05:115200:115241 [0] NCCL INFO Bootstrap timings total 5.570646 (create 0.000153, send 0.000436, recv 1.348003, ring 4.185170, delay 0.000001)
MOC-R4PCC04U05:115202:115242 [2] NCCL INFO Bootstrap timings total 4.223903 (create 0.000151, send 0.000258, recv 0.837621, ring 3.384487, delay 0.000001)
MOC-R4PCC04U05:115203:115245 [3] NCCL INFO Bootstrap timings total 3.386700 (create 0.000094, send 0.000202, recv 0.000427, ring 3.384755, delay 0.000000)
MOC-R4PCC04U05:115202:115242 [2] NCCL INFO Setting affinity for GPU 2 to ffffffff,ffffffff,ffffffff,ffffffff,00000000,00000000,00000000,00000000,ffffffff,ffffffff,ffffffff,ffffffff,00000000,00000000,00000000,00000000
MOC-R4PCC04U05:115202:115242 [2] NCCL INFO NVLS multicast support is not available on dev 2
MOC-R4PCC04U05:115201:115243 [1] NCCL INFO Setting affinity for GPU 1 to ffffffff,ffffffff,ffffffff,ffffffff,00000000,00000000,00000000,00000000,ffffffff,ffffffff,ffffffff,ffffffff
MOC-R4PCC04U05:115201:115243 [1] NCCL INFO NVLS multicast support is not available on dev 1
MOC-R4PCC04U05:115200:115241 [0] NCCL INFO Setting affinity for GPU 0 to ffffffff,ffffffff,ffffffff,ffffffff,00000000,00000000,00000000,00000000,ffffffff,ffffffff,ffffffff,ffffffff
MOC-R4PCC04U05:115200:115241 [0] NCCL INFO NVLS multicast support is not available on dev 0
MOC-R4PCC04U05:115203:115245 [3] NCCL INFO Setting affinity for GPU 3 to ffffffff,ffffffff,ffffffff,ffffffff,00000000,00000000,00000000,00000000,ffffffff,ffffffff,ffffffff,ffffffff,00000000,00000000,00000000,00000000
MOC-R4PCC04U05:115203:115245 [3] NCCL INFO NVLS multicast support is not available on dev 3
MOC-R4PCC04U05:115201:115243 [1] NCCL INFO comm 0x562e6bc51870 rank 1 nRanks 16 nNodes 4 localRanks 4 localRank 1 MNNVL 0
MOC-R4PCC04U05:115203:115245 [3] NCCL INFO comm 0x562832812ce0 rank 3 nRanks 16 nNodes 4 localRanks 4 localRank 3 MNNVL 0
MOC-R4PCC04U05:115200:115241 [0] NCCL INFO comm 0x5561febe8510 rank 0 nRanks 16 nNodes 4 localRanks 4 localRank 0 MNNVL 0
MOC-R4PCC04U05:115202:115242 [2] NCCL INFO comm 0x562dab867590 rank 2 nRanks 16 nNodes 4 localRanks 4 localRank 2 MNNVL 0
MOC-R4PCC04U05:115201:115243 [1] NCCL INFO Trees [0] -1/-1/-1->1->0 [1] -1/-1/-1->1->0 [2] -1/-1/-1->1->0 [3] -1/-1/-1->1->0
MOC-R4PCC04U05:115201:115243 [1] NCCL INFO P2P Chunksize set to 131072
MOC-R4PCC04U05:115200:115241 [0] NCCL INFO Channel 00/04 :  0  3  6  5  4  7 10  9  8 11 14 13 12 15  2  1
MOC-R4PCC04U05:115203:115245 [3] NCCL INFO Trees [0] 0/-1/-1->3->2 [1] 0/-1/-1->3->2 [2] 0/-1/-1->3->2 [3] 0/-1/-1->3->2
MOC-R4PCC04U05:115200:115241 [0] NCCL INFO Channel 01/04 :  0  3  6  5  4  7 10  9  8 11 14 13 12 15  2  1
MOC-R4PCC04U05:115203:115245 [3] NCCL INFO P2P Chunksize set to 131072
MOC-R4PCC04U05:115202:115242 [2] NCCL INFO Trees [0] 3/10/-1->2->-1 [1] 3/10/-1->2->-1 [2] 3/-1/-1->2->6 [3] 3/-1/-1->2->6
MOC-R4PCC04U05:115200:115241 [0] NCCL INFO Channel 02/04 :  0  3  6  5  4  7 10  9  8 11 14 13 12 15  2  1
MOC-R4PCC04U05:115202:115242 [2] NCCL INFO P2P Chunksize set to 131072
MOC-R4PCC04U05:115200:115241 [0] NCCL INFO Channel 03/04 :  0  3  6  5  4  7 10  9  8 11 14 13 12 15  2  1
MOC-R4PCC04U05:115200:115241 [0] NCCL INFO Trees [0] 1/-1/-1->0->3 [1] 1/-1/-1->0->3 [2] 1/-1/-1->0->3 [3] 1/-1/-1->0->3
MOC-R4PCC04U05:115200:115241 [0] NCCL INFO P2P Chunksize set to 131072
MOC-R4PCC04U05:115200:115241 [0] NCCL INFO Check P2P Type intraNodeP2pSupport 1 directMode 0
MOC-R4PCC04U05:115202:115525 [2] NCCL INFO [Proxy Service] Device 2 CPU core 435
MOC-R4PCC04U05:115200:115528 [0] NCCL INFO [Proxy Service] Device 0 CPU core 295
MOC-R4PCC04U05:115200:115532 [0] NCCL INFO [Proxy Service UDS] Device 0 CPU core 311
MOC-R4PCC04U05:115202:115529 [2] NCCL INFO [Proxy Service UDS] Device 2 CPU core 185
MOC-R4PCC04U05:115201:115531 [1] NCCL INFO [Proxy Service UDS] Device 1 CPU core 303
MOC-R4PCC04U05:115203:115530 [3] NCCL INFO [Proxy Service UDS] Device 3 CPU core 423
MOC-R4PCC04U05:115201:115527 [1] NCCL INFO [Proxy Service] Device 1 CPU core 19
MOC-R4PCC04U05:115203:115526 [3] NCCL INFO [Proxy Service] Device 3 CPU core 142
MOC-R4PCC04U05:115202:115242 [2] NCCL INFO threadThresholds 8/8/64 | 128/8/64 | 512 | 512
MOC-R4PCC04U05:115202:115242 [2] NCCL INFO 4 coll channels, 4 collnet channels, 0 nvls channels, 4 p2p channels, 1 p2p channels per peer
MOC-R4PCC04U05:115201:115243 [1] NCCL INFO threadThresholds 8/8/64 | 128/8/64 | 512 | 512
MOC-R4PCC04U05:115201:115243 [1] NCCL INFO 4 coll channels, 4 collnet channels, 0 nvls channels, 4 p2p channels, 1 p2p channels per peer
MOC-R4PCC04U05:115203:115245 [3] NCCL INFO threadThresholds 8/8/64 | 128/8/64 | 512 | 512
MOC-R4PCC04U05:115203:115245 [3] NCCL INFO 4 coll channels, 4 collnet channels, 0 nvls channels, 4 p2p channels, 1 p2p channels per peer
MOC-R4PCC04U05:115200:115241 [0] NCCL INFO threadThresholds 8/8/64 | 128/8/64 | 512 | 512
MOC-R4PCC04U05:115200:115241 [0] NCCL INFO 4 coll channels, 4 collnet channels, 0 nvls channels, 4 p2p channels, 1 p2p channels per peer
MOC-R4PCC04U05:115200:115241 [0] NCCL INFO CC Off, workFifoBytes 1048576
MOC-R4PCC04U05:115202:115242 [2] NCCL INFO TUNER/Plugin: Could not find: libnccl-tuner.so. Using internal tuner plugin.
MOC-R4PCC04U05:115202:115242 [2] NCCL INFO ncclCommInitRankConfig comm 0x562dab867590 rank 2 nranks 16 cudaDev 2 nvmlDev 2 busId a6000 commId 0xf00b20337ada16da - Init COMPLETE
MOC-R4PCC04U05:115202:115242 [2] NCCL INFO Init timings - ncclCommInitRankConfig: rank 2 nranks 16 total 6.72 (kernels 0.86, alloc 1.24, bootstrap 4.22, allgathers 0.04, topo 0.35, graphs 0.00, connections 0.01, rest 0.01)
MOC-R4PCC04U05:115203:115245 [3] NCCL INFO TUNER/Plugin: Could not find: libnccl-tuner.so. Using internal tuner plugin.
MOC-R4PCC04U05:115203:115245 [3] NCCL INFO ncclCommInitRankConfig comm 0x562832812ce0 rank 3 nranks 16 cudaDev 3 nvmlDev 3 busId c6000 commId 0xf00b20337ada16da - Init COMPLETE
MOC-R4PCC04U05:115203:115245 [3] NCCL INFO Init timings - ncclCommInitRankConfig: rank 3 nranks 16 total 5.97 (kernels 1.38, alloc 0.79, bootstrap 3.39, allgathers 0.03, topo 0.36, graphs 0.00, connections 0.01, rest 0.00)
MOC-R4PCC04U05:115201:115243 [1] NCCL INFO TUNER/Plugin: Could not find: libnccl-tuner.so. Using internal tuner plugin.
MOC-R4PCC04U05:115201:115243 [1] NCCL INFO ncclCommInitRankConfig comm 0x562e6bc51870 rank 1 nranks 16 cudaDev 1 nvmlDev 1 busId 26000 commId 0xf00b20337ada16da - Init COMPLETE
MOC-R4PCC04U05:115201:115243 [1] NCCL INFO Init timings - ncclCommInitRankConfig: rank 1 nranks 16 total 6.67 (kernels 0.85, alloc 1.19, bootstrap 4.22, allgathers 0.03, topo 0.36, graphs 0.00, connections 0.01, rest 0.01)
MOC-R4PCC04U05:115200:115241 [0] NCCL INFO TUNER/Plugin: Could not find: libnccl-tuner.so. Using internal tuner plugin.
MOC-R4PCC04U05:115200:115241 [0] NCCL INFO ncclCommInitRankConfig comm 0x5561febe8510 rank 0 nranks 16 cudaDev 0 nvmlDev 0 busId 6000 commId 0xf00b20337ada16da - Init COMPLETE
MOC-R4PCC04U05:115200:115241 [0] NCCL INFO Init timings - ncclCommInitRankConfig: rank 0 nranks 16 total 6.98 (kernels 0.32, alloc 0.69, bootstrap 5.57, allgathers 0.03, topo 0.36, graphs 0.00, connections 0.01, rest 0.00)
MOC-R4PCC04U05:115200:115535 [0] NCCL INFO Channel 00/0 : 0[0] -> 3[3] via P2P/CUMEM
MOC-R4PCC04U05:115201:115534 [1] NCCL INFO Channel 00/0 : 1[1] -> 0[0] via P2P/CUMEM
MOC-R4PCC04U05:115201:115534 [1] NCCL INFO Channel 01/0 : 1[1] -> 0[0] via P2P/CUMEM
MOC-R4PCC04U05:115200:115535 [0] NCCL INFO Channel 01/0 : 0[0] -> 3[3] via P2P/CUMEM
MOC-R4PCC04U05:115201:115534 [1] NCCL INFO Channel 02/0 : 1[1] -> 0[0] via P2P/CUMEM
MOC-R4PCC04U05:115200:115535 [0] NCCL INFO Channel 02/0 : 0[0] -> 3[3] via P2P/CUMEM
MOC-R4PCC04U05:115201:115534 [1] NCCL INFO Channel 03/0 : 1[1] -> 0[0] via P2P/CUMEM
MOC-R4PCC04U05:115200:115535 [0] NCCL INFO Channel 03/0 : 0[0] -> 3[3] via P2P/CUMEM
MOC-R4PCC04U05:115202:115537 [2] NCCL INFO [Proxy Progress] Device 2 CPU core 462
MOC-R4PCC04U05:115203:115536 [3] NCCL INFO Channel 00/0 : 3[3] -> 6[2] [send] via NET/IB/1(2)/GDRDMA
MOC-R4PCC04U05:115202:115533 [2] NCCL INFO Channel 00/0 : 15[3] -> 2[2] [receive] via NET/IB/1/GDRDMA
MOC-R4PCC04U05:115202:115533 [2] NCCL INFO Channel 01/0 : 15[3] -> 2[2] [receive] via NET/IB/1/GDRDMA
MOC-R4PCC04U05:115203:115536 [3] NCCL INFO Channel 01/0 : 3[3] -> 6[2] [send] via NET/IB/1(2)/GDRDMA
MOC-R4PCC04U05:115202:115533 [2] NCCL INFO Channel 02/0 : 15[3] -> 2[2] [receive] via NET/IB/1/GDRDMA
MOC-R4PCC04U05:115203:115536 [3] NCCL INFO Channel 02/0 : 3[3] -> 6[2] [send] via NET/IB/1(2)/GDRDMA
MOC-R4PCC04U05:115202:115533 [2] NCCL INFO Channel 03/0 : 15[3] -> 2[2] [receive] via NET/IB/1/GDRDMA
MOC-R4PCC04U05:115203:115536 [3] NCCL INFO Channel 03/0 : 3[3] -> 6[2] [send] via NET/IB/1(2)/GDRDMA
MOC-R4PCC04U05:115202:115533 [2] NCCL INFO Channel 00/0 : 2[2] -> 1[1] via P2P/CUMEM
MOC-R4PCC04U05:115202:115533 [2] NCCL INFO Channel 01/0 : 2[2] -> 1[1] via P2P/CUMEM
MOC-R4PCC04U05:115202:115533 [2] NCCL INFO Channel 02/0 : 2[2] -> 1[1] via P2P/CUMEM
MOC-R4PCC04U05:115202:115533 [2] NCCL INFO Channel 03/0 : 2[2] -> 1[1] via P2P/CUMEM
MOC-R4PCC04U05:115201:115534 [1] NCCL INFO Connected all rings, use ring PXN 1 GDR 1
MOC-R4PCC04U05:115202:115533 [2] NCCL INFO Connected all rings, use ring PXN 1 GDR 1
MOC-R4PCC04U05:115203:115536 [3] NCCL INFO Connected all rings, use ring PXN 1 GDR 1
MOC-R4PCC04U05:115200:115535 [0] NCCL INFO Connected all rings, use ring PXN 1 GDR 1
num decayed parameter tensors: 50, with 124,318,464 parameters
num non-decayed parameter tensors: 98, with 121,344 parameters
using fused AdamW: False
using regular AdamW
MOC-R4PCC04U05:115202:115959 [2] NCCL INFO Channel 00/0 : 2[2] -> 3[3] via P2P/CUMEM
MOC-R4PCC04U05:115202:115959 [2] NCCL INFO Channel 01/0 : 2[2] -> 3[3] via P2P/CUMEM
MOC-R4PCC04U05:115202:115959 [2] NCCL INFO Channel 02/0 : 2[2] -> 3[3] via P2P/CUMEM
MOC-R4PCC04U05:115202:115959 [2] NCCL INFO Channel 03/0 : 2[2] -> 3[3] via P2P/CUMEM
MOC-R4PCC04U05:115200:115960 [0] NCCL INFO Channel 00/0 : 0[0] -> 1[1] via P2P/CUMEM
MOC-R4PCC04U05:115200:115960 [0] NCCL INFO Channel 01/0 : 0[0] -> 1[1] via P2P/CUMEM
MOC-R4PCC04U05:115200:115960 [0] NCCL INFO Channel 02/0 : 0[0] -> 1[1] via P2P/CUMEM
MOC-R4PCC04U05:115200:115960 [0] NCCL INFO Channel 03/0 : 0[0] -> 1[1] via P2P/CUMEM
MOC-R4PCC04U05:115203:115961 [3] NCCL INFO Channel 00/0 : 3[3] -> 0[0] via P2P/CUMEM
MOC-R4PCC04U05:115202:115959 [2] NCCL INFO Channel 02/0 : 2[2] -> 6[2] [send] via NET/IB/1/GDRDMA
MOC-R4PCC04U05:115203:115961 [3] NCCL INFO Channel 01/0 : 3[3] -> 0[0] via P2P/CUMEM
MOC-R4PCC04U05:115202:115959 [2] NCCL INFO Channel 03/0 : 2[2] -> 6[2] [send] via NET/IB/1/GDRDMA
MOC-R4PCC04U05:115203:115961 [3] NCCL INFO Channel 02/0 : 3[3] -> 0[0] via P2P/CUMEM
MOC-R4PCC04U05:115203:115961 [3] NCCL INFO Channel 03/0 : 3[3] -> 0[0] via P2P/CUMEM
MOC-R4PCC04U05:115202:115959 [2] NCCL INFO Channel 00/0 : 10[2] -> 2[2] [receive] via NET/IB/1/GDRDMA
MOC-R4PCC04U05:115202:115959 [2] NCCL INFO Channel 01/0 : 10[2] -> 2[2] [receive] via NET/IB/1/GDRDMA
MOC-R4PCC04U05:115202:115959 [2] NCCL INFO Channel 00/0 : 2[2] -> 10[2] [send] via NET/IB/1/GDRDMA
MOC-R4PCC04U05:115202:115959 [2] NCCL INFO Channel 01/0 : 2[2] -> 10[2] [send] via NET/IB/1/GDRDMA
MOC-R4PCC04U05:115203:115961 [3] NCCL INFO Channel 00/0 : 3[3] -> 2[2] via P2P/CUMEM
MOC-R4PCC04U05:115203:115961 [3] NCCL INFO Channel 01/0 : 3[3] -> 2[2] via P2P/CUMEM
MOC-R4PCC04U05:115203:115961 [3] NCCL INFO Channel 02/0 : 3[3] -> 2[2] via P2P/CUMEM
MOC-R4PCC04U05:115203:115961 [3] NCCL INFO Channel 03/0 : 3[3] -> 2[2] via P2P/CUMEM
MOC-R4PCC04U05:115201:115962 [1] NCCL INFO Connected all trees
MOC-R4PCC04U05:115202:115959 [2] NCCL INFO Channel 02/0 : 6[2] -> 2[2] [receive] via NET/IB/1/GDRDMA
MOC-R4PCC04U05:115202:115959 [2] NCCL INFO Channel 03/0 : 6[2] -> 2[2] [receive] via NET/IB/1/GDRDMA
MOC-R4PCC04U05:115200:115960 [0] NCCL INFO Connected all trees
MOC-R4PCC04U05:115202:115959 [2] NCCL INFO Connected all trees
MOC-R4PCC04U05:115203:115961 [3] NCCL INFO Connected all trees
step    1/10 | train loss 11.009266 | norm 15.3566 | lr 1.00e-04 | (13685.55 ms | 229858 tok/s)
step    2/10 | train loss 10.139994 | norm 5.7234 | lr 1.00e-04 | (524.33 ms | 5999512 tok/s)
step    3/10 | train loss 9.800397 | norm 2.6013 | lr 1.00e-04 | (522.07 ms | 6025547 tok/s)
step    4/10 | train loss 9.631654 | norm 2.1118 | lr 1.00e-04 | (547.12 ms | 5749664 tok/s)
step    5/10 | train loss 9.548894 | norm 2.0958 | lr 1.00e-04 | (523.50 ms | 6009026 tok/s)
step    6/10 | train loss 9.468092 | norm 1.9942 | lr 1.00e-04 | (523.06 ms | 6014124 tok/s)
step    7/10 | train loss 9.382740 | norm 1.9443 | lr 1.00e-04 | (624.19 ms | 5039663 tok/s)
step    8/10 | train loss 9.291195 | norm 1.9107 | lr 1.00e-04 | (523.24 ms | 6012066 tok/s)
step    9/10 | train loss 9.195951 | norm 1.8556 | lr 1.00e-04 | (522.86 ms | 6016381 tok/s)
step   10/10 | train loss 9.110965 | norm 1.7932 | lr 1.00e-04 | (520.81 ms | 6040020 tok/s)
final 9 iters avg: 536.797ms
peak memory consumption: 16601 MiB
MOC-R4PCC04U05:115201:115967 [1] NCCL INFO comm 0x562e6bc51870 rank 1 nranks 16 cudaDev 1 busId 26000 - Destroy COMPLETE
MOC-R4PCC04U05:115200:115970 [0] NCCL INFO comm 0x5561febe8510 rank 0 nranks 16 cudaDev 0 busId 6000 - Destroy COMPLETE
MOC-R4PCC04U05:115203:115969 [3] NCCL INFO comm 0x562832812ce0 rank 3 nranks 16 cudaDev 3 busId c6000 - Destroy COMPLETE
MOC-R4PCC04U05:115202:115968 [2] NCCL INFO comm 0x562dab867590 rank 2 nranks 16 cudaDev 2 busId a6000 - Destroy COMPLETE
