Running pytorch 2.7.0+cu126
using device: cuda:0
total desired batch size: 4194304
=> calculated gradient accumulation steps: 8
using device: cuda:2
using device: cuda:3
using device: cuda:1
compiling the model...
DataLoader: total number of tokens: 1,661,249,667 across 103 files
MOC-R4PCC04U05:116882:116882 [0] NCCL INFO NCCL_SOCKET_IFNAME set by environment to eno7np0
MOC-R4PCC04U05:116882:116882 [0] NCCL INFO Bootstrap: Using eno7np0:192.168.50.193<0>
MOC-R4PCC04U05:116882:116882 [0] NCCL INFO cudaDriverVersion 12040
MOC-R4PCC04U05:116882:116882 [0] NCCL INFO NCCL version 2.26.2+cuda12.2
MOC-R4PCC04U05:116882:116882 [0] NCCL INFO Comm config Blocking set to 1
MOC-R4PCC04U05:116882:116923 [0] NCCL INFO NET/Plugin: Could not find: libnccl-net.so. Using internal net plugin.
MOC-R4PCC04U05:116882:116923 [0] NCCL INFO NCCL_IB_DISABLE set by environment to 0.
MOC-R4PCC04U05:116882:116923 [0] NCCL INFO NCCL_SOCKET_IFNAME set by environment to eno7np0
MOC-R4PCC04U05:116882:116923 [0] NCCL INFO NCCL_IB_HCA set to mlx5_5
MOC-R4PCC04U05:116882:116923 [0] NCCL INFO NET/IB : Using [0]mlx5_5:1/RoCE [RO]; OOB eno7np0:192.168.50.193<0>
MOC-R4PCC04U05:116882:116923 [0] NCCL INFO PROFILER/Plugin: Could not find: libnccl-profiler.so. 
MOC-R4PCC04U05:116882:116923 [0] NCCL INFO Using network IB
MOC-R4PCC04U05:116884:116884 [2] NCCL INFO cudaDriverVersion 12040
MOC-R4PCC04U05:116884:116884 [2] NCCL INFO NCCL_SOCKET_IFNAME set by environment to eno7np0
MOC-R4PCC04U05:116884:116884 [2] NCCL INFO Bootstrap: Using eno7np0:192.168.50.193<0>
MOC-R4PCC04U05:116884:116884 [2] NCCL INFO NCCL version 2.26.2+cuda12.2
MOC-R4PCC04U05:116882:116923 [0] NCCL INFO DMA-BUF is available on GPU device 0
MOC-R4PCC04U05:116884:116884 [2] NCCL INFO Comm config Blocking set to 1
MOC-R4PCC04U05:116882:116923 [0] NCCL INFO ncclCommInitRankConfig comm 0x55c7a4b235a0 rank 0 nranks 16 cudaDev 0 nvmlDev 0 busId 6000 commId 0x217a9ada436e1f2a - Init START
MOC-R4PCC04U05:116885:116885 [3] NCCL INFO cudaDriverVersion 12040
MOC-R4PCC04U05:116885:116885 [3] NCCL INFO NCCL_SOCKET_IFNAME set by environment to eno7np0
MOC-R4PCC04U05:116883:116883 [1] NCCL INFO cudaDriverVersion 12040
MOC-R4PCC04U05:116883:116883 [1] NCCL INFO NCCL_SOCKET_IFNAME set by environment to eno7np0
MOC-R4PCC04U05:116883:116883 [1] NCCL INFO Bootstrap: Using eno7np0:192.168.50.193<0>
MOC-R4PCC04U05:116885:116885 [3] NCCL INFO Bootstrap: Using eno7np0:192.168.50.193<0>
MOC-R4PCC04U05:116883:116883 [1] NCCL INFO NCCL version 2.26.2+cuda12.2
MOC-R4PCC04U05:116885:116885 [3] NCCL INFO NCCL version 2.26.2+cuda12.2
MOC-R4PCC04U05:116883:116883 [1] NCCL INFO Comm config Blocking set to 1
MOC-R4PCC04U05:116885:116885 [3] NCCL INFO Comm config Blocking set to 1
MOC-R4PCC04U05:116884:116925 [2] NCCL INFO NET/Plugin: Could not find: libnccl-net.so. Using internal net plugin.
MOC-R4PCC04U05:116884:116925 [2] NCCL INFO NCCL_IB_DISABLE set by environment to 0.
MOC-R4PCC04U05:116884:116925 [2] NCCL INFO NCCL_SOCKET_IFNAME set by environment to eno7np0
MOC-R4PCC04U05:116884:116925 [2] NCCL INFO NCCL_IB_HCA set to mlx5_5
MOC-R4PCC04U05:116883:116926 [1] NCCL INFO NET/Plugin: Could not find: libnccl-net.so. Using internal net plugin.
MOC-R4PCC04U05:116883:116926 [1] NCCL INFO NCCL_IB_DISABLE set by environment to 0.
MOC-R4PCC04U05:116885:116927 [3] NCCL INFO NET/Plugin: Could not find: libnccl-net.so. Using internal net plugin.
MOC-R4PCC04U05:116885:116927 [3] NCCL INFO NCCL_IB_DISABLE set by environment to 0.
MOC-R4PCC04U05:116883:116926 [1] NCCL INFO NCCL_SOCKET_IFNAME set by environment to eno7np0
MOC-R4PCC04U05:116885:116927 [3] NCCL INFO NCCL_SOCKET_IFNAME set by environment to eno7np0
MOC-R4PCC04U05:116883:116926 [1] NCCL INFO NCCL_IB_HCA set to mlx5_5
MOC-R4PCC04U05:116885:116927 [3] NCCL INFO NCCL_IB_HCA set to mlx5_5
MOC-R4PCC04U05:116884:116925 [2] NCCL INFO NET/IB : Using [0]mlx5_5:1/RoCE [RO]; OOB eno7np0:192.168.50.193<0>
MOC-R4PCC04U05:116884:116925 [2] NCCL INFO PROFILER/Plugin: Could not find: libnccl-profiler.so. 
MOC-R4PCC04U05:116884:116925 [2] NCCL INFO Using network IB
MOC-R4PCC04U05:116885:116927 [3] NCCL INFO NET/IB : Using [0]mlx5_5:1/RoCE [RO]; OOB eno7np0:192.168.50.193<0>
MOC-R4PCC04U05:116883:116926 [1] NCCL INFO NET/IB : Using [0]mlx5_5:1/RoCE [RO]; OOB eno7np0:192.168.50.193<0>
MOC-R4PCC04U05:116885:116927 [3] NCCL INFO PROFILER/Plugin: Could not find: libnccl-profiler.so. 
MOC-R4PCC04U05:116885:116927 [3] NCCL INFO Using network IB
MOC-R4PCC04U05:116883:116926 [1] NCCL INFO PROFILER/Plugin: Could not find: libnccl-profiler.so. 
MOC-R4PCC04U05:116883:116926 [1] NCCL INFO Using network IB
MOC-R4PCC04U05:116884:116925 [2] NCCL INFO DMA-BUF is available on GPU device 2
MOC-R4PCC04U05:116883:116926 [1] NCCL INFO DMA-BUF is available on GPU device 1
MOC-R4PCC04U05:116885:116927 [3] NCCL INFO DMA-BUF is available on GPU device 3
MOC-R4PCC04U05:116884:116925 [2] NCCL INFO ncclCommInitRankConfig comm 0x559228daf8c0 rank 2 nranks 16 cudaDev 2 nvmlDev 2 busId a6000 commId 0x217a9ada436e1f2a - Init START
MOC-R4PCC04U05:116883:116926 [1] NCCL INFO ncclCommInitRankConfig comm 0x564fd74a1180 rank 1 nranks 16 cudaDev 1 nvmlDev 1 busId 26000 commId 0x217a9ada436e1f2a - Init START
MOC-R4PCC04U05:116885:116927 [3] NCCL INFO ncclCommInitRankConfig comm 0x560e032a2340 rank 3 nranks 16 cudaDev 3 nvmlDev 3 busId c6000 commId 0x217a9ada436e1f2a - Init START
MOC-R4PCC04U05:116883:116926 [1] NCCL INFO RAS client listening socket at ::1<28028>
MOC-R4PCC04U05:116882:116923 [0] NCCL INFO RAS client listening socket at ::1<28028>
MOC-R4PCC04U05:116884:116925 [2] NCCL INFO RAS client listening socket at ::1<28028>
MOC-R4PCC04U05:116885:116927 [3] NCCL INFO RAS client listening socket at ::1<28028>
MOC-R4PCC04U05:116885:116927 [3] NCCL INFO Bootstrap timings total 0.005312 (create 0.000100, send 0.000185, recv 0.000895, ring 0.003043, delay 0.000001)
MOC-R4PCC04U05:116884:116925 [2] NCCL INFO Bootstrap timings total 0.028065 (create 0.000151, send 0.000261, recv 0.023289, ring 0.003140, delay 0.000001)
MOC-R4PCC04U05:116883:116926 [1] NCCL INFO Bootstrap timings total 0.005596 (create 0.000168, send 0.000260, recv 0.000480, ring 0.003507, delay 0.000001)
MOC-R4PCC04U05:116882:116923 [0] NCCL INFO Bootstrap timings total 2.133907 (create 0.000148, send 0.000451, recv 2.128517, ring 0.003386, delay 0.000000)
MOC-R4PCC04U05:116883:116926 [1] NCCL INFO Setting affinity for GPU 1 to ffffffff,ffffffff,ffffffff,ffffffff,00000000,00000000,00000000,00000000,ffffffff,ffffffff,ffffffff,ffffffff
MOC-R4PCC04U05:116883:116926 [1] NCCL INFO NVLS multicast support is not available on dev 1
MOC-R4PCC04U05:116882:116923 [0] NCCL INFO Setting affinity for GPU 0 to ffffffff,ffffffff,ffffffff,ffffffff,00000000,00000000,00000000,00000000,ffffffff,ffffffff,ffffffff,ffffffff
MOC-R4PCC04U05:116885:116927 [3] NCCL INFO Setting affinity for GPU 3 to ffffffff,ffffffff,ffffffff,ffffffff,00000000,00000000,00000000,00000000,ffffffff,ffffffff,ffffffff,ffffffff,00000000,00000000,00000000,00000000
MOC-R4PCC04U05:116885:116927 [3] NCCL INFO NVLS multicast support is not available on dev 3
MOC-R4PCC04U05:116882:116923 [0] NCCL INFO NVLS multicast support is not available on dev 0
MOC-R4PCC04U05:116884:116925 [2] NCCL INFO Setting affinity for GPU 2 to ffffffff,ffffffff,ffffffff,ffffffff,00000000,00000000,00000000,00000000,ffffffff,ffffffff,ffffffff,ffffffff,00000000,00000000,00000000,00000000
MOC-R4PCC04U05:116884:116925 [2] NCCL INFO NVLS multicast support is not available on dev 2
MOC-R4PCC04U05:116885:116927 [3] NCCL INFO comm 0x560e032a2340 rank 3 nRanks 16 nNodes 4 localRanks 4 localRank 3 MNNVL 0
MOC-R4PCC04U05:116884:116925 [2] NCCL INFO comm 0x559228daf8c0 rank 2 nRanks 16 nNodes 4 localRanks 4 localRank 2 MNNVL 0
MOC-R4PCC04U05:116883:116926 [1] NCCL INFO comm 0x564fd74a1180 rank 1 nRanks 16 nNodes 4 localRanks 4 localRank 1 MNNVL 0
MOC-R4PCC04U05:116882:116923 [0] NCCL INFO comm 0x55c7a4b235a0 rank 0 nRanks 16 nNodes 4 localRanks 4 localRank 0 MNNVL 0
MOC-R4PCC04U05:116884:116925 [2] NCCL INFO Trees [0] 3/10/-1->2->-1 [1] 3/10/-1->2->-1 [2] 3/-1/-1->2->6 [3] 3/-1/-1->2->6
MOC-R4PCC04U05:116884:116925 [2] NCCL INFO P2P Chunksize set to 131072
MOC-R4PCC04U05:116883:116926 [1] NCCL INFO Trees [0] -1/-1/-1->1->0 [1] -1/-1/-1->1->0 [2] -1/-1/-1->1->0 [3] -1/-1/-1->1->0
MOC-R4PCC04U05:116882:116923 [0] NCCL INFO Channel 00/04 :  0  3  6  5  4  7 10  9  8 11 14 13 12 15  2  1
MOC-R4PCC04U05:116883:116926 [1] NCCL INFO P2P Chunksize set to 131072
MOC-R4PCC04U05:116882:116923 [0] NCCL INFO Channel 01/04 :  0  3  6  5  4  7 10  9  8 11 14 13 12 15  2  1
MOC-R4PCC04U05:116882:116923 [0] NCCL INFO Channel 02/04 :  0  3  6  5  4  7 10  9  8 11 14 13 12 15  2  1
MOC-R4PCC04U05:116882:116923 [0] NCCL INFO Channel 03/04 :  0  3  6  5  4  7 10  9  8 11 14 13 12 15  2  1
MOC-R4PCC04U05:116885:116927 [3] NCCL INFO Trees [0] 0/-1/-1->3->2 [1] 0/-1/-1->3->2 [2] 0/-1/-1->3->2 [3] 0/-1/-1->3->2
MOC-R4PCC04U05:116882:116923 [0] NCCL INFO Trees [0] 1/-1/-1->0->3 [1] 1/-1/-1->0->3 [2] 1/-1/-1->0->3 [3] 1/-1/-1->0->3
MOC-R4PCC04U05:116885:116927 [3] NCCL INFO P2P Chunksize set to 131072
MOC-R4PCC04U05:116882:116923 [0] NCCL INFO P2P Chunksize set to 131072
MOC-R4PCC04U05:116882:116923 [0] NCCL INFO Check P2P Type intraNodeP2pSupport 1 directMode 0
MOC-R4PCC04U05:116883:116944 [1] NCCL INFO [Proxy Service UDS] Device 1 CPU core 33
MOC-R4PCC04U05:116882:116941 [0] NCCL INFO [Proxy Service] Device 0 CPU core 19
MOC-R4PCC04U05:116883:116940 [1] NCCL INFO [Proxy Service] Device 1 CPU core 18
MOC-R4PCC04U05:116884:116939 [2] NCCL INFO [Proxy Service] Device 2 CPU core 432
MOC-R4PCC04U05:116882:116943 [0] NCCL INFO [Proxy Service UDS] Device 0 CPU core 31
MOC-R4PCC04U05:116884:116942 [2] NCCL INFO [Proxy Service UDS] Device 2 CPU core 471
MOC-R4PCC04U05:116885:116946 [3] NCCL INFO [Proxy Service UDS] Device 3 CPU core 479
MOC-R4PCC04U05:116885:116945 [3] NCCL INFO [Proxy Service] Device 3 CPU core 398
MOC-R4PCC04U05:116883:116926 [1] NCCL INFO threadThresholds 8/8/64 | 128/8/64 | 512 | 512
MOC-R4PCC04U05:116883:116926 [1] NCCL INFO 4 coll channels, 4 collnet channels, 0 nvls channels, 4 p2p channels, 1 p2p channels per peer
MOC-R4PCC04U05:116884:116925 [2] NCCL INFO threadThresholds 8/8/64 | 128/8/64 | 512 | 512
MOC-R4PCC04U05:116884:116925 [2] NCCL INFO 4 coll channels, 4 collnet channels, 0 nvls channels, 4 p2p channels, 1 p2p channels per peer
MOC-R4PCC04U05:116882:116923 [0] NCCL INFO threadThresholds 8/8/64 | 128/8/64 | 512 | 512
MOC-R4PCC04U05:116882:116923 [0] NCCL INFO 4 coll channels, 4 collnet channels, 0 nvls channels, 4 p2p channels, 1 p2p channels per peer
MOC-R4PCC04U05:116885:116927 [3] NCCL INFO threadThresholds 8/8/64 | 128/8/64 | 512 | 512
MOC-R4PCC04U05:116885:116927 [3] NCCL INFO 4 coll channels, 4 collnet channels, 0 nvls channels, 4 p2p channels, 1 p2p channels per peer
MOC-R4PCC04U05:116882:116923 [0] NCCL INFO CC Off, workFifoBytes 1048576
MOC-R4PCC04U05:116884:116925 [2] NCCL INFO TUNER/Plugin: Could not find: libnccl-tuner.so. Using internal tuner plugin.
MOC-R4PCC04U05:116884:116925 [2] NCCL INFO ncclCommInitRankConfig comm 0x559228daf8c0 rank 2 nranks 16 cudaDev 2 nvmlDev 2 busId a6000 commId 0x217a9ada436e1f2a - Init COMPLETE
MOC-R4PCC04U05:116883:116926 [1] NCCL INFO TUNER/Plugin: Could not find: libnccl-tuner.so. Using internal tuner plugin.
MOC-R4PCC04U05:116884:116925 [2] NCCL INFO Init timings - ncclCommInitRankConfig: rank 2 nranks 16 total 3.99 (kernels 0.31, alloc 1.80, bootstrap 0.03, allgathers 0.23, topo 0.81, graphs 0.00, connections 0.52, rest 0.30)
MOC-R4PCC04U05:116883:116926 [1] NCCL INFO ncclCommInitRankConfig comm 0x564fd74a1180 rank 1 nranks 16 cudaDev 1 nvmlDev 1 busId 26000 commId 0x217a9ada436e1f2a - Init COMPLETE
MOC-R4PCC04U05:116883:116926 [1] NCCL INFO Init timings - ncclCommInitRankConfig: rank 1 nranks 16 total 3.98 (kernels 0.31, alloc 1.80, bootstrap 0.01, allgathers 0.23, topo 0.80, graphs 0.00, connections 0.52, rest 0.29)
MOC-R4PCC04U05:116885:116927 [3] NCCL INFO TUNER/Plugin: Could not find: libnccl-tuner.so. Using internal tuner plugin.
MOC-R4PCC04U05:116885:116927 [3] NCCL INFO ncclCommInitRankConfig comm 0x560e032a2340 rank 3 nranks 16 cudaDev 3 nvmlDev 3 busId c6000 commId 0x217a9ada436e1f2a - Init COMPLETE
MOC-R4PCC04U05:116885:116927 [3] NCCL INFO Init timings - ncclCommInitRankConfig: rank 3 nranks 16 total 3.98 (kernels 0.32, alloc 1.80, bootstrap 0.01, allgathers 0.23, topo 0.81, graphs 0.00, connections 0.81, rest 0.00)
MOC-R4PCC04U05:116882:116923 [0] NCCL INFO TUNER/Plugin: Could not find: libnccl-tuner.so. Using internal tuner plugin.
MOC-R4PCC04U05:116882:116923 [0] NCCL INFO ncclCommInitRankConfig comm 0x55c7a4b235a0 rank 0 nranks 16 cudaDev 0 nvmlDev 0 busId 6000 commId 0x217a9ada436e1f2a - Init COMPLETE
MOC-R4PCC04U05:116882:116923 [0] NCCL INFO Init timings - ncclCommInitRankConfig: rank 0 nranks 16 total 5.00 (kernels 0.32, alloc 0.70, bootstrap 2.13, allgathers 0.23, topo 0.81, graphs 0.00, connections 0.53, rest 0.29)
MOC-R4PCC04U05:116882:116950 [0] NCCL INFO Channel 00/0 : 0[0] -> 3[3] via P2P/CUMEM
MOC-R4PCC04U05:116883:116949 [1] NCCL INFO Channel 00/0 : 1[1] -> 0[0] via P2P/CUMEM
MOC-R4PCC04U05:116882:116950 [0] NCCL INFO Channel 01/0 : 0[0] -> 3[3] via P2P/CUMEM
MOC-R4PCC04U05:116883:116949 [1] NCCL INFO Channel 01/0 : 1[1] -> 0[0] via P2P/CUMEM
MOC-R4PCC04U05:116882:116950 [0] NCCL INFO Channel 02/0 : 0[0] -> 3[3] via P2P/CUMEM
MOC-R4PCC04U05:116883:116949 [1] NCCL INFO Channel 02/0 : 1[1] -> 0[0] via P2P/CUMEM
MOC-R4PCC04U05:116882:116950 [0] NCCL INFO Channel 03/0 : 0[0] -> 3[3] via P2P/CUMEM
MOC-R4PCC04U05:116883:116949 [1] NCCL INFO Channel 03/0 : 1[1] -> 0[0] via P2P/CUMEM
MOC-R4PCC04U05:116884:116951 [2] NCCL INFO [Proxy Progress] Device 2 CPU core 431
MOC-R4PCC04U05:116884:116948 [2] NCCL INFO Channel 00/0 : 15[3] -> 2[2] [receive] via NET/IB/1/GDRDMA
MOC-R4PCC04U05:116885:116947 [3] NCCL INFO Channel 00/0 : 3[3] -> 6[2] [send] via NET/IB/1(2)/GDRDMA
MOC-R4PCC04U05:116884:116948 [2] NCCL INFO Channel 01/0 : 15[3] -> 2[2] [receive] via NET/IB/1/GDRDMA
MOC-R4PCC04U05:116885:116947 [3] NCCL INFO Channel 01/0 : 3[3] -> 6[2] [send] via NET/IB/1(2)/GDRDMA
MOC-R4PCC04U05:116884:116948 [2] NCCL INFO Channel 02/0 : 15[3] -> 2[2] [receive] via NET/IB/1/GDRDMA
MOC-R4PCC04U05:116885:116947 [3] NCCL INFO Channel 02/0 : 3[3] -> 6[2] [send] via NET/IB/1(2)/GDRDMA
MOC-R4PCC04U05:116884:116948 [2] NCCL INFO Channel 03/0 : 15[3] -> 2[2] [receive] via NET/IB/1/GDRDMA
MOC-R4PCC04U05:116885:116947 [3] NCCL INFO Channel 03/0 : 3[3] -> 6[2] [send] via NET/IB/1(2)/GDRDMA
MOC-R4PCC04U05:116884:116948 [2] NCCL INFO Channel 00/0 : 2[2] -> 1[1] via P2P/CUMEM
MOC-R4PCC04U05:116884:116948 [2] NCCL INFO Channel 01/0 : 2[2] -> 1[1] via P2P/CUMEM
MOC-R4PCC04U05:116884:116948 [2] NCCL INFO Channel 02/0 : 2[2] -> 1[1] via P2P/CUMEM
MOC-R4PCC04U05:116884:116948 [2] NCCL INFO Channel 03/0 : 2[2] -> 1[1] via P2P/CUMEM
MOC-R4PCC04U05:116885:116947 [3] NCCL INFO Connected all rings, use ring PXN 1 GDR 1
MOC-R4PCC04U05:116882:116950 [0] NCCL INFO Connected all rings, use ring PXN 1 GDR 1
MOC-R4PCC04U05:116883:116949 [1] NCCL INFO Connected all rings, use ring PXN 1 GDR 1
MOC-R4PCC04U05:116884:116948 [2] NCCL INFO Connected all rings, use ring PXN 1 GDR 1
num decayed parameter tensors: 50, with 124,318,464 parameters
num non-decayed parameter tensors: 98, with 121,344 parameters
using fused AdamW: False
using regular AdamW
MOC-R4PCC04U05:116884:117641 [2] NCCL INFO Channel 00/0 : 2[2] -> 3[3] via P2P/CUMEM
MOC-R4PCC04U05:116884:117641 [2] NCCL INFO Channel 01/0 : 2[2] -> 3[3] via P2P/CUMEM
MOC-R4PCC04U05:116884:117641 [2] NCCL INFO Channel 02/0 : 2[2] -> 3[3] via P2P/CUMEM
MOC-R4PCC04U05:116884:117641 [2] NCCL INFO Channel 03/0 : 2[2] -> 3[3] via P2P/CUMEM
MOC-R4PCC04U05:116882:117642 [0] NCCL INFO Channel 00/0 : 0[0] -> 1[1] via P2P/CUMEM
MOC-R4PCC04U05:116882:117642 [0] NCCL INFO Channel 01/0 : 0[0] -> 1[1] via P2P/CUMEM
MOC-R4PCC04U05:116882:117642 [0] NCCL INFO Channel 02/0 : 0[0] -> 1[1] via P2P/CUMEM
MOC-R4PCC04U05:116882:117642 [0] NCCL INFO Channel 03/0 : 0[0] -> 1[1] via P2P/CUMEM
MOC-R4PCC04U05:116885:117643 [3] NCCL INFO Channel 00/0 : 3[3] -> 0[0] via P2P/CUMEM
MOC-R4PCC04U05:116884:117641 [2] NCCL INFO Channel 02/0 : 2[2] -> 6[2] [send] via NET/IB/1/GDRDMA
MOC-R4PCC04U05:116885:117643 [3] NCCL INFO Channel 01/0 : 3[3] -> 0[0] via P2P/CUMEM
MOC-R4PCC04U05:116884:117641 [2] NCCL INFO Channel 03/0 : 2[2] -> 6[2] [send] via NET/IB/1/GDRDMA
MOC-R4PCC04U05:116885:117643 [3] NCCL INFO Channel 02/0 : 3[3] -> 0[0] via P2P/CUMEM
MOC-R4PCC04U05:116885:117643 [3] NCCL INFO Channel 03/0 : 3[3] -> 0[0] via P2P/CUMEM
MOC-R4PCC04U05:116884:117641 [2] NCCL INFO Channel 00/0 : 10[2] -> 2[2] [receive] via NET/IB/1/GDRDMA
MOC-R4PCC04U05:116884:117641 [2] NCCL INFO Channel 01/0 : 10[2] -> 2[2] [receive] via NET/IB/1/GDRDMA
MOC-R4PCC04U05:116884:117641 [2] NCCL INFO Channel 00/0 : 2[2] -> 10[2] [send] via NET/IB/1/GDRDMA
MOC-R4PCC04U05:116884:117641 [2] NCCL INFO Channel 01/0 : 2[2] -> 10[2] [send] via NET/IB/1/GDRDMA
MOC-R4PCC04U05:116884:117641 [2] NCCL INFO Channel 02/0 : 6[2] -> 2[2] [receive] via NET/IB/1/GDRDMA
MOC-R4PCC04U05:116884:117641 [2] NCCL INFO Channel 03/0 : 6[2] -> 2[2] [receive] via NET/IB/1/GDRDMA
MOC-R4PCC04U05:116885:117643 [3] NCCL INFO Channel 00/0 : 3[3] -> 2[2] via P2P/CUMEM
MOC-R4PCC04U05:116885:117643 [3] NCCL INFO Channel 01/0 : 3[3] -> 2[2] via P2P/CUMEM
MOC-R4PCC04U05:116885:117643 [3] NCCL INFO Channel 02/0 : 3[3] -> 2[2] via P2P/CUMEM
MOC-R4PCC04U05:116885:117643 [3] NCCL INFO Channel 03/0 : 3[3] -> 2[2] via P2P/CUMEM
MOC-R4PCC04U05:116883:117644 [1] NCCL INFO Connected all trees
MOC-R4PCC04U05:116882:117642 [0] NCCL INFO Connected all trees
MOC-R4PCC04U05:116884:117641 [2] NCCL INFO Connected all trees
MOC-R4PCC04U05:116885:117643 [3] NCCL INFO Connected all trees
step    1/10 | train loss 11.010080 | norm 15.3561 | lr 1.00e-04 | (14245.59 ms | 294428 tok/s)
step    2/10 | train loss 10.138499 | norm 5.7509 | lr 1.00e-04 | (691.77 ms | 6063150 tok/s)
step    3/10 | train loss 9.798908 | norm 2.6008 | lr 1.00e-04 | (667.66 ms | 6282073 tok/s)
step    4/10 | train loss 9.629972 | norm 2.1074 | lr 1.00e-04 | (668.35 ms | 6275604 tok/s)
step    5/10 | train loss 9.547400 | norm 2.1024 | lr 1.00e-04 | (680.82 ms | 6160680 tok/s)
step    6/10 | train loss 9.467025 | norm 1.9934 | lr 1.00e-04 | (667.53 ms | 6283285 tok/s)
step    7/10 | train loss 9.382395 | norm 1.9432 | lr 1.00e-04 | (732.52 ms | 5725868 tok/s)
step    8/10 | train loss 9.291876 | norm 1.9119 | lr 1.00e-04 | (669.25 ms | 6267168 tok/s)
step    9/10 | train loss 9.197289 | norm 1.8625 | lr 1.00e-04 | (722.72 ms | 5803474 tok/s)
step   10/10 | train loss 9.110222 | norm 1.7873 | lr 1.00e-04 | (670.91 ms | 6251701 tok/s)
final 9 iters avg: 685.726ms
peak memory consumption: 16601 MiB
MOC-R4PCC04U05:116883:117653 [1] NCCL INFO comm 0x564fd74a1180 rank 1 nranks 16 cudaDev 1 busId 26000 - Destroy COMPLETE
MOC-R4PCC04U05:116882:117651 [0] NCCL INFO comm 0x55c7a4b235a0 rank 0 nranks 16 cudaDev 0 busId 6000 - Destroy COMPLETE
MOC-R4PCC04U05:116885:117652 [3] NCCL INFO comm 0x560e032a2340 rank 3 nranks 16 cudaDev 3 busId c6000 - Destroy COMPLETE
MOC-R4PCC04U05:116884:117650 [2] NCCL INFO comm 0x559228daf8c0 rank 2 nranks 16 cudaDev 2 busId a6000 - Destroy COMPLETE
