Running pytorch 2.7.0+cu126
using device: cuda:0
total desired batch size: 1572864
=> calculated gradient accumulation steps: 4
using device: cuda:2
using device: cuda:3
using device: cuda:1
compiling the model...
DataLoader: total number of tokens: 1,661,249,667 across 103 files
MOC-R4PCC04U05:77061:77061 [0] NCCL INFO NCCL_SOCKET_IFNAME set by environment to eno7np0
MOC-R4PCC04U05:77061:77061 [0] NCCL INFO Bootstrap: Using eno7np0:192.168.50.193<0>
MOC-R4PCC04U05:77061:77061 [0] NCCL INFO cudaDriverVersion 12040
MOC-R4PCC04U05:77061:77061 [0] NCCL INFO NCCL version 2.26.2+cuda12.2
MOC-R4PCC04U05:77061:77061 [0] NCCL INFO Comm config Blocking set to 1
MOC-R4PCC04U05:77061:77103 [0] NCCL INFO NET/Plugin: Could not find: libnccl-net.so. Using internal net plugin.
MOC-R4PCC04U05:77061:77103 [0] NCCL INFO NCCL_IB_DISABLE set by environment to 0.
MOC-R4PCC04U05:77061:77103 [0] NCCL INFO NCCL_SOCKET_IFNAME set by environment to eno7np0
MOC-R4PCC04U05:77061:77103 [0] NCCL INFO NCCL_IB_HCA set to mlx5_5
MOC-R4PCC04U05:77061:77103 [0] NCCL INFO NET/IB : Using [0]mlx5_5:1/RoCE [RO]; OOB eno7np0:192.168.50.193<0>
MOC-R4PCC04U05:77061:77103 [0] NCCL INFO PROFILER/Plugin: Could not find: libnccl-profiler.so. 
MOC-R4PCC04U05:77061:77103 [0] NCCL INFO Using network IB
MOC-R4PCC04U05:77061:77103 [0] NCCL INFO DMA-BUF is available on GPU device 0
MOC-R4PCC04U05:77061:77103 [0] NCCL INFO ncclCommInitRankConfig comm 0x556430c7c1c0 rank 0 nranks 12 cudaDev 0 nvmlDev 0 busId 6000 commId 0xf9167067dd0ba050 - Init START
MOC-R4PCC04U05:77063:77063 [2] NCCL INFO cudaDriverVersion 12040
MOC-R4PCC04U05:77063:77063 [2] NCCL INFO NCCL_SOCKET_IFNAME set by environment to eno7np0
MOC-R4PCC04U05:77062:77062 [1] NCCL INFO cudaDriverVersion 12040
MOC-R4PCC04U05:77062:77062 [1] NCCL INFO NCCL_SOCKET_IFNAME set by environment to eno7np0
MOC-R4PCC04U05:77063:77063 [2] NCCL INFO Bootstrap: Using eno7np0:192.168.50.193<0>
MOC-R4PCC04U05:77062:77062 [1] NCCL INFO Bootstrap: Using eno7np0:192.168.50.193<0>
MOC-R4PCC04U05:77063:77063 [2] NCCL INFO NCCL version 2.26.2+cuda12.2
MOC-R4PCC04U05:77062:77062 [1] NCCL INFO NCCL version 2.26.2+cuda12.2
MOC-R4PCC04U05:77062:77062 [1] NCCL INFO Comm config Blocking set to 1
MOC-R4PCC04U05:77063:77063 [2] NCCL INFO Comm config Blocking set to 1
MOC-R4PCC04U05:77064:77064 [3] NCCL INFO cudaDriverVersion 12040
MOC-R4PCC04U05:77064:77064 [3] NCCL INFO NCCL_SOCKET_IFNAME set by environment to eno7np0
MOC-R4PCC04U05:77064:77064 [3] NCCL INFO Bootstrap: Using eno7np0:192.168.50.193<0>
MOC-R4PCC04U05:77064:77064 [3] NCCL INFO NCCL version 2.26.2+cuda12.2
MOC-R4PCC04U05:77064:77064 [3] NCCL INFO Comm config Blocking set to 1
MOC-R4PCC04U05:77063:77106 [2] NCCL INFO NET/Plugin: Could not find: libnccl-net.so. Using internal net plugin.
MOC-R4PCC04U05:77063:77106 [2] NCCL INFO NCCL_IB_DISABLE set by environment to 0.
MOC-R4PCC04U05:77063:77106 [2] NCCL INFO NCCL_SOCKET_IFNAME set by environment to eno7np0
MOC-R4PCC04U05:77062:77105 [1] NCCL INFO NET/Plugin: Could not find: libnccl-net.so. Using internal net plugin.
MOC-R4PCC04U05:77062:77105 [1] NCCL INFO NCCL_IB_DISABLE set by environment to 0.
MOC-R4PCC04U05:77062:77105 [1] NCCL INFO NCCL_SOCKET_IFNAME set by environment to eno7np0
MOC-R4PCC04U05:77063:77106 [2] NCCL INFO NCCL_IB_HCA set to mlx5_5
MOC-R4PCC04U05:77062:77105 [1] NCCL INFO NCCL_IB_HCA set to mlx5_5
MOC-R4PCC04U05:77064:77107 [3] NCCL INFO NET/Plugin: Could not find: libnccl-net.so. Using internal net plugin.
MOC-R4PCC04U05:77064:77107 [3] NCCL INFO NCCL_IB_DISABLE set by environment to 0.
MOC-R4PCC04U05:77064:77107 [3] NCCL INFO NCCL_SOCKET_IFNAME set by environment to eno7np0
MOC-R4PCC04U05:77064:77107 [3] NCCL INFO NCCL_IB_HCA set to mlx5_5
MOC-R4PCC04U05:77063:77106 [2] NCCL INFO NET/IB : Using [0]mlx5_5:1/RoCE [RO]; OOB eno7np0:192.168.50.193<0>
MOC-R4PCC04U05:77063:77106 [2] NCCL INFO PROFILER/Plugin: Could not find: libnccl-profiler.so. 
MOC-R4PCC04U05:77063:77106 [2] NCCL INFO Using network IB
MOC-R4PCC04U05:77062:77105 [1] NCCL INFO NET/IB : Using [0]mlx5_5:1/RoCE [RO]; OOB eno7np0:192.168.50.193<0>
MOC-R4PCC04U05:77062:77105 [1] NCCL INFO PROFILER/Plugin: Could not find: libnccl-profiler.so. 
MOC-R4PCC04U05:77062:77105 [1] NCCL INFO Using network IB
MOC-R4PCC04U05:77064:77107 [3] NCCL INFO NET/IB : Using [0]mlx5_5:1/RoCE [RO]; OOB eno7np0:192.168.50.193<0>
MOC-R4PCC04U05:77064:77107 [3] NCCL INFO PROFILER/Plugin: Could not find: libnccl-profiler.so. 
MOC-R4PCC04U05:77064:77107 [3] NCCL INFO Using network IB
MOC-R4PCC04U05:77063:77106 [2] NCCL INFO DMA-BUF is available on GPU device 2
MOC-R4PCC04U05:77062:77105 [1] NCCL INFO DMA-BUF is available on GPU device 1
MOC-R4PCC04U05:77064:77107 [3] NCCL INFO DMA-BUF is available on GPU device 3
MOC-R4PCC04U05:77063:77106 [2] NCCL INFO ncclCommInitRankConfig comm 0x55cec5f98e40 rank 2 nranks 12 cudaDev 2 nvmlDev 2 busId a6000 commId 0xf9167067dd0ba050 - Init START
MOC-R4PCC04U05:77062:77105 [1] NCCL INFO ncclCommInitRankConfig comm 0x560ff6b298f0 rank 1 nranks 12 cudaDev 1 nvmlDev 1 busId 26000 commId 0xf9167067dd0ba050 - Init START
MOC-R4PCC04U05:77062:77105 [1] NCCL INFO RAS client listening socket at ::1<28028>
MOC-R4PCC04U05:77064:77107 [3] NCCL INFO ncclCommInitRankConfig comm 0x556c7d8df250 rank 3 nranks 12 cudaDev 3 nvmlDev 3 busId c6000 commId 0xf9167067dd0ba050 - Init START
MOC-R4PCC04U05:77063:77106 [2] NCCL INFO RAS client listening socket at ::1<28028>
MOC-R4PCC04U05:77064:77107 [3] NCCL INFO RAS client listening socket at ::1<28028>
MOC-R4PCC04U05:77061:77103 [0] NCCL INFO RAS client listening socket at ::1<28028>
MOC-R4PCC04U05:77061:77103 [0] NCCL INFO Bootstrap timings total 2.293643 (create 0.000144, send 0.000251, recv 2.124954, ring 0.021813, delay 0.000001)
MOC-R4PCC04U05:77064:77107 [3] NCCL INFO Bootstrap timings total 0.129506 (create 0.000160, send 0.000267, recv 0.000506, ring 0.127201, delay 0.000001)
MOC-R4PCC04U05:77062:77105 [1] NCCL INFO Bootstrap timings total 0.169305 (create 0.000151, send 0.000261, recv 0.000556, ring 0.166927, delay 0.000001)
MOC-R4PCC04U05:77063:77106 [2] NCCL INFO Bootstrap timings total 0.169313 (create 0.000152, send 0.000261, recv 0.040197, ring 0.127375, delay 0.000001)
MOC-R4PCC04U05:77062:77105 [1] NCCL INFO Setting affinity for GPU 1 to ffffffff,ffffffff,ffffffff,ffffffff,00000000,00000000,00000000,00000000,ffffffff,ffffffff,ffffffff,ffffffff
MOC-R4PCC04U05:77062:77105 [1] NCCL INFO NVLS multicast support is not available on dev 1
MOC-R4PCC04U05:77061:77103 [0] NCCL INFO Setting affinity for GPU 0 to ffffffff,ffffffff,ffffffff,ffffffff,00000000,00000000,00000000,00000000,ffffffff,ffffffff,ffffffff,ffffffff
MOC-R4PCC04U05:77061:77103 [0] NCCL INFO NVLS multicast support is not available on dev 0
MOC-R4PCC04U05:77063:77106 [2] NCCL INFO Setting affinity for GPU 2 to ffffffff,ffffffff,ffffffff,ffffffff,00000000,00000000,00000000,00000000,ffffffff,ffffffff,ffffffff,ffffffff,00000000,00000000,00000000,00000000
MOC-R4PCC04U05:77063:77106 [2] NCCL INFO NVLS multicast support is not available on dev 2
MOC-R4PCC04U05:77064:77107 [3] NCCL INFO Setting affinity for GPU 3 to ffffffff,ffffffff,ffffffff,ffffffff,00000000,00000000,00000000,00000000,ffffffff,ffffffff,ffffffff,ffffffff,00000000,00000000,00000000,00000000
MOC-R4PCC04U05:77064:77107 [3] NCCL INFO NVLS multicast support is not available on dev 3
MOC-R4PCC04U05:77062:77105 [1] NCCL INFO comm 0x560ff6b298f0 rank 1 nRanks 12 nNodes 3 localRanks 4 localRank 1 MNNVL 0
MOC-R4PCC04U05:77064:77107 [3] NCCL INFO comm 0x556c7d8df250 rank 3 nRanks 12 nNodes 3 localRanks 4 localRank 3 MNNVL 0
MOC-R4PCC04U05:77063:77106 [2] NCCL INFO comm 0x55cec5f98e40 rank 2 nRanks 12 nNodes 3 localRanks 4 localRank 2 MNNVL 0
MOC-R4PCC04U05:77061:77103 [0] NCCL INFO comm 0x556430c7c1c0 rank 0 nRanks 12 nNodes 3 localRanks 4 localRank 0 MNNVL 0
MOC-R4PCC04U05:77064:77107 [3] NCCL INFO Trees [0] 0/-1/-1->3->2 [1] 0/-1/-1->3->2 [2] 0/-1/-1->3->2 [3] 0/-1/-1->3->2
MOC-R4PCC04U05:77064:77107 [3] NCCL INFO P2P Chunksize set to 131072
MOC-R4PCC04U05:77063:77106 [2] NCCL INFO Trees [0] 3/10/-1->2->-1 [1] 3/10/-1->2->-1 [2] 3/10/-1->2->6 [3] 3/10/-1->2->6
MOC-R4PCC04U05:77063:77106 [2] NCCL INFO P2P Chunksize set to 131072
MOC-R4PCC04U05:77062:77105 [1] NCCL INFO Trees [0] -1/-1/-1->1->0 [1] -1/-1/-1->1->0 [2] -1/-1/-1->1->0 [3] -1/-1/-1->1->0
MOC-R4PCC04U05:77062:77105 [1] NCCL INFO P2P Chunksize set to 131072
MOC-R4PCC04U05:77061:77103 [0] NCCL INFO Channel 00/04 :  0  3  6  5  4  7 10  9  8 11  2  1
MOC-R4PCC04U05:77061:77103 [0] NCCL INFO Channel 01/04 :  0  3  6  5  4  7 10  9  8 11  2  1
MOC-R4PCC04U05:77061:77103 [0] NCCL INFO Channel 02/04 :  0  3  6  5  4  7 10  9  8 11  2  1
MOC-R4PCC04U05:77061:77103 [0] NCCL INFO Channel 03/04 :  0  3  6  5  4  7 10  9  8 11  2  1
MOC-R4PCC04U05:77061:77103 [0] NCCL INFO Trees [0] 1/-1/-1->0->3 [1] 1/-1/-1->0->3 [2] 1/-1/-1->0->3 [3] 1/-1/-1->0->3
MOC-R4PCC04U05:77061:77103 [0] NCCL INFO P2P Chunksize set to 131072
MOC-R4PCC04U05:77061:77103 [0] NCCL INFO Check P2P Type intraNodeP2pSupport 1 directMode 0
MOC-R4PCC04U05:77061:77121 [0] NCCL INFO [Proxy Service] Device 0 CPU core 15
MOC-R4PCC04U05:77064:77120 [3] NCCL INFO [Proxy Service] Device 3 CPU core 184
MOC-R4PCC04U05:77063:77119 [2] NCCL INFO [Proxy Service] Device 2 CPU core 447
MOC-R4PCC04U05:77061:77125 [0] NCCL INFO [Proxy Service UDS] Device 0 CPU core 31
MOC-R4PCC04U05:77063:77122 [2] NCCL INFO [Proxy Service UDS] Device 2 CPU core 455
MOC-R4PCC04U05:77064:77123 [3] NCCL INFO [Proxy Service UDS] Device 3 CPU core 454
MOC-R4PCC04U05:77062:77126 [1] NCCL INFO [Proxy Service UDS] Device 1 CPU core 290
MOC-R4PCC04U05:77062:77124 [1] NCCL INFO [Proxy Service] Device 1 CPU core 274
MOC-R4PCC04U05:77063:77106 [2] NCCL INFO threadThresholds 8/8/64 | 96/8/64 | 512 | 512
MOC-R4PCC04U05:77063:77106 [2] NCCL INFO 4 coll channels, 4 collnet channels, 0 nvls channels, 4 p2p channels, 1 p2p channels per peer
MOC-R4PCC04U05:77062:77105 [1] NCCL INFO threadThresholds 8/8/64 | 96/8/64 | 512 | 512
MOC-R4PCC04U05:77062:77105 [1] NCCL INFO 4 coll channels, 4 collnet channels, 0 nvls channels, 4 p2p channels, 1 p2p channels per peer
MOC-R4PCC04U05:77064:77107 [3] NCCL INFO threadThresholds 8/8/64 | 96/8/64 | 512 | 512
MOC-R4PCC04U05:77061:77103 [0] NCCL INFO threadThresholds 8/8/64 | 96/8/64 | 512 | 512
MOC-R4PCC04U05:77064:77107 [3] NCCL INFO 4 coll channels, 4 collnet channels, 0 nvls channels, 4 p2p channels, 1 p2p channels per peer
MOC-R4PCC04U05:77061:77103 [0] NCCL INFO 4 coll channels, 4 collnet channels, 0 nvls channels, 4 p2p channels, 1 p2p channels per peer
MOC-R4PCC04U05:77061:77103 [0] NCCL INFO CC Off, workFifoBytes 1048576
MOC-R4PCC04U05:77064:77107 [3] NCCL INFO TUNER/Plugin: Could not find: libnccl-tuner.so. Using internal tuner plugin.
MOC-R4PCC04U05:77064:77107 [3] NCCL INFO ncclCommInitRankConfig comm 0x556c7d8df250 rank 3 nranks 12 cudaDev 3 nvmlDev 3 busId c6000 commId 0xf9167067dd0ba050 - Init COMPLETE
MOC-R4PCC04U05:77064:77107 [3] NCCL INFO Init timings - ncclCommInitRankConfig: rank 3 nranks 12 total 3.39 (kernels 0.31, alloc 1.82, bootstrap 0.13, allgathers 0.04, topo 1.05, graphs 0.00, connections 0.03, rest 0.00)
MOC-R4PCC04U05:77063:77106 [2] NCCL INFO TUNER/Plugin: Could not find: libnccl-tuner.so. Using internal tuner plugin.
MOC-R4PCC04U05:77063:77106 [2] NCCL INFO ncclCommInitRankConfig comm 0x55cec5f98e40 rank 2 nranks 12 cudaDev 2 nvmlDev 2 busId a6000 commId 0xf9167067dd0ba050 - Init COMPLETE
MOC-R4PCC04U05:77063:77106 [2] NCCL INFO Init timings - ncclCommInitRankConfig: rank 2 nranks 12 total 3.41 (kernels 0.32, alloc 1.80, bootstrap 0.17, allgathers 0.04, topo 1.05, graphs 0.00, connections 0.02, rest 0.01)
MOC-R4PCC04U05:77062:77105 [1] NCCL INFO TUNER/Plugin: Could not find: libnccl-tuner.so. Using internal tuner plugin.
MOC-R4PCC04U05:77062:77105 [1] NCCL INFO ncclCommInitRankConfig comm 0x560ff6b298f0 rank 1 nranks 12 cudaDev 1 nvmlDev 1 busId 26000 commId 0xf9167067dd0ba050 - Init COMPLETE
MOC-R4PCC04U05:77062:77105 [1] NCCL INFO Init timings - ncclCommInitRankConfig: rank 1 nranks 12 total 3.41 (kernels 0.32, alloc 1.80, bootstrap 0.17, allgathers 0.04, topo 1.05, graphs 0.00, connections 0.02, rest 0.01)
MOC-R4PCC04U05:77061:77103 [0] NCCL INFO TUNER/Plugin: Could not find: libnccl-tuner.so. Using internal tuner plugin.
MOC-R4PCC04U05:77061:77103 [0] NCCL INFO ncclCommInitRankConfig comm 0x556430c7c1c0 rank 0 nranks 12 cudaDev 0 nvmlDev 0 busId 6000 commId 0xf9167067dd0ba050 - Init COMPLETE
MOC-R4PCC04U05:77061:77103 [0] NCCL INFO Init timings - ncclCommInitRankConfig: rank 0 nranks 12 total 4.43 (kernels 0.32, alloc 0.69, bootstrap 2.29, allgathers 0.04, topo 1.05, graphs 0.00, connections 0.03, rest 0.00)
MOC-R4PCC04U05:77061:77128 [0] NCCL INFO Channel 00/0 : 0[0] -> 3[3] via P2P/CUMEM
MOC-R4PCC04U05:77061:77128 [0] NCCL INFO Channel 01/0 : 0[0] -> 3[3] via P2P/CUMEM
MOC-R4PCC04U05:77061:77128 [0] NCCL INFO Channel 02/0 : 0[0] -> 3[3] via P2P/CUMEM
MOC-R4PCC04U05:77061:77128 [0] NCCL INFO Channel 03/0 : 0[0] -> 3[3] via P2P/CUMEM
MOC-R4PCC04U05:77062:77129 [1] NCCL INFO Channel 00/0 : 1[1] -> 0[0] via P2P/CUMEM
MOC-R4PCC04U05:77063:77131 [2] NCCL INFO [Proxy Progress] Device 2 CPU core 231
MOC-R4PCC04U05:77063:77127 [2] NCCL INFO Channel 00/0 : 11[3] -> 2[2] [receive] via NET/IB/1/GDRDMA
MOC-R4PCC04U05:77063:77127 [2] NCCL INFO Channel 01/0 : 11[3] -> 2[2] [receive] via NET/IB/1/GDRDMA
MOC-R4PCC04U05:77063:77127 [2] NCCL INFO Channel 02/0 : 11[3] -> 2[2] [receive] via NET/IB/1/GDRDMA
MOC-R4PCC04U05:77063:77127 [2] NCCL INFO Channel 03/0 : 11[3] -> 2[2] [receive] via NET/IB/1/GDRDMA
MOC-R4PCC04U05:77062:77129 [1] NCCL INFO Channel 01/0 : 1[1] -> 0[0] via P2P/CUMEM
MOC-R4PCC04U05:77062:77129 [1] NCCL INFO Channel 02/0 : 1[1] -> 0[0] via P2P/CUMEM
MOC-R4PCC04U05:77062:77129 [1] NCCL INFO Channel 03/0 : 1[1] -> 0[0] via P2P/CUMEM
MOC-R4PCC04U05:77064:77130 [3] NCCL INFO Channel 00/0 : 3[3] -> 6[2] [send] via NET/IB/1(2)/GDRDMA
MOC-R4PCC04U05:77064:77130 [3] NCCL INFO Channel 01/0 : 3[3] -> 6[2] [send] via NET/IB/1(2)/GDRDMA
MOC-R4PCC04U05:77064:77130 [3] NCCL INFO Channel 02/0 : 3[3] -> 6[2] [send] via NET/IB/1(2)/GDRDMA
MOC-R4PCC04U05:77064:77130 [3] NCCL INFO Channel 03/0 : 3[3] -> 6[2] [send] via NET/IB/1(2)/GDRDMA
MOC-R4PCC04U05:77063:77127 [2] NCCL INFO Channel 00/0 : 2[2] -> 1[1] via P2P/CUMEM
MOC-R4PCC04U05:77063:77127 [2] NCCL INFO Channel 01/0 : 2[2] -> 1[1] via P2P/CUMEM
MOC-R4PCC04U05:77063:77127 [2] NCCL INFO Channel 02/0 : 2[2] -> 1[1] via P2P/CUMEM
MOC-R4PCC04U05:77063:77127 [2] NCCL INFO Channel 03/0 : 2[2] -> 1[1] via P2P/CUMEM
MOC-R4PCC04U05:77064:77130 [3] NCCL INFO Connected all rings, use ring PXN 1 GDR 1
MOC-R4PCC04U05:77063:77127 [2] NCCL INFO Connected all rings, use ring PXN 1 GDR 1
MOC-R4PCC04U05:77062:77129 [1] NCCL INFO Connected all rings, use ring PXN 1 GDR 1
MOC-R4PCC04U05:77061:77128 [0] NCCL INFO Connected all rings, use ring PXN 1 GDR 1
num decayed parameter tensors: 50, with 124,318,464 parameters
num non-decayed parameter tensors: 98, with 121,344 parameters
using fused AdamW: False
using regular AdamW
MOC-R4PCC04U05:77061:77820 [0] NCCL INFO Channel 00/0 : 0[0] -> 1[1] via P2P/CUMEM
MOC-R4PCC04U05:77061:77820 [0] NCCL INFO Channel 01/0 : 0[0] -> 1[1] via P2P/CUMEM
MOC-R4PCC04U05:77061:77820 [0] NCCL INFO Channel 02/0 : 0[0] -> 1[1] via P2P/CUMEM
MOC-R4PCC04U05:77061:77820 [0] NCCL INFO Channel 03/0 : 0[0] -> 1[1] via P2P/CUMEM
MOC-R4PCC04U05:77063:77821 [2] NCCL INFO Channel 00/0 : 2[2] -> 3[3] via P2P/CUMEM
MOC-R4PCC04U05:77063:77821 [2] NCCL INFO Channel 01/0 : 2[2] -> 3[3] via P2P/CUMEM
MOC-R4PCC04U05:77063:77821 [2] NCCL INFO Channel 02/0 : 2[2] -> 3[3] via P2P/CUMEM
MOC-R4PCC04U05:77063:77821 [2] NCCL INFO Channel 03/0 : 2[2] -> 3[3] via P2P/CUMEM
MOC-R4PCC04U05:77064:77823 [3] NCCL INFO Channel 00/0 : 3[3] -> 0[0] via P2P/CUMEM
MOC-R4PCC04U05:77063:77821 [2] NCCL INFO Channel 00/0 : 10[2] -> 2[2] [receive] via NET/IB/1/GDRDMA
MOC-R4PCC04U05:77064:77823 [3] NCCL INFO Channel 01/0 : 3[3] -> 0[0] via P2P/CUMEM
MOC-R4PCC04U05:77063:77821 [2] NCCL INFO Channel 01/0 : 10[2] -> 2[2] [receive] via NET/IB/1/GDRDMA
MOC-R4PCC04U05:77063:77821 [2] NCCL INFO Channel 02/0 : 10[2] -> 2[2] [receive] via NET/IB/1/GDRDMA
MOC-R4PCC04U05:77063:77821 [2] NCCL INFO Channel 03/0 : 10[2] -> 2[2] [receive] via NET/IB/1/GDRDMA
MOC-R4PCC04U05:77064:77823 [3] NCCL INFO Channel 02/0 : 3[3] -> 0[0] via P2P/CUMEM
MOC-R4PCC04U05:77063:77821 [2] NCCL INFO Channel 02/0 : 2[2] -> 6[2] [send] via NET/IB/1/GDRDMA
MOC-R4PCC04U05:77063:77821 [2] NCCL INFO Channel 03/0 : 2[2] -> 6[2] [send] via NET/IB/1/GDRDMA
MOC-R4PCC04U05:77064:77823 [3] NCCL INFO Channel 03/0 : 3[3] -> 0[0] via P2P/CUMEM
MOC-R4PCC04U05:77063:77821 [2] NCCL INFO Channel 02/0 : 6[2] -> 2[2] [receive] via NET/IB/1/GDRDMA
MOC-R4PCC04U05:77063:77821 [2] NCCL INFO Channel 03/0 : 6[2] -> 2[2] [receive] via NET/IB/1/GDRDMA
MOC-R4PCC04U05:77063:77821 [2] NCCL INFO Channel 00/0 : 2[2] -> 10[2] [send] via NET/IB/1/GDRDMA
MOC-R4PCC04U05:77063:77821 [2] NCCL INFO Channel 01/0 : 2[2] -> 10[2] [send] via NET/IB/1/GDRDMA
MOC-R4PCC04U05:77063:77821 [2] NCCL INFO Channel 02/0 : 2[2] -> 10[2] [send] via NET/IB/1/GDRDMA
MOC-R4PCC04U05:77063:77821 [2] NCCL INFO Channel 03/0 : 2[2] -> 10[2] [send] via NET/IB/1/GDRDMA
MOC-R4PCC04U05:77064:77823 [3] NCCL INFO Channel 00/0 : 3[3] -> 2[2] via P2P/CUMEM
MOC-R4PCC04U05:77064:77823 [3] NCCL INFO Channel 01/0 : 3[3] -> 2[2] via P2P/CUMEM
MOC-R4PCC04U05:77064:77823 [3] NCCL INFO Channel 02/0 : 3[3] -> 2[2] via P2P/CUMEM
MOC-R4PCC04U05:77064:77823 [3] NCCL INFO Channel 03/0 : 3[3] -> 2[2] via P2P/CUMEM
MOC-R4PCC04U05:77062:77822 [1] NCCL INFO Connected all trees
MOC-R4PCC04U05:77061:77820 [0] NCCL INFO Connected all trees
MOC-R4PCC04U05:77064:77823 [3] NCCL INFO Connected all trees
MOC-R4PCC04U05:77063:77821 [2] NCCL INFO Connected all trees
step    1/10 | train loss 11.010138 | norm 15.3935 | lr 1.00e-04 | (13799.98 ms | 113976 tok/s)
step    2/10 | train loss 10.136945 | norm 5.7599 | lr 1.00e-04 | (381.34 ms | 4124543 tok/s)
step    3/10 | train loss 9.795642 | norm 2.6109 | lr 1.00e-04 | (376.61 ms | 4176336 tok/s)
step    4/10 | train loss 9.625735 | norm 2.1127 | lr 1.00e-04 | (374.11 ms | 4204285 tok/s)
step    5/10 | train loss 9.542715 | norm 2.1073 | lr 1.00e-04 | (372.60 ms | 4221279 tok/s)
step    6/10 | train loss 9.461398 | norm 1.9982 | lr 1.00e-04 | (371.10 ms | 4238433 tok/s)
step    7/10 | train loss 9.375809 | norm 1.9481 | lr 1.00e-04 | (372.92 ms | 4217733 tok/s)
step    8/10 | train loss 9.284138 | norm 1.9149 | lr 1.00e-04 | (372.16 ms | 4226323 tok/s)
step    9/10 | train loss 9.188795 | norm 1.8598 | lr 1.00e-04 | (373.34 ms | 4212922 tok/s)
step   10/10 | train loss 9.103306 | norm 1.7929 | lr 1.00e-04 | (375.73 ms | 4186163 tok/s)
final 9 iters avg: 374.435ms
peak memory consumption: 16601 MiB
MOC-R4PCC04U05:77062:77829 [1] NCCL INFO comm 0x560ff6b298f0 rank 1 nranks 12 cudaDev 1 busId 26000 - Destroy COMPLETE
MOC-R4PCC04U05:77061:77830 [0] NCCL INFO comm 0x556430c7c1c0 rank 0 nranks 12 cudaDev 0 busId 6000 - Destroy COMPLETE
MOC-R4PCC04U05:77064:77831 [3] NCCL INFO comm 0x556c7d8df250 rank 3 nranks 12 cudaDev 3 busId c6000 - Destroy COMPLETE
MOC-R4PCC04U05:77063:77828 [2] NCCL INFO comm 0x55cec5f98e40 rank 2 nranks 12 cudaDev 2 busId a6000 - Destroy COMPLETE
