Running pytorch 2.7.0+cu126
using device: cuda:0
total desired batch size: 1310720
=> calculated gradient accumulation steps: 5
using device: cuda:2
using device: cuda:1
using device: cuda:3
compiling the model...
DataLoader: total number of tokens: 1,661,249,667 across 103 files
MOC-R4PCC04U05:258844:258844 [0] NCCL INFO NCCL_SOCKET_IFNAME set by environment to eno7np0
MOC-R4PCC04U05:258844:258844 [0] NCCL INFO Bootstrap: Using eno7np0:192.168.50.193<0>
MOC-R4PCC04U05:258844:258844 [0] NCCL INFO cudaDriverVersion 12040
MOC-R4PCC04U05:258844:258844 [0] NCCL INFO NCCL version 2.26.2+cuda12.2
MOC-R4PCC04U05:258844:258844 [0] NCCL INFO Comm config Blocking set to 1
MOC-R4PCC04U05:258846:258846 [2] NCCL INFO cudaDriverVersion 12040
MOC-R4PCC04U05:258846:258846 [2] NCCL INFO NCCL_SOCKET_IFNAME set by environment to eno7np0
MOC-R4PCC04U05:258846:258846 [2] NCCL INFO Bootstrap: Using eno7np0:192.168.50.193<0>
MOC-R4PCC04U05:258846:258846 [2] NCCL INFO NCCL version 2.26.2+cuda12.2
MOC-R4PCC04U05:258846:258846 [2] NCCL INFO Comm config Blocking set to 1
MOC-R4PCC04U05:258844:258889 [0] NCCL INFO NET/Plugin: Could not find: libnccl-net.so. Using internal net plugin.
MOC-R4PCC04U05:258844:258889 [0] NCCL INFO NCCL_IB_DISABLE set by environment to 0.
MOC-R4PCC04U05:258844:258889 [0] NCCL INFO NCCL_SOCKET_IFNAME set by environment to eno7np0
MOC-R4PCC04U05:258847:258847 [3] NCCL INFO cudaDriverVersion 12040
MOC-R4PCC04U05:258847:258847 [3] NCCL INFO NCCL_SOCKET_IFNAME set by environment to eno7np0
MOC-R4PCC04U05:258844:258889 [0] NCCL INFO NCCL_IB_HCA set to mlx5_5
MOC-R4PCC04U05:258847:258847 [3] NCCL INFO Bootstrap: Using eno7np0:192.168.50.193<0>
MOC-R4PCC04U05:258847:258847 [3] NCCL INFO NCCL version 2.26.2+cuda12.2
MOC-R4PCC04U05:258847:258847 [3] NCCL INFO Comm config Blocking set to 1
MOC-R4PCC04U05:258844:258889 [0] NCCL INFO NET/IB : Using [0]mlx5_5:1/RoCE [RO]; OOB eno7np0:192.168.50.193<0>
MOC-R4PCC04U05:258844:258889 [0] NCCL INFO PROFILER/Plugin: Could not find: libnccl-profiler.so. 
MOC-R4PCC04U05:258844:258889 [0] NCCL INFO Using network IB
MOC-R4PCC04U05:258844:258889 [0] NCCL INFO DMA-BUF is available on GPU device 0
MOC-R4PCC04U05:258844:258889 [0] NCCL INFO ncclCommInitRankConfig comm 0x562615ebb120 rank 0 nranks 8 cudaDev 0 nvmlDev 0 busId 6000 commId 0x6d75eea7768eb478 - Init START
MOC-R4PCC04U05:258845:258845 [1] NCCL INFO cudaDriverVersion 12040
MOC-R4PCC04U05:258845:258845 [1] NCCL INFO NCCL_SOCKET_IFNAME set by environment to eno7np0
MOC-R4PCC04U05:258845:258845 [1] NCCL INFO Bootstrap: Using eno7np0:192.168.50.193<0>
MOC-R4PCC04U05:258845:258845 [1] NCCL INFO NCCL version 2.26.2+cuda12.2
MOC-R4PCC04U05:258845:258845 [1] NCCL INFO Comm config Blocking set to 1
MOC-R4PCC04U05:258846:258890 [2] NCCL INFO NET/Plugin: Could not find: libnccl-net.so. Using internal net plugin.
MOC-R4PCC04U05:258846:258890 [2] NCCL INFO NCCL_IB_DISABLE set by environment to 0.
MOC-R4PCC04U05:258846:258890 [2] NCCL INFO NCCL_SOCKET_IFNAME set by environment to eno7np0
MOC-R4PCC04U05:258846:258890 [2] NCCL INFO NCCL_IB_HCA set to mlx5_5
MOC-R4PCC04U05:258847:258891 [3] NCCL INFO NET/Plugin: Could not find: libnccl-net.so. Using internal net plugin.
MOC-R4PCC04U05:258847:258891 [3] NCCL INFO NCCL_IB_DISABLE set by environment to 0.
MOC-R4PCC04U05:258847:258891 [3] NCCL INFO NCCL_SOCKET_IFNAME set by environment to eno7np0
MOC-R4PCC04U05:258847:258891 [3] NCCL INFO NCCL_IB_HCA set to mlx5_5
MOC-R4PCC04U05:258846:258890 [2] NCCL INFO NET/IB : Using [0]mlx5_5:1/RoCE [RO]; OOB eno7np0:192.168.50.193<0>
MOC-R4PCC04U05:258846:258890 [2] NCCL INFO PROFILER/Plugin: Could not find: libnccl-profiler.so. 
MOC-R4PCC04U05:258846:258890 [2] NCCL INFO Using network IB
MOC-R4PCC04U05:258847:258891 [3] NCCL INFO NET/IB : Using [0]mlx5_5:1/RoCE [RO]; OOB eno7np0:192.168.50.193<0>
MOC-R4PCC04U05:258847:258891 [3] NCCL INFO PROFILER/Plugin: Could not find: libnccl-profiler.so. 
MOC-R4PCC04U05:258847:258891 [3] NCCL INFO Using network IB
MOC-R4PCC04U05:258846:258890 [2] NCCL INFO DMA-BUF is available on GPU device 2
MOC-R4PCC04U05:258847:258891 [3] NCCL INFO DMA-BUF is available on GPU device 3
MOC-R4PCC04U05:258846:258890 [2] NCCL INFO ncclCommInitRankConfig comm 0x558d37018040 rank 2 nranks 8 cudaDev 2 nvmlDev 2 busId a6000 commId 0x6d75eea7768eb478 - Init START
MOC-R4PCC04U05:258847:258891 [3] NCCL INFO ncclCommInitRankConfig comm 0x55c2ff6dc980 rank 3 nranks 8 cudaDev 3 nvmlDev 3 busId c6000 commId 0x6d75eea7768eb478 - Init START
MOC-R4PCC04U05:258847:258891 [3] NCCL INFO RAS client listening socket at ::1<28028>
MOC-R4PCC04U05:258845:258893 [1] NCCL INFO NET/Plugin: Could not find: libnccl-net.so. Using internal net plugin.
MOC-R4PCC04U05:258845:258893 [1] NCCL INFO NCCL_IB_DISABLE set by environment to 0.
MOC-R4PCC04U05:258845:258893 [1] NCCL INFO NCCL_SOCKET_IFNAME set by environment to eno7np0
MOC-R4PCC04U05:258845:258893 [1] NCCL INFO NCCL_IB_HCA set to mlx5_5
MOC-R4PCC04U05:258845:258893 [1] NCCL INFO NET/IB : Using [0]mlx5_5:1/RoCE [RO]; OOB eno7np0:192.168.50.193<0>
MOC-R4PCC04U05:258845:258893 [1] NCCL INFO PROFILER/Plugin: Could not find: libnccl-profiler.so. 
MOC-R4PCC04U05:258845:258893 [1] NCCL INFO Using network IB
MOC-R4PCC04U05:258845:258893 [1] NCCL INFO DMA-BUF is available on GPU device 1
MOC-R4PCC04U05:258845:258893 [1] NCCL INFO ncclCommInitRankConfig comm 0x560089bd9c30 rank 1 nranks 8 cudaDev 1 nvmlDev 1 busId 26000 commId 0x6d75eea7768eb478 - Init START
MOC-R4PCC04U05:258845:258893 [1] NCCL INFO RAS client listening socket at ::1<28028>
MOC-R4PCC04U05:258846:258890 [2] NCCL INFO RAS client listening socket at ::1<28028>
MOC-R4PCC04U05:258844:258889 [0] NCCL INFO RAS client listening socket at ::1<28028>
MOC-R4PCC04U05:258844:258889 [0] NCCL INFO Bootstrap timings total 2.208066 (create 0.000144, send 0.000492, recv 2.180923, ring 0.000958, delay 0.000001)
MOC-R4PCC04U05:258845:258893 [1] NCCL INFO Bootstrap timings total 0.027391 (create 0.000092, send 0.000237, recv 0.000499, ring 0.025333, delay 0.000000)
MOC-R4PCC04U05:258846:258890 [2] NCCL INFO Bootstrap timings total 0.827986 (create 0.000153, send 0.000342, recv 0.001085, ring 0.025251, delay 0.000001)
MOC-R4PCC04U05:258847:258891 [3] NCCL INFO Bootstrap timings total 0.827374 (create 0.000147, send 0.000321, recv 0.000572, ring 0.825010, delay 0.000001)
MOC-R4PCC04U05:258845:258893 [1] NCCL INFO Setting affinity for GPU 1 to ffffffff,ffffffff,ffffffff,ffffffff,00000000,00000000,00000000,00000000,ffffffff,ffffffff,ffffffff,ffffffff
MOC-R4PCC04U05:258845:258893 [1] NCCL INFO NVLS multicast support is not available on dev 1
MOC-R4PCC04U05:258844:258889 [0] NCCL INFO Setting affinity for GPU 0 to ffffffff,ffffffff,ffffffff,ffffffff,00000000,00000000,00000000,00000000,ffffffff,ffffffff,ffffffff,ffffffff
MOC-R4PCC04U05:258844:258889 [0] NCCL INFO NVLS multicast support is not available on dev 0
MOC-R4PCC04U05:258846:258890 [2] NCCL INFO Setting affinity for GPU 2 to ffffffff,ffffffff,ffffffff,ffffffff,00000000,00000000,00000000,00000000,ffffffff,ffffffff,ffffffff,ffffffff,00000000,00000000,00000000,00000000
MOC-R4PCC04U05:258846:258890 [2] NCCL INFO NVLS multicast support is not available on dev 2
MOC-R4PCC04U05:258847:258891 [3] NCCL INFO Setting affinity for GPU 3 to ffffffff,ffffffff,ffffffff,ffffffff,00000000,00000000,00000000,00000000,ffffffff,ffffffff,ffffffff,ffffffff,00000000,00000000,00000000,00000000
MOC-R4PCC04U05:258847:258891 [3] NCCL INFO NVLS multicast support is not available on dev 3
MOC-R4PCC04U05:258844:258889 [0] NCCL INFO comm 0x562615ebb120 rank 0 nRanks 8 nNodes 2 localRanks 4 localRank 0 MNNVL 0
MOC-R4PCC04U05:258847:258891 [3] NCCL INFO comm 0x55c2ff6dc980 rank 3 nRanks 8 nNodes 2 localRanks 4 localRank 3 MNNVL 0
MOC-R4PCC04U05:258846:258890 [2] NCCL INFO comm 0x558d37018040 rank 2 nRanks 8 nNodes 2 localRanks 4 localRank 2 MNNVL 0
MOC-R4PCC04U05:258845:258893 [1] NCCL INFO comm 0x560089bd9c30 rank 1 nRanks 8 nNodes 2 localRanks 4 localRank 1 MNNVL 0
MOC-R4PCC04U05:258847:258891 [3] NCCL INFO Trees [0] 0/-1/-1->3->2 [1] 0/-1/-1->3->2 [2] 0/-1/-1->3->2 [3] 0/-1/-1->3->2
MOC-R4PCC04U05:258847:258891 [3] NCCL INFO P2P Chunksize set to 131072
MOC-R4PCC04U05:258846:258890 [2] NCCL INFO Trees [0] 3/6/-1->2->-1 [1] 3/6/-1->2->-1 [2] 3/-1/-1->2->6 [3] 3/-1/-1->2->6
MOC-R4PCC04U05:258845:258893 [1] NCCL INFO Trees [0] -1/-1/-1->1->0 [1] -1/-1/-1->1->0 [2] -1/-1/-1->1->0 [3] -1/-1/-1->1->0
MOC-R4PCC04U05:258844:258889 [0] NCCL INFO Channel 00/04 : 0 3 6 5 4 7 2 1
MOC-R4PCC04U05:258846:258890 [2] NCCL INFO P2P Chunksize set to 131072
MOC-R4PCC04U05:258845:258893 [1] NCCL INFO P2P Chunksize set to 131072
MOC-R4PCC04U05:258844:258889 [0] NCCL INFO Channel 01/04 : 0 3 6 5 4 7 2 1
MOC-R4PCC04U05:258844:258889 [0] NCCL INFO Channel 02/04 : 0 3 6 5 4 7 2 1
MOC-R4PCC04U05:258844:258889 [0] NCCL INFO Channel 03/04 : 0 3 6 5 4 7 2 1
MOC-R4PCC04U05:258844:258889 [0] NCCL INFO Trees [0] 1/-1/-1->0->3 [1] 1/-1/-1->0->3 [2] 1/-1/-1->0->3 [3] 1/-1/-1->0->3
MOC-R4PCC04U05:258844:258889 [0] NCCL INFO P2P Chunksize set to 131072
MOC-R4PCC04U05:258844:258889 [0] NCCL INFO Check P2P Type intraNodeP2pSupport 1 directMode 0
MOC-R4PCC04U05:258847:258909 [3] NCCL INFO [Proxy Service] Device 3 CPU core 433
MOC-R4PCC04U05:258845:258911 [1] NCCL INFO [Proxy Service] Device 1 CPU core 24
MOC-R4PCC04U05:258846:258910 [2] NCCL INFO [Proxy Service] Device 2 CPU core 447
MOC-R4PCC04U05:258845:258915 [1] NCCL INFO [Proxy Service UDS] Device 1 CPU core 303
MOC-R4PCC04U05:258844:258913 [0] NCCL INFO [Proxy Service] Device 0 CPU core 295
MOC-R4PCC04U05:258847:258912 [3] NCCL INFO [Proxy Service UDS] Device 3 CPU core 194
MOC-R4PCC04U05:258846:258914 [2] NCCL INFO [Proxy Service UDS] Device 2 CPU core 479
MOC-R4PCC04U05:258844:258916 [0] NCCL INFO [Proxy Service UDS] Device 0 CPU core 311
MOC-R4PCC04U05:258847:258891 [3] NCCL INFO threadThresholds 8/8/64 | 64/8/64 | 512 | 512
MOC-R4PCC04U05:258847:258891 [3] NCCL INFO 4 coll channels, 4 collnet channels, 0 nvls channels, 4 p2p channels, 2 p2p channels per peer
MOC-R4PCC04U05:258846:258890 [2] NCCL INFO threadThresholds 8/8/64 | 64/8/64 | 512 | 512
MOC-R4PCC04U05:258846:258890 [2] NCCL INFO 4 coll channels, 4 collnet channels, 0 nvls channels, 4 p2p channels, 2 p2p channels per peer
MOC-R4PCC04U05:258845:258893 [1] NCCL INFO threadThresholds 8/8/64 | 64/8/64 | 512 | 512
MOC-R4PCC04U05:258845:258893 [1] NCCL INFO 4 coll channels, 4 collnet channels, 0 nvls channels, 4 p2p channels, 2 p2p channels per peer
MOC-R4PCC04U05:258844:258889 [0] NCCL INFO threadThresholds 8/8/64 | 64/8/64 | 512 | 512
MOC-R4PCC04U05:258844:258889 [0] NCCL INFO 4 coll channels, 4 collnet channels, 0 nvls channels, 4 p2p channels, 2 p2p channels per peer
MOC-R4PCC04U05:258844:258889 [0] NCCL INFO CC Off, workFifoBytes 1048576
MOC-R4PCC04U05:258847:258891 [3] NCCL INFO TUNER/Plugin: Could not find: libnccl-tuner.so. Using internal tuner plugin.
MOC-R4PCC04U05:258845:258893 [1] NCCL INFO TUNER/Plugin: Could not find: libnccl-tuner.so. Using internal tuner plugin.
MOC-R4PCC04U05:258847:258891 [3] NCCL INFO ncclCommInitRankConfig comm 0x55c2ff6dc980 rank 3 nranks 8 cudaDev 3 nvmlDev 3 busId c6000 commId 0x6d75eea7768eb478 - Init COMPLETE
MOC-R4PCC04U05:258845:258893 [1] NCCL INFO ncclCommInitRankConfig comm 0x560089bd9c30 rank 1 nranks 8 cudaDev 1 nvmlDev 1 busId 26000 commId 0x6d75eea7768eb478 - Init COMPLETE
MOC-R4PCC04U05:258847:258891 [3] NCCL INFO Init timings - ncclCommInitRankConfig: rank 3 nranks 8 total 3.99 (kernels 0.84, alloc 1.21, bootstrap 0.83, allgathers 0.04, topo 0.76, graphs 0.00, connections 0.30, rest 0.01)
MOC-R4PCC04U05:258845:258893 [1] NCCL INFO Init timings - ncclCommInitRankConfig: rank 1 nranks 8 total 3.30 (kernels 1.38, alloc 0.79, bootstrap 0.03, allgathers 0.04, topo 0.75, graphs 0.00, connections 0.30, rest 0.01)
MOC-R4PCC04U05:258846:258890 [2] NCCL INFO TUNER/Plugin: Could not find: libnccl-tuner.so. Using internal tuner plugin.
MOC-R4PCC04U05:258846:258890 [2] NCCL INFO ncclCommInitRankConfig comm 0x558d37018040 rank 2 nranks 8 cudaDev 2 nvmlDev 2 busId a6000 commId 0x6d75eea7768eb478 - Init COMPLETE
MOC-R4PCC04U05:258844:258889 [0] NCCL INFO TUNER/Plugin: Could not find: libnccl-tuner.so. Using internal tuner plugin.
MOC-R4PCC04U05:258844:258889 [0] NCCL INFO ncclCommInitRankConfig comm 0x562615ebb120 rank 0 nranks 8 cudaDev 0 nvmlDev 0 busId 6000 commId 0x6d75eea7768eb478 - Init COMPLETE
MOC-R4PCC04U05:258846:258890 [2] NCCL INFO Init timings - ncclCommInitRankConfig: rank 2 nranks 8 total 4.01 (kernels 0.85, alloc 1.24, bootstrap 0.83, allgathers 0.04, topo 0.76, graphs 0.00, connections 0.30, rest 0.01)
MOC-R4PCC04U05:258844:258889 [0] NCCL INFO Init timings - ncclCommInitRankConfig: rank 0 nranks 8 total 4.32 (kernels 0.32, alloc 0.69, bootstrap 2.21, allgathers 0.04, topo 0.76, graphs 0.00, connections 0.30, rest 0.00)
MOC-R4PCC04U05:258844:258917 [0] NCCL INFO Channel 00/0 : 0[0] -> 3[3] via P2P/CUMEM
MOC-R4PCC04U05:258844:258917 [0] NCCL INFO Channel 01/0 : 0[0] -> 3[3] via P2P/CUMEM
MOC-R4PCC04U05:258844:258917 [0] NCCL INFO Channel 02/0 : 0[0] -> 3[3] via P2P/CUMEM
MOC-R4PCC04U05:258844:258917 [0] NCCL INFO Channel 03/0 : 0[0] -> 3[3] via P2P/CUMEM
MOC-R4PCC04U05:258845:258919 [1] NCCL INFO Channel 00/0 : 1[1] -> 0[0] via P2P/CUMEM
MOC-R4PCC04U05:258845:258919 [1] NCCL INFO Channel 01/0 : 1[1] -> 0[0] via P2P/CUMEM
MOC-R4PCC04U05:258845:258919 [1] NCCL INFO Channel 02/0 : 1[1] -> 0[0] via P2P/CUMEM
MOC-R4PCC04U05:258845:258919 [1] NCCL INFO Channel 03/0 : 1[1] -> 0[0] via P2P/CUMEM
MOC-R4PCC04U05:258846:258921 [2] NCCL INFO [Proxy Progress] Device 2 CPU core 447
MOC-R4PCC04U05:258846:258920 [2] NCCL INFO Channel 00/0 : 7[3] -> 2[2] [receive] via NET/IB/1/GDRDMA
MOC-R4PCC04U05:258847:258918 [3] NCCL INFO Channel 00/0 : 3[3] -> 6[2] [send] via NET/IB/1(2)/GDRDMA
MOC-R4PCC04U05:258846:258920 [2] NCCL INFO Channel 01/0 : 7[3] -> 2[2] [receive] via NET/IB/1/GDRDMA
MOC-R4PCC04U05:258847:258918 [3] NCCL INFO Channel 01/0 : 3[3] -> 6[2] [send] via NET/IB/1(2)/GDRDMA
MOC-R4PCC04U05:258846:258920 [2] NCCL INFO Channel 02/0 : 7[3] -> 2[2] [receive] via NET/IB/1/GDRDMA
MOC-R4PCC04U05:258847:258918 [3] NCCL INFO Channel 02/0 : 3[3] -> 6[2] [send] via NET/IB/1(2)/GDRDMA
MOC-R4PCC04U05:258846:258920 [2] NCCL INFO Channel 03/0 : 7[3] -> 2[2] [receive] via NET/IB/1/GDRDMA
MOC-R4PCC04U05:258847:258918 [3] NCCL INFO Channel 03/0 : 3[3] -> 6[2] [send] via NET/IB/1(2)/GDRDMA
MOC-R4PCC04U05:258846:258920 [2] NCCL INFO Channel 00/0 : 2[2] -> 1[1] via P2P/CUMEM
MOC-R4PCC04U05:258846:258920 [2] NCCL INFO Channel 01/0 : 2[2] -> 1[1] via P2P/CUMEM
MOC-R4PCC04U05:258846:258920 [2] NCCL INFO Channel 02/0 : 2[2] -> 1[1] via P2P/CUMEM
MOC-R4PCC04U05:258846:258920 [2] NCCL INFO Channel 03/0 : 2[2] -> 1[1] via P2P/CUMEM
MOC-R4PCC04U05:258847:258918 [3] NCCL INFO Connected all rings, use ring PXN 1 GDR 1
MOC-R4PCC04U05:258845:258919 [1] NCCL INFO Connected all rings, use ring PXN 1 GDR 1
MOC-R4PCC04U05:258846:258920 [2] NCCL INFO Connected all rings, use ring PXN 1 GDR 1
MOC-R4PCC04U05:258844:258917 [0] NCCL INFO Connected all rings, use ring PXN 1 GDR 1
num decayed parameter tensors: 50, with 124,318,464 parameters
num non-decayed parameter tensors: 98, with 121,344 parameters
using fused AdamW: False
using regular AdamW
MOC-R4PCC04U05:258846:259615 [2] NCCL INFO Channel 00/0 : 2[2] -> 3[3] via P2P/CUMEM
MOC-R4PCC04U05:258846:259615 [2] NCCL INFO Channel 01/0 : 2[2] -> 3[3] via P2P/CUMEM
MOC-R4PCC04U05:258846:259615 [2] NCCL INFO Channel 02/0 : 2[2] -> 3[3] via P2P/CUMEM
MOC-R4PCC04U05:258846:259615 [2] NCCL INFO Channel 03/0 : 2[2] -> 3[3] via P2P/CUMEM
MOC-R4PCC04U05:258847:259614 [3] NCCL INFO Channel 00/0 : 3[3] -> 0[0] via P2P/CUMEM
MOC-R4PCC04U05:258846:259615 [2] NCCL INFO Channel 00/0 : 6[2] -> 2[2] [receive] via NET/IB/1/GDRDMA
MOC-R4PCC04U05:258847:259614 [3] NCCL INFO Channel 01/0 : 3[3] -> 0[0] via P2P/CUMEM
MOC-R4PCC04U05:258846:259615 [2] NCCL INFO Channel 01/0 : 6[2] -> 2[2] [receive] via NET/IB/1/GDRDMA
MOC-R4PCC04U05:258846:259615 [2] NCCL INFO Channel 02/0 : 6[2] -> 2[2] [receive] via NET/IB/1/GDRDMA
MOC-R4PCC04U05:258847:259614 [3] NCCL INFO Channel 02/0 : 3[3] -> 0[0] via P2P/CUMEM
MOC-R4PCC04U05:258846:259615 [2] NCCL INFO Channel 03/0 : 6[2] -> 2[2] [receive] via NET/IB/1/GDRDMA
MOC-R4PCC04U05:258846:259615 [2] NCCL INFO Channel 00/0 : 2[2] -> 6[2] [send] via NET/IB/1/GDRDMA
MOC-R4PCC04U05:258847:259614 [3] NCCL INFO Channel 03/0 : 3[3] -> 0[0] via P2P/CUMEM
MOC-R4PCC04U05:258846:259615 [2] NCCL INFO Channel 01/0 : 2[2] -> 6[2] [send] via NET/IB/1/GDRDMA
MOC-R4PCC04U05:258846:259615 [2] NCCL INFO Channel 02/0 : 2[2] -> 6[2] [send] via NET/IB/1/GDRDMA
MOC-R4PCC04U05:258846:259615 [2] NCCL INFO Channel 03/0 : 2[2] -> 6[2] [send] via NET/IB/1/GDRDMA
MOC-R4PCC04U05:258844:259617 [0] NCCL INFO Channel 00/0 : 0[0] -> 1[1] via P2P/CUMEM
MOC-R4PCC04U05:258844:259617 [0] NCCL INFO Channel 01/0 : 0[0] -> 1[1] via P2P/CUMEM
MOC-R4PCC04U05:258844:259617 [0] NCCL INFO Channel 02/0 : 0[0] -> 1[1] via P2P/CUMEM
MOC-R4PCC04U05:258844:259617 [0] NCCL INFO Channel 03/0 : 0[0] -> 1[1] via P2P/CUMEM
MOC-R4PCC04U05:258847:259614 [3] NCCL INFO Channel 00/0 : 3[3] -> 2[2] via P2P/CUMEM
MOC-R4PCC04U05:258847:259614 [3] NCCL INFO Channel 01/0 : 3[3] -> 2[2] via P2P/CUMEM
MOC-R4PCC04U05:258847:259614 [3] NCCL INFO Channel 02/0 : 3[3] -> 2[2] via P2P/CUMEM
MOC-R4PCC04U05:258847:259614 [3] NCCL INFO Channel 03/0 : 3[3] -> 2[2] via P2P/CUMEM
MOC-R4PCC04U05:258845:259616 [1] NCCL INFO Connected all trees
MOC-R4PCC04U05:258844:259617 [0] NCCL INFO Connected all trees
MOC-R4PCC04U05:258847:259614 [3] NCCL INFO Connected all trees
MOC-R4PCC04U05:258846:259615 [2] NCCL INFO Connected all trees
step    1/10 | train loss 11.010132 | norm 15.4557 | lr 1.00e-04 | (13963.01 ms | 93871 tok/s)
step    2/10 | train loss 10.134748 | norm 5.7681 | lr 1.00e-04 | (410.40 ms | 3193772 tok/s)
step    3/10 | train loss 9.792712 | norm 2.6181 | lr 1.00e-04 | (410.89 ms | 3189942 tok/s)
step    4/10 | train loss 9.622602 | norm 2.1198 | lr 1.00e-04 | (409.06 ms | 3204219 tok/s)
step    5/10 | train loss 9.539332 | norm 2.1125 | lr 1.00e-04 | (412.63 ms | 3176485 tok/s)
step    6/10 | train loss 9.457720 | norm 2.0030 | lr 1.00e-04 | (411.59 ms | 3184524 tok/s)
step    7/10 | train loss 9.371843 | norm 1.9529 | lr 1.00e-04 | (412.44 ms | 3177934 tok/s)
step    8/10 | train loss 9.279836 | norm 1.9192 | lr 1.00e-04 | (408.61 ms | 3207790 tok/s)
step    9/10 | train loss 9.184061 | norm 1.8637 | lr 1.00e-04 | (412.46 ms | 3177779 tok/s)
step   10/10 | train loss 9.097849 | norm 1.7989 | lr 1.00e-04 | (411.77 ms | 3183134 tok/s)
final 9 iters avg: 411.095ms
peak memory consumption: 16601 MiB
MOC-R4PCC04U05:258845:259622 [1] NCCL INFO comm 0x560089bd9c30 rank 1 nranks 8 cudaDev 1 busId 26000 - Destroy COMPLETE
MOC-R4PCC04U05:258844:259625 [0] NCCL INFO comm 0x562615ebb120 rank 0 nranks 8 cudaDev 0 busId 6000 - Destroy COMPLETE
MOC-R4PCC04U05:258847:259623 [3] NCCL INFO comm 0x55c2ff6dc980 rank 3 nranks 8 cudaDev 3 busId c6000 - Destroy COMPLETE
MOC-R4PCC04U05:258846:259624 [2] NCCL INFO comm 0x558d37018040 rank 2 nranks 8 cudaDev 2 busId a6000 - Destroy COMPLETE
