Running pytorch 2.7.0+cu126
using device: cuda:0
total desired batch size: 524288
=> calculated gradient accumulation steps: 1
using device: cuda:3
using device: cuda:2
using device: cuda:1
compiling the model...
DataLoader: total number of tokens: 1,661,249,667 across 103 files
MOC-R4PCC04U05:111005:111005 [0] NCCL INFO NCCL_SOCKET_IFNAME set by environment to eno7np0
MOC-R4PCC04U05:111005:111005 [0] NCCL INFO Bootstrap: Using eno7np0:192.168.50.193<0>
MOC-R4PCC04U05:111005:111005 [0] NCCL INFO cudaDriverVersion 12040
MOC-R4PCC04U05:111005:111005 [0] NCCL INFO NCCL version 2.26.2+cuda12.2
MOC-R4PCC04U05:111005:111005 [0] NCCL INFO Comm config Blocking set to 1
MOC-R4PCC04U05:111005:111046 [0] NCCL INFO NET/Plugin: Could not find: libnccl-net.so. Using internal net plugin.
MOC-R4PCC04U05:111005:111046 [0] NCCL INFO NCCL_IB_DISABLE set by environment to 0.
MOC-R4PCC04U05:111005:111046 [0] NCCL INFO NCCL_SOCKET_IFNAME set by environment to eno7np0
MOC-R4PCC04U05:111005:111046 [0] NCCL INFO NCCL_IB_HCA set to mlx5_5
MOC-R4PCC04U05:111007:111007 [2] NCCL INFO cudaDriverVersion 12040
MOC-R4PCC04U05:111007:111007 [2] NCCL INFO NCCL_SOCKET_IFNAME set by environment to eno7np0
MOC-R4PCC04U05:111007:111007 [2] NCCL INFO Bootstrap: Using eno7np0:192.168.50.193<0>
MOC-R4PCC04U05:111007:111007 [2] NCCL INFO NCCL version 2.26.2+cuda12.2
MOC-R4PCC04U05:111007:111007 [2] NCCL INFO Comm config Blocking set to 1
MOC-R4PCC04U05:111008:111008 [3] NCCL INFO cudaDriverVersion 12040
MOC-R4PCC04U05:111008:111008 [3] NCCL INFO NCCL_SOCKET_IFNAME set by environment to eno7np0
MOC-R4PCC04U05:111008:111008 [3] NCCL INFO Bootstrap: Using eno7np0:192.168.50.193<0>
MOC-R4PCC04U05:111008:111008 [3] NCCL INFO NCCL version 2.26.2+cuda12.2
MOC-R4PCC04U05:111005:111046 [0] NCCL INFO NET/IB : Using [0]mlx5_5:1/RoCE [RO]; OOB eno7np0:192.168.50.193<0>
MOC-R4PCC04U05:111005:111046 [0] NCCL INFO PROFILER/Plugin: Could not find: libnccl-profiler.so. 
MOC-R4PCC04U05:111005:111046 [0] NCCL INFO Using network IB
MOC-R4PCC04U05:111008:111008 [3] NCCL INFO Comm config Blocking set to 1
MOC-R4PCC04U05:111005:111046 [0] NCCL INFO DMA-BUF is available on GPU device 0
MOC-R4PCC04U05:111005:111046 [0] NCCL INFO ncclCommInitRankConfig comm 0x5580e6a30170 rank 0 nranks 16 cudaDev 0 nvmlDev 0 busId 6000 commId 0x1ae9c52dfed4ee02 - Init START
MOC-R4PCC04U05:111006:111006 [1] NCCL INFO cudaDriverVersion 12040
MOC-R4PCC04U05:111006:111006 [1] NCCL INFO NCCL_SOCKET_IFNAME set by environment to eno7np0
MOC-R4PCC04U05:111006:111006 [1] NCCL INFO Bootstrap: Using eno7np0:192.168.50.193<0>
MOC-R4PCC04U05:111006:111006 [1] NCCL INFO NCCL version 2.26.2+cuda12.2
MOC-R4PCC04U05:111006:111006 [1] NCCL INFO Comm config Blocking set to 1
MOC-R4PCC04U05:111007:111047 [2] NCCL INFO NET/Plugin: Could not find: libnccl-net.so. Using internal net plugin.
MOC-R4PCC04U05:111007:111047 [2] NCCL INFO NCCL_IB_DISABLE set by environment to 0.
MOC-R4PCC04U05:111007:111047 [2] NCCL INFO NCCL_SOCKET_IFNAME set by environment to eno7np0
MOC-R4PCC04U05:111007:111047 [2] NCCL INFO NCCL_IB_HCA set to mlx5_5
MOC-R4PCC04U05:111008:111049 [3] NCCL INFO NET/Plugin: Could not find: libnccl-net.so. Using internal net plugin.
MOC-R4PCC04U05:111008:111049 [3] NCCL INFO NCCL_IB_DISABLE set by environment to 0.
MOC-R4PCC04U05:111008:111049 [3] NCCL INFO NCCL_SOCKET_IFNAME set by environment to eno7np0
MOC-R4PCC04U05:111008:111049 [3] NCCL INFO NCCL_IB_HCA set to mlx5_5
MOC-R4PCC04U05:111007:111047 [2] NCCL INFO NET/IB : Using [0]mlx5_5:1/RoCE [RO]; OOB eno7np0:192.168.50.193<0>
MOC-R4PCC04U05:111007:111047 [2] NCCL INFO PROFILER/Plugin: Could not find: libnccl-profiler.so. 
MOC-R4PCC04U05:111007:111047 [2] NCCL INFO Using network IB
MOC-R4PCC04U05:111008:111049 [3] NCCL INFO NET/IB : Using [0]mlx5_5:1/RoCE [RO]; OOB eno7np0:192.168.50.193<0>
MOC-R4PCC04U05:111008:111049 [3] NCCL INFO PROFILER/Plugin: Could not find: libnccl-profiler.so. 
MOC-R4PCC04U05:111008:111049 [3] NCCL INFO Using network IB
MOC-R4PCC04U05:111007:111047 [2] NCCL INFO DMA-BUF is available on GPU device 2
MOC-R4PCC04U05:111008:111049 [3] NCCL INFO DMA-BUF is available on GPU device 3
MOC-R4PCC04U05:111007:111047 [2] NCCL INFO ncclCommInitRankConfig comm 0x563dd1f47870 rank 2 nranks 16 cudaDev 2 nvmlDev 2 busId a6000 commId 0x1ae9c52dfed4ee02 - Init START
MOC-R4PCC04U05:111008:111049 [3] NCCL INFO ncclCommInitRankConfig comm 0x560b34d3ca00 rank 3 nranks 16 cudaDev 3 nvmlDev 3 busId c6000 commId 0x1ae9c52dfed4ee02 - Init START
MOC-R4PCC04U05:111008:111049 [3] NCCL INFO RAS client listening socket at ::1<28028>
MOC-R4PCC04U05:111006:111050 [1] NCCL INFO NET/Plugin: Could not find: libnccl-net.so. Using internal net plugin.
MOC-R4PCC04U05:111006:111050 [1] NCCL INFO NCCL_IB_DISABLE set by environment to 0.
MOC-R4PCC04U05:111006:111050 [1] NCCL INFO NCCL_SOCKET_IFNAME set by environment to eno7np0
MOC-R4PCC04U05:111006:111050 [1] NCCL INFO NCCL_IB_HCA set to mlx5_5
MOC-R4PCC04U05:111006:111050 [1] NCCL INFO NET/IB : Using [0]mlx5_5:1/RoCE [RO]; OOB eno7np0:192.168.50.193<0>
MOC-R4PCC04U05:111006:111050 [1] NCCL INFO PROFILER/Plugin: Could not find: libnccl-profiler.so. 
MOC-R4PCC04U05:111006:111050 [1] NCCL INFO Using network IB
MOC-R4PCC04U05:111006:111050 [1] NCCL INFO DMA-BUF is available on GPU device 1
MOC-R4PCC04U05:111006:111050 [1] NCCL INFO ncclCommInitRankConfig comm 0x55e7db15a9c0 rank 1 nranks 16 cudaDev 1 nvmlDev 1 busId 26000 commId 0x1ae9c52dfed4ee02 - Init START
MOC-R4PCC04U05:111006:111050 [1] NCCL INFO RAS client listening socket at ::1<28028>
MOC-R4PCC04U05:111005:111046 [0] NCCL INFO RAS client listening socket at ::1<28028>
MOC-R4PCC04U05:111007:111047 [2] NCCL INFO RAS client listening socket at ::1<28028>
MOC-R4PCC04U05:111005:111046 [0] NCCL INFO Bootstrap timings total 2.414380 (create 0.000141, send 0.000437, recv 2.410386, ring 0.002085, delay 0.000000)
MOC-R4PCC04U05:111006:111050 [1] NCCL INFO Bootstrap timings total 0.004325 (create 0.000115, send 0.000234, recv 0.000429, ring 0.002532, delay 0.000000)
MOC-R4PCC04U05:111007:111047 [2] NCCL INFO Bootstrap timings total 0.973686 (create 0.000159, send 0.000268, recv 0.000575, ring 0.002191, delay 0.000001)
MOC-R4PCC04U05:111008:111049 [3] NCCL INFO Bootstrap timings total 0.973782 (create 0.000156, send 0.000261, recv 0.000355, ring 0.971577, delay 0.000000)
MOC-R4PCC04U05:111005:111046 [0] NCCL INFO Setting affinity for GPU 0 to ffffffff,ffffffff,ffffffff,ffffffff,00000000,00000000,00000000,00000000,ffffffff,ffffffff,ffffffff,ffffffff
MOC-R4PCC04U05:111005:111046 [0] NCCL INFO NVLS multicast support is not available on dev 0
MOC-R4PCC04U05:111006:111050 [1] NCCL INFO Setting affinity for GPU 1 to ffffffff,ffffffff,ffffffff,ffffffff,00000000,00000000,00000000,00000000,ffffffff,ffffffff,ffffffff,ffffffff
MOC-R4PCC04U05:111007:111047 [2] NCCL INFO Setting affinity for GPU 2 to ffffffff,ffffffff,ffffffff,ffffffff,00000000,00000000,00000000,00000000,ffffffff,ffffffff,ffffffff,ffffffff,00000000,00000000,00000000,00000000
MOC-R4PCC04U05:111006:111050 [1] NCCL INFO NVLS multicast support is not available on dev 1
MOC-R4PCC04U05:111007:111047 [2] NCCL INFO NVLS multicast support is not available on dev 2
MOC-R4PCC04U05:111008:111049 [3] NCCL INFO Setting affinity for GPU 3 to ffffffff,ffffffff,ffffffff,ffffffff,00000000,00000000,00000000,00000000,ffffffff,ffffffff,ffffffff,ffffffff,00000000,00000000,00000000,00000000
MOC-R4PCC04U05:111008:111049 [3] NCCL INFO NVLS multicast support is not available on dev 3
MOC-R4PCC04U05:111008:111049 [3] NCCL INFO comm 0x560b34d3ca00 rank 3 nRanks 16 nNodes 4 localRanks 4 localRank 3 MNNVL 0
MOC-R4PCC04U05:111007:111047 [2] NCCL INFO comm 0x563dd1f47870 rank 2 nRanks 16 nNodes 4 localRanks 4 localRank 2 MNNVL 0
MOC-R4PCC04U05:111006:111050 [1] NCCL INFO comm 0x55e7db15a9c0 rank 1 nRanks 16 nNodes 4 localRanks 4 localRank 1 MNNVL 0
MOC-R4PCC04U05:111005:111046 [0] NCCL INFO comm 0x5580e6a30170 rank 0 nRanks 16 nNodes 4 localRanks 4 localRank 0 MNNVL 0
MOC-R4PCC04U05:111008:111049 [3] NCCL INFO Trees [0] 0/-1/-1->3->2 [1] 0/-1/-1->3->2 [2] 0/-1/-1->3->2 [3] 0/-1/-1->3->2
MOC-R4PCC04U05:111008:111049 [3] NCCL INFO P2P Chunksize set to 131072
MOC-R4PCC04U05:111006:111050 [1] NCCL INFO Trees [0] -1/-1/-1->1->0 [1] -1/-1/-1->1->0 [2] -1/-1/-1->1->0 [3] -1/-1/-1->1->0
MOC-R4PCC04U05:111006:111050 [1] NCCL INFO P2P Chunksize set to 131072
MOC-R4PCC04U05:111007:111047 [2] NCCL INFO Trees [0] 3/10/-1->2->-1 [1] 3/10/-1->2->-1 [2] 3/-1/-1->2->6 [3] 3/-1/-1->2->6
MOC-R4PCC04U05:111007:111047 [2] NCCL INFO P2P Chunksize set to 131072
MOC-R4PCC04U05:111005:111046 [0] NCCL INFO Channel 00/04 :  0  3  6  5  4  7 10  9  8 11 14 13 12 15  2  1
MOC-R4PCC04U05:111005:111046 [0] NCCL INFO Channel 01/04 :  0  3  6  5  4  7 10  9  8 11 14 13 12 15  2  1
MOC-R4PCC04U05:111005:111046 [0] NCCL INFO Channel 02/04 :  0  3  6  5  4  7 10  9  8 11 14 13 12 15  2  1
MOC-R4PCC04U05:111005:111046 [0] NCCL INFO Channel 03/04 :  0  3  6  5  4  7 10  9  8 11 14 13 12 15  2  1
MOC-R4PCC04U05:111005:111046 [0] NCCL INFO Trees [0] 1/-1/-1->0->3 [1] 1/-1/-1->0->3 [2] 1/-1/-1->0->3 [3] 1/-1/-1->0->3
MOC-R4PCC04U05:111005:111046 [0] NCCL INFO P2P Chunksize set to 131072
MOC-R4PCC04U05:111005:111046 [0] NCCL INFO Check P2P Type intraNodeP2pSupport 1 directMode 0
MOC-R4PCC04U05:111006:111064 [1] NCCL INFO [Proxy Service UDS] Device 1 CPU core 18
MOC-R4PCC04U05:111006:111063 [1] NCCL INFO [Proxy Service] Device 1 CPU core 15
MOC-R4PCC04U05:111008:111062 [3] NCCL INFO [Proxy Service] Device 3 CPU core 456
MOC-R4PCC04U05:111005:111066 [0] NCCL INFO [Proxy Service] Device 0 CPU core 31
MOC-R4PCC04U05:111008:111067 [3] NCCL INFO [Proxy Service UDS] Device 3 CPU core 207
MOC-R4PCC04U05:111005:111068 [0] NCCL INFO [Proxy Service UDS] Device 0 CPU core 39
MOC-R4PCC04U05:111007:111065 [2] NCCL INFO [Proxy Service] Device 2 CPU core 487
MOC-R4PCC04U05:111007:111069 [2] NCCL INFO [Proxy Service UDS] Device 2 CPU core 492
MOC-R4PCC04U05:111006:111050 [1] NCCL INFO threadThresholds 8/8/64 | 128/8/64 | 512 | 512
MOC-R4PCC04U05:111006:111050 [1] NCCL INFO 4 coll channels, 4 collnet channels, 0 nvls channels, 4 p2p channels, 1 p2p channels per peer
MOC-R4PCC04U05:111008:111049 [3] NCCL INFO threadThresholds 8/8/64 | 128/8/64 | 512 | 512
MOC-R4PCC04U05:111008:111049 [3] NCCL INFO 4 coll channels, 4 collnet channels, 0 nvls channels, 4 p2p channels, 1 p2p channels per peer
MOC-R4PCC04U05:111007:111047 [2] NCCL INFO threadThresholds 8/8/64 | 128/8/64 | 512 | 512
MOC-R4PCC04U05:111007:111047 [2] NCCL INFO 4 coll channels, 4 collnet channels, 0 nvls channels, 4 p2p channels, 1 p2p channels per peer
MOC-R4PCC04U05:111005:111046 [0] NCCL INFO threadThresholds 8/8/64 | 128/8/64 | 512 | 512
MOC-R4PCC04U05:111005:111046 [0] NCCL INFO 4 coll channels, 4 collnet channels, 0 nvls channels, 4 p2p channels, 1 p2p channels per peer
MOC-R4PCC04U05:111005:111046 [0] NCCL INFO CC Off, workFifoBytes 1048576
MOC-R4PCC04U05:111006:111050 [1] NCCL INFO TUNER/Plugin: Could not find: libnccl-tuner.so. Using internal tuner plugin.
MOC-R4PCC04U05:111006:111050 [1] NCCL INFO ncclCommInitRankConfig comm 0x55e7db15a9c0 rank 1 nranks 16 cudaDev 1 nvmlDev 1 busId 26000 commId 0x1ae9c52dfed4ee02 - Init COMPLETE
MOC-R4PCC04U05:111006:111050 [1] NCCL INFO Init timings - ncclCommInitRankConfig: rank 1 nranks 16 total 3.99 (kernels 1.41, alloc 0.87, bootstrap 0.00, allgathers 0.54, topo 0.49, graphs 0.00, connections 0.36, rest 0.32)
MOC-R4PCC04U05:111008:111049 [3] NCCL INFO TUNER/Plugin: Could not find: libnccl-tuner.so. Using internal tuner plugin.
MOC-R4PCC04U05:111008:111049 [3] NCCL INFO ncclCommInitRankConfig comm 0x560b34d3ca00 rank 3 nranks 16 cudaDev 3 nvmlDev 3 busId c6000 commId 0x1ae9c52dfed4ee02 - Init COMPLETE
MOC-R4PCC04U05:111008:111049 [3] NCCL INFO Init timings - ncclCommInitRankConfig: rank 3 nranks 16 total 4.65 (kernels 0.72, alloc 1.24, bootstrap 0.97, allgathers 0.54, topo 0.49, graphs 0.00, connections 0.36, rest 0.31)
MOC-R4PCC04U05:111007:111047 [2] NCCL INFO TUNER/Plugin: Could not find: libnccl-tuner.so. Using internal tuner plugin.
MOC-R4PCC04U05:111007:111047 [2] NCCL INFO ncclCommInitRankConfig comm 0x563dd1f47870 rank 2 nranks 16 cudaDev 2 nvmlDev 2 busId a6000 commId 0x1ae9c52dfed4ee02 - Init COMPLETE
MOC-R4PCC04U05:111007:111047 [2] NCCL INFO Init timings - ncclCommInitRankConfig: rank 2 nranks 16 total 4.72 (kernels 0.79, alloc 1.24, bootstrap 0.97, allgathers 0.54, topo 0.49, graphs 0.00, connections 0.38, rest 0.30)
MOC-R4PCC04U05:111005:111046 [0] NCCL INFO TUNER/Plugin: Could not find: libnccl-tuner.so. Using internal tuner plugin.
MOC-R4PCC04U05:111005:111046 [0] NCCL INFO ncclCommInitRankConfig comm 0x5580e6a30170 rank 0 nranks 16 cudaDev 0 nvmlDev 0 busId 6000 commId 0x1ae9c52dfed4ee02 - Init COMPLETE
MOC-R4PCC04U05:111005:111046 [0] NCCL INFO Init timings - ncclCommInitRankConfig: rank 0 nranks 16 total 5.12 (kernels 0.32, alloc 0.68, bootstrap 2.41, allgathers 0.54, topo 0.49, graphs 0.00, connections 0.67, rest 0.00)
MOC-R4PCC04U05:111005:111071 [0] NCCL INFO Channel 00/0 : 0[0] -> 3[3] via P2P/CUMEM
MOC-R4PCC04U05:111005:111071 [0] NCCL INFO Channel 01/0 : 0[0] -> 3[3] via P2P/CUMEM
MOC-R4PCC04U05:111005:111071 [0] NCCL INFO Channel 02/0 : 0[0] -> 3[3] via P2P/CUMEM
MOC-R4PCC04U05:111005:111071 [0] NCCL INFO Channel 03/0 : 0[0] -> 3[3] via P2P/CUMEM
MOC-R4PCC04U05:111007:111074 [2] NCCL INFO [Proxy Progress] Device 2 CPU core 196
MOC-R4PCC04U05:111007:111072 [2] NCCL INFO Channel 00/0 : 15[3] -> 2[2] [receive] via NET/IB/1/GDRDMA
MOC-R4PCC04U05:111008:111070 [3] NCCL INFO Channel 00/0 : 3[3] -> 6[2] [send] via NET/IB/1(2)/GDRDMA
MOC-R4PCC04U05:111007:111072 [2] NCCL INFO Channel 01/0 : 15[3] -> 2[2] [receive] via NET/IB/1/GDRDMA
MOC-R4PCC04U05:111008:111070 [3] NCCL INFO Channel 01/0 : 3[3] -> 6[2] [send] via NET/IB/1(2)/GDRDMA
MOC-R4PCC04U05:111007:111072 [2] NCCL INFO Channel 02/0 : 15[3] -> 2[2] [receive] via NET/IB/1/GDRDMA
MOC-R4PCC04U05:111008:111070 [3] NCCL INFO Channel 02/0 : 3[3] -> 6[2] [send] via NET/IB/1(2)/GDRDMA
MOC-R4PCC04U05:111007:111072 [2] NCCL INFO Channel 03/0 : 15[3] -> 2[2] [receive] via NET/IB/1/GDRDMA
MOC-R4PCC04U05:111008:111070 [3] NCCL INFO Channel 03/0 : 3[3] -> 6[2] [send] via NET/IB/1(2)/GDRDMA
MOC-R4PCC04U05:111007:111072 [2] NCCL INFO Channel 00/0 : 2[2] -> 1[1] via P2P/CUMEM
MOC-R4PCC04U05:111007:111072 [2] NCCL INFO Channel 01/0 : 2[2] -> 1[1] via P2P/CUMEM
MOC-R4PCC04U05:111006:111073 [1] NCCL INFO Channel 00/0 : 1[1] -> 0[0] via P2P/CUMEM
MOC-R4PCC04U05:111006:111073 [1] NCCL INFO Channel 01/0 : 1[1] -> 0[0] via P2P/CUMEM
MOC-R4PCC04U05:111007:111072 [2] NCCL INFO Channel 02/0 : 2[2] -> 1[1] via P2P/CUMEM
MOC-R4PCC04U05:111006:111073 [1] NCCL INFO Channel 02/0 : 1[1] -> 0[0] via P2P/CUMEM
MOC-R4PCC04U05:111006:111073 [1] NCCL INFO Channel 03/0 : 1[1] -> 0[0] via P2P/CUMEM
MOC-R4PCC04U05:111007:111072 [2] NCCL INFO Channel 03/0 : 2[2] -> 1[1] via P2P/CUMEM
MOC-R4PCC04U05:111005:111071 [0] NCCL INFO Connected all rings, use ring PXN 1 GDR 1
MOC-R4PCC04U05:111008:111070 [3] NCCL INFO Connected all rings, use ring PXN 1 GDR 1
MOC-R4PCC04U05:111006:111073 [1] NCCL INFO Connected all rings, use ring PXN 1 GDR 1
MOC-R4PCC04U05:111007:111072 [2] NCCL INFO Connected all rings, use ring PXN 1 GDR 1
num decayed parameter tensors: 50, with 124,318,464 parameters
num non-decayed parameter tensors: 98, with 121,344 parameters
using fused AdamW: False
using regular AdamW
MOC-R4PCC04U05:111007:111764 [2] NCCL INFO Channel 00/0 : 2[2] -> 3[3] via P2P/CUMEM
MOC-R4PCC04U05:111007:111764 [2] NCCL INFO Channel 01/0 : 2[2] -> 3[3] via P2P/CUMEM
MOC-R4PCC04U05:111007:111764 [2] NCCL INFO Channel 02/0 : 2[2] -> 3[3] via P2P/CUMEM
MOC-R4PCC04U05:111007:111764 [2] NCCL INFO Channel 03/0 : 2[2] -> 3[3] via P2P/CUMEM
MOC-R4PCC04U05:111005:111765 [0] NCCL INFO Channel 00/0 : 0[0] -> 1[1] via P2P/CUMEM
MOC-R4PCC04U05:111005:111765 [0] NCCL INFO Channel 01/0 : 0[0] -> 1[1] via P2P/CUMEM
MOC-R4PCC04U05:111005:111765 [0] NCCL INFO Channel 02/0 : 0[0] -> 1[1] via P2P/CUMEM
MOC-R4PCC04U05:111005:111765 [0] NCCL INFO Channel 03/0 : 0[0] -> 1[1] via P2P/CUMEM
MOC-R4PCC04U05:111008:111766 [3] NCCL INFO Channel 00/0 : 3[3] -> 0[0] via P2P/CUMEM
MOC-R4PCC04U05:111008:111766 [3] NCCL INFO Channel 01/0 : 3[3] -> 0[0] via P2P/CUMEM
MOC-R4PCC04U05:111008:111766 [3] NCCL INFO Channel 02/0 : 3[3] -> 0[0] via P2P/CUMEM
MOC-R4PCC04U05:111007:111764 [2] NCCL INFO Channel 02/0 : 2[2] -> 6[2] [send] via NET/IB/1/GDRDMA
MOC-R4PCC04U05:111008:111766 [3] NCCL INFO Channel 03/0 : 3[3] -> 0[0] via P2P/CUMEM
MOC-R4PCC04U05:111007:111764 [2] NCCL INFO Channel 03/0 : 2[2] -> 6[2] [send] via NET/IB/1/GDRDMA
MOC-R4PCC04U05:111008:111766 [3] NCCL INFO Channel 00/0 : 3[3] -> 2[2] via P2P/CUMEM
MOC-R4PCC04U05:111008:111766 [3] NCCL INFO Channel 01/0 : 3[3] -> 2[2] via P2P/CUMEM
MOC-R4PCC04U05:111008:111766 [3] NCCL INFO Channel 02/0 : 3[3] -> 2[2] via P2P/CUMEM
MOC-R4PCC04U05:111008:111766 [3] NCCL INFO Channel 03/0 : 3[3] -> 2[2] via P2P/CUMEM
MOC-R4PCC04U05:111006:111767 [1] NCCL INFO Connected all trees
MOC-R4PCC04U05:111007:111764 [2] NCCL INFO Channel 00/0 : 10[2] -> 2[2] [receive] via NET/IB/1/GDRDMA
MOC-R4PCC04U05:111007:111764 [2] NCCL INFO Channel 01/0 : 10[2] -> 2[2] [receive] via NET/IB/1/GDRDMA
MOC-R4PCC04U05:111007:111764 [2] NCCL INFO Channel 00/0 : 2[2] -> 10[2] [send] via NET/IB/1/GDRDMA
MOC-R4PCC04U05:111007:111764 [2] NCCL INFO Channel 01/0 : 2[2] -> 10[2] [send] via NET/IB/1/GDRDMA
MOC-R4PCC04U05:111007:111764 [2] NCCL INFO Channel 02/0 : 6[2] -> 2[2] [receive] via NET/IB/1/GDRDMA
MOC-R4PCC04U05:111007:111764 [2] NCCL INFO Channel 03/0 : 6[2] -> 2[2] [receive] via NET/IB/1/GDRDMA
MOC-R4PCC04U05:111005:111765 [0] NCCL INFO Connected all trees
MOC-R4PCC04U05:111007:111764 [2] NCCL INFO Connected all trees
MOC-R4PCC04U05:111008:111766 [3] NCCL INFO Connected all trees
step    1/10 | train loss 11.008972 | norm 15.7108 | lr 1.00e-04 | (13853.65 ms | 37845 tok/s)
step    2/10 | train loss 10.123232 | norm 5.8020 | lr 1.00e-04 | (150.51 ms | 3483380 tok/s)
step    3/10 | train loss 9.777215 | norm 2.6314 | lr 1.00e-04 | (150.49 ms | 3483789 tok/s)
step    4/10 | train loss 9.607359 | norm 2.1165 | lr 1.00e-04 | (152.92 ms | 3428560 tok/s)
step    5/10 | train loss 9.524715 | norm 2.1076 | lr 1.00e-04 | (151.44 ms | 3461971 tok/s)
step    6/10 | train loss 9.443519 | norm 2.0012 | lr 1.00e-04 | (150.37 ms | 3486573 tok/s)
step    7/10 | train loss 9.358724 | norm 1.9491 | lr 1.00e-04 | (150.07 ms | 3493574 tok/s)
step    8/10 | train loss 9.269133 | norm 1.9124 | lr 1.00e-04 | (149.08 ms | 3516912 tok/s)
step    9/10 | train loss 9.176638 | norm 1.8636 | lr 1.00e-04 | (151.95 ms | 3450466 tok/s)
step   10/10 | train loss 9.088066 | norm 1.7782 | lr 1.00e-04 | (149.76 ms | 3500810 tok/s)
final 9 iters avg: 150.733ms
peak memory consumption: 16121 MiB
MOC-R4PCC04U05:111006:111775 [1] NCCL INFO comm 0x55e7db15a9c0 rank 1 nranks 16 cudaDev 1 busId 26000 - Destroy COMPLETE
MOC-R4PCC04U05:111008:111772 [3] NCCL INFO comm 0x560b34d3ca00 rank 3 nranks 16 cudaDev 3 busId c6000 - Destroy COMPLETE
MOC-R4PCC04U05:111005:111774 [0] NCCL INFO comm 0x5580e6a30170 rank 0 nranks 16 cudaDev 0 busId 6000 - Destroy COMPLETE
MOC-R4PCC04U05:111007:111773 [2] NCCL INFO comm 0x563dd1f47870 rank 2 nranks 16 cudaDev 2 busId a6000 - Destroy COMPLETE
