Running pytorch 2.7.0+cu126
using device: cuda:0
total desired batch size: 2359296
=> calculated gradient accumulation steps: 6
using device: cuda:2
using device: cuda:3
using device: cuda:1
compiling the model...
DataLoader: total number of tokens: 1,661,249,667 across 103 files
MOC-R4PCC04U05:78738:78738 [0] NCCL INFO NCCL_SOCKET_IFNAME set by environment to eno7np0
MOC-R4PCC04U05:78738:78738 [0] NCCL INFO Bootstrap: Using eno7np0:192.168.50.193<0>
MOC-R4PCC04U05:78738:78738 [0] NCCL INFO cudaDriverVersion 12040
MOC-R4PCC04U05:78738:78738 [0] NCCL INFO NCCL version 2.26.2+cuda12.2
MOC-R4PCC04U05:78738:78738 [0] NCCL INFO Comm config Blocking set to 1
MOC-R4PCC04U05:78738:78780 [0] NCCL INFO NET/Plugin: Could not find: libnccl-net.so. Using internal net plugin.
MOC-R4PCC04U05:78738:78780 [0] NCCL INFO NCCL_IB_DISABLE set by environment to 0.
MOC-R4PCC04U05:78738:78780 [0] NCCL INFO NCCL_SOCKET_IFNAME set by environment to eno7np0
MOC-R4PCC04U05:78738:78780 [0] NCCL INFO NCCL_IB_HCA set to mlx5_5
MOC-R4PCC04U05:78740:78740 [2] NCCL INFO cudaDriverVersion 12040
MOC-R4PCC04U05:78740:78740 [2] NCCL INFO NCCL_SOCKET_IFNAME set by environment to eno7np0
MOC-R4PCC04U05:78740:78740 [2] NCCL INFO Bootstrap: Using eno7np0:192.168.50.193<0>
MOC-R4PCC04U05:78740:78740 [2] NCCL INFO NCCL version 2.26.2+cuda12.2
MOC-R4PCC04U05:78740:78740 [2] NCCL INFO Comm config Blocking set to 1
MOC-R4PCC04U05:78741:78741 [3] NCCL INFO cudaDriverVersion 12040
MOC-R4PCC04U05:78741:78741 [3] NCCL INFO NCCL_SOCKET_IFNAME set by environment to eno7np0
MOC-R4PCC04U05:78741:78741 [3] NCCL INFO Bootstrap: Using eno7np0:192.168.50.193<0>
MOC-R4PCC04U05:78741:78741 [3] NCCL INFO NCCL version 2.26.2+cuda12.2
MOC-R4PCC04U05:78741:78741 [3] NCCL INFO Comm config Blocking set to 1
MOC-R4PCC04U05:78739:78739 [1] NCCL INFO cudaDriverVersion 12040
MOC-R4PCC04U05:78739:78739 [1] NCCL INFO NCCL_SOCKET_IFNAME set by environment to eno7np0
MOC-R4PCC04U05:78739:78739 [1] NCCL INFO Bootstrap: Using eno7np0:192.168.50.193<0>
MOC-R4PCC04U05:78739:78739 [1] NCCL INFO NCCL version 2.26.2+cuda12.2
MOC-R4PCC04U05:78739:78739 [1] NCCL INFO Comm config Blocking set to 1
MOC-R4PCC04U05:78738:78780 [0] NCCL INFO NET/IB : Using [0]mlx5_5:1/RoCE [RO]; OOB eno7np0:192.168.50.193<0>
MOC-R4PCC04U05:78738:78780 [0] NCCL INFO PROFILER/Plugin: Could not find: libnccl-profiler.so. 
MOC-R4PCC04U05:78738:78780 [0] NCCL INFO Using network IB
MOC-R4PCC04U05:78738:78780 [0] NCCL INFO DMA-BUF is available on GPU device 0
MOC-R4PCC04U05:78738:78780 [0] NCCL INFO ncclCommInitRankConfig comm 0x5605a8b11050 rank 0 nranks 12 cudaDev 0 nvmlDev 0 busId 6000 commId 0x799c70f5662fc2a9 - Init START
MOC-R4PCC04U05:78741:78782 [3] NCCL INFO NET/Plugin: Could not find: libnccl-net.so. Using internal net plugin.
MOC-R4PCC04U05:78740:78781 [2] NCCL INFO NET/Plugin: Could not find: libnccl-net.so. Using internal net plugin.
MOC-R4PCC04U05:78741:78782 [3] NCCL INFO NCCL_IB_DISABLE set by environment to 0.
MOC-R4PCC04U05:78740:78781 [2] NCCL INFO NCCL_IB_DISABLE set by environment to 0.
MOC-R4PCC04U05:78741:78782 [3] NCCL INFO NCCL_SOCKET_IFNAME set by environment to eno7np0
MOC-R4PCC04U05:78740:78781 [2] NCCL INFO NCCL_SOCKET_IFNAME set by environment to eno7np0
MOC-R4PCC04U05:78739:78783 [1] NCCL INFO NET/Plugin: Could not find: libnccl-net.so. Using internal net plugin.
MOC-R4PCC04U05:78739:78783 [1] NCCL INFO NCCL_IB_DISABLE set by environment to 0.
MOC-R4PCC04U05:78739:78783 [1] NCCL INFO NCCL_SOCKET_IFNAME set by environment to eno7np0
MOC-R4PCC04U05:78741:78782 [3] NCCL INFO NCCL_IB_HCA set to mlx5_5
MOC-R4PCC04U05:78740:78781 [2] NCCL INFO NCCL_IB_HCA set to mlx5_5
MOC-R4PCC04U05:78739:78783 [1] NCCL INFO NCCL_IB_HCA set to mlx5_5
MOC-R4PCC04U05:78741:78782 [3] NCCL INFO NET/IB : Using [0]mlx5_5:1/RoCE [RO]; OOB eno7np0:192.168.50.193<0>
MOC-R4PCC04U05:78741:78782 [3] NCCL INFO PROFILER/Plugin: Could not find: libnccl-profiler.so. 
MOC-R4PCC04U05:78741:78782 [3] NCCL INFO Using network IB
MOC-R4PCC04U05:78739:78783 [1] NCCL INFO NET/IB : Using [0]mlx5_5:1/RoCE [RO]; OOB eno7np0:192.168.50.193<0>
MOC-R4PCC04U05:78740:78781 [2] NCCL INFO NET/IB : Using [0]mlx5_5:1/RoCE [RO]; OOB eno7np0:192.168.50.193<0>
MOC-R4PCC04U05:78739:78783 [1] NCCL INFO PROFILER/Plugin: Could not find: libnccl-profiler.so. 
MOC-R4PCC04U05:78739:78783 [1] NCCL INFO Using network IB
MOC-R4PCC04U05:78740:78781 [2] NCCL INFO PROFILER/Plugin: Could not find: libnccl-profiler.so. 
MOC-R4PCC04U05:78740:78781 [2] NCCL INFO Using network IB
MOC-R4PCC04U05:78741:78782 [3] NCCL INFO DMA-BUF is available on GPU device 3
MOC-R4PCC04U05:78739:78783 [1] NCCL INFO DMA-BUF is available on GPU device 1
MOC-R4PCC04U05:78740:78781 [2] NCCL INFO DMA-BUF is available on GPU device 2
MOC-R4PCC04U05:78741:78782 [3] NCCL INFO ncclCommInitRankConfig comm 0x55d714c3f310 rank 3 nranks 12 cudaDev 3 nvmlDev 3 busId c6000 commId 0x799c70f5662fc2a9 - Init START
MOC-R4PCC04U05:78739:78783 [1] NCCL INFO ncclCommInitRankConfig comm 0x55ff215fc2a0 rank 1 nranks 12 cudaDev 1 nvmlDev 1 busId 26000 commId 0x799c70f5662fc2a9 - Init START
MOC-R4PCC04U05:78740:78781 [2] NCCL INFO ncclCommInitRankConfig comm 0x55fc55576000 rank 2 nranks 12 cudaDev 2 nvmlDev 2 busId a6000 commId 0x799c70f5662fc2a9 - Init START
MOC-R4PCC04U05:78739:78783 [1] NCCL INFO RAS client listening socket at ::1<28028>
MOC-R4PCC04U05:78741:78782 [3] NCCL INFO RAS client listening socket at ::1<28028>
MOC-R4PCC04U05:78740:78781 [2] NCCL INFO RAS client listening socket at ::1<28028>
MOC-R4PCC04U05:78738:78780 [0] NCCL INFO RAS client listening socket at ::1<28028>
MOC-R4PCC04U05:78741:78782 [3] NCCL INFO Bootstrap timings total 0.155489 (create 0.000152, send 0.000247, recv 0.000203, ring 0.153071, delay 0.000001)
MOC-R4PCC04U05:78739:78783 [1] NCCL INFO Bootstrap timings total 0.155461 (create 0.000151, send 0.000247, recv 0.000697, ring 0.153196, delay 0.000001)
MOC-R4PCC04U05:78740:78781 [2] NCCL INFO Bootstrap timings total 0.155409 (create 0.000141, send 0.000255, recv 0.000735, ring 0.152958, delay 0.000001)
MOC-R4PCC04U05:78738:78780 [0] NCCL INFO Bootstrap timings total 2.156625 (create 0.000144, send 0.000427, recv 2.001492, ring 0.152675, delay 0.000001)
MOC-R4PCC04U05:78738:78780 [0] NCCL INFO Setting affinity for GPU 0 to ffffffff,ffffffff,ffffffff,ffffffff,00000000,00000000,00000000,00000000,ffffffff,ffffffff,ffffffff,ffffffff
MOC-R4PCC04U05:78738:78780 [0] NCCL INFO NVLS multicast support is not available on dev 0
MOC-R4PCC04U05:78740:78781 [2] NCCL INFO Setting affinity for GPU 2 to ffffffff,ffffffff,ffffffff,ffffffff,00000000,00000000,00000000,00000000,ffffffff,ffffffff,ffffffff,ffffffff,00000000,00000000,00000000,00000000
MOC-R4PCC04U05:78740:78781 [2] NCCL INFO NVLS multicast support is not available on dev 2
MOC-R4PCC04U05:78741:78782 [3] NCCL INFO Setting affinity for GPU 3 to ffffffff,ffffffff,ffffffff,ffffffff,00000000,00000000,00000000,00000000,ffffffff,ffffffff,ffffffff,ffffffff,00000000,00000000,00000000,00000000
MOC-R4PCC04U05:78741:78782 [3] NCCL INFO NVLS multicast support is not available on dev 3
MOC-R4PCC04U05:78739:78783 [1] NCCL INFO Setting affinity for GPU 1 to ffffffff,ffffffff,ffffffff,ffffffff,00000000,00000000,00000000,00000000,ffffffff,ffffffff,ffffffff,ffffffff
MOC-R4PCC04U05:78739:78783 [1] NCCL INFO NVLS multicast support is not available on dev 1
MOC-R4PCC04U05:78741:78782 [3] NCCL INFO comm 0x55d714c3f310 rank 3 nRanks 12 nNodes 3 localRanks 4 localRank 3 MNNVL 0
MOC-R4PCC04U05:78740:78781 [2] NCCL INFO comm 0x55fc55576000 rank 2 nRanks 12 nNodes 3 localRanks 4 localRank 2 MNNVL 0
MOC-R4PCC04U05:78738:78780 [0] NCCL INFO comm 0x5605a8b11050 rank 0 nRanks 12 nNodes 3 localRanks 4 localRank 0 MNNVL 0
MOC-R4PCC04U05:78741:78782 [3] NCCL INFO Trees [0] 0/-1/-1->3->2 [1] 0/-1/-1->3->2 [2] 0/-1/-1->3->2 [3] 0/-1/-1->3->2
MOC-R4PCC04U05:78741:78782 [3] NCCL INFO P2P Chunksize set to 131072
MOC-R4PCC04U05:78740:78781 [2] NCCL INFO Trees [0] 3/10/-1->2->-1 [1] 3/10/-1->2->-1 [2] 3/10/-1->2->6 [3] 3/10/-1->2->6
MOC-R4PCC04U05:78740:78781 [2] NCCL INFO P2P Chunksize set to 131072
MOC-R4PCC04U05:78738:78780 [0] NCCL INFO Channel 00/04 :  0  3  6  5  4  7 10  9  8 11  2  1
MOC-R4PCC04U05:78739:78783 [1] NCCL INFO comm 0x55ff215fc2a0 rank 1 nRanks 12 nNodes 3 localRanks 4 localRank 1 MNNVL 0
MOC-R4PCC04U05:78738:78780 [0] NCCL INFO Channel 01/04 :  0  3  6  5  4  7 10  9  8 11  2  1
MOC-R4PCC04U05:78738:78780 [0] NCCL INFO Channel 02/04 :  0  3  6  5  4  7 10  9  8 11  2  1
MOC-R4PCC04U05:78738:78780 [0] NCCL INFO Channel 03/04 :  0  3  6  5  4  7 10  9  8 11  2  1
MOC-R4PCC04U05:78738:78780 [0] NCCL INFO Trees [0] 1/-1/-1->0->3 [1] 1/-1/-1->0->3 [2] 1/-1/-1->0->3 [3] 1/-1/-1->0->3
MOC-R4PCC04U05:78738:78780 [0] NCCL INFO P2P Chunksize set to 131072
MOC-R4PCC04U05:78739:78783 [1] NCCL INFO Trees [0] -1/-1/-1->1->0 [1] -1/-1/-1->1->0 [2] -1/-1/-1->1->0 [3] -1/-1/-1->1->0
MOC-R4PCC04U05:78739:78783 [1] NCCL INFO P2P Chunksize set to 131072
MOC-R4PCC04U05:78738:78780 [0] NCCL INFO Check P2P Type intraNodeP2pSupport 1 directMode 0
MOC-R4PCC04U05:78741:78796 [3] NCCL INFO [Proxy Service] Device 3 CPU core 224
MOC-R4PCC04U05:78739:78801 [1] NCCL INFO [Proxy Service] Device 1 CPU core 31
MOC-R4PCC04U05:78741:78799 [3] NCCL INFO [Proxy Service UDS] Device 3 CPU core 495
MOC-R4PCC04U05:78738:78797 [0] NCCL INFO [Proxy Service] Device 0 CPU core 15
MOC-R4PCC04U05:78739:78802 [1] NCCL INFO [Proxy Service UDS] Device 1 CPU core 292
MOC-R4PCC04U05:78738:78800 [0] NCCL INFO [Proxy Service UDS] Device 0 CPU core 23
MOC-R4PCC04U05:78740:78798 [2] NCCL INFO [Proxy Service] Device 2 CPU core 206
MOC-R4PCC04U05:78740:78803 [2] NCCL INFO [Proxy Service UDS] Device 2 CPU core 180
MOC-R4PCC04U05:78741:78782 [3] NCCL INFO threadThresholds 8/8/64 | 96/8/64 | 512 | 512
MOC-R4PCC04U05:78741:78782 [3] NCCL INFO 4 coll channels, 4 collnet channels, 0 nvls channels, 4 p2p channels, 1 p2p channels per peer
MOC-R4PCC04U05:78740:78781 [2] NCCL INFO threadThresholds 8/8/64 | 96/8/64 | 512 | 512
MOC-R4PCC04U05:78740:78781 [2] NCCL INFO 4 coll channels, 4 collnet channels, 0 nvls channels, 4 p2p channels, 1 p2p channels per peer
MOC-R4PCC04U05:78739:78783 [1] NCCL INFO threadThresholds 8/8/64 | 96/8/64 | 512 | 512
MOC-R4PCC04U05:78739:78783 [1] NCCL INFO 4 coll channels, 4 collnet channels, 0 nvls channels, 4 p2p channels, 1 p2p channels per peer
MOC-R4PCC04U05:78738:78780 [0] NCCL INFO threadThresholds 8/8/64 | 96/8/64 | 512 | 512
MOC-R4PCC04U05:78738:78780 [0] NCCL INFO 4 coll channels, 4 collnet channels, 0 nvls channels, 4 p2p channels, 1 p2p channels per peer
MOC-R4PCC04U05:78738:78780 [0] NCCL INFO CC Off, workFifoBytes 1048576
MOC-R4PCC04U05:78740:78781 [2] NCCL INFO TUNER/Plugin: Could not find: libnccl-tuner.so. Using internal tuner plugin.
MOC-R4PCC04U05:78741:78782 [3] NCCL INFO TUNER/Plugin: Could not find: libnccl-tuner.so. Using internal tuner plugin.
MOC-R4PCC04U05:78740:78781 [2] NCCL INFO ncclCommInitRankConfig comm 0x55fc55576000 rank 2 nranks 12 cudaDev 2 nvmlDev 2 busId a6000 commId 0x799c70f5662fc2a9 - Init COMPLETE
MOC-R4PCC04U05:78741:78782 [3] NCCL INFO ncclCommInitRankConfig comm 0x55d714c3f310 rank 3 nranks 12 cudaDev 3 nvmlDev 3 busId c6000 commId 0x799c70f5662fc2a9 - Init COMPLETE
MOC-R4PCC04U05:78740:78781 [2] NCCL INFO Init timings - ncclCommInitRankConfig: rank 2 nranks 12 total 3.93 (kernels 0.83, alloc 1.80, bootstrap 0.16, allgathers 0.06, topo 1.04, graphs 0.00, connections 0.03, rest 0.01)
MOC-R4PCC04U05:78741:78782 [3] NCCL INFO Init timings - ncclCommInitRankConfig: rank 3 nranks 12 total 3.92 (kernels 0.82, alloc 1.80, bootstrap 0.16, allgathers 0.06, topo 1.04, graphs 0.00, connections 0.02, rest 0.02)
MOC-R4PCC04U05:78739:78783 [1] NCCL INFO TUNER/Plugin: Could not find: libnccl-tuner.so. Using internal tuner plugin.
MOC-R4PCC04U05:78739:78783 [1] NCCL INFO ncclCommInitRankConfig comm 0x55ff215fc2a0 rank 1 nranks 12 cudaDev 1 nvmlDev 1 busId 26000 commId 0x799c70f5662fc2a9 - Init COMPLETE
MOC-R4PCC04U05:78739:78783 [1] NCCL INFO Init timings - ncclCommInitRankConfig: rank 1 nranks 12 total 3.90 (kernels 0.80, alloc 1.80, bootstrap 0.16, allgathers 0.05, topo 1.04, graphs 0.01, connections 0.02, rest 0.01)
MOC-R4PCC04U05:78738:78780 [0] NCCL INFO TUNER/Plugin: Could not find: libnccl-tuner.so. Using internal tuner plugin.
MOC-R4PCC04U05:78738:78780 [0] NCCL INFO ncclCommInitRankConfig comm 0x5605a8b11050 rank 0 nranks 12 cudaDev 0 nvmlDev 0 busId 6000 commId 0x799c70f5662fc2a9 - Init COMPLETE
MOC-R4PCC04U05:78738:78780 [0] NCCL INFO Init timings - ncclCommInitRankConfig: rank 0 nranks 12 total 4.30 (kernels 0.32, alloc 0.68, bootstrap 2.16, allgathers 0.06, topo 1.04, graphs 0.00, connections 0.04, rest 0.00)
MOC-R4PCC04U05:78738:78807 [0] NCCL INFO Channel 00/0 : 0[0] -> 3[3] via P2P/CUMEM
MOC-R4PCC04U05:78739:78805 [1] NCCL INFO Channel 00/0 : 1[1] -> 0[0] via P2P/CUMEM
MOC-R4PCC04U05:78738:78807 [0] NCCL INFO Channel 01/0 : 0[0] -> 3[3] via P2P/CUMEM
MOC-R4PCC04U05:78739:78805 [1] NCCL INFO Channel 01/0 : 1[1] -> 0[0] via P2P/CUMEM
MOC-R4PCC04U05:78738:78807 [0] NCCL INFO Channel 02/0 : 0[0] -> 3[3] via P2P/CUMEM
MOC-R4PCC04U05:78739:78805 [1] NCCL INFO Channel 02/0 : 1[1] -> 0[0] via P2P/CUMEM
MOC-R4PCC04U05:78740:78808 [2] NCCL INFO [Proxy Progress] Device 2 CPU core 225
MOC-R4PCC04U05:78740:78804 [2] NCCL INFO Channel 00/0 : 11[3] -> 2[2] [receive] via NET/IB/1/GDRDMA
MOC-R4PCC04U05:78741:78806 [3] NCCL INFO Channel 00/0 : 3[3] -> 6[2] [send] via NET/IB/1(2)/GDRDMA
MOC-R4PCC04U05:78740:78804 [2] NCCL INFO Channel 01/0 : 11[3] -> 2[2] [receive] via NET/IB/1/GDRDMA
MOC-R4PCC04U05:78741:78806 [3] NCCL INFO Channel 01/0 : 3[3] -> 6[2] [send] via NET/IB/1(2)/GDRDMA
MOC-R4PCC04U05:78740:78804 [2] NCCL INFO Channel 02/0 : 11[3] -> 2[2] [receive] via NET/IB/1/GDRDMA
MOC-R4PCC04U05:78741:78806 [3] NCCL INFO Channel 02/0 : 3[3] -> 6[2] [send] via NET/IB/1(2)/GDRDMA
MOC-R4PCC04U05:78740:78804 [2] NCCL INFO Channel 03/0 : 11[3] -> 2[2] [receive] via NET/IB/1/GDRDMA
MOC-R4PCC04U05:78741:78806 [3] NCCL INFO Channel 03/0 : 3[3] -> 6[2] [send] via NET/IB/1(2)/GDRDMA
MOC-R4PCC04U05:78738:78807 [0] NCCL INFO Channel 03/0 : 0[0] -> 3[3] via P2P/CUMEM
MOC-R4PCC04U05:78739:78805 [1] NCCL INFO Channel 03/0 : 1[1] -> 0[0] via P2P/CUMEM
MOC-R4PCC04U05:78740:78804 [2] NCCL INFO Channel 00/0 : 2[2] -> 1[1] via P2P/CUMEM
MOC-R4PCC04U05:78740:78804 [2] NCCL INFO Channel 01/0 : 2[2] -> 1[1] via P2P/CUMEM
MOC-R4PCC04U05:78740:78804 [2] NCCL INFO Channel 02/0 : 2[2] -> 1[1] via P2P/CUMEM
MOC-R4PCC04U05:78740:78804 [2] NCCL INFO Channel 03/0 : 2[2] -> 1[1] via P2P/CUMEM
MOC-R4PCC04U05:78741:78806 [3] NCCL INFO Connected all rings, use ring PXN 1 GDR 1
MOC-R4PCC04U05:78740:78804 [2] NCCL INFO Connected all rings, use ring PXN 1 GDR 1
MOC-R4PCC04U05:78739:78805 [1] NCCL INFO Connected all rings, use ring PXN 1 GDR 1
MOC-R4PCC04U05:78738:78807 [0] NCCL INFO Connected all rings, use ring PXN 1 GDR 1
num decayed parameter tensors: 50, with 124,318,464 parameters
num non-decayed parameter tensors: 98, with 121,344 parameters
using fused AdamW: False
using regular AdamW
MOC-R4PCC04U05:78740:79497 [2] NCCL INFO Channel 00/0 : 2[2] -> 3[3] via P2P/CUMEM
MOC-R4PCC04U05:78740:79497 [2] NCCL INFO Channel 01/0 : 2[2] -> 3[3] via P2P/CUMEM
MOC-R4PCC04U05:78740:79497 [2] NCCL INFO Channel 02/0 : 2[2] -> 3[3] via P2P/CUMEM
MOC-R4PCC04U05:78740:79497 [2] NCCL INFO Channel 03/0 : 2[2] -> 3[3] via P2P/CUMEM
MOC-R4PCC04U05:78741:79498 [3] NCCL INFO Channel 00/0 : 3[3] -> 0[0] via P2P/CUMEM
MOC-R4PCC04U05:78741:79498 [3] NCCL INFO Channel 01/0 : 3[3] -> 0[0] via P2P/CUMEM
MOC-R4PCC04U05:78740:79497 [2] NCCL INFO Channel 00/0 : 10[2] -> 2[2] [receive] via NET/IB/1/GDRDMA
MOC-R4PCC04U05:78740:79497 [2] NCCL INFO Channel 01/0 : 10[2] -> 2[2] [receive] via NET/IB/1/GDRDMA
MOC-R4PCC04U05:78740:79497 [2] NCCL INFO Channel 02/0 : 10[2] -> 2[2] [receive] via NET/IB/1/GDRDMA
MOC-R4PCC04U05:78740:79497 [2] NCCL INFO Channel 03/0 : 10[2] -> 2[2] [receive] via NET/IB/1/GDRDMA
MOC-R4PCC04U05:78740:79497 [2] NCCL INFO Channel 02/0 : 2[2] -> 6[2] [send] via NET/IB/1/GDRDMA
MOC-R4PCC04U05:78740:79497 [2] NCCL INFO Channel 03/0 : 2[2] -> 6[2] [send] via NET/IB/1/GDRDMA
MOC-R4PCC04U05:78741:79498 [3] NCCL INFO Channel 02/0 : 3[3] -> 0[0] via P2P/CUMEM
MOC-R4PCC04U05:78741:79498 [3] NCCL INFO Channel 03/0 : 3[3] -> 0[0] via P2P/CUMEM
MOC-R4PCC04U05:78740:79497 [2] NCCL INFO Channel 02/0 : 6[2] -> 2[2] [receive] via NET/IB/1/GDRDMA
MOC-R4PCC04U05:78740:79497 [2] NCCL INFO Channel 03/0 : 6[2] -> 2[2] [receive] via NET/IB/1/GDRDMA
MOC-R4PCC04U05:78740:79497 [2] NCCL INFO Channel 00/0 : 2[2] -> 10[2] [send] via NET/IB/1/GDRDMA
MOC-R4PCC04U05:78740:79497 [2] NCCL INFO Channel 01/0 : 2[2] -> 10[2] [send] via NET/IB/1/GDRDMA
MOC-R4PCC04U05:78740:79497 [2] NCCL INFO Channel 02/0 : 2[2] -> 10[2] [send] via NET/IB/1/GDRDMA
MOC-R4PCC04U05:78740:79497 [2] NCCL INFO Channel 03/0 : 2[2] -> 10[2] [send] via NET/IB/1/GDRDMA
MOC-R4PCC04U05:78738:79500 [0] NCCL INFO Channel 00/0 : 0[0] -> 1[1] via P2P/CUMEM
MOC-R4PCC04U05:78738:79500 [0] NCCL INFO Channel 01/0 : 0[0] -> 1[1] via P2P/CUMEM
MOC-R4PCC04U05:78738:79500 [0] NCCL INFO Channel 02/0 : 0[0] -> 1[1] via P2P/CUMEM
MOC-R4PCC04U05:78738:79500 [0] NCCL INFO Channel 03/0 : 0[0] -> 1[1] via P2P/CUMEM
MOC-R4PCC04U05:78741:79498 [3] NCCL INFO Channel 00/0 : 3[3] -> 2[2] via P2P/CUMEM
MOC-R4PCC04U05:78741:79498 [3] NCCL INFO Channel 01/0 : 3[3] -> 2[2] via P2P/CUMEM
MOC-R4PCC04U05:78741:79498 [3] NCCL INFO Channel 02/0 : 3[3] -> 2[2] via P2P/CUMEM
MOC-R4PCC04U05:78741:79498 [3] NCCL INFO Channel 03/0 : 3[3] -> 2[2] via P2P/CUMEM
MOC-R4PCC04U05:78739:79499 [1] NCCL INFO Connected all trees
MOC-R4PCC04U05:78738:79500 [0] NCCL INFO Connected all trees
MOC-R4PCC04U05:78740:79497 [2] NCCL INFO Connected all trees
MOC-R4PCC04U05:78741:79498 [3] NCCL INFO Connected all trees
step    1/10 | train loss 11.009422 | norm 15.3732 | lr 1.00e-04 | (14173.71 ms | 166456 tok/s)
step    2/10 | train loss 10.139727 | norm 5.7263 | lr 1.00e-04 | (523.77 ms | 4504423 tok/s)
step    3/10 | train loss 9.799681 | norm 2.6010 | lr 1.00e-04 | (521.28 ms | 4525931 tok/s)
step    4/10 | train loss 9.631037 | norm 2.1093 | lr 1.00e-04 | (519.70 ms | 4539758 tok/s)
step    5/10 | train loss 9.548264 | norm 2.0938 | lr 1.00e-04 | (521.40 ms | 4524959 tok/s)
step    6/10 | train loss 9.467413 | norm 1.9919 | lr 1.00e-04 | (523.53 ms | 4506493 tok/s)
step    7/10 | train loss 9.382082 | norm 1.9418 | lr 1.00e-04 | (521.65 ms | 4522793 tok/s)
step    8/10 | train loss 9.290596 | norm 1.9079 | lr 1.00e-04 | (520.69 ms | 4531058 tok/s)
step    9/10 | train loss 9.195720 | norm 1.8515 | lr 1.00e-04 | (520.96 ms | 4528788 tok/s)
step   10/10 | train loss 9.111584 | norm 1.7901 | lr 1.00e-04 | (522.43 ms | 4516019 tok/s)
final 9 iters avg: 521.712ms
peak memory consumption: 16601 MiB
MOC-R4PCC04U05:78739:79507 [1] NCCL INFO comm 0x55ff215fc2a0 rank 1 nranks 12 cudaDev 1 busId 26000 - Destroy COMPLETE
MOC-R4PCC04U05:78738:79508 [0] NCCL INFO comm 0x5605a8b11050 rank 0 nranks 12 cudaDev 0 busId 6000 - Destroy COMPLETE
MOC-R4PCC04U05:78741:79506 [3] NCCL INFO comm 0x55d714c3f310 rank 3 nranks 12 cudaDev 3 busId c6000 - Destroy COMPLETE
MOC-R4PCC04U05:78740:79505 [2] NCCL INFO comm 0x55fc55576000 rank 2 nranks 12 cudaDev 2 busId a6000 - Destroy COMPLETE
