Running pytorch 2.7.0+cu126
using device: cuda:0
total desired batch size: 3670016
=> calculated gradient accumulation steps: 7
using device: cuda:3
using device: cuda:2
using device: cuda:1
compiling the model...
DataLoader: total number of tokens: 1,661,249,667 across 103 files
MOC-R4PCC04U05:116039:116039 [0] NCCL INFO NCCL_SOCKET_IFNAME set by environment to eno7np0
MOC-R4PCC04U05:116039:116039 [0] NCCL INFO Bootstrap: Using eno7np0:192.168.50.193<0>
MOC-R4PCC04U05:116039:116039 [0] NCCL INFO cudaDriverVersion 12040
MOC-R4PCC04U05:116039:116039 [0] NCCL INFO NCCL version 2.26.2+cuda12.2
MOC-R4PCC04U05:116039:116039 [0] NCCL INFO Comm config Blocking set to 1
MOC-R4PCC04U05:116041:116041 [2] NCCL INFO cudaDriverVersion 12040
MOC-R4PCC04U05:116041:116041 [2] NCCL INFO NCCL_SOCKET_IFNAME set by environment to eno7np0
MOC-R4PCC04U05:116041:116041 [2] NCCL INFO Bootstrap: Using eno7np0:192.168.50.193<0>
MOC-R4PCC04U05:116041:116041 [2] NCCL INFO NCCL version 2.26.2+cuda12.2
MOC-R4PCC04U05:116042:116042 [3] NCCL INFO cudaDriverVersion 12040
MOC-R4PCC04U05:116042:116042 [3] NCCL INFO NCCL_SOCKET_IFNAME set by environment to eno7np0
MOC-R4PCC04U05:116040:116040 [1] NCCL INFO cudaDriverVersion 12040
MOC-R4PCC04U05:116040:116040 [1] NCCL INFO NCCL_SOCKET_IFNAME set by environment to eno7np0
MOC-R4PCC04U05:116041:116041 [2] NCCL INFO Comm config Blocking set to 1
MOC-R4PCC04U05:116042:116042 [3] NCCL INFO Bootstrap: Using eno7np0:192.168.50.193<0>
MOC-R4PCC04U05:116042:116042 [3] NCCL INFO NCCL version 2.26.2+cuda12.2
MOC-R4PCC04U05:116040:116040 [1] NCCL INFO Bootstrap: Using eno7np0:192.168.50.193<0>
MOC-R4PCC04U05:116040:116040 [1] NCCL INFO NCCL version 2.26.2+cuda12.2
MOC-R4PCC04U05:116042:116042 [3] NCCL INFO Comm config Blocking set to 1
MOC-R4PCC04U05:116040:116040 [1] NCCL INFO Comm config Blocking set to 1
MOC-R4PCC04U05:116039:116081 [0] NCCL INFO NET/Plugin: Could not find: libnccl-net.so. Using internal net plugin.
MOC-R4PCC04U05:116039:116081 [0] NCCL INFO NCCL_IB_DISABLE set by environment to 0.
MOC-R4PCC04U05:116039:116081 [0] NCCL INFO NCCL_SOCKET_IFNAME set by environment to eno7np0
MOC-R4PCC04U05:116039:116081 [0] NCCL INFO NCCL_IB_HCA set to mlx5_5
MOC-R4PCC04U05:116041:116082 [2] NCCL INFO NET/Plugin: Could not find: libnccl-net.so. Using internal net plugin.
MOC-R4PCC04U05:116041:116082 [2] NCCL INFO NCCL_IB_DISABLE set by environment to 0.
MOC-R4PCC04U05:116041:116082 [2] NCCL INFO NCCL_SOCKET_IFNAME set by environment to eno7np0
MOC-R4PCC04U05:116042:116083 [3] NCCL INFO NET/Plugin: Could not find: libnccl-net.so. Using internal net plugin.
MOC-R4PCC04U05:116042:116083 [3] NCCL INFO NCCL_IB_DISABLE set by environment to 0.
MOC-R4PCC04U05:116041:116082 [2] NCCL INFO NCCL_IB_HCA set to mlx5_5
MOC-R4PCC04U05:116042:116083 [3] NCCL INFO NCCL_SOCKET_IFNAME set by environment to eno7np0
MOC-R4PCC04U05:116042:116083 [3] NCCL INFO NCCL_IB_HCA set to mlx5_5
MOC-R4PCC04U05:116040:116084 [1] NCCL INFO NET/Plugin: Could not find: libnccl-net.so. Using internal net plugin.
MOC-R4PCC04U05:116040:116084 [1] NCCL INFO NCCL_IB_DISABLE set by environment to 0.
MOC-R4PCC04U05:116040:116084 [1] NCCL INFO NCCL_SOCKET_IFNAME set by environment to eno7np0
MOC-R4PCC04U05:116040:116084 [1] NCCL INFO NCCL_IB_HCA set to mlx5_5
MOC-R4PCC04U05:116039:116081 [0] NCCL INFO NET/IB : Using [0]mlx5_5:1/RoCE [RO]; OOB eno7np0:192.168.50.193<0>
MOC-R4PCC04U05:116039:116081 [0] NCCL INFO PROFILER/Plugin: Could not find: libnccl-profiler.so. 
MOC-R4PCC04U05:116039:116081 [0] NCCL INFO Using network IB
MOC-R4PCC04U05:116041:116082 [2] NCCL INFO NET/IB : Using [0]mlx5_5:1/RoCE [RO]; OOB eno7np0:192.168.50.193<0>
MOC-R4PCC04U05:116041:116082 [2] NCCL INFO PROFILER/Plugin: Could not find: libnccl-profiler.so. 
MOC-R4PCC04U05:116041:116082 [2] NCCL INFO Using network IB
MOC-R4PCC04U05:116042:116083 [3] NCCL INFO NET/IB : Using [0]mlx5_5:1/RoCE [RO]; OOB eno7np0:192.168.50.193<0>
MOC-R4PCC04U05:116040:116084 [1] NCCL INFO NET/IB : Using [0]mlx5_5:1/RoCE [RO]; OOB eno7np0:192.168.50.193<0>
MOC-R4PCC04U05:116042:116083 [3] NCCL INFO PROFILER/Plugin: Could not find: libnccl-profiler.so. 
MOC-R4PCC04U05:116042:116083 [3] NCCL INFO Using network IB
MOC-R4PCC04U05:116040:116084 [1] NCCL INFO PROFILER/Plugin: Could not find: libnccl-profiler.so. 
MOC-R4PCC04U05:116040:116084 [1] NCCL INFO Using network IB
MOC-R4PCC04U05:116039:116081 [0] NCCL INFO DMA-BUF is available on GPU device 0
MOC-R4PCC04U05:116041:116082 [2] NCCL INFO DMA-BUF is available on GPU device 2
MOC-R4PCC04U05:116042:116083 [3] NCCL INFO DMA-BUF is available on GPU device 3
MOC-R4PCC04U05:116040:116084 [1] NCCL INFO DMA-BUF is available on GPU device 1
MOC-R4PCC04U05:116040:116084 [1] NCCL INFO ncclCommInitRankConfig comm 0x55c59acd02c0 rank 1 nranks 16 cudaDev 1 nvmlDev 1 busId 26000 commId 0xdb2a658354a830ec - Init START
MOC-R4PCC04U05:116041:116082 [2] NCCL INFO ncclCommInitRankConfig comm 0x56227579de10 rank 2 nranks 16 cudaDev 2 nvmlDev 2 busId a6000 commId 0xdb2a658354a830ec - Init START
MOC-R4PCC04U05:116042:116083 [3] NCCL INFO ncclCommInitRankConfig comm 0x55728ae808d0 rank 3 nranks 16 cudaDev 3 nvmlDev 3 busId c6000 commId 0xdb2a658354a830ec - Init START
MOC-R4PCC04U05:116039:116081 [0] NCCL INFO ncclCommInitRankConfig comm 0x560294d8ac60 rank 0 nranks 16 cudaDev 0 nvmlDev 0 busId 6000 commId 0xdb2a658354a830ec - Init START
MOC-R4PCC04U05:116041:116082 [2] NCCL INFO RAS client listening socket at ::1<28028>
MOC-R4PCC04U05:116040:116084 [1] NCCL INFO RAS client listening socket at ::1<28028>
MOC-R4PCC04U05:116039:116081 [0] NCCL INFO RAS client listening socket at ::1<28028>
MOC-R4PCC04U05:116042:116083 [3] NCCL INFO RAS client listening socket at ::1<28028>
MOC-R4PCC04U05:116042:116083 [3] NCCL INFO Bootstrap timings total 1.608662 (create 0.000148, send 0.000310, recv 1.604939, ring 0.001538, delay 0.000001)
MOC-R4PCC04U05:116039:116081 [0] NCCL INFO Bootstrap timings total 1.608617 (create 0.000098, send 0.000214, recv 0.000903, ring 1.463431, delay 0.000000)
MOC-R4PCC04U05:116041:116082 [2] NCCL INFO Bootstrap timings total 1.608824 (create 0.000157, send 0.000323, recv 0.000544, ring 1.606453, delay 0.000001)
MOC-R4PCC04U05:116040:116084 [1] NCCL INFO Bootstrap timings total 1.608972 (create 0.000144, send 0.000449, recv 0.000409, ring 1.606376, delay 0.000001)
MOC-R4PCC04U05:116039:116081 [0] NCCL INFO Setting affinity for GPU 0 to ffffffff,ffffffff,ffffffff,ffffffff,00000000,00000000,00000000,00000000,ffffffff,ffffffff,ffffffff,ffffffff
MOC-R4PCC04U05:116039:116081 [0] NCCL INFO NVLS multicast support is not available on dev 0
MOC-R4PCC04U05:116041:116082 [2] NCCL INFO Setting affinity for GPU 2 to ffffffff,ffffffff,ffffffff,ffffffff,00000000,00000000,00000000,00000000,ffffffff,ffffffff,ffffffff,ffffffff,00000000,00000000,00000000,00000000
MOC-R4PCC04U05:116041:116082 [2] NCCL INFO NVLS multicast support is not available on dev 2
MOC-R4PCC04U05:116040:116084 [1] NCCL INFO Setting affinity for GPU 1 to ffffffff,ffffffff,ffffffff,ffffffff,00000000,00000000,00000000,00000000,ffffffff,ffffffff,ffffffff,ffffffff
MOC-R4PCC04U05:116040:116084 [1] NCCL INFO NVLS multicast support is not available on dev 1
MOC-R4PCC04U05:116042:116083 [3] NCCL INFO Setting affinity for GPU 3 to ffffffff,ffffffff,ffffffff,ffffffff,00000000,00000000,00000000,00000000,ffffffff,ffffffff,ffffffff,ffffffff,00000000,00000000,00000000,00000000
MOC-R4PCC04U05:116042:116083 [3] NCCL INFO NVLS multicast support is not available on dev 3
MOC-R4PCC04U05:116042:116083 [3] NCCL INFO comm 0x55728ae808d0 rank 3 nRanks 16 nNodes 4 localRanks 4 localRank 3 MNNVL 0
MOC-R4PCC04U05:116041:116082 [2] NCCL INFO comm 0x56227579de10 rank 2 nRanks 16 nNodes 4 localRanks 4 localRank 2 MNNVL 0
MOC-R4PCC04U05:116039:116081 [0] NCCL INFO comm 0x560294d8ac60 rank 0 nRanks 16 nNodes 4 localRanks 4 localRank 0 MNNVL 0
MOC-R4PCC04U05:116042:116083 [3] NCCL INFO Trees [0] 0/-1/-1->3->2 [1] 0/-1/-1->3->2 [2] 0/-1/-1->3->2 [3] 0/-1/-1->3->2
MOC-R4PCC04U05:116042:116083 [3] NCCL INFO P2P Chunksize set to 131072
MOC-R4PCC04U05:116041:116082 [2] NCCL INFO Trees [0] 3/10/-1->2->-1 [1] 3/10/-1->2->-1 [2] 3/-1/-1->2->6 [3] 3/-1/-1->2->6
MOC-R4PCC04U05:116041:116082 [2] NCCL INFO P2P Chunksize set to 131072
MOC-R4PCC04U05:116039:116081 [0] NCCL INFO Channel 00/04 :  0  3  6  5  4  7 10  9  8 11 14 13 12 15  2  1
MOC-R4PCC04U05:116039:116081 [0] NCCL INFO Channel 01/04 :  0  3  6  5  4  7 10  9  8 11 14 13 12 15  2  1
MOC-R4PCC04U05:116040:116084 [1] NCCL INFO comm 0x55c59acd02c0 rank 1 nRanks 16 nNodes 4 localRanks 4 localRank 1 MNNVL 0
MOC-R4PCC04U05:116039:116081 [0] NCCL INFO Channel 02/04 :  0  3  6  5  4  7 10  9  8 11 14 13 12 15  2  1
MOC-R4PCC04U05:116039:116081 [0] NCCL INFO Channel 03/04 :  0  3  6  5  4  7 10  9  8 11 14 13 12 15  2  1
MOC-R4PCC04U05:116039:116081 [0] NCCL INFO Trees [0] 1/-1/-1->0->3 [1] 1/-1/-1->0->3 [2] 1/-1/-1->0->3 [3] 1/-1/-1->0->3
MOC-R4PCC04U05:116039:116081 [0] NCCL INFO P2P Chunksize set to 131072
MOC-R4PCC04U05:116039:116081 [0] NCCL INFO Check P2P Type intraNodeP2pSupport 1 directMode 0
MOC-R4PCC04U05:116040:116084 [1] NCCL INFO Trees [0] -1/-1/-1->1->0 [1] -1/-1/-1->1->0 [2] -1/-1/-1->1->0 [3] -1/-1/-1->1->0
MOC-R4PCC04U05:116040:116084 [1] NCCL INFO P2P Chunksize set to 131072
MOC-R4PCC04U05:116042:116367 [3] NCCL INFO [Proxy Service] Device 3 CPU core 199
MOC-R4PCC04U05:116039:116368 [0] NCCL INFO [Proxy Service] Device 0 CPU core 286
MOC-R4PCC04U05:116041:116369 [2] NCCL INFO [Proxy Service] Device 2 CPU core 431
MOC-R4PCC04U05:116042:116370 [3] NCCL INFO [Proxy Service UDS] Device 3 CPU core 207
MOC-R4PCC04U05:116039:116372 [0] NCCL INFO [Proxy Service UDS] Device 0 CPU core 32
MOC-R4PCC04U05:116041:116371 [2] NCCL INFO [Proxy Service UDS] Device 2 CPU core 471
MOC-R4PCC04U05:116040:116373 [1] NCCL INFO [Proxy Service] Device 1 CPU core 303
MOC-R4PCC04U05:116040:116374 [1] NCCL INFO [Proxy Service UDS] Device 1 CPU core 311
MOC-R4PCC04U05:116042:116083 [3] NCCL INFO threadThresholds 8/8/64 | 128/8/64 | 512 | 512
MOC-R4PCC04U05:116042:116083 [3] NCCL INFO 4 coll channels, 4 collnet channels, 0 nvls channels, 4 p2p channels, 1 p2p channels per peer
MOC-R4PCC04U05:116041:116082 [2] NCCL INFO threadThresholds 8/8/64 | 128/8/64 | 512 | 512
MOC-R4PCC04U05:116041:116082 [2] NCCL INFO 4 coll channels, 4 collnet channels, 0 nvls channels, 4 p2p channels, 1 p2p channels per peer
MOC-R4PCC04U05:116039:116081 [0] NCCL INFO threadThresholds 8/8/64 | 128/8/64 | 512 | 512
MOC-R4PCC04U05:116039:116081 [0] NCCL INFO 4 coll channels, 4 collnet channels, 0 nvls channels, 4 p2p channels, 1 p2p channels per peer
MOC-R4PCC04U05:116039:116081 [0] NCCL INFO CC Off, workFifoBytes 1048576
MOC-R4PCC04U05:116040:116084 [1] NCCL INFO threadThresholds 8/8/64 | 128/8/64 | 512 | 512
MOC-R4PCC04U05:116040:116084 [1] NCCL INFO 4 coll channels, 4 collnet channels, 0 nvls channels, 4 p2p channels, 1 p2p channels per peer
MOC-R4PCC04U05:116041:116082 [2] NCCL INFO TUNER/Plugin: Could not find: libnccl-tuner.so. Using internal tuner plugin.
MOC-R4PCC04U05:116041:116082 [2] NCCL INFO ncclCommInitRankConfig comm 0x56227579de10 rank 2 nranks 16 cudaDev 2 nvmlDev 2 busId a6000 commId 0xdb2a658354a830ec - Init COMPLETE
MOC-R4PCC04U05:116041:116082 [2] NCCL INFO Init timings - ncclCommInitRankConfig: rank 2 nranks 16 total 6.05 (kernels 0.31, alloc 2.36, bootstrap 1.61, allgathers 1.33, topo 0.42, graphs 0.00, connections 0.01, rest 0.00)
MOC-R4PCC04U05:116039:116081 [0] NCCL INFO TUNER/Plugin: Could not find: libnccl-tuner.so. Using internal tuner plugin.
MOC-R4PCC04U05:116039:116081 [0] NCCL INFO ncclCommInitRankConfig comm 0x560294d8ac60 rank 0 nranks 16 cudaDev 0 nvmlDev 0 busId 6000 commId 0xdb2a658354a830ec - Init COMPLETE
MOC-R4PCC04U05:116042:116083 [3] NCCL INFO TUNER/Plugin: Could not find: libnccl-tuner.so. Using internal tuner plugin.
MOC-R4PCC04U05:116039:116081 [0] NCCL INFO Init timings - ncclCommInitRankConfig: rank 0 nranks 16 total 6.07 (kernels 0.31, alloc 2.37, bootstrap 1.61, allgathers 1.33, topo 0.42, graphs 0.00, connections 0.01, rest 0.00)
MOC-R4PCC04U05:116042:116083 [3] NCCL INFO ncclCommInitRankConfig comm 0x55728ae808d0 rank 3 nranks 16 cudaDev 3 nvmlDev 3 busId c6000 commId 0xdb2a658354a830ec - Init COMPLETE
MOC-R4PCC04U05:116042:116083 [3] NCCL INFO Init timings - ncclCommInitRankConfig: rank 3 nranks 16 total 6.05 (kernels 0.31, alloc 2.36, bootstrap 1.61, allgathers 1.33, topo 0.42, graphs 0.00, connections 0.01, rest 0.01)
MOC-R4PCC04U05:116040:116084 [1] NCCL INFO TUNER/Plugin: Could not find: libnccl-tuner.so. Using internal tuner plugin.
MOC-R4PCC04U05:116040:116084 [1] NCCL INFO ncclCommInitRankConfig comm 0x55c59acd02c0 rank 1 nranks 16 cudaDev 1 nvmlDev 1 busId 26000 commId 0xdb2a658354a830ec - Init COMPLETE
MOC-R4PCC04U05:116040:116084 [1] NCCL INFO Init timings - ncclCommInitRankConfig: rank 1 nranks 16 total 6.05 (kernels 0.32, alloc 2.35, bootstrap 1.61, allgathers 1.33, topo 0.42, graphs 0.00, connections 0.01, rest 0.00)
MOC-R4PCC04U05:116039:116377 [0] NCCL INFO Channel 00/0 : 0[0] -> 3[3] via P2P/CUMEM
MOC-R4PCC04U05:116039:116377 [0] NCCL INFO Channel 01/0 : 0[0] -> 3[3] via P2P/CUMEM
MOC-R4PCC04U05:116039:116377 [0] NCCL INFO Channel 02/0 : 0[0] -> 3[3] via P2P/CUMEM
MOC-R4PCC04U05:116039:116377 [0] NCCL INFO Channel 03/0 : 0[0] -> 3[3] via P2P/CUMEM
MOC-R4PCC04U05:116040:116378 [1] NCCL INFO Channel 00/0 : 1[1] -> 0[0] via P2P/CUMEM
MOC-R4PCC04U05:116040:116378 [1] NCCL INFO Channel 01/0 : 1[1] -> 0[0] via P2P/CUMEM
MOC-R4PCC04U05:116040:116378 [1] NCCL INFO Channel 02/0 : 1[1] -> 0[0] via P2P/CUMEM
MOC-R4PCC04U05:116040:116378 [1] NCCL INFO Channel 03/0 : 1[1] -> 0[0] via P2P/CUMEM
MOC-R4PCC04U05:116041:116379 [2] NCCL INFO [Proxy Progress] Device 2 CPU core 435
MOC-R4PCC04U05:116041:116375 [2] NCCL INFO Channel 00/0 : 15[3] -> 2[2] [receive] via NET/IB/1/GDRDMA
MOC-R4PCC04U05:116042:116376 [3] NCCL INFO Channel 00/0 : 3[3] -> 6[2] [send] via NET/IB/1(2)/GDRDMA
MOC-R4PCC04U05:116041:116375 [2] NCCL INFO Channel 01/0 : 15[3] -> 2[2] [receive] via NET/IB/1/GDRDMA
MOC-R4PCC04U05:116042:116376 [3] NCCL INFO Channel 01/0 : 3[3] -> 6[2] [send] via NET/IB/1(2)/GDRDMA
MOC-R4PCC04U05:116041:116375 [2] NCCL INFO Channel 02/0 : 15[3] -> 2[2] [receive] via NET/IB/1/GDRDMA
MOC-R4PCC04U05:116042:116376 [3] NCCL INFO Channel 02/0 : 3[3] -> 6[2] [send] via NET/IB/1(2)/GDRDMA
MOC-R4PCC04U05:116041:116375 [2] NCCL INFO Channel 03/0 : 15[3] -> 2[2] [receive] via NET/IB/1/GDRDMA
MOC-R4PCC04U05:116042:116376 [3] NCCL INFO Channel 03/0 : 3[3] -> 6[2] [send] via NET/IB/1(2)/GDRDMA
MOC-R4PCC04U05:116041:116375 [2] NCCL INFO Channel 00/0 : 2[2] -> 1[1] via P2P/CUMEM
MOC-R4PCC04U05:116041:116375 [2] NCCL INFO Channel 01/0 : 2[2] -> 1[1] via P2P/CUMEM
MOC-R4PCC04U05:116041:116375 [2] NCCL INFO Channel 02/0 : 2[2] -> 1[1] via P2P/CUMEM
MOC-R4PCC04U05:116041:116375 [2] NCCL INFO Channel 03/0 : 2[2] -> 1[1] via P2P/CUMEM
MOC-R4PCC04U05:116042:116376 [3] NCCL INFO Connected all rings, use ring PXN 1 GDR 1
MOC-R4PCC04U05:116041:116375 [2] NCCL INFO Connected all rings, use ring PXN 1 GDR 1
MOC-R4PCC04U05:116040:116378 [1] NCCL INFO Connected all rings, use ring PXN 1 GDR 1
MOC-R4PCC04U05:116039:116377 [0] NCCL INFO Connected all rings, use ring PXN 1 GDR 1
num decayed parameter tensors: 50, with 124,318,464 parameters
num non-decayed parameter tensors: 98, with 121,344 parameters
using fused AdamW: False
using regular AdamW
MOC-R4PCC04U05:116039:116801 [0] NCCL INFO Channel 00/0 : 0[0] -> 1[1] via P2P/CUMEM
MOC-R4PCC04U05:116039:116801 [0] NCCL INFO Channel 01/0 : 0[0] -> 1[1] via P2P/CUMEM
MOC-R4PCC04U05:116039:116801 [0] NCCL INFO Channel 02/0 : 0[0] -> 1[1] via P2P/CUMEM
MOC-R4PCC04U05:116039:116801 [0] NCCL INFO Channel 03/0 : 0[0] -> 1[1] via P2P/CUMEM
MOC-R4PCC04U05:116041:116802 [2] NCCL INFO Channel 00/0 : 2[2] -> 3[3] via P2P/CUMEM
MOC-R4PCC04U05:116041:116802 [2] NCCL INFO Channel 01/0 : 2[2] -> 3[3] via P2P/CUMEM
MOC-R4PCC04U05:116041:116802 [2] NCCL INFO Channel 02/0 : 2[2] -> 3[3] via P2P/CUMEM
MOC-R4PCC04U05:116041:116802 [2] NCCL INFO Channel 03/0 : 2[2] -> 3[3] via P2P/CUMEM
MOC-R4PCC04U05:116042:116800 [3] NCCL INFO Channel 00/0 : 3[3] -> 0[0] via P2P/CUMEM
MOC-R4PCC04U05:116041:116802 [2] NCCL INFO Channel 02/0 : 2[2] -> 6[2] [send] via NET/IB/1/GDRDMA
MOC-R4PCC04U05:116041:116802 [2] NCCL INFO Channel 03/0 : 2[2] -> 6[2] [send] via NET/IB/1/GDRDMA
MOC-R4PCC04U05:116042:116800 [3] NCCL INFO Channel 01/0 : 3[3] -> 0[0] via P2P/CUMEM
MOC-R4PCC04U05:116042:116800 [3] NCCL INFO Channel 02/0 : 3[3] -> 0[0] via P2P/CUMEM
MOC-R4PCC04U05:116042:116800 [3] NCCL INFO Channel 03/0 : 3[3] -> 0[0] via P2P/CUMEM
MOC-R4PCC04U05:116042:116800 [3] NCCL INFO Channel 00/0 : 3[3] -> 2[2] via P2P/CUMEM
MOC-R4PCC04U05:116042:116800 [3] NCCL INFO Channel 01/0 : 3[3] -> 2[2] via P2P/CUMEM
MOC-R4PCC04U05:116042:116800 [3] NCCL INFO Channel 02/0 : 3[3] -> 2[2] via P2P/CUMEM
MOC-R4PCC04U05:116042:116800 [3] NCCL INFO Channel 03/0 : 3[3] -> 2[2] via P2P/CUMEM
MOC-R4PCC04U05:116040:116803 [1] NCCL INFO Connected all trees
MOC-R4PCC04U05:116041:116802 [2] NCCL INFO Channel 00/0 : 10[2] -> 2[2] [receive] via NET/IB/1/GDRDMA
MOC-R4PCC04U05:116041:116802 [2] NCCL INFO Channel 01/0 : 10[2] -> 2[2] [receive] via NET/IB/1/GDRDMA
MOC-R4PCC04U05:116041:116802 [2] NCCL INFO Channel 00/0 : 2[2] -> 10[2] [send] via NET/IB/1/GDRDMA
MOC-R4PCC04U05:116041:116802 [2] NCCL INFO Channel 01/0 : 2[2] -> 10[2] [send] via NET/IB/1/GDRDMA
MOC-R4PCC04U05:116041:116802 [2] NCCL INFO Channel 02/0 : 6[2] -> 2[2] [receive] via NET/IB/1/GDRDMA
MOC-R4PCC04U05:116041:116802 [2] NCCL INFO Channel 03/0 : 6[2] -> 2[2] [receive] via NET/IB/1/GDRDMA
MOC-R4PCC04U05:116039:116801 [0] NCCL INFO Connected all trees
MOC-R4PCC04U05:116041:116802 [2] NCCL INFO Connected all trees
MOC-R4PCC04U05:116042:116800 [3] NCCL INFO Connected all trees
step    1/10 | train loss 11.010114 | norm 15.2907 | lr 1.00e-04 | (15058.42 ms | 243718 tok/s)
step    2/10 | train loss 10.140852 | norm 5.7211 | lr 1.00e-04 | (611.10 ms | 6005546 tok/s)
step    3/10 | train loss 9.801558 | norm 2.5941 | lr 1.00e-04 | (594.62 ms | 6172053 tok/s)
step    4/10 | train loss 9.632923 | norm 2.0997 | lr 1.00e-04 | (596.08 ms | 6156898 tok/s)
step    5/10 | train loss 9.550364 | norm 2.0944 | lr 1.00e-04 | (1080.10 ms | 3397834 tok/s)
step    6/10 | train loss 9.469850 | norm 1.9874 | lr 1.00e-04 | (597.20 ms | 6145360 tok/s)
step    7/10 | train loss 9.385088 | norm 1.9374 | lr 1.00e-04 | (596.41 ms | 6153531 tok/s)
step    8/10 | train loss 9.294361 | norm 1.9058 | lr 1.00e-04 | (595.34 ms | 6164621 tok/s)
step    9/10 | train loss 9.199847 | norm 1.8538 | lr 1.00e-04 | (608.03 ms | 6035865 tok/s)
step   10/10 | train loss 9.114297 | norm 1.7841 | lr 1.00e-04 | (614.16 ms | 5975672 tok/s)
final 9 iters avg: 654.783ms
peak memory consumption: 16601 MiB
MOC-R4PCC04U05:116042:116810 [3] NCCL INFO comm 0x55728ae808d0 rank 3 nranks 16 cudaDev 3 busId c6000 - Destroy COMPLETE
MOC-R4PCC04U05:116039:116811 [0] NCCL INFO comm 0x560294d8ac60 rank 0 nranks 16 cudaDev 0 busId 6000 - Destroy COMPLETE
MOC-R4PCC04U05:116041:116812 [2] NCCL INFO comm 0x56227579de10 rank 2 nranks 16 cudaDev 2 busId a6000 - Destroy COMPLETE
MOC-R4PCC04U05:116040:116813 [1] NCCL INFO comm 0x55c59acd02c0 rank 1 nranks 16 cudaDev 1 busId 26000 - Destroy COMPLETE
