Running pytorch 2.7.0+cu126
using device: cuda:0
total desired batch size: 1835008
=> calculated gradient accumulation steps: 7
using device: cuda:2
using device: cuda:3
using device: cuda:1
compiling the model...
DataLoader: total number of tokens: 1,661,249,667 across 103 files
MOC-R4PCC04U05:260542:260542 [0] NCCL INFO NCCL_SOCKET_IFNAME set by environment to eno7np0
MOC-R4PCC04U05:260542:260542 [0] NCCL INFO Bootstrap: Using eno7np0:192.168.50.193<0>
MOC-R4PCC04U05:260542:260542 [0] NCCL INFO cudaDriverVersion 12040
MOC-R4PCC04U05:260542:260542 [0] NCCL INFO NCCL version 2.26.2+cuda12.2
MOC-R4PCC04U05:260542:260542 [0] NCCL INFO Comm config Blocking set to 1
MOC-R4PCC04U05:260544:260544 [2] NCCL INFO cudaDriverVersion 12040
MOC-R4PCC04U05:260544:260544 [2] NCCL INFO NCCL_SOCKET_IFNAME set by environment to eno7np0
MOC-R4PCC04U05:260544:260544 [2] NCCL INFO Bootstrap: Using eno7np0:192.168.50.193<0>
MOC-R4PCC04U05:260544:260544 [2] NCCL INFO NCCL version 2.26.2+cuda12.2
MOC-R4PCC04U05:260544:260544 [2] NCCL INFO Comm config Blocking set to 1
MOC-R4PCC04U05:260545:260545 [3] NCCL INFO cudaDriverVersion 12040
MOC-R4PCC04U05:260545:260545 [3] NCCL INFO NCCL_SOCKET_IFNAME set by environment to eno7np0
MOC-R4PCC04U05:260545:260545 [3] NCCL INFO Bootstrap: Using eno7np0:192.168.50.193<0>
MOC-R4PCC04U05:260545:260545 [3] NCCL INFO NCCL version 2.26.2+cuda12.2
MOC-R4PCC04U05:260545:260545 [3] NCCL INFO Comm config Blocking set to 1
MOC-R4PCC04U05:260542:260589 [0] NCCL INFO NET/Plugin: Could not find: libnccl-net.so. Using internal net plugin.
MOC-R4PCC04U05:260542:260589 [0] NCCL INFO NCCL_IB_DISABLE set by environment to 0.
MOC-R4PCC04U05:260542:260589 [0] NCCL INFO NCCL_SOCKET_IFNAME set by environment to eno7np0
MOC-R4PCC04U05:260542:260589 [0] NCCL INFO NCCL_IB_HCA set to mlx5_5
MOC-R4PCC04U05:260542:260589 [0] NCCL INFO NET/IB : Using [0]mlx5_5:1/RoCE [RO]; OOB eno7np0:192.168.50.193<0>
MOC-R4PCC04U05:260542:260589 [0] NCCL INFO PROFILER/Plugin: Could not find: libnccl-profiler.so. 
MOC-R4PCC04U05:260542:260589 [0] NCCL INFO Using network IB
MOC-R4PCC04U05:260542:260589 [0] NCCL INFO DMA-BUF is available on GPU device 0
MOC-R4PCC04U05:260542:260589 [0] NCCL INFO ncclCommInitRankConfig comm 0x557d82806350 rank 0 nranks 8 cudaDev 0 nvmlDev 0 busId 6000 commId 0x67f4d051b4ab5e5c - Init START
MOC-R4PCC04U05:260543:260543 [1] NCCL INFO cudaDriverVersion 12040
MOC-R4PCC04U05:260543:260543 [1] NCCL INFO NCCL_SOCKET_IFNAME set by environment to eno7np0
MOC-R4PCC04U05:260543:260543 [1] NCCL INFO Bootstrap: Using eno7np0:192.168.50.193<0>
MOC-R4PCC04U05:260543:260543 [1] NCCL INFO NCCL version 2.26.2+cuda12.2
MOC-R4PCC04U05:260543:260543 [1] NCCL INFO Comm config Blocking set to 1
MOC-R4PCC04U05:260544:260590 [2] NCCL INFO NET/Plugin: Could not find: libnccl-net.so. Using internal net plugin.
MOC-R4PCC04U05:260544:260590 [2] NCCL INFO NCCL_IB_DISABLE set by environment to 0.
MOC-R4PCC04U05:260544:260590 [2] NCCL INFO NCCL_SOCKET_IFNAME set by environment to eno7np0
MOC-R4PCC04U05:260544:260590 [2] NCCL INFO NCCL_IB_HCA set to mlx5_5
MOC-R4PCC04U05:260545:260591 [3] NCCL INFO NET/Plugin: Could not find: libnccl-net.so. Using internal net plugin.
MOC-R4PCC04U05:260545:260591 [3] NCCL INFO NCCL_IB_DISABLE set by environment to 0.
MOC-R4PCC04U05:260545:260591 [3] NCCL INFO NCCL_SOCKET_IFNAME set by environment to eno7np0
MOC-R4PCC04U05:260545:260591 [3] NCCL INFO NCCL_IB_HCA set to mlx5_5
MOC-R4PCC04U05:260544:260590 [2] NCCL INFO NET/IB : Using [0]mlx5_5:1/RoCE [RO]; OOB eno7np0:192.168.50.193<0>
MOC-R4PCC04U05:260544:260590 [2] NCCL INFO PROFILER/Plugin: Could not find: libnccl-profiler.so. 
MOC-R4PCC04U05:260544:260590 [2] NCCL INFO Using network IB
MOC-R4PCC04U05:260545:260591 [3] NCCL INFO NET/IB : Using [0]mlx5_5:1/RoCE [RO]; OOB eno7np0:192.168.50.193<0>
MOC-R4PCC04U05:260545:260591 [3] NCCL INFO PROFILER/Plugin: Could not find: libnccl-profiler.so. 
MOC-R4PCC04U05:260545:260591 [3] NCCL INFO Using network IB
MOC-R4PCC04U05:260544:260590 [2] NCCL INFO DMA-BUF is available on GPU device 2
MOC-R4PCC04U05:260545:260591 [3] NCCL INFO DMA-BUF is available on GPU device 3
MOC-R4PCC04U05:260544:260590 [2] NCCL INFO ncclCommInitRankConfig comm 0x55b2a248b860 rank 2 nranks 8 cudaDev 2 nvmlDev 2 busId a6000 commId 0x67f4d051b4ab5e5c - Init START
MOC-R4PCC04U05:260545:260591 [3] NCCL INFO ncclCommInitRankConfig comm 0x55abbda90c20 rank 3 nranks 8 cudaDev 3 nvmlDev 3 busId c6000 commId 0x67f4d051b4ab5e5c - Init START
MOC-R4PCC04U05:260545:260591 [3] NCCL INFO RAS client listening socket at ::1<28028>
MOC-R4PCC04U05:260543:260593 [1] NCCL INFO NET/Plugin: Could not find: libnccl-net.so. Using internal net plugin.
MOC-R4PCC04U05:260543:260593 [1] NCCL INFO NCCL_IB_DISABLE set by environment to 0.
MOC-R4PCC04U05:260543:260593 [1] NCCL INFO NCCL_SOCKET_IFNAME set by environment to eno7np0
MOC-R4PCC04U05:260543:260593 [1] NCCL INFO NCCL_IB_HCA set to mlx5_5
MOC-R4PCC04U05:260543:260593 [1] NCCL INFO NET/IB : Using [0]mlx5_5:1/RoCE [RO]; OOB eno7np0:192.168.50.193<0>
MOC-R4PCC04U05:260543:260593 [1] NCCL INFO PROFILER/Plugin: Could not find: libnccl-profiler.so. 
MOC-R4PCC04U05:260543:260593 [1] NCCL INFO Using network IB
MOC-R4PCC04U05:260543:260593 [1] NCCL INFO DMA-BUF is available on GPU device 1
MOC-R4PCC04U05:260543:260593 [1] NCCL INFO ncclCommInitRankConfig comm 0x565092902e90 rank 1 nranks 8 cudaDev 1 nvmlDev 1 busId 26000 commId 0x67f4d051b4ab5e5c - Init START
MOC-R4PCC04U05:260543:260593 [1] NCCL INFO RAS client listening socket at ::1<28028>
MOC-R4PCC04U05:260544:260590 [2] NCCL INFO RAS client listening socket at ::1<28028>
MOC-R4PCC04U05:260542:260589 [0] NCCL INFO RAS client listening socket at ::1<28028>
MOC-R4PCC04U05:260543:260593 [1] NCCL INFO Bootstrap timings total 0.004212 (create 0.000104, send 0.000274, recv 0.000449, ring 0.002138, delay 0.000000)
MOC-R4PCC04U05:260542:260589 [0] NCCL INFO Bootstrap timings total 2.201026 (create 0.000147, send 0.000329, recv 2.197175, ring 0.000554, delay 0.000018)
MOC-R4PCC04U05:260544:260590 [2] NCCL INFO Bootstrap timings total 0.814380 (create 0.000146, send 0.000333, recv 0.000476, ring 0.002001, delay 0.000001)
MOC-R4PCC04U05:260545:260591 [3] NCCL INFO Bootstrap timings total 0.814457 (create 0.000149, send 0.000340, recv 0.000631, ring 0.811667, delay 0.000001)
MOC-R4PCC04U05:260543:260593 [1] NCCL INFO Setting affinity for GPU 1 to ffffffff,ffffffff,ffffffff,ffffffff,00000000,00000000,00000000,00000000,ffffffff,ffffffff,ffffffff,ffffffff
MOC-R4PCC04U05:260543:260593 [1] NCCL INFO NVLS multicast support is not available on dev 1
MOC-R4PCC04U05:260542:260589 [0] NCCL INFO Setting affinity for GPU 0 to ffffffff,ffffffff,ffffffff,ffffffff,00000000,00000000,00000000,00000000,ffffffff,ffffffff,ffffffff,ffffffff
MOC-R4PCC04U05:260542:260589 [0] NCCL INFO NVLS multicast support is not available on dev 0
MOC-R4PCC04U05:260544:260590 [2] NCCL INFO Setting affinity for GPU 2 to ffffffff,ffffffff,ffffffff,ffffffff,00000000,00000000,00000000,00000000,ffffffff,ffffffff,ffffffff,ffffffff,00000000,00000000,00000000,00000000
MOC-R4PCC04U05:260544:260590 [2] NCCL INFO NVLS multicast support is not available on dev 2
MOC-R4PCC04U05:260545:260591 [3] NCCL INFO Setting affinity for GPU 3 to ffffffff,ffffffff,ffffffff,ffffffff,00000000,00000000,00000000,00000000,ffffffff,ffffffff,ffffffff,ffffffff,00000000,00000000,00000000,00000000
MOC-R4PCC04U05:260545:260591 [3] NCCL INFO NVLS multicast support is not available on dev 3
MOC-R4PCC04U05:260545:260591 [3] NCCL INFO comm 0x55abbda90c20 rank 3 nRanks 8 nNodes 2 localRanks 4 localRank 3 MNNVL 0
MOC-R4PCC04U05:260544:260590 [2] NCCL INFO comm 0x55b2a248b860 rank 2 nRanks 8 nNodes 2 localRanks 4 localRank 2 MNNVL 0
MOC-R4PCC04U05:260543:260593 [1] NCCL INFO comm 0x565092902e90 rank 1 nRanks 8 nNodes 2 localRanks 4 localRank 1 MNNVL 0
MOC-R4PCC04U05:260542:260589 [0] NCCL INFO comm 0x557d82806350 rank 0 nRanks 8 nNodes 2 localRanks 4 localRank 0 MNNVL 0
MOC-R4PCC04U05:260545:260591 [3] NCCL INFO Trees [0] 0/-1/-1->3->2 [1] 0/-1/-1->3->2 [2] 0/-1/-1->3->2 [3] 0/-1/-1->3->2
MOC-R4PCC04U05:260545:260591 [3] NCCL INFO P2P Chunksize set to 131072
MOC-R4PCC04U05:260543:260593 [1] NCCL INFO Trees [0] -1/-1/-1->1->0 [1] -1/-1/-1->1->0 [2] -1/-1/-1->1->0 [3] -1/-1/-1->1->0
MOC-R4PCC04U05:260544:260590 [2] NCCL INFO Trees [0] 3/6/-1->2->-1 [1] 3/6/-1->2->-1 [2] 3/-1/-1->2->6 [3] 3/-1/-1->2->6
MOC-R4PCC04U05:260543:260593 [1] NCCL INFO P2P Chunksize set to 131072
MOC-R4PCC04U05:260544:260590 [2] NCCL INFO P2P Chunksize set to 131072
MOC-R4PCC04U05:260542:260589 [0] NCCL INFO Channel 00/04 : 0 3 6 5 4 7 2 1
MOC-R4PCC04U05:260542:260589 [0] NCCL INFO Channel 01/04 : 0 3 6 5 4 7 2 1
MOC-R4PCC04U05:260542:260589 [0] NCCL INFO Channel 02/04 : 0 3 6 5 4 7 2 1
MOC-R4PCC04U05:260542:260589 [0] NCCL INFO Channel 03/04 : 0 3 6 5 4 7 2 1
MOC-R4PCC04U05:260542:260589 [0] NCCL INFO Trees [0] 1/-1/-1->0->3 [1] 1/-1/-1->0->3 [2] 1/-1/-1->0->3 [3] 1/-1/-1->0->3
MOC-R4PCC04U05:260542:260589 [0] NCCL INFO P2P Chunksize set to 131072
MOC-R4PCC04U05:260542:260589 [0] NCCL INFO Check P2P Type intraNodeP2pSupport 1 directMode 0
MOC-R4PCC04U05:260545:260605 [3] NCCL INFO [Proxy Service] Device 3 CPU core 447
MOC-R4PCC04U05:260542:260607 [0] NCCL INFO [Proxy Service] Device 0 CPU core 286
MOC-R4PCC04U05:260543:260606 [1] NCCL INFO [Proxy Service] Device 1 CPU core 25
MOC-R4PCC04U05:260545:260610 [3] NCCL INFO [Proxy Service UDS] Device 3 CPU core 455
MOC-R4PCC04U05:260542:260611 [0] NCCL INFO [Proxy Service UDS] Device 0 CPU core 38
MOC-R4PCC04U05:260543:260609 [1] NCCL INFO [Proxy Service UDS] Device 1 CPU core 39
MOC-R4PCC04U05:260544:260608 [2] NCCL INFO [Proxy Service] Device 2 CPU core 192
MOC-R4PCC04U05:260544:260612 [2] NCCL INFO [Proxy Service UDS] Device 2 CPU core 462
MOC-R4PCC04U05:260543:260593 [1] NCCL INFO threadThresholds 8/8/64 | 64/8/64 | 512 | 512
MOC-R4PCC04U05:260543:260593 [1] NCCL INFO 4 coll channels, 4 collnet channels, 0 nvls channels, 4 p2p channels, 2 p2p channels per peer
MOC-R4PCC04U05:260544:260590 [2] NCCL INFO threadThresholds 8/8/64 | 64/8/64 | 512 | 512
MOC-R4PCC04U05:260544:260590 [2] NCCL INFO 4 coll channels, 4 collnet channels, 0 nvls channels, 4 p2p channels, 2 p2p channels per peer
MOC-R4PCC04U05:260545:260591 [3] NCCL INFO threadThresholds 8/8/64 | 64/8/64 | 512 | 512
MOC-R4PCC04U05:260545:260591 [3] NCCL INFO 4 coll channels, 4 collnet channels, 0 nvls channels, 4 p2p channels, 2 p2p channels per peer
MOC-R4PCC04U05:260542:260589 [0] NCCL INFO threadThresholds 8/8/64 | 64/8/64 | 512 | 512
MOC-R4PCC04U05:260542:260589 [0] NCCL INFO 4 coll channels, 4 collnet channels, 0 nvls channels, 4 p2p channels, 2 p2p channels per peer
MOC-R4PCC04U05:260542:260589 [0] NCCL INFO CC Off, workFifoBytes 1048576
MOC-R4PCC04U05:260545:260591 [3] NCCL INFO TUNER/Plugin: Could not find: libnccl-tuner.so. Using internal tuner plugin.
MOC-R4PCC04U05:260545:260591 [3] NCCL INFO ncclCommInitRankConfig comm 0x55abbda90c20 rank 3 nranks 8 cudaDev 3 nvmlDev 3 busId c6000 commId 0x67f4d051b4ab5e5c - Init COMPLETE
MOC-R4PCC04U05:260545:260591 [3] NCCL INFO Init timings - ncclCommInitRankConfig: rank 3 nranks 8 total 4.08 (kernels 0.84, alloc 1.24, bootstrap 0.81, allgathers 0.16, topo 0.75, graphs 0.00, connections 0.27, rest 0.01)
MOC-R4PCC04U05:260543:260593 [1] NCCL INFO TUNER/Plugin: Could not find: libnccl-tuner.so. Using internal tuner plugin.
MOC-R4PCC04U05:260543:260593 [1] NCCL INFO ncclCommInitRankConfig comm 0x565092902e90 rank 1 nranks 8 cudaDev 1 nvmlDev 1 busId 26000 commId 0x67f4d051b4ab5e5c - Init COMPLETE
MOC-R4PCC04U05:260544:260590 [2] NCCL INFO TUNER/Plugin: Could not find: libnccl-tuner.so. Using internal tuner plugin.
MOC-R4PCC04U05:260543:260593 [1] NCCL INFO Init timings - ncclCommInitRankConfig: rank 1 nranks 8 total 3.38 (kernels 1.40, alloc 0.79, bootstrap 0.00, allgathers 0.16, topo 0.74, graphs 0.00, connections 0.26, rest 0.02)
MOC-R4PCC04U05:260544:260590 [2] NCCL INFO ncclCommInitRankConfig comm 0x55b2a248b860 rank 2 nranks 8 cudaDev 2 nvmlDev 2 busId a6000 commId 0x67f4d051b4ab5e5c - Init COMPLETE
MOC-R4PCC04U05:260544:260590 [2] NCCL INFO Init timings - ncclCommInitRankConfig: rank 2 nranks 8 total 4.10 (kernels 0.84, alloc 1.25, bootstrap 0.81, allgathers 0.16, topo 0.74, graphs 0.00, connections 0.27, rest 0.02)
MOC-R4PCC04U05:260542:260589 [0] NCCL INFO TUNER/Plugin: Could not find: libnccl-tuner.so. Using internal tuner plugin.
MOC-R4PCC04U05:260542:260589 [0] NCCL INFO ncclCommInitRankConfig comm 0x557d82806350 rank 0 nranks 8 cudaDev 0 nvmlDev 0 busId 6000 commId 0x67f4d051b4ab5e5c - Init COMPLETE
MOC-R4PCC04U05:260542:260589 [0] NCCL INFO Init timings - ncclCommInitRankConfig: rank 0 nranks 8 total 4.40 (kernels 0.32, alloc 0.68, bootstrap 2.20, allgathers 0.16, topo 0.74, graphs 0.00, connections 0.28, rest 0.00)
MOC-R4PCC04U05:260544:260616 [2] NCCL INFO [Proxy Progress] Device 2 CPU core 455
MOC-R4PCC04U05:260544:260614 [2] NCCL INFO Channel 00/0 : 7[3] -> 2[2] [receive] via NET/IB/1/GDRDMA
MOC-R4PCC04U05:260545:260613 [3] NCCL INFO Channel 00/0 : 3[3] -> 6[2] [send] via NET/IB/1(2)/GDRDMA
MOC-R4PCC04U05:260544:260614 [2] NCCL INFO Channel 01/0 : 7[3] -> 2[2] [receive] via NET/IB/1/GDRDMA
MOC-R4PCC04U05:260545:260613 [3] NCCL INFO Channel 01/0 : 3[3] -> 6[2] [send] via NET/IB/1(2)/GDRDMA
MOC-R4PCC04U05:260544:260614 [2] NCCL INFO Channel 02/0 : 7[3] -> 2[2] [receive] via NET/IB/1/GDRDMA
MOC-R4PCC04U05:260545:260613 [3] NCCL INFO Channel 02/0 : 3[3] -> 6[2] [send] via NET/IB/1(2)/GDRDMA
MOC-R4PCC04U05:260544:260614 [2] NCCL INFO Channel 03/0 : 7[3] -> 2[2] [receive] via NET/IB/1/GDRDMA
MOC-R4PCC04U05:260545:260613 [3] NCCL INFO Channel 03/0 : 3[3] -> 6[2] [send] via NET/IB/1(2)/GDRDMA
MOC-R4PCC04U05:260544:260614 [2] NCCL INFO Channel 00/0 : 2[2] -> 1[1] via P2P/CUMEM
MOC-R4PCC04U05:260542:260617 [0] NCCL INFO Channel 00/0 : 0[0] -> 3[3] via P2P/CUMEM
MOC-R4PCC04U05:260544:260614 [2] NCCL INFO Channel 01/0 : 2[2] -> 1[1] via P2P/CUMEM
MOC-R4PCC04U05:260542:260617 [0] NCCL INFO Channel 01/0 : 0[0] -> 3[3] via P2P/CUMEM
MOC-R4PCC04U05:260544:260614 [2] NCCL INFO Channel 02/0 : 2[2] -> 1[1] via P2P/CUMEM
MOC-R4PCC04U05:260542:260617 [0] NCCL INFO Channel 02/0 : 0[0] -> 3[3] via P2P/CUMEM
MOC-R4PCC04U05:260544:260614 [2] NCCL INFO Channel 03/0 : 2[2] -> 1[1] via P2P/CUMEM
MOC-R4PCC04U05:260542:260617 [0] NCCL INFO Channel 03/0 : 0[0] -> 3[3] via P2P/CUMEM
MOC-R4PCC04U05:260543:260615 [1] NCCL INFO Channel 00/0 : 1[1] -> 0[0] via P2P/CUMEM
MOC-R4PCC04U05:260543:260615 [1] NCCL INFO Channel 01/0 : 1[1] -> 0[0] via P2P/CUMEM
MOC-R4PCC04U05:260543:260615 [1] NCCL INFO Channel 02/0 : 1[1] -> 0[0] via P2P/CUMEM
MOC-R4PCC04U05:260543:260615 [1] NCCL INFO Channel 03/0 : 1[1] -> 0[0] via P2P/CUMEM
MOC-R4PCC04U05:260545:260613 [3] NCCL INFO Connected all rings, use ring PXN 1 GDR 1
MOC-R4PCC04U05:260543:260615 [1] NCCL INFO Connected all rings, use ring PXN 1 GDR 1
MOC-R4PCC04U05:260544:260614 [2] NCCL INFO Connected all rings, use ring PXN 1 GDR 1
MOC-R4PCC04U05:260542:260617 [0] NCCL INFO Connected all rings, use ring PXN 1 GDR 1
num decayed parameter tensors: 50, with 124,318,464 parameters
num non-decayed parameter tensors: 98, with 121,344 parameters
using fused AdamW: False
using regular AdamW
MOC-R4PCC04U05:260544:261314 [2] NCCL INFO Channel 00/0 : 2[2] -> 3[3] via P2P/CUMEM
MOC-R4PCC04U05:260544:261314 [2] NCCL INFO Channel 01/0 : 2[2] -> 3[3] via P2P/CUMEM
MOC-R4PCC04U05:260544:261314 [2] NCCL INFO Channel 02/0 : 2[2] -> 3[3] via P2P/CUMEM
MOC-R4PCC04U05:260544:261314 [2] NCCL INFO Channel 03/0 : 2[2] -> 3[3] via P2P/CUMEM
MOC-R4PCC04U05:260545:261312 [3] NCCL INFO Channel 00/0 : 3[3] -> 0[0] via P2P/CUMEM
MOC-R4PCC04U05:260544:261314 [2] NCCL INFO Channel 00/0 : 6[2] -> 2[2] [receive] via NET/IB/1/GDRDMA
MOC-R4PCC04U05:260544:261314 [2] NCCL INFO Channel 01/0 : 6[2] -> 2[2] [receive] via NET/IB/1/GDRDMA
MOC-R4PCC04U05:260544:261314 [2] NCCL INFO Channel 02/0 : 6[2] -> 2[2] [receive] via NET/IB/1/GDRDMA
MOC-R4PCC04U05:260544:261314 [2] NCCL INFO Channel 03/0 : 6[2] -> 2[2] [receive] via NET/IB/1/GDRDMA
MOC-R4PCC04U05:260545:261312 [3] NCCL INFO Channel 01/0 : 3[3] -> 0[0] via P2P/CUMEM
MOC-R4PCC04U05:260544:261314 [2] NCCL INFO Channel 00/0 : 2[2] -> 6[2] [send] via NET/IB/1/GDRDMA
MOC-R4PCC04U05:260544:261314 [2] NCCL INFO Channel 01/0 : 2[2] -> 6[2] [send] via NET/IB/1/GDRDMA
MOC-R4PCC04U05:260545:261312 [3] NCCL INFO Channel 02/0 : 3[3] -> 0[0] via P2P/CUMEM
MOC-R4PCC04U05:260544:261314 [2] NCCL INFO Channel 02/0 : 2[2] -> 6[2] [send] via NET/IB/1/GDRDMA
MOC-R4PCC04U05:260544:261314 [2] NCCL INFO Channel 03/0 : 2[2] -> 6[2] [send] via NET/IB/1/GDRDMA
MOC-R4PCC04U05:260545:261312 [3] NCCL INFO Channel 03/0 : 3[3] -> 0[0] via P2P/CUMEM
MOC-R4PCC04U05:260542:261315 [0] NCCL INFO Channel 00/0 : 0[0] -> 1[1] via P2P/CUMEM
MOC-R4PCC04U05:260542:261315 [0] NCCL INFO Channel 01/0 : 0[0] -> 1[1] via P2P/CUMEM
MOC-R4PCC04U05:260542:261315 [0] NCCL INFO Channel 02/0 : 0[0] -> 1[1] via P2P/CUMEM
MOC-R4PCC04U05:260542:261315 [0] NCCL INFO Channel 03/0 : 0[0] -> 1[1] via P2P/CUMEM
MOC-R4PCC04U05:260545:261312 [3] NCCL INFO Channel 00/0 : 3[3] -> 2[2] via P2P/CUMEM
MOC-R4PCC04U05:260545:261312 [3] NCCL INFO Channel 01/0 : 3[3] -> 2[2] via P2P/CUMEM
MOC-R4PCC04U05:260545:261312 [3] NCCL INFO Channel 02/0 : 3[3] -> 2[2] via P2P/CUMEM
MOC-R4PCC04U05:260545:261312 [3] NCCL INFO Channel 03/0 : 3[3] -> 2[2] via P2P/CUMEM
MOC-R4PCC04U05:260543:261313 [1] NCCL INFO Connected all trees
MOC-R4PCC04U05:260542:261315 [0] NCCL INFO Connected all trees
MOC-R4PCC04U05:260544:261314 [2] NCCL INFO Connected all trees
MOC-R4PCC04U05:260545:261312 [3] NCCL INFO Connected all trees
step    1/10 | train loss 11.010164 | norm 15.3784 | lr 1.00e-04 | (14137.73 ms | 129795 tok/s)
step    2/10 | train loss 10.136257 | norm 5.7532 | lr 1.00e-04 | (562.21 ms | 3263903 tok/s)
step    3/10 | train loss 9.794409 | norm 2.6140 | lr 1.00e-04 | (556.14 ms | 3299569 tok/s)
step    4/10 | train loss 9.624500 | norm 2.1149 | lr 1.00e-04 | (561.45 ms | 3268311 tok/s)
step    5/10 | train loss 9.541206 | norm 2.1072 | lr 1.00e-04 | (562.51 ms | 3262198 tok/s)
step    6/10 | train loss 9.459825 | norm 2.0014 | lr 1.00e-04 | (562.79 ms | 3260537 tok/s)
step    7/10 | train loss 9.374058 | norm 1.9510 | lr 1.00e-04 | (560.71 ms | 3272672 tok/s)
step    8/10 | train loss 9.281910 | norm 1.9181 | lr 1.00e-04 | (564.26 ms | 3252034 tok/s)
step    9/10 | train loss 9.186086 | norm 1.8610 | lr 1.00e-04 | (559.99 ms | 3276871 tok/s)
step   10/10 | train loss 9.101141 | norm 1.8022 | lr 1.00e-04 | (563.27 ms | 3257750 tok/s)
final 9 iters avg: 561.482ms
peak memory consumption: 16601 MiB
MOC-R4PCC04U05:260543:261326 [1] NCCL INFO comm 0x565092902e90 rank 1 nranks 8 cudaDev 1 busId 26000 - Destroy COMPLETE
MOC-R4PCC04U05:260542:261327 [0] NCCL INFO comm 0x557d82806350 rank 0 nranks 8 cudaDev 0 busId 6000 - Destroy COMPLETE
MOC-R4PCC04U05:260545:261324 [3] NCCL INFO comm 0x55abbda90c20 rank 3 nranks 8 cudaDev 3 busId c6000 - Destroy COMPLETE
MOC-R4PCC04U05:260544:261325 [2] NCCL INFO comm 0x55b2a248b860 rank 2 nranks 8 cudaDev 2 busId a6000 - Destroy COMPLETE
