Running pytorch 2.7.0+cu126
using device: cuda:0
total desired batch size: 1048576
=> calculated gradient accumulation steps: 2
using device: cuda:1
using device: cuda:2
using device: cuda:3
compiling the model...
DataLoader: total number of tokens: 1,661,249,667 across 103 files
MOC-R4PCC04U05:111843:111843 [0] NCCL INFO NCCL_SOCKET_IFNAME set by environment to eno7np0
MOC-R4PCC04U05:111843:111843 [0] NCCL INFO Bootstrap: Using eno7np0:192.168.50.193<0>
MOC-R4PCC04U05:111843:111843 [0] NCCL INFO cudaDriverVersion 12040
MOC-R4PCC04U05:111843:111843 [0] NCCL INFO NCCL version 2.26.2+cuda12.2
MOC-R4PCC04U05:111843:111843 [0] NCCL INFO Comm config Blocking set to 1
MOC-R4PCC04U05:111843:111885 [0] NCCL INFO NET/Plugin: Could not find: libnccl-net.so. Using internal net plugin.
MOC-R4PCC04U05:111843:111885 [0] NCCL INFO NCCL_IB_DISABLE set by environment to 0.
MOC-R4PCC04U05:111843:111885 [0] NCCL INFO NCCL_SOCKET_IFNAME set by environment to eno7np0
MOC-R4PCC04U05:111843:111885 [0] NCCL INFO NCCL_IB_HCA set to mlx5_5
MOC-R4PCC04U05:111845:111845 [2] NCCL INFO cudaDriverVersion 12040
MOC-R4PCC04U05:111845:111845 [2] NCCL INFO NCCL_SOCKET_IFNAME set by environment to eno7np0
MOC-R4PCC04U05:111845:111845 [2] NCCL INFO Bootstrap: Using eno7np0:192.168.50.193<0>
MOC-R4PCC04U05:111845:111845 [2] NCCL INFO NCCL version 2.26.2+cuda12.2
MOC-R4PCC04U05:111845:111845 [2] NCCL INFO Comm config Blocking set to 1
MOC-R4PCC04U05:111844:111844 [1] NCCL INFO cudaDriverVersion 12040
MOC-R4PCC04U05:111844:111844 [1] NCCL INFO NCCL_SOCKET_IFNAME set by environment to eno7np0
MOC-R4PCC04U05:111844:111844 [1] NCCL INFO Bootstrap: Using eno7np0:192.168.50.193<0>
MOC-R4PCC04U05:111844:111844 [1] NCCL INFO NCCL version 2.26.2+cuda12.2
MOC-R4PCC04U05:111844:111844 [1] NCCL INFO Comm config Blocking set to 1
MOC-R4PCC04U05:111843:111885 [0] NCCL INFO NET/IB : Using [0]mlx5_5:1/RoCE [RO]; OOB eno7np0:192.168.50.193<0>
MOC-R4PCC04U05:111843:111885 [0] NCCL INFO PROFILER/Plugin: Could not find: libnccl-profiler.so. 
MOC-R4PCC04U05:111843:111885 [0] NCCL INFO Using network IB
MOC-R4PCC04U05:111843:111885 [0] NCCL INFO DMA-BUF is available on GPU device 0
MOC-R4PCC04U05:111843:111885 [0] NCCL INFO ncclCommInitRankConfig comm 0x55848fa3e390 rank 0 nranks 16 cudaDev 0 nvmlDev 0 busId 6000 commId 0x78bbd51fcc4f22b7 - Init START
MOC-R4PCC04U05:111846:111846 [3] NCCL INFO cudaDriverVersion 12040
MOC-R4PCC04U05:111846:111846 [3] NCCL INFO NCCL_SOCKET_IFNAME set by environment to eno7np0
MOC-R4PCC04U05:111846:111846 [3] NCCL INFO Bootstrap: Using eno7np0:192.168.50.193<0>
MOC-R4PCC04U05:111846:111846 [3] NCCL INFO NCCL version 2.26.2+cuda12.2
MOC-R4PCC04U05:111846:111846 [3] NCCL INFO Comm config Blocking set to 1
MOC-R4PCC04U05:111845:111886 [2] NCCL INFO NET/Plugin: Could not find: libnccl-net.so. Using internal net plugin.
MOC-R4PCC04U05:111845:111886 [2] NCCL INFO NCCL_IB_DISABLE set by environment to 0.
MOC-R4PCC04U05:111845:111886 [2] NCCL INFO NCCL_SOCKET_IFNAME set by environment to eno7np0
MOC-R4PCC04U05:111845:111886 [2] NCCL INFO NCCL_IB_HCA set to mlx5_5
MOC-R4PCC04U05:111844:111887 [1] NCCL INFO NET/Plugin: Could not find: libnccl-net.so. Using internal net plugin.
MOC-R4PCC04U05:111844:111887 [1] NCCL INFO NCCL_IB_DISABLE set by environment to 0.
MOC-R4PCC04U05:111844:111887 [1] NCCL INFO NCCL_SOCKET_IFNAME set by environment to eno7np0
MOC-R4PCC04U05:111844:111887 [1] NCCL INFO NCCL_IB_HCA set to mlx5_5
MOC-R4PCC04U05:111845:111886 [2] NCCL INFO NET/IB : Using [0]mlx5_5:1/RoCE [RO]; OOB eno7np0:192.168.50.193<0>
MOC-R4PCC04U05:111845:111886 [2] NCCL INFO PROFILER/Plugin: Could not find: libnccl-profiler.so. 
MOC-R4PCC04U05:111845:111886 [2] NCCL INFO Using network IB
MOC-R4PCC04U05:111844:111887 [1] NCCL INFO NET/IB : Using [0]mlx5_5:1/RoCE [RO]; OOB eno7np0:192.168.50.193<0>
MOC-R4PCC04U05:111844:111887 [1] NCCL INFO PROFILER/Plugin: Could not find: libnccl-profiler.so. 
MOC-R4PCC04U05:111844:111887 [1] NCCL INFO Using network IB
MOC-R4PCC04U05:111846:111890 [3] NCCL INFO NET/Plugin: Could not find: libnccl-net.so. Using internal net plugin.
MOC-R4PCC04U05:111846:111890 [3] NCCL INFO NCCL_IB_DISABLE set by environment to 0.
MOC-R4PCC04U05:111846:111890 [3] NCCL INFO NCCL_SOCKET_IFNAME set by environment to eno7np0
MOC-R4PCC04U05:111846:111890 [3] NCCL INFO NCCL_IB_HCA set to mlx5_5
MOC-R4PCC04U05:111846:111890 [3] NCCL INFO NET/IB : Using [0]mlx5_5:1/RoCE [RO]; OOB eno7np0:192.168.50.193<0>
MOC-R4PCC04U05:111846:111890 [3] NCCL INFO PROFILER/Plugin: Could not find: libnccl-profiler.so. 
MOC-R4PCC04U05:111846:111890 [3] NCCL INFO Using network IB
MOC-R4PCC04U05:111844:111887 [1] NCCL INFO DMA-BUF is available on GPU device 1
MOC-R4PCC04U05:111845:111886 [2] NCCL INFO DMA-BUF is available on GPU device 2
MOC-R4PCC04U05:111844:111887 [1] NCCL INFO ncclCommInitRankConfig comm 0x5569558800e0 rank 1 nranks 16 cudaDev 1 nvmlDev 1 busId 26000 commId 0x78bbd51fcc4f22b7 - Init START
MOC-R4PCC04U05:111843:111885 [0] NCCL INFO RAS client listening socket at ::1<28028>
MOC-R4PCC04U05:111845:111886 [2] NCCL INFO ncclCommInitRankConfig comm 0x55d2fe947100 rank 2 nranks 16 cudaDev 2 nvmlDev 2 busId a6000 commId 0x78bbd51fcc4f22b7 - Init START
MOC-R4PCC04U05:111844:111887 [1] NCCL INFO RAS client listening socket at ::1<28028>
MOC-R4PCC04U05:111846:111890 [3] NCCL INFO DMA-BUF is available on GPU device 3
MOC-R4PCC04U05:111846:111890 [3] NCCL INFO ncclCommInitRankConfig comm 0x562641ad7370 rank 3 nranks 16 cudaDev 3 nvmlDev 3 busId c6000 commId 0x78bbd51fcc4f22b7 - Init START
MOC-R4PCC04U05:111846:111890 [3] NCCL INFO RAS client listening socket at ::1<28028>
MOC-R4PCC04U05:111845:111886 [2] NCCL INFO RAS client listening socket at ::1<28028>
MOC-R4PCC04U05:111846:111890 [3] NCCL INFO Bootstrap timings total 0.203190 (create 0.000103, send 0.000208, recv 0.000437, ring 0.201263, delay 0.000001)
MOC-R4PCC04U05:111843:111885 [0] NCCL INFO Bootstrap timings total 2.301488 (create 0.000141, send 0.000431, recv 1.858019, ring 0.441407, delay 0.000001)
MOC-R4PCC04U05:111844:111887 [1] NCCL INFO Bootstrap timings total 0.443808 (create 0.000148, send 0.000252, recv 0.041083, ring 0.401058, delay 0.000001)
MOC-R4PCC04U05:111845:111886 [2] NCCL INFO Bootstrap timings total 0.403210 (create 0.000155, send 0.000294, recv 0.200232, ring 0.200948, delay 0.000001)
MOC-R4PCC04U05:111843:111885 [0] NCCL INFO Setting affinity for GPU 0 to ffffffff,ffffffff,ffffffff,ffffffff,00000000,00000000,00000000,00000000,ffffffff,ffffffff,ffffffff,ffffffff
MOC-R4PCC04U05:111843:111885 [0] NCCL INFO NVLS multicast support is not available on dev 0
MOC-R4PCC04U05:111846:111890 [3] NCCL INFO Setting affinity for GPU 3 to ffffffff,ffffffff,ffffffff,ffffffff,00000000,00000000,00000000,00000000,ffffffff,ffffffff,ffffffff,ffffffff,00000000,00000000,00000000,00000000
MOC-R4PCC04U05:111846:111890 [3] NCCL INFO NVLS multicast support is not available on dev 3
MOC-R4PCC04U05:111844:111887 [1] NCCL INFO Setting affinity for GPU 1 to ffffffff,ffffffff,ffffffff,ffffffff,00000000,00000000,00000000,00000000,ffffffff,ffffffff,ffffffff,ffffffff
MOC-R4PCC04U05:111844:111887 [1] NCCL INFO NVLS multicast support is not available on dev 1
MOC-R4PCC04U05:111845:111886 [2] NCCL INFO Setting affinity for GPU 2 to ffffffff,ffffffff,ffffffff,ffffffff,00000000,00000000,00000000,00000000,ffffffff,ffffffff,ffffffff,ffffffff,00000000,00000000,00000000,00000000
MOC-R4PCC04U05:111845:111886 [2] NCCL INFO NVLS multicast support is not available on dev 2
MOC-R4PCC04U05:111845:111886 [2] NCCL INFO comm 0x55d2fe947100 rank 2 nRanks 16 nNodes 4 localRanks 4 localRank 2 MNNVL 0
MOC-R4PCC04U05:111846:111890 [3] NCCL INFO comm 0x562641ad7370 rank 3 nRanks 16 nNodes 4 localRanks 4 localRank 3 MNNVL 0
MOC-R4PCC04U05:111844:111887 [1] NCCL INFO comm 0x5569558800e0 rank 1 nRanks 16 nNodes 4 localRanks 4 localRank 1 MNNVL 0
MOC-R4PCC04U05:111845:111886 [2] NCCL INFO Trees [0] 3/10/-1->2->-1 [1] 3/10/-1->2->-1 [2] 3/-1/-1->2->6 [3] 3/-1/-1->2->6
MOC-R4PCC04U05:111845:111886 [2] NCCL INFO P2P Chunksize set to 131072
MOC-R4PCC04U05:111843:111885 [0] NCCL INFO comm 0x55848fa3e390 rank 0 nRanks 16 nNodes 4 localRanks 4 localRank 0 MNNVL 0
MOC-R4PCC04U05:111844:111887 [1] NCCL INFO Trees [0] -1/-1/-1->1->0 [1] -1/-1/-1->1->0 [2] -1/-1/-1->1->0 [3] -1/-1/-1->1->0
MOC-R4PCC04U05:111844:111887 [1] NCCL INFO P2P Chunksize set to 131072
MOC-R4PCC04U05:111846:111890 [3] NCCL INFO Trees [0] 0/-1/-1->3->2 [1] 0/-1/-1->3->2 [2] 0/-1/-1->3->2 [3] 0/-1/-1->3->2
MOC-R4PCC04U05:111846:111890 [3] NCCL INFO P2P Chunksize set to 131072
MOC-R4PCC04U05:111843:111885 [0] NCCL INFO Channel 00/04 :  0  3  6  5  4  7 10  9  8 11 14 13 12 15  2  1
MOC-R4PCC04U05:111843:111885 [0] NCCL INFO Channel 01/04 :  0  3  6  5  4  7 10  9  8 11 14 13 12 15  2  1
MOC-R4PCC04U05:111843:111885 [0] NCCL INFO Channel 02/04 :  0  3  6  5  4  7 10  9  8 11 14 13 12 15  2  1
MOC-R4PCC04U05:111843:111885 [0] NCCL INFO Channel 03/04 :  0  3  6  5  4  7 10  9  8 11 14 13 12 15  2  1
MOC-R4PCC04U05:111843:111885 [0] NCCL INFO Trees [0] 1/-1/-1->0->3 [1] 1/-1/-1->0->3 [2] 1/-1/-1->0->3 [3] 1/-1/-1->0->3
MOC-R4PCC04U05:111843:111885 [0] NCCL INFO P2P Chunksize set to 131072
MOC-R4PCC04U05:111843:111885 [0] NCCL INFO Check P2P Type intraNodeP2pSupport 1 directMode 0
MOC-R4PCC04U05:111845:111902 [2] NCCL INFO [Proxy Service] Device 2 CPU core 235
MOC-R4PCC04U05:111843:111905 [0] NCCL INFO [Proxy Service] Device 0 CPU core 23
MOC-R4PCC04U05:111845:111903 [2] NCCL INFO [Proxy Service UDS] Device 2 CPU core 247
MOC-R4PCC04U05:111846:111906 [3] NCCL INFO [Proxy Service] Device 3 CPU core 407
MOC-R4PCC04U05:111843:111909 [0] NCCL INFO [Proxy Service UDS] Device 0 CPU core 39
MOC-R4PCC04U05:111846:111908 [3] NCCL INFO [Proxy Service UDS] Device 3 CPU core 415
MOC-R4PCC04U05:111844:111904 [1] NCCL INFO [Proxy Service] Device 1 CPU core 264
MOC-R4PCC04U05:111844:111907 [1] NCCL INFO [Proxy Service UDS] Device 1 CPU core 31
MOC-R4PCC04U05:111845:111886 [2] NCCL INFO threadThresholds 8/8/64 | 128/8/64 | 512 | 512
MOC-R4PCC04U05:111845:111886 [2] NCCL INFO 4 coll channels, 4 collnet channels, 0 nvls channels, 4 p2p channels, 1 p2p channels per peer
MOC-R4PCC04U05:111844:111887 [1] NCCL INFO threadThresholds 8/8/64 | 128/8/64 | 512 | 512
MOC-R4PCC04U05:111844:111887 [1] NCCL INFO 4 coll channels, 4 collnet channels, 0 nvls channels, 4 p2p channels, 1 p2p channels per peer
MOC-R4PCC04U05:111846:111890 [3] NCCL INFO threadThresholds 8/8/64 | 128/8/64 | 512 | 512
MOC-R4PCC04U05:111846:111890 [3] NCCL INFO 4 coll channels, 4 collnet channels, 0 nvls channels, 4 p2p channels, 1 p2p channels per peer
MOC-R4PCC04U05:111843:111885 [0] NCCL INFO threadThresholds 8/8/64 | 128/8/64 | 512 | 512
MOC-R4PCC04U05:111843:111885 [0] NCCL INFO 4 coll channels, 4 collnet channels, 0 nvls channels, 4 p2p channels, 1 p2p channels per peer
MOC-R4PCC04U05:111843:111885 [0] NCCL INFO CC Off, workFifoBytes 1048576
MOC-R4PCC04U05:111845:111886 [2] NCCL INFO TUNER/Plugin: Could not find: libnccl-tuner.so. Using internal tuner plugin.
MOC-R4PCC04U05:111845:111886 [2] NCCL INFO ncclCommInitRankConfig comm 0x55d2fe947100 rank 2 nranks 16 cudaDev 2 nvmlDev 2 busId a6000 commId 0x78bbd51fcc4f22b7 - Init COMPLETE
MOC-R4PCC04U05:111845:111886 [2] NCCL INFO Init timings - ncclCommInitRankConfig: rank 2 nranks 16 total 4.90 (kernels 0.85, alloc 1.70, bootstrap 0.40, allgathers 0.37, topo 0.78, graphs 0.00, connections 0.77, rest 0.02)
MOC-R4PCC04U05:111846:111890 [3] NCCL INFO TUNER/Plugin: Could not find: libnccl-tuner.so. Using internal tuner plugin.
MOC-R4PCC04U05:111846:111890 [3] NCCL INFO ncclCommInitRankConfig comm 0x562641ad7370 rank 3 nranks 16 cudaDev 3 nvmlDev 3 busId c6000 commId 0x78bbd51fcc4f22b7 - Init COMPLETE
MOC-R4PCC04U05:111846:111890 [3] NCCL INFO Init timings - ncclCommInitRankConfig: rank 3 nranks 16 total 4.23 (kernels 0.51, alloc 1.58, bootstrap 0.20, allgathers 0.37, topo 0.78, graphs 0.00, connections 0.79, rest 0.00)
MOC-R4PCC04U05:111844:111887 [1] NCCL INFO TUNER/Plugin: Could not find: libnccl-tuner.so. Using internal tuner plugin.
MOC-R4PCC04U05:111844:111887 [1] NCCL INFO ncclCommInitRankConfig comm 0x5569558800e0 rank 1 nranks 16 cudaDev 1 nvmlDev 1 busId 26000 commId 0x78bbd51fcc4f22b7 - Init COMPLETE
MOC-R4PCC04U05:111844:111887 [1] NCCL INFO Init timings - ncclCommInitRankConfig: rank 1 nranks 16 total 4.84 (kernels 0.79, alloc 1.66, bootstrap 0.44, allgathers 0.37, topo 0.78, graphs 0.00, connections 0.78, rest 0.02)
MOC-R4PCC04U05:111843:111885 [0] NCCL INFO TUNER/Plugin: Could not find: libnccl-tuner.so. Using internal tuner plugin.
MOC-R4PCC04U05:111843:111885 [0] NCCL INFO ncclCommInitRankConfig comm 0x55848fa3e390 rank 0 nranks 16 cudaDev 0 nvmlDev 0 busId 6000 commId 0x78bbd51fcc4f22b7 - Init COMPLETE
MOC-R4PCC04U05:111843:111885 [0] NCCL INFO Init timings - ncclCommInitRankConfig: rank 0 nranks 16 total 5.25 (kernels 0.31, alloc 0.69, bootstrap 2.30, allgathers 0.37, topo 0.78, graphs 0.00, connections 0.79, rest 0.00)
MOC-R4PCC04U05:111843:111979 [0] NCCL INFO Channel 00/0 : 0[0] -> 3[3] via P2P/CUMEM
MOC-R4PCC04U05:111843:111979 [0] NCCL INFO Channel 01/0 : 0[0] -> 3[3] via P2P/CUMEM
MOC-R4PCC04U05:111843:111979 [0] NCCL INFO Channel 02/0 : 0[0] -> 3[3] via P2P/CUMEM
MOC-R4PCC04U05:111844:111978 [1] NCCL INFO Channel 00/0 : 1[1] -> 0[0] via P2P/CUMEM
MOC-R4PCC04U05:111843:111979 [0] NCCL INFO Channel 03/0 : 0[0] -> 3[3] via P2P/CUMEM
MOC-R4PCC04U05:111844:111978 [1] NCCL INFO Channel 01/0 : 1[1] -> 0[0] via P2P/CUMEM
MOC-R4PCC04U05:111844:111978 [1] NCCL INFO Channel 02/0 : 1[1] -> 0[0] via P2P/CUMEM
MOC-R4PCC04U05:111844:111978 [1] NCCL INFO Channel 03/0 : 1[1] -> 0[0] via P2P/CUMEM
MOC-R4PCC04U05:111845:111981 [2] NCCL INFO [Proxy Progress] Device 2 CPU core 239
MOC-R4PCC04U05:111845:111977 [2] NCCL INFO Channel 00/0 : 15[3] -> 2[2] [receive] via NET/IB/1/GDRDMA
MOC-R4PCC04U05:111846:111980 [3] NCCL INFO Channel 00/0 : 3[3] -> 6[2] [send] via NET/IB/1(2)/GDRDMA
MOC-R4PCC04U05:111845:111977 [2] NCCL INFO Channel 01/0 : 15[3] -> 2[2] [receive] via NET/IB/1/GDRDMA
MOC-R4PCC04U05:111846:111980 [3] NCCL INFO Channel 01/0 : 3[3] -> 6[2] [send] via NET/IB/1(2)/GDRDMA
MOC-R4PCC04U05:111845:111977 [2] NCCL INFO Channel 02/0 : 15[3] -> 2[2] [receive] via NET/IB/1/GDRDMA
MOC-R4PCC04U05:111846:111980 [3] NCCL INFO Channel 02/0 : 3[3] -> 6[2] [send] via NET/IB/1(2)/GDRDMA
MOC-R4PCC04U05:111845:111977 [2] NCCL INFO Channel 03/0 : 15[3] -> 2[2] [receive] via NET/IB/1/GDRDMA
MOC-R4PCC04U05:111846:111980 [3] NCCL INFO Channel 03/0 : 3[3] -> 6[2] [send] via NET/IB/1(2)/GDRDMA
MOC-R4PCC04U05:111845:111977 [2] NCCL INFO Channel 00/0 : 2[2] -> 1[1] via P2P/CUMEM
MOC-R4PCC04U05:111845:111977 [2] NCCL INFO Channel 01/0 : 2[2] -> 1[1] via P2P/CUMEM
MOC-R4PCC04U05:111845:111977 [2] NCCL INFO Channel 02/0 : 2[2] -> 1[1] via P2P/CUMEM
MOC-R4PCC04U05:111845:111977 [2] NCCL INFO Channel 03/0 : 2[2] -> 1[1] via P2P/CUMEM
MOC-R4PCC04U05:111846:111980 [3] NCCL INFO Connected all rings, use ring PXN 1 GDR 1
MOC-R4PCC04U05:111844:111978 [1] NCCL INFO Connected all rings, use ring PXN 1 GDR 1
MOC-R4PCC04U05:111845:111977 [2] NCCL INFO Connected all rings, use ring PXN 1 GDR 1
MOC-R4PCC04U05:111843:111979 [0] NCCL INFO Connected all rings, use ring PXN 1 GDR 1
num decayed parameter tensors: 50, with 124,318,464 parameters
num non-decayed parameter tensors: 98, with 121,344 parameters
using fused AdamW: False
using regular AdamW
MOC-R4PCC04U05:111843:112607 [0] NCCL INFO Channel 00/0 : 0[0] -> 1[1] via P2P/CUMEM
MOC-R4PCC04U05:111843:112607 [0] NCCL INFO Channel 01/0 : 0[0] -> 1[1] via P2P/CUMEM
MOC-R4PCC04U05:111843:112607 [0] NCCL INFO Channel 02/0 : 0[0] -> 1[1] via P2P/CUMEM
MOC-R4PCC04U05:111843:112607 [0] NCCL INFO Channel 03/0 : 0[0] -> 1[1] via P2P/CUMEM
MOC-R4PCC04U05:111845:112608 [2] NCCL INFO Channel 00/0 : 2[2] -> 3[3] via P2P/CUMEM
MOC-R4PCC04U05:111845:112608 [2] NCCL INFO Channel 01/0 : 2[2] -> 3[3] via P2P/CUMEM
MOC-R4PCC04U05:111845:112608 [2] NCCL INFO Channel 02/0 : 2[2] -> 3[3] via P2P/CUMEM
MOC-R4PCC04U05:111845:112608 [2] NCCL INFO Channel 03/0 : 2[2] -> 3[3] via P2P/CUMEM
MOC-R4PCC04U05:111846:112609 [3] NCCL INFO Channel 00/0 : 3[3] -> 0[0] via P2P/CUMEM
MOC-R4PCC04U05:111845:112608 [2] NCCL INFO Channel 02/0 : 2[2] -> 6[2] [send] via NET/IB/1/GDRDMA
MOC-R4PCC04U05:111845:112608 [2] NCCL INFO Channel 03/0 : 2[2] -> 6[2] [send] via NET/IB/1/GDRDMA
MOC-R4PCC04U05:111846:112609 [3] NCCL INFO Channel 01/0 : 3[3] -> 0[0] via P2P/CUMEM
MOC-R4PCC04U05:111846:112609 [3] NCCL INFO Channel 02/0 : 3[3] -> 0[0] via P2P/CUMEM
MOC-R4PCC04U05:111846:112609 [3] NCCL INFO Channel 03/0 : 3[3] -> 0[0] via P2P/CUMEM
MOC-R4PCC04U05:111846:112609 [3] NCCL INFO Channel 00/0 : 3[3] -> 2[2] via P2P/CUMEM
MOC-R4PCC04U05:111846:112609 [3] NCCL INFO Channel 01/0 : 3[3] -> 2[2] via P2P/CUMEM
MOC-R4PCC04U05:111846:112609 [3] NCCL INFO Channel 02/0 : 3[3] -> 2[2] via P2P/CUMEM
MOC-R4PCC04U05:111846:112609 [3] NCCL INFO Channel 03/0 : 3[3] -> 2[2] via P2P/CUMEM
MOC-R4PCC04U05:111844:112610 [1] NCCL INFO Connected all trees
MOC-R4PCC04U05:111845:112608 [2] NCCL INFO Channel 00/0 : 10[2] -> 2[2] [receive] via NET/IB/1/GDRDMA
MOC-R4PCC04U05:111845:112608 [2] NCCL INFO Channel 01/0 : 10[2] -> 2[2] [receive] via NET/IB/1/GDRDMA
MOC-R4PCC04U05:111845:112608 [2] NCCL INFO Channel 00/0 : 2[2] -> 10[2] [send] via NET/IB/1/GDRDMA
MOC-R4PCC04U05:111845:112608 [2] NCCL INFO Channel 01/0 : 2[2] -> 10[2] [send] via NET/IB/1/GDRDMA
MOC-R4PCC04U05:111845:112608 [2] NCCL INFO Channel 02/0 : 6[2] -> 2[2] [receive] via NET/IB/1/GDRDMA
MOC-R4PCC04U05:111845:112608 [2] NCCL INFO Channel 03/0 : 6[2] -> 2[2] [receive] via NET/IB/1/GDRDMA
MOC-R4PCC04U05:111843:112607 [0] NCCL INFO Connected all trees
MOC-R4PCC04U05:111845:112608 [2] NCCL INFO Connected all trees
MOC-R4PCC04U05:111846:112609 [3] NCCL INFO Connected all trees
step    1/10 | train loss 11.010097 | norm 15.4736 | lr 1.00e-04 | (13684.86 ms | 76623 tok/s)
step    2/10 | train loss 10.132351 | norm 5.7712 | lr 1.00e-04 | (232.20 ms | 4515810 tok/s)
step    3/10 | train loss 9.790420 | norm 2.6207 | lr 1.00e-04 | (291.24 ms | 3600441 tok/s)
step    4/10 | train loss 9.620087 | norm 2.1208 | lr 1.00e-04 | (227.65 ms | 4606027 tok/s)
step    5/10 | train loss 9.536890 | norm 2.1163 | lr 1.00e-04 | (278.54 ms | 3764516 tok/s)
step    6/10 | train loss 9.455259 | norm 2.0053 | lr 1.00e-04 | (225.69 ms | 4646102 tok/s)
step    7/10 | train loss 9.369596 | norm 1.9544 | lr 1.00e-04 | (224.47 ms | 4671378 tok/s)
step    8/10 | train loss 9.277897 | norm 1.9223 | lr 1.00e-04 | (223.71 ms | 4687175 tok/s)
step    9/10 | train loss 9.182255 | norm 1.8716 | lr 1.00e-04 | (225.51 ms | 4649855 tok/s)
step   10/10 | train loss 9.094439 | norm 1.7972 | lr 1.00e-04 | (272.74 ms | 3844634 tok/s)
final 9 iters avg: 244.638ms
peak memory consumption: 16601 MiB
MOC-R4PCC04U05:111843:112617 [0] NCCL INFO comm 0x55848fa3e390 rank 0 nranks 16 cudaDev 0 busId 6000 - Destroy COMPLETE
MOC-R4PCC04U05:111846:112618 [3] NCCL INFO comm 0x562641ad7370 rank 3 nranks 16 cudaDev 3 busId c6000 - Destroy COMPLETE
MOC-R4PCC04U05:111845:112615 [2] NCCL INFO comm 0x55d2fe947100 rank 2 nranks 16 cudaDev 2 busId a6000 - Destroy COMPLETE
MOC-R4PCC04U05:111844:112616 [1] NCCL INFO comm 0x5569558800e0 rank 1 nranks 16 cudaDev 1 busId 26000 - Destroy COMPLETE
