Running pytorch 2.7.0+cu126
using device: cuda:0
total desired batch size: 786432
=> calculated gradient accumulation steps: 2
using device: cuda:1
using device: cuda:2
using device: cuda:3
compiling the model...
DataLoader: total number of tokens: 1,661,249,667 across 103 files
MOC-R4PCC04U05:75375:75375 [0] NCCL INFO NCCL_SOCKET_IFNAME set by environment to eno7np0
MOC-R4PCC04U05:75375:75375 [0] NCCL INFO Bootstrap: Using eno7np0:192.168.50.193<0>
MOC-R4PCC04U05:75375:75375 [0] NCCL INFO cudaDriverVersion 12040
MOC-R4PCC04U05:75375:75375 [0] NCCL INFO NCCL version 2.26.2+cuda12.2
MOC-R4PCC04U05:75375:75375 [0] NCCL INFO Comm config Blocking set to 1
MOC-R4PCC04U05:75375:75417 [0] NCCL INFO NET/Plugin: Could not find: libnccl-net.so. Using internal net plugin.
MOC-R4PCC04U05:75375:75417 [0] NCCL INFO NCCL_IB_DISABLE set by environment to 0.
MOC-R4PCC04U05:75375:75417 [0] NCCL INFO NCCL_SOCKET_IFNAME set by environment to eno7np0
MOC-R4PCC04U05:75375:75417 [0] NCCL INFO NCCL_IB_HCA set to mlx5_5
MOC-R4PCC04U05:75376:75376 [1] NCCL INFO cudaDriverVersion 12040
MOC-R4PCC04U05:75376:75376 [1] NCCL INFO NCCL_SOCKET_IFNAME set by environment to eno7np0
MOC-R4PCC04U05:75376:75376 [1] NCCL INFO Bootstrap: Using eno7np0:192.168.50.193<0>
MOC-R4PCC04U05:75376:75376 [1] NCCL INFO NCCL version 2.26.2+cuda12.2
MOC-R4PCC04U05:75376:75376 [1] NCCL INFO Comm config Blocking set to 1
MOC-R4PCC04U05:75375:75417 [0] NCCL INFO NET/IB : Using [0]mlx5_5:1/RoCE [RO]; OOB eno7np0:192.168.50.193<0>
MOC-R4PCC04U05:75375:75417 [0] NCCL INFO PROFILER/Plugin: Could not find: libnccl-profiler.so. 
MOC-R4PCC04U05:75375:75417 [0] NCCL INFO Using network IB
MOC-R4PCC04U05:75375:75417 [0] NCCL INFO DMA-BUF is available on GPU device 0
MOC-R4PCC04U05:75375:75417 [0] NCCL INFO ncclCommInitRankConfig comm 0x55d4469e0250 rank 0 nranks 12 cudaDev 0 nvmlDev 0 busId 6000 commId 0xb813a59d1834b43b - Init START
MOC-R4PCC04U05:75378:75378 [3] NCCL INFO cudaDriverVersion 12040
MOC-R4PCC04U05:75378:75378 [3] NCCL INFO NCCL_SOCKET_IFNAME set by environment to eno7np0
MOC-R4PCC04U05:75378:75378 [3] NCCL INFO Bootstrap: Using eno7np0:192.168.50.193<0>
MOC-R4PCC04U05:75378:75378 [3] NCCL INFO NCCL version 2.26.2+cuda12.2
MOC-R4PCC04U05:75378:75378 [3] NCCL INFO Comm config Blocking set to 1
MOC-R4PCC04U05:75377:75377 [2] NCCL INFO cudaDriverVersion 12040
MOC-R4PCC04U05:75377:75377 [2] NCCL INFO NCCL_SOCKET_IFNAME set by environment to eno7np0
MOC-R4PCC04U05:75377:75377 [2] NCCL INFO Bootstrap: Using eno7np0:192.168.50.193<0>
MOC-R4PCC04U05:75377:75377 [2] NCCL INFO NCCL version 2.26.2+cuda12.2
MOC-R4PCC04U05:75377:75377 [2] NCCL INFO Comm config Blocking set to 1
MOC-R4PCC04U05:75376:75418 [1] NCCL INFO NET/Plugin: Could not find: libnccl-net.so. Using internal net plugin.
MOC-R4PCC04U05:75376:75418 [1] NCCL INFO NCCL_IB_DISABLE set by environment to 0.
MOC-R4PCC04U05:75376:75418 [1] NCCL INFO NCCL_SOCKET_IFNAME set by environment to eno7np0
MOC-R4PCC04U05:75376:75418 [1] NCCL INFO NCCL_IB_HCA set to mlx5_5
MOC-R4PCC04U05:75378:75420 [3] NCCL INFO NET/Plugin: Could not find: libnccl-net.so. Using internal net plugin.
MOC-R4PCC04U05:75378:75420 [3] NCCL INFO NCCL_IB_DISABLE set by environment to 0.
MOC-R4PCC04U05:75378:75420 [3] NCCL INFO NCCL_SOCKET_IFNAME set by environment to eno7np0
MOC-R4PCC04U05:75376:75418 [1] NCCL INFO NET/IB : Using [0]mlx5_5:1/RoCE [RO]; OOB eno7np0:192.168.50.193<0>
MOC-R4PCC04U05:75376:75418 [1] NCCL INFO PROFILER/Plugin: Could not find: libnccl-profiler.so. 
MOC-R4PCC04U05:75376:75418 [1] NCCL INFO Using network IB
MOC-R4PCC04U05:75378:75420 [3] NCCL INFO NCCL_IB_HCA set to mlx5_5
MOC-R4PCC04U05:75378:75420 [3] NCCL INFO NET/IB : Using [0]mlx5_5:1/RoCE [RO]; OOB eno7np0:192.168.50.193<0>
MOC-R4PCC04U05:75378:75420 [3] NCCL INFO PROFILER/Plugin: Could not find: libnccl-profiler.so. 
MOC-R4PCC04U05:75378:75420 [3] NCCL INFO Using network IB
MOC-R4PCC04U05:75376:75418 [1] NCCL INFO DMA-BUF is available on GPU device 1
MOC-R4PCC04U05:75377:75421 [2] NCCL INFO NET/Plugin: Could not find: libnccl-net.so. Using internal net plugin.
MOC-R4PCC04U05:75377:75421 [2] NCCL INFO NCCL_IB_DISABLE set by environment to 0.
MOC-R4PCC04U05:75377:75421 [2] NCCL INFO NCCL_SOCKET_IFNAME set by environment to eno7np0
MOC-R4PCC04U05:75377:75421 [2] NCCL INFO NCCL_IB_HCA set to mlx5_5
MOC-R4PCC04U05:75378:75420 [3] NCCL INFO DMA-BUF is available on GPU device 3
MOC-R4PCC04U05:75376:75418 [1] NCCL INFO ncclCommInitRankConfig comm 0x560ee86ecb50 rank 1 nranks 12 cudaDev 1 nvmlDev 1 busId 26000 commId 0xb813a59d1834b43b - Init START
MOC-R4PCC04U05:75378:75420 [3] NCCL INFO ncclCommInitRankConfig comm 0x55718b6a09a0 rank 3 nranks 12 cudaDev 3 nvmlDev 3 busId c6000 commId 0xb813a59d1834b43b - Init START
MOC-R4PCC04U05:75377:75421 [2] NCCL INFO NET/IB : Using [0]mlx5_5:1/RoCE [RO]; OOB eno7np0:192.168.50.193<0>
MOC-R4PCC04U05:75377:75421 [2] NCCL INFO PROFILER/Plugin: Could not find: libnccl-profiler.so. 
MOC-R4PCC04U05:75377:75421 [2] NCCL INFO Using network IB
MOC-R4PCC04U05:75375:75417 [0] NCCL INFO RAS client listening socket at ::1<28028>
MOC-R4PCC04U05:75377:75421 [2] NCCL INFO DMA-BUF is available on GPU device 2
MOC-R4PCC04U05:75377:75421 [2] NCCL INFO ncclCommInitRankConfig comm 0x55c3224d3a50 rank 2 nranks 12 cudaDev 2 nvmlDev 2 busId a6000 commId 0xb813a59d1834b43b - Init START
MOC-R4PCC04U05:75378:75420 [3] NCCL INFO RAS client listening socket at ::1<28028>
MOC-R4PCC04U05:75377:75421 [2] NCCL INFO RAS client listening socket at ::1<28028>
MOC-R4PCC04U05:75376:75418 [1] NCCL INFO RAS client listening socket at ::1<28028>
MOC-R4PCC04U05:75378:75420 [3] NCCL INFO Bootstrap timings total 1.967817 (create 0.000145, send 0.000251, recv 0.000429, ring 1.253413, delay 0.000001)
MOC-R4PCC04U05:75377:75421 [2] NCCL INFO Bootstrap timings total 1.255768 (create 0.000151, send 0.000268, recv 0.000496, ring 1.253397, delay 0.000001)
MOC-R4PCC04U05:75376:75418 [1] NCCL INFO Bootstrap timings total 1.968089 (create 0.000142, send 0.000255, recv 0.712818, ring 1.253399, delay 0.000001)
MOC-R4PCC04U05:75375:75417 [0] NCCL INFO Bootstrap timings total 3.402112 (create 0.000148, send 0.000426, recv 1.434239, ring 1.483087, delay 0.000001)
MOC-R4PCC04U05:75375:75417 [0] NCCL INFO Setting affinity for GPU 0 to ffffffff,ffffffff,ffffffff,ffffffff,00000000,00000000,00000000,00000000,ffffffff,ffffffff,ffffffff,ffffffff
MOC-R4PCC04U05:75375:75417 [0] NCCL INFO NVLS multicast support is not available on dev 0
MOC-R4PCC04U05:75376:75418 [1] NCCL INFO Setting affinity for GPU 1 to ffffffff,ffffffff,ffffffff,ffffffff,00000000,00000000,00000000,00000000,ffffffff,ffffffff,ffffffff,ffffffff
MOC-R4PCC04U05:75377:75421 [2] NCCL INFO Setting affinity for GPU 2 to ffffffff,ffffffff,ffffffff,ffffffff,00000000,00000000,00000000,00000000,ffffffff,ffffffff,ffffffff,ffffffff,00000000,00000000,00000000,00000000
MOC-R4PCC04U05:75377:75421 [2] NCCL INFO NVLS multicast support is not available on dev 2
MOC-R4PCC04U05:75376:75418 [1] NCCL INFO NVLS multicast support is not available on dev 1
MOC-R4PCC04U05:75378:75420 [3] NCCL INFO Setting affinity for GPU 3 to ffffffff,ffffffff,ffffffff,ffffffff,00000000,00000000,00000000,00000000,ffffffff,ffffffff,ffffffff,ffffffff,00000000,00000000,00000000,00000000
MOC-R4PCC04U05:75378:75420 [3] NCCL INFO NVLS multicast support is not available on dev 3
MOC-R4PCC04U05:75378:75420 [3] NCCL INFO comm 0x55718b6a09a0 rank 3 nRanks 12 nNodes 3 localRanks 4 localRank 3 MNNVL 0
MOC-R4PCC04U05:75376:75418 [1] NCCL INFO comm 0x560ee86ecb50 rank 1 nRanks 12 nNodes 3 localRanks 4 localRank 1 MNNVL 0
MOC-R4PCC04U05:75377:75421 [2] NCCL INFO comm 0x55c3224d3a50 rank 2 nRanks 12 nNodes 3 localRanks 4 localRank 2 MNNVL 0
MOC-R4PCC04U05:75375:75417 [0] NCCL INFO comm 0x55d4469e0250 rank 0 nRanks 12 nNodes 3 localRanks 4 localRank 0 MNNVL 0
MOC-R4PCC04U05:75378:75420 [3] NCCL INFO Trees [0] 0/-1/-1->3->2 [1] 0/-1/-1->3->2 [2] 0/-1/-1->3->2 [3] 0/-1/-1->3->2
MOC-R4PCC04U05:75378:75420 [3] NCCL INFO P2P Chunksize set to 131072
MOC-R4PCC04U05:75377:75421 [2] NCCL INFO Trees [0] 3/10/-1->2->-1 [1] 3/10/-1->2->-1 [2] 3/10/-1->2->6 [3] 3/10/-1->2->6
MOC-R4PCC04U05:75377:75421 [2] NCCL INFO P2P Chunksize set to 131072
MOC-R4PCC04U05:75375:75417 [0] NCCL INFO Channel 00/04 :  0  3  6  5  4  7 10  9  8 11  2  1
MOC-R4PCC04U05:75376:75418 [1] NCCL INFO Trees [0] -1/-1/-1->1->0 [1] -1/-1/-1->1->0 [2] -1/-1/-1->1->0 [3] -1/-1/-1->1->0
MOC-R4PCC04U05:75375:75417 [0] NCCL INFO Channel 01/04 :  0  3  6  5  4  7 10  9  8 11  2  1
MOC-R4PCC04U05:75376:75418 [1] NCCL INFO P2P Chunksize set to 131072
MOC-R4PCC04U05:75375:75417 [0] NCCL INFO Channel 02/04 :  0  3  6  5  4  7 10  9  8 11  2  1
MOC-R4PCC04U05:75375:75417 [0] NCCL INFO Channel 03/04 :  0  3  6  5  4  7 10  9  8 11  2  1
MOC-R4PCC04U05:75375:75417 [0] NCCL INFO Trees [0] 1/-1/-1->0->3 [1] 1/-1/-1->0->3 [2] 1/-1/-1->0->3 [3] 1/-1/-1->0->3
MOC-R4PCC04U05:75375:75417 [0] NCCL INFO P2P Chunksize set to 131072
MOC-R4PCC04U05:75375:75417 [0] NCCL INFO Check P2P Type intraNodeP2pSupport 1 directMode 0
MOC-R4PCC04U05:75378:75506 [3] NCCL INFO [Proxy Service] Device 3 CPU core 438
MOC-R4PCC04U05:75375:75510 [0] NCCL INFO [Proxy Service] Device 0 CPU core 23
MOC-R4PCC04U05:75377:75507 [2] NCCL INFO [Proxy Service] Device 2 CPU core 186
MOC-R4PCC04U05:75376:75508 [1] NCCL INFO [Proxy Service] Device 1 CPU core 8
MOC-R4PCC04U05:75376:75511 [1] NCCL INFO [Proxy Service UDS] Device 1 CPU core 31
MOC-R4PCC04U05:75378:75509 [3] NCCL INFO [Proxy Service UDS] Device 3 CPU core 471
MOC-R4PCC04U05:75375:75513 [0] NCCL INFO [Proxy Service UDS] Device 0 CPU core 34
MOC-R4PCC04U05:75377:75512 [2] NCCL INFO [Proxy Service UDS] Device 2 CPU core 479
MOC-R4PCC04U05:75377:75421 [2] NCCL INFO threadThresholds 8/8/64 | 96/8/64 | 512 | 512
MOC-R4PCC04U05:75377:75421 [2] NCCL INFO 4 coll channels, 4 collnet channels, 0 nvls channels, 4 p2p channels, 1 p2p channels per peer
MOC-R4PCC04U05:75378:75420 [3] NCCL INFO threadThresholds 8/8/64 | 96/8/64 | 512 | 512
MOC-R4PCC04U05:75378:75420 [3] NCCL INFO 4 coll channels, 4 collnet channels, 0 nvls channels, 4 p2p channels, 1 p2p channels per peer
MOC-R4PCC04U05:75376:75418 [1] NCCL INFO threadThresholds 8/8/64 | 96/8/64 | 512 | 512
MOC-R4PCC04U05:75376:75418 [1] NCCL INFO 4 coll channels, 4 collnet channels, 0 nvls channels, 4 p2p channels, 1 p2p channels per peer
MOC-R4PCC04U05:75375:75417 [0] NCCL INFO threadThresholds 8/8/64 | 96/8/64 | 512 | 512
MOC-R4PCC04U05:75375:75417 [0] NCCL INFO 4 coll channels, 4 collnet channels, 0 nvls channels, 4 p2p channels, 1 p2p channels per peer
MOC-R4PCC04U05:75375:75417 [0] NCCL INFO CC Off, workFifoBytes 1048576
MOC-R4PCC04U05:75376:75418 [1] NCCL INFO TUNER/Plugin: Could not find: libnccl-tuner.so. Using internal tuner plugin.
MOC-R4PCC04U05:75376:75418 [1] NCCL INFO ncclCommInitRankConfig comm 0x560ee86ecb50 rank 1 nranks 12 cudaDev 1 nvmlDev 1 busId 26000 commId 0xb813a59d1834b43b - Init COMPLETE
MOC-R4PCC04U05:75376:75418 [1] NCCL INFO Init timings - ncclCommInitRankConfig: rank 1 nranks 12 total 4.99 (kernels 0.79, alloc 1.23, bootstrap 1.97, allgathers 0.31, topo 0.67, graphs 0.00, connections 0.01, rest 0.00)
MOC-R4PCC04U05:75377:75421 [2] NCCL INFO TUNER/Plugin: Could not find: libnccl-tuner.so. Using internal tuner plugin.
MOC-R4PCC04U05:75377:75421 [2] NCCL INFO ncclCommInitRankConfig comm 0x55c3224d3a50 rank 2 nranks 12 cudaDev 2 nvmlDev 2 busId a6000 commId 0xb813a59d1834b43b - Init COMPLETE
MOC-R4PCC04U05:75377:75421 [2] NCCL INFO Init timings - ncclCommInitRankConfig: rank 2 nranks 12 total 4.36 (kernels 1.31, alloc 0.79, bootstrap 1.26, allgathers 0.31, topo 0.68, graphs 0.00, connections 0.01, rest 0.00)
MOC-R4PCC04U05:75378:75420 [3] NCCL INFO TUNER/Plugin: Could not find: libnccl-tuner.so. Using internal tuner plugin.
MOC-R4PCC04U05:75378:75420 [3] NCCL INFO ncclCommInitRankConfig comm 0x55718b6a09a0 rank 3 nranks 12 cudaDev 3 nvmlDev 3 busId c6000 commId 0xb813a59d1834b43b - Init COMPLETE
MOC-R4PCC04U05:75378:75420 [3] NCCL INFO Init timings - ncclCommInitRankConfig: rank 3 nranks 12 total 4.39 (kernels 0.31, alloc 1.12, bootstrap 1.97, allgathers 0.31, topo 0.68, graphs 0.00, connections 0.01, rest 0.00)
MOC-R4PCC04U05:75375:75417 [0] NCCL INFO TUNER/Plugin: Could not find: libnccl-tuner.so. Using internal tuner plugin.
MOC-R4PCC04U05:75375:75417 [0] NCCL INFO ncclCommInitRankConfig comm 0x55d4469e0250 rank 0 nranks 12 cudaDev 0 nvmlDev 0 busId 6000 commId 0xb813a59d1834b43b - Init COMPLETE
MOC-R4PCC04U05:75375:75417 [0] NCCL INFO Init timings - ncclCommInitRankConfig: rank 0 nranks 12 total 5.40 (kernels 0.31, alloc 0.68, bootstrap 3.40, allgathers 0.31, topo 0.67, graphs 0.00, connections 0.01, rest 0.00)
MOC-R4PCC04U05:75375:75516 [0] NCCL INFO Channel 00/0 : 0[0] -> 3[3] via P2P/CUMEM
MOC-R4PCC04U05:75375:75516 [0] NCCL INFO Channel 01/0 : 0[0] -> 3[3] via P2P/CUMEM
MOC-R4PCC04U05:75375:75516 [0] NCCL INFO Channel 02/0 : 0[0] -> 3[3] via P2P/CUMEM
MOC-R4PCC04U05:75375:75516 [0] NCCL INFO Channel 03/0 : 0[0] -> 3[3] via P2P/CUMEM
MOC-R4PCC04U05:75376:75515 [1] NCCL INFO Channel 00/0 : 1[1] -> 0[0] via P2P/CUMEM
MOC-R4PCC04U05:75376:75515 [1] NCCL INFO Channel 01/0 : 1[1] -> 0[0] via P2P/CUMEM
MOC-R4PCC04U05:75376:75515 [1] NCCL INFO Channel 02/0 : 1[1] -> 0[0] via P2P/CUMEM
MOC-R4PCC04U05:75376:75515 [1] NCCL INFO Channel 03/0 : 1[1] -> 0[0] via P2P/CUMEM
MOC-R4PCC04U05:75377:75518 [2] NCCL INFO [Proxy Progress] Device 2 CPU core 424
MOC-R4PCC04U05:75378:75514 [3] NCCL INFO Channel 00/0 : 3[3] -> 6[2] [send] via NET/IB/1(2)/GDRDMA
MOC-R4PCC04U05:75378:75514 [3] NCCL INFO Channel 01/0 : 3[3] -> 6[2] [send] via NET/IB/1(2)/GDRDMA
MOC-R4PCC04U05:75377:75517 [2] NCCL INFO Channel 00/0 : 11[3] -> 2[2] [receive] via NET/IB/1/GDRDMA
MOC-R4PCC04U05:75378:75514 [3] NCCL INFO Channel 02/0 : 3[3] -> 6[2] [send] via NET/IB/1(2)/GDRDMA
MOC-R4PCC04U05:75377:75517 [2] NCCL INFO Channel 01/0 : 11[3] -> 2[2] [receive] via NET/IB/1/GDRDMA
MOC-R4PCC04U05:75378:75514 [3] NCCL INFO Channel 03/0 : 3[3] -> 6[2] [send] via NET/IB/1(2)/GDRDMA
MOC-R4PCC04U05:75377:75517 [2] NCCL INFO Channel 02/0 : 11[3] -> 2[2] [receive] via NET/IB/1/GDRDMA
MOC-R4PCC04U05:75377:75517 [2] NCCL INFO Channel 03/0 : 11[3] -> 2[2] [receive] via NET/IB/1/GDRDMA
MOC-R4PCC04U05:75377:75517 [2] NCCL INFO Channel 00/0 : 2[2] -> 1[1] via P2P/CUMEM
MOC-R4PCC04U05:75377:75517 [2] NCCL INFO Channel 01/0 : 2[2] -> 1[1] via P2P/CUMEM
MOC-R4PCC04U05:75377:75517 [2] NCCL INFO Channel 02/0 : 2[2] -> 1[1] via P2P/CUMEM
MOC-R4PCC04U05:75377:75517 [2] NCCL INFO Channel 03/0 : 2[2] -> 1[1] via P2P/CUMEM
MOC-R4PCC04U05:75375:75516 [0] NCCL INFO Connected all rings, use ring PXN 1 GDR 1
MOC-R4PCC04U05:75378:75514 [3] NCCL INFO Connected all rings, use ring PXN 1 GDR 1
MOC-R4PCC04U05:75376:75515 [1] NCCL INFO Connected all rings, use ring PXN 1 GDR 1
MOC-R4PCC04U05:75377:75517 [2] NCCL INFO Connected all rings, use ring PXN 1 GDR 1
num decayed parameter tensors: 50, with 124,318,464 parameters
num non-decayed parameter tensors: 98, with 121,344 parameters
using fused AdamW: False
using regular AdamW
MOC-R4PCC04U05:75375:76143 [0] NCCL INFO Channel 00/0 : 0[0] -> 1[1] via P2P/CUMEM
MOC-R4PCC04U05:75375:76143 [0] NCCL INFO Channel 01/0 : 0[0] -> 1[1] via P2P/CUMEM
MOC-R4PCC04U05:75375:76143 [0] NCCL INFO Channel 02/0 : 0[0] -> 1[1] via P2P/CUMEM
MOC-R4PCC04U05:75375:76143 [0] NCCL INFO Channel 03/0 : 0[0] -> 1[1] via P2P/CUMEM
MOC-R4PCC04U05:75377:76146 [2] NCCL INFO Channel 00/0 : 2[2] -> 3[3] via P2P/CUMEM
MOC-R4PCC04U05:75377:76146 [2] NCCL INFO Channel 01/0 : 2[2] -> 3[3] via P2P/CUMEM
MOC-R4PCC04U05:75377:76146 [2] NCCL INFO Channel 02/0 : 2[2] -> 3[3] via P2P/CUMEM
MOC-R4PCC04U05:75377:76146 [2] NCCL INFO Channel 03/0 : 2[2] -> 3[3] via P2P/CUMEM
MOC-R4PCC04U05:75377:76146 [2] NCCL INFO Channel 00/0 : 10[2] -> 2[2] [receive] via NET/IB/1/GDRDMA
MOC-R4PCC04U05:75377:76146 [2] NCCL INFO Channel 01/0 : 10[2] -> 2[2] [receive] via NET/IB/1/GDRDMA
MOC-R4PCC04U05:75377:76146 [2] NCCL INFO Channel 02/0 : 10[2] -> 2[2] [receive] via NET/IB/1/GDRDMA
MOC-R4PCC04U05:75378:76145 [3] NCCL INFO Channel 00/0 : 3[3] -> 0[0] via P2P/CUMEM
MOC-R4PCC04U05:75377:76146 [2] NCCL INFO Channel 03/0 : 10[2] -> 2[2] [receive] via NET/IB/1/GDRDMA
MOC-R4PCC04U05:75377:76146 [2] NCCL INFO Channel 02/0 : 2[2] -> 6[2] [send] via NET/IB/1/GDRDMA
MOC-R4PCC04U05:75377:76146 [2] NCCL INFO Channel 03/0 : 2[2] -> 6[2] [send] via NET/IB/1/GDRDMA
MOC-R4PCC04U05:75378:76145 [3] NCCL INFO Channel 01/0 : 3[3] -> 0[0] via P2P/CUMEM
MOC-R4PCC04U05:75378:76145 [3] NCCL INFO Channel 02/0 : 3[3] -> 0[0] via P2P/CUMEM
MOC-R4PCC04U05:75378:76145 [3] NCCL INFO Channel 03/0 : 3[3] -> 0[0] via P2P/CUMEM
MOC-R4PCC04U05:75377:76146 [2] NCCL INFO Channel 02/0 : 6[2] -> 2[2] [receive] via NET/IB/1/GDRDMA
MOC-R4PCC04U05:75377:76146 [2] NCCL INFO Channel 03/0 : 6[2] -> 2[2] [receive] via NET/IB/1/GDRDMA
MOC-R4PCC04U05:75377:76146 [2] NCCL INFO Channel 00/0 : 2[2] -> 10[2] [send] via NET/IB/1/GDRDMA
MOC-R4PCC04U05:75378:76145 [3] NCCL INFO Channel 00/0 : 3[3] -> 2[2] via P2P/CUMEM
MOC-R4PCC04U05:75377:76146 [2] NCCL INFO Channel 01/0 : 2[2] -> 10[2] [send] via NET/IB/1/GDRDMA
MOC-R4PCC04U05:75377:76146 [2] NCCL INFO Channel 02/0 : 2[2] -> 10[2] [send] via NET/IB/1/GDRDMA
MOC-R4PCC04U05:75377:76146 [2] NCCL INFO Channel 03/0 : 2[2] -> 10[2] [send] via NET/IB/1/GDRDMA
MOC-R4PCC04U05:75378:76145 [3] NCCL INFO Channel 01/0 : 3[3] -> 2[2] via P2P/CUMEM
MOC-R4PCC04U05:75378:76145 [3] NCCL INFO Channel 02/0 : 3[3] -> 2[2] via P2P/CUMEM
MOC-R4PCC04U05:75378:76145 [3] NCCL INFO Channel 03/0 : 3[3] -> 2[2] via P2P/CUMEM
MOC-R4PCC04U05:75376:76144 [1] NCCL INFO Connected all trees
MOC-R4PCC04U05:75375:76143 [0] NCCL INFO Connected all trees
MOC-R4PCC04U05:75378:76145 [3] NCCL INFO Connected all trees
MOC-R4PCC04U05:75377:76146 [2] NCCL INFO Connected all trees
step    1/10 | train loss 11.010590 | norm 15.4878 | lr 1.00e-04 | (13663.62 ms | 57557 tok/s)
step    2/10 | train loss 10.133064 | norm 5.7717 | lr 1.00e-04 | (226.23 ms | 3476306 tok/s)
step    3/10 | train loss 9.789968 | norm 2.6230 | lr 1.00e-04 | (224.67 ms | 3500336 tok/s)
step    4/10 | train loss 9.619515 | norm 2.1196 | lr 1.00e-04 | (222.98 ms | 3526864 tok/s)
step    5/10 | train loss 9.536169 | norm 2.1144 | lr 1.00e-04 | (223.74 ms | 3514913 tok/s)
step    6/10 | train loss 9.454326 | norm 2.0046 | lr 1.00e-04 | (224.04 ms | 3510166 tok/s)
step    7/10 | train loss 9.368593 | norm 1.9542 | lr 1.00e-04 | (224.16 ms | 3508329 tok/s)
step    8/10 | train loss 9.277061 | norm 1.9203 | lr 1.00e-04 | (225.56 ms | 3486610 tok/s)
step    9/10 | train loss 9.182118 | norm 1.8690 | lr 1.00e-04 | (227.26 ms | 3460446 tok/s)
step   10/10 | train loss 9.094345 | norm 1.7912 | lr 1.00e-04 | (223.76 ms | 3514561 tok/s)
final 9 iters avg: 224.713ms
peak memory consumption: 16601 MiB
MOC-R4PCC04U05:75376:76152 [1] NCCL INFO comm 0x560ee86ecb50 rank 1 nranks 12 cudaDev 1 busId 26000 - Destroy COMPLETE
MOC-R4PCC04U05:75375:76153 [0] NCCL INFO comm 0x55d4469e0250 rank 0 nranks 12 cudaDev 0 busId 6000 - Destroy COMPLETE
MOC-R4PCC04U05:75378:76154 [3] NCCL INFO comm 0x55718b6a09a0 rank 3 nranks 12 cudaDev 3 busId c6000 - Destroy COMPLETE
MOC-R4PCC04U05:75377:76155 [2] NCCL INFO comm 0x55c3224d3a50 rank 2 nranks 12 cudaDev 2 busId a6000 - Destroy COMPLETE
