Running pytorch 2.7.0+cu126
using device: cuda:0
total desired batch size: 2621440
=> calculated gradient accumulation steps: 5
using device: cuda:3
using device: cuda:2
using device: cuda:1
compiling the model...
DataLoader: total number of tokens: 1,661,249,667 across 103 files
MOC-R4PCC04U05:114361:114361 [0] NCCL INFO NCCL_SOCKET_IFNAME set by environment to eno7np0
MOC-R4PCC04U05:114361:114361 [0] NCCL INFO Bootstrap: Using eno7np0:192.168.50.193<0>
MOC-R4PCC04U05:114361:114361 [0] NCCL INFO cudaDriverVersion 12040
MOC-R4PCC04U05:114361:114361 [0] NCCL INFO NCCL version 2.26.2+cuda12.2
MOC-R4PCC04U05:114361:114361 [0] NCCL INFO Comm config Blocking set to 1
MOC-R4PCC04U05:114363:114363 [2] NCCL INFO cudaDriverVersion 12040
MOC-R4PCC04U05:114363:114363 [2] NCCL INFO NCCL_SOCKET_IFNAME set by environment to eno7np0
MOC-R4PCC04U05:114363:114363 [2] NCCL INFO Bootstrap: Using eno7np0:192.168.50.193<0>
MOC-R4PCC04U05:114363:114363 [2] NCCL INFO NCCL version 2.26.2+cuda12.2
MOC-R4PCC04U05:114363:114363 [2] NCCL INFO Comm config Blocking set to 1
MOC-R4PCC04U05:114361:114404 [0] NCCL INFO NET/Plugin: Could not find: libnccl-net.so. Using internal net plugin.
MOC-R4PCC04U05:114361:114404 [0] NCCL INFO NCCL_IB_DISABLE set by environment to 0.
MOC-R4PCC04U05:114361:114404 [0] NCCL INFO NCCL_SOCKET_IFNAME set by environment to eno7np0
MOC-R4PCC04U05:114361:114404 [0] NCCL INFO NCCL_IB_HCA set to mlx5_5
MOC-R4PCC04U05:114364:114364 [3] NCCL INFO cudaDriverVersion 12040
MOC-R4PCC04U05:114364:114364 [3] NCCL INFO NCCL_SOCKET_IFNAME set by environment to eno7np0
MOC-R4PCC04U05:114364:114364 [3] NCCL INFO Bootstrap: Using eno7np0:192.168.50.193<0>
MOC-R4PCC04U05:114364:114364 [3] NCCL INFO NCCL version 2.26.2+cuda12.2
MOC-R4PCC04U05:114364:114364 [3] NCCL INFO Comm config Blocking set to 1
MOC-R4PCC04U05:114361:114404 [0] NCCL INFO NET/IB : Using [0]mlx5_5:1/RoCE [RO]; OOB eno7np0:192.168.50.193<0>
MOC-R4PCC04U05:114361:114404 [0] NCCL INFO PROFILER/Plugin: Could not find: libnccl-profiler.so. 
MOC-R4PCC04U05:114361:114404 [0] NCCL INFO Using network IB
MOC-R4PCC04U05:114361:114404 [0] NCCL INFO DMA-BUF is available on GPU device 0
MOC-R4PCC04U05:114361:114404 [0] NCCL INFO ncclCommInitRankConfig comm 0x5557fbf767a0 rank 0 nranks 16 cudaDev 0 nvmlDev 0 busId 6000 commId 0x792c29b0b1b6ed9f - Init START
MOC-R4PCC04U05:114362:114362 [1] NCCL INFO cudaDriverVersion 12040
MOC-R4PCC04U05:114362:114362 [1] NCCL INFO NCCL_SOCKET_IFNAME set by environment to eno7np0
MOC-R4PCC04U05:114362:114362 [1] NCCL INFO Bootstrap: Using eno7np0:192.168.50.193<0>
MOC-R4PCC04U05:114362:114362 [1] NCCL INFO NCCL version 2.26.2+cuda12.2
MOC-R4PCC04U05:114362:114362 [1] NCCL INFO Comm config Blocking set to 1
MOC-R4PCC04U05:114363:114405 [2] NCCL INFO NET/Plugin: Could not find: libnccl-net.so. Using internal net plugin.
MOC-R4PCC04U05:114363:114405 [2] NCCL INFO NCCL_IB_DISABLE set by environment to 0.
MOC-R4PCC04U05:114363:114405 [2] NCCL INFO NCCL_SOCKET_IFNAME set by environment to eno7np0
MOC-R4PCC04U05:114363:114405 [2] NCCL INFO NCCL_IB_HCA set to mlx5_5
MOC-R4PCC04U05:114364:114406 [3] NCCL INFO NET/Plugin: Could not find: libnccl-net.so. Using internal net plugin.
MOC-R4PCC04U05:114364:114406 [3] NCCL INFO NCCL_IB_DISABLE set by environment to 0.
MOC-R4PCC04U05:114364:114406 [3] NCCL INFO NCCL_SOCKET_IFNAME set by environment to eno7np0
MOC-R4PCC04U05:114364:114406 [3] NCCL INFO NCCL_IB_HCA set to mlx5_5
MOC-R4PCC04U05:114363:114405 [2] NCCL INFO NET/IB : Using [0]mlx5_5:1/RoCE [RO]; OOB eno7np0:192.168.50.193<0>
MOC-R4PCC04U05:114363:114405 [2] NCCL INFO PROFILER/Plugin: Could not find: libnccl-profiler.so. 
MOC-R4PCC04U05:114363:114405 [2] NCCL INFO Using network IB
MOC-R4PCC04U05:114364:114406 [3] NCCL INFO NET/IB : Using [0]mlx5_5:1/RoCE [RO]; OOB eno7np0:192.168.50.193<0>
MOC-R4PCC04U05:114364:114406 [3] NCCL INFO PROFILER/Plugin: Could not find: libnccl-profiler.so. 
MOC-R4PCC04U05:114364:114406 [3] NCCL INFO Using network IB
MOC-R4PCC04U05:114363:114405 [2] NCCL INFO DMA-BUF is available on GPU device 2
MOC-R4PCC04U05:114364:114406 [3] NCCL INFO DMA-BUF is available on GPU device 3
MOC-R4PCC04U05:114363:114405 [2] NCCL INFO ncclCommInitRankConfig comm 0x55b1e11f7bc0 rank 2 nranks 16 cudaDev 2 nvmlDev 2 busId a6000 commId 0x792c29b0b1b6ed9f - Init START
MOC-R4PCC04U05:114364:114406 [3] NCCL INFO ncclCommInitRankConfig comm 0x560657ec3740 rank 3 nranks 16 cudaDev 3 nvmlDev 3 busId c6000 commId 0x792c29b0b1b6ed9f - Init START
MOC-R4PCC04U05:114364:114406 [3] NCCL INFO RAS client listening socket at ::1<28028>
MOC-R4PCC04U05:114362:114408 [1] NCCL INFO NET/Plugin: Could not find: libnccl-net.so. Using internal net plugin.
MOC-R4PCC04U05:114362:114408 [1] NCCL INFO NCCL_IB_DISABLE set by environment to 0.
MOC-R4PCC04U05:114362:114408 [1] NCCL INFO NCCL_SOCKET_IFNAME set by environment to eno7np0
MOC-R4PCC04U05:114362:114408 [1] NCCL INFO NCCL_IB_HCA set to mlx5_5
MOC-R4PCC04U05:114362:114408 [1] NCCL INFO NET/IB : Using [0]mlx5_5:1/RoCE [RO]; OOB eno7np0:192.168.50.193<0>
MOC-R4PCC04U05:114362:114408 [1] NCCL INFO PROFILER/Plugin: Could not find: libnccl-profiler.so. 
MOC-R4PCC04U05:114362:114408 [1] NCCL INFO Using network IB
MOC-R4PCC04U05:114362:114408 [1] NCCL INFO DMA-BUF is available on GPU device 1
MOC-R4PCC04U05:114362:114408 [1] NCCL INFO ncclCommInitRankConfig comm 0x562bc3286c50 rank 1 nranks 16 cudaDev 1 nvmlDev 1 busId 26000 commId 0x792c29b0b1b6ed9f - Init START
MOC-R4PCC04U05:114362:114408 [1] NCCL INFO RAS client listening socket at ::1<28028>
MOC-R4PCC04U05:114363:114405 [2] NCCL INFO RAS client listening socket at ::1<28028>
MOC-R4PCC04U05:114361:114404 [0] NCCL INFO RAS client listening socket at ::1<28028>
MOC-R4PCC04U05:114363:114405 [2] NCCL INFO Bootstrap timings total 0.927582 (create 0.000142, send 0.000257, recv 0.000481, ring 0.124249, delay 0.000001)
MOC-R4PCC04U05:114364:114406 [3] NCCL INFO Bootstrap timings total 0.927508 (create 0.000144, send 0.000251, recv 0.000543, ring 0.925158, delay 0.000001)
MOC-R4PCC04U05:114362:114408 [1] NCCL INFO Bootstrap timings total 0.126511 (create 0.000105, send 0.000200, recv 0.000503, ring 0.124550, delay 0.000000)
MOC-R4PCC04U05:114361:114404 [0] NCCL INFO Bootstrap timings total 2.324909 (create 0.000147, send 0.000442, recv 2.198276, ring 0.123829, delay 0.000001)
MOC-R4PCC04U05:114361:114404 [0] NCCL INFO Setting affinity for GPU 0 to ffffffff,ffffffff,ffffffff,ffffffff,00000000,00000000,00000000,00000000,ffffffff,ffffffff,ffffffff,ffffffff
MOC-R4PCC04U05:114362:114408 [1] NCCL INFO Setting affinity for GPU 1 to ffffffff,ffffffff,ffffffff,ffffffff,00000000,00000000,00000000,00000000,ffffffff,ffffffff,ffffffff,ffffffff
MOC-R4PCC04U05:114362:114408 [1] NCCL INFO NVLS multicast support is not available on dev 1
MOC-R4PCC04U05:114361:114404 [0] NCCL INFO NVLS multicast support is not available on dev 0
MOC-R4PCC04U05:114364:114406 [3] NCCL INFO Setting affinity for GPU 3 to ffffffff,ffffffff,ffffffff,ffffffff,00000000,00000000,00000000,00000000,ffffffff,ffffffff,ffffffff,ffffffff,00000000,00000000,00000000,00000000
MOC-R4PCC04U05:114364:114406 [3] NCCL INFO NVLS multicast support is not available on dev 3
MOC-R4PCC04U05:114363:114405 [2] NCCL INFO Setting affinity for GPU 2 to ffffffff,ffffffff,ffffffff,ffffffff,00000000,00000000,00000000,00000000,ffffffff,ffffffff,ffffffff,ffffffff,00000000,00000000,00000000,00000000
MOC-R4PCC04U05:114363:114405 [2] NCCL INFO NVLS multicast support is not available on dev 2
MOC-R4PCC04U05:114364:114406 [3] NCCL INFO comm 0x560657ec3740 rank 3 nRanks 16 nNodes 4 localRanks 4 localRank 3 MNNVL 0
MOC-R4PCC04U05:114362:114408 [1] NCCL INFO comm 0x562bc3286c50 rank 1 nRanks 16 nNodes 4 localRanks 4 localRank 1 MNNVL 0
MOC-R4PCC04U05:114363:114405 [2] NCCL INFO comm 0x55b1e11f7bc0 rank 2 nRanks 16 nNodes 4 localRanks 4 localRank 2 MNNVL 0
MOC-R4PCC04U05:114361:114404 [0] NCCL INFO comm 0x5557fbf767a0 rank 0 nRanks 16 nNodes 4 localRanks 4 localRank 0 MNNVL 0
MOC-R4PCC04U05:114364:114406 [3] NCCL INFO Trees [0] 0/-1/-1->3->2 [1] 0/-1/-1->3->2 [2] 0/-1/-1->3->2 [3] 0/-1/-1->3->2
MOC-R4PCC04U05:114364:114406 [3] NCCL INFO P2P Chunksize set to 131072
MOC-R4PCC04U05:114362:114408 [1] NCCL INFO Trees [0] -1/-1/-1->1->0 [1] -1/-1/-1->1->0 [2] -1/-1/-1->1->0 [3] -1/-1/-1->1->0
MOC-R4PCC04U05:114362:114408 [1] NCCL INFO P2P Chunksize set to 131072
MOC-R4PCC04U05:114363:114405 [2] NCCL INFO Trees [0] 3/10/-1->2->-1 [1] 3/10/-1->2->-1 [2] 3/-1/-1->2->6 [3] 3/-1/-1->2->6
MOC-R4PCC04U05:114363:114405 [2] NCCL INFO P2P Chunksize set to 131072
MOC-R4PCC04U05:114361:114404 [0] NCCL INFO Channel 00/04 :  0  3  6  5  4  7 10  9  8 11 14 13 12 15  2  1
MOC-R4PCC04U05:114361:114404 [0] NCCL INFO Channel 01/04 :  0  3  6  5  4  7 10  9  8 11 14 13 12 15  2  1
MOC-R4PCC04U05:114361:114404 [0] NCCL INFO Channel 02/04 :  0  3  6  5  4  7 10  9  8 11 14 13 12 15  2  1
MOC-R4PCC04U05:114361:114404 [0] NCCL INFO Channel 03/04 :  0  3  6  5  4  7 10  9  8 11 14 13 12 15  2  1
MOC-R4PCC04U05:114361:114404 [0] NCCL INFO Trees [0] 1/-1/-1->0->3 [1] 1/-1/-1->0->3 [2] 1/-1/-1->0->3 [3] 1/-1/-1->0->3
MOC-R4PCC04U05:114361:114404 [0] NCCL INFO P2P Chunksize set to 131072
MOC-R4PCC04U05:114361:114404 [0] NCCL INFO Check P2P Type intraNodeP2pSupport 1 directMode 0
MOC-R4PCC04U05:114361:114423 [0] NCCL INFO [Proxy Service] Device 0 CPU core 19
MOC-R4PCC04U05:114364:114420 [3] NCCL INFO [Proxy Service] Device 3 CPU core 422
MOC-R4PCC04U05:114363:114421 [2] NCCL INFO [Proxy Service] Device 2 CPU core 187
MOC-R4PCC04U05:114362:114425 [1] NCCL INFO [Proxy Service UDS] Device 1 CPU core 31
MOC-R4PCC04U05:114364:114422 [3] NCCL INFO [Proxy Service UDS] Device 3 CPU core 447
MOC-R4PCC04U05:114362:114424 [1] NCCL INFO [Proxy Service] Device 1 CPU core 19
MOC-R4PCC04U05:114361:114426 [0] NCCL INFO [Proxy Service UDS] Device 0 CPU core 30
MOC-R4PCC04U05:114363:114427 [2] NCCL INFO [Proxy Service UDS] Device 2 CPU core 452
MOC-R4PCC04U05:114362:114408 [1] NCCL INFO threadThresholds 8/8/64 | 128/8/64 | 512 | 512
MOC-R4PCC04U05:114362:114408 [1] NCCL INFO 4 coll channels, 4 collnet channels, 0 nvls channels, 4 p2p channels, 1 p2p channels per peer
MOC-R4PCC04U05:114363:114405 [2] NCCL INFO threadThresholds 8/8/64 | 128/8/64 | 512 | 512
MOC-R4PCC04U05:114363:114405 [2] NCCL INFO 4 coll channels, 4 collnet channels, 0 nvls channels, 4 p2p channels, 1 p2p channels per peer
MOC-R4PCC04U05:114364:114406 [3] NCCL INFO threadThresholds 8/8/64 | 128/8/64 | 512 | 512
MOC-R4PCC04U05:114364:114406 [3] NCCL INFO 4 coll channels, 4 collnet channels, 0 nvls channels, 4 p2p channels, 1 p2p channels per peer
MOC-R4PCC04U05:114361:114404 [0] NCCL INFO threadThresholds 8/8/64 | 128/8/64 | 512 | 512
MOC-R4PCC04U05:114361:114404 [0] NCCL INFO 4 coll channels, 4 collnet channels, 0 nvls channels, 4 p2p channels, 1 p2p channels per peer
MOC-R4PCC04U05:114361:114404 [0] NCCL INFO CC Off, workFifoBytes 1048576
MOC-R4PCC04U05:114362:114408 [1] NCCL INFO TUNER/Plugin: Could not find: libnccl-tuner.so. Using internal tuner plugin.
MOC-R4PCC04U05:114362:114408 [1] NCCL INFO ncclCommInitRankConfig comm 0x562bc3286c50 rank 1 nranks 16 cudaDev 1 nvmlDev 1 busId 26000 commId 0x792c29b0b1b6ed9f - Init COMPLETE
MOC-R4PCC04U05:114362:114408 [1] NCCL INFO Init timings - ncclCommInitRankConfig: rank 1 nranks 16 total 3.38 (kernels 1.39, alloc 0.79, bootstrap 0.13, allgathers 0.15, topo 0.64, graphs 0.00, connections 0.25, rest 0.03)
MOC-R4PCC04U05:114364:114406 [3] NCCL INFO TUNER/Plugin: Could not find: libnccl-tuner.so. Using internal tuner plugin.
MOC-R4PCC04U05:114363:114405 [2] NCCL INFO TUNER/Plugin: Could not find: libnccl-tuner.so. Using internal tuner plugin.
MOC-R4PCC04U05:114364:114406 [3] NCCL INFO ncclCommInitRankConfig comm 0x560657ec3740 rank 3 nranks 16 cudaDev 3 nvmlDev 3 busId c6000 commId 0x792c29b0b1b6ed9f - Init COMPLETE
MOC-R4PCC04U05:114363:114405 [2] NCCL INFO ncclCommInitRankConfig comm 0x55b1e11f7bc0 rank 2 nranks 16 cudaDev 2 nvmlDev 2 busId a6000 commId 0x792c29b0b1b6ed9f - Init COMPLETE
MOC-R4PCC04U05:114364:114406 [3] NCCL INFO Init timings - ncclCommInitRankConfig: rank 3 nranks 16 total 4.05 (kernels 0.84, alloc 1.22, bootstrap 0.93, allgathers 0.15, topo 0.64, graphs 0.00, connections 0.25, rest 0.02)
MOC-R4PCC04U05:114363:114405 [2] NCCL INFO Init timings - ncclCommInitRankConfig: rank 2 nranks 16 total 4.08 (kernels 0.84, alloc 1.24, bootstrap 0.93, allgathers 0.15, topo 0.64, graphs 0.00, connections 0.25, rest 0.03)
MOC-R4PCC04U05:114361:114404 [0] NCCL INFO TUNER/Plugin: Could not find: libnccl-tuner.so. Using internal tuner plugin.
MOC-R4PCC04U05:114361:114404 [0] NCCL INFO ncclCommInitRankConfig comm 0x5557fbf767a0 rank 0 nranks 16 cudaDev 0 nvmlDev 0 busId 6000 commId 0x792c29b0b1b6ed9f - Init COMPLETE
MOC-R4PCC04U05:114361:114404 [0] NCCL INFO Init timings - ncclCommInitRankConfig: rank 0 nranks 16 total 4.39 (kernels 0.32, alloc 0.68, bootstrap 2.33, allgathers 0.15, topo 0.64, graphs 0.00, connections 0.27, rest 0.00)
MOC-R4PCC04U05:114362:114428 [1] NCCL INFO Channel 00/0 : 1[1] -> 0[0] via P2P/CUMEM
MOC-R4PCC04U05:114361:114430 [0] NCCL INFO Channel 00/0 : 0[0] -> 3[3] via P2P/CUMEM
MOC-R4PCC04U05:114362:114428 [1] NCCL INFO Channel 01/0 : 1[1] -> 0[0] via P2P/CUMEM
MOC-R4PCC04U05:114361:114430 [0] NCCL INFO Channel 01/0 : 0[0] -> 3[3] via P2P/CUMEM
MOC-R4PCC04U05:114361:114430 [0] NCCL INFO Channel 02/0 : 0[0] -> 3[3] via P2P/CUMEM
MOC-R4PCC04U05:114362:114428 [1] NCCL INFO Channel 02/0 : 1[1] -> 0[0] via P2P/CUMEM
MOC-R4PCC04U05:114361:114430 [0] NCCL INFO Channel 03/0 : 0[0] -> 3[3] via P2P/CUMEM
MOC-R4PCC04U05:114362:114428 [1] NCCL INFO Channel 03/0 : 1[1] -> 0[0] via P2P/CUMEM
MOC-R4PCC04U05:114363:114432 [2] NCCL INFO [Proxy Progress] Device 2 CPU core 187
MOC-R4PCC04U05:114364:114429 [3] NCCL INFO Channel 00/0 : 3[3] -> 6[2] [send] via NET/IB/1(2)/GDRDMA
MOC-R4PCC04U05:114364:114429 [3] NCCL INFO Channel 01/0 : 3[3] -> 6[2] [send] via NET/IB/1(2)/GDRDMA
MOC-R4PCC04U05:114363:114431 [2] NCCL INFO Channel 00/0 : 15[3] -> 2[2] [receive] via NET/IB/1/GDRDMA
MOC-R4PCC04U05:114364:114429 [3] NCCL INFO Channel 02/0 : 3[3] -> 6[2] [send] via NET/IB/1(2)/GDRDMA
MOC-R4PCC04U05:114363:114431 [2] NCCL INFO Channel 01/0 : 15[3] -> 2[2] [receive] via NET/IB/1/GDRDMA
MOC-R4PCC04U05:114364:114429 [3] NCCL INFO Channel 03/0 : 3[3] -> 6[2] [send] via NET/IB/1(2)/GDRDMA
MOC-R4PCC04U05:114363:114431 [2] NCCL INFO Channel 02/0 : 15[3] -> 2[2] [receive] via NET/IB/1/GDRDMA
MOC-R4PCC04U05:114363:114431 [2] NCCL INFO Channel 03/0 : 15[3] -> 2[2] [receive] via NET/IB/1/GDRDMA
MOC-R4PCC04U05:114363:114431 [2] NCCL INFO Channel 00/0 : 2[2] -> 1[1] via P2P/CUMEM
MOC-R4PCC04U05:114363:114431 [2] NCCL INFO Channel 01/0 : 2[2] -> 1[1] via P2P/CUMEM
MOC-R4PCC04U05:114363:114431 [2] NCCL INFO Channel 02/0 : 2[2] -> 1[1] via P2P/CUMEM
MOC-R4PCC04U05:114363:114431 [2] NCCL INFO Channel 03/0 : 2[2] -> 1[1] via P2P/CUMEM
MOC-R4PCC04U05:114364:114429 [3] NCCL INFO Connected all rings, use ring PXN 1 GDR 1
MOC-R4PCC04U05:114362:114428 [1] NCCL INFO Connected all rings, use ring PXN 1 GDR 1
MOC-R4PCC04U05:114363:114431 [2] NCCL INFO Connected all rings, use ring PXN 1 GDR 1
MOC-R4PCC04U05:114361:114430 [0] NCCL INFO Connected all rings, use ring PXN 1 GDR 1
num decayed parameter tensors: 50, with 124,318,464 parameters
num non-decayed parameter tensors: 98, with 121,344 parameters
using fused AdamW: False
using regular AdamW
MOC-R4PCC04U05:114361:115122 [0] NCCL INFO Channel 00/0 : 0[0] -> 1[1] via P2P/CUMEM
MOC-R4PCC04U05:114361:115122 [0] NCCL INFO Channel 01/0 : 0[0] -> 1[1] via P2P/CUMEM
MOC-R4PCC04U05:114361:115122 [0] NCCL INFO Channel 02/0 : 0[0] -> 1[1] via P2P/CUMEM
MOC-R4PCC04U05:114361:115122 [0] NCCL INFO Channel 03/0 : 0[0] -> 1[1] via P2P/CUMEM
MOC-R4PCC04U05:114363:115123 [2] NCCL INFO Channel 00/0 : 2[2] -> 3[3] via P2P/CUMEM
MOC-R4PCC04U05:114363:115123 [2] NCCL INFO Channel 01/0 : 2[2] -> 3[3] via P2P/CUMEM
MOC-R4PCC04U05:114363:115123 [2] NCCL INFO Channel 02/0 : 2[2] -> 3[3] via P2P/CUMEM
MOC-R4PCC04U05:114363:115123 [2] NCCL INFO Channel 03/0 : 2[2] -> 3[3] via P2P/CUMEM
MOC-R4PCC04U05:114363:115123 [2] NCCL INFO Channel 02/0 : 2[2] -> 6[2] [send] via NET/IB/1/GDRDMA
MOC-R4PCC04U05:114364:115121 [3] NCCL INFO Channel 00/0 : 3[3] -> 0[0] via P2P/CUMEM
MOC-R4PCC04U05:114363:115123 [2] NCCL INFO Channel 03/0 : 2[2] -> 6[2] [send] via NET/IB/1/GDRDMA
MOC-R4PCC04U05:114364:115121 [3] NCCL INFO Channel 01/0 : 3[3] -> 0[0] via P2P/CUMEM
MOC-R4PCC04U05:114363:115123 [2] NCCL INFO Channel 00/0 : 10[2] -> 2[2] [receive] via NET/IB/1/GDRDMA
MOC-R4PCC04U05:114363:115123 [2] NCCL INFO Channel 01/0 : 10[2] -> 2[2] [receive] via NET/IB/1/GDRDMA
MOC-R4PCC04U05:114364:115121 [3] NCCL INFO Channel 02/0 : 3[3] -> 0[0] via P2P/CUMEM
MOC-R4PCC04U05:114363:115123 [2] NCCL INFO Channel 00/0 : 2[2] -> 10[2] [send] via NET/IB/1/GDRDMA
MOC-R4PCC04U05:114363:115123 [2] NCCL INFO Channel 01/0 : 2[2] -> 10[2] [send] via NET/IB/1/GDRDMA
MOC-R4PCC04U05:114364:115121 [3] NCCL INFO Channel 03/0 : 3[3] -> 0[0] via P2P/CUMEM
MOC-R4PCC04U05:114364:115121 [3] NCCL INFO Channel 00/0 : 3[3] -> 2[2] via P2P/CUMEM
MOC-R4PCC04U05:114364:115121 [3] NCCL INFO Channel 01/0 : 3[3] -> 2[2] via P2P/CUMEM
MOC-R4PCC04U05:114364:115121 [3] NCCL INFO Channel 02/0 : 3[3] -> 2[2] via P2P/CUMEM
MOC-R4PCC04U05:114364:115121 [3] NCCL INFO Channel 03/0 : 3[3] -> 2[2] via P2P/CUMEM
MOC-R4PCC04U05:114362:115124 [1] NCCL INFO Connected all trees
MOC-R4PCC04U05:114363:115123 [2] NCCL INFO Channel 02/0 : 6[2] -> 2[2] [receive] via NET/IB/1/GDRDMA
MOC-R4PCC04U05:114363:115123 [2] NCCL INFO Channel 03/0 : 6[2] -> 2[2] [receive] via NET/IB/1/GDRDMA
MOC-R4PCC04U05:114361:115122 [0] NCCL INFO Connected all trees
MOC-R4PCC04U05:114363:115123 [2] NCCL INFO Connected all trees
MOC-R4PCC04U05:114364:115121 [3] NCCL INFO Connected all trees
step    1/10 | train loss 11.009524 | norm 15.3465 | lr 1.00e-04 | (14339.99 ms | 182806 tok/s)
step    2/10 | train loss 10.140067 | norm 5.7338 | lr 1.00e-04 | (459.74 ms | 5701983 tok/s)
step    3/10 | train loss 9.800384 | norm 2.6008 | lr 1.00e-04 | (523.74 ms | 5005256 tok/s)
step    4/10 | train loss 9.631468 | norm 2.1085 | lr 1.00e-04 | (452.11 ms | 5798277 tok/s)
step    5/10 | train loss 9.548707 | norm 2.0999 | lr 1.00e-04 | (450.24 ms | 5822300 tok/s)
step    6/10 | train loss 9.467639 | norm 1.9930 | lr 1.00e-04 | (447.07 ms | 5863540 tok/s)
step    7/10 | train loss 9.382121 | norm 1.9432 | lr 1.00e-04 | (450.62 ms | 5817411 tok/s)
step    8/10 | train loss 9.290380 | norm 1.9093 | lr 1.00e-04 | (448.50 ms | 5844863 tok/s)
step    9/10 | train loss 9.195256 | norm 1.8505 | lr 1.00e-04 | (446.52 ms | 5870885 tok/s)
step   10/10 | train loss 9.111428 | norm 1.7945 | lr 1.00e-04 | (444.69 ms | 5895005 tok/s)
final 9 iters avg: 458.137ms
peak memory consumption: 16601 MiB
MOC-R4PCC04U05:114364:115129 [3] NCCL INFO comm 0x560657ec3740 rank 3 nranks 16 cudaDev 3 busId c6000 - Destroy COMPLETE
MOC-R4PCC04U05:114361:115131 [0] NCCL INFO comm 0x5557fbf767a0 rank 0 nranks 16 cudaDev 0 busId 6000 - Destroy COMPLETE
MOC-R4PCC04U05:114363:115130 [2] NCCL INFO comm 0x55b1e11f7bc0 rank 2 nranks 16 cudaDev 2 busId a6000 - Destroy COMPLETE
MOC-R4PCC04U05:114362:115132 [1] NCCL INFO comm 0x562bc3286c50 rank 1 nranks 16 cudaDev 1 busId 26000 - Destroy COMPLETE
