Running pytorch 2.7.0+cu126
using device: cuda:0
total desired batch size: 2097152
=> calculated gradient accumulation steps: 8
using device: cuda:3
using device: cuda:2
using device: cuda:1
compiling the model...
DataLoader: total number of tokens: 1,661,249,667 across 103 files
MOC-R4PCC04U05:261395:261395 [0] NCCL INFO NCCL_SOCKET_IFNAME set by environment to eno7np0
MOC-R4PCC04U05:261395:261395 [0] NCCL INFO Bootstrap: Using eno7np0:192.168.50.193<0>
MOC-R4PCC04U05:261395:261395 [0] NCCL INFO cudaDriverVersion 12040
MOC-R4PCC04U05:261395:261395 [0] NCCL INFO NCCL version 2.26.2+cuda12.2
MOC-R4PCC04U05:261395:261395 [0] NCCL INFO Comm config Blocking set to 1
MOC-R4PCC04U05:261395:261443 [0] NCCL INFO NET/Plugin: Could not find: libnccl-net.so. Using internal net plugin.
MOC-R4PCC04U05:261395:261443 [0] NCCL INFO NCCL_IB_DISABLE set by environment to 0.
MOC-R4PCC04U05:261395:261443 [0] NCCL INFO NCCL_SOCKET_IFNAME set by environment to eno7np0
MOC-R4PCC04U05:261395:261443 [0] NCCL INFO NCCL_IB_HCA set to mlx5_5
MOC-R4PCC04U05:261397:261397 [2] NCCL INFO cudaDriverVersion 12040
MOC-R4PCC04U05:261397:261397 [2] NCCL INFO NCCL_SOCKET_IFNAME set by environment to eno7np0
MOC-R4PCC04U05:261397:261397 [2] NCCL INFO Bootstrap: Using eno7np0:192.168.50.193<0>
MOC-R4PCC04U05:261397:261397 [2] NCCL INFO NCCL version 2.26.2+cuda12.2
MOC-R4PCC04U05:261397:261397 [2] NCCL INFO Comm config Blocking set to 1
MOC-R4PCC04U05:261398:261398 [3] NCCL INFO cudaDriverVersion 12040
MOC-R4PCC04U05:261398:261398 [3] NCCL INFO NCCL_SOCKET_IFNAME set by environment to eno7np0
MOC-R4PCC04U05:261398:261398 [3] NCCL INFO Bootstrap: Using eno7np0:192.168.50.193<0>
MOC-R4PCC04U05:261398:261398 [3] NCCL INFO NCCL version 2.26.2+cuda12.2
MOC-R4PCC04U05:261398:261398 [3] NCCL INFO Comm config Blocking set to 1
MOC-R4PCC04U05:261395:261443 [0] NCCL INFO NET/IB : Using [0]mlx5_5:1/RoCE [RO]; OOB eno7np0:192.168.50.193<0>
MOC-R4PCC04U05:261395:261443 [0] NCCL INFO PROFILER/Plugin: Could not find: libnccl-profiler.so. 
MOC-R4PCC04U05:261395:261443 [0] NCCL INFO Using network IB
MOC-R4PCC04U05:261395:261443 [0] NCCL INFO DMA-BUF is available on GPU device 0
MOC-R4PCC04U05:261395:261443 [0] NCCL INFO ncclCommInitRankConfig comm 0x55640a1433a0 rank 0 nranks 8 cudaDev 0 nvmlDev 0 busId 6000 commId 0xf5d5c002409b1d91 - Init START
MOC-R4PCC04U05:261396:261396 [1] NCCL INFO cudaDriverVersion 12040
MOC-R4PCC04U05:261396:261396 [1] NCCL INFO NCCL_SOCKET_IFNAME set by environment to eno7np0
MOC-R4PCC04U05:261396:261396 [1] NCCL INFO Bootstrap: Using eno7np0:192.168.50.193<0>
MOC-R4PCC04U05:261396:261396 [1] NCCL INFO NCCL version 2.26.2+cuda12.2
MOC-R4PCC04U05:261396:261396 [1] NCCL INFO Comm config Blocking set to 1
MOC-R4PCC04U05:261398:261445 [3] NCCL INFO NET/Plugin: Could not find: libnccl-net.so. Using internal net plugin.
MOC-R4PCC04U05:261398:261445 [3] NCCL INFO NCCL_IB_DISABLE set by environment to 0.
MOC-R4PCC04U05:261397:261444 [2] NCCL INFO NET/Plugin: Could not find: libnccl-net.so. Using internal net plugin.
MOC-R4PCC04U05:261397:261444 [2] NCCL INFO NCCL_IB_DISABLE set by environment to 0.
MOC-R4PCC04U05:261398:261445 [3] NCCL INFO NCCL_SOCKET_IFNAME set by environment to eno7np0
MOC-R4PCC04U05:261397:261444 [2] NCCL INFO NCCL_SOCKET_IFNAME set by environment to eno7np0
MOC-R4PCC04U05:261398:261445 [3] NCCL INFO NCCL_IB_HCA set to mlx5_5
MOC-R4PCC04U05:261397:261444 [2] NCCL INFO NCCL_IB_HCA set to mlx5_5
MOC-R4PCC04U05:261396:261447 [1] NCCL INFO NET/Plugin: Could not find: libnccl-net.so. Using internal net plugin.
MOC-R4PCC04U05:261396:261447 [1] NCCL INFO NCCL_IB_DISABLE set by environment to 0.
MOC-R4PCC04U05:261396:261447 [1] NCCL INFO NCCL_SOCKET_IFNAME set by environment to eno7np0
MOC-R4PCC04U05:261397:261444 [2] NCCL INFO NET/IB : Using [0]mlx5_5:1/RoCE [RO]; OOB eno7np0:192.168.50.193<0>
MOC-R4PCC04U05:261396:261447 [1] NCCL INFO NCCL_IB_HCA set to mlx5_5
MOC-R4PCC04U05:261398:261445 [3] NCCL INFO NET/IB : Using [0]mlx5_5:1/RoCE [RO]; OOB eno7np0:192.168.50.193<0>
MOC-R4PCC04U05:261398:261445 [3] NCCL INFO PROFILER/Plugin: Could not find: libnccl-profiler.so. 
MOC-R4PCC04U05:261397:261444 [2] NCCL INFO PROFILER/Plugin: Could not find: libnccl-profiler.so. 
MOC-R4PCC04U05:261398:261445 [3] NCCL INFO Using network IB
MOC-R4PCC04U05:261397:261444 [2] NCCL INFO Using network IB
MOC-R4PCC04U05:261396:261447 [1] NCCL INFO NET/IB : Using [0]mlx5_5:1/RoCE [RO]; OOB eno7np0:192.168.50.193<0>
MOC-R4PCC04U05:261396:261447 [1] NCCL INFO PROFILER/Plugin: Could not find: libnccl-profiler.so. 
MOC-R4PCC04U05:261396:261447 [1] NCCL INFO Using network IB
MOC-R4PCC04U05:261398:261445 [3] NCCL INFO DMA-BUF is available on GPU device 3
MOC-R4PCC04U05:261397:261444 [2] NCCL INFO DMA-BUF is available on GPU device 2
MOC-R4PCC04U05:261398:261445 [3] NCCL INFO ncclCommInitRankConfig comm 0x563f8a8c2040 rank 3 nranks 8 cudaDev 3 nvmlDev 3 busId c6000 commId 0xf5d5c002409b1d91 - Init START
MOC-R4PCC04U05:261396:261447 [1] NCCL INFO DMA-BUF is available on GPU device 1
MOC-R4PCC04U05:261397:261444 [2] NCCL INFO ncclCommInitRankConfig comm 0x5634e05bff60 rank 2 nranks 8 cudaDev 2 nvmlDev 2 busId a6000 commId 0xf5d5c002409b1d91 - Init START
MOC-R4PCC04U05:261396:261447 [1] NCCL INFO ncclCommInitRankConfig comm 0x564dad087590 rank 1 nranks 8 cudaDev 1 nvmlDev 1 busId 26000 commId 0xf5d5c002409b1d91 - Init START
MOC-R4PCC04U05:261398:261445 [3] NCCL INFO RAS client listening socket at ::1<28028>
MOC-R4PCC04U05:261396:261447 [1] NCCL INFO RAS client listening socket at ::1<28028>
MOC-R4PCC04U05:261397:261444 [2] NCCL INFO RAS client listening socket at ::1<28028>
MOC-R4PCC04U05:261395:261443 [0] NCCL INFO RAS client listening socket at ::1<28028>
MOC-R4PCC04U05:261395:261443 [0] NCCL INFO Bootstrap timings total 2.080755 (create 0.000154, send 0.000485, recv 2.004117, ring 0.000688, delay 0.000001)
MOC-R4PCC04U05:261396:261447 [1] NCCL INFO Bootstrap timings total 0.077140 (create 0.000100, send 0.000246, recv 0.000824, ring 0.074836, delay 0.000000)
MOC-R4PCC04U05:261397:261444 [2] NCCL INFO Bootstrap timings total 0.077311 (create 0.000153, send 0.000328, recv 0.000436, ring 0.074720, delay 0.000001)
MOC-R4PCC04U05:261398:261445 [3] NCCL INFO Bootstrap timings total 0.096682 (create 0.000155, send 0.000326, recv 0.000241, ring 0.075332, delay 0.000000)
MOC-R4PCC04U05:261396:261447 [1] NCCL INFO Setting affinity for GPU 1 to ffffffff,ffffffff,ffffffff,ffffffff,00000000,00000000,00000000,00000000,ffffffff,ffffffff,ffffffff,ffffffff
MOC-R4PCC04U05:261396:261447 [1] NCCL INFO NVLS multicast support is not available on dev 1
MOC-R4PCC04U05:261395:261443 [0] NCCL INFO Setting affinity for GPU 0 to ffffffff,ffffffff,ffffffff,ffffffff,00000000,00000000,00000000,00000000,ffffffff,ffffffff,ffffffff,ffffffff
MOC-R4PCC04U05:261397:261444 [2] NCCL INFO Setting affinity for GPU 2 to ffffffff,ffffffff,ffffffff,ffffffff,00000000,00000000,00000000,00000000,ffffffff,ffffffff,ffffffff,ffffffff,00000000,00000000,00000000,00000000
MOC-R4PCC04U05:261395:261443 [0] NCCL INFO NVLS multicast support is not available on dev 0
MOC-R4PCC04U05:261397:261444 [2] NCCL INFO NVLS multicast support is not available on dev 2
MOC-R4PCC04U05:261398:261445 [3] NCCL INFO Setting affinity for GPU 3 to ffffffff,ffffffff,ffffffff,ffffffff,00000000,00000000,00000000,00000000,ffffffff,ffffffff,ffffffff,ffffffff,00000000,00000000,00000000,00000000
MOC-R4PCC04U05:261398:261445 [3] NCCL INFO NVLS multicast support is not available on dev 3
MOC-R4PCC04U05:261398:261445 [3] NCCL INFO comm 0x563f8a8c2040 rank 3 nRanks 8 nNodes 2 localRanks 4 localRank 3 MNNVL 0
MOC-R4PCC04U05:261396:261447 [1] NCCL INFO comm 0x564dad087590 rank 1 nRanks 8 nNodes 2 localRanks 4 localRank 1 MNNVL 0
MOC-R4PCC04U05:261397:261444 [2] NCCL INFO comm 0x5634e05bff60 rank 2 nRanks 8 nNodes 2 localRanks 4 localRank 2 MNNVL 0
MOC-R4PCC04U05:261398:261445 [3] NCCL INFO Trees [0] 0/-1/-1->3->2 [1] 0/-1/-1->3->2 [2] 0/-1/-1->3->2 [3] 0/-1/-1->3->2
MOC-R4PCC04U05:261398:261445 [3] NCCL INFO P2P Chunksize set to 131072
MOC-R4PCC04U05:261396:261447 [1] NCCL INFO Trees [0] -1/-1/-1->1->0 [1] -1/-1/-1->1->0 [2] -1/-1/-1->1->0 [3] -1/-1/-1->1->0
MOC-R4PCC04U05:261396:261447 [1] NCCL INFO P2P Chunksize set to 131072
MOC-R4PCC04U05:261395:261443 [0] NCCL INFO comm 0x55640a1433a0 rank 0 nRanks 8 nNodes 2 localRanks 4 localRank 0 MNNVL 0
MOC-R4PCC04U05:261397:261444 [2] NCCL INFO Trees [0] 3/6/-1->2->-1 [1] 3/6/-1->2->-1 [2] 3/-1/-1->2->6 [3] 3/-1/-1->2->6
MOC-R4PCC04U05:261397:261444 [2] NCCL INFO P2P Chunksize set to 131072
MOC-R4PCC04U05:261395:261443 [0] NCCL INFO Channel 00/04 : 0 3 6 5 4 7 2 1
MOC-R4PCC04U05:261395:261443 [0] NCCL INFO Channel 01/04 : 0 3 6 5 4 7 2 1
MOC-R4PCC04U05:261395:261443 [0] NCCL INFO Channel 02/04 : 0 3 6 5 4 7 2 1
MOC-R4PCC04U05:261395:261443 [0] NCCL INFO Channel 03/04 : 0 3 6 5 4 7 2 1
MOC-R4PCC04U05:261395:261443 [0] NCCL INFO Trees [0] 1/-1/-1->0->3 [1] 1/-1/-1->0->3 [2] 1/-1/-1->0->3 [3] 1/-1/-1->0->3
MOC-R4PCC04U05:261395:261443 [0] NCCL INFO P2P Chunksize set to 131072
MOC-R4PCC04U05:261395:261443 [0] NCCL INFO Check P2P Type intraNodeP2pSupport 1 directMode 0
MOC-R4PCC04U05:261396:261460 [1] NCCL INFO [Proxy Service] Device 1 CPU core 286
MOC-R4PCC04U05:261398:261461 [3] NCCL INFO [Proxy Service UDS] Device 3 CPU core 452
MOC-R4PCC04U05:261396:261462 [1] NCCL INFO [Proxy Service UDS] Device 1 CPU core 295
MOC-R4PCC04U05:261398:261459 [3] NCCL INFO [Proxy Service] Device 3 CPU core 432
MOC-R4PCC04U05:261395:261463 [0] NCCL INFO [Proxy Service] Device 0 CPU core 303
MOC-R4PCC04U05:261397:261464 [2] NCCL INFO [Proxy Service] Device 2 CPU core 207
MOC-R4PCC04U05:261395:261466 [0] NCCL INFO [Proxy Service UDS] Device 0 CPU core 311
MOC-R4PCC04U05:261397:261465 [2] NCCL INFO [Proxy Service UDS] Device 2 CPU core 471
MOC-R4PCC04U05:261397:261444 [2] NCCL INFO threadThresholds 8/8/64 | 64/8/64 | 512 | 512
MOC-R4PCC04U05:261397:261444 [2] NCCL INFO 4 coll channels, 4 collnet channels, 0 nvls channels, 4 p2p channels, 2 p2p channels per peer
MOC-R4PCC04U05:261398:261445 [3] NCCL INFO threadThresholds 8/8/64 | 64/8/64 | 512 | 512
MOC-R4PCC04U05:261398:261445 [3] NCCL INFO 4 coll channels, 4 collnet channels, 0 nvls channels, 4 p2p channels, 2 p2p channels per peer
MOC-R4PCC04U05:261396:261447 [1] NCCL INFO threadThresholds 8/8/64 | 64/8/64 | 512 | 512
MOC-R4PCC04U05:261396:261447 [1] NCCL INFO 4 coll channels, 4 collnet channels, 0 nvls channels, 4 p2p channels, 2 p2p channels per peer
MOC-R4PCC04U05:261395:261443 [0] NCCL INFO threadThresholds 8/8/64 | 64/8/64 | 512 | 512
MOC-R4PCC04U05:261395:261443 [0] NCCL INFO 4 coll channels, 4 collnet channels, 0 nvls channels, 4 p2p channels, 2 p2p channels per peer
MOC-R4PCC04U05:261395:261443 [0] NCCL INFO CC Off, workFifoBytes 1048576
MOC-R4PCC04U05:261396:261447 [1] NCCL INFO TUNER/Plugin: Could not find: libnccl-tuner.so. Using internal tuner plugin.
MOC-R4PCC04U05:261396:261447 [1] NCCL INFO ncclCommInitRankConfig comm 0x564dad087590 rank 1 nranks 8 cudaDev 1 nvmlDev 1 busId 26000 commId 0xf5d5c002409b1d91 - Init COMPLETE
MOC-R4PCC04U05:261396:261447 [1] NCCL INFO Init timings - ncclCommInitRankConfig: rank 1 nranks 8 total 3.25 (kernels 0.31, alloc 1.68, bootstrap 0.08, allgathers 0.09, topo 0.77, graphs 0.00, connections 0.29, rest 0.01)
MOC-R4PCC04U05:261397:261444 [2] NCCL INFO TUNER/Plugin: Could not find: libnccl-tuner.so. Using internal tuner plugin.
MOC-R4PCC04U05:261397:261444 [2] NCCL INFO ncclCommInitRankConfig comm 0x5634e05bff60 rank 2 nranks 8 cudaDev 2 nvmlDev 2 busId a6000 commId 0xf5d5c002409b1d91 - Init COMPLETE
MOC-R4PCC04U05:261397:261444 [2] NCCL INFO Init timings - ncclCommInitRankConfig: rank 2 nranks 8 total 3.86 (kernels 0.80, alloc 1.80, bootstrap 0.08, allgathers 0.09, topo 0.77, graphs 0.00, connections 0.28, rest 0.03)
MOC-R4PCC04U05:261398:261445 [3] NCCL INFO TUNER/Plugin: Could not find: libnccl-tuner.so. Using internal tuner plugin.
MOC-R4PCC04U05:261398:261445 [3] NCCL INFO ncclCommInitRankConfig comm 0x563f8a8c2040 rank 3 nranks 8 cudaDev 3 nvmlDev 3 busId c6000 commId 0xf5d5c002409b1d91 - Init COMPLETE
MOC-R4PCC04U05:261398:261445 [3] NCCL INFO Init timings - ncclCommInitRankConfig: rank 3 nranks 8 total 3.85 (kernels 0.79, alloc 1.78, bootstrap 0.10, allgathers 0.09, topo 0.78, graphs 0.00, connections 0.29, rest 0.02)
MOC-R4PCC04U05:261395:261443 [0] NCCL INFO TUNER/Plugin: Could not find: libnccl-tuner.so. Using internal tuner plugin.
MOC-R4PCC04U05:261395:261443 [0] NCCL INFO ncclCommInitRankConfig comm 0x55640a1433a0 rank 0 nranks 8 cudaDev 0 nvmlDev 0 busId 6000 commId 0xf5d5c002409b1d91 - Init COMPLETE
MOC-R4PCC04U05:261395:261443 [0] NCCL INFO Init timings - ncclCommInitRankConfig: rank 0 nranks 8 total 4.26 (kernels 0.31, alloc 0.68, bootstrap 2.08, allgathers 0.09, topo 0.77, graphs 0.00, connections 0.31, rest 0.00)
MOC-R4PCC04U05:261395:261467 [0] NCCL INFO Channel 00/0 : 0[0] -> 3[3] via P2P/CUMEM
MOC-R4PCC04U05:261395:261467 [0] NCCL INFO Channel 01/0 : 0[0] -> 3[3] via P2P/CUMEM
MOC-R4PCC04U05:261395:261467 [0] NCCL INFO Channel 02/0 : 0[0] -> 3[3] via P2P/CUMEM
MOC-R4PCC04U05:261395:261467 [0] NCCL INFO Channel 03/0 : 0[0] -> 3[3] via P2P/CUMEM
MOC-R4PCC04U05:261396:261469 [1] NCCL INFO Channel 00/0 : 1[1] -> 0[0] via P2P/CUMEM
MOC-R4PCC04U05:261396:261469 [1] NCCL INFO Channel 01/0 : 1[1] -> 0[0] via P2P/CUMEM
MOC-R4PCC04U05:261396:261469 [1] NCCL INFO Channel 02/0 : 1[1] -> 0[0] via P2P/CUMEM
MOC-R4PCC04U05:261396:261469 [1] NCCL INFO Channel 03/0 : 1[1] -> 0[0] via P2P/CUMEM
MOC-R4PCC04U05:261398:261468 [3] NCCL INFO Channel 00/0 : 3[3] -> 6[2] [send] via NET/IB/1(2)/GDRDMA
MOC-R4PCC04U05:261397:261471 [2] NCCL INFO [Proxy Progress] Device 2 CPU core 197
MOC-R4PCC04U05:261398:261468 [3] NCCL INFO Channel 01/0 : 3[3] -> 6[2] [send] via NET/IB/1(2)/GDRDMA
MOC-R4PCC04U05:261397:261470 [2] NCCL INFO Channel 00/0 : 7[3] -> 2[2] [receive] via NET/IB/1/GDRDMA
MOC-R4PCC04U05:261398:261468 [3] NCCL INFO Channel 02/0 : 3[3] -> 6[2] [send] via NET/IB/1(2)/GDRDMA
MOC-R4PCC04U05:261397:261470 [2] NCCL INFO Channel 01/0 : 7[3] -> 2[2] [receive] via NET/IB/1/GDRDMA
MOC-R4PCC04U05:261398:261468 [3] NCCL INFO Channel 03/0 : 3[3] -> 6[2] [send] via NET/IB/1(2)/GDRDMA
MOC-R4PCC04U05:261397:261470 [2] NCCL INFO Channel 02/0 : 7[3] -> 2[2] [receive] via NET/IB/1/GDRDMA
MOC-R4PCC04U05:261397:261470 [2] NCCL INFO Channel 03/0 : 7[3] -> 2[2] [receive] via NET/IB/1/GDRDMA
MOC-R4PCC04U05:261397:261470 [2] NCCL INFO Channel 00/0 : 2[2] -> 1[1] via P2P/CUMEM
MOC-R4PCC04U05:261397:261470 [2] NCCL INFO Channel 01/0 : 2[2] -> 1[1] via P2P/CUMEM
MOC-R4PCC04U05:261397:261470 [2] NCCL INFO Channel 02/0 : 2[2] -> 1[1] via P2P/CUMEM
MOC-R4PCC04U05:261397:261470 [2] NCCL INFO Channel 03/0 : 2[2] -> 1[1] via P2P/CUMEM
MOC-R4PCC04U05:261398:261468 [3] NCCL INFO Connected all rings, use ring PXN 1 GDR 1
MOC-R4PCC04U05:261397:261470 [2] NCCL INFO Connected all rings, use ring PXN 1 GDR 1
MOC-R4PCC04U05:261396:261469 [1] NCCL INFO Connected all rings, use ring PXN 1 GDR 1
MOC-R4PCC04U05:261395:261467 [0] NCCL INFO Connected all rings, use ring PXN 1 GDR 1
num decayed parameter tensors: 50, with 124,318,464 parameters
num non-decayed parameter tensors: 98, with 121,344 parameters
using fused AdamW: False
using regular AdamW
MOC-R4PCC04U05:261397:262165 [2] NCCL INFO Channel 00/0 : 2[2] -> 3[3] via P2P/CUMEM
MOC-R4PCC04U05:261397:262165 [2] NCCL INFO Channel 01/0 : 2[2] -> 3[3] via P2P/CUMEM
MOC-R4PCC04U05:261397:262165 [2] NCCL INFO Channel 02/0 : 2[2] -> 3[3] via P2P/CUMEM
MOC-R4PCC04U05:261397:262165 [2] NCCL INFO Channel 03/0 : 2[2] -> 3[3] via P2P/CUMEM
MOC-R4PCC04U05:261398:262164 [3] NCCL INFO Channel 00/0 : 3[3] -> 0[0] via P2P/CUMEM
MOC-R4PCC04U05:261397:262165 [2] NCCL INFO Channel 00/0 : 6[2] -> 2[2] [receive] via NET/IB/1/GDRDMA
MOC-R4PCC04U05:261397:262165 [2] NCCL INFO Channel 01/0 : 6[2] -> 2[2] [receive] via NET/IB/1/GDRDMA
MOC-R4PCC04U05:261397:262165 [2] NCCL INFO Channel 02/0 : 6[2] -> 2[2] [receive] via NET/IB/1/GDRDMA
MOC-R4PCC04U05:261397:262165 [2] NCCL INFO Channel 03/0 : 6[2] -> 2[2] [receive] via NET/IB/1/GDRDMA
MOC-R4PCC04U05:261398:262164 [3] NCCL INFO Channel 01/0 : 3[3] -> 0[0] via P2P/CUMEM
MOC-R4PCC04U05:261397:262165 [2] NCCL INFO Channel 00/0 : 2[2] -> 6[2] [send] via NET/IB/1/GDRDMA
MOC-R4PCC04U05:261397:262165 [2] NCCL INFO Channel 01/0 : 2[2] -> 6[2] [send] via NET/IB/1/GDRDMA
MOC-R4PCC04U05:261397:262165 [2] NCCL INFO Channel 02/0 : 2[2] -> 6[2] [send] via NET/IB/1/GDRDMA
MOC-R4PCC04U05:261398:262164 [3] NCCL INFO Channel 02/0 : 3[3] -> 0[0] via P2P/CUMEM
MOC-R4PCC04U05:261397:262165 [2] NCCL INFO Channel 03/0 : 2[2] -> 6[2] [send] via NET/IB/1/GDRDMA
MOC-R4PCC04U05:261398:262164 [3] NCCL INFO Channel 03/0 : 3[3] -> 0[0] via P2P/CUMEM
MOC-R4PCC04U05:261395:262166 [0] NCCL INFO Channel 00/0 : 0[0] -> 1[1] via P2P/CUMEM
MOC-R4PCC04U05:261395:262166 [0] NCCL INFO Channel 01/0 : 0[0] -> 1[1] via P2P/CUMEM
MOC-R4PCC04U05:261395:262166 [0] NCCL INFO Channel 02/0 : 0[0] -> 1[1] via P2P/CUMEM
MOC-R4PCC04U05:261395:262166 [0] NCCL INFO Channel 03/0 : 0[0] -> 1[1] via P2P/CUMEM
MOC-R4PCC04U05:261398:262164 [3] NCCL INFO Channel 00/0 : 3[3] -> 2[2] via P2P/CUMEM
MOC-R4PCC04U05:261398:262164 [3] NCCL INFO Channel 01/0 : 3[3] -> 2[2] via P2P/CUMEM
MOC-R4PCC04U05:261398:262164 [3] NCCL INFO Channel 02/0 : 3[3] -> 2[2] via P2P/CUMEM
MOC-R4PCC04U05:261398:262164 [3] NCCL INFO Channel 03/0 : 3[3] -> 2[2] via P2P/CUMEM
MOC-R4PCC04U05:261396:262167 [1] NCCL INFO Connected all trees
MOC-R4PCC04U05:261395:262166 [0] NCCL INFO Connected all trees
MOC-R4PCC04U05:261398:262164 [3] NCCL INFO Connected all trees
MOC-R4PCC04U05:261397:262165 [2] NCCL INFO Connected all trees
step    1/10 | train loss 11.009806 | norm 15.3616 | lr 1.00e-04 | (13790.11 ms | 152077 tok/s)
step    2/10 | train loss 10.138541 | norm 5.7423 | lr 1.00e-04 | (633.83 ms | 3308696 tok/s)
step    3/10 | train loss 9.797910 | norm 2.6066 | lr 1.00e-04 | (635.36 ms | 3300743 tok/s)
step    4/10 | train loss 9.628578 | norm 2.1114 | lr 1.00e-04 | (637.38 ms | 3290248 tok/s)
step    5/10 | train loss 9.545596 | norm 2.1044 | lr 1.00e-04 | (638.58 ms | 3284091 tok/s)
step    6/10 | train loss 9.464415 | norm 1.9969 | lr 1.00e-04 | (633.62 ms | 3309821 tok/s)
step    7/10 | train loss 9.378775 | norm 1.9478 | lr 1.00e-04 | (634.06 ms | 3307516 tok/s)
step    8/10 | train loss 9.286814 | norm 1.9138 | lr 1.00e-04 | (634.15 ms | 3307046 tok/s)
step    9/10 | train loss 9.191317 | norm 1.8553 | lr 1.00e-04 | (638.64 ms | 3283796 tok/s)
step   10/10 | train loss 9.107036 | norm 1.7972 | lr 1.00e-04 | (635.69 ms | 3299017 tok/s)
final 9 iters avg: 635.700ms
peak memory consumption: 16601 MiB
MOC-R4PCC04U05:261398:262176 [3] NCCL INFO comm 0x563f8a8c2040 rank 3 nranks 8 cudaDev 3 busId c6000 - Destroy COMPLETE
MOC-R4PCC04U05:261395:262179 [0] NCCL INFO comm 0x55640a1433a0 rank 0 nranks 8 cudaDev 0 busId 6000 - Destroy COMPLETE
MOC-R4PCC04U05:261397:262177 [2] NCCL INFO comm 0x5634e05bff60 rank 2 nranks 8 cudaDev 2 busId a6000 - Destroy COMPLETE
MOC-R4PCC04U05:261396:262178 [1] NCCL INFO comm 0x564dad087590 rank 1 nranks 8 cudaDev 1 busId 26000 - Destroy COMPLETE
