Running pytorch 2.7.0+cu126
using device: cuda:0
total desired batch size: 524288
=> calculated gradient accumulation steps: 2
using device: cuda:2
using device: cuda:3
using device: cuda:1
compiling the model...
DataLoader: total number of tokens: 1,661,249,667 across 103 files
MOC-R4PCC04U05:256292:256292 [0] NCCL INFO NCCL_SOCKET_IFNAME set by environment to eno7np0
MOC-R4PCC04U05:256292:256292 [0] NCCL INFO Bootstrap: Using eno7np0:192.168.50.193<0>
MOC-R4PCC04U05:256292:256292 [0] NCCL INFO cudaDriverVersion 12040
MOC-R4PCC04U05:256292:256292 [0] NCCL INFO NCCL version 2.26.2+cuda12.2
MOC-R4PCC04U05:256292:256292 [0] NCCL INFO Comm config Blocking set to 1
MOC-R4PCC04U05:256295:256295 [3] NCCL INFO cudaDriverVersion 12040
MOC-R4PCC04U05:256295:256295 [3] NCCL INFO NCCL_SOCKET_IFNAME set by environment to eno7np0
MOC-R4PCC04U05:256295:256295 [3] NCCL INFO Bootstrap: Using eno7np0:192.168.50.193<0>
MOC-R4PCC04U05:256295:256295 [3] NCCL INFO NCCL version 2.26.2+cuda12.2
MOC-R4PCC04U05:256295:256295 [3] NCCL INFO Comm config Blocking set to 1
MOC-R4PCC04U05:256293:256293 [1] NCCL INFO cudaDriverVersion 12040
MOC-R4PCC04U05:256293:256293 [1] NCCL INFO NCCL_SOCKET_IFNAME set by environment to eno7np0
MOC-R4PCC04U05:256293:256293 [1] NCCL INFO Bootstrap: Using eno7np0:192.168.50.193<0>
MOC-R4PCC04U05:256293:256293 [1] NCCL INFO NCCL version 2.26.2+cuda12.2
MOC-R4PCC04U05:256293:256293 [1] NCCL INFO Comm config Blocking set to 1
MOC-R4PCC04U05:256292:256333 [0] NCCL INFO NET/Plugin: Could not find: libnccl-net.so. Using internal net plugin.
MOC-R4PCC04U05:256292:256333 [0] NCCL INFO NCCL_IB_DISABLE set by environment to 0.
MOC-R4PCC04U05:256292:256333 [0] NCCL INFO NCCL_SOCKET_IFNAME set by environment to eno7np0
MOC-R4PCC04U05:256292:256333 [0] NCCL INFO NCCL_IB_HCA set to mlx5_5
MOC-R4PCC04U05:256292:256333 [0] NCCL INFO NET/IB : Using [0]mlx5_5:1/RoCE [RO]; OOB eno7np0:192.168.50.193<0>
MOC-R4PCC04U05:256292:256333 [0] NCCL INFO PROFILER/Plugin: Could not find: libnccl-profiler.so. 
MOC-R4PCC04U05:256292:256333 [0] NCCL INFO Using network IB
MOC-R4PCC04U05:256292:256333 [0] NCCL INFO DMA-BUF is available on GPU device 0
MOC-R4PCC04U05:256292:256333 [0] NCCL INFO ncclCommInitRankConfig comm 0x557a0861e180 rank 0 nranks 8 cudaDev 0 nvmlDev 0 busId 6000 commId 0x8d4691feadf7dac - Init START
MOC-R4PCC04U05:256294:256294 [2] NCCL INFO cudaDriverVersion 12040
MOC-R4PCC04U05:256294:256294 [2] NCCL INFO NCCL_SOCKET_IFNAME set by environment to eno7np0
MOC-R4PCC04U05:256294:256294 [2] NCCL INFO Bootstrap: Using eno7np0:192.168.50.193<0>
MOC-R4PCC04U05:256294:256294 [2] NCCL INFO NCCL version 2.26.2+cuda12.2
MOC-R4PCC04U05:256294:256294 [2] NCCL INFO Comm config Blocking set to 1
MOC-R4PCC04U05:256295:256334 [3] NCCL INFO NET/Plugin: Could not find: libnccl-net.so. Using internal net plugin.
MOC-R4PCC04U05:256295:256334 [3] NCCL INFO NCCL_IB_DISABLE set by environment to 0.
MOC-R4PCC04U05:256295:256334 [3] NCCL INFO NCCL_SOCKET_IFNAME set by environment to eno7np0
MOC-R4PCC04U05:256295:256334 [3] NCCL INFO NCCL_IB_HCA set to mlx5_5
MOC-R4PCC04U05:256293:256335 [1] NCCL INFO NET/Plugin: Could not find: libnccl-net.so. Using internal net plugin.
MOC-R4PCC04U05:256293:256335 [1] NCCL INFO NCCL_IB_DISABLE set by environment to 0.
MOC-R4PCC04U05:256293:256335 [1] NCCL INFO NCCL_SOCKET_IFNAME set by environment to eno7np0
MOC-R4PCC04U05:256293:256335 [1] NCCL INFO NCCL_IB_HCA set to mlx5_5
MOC-R4PCC04U05:256295:256334 [3] NCCL INFO NET/IB : Using [0]mlx5_5:1/RoCE [RO]; OOB eno7np0:192.168.50.193<0>
MOC-R4PCC04U05:256295:256334 [3] NCCL INFO PROFILER/Plugin: Could not find: libnccl-profiler.so. 
MOC-R4PCC04U05:256295:256334 [3] NCCL INFO Using network IB
MOC-R4PCC04U05:256293:256335 [1] NCCL INFO NET/IB : Using [0]mlx5_5:1/RoCE [RO]; OOB eno7np0:192.168.50.193<0>
MOC-R4PCC04U05:256293:256335 [1] NCCL INFO PROFILER/Plugin: Could not find: libnccl-profiler.so. 
MOC-R4PCC04U05:256293:256335 [1] NCCL INFO Using network IB
MOC-R4PCC04U05:256295:256334 [3] NCCL INFO DMA-BUF is available on GPU device 3
MOC-R4PCC04U05:256295:256334 [3] NCCL INFO ncclCommInitRankConfig comm 0x55691de2f5b0 rank 3 nranks 8 cudaDev 3 nvmlDev 3 busId c6000 commId 0x8d4691feadf7dac - Init START
MOC-R4PCC04U05:256293:256335 [1] NCCL INFO DMA-BUF is available on GPU device 1
MOC-R4PCC04U05:256293:256335 [1] NCCL INFO ncclCommInitRankConfig comm 0x55d4c6ff34d0 rank 1 nranks 8 cudaDev 1 nvmlDev 1 busId 26000 commId 0x8d4691feadf7dac - Init START
MOC-R4PCC04U05:256292:256333 [0] NCCL INFO RAS client listening socket at ::1<28028>
MOC-R4PCC04U05:256294:256337 [2] NCCL INFO NET/Plugin: Could not find: libnccl-net.so. Using internal net plugin.
MOC-R4PCC04U05:256294:256337 [2] NCCL INFO NCCL_IB_DISABLE set by environment to 0.
MOC-R4PCC04U05:256294:256337 [2] NCCL INFO NCCL_SOCKET_IFNAME set by environment to eno7np0
MOC-R4PCC04U05:256294:256337 [2] NCCL INFO NCCL_IB_HCA set to mlx5_5
MOC-R4PCC04U05:256294:256337 [2] NCCL INFO NET/IB : Using [0]mlx5_5:1/RoCE [RO]; OOB eno7np0:192.168.50.193<0>
MOC-R4PCC04U05:256294:256337 [2] NCCL INFO PROFILER/Plugin: Could not find: libnccl-profiler.so. 
MOC-R4PCC04U05:256294:256337 [2] NCCL INFO Using network IB
MOC-R4PCC04U05:256294:256337 [2] NCCL INFO DMA-BUF is available on GPU device 2
MOC-R4PCC04U05:256294:256337 [2] NCCL INFO ncclCommInitRankConfig comm 0x55ba4b4507a0 rank 2 nranks 8 cudaDev 2 nvmlDev 2 busId a6000 commId 0x8d4691feadf7dac - Init START
MOC-R4PCC04U05:256295:256334 [3] NCCL INFO RAS client listening socket at ::1<28028>
MOC-R4PCC04U05:256294:256337 [2] NCCL INFO RAS client listening socket at ::1<28028>
MOC-R4PCC04U05:256293:256335 [1] NCCL INFO RAS client listening socket at ::1<28028>
MOC-R4PCC04U05:256294:256337 [2] NCCL INFO Bootstrap timings total 0.004809 (create 0.000095, send 0.000261, recv 0.000445, ring 0.002537, delay 0.000000)
MOC-R4PCC04U05:256293:256335 [1] NCCL INFO Bootstrap timings total 0.896050 (create 0.000147, send 0.000332, recv 0.891613, ring 0.002164, delay 0.000000)
MOC-R4PCC04U05:256295:256334 [3] NCCL INFO Bootstrap timings total 0.915468 (create 0.000152, send 0.000334, recv 0.000447, ring 0.002448, delay 0.000001)
MOC-R4PCC04U05:256292:256333 [0] NCCL INFO Bootstrap timings total 2.220647 (create 0.000095, send 0.000324, recv 1.325072, ring 0.853695, delay 0.000000)
MOC-R4PCC04U05:256292:256333 [0] NCCL INFO Setting affinity for GPU 0 to ffffffff,ffffffff,ffffffff,ffffffff,00000000,00000000,00000000,00000000,ffffffff,ffffffff,ffffffff,ffffffff
MOC-R4PCC04U05:256292:256333 [0] NCCL INFO NVLS multicast support is not available on dev 0
MOC-R4PCC04U05:256293:256335 [1] NCCL INFO Setting affinity for GPU 1 to ffffffff,ffffffff,ffffffff,ffffffff,00000000,00000000,00000000,00000000,ffffffff,ffffffff,ffffffff,ffffffff
MOC-R4PCC04U05:256293:256335 [1] NCCL INFO NVLS multicast support is not available on dev 1
MOC-R4PCC04U05:256294:256337 [2] NCCL INFO Setting affinity for GPU 2 to ffffffff,ffffffff,ffffffff,ffffffff,00000000,00000000,00000000,00000000,ffffffff,ffffffff,ffffffff,ffffffff,00000000,00000000,00000000,00000000
MOC-R4PCC04U05:256294:256337 [2] NCCL INFO NVLS multicast support is not available on dev 2
MOC-R4PCC04U05:256295:256334 [3] NCCL INFO Setting affinity for GPU 3 to ffffffff,ffffffff,ffffffff,ffffffff,00000000,00000000,00000000,00000000,ffffffff,ffffffff,ffffffff,ffffffff,00000000,00000000,00000000,00000000
MOC-R4PCC04U05:256295:256334 [3] NCCL INFO NVLS multicast support is not available on dev 3
MOC-R4PCC04U05:256295:256334 [3] NCCL INFO comm 0x55691de2f5b0 rank 3 nRanks 8 nNodes 2 localRanks 4 localRank 3 MNNVL 0
MOC-R4PCC04U05:256294:256337 [2] NCCL INFO comm 0x55ba4b4507a0 rank 2 nRanks 8 nNodes 2 localRanks 4 localRank 2 MNNVL 0
MOC-R4PCC04U05:256295:256334 [3] NCCL INFO Trees [0] 0/-1/-1->3->2 [1] 0/-1/-1->3->2 [2] 0/-1/-1->3->2 [3] 0/-1/-1->3->2
MOC-R4PCC04U05:256295:256334 [3] NCCL INFO P2P Chunksize set to 131072
MOC-R4PCC04U05:256292:256333 [0] NCCL INFO comm 0x557a0861e180 rank 0 nRanks 8 nNodes 2 localRanks 4 localRank 0 MNNVL 0
MOC-R4PCC04U05:256294:256337 [2] NCCL INFO Trees [0] 3/6/-1->2->-1 [1] 3/6/-1->2->-1 [2] 3/-1/-1->2->6 [3] 3/-1/-1->2->6
MOC-R4PCC04U05:256293:256335 [1] NCCL INFO comm 0x55d4c6ff34d0 rank 1 nRanks 8 nNodes 2 localRanks 4 localRank 1 MNNVL 0
MOC-R4PCC04U05:256292:256333 [0] NCCL INFO Channel 00/04 : 0 3 6 5 4 7 2 1
MOC-R4PCC04U05:256294:256337 [2] NCCL INFO P2P Chunksize set to 131072
MOC-R4PCC04U05:256292:256333 [0] NCCL INFO Channel 01/04 : 0 3 6 5 4 7 2 1
MOC-R4PCC04U05:256292:256333 [0] NCCL INFO Channel 02/04 : 0 3 6 5 4 7 2 1
MOC-R4PCC04U05:256292:256333 [0] NCCL INFO Channel 03/04 : 0 3 6 5 4 7 2 1
MOC-R4PCC04U05:256292:256333 [0] NCCL INFO Trees [0] 1/-1/-1->0->3 [1] 1/-1/-1->0->3 [2] 1/-1/-1->0->3 [3] 1/-1/-1->0->3
MOC-R4PCC04U05:256293:256335 [1] NCCL INFO Trees [0] -1/-1/-1->1->0 [1] -1/-1/-1->1->0 [2] -1/-1/-1->1->0 [3] -1/-1/-1->1->0
MOC-R4PCC04U05:256292:256333 [0] NCCL INFO P2P Chunksize set to 131072
MOC-R4PCC04U05:256293:256335 [1] NCCL INFO P2P Chunksize set to 131072
MOC-R4PCC04U05:256292:256333 [0] NCCL INFO Check P2P Type intraNodeP2pSupport 1 directMode 0
MOC-R4PCC04U05:256295:256348 [3] NCCL INFO [Proxy Service] Device 3 CPU core 191
MOC-R4PCC04U05:256293:256351 [1] NCCL INFO [Proxy Service] Device 1 CPU core 15
MOC-R4PCC04U05:256292:256354 [0] NCCL INFO [Proxy Service] Device 0 CPU core 24
MOC-R4PCC04U05:256294:256350 [2] NCCL INFO [Proxy Service] Device 2 CPU core 463
MOC-R4PCC04U05:256293:256353 [1] NCCL INFO [Proxy Service UDS] Device 1 CPU core 273
MOC-R4PCC04U05:256295:256349 [3] NCCL INFO [Proxy Service UDS] Device 3 CPU core 199
MOC-R4PCC04U05:256294:256352 [2] NCCL INFO [Proxy Service UDS] Device 2 CPU core 471
MOC-R4PCC04U05:256292:256355 [0] NCCL INFO [Proxy Service UDS] Device 0 CPU core 295
MOC-R4PCC04U05:256293:256335 [1] NCCL INFO threadThresholds 8/8/64 | 64/8/64 | 512 | 512
MOC-R4PCC04U05:256293:256335 [1] NCCL INFO 4 coll channels, 4 collnet channels, 0 nvls channels, 4 p2p channels, 2 p2p channels per peer
MOC-R4PCC04U05:256294:256337 [2] NCCL INFO threadThresholds 8/8/64 | 64/8/64 | 512 | 512
MOC-R4PCC04U05:256294:256337 [2] NCCL INFO 4 coll channels, 4 collnet channels, 0 nvls channels, 4 p2p channels, 2 p2p channels per peer
MOC-R4PCC04U05:256292:256333 [0] NCCL INFO threadThresholds 8/8/64 | 64/8/64 | 512 | 512
MOC-R4PCC04U05:256292:256333 [0] NCCL INFO 4 coll channels, 4 collnet channels, 0 nvls channels, 4 p2p channels, 2 p2p channels per peer
MOC-R4PCC04U05:256295:256334 [3] NCCL INFO threadThresholds 8/8/64 | 64/8/64 | 512 | 512
MOC-R4PCC04U05:256295:256334 [3] NCCL INFO 4 coll channels, 4 collnet channels, 0 nvls channels, 4 p2p channels, 2 p2p channels per peer
MOC-R4PCC04U05:256292:256333 [0] NCCL INFO CC Off, workFifoBytes 1048576
MOC-R4PCC04U05:256293:256335 [1] NCCL INFO TUNER/Plugin: Could not find: libnccl-tuner.so. Using internal tuner plugin.
MOC-R4PCC04U05:256293:256335 [1] NCCL INFO ncclCommInitRankConfig comm 0x55d4c6ff34d0 rank 1 nranks 8 cudaDev 1 nvmlDev 1 busId 26000 commId 0x8d4691feadf7dac - Init COMPLETE
MOC-R4PCC04U05:256293:256335 [1] NCCL INFO Init timings - ncclCommInitRankConfig: rank 1 nranks 8 total 3.76 (kernels 0.84, alloc 1.22, bootstrap 0.90, allgathers 0.19, topo 0.59, graphs 0.01, connections 0.02, rest 0.00)
MOC-R4PCC04U05:256295:256334 [3] NCCL INFO TUNER/Plugin: Could not find: libnccl-tuner.so. Using internal tuner plugin.
MOC-R4PCC04U05:256295:256334 [3] NCCL INFO ncclCommInitRankConfig comm 0x55691de2f5b0 rank 3 nranks 8 cudaDev 3 nvmlDev 3 busId c6000 commId 0x8d4691feadf7dac - Init COMPLETE
MOC-R4PCC04U05:256295:256334 [3] NCCL INFO Init timings - ncclCommInitRankConfig: rank 3 nranks 8 total 3.80 (kernels 0.84, alloc 1.23, bootstrap 0.92, allgathers 0.19, topo 0.60, graphs 0.00, connections 0.02, rest 0.00)
MOC-R4PCC04U05:256294:256337 [2] NCCL INFO TUNER/Plugin: Could not find: libnccl-tuner.so. Using internal tuner plugin.
MOC-R4PCC04U05:256294:256337 [2] NCCL INFO ncclCommInitRankConfig comm 0x55ba4b4507a0 rank 2 nranks 8 cudaDev 2 nvmlDev 2 busId a6000 commId 0x8d4691feadf7dac - Init COMPLETE
MOC-R4PCC04U05:256294:256337 [2] NCCL INFO Init timings - ncclCommInitRankConfig: rank 2 nranks 8 total 3.02 (kernels 1.40, alloc 0.80, bootstrap 0.00, allgathers 0.19, topo 0.59, graphs 0.00, connections 0.02, rest 0.00)
MOC-R4PCC04U05:256292:256333 [0] NCCL INFO TUNER/Plugin: Could not find: libnccl-tuner.so. Using internal tuner plugin.
MOC-R4PCC04U05:256292:256333 [0] NCCL INFO ncclCommInitRankConfig comm 0x557a0861e180 rank 0 nranks 8 cudaDev 0 nvmlDev 0 busId 6000 commId 0x8d4691feadf7dac - Init COMPLETE
MOC-R4PCC04U05:256292:256333 [0] NCCL INFO Init timings - ncclCommInitRankConfig: rank 0 nranks 8 total 4.03 (kernels 0.32, alloc 0.68, bootstrap 2.22, allgathers 0.19, topo 0.59, graphs 0.00, connections 0.02, rest 0.00)
MOC-R4PCC04U05:256293:256357 [1] NCCL INFO Channel 00/0 : 1[1] -> 0[0] via P2P/CUMEM
MOC-R4PCC04U05:256293:256357 [1] NCCL INFO Channel 01/0 : 1[1] -> 0[0] via P2P/CUMEM
MOC-R4PCC04U05:256293:256357 [1] NCCL INFO Channel 02/0 : 1[1] -> 0[0] via P2P/CUMEM
MOC-R4PCC04U05:256293:256357 [1] NCCL INFO Channel 03/0 : 1[1] -> 0[0] via P2P/CUMEM
MOC-R4PCC04U05:256292:256360 [0] NCCL INFO Channel 00/0 : 0[0] -> 3[3] via P2P/CUMEM
MOC-R4PCC04U05:256292:256360 [0] NCCL INFO Channel 01/0 : 0[0] -> 3[3] via P2P/CUMEM
MOC-R4PCC04U05:256292:256360 [0] NCCL INFO Channel 02/0 : 0[0] -> 3[3] via P2P/CUMEM
MOC-R4PCC04U05:256295:256358 [3] NCCL INFO Channel 00/0 : 3[3] -> 6[2] [send] via NET/IB/1(2)/GDRDMA
MOC-R4PCC04U05:256294:256361 [2] NCCL INFO [Proxy Progress] Device 2 CPU core 191
MOC-R4PCC04U05:256294:256359 [2] NCCL INFO Channel 00/0 : 7[3] -> 2[2] [receive] via NET/IB/1/GDRDMA
MOC-R4PCC04U05:256295:256358 [3] NCCL INFO Channel 01/0 : 3[3] -> 6[2] [send] via NET/IB/1(2)/GDRDMA
MOC-R4PCC04U05:256294:256359 [2] NCCL INFO Channel 01/0 : 7[3] -> 2[2] [receive] via NET/IB/1/GDRDMA
MOC-R4PCC04U05:256295:256358 [3] NCCL INFO Channel 02/0 : 3[3] -> 6[2] [send] via NET/IB/1(2)/GDRDMA
MOC-R4PCC04U05:256294:256359 [2] NCCL INFO Channel 02/0 : 7[3] -> 2[2] [receive] via NET/IB/1/GDRDMA
MOC-R4PCC04U05:256295:256358 [3] NCCL INFO Channel 03/0 : 3[3] -> 6[2] [send] via NET/IB/1(2)/GDRDMA
MOC-R4PCC04U05:256294:256359 [2] NCCL INFO Channel 03/0 : 7[3] -> 2[2] [receive] via NET/IB/1/GDRDMA
MOC-R4PCC04U05:256294:256359 [2] NCCL INFO Channel 00/0 : 2[2] -> 1[1] via P2P/CUMEM
MOC-R4PCC04U05:256292:256360 [0] NCCL INFO Channel 03/0 : 0[0] -> 3[3] via P2P/CUMEM
MOC-R4PCC04U05:256294:256359 [2] NCCL INFO Channel 01/0 : 2[2] -> 1[1] via P2P/CUMEM
MOC-R4PCC04U05:256294:256359 [2] NCCL INFO Channel 02/0 : 2[2] -> 1[1] via P2P/CUMEM
MOC-R4PCC04U05:256294:256359 [2] NCCL INFO Channel 03/0 : 2[2] -> 1[1] via P2P/CUMEM
MOC-R4PCC04U05:256293:256357 [1] NCCL INFO Connected all rings, use ring PXN 1 GDR 1
MOC-R4PCC04U05:256294:256359 [2] NCCL INFO Connected all rings, use ring PXN 1 GDR 1
MOC-R4PCC04U05:256295:256358 [3] NCCL INFO Connected all rings, use ring PXN 1 GDR 1
MOC-R4PCC04U05:256292:256360 [0] NCCL INFO Connected all rings, use ring PXN 1 GDR 1
num decayed parameter tensors: 50, with 124,318,464 parameters
num non-decayed parameter tensors: 98, with 121,344 parameters
using fused AdamW: False
using regular AdamW
MOC-R4PCC04U05:256292:257052 [0] NCCL INFO Channel 00/0 : 0[0] -> 1[1] via P2P/CUMEM
MOC-R4PCC04U05:256292:257052 [0] NCCL INFO Channel 01/0 : 0[0] -> 1[1] via P2P/CUMEM
MOC-R4PCC04U05:256292:257052 [0] NCCL INFO Channel 02/0 : 0[0] -> 1[1] via P2P/CUMEM
MOC-R4PCC04U05:256292:257052 [0] NCCL INFO Channel 03/0 : 0[0] -> 1[1] via P2P/CUMEM
MOC-R4PCC04U05:256294:257053 [2] NCCL INFO Channel 00/0 : 2[2] -> 3[3] via P2P/CUMEM
MOC-R4PCC04U05:256294:257053 [2] NCCL INFO Channel 01/0 : 2[2] -> 3[3] via P2P/CUMEM
MOC-R4PCC04U05:256294:257053 [2] NCCL INFO Channel 02/0 : 2[2] -> 3[3] via P2P/CUMEM
MOC-R4PCC04U05:256294:257053 [2] NCCL INFO Channel 03/0 : 2[2] -> 3[3] via P2P/CUMEM
MOC-R4PCC04U05:256295:257051 [3] NCCL INFO Channel 00/0 : 3[3] -> 0[0] via P2P/CUMEM
MOC-R4PCC04U05:256294:257053 [2] NCCL INFO Channel 00/0 : 6[2] -> 2[2] [receive] via NET/IB/1/GDRDMA
MOC-R4PCC04U05:256294:257053 [2] NCCL INFO Channel 01/0 : 6[2] -> 2[2] [receive] via NET/IB/1/GDRDMA
MOC-R4PCC04U05:256294:257053 [2] NCCL INFO Channel 02/0 : 6[2] -> 2[2] [receive] via NET/IB/1/GDRDMA
MOC-R4PCC04U05:256294:257053 [2] NCCL INFO Channel 03/0 : 6[2] -> 2[2] [receive] via NET/IB/1/GDRDMA
MOC-R4PCC04U05:256295:257051 [3] NCCL INFO Channel 01/0 : 3[3] -> 0[0] via P2P/CUMEM
MOC-R4PCC04U05:256294:257053 [2] NCCL INFO Channel 00/0 : 2[2] -> 6[2] [send] via NET/IB/1/GDRDMA
MOC-R4PCC04U05:256294:257053 [2] NCCL INFO Channel 01/0 : 2[2] -> 6[2] [send] via NET/IB/1/GDRDMA
MOC-R4PCC04U05:256295:257051 [3] NCCL INFO Channel 02/0 : 3[3] -> 0[0] via P2P/CUMEM
MOC-R4PCC04U05:256294:257053 [2] NCCL INFO Channel 02/0 : 2[2] -> 6[2] [send] via NET/IB/1/GDRDMA
MOC-R4PCC04U05:256294:257053 [2] NCCL INFO Channel 03/0 : 2[2] -> 6[2] [send] via NET/IB/1/GDRDMA
MOC-R4PCC04U05:256295:257051 [3] NCCL INFO Channel 03/0 : 3[3] -> 0[0] via P2P/CUMEM
MOC-R4PCC04U05:256295:257051 [3] NCCL INFO Channel 00/0 : 3[3] -> 2[2] via P2P/CUMEM
MOC-R4PCC04U05:256295:257051 [3] NCCL INFO Channel 01/0 : 3[3] -> 2[2] via P2P/CUMEM
MOC-R4PCC04U05:256295:257051 [3] NCCL INFO Channel 02/0 : 3[3] -> 2[2] via P2P/CUMEM
MOC-R4PCC04U05:256295:257051 [3] NCCL INFO Channel 03/0 : 3[3] -> 2[2] via P2P/CUMEM
MOC-R4PCC04U05:256293:257050 [1] NCCL INFO Connected all trees
MOC-R4PCC04U05:256292:257052 [0] NCCL INFO Connected all trees
MOC-R4PCC04U05:256295:257051 [3] NCCL INFO Connected all trees
MOC-R4PCC04U05:256294:257053 [2] NCCL INFO Connected all trees
step    1/10 | train loss 11.008972 | norm 15.7108 | lr 1.00e-04 | (13477.90 ms | 38900 tok/s)
step    2/10 | train loss 10.123234 | norm 5.8019 | lr 1.00e-04 | (188.17 ms | 2786307 tok/s)
step    3/10 | train loss 9.777222 | norm 2.6314 | lr 1.00e-04 | (187.84 ms | 2791163 tok/s)
step    4/10 | train loss 9.607359 | norm 2.1165 | lr 1.00e-04 | (187.95 ms | 2789548 tok/s)
step    5/10 | train loss 9.524710 | norm 2.1076 | lr 1.00e-04 | (188.15 ms | 2786505 tok/s)
step    6/10 | train loss 9.443520 | norm 2.0013 | lr 1.00e-04 | (188.12 ms | 2786925 tok/s)
step    7/10 | train loss 9.358723 | norm 1.9491 | lr 1.00e-04 | (188.17 ms | 2786201 tok/s)
step    8/10 | train loss 9.269128 | norm 1.9124 | lr 1.00e-04 | (187.94 ms | 2789608 tok/s)
step    9/10 | train loss 9.176634 | norm 1.8636 | lr 1.00e-04 | (189.05 ms | 2773264 tok/s)
step   10/10 | train loss 9.088068 | norm 1.7782 | lr 1.00e-04 | (187.50 ms | 2796274 tok/s)
final 9 iters avg: 188.099ms
peak memory consumption: 16601 MiB
MOC-R4PCC04U05:256293:257059 [1] NCCL INFO comm 0x55d4c6ff34d0 rank 1 nranks 8 cudaDev 1 busId 26000 - Destroy COMPLETE
MOC-R4PCC04U05:256295:257058 [3] NCCL INFO comm 0x55691de2f5b0 rank 3 nranks 8 cudaDev 3 busId c6000 - Destroy COMPLETE
MOC-R4PCC04U05:256292:257060 [0] NCCL INFO comm 0x557a0861e180 rank 0 nranks 8 cudaDev 0 busId 6000 - Destroy COMPLETE
MOC-R4PCC04U05:256294:257061 [2] NCCL INFO comm 0x55ba4b4507a0 rank 2 nranks 8 cudaDev 2 busId a6000 - Destroy COMPLETE
