Running pytorch 2.7.0+cu126
using device: cuda:0
total desired batch size: 262144
=> calculated gradient accumulation steps: 1
using device: cuda:3
using device: cuda:2
using device: cuda:1
compiling the model...
DataLoader: total number of tokens: 1,661,249,667 across 103 files
MOC-R4PCC04U05:66108:66108 [0] NCCL INFO NCCL_SOCKET_IFNAME set by environment to eno7np0
MOC-R4PCC04U05:66108:66108 [0] NCCL INFO Bootstrap: Using eno7np0:192.168.50.193<0>
MOC-R4PCC04U05:66108:66108 [0] NCCL INFO cudaDriverVersion 12040
MOC-R4PCC04U05:66108:66108 [0] NCCL INFO NCCL version 2.26.2+cuda12.2
MOC-R4PCC04U05:66108:66108 [0] NCCL INFO Comm config Blocking set to 1
MOC-R4PCC04U05:66109:66109 [1] NCCL INFO cudaDriverVersion 12040
MOC-R4PCC04U05:66109:66109 [1] NCCL INFO NCCL_SOCKET_IFNAME set by environment to eno7np0
MOC-R4PCC04U05:66109:66109 [1] NCCL INFO Bootstrap: Using eno7np0:192.168.50.193<0>
MOC-R4PCC04U05:66109:66109 [1] NCCL INFO NCCL version 2.26.2+cuda12.2
MOC-R4PCC04U05:66110:66110 [2] NCCL INFO cudaDriverVersion 12040
MOC-R4PCC04U05:66110:66110 [2] NCCL INFO NCCL_SOCKET_IFNAME set by environment to eno7np0
MOC-R4PCC04U05:66111:66111 [3] NCCL INFO cudaDriverVersion 12040
MOC-R4PCC04U05:66111:66111 [3] NCCL INFO NCCL_SOCKET_IFNAME set by environment to eno7np0
MOC-R4PCC04U05:66110:66110 [2] NCCL INFO Bootstrap: Using eno7np0:192.168.50.193<0>
MOC-R4PCC04U05:66110:66110 [2] NCCL INFO NCCL version 2.26.2+cuda12.2
MOC-R4PCC04U05:66111:66111 [3] NCCL INFO Bootstrap: Using eno7np0:192.168.50.193<0>
MOC-R4PCC04U05:66111:66111 [3] NCCL INFO NCCL version 2.26.2+cuda12.2
MOC-R4PCC04U05:66109:66109 [1] NCCL INFO Comm config Blocking set to 1
MOC-R4PCC04U05:66110:66110 [2] NCCL INFO Comm config Blocking set to 1
MOC-R4PCC04U05:66111:66111 [3] NCCL INFO Comm config Blocking set to 1
MOC-R4PCC04U05:66108:66165 [0] NCCL INFO NET/Plugin: Could not find: libnccl-net.so. Using internal net plugin.
MOC-R4PCC04U05:66108:66165 [0] NCCL INFO NCCL_IB_DISABLE set by environment to 0.
MOC-R4PCC04U05:66108:66165 [0] NCCL INFO NCCL_SOCKET_IFNAME set by environment to eno7np0
MOC-R4PCC04U05:66108:66165 [0] NCCL INFO NCCL_IB_HCA set to mlx5_5
MOC-R4PCC04U05:66109:66166 [1] NCCL INFO NET/Plugin: Could not find: libnccl-net.so. Using internal net plugin.
MOC-R4PCC04U05:66109:66166 [1] NCCL INFO NCCL_IB_DISABLE set by environment to 0.
MOC-R4PCC04U05:66109:66166 [1] NCCL INFO NCCL_SOCKET_IFNAME set by environment to eno7np0
MOC-R4PCC04U05:66111:66168 [3] NCCL INFO NET/Plugin: Could not find: libnccl-net.so. Using internal net plugin.
MOC-R4PCC04U05:66111:66168 [3] NCCL INFO NCCL_IB_DISABLE set by environment to 0.
MOC-R4PCC04U05:66111:66168 [3] NCCL INFO NCCL_SOCKET_IFNAME set by environment to eno7np0
MOC-R4PCC04U05:66110:66167 [2] NCCL INFO NET/Plugin: Could not find: libnccl-net.so. Using internal net plugin.
MOC-R4PCC04U05:66110:66167 [2] NCCL INFO NCCL_IB_DISABLE set by environment to 0.
MOC-R4PCC04U05:66110:66167 [2] NCCL INFO NCCL_SOCKET_IFNAME set by environment to eno7np0
MOC-R4PCC04U05:66109:66166 [1] NCCL INFO NCCL_IB_HCA set to mlx5_5
MOC-R4PCC04U05:66111:66168 [3] NCCL INFO NCCL_IB_HCA set to mlx5_5
MOC-R4PCC04U05:66110:66167 [2] NCCL INFO NCCL_IB_HCA set to mlx5_5
MOC-R4PCC04U05:66108:66165 [0] NCCL INFO NET/IB : Using [0]mlx5_5:1/RoCE [RO]; OOB eno7np0:192.168.50.193<0>
MOC-R4PCC04U05:66108:66165 [0] NCCL INFO PROFILER/Plugin: Could not find: libnccl-profiler.so. 
MOC-R4PCC04U05:66108:66165 [0] NCCL INFO Using network IB
MOC-R4PCC04U05:66109:66166 [1] NCCL INFO NET/IB : Using [0]mlx5_5:1/RoCE [RO]; OOB eno7np0:192.168.50.193<0>
MOC-R4PCC04U05:66109:66166 [1] NCCL INFO PROFILER/Plugin: Could not find: libnccl-profiler.so. 
MOC-R4PCC04U05:66109:66166 [1] NCCL INFO Using network IB
MOC-R4PCC04U05:66110:66167 [2] NCCL INFO NET/IB : Using [0]mlx5_5:1/RoCE [RO]; OOB eno7np0:192.168.50.193<0>
MOC-R4PCC04U05:66111:66168 [3] NCCL INFO NET/IB : Using [0]mlx5_5:1/RoCE [RO]; OOB eno7np0:192.168.50.193<0>
MOC-R4PCC04U05:66110:66167 [2] NCCL INFO PROFILER/Plugin: Could not find: libnccl-profiler.so. 
MOC-R4PCC04U05:66111:66168 [3] NCCL INFO PROFILER/Plugin: Could not find: libnccl-profiler.so. 
MOC-R4PCC04U05:66110:66167 [2] NCCL INFO Using network IB
MOC-R4PCC04U05:66111:66168 [3] NCCL INFO Using network IB
MOC-R4PCC04U05:66108:66165 [0] NCCL INFO DMA-BUF is available on GPU device 0
MOC-R4PCC04U05:66111:66168 [3] NCCL INFO DMA-BUF is available on GPU device 3
MOC-R4PCC04U05:66110:66167 [2] NCCL INFO DMA-BUF is available on GPU device 2
MOC-R4PCC04U05:66109:66166 [1] NCCL INFO DMA-BUF is available on GPU device 1
MOC-R4PCC04U05:66111:66168 [3] NCCL INFO ncclCommInitRankConfig comm 0x562c755b1560 rank 3 nranks 8 cudaDev 3 nvmlDev 3 busId c6000 commId 0x69e9d9200b976819 - Init START
MOC-R4PCC04U05:66110:66167 [2] NCCL INFO ncclCommInitRankConfig comm 0x5556f56b29b0 rank 2 nranks 8 cudaDev 2 nvmlDev 2 busId a6000 commId 0x69e9d9200b976819 - Init START
MOC-R4PCC04U05:66108:66165 [0] NCCL INFO ncclCommInitRankConfig comm 0x55ae42cd80c0 rank 0 nranks 8 cudaDev 0 nvmlDev 0 busId 6000 commId 0x69e9d9200b976819 - Init START
MOC-R4PCC04U05:66109:66166 [1] NCCL INFO ncclCommInitRankConfig comm 0x55b54475c150 rank 1 nranks 8 cudaDev 1 nvmlDev 1 busId 26000 commId 0x69e9d9200b976819 - Init START
MOC-R4PCC04U05:66109:66166 [1] NCCL INFO RAS client listening socket at ::1<28028>
MOC-R4PCC04U05:66110:66167 [2] NCCL INFO RAS client listening socket at ::1<28028>
MOC-R4PCC04U05:66111:66168 [3] NCCL INFO RAS client listening socket at ::1<28028>
MOC-R4PCC04U05:66108:66165 [0] NCCL INFO RAS client listening socket at ::1<28028>
MOC-R4PCC04U05:66111:66168 [3] NCCL INFO Bootstrap timings total 0.130210 (create 0.000146, send 0.000450, recv 0.106889, ring 0.021023, delay 0.000001)
MOC-R4PCC04U05:66108:66165 [0] NCCL INFO Bootstrap timings total 0.130066 (create 0.000100, send 0.000301, recv 0.000670, ring 0.000518, delay 0.000000)
MOC-R4PCC04U05:66109:66166 [1] NCCL INFO Bootstrap timings total 0.130034 (create 0.000159, send 0.000259, recv 0.000726, ring 0.127643, delay 0.000001)
MOC-R4PCC04U05:66110:66167 [2] NCCL INFO Bootstrap timings total 0.130289 (create 0.000154, send 0.000450, recv 0.000455, ring 0.127619, delay 0.000001)
MOC-R4PCC04U05:66108:66165 [0] NCCL INFO Setting affinity for GPU 0 to ffffffff,ffffffff,ffffffff,ffffffff,00000000,00000000,00000000,00000000,ffffffff,ffffffff,ffffffff,ffffffff
MOC-R4PCC04U05:66108:66165 [0] NCCL INFO NVLS multicast support is not available on dev 0
MOC-R4PCC04U05:66109:66166 [1] NCCL INFO Setting affinity for GPU 1 to ffffffff,ffffffff,ffffffff,ffffffff,00000000,00000000,00000000,00000000,ffffffff,ffffffff,ffffffff,ffffffff
MOC-R4PCC04U05:66109:66166 [1] NCCL INFO NVLS multicast support is not available on dev 1
MOC-R4PCC04U05:66111:66168 [3] NCCL INFO Setting affinity for GPU 3 to ffffffff,ffffffff,ffffffff,ffffffff,00000000,00000000,00000000,00000000,ffffffff,ffffffff,ffffffff,ffffffff,00000000,00000000,00000000,00000000
MOC-R4PCC04U05:66111:66168 [3] NCCL INFO NVLS multicast support is not available on dev 3
MOC-R4PCC04U05:66110:66167 [2] NCCL INFO Setting affinity for GPU 2 to ffffffff,ffffffff,ffffffff,ffffffff,00000000,00000000,00000000,00000000,ffffffff,ffffffff,ffffffff,ffffffff,00000000,00000000,00000000,00000000
MOC-R4PCC04U05:66110:66167 [2] NCCL INFO NVLS multicast support is not available on dev 2
MOC-R4PCC04U05:66111:66168 [3] NCCL INFO comm 0x562c755b1560 rank 3 nRanks 8 nNodes 2 localRanks 4 localRank 3 MNNVL 0
MOC-R4PCC04U05:66110:66167 [2] NCCL INFO comm 0x5556f56b29b0 rank 2 nRanks 8 nNodes 2 localRanks 4 localRank 2 MNNVL 0
MOC-R4PCC04U05:66109:66166 [1] NCCL INFO comm 0x55b54475c150 rank 1 nRanks 8 nNodes 2 localRanks 4 localRank 1 MNNVL 0
MOC-R4PCC04U05:66108:66165 [0] NCCL INFO comm 0x55ae42cd80c0 rank 0 nRanks 8 nNodes 2 localRanks 4 localRank 0 MNNVL 0
MOC-R4PCC04U05:66111:66168 [3] NCCL INFO Trees [0] 0/-1/-1->3->2 [1] 0/-1/-1->3->2 [2] 0/-1/-1->3->2 [3] 0/-1/-1->3->2
MOC-R4PCC04U05:66111:66168 [3] NCCL INFO P2P Chunksize set to 131072
MOC-R4PCC04U05:66110:66167 [2] NCCL INFO Trees [0] 3/6/-1->2->-1 [1] 3/6/-1->2->-1 [2] 3/-1/-1->2->6 [3] 3/-1/-1->2->6
MOC-R4PCC04U05:66108:66165 [0] NCCL INFO Channel 00/04 : 0 3 6 5 4 7 2 1
MOC-R4PCC04U05:66110:66167 [2] NCCL INFO P2P Chunksize set to 131072
MOC-R4PCC04U05:66108:66165 [0] NCCL INFO Channel 01/04 : 0 3 6 5 4 7 2 1
MOC-R4PCC04U05:66109:66166 [1] NCCL INFO Trees [0] -1/-1/-1->1->0 [1] -1/-1/-1->1->0 [2] -1/-1/-1->1->0 [3] -1/-1/-1->1->0
MOC-R4PCC04U05:66108:66165 [0] NCCL INFO Channel 02/04 : 0 3 6 5 4 7 2 1
MOC-R4PCC04U05:66109:66166 [1] NCCL INFO P2P Chunksize set to 131072
MOC-R4PCC04U05:66108:66165 [0] NCCL INFO Channel 03/04 : 0 3 6 5 4 7 2 1
MOC-R4PCC04U05:66108:66165 [0] NCCL INFO Trees [0] 1/-1/-1->0->3 [1] 1/-1/-1->0->3 [2] 1/-1/-1->0->3 [3] 1/-1/-1->0->3
MOC-R4PCC04U05:66108:66165 [0] NCCL INFO P2P Chunksize set to 131072
MOC-R4PCC04U05:66108:66165 [0] NCCL INFO Check P2P Type intraNodeP2pSupport 1 directMode 0
MOC-R4PCC04U05:66110:66182 [2] NCCL INFO [Proxy Service] Device 2 CPU core 168
MOC-R4PCC04U05:66111:66181 [3] NCCL INFO [Proxy Service] Device 3 CPU core 495
MOC-R4PCC04U05:66108:66183 [0] NCCL INFO [Proxy Service] Device 0 CPU core 103
MOC-R4PCC04U05:66109:66186 [1] NCCL INFO [Proxy Service] Device 1 CPU core 80
MOC-R4PCC04U05:66108:66187 [0] NCCL INFO [Proxy Service UDS] Device 0 CPU core 111
MOC-R4PCC04U05:66110:66185 [2] NCCL INFO [Proxy Service UDS] Device 2 CPU core 471
MOC-R4PCC04U05:66109:66188 [1] NCCL INFO [Proxy Service UDS] Device 1 CPU core 369
MOC-R4PCC04U05:66111:66184 [3] NCCL INFO [Proxy Service UDS] Device 3 CPU core 503
MOC-R4PCC04U05:66110:66167 [2] NCCL INFO threadThresholds 8/8/64 | 64/8/64 | 512 | 512
MOC-R4PCC04U05:66110:66167 [2] NCCL INFO 4 coll channels, 4 collnet channels, 0 nvls channels, 4 p2p channels, 2 p2p channels per peer
MOC-R4PCC04U05:66108:66165 [0] NCCL INFO threadThresholds 8/8/64 | 64/8/64 | 512 | 512
MOC-R4PCC04U05:66108:66165 [0] NCCL INFO 4 coll channels, 4 collnet channels, 0 nvls channels, 4 p2p channels, 2 p2p channels per peer
MOC-R4PCC04U05:66111:66168 [3] NCCL INFO threadThresholds 8/8/64 | 64/8/64 | 512 | 512
MOC-R4PCC04U05:66111:66168 [3] NCCL INFO 4 coll channels, 4 collnet channels, 0 nvls channels, 4 p2p channels, 2 p2p channels per peer
MOC-R4PCC04U05:66108:66165 [0] NCCL INFO CC Off, workFifoBytes 1048576
MOC-R4PCC04U05:66109:66166 [1] NCCL INFO threadThresholds 8/8/64 | 64/8/64 | 512 | 512
MOC-R4PCC04U05:66109:66166 [1] NCCL INFO 4 coll channels, 4 collnet channels, 0 nvls channels, 4 p2p channels, 2 p2p channels per peer
MOC-R4PCC04U05:66111:66168 [3] NCCL INFO TUNER/Plugin: Could not find: libnccl-tuner.so. Using internal tuner plugin.
MOC-R4PCC04U05:66109:66166 [1] NCCL INFO TUNER/Plugin: Could not find: libnccl-tuner.so. Using internal tuner plugin.
MOC-R4PCC04U05:66111:66168 [3] NCCL INFO ncclCommInitRankConfig comm 0x562c755b1560 rank 3 nranks 8 cudaDev 3 nvmlDev 3 busId c6000 commId 0x69e9d9200b976819 - Init COMPLETE
MOC-R4PCC04U05:66109:66166 [1] NCCL INFO ncclCommInitRankConfig comm 0x55b54475c150 rank 1 nranks 8 cudaDev 1 nvmlDev 1 busId 26000 commId 0x69e9d9200b976819 - Init COMPLETE
MOC-R4PCC04U05:66111:66168 [3] NCCL INFO Init timings - ncclCommInitRankConfig: rank 3 nranks 8 total 3.61 (kernels 0.31, alloc 2.36, bootstrap 0.13, allgathers 0.05, topo 0.71, graphs 0.00, connections 0.02, rest 0.03)
MOC-R4PCC04U05:66109:66166 [1] NCCL INFO Init timings - ncclCommInitRankConfig: rank 1 nranks 8 total 3.61 (kernels 0.31, alloc 2.36, bootstrap 0.13, allgathers 0.05, topo 0.71, graphs 0.00, connections 0.05, rest 0.00)
MOC-R4PCC04U05:66108:66165 [0] NCCL INFO TUNER/Plugin: Could not find: libnccl-tuner.so. Using internal tuner plugin.
MOC-R4PCC04U05:66110:66167 [2] NCCL INFO TUNER/Plugin: Could not find: libnccl-tuner.so. Using internal tuner plugin.
MOC-R4PCC04U05:66108:66165 [0] NCCL INFO ncclCommInitRankConfig comm 0x55ae42cd80c0 rank 0 nranks 8 cudaDev 0 nvmlDev 0 busId 6000 commId 0x69e9d9200b976819 - Init COMPLETE
MOC-R4PCC04U05:66110:66167 [2] NCCL INFO ncclCommInitRankConfig comm 0x5556f56b29b0 rank 2 nranks 8 cudaDev 2 nvmlDev 2 busId a6000 commId 0x69e9d9200b976819 - Init COMPLETE
MOC-R4PCC04U05:66108:66165 [0] NCCL INFO Init timings - ncclCommInitRankConfig: rank 0 nranks 8 total 3.63 (kernels 0.31, alloc 2.37, bootstrap 0.13, allgathers 0.06, topo 0.71, graphs 0.00, connections 0.02, rest 0.03)
MOC-R4PCC04U05:66110:66167 [2] NCCL INFO Init timings - ncclCommInitRankConfig: rank 2 nranks 8 total 3.61 (kernels 0.31, alloc 2.35, bootstrap 0.13, allgathers 0.05, topo 0.71, graphs 0.00, connections 0.01, rest 0.04)
MOC-R4PCC04U05:66108:66189 [0] NCCL INFO Channel 00/0 : 0[0] -> 3[3] via P2P/CUMEM
MOC-R4PCC04U05:66108:66189 [0] NCCL INFO Channel 01/0 : 0[0] -> 3[3] via P2P/CUMEM
MOC-R4PCC04U05:66108:66189 [0] NCCL INFO Channel 02/0 : 0[0] -> 3[3] via P2P/CUMEM
MOC-R4PCC04U05:66108:66189 [0] NCCL INFO Channel 03/0 : 0[0] -> 3[3] via P2P/CUMEM
MOC-R4PCC04U05:66109:66190 [1] NCCL INFO Channel 00/0 : 1[1] -> 0[0] via P2P/CUMEM
MOC-R4PCC04U05:66109:66190 [1] NCCL INFO Channel 01/0 : 1[1] -> 0[0] via P2P/CUMEM
MOC-R4PCC04U05:66109:66190 [1] NCCL INFO Channel 02/0 : 1[1] -> 0[0] via P2P/CUMEM
MOC-R4PCC04U05:66109:66190 [1] NCCL INFO Channel 03/0 : 1[1] -> 0[0] via P2P/CUMEM
MOC-R4PCC04U05:66110:66193 [2] NCCL INFO [Proxy Progress] Device 2 CPU core 169
MOC-R4PCC04U05:66110:66192 [2] NCCL INFO Channel 00/0 : 7[3] -> 2[2] [receive] via NET/IB/1/GDRDMA
MOC-R4PCC04U05:66111:66191 [3] NCCL INFO Channel 00/0 : 3[3] -> 6[2] [send] via NET/IB/1(2)/GDRDMA
MOC-R4PCC04U05:66110:66192 [2] NCCL INFO Channel 01/0 : 7[3] -> 2[2] [receive] via NET/IB/1/GDRDMA
MOC-R4PCC04U05:66111:66191 [3] NCCL INFO Channel 01/0 : 3[3] -> 6[2] [send] via NET/IB/1(2)/GDRDMA
MOC-R4PCC04U05:66110:66192 [2] NCCL INFO Channel 02/0 : 7[3] -> 2[2] [receive] via NET/IB/1/GDRDMA
MOC-R4PCC04U05:66111:66191 [3] NCCL INFO Channel 02/0 : 3[3] -> 6[2] [send] via NET/IB/1(2)/GDRDMA
MOC-R4PCC04U05:66110:66192 [2] NCCL INFO Channel 03/0 : 7[3] -> 2[2] [receive] via NET/IB/1/GDRDMA
MOC-R4PCC04U05:66111:66191 [3] NCCL INFO Channel 03/0 : 3[3] -> 6[2] [send] via NET/IB/1(2)/GDRDMA
MOC-R4PCC04U05:66110:66192 [2] NCCL INFO Channel 00/0 : 2[2] -> 1[1] via P2P/CUMEM
MOC-R4PCC04U05:66110:66192 [2] NCCL INFO Channel 01/0 : 2[2] -> 1[1] via P2P/CUMEM
MOC-R4PCC04U05:66110:66192 [2] NCCL INFO Channel 02/0 : 2[2] -> 1[1] via P2P/CUMEM
MOC-R4PCC04U05:66110:66192 [2] NCCL INFO Channel 03/0 : 2[2] -> 1[1] via P2P/CUMEM
MOC-R4PCC04U05:66111:66191 [3] NCCL INFO Connected all rings, use ring PXN 1 GDR 1
MOC-R4PCC04U05:66110:66192 [2] NCCL INFO Connected all rings, use ring PXN 1 GDR 1
MOC-R4PCC04U05:66108:66189 [0] NCCL INFO Connected all rings, use ring PXN 1 GDR 1
MOC-R4PCC04U05:66109:66190 [1] NCCL INFO Connected all rings, use ring PXN 1 GDR 1
num decayed parameter tensors: 50, with 124,318,464 parameters
num non-decayed parameter tensors: 98, with 121,344 parameters
using fused AdamW: False
using regular AdamW
MOC-R4PCC04U05:66108:66884 [0] NCCL INFO Channel 00/0 : 0[0] -> 1[1] via P2P/CUMEM
MOC-R4PCC04U05:66108:66884 [0] NCCL INFO Channel 01/0 : 0[0] -> 1[1] via P2P/CUMEM
MOC-R4PCC04U05:66108:66884 [0] NCCL INFO Channel 02/0 : 0[0] -> 1[1] via P2P/CUMEM
MOC-R4PCC04U05:66108:66884 [0] NCCL INFO Channel 03/0 : 0[0] -> 1[1] via P2P/CUMEM
MOC-R4PCC04U05:66110:66885 [2] NCCL INFO Channel 00/0 : 2[2] -> 3[3] via P2P/CUMEM
MOC-R4PCC04U05:66110:66885 [2] NCCL INFO Channel 01/0 : 2[2] -> 3[3] via P2P/CUMEM
MOC-R4PCC04U05:66110:66885 [2] NCCL INFO Channel 02/0 : 2[2] -> 3[3] via P2P/CUMEM
MOC-R4PCC04U05:66110:66885 [2] NCCL INFO Channel 03/0 : 2[2] -> 3[3] via P2P/CUMEM
MOC-R4PCC04U05:66110:66885 [2] NCCL INFO Channel 00/0 : 6[2] -> 2[2] [receive] via NET/IB/1/GDRDMA
MOC-R4PCC04U05:66110:66885 [2] NCCL INFO Channel 01/0 : 6[2] -> 2[2] [receive] via NET/IB/1/GDRDMA
MOC-R4PCC04U05:66111:66883 [3] NCCL INFO Channel 00/0 : 3[3] -> 0[0] via P2P/CUMEM
MOC-R4PCC04U05:66110:66885 [2] NCCL INFO Channel 02/0 : 6[2] -> 2[2] [receive] via NET/IB/1/GDRDMA
MOC-R4PCC04U05:66110:66885 [2] NCCL INFO Channel 03/0 : 6[2] -> 2[2] [receive] via NET/IB/1/GDRDMA
MOC-R4PCC04U05:66110:66885 [2] NCCL INFO Channel 00/0 : 2[2] -> 6[2] [send] via NET/IB/1/GDRDMA
MOC-R4PCC04U05:66110:66885 [2] NCCL INFO Channel 01/0 : 2[2] -> 6[2] [send] via NET/IB/1/GDRDMA
MOC-R4PCC04U05:66110:66885 [2] NCCL INFO Channel 02/0 : 2[2] -> 6[2] [send] via NET/IB/1/GDRDMA
MOC-R4PCC04U05:66111:66883 [3] NCCL INFO Channel 01/0 : 3[3] -> 0[0] via P2P/CUMEM
MOC-R4PCC04U05:66110:66885 [2] NCCL INFO Channel 03/0 : 2[2] -> 6[2] [send] via NET/IB/1/GDRDMA
MOC-R4PCC04U05:66111:66883 [3] NCCL INFO Channel 02/0 : 3[3] -> 0[0] via P2P/CUMEM
MOC-R4PCC04U05:66111:66883 [3] NCCL INFO Channel 03/0 : 3[3] -> 0[0] via P2P/CUMEM
MOC-R4PCC04U05:66111:66883 [3] NCCL INFO Channel 00/0 : 3[3] -> 2[2] via P2P/CUMEM
MOC-R4PCC04U05:66111:66883 [3] NCCL INFO Channel 01/0 : 3[3] -> 2[2] via P2P/CUMEM
MOC-R4PCC04U05:66111:66883 [3] NCCL INFO Channel 02/0 : 3[3] -> 2[2] via P2P/CUMEM
MOC-R4PCC04U05:66111:66883 [3] NCCL INFO Channel 03/0 : 3[3] -> 2[2] via P2P/CUMEM
MOC-R4PCC04U05:66109:66886 [1] NCCL INFO Connected all trees
MOC-R4PCC04U05:66108:66884 [0] NCCL INFO Connected all trees
MOC-R4PCC04U05:66111:66883 [3] NCCL INFO Connected all trees
MOC-R4PCC04U05:66110:66885 [2] NCCL INFO Connected all trees
step    1/10 | train loss 11.008537 | norm 15.8514 | lr 1.00e-04 | (13775.18 ms | 19030 tok/s)
step    2/10 | train loss 10.116470 | norm 5.8735 | lr 1.00e-04 | (116.79 ms | 2244501 tok/s)
step    3/10 | train loss 9.766003 | norm 2.6306 | lr 1.00e-04 | (113.00 ms | 2319860 tok/s)
step    4/10 | train loss 9.596256 | norm 2.1069 | lr 1.00e-04 | (113.30 ms | 2313792 tok/s)
step    5/10 | train loss 9.513391 | norm 2.0999 | lr 1.00e-04 | (113.46 ms | 2310398 tok/s)
step    6/10 | train loss 9.431203 | norm 1.9935 | lr 1.00e-04 | (113.00 ms | 2319806 tok/s)
step    7/10 | train loss 9.345901 | norm 1.9369 | lr 1.00e-04 | (113.20 ms | 2315834 tok/s)
step    8/10 | train loss 9.256412 | norm 1.9010 | lr 1.00e-04 | (113.31 ms | 2313583 tok/s)
step    9/10 | train loss 9.164136 | norm 1.8592 | lr 1.00e-04 | (112.84 ms | 2323139 tok/s)
step   10/10 | train loss 9.071947 | norm 1.7839 | lr 1.00e-04 | (112.86 ms | 2322644 tok/s)
final 9 iters avg: 113.529ms
peak memory consumption: 16121 MiB
MOC-R4PCC04U05:66109:66894 [1] NCCL INFO comm 0x55b54475c150 rank 1 nranks 8 cudaDev 1 busId 26000 - Destroy COMPLETE
MOC-R4PCC04U05:66108:66892 [0] NCCL INFO comm 0x55ae42cd80c0 rank 0 nranks 8 cudaDev 0 busId 6000 - Destroy COMPLETE
MOC-R4PCC04U05:66111:66891 [3] NCCL INFO comm 0x562c755b1560 rank 3 nranks 8 cudaDev 3 busId c6000 - Destroy COMPLETE
MOC-R4PCC04U05:66110:66893 [2] NCCL INFO comm 0x5556f56b29b0 rank 2 nranks 8 cudaDev 2 busId a6000 - Destroy COMPLETE
