Running pytorch 2.7.0+cu126
using device: cuda:0
total desired batch size: 2097152
=> calculated gradient accumulation steps: 8
using device: cuda:3
using device: cuda:1
using device: cuda:2
compiling the model...
DataLoader: total number of tokens: 1,661,249,667 across 103 files
MOC-R4PCC04U05:72003:72003 [0] NCCL INFO NCCL_SOCKET_IFNAME set by environment to eno7np0
MOC-R4PCC04U05:72003:72003 [0] NCCL INFO Bootstrap: Using eno7np0:192.168.50.193<0>
MOC-R4PCC04U05:72003:72003 [0] NCCL INFO cudaDriverVersion 12040
MOC-R4PCC04U05:72003:72003 [0] NCCL INFO NCCL version 2.26.2+cuda12.2
MOC-R4PCC04U05:72003:72003 [0] NCCL INFO Comm config Blocking set to 1
MOC-R4PCC04U05:72003:72047 [0] NCCL INFO NET/Plugin: Could not find: libnccl-net.so. Using internal net plugin.
MOC-R4PCC04U05:72003:72047 [0] NCCL INFO NCCL_IB_DISABLE set by environment to 0.
MOC-R4PCC04U05:72003:72047 [0] NCCL INFO NCCL_SOCKET_IFNAME set by environment to eno7np0
MOC-R4PCC04U05:72003:72047 [0] NCCL INFO NCCL_IB_HCA set to mlx5_5
MOC-R4PCC04U05:72004:72004 [1] NCCL INFO cudaDriverVersion 12040
MOC-R4PCC04U05:72004:72004 [1] NCCL INFO NCCL_SOCKET_IFNAME set by environment to eno7np0
MOC-R4PCC04U05:72004:72004 [1] NCCL INFO Bootstrap: Using eno7np0:192.168.50.193<0>
MOC-R4PCC04U05:72004:72004 [1] NCCL INFO NCCL version 2.26.2+cuda12.2
MOC-R4PCC04U05:72004:72004 [1] NCCL INFO Comm config Blocking set to 1
MOC-R4PCC04U05:72003:72047 [0] NCCL INFO NET/IB : Using [0]mlx5_5:1/RoCE [RO]; OOB eno7np0:192.168.50.193<0>
MOC-R4PCC04U05:72003:72047 [0] NCCL INFO PROFILER/Plugin: Could not find: libnccl-profiler.so. 
MOC-R4PCC04U05:72003:72047 [0] NCCL INFO Using network IB
MOC-R4PCC04U05:72003:72047 [0] NCCL INFO DMA-BUF is available on GPU device 0
MOC-R4PCC04U05:72003:72047 [0] NCCL INFO ncclCommInitRankConfig comm 0x562cc76ffe00 rank 0 nranks 8 cudaDev 0 nvmlDev 0 busId 6000 commId 0x93f78aad8027e63f - Init START
MOC-R4PCC04U05:72006:72006 [3] NCCL INFO cudaDriverVersion 12040
MOC-R4PCC04U05:72006:72006 [3] NCCL INFO NCCL_SOCKET_IFNAME set by environment to eno7np0
MOC-R4PCC04U05:72006:72006 [3] NCCL INFO Bootstrap: Using eno7np0:192.168.50.193<0>
MOC-R4PCC04U05:72006:72006 [3] NCCL INFO NCCL version 2.26.2+cuda12.2
MOC-R4PCC04U05:72006:72006 [3] NCCL INFO Comm config Blocking set to 1
MOC-R4PCC04U05:72005:72005 [2] NCCL INFO cudaDriverVersion 12040
MOC-R4PCC04U05:72005:72005 [2] NCCL INFO NCCL_SOCKET_IFNAME set by environment to eno7np0
MOC-R4PCC04U05:72005:72005 [2] NCCL INFO Bootstrap: Using eno7np0:192.168.50.193<0>
MOC-R4PCC04U05:72005:72005 [2] NCCL INFO NCCL version 2.26.2+cuda12.2
MOC-R4PCC04U05:72005:72005 [2] NCCL INFO Comm config Blocking set to 1
MOC-R4PCC04U05:72004:72048 [1] NCCL INFO NET/Plugin: Could not find: libnccl-net.so. Using internal net plugin.
MOC-R4PCC04U05:72004:72048 [1] NCCL INFO NCCL_IB_DISABLE set by environment to 0.
MOC-R4PCC04U05:72004:72048 [1] NCCL INFO NCCL_SOCKET_IFNAME set by environment to eno7np0
MOC-R4PCC04U05:72004:72048 [1] NCCL INFO NCCL_IB_HCA set to mlx5_5
MOC-R4PCC04U05:72004:72048 [1] NCCL INFO NET/IB : Using [0]mlx5_5:1/RoCE [RO]; OOB eno7np0:192.168.50.193<0>
MOC-R4PCC04U05:72006:72050 [3] NCCL INFO NET/Plugin: Could not find: libnccl-net.so. Using internal net plugin.
MOC-R4PCC04U05:72006:72050 [3] NCCL INFO NCCL_IB_DISABLE set by environment to 0.
MOC-R4PCC04U05:72004:72048 [1] NCCL INFO PROFILER/Plugin: Could not find: libnccl-profiler.so. 
MOC-R4PCC04U05:72004:72048 [1] NCCL INFO Using network IB
MOC-R4PCC04U05:72006:72050 [3] NCCL INFO NCCL_SOCKET_IFNAME set by environment to eno7np0
MOC-R4PCC04U05:72006:72050 [3] NCCL INFO NCCL_IB_HCA set to mlx5_5
MOC-R4PCC04U05:72006:72050 [3] NCCL INFO NET/IB : Using [0]mlx5_5:1/RoCE [RO]; OOB eno7np0:192.168.50.193<0>
MOC-R4PCC04U05:72006:72050 [3] NCCL INFO PROFILER/Plugin: Could not find: libnccl-profiler.so. 
MOC-R4PCC04U05:72006:72050 [3] NCCL INFO Using network IB
MOC-R4PCC04U05:72005:72051 [2] NCCL INFO NET/Plugin: Could not find: libnccl-net.so. Using internal net plugin.
MOC-R4PCC04U05:72005:72051 [2] NCCL INFO NCCL_IB_DISABLE set by environment to 0.
MOC-R4PCC04U05:72005:72051 [2] NCCL INFO NCCL_SOCKET_IFNAME set by environment to eno7np0
MOC-R4PCC04U05:72005:72051 [2] NCCL INFO NCCL_IB_HCA set to mlx5_5
MOC-R4PCC04U05:72005:72051 [2] NCCL INFO NET/IB : Using [0]mlx5_5:1/RoCE [RO]; OOB eno7np0:192.168.50.193<0>
MOC-R4PCC04U05:72005:72051 [2] NCCL INFO PROFILER/Plugin: Could not find: libnccl-profiler.so. 
MOC-R4PCC04U05:72005:72051 [2] NCCL INFO Using network IB
MOC-R4PCC04U05:72004:72048 [1] NCCL INFO DMA-BUF is available on GPU device 1
MOC-R4PCC04U05:72004:72048 [1] NCCL INFO ncclCommInitRankConfig comm 0x560af9fde4b0 rank 1 nranks 8 cudaDev 1 nvmlDev 1 busId 26000 commId 0x93f78aad8027e63f - Init START
MOC-R4PCC04U05:72006:72050 [3] NCCL INFO DMA-BUF is available on GPU device 3
MOC-R4PCC04U05:72006:72050 [3] NCCL INFO ncclCommInitRankConfig comm 0x5573f0f4f0e0 rank 3 nranks 8 cudaDev 3 nvmlDev 3 busId c6000 commId 0x93f78aad8027e63f - Init START
MOC-R4PCC04U05:72003:72047 [0] NCCL INFO RAS client listening socket at ::1<28028>
MOC-R4PCC04U05:72005:72051 [2] NCCL INFO DMA-BUF is available on GPU device 2
MOC-R4PCC04U05:72005:72051 [2] NCCL INFO ncclCommInitRankConfig comm 0x5602e04e4540 rank 2 nranks 8 cudaDev 2 nvmlDev 2 busId a6000 commId 0x93f78aad8027e63f - Init START
MOC-R4PCC04U05:72005:72051 [2] NCCL INFO RAS client listening socket at ::1<28028>
MOC-R4PCC04U05:72006:72050 [3] NCCL INFO RAS client listening socket at ::1<28028>
MOC-R4PCC04U05:72004:72048 [1] NCCL INFO RAS client listening socket at ::1<28028>
MOC-R4PCC04U05:72005:72051 [2] NCCL INFO Bootstrap timings total 0.004113 (create 0.000149, send 0.000280, recv 0.000482, ring 0.001991, delay 0.000001)
MOC-R4PCC04U05:72006:72050 [3] NCCL INFO Bootstrap timings total 0.314967 (create 0.000154, send 0.000294, recv 0.000178, ring 0.000771, delay 0.000001)
MOC-R4PCC04U05:72004:72048 [1] NCCL INFO Bootstrap timings total 0.578876 (create 0.000173, send 0.000268, recv 0.575182, ring 0.000435, delay 0.000001)
MOC-R4PCC04U05:72003:72047 [0] NCCL INFO Bootstrap timings total 2.137399 (create 0.000150, send 0.000440, recv 1.558666, ring 0.126669, delay 0.000001)
MOC-R4PCC04U05:72003:72047 [0] NCCL INFO Setting affinity for GPU 0 to ffffffff,ffffffff,ffffffff,ffffffff,00000000,00000000,00000000,00000000,ffffffff,ffffffff,ffffffff,ffffffff
MOC-R4PCC04U05:72003:72047 [0] NCCL INFO NVLS multicast support is not available on dev 0
MOC-R4PCC04U05:72004:72048 [1] NCCL INFO Setting affinity for GPU 1 to ffffffff,ffffffff,ffffffff,ffffffff,00000000,00000000,00000000,00000000,ffffffff,ffffffff,ffffffff,ffffffff
MOC-R4PCC04U05:72006:72050 [3] NCCL INFO Setting affinity for GPU 3 to ffffffff,ffffffff,ffffffff,ffffffff,00000000,00000000,00000000,00000000,ffffffff,ffffffff,ffffffff,ffffffff,00000000,00000000,00000000,00000000
MOC-R4PCC04U05:72006:72050 [3] NCCL INFO NVLS multicast support is not available on dev 3
MOC-R4PCC04U05:72004:72048 [1] NCCL INFO NVLS multicast support is not available on dev 1
MOC-R4PCC04U05:72005:72051 [2] NCCL INFO Setting affinity for GPU 2 to ffffffff,ffffffff,ffffffff,ffffffff,00000000,00000000,00000000,00000000,ffffffff,ffffffff,ffffffff,ffffffff,00000000,00000000,00000000,00000000
MOC-R4PCC04U05:72005:72051 [2] NCCL INFO NVLS multicast support is not available on dev 2
MOC-R4PCC04U05:72006:72050 [3] NCCL INFO comm 0x5573f0f4f0e0 rank 3 nRanks 8 nNodes 2 localRanks 4 localRank 3 MNNVL 0
MOC-R4PCC04U05:72005:72051 [2] NCCL INFO comm 0x5602e04e4540 rank 2 nRanks 8 nNodes 2 localRanks 4 localRank 2 MNNVL 0
MOC-R4PCC04U05:72006:72050 [3] NCCL INFO Trees [0] 0/-1/-1->3->2 [1] 0/-1/-1->3->2 [2] 0/-1/-1->3->2 [3] 0/-1/-1->3->2
MOC-R4PCC04U05:72006:72050 [3] NCCL INFO P2P Chunksize set to 131072
MOC-R4PCC04U05:72005:72051 [2] NCCL INFO Trees [0] 3/6/-1->2->-1 [1] 3/6/-1->2->-1 [2] 3/-1/-1->2->6 [3] 3/-1/-1->2->6
MOC-R4PCC04U05:72004:72048 [1] NCCL INFO comm 0x560af9fde4b0 rank 1 nRanks 8 nNodes 2 localRanks 4 localRank 1 MNNVL 0
MOC-R4PCC04U05:72005:72051 [2] NCCL INFO P2P Chunksize set to 131072
MOC-R4PCC04U05:72004:72048 [1] NCCL INFO Trees [0] -1/-1/-1->1->0 [1] -1/-1/-1->1->0 [2] -1/-1/-1->1->0 [3] -1/-1/-1->1->0
MOC-R4PCC04U05:72003:72047 [0] NCCL INFO comm 0x562cc76ffe00 rank 0 nRanks 8 nNodes 2 localRanks 4 localRank 0 MNNVL 0
MOC-R4PCC04U05:72004:72048 [1] NCCL INFO P2P Chunksize set to 131072
MOC-R4PCC04U05:72003:72047 [0] NCCL INFO Channel 00/04 : 0 3 6 5 4 7 2 1
MOC-R4PCC04U05:72003:72047 [0] NCCL INFO Channel 01/04 : 0 3 6 5 4 7 2 1
MOC-R4PCC04U05:72003:72047 [0] NCCL INFO Channel 02/04 : 0 3 6 5 4 7 2 1
MOC-R4PCC04U05:72003:72047 [0] NCCL INFO Channel 03/04 : 0 3 6 5 4 7 2 1
MOC-R4PCC04U05:72003:72047 [0] NCCL INFO Trees [0] 1/-1/-1->0->3 [1] 1/-1/-1->0->3 [2] 1/-1/-1->0->3 [3] 1/-1/-1->0->3
MOC-R4PCC04U05:72003:72047 [0] NCCL INFO P2P Chunksize set to 131072
MOC-R4PCC04U05:72003:72047 [0] NCCL INFO Check P2P Type intraNodeP2pSupport 1 directMode 0
MOC-R4PCC04U05:72006:72064 [3] NCCL INFO [Proxy Service] Device 3 CPU core 439
MOC-R4PCC04U05:72006:72065 [3] NCCL INFO [Proxy Service UDS] Device 3 CPU core 455
MOC-R4PCC04U05:72003:72069 [0] NCCL INFO [Proxy Service] Device 0 CPU core 13
MOC-R4PCC04U05:72005:72066 [2] NCCL INFO [Proxy Service] Device 2 CPU core 217
MOC-R4PCC04U05:72005:72067 [2] NCCL INFO [Proxy Service UDS] Device 2 CPU core 487
MOC-R4PCC04U05:72003:72071 [0] NCCL INFO [Proxy Service UDS] Device 0 CPU core 274
MOC-R4PCC04U05:72004:72068 [1] NCCL INFO [Proxy Service] Device 1 CPU core 303
MOC-R4PCC04U05:72004:72070 [1] NCCL INFO [Proxy Service UDS] Device 1 CPU core 306
MOC-R4PCC04U05:72006:72050 [3] NCCL INFO threadThresholds 8/8/64 | 64/8/64 | 512 | 512
MOC-R4PCC04U05:72006:72050 [3] NCCL INFO 4 coll channels, 4 collnet channels, 0 nvls channels, 4 p2p channels, 2 p2p channels per peer
MOC-R4PCC04U05:72005:72051 [2] NCCL INFO threadThresholds 8/8/64 | 64/8/64 | 512 | 512
MOC-R4PCC04U05:72003:72047 [0] NCCL INFO threadThresholds 8/8/64 | 64/8/64 | 512 | 512
MOC-R4PCC04U05:72005:72051 [2] NCCL INFO 4 coll channels, 4 collnet channels, 0 nvls channels, 4 p2p channels, 2 p2p channels per peer
MOC-R4PCC04U05:72003:72047 [0] NCCL INFO 4 coll channels, 4 collnet channels, 0 nvls channels, 4 p2p channels, 2 p2p channels per peer
MOC-R4PCC04U05:72004:72048 [1] NCCL INFO threadThresholds 8/8/64 | 64/8/64 | 512 | 512
MOC-R4PCC04U05:72004:72048 [1] NCCL INFO 4 coll channels, 4 collnet channels, 0 nvls channels, 4 p2p channels, 2 p2p channels per peer
MOC-R4PCC04U05:72003:72047 [0] NCCL INFO CC Off, workFifoBytes 1048576
MOC-R4PCC04U05:72006:72050 [3] NCCL INFO TUNER/Plugin: Could not find: libnccl-tuner.so. Using internal tuner plugin.
MOC-R4PCC04U05:72006:72050 [3] NCCL INFO ncclCommInitRankConfig comm 0x5573f0f4f0e0 rank 3 nranks 8 cudaDev 3 nvmlDev 3 busId c6000 commId 0x93f78aad8027e63f - Init COMPLETE
MOC-R4PCC04U05:72006:72050 [3] NCCL INFO Init timings - ncclCommInitRankConfig: rank 3 nranks 8 total 3.22 (kernels 0.31, alloc 1.51, bootstrap 0.31, allgathers 0.02, topo 0.75, graphs 0.00, connections 0.30, rest 0.01)
MOC-R4PCC04U05:72005:72051 [2] NCCL INFO TUNER/Plugin: Could not find: libnccl-tuner.so. Using internal tuner plugin.
MOC-R4PCC04U05:72004:72048 [1] NCCL INFO TUNER/Plugin: Could not find: libnccl-tuner.so. Using internal tuner plugin.
MOC-R4PCC04U05:72005:72051 [2] NCCL INFO ncclCommInitRankConfig comm 0x5602e04e4540 rank 2 nranks 8 cudaDev 2 nvmlDev 2 busId a6000 commId 0x93f78aad8027e63f - Init COMPLETE
MOC-R4PCC04U05:72004:72048 [1] NCCL INFO ncclCommInitRankConfig comm 0x560af9fde4b0 rank 1 nranks 8 cudaDev 1 nvmlDev 1 busId 26000 commId 0x93f78aad8027e63f - Init COMPLETE
MOC-R4PCC04U05:72005:72051 [2] NCCL INFO Init timings - ncclCommInitRankConfig: rank 2 nranks 8 total 3.20 (kernels 0.84, alloc 1.26, bootstrap 0.00, allgathers 0.02, topo 0.75, graphs 0.00, connections 0.30, rest 0.02)
MOC-R4PCC04U05:72004:72048 [1] NCCL INFO Init timings - ncclCommInitRankConfig: rank 1 nranks 8 total 3.83 (kernels 0.80, alloc 1.36, bootstrap 0.58, allgathers 0.02, topo 0.75, graphs 0.00, connections 0.32, rest 0.01)
MOC-R4PCC04U05:72003:72047 [0] NCCL INFO TUNER/Plugin: Could not find: libnccl-tuner.so. Using internal tuner plugin.
MOC-R4PCC04U05:72003:72047 [0] NCCL INFO ncclCommInitRankConfig comm 0x562cc76ffe00 rank 0 nranks 8 cudaDev 0 nvmlDev 0 busId 6000 commId 0x93f78aad8027e63f - Init COMPLETE
MOC-R4PCC04U05:72003:72047 [0] NCCL INFO Init timings - ncclCommInitRankConfig: rank 0 nranks 8 total 4.23 (kernels 0.32, alloc 0.69, bootstrap 2.14, allgathers 0.02, topo 0.74, graphs 0.00, connections 0.31, rest 0.01)
MOC-R4PCC04U05:72003:72072 [0] NCCL INFO Channel 00/0 : 0[0] -> 3[3] via P2P/CUMEM
MOC-R4PCC04U05:72003:72072 [0] NCCL INFO Channel 01/0 : 0[0] -> 3[3] via P2P/CUMEM
MOC-R4PCC04U05:72003:72072 [0] NCCL INFO Channel 02/0 : 0[0] -> 3[3] via P2P/CUMEM
MOC-R4PCC04U05:72003:72072 [0] NCCL INFO Channel 03/0 : 0[0] -> 3[3] via P2P/CUMEM
MOC-R4PCC04U05:72005:72076 [2] NCCL INFO [Proxy Progress] Device 2 CPU core 447
MOC-R4PCC04U05:72005:72074 [2] NCCL INFO Channel 00/0 : 7[3] -> 2[2] [receive] via NET/IB/1/GDRDMA
MOC-R4PCC04U05:72006:72073 [3] NCCL INFO Channel 00/0 : 3[3] -> 6[2] [send] via NET/IB/1(2)/GDRDMA
MOC-R4PCC04U05:72005:72074 [2] NCCL INFO Channel 01/0 : 7[3] -> 2[2] [receive] via NET/IB/1/GDRDMA
MOC-R4PCC04U05:72006:72073 [3] NCCL INFO Channel 01/0 : 3[3] -> 6[2] [send] via NET/IB/1(2)/GDRDMA
MOC-R4PCC04U05:72005:72074 [2] NCCL INFO Channel 02/0 : 7[3] -> 2[2] [receive] via NET/IB/1/GDRDMA
MOC-R4PCC04U05:72006:72073 [3] NCCL INFO Channel 02/0 : 3[3] -> 6[2] [send] via NET/IB/1(2)/GDRDMA
MOC-R4PCC04U05:72005:72074 [2] NCCL INFO Channel 03/0 : 7[3] -> 2[2] [receive] via NET/IB/1/GDRDMA
MOC-R4PCC04U05:72006:72073 [3] NCCL INFO Channel 03/0 : 3[3] -> 6[2] [send] via NET/IB/1(2)/GDRDMA
MOC-R4PCC04U05:72004:72075 [1] NCCL INFO Channel 00/0 : 1[1] -> 0[0] via P2P/CUMEM
MOC-R4PCC04U05:72004:72075 [1] NCCL INFO Channel 01/0 : 1[1] -> 0[0] via P2P/CUMEM
MOC-R4PCC04U05:72004:72075 [1] NCCL INFO Channel 02/0 : 1[1] -> 0[0] via P2P/CUMEM
MOC-R4PCC04U05:72004:72075 [1] NCCL INFO Channel 03/0 : 1[1] -> 0[0] via P2P/CUMEM
MOC-R4PCC04U05:72005:72074 [2] NCCL INFO Channel 00/0 : 2[2] -> 1[1] via P2P/CUMEM
MOC-R4PCC04U05:72005:72074 [2] NCCL INFO Channel 01/0 : 2[2] -> 1[1] via P2P/CUMEM
MOC-R4PCC04U05:72005:72074 [2] NCCL INFO Channel 02/0 : 2[2] -> 1[1] via P2P/CUMEM
MOC-R4PCC04U05:72005:72074 [2] NCCL INFO Channel 03/0 : 2[2] -> 1[1] via P2P/CUMEM
MOC-R4PCC04U05:72006:72073 [3] NCCL INFO Connected all rings, use ring PXN 1 GDR 1
MOC-R4PCC04U05:72005:72074 [2] NCCL INFO Connected all rings, use ring PXN 1 GDR 1
MOC-R4PCC04U05:72004:72075 [1] NCCL INFO Connected all rings, use ring PXN 1 GDR 1
MOC-R4PCC04U05:72003:72072 [0] NCCL INFO Connected all rings, use ring PXN 1 GDR 1
num decayed parameter tensors: 50, with 124,318,464 parameters
num non-decayed parameter tensors: 98, with 121,344 parameters
using fused AdamW: False
using regular AdamW
MOC-R4PCC04U05:72003:72766 [0] NCCL INFO Channel 00/0 : 0[0] -> 1[1] via P2P/CUMEM
MOC-R4PCC04U05:72003:72766 [0] NCCL INFO Channel 01/0 : 0[0] -> 1[1] via P2P/CUMEM
MOC-R4PCC04U05:72003:72766 [0] NCCL INFO Channel 02/0 : 0[0] -> 1[1] via P2P/CUMEM
MOC-R4PCC04U05:72003:72766 [0] NCCL INFO Channel 03/0 : 0[0] -> 1[1] via P2P/CUMEM
MOC-R4PCC04U05:72005:72769 [2] NCCL INFO Channel 00/0 : 2[2] -> 3[3] via P2P/CUMEM
MOC-R4PCC04U05:72005:72769 [2] NCCL INFO Channel 01/0 : 2[2] -> 3[3] via P2P/CUMEM
MOC-R4PCC04U05:72005:72769 [2] NCCL INFO Channel 02/0 : 2[2] -> 3[3] via P2P/CUMEM
MOC-R4PCC04U05:72005:72769 [2] NCCL INFO Channel 03/0 : 2[2] -> 3[3] via P2P/CUMEM
MOC-R4PCC04U05:72006:72768 [3] NCCL INFO Channel 00/0 : 3[3] -> 0[0] via P2P/CUMEM
MOC-R4PCC04U05:72005:72769 [2] NCCL INFO Channel 00/0 : 6[2] -> 2[2] [receive] via NET/IB/1/GDRDMA
MOC-R4PCC04U05:72005:72769 [2] NCCL INFO Channel 01/0 : 6[2] -> 2[2] [receive] via NET/IB/1/GDRDMA
MOC-R4PCC04U05:72005:72769 [2] NCCL INFO Channel 02/0 : 6[2] -> 2[2] [receive] via NET/IB/1/GDRDMA
MOC-R4PCC04U05:72006:72768 [3] NCCL INFO Channel 01/0 : 3[3] -> 0[0] via P2P/CUMEM
MOC-R4PCC04U05:72005:72769 [2] NCCL INFO Channel 03/0 : 6[2] -> 2[2] [receive] via NET/IB/1/GDRDMA
MOC-R4PCC04U05:72005:72769 [2] NCCL INFO Channel 00/0 : 2[2] -> 6[2] [send] via NET/IB/1/GDRDMA
MOC-R4PCC04U05:72006:72768 [3] NCCL INFO Channel 02/0 : 3[3] -> 0[0] via P2P/CUMEM
MOC-R4PCC04U05:72005:72769 [2] NCCL INFO Channel 01/0 : 2[2] -> 6[2] [send] via NET/IB/1/GDRDMA
MOC-R4PCC04U05:72005:72769 [2] NCCL INFO Channel 02/0 : 2[2] -> 6[2] [send] via NET/IB/1/GDRDMA
MOC-R4PCC04U05:72006:72768 [3] NCCL INFO Channel 03/0 : 3[3] -> 0[0] via P2P/CUMEM
MOC-R4PCC04U05:72005:72769 [2] NCCL INFO Channel 03/0 : 2[2] -> 6[2] [send] via NET/IB/1/GDRDMA
MOC-R4PCC04U05:72006:72768 [3] NCCL INFO Channel 00/0 : 3[3] -> 2[2] via P2P/CUMEM
MOC-R4PCC04U05:72006:72768 [3] NCCL INFO Channel 01/0 : 3[3] -> 2[2] via P2P/CUMEM
MOC-R4PCC04U05:72006:72768 [3] NCCL INFO Channel 02/0 : 3[3] -> 2[2] via P2P/CUMEM
MOC-R4PCC04U05:72006:72768 [3] NCCL INFO Channel 03/0 : 3[3] -> 2[2] via P2P/CUMEM
MOC-R4PCC04U05:72004:72767 [1] NCCL INFO Connected all trees
MOC-R4PCC04U05:72003:72766 [0] NCCL INFO Connected all trees
MOC-R4PCC04U05:72006:72768 [3] NCCL INFO Connected all trees
MOC-R4PCC04U05:72005:72769 [2] NCCL INFO Connected all trees
step    1/10 | train loss 11.009806 | norm 15.3616 | lr 1.00e-04 | (13906.54 ms | 150803 tok/s)
step    2/10 | train loss 10.138536 | norm 5.7423 | lr 1.00e-04 | (693.06 ms | 3025945 tok/s)
step    3/10 | train loss 9.797913 | norm 2.6066 | lr 1.00e-04 | (715.22 ms | 2932193 tok/s)
step    4/10 | train loss 9.628576 | norm 2.1114 | lr 1.00e-04 | (721.64 ms | 2906108 tok/s)
step    5/10 | train loss 9.545596 | norm 2.1044 | lr 1.00e-04 | (770.98 ms | 2720101 tok/s)
step    6/10 | train loss 9.464415 | norm 1.9969 | lr 1.00e-04 | (704.87 ms | 2975249 tok/s)
step    7/10 | train loss 9.378773 | norm 1.9478 | lr 1.00e-04 | (647.95 ms | 3236580 tok/s)
step    8/10 | train loss 9.286816 | norm 1.9138 | lr 1.00e-04 | (714.30 ms | 2935937 tok/s)
step    9/10 | train loss 9.191314 | norm 1.8553 | lr 1.00e-04 | (700.05 ms | 2995699 tok/s)
step   10/10 | train loss 9.107035 | norm 1.7972 | lr 1.00e-04 | (648.10 ms | 3235833 tok/s)
final 9 iters avg: 701.797ms
peak memory consumption: 16601 MiB
MOC-R4PCC04U05:72004:72775 [1] NCCL INFO comm 0x560af9fde4b0 rank 1 nranks 8 cudaDev 1 busId 26000 - Destroy COMPLETE
MOC-R4PCC04U05:72003:72776 [0] NCCL INFO comm 0x562cc76ffe00 rank 0 nranks 8 cudaDev 0 busId 6000 - Destroy COMPLETE
MOC-R4PCC04U05:72006:72774 [3] NCCL INFO comm 0x5573f0f4f0e0 rank 3 nranks 8 cudaDev 3 busId c6000 - Destroy COMPLETE
MOC-R4PCC04U05:72005:72777 [2] NCCL INFO comm 0x5602e04e4540 rank 2 nranks 8 cudaDev 2 busId a6000 - Destroy COMPLETE
