Running pytorch 2.7.0+cu126
using device: cuda:0
total desired batch size: 2621440
=> calculated gradient accumulation steps: 10
using device: cuda:3
using device: cuda:2
using device: cuda:1
compiling the model...
DataLoader: total number of tokens: 1,661,249,667 across 103 files
MOC-R4PCC04U05:73686:73686 [0] NCCL INFO NCCL_SOCKET_IFNAME set by environment to eno7np0
MOC-R4PCC04U05:73686:73686 [0] NCCL INFO Bootstrap: Using eno7np0:192.168.50.193<0>
MOC-R4PCC04U05:73686:73686 [0] NCCL INFO cudaDriverVersion 12040
MOC-R4PCC04U05:73686:73686 [0] NCCL INFO NCCL version 2.26.2+cuda12.2
MOC-R4PCC04U05:73686:73686 [0] NCCL INFO Comm config Blocking set to 1
MOC-R4PCC04U05:73686:73730 [0] NCCL INFO NET/Plugin: Could not find: libnccl-net.so. Using internal net plugin.
MOC-R4PCC04U05:73686:73730 [0] NCCL INFO NCCL_IB_DISABLE set by environment to 0.
MOC-R4PCC04U05:73686:73730 [0] NCCL INFO NCCL_SOCKET_IFNAME set by environment to eno7np0
MOC-R4PCC04U05:73686:73730 [0] NCCL INFO NCCL_IB_HCA set to mlx5_5
MOC-R4PCC04U05:73689:73689 [3] NCCL INFO cudaDriverVersion 12040
MOC-R4PCC04U05:73689:73689 [3] NCCL INFO NCCL_SOCKET_IFNAME set by environment to eno7np0
MOC-R4PCC04U05:73689:73689 [3] NCCL INFO Bootstrap: Using eno7np0:192.168.50.193<0>
MOC-R4PCC04U05:73689:73689 [3] NCCL INFO NCCL version 2.26.2+cuda12.2
MOC-R4PCC04U05:73689:73689 [3] NCCL INFO Comm config Blocking set to 1
MOC-R4PCC04U05:73688:73688 [2] NCCL INFO cudaDriverVersion 12040
MOC-R4PCC04U05:73688:73688 [2] NCCL INFO NCCL_SOCKET_IFNAME set by environment to eno7np0
MOC-R4PCC04U05:73688:73688 [2] NCCL INFO Bootstrap: Using eno7np0:192.168.50.193<0>
MOC-R4PCC04U05:73688:73688 [2] NCCL INFO NCCL version 2.26.2+cuda12.2
MOC-R4PCC04U05:73688:73688 [2] NCCL INFO Comm config Blocking set to 1
MOC-R4PCC04U05:73686:73730 [0] NCCL INFO NET/IB : Using [0]mlx5_5:1/RoCE [RO]; OOB eno7np0:192.168.50.193<0>
MOC-R4PCC04U05:73686:73730 [0] NCCL INFO PROFILER/Plugin: Could not find: libnccl-profiler.so. 
MOC-R4PCC04U05:73686:73730 [0] NCCL INFO Using network IB
MOC-R4PCC04U05:73686:73730 [0] NCCL INFO DMA-BUF is available on GPU device 0
MOC-R4PCC04U05:73686:73730 [0] NCCL INFO ncclCommInitRankConfig comm 0x5561dc3f0590 rank 0 nranks 8 cudaDev 0 nvmlDev 0 busId 6000 commId 0x22f0bd0b0b629834 - Init START
MOC-R4PCC04U05:73687:73687 [1] NCCL INFO cudaDriverVersion 12040
MOC-R4PCC04U05:73687:73687 [1] NCCL INFO NCCL_SOCKET_IFNAME set by environment to eno7np0
MOC-R4PCC04U05:73687:73687 [1] NCCL INFO Bootstrap: Using eno7np0:192.168.50.193<0>
MOC-R4PCC04U05:73687:73687 [1] NCCL INFO NCCL version 2.26.2+cuda12.2
MOC-R4PCC04U05:73687:73687 [1] NCCL INFO Comm config Blocking set to 1
MOC-R4PCC04U05:73689:73731 [3] NCCL INFO NET/Plugin: Could not find: libnccl-net.so. Using internal net plugin.
MOC-R4PCC04U05:73689:73731 [3] NCCL INFO NCCL_IB_DISABLE set by environment to 0.
MOC-R4PCC04U05:73689:73731 [3] NCCL INFO NCCL_SOCKET_IFNAME set by environment to eno7np0
MOC-R4PCC04U05:73689:73731 [3] NCCL INFO NCCL_IB_HCA set to mlx5_5
MOC-R4PCC04U05:73688:73732 [2] NCCL INFO NET/Plugin: Could not find: libnccl-net.so. Using internal net plugin.
MOC-R4PCC04U05:73688:73732 [2] NCCL INFO NCCL_IB_DISABLE set by environment to 0.
MOC-R4PCC04U05:73688:73732 [2] NCCL INFO NCCL_SOCKET_IFNAME set by environment to eno7np0
MOC-R4PCC04U05:73688:73732 [2] NCCL INFO NCCL_IB_HCA set to mlx5_5
MOC-R4PCC04U05:73689:73731 [3] NCCL INFO NET/IB : Using [0]mlx5_5:1/RoCE [RO]; OOB eno7np0:192.168.50.193<0>
MOC-R4PCC04U05:73689:73731 [3] NCCL INFO PROFILER/Plugin: Could not find: libnccl-profiler.so. 
MOC-R4PCC04U05:73689:73731 [3] NCCL INFO Using network IB
MOC-R4PCC04U05:73688:73732 [2] NCCL INFO NET/IB : Using [0]mlx5_5:1/RoCE [RO]; OOB eno7np0:192.168.50.193<0>
MOC-R4PCC04U05:73688:73732 [2] NCCL INFO PROFILER/Plugin: Could not find: libnccl-profiler.so. 
MOC-R4PCC04U05:73688:73732 [2] NCCL INFO Using network IB
MOC-R4PCC04U05:73687:73734 [1] NCCL INFO NET/Plugin: Could not find: libnccl-net.so. Using internal net plugin.
MOC-R4PCC04U05:73687:73734 [1] NCCL INFO NCCL_IB_DISABLE set by environment to 0.
MOC-R4PCC04U05:73687:73734 [1] NCCL INFO NCCL_SOCKET_IFNAME set by environment to eno7np0
MOC-R4PCC04U05:73687:73734 [1] NCCL INFO NCCL_IB_HCA set to mlx5_5
MOC-R4PCC04U05:73687:73734 [1] NCCL INFO NET/IB : Using [0]mlx5_5:1/RoCE [RO]; OOB eno7np0:192.168.50.193<0>
MOC-R4PCC04U05:73687:73734 [1] NCCL INFO PROFILER/Plugin: Could not find: libnccl-profiler.so. 
MOC-R4PCC04U05:73687:73734 [1] NCCL INFO Using network IB
MOC-R4PCC04U05:73688:73732 [2] NCCL INFO DMA-BUF is available on GPU device 2
MOC-R4PCC04U05:73689:73731 [3] NCCL INFO DMA-BUF is available on GPU device 3
MOC-R4PCC04U05:73688:73732 [2] NCCL INFO ncclCommInitRankConfig comm 0x560756157220 rank 2 nranks 8 cudaDev 2 nvmlDev 2 busId a6000 commId 0x22f0bd0b0b629834 - Init START
MOC-R4PCC04U05:73689:73731 [3] NCCL INFO ncclCommInitRankConfig comm 0x55c31135c930 rank 3 nranks 8 cudaDev 3 nvmlDev 3 busId c6000 commId 0x22f0bd0b0b629834 - Init START
MOC-R4PCC04U05:73689:73731 [3] NCCL INFO RAS client listening socket at ::1<28028>
MOC-R4PCC04U05:73687:73734 [1] NCCL INFO DMA-BUF is available on GPU device 1
MOC-R4PCC04U05:73687:73734 [1] NCCL INFO ncclCommInitRankConfig comm 0x557241f06020 rank 1 nranks 8 cudaDev 1 nvmlDev 1 busId 26000 commId 0x22f0bd0b0b629834 - Init START
MOC-R4PCC04U05:73687:73734 [1] NCCL INFO RAS client listening socket at ::1<28028>
MOC-R4PCC04U05:73686:73730 [0] NCCL INFO RAS client listening socket at ::1<28028>
MOC-R4PCC04U05:73688:73732 [2] NCCL INFO RAS client listening socket at ::1<28028>
MOC-R4PCC04U05:73687:73734 [1] NCCL INFO Bootstrap timings total 0.002693 (create 0.000106, send 0.000196, recv 0.000459, ring 0.000891, delay 0.000000)
MOC-R4PCC04U05:73688:73732 [2] NCCL INFO Bootstrap timings total 0.161289 (create 0.000152, send 0.000302, recv 0.040191, ring 0.000491, delay 0.000001)
MOC-R4PCC04U05:73689:73731 [3] NCCL INFO Bootstrap timings total 0.121532 (create 0.000149, send 0.000265, recv 0.000467, ring 0.119271, delay 0.000001)
MOC-R4PCC04U05:73686:73730 [0] NCCL INFO Bootstrap timings total 2.025664 (create 0.000142, send 0.000429, recv 2.023083, ring 0.000572, delay 0.000000)
MOC-R4PCC04U05:73686:73730 [0] NCCL INFO Setting affinity for GPU 0 to ffffffff,ffffffff,ffffffff,ffffffff,00000000,00000000,00000000,00000000,ffffffff,ffffffff,ffffffff,ffffffff
MOC-R4PCC04U05:73686:73730 [0] NCCL INFO NVLS multicast support is not available on dev 0
MOC-R4PCC04U05:73688:73732 [2] NCCL INFO Setting affinity for GPU 2 to ffffffff,ffffffff,ffffffff,ffffffff,00000000,00000000,00000000,00000000,ffffffff,ffffffff,ffffffff,ffffffff,00000000,00000000,00000000,00000000
MOC-R4PCC04U05:73688:73732 [2] NCCL INFO NVLS multicast support is not available on dev 2
MOC-R4PCC04U05:73687:73734 [1] NCCL INFO Setting affinity for GPU 1 to ffffffff,ffffffff,ffffffff,ffffffff,00000000,00000000,00000000,00000000,ffffffff,ffffffff,ffffffff,ffffffff
MOC-R4PCC04U05:73687:73734 [1] NCCL INFO NVLS multicast support is not available on dev 1
MOC-R4PCC04U05:73689:73731 [3] NCCL INFO Setting affinity for GPU 3 to ffffffff,ffffffff,ffffffff,ffffffff,00000000,00000000,00000000,00000000,ffffffff,ffffffff,ffffffff,ffffffff,00000000,00000000,00000000,00000000
MOC-R4PCC04U05:73689:73731 [3] NCCL INFO NVLS multicast support is not available on dev 3
MOC-R4PCC04U05:73689:73731 [3] NCCL INFO comm 0x55c31135c930 rank 3 nRanks 8 nNodes 2 localRanks 4 localRank 3 MNNVL 0
MOC-R4PCC04U05:73687:73734 [1] NCCL INFO comm 0x557241f06020 rank 1 nRanks 8 nNodes 2 localRanks 4 localRank 1 MNNVL 0
MOC-R4PCC04U05:73688:73732 [2] NCCL INFO comm 0x560756157220 rank 2 nRanks 8 nNodes 2 localRanks 4 localRank 2 MNNVL 0
MOC-R4PCC04U05:73689:73731 [3] NCCL INFO Trees [0] 0/-1/-1->3->2 [1] 0/-1/-1->3->2 [2] 0/-1/-1->3->2 [3] 0/-1/-1->3->2
MOC-R4PCC04U05:73689:73731 [3] NCCL INFO P2P Chunksize set to 131072
MOC-R4PCC04U05:73687:73734 [1] NCCL INFO Trees [0] -1/-1/-1->1->0 [1] -1/-1/-1->1->0 [2] -1/-1/-1->1->0 [3] -1/-1/-1->1->0
MOC-R4PCC04U05:73687:73734 [1] NCCL INFO P2P Chunksize set to 131072
MOC-R4PCC04U05:73686:73730 [0] NCCL INFO comm 0x5561dc3f0590 rank 0 nRanks 8 nNodes 2 localRanks 4 localRank 0 MNNVL 0
MOC-R4PCC04U05:73688:73732 [2] NCCL INFO Trees [0] 3/6/-1->2->-1 [1] 3/6/-1->2->-1 [2] 3/-1/-1->2->6 [3] 3/-1/-1->2->6
MOC-R4PCC04U05:73686:73730 [0] NCCL INFO Channel 00/04 : 0 3 6 5 4 7 2 1
MOC-R4PCC04U05:73688:73732 [2] NCCL INFO P2P Chunksize set to 131072
MOC-R4PCC04U05:73686:73730 [0] NCCL INFO Channel 01/04 : 0 3 6 5 4 7 2 1
MOC-R4PCC04U05:73686:73730 [0] NCCL INFO Channel 02/04 : 0 3 6 5 4 7 2 1
MOC-R4PCC04U05:73686:73730 [0] NCCL INFO Channel 03/04 : 0 3 6 5 4 7 2 1
MOC-R4PCC04U05:73686:73730 [0] NCCL INFO Trees [0] 1/-1/-1->0->3 [1] 1/-1/-1->0->3 [2] 1/-1/-1->0->3 [3] 1/-1/-1->0->3
MOC-R4PCC04U05:73686:73730 [0] NCCL INFO P2P Chunksize set to 131072
MOC-R4PCC04U05:73686:73730 [0] NCCL INFO Check P2P Type intraNodeP2pSupport 1 directMode 0
MOC-R4PCC04U05:73687:73746 [1] NCCL INFO [Proxy Service] Device 1 CPU core 287
MOC-R4PCC04U05:73687:73748 [1] NCCL INFO [Proxy Service UDS] Device 1 CPU core 33
MOC-R4PCC04U05:73689:73747 [3] NCCL INFO [Proxy Service] Device 3 CPU core 169
MOC-R4PCC04U05:73689:73749 [3] NCCL INFO [Proxy Service UDS] Device 3 CPU core 202
MOC-R4PCC04U05:73686:73750 [0] NCCL INFO [Proxy Service] Device 0 CPU core 303
MOC-R4PCC04U05:73686:73751 [0] NCCL INFO [Proxy Service UDS] Device 0 CPU core 309
MOC-R4PCC04U05:73688:73752 [2] NCCL INFO [Proxy Service] Device 2 CPU core 479
MOC-R4PCC04U05:73688:73753 [2] NCCL INFO [Proxy Service UDS] Device 2 CPU core 227
MOC-R4PCC04U05:73687:73734 [1] NCCL INFO threadThresholds 8/8/64 | 64/8/64 | 512 | 512
MOC-R4PCC04U05:73687:73734 [1] NCCL INFO 4 coll channels, 4 collnet channels, 0 nvls channels, 4 p2p channels, 2 p2p channels per peer
MOC-R4PCC04U05:73689:73731 [3] NCCL INFO threadThresholds 8/8/64 | 64/8/64 | 512 | 512
MOC-R4PCC04U05:73689:73731 [3] NCCL INFO 4 coll channels, 4 collnet channels, 0 nvls channels, 4 p2p channels, 2 p2p channels per peer
MOC-R4PCC04U05:73688:73732 [2] NCCL INFO threadThresholds 8/8/64 | 64/8/64 | 512 | 512
MOC-R4PCC04U05:73688:73732 [2] NCCL INFO 4 coll channels, 4 collnet channels, 0 nvls channels, 4 p2p channels, 2 p2p channels per peer
MOC-R4PCC04U05:73686:73730 [0] NCCL INFO threadThresholds 8/8/64 | 64/8/64 | 512 | 512
MOC-R4PCC04U05:73686:73730 [0] NCCL INFO 4 coll channels, 4 collnet channels, 0 nvls channels, 4 p2p channels, 2 p2p channels per peer
MOC-R4PCC04U05:73686:73730 [0] NCCL INFO CC Off, workFifoBytes 1048576
MOC-R4PCC04U05:73687:73734 [1] NCCL INFO TUNER/Plugin: Could not find: libnccl-tuner.so. Using internal tuner plugin.
MOC-R4PCC04U05:73689:73731 [3] NCCL INFO TUNER/Plugin: Could not find: libnccl-tuner.so. Using internal tuner plugin.
MOC-R4PCC04U05:73687:73734 [1] NCCL INFO ncclCommInitRankConfig comm 0x557241f06020 rank 1 nranks 8 cudaDev 1 nvmlDev 1 busId 26000 commId 0x22f0bd0b0b629834 - Init COMPLETE
MOC-R4PCC04U05:73689:73731 [3] NCCL INFO ncclCommInitRankConfig comm 0x55c31135c930 rank 3 nranks 8 cudaDev 3 nvmlDev 3 busId c6000 commId 0x22f0bd0b0b629834 - Init COMPLETE
MOC-R4PCC04U05:73687:73734 [1] NCCL INFO Init timings - ncclCommInitRankConfig: rank 1 nranks 8 total 3.21 (kernels 0.51, alloc 1.51, bootstrap 0.00, allgathers 0.09, topo 0.80, graphs 0.00, connections 0.28, rest 0.02)
MOC-R4PCC04U05:73688:73732 [2] NCCL INFO TUNER/Plugin: Could not find: libnccl-tuner.so. Using internal tuner plugin.
MOC-R4PCC04U05:73689:73731 [3] NCCL INFO Init timings - ncclCommInitRankConfig: rank 3 nranks 8 total 3.85 (kernels 0.83, alloc 1.71, bootstrap 0.12, allgathers 0.09, topo 0.81, graphs 0.00, connections 0.28, rest 0.02)
MOC-R4PCC04U05:73688:73732 [2] NCCL INFO ncclCommInitRankConfig comm 0x560756157220 rank 2 nranks 8 cudaDev 2 nvmlDev 2 busId a6000 commId 0x22f0bd0b0b629834 - Init COMPLETE
MOC-R4PCC04U05:73688:73732 [2] NCCL INFO Init timings - ncclCommInitRankConfig: rank 2 nranks 8 total 3.82 (kernels 0.80, alloc 1.67, bootstrap 0.16, allgathers 0.09, topo 0.80, graphs 0.00, connections 0.29, rest 0.01)
MOC-R4PCC04U05:73686:73730 [0] NCCL INFO TUNER/Plugin: Could not find: libnccl-tuner.so. Using internal tuner plugin.
MOC-R4PCC04U05:73686:73730 [0] NCCL INFO ncclCommInitRankConfig comm 0x5561dc3f0590 rank 0 nranks 8 cudaDev 0 nvmlDev 0 busId 6000 commId 0x22f0bd0b0b629834 - Init COMPLETE
MOC-R4PCC04U05:73686:73730 [0] NCCL INFO Init timings - ncclCommInitRankConfig: rank 0 nranks 8 total 4.22 (kernels 0.32, alloc 0.68, bootstrap 2.03, allgathers 0.09, topo 0.80, graphs 0.00, connections 0.30, rest 0.00)
MOC-R4PCC04U05:73686:73756 [0] NCCL INFO Channel 00/0 : 0[0] -> 3[3] via P2P/CUMEM
MOC-R4PCC04U05:73686:73756 [0] NCCL INFO Channel 01/0 : 0[0] -> 3[3] via P2P/CUMEM
MOC-R4PCC04U05:73686:73756 [0] NCCL INFO Channel 02/0 : 0[0] -> 3[3] via P2P/CUMEM
MOC-R4PCC04U05:73686:73756 [0] NCCL INFO Channel 03/0 : 0[0] -> 3[3] via P2P/CUMEM
MOC-R4PCC04U05:73688:73758 [2] NCCL INFO [Proxy Progress] Device 2 CPU core 199
MOC-R4PCC04U05:73687:73757 [1] NCCL INFO Channel 00/0 : 1[1] -> 0[0] via P2P/CUMEM
MOC-R4PCC04U05:73688:73754 [2] NCCL INFO Channel 00/0 : 7[3] -> 2[2] [receive] via NET/IB/1/GDRDMA
MOC-R4PCC04U05:73689:73755 [3] NCCL INFO Channel 00/0 : 3[3] -> 6[2] [send] via NET/IB/1(2)/GDRDMA
MOC-R4PCC04U05:73688:73754 [2] NCCL INFO Channel 01/0 : 7[3] -> 2[2] [receive] via NET/IB/1/GDRDMA
MOC-R4PCC04U05:73689:73755 [3] NCCL INFO Channel 01/0 : 3[3] -> 6[2] [send] via NET/IB/1(2)/GDRDMA
MOC-R4PCC04U05:73688:73754 [2] NCCL INFO Channel 02/0 : 7[3] -> 2[2] [receive] via NET/IB/1/GDRDMA
MOC-R4PCC04U05:73689:73755 [3] NCCL INFO Channel 02/0 : 3[3] -> 6[2] [send] via NET/IB/1(2)/GDRDMA
MOC-R4PCC04U05:73688:73754 [2] NCCL INFO Channel 03/0 : 7[3] -> 2[2] [receive] via NET/IB/1/GDRDMA
MOC-R4PCC04U05:73689:73755 [3] NCCL INFO Channel 03/0 : 3[3] -> 6[2] [send] via NET/IB/1(2)/GDRDMA
MOC-R4PCC04U05:73688:73754 [2] NCCL INFO Channel 00/0 : 2[2] -> 1[1] via P2P/CUMEM
MOC-R4PCC04U05:73688:73754 [2] NCCL INFO Channel 01/0 : 2[2] -> 1[1] via P2P/CUMEM
MOC-R4PCC04U05:73687:73757 [1] NCCL INFO Channel 01/0 : 1[1] -> 0[0] via P2P/CUMEM
MOC-R4PCC04U05:73687:73757 [1] NCCL INFO Channel 02/0 : 1[1] -> 0[0] via P2P/CUMEM
MOC-R4PCC04U05:73688:73754 [2] NCCL INFO Channel 02/0 : 2[2] -> 1[1] via P2P/CUMEM
MOC-R4PCC04U05:73687:73757 [1] NCCL INFO Channel 03/0 : 1[1] -> 0[0] via P2P/CUMEM
MOC-R4PCC04U05:73688:73754 [2] NCCL INFO Channel 03/0 : 2[2] -> 1[1] via P2P/CUMEM
MOC-R4PCC04U05:73689:73755 [3] NCCL INFO Connected all rings, use ring PXN 1 GDR 1
MOC-R4PCC04U05:73688:73754 [2] NCCL INFO Connected all rings, use ring PXN 1 GDR 1
MOC-R4PCC04U05:73687:73757 [1] NCCL INFO Connected all rings, use ring PXN 1 GDR 1
MOC-R4PCC04U05:73686:73756 [0] NCCL INFO Connected all rings, use ring PXN 1 GDR 1
num decayed parameter tensors: 50, with 124,318,464 parameters
num non-decayed parameter tensors: 98, with 121,344 parameters
using fused AdamW: False
using regular AdamW
MOC-R4PCC04U05:73688:74448 [2] NCCL INFO Channel 00/0 : 2[2] -> 3[3] via P2P/CUMEM
MOC-R4PCC04U05:73688:74448 [2] NCCL INFO Channel 01/0 : 2[2] -> 3[3] via P2P/CUMEM
MOC-R4PCC04U05:73688:74448 [2] NCCL INFO Channel 02/0 : 2[2] -> 3[3] via P2P/CUMEM
MOC-R4PCC04U05:73688:74448 [2] NCCL INFO Channel 03/0 : 2[2] -> 3[3] via P2P/CUMEM
MOC-R4PCC04U05:73689:74447 [3] NCCL INFO Channel 00/0 : 3[3] -> 0[0] via P2P/CUMEM
MOC-R4PCC04U05:73688:74448 [2] NCCL INFO Channel 00/0 : 6[2] -> 2[2] [receive] via NET/IB/1/GDRDMA
MOC-R4PCC04U05:73688:74448 [2] NCCL INFO Channel 01/0 : 6[2] -> 2[2] [receive] via NET/IB/1/GDRDMA
MOC-R4PCC04U05:73688:74448 [2] NCCL INFO Channel 02/0 : 6[2] -> 2[2] [receive] via NET/IB/1/GDRDMA
MOC-R4PCC04U05:73688:74448 [2] NCCL INFO Channel 03/0 : 6[2] -> 2[2] [receive] via NET/IB/1/GDRDMA
MOC-R4PCC04U05:73688:74448 [2] NCCL INFO Channel 00/0 : 2[2] -> 6[2] [send] via NET/IB/1/GDRDMA
MOC-R4PCC04U05:73689:74447 [3] NCCL INFO Channel 01/0 : 3[3] -> 0[0] via P2P/CUMEM
MOC-R4PCC04U05:73688:74448 [2] NCCL INFO Channel 01/0 : 2[2] -> 6[2] [send] via NET/IB/1/GDRDMA
MOC-R4PCC04U05:73688:74448 [2] NCCL INFO Channel 02/0 : 2[2] -> 6[2] [send] via NET/IB/1/GDRDMA
MOC-R4PCC04U05:73689:74447 [3] NCCL INFO Channel 02/0 : 3[3] -> 0[0] via P2P/CUMEM
MOC-R4PCC04U05:73688:74448 [2] NCCL INFO Channel 03/0 : 2[2] -> 6[2] [send] via NET/IB/1/GDRDMA
MOC-R4PCC04U05:73689:74447 [3] NCCL INFO Channel 03/0 : 3[3] -> 0[0] via P2P/CUMEM
MOC-R4PCC04U05:73686:74449 [0] NCCL INFO Channel 00/0 : 0[0] -> 1[1] via P2P/CUMEM
MOC-R4PCC04U05:73686:74449 [0] NCCL INFO Channel 01/0 : 0[0] -> 1[1] via P2P/CUMEM
MOC-R4PCC04U05:73686:74449 [0] NCCL INFO Channel 02/0 : 0[0] -> 1[1] via P2P/CUMEM
MOC-R4PCC04U05:73686:74449 [0] NCCL INFO Channel 03/0 : 0[0] -> 1[1] via P2P/CUMEM
MOC-R4PCC04U05:73689:74447 [3] NCCL INFO Channel 00/0 : 3[3] -> 2[2] via P2P/CUMEM
MOC-R4PCC04U05:73689:74447 [3] NCCL INFO Channel 01/0 : 3[3] -> 2[2] via P2P/CUMEM
MOC-R4PCC04U05:73689:74447 [3] NCCL INFO Channel 02/0 : 3[3] -> 2[2] via P2P/CUMEM
MOC-R4PCC04U05:73689:74447 [3] NCCL INFO Channel 03/0 : 3[3] -> 2[2] via P2P/CUMEM
MOC-R4PCC04U05:73687:74450 [1] NCCL INFO Connected all trees
MOC-R4PCC04U05:73686:74449 [0] NCCL INFO Connected all trees
MOC-R4PCC04U05:73689:74447 [3] NCCL INFO Connected all trees
MOC-R4PCC04U05:73688:74448 [2] NCCL INFO Connected all trees
step    1/10 | train loss 11.009525 | norm 15.3465 | lr 1.00e-04 | (13926.71 ms | 188231 tok/s)
step    2/10 | train loss 10.140072 | norm 5.7338 | lr 1.00e-04 | (945.08 ms | 2773790 tok/s)
step    3/10 | train loss 9.800388 | norm 2.6009 | lr 1.00e-04 | (784.14 ms | 3343062 tok/s)
step    4/10 | train loss 9.631470 | norm 2.1085 | lr 1.00e-04 | (882.02 ms | 2972100 tok/s)
step    5/10 | train loss 9.548712 | norm 2.0999 | lr 1.00e-04 | (870.43 ms | 3011664 tok/s)
step    6/10 | train loss 9.467644 | norm 1.9930 | lr 1.00e-04 | (865.13 ms | 3030122 tok/s)
step    7/10 | train loss 9.382120 | norm 1.9433 | lr 1.00e-04 | (855.68 ms | 3063563 tok/s)
step    8/10 | train loss 9.290382 | norm 1.9093 | lr 1.00e-04 | (897.52 ms | 2920760 tok/s)
step    9/10 | train loss 9.195259 | norm 1.8505 | lr 1.00e-04 | (845.84 ms | 3099210 tok/s)
step   10/10 | train loss 9.111426 | norm 1.7945 | lr 1.00e-04 | (808.89 ms | 3240773 tok/s)
final 9 iters avg: 861.637ms
peak memory consumption: 16601 MiB
MOC-R4PCC04U05:73686:74457 [0] NCCL INFO comm 0x5561dc3f0590 rank 0 nranks 8 cudaDev 0 busId 6000 - Destroy COMPLETE
MOC-R4PCC04U05:73689:74455 [3] NCCL INFO comm 0x55c31135c930 rank 3 nranks 8 cudaDev 3 busId c6000 - Destroy COMPLETE
MOC-R4PCC04U05:73688:74456 [2] NCCL INFO comm 0x560756157220 rank 2 nranks 8 cudaDev 2 busId a6000 - Destroy COMPLETE
MOC-R4PCC04U05:73687:74458 [1] NCCL INFO comm 0x557241f06020 rank 1 nranks 8 cudaDev 1 busId 26000 - Destroy COMPLETE
