Running pytorch 2.7.0+cu126
using device: cuda:0
total desired batch size: 1310720
=> calculated gradient accumulation steps: 5
using device: cuda:3
using device: cuda:2
using device: cuda:1
compiling the model...
DataLoader: total number of tokens: 1,661,249,667 across 103 files
MOC-R4PCC04U05:240943:240943 [0] NCCL INFO NCCL_SOCKET_IFNAME set by environment to eno7np0
MOC-R4PCC04U05:240943:240943 [0] NCCL INFO Bootstrap: Using eno7np0:192.168.50.193<0>
MOC-R4PCC04U05:240943:240943 [0] NCCL INFO cudaDriverVersion 12040
MOC-R4PCC04U05:240943:240943 [0] NCCL INFO NCCL version 2.26.2+cuda12.2
MOC-R4PCC04U05:240943:240943 [0] NCCL INFO Comm config Blocking set to 1
MOC-R4PCC04U05:240943:240984 [0] NCCL INFO NET/Plugin: Could not find: libnccl-net.so. Using internal net plugin.
MOC-R4PCC04U05:240943:240984 [0] NCCL INFO NCCL_IB_DISABLE set by environment to 1.
MOC-R4PCC04U05:240943:240984 [0] NCCL INFO NCCL_SOCKET_IFNAME set by environment to eno7np0
MOC-R4PCC04U05:240943:240984 [0] NCCL INFO NET/Socket : Using [0]eno7np0:192.168.50.193<0>
MOC-R4PCC04U05:240943:240984 [0] NCCL INFO PROFILER/Plugin: Could not find: libnccl-profiler.so. 
MOC-R4PCC04U05:240943:240984 [0] NCCL INFO Using network Socket
MOC-R4PCC04U05:240943:240984 [0] NCCL INFO ncclCommInitRankConfig comm 0x55d480042b40 rank 0 nranks 8 cudaDev 0 nvmlDev 0 busId 6000 commId 0xf33bafd3e88c2d04 - Init START
MOC-R4PCC04U05:240946:240946 [3] NCCL INFO cudaDriverVersion 12040
MOC-R4PCC04U05:240946:240946 [3] NCCL INFO NCCL_SOCKET_IFNAME set by environment to eno7np0
MOC-R4PCC04U05:240945:240945 [2] NCCL INFO cudaDriverVersion 12040
MOC-R4PCC04U05:240945:240945 [2] NCCL INFO NCCL_SOCKET_IFNAME set by environment to eno7np0
MOC-R4PCC04U05:240946:240946 [3] NCCL INFO Bootstrap: Using eno7np0:192.168.50.193<0>
MOC-R4PCC04U05:240945:240945 [2] NCCL INFO Bootstrap: Using eno7np0:192.168.50.193<0>
MOC-R4PCC04U05:240946:240946 [3] NCCL INFO NCCL version 2.26.2+cuda12.2
MOC-R4PCC04U05:240945:240945 [2] NCCL INFO NCCL version 2.26.2+cuda12.2
MOC-R4PCC04U05:240946:240946 [3] NCCL INFO Comm config Blocking set to 1
MOC-R4PCC04U05:240945:240945 [2] NCCL INFO Comm config Blocking set to 1
MOC-R4PCC04U05:240944:240944 [1] NCCL INFO cudaDriverVersion 12040
MOC-R4PCC04U05:240944:240944 [1] NCCL INFO NCCL_SOCKET_IFNAME set by environment to eno7np0
MOC-R4PCC04U05:240944:240944 [1] NCCL INFO Bootstrap: Using eno7np0:192.168.50.193<0>
MOC-R4PCC04U05:240944:240944 [1] NCCL INFO NCCL version 2.26.2+cuda12.2
MOC-R4PCC04U05:240944:240944 [1] NCCL INFO Comm config Blocking set to 1
MOC-R4PCC04U05:240946:240986 [3] NCCL INFO NET/Plugin: Could not find: libnccl-net.so. Using internal net plugin.
MOC-R4PCC04U05:240946:240986 [3] NCCL INFO NCCL_IB_DISABLE set by environment to 1.
MOC-R4PCC04U05:240946:240986 [3] NCCL INFO NCCL_SOCKET_IFNAME set by environment to eno7np0
MOC-R4PCC04U05:240945:240985 [2] NCCL INFO NET/Plugin: Could not find: libnccl-net.so. Using internal net plugin.
MOC-R4PCC04U05:240945:240985 [2] NCCL INFO NCCL_IB_DISABLE set by environment to 1.
MOC-R4PCC04U05:240945:240985 [2] NCCL INFO NCCL_SOCKET_IFNAME set by environment to eno7np0
MOC-R4PCC04U05:240946:240986 [3] NCCL INFO NET/Socket : Using [0]eno7np0:192.168.50.193<0>
MOC-R4PCC04U05:240946:240986 [3] NCCL INFO PROFILER/Plugin: Could not find: libnccl-profiler.so. 
MOC-R4PCC04U05:240946:240986 [3] NCCL INFO Using network Socket
MOC-R4PCC04U05:240945:240985 [2] NCCL INFO NET/Socket : Using [0]eno7np0:192.168.50.193<0>
MOC-R4PCC04U05:240945:240985 [2] NCCL INFO PROFILER/Plugin: Could not find: libnccl-profiler.so. 
MOC-R4PCC04U05:240945:240985 [2] NCCL INFO Using network Socket
MOC-R4PCC04U05:240946:240986 [3] NCCL INFO ncclCommInitRankConfig comm 0x556c93ee2860 rank 3 nranks 8 cudaDev 3 nvmlDev 3 busId c6000 commId 0xf33bafd3e88c2d04 - Init START
MOC-R4PCC04U05:240945:240985 [2] NCCL INFO ncclCommInitRankConfig comm 0x5621c6b92dd0 rank 2 nranks 8 cudaDev 2 nvmlDev 2 busId a6000 commId 0xf33bafd3e88c2d04 - Init START
MOC-R4PCC04U05:240946:240986 [3] NCCL INFO RAS client listening socket at ::1<28028>
MOC-R4PCC04U05:240944:240987 [1] NCCL INFO NET/Plugin: Could not find: libnccl-net.so. Using internal net plugin.
MOC-R4PCC04U05:240944:240987 [1] NCCL INFO NCCL_IB_DISABLE set by environment to 1.
MOC-R4PCC04U05:240944:240987 [1] NCCL INFO NCCL_SOCKET_IFNAME set by environment to eno7np0
MOC-R4PCC04U05:240944:240987 [1] NCCL INFO NET/Socket : Using [0]eno7np0:192.168.50.193<0>
MOC-R4PCC04U05:240944:240987 [1] NCCL INFO PROFILER/Plugin: Could not find: libnccl-profiler.so. 
MOC-R4PCC04U05:240944:240987 [1] NCCL INFO Using network Socket
MOC-R4PCC04U05:240944:240987 [1] NCCL INFO ncclCommInitRankConfig comm 0x559951d06410 rank 1 nranks 8 cudaDev 1 nvmlDev 1 busId 26000 commId 0xf33bafd3e88c2d04 - Init START
MOC-R4PCC04U05:240945:240985 [2] NCCL INFO RAS client listening socket at ::1<28028>
MOC-R4PCC04U05:240944:240987 [1] NCCL INFO RAS client listening socket at ::1<28028>
MOC-R4PCC04U05:240943:240984 [0] NCCL INFO RAS client listening socket at ::1<28028>
MOC-R4PCC04U05:240943:240984 [0] NCCL INFO Bootstrap timings total 2.227821 (create 0.000140, send 0.000513, recv 2.225373, ring 0.000544, delay 0.000001)
MOC-R4PCC04U05:240944:240987 [1] NCCL INFO Bootstrap timings total 0.003209 (create 0.000101, send 0.000236, recv 0.000523, ring 0.000733, delay 0.000000)
MOC-R4PCC04U05:240945:240985 [2] NCCL INFO Bootstrap timings total 0.765026 (create 0.000069, send 0.000204, recv 0.000195, ring 0.000826, delay 0.000001)
MOC-R4PCC04U05:240946:240986 [3] NCCL INFO Bootstrap timings total 0.784894 (create 0.000149, send 0.000347, recv 0.000409, ring 0.763527, delay 0.000001)
MOC-R4PCC04U05:240943:240984 [0] NCCL INFO Setting affinity for GPU 0 to ffffffff,ffffffff,ffffffff,ffffffff,00000000,00000000,00000000,00000000,ffffffff,ffffffff,ffffffff,ffffffff
MOC-R4PCC04U05:240943:240984 [0] NCCL INFO NVLS multicast support is not available on dev 0
MOC-R4PCC04U05:240946:240986 [3] NCCL INFO Setting affinity for GPU 3 to ffffffff,ffffffff,ffffffff,ffffffff,00000000,00000000,00000000,00000000,ffffffff,ffffffff,ffffffff,ffffffff,00000000,00000000,00000000,00000000
MOC-R4PCC04U05:240946:240986 [3] NCCL INFO NVLS multicast support is not available on dev 3
MOC-R4PCC04U05:240945:240985 [2] NCCL INFO Setting affinity for GPU 2 to ffffffff,ffffffff,ffffffff,ffffffff,00000000,00000000,00000000,00000000,ffffffff,ffffffff,ffffffff,ffffffff,00000000,00000000,00000000,00000000
MOC-R4PCC04U05:240945:240985 [2] NCCL INFO NVLS multicast support is not available on dev 2
MOC-R4PCC04U05:240944:240987 [1] NCCL INFO Setting affinity for GPU 1 to ffffffff,ffffffff,ffffffff,ffffffff,00000000,00000000,00000000,00000000,ffffffff,ffffffff,ffffffff,ffffffff
MOC-R4PCC04U05:240944:240987 [1] NCCL INFO NVLS multicast support is not available on dev 1
MOC-R4PCC04U05:240946:240986 [3] NCCL INFO comm 0x556c93ee2860 rank 3 nRanks 8 nNodes 2 localRanks 4 localRank 3 MNNVL 0
MOC-R4PCC04U05:240945:240985 [2] NCCL INFO comm 0x5621c6b92dd0 rank 2 nRanks 8 nNodes 2 localRanks 4 localRank 2 MNNVL 0
MOC-R4PCC04U05:240944:240987 [1] NCCL INFO comm 0x559951d06410 rank 1 nRanks 8 nNodes 2 localRanks 4 localRank 1 MNNVL 0
MOC-R4PCC04U05:240946:240986 [3] NCCL INFO Trees [0] 0/7/-1->3->-1 [1] 0/7/-1->3->-1 [2] 0/-1/-1->3->7 [3] 0/-1/-1->3->7
MOC-R4PCC04U05:240946:240986 [3] NCCL INFO P2P Chunksize set to 131072
MOC-R4PCC04U05:240943:240984 [0] NCCL INFO comm 0x55d480042b40 rank 0 nRanks 8 nNodes 2 localRanks 4 localRank 0 MNNVL 0
MOC-R4PCC04U05:240944:240987 [1] NCCL INFO Trees [0] 2/-1/-1->1->0 [1] 2/-1/-1->1->0 [2] 2/-1/-1->1->0 [3] 2/-1/-1->1->0
MOC-R4PCC04U05:240944:240987 [1] NCCL INFO P2P Chunksize set to 131072
MOC-R4PCC04U05:240945:240985 [2] NCCL INFO Trees [0] -1/-1/-1->2->1 [1] -1/-1/-1->2->1 [2] -1/-1/-1->2->1 [3] -1/-1/-1->2->1
MOC-R4PCC04U05:240945:240985 [2] NCCL INFO P2P Chunksize set to 131072
MOC-R4PCC04U05:240943:240984 [0] NCCL INFO Channel 00/04 : 0 3 6 5 4 7 2 1
MOC-R4PCC04U05:240943:240984 [0] NCCL INFO Channel 01/04 : 0 2 7 5 4 6 3 1
MOC-R4PCC04U05:240943:240984 [0] NCCL INFO Channel 02/04 : 0 3 6 5 4 7 2 1
MOC-R4PCC04U05:240943:240984 [0] NCCL INFO Channel 03/04 : 0 2 7 5 4 6 3 1
MOC-R4PCC04U05:240943:240984 [0] NCCL INFO Trees [0] 1/-1/-1->0->3 [1] 1/-1/-1->0->3 [2] 1/-1/-1->0->3 [3] 1/-1/-1->0->3
MOC-R4PCC04U05:240943:240984 [0] NCCL INFO P2P Chunksize set to 131072
MOC-R4PCC04U05:240943:240984 [0] NCCL INFO Check P2P Type intraNodeP2pSupport 1 directMode 0
MOC-R4PCC04U05:240945:240998 [2] NCCL INFO [Proxy Service] Device 2 CPU core 168
MOC-R4PCC04U05:240944:240997 [1] NCCL INFO [Proxy Service] Device 1 CPU core 295
MOC-R4PCC04U05:240946:240996 [3] NCCL INFO [Proxy Service] Device 3 CPU core 423
MOC-R4PCC04U05:240946:240999 [3] NCCL INFO [Proxy Service UDS] Device 3 CPU core 431
MOC-R4PCC04U05:240944:241000 [1] NCCL INFO [Proxy Service UDS] Device 1 CPU core 303
MOC-R4PCC04U05:240943:241001 [0] NCCL INFO [Proxy Service] Device 0 CPU core 311
MOC-R4PCC04U05:240945:241002 [2] NCCL INFO [Proxy Service UDS] Device 2 CPU core 439
MOC-R4PCC04U05:240943:241003 [0] NCCL INFO [Proxy Service UDS] Device 0 CPU core 56
MOC-R4PCC04U05:240946:240986 [3] NCCL INFO threadThresholds 8/8/64 | 64/8/64 | 512 | 512
MOC-R4PCC04U05:240946:240986 [3] NCCL INFO 4 coll channels, 4 collnet channels, 0 nvls channels, 4 p2p channels, 2 p2p channels per peer
MOC-R4PCC04U05:240945:240985 [2] NCCL INFO threadThresholds 8/8/64 | 64/8/64 | 512 | 512
MOC-R4PCC04U05:240945:240985 [2] NCCL INFO 4 coll channels, 4 collnet channels, 0 nvls channels, 4 p2p channels, 2 p2p channels per peer
MOC-R4PCC04U05:240944:240987 [1] NCCL INFO threadThresholds 8/8/64 | 64/8/64 | 512 | 512
MOC-R4PCC04U05:240944:240987 [1] NCCL INFO 4 coll channels, 4 collnet channels, 0 nvls channels, 4 p2p channels, 2 p2p channels per peer
MOC-R4PCC04U05:240943:240984 [0] NCCL INFO threadThresholds 8/8/64 | 64/8/64 | 512 | 512
MOC-R4PCC04U05:240943:240984 [0] NCCL INFO 4 coll channels, 4 collnet channels, 0 nvls channels, 4 p2p channels, 2 p2p channels per peer
MOC-R4PCC04U05:240943:240984 [0] NCCL INFO CC Off, workFifoBytes 1048576
MOC-R4PCC04U05:240944:240987 [1] NCCL INFO TUNER/Plugin: Could not find: libnccl-tuner.so. Using internal tuner plugin.
MOC-R4PCC04U05:240944:240987 [1] NCCL INFO ncclCommInitRankConfig comm 0x559951d06410 rank 1 nranks 8 cudaDev 1 nvmlDev 1 busId 26000 commId 0xf33bafd3e88c2d04 - Init COMPLETE
MOC-R4PCC04U05:240944:240987 [1] NCCL INFO Init timings - ncclCommInitRankConfig: rank 1 nranks 8 total 3.18 (kernels 1.39, alloc 0.66, bootstrap 0.00, allgathers 0.32, topo 0.75, graphs 0.00, connections 0.03, rest 0.03)
MOC-R4PCC04U05:240946:240986 [3] NCCL INFO TUNER/Plugin: Could not find: libnccl-tuner.so. Using internal tuner plugin.
MOC-R4PCC04U05:240946:240986 [3] NCCL INFO ncclCommInitRankConfig comm 0x556c93ee2860 rank 3 nranks 8 cudaDev 3 nvmlDev 3 busId c6000 commId 0xf33bafd3e88c2d04 - Init COMPLETE
MOC-R4PCC04U05:240946:240986 [3] NCCL INFO Init timings - ncclCommInitRankConfig: rank 3 nranks 8 total 3.35 (kernels 0.33, alloc 1.10, bootstrap 0.78, allgathers 0.33, topo 0.75, graphs 0.00, connections 0.02, rest 0.03)
MOC-R4PCC04U05:240945:240985 [2] NCCL INFO TUNER/Plugin: Could not find: libnccl-tuner.so. Using internal tuner plugin.
MOC-R4PCC04U05:240945:240985 [2] NCCL INFO ncclCommInitRankConfig comm 0x5621c6b92dd0 rank 2 nranks 8 cudaDev 2 nvmlDev 2 busId a6000 commId 0xf33bafd3e88c2d04 - Init COMPLETE
MOC-R4PCC04U05:240945:240985 [2] NCCL INFO Init timings - ncclCommInitRankConfig: rank 2 nranks 8 total 3.34 (kernels 0.33, alloc 1.12, bootstrap 0.77, allgathers 0.32, topo 0.75, graphs 0.00, connections 0.03, rest 0.03)
MOC-R4PCC04U05:240943:240984 [0] NCCL INFO TUNER/Plugin: Could not find: libnccl-tuner.so. Using internal tuner plugin.
MOC-R4PCC04U05:240943:240984 [0] NCCL INFO ncclCommInitRankConfig comm 0x55d480042b40 rank 0 nranks 8 cudaDev 0 nvmlDev 0 busId 6000 commId 0xf33bafd3e88c2d04 - Init COMPLETE
MOC-R4PCC04U05:240943:240984 [0] NCCL INFO Init timings - ncclCommInitRankConfig: rank 0 nranks 8 total 4.25 (kernels 0.32, alloc 0.58, bootstrap 2.23, allgathers 0.32, topo 0.74, graphs 0.01, connections 0.05, rest 0.01)
MOC-R4PCC04U05:240943:241007 [0] NCCL INFO Channel 01/0 : 0[0] -> 2[2] via P2P/CUMEM
MOC-R4PCC04U05:240943:241007 [0] NCCL INFO Channel 03/0 : 0[0] -> 2[2] via P2P/CUMEM
MOC-R4PCC04U05:240943:241007 [0] NCCL INFO Channel 00/0 : 0[0] -> 3[3] via P2P/CUMEM
MOC-R4PCC04U05:240943:241007 [0] NCCL INFO Channel 02/0 : 0[0] -> 3[3] via P2P/CUMEM
MOC-R4PCC04U05:240946:241008 [3] NCCL INFO [Proxy Progress] Device 3 CPU core 450
MOC-R4PCC04U05:240946:241006 [3] NCCL INFO Channel 00/0 : 3[3] -> 6[2] [send] via NET/Socket/0
MOC-R4PCC04U05:240946:241006 [3] NCCL INFO Channel 02/0 : 3[3] -> 6[2] [send] via NET/Socket/0
MOC-R4PCC04U05:240946:240996 [3] NCCL INFO NCCL_NSOCKS_PERTHREAD set by environment to 8.
MOC-R4PCC04U05:240946:240996 [3] NCCL INFO NCCL_SOCKET_NTHREADS set by environment to 8.
MOC-R4PCC04U05:240946:240996 [3] NCCL INFO NET/Socket: Using 8 threads and 8 sockets per thread
MOC-R4PCC04U05:240946:241006 [3] NCCL INFO Channel 01/0 : 6[2] -> 3[3] [receive] via NET/Socket/0
MOC-R4PCC04U05:240946:240996 [3] NCCL INFO NET/Socket: Using 8 threads and 8 sockets per thread
MOC-R4PCC04U05:240946:241006 [3] NCCL INFO Channel 03/0 : 6[2] -> 3[3] [receive] via NET/Socket/0
MOC-R4PCC04U05:240946:241006 [3] NCCL INFO Channel 01/0 : 3[3] -> 1[1] via P2P/CUMEM
MOC-R4PCC04U05:240946:241006 [3] NCCL INFO Channel 03/0 : 3[3] -> 1[1] via P2P/CUMEM
MOC-R4PCC04U05:240944:241005 [1] NCCL INFO Channel 00/0 : 1[1] -> 0[0] via P2P/CUMEM
MOC-R4PCC04U05:240944:241005 [1] NCCL INFO Channel 01/0 : 1[1] -> 0[0] via P2P/CUMEM
MOC-R4PCC04U05:240944:241005 [1] NCCL INFO Channel 02/0 : 1[1] -> 0[0] via P2P/CUMEM
MOC-R4PCC04U05:240945:241009 [2] NCCL INFO [Proxy Progress] Device 2 CPU core 204
MOC-R4PCC04U05:240944:241005 [1] NCCL INFO Channel 03/0 : 1[1] -> 0[0] via P2P/CUMEM
MOC-R4PCC04U05:240945:240998 [2] NCCL INFO NCCL_NSOCKS_PERTHREAD set by environment to 8.
MOC-R4PCC04U05:240945:240998 [2] NCCL INFO NCCL_SOCKET_NTHREADS set by environment to 8.
MOC-R4PCC04U05:240945:240998 [2] NCCL INFO NET/Socket: Using 8 threads and 8 sockets per thread
MOC-R4PCC04U05:240945:241004 [2] NCCL INFO Channel 00/0 : 7[3] -> 2[2] [receive] via NET/Socket/0
MOC-R4PCC04U05:240945:240998 [2] NCCL INFO NET/Socket: Using 8 threads and 8 sockets per thread
MOC-R4PCC04U05:240945:241004 [2] NCCL INFO Channel 02/0 : 7[3] -> 2[2] [receive] via NET/Socket/0
MOC-R4PCC04U05:240945:241004 [2] NCCL INFO Channel 01/0 : 2[2] -> 7[3] [send] via NET/Socket/0
MOC-R4PCC04U05:240945:241004 [2] NCCL INFO Channel 03/0 : 2[2] -> 7[3] [send] via NET/Socket/0
MOC-R4PCC04U05:240945:241004 [2] NCCL INFO Channel 00/0 : 2[2] -> 1[1] via P2P/CUMEM
MOC-R4PCC04U05:240945:241004 [2] NCCL INFO Channel 02/0 : 2[2] -> 1[1] via P2P/CUMEM
MOC-R4PCC04U05:240943:241007 [0] NCCL INFO Connected all rings, use ring PXN 0 GDR 0
MOC-R4PCC04U05:240944:241005 [1] NCCL INFO Connected all rings, use ring PXN 0 GDR 0
MOC-R4PCC04U05:240946:241006 [3] NCCL INFO Connected all rings, use ring PXN 0 GDR 0
MOC-R4PCC04U05:240945:241004 [2] NCCL INFO Connected all rings, use ring PXN 0 GDR 0
num decayed parameter tensors: 50, with 124,318,464 parameters
num non-decayed parameter tensors: 98, with 121,344 parameters
using fused AdamW: False
using regular AdamW
MOC-R4PCC04U05:240943:241765 [0] NCCL INFO Channel 00/0 : 0[0] -> 1[1] via P2P/CUMEM
MOC-R4PCC04U05:240943:241765 [0] NCCL INFO Channel 01/0 : 0[0] -> 1[1] via P2P/CUMEM
MOC-R4PCC04U05:240943:241765 [0] NCCL INFO Channel 02/0 : 0[0] -> 1[1] via P2P/CUMEM
MOC-R4PCC04U05:240943:241765 [0] NCCL INFO Channel 03/0 : 0[0] -> 1[1] via P2P/CUMEM
MOC-R4PCC04U05:240944:241766 [1] NCCL INFO Channel 00/0 : 1[1] -> 2[2] via P2P/CUMEM
MOC-R4PCC04U05:240944:241766 [1] NCCL INFO Channel 01/0 : 1[1] -> 2[2] via P2P/CUMEM
MOC-R4PCC04U05:240944:241766 [1] NCCL INFO Channel 02/0 : 1[1] -> 2[2] via P2P/CUMEM
MOC-R4PCC04U05:240944:241766 [1] NCCL INFO Channel 03/0 : 1[1] -> 2[2] via P2P/CUMEM
MOC-R4PCC04U05:240943:241765 [0] NCCL INFO Channel 01/0 : 0[0] -> 3[3] via P2P/CUMEM
MOC-R4PCC04U05:240943:241765 [0] NCCL INFO Channel 03/0 : 0[0] -> 3[3] via P2P/CUMEM
MOC-R4PCC04U05:240945:241767 [2] NCCL INFO Channel 01/0 : 2[2] -> 1[1] via P2P/CUMEM
MOC-R4PCC04U05:240945:241767 [2] NCCL INFO Channel 03/0 : 2[2] -> 1[1] via P2P/CUMEM
MOC-R4PCC04U05:240946:240996 [3] NCCL INFO NET/Socket: Using 8 threads and 8 sockets per thread
MOC-R4PCC04U05:240946:241768 [3] NCCL INFO Channel 00/0 : 7[3] -> 3[3] [receive] via NET/Socket/0
MOC-R4PCC04U05:240946:240996 [3] NCCL INFO NET/Socket: Using 8 threads and 8 sockets per thread
MOC-R4PCC04U05:240946:241768 [3] NCCL INFO Channel 01/0 : 7[3] -> 3[3] [receive] via NET/Socket/0
MOC-R4PCC04U05:240946:240996 [3] NCCL INFO NET/Socket: Using 8 threads and 8 sockets per thread
MOC-R4PCC04U05:240946:241768 [3] NCCL INFO Channel 02/0 : 7[3] -> 3[3] [receive] via NET/Socket/0
MOC-R4PCC04U05:240946:240996 [3] NCCL INFO NET/Socket: Using 8 threads and 8 sockets per thread
MOC-R4PCC04U05:240946:241768 [3] NCCL INFO Channel 03/0 : 7[3] -> 3[3] [receive] via NET/Socket/0
MOC-R4PCC04U05:240946:241768 [3] NCCL INFO Channel 00/0 : 3[3] -> 7[3] [send] via NET/Socket/0
MOC-R4PCC04U05:240946:241768 [3] NCCL INFO Channel 01/0 : 3[3] -> 7[3] [send] via NET/Socket/0
MOC-R4PCC04U05:240946:241768 [3] NCCL INFO Channel 02/0 : 3[3] -> 7[3] [send] via NET/Socket/0
MOC-R4PCC04U05:240946:241768 [3] NCCL INFO Channel 03/0 : 3[3] -> 7[3] [send] via NET/Socket/0
MOC-R4PCC04U05:240946:241768 [3] NCCL INFO Channel 00/0 : 3[3] -> 0[0] via P2P/CUMEM
MOC-R4PCC04U05:240946:241768 [3] NCCL INFO Channel 01/0 : 3[3] -> 0[0] via P2P/CUMEM
MOC-R4PCC04U05:240946:241768 [3] NCCL INFO Channel 02/0 : 3[3] -> 0[0] via P2P/CUMEM
MOC-R4PCC04U05:240946:241768 [3] NCCL INFO Channel 03/0 : 3[3] -> 0[0] via P2P/CUMEM
MOC-R4PCC04U05:240944:241766 [1] NCCL INFO Connected all trees
MOC-R4PCC04U05:240945:241767 [2] NCCL INFO Connected all trees
MOC-R4PCC04U05:240943:241765 [0] NCCL INFO Connected all trees
MOC-R4PCC04U05:240946:241768 [3] NCCL INFO Connected all trees
step    1/10 | train loss 11.010132 | norm 15.4557 | lr 1.00e-04 | (14235.97 ms | 92071 tok/s)
step    2/10 | train loss 10.134739 | norm 5.7680 | lr 1.00e-04 | (433.72 ms | 3022033 tok/s)
step    3/10 | train loss 9.792712 | norm 2.6181 | lr 1.00e-04 | (432.47 ms | 3030761 tok/s)
step    4/10 | train loss 9.622602 | norm 2.1198 | lr 1.00e-04 | (639.55 ms | 2049433 tok/s)
step    5/10 | train loss 9.539338 | norm 2.1126 | lr 1.00e-04 | (433.59 ms | 3022962 tok/s)
step    6/10 | train loss 9.457715 | norm 2.0030 | lr 1.00e-04 | (433.77 ms | 3021725 tok/s)
step    7/10 | train loss 9.371845 | norm 1.9528 | lr 1.00e-04 | (431.50 ms | 3037593 tok/s)
step    8/10 | train loss 9.279837 | norm 1.9192 | lr 1.00e-04 | (432.64 ms | 3029620 tok/s)
step    9/10 | train loss 9.184071 | norm 1.8637 | lr 1.00e-04 | (430.22 ms | 3046596 tok/s)
step   10/10 | train loss 9.097854 | norm 1.7989 | lr 1.00e-04 | (430.67 ms | 3043417 tok/s)
final 9 iters avg: 455.348ms
peak memory consumption: 16601 MiB
MOC-R4PCC04U05:240944:241841 [1] NCCL INFO comm 0x559951d06410 rank 1 nranks 8 cudaDev 1 busId 26000 - Destroy COMPLETE
MOC-R4PCC04U05:240943:241844 [0] NCCL INFO comm 0x55d480042b40 rank 0 nranks 8 cudaDev 0 busId 6000 - Destroy COMPLETE
MOC-R4PCC04U05:240946:241843 [3] NCCL INFO comm 0x556c93ee2860 rank 3 nranks 8 cudaDev 3 busId c6000 - Destroy COMPLETE
MOC-R4PCC04U05:240945:241842 [2] NCCL INFO comm 0x5621c6b92dd0 rank 2 nranks 8 cudaDev 2 busId a6000 - Destroy COMPLETE
