Running pytorch 2.7.0+cu126
using device: cuda:0
total desired batch size: 2097152
=> calculated gradient accumulation steps: 8
using device: cuda:2
using device: cuda:3
using device: cuda:1
compiling the model...
DataLoader: total number of tokens: 1,661,249,667 across 103 files
MOC-R4PCC04U05:243849:243849 [0] NCCL INFO NCCL_SOCKET_IFNAME set by environment to eno7np0
MOC-R4PCC04U05:243849:243849 [0] NCCL INFO Bootstrap: Using eno7np0:192.168.50.193<0>
MOC-R4PCC04U05:243849:243849 [0] NCCL INFO cudaDriverVersion 12040
MOC-R4PCC04U05:243849:243849 [0] NCCL INFO NCCL version 2.26.2+cuda12.2
MOC-R4PCC04U05:243849:243849 [0] NCCL INFO Comm config Blocking set to 1
MOC-R4PCC04U05:243849:243890 [0] NCCL INFO NET/Plugin: Could not find: libnccl-net.so. Using internal net plugin.
MOC-R4PCC04U05:243849:243890 [0] NCCL INFO NCCL_IB_DISABLE set by environment to 1.
MOC-R4PCC04U05:243849:243890 [0] NCCL INFO NCCL_SOCKET_IFNAME set by environment to eno7np0
MOC-R4PCC04U05:243849:243890 [0] NCCL INFO NET/Socket : Using [0]eno7np0:192.168.50.193<0>
MOC-R4PCC04U05:243849:243890 [0] NCCL INFO PROFILER/Plugin: Could not find: libnccl-profiler.so. 
MOC-R4PCC04U05:243849:243890 [0] NCCL INFO Using network Socket
MOC-R4PCC04U05:243851:243851 [2] NCCL INFO cudaDriverVersion 12040
MOC-R4PCC04U05:243851:243851 [2] NCCL INFO NCCL_SOCKET_IFNAME set by environment to eno7np0
MOC-R4PCC04U05:243851:243851 [2] NCCL INFO Bootstrap: Using eno7np0:192.168.50.193<0>
MOC-R4PCC04U05:243851:243851 [2] NCCL INFO NCCL version 2.26.2+cuda12.2
MOC-R4PCC04U05:243851:243851 [2] NCCL INFO Comm config Blocking set to 1
MOC-R4PCC04U05:243849:243890 [0] NCCL INFO ncclCommInitRankConfig comm 0x561f429de110 rank 0 nranks 8 cudaDev 0 nvmlDev 0 busId 6000 commId 0x6378ce4cee8045ce - Init START
MOC-R4PCC04U05:243852:243852 [3] NCCL INFO cudaDriverVersion 12040
MOC-R4PCC04U05:243852:243852 [3] NCCL INFO NCCL_SOCKET_IFNAME set by environment to eno7np0
MOC-R4PCC04U05:243850:243850 [1] NCCL INFO cudaDriverVersion 12040
MOC-R4PCC04U05:243850:243850 [1] NCCL INFO NCCL_SOCKET_IFNAME set by environment to eno7np0
MOC-R4PCC04U05:243852:243852 [3] NCCL INFO Bootstrap: Using eno7np0:192.168.50.193<0>
MOC-R4PCC04U05:243852:243852 [3] NCCL INFO NCCL version 2.26.2+cuda12.2
MOC-R4PCC04U05:243850:243850 [1] NCCL INFO Bootstrap: Using eno7np0:192.168.50.193<0>
MOC-R4PCC04U05:243850:243850 [1] NCCL INFO NCCL version 2.26.2+cuda12.2
MOC-R4PCC04U05:243852:243852 [3] NCCL INFO Comm config Blocking set to 1
MOC-R4PCC04U05:243850:243850 [1] NCCL INFO Comm config Blocking set to 1
MOC-R4PCC04U05:243851:243891 [2] NCCL INFO NET/Plugin: Could not find: libnccl-net.so. Using internal net plugin.
MOC-R4PCC04U05:243851:243891 [2] NCCL INFO NCCL_IB_DISABLE set by environment to 1.
MOC-R4PCC04U05:243851:243891 [2] NCCL INFO NCCL_SOCKET_IFNAME set by environment to eno7np0
MOC-R4PCC04U05:243851:243891 [2] NCCL INFO NET/Socket : Using [0]eno7np0:192.168.50.193<0>
MOC-R4PCC04U05:243851:243891 [2] NCCL INFO PROFILER/Plugin: Could not find: libnccl-profiler.so. 
MOC-R4PCC04U05:243851:243891 [2] NCCL INFO Using network Socket
MOC-R4PCC04U05:243852:243892 [3] NCCL INFO NET/Plugin: Could not find: libnccl-net.so. Using internal net plugin.
MOC-R4PCC04U05:243852:243892 [3] NCCL INFO NCCL_IB_DISABLE set by environment to 1.
MOC-R4PCC04U05:243852:243892 [3] NCCL INFO NCCL_SOCKET_IFNAME set by environment to eno7np0
MOC-R4PCC04U05:243852:243892 [3] NCCL INFO NET/Socket : Using [0]eno7np0:192.168.50.193<0>
MOC-R4PCC04U05:243852:243892 [3] NCCL INFO PROFILER/Plugin: Could not find: libnccl-profiler.so. 
MOC-R4PCC04U05:243852:243892 [3] NCCL INFO Using network Socket
MOC-R4PCC04U05:243850:243893 [1] NCCL INFO NET/Plugin: Could not find: libnccl-net.so. Using internal net plugin.
MOC-R4PCC04U05:243850:243893 [1] NCCL INFO NCCL_IB_DISABLE set by environment to 1.
MOC-R4PCC04U05:243850:243893 [1] NCCL INFO NCCL_SOCKET_IFNAME set by environment to eno7np0
MOC-R4PCC04U05:243850:243893 [1] NCCL INFO NET/Socket : Using [0]eno7np0:192.168.50.193<0>
MOC-R4PCC04U05:243850:243893 [1] NCCL INFO PROFILER/Plugin: Could not find: libnccl-profiler.so. 
MOC-R4PCC04U05:243850:243893 [1] NCCL INFO Using network Socket
MOC-R4PCC04U05:243851:243891 [2] NCCL INFO ncclCommInitRankConfig comm 0x56436a89cad0 rank 2 nranks 8 cudaDev 2 nvmlDev 2 busId a6000 commId 0x6378ce4cee8045ce - Init START
MOC-R4PCC04U05:243852:243892 [3] NCCL INFO ncclCommInitRankConfig comm 0x55d2c1c34a30 rank 3 nranks 8 cudaDev 3 nvmlDev 3 busId c6000 commId 0x6378ce4cee8045ce - Init START
MOC-R4PCC04U05:243852:243892 [3] NCCL INFO RAS client listening socket at ::1<28028>
MOC-R4PCC04U05:243850:243893 [1] NCCL INFO ncclCommInitRankConfig comm 0x55e26957a7d0 rank 1 nranks 8 cudaDev 1 nvmlDev 1 busId 26000 commId 0x6378ce4cee8045ce - Init START
MOC-R4PCC04U05:243851:243891 [2] NCCL INFO RAS client listening socket at ::1<28028>
MOC-R4PCC04U05:243850:243893 [1] NCCL INFO RAS client listening socket at ::1<28028>
MOC-R4PCC04U05:243849:243890 [0] NCCL INFO RAS client listening socket at ::1<28028>
MOC-R4PCC04U05:243849:243890 [0] NCCL INFO Bootstrap timings total 2.003191 (create 0.000137, send 0.000492, recv 2.000548, ring 0.000537, delay 0.000001)
MOC-R4PCC04U05:243850:243893 [1] NCCL INFO Bootstrap timings total 0.003365 (create 0.000143, send 0.000276, recv 0.000555, ring 0.000614, delay 0.000001)
MOC-R4PCC04U05:243851:243891 [2] NCCL INFO Bootstrap timings total 0.211731 (create 0.000223, send 0.000318, recv 0.150011, ring 0.000881, delay 0.000001)
MOC-R4PCC04U05:243852:243892 [3] NCCL INFO Bootstrap timings total 0.062233 (create 0.000153, send 0.000320, recv 0.000562, ring 0.059797, delay 0.000001)
MOC-R4PCC04U05:243849:243890 [0] NCCL INFO Setting affinity for GPU 0 to ffffffff,ffffffff,ffffffff,ffffffff,00000000,00000000,00000000,00000000,ffffffff,ffffffff,ffffffff,ffffffff
MOC-R4PCC04U05:243849:243890 [0] NCCL INFO NVLS multicast support is not available on dev 0
MOC-R4PCC04U05:243850:243893 [1] NCCL INFO Setting affinity for GPU 1 to ffffffff,ffffffff,ffffffff,ffffffff,00000000,00000000,00000000,00000000,ffffffff,ffffffff,ffffffff,ffffffff
MOC-R4PCC04U05:243851:243891 [2] NCCL INFO Setting affinity for GPU 2 to ffffffff,ffffffff,ffffffff,ffffffff,00000000,00000000,00000000,00000000,ffffffff,ffffffff,ffffffff,ffffffff,00000000,00000000,00000000,00000000
MOC-R4PCC04U05:243851:243891 [2] NCCL INFO NVLS multicast support is not available on dev 2
MOC-R4PCC04U05:243852:243892 [3] NCCL INFO Setting affinity for GPU 3 to ffffffff,ffffffff,ffffffff,ffffffff,00000000,00000000,00000000,00000000,ffffffff,ffffffff,ffffffff,ffffffff,00000000,00000000,00000000,00000000
MOC-R4PCC04U05:243852:243892 [3] NCCL INFO NVLS multicast support is not available on dev 3
MOC-R4PCC04U05:243850:243893 [1] NCCL INFO NVLS multicast support is not available on dev 1
MOC-R4PCC04U05:243852:243892 [3] NCCL INFO comm 0x55d2c1c34a30 rank 3 nRanks 8 nNodes 2 localRanks 4 localRank 3 MNNVL 0
MOC-R4PCC04U05:243851:243891 [2] NCCL INFO comm 0x56436a89cad0 rank 2 nRanks 8 nNodes 2 localRanks 4 localRank 2 MNNVL 0
MOC-R4PCC04U05:243850:243893 [1] NCCL INFO comm 0x55e26957a7d0 rank 1 nRanks 8 nNodes 2 localRanks 4 localRank 1 MNNVL 0
MOC-R4PCC04U05:243852:243892 [3] NCCL INFO Trees [0] 0/7/-1->3->-1 [1] 0/7/-1->3->-1 [2] 0/-1/-1->3->7 [3] 0/-1/-1->3->7
MOC-R4PCC04U05:243849:243890 [0] NCCL INFO comm 0x561f429de110 rank 0 nRanks 8 nNodes 2 localRanks 4 localRank 0 MNNVL 0
MOC-R4PCC04U05:243851:243891 [2] NCCL INFO Trees [0] -1/-1/-1->2->1 [1] -1/-1/-1->2->1 [2] -1/-1/-1->2->1 [3] -1/-1/-1->2->1
MOC-R4PCC04U05:243852:243892 [3] NCCL INFO P2P Chunksize set to 131072
MOC-R4PCC04U05:243851:243891 [2] NCCL INFO P2P Chunksize set to 131072
MOC-R4PCC04U05:243850:243893 [1] NCCL INFO Trees [0] 2/-1/-1->1->0 [1] 2/-1/-1->1->0 [2] 2/-1/-1->1->0 [3] 2/-1/-1->1->0
MOC-R4PCC04U05:243850:243893 [1] NCCL INFO P2P Chunksize set to 131072
MOC-R4PCC04U05:243849:243890 [0] NCCL INFO Channel 00/04 : 0 3 6 5 4 7 2 1
MOC-R4PCC04U05:243849:243890 [0] NCCL INFO Channel 01/04 : 0 2 7 5 4 6 3 1
MOC-R4PCC04U05:243849:243890 [0] NCCL INFO Channel 02/04 : 0 3 6 5 4 7 2 1
MOC-R4PCC04U05:243849:243890 [0] NCCL INFO Channel 03/04 : 0 2 7 5 4 6 3 1
MOC-R4PCC04U05:243849:243890 [0] NCCL INFO Trees [0] 1/-1/-1->0->3 [1] 1/-1/-1->0->3 [2] 1/-1/-1->0->3 [3] 1/-1/-1->0->3
MOC-R4PCC04U05:243849:243890 [0] NCCL INFO P2P Chunksize set to 131072
MOC-R4PCC04U05:243849:243890 [0] NCCL INFO Check P2P Type intraNodeP2pSupport 1 directMode 0
MOC-R4PCC04U05:243852:243900 [3] NCCL INFO [Proxy Service] Device 3 CPU core 167
MOC-R4PCC04U05:243852:243901 [3] NCCL INFO [Proxy Service UDS] Device 3 CPU core 175
MOC-R4PCC04U05:243851:243899 [2] NCCL INFO [Proxy Service] Device 2 CPU core 167
MOC-R4PCC04U05:243849:243902 [0] NCCL INFO [Proxy Service] Device 0 CPU core 14
MOC-R4PCC04U05:243850:243904 [1] NCCL INFO [Proxy Service] Device 1 CPU core 282
MOC-R4PCC04U05:243849:243903 [0] NCCL INFO [Proxy Service UDS] Device 0 CPU core 278
MOC-R4PCC04U05:243850:243906 [1] NCCL INFO [Proxy Service UDS] Device 1 CPU core 295
MOC-R4PCC04U05:243851:243905 [2] NCCL INFO [Proxy Service UDS] Device 2 CPU core 442
MOC-R4PCC04U05:243851:243891 [2] NCCL INFO threadThresholds 8/8/64 | 64/8/64 | 512 | 512
MOC-R4PCC04U05:243851:243891 [2] NCCL INFO 4 coll channels, 4 collnet channels, 0 nvls channels, 4 p2p channels, 2 p2p channels per peer
MOC-R4PCC04U05:243852:243892 [3] NCCL INFO threadThresholds 8/8/64 | 64/8/64 | 512 | 512
MOC-R4PCC04U05:243852:243892 [3] NCCL INFO 4 coll channels, 4 collnet channels, 0 nvls channels, 4 p2p channels, 2 p2p channels per peer
MOC-R4PCC04U05:243850:243893 [1] NCCL INFO threadThresholds 8/8/64 | 64/8/64 | 512 | 512
MOC-R4PCC04U05:243850:243893 [1] NCCL INFO 4 coll channels, 4 collnet channels, 0 nvls channels, 4 p2p channels, 2 p2p channels per peer
MOC-R4PCC04U05:243849:243890 [0] NCCL INFO threadThresholds 8/8/64 | 64/8/64 | 512 | 512
MOC-R4PCC04U05:243849:243890 [0] NCCL INFO 4 coll channels, 4 collnet channels, 0 nvls channels, 4 p2p channels, 2 p2p channels per peer
MOC-R4PCC04U05:243849:243890 [0] NCCL INFO CC Off, workFifoBytes 1048576
MOC-R4PCC04U05:243852:243892 [3] NCCL INFO TUNER/Plugin: Could not find: libnccl-tuner.so. Using internal tuner plugin.
MOC-R4PCC04U05:243852:243892 [3] NCCL INFO ncclCommInitRankConfig comm 0x55d2c1c34a30 rank 3 nranks 8 cudaDev 3 nvmlDev 3 busId c6000 commId 0x6378ce4cee8045ce - Init COMPLETE
MOC-R4PCC04U05:243852:243892 [3] NCCL INFO Init timings - ncclCommInitRankConfig: rank 3 nranks 8 total 2.86 (kernels 0.33, alloc 1.61, bootstrap 0.06, allgathers 0.03, topo 0.71, graphs 0.00, connections 0.11, rest 0.01)
MOC-R4PCC04U05:243851:243891 [2] NCCL INFO TUNER/Plugin: Could not find: libnccl-tuner.so. Using internal tuner plugin.
MOC-R4PCC04U05:243851:243891 [2] NCCL INFO ncclCommInitRankConfig comm 0x56436a89cad0 rank 2 nranks 8 cudaDev 2 nvmlDev 2 busId a6000 commId 0x6378ce4cee8045ce - Init COMPLETE
MOC-R4PCC04U05:243851:243891 [2] NCCL INFO Init timings - ncclCommInitRankConfig: rank 2 nranks 8 total 2.87 (kernels 0.31, alloc 1.48, bootstrap 0.21, allgathers 0.03, topo 0.71, graphs 0.00, connections 0.11, rest 0.01)
MOC-R4PCC04U05:243850:243893 [1] NCCL INFO TUNER/Plugin: Could not find: libnccl-tuner.so. Using internal tuner plugin.
MOC-R4PCC04U05:243850:243893 [1] NCCL INFO ncclCommInitRankConfig comm 0x55e26957a7d0 rank 1 nranks 8 cudaDev 1 nvmlDev 1 busId 26000 commId 0x6378ce4cee8045ce - Init COMPLETE
MOC-R4PCC04U05:243850:243893 [1] NCCL INFO Init timings - ncclCommInitRankConfig: rank 1 nranks 8 total 2.86 (kernels 0.65, alloc 1.34, bootstrap 0.00, allgathers 0.02, topo 0.71, graphs 0.02, connections 0.12, rest 0.01)
MOC-R4PCC04U05:243849:243890 [0] NCCL INFO TUNER/Plugin: Could not find: libnccl-tuner.so. Using internal tuner plugin.
MOC-R4PCC04U05:243849:243890 [0] NCCL INFO ncclCommInitRankConfig comm 0x561f429de110 rank 0 nranks 8 cudaDev 0 nvmlDev 0 busId 6000 commId 0x6378ce4cee8045ce - Init COMPLETE
MOC-R4PCC04U05:243849:243890 [0] NCCL INFO Init timings - ncclCommInitRankConfig: rank 0 nranks 8 total 3.77 (kernels 0.31, alloc 0.59, bootstrap 2.00, allgathers 0.03, topo 0.71, graphs 0.01, connections 0.12, rest 0.00)
MOC-R4PCC04U05:243849:243910 [0] NCCL INFO Channel 01/0 : 0[0] -> 2[2] via P2P/CUMEM
MOC-R4PCC04U05:243849:243910 [0] NCCL INFO Channel 03/0 : 0[0] -> 2[2] via P2P/CUMEM
MOC-R4PCC04U05:243849:243910 [0] NCCL INFO Channel 00/0 : 0[0] -> 3[3] via P2P/CUMEM
MOC-R4PCC04U05:243849:243910 [0] NCCL INFO Channel 02/0 : 0[0] -> 3[3] via P2P/CUMEM
MOC-R4PCC04U05:243851:243914 [2] NCCL INFO [Proxy Progress] Device 2 CPU core 503
MOC-R4PCC04U05:243851:243899 [2] NCCL INFO NCCL_NSOCKS_PERTHREAD set by environment to 8.
MOC-R4PCC04U05:243851:243899 [2] NCCL INFO NCCL_SOCKET_NTHREADS set by environment to 8.
MOC-R4PCC04U05:243851:243899 [2] NCCL INFO NET/Socket: Using 8 threads and 8 sockets per thread
MOC-R4PCC04U05:243851:243911 [2] NCCL INFO Channel 00/0 : 7[3] -> 2[2] [receive] via NET/Socket/0
MOC-R4PCC04U05:243851:243899 [2] NCCL INFO NET/Socket: Using 8 threads and 8 sockets per thread
MOC-R4PCC04U05:243851:243911 [2] NCCL INFO Channel 02/0 : 7[3] -> 2[2] [receive] via NET/Socket/0
MOC-R4PCC04U05:243852:243915 [3] NCCL INFO [Proxy Progress] Device 3 CPU core 253
MOC-R4PCC04U05:243852:243913 [3] NCCL INFO Channel 00/0 : 3[3] -> 6[2] [send] via NET/Socket/0
MOC-R4PCC04U05:243852:243913 [3] NCCL INFO Channel 02/0 : 3[3] -> 6[2] [send] via NET/Socket/0
MOC-R4PCC04U05:243852:243900 [3] NCCL INFO NCCL_NSOCKS_PERTHREAD set by environment to 8.
MOC-R4PCC04U05:243852:243900 [3] NCCL INFO NCCL_SOCKET_NTHREADS set by environment to 8.
MOC-R4PCC04U05:243852:243900 [3] NCCL INFO NET/Socket: Using 8 threads and 8 sockets per thread
MOC-R4PCC04U05:243852:243913 [3] NCCL INFO Channel 01/0 : 6[2] -> 3[3] [receive] via NET/Socket/0
MOC-R4PCC04U05:243852:243900 [3] NCCL INFO NET/Socket: Using 8 threads and 8 sockets per thread
MOC-R4PCC04U05:243852:243913 [3] NCCL INFO Channel 03/0 : 6[2] -> 3[3] [receive] via NET/Socket/0
MOC-R4PCC04U05:243852:243913 [3] NCCL INFO Channel 01/0 : 3[3] -> 1[1] via P2P/CUMEM
MOC-R4PCC04U05:243851:243911 [2] NCCL INFO Channel 01/0 : 2[2] -> 7[3] [send] via NET/Socket/0
MOC-R4PCC04U05:243851:243911 [2] NCCL INFO Channel 03/0 : 2[2] -> 7[3] [send] via NET/Socket/0
MOC-R4PCC04U05:243851:243911 [2] NCCL INFO Channel 00/0 : 2[2] -> 1[1] via P2P/CUMEM
MOC-R4PCC04U05:243852:243913 [3] NCCL INFO Channel 03/0 : 3[3] -> 1[1] via P2P/CUMEM
MOC-R4PCC04U05:243851:243911 [2] NCCL INFO Channel 02/0 : 2[2] -> 1[1] via P2P/CUMEM
MOC-R4PCC04U05:243850:243909 [1] NCCL INFO Channel 00/0 : 1[1] -> 0[0] via P2P/CUMEM
MOC-R4PCC04U05:243850:243909 [1] NCCL INFO Channel 01/0 : 1[1] -> 0[0] via P2P/CUMEM
MOC-R4PCC04U05:243850:243909 [1] NCCL INFO Channel 02/0 : 1[1] -> 0[0] via P2P/CUMEM
MOC-R4PCC04U05:243850:243909 [1] NCCL INFO Channel 03/0 : 1[1] -> 0[0] via P2P/CUMEM
MOC-R4PCC04U05:243849:243910 [0] NCCL INFO Connected all rings, use ring PXN 0 GDR 0
MOC-R4PCC04U05:243850:243909 [1] NCCL INFO Connected all rings, use ring PXN 0 GDR 0
MOC-R4PCC04U05:243852:243913 [3] NCCL INFO Connected all rings, use ring PXN 0 GDR 0
MOC-R4PCC04U05:243851:243911 [2] NCCL INFO Connected all rings, use ring PXN 0 GDR 0
num decayed parameter tensors: 50, with 124,318,464 parameters
num non-decayed parameter tensors: 98, with 121,344 parameters
using fused AdamW: False
using regular AdamW
MOC-R4PCC04U05:243849:244673 [0] NCCL INFO Channel 00/0 : 0[0] -> 1[1] via P2P/CUMEM
MOC-R4PCC04U05:243849:244673 [0] NCCL INFO Channel 01/0 : 0[0] -> 1[1] via P2P/CUMEM
MOC-R4PCC04U05:243849:244673 [0] NCCL INFO Channel 02/0 : 0[0] -> 1[1] via P2P/CUMEM
MOC-R4PCC04U05:243849:244673 [0] NCCL INFO Channel 03/0 : 0[0] -> 1[1] via P2P/CUMEM
MOC-R4PCC04U05:243850:244674 [1] NCCL INFO Channel 00/0 : 1[1] -> 2[2] via P2P/CUMEM
MOC-R4PCC04U05:243850:244674 [1] NCCL INFO Channel 01/0 : 1[1] -> 2[2] via P2P/CUMEM
MOC-R4PCC04U05:243850:244674 [1] NCCL INFO Channel 02/0 : 1[1] -> 2[2] via P2P/CUMEM
MOC-R4PCC04U05:243850:244674 [1] NCCL INFO Channel 03/0 : 1[1] -> 2[2] via P2P/CUMEM
MOC-R4PCC04U05:243849:244673 [0] NCCL INFO Channel 01/0 : 0[0] -> 3[3] via P2P/CUMEM
MOC-R4PCC04U05:243851:244671 [2] NCCL INFO Channel 01/0 : 2[2] -> 1[1] via P2P/CUMEM
MOC-R4PCC04U05:243849:244673 [0] NCCL INFO Channel 03/0 : 0[0] -> 3[3] via P2P/CUMEM
MOC-R4PCC04U05:243851:244671 [2] NCCL INFO Channel 03/0 : 2[2] -> 1[1] via P2P/CUMEM
MOC-R4PCC04U05:243852:243900 [3] NCCL INFO NET/Socket: Using 8 threads and 8 sockets per thread
MOC-R4PCC04U05:243852:244672 [3] NCCL INFO Channel 00/0 : 7[3] -> 3[3] [receive] via NET/Socket/0
MOC-R4PCC04U05:243852:243900 [3] NCCL INFO NET/Socket: Using 8 threads and 8 sockets per thread
MOC-R4PCC04U05:243852:244672 [3] NCCL INFO Channel 01/0 : 7[3] -> 3[3] [receive] via NET/Socket/0
MOC-R4PCC04U05:243852:243900 [3] NCCL INFO NET/Socket: Using 8 threads and 8 sockets per thread
MOC-R4PCC04U05:243852:244672 [3] NCCL INFO Channel 02/0 : 7[3] -> 3[3] [receive] via NET/Socket/0
MOC-R4PCC04U05:243852:243900 [3] NCCL INFO NET/Socket: Using 8 threads and 8 sockets per thread
MOC-R4PCC04U05:243852:244672 [3] NCCL INFO Channel 03/0 : 7[3] -> 3[3] [receive] via NET/Socket/0
MOC-R4PCC04U05:243852:244672 [3] NCCL INFO Channel 00/0 : 3[3] -> 7[3] [send] via NET/Socket/0
MOC-R4PCC04U05:243852:244672 [3] NCCL INFO Channel 01/0 : 3[3] -> 7[3] [send] via NET/Socket/0
MOC-R4PCC04U05:243852:244672 [3] NCCL INFO Channel 02/0 : 3[3] -> 7[3] [send] via NET/Socket/0
MOC-R4PCC04U05:243852:244672 [3] NCCL INFO Channel 03/0 : 3[3] -> 7[3] [send] via NET/Socket/0
MOC-R4PCC04U05:243852:244672 [3] NCCL INFO Channel 00/0 : 3[3] -> 0[0] via P2P/CUMEM
MOC-R4PCC04U05:243852:244672 [3] NCCL INFO Channel 01/0 : 3[3] -> 0[0] via P2P/CUMEM
MOC-R4PCC04U05:243852:244672 [3] NCCL INFO Channel 02/0 : 3[3] -> 0[0] via P2P/CUMEM
MOC-R4PCC04U05:243852:244672 [3] NCCL INFO Channel 03/0 : 3[3] -> 0[0] via P2P/CUMEM
MOC-R4PCC04U05:243850:244674 [1] NCCL INFO Connected all trees
MOC-R4PCC04U05:243851:244671 [2] NCCL INFO Connected all trees
MOC-R4PCC04U05:243849:244673 [0] NCCL INFO Connected all trees
MOC-R4PCC04U05:243852:244672 [3] NCCL INFO Connected all trees
step    1/10 | train loss 11.009807 | norm 15.3616 | lr 1.00e-04 | (14847.40 ms | 141247 tok/s)
step    2/10 | train loss 10.138540 | norm 5.7423 | lr 1.00e-04 | (663.82 ms | 3159234 tok/s)
step    3/10 | train loss 9.797913 | norm 2.6066 | lr 1.00e-04 | (655.21 ms | 3200742 tok/s)
step    4/10 | train loss 9.628578 | norm 2.1113 | lr 1.00e-04 | (654.79 ms | 3202806 tok/s)
step    5/10 | train loss 9.545599 | norm 2.1044 | lr 1.00e-04 | (655.77 ms | 3197993 tok/s)
step    6/10 | train loss 9.464414 | norm 1.9969 | lr 1.00e-04 | (653.41 ms | 3209568 tok/s)
step    7/10 | train loss 9.378776 | norm 1.9478 | lr 1.00e-04 | (651.62 ms | 3218388 tok/s)
step    8/10 | train loss 9.286815 | norm 1.9138 | lr 1.00e-04 | (653.08 ms | 3211149 tok/s)
step    9/10 | train loss 9.191320 | norm 1.8554 | lr 1.00e-04 | (654.93 ms | 3202117 tok/s)
step   10/10 | train loss 9.107037 | norm 1.7972 | lr 1.00e-04 | (654.89 ms | 3202320 tok/s)
final 9 iters avg: 655.278ms
peak memory consumption: 16601 MiB
MOC-R4PCC04U05:243850:244762 [1] NCCL INFO comm 0x55e26957a7d0 rank 1 nranks 8 cudaDev 1 busId 26000 - Destroy COMPLETE
MOC-R4PCC04U05:243851:244760 [2] NCCL INFO comm 0x56436a89cad0 rank 2 nranks 8 cudaDev 2 busId a6000 - Destroy COMPLETE
MOC-R4PCC04U05:243849:244761 [0] NCCL INFO comm 0x561f429de110 rank 0 nranks 8 cudaDev 0 busId 6000 - Destroy COMPLETE
MOC-R4PCC04U05:243852:244759 [3] NCCL INFO comm 0x55d2c1c34a30 rank 3 nranks 8 cudaDev 3 busId c6000 - Destroy COMPLETE
