Running pytorch 2.7.0+cu126
using device: cuda:0
total desired batch size: 2621440
=> calculated gradient accumulation steps: 10
using device: cuda:1
using device: cuda:3
using device: cuda:2
compiling the model...
DataLoader: total number of tokens: 1,661,249,667 across 103 files
MOC-R4PCC04U05:245960:245960 [0] NCCL INFO NCCL_SOCKET_IFNAME set by environment to eno7np0
MOC-R4PCC04U05:245960:245960 [0] NCCL INFO Bootstrap: Using eno7np0:192.168.50.193<0>
MOC-R4PCC04U05:245960:245960 [0] NCCL INFO cudaDriverVersion 12040
MOC-R4PCC04U05:245960:245960 [0] NCCL INFO NCCL version 2.26.2+cuda12.2
MOC-R4PCC04U05:245960:245960 [0] NCCL INFO Comm config Blocking set to 1
MOC-R4PCC04U05:245960:246002 [0] NCCL INFO NET/Plugin: Could not find: libnccl-net.so. Using internal net plugin.
MOC-R4PCC04U05:245960:246002 [0] NCCL INFO NCCL_IB_DISABLE set by environment to 1.
MOC-R4PCC04U05:245960:246002 [0] NCCL INFO NCCL_SOCKET_IFNAME set by environment to eno7np0
MOC-R4PCC04U05:245960:246002 [0] NCCL INFO NET/Socket : Using [0]eno7np0:192.168.50.193<0>
MOC-R4PCC04U05:245960:246002 [0] NCCL INFO PROFILER/Plugin: Could not find: libnccl-profiler.so. 
MOC-R4PCC04U05:245960:246002 [0] NCCL INFO Using network Socket
MOC-R4PCC04U05:245960:246002 [0] NCCL INFO ncclCommInitRankConfig comm 0x55cb6b761850 rank 0 nranks 8 cudaDev 0 nvmlDev 0 busId 6000 commId 0xdccea3a351fa36de - Init START
MOC-R4PCC04U05:245961:245961 [1] NCCL INFO cudaDriverVersion 12040
MOC-R4PCC04U05:245961:245961 [1] NCCL INFO NCCL_SOCKET_IFNAME set by environment to eno7np0
MOC-R4PCC04U05:245963:245963 [3] NCCL INFO cudaDriverVersion 12040
MOC-R4PCC04U05:245963:245963 [3] NCCL INFO NCCL_SOCKET_IFNAME set by environment to eno7np0
MOC-R4PCC04U05:245962:245962 [2] NCCL INFO cudaDriverVersion 12040
MOC-R4PCC04U05:245962:245962 [2] NCCL INFO NCCL_SOCKET_IFNAME set by environment to eno7np0
MOC-R4PCC04U05:245961:245961 [1] NCCL INFO Bootstrap: Using eno7np0:192.168.50.193<0>
MOC-R4PCC04U05:245961:245961 [1] NCCL INFO NCCL version 2.26.2+cuda12.2
MOC-R4PCC04U05:245963:245963 [3] NCCL INFO Bootstrap: Using eno7np0:192.168.50.193<0>
MOC-R4PCC04U05:245963:245963 [3] NCCL INFO NCCL version 2.26.2+cuda12.2
MOC-R4PCC04U05:245962:245962 [2] NCCL INFO Bootstrap: Using eno7np0:192.168.50.193<0>
MOC-R4PCC04U05:245962:245962 [2] NCCL INFO NCCL version 2.26.2+cuda12.2
MOC-R4PCC04U05:245962:245962 [2] NCCL INFO Comm config Blocking set to 1
MOC-R4PCC04U05:245961:245961 [1] NCCL INFO Comm config Blocking set to 1
MOC-R4PCC04U05:245963:245963 [3] NCCL INFO Comm config Blocking set to 1
MOC-R4PCC04U05:245961:246005 [1] NCCL INFO NET/Plugin: Could not find: libnccl-net.so. Using internal net plugin.
MOC-R4PCC04U05:245961:246005 [1] NCCL INFO NCCL_IB_DISABLE set by environment to 1.
MOC-R4PCC04U05:245961:246005 [1] NCCL INFO NCCL_SOCKET_IFNAME set by environment to eno7np0
MOC-R4PCC04U05:245961:246005 [1] NCCL INFO NET/Socket : Using [0]eno7np0:192.168.50.193<0>
MOC-R4PCC04U05:245961:246005 [1] NCCL INFO PROFILER/Plugin: Could not find: libnccl-profiler.so. 
MOC-R4PCC04U05:245961:246005 [1] NCCL INFO Using network Socket
MOC-R4PCC04U05:245963:246004 [3] NCCL INFO NET/Plugin: Could not find: libnccl-net.so. Using internal net plugin.
MOC-R4PCC04U05:245963:246004 [3] NCCL INFO NCCL_IB_DISABLE set by environment to 1.
MOC-R4PCC04U05:245963:246004 [3] NCCL INFO NCCL_SOCKET_IFNAME set by environment to eno7np0
MOC-R4PCC04U05:245962:246003 [2] NCCL INFO NET/Plugin: Could not find: libnccl-net.so. Using internal net plugin.
MOC-R4PCC04U05:245962:246003 [2] NCCL INFO NCCL_IB_DISABLE set by environment to 1.
MOC-R4PCC04U05:245962:246003 [2] NCCL INFO NCCL_SOCKET_IFNAME set by environment to eno7np0
MOC-R4PCC04U05:245963:246004 [3] NCCL INFO NET/Socket : Using [0]eno7np0:192.168.50.193<0>
MOC-R4PCC04U05:245962:246003 [2] NCCL INFO NET/Socket : Using [0]eno7np0:192.168.50.193<0>
MOC-R4PCC04U05:245963:246004 [3] NCCL INFO PROFILER/Plugin: Could not find: libnccl-profiler.so. 
MOC-R4PCC04U05:245963:246004 [3] NCCL INFO Using network Socket
MOC-R4PCC04U05:245962:246003 [2] NCCL INFO PROFILER/Plugin: Could not find: libnccl-profiler.so. 
MOC-R4PCC04U05:245962:246003 [2] NCCL INFO Using network Socket
MOC-R4PCC04U05:245961:246005 [1] NCCL INFO ncclCommInitRankConfig comm 0x55cce1479dc0 rank 1 nranks 8 cudaDev 1 nvmlDev 1 busId 26000 commId 0xdccea3a351fa36de - Init START
MOC-R4PCC04U05:245962:246003 [2] NCCL INFO ncclCommInitRankConfig comm 0x55669b4f9740 rank 2 nranks 8 cudaDev 2 nvmlDev 2 busId a6000 commId 0xdccea3a351fa36de - Init START
MOC-R4PCC04U05:245963:246004 [3] NCCL INFO ncclCommInitRankConfig comm 0x558b03736cd0 rank 3 nranks 8 cudaDev 3 nvmlDev 3 busId c6000 commId 0xdccea3a351fa36de - Init START
MOC-R4PCC04U05:245962:246003 [2] NCCL INFO RAS client listening socket at ::1<28028>
MOC-R4PCC04U05:245961:246005 [1] NCCL INFO RAS client listening socket at ::1<28028>
MOC-R4PCC04U05:245963:246004 [3] NCCL INFO RAS client listening socket at ::1<28028>
MOC-R4PCC04U05:245960:246002 [0] NCCL INFO RAS client listening socket at ::1<28028>
MOC-R4PCC04U05:245962:246003 [2] NCCL INFO Bootstrap timings total 0.016402 (create 0.000167, send 0.000334, recv 0.000593, ring 0.013002, delay 0.000000)
MOC-R4PCC04U05:245960:246002 [0] NCCL INFO Bootstrap timings total 2.025132 (create 0.000145, send 0.000480, recv 1.622514, ring 0.000493, delay 0.000000)
MOC-R4PCC04U05:245961:246005 [1] NCCL INFO Bootstrap timings total 0.404302 (create 0.000153, send 0.000330, recv 0.388457, ring 0.012885, delay 0.000001)
MOC-R4PCC04U05:245963:246004 [3] NCCL INFO Bootstrap timings total 0.016213 (create 0.000150, send 0.000328, recv 0.000790, ring 0.012519, delay 0.000001)
MOC-R4PCC04U05:245960:246002 [0] NCCL INFO Setting affinity for GPU 0 to ffffffff,ffffffff,ffffffff,ffffffff,00000000,00000000,00000000,00000000,ffffffff,ffffffff,ffffffff,ffffffff
MOC-R4PCC04U05:245961:246005 [1] NCCL INFO Setting affinity for GPU 1 to ffffffff,ffffffff,ffffffff,ffffffff,00000000,00000000,00000000,00000000,ffffffff,ffffffff,ffffffff,ffffffff
MOC-R4PCC04U05:245960:246002 [0] NCCL INFO NVLS multicast support is not available on dev 0
MOC-R4PCC04U05:245961:246005 [1] NCCL INFO NVLS multicast support is not available on dev 1
MOC-R4PCC04U05:245963:246004 [3] NCCL INFO Setting affinity for GPU 3 to ffffffff,ffffffff,ffffffff,ffffffff,00000000,00000000,00000000,00000000,ffffffff,ffffffff,ffffffff,ffffffff,00000000,00000000,00000000,00000000
MOC-R4PCC04U05:245963:246004 [3] NCCL INFO NVLS multicast support is not available on dev 3
MOC-R4PCC04U05:245962:246003 [2] NCCL INFO Setting affinity for GPU 2 to ffffffff,ffffffff,ffffffff,ffffffff,00000000,00000000,00000000,00000000,ffffffff,ffffffff,ffffffff,ffffffff,00000000,00000000,00000000,00000000
MOC-R4PCC04U05:245962:246003 [2] NCCL INFO NVLS multicast support is not available on dev 2
MOC-R4PCC04U05:245963:246004 [3] NCCL INFO comm 0x558b03736cd0 rank 3 nRanks 8 nNodes 2 localRanks 4 localRank 3 MNNVL 0
MOC-R4PCC04U05:245962:246003 [2] NCCL INFO comm 0x55669b4f9740 rank 2 nRanks 8 nNodes 2 localRanks 4 localRank 2 MNNVL 0
MOC-R4PCC04U05:245961:246005 [1] NCCL INFO comm 0x55cce1479dc0 rank 1 nRanks 8 nNodes 2 localRanks 4 localRank 1 MNNVL 0
MOC-R4PCC04U05:245963:246004 [3] NCCL INFO Trees [0] 0/7/-1->3->-1 [1] 0/7/-1->3->-1 [2] 0/-1/-1->3->7 [3] 0/-1/-1->3->7
MOC-R4PCC04U05:245960:246002 [0] NCCL INFO comm 0x55cb6b761850 rank 0 nRanks 8 nNodes 2 localRanks 4 localRank 0 MNNVL 0
MOC-R4PCC04U05:245963:246004 [3] NCCL INFO P2P Chunksize set to 131072
MOC-R4PCC04U05:245962:246003 [2] NCCL INFO Trees [0] -1/-1/-1->2->1 [1] -1/-1/-1->2->1 [2] -1/-1/-1->2->1 [3] -1/-1/-1->2->1
MOC-R4PCC04U05:245962:246003 [2] NCCL INFO P2P Chunksize set to 131072
MOC-R4PCC04U05:245961:246005 [1] NCCL INFO Trees [0] 2/-1/-1->1->0 [1] 2/-1/-1->1->0 [2] 2/-1/-1->1->0 [3] 2/-1/-1->1->0
MOC-R4PCC04U05:245961:246005 [1] NCCL INFO P2P Chunksize set to 131072
MOC-R4PCC04U05:245960:246002 [0] NCCL INFO Channel 00/04 : 0 3 6 5 4 7 2 1
MOC-R4PCC04U05:245960:246002 [0] NCCL INFO Channel 01/04 : 0 2 7 5 4 6 3 1
MOC-R4PCC04U05:245960:246002 [0] NCCL INFO Channel 02/04 : 0 3 6 5 4 7 2 1
MOC-R4PCC04U05:245960:246002 [0] NCCL INFO Channel 03/04 : 0 2 7 5 4 6 3 1
MOC-R4PCC04U05:245960:246002 [0] NCCL INFO Trees [0] 1/-1/-1->0->3 [1] 1/-1/-1->0->3 [2] 1/-1/-1->0->3 [3] 1/-1/-1->0->3
MOC-R4PCC04U05:245960:246002 [0] NCCL INFO P2P Chunksize set to 131072
MOC-R4PCC04U05:245960:246002 [0] NCCL INFO Check P2P Type intraNodeP2pSupport 1 directMode 0
MOC-R4PCC04U05:245963:246013 [3] NCCL INFO [Proxy Service] Device 3 CPU core 175
MOC-R4PCC04U05:245962:246014 [2] NCCL INFO [Proxy Service] Device 2 CPU core 185
MOC-R4PCC04U05:245962:246016 [2] NCCL INFO [Proxy Service UDS] Device 2 CPU core 471
MOC-R4PCC04U05:245963:246018 [3] NCCL INFO [Proxy Service UDS] Device 3 CPU core 216
MOC-R4PCC04U05:245961:246015 [1] NCCL INFO [Proxy Service] Device 1 CPU core 120
MOC-R4PCC04U05:245961:246020 [1] NCCL INFO [Proxy Service UDS] Device 1 CPU core 39
MOC-R4PCC04U05:245960:246017 [0] NCCL INFO [Proxy Service] Device 0 CPU core 272
MOC-R4PCC04U05:245960:246019 [0] NCCL INFO [Proxy Service UDS] Device 0 CPU core 280
MOC-R4PCC04U05:245963:246004 [3] NCCL INFO threadThresholds 8/8/64 | 64/8/64 | 512 | 512
MOC-R4PCC04U05:245963:246004 [3] NCCL INFO 4 coll channels, 4 collnet channels, 0 nvls channels, 4 p2p channels, 2 p2p channels per peer
MOC-R4PCC04U05:245962:246003 [2] NCCL INFO threadThresholds 8/8/64 | 64/8/64 | 512 | 512
MOC-R4PCC04U05:245962:246003 [2] NCCL INFO 4 coll channels, 4 collnet channels, 0 nvls channels, 4 p2p channels, 2 p2p channels per peer
MOC-R4PCC04U05:245961:246005 [1] NCCL INFO threadThresholds 8/8/64 | 64/8/64 | 512 | 512
MOC-R4PCC04U05:245961:246005 [1] NCCL INFO 4 coll channels, 4 collnet channels, 0 nvls channels, 4 p2p channels, 2 p2p channels per peer
MOC-R4PCC04U05:245960:246002 [0] NCCL INFO threadThresholds 8/8/64 | 64/8/64 | 512 | 512
MOC-R4PCC04U05:245960:246002 [0] NCCL INFO 4 coll channels, 4 collnet channels, 0 nvls channels, 4 p2p channels, 2 p2p channels per peer
MOC-R4PCC04U05:245960:246002 [0] NCCL INFO CC Off, workFifoBytes 1048576
MOC-R4PCC04U05:245962:246003 [2] NCCL INFO TUNER/Plugin: Could not find: libnccl-tuner.so. Using internal tuner plugin.
MOC-R4PCC04U05:245963:246004 [3] NCCL INFO TUNER/Plugin: Could not find: libnccl-tuner.so. Using internal tuner plugin.
MOC-R4PCC04U05:245962:246003 [2] NCCL INFO ncclCommInitRankConfig comm 0x55669b4f9740 rank 2 nranks 8 cudaDev 2 nvmlDev 2 busId a6000 commId 0xdccea3a351fa36de - Init COMPLETE
MOC-R4PCC04U05:245963:246004 [3] NCCL INFO ncclCommInitRankConfig comm 0x558b03736cd0 rank 3 nranks 8 cudaDev 3 nvmlDev 3 busId c6000 commId 0xdccea3a351fa36de - Init COMPLETE
MOC-R4PCC04U05:245962:246003 [2] NCCL INFO Init timings - ncclCommInitRankConfig: rank 2 nranks 8 total 3.19 (kernels 0.56, alloc 1.44, bootstrap 0.02, allgathers 0.17, topo 0.59, graphs 0.00, connections 0.29, rest 0.14)
MOC-R4PCC04U05:245963:246004 [3] NCCL INFO Init timings - ncclCommInitRankConfig: rank 3 nranks 8 total 3.19 (kernels 0.56, alloc 1.44, bootstrap 0.02, allgathers 0.17, topo 0.58, graphs 0.00, connections 0.29, rest 0.14)
MOC-R4PCC04U05:245960:246002 [0] NCCL INFO TUNER/Plugin: Could not find: libnccl-tuner.so. Using internal tuner plugin.
MOC-R4PCC04U05:245960:246002 [0] NCCL INFO ncclCommInitRankConfig comm 0x55cb6b761850 rank 0 nranks 8 cudaDev 0 nvmlDev 0 busId 6000 commId 0xdccea3a351fa36de - Init COMPLETE
MOC-R4PCC04U05:245960:246002 [0] NCCL INFO Init timings - ncclCommInitRankConfig: rank 0 nranks 8 total 4.10 (kernels 0.32, alloc 0.58, bootstrap 2.03, allgathers 0.16, topo 0.58, graphs 0.00, connections 0.42, rest 0.00)
MOC-R4PCC04U05:245961:246005 [1] NCCL INFO TUNER/Plugin: Could not find: libnccl-tuner.so. Using internal tuner plugin.
MOC-R4PCC04U05:245961:246005 [1] NCCL INFO ncclCommInitRankConfig comm 0x55cce1479dc0 rank 1 nranks 8 cudaDev 1 nvmlDev 1 busId 26000 commId 0xdccea3a351fa36de - Init COMPLETE
MOC-R4PCC04U05:245961:246005 [1] NCCL INFO Init timings - ncclCommInitRankConfig: rank 1 nranks 8 total 3.19 (kernels 0.31, alloc 1.30, bootstrap 0.40, allgathers 0.17, topo 0.58, graphs 0.00, connections 0.37, rest 0.06)
MOC-R4PCC04U05:245960:246022 [0] NCCL INFO Channel 01/0 : 0[0] -> 2[2] via P2P/CUMEM
MOC-R4PCC04U05:245960:246022 [0] NCCL INFO Channel 03/0 : 0[0] -> 2[2] via P2P/CUMEM
MOC-R4PCC04U05:245960:246022 [0] NCCL INFO Channel 00/0 : 0[0] -> 3[3] via P2P/CUMEM
MOC-R4PCC04U05:245960:246022 [0] NCCL INFO Channel 02/0 : 0[0] -> 3[3] via P2P/CUMEM
MOC-R4PCC04U05:245962:246027 [2] NCCL INFO [Proxy Progress] Device 2 CPU core 457
MOC-R4PCC04U05:245963:246028 [3] NCCL INFO [Proxy Progress] Device 3 CPU core 471
MOC-R4PCC04U05:245962:246014 [2] NCCL INFO NCCL_NSOCKS_PERTHREAD set by environment to 8.
MOC-R4PCC04U05:245962:246014 [2] NCCL INFO NCCL_SOCKET_NTHREADS set by environment to 8.
MOC-R4PCC04U05:245962:246014 [2] NCCL INFO NET/Socket: Using 8 threads and 8 sockets per thread
MOC-R4PCC04U05:245962:246024 [2] NCCL INFO Channel 00/0 : 7[3] -> 2[2] [receive] via NET/Socket/0
MOC-R4PCC04U05:245963:246023 [3] NCCL INFO Channel 00/0 : 3[3] -> 6[2] [send] via NET/Socket/0
MOC-R4PCC04U05:245962:246014 [2] NCCL INFO NET/Socket: Using 8 threads and 8 sockets per thread
MOC-R4PCC04U05:245962:246024 [2] NCCL INFO Channel 02/0 : 7[3] -> 2[2] [receive] via NET/Socket/0
MOC-R4PCC04U05:245963:246023 [3] NCCL INFO Channel 02/0 : 3[3] -> 6[2] [send] via NET/Socket/0
MOC-R4PCC04U05:245962:246024 [2] NCCL INFO Channel 01/0 : 2[2] -> 7[3] [send] via NET/Socket/0
MOC-R4PCC04U05:245962:246024 [2] NCCL INFO Channel 03/0 : 2[2] -> 7[3] [send] via NET/Socket/0
MOC-R4PCC04U05:245963:246013 [3] NCCL INFO NCCL_NSOCKS_PERTHREAD set by environment to 8.
MOC-R4PCC04U05:245963:246013 [3] NCCL INFO NCCL_SOCKET_NTHREADS set by environment to 8.
MOC-R4PCC04U05:245963:246013 [3] NCCL INFO NET/Socket: Using 8 threads and 8 sockets per thread
MOC-R4PCC04U05:245963:246023 [3] NCCL INFO Channel 01/0 : 6[2] -> 3[3] [receive] via NET/Socket/0
MOC-R4PCC04U05:245963:246013 [3] NCCL INFO NET/Socket: Using 8 threads and 8 sockets per thread
MOC-R4PCC04U05:245963:246023 [3] NCCL INFO Channel 03/0 : 6[2] -> 3[3] [receive] via NET/Socket/0
MOC-R4PCC04U05:245963:246023 [3] NCCL INFO Channel 01/0 : 3[3] -> 1[1] via P2P/CUMEM
MOC-R4PCC04U05:245962:246024 [2] NCCL INFO Channel 00/0 : 2[2] -> 1[1] via P2P/CUMEM
MOC-R4PCC04U05:245963:246023 [3] NCCL INFO Channel 03/0 : 3[3] -> 1[1] via P2P/CUMEM
MOC-R4PCC04U05:245962:246024 [2] NCCL INFO Channel 02/0 : 2[2] -> 1[1] via P2P/CUMEM
MOC-R4PCC04U05:245961:246025 [1] NCCL INFO Channel 00/0 : 1[1] -> 0[0] via P2P/CUMEM
MOC-R4PCC04U05:245961:246025 [1] NCCL INFO Channel 01/0 : 1[1] -> 0[0] via P2P/CUMEM
MOC-R4PCC04U05:245961:246025 [1] NCCL INFO Channel 02/0 : 1[1] -> 0[0] via P2P/CUMEM
MOC-R4PCC04U05:245961:246025 [1] NCCL INFO Channel 03/0 : 1[1] -> 0[0] via P2P/CUMEM
MOC-R4PCC04U05:245960:246022 [0] NCCL INFO Connected all rings, use ring PXN 0 GDR 0
MOC-R4PCC04U05:245961:246025 [1] NCCL INFO Connected all rings, use ring PXN 0 GDR 0
MOC-R4PCC04U05:245963:246023 [3] NCCL INFO Connected all rings, use ring PXN 0 GDR 0
MOC-R4PCC04U05:245962:246024 [2] NCCL INFO Connected all rings, use ring PXN 0 GDR 0
num decayed parameter tensors: 50, with 124,318,464 parameters
num non-decayed parameter tensors: 98, with 121,344 parameters
using fused AdamW: False
using regular AdamW
MOC-R4PCC04U05:245960:246783 [0] NCCL INFO Channel 00/0 : 0[0] -> 1[1] via P2P/CUMEM
MOC-R4PCC04U05:245960:246783 [0] NCCL INFO Channel 01/0 : 0[0] -> 1[1] via P2P/CUMEM
MOC-R4PCC04U05:245960:246783 [0] NCCL INFO Channel 02/0 : 0[0] -> 1[1] via P2P/CUMEM
MOC-R4PCC04U05:245960:246783 [0] NCCL INFO Channel 03/0 : 0[0] -> 1[1] via P2P/CUMEM
MOC-R4PCC04U05:245961:246786 [1] NCCL INFO Channel 00/0 : 1[1] -> 2[2] via P2P/CUMEM
MOC-R4PCC04U05:245961:246786 [1] NCCL INFO Channel 01/0 : 1[1] -> 2[2] via P2P/CUMEM
MOC-R4PCC04U05:245961:246786 [1] NCCL INFO Channel 02/0 : 1[1] -> 2[2] via P2P/CUMEM
MOC-R4PCC04U05:245961:246786 [1] NCCL INFO Channel 03/0 : 1[1] -> 2[2] via P2P/CUMEM
MOC-R4PCC04U05:245960:246783 [0] NCCL INFO Channel 01/0 : 0[0] -> 3[3] via P2P/CUMEM
MOC-R4PCC04U05:245962:246785 [2] NCCL INFO Channel 01/0 : 2[2] -> 1[1] via P2P/CUMEM
MOC-R4PCC04U05:245962:246785 [2] NCCL INFO Channel 03/0 : 2[2] -> 1[1] via P2P/CUMEM
MOC-R4PCC04U05:245960:246783 [0] NCCL INFO Channel 03/0 : 0[0] -> 3[3] via P2P/CUMEM
MOC-R4PCC04U05:245963:246013 [3] NCCL INFO NET/Socket: Using 8 threads and 8 sockets per thread
MOC-R4PCC04U05:245963:246784 [3] NCCL INFO Channel 00/0 : 7[3] -> 3[3] [receive] via NET/Socket/0
MOC-R4PCC04U05:245963:246013 [3] NCCL INFO NET/Socket: Using 8 threads and 8 sockets per thread
MOC-R4PCC04U05:245963:246784 [3] NCCL INFO Channel 01/0 : 7[3] -> 3[3] [receive] via NET/Socket/0
MOC-R4PCC04U05:245963:246013 [3] NCCL INFO NET/Socket: Using 8 threads and 8 sockets per thread
MOC-R4PCC04U05:245963:246784 [3] NCCL INFO Channel 02/0 : 7[3] -> 3[3] [receive] via NET/Socket/0
MOC-R4PCC04U05:245963:246013 [3] NCCL INFO NET/Socket: Using 8 threads and 8 sockets per thread
MOC-R4PCC04U05:245963:246784 [3] NCCL INFO Channel 03/0 : 7[3] -> 3[3] [receive] via NET/Socket/0
MOC-R4PCC04U05:245963:246784 [3] NCCL INFO Channel 00/0 : 3[3] -> 7[3] [send] via NET/Socket/0
MOC-R4PCC04U05:245963:246784 [3] NCCL INFO Channel 01/0 : 3[3] -> 7[3] [send] via NET/Socket/0
MOC-R4PCC04U05:245963:246784 [3] NCCL INFO Channel 02/0 : 3[3] -> 7[3] [send] via NET/Socket/0
MOC-R4PCC04U05:245963:246784 [3] NCCL INFO Channel 03/0 : 3[3] -> 7[3] [send] via NET/Socket/0
MOC-R4PCC04U05:245963:246784 [3] NCCL INFO Channel 00/0 : 3[3] -> 0[0] via P2P/CUMEM
MOC-R4PCC04U05:245963:246784 [3] NCCL INFO Channel 01/0 : 3[3] -> 0[0] via P2P/CUMEM
MOC-R4PCC04U05:245963:246784 [3] NCCL INFO Channel 02/0 : 3[3] -> 0[0] via P2P/CUMEM
MOC-R4PCC04U05:245963:246784 [3] NCCL INFO Channel 03/0 : 3[3] -> 0[0] via P2P/CUMEM
MOC-R4PCC04U05:245962:246785 [2] NCCL INFO Connected all trees
MOC-R4PCC04U05:245961:246786 [1] NCCL INFO Connected all trees
MOC-R4PCC04U05:245963:246784 [3] NCCL INFO Connected all trees
MOC-R4PCC04U05:245960:246783 [0] NCCL INFO Connected all trees
step    1/10 | train loss 11.009525 | norm 15.3465 | lr 1.00e-04 | (14648.26 ms | 178959 tok/s)
step    2/10 | train loss 10.140074 | norm 5.7338 | lr 1.00e-04 | (805.65 ms | 3253826 tok/s)
step    3/10 | train loss 9.800388 | norm 2.6009 | lr 1.00e-04 | (803.26 ms | 3263487 tok/s)
step    4/10 | train loss 9.631468 | norm 2.1085 | lr 1.00e-04 | (804.46 ms | 3258627 tok/s)
step    5/10 | train loss 9.548710 | norm 2.0999 | lr 1.00e-04 | (805.17 ms | 3255772 tok/s)
step    6/10 | train loss 9.467642 | norm 1.9930 | lr 1.00e-04 | (806.08 ms | 3252092 tok/s)
step    7/10 | train loss 9.382120 | norm 1.9432 | lr 1.00e-04 | (802.48 ms | 3266670 tok/s)
step    8/10 | train loss 9.290379 | norm 1.9093 | lr 1.00e-04 | (804.99 ms | 3256479 tok/s)
step    9/10 | train loss 9.195259 | norm 1.8505 | lr 1.00e-04 | (802.99 ms | 3264582 tok/s)
step   10/10 | train loss 9.111425 | norm 1.7945 | lr 1.00e-04 | (804.42 ms | 3258806 tok/s)
final 9 iters avg: 804.389ms
peak memory consumption: 16601 MiB
MOC-R4PCC04U05:245963:246861 [3] NCCL INFO comm 0x558b03736cd0 rank 3 nranks 8 cudaDev 3 busId c6000 - Destroy COMPLETE
MOC-R4PCC04U05:245961:246864 [1] NCCL INFO comm 0x55cce1479dc0 rank 1 nranks 8 cudaDev 1 busId 26000 - Destroy COMPLETE
MOC-R4PCC04U05:245962:246862 [2] NCCL INFO comm 0x55669b4f9740 rank 2 nranks 8 cudaDev 2 busId a6000 - Destroy COMPLETE
MOC-R4PCC04U05:245960:246863 [0] NCCL INFO comm 0x55cb6b761850 rank 0 nranks 8 cudaDev 0 busId 6000 - Destroy COMPLETE
