Running pytorch 2.7.0+cu126
using device: cuda:0
total desired batch size: 2621440
=> calculated gradient accumulation steps: 10
using device: cuda:2
using device: cuda:1
using device: cuda:3
compiling the model...
DataLoader: total number of tokens: 1,661,249,667 across 103 files
MOC-R4PCC04U05:50101:50101 [0] NCCL INFO NCCL_SOCKET_IFNAME set by environment to eno7np0
MOC-R4PCC04U05:50101:50101 [0] NCCL INFO Bootstrap: Using eno7np0:192.168.50.193<0>
MOC-R4PCC04U05:50101:50101 [0] NCCL INFO cudaDriverVersion 12040
MOC-R4PCC04U05:50101:50101 [0] NCCL INFO NCCL version 2.26.2+cuda12.2
MOC-R4PCC04U05:50101:50101 [0] NCCL INFO Comm config Blocking set to 1
MOC-R4PCC04U05:50104:50104 [3] NCCL INFO cudaDriverVersion 12040
MOC-R4PCC04U05:50104:50104 [3] NCCL INFO NCCL_SOCKET_IFNAME set by environment to eno7np0
MOC-R4PCC04U05:50104:50104 [3] NCCL INFO Bootstrap: Using eno7np0:192.168.50.193<0>
MOC-R4PCC04U05:50104:50104 [3] NCCL INFO NCCL version 2.26.2+cuda12.2
MOC-R4PCC04U05:50102:50102 [1] NCCL INFO cudaDriverVersion 12040
MOC-R4PCC04U05:50102:50102 [1] NCCL INFO NCCL_SOCKET_IFNAME set by environment to eno7np0
MOC-R4PCC04U05:50104:50104 [3] NCCL INFO Comm config Blocking set to 1
MOC-R4PCC04U05:50103:50103 [2] NCCL INFO cudaDriverVersion 12040
MOC-R4PCC04U05:50103:50103 [2] NCCL INFO NCCL_SOCKET_IFNAME set by environment to eno7np0
MOC-R4PCC04U05:50102:50102 [1] NCCL INFO Bootstrap: Using eno7np0:192.168.50.193<0>
MOC-R4PCC04U05:50102:50102 [1] NCCL INFO NCCL version 2.26.2+cuda12.2
MOC-R4PCC04U05:50103:50103 [2] NCCL INFO Bootstrap: Using eno7np0:192.168.50.193<0>
MOC-R4PCC04U05:50103:50103 [2] NCCL INFO NCCL version 2.26.2+cuda12.2
MOC-R4PCC04U05:50103:50103 [2] NCCL INFO Comm config Blocking set to 1
MOC-R4PCC04U05:50102:50102 [1] NCCL INFO Comm config Blocking set to 1
MOC-R4PCC04U05:50101:50143 [0] NCCL INFO NET/Plugin: Could not find: libnccl-net.so. Using internal net plugin.
MOC-R4PCC04U05:50101:50143 [0] NCCL INFO NCCL_IB_DISABLE set by environment to 1.
MOC-R4PCC04U05:50101:50143 [0] NCCL INFO NCCL_SOCKET_IFNAME set by environment to eno7np0
MOC-R4PCC04U05:50101:50143 [0] NCCL INFO NET/Socket : Using [0]eno7np0:192.168.50.193<0>
MOC-R4PCC04U05:50101:50143 [0] NCCL INFO PROFILER/Plugin: Could not find: libnccl-profiler.so. 
MOC-R4PCC04U05:50101:50143 [0] NCCL INFO Using network Socket
MOC-R4PCC04U05:50104:50144 [3] NCCL INFO NET/Plugin: Could not find: libnccl-net.so. Using internal net plugin.
MOC-R4PCC04U05:50104:50144 [3] NCCL INFO NCCL_IB_DISABLE set by environment to 1.
MOC-R4PCC04U05:50104:50144 [3] NCCL INFO NCCL_SOCKET_IFNAME set by environment to eno7np0
MOC-R4PCC04U05:50104:50144 [3] NCCL INFO NET/Socket : Using [0]eno7np0:192.168.50.193<0>
MOC-R4PCC04U05:50104:50144 [3] NCCL INFO PROFILER/Plugin: Could not find: libnccl-profiler.so. 
MOC-R4PCC04U05:50104:50144 [3] NCCL INFO Using network Socket
MOC-R4PCC04U05:50102:50146 [1] NCCL INFO NET/Plugin: Could not find: libnccl-net.so. Using internal net plugin.
MOC-R4PCC04U05:50102:50146 [1] NCCL INFO NCCL_IB_DISABLE set by environment to 1.
MOC-R4PCC04U05:50102:50146 [1] NCCL INFO NCCL_SOCKET_IFNAME set by environment to eno7np0
MOC-R4PCC04U05:50102:50146 [1] NCCL INFO NET/Socket : Using [0]eno7np0:192.168.50.193<0>
MOC-R4PCC04U05:50102:50146 [1] NCCL INFO PROFILER/Plugin: Could not find: libnccl-profiler.so. 
MOC-R4PCC04U05:50102:50146 [1] NCCL INFO Using network Socket
MOC-R4PCC04U05:50103:50145 [2] NCCL INFO NET/Plugin: Could not find: libnccl-net.so. Using internal net plugin.
MOC-R4PCC04U05:50103:50145 [2] NCCL INFO NCCL_IB_DISABLE set by environment to 1.
MOC-R4PCC04U05:50103:50145 [2] NCCL INFO NCCL_SOCKET_IFNAME set by environment to eno7np0
MOC-R4PCC04U05:50103:50145 [2] NCCL INFO NET/Socket : Using [0]eno7np0:192.168.50.193<0>
MOC-R4PCC04U05:50103:50145 [2] NCCL INFO PROFILER/Plugin: Could not find: libnccl-profiler.so. 
MOC-R4PCC04U05:50103:50145 [2] NCCL INFO Using network Socket
MOC-R4PCC04U05:50101:50143 [0] NCCL INFO ncclCommInitRankConfig comm 0x5607f7f2c610 rank 0 nranks 8 cudaDev 0 nvmlDev 0 busId 6000 commId 0xa0b06e10cf963fcd - Init START
MOC-R4PCC04U05:50104:50144 [3] NCCL INFO ncclCommInitRankConfig comm 0x55d54e3cbeb0 rank 3 nranks 8 cudaDev 3 nvmlDev 3 busId c6000 commId 0xa0b06e10cf963fcd - Init START
MOC-R4PCC04U05:50102:50146 [1] NCCL INFO ncclCommInitRankConfig comm 0x561dcedd26e0 rank 1 nranks 8 cudaDev 1 nvmlDev 1 busId 26000 commId 0xa0b06e10cf963fcd - Init START
MOC-R4PCC04U05:50103:50145 [2] NCCL INFO ncclCommInitRankConfig comm 0x55ab608d7900 rank 2 nranks 8 cudaDev 2 nvmlDev 2 busId a6000 commId 0xa0b06e10cf963fcd - Init START
MOC-R4PCC04U05:50102:50146 [1] NCCL INFO RAS client listening socket at ::1<28028>
MOC-R4PCC04U05:50103:50145 [2] NCCL INFO RAS client listening socket at ::1<28028>
MOC-R4PCC04U05:50104:50144 [3] NCCL INFO RAS client listening socket at ::1<28028>
MOC-R4PCC04U05:50101:50143 [0] NCCL INFO RAS client listening socket at ::1<28028>
MOC-R4PCC04U05:50101:50143 [0] NCCL INFO Bootstrap timings total 0.818570 (create 0.000107, send 0.000273, recv 0.663651, ring 0.000651, delay 0.000001)
MOC-R4PCC04U05:50104:50144 [3] NCCL INFO Bootstrap timings total 0.234258 (create 0.000150, send 0.000265, recv 0.000376, ring 0.153063, delay 0.000000)
MOC-R4PCC04U05:50102:50146 [1] NCCL INFO Bootstrap timings total 0.155498 (create 0.000179, send 0.000259, recv 0.000529, ring 0.153397, delay 0.000000)
MOC-R4PCC04U05:50103:50145 [2] NCCL INFO Bootstrap timings total 0.155500 (create 0.000152, send 0.000267, recv 0.000715, ring 0.153237, delay 0.000000)
MOC-R4PCC04U05:50101:50143 [0] NCCL INFO Setting affinity for GPU 0 to ffffffff,ffffffff,ffffffff,ffffffff,00000000,00000000,00000000,00000000,ffffffff,ffffffff,ffffffff,ffffffff
MOC-R4PCC04U05:50101:50143 [0] NCCL INFO NVLS multicast support is not available on dev 0
MOC-R4PCC04U05:50103:50145 [2] NCCL INFO Setting affinity for GPU 2 to ffffffff,ffffffff,ffffffff,ffffffff,00000000,00000000,00000000,00000000,ffffffff,ffffffff,ffffffff,ffffffff,00000000,00000000,00000000,00000000
MOC-R4PCC04U05:50103:50145 [2] NCCL INFO NVLS multicast support is not available on dev 2
MOC-R4PCC04U05:50102:50146 [1] NCCL INFO Setting affinity for GPU 1 to ffffffff,ffffffff,ffffffff,ffffffff,00000000,00000000,00000000,00000000,ffffffff,ffffffff,ffffffff,ffffffff
MOC-R4PCC04U05:50102:50146 [1] NCCL INFO NVLS multicast support is not available on dev 1
MOC-R4PCC04U05:50104:50144 [3] NCCL INFO Setting affinity for GPU 3 to ffffffff,ffffffff,ffffffff,ffffffff,00000000,00000000,00000000,00000000,ffffffff,ffffffff,ffffffff,ffffffff,00000000,00000000,00000000,00000000
MOC-R4PCC04U05:50104:50144 [3] NCCL INFO NVLS multicast support is not available on dev 3
MOC-R4PCC04U05:50104:50144 [3] NCCL INFO comm 0x55d54e3cbeb0 rank 3 nRanks 8 nNodes 2 localRanks 4 localRank 3 MNNVL 0
MOC-R4PCC04U05:50101:50143 [0] NCCL INFO comm 0x5607f7f2c610 rank 0 nRanks 8 nNodes 2 localRanks 4 localRank 0 MNNVL 0
MOC-R4PCC04U05:50103:50145 [2] NCCL INFO comm 0x55ab608d7900 rank 2 nRanks 8 nNodes 2 localRanks 4 localRank 2 MNNVL 0
MOC-R4PCC04U05:50102:50146 [1] NCCL INFO comm 0x561dcedd26e0 rank 1 nRanks 8 nNodes 2 localRanks 4 localRank 1 MNNVL 0
MOC-R4PCC04U05:50104:50144 [3] NCCL INFO Trees [0] 0/7/-1->3->-1 [1] 0/7/-1->3->-1 [2] 0/-1/-1->3->7 [3] 0/-1/-1->3->7
MOC-R4PCC04U05:50104:50144 [3] NCCL INFO P2P Chunksize set to 131072
MOC-R4PCC04U05:50101:50143 [0] NCCL INFO Channel 00/04 : 0 3 6 5 4 7 2 1
MOC-R4PCC04U05:50101:50143 [0] NCCL INFO Channel 01/04 : 0 2 7 5 4 6 3 1
MOC-R4PCC04U05:50101:50143 [0] NCCL INFO Channel 02/04 : 0 3 6 5 4 7 2 1
MOC-R4PCC04U05:50101:50143 [0] NCCL INFO Channel 03/04 : 0 2 7 5 4 6 3 1
MOC-R4PCC04U05:50101:50143 [0] NCCL INFO Trees [0] 1/-1/-1->0->3 [1] 1/-1/-1->0->3 [2] 1/-1/-1->0->3 [3] 1/-1/-1->0->3
MOC-R4PCC04U05:50101:50143 [0] NCCL INFO P2P Chunksize set to 131072
MOC-R4PCC04U05:50103:50145 [2] NCCL INFO Trees [0] -1/-1/-1->2->1 [1] -1/-1/-1->2->1 [2] -1/-1/-1->2->1 [3] -1/-1/-1->2->1
MOC-R4PCC04U05:50103:50145 [2] NCCL INFO P2P Chunksize set to 131072
MOC-R4PCC04U05:50101:50143 [0] NCCL INFO Check P2P Type intraNodeP2pSupport 1 directMode 0
MOC-R4PCC04U05:50102:50146 [1] NCCL INFO Trees [0] 2/-1/-1->1->0 [1] 2/-1/-1->1->0 [2] 2/-1/-1->1->0 [3] 2/-1/-1->1->0
MOC-R4PCC04U05:50102:50146 [1] NCCL INFO P2P Chunksize set to 131072
MOC-R4PCC04U05:50101:50156 [0] NCCL INFO [Proxy Service] Device 0 CPU core 367
MOC-R4PCC04U05:50103:50157 [2] NCCL INFO [Proxy Service] Device 2 CPU core 510
MOC-R4PCC04U05:50104:50155 [3] NCCL INFO [Proxy Service] Device 3 CPU core 511
MOC-R4PCC04U05:50102:50158 [1] NCCL INFO [Proxy Service] Device 1 CPU core 271
MOC-R4PCC04U05:50101:50159 [0] NCCL INFO [Proxy Service UDS] Device 0 CPU core 117
MOC-R4PCC04U05:50103:50161 [2] NCCL INFO [Proxy Service UDS] Device 2 CPU core 235
MOC-R4PCC04U05:50102:50162 [1] NCCL INFO [Proxy Service UDS] Device 1 CPU core 279
MOC-R4PCC04U05:50104:50160 [3] NCCL INFO [Proxy Service UDS] Device 3 CPU core 487
MOC-R4PCC04U05:50104:50144 [3] NCCL INFO threadThresholds 8/8/64 | 64/8/64 | 512 | 512
MOC-R4PCC04U05:50104:50144 [3] NCCL INFO 4 coll channels, 4 collnet channels, 0 nvls channels, 4 p2p channels, 2 p2p channels per peer
MOC-R4PCC04U05:50101:50143 [0] NCCL INFO threadThresholds 8/8/64 | 64/8/64 | 512 | 512
MOC-R4PCC04U05:50101:50143 [0] NCCL INFO 4 coll channels, 4 collnet channels, 0 nvls channels, 4 p2p channels, 2 p2p channels per peer
MOC-R4PCC04U05:50103:50145 [2] NCCL INFO threadThresholds 8/8/64 | 64/8/64 | 512 | 512
MOC-R4PCC04U05:50103:50145 [2] NCCL INFO 4 coll channels, 4 collnet channels, 0 nvls channels, 4 p2p channels, 2 p2p channels per peer
MOC-R4PCC04U05:50101:50143 [0] NCCL INFO CC Off, workFifoBytes 1048576
MOC-R4PCC04U05:50102:50146 [1] NCCL INFO threadThresholds 8/8/64 | 64/8/64 | 512 | 512
MOC-R4PCC04U05:50102:50146 [1] NCCL INFO 4 coll channels, 4 collnet channels, 0 nvls channels, 4 p2p channels, 2 p2p channels per peer
MOC-R4PCC04U05:50101:50143 [0] NCCL INFO TUNER/Plugin: Could not find: libnccl-tuner.so. Using internal tuner plugin.
MOC-R4PCC04U05:50101:50143 [0] NCCL INFO ncclCommInitRankConfig comm 0x5607f7f2c610 rank 0 nranks 8 cudaDev 0 nvmlDev 0 busId 6000 commId 0xa0b06e10cf963fcd - Init COMPLETE
MOC-R4PCC04U05:50101:50143 [0] NCCL INFO Init timings - ncclCommInitRankConfig: rank 0 nranks 8 total 3.56 (kernels 0.32, alloc 1.60, bootstrap 0.82, allgathers 0.10, topo 0.69, graphs 0.00, connections 0.02, rest 0.01)
MOC-R4PCC04U05:50103:50145 [2] NCCL INFO TUNER/Plugin: Could not find: libnccl-tuner.so. Using internal tuner plugin.
MOC-R4PCC04U05:50103:50145 [2] NCCL INFO ncclCommInitRankConfig comm 0x55ab608d7900 rank 2 nranks 8 cudaDev 2 nvmlDev 2 busId a6000 commId 0xa0b06e10cf963fcd - Init COMPLETE
MOC-R4PCC04U05:50103:50145 [2] NCCL INFO Init timings - ncclCommInitRankConfig: rank 2 nranks 8 total 3.53 (kernels 0.76, alloc 1.80, bootstrap 0.16, allgathers 0.10, topo 0.69, graphs 0.00, connections 0.02, rest 0.01)
MOC-R4PCC04U05:50102:50146 [1] NCCL INFO TUNER/Plugin: Could not find: libnccl-tuner.so. Using internal tuner plugin.
MOC-R4PCC04U05:50102:50146 [1] NCCL INFO ncclCommInitRankConfig comm 0x561dcedd26e0 rank 1 nranks 8 cudaDev 1 nvmlDev 1 busId 26000 commId 0xa0b06e10cf963fcd - Init COMPLETE
MOC-R4PCC04U05:50102:50146 [1] NCCL INFO Init timings - ncclCommInitRankConfig: rank 1 nranks 8 total 3.53 (kernels 0.67, alloc 1.89, bootstrap 0.16, allgathers 0.10, topo 0.69, graphs 0.00, connections 0.03, rest 0.00)
MOC-R4PCC04U05:50104:50144 [3] NCCL INFO TUNER/Plugin: Could not find: libnccl-tuner.so. Using internal tuner plugin.
MOC-R4PCC04U05:50104:50144 [3] NCCL INFO ncclCommInitRankConfig comm 0x55d54e3cbeb0 rank 3 nranks 8 cudaDev 3 nvmlDev 3 busId c6000 commId 0xa0b06e10cf963fcd - Init COMPLETE
MOC-R4PCC04U05:50104:50144 [3] NCCL INFO Init timings - ncclCommInitRankConfig: rank 3 nranks 8 total 3.54 (kernels 0.44, alloc 2.03, bootstrap 0.23, allgathers 0.10, topo 0.69, graphs 0.00, connections 0.02, rest 0.01)
MOC-R4PCC04U05:50101:50164 [0] NCCL INFO Channel 01/0 : 0[0] -> 2[2] via P2P/CUMEM
MOC-R4PCC04U05:50101:50164 [0] NCCL INFO Channel 03/0 : 0[0] -> 2[2] via P2P/CUMEM
MOC-R4PCC04U05:50101:50164 [0] NCCL INFO Channel 00/0 : 0[0] -> 3[3] via P2P/CUMEM
MOC-R4PCC04U05:50101:50164 [0] NCCL INFO Channel 02/0 : 0[0] -> 3[3] via P2P/CUMEM
MOC-R4PCC04U05:50103:50167 [2] NCCL INFO [Proxy Progress] Device 2 CPU core 460
MOC-R4PCC04U05:50103:50163 [2] NCCL INFO Channel 00/0 : 7[3] -> 2[2] [receive] via NET/Socket/0
MOC-R4PCC04U05:50103:50163 [2] NCCL INFO Channel 02/0 : 7[3] -> 2[2] [receive] via NET/Socket/0
MOC-R4PCC04U05:50103:50163 [2] NCCL INFO Channel 01/0 : 2[2] -> 7[3] [send] via NET/Socket/0
MOC-R4PCC04U05:50103:50163 [2] NCCL INFO Channel 03/0 : 2[2] -> 7[3] [send] via NET/Socket/0
MOC-R4PCC04U05:50103:50163 [2] NCCL INFO Channel 00/0 : 2[2] -> 1[1] via P2P/CUMEM
MOC-R4PCC04U05:50104:50168 [3] NCCL INFO [Proxy Progress] Device 3 CPU core 168
MOC-R4PCC04U05:50104:50165 [3] NCCL INFO Channel 00/0 : 3[3] -> 6[2] [send] via NET/Socket/0
MOC-R4PCC04U05:50104:50165 [3] NCCL INFO Channel 02/0 : 3[3] -> 6[2] [send] via NET/Socket/0
MOC-R4PCC04U05:50104:50165 [3] NCCL INFO Channel 01/0 : 6[2] -> 3[3] [receive] via NET/Socket/0
MOC-R4PCC04U05:50104:50165 [3] NCCL INFO Channel 03/0 : 6[2] -> 3[3] [receive] via NET/Socket/0
MOC-R4PCC04U05:50104:50165 [3] NCCL INFO Channel 01/0 : 3[3] -> 1[1] via P2P/CUMEM
MOC-R4PCC04U05:50103:50163 [2] NCCL INFO Channel 02/0 : 2[2] -> 1[1] via P2P/CUMEM
MOC-R4PCC04U05:50104:50165 [3] NCCL INFO Channel 03/0 : 3[3] -> 1[1] via P2P/CUMEM
MOC-R4PCC04U05:50102:50166 [1] NCCL INFO Channel 00/0 : 1[1] -> 0[0] via P2P/CUMEM
MOC-R4PCC04U05:50102:50166 [1] NCCL INFO Channel 01/0 : 1[1] -> 0[0] via P2P/CUMEM
MOC-R4PCC04U05:50102:50166 [1] NCCL INFO Channel 02/0 : 1[1] -> 0[0] via P2P/CUMEM
MOC-R4PCC04U05:50102:50166 [1] NCCL INFO Channel 03/0 : 1[1] -> 0[0] via P2P/CUMEM
MOC-R4PCC04U05:50104:50165 [3] NCCL INFO Connected all rings, use ring PXN 0 GDR 0
MOC-R4PCC04U05:50103:50163 [2] NCCL INFO Connected all rings, use ring PXN 0 GDR 0
MOC-R4PCC04U05:50101:50164 [0] NCCL INFO Connected all rings, use ring PXN 0 GDR 0
MOC-R4PCC04U05:50102:50166 [1] NCCL INFO Connected all rings, use ring PXN 0 GDR 0
num decayed parameter tensors: 50, with 124,318,464 parameters
num non-decayed parameter tensors: 98, with 121,344 parameters
using fused AdamW: False
using regular AdamW
MOC-R4PCC04U05:50102:50860 [1] NCCL INFO Channel 00/0 : 1[1] -> 2[2] via P2P/CUMEM
MOC-R4PCC04U05:50102:50860 [1] NCCL INFO Channel 01/0 : 1[1] -> 2[2] via P2P/CUMEM
MOC-R4PCC04U05:50102:50860 [1] NCCL INFO Channel 02/0 : 1[1] -> 2[2] via P2P/CUMEM
MOC-R4PCC04U05:50102:50860 [1] NCCL INFO Channel 03/0 : 1[1] -> 2[2] via P2P/CUMEM
MOC-R4PCC04U05:50103:50859 [2] NCCL INFO Channel 01/0 : 2[2] -> 1[1] via P2P/CUMEM
MOC-R4PCC04U05:50103:50859 [2] NCCL INFO Channel 03/0 : 2[2] -> 1[1] via P2P/CUMEM
MOC-R4PCC04U05:50101:50861 [0] NCCL INFO Channel 00/0 : 0[0] -> 1[1] via P2P/CUMEM
MOC-R4PCC04U05:50101:50861 [0] NCCL INFO Channel 01/0 : 0[0] -> 1[1] via P2P/CUMEM
MOC-R4PCC04U05:50101:50861 [0] NCCL INFO Channel 02/0 : 0[0] -> 1[1] via P2P/CUMEM
MOC-R4PCC04U05:50101:50861 [0] NCCL INFO Channel 03/0 : 0[0] -> 1[1] via P2P/CUMEM
MOC-R4PCC04U05:50101:50861 [0] NCCL INFO Channel 01/0 : 0[0] -> 3[3] via P2P/CUMEM
MOC-R4PCC04U05:50101:50861 [0] NCCL INFO Channel 03/0 : 0[0] -> 3[3] via P2P/CUMEM
MOC-R4PCC04U05:50104:50858 [3] NCCL INFO Channel 00/0 : 7[3] -> 3[3] [receive] via NET/Socket/0
MOC-R4PCC04U05:50104:50858 [3] NCCL INFO Channel 01/0 : 7[3] -> 3[3] [receive] via NET/Socket/0
MOC-R4PCC04U05:50104:50858 [3] NCCL INFO Channel 02/0 : 7[3] -> 3[3] [receive] via NET/Socket/0
MOC-R4PCC04U05:50104:50858 [3] NCCL INFO Channel 03/0 : 7[3] -> 3[3] [receive] via NET/Socket/0
MOC-R4PCC04U05:50104:50858 [3] NCCL INFO Channel 00/0 : 3[3] -> 7[3] [send] via NET/Socket/0
MOC-R4PCC04U05:50104:50858 [3] NCCL INFO Channel 01/0 : 3[3] -> 7[3] [send] via NET/Socket/0
MOC-R4PCC04U05:50104:50858 [3] NCCL INFO Channel 02/0 : 3[3] -> 7[3] [send] via NET/Socket/0
MOC-R4PCC04U05:50104:50858 [3] NCCL INFO Channel 03/0 : 3[3] -> 7[3] [send] via NET/Socket/0
MOC-R4PCC04U05:50104:50858 [3] NCCL INFO Channel 00/0 : 3[3] -> 0[0] via P2P/CUMEM
MOC-R4PCC04U05:50104:50858 [3] NCCL INFO Channel 01/0 : 3[3] -> 0[0] via P2P/CUMEM
MOC-R4PCC04U05:50104:50858 [3] NCCL INFO Channel 02/0 : 3[3] -> 0[0] via P2P/CUMEM
MOC-R4PCC04U05:50104:50858 [3] NCCL INFO Channel 03/0 : 3[3] -> 0[0] via P2P/CUMEM
MOC-R4PCC04U05:50103:50859 [2] NCCL INFO Connected all trees
MOC-R4PCC04U05:50102:50860 [1] NCCL INFO Connected all trees
MOC-R4PCC04U05:50104:50858 [3] NCCL INFO Connected all trees
MOC-R4PCC04U05:50101:50861 [0] NCCL INFO Connected all trees
step    1/10 | train loss 11.009523 | norm 15.3465 | lr 1.00e-04 | (14927.12 ms | 175616 tok/s)
step    2/10 | train loss 10.140068 | norm 5.7337 | lr 1.00e-04 | (1292.59 ms | 2028046 tok/s)
step    3/10 | train loss 9.800385 | norm 2.6008 | lr 1.00e-04 | (1265.55 ms | 2071380 tok/s)
step    4/10 | train loss 9.631465 | norm 2.1085 | lr 1.00e-04 | (1260.17 ms | 2080232 tok/s)
step    5/10 | train loss 9.548709 | norm 2.0999 | lr 1.00e-04 | (1281.60 ms | 2045438 tok/s)
step    6/10 | train loss 9.467639 | norm 1.9930 | lr 1.00e-04 | (1268.28 ms | 2066928 tok/s)
step    7/10 | train loss 9.382116 | norm 1.9433 | lr 1.00e-04 | (1261.78 ms | 2077569 tok/s)
step    8/10 | train loss 9.290378 | norm 1.9093 | lr 1.00e-04 | (1243.36 ms | 2108359 tok/s)
step    9/10 | train loss 9.195254 | norm 1.8505 | lr 1.00e-04 | (1261.28 ms | 2078395 tok/s)
step   10/10 | train loss 9.111425 | norm 1.7945 | lr 1.00e-04 | (1277.83 ms | 2051474 tok/s)
final 9 iters avg: 1268.050ms
peak memory consumption: 16601 MiB
MOC-R4PCC04U05:50102:50870 [1] NCCL INFO comm 0x561dcedd26e0 rank 1 nranks 8 cudaDev 1 busId 26000 - Destroy COMPLETE
MOC-R4PCC04U05:50103:50869 [2] NCCL INFO comm 0x55ab608d7900 rank 2 nranks 8 cudaDev 2 busId a6000 - Destroy COMPLETE
MOC-R4PCC04U05:50104:50872 [3] NCCL INFO comm 0x55d54e3cbeb0 rank 3 nranks 8 cudaDev 3 busId c6000 - Destroy COMPLETE
MOC-R4PCC04U05:50101:50871 [0] NCCL INFO comm 0x5607f7f2c610 rank 0 nranks 8 cudaDev 0 busId 6000 - Destroy COMPLETE
