Running pytorch 2.7.0+cu126
using device: cuda:0
total desired batch size: 1310720
=> calculated gradient accumulation steps: 5
using device: cuda:1
using device: cuda:3
using device: cuda:2
compiling the model...
DataLoader: total number of tokens: 1,661,249,667 across 103 files
MOC-R4PCC04U05:45901:45901 [0] NCCL INFO NCCL_SOCKET_IFNAME set by environment to eno7np0
MOC-R4PCC04U05:45901:45901 [0] NCCL INFO Bootstrap: Using eno7np0:192.168.50.193<0>
MOC-R4PCC04U05:45901:45901 [0] NCCL INFO cudaDriverVersion 12040
MOC-R4PCC04U05:45901:45901 [0] NCCL INFO NCCL version 2.26.2+cuda12.2
MOC-R4PCC04U05:45901:45901 [0] NCCL INFO Comm config Blocking set to 1
MOC-R4PCC04U05:45901:45942 [0] NCCL INFO NET/Plugin: Could not find: libnccl-net.so. Using internal net plugin.
MOC-R4PCC04U05:45901:45942 [0] NCCL INFO NCCL_IB_DISABLE set by environment to 1.
MOC-R4PCC04U05:45901:45942 [0] NCCL INFO NCCL_SOCKET_IFNAME set by environment to eno7np0
MOC-R4PCC04U05:45901:45942 [0] NCCL INFO NET/Socket : Using [0]eno7np0:192.168.50.193<0>
MOC-R4PCC04U05:45901:45942 [0] NCCL INFO PROFILER/Plugin: Could not find: libnccl-profiler.so. 
MOC-R4PCC04U05:45901:45942 [0] NCCL INFO Using network Socket
MOC-R4PCC04U05:45901:45942 [0] NCCL INFO ncclCommInitRankConfig comm 0x5560459907d0 rank 0 nranks 8 cudaDev 0 nvmlDev 0 busId 6000 commId 0xe4a33943ee22edd2 - Init START
MOC-R4PCC04U05:45903:45903 [2] NCCL INFO cudaDriverVersion 12040
MOC-R4PCC04U05:45903:45903 [2] NCCL INFO NCCL_SOCKET_IFNAME set by environment to eno7np0
MOC-R4PCC04U05:45904:45904 [3] NCCL INFO cudaDriverVersion 12040
MOC-R4PCC04U05:45904:45904 [3] NCCL INFO NCCL_SOCKET_IFNAME set by environment to eno7np0
MOC-R4PCC04U05:45902:45902 [1] NCCL INFO cudaDriverVersion 12040
MOC-R4PCC04U05:45902:45902 [1] NCCL INFO NCCL_SOCKET_IFNAME set by environment to eno7np0
MOC-R4PCC04U05:45904:45904 [3] NCCL INFO Bootstrap: Using eno7np0:192.168.50.193<0>
MOC-R4PCC04U05:45903:45903 [2] NCCL INFO Bootstrap: Using eno7np0:192.168.50.193<0>
MOC-R4PCC04U05:45904:45904 [3] NCCL INFO NCCL version 2.26.2+cuda12.2
MOC-R4PCC04U05:45903:45903 [2] NCCL INFO NCCL version 2.26.2+cuda12.2
MOC-R4PCC04U05:45902:45902 [1] NCCL INFO Bootstrap: Using eno7np0:192.168.50.193<0>
MOC-R4PCC04U05:45902:45902 [1] NCCL INFO NCCL version 2.26.2+cuda12.2
MOC-R4PCC04U05:45903:45903 [2] NCCL INFO Comm config Blocking set to 1
MOC-R4PCC04U05:45904:45904 [3] NCCL INFO Comm config Blocking set to 1
MOC-R4PCC04U05:45902:45902 [1] NCCL INFO Comm config Blocking set to 1
MOC-R4PCC04U05:45904:45945 [3] NCCL INFO NET/Plugin: Could not find: libnccl-net.so. Using internal net plugin.
MOC-R4PCC04U05:45904:45945 [3] NCCL INFO NCCL_IB_DISABLE set by environment to 1.
MOC-R4PCC04U05:45904:45945 [3] NCCL INFO NCCL_SOCKET_IFNAME set by environment to eno7np0
MOC-R4PCC04U05:45903:45943 [2] NCCL INFO NET/Plugin: Could not find: libnccl-net.so. Using internal net plugin.
MOC-R4PCC04U05:45903:45943 [2] NCCL INFO NCCL_IB_DISABLE set by environment to 1.
MOC-R4PCC04U05:45903:45943 [2] NCCL INFO NCCL_SOCKET_IFNAME set by environment to eno7np0
MOC-R4PCC04U05:45902:45944 [1] NCCL INFO NET/Plugin: Could not find: libnccl-net.so. Using internal net plugin.
MOC-R4PCC04U05:45902:45944 [1] NCCL INFO NCCL_IB_DISABLE set by environment to 1.
MOC-R4PCC04U05:45902:45944 [1] NCCL INFO NCCL_SOCKET_IFNAME set by environment to eno7np0
MOC-R4PCC04U05:45903:45943 [2] NCCL INFO NET/Socket : Using [0]eno7np0:192.168.50.193<0>
MOC-R4PCC04U05:45904:45945 [3] NCCL INFO NET/Socket : Using [0]eno7np0:192.168.50.193<0>
MOC-R4PCC04U05:45902:45944 [1] NCCL INFO NET/Socket : Using [0]eno7np0:192.168.50.193<0>
MOC-R4PCC04U05:45903:45943 [2] NCCL INFO PROFILER/Plugin: Could not find: libnccl-profiler.so. 
MOC-R4PCC04U05:45903:45943 [2] NCCL INFO Using network Socket
MOC-R4PCC04U05:45902:45944 [1] NCCL INFO PROFILER/Plugin: Could not find: libnccl-profiler.so. 
MOC-R4PCC04U05:45902:45944 [1] NCCL INFO Using network Socket
MOC-R4PCC04U05:45904:45945 [3] NCCL INFO PROFILER/Plugin: Could not find: libnccl-profiler.so. 
MOC-R4PCC04U05:45904:45945 [3] NCCL INFO Using network Socket
MOC-R4PCC04U05:45903:45943 [2] NCCL INFO ncclCommInitRankConfig comm 0x558a1c78f4b0 rank 2 nranks 8 cudaDev 2 nvmlDev 2 busId a6000 commId 0xe4a33943ee22edd2 - Init START
MOC-R4PCC04U05:45902:45944 [1] NCCL INFO ncclCommInitRankConfig comm 0x556529f677c0 rank 1 nranks 8 cudaDev 1 nvmlDev 1 busId 26000 commId 0xe4a33943ee22edd2 - Init START
MOC-R4PCC04U05:45904:45945 [3] NCCL INFO ncclCommInitRankConfig comm 0x55aac399dd80 rank 3 nranks 8 cudaDev 3 nvmlDev 3 busId c6000 commId 0xe4a33943ee22edd2 - Init START
MOC-R4PCC04U05:45902:45944 [1] NCCL INFO RAS client listening socket at ::1<28028>
MOC-R4PCC04U05:45903:45943 [2] NCCL INFO RAS client listening socket at ::1<28028>
MOC-R4PCC04U05:45904:45945 [3] NCCL INFO RAS client listening socket at ::1<28028>
MOC-R4PCC04U05:45901:45942 [0] NCCL INFO RAS client listening socket at ::1<28028>
MOC-R4PCC04U05:45901:45942 [0] NCCL INFO Bootstrap timings total 2.168196 (create 0.000157, send 0.000405, recv 2.022454, ring 0.000765, delay 0.000000)
MOC-R4PCC04U05:45904:45945 [3] NCCL INFO Bootstrap timings total 0.146012 (create 0.000136, send 0.000234, recv 0.000811, ring 0.143351, delay 0.000000)
MOC-R4PCC04U05:45902:45944 [1] NCCL INFO Bootstrap timings total 0.146090 (create 0.000140, send 0.000258, recv 0.000490, ring 0.144036, delay 0.000000)
MOC-R4PCC04U05:45903:45943 [2] NCCL INFO Bootstrap timings total 0.146391 (create 0.000157, send 0.000237, recv 0.000983, ring 0.143672, delay 0.000000)
MOC-R4PCC04U05:45901:45942 [0] NCCL INFO Setting affinity for GPU 0 to ffffffff,ffffffff,ffffffff,ffffffff,00000000,00000000,00000000,00000000,ffffffff,ffffffff,ffffffff,ffffffff
MOC-R4PCC04U05:45901:45942 [0] NCCL INFO NVLS multicast support is not available on dev 0
MOC-R4PCC04U05:45902:45944 [1] NCCL INFO Setting affinity for GPU 1 to ffffffff,ffffffff,ffffffff,ffffffff,00000000,00000000,00000000,00000000,ffffffff,ffffffff,ffffffff,ffffffff
MOC-R4PCC04U05:45902:45944 [1] NCCL INFO NVLS multicast support is not available on dev 1
MOC-R4PCC04U05:45904:45945 [3] NCCL INFO Setting affinity for GPU 3 to ffffffff,ffffffff,ffffffff,ffffffff,00000000,00000000,00000000,00000000,ffffffff,ffffffff,ffffffff,ffffffff,00000000,00000000,00000000,00000000
MOC-R4PCC04U05:45904:45945 [3] NCCL INFO NVLS multicast support is not available on dev 3
MOC-R4PCC04U05:45903:45943 [2] NCCL INFO Setting affinity for GPU 2 to ffffffff,ffffffff,ffffffff,ffffffff,00000000,00000000,00000000,00000000,ffffffff,ffffffff,ffffffff,ffffffff,00000000,00000000,00000000,00000000
MOC-R4PCC04U05:45903:45943 [2] NCCL INFO NVLS multicast support is not available on dev 2
MOC-R4PCC04U05:45904:45945 [3] NCCL INFO comm 0x55aac399dd80 rank 3 nRanks 8 nNodes 2 localRanks 4 localRank 3 MNNVL 0
MOC-R4PCC04U05:45903:45943 [2] NCCL INFO comm 0x558a1c78f4b0 rank 2 nRanks 8 nNodes 2 localRanks 4 localRank 2 MNNVL 0
MOC-R4PCC04U05:45902:45944 [1] NCCL INFO comm 0x556529f677c0 rank 1 nRanks 8 nNodes 2 localRanks 4 localRank 1 MNNVL 0
MOC-R4PCC04U05:45904:45945 [3] NCCL INFO Trees [0] 0/7/-1->3->-1 [1] 0/7/-1->3->-1 [2] 0/-1/-1->3->7 [3] 0/-1/-1->3->7
MOC-R4PCC04U05:45904:45945 [3] NCCL INFO P2P Chunksize set to 131072
MOC-R4PCC04U05:45901:45942 [0] NCCL INFO comm 0x5560459907d0 rank 0 nRanks 8 nNodes 2 localRanks 4 localRank 0 MNNVL 0
MOC-R4PCC04U05:45903:45943 [2] NCCL INFO Trees [0] -1/-1/-1->2->1 [1] -1/-1/-1->2->1 [2] -1/-1/-1->2->1 [3] -1/-1/-1->2->1
MOC-R4PCC04U05:45903:45943 [2] NCCL INFO P2P Chunksize set to 131072
MOC-R4PCC04U05:45902:45944 [1] NCCL INFO Trees [0] 2/-1/-1->1->0 [1] 2/-1/-1->1->0 [2] 2/-1/-1->1->0 [3] 2/-1/-1->1->0
MOC-R4PCC04U05:45901:45942 [0] NCCL INFO Channel 00/04 : 0 3 6 5 4 7 2 1
MOC-R4PCC04U05:45902:45944 [1] NCCL INFO P2P Chunksize set to 131072
MOC-R4PCC04U05:45901:45942 [0] NCCL INFO Channel 01/04 : 0 2 7 5 4 6 3 1
MOC-R4PCC04U05:45901:45942 [0] NCCL INFO Channel 02/04 : 0 3 6 5 4 7 2 1
MOC-R4PCC04U05:45901:45942 [0] NCCL INFO Channel 03/04 : 0 2 7 5 4 6 3 1
MOC-R4PCC04U05:45901:45942 [0] NCCL INFO Trees [0] 1/-1/-1->0->3 [1] 1/-1/-1->0->3 [2] 1/-1/-1->0->3 [3] 1/-1/-1->0->3
MOC-R4PCC04U05:45901:45942 [0] NCCL INFO P2P Chunksize set to 131072
MOC-R4PCC04U05:45901:45942 [0] NCCL INFO Check P2P Type intraNodeP2pSupport 1 directMode 0
MOC-R4PCC04U05:45904:45952 [3] NCCL INFO [Proxy Service] Device 3 CPU core 424
MOC-R4PCC04U05:45903:45953 [2] NCCL INFO [Proxy Service] Device 2 CPU core 138
MOC-R4PCC04U05:45902:45956 [1] NCCL INFO [Proxy Service] Device 1 CPU core 271
MOC-R4PCC04U05:45904:45955 [3] NCCL INFO [Proxy Service UDS] Device 3 CPU core 433
MOC-R4PCC04U05:45901:45957 [0] NCCL INFO [Proxy Service] Device 0 CPU core 264
MOC-R4PCC04U05:45903:45954 [2] NCCL INFO [Proxy Service UDS] Device 2 CPU core 145
MOC-R4PCC04U05:45901:45958 [0] NCCL INFO [Proxy Service UDS] Device 0 CPU core 279
MOC-R4PCC04U05:45902:45959 [1] NCCL INFO [Proxy Service UDS] Device 1 CPU core 27
MOC-R4PCC04U05:45903:45943 [2] NCCL INFO threadThresholds 8/8/64 | 64/8/64 | 512 | 512
MOC-R4PCC04U05:45903:45943 [2] NCCL INFO 4 coll channels, 4 collnet channels, 0 nvls channels, 4 p2p channels, 2 p2p channels per peer
MOC-R4PCC04U05:45904:45945 [3] NCCL INFO threadThresholds 8/8/64 | 64/8/64 | 512 | 512
MOC-R4PCC04U05:45904:45945 [3] NCCL INFO 4 coll channels, 4 collnet channels, 0 nvls channels, 4 p2p channels, 2 p2p channels per peer
MOC-R4PCC04U05:45902:45944 [1] NCCL INFO threadThresholds 8/8/64 | 64/8/64 | 512 | 512
MOC-R4PCC04U05:45902:45944 [1] NCCL INFO 4 coll channels, 4 collnet channels, 0 nvls channels, 4 p2p channels, 2 p2p channels per peer
MOC-R4PCC04U05:45901:45942 [0] NCCL INFO threadThresholds 8/8/64 | 64/8/64 | 512 | 512
MOC-R4PCC04U05:45901:45942 [0] NCCL INFO 4 coll channels, 4 collnet channels, 0 nvls channels, 4 p2p channels, 2 p2p channels per peer
MOC-R4PCC04U05:45901:45942 [0] NCCL INFO CC Off, workFifoBytes 1048576
MOC-R4PCC04U05:45903:45943 [2] NCCL INFO TUNER/Plugin: Could not find: libnccl-tuner.so. Using internal tuner plugin.
MOC-R4PCC04U05:45902:45944 [1] NCCL INFO TUNER/Plugin: Could not find: libnccl-tuner.so. Using internal tuner plugin.
MOC-R4PCC04U05:45903:45943 [2] NCCL INFO ncclCommInitRankConfig comm 0x558a1c78f4b0 rank 2 nranks 8 cudaDev 2 nvmlDev 2 busId a6000 commId 0xe4a33943ee22edd2 - Init COMPLETE
MOC-R4PCC04U05:45902:45944 [1] NCCL INFO ncclCommInitRankConfig comm 0x556529f677c0 rank 1 nranks 8 cudaDev 1 nvmlDev 1 busId 26000 commId 0xe4a33943ee22edd2 - Init COMPLETE
MOC-R4PCC04U05:45902:45944 [1] NCCL INFO Init timings - ncclCommInitRankConfig: rank 1 nranks 8 total 3.24 (kernels 0.31, alloc 1.70, bootstrap 0.15, allgathers 0.09, topo 0.75, graphs 0.00, connections 0.23, rest 0.01)
MOC-R4PCC04U05:45903:45943 [2] NCCL INFO Init timings - ncclCommInitRankConfig: rank 2 nranks 8 total 3.24 (kernels 0.31, alloc 1.70, bootstrap 0.15, allgathers 0.09, topo 0.75, graphs 0.00, connections 0.22, rest 0.02)
MOC-R4PCC04U05:45904:45945 [3] NCCL INFO TUNER/Plugin: Could not find: libnccl-tuner.so. Using internal tuner plugin.
MOC-R4PCC04U05:45904:45945 [3] NCCL INFO ncclCommInitRankConfig comm 0x55aac399dd80 rank 3 nranks 8 cudaDev 3 nvmlDev 3 busId c6000 commId 0xe4a33943ee22edd2 - Init COMPLETE
MOC-R4PCC04U05:45904:45945 [3] NCCL INFO Init timings - ncclCommInitRankConfig: rank 3 nranks 8 total 3.24 (kernels 0.31, alloc 1.70, bootstrap 0.15, allgathers 0.09, topo 0.75, graphs 0.00, connections 0.22, rest 0.02)
MOC-R4PCC04U05:45901:45942 [0] NCCL INFO TUNER/Plugin: Could not find: libnccl-tuner.so. Using internal tuner plugin.
MOC-R4PCC04U05:45901:45942 [0] NCCL INFO ncclCommInitRankConfig comm 0x5560459907d0 rank 0 nranks 8 cudaDev 0 nvmlDev 0 busId 6000 commId 0xe4a33943ee22edd2 - Init COMPLETE
MOC-R4PCC04U05:45901:45942 [0] NCCL INFO Init timings - ncclCommInitRankConfig: rank 0 nranks 8 total 4.14 (kernels 0.31, alloc 0.58, bootstrap 2.17, allgathers 0.09, topo 0.75, graphs 0.01, connections 0.24, rest 0.00)
MOC-R4PCC04U05:45901:45965 [0] NCCL INFO Channel 01/0 : 0[0] -> 2[2] via P2P/CUMEM
MOC-R4PCC04U05:45901:45965 [0] NCCL INFO Channel 03/0 : 0[0] -> 2[2] via P2P/CUMEM
MOC-R4PCC04U05:45901:45965 [0] NCCL INFO Channel 00/0 : 0[0] -> 3[3] via P2P/CUMEM
MOC-R4PCC04U05:45901:45965 [0] NCCL INFO Channel 02/0 : 0[0] -> 3[3] via P2P/CUMEM
MOC-R4PCC04U05:45904:45966 [3] NCCL INFO [Proxy Progress] Device 3 CPU core 145
MOC-R4PCC04U05:45904:45964 [3] NCCL INFO Channel 00/0 : 3[3] -> 6[2] [send] via NET/Socket/0
MOC-R4PCC04U05:45904:45964 [3] NCCL INFO Channel 02/0 : 3[3] -> 6[2] [send] via NET/Socket/0
MOC-R4PCC04U05:45903:45967 [2] NCCL INFO [Proxy Progress] Device 2 CPU core 424
MOC-R4PCC04U05:45903:45962 [2] NCCL INFO Channel 00/0 : 7[3] -> 2[2] [receive] via NET/Socket/0
MOC-R4PCC04U05:45903:45962 [2] NCCL INFO Channel 02/0 : 7[3] -> 2[2] [receive] via NET/Socket/0
MOC-R4PCC04U05:45904:45964 [3] NCCL INFO Channel 01/0 : 6[2] -> 3[3] [receive] via NET/Socket/0
MOC-R4PCC04U05:45904:45964 [3] NCCL INFO Channel 03/0 : 6[2] -> 3[3] [receive] via NET/Socket/0
MOC-R4PCC04U05:45904:45964 [3] NCCL INFO Channel 01/0 : 3[3] -> 1[1] via P2P/CUMEM
MOC-R4PCC04U05:45903:45962 [2] NCCL INFO Channel 01/0 : 2[2] -> 7[3] [send] via NET/Socket/0
MOC-R4PCC04U05:45903:45962 [2] NCCL INFO Channel 03/0 : 2[2] -> 7[3] [send] via NET/Socket/0
MOC-R4PCC04U05:45903:45962 [2] NCCL INFO Channel 00/0 : 2[2] -> 1[1] via P2P/CUMEM
MOC-R4PCC04U05:45904:45964 [3] NCCL INFO Channel 03/0 : 3[3] -> 1[1] via P2P/CUMEM
MOC-R4PCC04U05:45903:45962 [2] NCCL INFO Channel 02/0 : 2[2] -> 1[1] via P2P/CUMEM
MOC-R4PCC04U05:45902:45963 [1] NCCL INFO Channel 00/0 : 1[1] -> 0[0] via P2P/CUMEM
MOC-R4PCC04U05:45902:45963 [1] NCCL INFO Channel 01/0 : 1[1] -> 0[0] via P2P/CUMEM
MOC-R4PCC04U05:45902:45963 [1] NCCL INFO Channel 02/0 : 1[1] -> 0[0] via P2P/CUMEM
MOC-R4PCC04U05:45902:45963 [1] NCCL INFO Channel 03/0 : 1[1] -> 0[0] via P2P/CUMEM
MOC-R4PCC04U05:45904:45964 [3] NCCL INFO Connected all rings, use ring PXN 0 GDR 0
MOC-R4PCC04U05:45902:45963 [1] NCCL INFO Connected all rings, use ring PXN 0 GDR 0
MOC-R4PCC04U05:45903:45962 [2] NCCL INFO Connected all rings, use ring PXN 0 GDR 0
MOC-R4PCC04U05:45901:45965 [0] NCCL INFO Connected all rings, use ring PXN 0 GDR 0
num decayed parameter tensors: 50, with 124,318,464 parameters
num non-decayed parameter tensors: 98, with 121,344 parameters
using fused AdamW: False
using regular AdamW
MOC-R4PCC04U05:45901:46657 [0] NCCL INFO Channel 00/0 : 0[0] -> 1[1] via P2P/CUMEM
MOC-R4PCC04U05:45901:46657 [0] NCCL INFO Channel 01/0 : 0[0] -> 1[1] via P2P/CUMEM
MOC-R4PCC04U05:45901:46657 [0] NCCL INFO Channel 02/0 : 0[0] -> 1[1] via P2P/CUMEM
MOC-R4PCC04U05:45901:46657 [0] NCCL INFO Channel 03/0 : 0[0] -> 1[1] via P2P/CUMEM
MOC-R4PCC04U05:45902:46659 [1] NCCL INFO Channel 00/0 : 1[1] -> 2[2] via P2P/CUMEM
MOC-R4PCC04U05:45902:46659 [1] NCCL INFO Channel 01/0 : 1[1] -> 2[2] via P2P/CUMEM
MOC-R4PCC04U05:45902:46659 [1] NCCL INFO Channel 02/0 : 1[1] -> 2[2] via P2P/CUMEM
MOC-R4PCC04U05:45902:46659 [1] NCCL INFO Channel 03/0 : 1[1] -> 2[2] via P2P/CUMEM
MOC-R4PCC04U05:45901:46657 [0] NCCL INFO Channel 01/0 : 0[0] -> 3[3] via P2P/CUMEM
MOC-R4PCC04U05:45903:46656 [2] NCCL INFO Channel 01/0 : 2[2] -> 1[1] via P2P/CUMEM
MOC-R4PCC04U05:45901:46657 [0] NCCL INFO Channel 03/0 : 0[0] -> 3[3] via P2P/CUMEM
MOC-R4PCC04U05:45903:46656 [2] NCCL INFO Channel 03/0 : 2[2] -> 1[1] via P2P/CUMEM
MOC-R4PCC04U05:45904:46658 [3] NCCL INFO Channel 00/0 : 7[3] -> 3[3] [receive] via NET/Socket/0
MOC-R4PCC04U05:45904:46658 [3] NCCL INFO Channel 01/0 : 7[3] -> 3[3] [receive] via NET/Socket/0
MOC-R4PCC04U05:45904:46658 [3] NCCL INFO Channel 02/0 : 7[3] -> 3[3] [receive] via NET/Socket/0
MOC-R4PCC04U05:45904:46658 [3] NCCL INFO Channel 03/0 : 7[3] -> 3[3] [receive] via NET/Socket/0
MOC-R4PCC04U05:45904:46658 [3] NCCL INFO Channel 00/0 : 3[3] -> 7[3] [send] via NET/Socket/0
MOC-R4PCC04U05:45904:46658 [3] NCCL INFO Channel 01/0 : 3[3] -> 7[3] [send] via NET/Socket/0
MOC-R4PCC04U05:45904:46658 [3] NCCL INFO Channel 02/0 : 3[3] -> 7[3] [send] via NET/Socket/0
MOC-R4PCC04U05:45904:46658 [3] NCCL INFO Channel 03/0 : 3[3] -> 7[3] [send] via NET/Socket/0
MOC-R4PCC04U05:45904:46658 [3] NCCL INFO Channel 00/0 : 3[3] -> 0[0] via P2P/CUMEM
MOC-R4PCC04U05:45904:46658 [3] NCCL INFO Channel 01/0 : 3[3] -> 0[0] via P2P/CUMEM
MOC-R4PCC04U05:45904:46658 [3] NCCL INFO Channel 02/0 : 3[3] -> 0[0] via P2P/CUMEM
MOC-R4PCC04U05:45904:46658 [3] NCCL INFO Channel 03/0 : 3[3] -> 0[0] via P2P/CUMEM
MOC-R4PCC04U05:45903:46656 [2] NCCL INFO Connected all trees
MOC-R4PCC04U05:45902:46659 [1] NCCL INFO Connected all trees
MOC-R4PCC04U05:45904:46658 [3] NCCL INFO Connected all trees
MOC-R4PCC04U05:45901:46657 [0] NCCL INFO Connected all trees
step    1/10 | train loss 11.010131 | norm 15.4558 | lr 1.00e-04 | (15275.64 ms | 85805 tok/s)
step    2/10 | train loss 10.134743 | norm 5.7681 | lr 1.00e-04 | (877.83 ms | 1493140 tok/s)
step    3/10 | train loss 9.792709 | norm 2.6181 | lr 1.00e-04 | (883.65 ms | 1483301 tok/s)
step    4/10 | train loss 9.622601 | norm 2.1198 | lr 1.00e-04 | (900.54 ms | 1455479 tok/s)
step    5/10 | train loss 9.539338 | norm 2.1126 | lr 1.00e-04 | (882.27 ms | 1485625 tok/s)
step    6/10 | train loss 9.457714 | norm 2.0030 | lr 1.00e-04 | (893.95 ms | 1466220 tok/s)
step    7/10 | train loss 9.371847 | norm 1.9528 | lr 1.00e-04 | (887.87 ms | 1476246 tok/s)
step    8/10 | train loss 9.279830 | norm 1.9192 | lr 1.00e-04 | (920.00 ms | 1424694 tok/s)
step    9/10 | train loss 9.184065 | norm 1.8637 | lr 1.00e-04 | (917.87 ms | 1428008 tok/s)
step   10/10 | train loss 9.097851 | norm 1.7989 | lr 1.00e-04 | (893.10 ms | 1467611 tok/s)
final 9 iters avg: 895.230ms
peak memory consumption: 16601 MiB
MOC-R4PCC04U05:45902:46672 [1] NCCL INFO comm 0x556529f677c0 rank 1 nranks 8 cudaDev 1 busId 26000 - Destroy COMPLETE
MOC-R4PCC04U05:45903:46671 [2] NCCL INFO comm 0x558a1c78f4b0 rank 2 nranks 8 cudaDev 2 busId a6000 - Destroy COMPLETE
MOC-R4PCC04U05:45904:46669 [3] NCCL INFO comm 0x55aac399dd80 rank 3 nranks 8 cudaDev 3 busId c6000 - Destroy COMPLETE
MOC-R4PCC04U05:45901:46670 [0] NCCL INFO comm 0x5560459907d0 rank 0 nranks 8 cudaDev 0 busId 6000 - Destroy COMPLETE
