Running pytorch 2.7.0+cu126
using device: cuda:0
total desired batch size: 786432
=> calculated gradient accumulation steps: 3
using device: cuda:1
using device: cuda:3
using device: cuda:2
compiling the model...
DataLoader: total number of tokens: 1,661,249,667 across 103 files
MOC-R4PCC04U05:238989:238989 [0] NCCL INFO NCCL_SOCKET_IFNAME set by environment to eno7np0
MOC-R4PCC04U05:238989:238989 [0] NCCL INFO Bootstrap: Using eno7np0:192.168.50.193<0>
MOC-R4PCC04U05:238989:238989 [0] NCCL INFO cudaDriverVersion 12040
MOC-R4PCC04U05:238989:238989 [0] NCCL INFO NCCL version 2.26.2+cuda12.2
MOC-R4PCC04U05:238989:238989 [0] NCCL INFO Comm config Blocking set to 1
MOC-R4PCC04U05:238990:238990 [1] NCCL INFO cudaDriverVersion 12040
MOC-R4PCC04U05:238990:238990 [1] NCCL INFO NCCL_SOCKET_IFNAME set by environment to eno7np0
MOC-R4PCC04U05:238990:238990 [1] NCCL INFO Bootstrap: Using eno7np0:192.168.50.193<0>
MOC-R4PCC04U05:238990:238990 [1] NCCL INFO NCCL version 2.26.2+cuda12.2
MOC-R4PCC04U05:238990:238990 [1] NCCL INFO Comm config Blocking set to 1
MOC-R4PCC04U05:238992:238992 [3] NCCL INFO cudaDriverVersion 12040
MOC-R4PCC04U05:238992:238992 [3] NCCL INFO NCCL_SOCKET_IFNAME set by environment to eno7np0
MOC-R4PCC04U05:238992:238992 [3] NCCL INFO Bootstrap: Using eno7np0:192.168.50.193<0>
MOC-R4PCC04U05:238992:238992 [3] NCCL INFO NCCL version 2.26.2+cuda12.2
MOC-R4PCC04U05:238992:238992 [3] NCCL INFO Comm config Blocking set to 1
MOC-R4PCC04U05:238989:239037 [0] NCCL INFO NET/Plugin: Could not find: libnccl-net.so. Using internal net plugin.
MOC-R4PCC04U05:238989:239037 [0] NCCL INFO NCCL_IB_DISABLE set by environment to 1.
MOC-R4PCC04U05:238989:239037 [0] NCCL INFO NCCL_SOCKET_IFNAME set by environment to eno7np0
MOC-R4PCC04U05:238989:239037 [0] NCCL INFO NET/Socket : Using [0]eno7np0:192.168.50.193<0>
MOC-R4PCC04U05:238989:239037 [0] NCCL INFO PROFILER/Plugin: Could not find: libnccl-profiler.so. 
MOC-R4PCC04U05:238989:239037 [0] NCCL INFO Using network Socket
MOC-R4PCC04U05:238989:239037 [0] NCCL INFO ncclCommInitRankConfig comm 0x5612b0f03b70 rank 0 nranks 8 cudaDev 0 nvmlDev 0 busId 6000 commId 0x6d982b555b937a51 - Init START
MOC-R4PCC04U05:238991:238991 [2] NCCL INFO cudaDriverVersion 12040
MOC-R4PCC04U05:238991:238991 [2] NCCL INFO NCCL_SOCKET_IFNAME set by environment to eno7np0
MOC-R4PCC04U05:238991:238991 [2] NCCL INFO Bootstrap: Using eno7np0:192.168.50.193<0>
MOC-R4PCC04U05:238991:238991 [2] NCCL INFO NCCL version 2.26.2+cuda12.2
MOC-R4PCC04U05:238991:238991 [2] NCCL INFO Comm config Blocking set to 1
MOC-R4PCC04U05:238992:239039 [3] NCCL INFO NET/Plugin: Could not find: libnccl-net.so. Using internal net plugin.
MOC-R4PCC04U05:238992:239039 [3] NCCL INFO NCCL_IB_DISABLE set by environment to 1.
MOC-R4PCC04U05:238992:239039 [3] NCCL INFO NCCL_SOCKET_IFNAME set by environment to eno7np0
MOC-R4PCC04U05:238992:239039 [3] NCCL INFO NET/Socket : Using [0]eno7np0:192.168.50.193<0>
MOC-R4PCC04U05:238992:239039 [3] NCCL INFO PROFILER/Plugin: Could not find: libnccl-profiler.so. 
MOC-R4PCC04U05:238992:239039 [3] NCCL INFO Using network Socket
MOC-R4PCC04U05:238990:239038 [1] NCCL INFO NET/Plugin: Could not find: libnccl-net.so. Using internal net plugin.
MOC-R4PCC04U05:238990:239038 [1] NCCL INFO NCCL_IB_DISABLE set by environment to 1.
MOC-R4PCC04U05:238990:239038 [1] NCCL INFO NCCL_SOCKET_IFNAME set by environment to eno7np0
MOC-R4PCC04U05:238990:239038 [1] NCCL INFO NET/Socket : Using [0]eno7np0:192.168.50.193<0>
MOC-R4PCC04U05:238990:239038 [1] NCCL INFO PROFILER/Plugin: Could not find: libnccl-profiler.so. 
MOC-R4PCC04U05:238990:239038 [1] NCCL INFO Using network Socket
MOC-R4PCC04U05:238992:239039 [3] NCCL INFO ncclCommInitRankConfig comm 0x55886ee8f1b0 rank 3 nranks 8 cudaDev 3 nvmlDev 3 busId c6000 commId 0x6d982b555b937a51 - Init START
MOC-R4PCC04U05:238990:239038 [1] NCCL INFO ncclCommInitRankConfig comm 0x563a45702390 rank 1 nranks 8 cudaDev 1 nvmlDev 1 busId 26000 commId 0x6d982b555b937a51 - Init START
MOC-R4PCC04U05:238989:239037 [0] NCCL INFO RAS client listening socket at ::1<28028>
MOC-R4PCC04U05:238991:239040 [2] NCCL INFO NET/Plugin: Could not find: libnccl-net.so. Using internal net plugin.
MOC-R4PCC04U05:238991:239040 [2] NCCL INFO NCCL_IB_DISABLE set by environment to 1.
MOC-R4PCC04U05:238991:239040 [2] NCCL INFO NCCL_SOCKET_IFNAME set by environment to eno7np0
MOC-R4PCC04U05:238991:239040 [2] NCCL INFO NET/Socket : Using [0]eno7np0:192.168.50.193<0>
MOC-R4PCC04U05:238991:239040 [2] NCCL INFO PROFILER/Plugin: Could not find: libnccl-profiler.so. 
MOC-R4PCC04U05:238991:239040 [2] NCCL INFO Using network Socket
MOC-R4PCC04U05:238991:239040 [2] NCCL INFO ncclCommInitRankConfig comm 0x5610d59740b0 rank 2 nranks 8 cudaDev 2 nvmlDev 2 busId a6000 commId 0x6d982b555b937a51 - Init START
MOC-R4PCC04U05:238992:239039 [3] NCCL INFO RAS client listening socket at ::1<28028>
MOC-R4PCC04U05:238991:239040 [2] NCCL INFO RAS client listening socket at ::1<28028>
MOC-R4PCC04U05:238990:239038 [1] NCCL INFO RAS client listening socket at ::1<28028>
MOC-R4PCC04U05:238992:239039 [3] NCCL INFO Bootstrap timings total 0.795295 (create 0.000153, send 0.000345, recv 0.000438, ring 0.140077, delay 0.000001)
MOC-R4PCC04U05:238991:239040 [2] NCCL INFO Bootstrap timings total 0.142627 (create 0.000143, send 0.000325, recv 0.000601, ring 0.140248, delay 0.000000)
MOC-R4PCC04U05:238990:239038 [1] NCCL INFO Bootstrap timings total 0.785438 (create 0.000151, send 0.000341, recv 0.643251, ring 0.140056, delay 0.000001)
MOC-R4PCC04U05:238989:239037 [0] NCCL INFO Bootstrap timings total 2.115229 (create 0.000155, send 0.000481, recv 1.330015, ring 0.765468, delay 0.000001)
MOC-R4PCC04U05:238990:239038 [1] NCCL INFO Setting affinity for GPU 1 to ffffffff,ffffffff,ffffffff,ffffffff,00000000,00000000,00000000,00000000,ffffffff,ffffffff,ffffffff,ffffffff
MOC-R4PCC04U05:238990:239038 [1] NCCL INFO NVLS multicast support is not available on dev 1
MOC-R4PCC04U05:238991:239040 [2] NCCL INFO Setting affinity for GPU 2 to ffffffff,ffffffff,ffffffff,ffffffff,00000000,00000000,00000000,00000000,ffffffff,ffffffff,ffffffff,ffffffff,00000000,00000000,00000000,00000000
MOC-R4PCC04U05:238991:239040 [2] NCCL INFO NVLS multicast support is not available on dev 2
MOC-R4PCC04U05:238989:239037 [0] NCCL INFO Setting affinity for GPU 0 to ffffffff,ffffffff,ffffffff,ffffffff,00000000,00000000,00000000,00000000,ffffffff,ffffffff,ffffffff,ffffffff
MOC-R4PCC04U05:238989:239037 [0] NCCL INFO NVLS multicast support is not available on dev 0
MOC-R4PCC04U05:238992:239039 [3] NCCL INFO Setting affinity for GPU 3 to ffffffff,ffffffff,ffffffff,ffffffff,00000000,00000000,00000000,00000000,ffffffff,ffffffff,ffffffff,ffffffff,00000000,00000000,00000000,00000000
MOC-R4PCC04U05:238992:239039 [3] NCCL INFO NVLS multicast support is not available on dev 3
MOC-R4PCC04U05:238992:239039 [3] NCCL INFO comm 0x55886ee8f1b0 rank 3 nRanks 8 nNodes 2 localRanks 4 localRank 3 MNNVL 0
MOC-R4PCC04U05:238991:239040 [2] NCCL INFO comm 0x5610d59740b0 rank 2 nRanks 8 nNodes 2 localRanks 4 localRank 2 MNNVL 0
MOC-R4PCC04U05:238990:239038 [1] NCCL INFO comm 0x563a45702390 rank 1 nRanks 8 nNodes 2 localRanks 4 localRank 1 MNNVL 0
MOC-R4PCC04U05:238992:239039 [3] NCCL INFO Trees [0] 0/7/-1->3->-1 [1] 0/7/-1->3->-1 [2] 0/-1/-1->3->7 [3] 0/-1/-1->3->7
MOC-R4PCC04U05:238992:239039 [3] NCCL INFO P2P Chunksize set to 131072
MOC-R4PCC04U05:238989:239037 [0] NCCL INFO comm 0x5612b0f03b70 rank 0 nRanks 8 nNodes 2 localRanks 4 localRank 0 MNNVL 0
MOC-R4PCC04U05:238991:239040 [2] NCCL INFO Trees [0] -1/-1/-1->2->1 [1] -1/-1/-1->2->1 [2] -1/-1/-1->2->1 [3] -1/-1/-1->2->1
MOC-R4PCC04U05:238991:239040 [2] NCCL INFO P2P Chunksize set to 131072
MOC-R4PCC04U05:238990:239038 [1] NCCL INFO Trees [0] 2/-1/-1->1->0 [1] 2/-1/-1->1->0 [2] 2/-1/-1->1->0 [3] 2/-1/-1->1->0
MOC-R4PCC04U05:238990:239038 [1] NCCL INFO P2P Chunksize set to 131072
MOC-R4PCC04U05:238989:239037 [0] NCCL INFO Channel 00/04 : 0 3 6 5 4 7 2 1
MOC-R4PCC04U05:238989:239037 [0] NCCL INFO Channel 01/04 : 0 2 7 5 4 6 3 1
MOC-R4PCC04U05:238989:239037 [0] NCCL INFO Channel 02/04 : 0 3 6 5 4 7 2 1
MOC-R4PCC04U05:238989:239037 [0] NCCL INFO Channel 03/04 : 0 2 7 5 4 6 3 1
MOC-R4PCC04U05:238989:239037 [0] NCCL INFO Trees [0] 1/-1/-1->0->3 [1] 1/-1/-1->0->3 [2] 1/-1/-1->0->3 [3] 1/-1/-1->0->3
MOC-R4PCC04U05:238989:239037 [0] NCCL INFO P2P Chunksize set to 131072
MOC-R4PCC04U05:238989:239037 [0] NCCL INFO Check P2P Type intraNodeP2pSupport 1 directMode 0
MOC-R4PCC04U05:238992:239049 [3] NCCL INFO [Proxy Service] Device 3 CPU core 502
MOC-R4PCC04U05:238991:239050 [2] NCCL INFO [Proxy Service] Device 2 CPU core 460
MOC-R4PCC04U05:238990:239052 [1] NCCL INFO [Proxy Service] Device 1 CPU core 8
MOC-R4PCC04U05:238992:239051 [3] NCCL INFO [Proxy Service UDS] Device 3 CPU core 415
MOC-R4PCC04U05:238989:239053 [0] NCCL INFO [Proxy Service] Device 0 CPU core 275
MOC-R4PCC04U05:238991:239054 [2] NCCL INFO [Proxy Service UDS] Device 2 CPU core 167
MOC-R4PCC04U05:238990:239056 [1] NCCL INFO [Proxy Service UDS] Device 1 CPU core 25
MOC-R4PCC04U05:238989:239055 [0] NCCL INFO [Proxy Service UDS] Device 0 CPU core 26
MOC-R4PCC04U05:238992:239039 [3] NCCL INFO threadThresholds 8/8/64 | 64/8/64 | 512 | 512
MOC-R4PCC04U05:238992:239039 [3] NCCL INFO 4 coll channels, 4 collnet channels, 0 nvls channels, 4 p2p channels, 2 p2p channels per peer
MOC-R4PCC04U05:238991:239040 [2] NCCL INFO threadThresholds 8/8/64 | 64/8/64 | 512 | 512
MOC-R4PCC04U05:238991:239040 [2] NCCL INFO 4 coll channels, 4 collnet channels, 0 nvls channels, 4 p2p channels, 2 p2p channels per peer
MOC-R4PCC04U05:238989:239037 [0] NCCL INFO threadThresholds 8/8/64 | 64/8/64 | 512 | 512
MOC-R4PCC04U05:238989:239037 [0] NCCL INFO 4 coll channels, 4 collnet channels, 0 nvls channels, 4 p2p channels, 2 p2p channels per peer
MOC-R4PCC04U05:238990:239038 [1] NCCL INFO threadThresholds 8/8/64 | 64/8/64 | 512 | 512
MOC-R4PCC04U05:238990:239038 [1] NCCL INFO 4 coll channels, 4 collnet channels, 0 nvls channels, 4 p2p channels, 2 p2p channels per peer
MOC-R4PCC04U05:238989:239037 [0] NCCL INFO CC Off, workFifoBytes 1048576
MOC-R4PCC04U05:238991:239040 [2] NCCL INFO TUNER/Plugin: Could not find: libnccl-tuner.so. Using internal tuner plugin.
MOC-R4PCC04U05:238992:239039 [3] NCCL INFO TUNER/Plugin: Could not find: libnccl-tuner.so. Using internal tuner plugin.
MOC-R4PCC04U05:238991:239040 [2] NCCL INFO ncclCommInitRankConfig comm 0x5610d59740b0 rank 2 nranks 8 cudaDev 2 nvmlDev 2 busId a6000 commId 0x6d982b555b937a51 - Init COMPLETE
MOC-R4PCC04U05:238992:239039 [3] NCCL INFO ncclCommInitRankConfig comm 0x55886ee8f1b0 rank 3 nranks 8 cudaDev 3 nvmlDev 3 busId c6000 commId 0x6d982b555b937a51 - Init COMPLETE
MOC-R4PCC04U05:238991:239040 [2] NCCL INFO Init timings - ncclCommInitRankConfig: rank 2 nranks 8 total 3.03 (kernels 1.40, alloc 0.56, bootstrap 0.14, allgathers 0.01, topo 0.87, graphs 0.00, connections 0.03, rest 0.01)
MOC-R4PCC04U05:238992:239039 [3] NCCL INFO Init timings - ncclCommInitRankConfig: rank 3 nranks 8 total 3.62 (kernels 0.77, alloc 1.12, bootstrap 0.80, allgathers 0.01, topo 0.88, graphs 0.00, connections 0.02, rest 0.02)
MOC-R4PCC04U05:238990:239038 [1] NCCL INFO TUNER/Plugin: Could not find: libnccl-tuner.so. Using internal tuner plugin.
MOC-R4PCC04U05:238990:239038 [1] NCCL INFO ncclCommInitRankConfig comm 0x563a45702390 rank 1 nranks 8 cudaDev 1 nvmlDev 1 busId 26000 commId 0x6d982b555b937a51 - Init COMPLETE
MOC-R4PCC04U05:238990:239038 [1] NCCL INFO Init timings - ncclCommInitRankConfig: rank 1 nranks 8 total 3.65 (kernels 0.80, alloc 1.13, bootstrap 0.79, allgathers 0.01, topo 0.87, graphs 0.00, connections 0.04, rest 0.00)
MOC-R4PCC04U05:238989:239037 [0] NCCL INFO TUNER/Plugin: Could not find: libnccl-tuner.so. Using internal tuner plugin.
MOC-R4PCC04U05:238989:239037 [0] NCCL INFO ncclCommInitRankConfig comm 0x5612b0f03b70 rank 0 nranks 8 cudaDev 0 nvmlDev 0 busId 6000 commId 0x6d982b555b937a51 - Init COMPLETE
MOC-R4PCC04U05:238989:239037 [0] NCCL INFO Init timings - ncclCommInitRankConfig: rank 0 nranks 8 total 3.94 (kernels 0.32, alloc 0.57, bootstrap 2.12, allgathers 0.00, topo 0.87, graphs 0.01, connections 0.03, rest 0.01)
MOC-R4PCC04U05:238989:239060 [0] NCCL INFO Channel 01/0 : 0[0] -> 2[2] via P2P/CUMEM
MOC-R4PCC04U05:238989:239060 [0] NCCL INFO Channel 03/0 : 0[0] -> 2[2] via P2P/CUMEM
MOC-R4PCC04U05:238989:239060 [0] NCCL INFO Channel 00/0 : 0[0] -> 3[3] via P2P/CUMEM
MOC-R4PCC04U05:238989:239060 [0] NCCL INFO Channel 02/0 : 0[0] -> 3[3] via P2P/CUMEM
MOC-R4PCC04U05:238992:239061 [3] NCCL INFO [Proxy Progress] Device 3 CPU core 502
MOC-R4PCC04U05:238992:239058 [3] NCCL INFO Channel 00/0 : 3[3] -> 6[2] [send] via NET/Socket/0
MOC-R4PCC04U05:238992:239058 [3] NCCL INFO Channel 02/0 : 3[3] -> 6[2] [send] via NET/Socket/0
MOC-R4PCC04U05:238991:239062 [2] NCCL INFO [Proxy Progress] Device 2 CPU core 399
MOC-R4PCC04U05:238991:239050 [2] NCCL INFO NCCL_NSOCKS_PERTHREAD set by environment to 8.
MOC-R4PCC04U05:238991:239050 [2] NCCL INFO NCCL_SOCKET_NTHREADS set by environment to 8.
MOC-R4PCC04U05:238991:239050 [2] NCCL INFO NET/Socket: Using 8 threads and 8 sockets per thread
MOC-R4PCC04U05:238991:239059 [2] NCCL INFO Channel 00/0 : 7[3] -> 2[2] [receive] via NET/Socket/0
MOC-R4PCC04U05:238991:239050 [2] NCCL INFO NET/Socket: Using 8 threads and 8 sockets per thread
MOC-R4PCC04U05:238991:239059 [2] NCCL INFO Channel 02/0 : 7[3] -> 2[2] [receive] via NET/Socket/0
MOC-R4PCC04U05:238991:239059 [2] NCCL INFO Channel 01/0 : 2[2] -> 7[3] [send] via NET/Socket/0
MOC-R4PCC04U05:238991:239059 [2] NCCL INFO Channel 03/0 : 2[2] -> 7[3] [send] via NET/Socket/0
MOC-R4PCC04U05:238991:239059 [2] NCCL INFO Channel 00/0 : 2[2] -> 1[1] via P2P/CUMEM
MOC-R4PCC04U05:238992:239049 [3] NCCL INFO NCCL_NSOCKS_PERTHREAD set by environment to 8.
MOC-R4PCC04U05:238992:239049 [3] NCCL INFO NCCL_SOCKET_NTHREADS set by environment to 8.
MOC-R4PCC04U05:238992:239049 [3] NCCL INFO NET/Socket: Using 8 threads and 8 sockets per thread
MOC-R4PCC04U05:238992:239058 [3] NCCL INFO Channel 01/0 : 6[2] -> 3[3] [receive] via NET/Socket/0
MOC-R4PCC04U05:238992:239049 [3] NCCL INFO NET/Socket: Using 8 threads and 8 sockets per thread
MOC-R4PCC04U05:238992:239058 [3] NCCL INFO Channel 03/0 : 6[2] -> 3[3] [receive] via NET/Socket/0
MOC-R4PCC04U05:238992:239058 [3] NCCL INFO Channel 01/0 : 3[3] -> 1[1] via P2P/CUMEM
MOC-R4PCC04U05:238991:239059 [2] NCCL INFO Channel 02/0 : 2[2] -> 1[1] via P2P/CUMEM
MOC-R4PCC04U05:238992:239058 [3] NCCL INFO Channel 03/0 : 3[3] -> 1[1] via P2P/CUMEM
MOC-R4PCC04U05:238990:239057 [1] NCCL INFO Channel 00/0 : 1[1] -> 0[0] via P2P/CUMEM
MOC-R4PCC04U05:238990:239057 [1] NCCL INFO Channel 01/0 : 1[1] -> 0[0] via P2P/CUMEM
MOC-R4PCC04U05:238990:239057 [1] NCCL INFO Channel 02/0 : 1[1] -> 0[0] via P2P/CUMEM
MOC-R4PCC04U05:238990:239057 [1] NCCL INFO Channel 03/0 : 1[1] -> 0[0] via P2P/CUMEM
MOC-R4PCC04U05:238990:239057 [1] NCCL INFO Connected all rings, use ring PXN 0 GDR 0
MOC-R4PCC04U05:238992:239058 [3] NCCL INFO Connected all rings, use ring PXN 0 GDR 0
MOC-R4PCC04U05:238991:239059 [2] NCCL INFO Connected all rings, use ring PXN 0 GDR 0
MOC-R4PCC04U05:238989:239060 [0] NCCL INFO Connected all rings, use ring PXN 0 GDR 0
num decayed parameter tensors: 50, with 124,318,464 parameters
num non-decayed parameter tensors: 98, with 121,344 parameters
using fused AdamW: False
using regular AdamW
MOC-R4PCC04U05:238989:239816 [0] NCCL INFO Channel 00/0 : 0[0] -> 1[1] via P2P/CUMEM
MOC-R4PCC04U05:238989:239816 [0] NCCL INFO Channel 01/0 : 0[0] -> 1[1] via P2P/CUMEM
MOC-R4PCC04U05:238989:239816 [0] NCCL INFO Channel 02/0 : 0[0] -> 1[1] via P2P/CUMEM
MOC-R4PCC04U05:238989:239816 [0] NCCL INFO Channel 03/0 : 0[0] -> 1[1] via P2P/CUMEM
MOC-R4PCC04U05:238990:239817 [1] NCCL INFO Channel 00/0 : 1[1] -> 2[2] via P2P/CUMEM
MOC-R4PCC04U05:238990:239817 [1] NCCL INFO Channel 01/0 : 1[1] -> 2[2] via P2P/CUMEM
MOC-R4PCC04U05:238990:239817 [1] NCCL INFO Channel 02/0 : 1[1] -> 2[2] via P2P/CUMEM
MOC-R4PCC04U05:238990:239817 [1] NCCL INFO Channel 03/0 : 1[1] -> 2[2] via P2P/CUMEM
MOC-R4PCC04U05:238989:239816 [0] NCCL INFO Channel 01/0 : 0[0] -> 3[3] via P2P/CUMEM
MOC-R4PCC04U05:238989:239816 [0] NCCL INFO Channel 03/0 : 0[0] -> 3[3] via P2P/CUMEM
MOC-R4PCC04U05:238992:239049 [3] NCCL INFO NET/Socket: Using 8 threads and 8 sockets per thread
MOC-R4PCC04U05:238992:239815 [3] NCCL INFO Channel 00/0 : 7[3] -> 3[3] [receive] via NET/Socket/0
MOC-R4PCC04U05:238992:239049 [3] NCCL INFO NET/Socket: Using 8 threads and 8 sockets per thread
MOC-R4PCC04U05:238992:239815 [3] NCCL INFO Channel 01/0 : 7[3] -> 3[3] [receive] via NET/Socket/0
MOC-R4PCC04U05:238992:239049 [3] NCCL INFO NET/Socket: Using 8 threads and 8 sockets per thread
MOC-R4PCC04U05:238992:239815 [3] NCCL INFO Channel 02/0 : 7[3] -> 3[3] [receive] via NET/Socket/0
MOC-R4PCC04U05:238992:239049 [3] NCCL INFO NET/Socket: Using 8 threads and 8 sockets per thread
MOC-R4PCC04U05:238992:239815 [3] NCCL INFO Channel 03/0 : 7[3] -> 3[3] [receive] via NET/Socket/0
MOC-R4PCC04U05:238992:239815 [3] NCCL INFO Channel 00/0 : 3[3] -> 7[3] [send] via NET/Socket/0
MOC-R4PCC04U05:238992:239815 [3] NCCL INFO Channel 01/0 : 3[3] -> 7[3] [send] via NET/Socket/0
MOC-R4PCC04U05:238992:239815 [3] NCCL INFO Channel 02/0 : 3[3] -> 7[3] [send] via NET/Socket/0
MOC-R4PCC04U05:238992:239815 [3] NCCL INFO Channel 03/0 : 3[3] -> 7[3] [send] via NET/Socket/0
MOC-R4PCC04U05:238992:239815 [3] NCCL INFO Channel 00/0 : 3[3] -> 0[0] via P2P/CUMEM
MOC-R4PCC04U05:238992:239815 [3] NCCL INFO Channel 01/0 : 3[3] -> 0[0] via P2P/CUMEM
MOC-R4PCC04U05:238992:239815 [3] NCCL INFO Channel 02/0 : 3[3] -> 0[0] via P2P/CUMEM
MOC-R4PCC04U05:238992:239815 [3] NCCL INFO Channel 03/0 : 3[3] -> 0[0] via P2P/CUMEM
MOC-R4PCC04U05:238991:239818 [2] NCCL INFO Channel 01/0 : 2[2] -> 1[1] via P2P/CUMEM
MOC-R4PCC04U05:238991:239818 [2] NCCL INFO Channel 03/0 : 2[2] -> 1[1] via P2P/CUMEM
MOC-R4PCC04U05:238991:239818 [2] NCCL INFO Connected all trees
MOC-R4PCC04U05:238990:239817 [1] NCCL INFO Connected all trees
MOC-R4PCC04U05:238989:239816 [0] NCCL INFO Connected all trees
MOC-R4PCC04U05:238992:239815 [3] NCCL INFO Connected all trees
step    1/10 | train loss 11.010591 | norm 15.5178 | lr 1.00e-04 | (14134.80 ms | 55638 tok/s)
step    2/10 | train loss 10.133059 | norm 5.7704 | lr 1.00e-04 | (288.52 ms | 2725776 tok/s)
step    3/10 | train loss 9.789812 | norm 2.6244 | lr 1.00e-04 | (282.77 ms | 2781142 tok/s)
step    4/10 | train loss 9.619395 | norm 2.1221 | lr 1.00e-04 | (282.00 ms | 2788775 tok/s)
step    5/10 | train loss 9.536022 | norm 2.1102 | lr 1.00e-04 | (281.54 ms | 2793309 tok/s)
step    6/10 | train loss 9.454278 | norm 2.0041 | lr 1.00e-04 | (282.83 ms | 2780622 tok/s)
step    7/10 | train loss 9.368489 | norm 1.9533 | lr 1.00e-04 | (280.83 ms | 2800431 tok/s)
step    8/10 | train loss 9.276957 | norm 1.9199 | lr 1.00e-04 | (282.62 ms | 2782679 tok/s)
step    9/10 | train loss 9.181942 | norm 1.8692 | lr 1.00e-04 | (281.92 ms | 2789598 tok/s)
step   10/10 | train loss 9.094177 | norm 1.7928 | lr 1.00e-04 | (282.40 ms | 2784772 tok/s)
final 9 iters avg: 282.824ms
peak memory consumption: 16601 MiB
MOC-R4PCC04U05:238992:239895 [3] NCCL INFO comm 0x55886ee8f1b0 rank 3 nranks 8 cudaDev 3 busId c6000 - Destroy COMPLETE
MOC-R4PCC04U05:238990:239897 [1] NCCL INFO comm 0x563a45702390 rank 1 nranks 8 cudaDev 1 busId 26000 - Destroy COMPLETE
MOC-R4PCC04U05:238991:239898 [2] NCCL INFO comm 0x5610d59740b0 rank 2 nranks 8 cudaDev 2 busId a6000 - Destroy COMPLETE
MOC-R4PCC04U05:238989:239896 [0] NCCL INFO comm 0x5612b0f03b70 rank 0 nranks 8 cudaDev 0 busId 6000 - Destroy COMPLETE
