Running pytorch 2.7.0+cu126
using device: cuda:0
total desired batch size: 3145728
=> calculated gradient accumulation steps: 6
using device: cuda:3
using device: cuda:2
using device: cuda:1
compiling the model...
DataLoader: total number of tokens: 1,661,249,667 across 103 files
MOC-R4PCC04U05:96239:96239 [0] NCCL INFO NCCL_SOCKET_IFNAME set by environment to eno7np0
MOC-R4PCC04U05:96239:96239 [0] NCCL INFO Bootstrap: Using eno7np0:192.168.50.193<0>
MOC-R4PCC04U05:96239:96239 [0] NCCL INFO cudaDriverVersion 12040
MOC-R4PCC04U05:96239:96239 [0] NCCL INFO NCCL version 2.26.2+cuda12.2
MOC-R4PCC04U05:96239:96239 [0] NCCL INFO Comm config Blocking set to 1
MOC-R4PCC04U05:96239:96280 [0] NCCL INFO NET/Plugin: Could not find: libnccl-net.so. Using internal net plugin.
MOC-R4PCC04U05:96239:96280 [0] NCCL INFO NCCL_IB_DISABLE set by environment to 1.
MOC-R4PCC04U05:96239:96280 [0] NCCL INFO NCCL_SOCKET_IFNAME set by environment to eno7np0
MOC-R4PCC04U05:96239:96280 [0] NCCL INFO NET/Socket : Using [0]eno7np0:192.168.50.193<0>
MOC-R4PCC04U05:96239:96280 [0] NCCL INFO PROFILER/Plugin: Could not find: libnccl-profiler.so. 
MOC-R4PCC04U05:96239:96280 [0] NCCL INFO Using network Socket
MOC-R4PCC04U05:96239:96280 [0] NCCL INFO ncclCommInitRankConfig comm 0x560c607c6e40 rank 0 nranks 16 cudaDev 0 nvmlDev 0 busId 6000 commId 0x2c17478d189553d6 - Init START
MOC-R4PCC04U05:96242:96242 [3] NCCL INFO cudaDriverVersion 12040
MOC-R4PCC04U05:96242:96242 [3] NCCL INFO NCCL_SOCKET_IFNAME set by environment to eno7np0
MOC-R4PCC04U05:96240:96240 [1] NCCL INFO cudaDriverVersion 12040
MOC-R4PCC04U05:96240:96240 [1] NCCL INFO NCCL_SOCKET_IFNAME set by environment to eno7np0
MOC-R4PCC04U05:96242:96242 [3] NCCL INFO Bootstrap: Using eno7np0:192.168.50.193<0>
MOC-R4PCC04U05:96240:96240 [1] NCCL INFO Bootstrap: Using eno7np0:192.168.50.193<0>
MOC-R4PCC04U05:96242:96242 [3] NCCL INFO NCCL version 2.26.2+cuda12.2
MOC-R4PCC04U05:96240:96240 [1] NCCL INFO NCCL version 2.26.2+cuda12.2
MOC-R4PCC04U05:96240:96240 [1] NCCL INFO Comm config Blocking set to 1
MOC-R4PCC04U05:96242:96242 [3] NCCL INFO Comm config Blocking set to 1
MOC-R4PCC04U05:96241:96241 [2] NCCL INFO cudaDriverVersion 12040
MOC-R4PCC04U05:96241:96241 [2] NCCL INFO NCCL_SOCKET_IFNAME set by environment to eno7np0
MOC-R4PCC04U05:96241:96241 [2] NCCL INFO Bootstrap: Using eno7np0:192.168.50.193<0>
MOC-R4PCC04U05:96241:96241 [2] NCCL INFO NCCL version 2.26.2+cuda12.2
MOC-R4PCC04U05:96241:96241 [2] NCCL INFO Comm config Blocking set to 1
MOC-R4PCC04U05:96242:96282 [3] NCCL INFO NET/Plugin: Could not find: libnccl-net.so. Using internal net plugin.
MOC-R4PCC04U05:96242:96282 [3] NCCL INFO NCCL_IB_DISABLE set by environment to 1.
MOC-R4PCC04U05:96242:96282 [3] NCCL INFO NCCL_SOCKET_IFNAME set by environment to eno7np0
MOC-R4PCC04U05:96242:96282 [3] NCCL INFO NET/Socket : Using [0]eno7np0:192.168.50.193<0>
MOC-R4PCC04U05:96240:96281 [1] NCCL INFO NET/Plugin: Could not find: libnccl-net.so. Using internal net plugin.
MOC-R4PCC04U05:96240:96281 [1] NCCL INFO NCCL_IB_DISABLE set by environment to 1.
MOC-R4PCC04U05:96240:96281 [1] NCCL INFO NCCL_SOCKET_IFNAME set by environment to eno7np0
MOC-R4PCC04U05:96242:96282 [3] NCCL INFO PROFILER/Plugin: Could not find: libnccl-profiler.so. 
MOC-R4PCC04U05:96242:96282 [3] NCCL INFO Using network Socket
MOC-R4PCC04U05:96240:96281 [1] NCCL INFO NET/Socket : Using [0]eno7np0:192.168.50.193<0>
MOC-R4PCC04U05:96240:96281 [1] NCCL INFO PROFILER/Plugin: Could not find: libnccl-profiler.so. 
MOC-R4PCC04U05:96240:96281 [1] NCCL INFO Using network Socket
MOC-R4PCC04U05:96240:96281 [1] NCCL INFO ncclCommInitRankConfig comm 0x5599c46a48a0 rank 1 nranks 16 cudaDev 1 nvmlDev 1 busId 26000 commId 0x2c17478d189553d6 - Init START
MOC-R4PCC04U05:96242:96282 [3] NCCL INFO ncclCommInitRankConfig comm 0x5635c556ccb0 rank 3 nranks 16 cudaDev 3 nvmlDev 3 busId c6000 commId 0x2c17478d189553d6 - Init START
MOC-R4PCC04U05:96239:96280 [0] NCCL INFO RAS client listening socket at ::1<28028>
MOC-R4PCC04U05:96241:96283 [2] NCCL INFO NET/Plugin: Could not find: libnccl-net.so. Using internal net plugin.
MOC-R4PCC04U05:96241:96283 [2] NCCL INFO NCCL_IB_DISABLE set by environment to 1.
MOC-R4PCC04U05:96241:96283 [2] NCCL INFO NCCL_SOCKET_IFNAME set by environment to eno7np0
MOC-R4PCC04U05:96241:96283 [2] NCCL INFO NET/Socket : Using [0]eno7np0:192.168.50.193<0>
MOC-R4PCC04U05:96241:96283 [2] NCCL INFO PROFILER/Plugin: Could not find: libnccl-profiler.so. 
MOC-R4PCC04U05:96241:96283 [2] NCCL INFO Using network Socket
MOC-R4PCC04U05:96241:96283 [2] NCCL INFO ncclCommInitRankConfig comm 0x55d838a89fb0 rank 2 nranks 16 cudaDev 2 nvmlDev 2 busId a6000 commId 0x2c17478d189553d6 - Init START
MOC-R4PCC04U05:96241:96283 [2] NCCL INFO RAS client listening socket at ::1<28028>
MOC-R4PCC04U05:96242:96282 [3] NCCL INFO RAS client listening socket at ::1<28028>
MOC-R4PCC04U05:96240:96281 [1] NCCL INFO RAS client listening socket at ::1<28028>
MOC-R4PCC04U05:96240:96281 [1] NCCL INFO Bootstrap timings total 0.830560 (create 0.000138, send 0.000265, recv 0.827242, ring 0.001686, delay 0.000000)
MOC-R4PCC04U05:96242:96282 [3] NCCL INFO Bootstrap timings total 0.830619 (create 0.000129, send 0.000265, recv 0.000386, ring 0.001778, delay 0.000000)
MOC-R4PCC04U05:96241:96283 [2] NCCL INFO Bootstrap timings total 0.003736 (create 0.000111, send 0.000208, recv 0.000452, ring 0.001908, delay 0.000000)
MOC-R4PCC04U05:96239:96280 [0] NCCL INFO Bootstrap timings total 2.291280 (create 0.000158, send 0.000267, recv 1.461233, ring 0.774175, delay 0.000001)
MOC-R4PCC04U05:96240:96281 [1] NCCL INFO Setting affinity for GPU 1 to ffffffff,ffffffff,ffffffff,ffffffff,00000000,00000000,00000000,00000000,ffffffff,ffffffff,ffffffff,ffffffff
MOC-R4PCC04U05:96240:96281 [1] NCCL INFO NVLS multicast support is not available on dev 1
MOC-R4PCC04U05:96239:96280 [0] NCCL INFO Setting affinity for GPU 0 to ffffffff,ffffffff,ffffffff,ffffffff,00000000,00000000,00000000,00000000,ffffffff,ffffffff,ffffffff,ffffffff
MOC-R4PCC04U05:96239:96280 [0] NCCL INFO NVLS multicast support is not available on dev 0
MOC-R4PCC04U05:96242:96282 [3] NCCL INFO Setting affinity for GPU 3 to ffffffff,ffffffff,ffffffff,ffffffff,00000000,00000000,00000000,00000000,ffffffff,ffffffff,ffffffff,ffffffff,00000000,00000000,00000000,00000000
MOC-R4PCC04U05:96242:96282 [3] NCCL INFO NVLS multicast support is not available on dev 3
MOC-R4PCC04U05:96241:96283 [2] NCCL INFO Setting affinity for GPU 2 to ffffffff,ffffffff,ffffffff,ffffffff,00000000,00000000,00000000,00000000,ffffffff,ffffffff,ffffffff,ffffffff,00000000,00000000,00000000,00000000
MOC-R4PCC04U05:96241:96283 [2] NCCL INFO NVLS multicast support is not available on dev 2
MOC-R4PCC04U05:96240:96281 [1] NCCL INFO comm 0x5599c46a48a0 rank 1 nRanks 16 nNodes 4 localRanks 4 localRank 1 MNNVL 0
MOC-R4PCC04U05:96242:96282 [3] NCCL INFO comm 0x5635c556ccb0 rank 3 nRanks 16 nNodes 4 localRanks 4 localRank 3 MNNVL 0
MOC-R4PCC04U05:96241:96283 [2] NCCL INFO comm 0x55d838a89fb0 rank 2 nRanks 16 nNodes 4 localRanks 4 localRank 2 MNNVL 0
MOC-R4PCC04U05:96242:96282 [3] NCCL INFO Trees [0] 0/11/-1->3->-1 [1] 0/11/-1->3->-1 [2] 0/-1/-1->3->7 [3] 0/-1/-1->3->7
MOC-R4PCC04U05:96242:96282 [3] NCCL INFO P2P Chunksize set to 131072
MOC-R4PCC04U05:96239:96280 [0] NCCL INFO comm 0x560c607c6e40 rank 0 nRanks 16 nNodes 4 localRanks 4 localRank 0 MNNVL 0
MOC-R4PCC04U05:96240:96281 [1] NCCL INFO Trees [0] 2/-1/-1->1->0 [1] 2/-1/-1->1->0 [2] 2/-1/-1->1->0 [3] 2/-1/-1->1->0
MOC-R4PCC04U05:96240:96281 [1] NCCL INFO P2P Chunksize set to 131072
MOC-R4PCC04U05:96241:96283 [2] NCCL INFO Trees [0] -1/-1/-1->2->1 [1] -1/-1/-1->2->1 [2] -1/-1/-1->2->1 [3] -1/-1/-1->2->1
MOC-R4PCC04U05:96241:96283 [2] NCCL INFO P2P Chunksize set to 131072
MOC-R4PCC04U05:96239:96280 [0] NCCL INFO Channel 00/04 :  0  3  6  5  4  7 10  9  8 11 14 13 12 15  2  1
MOC-R4PCC04U05:96239:96280 [0] NCCL INFO Channel 01/04 :  0  2  7  5  4  6 11  9  8 10 15 13 12 14  3  1
MOC-R4PCC04U05:96239:96280 [0] NCCL INFO Channel 02/04 :  0  3  6  5  4  7 10  9  8 11 14 13 12 15  2  1
MOC-R4PCC04U05:96239:96280 [0] NCCL INFO Channel 03/04 :  0  2  7  5  4  6 11  9  8 10 15 13 12 14  3  1
MOC-R4PCC04U05:96239:96280 [0] NCCL INFO Trees [0] 1/-1/-1->0->3 [1] 1/-1/-1->0->3 [2] 1/-1/-1->0->3 [3] 1/-1/-1->0->3
MOC-R4PCC04U05:96239:96280 [0] NCCL INFO P2P Chunksize set to 131072
MOC-R4PCC04U05:96239:96280 [0] NCCL INFO Check P2P Type intraNodeP2pSupport 1 directMode 0
MOC-R4PCC04U05:96242:96292 [3] NCCL INFO [Proxy Service] Device 3 CPU core 429
MOC-R4PCC04U05:96242:96294 [3] NCCL INFO [Proxy Service UDS] Device 3 CPU core 205
MOC-R4PCC04U05:96241:96295 [2] NCCL INFO [Proxy Service] Device 2 CPU core 215
MOC-R4PCC04U05:96239:96296 [0] NCCL INFO [Proxy Service] Device 0 CPU core 47
MOC-R4PCC04U05:96240:96293 [1] NCCL INFO [Proxy Service] Device 1 CPU core 31
MOC-R4PCC04U05:96239:96297 [0] NCCL INFO [Proxy Service UDS] Device 0 CPU core 55
MOC-R4PCC04U05:96240:96299 [1] NCCL INFO [Proxy Service UDS] Device 1 CPU core 313
MOC-R4PCC04U05:96241:96298 [2] NCCL INFO [Proxy Service UDS] Device 2 CPU core 479
MOC-R4PCC04U05:96240:96281 [1] NCCL INFO threadThresholds 8/8/64 | 128/8/64 | 512 | 512
MOC-R4PCC04U05:96240:96281 [1] NCCL INFO 4 coll channels, 4 collnet channels, 0 nvls channels, 4 p2p channels, 1 p2p channels per peer
MOC-R4PCC04U05:96242:96282 [3] NCCL INFO threadThresholds 8/8/64 | 128/8/64 | 512 | 512
MOC-R4PCC04U05:96242:96282 [3] NCCL INFO 4 coll channels, 4 collnet channels, 0 nvls channels, 4 p2p channels, 1 p2p channels per peer
MOC-R4PCC04U05:96241:96283 [2] NCCL INFO threadThresholds 8/8/64 | 128/8/64 | 512 | 512
MOC-R4PCC04U05:96241:96283 [2] NCCL INFO 4 coll channels, 4 collnet channels, 0 nvls channels, 4 p2p channels, 1 p2p channels per peer
MOC-R4PCC04U05:96239:96280 [0] NCCL INFO threadThresholds 8/8/64 | 128/8/64 | 512 | 512
MOC-R4PCC04U05:96239:96280 [0] NCCL INFO 4 coll channels, 4 collnet channels, 0 nvls channels, 4 p2p channels, 1 p2p channels per peer
MOC-R4PCC04U05:96239:96280 [0] NCCL INFO CC Off, workFifoBytes 1048576
MOC-R4PCC04U05:96242:96282 [3] NCCL INFO TUNER/Plugin: Could not find: libnccl-tuner.so. Using internal tuner plugin.
MOC-R4PCC04U05:96242:96282 [3] NCCL INFO ncclCommInitRankConfig comm 0x5635c556ccb0 rank 3 nranks 16 cudaDev 3 nvmlDev 3 busId c6000 commId 0x2c17478d189553d6 - Init COMPLETE
MOC-R4PCC04U05:96242:96282 [3] NCCL INFO Init timings - ncclCommInitRankConfig: rank 3 nranks 16 total 3.46 (kernels 0.33, alloc 1.12, bootstrap 0.83, allgathers 0.22, topo 0.92, graphs 0.00, connections 0.03, rest 0.01)
MOC-R4PCC04U05:96240:96281 [1] NCCL INFO TUNER/Plugin: Could not find: libnccl-tuner.so. Using internal tuner plugin.
MOC-R4PCC04U05:96241:96283 [2] NCCL INFO TUNER/Plugin: Could not find: libnccl-tuner.so. Using internal tuner plugin.
MOC-R4PCC04U05:96240:96281 [1] NCCL INFO ncclCommInitRankConfig comm 0x5599c46a48a0 rank 1 nranks 16 cudaDev 1 nvmlDev 1 busId 26000 commId 0x2c17478d189553d6 - Init COMPLETE
MOC-R4PCC04U05:96241:96283 [2] NCCL INFO ncclCommInitRankConfig comm 0x55d838a89fb0 rank 2 nranks 16 cudaDev 2 nvmlDev 2 busId a6000 commId 0x2c17478d189553d6 - Init COMPLETE
MOC-R4PCC04U05:96240:96281 [1] NCCL INFO Init timings - ncclCommInitRankConfig: rank 1 nranks 16 total 3.47 (kernels 0.34, alloc 1.12, bootstrap 0.83, allgathers 0.23, topo 0.92, graphs 0.00, connections 0.03, rest 0.01)
MOC-R4PCC04U05:96241:96283 [2] NCCL INFO Init timings - ncclCommInitRankConfig: rank 2 nranks 16 total 3.26 (kernels 1.40, alloc 0.68, bootstrap 0.00, allgathers 0.22, topo 0.92, graphs 0.00, connections 0.03, rest 0.01)
MOC-R4PCC04U05:96239:96280 [0] NCCL INFO TUNER/Plugin: Could not find: libnccl-tuner.so. Using internal tuner plugin.
MOC-R4PCC04U05:96239:96280 [0] NCCL INFO ncclCommInitRankConfig comm 0x560c607c6e40 rank 0 nranks 16 cudaDev 0 nvmlDev 0 busId 6000 commId 0x2c17478d189553d6 - Init COMPLETE
MOC-R4PCC04U05:96239:96280 [0] NCCL INFO Init timings - ncclCommInitRankConfig: rank 0 nranks 16 total 4.39 (kernels 0.34, alloc 0.58, bootstrap 2.29, allgathers 0.21, topo 0.92, graphs 0.01, connections 0.04, rest 0.00)
MOC-R4PCC04U05:96239:96302 [0] NCCL INFO Channel 01/0 : 0[0] -> 2[2] via P2P/CUMEM
MOC-R4PCC04U05:96239:96302 [0] NCCL INFO Channel 03/0 : 0[0] -> 2[2] via P2P/CUMEM
MOC-R4PCC04U05:96242:96304 [3] NCCL INFO [Proxy Progress] Device 3 CPU core 239
MOC-R4PCC04U05:96242:96301 [3] NCCL INFO Channel 00/0 : 3[3] -> 6[2] [send] via NET/Socket/0
MOC-R4PCC04U05:96242:96301 [3] NCCL INFO Channel 02/0 : 3[3] -> 6[2] [send] via NET/Socket/0
MOC-R4PCC04U05:96239:96302 [0] NCCL INFO Channel 00/0 : 0[0] -> 3[3] via P2P/CUMEM
MOC-R4PCC04U05:96239:96302 [0] NCCL INFO Channel 02/0 : 0[0] -> 3[3] via P2P/CUMEM
MOC-R4PCC04U05:96241:96372 [2] NCCL INFO [Proxy Progress] Device 2 CPU core 399
MOC-R4PCC04U05:96241:96303 [2] NCCL INFO Channel 00/0 : 15[3] -> 2[2] [receive] via NET/Socket/0
MOC-R4PCC04U05:96241:96303 [2] NCCL INFO Channel 02/0 : 15[3] -> 2[2] [receive] via NET/Socket/0
MOC-R4PCC04U05:96242:96301 [3] NCCL INFO Channel 01/0 : 14[2] -> 3[3] [receive] via NET/Socket/0
MOC-R4PCC04U05:96242:96301 [3] NCCL INFO Channel 03/0 : 14[2] -> 3[3] [receive] via NET/Socket/0
MOC-R4PCC04U05:96242:96301 [3] NCCL INFO Channel 01/0 : 3[3] -> 1[1] via P2P/CUMEM
MOC-R4PCC04U05:96242:96301 [3] NCCL INFO Channel 03/0 : 3[3] -> 1[1] via P2P/CUMEM
MOC-R4PCC04U05:96241:96303 [2] NCCL INFO Channel 01/0 : 2[2] -> 7[3] [send] via NET/Socket/0
MOC-R4PCC04U05:96241:96303 [2] NCCL INFO Channel 03/0 : 2[2] -> 7[3] [send] via NET/Socket/0
MOC-R4PCC04U05:96241:96303 [2] NCCL INFO Channel 00/0 : 2[2] -> 1[1] via P2P/CUMEM
MOC-R4PCC04U05:96240:96300 [1] NCCL INFO Channel 00/0 : 1[1] -> 0[0] via P2P/CUMEM
MOC-R4PCC04U05:96240:96300 [1] NCCL INFO Channel 01/0 : 1[1] -> 0[0] via P2P/CUMEM
MOC-R4PCC04U05:96241:96303 [2] NCCL INFO Channel 02/0 : 2[2] -> 1[1] via P2P/CUMEM
MOC-R4PCC04U05:96240:96300 [1] NCCL INFO Channel 02/0 : 1[1] -> 0[0] via P2P/CUMEM
MOC-R4PCC04U05:96240:96300 [1] NCCL INFO Channel 03/0 : 1[1] -> 0[0] via P2P/CUMEM
MOC-R4PCC04U05:96242:96301 [3] NCCL INFO Connected all rings, use ring PXN 0 GDR 0
MOC-R4PCC04U05:96239:96302 [0] NCCL INFO Connected all rings, use ring PXN 0 GDR 0
MOC-R4PCC04U05:96240:96300 [1] NCCL INFO Connected all rings, use ring PXN 0 GDR 0
MOC-R4PCC04U05:96241:96303 [2] NCCL INFO Connected all rings, use ring PXN 0 GDR 0
num decayed parameter tensors: 50, with 124,318,464 parameters
num non-decayed parameter tensors: 98, with 121,344 parameters
using fused AdamW: False
using regular AdamW
MOC-R4PCC04U05:96239:96995 [0] NCCL INFO Channel 00/0 : 0[0] -> 1[1] via P2P/CUMEM
MOC-R4PCC04U05:96239:96995 [0] NCCL INFO Channel 01/0 : 0[0] -> 1[1] via P2P/CUMEM
MOC-R4PCC04U05:96239:96995 [0] NCCL INFO Channel 02/0 : 0[0] -> 1[1] via P2P/CUMEM
MOC-R4PCC04U05:96239:96995 [0] NCCL INFO Channel 03/0 : 0[0] -> 1[1] via P2P/CUMEM
MOC-R4PCC04U05:96240:96996 [1] NCCL INFO Channel 00/0 : 1[1] -> 2[2] via P2P/CUMEM
MOC-R4PCC04U05:96240:96996 [1] NCCL INFO Channel 01/0 : 1[1] -> 2[2] via P2P/CUMEM
MOC-R4PCC04U05:96240:96996 [1] NCCL INFO Channel 02/0 : 1[1] -> 2[2] via P2P/CUMEM
MOC-R4PCC04U05:96240:96996 [1] NCCL INFO Channel 03/0 : 1[1] -> 2[2] via P2P/CUMEM
MOC-R4PCC04U05:96239:96995 [0] NCCL INFO Channel 01/0 : 0[0] -> 3[3] via P2P/CUMEM
MOC-R4PCC04U05:96239:96995 [0] NCCL INFO Channel 03/0 : 0[0] -> 3[3] via P2P/CUMEM
MOC-R4PCC04U05:96242:96994 [3] NCCL INFO Channel 02/0 : 3[3] -> 7[3] [send] via NET/Socket/0
MOC-R4PCC04U05:96242:96994 [3] NCCL INFO Channel 03/0 : 3[3] -> 7[3] [send] via NET/Socket/0
MOC-R4PCC04U05:96242:96994 [3] NCCL INFO Channel 00/0 : 11[3] -> 3[3] [receive] via NET/Socket/0
MOC-R4PCC04U05:96242:96994 [3] NCCL INFO Channel 01/0 : 11[3] -> 3[3] [receive] via NET/Socket/0
MOC-R4PCC04U05:96242:96994 [3] NCCL INFO Channel 00/0 : 3[3] -> 11[3] [send] via NET/Socket/0
MOC-R4PCC04U05:96242:96994 [3] NCCL INFO Channel 01/0 : 3[3] -> 11[3] [send] via NET/Socket/0
MOC-R4PCC04U05:96242:96994 [3] NCCL INFO Channel 02/0 : 7[3] -> 3[3] [receive] via NET/Socket/0
MOC-R4PCC04U05:96242:96994 [3] NCCL INFO Channel 03/0 : 7[3] -> 3[3] [receive] via NET/Socket/0
MOC-R4PCC04U05:96242:96994 [3] NCCL INFO Channel 00/0 : 3[3] -> 0[0] via P2P/CUMEM
MOC-R4PCC04U05:96242:96994 [3] NCCL INFO Channel 01/0 : 3[3] -> 0[0] via P2P/CUMEM
MOC-R4PCC04U05:96242:96994 [3] NCCL INFO Channel 02/0 : 3[3] -> 0[0] via P2P/CUMEM
MOC-R4PCC04U05:96242:96994 [3] NCCL INFO Channel 03/0 : 3[3] -> 0[0] via P2P/CUMEM
MOC-R4PCC04U05:96241:96997 [2] NCCL INFO Channel 01/0 : 2[2] -> 1[1] via P2P/CUMEM
MOC-R4PCC04U05:96241:96997 [2] NCCL INFO Channel 03/0 : 2[2] -> 1[1] via P2P/CUMEM
MOC-R4PCC04U05:96241:96997 [2] NCCL INFO Connected all trees
MOC-R4PCC04U05:96240:96996 [1] NCCL INFO Connected all trees
MOC-R4PCC04U05:96242:96994 [3] NCCL INFO Connected all trees
MOC-R4PCC04U05:96239:96995 [0] NCCL INFO Connected all trees
step    1/10 | train loss 11.009266 | norm 15.3566 | lr 1.00e-04 | (15163.46 ms | 207454 tok/s)
step    2/10 | train loss 10.139996 | norm 5.7234 | lr 1.00e-04 | (1306.27 ms | 2408178 tok/s)
step    3/10 | train loss 9.800400 | norm 2.6013 | lr 1.00e-04 | (1308.69 ms | 2403725 tok/s)
step    4/10 | train loss 9.631655 | norm 2.1118 | lr 1.00e-04 | (1282.19 ms | 2453400 tok/s)
step    5/10 | train loss 9.548892 | norm 2.0959 | lr 1.00e-04 | (1296.10 ms | 2427065 tok/s)
step    6/10 | train loss 9.468095 | norm 1.9942 | lr 1.00e-04 | (1315.17 ms | 2391880 tok/s)
step    7/10 | train loss 9.382742 | norm 1.9443 | lr 1.00e-04 | (1318.03 ms | 2386696 tok/s)
step    8/10 | train loss 9.291196 | norm 1.9106 | lr 1.00e-04 | (1328.50 ms | 2367878 tok/s)
step    9/10 | train loss 9.195950 | norm 1.8556 | lr 1.00e-04 | (1320.72 ms | 2381834 tok/s)
step   10/10 | train loss 9.110964 | norm 1.7933 | lr 1.00e-04 | (1298.02 ms | 2423475 tok/s)
final 9 iters avg: 1308.188ms
peak memory consumption: 16601 MiB
MOC-R4PCC04U05:96242:97008 [3] NCCL INFO comm 0x5635c556ccb0 rank 3 nranks 16 cudaDev 3 busId c6000 - Destroy COMPLETE
MOC-R4PCC04U05:96240:97006 [1] NCCL INFO comm 0x5599c46a48a0 rank 1 nranks 16 cudaDev 1 busId 26000 - Destroy COMPLETE
MOC-R4PCC04U05:96239:97007 [0] NCCL INFO comm 0x560c607c6e40 rank 0 nranks 16 cudaDev 0 busId 6000 - Destroy COMPLETE
MOC-R4PCC04U05:96241:97009 [2] NCCL INFO comm 0x55d838a89fb0 rank 2 nranks 16 cudaDev 2 busId a6000 - Destroy COMPLETE
