Running pytorch 2.7.0+cu126
using device: cuda:0
total desired batch size: 1572864
=> calculated gradient accumulation steps: 3
using device: cuda:2
using device: cuda:3
using device: cuda:1
compiling the model...
DataLoader: total number of tokens: 1,661,249,667 across 103 files
MOC-R4PCC04U05:93727:93727 [0] NCCL INFO NCCL_SOCKET_IFNAME set by environment to eno7np0
MOC-R4PCC04U05:93727:93727 [0] NCCL INFO Bootstrap: Using eno7np0:192.168.50.193<0>
MOC-R4PCC04U05:93727:93727 [0] NCCL INFO cudaDriverVersion 12040
MOC-R4PCC04U05:93727:93727 [0] NCCL INFO NCCL version 2.26.2+cuda12.2
MOC-R4PCC04U05:93727:93727 [0] NCCL INFO Comm config Blocking set to 1
MOC-R4PCC04U05:93727:93768 [0] NCCL INFO NET/Plugin: Could not find: libnccl-net.so. Using internal net plugin.
MOC-R4PCC04U05:93727:93768 [0] NCCL INFO NCCL_IB_DISABLE set by environment to 1.
MOC-R4PCC04U05:93727:93768 [0] NCCL INFO NCCL_SOCKET_IFNAME set by environment to eno7np0
MOC-R4PCC04U05:93727:93768 [0] NCCL INFO NET/Socket : Using [0]eno7np0:192.168.50.193<0>
MOC-R4PCC04U05:93727:93768 [0] NCCL INFO PROFILER/Plugin: Could not find: libnccl-profiler.so. 
MOC-R4PCC04U05:93727:93768 [0] NCCL INFO Using network Socket
MOC-R4PCC04U05:93727:93768 [0] NCCL INFO ncclCommInitRankConfig comm 0x564064026610 rank 0 nranks 16 cudaDev 0 nvmlDev 0 busId 6000 commId 0x6bb41f06c05100e2 - Init START
MOC-R4PCC04U05:93729:93729 [2] NCCL INFO cudaDriverVersion 12040
MOC-R4PCC04U05:93729:93729 [2] NCCL INFO NCCL_SOCKET_IFNAME set by environment to eno7np0
MOC-R4PCC04U05:93729:93729 [2] NCCL INFO Bootstrap: Using eno7np0:192.168.50.193<0>
MOC-R4PCC04U05:93729:93729 [2] NCCL INFO NCCL version 2.26.2+cuda12.2
MOC-R4PCC04U05:93729:93729 [2] NCCL INFO Comm config Blocking set to 1
MOC-R4PCC04U05:93730:93730 [3] NCCL INFO cudaDriverVersion 12040
MOC-R4PCC04U05:93730:93730 [3] NCCL INFO NCCL_SOCKET_IFNAME set by environment to eno7np0
MOC-R4PCC04U05:93730:93730 [3] NCCL INFO Bootstrap: Using eno7np0:192.168.50.193<0>
MOC-R4PCC04U05:93730:93730 [3] NCCL INFO NCCL version 2.26.2+cuda12.2
MOC-R4PCC04U05:93728:93728 [1] NCCL INFO cudaDriverVersion 12040
MOC-R4PCC04U05:93728:93728 [1] NCCL INFO NCCL_SOCKET_IFNAME set by environment to eno7np0
MOC-R4PCC04U05:93730:93730 [3] NCCL INFO Comm config Blocking set to 1
MOC-R4PCC04U05:93728:93728 [1] NCCL INFO Bootstrap: Using eno7np0:192.168.50.193<0>
MOC-R4PCC04U05:93728:93728 [1] NCCL INFO NCCL version 2.26.2+cuda12.2
MOC-R4PCC04U05:93728:93728 [1] NCCL INFO Comm config Blocking set to 1
MOC-R4PCC04U05:93729:93769 [2] NCCL INFO NET/Plugin: Could not find: libnccl-net.so. Using internal net plugin.
MOC-R4PCC04U05:93729:93769 [2] NCCL INFO NCCL_IB_DISABLE set by environment to 1.
MOC-R4PCC04U05:93729:93769 [2] NCCL INFO NCCL_SOCKET_IFNAME set by environment to eno7np0
MOC-R4PCC04U05:93730:93770 [3] NCCL INFO NET/Plugin: Could not find: libnccl-net.so. Using internal net plugin.
MOC-R4PCC04U05:93730:93770 [3] NCCL INFO NCCL_IB_DISABLE set by environment to 1.
MOC-R4PCC04U05:93730:93770 [3] NCCL INFO NCCL_SOCKET_IFNAME set by environment to eno7np0
MOC-R4PCC04U05:93729:93769 [2] NCCL INFO NET/Socket : Using [0]eno7np0:192.168.50.193<0>
MOC-R4PCC04U05:93729:93769 [2] NCCL INFO PROFILER/Plugin: Could not find: libnccl-profiler.so. 
MOC-R4PCC04U05:93729:93769 [2] NCCL INFO Using network Socket
MOC-R4PCC04U05:93730:93770 [3] NCCL INFO NET/Socket : Using [0]eno7np0:192.168.50.193<0>
MOC-R4PCC04U05:93730:93770 [3] NCCL INFO PROFILER/Plugin: Could not find: libnccl-profiler.so. 
MOC-R4PCC04U05:93730:93770 [3] NCCL INFO Using network Socket
MOC-R4PCC04U05:93728:93771 [1] NCCL INFO NET/Plugin: Could not find: libnccl-net.so. Using internal net plugin.
MOC-R4PCC04U05:93728:93771 [1] NCCL INFO NCCL_IB_DISABLE set by environment to 1.
MOC-R4PCC04U05:93728:93771 [1] NCCL INFO NCCL_SOCKET_IFNAME set by environment to eno7np0
MOC-R4PCC04U05:93728:93771 [1] NCCL INFO NET/Socket : Using [0]eno7np0:192.168.50.193<0>
MOC-R4PCC04U05:93728:93771 [1] NCCL INFO PROFILER/Plugin: Could not find: libnccl-profiler.so. 
MOC-R4PCC04U05:93728:93771 [1] NCCL INFO Using network Socket
MOC-R4PCC04U05:93730:93770 [3] NCCL INFO ncclCommInitRankConfig comm 0x557cf07c4eb0 rank 3 nranks 16 cudaDev 3 nvmlDev 3 busId c6000 commId 0x6bb41f06c05100e2 - Init START
MOC-R4PCC04U05:93729:93769 [2] NCCL INFO ncclCommInitRankConfig comm 0x556e752ba340 rank 2 nranks 16 cudaDev 2 nvmlDev 2 busId a6000 commId 0x6bb41f06c05100e2 - Init START
MOC-R4PCC04U05:93728:93771 [1] NCCL INFO ncclCommInitRankConfig comm 0x557ad3e0c4a0 rank 1 nranks 16 cudaDev 1 nvmlDev 1 busId 26000 commId 0x6bb41f06c05100e2 - Init START
MOC-R4PCC04U05:93728:93771 [1] NCCL INFO RAS client listening socket at ::1<28028>
MOC-R4PCC04U05:93730:93770 [3] NCCL INFO RAS client listening socket at ::1<28028>
MOC-R4PCC04U05:93727:93768 [0] NCCL INFO RAS client listening socket at ::1<28028>
MOC-R4PCC04U05:93729:93769 [2] NCCL INFO RAS client listening socket at ::1<28028>
MOC-R4PCC04U05:93730:93770 [3] NCCL INFO Bootstrap timings total 0.022874 (create 0.000134, send 0.000218, recv 0.000182, ring 0.020398, delay 0.000001)
MOC-R4PCC04U05:93728:93771 [1] NCCL INFO Bootstrap timings total 0.022819 (create 0.000099, send 0.000204, recv 0.000692, ring 0.020739, delay 0.000000)
MOC-R4PCC04U05:93729:93769 [2] NCCL INFO Bootstrap timings total 0.022859 (create 0.000138, send 0.000238, recv 0.000779, ring 0.020354, delay 0.000001)
MOC-R4PCC04U05:93727:93768 [0] NCCL INFO Bootstrap timings total 2.031807 (create 0.000140, send 0.000426, recv 2.009318, ring 0.019113, delay 0.000001)
MOC-R4PCC04U05:93727:93768 [0] NCCL INFO Setting affinity for GPU 0 to ffffffff,ffffffff,ffffffff,ffffffff,00000000,00000000,00000000,00000000,ffffffff,ffffffff,ffffffff,ffffffff
MOC-R4PCC04U05:93727:93768 [0] NCCL INFO NVLS multicast support is not available on dev 0
MOC-R4PCC04U05:93728:93771 [1] NCCL INFO Setting affinity for GPU 1 to ffffffff,ffffffff,ffffffff,ffffffff,00000000,00000000,00000000,00000000,ffffffff,ffffffff,ffffffff,ffffffff
MOC-R4PCC04U05:93728:93771 [1] NCCL INFO NVLS multicast support is not available on dev 1
MOC-R4PCC04U05:93729:93769 [2] NCCL INFO Setting affinity for GPU 2 to ffffffff,ffffffff,ffffffff,ffffffff,00000000,00000000,00000000,00000000,ffffffff,ffffffff,ffffffff,ffffffff,00000000,00000000,00000000,00000000
MOC-R4PCC04U05:93729:93769 [2] NCCL INFO NVLS multicast support is not available on dev 2
MOC-R4PCC04U05:93730:93770 [3] NCCL INFO Setting affinity for GPU 3 to ffffffff,ffffffff,ffffffff,ffffffff,00000000,00000000,00000000,00000000,ffffffff,ffffffff,ffffffff,ffffffff,00000000,00000000,00000000,00000000
MOC-R4PCC04U05:93730:93770 [3] NCCL INFO NVLS multicast support is not available on dev 3
MOC-R4PCC04U05:93728:93771 [1] NCCL INFO comm 0x557ad3e0c4a0 rank 1 nRanks 16 nNodes 4 localRanks 4 localRank 1 MNNVL 0
MOC-R4PCC04U05:93730:93770 [3] NCCL INFO comm 0x557cf07c4eb0 rank 3 nRanks 16 nNodes 4 localRanks 4 localRank 3 MNNVL 0
MOC-R4PCC04U05:93729:93769 [2] NCCL INFO comm 0x556e752ba340 rank 2 nRanks 16 nNodes 4 localRanks 4 localRank 2 MNNVL 0
MOC-R4PCC04U05:93727:93768 [0] NCCL INFO comm 0x564064026610 rank 0 nRanks 16 nNodes 4 localRanks 4 localRank 0 MNNVL 0
MOC-R4PCC04U05:93728:93771 [1] NCCL INFO Trees [0] 2/-1/-1->1->0 [1] 2/-1/-1->1->0 [2] 2/-1/-1->1->0 [3] 2/-1/-1->1->0
MOC-R4PCC04U05:93730:93770 [3] NCCL INFO Trees [0] 0/11/-1->3->-1 [1] 0/11/-1->3->-1 [2] 0/-1/-1->3->7 [3] 0/-1/-1->3->7
MOC-R4PCC04U05:93728:93771 [1] NCCL INFO P2P Chunksize set to 131072
MOC-R4PCC04U05:93730:93770 [3] NCCL INFO P2P Chunksize set to 131072
MOC-R4PCC04U05:93729:93769 [2] NCCL INFO Trees [0] -1/-1/-1->2->1 [1] -1/-1/-1->2->1 [2] -1/-1/-1->2->1 [3] -1/-1/-1->2->1
MOC-R4PCC04U05:93729:93769 [2] NCCL INFO P2P Chunksize set to 131072
MOC-R4PCC04U05:93727:93768 [0] NCCL INFO Channel 00/04 :  0  3  6  5  4  7 10  9  8 11 14 13 12 15  2  1
MOC-R4PCC04U05:93727:93768 [0] NCCL INFO Channel 01/04 :  0  2  7  5  4  6 11  9  8 10 15 13 12 14  3  1
MOC-R4PCC04U05:93727:93768 [0] NCCL INFO Channel 02/04 :  0  3  6  5  4  7 10  9  8 11 14 13 12 15  2  1
MOC-R4PCC04U05:93727:93768 [0] NCCL INFO Channel 03/04 :  0  2  7  5  4  6 11  9  8 10 15 13 12 14  3  1
MOC-R4PCC04U05:93727:93768 [0] NCCL INFO Trees [0] 1/-1/-1->0->3 [1] 1/-1/-1->0->3 [2] 1/-1/-1->0->3 [3] 1/-1/-1->0->3
MOC-R4PCC04U05:93727:93768 [0] NCCL INFO P2P Chunksize set to 131072
MOC-R4PCC04U05:93727:93768 [0] NCCL INFO Check P2P Type intraNodeP2pSupport 1 directMode 0
MOC-R4PCC04U05:93728:93779 [1] NCCL INFO [Proxy Service] Device 1 CPU core 16
MOC-R4PCC04U05:93730:93778 [3] NCCL INFO [Proxy Service] Device 3 CPU core 179
MOC-R4PCC04U05:93727:93780 [0] NCCL INFO [Proxy Service] Device 0 CPU core 287
MOC-R4PCC04U05:93729:93781 [2] NCCL INFO [Proxy Service] Device 2 CPU core 479
MOC-R4PCC04U05:93730:93782 [3] NCCL INFO [Proxy Service UDS] Device 3 CPU core 173
MOC-R4PCC04U05:93728:93784 [1] NCCL INFO [Proxy Service UDS] Device 1 CPU core 303
MOC-R4PCC04U05:93727:93783 [0] NCCL INFO [Proxy Service UDS] Device 0 CPU core 295
MOC-R4PCC04U05:93729:93785 [2] NCCL INFO [Proxy Service UDS] Device 2 CPU core 481
MOC-R4PCC04U05:93729:93769 [2] NCCL INFO threadThresholds 8/8/64 | 128/8/64 | 512 | 512
MOC-R4PCC04U05:93729:93769 [2] NCCL INFO 4 coll channels, 4 collnet channels, 0 nvls channels, 4 p2p channels, 1 p2p channels per peer
MOC-R4PCC04U05:93730:93770 [3] NCCL INFO threadThresholds 8/8/64 | 128/8/64 | 512 | 512
MOC-R4PCC04U05:93730:93770 [3] NCCL INFO 4 coll channels, 4 collnet channels, 0 nvls channels, 4 p2p channels, 1 p2p channels per peer
MOC-R4PCC04U05:93727:93768 [0] NCCL INFO threadThresholds 8/8/64 | 128/8/64 | 512 | 512
MOC-R4PCC04U05:93727:93768 [0] NCCL INFO 4 coll channels, 4 collnet channels, 0 nvls channels, 4 p2p channels, 1 p2p channels per peer
MOC-R4PCC04U05:93728:93771 [1] NCCL INFO threadThresholds 8/8/64 | 128/8/64 | 512 | 512
MOC-R4PCC04U05:93728:93771 [1] NCCL INFO 4 coll channels, 4 collnet channels, 0 nvls channels, 4 p2p channels, 1 p2p channels per peer
MOC-R4PCC04U05:93727:93768 [0] NCCL INFO CC Off, workFifoBytes 1048576
MOC-R4PCC04U05:93730:93770 [3] NCCL INFO TUNER/Plugin: Could not find: libnccl-tuner.so. Using internal tuner plugin.
MOC-R4PCC04U05:93730:93770 [3] NCCL INFO ncclCommInitRankConfig comm 0x557cf07c4eb0 rank 3 nranks 16 cudaDev 3 nvmlDev 3 busId c6000 commId 0x6bb41f06c05100e2 - Init COMPLETE
MOC-R4PCC04U05:93730:93770 [3] NCCL INFO Init timings - ncclCommInitRankConfig: rank 3 nranks 16 total 3.20 (kernels 0.31, alloc 1.69, bootstrap 0.02, allgathers 0.29, topo 0.58, graphs 0.00, connections 0.30, rest 0.01)
MOC-R4PCC04U05:93728:93771 [1] NCCL INFO TUNER/Plugin: Could not find: libnccl-tuner.so. Using internal tuner plugin.
MOC-R4PCC04U05:93728:93771 [1] NCCL INFO ncclCommInitRankConfig comm 0x557ad3e0c4a0 rank 1 nranks 16 cudaDev 1 nvmlDev 1 busId 26000 commId 0x6bb41f06c05100e2 - Init COMPLETE
MOC-R4PCC04U05:93729:93769 [2] NCCL INFO TUNER/Plugin: Could not find: libnccl-tuner.so. Using internal tuner plugin.
MOC-R4PCC04U05:93728:93771 [1] NCCL INFO Init timings - ncclCommInitRankConfig: rank 1 nranks 16 total 3.20 (kernels 0.31, alloc 1.68, bootstrap 0.02, allgathers 0.29, topo 0.58, graphs 0.00, connections 0.30, rest 0.01)
MOC-R4PCC04U05:93729:93769 [2] NCCL INFO ncclCommInitRankConfig comm 0x556e752ba340 rank 2 nranks 16 cudaDev 2 nvmlDev 2 busId a6000 commId 0x6bb41f06c05100e2 - Init COMPLETE
MOC-R4PCC04U05:93729:93769 [2] NCCL INFO Init timings - ncclCommInitRankConfig: rank 2 nranks 16 total 3.20 (kernels 0.31, alloc 1.69, bootstrap 0.02, allgathers 0.29, topo 0.58, graphs 0.00, connections 0.16, rest 0.14)
MOC-R4PCC04U05:93727:93768 [0] NCCL INFO TUNER/Plugin: Could not find: libnccl-tuner.so. Using internal tuner plugin.
MOC-R4PCC04U05:93727:93768 [0] NCCL INFO ncclCommInitRankConfig comm 0x564064026610 rank 0 nranks 16 cudaDev 0 nvmlDev 0 busId 6000 commId 0x6bb41f06c05100e2 - Init COMPLETE
MOC-R4PCC04U05:93727:93768 [0] NCCL INFO Init timings - ncclCommInitRankConfig: rank 0 nranks 16 total 4.11 (kernels 0.32, alloc 0.58, bootstrap 2.03, allgathers 0.29, topo 0.58, graphs 0.00, connections 0.30, rest 0.00)
MOC-R4PCC04U05:93727:93791 [0] NCCL INFO Channel 01/0 : 0[0] -> 2[2] via P2P/CUMEM
MOC-R4PCC04U05:93727:93791 [0] NCCL INFO Channel 03/0 : 0[0] -> 2[2] via P2P/CUMEM
MOC-R4PCC04U05:93727:93791 [0] NCCL INFO Channel 00/0 : 0[0] -> 3[3] via P2P/CUMEM
MOC-R4PCC04U05:93727:93791 [0] NCCL INFO Channel 02/0 : 0[0] -> 3[3] via P2P/CUMEM
MOC-R4PCC04U05:93730:93792 [3] NCCL INFO [Proxy Progress] Device 3 CPU core 173
MOC-R4PCC04U05:93730:93789 [3] NCCL INFO Channel 00/0 : 3[3] -> 6[2] [send] via NET/Socket/0
MOC-R4PCC04U05:93730:93789 [3] NCCL INFO Channel 02/0 : 3[3] -> 6[2] [send] via NET/Socket/0
MOC-R4PCC04U05:93730:93789 [3] NCCL INFO Channel 01/0 : 14[2] -> 3[3] [receive] via NET/Socket/0
MOC-R4PCC04U05:93730:93789 [3] NCCL INFO Channel 03/0 : 14[2] -> 3[3] [receive] via NET/Socket/0
MOC-R4PCC04U05:93729:93793 [2] NCCL INFO [Proxy Progress] Device 2 CPU core 178
MOC-R4PCC04U05:93729:93787 [2] NCCL INFO Channel 00/0 : 15[3] -> 2[2] [receive] via NET/Socket/0
MOC-R4PCC04U05:93729:93787 [2] NCCL INFO Channel 02/0 : 15[3] -> 2[2] [receive] via NET/Socket/0
MOC-R4PCC04U05:93729:93787 [2] NCCL INFO Channel 01/0 : 2[2] -> 7[3] [send] via NET/Socket/0
MOC-R4PCC04U05:93729:93787 [2] NCCL INFO Channel 03/0 : 2[2] -> 7[3] [send] via NET/Socket/0
MOC-R4PCC04U05:93729:93787 [2] NCCL INFO Channel 00/0 : 2[2] -> 1[1] via P2P/CUMEM
MOC-R4PCC04U05:93730:93789 [3] NCCL INFO Channel 01/0 : 3[3] -> 1[1] via P2P/CUMEM
MOC-R4PCC04U05:93729:93787 [2] NCCL INFO Channel 02/0 : 2[2] -> 1[1] via P2P/CUMEM
MOC-R4PCC04U05:93730:93789 [3] NCCL INFO Channel 03/0 : 3[3] -> 1[1] via P2P/CUMEM
MOC-R4PCC04U05:93728:93788 [1] NCCL INFO Channel 00/0 : 1[1] -> 0[0] via P2P/CUMEM
MOC-R4PCC04U05:93728:93788 [1] NCCL INFO Channel 01/0 : 1[1] -> 0[0] via P2P/CUMEM
MOC-R4PCC04U05:93728:93788 [1] NCCL INFO Channel 02/0 : 1[1] -> 0[0] via P2P/CUMEM
MOC-R4PCC04U05:93728:93788 [1] NCCL INFO Channel 03/0 : 1[1] -> 0[0] via P2P/CUMEM
MOC-R4PCC04U05:93728:93788 [1] NCCL INFO Connected all rings, use ring PXN 0 GDR 0
MOC-R4PCC04U05:93730:93789 [3] NCCL INFO Connected all rings, use ring PXN 0 GDR 0
MOC-R4PCC04U05:93729:93787 [2] NCCL INFO Connected all rings, use ring PXN 0 GDR 0
MOC-R4PCC04U05:93727:93791 [0] NCCL INFO Connected all rings, use ring PXN 0 GDR 0
num decayed parameter tensors: 50, with 124,318,464 parameters
num non-decayed parameter tensors: 98, with 121,344 parameters
using fused AdamW: False
using regular AdamW
MOC-R4PCC04U05:93727:94483 [0] NCCL INFO Channel 00/0 : 0[0] -> 1[1] via P2P/CUMEM
MOC-R4PCC04U05:93727:94483 [0] NCCL INFO Channel 01/0 : 0[0] -> 1[1] via P2P/CUMEM
MOC-R4PCC04U05:93727:94483 [0] NCCL INFO Channel 02/0 : 0[0] -> 1[1] via P2P/CUMEM
MOC-R4PCC04U05:93727:94483 [0] NCCL INFO Channel 03/0 : 0[0] -> 1[1] via P2P/CUMEM
MOC-R4PCC04U05:93728:94485 [1] NCCL INFO Channel 00/0 : 1[1] -> 2[2] via P2P/CUMEM
MOC-R4PCC04U05:93728:94485 [1] NCCL INFO Channel 01/0 : 1[1] -> 2[2] via P2P/CUMEM
MOC-R4PCC04U05:93728:94485 [1] NCCL INFO Channel 02/0 : 1[1] -> 2[2] via P2P/CUMEM
MOC-R4PCC04U05:93728:94485 [1] NCCL INFO Channel 03/0 : 1[1] -> 2[2] via P2P/CUMEM
MOC-R4PCC04U05:93727:94483 [0] NCCL INFO Channel 01/0 : 0[0] -> 3[3] via P2P/CUMEM
MOC-R4PCC04U05:93729:94482 [2] NCCL INFO Channel 01/0 : 2[2] -> 1[1] via P2P/CUMEM
MOC-R4PCC04U05:93727:94483 [0] NCCL INFO Channel 03/0 : 0[0] -> 3[3] via P2P/CUMEM
MOC-R4PCC04U05:93729:94482 [2] NCCL INFO Channel 03/0 : 2[2] -> 1[1] via P2P/CUMEM
MOC-R4PCC04U05:93730:94484 [3] NCCL INFO Channel 02/0 : 3[3] -> 7[3] [send] via NET/Socket/0
MOC-R4PCC04U05:93730:94484 [3] NCCL INFO Channel 03/0 : 3[3] -> 7[3] [send] via NET/Socket/0
MOC-R4PCC04U05:93730:94484 [3] NCCL INFO Channel 00/0 : 11[3] -> 3[3] [receive] via NET/Socket/0
MOC-R4PCC04U05:93730:94484 [3] NCCL INFO Channel 01/0 : 11[3] -> 3[3] [receive] via NET/Socket/0
MOC-R4PCC04U05:93730:94484 [3] NCCL INFO Channel 00/0 : 3[3] -> 11[3] [send] via NET/Socket/0
MOC-R4PCC04U05:93730:94484 [3] NCCL INFO Channel 01/0 : 3[3] -> 11[3] [send] via NET/Socket/0
MOC-R4PCC04U05:93730:94484 [3] NCCL INFO Channel 02/0 : 7[3] -> 3[3] [receive] via NET/Socket/0
MOC-R4PCC04U05:93730:94484 [3] NCCL INFO Channel 03/0 : 7[3] -> 3[3] [receive] via NET/Socket/0
MOC-R4PCC04U05:93730:94484 [3] NCCL INFO Channel 00/0 : 3[3] -> 0[0] via P2P/CUMEM
MOC-R4PCC04U05:93730:94484 [3] NCCL INFO Channel 01/0 : 3[3] -> 0[0] via P2P/CUMEM
MOC-R4PCC04U05:93730:94484 [3] NCCL INFO Channel 02/0 : 3[3] -> 0[0] via P2P/CUMEM
MOC-R4PCC04U05:93730:94484 [3] NCCL INFO Channel 03/0 : 3[3] -> 0[0] via P2P/CUMEM
MOC-R4PCC04U05:93728:94485 [1] NCCL INFO Connected all trees
MOC-R4PCC04U05:93729:94482 [2] NCCL INFO Connected all trees
MOC-R4PCC04U05:93730:94484 [3] NCCL INFO Connected all trees
MOC-R4PCC04U05:93727:94483 [0] NCCL INFO Connected all trees
step    1/10 | train loss 11.010139 | norm 15.4234 | lr 1.00e-04 | (16797.15 ms | 93639 tok/s)
step    2/10 | train loss 10.136940 | norm 5.7588 | lr 1.00e-04 | (1089.77 ms | 1443293 tok/s)
step    3/10 | train loss 9.795472 | norm 2.6124 | lr 1.00e-04 | (1103.10 ms | 1425854 tok/s)
step    4/10 | train loss 9.625645 | norm 2.1154 | lr 1.00e-04 | (1069.92 ms | 1470073 tok/s)
step    5/10 | train loss 9.542587 | norm 2.1031 | lr 1.00e-04 | (1061.50 ms | 1481733 tok/s)
step    6/10 | train loss 9.461346 | norm 1.9978 | lr 1.00e-04 | (1064.58 ms | 1477451 tok/s)
step    7/10 | train loss 9.375702 | norm 1.9473 | lr 1.00e-04 | (1070.81 ms | 1468854 tok/s)
step    8/10 | train loss 9.283984 | norm 1.9146 | lr 1.00e-04 | (1059.03 ms | 1485198 tok/s)
step    9/10 | train loss 9.188591 | norm 1.8601 | lr 1.00e-04 | (1063.79 ms | 1478544 tok/s)
step   10/10 | train loss 9.103167 | norm 1.7948 | lr 1.00e-04 | (1078.03 ms | 1459012 tok/s)
final 9 iters avg: 1073.394ms
peak memory consumption: 16601 MiB
MOC-R4PCC04U05:93728:94492 [1] NCCL INFO comm 0x557ad3e0c4a0 rank 1 nranks 16 cudaDev 1 busId 26000 - Destroy COMPLETE
MOC-R4PCC04U05:93730:94493 [3] NCCL INFO comm 0x557cf07c4eb0 rank 3 nranks 16 cudaDev 3 busId c6000 - Destroy COMPLETE
MOC-R4PCC04U05:93727:94494 [0] NCCL INFO comm 0x564064026610 rank 0 nranks 16 cudaDev 0 busId 6000 - Destroy COMPLETE
MOC-R4PCC04U05:93729:94491 [2] NCCL INFO comm 0x556e752ba340 rank 2 nranks 16 cudaDev 2 busId a6000 - Destroy COMPLETE
