Running pytorch 2.7.0+cu126
using device: cuda:0
total desired batch size: 1835008
=> calculated gradient accumulation steps: 7
using device: cuda:3
using device: cuda:1
using device: cuda:2
compiling the model...
DataLoader: total number of tokens: 1,661,249,667 across 103 files
MOC-R4PCC04U05:28691:28691 [0] NCCL INFO NCCL_SOCKET_IFNAME set by environment to eno7np0
MOC-R4PCC04U05:28691:28691 [0] NCCL INFO Bootstrap: Using eno7np0:192.168.50.193<0>
MOC-R4PCC04U05:28691:28691 [0] NCCL INFO cudaDriverVersion 12040
MOC-R4PCC04U05:28691:28691 [0] NCCL INFO NCCL version 2.26.2+cuda12.2
MOC-R4PCC04U05:28691:28691 [0] NCCL INFO Comm config Blocking set to 1
MOC-R4PCC04U05:28691:28732 [0] NCCL INFO NET/Plugin: Could not find: libnccl-net.so. Using internal net plugin.
MOC-R4PCC04U05:28691:28732 [0] NCCL INFO NCCL_IB_DISABLE set by environment to 1.
MOC-R4PCC04U05:28691:28732 [0] NCCL INFO NCCL_SOCKET_IFNAME set by environment to eno7np0
MOC-R4PCC04U05:28691:28732 [0] NCCL INFO NET/Socket : Using [0]eno7np0:192.168.50.193<0>
MOC-R4PCC04U05:28691:28732 [0] NCCL INFO PROFILER/Plugin: Could not find: libnccl-profiler.so. 
MOC-R4PCC04U05:28691:28732 [0] NCCL INFO Using network Socket
MOC-R4PCC04U05:28691:28732 [0] NCCL INFO ncclCommInitRankConfig comm 0x56090f0ac360 rank 0 nranks 8 cudaDev 0 nvmlDev 0 busId 6000 commId 0x4b9a41104f3bcb1 - Init START
MOC-R4PCC04U05:28693:28693 [2] NCCL INFO cudaDriverVersion 12040
MOC-R4PCC04U05:28693:28693 [2] NCCL INFO NCCL_SOCKET_IFNAME set by environment to eno7np0
MOC-R4PCC04U05:28692:28692 [1] NCCL INFO cudaDriverVersion 12040
MOC-R4PCC04U05:28692:28692 [1] NCCL INFO NCCL_SOCKET_IFNAME set by environment to eno7np0
MOC-R4PCC04U05:28694:28694 [3] NCCL INFO cudaDriverVersion 12040
MOC-R4PCC04U05:28694:28694 [3] NCCL INFO NCCL_SOCKET_IFNAME set by environment to eno7np0
MOC-R4PCC04U05:28693:28693 [2] NCCL INFO Bootstrap: Using eno7np0:192.168.50.193<0>
MOC-R4PCC04U05:28693:28693 [2] NCCL INFO NCCL version 2.26.2+cuda12.2
MOC-R4PCC04U05:28692:28692 [1] NCCL INFO Bootstrap: Using eno7np0:192.168.50.193<0>
MOC-R4PCC04U05:28692:28692 [1] NCCL INFO NCCL version 2.26.2+cuda12.2
MOC-R4PCC04U05:28694:28694 [3] NCCL INFO Bootstrap: Using eno7np0:192.168.50.193<0>
MOC-R4PCC04U05:28694:28694 [3] NCCL INFO NCCL version 2.26.2+cuda12.2
MOC-R4PCC04U05:28693:28693 [2] NCCL INFO Comm config Blocking set to 1
MOC-R4PCC04U05:28694:28694 [3] NCCL INFO Comm config Blocking set to 1
MOC-R4PCC04U05:28692:28692 [1] NCCL INFO Comm config Blocking set to 1
MOC-R4PCC04U05:28693:28733 [2] NCCL INFO NET/Plugin: Could not find: libnccl-net.so. Using internal net plugin.
MOC-R4PCC04U05:28693:28733 [2] NCCL INFO NCCL_IB_DISABLE set by environment to 1.
MOC-R4PCC04U05:28693:28733 [2] NCCL INFO NCCL_SOCKET_IFNAME set by environment to eno7np0
MOC-R4PCC04U05:28694:28735 [3] NCCL INFO NET/Plugin: Could not find: libnccl-net.so. Using internal net plugin.
MOC-R4PCC04U05:28694:28735 [3] NCCL INFO NCCL_IB_DISABLE set by environment to 1.
MOC-R4PCC04U05:28694:28735 [3] NCCL INFO NCCL_SOCKET_IFNAME set by environment to eno7np0
MOC-R4PCC04U05:28693:28733 [2] NCCL INFO NET/Socket : Using [0]eno7np0:192.168.50.193<0>
MOC-R4PCC04U05:28693:28733 [2] NCCL INFO PROFILER/Plugin: Could not find: libnccl-profiler.so. 
MOC-R4PCC04U05:28693:28733 [2] NCCL INFO Using network Socket
MOC-R4PCC04U05:28694:28735 [3] NCCL INFO NET/Socket : Using [0]eno7np0:192.168.50.193<0>
MOC-R4PCC04U05:28694:28735 [3] NCCL INFO PROFILER/Plugin: Could not find: libnccl-profiler.so. 
MOC-R4PCC04U05:28694:28735 [3] NCCL INFO Using network Socket
MOC-R4PCC04U05:28692:28734 [1] NCCL INFO NET/Plugin: Could not find: libnccl-net.so. Using internal net plugin.
MOC-R4PCC04U05:28692:28734 [1] NCCL INFO NCCL_IB_DISABLE set by environment to 1.
MOC-R4PCC04U05:28692:28734 [1] NCCL INFO NCCL_SOCKET_IFNAME set by environment to eno7np0
MOC-R4PCC04U05:28692:28734 [1] NCCL INFO NET/Socket : Using [0]eno7np0:192.168.50.193<0>
MOC-R4PCC04U05:28692:28734 [1] NCCL INFO PROFILER/Plugin: Could not find: libnccl-profiler.so. 
MOC-R4PCC04U05:28692:28734 [1] NCCL INFO Using network Socket
MOC-R4PCC04U05:28694:28735 [3] NCCL INFO ncclCommInitRankConfig comm 0x55a935a7c010 rank 3 nranks 8 cudaDev 3 nvmlDev 3 busId c6000 commId 0x4b9a41104f3bcb1 - Init START
MOC-R4PCC04U05:28692:28734 [1] NCCL INFO ncclCommInitRankConfig comm 0x55e565389aa0 rank 1 nranks 8 cudaDev 1 nvmlDev 1 busId 26000 commId 0x4b9a41104f3bcb1 - Init START
MOC-R4PCC04U05:28693:28733 [2] NCCL INFO ncclCommInitRankConfig comm 0x55f4c36a09d0 rank 2 nranks 8 cudaDev 2 nvmlDev 2 busId a6000 commId 0x4b9a41104f3bcb1 - Init START
MOC-R4PCC04U05:28691:28732 [0] NCCL INFO RAS client listening socket at ::1<28028>
MOC-R4PCC04U05:28692:28734 [1] NCCL INFO RAS client listening socket at ::1<28028>
MOC-R4PCC04U05:28694:28735 [3] NCCL INFO RAS client listening socket at ::1<28028>
MOC-R4PCC04U05:28693:28733 [2] NCCL INFO RAS client listening socket at ::1<28028>
MOC-R4PCC04U05:28694:28735 [3] NCCL INFO Bootstrap timings total 0.003390 (create 0.000147, send 0.000250, recv 0.000543, ring 0.000773, delay 0.000001)
MOC-R4PCC04U05:28693:28733 [2] NCCL INFO Bootstrap timings total 0.003332 (create 0.000144, send 0.000251, recv 0.000971, ring 0.000735, delay 0.000001)
MOC-R4PCC04U05:28692:28734 [1] NCCL INFO Bootstrap timings total 0.003410 (create 0.000140, send 0.000221, recv 0.000905, ring 0.001117, delay 0.000001)
MOC-R4PCC04U05:28691:28732 [0] NCCL INFO Bootstrap timings total 2.013641 (create 0.000143, send 0.000425, recv 2.010438, ring 0.001300, delay 0.000000)
MOC-R4PCC04U05:28692:28734 [1] NCCL INFO Setting affinity for GPU 1 to ffffffff,ffffffff,ffffffff,ffffffff,00000000,00000000,00000000,00000000,ffffffff,ffffffff,ffffffff,ffffffff
MOC-R4PCC04U05:28691:28732 [0] NCCL INFO Setting affinity for GPU 0 to ffffffff,ffffffff,ffffffff,ffffffff,00000000,00000000,00000000,00000000,ffffffff,ffffffff,ffffffff,ffffffff
MOC-R4PCC04U05:28691:28732 [0] NCCL INFO NVLS multicast support is not available on dev 0
MOC-R4PCC04U05:28693:28733 [2] NCCL INFO Setting affinity for GPU 2 to ffffffff,ffffffff,ffffffff,ffffffff,00000000,00000000,00000000,00000000,ffffffff,ffffffff,ffffffff,ffffffff,00000000,00000000,00000000,00000000
MOC-R4PCC04U05:28693:28733 [2] NCCL INFO NVLS multicast support is not available on dev 2
MOC-R4PCC04U05:28694:28735 [3] NCCL INFO Setting affinity for GPU 3 to ffffffff,ffffffff,ffffffff,ffffffff,00000000,00000000,00000000,00000000,ffffffff,ffffffff,ffffffff,ffffffff,00000000,00000000,00000000,00000000
MOC-R4PCC04U05:28694:28735 [3] NCCL INFO NVLS multicast support is not available on dev 3
MOC-R4PCC04U05:28692:28734 [1] NCCL INFO NVLS multicast support is not available on dev 1
MOC-R4PCC04U05:28694:28735 [3] NCCL INFO comm 0x55a935a7c010 rank 3 nRanks 8 nNodes 2 localRanks 4 localRank 3 MNNVL 0
MOC-R4PCC04U05:28693:28733 [2] NCCL INFO comm 0x55f4c36a09d0 rank 2 nRanks 8 nNodes 2 localRanks 4 localRank 2 MNNVL 0
MOC-R4PCC04U05:28694:28735 [3] NCCL INFO Trees [0] 0/7/-1->3->-1 [1] 0/7/-1->3->-1 [2] 0/-1/-1->3->7 [3] 0/-1/-1->3->7
MOC-R4PCC04U05:28694:28735 [3] NCCL INFO P2P Chunksize set to 131072
MOC-R4PCC04U05:28693:28733 [2] NCCL INFO Trees [0] -1/-1/-1->2->1 [1] -1/-1/-1->2->1 [2] -1/-1/-1->2->1 [3] -1/-1/-1->2->1
MOC-R4PCC04U05:28692:28734 [1] NCCL INFO comm 0x55e565389aa0 rank 1 nRanks 8 nNodes 2 localRanks 4 localRank 1 MNNVL 0
MOC-R4PCC04U05:28693:28733 [2] NCCL INFO P2P Chunksize set to 131072
MOC-R4PCC04U05:28691:28732 [0] NCCL INFO comm 0x56090f0ac360 rank 0 nRanks 8 nNodes 2 localRanks 4 localRank 0 MNNVL 0
MOC-R4PCC04U05:28692:28734 [1] NCCL INFO Trees [0] 2/-1/-1->1->0 [1] 2/-1/-1->1->0 [2] 2/-1/-1->1->0 [3] 2/-1/-1->1->0
MOC-R4PCC04U05:28692:28734 [1] NCCL INFO P2P Chunksize set to 131072
MOC-R4PCC04U05:28691:28732 [0] NCCL INFO Channel 00/04 : 0 3 6 5 4 7 2 1
MOC-R4PCC04U05:28691:28732 [0] NCCL INFO Channel 01/04 : 0 2 7 5 4 6 3 1
MOC-R4PCC04U05:28691:28732 [0] NCCL INFO Channel 02/04 : 0 3 6 5 4 7 2 1
MOC-R4PCC04U05:28691:28732 [0] NCCL INFO Channel 03/04 : 0 2 7 5 4 6 3 1
MOC-R4PCC04U05:28691:28732 [0] NCCL INFO Trees [0] 1/-1/-1->0->3 [1] 1/-1/-1->0->3 [2] 1/-1/-1->0->3 [3] 1/-1/-1->0->3
MOC-R4PCC04U05:28691:28732 [0] NCCL INFO P2P Chunksize set to 131072
MOC-R4PCC04U05:28691:28732 [0] NCCL INFO Check P2P Type intraNodeP2pSupport 1 directMode 0
MOC-R4PCC04U05:28694:28742 [3] NCCL INFO [Proxy Service] Device 3 CPU core 447
MOC-R4PCC04U05:28693:28741 [2] NCCL INFO [Proxy Service] Device 2 CPU core 167
MOC-R4PCC04U05:28692:28745 [1] NCCL INFO [Proxy Service] Device 1 CPU core 9
MOC-R4PCC04U05:28694:28743 [3] NCCL INFO [Proxy Service UDS] Device 3 CPU core 215
MOC-R4PCC04U05:28692:28746 [1] NCCL INFO [Proxy Service UDS] Device 1 CPU core 23
MOC-R4PCC04U05:28691:28744 [0] NCCL INFO [Proxy Service] Device 0 CPU core 10
MOC-R4PCC04U05:28693:28747 [2] NCCL INFO [Proxy Service UDS] Device 2 CPU core 474
MOC-R4PCC04U05:28691:28748 [0] NCCL INFO [Proxy Service UDS] Device 0 CPU core 31
MOC-R4PCC04U05:28692:28734 [1] NCCL INFO threadThresholds 8/8/64 | 64/8/64 | 512 | 512
MOC-R4PCC04U05:28692:28734 [1] NCCL INFO 4 coll channels, 4 collnet channels, 0 nvls channels, 4 p2p channels, 2 p2p channels per peer
MOC-R4PCC04U05:28693:28733 [2] NCCL INFO threadThresholds 8/8/64 | 64/8/64 | 512 | 512
MOC-R4PCC04U05:28693:28733 [2] NCCL INFO 4 coll channels, 4 collnet channels, 0 nvls channels, 4 p2p channels, 2 p2p channels per peer
MOC-R4PCC04U05:28691:28732 [0] NCCL INFO threadThresholds 8/8/64 | 64/8/64 | 512 | 512
MOC-R4PCC04U05:28691:28732 [0] NCCL INFO 4 coll channels, 4 collnet channels, 0 nvls channels, 4 p2p channels, 2 p2p channels per peer
MOC-R4PCC04U05:28694:28735 [3] NCCL INFO threadThresholds 8/8/64 | 64/8/64 | 512 | 512
MOC-R4PCC04U05:28694:28735 [3] NCCL INFO 4 coll channels, 4 collnet channels, 0 nvls channels, 4 p2p channels, 2 p2p channels per peer
MOC-R4PCC04U05:28691:28732 [0] NCCL INFO CC Off, workFifoBytes 1048576
MOC-R4PCC04U05:28693:28733 [2] NCCL INFO TUNER/Plugin: Could not find: libnccl-tuner.so. Using internal tuner plugin.
MOC-R4PCC04U05:28693:28733 [2] NCCL INFO ncclCommInitRankConfig comm 0x55f4c36a09d0 rank 2 nranks 8 cudaDev 2 nvmlDev 2 busId a6000 commId 0x4b9a41104f3bcb1 - Init COMPLETE
MOC-R4PCC04U05:28693:28733 [2] NCCL INFO Init timings - ncclCommInitRankConfig: rank 2 nranks 8 total 2.89 (kernels 0.31, alloc 1.69, bootstrap 0.00, allgathers 0.03, topo 0.84, graphs 0.00, connections 0.01, rest 0.01)
MOC-R4PCC04U05:28692:28734 [1] NCCL INFO TUNER/Plugin: Could not find: libnccl-tuner.so. Using internal tuner plugin.
MOC-R4PCC04U05:28692:28734 [1] NCCL INFO ncclCommInitRankConfig comm 0x55e565389aa0 rank 1 nranks 8 cudaDev 1 nvmlDev 1 busId 26000 commId 0x4b9a41104f3bcb1 - Init COMPLETE
MOC-R4PCC04U05:28694:28735 [3] NCCL INFO TUNER/Plugin: Could not find: libnccl-tuner.so. Using internal tuner plugin.
MOC-R4PCC04U05:28694:28735 [3] NCCL INFO ncclCommInitRankConfig comm 0x55a935a7c010 rank 3 nranks 8 cudaDev 3 nvmlDev 3 busId c6000 commId 0x4b9a41104f3bcb1 - Init COMPLETE
MOC-R4PCC04U05:28692:28734 [1] NCCL INFO Init timings - ncclCommInitRankConfig: rank 1 nranks 8 total 2.89 (kernels 0.32, alloc 1.68, bootstrap 0.00, allgathers 0.02, topo 0.84, graphs 0.00, connections 0.01, rest 0.02)
MOC-R4PCC04U05:28694:28735 [3] NCCL INFO Init timings - ncclCommInitRankConfig: rank 3 nranks 8 total 2.89 (kernels 0.31, alloc 1.69, bootstrap 0.00, allgathers 0.02, topo 0.84, graphs 0.00, connections 0.02, rest 0.00)
MOC-R4PCC04U05:28691:28732 [0] NCCL INFO TUNER/Plugin: Could not find: libnccl-tuner.so. Using internal tuner plugin.
MOC-R4PCC04U05:28691:28732 [0] NCCL INFO ncclCommInitRankConfig comm 0x56090f0ac360 rank 0 nranks 8 cudaDev 0 nvmlDev 0 busId 6000 commId 0x4b9a41104f3bcb1 - Init COMPLETE
MOC-R4PCC04U05:28691:28732 [0] NCCL INFO Init timings - ncclCommInitRankConfig: rank 0 nranks 8 total 3.81 (kernels 0.32, alloc 0.59, bootstrap 2.01, allgathers 0.03, topo 0.84, graphs 0.00, connections 0.02, rest 0.00)
MOC-R4PCC04U05:28691:28754 [0] NCCL INFO Channel 01/0 : 0[0] -> 2[2] via P2P/CUMEM
MOC-R4PCC04U05:28691:28754 [0] NCCL INFO Channel 03/0 : 0[0] -> 2[2] via P2P/CUMEM
MOC-R4PCC04U05:28691:28754 [0] NCCL INFO Channel 00/0 : 0[0] -> 3[3] via P2P/CUMEM
MOC-R4PCC04U05:28691:28754 [0] NCCL INFO Channel 02/0 : 0[0] -> 3[3] via P2P/CUMEM
MOC-R4PCC04U05:28694:28756 [3] NCCL INFO [Proxy Progress] Device 3 CPU core 398
MOC-R4PCC04U05:28694:28753 [3] NCCL INFO Channel 00/0 : 3[3] -> 6[2] [send] via NET/Socket/0
MOC-R4PCC04U05:28694:28753 [3] NCCL INFO Channel 02/0 : 3[3] -> 6[2] [send] via NET/Socket/0
MOC-R4PCC04U05:28693:28757 [2] NCCL INFO [Proxy Progress] Device 2 CPU core 166
MOC-R4PCC04U05:28693:28752 [2] NCCL INFO Channel 00/0 : 7[3] -> 2[2] [receive] via NET/Socket/0
MOC-R4PCC04U05:28693:28752 [2] NCCL INFO Channel 02/0 : 7[3] -> 2[2] [receive] via NET/Socket/0
MOC-R4PCC04U05:28694:28753 [3] NCCL INFO Channel 01/0 : 6[2] -> 3[3] [receive] via NET/Socket/0
MOC-R4PCC04U05:28694:28753 [3] NCCL INFO Channel 03/0 : 6[2] -> 3[3] [receive] via NET/Socket/0
MOC-R4PCC04U05:28694:28753 [3] NCCL INFO Channel 01/0 : 3[3] -> 1[1] via P2P/CUMEM
MOC-R4PCC04U05:28694:28753 [3] NCCL INFO Channel 03/0 : 3[3] -> 1[1] via P2P/CUMEM
MOC-R4PCC04U05:28693:28752 [2] NCCL INFO Channel 01/0 : 2[2] -> 7[3] [send] via NET/Socket/0
MOC-R4PCC04U05:28693:28752 [2] NCCL INFO Channel 03/0 : 2[2] -> 7[3] [send] via NET/Socket/0
MOC-R4PCC04U05:28693:28752 [2] NCCL INFO Channel 00/0 : 2[2] -> 1[1] via P2P/CUMEM
MOC-R4PCC04U05:28693:28752 [2] NCCL INFO Channel 02/0 : 2[2] -> 1[1] via P2P/CUMEM
MOC-R4PCC04U05:28692:28755 [1] NCCL INFO Channel 00/0 : 1[1] -> 0[0] via P2P/CUMEM
MOC-R4PCC04U05:28692:28755 [1] NCCL INFO Channel 01/0 : 1[1] -> 0[0] via P2P/CUMEM
MOC-R4PCC04U05:28692:28755 [1] NCCL INFO Channel 02/0 : 1[1] -> 0[0] via P2P/CUMEM
MOC-R4PCC04U05:28692:28755 [1] NCCL INFO Channel 03/0 : 1[1] -> 0[0] via P2P/CUMEM
MOC-R4PCC04U05:28692:28755 [1] NCCL INFO Connected all rings, use ring PXN 0 GDR 0
MOC-R4PCC04U05:28694:28753 [3] NCCL INFO Connected all rings, use ring PXN 0 GDR 0
MOC-R4PCC04U05:28693:28752 [2] NCCL INFO Connected all rings, use ring PXN 0 GDR 0
MOC-R4PCC04U05:28691:28754 [0] NCCL INFO Connected all rings, use ring PXN 0 GDR 0
num decayed parameter tensors: 50, with 124,318,464 parameters
num non-decayed parameter tensors: 98, with 121,344 parameters
using fused AdamW: False
using regular AdamW
MOC-R4PCC04U05:28691:29446 [0] NCCL INFO Channel 00/0 : 0[0] -> 1[1] via P2P/CUMEM
MOC-R4PCC04U05:28691:29446 [0] NCCL INFO Channel 01/0 : 0[0] -> 1[1] via P2P/CUMEM
MOC-R4PCC04U05:28691:29446 [0] NCCL INFO Channel 02/0 : 0[0] -> 1[1] via P2P/CUMEM
MOC-R4PCC04U05:28691:29446 [0] NCCL INFO Channel 03/0 : 0[0] -> 1[1] via P2P/CUMEM
MOC-R4PCC04U05:28692:29448 [1] NCCL INFO Channel 00/0 : 1[1] -> 2[2] via P2P/CUMEM
MOC-R4PCC04U05:28692:29448 [1] NCCL INFO Channel 01/0 : 1[1] -> 2[2] via P2P/CUMEM
MOC-R4PCC04U05:28692:29448 [1] NCCL INFO Channel 02/0 : 1[1] -> 2[2] via P2P/CUMEM
MOC-R4PCC04U05:28692:29448 [1] NCCL INFO Channel 03/0 : 1[1] -> 2[2] via P2P/CUMEM
MOC-R4PCC04U05:28691:29446 [0] NCCL INFO Channel 01/0 : 0[0] -> 3[3] via P2P/CUMEM
MOC-R4PCC04U05:28693:29447 [2] NCCL INFO Channel 01/0 : 2[2] -> 1[1] via P2P/CUMEM
MOC-R4PCC04U05:28693:29447 [2] NCCL INFO Channel 03/0 : 2[2] -> 1[1] via P2P/CUMEM
MOC-R4PCC04U05:28691:29446 [0] NCCL INFO Channel 03/0 : 0[0] -> 3[3] via P2P/CUMEM
MOC-R4PCC04U05:28694:29449 [3] NCCL INFO Channel 00/0 : 7[3] -> 3[3] [receive] via NET/Socket/0
MOC-R4PCC04U05:28694:29449 [3] NCCL INFO Channel 01/0 : 7[3] -> 3[3] [receive] via NET/Socket/0
MOC-R4PCC04U05:28694:29449 [3] NCCL INFO Channel 02/0 : 7[3] -> 3[3] [receive] via NET/Socket/0
MOC-R4PCC04U05:28694:29449 [3] NCCL INFO Channel 03/0 : 7[3] -> 3[3] [receive] via NET/Socket/0
MOC-R4PCC04U05:28694:29449 [3] NCCL INFO Channel 00/0 : 3[3] -> 7[3] [send] via NET/Socket/0
MOC-R4PCC04U05:28694:29449 [3] NCCL INFO Channel 01/0 : 3[3] -> 7[3] [send] via NET/Socket/0
MOC-R4PCC04U05:28694:29449 [3] NCCL INFO Channel 02/0 : 3[3] -> 7[3] [send] via NET/Socket/0
MOC-R4PCC04U05:28694:29449 [3] NCCL INFO Channel 03/0 : 3[3] -> 7[3] [send] via NET/Socket/0
MOC-R4PCC04U05:28694:29449 [3] NCCL INFO Channel 00/0 : 3[3] -> 0[0] via P2P/CUMEM
MOC-R4PCC04U05:28694:29449 [3] NCCL INFO Channel 01/0 : 3[3] -> 0[0] via P2P/CUMEM
MOC-R4PCC04U05:28694:29449 [3] NCCL INFO Channel 02/0 : 3[3] -> 0[0] via P2P/CUMEM
MOC-R4PCC04U05:28694:29449 [3] NCCL INFO Channel 03/0 : 3[3] -> 0[0] via P2P/CUMEM
MOC-R4PCC04U05:28692:29448 [1] NCCL INFO Connected all trees
MOC-R4PCC04U05:28693:29447 [2] NCCL INFO Connected all trees
MOC-R4PCC04U05:28691:29446 [0] NCCL INFO Connected all trees
MOC-R4PCC04U05:28694:29449 [3] NCCL INFO Connected all trees
step    1/10 | train loss 11.010164 | norm 15.3784 | lr 1.00e-04 | (15026.01 ms | 122122 tok/s)
step    2/10 | train loss 10.136259 | norm 5.7532 | lr 1.00e-04 | (1235.48 ms | 1485257 tok/s)
step    3/10 | train loss 9.794410 | norm 2.6140 | lr 1.00e-04 | (1207.23 ms | 1520012 tok/s)
step    4/10 | train loss 9.624503 | norm 2.1149 | lr 1.00e-04 | (1203.05 ms | 1525302 tok/s)
step    5/10 | train loss 9.541203 | norm 2.1072 | lr 1.00e-04 | (1193.66 ms | 1537292 tok/s)
step    6/10 | train loss 9.459826 | norm 2.0014 | lr 1.00e-04 | (1207.20 ms | 1520048 tok/s)
step    7/10 | train loss 9.374056 | norm 1.9510 | lr 1.00e-04 | (1208.46 ms | 1518469 tok/s)
step    8/10 | train loss 9.281912 | norm 1.9181 | lr 1.00e-04 | (1195.39 ms | 1535068 tok/s)
step    9/10 | train loss 9.186089 | norm 1.8610 | lr 1.00e-04 | (1208.24 ms | 1518739 tok/s)
step   10/10 | train loss 9.101144 | norm 1.8022 | lr 1.00e-04 | (1204.14 ms | 1523916 tok/s)
final 9 iters avg: 1206.985ms
peak memory consumption: 16601 MiB
MOC-R4PCC04U05:28693:29456 [2] NCCL INFO comm 0x55f4c36a09d0 rank 2 nranks 8 cudaDev 2 busId a6000 - Destroy COMPLETE
MOC-R4PCC04U05:28692:29457 [1] NCCL INFO comm 0x55e565389aa0 rank 1 nranks 8 cudaDev 1 busId 26000 - Destroy COMPLETE
MOC-R4PCC04U05:28694:29459 [3] NCCL INFO comm 0x55a935a7c010 rank 3 nranks 8 cudaDev 3 busId c6000 - Destroy COMPLETE
MOC-R4PCC04U05:28691:29458 [0] NCCL INFO comm 0x56090f0ac360 rank 0 nranks 8 cudaDev 0 busId 6000 - Destroy COMPLETE
