Running pytorch 2.7.0+cu126
using device: cuda:0
total desired batch size: 3145728
=> calculated gradient accumulation steps: 8
using device: cuda:1
using device: cuda:3
using device: cuda:2
compiling the model...
DataLoader: total number of tokens: 1,661,249,667 across 103 files
MOC-R4PCC04U05:46682:46682 [0] NCCL INFO NCCL_SOCKET_IFNAME set by environment to eno7np0
MOC-R4PCC04U05:46682:46682 [0] NCCL INFO Bootstrap: Using eno7np0:192.168.50.193<0>
MOC-R4PCC04U05:46682:46682 [0] NCCL INFO cudaDriverVersion 12040
MOC-R4PCC04U05:46682:46682 [0] NCCL INFO NCCL version 2.26.2+cuda12.2
MOC-R4PCC04U05:46682:46682 [0] NCCL INFO Comm config Blocking set to 1
MOC-R4PCC04U05:46682:46724 [0] NCCL INFO NET/Plugin: Could not find: libnccl-net.so. Using internal net plugin.
MOC-R4PCC04U05:46682:46724 [0] NCCL INFO NCCL_IB_DISABLE set by environment to 1.
MOC-R4PCC04U05:46682:46724 [0] NCCL INFO NCCL_SOCKET_IFNAME set by environment to eno7np0
MOC-R4PCC04U05:46682:46724 [0] NCCL INFO NET/Socket : Using [0]eno7np0:192.168.50.193<0>
MOC-R4PCC04U05:46682:46724 [0] NCCL INFO PROFILER/Plugin: Could not find: libnccl-profiler.so. 
MOC-R4PCC04U05:46682:46724 [0] NCCL INFO Using network Socket
MOC-R4PCC04U05:46683:46683 [1] NCCL INFO cudaDriverVersion 12040
MOC-R4PCC04U05:46683:46683 [1] NCCL INFO NCCL_SOCKET_IFNAME set by environment to eno7np0
MOC-R4PCC04U05:46682:46724 [0] NCCL INFO ncclCommInitRankConfig comm 0x55f9ed507d90 rank 0 nranks 12 cudaDev 0 nvmlDev 0 busId 6000 commId 0xdd8c73cf6197d755 - Init START
MOC-R4PCC04U05:46683:46683 [1] NCCL INFO Bootstrap: Using eno7np0:192.168.50.193<0>
MOC-R4PCC04U05:46683:46683 [1] NCCL INFO NCCL version 2.26.2+cuda12.2
MOC-R4PCC04U05:46683:46683 [1] NCCL INFO Comm config Blocking set to 1
MOC-R4PCC04U05:46684:46684 [2] NCCL INFO cudaDriverVersion 12040
MOC-R4PCC04U05:46684:46684 [2] NCCL INFO NCCL_SOCKET_IFNAME set by environment to eno7np0
MOC-R4PCC04U05:46685:46685 [3] NCCL INFO cudaDriverVersion 12040
MOC-R4PCC04U05:46685:46685 [3] NCCL INFO NCCL_SOCKET_IFNAME set by environment to eno7np0
MOC-R4PCC04U05:46684:46684 [2] NCCL INFO Bootstrap: Using eno7np0:192.168.50.193<0>
MOC-R4PCC04U05:46685:46685 [3] NCCL INFO Bootstrap: Using eno7np0:192.168.50.193<0>
MOC-R4PCC04U05:46684:46684 [2] NCCL INFO NCCL version 2.26.2+cuda12.2
MOC-R4PCC04U05:46685:46685 [3] NCCL INFO NCCL version 2.26.2+cuda12.2
MOC-R4PCC04U05:46684:46684 [2] NCCL INFO Comm config Blocking set to 1
MOC-R4PCC04U05:46685:46685 [3] NCCL INFO Comm config Blocking set to 1
MOC-R4PCC04U05:46683:46725 [1] NCCL INFO NET/Plugin: Could not find: libnccl-net.so. Using internal net plugin.
MOC-R4PCC04U05:46683:46725 [1] NCCL INFO NCCL_IB_DISABLE set by environment to 1.
MOC-R4PCC04U05:46683:46725 [1] NCCL INFO NCCL_SOCKET_IFNAME set by environment to eno7np0
MOC-R4PCC04U05:46685:46727 [3] NCCL INFO NET/Plugin: Could not find: libnccl-net.so. Using internal net plugin.
MOC-R4PCC04U05:46685:46727 [3] NCCL INFO NCCL_IB_DISABLE set by environment to 1.
MOC-R4PCC04U05:46685:46727 [3] NCCL INFO NCCL_SOCKET_IFNAME set by environment to eno7np0
MOC-R4PCC04U05:46684:46726 [2] NCCL INFO NET/Plugin: Could not find: libnccl-net.so. Using internal net plugin.
MOC-R4PCC04U05:46684:46726 [2] NCCL INFO NCCL_IB_DISABLE set by environment to 1.
MOC-R4PCC04U05:46684:46726 [2] NCCL INFO NCCL_SOCKET_IFNAME set by environment to eno7np0
MOC-R4PCC04U05:46683:46725 [1] NCCL INFO NET/Socket : Using [0]eno7np0:192.168.50.193<0>
MOC-R4PCC04U05:46685:46727 [3] NCCL INFO NET/Socket : Using [0]eno7np0:192.168.50.193<0>
MOC-R4PCC04U05:46684:46726 [2] NCCL INFO NET/Socket : Using [0]eno7np0:192.168.50.193<0>
MOC-R4PCC04U05:46683:46725 [1] NCCL INFO PROFILER/Plugin: Could not find: libnccl-profiler.so. 
MOC-R4PCC04U05:46683:46725 [1] NCCL INFO Using network Socket
MOC-R4PCC04U05:46685:46727 [3] NCCL INFO PROFILER/Plugin: Could not find: libnccl-profiler.so. 
MOC-R4PCC04U05:46685:46727 [3] NCCL INFO Using network Socket
MOC-R4PCC04U05:46684:46726 [2] NCCL INFO PROFILER/Plugin: Could not find: libnccl-profiler.so. 
MOC-R4PCC04U05:46684:46726 [2] NCCL INFO Using network Socket
MOC-R4PCC04U05:46684:46726 [2] NCCL INFO ncclCommInitRankConfig comm 0x55ffb8a1ce60 rank 2 nranks 12 cudaDev 2 nvmlDev 2 busId a6000 commId 0xdd8c73cf6197d755 - Init START
MOC-R4PCC04U05:46685:46727 [3] NCCL INFO ncclCommInitRankConfig comm 0x563486275450 rank 3 nranks 12 cudaDev 3 nvmlDev 3 busId c6000 commId 0xdd8c73cf6197d755 - Init START
MOC-R4PCC04U05:46683:46725 [1] NCCL INFO ncclCommInitRankConfig comm 0x559d7ae29a70 rank 1 nranks 12 cudaDev 1 nvmlDev 1 busId 26000 commId 0xdd8c73cf6197d755 - Init START
MOC-R4PCC04U05:46685:46727 [3] NCCL INFO RAS client listening socket at ::1<28028>
MOC-R4PCC04U05:46683:46725 [1] NCCL INFO RAS client listening socket at ::1<28028>
MOC-R4PCC04U05:46684:46726 [2] NCCL INFO RAS client listening socket at ::1<28028>
MOC-R4PCC04U05:46682:46724 [0] NCCL INFO RAS client listening socket at ::1<28028>
MOC-R4PCC04U05:46684:46726 [2] NCCL INFO Bootstrap timings total 0.017725 (create 0.000134, send 0.000215, recv 0.000269, ring 0.015189, delay 0.000001)
MOC-R4PCC04U05:46685:46727 [3] NCCL INFO Bootstrap timings total 0.017604 (create 0.000130, send 0.000250, recv 0.000410, ring 0.015168, delay 0.000001)
MOC-R4PCC04U05:46683:46725 [1] NCCL INFO Bootstrap timings total 0.017587 (create 0.000142, send 0.000219, recv 0.000836, ring 0.015217, delay 0.000001)
MOC-R4PCC04U05:46682:46724 [0] NCCL INFO Bootstrap timings total 2.018961 (create 0.000167, send 0.000419, recv 2.001890, ring 0.015214, delay 0.000001)
MOC-R4PCC04U05:46682:46724 [0] NCCL INFO Setting affinity for GPU 0 to ffffffff,ffffffff,ffffffff,ffffffff,00000000,00000000,00000000,00000000,ffffffff,ffffffff,ffffffff,ffffffff
MOC-R4PCC04U05:46682:46724 [0] NCCL INFO NVLS multicast support is not available on dev 0
MOC-R4PCC04U05:46683:46725 [1] NCCL INFO Setting affinity for GPU 1 to ffffffff,ffffffff,ffffffff,ffffffff,00000000,00000000,00000000,00000000,ffffffff,ffffffff,ffffffff,ffffffff
MOC-R4PCC04U05:46683:46725 [1] NCCL INFO NVLS multicast support is not available on dev 1
MOC-R4PCC04U05:46684:46726 [2] NCCL INFO Setting affinity for GPU 2 to ffffffff,ffffffff,ffffffff,ffffffff,00000000,00000000,00000000,00000000,ffffffff,ffffffff,ffffffff,ffffffff,00000000,00000000,00000000,00000000
MOC-R4PCC04U05:46684:46726 [2] NCCL INFO NVLS multicast support is not available on dev 2
MOC-R4PCC04U05:46685:46727 [3] NCCL INFO Setting affinity for GPU 3 to ffffffff,ffffffff,ffffffff,ffffffff,00000000,00000000,00000000,00000000,ffffffff,ffffffff,ffffffff,ffffffff,00000000,00000000,00000000,00000000
MOC-R4PCC04U05:46685:46727 [3] NCCL INFO NVLS multicast support is not available on dev 3
MOC-R4PCC04U05:46685:46727 [3] NCCL INFO comm 0x563486275450 rank 3 nRanks 12 nNodes 3 localRanks 4 localRank 3 MNNVL 0
MOC-R4PCC04U05:46684:46726 [2] NCCL INFO comm 0x55ffb8a1ce60 rank 2 nRanks 12 nNodes 3 localRanks 4 localRank 2 MNNVL 0
MOC-R4PCC04U05:46682:46724 [0] NCCL INFO comm 0x55f9ed507d90 rank 0 nRanks 12 nNodes 3 localRanks 4 localRank 0 MNNVL 0
MOC-R4PCC04U05:46683:46725 [1] NCCL INFO comm 0x559d7ae29a70 rank 1 nRanks 12 nNodes 3 localRanks 4 localRank 1 MNNVL 0
MOC-R4PCC04U05:46685:46727 [3] NCCL INFO Trees [0] 0/11/-1->3->-1 [1] 0/11/-1->3->-1 [2] 0/11/-1->3->7 [3] 0/11/-1->3->7
MOC-R4PCC04U05:46685:46727 [3] NCCL INFO P2P Chunksize set to 131072
MOC-R4PCC04U05:46684:46726 [2] NCCL INFO Trees [0] -1/-1/-1->2->1 [1] -1/-1/-1->2->1 [2] -1/-1/-1->2->1 [3] -1/-1/-1->2->1
MOC-R4PCC04U05:46684:46726 [2] NCCL INFO P2P Chunksize set to 131072
MOC-R4PCC04U05:46683:46725 [1] NCCL INFO Trees [0] 2/-1/-1->1->0 [1] 2/-1/-1->1->0 [2] 2/-1/-1->1->0 [3] 2/-1/-1->1->0
MOC-R4PCC04U05:46682:46724 [0] NCCL INFO Channel 00/04 :  0  3  6  5  4  7 10  9  8 11  2  1
MOC-R4PCC04U05:46683:46725 [1] NCCL INFO P2P Chunksize set to 131072
MOC-R4PCC04U05:46682:46724 [0] NCCL INFO Channel 01/04 :  0  2  7  5  4  6 11  9  8 10  3  1
MOC-R4PCC04U05:46682:46724 [0] NCCL INFO Channel 02/04 :  0  3  6  5  4  7 10  9  8 11  2  1
MOC-R4PCC04U05:46682:46724 [0] NCCL INFO Channel 03/04 :  0  2  7  5  4  6 11  9  8 10  3  1
MOC-R4PCC04U05:46682:46724 [0] NCCL INFO Trees [0] 1/-1/-1->0->3 [1] 1/-1/-1->0->3 [2] 1/-1/-1->0->3 [3] 1/-1/-1->0->3
MOC-R4PCC04U05:46682:46724 [0] NCCL INFO P2P Chunksize set to 131072
MOC-R4PCC04U05:46682:46724 [0] NCCL INFO Check P2P Type intraNodeP2pSupport 1 directMode 0
MOC-R4PCC04U05:46685:46736 [3] NCCL INFO [Proxy Service] Device 3 CPU core 171
MOC-R4PCC04U05:46682:46737 [0] NCCL INFO [Proxy Service] Device 0 CPU core 10
MOC-R4PCC04U05:46684:46735 [2] NCCL INFO [Proxy Service] Device 2 CPU core 247
MOC-R4PCC04U05:46682:46738 [0] NCCL INFO [Proxy Service UDS] Device 0 CPU core 279
MOC-R4PCC04U05:46684:46739 [2] NCCL INFO [Proxy Service UDS] Device 2 CPU core 394
MOC-R4PCC04U05:46685:46740 [3] NCCL INFO [Proxy Service UDS] Device 3 CPU core 437
MOC-R4PCC04U05:46683:46741 [1] NCCL INFO [Proxy Service] Device 1 CPU core 287
MOC-R4PCC04U05:46683:46742 [1] NCCL INFO [Proxy Service UDS] Device 1 CPU core 295
MOC-R4PCC04U05:46685:46727 [3] NCCL INFO threadThresholds 8/8/64 | 96/8/64 | 512 | 512
MOC-R4PCC04U05:46685:46727 [3] NCCL INFO 4 coll channels, 4 collnet channels, 0 nvls channels, 4 p2p channels, 1 p2p channels per peer
MOC-R4PCC04U05:46684:46726 [2] NCCL INFO threadThresholds 8/8/64 | 96/8/64 | 512 | 512
MOC-R4PCC04U05:46684:46726 [2] NCCL INFO 4 coll channels, 4 collnet channels, 0 nvls channels, 4 p2p channels, 1 p2p channels per peer
MOC-R4PCC04U05:46682:46724 [0] NCCL INFO threadThresholds 8/8/64 | 96/8/64 | 512 | 512
MOC-R4PCC04U05:46682:46724 [0] NCCL INFO 4 coll channels, 4 collnet channels, 0 nvls channels, 4 p2p channels, 1 p2p channels per peer
MOC-R4PCC04U05:46682:46724 [0] NCCL INFO CC Off, workFifoBytes 1048576
MOC-R4PCC04U05:46683:46725 [1] NCCL INFO threadThresholds 8/8/64 | 96/8/64 | 512 | 512
MOC-R4PCC04U05:46683:46725 [1] NCCL INFO 4 coll channels, 4 collnet channels, 0 nvls channels, 4 p2p channels, 1 p2p channels per peer
MOC-R4PCC04U05:46684:46726 [2] NCCL INFO TUNER/Plugin: Could not find: libnccl-tuner.so. Using internal tuner plugin.
MOC-R4PCC04U05:46683:46725 [1] NCCL INFO TUNER/Plugin: Could not find: libnccl-tuner.so. Using internal tuner plugin.
MOC-R4PCC04U05:46685:46727 [3] NCCL INFO TUNER/Plugin: Could not find: libnccl-tuner.so. Using internal tuner plugin.
MOC-R4PCC04U05:46684:46726 [2] NCCL INFO ncclCommInitRankConfig comm 0x55ffb8a1ce60 rank 2 nranks 12 cudaDev 2 nvmlDev 2 busId a6000 commId 0xdd8c73cf6197d755 - Init COMPLETE
MOC-R4PCC04U05:46683:46725 [1] NCCL INFO ncclCommInitRankConfig comm 0x559d7ae29a70 rank 1 nranks 12 cudaDev 1 nvmlDev 1 busId 26000 commId 0xdd8c73cf6197d755 - Init COMPLETE
MOC-R4PCC04U05:46685:46727 [3] NCCL INFO ncclCommInitRankConfig comm 0x563486275450 rank 3 nranks 12 cudaDev 3 nvmlDev 3 busId c6000 commId 0xdd8c73cf6197d755 - Init COMPLETE
MOC-R4PCC04U05:46684:46726 [2] NCCL INFO Init timings - ncclCommInitRankConfig: rank 2 nranks 12 total 3.21 (kernels 0.31, alloc 1.68, bootstrap 0.02, allgathers 0.17, topo 0.71, graphs 0.00, connections 0.30, rest 0.02)
MOC-R4PCC04U05:46683:46725 [1] NCCL INFO Init timings - ncclCommInitRankConfig: rank 1 nranks 12 total 3.22 (kernels 0.31, alloc 1.68, bootstrap 0.02, allgathers 0.17, topo 0.71, graphs 0.00, connections 0.32, rest 0.00)
MOC-R4PCC04U05:46685:46727 [3] NCCL INFO Init timings - ncclCommInitRankConfig: rank 3 nranks 12 total 3.21 (kernels 0.31, alloc 1.68, bootstrap 0.02, allgathers 0.17, topo 0.71, graphs 0.00, connections 0.30, rest 0.02)
MOC-R4PCC04U05:46682:46724 [0] NCCL INFO TUNER/Plugin: Could not find: libnccl-tuner.so. Using internal tuner plugin.
MOC-R4PCC04U05:46682:46724 [0] NCCL INFO ncclCommInitRankConfig comm 0x55f9ed507d90 rank 0 nranks 12 cudaDev 0 nvmlDev 0 busId 6000 commId 0xdd8c73cf6197d755 - Init COMPLETE
MOC-R4PCC04U05:46682:46724 [0] NCCL INFO Init timings - ncclCommInitRankConfig: rank 0 nranks 12 total 4.12 (kernels 0.32, alloc 0.58, bootstrap 2.02, allgathers 0.17, topo 0.71, graphs 0.00, connections 0.30, rest 0.02)
MOC-R4PCC04U05:46682:46747 [0] NCCL INFO Channel 01/0 : 0[0] -> 2[2] via P2P/CUMEM
MOC-R4PCC04U05:46682:46747 [0] NCCL INFO Channel 03/0 : 0[0] -> 2[2] via P2P/CUMEM
MOC-R4PCC04U05:46682:46747 [0] NCCL INFO Channel 00/0 : 0[0] -> 3[3] via P2P/CUMEM
MOC-R4PCC04U05:46682:46747 [0] NCCL INFO Channel 02/0 : 0[0] -> 3[3] via P2P/CUMEM
MOC-R4PCC04U05:46685:46748 [3] NCCL INFO [Proxy Progress] Device 3 CPU core 153
MOC-R4PCC04U05:46685:46746 [3] NCCL INFO Channel 00/0 : 3[3] -> 6[2] [send] via NET/Socket/0
MOC-R4PCC04U05:46685:46746 [3] NCCL INFO Channel 02/0 : 3[3] -> 6[2] [send] via NET/Socket/0
MOC-R4PCC04U05:46685:46746 [3] NCCL INFO Channel 01/0 : 10[2] -> 3[3] [receive] via NET/Socket/0
MOC-R4PCC04U05:46685:46746 [3] NCCL INFO Channel 03/0 : 10[2] -> 3[3] [receive] via NET/Socket/0
MOC-R4PCC04U05:46685:46746 [3] NCCL INFO Channel 01/0 : 3[3] -> 1[1] via P2P/CUMEM
MOC-R4PCC04U05:46685:46746 [3] NCCL INFO Channel 03/0 : 3[3] -> 1[1] via P2P/CUMEM
MOC-R4PCC04U05:46684:46749 [2] NCCL INFO [Proxy Progress] Device 2 CPU core 171
MOC-R4PCC04U05:46684:46744 [2] NCCL INFO Channel 00/0 : 11[3] -> 2[2] [receive] via NET/Socket/0
MOC-R4PCC04U05:46684:46744 [2] NCCL INFO Channel 02/0 : 11[3] -> 2[2] [receive] via NET/Socket/0
MOC-R4PCC04U05:46684:46744 [2] NCCL INFO Channel 01/0 : 2[2] -> 7[3] [send] via NET/Socket/0
MOC-R4PCC04U05:46684:46744 [2] NCCL INFO Channel 03/0 : 2[2] -> 7[3] [send] via NET/Socket/0
MOC-R4PCC04U05:46684:46744 [2] NCCL INFO Channel 00/0 : 2[2] -> 1[1] via P2P/CUMEM
MOC-R4PCC04U05:46684:46744 [2] NCCL INFO Channel 02/0 : 2[2] -> 1[1] via P2P/CUMEM
MOC-R4PCC04U05:46683:46745 [1] NCCL INFO Channel 00/0 : 1[1] -> 0[0] via P2P/CUMEM
MOC-R4PCC04U05:46683:46745 [1] NCCL INFO Channel 01/0 : 1[1] -> 0[0] via P2P/CUMEM
MOC-R4PCC04U05:46683:46745 [1] NCCL INFO Channel 02/0 : 1[1] -> 0[0] via P2P/CUMEM
MOC-R4PCC04U05:46683:46745 [1] NCCL INFO Channel 03/0 : 1[1] -> 0[0] via P2P/CUMEM
MOC-R4PCC04U05:46685:46746 [3] NCCL INFO Connected all rings, use ring PXN 0 GDR 0
MOC-R4PCC04U05:46684:46744 [2] NCCL INFO Connected all rings, use ring PXN 0 GDR 0
MOC-R4PCC04U05:46683:46745 [1] NCCL INFO Connected all rings, use ring PXN 0 GDR 0
MOC-R4PCC04U05:46682:46747 [0] NCCL INFO Connected all rings, use ring PXN 0 GDR 0
num decayed parameter tensors: 50, with 124,318,464 parameters
num non-decayed parameter tensors: 98, with 121,344 parameters
using fused AdamW: False
using regular AdamW
MOC-R4PCC04U05:46682:47438 [0] NCCL INFO Channel 00/0 : 0[0] -> 1[1] via P2P/CUMEM
MOC-R4PCC04U05:46682:47438 [0] NCCL INFO Channel 01/0 : 0[0] -> 1[1] via P2P/CUMEM
MOC-R4PCC04U05:46682:47438 [0] NCCL INFO Channel 02/0 : 0[0] -> 1[1] via P2P/CUMEM
MOC-R4PCC04U05:46682:47438 [0] NCCL INFO Channel 03/0 : 0[0] -> 1[1] via P2P/CUMEM
MOC-R4PCC04U05:46683:47440 [1] NCCL INFO Channel 00/0 : 1[1] -> 2[2] via P2P/CUMEM
MOC-R4PCC04U05:46683:47440 [1] NCCL INFO Channel 01/0 : 1[1] -> 2[2] via P2P/CUMEM
MOC-R4PCC04U05:46683:47440 [1] NCCL INFO Channel 02/0 : 1[1] -> 2[2] via P2P/CUMEM
MOC-R4PCC04U05:46683:47440 [1] NCCL INFO Channel 03/0 : 1[1] -> 2[2] via P2P/CUMEM
MOC-R4PCC04U05:46682:47438 [0] NCCL INFO Channel 01/0 : 0[0] -> 3[3] via P2P/CUMEM
MOC-R4PCC04U05:46682:47438 [0] NCCL INFO Channel 03/0 : 0[0] -> 3[3] via P2P/CUMEM
MOC-R4PCC04U05:46685:47439 [3] NCCL INFO Channel 00/0 : 11[3] -> 3[3] [receive] via NET/Socket/0
MOC-R4PCC04U05:46685:47439 [3] NCCL INFO Channel 01/0 : 11[3] -> 3[3] [receive] via NET/Socket/0
MOC-R4PCC04U05:46685:47439 [3] NCCL INFO Channel 02/0 : 11[3] -> 3[3] [receive] via NET/Socket/0
MOC-R4PCC04U05:46685:47439 [3] NCCL INFO Channel 03/0 : 11[3] -> 3[3] [receive] via NET/Socket/0
MOC-R4PCC04U05:46685:47439 [3] NCCL INFO Channel 02/0 : 3[3] -> 7[3] [send] via NET/Socket/0
MOC-R4PCC04U05:46685:47439 [3] NCCL INFO Channel 03/0 : 3[3] -> 7[3] [send] via NET/Socket/0
MOC-R4PCC04U05:46684:47441 [2] NCCL INFO Channel 01/0 : 2[2] -> 1[1] via P2P/CUMEM
MOC-R4PCC04U05:46684:47441 [2] NCCL INFO Channel 03/0 : 2[2] -> 1[1] via P2P/CUMEM
MOC-R4PCC04U05:46685:47439 [3] NCCL INFO Channel 02/0 : 7[3] -> 3[3] [receive] via NET/Socket/0
MOC-R4PCC04U05:46685:47439 [3] NCCL INFO Channel 03/0 : 7[3] -> 3[3] [receive] via NET/Socket/0
MOC-R4PCC04U05:46685:47439 [3] NCCL INFO Channel 00/0 : 3[3] -> 11[3] [send] via NET/Socket/0
MOC-R4PCC04U05:46685:47439 [3] NCCL INFO Channel 01/0 : 3[3] -> 11[3] [send] via NET/Socket/0
MOC-R4PCC04U05:46685:47439 [3] NCCL INFO Channel 02/0 : 3[3] -> 11[3] [send] via NET/Socket/0
MOC-R4PCC04U05:46685:47439 [3] NCCL INFO Channel 03/0 : 3[3] -> 11[3] [send] via NET/Socket/0
MOC-R4PCC04U05:46685:47439 [3] NCCL INFO Channel 00/0 : 3[3] -> 0[0] via P2P/CUMEM
MOC-R4PCC04U05:46685:47439 [3] NCCL INFO Channel 01/0 : 3[3] -> 0[0] via P2P/CUMEM
MOC-R4PCC04U05:46685:47439 [3] NCCL INFO Channel 02/0 : 3[3] -> 0[0] via P2P/CUMEM
MOC-R4PCC04U05:46685:47439 [3] NCCL INFO Channel 03/0 : 3[3] -> 0[0] via P2P/CUMEM
MOC-R4PCC04U05:46684:47441 [2] NCCL INFO Connected all trees
MOC-R4PCC04U05:46683:47440 [1] NCCL INFO Connected all trees
MOC-R4PCC04U05:46685:47439 [3] NCCL INFO Connected all trees
MOC-R4PCC04U05:46682:47438 [0] NCCL INFO Connected all trees
step    1/10 | train loss 11.009265 | norm 15.3268 | lr 1.00e-04 | (15108.22 ms | 208213 tok/s)
step    2/10 | train loss 10.139995 | norm 5.7239 | lr 1.00e-04 | (1298.04 ms | 2423440 tok/s)
step    3/10 | train loss 9.800571 | norm 2.6000 | lr 1.00e-04 | (1312.96 ms | 2395910 tok/s)
step    4/10 | train loss 9.631751 | norm 2.1088 | lr 1.00e-04 | (1287.48 ms | 2443314 tok/s)
step    5/10 | train loss 9.549013 | norm 2.0997 | lr 1.00e-04 | (1286.14 ms | 2445866 tok/s)
step    6/10 | train loss 9.468159 | norm 1.9943 | lr 1.00e-04 | (1276.04 ms | 2465219 tok/s)
step    7/10 | train loss 9.382834 | norm 1.9455 | lr 1.00e-04 | (1295.32 ms | 2428534 tok/s)
step    8/10 | train loss 9.291338 | norm 1.9113 | lr 1.00e-04 | (1297.41 ms | 2424624 tok/s)
step    9/10 | train loss 9.196152 | norm 1.8552 | lr 1.00e-04 | (1319.36 ms | 2384283 tok/s)
step   10/10 | train loss 9.111106 | norm 1.7914 | lr 1.00e-04 | (1320.82 ms | 2381647 tok/s)
final 9 iters avg: 1299.286ms
peak memory consumption: 16601 MiB
MOC-R4PCC04U05:46684:47456 [2] NCCL INFO comm 0x55ffb8a1ce60 rank 2 nranks 12 cudaDev 2 busId a6000 - Destroy COMPLETE
MOC-R4PCC04U05:46683:47454 [1] NCCL INFO comm 0x559d7ae29a70 rank 1 nranks 12 cudaDev 1 busId 26000 - Destroy COMPLETE
MOC-R4PCC04U05:46685:47457 [3] NCCL INFO comm 0x563486275450 rank 3 nranks 12 cudaDev 3 busId c6000 - Destroy COMPLETE
MOC-R4PCC04U05:46682:47453 [0] NCCL INFO comm 0x55f9ed507d90 rank 0 nranks 12 cudaDev 0 busId 6000 - Destroy COMPLETE
