Running pytorch 2.7.0+cu126
using device: cuda:0
total desired batch size: 2621440
=> calculated gradient accumulation steps: 10
using device: cuda:2
using device: cuda:1
using device: cuda:3
compiling the model...
DataLoader: total number of tokens: 1,661,249,667 across 103 files
MOC-R4PCC04U05:39829:39829 [0] NCCL INFO NCCL_SOCKET_IFNAME set by environment to eno7np0
MOC-R4PCC04U05:39829:39829 [0] NCCL INFO Bootstrap: Using eno7np0:192.168.50.193<0>
MOC-R4PCC04U05:39829:39829 [0] NCCL INFO cudaDriverVersion 12040
MOC-R4PCC04U05:39829:39829 [0] NCCL INFO NCCL version 2.26.2+cuda12.2
MOC-R4PCC04U05:39829:39829 [0] NCCL INFO Comm config Blocking set to 1
MOC-R4PCC04U05:39830:39830 [1] NCCL INFO cudaDriverVersion 12040
MOC-R4PCC04U05:39830:39830 [1] NCCL INFO NCCL_SOCKET_IFNAME set by environment to eno7np0
MOC-R4PCC04U05:39830:39830 [1] NCCL INFO Bootstrap: Using eno7np0:192.168.50.193<0>
MOC-R4PCC04U05:39830:39830 [1] NCCL INFO NCCL version 2.26.2+cuda12.2
MOC-R4PCC04U05:39832:39832 [3] NCCL INFO cudaDriverVersion 12040
MOC-R4PCC04U05:39832:39832 [3] NCCL INFO NCCL_SOCKET_IFNAME set by environment to eno7np0
MOC-R4PCC04U05:39832:39832 [3] NCCL INFO Bootstrap: Using eno7np0:192.168.50.193<0>
MOC-R4PCC04U05:39832:39832 [3] NCCL INFO NCCL version 2.26.2+cuda12.2
MOC-R4PCC04U05:39831:39831 [2] NCCL INFO cudaDriverVersion 12040
MOC-R4PCC04U05:39831:39831 [2] NCCL INFO NCCL_SOCKET_IFNAME set by environment to eno7np0
MOC-R4PCC04U05:39830:39830 [1] NCCL INFO Comm config Blocking set to 1
MOC-R4PCC04U05:39831:39831 [2] NCCL INFO Bootstrap: Using eno7np0:192.168.50.193<0>
MOC-R4PCC04U05:39831:39831 [2] NCCL INFO NCCL version 2.26.2+cuda12.2
MOC-R4PCC04U05:39832:39832 [3] NCCL INFO Comm config Blocking set to 1
MOC-R4PCC04U05:39831:39831 [2] NCCL INFO Comm config Blocking set to 1
MOC-R4PCC04U05:39829:39871 [0] NCCL INFO NET/Plugin: Could not find: libnccl-net.so. Using internal net plugin.
MOC-R4PCC04U05:39829:39871 [0] NCCL INFO NCCL_IB_DISABLE set by environment to 1.
MOC-R4PCC04U05:39829:39871 [0] NCCL INFO NCCL_SOCKET_IFNAME set by environment to eno7np0
MOC-R4PCC04U05:39829:39871 [0] NCCL INFO NET/Socket : Using [0]eno7np0:192.168.50.193<0>
MOC-R4PCC04U05:39829:39871 [0] NCCL INFO PROFILER/Plugin: Could not find: libnccl-profiler.so. 
MOC-R4PCC04U05:39829:39871 [0] NCCL INFO Using network Socket
MOC-R4PCC04U05:39832:39874 [3] NCCL INFO NET/Plugin: Could not find: libnccl-net.so. Using internal net plugin.
MOC-R4PCC04U05:39832:39874 [3] NCCL INFO NCCL_IB_DISABLE set by environment to 1.
MOC-R4PCC04U05:39832:39874 [3] NCCL INFO NCCL_SOCKET_IFNAME set by environment to eno7np0
MOC-R4PCC04U05:39832:39874 [3] NCCL INFO NET/Socket : Using [0]eno7np0:192.168.50.193<0>
MOC-R4PCC04U05:39832:39874 [3] NCCL INFO PROFILER/Plugin: Could not find: libnccl-profiler.so. 
MOC-R4PCC04U05:39832:39874 [3] NCCL INFO Using network Socket
MOC-R4PCC04U05:39831:39873 [2] NCCL INFO NET/Plugin: Could not find: libnccl-net.so. Using internal net plugin.
MOC-R4PCC04U05:39831:39873 [2] NCCL INFO NCCL_IB_DISABLE set by environment to 1.
MOC-R4PCC04U05:39831:39873 [2] NCCL INFO NCCL_SOCKET_IFNAME set by environment to eno7np0
MOC-R4PCC04U05:39831:39873 [2] NCCL INFO NET/Socket : Using [0]eno7np0:192.168.50.193<0>
MOC-R4PCC04U05:39831:39873 [2] NCCL INFO PROFILER/Plugin: Could not find: libnccl-profiler.so. 
MOC-R4PCC04U05:39831:39873 [2] NCCL INFO Using network Socket
MOC-R4PCC04U05:39830:39872 [1] NCCL INFO NET/Plugin: Could not find: libnccl-net.so. Using internal net plugin.
MOC-R4PCC04U05:39830:39872 [1] NCCL INFO NCCL_IB_DISABLE set by environment to 1.
MOC-R4PCC04U05:39830:39872 [1] NCCL INFO NCCL_SOCKET_IFNAME set by environment to eno7np0
MOC-R4PCC04U05:39830:39872 [1] NCCL INFO NET/Socket : Using [0]eno7np0:192.168.50.193<0>
MOC-R4PCC04U05:39830:39872 [1] NCCL INFO PROFILER/Plugin: Could not find: libnccl-profiler.so. 
MOC-R4PCC04U05:39830:39872 [1] NCCL INFO Using network Socket
MOC-R4PCC04U05:39829:39871 [0] NCCL INFO ncclCommInitRankConfig comm 0x56021961cb80 rank 0 nranks 8 cudaDev 0 nvmlDev 0 busId 6000 commId 0x772eb64173df2771 - Init START
MOC-R4PCC04U05:39832:39874 [3] NCCL INFO ncclCommInitRankConfig comm 0x559567797fa0 rank 3 nranks 8 cudaDev 3 nvmlDev 3 busId c6000 commId 0x772eb64173df2771 - Init START
MOC-R4PCC04U05:39831:39873 [2] NCCL INFO ncclCommInitRankConfig comm 0x55e804ed16c0 rank 2 nranks 8 cudaDev 2 nvmlDev 2 busId a6000 commId 0x772eb64173df2771 - Init START
MOC-R4PCC04U05:39830:39872 [1] NCCL INFO ncclCommInitRankConfig comm 0x55af8ab6bff0 rank 1 nranks 8 cudaDev 1 nvmlDev 1 busId 26000 commId 0x772eb64173df2771 - Init START
MOC-R4PCC04U05:39830:39872 [1] NCCL INFO RAS client listening socket at ::1<28028>
MOC-R4PCC04U05:39831:39873 [2] NCCL INFO RAS client listening socket at ::1<28028>
MOC-R4PCC04U05:39832:39874 [3] NCCL INFO RAS client listening socket at ::1<28028>
MOC-R4PCC04U05:39829:39871 [0] NCCL INFO RAS client listening socket at ::1<28028>
MOC-R4PCC04U05:39829:39871 [0] NCCL INFO Bootstrap timings total 0.370005 (create 0.000106, send 0.000247, recv 0.321834, ring 0.000951, delay 0.000000)
MOC-R4PCC04U05:39831:39873 [2] NCCL INFO Bootstrap timings total 0.048945 (create 0.000153, send 0.000281, recv 0.000354, ring 0.046367, delay 0.000001)
MOC-R4PCC04U05:39830:39872 [1] NCCL INFO Bootstrap timings total 0.048813 (create 0.000145, send 0.000271, recv 0.000571, ring 0.046379, delay 0.000000)
MOC-R4PCC04U05:39832:39874 [3] NCCL INFO Bootstrap timings total 0.088509 (create 0.000151, send 0.000268, recv 0.000385, ring 0.045154, delay 0.000001)
MOC-R4PCC04U05:39829:39871 [0] NCCL INFO Setting affinity for GPU 0 to ffffffff,ffffffff,ffffffff,ffffffff,00000000,00000000,00000000,00000000,ffffffff,ffffffff,ffffffff,ffffffff
MOC-R4PCC04U05:39829:39871 [0] NCCL INFO NVLS multicast support is not available on dev 0
MOC-R4PCC04U05:39830:39872 [1] NCCL INFO Setting affinity for GPU 1 to ffffffff,ffffffff,ffffffff,ffffffff,00000000,00000000,00000000,00000000,ffffffff,ffffffff,ffffffff,ffffffff
MOC-R4PCC04U05:39830:39872 [1] NCCL INFO NVLS multicast support is not available on dev 1
MOC-R4PCC04U05:39831:39873 [2] NCCL INFO Setting affinity for GPU 2 to ffffffff,ffffffff,ffffffff,ffffffff,00000000,00000000,00000000,00000000,ffffffff,ffffffff,ffffffff,ffffffff,00000000,00000000,00000000,00000000
MOC-R4PCC04U05:39831:39873 [2] NCCL INFO NVLS multicast support is not available on dev 2
MOC-R4PCC04U05:39832:39874 [3] NCCL INFO Setting affinity for GPU 3 to ffffffff,ffffffff,ffffffff,ffffffff,00000000,00000000,00000000,00000000,ffffffff,ffffffff,ffffffff,ffffffff,00000000,00000000,00000000,00000000
MOC-R4PCC04U05:39832:39874 [3] NCCL INFO NVLS multicast support is not available on dev 3
MOC-R4PCC04U05:39832:39874 [3] NCCL INFO comm 0x559567797fa0 rank 3 nRanks 8 nNodes 2 localRanks 4 localRank 3 MNNVL 0
MOC-R4PCC04U05:39829:39871 [0] NCCL INFO comm 0x56021961cb80 rank 0 nRanks 8 nNodes 2 localRanks 4 localRank 0 MNNVL 0
MOC-R4PCC04U05:39831:39873 [2] NCCL INFO comm 0x55e804ed16c0 rank 2 nRanks 8 nNodes 2 localRanks 4 localRank 2 MNNVL 0
MOC-R4PCC04U05:39832:39874 [3] NCCL INFO Trees [0] 0/7/-1->3->-1 [1] 0/7/-1->3->-1 [2] 0/-1/-1->3->7 [3] 0/-1/-1->3->7
MOC-R4PCC04U05:39830:39872 [1] NCCL INFO comm 0x55af8ab6bff0 rank 1 nRanks 8 nNodes 2 localRanks 4 localRank 1 MNNVL 0
MOC-R4PCC04U05:39829:39871 [0] NCCL INFO Channel 00/04 : 0 3 6 5 4 7 2 1
MOC-R4PCC04U05:39832:39874 [3] NCCL INFO P2P Chunksize set to 131072
MOC-R4PCC04U05:39829:39871 [0] NCCL INFO Channel 01/04 : 0 2 7 5 4 6 3 1
MOC-R4PCC04U05:39829:39871 [0] NCCL INFO Channel 02/04 : 0 3 6 5 4 7 2 1
MOC-R4PCC04U05:39829:39871 [0] NCCL INFO Channel 03/04 : 0 2 7 5 4 6 3 1
MOC-R4PCC04U05:39829:39871 [0] NCCL INFO Trees [0] 1/-1/-1->0->3 [1] 1/-1/-1->0->3 [2] 1/-1/-1->0->3 [3] 1/-1/-1->0->3
MOC-R4PCC04U05:39829:39871 [0] NCCL INFO P2P Chunksize set to 131072
MOC-R4PCC04U05:39831:39873 [2] NCCL INFO Trees [0] -1/-1/-1->2->1 [1] -1/-1/-1->2->1 [2] -1/-1/-1->2->1 [3] -1/-1/-1->2->1
MOC-R4PCC04U05:39831:39873 [2] NCCL INFO P2P Chunksize set to 131072
MOC-R4PCC04U05:39829:39871 [0] NCCL INFO Check P2P Type intraNodeP2pSupport 1 directMode 0
MOC-R4PCC04U05:39830:39872 [1] NCCL INFO Trees [0] 2/-1/-1->1->0 [1] 2/-1/-1->1->0 [2] 2/-1/-1->1->0 [3] 2/-1/-1->1->0
MOC-R4PCC04U05:39830:39872 [1] NCCL INFO P2P Chunksize set to 131072
MOC-R4PCC04U05:39832:39883 [3] NCCL INFO [Proxy Service] Device 3 CPU core 503
MOC-R4PCC04U05:39829:39884 [0] NCCL INFO [Proxy Service] Device 0 CPU core 9
MOC-R4PCC04U05:39831:39885 [2] NCCL INFO [Proxy Service] Device 2 CPU core 423
MOC-R4PCC04U05:39832:39886 [3] NCCL INFO [Proxy Service UDS] Device 3 CPU core 167
MOC-R4PCC04U05:39829:39887 [0] NCCL INFO [Proxy Service UDS] Device 0 CPU core 23
MOC-R4PCC04U05:39831:39888 [2] NCCL INFO [Proxy Service UDS] Device 2 CPU core 447
MOC-R4PCC04U05:39830:39889 [1] NCCL INFO [Proxy Service] Device 1 CPU core 31
MOC-R4PCC04U05:39830:39890 [1] NCCL INFO [Proxy Service UDS] Device 1 CPU core 39
MOC-R4PCC04U05:39832:39874 [3] NCCL INFO threadThresholds 8/8/64 | 64/8/64 | 512 | 512
MOC-R4PCC04U05:39832:39874 [3] NCCL INFO 4 coll channels, 4 collnet channels, 0 nvls channels, 4 p2p channels, 2 p2p channels per peer
MOC-R4PCC04U05:39829:39871 [0] NCCL INFO threadThresholds 8/8/64 | 64/8/64 | 512 | 512
MOC-R4PCC04U05:39829:39871 [0] NCCL INFO 4 coll channels, 4 collnet channels, 0 nvls channels, 4 p2p channels, 2 p2p channels per peer
MOC-R4PCC04U05:39831:39873 [2] NCCL INFO threadThresholds 8/8/64 | 64/8/64 | 512 | 512
MOC-R4PCC04U05:39831:39873 [2] NCCL INFO 4 coll channels, 4 collnet channels, 0 nvls channels, 4 p2p channels, 2 p2p channels per peer
MOC-R4PCC04U05:39829:39871 [0] NCCL INFO CC Off, workFifoBytes 1048576
MOC-R4PCC04U05:39830:39872 [1] NCCL INFO threadThresholds 8/8/64 | 64/8/64 | 512 | 512
MOC-R4PCC04U05:39830:39872 [1] NCCL INFO 4 coll channels, 4 collnet channels, 0 nvls channels, 4 p2p channels, 2 p2p channels per peer
MOC-R4PCC04U05:39832:39874 [3] NCCL INFO TUNER/Plugin: Could not find: libnccl-tuner.so. Using internal tuner plugin.
MOC-R4PCC04U05:39832:39874 [3] NCCL INFO ncclCommInitRankConfig comm 0x559567797fa0 rank 3 nranks 8 cudaDev 3 nvmlDev 3 busId c6000 commId 0x772eb64173df2771 - Init COMPLETE
MOC-R4PCC04U05:39832:39874 [3] NCCL INFO Init timings - ncclCommInitRankConfig: rank 3 nranks 8 total 3.50 (kernels 0.37, alloc 2.14, bootstrap 0.09, allgathers 0.04, topo 0.81, graphs 0.00, connections 0.01, rest 0.03)
MOC-R4PCC04U05:39829:39871 [0] NCCL INFO TUNER/Plugin: Could not find: libnccl-tuner.so. Using internal tuner plugin.
MOC-R4PCC04U05:39829:39871 [0] NCCL INFO ncclCommInitRankConfig comm 0x56021961cb80 rank 0 nranks 8 cudaDev 0 nvmlDev 0 busId 6000 commId 0x772eb64173df2771 - Init COMPLETE
MOC-R4PCC04U05:39831:39873 [2] NCCL INFO TUNER/Plugin: Could not find: libnccl-tuner.so. Using internal tuner plugin.
MOC-R4PCC04U05:39829:39871 [0] NCCL INFO Init timings - ncclCommInitRankConfig: rank 0 nranks 8 total 3.51 (kernels 0.32, alloc 1.93, bootstrap 0.37, allgathers 0.05, topo 0.81, graphs 0.00, connections 0.01, rest 0.03)
MOC-R4PCC04U05:39831:39873 [2] NCCL INFO ncclCommInitRankConfig comm 0x55e804ed16c0 rank 2 nranks 8 cudaDev 2 nvmlDev 2 busId a6000 commId 0x772eb64173df2771 - Init COMPLETE
MOC-R4PCC04U05:39831:39873 [2] NCCL INFO Init timings - ncclCommInitRankConfig: rank 2 nranks 8 total 3.50 (kernels 0.41, alloc 2.14, bootstrap 0.05, allgathers 0.05, topo 0.81, graphs 0.00, connections 0.01, rest 0.03)
MOC-R4PCC04U05:39830:39872 [1] NCCL INFO TUNER/Plugin: Could not find: libnccl-tuner.so. Using internal tuner plugin.
MOC-R4PCC04U05:39830:39872 [1] NCCL INFO ncclCommInitRankConfig comm 0x55af8ab6bff0 rank 1 nranks 8 cudaDev 1 nvmlDev 1 busId 26000 commId 0x772eb64173df2771 - Init COMPLETE
MOC-R4PCC04U05:39830:39872 [1] NCCL INFO Init timings - ncclCommInitRankConfig: rank 1 nranks 8 total 3.50 (kernels 0.65, alloc 1.90, bootstrap 0.05, allgathers 0.04, topo 0.81, graphs 0.00, connections 0.04, rest 0.00)
MOC-R4PCC04U05:39829:39894 [0] NCCL INFO Channel 01/0 : 0[0] -> 2[2] via P2P/CUMEM
MOC-R4PCC04U05:39829:39894 [0] NCCL INFO Channel 03/0 : 0[0] -> 2[2] via P2P/CUMEM
MOC-R4PCC04U05:39829:39894 [0] NCCL INFO Channel 00/0 : 0[0] -> 3[3] via P2P/CUMEM
MOC-R4PCC04U05:39829:39894 [0] NCCL INFO Channel 02/0 : 0[0] -> 3[3] via P2P/CUMEM
MOC-R4PCC04U05:39832:39895 [3] NCCL INFO [Proxy Progress] Device 3 CPU core 183
MOC-R4PCC04U05:39832:39893 [3] NCCL INFO Channel 00/0 : 3[3] -> 6[2] [send] via NET/Socket/0
MOC-R4PCC04U05:39832:39893 [3] NCCL INFO Channel 02/0 : 3[3] -> 6[2] [send] via NET/Socket/0
MOC-R4PCC04U05:39832:39893 [3] NCCL INFO Channel 01/0 : 6[2] -> 3[3] [receive] via NET/Socket/0
MOC-R4PCC04U05:39832:39893 [3] NCCL INFO Channel 03/0 : 6[2] -> 3[3] [receive] via NET/Socket/0
MOC-R4PCC04U05:39832:39893 [3] NCCL INFO Channel 01/0 : 3[3] -> 1[1] via P2P/CUMEM
MOC-R4PCC04U05:39831:39896 [2] NCCL INFO [Proxy Progress] Device 2 CPU core 191
MOC-R4PCC04U05:39831:39891 [2] NCCL INFO Channel 00/0 : 7[3] -> 2[2] [receive] via NET/Socket/0
MOC-R4PCC04U05:39831:39891 [2] NCCL INFO Channel 02/0 : 7[3] -> 2[2] [receive] via NET/Socket/0
MOC-R4PCC04U05:39831:39891 [2] NCCL INFO Channel 01/0 : 2[2] -> 7[3] [send] via NET/Socket/0
MOC-R4PCC04U05:39831:39891 [2] NCCL INFO Channel 03/0 : 2[2] -> 7[3] [send] via NET/Socket/0
MOC-R4PCC04U05:39831:39891 [2] NCCL INFO Channel 00/0 : 2[2] -> 1[1] via P2P/CUMEM
MOC-R4PCC04U05:39832:39893 [3] NCCL INFO Channel 03/0 : 3[3] -> 1[1] via P2P/CUMEM
MOC-R4PCC04U05:39831:39891 [2] NCCL INFO Channel 02/0 : 2[2] -> 1[1] via P2P/CUMEM
MOC-R4PCC04U05:39830:39892 [1] NCCL INFO Channel 00/0 : 1[1] -> 0[0] via P2P/CUMEM
MOC-R4PCC04U05:39830:39892 [1] NCCL INFO Channel 01/0 : 1[1] -> 0[0] via P2P/CUMEM
MOC-R4PCC04U05:39830:39892 [1] NCCL INFO Channel 02/0 : 1[1] -> 0[0] via P2P/CUMEM
MOC-R4PCC04U05:39830:39892 [1] NCCL INFO Channel 03/0 : 1[1] -> 0[0] via P2P/CUMEM
MOC-R4PCC04U05:39832:39893 [3] NCCL INFO Connected all rings, use ring PXN 0 GDR 0
MOC-R4PCC04U05:39829:39894 [0] NCCL INFO Connected all rings, use ring PXN 0 GDR 0
MOC-R4PCC04U05:39831:39891 [2] NCCL INFO Connected all rings, use ring PXN 0 GDR 0
MOC-R4PCC04U05:39830:39892 [1] NCCL INFO Connected all rings, use ring PXN 0 GDR 0
num decayed parameter tensors: 50, with 124,318,464 parameters
num non-decayed parameter tensors: 98, with 121,344 parameters
using fused AdamW: False
using regular AdamW
MOC-R4PCC04U05:39829:40588 [0] NCCL INFO Channel 00/0 : 0[0] -> 1[1] via P2P/CUMEM
MOC-R4PCC04U05:39829:40588 [0] NCCL INFO Channel 01/0 : 0[0] -> 1[1] via P2P/CUMEM
MOC-R4PCC04U05:39829:40588 [0] NCCL INFO Channel 02/0 : 0[0] -> 1[1] via P2P/CUMEM
MOC-R4PCC04U05:39829:40588 [0] NCCL INFO Channel 03/0 : 0[0] -> 1[1] via P2P/CUMEM
MOC-R4PCC04U05:39830:40587 [1] NCCL INFO Channel 00/0 : 1[1] -> 2[2] via P2P/CUMEM
MOC-R4PCC04U05:39830:40587 [1] NCCL INFO Channel 01/0 : 1[1] -> 2[2] via P2P/CUMEM
MOC-R4PCC04U05:39830:40587 [1] NCCL INFO Channel 02/0 : 1[1] -> 2[2] via P2P/CUMEM
MOC-R4PCC04U05:39830:40587 [1] NCCL INFO Channel 03/0 : 1[1] -> 2[2] via P2P/CUMEM
MOC-R4PCC04U05:39829:40588 [0] NCCL INFO Channel 01/0 : 0[0] -> 3[3] via P2P/CUMEM
MOC-R4PCC04U05:39829:40588 [0] NCCL INFO Channel 03/0 : 0[0] -> 3[3] via P2P/CUMEM
MOC-R4PCC04U05:39831:40586 [2] NCCL INFO Channel 01/0 : 2[2] -> 1[1] via P2P/CUMEM
MOC-R4PCC04U05:39831:40586 [2] NCCL INFO Channel 03/0 : 2[2] -> 1[1] via P2P/CUMEM
MOC-R4PCC04U05:39832:40585 [3] NCCL INFO Channel 00/0 : 7[3] -> 3[3] [receive] via NET/Socket/0
MOC-R4PCC04U05:39832:40585 [3] NCCL INFO Channel 01/0 : 7[3] -> 3[3] [receive] via NET/Socket/0
MOC-R4PCC04U05:39832:40585 [3] NCCL INFO Channel 02/0 : 7[3] -> 3[3] [receive] via NET/Socket/0
MOC-R4PCC04U05:39832:40585 [3] NCCL INFO Channel 03/0 : 7[3] -> 3[3] [receive] via NET/Socket/0
MOC-R4PCC04U05:39832:40585 [3] NCCL INFO Channel 00/0 : 3[3] -> 7[3] [send] via NET/Socket/0
MOC-R4PCC04U05:39832:40585 [3] NCCL INFO Channel 01/0 : 3[3] -> 7[3] [send] via NET/Socket/0
MOC-R4PCC04U05:39832:40585 [3] NCCL INFO Channel 02/0 : 3[3] -> 7[3] [send] via NET/Socket/0
MOC-R4PCC04U05:39832:40585 [3] NCCL INFO Channel 03/0 : 3[3] -> 7[3] [send] via NET/Socket/0
MOC-R4PCC04U05:39832:40585 [3] NCCL INFO Channel 00/0 : 3[3] -> 0[0] via P2P/CUMEM
MOC-R4PCC04U05:39832:40585 [3] NCCL INFO Channel 01/0 : 3[3] -> 0[0] via P2P/CUMEM
MOC-R4PCC04U05:39832:40585 [3] NCCL INFO Channel 02/0 : 3[3] -> 0[0] via P2P/CUMEM
MOC-R4PCC04U05:39832:40585 [3] NCCL INFO Channel 03/0 : 3[3] -> 0[0] via P2P/CUMEM
MOC-R4PCC04U05:39831:40586 [2] NCCL INFO Connected all trees
MOC-R4PCC04U05:39830:40587 [1] NCCL INFO Connected all trees
MOC-R4PCC04U05:39829:40588 [0] NCCL INFO Connected all trees
MOC-R4PCC04U05:39832:40585 [3] NCCL INFO Connected all trees
step    1/10 | train loss 11.009525 | norm 15.3465 | lr 1.00e-04 | (14748.12 ms | 177747 tok/s)
step    2/10 | train loss 10.140070 | norm 5.7338 | lr 1.00e-04 | (1413.12 ms | 1855078 tok/s)
step    3/10 | train loss 9.800385 | norm 2.6008 | lr 1.00e-04 | (1409.63 ms | 1859665 tok/s)
step    4/10 | train loss 9.631470 | norm 2.1085 | lr 1.00e-04 | (1420.28 ms | 1845721 tok/s)
step    5/10 | train loss 9.548708 | norm 2.0999 | lr 1.00e-04 | (1410.53 ms | 1858478 tok/s)
step    6/10 | train loss 9.467637 | norm 1.9930 | lr 1.00e-04 | (1399.09 ms | 1873678 tok/s)
step    7/10 | train loss 9.382122 | norm 1.9432 | lr 1.00e-04 | (1437.54 ms | 1823563 tok/s)
step    8/10 | train loss 9.290379 | norm 1.9092 | lr 1.00e-04 | (1404.69 ms | 1866202 tok/s)
step    9/10 | train loss 9.195258 | norm 1.8505 | lr 1.00e-04 | (1460.70 ms | 1794641 tok/s)
step   10/10 | train loss 9.111425 | norm 1.7945 | lr 1.00e-04 | (1415.39 ms | 1852098 tok/s)
final 9 iters avg: 1418.996ms
peak memory consumption: 16601 MiB
MOC-R4PCC04U05:39829:40598 [0] NCCL INFO comm 0x56021961cb80 rank 0 nranks 8 cudaDev 0 busId 6000 - Destroy COMPLETE
MOC-R4PCC04U05:39832:40595 [3] NCCL INFO comm 0x559567797fa0 rank 3 nranks 8 cudaDev 3 busId c6000 - Destroy COMPLETE
MOC-R4PCC04U05:39830:40596 [1] NCCL INFO comm 0x55af8ab6bff0 rank 1 nranks 8 cudaDev 1 busId 26000 - Destroy COMPLETE
MOC-R4PCC04U05:39831:40597 [2] NCCL INFO comm 0x55e804ed16c0 rank 2 nranks 8 cudaDev 2 busId a6000 - Destroy COMPLETE
