Running pytorch 2.7.0+cu126
using device: cuda:0
total desired batch size: 2359296
=> calculated gradient accumulation steps: 9
using device: cuda:3
using device: cuda:1
using device: cuda:2
compiling the model...
DataLoader: total number of tokens: 1,661,249,667 across 103 files
MOC-R4PCC04U05:30367:30367 [0] NCCL INFO NCCL_SOCKET_IFNAME set by environment to eno7np0
MOC-R4PCC04U05:30367:30367 [0] NCCL INFO Bootstrap: Using eno7np0:192.168.50.193<0>
MOC-R4PCC04U05:30367:30367 [0] NCCL INFO cudaDriverVersion 12040
MOC-R4PCC04U05:30367:30367 [0] NCCL INFO NCCL version 2.26.2+cuda12.2
MOC-R4PCC04U05:30367:30367 [0] NCCL INFO Comm config Blocking set to 1
MOC-R4PCC04U05:30370:30370 [3] NCCL INFO cudaDriverVersion 12040
MOC-R4PCC04U05:30370:30370 [3] NCCL INFO NCCL_SOCKET_IFNAME set by environment to eno7np0
MOC-R4PCC04U05:30370:30370 [3] NCCL INFO Bootstrap: Using eno7np0:192.168.50.193<0>
MOC-R4PCC04U05:30370:30370 [3] NCCL INFO NCCL version 2.26.2+cuda12.2
MOC-R4PCC04U05:30370:30370 [3] NCCL INFO Comm config Blocking set to 1
MOC-R4PCC04U05:30367:30408 [0] NCCL INFO NET/Plugin: Could not find: libnccl-net.so. Using internal net plugin.
MOC-R4PCC04U05:30367:30408 [0] NCCL INFO NCCL_IB_DISABLE set by environment to 1.
MOC-R4PCC04U05:30367:30408 [0] NCCL INFO NCCL_SOCKET_IFNAME set by environment to eno7np0
MOC-R4PCC04U05:30367:30408 [0] NCCL INFO NET/Socket : Using [0]eno7np0:192.168.50.193<0>
MOC-R4PCC04U05:30367:30408 [0] NCCL INFO PROFILER/Plugin: Could not find: libnccl-profiler.so. 
MOC-R4PCC04U05:30367:30408 [0] NCCL INFO Using network Socket
MOC-R4PCC04U05:30367:30408 [0] NCCL INFO ncclCommInitRankConfig comm 0x5647509f4370 rank 0 nranks 8 cudaDev 0 nvmlDev 0 busId 6000 commId 0x8fb0dde97b3daae3 - Init START
MOC-R4PCC04U05:30369:30369 [2] NCCL INFO cudaDriverVersion 12040
MOC-R4PCC04U05:30369:30369 [2] NCCL INFO NCCL_SOCKET_IFNAME set by environment to eno7np0
MOC-R4PCC04U05:30369:30369 [2] NCCL INFO Bootstrap: Using eno7np0:192.168.50.193<0>
MOC-R4PCC04U05:30369:30369 [2] NCCL INFO NCCL version 2.26.2+cuda12.2
MOC-R4PCC04U05:30368:30368 [1] NCCL INFO cudaDriverVersion 12040
MOC-R4PCC04U05:30368:30368 [1] NCCL INFO NCCL_SOCKET_IFNAME set by environment to eno7np0
MOC-R4PCC04U05:30369:30369 [2] NCCL INFO Comm config Blocking set to 1
MOC-R4PCC04U05:30368:30368 [1] NCCL INFO Bootstrap: Using eno7np0:192.168.50.193<0>
MOC-R4PCC04U05:30368:30368 [1] NCCL INFO NCCL version 2.26.2+cuda12.2
MOC-R4PCC04U05:30368:30368 [1] NCCL INFO Comm config Blocking set to 1
MOC-R4PCC04U05:30370:30409 [3] NCCL INFO NET/Plugin: Could not find: libnccl-net.so. Using internal net plugin.
MOC-R4PCC04U05:30370:30409 [3] NCCL INFO NCCL_IB_DISABLE set by environment to 1.
MOC-R4PCC04U05:30370:30409 [3] NCCL INFO NCCL_SOCKET_IFNAME set by environment to eno7np0
MOC-R4PCC04U05:30370:30409 [3] NCCL INFO NET/Socket : Using [0]eno7np0:192.168.50.193<0>
MOC-R4PCC04U05:30370:30409 [3] NCCL INFO PROFILER/Plugin: Could not find: libnccl-profiler.so. 
MOC-R4PCC04U05:30370:30409 [3] NCCL INFO Using network Socket
MOC-R4PCC04U05:30370:30409 [3] NCCL INFO ncclCommInitRankConfig comm 0x557b93957df0 rank 3 nranks 8 cudaDev 3 nvmlDev 3 busId c6000 commId 0x8fb0dde97b3daae3 - Init START
MOC-R4PCC04U05:30369:30410 [2] NCCL INFO NET/Plugin: Could not find: libnccl-net.so. Using internal net plugin.
MOC-R4PCC04U05:30369:30410 [2] NCCL INFO NCCL_IB_DISABLE set by environment to 1.
MOC-R4PCC04U05:30369:30410 [2] NCCL INFO NCCL_SOCKET_IFNAME set by environment to eno7np0
MOC-R4PCC04U05:30369:30410 [2] NCCL INFO NET/Socket : Using [0]eno7np0:192.168.50.193<0>
MOC-R4PCC04U05:30369:30410 [2] NCCL INFO PROFILER/Plugin: Could not find: libnccl-profiler.so. 
MOC-R4PCC04U05:30369:30410 [2] NCCL INFO Using network Socket
MOC-R4PCC04U05:30368:30411 [1] NCCL INFO NET/Plugin: Could not find: libnccl-net.so. Using internal net plugin.
MOC-R4PCC04U05:30368:30411 [1] NCCL INFO NCCL_IB_DISABLE set by environment to 1.
MOC-R4PCC04U05:30368:30411 [1] NCCL INFO NCCL_SOCKET_IFNAME set by environment to eno7np0
MOC-R4PCC04U05:30368:30411 [1] NCCL INFO NET/Socket : Using [0]eno7np0:192.168.50.193<0>
MOC-R4PCC04U05:30368:30411 [1] NCCL INFO PROFILER/Plugin: Could not find: libnccl-profiler.so. 
MOC-R4PCC04U05:30368:30411 [1] NCCL INFO Using network Socket
MOC-R4PCC04U05:30368:30411 [1] NCCL INFO ncclCommInitRankConfig comm 0x558941993c70 rank 1 nranks 8 cudaDev 1 nvmlDev 1 busId 26000 commId 0x8fb0dde97b3daae3 - Init START
MOC-R4PCC04U05:30369:30410 [2] NCCL INFO ncclCommInitRankConfig comm 0x55b680dcb8c0 rank 2 nranks 8 cudaDev 2 nvmlDev 2 busId a6000 commId 0x8fb0dde97b3daae3 - Init START
MOC-R4PCC04U05:30368:30411 [1] NCCL INFO RAS client listening socket at ::1<28028>
MOC-R4PCC04U05:30367:30408 [0] NCCL INFO RAS client listening socket at ::1<28028>
MOC-R4PCC04U05:30369:30410 [2] NCCL INFO RAS client listening socket at ::1<28028>
MOC-R4PCC04U05:30370:30409 [3] NCCL INFO RAS client listening socket at ::1<28028>
MOC-R4PCC04U05:30368:30411 [1] NCCL INFO Bootstrap timings total 0.670645 (create 0.000101, send 0.000189, recv 0.000450, ring 0.668759, delay 0.000000)
MOC-R4PCC04U05:30367:30408 [0] NCCL INFO Bootstrap timings total 2.638524 (create 0.000153, send 0.000426, recv 1.967964, ring 0.668408, delay 0.000000)
MOC-R4PCC04U05:30370:30409 [3] NCCL INFO Bootstrap timings total 1.868487 (create 0.000153, send 0.000271, recv 0.000378, ring 0.668244, delay 0.000001)
MOC-R4PCC04U05:30369:30410 [2] NCCL INFO Bootstrap timings total 0.670699 (create 0.000155, send 0.000261, recv 0.000474, ring 0.668348, delay 0.000000)
MOC-R4PCC04U05:30367:30408 [0] NCCL INFO Setting affinity for GPU 0 to ffffffff,ffffffff,ffffffff,ffffffff,00000000,00000000,00000000,00000000,ffffffff,ffffffff,ffffffff,ffffffff
MOC-R4PCC04U05:30367:30408 [0] NCCL INFO NVLS multicast support is not available on dev 0
MOC-R4PCC04U05:30368:30411 [1] NCCL INFO Setting affinity for GPU 1 to ffffffff,ffffffff,ffffffff,ffffffff,00000000,00000000,00000000,00000000,ffffffff,ffffffff,ffffffff,ffffffff
MOC-R4PCC04U05:30368:30411 [1] NCCL INFO NVLS multicast support is not available on dev 1
MOC-R4PCC04U05:30370:30409 [3] NCCL INFO Setting affinity for GPU 3 to ffffffff,ffffffff,ffffffff,ffffffff,00000000,00000000,00000000,00000000,ffffffff,ffffffff,ffffffff,ffffffff,00000000,00000000,00000000,00000000
MOC-R4PCC04U05:30370:30409 [3] NCCL INFO NVLS multicast support is not available on dev 3
MOC-R4PCC04U05:30369:30410 [2] NCCL INFO Setting affinity for GPU 2 to ffffffff,ffffffff,ffffffff,ffffffff,00000000,00000000,00000000,00000000,ffffffff,ffffffff,ffffffff,ffffffff,00000000,00000000,00000000,00000000
MOC-R4PCC04U05:30369:30410 [2] NCCL INFO NVLS multicast support is not available on dev 2
MOC-R4PCC04U05:30370:30409 [3] NCCL INFO comm 0x557b93957df0 rank 3 nRanks 8 nNodes 2 localRanks 4 localRank 3 MNNVL 0
MOC-R4PCC04U05:30368:30411 [1] NCCL INFO comm 0x558941993c70 rank 1 nRanks 8 nNodes 2 localRanks 4 localRank 1 MNNVL 0
MOC-R4PCC04U05:30369:30410 [2] NCCL INFO comm 0x55b680dcb8c0 rank 2 nRanks 8 nNodes 2 localRanks 4 localRank 2 MNNVL 0
MOC-R4PCC04U05:30370:30409 [3] NCCL INFO Trees [0] 0/7/-1->3->-1 [1] 0/7/-1->3->-1 [2] 0/-1/-1->3->7 [3] 0/-1/-1->3->7
MOC-R4PCC04U05:30370:30409 [3] NCCL INFO P2P Chunksize set to 131072
MOC-R4PCC04U05:30368:30411 [1] NCCL INFO Trees [0] 2/-1/-1->1->0 [1] 2/-1/-1->1->0 [2] 2/-1/-1->1->0 [3] 2/-1/-1->1->0
MOC-R4PCC04U05:30368:30411 [1] NCCL INFO P2P Chunksize set to 131072
MOC-R4PCC04U05:30369:30410 [2] NCCL INFO Trees [0] -1/-1/-1->2->1 [1] -1/-1/-1->2->1 [2] -1/-1/-1->2->1 [3] -1/-1/-1->2->1
MOC-R4PCC04U05:30369:30410 [2] NCCL INFO P2P Chunksize set to 131072
MOC-R4PCC04U05:30367:30408 [0] NCCL INFO comm 0x5647509f4370 rank 0 nRanks 8 nNodes 2 localRanks 4 localRank 0 MNNVL 0
MOC-R4PCC04U05:30367:30408 [0] NCCL INFO Channel 00/04 : 0 3 6 5 4 7 2 1
MOC-R4PCC04U05:30367:30408 [0] NCCL INFO Channel 01/04 : 0 2 7 5 4 6 3 1
MOC-R4PCC04U05:30367:30408 [0] NCCL INFO Channel 02/04 : 0 3 6 5 4 7 2 1
MOC-R4PCC04U05:30367:30408 [0] NCCL INFO Channel 03/04 : 0 2 7 5 4 6 3 1
MOC-R4PCC04U05:30367:30408 [0] NCCL INFO Trees [0] 1/-1/-1->0->3 [1] 1/-1/-1->0->3 [2] 1/-1/-1->0->3 [3] 1/-1/-1->0->3
MOC-R4PCC04U05:30367:30408 [0] NCCL INFO P2P Chunksize set to 131072
MOC-R4PCC04U05:30370:30444 [3] NCCL INFO [Proxy Service] Device 3 CPU core 503
MOC-R4PCC04U05:30368:30445 [1] NCCL INFO [Proxy Service] Device 1 CPU core 367
MOC-R4PCC04U05:30367:30408 [0] NCCL INFO Check P2P Type intraNodeP2pSupport 1 directMode 0
MOC-R4PCC04U05:30369:30447 [2] NCCL INFO [Proxy Service] Device 2 CPU core 455
MOC-R4PCC04U05:30370:30446 [3] NCCL INFO [Proxy Service UDS] Device 3 CPU core 250
MOC-R4PCC04U05:30368:30448 [1] NCCL INFO [Proxy Service UDS] Device 1 CPU core 383
MOC-R4PCC04U05:30369:30449 [2] NCCL INFO [Proxy Service UDS] Device 2 CPU core 206
MOC-R4PCC04U05:30367:30450 [0] NCCL INFO [Proxy Service] Device 0 CPU core 112
MOC-R4PCC04U05:30367:30451 [0] NCCL INFO [Proxy Service UDS] Device 0 CPU core 17
MOC-R4PCC04U05:30370:30409 [3] NCCL INFO threadThresholds 8/8/64 | 64/8/64 | 512 | 512
MOC-R4PCC04U05:30370:30409 [3] NCCL INFO 4 coll channels, 4 collnet channels, 0 nvls channels, 4 p2p channels, 2 p2p channels per peer
MOC-R4PCC04U05:30369:30410 [2] NCCL INFO threadThresholds 8/8/64 | 64/8/64 | 512 | 512
MOC-R4PCC04U05:30369:30410 [2] NCCL INFO 4 coll channels, 4 collnet channels, 0 nvls channels, 4 p2p channels, 2 p2p channels per peer
MOC-R4PCC04U05:30368:30411 [1] NCCL INFO threadThresholds 8/8/64 | 64/8/64 | 512 | 512
MOC-R4PCC04U05:30368:30411 [1] NCCL INFO 4 coll channels, 4 collnet channels, 0 nvls channels, 4 p2p channels, 2 p2p channels per peer
MOC-R4PCC04U05:30367:30408 [0] NCCL INFO threadThresholds 8/8/64 | 64/8/64 | 512 | 512
MOC-R4PCC04U05:30367:30408 [0] NCCL INFO 4 coll channels, 4 collnet channels, 0 nvls channels, 4 p2p channels, 2 p2p channels per peer
MOC-R4PCC04U05:30367:30408 [0] NCCL INFO CC Off, workFifoBytes 1048576
MOC-R4PCC04U05:30370:30409 [3] NCCL INFO TUNER/Plugin: Could not find: libnccl-tuner.so. Using internal tuner plugin.
MOC-R4PCC04U05:30370:30409 [3] NCCL INFO ncclCommInitRankConfig comm 0x557b93957df0 rank 3 nranks 8 cudaDev 3 nvmlDev 3 busId c6000 commId 0x8fb0dde97b3daae3 - Init COMPLETE
MOC-R4PCC04U05:30370:30409 [3] NCCL INFO Init timings - ncclCommInitRankConfig: rank 3 nranks 8 total 4.81 (kernels 0.79, alloc 0.57, bootstrap 1.87, allgathers 0.51, topo 0.55, graphs 0.00, connections 0.50, rest 0.02)
MOC-R4PCC04U05:30369:30410 [2] NCCL INFO TUNER/Plugin: Could not find: libnccl-tuner.so. Using internal tuner plugin.
MOC-R4PCC04U05:30369:30410 [2] NCCL INFO ncclCommInitRankConfig comm 0x55b680dcb8c0 rank 2 nranks 8 cudaDev 2 nvmlDev 2 busId a6000 commId 0x8fb0dde97b3daae3 - Init COMPLETE
MOC-R4PCC04U05:30368:30411 [1] NCCL INFO TUNER/Plugin: Could not find: libnccl-tuner.so. Using internal tuner plugin.
MOC-R4PCC04U05:30368:30411 [1] NCCL INFO ncclCommInitRankConfig comm 0x558941993c70 rank 1 nranks 8 cudaDev 1 nvmlDev 1 busId 26000 commId 0x8fb0dde97b3daae3 - Init COMPLETE
MOC-R4PCC04U05:30369:30410 [2] NCCL INFO Init timings - ncclCommInitRankConfig: rank 2 nranks 8 total 4.21 (kernels 0.84, alloc 1.12, bootstrap 0.67, allgathers 0.51, topo 0.55, graphs 0.00, connections 0.50, rest 0.01)
MOC-R4PCC04U05:30368:30411 [1] NCCL INFO Init timings - ncclCommInitRankConfig: rank 1 nranks 8 total 4.21 (kernels 0.84, alloc 1.12, bootstrap 0.67, allgathers 0.51, topo 0.55, graphs 0.00, connections 0.51, rest 0.01)
MOC-R4PCC04U05:30367:30408 [0] NCCL INFO TUNER/Plugin: Could not find: libnccl-tuner.so. Using internal tuner plugin.
MOC-R4PCC04U05:30367:30408 [0] NCCL INFO ncclCommInitRankConfig comm 0x5647509f4370 rank 0 nranks 8 cudaDev 0 nvmlDev 0 busId 6000 commId 0x8fb0dde97b3daae3 - Init COMPLETE
MOC-R4PCC04U05:30367:30408 [0] NCCL INFO Init timings - ncclCommInitRankConfig: rank 0 nranks 8 total 5.11 (kernels 0.32, alloc 0.58, bootstrap 2.64, allgathers 0.51, topo 0.55, graphs 0.00, connections 0.51, rest 0.00)
MOC-R4PCC04U05:30367:30498 [0] NCCL INFO Channel 01/0 : 0[0] -> 2[2] via P2P/CUMEM
MOC-R4PCC04U05:30367:30498 [0] NCCL INFO Channel 03/0 : 0[0] -> 2[2] via P2P/CUMEM
MOC-R4PCC04U05:30367:30498 [0] NCCL INFO Channel 00/0 : 0[0] -> 3[3] via P2P/CUMEM
MOC-R4PCC04U05:30367:30498 [0] NCCL INFO Channel 02/0 : 0[0] -> 3[3] via P2P/CUMEM
MOC-R4PCC04U05:30370:30499 [3] NCCL INFO [Proxy Progress] Device 3 CPU core 144
MOC-R4PCC04U05:30370:30495 [3] NCCL INFO Channel 00/0 : 3[3] -> 6[2] [send] via NET/Socket/0
MOC-R4PCC04U05:30370:30495 [3] NCCL INFO Channel 02/0 : 3[3] -> 6[2] [send] via NET/Socket/0
MOC-R4PCC04U05:30370:30495 [3] NCCL INFO Channel 01/0 : 6[2] -> 3[3] [receive] via NET/Socket/0
MOC-R4PCC04U05:30370:30495 [3] NCCL INFO Channel 03/0 : 6[2] -> 3[3] [receive] via NET/Socket/0
MOC-R4PCC04U05:30370:30495 [3] NCCL INFO Channel 01/0 : 3[3] -> 1[1] via P2P/CUMEM
MOC-R4PCC04U05:30370:30495 [3] NCCL INFO Channel 03/0 : 3[3] -> 1[1] via P2P/CUMEM
MOC-R4PCC04U05:30368:30497 [1] NCCL INFO Channel 00/0 : 1[1] -> 0[0] via P2P/CUMEM
MOC-R4PCC04U05:30369:30500 [2] NCCL INFO [Proxy Progress] Device 2 CPU core 423
MOC-R4PCC04U05:30369:30496 [2] NCCL INFO Channel 00/0 : 7[3] -> 2[2] [receive] via NET/Socket/0
MOC-R4PCC04U05:30369:30496 [2] NCCL INFO Channel 02/0 : 7[3] -> 2[2] [receive] via NET/Socket/0
MOC-R4PCC04U05:30369:30496 [2] NCCL INFO Channel 01/0 : 2[2] -> 7[3] [send] via NET/Socket/0
MOC-R4PCC04U05:30369:30496 [2] NCCL INFO Channel 03/0 : 2[2] -> 7[3] [send] via NET/Socket/0
MOC-R4PCC04U05:30369:30496 [2] NCCL INFO Channel 00/0 : 2[2] -> 1[1] via P2P/CUMEM
MOC-R4PCC04U05:30368:30497 [1] NCCL INFO Channel 01/0 : 1[1] -> 0[0] via P2P/CUMEM
MOC-R4PCC04U05:30369:30496 [2] NCCL INFO Channel 02/0 : 2[2] -> 1[1] via P2P/CUMEM
MOC-R4PCC04U05:30368:30497 [1] NCCL INFO Channel 02/0 : 1[1] -> 0[0] via P2P/CUMEM
MOC-R4PCC04U05:30368:30497 [1] NCCL INFO Channel 03/0 : 1[1] -> 0[0] via P2P/CUMEM
MOC-R4PCC04U05:30370:30495 [3] NCCL INFO Connected all rings, use ring PXN 0 GDR 0
MOC-R4PCC04U05:30368:30497 [1] NCCL INFO Connected all rings, use ring PXN 0 GDR 0
MOC-R4PCC04U05:30369:30496 [2] NCCL INFO Connected all rings, use ring PXN 0 GDR 0
MOC-R4PCC04U05:30367:30498 [0] NCCL INFO Connected all rings, use ring PXN 0 GDR 0
num decayed parameter tensors: 50, with 124,318,464 parameters
num non-decayed parameter tensors: 98, with 121,344 parameters
using fused AdamW: False
using regular AdamW
MOC-R4PCC04U05:30368:31145 [1] NCCL INFO Channel 00/0 : 1[1] -> 2[2] via P2P/CUMEM
MOC-R4PCC04U05:30368:31145 [1] NCCL INFO Channel 01/0 : 1[1] -> 2[2] via P2P/CUMEM
MOC-R4PCC04U05:30368:31145 [1] NCCL INFO Channel 02/0 : 1[1] -> 2[2] via P2P/CUMEM
MOC-R4PCC04U05:30368:31145 [1] NCCL INFO Channel 03/0 : 1[1] -> 2[2] via P2P/CUMEM
MOC-R4PCC04U05:30369:31144 [2] NCCL INFO Channel 01/0 : 2[2] -> 1[1] via P2P/CUMEM
MOC-R4PCC04U05:30369:31144 [2] NCCL INFO Channel 03/0 : 2[2] -> 1[1] via P2P/CUMEM
MOC-R4PCC04U05:30367:31146 [0] NCCL INFO Channel 00/0 : 0[0] -> 1[1] via P2P/CUMEM
MOC-R4PCC04U05:30367:31146 [0] NCCL INFO Channel 01/0 : 0[0] -> 1[1] via P2P/CUMEM
MOC-R4PCC04U05:30367:31146 [0] NCCL INFO Channel 02/0 : 0[0] -> 1[1] via P2P/CUMEM
MOC-R4PCC04U05:30367:31146 [0] NCCL INFO Channel 03/0 : 0[0] -> 1[1] via P2P/CUMEM
MOC-R4PCC04U05:30367:31146 [0] NCCL INFO Channel 01/0 : 0[0] -> 3[3] via P2P/CUMEM
MOC-R4PCC04U05:30367:31146 [0] NCCL INFO Channel 03/0 : 0[0] -> 3[3] via P2P/CUMEM
MOC-R4PCC04U05:30370:31143 [3] NCCL INFO Channel 00/0 : 7[3] -> 3[3] [receive] via NET/Socket/0
MOC-R4PCC04U05:30370:31143 [3] NCCL INFO Channel 01/0 : 7[3] -> 3[3] [receive] via NET/Socket/0
MOC-R4PCC04U05:30370:31143 [3] NCCL INFO Channel 02/0 : 7[3] -> 3[3] [receive] via NET/Socket/0
MOC-R4PCC04U05:30370:31143 [3] NCCL INFO Channel 03/0 : 7[3] -> 3[3] [receive] via NET/Socket/0
MOC-R4PCC04U05:30370:31143 [3] NCCL INFO Channel 00/0 : 3[3] -> 7[3] [send] via NET/Socket/0
MOC-R4PCC04U05:30370:31143 [3] NCCL INFO Channel 01/0 : 3[3] -> 7[3] [send] via NET/Socket/0
MOC-R4PCC04U05:30370:31143 [3] NCCL INFO Channel 02/0 : 3[3] -> 7[3] [send] via NET/Socket/0
MOC-R4PCC04U05:30370:31143 [3] NCCL INFO Channel 03/0 : 3[3] -> 7[3] [send] via NET/Socket/0
MOC-R4PCC04U05:30370:31143 [3] NCCL INFO Channel 00/0 : 3[3] -> 0[0] via P2P/CUMEM
MOC-R4PCC04U05:30370:31143 [3] NCCL INFO Channel 01/0 : 3[3] -> 0[0] via P2P/CUMEM
MOC-R4PCC04U05:30370:31143 [3] NCCL INFO Channel 02/0 : 3[3] -> 0[0] via P2P/CUMEM
MOC-R4PCC04U05:30370:31143 [3] NCCL INFO Channel 03/0 : 3[3] -> 0[0] via P2P/CUMEM
MOC-R4PCC04U05:30368:31145 [1] NCCL INFO Connected all trees
MOC-R4PCC04U05:30369:31144 [2] NCCL INFO Connected all trees
MOC-R4PCC04U05:30370:31143 [3] NCCL INFO Connected all trees
MOC-R4PCC04U05:30367:31146 [0] NCCL INFO Connected all trees
step    1/10 | train loss 11.009423 | norm 15.3732 | lr 1.00e-04 | (15093.43 ms | 156313 tok/s)
step    2/10 | train loss 10.139727 | norm 5.7198 | lr 1.00e-04 | (1287.48 ms | 1832486 tok/s)
step    3/10 | train loss 9.799694 | norm 2.6018 | lr 1.00e-04 | (1296.84 ms | 1819271 tok/s)
step    4/10 | train loss 9.631067 | norm 2.1058 | lr 1.00e-04 | (1326.85 ms | 1778119 tok/s)
step    5/10 | train loss 9.548381 | norm 2.0968 | lr 1.00e-04 | (1320.25 ms | 1787002 tok/s)
step    6/10 | train loss 9.467423 | norm 1.9915 | lr 1.00e-04 | (1328.83 ms | 1775470 tok/s)
step    7/10 | train loss 9.382108 | norm 1.9425 | lr 1.00e-04 | (1334.46 ms | 1767983 tok/s)
step    8/10 | train loss 9.290663 | norm 1.9094 | lr 1.00e-04 | (1311.63 ms | 1798758 tok/s)
step    9/10 | train loss 9.195856 | norm 1.8519 | lr 1.00e-04 | (1327.70 ms | 1776982 tok/s)
step   10/10 | train loss 9.111610 | norm 1.7892 | lr 1.00e-04 | (1305.09 ms | 1807765 tok/s)
final 9 iters avg: 1315.458ms
peak memory consumption: 16601 MiB
MOC-R4PCC04U05:30368:31157 [1] NCCL INFO comm 0x558941993c70 rank 1 nranks 8 cudaDev 1 busId 26000 - Destroy COMPLETE
MOC-R4PCC04U05:30369:31156 [2] NCCL INFO comm 0x55b680dcb8c0 rank 2 nranks 8 cudaDev 2 busId a6000 - Destroy COMPLETE
MOC-R4PCC04U05:30370:31155 [3] NCCL INFO comm 0x557b93957df0 rank 3 nranks 8 cudaDev 3 busId c6000 - Destroy COMPLETE
MOC-R4PCC04U05:30367:31158 [0] NCCL INFO comm 0x5647509f4370 rank 0 nranks 8 cudaDev 0 busId 6000 - Destroy COMPLETE
