Running pytorch 2.7.0+cu126
using device: cuda:0
total desired batch size: 1310720
=> calculated gradient accumulation steps: 5
using device: cuda:2
using device: cuda:1
using device: cuda:3
compiling the model...
DataLoader: total number of tokens: 1,661,249,667 across 103 files
MOC-R4PCC04U05:35633:35633 [0] NCCL INFO NCCL_SOCKET_IFNAME set by environment to eno7np0
MOC-R4PCC04U05:35633:35633 [0] NCCL INFO Bootstrap: Using eno7np0:192.168.50.193<0>
MOC-R4PCC04U05:35633:35633 [0] NCCL INFO cudaDriverVersion 12040
MOC-R4PCC04U05:35633:35633 [0] NCCL INFO NCCL version 2.26.2+cuda12.2
MOC-R4PCC04U05:35633:35633 [0] NCCL INFO Comm config Blocking set to 1
MOC-R4PCC04U05:35633:35674 [0] NCCL INFO NET/Plugin: Could not find: libnccl-net.so. Using internal net plugin.
MOC-R4PCC04U05:35633:35674 [0] NCCL INFO NCCL_IB_DISABLE set by environment to 1.
MOC-R4PCC04U05:35633:35674 [0] NCCL INFO NCCL_SOCKET_IFNAME set by environment to eno7np0
MOC-R4PCC04U05:35633:35674 [0] NCCL INFO NET/Socket : Using [0]eno7np0:192.168.50.193<0>
MOC-R4PCC04U05:35633:35674 [0] NCCL INFO PROFILER/Plugin: Could not find: libnccl-profiler.so. 
MOC-R4PCC04U05:35633:35674 [0] NCCL INFO Using network Socket
MOC-R4PCC04U05:35633:35674 [0] NCCL INFO ncclCommInitRankConfig comm 0x5556ffc3f590 rank 0 nranks 8 cudaDev 0 nvmlDev 0 busId 6000 commId 0xbf47dd662c2c5332 - Init START
MOC-R4PCC04U05:35635:35635 [2] NCCL INFO cudaDriverVersion 12040
MOC-R4PCC04U05:35635:35635 [2] NCCL INFO NCCL_SOCKET_IFNAME set by environment to eno7np0
MOC-R4PCC04U05:35635:35635 [2] NCCL INFO Bootstrap: Using eno7np0:192.168.50.193<0>
MOC-R4PCC04U05:35635:35635 [2] NCCL INFO NCCL version 2.26.2+cuda12.2
MOC-R4PCC04U05:35634:35634 [1] NCCL INFO cudaDriverVersion 12040
MOC-R4PCC04U05:35634:35634 [1] NCCL INFO NCCL_SOCKET_IFNAME set by environment to eno7np0
MOC-R4PCC04U05:35634:35634 [1] NCCL INFO Bootstrap: Using eno7np0:192.168.50.193<0>
MOC-R4PCC04U05:35634:35634 [1] NCCL INFO NCCL version 2.26.2+cuda12.2
MOC-R4PCC04U05:35635:35635 [2] NCCL INFO Comm config Blocking set to 1
MOC-R4PCC04U05:35636:35636 [3] NCCL INFO cudaDriverVersion 12040
MOC-R4PCC04U05:35636:35636 [3] NCCL INFO NCCL_SOCKET_IFNAME set by environment to eno7np0
MOC-R4PCC04U05:35634:35634 [1] NCCL INFO Comm config Blocking set to 1
MOC-R4PCC04U05:35636:35636 [3] NCCL INFO Bootstrap: Using eno7np0:192.168.50.193<0>
MOC-R4PCC04U05:35636:35636 [3] NCCL INFO NCCL version 2.26.2+cuda12.2
MOC-R4PCC04U05:35636:35636 [3] NCCL INFO Comm config Blocking set to 1
MOC-R4PCC04U05:35635:35675 [2] NCCL INFO NET/Plugin: Could not find: libnccl-net.so. Using internal net plugin.
MOC-R4PCC04U05:35635:35675 [2] NCCL INFO NCCL_IB_DISABLE set by environment to 1.
MOC-R4PCC04U05:35635:35675 [2] NCCL INFO NCCL_SOCKET_IFNAME set by environment to eno7np0
MOC-R4PCC04U05:35635:35675 [2] NCCL INFO NET/Socket : Using [0]eno7np0:192.168.50.193<0>
MOC-R4PCC04U05:35634:35676 [1] NCCL INFO NET/Plugin: Could not find: libnccl-net.so. Using internal net plugin.
MOC-R4PCC04U05:35634:35676 [1] NCCL INFO NCCL_IB_DISABLE set by environment to 1.
MOC-R4PCC04U05:35634:35676 [1] NCCL INFO NCCL_SOCKET_IFNAME set by environment to eno7np0
MOC-R4PCC04U05:35635:35675 [2] NCCL INFO PROFILER/Plugin: Could not find: libnccl-profiler.so. 
MOC-R4PCC04U05:35635:35675 [2] NCCL INFO Using network Socket
MOC-R4PCC04U05:35634:35676 [1] NCCL INFO NET/Socket : Using [0]eno7np0:192.168.50.193<0>
MOC-R4PCC04U05:35634:35676 [1] NCCL INFO PROFILER/Plugin: Could not find: libnccl-profiler.so. 
MOC-R4PCC04U05:35634:35676 [1] NCCL INFO Using network Socket
MOC-R4PCC04U05:35636:35677 [3] NCCL INFO NET/Plugin: Could not find: libnccl-net.so. Using internal net plugin.
MOC-R4PCC04U05:35636:35677 [3] NCCL INFO NCCL_IB_DISABLE set by environment to 1.
MOC-R4PCC04U05:35636:35677 [3] NCCL INFO NCCL_SOCKET_IFNAME set by environment to eno7np0
MOC-R4PCC04U05:35636:35677 [3] NCCL INFO NET/Socket : Using [0]eno7np0:192.168.50.193<0>
MOC-R4PCC04U05:35636:35677 [3] NCCL INFO PROFILER/Plugin: Could not find: libnccl-profiler.so. 
MOC-R4PCC04U05:35636:35677 [3] NCCL INFO Using network Socket
MOC-R4PCC04U05:35635:35675 [2] NCCL INFO ncclCommInitRankConfig comm 0x561ffa36cf50 rank 2 nranks 8 cudaDev 2 nvmlDev 2 busId a6000 commId 0xbf47dd662c2c5332 - Init START
MOC-R4PCC04U05:35634:35676 [1] NCCL INFO ncclCommInitRankConfig comm 0x560be32fc8b0 rank 1 nranks 8 cudaDev 1 nvmlDev 1 busId 26000 commId 0xbf47dd662c2c5332 - Init START
MOC-R4PCC04U05:35636:35677 [3] NCCL INFO ncclCommInitRankConfig comm 0x559e8642c9f0 rank 3 nranks 8 cudaDev 3 nvmlDev 3 busId c6000 commId 0xbf47dd662c2c5332 - Init START
MOC-R4PCC04U05:35634:35676 [1] NCCL INFO RAS client listening socket at ::1<28028>
MOC-R4PCC04U05:35635:35675 [2] NCCL INFO RAS client listening socket at ::1<28028>
MOC-R4PCC04U05:35636:35677 [3] NCCL INFO RAS client listening socket at ::1<28028>
MOC-R4PCC04U05:35633:35674 [0] NCCL INFO RAS client listening socket at ::1<28028>
MOC-R4PCC04U05:35633:35674 [0] NCCL INFO Bootstrap timings total 2.087623 (create 0.000153, send 0.000413, recv 1.998693, ring 0.000600, delay 0.000001)
MOC-R4PCC04U05:35636:35677 [3] NCCL INFO Bootstrap timings total 0.089193 (create 0.000095, send 0.000183, recv 0.001158, ring 0.086450, delay 0.000000)
MOC-R4PCC04U05:35635:35675 [2] NCCL INFO Bootstrap timings total 0.089384 (create 0.000151, send 0.000260, recv 0.001063, ring 0.086737, delay 0.000001)
MOC-R4PCC04U05:35634:35676 [1] NCCL INFO Bootstrap timings total 0.089383 (create 0.000144, send 0.000261, recv 0.000580, ring 0.086896, delay 0.000001)
MOC-R4PCC04U05:35634:35676 [1] NCCL INFO Setting affinity for GPU 1 to ffffffff,ffffffff,ffffffff,ffffffff,00000000,00000000,00000000,00000000,ffffffff,ffffffff,ffffffff,ffffffff
MOC-R4PCC04U05:35634:35676 [1] NCCL INFO NVLS multicast support is not available on dev 1
MOC-R4PCC04U05:35633:35674 [0] NCCL INFO Setting affinity for GPU 0 to ffffffff,ffffffff,ffffffff,ffffffff,00000000,00000000,00000000,00000000,ffffffff,ffffffff,ffffffff,ffffffff
MOC-R4PCC04U05:35633:35674 [0] NCCL INFO NVLS multicast support is not available on dev 0
MOC-R4PCC04U05:35635:35675 [2] NCCL INFO Setting affinity for GPU 2 to ffffffff,ffffffff,ffffffff,ffffffff,00000000,00000000,00000000,00000000,ffffffff,ffffffff,ffffffff,ffffffff,00000000,00000000,00000000,00000000
MOC-R4PCC04U05:35635:35675 [2] NCCL INFO NVLS multicast support is not available on dev 2
MOC-R4PCC04U05:35636:35677 [3] NCCL INFO Setting affinity for GPU 3 to ffffffff,ffffffff,ffffffff,ffffffff,00000000,00000000,00000000,00000000,ffffffff,ffffffff,ffffffff,ffffffff,00000000,00000000,00000000,00000000
MOC-R4PCC04U05:35636:35677 [3] NCCL INFO NVLS multicast support is not available on dev 3
MOC-R4PCC04U05:35636:35677 [3] NCCL INFO comm 0x559e8642c9f0 rank 3 nRanks 8 nNodes 2 localRanks 4 localRank 3 MNNVL 0
MOC-R4PCC04U05:35635:35675 [2] NCCL INFO comm 0x561ffa36cf50 rank 2 nRanks 8 nNodes 2 localRanks 4 localRank 2 MNNVL 0
MOC-R4PCC04U05:35634:35676 [1] NCCL INFO comm 0x560be32fc8b0 rank 1 nRanks 8 nNodes 2 localRanks 4 localRank 1 MNNVL 0
MOC-R4PCC04U05:35635:35675 [2] NCCL INFO Trees [0] -1/-1/-1->2->1 [1] -1/-1/-1->2->1 [2] -1/-1/-1->2->1 [3] -1/-1/-1->2->1
MOC-R4PCC04U05:35636:35677 [3] NCCL INFO Trees [0] 0/7/-1->3->-1 [1] 0/7/-1->3->-1 [2] 0/-1/-1->3->7 [3] 0/-1/-1->3->7
MOC-R4PCC04U05:35635:35675 [2] NCCL INFO P2P Chunksize set to 131072
MOC-R4PCC04U05:35636:35677 [3] NCCL INFO P2P Chunksize set to 131072
MOC-R4PCC04U05:35634:35676 [1] NCCL INFO Trees [0] 2/-1/-1->1->0 [1] 2/-1/-1->1->0 [2] 2/-1/-1->1->0 [3] 2/-1/-1->1->0
MOC-R4PCC04U05:35634:35676 [1] NCCL INFO P2P Chunksize set to 131072
MOC-R4PCC04U05:35633:35674 [0] NCCL INFO comm 0x5556ffc3f590 rank 0 nRanks 8 nNodes 2 localRanks 4 localRank 0 MNNVL 0
MOC-R4PCC04U05:35633:35674 [0] NCCL INFO Channel 00/04 : 0 3 6 5 4 7 2 1
MOC-R4PCC04U05:35633:35674 [0] NCCL INFO Channel 01/04 : 0 2 7 5 4 6 3 1
MOC-R4PCC04U05:35633:35674 [0] NCCL INFO Channel 02/04 : 0 3 6 5 4 7 2 1
MOC-R4PCC04U05:35633:35674 [0] NCCL INFO Channel 03/04 : 0 2 7 5 4 6 3 1
MOC-R4PCC04U05:35633:35674 [0] NCCL INFO Trees [0] 1/-1/-1->0->3 [1] 1/-1/-1->0->3 [2] 1/-1/-1->0->3 [3] 1/-1/-1->0->3
MOC-R4PCC04U05:35633:35674 [0] NCCL INFO P2P Chunksize set to 131072
MOC-R4PCC04U05:35633:35674 [0] NCCL INFO Check P2P Type intraNodeP2pSupport 1 directMode 0
MOC-R4PCC04U05:35634:35687 [1] NCCL INFO [Proxy Service] Device 1 CPU core 266
MOC-R4PCC04U05:35636:35686 [3] NCCL INFO [Proxy Service] Device 3 CPU core 449
MOC-R4PCC04U05:35635:35685 [2] NCCL INFO [Proxy Service] Device 2 CPU core 450
MOC-R4PCC04U05:35634:35689 [1] NCCL INFO [Proxy Service UDS] Device 1 CPU core 20
MOC-R4PCC04U05:35633:35688 [0] NCCL INFO [Proxy Service] Device 0 CPU core 23
MOC-R4PCC04U05:35636:35690 [3] NCCL INFO [Proxy Service UDS] Device 3 CPU core 461
MOC-R4PCC04U05:35633:35692 [0] NCCL INFO [Proxy Service UDS] Device 0 CPU core 287
MOC-R4PCC04U05:35635:35691 [2] NCCL INFO [Proxy Service UDS] Device 2 CPU core 159
MOC-R4PCC04U05:35636:35677 [3] NCCL INFO threadThresholds 8/8/64 | 64/8/64 | 512 | 512
MOC-R4PCC04U05:35635:35675 [2] NCCL INFO threadThresholds 8/8/64 | 64/8/64 | 512 | 512
MOC-R4PCC04U05:35636:35677 [3] NCCL INFO 4 coll channels, 4 collnet channels, 0 nvls channels, 4 p2p channels, 2 p2p channels per peer
MOC-R4PCC04U05:35635:35675 [2] NCCL INFO 4 coll channels, 4 collnet channels, 0 nvls channels, 4 p2p channels, 2 p2p channels per peer
MOC-R4PCC04U05:35634:35676 [1] NCCL INFO threadThresholds 8/8/64 | 64/8/64 | 512 | 512
MOC-R4PCC04U05:35634:35676 [1] NCCL INFO 4 coll channels, 4 collnet channels, 0 nvls channels, 4 p2p channels, 2 p2p channels per peer
MOC-R4PCC04U05:35633:35674 [0] NCCL INFO threadThresholds 8/8/64 | 64/8/64 | 512 | 512
MOC-R4PCC04U05:35633:35674 [0] NCCL INFO 4 coll channels, 4 collnet channels, 0 nvls channels, 4 p2p channels, 2 p2p channels per peer
MOC-R4PCC04U05:35633:35674 [0] NCCL INFO CC Off, workFifoBytes 1048576
MOC-R4PCC04U05:35634:35676 [1] NCCL INFO TUNER/Plugin: Could not find: libnccl-tuner.so. Using internal tuner plugin.
MOC-R4PCC04U05:35634:35676 [1] NCCL INFO ncclCommInitRankConfig comm 0x560be32fc8b0 rank 1 nranks 8 cudaDev 1 nvmlDev 1 busId 26000 commId 0xbf47dd662c2c5332 - Init COMPLETE
MOC-R4PCC04U05:35634:35676 [1] NCCL INFO Init timings - ncclCommInitRankConfig: rank 1 nranks 8 total 3.17 (kernels 0.31, alloc 1.68, bootstrap 0.09, allgathers 0.03, topo 0.75, graphs 0.00, connections 0.02, rest 0.29)
MOC-R4PCC04U05:35636:35677 [3] NCCL INFO TUNER/Plugin: Could not find: libnccl-tuner.so. Using internal tuner plugin.
MOC-R4PCC04U05:35636:35677 [3] NCCL INFO ncclCommInitRankConfig comm 0x559e8642c9f0 rank 3 nranks 8 cudaDev 3 nvmlDev 3 busId c6000 commId 0xbf47dd662c2c5332 - Init COMPLETE
MOC-R4PCC04U05:35636:35677 [3] NCCL INFO Init timings - ncclCommInitRankConfig: rank 3 nranks 8 total 3.17 (kernels 0.32, alloc 1.66, bootstrap 0.09, allgathers 0.02, topo 0.76, graphs 0.00, connections 0.01, rest 0.30)
MOC-R4PCC04U05:35635:35675 [2] NCCL INFO TUNER/Plugin: Could not find: libnccl-tuner.so. Using internal tuner plugin.
MOC-R4PCC04U05:35635:35675 [2] NCCL INFO ncclCommInitRankConfig comm 0x561ffa36cf50 rank 2 nranks 8 cudaDev 2 nvmlDev 2 busId a6000 commId 0xbf47dd662c2c5332 - Init COMPLETE
MOC-R4PCC04U05:35635:35675 [2] NCCL INFO Init timings - ncclCommInitRankConfig: rank 2 nranks 8 total 3.18 (kernels 0.31, alloc 1.68, bootstrap 0.09, allgathers 0.02, topo 0.76, graphs 0.00, connections 0.01, rest 0.30)
MOC-R4PCC04U05:35633:35674 [0] NCCL INFO TUNER/Plugin: Could not find: libnccl-tuner.so. Using internal tuner plugin.
MOC-R4PCC04U05:35633:35674 [0] NCCL INFO ncclCommInitRankConfig comm 0x5556ffc3f590 rank 0 nranks 8 cudaDev 0 nvmlDev 0 busId 6000 commId 0xbf47dd662c2c5332 - Init COMPLETE
MOC-R4PCC04U05:35633:35674 [0] NCCL INFO Init timings - ncclCommInitRankConfig: rank 0 nranks 8 total 4.07 (kernels 0.31, alloc 0.58, bootstrap 2.09, allgathers 0.02, topo 0.76, graphs 0.01, connections 0.31, rest 0.00)
MOC-R4PCC04U05:35633:35694 [0] NCCL INFO Channel 01/0 : 0[0] -> 2[2] via P2P/CUMEM
MOC-R4PCC04U05:35633:35694 [0] NCCL INFO Channel 03/0 : 0[0] -> 2[2] via P2P/CUMEM
MOC-R4PCC04U05:35633:35694 [0] NCCL INFO Channel 00/0 : 0[0] -> 3[3] via P2P/CUMEM
MOC-R4PCC04U05:35633:35694 [0] NCCL INFO Channel 02/0 : 0[0] -> 3[3] via P2P/CUMEM
MOC-R4PCC04U05:35635:35698 [2] NCCL INFO [Proxy Progress] Device 2 CPU core 431
MOC-R4PCC04U05:35635:35696 [2] NCCL INFO Channel 00/0 : 7[3] -> 2[2] [receive] via NET/Socket/0
MOC-R4PCC04U05:35635:35696 [2] NCCL INFO Channel 02/0 : 7[3] -> 2[2] [receive] via NET/Socket/0
MOC-R4PCC04U05:35635:35696 [2] NCCL INFO Channel 01/0 : 2[2] -> 7[3] [send] via NET/Socket/0
MOC-R4PCC04U05:35635:35696 [2] NCCL INFO Channel 03/0 : 2[2] -> 7[3] [send] via NET/Socket/0
MOC-R4PCC04U05:35635:35696 [2] NCCL INFO Channel 00/0 : 2[2] -> 1[1] via P2P/CUMEM
MOC-R4PCC04U05:35636:35699 [3] NCCL INFO [Proxy Progress] Device 3 CPU core 187
MOC-R4PCC04U05:35636:35695 [3] NCCL INFO Channel 00/0 : 3[3] -> 6[2] [send] via NET/Socket/0
MOC-R4PCC04U05:35636:35695 [3] NCCL INFO Channel 02/0 : 3[3] -> 6[2] [send] via NET/Socket/0
MOC-R4PCC04U05:35636:35695 [3] NCCL INFO Channel 01/0 : 6[2] -> 3[3] [receive] via NET/Socket/0
MOC-R4PCC04U05:35636:35695 [3] NCCL INFO Channel 03/0 : 6[2] -> 3[3] [receive] via NET/Socket/0
MOC-R4PCC04U05:35636:35695 [3] NCCL INFO Channel 01/0 : 3[3] -> 1[1] via P2P/CUMEM
MOC-R4PCC04U05:35635:35696 [2] NCCL INFO Channel 02/0 : 2[2] -> 1[1] via P2P/CUMEM
MOC-R4PCC04U05:35636:35695 [3] NCCL INFO Channel 03/0 : 3[3] -> 1[1] via P2P/CUMEM
MOC-R4PCC04U05:35634:35697 [1] NCCL INFO Channel 00/0 : 1[1] -> 0[0] via P2P/CUMEM
MOC-R4PCC04U05:35634:35697 [1] NCCL INFO Channel 01/0 : 1[1] -> 0[0] via P2P/CUMEM
MOC-R4PCC04U05:35634:35697 [1] NCCL INFO Channel 02/0 : 1[1] -> 0[0] via P2P/CUMEM
MOC-R4PCC04U05:35634:35697 [1] NCCL INFO Channel 03/0 : 1[1] -> 0[0] via P2P/CUMEM
MOC-R4PCC04U05:35636:35695 [3] NCCL INFO Connected all rings, use ring PXN 0 GDR 0
MOC-R4PCC04U05:35635:35696 [2] NCCL INFO Connected all rings, use ring PXN 0 GDR 0
MOC-R4PCC04U05:35634:35697 [1] NCCL INFO Connected all rings, use ring PXN 0 GDR 0
MOC-R4PCC04U05:35633:35694 [0] NCCL INFO Connected all rings, use ring PXN 0 GDR 0
num decayed parameter tensors: 50, with 124,318,464 parameters
num non-decayed parameter tensors: 98, with 121,344 parameters
using fused AdamW: False
using regular AdamW
MOC-R4PCC04U05:35633:36388 [0] NCCL INFO Channel 00/0 : 0[0] -> 1[1] via P2P/CUMEM
MOC-R4PCC04U05:35633:36388 [0] NCCL INFO Channel 01/0 : 0[0] -> 1[1] via P2P/CUMEM
MOC-R4PCC04U05:35633:36388 [0] NCCL INFO Channel 02/0 : 0[0] -> 1[1] via P2P/CUMEM
MOC-R4PCC04U05:35633:36388 [0] NCCL INFO Channel 03/0 : 0[0] -> 1[1] via P2P/CUMEM
MOC-R4PCC04U05:35634:36390 [1] NCCL INFO Channel 00/0 : 1[1] -> 2[2] via P2P/CUMEM
MOC-R4PCC04U05:35634:36390 [1] NCCL INFO Channel 01/0 : 1[1] -> 2[2] via P2P/CUMEM
MOC-R4PCC04U05:35634:36390 [1] NCCL INFO Channel 02/0 : 1[1] -> 2[2] via P2P/CUMEM
MOC-R4PCC04U05:35634:36390 [1] NCCL INFO Channel 03/0 : 1[1] -> 2[2] via P2P/CUMEM
MOC-R4PCC04U05:35633:36388 [0] NCCL INFO Channel 01/0 : 0[0] -> 3[3] via P2P/CUMEM
MOC-R4PCC04U05:35633:36388 [0] NCCL INFO Channel 03/0 : 0[0] -> 3[3] via P2P/CUMEM
MOC-R4PCC04U05:35636:36389 [3] NCCL INFO Channel 00/0 : 7[3] -> 3[3] [receive] via NET/Socket/0
MOC-R4PCC04U05:35636:36389 [3] NCCL INFO Channel 01/0 : 7[3] -> 3[3] [receive] via NET/Socket/0
MOC-R4PCC04U05:35636:36389 [3] NCCL INFO Channel 02/0 : 7[3] -> 3[3] [receive] via NET/Socket/0
MOC-R4PCC04U05:35636:36389 [3] NCCL INFO Channel 03/0 : 7[3] -> 3[3] [receive] via NET/Socket/0
MOC-R4PCC04U05:35636:36389 [3] NCCL INFO Channel 00/0 : 3[3] -> 7[3] [send] via NET/Socket/0
MOC-R4PCC04U05:35636:36389 [3] NCCL INFO Channel 01/0 : 3[3] -> 7[3] [send] via NET/Socket/0
MOC-R4PCC04U05:35636:36389 [3] NCCL INFO Channel 02/0 : 3[3] -> 7[3] [send] via NET/Socket/0
MOC-R4PCC04U05:35636:36389 [3] NCCL INFO Channel 03/0 : 3[3] -> 7[3] [send] via NET/Socket/0
MOC-R4PCC04U05:35636:36389 [3] NCCL INFO Channel 00/0 : 3[3] -> 0[0] via P2P/CUMEM
MOC-R4PCC04U05:35636:36389 [3] NCCL INFO Channel 01/0 : 3[3] -> 0[0] via P2P/CUMEM
MOC-R4PCC04U05:35636:36389 [3] NCCL INFO Channel 02/0 : 3[3] -> 0[0] via P2P/CUMEM
MOC-R4PCC04U05:35636:36389 [3] NCCL INFO Channel 03/0 : 3[3] -> 0[0] via P2P/CUMEM
MOC-R4PCC04U05:35635:36391 [2] NCCL INFO Channel 01/0 : 2[2] -> 1[1] via P2P/CUMEM
MOC-R4PCC04U05:35635:36391 [2] NCCL INFO Channel 03/0 : 2[2] -> 1[1] via P2P/CUMEM
MOC-R4PCC04U05:35635:36391 [2] NCCL INFO Connected all trees
MOC-R4PCC04U05:35634:36390 [1] NCCL INFO Connected all trees
MOC-R4PCC04U05:35636:36389 [3] NCCL INFO Connected all trees
MOC-R4PCC04U05:35633:36388 [0] NCCL INFO Connected all trees
step    1/10 | train loss 11.010132 | norm 15.4557 | lr 1.00e-04 | (14939.14 ms | 87737 tok/s)
step    2/10 | train loss 10.134739 | norm 5.7680 | lr 1.00e-04 | (1019.56 ms | 1285574 tok/s)
step    3/10 | train loss 9.792707 | norm 2.6181 | lr 1.00e-04 | (1044.43 ms | 1254967 tok/s)
step    4/10 | train loss 9.622595 | norm 2.1198 | lr 1.00e-04 | (1002.85 ms | 1307001 tok/s)
step    5/10 | train loss 9.539335 | norm 2.1126 | lr 1.00e-04 | (1022.82 ms | 1281481 tok/s)
step    6/10 | train loss 9.457716 | norm 2.0030 | lr 1.00e-04 | (1022.81 ms | 1281493 tok/s)
step    7/10 | train loss 9.371839 | norm 1.9528 | lr 1.00e-04 | (1046.79 ms | 1252139 tok/s)
step    8/10 | train loss 9.279833 | norm 1.9192 | lr 1.00e-04 | (1001.76 ms | 1308416 tok/s)
step    9/10 | train loss 9.184063 | norm 1.8637 | lr 1.00e-04 | (1031.21 ms | 1271051 tok/s)
step   10/10 | train loss 9.097853 | norm 1.7989 | lr 1.00e-04 | (1012.42 ms | 1294636 tok/s)
final 9 iters avg: 1022.737ms
peak memory consumption: 16601 MiB
MOC-R4PCC04U05:35636:36397 [3] NCCL INFO comm 0x559e8642c9f0 rank 3 nranks 8 cudaDev 3 busId c6000 - Destroy COMPLETE
MOC-R4PCC04U05:35634:36399 [1] NCCL INFO comm 0x560be32fc8b0 rank 1 nranks 8 cudaDev 1 busId 26000 - Destroy COMPLETE
MOC-R4PCC04U05:35633:36398 [0] NCCL INFO comm 0x5556ffc3f590 rank 0 nranks 8 cudaDev 0 busId 6000 - Destroy COMPLETE
MOC-R4PCC04U05:35635:36400 [2] NCCL INFO comm 0x561ffa36cf50 rank 2 nranks 8 cudaDev 2 busId a6000 - Destroy COMPLETE
