Running pytorch 2.7.0+cu126
using device: cuda:0
total desired batch size: 4194304
=> calculated gradient accumulation steps: 8
using device: cuda:2
using device: cuda:1
using device: cuda:3
compiling the model...
DataLoader: total number of tokens: 1,661,249,667 across 103 files
MOC-R4PCC04U05:97917:97917 [0] NCCL INFO NCCL_SOCKET_IFNAME set by environment to eno7np0
MOC-R4PCC04U05:97917:97917 [0] NCCL INFO Bootstrap: Using eno7np0:192.168.50.193<0>
MOC-R4PCC04U05:97917:97917 [0] NCCL INFO cudaDriverVersion 12040
MOC-R4PCC04U05:97917:97917 [0] NCCL INFO NCCL version 2.26.2+cuda12.2
MOC-R4PCC04U05:97917:97917 [0] NCCL INFO Comm config Blocking set to 1
MOC-R4PCC04U05:97917:97958 [0] NCCL INFO NET/Plugin: Could not find: libnccl-net.so. Using internal net plugin.
MOC-R4PCC04U05:97917:97958 [0] NCCL INFO NCCL_IB_DISABLE set by environment to 1.
MOC-R4PCC04U05:97917:97958 [0] NCCL INFO NCCL_SOCKET_IFNAME set by environment to eno7np0
MOC-R4PCC04U05:97917:97958 [0] NCCL INFO NET/Socket : Using [0]eno7np0:192.168.50.193<0>
MOC-R4PCC04U05:97917:97958 [0] NCCL INFO PROFILER/Plugin: Could not find: libnccl-profiler.so. 
MOC-R4PCC04U05:97917:97958 [0] NCCL INFO Using network Socket
MOC-R4PCC04U05:97917:97958 [0] NCCL INFO ncclCommInitRankConfig comm 0x55b999012480 rank 0 nranks 16 cudaDev 0 nvmlDev 0 busId 6000 commId 0xad231dfadcf9b452 - Init START
MOC-R4PCC04U05:97918:97918 [1] NCCL INFO cudaDriverVersion 12040
MOC-R4PCC04U05:97918:97918 [1] NCCL INFO NCCL_SOCKET_IFNAME set by environment to eno7np0
MOC-R4PCC04U05:97918:97918 [1] NCCL INFO Bootstrap: Using eno7np0:192.168.50.193<0>
MOC-R4PCC04U05:97918:97918 [1] NCCL INFO NCCL version 2.26.2+cuda12.2
MOC-R4PCC04U05:97919:97919 [2] NCCL INFO cudaDriverVersion 12040
MOC-R4PCC04U05:97919:97919 [2] NCCL INFO NCCL_SOCKET_IFNAME set by environment to eno7np0
MOC-R4PCC04U05:97919:97919 [2] NCCL INFO Bootstrap: Using eno7np0:192.168.50.193<0>
MOC-R4PCC04U05:97919:97919 [2] NCCL INFO NCCL version 2.26.2+cuda12.2
MOC-R4PCC04U05:97920:97920 [3] NCCL INFO cudaDriverVersion 12040
MOC-R4PCC04U05:97920:97920 [3] NCCL INFO NCCL_SOCKET_IFNAME set by environment to eno7np0
MOC-R4PCC04U05:97919:97919 [2] NCCL INFO Comm config Blocking set to 1
MOC-R4PCC04U05:97918:97918 [1] NCCL INFO Comm config Blocking set to 1
MOC-R4PCC04U05:97920:97920 [3] NCCL INFO Bootstrap: Using eno7np0:192.168.50.193<0>
MOC-R4PCC04U05:97920:97920 [3] NCCL INFO NCCL version 2.26.2+cuda12.2
MOC-R4PCC04U05:97920:97920 [3] NCCL INFO Comm config Blocking set to 1
MOC-R4PCC04U05:97919:97959 [2] NCCL INFO NET/Plugin: Could not find: libnccl-net.so. Using internal net plugin.
MOC-R4PCC04U05:97919:97959 [2] NCCL INFO NCCL_IB_DISABLE set by environment to 1.
MOC-R4PCC04U05:97919:97959 [2] NCCL INFO NCCL_SOCKET_IFNAME set by environment to eno7np0
MOC-R4PCC04U05:97919:97959 [2] NCCL INFO NET/Socket : Using [0]eno7np0:192.168.50.193<0>
MOC-R4PCC04U05:97918:97960 [1] NCCL INFO NET/Plugin: Could not find: libnccl-net.so. Using internal net plugin.
MOC-R4PCC04U05:97918:97960 [1] NCCL INFO NCCL_IB_DISABLE set by environment to 1.
MOC-R4PCC04U05:97918:97960 [1] NCCL INFO NCCL_SOCKET_IFNAME set by environment to eno7np0
MOC-R4PCC04U05:97919:97959 [2] NCCL INFO PROFILER/Plugin: Could not find: libnccl-profiler.so. 
MOC-R4PCC04U05:97919:97959 [2] NCCL INFO Using network Socket
MOC-R4PCC04U05:97918:97960 [1] NCCL INFO NET/Socket : Using [0]eno7np0:192.168.50.193<0>
MOC-R4PCC04U05:97920:97961 [3] NCCL INFO NET/Plugin: Could not find: libnccl-net.so. Using internal net plugin.
MOC-R4PCC04U05:97920:97961 [3] NCCL INFO NCCL_IB_DISABLE set by environment to 1.
MOC-R4PCC04U05:97920:97961 [3] NCCL INFO NCCL_SOCKET_IFNAME set by environment to eno7np0
MOC-R4PCC04U05:97918:97960 [1] NCCL INFO PROFILER/Plugin: Could not find: libnccl-profiler.so. 
MOC-R4PCC04U05:97918:97960 [1] NCCL INFO Using network Socket
MOC-R4PCC04U05:97920:97961 [3] NCCL INFO NET/Socket : Using [0]eno7np0:192.168.50.193<0>
MOC-R4PCC04U05:97920:97961 [3] NCCL INFO PROFILER/Plugin: Could not find: libnccl-profiler.so. 
MOC-R4PCC04U05:97920:97961 [3] NCCL INFO Using network Socket
MOC-R4PCC04U05:97919:97959 [2] NCCL INFO ncclCommInitRankConfig comm 0x55d7d0876670 rank 2 nranks 16 cudaDev 2 nvmlDev 2 busId a6000 commId 0xad231dfadcf9b452 - Init START
MOC-R4PCC04U05:97920:97961 [3] NCCL INFO ncclCommInitRankConfig comm 0x56470a8bb900 rank 3 nranks 16 cudaDev 3 nvmlDev 3 busId c6000 commId 0xad231dfadcf9b452 - Init START
MOC-R4PCC04U05:97918:97960 [1] NCCL INFO ncclCommInitRankConfig comm 0x557f47518980 rank 1 nranks 16 cudaDev 1 nvmlDev 1 busId 26000 commId 0xad231dfadcf9b452 - Init START
MOC-R4PCC04U05:97920:97961 [3] NCCL INFO RAS client listening socket at ::1<28028>
MOC-R4PCC04U05:97918:97960 [1] NCCL INFO RAS client listening socket at ::1<28028>
MOC-R4PCC04U05:97919:97959 [2] NCCL INFO RAS client listening socket at ::1<28028>
MOC-R4PCC04U05:97917:97958 [0] NCCL INFO RAS client listening socket at ::1<28028>
MOC-R4PCC04U05:97920:97961 [3] NCCL INFO Bootstrap timings total 0.210014 (create 0.000124, send 0.000197, recv 0.000473, ring 0.207907, delay 0.000000)
MOC-R4PCC04U05:97918:97960 [1] NCCL INFO Bootstrap timings total 0.210083 (create 0.000153, send 0.000256, recv 0.000788, ring 0.207370, delay 0.000001)
MOC-R4PCC04U05:97919:97959 [2] NCCL INFO Bootstrap timings total 0.210422 (create 0.000148, send 0.000271, recv 0.000583, ring 0.207445, delay 0.000000)
MOC-R4PCC04U05:97917:97958 [0] NCCL INFO Bootstrap timings total 2.208982 (create 0.000144, send 0.000435, recv 1.999413, ring 0.145043, delay 0.000001)
MOC-R4PCC04U05:97917:97958 [0] NCCL INFO Setting affinity for GPU 0 to ffffffff,ffffffff,ffffffff,ffffffff,00000000,00000000,00000000,00000000,ffffffff,ffffffff,ffffffff,ffffffff
MOC-R4PCC04U05:97917:97958 [0] NCCL INFO NVLS multicast support is not available on dev 0
MOC-R4PCC04U05:97918:97960 [1] NCCL INFO Setting affinity for GPU 1 to ffffffff,ffffffff,ffffffff,ffffffff,00000000,00000000,00000000,00000000,ffffffff,ffffffff,ffffffff,ffffffff
MOC-R4PCC04U05:97919:97959 [2] NCCL INFO Setting affinity for GPU 2 to ffffffff,ffffffff,ffffffff,ffffffff,00000000,00000000,00000000,00000000,ffffffff,ffffffff,ffffffff,ffffffff,00000000,00000000,00000000,00000000
MOC-R4PCC04U05:97918:97960 [1] NCCL INFO NVLS multicast support is not available on dev 1
MOC-R4PCC04U05:97919:97959 [2] NCCL INFO NVLS multicast support is not available on dev 2
MOC-R4PCC04U05:97920:97961 [3] NCCL INFO Setting affinity for GPU 3 to ffffffff,ffffffff,ffffffff,ffffffff,00000000,00000000,00000000,00000000,ffffffff,ffffffff,ffffffff,ffffffff,00000000,00000000,00000000,00000000
MOC-R4PCC04U05:97920:97961 [3] NCCL INFO NVLS multicast support is not available on dev 3
MOC-R4PCC04U05:97919:97959 [2] NCCL INFO comm 0x55d7d0876670 rank 2 nRanks 16 nNodes 4 localRanks 4 localRank 2 MNNVL 0
MOC-R4PCC04U05:97920:97961 [3] NCCL INFO comm 0x56470a8bb900 rank 3 nRanks 16 nNodes 4 localRanks 4 localRank 3 MNNVL 0
MOC-R4PCC04U05:97918:97960 [1] NCCL INFO comm 0x557f47518980 rank 1 nRanks 16 nNodes 4 localRanks 4 localRank 1 MNNVL 0
MOC-R4PCC04U05:97917:97958 [0] NCCL INFO comm 0x55b999012480 rank 0 nRanks 16 nNodes 4 localRanks 4 localRank 0 MNNVL 0
MOC-R4PCC04U05:97919:97959 [2] NCCL INFO Trees [0] -1/-1/-1->2->1 [1] -1/-1/-1->2->1 [2] -1/-1/-1->2->1 [3] -1/-1/-1->2->1
MOC-R4PCC04U05:97919:97959 [2] NCCL INFO P2P Chunksize set to 131072
MOC-R4PCC04U05:97918:97960 [1] NCCL INFO Trees [0] 2/-1/-1->1->0 [1] 2/-1/-1->1->0 [2] 2/-1/-1->1->0 [3] 2/-1/-1->1->0
MOC-R4PCC04U05:97918:97960 [1] NCCL INFO P2P Chunksize set to 131072
MOC-R4PCC04U05:97920:97961 [3] NCCL INFO Trees [0] 0/11/-1->3->-1 [1] 0/11/-1->3->-1 [2] 0/-1/-1->3->7 [3] 0/-1/-1->3->7
MOC-R4PCC04U05:97920:97961 [3] NCCL INFO P2P Chunksize set to 131072
MOC-R4PCC04U05:97917:97958 [0] NCCL INFO Channel 00/04 :  0  3  6  5  4  7 10  9  8 11 14 13 12 15  2  1
MOC-R4PCC04U05:97917:97958 [0] NCCL INFO Channel 01/04 :  0  2  7  5  4  6 11  9  8 10 15 13 12 14  3  1
MOC-R4PCC04U05:97917:97958 [0] NCCL INFO Channel 02/04 :  0  3  6  5  4  7 10  9  8 11 14 13 12 15  2  1
MOC-R4PCC04U05:97917:97958 [0] NCCL INFO Channel 03/04 :  0  2  7  5  4  6 11  9  8 10 15 13 12 14  3  1
MOC-R4PCC04U05:97917:97958 [0] NCCL INFO Trees [0] 1/-1/-1->0->3 [1] 1/-1/-1->0->3 [2] 1/-1/-1->0->3 [3] 1/-1/-1->0->3
MOC-R4PCC04U05:97917:97958 [0] NCCL INFO P2P Chunksize set to 131072
MOC-R4PCC04U05:97917:97958 [0] NCCL INFO Check P2P Type intraNodeP2pSupport 1 directMode 0
MOC-R4PCC04U05:97917:97971 [0] NCCL INFO [Proxy Service] Device 0 CPU core 18
MOC-R4PCC04U05:97920:97972 [3] NCCL INFO [Proxy Service] Device 3 CPU core 431
MOC-R4PCC04U05:97919:97970 [2] NCCL INFO [Proxy Service] Device 2 CPU core 423
MOC-R4PCC04U05:97917:97973 [0] NCCL INFO [Proxy Service UDS] Device 0 CPU core 287
MOC-R4PCC04U05:97919:97974 [2] NCCL INFO [Proxy Service UDS] Device 2 CPU core 480
MOC-R4PCC04U05:97918:97976 [1] NCCL INFO [Proxy Service] Device 1 CPU core 295
MOC-R4PCC04U05:97920:97975 [3] NCCL INFO [Proxy Service UDS] Device 3 CPU core 493
MOC-R4PCC04U05:97918:97977 [1] NCCL INFO [Proxy Service UDS] Device 1 CPU core 303
MOC-R4PCC04U05:97919:97959 [2] NCCL INFO threadThresholds 8/8/64 | 128/8/64 | 512 | 512
MOC-R4PCC04U05:97919:97959 [2] NCCL INFO 4 coll channels, 4 collnet channels, 0 nvls channels, 4 p2p channels, 1 p2p channels per peer
MOC-R4PCC04U05:97920:97961 [3] NCCL INFO threadThresholds 8/8/64 | 128/8/64 | 512 | 512
MOC-R4PCC04U05:97920:97961 [3] NCCL INFO 4 coll channels, 4 collnet channels, 0 nvls channels, 4 p2p channels, 1 p2p channels per peer
MOC-R4PCC04U05:97917:97958 [0] NCCL INFO threadThresholds 8/8/64 | 128/8/64 | 512 | 512
MOC-R4PCC04U05:97917:97958 [0] NCCL INFO 4 coll channels, 4 collnet channels, 0 nvls channels, 4 p2p channels, 1 p2p channels per peer
MOC-R4PCC04U05:97918:97960 [1] NCCL INFO threadThresholds 8/8/64 | 128/8/64 | 512 | 512
MOC-R4PCC04U05:97918:97960 [1] NCCL INFO 4 coll channels, 4 collnet channels, 0 nvls channels, 4 p2p channels, 1 p2p channels per peer
MOC-R4PCC04U05:97917:97958 [0] NCCL INFO CC Off, workFifoBytes 1048576
MOC-R4PCC04U05:97919:97959 [2] NCCL INFO TUNER/Plugin: Could not find: libnccl-tuner.so. Using internal tuner plugin.
MOC-R4PCC04U05:97919:97959 [2] NCCL INFO ncclCommInitRankConfig comm 0x55d7d0876670 rank 2 nranks 16 cudaDev 2 nvmlDev 2 busId a6000 commId 0xad231dfadcf9b452 - Init COMPLETE
MOC-R4PCC04U05:97919:97959 [2] NCCL INFO Init timings - ncclCommInitRankConfig: rank 2 nranks 16 total 3.93 (kernels 0.31, alloc 1.68, bootstrap 0.21, allgathers 0.35, topo 0.79, graphs 0.00, connections 0.58, rest 0.01)
MOC-R4PCC04U05:97918:97960 [1] NCCL INFO TUNER/Plugin: Could not find: libnccl-tuner.so. Using internal tuner plugin.
MOC-R4PCC04U05:97918:97960 [1] NCCL INFO ncclCommInitRankConfig comm 0x557f47518980 rank 1 nranks 16 cudaDev 1 nvmlDev 1 busId 26000 commId 0xad231dfadcf9b452 - Init COMPLETE
MOC-R4PCC04U05:97918:97960 [1] NCCL INFO Init timings - ncclCommInitRankConfig: rank 1 nranks 16 total 3.93 (kernels 0.31, alloc 1.68, bootstrap 0.21, allgathers 0.34, topo 0.79, graphs 0.01, connections 0.59, rest 0.00)
MOC-R4PCC04U05:97920:97961 [3] NCCL INFO TUNER/Plugin: Could not find: libnccl-tuner.so. Using internal tuner plugin.
MOC-R4PCC04U05:97920:97961 [3] NCCL INFO ncclCommInitRankConfig comm 0x56470a8bb900 rank 3 nranks 16 cudaDev 3 nvmlDev 3 busId c6000 commId 0xad231dfadcf9b452 - Init COMPLETE
MOC-R4PCC04U05:97920:97961 [3] NCCL INFO Init timings - ncclCommInitRankConfig: rank 3 nranks 16 total 3.93 (kernels 0.31, alloc 1.67, bootstrap 0.21, allgathers 0.35, topo 0.79, graphs 0.00, connections 0.59, rest 0.00)
MOC-R4PCC04U05:97917:97958 [0] NCCL INFO TUNER/Plugin: Could not find: libnccl-tuner.so. Using internal tuner plugin.
MOC-R4PCC04U05:97917:97958 [0] NCCL INFO ncclCommInitRankConfig comm 0x55b999012480 rank 0 nranks 16 cudaDev 0 nvmlDev 0 busId 6000 commId 0xad231dfadcf9b452 - Init COMPLETE
MOC-R4PCC04U05:97917:97958 [0] NCCL INFO Init timings - ncclCommInitRankConfig: rank 0 nranks 16 total 4.84 (kernels 0.31, alloc 0.58, bootstrap 2.21, allgathers 0.35, topo 0.79, graphs 0.01, connections 0.59, rest 0.00)
MOC-R4PCC04U05:97917:98048 [0] NCCL INFO Channel 01/0 : 0[0] -> 2[2] via P2P/CUMEM
MOC-R4PCC04U05:97917:98048 [0] NCCL INFO Channel 03/0 : 0[0] -> 2[2] via P2P/CUMEM
MOC-R4PCC04U05:97917:98048 [0] NCCL INFO Channel 00/0 : 0[0] -> 3[3] via P2P/CUMEM
MOC-R4PCC04U05:97917:98048 [0] NCCL INFO Channel 02/0 : 0[0] -> 3[3] via P2P/CUMEM
MOC-R4PCC04U05:97919:98049 [2] NCCL INFO [Proxy Progress] Device 2 CPU core 423
MOC-R4PCC04U05:97919:98046 [2] NCCL INFO Channel 00/0 : 15[3] -> 2[2] [receive] via NET/Socket/0
MOC-R4PCC04U05:97919:98046 [2] NCCL INFO Channel 02/0 : 15[3] -> 2[2] [receive] via NET/Socket/0
MOC-R4PCC04U05:97919:98046 [2] NCCL INFO Channel 01/0 : 2[2] -> 7[3] [send] via NET/Socket/0
MOC-R4PCC04U05:97919:98046 [2] NCCL INFO Channel 03/0 : 2[2] -> 7[3] [send] via NET/Socket/0
MOC-R4PCC04U05:97920:98050 [3] NCCL INFO [Proxy Progress] Device 3 CPU core 431
MOC-R4PCC04U05:97920:98047 [3] NCCL INFO Channel 00/0 : 3[3] -> 6[2] [send] via NET/Socket/0
MOC-R4PCC04U05:97919:98046 [2] NCCL INFO Channel 00/0 : 2[2] -> 1[1] via P2P/CUMEM
MOC-R4PCC04U05:97920:98047 [3] NCCL INFO Channel 02/0 : 3[3] -> 6[2] [send] via NET/Socket/0
MOC-R4PCC04U05:97919:98046 [2] NCCL INFO Channel 02/0 : 2[2] -> 1[1] via P2P/CUMEM
MOC-R4PCC04U05:97920:98047 [3] NCCL INFO Channel 01/0 : 14[2] -> 3[3] [receive] via NET/Socket/0
MOC-R4PCC04U05:97920:98047 [3] NCCL INFO Channel 03/0 : 14[2] -> 3[3] [receive] via NET/Socket/0
MOC-R4PCC04U05:97920:98047 [3] NCCL INFO Channel 01/0 : 3[3] -> 1[1] via P2P/CUMEM
MOC-R4PCC04U05:97920:98047 [3] NCCL INFO Channel 03/0 : 3[3] -> 1[1] via P2P/CUMEM
MOC-R4PCC04U05:97918:98045 [1] NCCL INFO Channel 00/0 : 1[1] -> 0[0] via P2P/CUMEM
MOC-R4PCC04U05:97918:98045 [1] NCCL INFO Channel 01/0 : 1[1] -> 0[0] via P2P/CUMEM
MOC-R4PCC04U05:97918:98045 [1] NCCL INFO Channel 02/0 : 1[1] -> 0[0] via P2P/CUMEM
MOC-R4PCC04U05:97918:98045 [1] NCCL INFO Channel 03/0 : 1[1] -> 0[0] via P2P/CUMEM
MOC-R4PCC04U05:97918:98045 [1] NCCL INFO Connected all rings, use ring PXN 0 GDR 0
MOC-R4PCC04U05:97919:98046 [2] NCCL INFO Connected all rings, use ring PXN 0 GDR 0
MOC-R4PCC04U05:97920:98047 [3] NCCL INFO Connected all rings, use ring PXN 0 GDR 0
MOC-R4PCC04U05:97917:98048 [0] NCCL INFO Connected all rings, use ring PXN 0 GDR 0
num decayed parameter tensors: 50, with 124,318,464 parameters
num non-decayed parameter tensors: 98, with 121,344 parameters
using fused AdamW: False
using regular AdamW
MOC-R4PCC04U05:97917:98673 [0] NCCL INFO Channel 00/0 : 0[0] -> 1[1] via P2P/CUMEM
MOC-R4PCC04U05:97917:98673 [0] NCCL INFO Channel 01/0 : 0[0] -> 1[1] via P2P/CUMEM
MOC-R4PCC04U05:97917:98673 [0] NCCL INFO Channel 02/0 : 0[0] -> 1[1] via P2P/CUMEM
MOC-R4PCC04U05:97917:98673 [0] NCCL INFO Channel 03/0 : 0[0] -> 1[1] via P2P/CUMEM
MOC-R4PCC04U05:97918:98674 [1] NCCL INFO Channel 00/0 : 1[1] -> 2[2] via P2P/CUMEM
MOC-R4PCC04U05:97918:98674 [1] NCCL INFO Channel 01/0 : 1[1] -> 2[2] via P2P/CUMEM
MOC-R4PCC04U05:97918:98674 [1] NCCL INFO Channel 02/0 : 1[1] -> 2[2] via P2P/CUMEM
MOC-R4PCC04U05:97918:98674 [1] NCCL INFO Channel 03/0 : 1[1] -> 2[2] via P2P/CUMEM
MOC-R4PCC04U05:97917:98673 [0] NCCL INFO Channel 01/0 : 0[0] -> 3[3] via P2P/CUMEM
MOC-R4PCC04U05:97919:98672 [2] NCCL INFO Channel 01/0 : 2[2] -> 1[1] via P2P/CUMEM
MOC-R4PCC04U05:97917:98673 [0] NCCL INFO Channel 03/0 : 0[0] -> 3[3] via P2P/CUMEM
MOC-R4PCC04U05:97919:98672 [2] NCCL INFO Channel 03/0 : 2[2] -> 1[1] via P2P/CUMEM
MOC-R4PCC04U05:97920:98675 [3] NCCL INFO Channel 02/0 : 3[3] -> 7[3] [send] via NET/Socket/0
MOC-R4PCC04U05:97920:98675 [3] NCCL INFO Channel 03/0 : 3[3] -> 7[3] [send] via NET/Socket/0
MOC-R4PCC04U05:97920:98675 [3] NCCL INFO Channel 00/0 : 11[3] -> 3[3] [receive] via NET/Socket/0
MOC-R4PCC04U05:97920:98675 [3] NCCL INFO Channel 01/0 : 11[3] -> 3[3] [receive] via NET/Socket/0
MOC-R4PCC04U05:97920:98675 [3] NCCL INFO Channel 00/0 : 3[3] -> 11[3] [send] via NET/Socket/0
MOC-R4PCC04U05:97920:98675 [3] NCCL INFO Channel 01/0 : 3[3] -> 11[3] [send] via NET/Socket/0
MOC-R4PCC04U05:97920:98675 [3] NCCL INFO Channel 02/0 : 7[3] -> 3[3] [receive] via NET/Socket/0
MOC-R4PCC04U05:97920:98675 [3] NCCL INFO Channel 03/0 : 7[3] -> 3[3] [receive] via NET/Socket/0
MOC-R4PCC04U05:97920:98675 [3] NCCL INFO Channel 00/0 : 3[3] -> 0[0] via P2P/CUMEM
MOC-R4PCC04U05:97920:98675 [3] NCCL INFO Channel 01/0 : 3[3] -> 0[0] via P2P/CUMEM
MOC-R4PCC04U05:97920:98675 [3] NCCL INFO Channel 02/0 : 3[3] -> 0[0] via P2P/CUMEM
MOC-R4PCC04U05:97920:98675 [3] NCCL INFO Channel 03/0 : 3[3] -> 0[0] via P2P/CUMEM
MOC-R4PCC04U05:97918:98674 [1] NCCL INFO Connected all trees
MOC-R4PCC04U05:97919:98672 [2] NCCL INFO Connected all trees
MOC-R4PCC04U05:97917:98673 [0] NCCL INFO Connected all trees
MOC-R4PCC04U05:97920:98675 [3] NCCL INFO Connected all trees
step    1/10 | train loss 11.010080 | norm 15.3561 | lr 1.00e-04 | (15702.57 ms | 267109 tok/s)
step    2/10 | train loss 10.138504 | norm 5.7510 | lr 1.00e-04 | (1457.98 ms | 2876795 tok/s)
step    3/10 | train loss 9.798909 | norm 2.6008 | lr 1.00e-04 | (1436.25 ms | 2920325 tok/s)
step    4/10 | train loss 9.629973 | norm 2.1074 | lr 1.00e-04 | (1435.89 ms | 2921041 tok/s)
step    5/10 | train loss 9.547403 | norm 2.1024 | lr 1.00e-04 | (1436.24 ms | 2920328 tok/s)
step    6/10 | train loss 9.467024 | norm 1.9934 | lr 1.00e-04 | (1428.86 ms | 2935410 tok/s)
step    7/10 | train loss 9.382396 | norm 1.9432 | lr 1.00e-04 | (1424.26 ms | 2944895 tok/s)
step    8/10 | train loss 9.291876 | norm 1.9119 | lr 1.00e-04 | (1416.60 ms | 2960816 tok/s)
step    9/10 | train loss 9.197289 | norm 1.8626 | lr 1.00e-04 | (1428.50 ms | 2936166 tok/s)
step   10/10 | train loss 9.110222 | norm 1.7873 | lr 1.00e-04 | (1450.96 ms | 2890711 tok/s)
final 9 iters avg: 1435.061ms
peak memory consumption: 16601 MiB
MOC-R4PCC04U05:97918:98685 [1] NCCL INFO comm 0x557f47518980 rank 1 nranks 16 cudaDev 1 busId 26000 - Destroy COMPLETE
MOC-R4PCC04U05:97920:98684 [3] NCCL INFO comm 0x56470a8bb900 rank 3 nranks 16 cudaDev 3 busId c6000 - Destroy COMPLETE
MOC-R4PCC04U05:97917:98686 [0] NCCL INFO comm 0x55b999012480 rank 0 nranks 16 cudaDev 0 busId 6000 - Destroy COMPLETE
MOC-R4PCC04U05:97919:98683 [2] NCCL INFO comm 0x55d7d0876670 rank 2 nranks 16 cudaDev 2 busId a6000 - Destroy COMPLETE
