Running pytorch 2.7.0+cu126
using device: cuda:0
total desired batch size: 1572864
=> calculated gradient accumulation steps: 4
using device: cuda:1
using device: cuda:3
using device: cuda:2
compiling the model...
DataLoader: total number of tokens: 1,661,249,667 across 103 files
MOC-R4PCC04U05:43326:43326 [0] NCCL INFO NCCL_SOCKET_IFNAME set by environment to eno7np0
MOC-R4PCC04U05:43326:43326 [0] NCCL INFO Bootstrap: Using eno7np0:192.168.50.193<0>
MOC-R4PCC04U05:43326:43326 [0] NCCL INFO cudaDriverVersion 12040
MOC-R4PCC04U05:43326:43326 [0] NCCL INFO NCCL version 2.26.2+cuda12.2
MOC-R4PCC04U05:43326:43326 [0] NCCL INFO Comm config Blocking set to 1
MOC-R4PCC04U05:43326:43367 [0] NCCL INFO NET/Plugin: Could not find: libnccl-net.so. Using internal net plugin.
MOC-R4PCC04U05:43326:43367 [0] NCCL INFO NCCL_IB_DISABLE set by environment to 1.
MOC-R4PCC04U05:43326:43367 [0] NCCL INFO NCCL_SOCKET_IFNAME set by environment to eno7np0
MOC-R4PCC04U05:43326:43367 [0] NCCL INFO NET/Socket : Using [0]eno7np0:192.168.50.193<0>
MOC-R4PCC04U05:43326:43367 [0] NCCL INFO PROFILER/Plugin: Could not find: libnccl-profiler.so. 
MOC-R4PCC04U05:43326:43367 [0] NCCL INFO Using network Socket
MOC-R4PCC04U05:43328:43328 [2] NCCL INFO cudaDriverVersion 12040
MOC-R4PCC04U05:43328:43328 [2] NCCL INFO NCCL_SOCKET_IFNAME set by environment to eno7np0
MOC-R4PCC04U05:43328:43328 [2] NCCL INFO Bootstrap: Using eno7np0:192.168.50.193<0>
MOC-R4PCC04U05:43328:43328 [2] NCCL INFO NCCL version 2.26.2+cuda12.2
MOC-R4PCC04U05:43328:43328 [2] NCCL INFO Comm config Blocking set to 1
MOC-R4PCC04U05:43326:43367 [0] NCCL INFO ncclCommInitRankConfig comm 0x55ef09c4b340 rank 0 nranks 12 cudaDev 0 nvmlDev 0 busId 6000 commId 0xf0d31b351c77d0ba - Init START
MOC-R4PCC04U05:43329:43329 [3] NCCL INFO cudaDriverVersion 12040
MOC-R4PCC04U05:43329:43329 [3] NCCL INFO NCCL_SOCKET_IFNAME set by environment to eno7np0
MOC-R4PCC04U05:43327:43327 [1] NCCL INFO cudaDriverVersion 12040
MOC-R4PCC04U05:43327:43327 [1] NCCL INFO NCCL_SOCKET_IFNAME set by environment to eno7np0
MOC-R4PCC04U05:43329:43329 [3] NCCL INFO Bootstrap: Using eno7np0:192.168.50.193<0>
MOC-R4PCC04U05:43327:43327 [1] NCCL INFO Bootstrap: Using eno7np0:192.168.50.193<0>
MOC-R4PCC04U05:43329:43329 [3] NCCL INFO NCCL version 2.26.2+cuda12.2
MOC-R4PCC04U05:43327:43327 [1] NCCL INFO NCCL version 2.26.2+cuda12.2
MOC-R4PCC04U05:43327:43327 [1] NCCL INFO Comm config Blocking set to 1
MOC-R4PCC04U05:43329:43329 [3] NCCL INFO Comm config Blocking set to 1
MOC-R4PCC04U05:43328:43368 [2] NCCL INFO NET/Plugin: Could not find: libnccl-net.so. Using internal net plugin.
MOC-R4PCC04U05:43328:43368 [2] NCCL INFO NCCL_IB_DISABLE set by environment to 1.
MOC-R4PCC04U05:43328:43368 [2] NCCL INFO NCCL_SOCKET_IFNAME set by environment to eno7np0
MOC-R4PCC04U05:43328:43368 [2] NCCL INFO NET/Socket : Using [0]eno7np0:192.168.50.193<0>
MOC-R4PCC04U05:43328:43368 [2] NCCL INFO PROFILER/Plugin: Could not find: libnccl-profiler.so. 
MOC-R4PCC04U05:43328:43368 [2] NCCL INFO Using network Socket
MOC-R4PCC04U05:43328:43368 [2] NCCL INFO ncclCommInitRankConfig comm 0x5617a648dac0 rank 2 nranks 12 cudaDev 2 nvmlDev 2 busId a6000 commId 0xf0d31b351c77d0ba - Init START
MOC-R4PCC04U05:43329:43369 [3] NCCL INFO NET/Plugin: Could not find: libnccl-net.so. Using internal net plugin.
MOC-R4PCC04U05:43329:43369 [3] NCCL INFO NCCL_IB_DISABLE set by environment to 1.
MOC-R4PCC04U05:43329:43369 [3] NCCL INFO NCCL_SOCKET_IFNAME set by environment to eno7np0
MOC-R4PCC04U05:43329:43369 [3] NCCL INFO NET/Socket : Using [0]eno7np0:192.168.50.193<0>
MOC-R4PCC04U05:43329:43369 [3] NCCL INFO PROFILER/Plugin: Could not find: libnccl-profiler.so. 
MOC-R4PCC04U05:43329:43369 [3] NCCL INFO Using network Socket
MOC-R4PCC04U05:43327:43370 [1] NCCL INFO NET/Plugin: Could not find: libnccl-net.so. Using internal net plugin.
MOC-R4PCC04U05:43327:43370 [1] NCCL INFO NCCL_IB_DISABLE set by environment to 1.
MOC-R4PCC04U05:43327:43370 [1] NCCL INFO NCCL_SOCKET_IFNAME set by environment to eno7np0
MOC-R4PCC04U05:43327:43370 [1] NCCL INFO NET/Socket : Using [0]eno7np0:192.168.50.193<0>
MOC-R4PCC04U05:43327:43370 [1] NCCL INFO PROFILER/Plugin: Could not find: libnccl-profiler.so. 
MOC-R4PCC04U05:43327:43370 [1] NCCL INFO Using network Socket
MOC-R4PCC04U05:43327:43370 [1] NCCL INFO ncclCommInitRankConfig comm 0x56095d9f62d0 rank 1 nranks 12 cudaDev 1 nvmlDev 1 busId 26000 commId 0xf0d31b351c77d0ba - Init START
MOC-R4PCC04U05:43329:43369 [3] NCCL INFO ncclCommInitRankConfig comm 0x563e78d09de0 rank 3 nranks 12 cudaDev 3 nvmlDev 3 busId c6000 commId 0xf0d31b351c77d0ba - Init START
MOC-R4PCC04U05:43329:43369 [3] NCCL INFO RAS client listening socket at ::1<28028>
MOC-R4PCC04U05:43327:43370 [1] NCCL INFO RAS client listening socket at ::1<28028>
MOC-R4PCC04U05:43326:43367 [0] NCCL INFO RAS client listening socket at ::1<28028>
MOC-R4PCC04U05:43328:43368 [2] NCCL INFO RAS client listening socket at ::1<28028>
MOC-R4PCC04U05:43329:43369 [3] NCCL INFO Bootstrap timings total 0.149721 (create 0.000129, send 0.000264, recv 0.000454, ring 0.146654, delay 0.000000)
MOC-R4PCC04U05:43327:43370 [1] NCCL INFO Bootstrap timings total 0.149730 (create 0.000137, send 0.000264, recv 0.000721, ring 0.146652, delay 0.000000)
MOC-R4PCC04U05:43326:43367 [0] NCCL INFO Bootstrap timings total 2.105739 (create 0.000144, send 0.000420, recv 1.957067, ring 0.146532, delay 0.000001)
MOC-R4PCC04U05:43328:43368 [2] NCCL INFO Bootstrap timings total 1.321830 (create 0.000142, send 0.000257, recv 1.173411, ring 0.146312, delay 0.000001)
MOC-R4PCC04U05:43329:43369 [3] NCCL INFO Setting affinity for GPU 3 to ffffffff,ffffffff,ffffffff,ffffffff,00000000,00000000,00000000,00000000,ffffffff,ffffffff,ffffffff,ffffffff,00000000,00000000,00000000,00000000
MOC-R4PCC04U05:43329:43369 [3] NCCL INFO NVLS multicast support is not available on dev 3
MOC-R4PCC04U05:43326:43367 [0] NCCL INFO Setting affinity for GPU 0 to ffffffff,ffffffff,ffffffff,ffffffff,00000000,00000000,00000000,00000000,ffffffff,ffffffff,ffffffff,ffffffff
MOC-R4PCC04U05:43326:43367 [0] NCCL INFO NVLS multicast support is not available on dev 0
MOC-R4PCC04U05:43328:43368 [2] NCCL INFO Setting affinity for GPU 2 to ffffffff,ffffffff,ffffffff,ffffffff,00000000,00000000,00000000,00000000,ffffffff,ffffffff,ffffffff,ffffffff,00000000,00000000,00000000,00000000
MOC-R4PCC04U05:43328:43368 [2] NCCL INFO NVLS multicast support is not available on dev 2
MOC-R4PCC04U05:43327:43370 [1] NCCL INFO Setting affinity for GPU 1 to ffffffff,ffffffff,ffffffff,ffffffff,00000000,00000000,00000000,00000000,ffffffff,ffffffff,ffffffff,ffffffff
MOC-R4PCC04U05:43327:43370 [1] NCCL INFO NVLS multicast support is not available on dev 1
MOC-R4PCC04U05:43327:43370 [1] NCCL INFO comm 0x56095d9f62d0 rank 1 nRanks 12 nNodes 3 localRanks 4 localRank 1 MNNVL 0
MOC-R4PCC04U05:43329:43369 [3] NCCL INFO comm 0x563e78d09de0 rank 3 nRanks 12 nNodes 3 localRanks 4 localRank 3 MNNVL 0
MOC-R4PCC04U05:43328:43368 [2] NCCL INFO comm 0x5617a648dac0 rank 2 nRanks 12 nNodes 3 localRanks 4 localRank 2 MNNVL 0
MOC-R4PCC04U05:43326:43367 [0] NCCL INFO comm 0x55ef09c4b340 rank 0 nRanks 12 nNodes 3 localRanks 4 localRank 0 MNNVL 0
MOC-R4PCC04U05:43329:43369 [3] NCCL INFO Trees [0] 0/11/-1->3->-1 [1] 0/11/-1->3->-1 [2] 0/11/-1->3->7 [3] 0/11/-1->3->7
MOC-R4PCC04U05:43329:43369 [3] NCCL INFO P2P Chunksize set to 131072
MOC-R4PCC04U05:43327:43370 [1] NCCL INFO Trees [0] 2/-1/-1->1->0 [1] 2/-1/-1->1->0 [2] 2/-1/-1->1->0 [3] 2/-1/-1->1->0
MOC-R4PCC04U05:43327:43370 [1] NCCL INFO P2P Chunksize set to 131072
MOC-R4PCC04U05:43328:43368 [2] NCCL INFO Trees [0] -1/-1/-1->2->1 [1] -1/-1/-1->2->1 [2] -1/-1/-1->2->1 [3] -1/-1/-1->2->1
MOC-R4PCC04U05:43328:43368 [2] NCCL INFO P2P Chunksize set to 131072
MOC-R4PCC04U05:43326:43367 [0] NCCL INFO Channel 00/04 :  0  3  6  5  4  7 10  9  8 11  2  1
MOC-R4PCC04U05:43326:43367 [0] NCCL INFO Channel 01/04 :  0  2  7  5  4  6 11  9  8 10  3  1
MOC-R4PCC04U05:43326:43367 [0] NCCL INFO Channel 02/04 :  0  3  6  5  4  7 10  9  8 11  2  1
MOC-R4PCC04U05:43326:43367 [0] NCCL INFO Channel 03/04 :  0  2  7  5  4  6 11  9  8 10  3  1
MOC-R4PCC04U05:43326:43367 [0] NCCL INFO Trees [0] 1/-1/-1->0->3 [1] 1/-1/-1->0->3 [2] 1/-1/-1->0->3 [3] 1/-1/-1->0->3
MOC-R4PCC04U05:43326:43367 [0] NCCL INFO P2P Chunksize set to 131072
MOC-R4PCC04U05:43326:43367 [0] NCCL INFO Check P2P Type intraNodeP2pSupport 1 directMode 0
MOC-R4PCC04U05:43326:43380 [0] NCCL INFO [Proxy Service] Device 0 CPU core 23
MOC-R4PCC04U05:43327:43378 [1] NCCL INFO [Proxy Service] Device 1 CPU core 9
MOC-R4PCC04U05:43327:43381 [1] NCCL INFO [Proxy Service UDS] Device 1 CPU core 279
MOC-R4PCC04U05:43329:43379 [3] NCCL INFO [Proxy Service] Device 3 CPU core 459
MOC-R4PCC04U05:43328:43382 [2] NCCL INFO [Proxy Service] Device 2 CPU core 215
MOC-R4PCC04U05:43326:43384 [0] NCCL INFO [Proxy Service UDS] Device 0 CPU core 287
MOC-R4PCC04U05:43328:43385 [2] NCCL INFO [Proxy Service UDS] Device 2 CPU core 231
MOC-R4PCC04U05:43329:43383 [3] NCCL INFO [Proxy Service UDS] Device 3 CPU core 223
MOC-R4PCC04U05:43328:43368 [2] NCCL INFO threadThresholds 8/8/64 | 96/8/64 | 512 | 512
MOC-R4PCC04U05:43328:43368 [2] NCCL INFO 4 coll channels, 4 collnet channels, 0 nvls channels, 4 p2p channels, 1 p2p channels per peer
MOC-R4PCC04U05:43327:43370 [1] NCCL INFO threadThresholds 8/8/64 | 96/8/64 | 512 | 512
MOC-R4PCC04U05:43327:43370 [1] NCCL INFO 4 coll channels, 4 collnet channels, 0 nvls channels, 4 p2p channels, 1 p2p channels per peer
MOC-R4PCC04U05:43326:43367 [0] NCCL INFO threadThresholds 8/8/64 | 96/8/64 | 512 | 512
MOC-R4PCC04U05:43326:43367 [0] NCCL INFO 4 coll channels, 4 collnet channels, 0 nvls channels, 4 p2p channels, 1 p2p channels per peer
MOC-R4PCC04U05:43329:43369 [3] NCCL INFO threadThresholds 8/8/64 | 96/8/64 | 512 | 512
MOC-R4PCC04U05:43329:43369 [3] NCCL INFO 4 coll channels, 4 collnet channels, 0 nvls channels, 4 p2p channels, 1 p2p channels per peer
MOC-R4PCC04U05:43326:43367 [0] NCCL INFO CC Off, workFifoBytes 1048576
MOC-R4PCC04U05:43329:43369 [3] NCCL INFO TUNER/Plugin: Could not find: libnccl-tuner.so. Using internal tuner plugin.
MOC-R4PCC04U05:43329:43369 [3] NCCL INFO ncclCommInitRankConfig comm 0x563e78d09de0 rank 3 nranks 12 cudaDev 3 nvmlDev 3 busId c6000 commId 0xf0d31b351c77d0ba - Init COMPLETE
MOC-R4PCC04U05:43329:43369 [3] NCCL INFO Init timings - ncclCommInitRankConfig: rank 3 nranks 12 total 3.18 (kernels 0.83, alloc 1.12, bootstrap 0.15, allgathers 0.14, topo 0.75, graphs 0.00, connections 0.19, rest 0.00)
MOC-R4PCC04U05:43327:43370 [1] NCCL INFO TUNER/Plugin: Could not find: libnccl-tuner.so. Using internal tuner plugin.
MOC-R4PCC04U05:43327:43370 [1] NCCL INFO ncclCommInitRankConfig comm 0x56095d9f62d0 rank 1 nranks 12 cudaDev 1 nvmlDev 1 busId 26000 commId 0xf0d31b351c77d0ba - Init COMPLETE
MOC-R4PCC04U05:43327:43370 [1] NCCL INFO Init timings - ncclCommInitRankConfig: rank 1 nranks 12 total 3.17 (kernels 0.84, alloc 1.11, bootstrap 0.15, allgathers 0.13, topo 0.75, graphs 0.00, connections 0.18, rest 0.01)
MOC-R4PCC04U05:43326:43367 [0] NCCL INFO TUNER/Plugin: Could not find: libnccl-tuner.so. Using internal tuner plugin.
MOC-R4PCC04U05:43326:43367 [0] NCCL INFO ncclCommInitRankConfig comm 0x55ef09c4b340 rank 0 nranks 12 cudaDev 0 nvmlDev 0 busId 6000 commId 0xf0d31b351c77d0ba - Init COMPLETE
MOC-R4PCC04U05:43326:43367 [0] NCCL INFO Init timings - ncclCommInitRankConfig: rank 0 nranks 12 total 4.08 (kernels 0.32, alloc 0.58, bootstrap 2.11, allgathers 0.13, topo 0.75, graphs 0.00, connections 0.19, rest 0.00)
MOC-R4PCC04U05:43328:43368 [2] NCCL INFO TUNER/Plugin: Could not find: libnccl-tuner.so. Using internal tuner plugin.
MOC-R4PCC04U05:43328:43368 [2] NCCL INFO ncclCommInitRankConfig comm 0x5617a648dac0 rank 2 nranks 12 cudaDev 2 nvmlDev 2 busId a6000 commId 0xf0d31b351c77d0ba - Init COMPLETE
MOC-R4PCC04U05:43328:43368 [2] NCCL INFO Init timings - ncclCommInitRankConfig: rank 2 nranks 12 total 3.38 (kernels 0.42, alloc 0.56, bootstrap 1.32, allgathers 0.13, topo 0.75, graphs 0.00, connections 0.18, rest 0.01)
MOC-R4PCC04U05:43326:43388 [0] NCCL INFO Channel 01/0 : 0[0] -> 2[2] via P2P/CUMEM
MOC-R4PCC04U05:43326:43388 [0] NCCL INFO Channel 03/0 : 0[0] -> 2[2] via P2P/CUMEM
MOC-R4PCC04U05:43326:43388 [0] NCCL INFO Channel 00/0 : 0[0] -> 3[3] via P2P/CUMEM
MOC-R4PCC04U05:43326:43388 [0] NCCL INFO Channel 02/0 : 0[0] -> 3[3] via P2P/CUMEM
MOC-R4PCC04U05:43328:43391 [2] NCCL INFO [Proxy Progress] Device 2 CPU core 178
MOC-R4PCC04U05:43328:43387 [2] NCCL INFO Channel 00/0 : 11[3] -> 2[2] [receive] via NET/Socket/0
MOC-R4PCC04U05:43328:43387 [2] NCCL INFO Channel 02/0 : 11[3] -> 2[2] [receive] via NET/Socket/0
MOC-R4PCC04U05:43328:43387 [2] NCCL INFO Channel 01/0 : 2[2] -> 7[3] [send] via NET/Socket/0
MOC-R4PCC04U05:43328:43387 [2] NCCL INFO Channel 03/0 : 2[2] -> 7[3] [send] via NET/Socket/0
MOC-R4PCC04U05:43329:43392 [3] NCCL INFO [Proxy Progress] Device 3 CPU core 199
MOC-R4PCC04U05:43329:43390 [3] NCCL INFO Channel 00/0 : 3[3] -> 6[2] [send] via NET/Socket/0
MOC-R4PCC04U05:43329:43390 [3] NCCL INFO Channel 02/0 : 3[3] -> 6[2] [send] via NET/Socket/0
MOC-R4PCC04U05:43329:43390 [3] NCCL INFO Channel 01/0 : 10[2] -> 3[3] [receive] via NET/Socket/0
MOC-R4PCC04U05:43329:43390 [3] NCCL INFO Channel 03/0 : 10[2] -> 3[3] [receive] via NET/Socket/0
MOC-R4PCC04U05:43329:43390 [3] NCCL INFO Channel 01/0 : 3[3] -> 1[1] via P2P/CUMEM
MOC-R4PCC04U05:43328:43387 [2] NCCL INFO Channel 00/0 : 2[2] -> 1[1] via P2P/CUMEM
MOC-R4PCC04U05:43329:43390 [3] NCCL INFO Channel 03/0 : 3[3] -> 1[1] via P2P/CUMEM
MOC-R4PCC04U05:43328:43387 [2] NCCL INFO Channel 02/0 : 2[2] -> 1[1] via P2P/CUMEM
MOC-R4PCC04U05:43327:43389 [1] NCCL INFO Channel 00/0 : 1[1] -> 0[0] via P2P/CUMEM
MOC-R4PCC04U05:43327:43389 [1] NCCL INFO Channel 01/0 : 1[1] -> 0[0] via P2P/CUMEM
MOC-R4PCC04U05:43327:43389 [1] NCCL INFO Channel 02/0 : 1[1] -> 0[0] via P2P/CUMEM
MOC-R4PCC04U05:43327:43389 [1] NCCL INFO Channel 03/0 : 1[1] -> 0[0] via P2P/CUMEM
MOC-R4PCC04U05:43329:43390 [3] NCCL INFO Connected all rings, use ring PXN 0 GDR 0
MOC-R4PCC04U05:43327:43389 [1] NCCL INFO Connected all rings, use ring PXN 0 GDR 0
MOC-R4PCC04U05:43328:43387 [2] NCCL INFO Connected all rings, use ring PXN 0 GDR 0
MOC-R4PCC04U05:43326:43388 [0] NCCL INFO Connected all rings, use ring PXN 0 GDR 0
num decayed parameter tensors: 50, with 124,318,464 parameters
num non-decayed parameter tensors: 98, with 121,344 parameters
using fused AdamW: False
using regular AdamW
MOC-R4PCC04U05:43326:44082 [0] NCCL INFO Channel 00/0 : 0[0] -> 1[1] via P2P/CUMEM
MOC-R4PCC04U05:43326:44082 [0] NCCL INFO Channel 01/0 : 0[0] -> 1[1] via P2P/CUMEM
MOC-R4PCC04U05:43326:44082 [0] NCCL INFO Channel 02/0 : 0[0] -> 1[1] via P2P/CUMEM
MOC-R4PCC04U05:43326:44082 [0] NCCL INFO Channel 03/0 : 0[0] -> 1[1] via P2P/CUMEM
MOC-R4PCC04U05:43327:44084 [1] NCCL INFO Channel 00/0 : 1[1] -> 2[2] via P2P/CUMEM
MOC-R4PCC04U05:43327:44084 [1] NCCL INFO Channel 01/0 : 1[1] -> 2[2] via P2P/CUMEM
MOC-R4PCC04U05:43327:44084 [1] NCCL INFO Channel 02/0 : 1[1] -> 2[2] via P2P/CUMEM
MOC-R4PCC04U05:43327:44084 [1] NCCL INFO Channel 03/0 : 1[1] -> 2[2] via P2P/CUMEM
MOC-R4PCC04U05:43326:44082 [0] NCCL INFO Channel 01/0 : 0[0] -> 3[3] via P2P/CUMEM
MOC-R4PCC04U05:43328:44081 [2] NCCL INFO Channel 01/0 : 2[2] -> 1[1] via P2P/CUMEM
MOC-R4PCC04U05:43326:44082 [0] NCCL INFO Channel 03/0 : 0[0] -> 3[3] via P2P/CUMEM
MOC-R4PCC04U05:43328:44081 [2] NCCL INFO Channel 03/0 : 2[2] -> 1[1] via P2P/CUMEM
MOC-R4PCC04U05:43329:44083 [3] NCCL INFO Channel 00/0 : 11[3] -> 3[3] [receive] via NET/Socket/0
MOC-R4PCC04U05:43329:44083 [3] NCCL INFO Channel 01/0 : 11[3] -> 3[3] [receive] via NET/Socket/0
MOC-R4PCC04U05:43329:44083 [3] NCCL INFO Channel 02/0 : 11[3] -> 3[3] [receive] via NET/Socket/0
MOC-R4PCC04U05:43329:44083 [3] NCCL INFO Channel 03/0 : 11[3] -> 3[3] [receive] via NET/Socket/0
MOC-R4PCC04U05:43329:44083 [3] NCCL INFO Channel 02/0 : 3[3] -> 7[3] [send] via NET/Socket/0
MOC-R4PCC04U05:43329:44083 [3] NCCL INFO Channel 03/0 : 3[3] -> 7[3] [send] via NET/Socket/0
MOC-R4PCC04U05:43329:44083 [3] NCCL INFO Channel 02/0 : 7[3] -> 3[3] [receive] via NET/Socket/0
MOC-R4PCC04U05:43329:44083 [3] NCCL INFO Channel 03/0 : 7[3] -> 3[3] [receive] via NET/Socket/0
MOC-R4PCC04U05:43329:44083 [3] NCCL INFO Channel 00/0 : 3[3] -> 11[3] [send] via NET/Socket/0
MOC-R4PCC04U05:43329:44083 [3] NCCL INFO Channel 01/0 : 3[3] -> 11[3] [send] via NET/Socket/0
MOC-R4PCC04U05:43329:44083 [3] NCCL INFO Channel 02/0 : 3[3] -> 11[3] [send] via NET/Socket/0
MOC-R4PCC04U05:43329:44083 [3] NCCL INFO Channel 03/0 : 3[3] -> 11[3] [send] via NET/Socket/0
MOC-R4PCC04U05:43329:44083 [3] NCCL INFO Channel 00/0 : 3[3] -> 0[0] via P2P/CUMEM
MOC-R4PCC04U05:43329:44083 [3] NCCL INFO Channel 01/0 : 3[3] -> 0[0] via P2P/CUMEM
MOC-R4PCC04U05:43329:44083 [3] NCCL INFO Channel 02/0 : 3[3] -> 0[0] via P2P/CUMEM
MOC-R4PCC04U05:43329:44083 [3] NCCL INFO Channel 03/0 : 3[3] -> 0[0] via P2P/CUMEM
MOC-R4PCC04U05:43327:44084 [1] NCCL INFO Connected all trees
MOC-R4PCC04U05:43328:44081 [2] NCCL INFO Connected all trees
MOC-R4PCC04U05:43329:44083 [3] NCCL INFO Connected all trees
MOC-R4PCC04U05:43326:44082 [0] NCCL INFO Connected all trees
step    1/10 | train loss 11.010138 | norm 15.3935 | lr 1.00e-04 | (15612.66 ms | 100743 tok/s)
step    2/10 | train loss 10.136944 | norm 5.7599 | lr 1.00e-04 | (1023.35 ms | 1536972 tok/s)
step    3/10 | train loss 9.795641 | norm 2.6109 | lr 1.00e-04 | (1032.75 ms | 1522991 tok/s)
step    4/10 | train loss 9.625729 | norm 2.1127 | lr 1.00e-04 | (1015.25 ms | 1549237 tok/s)
step    5/10 | train loss 9.542712 | norm 2.1073 | lr 1.00e-04 | (1022.66 ms | 1538014 tok/s)
step    6/10 | train loss 9.461391 | norm 1.9981 | lr 1.00e-04 | (1028.65 ms | 1529055 tok/s)
step    7/10 | train loss 9.375807 | norm 1.9481 | lr 1.00e-04 | (1030.96 ms | 1525632 tok/s)
step    8/10 | train loss 9.284139 | norm 1.9149 | lr 1.00e-04 | (1041.40 ms | 1510334 tok/s)
step    9/10 | train loss 9.188796 | norm 1.8598 | lr 1.00e-04 | (1033.42 ms | 1521992 tok/s)
step   10/10 | train loss 9.103305 | norm 1.7929 | lr 1.00e-04 | (1037.76 ms | 1515640 tok/s)
final 9 iters avg: 1029.578ms
peak memory consumption: 16601 MiB
MOC-R4PCC04U05:43327:44095 [1] NCCL INFO comm 0x56095d9f62d0 rank 1 nranks 12 cudaDev 1 busId 26000 - Destroy COMPLETE
MOC-R4PCC04U05:43328:44093 [2] NCCL INFO comm 0x5617a648dac0 rank 2 nranks 12 cudaDev 2 busId a6000 - Destroy COMPLETE
MOC-R4PCC04U05:43329:44092 [3] NCCL INFO comm 0x563e78d09de0 rank 3 nranks 12 cudaDev 3 busId c6000 - Destroy COMPLETE
MOC-R4PCC04U05:43326:44094 [0] NCCL INFO comm 0x55ef09c4b340 rank 0 nranks 12 cudaDev 0 busId 6000 - Destroy COMPLETE
