Running pytorch 2.7.0+cu126
using device: cuda:0
total desired batch size: 786432
=> calculated gradient accumulation steps: 2
using device: cuda:3
using device: cuda:1
using device: cuda:2
compiling the model...
DataLoader: total number of tokens: 1,661,249,667 across 103 files
MOC-R4PCC04U05:41641:41641 [0] NCCL INFO NCCL_SOCKET_IFNAME set by environment to eno7np0
MOC-R4PCC04U05:41641:41641 [0] NCCL INFO Bootstrap: Using eno7np0:192.168.50.193<0>
MOC-R4PCC04U05:41641:41641 [0] NCCL INFO cudaDriverVersion 12040
MOC-R4PCC04U05:41641:41641 [0] NCCL INFO NCCL version 2.26.2+cuda12.2
MOC-R4PCC04U05:41641:41641 [0] NCCL INFO Comm config Blocking set to 1
MOC-R4PCC04U05:41641:41683 [0] NCCL INFO NET/Plugin: Could not find: libnccl-net.so. Using internal net plugin.
MOC-R4PCC04U05:41641:41683 [0] NCCL INFO NCCL_IB_DISABLE set by environment to 1.
MOC-R4PCC04U05:41641:41683 [0] NCCL INFO NCCL_SOCKET_IFNAME set by environment to eno7np0
MOC-R4PCC04U05:41641:41683 [0] NCCL INFO NET/Socket : Using [0]eno7np0:192.168.50.193<0>
MOC-R4PCC04U05:41641:41683 [0] NCCL INFO PROFILER/Plugin: Could not find: libnccl-profiler.so. 
MOC-R4PCC04U05:41641:41683 [0] NCCL INFO Using network Socket
MOC-R4PCC04U05:41641:41683 [0] NCCL INFO ncclCommInitRankConfig comm 0x556c55989d80 rank 0 nranks 12 cudaDev 0 nvmlDev 0 busId 6000 commId 0x6e8190370dfa319e - Init START
MOC-R4PCC04U05:41643:41643 [2] NCCL INFO cudaDriverVersion 12040
MOC-R4PCC04U05:41643:41643 [2] NCCL INFO NCCL_SOCKET_IFNAME set by environment to eno7np0
MOC-R4PCC04U05:41644:41644 [3] NCCL INFO cudaDriverVersion 12040
MOC-R4PCC04U05:41644:41644 [3] NCCL INFO NCCL_SOCKET_IFNAME set by environment to eno7np0
MOC-R4PCC04U05:41643:41643 [2] NCCL INFO Bootstrap: Using eno7np0:192.168.50.193<0>
MOC-R4PCC04U05:41644:41644 [3] NCCL INFO Bootstrap: Using eno7np0:192.168.50.193<0>
MOC-R4PCC04U05:41643:41643 [2] NCCL INFO NCCL version 2.26.2+cuda12.2
MOC-R4PCC04U05:41644:41644 [3] NCCL INFO NCCL version 2.26.2+cuda12.2
MOC-R4PCC04U05:41643:41643 [2] NCCL INFO Comm config Blocking set to 1
MOC-R4PCC04U05:41644:41644 [3] NCCL INFO Comm config Blocking set to 1
MOC-R4PCC04U05:41642:41642 [1] NCCL INFO cudaDriverVersion 12040
MOC-R4PCC04U05:41642:41642 [1] NCCL INFO NCCL_SOCKET_IFNAME set by environment to eno7np0
MOC-R4PCC04U05:41642:41642 [1] NCCL INFO Bootstrap: Using eno7np0:192.168.50.193<0>
MOC-R4PCC04U05:41642:41642 [1] NCCL INFO NCCL version 2.26.2+cuda12.2
MOC-R4PCC04U05:41642:41642 [1] NCCL INFO Comm config Blocking set to 1
MOC-R4PCC04U05:41642:41686 [1] NCCL INFO NET/Plugin: Could not find: libnccl-net.so. Using internal net plugin.
MOC-R4PCC04U05:41642:41686 [1] NCCL INFO NCCL_IB_DISABLE set by environment to 1.
MOC-R4PCC04U05:41642:41686 [1] NCCL INFO NCCL_SOCKET_IFNAME set by environment to eno7np0
MOC-R4PCC04U05:41642:41686 [1] NCCL INFO NET/Socket : Using [0]eno7np0:192.168.50.193<0>
MOC-R4PCC04U05:41642:41686 [1] NCCL INFO PROFILER/Plugin: Could not find: libnccl-profiler.so. 
MOC-R4PCC04U05:41642:41686 [1] NCCL INFO Using network Socket
MOC-R4PCC04U05:41644:41684 [3] NCCL INFO NET/Plugin: Could not find: libnccl-net.so. Using internal net plugin.
MOC-R4PCC04U05:41644:41684 [3] NCCL INFO NCCL_IB_DISABLE set by environment to 1.
MOC-R4PCC04U05:41644:41684 [3] NCCL INFO NCCL_SOCKET_IFNAME set by environment to eno7np0
MOC-R4PCC04U05:41643:41685 [2] NCCL INFO NET/Plugin: Could not find: libnccl-net.so. Using internal net plugin.
MOC-R4PCC04U05:41643:41685 [2] NCCL INFO NCCL_IB_DISABLE set by environment to 1.
MOC-R4PCC04U05:41643:41685 [2] NCCL INFO NCCL_SOCKET_IFNAME set by environment to eno7np0
MOC-R4PCC04U05:41644:41684 [3] NCCL INFO NET/Socket : Using [0]eno7np0:192.168.50.193<0>
MOC-R4PCC04U05:41643:41685 [2] NCCL INFO NET/Socket : Using [0]eno7np0:192.168.50.193<0>
MOC-R4PCC04U05:41644:41684 [3] NCCL INFO PROFILER/Plugin: Could not find: libnccl-profiler.so. 
MOC-R4PCC04U05:41644:41684 [3] NCCL INFO Using network Socket
MOC-R4PCC04U05:41643:41685 [2] NCCL INFO PROFILER/Plugin: Could not find: libnccl-profiler.so. 
MOC-R4PCC04U05:41643:41685 [2] NCCL INFO Using network Socket
MOC-R4PCC04U05:41642:41686 [1] NCCL INFO ncclCommInitRankConfig comm 0x55e501cba2a0 rank 1 nranks 12 cudaDev 1 nvmlDev 1 busId 26000 commId 0x6e8190370dfa319e - Init START
MOC-R4PCC04U05:41643:41685 [2] NCCL INFO ncclCommInitRankConfig comm 0x55ed8645c870 rank 2 nranks 12 cudaDev 2 nvmlDev 2 busId a6000 commId 0x6e8190370dfa319e - Init START
MOC-R4PCC04U05:41644:41684 [3] NCCL INFO ncclCommInitRankConfig comm 0x55c4493579a0 rank 3 nranks 12 cudaDev 3 nvmlDev 3 busId c6000 commId 0x6e8190370dfa319e - Init START
MOC-R4PCC04U05:41642:41686 [1] NCCL INFO RAS client listening socket at ::1<28028>
MOC-R4PCC04U05:41643:41685 [2] NCCL INFO RAS client listening socket at ::1<28028>
MOC-R4PCC04U05:41644:41684 [3] NCCL INFO RAS client listening socket at ::1<28028>
MOC-R4PCC04U05:41641:41683 [0] NCCL INFO RAS client listening socket at ::1<28028>
MOC-R4PCC04U05:41644:41684 [3] NCCL INFO Bootstrap timings total 0.008020 (create 0.000147, send 0.000253, recv 0.000616, ring 0.005585, delay 0.000001)
MOC-R4PCC04U05:41642:41686 [1] NCCL INFO Bootstrap timings total 0.008254 (create 0.000107, send 0.000209, recv 0.000524, ring 0.006510, delay 0.000000)
MOC-R4PCC04U05:41643:41685 [2] NCCL INFO Bootstrap timings total 0.008130 (create 0.000142, send 0.000206, recv 0.000604, ring 0.005938, delay 0.000000)
MOC-R4PCC04U05:41641:41683 [0] NCCL INFO Bootstrap timings total 2.034289 (create 0.000119, send 0.000362, recv 2.026241, ring 0.000657, delay 0.000001)
MOC-R4PCC04U05:41641:41683 [0] NCCL INFO Setting affinity for GPU 0 to ffffffff,ffffffff,ffffffff,ffffffff,00000000,00000000,00000000,00000000,ffffffff,ffffffff,ffffffff,ffffffff
MOC-R4PCC04U05:41641:41683 [0] NCCL INFO NVLS multicast support is not available on dev 0
MOC-R4PCC04U05:41644:41684 [3] NCCL INFO Setting affinity for GPU 3 to ffffffff,ffffffff,ffffffff,ffffffff,00000000,00000000,00000000,00000000,ffffffff,ffffffff,ffffffff,ffffffff,00000000,00000000,00000000,00000000
MOC-R4PCC04U05:41644:41684 [3] NCCL INFO NVLS multicast support is not available on dev 3
MOC-R4PCC04U05:41642:41686 [1] NCCL INFO Setting affinity for GPU 1 to ffffffff,ffffffff,ffffffff,ffffffff,00000000,00000000,00000000,00000000,ffffffff,ffffffff,ffffffff,ffffffff
MOC-R4PCC04U05:41642:41686 [1] NCCL INFO NVLS multicast support is not available on dev 1
MOC-R4PCC04U05:41643:41685 [2] NCCL INFO Setting affinity for GPU 2 to ffffffff,ffffffff,ffffffff,ffffffff,00000000,00000000,00000000,00000000,ffffffff,ffffffff,ffffffff,ffffffff,00000000,00000000,00000000,00000000
MOC-R4PCC04U05:41643:41685 [2] NCCL INFO NVLS multicast support is not available on dev 2
MOC-R4PCC04U05:41644:41684 [3] NCCL INFO comm 0x55c4493579a0 rank 3 nRanks 12 nNodes 3 localRanks 4 localRank 3 MNNVL 0
MOC-R4PCC04U05:41643:41685 [2] NCCL INFO comm 0x55ed8645c870 rank 2 nRanks 12 nNodes 3 localRanks 4 localRank 2 MNNVL 0
MOC-R4PCC04U05:41642:41686 [1] NCCL INFO comm 0x55e501cba2a0 rank 1 nRanks 12 nNodes 3 localRanks 4 localRank 1 MNNVL 0
MOC-R4PCC04U05:41644:41684 [3] NCCL INFO Trees [0] 0/11/-1->3->-1 [1] 0/11/-1->3->-1 [2] 0/11/-1->3->7 [3] 0/11/-1->3->7
MOC-R4PCC04U05:41644:41684 [3] NCCL INFO P2P Chunksize set to 131072
MOC-R4PCC04U05:41643:41685 [2] NCCL INFO Trees [0] -1/-1/-1->2->1 [1] -1/-1/-1->2->1 [2] -1/-1/-1->2->1 [3] -1/-1/-1->2->1
MOC-R4PCC04U05:41641:41683 [0] NCCL INFO comm 0x556c55989d80 rank 0 nRanks 12 nNodes 3 localRanks 4 localRank 0 MNNVL 0
MOC-R4PCC04U05:41642:41686 [1] NCCL INFO Trees [0] 2/-1/-1->1->0 [1] 2/-1/-1->1->0 [2] 2/-1/-1->1->0 [3] 2/-1/-1->1->0
MOC-R4PCC04U05:41643:41685 [2] NCCL INFO P2P Chunksize set to 131072
MOC-R4PCC04U05:41642:41686 [1] NCCL INFO P2P Chunksize set to 131072
MOC-R4PCC04U05:41641:41683 [0] NCCL INFO Channel 00/04 :  0  3  6  5  4  7 10  9  8 11  2  1
MOC-R4PCC04U05:41641:41683 [0] NCCL INFO Channel 01/04 :  0  2  7  5  4  6 11  9  8 10  3  1
MOC-R4PCC04U05:41641:41683 [0] NCCL INFO Channel 02/04 :  0  3  6  5  4  7 10  9  8 11  2  1
MOC-R4PCC04U05:41641:41683 [0] NCCL INFO Channel 03/04 :  0  2  7  5  4  6 11  9  8 10  3  1
MOC-R4PCC04U05:41641:41683 [0] NCCL INFO Trees [0] 1/-1/-1->0->3 [1] 1/-1/-1->0->3 [2] 1/-1/-1->0->3 [3] 1/-1/-1->0->3
MOC-R4PCC04U05:41641:41683 [0] NCCL INFO P2P Chunksize set to 131072
MOC-R4PCC04U05:41641:41683 [0] NCCL INFO Check P2P Type intraNodeP2pSupport 1 directMode 0
MOC-R4PCC04U05:41642:41694 [1] NCCL INFO [Proxy Service] Device 1 CPU core 23
MOC-R4PCC04U05:41644:41695 [3] NCCL INFO [Proxy Service] Device 3 CPU core 225
MOC-R4PCC04U05:41643:41696 [2] NCCL INFO [Proxy Service] Device 2 CPU core 129
MOC-R4PCC04U05:41642:41700 [1] NCCL INFO [Proxy Service UDS] Device 1 CPU core 31
MOC-R4PCC04U05:41644:41697 [3] NCCL INFO [Proxy Service UDS] Device 3 CPU core 143
MOC-R4PCC04U05:41643:41698 [2] NCCL INFO [Proxy Service UDS] Device 2 CPU core 153
MOC-R4PCC04U05:41641:41699 [0] NCCL INFO [Proxy Service] Device 0 CPU core 287
MOC-R4PCC04U05:41641:41701 [0] NCCL INFO [Proxy Service UDS] Device 0 CPU core 39
MOC-R4PCC04U05:41644:41684 [3] NCCL INFO threadThresholds 8/8/64 | 96/8/64 | 512 | 512
MOC-R4PCC04U05:41644:41684 [3] NCCL INFO 4 coll channels, 4 collnet channels, 0 nvls channels, 4 p2p channels, 1 p2p channels per peer
MOC-R4PCC04U05:41643:41685 [2] NCCL INFO threadThresholds 8/8/64 | 96/8/64 | 512 | 512
MOC-R4PCC04U05:41643:41685 [2] NCCL INFO 4 coll channels, 4 collnet channels, 0 nvls channels, 4 p2p channels, 1 p2p channels per peer
MOC-R4PCC04U05:41642:41686 [1] NCCL INFO threadThresholds 8/8/64 | 96/8/64 | 512 | 512
MOC-R4PCC04U05:41642:41686 [1] NCCL INFO 4 coll channels, 4 collnet channels, 0 nvls channels, 4 p2p channels, 1 p2p channels per peer
MOC-R4PCC04U05:41641:41683 [0] NCCL INFO threadThresholds 8/8/64 | 96/8/64 | 512 | 512
MOC-R4PCC04U05:41641:41683 [0] NCCL INFO 4 coll channels, 4 collnet channels, 0 nvls channels, 4 p2p channels, 1 p2p channels per peer
MOC-R4PCC04U05:41641:41683 [0] NCCL INFO CC Off, workFifoBytes 1048576
MOC-R4PCC04U05:41642:41686 [1] NCCL INFO TUNER/Plugin: Could not find: libnccl-tuner.so. Using internal tuner plugin.
MOC-R4PCC04U05:41642:41686 [1] NCCL INFO ncclCommInitRankConfig comm 0x55e501cba2a0 rank 1 nranks 12 cudaDev 1 nvmlDev 1 busId 26000 commId 0x6e8190370dfa319e - Init COMPLETE
MOC-R4PCC04U05:41642:41686 [1] NCCL INFO Init timings - ncclCommInitRankConfig: rank 1 nranks 12 total 2.90 (kernels 0.32, alloc 1.69, bootstrap 0.01, allgathers 0.02, topo 0.83, graphs 0.00, connections 0.01, rest 0.01)
MOC-R4PCC04U05:41643:41685 [2] NCCL INFO TUNER/Plugin: Could not find: libnccl-tuner.so. Using internal tuner plugin.
MOC-R4PCC04U05:41643:41685 [2] NCCL INFO ncclCommInitRankConfig comm 0x55ed8645c870 rank 2 nranks 12 cudaDev 2 nvmlDev 2 busId a6000 commId 0x6e8190370dfa319e - Init COMPLETE
MOC-R4PCC04U05:41643:41685 [2] NCCL INFO Init timings - ncclCommInitRankConfig: rank 2 nranks 12 total 2.90 (kernels 0.35, alloc 1.67, bootstrap 0.01, allgathers 0.02, topo 0.84, graphs 0.00, connections 0.01, rest 0.01)
MOC-R4PCC04U05:41644:41684 [3] NCCL INFO TUNER/Plugin: Could not find: libnccl-tuner.so. Using internal tuner plugin.
MOC-R4PCC04U05:41644:41684 [3] NCCL INFO ncclCommInitRankConfig comm 0x55c4493579a0 rank 3 nranks 12 cudaDev 3 nvmlDev 3 busId c6000 commId 0x6e8190370dfa319e - Init COMPLETE
MOC-R4PCC04U05:41644:41684 [3] NCCL INFO Init timings - ncclCommInitRankConfig: rank 3 nranks 12 total 2.90 (kernels 0.35, alloc 1.67, bootstrap 0.01, allgathers 0.02, topo 0.83, graphs 0.00, connections 0.01, rest 0.01)
MOC-R4PCC04U05:41641:41683 [0] NCCL INFO TUNER/Plugin: Could not find: libnccl-tuner.so. Using internal tuner plugin.
MOC-R4PCC04U05:41641:41683 [0] NCCL INFO ncclCommInitRankConfig comm 0x556c55989d80 rank 0 nranks 12 cudaDev 0 nvmlDev 0 busId 6000 commId 0x6e8190370dfa319e - Init COMPLETE
MOC-R4PCC04U05:41641:41683 [0] NCCL INFO Init timings - ncclCommInitRankConfig: rank 0 nranks 12 total 3.82 (kernels 0.32, alloc 0.58, bootstrap 2.03, allgathers 0.02, topo 0.83, graphs 0.01, connections 0.02, rest 0.00)
MOC-R4PCC04U05:41641:41704 [0] NCCL INFO Channel 01/0 : 0[0] -> 2[2] via P2P/CUMEM
MOC-R4PCC04U05:41641:41704 [0] NCCL INFO Channel 03/0 : 0[0] -> 2[2] via P2P/CUMEM
MOC-R4PCC04U05:41641:41704 [0] NCCL INFO Channel 00/0 : 0[0] -> 3[3] via P2P/CUMEM
MOC-R4PCC04U05:41641:41704 [0] NCCL INFO Channel 02/0 : 0[0] -> 3[3] via P2P/CUMEM
MOC-R4PCC04U05:41643:41707 [2] NCCL INFO [Proxy Progress] Device 2 CPU core 191
MOC-R4PCC04U05:41643:41703 [2] NCCL INFO Channel 00/0 : 11[3] -> 2[2] [receive] via NET/Socket/0
MOC-R4PCC04U05:41643:41703 [2] NCCL INFO Channel 02/0 : 11[3] -> 2[2] [receive] via NET/Socket/0
MOC-R4PCC04U05:41643:41703 [2] NCCL INFO Channel 01/0 : 2[2] -> 7[3] [send] via NET/Socket/0
MOC-R4PCC04U05:41643:41703 [2] NCCL INFO Channel 03/0 : 2[2] -> 7[3] [send] via NET/Socket/0
MOC-R4PCC04U05:41644:41708 [3] NCCL INFO [Proxy Progress] Device 3 CPU core 199
MOC-R4PCC04U05:41644:41706 [3] NCCL INFO Channel 00/0 : 3[3] -> 6[2] [send] via NET/Socket/0
MOC-R4PCC04U05:41644:41706 [3] NCCL INFO Channel 02/0 : 3[3] -> 6[2] [send] via NET/Socket/0
MOC-R4PCC04U05:41644:41706 [3] NCCL INFO Channel 01/0 : 10[2] -> 3[3] [receive] via NET/Socket/0
MOC-R4PCC04U05:41644:41706 [3] NCCL INFO Channel 03/0 : 10[2] -> 3[3] [receive] via NET/Socket/0
MOC-R4PCC04U05:41644:41706 [3] NCCL INFO Channel 01/0 : 3[3] -> 1[1] via P2P/CUMEM
MOC-R4PCC04U05:41643:41703 [2] NCCL INFO Channel 00/0 : 2[2] -> 1[1] via P2P/CUMEM
MOC-R4PCC04U05:41644:41706 [3] NCCL INFO Channel 03/0 : 3[3] -> 1[1] via P2P/CUMEM
MOC-R4PCC04U05:41643:41703 [2] NCCL INFO Channel 02/0 : 2[2] -> 1[1] via P2P/CUMEM
MOC-R4PCC04U05:41642:41705 [1] NCCL INFO Channel 00/0 : 1[1] -> 0[0] via P2P/CUMEM
MOC-R4PCC04U05:41642:41705 [1] NCCL INFO Channel 01/0 : 1[1] -> 0[0] via P2P/CUMEM
MOC-R4PCC04U05:41642:41705 [1] NCCL INFO Channel 02/0 : 1[1] -> 0[0] via P2P/CUMEM
MOC-R4PCC04U05:41642:41705 [1] NCCL INFO Channel 03/0 : 1[1] -> 0[0] via P2P/CUMEM
MOC-R4PCC04U05:41642:41705 [1] NCCL INFO Connected all rings, use ring PXN 0 GDR 0
MOC-R4PCC04U05:41644:41706 [3] NCCL INFO Connected all rings, use ring PXN 0 GDR 0
MOC-R4PCC04U05:41643:41703 [2] NCCL INFO Connected all rings, use ring PXN 0 GDR 0
MOC-R4PCC04U05:41641:41704 [0] NCCL INFO Connected all rings, use ring PXN 0 GDR 0
num decayed parameter tensors: 50, with 124,318,464 parameters
num non-decayed parameter tensors: 98, with 121,344 parameters
using fused AdamW: False
using regular AdamW
MOC-R4PCC04U05:41641:42398 [0] NCCL INFO Channel 00/0 : 0[0] -> 1[1] via P2P/CUMEM
MOC-R4PCC04U05:41641:42398 [0] NCCL INFO Channel 01/0 : 0[0] -> 1[1] via P2P/CUMEM
MOC-R4PCC04U05:41641:42398 [0] NCCL INFO Channel 02/0 : 0[0] -> 1[1] via P2P/CUMEM
MOC-R4PCC04U05:41641:42398 [0] NCCL INFO Channel 03/0 : 0[0] -> 1[1] via P2P/CUMEM
MOC-R4PCC04U05:41642:42401 [1] NCCL INFO Channel 00/0 : 1[1] -> 2[2] via P2P/CUMEM
MOC-R4PCC04U05:41642:42401 [1] NCCL INFO Channel 01/0 : 1[1] -> 2[2] via P2P/CUMEM
MOC-R4PCC04U05:41642:42401 [1] NCCL INFO Channel 02/0 : 1[1] -> 2[2] via P2P/CUMEM
MOC-R4PCC04U05:41642:42401 [1] NCCL INFO Channel 03/0 : 1[1] -> 2[2] via P2P/CUMEM
MOC-R4PCC04U05:41641:42398 [0] NCCL INFO Channel 01/0 : 0[0] -> 3[3] via P2P/CUMEM
MOC-R4PCC04U05:41643:42400 [2] NCCL INFO Channel 01/0 : 2[2] -> 1[1] via P2P/CUMEM
MOC-R4PCC04U05:41641:42398 [0] NCCL INFO Channel 03/0 : 0[0] -> 3[3] via P2P/CUMEM
MOC-R4PCC04U05:41643:42400 [2] NCCL INFO Channel 03/0 : 2[2] -> 1[1] via P2P/CUMEM
MOC-R4PCC04U05:41644:42399 [3] NCCL INFO Channel 00/0 : 11[3] -> 3[3] [receive] via NET/Socket/0
MOC-R4PCC04U05:41644:42399 [3] NCCL INFO Channel 01/0 : 11[3] -> 3[3] [receive] via NET/Socket/0
MOC-R4PCC04U05:41644:42399 [3] NCCL INFO Channel 02/0 : 11[3] -> 3[3] [receive] via NET/Socket/0
MOC-R4PCC04U05:41644:42399 [3] NCCL INFO Channel 03/0 : 11[3] -> 3[3] [receive] via NET/Socket/0
MOC-R4PCC04U05:41644:42399 [3] NCCL INFO Channel 02/0 : 3[3] -> 7[3] [send] via NET/Socket/0
MOC-R4PCC04U05:41644:42399 [3] NCCL INFO Channel 03/0 : 3[3] -> 7[3] [send] via NET/Socket/0
MOC-R4PCC04U05:41644:42399 [3] NCCL INFO Channel 02/0 : 7[3] -> 3[3] [receive] via NET/Socket/0
MOC-R4PCC04U05:41644:42399 [3] NCCL INFO Channel 03/0 : 7[3] -> 3[3] [receive] via NET/Socket/0
MOC-R4PCC04U05:41644:42399 [3] NCCL INFO Channel 00/0 : 3[3] -> 11[3] [send] via NET/Socket/0
MOC-R4PCC04U05:41644:42399 [3] NCCL INFO Channel 01/0 : 3[3] -> 11[3] [send] via NET/Socket/0
MOC-R4PCC04U05:41644:42399 [3] NCCL INFO Channel 02/0 : 3[3] -> 11[3] [send] via NET/Socket/0
MOC-R4PCC04U05:41644:42399 [3] NCCL INFO Channel 03/0 : 3[3] -> 11[3] [send] via NET/Socket/0
MOC-R4PCC04U05:41644:42399 [3] NCCL INFO Channel 00/0 : 3[3] -> 0[0] via P2P/CUMEM
MOC-R4PCC04U05:41644:42399 [3] NCCL INFO Channel 01/0 : 3[3] -> 0[0] via P2P/CUMEM
MOC-R4PCC04U05:41644:42399 [3] NCCL INFO Channel 02/0 : 3[3] -> 0[0] via P2P/CUMEM
MOC-R4PCC04U05:41644:42399 [3] NCCL INFO Channel 03/0 : 3[3] -> 0[0] via P2P/CUMEM
MOC-R4PCC04U05:41642:42401 [1] NCCL INFO Connected all trees
MOC-R4PCC04U05:41643:42400 [2] NCCL INFO Connected all trees
MOC-R4PCC04U05:41644:42399 [3] NCCL INFO Connected all trees
MOC-R4PCC04U05:41641:42398 [0] NCCL INFO Connected all trees
step    1/10 | train loss 11.010590 | norm 15.4878 | lr 1.00e-04 | (14541.10 ms | 54083 tok/s)
step    2/10 | train loss 10.133062 | norm 5.7716 | lr 1.00e-04 | (865.90 ms | 908226 tok/s)
step    3/10 | train loss 9.789966 | norm 2.6230 | lr 1.00e-04 | (852.76 ms | 922217 tok/s)
step    4/10 | train loss 9.619508 | norm 2.1196 | lr 1.00e-04 | (847.68 ms | 927748 tok/s)
step    5/10 | train loss 9.536168 | norm 2.1144 | lr 1.00e-04 | (856.43 ms | 918263 tok/s)
step    6/10 | train loss 9.454326 | norm 2.0046 | lr 1.00e-04 | (880.07 ms | 893599 tok/s)
step    7/10 | train loss 9.368595 | norm 1.9542 | lr 1.00e-04 | (872.21 ms | 901656 tok/s)
step    8/10 | train loss 9.277061 | norm 1.9203 | lr 1.00e-04 | (869.09 ms | 904893 tok/s)
step    9/10 | train loss 9.182121 | norm 1.8690 | lr 1.00e-04 | (889.98 ms | 883655 tok/s)
step   10/10 | train loss 9.094345 | norm 1.7912 | lr 1.00e-04 | (873.41 ms | 900417 tok/s)
final 9 iters avg: 867.503ms
peak memory consumption: 16601 MiB
MOC-R4PCC04U05:41642:42417 [1] NCCL INFO comm 0x55e501cba2a0 rank 1 nranks 12 cudaDev 1 busId 26000 - Destroy COMPLETE
MOC-R4PCC04U05:41643:42416 [2] NCCL INFO comm 0x55ed8645c870 rank 2 nranks 12 cudaDev 2 busId a6000 - Destroy COMPLETE
MOC-R4PCC04U05:41641:42418 [0] NCCL INFO comm 0x556c55989d80 rank 0 nranks 12 cudaDev 0 busId 6000 - Destroy COMPLETE
MOC-R4PCC04U05:41644:42419 [3] NCCL INFO comm 0x55c4493579a0 rank 3 nranks 12 cudaDev 3 busId c6000 - Destroy COMPLETE
