Running pytorch 2.7.0+cu126
using device: cuda:0
total desired batch size: 2621440
=> calculated gradient accumulation steps: 5
using device: cuda:3
using device: cuda:2
using device: cuda:1
compiling the model...
DataLoader: total number of tokens: 1,661,249,667 across 103 files
MOC-R4PCC04U05:95401:95401 [0] NCCL INFO NCCL_SOCKET_IFNAME set by environment to eno7np0
MOC-R4PCC04U05:95401:95401 [0] NCCL INFO Bootstrap: Using eno7np0:192.168.50.193<0>
MOC-R4PCC04U05:95401:95401 [0] NCCL INFO cudaDriverVersion 12040
MOC-R4PCC04U05:95401:95401 [0] NCCL INFO NCCL version 2.26.2+cuda12.2
MOC-R4PCC04U05:95401:95401 [0] NCCL INFO Comm config Blocking set to 1
MOC-R4PCC04U05:95401:95442 [0] NCCL INFO NET/Plugin: Could not find: libnccl-net.so. Using internal net plugin.
MOC-R4PCC04U05:95401:95442 [0] NCCL INFO NCCL_IB_DISABLE set by environment to 1.
MOC-R4PCC04U05:95401:95442 [0] NCCL INFO NCCL_SOCKET_IFNAME set by environment to eno7np0
MOC-R4PCC04U05:95401:95442 [0] NCCL INFO NET/Socket : Using [0]eno7np0:192.168.50.193<0>
MOC-R4PCC04U05:95401:95442 [0] NCCL INFO PROFILER/Plugin: Could not find: libnccl-profiler.so. 
MOC-R4PCC04U05:95401:95442 [0] NCCL INFO Using network Socket
MOC-R4PCC04U05:95404:95404 [3] NCCL INFO cudaDriverVersion 12040
MOC-R4PCC04U05:95404:95404 [3] NCCL INFO NCCL_SOCKET_IFNAME set by environment to eno7np0
MOC-R4PCC04U05:95404:95404 [3] NCCL INFO Bootstrap: Using eno7np0:192.168.50.193<0>
MOC-R4PCC04U05:95404:95404 [3] NCCL INFO NCCL version 2.26.2+cuda12.2
MOC-R4PCC04U05:95404:95404 [3] NCCL INFO Comm config Blocking set to 1
MOC-R4PCC04U05:95401:95442 [0] NCCL INFO ncclCommInitRankConfig comm 0x564605ea4700 rank 0 nranks 16 cudaDev 0 nvmlDev 0 busId 6000 commId 0x6361b1e6adf772 - Init START
MOC-R4PCC04U05:95403:95403 [2] NCCL INFO cudaDriverVersion 12040
MOC-R4PCC04U05:95403:95403 [2] NCCL INFO NCCL_SOCKET_IFNAME set by environment to eno7np0
MOC-R4PCC04U05:95403:95403 [2] NCCL INFO Bootstrap: Using eno7np0:192.168.50.193<0>
MOC-R4PCC04U05:95403:95403 [2] NCCL INFO NCCL version 2.26.2+cuda12.2
MOC-R4PCC04U05:95402:95402 [1] NCCL INFO cudaDriverVersion 12040
MOC-R4PCC04U05:95402:95402 [1] NCCL INFO NCCL_SOCKET_IFNAME set by environment to eno7np0
MOC-R4PCC04U05:95403:95403 [2] NCCL INFO Comm config Blocking set to 1
MOC-R4PCC04U05:95402:95402 [1] NCCL INFO Bootstrap: Using eno7np0:192.168.50.193<0>
MOC-R4PCC04U05:95402:95402 [1] NCCL INFO NCCL version 2.26.2+cuda12.2
MOC-R4PCC04U05:95402:95402 [1] NCCL INFO Comm config Blocking set to 1
MOC-R4PCC04U05:95404:95443 [3] NCCL INFO NET/Plugin: Could not find: libnccl-net.so. Using internal net plugin.
MOC-R4PCC04U05:95404:95443 [3] NCCL INFO NCCL_IB_DISABLE set by environment to 1.
MOC-R4PCC04U05:95404:95443 [3] NCCL INFO NCCL_SOCKET_IFNAME set by environment to eno7np0
MOC-R4PCC04U05:95404:95443 [3] NCCL INFO NET/Socket : Using [0]eno7np0:192.168.50.193<0>
MOC-R4PCC04U05:95404:95443 [3] NCCL INFO PROFILER/Plugin: Could not find: libnccl-profiler.so. 
MOC-R4PCC04U05:95404:95443 [3] NCCL INFO Using network Socket
MOC-R4PCC04U05:95402:95445 [1] NCCL INFO NET/Plugin: Could not find: libnccl-net.so. Using internal net plugin.
MOC-R4PCC04U05:95402:95445 [1] NCCL INFO NCCL_IB_DISABLE set by environment to 1.
MOC-R4PCC04U05:95402:95445 [1] NCCL INFO NCCL_SOCKET_IFNAME set by environment to eno7np0
MOC-R4PCC04U05:95402:95445 [1] NCCL INFO NET/Socket : Using [0]eno7np0:192.168.50.193<0>
MOC-R4PCC04U05:95402:95445 [1] NCCL INFO PROFILER/Plugin: Could not find: libnccl-profiler.so. 
MOC-R4PCC04U05:95402:95445 [1] NCCL INFO Using network Socket
MOC-R4PCC04U05:95403:95444 [2] NCCL INFO NET/Plugin: Could not find: libnccl-net.so. Using internal net plugin.
MOC-R4PCC04U05:95403:95444 [2] NCCL INFO NCCL_IB_DISABLE set by environment to 1.
MOC-R4PCC04U05:95403:95444 [2] NCCL INFO NCCL_SOCKET_IFNAME set by environment to eno7np0
MOC-R4PCC04U05:95403:95444 [2] NCCL INFO NET/Socket : Using [0]eno7np0:192.168.50.193<0>
MOC-R4PCC04U05:95403:95444 [2] NCCL INFO PROFILER/Plugin: Could not find: libnccl-profiler.so. 
MOC-R4PCC04U05:95403:95444 [2] NCCL INFO Using network Socket
MOC-R4PCC04U05:95404:95443 [3] NCCL INFO ncclCommInitRankConfig comm 0x55cfde1bd750 rank 3 nranks 16 cudaDev 3 nvmlDev 3 busId c6000 commId 0x6361b1e6adf772 - Init START
MOC-R4PCC04U05:95402:95445 [1] NCCL INFO ncclCommInitRankConfig comm 0x5565f2f0b320 rank 1 nranks 16 cudaDev 1 nvmlDev 1 busId 26000 commId 0x6361b1e6adf772 - Init START
MOC-R4PCC04U05:95403:95444 [2] NCCL INFO ncclCommInitRankConfig comm 0x5625cc93bd50 rank 2 nranks 16 cudaDev 2 nvmlDev 2 busId a6000 commId 0x6361b1e6adf772 - Init START
MOC-R4PCC04U05:95402:95445 [1] NCCL INFO RAS client listening socket at ::1<28028>
MOC-R4PCC04U05:95403:95444 [2] NCCL INFO RAS client listening socket at ::1<28028>
MOC-R4PCC04U05:95404:95443 [3] NCCL INFO RAS client listening socket at ::1<28028>
MOC-R4PCC04U05:95401:95442 [0] NCCL INFO RAS client listening socket at ::1<28028>
MOC-R4PCC04U05:95401:95442 [0] NCCL INFO Bootstrap timings total 2.057134 (create 0.000148, send 0.000426, recv 1.995307, ring 0.001284, delay 0.000001)
MOC-R4PCC04U05:95402:95445 [1] NCCL INFO Bootstrap timings total 0.062070 (create 0.000103, send 0.000195, recv 0.000515, ring 0.060163, delay 0.000000)
MOC-R4PCC04U05:95404:95443 [3] NCCL INFO Bootstrap timings total 0.582744 (create 0.000152, send 0.000265, recv 0.000373, ring 0.059466, delay 0.000001)
MOC-R4PCC04U05:95403:95444 [2] NCCL INFO Bootstrap timings total 0.062061 (create 0.000141, send 0.000253, recv 0.000720, ring 0.059623, delay 0.000001)
MOC-R4PCC04U05:95401:95442 [0] NCCL INFO Setting affinity for GPU 0 to ffffffff,ffffffff,ffffffff,ffffffff,00000000,00000000,00000000,00000000,ffffffff,ffffffff,ffffffff,ffffffff
MOC-R4PCC04U05:95401:95442 [0] NCCL INFO NVLS multicast support is not available on dev 0
MOC-R4PCC04U05:95402:95445 [1] NCCL INFO Setting affinity for GPU 1 to ffffffff,ffffffff,ffffffff,ffffffff,00000000,00000000,00000000,00000000,ffffffff,ffffffff,ffffffff,ffffffff
MOC-R4PCC04U05:95402:95445 [1] NCCL INFO NVLS multicast support is not available on dev 1
MOC-R4PCC04U05:95403:95444 [2] NCCL INFO Setting affinity for GPU 2 to ffffffff,ffffffff,ffffffff,ffffffff,00000000,00000000,00000000,00000000,ffffffff,ffffffff,ffffffff,ffffffff,00000000,00000000,00000000,00000000
MOC-R4PCC04U05:95403:95444 [2] NCCL INFO NVLS multicast support is not available on dev 2
MOC-R4PCC04U05:95404:95443 [3] NCCL INFO Setting affinity for GPU 3 to ffffffff,ffffffff,ffffffff,ffffffff,00000000,00000000,00000000,00000000,ffffffff,ffffffff,ffffffff,ffffffff,00000000,00000000,00000000,00000000
MOC-R4PCC04U05:95404:95443 [3] NCCL INFO NVLS multicast support is not available on dev 3
MOC-R4PCC04U05:95404:95443 [3] NCCL INFO comm 0x55cfde1bd750 rank 3 nRanks 16 nNodes 4 localRanks 4 localRank 3 MNNVL 0
MOC-R4PCC04U05:95403:95444 [2] NCCL INFO comm 0x5625cc93bd50 rank 2 nRanks 16 nNodes 4 localRanks 4 localRank 2 MNNVL 0
MOC-R4PCC04U05:95402:95445 [1] NCCL INFO comm 0x5565f2f0b320 rank 1 nRanks 16 nNodes 4 localRanks 4 localRank 1 MNNVL 0
MOC-R4PCC04U05:95404:95443 [3] NCCL INFO Trees [0] 0/11/-1->3->-1 [1] 0/11/-1->3->-1 [2] 0/-1/-1->3->7 [3] 0/-1/-1->3->7
MOC-R4PCC04U05:95404:95443 [3] NCCL INFO P2P Chunksize set to 131072
MOC-R4PCC04U05:95402:95445 [1] NCCL INFO Trees [0] 2/-1/-1->1->0 [1] 2/-1/-1->1->0 [2] 2/-1/-1->1->0 [3] 2/-1/-1->1->0
MOC-R4PCC04U05:95402:95445 [1] NCCL INFO P2P Chunksize set to 131072
MOC-R4PCC04U05:95403:95444 [2] NCCL INFO Trees [0] -1/-1/-1->2->1 [1] -1/-1/-1->2->1 [2] -1/-1/-1->2->1 [3] -1/-1/-1->2->1
MOC-R4PCC04U05:95401:95442 [0] NCCL INFO comm 0x564605ea4700 rank 0 nRanks 16 nNodes 4 localRanks 4 localRank 0 MNNVL 0
MOC-R4PCC04U05:95403:95444 [2] NCCL INFO P2P Chunksize set to 131072
MOC-R4PCC04U05:95401:95442 [0] NCCL INFO Channel 00/04 :  0  3  6  5  4  7 10  9  8 11 14 13 12 15  2  1
MOC-R4PCC04U05:95401:95442 [0] NCCL INFO Channel 01/04 :  0  2  7  5  4  6 11  9  8 10 15 13 12 14  3  1
MOC-R4PCC04U05:95401:95442 [0] NCCL INFO Channel 02/04 :  0  3  6  5  4  7 10  9  8 11 14 13 12 15  2  1
MOC-R4PCC04U05:95401:95442 [0] NCCL INFO Channel 03/04 :  0  2  7  5  4  6 11  9  8 10 15 13 12 14  3  1
MOC-R4PCC04U05:95401:95442 [0] NCCL INFO Trees [0] 1/-1/-1->0->3 [1] 1/-1/-1->0->3 [2] 1/-1/-1->0->3 [3] 1/-1/-1->0->3
MOC-R4PCC04U05:95401:95442 [0] NCCL INFO P2P Chunksize set to 131072
MOC-R4PCC04U05:95401:95442 [0] NCCL INFO Check P2P Type intraNodeP2pSupport 1 directMode 0
MOC-R4PCC04U05:95404:95454 [3] NCCL INFO [Proxy Service] Device 3 CPU core 447
MOC-R4PCC04U05:95402:95453 [1] NCCL INFO [Proxy Service] Device 1 CPU core 18
MOC-R4PCC04U05:95402:95455 [1] NCCL INFO [Proxy Service UDS] Device 1 CPU core 287
MOC-R4PCC04U05:95403:95456 [2] NCCL INFO [Proxy Service] Device 2 CPU core 461
MOC-R4PCC04U05:95404:95457 [3] NCCL INFO [Proxy Service UDS] Device 3 CPU core 212
MOC-R4PCC04U05:95401:95458 [0] NCCL INFO [Proxy Service] Device 0 CPU core 32
MOC-R4PCC04U05:95403:95459 [2] NCCL INFO [Proxy Service UDS] Device 2 CPU core 479
MOC-R4PCC04U05:95401:95460 [0] NCCL INFO [Proxy Service UDS] Device 0 CPU core 303
MOC-R4PCC04U05:95402:95445 [1] NCCL INFO threadThresholds 8/8/64 | 128/8/64 | 512 | 512
MOC-R4PCC04U05:95402:95445 [1] NCCL INFO 4 coll channels, 4 collnet channels, 0 nvls channels, 4 p2p channels, 1 p2p channels per peer
MOC-R4PCC04U05:95403:95444 [2] NCCL INFO threadThresholds 8/8/64 | 128/8/64 | 512 | 512
MOC-R4PCC04U05:95403:95444 [2] NCCL INFO 4 coll channels, 4 collnet channels, 0 nvls channels, 4 p2p channels, 1 p2p channels per peer
MOC-R4PCC04U05:95404:95443 [3] NCCL INFO threadThresholds 8/8/64 | 128/8/64 | 512 | 512
MOC-R4PCC04U05:95404:95443 [3] NCCL INFO 4 coll channels, 4 collnet channels, 0 nvls channels, 4 p2p channels, 1 p2p channels per peer
MOC-R4PCC04U05:95401:95442 [0] NCCL INFO threadThresholds 8/8/64 | 128/8/64 | 512 | 512
MOC-R4PCC04U05:95401:95442 [0] NCCL INFO 4 coll channels, 4 collnet channels, 0 nvls channels, 4 p2p channels, 1 p2p channels per peer
MOC-R4PCC04U05:95401:95442 [0] NCCL INFO CC Off, workFifoBytes 1048576
MOC-R4PCC04U05:95402:95445 [1] NCCL INFO TUNER/Plugin: Could not find: libnccl-tuner.so. Using internal tuner plugin.
MOC-R4PCC04U05:95402:95445 [1] NCCL INFO ncclCommInitRankConfig comm 0x5565f2f0b320 rank 1 nranks 16 cudaDev 1 nvmlDev 1 busId 26000 commId 0x6361b1e6adf772 - Init COMPLETE
MOC-R4PCC04U05:95402:95445 [1] NCCL INFO Init timings - ncclCommInitRankConfig: rank 1 nranks 16 total 3.19 (kernels 0.56, alloc 1.42, bootstrap 0.06, allgathers 0.22, topo 0.66, graphs 0.00, connections 0.23, rest 0.03)
MOC-R4PCC04U05:95403:95444 [2] NCCL INFO TUNER/Plugin: Could not find: libnccl-tuner.so. Using internal tuner plugin.
MOC-R4PCC04U05:95403:95444 [2] NCCL INFO ncclCommInitRankConfig comm 0x5625cc93bd50 rank 2 nranks 16 cudaDev 2 nvmlDev 2 busId a6000 commId 0x6361b1e6adf772 - Init COMPLETE
MOC-R4PCC04U05:95403:95444 [2] NCCL INFO Init timings - ncclCommInitRankConfig: rank 2 nranks 16 total 3.19 (kernels 0.61, alloc 1.38, bootstrap 0.06, allgathers 0.22, topo 0.66, graphs 0.00, connections 0.23, rest 0.03)
MOC-R4PCC04U05:95404:95443 [3] NCCL INFO TUNER/Plugin: Could not find: libnccl-tuner.so. Using internal tuner plugin.
MOC-R4PCC04U05:95404:95443 [3] NCCL INFO ncclCommInitRankConfig comm 0x55cfde1bd750 rank 3 nranks 16 cudaDev 3 nvmlDev 3 busId c6000 commId 0x6361b1e6adf772 - Init COMPLETE
MOC-R4PCC04U05:95404:95443 [3] NCCL INFO Init timings - ncclCommInitRankConfig: rank 3 nranks 16 total 3.20 (kernels 0.30, alloc 1.17, bootstrap 0.58, allgathers 0.22, topo 0.66, graphs 0.00, connections 0.24, rest 0.02)
MOC-R4PCC04U05:95401:95442 [0] NCCL INFO TUNER/Plugin: Could not find: libnccl-tuner.so. Using internal tuner plugin.
MOC-R4PCC04U05:95401:95442 [0] NCCL INFO ncclCommInitRankConfig comm 0x564605ea4700 rank 0 nranks 16 cudaDev 0 nvmlDev 0 busId 6000 commId 0x6361b1e6adf772 - Init COMPLETE
MOC-R4PCC04U05:95401:95442 [0] NCCL INFO Init timings - ncclCommInitRankConfig: rank 0 nranks 16 total 4.10 (kernels 0.32, alloc 0.58, bootstrap 2.06, allgathers 0.22, topo 0.65, graphs 0.01, connections 0.26, rest 0.00)
MOC-R4PCC04U05:95401:95465 [0] NCCL INFO Channel 01/0 : 0[0] -> 2[2] via P2P/CUMEM
MOC-R4PCC04U05:95401:95465 [0] NCCL INFO Channel 03/0 : 0[0] -> 2[2] via P2P/CUMEM
MOC-R4PCC04U05:95401:95465 [0] NCCL INFO Channel 00/0 : 0[0] -> 3[3] via P2P/CUMEM
MOC-R4PCC04U05:95401:95465 [0] NCCL INFO Channel 02/0 : 0[0] -> 3[3] via P2P/CUMEM
MOC-R4PCC04U05:95404:95466 [3] NCCL INFO [Proxy Progress] Device 3 CPU core 197
MOC-R4PCC04U05:95404:95464 [3] NCCL INFO Channel 00/0 : 3[3] -> 6[2] [send] via NET/Socket/0
MOC-R4PCC04U05:95404:95464 [3] NCCL INFO Channel 02/0 : 3[3] -> 6[2] [send] via NET/Socket/0
MOC-R4PCC04U05:95403:95467 [2] NCCL INFO [Proxy Progress] Device 2 CPU core 213
MOC-R4PCC04U05:95403:95462 [2] NCCL INFO Channel 00/0 : 15[3] -> 2[2] [receive] via NET/Socket/0
MOC-R4PCC04U05:95403:95462 [2] NCCL INFO Channel 02/0 : 15[3] -> 2[2] [receive] via NET/Socket/0
MOC-R4PCC04U05:95403:95462 [2] NCCL INFO Channel 01/0 : 2[2] -> 7[3] [send] via NET/Socket/0
MOC-R4PCC04U05:95403:95462 [2] NCCL INFO Channel 03/0 : 2[2] -> 7[3] [send] via NET/Socket/0
MOC-R4PCC04U05:95403:95462 [2] NCCL INFO Channel 00/0 : 2[2] -> 1[1] via P2P/CUMEM
MOC-R4PCC04U05:95403:95462 [2] NCCL INFO Channel 02/0 : 2[2] -> 1[1] via P2P/CUMEM
MOC-R4PCC04U05:95404:95464 [3] NCCL INFO Channel 01/0 : 14[2] -> 3[3] [receive] via NET/Socket/0
MOC-R4PCC04U05:95404:95464 [3] NCCL INFO Channel 03/0 : 14[2] -> 3[3] [receive] via NET/Socket/0
MOC-R4PCC04U05:95404:95464 [3] NCCL INFO Channel 01/0 : 3[3] -> 1[1] via P2P/CUMEM
MOC-R4PCC04U05:95404:95464 [3] NCCL INFO Channel 03/0 : 3[3] -> 1[1] via P2P/CUMEM
MOC-R4PCC04U05:95402:95463 [1] NCCL INFO Channel 00/0 : 1[1] -> 0[0] via P2P/CUMEM
MOC-R4PCC04U05:95402:95463 [1] NCCL INFO Channel 01/0 : 1[1] -> 0[0] via P2P/CUMEM
MOC-R4PCC04U05:95402:95463 [1] NCCL INFO Channel 02/0 : 1[1] -> 0[0] via P2P/CUMEM
MOC-R4PCC04U05:95402:95463 [1] NCCL INFO Channel 03/0 : 1[1] -> 0[0] via P2P/CUMEM
MOC-R4PCC04U05:95402:95463 [1] NCCL INFO Connected all rings, use ring PXN 0 GDR 0
MOC-R4PCC04U05:95403:95462 [2] NCCL INFO Connected all rings, use ring PXN 0 GDR 0
MOC-R4PCC04U05:95404:95464 [3] NCCL INFO Connected all rings, use ring PXN 0 GDR 0
MOC-R4PCC04U05:95401:95465 [0] NCCL INFO Connected all rings, use ring PXN 0 GDR 0
num decayed parameter tensors: 50, with 124,318,464 parameters
num non-decayed parameter tensors: 98, with 121,344 parameters
using fused AdamW: False
using regular AdamW
MOC-R4PCC04U05:95402:96158 [1] NCCL INFO Channel 00/0 : 1[1] -> 2[2] via P2P/CUMEM
MOC-R4PCC04U05:95402:96158 [1] NCCL INFO Channel 01/0 : 1[1] -> 2[2] via P2P/CUMEM
MOC-R4PCC04U05:95402:96158 [1] NCCL INFO Channel 02/0 : 1[1] -> 2[2] via P2P/CUMEM
MOC-R4PCC04U05:95402:96158 [1] NCCL INFO Channel 03/0 : 1[1] -> 2[2] via P2P/CUMEM
MOC-R4PCC04U05:95401:96159 [0] NCCL INFO Channel 00/0 : 0[0] -> 1[1] via P2P/CUMEM
MOC-R4PCC04U05:95401:96159 [0] NCCL INFO Channel 01/0 : 0[0] -> 1[1] via P2P/CUMEM
MOC-R4PCC04U05:95401:96159 [0] NCCL INFO Channel 02/0 : 0[0] -> 1[1] via P2P/CUMEM
MOC-R4PCC04U05:95401:96159 [0] NCCL INFO Channel 03/0 : 0[0] -> 1[1] via P2P/CUMEM
MOC-R4PCC04U05:95401:96159 [0] NCCL INFO Channel 01/0 : 0[0] -> 3[3] via P2P/CUMEM
MOC-R4PCC04U05:95401:96159 [0] NCCL INFO Channel 03/0 : 0[0] -> 3[3] via P2P/CUMEM
MOC-R4PCC04U05:95404:96157 [3] NCCL INFO Channel 02/0 : 3[3] -> 7[3] [send] via NET/Socket/0
MOC-R4PCC04U05:95404:96157 [3] NCCL INFO Channel 03/0 : 3[3] -> 7[3] [send] via NET/Socket/0
MOC-R4PCC04U05:95404:96157 [3] NCCL INFO Channel 00/0 : 11[3] -> 3[3] [receive] via NET/Socket/0
MOC-R4PCC04U05:95404:96157 [3] NCCL INFO Channel 01/0 : 11[3] -> 3[3] [receive] via NET/Socket/0
MOC-R4PCC04U05:95404:96157 [3] NCCL INFO Channel 00/0 : 3[3] -> 11[3] [send] via NET/Socket/0
MOC-R4PCC04U05:95404:96157 [3] NCCL INFO Channel 01/0 : 3[3] -> 11[3] [send] via NET/Socket/0
MOC-R4PCC04U05:95404:96157 [3] NCCL INFO Channel 02/0 : 7[3] -> 3[3] [receive] via NET/Socket/0
MOC-R4PCC04U05:95403:96160 [2] NCCL INFO Channel 01/0 : 2[2] -> 1[1] via P2P/CUMEM
MOC-R4PCC04U05:95404:96157 [3] NCCL INFO Channel 03/0 : 7[3] -> 3[3] [receive] via NET/Socket/0
MOC-R4PCC04U05:95403:96160 [2] NCCL INFO Channel 03/0 : 2[2] -> 1[1] via P2P/CUMEM
MOC-R4PCC04U05:95404:96157 [3] NCCL INFO Channel 00/0 : 3[3] -> 0[0] via P2P/CUMEM
MOC-R4PCC04U05:95404:96157 [3] NCCL INFO Channel 01/0 : 3[3] -> 0[0] via P2P/CUMEM
MOC-R4PCC04U05:95404:96157 [3] NCCL INFO Channel 02/0 : 3[3] -> 0[0] via P2P/CUMEM
MOC-R4PCC04U05:95404:96157 [3] NCCL INFO Channel 03/0 : 3[3] -> 0[0] via P2P/CUMEM
MOC-R4PCC04U05:95402:96158 [1] NCCL INFO Connected all trees
MOC-R4PCC04U05:95403:96160 [2] NCCL INFO Connected all trees
MOC-R4PCC04U05:95404:96157 [3] NCCL INFO Connected all trees
MOC-R4PCC04U05:95401:96159 [0] NCCL INFO Connected all trees
step    1/10 | train loss 11.009524 | norm 15.3465 | lr 1.00e-04 | (15440.57 ms | 169776 tok/s)
step    2/10 | train loss 10.140068 | norm 5.7338 | lr 1.00e-04 | (1247.24 ms | 2101785 tok/s)
step    3/10 | train loss 9.800384 | norm 2.6008 | lr 1.00e-04 | (1248.84 ms | 2099108 tok/s)
step    4/10 | train loss 9.631466 | norm 2.1085 | lr 1.00e-04 | (1216.71 ms | 2154526 tok/s)
step    5/10 | train loss 9.548707 | norm 2.0999 | lr 1.00e-04 | (1240.60 ms | 2113050 tok/s)
step    6/10 | train loss 9.467642 | norm 1.9930 | lr 1.00e-04 | (1235.14 ms | 2122391 tok/s)
step    7/10 | train loss 9.382120 | norm 1.9432 | lr 1.00e-04 | (1236.75 ms | 2119625 tok/s)
step    8/10 | train loss 9.290379 | norm 1.9093 | lr 1.00e-04 | (1233.10 ms | 2125886 tok/s)
step    9/10 | train loss 9.195255 | norm 1.8505 | lr 1.00e-04 | (1237.90 ms | 2117646 tok/s)
step   10/10 | train loss 9.111423 | norm 1.7945 | lr 1.00e-04 | (1215.68 ms | 2156352 tok/s)
final 9 iters avg: 1234.662ms
peak memory consumption: 16601 MiB
MOC-R4PCC04U05:95402:96168 [1] NCCL INFO comm 0x5565f2f0b320 rank 1 nranks 16 cudaDev 1 busId 26000 - Destroy COMPLETE
MOC-R4PCC04U05:95403:96169 [2] NCCL INFO comm 0x5625cc93bd50 rank 2 nranks 16 cudaDev 2 busId a6000 - Destroy COMPLETE
MOC-R4PCC04U05:95401:96171 [0] NCCL INFO comm 0x564605ea4700 rank 0 nranks 16 cudaDev 0 busId 6000 - Destroy COMPLETE
MOC-R4PCC04U05:95404:96170 [3] NCCL INFO comm 0x55cfde1bd750 rank 3 nranks 16 cudaDev 3 busId c6000 - Destroy COMPLETE
