Running pytorch 2.7.0+cu126
using device: cuda:0
total desired batch size: 786432
=> calculated gradient accumulation steps: 3
using device: cuda:2
using device: cuda:3
using device: cuda:1
compiling the model...
DataLoader: total number of tokens: 1,661,249,667 across 103 files
MOC-R4PCC04U05:33954:33954 [0] NCCL INFO NCCL_SOCKET_IFNAME set by environment to eno7np0
MOC-R4PCC04U05:33954:33954 [0] NCCL INFO Bootstrap: Using eno7np0:192.168.50.193<0>
MOC-R4PCC04U05:33954:33954 [0] NCCL INFO cudaDriverVersion 12040
MOC-R4PCC04U05:33954:33954 [0] NCCL INFO NCCL version 2.26.2+cuda12.2
MOC-R4PCC04U05:33954:33954 [0] NCCL INFO Comm config Blocking set to 1
MOC-R4PCC04U05:33956:33956 [2] NCCL INFO cudaDriverVersion 12040
MOC-R4PCC04U05:33956:33956 [2] NCCL INFO NCCL_SOCKET_IFNAME set by environment to eno7np0
MOC-R4PCC04U05:33956:33956 [2] NCCL INFO Bootstrap: Using eno7np0:192.168.50.193<0>
MOC-R4PCC04U05:33956:33956 [2] NCCL INFO NCCL version 2.26.2+cuda12.2
MOC-R4PCC04U05:33955:33955 [1] NCCL INFO cudaDriverVersion 12040
MOC-R4PCC04U05:33955:33955 [1] NCCL INFO NCCL_SOCKET_IFNAME set by environment to eno7np0
MOC-R4PCC04U05:33957:33957 [3] NCCL INFO cudaDriverVersion 12040
MOC-R4PCC04U05:33955:33955 [1] NCCL INFO Bootstrap: Using eno7np0:192.168.50.193<0>
MOC-R4PCC04U05:33955:33955 [1] NCCL INFO NCCL version 2.26.2+cuda12.2
MOC-R4PCC04U05:33957:33957 [3] NCCL INFO NCCL_SOCKET_IFNAME set by environment to eno7np0
MOC-R4PCC04U05:33957:33957 [3] NCCL INFO Bootstrap: Using eno7np0:192.168.50.193<0>
MOC-R4PCC04U05:33957:33957 [3] NCCL INFO NCCL version 2.26.2+cuda12.2
MOC-R4PCC04U05:33956:33956 [2] NCCL INFO Comm config Blocking set to 1
MOC-R4PCC04U05:33955:33955 [1] NCCL INFO Comm config Blocking set to 1
MOC-R4PCC04U05:33957:33957 [3] NCCL INFO Comm config Blocking set to 1
MOC-R4PCC04U05:33954:33997 [0] NCCL INFO NET/Plugin: Could not find: libnccl-net.so. Using internal net plugin.
MOC-R4PCC04U05:33954:33997 [0] NCCL INFO NCCL_IB_DISABLE set by environment to 1.
MOC-R4PCC04U05:33954:33997 [0] NCCL INFO NCCL_SOCKET_IFNAME set by environment to eno7np0
MOC-R4PCC04U05:33954:33997 [0] NCCL INFO NET/Socket : Using [0]eno7np0:192.168.50.193<0>
MOC-R4PCC04U05:33954:33997 [0] NCCL INFO PROFILER/Plugin: Could not find: libnccl-profiler.so. 
MOC-R4PCC04U05:33954:33997 [0] NCCL INFO Using network Socket
MOC-R4PCC04U05:33957:34000 [3] NCCL INFO NET/Plugin: Could not find: libnccl-net.so. Using internal net plugin.
MOC-R4PCC04U05:33957:34000 [3] NCCL INFO NCCL_IB_DISABLE set by environment to 1.
MOC-R4PCC04U05:33957:34000 [3] NCCL INFO NCCL_SOCKET_IFNAME set by environment to eno7np0
MOC-R4PCC04U05:33957:34000 [3] NCCL INFO NET/Socket : Using [0]eno7np0:192.168.50.193<0>
MOC-R4PCC04U05:33957:34000 [3] NCCL INFO PROFILER/Plugin: Could not find: libnccl-profiler.so. 
MOC-R4PCC04U05:33957:34000 [3] NCCL INFO Using network Socket
MOC-R4PCC04U05:33956:33998 [2] NCCL INFO NET/Plugin: Could not find: libnccl-net.so. Using internal net plugin.
MOC-R4PCC04U05:33956:33998 [2] NCCL INFO NCCL_IB_DISABLE set by environment to 1.
MOC-R4PCC04U05:33956:33998 [2] NCCL INFO NCCL_SOCKET_IFNAME set by environment to eno7np0
MOC-R4PCC04U05:33956:33998 [2] NCCL INFO NET/Socket : Using [0]eno7np0:192.168.50.193<0>
MOC-R4PCC04U05:33956:33998 [2] NCCL INFO PROFILER/Plugin: Could not find: libnccl-profiler.so. 
MOC-R4PCC04U05:33956:33998 [2] NCCL INFO Using network Socket
MOC-R4PCC04U05:33955:33999 [1] NCCL INFO NET/Plugin: Could not find: libnccl-net.so. Using internal net plugin.
MOC-R4PCC04U05:33955:33999 [1] NCCL INFO NCCL_IB_DISABLE set by environment to 1.
MOC-R4PCC04U05:33955:33999 [1] NCCL INFO NCCL_SOCKET_IFNAME set by environment to eno7np0
MOC-R4PCC04U05:33955:33999 [1] NCCL INFO NET/Socket : Using [0]eno7np0:192.168.50.193<0>
MOC-R4PCC04U05:33955:33999 [1] NCCL INFO PROFILER/Plugin: Could not find: libnccl-profiler.so. 
MOC-R4PCC04U05:33955:33999 [1] NCCL INFO Using network Socket
MOC-R4PCC04U05:33954:33997 [0] NCCL INFO ncclCommInitRankConfig comm 0x55efc907b8c0 rank 0 nranks 8 cudaDev 0 nvmlDev 0 busId 6000 commId 0xe62292616954be7c - Init START
MOC-R4PCC04U05:33957:34000 [3] NCCL INFO ncclCommInitRankConfig comm 0x55764444e830 rank 3 nranks 8 cudaDev 3 nvmlDev 3 busId c6000 commId 0xe62292616954be7c - Init START
MOC-R4PCC04U05:33955:33999 [1] NCCL INFO ncclCommInitRankConfig comm 0x561ec6469c60 rank 1 nranks 8 cudaDev 1 nvmlDev 1 busId 26000 commId 0xe62292616954be7c - Init START
MOC-R4PCC04U05:33956:33998 [2] NCCL INFO ncclCommInitRankConfig comm 0x55aafc04f4e0 rank 2 nranks 8 cudaDev 2 nvmlDev 2 busId a6000 commId 0xe62292616954be7c - Init START
MOC-R4PCC04U05:33955:33999 [1] NCCL INFO RAS client listening socket at ::1<28028>
MOC-R4PCC04U05:33954:33997 [0] NCCL INFO RAS client listening socket at ::1<28028>
MOC-R4PCC04U05:33956:33998 [2] NCCL INFO RAS client listening socket at ::1<28028>
MOC-R4PCC04U05:33957:34000 [3] NCCL INFO RAS client listening socket at ::1<28028>
MOC-R4PCC04U05:33954:33997 [0] NCCL INFO Bootstrap timings total 1.062678 (create 0.000102, send 0.000253, recv 0.800693, ring 0.260484, delay 0.000000)
MOC-R4PCC04U05:33955:33999 [1] NCCL INFO Bootstrap timings total 0.262538 (create 0.000135, send 0.000246, recv 0.000661, ring 0.260442, delay 0.000001)
MOC-R4PCC04U05:33957:34000 [3] NCCL INFO Bootstrap timings total 0.272959 (create 0.000173, send 0.000263, recv 0.000386, ring 0.260027, delay 0.000001)
MOC-R4PCC04U05:33956:33998 [2] NCCL INFO Bootstrap timings total 0.262571 (create 0.000154, send 0.000260, recv 0.000710, ring 0.260075, delay 0.000001)
MOC-R4PCC04U05:33954:33997 [0] NCCL INFO Setting affinity for GPU 0 to ffffffff,ffffffff,ffffffff,ffffffff,00000000,00000000,00000000,00000000,ffffffff,ffffffff,ffffffff,ffffffff
MOC-R4PCC04U05:33954:33997 [0] NCCL INFO NVLS multicast support is not available on dev 0
MOC-R4PCC04U05:33955:33999 [1] NCCL INFO Setting affinity for GPU 1 to ffffffff,ffffffff,ffffffff,ffffffff,00000000,00000000,00000000,00000000,ffffffff,ffffffff,ffffffff,ffffffff
MOC-R4PCC04U05:33955:33999 [1] NCCL INFO NVLS multicast support is not available on dev 1
MOC-R4PCC04U05:33957:34000 [3] NCCL INFO Setting affinity for GPU 3 to ffffffff,ffffffff,ffffffff,ffffffff,00000000,00000000,00000000,00000000,ffffffff,ffffffff,ffffffff,ffffffff,00000000,00000000,00000000,00000000
MOC-R4PCC04U05:33957:34000 [3] NCCL INFO NVLS multicast support is not available on dev 3
MOC-R4PCC04U05:33956:33998 [2] NCCL INFO Setting affinity for GPU 2 to ffffffff,ffffffff,ffffffff,ffffffff,00000000,00000000,00000000,00000000,ffffffff,ffffffff,ffffffff,ffffffff,00000000,00000000,00000000,00000000
MOC-R4PCC04U05:33956:33998 [2] NCCL INFO NVLS multicast support is not available on dev 2
MOC-R4PCC04U05:33954:33997 [0] NCCL INFO comm 0x55efc907b8c0 rank 0 nRanks 8 nNodes 2 localRanks 4 localRank 0 MNNVL 0
MOC-R4PCC04U05:33955:33999 [1] NCCL INFO comm 0x561ec6469c60 rank 1 nRanks 8 nNodes 2 localRanks 4 localRank 1 MNNVL 0
MOC-R4PCC04U05:33957:34000 [3] NCCL INFO comm 0x55764444e830 rank 3 nRanks 8 nNodes 2 localRanks 4 localRank 3 MNNVL 0
MOC-R4PCC04U05:33956:33998 [2] NCCL INFO comm 0x55aafc04f4e0 rank 2 nRanks 8 nNodes 2 localRanks 4 localRank 2 MNNVL 0
MOC-R4PCC04U05:33954:33997 [0] NCCL INFO Channel 00/04 : 0 3 6 5 4 7 2 1
MOC-R4PCC04U05:33957:34000 [3] NCCL INFO Trees [0] 0/7/-1->3->-1 [1] 0/7/-1->3->-1 [2] 0/-1/-1->3->7 [3] 0/-1/-1->3->7
MOC-R4PCC04U05:33954:33997 [0] NCCL INFO Channel 01/04 : 0 2 7 5 4 6 3 1
MOC-R4PCC04U05:33957:34000 [3] NCCL INFO P2P Chunksize set to 131072
MOC-R4PCC04U05:33954:33997 [0] NCCL INFO Channel 02/04 : 0 3 6 5 4 7 2 1
MOC-R4PCC04U05:33956:33998 [2] NCCL INFO Trees [0] -1/-1/-1->2->1 [1] -1/-1/-1->2->1 [2] -1/-1/-1->2->1 [3] -1/-1/-1->2->1
MOC-R4PCC04U05:33954:33997 [0] NCCL INFO Channel 03/04 : 0 2 7 5 4 6 3 1
MOC-R4PCC04U05:33956:33998 [2] NCCL INFO P2P Chunksize set to 131072
MOC-R4PCC04U05:33954:33997 [0] NCCL INFO Trees [0] 1/-1/-1->0->3 [1] 1/-1/-1->0->3 [2] 1/-1/-1->0->3 [3] 1/-1/-1->0->3
MOC-R4PCC04U05:33954:33997 [0] NCCL INFO P2P Chunksize set to 131072
MOC-R4PCC04U05:33955:33999 [1] NCCL INFO Trees [0] 2/-1/-1->1->0 [1] 2/-1/-1->1->0 [2] 2/-1/-1->1->0 [3] 2/-1/-1->1->0
MOC-R4PCC04U05:33955:33999 [1] NCCL INFO P2P Chunksize set to 131072
MOC-R4PCC04U05:33954:33997 [0] NCCL INFO Check P2P Type intraNodeP2pSupport 1 directMode 0
MOC-R4PCC04U05:33954:34009 [0] NCCL INFO [Proxy Service] Device 0 CPU core 295
MOC-R4PCC04U05:33957:34010 [3] NCCL INFO [Proxy Service] Device 3 CPU core 471
MOC-R4PCC04U05:33956:34011 [2] NCCL INFO [Proxy Service] Device 2 CPU core 464
MOC-R4PCC04U05:33954:34012 [0] NCCL INFO [Proxy Service UDS] Device 0 CPU core 42
MOC-R4PCC04U05:33955:34014 [1] NCCL INFO [Proxy Service] Device 1 CPU core 279
MOC-R4PCC04U05:33956:34013 [2] NCCL INFO [Proxy Service UDS] Device 2 CPU core 225
MOC-R4PCC04U05:33957:34015 [3] NCCL INFO [Proxy Service UDS] Device 3 CPU core 233
MOC-R4PCC04U05:33955:34016 [1] NCCL INFO [Proxy Service UDS] Device 1 CPU core 311
MOC-R4PCC04U05:33956:33998 [2] NCCL INFO threadThresholds 8/8/64 | 64/8/64 | 512 | 512
MOC-R4PCC04U05:33956:33998 [2] NCCL INFO 4 coll channels, 4 collnet channels, 0 nvls channels, 4 p2p channels, 2 p2p channels per peer
MOC-R4PCC04U05:33957:34000 [3] NCCL INFO threadThresholds 8/8/64 | 64/8/64 | 512 | 512
MOC-R4PCC04U05:33957:34000 [3] NCCL INFO 4 coll channels, 4 collnet channels, 0 nvls channels, 4 p2p channels, 2 p2p channels per peer
MOC-R4PCC04U05:33955:33999 [1] NCCL INFO threadThresholds 8/8/64 | 64/8/64 | 512 | 512
MOC-R4PCC04U05:33955:33999 [1] NCCL INFO 4 coll channels, 4 collnet channels, 0 nvls channels, 4 p2p channels, 2 p2p channels per peer
MOC-R4PCC04U05:33954:33997 [0] NCCL INFO threadThresholds 8/8/64 | 64/8/64 | 512 | 512
MOC-R4PCC04U05:33954:33997 [0] NCCL INFO 4 coll channels, 4 collnet channels, 0 nvls channels, 4 p2p channels, 2 p2p channels per peer
MOC-R4PCC04U05:33954:33997 [0] NCCL INFO CC Off, workFifoBytes 1048576
MOC-R4PCC04U05:33957:34000 [3] NCCL INFO TUNER/Plugin: Could not find: libnccl-tuner.so. Using internal tuner plugin.
MOC-R4PCC04U05:33957:34000 [3] NCCL INFO ncclCommInitRankConfig comm 0x55764444e830 rank 3 nranks 8 cudaDev 3 nvmlDev 3 busId c6000 commId 0xe62292616954be7c - Init COMPLETE
MOC-R4PCC04U05:33957:34000 [3] NCCL INFO Init timings - ncclCommInitRankConfig: rank 3 nranks 8 total 3.71 (kernels 0.50, alloc 2.04, bootstrap 0.27, allgathers 0.03, topo 0.83, graphs 0.00, connections 0.02, rest 0.01)
MOC-R4PCC04U05:33954:33997 [0] NCCL INFO TUNER/Plugin: Could not find: libnccl-tuner.so. Using internal tuner plugin.
MOC-R4PCC04U05:33954:33997 [0] NCCL INFO ncclCommInitRankConfig comm 0x55efc907b8c0 rank 0 nranks 8 cudaDev 0 nvmlDev 0 busId 6000 commId 0xe62292616954be7c - Init COMPLETE
MOC-R4PCC04U05:33954:33997 [0] NCCL INFO Init timings - ncclCommInitRankConfig: rank 0 nranks 8 total 3.73 (kernels 0.31, alloc 1.45, bootstrap 1.06, allgathers 0.04, topo 0.83, graphs 0.00, connections 0.03, rest 0.00)
MOC-R4PCC04U05:33955:33999 [1] NCCL INFO TUNER/Plugin: Could not find: libnccl-tuner.so. Using internal tuner plugin.
MOC-R4PCC04U05:33956:33998 [2] NCCL INFO TUNER/Plugin: Could not find: libnccl-tuner.so. Using internal tuner plugin.
MOC-R4PCC04U05:33955:33999 [1] NCCL INFO ncclCommInitRankConfig comm 0x561ec6469c60 rank 1 nranks 8 cudaDev 1 nvmlDev 1 busId 26000 commId 0xe62292616954be7c - Init COMPLETE
MOC-R4PCC04U05:33956:33998 [2] NCCL INFO ncclCommInitRankConfig comm 0x55aafc04f4e0 rank 2 nranks 8 cudaDev 2 nvmlDev 2 busId a6000 commId 0xe62292616954be7c - Init COMPLETE
MOC-R4PCC04U05:33955:33999 [1] NCCL INFO Init timings - ncclCommInitRankConfig: rank 1 nranks 8 total 3.71 (kernels 0.71, alloc 1.84, bootstrap 0.26, allgathers 0.03, topo 0.83, graphs 0.00, connections 0.01, rest 0.02)
MOC-R4PCC04U05:33956:33998 [2] NCCL INFO Init timings - ncclCommInitRankConfig: rank 2 nranks 8 total 3.71 (kernels 0.63, alloc 1.93, bootstrap 0.26, allgathers 0.03, topo 0.83, graphs 0.00, connections 0.01, rest 0.02)
MOC-R4PCC04U05:33954:34020 [0] NCCL INFO Channel 01/0 : 0[0] -> 2[2] via P2P/CUMEM
MOC-R4PCC04U05:33954:34020 [0] NCCL INFO Channel 03/0 : 0[0] -> 2[2] via P2P/CUMEM
MOC-R4PCC04U05:33957:34021 [3] NCCL INFO [Proxy Progress] Device 3 CPU core 199
MOC-R4PCC04U05:33954:34020 [0] NCCL INFO Channel 00/0 : 0[0] -> 3[3] via P2P/CUMEM
MOC-R4PCC04U05:33957:34017 [3] NCCL INFO Channel 00/0 : 3[3] -> 6[2] [send] via NET/Socket/0
MOC-R4PCC04U05:33957:34017 [3] NCCL INFO Channel 02/0 : 3[3] -> 6[2] [send] via NET/Socket/0
MOC-R4PCC04U05:33954:34020 [0] NCCL INFO Channel 02/0 : 0[0] -> 3[3] via P2P/CUMEM
MOC-R4PCC04U05:33956:34022 [2] NCCL INFO [Proxy Progress] Device 2 CPU core 456
MOC-R4PCC04U05:33956:34018 [2] NCCL INFO Channel 00/0 : 7[3] -> 2[2] [receive] via NET/Socket/0
MOC-R4PCC04U05:33956:34018 [2] NCCL INFO Channel 02/0 : 7[3] -> 2[2] [receive] via NET/Socket/0
MOC-R4PCC04U05:33956:34018 [2] NCCL INFO Channel 01/0 : 2[2] -> 7[3] [send] via NET/Socket/0
MOC-R4PCC04U05:33956:34018 [2] NCCL INFO Channel 03/0 : 2[2] -> 7[3] [send] via NET/Socket/0
MOC-R4PCC04U05:33956:34018 [2] NCCL INFO Channel 00/0 : 2[2] -> 1[1] via P2P/CUMEM
MOC-R4PCC04U05:33956:34018 [2] NCCL INFO Channel 02/0 : 2[2] -> 1[1] via P2P/CUMEM
MOC-R4PCC04U05:33957:34017 [3] NCCL INFO Channel 01/0 : 6[2] -> 3[3] [receive] via NET/Socket/0
MOC-R4PCC04U05:33957:34017 [3] NCCL INFO Channel 03/0 : 6[2] -> 3[3] [receive] via NET/Socket/0
MOC-R4PCC04U05:33957:34017 [3] NCCL INFO Channel 01/0 : 3[3] -> 1[1] via P2P/CUMEM
MOC-R4PCC04U05:33957:34017 [3] NCCL INFO Channel 03/0 : 3[3] -> 1[1] via P2P/CUMEM
MOC-R4PCC04U05:33955:34019 [1] NCCL INFO Channel 00/0 : 1[1] -> 0[0] via P2P/CUMEM
MOC-R4PCC04U05:33955:34019 [1] NCCL INFO Channel 01/0 : 1[1] -> 0[0] via P2P/CUMEM
MOC-R4PCC04U05:33955:34019 [1] NCCL INFO Channel 02/0 : 1[1] -> 0[0] via P2P/CUMEM
MOC-R4PCC04U05:33955:34019 [1] NCCL INFO Channel 03/0 : 1[1] -> 0[0] via P2P/CUMEM
MOC-R4PCC04U05:33955:34019 [1] NCCL INFO Connected all rings, use ring PXN 0 GDR 0
MOC-R4PCC04U05:33957:34017 [3] NCCL INFO Connected all rings, use ring PXN 0 GDR 0
MOC-R4PCC04U05:33956:34018 [2] NCCL INFO Connected all rings, use ring PXN 0 GDR 0
MOC-R4PCC04U05:33954:34020 [0] NCCL INFO Connected all rings, use ring PXN 0 GDR 0
num decayed parameter tensors: 50, with 124,318,464 parameters
num non-decayed parameter tensors: 98, with 121,344 parameters
using fused AdamW: False
using regular AdamW
MOC-R4PCC04U05:33954:34712 [0] NCCL INFO Channel 00/0 : 0[0] -> 1[1] via P2P/CUMEM
MOC-R4PCC04U05:33954:34712 [0] NCCL INFO Channel 01/0 : 0[0] -> 1[1] via P2P/CUMEM
MOC-R4PCC04U05:33954:34712 [0] NCCL INFO Channel 02/0 : 0[0] -> 1[1] via P2P/CUMEM
MOC-R4PCC04U05:33954:34712 [0] NCCL INFO Channel 03/0 : 0[0] -> 1[1] via P2P/CUMEM
MOC-R4PCC04U05:33955:34714 [1] NCCL INFO Channel 00/0 : 1[1] -> 2[2] via P2P/CUMEM
MOC-R4PCC04U05:33955:34714 [1] NCCL INFO Channel 01/0 : 1[1] -> 2[2] via P2P/CUMEM
MOC-R4PCC04U05:33955:34714 [1] NCCL INFO Channel 02/0 : 1[1] -> 2[2] via P2P/CUMEM
MOC-R4PCC04U05:33955:34714 [1] NCCL INFO Channel 03/0 : 1[1] -> 2[2] via P2P/CUMEM
MOC-R4PCC04U05:33954:34712 [0] NCCL INFO Channel 01/0 : 0[0] -> 3[3] via P2P/CUMEM
MOC-R4PCC04U05:33956:34711 [2] NCCL INFO Channel 01/0 : 2[2] -> 1[1] via P2P/CUMEM
MOC-R4PCC04U05:33954:34712 [0] NCCL INFO Channel 03/0 : 0[0] -> 3[3] via P2P/CUMEM
MOC-R4PCC04U05:33956:34711 [2] NCCL INFO Channel 03/0 : 2[2] -> 1[1] via P2P/CUMEM
MOC-R4PCC04U05:33957:34713 [3] NCCL INFO Channel 00/0 : 7[3] -> 3[3] [receive] via NET/Socket/0
MOC-R4PCC04U05:33957:34713 [3] NCCL INFO Channel 01/0 : 7[3] -> 3[3] [receive] via NET/Socket/0
MOC-R4PCC04U05:33957:34713 [3] NCCL INFO Channel 02/0 : 7[3] -> 3[3] [receive] via NET/Socket/0
MOC-R4PCC04U05:33957:34713 [3] NCCL INFO Channel 03/0 : 7[3] -> 3[3] [receive] via NET/Socket/0
MOC-R4PCC04U05:33957:34713 [3] NCCL INFO Channel 00/0 : 3[3] -> 7[3] [send] via NET/Socket/0
MOC-R4PCC04U05:33957:34713 [3] NCCL INFO Channel 01/0 : 3[3] -> 7[3] [send] via NET/Socket/0
MOC-R4PCC04U05:33957:34713 [3] NCCL INFO Channel 02/0 : 3[3] -> 7[3] [send] via NET/Socket/0
MOC-R4PCC04U05:33957:34713 [3] NCCL INFO Channel 03/0 : 3[3] -> 7[3] [send] via NET/Socket/0
MOC-R4PCC04U05:33957:34713 [3] NCCL INFO Channel 00/0 : 3[3] -> 0[0] via P2P/CUMEM
MOC-R4PCC04U05:33957:34713 [3] NCCL INFO Channel 01/0 : 3[3] -> 0[0] via P2P/CUMEM
MOC-R4PCC04U05:33957:34713 [3] NCCL INFO Channel 02/0 : 3[3] -> 0[0] via P2P/CUMEM
MOC-R4PCC04U05:33957:34713 [3] NCCL INFO Channel 03/0 : 3[3] -> 0[0] via P2P/CUMEM
MOC-R4PCC04U05:33955:34714 [1] NCCL INFO Connected all trees
MOC-R4PCC04U05:33956:34711 [2] NCCL INFO Connected all trees
MOC-R4PCC04U05:33954:34712 [0] NCCL INFO Connected all trees
MOC-R4PCC04U05:33957:34713 [3] NCCL INFO Connected all trees
step    1/10 | train loss 11.010591 | norm 15.5178 | lr 1.00e-04 | (14854.64 ms | 52942 tok/s)
step    2/10 | train loss 10.133060 | norm 5.7704 | lr 1.00e-04 | (924.37 ms | 850777 tok/s)
step    3/10 | train loss 9.789811 | norm 2.6244 | lr 1.00e-04 | (882.07 ms | 891578 tok/s)
step    4/10 | train loss 9.619393 | norm 2.1221 | lr 1.00e-04 | (888.01 ms | 885611 tok/s)
step    5/10 | train loss 9.536018 | norm 2.1102 | lr 1.00e-04 | (898.27 ms | 875499 tok/s)
step    6/10 | train loss 9.454276 | norm 2.0041 | lr 1.00e-04 | (884.71 ms | 888911 tok/s)
step    7/10 | train loss 9.368484 | norm 1.9533 | lr 1.00e-04 | (885.77 ms | 887848 tok/s)
step    8/10 | train loss 9.276951 | norm 1.9199 | lr 1.00e-04 | (901.80 ms | 872070 tok/s)
step    9/10 | train loss 9.181939 | norm 1.8692 | lr 1.00e-04 | (893.71 ms | 879959 tok/s)
step   10/10 | train loss 9.094177 | norm 1.7928 | lr 1.00e-04 | (876.46 ms | 897282 tok/s)
final 9 iters avg: 892.797ms
peak memory consumption: 16601 MiB
MOC-R4PCC04U05:33955:34723 [1] NCCL INFO comm 0x561ec6469c60 rank 1 nranks 8 cudaDev 1 busId 26000 - Destroy COMPLETE
MOC-R4PCC04U05:33956:34722 [2] NCCL INFO comm 0x55aafc04f4e0 rank 2 nranks 8 cudaDev 2 busId a6000 - Destroy COMPLETE
MOC-R4PCC04U05:33957:34725 [3] NCCL INFO comm 0x55764444e830 rank 3 nranks 8 cudaDev 3 busId c6000 - Destroy COMPLETE
MOC-R4PCC04U05:33954:34724 [0] NCCL INFO comm 0x55efc907b8c0 rank 0 nranks 8 cudaDev 0 busId 6000 - Destroy COMPLETE
