Running pytorch 2.7.0+cu126
using device: cuda:0
total desired batch size: 3670016
=> calculated gradient accumulation steps: 7
using device: cuda:2
using device: cuda:3
using device: cuda:1
compiling the model...
DataLoader: total number of tokens: 1,661,249,667 across 103 files
MOC-R4PCC04U05:97077:97077 [0] NCCL INFO NCCL_SOCKET_IFNAME set by environment to eno7np0
MOC-R4PCC04U05:97077:97077 [0] NCCL INFO Bootstrap: Using eno7np0:192.168.50.193<0>
MOC-R4PCC04U05:97077:97077 [0] NCCL INFO cudaDriverVersion 12040
MOC-R4PCC04U05:97077:97077 [0] NCCL INFO NCCL version 2.26.2+cuda12.2
MOC-R4PCC04U05:97077:97077 [0] NCCL INFO Comm config Blocking set to 1
MOC-R4PCC04U05:97077:97119 [0] NCCL INFO NET/Plugin: Could not find: libnccl-net.so. Using internal net plugin.
MOC-R4PCC04U05:97077:97119 [0] NCCL INFO NCCL_IB_DISABLE set by environment to 1.
MOC-R4PCC04U05:97077:97119 [0] NCCL INFO NCCL_SOCKET_IFNAME set by environment to eno7np0
MOC-R4PCC04U05:97077:97119 [0] NCCL INFO NET/Socket : Using [0]eno7np0:192.168.50.193<0>
MOC-R4PCC04U05:97077:97119 [0] NCCL INFO PROFILER/Plugin: Could not find: libnccl-profiler.so. 
MOC-R4PCC04U05:97077:97119 [0] NCCL INFO Using network Socket
MOC-R4PCC04U05:97077:97119 [0] NCCL INFO ncclCommInitRankConfig comm 0x557653ded780 rank 0 nranks 16 cudaDev 0 nvmlDev 0 busId 6000 commId 0x1fc59ab9340a0c18 - Init START
MOC-R4PCC04U05:97080:97080 [3] NCCL INFO cudaDriverVersion 12040
MOC-R4PCC04U05:97080:97080 [3] NCCL INFO NCCL_SOCKET_IFNAME set by environment to eno7np0
MOC-R4PCC04U05:97080:97080 [3] NCCL INFO Bootstrap: Using eno7np0:192.168.50.193<0>
MOC-R4PCC04U05:97080:97080 [3] NCCL INFO NCCL version 2.26.2+cuda12.2
MOC-R4PCC04U05:97079:97079 [2] NCCL INFO cudaDriverVersion 12040
MOC-R4PCC04U05:97079:97079 [2] NCCL INFO NCCL_SOCKET_IFNAME set by environment to eno7np0
MOC-R4PCC04U05:97079:97079 [2] NCCL INFO Bootstrap: Using eno7np0:192.168.50.193<0>
MOC-R4PCC04U05:97079:97079 [2] NCCL INFO NCCL version 2.26.2+cuda12.2
MOC-R4PCC04U05:97080:97080 [3] NCCL INFO Comm config Blocking set to 1
MOC-R4PCC04U05:97078:97078 [1] NCCL INFO cudaDriverVersion 12040
MOC-R4PCC04U05:97078:97078 [1] NCCL INFO NCCL_SOCKET_IFNAME set by environment to eno7np0
MOC-R4PCC04U05:97079:97079 [2] NCCL INFO Comm config Blocking set to 1
MOC-R4PCC04U05:97078:97078 [1] NCCL INFO Bootstrap: Using eno7np0:192.168.50.193<0>
MOC-R4PCC04U05:97078:97078 [1] NCCL INFO NCCL version 2.26.2+cuda12.2
MOC-R4PCC04U05:97078:97078 [1] NCCL INFO Comm config Blocking set to 1
MOC-R4PCC04U05:97080:97120 [3] NCCL INFO NET/Plugin: Could not find: libnccl-net.so. Using internal net plugin.
MOC-R4PCC04U05:97080:97120 [3] NCCL INFO NCCL_IB_DISABLE set by environment to 1.
MOC-R4PCC04U05:97080:97120 [3] NCCL INFO NCCL_SOCKET_IFNAME set by environment to eno7np0
MOC-R4PCC04U05:97079:97121 [2] NCCL INFO NET/Plugin: Could not find: libnccl-net.so. Using internal net plugin.
MOC-R4PCC04U05:97079:97121 [2] NCCL INFO NCCL_IB_DISABLE set by environment to 1.
MOC-R4PCC04U05:97079:97121 [2] NCCL INFO NCCL_SOCKET_IFNAME set by environment to eno7np0
MOC-R4PCC04U05:97080:97120 [3] NCCL INFO NET/Socket : Using [0]eno7np0:192.168.50.193<0>
MOC-R4PCC04U05:97080:97120 [3] NCCL INFO PROFILER/Plugin: Could not find: libnccl-profiler.so. 
MOC-R4PCC04U05:97080:97120 [3] NCCL INFO Using network Socket
MOC-R4PCC04U05:97079:97121 [2] NCCL INFO NET/Socket : Using [0]eno7np0:192.168.50.193<0>
MOC-R4PCC04U05:97078:97122 [1] NCCL INFO NET/Plugin: Could not find: libnccl-net.so. Using internal net plugin.
MOC-R4PCC04U05:97078:97122 [1] NCCL INFO NCCL_IB_DISABLE set by environment to 1.
MOC-R4PCC04U05:97078:97122 [1] NCCL INFO NCCL_SOCKET_IFNAME set by environment to eno7np0
MOC-R4PCC04U05:97079:97121 [2] NCCL INFO PROFILER/Plugin: Could not find: libnccl-profiler.so. 
MOC-R4PCC04U05:97079:97121 [2] NCCL INFO Using network Socket
MOC-R4PCC04U05:97078:97122 [1] NCCL INFO NET/Socket : Using [0]eno7np0:192.168.50.193<0>
MOC-R4PCC04U05:97078:97122 [1] NCCL INFO PROFILER/Plugin: Could not find: libnccl-profiler.so. 
MOC-R4PCC04U05:97078:97122 [1] NCCL INFO Using network Socket
MOC-R4PCC04U05:97078:97122 [1] NCCL INFO ncclCommInitRankConfig comm 0x5561c53d4b40 rank 1 nranks 16 cudaDev 1 nvmlDev 1 busId 26000 commId 0x1fc59ab9340a0c18 - Init START
MOC-R4PCC04U05:97079:97121 [2] NCCL INFO ncclCommInitRankConfig comm 0x55b356abb000 rank 2 nranks 16 cudaDev 2 nvmlDev 2 busId a6000 commId 0x1fc59ab9340a0c18 - Init START
MOC-R4PCC04U05:97080:97120 [3] NCCL INFO ncclCommInitRankConfig comm 0x55aa01652690 rank 3 nranks 16 cudaDev 3 nvmlDev 3 busId c6000 commId 0x1fc59ab9340a0c18 - Init START
MOC-R4PCC04U05:97078:97122 [1] NCCL INFO RAS client listening socket at ::1<28028>
MOC-R4PCC04U05:97079:97121 [2] NCCL INFO RAS client listening socket at ::1<28028>
MOC-R4PCC04U05:97080:97120 [3] NCCL INFO RAS client listening socket at ::1<28028>
MOC-R4PCC04U05:97077:97119 [0] NCCL INFO RAS client listening socket at ::1<28028>
MOC-R4PCC04U05:97077:97119 [0] NCCL INFO Bootstrap timings total 2.126644 (create 0.000147, send 0.000447, recv 1.997424, ring 0.001572, delay 0.000001)
MOC-R4PCC04U05:97078:97122 [1] NCCL INFO Bootstrap timings total 0.129538 (create 0.000100, send 0.000199, recv 0.000506, ring 0.127586, delay 0.000000)
MOC-R4PCC04U05:97080:97120 [3] NCCL INFO Bootstrap timings total 0.129348 (create 0.000172, send 0.000268, recv 0.000623, ring 0.126950, delay 0.000001)
MOC-R4PCC04U05:97079:97121 [2] NCCL INFO Bootstrap timings total 0.129504 (create 0.000150, send 0.000289, recv 0.000665, ring 0.127252, delay 0.000000)
MOC-R4PCC04U05:97077:97119 [0] NCCL INFO Setting affinity for GPU 0 to ffffffff,ffffffff,ffffffff,ffffffff,00000000,00000000,00000000,00000000,ffffffff,ffffffff,ffffffff,ffffffff
MOC-R4PCC04U05:97077:97119 [0] NCCL INFO NVLS multicast support is not available on dev 0
MOC-R4PCC04U05:97079:97121 [2] NCCL INFO Setting affinity for GPU 2 to ffffffff,ffffffff,ffffffff,ffffffff,00000000,00000000,00000000,00000000,ffffffff,ffffffff,ffffffff,ffffffff,00000000,00000000,00000000,00000000
MOC-R4PCC04U05:97079:97121 [2] NCCL INFO NVLS multicast support is not available on dev 2
MOC-R4PCC04U05:97080:97120 [3] NCCL INFO Setting affinity for GPU 3 to ffffffff,ffffffff,ffffffff,ffffffff,00000000,00000000,00000000,00000000,ffffffff,ffffffff,ffffffff,ffffffff,00000000,00000000,00000000,00000000
MOC-R4PCC04U05:97080:97120 [3] NCCL INFO NVLS multicast support is not available on dev 3
MOC-R4PCC04U05:97078:97122 [1] NCCL INFO Setting affinity for GPU 1 to ffffffff,ffffffff,ffffffff,ffffffff,00000000,00000000,00000000,00000000,ffffffff,ffffffff,ffffffff,ffffffff
MOC-R4PCC04U05:97078:97122 [1] NCCL INFO NVLS multicast support is not available on dev 1
MOC-R4PCC04U05:97078:97122 [1] NCCL INFO comm 0x5561c53d4b40 rank 1 nRanks 16 nNodes 4 localRanks 4 localRank 1 MNNVL 0
MOC-R4PCC04U05:97077:97119 [0] NCCL INFO comm 0x557653ded780 rank 0 nRanks 16 nNodes 4 localRanks 4 localRank 0 MNNVL 0
MOC-R4PCC04U05:97080:97120 [3] NCCL INFO comm 0x55aa01652690 rank 3 nRanks 16 nNodes 4 localRanks 4 localRank 3 MNNVL 0
MOC-R4PCC04U05:97079:97121 [2] NCCL INFO comm 0x55b356abb000 rank 2 nRanks 16 nNodes 4 localRanks 4 localRank 2 MNNVL 0
MOC-R4PCC04U05:97078:97122 [1] NCCL INFO Trees [0] 2/-1/-1->1->0 [1] 2/-1/-1->1->0 [2] 2/-1/-1->1->0 [3] 2/-1/-1->1->0
MOC-R4PCC04U05:97078:97122 [1] NCCL INFO P2P Chunksize set to 131072
MOC-R4PCC04U05:97080:97120 [3] NCCL INFO Trees [0] 0/11/-1->3->-1 [1] 0/11/-1->3->-1 [2] 0/-1/-1->3->7 [3] 0/-1/-1->3->7
MOC-R4PCC04U05:97080:97120 [3] NCCL INFO P2P Chunksize set to 131072
MOC-R4PCC04U05:97077:97119 [0] NCCL INFO Channel 00/04 :  0  3  6  5  4  7 10  9  8 11 14 13 12 15  2  1
MOC-R4PCC04U05:97077:97119 [0] NCCL INFO Channel 01/04 :  0  2  7  5  4  6 11  9  8 10 15 13 12 14  3  1
MOC-R4PCC04U05:97077:97119 [0] NCCL INFO Channel 02/04 :  0  3  6  5  4  7 10  9  8 11 14 13 12 15  2  1
MOC-R4PCC04U05:97077:97119 [0] NCCL INFO Channel 03/04 :  0  2  7  5  4  6 11  9  8 10 15 13 12 14  3  1
MOC-R4PCC04U05:97079:97121 [2] NCCL INFO Trees [0] -1/-1/-1->2->1 [1] -1/-1/-1->2->1 [2] -1/-1/-1->2->1 [3] -1/-1/-1->2->1
MOC-R4PCC04U05:97077:97119 [0] NCCL INFO Trees [0] 1/-1/-1->0->3 [1] 1/-1/-1->0->3 [2] 1/-1/-1->0->3 [3] 1/-1/-1->0->3
MOC-R4PCC04U05:97079:97121 [2] NCCL INFO P2P Chunksize set to 131072
MOC-R4PCC04U05:97077:97119 [0] NCCL INFO P2P Chunksize set to 131072
MOC-R4PCC04U05:97077:97119 [0] NCCL INFO Check P2P Type intraNodeP2pSupport 1 directMode 0
MOC-R4PCC04U05:97078:97129 [1] NCCL INFO [Proxy Service] Device 1 CPU core 279
MOC-R4PCC04U05:97078:97132 [1] NCCL INFO [Proxy Service UDS] Device 1 CPU core 287
MOC-R4PCC04U05:97079:97133 [2] NCCL INFO [Proxy Service] Device 2 CPU core 178
MOC-R4PCC04U05:97080:97130 [3] NCCL INFO [Proxy Service] Device 3 CPU core 183
MOC-R4PCC04U05:97080:97134 [3] NCCL INFO [Proxy Service UDS] Device 3 CPU core 479
MOC-R4PCC04U05:97077:97131 [0] NCCL INFO [Proxy Service] Device 0 CPU core 286
MOC-R4PCC04U05:97077:97135 [0] NCCL INFO [Proxy Service UDS] Device 0 CPU core 295
MOC-R4PCC04U05:97079:97136 [2] NCCL INFO [Proxy Service UDS] Device 2 CPU core 487
MOC-R4PCC04U05:97078:97122 [1] NCCL INFO threadThresholds 8/8/64 | 128/8/64 | 512 | 512
MOC-R4PCC04U05:97078:97122 [1] NCCL INFO 4 coll channels, 4 collnet channels, 0 nvls channels, 4 p2p channels, 1 p2p channels per peer
MOC-R4PCC04U05:97080:97120 [3] NCCL INFO threadThresholds 8/8/64 | 128/8/64 | 512 | 512
MOC-R4PCC04U05:97080:97120 [3] NCCL INFO 4 coll channels, 4 collnet channels, 0 nvls channels, 4 p2p channels, 1 p2p channels per peer
MOC-R4PCC04U05:97077:97119 [0] NCCL INFO threadThresholds 8/8/64 | 128/8/64 | 512 | 512
MOC-R4PCC04U05:97077:97119 [0] NCCL INFO 4 coll channels, 4 collnet channels, 0 nvls channels, 4 p2p channels, 1 p2p channels per peer
MOC-R4PCC04U05:97077:97119 [0] NCCL INFO CC Off, workFifoBytes 1048576
MOC-R4PCC04U05:97079:97121 [2] NCCL INFO threadThresholds 8/8/64 | 128/8/64 | 512 | 512
MOC-R4PCC04U05:97079:97121 [2] NCCL INFO 4 coll channels, 4 collnet channels, 0 nvls channels, 4 p2p channels, 1 p2p channels per peer
MOC-R4PCC04U05:97078:97122 [1] NCCL INFO TUNER/Plugin: Could not find: libnccl-tuner.so. Using internal tuner plugin.
MOC-R4PCC04U05:97078:97122 [1] NCCL INFO ncclCommInitRankConfig comm 0x5561c53d4b40 rank 1 nranks 16 cudaDev 1 nvmlDev 1 busId 26000 commId 0x1fc59ab9340a0c18 - Init COMPLETE
MOC-R4PCC04U05:97078:97122 [1] NCCL INFO Init timings - ncclCommInitRankConfig: rank 1 nranks 16 total 3.21 (kernels 0.31, alloc 1.67, bootstrap 0.13, allgathers 0.25, topo 0.63, graphs 0.00, connections 0.19, rest 0.02)
MOC-R4PCC04U05:97079:97121 [2] NCCL INFO TUNER/Plugin: Could not find: libnccl-tuner.so. Using internal tuner plugin.
MOC-R4PCC04U05:97080:97120 [3] NCCL INFO TUNER/Plugin: Could not find: libnccl-tuner.so. Using internal tuner plugin.
MOC-R4PCC04U05:97079:97121 [2] NCCL INFO ncclCommInitRankConfig comm 0x55b356abb000 rank 2 nranks 16 cudaDev 2 nvmlDev 2 busId a6000 commId 0x1fc59ab9340a0c18 - Init COMPLETE
MOC-R4PCC04U05:97080:97120 [3] NCCL INFO ncclCommInitRankConfig comm 0x55aa01652690 rank 3 nranks 16 cudaDev 3 nvmlDev 3 busId c6000 commId 0x1fc59ab9340a0c18 - Init COMPLETE
MOC-R4PCC04U05:97079:97121 [2] NCCL INFO Init timings - ncclCommInitRankConfig: rank 2 nranks 16 total 3.21 (kernels 0.31, alloc 1.68, bootstrap 0.13, allgathers 0.26, topo 0.63, graphs 0.00, connections 0.21, rest 0.00)
MOC-R4PCC04U05:97080:97120 [3] NCCL INFO Init timings - ncclCommInitRankConfig: rank 3 nranks 16 total 3.22 (kernels 0.31, alloc 1.68, bootstrap 0.13, allgathers 0.25, topo 0.63, graphs 0.00, connections 0.19, rest 0.02)
MOC-R4PCC04U05:97077:97119 [0] NCCL INFO TUNER/Plugin: Could not find: libnccl-tuner.so. Using internal tuner plugin.
MOC-R4PCC04U05:97077:97119 [0] NCCL INFO ncclCommInitRankConfig comm 0x557653ded780 rank 0 nranks 16 cudaDev 0 nvmlDev 0 busId 6000 commId 0x1fc59ab9340a0c18 - Init COMPLETE
MOC-R4PCC04U05:97077:97119 [0] NCCL INFO Init timings - ncclCommInitRankConfig: rank 0 nranks 16 total 4.12 (kernels 0.31, alloc 0.58, bootstrap 2.13, allgathers 0.26, topo 0.62, graphs 0.00, connections 0.20, rest 0.01)
MOC-R4PCC04U05:97077:97141 [0] NCCL INFO Channel 01/0 : 0[0] -> 2[2] via P2P/CUMEM
MOC-R4PCC04U05:97077:97141 [0] NCCL INFO Channel 03/0 : 0[0] -> 2[2] via P2P/CUMEM
MOC-R4PCC04U05:97077:97141 [0] NCCL INFO Channel 00/0 : 0[0] -> 3[3] via P2P/CUMEM
MOC-R4PCC04U05:97077:97141 [0] NCCL INFO Channel 02/0 : 0[0] -> 3[3] via P2P/CUMEM
MOC-R4PCC04U05:97080:97143 [3] NCCL INFO [Proxy Progress] Device 3 CPU core 178
MOC-R4PCC04U05:97080:97140 [3] NCCL INFO Channel 00/0 : 3[3] -> 6[2] [send] via NET/Socket/0
MOC-R4PCC04U05:97079:97144 [2] NCCL INFO [Proxy Progress] Device 2 CPU core 471
MOC-R4PCC04U05:97080:97140 [3] NCCL INFO Channel 02/0 : 3[3] -> 6[2] [send] via NET/Socket/0
MOC-R4PCC04U05:97079:97142 [2] NCCL INFO Channel 00/0 : 15[3] -> 2[2] [receive] via NET/Socket/0
MOC-R4PCC04U05:97079:97142 [2] NCCL INFO Channel 02/0 : 15[3] -> 2[2] [receive] via NET/Socket/0
MOC-R4PCC04U05:97080:97140 [3] NCCL INFO Channel 01/0 : 14[2] -> 3[3] [receive] via NET/Socket/0
MOC-R4PCC04U05:97080:97140 [3] NCCL INFO Channel 03/0 : 14[2] -> 3[3] [receive] via NET/Socket/0
MOC-R4PCC04U05:97080:97140 [3] NCCL INFO Channel 01/0 : 3[3] -> 1[1] via P2P/CUMEM
MOC-R4PCC04U05:97079:97142 [2] NCCL INFO Channel 01/0 : 2[2] -> 7[3] [send] via NET/Socket/0
MOC-R4PCC04U05:97079:97142 [2] NCCL INFO Channel 03/0 : 2[2] -> 7[3] [send] via NET/Socket/0
MOC-R4PCC04U05:97079:97142 [2] NCCL INFO Channel 00/0 : 2[2] -> 1[1] via P2P/CUMEM
MOC-R4PCC04U05:97080:97140 [3] NCCL INFO Channel 03/0 : 3[3] -> 1[1] via P2P/CUMEM
MOC-R4PCC04U05:97079:97142 [2] NCCL INFO Channel 02/0 : 2[2] -> 1[1] via P2P/CUMEM
MOC-R4PCC04U05:97078:97139 [1] NCCL INFO Channel 00/0 : 1[1] -> 0[0] via P2P/CUMEM
MOC-R4PCC04U05:97078:97139 [1] NCCL INFO Channel 01/0 : 1[1] -> 0[0] via P2P/CUMEM
MOC-R4PCC04U05:97078:97139 [1] NCCL INFO Channel 02/0 : 1[1] -> 0[0] via P2P/CUMEM
MOC-R4PCC04U05:97078:97139 [1] NCCL INFO Channel 03/0 : 1[1] -> 0[0] via P2P/CUMEM
MOC-R4PCC04U05:97078:97139 [1] NCCL INFO Connected all rings, use ring PXN 0 GDR 0
MOC-R4PCC04U05:97079:97142 [2] NCCL INFO Connected all rings, use ring PXN 0 GDR 0
MOC-R4PCC04U05:97080:97140 [3] NCCL INFO Connected all rings, use ring PXN 0 GDR 0
MOC-R4PCC04U05:97077:97141 [0] NCCL INFO Connected all rings, use ring PXN 0 GDR 0
num decayed parameter tensors: 50, with 124,318,464 parameters
num non-decayed parameter tensors: 98, with 121,344 parameters
using fused AdamW: False
using regular AdamW
MOC-R4PCC04U05:97077:97834 [0] NCCL INFO Channel 00/0 : 0[0] -> 1[1] via P2P/CUMEM
MOC-R4PCC04U05:97077:97834 [0] NCCL INFO Channel 01/0 : 0[0] -> 1[1] via P2P/CUMEM
MOC-R4PCC04U05:97077:97834 [0] NCCL INFO Channel 02/0 : 0[0] -> 1[1] via P2P/CUMEM
MOC-R4PCC04U05:97077:97834 [0] NCCL INFO Channel 03/0 : 0[0] -> 1[1] via P2P/CUMEM
MOC-R4PCC04U05:97078:97836 [1] NCCL INFO Channel 00/0 : 1[1] -> 2[2] via P2P/CUMEM
MOC-R4PCC04U05:97078:97836 [1] NCCL INFO Channel 01/0 : 1[1] -> 2[2] via P2P/CUMEM
MOC-R4PCC04U05:97078:97836 [1] NCCL INFO Channel 02/0 : 1[1] -> 2[2] via P2P/CUMEM
MOC-R4PCC04U05:97078:97836 [1] NCCL INFO Channel 03/0 : 1[1] -> 2[2] via P2P/CUMEM
MOC-R4PCC04U05:97077:97834 [0] NCCL INFO Channel 01/0 : 0[0] -> 3[3] via P2P/CUMEM
MOC-R4PCC04U05:97079:97835 [2] NCCL INFO Channel 01/0 : 2[2] -> 1[1] via P2P/CUMEM
MOC-R4PCC04U05:97079:97835 [2] NCCL INFO Channel 03/0 : 2[2] -> 1[1] via P2P/CUMEM
MOC-R4PCC04U05:97077:97834 [0] NCCL INFO Channel 03/0 : 0[0] -> 3[3] via P2P/CUMEM
MOC-R4PCC04U05:97080:97833 [3] NCCL INFO Channel 02/0 : 3[3] -> 7[3] [send] via NET/Socket/0
MOC-R4PCC04U05:97080:97833 [3] NCCL INFO Channel 03/0 : 3[3] -> 7[3] [send] via NET/Socket/0
MOC-R4PCC04U05:97080:97833 [3] NCCL INFO Channel 00/0 : 11[3] -> 3[3] [receive] via NET/Socket/0
MOC-R4PCC04U05:97080:97833 [3] NCCL INFO Channel 01/0 : 11[3] -> 3[3] [receive] via NET/Socket/0
MOC-R4PCC04U05:97080:97833 [3] NCCL INFO Channel 00/0 : 3[3] -> 11[3] [send] via NET/Socket/0
MOC-R4PCC04U05:97080:97833 [3] NCCL INFO Channel 01/0 : 3[3] -> 11[3] [send] via NET/Socket/0
MOC-R4PCC04U05:97080:97833 [3] NCCL INFO Channel 02/0 : 7[3] -> 3[3] [receive] via NET/Socket/0
MOC-R4PCC04U05:97080:97833 [3] NCCL INFO Channel 03/0 : 7[3] -> 3[3] [receive] via NET/Socket/0
MOC-R4PCC04U05:97080:97833 [3] NCCL INFO Channel 00/0 : 3[3] -> 0[0] via P2P/CUMEM
MOC-R4PCC04U05:97080:97833 [3] NCCL INFO Channel 01/0 : 3[3] -> 0[0] via P2P/CUMEM
MOC-R4PCC04U05:97080:97833 [3] NCCL INFO Channel 02/0 : 3[3] -> 0[0] via P2P/CUMEM
MOC-R4PCC04U05:97080:97833 [3] NCCL INFO Channel 03/0 : 3[3] -> 0[0] via P2P/CUMEM
MOC-R4PCC04U05:97078:97836 [1] NCCL INFO Connected all trees
MOC-R4PCC04U05:97079:97835 [2] NCCL INFO Connected all trees
MOC-R4PCC04U05:97077:97834 [0] NCCL INFO Connected all trees
MOC-R4PCC04U05:97080:97833 [3] NCCL INFO Connected all trees
step    1/10 | train loss 11.010115 | norm 15.2907 | lr 1.00e-04 | (16120.04 ms | 227668 tok/s)
step    2/10 | train loss 10.140852 | norm 5.7211 | lr 1.00e-04 | (1375.12 ms | 2668866 tok/s)
step    3/10 | train loss 9.801554 | norm 2.5941 | lr 1.00e-04 | (1368.93 ms | 2680936 tok/s)
step    4/10 | train loss 9.632923 | norm 2.0997 | lr 1.00e-04 | (1376.68 ms | 2665854 tok/s)
step    5/10 | train loss 9.550364 | norm 2.0944 | lr 1.00e-04 | (1374.34 ms | 2670389 tok/s)
step    6/10 | train loss 9.469847 | norm 1.9874 | lr 1.00e-04 | (1359.49 ms | 2699548 tok/s)
step    7/10 | train loss 9.385086 | norm 1.9374 | lr 1.00e-04 | (1392.63 ms | 2635316 tok/s)
step    8/10 | train loss 9.294361 | norm 1.9058 | lr 1.00e-04 | (1373.92 ms | 2671193 tok/s)
step    9/10 | train loss 9.199848 | norm 1.8538 | lr 1.00e-04 | (1357.45 ms | 2703616 tok/s)
step   10/10 | train loss 9.114300 | norm 1.7841 | lr 1.00e-04 | (1357.45 ms | 2703613 tok/s)
final 9 iters avg: 1370.667ms
peak memory consumption: 16601 MiB
MOC-R4PCC04U05:97078:97848 [1] NCCL INFO comm 0x5561c53d4b40 rank 1 nranks 16 cudaDev 1 busId 26000 - Destroy COMPLETE
MOC-R4PCC04U05:97079:97846 [2] NCCL INFO comm 0x55b356abb000 rank 2 nranks 16 cudaDev 2 busId a6000 - Destroy COMPLETE
MOC-R4PCC04U05:97080:97847 [3] NCCL INFO comm 0x55aa01652690 rank 3 nranks 16 cudaDev 3 busId c6000 - Destroy COMPLETE
MOC-R4PCC04U05:97077:97849 [0] NCCL INFO comm 0x557653ded780 rank 0 nranks 16 cudaDev 0 busId 6000 - Destroy COMPLETE
