Running pytorch 2.7.0+cu126
using device: cuda:0
total desired batch size: 262144
=> calculated gradient accumulation steps: 1
using device: cuda:2
using device: cuda:3
using device: cuda:1
compiling the model...
DataLoader: total number of tokens: 1,661,249,667 across 103 files
MOC-R4PCC04U05:10642:10642 [0] NCCL INFO NCCL_SOCKET_IFNAME set by environment to eno7np0
MOC-R4PCC04U05:10642:10642 [0] NCCL INFO Bootstrap: Using eno7np0:192.168.50.193<0>
MOC-R4PCC04U05:10642:10642 [0] NCCL INFO cudaDriverVersion 12040
MOC-R4PCC04U05:10642:10642 [0] NCCL INFO NCCL version 2.26.2+cuda12.2
MOC-R4PCC04U05:10642:10642 [0] NCCL INFO Comm config Blocking set to 1
MOC-R4PCC04U05:10645:10645 [3] NCCL INFO cudaDriverVersion 12040
MOC-R4PCC04U05:10645:10645 [3] NCCL INFO NCCL_SOCKET_IFNAME set by environment to eno7np0
MOC-R4PCC04U05:10645:10645 [3] NCCL INFO Bootstrap: Using eno7np0:192.168.50.193<0>
MOC-R4PCC04U05:10645:10645 [3] NCCL INFO NCCL version 2.26.2+cuda12.2
MOC-R4PCC04U05:10645:10645 [3] NCCL INFO Comm config Blocking set to 1
MOC-R4PCC04U05:10644:10644 [2] NCCL INFO cudaDriverVersion 12040
MOC-R4PCC04U05:10644:10644 [2] NCCL INFO NCCL_SOCKET_IFNAME set by environment to eno7np0
MOC-R4PCC04U05:10643:10643 [1] NCCL INFO cudaDriverVersion 12040
MOC-R4PCC04U05:10644:10644 [2] NCCL INFO Bootstrap: Using eno7np0:192.168.50.193<0>
MOC-R4PCC04U05:10644:10644 [2] NCCL INFO NCCL version 2.26.2+cuda12.2
MOC-R4PCC04U05:10643:10643 [1] NCCL INFO NCCL_SOCKET_IFNAME set by environment to eno7np0
MOC-R4PCC04U05:10644:10644 [2] NCCL INFO Comm config Blocking set to 1
MOC-R4PCC04U05:10643:10643 [1] NCCL INFO Bootstrap: Using eno7np0:192.168.50.193<0>
MOC-R4PCC04U05:10643:10643 [1] NCCL INFO NCCL version 2.26.2+cuda12.2
MOC-R4PCC04U05:10643:10643 [1] NCCL INFO Comm config Blocking set to 1
MOC-R4PCC04U05:10643:10736 [1] NCCL INFO NET/Plugin: Could not find: libnccl-net.so. Using internal net plugin.
MOC-R4PCC04U05:10643:10736 [1] NCCL INFO NCCL_IB_DISABLE set by environment to 1.
MOC-R4PCC04U05:10643:10736 [1] NCCL INFO NCCL_SOCKET_IFNAME set by environment to eno7np0
MOC-R4PCC04U05:10643:10736 [1] NCCL INFO NET/Socket : Using [0]eno7np0:192.168.50.193<0>
MOC-R4PCC04U05:10643:10736 [1] NCCL INFO PROFILER/Plugin: Could not find: libnccl-profiler.so. 
MOC-R4PCC04U05:10643:10736 [1] NCCL INFO Using network Socket
MOC-R4PCC04U05:10645:10734 [3] NCCL INFO NET/Plugin: Could not find: libnccl-net.so. Using internal net plugin.
MOC-R4PCC04U05:10645:10734 [3] NCCL INFO NCCL_IB_DISABLE set by environment to 1.
MOC-R4PCC04U05:10645:10734 [3] NCCL INFO NCCL_SOCKET_IFNAME set by environment to eno7np0
MOC-R4PCC04U05:10644:10735 [2] NCCL INFO NET/Plugin: Could not find: libnccl-net.so. Using internal net plugin.
MOC-R4PCC04U05:10644:10735 [2] NCCL INFO NCCL_IB_DISABLE set by environment to 1.
MOC-R4PCC04U05:10644:10735 [2] NCCL INFO NCCL_SOCKET_IFNAME set by environment to eno7np0
MOC-R4PCC04U05:10645:10734 [3] NCCL INFO NET/Socket : Using [0]eno7np0:192.168.50.193<0>
MOC-R4PCC04U05:10644:10735 [2] NCCL INFO NET/Socket : Using [0]eno7np0:192.168.50.193<0>
MOC-R4PCC04U05:10645:10734 [3] NCCL INFO PROFILER/Plugin: Could not find: libnccl-profiler.so. 
MOC-R4PCC04U05:10645:10734 [3] NCCL INFO Using network Socket
MOC-R4PCC04U05:10644:10735 [2] NCCL INFO PROFILER/Plugin: Could not find: libnccl-profiler.so. 
MOC-R4PCC04U05:10644:10735 [2] NCCL INFO Using network Socket
MOC-R4PCC04U05:10642:10733 [0] NCCL INFO NET/Plugin: Could not find: libnccl-net.so. Using internal net plugin.
MOC-R4PCC04U05:10642:10733 [0] NCCL INFO NCCL_IB_DISABLE set by environment to 1.
MOC-R4PCC04U05:10642:10733 [0] NCCL INFO NCCL_SOCKET_IFNAME set by environment to eno7np0
MOC-R4PCC04U05:10642:10733 [0] NCCL INFO NET/Socket : Using [0]eno7np0:192.168.50.193<0>
MOC-R4PCC04U05:10642:10733 [0] NCCL INFO PROFILER/Plugin: Could not find: libnccl-profiler.so. 
MOC-R4PCC04U05:10642:10733 [0] NCCL INFO Using network Socket
MOC-R4PCC04U05:10644:10735 [2] NCCL INFO ncclCommInitRankConfig comm 0x55db494c20e0 rank 2 nranks 8 cudaDev 2 nvmlDev 2 busId a6000 commId 0xd70aa4e4a27d5dd6 - Init START
MOC-R4PCC04U05:10643:10736 [1] NCCL INFO ncclCommInitRankConfig comm 0x55a067b54b10 rank 1 nranks 8 cudaDev 1 nvmlDev 1 busId 26000 commId 0xd70aa4e4a27d5dd6 - Init START
MOC-R4PCC04U05:10645:10734 [3] NCCL INFO ncclCommInitRankConfig comm 0x55fc14e97770 rank 3 nranks 8 cudaDev 3 nvmlDev 3 busId c6000 commId 0xd70aa4e4a27d5dd6 - Init START
MOC-R4PCC04U05:10642:10733 [0] NCCL INFO ncclCommInitRankConfig comm 0x55ff2fb72d50 rank 0 nranks 8 cudaDev 0 nvmlDev 0 busId 6000 commId 0xd70aa4e4a27d5dd6 - Init START
MOC-R4PCC04U05:10644:10735 [2] NCCL INFO RAS client listening socket at ::1<28028>
MOC-R4PCC04U05:10643:10736 [1] NCCL INFO RAS client listening socket at ::1<28028>
MOC-R4PCC04U05:10642:10733 [0] NCCL INFO RAS client listening socket at ::1<28028>
MOC-R4PCC04U05:10645:10734 [3] NCCL INFO RAS client listening socket at ::1<28028>
MOC-R4PCC04U05:10645:10734 [3] NCCL INFO Bootstrap timings total 0.547707 (create 0.000175, send 0.000263, recv 0.544646, ring 0.000306, delay 0.000001)
MOC-R4PCC04U05:10642:10733 [0] NCCL INFO Bootstrap timings total 0.547542 (create 0.000145, send 0.000260, recv 0.000645, ring 0.001852, delay 0.000001)
MOC-R4PCC04U05:10643:10736 [1] NCCL INFO Bootstrap timings total 0.547894 (create 0.000124, send 0.000331, recv 0.000419, ring 0.545400, delay 0.000000)
MOC-R4PCC04U05:10644:10735 [2] NCCL INFO Bootstrap timings total 0.548036 (create 0.000151, send 0.000453, recv 0.000608, ring 0.545613, delay 0.000001)
MOC-R4PCC04U05:10642:10733 [0] NCCL INFO Setting affinity for GPU 0 to ffffffff,ffffffff,ffffffff,ffffffff,00000000,00000000,00000000,00000000,ffffffff,ffffffff,ffffffff,ffffffff
MOC-R4PCC04U05:10642:10733 [0] NCCL INFO NVLS multicast support is not available on dev 0
MOC-R4PCC04U05:10643:10736 [1] NCCL INFO Setting affinity for GPU 1 to ffffffff,ffffffff,ffffffff,ffffffff,00000000,00000000,00000000,00000000,ffffffff,ffffffff,ffffffff,ffffffff
MOC-R4PCC04U05:10643:10736 [1] NCCL INFO NVLS multicast support is not available on dev 1
MOC-R4PCC04U05:10644:10735 [2] NCCL INFO Setting affinity for GPU 2 to ffffffff,ffffffff,ffffffff,ffffffff,00000000,00000000,00000000,00000000,ffffffff,ffffffff,ffffffff,ffffffff,00000000,00000000,00000000,00000000
MOC-R4PCC04U05:10644:10735 [2] NCCL INFO NVLS multicast support is not available on dev 2
MOC-R4PCC04U05:10645:10734 [3] NCCL INFO Setting affinity for GPU 3 to ffffffff,ffffffff,ffffffff,ffffffff,00000000,00000000,00000000,00000000,ffffffff,ffffffff,ffffffff,ffffffff,00000000,00000000,00000000,00000000
MOC-R4PCC04U05:10645:10734 [3] NCCL INFO NVLS multicast support is not available on dev 3
MOC-R4PCC04U05:10644:10735 [2] NCCL INFO comm 0x55db494c20e0 rank 2 nRanks 8 nNodes 2 localRanks 4 localRank 2 MNNVL 0
MOC-R4PCC04U05:10643:10736 [1] NCCL INFO comm 0x55a067b54b10 rank 1 nRanks 8 nNodes 2 localRanks 4 localRank 1 MNNVL 0
MOC-R4PCC04U05:10642:10733 [0] NCCL INFO comm 0x55ff2fb72d50 rank 0 nRanks 8 nNodes 2 localRanks 4 localRank 0 MNNVL 0
MOC-R4PCC04U05:10645:10734 [3] NCCL INFO comm 0x55fc14e97770 rank 3 nRanks 8 nNodes 2 localRanks 4 localRank 3 MNNVL 0
MOC-R4PCC04U05:10644:10735 [2] NCCL INFO Trees [0] -1/-1/-1->2->1 [1] -1/-1/-1->2->1 [2] -1/-1/-1->2->1 [3] -1/-1/-1->2->1
MOC-R4PCC04U05:10643:10736 [1] NCCL INFO Trees [0] 2/-1/-1->1->0 [1] 2/-1/-1->1->0 [2] 2/-1/-1->1->0 [3] 2/-1/-1->1->0
MOC-R4PCC04U05:10642:10733 [0] NCCL INFO Channel 00/04 : 0 3 6 5 4 7 2 1
MOC-R4PCC04U05:10643:10736 [1] NCCL INFO P2P Chunksize set to 131072
MOC-R4PCC04U05:10642:10733 [0] NCCL INFO Channel 01/04 : 0 2 7 5 4 6 3 1
MOC-R4PCC04U05:10644:10735 [2] NCCL INFO P2P Chunksize set to 131072
MOC-R4PCC04U05:10642:10733 [0] NCCL INFO Channel 02/04 : 0 3 6 5 4 7 2 1
MOC-R4PCC04U05:10645:10734 [3] NCCL INFO Trees [0] 0/7/-1->3->-1 [1] 0/7/-1->3->-1 [2] 0/-1/-1->3->7 [3] 0/-1/-1->3->7
MOC-R4PCC04U05:10642:10733 [0] NCCL INFO Channel 03/04 : 0 2 7 5 4 6 3 1
MOC-R4PCC04U05:10645:10734 [3] NCCL INFO P2P Chunksize set to 131072
MOC-R4PCC04U05:10642:10733 [0] NCCL INFO Trees [0] 1/-1/-1->0->3 [1] 1/-1/-1->0->3 [2] 1/-1/-1->0->3 [3] 1/-1/-1->0->3
MOC-R4PCC04U05:10642:10733 [0] NCCL INFO P2P Chunksize set to 131072
MOC-R4PCC04U05:10642:10733 [0] NCCL INFO Check P2P Type intraNodeP2pSupport 1 directMode 0
MOC-R4PCC04U05:10643:10750 [1] NCCL INFO [Proxy Service] Device 1 CPU core 24
MOC-R4PCC04U05:10643:10753 [1] NCCL INFO [Proxy Service UDS] Device 1 CPU core 296
MOC-R4PCC04U05:10642:10754 [0] NCCL INFO [Proxy Service] Device 0 CPU core 304
MOC-R4PCC04U05:10642:10755 [0] NCCL INFO [Proxy Service UDS] Device 0 CPU core 312
MOC-R4PCC04U05:10644:10751 [2] NCCL INFO [Proxy Service] Device 2 CPU core 219
MOC-R4PCC04U05:10645:10752 [3] NCCL INFO [Proxy Service] Device 3 CPU core 202
MOC-R4PCC04U05:10644:10756 [2] NCCL INFO [Proxy Service UDS] Device 2 CPU core 487
MOC-R4PCC04U05:10645:10757 [3] NCCL INFO [Proxy Service UDS] Device 3 CPU core 495
MOC-R4PCC04U05:10644:10735 [2] NCCL INFO threadThresholds 8/8/64 | 64/8/64 | 512 | 512
MOC-R4PCC04U05:10644:10735 [2] NCCL INFO 4 coll channels, 4 collnet channels, 0 nvls channels, 4 p2p channels, 2 p2p channels per peer
MOC-R4PCC04U05:10643:10736 [1] NCCL INFO threadThresholds 8/8/64 | 64/8/64 | 512 | 512
MOC-R4PCC04U05:10643:10736 [1] NCCL INFO 4 coll channels, 4 collnet channels, 0 nvls channels, 4 p2p channels, 2 p2p channels per peer
MOC-R4PCC04U05:10645:10734 [3] NCCL INFO threadThresholds 8/8/64 | 64/8/64 | 512 | 512
MOC-R4PCC04U05:10645:10734 [3] NCCL INFO 4 coll channels, 4 collnet channels, 0 nvls channels, 4 p2p channels, 2 p2p channels per peer
MOC-R4PCC04U05:10642:10733 [0] NCCL INFO threadThresholds 8/8/64 | 64/8/64 | 512 | 512
MOC-R4PCC04U05:10642:10733 [0] NCCL INFO 4 coll channels, 4 collnet channels, 0 nvls channels, 4 p2p channels, 2 p2p channels per peer
MOC-R4PCC04U05:10642:10733 [0] NCCL INFO CC Off, workFifoBytes 1048576
MOC-R4PCC04U05:10643:10736 [1] NCCL INFO TUNER/Plugin: Could not find: libnccl-tuner.so. Using internal tuner plugin.
MOC-R4PCC04U05:10643:10736 [1] NCCL INFO ncclCommInitRankConfig comm 0x55a067b54b10 rank 1 nranks 8 cudaDev 1 nvmlDev 1 busId 26000 commId 0xd70aa4e4a27d5dd6 - Init COMPLETE
MOC-R4PCC04U05:10643:10736 [1] NCCL INFO Init timings - ncclCommInitRankConfig: rank 1 nranks 8 total 4.78 (kernels 0.32, alloc 2.25, bootstrap 0.55, allgathers 0.04, topo 1.02, graphs 0.00, connections 0.58, rest 0.02)
MOC-R4PCC04U05:10642:10733 [0] NCCL INFO TUNER/Plugin: Could not find: libnccl-tuner.so. Using internal tuner plugin.
MOC-R4PCC04U05:10642:10733 [0] NCCL INFO ncclCommInitRankConfig comm 0x55ff2fb72d50 rank 0 nranks 8 cudaDev 0 nvmlDev 0 busId 6000 commId 0xd70aa4e4a27d5dd6 - Init COMPLETE
MOC-R4PCC04U05:10642:10733 [0] NCCL INFO Init timings - ncclCommInitRankConfig: rank 0 nranks 8 total 4.80 (kernels 0.46, alloc 2.14, bootstrap 0.55, allgathers 0.04, topo 1.02, graphs 0.00, connections 0.59, rest 0.00)
MOC-R4PCC04U05:10645:10734 [3] NCCL INFO TUNER/Plugin: Could not find: libnccl-tuner.so. Using internal tuner plugin.
MOC-R4PCC04U05:10645:10734 [3] NCCL INFO ncclCommInitRankConfig comm 0x55fc14e97770 rank 3 nranks 8 cudaDev 3 nvmlDev 3 busId c6000 commId 0xd70aa4e4a27d5dd6 - Init COMPLETE
MOC-R4PCC04U05:10645:10734 [3] NCCL INFO Init timings - ncclCommInitRankConfig: rank 3 nranks 8 total 4.79 (kernels 0.34, alloc 2.24, bootstrap 0.55, allgathers 0.04, topo 1.03, graphs 0.00, connections 0.59, rest 0.01)
MOC-R4PCC04U05:10644:10735 [2] NCCL INFO TUNER/Plugin: Could not find: libnccl-tuner.so. Using internal tuner plugin.
MOC-R4PCC04U05:10644:10735 [2] NCCL INFO ncclCommInitRankConfig comm 0x55db494c20e0 rank 2 nranks 8 cudaDev 2 nvmlDev 2 busId a6000 commId 0xd70aa4e4a27d5dd6 - Init COMPLETE
MOC-R4PCC04U05:10644:10735 [2] NCCL INFO Init timings - ncclCommInitRankConfig: rank 2 nranks 8 total 4.78 (kernels 0.33, alloc 2.24, bootstrap 0.55, allgathers 0.04, topo 1.02, graphs 0.00, connections 0.58, rest 0.02)
MOC-R4PCC04U05:10642:10760 [0] NCCL INFO Channel 01/0 : 0[0] -> 2[2] via P2P/CUMEM
MOC-R4PCC04U05:10642:10760 [0] NCCL INFO Channel 03/0 : 0[0] -> 2[2] via P2P/CUMEM
MOC-R4PCC04U05:10642:10760 [0] NCCL INFO Channel 00/0 : 0[0] -> 3[3] via P2P/CUMEM
MOC-R4PCC04U05:10642:10760 [0] NCCL INFO Channel 02/0 : 0[0] -> 3[3] via P2P/CUMEM
MOC-R4PCC04U05:10645:10762 [3] NCCL INFO [Proxy Progress] Device 3 CPU core 451
MOC-R4PCC04U05:10645:10759 [3] NCCL INFO Channel 00/0 : 3[3] -> 6[2] [send] via NET/Socket/0
MOC-R4PCC04U05:10645:10759 [3] NCCL INFO Channel 02/0 : 3[3] -> 6[2] [send] via NET/Socket/0
MOC-R4PCC04U05:10644:10763 [2] NCCL INFO [Proxy Progress] Device 2 CPU core 471
MOC-R4PCC04U05:10644:10761 [2] NCCL INFO Channel 00/0 : 7[3] -> 2[2] [receive] via NET/Socket/0
MOC-R4PCC04U05:10644:10761 [2] NCCL INFO Channel 02/0 : 7[3] -> 2[2] [receive] via NET/Socket/0
MOC-R4PCC04U05:10644:10761 [2] NCCL INFO Channel 01/0 : 2[2] -> 7[3] [send] via NET/Socket/0
MOC-R4PCC04U05:10644:10761 [2] NCCL INFO Channel 03/0 : 2[2] -> 7[3] [send] via NET/Socket/0
MOC-R4PCC04U05:10644:10761 [2] NCCL INFO Channel 00/0 : 2[2] -> 1[1] via P2P/CUMEM
MOC-R4PCC04U05:10644:10761 [2] NCCL INFO Channel 02/0 : 2[2] -> 1[1] via P2P/CUMEM
MOC-R4PCC04U05:10645:10759 [3] NCCL INFO Channel 01/0 : 6[2] -> 3[3] [receive] via NET/Socket/0
MOC-R4PCC04U05:10645:10759 [3] NCCL INFO Channel 03/0 : 6[2] -> 3[3] [receive] via NET/Socket/0
MOC-R4PCC04U05:10645:10759 [3] NCCL INFO Channel 01/0 : 3[3] -> 1[1] via P2P/CUMEM
MOC-R4PCC04U05:10645:10759 [3] NCCL INFO Channel 03/0 : 3[3] -> 1[1] via P2P/CUMEM
MOC-R4PCC04U05:10643:10758 [1] NCCL INFO Channel 00/0 : 1[1] -> 0[0] via P2P/CUMEM
MOC-R4PCC04U05:10643:10758 [1] NCCL INFO Channel 01/0 : 1[1] -> 0[0] via P2P/CUMEM
MOC-R4PCC04U05:10643:10758 [1] NCCL INFO Channel 02/0 : 1[1] -> 0[0] via P2P/CUMEM
MOC-R4PCC04U05:10643:10758 [1] NCCL INFO Channel 03/0 : 1[1] -> 0[0] via P2P/CUMEM
MOC-R4PCC04U05:10642:10760 [0] NCCL INFO Connected all rings, use ring PXN 0 GDR 0
MOC-R4PCC04U05:10643:10758 [1] NCCL INFO Connected all rings, use ring PXN 0 GDR 0
MOC-R4PCC04U05:10645:10759 [3] NCCL INFO Connected all rings, use ring PXN 0 GDR 0
MOC-R4PCC04U05:10644:10761 [2] NCCL INFO Connected all rings, use ring PXN 0 GDR 0
num decayed parameter tensors: 50, with 124,318,464 parameters
num non-decayed parameter tensors: 98, with 121,344 parameters
using fused AdamW: False
using regular AdamW
MOC-R4PCC04U05:10642:24251 [0] NCCL INFO Channel 00/0 : 0[0] -> 1[1] via P2P/CUMEM
MOC-R4PCC04U05:10642:24251 [0] NCCL INFO Channel 01/0 : 0[0] -> 1[1] via P2P/CUMEM
MOC-R4PCC04U05:10642:24251 [0] NCCL INFO Channel 02/0 : 0[0] -> 1[1] via P2P/CUMEM
MOC-R4PCC04U05:10642:24251 [0] NCCL INFO Channel 03/0 : 0[0] -> 1[1] via P2P/CUMEM
MOC-R4PCC04U05:10643:24384 [1] NCCL INFO Channel 00/0 : 1[1] -> 2[2] via P2P/CUMEM
MOC-R4PCC04U05:10643:24384 [1] NCCL INFO Channel 01/0 : 1[1] -> 2[2] via P2P/CUMEM
MOC-R4PCC04U05:10643:24384 [1] NCCL INFO Channel 02/0 : 1[1] -> 2[2] via P2P/CUMEM
MOC-R4PCC04U05:10643:24384 [1] NCCL INFO Channel 03/0 : 1[1] -> 2[2] via P2P/CUMEM
MOC-R4PCC04U05:10644:23778 [2] NCCL INFO Channel 01/0 : 2[2] -> 1[1] via P2P/CUMEM
MOC-R4PCC04U05:10642:24251 [0] NCCL INFO Channel 01/0 : 0[0] -> 3[3] via P2P/CUMEM
MOC-R4PCC04U05:10644:23778 [2] NCCL INFO Channel 03/0 : 2[2] -> 1[1] via P2P/CUMEM
MOC-R4PCC04U05:10642:24251 [0] NCCL INFO Channel 03/0 : 0[0] -> 3[3] via P2P/CUMEM
MOC-R4PCC04U05:10645:24233 [3] NCCL INFO Channel 00/0 : 7[3] -> 3[3] [receive] via NET/Socket/0
MOC-R4PCC04U05:10645:24233 [3] NCCL INFO Channel 01/0 : 7[3] -> 3[3] [receive] via NET/Socket/0
MOC-R4PCC04U05:10645:24233 [3] NCCL INFO Channel 02/0 : 7[3] -> 3[3] [receive] via NET/Socket/0
MOC-R4PCC04U05:10645:24233 [3] NCCL INFO Channel 03/0 : 7[3] -> 3[3] [receive] via NET/Socket/0
MOC-R4PCC04U05:10645:24233 [3] NCCL INFO Channel 00/0 : 3[3] -> 7[3] [send] via NET/Socket/0
MOC-R4PCC04U05:10645:24233 [3] NCCL INFO Channel 01/0 : 3[3] -> 7[3] [send] via NET/Socket/0
MOC-R4PCC04U05:10645:24233 [3] NCCL INFO Channel 02/0 : 3[3] -> 7[3] [send] via NET/Socket/0
MOC-R4PCC04U05:10645:24233 [3] NCCL INFO Channel 03/0 : 3[3] -> 7[3] [send] via NET/Socket/0
MOC-R4PCC04U05:10645:24233 [3] NCCL INFO Channel 00/0 : 3[3] -> 0[0] via P2P/CUMEM
MOC-R4PCC04U05:10645:24233 [3] NCCL INFO Channel 01/0 : 3[3] -> 0[0] via P2P/CUMEM
MOC-R4PCC04U05:10645:24233 [3] NCCL INFO Channel 02/0 : 3[3] -> 0[0] via P2P/CUMEM
MOC-R4PCC04U05:10645:24233 [3] NCCL INFO Channel 03/0 : 3[3] -> 0[0] via P2P/CUMEM
MOC-R4PCC04U05:10643:24384 [1] NCCL INFO Connected all trees
MOC-R4PCC04U05:10644:23778 [2] NCCL INFO Connected all trees
MOC-R4PCC04U05:10645:24233 [3] NCCL INFO Connected all trees
MOC-R4PCC04U05:10642:24251 [0] NCCL INFO Connected all trees
step    1/10 | train loss 11.008532 | norm 15.8512 | lr 1.00e-04 | (135543.87 ms | 1934 tok/s)
step    2/10 | train loss 10.116472 | norm 5.8734 | lr 1.00e-04 | (722.30 ms | 362929 tok/s)
step    3/10 | train loss 9.765989 | norm 2.6306 | lr 1.00e-04 | (738.65 ms | 354896 tok/s)
step    4/10 | train loss 9.596243 | norm 2.1069 | lr 1.00e-04 | (716.41 ms | 365912 tok/s)
step    5/10 | train loss 9.513395 | norm 2.1000 | lr 1.00e-04 | (718.20 ms | 364999 tok/s)
step    6/10 | train loss 9.431202 | norm 1.9936 | lr 1.00e-04 | (706.70 ms | 370942 tok/s)
step    7/10 | train loss 9.345901 | norm 1.9369 | lr 1.00e-04 | (726.08 ms | 361040 tok/s)
step    8/10 | train loss 9.256420 | norm 1.9010 | lr 1.00e-04 | (715.41 ms | 366425 tok/s)
step    9/10 | train loss 9.164127 | norm 1.8592 | lr 1.00e-04 | (738.34 ms | 355045 tok/s)
step   10/10 | train loss 9.071936 | norm 1.7839 | lr 1.00e-04 | (737.23 ms | 355578 tok/s)
final 9 iters avg: 724.370ms
peak memory consumption: 16118 MiB
MOC-R4PCC04U05:10644:24395 [2] NCCL INFO comm 0x55db494c20e0 rank 2 nranks 8 cudaDev 2 busId a6000 - Destroy COMPLETE
MOC-R4PCC04U05:10643:24394 [1] NCCL INFO comm 0x55a067b54b10 rank 1 nranks 8 cudaDev 1 busId 26000 - Destroy COMPLETE
MOC-R4PCC04U05:10642:24397 [0] NCCL INFO comm 0x55ff2fb72d50 rank 0 nranks 8 cudaDev 0 busId 6000 - Destroy COMPLETE
MOC-R4PCC04U05:10645:24393 [3] NCCL INFO comm 0x55fc14e97770 rank 3 nranks 8 cudaDev 3 busId c6000 - Destroy COMPLETE
