R7=192.168.60.83
R6=192.168.60.174
SHELL=/bin/bash
R5=192.168.60.108
R4=192.168.60.150
R3=192.168.60.128
R2=192.168.60.20
R1=192.168.60.193
R0=192.168.60.185
PKG_CONFIG_PATH=:/opt/mellanox/dpdk/lib64/pkgconfig
PWD=/var/home/cloud-user
LOGNAME=cloud-user
XDG_SESSION_TYPE=tty
MOTD_SHOWN=pam
HOME=/var/home/cloud-user
LANG=C.UTF-8
VIRTUAL_ENV=/var/home/cloud-user/llmc
SSH_CONNECTION=192.168.50.92 47926 192.168.50.92 22
XDG_SESSION_CLASS=user
SELINUX_ROLE_REQUESTED=
LESSOPEN=||/usr/bin/lesspipe.sh %s
USER=cloud-user
N3=192.168.50.172
N2=192.168.50.81
N1=192.168.50.96
N0=192.168.50.92
N7=192.168.50.166
N6=192.168.50.173
N5=192.168.50.105
N4=192.168.50.134
SELINUX_USE_CURRENT_RANGE=
SHLVL=1
XDG_SESSION_ID=3555
VIRTUAL_ENV_PROMPT=(llmc) 
LD_LIBRARY_PATH=/usr/lib64:/opt/nccl/lib/:/opt/openmpi/lib/::/usr/lib/containers/storage/overlay/b8d7296dad9d1c6d232393ff521c2ed6154698d08186254ac804a92ee2da7d91/diff/usr/lib:/usr/lib/containers/storage/overlay/b8d7296dad9d1c6d232393ff521c2ed6154698d08186254ac804a92ee2da7d91/diff/usr/lib64
XDG_RUNTIME_DIR=/run/user/1000
PS1=(llmc) 
SSH_CLIENT=192.168.50.92 47926 22
which_declare=declare -f
PATH=/var/home/cloud-user/llmc/bin:/var/home/cloud-user/.local/bin:/var/home/cloud-user/bin:/opt/openmpi/bin/:/usr/local/sbin:/usr/local/bin:/usr/sbin:/usr/bin:/sbin:/bin:/usr/lib/containers/storage/overlay/b8d7296dad9d1c6d232393ff521c2ed6154698d08186254ac804a92ee2da7d91/diff/usr/bin
SELINUX_LEVEL_REQUESTED=
DBUS_SESSION_BUS_ADDRESS=unix:path=/run/user/1000/bus
BASH_FUNC_which%%=() {  ( alias;
 eval ${which_declare} ) | /usr/bin/which --tty-only --read-alias --read-functions --show-tilde --show-dot $@
}
_=/usr/bin/env
=======Writing nstate pre data=======
#kernel
IpInReceives                    2                  0.0
IpInDelivers                    2                  0.0
IpOutRequests                   2                  0.0
IpOutTransmits                  2                  0.0
TcpInSegs                       2                  0.0
TcpOutSegs                      2                  0.0
TcpExtTCPHPAcks                 1                  0.0
TcpExtTCPOrigDataSent           1                  0.0
TcpExtTCPDelivered              1                  0.0
IpExtInOctets                   188                0.0
IpExtOutOctets                  188                0.0
IpExtInNoECTPkts                2                  0.0
Running pytorch 2.7.0+cu126
using device: cuda:0
total desired batch size: 262144
=> calculated gradient accumulation steps: 1
using device: cuda:2
using device: cuda:1
using device: cuda:3
compiling the model...
DataLoader: total number of tokens: 1,661,249,667 across 103 files
MOC-R4PCC04U05:75888:75888 [0] NCCL INFO NCCL_SOCKET_IFNAME set to eno6np0
MOC-R4PCC04U05:75888:75888 [0] NCCL INFO NCCL version 2.26.2+cuda12.2
MOC-R4PCC04U05:75890:75890 [2] NCCL INFO NCCL_SOCKET_IFNAME set to eno6np0
MOC-R4PCC04U05:75890:75890 [2] NCCL INFO NCCL version 2.26.2+cuda12.2
MOC-R4PCC04U05:75889:75889 [1] NCCL INFO NCCL_SOCKET_IFNAME set to eno6np0
MOC-R4PCC04U05:75889:75889 [1] NCCL INFO NCCL version 2.26.2+cuda12.2
MOC-R4PCC04U05:75891:75891 [3] NCCL INFO NCCL_SOCKET_IFNAME set to eno6np0
MOC-R4PCC04U05:75891:75891 [3] NCCL INFO NCCL version 2.26.2+cuda12.2
MOC-R4PCC04U05:75888:75955 [0] NCCL INFO NET/Plugin: Could not find: libnccl-net.so. Using internal net plugin.
MOC-R4PCC04U05:75888:75955 [0] NCCL INFO NET/Socket : Using [0]eno6np0:192.168.60.185<0>
MOC-R4PCC04U05:75890:75956 [2] NCCL INFO NET/Plugin: Could not find: libnccl-net.so. Using internal net plugin.
MOC-R4PCC04U05:75890:75956 [2] NCCL INFO NET/Socket : Using [0]eno6np0:192.168.60.185<0>
MOC-R4PCC04U05:75891:75957 [3] NCCL INFO NET/Plugin: Could not find: libnccl-net.so. Using internal net plugin.
MOC-R4PCC04U05:75891:75957 [3] NCCL INFO NET/Socket : Using [0]eno6np0:192.168.60.185<0>
MOC-R4PCC04U05:75889:75958 [1] NCCL INFO NET/Plugin: Could not find: libnccl-net.so. Using internal net plugin.
MOC-R4PCC04U05:75889:75958 [1] NCCL INFO NET/Socket : Using [0]eno6np0:192.168.60.185<0>
MOC-R4PCC04U05:75890:75956 [2] NCCL INFO NET/Socket : GPU Direct RDMA Disabled for HCA 0 'eno6np0'
MOC-R4PCC04U05:75888:75955 [0] NCCL INFO NET/Socket : GPU Direct RDMA Disabled for HCA 0 'eno6np0'
MOC-R4PCC04U05:75891:75957 [3] NCCL INFO NET/Socket : GPU Direct RDMA Disabled for HCA 0 'eno6np0'
MOC-R4PCC04U05:75889:75958 [1] NCCL INFO NET/Socket : GPU Direct RDMA Disabled for HCA 0 'eno6np0'
MOC-R4PCC04U05:75891:75971 [3] NCCL INFO New proxy recv connection 0 from local rank 3, transport 0
MOC-R4PCC04U05:75891:75980 [3] NCCL INFO Connected to proxy localRank 3 -> connection 0x7f6a6400adb0
MOC-R4PCC04U05:75889:75969 [1] NCCL INFO New proxy send connection 0 from local rank 1, transport 0
MOC-R4PCC04U05:75889:75981 [1] NCCL INFO Connected to proxy localRank 1 -> connection 0x7f031800adb0
MOC-R4PCC04U05:75890:75970 [2] NCCL INFO New proxy send connection 0 from local rank 2, transport 0
MOC-R4PCC04U05:75890:75982 [2] NCCL INFO Connected to proxy localRank 2 -> connection 0x7fd54800adb0
MOC-R4PCC04U05:75891:75971 [3] NCCL INFO New proxy recv connection 1 from local rank 3, transport 0
MOC-R4PCC04U05:75891:75980 [3] NCCL INFO Connected to proxy localRank 3 -> connection 0x7f6a6400ae28
MOC-R4PCC04U05:75890:75970 [2] NCCL INFO New proxy send connection 1 from local rank 2, transport 0
MOC-R4PCC04U05:75890:75982 [2] NCCL INFO Connected to proxy localRank 2 -> connection 0x7fd54800ae28
MOC-R4PCC04U05:75889:75969 [1] NCCL INFO New proxy send connection 1 from local rank 1, transport 0
MOC-R4PCC04U05:75889:75981 [1] NCCL INFO Connected to proxy localRank 1 -> connection 0x7f031800ae28
MOC-R4PCC04U05:75891:75971 [3] NCCL INFO New proxy recv connection 2 from local rank 3, transport 0
MOC-R4PCC04U05:75891:75980 [3] NCCL INFO Connected to proxy localRank 3 -> connection 0x7f6a6400aea0
MOC-R4PCC04U05:75891:75971 [3] NCCL INFO New proxy recv connection 3 from local rank 3, transport 0
MOC-R4PCC04U05:75891:75980 [3] NCCL INFO Connected to proxy localRank 3 -> connection 0x7f6a6400af18
MOC-R4PCC04U05:75888:75972 [0] NCCL INFO New proxy recv connection 0 from local rank 0, transport 2
MOC-R4PCC04U05:75888:75979 [0] NCCL INFO Connected to proxy localRank 0 -> connection 0x7fc2a000aea0
MOC-R4PCC04U05:75888:75979 [0] NCCL INFO Channel 00/0 : 5[1] -> 0[0] [receive] via NET/Socket/0
MOC-R4PCC04U05:75888:75972 [0] NCCL INFO New proxy recv connection 1 from local rank 0, transport 2
MOC-R4PCC04U05:75888:75979 [0] NCCL INFO Connected to proxy localRank 0 -> connection 0x7fc2a000af18
MOC-R4PCC04U05:75888:75979 [0] NCCL INFO Channel 02/0 : 5[1] -> 0[0] [receive] via NET/Socket/0
MOC-R4PCC04U05:75888:75972 [0] NCCL INFO New proxy send connection 2 from local rank 0, transport 0
MOC-R4PCC04U05:75888:75979 [0] NCCL INFO Connected to proxy localRank 0 -> connection 0x7fc2a000af90
MOC-R4PCC04U05:75889:75969 [1] NCCL INFO New proxy send connection 2 from local rank 1, transport 2
MOC-R4PCC04U05:75889:75981 [1] NCCL INFO Connected to proxy localRank 1 -> connection 0x7f031800aea0
MOC-R4PCC04U05:75889:75981 [1] NCCL INFO Channel 00/0 : 1[1] -> 4[0] [send] via NET/Socket/0
MOC-R4PCC04U05:75889:75969 [1] NCCL INFO New proxy send connection 3 from local rank 1, transport 2
MOC-R4PCC04U05:75889:75981 [1] NCCL INFO Connected to proxy localRank 1 -> connection 0x7f031800af18
MOC-R4PCC04U05:75889:75981 [1] NCCL INFO Channel 02/0 : 1[1] -> 4[0] [send] via NET/Socket/0
MOC-R4PCC04U05:75888:75972 [0] NCCL INFO New proxy send connection 3 from local rank 0, transport 0
MOC-R4PCC04U05:75888:75979 [0] NCCL INFO Connected to proxy localRank 0 -> connection 0x7fc2a000b008
MOC-R4PCC04U05:75891:75971 [3] NCCL INFO New proxy send connection 4 from local rank 3, transport 0
MOC-R4PCC04U05:75891:75980 [3] NCCL INFO Connected to proxy localRank 3 -> connection 0x7f6a6400af90
MOC-R4PCC04U05:75891:75971 [3] NCCL INFO New proxy send connection 5 from local rank 3, transport 0
MOC-R4PCC04U05:75891:75980 [3] NCCL INFO Connected to proxy localRank 3 -> connection 0x7f6a6400b008
MOC-R4PCC04U05:75891:75971 [3] NCCL INFO New proxy send connection 6 from local rank 3, transport 0
MOC-R4PCC04U05:75891:75980 [3] NCCL INFO Connected to proxy localRank 3 -> connection 0x7f6a6400b080
MOC-R4PCC04U05:75891:75971 [3] NCCL INFO New proxy send connection 7 from local rank 3, transport 0
MOC-R4PCC04U05:75891:75980 [3] NCCL INFO Connected to proxy localRank 3 -> connection 0x7f6a6400b0f8
MOC-R4PCC04U05:75889:75969 [1] NCCL INFO New proxy recv connection 4 from local rank 1, transport 2
MOC-R4PCC04U05:75889:75981 [1] NCCL INFO Connected to proxy localRank 1 -> connection 0x7f031800af90
MOC-R4PCC04U05:75889:75981 [1] NCCL INFO Channel 01/0 : 4[0] -> 1[1] [receive] via NET/Socket/0
MOC-R4PCC04U05:75889:75969 [1] NCCL INFO New proxy recv connection 5 from local rank 1, transport 2
MOC-R4PCC04U05:75889:75981 [1] NCCL INFO Connected to proxy localRank 1 -> connection 0x7f031800b008
MOC-R4PCC04U05:75889:75981 [1] NCCL INFO Channel 03/0 : 4[0] -> 1[1] [receive] via NET/Socket/0
MOC-R4PCC04U05:75888:75972 [0] NCCL INFO New proxy send connection 4 from local rank 0, transport 2
MOC-R4PCC04U05:75888:75979 [0] NCCL INFO Connected to proxy localRank 0 -> connection 0x7fc2a000b080
MOC-R4PCC04U05:75888:75979 [0] NCCL INFO Channel 01/0 : 0[0] -> 5[1] [send] via NET/Socket/0
MOC-R4PCC04U05:75888:75972 [0] NCCL INFO New proxy send connection 5 from local rank 0, transport 2
MOC-R4PCC04U05:75888:75979 [0] NCCL INFO Connected to proxy localRank 0 -> connection 0x7fc2a000b0f8
MOC-R4PCC04U05:75888:75979 [0] NCCL INFO Channel 03/0 : 0[0] -> 5[1] [send] via NET/Socket/0
MOC-R4PCC04U05:75888:75972 [0] NCCL INFO New proxy recv connection 6 from local rank 0, transport 0
MOC-R4PCC04U05:75888:75979 [0] NCCL INFO Connected to proxy localRank 0 -> connection 0x7fc2a000b170
MOC-R4PCC04U05:75888:75972 [0] NCCL INFO New proxy recv connection 7 from local rank 0, transport 0
MOC-R4PCC04U05:75888:75979 [0] NCCL INFO Connected to proxy localRank 0 -> connection 0x7fc2a000b1e8
MOC-R4PCC04U05:75890:75970 [2] NCCL INFO New proxy recv connection 2 from local rank 2, transport 0
MOC-R4PCC04U05:75890:75982 [2] NCCL INFO Connected to proxy localRank 2 -> connection 0x7fd54800aea0
MOC-R4PCC04U05:75891:75971 [3] NCCL INFO New proxy send connection 8 from local rank 0, transport 0
MOC-R4PCC04U05:75888:75979 [0] NCCL INFO Connected to proxy localRank 3 -> connection 0x7f6a6400b170
MOC-R4PCC04U05:75890:75970 [2] NCCL INFO New proxy recv connection 3 from local rank 2, transport 0
MOC-R4PCC04U05:75890:75982 [2] NCCL INFO Connected to proxy localRank 2 -> connection 0x7fd54800af18
MOC-R4PCC04U05:75889:75969 [1] NCCL INFO New proxy recv connection 6 from local rank 1, transport 0
MOC-R4PCC04U05:75889:75981 [1] NCCL INFO Connected to proxy localRank 1 -> connection 0x7f031800b080
MOC-R4PCC04U05:75890:75970 [2] NCCL INFO New proxy recv connection 4 from local rank 2, transport 0
MOC-R4PCC04U05:75890:75982 [2] NCCL INFO Connected to proxy localRank 2 -> connection 0x7fd54800af90
MOC-R4PCC04U05:75890:75970 [2] NCCL INFO New proxy recv connection 5 from local rank 2, transport 0
MOC-R4PCC04U05:75890:75982 [2] NCCL INFO Connected to proxy localRank 2 -> connection 0x7fd54800b008
MOC-R4PCC04U05:75889:75969 [1] NCCL INFO New proxy recv connection 7 from local rank 1, transport 0
MOC-R4PCC04U05:75890:75970 [2] NCCL INFO New proxy send connection 6 from local rank 2, transport 0
MOC-R4PCC04U05:75890:75982 [2] NCCL INFO Connected to proxy localRank 2 -> connection 0x7fd54800b080
MOC-R4PCC04U05:75889:75981 [1] NCCL INFO Connected to proxy localRank 1 -> connection 0x7f031800b0f8
MOC-R4PCC04U05:75890:75970 [2] NCCL INFO New proxy send connection 7 from local rank 2, transport 0
MOC-R4PCC04U05:75890:75982 [2] NCCL INFO Connected to proxy localRank 2 -> connection 0x7fd54800b0f8
MOC-R4PCC04U05:75889:75969 [1] NCCL INFO New proxy send connection 8 from local rank 3, transport 0
MOC-R4PCC04U05:75888:75972 [0] NCCL INFO New proxy send connection 8 from local rank 2, transport 0
MOC-R4PCC04U05:75890:75982 [2] NCCL INFO Connected to proxy localRank 0 -> connection 0x7fc2a000b260
MOC-R4PCC04U05:75891:75980 [3] NCCL INFO Connected to proxy localRank 1 -> connection 0x7f031800b170
MOC-R4PCC04U05:75891:75971 [3] NCCL INFO New proxy send connection 9 from local rank 1, transport 0
MOC-R4PCC04U05:75889:75981 [1] NCCL INFO Connected to proxy localRank 3 -> connection 0x7f6a6400b1e8
MOC-R4PCC04U05:75890:75970 [2] NCCL INFO New proxy send connection 8 from local rank 0, transport 0
MOC-R4PCC04U05:75888:75979 [0] NCCL INFO Connected to proxy localRank 2 -> connection 0x7fd54800b170
MOC-R4PCC04U05:75888:75972 [0] NCCL INFO New proxy send connection 9 from local rank 3, transport 0
MOC-R4PCC04U05:75891:75980 [3] NCCL INFO Connected to proxy localRank 0 -> connection 0x7fc2a000b2d8
MOC-R4PCC04U05:75890:75970 [2] NCCL INFO New proxy send connection 9 from local rank 1, transport 0
MOC-R4PCC04U05:75889:75981 [1] NCCL INFO Connected to proxy localRank 2 -> connection 0x7fd54800b1e8
MOC-R4PCC04U05:75889:75969 [1] NCCL INFO New proxy send connection 9 from local rank 2, transport 0
MOC-R4PCC04U05:75890:75982 [2] NCCL INFO Connected to proxy localRank 1 -> connection 0x7f031800b1e8
MOC-R4PCC04U05:75891:75971 [3] NCCL INFO New proxy send connection 10 from local rank 2, transport 0
MOC-R4PCC04U05:75890:75982 [2] NCCL INFO Connected to proxy localRank 3 -> connection 0x7f6a6400b260
MOC-R4PCC04U05:75890:75970 [2] NCCL INFO New proxy send connection 10 from local rank 3, transport 0
MOC-R4PCC04U05:75891:75980 [3] NCCL INFO Connected to proxy localRank 2 -> connection 0x7fd54800b260
num decayed parameter tensors: 50, with 124,318,464 parameters
num non-decayed parameter tensors: 98, with 121,344 parameters
using fused AdamW: False
using regular AdamW
R7=192.168.60.83
R6=192.168.60.174
SHELL=/bin/bash
R5=192.168.60.108
R4=192.168.60.150
R3=192.168.60.128
R2=192.168.60.20
R1=192.168.60.193
R0=192.168.60.185
PKG_CONFIG_PATH=:/opt/mellanox/dpdk/lib64/pkgconfig
PWD=/var/home/cloud-user
LOGNAME=cloud-user
XDG_SESSION_TYPE=tty
MOTD_SHOWN=pam
HOME=/var/home/cloud-user
LANG=C.UTF-8
VIRTUAL_ENV=/var/home/cloud-user/llmc
SSH_CONNECTION=192.168.50.92 40864 192.168.50.92 22
XDG_SESSION_CLASS=user
SELINUX_ROLE_REQUESTED=
LESSOPEN=||/usr/bin/lesspipe.sh %s
USER=cloud-user
N3=192.168.50.172
N2=192.168.50.81
N1=192.168.50.96
N0=192.168.50.92
N7=192.168.50.166
N6=192.168.50.173
N5=192.168.50.105
N4=192.168.50.134
SELINUX_USE_CURRENT_RANGE=
SHLVL=1
XDG_SESSION_ID=3557
VIRTUAL_ENV_PROMPT=(llmc) 
LD_LIBRARY_PATH=/usr/lib64:/opt/nccl/lib/:/opt/openmpi/lib/::/usr/lib/containers/storage/overlay/b8d7296dad9d1c6d232393ff521c2ed6154698d08186254ac804a92ee2da7d91/diff/usr/lib:/usr/lib/containers/storage/overlay/b8d7296dad9d1c6d232393ff521c2ed6154698d08186254ac804a92ee2da7d91/diff/usr/lib64
XDG_RUNTIME_DIR=/run/user/1000
PS1=(llmc) 
SSH_CLIENT=192.168.50.92 40864 22
which_declare=declare -f
PATH=/var/home/cloud-user/llmc/bin:/var/home/cloud-user/.local/bin:/var/home/cloud-user/bin:/opt/openmpi/bin/:/usr/local/sbin:/usr/local/bin:/usr/sbin:/usr/bin:/sbin:/bin:/usr/lib/containers/storage/overlay/b8d7296dad9d1c6d232393ff521c2ed6154698d08186254ac804a92ee2da7d91/diff/usr/bin
SELINUX_LEVEL_REQUESTED=
DBUS_SESSION_BUS_ADDRESS=unix:path=/run/user/1000/bus
BASH_FUNC_which%%=() {  ( alias;
 eval ${which_declare} ) | /usr/bin/which --tty-only --read-alias --read-functions --show-tilde --show-dot $@
}
_=/usr/bin/env
=======Writing nstate pre data=======
#kernel
IpInReceives                    2                  0.0
IpInDelivers                    2                  0.0
IpOutRequests                   2                  0.0
IpOutTransmits                  2                  0.0
TcpInSegs                       2                  0.0
TcpOutSegs                      2                  0.0
TcpExtTCPHPAcks                 1                  0.0
TcpExtTCPOrigDataSent           1                  0.0
TcpExtTCPDelivered              1                  0.0
IpExtInOctets                   188                0.0
IpExtOutOctets                  188                0.0
IpExtInNoECTPkts                2                  0.0
Running pytorch 2.7.0+cu126
using device: cuda:0
total desired batch size: 262144
=> calculated gradient accumulation steps: 1
using device: cuda:3
using device: cuda:2
using device: cuda:1
compiling the model...
DataLoader: total number of tokens: 1,661,249,667 across 103 files
MOC-R4PCC04U05:78161:78161 [0] NCCL INFO NCCL_SOCKET_IFNAME set to eno6np0
MOC-R4PCC04U05:78161:78161 [0] NCCL INFO NCCL version 2.26.2+cuda12.2
MOC-R4PCC04U05:78161:78226 [0] NCCL INFO NET/Plugin: Could not find: libnccl-net.so. Using internal net plugin.
MOC-R4PCC04U05:78161:78226 [0] NCCL INFO NET/Socket : Using [0]eno6np0:192.168.60.185<0>
MOC-R4PCC04U05:78164:78164 [3] NCCL INFO NCCL_SOCKET_IFNAME set to eno6np0
MOC-R4PCC04U05:78164:78164 [3] NCCL INFO NCCL version 2.26.2+cuda12.2
MOC-R4PCC04U05:78163:78163 [2] NCCL INFO NCCL_SOCKET_IFNAME set to eno6np0
MOC-R4PCC04U05:78163:78163 [2] NCCL INFO NCCL version 2.26.2+cuda12.2
MOC-R4PCC04U05:78162:78162 [1] NCCL INFO NCCL_SOCKET_IFNAME set to eno6np0
MOC-R4PCC04U05:78162:78162 [1] NCCL INFO NCCL version 2.26.2+cuda12.2
MOC-R4PCC04U05:78164:78227 [3] NCCL INFO NET/Plugin: Could not find: libnccl-net.so. Using internal net plugin.
MOC-R4PCC04U05:78164:78227 [3] NCCL INFO NET/Socket : Using [0]eno6np0:192.168.60.185<0>
MOC-R4PCC04U05:78163:78228 [2] NCCL INFO NET/Plugin: Could not find: libnccl-net.so. Using internal net plugin.
MOC-R4PCC04U05:78163:78228 [2] NCCL INFO NET/Socket : Using [0]eno6np0:192.168.60.185<0>
MOC-R4PCC04U05:78162:78229 [1] NCCL INFO NET/Plugin: Could not find: libnccl-net.so. Using internal net plugin.
MOC-R4PCC04U05:78162:78229 [1] NCCL INFO NET/Socket : Using [0]eno6np0:192.168.60.185<0>
MOC-R4PCC04U05:78164:78227 [3] NCCL INFO NET/Socket : GPU Direct RDMA Disabled for HCA 0 'eno6np0'
MOC-R4PCC04U05:78163:78228 [2] NCCL INFO NET/Socket : GPU Direct RDMA Disabled for HCA 0 'eno6np0'
MOC-R4PCC04U05:78162:78229 [1] NCCL INFO NET/Socket : GPU Direct RDMA Disabled for HCA 0 'eno6np0'
MOC-R4PCC04U05:78161:78226 [0] NCCL INFO NET/Socket : GPU Direct RDMA Disabled for HCA 0 'eno6np0'
MOC-R4PCC04U05:78163:78236 [2] NCCL INFO New proxy send connection 0 from local rank 2, transport 0
MOC-R4PCC04U05:78163:78248 [2] NCCL INFO Connected to proxy localRank 2 -> connection 0x7faa8000adb0
MOC-R4PCC04U05:78164:78239 [3] NCCL INFO New proxy recv connection 0 from local rank 3, transport 0
MOC-R4PCC04U05:78164:78249 [3] NCCL INFO Connected to proxy localRank 3 -> connection 0x7fdfe400adb0
MOC-R4PCC04U05:78163:78236 [2] NCCL INFO New proxy send connection 1 from local rank 2, transport 0
MOC-R4PCC04U05:78163:78248 [2] NCCL INFO Connected to proxy localRank 2 -> connection 0x7faa8000ae28
MOC-R4PCC04U05:78164:78239 [3] NCCL INFO New proxy recv connection 1 from local rank 3, transport 0
MOC-R4PCC04U05:78164:78249 [3] NCCL INFO Connected to proxy localRank 3 -> connection 0x7fdfe400ae28
MOC-R4PCC04U05:78161:78238 [0] NCCL INFO New proxy recv connection 0 from local rank 0, transport 2
MOC-R4PCC04U05:78161:78250 [0] NCCL INFO Connected to proxy localRank 0 -> connection 0x7fac0400adb0
MOC-R4PCC04U05:78161:78250 [0] NCCL INFO Channel 00/0 : 5[1] -> 0[0] [receive] via NET/Socket/0
MOC-R4PCC04U05:78161:78238 [0] NCCL INFO New proxy recv connection 1 from local rank 0, transport 2
MOC-R4PCC04U05:78161:78250 [0] NCCL INFO Connected to proxy localRank 0 -> connection 0x7fac0400ae28
MOC-R4PCC04U05:78161:78250 [0] NCCL INFO Channel 02/0 : 5[1] -> 0[0] [receive] via NET/Socket/0
MOC-R4PCC04U05:78161:78238 [0] NCCL INFO New proxy send connection 2 from local rank 0, transport 0
MOC-R4PCC04U05:78161:78250 [0] NCCL INFO Connected to proxy localRank 0 -> connection 0x7fac0400aea0
MOC-R4PCC04U05:78161:78238 [0] NCCL INFO New proxy send connection 3 from local rank 0, transport 0
MOC-R4PCC04U05:78161:78250 [0] NCCL INFO Connected to proxy localRank 0 -> connection 0x7fac0400af18
MOC-R4PCC04U05:78162:78237 [1] NCCL INFO New proxy send connection 0 from local rank 1, transport 0
MOC-R4PCC04U05:78162:78252 [1] NCCL INFO Connected to proxy localRank 1 -> connection 0x7f2f8c00adb0
MOC-R4PCC04U05:78162:78237 [1] NCCL INFO New proxy send connection 1 from local rank 1, transport 0
MOC-R4PCC04U05:78162:78252 [1] NCCL INFO Connected to proxy localRank 1 -> connection 0x7f2f8c00ae28
MOC-R4PCC04U05:78164:78239 [3] NCCL INFO New proxy recv connection 2 from local rank 3, transport 0
MOC-R4PCC04U05:78164:78249 [3] NCCL INFO Connected to proxy localRank 3 -> connection 0x7fdfe400aea0
MOC-R4PCC04U05:78162:78237 [1] NCCL INFO New proxy send connection 2 from local rank 1, transport 2
MOC-R4PCC04U05:78162:78252 [1] NCCL INFO Connected to proxy localRank 1 -> connection 0x7f2f8c00aea0
MOC-R4PCC04U05:78162:78252 [1] NCCL INFO Channel 00/0 : 1[1] -> 4[0] [send] via NET/Socket/0
MOC-R4PCC04U05:78162:78237 [1] NCCL INFO New proxy send connection 3 from local rank 1, transport 2
MOC-R4PCC04U05:78162:78252 [1] NCCL INFO Connected to proxy localRank 1 -> connection 0x7f2f8c00af18
MOC-R4PCC04U05:78162:78252 [1] NCCL INFO Channel 02/0 : 1[1] -> 4[0] [send] via NET/Socket/0
MOC-R4PCC04U05:78164:78239 [3] NCCL INFO New proxy recv connection 3 from local rank 3, transport 0
MOC-R4PCC04U05:78164:78249 [3] NCCL INFO Connected to proxy localRank 3 -> connection 0x7fdfe400af18
MOC-R4PCC04U05:78164:78239 [3] NCCL INFO New proxy send connection 4 from local rank 3, transport 0
MOC-R4PCC04U05:78164:78249 [3] NCCL INFO Connected to proxy localRank 3 -> connection 0x7fdfe400af90
MOC-R4PCC04U05:78164:78239 [3] NCCL INFO New proxy send connection 5 from local rank 3, transport 0
MOC-R4PCC04U05:78164:78249 [3] NCCL INFO Connected to proxy localRank 3 -> connection 0x7fdfe400b008
MOC-R4PCC04U05:78164:78239 [3] NCCL INFO New proxy send connection 6 from local rank 3, transport 0
MOC-R4PCC04U05:78164:78249 [3] NCCL INFO Connected to proxy localRank 3 -> connection 0x7fdfe400b080
MOC-R4PCC04U05:78164:78239 [3] NCCL INFO New proxy send connection 7 from local rank 3, transport 0
MOC-R4PCC04U05:78164:78249 [3] NCCL INFO Connected to proxy localRank 3 -> connection 0x7fdfe400b0f8
MOC-R4PCC04U05:78162:78237 [1] NCCL INFO New proxy recv connection 4 from local rank 1, transport 2
MOC-R4PCC04U05:78162:78252 [1] NCCL INFO Connected to proxy localRank 1 -> connection 0x7f2f8c00af90
MOC-R4PCC04U05:78162:78252 [1] NCCL INFO Channel 01/0 : 4[0] -> 1[1] [receive] via NET/Socket/0
MOC-R4PCC04U05:78162:78237 [1] NCCL INFO New proxy recv connection 5 from local rank 1, transport 2
MOC-R4PCC04U05:78162:78252 [1] NCCL INFO Connected to proxy localRank 1 -> connection 0x7f2f8c00b008
MOC-R4PCC04U05:78161:78238 [0] NCCL INFO New proxy send connection 4 from local rank 0, transport 2
MOC-R4PCC04U05:78161:78250 [0] NCCL INFO Connected to proxy localRank 0 -> connection 0x7fac0400af90
MOC-R4PCC04U05:78162:78252 [1] NCCL INFO Channel 03/0 : 4[0] -> 1[1] [receive] via NET/Socket/0
MOC-R4PCC04U05:78161:78250 [0] NCCL INFO Channel 01/0 : 0[0] -> 5[1] [send] via NET/Socket/0
MOC-R4PCC04U05:78161:78238 [0] NCCL INFO New proxy send connection 5 from local rank 0, transport 2
MOC-R4PCC04U05:78161:78250 [0] NCCL INFO Connected to proxy localRank 0 -> connection 0x7fac0400b008
MOC-R4PCC04U05:78162:78237 [1] NCCL INFO New proxy recv connection 6 from local rank 1, transport 0
MOC-R4PCC04U05:78162:78252 [1] NCCL INFO Connected to proxy localRank 1 -> connection 0x7f2f8c00b080
MOC-R4PCC04U05:78161:78250 [0] NCCL INFO Channel 03/0 : 0[0] -> 5[1] [send] via NET/Socket/0
MOC-R4PCC04U05:78162:78237 [1] NCCL INFO New proxy recv connection 7 from local rank 1, transport 0
MOC-R4PCC04U05:78162:78252 [1] NCCL INFO Connected to proxy localRank 1 -> connection 0x7f2f8c00b0f8
MOC-R4PCC04U05:78161:78238 [0] NCCL INFO New proxy recv connection 6 from local rank 0, transport 0
MOC-R4PCC04U05:78161:78250 [0] NCCL INFO Connected to proxy localRank 0 -> connection 0x7fac0400b080
MOC-R4PCC04U05:78161:78238 [0] NCCL INFO New proxy recv connection 7 from local rank 0, transport 0
MOC-R4PCC04U05:78161:78250 [0] NCCL INFO Connected to proxy localRank 0 -> connection 0x7fac0400b0f8
MOC-R4PCC04U05:78163:78236 [2] NCCL INFO New proxy recv connection 2 from local rank 2, transport 0
MOC-R4PCC04U05:78163:78248 [2] NCCL INFO Connected to proxy localRank 2 -> connection 0x7faa8000aea0
MOC-R4PCC04U05:78164:78239 [3] NCCL INFO New proxy send connection 8 from local rank 0, transport 0
MOC-R4PCC04U05:78161:78250 [0] NCCL INFO Connected to proxy localRank 3 -> connection 0x7fdfe400b170
MOC-R4PCC04U05:78163:78236 [2] NCCL INFO New proxy recv connection 3 from local rank 2, transport 0
MOC-R4PCC04U05:78163:78248 [2] NCCL INFO Connected to proxy localRank 2 -> connection 0x7faa8000af18
MOC-R4PCC04U05:78163:78236 [2] NCCL INFO New proxy recv connection 4 from local rank 2, transport 0
MOC-R4PCC04U05:78163:78248 [2] NCCL INFO Connected to proxy localRank 2 -> connection 0x7faa8000af90
MOC-R4PCC04U05:78163:78236 [2] NCCL INFO New proxy recv connection 5 from local rank 2, transport 0
MOC-R4PCC04U05:78163:78248 [2] NCCL INFO Connected to proxy localRank 2 -> connection 0x7faa8000b008
MOC-R4PCC04U05:78163:78236 [2] NCCL INFO New proxy send connection 6 from local rank 2, transport 0
MOC-R4PCC04U05:78163:78248 [2] NCCL INFO Connected to proxy localRank 2 -> connection 0x7faa8000b080
MOC-R4PCC04U05:78163:78236 [2] NCCL INFO New proxy send connection 7 from local rank 2, transport 0
MOC-R4PCC04U05:78163:78248 [2] NCCL INFO Connected to proxy localRank 2 -> connection 0x7faa8000b0f8
MOC-R4PCC04U05:78163:78236 [2] NCCL INFO New proxy send connection 8 from local rank 0, transport 0
MOC-R4PCC04U05:78161:78250 [0] NCCL INFO Connected to proxy localRank 2 -> connection 0x7faa8000b170
MOC-R4PCC04U05:78162:78237 [1] NCCL INFO New proxy send connection 8 from local rank 3, transport 0
MOC-R4PCC04U05:78164:78249 [3] NCCL INFO Connected to proxy localRank 1 -> connection 0x7f2f8c00b170
MOC-R4PCC04U05:78164:78239 [3] NCCL INFO New proxy send connection 9 from local rank 1, transport 0
MOC-R4PCC04U05:78162:78252 [1] NCCL INFO Connected to proxy localRank 3 -> connection 0x7fdfe400b1e8
MOC-R4PCC04U05:78161:78238 [0] NCCL INFO New proxy send connection 8 from local rank 2, transport 0
MOC-R4PCC04U05:78161:78238 [0] NCCL INFO New proxy send connection 9 from local rank 3, transport 0
MOC-R4PCC04U05:78164:78249 [3] NCCL INFO Connected to proxy localRank 0 -> connection 0x7fac0400b1e8
MOC-R4PCC04U05:78163:78248 [2] NCCL INFO Connected to proxy localRank 0 -> connection 0x7fac0400b170
MOC-R4PCC04U05:78163:78236 [2] NCCL INFO New proxy send connection 9 from local rank 1, transport 0
MOC-R4PCC04U05:78162:78252 [1] NCCL INFO Connected to proxy localRank 2 -> connection 0x7faa8000b1e8
MOC-R4PCC04U05:78163:78236 [2] NCCL INFO New proxy send connection 10 from local rank 3, transport 0
MOC-R4PCC04U05:78164:78249 [3] NCCL INFO Connected to proxy localRank 2 -> connection 0x7faa8000b260
MOC-R4PCC04U05:78162:78237 [1] NCCL INFO New proxy send connection 9 from local rank 2, transport 0
MOC-R4PCC04U05:78163:78248 [2] NCCL INFO Connected to proxy localRank 1 -> connection 0x7f2f8c00b1e8
MOC-R4PCC04U05:78164:78239 [3] NCCL INFO New proxy send connection 10 from local rank 2, transport 0
MOC-R4PCC04U05:78163:78248 [2] NCCL INFO Connected to proxy localRank 3 -> connection 0x7fdfe400b260
num decayed parameter tensors: 50, with 124,318,464 parameters
num non-decayed parameter tensors: 98, with 121,344 parameters
using fused AdamW: False
using regular AdamW
MOC-R4PCC04U05:78161:78238 [0] NCCL INFO New proxy send connection 10 from local rank 0, transport 0
MOC-R4PCC04U05:78161:80259 [0] NCCL INFO Connected to proxy localRank 0 -> connection 0x7fac0400b260
MOC-R4PCC04U05:78161:78238 [0] NCCL INFO New proxy send connection 11 from local rank 0, transport 0
MOC-R4PCC04U05:78161:80259 [0] NCCL INFO Connected to proxy localRank 0 -> connection 0x7fac0400b2d8
MOC-R4PCC04U05:78161:78238 [0] NCCL INFO New proxy send connection 12 from local rank 0, transport 0
MOC-R4PCC04U05:78161:80259 [0] NCCL INFO Connected to proxy localRank 0 -> connection 0x7fac0400b350
MOC-R4PCC04U05:78161:78238 [0] NCCL INFO New proxy send connection 13 from local rank 0, transport 0
MOC-R4PCC04U05:78161:80259 [0] NCCL INFO Connected to proxy localRank 0 -> connection 0x7fac0400b3c8
MOC-R4PCC04U05:78164:78239 [3] NCCL INFO New proxy recv connection 11 from local rank 3, transport 0
MOC-R4PCC04U05:78164:80260 [3] NCCL INFO Connected to proxy localRank 3 -> connection 0x7fdfe400b2d8
MOC-R4PCC04U05:78164:78239 [3] NCCL INFO New proxy recv connection 12 from local rank 3, transport 0
MOC-R4PCC04U05:78164:80260 [3] NCCL INFO Connected to proxy localRank 3 -> connection 0x7fdfe400b350
MOC-R4PCC04U05:78164:78239 [3] NCCL INFO New proxy recv connection 13 from local rank 3, transport 0
MOC-R4PCC04U05:78164:80260 [3] NCCL INFO Connected to proxy localRank 3 -> connection 0x7fdfe400b3c8
MOC-R4PCC04U05:78164:78239 [3] NCCL INFO New proxy recv connection 14 from local rank 3, transport 0
MOC-R4PCC04U05:78164:80260 [3] NCCL INFO Connected to proxy localRank 3 -> connection 0x7fdfe400b440
MOC-R4PCC04U05:78163:78236 [2] NCCL INFO New proxy recv connection 11 from local rank 2, transport 0
MOC-R4PCC04U05:78163:80261 [2] NCCL INFO Connected to proxy localRank 2 -> connection 0x7faa8000b2d8
MOC-R4PCC04U05:78163:78236 [2] NCCL INFO New proxy recv connection 12 from local rank 2, transport 0
MOC-R4PCC04U05:78163:80261 [2] NCCL INFO Connected to proxy localRank 2 -> connection 0x7faa8000b350
MOC-R4PCC04U05:78163:78236 [2] NCCL INFO New proxy recv connection 13 from local rank 2, transport 0
MOC-R4PCC04U05:78163:80261 [2] NCCL INFO Connected to proxy localRank 2 -> connection 0x7faa8000b3c8
MOC-R4PCC04U05:78163:78236 [2] NCCL INFO New proxy recv connection 14 from local rank 2, transport 0
MOC-R4PCC04U05:78163:80261 [2] NCCL INFO Connected to proxy localRank 2 -> connection 0x7faa8000b440
MOC-R4PCC04U05:78163:78236 [2] NCCL INFO New proxy send connection 15 from local rank 2, transport 0
MOC-R4PCC04U05:78163:80261 [2] NCCL INFO Connected to proxy localRank 2 -> connection 0x7faa8000b4b8
MOC-R4PCC04U05:78163:78236 [2] NCCL INFO New proxy send connection 16 from local rank 2, transport 0
MOC-R4PCC04U05:78163:80261 [2] NCCL INFO Connected to proxy localRank 2 -> connection 0x7faa8000b530
MOC-R4PCC04U05:78163:78236 [2] NCCL INFO New proxy send connection 17 from local rank 2, transport 0
MOC-R4PCC04U05:78163:80261 [2] NCCL INFO Connected to proxy localRank 2 -> connection 0x7faa8000b5a8
MOC-R4PCC04U05:78163:78236 [2] NCCL INFO New proxy send connection 18 from local rank 2, transport 0
MOC-R4PCC04U05:78163:80261 [2] NCCL INFO Connected to proxy localRank 2 -> connection 0x7faa8000b620
MOC-R4PCC04U05:78162:78237 [1] NCCL INFO New proxy recv connection 10 from local rank 1, transport 0
MOC-R4PCC04U05:78162:80262 [1] NCCL INFO Connected to proxy localRank 1 -> connection 0x7f2f8c00b260
MOC-R4PCC04U05:78162:78237 [1] NCCL INFO New proxy recv connection 11 from local rank 1, transport 0
MOC-R4PCC04U05:78162:80262 [1] NCCL INFO Connected to proxy localRank 1 -> connection 0x7f2f8c00b2d8
MOC-R4PCC04U05:78162:78237 [1] NCCL INFO New proxy recv connection 12 from local rank 1, transport 0
MOC-R4PCC04U05:78162:80262 [1] NCCL INFO Connected to proxy localRank 1 -> connection 0x7f2f8c00b350
MOC-R4PCC04U05:78162:78237 [1] NCCL INFO New proxy recv connection 13 from local rank 1, transport 0
MOC-R4PCC04U05:78162:80262 [1] NCCL INFO Connected to proxy localRank 1 -> connection 0x7f2f8c00b3c8
MOC-R4PCC04U05:78162:78237 [1] NCCL INFO New proxy send connection 14 from local rank 1, transport 0
MOC-R4PCC04U05:78162:80262 [1] NCCL INFO Connected to proxy localRank 1 -> connection 0x7f2f8c00b440
MOC-R4PCC04U05:78162:78237 [1] NCCL INFO New proxy send connection 15 from local rank 1, transport 0
MOC-R4PCC04U05:78162:80262 [1] NCCL INFO Connected to proxy localRank 1 -> connection 0x7f2f8c00b4b8
MOC-R4PCC04U05:78162:78237 [1] NCCL INFO New proxy send connection 16 from local rank 1, transport 0
MOC-R4PCC04U05:78162:80262 [1] NCCL INFO Connected to proxy localRank 1 -> connection 0x7f2f8c00b530
MOC-R4PCC04U05:78162:78237 [1] NCCL INFO New proxy send connection 17 from local rank 1, transport 0
MOC-R4PCC04U05:78162:80262 [1] NCCL INFO Connected to proxy localRank 1 -> connection 0x7f2f8c00b5a8
MOC-R4PCC04U05:78162:78237 [1] NCCL INFO New proxy recv connection 18 from local rank 1, transport 0
MOC-R4PCC04U05:78162:80262 [1] NCCL INFO Connected to proxy localRank 1 -> connection 0x7f2f8c00b620
MOC-R4PCC04U05:78163:78236 [2] NCCL INFO New proxy send connection 19 from local rank 2, transport 0
MOC-R4PCC04U05:78161:78238 [0] NCCL INFO New proxy recv connection 14 from local rank 0, transport 2
MOC-R4PCC04U05:78163:80261 [2] NCCL INFO Connected to proxy localRank 2 -> connection 0x7faa8000b698
MOC-R4PCC04U05:78162:78237 [1] NCCL INFO New proxy recv connection 19 from local rank 1, transport 0
MOC-R4PCC04U05:78162:80262 [1] NCCL INFO Connected to proxy localRank 1 -> connection 0x7f2f8c00b698
MOC-R4PCC04U05:78161:80259 [0] NCCL INFO Connected to proxy localRank 0 -> connection 0x7fac0400b440
MOC-R4PCC04U05:78162:78237 [1] NCCL INFO New proxy send connection 20 from local rank 1, transport 0
MOC-R4PCC04U05:78162:80262 [1] NCCL INFO Connected to proxy localRank 1 -> connection 0x7f2f8c00b710
MOC-R4PCC04U05:78163:78236 [2] NCCL INFO New proxy send connection 20 from local rank 2, transport 0
MOC-R4PCC04U05:78163:80261 [2] NCCL INFO Connected to proxy localRank 2 -> connection 0x7faa8000b710
MOC-R4PCC04U05:78162:78237 [1] NCCL INFO New proxy send connection 21 from local rank 1, transport 0
MOC-R4PCC04U05:78161:80259 [0] NCCL INFO Channel 00/0 : 4[0] -> 0[0] [receive] via NET/Socket/0
MOC-R4PCC04U05:78162:80262 [1] NCCL INFO Connected to proxy localRank 1 -> connection 0x7f2f8c00b788
MOC-R4PCC04U05:78161:78238 [0] NCCL INFO New proxy recv connection 15 from local rank 0, transport 2
MOC-R4PCC04U05:78161:80259 [0] NCCL INFO Connected to proxy localRank 0 -> connection 0x7fac0400b4b8
MOC-R4PCC04U05:78162:78237 [1] NCCL INFO New proxy send connection 22 from local rank 1, transport 0
MOC-R4PCC04U05:78162:80262 [1] NCCL INFO Connected to proxy localRank 1 -> connection 0x7f2f8c00b800
MOC-R4PCC04U05:78162:78237 [1] NCCL INFO New proxy send connection 23 from local rank 1, transport 0
MOC-R4PCC04U05:78161:80259 [0] NCCL INFO Channel 01/0 : 4[0] -> 0[0] [receive] via NET/Socket/0
MOC-R4PCC04U05:78162:80262 [1] NCCL INFO Connected to proxy localRank 1 -> connection 0x7f2f8c00b878
MOC-R4PCC04U05:78161:78238 [0] NCCL INFO New proxy recv connection 16 from local rank 0, transport 2
MOC-R4PCC04U05:78161:80259 [0] NCCL INFO Connected to proxy localRank 0 -> connection 0x7fac0400b530
MOC-R4PCC04U05:78161:80259 [0] NCCL INFO Channel 02/0 : 4[0] -> 0[0] [receive] via NET/Socket/0
MOC-R4PCC04U05:78161:78238 [0] NCCL INFO New proxy recv connection 17 from local rank 0, transport 2
MOC-R4PCC04U05:78161:80259 [0] NCCL INFO Connected to proxy localRank 0 -> connection 0x7fac0400b5a8
MOC-R4PCC04U05:78161:80259 [0] NCCL INFO Channel 03/0 : 4[0] -> 0[0] [receive] via NET/Socket/0
MOC-R4PCC04U05:78161:78238 [0] NCCL INFO New proxy send connection 18 from local rank 0, transport 2
MOC-R4PCC04U05:78161:80259 [0] NCCL INFO Connected to proxy localRank 0 -> connection 0x7fac0400b620
MOC-R4PCC04U05:78161:80259 [0] NCCL INFO Channel 00/0 : 0[0] -> 4[0] [send] via NET/Socket/0
MOC-R4PCC04U05:78161:78238 [0] NCCL INFO New proxy send connection 19 from local rank 0, transport 2
MOC-R4PCC04U05:78161:80259 [0] NCCL INFO Connected to proxy localRank 0 -> connection 0x7fac0400b698
MOC-R4PCC04U05:78161:80259 [0] NCCL INFO Channel 01/0 : 0[0] -> 4[0] [send] via NET/Socket/0
MOC-R4PCC04U05:78161:78238 [0] NCCL INFO New proxy send connection 20 from local rank 0, transport 2
MOC-R4PCC04U05:78161:80259 [0] NCCL INFO Connected to proxy localRank 0 -> connection 0x7fac0400b710
MOC-R4PCC04U05:78161:80259 [0] NCCL INFO Channel 02/0 : 0[0] -> 4[0] [send] via NET/Socket/0
MOC-R4PCC04U05:78161:78238 [0] NCCL INFO New proxy send connection 21 from local rank 0, transport 2
MOC-R4PCC04U05:78161:80259 [0] NCCL INFO Connected to proxy localRank 0 -> connection 0x7fac0400b788
MOC-R4PCC04U05:78161:80259 [0] NCCL INFO Channel 03/0 : 0[0] -> 4[0] [send] via NET/Socket/0
MOC-R4PCC04U05:78161:78238 [0] NCCL INFO New proxy recv connection 22 from local rank 0, transport 0
MOC-R4PCC04U05:78161:80259 [0] NCCL INFO Connected to proxy localRank 0 -> connection 0x7fac0400b800
MOC-R4PCC04U05:78161:78238 [0] NCCL INFO New proxy recv connection 23 from local rank 0, transport 0
MOC-R4PCC04U05:78161:80259 [0] NCCL INFO Connected to proxy localRank 0 -> connection 0x7fac0400b878
MOC-R4PCC04U05:78161:78238 [0] NCCL INFO New proxy recv connection 24 from local rank 0, transport 0
MOC-R4PCC04U05:78161:80259 [0] NCCL INFO Connected to proxy localRank 0 -> connection 0x7fac0400b8f0
MOC-R4PCC04U05:78161:78238 [0] NCCL INFO New proxy recv connection 25 from local rank 0, transport 0
MOC-R4PCC04U05:78161:80259 [0] NCCL INFO Connected to proxy localRank 0 -> connection 0x7fac0400b968
MOC-R4PCC04U05:78162:78237 [1] NCCL INFO New proxy send connection 24 from local rank 0, transport 0
MOC-R4PCC04U05:78161:80259 [0] NCCL INFO Connected to proxy localRank 1 -> connection 0x7f2f8c00b8f0
MOC-R4PCC04U05:78161:78238 [0] NCCL INFO New proxy send connection 26 from local rank 1, transport 0
MOC-R4PCC04U05:78162:80262 [1] NCCL INFO Connected to proxy localRank 0 -> connection 0x7fac0400b9e0
step    1/10 | train loss 11.008545 | norm 15.8512 | lr 1.00e-04 | (16481.83 ms | 15905 tok/s)
step    2/10 | train loss 10.116459 | norm 5.8732 | lr 1.00e-04 | (176.91 ms | 1481820 tok/s)
step    3/10 | train loss 9.765987 | norm 2.6306 | lr 1.00e-04 | (172.40 ms | 1520546 tok/s)
step    4/10 | train loss 9.596251 | norm 2.1068 | lr 1.00e-04 | (173.93 ms | 1507213 tok/s)
step    5/10 | train loss 9.513399 | norm 2.1000 | lr 1.00e-04 | (175.64 ms | 1492476 tok/s)
step    6/10 | train loss 9.431201 | norm 1.9935 | lr 1.00e-04 | (176.73 ms | 1483285 tok/s)
step    7/10 | train loss 9.345899 | norm 1.9369 | lr 1.00e-04 | (178.21 ms | 1470993 tok/s)
step    8/10 | train loss 9.256414 | norm 1.9010 | lr 1.00e-04 | (174.77 ms | 1499938 tok/s)
step    9/10 | train loss 9.164127 | norm 1.8592 | lr 1.00e-04 | (174.69 ms | 1500593 tok/s)
step   10/10 | train loss 9.071930 | norm 1.7839 | lr 1.00e-04 | (174.03 ms | 1506325 tok/s)
final 9 iters avg: 175.257ms
peak memory consumption: 16121 MiB
Collecting data...
Generating '/tmp/nsys-report-3a95.qdstrm'
[1/1] [0%                          ] report.nsys-rep[1/1] [0%                          ] report.nsys-rep[1/1] [5%                          ] report.nsys-rep[1/1] [6%                          ] report.nsys-rep[1/1] [5%                          ] report.nsys-rep[1/1] [8%                          ] report.nsys-rep[1/1] [7%                          ] report.nsys-rep[1/1] [10%                         ] report.nsys-rep[1/1] [9%                          ] report.nsys-rep[1/1] [12%                         ] report.nsys-rep[1/1] [11%                         ] report.nsys-rep[1/1] [13%                         ] report.nsys-rep[1/1] [12%                         ] report.nsys-rep[1/1] [13%                         ] report.nsys-rep[1/1] [12%                         ] report.nsys-rep[1/1] [13%                         ] report.nsys-rep[1/1] [12%                         ] report.nsys-rep[1/1] [14%                         ] report.nsys-rep[1/1] [13%                         ] report.nsys-rep[1/1] [=15%                        ] report.nsys-rep[1/1] [14%                         ] report.nsys-rep[1/1] [=15%                        ] report.nsys-rep[1/1] [14%                         ] report.nsys-rep[1/1] [13%                         ] report.nsys-rep[1/1] [12%                         ] report.nsys-rep[1/1] [11%                         ] report.nsys-rep[1/1] [10%                         ] report.nsys-rep[1/1] [11%                         ] report.nsys-rep[1/1] [12%                         ] report.nsys-rep[1/1] [13%                         ] report.nsys-rep[1/1] [14%                         ] report.nsys-rep[1/1] [=15%                        ] report.nsys-rep[1/1] [=16%                        ] report.nsys-rep[1/1] [=17%                        ] report.nsys-rep[1/1] [==18%                       ] report.nsys-rep[1/1] [==19%                       ] report.nsys-rep[1/1] [==20%                       ] report.nsys-rep[1/1] [==21%                       ] report.nsys-rep[1/1] [===22%                      ] report.nsys-rep[1/1] [===23%                      ] report.nsys-rep[1/1] [===24%                      ] report.nsys-rep[1/1] [====25%                     ] report.nsys-rep[1/1] [====26%                     ] report.nsys-rep[1/1] [====27%                     ] report.nsys-rep[1/1] [====28%                     ] report.nsys-rep[1/1] [=====29%                    ] report.nsys-rep[1/1] [=====30%                    ] report.nsys-rep[1/1] [=====31%                    ] report.nsys-rep[1/1] [=====32%                    ] report.nsys-rep[1/1] [======33%                   ] report.nsys-rep[1/1] [======34%                   ] report.nsys-rep[1/1] [======35%                   ] report.nsys-rep[1/1] [=======36%                  ] report.nsys-rep[1/1] [=======37%                  ] report.nsys-rep[1/1] [=======38%                  ] report.nsys-rep[1/1] [=======39%                  ] report.nsys-rep[1/1] [========40%                 ] report.nsys-rep[1/1] [========41%                 ] report.nsys-rep[1/1] [========42%                 ] report.nsys-rep[1/1] [=========43%                ] report.nsys-rep[1/1] [=========44%                ] report.nsys-rep[1/1] [=========45%                ] report.nsys-rep[1/1] [=========46%                ] report.nsys-rep[1/1] [==========47%               ] report.nsys-rep[1/1] [==========48%               ] report.nsys-rep[1/1] [==========49%               ] report.nsys-rep[1/1] [===========50%              ] report.nsys-rep[1/1] [===========51%              ] report.nsys-rep[1/1] [===========52%              ] report.nsys-rep[1/1] [===========53%              ] report.nsys-rep[1/1] [============54%             ] report.nsys-rep[1/1] [============55%             ] report.nsys-rep[1/1] [============56%             ] report.nsys-rep[1/1] [============57%             ] report.nsys-rep[1/1] [=============58%            ] report.nsys-rep[1/1] [=============59%            ] report.nsys-rep[1/1] [=============60%            ] report.nsys-rep[1/1] [==============61%           ] report.nsys-rep[1/1] [==============62%           ] report.nsys-rep[1/1] [========================100%] report.nsys-rep[1/1] [========================100%] report.nsys-rep
Generated:
	/tmp/report.nsys-rep
=======Writing nstate post data=======
#kernel
IpInReceives                    354093             0.0
IpInDelivers                    354093             0.0
IpOutRequests                   350681             0.0
IpOutTransmits                  350681             0.0
IcmpInMsgs                      6                  0.0
IcmpInEchos                     6                  0.0
IcmpOutMsgs                     6                  0.0
IcmpOutEchoReps                 6                  0.0
IcmpMsgInType8                  6                  0.0
IcmpMsgOutType0                 6                  0.0
TcpActiveOpens                  1039               0.0
TcpPassiveOpens                 1042               0.0
TcpInSegs                       354085             0.0
TcpOutSegs                      890186             0.0
TcpRetransSegs                  264                0.0
TcpOutRsts                      20                 0.0
UdpInDatagrams                  2                  0.0
UdpOutDatagrams                 2                  0.0
Ip6OutRequests                  11                 0.0
Ip6OutDiscards                  1                  0.0
Ip6OutMcastPkts                 10                 0.0
Ip6OutOctets                    616                0.0
Ip6OutMcastOctets               616                0.0
Ip6OutTransmits                 10                 0.0
Icmp6OutMsgs                    11                 0.0
Icmp6OutRouterSolicits          5                  0.0
Icmp6OutNeighborSolicits        1                  0.0
Icmp6OutMLDv2Reports            5                  0.0
Icmp6OutType133                 5                  0.0
Icmp6OutType135                 1                  0.0
Icmp6OutType143                 5                  0.0
TcpExtTW                        1802               0.0
TcpExtDelayedACKs               620                0.0
TcpExtDelayedACKLocked          1                  0.0
TcpExtDelayedACKLost            131                0.0
TcpExtTCPHPHits                 8218               0.0
TcpExtTCPPureAcks               46998              0.0
TcpExtTCPHPAcks                 105280             0.0
TcpExtTCPLossProbes             472                0.0
TcpExtTCPLossProbeRecovery      48                 0.0
TcpExtTCPBacklogCoalesce        290                0.0
TcpExtTCPDSACKOldSent           131                0.0
TcpExtTCPDSACKRecv              216                0.0
TcpExtTCPDSACKIgnoredNoUndo     214                0.0
TcpExtTCPRcvCoalesce            11882              0.0
TcpExtTCPAutoCorking            89647              0.0
TcpExtTCPWantZeroWindowAdv      202                0.0
TcpExtTCPOrigDataSent           757996             0.0
TcpExtTCPHystartTrainDetect     519                0.0
TcpExtTCPHystartTrainCwnd       12272              0.0
TcpExtTCPKeepAlive              12                 0.0
TcpExtTCPDelivered              759251             0.0
TcpExtTCPDSACKRecvSegs          216                0.0
IpExtInOctets                   5556725028         0.0
IpExtOutOctets                  6083010125         0.0
IpExtInNoECTPkts                847024             0.0
