mocr4pcc02u16:129:129 [1] NCCL INFO cudaDriverVersion 12080
mocr4pcc02u16:129:129 [1] NCCL INFO NCCL_SOCKET_IFNAME set by environment to eno6np0
mocr4pcc02u16:129:129 [1] NCCL INFO NCCL_SOCKET_IFNAME set to eno6np0
mocr4pcc02u16:129:129 [1] NCCL INFO Bootstrap: Using eno6np0:192.168.90.100<0>
mocr4pcc02u16:129:129 [1] NCCL INFO NCCL version 2.26.2+cuda12.2
mocr4pcc02u16:129:129 [1] NCCL INFO init.cc:1670 Cuda Host Alloc Size 4 pointer 0x7f1f2d400000
mocr4pcc02u16:129:129 [1] NCCL INFO Comm config Blocking set to 1
mocr4pcc02u16:130:158 [2] NCCL INFO NET/Plugin: Could not find: libnccl-net.so. Using internal net plugin.
mocr4pcc02u16:130:158 [2] NCCL INFO NCCL_IB_DISABLE set by environment to 0.
mocr4pcc02u16:130:158 [2] NCCL INFO NCCL_SOCKET_IFNAME set by environment to eno6np0
mocr4pcc02u16:131:159 [3] NCCL INFO NCCL_IB_HCA set to mlx5_2
mocr4pcc02u16:129:160 [1] NCCL INFO NET/IB : Made virtual device [0] name=mlx5_2 speed=400000 ndevs=1
mocr4pcc02u16:129:160 [1] NCCL INFO NET/IB : Using [0]mlx5_2:1/RoCE [RO]; OOB eno6np0:192.168.90.100<0>
mocr4pcc02u16:129:160 [1] NCCL INFO PROFILER/Plugin: Could not find: libnccl-profiler.so. 
mocr4pcc02u16:129:160 [1] NCCL INFO Using network IB
mocr4pcc02u16:131:159 [3] NCCL INFO NCCL_DMABUF_ENABLE set by environment to 1.
mocr4pcc02u16:131:159 [3] NCCL INFO DMA-BUF is available on GPU device 3
mocr4pcc02u16:129:160 [1] NCCL INFO ncclCommInitRankConfig comm 0x55fe58913a60 rank 1 nranks 8 cudaDev 1 nvmlDev 1 busId 26000 commId 0x85e670983a51800b - Init STARTmocr4pcc02u16:128:157 [0] NCCL INFO RAS network listening socket at 192.168.90.100<57331>
mocr4pcc02u16:128:157 [0] NCCL INFO RAS client listening socket at ::1<28028>
mocr4pcc02u16:128:157 [0] NCCL INFO Mem Realloc old size 0, new size 256 pointer 0x55cc6e047600
mocr4pcc02u16:128:172 [0] NCCL INFO RAS thread started
mocr4pcc02u16:128:172 [0] NCCL INFO Mem Realloc old size 0, new size 32 pointer 0x7f3648004e10
mmocr4pcc02u16:129:160 [1] NCCL INFO Bootstrap timings total 0.697402 (create 0.000115, send 0.000268, recv 0.000878, ring 0.694773, delay 0.000001)mmocr4pcc02u16:130:170 [0] NCCL INFO RAS handling local addRanks request (old nRasPeers 0)mmocr4pcc02u16:130:170 [0] NCCL INFO RAS finished local processing of addRanks request (new nRasPeers 8, nRankPeers 8)
mocr4pcc02u16:130:170 [0] NCCL INFO RAS link 1: opening new primary connection with 192.168.90.100<50937>mocr4pcc02u16:128:172 [0] NCCL INFO RAS link -1: calculated deferred primary connection with 192.168.90.100<50937>
mmocr4pcc02u16:130:170 [0] NCCL INFO Mem Realloc old size 32, new size 64 pointer 0x7fcfa8005530
mocr4pcc02u16:130:170 [0] NCCL INFO RAS new incoming socket connection from 192.168.90.100<33998>
mocr4pcc02u16:130:170 [0] NCCL INFO RAS handling connInitAck from 192.168.90.100<50937> (nack 0)
mocr4pcc02u16:130:170 [0] NCCL INFO RAS established connection with 192.168.90.100<50937> (sendQ empty, experiencingDelays 0, startRetryTime 0.00s)
mocr4pcc02u16:130:170 [0] NCCL INFO RAS handling connInit from 192.168.90.100<33998> (version 22602, listeningAddr 192.168.90.100<37027>, peersHash 0xbb6295f5b7697104, deadPeersHash 0x0)mocr4pcc02u16:128:157 [0] NCCL INFO TOPO/NET : Importing network plugins to topology
mocr4pcc02u16:128:157 [0] NCCL INFO Retrieving state for IB
mocr4pcc02u16:128:157 [0] NCCL INFO Initialized state 0 for IB
mocr4pcc02u16:128:157 [0] NCCL INFO NET/IB : GPU Direct RDMA Enabled for HCA 0 'mlx5_2'
mocr4pcc02u16:128:157 [0] NCCL INFO ncclTopoPopulateNics : Filled mlx5_2 in topo with pciPath=/sys/devices/pci0000:20/0000:20:01.1/0000:21:00.0/0000:22:00.0/0000:23:00.0 keep=1 coll=(null)
mocr4pcc02u16:128:157 [0] NCCL INFO NET/IB : Made virtual device [1] name=mlx5_2 speed=400000 ndevs=1
mocr4pcc02u16:128:157 [0] NCCL INFO TOPO/NET : Made vNic 1
mocr4pcc02u16:128:157 [0] NCCL INFO NET/IB : GPU Direct RDMA Enabled for HCA 0 'mlx5_2'
mocr4pcc02u16:128:157 [0] NCCL INFO ncclTopoPopmocr4pcc02u16:129:160 [1] NCCL INFO TOPO/NET : Importing network plugins to topology
mocr4pcc02u16:129:160 [1] NCCL INFO Retrieving state for IB
mocr4pcc02u16:129:160 [1] NCCL INFO Initialized state 0 for IB
mocr4pcc02u16:129:160 [1] NCCL INFO NET/IB : GPU Direct RDMA Enabled for HCA 0 'mlx5_2'
mocr4pcc02u16:129:160 [1] NCCL INFO ncclTopoPopulateNics : Filled mlx5_2 in topo with pciPath=/sys/devices/pci0000:20/0000:mocr4pcc02u16:128:157 [0] NCCL INFO GPU Direct RDMA Enabled for GPU 0 / HCA 1 (distance 5 <= 5), read 0 mode Default
mocr4pcc02u16:128:157 [0] NCCL INFO GPU Direct RDMA Enabled for GPU 1 / HCA 1 (distance 5 <= 5), read 0 mode Default
mocr4pcc02u16:128:157 [0] NCCL INFO GPU Direct RDMA Enabled for GPU 2 / HCA 1 (distance 5 <= 5), read 0 mode Default
mocr4pcc02u16:128:157 [0] NCCL INFO GPU Direct RDMA Enabled for GPU 3 / HCA 1 (distance 5 <= 5), read 0 mode Default
mocr4pcc02u16:128:157 [0] NCCL INFO GPU Direct RDMA Enabled for GPU 0 / HCA 1 (distance 5 <= 5), read 0 mode Default
mocr4pcc02u16:128:157 [0] NCCL INFO GPU Direct RDMA Enabled for GPU 1 / HCA 1 (distance 5 <= 5), read 0 mode Default
mocr4pcc02u16:128:157 [0] NCCL INFO GPU Direct RDMA Enabled for GPU 2 / HCA 1 (distance 5 <= 5), read 0 mode Default
mocr4pcc02u16:128:157 [0] NCCL INFO GPU Direct RDMA Enabled for GPU 3 / HCA 1 (distance 5 <= 5), read 0 mode Default
mocr4pcc02u16:128:157 [0] NCCL INFO === System : maxBw 48.0 totalBw 370.8 ===
mocr4pcc02u16:128:157 [0] NCCL INFO CPU/0-0 (1/2/-1)
mocr4pcc02u16:128:157 [0] NCCL INFO + PCI[48.0] - PCI/0-1000 (15b3197900000000)
mocr4pcc02u16:128:157 [0] NCCL INFO               + PCI[48.0] - PCI/0-4000 (15b3197900000000)
mocr4pcc02u16:128:157 [0] NCCL INFO                             + PCI[48.0] - GPU/0-6000 (0)
mocr4pcc02u16:128:157 [0] NCCL INFO                                           + NVL[123.6] - GPU/0-26000
mocr4pcc02u16:128:157 [0] NCCL INFO                                           + NVL[123.6] - GPU/0-a6000
mocr4pcc02u16:128:157 [0] NCCL INFO                                           + NVL[123.6] - GPU/0-c6000
mocr4pcc02u16:128:157 [0] NCCL INFO + PCI[48.0] - PCI/0-21000 (15b3197900000000)
mocr4pcc02u16:128:157 [0] NCCL INFO               + PCI[48.0] - NIC/0-23000
mocr4pcc02u16:128:157 [0] NCCL INFO                             + NET[50.0] - NET/0-1 (0/d8c0270003c288a0/1/50.000000)
mocr4pcc02u16:128:157 [0] NCCL INFO               + PCI[48.0] - PCI/0-24000 (15b3197900000000)
mocr4pcc02u16:128:157 [0] NCCL INFO                             + PCI[48.0] - GPU/0-26000 (1)
mocr4pcc02u16:128:157 [0] NCCL INFO                                           + NVL[123.6] - GPU/0-6000
mocr4pcc02u16:128:157 [0] NCCL INFO                                           + NVL[123.6] - GPU/0-c6000
mocr4pcc02u16:128:157 [0] NCCL INFO                                           + NVL[123.6] - GPU/0-a6000
mocr4pcc02u16:128:157 [0] NCCL INFO + SYS[16.0] - CPU/0-1
mocr4pcc02u16:128:157 [0] NCCL INFO CPU/0-1 (1/2/-1)
mocr4pcc02u16:128:157 [0] NCCL INFO + PCI[48.0] - PCI/0-a1000 (15b3197900000000)
mocr4pcc02u16:128:157 [0] NCCL INFO               + PCI[48.0] - PCI/0-a4000 (15b3197900000000)
mocr4pcc02u16:128:157 [0] NCCL INFO                             + PCI[48.0] - GPU/0-a6000 (2)
mocr4pcc02u16:128:157 [0] NCCL INFO                                           + NVL[123.6] - GPU/0-26000
mocr4pcc02u16:128:157 [0] NCCL INFO                                           + NVL[123.6] - GPU/0-6000
mocr4pcc02u16:128:157 [0] NCCL INFO                                           + NVL[123.6] - GPU/0-c6000
mocr4pcc02u16:128:157 [0] NCCL INFO + PCI[48.0] - PCI/0-c1000 (15b3197900000000)
mocr4pcc02u16:128:157 [0] NCCL INFO               + PCI[48.0] - PCI/0-c4000 (15b3197900000000)
mocr4pcc02u16:128:157 [0] NCCL INFO                             + PCI[48.0] - GPU/0-c6000 (3)
mocr4pcc02u16:128:157 [0] NCCL INFO                                           + NVL[123.6] - GPU/0-6000
mocr4pcc02u16:128:157 [0] NCCL INFO                                           + NVL[123.6] - GPU/0-26000
mocr4pcc02u16:128:157 [0] NCCL INFO                                           + NVL[123.6] - GPU/0-a6000
mocr4pcc02u16:128:157 [0] NCCL INFO + SYS[16.0] - CPU/0-0
mocr4pcc02u16:128:157 [0] NCCL INFO ==========================================
mocr4pcc02u16:128:157 [0] NCCL INFO GPU/0-6000 :GPU/0-6000 (0/5000.0/LOC) GPU/0-26000 (1/123.6/NVL) GPU/0-a6000 (1/123.6/NVL) GPU/0-c6000 (1/123.6/NVL) CPU/0-0 (3/48.0/PHB) CPU/0-1 (4/16.0/SYS) NET/0-1 (5/48.0/PXN) 
mocr4pcc02u16:128:157 [0] NCCL INFO GPU/0-26000 :GPU/0-6000 (1/123.6/NVL) GPU/0-26000 (0/5000.0/LOC) GPU/0-a6000 (1/123.6/NVL) GPU/0-c6000 (1/123.6/NVL) CPU/0-0 (3/48.0/PHB) CPU/0-1 (4/16.0/SYS) NET/0-1 (4/48.0/PXB) 
mocr4pcc02u16:128:157 [0] NCCL INFO GPU/0-a6000 :GPU/0-6000 (1/123.6/NVL) GPU/0-26000 (1/123.6/NVL) GPU/0-a6000 (0/5000.0/LOC) GPU/0-c6000 (1/123.6/NVL) CPU/0-0 (4/16.0/SYS) CPU/0-1 (3/48.0/PHB) NET/0-1 (5/48.0/PXN) 
mocr4pcc02u16:128:157 [0] NCCL INFO GPU/0-c6000 :GPU/0-6000 (1/123.6/NVL) GPU/0-26000 (1/123.6/NVL) GPU/0-a6000 (1/123.6/NVL) GPU/0-c6000 (0/5000.0/LOC) CPU/0-0 (4/16.0/SYS) CPU/0-1 (3/48.0/PHB) NET/0-1 (5/48.0/PXN) 
mocr4pcc02u16:128:157 [0] NCCL INFO NET/0-1 :GPU/0-6000 (6/48.0/PHB) GPU/0-26000 (4/48.0/PXB) GPU/0-a6000 (7/16.0/SYS) GPU/0-c6000 (7/16.0/SYS) CPU/0-0 (3/48.0/PHB) CPU/0-1 (4/16.0/SYS) NET/0-1 (0/5000.0/LOC) 
mocr4pcc02u16:128:157 [0] NCCL INFO Setting affinity for GPU 0 to ffffffff,ffffffff,ffffffff,ffffffff,00000000,00000000,00000000,00000000,ffffffff,ffffffff,ffffffff,ffffffff
mocr4pcc02u16:128:157 [0] NCCL INFO NVLS multicast support is not available on dev 0
mocr4pcc02u16:128:157 [0] NCCL INFO Pattern 4, crossNic 0, nChannels 2, bw 24.000000/24.000000, type NVL/PXN, sameChannels 1
mocr4pcc02u16:128:157 [0] NCCL INFO  0 : NET/0-1 GPU/1 GPU/3 GPU/2 GPU/0 NET/0-1
mocr4pcc02u16:128:157 [0] NCCL INFO  1 : NET/0-1 GPU/1 GPU/3 GPU/2 GPU/0 NET/0-1
mocr4pcc02u16:128:157 [0] NCCL INFO Pattern 3, crossNic 0, nChannels 2, bw 48.000000/24.000000, type NVL/PXB, sameChannels 1
mocr4pcc02u16:128:157 [0] NCCL INFO  0 : NET/0-1 GPU/1 GPU/2 GPU/3 GPU/0 NET/0-1
mocr4pcc02u16:128:157 [0] NCCL INFO  1 : NET/0-1 GPU/1 GPU/2 GPU/3 GPU/0 NET/0-1
mocr4pcc02u16:128:157 [0] NCCL INFO comm 0x55cc6f84adc0 rank 0 nRanks 8 nNodes 2 localRanks 4 localRank 0 MNNVL 0
mocr4pcc02u16:128:157 [0] NCCL INFO Channel 00/04 : 0 5 7 6 4 1 3 2
mocr4pcc02u16:128:157 [0] NCCL INFO Channel 01/04 : 0 5 7 6 4 1 3 2
mocr4pcc02u16:128:157 [0] NCCL INFO Channel 02/04 : 0 5 7 6 4 1 3 2
mocr4pcc02u16:128:157 [0] NCCL INFO Channel 03/04 : 0 5 7 6 4 1 3 2
mocr4pcc02u16:128:157 [0] NCCL INFO Ring 00 : 2 -> 0 -> 5
mocr4pcc02u16:128:157 [0] NCCL INFO Ring 01 : 2 -> 0 -> 5
mocr4pcc02u16:128:157 [0] NCCL INFO Ring 02 : 2 -> 0 -> 5
mmocr4pcc02u16:131:159 [3] NCCL INFO UDS: Creating service thread comm 0x560a89767e70 rank 3
mocr4pcc02u16:130:158 [2] NCCL INFO misc/utils.cc:233 memory stack hunk malloc(65536)
mocr4pcc02u16:131:174 [3] NCCL INFO [Proxy Service] Device 3 CPU core 454
mocr4pcc02u16:131:176 [3] NCCL INFO [Proxy Service UDS] Device 3 CPU core 468
mocr4pcc02u16:130:158 [2] NCCL INFO channel.cc:42 Cuda Alloc Size 4864 pointer 0x7fcf39e00000
mocr4pcc02u16:130:158 [2] NCCL INFO channel.cc:45 Cuda Alloc Size 104 pointer 0x7fcf87e00000
mocr4pcc02u16:130:158 [2] NCCL INFO channel.cc:56 Cuda Alloc Size 32 pointer 0x7fcf77400000
mocr4pcc02u16:131:159 [3] NCCL INFO channel.cc:42 Cuda Alloc Size 4864 pointer 0x7f0915600000
mocr4pcc02u16:131:159 [3] NCCL INFO channel.cc:45 Cuda Alloc Size 104 pointer 0x7f0915800000
mocr4pcc02u16:131:159 [3] NCCL INFO channel.cc:56 Cuda Alloc Size 32 pointer 0x7f0915a00000
mocr4pcc02u16:131:159 [3] NCCL INFO channel.cc:42 Cuda Alloc Size 4864 pointer 0x7f0915c00000
mocr4pcc02u16:131:159 [3] NCCL INFO channel.cc:45 Cuda Alloc Size 104 pointer 0x7f0915e00000
mocr4pcc02u16:131:159 [3] NCCL INFO channel.cc:56 Cuda Alloc Size 32 pointer 0x7f0917400000
mocr4pcc02u16:131:159 [3] NCCL INFO channel.cc:42 Cuda Alloc Size 4864 pointer 0x7f0917600000
mocr4pcc02u16:131:159 [3] NCCL INFO channel.cc:45 Cuda Alloc Size 104 pointer 0x7f0917800000
mocr4pcc02u16:131:159 [3] NCCL INFO channel.cc:56 Cuda Alloc Size 32 pointer 0x7f0917a00000
mocr4pcc02u16:131:159 [3] NCCL INFO threadThresholds 8/8/64 | 64/8/64 | 512 | 512
mocr4pcc02u16:131:159 [3] NCCL INFO 4 coll channels, 4 collnet channels, 0 nvls channels, 4 p2p channels, 2 p2p channels per peer
mocr4pcc02u16:131:159 [3] NCCL INFO init.cc:436 Cuda Alloc Size 23648 pointer 0x7f0917c00000
mocr4pcc02u16:131:159 [3] NCCL INFO init.cc:438 Cuda Alloc Size 32 pointer 0x7f0917e00000
mocr4pcc02u16:131:159 [3] NCCL INFO init.cc:480 Cuda Host Alloc Size 1048576 pointer 0x7f090d400200
mocr4pcc02u16:131:159 [3] NCCL INFO init.cc:485 Cuda Host Alloc Size 256 pointer 0x7f090d500200
mocr4pcc02u16:131:159 [3] NCCL INFO init.cc:492 Cuda Host Alloc Size 512 pointer 0x7f090d500400
mocr4pcc02u16:131:159 [3] NCCL INFO init.cc:493 Cuda Host Alloc Size 512 pointer 0x7f090d500600
mocr4pcc02u16:131:159 [3] NCCL INFO TUNER/Plugin: Could not find: libnccl-tuner.so. Using internal tuner plugin.
mocr4pcc02u16:131:159 [3] NCCL INFO ncclCommInitRankConfig comm 0x560a89767e70 rank 3 nranks 8 cudaDev 3 nvmlDev 3 busId c6000 commId 0x85e670983a51800b - Init COMPLETE
mocr4pcc02u16:131:159 [3] NCCL INFO Init timings - ncclCommInitRankConfig: rank 3 nranks 8 total 4.02 (kernels 0.30, alloc 2.47, bootstrap 0.70, allgathers 0.24, topo 0.30, graphs 0.00, connections 0.01, rest 0.00)
mocr4pcc02u16:130:130 [2] NCCL INFO AllGather: opCount 0 sendbuff 0x7fcf6f476800 recvbuff 0x7fcf6f477a00 count 1 datatype 4 op 0 root 0 comm 0x55abf02e8fa0 [nranks=8] stream 0x55abed147b90
mocr4pcc02u16:130:130 [2] NCCL INFO misc/utils.cc:233 memory stack hunk malloc(65536)
mocr4pcc02u16:131:174 [3] NCCL INFO Mem Realloc old size 0, new size 8 pointermocr4pcc02u16:130:173 [2] NCCL INFO Mem Realloc old size 0, new size 8 pointer 0x7fcfa0004f20
mocr4pcc02u16:130:173 [2] NCCL INFO New proxy send connection 0 from local rank 2, transport 0
mocr4pcc02u16:130:173 [2] NCCL INFO proxyProgressAsync opId=0x7fcf5ef91290 op.type=1 op.reqBuff=0x7fcfa0004ee0 op.respSize=16 done
mocr4pcc02u16:130:182 [2] NCCL INFO ncclPollProxyResponse Received new opId=0x7fcf5ef91290
mocr4pcc02u16:130:182 [2] NCCL INFO resp.opId=0x7fcf5ef91290 matches expected opId=0x7fcf5ef91290
mocr4pcc02u16:130:173 [2] NCCL INFO Received and initiated operation=Init res=0
mocr4pcc02u16:130:mocr4pcc02u16:131:174 [3] NCCL INFO Allocated shareable buffer 0x7f0923400000 mocr4pcc02u16:130:173 [2] NCCL INFO Allocated shareable buffer 0x7fcf93800000 size 2097152 ipcDesc 0x7fcfa0008b80
mocr4pcc02u16:130:173 [2] NCCL INFO proxyProgressAsync opId=0x7fcf5ef91290 op.type=3 op.reqBuff=0x7fcfa0008b50 op.respSize=88 done
mocr4pcc02u16:130:182 [2] NCCL INFO ncclPollProxyResponse Received new opId=0x7fcf5ef91290
mocr4pcc02u16:130:173 [2] NCCL INFO Received and initiated operation=Setup res=0
mocr4pcc02u16:130:182 [2] NCCL INFO resp.opId=0x7fcf5ef91290 matches expected opId=0x7fcf5ef91290
mocr4pcc02u16:130:182 [2] NCCL INFO Channel 01/0 : 2[2] -> 0[0] via P2P/CUMEM
mocr4pcc02u16:130:173 [2] NCCL INFO New proxy send connection 1 from local rank 2, transport 0
mocr4pcc02u16:130:173 [2] NCCL INFO proxyProgressAsync opId=0x7fcf5ef91290 op.type=1 op.reqBuff=0x7fcfa000a4d0 op.respSize=16 done
mocr4pcc02u16:130:182 [2] NCCL INFO ncclPollProxyResponse Received new opId=0x7fcf5ef91290
mocr4pcc02u16:130:173 [2] NCCL INFO Received and initiated operation=Init res=0
mocr4mocr4pcc02u16:129:178 [1] NCCL INFO Allocated shareable buffer 0x7f1f41800000 size 2097152 ipcDesc 0x7f1f50008b80
mocr4pcc02u16:129:178 [1] NCCL INFO proxyProgressAsync opId=0x7f1ee6f91290 mocr4pcc02u16:130:173 [2] NCCL INFO Allocated shareable buffer 0x7fcf93a00000 size 2097152 ipcDesc 0x7fcfa000a540
mocr4pcc02u16:130:173 [2] NCCL INFO proxyProgressAsync opId=0x7fcf5ef91290 op.type=3 op.reqBuff=0x7fcfa000a510 op.respSize=88 done
mocr4pcc02u16:130:182 [2] NCCL INFO ncclPollProxyResponse Received new opId=0x7fcf5ef91290
mocr4pcc02u16:130:173 [2] NCCL INFO Received and initiated operationmocr4pcc02u16:129:178 [1] NCCL INFO Allocated 33030532 bytes of shared memory in /dev/shm/nccl-2dsQNY
mocr4pcc02u16:129:178 [1] NCCL INFO New proxy send connection 1 from local rank 0, transport 2
mocr4pcc02u16:129:178 [1] NCCL INFO proxyProgressAsync opId=0x7f3612f91290 op.type=1 op.reqBuff=0x7f1f5000a4d0 op.respSize=16 done
mocr4pcc02u16:129:178 [1] NCCL INFO Received and initiated operation=Init res=0
mocr4pcc02u16:129:178 [1] NCCL INFO New proxy send connection 2 from local rank 1, transport 0
mocr4pcc02u16:129:178 [1] NCCL INFO proxyProgressAsync opId=0x7f1ee6f91290 op.type=1 op.reqBuff=0x7f1f5000a7f0 op.respSize=16 done
mocr4pcc02u16:129:183 [1] NCCL INFO ncclPollProxyResponse Received new opId=0x7f1ee6f91290
mocr4pcc02u16:129:178 [1] NCCL INFO Received and initiated operation=Init res=0
mocr4pcc02u16:129:185 [1] NCCL INFO [Proxy Progress] Device 1 CPU core 270
mocr4pcc02u16:129:183 [1] NCCL INFO resp.opId=0x7f1ee6f91290 matches expected opId=0x7f1ee6f91290
mocr4pcc02u16:129:183 [1] NCCL INFO Connected to proxy localRank 1 -> connection 0x7f1f50005030
mocr4pcc02u16:129:178 [1] NCCL INFO Allocated shareable buffer 0x7f1f41a00000 size 2097152 ipcDesc 0x7f1f5000a860
mocr4pcc02u16:129:178 [1] NCCL INFO proxyProgressAsync opId=0x7f1ee6f91290 op.type=3 op.reqBuff=0x7f1f5000a830 op.respSize=88 done
mocr4pcc02u16:129:183 [1] NCCL INFO ncclPollProxyResponse Received new opId=0x7f1ee6f91290
mocr4pcc02u16:129:178 [1] NCCL INFO Received and initiated operation=Setup res=0
mocr4pcc02u16:129:183 [1] NCCL INFO resp.opId=0x7f1ee6f91290 matches expected opId=0x7f1ee6f91290
mocr4pcc02u16:129:183 [1] NCCL INFO Channel 02/0 : 1[1] -> 3[3] via P2P/CUMEM
mocr4pcc02u16:129:178 [1] NCCL INFO proxyProgressAsync opId=0x7f3612f91290 op.type=3 op.reqBuff=0x7f1f5000bf70 op.respSize=0 done
mocr4pcc02u16:129:178 [1] NCCL INFO Received and initiated operation=Setup res=0
mocr4pcc02u16:129:178 [1] NCCL INFO New proxy send connection 3 from local rank 1, transport 0
mocr4pcc02u16:129:178 [1] NCCL INFO proxyProgressAsync opId=0x7f1ee6f91290 op.type=1 op.reqBuff=0x7f1f5000c5e0 op.respSize=16 done
mocr4pcc02u16:129:183 [1] NCCL INFO ncclPollProxyResponse Recmocr4pcc02u16:131:181 [3] NCCL INFO Channel 00/0 : 3[3] -> 2[2] via P2P/CUMEM
mocr4pcc02u16:131:174 [3] NCCL INFO New proxy send connection 4 from local rank 3, transport 0
mocr4pcc02u16:131:174 [3] NCCL INFO proxyProgressAsync opId=0x7f08c6f91290 op.type=1 op.reqBuff=0x7f093000d9e0 op.respSize=16 done
mocr4pcc02mocr4pcc02u16:130:173 [2] NCCL INFO New proxy send connection 4 from local rank 0, transport 0
mocr4pcc02u16:130:173 [2] NCCL INFO proxyProgressAsync opId=0x7f3612f91290 op.type=1 op.reqBuff=0x7fcfa000d3b0 op.respSize=16 done
mocr4pcc02u16:130:173 [2] NCCL INFO Received and initiated operation=Init res=0
mocr4pcc02u16:130:173 [2] NCCL INFO New proxy recv connection 5 from local rank 2, transport 0
mocr4pcc02u16:130:173 [2] NCCL INFO proxyProgressAsync opId=0x7fcf5ef91290 op.type=1 op.reqBuff=0x7fcfa000e990 op.respSize=16 done
mocr4pcc02u16:130:182 [2] NCCL INFO ncclPollProxyResponse Received new opId=0x7fcf5ef91290
mocr4pcc02u16:130:173 [2] NCCL INFO Received and initiated operation=Init res=0
mocr4pcc02u16:130:182 [2] NCCL INFO resp.opId=0x7fcf5ef91290 matches expected opId=0x7fcf5ef91290
mocr4pcc02u16:130:182 [2] NCCL INFO Connected to proxy localRank 2 -> connection 0x7fcfa0005198
mocr4pcc02u16:130:177 [2] NCCL INFO proxyUDSRecvReq::ncclProxyMsgGetFd rank 0 opId 0x866854d1c2722ae2 handle=0x7fcfa0008bd0
mocr4pcc02u16:130:177 [2] NCCL INFO UDS proxyGetFd received handle 0x7fcfa0008bd0 peer 0 opId 866854d1c2722ae2
mocr4pcc02u16:130:173 [2] NCCL INFO Allocated shareable buffer 0x7fcf95400000 size 10485760 ipcDesc 0x7fcfa000e9c0
mocr4pcc02u16:130:173 [2] NCCL INFO proxyProgressAsync opId=0x7fcf5ef91290 op.type=3 op.reqBuff=0x7fcfa000d3b0 op.respSize=88 done
mocr4pcc02u16:130:182 [2] NCCL INFO ncclPollProxyResponse Received new opId=0x7fcf5ef91290
mocr4pcc02u16:130:173 [2] NCCL INFO Received and initiated operation=Setup res=0
mocr4pcc02u16:130:182 [2] NCCL INFO resp.opId=0x7fcf5ef91290 matches expected opId=0x7fcf5ef91290
mocr4pcc02u16:130:173 [2] NCCL INFO New proxy recv connection 6 from local rank 2, transport 0
mocr4pcc02u16:130:173 [2] NCCL INFO proxyProgressAsync opId=0x7fcf5ef91290 op.type=1 op.reqBuff=0x7fcfa000d3b0 op.respSize=16 done
mocr4pcc02u16:130:182 [2] NCCL INFO ncclPollProxyResponse Received new opId=0x7fcf5ef91290
mocr4pcc02u16:130:173 [2] NCCL INFO Received and initiated operation=Init res=0
mocr4pcc02u16:130:182 [2] NCCL INFO resp.opId=0x7fcf5ef91290 matches expected opId=0x7fcf5ef91290
mocr4pcc02u16:130:182 [2] NCCL INFO Connected to proxy localRank 2 -> connection 0x7fcfa0005210
mocr4pcc02u16:130:173 [2] NCCL INFO Allocated shareable buffer 0x7fcf6f600000 size 10485760 ipcDesc 0x7fcfa00102c0
mocr4pcc02u16:130:173 [2] NCCL INFO proxyProgressAsync opId=0x7fcf5ef91290 op.type=3 op.reqBuff=0x7fcfa0010290 op.respSize=88 done
mocr4pcc02u16:130:182 [2] NCCL INFO ncclPollProxyResponse Received new opId=0x7fcf5ef91290
mocr4pcc02u16:130:173 [2] NCCL INFO Received and initiated operation=Setup res=0
mocr4pcc02u16:130:182 [2] NCCL INFO resp.opId=0x7fcf5ef91290 matches expected opId=0x7fcf5ef91290
mocr4pcc02u16:130:173 [2] NCCL INFO New proxy recv connection 7 from local rank 2, transport 0
mocr4pcc02u16:130:173 [2] NCCL INFO proxyProgressAsync opId=0x7fcf5ef91290 op.type=1 op.reqBuff=0x7fcfa0010290 op.respSize=16 done
mocr4pcc02u16:130:182 [2] NCCL INFO ncclPollProxyResponse Received new opId=0x7fcf5ef91290
mocr4pcc02u16:130:173 [2] NCCL INFO Received and initiated operation=Init res=0
mocr4pcc02u16:130:182 [2] NCCL INFO resp.opId=0x7fcf5ef91290 matches expected opId=0x7fcf5ef91290
mocr4pcc02u16:130:182 [2] NCCL INFO Connected to proxy localRank 2 -> connection 0x7fcfa0005288
mocr4pcc02u16:130:177 [2] NCCL INFO proxyUDSRecvReq::ncclProxyMsgGetFd rank 0 opId 0xeeeaaf4a6c21e0c3 handle=0x7fcfa000a590
mocr4pcc02u16:130:177 [2] NCCL INFO UDS proxyGetFd received handle 0x7fcfa000a590 peer 0 opId eeeaaf4a6c21e0c3
mocr4pcc02u16:130:173 [2] NCCL INFO Allocated shareable buffer 0x602000000 size 10485760 ipcDesc 0x7fcfa0011b20
mocr4pcc02u16:130:173 [2] NCCL INFO proxyProgressAsync opId=0x7fcf5ef91290 op.type=3 op.reqBuff=0x7fcfa0011af0 op.respSize=88 done
mocr4pcc02u16:130:182 [2] NCCL INFO ncclPollProxyResponse Received new opId=0x7fcf5ef91290
mocr4pcc02u16:130:173 [2] NCCL INFO Received and initiated operation=Setup res=0
mocr4pcc02u16:130:182 [2] NCCL INFO resp.opId=0x7fcf5ef91290 matches expected opId=0x7fcf5ef91290
mocr4pcc02u16:130:173 [2] NCCL INFO New proxy recv connection 8 from local rank 2, transport 0
mocr4pcc02u16:130:173 [2] NCCL INFO proxyProgressAsync opId=0x7fcf5ef91290 op.type=1 op.reqBuff=0x7fcfa0011af0 op.respSize=16 done
mocr4pcc02u16:130:182 [2] NCCL INFO ncclPollProxyResponse Received new opId=0x7fcf5ef91290
mocr4pcc02u16:130:173 [2] NCCL INFO Received and initiated operation=Init res=0
mocr4pcc02u16:130:182 [2] NCCL INFO resp.opId=0x7fcf5ef91290 matches expected opId=0x7fcf5ef91290
mocr4pcc02u16:130:182 [2] NCCL INFO Connected to proxy localRank 2 -> connection 0x7fcfa0005300
mocr4pcc02u16:130:173 [2] NCCL INFO Allocated shareable buffer 0x602a00000 size 10485760 ipcDesc 0x7fcfa0013730
mocr4pcc02u16:130:173 [2] NCCL INFO proxyProgressAsync opId=0x7fcf5ef91290 op.type=3 op.reqBuff=0x7fcfa0013700 op.respSize=88 done
mocr4pcc02u16:130:182 [2] NCCL INFO ncclPollProxyResponse Received new opId=0x7fcf5ef91290
mocr4pcc02u16:130:173 [2] NCCL INFO Received and initiated operation=Setup res=0
mocr4pcc02u16:130:182 [2] NCCL INFO resp.opId=0x7fcf5ef91290 matches expected opId=0x7fcf5ef91290
mocr4pcc02u16:130:182 [2] NCCL INFO ncclPollProxyResponse Received new opId=0x7fcf5ef91290
mocr4pcc02u16:130:182 [2] NCCL INFO resp.opId=0x7fcf5ef91290 matches expected opId=0x7fcf5ef91290
mocr4pcc02u16:130:182 [2] NCCL Imocr4pcc02u16:131:181 [3] NCCL INFO ncclPollProxyResponse Receivmocr4pcc02u16:130:182 [2] NCCL INFO ProxyCall UDS comm 0x55abf02e8fa0 rank 2 tpRank 0(171d7e2d59628c26) reqSize 8 respSize 0 respFd 0x7fcf7b9feaa8 opId 0xc0768af9d3d892cd
mocr4pcc02u16:130:177 [2] NCCL INFO proxyUDSRecvReq::ncclProxyMsgGetFd rank 0 opId 0x9e7ce101704ab9ab handle=0x7fcfa000bcf0
mocr4pcc02u16:130:177 [2] NCCL INFO UDS proxyGetFd received handle 0x7fcfa000bcf0 peer 0 opId 9e7mocr4pcc02u16:mocr4pcc02u16:130:182 [2] NCCL INFO ProxyCall UDS comm 0x55abf02e8fa0 rank 2 tpRank 0(171d7e2d59628c26) reqSize 8 respSize 0 respFd 93 opId 0xc0768af9d3d892cd - DONE
mocr4pcc02u16:130:182 [2] NCCL INFO UDS: ClientGetFd handle 0x7f3640008bd0 tpRank 0 returned fd 93 sameProcess 0
mocr4pcc02u16:130:182 [2] NCCL INFO UDS converted handle 0x7f3640008bd0 to fd 93 on remote peer 0
mocr4pcc02u16:130:182 [2] NCCL INFO Imported shareable buffer device 2 size 10485760 ptr 0x603400000
mocr4pcc02u16:130:182 [2] NCCL INFO ProxyCall UDS comm 0x55abf02e8fa0 rank 2 tpRank 0(171d7e2d59628c26) reqSize 8 respSize 0 respFd 0x7fcf7b9feaa8 opId 0xcf432a3b15aa8c7b
mocr4pcc02u16:130:177 [2] NCCL INFO proxyUDSRecvReq::ncclProxyMsgGetFd rank 0 opId 0xf48d60bbafb3e740 handle=0x7fcfa000d430
mocr4pcc02u16:130:177 [2] NCCL INFO UDS proxyGetFd received handle 0x7fcfa000d430 peer 0 opId f4mocr4pcc02u16:131:181 [3] NCCL INFO ProxyCall UDS comm 0x560a89767e70 rank 3 tpRank 1(31bd17351f990d2f) reqSize 8 respSize 0 respFd 93 opId 0x993a54bdf69dfc53 - DONE
mocr4pcc02u16:131:181 [3] NCCL INFO UDS: ClientGetFd handle 0x7f1f5000a8b0 tpRank 1 returned fd 93 sameProcess 0
mocr4pcc02u16:131:181 [3] NCCL INFO UDS converted handle 0x7f1f5000a8b0 to fd 93 on remote peer 1
mocr4pcc02u16:131:181 [3] NCCL INFO Imported shareable buffer device 3 size 2097152 ptr 0x603e00000
mocr4pcc02u16:131:181 [3] NCCL INFO ProxyCall UDS comm 0x560a89767e70 rank 3 tpRank 1(31bd17351f990d2f) reqSize 8 respSize 0 respFd 0x7f090b2fea98 opId 0xed55a4e2c88d8b08
mocr4pcc02u16:131:181 [3] NCCL INFO ProxyCall UDS comm 0x560a89767e70 rank 3 tpRank 1(31bd17351f990d2f) reqSize 8 respSize 0 respFd 93 opId 0xed55a4e2c88d8b08 - DONE
mocr4pcc02u16:131:181 [3] NCCL INFO UDS: ClientGetFd handle 0x7f1f5000c680 tpRank 1 returned fd 93 sameProcess 0
mocr4pcc02u16:131:181 [3] NCCL INFO UDS converted handle 0x7f1f5000c680 to fd 93 on remote peer 1
mocr4pcc02u16:131:181 [3] NCCL INFO Imported shareable buffer device 3 size 2097152 ptr 0x7f0921800000
mocr4pcc02u16:131:181 [3] NCCL INFO ProxyCall UDS comm 0x560a89767e70 rank 3 tpRank 1(31bd17351f990d2f) reqSize 8 respSize 0 respFd 0x7f090b2fea98 opId 0x570f5a8e11ec6599
mocr4pcc02u16:131:181 [3] NCCL INFO ProxyCall UDS comm 0x560a89767e70 rank 3 tpRank 1(31bd17351f990d2f) reqSize 8 respSize 0 respFd 93 opId 0x570f5a8e11ec6599 - DONE
mocr4pcc02u16:131:181 [3] NCCL INFO UDS: ClientGetFd handle 0x7f1f5000e410 tpRank 1 returned fd 93 sameProcess 0
mocr4pcc02u16:131:181 [3] NCCL INFO UDS converted handle 0x7f1f5000e410 to fd 93 on remote peer 1
mocr4pcc02u16:131:174 [3] NCCL INFO New proxy send connection 9 from local rank 2, transport 0
mocr4pcc02u16:131:mocr4pcc02u16:130:182 [2] NCCL INFO ncclPollProxyResponse Received new opId=0x7fcf5ef91290
mocr4pcc02u16:130:182 mocr4pcc02u16:131:174 [3] NCCL INFO Received and initiated operation=Init remocrmocr4pcc02u16:131:176 [3] NCCL INFO proxyUDSRecvReq::ncclProxyMsgGetFd rank 2 opId 0x7c12734451ec03df handle=0x7f093000f180
mocr4pcc02u16:131:176 [3] NCCL INFO UDS proxyGetFd received handle 0x7f093000f180 peer 2 opId 7c12734451ec03df
mocr4pcc02u16:131:181 [3] NCmocr4pcc02u16:130:173 [2] NCCL INFO New proxy send connection 9 from local mocr4pcc02u16:131:181 [3] NCCL INFO ncclPollProxyResponse Received new opId=0x7f08c6f91290
mocr4pcc02u16:131:181 [3] NCCL INFO resp.opId=0x7f08c6f91290 matches expected opId=0x7f08c6f91290
mocr4pcc02u16:131:181 [3] NCCL INFO Connecmocr4pcc02u16:130:177 [2] NCCL INFO proxyUDSRecvReq::ncclProxyMsgGetFd rank 3 opId 0x542a4ddcf544a65a handle=0x7fcfa000ea10
mocr4pcc02u16:130:177 [2] NCCL INFO UDS proxyGetFd received handle 0x7fcfa000ea10 peer 3 opId 542a4ddmocr4pcc02u16:131:181 [3] NCCL INFO ProxyCall UDS comm 0x560a89767e70 rank 3 tpRank 2(8770430fc8b1683f) reqSize 8 respSize 0 respFd 94 opId 0x542a4ddcf544a65a - DONE
mocr4pcc02u16:131:181 [3] NCCL INFO UDS: ClientGetFd handle 0x7fcfa000ea10 tpRank 2 returned fd 94 sameProcess 0
mocr4pcc02u16:131:181 [3] NCCL INFO UDS converted handle 0x7fcfa000ea10 to fd 94 on remote peer 2
mocr4pcc02u16:131:176 [3] NCCL INFO proxyUDSRecvReq::ncclProxyMsgGetFd rank 2 opId 0xfec41c14cb43c81c handle=0x7f09300108a0
mocr4pcc02u16:131:176 [3] NCCL INFO UDS proxyGetFd received handle 0x7f09300108a0 peer 2 opId fec41c14cb43c81c
mocr4pcc02u16:131:181 [3] NCCL INFO Imported smocr4pcc02u16:130:177 [2] NCCL INFO proxyUDSRecvReq::ncclProxyMsgGetFd rank 3 opId 0x44ce78b5e5b5c84b handle=0x7fcfa0010310
mocr4pcc02u16:130:177 [2] NCCL INFO UDS proxyGetFd received handle 0x7fcfa0010310 peer 3 opId 44ce78b5mocr4pcc02u16:131:181 [3] NCCL INFO ProxyCall UDS comm 0x560a89767e70 rank 3 tpRank 2(8770430fc8b1683f) reqSize 8 respSize 0 respFd 94 opId 0x44ce78b5e5b5c84b - DONE
mocr4pcc02u16:131:181 [3] NCCL INFO UDS: ClientGetFd handle 0x7fcfa0010310 tpRank 2 returned fd 94 sameProcess 0
mocr4pcc02u16:131:181 [3] NCCL INFO UDS converted handle 0x7fcfa0010310 to fd 94 on remote peer 2
mocr4pcc02u16:131:176 [3] NCCL INFO proxyUDSRecvReq::ncclProxyMsgGetFd rank 2 opId 0x2c25e3fdb09ac94b handle=0x7f0930011fc0
mocr4pcc02u16:131:176 [3] NCCL INFO UDS proxyGetFd received handle 0x7f0930011fc0 peer 2 opId 2c25e3fdb09ac94b
mocr4pcc02u16:131:181 [3] NCCL INFO Imported mocr4pcc02u16:130:177 [2] NCCL INFO proxyUDSRecvReq::ncclProxyMsgGetFd rank 3 opId 0x5652018cdea8c8d9 handle=0x7fcfa0011b70
mocr4pcc02u16:130:177 [2] NCCL INFO UDS proxyGetFd received handle 0x7fcfa0011b70 peer 3 opId 5652018cdmocr4pcc02u16:131:181 [3] NCCL INFO ProxyCall UDS comm 0x560a89767e70 rank 3 tpRank 2(8770430fc8b1683f) reqSize 8 respSize 0 respFd 94 opId 0x5652018cdea8c8d9 - DONE
mocr4pcc02u16:131:181 [3] NCCL INFO UDS: ClientGetFd handle 0x7fcfa0011b70 tpRank 2 returned fd 94 sameProcess 0
mocr4pcc02u16:131:181 [3] NCCL INFO UDS converted handle 0x7fcfa0011b70 to fd 94 on remote peer 2
mocr4pcc02u16:131:176 [3] NCCL INFO proxyUDSRecvReq::ncclProxyMsgGetFd rank 2 opId 0xe68446f05605de21 handle=0x7f09300136e0
mocr4pcc02u16:131:176 [3] NCCL INFO UDS proxyGetFd received handle 0x7f09300136e0 peer 2 opId e68446f05605de21
mocr4pcc02u16:131:181 [3] NCCL INFO Imported shmocr4pcc02u16:130:177 [2] NCCL INFO proxyUDSRecvReq::ncclProxyMsgGetFd rank 3 opId 0x608b9a41e45cb2mocr4pcc02u16:128:184 [0] NCCL INFO ncclPollProxyResponse Received new opId=0x7f36133f76e8
mocr4pcc02u16:128:184 [0] NCCL INFO Queuing opId=0x7f36133f76e8 respBuff=0x7f36131be5a0 respSize=1400
mocr4pcc02u16:128:184 [0] NCCL INFO ncclPollProxyResponse Received new opId=0x7f36133fd788
mocr4pcc02u16:128:184 [0] NCCL INFO Queuing opId=0x7f36133fd788 respBuff=0x7f36131be5a0 respSize=1400
mocr4pcc02u16:128:184 [0] NCCL INFO ncclPollProxyResponse Received new opId=0x7f3612f91290
mocr4pcc02u16:128:184 [0] NCCL INFO resp.opId=0x7f3612f91290 matches expected opId=0x7f3612f91290
mocr4pcc02u16:128:184 [0] NCCmocr4pcc02u1mocr4pcc02u16:130:182 [2] NCCL INFO Connected all rings, use ring mocr4pcc02u1mocr4pcc02u16:130:130 [2] NCCL INFO Broadcast: opCount 1 sendbuff 0x7fcf6f477a00 recvbuff 0x7fcf6f477a00 count 396 datatype 4 op 0 root 0 comm 0x55abf02e8fa0 [nranks=8] stream 0x5mocr4pcc02u1mocr4pcc02u16:130:130 [2] NCCL INFO Broadcast: opCount 2 sendbuff 0x7fceee000000 recvbuff 0x7fceee000000 count 67734528 datatype 7 op 0 root 0 comm 0x55abf02e8fa0 [nranks=8] stream 0x5mocr4pcc02u1mocr4pcc02u16:130:130 [2] NCCL INFO Broadcast: opCount 3 sendbuff 0x7fcefe400000 recvbuff 0x7fcefe400000 count 66142464 datatype 7 op 0 root 0 comm 0x55abf02e8fa0 [nranks=8] stream 0x5mocr4pcc02u1mocr4pcc02u16:130:130 [2] NCCL INFO Broadcast: opCount 4 sendbuff 0x7fceec600000 recvbuff 0x7fceec600000 count 3145728 datatype 7 op 0 root 0 comm 0x55abf02e8fa0 [nranks=8] stream 0x5mocr4pcc02u1mocr4pcc02u16:130:130 [2] NCCL INFO Broadcast: opCount 5 sendbuff 0x7fcefe400000 recvbuff 0x7fcefe400000 count 12582912 datatype 7 op 0 root 0 comm 0x55abf02e8fa0 [nranks=8] stream 0x5mocr4pcc02u1mocr4pcc02u16:130:468 [2] NCCL INFO AllReduce: opCount 6 sendbuff 0x7fcf1a000000 recvbuff 0x7fcf1a000000 count 124439808 datatype 7 op 0 root 0 comm 0x55abf02e8fa0 [nranks=8] stream 0x55abed147b90
mocr4pcc02u16:130:173 [2] NCCL INFO New proxy recv connection 10 from local rank 2, transport 0
mocr4pcc02u16:130:173 [2] NCCL INFO proxyProgressAsync opId=0x7fcd187fd130 op.type=1 op.reqBuff=0x7fcfa0014e20 op.respSize=16 done
mocr4pcc02u16:130:14120 [2] NCCL INFO ncclPollProxyResponse Received new opId=0x7fcd187fd130
mocr4pcc02u16:130:173 [2] NCCL INFO Received and initiated operation=Init res=0
mocr4pcc02u16:130:14120 [2] NCCL INFO resp.opId=0x7fcd187fd130 matches expected opId=0x7fcd187fd130
mocr4pcc02u16:130:14120 [2] NCCL INFO Connected to proxy localRank 2 -> connection 0x7fcfa00053f0
mocr4pcc02u16:130:173 [2] NCCL INFO Allocated shareable buffer 0x7fcbeae00000 size 10485760 ipcDesc 0x7fcfa0014e50
mocr4pcc02u16:130:173 [2] NCCL INFO proxyProgressAsync opId=0x7fcd187fd130 op.type=3 op.reqBuff=0x7fcfa0013700 op.respSize=88 done
mocr4pcc02u16:130:14120 [2] NCCL INFO ncclPollProxyResponse Received new opId=0x7fcd187fd130
mocr4pcc02u16:130:173 [2] NCCL INFO Received and initiated operation=Setup res=0
mocr4pcc02u16:130:14120 [2] NCCL INFO resp.opId=0x7fcd187fd130 matches expected opId=0x7fcd187fd130
mocr4pcc02u16:130:173 [2] NCCL INFO New proxy recv connection 11 from local rank 2, transport 0
mocr4pcc02u16:130:173 [2] NCCL INFO proxyProgressAsync opId=0x7fcd187fd130 op.type=1 op.reqBuff=0x7fcfa0013700 op.respSize=16 done
mocr4pcc02u16:130:14120 [2] NCCL INFO ncclPollProxyResponse Received new opId=0x7fcd187fd130
mocr4pcc02u16:130:173 [2] NCCL INFO Received and initiated operation=Init res=0
mocr4pcc02u16:130:14120 [2] NCCL INFO resp.opId=0x7fcd187fd130 matches expected opId=0x7fcd187fd130
mocr4pcc02u16:130:14120 [2] NCCL INFO Connected to proxy localRank 2 -> connection 0x7fcfa0005468
mocr4pcc02u16:130:173 [2] NCCL INFO Allocated shareable buffer 0x7fcc1f200000 size 10485760 ipcDesc 0x7fcfa0016750
mocr4pcc02u16:130:173 [2] NCCL INFO proxyProgressAsync opId=0x7fcd187fd130 op.type=3 op.reqBuff=0x7fcfa0016720 op.respSize=88 done
mocr4pcc02u16:130:14120 [2] NCCL INFO ncclPollProxyResponse Received new opId=0x7fcd187fd130
mocr4pcc02u16:130:173 [2] NCCL INFO Received and initiated operation=Setup res=0
mocr4pcc02u16:130:14120 [2] NCCL INFO resp.opId=0x7fcd187fd130 matches expected opId=0x7fcd187fd130
mocr4pcc02u16:130:173 [2] NCCL INFO New proxy recv connection 12 from local rank 2, transport 0
mocr4pcc02u16:130:173 [2] NCCL INFO proxyProgressAsync opId=0x7fcd187fd130 op.type=1 op.reqBuff=0x7fcfa0016720 op.respSize=16 done
mocr4pcc02u16:130:14120 [2] NCCL INFO ncclPollProxyResponse Received new opId=0x7fcd187fd130
mocr4pcc02u16:130:173 [2] NCCL INFO Received and initiated operation=Init res=0
mocr4pcc02u16:130:14120 [2] NCCL INFO resp.opId=0x7fcd187fd130 matches expected opId=0x7fcd187fd130
mocr4pcc02u16:130:14120 [2] NCCL INFO Connected to proxy localRank 2 -> connection 0x7fcfa00054e0
mocr4pcc02u16:130:173 [2] NCCL INFO Allocated shareable buffer 0x7fcc23200000 size 10485760 ipcDesc 0x7fcfa0018050
mocr4pcc02u16:130:173 [2] NCCL INFO proxyProgressAsync opId=0x7fcd187fd130 op.type=3 op.reqBuff=0x7fcfa0018020 op.respSize=88 done
mocr4pcc02u16:130:14120 [2] NCCL INFO ncclPollProxyResponse Received new opId=0x7fcd187fd130
mocr4pcc02u16:130:173 [2] NCCL INFO Received and initiated operation=Setup res=0
mocr4pcc02u16:130:14120 [2] NCCL INFO resp.opId=0x7fcd187fd130 matches expected opId=0x7fcd187fd130
mocr4pcc02u16:130:173 [2] NCCL INFO New proxy recv connection 13 from local rank 2, transport 0
mocr4pcc02u16:130:173 [2] NCCL INFO proxyProgressAsync opId=0x7fcd187fd130 op.type=1 op.reqBuff=0x7fcfa0018020 op.respSize=16 done
mocr4pcc02u16:130:14120 [2] NCCL INFO ncclPollProxyResponse Received new opId=0x7fcd187fd130
mocr4pcc02u16:130:173 [2] NCCL INFO Received and initiated operation=Init res=0
mocr4pcc02u16:130:14120 [2] NCCL INFO resp.opId=0x7fcd187fd130 matches expected opId=0x7fcd187fd130
mocr4pcc02u16:130:14120 [2] NCCL INFO Connected to proxy localRank 2 -> connection 0x7fcfa0005558
mocr4pcc02u16:130:173 [2] NCCL INFO Allocated shareable buffer 0x7fcc27000000 size 10485760 ipcDesc 0x7fcfa0019950
mocr4pcc02u16:130:173 [2] NCCL INFO proxyProgressAsync opId=0x7fcd187fd130 op.type=3 op.reqBuff=0x7fcfa0019920 op.respSize=88 done
mocr4pcc02u16:130:14120 [2] NCCL INFO ncclPollProxyResponse Received new opId=0x7fcd187fd130
mocr4pcc02u16:130:173 [2] NCCL INFO Received and initiated operation=Setup res=0
mocr4pcc02u16:130:14120 [2] NCCL INFO resp.opId=0x7fcd187fd130 matches expected opId=0x7mocr4pcc02u16:131:174 [3] NCCL INFO New proxy recv connection 14 from local rank 3, transport 0
mocr4pcc02u16:131:174 [3] NCCL INFO proxyProgressAsync opId=0x7f069c368610 op.type=1 op.reqBuff=0x7f0930019880 op.respSize=16 done
mocr4pcc02u16:131:13486 [3] NCCL INFO ncclPollProxyResponse Received new opId=0x7f069c368610
mocr4pcc02u16:131:174 [3] NCCL INFO Received and initiated operation=Init res=0
mocr4pcc02u16:131:13486 [3] NCCL INFO resp.opId=0x7f069c368610 matches expected opId=0x7f069c368610
mocr4pcc02u16:131:13486 [3] NCCL INFO Connected to proxy localRank 3 -> connection 0x7f09300055d0
mocr4pcc02u16:131:174 [3] NCCL INFO Allocated shareable buffer 0x7f05c1000000 size 10485760 ipcDesc 0x7f093001b1b0
mocr4pcc02u16:131:174 [3] NCCL INFO proxyProgressAsync opId=0x7f069c368610 op.type=3 op.reqBuff=0x7f093001b180 op.respSize=88 done
mocr4pcc02u16:131:13486 [3] NCCL INFO ncclPollProxyResponse Received new opId=0x7f069c368610
mocr4pcc02u16:131:174 [3] NCCL INFO Received and initiated operation=Setup res=0
mocr4pcc02u16:131:13486 [3] NCCL INFO resp.opId=0x7f069c368610 matches expected opId=0x7f069c368610
mocr4pcc02u16:131:174 [3] NCCL INFO New proxy recv connection 15 from local rank 3, transport 0
mocr4pcc02u16:131:174 [3] NCCL INFO proxyProgressAsync opId=0x7f069c368610 op.type=1 op.reqBuff=0x7f093001b180 op.respSize=16 done
mocr4pcc02u16:131:13486 [3] NCCL INFO ncclPollProxyResponse Received new opId=0x7f069c368610
mocr4pcc02u16:131:174 [3] NCCL INFO Received and initiated operation=Init res=0
mocr4pcc02u16:131:13486 [3] NCCL INFO resp.opId=0x7f069c368610 matches expected opId=0x7f069c368610
mocr4pcc02u16:131:13486 [3] NCCL INFO Connected to proxy localRank 3 -> connection 0x7f0930005648
mocr4pcc02u16:131:174 [3] NCCL INFO Allocated shareable buffer 0x7f05c5200000 size 10485760 ipcDesc 0x7f093001cab0
mocr4pcc02u16:131:174 [3] NCCL INFO proxyProgressAsync opId=0x7f069c368610 op.type=3 op.reqBuff=0x7f093001ca80 op.respSize=88 done
mocr4pcc02u16:131:174 [3] NCCL INFO Received and initiated operation=Setup res=0
mocr4pcc02u16:131:13486 [3] NCCL INFO ncclPollProxyResponse Received new opId=0x7f069c368610
mocr4pcc02u16:131:13486 [3] NCCL INFO resp.opId=0x7f069c368610 matches expected opId=0x7f069c368610
mocr4pcc02u16:131:174 [3] NCCL INFO New proxy recv connection 16 from local rank 3, transport 0
mocr4pcc02u16:131:174 [3] NCCL INFO proxyProgressAsync opId=0x7f069c368610 op.type=1 op.reqBuff=0x7f093001ca80 op.respSize=16 done
mocr4pcc02u16:131:13486 [3] NCCL INFO ncclPollProxyResponse Received new opId=0x7f069c368610
mocr4pcc02u16:131:174 [3] NCCL INFO Received and initiated operation=Init res=0
mocr4pcc02u16:131:13486 [3] NCCL INFO resp.opId=0x7f069c368610 matches expected opId=0x7f069c368610
mocr4pcc02u16:131:13486 [3] NCCL INFO Connected to proxy localRank 3 -> connection 0x7f09300056c0
mocr4pcc02u16:131:174 [3] NCCL INFO Allocated shareable buffer 0x7f05ed400000 size 10485760 ipcDesc 0x7f093001e3b0
mocr4pcc02u16:131:174 [3] NCCL INFO proxyProgressAsync opId=0x7f069c368610 op.type=3 op.reqBuff=0x7f093001e380 op.respSize=88 done
mocr4pcc02u16:131:13486 [3] NCCL INFO ncclPollProxyResponse Received new opId=0x7f069c368610
mocr4pcc02u16:131:174 [3] NCCL INFO Received and initiated operation=Setup res=0
mocr4pcc02u16:131:13486 [3] NCCL INFO resp.opId=0x7f069c368610 matches expected opId=0x7f069c368610
mocr4pcc02u16:131:174 [3] NCCL INFO New proxy recv connection 17 from local rank 3, transport 0
mocr4pcc02u16:131:174 [3] NCCL INFO proxyProgressAsync opId=0x7f069c368610 op.type=1 op.reqBuff=0x7f093001e380 op.respSize=16 done
mocr4pcc02u16:131:13486 [3] NCCL INFO ncclPollProxyResponse Received new opId=0x7f069c368610
mocr4pcc02u16:131:174 [3] NCCL INFO Received and initiated operation=Init res=0
mocr4pcc02u16:131:13486 [3] NCCL INFO resp.opId=0x7f069c368610 matches expected opId=0x7f069c368610
mocr4pcc02u16:131:13486 [3] NCCL INFO Connected to proxy localRank 3 -> connection 0x7f0930005738
mocr4pcc02u16:131:174 [3] NCCL INFO Allocated shareable buffer 0x7f05f1000000 size 10485760 ipcDesc 0x7f093001fcb0
mocr4pcc02u16:131:174 [3] NCCL INFO proxyProgressAsync opId=0x7f069c368610 op.type=3 op.reqBuff=0x7f093001fc80 op.respSize=88 done
mocr4pcc02u16:131:13486 [3] NCCL INFO ncclPollProxyResponse Received new opId=0x7f069c368610
mocr4pcc02u16:131:174 [3] NCCL INFO Received and initiated operation=Setup res=0
mocr4pcc02u16:131:13486 [3] NCCL INFO resp.opId=0x7f069c368610 matches expected opId=0x7f069c368610
mocr4pcc02u16:131:13486 [3] NCCL INFO Channel 00/0 : 3[3] -> 0[0] via P2P/CUMEM
mocr4pcc02u16:131:174 [3] NCCL INFO New proxy send connection 18 from local rank 3, transport 0
mocr4pcc02u16:131:174 [3] NCCL INFO proxyProgressAsync opId=0x7f069c368610 op.type=1 op.reqBuff=0x7f093001fc80 op.respSize=16 done
mocr4pcc02u16:131:13486 [3] NCCL INFO ncclPollProxyResponse Received new opId=0x7f069c368610
mocr4pcc02u16:131:174 [3] NCCL INFO Received and initiated operation=Init res=0
mocr4pcc02u16:131:13486 [3] NCCL INFO resp.opId=0x7f069c368610 matches expected opId=0x7f069c368610
mocr4pcc02u16:131:13486 [3] NCCL INFO Connected to proxy localRank 3 -> connection 0x7f09300057b0
mocr4pcc02u16:131:174 [3] NCCL INFO Allocated shareable buffer 0x7f057b800000 size 2097152 ipcDesc 0x7f09300215b0
mocr4pcc02u16:131:174 [3] NCCL INFO proxyProgressAsync opId=0x7f069c368610 op.type=3 op.reqBuff=0x7f0930021580 op.respSize=88 done
mocr4pcc02u16:131:13486 [3] NCCL INFO ncclPollProxyResponse Received new opId=0x7f069c368610
mocr4pcc02u16:131:174 [3] NCCL INFO Received and initiated operation=Setup res=0
mocr4pcc02u16:131:13486 [3] NCCL INFO resp.opId=0x7f069c368610 matches expected opId=0x7f069c368610
mocr4pcc02u16:131:13486 [3] NCCL INFO Channel 01/0 : 3[3] -> 0[0] via P2P/CUMEM
mocr4pcc02u16:131:174 [3] NCCL INFO New proxy send connection 19 from local rank 3, transport 0
mocr4pcc02u16:131:174 [3] NCCL INFO proxyProgressAsync opId=0x7f069c368610 op.type=1 op.reqBuff=0x7f0930021580 op.respSize=16 done
mocr4pcc02u16:131:13486 [3] NCCL INFO ncclPollProxyResponse Received new opId=0x7f069c368610
mocr4pcc02u16:131:174 [3] NCCL INFO Received and initiated operation=Init res=0
mocr4pcc02u16:131:13486 [3] NCCL INFO resp.opId=0x7f069c368610 matches expected opId=0x7f069c368610
mocr4pcc02u16:131:13486 [3] NCCL INFO Connected to proxy localRank 3 -> connection 0x7f0930005828
mocr4pcc02u16:131:174 [3] NCCL INFO Allocated shareable buffer 0x7f057ba00000 size 2097152 ipcDesc 0x7f0930022cd0
mocr4pcc02u16:131:174 [3] NCCL INFO proxyProgressAsync opId=0x7f069c368610 op.type=3 op.reqBuff=0x7f0930022ca0 op.respSize=88 done
mocr4pcc02u16:131:13486 [3] NCCL INFO ncclPollProxyResponse Received new opId=0x7f069c368610
mocr4pcc02u16:131:174 [3] NCCL INFO Received and initiated operation=Setup res=0
mocr4pcc02u16:131:13486 [3] NCCL INFO resp.opId=0x7f069c368610 matches expected opId=0x7f069c368610
mocr4pcc02u16:131:13486 [3] NCCL INFO Channel 02/0 : 3[3] -> 0[0] via P2P/CUMEM
mocr4pcc02u16:131:174 [3] NCCL INFO New proxy send connection 20 from local rank 3, transport 0
mocr4pcc02u16:131:174 [3] NCCL INFO proxyProgressAsync opId=0x7f069c368610 op.type=1 op.reqBuff=0x7f0930022ca0 op.respSize=16 done
mocr4pcc02u16:131:13486 [3] NCCL INFO ncclPollProxyResponse Received new opId=0x7f069c368610
mocr4pcc02u16:131:174 [3] NCCL INFO Received and initiated operation=Init res=0
mocr4pcc02u16:131:13486 [3] NCCL INFO resp.opId=0x7f069c368610 matches expected opId=0x7f069c368610
mocr4pcc02u16:131:13486 [3] NCCL INFO Connected to proxy localRank 3 -> connection 0x7f09300058a0
mocr4pcc02u16:131:174 [3] NCCL INFO Allocated shareable buffer 0x7f057bc00000 size 2097152 ipcDesc 0x7f09300243f0
mocr4pcc02u16:131:174 [3] NCCL INFO proxyProgressAsync opId=0x7f069c368610 op.type=3 op.reqBuff=0x7f09300243c0 op.respSize=88 done
mocr4pcc02u16:131:13486 [3] NCCL INFO ncclPollProxyResponse Received new opId=0x7f069c368610
mocr4pcc02u16:131:174 [3] NCCL INFO Received and initiated operation=Setup res=0
mocr4pcc02u16:131:13486 [3] NCCL INFO resp.opId=0x7f069c368610 matches expected opId=0x7f069c368610
mocr4pcc02u16:131:13486 [3] NCCL INFO Channel 03/0 : 3[3] -> 0[0] via P2P/CUMEM
mocr4pcc02u16:131:174 [3] NCCL INFO New proxy send connection 21 from local rank 3, transport 0
mocr4pcc02u16:131:174 [3] NCCL INFO proxyProgressAsync opId=0x7f069c368610 op.type=1 op.reqBuff=0x7f09300243c0 op.respSize=16 done
mocr4pcc02u16:131:13486 [3] NCCL INFO ncclPollProxyResponse Received new opId=0x7f069c368610
mocr4pcc02u16:131:174 [3] NCCL INFO Received and initiated operation=Init res=0
mocr4pcc02u16:131:13486 [3] NCCL INFO resp.opId=0x7f069c368610 matches expected opId=0x7f069c368610
mocr4pcc02u16:131:13486 [3] NCCL INFO Connected to proxy localRank 3 -> connection 0x7f0930005918
mocr4pcc02u16:131:174 [3] NCCL INFO Allocated shareable buffer 0x7f057be00000 size 2097152 ipcDesc 0x7f0930025b10
mocr4pcc02u16:131:174 [3] NCCL INFO proxyProgressAsync opId=0x7f069c368610 op.type=3 op.reqBuff=0x7f0930025ae0 op.respSize=88 done
mocr4pcc02u16:131:13486 [3] NCCL INFO ncclPollProxyResponse Received new opId=0x7f069c368610
mocr4pcc02u16:131:174 [3] NCCL INFO Received and initiated operation=Setup res=0
mocr4pcc02u16:131:13486 [3] NCCL INFO resp.opId=0x7f069c368610 matches expected opId=0x7f069c368610
mocr4pcc02u16:131:13486 [3] NCCL INFO ProxyCall UDS comm 0x560a89767e70 rank 3 tpRank 2(8770430fc8b1683f) reqSize 8 respSize 0 respFd 0x7f0924dfba98 opId 0xabffa4c0f03009
mocr4pcc02u16:131:174 [3] NCCL INFO New proxy send connection 22 from local rank 0, transport 0
mocr4pcc02u16:131:174 [3] NCCL INFO proxyProgressAsync opId=0mocr4pcc02u16:130:177 [2] NCCL INFO proxyUDSRecvReq::ncclProxyMsgGetFdmocr4pcc02u16:131:174 [3] NCCL INFO Received and initiated operation=Init res=0
mocr4pcc02u16:131:176 [3] NCCL INFO proxyUDSRecvReq::ncclProxyMsgGetFd rank 0 opImocr4pcc02u16:130:177 [2] NCCL INFO proxyUDSRecvReq::ncclProxyMsgGetFd rank 3 opId 0x6f24d599f5319a94 handle=0x7fcfa001c9c0
mocr4pcc02u16:130:177 [2] NCCL INFO UDS proxyGetFd received handle 0x7fcfa001c9c0 peer 3 opId 6f24d599f5319a94
mocr4pcc02u16:130:177 [2] NCCL INFO proxyUDSRecvReq::ncclProxyMsgGetFd rank 3 opId 0xeb857c4b645a18fe handle=0x7fcfa001e0e0
mocr4pcc02u16:130:177 [2] NCCL INFO UDS proxyGetFd received handle 0x7fcfa001e0e0 peer 3 opId eb857c4b645a18fe
mocr4pcc02u16:130:177 [2] NCCL INFO proxyUDSRecvReq::ncclProxyMsgGetFd rank 3 opId 0x1271dfca1ad8e947 handle=0x7fcfa001f800
mocr4pcc02u16:130:177 [2] NCCL INFO UDS proxyGetFd received handle 0x7fcfa001f800 peer 3 opId 1271dfca1ad8e947
mocr4pcc02u16:130:173 [2] NCCL INFO New proxy send connection 22 from local rank 1, transport 0
mocr4pcc02u16:130:173 [2] NCCL INFO proxyProgressAsync opId=0x7f1cc05ecd00 op.type=1 op.reqBuff=0x7fcfa0025180 op.respSize=16 done
mocr4pcc02u16:130:14120 [2] NCCL INFO ProxyCall UDS comm 0x55abf02e8fa0 rank 2 tpRank 3(f6daf98aabe913d6) reqSize 8 respSize 0 respFd 0x7fcf717fdaa8 opId 0xd6b1e5c25b3da8b4
mocr4pcc02u16:130:173 [2] NCCL INFO Received and initiated operation=Init res=0
mocr4pcc02u16:130:177 [2] NCCL INFO proxyUDSRecvReq::ncclProxyMsgGetFd rank 1 opId 0x71bbd7bcc4306757 handle=0x7fcfa0014ea0
mocr4pcc02u16:130:177 [2] NCCL INFO UDS proxyGetFd received handle 0x7fcfa0014ea0 peer 1 opId 71bbd7bcc4306757
mocr4pcc02u16:130:14120 [2] NCCL INFO ProxyCall UDS comm 0x55abf02e8fa0 rank 2 tpRank 3(f6daf98aabe913d6) reqSize 8 respSize 0 respFd 98 opId 0xd6b1e5c25b3da8b4 - DONE
mocr4pcc02u16:130:14120 [2] NCCL INFO UDS: ClientGetFd handle 0x7f0930014e00 tpRank 3 returned fd 98 sameProcess 0
mocr4pcc02u16:130:14120 [2] NCCL INFO UDS converted handle 0x7f0930014e00 to fd 98 on remote peer 3
mocr4pcc02u16:130:14120 [2] NCCL INFO Imported shareable buffer device 2 size 10485760 ptr 0x7fcc31200000
mocr4pcc02u16:130:14120 [2] NCCL INFO ncclPollProxyResponse Received new opId=0x7fcd187fd130
mocr4pcc02u16:130:14120 [2] NCCL INFO resp.opId=0x7fcd187fd130 matches expected opId=0x7fcd187fd130
mocr4pcc02u16:130:14120 [2] NCCL INFO Connected to proxy localRank 1 -> connection 0x7f1f50005d50
mocr4pcc02u16:130:14120 [2] NCCL INFO ProxyCall UDS comm 0x55abf02e8fa0 rank 2 tpRank 1(31bd17351f990d2f) reqSize 8 respSize 0 respFd 0x7fcf717fda98 opId 0xb18ac8ccd4aed7f9
mocr4pcc02u16:130:177 [2] NCCL INFO proxyUDSRecvReq::ncclProxyMsgGetFd rank 1 opId 0x1e0e790d815700cd handle=0x7fcfa00167a0
mocr4pcc02u16:130:177 [2] NCCL INFO UDS proxyGetFd received handle 0x7fcfa00167a0 peer 1 opId 1e0e790d815700cd
mocr4pcc02u16:130:14120 [2] NCCL INFO ProxyCall UDS comm 0x55abf02e8fa0 rank 2 tpRank 1(31bd17351f990d2f) reqSize 8 respSize 0 respFd 99 opId 0xb18ac8ccd4aed7f9 - DONE
mocr4pcc02u16:130:14120 [2] NCCL INFO UDS: ClientGetFd handle 0x7f1f500eb790 tpRank 1 returned fd 99 sameProcess 0
mocr4pcc02u16:130:14120 [2] NCCL INFO UDS converted handle 0x7f1f500eb790 to fd 99 on remote peer 1
mocr4pcc02u16:130:14120 [2] NCCL INFO Imported shareable buffer device 2 size 2097152 ptr 0x7fcc27a00000
mocr4pcc02u16:130:14120 [2] NCCL INFO ProxyCall UDS comm 0x55abf02e8fa0 rank 2 tpRank 3(f6daf98aabe913d6) reqSize 8 respSize 0 respFd 0x7fcf717fdaa8 opId 0xf7466d25e6f1bc58
