mocr4pcc02u16:165:165 [2] NCCL INFO cudaDriverVersion 12080
mocr4pcc02u16:165:165 [2] NCCL INFO NCCL_SOCKET_IFNAME set by environment to eno6np0
mocr4pcc02u16:165:165 [2] NCCL INFO NCCL_SOCKET_IFNAME set to eno6np0
mocr4pcc02u16:165:165 [2] NCCL INFO Bootstrap: Using eno6np0:192.168.90.100<0>
mocr4pcc02u16:165:165 [2] NCCL INFO NCCL version 2.26.2+cuda12.2
mocr4pcc02u16:165:165 [2] NCCL INFO init.cc:1670 Cuda Host Alloc Size 4 pointer 0x7feb6f400000
mocr4pcc02u16:165:165 [2] NCCL INFO Comm config Blocking set to 1
mocr4pcc02u16:165:231 [2] NCCL INFO NET/Plugin: Could not find: libnccl-net.so. Using internal net plugin.
mocr4pcc02u16:165:231 [2] NCCL INFO NCCL_IB_DISABLE set by environment to 0.
mocr4pcc02u16:165:231 [2] NCCL INFO NCCL_SOCKET_IFNAME set by environment to eno6np0
mocr4pcc02u16:165:231 [2] NCCL INFO NCCL_IB_HCA set to mlx5_2
mocr4pcc02u16:165:231 [2] NCCL INFO NET/IB : Made virtual device [0] name=mlx5_2 speed=400000 ndevs=1
mocr4pcc02u16:165:231 [2] NCCL INFO NET/IB : Using [0]mlx5_2:1/RoCE [RO]; OOB eno6np0:192.168.90.100<0>
mocr4pcc02u16:165:231 [2] NCCL INFO PROFILER/Plugin: Could not find: libnccl-profiler.so. 
mocr4pcc02u16:165:231 [2] NCCL INFO Using network IB
mocr4pcc02u16:165:231 [2] NCCL INFO NCCL_DMABUF_ENABLE set by environment to 1.
mocr4pcc02u16:165:231 [2] NCCL INFO DMA-BUF is available on GPU device 2
mocr4pcc02u16:165:231 [2] NCCL INFO ncclCommInitRankConfig comm 0x55ce9a9dd960 rank 2 nranks 8 cudaDev 2 nvmlDev 2 busId a6000 commId 0xb36c210343325918 - Init STARTmmocr4pcc02u16:166:229 [3] NCCL INFO RAS network listening socket at 192.168.90.100<44491>
mocr4pcc02u16:166:229 [3] NCCL INFO RAS client listening socket at ::1<28028>
mocr4pcc02u16:166:229 [3] NCCL INFO Mem Realloc old size 0, new size 256 pointer 0x55ec5d74be70
mocr4pcc02u16:166:247 [0] NCCL INFO RAS thread started
mocr4pcc02u16:166:247 [0] NCCL INFO Mem Realloc old size 0, new size 32 pointer 0x7f2dbc00aca0mmocr4pcc02u16:165:241 [0] NCCL INFO RAS handling local addRanks request (old nRasPeers 0)
mocr4pcc02u16:165:231 [2] NCCL INFO Bootstrap timings total 1.172579 (create 0.000168, send 0.000418, recv 0.000991, ring 1.167507, delay 0.000001)
mocr4pcc02u16:165:241 [0] NCCL INFO RAS finished local processing of addRanks request (new nRasPeers 8, nRankPeers 8)
mocr4pcc02u16:165:241 [0] NCCL INFO RAS peer 0: socket 192.168.90.100<34321>, pid 165, GPU 2 [this procesmmocr4pcc02u16:164:240 [0] NCCL INFO RAS link -1: calculated deferred primary connection with 192.168.90.100<35047>mmocr4pcc02u16:166:247 [0] NCCL INFO Mem Realloc old size 32, new size 64 pointer 0x7f2dbc000b70
mocr4pcc02u16:166:247 [0] NCCL INFO RAS new incoming socket connection from 192.168.90.100<38476>mocr4pcc02u16:163:246 [0] NCCL INFO RAS handling connInitAck from 192.168.90.100<43813> (nack 0)
mocr4pcc02u16:163:246 [0] NCCL INFO RAS established connection with 192.168.90.100<43813> (sendQ empty, experiencingDelays 0, startRetryTime 0.00s)
mocr4pcc02u16:163:246 [0] NCCL INFO RAS handling connInit from 192.168.90.100<38682> (version 22602, listeningAddr 192.168.90.100<34321>, peersHash 0x104d7ee0ec34b76d, deadPeersHash 0x0)
mmocr4pcc02u16:166:229 [3] NCCL INFO TOPO/NET : Importing network plugins to topology
mocr4pcc02u16:166:229 [3] NCCL INFO Retrieving state for IB
mocr4pcc02u16:166:229 [3] NCCL INFO Initialized state 0 for IBmmocr4pcc02u16:166:229 [3] NCCL INFO NET/IB : GPU Direct RDMA Enabled for HCA 0 'mlx5_2'
mocr4pcc02u16:166:229 [3] NCCL INFO ncclTopoPopulateNics : Filled mlx5_2 in topo with pciPath=/sys/devices/pci0000:20/0000:20:01.1/0000:21:00.0/0000:22:00.0/0000:23:00.0 keep=1 coll=(null)
mocr4pcc02u16:166:229 [3] NCCL INFO NET/IB : Made virtual device [1] name=mlx5_2 speed=400000 ndevs=1
mocr4pcc02u16:166:229 [3] NCCL INFO TOPO/NET : Made vNic 1
mocr4pcc02u16:166:229 [3] NCCL INFO NET/IB : GPU Direct RDMA Enabled for HCA 0 'mlx5_2'
mocr4pcc02u16:166:229 [3] NCCL INFO ncclTopoPomocr4pcc02u16:165:231 [2] NCCL INFO TOPO/NET : Importing network plugins to topology
mocr4pcc02u16:165:231 [2] NCCL INFO Retrieving state for IB
mocr4pcc02u16:165:231 [2] NCCL INFO Initialized state 0 for IB
mocr4pcc02u16:165:231 [2] NCCL INFO NET/IB : GPU Direct RDMA Enabled for HCA 0 'mlx5_2'
mocr4pcc02u16:165:231 [2] NCCL INFO ncclTopoPopulateNics : Filled mlx5_2 in topo with pciPath=/sys/devices/pci0000:20/0000:mmocr4pcc02u16:166:229 [3] NCCL INFO GPU Direct RDMA Enabled for GPU 0 / HCA 1 (distance 5 <= 5), read 0 mode Default
mocr4pcc02u16:166:229 [3] NCCL INFO GPU Direct RDMA Enabled for GPU 1 / HCA 1 (distance 5 <= 5), read 0 mode Default
mocr4pcc02u16:166:229 [3] NCCL INFO GPU Direct RDMA Enabled for GPU 2 / HCA 1 (distance 5 <= 5), read 0 mode Default
mocr4pcc02u16:166:229 [3] NCCL INFO GPU Direct RDMA Enabled for GPU 3 / HCA 1 (distance 5 <= 5), read 0 mode Default
mocr4pcc02u16:166:229 [3] NCCL INFO GPU Direct RDMA Enabled for GPU 0 / HCA 1 (distance 5 <= 5), read 0 mode Default
mocr4pcc02u16:166:229 [3] NCCL INFO GPU Direct RDMA Enabled for GPU 1 / HCA 1 (distance 5 <= 5), read 0 mode Default
mocr4pcc02u16:166:229 [3] NCCL INFO GPU Direct RDMA Enabled for GPU 2 / HCA 1 mocr4pcc02u16:165:231 [2] NCCL INFO GPU Direct RDMA Enabled for GPU 0 / HCA 1 (distance 5 <= 5), read 0 mode Default
mocr4pcc02u16:165:231 [2] NCCL INFO GPU Direct RDMA Enabled for GPU 1 / HCA 1 (distance 5 <= 5), read 0 mode Default
mocr4pcc02u16:165:231 [2] NCCL INFO GPU Direct RDMA Enabled for GPU 2 / HCA 1 (distance 5 <= 5), read 0 mode Default
mocr4pcc02u16:165:231 [2] NCCL INFO GPU Direct RDMA Enabled for GPU 3 / HCA 1 (distance 5 <= 5), read 0 mode Default
mocr4pcc02u16:165:231 [2] NCCL INFO GPU Direct RDMA Enabled for GPU 0 / HCA 1 (distance 5 <= 5), read 0 mode Default
mocr4pcc02u16:165:231 [2] NCCL INFO GPU Direct RDMA Enabled for GPU 1 / HCA 1 (distance 5 <= 5), read 0 mode Default
mocr4pcc02u16:165:231 [2] NCCL INFO GPU Direct RDMA Enabled for GPU 2 / HCA 1 (distance 5 <= 5), read 0 mode Default
mocr4pcc02u16:165:231 [2] NCCL INFO GPU Direct RDMA Enabled for GPU 3 / HCA 1 (distance 5 <= 5), read 0 mode Default
mocr4pcc02u16:165:231 [2] NCCL INFO === System : maxBw 48.0 totalBw 370.8 ===
mocr4pcc02u16:165:231 [2] NCCL INFO CPU/0-0 (1/2/-1)
mocr4pcc02u16:165:231 [2] NCCL INFO + PCI[48.0] - PCI/0-1000 (15b3197900000000)
mocr4pcc02u16:165:231 [2] NCCL INFO               + PCI[48.0] - PCI/0-4000 (15b3197900000000)
mocr4pcc02u16:165:231 [2] NCCL INFO                             + PCI[48.0] - GPU/0-6000 (0)
mocr4pcc02u16:165:231 [2] NCCL INFO                                           + NVL[123.6] - GPU/0-26000
mocr4pcc02u16:165:231 [2] NCCL INFO                                           + NVL[123.6] - GPU/0-a6000
mocr4pcc02u16:165:231 [2] NCCL INFO                                           + NVL[123.6] - GPU/0-c6000
mocr4pcc02u16:165:231 [2] NCCL INFO + PCI[48.0] - PCI/0-21000 (15b3197900000000)
mocr4pcc02u16:165:231 [2] NCCL INFO               + PCI[48.0] - NIC/0-23000
mocr4pcc02u16:165:231 [2] NCCL INFO                             + NET[50.0] - NET/0-1 (0/d8c0270003c288a0/1/50.000000)
mocr4pcc02u16:165:231 [2] NCCL INFO               + PCI[48.0] - PCI/0-24000 (15b3197900000000)
mocr4pcc02u16:165:231 [2] NCCL INFO                             + PCI[48.0] - GPU/0-26000 (1)
mocr4pcc02u16:165:231 [2] NCCL INFO                                           + NVL[123.6] - GPU/0-6000
mocr4pcc02u16:165:231 [2] NCCL INFO                                           + NVL[123.6] - GPU/0-c6000
mocr4pcc02u16:165:231 [2] NCCL INFO                                           + NVL[123.6] - GPU/0-a6000
mocr4pcc02u16:165:231 [2] NCCL INFO + SYS[16.0] - CPU/0-1
mocr4pcc02u16:165:231 [2] NCCL INFO CPU/0-1 (1/2/-1)
mocr4pcc02u16:165:231 [2] NCCL INFO + PCI[48.0] - PCI/0-a1000 (15b3197900000000)
mocr4pcc02u16:165:231 [2] NCCL INFO               + PCI[48.0] - PCI/0-a4000 (15b3197900000000)
mocr4pcc02u16:165:231 [2] NCCL INFO                             + PCI[48.0] - GPU/0-a6000 (2)
mocr4pcc02u16:165:231 [2] NCCL INFO                                           + NVL[123.6] - GPU/0-26000
mocr4pcc02u16:165:231 [2] NCCL INFO                                           + NVL[123.6] - GPU/0-6000
mocr4pcc02u16:165:231 [2] NCCL INFO                                           + NVL[123.6] - GPU/0-c6000
mocr4pcc02u16:165:231 [2] NCCL INFO + PCI[48.0] - PCI/0-c1000 (15b3197900000000)
mocr4pcc02u16:165:231 [2] NCCL INFO               + PCI[48.0] - PCI/0-c4000 (15b3197900000000)
mocr4pcc02u16:165:231 [2] NCCL INFO                             + PCI[48.0] - GPU/0-c6000 (3)
mocr4pcc02u16:165:231 [2] NCCL INFO                                           + NVL[123.6] - GPU/0-6000
mocr4pcc02u16:165:231 [2] NCCL INFO                                           + NVL[123.6] - GPU/0-26000
mocr4pcc02u16:165:231 [2] NCCL INFO                                           + NVL[123.6] - GPU/0-a6000
mocr4pcc02u16:165:231 [2] NCCL INFO + SYS[16.0] - CPU/0-0
mocr4pcc02u16:165:231 [2] NCCL INFO ==========================================
mocr4pcc02u16:165:231 [2] NCCL INFO GPU/0-6000 :GPU/0-6000 (0/5000.0/LOC) GPU/0-26000 (1/123.6/NVL) GPU/0-a6000 (1/123.6/NVL) GPU/0-c6000 (1/123.6/NVL) CPU/0-0 (3/48.0/PHB) CPU/0-1 (4/16.0/SYS) NET/0-1 (5/48.0/PXN) 
mocr4pcc02u16:165:231 [2] NCCL INFO GPU/0-26000 :GPU/0-6000 (1/123.6/NVL) GPU/0-26000 (0/5000.0/LOC) GPU/0-a6000 (1/123.6/NVL) GPU/0-c6000 (1/123.6/NVL) CPU/0-0 (3/48.0/PHB) CPU/0-1 (4/16.0/SYS) NET/0-1 (4/48.0/PXB) 
mocr4pcc02u16:165:231 [2] NCCL INFO GPU/0-a6000 :GPU/0-6000 (1/123.6/NVL) GPU/0-26000 (1/123.6/NVL) GPU/0-a6000 (0/5000.0/LOC) GPU/0-c6000 (1/123.6/NVL) CPU/0-0 (4/16.0/SYS) CPU/0-1 (3/48.0/PHB) NET/0-1 (5/48.0/PXN) 
mocr4pcc02u16:165:231 [2] NCCL INFO GPU/0-c6000 :GPU/0-6000 (1/123.6/NVL) GPU/0-26000 (1/123.6/NVL) GPU/0-a6000 (1/123.6/NVL) GPU/0-c6000 (0/5000.0/LOC) CPU/0-0 (4/16.0/SYS) CPU/0-1 (3/48.0/PHB) NET/0-1 (5/48.0/PXN) 
mocr4pcc02u16:165:231 [2] NCCL INFO NET/0-1 :GPU/0-6000 (6/48.0/PHB) GPU/0-26000 (4/48.0/PXB) GPU/0-a6000 (7/16.0/SYS) GPU/0-c6000 (7/16.0/SYS) CPU/0-0 (3/48.0/PHB) CPU/0-1 (4/16.0/SYS) NET/0-1 (0/5000.0/LOC) 
mocr4pcc02u16:165:231 [2] NCCL INFO Setting affinitymocr4pcc02u16:163:228 [0] NCCL INFO comm 0x55c4ee313da0 rank 0 nRanks 8 nNodes 2 localRanks 4 localRank 0 MNNVL 0
mocr4pcc02u16:163:228 [0] NCCL INFO Channel 00/04 : 0 5 7 6 4 1 3 2
mocr4pcc02u16:163:228 [0] NCCL INFO Channel 01/04 : 0 5 7 6 4 1 3 2
mocr4pcc02u16:163:228 [0] NCCL INFO Channel 02/04 : 0 5 7 6 4 1 3 2
mocr4pcc02u16:163:228 [0] NCCL INFO Channel 03/04 : 0 5 7 6 4 1 3 2
mocr4pcc02u16:163:228 [0] NCCL INFO Ring 00 : 2 -> 0 -> 5
mocr4pcc02u16:163:228 [0] NCCL INFO Ring 01 : 2 -> 0 -> 5
mocr4pcc02u16:163:228 [0] NCCL INFO Ring 02 : 2 -> 0 -> 5
mmocr4pcc02u16:166:229 [3] NCCL INFO UDS: Creating service thread comm 0x55ec62bd0f50 rank 3
mocr4pcc02u16:166:249 [3] NCCL INFO [Proxy Service] Device 3 CPU core 502
mocr4pcc02u16:166:229 [3] NCCL INFO misc/utils.cc:233 memory stack hunk malloc(65536)
mocr4pcc02u16:166:254 [3] NCCL INFO [Proxy Service UDS] Device 3 CPU core 202
mocr4pcc02u16:166:229 [3] NCCL INFO channel.cc:42 Cuda Alloc Size 4864 pointer 0x7f2d57e00000
mocr4pcc02u16:166:229 [3] NCCL INFO channel.cc:45 Cuda Alloc Size 104 pointer 0x7f2d97e00000
mocr4pcc02u16:166:229 [3] NCCL INFO channel.cc:56 Cuda Alloc Size 32 pointer 0x7f2da9400000
mocr4pcc02u16:166:229 [3] NCCL INFO channel.cc:42 Cuda Alloc Size 4864 pointer 0x7f2da9600000
mocr4pcc02u16:166:229 [3] NCCL INFO channel.cc:45 Cuda Alloc Size 104 pointer 0x7f2da9800000
mocr4pcc02u16:166:229 [3] Nmocr4pcc02u16:164:mocr4pcc02u16:163:228 [0] NCCL INFO channel.cc:mocr4pcc02u16:166:229 [3] NCCL INFO channel.cmocr4pcc02u16:163:228 [0] NCCL INFO channel.cc:42 Cuda Alloc Size 4864 pointer 0x7f92d3600000
mocr4pcc02u16:163:228 [0] NCCL INFO channel.cc:45 Cuda Alloc Size 104 pointer 0x7f92d3800000
mocr4pcc02u16:163:228 [0] NCCL INFO channel.cc:56 Cuda Alloc Size 32 pointer 0x7f92d3a00000
mocr4pcc02u16:163:228 [0] NCCL INFO channel.cc:42 Cuda Alloc Size 4864 pointer 0x7f92d3c00000
mocr4pcc02u16:163:228 [0] NCCL INFO channel.cc:45 Cuda Alloc Size 104 pointer 0x7f92d3e00000
mocr4pcc02u16:163:228 [0] NCCL INFO channel.cc:56 Cuda Alloc Size 32 pointer 0x7f931f400000
mocr4pcc02u16:163:228 [0] NCCL INFO channel.cc:42 Cuda Alloc Size 4864 pointer 0x7f931f600000
mocr4pcc02u16:163:228 [0] NCCL INFO channel.cc:45 Cuda Alloc Size 104 pointer 0x7f931f800000
mocr4pcc02u16:163:228 [0] NCCL INFO channel.cc:56 Cuda Alloc Size 32 pointer 0x7f931fa00000
mocr4pcc02u16:163:228 [0] NCCL INFO   Algorithm   |                            Tree                  |                            Ring                  |                   CollNetDirect                  |
mocr4pcc02u16:163:228 [0] NCCL INFO   Protocol    |             LL |          LLmocr4pcc02u16:164:230 [1] NCCL INFO init.cc:480 Cuda Host Alloc Size 1048576 pointer 0x7fdaaf400200
mocr4pcc02u16:164:230 [1] NCCL INFO init.cc:485 Cuda Host Alloc Size 256 pmocr4pcc02u16:166:229 [3] NCCL INFO TUNER/Plugin: Could not find: libnccl-tuner.so. Using internal tuner plugin.
mocr4pcc02u16:166:229 [3] NCCL INFO ncclCommInitRankConfig comm 0x55ec62bd0f50 rank 3 nranks 8 cudaDemocr4pcc02u16:164:230 [1] NCCL INFO TUNER/Plugin: Could not find: libnccl-tuner.so. Using internal tuner plugin.
mocr4pcc02u16:164:230 [1] NCCL INFO ncclCommInitRankConfig comm 0x563ebd666350 rank 1 nranks 8 cudaDev 1 nvmlDev 1 busId 26000 commId 0xb36c210343325918 - Init COMPLETE
mmocr4pcc02u16:166:166 [3] NCCL INFO AllGather: opCount 0 sendbuff 0x7f2d91476800 recvbuff 0x7f2d91477a00 count 1 datatype 4 op 0 root 0 comm 0x55ec62bd0f50 [nranks=8] stream 0x55ec5e46a2c0
mocr4pcc02u16:166:166 [3]mocr4pcc02u16:164:253 [1] NCCL INFO Mem Realloc old size 0, new size 8 pointer 0x7fdac800adb0
mocr4pcc02u16:164:164 [1] NCCL INFO AllGather: opCount 0 sendbuff 0x7fda9f476800 recvbuff 0x7fda9f477a00 count 1 datatype 4 op 0 root 0 comm 0x563ebd666350 [nranks=8] stream 0x563eba4b5490
mocr4pcc02u16:164:164 [1] NCCL INFO misc/utils.cc:233 memory stack hunk malloc(65536)
mocr4pcc02u16:164:266 [1] NCCL INFO Channel 00/0 : 1[1] -> 3[3] via P2P/CUMEM
mocr4pcc02u16:164:253 [1] NCCL INFO Allocated 33030532 bytes of shared memory in /dev/shm/nccl-ZUJPlg
mocr4pcc02u16:164:253 [1] NCCL INFO New proxy send connection 0 from local rank 0, transport 2
mocr4pcc02u16:164:253 [1] NCCL INFO proxyProgressAsync opId=0x7f929b11b8c0 op.type=1 op.reqBuff=0x7fdac800ad70 op.respSize=16 done
mocr4pcc02u16:164:253 [1] NCCL INFO Received and initiated operation=Init res=0
mocr4pcc02u16:164:253 [1] NCCL INFO New proxy send connection 1 from local rank 1, transport 0
mocr4pcc02u16:164:253 [1] NCCL INFO proxyProgressAsync opId=0x7fda6711b8c0 op.type=1 op.reqBuff=0x7fdac800ed30 op.respSize=16 done
mocr4pcc02u16:164:253 [1] NCCL INFO Received and initiated operation=Init res=0
mocr4pcc02u16:164:266 [1] NCCL INFO ncclPollProxyResponse Received new opId=0x7fda6711b8c0
mocr4pcc02u16:164:266 [1] NCCL INFO resp.opId=0x7fda6711b8c0 matches expected opId=0x7fda6711b8c0
mocr4pcc02u16:164:253 [1] NCCL INFO proxyProgressAsync opId=0x7f929b11b8c0 op.type=3 op.reqBuff=0x7fdac800ed70 op.respSize=0 done
mocr4pcc02u16:164:253 [1] NCCL INFO Received and initiated operation=Setup res=0
mocr4pcc02u16:164:268 [1] NCCL INFO [Proxy Progress] Device 1 CPU core 70
mocr4pcc02u16:164:253 [1] NCCL INFO New proxy send connection 2 from local rank 0, transport 2
mocr4pcc02u16:164:253 [1] NCCL INFO proxyProgressAsync opId=0x7f929b11b8c0 op.type=1 op.reqBuff=0x7fdac800f3e0 op.respSize=16 done
mocr4pcc02u16:164:266 [1] NCCL INFO Connected to proxy localRank 1 -> connection 0x7fdac800ae48
mocr4pcc02u16:164:253 [1] NCCL INFO Received and initiated operation=Init res=0
mocr4pcc02u16:164:253 [1] NCCL INFO proxyProgressAsync opId=0x7f929b11b8c0 op.type=3 op.reqBuff=0x7fdac800f420 op.respSize=0 done
mocr4pcc02u16:164:253 [1] NCCL INFO Received and initiated operation=Setup res=0
mocr4pcc02u16:164:253 [1] NCCL INFO Allocated shareable buffer 0x7fdac1800000 size 2097152 ipcDesc 0x7fdac800fac0
mocr4pcc02u16:164:253 [1] NCCL INFO proxyProgressAsync opId=0x7fda6711b8c0 op.type=3 op.reqBuff=0x7fdac800fa90 op.respSize=88 done
mocr4pcc02u16:164:266 [1] NCCL INFO ncclPollProxyResponse Received new opId=0x7fda6711b8c0
mocr4pcc02u16:164:253 [1] NCCL INFO Received and initiated operation=Setup res=0
mocr4pcc02u16:164:266 [1] NCCL INFO resp.opId=0x7fda6711b8c0 matches expected opId=0x7fda6711b8c0
mocr4pcc02u16:164:266 [1] NCCL INFO Channel 01/0 : 1[1] -> 3[3] via P2P/CUMEM
mocr4pcc02u16:164:253 [1] NCCL INFO New proxy send connection 3 from local rank 0, transport 2
mocr4pcc02u16:164:253 [1] NCCL INFO proxyProgressAsync opId=0x7f929b11b8c0 op.type=1 op.reqBuff=0x7fdac8011400 op.respSize=16 done
mocr4pcc02u16:164:253 [1] NCCL INFO Received and initiated operation=Init res=0
mocr4pcc02u16:164:253 [1] NCCL INFO New proxy send connection 4 from local rank 1, transport 0
mocr4pcc02u16:164:253 [1] NCCL INFO proxyProgressAsync opId=0x7fda6711b8c0 op.type=1 op.reqBuff=0x7fdac8011440 op.respSize=16 done
mocr4pcc02u16:164:266 [1] NCCL INFO ncclPollProxyResponse Received new opId=0x7fda6711b8c0
mocr4pcc02u16:164:253 [1] NCCL INFO Received and initiated operation=Init res=0
mocr4pcc02u16:164:266 [1] NCCL INFO resp.opId=0x7fda6711b8c0 matches expected opId=0x7fda6711b8c0
mocr4pcc02u16:164:266 [1] NCCL INFO Connected to proxy localRank 1 -> connection 0x7fdac800afb0
mocr4pcc02u16:164:253 [1] NCCL INFO proxyProgressAsync opId=0x7f929b11b8c0 op.type=3 op.reqBuff=0x7fdac8011480 op.respSize=0 done
mocr4pcc02u16:164:253 [1] NCCL INFO Received and initiated operation=Setup res=0
mocr4pcc02u16:164:253 [1] NCCL INFO Allocated shareable buffer 0x7fdac1a00000 size 2097152 ipcDesc 0x7fdac8011b00
mocr4pcc02u16:164:253 [1] NCCL INFO proxyProgressAsync opId=0x7fda6711b8c0 op.type=3 op.reqBuff=0x7fdac8011440 op.respSize=88 done
mocr4pcc02u16:164:266 [1] NCCL INFO ncclPollProxyResponse Received new opId=0x7fda6711b8c0
mocr4pcc02u16:164:253 [1] NCCL INFO Received and initiated operation=Setup res=0
mocr4pcc02u16:164:266 [1] NCCL INFO resp.opId=0x7fda6711b8c0 matches expected opId=0x7fda6711b8c0
mocr4pcc02u16:164:266 [1] NCCL INFO Channel 02/0 : 1[1] -> 3[3] via P2P/CUMEM
mocr4pcc02u16:164:253 [1] NCCL INFOmocr4pcc02u16:166:263 [3] NCCL INFO Channel 00/0 : 3[3] -> 2[2] via P2P/CUMEM
mocr4pcc02u16:166:249 [3] NCCL INFO New proxy send connection 4 from local rank 3, transport 0
mocr4pcc02u16:166:249 [3] NCCL INFO proxyProgressAsync opId=0x7f2d5b11b8c0 op.type=1 op.reqBuff=0x7f2db80138d0 op.respSize=16 done
mocr4pcc02u16:166:263 [3] NCCL INFO ncclPollProxyResponse Received new opId=0x7f2d5b11b8c0
mocr4pcc02u16:166:249 [3] NCCL INFO Received and initiated operation=Init res=0
mocr4pcc02u16:166:263 [3] NCCL INFO resp.opId=0x7f2d5b11b8c0 matches expected opId=0x7f2d5b11b8c0
mocr4pcc02u16:166:263 [3] NCCL INFO Connected to proxy localRank 3 -> connection 0x7f2db800afb0
mocr4pcc02u16:166:249 [3] NCCL INFO Allocated shareable buffer 0x603400000 size 2097152 ipcDesc 0x7f2db8015020
mocr4pcc02u16:166:249 [3] NCCL INFO proxyProgressAsync opId=0x7f2d5b11b8c0 op.type=3 op.reqBuff=0x7f2db8014ff0 op.respSize=88 done
mocr4pcc02u16:166:263 [3] NCCL INFO ncclPollProxyResponse Received new opId=0x7f2d5b11b8c0
mocr4pcc02u16:166:249 [3] NCCL INFO Received and initiated operation=Setup res=0
mocr4pcc02umocr4pcc02u16:165:252 [2] NCCL INFO New proxy recv connection 4 from local rank 2, transport 0
mocr4pcc02u16:165:252 [2] NCCL INFO proxyProgressAsync opId=0x7feb2711ce90 op.type=1 op.reqBuff=0x7feb8c0132a0 op.respSize=16 done
mocr4pcc02u16:165:265 [2] NCCL INFO ncclPollProxyResponse Received new opId=0x7feb2711ce90
mocr4pcc02u16:165:252 [2] NCCL INFO Received and initiated operation=Init res=0
mocr4pcc02u16:165:252 [2] NCCL INFO New proxy send connection 5 from local rank 0, transport 0
mocr4pcc02u16:165:252 [2] NCCL INFO proxyProgressAsync opId=0x7f929b11cdf0 op.type=1 op.reqBuff=0x7feb8c014880 op.respSize=16 done
mocr4pcc02u16:165:265 [2] NCCL INFO resp.opId=0x7feb2711ce90 matches expected opId=0x7feb2711ce90
mocr4pcc02u16:165:265 [2] NCCL INFO Connected to proxy localRank 2 -> connection 0x7feb8c00afb0
mocr4pcc02u16:165:252 [2] NCCL INFO Received and initiated operation=Init res=0
mocr4pcc02u16:165:256 [2] NCCL INFO proxyUDSRecvReq::ncclProxyMsgGetFd rank 0 opId 0x5718596373f3c562 handle=0x7feb8c00eaf0
mocr4pcc02u16:165:256 [2] NCCL INFO UDS proxyGetFd received handle 0x7feb8c00eaf0 peer 0 opId 5718596373f3c562
mocr4pcc02u16:165:252 [2] NCCL INFO Allocated shareable buffer 0x7feb83400000 size 10485760 ipcDesc 0x7feb8c0148b0
mocr4pcc02u16:165:252 [2] NCCL INFO proxyProgressAsync opId=0x7feb2711ce90 op.type=3 op.reqBuff=0x7feb8c0132a0 op.respSize=88 done
mocr4pcc02u16:165:265 [2] NCCL INFO ncclPollProxyResponse Received new opId=0x7feb2711ce90
mocr4pcc02u16:165:252 [2] NCCL INFO Received and initiated operation=Setup res=0
mocr4pcc02u16:165:265 [2] NCCL INFO resp.opId=0x7feb2711ce90 matches expected opId=0x7feb2711ce90
mocr4pcc02u16:165:252 [2] NCCL INFO New proxy recv connection 6 from local rank 2, transport 0
mocr4pcc02u16:165:252 [2] NCCL INFO proxyProgressAsync opId=0x7feb2711ce90 op.type=1 op.reqBuff=0x7feb8c0132a0 op.respSize=16 done
mocr4pcc02u16:165:265 [2] NCCL INFO ncclPollProxyResponse Received new opId=0x7feb2711ce90
mocr4pcc02u16:165:252 [2] NCCL INFO Received and initiated operation=Init res=0
mocr4pcc02u16:165:265 [2] NCCL INFO resp.opId=0x7feb2711ce90 matches expected opId=0x7feb2711ce90
mocr4pcc02u16:165:265 [2] NCCL INFO Connected to proxy localRank 2 -> connection 0x7feb8c00b0a0
mocr4pcc02u16:165:252 [2] NCCL INFO Allocated shareable buffer 0x7feb5f600000 size 10485760 ipcDesc 0x7feb8c0161b0
mocr4pcc02u16:165:252 [2] NCCL INFO proxyProgressAsync opId=0x7feb2711ce90 op.type=3 op.reqBuff=0x7feb8c016180 op.respSize=88 done
mocr4pcc02u16:165:265 [2] NCCL INFO ncclPollProxyResponse Received new opId=0x7feb2711ce90
mocr4pcc02u16:165:252 [2] NCCL INFO Received and initiated operation=Setup res=0
mocr4pcc02u16:165:265 [2] NCCL INFO resp.opId=0x7feb2711ce90 matches expected opId=0x7feb2711ce90
mocr4pcc02u16:165:252 [2] NCCL INFO New proxy recv connection 7 from local rank 2, transport 0
mocr4pcc02u16:165:252 [2] NCCL INFO proxyProgressAsync opId=0x7feb2711ce90 op.type=1 op.reqBuff=0x7feb8c016180 op.respSize=16 done
mocr4pcc02u16:165:265 [2] NCCL INFO ncclPollProxyResponse Received new opId=0x7feb2711ce90
mocr4pcc02u16:165:252 [2] NCCL INFO Received and initiated operation=Init res=0
mocr4pcc02u16:165:265 [2] NCCL INFO resp.opId=0x7feb2711ce90 matches expected opId=0x7feb2711ce90
mocr4pcc02u16:165:265 [2] NCCL INFO Connected to proxy localRank 2 -> connection 0x7feb8c00b118
mocr4pcc02u16:165:252 [2] NCCL INFO Allocated shareable buffer 0x602000000 size 10485760 ipcDesc 0x7feb8c017a10
mocr4pcc02u16:165:252 [2] NCCL INFO proxyProgressAsync opId=0x7feb2711ce90 op.type=3 op.reqBuff=0x7feb8c0179e0 op.respSize=88 done
mocr4pcc02u16:165:265 [2] NCCL INFO ncclPollProxyResponse Received new opId=0x7feb2711ce90
mocr4pcc02u16:165:252 [2] NCCL INFO Received and initiated operation=Setup res=0
mocr4pcc02u16:165:265 [2] NCCL INFO resp.opId=0x7feb2711ce90 matches expected opId=0x7feb2711ce90
mocr4pcc02u16:165:252 [2] NCCL INFO New proxy recv connection 8 from local rank 2, transport 0
mocr4pcc02u16:165:252 [2] NCCL INFO proxyProgressAsync opId=0x7feb2711ce90 op.type=1 op.reqBuff=0x7feb8c0179e0 op.respSize=16 done
mocr4pcc02u16:165:265 [2] NCCL INFO ncclPollProxyResponse Received new opId=0x7feb2711ce90
mocr4pcc02u16:165:252 [2] NCCL INFO Received and initiated operation=Init res=0
mocr4pcc02u16:165:265 [2] NCCL INFO resp.opId=0x7feb2711ce90 matches expected opId=0x7feb2711ce90
mocr4pcc02u16:165:265 [2] NCCL INFO Connected to proxy localRank 2 -> connection 0x7feb8c00b190
mocr4pcc02u16:165:256 [2] NCCL INFO proxyUDSRecvReq::ncclProxyMsgGetFd rank 0 opId 0x2cf95b0baf3921d7 handle=0x7feb8c010460
mocr4pcc02u16:165:256 [2] NCCL INFO UDS proxyGetFd received handle 0x7feb8c010460 peer 0 opId 2cf95b0baf3921d7
mocr4pcc02u16:165:252 [2] NCCL INFO Allocated shareable buffer 0x602a00000 size 10485760 ipcDesc 0x7feb8c019620
mocr4pcc02u16:165:252 [2] NCCL INFO proxyProgressAsync opId=0x7feb2711ce90 op.tmocr4pcc02u16:166:263 [3] NCCL INFO ncclPollProxyResponse Received new opId=0x7f2d5b11cdf0
mocr4pcc02u16:166:263 [3] NCCL INFO resp.opId=0x7f2d5b11cdf0 matches expected opId=0x7f2d5b11cdf0
mocr4pcc02u16:166:263 [3] NCCL INFO Connected to proxy localRank 1 -> connection 0x7fdac800b370
mocr4pcc02u16:166:263 [3] NCCL INFO ProxyCall UDS comm 0x55ec62bd0f50 rank 3 tpRank 1(589bbd3996044459) reqSize 8 respSize 0 respFd 0x7f2ddcffda78 opId 0x8d91dff1505040d0
mocr4pcc02u16:166:263 [3] NCCL INFO ProxyCall UDS comm 0x55ec62bd0f50 rank 3 tpRank 1(589bbd3996044459) reqSize 8 respSize 0 respFd 110 opId 0x8d91dff1505040d0 - DONE
mocr4pcc02u16:166:263 [3] NCCL INFO UDS: ClientGetFd handle 0x7fdac800fb50 tpRank 1 returned fd 110 sameProcess 0
mocr4pcc02u16:166:263 [3] NCCL INFO UDS converted handle 0x7fdac800fb50 to fd 110 on remote peer 1
mocr4pcc02u16:166:263 [3] NCCL INFO Imported shareable buffer device 3 size 2097152 ptr 0x603c00000
mocr4pcc02u16:166:263 [3] NCCL INFO ProxyCall UDS comm 0x55ec62bd0f50 rank 3 tpRank 1(589bbd3996044459) reqSize 8 respSize 0 respFd 0x7f2ddcffda78 opId 0xaf23f1bd424e9f4c
mocr4pcc02u16:166:263 [3] NCCL INFO ProxyCall UDS comm 0x55ec62bd0f50 rank 3 tpRank 1(589bbd3996044459) reqSize 8 respSize 0 respFd 110 opId 0xaf23f1bd424e9f4c - DONE
mocr4pcc02u16:166:263 [3] NCCL INFO UDS: ClientGetFd handle 0x7fdac8011b50 tpRank 1 returned fd 110 sameProcess 0
mocr4pcc02u16:166:263 [3] NCCL INFO UDS converted handle 0x7fdac8011b50 to fd 110 on remote peer 1
mocr4pcc02u16:166:263 [3] NCCL INFO Imported shareable buffer device 3 size 2097152 ptr 0x603e00000
mocr4pcc02u16:166:263 [3] NCCL INFO ProxyCall UDS comm 0x55ec62bd0f50 rank 3 tpRank 1(589bbd3996044459) reqSize 8 respSize 0 respFd 0x7f2ddcffda78 opId 0xe22648497b8bc54a
mocr4pcc02u16:166:263 [3] NCCL INFO ProxyCall UDS comm 0x55ec62bd0f50 rank 3 tpRank 1(589bbd3996044459) reqSize 8 respSize 0 respFd 110 opId 0xe22648497b8bc54a - DONE
mocr4pcc02u16:166:263 [3] NCCL INFO UDS: ClientGetFd handle 0x7fdac80138e0 tpRank 1 returned fd 110 sameProcess 0
mocr4pcc02u16:166:263 [3] NCCL INFO UDS converted handle 0x7fdac80138e0 to fd 110 on remote peer 1
mocr4pcc02u16:166:263 [3] NCCL INFO Imported shareable buffer device 3 size 2097152 ptr 0x7f2db3800000
mocr4pcc02u16:166:263 [3] NCCL INFO ProxyCall UDS comm 0x55ec62bd0f50 rank 3 tpRank 1(589bbd3996044459) reqSize 8 respSize 0 respFd 0x7f2ddcffda78 opId 0x2421cb9ddb87bbf6
mocr4pcc02u16:166:249 [3] NCCL INFO New proxy send connection 9 from local rank 2, transport 0
mocr4pcc02u16:166:249 [3] NCCL INFO proxyProgressAsync opId=0x7feb273d9f90 op.type=1 op.reqBuff=0x7f2db801ac70 op.respSize=16 done
mocr4pcc02u16:166:249 [3] NCCL INFO Received and initiated operation=Init res=0
mocr4pcc02u16:166:263 [3] NCCL INFO ProxyCall UDS comm 0x55ec62bd0f50 rank 3 tpRank 1(589bbd3996044459) reqSize 8 respSize 0 respFd 111 opId 0x2421cb9ddb87bbf6 - DONE
mocr4pcc02u16:166:263 [3] NCCL INFO UDS: ClientGetFd handle 0x7fdac8015000 tpRank 1 returned fd 111 sameProcess 0
mocr4pcc02u16:166:263 [3] NCCL INFO UDS converted handle 0x7fdac8015000 to fd 111 on remote peer 1
mocr4pcc02u16:166:254 [3] NCCL INFO proxyUDSRecvReq::ncclProxyMsgGetFd rank 2 opId 0xa3a476fc5bf931b0 handle=0x7f2db8015070
mocr4pcc02u16:166:254 [3] NCCL INFO UDS proxyGetFd received handle 0x7f2db8015070 peer 2 opId a3a476fc5bf931b0
mocr4pcc02u16:166:263 [3] NCCL INFO Imported shareable buffer device 3 size 2097152 ptr 0x7f2db3a00000
mocr4pcc02u16:166:263 [3] NCCL INFO ncclPollProxyResponse Received new opId=0x7f2d5b3d9d70
mocr4pcc02u16:166:263 [3] NCCL INFO resp.opId=0x7f2d5b3d9d70 matches expected opId=0x7f2d5b3d9d70
mocr4pcc02u16:166:263 [3] NCCL INFO Connected to proxy localRank 2 -> connection 0x7feb8c00b208
mocr4pcc02u16:166:263 [3] NCCL INFO ProxyCall UDS comm 0x55ec62bd0f50 rank 3 tpRank 2(acf620ade2d24927) reqSize 8 respSize 0 respFd 0x7f2ddcffda88 opId 0x9e3152a0cae4d1e9
mocr4pcc02u16:166:254 [3] NCCL INFO proxyUDSRecvReq::ncclProxyMsgGetFd rank 2 opId 0xd4e1b0057e166cd5 handle=0x7f2db8016790
mocr4pcc02u16:166:254 [3] NCCL INFO UDS proxyGetFd received handle 0x7f2db8016790 peer 2 opId d4e1b0057e166cd5
mocr4pcc02u16:166:263 [3] NCCL INFO ProxyCall UDS comm 0x55ec62bd0f50 rank 3 tpRank 2(acf620ade2d24927) reqSize 8 respSize 0 respFd 112 opId 0x9e3152a0cae4d1e9 - DONE
mocr4pcc02u16:166:263 [3] NCCL INFO UDS: ClientGetFd handle 0x7feb8c014900 tpRank 2 returned fd 112 sameProcess 0
mocr4pcc02u16:166:263 [3] NCCL INFO UDS converted handle 0x7feb8c014900 to fd 112 on remote peer 2
mocr4pcc02u16:166:263 [3] NCCL INFO Imported shareable buffer device 3 size 10485760 ptr 0x604000000
mocr4pcc02u16:166:263 [3] NCCL INFO ProxyCall UDS comm 0x55ec62bd0f50 rank 3 tpRank 2(acf620ade2d24927) reqSize 8 respSize 0 respFd 0x7f2ddcffda88 opId 0xcc1a8cca38cfe42f
mocr4pcc02u16:166:254 [3] NCCL INFO proxyUDSRecvReq::ncclProxyMsgGetFd rank 2 opId 0x22bd0987c23d1cc0 handle=0x7f2db8017eb0
mocr4pcc02u16:166:254 [3] NCCL INFO UDS proxyGetFd received handle 0x7f2db8017eb0 peer 2 opId 22bd0987c23d1cc0
mocr4pcc02u16:166:263 [3] NCCL INFO ProxyCall UDS comm 0x55ec62bd0f50 rank 3 tpRank 2(acf620ade2d24927) reqSize 8 respSize 0 respFd 112 opId 0xcc1a8cca38cfe42f - DONE
mocr4pcc02u16:166:263 [3] NCCL INFO UDS: ClientGetFd handle 0x7feb8c016200 tpRank 2 returned fd 112 sameProcess 0
mocr4pcc02u16:166:263 [3] NCCL INFO UDS converted handle 0x7feb8c016200 to fd 112 on remote peer 2
mocr4pcc02u16:166:263 [3] NCCL INFO Imported shareable buffer device 3 size 10485760 ptr 0x604a00000
mocr4pcc02u16:166:263 [3] NCCL INFO ProxyCall UDS comm 0x55ec62bd0f50 rank 3 tpRank 2(acf620ade2d24927) reqSize 8 respSize 0 respFd 0x7f2ddcffda88 opId 0x8cee542f97fe1ba2
mocr4pcc02u16:166:254 [3] NCCL INFO proxyUDSRecvReq::ncclProxyMsgGetFd rank 2 opId 0xb4d7b917da659e64 handle=0x7f2db80195d0
mocr4pcc02u16:166:254 [3] NCCL INFO UDS proxyGetFd receimocr4pcc02u16:163:264 [0] NCCL INFO ncclPollProxyResponse Received new opId=0x7f929b3ec378
mocr4pcc02u16:163:264 [0] NCCL INFO resp.opId=0x7f929b3ec378 matches expected opId=0x7f929b3ec378
mocr4pcc02u16:163:264 [0] NCCL INFO sendConnect ncclPollProxyResponse opId=0x7f929b3ec378
mocr4pcc02u16:163:264 [0] NCCL INFO ncclPollProxyResponse Received new opId=0x7f929b3f1ba8
mocr4pcc02u16:163:264 [0] NCCL INFO Queuing opId=0x7f929b3f1ba8 respBuff=0x7f929b1be720 respSize=1400
mocr4pcc02u16:163:264 [0] NCCL INFO ncclPollProxyResponse Received new opId=0x7f929b3f7ea8
mocr4pcc02u16:163:264 [0] NCCL INFO Queuing opId=0x7f929b3f7ea8 respBuff=0x7f929b1be720 respSize=1400
mocr4pcc02u16:163:264 [0] NCCL INFO ncclPollProxyResponse Received new opId=0x7f929b3fe248
mocr4pcc02u16:163:264 [0] NCCL INFO Queuing opId=0x7f929b3fe248 respBuff=0x7f929b1be720 respSize=1400
mocr4pcc02u16:163:264 [0] NCCL INFO ncclPollProxyResponse Received new opId=0x7f929b1bf3b0
mocr4pcc02u16:163:264 [0] NCCL INFO resp.opId=0x7f929b1bf3b0 matches expected opId=0x7f929b1bf3b0
mocr4pcc02u16:163:264 [0] NCCL INFO Connected to proxy localRank 1 -> connection 0x7fdac800b3e8
mocr4pcc02u16:163:264 [0] NCCL INFO ProxyCall UDS comm 0x55c4ee313da0 rank 0 tpRank 1(589bbd3996044459) reqSize 8 respSize 0 respFdmocr4pcc02u16:166:263 [3] NCCL INFO Connected all rings, use ring PXN 1 GDR 1
mocr4pcc02u16:166:166 [3] NCCL INFO Broadcast: opCount 1 sendbuff 0x7f2d91477a00 recvbuff 0x7f2d91477a00 count 396 datatype 4 op 0 root 0 comm 0x55ec62bd0f50 [nranks=8] stream 0x55ec5e46a2c0
mocr4pcc02u16:166:166 [3] NCCL INFO Broadcast: opCount 2 sendbuff 0x7f2d04000000 recvbuff 0x7f2d04000000 count 67734528 datatype 7 op 0 root 0 comm 0x55ec62bd0f50 [nranks=8] stream 0x55ec5e46a2c0
mocr4pcc02u16:166:166 [3] NCCL INFO Broadcast: opCount 3 sendbuff 0x7f2d14400000 recvbuff 0x7f2d14400000 count 66142464 datatype 7 op 0 root 0 comm 0x55ec62bd0f50 [nranks=8] stream 0x55ec5e46a2c0
mocr4pcc02u16:166:166 [3] NCCL INFO Broadcast: opCount 4 sendbuff 0x7f2d02600000 recvbuff 0x7f2d02600000 count 3145728 datatype 7 op 0 root 0 comm 0x55ec62bd0f50 [nranks=8] stream 0x55ec5e46a2c0
mocr4pcc02u16:166:166 [3] NCCL INFO Broadcast: opCount 5 sendbuff 0x7f2d14400000 recvbuff 0x7f2d14400000 count 12582912 datatype 7 op 0 root 0 comm 0x55ec62bd0f50 [nranks=8] stream 0x55ec5e46a2c0
mocr4pcc02u16:166:543 [3] NCCL INFO AllReduce: opCount 6 sendbuff 0x7f2d38000000 recvbuff 0x7f2d38000000 count 124439808 datatype 7 op 0 root 0 comm 0x55ec62bd0f50 [nranks=8] stream 0x55ec5e46a2c0
mocr4pcc02u16:166:249 [3] NCCL INFO New proxy recv connection 10 from local rank 3, transport 0
mocr4pcc02u16:166:249 [3] NCCL INFO proxyProgressAsync opId=0x7f2b34b0a600 op.type=1 op.reqBuff=0x7f2db800ad90 op.respSize=16 done
mocr4pcc02u16:166:22403 [3] NCCL INFO ncclPollProxyResponse Received new opId=0x7f2b34b0a600
mocr4pcc02u16:166:249 [3] NCCL INFO Received and initiated operation=Init res=0
mocr4pcc02u16:166:22403 [3] NCCL INFO resp.opId=0x7f2b34b0a600 matches expected opId=0x7f2b34b0a600
mocr4pcc02u16:166:22403 [3] NCCL INFO Connected to proxy localRank 3 -> connection 0x7f2db800b280
mocr4pcc02u16:166:249 [3] NCCL INFO Allocated shareable buffer 0x7f2a06e00000 size 10485760 ipcDesc 0x7f2db801aca0
mocr4pcc02u16:166:249 [3] NCCL INFO proxyProgressAsync opId=0x7f2b345de590 op.type=3 op.reqBuff=0x7f2db800eaa0 op.respSize=88 done
mocr4pcc02u16:166:22403 [3] NCCL INFO ncclPollProxyResponse Received new opId=0x7f2b345de590
mocr4pcc02u16:166:249 [3] NCCL INFO Received and initiated operation=Setup res=0
mocr4pcc02u16:166:22403 [3] NCCL INFO resp.opId=0x7f2b345de590 matches expected opId=0x7f2b345de590
mocr4pcc02u16:166:249 [3] NCCL INFO New proxy recv connection 11 from local rank 3, transport 0
mocr4pcc02u16:166:249 [3] NCCL INFO proxyProgressAsync opId=0x7f2b349c1dc0 op.type=1 op.reqBuff=0x7f2db800eaa0 op.respSize=16 done
mocr4pcc02u16:166:22403 [3] NCCL INFO ncclPollProxyResponse Received new opId=0x7f2b349c1dc0
mocr4pcc02u16:166:249 [3] NCCL INFO Received and initiated operation=Init res=0
mocr4pcc02u16:166:22403 [3] NCCL INFO resp.opId=0x7f2b349c1dc0 matches expected opId=0x7f2b349c1dc0
mocr4pcc02u16:166:22403 [3] NCCL INFO Connected to proxy localRank 3 -> connection 0x7f2db800b2f8
mocr4pcc02u16:166:249 [3] NCCL INFO Allocated shareable buffer 0x7f2a3b200000 size 10485760 ipcDesc 0x7f2db801c5e0
mocr4pcc02u16:166:249 [3] NCCL INFO proxyProgressAsync opId=0x7f2b34261230 op.type=3 op.reqBuff=0x7f2db801c5b0 op.respSize=88 done
mocr4pcc02u16:166:22403 [3] NCCL INFO ncclPollProxyResponse Received new opId=0x7f2b34261230
mocr4pcc02u16:166:249 [3] NCCL INFO Received and initiated operation=Setup res=0
mocr4pcc02u16:166:22403 [3] NCCL INFO resp.opId=0x7f2b34261230 matches expected opId=0x7f2b34261230
mocr4pcc02u16:166:249 [3] NCCL INFO New proxy recv connection 12 from local rank 3, transport 0
mocr4pcc02u16:166:249 [3] NCCL INFO proxyProgressAsync opId=0x7f2b348e9990 op.type=1 op.reqBuff=0x7f2db801c5b0 op.respSize=16 done
mocr4pcc02u16:166:22403 [3] NCCL INFO ncclPollProxyResponse Received new opId=0x7f2b348e9990
mocr4pcc02u16:166:249 [3] NCCL INFO Received and initiated operation=Init res=0
mocr4pcc02u16:166:22403 [3] NCCL INFO resp.opId=0x7f2b348e9990 matches expected opId=0x7f2b348e9990
mocr4pcc02u16:166:22403 [3] NCCL INFO Connected to proxy localRank 3 -> connection 0x7f2db800b370
mocr4pcc02u16:166:249 [3] NCCL INFO Allocated shareable buffer 0x7f2a3f200000 size 10485760 ipcDesc 0x7f2db801dee0
mocr4pcc02u16:166:249 [3] NCCL INFO proxyProgressAsync opId=0x7f2b348e9990 op.type=3 op.reqBuff=0x7f2db801deb0 op.respSize=88 done
mocr4pcc02u16:166:22403 [3] NCCL INFO ncclPollProxyResponse Received new opId=0x7f2b348e9990
mocr4pcc02u16:166:249 [3] NCCL INFO Received and initiated operation=Setup res=0
mocr4pcc02u16:166:22403 [3] NCCL INFO resp.opId=0x7f2b348e9990 matches expected opId=0x7f2b348e9990
mocr4pcc02u16:166:249 [3] NCCL INFO New proxy recv connection 13 from local rank 3, transport 0
mocr4pcc02u16:166:249 [3] NCCL INFO proxyProgressAsync opId=0x7f2b348e9990 op.type=1 op.reqBuff=0x7f2db801deb0 op.respSize=16 done
mocr4pcc02u16:166:22403 [3] NCCL INFO ncclPollProxyResponse Received new opId=0x7f2b348e9990
mocr4pcc02u16:166:249 [3] NCCL INFO Received and initiated operation=Init res=0
mocr4pcc02u16:166:22403 [3] NCCL INFO resp.opId=0x7f2b348e9990 matches expected opId=0x7f2b348e9990
mocr4pcc02u16:166:22403 [3] NCCL INFO Connected to proxy localRank 3 -> connection 0x7f2db800b3e8
mocr4pcc02u16:166:249 [3] NCCL INFO Allocated shareable buffer 0x7f2a43000000 size 10485760 ipcDesc 0x7f2db801f7e0
mocr4pcc02u16:166:249 [3] NCCL INFO proxyProgressAsync opId=0x7f2b348e9990 op.type=3 op.reqBuff=0x7f2db801f7b0 op.respSize=88 done
mocr4pcc02u16:166:22403 [3] NCCL INFO ncclPollProxyResponse Received new opId=0x7f2b348e9990
mocr4pcc02u16:166:249 [3] NCCL INFO Received and initiated operation=Setup res=0
mocr4pcc02u16:166:22403 [3] NCCL INFO resp.opId=0x7f2b348e9990 matches expected opId=0x7f2b348e9990
mocr4pcc02u16:166:249 [3] NCCL INFO New proxy recv connection 14 from local rank 3, transport 0
mocr4pcc02u16:166:249 [3] NCCL INFO proxyProgressAsync opId=0x7f2b348e9990 op.type=1 op.reqBuff=0x7f2db801f7b0 op.respSize=16 done
mocr4pcc02u16:166:22403 [3] NCCL INFO ncclPollProxyResponse Received new opId=0x7f2b348e9990
mocr4pcc02u16:166:249 [3] NCCL INFO Received and initiated operation=Init res=0
mocr4pcc02u16:166:22403 [3] NCCL INFO resp.opId=0x7f2b348e9990 matches expected opId=0x7f2b348e9990
mocr4pcc02u16:166:22403 [3] NCCL INFO Connected to proxy localRank 3 -> connection 0x7f2db800b460
mocr4pcc02u16:166:249 [3] NCCL INFO Allocated shareable buffer 0x7f2a4d000000 size 10485760 ipcDesc 0x7f2db80210e0
mocr4pcc02u16:166:249 [3] NCCL INFO proxyProgressAsync opId=0x7f2b348e9990 op.type=3 op.reqBuff=0x7f2db80210b0 op.respSize=88 done
mocr4pcc02u16:166:22403 [3] NCCL INFO ncclPollProxyResponse Received new opId=0x7f2b348e9990
mocr4pcc02u16:166:249 [3] NCCL INFO Received and initiated operation=Setup res=0
mocr4pcc02u16:166:22403 [3] NCCL INFO resp.opId=0x7f2b348e9990 matches expected opId=0x7f2b348e9990
mocr4pcc02u16:166:249 [3] NCCL INFO New proxy recv connection 15 from local rank 3, transport 0
mocr4pcc02u16:166:249 [3] NCCL INFO proxyProgressAsync opId=0x7f2b348e9990 op.type=1 op.reqBuff=0x7f2db80210b0 op.respSize=16 done
mocr4pcc02u16:166:249 [3] NCCL INFO Received and initiated operation=Init res=0
mocr4pcc02u16:166:22403 [3] NCCL Imocr4pcc02u16:163:546 [0] NCCL INFO AllReduce: opCount 6 sendbuff 0x7f9278000000 recvbuff 0x7f9278000000 count 124439808 datatype 7 op 0 root 0 comm 0x55c4ee313da0 [nranks=8] stream 0x55c4eccd51c0
mocr4pcc02u16:163:22587 [0] NCCL INFO Channel 00/0 : 0[0] -> 3[3] via P2P/CUMEM
mocr4pcc02u16:163:251 [0] NCCL INFO New proxy send connection 5 from local rank 0, transport 0
mocr4pcc02u16:163:251 [0] NCCL INFO proxyProgressAsync opId=0x7f9214076e30 op.type=1 op.reqBuff=0x7f92bc000d10 op.respSize=16 done
mocr4pcc02u16:163:22587 [0] NCCL INFO ncclPollProxyResponse Received new opId=0x7f9214076e30
mocr4pcc02u16:163:251 [0] NCCL INFO Received and initiated operation=Init res=0
mocr4pcc02u16:163:22587 [0] NCCL INFO resp.opId=0x7f9214076e30 matches expected opId=0x7f9214076e30
mocr4pcc02u16:163:22587 [0] NCCL INFO Connected to proxy localRank 0 -> connection 0x7f92bc00b2b8
mocr4pcc02u16:163:251 [0] NCCL INFO Allocated shareable buffer 0x7f8f3ee00000 size 2097152 ipcDesc 0x7f92bc015120
mocr4pcc02u16:163:251 [0] NCCL INFO proxyProgressAsync opId=0x7f9214076e30 op.type=3 op.reqBuff=0x7f92bc000e10 op.respSize=88 done
mocr4pcc02u16:163:22587 [0] NCCL INFO ncclPollProxyResponse Received new opId=0x7f9214076e30
mocr4pcc02u16:163:251 [0] NCCL INFO Received and initiated operation=Setup res=0
mocr4pcc02u16:163:22587 [0] NCCL INFO resp.opId=0x7f9214076e30 matches expected opId=0x7f9214076e30
mocr4pcc02u16:163:22587 [0] NCCL INFO Channel 01/0 : 0[0] -> 3[3] via P2P/CUMEM
mocr4pcc02u16:163:251 [0] NCCL INFO New proxy send connection 6 from local rank 0, transport 0
mocr4pcc02u16:163:251 [0] NCCL INFO proxyProgressAsync opId=0x7f9214076e30 op.type=1 op.reqBuff=0x7f92bc000e10 op.respSize=16 done
mocr4pcc02u16:163:22587 [0] NCCL INFO ncclPollProxyResponse Received new opId=0x7f9214076e30
mocr4pcc02u16:163:251 [0] NCCL INFO Received and initiated operation=Init res=0
mocr4pcc02u16:163:22587 [0] NCCL INFO resp.opId=0x7f9214076e30 matches expected opId=0x7f9214076e30
mocr4pcc02u16:163:22587 [0] NCCL INFO Connected to proxy localRank 0 -> connection 0x7f92bc00b330
mocr4pcc02u16:163:251 [0] NCCL INFO Allocated shareable buffer 0x7f8f3f000000 size 2097152 ipcDesc 0x7f92bc016a60
mocr4pcc02u16:163:251 [0] NCCL INFO proxyProgressAsync opId=0x7f9214076e30 op.type=3 op.reqBuff=0x7f92bc016a30 op.respSize=88 done
mocr4pcc02u16:163:22587 [0] NCCL INFO ncclPollProxyResponse Received new opId=0x7f9214076e30
mocr4pcc02u16:163:251 [0] NCCL INFO Received and initiated operation=Setup res=0
mocr4pcc02u16:163:22587 [0] NCCL INFO resp.opId=0x7f9214076e30 matches expected opId=0x7f9214076e30
mocr4pcc02u16:163:22587 [0] NCCL INFO Channel 02/0 : 0[0] -> 3[3] via P2P/CUMEM
mocr4pcc02u16:163:251 [0] NCCL INFO New proxy send connection 7 from local rank 0, transport 0
mocr4pcc02u16:163:251 [0] NCCL INFO proxyProgressAsync opId=0x7f9214076e30 op.type=1 op.reqBuff=0x7f92bc016a30 op.respSize=16 done
mocr4pcc02u16:163:22587 [0] NCCL INFO ncclPollProxyResponse Received new opId=0x7f9214076e30
mocr4pcc02u16:163:251 [0] NCCL INFO Received and initiated operation=Init res=0
mocr4pcc02u16:163:22587 [0] NCCL INFO resp.opId=0x7f9214076e30 matches expected opId=0x7f9214076e30
mocr4pcc02u16:163:22587 [0] NCCL INFO Connected to proxy localRank 0 -> connection 0x7f92bc00b3a8
mocr4pcc02u16:163:251 [0] NCCL INFO Allocated shareable buffer 0x7f8f3f200000 size 2097152 ipcDesc 0x7f92bc018180
mocr4pcc02u16:163:251 [0] NCCL INFO proxyProgressAsync opId=0x7f9214076e30 op.type=3 op.reqBuff=0x7f92bc018150 op.respSize=88 done
mocr4pcc02u16:163:22587 [0] NCCL INFO ncclPollProxyResponse Received new opId=0x7f9214076e30
mocr4pcc02u16:163:251 [0] NCCL INFO Received and initiated operation=Setup res=0
mocr4pcc02u16:163:22587 [0] NCCL INFO resp.opId=0x7f9214076e30 matches expected opId=0x7f9214076e30
mocr4pcc02u16:163:22587 [0] NCCL INFO Channel 03/0 : 0[0] -> 3[3] via P2P/CUMEM
mocr4pcc02u16:163:251 [0] NCCL INFO New proxy send connection 8 from local rank 0, tramocr4pcc02u16:166:22403 [3] NCCL INFO Channel 00/0 : 3[3] -> 0[0] via P2P/CUMEM
mocr4pcc02u16:166:249 [3] NCCL INFO New proxy send connection 18 from local rank 3, transport 0
mocr4pcc02u16:166:249 [3] NCCL INFO proxyProgressAsync opId=0x7f2b348e9990 op.type=1 op.reqBuff=0x7f2db8025bb0 op.respSize=16 done
mocr4pcc02u16:166:22403 [3] NCCL INFO ncclPollProxyResponse Received new opId=0x7f2b348e9990
mocr4pcc02u16:166:249 [3] NCCL INFO Received and initiated operation=Init res=0
mocr4pcc02u16:166:22403 [3] NCCL INFO resp.opId=0x7f2b348e9990 matches expected opId=0x7f2b348e9990
mocr4pcc02u16:166:22403 [3] NCCL INFO Connected to proxy localRank 3 -> connection 0x7f2db800b640
mocr4pcc02u16:166:249 [3] NCCL INFO Allocated shareable buffer 0x7f2a07800000 size 2097152 ipcDesc 0x7f2db80274e0
mocr4pcc02u16:166:249 [3] NCCL INFO proxyProgressAsync opId=0x7f2b348e9990 op.type=3 op.reqBuff=0x7f2db80274b0 op.respSize=88 done
mocr4pcc02u16:166:22403 [3] NCCL INFO ncclPollProxyResponse Received new opId=0x7f2b348e9990
mocr4pcc02u16:166:249 [3] NCCL INFO Received and initiated operation=Setup res=0
mocr4pcc02u16:166:22403 [3] NCCL INFO resp.opId=0x7f2b348e9990 matches expected opId=0x7f2b348e9990
mocr4pcc02u16:166:22403 [3] NCCL INFO Channel 01/0 : 3[3] -> 0[0] via P2P/CUMEM
mocr4pcc02u16:166:249 [3] NCCL INFO New proxy send connection 19 from local rank 3, transport 0
mocr4pcc02u16:166:249 [3] NCCL INFO proxyProgressAsync opId=0x7f2b348e9990 op.type=1 op.reqBuff=0x7f2db80274b0 op.respSize=16 done
mocr4pcc02u16:166:22403 [3] NCCL INFO ncclPollProxyResponse Received new opId=0x7f2b348e9990
mocr4pcc02u16:166:249 [3] NCCL INFO Received and initiated operation=Init res=0
mocr4pcc02u16:166:22403 [3] NCCL INFO resp.opId=0x7f2b348e9990 matches expected opId=0x7f2b348e9990
mocr4pcc02u16:166:22403 [3] NCCL INFO Connected to proxy localRank 3 -> connection 0x7f2db800b6b8
mocr4pcc02u16:166:249 [3] NCCL INFO Allocated shareable buffer 0x7f2a07a00000 size 2097152 ipcDesc 0x7f2db8028c00
mocr4pcc02u16:166:249 [3] NCCL INFO proxyProgressAsync opId=0x7f2b348e9990 op.type=3 op.reqBuff=0x7f2db8028bd0 op.respSize=88 done
mocr4pcc02u16:166:22403 [3] NCCL INFO ncclPollProxyResponse Received new opId=0x7f2b348e9990
mocr4pcc02u16:166:249 [3] NCCL INFO Received and initiated operation=Setup res=0
mocr4pcc02u16:166:22403 [3] NCCL INFO resp.opId=0x7f2b348e9990 matches expected opId=0x7f2b348e9990
mocr4pcc02u16:166:22403 [3] NCCL INFO Channel 02/0 : 3[3] -> 0[0] via P2P/CUMEM
mocr4pcc02u16:166:249 [3] NCCL INFO New proxy send connection 20 from local rank 3, transport 0
mocr4pcc02u16:166:249 [3] NCCL INFO proxyProgressAsync opId=0x7f2b348e9990 op.type=1 op.reqBuff=0x7f2db8028bd0 op.respSize=16 done
mocr4pcc02u16:166:22403 [3] NCCL INFO ncclPollProxyResponse Received new opId=0x7f2b348e9990
mocr4pcc02u16:166:249 [3] NCCL INFO Received and initiated operation=Init res=0
mocr4pcc02u16:166:22403 [3] NCCL INFO resp.opId=0x7f2b348e9990 matches expected opId=0x7f2b348e9990
mocr4pcc02u16:166:22403 [3] NCCL INFO Connected to proxy localRank 3 -> connection 0x7f2db800b730
mocr4pcc02u16:166:249 [3] NCCL INFO Allocated shareable buffer 0x7f2a07c00000 size 2097152 ipcDesc 0x7f2db802a320
mocr4pcc02u16:166:249 [3] NCCL INFO proxyProgressAsync opId=0x7f2b348e9990 op.type=3 op.reqBuff=0x7f2db802a2f0 op.respSize=88 done
mocr4pcc02u16:166:22403 [3] NCCL INFO ncclPollProxyResponse Received new opId=0x7f2b348e9990
mocr4pcc02u16:166:22403 [3] NCCL INFO resp.opId=0x7f2b348e9990 matches expected opId=0x7f2b348e9990
mocr4pcc02u16:166:249 [3] NCCL INFO Received and initiated operation=Setup res=0
mocr4pcc02u16:166:22403 [3] NCCL INFO Channel 03/0 : 3[3] -> 0[0] via P2P/CUMEM
mocr4pcc02u16:166:249 [3] NCCL INFO New proxy send connection 21 from local rank 3, transport 0
mocr4pcc02u16:166:249 [3] NCCL INFO proxyProgressAsync opId=0x7f2b348e9990 op.type=1 op.reqBuff=0x7f2db802a2f0 op.respSize=16 done
mocr4pcc02u16:166:22403 [3] NCCL INFO ncclPollProxyResponse Received new opId=0x7f2b348e9990
mocr4pcc02u16:166:249 [3] NCCL INFO Received and initiated operation=Init res=0
mocr4pcc02u16:166:22403 [3] NCCL INFO resp.opId=0x7f2b348e9990 matches expected opId=0x7f2b348e9990
mocr4pcc02u16:166:22403 [3] NCCL INFO Connected to proxy localRank 3 -> connection 0x7f2db800b7a8
mocr4pcc02u16:166:249 [3] NCCL INFO Allocated shareable buffer 0x7f2a07e00000 size 2097152 ipcDesc 0x7f2db802ba40
mocr4pcc02u16:166:249 [3] NCCL INFO proxyProgressAsync opId=0x7f2b348e9990 op.type=3 op.reqBuff=0x7f2db802ba10 op.respSize=88 done
mocr4pcc02u16:166:22403 [3] NCCL INFO ncclPollProxyResponse Received new opId=0x7f2b348e9990
mocr4pcc02u16:166:249 [3] NCCL INFO Received and initiated operation=Setup res=0
mocr4pcc02u16:166:22403 [3] NCCL INFO resp.opId=0x7f2b348e9990 matches expected opId=0x7f2b348e9990
mocr4pcc02u16:166:22403 [3] NCCL INFO ProxyCall UDS comm 0x55ec62bd0f50 rank 3 tpRank 2(acf620ade2d24927) reqSize 8 respSize 0 respFd 0x7f2d937fda78 opId 0x5ca005e1c98752e4
mocr4pcc02u16:166:249 [3] NCCL INFO New proxy send connection 22 from local rank 0, transport 0
mocr4pcc02u16:166:249 [3] NCCL INFO proxyProgressAsync opId=0x7f9214118870 op.type=1 op.reqBuff=0x7f2db802ba10 op.respSize=16 done
mocr4pcc02u16:166:249 [3] NCCL INFO Received and initiated operation=Init res=0
mocr4pcc02u16:166:254 [3] NCCL INFO proxyUDSRecvReq::ncclProxyMsgGetFd rank 0 opId 0xf6ab09cd26853c88 handle=0x7f2db8021130
mocr4pcc02u16:166:254 [3] NCCL INFO UDS proxyGetFd received handle 0x7f2db8021130 peer 0 opId f6ab09cd26853c88
mocr4pcc02u16:166:22403 [3] NCCL INFO ProxyCall UDS comm 0x55ec62bd0f50 rank 3 tpRank 2(acf620ade2d24927) reqSize 8 respSize 0 respFd 114 opId 0x5ca005e1c98752e4 - DONE
mocr4pcc02u16:166:22403 [3] NCCL INFO UDS: ClientGetFd handle 0x7feb8c0211d0 tpRank 2 returned fd 114 sameProcess 0
mocr4pcc02u16:166:22403 [3] NCCL INFO UDS converted handle 0x7feb8c0211d0 to fd 114 on remote peer 2
mocr4pcc02u16:166:22403 [3] NCCL INFO Imported shareable buffer device 3 size 2097152 ptr 0x7f2a3bc00000
mocr4pcc02u16:166:22403 [3] NCCL INFO ProxyCall UDS comm 0x55ec62bd0f50 rank 3 tpRank 2(acf620ade2d24927) reqSize 8 respSize 0 respFd 0x7f2d937fda78 opId 0x3056a21667c84d3b
mocr4pcc02u16:166:254 [3] NCCL INFO proxyUDSRecvReq::ncclProxyMsgGetFd rank 0 opId 0x483af9364ccc622a handle=0x7f2db8022a30
mocr4pcc02u16:166:254 [3] NCCL INFO UDS proxyGetFd received handle 0x7f2db8022a30 peer 0 opId 483af9364ccc622a
mocr4pcc02u16:166:22403 [3] NCCL INFO ProxyCall UDS comm 0x55ec62bd0f50 rank 3 tpRank 2(acf620ade2d24927) reqSize 8 respSize 0 respFd 114 opId 0x3056a21667c84d3b - DONE
mocr4pcc02u16:166:22403 [3] NCCL INFO UDS: ClientGetFd handmocr4pcc02u16:163:22587 [0] NCCL INFO ProxyCall UDS comm 0x55c4ee313da0 rank 0 tpRank 3(ca86bb881276326e) reqSize 8 respSize 0 respFd 113 opId 0x483af9364ccc6mocr4pcc02u16:166:22403 [3] NCCL INFO Imported shareable buffer device 3 size 2097152 ptr 0x7f2a3be00000
mocr4pcc02u16:166:22403 [3] NCCL INFO ProxyCall UDS comm 0x55ec62bd0f50 rank 3 tpRank 2(acf620ade2d24927) reqSize 8 respSize 0 respFd 0x7f2d937fda78 opId 0xf3ef37fb931e128c
mocr4pcc02u16:166:254 [3] NCCL INFO proxyUDSRecvReq::ncclProxyMsgGetFd rank 0 opId 0xa7c53dc05db7b889 handle=0x7f2db8024330
mocr4pcc02u16:166:254 [3] NCCL INFO UDS proxyGetFd received handle 0x7f2db8024330 peer 0 opId a7c53dc05dbmocr4pmocr4pcc02u16:166:22403 [3] NCCL INFO ProxyCall UDS comm 0x55ec62bd0f50 rank 3 tpRank 2(acf620ade2d24927) reqSize 8 respSize 0 respFd 114 opId 0xf3ef37fb931e128c - DONE
mocr4pcc02u16:166:22403 [3] NCCL INFO UDS: ClientGetFd handle 0x7feb8c024010 tpRank 2 returned fd 114 sameProcess 0
