Running pytorch 2.7.0+cu126
using device: cuda:0
total desired batch size: 2359296
=> calculated gradient accumulation steps: 6
using device: cuda:2
using device: cuda:1
using device: cuda:3
compiling the model...
DataLoader: total number of tokens: 1,661,249,667 across 103 files
MOC-R4PCC04U05:61899:61899 [0] NCCL INFO NCCL_SOCKET_IFNAME set by environment to eno7np0
MOC-R4PCC04U05:61899:61899 [0] NCCL INFO Bootstrap: Using eno7np0:192.168.50.193<0>
MOC-R4PCC04U05:61899:61899 [0] NCCL INFO cudaDriverVersion 12040
MOC-R4PCC04U05:61899:61899 [0] NCCL INFO NCCL version 2.26.2+cuda12.2
MOC-R4PCC04U05:61899:61899 [0] NCCL INFO Comm config Blocking set to 1
MOC-R4PCC04U05:61899:61940 [0] NCCL INFO NET/Plugin: Could not find: libnccl-net.so. Using internal net plugin.
MOC-R4PCC04U05:61899:61940 [0] NCCL INFO NCCL_IB_DISABLE set by environment to 0.
MOC-R4PCC04U05:61899:61940 [0] NCCL INFO NCCL_SOCKET_IFNAME set by environment to eno7np0
MOC-R4PCC04U05:61899:61940 [0] NCCL INFO NCCL_IB_HCA set to mlx5_5
MOC-R4PCC04U05:61900:61900 [1] NCCL INFO cudaDriverVersion 12040
MOC-R4PCC04U05:61900:61900 [1] NCCL INFO NCCL_SOCKET_IFNAME set by environment to eno7np0
MOC-R4PCC04U05:61900:61900 [1] NCCL INFO Bootstrap: Using eno7np0:192.168.50.193<0>
MOC-R4PCC04U05:61900:61900 [1] NCCL INFO NCCL version 2.26.2+cuda12.2
MOC-R4PCC04U05:61900:61900 [1] NCCL INFO Comm config Blocking set to 1
MOC-R4PCC04U05:61901:61901 [2] NCCL INFO cudaDriverVersion 12040
MOC-R4PCC04U05:61901:61901 [2] NCCL INFO NCCL_SOCKET_IFNAME set by environment to eno7np0
MOC-R4PCC04U05:61901:61901 [2] NCCL INFO Bootstrap: Using eno7np0:192.168.50.193<0>
MOC-R4PCC04U05:61901:61901 [2] NCCL INFO NCCL version 2.26.2+cuda12.2
MOC-R4PCC04U05:61901:61901 [2] NCCL INFO Comm config Blocking set to 1
MOC-R4PCC04U05:61899:61940 [0] NCCL INFO NET/IB : Using [0]mlx5_5:1/RoCE [RO]; OOB eno7np0:192.168.50.193<0>
MOC-R4PCC04U05:61899:61940 [0] NCCL INFO PROFILER/Plugin: Could not find: libnccl-profiler.so. 
MOC-R4PCC04U05:61899:61940 [0] NCCL INFO Using network IB
MOC-R4PCC04U05:61899:61940 [0] NCCL INFO DMA-BUF is available on GPU device 0
MOC-R4PCC04U05:61899:61940 [0] NCCL INFO ncclCommInitRankConfig comm 0x55ecc0105950 rank 0 nranks 12 cudaDev 0 nvmlDev 0 busId 6000 commId 0x9d6cc9948a7e6ee3 - Init START
MOC-R4PCC04U05:61902:61902 [3] NCCL INFO cudaDriverVersion 12040
MOC-R4PCC04U05:61902:61902 [3] NCCL INFO NCCL_SOCKET_IFNAME set by environment to eno7np0
MOC-R4PCC04U05:61902:61902 [3] NCCL INFO Bootstrap: Using eno7np0:192.168.50.193<0>
MOC-R4PCC04U05:61902:61902 [3] NCCL INFO NCCL version 2.26.2+cuda12.2
MOC-R4PCC04U05:61902:61902 [3] NCCL INFO Comm config Blocking set to 1
MOC-R4PCC04U05:61900:61941 [1] NCCL INFO NET/Plugin: Could not find: libnccl-net.so. Using internal net plugin.
MOC-R4PCC04U05:61900:61941 [1] NCCL INFO NCCL_IB_DISABLE set by environment to 0.
MOC-R4PCC04U05:61900:61941 [1] NCCL INFO NCCL_SOCKET_IFNAME set by environment to eno7np0
MOC-R4PCC04U05:61901:61942 [2] NCCL INFO NET/Plugin: Could not find: libnccl-net.so. Using internal net plugin.
MOC-R4PCC04U05:61901:61942 [2] NCCL INFO NCCL_IB_DISABLE set by environment to 0.
MOC-R4PCC04U05:61900:61941 [1] NCCL INFO NCCL_IB_HCA set to mlx5_5
MOC-R4PCC04U05:61901:61942 [2] NCCL INFO NCCL_SOCKET_IFNAME set by environment to eno7np0
MOC-R4PCC04U05:61901:61942 [2] NCCL INFO NCCL_IB_HCA set to mlx5_5
MOC-R4PCC04U05:61900:61941 [1] NCCL INFO NET/IB : Using [0]mlx5_5:1/RoCE [RO]; OOB eno7np0:192.168.50.193<0>
MOC-R4PCC04U05:61900:61941 [1] NCCL INFO PROFILER/Plugin: Could not find: libnccl-profiler.so. 
MOC-R4PCC04U05:61900:61941 [1] NCCL INFO Using network IB
MOC-R4PCC04U05:61902:61944 [3] NCCL INFO NET/Plugin: Could not find: libnccl-net.so. Using internal net plugin.
MOC-R4PCC04U05:61902:61944 [3] NCCL INFO NCCL_IB_DISABLE set by environment to 0.
MOC-R4PCC04U05:61901:61942 [2] NCCL INFO NET/IB : Using [0]mlx5_5:1/RoCE [RO]; OOB eno7np0:192.168.50.193<0>
MOC-R4PCC04U05:61902:61944 [3] NCCL INFO NCCL_SOCKET_IFNAME set by environment to eno7np0
MOC-R4PCC04U05:61901:61942 [2] NCCL INFO PROFILER/Plugin: Could not find: libnccl-profiler.so. 
MOC-R4PCC04U05:61901:61942 [2] NCCL INFO Using network IB
MOC-R4PCC04U05:61902:61944 [3] NCCL INFO NCCL_IB_HCA set to mlx5_5
MOC-R4PCC04U05:61902:61944 [3] NCCL INFO NET/IB : Using [0]mlx5_5:1/RoCE [RO]; OOB eno7np0:192.168.50.193<0>
MOC-R4PCC04U05:61902:61944 [3] NCCL INFO PROFILER/Plugin: Could not find: libnccl-profiler.so. 
MOC-R4PCC04U05:61902:61944 [3] NCCL INFO Using network IB
MOC-R4PCC04U05:61900:61941 [1] NCCL INFO DMA-BUF is available on GPU device 1
MOC-R4PCC04U05:61901:61942 [2] NCCL INFO DMA-BUF is available on GPU device 2
MOC-R4PCC04U05:61901:61942 [2] NCCL INFO ncclCommInitRankConfig comm 0x55632bf15370 rank 2 nranks 12 cudaDev 2 nvmlDev 2 busId a6000 commId 0x9d6cc9948a7e6ee3 - Init START
MOC-R4PCC04U05:61900:61941 [1] NCCL INFO ncclCommInitRankConfig comm 0x5605b18708c0 rank 1 nranks 12 cudaDev 1 nvmlDev 1 busId 26000 commId 0x9d6cc9948a7e6ee3 - Init START
MOC-R4PCC04U05:61900:61941 [1] NCCL INFO RAS client listening socket at ::1<28028>
MOC-R4PCC04U05:61899:61940 [0] NCCL INFO RAS client listening socket at ::1<28028>
MOC-R4PCC04U05:61902:61944 [3] NCCL INFO DMA-BUF is available on GPU device 3
MOC-R4PCC04U05:61902:61944 [3] NCCL INFO ncclCommInitRankConfig comm 0x55d529db8b70 rank 3 nranks 12 cudaDev 3 nvmlDev 3 busId c6000 commId 0x9d6cc9948a7e6ee3 - Init START
MOC-R4PCC04U05:61902:61944 [3] NCCL INFO RAS client listening socket at ::1<28028>
MOC-R4PCC04U05:61901:61942 [2] NCCL INFO RAS client listening socket at ::1<28028>
MOC-R4PCC04U05:61902:61944 [3] NCCL INFO Bootstrap timings total 0.117693 (create 0.000096, send 0.000196, recv 0.000445, ring 0.115803, delay 0.000000)
MOC-R4PCC04U05:61899:61940 [0] NCCL INFO Bootstrap timings total 2.133930 (create 0.000145, send 0.000258, recv 1.996493, ring 0.135422, delay 0.000000)
MOC-R4PCC04U05:61900:61941 [1] NCCL INFO Bootstrap timings total 0.137997 (create 0.000159, send 0.000258, recv 0.000531, ring 0.135627, delay 0.000001)
MOC-R4PCC04U05:61901:61942 [2] NCCL INFO Bootstrap timings total 0.138023 (create 0.000157, send 0.000264, recv 0.020501, ring 0.114371, delay 0.000001)
MOC-R4PCC04U05:61899:61940 [0] NCCL INFO NCCL_NET_GDR_LEVEL set by environment to LOC
MOC-R4PCC04U05:61900:61941 [1] NCCL INFO NCCL_NET_GDR_LEVEL set by environment to LOC
MOC-R4PCC04U05:61899:61940 [0] NCCL INFO Setting affinity for GPU 0 to ffffffff,ffffffff,ffffffff,ffffffff,00000000,00000000,00000000,00000000,ffffffff,ffffffff,ffffffff,ffffffff
MOC-R4PCC04U05:61900:61941 [1] NCCL INFO Setting affinity for GPU 1 to ffffffff,ffffffff,ffffffff,ffffffff,00000000,00000000,00000000,00000000,ffffffff,ffffffff,ffffffff,ffffffff
MOC-R4PCC04U05:61899:61940 [0] NCCL INFO NVLS multicast support is not available on dev 0
MOC-R4PCC04U05:61900:61941 [1] NCCL INFO NVLS multicast support is not available on dev 1
MOC-R4PCC04U05:61902:61944 [3] NCCL INFO NCCL_NET_GDR_LEVEL set by environment to LOC
MOC-R4PCC04U05:61902:61944 [3] NCCL INFO Setting affinity for GPU 3 to ffffffff,ffffffff,ffffffff,ffffffff,00000000,00000000,00000000,00000000,ffffffff,ffffffff,ffffffff,ffffffff,00000000,00000000,00000000,00000000
MOC-R4PCC04U05:61902:61944 [3] NCCL INFO NVLS multicast support is not available on dev 3
MOC-R4PCC04U05:61901:61942 [2] NCCL INFO NCCL_NET_GDR_LEVEL set by environment to LOC
MOC-R4PCC04U05:61901:61942 [2] NCCL INFO Setting affinity for GPU 2 to ffffffff,ffffffff,ffffffff,ffffffff,00000000,00000000,00000000,00000000,ffffffff,ffffffff,ffffffff,ffffffff,00000000,00000000,00000000,00000000
MOC-R4PCC04U05:61901:61942 [2] NCCL INFO NVLS multicast support is not available on dev 2
MOC-R4PCC04U05:61902:61944 [3] NCCL INFO comm 0x55d529db8b70 rank 3 nRanks 12 nNodes 3 localRanks 4 localRank 3 MNNVL 0
MOC-R4PCC04U05:61901:61942 [2] NCCL INFO comm 0x55632bf15370 rank 2 nRanks 12 nNodes 3 localRanks 4 localRank 2 MNNVL 0
MOC-R4PCC04U05:61901:61942 [2] NCCL INFO Trees [0] -1/-1/-1->2->1 [1] -1/-1/-1->2->1 [2] -1/-1/-1->2->1 [3] -1/-1/-1->2->1
MOC-R4PCC04U05:61901:61942 [2] NCCL INFO P2P Chunksize set to 131072
MOC-R4PCC04U05:61902:61944 [3] NCCL INFO Trees [0] 0/11/-1->3->-1 [1] 0/11/-1->3->-1 [2] 0/11/-1->3->7 [3] 0/11/-1->3->7
MOC-R4PCC04U05:61902:61944 [3] NCCL INFO P2P Chunksize set to 131072
MOC-R4PCC04U05:61899:61940 [0] NCCL INFO comm 0x55ecc0105950 rank 0 nRanks 12 nNodes 3 localRanks 4 localRank 0 MNNVL 0
MOC-R4PCC04U05:61900:61941 [1] NCCL INFO comm 0x5605b18708c0 rank 1 nRanks 12 nNodes 3 localRanks 4 localRank 1 MNNVL 0
MOC-R4PCC04U05:61900:61941 [1] NCCL INFO Trees [0] 2/-1/-1->1->0 [1] 2/-1/-1->1->0 [2] 2/-1/-1->1->0 [3] 2/-1/-1->1->0
MOC-R4PCC04U05:61900:61941 [1] NCCL INFO P2P Chunksize set to 131072
MOC-R4PCC04U05:61899:61940 [0] NCCL INFO Channel 00/04 :  0  3  6  5  4  7 10  9  8 11  2  1
MOC-R4PCC04U05:61899:61940 [0] NCCL INFO Channel 01/04 :  0  2  7  5  4  6 11  9  8 10  3  1
MOC-R4PCC04U05:61901:61956 [2] NCCL INFO [Proxy Service] Device 2 CPU core 416
MOC-R4PCC04U05:61899:61940 [0] NCCL INFO Channel 02/04 :  0  3  6  5  4  7 10  9  8 11  2  1
MOC-R4PCC04U05:61899:61940 [0] NCCL INFO Channel 03/04 :  0  2  7  5  4  6 11  9  8 10  3  1
MOC-R4PCC04U05:61899:61940 [0] NCCL INFO Trees [0] 1/-1/-1->0->3 [1] 1/-1/-1->0->3 [2] 1/-1/-1->0->3 [3] 1/-1/-1->0->3
MOC-R4PCC04U05:61899:61940 [0] NCCL INFO P2P Chunksize set to 131072
MOC-R4PCC04U05:61899:61940 [0] NCCL INFO Check P2P Type intraNodeP2pSupport 1 directMode 0
MOC-R4PCC04U05:61901:61957 [2] NCCL INFO [Proxy Service UDS] Device 2 CPU core 183
MOC-R4PCC04U05:61902:61958 [3] NCCL INFO [Proxy Service] Device 3 CPU core 397
MOC-R4PCC04U05:61899:61961 [0] NCCL INFO [Proxy Service] Device 0 CPU core 287
MOC-R4PCC04U05:61902:61959 [3] NCCL INFO [Proxy Service UDS] Device 3 CPU core 191
MOC-R4PCC04U05:61900:61962 [1] NCCL INFO [Proxy Service UDS] Device 1 CPU core 15
MOC-R4PCC04U05:61899:61963 [0] NCCL INFO [Proxy Service UDS] Device 0 CPU core 14
MOC-R4PCC04U05:61900:61960 [1] NCCL INFO [Proxy Service] Device 1 CPU core 272
MOC-R4PCC04U05:61901:61942 [2] NCCL INFO threadThresholds 8/8/64 | 96/8/64 | 512 | 512
MOC-R4PCC04U05:61901:61942 [2] NCCL INFO 4 coll channels, 4 collnet channels, 0 nvls channels, 4 p2p channels, 1 p2p channels per peer
MOC-R4PCC04U05:61902:61944 [3] NCCL INFO threadThresholds 8/8/64 | 96/8/64 | 512 | 512
MOC-R4PCC04U05:61902:61944 [3] NCCL INFO 4 coll channels, 4 collnet channels, 0 nvls channels, 4 p2p channels, 1 p2p channels per peer
MOC-R4PCC04U05:61900:61941 [1] NCCL INFO threadThresholds 8/8/64 | 96/8/64 | 512 | 512
MOC-R4PCC04U05:61900:61941 [1] NCCL INFO 4 coll channels, 4 collnet channels, 0 nvls channels, 4 p2p channels, 1 p2p channels per peer
MOC-R4PCC04U05:61899:61940 [0] NCCL INFO threadThresholds 8/8/64 | 96/8/64 | 512 | 512
MOC-R4PCC04U05:61899:61940 [0] NCCL INFO 4 coll channels, 4 collnet channels, 0 nvls channels, 4 p2p channels, 1 p2p channels per peer
MOC-R4PCC04U05:61899:61940 [0] NCCL INFO CC Off, workFifoBytes 1048576
MOC-R4PCC04U05:61902:61944 [3] NCCL INFO TUNER/Plugin: Could not find: libnccl-tuner.so. Using internal tuner plugin.
MOC-R4PCC04U05:61901:61942 [2] NCCL INFO TUNER/Plugin: Could not find: libnccl-tuner.so. Using internal tuner plugin.
MOC-R4PCC04U05:61900:61941 [1] NCCL INFO TUNER/Plugin: Could not find: libnccl-tuner.so. Using internal tuner plugin.
MOC-R4PCC04U05:61902:61944 [3] NCCL INFO ncclCommInitRankConfig comm 0x55d529db8b70 rank 3 nranks 12 cudaDev 3 nvmlDev 3 busId c6000 commId 0x9d6cc9948a7e6ee3 - Init COMPLETE
MOC-R4PCC04U05:61901:61942 [2] NCCL INFO ncclCommInitRankConfig comm 0x55632bf15370 rank 2 nranks 12 cudaDev 2 nvmlDev 2 busId a6000 commId 0x9d6cc9948a7e6ee3 - Init COMPLETE
MOC-R4PCC04U05:61900:61941 [1] NCCL INFO ncclCommInitRankConfig comm 0x5605b18708c0 rank 1 nranks 12 cudaDev 1 nvmlDev 1 busId 26000 commId 0x9d6cc9948a7e6ee3 - Init COMPLETE
MOC-R4PCC04U05:61902:61944 [3] NCCL INFO Init timings - ncclCommInitRankConfig: rank 3 nranks 12 total 2.95 (kernels 0.31, alloc 1.69, bootstrap 0.12, allgathers 0.02, topo 0.76, graphs 0.00, connections 0.02, rest 0.02)
MOC-R4PCC04U05:61901:61942 [2] NCCL INFO Init timings - ncclCommInitRankConfig: rank 2 nranks 12 total 3.59 (kernels 0.84, alloc 1.79, bootstrap 0.14, allgathers 0.02, topo 0.76, graphs 0.00, connections 0.03, rest 0.01)
MOC-R4PCC04U05:61900:61941 [1] NCCL INFO Init timings - ncclCommInitRankConfig: rank 1 nranks 12 total 3.60 (kernels 0.84, alloc 1.79, bootstrap 0.14, allgathers 0.02, topo 0.76, graphs 0.00, connections 0.03, rest 0.01)
MOC-R4PCC04U05:61899:61940 [0] NCCL INFO TUNER/Plugin: Could not find: libnccl-tuner.so. Using internal tuner plugin.
MOC-R4PCC04U05:61899:61940 [0] NCCL INFO ncclCommInitRankConfig comm 0x55ecc0105950 rank 0 nranks 12 cudaDev 0 nvmlDev 0 busId 6000 commId 0x9d6cc9948a7e6ee3 - Init COMPLETE
MOC-R4PCC04U05:61899:61940 [0] NCCL INFO Init timings - ncclCommInitRankConfig: rank 0 nranks 12 total 3.95 (kernels 0.31, alloc 0.68, bootstrap 2.13, allgathers 0.02, topo 0.76, graphs 0.00, connections 0.04, rest 0.00)
MOC-R4PCC04U05:61899:61966 [0] NCCL INFO Channel 01/0 : 0[0] -> 2[2] via P2P/CUMEM
MOC-R4PCC04U05:61899:61966 [0] NCCL INFO Channel 03/0 : 0[0] -> 2[2] via P2P/CUMEM
MOC-R4PCC04U05:61899:61966 [0] NCCL INFO Channel 00/0 : 0[0] -> 3[3] via P2P/CUMEM
MOC-R4PCC04U05:61899:61966 [0] NCCL INFO Channel 02/0 : 0[0] -> 3[3] via P2P/CUMEM
MOC-R4PCC04U05:61901:61967 [2] NCCL INFO [Proxy Progress] Device 2 CPU core 461
MOC-R4PCC04U05:61901:61965 [2] NCCL INFO Channel 00/0 : 11[3] -> 2[2] [receive] via NET/IB/1
MOC-R4PCC04U05:61901:61965 [2] NCCL INFO Channel 02/0 : 11[3] -> 2[2] [receive] via NET/IB/1
MOC-R4PCC04U05:61902:61969 [3] NCCL INFO [Proxy Progress] Device 3 CPU core 167
MOC-R4PCC04U05:61902:61968 [3] NCCL INFO Channel 00/0 : 3[3] -> 6[2] [send] via NET/IB/1
MOC-R4PCC04U05:61902:61968 [3] NCCL INFO Channel 02/0 : 3[3] -> 6[2] [send] via NET/IB/1
MOC-R4PCC04U05:61902:61968 [3] NCCL INFO Channel 01/0 : 10[2] -> 3[3] [receive] via NET/IB/1
MOC-R4PCC04U05:61902:61968 [3] NCCL INFO Channel 03/0 : 10[2] -> 3[3] [receive] via NET/IB/1
MOC-R4PCC04U05:61901:61965 [2] NCCL INFO Channel 01/0 : 2[2] -> 7[3] [send] via NET/IB/1
MOC-R4PCC04U05:61901:61965 [2] NCCL INFO Channel 03/0 : 2[2] -> 7[3] [send] via NET/IB/1
MOC-R4PCC04U05:61902:61968 [3] NCCL INFO Channel 01/0 : 3[3] -> 1[1] via P2P/CUMEM
MOC-R4PCC04U05:61901:61965 [2] NCCL INFO Channel 00/0 : 2[2] -> 1[1] via P2P/CUMEM
MOC-R4PCC04U05:61902:61968 [3] NCCL INFO Channel 03/0 : 3[3] -> 1[1] via P2P/CUMEM
MOC-R4PCC04U05:61901:61965 [2] NCCL INFO Channel 02/0 : 2[2] -> 1[1] via P2P/CUMEM
MOC-R4PCC04U05:61900:61964 [1] NCCL INFO Channel 00/0 : 1[1] -> 0[0] via P2P/CUMEM
MOC-R4PCC04U05:61900:61964 [1] NCCL INFO Channel 01/0 : 1[1] -> 0[0] via P2P/CUMEM
MOC-R4PCC04U05:61900:61964 [1] NCCL INFO Channel 02/0 : 1[1] -> 0[0] via P2P/CUMEM
MOC-R4PCC04U05:61900:61964 [1] NCCL INFO Channel 03/0 : 1[1] -> 0[0] via P2P/CUMEM
MOC-R4PCC04U05:61901:61965 [2] NCCL INFO Connected all rings, use ring PXN 0 GDR 0
MOC-R4PCC04U05:61900:61964 [1] NCCL INFO Connected all rings, use ring PXN 0 GDR 0
MOC-R4PCC04U05:61902:61968 [3] NCCL INFO Connected all rings, use ring PXN 0 GDR 0
MOC-R4PCC04U05:61899:61966 [0] NCCL INFO Connected all rings, use ring PXN 0 GDR 0
num decayed parameter tensors: 50, with 124,318,464 parameters
num non-decayed parameter tensors: 98, with 121,344 parameters
using fused AdamW: False
using regular AdamW
MOC-R4PCC04U05:61899:62659 [0] NCCL INFO Channel 00/0 : 0[0] -> 1[1] via P2P/CUMEM
MOC-R4PCC04U05:61899:62659 [0] NCCL INFO Channel 01/0 : 0[0] -> 1[1] via P2P/CUMEM
MOC-R4PCC04U05:61899:62659 [0] NCCL INFO Channel 02/0 : 0[0] -> 1[1] via P2P/CUMEM
MOC-R4PCC04U05:61899:62659 [0] NCCL INFO Channel 03/0 : 0[0] -> 1[1] via P2P/CUMEM
MOC-R4PCC04U05:61900:62661 [1] NCCL INFO Channel 00/0 : 1[1] -> 2[2] via P2P/CUMEM
MOC-R4PCC04U05:61900:62661 [1] NCCL INFO Channel 01/0 : 1[1] -> 2[2] via P2P/CUMEM
MOC-R4PCC04U05:61900:62661 [1] NCCL INFO Channel 02/0 : 1[1] -> 2[2] via P2P/CUMEM
MOC-R4PCC04U05:61900:62661 [1] NCCL INFO Channel 03/0 : 1[1] -> 2[2] via P2P/CUMEM
MOC-R4PCC04U05:61899:62659 [0] NCCL INFO Channel 01/0 : 0[0] -> 3[3] via P2P/CUMEM
MOC-R4PCC04U05:61901:62658 [2] NCCL INFO Channel 01/0 : 2[2] -> 1[1] via P2P/CUMEM
MOC-R4PCC04U05:61899:62659 [0] NCCL INFO Channel 03/0 : 0[0] -> 3[3] via P2P/CUMEM
MOC-R4PCC04U05:61901:62658 [2] NCCL INFO Channel 03/0 : 2[2] -> 1[1] via P2P/CUMEM
MOC-R4PCC04U05:61902:62660 [3] NCCL INFO Channel 00/0 : 11[3] -> 3[3] [receive] via NET/IB/1
MOC-R4PCC04U05:61902:62660 [3] NCCL INFO Channel 01/0 : 11[3] -> 3[3] [receive] via NET/IB/1
MOC-R4PCC04U05:61902:62660 [3] NCCL INFO Channel 02/0 : 11[3] -> 3[3] [receive] via NET/IB/1
MOC-R4PCC04U05:61902:62660 [3] NCCL INFO Channel 03/0 : 11[3] -> 3[3] [receive] via NET/IB/1
MOC-R4PCC04U05:61902:62660 [3] NCCL INFO Channel 02/0 : 3[3] -> 7[3] [send] via NET/IB/1
MOC-R4PCC04U05:61902:62660 [3] NCCL INFO Channel 03/0 : 3[3] -> 7[3] [send] via NET/IB/1
MOC-R4PCC04U05:61902:62660 [3] NCCL INFO Channel 02/0 : 7[3] -> 3[3] [receive] via NET/IB/1
MOC-R4PCC04U05:61902:62660 [3] NCCL INFO Channel 03/0 : 7[3] -> 3[3] [receive] via NET/IB/1
MOC-R4PCC04U05:61902:62660 [3] NCCL INFO Channel 00/0 : 3[3] -> 11[3] [send] via NET/IB/1
MOC-R4PCC04U05:61902:62660 [3] NCCL INFO Channel 01/0 : 3[3] -> 11[3] [send] via NET/IB/1
MOC-R4PCC04U05:61902:62660 [3] NCCL INFO Channel 02/0 : 3[3] -> 11[3] [send] via NET/IB/1
MOC-R4PCC04U05:61902:62660 [3] NCCL INFO Channel 03/0 : 3[3] -> 11[3] [send] via NET/IB/1
MOC-R4PCC04U05:61902:62660 [3] NCCL INFO Channel 00/0 : 3[3] -> 0[0] via P2P/CUMEM
MOC-R4PCC04U05:61902:62660 [3] NCCL INFO Channel 01/0 : 3[3] -> 0[0] via P2P/CUMEM
MOC-R4PCC04U05:61902:62660 [3] NCCL INFO Channel 02/0 : 3[3] -> 0[0] via P2P/CUMEM
MOC-R4PCC04U05:61902:62660 [3] NCCL INFO Channel 03/0 : 3[3] -> 0[0] via P2P/CUMEM
MOC-R4PCC04U05:61900:62661 [1] NCCL INFO Connected all trees
MOC-R4PCC04U05:61901:62658 [2] NCCL INFO Connected all trees
MOC-R4PCC04U05:61902:62660 [3] NCCL INFO Connected all trees
MOC-R4PCC04U05:61899:62659 [0] NCCL INFO Connected all trees
step    1/10 | train loss 11.009422 | norm 15.3732 | lr 1.00e-04 | (14197.27 ms | 166180 tok/s)
step    2/10 | train loss 10.139729 | norm 5.7264 | lr 1.00e-04 | (498.22 ms | 4735403 tok/s)
step    3/10 | train loss 9.799680 | norm 2.6010 | lr 1.00e-04 | (498.57 ms | 4732095 tok/s)
step    4/10 | train loss 9.631035 | norm 2.1093 | lr 1.00e-04 | (496.97 ms | 4747391 tok/s)
step    5/10 | train loss 9.548265 | norm 2.0938 | lr 1.00e-04 | (503.14 ms | 4689122 tok/s)
step    6/10 | train loss 9.467413 | norm 1.9919 | lr 1.00e-04 | (500.02 ms | 4718403 tok/s)
step    7/10 | train loss 9.382084 | norm 1.9418 | lr 1.00e-04 | (513.50 ms | 4594578 tok/s)
step    8/10 | train loss 9.290602 | norm 1.9079 | lr 1.00e-04 | (509.43 ms | 4631252 tok/s)
step    9/10 | train loss 9.195724 | norm 1.8515 | lr 1.00e-04 | (499.75 ms | 4720969 tok/s)
step   10/10 | train loss 9.111582 | norm 1.7901 | lr 1.00e-04 | (504.73 ms | 4674368 tok/s)
final 9 iters avg: 502.703ms
peak memory consumption: 16601 MiB
MOC-R4PCC04U05:61900:62669 [1] NCCL INFO comm 0x5605b18708c0 rank 1 nranks 12 cudaDev 1 busId 26000 - Destroy COMPLETE
MOC-R4PCC04U05:61902:62668 [3] NCCL INFO comm 0x55d529db8b70 rank 3 nranks 12 cudaDev 3 busId c6000 - Destroy COMPLETE
MOC-R4PCC04U05:61899:62667 [0] NCCL INFO comm 0x55ecc0105950 rank 0 nranks 12 cudaDev 0 busId 6000 - Destroy COMPLETE
MOC-R4PCC04U05:61901:62666 [2] NCCL INFO comm 0x55632bf15370 rank 2 nranks 12 cudaDev 2 busId a6000 - Destroy COMPLETE
