Running pytorch 2.7.0+cu126
using device: cuda:0
total desired batch size: 4718592
=> calculated gradient accumulation steps: 9
using device: cuda:1
using device: cuda:3
using device: cuda:2
compiling the model...
DataLoader: total number of tokens: 1,661,249,667 across 103 files
MOC-R4PCC04U05:109283:109283 [0] NCCL INFO NCCL_SOCKET_IFNAME set by environment to eno7np0
MOC-R4PCC04U05:109283:109283 [0] NCCL INFO Bootstrap: Using eno7np0:192.168.50.193<0>
MOC-R4PCC04U05:109283:109283 [0] NCCL INFO cudaDriverVersion 12040
MOC-R4PCC04U05:109283:109283 [0] NCCL INFO NCCL version 2.26.2+cuda12.2
MOC-R4PCC04U05:109283:109283 [0] NCCL INFO Comm config Blocking set to 1
MOC-R4PCC04U05:109285:109285 [2] NCCL INFO cudaDriverVersion 12040
MOC-R4PCC04U05:109285:109285 [2] NCCL INFO NCCL_SOCKET_IFNAME set by environment to eno7np0
MOC-R4PCC04U05:109284:109284 [1] NCCL INFO cudaDriverVersion 12040
MOC-R4PCC04U05:109284:109284 [1] NCCL INFO NCCL_SOCKET_IFNAME set by environment to eno7np0
MOC-R4PCC04U05:109284:109284 [1] NCCL INFO Bootstrap: Using eno7np0:192.168.50.193<0>
MOC-R4PCC04U05:109285:109285 [2] NCCL INFO Bootstrap: Using eno7np0:192.168.50.193<0>
MOC-R4PCC04U05:109284:109284 [1] NCCL INFO NCCL version 2.26.2+cuda12.2
MOC-R4PCC04U05:109285:109285 [2] NCCL INFO NCCL version 2.26.2+cuda12.2
MOC-R4PCC04U05:109285:109285 [2] NCCL INFO Comm config Blocking set to 1
MOC-R4PCC04U05:109284:109284 [1] NCCL INFO Comm config Blocking set to 1
MOC-R4PCC04U05:109286:109286 [3] NCCL INFO cudaDriverVersion 12040
MOC-R4PCC04U05:109286:109286 [3] NCCL INFO NCCL_SOCKET_IFNAME set by environment to eno7np0
MOC-R4PCC04U05:109286:109286 [3] NCCL INFO Bootstrap: Using eno7np0:192.168.50.193<0>
MOC-R4PCC04U05:109286:109286 [3] NCCL INFO NCCL version 2.26.2+cuda12.2
MOC-R4PCC04U05:109286:109286 [3] NCCL INFO Comm config Blocking set to 1
MOC-R4PCC04U05:109283:109324 [0] NCCL INFO NET/Plugin: Could not find: libnccl-net.so. Using internal net plugin.
MOC-R4PCC04U05:109283:109324 [0] NCCL INFO NCCL_IB_DISABLE set by environment to 0.
MOC-R4PCC04U05:109283:109324 [0] NCCL INFO NCCL_SOCKET_IFNAME set by environment to eno7np0
MOC-R4PCC04U05:109283:109324 [0] NCCL INFO NCCL_IB_HCA set to mlx5_5
MOC-R4PCC04U05:109285:109325 [2] NCCL INFO NET/Plugin: Could not find: libnccl-net.so. Using internal net plugin.
MOC-R4PCC04U05:109285:109325 [2] NCCL INFO NCCL_IB_DISABLE set by environment to 0.
MOC-R4PCC04U05:109285:109325 [2] NCCL INFO NCCL_SOCKET_IFNAME set by environment to eno7np0
MOC-R4PCC04U05:109284:109326 [1] NCCL INFO NET/Plugin: Could not find: libnccl-net.so. Using internal net plugin.
MOC-R4PCC04U05:109284:109326 [1] NCCL INFO NCCL_IB_DISABLE set by environment to 0.
MOC-R4PCC04U05:109284:109326 [1] NCCL INFO NCCL_SOCKET_IFNAME set by environment to eno7np0
MOC-R4PCC04U05:109285:109325 [2] NCCL INFO NCCL_IB_HCA set to mlx5_5
MOC-R4PCC04U05:109284:109326 [1] NCCL INFO NCCL_IB_HCA set to mlx5_5
MOC-R4PCC04U05:109286:109327 [3] NCCL INFO NET/Plugin: Could not find: libnccl-net.so. Using internal net plugin.
MOC-R4PCC04U05:109286:109327 [3] NCCL INFO NCCL_IB_DISABLE set by environment to 0.
MOC-R4PCC04U05:109286:109327 [3] NCCL INFO NCCL_SOCKET_IFNAME set by environment to eno7np0
MOC-R4PCC04U05:109286:109327 [3] NCCL INFO NCCL_IB_HCA set to mlx5_5
MOC-R4PCC04U05:109283:109324 [0] NCCL INFO NET/IB : Using [0]mlx5_5:1/RoCE [RO]; OOB eno7np0:192.168.50.193<0>
MOC-R4PCC04U05:109283:109324 [0] NCCL INFO PROFILER/Plugin: Could not find: libnccl-profiler.so. 
MOC-R4PCC04U05:109283:109324 [0] NCCL INFO Using network IB
MOC-R4PCC04U05:109284:109326 [1] NCCL INFO NET/IB : Using [0]mlx5_5:1/RoCE [RO]; OOB eno7np0:192.168.50.193<0>
MOC-R4PCC04U05:109285:109325 [2] NCCL INFO NET/IB : Using [0]mlx5_5:1/RoCE [RO]; OOB eno7np0:192.168.50.193<0>
MOC-R4PCC04U05:109284:109326 [1] NCCL INFO PROFILER/Plugin: Could not find: libnccl-profiler.so. 
MOC-R4PCC04U05:109284:109326 [1] NCCL INFO Using network IB
MOC-R4PCC04U05:109285:109325 [2] NCCL INFO PROFILER/Plugin: Could not find: libnccl-profiler.so. 
MOC-R4PCC04U05:109285:109325 [2] NCCL INFO Using network IB
MOC-R4PCC04U05:109286:109327 [3] NCCL INFO NET/IB : Using [0]mlx5_5:1/RoCE [RO]; OOB eno7np0:192.168.50.193<0>
MOC-R4PCC04U05:109286:109327 [3] NCCL INFO PROFILER/Plugin: Could not find: libnccl-profiler.so. 
MOC-R4PCC04U05:109286:109327 [3] NCCL INFO Using network IB
MOC-R4PCC04U05:109283:109324 [0] NCCL INFO DMA-BUF is available on GPU device 0
MOC-R4PCC04U05:109284:109326 [1] NCCL INFO DMA-BUF is available on GPU device 1
MOC-R4PCC04U05:109285:109325 [2] NCCL INFO DMA-BUF is available on GPU device 2
MOC-R4PCC04U05:109283:109324 [0] NCCL INFO ncclCommInitRankConfig comm 0x55f13982f9c0 rank 0 nranks 16 cudaDev 0 nvmlDev 0 busId 6000 commId 0xcb1cc5cf9c098d57 - Init START
MOC-R4PCC04U05:109286:109327 [3] NCCL INFO DMA-BUF is available on GPU device 3
MOC-R4PCC04U05:109284:109326 [1] NCCL INFO ncclCommInitRankConfig comm 0x55af987291a0 rank 1 nranks 16 cudaDev 1 nvmlDev 1 busId 26000 commId 0xcb1cc5cf9c098d57 - Init START
MOC-R4PCC04U05:109285:109325 [2] NCCL INFO ncclCommInitRankConfig comm 0x55ce1919dc70 rank 2 nranks 16 cudaDev 2 nvmlDev 2 busId a6000 commId 0xcb1cc5cf9c098d57 - Init START
MOC-R4PCC04U05:109286:109327 [3] NCCL INFO ncclCommInitRankConfig comm 0x5646039373f0 rank 3 nranks 16 cudaDev 3 nvmlDev 3 busId c6000 commId 0xcb1cc5cf9c098d57 - Init START
MOC-R4PCC04U05:109284:109326 [1] NCCL INFO RAS client listening socket at ::1<28028>
MOC-R4PCC04U05:109283:109324 [0] NCCL INFO RAS client listening socket at ::1<28028>
MOC-R4PCC04U05:109285:109325 [2] NCCL INFO RAS client listening socket at ::1<28028>
MOC-R4PCC04U05:109286:109327 [3] NCCL INFO RAS client listening socket at ::1<28028>
MOC-R4PCC04U05:109283:109324 [0] NCCL INFO Bootstrap timings total 0.274449 (create 0.000110, send 0.000301, recv 0.020169, ring 0.252645, delay 0.000001)
MOC-R4PCC04U05:109284:109326 [1] NCCL INFO Bootstrap timings total 0.254817 (create 0.000150, send 0.000270, recv 0.000611, ring 0.252726, delay 0.000001)
MOC-R4PCC04U05:109286:109327 [3] NCCL INFO Bootstrap timings total 0.253974 (create 0.000074, send 0.000218, recv 0.006446, ring 0.246074, delay 0.000001)
MOC-R4PCC04U05:109285:109325 [2] NCCL INFO Bootstrap timings total 0.254793 (create 0.000148, send 0.000258, recv 0.000788, ring 0.252331, delay 0.000001)
MOC-R4PCC04U05:109284:109326 [1] NCCL INFO NCCL_NET_GDR_LEVEL set by environment to LOC
MOC-R4PCC04U05:109284:109326 [1] NCCL INFO Setting affinity for GPU 1 to ffffffff,ffffffff,ffffffff,ffffffff,00000000,00000000,00000000,00000000,ffffffff,ffffffff,ffffffff,ffffffff
MOC-R4PCC04U05:109284:109326 [1] NCCL INFO NVLS multicast support is not available on dev 1
MOC-R4PCC04U05:109285:109325 [2] NCCL INFO NCCL_NET_GDR_LEVEL set by environment to LOC
MOC-R4PCC04U05:109283:109324 [0] NCCL INFO NCCL_NET_GDR_LEVEL set by environment to LOC
MOC-R4PCC04U05:109285:109325 [2] NCCL INFO Setting affinity for GPU 2 to ffffffff,ffffffff,ffffffff,ffffffff,00000000,00000000,00000000,00000000,ffffffff,ffffffff,ffffffff,ffffffff,00000000,00000000,00000000,00000000
MOC-R4PCC04U05:109285:109325 [2] NCCL INFO NVLS multicast support is not available on dev 2
MOC-R4PCC04U05:109283:109324 [0] NCCL INFO Setting affinity for GPU 0 to ffffffff,ffffffff,ffffffff,ffffffff,00000000,00000000,00000000,00000000,ffffffff,ffffffff,ffffffff,ffffffff
MOC-R4PCC04U05:109283:109324 [0] NCCL INFO NVLS multicast support is not available on dev 0
MOC-R4PCC04U05:109286:109327 [3] NCCL INFO NCCL_NET_GDR_LEVEL set by environment to LOC
MOC-R4PCC04U05:109286:109327 [3] NCCL INFO Setting affinity for GPU 3 to ffffffff,ffffffff,ffffffff,ffffffff,00000000,00000000,00000000,00000000,ffffffff,ffffffff,ffffffff,ffffffff,00000000,00000000,00000000,00000000
MOC-R4PCC04U05:109286:109327 [3] NCCL INFO NVLS multicast support is not available on dev 3
MOC-R4PCC04U05:109284:109326 [1] NCCL INFO comm 0x55af987291a0 rank 1 nRanks 16 nNodes 4 localRanks 4 localRank 1 MNNVL 0
MOC-R4PCC04U05:109283:109324 [0] NCCL INFO comm 0x55f13982f9c0 rank 0 nRanks 16 nNodes 4 localRanks 4 localRank 0 MNNVL 0
MOC-R4PCC04U05:109286:109327 [3] NCCL INFO comm 0x5646039373f0 rank 3 nRanks 16 nNodes 4 localRanks 4 localRank 3 MNNVL 0
MOC-R4PCC04U05:109285:109325 [2] NCCL INFO comm 0x55ce1919dc70 rank 2 nRanks 16 nNodes 4 localRanks 4 localRank 2 MNNVL 0
MOC-R4PCC04U05:109284:109326 [1] NCCL INFO Trees [0] 2/-1/-1->1->0 [1] 2/-1/-1->1->0 [2] 2/-1/-1->1->0 [3] 2/-1/-1->1->0
MOC-R4PCC04U05:109283:109324 [0] NCCL INFO Channel 00/04 :  0  3  6  5  4  7 10  9  8 11 14 13 12 15  2  1
MOC-R4PCC04U05:109284:109326 [1] NCCL INFO P2P Chunksize set to 131072
MOC-R4PCC04U05:109283:109324 [0] NCCL INFO Channel 01/04 :  0  2  7  5  4  6 11  9  8 10 15 13 12 14  3  1
MOC-R4PCC04U05:109283:109324 [0] NCCL INFO Channel 02/04 :  0  3  6  5  4  7 10  9  8 11 14 13 12 15  2  1
MOC-R4PCC04U05:109283:109324 [0] NCCL INFO Channel 03/04 :  0  2  7  5  4  6 11  9  8 10 15 13 12 14  3  1
MOC-R4PCC04U05:109283:109324 [0] NCCL INFO Trees [0] 1/-1/-1->0->3 [1] 1/-1/-1->0->3 [2] 1/-1/-1->0->3 [3] 1/-1/-1->0->3
MOC-R4PCC04U05:109283:109324 [0] NCCL INFO P2P Chunksize set to 131072
MOC-R4PCC04U05:109283:109324 [0] NCCL INFO Check P2P Type intraNodeP2pSupport 1 directMode 0
MOC-R4PCC04U05:109285:109325 [2] NCCL INFO Trees [0] -1/-1/-1->2->1 [1] -1/-1/-1->2->1 [2] -1/-1/-1->2->1 [3] -1/-1/-1->2->1
MOC-R4PCC04U05:109285:109325 [2] NCCL INFO P2P Chunksize set to 131072
MOC-R4PCC04U05:109286:109327 [3] NCCL INFO Trees [0] 0/11/-1->3->-1 [1] 0/11/-1->3->-1 [2] 0/-1/-1->3->7 [3] 0/-1/-1->3->7
MOC-R4PCC04U05:109286:109327 [3] NCCL INFO P2P Chunksize set to 131072
MOC-R4PCC04U05:109283:109340 [0] NCCL INFO [Proxy Service] Device 0 CPU core 20
MOC-R4PCC04U05:109283:109341 [0] NCCL INFO [Proxy Service UDS] Device 0 CPU core 281
MOC-R4PCC04U05:109285:109342 [2] NCCL INFO [Proxy Service] Device 2 CPU core 424
MOC-R4PCC04U05:109284:109343 [1] NCCL INFO [Proxy Service] Device 1 CPU core 39
MOC-R4PCC04U05:109286:109344 [3] NCCL INFO [Proxy Service] Device 3 CPU core 434
MOC-R4PCC04U05:109284:109345 [1] NCCL INFO [Proxy Service UDS] Device 1 CPU core 47
MOC-R4PCC04U05:109285:109346 [2] NCCL INFO [Proxy Service UDS] Device 2 CPU core 447
MOC-R4PCC04U05:109286:109347 [3] NCCL INFO [Proxy Service UDS] Device 3 CPU core 197
MOC-R4PCC04U05:109285:109325 [2] NCCL INFO threadThresholds 8/8/64 | 128/8/64 | 512 | 512
MOC-R4PCC04U05:109285:109325 [2] NCCL INFO 4 coll channels, 4 collnet channels, 0 nvls channels, 4 p2p channels, 1 p2p channels per peer
MOC-R4PCC04U05:109286:109327 [3] NCCL INFO threadThresholds 8/8/64 | 128/8/64 | 512 | 512
MOC-R4PCC04U05:109286:109327 [3] NCCL INFO 4 coll channels, 4 collnet channels, 0 nvls channels, 4 p2p channels, 1 p2p channels per peer
MOC-R4PCC04U05:109284:109326 [1] NCCL INFO threadThresholds 8/8/64 | 128/8/64 | 512 | 512
MOC-R4PCC04U05:109284:109326 [1] NCCL INFO 4 coll channels, 4 collnet channels, 0 nvls channels, 4 p2p channels, 1 p2p channels per peer
MOC-R4PCC04U05:109283:109324 [0] NCCL INFO threadThresholds 8/8/64 | 128/8/64 | 512 | 512
MOC-R4PCC04U05:109283:109324 [0] NCCL INFO 4 coll channels, 4 collnet channels, 0 nvls channels, 4 p2p channels, 1 p2p channels per peer
MOC-R4PCC04U05:109283:109324 [0] NCCL INFO CC Off, workFifoBytes 1048576
MOC-R4PCC04U05:109283:109324 [0] NCCL INFO TUNER/Plugin: Could not find: libnccl-tuner.so. Using internal tuner plugin.
MOC-R4PCC04U05:109283:109324 [0] NCCL INFO ncclCommInitRankConfig comm 0x55f13982f9c0 rank 0 nranks 16 cudaDev 0 nvmlDev 0 busId 6000 commId 0xcb1cc5cf9c098d57 - Init COMPLETE
MOC-R4PCC04U05:109283:109324 [0] NCCL INFO Init timings - ncclCommInitRankConfig: rank 0 nranks 16 total 4.27 (kernels 0.32, alloc 2.33, bootstrap 0.27, allgathers 0.18, topo 0.61, graphs 0.00, connections 0.55, rest 0.00)
MOC-R4PCC04U05:109284:109326 [1] NCCL INFO TUNER/Plugin: Could not find: libnccl-tuner.so. Using internal tuner plugin.
MOC-R4PCC04U05:109284:109326 [1] NCCL INFO ncclCommInitRankConfig comm 0x55af987291a0 rank 1 nranks 16 cudaDev 1 nvmlDev 1 busId 26000 commId 0xcb1cc5cf9c098d57 - Init COMPLETE
MOC-R4PCC04U05:109284:109326 [1] NCCL INFO Init timings - ncclCommInitRankConfig: rank 1 nranks 16 total 4.26 (kernels 0.31, alloc 2.34, bootstrap 0.25, allgathers 0.18, topo 0.61, graphs 0.00, connections 0.27, rest 0.29)
MOC-R4PCC04U05:109285:109325 [2] NCCL INFO TUNER/Plugin: Could not find: libnccl-tuner.so. Using internal tuner plugin.
MOC-R4PCC04U05:109285:109325 [2] NCCL INFO ncclCommInitRankConfig comm 0x55ce1919dc70 rank 2 nranks 16 cudaDev 2 nvmlDev 2 busId a6000 commId 0xcb1cc5cf9c098d57 - Init COMPLETE
MOC-R4PCC04U05:109285:109325 [2] NCCL INFO Init timings - ncclCommInitRankConfig: rank 2 nranks 16 total 4.26 (kernels 0.31, alloc 2.34, bootstrap 0.25, allgathers 0.18, topo 0.61, graphs 0.00, connections 0.26, rest 0.30)
MOC-R4PCC04U05:109286:109327 [3] NCCL INFO TUNER/Plugin: Could not find: libnccl-tuner.so. Using internal tuner plugin.
MOC-R4PCC04U05:109286:109327 [3] NCCL INFO ncclCommInitRankConfig comm 0x5646039373f0 rank 3 nranks 16 cudaDev 3 nvmlDev 3 busId c6000 commId 0xcb1cc5cf9c098d57 - Init COMPLETE
MOC-R4PCC04U05:109286:109327 [3] NCCL INFO Init timings - ncclCommInitRankConfig: rank 3 nranks 16 total 4.20 (kernels 0.34, alloc 2.26, bootstrap 0.25, allgathers 0.17, topo 0.62, graphs 0.00, connections 0.27, rest 0.29)
MOC-R4PCC04U05:109283:109348 [0] NCCL INFO Channel 01/0 : 0[0] -> 2[2] via P2P/CUMEM
MOC-R4PCC04U05:109283:109348 [0] NCCL INFO Channel 03/0 : 0[0] -> 2[2] via P2P/CUMEM
MOC-R4PCC04U05:109283:109348 [0] NCCL INFO Channel 00/0 : 0[0] -> 3[3] via P2P/CUMEM
MOC-R4PCC04U05:109283:109348 [0] NCCL INFO Channel 02/0 : 0[0] -> 3[3] via P2P/CUMEM
MOC-R4PCC04U05:109285:109352 [2] NCCL INFO [Proxy Progress] Device 2 CPU core 431
MOC-R4PCC04U05:109285:109349 [2] NCCL INFO Channel 00/0 : 15[3] -> 2[2] [receive] via NET/IB/1
MOC-R4PCC04U05:109285:109349 [2] NCCL INFO Channel 02/0 : 15[3] -> 2[2] [receive] via NET/IB/1
MOC-R4PCC04U05:109285:109349 [2] NCCL INFO Channel 01/0 : 2[2] -> 7[3] [send] via NET/IB/1
MOC-R4PCC04U05:109285:109349 [2] NCCL INFO Channel 03/0 : 2[2] -> 7[3] [send] via NET/IB/1
MOC-R4PCC04U05:109286:109353 [3] NCCL INFO [Proxy Progress] Device 3 CPU core 434
MOC-R4PCC04U05:109286:109351 [3] NCCL INFO Channel 00/0 : 3[3] -> 6[2] [send] via NET/IB/1
MOC-R4PCC04U05:109286:109351 [3] NCCL INFO Channel 02/0 : 3[3] -> 6[2] [send] via NET/IB/1
MOC-R4PCC04U05:109286:109351 [3] NCCL INFO Channel 01/0 : 14[2] -> 3[3] [receive] via NET/IB/1
MOC-R4PCC04U05:109286:109351 [3] NCCL INFO Channel 03/0 : 14[2] -> 3[3] [receive] via NET/IB/1
MOC-R4PCC04U05:109286:109351 [3] NCCL INFO Channel 01/0 : 3[3] -> 1[1] via P2P/CUMEM
MOC-R4PCC04U05:109286:109351 [3] NCCL INFO Channel 03/0 : 3[3] -> 1[1] via P2P/CUMEM
MOC-R4PCC04U05:109285:109349 [2] NCCL INFO Channel 00/0 : 2[2] -> 1[1] via P2P/CUMEM
MOC-R4PCC04U05:109284:109350 [1] NCCL INFO Channel 00/0 : 1[1] -> 0[0] via P2P/CUMEM
MOC-R4PCC04U05:109285:109349 [2] NCCL INFO Channel 02/0 : 2[2] -> 1[1] via P2P/CUMEM
MOC-R4PCC04U05:109284:109350 [1] NCCL INFO Channel 01/0 : 1[1] -> 0[0] via P2P/CUMEM
MOC-R4PCC04U05:109284:109350 [1] NCCL INFO Channel 02/0 : 1[1] -> 0[0] via P2P/CUMEM
MOC-R4PCC04U05:109284:109350 [1] NCCL INFO Channel 03/0 : 1[1] -> 0[0] via P2P/CUMEM
MOC-R4PCC04U05:109286:109351 [3] NCCL INFO Connected all rings, use ring PXN 0 GDR 0
MOC-R4PCC04U05:109284:109350 [1] NCCL INFO Connected all rings, use ring PXN 0 GDR 0
MOC-R4PCC04U05:109285:109349 [2] NCCL INFO Connected all rings, use ring PXN 0 GDR 0
MOC-R4PCC04U05:109283:109348 [0] NCCL INFO Connected all rings, use ring PXN 0 GDR 0
num decayed parameter tensors: 50, with 124,318,464 parameters
num non-decayed parameter tensors: 98, with 121,344 parameters
using fused AdamW: False
using regular AdamW
MOC-R4PCC04U05:109283:110043 [0] NCCL INFO Channel 00/0 : 0[0] -> 1[1] via P2P/CUMEM
MOC-R4PCC04U05:109283:110043 [0] NCCL INFO Channel 01/0 : 0[0] -> 1[1] via P2P/CUMEM
MOC-R4PCC04U05:109283:110043 [0] NCCL INFO Channel 02/0 : 0[0] -> 1[1] via P2P/CUMEM
MOC-R4PCC04U05:109283:110043 [0] NCCL INFO Channel 03/0 : 0[0] -> 1[1] via P2P/CUMEM
MOC-R4PCC04U05:109284:110045 [1] NCCL INFO Channel 00/0 : 1[1] -> 2[2] via P2P/CUMEM
MOC-R4PCC04U05:109284:110045 [1] NCCL INFO Channel 01/0 : 1[1] -> 2[2] via P2P/CUMEM
MOC-R4PCC04U05:109284:110045 [1] NCCL INFO Channel 02/0 : 1[1] -> 2[2] via P2P/CUMEM
MOC-R4PCC04U05:109284:110045 [1] NCCL INFO Channel 03/0 : 1[1] -> 2[2] via P2P/CUMEM
MOC-R4PCC04U05:109283:110043 [0] NCCL INFO Channel 01/0 : 0[0] -> 3[3] via P2P/CUMEM
MOC-R4PCC04U05:109285:110042 [2] NCCL INFO Channel 01/0 : 2[2] -> 1[1] via P2P/CUMEM
MOC-R4PCC04U05:109283:110043 [0] NCCL INFO Channel 03/0 : 0[0] -> 3[3] via P2P/CUMEM
MOC-R4PCC04U05:109285:110042 [2] NCCL INFO Channel 03/0 : 2[2] -> 1[1] via P2P/CUMEM
MOC-R4PCC04U05:109286:110044 [3] NCCL INFO Channel 02/0 : 3[3] -> 7[3] [send] via NET/IB/1
MOC-R4PCC04U05:109286:110044 [3] NCCL INFO Channel 03/0 : 3[3] -> 7[3] [send] via NET/IB/1
MOC-R4PCC04U05:109286:110044 [3] NCCL INFO Channel 00/0 : 11[3] -> 3[3] [receive] via NET/IB/1
MOC-R4PCC04U05:109286:110044 [3] NCCL INFO Channel 01/0 : 11[3] -> 3[3] [receive] via NET/IB/1
MOC-R4PCC04U05:109286:110044 [3] NCCL INFO Channel 00/0 : 3[3] -> 11[3] [send] via NET/IB/1
MOC-R4PCC04U05:109286:110044 [3] NCCL INFO Channel 01/0 : 3[3] -> 11[3] [send] via NET/IB/1
MOC-R4PCC04U05:109286:110044 [3] NCCL INFO Channel 02/0 : 7[3] -> 3[3] [receive] via NET/IB/1
MOC-R4PCC04U05:109286:110044 [3] NCCL INFO Channel 03/0 : 7[3] -> 3[3] [receive] via NET/IB/1
MOC-R4PCC04U05:109286:110044 [3] NCCL INFO Channel 00/0 : 3[3] -> 0[0] via P2P/CUMEM
MOC-R4PCC04U05:109286:110044 [3] NCCL INFO Channel 01/0 : 3[3] -> 0[0] via P2P/CUMEM
MOC-R4PCC04U05:109286:110044 [3] NCCL INFO Channel 02/0 : 3[3] -> 0[0] via P2P/CUMEM
MOC-R4PCC04U05:109286:110044 [3] NCCL INFO Channel 03/0 : 3[3] -> 0[0] via P2P/CUMEM
MOC-R4PCC04U05:109284:110045 [1] NCCL INFO Connected all trees
MOC-R4PCC04U05:109285:110042 [2] NCCL INFO Connected all trees
MOC-R4PCC04U05:109283:110043 [0] NCCL INFO Connected all trees
MOC-R4PCC04U05:109286:110044 [3] NCCL INFO Connected all trees
step    1/10 | train loss 11.010197 | norm 15.3783 | lr 1.00e-04 | (14633.12 ms | 322460 tok/s)
step    2/10 | train loss 10.139423 | norm 5.7380 | lr 1.00e-04 | (733.98 ms | 6428779 tok/s)
step    3/10 | train loss 9.800093 | norm 2.5972 | lr 1.00e-04 | (731.89 ms | 6447123 tok/s)
step    4/10 | train loss 9.631588 | norm 2.1026 | lr 1.00e-04 | (739.53 ms | 6380486 tok/s)
step    5/10 | train loss 9.549200 | norm 2.0954 | lr 1.00e-04 | (731.44 ms | 6451101 tok/s)
step    6/10 | train loss 9.469120 | norm 1.9887 | lr 1.00e-04 | (743.41 ms | 6347267 tok/s)
step    7/10 | train loss 9.384793 | norm 1.9384 | lr 1.00e-04 | (741.77 ms | 6361278 tok/s)
step    8/10 | train loss 9.294773 | norm 1.9078 | lr 1.00e-04 | (758.34 ms | 6222242 tok/s)
step    9/10 | train loss 9.200788 | norm 1.8597 | lr 1.00e-04 | (748.73 ms | 6302114 tok/s)
step   10/10 | train loss 9.113813 | norm 1.7827 | lr 1.00e-04 | (738.06 ms | 6393259 tok/s)
final 9 iters avg: 740.794ms
peak memory consumption: 16601 MiB
MOC-R4PCC04U05:109285:110050 [2] NCCL INFO comm 0x55ce1919dc70 rank 2 nranks 16 cudaDev 2 busId a6000 - Destroy COMPLETE
MOC-R4PCC04U05:109284:110053 [1] NCCL INFO comm 0x55af987291a0 rank 1 nranks 16 cudaDev 1 busId 26000 - Destroy COMPLETE
MOC-R4PCC04U05:109283:110052 [0] NCCL INFO comm 0x55f13982f9c0 rank 0 nranks 16 cudaDev 0 busId 6000 - Destroy COMPLETE
MOC-R4PCC04U05:109286:110051 [3] NCCL INFO comm 0x5646039373f0 rank 3 nranks 16 cudaDev 3 busId c6000 - Destroy COMPLETE
