Running pytorch 2.7.0+cu126
using device: cuda:0
total desired batch size: 1835008
=> calculated gradient accumulation steps: 7
using device: cuda:3
using device: cuda:2
using device: cuda:1
compiling the model...
DataLoader: total number of tokens: 1,661,249,667 across 103 files
MOC-R4PCC04U05:54334:54334 [0] NCCL INFO NCCL_SOCKET_IFNAME set by environment to eno7np0
MOC-R4PCC04U05:54334:54334 [0] NCCL INFO Bootstrap: Using eno7np0:192.168.50.193<0>
MOC-R4PCC04U05:54334:54334 [0] NCCL INFO cudaDriverVersion 12040
MOC-R4PCC04U05:54334:54334 [0] NCCL INFO NCCL version 2.26.2+cuda12.2
MOC-R4PCC04U05:54334:54334 [0] NCCL INFO Comm config Blocking set to 1
MOC-R4PCC04U05:54334:54376 [0] NCCL INFO NET/Plugin: Could not find: libnccl-net.so. Using internal net plugin.
MOC-R4PCC04U05:54334:54376 [0] NCCL INFO NCCL_IB_DISABLE set by environment to 0.
MOC-R4PCC04U05:54334:54376 [0] NCCL INFO NCCL_SOCKET_IFNAME set by environment to eno7np0
MOC-R4PCC04U05:54334:54376 [0] NCCL INFO NCCL_IB_HCA set to mlx5_5
MOC-R4PCC04U05:54334:54376 [0] NCCL INFO NET/IB : Using [0]mlx5_5:1/RoCE [RO]; OOB eno7np0:192.168.50.193<0>
MOC-R4PCC04U05:54334:54376 [0] NCCL INFO PROFILER/Plugin: Could not find: libnccl-profiler.so. 
MOC-R4PCC04U05:54334:54376 [0] NCCL INFO Using network IB
MOC-R4PCC04U05:54334:54376 [0] NCCL INFO DMA-BUF is available on GPU device 0
MOC-R4PCC04U05:54334:54376 [0] NCCL INFO ncclCommInitRankConfig comm 0x5580cd0a3a40 rank 0 nranks 8 cudaDev 0 nvmlDev 0 busId 6000 commId 0x97b13726dcdf5995 - Init START
MOC-R4PCC04U05:54335:54335 [1] NCCL INFO cudaDriverVersion 12040
MOC-R4PCC04U05:54335:54335 [1] NCCL INFO NCCL_SOCKET_IFNAME set by environment to eno7np0
MOC-R4PCC04U05:54336:54336 [2] NCCL INFO cudaDriverVersion 12040
MOC-R4PCC04U05:54336:54336 [2] NCCL INFO NCCL_SOCKET_IFNAME set by environment to eno7np0
MOC-R4PCC04U05:54335:54335 [1] NCCL INFO Bootstrap: Using eno7np0:192.168.50.193<0>
MOC-R4PCC04U05:54336:54336 [2] NCCL INFO Bootstrap: Using eno7np0:192.168.50.193<0>
MOC-R4PCC04U05:54335:54335 [1] NCCL INFO NCCL version 2.26.2+cuda12.2
MOC-R4PCC04U05:54336:54336 [2] NCCL INFO NCCL version 2.26.2+cuda12.2
MOC-R4PCC04U05:54336:54336 [2] NCCL INFO Comm config Blocking set to 1
MOC-R4PCC04U05:54335:54335 [1] NCCL INFO Comm config Blocking set to 1
MOC-R4PCC04U05:54337:54337 [3] NCCL INFO cudaDriverVersion 12040
MOC-R4PCC04U05:54337:54337 [3] NCCL INFO NCCL_SOCKET_IFNAME set by environment to eno7np0
MOC-R4PCC04U05:54337:54337 [3] NCCL INFO Bootstrap: Using eno7np0:192.168.50.193<0>
MOC-R4PCC04U05:54337:54337 [3] NCCL INFO NCCL version 2.26.2+cuda12.2
MOC-R4PCC04U05:54337:54337 [3] NCCL INFO Comm config Blocking set to 1
MOC-R4PCC04U05:54336:54379 [2] NCCL INFO NET/Plugin: Could not find: libnccl-net.so. Using internal net plugin.
MOC-R4PCC04U05:54336:54379 [2] NCCL INFO NCCL_IB_DISABLE set by environment to 0.
MOC-R4PCC04U05:54336:54379 [2] NCCL INFO NCCL_SOCKET_IFNAME set by environment to eno7np0
MOC-R4PCC04U05:54335:54378 [1] NCCL INFO NET/Plugin: Could not find: libnccl-net.so. Using internal net plugin.
MOC-R4PCC04U05:54335:54378 [1] NCCL INFO NCCL_IB_DISABLE set by environment to 0.
MOC-R4PCC04U05:54336:54379 [2] NCCL INFO NCCL_IB_HCA set to mlx5_5
MOC-R4PCC04U05:54335:54378 [1] NCCL INFO NCCL_SOCKET_IFNAME set by environment to eno7np0
MOC-R4PCC04U05:54335:54378 [1] NCCL INFO NCCL_IB_HCA set to mlx5_5
MOC-R4PCC04U05:54337:54380 [3] NCCL INFO NET/Plugin: Could not find: libnccl-net.so. Using internal net plugin.
MOC-R4PCC04U05:54337:54380 [3] NCCL INFO NCCL_IB_DISABLE set by environment to 0.
MOC-R4PCC04U05:54337:54380 [3] NCCL INFO NCCL_SOCKET_IFNAME set by environment to eno7np0
MOC-R4PCC04U05:54337:54380 [3] NCCL INFO NCCL_IB_HCA set to mlx5_5
MOC-R4PCC04U05:54336:54379 [2] NCCL INFO NET/IB : Using [0]mlx5_5:1/RoCE [RO]; OOB eno7np0:192.168.50.193<0>
MOC-R4PCC04U05:54336:54379 [2] NCCL INFO PROFILER/Plugin: Could not find: libnccl-profiler.so. 
MOC-R4PCC04U05:54336:54379 [2] NCCL INFO Using network IB
MOC-R4PCC04U05:54335:54378 [1] NCCL INFO NET/IB : Using [0]mlx5_5:1/RoCE [RO]; OOB eno7np0:192.168.50.193<0>
MOC-R4PCC04U05:54335:54378 [1] NCCL INFO PROFILER/Plugin: Could not find: libnccl-profiler.so. 
MOC-R4PCC04U05:54335:54378 [1] NCCL INFO Using network IB
MOC-R4PCC04U05:54337:54380 [3] NCCL INFO NET/IB : Using [0]mlx5_5:1/RoCE [RO]; OOB eno7np0:192.168.50.193<0>
MOC-R4PCC04U05:54337:54380 [3] NCCL INFO PROFILER/Plugin: Could not find: libnccl-profiler.so. 
MOC-R4PCC04U05:54337:54380 [3] NCCL INFO Using network IB
MOC-R4PCC04U05:54336:54379 [2] NCCL INFO DMA-BUF is available on GPU device 2
MOC-R4PCC04U05:54337:54380 [3] NCCL INFO DMA-BUF is available on GPU device 3
MOC-R4PCC04U05:54335:54378 [1] NCCL INFO DMA-BUF is available on GPU device 1
MOC-R4PCC04U05:54336:54379 [2] NCCL INFO ncclCommInitRankConfig comm 0x564e31ada510 rank 2 nranks 8 cudaDev 2 nvmlDev 2 busId a6000 commId 0x97b13726dcdf5995 - Init START
MOC-R4PCC04U05:54335:54378 [1] NCCL INFO ncclCommInitRankConfig comm 0x56248881a2d0 rank 1 nranks 8 cudaDev 1 nvmlDev 1 busId 26000 commId 0x97b13726dcdf5995 - Init START
MOC-R4PCC04U05:54337:54380 [3] NCCL INFO ncclCommInitRankConfig comm 0x556da01382e0 rank 3 nranks 8 cudaDev 3 nvmlDev 3 busId c6000 commId 0x97b13726dcdf5995 - Init START
MOC-R4PCC04U05:54335:54378 [1] NCCL INFO RAS client listening socket at ::1<28028>
MOC-R4PCC04U05:54336:54379 [2] NCCL INFO RAS client listening socket at ::1<28028>
MOC-R4PCC04U05:54334:54376 [0] NCCL INFO RAS client listening socket at ::1<28028>
MOC-R4PCC04U05:54337:54380 [3] NCCL INFO RAS client listening socket at ::1<28028>
MOC-R4PCC04U05:54336:54379 [2] NCCL INFO Bootstrap timings total 0.361212 (create 0.000152, send 0.000259, recv 0.000887, ring 0.358734, delay 0.000001)
MOC-R4PCC04U05:54337:54380 [3] NCCL INFO Bootstrap timings total 0.361199 (create 0.000148, send 0.000258, recv 0.001021, ring 0.358315, delay 0.000001)
MOC-R4PCC04U05:54334:54376 [0] NCCL INFO Bootstrap timings total 2.497641 (create 0.000145, send 0.000431, recv 2.136728, ring 0.358740, delay 0.000001)
MOC-R4PCC04U05:54335:54378 [1] NCCL INFO Bootstrap timings total 0.361292 (create 0.000162, send 0.000262, recv 0.000550, ring 0.358851, delay 0.000001)
MOC-R4PCC04U05:54334:54376 [0] NCCL INFO NCCL_NET_GDR_LEVEL set by environment to LOC
MOC-R4PCC04U05:54334:54376 [0] NCCL INFO Setting affinity for GPU 0 to ffffffff,ffffffff,ffffffff,ffffffff,00000000,00000000,00000000,00000000,ffffffff,ffffffff,ffffffff,ffffffff
MOC-R4PCC04U05:54334:54376 [0] NCCL INFO NVLS multicast support is not available on dev 0
MOC-R4PCC04U05:54335:54378 [1] NCCL INFO NCCL_NET_GDR_LEVEL set by environment to LOC
MOC-R4PCC04U05:54336:54379 [2] NCCL INFO NCCL_NET_GDR_LEVEL set by environment to LOC
MOC-R4PCC04U05:54335:54378 [1] NCCL INFO Setting affinity for GPU 1 to ffffffff,ffffffff,ffffffff,ffffffff,00000000,00000000,00000000,00000000,ffffffff,ffffffff,ffffffff,ffffffff
MOC-R4PCC04U05:54336:54379 [2] NCCL INFO Setting affinity for GPU 2 to ffffffff,ffffffff,ffffffff,ffffffff,00000000,00000000,00000000,00000000,ffffffff,ffffffff,ffffffff,ffffffff,00000000,00000000,00000000,00000000
MOC-R4PCC04U05:54336:54379 [2] NCCL INFO NVLS multicast support is not available on dev 2
MOC-R4PCC04U05:54335:54378 [1] NCCL INFO NVLS multicast support is not available on dev 1
MOC-R4PCC04U05:54337:54380 [3] NCCL INFO NCCL_NET_GDR_LEVEL set by environment to LOC
MOC-R4PCC04U05:54337:54380 [3] NCCL INFO Setting affinity for GPU 3 to ffffffff,ffffffff,ffffffff,ffffffff,00000000,00000000,00000000,00000000,ffffffff,ffffffff,ffffffff,ffffffff,00000000,00000000,00000000,00000000
MOC-R4PCC04U05:54337:54380 [3] NCCL INFO NVLS multicast support is not available on dev 3
MOC-R4PCC04U05:54337:54380 [3] NCCL INFO comm 0x556da01382e0 rank 3 nRanks 8 nNodes 2 localRanks 4 localRank 3 MNNVL 0
MOC-R4PCC04U05:54336:54379 [2] NCCL INFO comm 0x564e31ada510 rank 2 nRanks 8 nNodes 2 localRanks 4 localRank 2 MNNVL 0
MOC-R4PCC04U05:54335:54378 [1] NCCL INFO comm 0x56248881a2d0 rank 1 nRanks 8 nNodes 2 localRanks 4 localRank 1 MNNVL 0
MOC-R4PCC04U05:54337:54380 [3] NCCL INFO Trees [0] 0/7/-1->3->-1 [1] 0/7/-1->3->-1 [2] 0/-1/-1->3->7 [3] 0/-1/-1->3->7
MOC-R4PCC04U05:54337:54380 [3] NCCL INFO P2P Chunksize set to 131072
MOC-R4PCC04U05:54336:54379 [2] NCCL INFO Trees [0] -1/-1/-1->2->1 [1] -1/-1/-1->2->1 [2] -1/-1/-1->2->1 [3] -1/-1/-1->2->1
MOC-R4PCC04U05:54336:54379 [2] NCCL INFO P2P Chunksize set to 131072
MOC-R4PCC04U05:54334:54376 [0] NCCL INFO comm 0x5580cd0a3a40 rank 0 nRanks 8 nNodes 2 localRanks 4 localRank 0 MNNVL 0
MOC-R4PCC04U05:54335:54378 [1] NCCL INFO Trees [0] 2/-1/-1->1->0 [1] 2/-1/-1->1->0 [2] 2/-1/-1->1->0 [3] 2/-1/-1->1->0
MOC-R4PCC04U05:54335:54378 [1] NCCL INFO P2P Chunksize set to 131072
MOC-R4PCC04U05:54334:54376 [0] NCCL INFO Channel 00/04 : 0 3 6 5 4 7 2 1
MOC-R4PCC04U05:54334:54376 [0] NCCL INFO Channel 01/04 : 0 2 7 5 4 6 3 1
MOC-R4PCC04U05:54334:54376 [0] NCCL INFO Channel 02/04 : 0 3 6 5 4 7 2 1
MOC-R4PCC04U05:54334:54376 [0] NCCL INFO Channel 03/04 : 0 2 7 5 4 6 3 1
MOC-R4PCC04U05:54334:54376 [0] NCCL INFO Trees [0] 1/-1/-1->0->3 [1] 1/-1/-1->0->3 [2] 1/-1/-1->0->3 [3] 1/-1/-1->0->3
MOC-R4PCC04U05:54334:54376 [0] NCCL INFO P2P Chunksize set to 131072
MOC-R4PCC04U05:54334:54376 [0] NCCL INFO Check P2P Type intraNodeP2pSupport 1 directMode 0
MOC-R4PCC04U05:54337:54392 [3] NCCL INFO [Proxy Service] Device 3 CPU core 453
MOC-R4PCC04U05:54334:54394 [0] NCCL INFO [Proxy Service] Device 0 CPU core 13
MOC-R4PCC04U05:54337:54393 [3] NCCL INFO [Proxy Service UDS] Device 3 CPU core 487
MOC-R4PCC04U05:54335:54395 [1] NCCL INFO [Proxy Service] Device 1 CPU core 271
MOC-R4PCC04U05:54334:54396 [0] NCCL INFO [Proxy Service UDS] Device 0 CPU core 279
MOC-R4PCC04U05:54335:54397 [1] NCCL INFO [Proxy Service UDS] Device 1 CPU core 16
MOC-R4PCC04U05:54336:54398 [2] NCCL INFO [Proxy Service] Device 2 CPU core 172
MOC-R4PCC04U05:54336:54399 [2] NCCL INFO [Proxy Service UDS] Device 2 CPU core 495
MOC-R4PCC04U05:54336:54379 [2] NCCL INFO threadThresholds 8/8/64 | 64/8/64 | 512 | 512
MOC-R4PCC04U05:54336:54379 [2] NCCL INFO 4 coll channels, 4 collnet channels, 0 nvls channels, 4 p2p channels, 2 p2p channels per peer
MOC-R4PCC04U05:54335:54378 [1] NCCL INFO threadThresholds 8/8/64 | 64/8/64 | 512 | 512
MOC-R4PCC04U05:54335:54378 [1] NCCL INFO 4 coll channels, 4 collnet channels, 0 nvls channels, 4 p2p channels, 2 p2p channels per peer
MOC-R4PCC04U05:54334:54376 [0] NCCL INFO threadThresholds 8/8/64 | 64/8/64 | 512 | 512
MOC-R4PCC04U05:54334:54376 [0] NCCL INFO 4 coll channels, 4 collnet channels, 0 nvls channels, 4 p2p channels, 2 p2p channels per peer
MOC-R4PCC04U05:54337:54380 [3] NCCL INFO threadThresholds 8/8/64 | 64/8/64 | 512 | 512
MOC-R4PCC04U05:54337:54380 [3] NCCL INFO 4 coll channels, 4 collnet channels, 0 nvls channels, 4 p2p channels, 2 p2p channels per peer
MOC-R4PCC04U05:54334:54376 [0] NCCL INFO CC Off, workFifoBytes 1048576
MOC-R4PCC04U05:54337:54380 [3] NCCL INFO TUNER/Plugin: Could not find: libnccl-tuner.so. Using internal tuner plugin.
MOC-R4PCC04U05:54337:54380 [3] NCCL INFO ncclCommInitRankConfig comm 0x556da01382e0 rank 3 nranks 8 cudaDev 3 nvmlDev 3 busId c6000 commId 0x97b13726dcdf5995 - Init COMPLETE
MOC-R4PCC04U05:54337:54380 [3] NCCL INFO Init timings - ncclCommInitRankConfig: rank 3 nranks 8 total 3.37 (kernels 0.31, alloc 1.77, bootstrap 0.36, allgathers 0.13, topo 0.77, graphs 0.00, connections 0.02, rest 0.01)
MOC-R4PCC04U05:54336:54379 [2] NCCL INFO TUNER/Plugin: Could not find: libnccl-tuner.so. Using internal tuner plugin.
MOC-R4PCC04U05:54334:54376 [0] NCCL INFO TUNER/Plugin: Could not find: libnccl-tuner.so. Using internal tuner plugin.
MOC-R4PCC04U05:54336:54379 [2] NCCL INFO ncclCommInitRankConfig comm 0x564e31ada510 rank 2 nranks 8 cudaDev 2 nvmlDev 2 busId a6000 commId 0x97b13726dcdf5995 - Init COMPLETE
MOC-R4PCC04U05:54334:54376 [0] NCCL INFO ncclCommInitRankConfig comm 0x5580cd0a3a40 rank 0 nranks 8 cudaDev 0 nvmlDev 0 busId 6000 commId 0x97b13726dcdf5995 - Init COMPLETE
MOC-R4PCC04U05:54336:54379 [2] NCCL INFO Init timings - ncclCommInitRankConfig: rank 2 nranks 8 total 3.42 (kernels 0.32, alloc 1.81, bootstrap 0.36, allgathers 0.13, topo 0.77, graphs 0.00, connections 0.02, rest 0.02)
MOC-R4PCC04U05:54334:54376 [0] NCCL INFO Init timings - ncclCommInitRankConfig: rank 0 nranks 8 total 4.44 (kernels 0.32, alloc 0.69, bootstrap 2.50, allgathers 0.12, topo 0.77, graphs 0.01, connections 0.03, rest 0.00)
MOC-R4PCC04U05:54335:54378 [1] NCCL INFO TUNER/Plugin: Could not find: libnccl-tuner.so. Using internal tuner plugin.
MOC-R4PCC04U05:54335:54378 [1] NCCL INFO ncclCommInitRankConfig comm 0x56248881a2d0 rank 1 nranks 8 cudaDev 1 nvmlDev 1 busId 26000 commId 0x97b13726dcdf5995 - Init COMPLETE
MOC-R4PCC04U05:54335:54378 [1] NCCL INFO Init timings - ncclCommInitRankConfig: rank 1 nranks 8 total 3.42 (kernels 0.32, alloc 1.81, bootstrap 0.36, allgathers 0.12, topo 0.77, graphs 0.00, connections 0.02, rest 0.01)
MOC-R4PCC04U05:54334:54400 [0] NCCL INFO Channel 01/0 : 0[0] -> 2[2] via P2P/CUMEM
MOC-R4PCC04U05:54334:54400 [0] NCCL INFO Channel 03/0 : 0[0] -> 2[2] via P2P/CUMEM
MOC-R4PCC04U05:54334:54400 [0] NCCL INFO Channel 00/0 : 0[0] -> 3[3] via P2P/CUMEM
MOC-R4PCC04U05:54334:54400 [0] NCCL INFO Channel 02/0 : 0[0] -> 3[3] via P2P/CUMEM
MOC-R4PCC04U05:54336:54404 [2] NCCL INFO [Proxy Progress] Device 2 CPU core 191
MOC-R4PCC04U05:54336:54401 [2] NCCL INFO Channel 00/0 : 7[3] -> 2[2] [receive] via NET/IB/1
MOC-R4PCC04U05:54336:54401 [2] NCCL INFO Channel 02/0 : 7[3] -> 2[2] [receive] via NET/IB/1
MOC-R4PCC04U05:54337:54405 [3] NCCL INFO [Proxy Progress] Device 3 CPU core 399
MOC-R4PCC04U05:54337:54403 [3] NCCL INFO Channel 00/0 : 3[3] -> 6[2] [send] via NET/IB/1
MOC-R4PCC04U05:54337:54403 [3] NCCL INFO Channel 02/0 : 3[3] -> 6[2] [send] via NET/IB/1
MOC-R4PCC04U05:54337:54403 [3] NCCL INFO Channel 01/0 : 6[2] -> 3[3] [receive] via NET/IB/1
MOC-R4PCC04U05:54337:54403 [3] NCCL INFO Channel 03/0 : 6[2] -> 3[3] [receive] via NET/IB/1
MOC-R4PCC04U05:54337:54403 [3] NCCL INFO Channel 01/0 : 3[3] -> 1[1] via P2P/CUMEM
MOC-R4PCC04U05:54336:54401 [2] NCCL INFO Channel 01/0 : 2[2] -> 7[3] [send] via NET/IB/1
MOC-R4PCC04U05:54336:54401 [2] NCCL INFO Channel 03/0 : 2[2] -> 7[3] [send] via NET/IB/1
MOC-R4PCC04U05:54336:54401 [2] NCCL INFO Channel 00/0 : 2[2] -> 1[1] via P2P/CUMEM
MOC-R4PCC04U05:54337:54403 [3] NCCL INFO Channel 03/0 : 3[3] -> 1[1] via P2P/CUMEM
MOC-R4PCC04U05:54336:54401 [2] NCCL INFO Channel 02/0 : 2[2] -> 1[1] via P2P/CUMEM
MOC-R4PCC04U05:54335:54402 [1] NCCL INFO Channel 00/0 : 1[1] -> 0[0] via P2P/CUMEM
MOC-R4PCC04U05:54335:54402 [1] NCCL INFO Channel 01/0 : 1[1] -> 0[0] via P2P/CUMEM
MOC-R4PCC04U05:54335:54402 [1] NCCL INFO Channel 02/0 : 1[1] -> 0[0] via P2P/CUMEM
MOC-R4PCC04U05:54335:54402 [1] NCCL INFO Channel 03/0 : 1[1] -> 0[0] via P2P/CUMEM
MOC-R4PCC04U05:54337:54403 [3] NCCL INFO Connected all rings, use ring PXN 0 GDR 0
MOC-R4PCC04U05:54335:54402 [1] NCCL INFO Connected all rings, use ring PXN 0 GDR 0
MOC-R4PCC04U05:54334:54400 [0] NCCL INFO Connected all rings, use ring PXN 0 GDR 0
MOC-R4PCC04U05:54336:54401 [2] NCCL INFO Connected all rings, use ring PXN 0 GDR 0
num decayed parameter tensors: 50, with 124,318,464 parameters
num non-decayed parameter tensors: 98, with 121,344 parameters
using fused AdamW: False
using regular AdamW
MOC-R4PCC04U05:54334:55094 [0] NCCL INFO Channel 00/0 : 0[0] -> 1[1] via P2P/CUMEM
MOC-R4PCC04U05:54334:55094 [0] NCCL INFO Channel 01/0 : 0[0] -> 1[1] via P2P/CUMEM
MOC-R4PCC04U05:54334:55094 [0] NCCL INFO Channel 02/0 : 0[0] -> 1[1] via P2P/CUMEM
MOC-R4PCC04U05:54334:55094 [0] NCCL INFO Channel 03/0 : 0[0] -> 1[1] via P2P/CUMEM
MOC-R4PCC04U05:54335:55096 [1] NCCL INFO Channel 00/0 : 1[1] -> 2[2] via P2P/CUMEM
MOC-R4PCC04U05:54335:55096 [1] NCCL INFO Channel 01/0 : 1[1] -> 2[2] via P2P/CUMEM
MOC-R4PCC04U05:54335:55096 [1] NCCL INFO Channel 02/0 : 1[1] -> 2[2] via P2P/CUMEM
MOC-R4PCC04U05:54335:55096 [1] NCCL INFO Channel 03/0 : 1[1] -> 2[2] via P2P/CUMEM
MOC-R4PCC04U05:54334:55094 [0] NCCL INFO Channel 01/0 : 0[0] -> 3[3] via P2P/CUMEM
MOC-R4PCC04U05:54336:55095 [2] NCCL INFO Channel 01/0 : 2[2] -> 1[1] via P2P/CUMEM
MOC-R4PCC04U05:54334:55094 [0] NCCL INFO Channel 03/0 : 0[0] -> 3[3] via P2P/CUMEM
MOC-R4PCC04U05:54336:55095 [2] NCCL INFO Channel 03/0 : 2[2] -> 1[1] via P2P/CUMEM
MOC-R4PCC04U05:54337:55097 [3] NCCL INFO Channel 00/0 : 7[3] -> 3[3] [receive] via NET/IB/1
MOC-R4PCC04U05:54337:55097 [3] NCCL INFO Channel 01/0 : 7[3] -> 3[3] [receive] via NET/IB/1
MOC-R4PCC04U05:54337:55097 [3] NCCL INFO Channel 02/0 : 7[3] -> 3[3] [receive] via NET/IB/1
MOC-R4PCC04U05:54337:55097 [3] NCCL INFO Channel 03/0 : 7[3] -> 3[3] [receive] via NET/IB/1
MOC-R4PCC04U05:54337:55097 [3] NCCL INFO Channel 00/0 : 3[3] -> 7[3] [send] via NET/IB/1
MOC-R4PCC04U05:54337:55097 [3] NCCL INFO Channel 01/0 : 3[3] -> 7[3] [send] via NET/IB/1
MOC-R4PCC04U05:54337:55097 [3] NCCL INFO Channel 02/0 : 3[3] -> 7[3] [send] via NET/IB/1
MOC-R4PCC04U05:54337:55097 [3] NCCL INFO Channel 03/0 : 3[3] -> 7[3] [send] via NET/IB/1
MOC-R4PCC04U05:54337:55097 [3] NCCL INFO Channel 00/0 : 3[3] -> 0[0] via P2P/CUMEM
MOC-R4PCC04U05:54337:55097 [3] NCCL INFO Channel 01/0 : 3[3] -> 0[0] via P2P/CUMEM
MOC-R4PCC04U05:54337:55097 [3] NCCL INFO Channel 02/0 : 3[3] -> 0[0] via P2P/CUMEM
MOC-R4PCC04U05:54337:55097 [3] NCCL INFO Channel 03/0 : 3[3] -> 0[0] via P2P/CUMEM
MOC-R4PCC04U05:54335:55096 [1] NCCL INFO Connected all trees
MOC-R4PCC04U05:54336:55095 [2] NCCL INFO Connected all trees
MOC-R4PCC04U05:54337:55097 [3] NCCL INFO Connected all trees
MOC-R4PCC04U05:54334:55094 [0] NCCL INFO Connected all trees
step    1/10 | train loss 11.010164 | norm 15.3784 | lr 1.00e-04 | (14683.39 ms | 124972 tok/s)
step    2/10 | train loss 10.136258 | norm 5.7532 | lr 1.00e-04 | (555.26 ms | 3304791 tok/s)
step    3/10 | train loss 9.794411 | norm 2.6140 | lr 1.00e-04 | (552.77 ms | 3319678 tok/s)
step    4/10 | train loss 9.624502 | norm 2.1149 | lr 1.00e-04 | (557.07 ms | 3294019 tok/s)
step    5/10 | train loss 9.541203 | norm 2.1072 | lr 1.00e-04 | (552.47 ms | 3321448 tok/s)
step    6/10 | train loss 9.459827 | norm 2.0014 | lr 1.00e-04 | (554.74 ms | 3307885 tok/s)
step    7/10 | train loss 9.374056 | norm 1.9510 | lr 1.00e-04 | (554.37 ms | 3310071 tok/s)
step    8/10 | train loss 9.281914 | norm 1.9181 | lr 1.00e-04 | (560.70 ms | 3272719 tok/s)
step    9/10 | train loss 9.186090 | norm 1.8610 | lr 1.00e-04 | (557.51 ms | 3291446 tok/s)
step   10/10 | train loss 9.101143 | norm 1.8022 | lr 1.00e-04 | (558.18 ms | 3287484 tok/s)
final 9 iters avg: 555.896ms
peak memory consumption: 16601 MiB
MOC-R4PCC04U05:54335:55102 [1] NCCL INFO comm 0x56248881a2d0 rank 1 nranks 8 cudaDev 1 busId 26000 - Destroy COMPLETE
MOC-R4PCC04U05:54334:55104 [0] NCCL INFO comm 0x5580cd0a3a40 rank 0 nranks 8 cudaDev 0 busId 6000 - Destroy COMPLETE
MOC-R4PCC04U05:54337:55105 [3] NCCL INFO comm 0x556da01382e0 rank 3 nranks 8 cudaDev 3 busId c6000 - Destroy COMPLETE
MOC-R4PCC04U05:54336:55103 [2] NCCL INFO comm 0x564e31ada510 rank 2 nranks 8 cudaDev 2 busId a6000 - Destroy COMPLETE
