Running pytorch 2.7.0+cu126
using device: cuda:0
total desired batch size: 786432
=> calculated gradient accumulation steps: 3
using device: cuda:3
using device: cuda:1
using device: cuda:2
compiling the model...
DataLoader: total number of tokens: 1,661,249,667 across 103 files
MOC-R4PCC04U05:248671:248671 [0] NCCL INFO NCCL_SOCKET_IFNAME set by environment to eno7np0
MOC-R4PCC04U05:248671:248671 [0] NCCL INFO Bootstrap: Using eno7np0:192.168.50.193<0>
MOC-R4PCC04U05:248671:248671 [0] NCCL INFO cudaDriverVersion 12040
MOC-R4PCC04U05:248671:248671 [0] NCCL INFO NCCL version 2.26.2+cuda12.2
MOC-R4PCC04U05:248671:248671 [0] NCCL INFO Comm config Blocking set to 1
MOC-R4PCC04U05:248673:248673 [2] NCCL INFO cudaDriverVersion 12040
MOC-R4PCC04U05:248673:248673 [2] NCCL INFO NCCL_SOCKET_IFNAME set by environment to eno7np0
MOC-R4PCC04U05:248673:248673 [2] NCCL INFO Bootstrap: Using eno7np0:192.168.50.193<0>
MOC-R4PCC04U05:248673:248673 [2] NCCL INFO NCCL version 2.26.2+cuda12.2
MOC-R4PCC04U05:248673:248673 [2] NCCL INFO Comm config Blocking set to 1
MOC-R4PCC04U05:248672:248672 [1] NCCL INFO cudaDriverVersion 12040
MOC-R4PCC04U05:248672:248672 [1] NCCL INFO NCCL_SOCKET_IFNAME set by environment to eno7np0
MOC-R4PCC04U05:248672:248672 [1] NCCL INFO Bootstrap: Using eno7np0:192.168.50.193<0>
MOC-R4PCC04U05:248672:248672 [1] NCCL INFO NCCL version 2.26.2+cuda12.2
MOC-R4PCC04U05:248672:248672 [1] NCCL INFO Comm config Blocking set to 1
MOC-R4PCC04U05:248674:248674 [3] NCCL INFO cudaDriverVersion 12040
MOC-R4PCC04U05:248674:248674 [3] NCCL INFO NCCL_SOCKET_IFNAME set by environment to eno7np0
MOC-R4PCC04U05:248674:248674 [3] NCCL INFO Bootstrap: Using eno7np0:192.168.50.193<0>
MOC-R4PCC04U05:248674:248674 [3] NCCL INFO NCCL version 2.26.2+cuda12.2
MOC-R4PCC04U05:248674:248674 [3] NCCL INFO Comm config Blocking set to 1
MOC-R4PCC04U05:248671:248714 [0] NCCL INFO NET/Plugin: Could not find: libnccl-net.so. Using internal net plugin.
MOC-R4PCC04U05:248671:248714 [0] NCCL INFO NCCL_IB_DISABLE set by environment to 0.
MOC-R4PCC04U05:248671:248714 [0] NCCL INFO NCCL_SOCKET_IFNAME set by environment to eno7np0
MOC-R4PCC04U05:248671:248714 [0] NCCL INFO NCCL_IB_HCA set to mlx5_5
MOC-R4PCC04U05:248673:248715 [2] NCCL INFO NET/Plugin: Could not find: libnccl-net.so. Using internal net plugin.
MOC-R4PCC04U05:248673:248715 [2] NCCL INFO NCCL_IB_DISABLE set by environment to 0.
MOC-R4PCC04U05:248673:248715 [2] NCCL INFO NCCL_SOCKET_IFNAME set by environment to eno7np0
MOC-R4PCC04U05:248673:248715 [2] NCCL INFO NCCL_IB_HCA set to mlx5_5
MOC-R4PCC04U05:248672:248716 [1] NCCL INFO NET/Plugin: Could not find: libnccl-net.so. Using internal net plugin.
MOC-R4PCC04U05:248672:248716 [1] NCCL INFO NCCL_IB_DISABLE set by environment to 0.
MOC-R4PCC04U05:248672:248716 [1] NCCL INFO NCCL_SOCKET_IFNAME set by environment to eno7np0
MOC-R4PCC04U05:248672:248716 [1] NCCL INFO NCCL_IB_HCA set to mlx5_5
MOC-R4PCC04U05:248674:248717 [3] NCCL INFO NET/Plugin: Could not find: libnccl-net.so. Using internal net plugin.
MOC-R4PCC04U05:248674:248717 [3] NCCL INFO NCCL_IB_DISABLE set by environment to 0.
MOC-R4PCC04U05:248674:248717 [3] NCCL INFO NCCL_SOCKET_IFNAME set by environment to eno7np0
MOC-R4PCC04U05:248674:248717 [3] NCCL INFO NCCL_IB_HCA set to mlx5_5
MOC-R4PCC04U05:248671:248714 [0] NCCL INFO NET/IB : Using [0]mlx5_5:1/RoCE [RO]; OOB eno7np0:192.168.50.193<0>
MOC-R4PCC04U05:248671:248714 [0] NCCL INFO PROFILER/Plugin: Could not find: libnccl-profiler.so. 
MOC-R4PCC04U05:248671:248714 [0] NCCL INFO Using network IB
MOC-R4PCC04U05:248673:248715 [2] NCCL INFO NET/IB : Using [0]mlx5_5:1/RoCE [RO]; OOB eno7np0:192.168.50.193<0>
MOC-R4PCC04U05:248673:248715 [2] NCCL INFO PROFILER/Plugin: Could not find: libnccl-profiler.so. 
MOC-R4PCC04U05:248673:248715 [2] NCCL INFO Using network IB
MOC-R4PCC04U05:248672:248716 [1] NCCL INFO NET/IB : Using [0]mlx5_5:1/RoCE [RO]; OOB eno7np0:192.168.50.193<0>
MOC-R4PCC04U05:248672:248716 [1] NCCL INFO PROFILER/Plugin: Could not find: libnccl-profiler.so. 
MOC-R4PCC04U05:248672:248716 [1] NCCL INFO Using network IB
MOC-R4PCC04U05:248674:248717 [3] NCCL INFO NET/IB : Using [0]mlx5_5:1/RoCE [RO]; OOB eno7np0:192.168.50.193<0>
MOC-R4PCC04U05:248674:248717 [3] NCCL INFO PROFILER/Plugin: Could not find: libnccl-profiler.so. 
MOC-R4PCC04U05:248674:248717 [3] NCCL INFO Using network IB
MOC-R4PCC04U05:248671:248714 [0] NCCL INFO DMA-BUF is available on GPU device 0
MOC-R4PCC04U05:248673:248715 [2] NCCL INFO DMA-BUF is available on GPU device 2
MOC-R4PCC04U05:248671:248714 [0] NCCL INFO ncclCommInitRankConfig comm 0x55c24f8643c0 rank 0 nranks 8 cudaDev 0 nvmlDev 0 busId 6000 commId 0xb1da0d5839f32a4e - Init START
MOC-R4PCC04U05:248672:248716 [1] NCCL INFO DMA-BUF is available on GPU device 1
MOC-R4PCC04U05:248674:248717 [3] NCCL INFO DMA-BUF is available on GPU device 3
MOC-R4PCC04U05:248673:248715 [2] NCCL INFO ncclCommInitRankConfig comm 0x55f85af1d700 rank 2 nranks 8 cudaDev 2 nvmlDev 2 busId a6000 commId 0xb1da0d5839f32a4e - Init START
MOC-R4PCC04U05:248672:248716 [1] NCCL INFO ncclCommInitRankConfig comm 0x558d6d891e60 rank 1 nranks 8 cudaDev 1 nvmlDev 1 busId 26000 commId 0xb1da0d5839f32a4e - Init START
MOC-R4PCC04U05:248674:248717 [3] NCCL INFO ncclCommInitRankConfig comm 0x558559c2d330 rank 3 nranks 8 cudaDev 3 nvmlDev 3 busId c6000 commId 0xb1da0d5839f32a4e - Init START
MOC-R4PCC04U05:248671:248714 [0] NCCL INFO RAS client listening socket at ::1<28028>
MOC-R4PCC04U05:248672:248716 [1] NCCL INFO RAS client listening socket at ::1<28028>
MOC-R4PCC04U05:248673:248715 [2] NCCL INFO RAS client listening socket at ::1<28028>
MOC-R4PCC04U05:248674:248717 [3] NCCL INFO RAS client listening socket at ::1<28028>
MOC-R4PCC04U05:248671:248714 [0] NCCL INFO Bootstrap timings total 0.590046 (create 0.000103, send 0.000319, recv 0.029784, ring 0.558690, delay 0.000001)
MOC-R4PCC04U05:248674:248717 [3] NCCL INFO Bootstrap timings total 0.560571 (create 0.000143, send 0.000316, recv 0.000917, ring 0.557628, delay 0.000001)
MOC-R4PCC04U05:248672:248716 [1] NCCL INFO Bootstrap timings total 0.560667 (create 0.000147, send 0.000323, recv 0.000603, ring 0.558529, delay 0.000000)
MOC-R4PCC04U05:248673:248715 [2] NCCL INFO Bootstrap timings total 0.560984 (create 0.000149, send 0.000336, recv 0.001092, ring 0.558290, delay 0.000001)
MOC-R4PCC04U05:248671:248714 [0] NCCL INFO NCCL_NET_GDR_LEVEL set by environment to LOC
MOC-R4PCC04U05:248671:248714 [0] NCCL INFO Setting affinity for GPU 0 to ffffffff,ffffffff,ffffffff,ffffffff,00000000,00000000,00000000,00000000,ffffffff,ffffffff,ffffffff,ffffffff
MOC-R4PCC04U05:248671:248714 [0] NCCL INFO NVLS multicast support is not available on dev 0
MOC-R4PCC04U05:248674:248717 [3] NCCL INFO NCCL_NET_GDR_LEVEL set by environment to LOC
MOC-R4PCC04U05:248674:248717 [3] NCCL INFO Setting affinity for GPU 3 to ffffffff,ffffffff,ffffffff,ffffffff,00000000,00000000,00000000,00000000,ffffffff,ffffffff,ffffffff,ffffffff,00000000,00000000,00000000,00000000
MOC-R4PCC04U05:248674:248717 [3] NCCL INFO NVLS multicast support is not available on dev 3
MOC-R4PCC04U05:248672:248716 [1] NCCL INFO NCCL_NET_GDR_LEVEL set by environment to LOC
MOC-R4PCC04U05:248673:248715 [2] NCCL INFO NCCL_NET_GDR_LEVEL set by environment to LOC
MOC-R4PCC04U05:248672:248716 [1] NCCL INFO Setting affinity for GPU 1 to ffffffff,ffffffff,ffffffff,ffffffff,00000000,00000000,00000000,00000000,ffffffff,ffffffff,ffffffff,ffffffff
MOC-R4PCC04U05:248673:248715 [2] NCCL INFO Setting affinity for GPU 2 to ffffffff,ffffffff,ffffffff,ffffffff,00000000,00000000,00000000,00000000,ffffffff,ffffffff,ffffffff,ffffffff,00000000,00000000,00000000,00000000
MOC-R4PCC04U05:248673:248715 [2] NCCL INFO NVLS multicast support is not available on dev 2
MOC-R4PCC04U05:248672:248716 [1] NCCL INFO NVLS multicast support is not available on dev 1
MOC-R4PCC04U05:248671:248714 [0] NCCL INFO comm 0x55c24f8643c0 rank 0 nRanks 8 nNodes 2 localRanks 4 localRank 0 MNNVL 0
MOC-R4PCC04U05:248674:248717 [3] NCCL INFO comm 0x558559c2d330 rank 3 nRanks 8 nNodes 2 localRanks 4 localRank 3 MNNVL 0
MOC-R4PCC04U05:248673:248715 [2] NCCL INFO comm 0x55f85af1d700 rank 2 nRanks 8 nNodes 2 localRanks 4 localRank 2 MNNVL 0
MOC-R4PCC04U05:248672:248716 [1] NCCL INFO comm 0x558d6d891e60 rank 1 nRanks 8 nNodes 2 localRanks 4 localRank 1 MNNVL 0
MOC-R4PCC04U05:248674:248717 [3] NCCL INFO Trees [0] 0/7/-1->3->-1 [1] 0/7/-1->3->-1 [2] 0/-1/-1->3->7 [3] 0/-1/-1->3->7
MOC-R4PCC04U05:248671:248714 [0] NCCL INFO Channel 00/04 : 0 3 6 5 4 7 2 1
MOC-R4PCC04U05:248673:248715 [2] NCCL INFO Trees [0] -1/-1/-1->2->1 [1] -1/-1/-1->2->1 [2] -1/-1/-1->2->1 [3] -1/-1/-1->2->1
MOC-R4PCC04U05:248674:248717 [3] NCCL INFO P2P Chunksize set to 131072
MOC-R4PCC04U05:248671:248714 [0] NCCL INFO Channel 01/04 : 0 2 7 5 4 6 3 1
MOC-R4PCC04U05:248673:248715 [2] NCCL INFO P2P Chunksize set to 131072
MOC-R4PCC04U05:248671:248714 [0] NCCL INFO Channel 02/04 : 0 3 6 5 4 7 2 1
MOC-R4PCC04U05:248672:248716 [1] NCCL INFO Trees [0] 2/-1/-1->1->0 [1] 2/-1/-1->1->0 [2] 2/-1/-1->1->0 [3] 2/-1/-1->1->0
MOC-R4PCC04U05:248671:248714 [0] NCCL INFO Channel 03/04 : 0 2 7 5 4 6 3 1
MOC-R4PCC04U05:248672:248716 [1] NCCL INFO P2P Chunksize set to 131072
MOC-R4PCC04U05:248671:248714 [0] NCCL INFO Trees [0] 1/-1/-1->0->3 [1] 1/-1/-1->0->3 [2] 1/-1/-1->0->3 [3] 1/-1/-1->0->3
MOC-R4PCC04U05:248671:248714 [0] NCCL INFO P2P Chunksize set to 131072
MOC-R4PCC04U05:248671:248714 [0] NCCL INFO Check P2P Type intraNodeP2pSupport 1 directMode 0
MOC-R4PCC04U05:248671:248730 [0] NCCL INFO [Proxy Service] Device 0 CPU core 39
MOC-R4PCC04U05:248673:248732 [2] NCCL INFO [Proxy Service] Device 2 CPU core 471
MOC-R4PCC04U05:248674:248731 [3] NCCL INFO [Proxy Service] Device 3 CPU core 491
MOC-R4PCC04U05:248671:248736 [0] NCCL INFO [Proxy Service UDS] Device 0 CPU core 47
MOC-R4PCC04U05:248672:248733 [1] NCCL INFO [Proxy Service] Device 1 CPU core 15
MOC-R4PCC04U05:248674:248734 [3] NCCL INFO [Proxy Service UDS] Device 3 CPU core 503
MOC-R4PCC04U05:248673:248735 [2] NCCL INFO [Proxy Service UDS] Device 2 CPU core 247
MOC-R4PCC04U05:248672:248737 [1] NCCL INFO [Proxy Service UDS] Device 1 CPU core 303
MOC-R4PCC04U05:248674:248717 [3] NCCL INFO threadThresholds 8/8/64 | 64/8/64 | 512 | 512
MOC-R4PCC04U05:248674:248717 [3] NCCL INFO 4 coll channels, 4 collnet channels, 0 nvls channels, 4 p2p channels, 2 p2p channels per peer
MOC-R4PCC04U05:248673:248715 [2] NCCL INFO threadThresholds 8/8/64 | 64/8/64 | 512 | 512
MOC-R4PCC04U05:248673:248715 [2] NCCL INFO 4 coll channels, 4 collnet channels, 0 nvls channels, 4 p2p channels, 2 p2p channels per peer
MOC-R4PCC04U05:248672:248716 [1] NCCL INFO threadThresholds 8/8/64 | 64/8/64 | 512 | 512
MOC-R4PCC04U05:248672:248716 [1] NCCL INFO 4 coll channels, 4 collnet channels, 0 nvls channels, 4 p2p channels, 2 p2p channels per peer
MOC-R4PCC04U05:248671:248714 [0] NCCL INFO threadThresholds 8/8/64 | 64/8/64 | 512 | 512
MOC-R4PCC04U05:248671:248714 [0] NCCL INFO 4 coll channels, 4 collnet channels, 0 nvls channels, 4 p2p channels, 2 p2p channels per peer
MOC-R4PCC04U05:248671:248714 [0] NCCL INFO CC Off, workFifoBytes 1048576
MOC-R4PCC04U05:248673:248715 [2] NCCL INFO TUNER/Plugin: Could not find: libnccl-tuner.so. Using internal tuner plugin.
MOC-R4PCC04U05:248673:248715 [2] NCCL INFO ncclCommInitRankConfig comm 0x55f85af1d700 rank 2 nranks 8 cudaDev 2 nvmlDev 2 busId a6000 commId 0xb1da0d5839f32a4e - Init COMPLETE
MOC-R4PCC04U05:248673:248715 [2] NCCL INFO Init timings - ncclCommInitRankConfig: rank 2 nranks 8 total 3.96 (kernels 0.32, alloc 2.34, bootstrap 0.56, allgathers 0.06, topo 0.65, graphs 0.00, connections 0.01, rest 0.01)
MOC-R4PCC04U05:248674:248717 [3] NCCL INFO TUNER/Plugin: Could not find: libnccl-tuner.so. Using internal tuner plugin.
MOC-R4PCC04U05:248674:248717 [3] NCCL INFO ncclCommInitRankConfig comm 0x558559c2d330 rank 3 nranks 8 cudaDev 3 nvmlDev 3 busId c6000 commId 0xb1da0d5839f32a4e - Init COMPLETE
MOC-R4PCC04U05:248674:248717 [3] NCCL INFO Init timings - ncclCommInitRankConfig: rank 3 nranks 8 total 3.89 (kernels 0.31, alloc 2.28, bootstrap 0.56, allgathers 0.06, topo 0.65, graphs 0.00, connections 0.01, rest 0.01)
MOC-R4PCC04U05:248671:248714 [0] NCCL INFO TUNER/Plugin: Could not find: libnccl-tuner.so. Using internal tuner plugin.
MOC-R4PCC04U05:248672:248716 [1] NCCL INFO TUNER/Plugin: Could not find: libnccl-tuner.so. Using internal tuner plugin.
MOC-R4PCC04U05:248671:248714 [0] NCCL INFO ncclCommInitRankConfig comm 0x55c24f8643c0 rank 0 nranks 8 cudaDev 0 nvmlDev 0 busId 6000 commId 0xb1da0d5839f32a4e - Init COMPLETE
MOC-R4PCC04U05:248672:248716 [1] NCCL INFO ncclCommInitRankConfig comm 0x558d6d891e60 rank 1 nranks 8 cudaDev 1 nvmlDev 1 busId 26000 commId 0xb1da0d5839f32a4e - Init COMPLETE
MOC-R4PCC04U05:248671:248714 [0] NCCL INFO Init timings - ncclCommInitRankConfig: rank 0 nranks 8 total 3.99 (kernels 0.32, alloc 2.34, bootstrap 0.59, allgathers 0.06, topo 0.65, graphs 0.00, connections 0.03, rest 0.00)
MOC-R4PCC04U05:248672:248716 [1] NCCL INFO Init timings - ncclCommInitRankConfig: rank 1 nranks 8 total 3.94 (kernels 0.32, alloc 2.32, bootstrap 0.56, allgathers 0.06, topo 0.65, graphs 0.00, connections 0.03, rest 0.00)
MOC-R4PCC04U05:248671:248741 [0] NCCL INFO Channel 01/0 : 0[0] -> 2[2] via P2P/CUMEM
MOC-R4PCC04U05:248671:248741 [0] NCCL INFO Channel 03/0 : 0[0] -> 2[2] via P2P/CUMEM
MOC-R4PCC04U05:248671:248741 [0] NCCL INFO Channel 00/0 : 0[0] -> 3[3] via P2P/CUMEM
MOC-R4PCC04U05:248674:248742 [3] NCCL INFO [Proxy Progress] Device 3 CPU core 479
MOC-R4PCC04U05:248674:248739 [3] NCCL INFO Channel 00/0 : 3[3] -> 6[2] [send] via NET/IB/1
MOC-R4PCC04U05:248674:248739 [3] NCCL INFO Channel 02/0 : 3[3] -> 6[2] [send] via NET/IB/1
MOC-R4PCC04U05:248673:248743 [2] NCCL INFO [Proxy Progress] Device 2 CPU core 173
MOC-R4PCC04U05:248673:248738 [2] NCCL INFO Channel 00/0 : 7[3] -> 2[2] [receive] via NET/IB/1
MOC-R4PCC04U05:248673:248738 [2] NCCL INFO Channel 02/0 : 7[3] -> 2[2] [receive] via NET/IB/1
MOC-R4PCC04U05:248671:248741 [0] NCCL INFO Channel 02/0 : 0[0] -> 3[3] via P2P/CUMEM
MOC-R4PCC04U05:248674:248739 [3] NCCL INFO Channel 01/0 : 6[2] -> 3[3] [receive] via NET/IB/1
MOC-R4PCC04U05:248673:248738 [2] NCCL INFO Channel 01/0 : 2[2] -> 7[3] [send] via NET/IB/1
MOC-R4PCC04U05:248674:248739 [3] NCCL INFO Channel 03/0 : 6[2] -> 3[3] [receive] via NET/IB/1
MOC-R4PCC04U05:248673:248738 [2] NCCL INFO Channel 03/0 : 2[2] -> 7[3] [send] via NET/IB/1
MOC-R4PCC04U05:248674:248739 [3] NCCL INFO Channel 01/0 : 3[3] -> 1[1] via P2P/CUMEM
MOC-R4PCC04U05:248673:248738 [2] NCCL INFO Channel 00/0 : 2[2] -> 1[1] via P2P/CUMEM
MOC-R4PCC04U05:248674:248739 [3] NCCL INFO Channel 03/0 : 3[3] -> 1[1] via P2P/CUMEM
MOC-R4PCC04U05:248673:248738 [2] NCCL INFO Channel 02/0 : 2[2] -> 1[1] via P2P/CUMEM
MOC-R4PCC04U05:248672:248740 [1] NCCL INFO Channel 00/0 : 1[1] -> 0[0] via P2P/CUMEM
MOC-R4PCC04U05:248672:248740 [1] NCCL INFO Channel 01/0 : 1[1] -> 0[0] via P2P/CUMEM
MOC-R4PCC04U05:248672:248740 [1] NCCL INFO Channel 02/0 : 1[1] -> 0[0] via P2P/CUMEM
MOC-R4PCC04U05:248672:248740 [1] NCCL INFO Channel 03/0 : 1[1] -> 0[0] via P2P/CUMEM
MOC-R4PCC04U05:248674:248739 [3] NCCL INFO Connected all rings, use ring PXN 0 GDR 0
MOC-R4PCC04U05:248673:248738 [2] NCCL INFO Connected all rings, use ring PXN 0 GDR 0
MOC-R4PCC04U05:248672:248740 [1] NCCL INFO Connected all rings, use ring PXN 0 GDR 0
MOC-R4PCC04U05:248671:248741 [0] NCCL INFO Connected all rings, use ring PXN 0 GDR 0
num decayed parameter tensors: 50, with 124,318,464 parameters
num non-decayed parameter tensors: 98, with 121,344 parameters
using fused AdamW: False
using regular AdamW
MOC-R4PCC04U05:248672:249434 [1] NCCL INFO Channel 00/0 : 1[1] -> 2[2] via P2P/CUMEM
MOC-R4PCC04U05:248672:249434 [1] NCCL INFO Channel 01/0 : 1[1] -> 2[2] via P2P/CUMEM
MOC-R4PCC04U05:248672:249434 [1] NCCL INFO Channel 02/0 : 1[1] -> 2[2] via P2P/CUMEM
MOC-R4PCC04U05:248672:249434 [1] NCCL INFO Channel 03/0 : 1[1] -> 2[2] via P2P/CUMEM
MOC-R4PCC04U05:248673:249432 [2] NCCL INFO Channel 01/0 : 2[2] -> 1[1] via P2P/CUMEM
MOC-R4PCC04U05:248673:249432 [2] NCCL INFO Channel 03/0 : 2[2] -> 1[1] via P2P/CUMEM
MOC-R4PCC04U05:248671:249435 [0] NCCL INFO Channel 00/0 : 0[0] -> 1[1] via P2P/CUMEM
MOC-R4PCC04U05:248671:249435 [0] NCCL INFO Channel 01/0 : 0[0] -> 1[1] via P2P/CUMEM
MOC-R4PCC04U05:248671:249435 [0] NCCL INFO Channel 02/0 : 0[0] -> 1[1] via P2P/CUMEM
MOC-R4PCC04U05:248671:249435 [0] NCCL INFO Channel 03/0 : 0[0] -> 1[1] via P2P/CUMEM
MOC-R4PCC04U05:248671:249435 [0] NCCL INFO Channel 01/0 : 0[0] -> 3[3] via P2P/CUMEM
MOC-R4PCC04U05:248671:249435 [0] NCCL INFO Channel 03/0 : 0[0] -> 3[3] via P2P/CUMEM
MOC-R4PCC04U05:248674:249433 [3] NCCL INFO Channel 00/0 : 7[3] -> 3[3] [receive] via NET/IB/1
MOC-R4PCC04U05:248674:249433 [3] NCCL INFO Channel 01/0 : 7[3] -> 3[3] [receive] via NET/IB/1
MOC-R4PCC04U05:248674:249433 [3] NCCL INFO Channel 02/0 : 7[3] -> 3[3] [receive] via NET/IB/1
MOC-R4PCC04U05:248674:249433 [3] NCCL INFO Channel 03/0 : 7[3] -> 3[3] [receive] via NET/IB/1
MOC-R4PCC04U05:248674:249433 [3] NCCL INFO Channel 00/0 : 3[3] -> 7[3] [send] via NET/IB/1
MOC-R4PCC04U05:248674:249433 [3] NCCL INFO Channel 01/0 : 3[3] -> 7[3] [send] via NET/IB/1
MOC-R4PCC04U05:248674:249433 [3] NCCL INFO Channel 02/0 : 3[3] -> 7[3] [send] via NET/IB/1
MOC-R4PCC04U05:248674:249433 [3] NCCL INFO Channel 03/0 : 3[3] -> 7[3] [send] via NET/IB/1
MOC-R4PCC04U05:248674:249433 [3] NCCL INFO Channel 00/0 : 3[3] -> 0[0] via P2P/CUMEM
MOC-R4PCC04U05:248674:249433 [3] NCCL INFO Channel 01/0 : 3[3] -> 0[0] via P2P/CUMEM
MOC-R4PCC04U05:248674:249433 [3] NCCL INFO Channel 02/0 : 3[3] -> 0[0] via P2P/CUMEM
MOC-R4PCC04U05:248674:249433 [3] NCCL INFO Channel 03/0 : 3[3] -> 0[0] via P2P/CUMEM
MOC-R4PCC04U05:248673:249432 [2] NCCL INFO Connected all trees
MOC-R4PCC04U05:248672:249434 [1] NCCL INFO Connected all trees
MOC-R4PCC04U05:248671:249435 [0] NCCL INFO Connected all trees
MOC-R4PCC04U05:248674:249433 [3] NCCL INFO Connected all trees
step    1/10 | train loss 11.010591 | norm 15.5179 | lr 1.00e-04 | (13962.71 ms | 56324 tok/s)
step    2/10 | train loss 10.133060 | norm 5.7703 | lr 1.00e-04 | (260.87 ms | 3014604 tok/s)
step    3/10 | train loss 9.789810 | norm 2.6244 | lr 1.00e-04 | (256.50 ms | 3065997 tok/s)
step    4/10 | train loss 9.619393 | norm 2.1221 | lr 1.00e-04 | (256.25 ms | 3068993 tok/s)
step    5/10 | train loss 9.536022 | norm 2.1102 | lr 1.00e-04 | (263.33 ms | 2986526 tok/s)
step    6/10 | train loss 9.454277 | norm 2.0041 | lr 1.00e-04 | (260.58 ms | 3017964 tok/s)
step    7/10 | train loss 9.368484 | norm 1.9533 | lr 1.00e-04 | (257.65 ms | 3052320 tok/s)
step    8/10 | train loss 9.276949 | norm 1.9199 | lr 1.00e-04 | (259.17 ms | 3034388 tok/s)
step    9/10 | train loss 9.181938 | norm 1.8692 | lr 1.00e-04 | (258.10 ms | 3046991 tok/s)
step   10/10 | train loss 9.094176 | norm 1.7928 | lr 1.00e-04 | (257.33 ms | 3056135 tok/s)
final 9 iters avg: 258.866ms
peak memory consumption: 16601 MiB
MOC-R4PCC04U05:248672:249442 [1] NCCL INFO comm 0x558d6d891e60 rank 1 nranks 8 cudaDev 1 busId 26000 - Destroy COMPLETE
MOC-R4PCC04U05:248673:249440 [2] NCCL INFO comm 0x55f85af1d700 rank 2 nranks 8 cudaDev 2 busId a6000 - Destroy COMPLETE
MOC-R4PCC04U05:248671:249443 [0] NCCL INFO comm 0x55c24f8643c0 rank 0 nranks 8 cudaDev 0 busId 6000 - Destroy COMPLETE
MOC-R4PCC04U05:248674:249441 [3] NCCL INFO comm 0x558559c2d330 rank 3 nranks 8 cudaDev 3 busId c6000 - Destroy COMPLETE
