Running pytorch 2.7.0+cu126
using device: cuda:0
total desired batch size: 262144
=> calculated gradient accumulation steps: 1
using device: cuda:2
using device: cuda:3
using device: cuda:1
compiling the model...
DataLoader: total number of tokens: 1,661,249,667 across 103 files
MOC-R4PCC04U05:49253:49253 [0] NCCL INFO NCCL_SOCKET_IFNAME set by environment to eno7np0
MOC-R4PCC04U05:49253:49253 [0] NCCL INFO Bootstrap: Using eno7np0:192.168.50.193<0>
MOC-R4PCC04U05:49253:49253 [0] NCCL INFO cudaDriverVersion 12040
MOC-R4PCC04U05:49253:49253 [0] NCCL INFO NCCL version 2.26.2+cuda12.2
MOC-R4PCC04U05:49253:49253 [0] NCCL INFO Comm config Blocking set to 1
MOC-R4PCC04U05:49253:49324 [0] NCCL INFO NET/Plugin: Could not find: libnccl-net.so. Using internal net plugin.
MOC-R4PCC04U05:49253:49324 [0] NCCL INFO NCCL_IB_DISABLE set by environment to 0.
MOC-R4PCC04U05:49253:49324 [0] NCCL INFO NCCL_SOCKET_IFNAME set by environment to eno7np0
MOC-R4PCC04U05:49253:49324 [0] NCCL INFO NCCL_IB_HCA set to mlx5_5
MOC-R4PCC04U05:49256:49256 [3] NCCL INFO cudaDriverVersion 12040
MOC-R4PCC04U05:49256:49256 [3] NCCL INFO NCCL_SOCKET_IFNAME set by environment to eno7np0
MOC-R4PCC04U05:49256:49256 [3] NCCL INFO Bootstrap: Using eno7np0:192.168.50.193<0>
MOC-R4PCC04U05:49256:49256 [3] NCCL INFO NCCL version 2.26.2+cuda12.2
MOC-R4PCC04U05:49255:49255 [2] NCCL INFO cudaDriverVersion 12040
MOC-R4PCC04U05:49255:49255 [2] NCCL INFO NCCL_SOCKET_IFNAME set by environment to eno7np0
MOC-R4PCC04U05:49256:49256 [3] NCCL INFO Comm config Blocking set to 1
MOC-R4PCC04U05:49255:49255 [2] NCCL INFO Bootstrap: Using eno7np0:192.168.50.193<0>
MOC-R4PCC04U05:49255:49255 [2] NCCL INFO NCCL version 2.26.2+cuda12.2
MOC-R4PCC04U05:49255:49255 [2] NCCL INFO Comm config Blocking set to 1
MOC-R4PCC04U05:49253:49324 [0] NCCL INFO NET/IB : Using [0]mlx5_5:1/RoCE [RO]; OOB eno7np0:192.168.50.193<0>
MOC-R4PCC04U05:49253:49324 [0] NCCL INFO PROFILER/Plugin: Could not find: libnccl-profiler.so. 
MOC-R4PCC04U05:49253:49324 [0] NCCL INFO Using network IB
MOC-R4PCC04U05:49253:49324 [0] NCCL INFO DMA-BUF is available on GPU device 0
MOC-R4PCC04U05:49254:49254 [1] NCCL INFO cudaDriverVersion 12040
MOC-R4PCC04U05:49253:49324 [0] NCCL INFO ncclCommInitRankConfig comm 0x55d70ebced80 rank 0 nranks 8 cudaDev 0 nvmlDev 0 busId 6000 commId 0x673a35e50cb9f32a - Init START
MOC-R4PCC04U05:49254:49254 [1] NCCL INFO NCCL_SOCKET_IFNAME set by environment to eno7np0
MOC-R4PCC04U05:49254:49254 [1] NCCL INFO Bootstrap: Using eno7np0:192.168.50.193<0>
MOC-R4PCC04U05:49254:49254 [1] NCCL INFO NCCL version 2.26.2+cuda12.2
MOC-R4PCC04U05:49254:49254 [1] NCCL INFO Comm config Blocking set to 1
MOC-R4PCC04U05:49256:49327 [3] NCCL INFO NET/Plugin: Could not find: libnccl-net.so. Using internal net plugin.
MOC-R4PCC04U05:49256:49327 [3] NCCL INFO NCCL_IB_DISABLE set by environment to 0.
MOC-R4PCC04U05:49256:49327 [3] NCCL INFO NCCL_SOCKET_IFNAME set by environment to eno7np0
MOC-R4PCC04U05:49255:49328 [2] NCCL INFO NET/Plugin: Could not find: libnccl-net.so. Using internal net plugin.
MOC-R4PCC04U05:49255:49328 [2] NCCL INFO NCCL_IB_DISABLE set by environment to 0.
MOC-R4PCC04U05:49256:49327 [3] NCCL INFO NCCL_IB_HCA set to mlx5_5
MOC-R4PCC04U05:49255:49328 [2] NCCL INFO NCCL_SOCKET_IFNAME set by environment to eno7np0
MOC-R4PCC04U05:49255:49328 [2] NCCL INFO NCCL_IB_HCA set to mlx5_5
MOC-R4PCC04U05:49256:49327 [3] NCCL INFO NET/IB : Using [0]mlx5_5:1/RoCE [RO]; OOB eno7np0:192.168.50.193<0>
MOC-R4PCC04U05:49256:49327 [3] NCCL INFO PROFILER/Plugin: Could not find: libnccl-profiler.so. 
MOC-R4PCC04U05:49256:49327 [3] NCCL INFO Using network IB
MOC-R4PCC04U05:49255:49328 [2] NCCL INFO NET/IB : Using [0]mlx5_5:1/RoCE [RO]; OOB eno7np0:192.168.50.193<0>
MOC-R4PCC04U05:49255:49328 [2] NCCL INFO PROFILER/Plugin: Could not find: libnccl-profiler.so. 
MOC-R4PCC04U05:49255:49328 [2] NCCL INFO Using network IB
MOC-R4PCC04U05:49254:49331 [1] NCCL INFO NET/Plugin: Could not find: libnccl-net.so. Using internal net plugin.
MOC-R4PCC04U05:49254:49331 [1] NCCL INFO NCCL_IB_DISABLE set by environment to 0.
MOC-R4PCC04U05:49254:49331 [1] NCCL INFO NCCL_SOCKET_IFNAME set by environment to eno7np0
MOC-R4PCC04U05:49254:49331 [1] NCCL INFO NCCL_IB_HCA set to mlx5_5
MOC-R4PCC04U05:49254:49331 [1] NCCL INFO NET/IB : Using [0]mlx5_5:1/RoCE [RO]; OOB eno7np0:192.168.50.193<0>
MOC-R4PCC04U05:49254:49331 [1] NCCL INFO PROFILER/Plugin: Could not find: libnccl-profiler.so. 
MOC-R4PCC04U05:49254:49331 [1] NCCL INFO Using network IB
MOC-R4PCC04U05:49256:49327 [3] NCCL INFO DMA-BUF is available on GPU device 3
MOC-R4PCC04U05:49255:49328 [2] NCCL INFO DMA-BUF is available on GPU device 2
MOC-R4PCC04U05:49256:49327 [3] NCCL INFO ncclCommInitRankConfig comm 0x55c0d35f2e60 rank 3 nranks 8 cudaDev 3 nvmlDev 3 busId c6000 commId 0x673a35e50cb9f32a - Init START
MOC-R4PCC04U05:49255:49328 [2] NCCL INFO ncclCommInitRankConfig comm 0x563452a3bc50 rank 2 nranks 8 cudaDev 2 nvmlDev 2 busId a6000 commId 0x673a35e50cb9f32a - Init START
MOC-R4PCC04U05:49256:49327 [3] NCCL INFO RAS client listening socket at ::1<28028>
MOC-R4PCC04U05:49254:49331 [1] NCCL INFO DMA-BUF is available on GPU device 1
MOC-R4PCC04U05:49254:49331 [1] NCCL INFO ncclCommInitRankConfig comm 0x561cec9aff90 rank 1 nranks 8 cudaDev 1 nvmlDev 1 busId 26000 commId 0x673a35e50cb9f32a - Init START
MOC-R4PCC04U05:49254:49331 [1] NCCL INFO RAS client listening socket at ::1<28028>
MOC-R4PCC04U05:49255:49328 [2] NCCL INFO RAS client listening socket at ::1<28028>
MOC-R4PCC04U05:49253:49324 [0] NCCL INFO RAS client listening socket at ::1<28028>
MOC-R4PCC04U05:49254:49331 [1] NCCL INFO Bootstrap timings total 0.002841 (create 0.000094, send 0.000192, recv 0.000400, ring 0.000922, delay 0.000000)
MOC-R4PCC04U05:49253:49324 [0] NCCL INFO Bootstrap timings total 2.099060 (create 0.000146, send 0.000253, recv 2.096550, ring 0.000717, delay 0.000001)
MOC-R4PCC04U05:49255:49328 [2] NCCL INFO Bootstrap timings total 0.342520 (create 0.000157, send 0.000299, recv 0.000350, ring 0.000703, delay 0.000001)
MOC-R4PCC04U05:49256:49327 [3] NCCL INFO Bootstrap timings total 0.423222 (create 0.000154, send 0.000265, recv 0.000367, ring 0.340382, delay 0.000001)
MOC-R4PCC04U05:49254:49331 [1] NCCL INFO NCCL_NET_GDR_LEVEL set by environment to LOC
MOC-R4PCC04U05:49254:49331 [1] NCCL INFO Setting affinity for GPU 1 to ffffffff,ffffffff,ffffffff,ffffffff,00000000,00000000,00000000,00000000,ffffffff,ffffffff,ffffffff,ffffffff
MOC-R4PCC04U05:49254:49331 [1] NCCL INFO NVLS multicast support is not available on dev 1
MOC-R4PCC04U05:49255:49328 [2] NCCL INFO NCCL_NET_GDR_LEVEL set by environment to LOC
MOC-R4PCC04U05:49253:49324 [0] NCCL INFO NCCL_NET_GDR_LEVEL set by environment to LOC
MOC-R4PCC04U05:49255:49328 [2] NCCL INFO Setting affinity for GPU 2 to ffffffff,ffffffff,ffffffff,ffffffff,00000000,00000000,00000000,00000000,ffffffff,ffffffff,ffffffff,ffffffff,00000000,00000000,00000000,00000000
MOC-R4PCC04U05:49255:49328 [2] NCCL INFO NVLS multicast support is not available on dev 2
MOC-R4PCC04U05:49253:49324 [0] NCCL INFO Setting affinity for GPU 0 to ffffffff,ffffffff,ffffffff,ffffffff,00000000,00000000,00000000,00000000,ffffffff,ffffffff,ffffffff,ffffffff
MOC-R4PCC04U05:49253:49324 [0] NCCL INFO NVLS multicast support is not available on dev 0
MOC-R4PCC04U05:49256:49327 [3] NCCL INFO NCCL_NET_GDR_LEVEL set by environment to LOC
MOC-R4PCC04U05:49256:49327 [3] NCCL INFO Setting affinity for GPU 3 to ffffffff,ffffffff,ffffffff,ffffffff,00000000,00000000,00000000,00000000,ffffffff,ffffffff,ffffffff,ffffffff,00000000,00000000,00000000,00000000
MOC-R4PCC04U05:49256:49327 [3] NCCL INFO NVLS multicast support is not available on dev 3
MOC-R4PCC04U05:49256:49327 [3] NCCL INFO comm 0x55c0d35f2e60 rank 3 nRanks 8 nNodes 2 localRanks 4 localRank 3 MNNVL 0
MOC-R4PCC04U05:49254:49331 [1] NCCL INFO comm 0x561cec9aff90 rank 1 nRanks 8 nNodes 2 localRanks 4 localRank 1 MNNVL 0
MOC-R4PCC04U05:49255:49328 [2] NCCL INFO comm 0x563452a3bc50 rank 2 nRanks 8 nNodes 2 localRanks 4 localRank 2 MNNVL 0
MOC-R4PCC04U05:49253:49324 [0] NCCL INFO comm 0x55d70ebced80 rank 0 nRanks 8 nNodes 2 localRanks 4 localRank 0 MNNVL 0
MOC-R4PCC04U05:49256:49327 [3] NCCL INFO Trees [0] 0/7/-1->3->-1 [1] 0/7/-1->3->-1 [2] 0/-1/-1->3->7 [3] 0/-1/-1->3->7
MOC-R4PCC04U05:49254:49331 [1] NCCL INFO Trees [0] 2/-1/-1->1->0 [1] 2/-1/-1->1->0 [2] 2/-1/-1->1->0 [3] 2/-1/-1->1->0
MOC-R4PCC04U05:49256:49327 [3] NCCL INFO P2P Chunksize set to 131072
MOC-R4PCC04U05:49254:49331 [1] NCCL INFO P2P Chunksize set to 131072
MOC-R4PCC04U05:49255:49328 [2] NCCL INFO Trees [0] -1/-1/-1->2->1 [1] -1/-1/-1->2->1 [2] -1/-1/-1->2->1 [3] -1/-1/-1->2->1
MOC-R4PCC04U05:49255:49328 [2] NCCL INFO P2P Chunksize set to 131072
MOC-R4PCC04U05:49253:49324 [0] NCCL INFO Channel 00/04 : 0 3 6 5 4 7 2 1
MOC-R4PCC04U05:49253:49324 [0] NCCL INFO Channel 01/04 : 0 2 7 5 4 6 3 1
MOC-R4PCC04U05:49253:49324 [0] NCCL INFO Channel 02/04 : 0 3 6 5 4 7 2 1
MOC-R4PCC04U05:49253:49324 [0] NCCL INFO Channel 03/04 : 0 2 7 5 4 6 3 1
MOC-R4PCC04U05:49253:49324 [0] NCCL INFO Trees [0] 1/-1/-1->0->3 [1] 1/-1/-1->0->3 [2] 1/-1/-1->0->3 [3] 1/-1/-1->0->3
MOC-R4PCC04U05:49253:49324 [0] NCCL INFO P2P Chunksize set to 131072
MOC-R4PCC04U05:49253:49324 [0] NCCL INFO Check P2P Type intraNodeP2pSupport 1 directMode 0
MOC-R4PCC04U05:49254:49343 [1] NCCL INFO [Proxy Service] Device 1 CPU core 287
MOC-R4PCC04U05:49254:49346 [1] NCCL INFO [Proxy Service UDS] Device 1 CPU core 295
MOC-R4PCC04U05:49256:49344 [3] NCCL INFO [Proxy Service] Device 3 CPU core 215
MOC-R4PCC04U05:49255:49348 [2] NCCL INFO [Proxy Service UDS] Device 2 CPU core 216
MOC-R4PCC04U05:49255:49345 [2] NCCL INFO [Proxy Service] Device 2 CPU core 207
MOC-R4PCC04U05:49253:49350 [0] NCCL INFO [Proxy Service UDS] Device 0 CPU core 54
MOC-R4PCC04U05:49256:49349 [3] NCCL INFO [Proxy Service UDS] Device 3 CPU core 216
MOC-R4PCC04U05:49253:49347 [0] NCCL INFO [Proxy Service] Device 0 CPU core 296
MOC-R4PCC04U05:49255:49328 [2] NCCL INFO threadThresholds 8/8/64 | 64/8/64 | 512 | 512
MOC-R4PCC04U05:49255:49328 [2] NCCL INFO 4 coll channels, 4 collnet channels, 0 nvls channels, 4 p2p channels, 2 p2p channels per peer
MOC-R4PCC04U05:49254:49331 [1] NCCL INFO threadThresholds 8/8/64 | 64/8/64 | 512 | 512
MOC-R4PCC04U05:49254:49331 [1] NCCL INFO 4 coll channels, 4 collnet channels, 0 nvls channels, 4 p2p channels, 2 p2p channels per peer
MOC-R4PCC04U05:49256:49327 [3] NCCL INFO threadThresholds 8/8/64 | 64/8/64 | 512 | 512
MOC-R4PCC04U05:49256:49327 [3] NCCL INFO 4 coll channels, 4 collnet channels, 0 nvls channels, 4 p2p channels, 2 p2p channels per peer
MOC-R4PCC04U05:49253:49324 [0] NCCL INFO threadThresholds 8/8/64 | 64/8/64 | 512 | 512
MOC-R4PCC04U05:49253:49324 [0] NCCL INFO 4 coll channels, 4 collnet channels, 0 nvls channels, 4 p2p channels, 2 p2p channels per peer
MOC-R4PCC04U05:49253:49324 [0] NCCL INFO CC Off, workFifoBytes 1048576
MOC-R4PCC04U05:49255:49328 [2] NCCL INFO TUNER/Plugin: Could not find: libnccl-tuner.so. Using internal tuner plugin.
MOC-R4PCC04U05:49255:49328 [2] NCCL INFO ncclCommInitRankConfig comm 0x563452a3bc50 rank 2 nranks 8 cudaDev 2 nvmlDev 2 busId a6000 commId 0x673a35e50cb9f32a - Init COMPLETE
MOC-R4PCC04U05:49255:49328 [2] NCCL INFO Init timings - ncclCommInitRankConfig: rank 2 nranks 8 total 3.60 (kernels 0.84, alloc 1.58, bootstrap 0.34, allgathers 0.01, topo 0.75, graphs 0.00, connections 0.02, rest 0.04)
MOC-R4PCC04U05:49254:49331 [1] NCCL INFO TUNER/Plugin: Could not find: libnccl-tuner.so. Using internal tuner plugin.
MOC-R4PCC04U05:49254:49331 [1] NCCL INFO ncclCommInitRankConfig comm 0x561cec9aff90 rank 1 nranks 8 cudaDev 1 nvmlDev 1 busId 26000 commId 0x673a35e50cb9f32a - Init COMPLETE
MOC-R4PCC04U05:49256:49327 [3] NCCL INFO TUNER/Plugin: Could not find: libnccl-tuner.so. Using internal tuner plugin.
MOC-R4PCC04U05:49254:49331 [1] NCCL INFO Init timings - ncclCommInitRankConfig: rank 1 nranks 8 total 2.92 (kernels 0.79, alloc 1.30, bootstrap 0.00, allgathers 0.02, topo 0.75, graphs 0.00, connections 0.02, rest 0.04)
MOC-R4PCC04U05:49256:49327 [3] NCCL INFO ncclCommInitRankConfig comm 0x55c0d35f2e60 rank 3 nranks 8 cudaDev 3 nvmlDev 3 busId c6000 commId 0x673a35e50cb9f32a - Init COMPLETE
MOC-R4PCC04U05:49256:49327 [3] NCCL INFO Init timings - ncclCommInitRankConfig: rank 3 nranks 8 total 3.60 (kernels 0.84, alloc 1.50, bootstrap 0.42, allgathers 0.01, topo 0.76, graphs 0.00, connections 0.02, rest 0.04)
MOC-R4PCC04U05:49253:49324 [0] NCCL INFO TUNER/Plugin: Could not find: libnccl-tuner.so. Using internal tuner plugin.
MOC-R4PCC04U05:49253:49324 [0] NCCL INFO ncclCommInitRankConfig comm 0x55d70ebced80 rank 0 nranks 8 cudaDev 0 nvmlDev 0 busId 6000 commId 0x673a35e50cb9f32a - Init COMPLETE
MOC-R4PCC04U05:49253:49324 [0] NCCL INFO Init timings - ncclCommInitRankConfig: rank 0 nranks 8 total 3.95 (kernels 0.31, alloc 0.71, bootstrap 2.10, allgathers 0.01, topo 0.75, graphs 0.00, connections 0.06, rest 0.00)
MOC-R4PCC04U05:49253:49354 [0] NCCL INFO Channel 01/0 : 0[0] -> 2[2] via P2P/CUMEM
MOC-R4PCC04U05:49253:49354 [0] NCCL INFO Channel 03/0 : 0[0] -> 2[2] via P2P/CUMEM
MOC-R4PCC04U05:49253:49354 [0] NCCL INFO Channel 00/0 : 0[0] -> 3[3] via P2P/CUMEM
MOC-R4PCC04U05:49253:49354 [0] NCCL INFO Channel 02/0 : 0[0] -> 3[3] via P2P/CUMEM
MOC-R4PCC04U05:49256:49355 [3] NCCL INFO [Proxy Progress] Device 3 CPU core 194
MOC-R4PCC04U05:49256:49352 [3] NCCL INFO Channel 00/0 : 3[3] -> 6[2] [send] via NET/IB/1
MOC-R4PCC04U05:49256:49352 [3] NCCL INFO Channel 02/0 : 3[3] -> 6[2] [send] via NET/IB/1
MOC-R4PCC04U05:49256:49352 [3] NCCL INFO Channel 01/0 : 6[2] -> 3[3] [receive] via NET/IB/1
MOC-R4PCC04U05:49256:49352 [3] NCCL INFO Channel 03/0 : 6[2] -> 3[3] [receive] via NET/IB/1
MOC-R4PCC04U05:49256:49352 [3] NCCL INFO Channel 01/0 : 3[3] -> 1[1] via P2P/CUMEM
MOC-R4PCC04U05:49256:49352 [3] NCCL INFO Channel 03/0 : 3[3] -> 1[1] via P2P/CUMEM
MOC-R4PCC04U05:49255:49356 [2] NCCL INFO [Proxy Progress] Device 2 CPU core 216
MOC-R4PCC04U05:49254:49351 [1] NCCL INFO Channel 00/0 : 1[1] -> 0[0] via P2P/CUMEM
MOC-R4PCC04U05:49255:49353 [2] NCCL INFO Channel 00/0 : 7[3] -> 2[2] [receive] via NET/IB/1
MOC-R4PCC04U05:49255:49353 [2] NCCL INFO Channel 02/0 : 7[3] -> 2[2] [receive] via NET/IB/1
MOC-R4PCC04U05:49255:49353 [2] NCCL INFO Channel 01/0 : 2[2] -> 7[3] [send] via NET/IB/1
MOC-R4PCC04U05:49255:49353 [2] NCCL INFO Channel 03/0 : 2[2] -> 7[3] [send] via NET/IB/1
MOC-R4PCC04U05:49255:49353 [2] NCCL INFO Channel 00/0 : 2[2] -> 1[1] via P2P/CUMEM
MOC-R4PCC04U05:49254:49351 [1] NCCL INFO Channel 01/0 : 1[1] -> 0[0] via P2P/CUMEM
MOC-R4PCC04U05:49255:49353 [2] NCCL INFO Channel 02/0 : 2[2] -> 1[1] via P2P/CUMEM
MOC-R4PCC04U05:49254:49351 [1] NCCL INFO Channel 02/0 : 1[1] -> 0[0] via P2P/CUMEM
MOC-R4PCC04U05:49254:49351 [1] NCCL INFO Channel 03/0 : 1[1] -> 0[0] via P2P/CUMEM
MOC-R4PCC04U05:49256:49352 [3] NCCL INFO Connected all rings, use ring PXN 0 GDR 0
MOC-R4PCC04U05:49253:49354 [0] NCCL INFO Connected all rings, use ring PXN 0 GDR 0
MOC-R4PCC04U05:49254:49351 [1] NCCL INFO Connected all rings, use ring PXN 0 GDR 0
MOC-R4PCC04U05:49255:49353 [2] NCCL INFO Connected all rings, use ring PXN 0 GDR 0
num decayed parameter tensors: 50, with 124,318,464 parameters
num non-decayed parameter tensors: 98, with 121,344 parameters
using fused AdamW: False
using regular AdamW
MOC-R4PCC04U05:49254:50049 [1] NCCL INFO Channel 00/0 : 1[1] -> 2[2] via P2P/CUMEM
MOC-R4PCC04U05:49254:50049 [1] NCCL INFO Channel 01/0 : 1[1] -> 2[2] via P2P/CUMEM
MOC-R4PCC04U05:49254:50049 [1] NCCL INFO Channel 02/0 : 1[1] -> 2[2] via P2P/CUMEM
MOC-R4PCC04U05:49254:50049 [1] NCCL INFO Channel 03/0 : 1[1] -> 2[2] via P2P/CUMEM
MOC-R4PCC04U05:49255:50050 [2] NCCL INFO Channel 01/0 : 2[2] -> 1[1] via P2P/CUMEM
MOC-R4PCC04U05:49255:50050 [2] NCCL INFO Channel 03/0 : 2[2] -> 1[1] via P2P/CUMEM
MOC-R4PCC04U05:49253:50051 [0] NCCL INFO Channel 00/0 : 0[0] -> 1[1] via P2P/CUMEM
MOC-R4PCC04U05:49253:50051 [0] NCCL INFO Channel 01/0 : 0[0] -> 1[1] via P2P/CUMEM
MOC-R4PCC04U05:49253:50051 [0] NCCL INFO Channel 02/0 : 0[0] -> 1[1] via P2P/CUMEM
MOC-R4PCC04U05:49253:50051 [0] NCCL INFO Channel 03/0 : 0[0] -> 1[1] via P2P/CUMEM
MOC-R4PCC04U05:49253:50051 [0] NCCL INFO Channel 01/0 : 0[0] -> 3[3] via P2P/CUMEM
MOC-R4PCC04U05:49253:50051 [0] NCCL INFO Channel 03/0 : 0[0] -> 3[3] via P2P/CUMEM
MOC-R4PCC04U05:49256:50048 [3] NCCL INFO Channel 00/0 : 7[3] -> 3[3] [receive] via NET/IB/1
MOC-R4PCC04U05:49256:50048 [3] NCCL INFO Channel 01/0 : 7[3] -> 3[3] [receive] via NET/IB/1
MOC-R4PCC04U05:49256:50048 [3] NCCL INFO Channel 02/0 : 7[3] -> 3[3] [receive] via NET/IB/1
MOC-R4PCC04U05:49256:50048 [3] NCCL INFO Channel 03/0 : 7[3] -> 3[3] [receive] via NET/IB/1
MOC-R4PCC04U05:49256:50048 [3] NCCL INFO Channel 00/0 : 3[3] -> 7[3] [send] via NET/IB/1
MOC-R4PCC04U05:49256:50048 [3] NCCL INFO Channel 01/0 : 3[3] -> 7[3] [send] via NET/IB/1
MOC-R4PCC04U05:49256:50048 [3] NCCL INFO Channel 02/0 : 3[3] -> 7[3] [send] via NET/IB/1
MOC-R4PCC04U05:49256:50048 [3] NCCL INFO Channel 03/0 : 3[3] -> 7[3] [send] via NET/IB/1
MOC-R4PCC04U05:49256:50048 [3] NCCL INFO Channel 00/0 : 3[3] -> 0[0] via P2P/CUMEM
MOC-R4PCC04U05:49256:50048 [3] NCCL INFO Channel 01/0 : 3[3] -> 0[0] via P2P/CUMEM
MOC-R4PCC04U05:49256:50048 [3] NCCL INFO Channel 02/0 : 3[3] -> 0[0] via P2P/CUMEM
MOC-R4PCC04U05:49256:50048 [3] NCCL INFO Channel 03/0 : 3[3] -> 0[0] via P2P/CUMEM
MOC-R4PCC04U05:49254:50049 [1] NCCL INFO Connected all trees
MOC-R4PCC04U05:49255:50050 [2] NCCL INFO Connected all trees
MOC-R4PCC04U05:49256:50048 [3] NCCL INFO Connected all trees
MOC-R4PCC04U05:49253:50051 [0] NCCL INFO Connected all trees
step    1/10 | train loss 11.008537 | norm 15.8514 | lr 1.00e-04 | (14091.08 ms | 18604 tok/s)
step    2/10 | train loss 10.116472 | norm 5.8733 | lr 1.00e-04 | (111.01 ms | 2361428 tok/s)
step    3/10 | train loss 9.765999 | norm 2.6306 | lr 1.00e-04 | (182.11 ms | 1439521 tok/s)
step    4/10 | train loss 9.596254 | norm 2.1069 | lr 1.00e-04 | (116.53 ms | 2249534 tok/s)
step    5/10 | train loss 9.513395 | norm 2.1000 | lr 1.00e-04 | (107.56 ms | 2437153 tok/s)
step    6/10 | train loss 9.431206 | norm 1.9935 | lr 1.00e-04 | (137.62 ms | 1904876 tok/s)
step    7/10 | train loss 9.345897 | norm 1.9369 | lr 1.00e-04 | (106.82 ms | 2454031 tok/s)
step    8/10 | train loss 9.256420 | norm 1.9010 | lr 1.00e-04 | (184.12 ms | 1423782 tok/s)
step    9/10 | train loss 9.164141 | norm 1.8592 | lr 1.00e-04 | (107.37 ms | 2441574 tok/s)
step   10/10 | train loss 9.071947 | norm 1.7839 | lr 1.00e-04 | (125.23 ms | 2093359 tok/s)
final 9 iters avg: 130.929ms
peak memory consumption: 16121 MiB
MOC-R4PCC04U05:49254:50056 [1] NCCL INFO comm 0x561cec9aff90 rank 1 nranks 8 cudaDev 1 busId 26000 - Destroy COMPLETE
MOC-R4PCC04U05:49256:50057 [3] NCCL INFO comm 0x55c0d35f2e60 rank 3 nranks 8 cudaDev 3 busId c6000 - Destroy COMPLETE
MOC-R4PCC04U05:49253:50059 [0] NCCL INFO comm 0x55d70ebced80 rank 0 nranks 8 cudaDev 0 busId 6000 - Destroy COMPLETE
MOC-R4PCC04U05:49255:50058 [2] NCCL INFO comm 0x563452a3bc50 rank 2 nranks 8 cudaDev 2 busId a6000 - Destroy COMPLETE
