Running pytorch 2.7.0+cu126
using device: cuda:0
total desired batch size: 2097152
=> calculated gradient accumulation steps: 8
using device: cuda:3
using device: cuda:2
using device: cuda:1
compiling the model...
DataLoader: total number of tokens: 1,661,249,667 across 103 files
MOC-R4PCC04U05:55173:55173 [0] NCCL INFO NCCL_SOCKET_IFNAME set by environment to eno7np0
MOC-R4PCC04U05:55173:55173 [0] NCCL INFO Bootstrap: Using eno7np0:192.168.50.193<0>
MOC-R4PCC04U05:55173:55173 [0] NCCL INFO cudaDriverVersion 12040
MOC-R4PCC04U05:55173:55173 [0] NCCL INFO NCCL version 2.26.2+cuda12.2
MOC-R4PCC04U05:55173:55173 [0] NCCL INFO Comm config Blocking set to 1
MOC-R4PCC04U05:55175:55175 [2] NCCL INFO cudaDriverVersion 12040
MOC-R4PCC04U05:55175:55175 [2] NCCL INFO NCCL_SOCKET_IFNAME set by environment to eno7np0
MOC-R4PCC04U05:55175:55175 [2] NCCL INFO Bootstrap: Using eno7np0:192.168.50.193<0>
MOC-R4PCC04U05:55175:55175 [2] NCCL INFO NCCL version 2.26.2+cuda12.2
MOC-R4PCC04U05:55174:55174 [1] NCCL INFO cudaDriverVersion 12040
MOC-R4PCC04U05:55174:55174 [1] NCCL INFO NCCL_SOCKET_IFNAME set by environment to eno7np0
MOC-R4PCC04U05:55176:55176 [3] NCCL INFO cudaDriverVersion 12040
MOC-R4PCC04U05:55176:55176 [3] NCCL INFO NCCL_SOCKET_IFNAME set by environment to eno7np0
MOC-R4PCC04U05:55175:55175 [2] NCCL INFO Comm config Blocking set to 1
MOC-R4PCC04U05:55174:55174 [1] NCCL INFO Bootstrap: Using eno7np0:192.168.50.193<0>
MOC-R4PCC04U05:55174:55174 [1] NCCL INFO NCCL version 2.26.2+cuda12.2
MOC-R4PCC04U05:55176:55176 [3] NCCL INFO Bootstrap: Using eno7np0:192.168.50.193<0>
MOC-R4PCC04U05:55176:55176 [3] NCCL INFO NCCL version 2.26.2+cuda12.2
MOC-R4PCC04U05:55176:55176 [3] NCCL INFO Comm config Blocking set to 1
MOC-R4PCC04U05:55174:55174 [1] NCCL INFO Comm config Blocking set to 1
MOC-R4PCC04U05:55173:55214 [0] NCCL INFO NET/Plugin: Could not find: libnccl-net.so. Using internal net plugin.
MOC-R4PCC04U05:55173:55214 [0] NCCL INFO NCCL_IB_DISABLE set by environment to 0.
MOC-R4PCC04U05:55173:55214 [0] NCCL INFO NCCL_SOCKET_IFNAME set by environment to eno7np0
MOC-R4PCC04U05:55173:55214 [0] NCCL INFO NCCL_IB_HCA set to mlx5_5
MOC-R4PCC04U05:55175:55215 [2] NCCL INFO NET/Plugin: Could not find: libnccl-net.so. Using internal net plugin.
MOC-R4PCC04U05:55175:55215 [2] NCCL INFO NCCL_IB_DISABLE set by environment to 0.
MOC-R4PCC04U05:55175:55215 [2] NCCL INFO NCCL_SOCKET_IFNAME set by environment to eno7np0
MOC-R4PCC04U05:55175:55215 [2] NCCL INFO NCCL_IB_HCA set to mlx5_5
MOC-R4PCC04U05:55176:55216 [3] NCCL INFO NET/Plugin: Could not find: libnccl-net.so. Using internal net plugin.
MOC-R4PCC04U05:55176:55216 [3] NCCL INFO NCCL_IB_DISABLE set by environment to 0.
MOC-R4PCC04U05:55176:55216 [3] NCCL INFO NCCL_SOCKET_IFNAME set by environment to eno7np0
MOC-R4PCC04U05:55174:55217 [1] NCCL INFO NET/Plugin: Could not find: libnccl-net.so. Using internal net plugin.
MOC-R4PCC04U05:55174:55217 [1] NCCL INFO NCCL_IB_DISABLE set by environment to 0.
MOC-R4PCC04U05:55176:55216 [3] NCCL INFO NCCL_IB_HCA set to mlx5_5
MOC-R4PCC04U05:55174:55217 [1] NCCL INFO NCCL_SOCKET_IFNAME set by environment to eno7np0
MOC-R4PCC04U05:55174:55217 [1] NCCL INFO NCCL_IB_HCA set to mlx5_5
MOC-R4PCC04U05:55173:55214 [0] NCCL INFO NET/IB : Using [0]mlx5_5:1/RoCE [RO]; OOB eno7np0:192.168.50.193<0>
MOC-R4PCC04U05:55173:55214 [0] NCCL INFO PROFILER/Plugin: Could not find: libnccl-profiler.so. 
MOC-R4PCC04U05:55173:55214 [0] NCCL INFO Using network IB
MOC-R4PCC04U05:55175:55215 [2] NCCL INFO NET/IB : Using [0]mlx5_5:1/RoCE [RO]; OOB eno7np0:192.168.50.193<0>
MOC-R4PCC04U05:55175:55215 [2] NCCL INFO PROFILER/Plugin: Could not find: libnccl-profiler.so. 
MOC-R4PCC04U05:55175:55215 [2] NCCL INFO Using network IB
MOC-R4PCC04U05:55174:55217 [1] NCCL INFO NET/IB : Using [0]mlx5_5:1/RoCE [RO]; OOB eno7np0:192.168.50.193<0>
MOC-R4PCC04U05:55176:55216 [3] NCCL INFO NET/IB : Using [0]mlx5_5:1/RoCE [RO]; OOB eno7np0:192.168.50.193<0>
MOC-R4PCC04U05:55174:55217 [1] NCCL INFO PROFILER/Plugin: Could not find: libnccl-profiler.so. 
MOC-R4PCC04U05:55174:55217 [1] NCCL INFO Using network IB
MOC-R4PCC04U05:55176:55216 [3] NCCL INFO PROFILER/Plugin: Could not find: libnccl-profiler.so. 
MOC-R4PCC04U05:55176:55216 [3] NCCL INFO Using network IB
MOC-R4PCC04U05:55173:55214 [0] NCCL INFO DMA-BUF is available on GPU device 0
MOC-R4PCC04U05:55175:55215 [2] NCCL INFO DMA-BUF is available on GPU device 2
MOC-R4PCC04U05:55173:55214 [0] NCCL INFO ncclCommInitRankConfig comm 0x5569085fafb0 rank 0 nranks 8 cudaDev 0 nvmlDev 0 busId 6000 commId 0xfa84042ed365a274 - Init START
MOC-R4PCC04U05:55176:55216 [3] NCCL INFO DMA-BUF is available on GPU device 3
MOC-R4PCC04U05:55174:55217 [1] NCCL INFO DMA-BUF is available on GPU device 1
MOC-R4PCC04U05:55175:55215 [2] NCCL INFO ncclCommInitRankConfig comm 0x557e49ec8f70 rank 2 nranks 8 cudaDev 2 nvmlDev 2 busId a6000 commId 0xfa84042ed365a274 - Init START
MOC-R4PCC04U05:55176:55216 [3] NCCL INFO ncclCommInitRankConfig comm 0x5613bcae1a10 rank 3 nranks 8 cudaDev 3 nvmlDev 3 busId c6000 commId 0xfa84042ed365a274 - Init START
MOC-R4PCC04U05:55174:55217 [1] NCCL INFO ncclCommInitRankConfig comm 0x562fb023be90 rank 1 nranks 8 cudaDev 1 nvmlDev 1 busId 26000 commId 0xfa84042ed365a274 - Init START
MOC-R4PCC04U05:55174:55217 [1] NCCL INFO RAS client listening socket at ::1<28028>
MOC-R4PCC04U05:55175:55215 [2] NCCL INFO RAS client listening socket at ::1<28028>
MOC-R4PCC04U05:55176:55216 [3] NCCL INFO RAS client listening socket at ::1<28028>
MOC-R4PCC04U05:55173:55214 [0] NCCL INFO RAS client listening socket at ::1<28028>
MOC-R4PCC04U05:55176:55216 [3] NCCL INFO Bootstrap timings total 0.057499 (create 0.000160, send 0.000285, recv 0.053006, ring 0.002503, delay 0.000001)
MOC-R4PCC04U05:55173:55214 [0] NCCL INFO Bootstrap timings total 0.077780 (create 0.000100, send 0.000273, recv 0.020791, ring 0.002163, delay 0.000000)
MOC-R4PCC04U05:55174:55217 [1] NCCL INFO Bootstrap timings total 0.057617 (create 0.000158, send 0.000257, recv 0.000649, ring 0.055331, delay 0.000001)
MOC-R4PCC04U05:55175:55215 [2] NCCL INFO Bootstrap timings total 0.057852 (create 0.000168, send 0.000303, recv 0.000466, ring 0.055318, delay 0.000001)
MOC-R4PCC04U05:55173:55214 [0] NCCL INFO NCCL_NET_GDR_LEVEL set by environment to LOC
MOC-R4PCC04U05:55173:55214 [0] NCCL INFO Setting affinity for GPU 0 to ffffffff,ffffffff,ffffffff,ffffffff,00000000,00000000,00000000,00000000,ffffffff,ffffffff,ffffffff,ffffffff
MOC-R4PCC04U05:55173:55214 [0] NCCL INFO NVLS multicast support is not available on dev 0
MOC-R4PCC04U05:55174:55217 [1] NCCL INFO NCCL_NET_GDR_LEVEL set by environment to LOC
MOC-R4PCC04U05:55174:55217 [1] NCCL INFO Setting affinity for GPU 1 to ffffffff,ffffffff,ffffffff,ffffffff,00000000,00000000,00000000,00000000,ffffffff,ffffffff,ffffffff,ffffffff
MOC-R4PCC04U05:55176:55216 [3] NCCL INFO NCCL_NET_GDR_LEVEL set by environment to LOC
MOC-R4PCC04U05:55174:55217 [1] NCCL INFO NVLS multicast support is not available on dev 1
MOC-R4PCC04U05:55176:55216 [3] NCCL INFO Setting affinity for GPU 3 to ffffffff,ffffffff,ffffffff,ffffffff,00000000,00000000,00000000,00000000,ffffffff,ffffffff,ffffffff,ffffffff,00000000,00000000,00000000,00000000
MOC-R4PCC04U05:55176:55216 [3] NCCL INFO NVLS multicast support is not available on dev 3
MOC-R4PCC04U05:55175:55215 [2] NCCL INFO NCCL_NET_GDR_LEVEL set by environment to LOC
MOC-R4PCC04U05:55175:55215 [2] NCCL INFO Setting affinity for GPU 2 to ffffffff,ffffffff,ffffffff,ffffffff,00000000,00000000,00000000,00000000,ffffffff,ffffffff,ffffffff,ffffffff,00000000,00000000,00000000,00000000
MOC-R4PCC04U05:55175:55215 [2] NCCL INFO NVLS multicast support is not available on dev 2
MOC-R4PCC04U05:55176:55216 [3] NCCL INFO comm 0x5613bcae1a10 rank 3 nRanks 8 nNodes 2 localRanks 4 localRank 3 MNNVL 0
MOC-R4PCC04U05:55175:55215 [2] NCCL INFO comm 0x557e49ec8f70 rank 2 nRanks 8 nNodes 2 localRanks 4 localRank 2 MNNVL 0
MOC-R4PCC04U05:55174:55217 [1] NCCL INFO comm 0x562fb023be90 rank 1 nRanks 8 nNodes 2 localRanks 4 localRank 1 MNNVL 0
MOC-R4PCC04U05:55173:55214 [0] NCCL INFO comm 0x5569085fafb0 rank 0 nRanks 8 nNodes 2 localRanks 4 localRank 0 MNNVL 0
MOC-R4PCC04U05:55176:55216 [3] NCCL INFO Trees [0] 0/7/-1->3->-1 [1] 0/7/-1->3->-1 [2] 0/-1/-1->3->7 [3] 0/-1/-1->3->7
MOC-R4PCC04U05:55176:55216 [3] NCCL INFO P2P Chunksize set to 131072
MOC-R4PCC04U05:55173:55214 [0] NCCL INFO Channel 00/04 : 0 3 6 5 4 7 2 1
MOC-R4PCC04U05:55175:55215 [2] NCCL INFO Trees [0] -1/-1/-1->2->1 [1] -1/-1/-1->2->1 [2] -1/-1/-1->2->1 [3] -1/-1/-1->2->1
MOC-R4PCC04U05:55173:55214 [0] NCCL INFO Channel 01/04 : 0 2 7 5 4 6 3 1
MOC-R4PCC04U05:55175:55215 [2] NCCL INFO P2P Chunksize set to 131072
MOC-R4PCC04U05:55173:55214 [0] NCCL INFO Channel 02/04 : 0 3 6 5 4 7 2 1
MOC-R4PCC04U05:55173:55214 [0] NCCL INFO Channel 03/04 : 0 2 7 5 4 6 3 1
MOC-R4PCC04U05:55173:55214 [0] NCCL INFO Trees [0] 1/-1/-1->0->3 [1] 1/-1/-1->0->3 [2] 1/-1/-1->0->3 [3] 1/-1/-1->0->3
MOC-R4PCC04U05:55173:55214 [0] NCCL INFO P2P Chunksize set to 131072
MOC-R4PCC04U05:55174:55217 [1] NCCL INFO Trees [0] 2/-1/-1->1->0 [1] 2/-1/-1->1->0 [2] 2/-1/-1->1->0 [3] 2/-1/-1->1->0
MOC-R4PCC04U05:55174:55217 [1] NCCL INFO P2P Chunksize set to 131072
MOC-R4PCC04U05:55173:55214 [0] NCCL INFO Check P2P Type intraNodeP2pSupport 1 directMode 0
MOC-R4PCC04U05:55176:55230 [3] NCCL INFO [Proxy Service] Device 3 CPU core 447
MOC-R4PCC04U05:55173:55231 [0] NCCL INFO [Proxy Service] Device 0 CPU core 287
MOC-R4PCC04U05:55175:55232 [2] NCCL INFO [Proxy Service] Device 2 CPU core 471
MOC-R4PCC04U05:55173:55235 [0] NCCL INFO [Proxy Service UDS] Device 0 CPU core 52
MOC-R4PCC04U05:55174:55237 [1] NCCL INFO [Proxy Service UDS] Device 1 CPU core 318
MOC-R4PCC04U05:55176:55234 [3] NCCL INFO [Proxy Service UDS] Device 3 CPU core 455
MOC-R4PCC04U05:55175:55236 [2] NCCL INFO [Proxy Service UDS] Device 2 CPU core 474
MOC-R4PCC04U05:55174:55233 [1] NCCL INFO [Proxy Service] Device 1 CPU core 35
MOC-R4PCC04U05:55175:55215 [2] NCCL INFO threadThresholds 8/8/64 | 64/8/64 | 512 | 512
MOC-R4PCC04U05:55175:55215 [2] NCCL INFO 4 coll channels, 4 collnet channels, 0 nvls channels, 4 p2p channels, 2 p2p channels per peer
MOC-R4PCC04U05:55176:55216 [3] NCCL INFO threadThresholds 8/8/64 | 64/8/64 | 512 | 512
MOC-R4PCC04U05:55176:55216 [3] NCCL INFO 4 coll channels, 4 collnet channels, 0 nvls channels, 4 p2p channels, 2 p2p channels per peer
MOC-R4PCC04U05:55174:55217 [1] NCCL INFO threadThresholds 8/8/64 | 64/8/64 | 512 | 512
MOC-R4PCC04U05:55174:55217 [1] NCCL INFO 4 coll channels, 4 collnet channels, 0 nvls channels, 4 p2p channels, 2 p2p channels per peer
MOC-R4PCC04U05:55173:55214 [0] NCCL INFO threadThresholds 8/8/64 | 64/8/64 | 512 | 512
MOC-R4PCC04U05:55173:55214 [0] NCCL INFO 4 coll channels, 4 collnet channels, 0 nvls channels, 4 p2p channels, 2 p2p channels per peer
MOC-R4PCC04U05:55173:55214 [0] NCCL INFO CC Off, workFifoBytes 1048576
MOC-R4PCC04U05:55176:55216 [3] NCCL INFO TUNER/Plugin: Could not find: libnccl-tuner.so. Using internal tuner plugin.
MOC-R4PCC04U05:55176:55216 [3] NCCL INFO ncclCommInitRankConfig comm 0x5613bcae1a10 rank 3 nranks 8 cudaDev 3 nvmlDev 3 busId c6000 commId 0xfa84042ed365a274 - Init COMPLETE
MOC-R4PCC04U05:55176:55216 [3] NCCL INFO Init timings - ncclCommInitRankConfig: rank 3 nranks 8 total 3.66 (kernels 0.31, alloc 2.34, bootstrap 0.06, allgathers 0.11, topo 0.78, graphs 0.00, connections 0.02, rest 0.04)
MOC-R4PCC04U05:55175:55215 [2] NCCL INFO TUNER/Plugin: Could not find: libnccl-tuner.so. Using internal tuner plugin.
MOC-R4PCC04U05:55175:55215 [2] NCCL INFO ncclCommInitRankConfig comm 0x557e49ec8f70 rank 2 nranks 8 cudaDev 2 nvmlDev 2 busId a6000 commId 0xfa84042ed365a274 - Init COMPLETE
MOC-R4PCC04U05:55175:55215 [2] NCCL INFO Init timings - ncclCommInitRankConfig: rank 2 nranks 8 total 3.66 (kernels 0.31, alloc 2.35, bootstrap 0.06, allgathers 0.11, topo 0.78, graphs 0.00, connections 0.02, rest 0.04)
MOC-R4PCC04U05:55173:55214 [0] NCCL INFO TUNER/Plugin: Could not find: libnccl-tuner.so. Using internal tuner plugin.
MOC-R4PCC04U05:55174:55217 [1] NCCL INFO TUNER/Plugin: Could not find: libnccl-tuner.so. Using internal tuner plugin.
MOC-R4PCC04U05:55173:55214 [0] NCCL INFO ncclCommInitRankConfig comm 0x5569085fafb0 rank 0 nranks 8 cudaDev 0 nvmlDev 0 busId 6000 commId 0xfa84042ed365a274 - Init COMPLETE
MOC-R4PCC04U05:55174:55217 [1] NCCL INFO ncclCommInitRankConfig comm 0x562fb023be90 rank 1 nranks 8 cudaDev 1 nvmlDev 1 busId 26000 commId 0xfa84042ed365a274 - Init COMPLETE
MOC-R4PCC04U05:55173:55214 [0] NCCL INFO Init timings - ncclCommInitRankConfig: rank 0 nranks 8 total 3.68 (kernels 0.31, alloc 2.34, bootstrap 0.08, allgathers 0.11, topo 0.77, graphs 0.00, connections 0.05, rest 0.00)
MOC-R4PCC04U05:55174:55217 [1] NCCL INFO Init timings - ncclCommInitRankConfig: rank 1 nranks 8 total 3.66 (kernels 0.31, alloc 2.34, bootstrap 0.06, allgathers 0.11, topo 0.78, graphs 0.00, connections 0.03, rest 0.03)
MOC-R4PCC04U05:55173:55238 [0] NCCL INFO Channel 01/0 : 0[0] -> 2[2] via P2P/CUMEM
MOC-R4PCC04U05:55173:55238 [0] NCCL INFO Channel 03/0 : 0[0] -> 2[2] via P2P/CUMEM
MOC-R4PCC04U05:55173:55238 [0] NCCL INFO Channel 00/0 : 0[0] -> 3[3] via P2P/CUMEM
MOC-R4PCC04U05:55176:55242 [3] NCCL INFO [Proxy Progress] Device 3 CPU core 447
MOC-R4PCC04U05:55176:55239 [3] NCCL INFO Channel 00/0 : 3[3] -> 6[2] [send] via NET/IB/1
MOC-R4PCC04U05:55176:55239 [3] NCCL INFO Channel 02/0 : 3[3] -> 6[2] [send] via NET/IB/1
MOC-R4PCC04U05:55175:55243 [2] NCCL INFO [Proxy Progress] Device 2 CPU core 471
MOC-R4PCC04U05:55175:55241 [2] NCCL INFO Channel 00/0 : 7[3] -> 2[2] [receive] via NET/IB/1
MOC-R4PCC04U05:55175:55241 [2] NCCL INFO Channel 02/0 : 7[3] -> 2[2] [receive] via NET/IB/1
MOC-R4PCC04U05:55175:55241 [2] NCCL INFO Channel 01/0 : 2[2] -> 7[3] [send] via NET/IB/1
MOC-R4PCC04U05:55175:55241 [2] NCCL INFO Channel 03/0 : 2[2] -> 7[3] [send] via NET/IB/1
MOC-R4PCC04U05:55175:55241 [2] NCCL INFO Channel 00/0 : 2[2] -> 1[1] via P2P/CUMEM
MOC-R4PCC04U05:55173:55238 [0] NCCL INFO Channel 02/0 : 0[0] -> 3[3] via P2P/CUMEM
MOC-R4PCC04U05:55175:55241 [2] NCCL INFO Channel 02/0 : 2[2] -> 1[1] via P2P/CUMEM
MOC-R4PCC04U05:55176:55239 [3] NCCL INFO Channel 01/0 : 6[2] -> 3[3] [receive] via NET/IB/1
MOC-R4PCC04U05:55176:55239 [3] NCCL INFO Channel 03/0 : 6[2] -> 3[3] [receive] via NET/IB/1
MOC-R4PCC04U05:55176:55239 [3] NCCL INFO Channel 01/0 : 3[3] -> 1[1] via P2P/CUMEM
MOC-R4PCC04U05:55176:55239 [3] NCCL INFO Channel 03/0 : 3[3] -> 1[1] via P2P/CUMEM
MOC-R4PCC04U05:55174:55240 [1] NCCL INFO Channel 00/0 : 1[1] -> 0[0] via P2P/CUMEM
MOC-R4PCC04U05:55174:55240 [1] NCCL INFO Channel 01/0 : 1[1] -> 0[0] via P2P/CUMEM
MOC-R4PCC04U05:55174:55240 [1] NCCL INFO Channel 02/0 : 1[1] -> 0[0] via P2P/CUMEM
MOC-R4PCC04U05:55174:55240 [1] NCCL INFO Channel 03/0 : 1[1] -> 0[0] via P2P/CUMEM
MOC-R4PCC04U05:55176:55239 [3] NCCL INFO Connected all rings, use ring PXN 0 GDR 0
MOC-R4PCC04U05:55174:55240 [1] NCCL INFO Connected all rings, use ring PXN 0 GDR 0
MOC-R4PCC04U05:55173:55238 [0] NCCL INFO Connected all rings, use ring PXN 0 GDR 0
MOC-R4PCC04U05:55175:55241 [2] NCCL INFO Connected all rings, use ring PXN 0 GDR 0
num decayed parameter tensors: 50, with 124,318,464 parameters
num non-decayed parameter tensors: 98, with 121,344 parameters
using fused AdamW: False
using regular AdamW
MOC-R4PCC04U05:55173:55934 [0] NCCL INFO Channel 00/0 : 0[0] -> 1[1] via P2P/CUMEM
MOC-R4PCC04U05:55173:55934 [0] NCCL INFO Channel 01/0 : 0[0] -> 1[1] via P2P/CUMEM
MOC-R4PCC04U05:55173:55934 [0] NCCL INFO Channel 02/0 : 0[0] -> 1[1] via P2P/CUMEM
MOC-R4PCC04U05:55173:55934 [0] NCCL INFO Channel 03/0 : 0[0] -> 1[1] via P2P/CUMEM
MOC-R4PCC04U05:55174:55936 [1] NCCL INFO Channel 00/0 : 1[1] -> 2[2] via P2P/CUMEM
MOC-R4PCC04U05:55174:55936 [1] NCCL INFO Channel 01/0 : 1[1] -> 2[2] via P2P/CUMEM
MOC-R4PCC04U05:55174:55936 [1] NCCL INFO Channel 02/0 : 1[1] -> 2[2] via P2P/CUMEM
MOC-R4PCC04U05:55174:55936 [1] NCCL INFO Channel 03/0 : 1[1] -> 2[2] via P2P/CUMEM
MOC-R4PCC04U05:55173:55934 [0] NCCL INFO Channel 01/0 : 0[0] -> 3[3] via P2P/CUMEM
MOC-R4PCC04U05:55175:55933 [2] NCCL INFO Channel 01/0 : 2[2] -> 1[1] via P2P/CUMEM
MOC-R4PCC04U05:55173:55934 [0] NCCL INFO Channel 03/0 : 0[0] -> 3[3] via P2P/CUMEM
MOC-R4PCC04U05:55175:55933 [2] NCCL INFO Channel 03/0 : 2[2] -> 1[1] via P2P/CUMEM
MOC-R4PCC04U05:55176:55935 [3] NCCL INFO Channel 00/0 : 7[3] -> 3[3] [receive] via NET/IB/1
MOC-R4PCC04U05:55176:55935 [3] NCCL INFO Channel 01/0 : 7[3] -> 3[3] [receive] via NET/IB/1
MOC-R4PCC04U05:55176:55935 [3] NCCL INFO Channel 02/0 : 7[3] -> 3[3] [receive] via NET/IB/1
MOC-R4PCC04U05:55176:55935 [3] NCCL INFO Channel 03/0 : 7[3] -> 3[3] [receive] via NET/IB/1
MOC-R4PCC04U05:55176:55935 [3] NCCL INFO Channel 00/0 : 3[3] -> 7[3] [send] via NET/IB/1
MOC-R4PCC04U05:55176:55935 [3] NCCL INFO Channel 01/0 : 3[3] -> 7[3] [send] via NET/IB/1
MOC-R4PCC04U05:55176:55935 [3] NCCL INFO Channel 02/0 : 3[3] -> 7[3] [send] via NET/IB/1
MOC-R4PCC04U05:55176:55935 [3] NCCL INFO Channel 03/0 : 3[3] -> 7[3] [send] via NET/IB/1
MOC-R4PCC04U05:55176:55935 [3] NCCL INFO Channel 00/0 : 3[3] -> 0[0] via P2P/CUMEM
MOC-R4PCC04U05:55176:55935 [3] NCCL INFO Channel 01/0 : 3[3] -> 0[0] via P2P/CUMEM
MOC-R4PCC04U05:55176:55935 [3] NCCL INFO Channel 02/0 : 3[3] -> 0[0] via P2P/CUMEM
MOC-R4PCC04U05:55176:55935 [3] NCCL INFO Channel 03/0 : 3[3] -> 0[0] via P2P/CUMEM
MOC-R4PCC04U05:55174:55936 [1] NCCL INFO Connected all trees
MOC-R4PCC04U05:55175:55933 [2] NCCL INFO Connected all trees
MOC-R4PCC04U05:55173:55934 [0] NCCL INFO Connected all trees
MOC-R4PCC04U05:55176:55935 [3] NCCL INFO Connected all trees
step    1/10 | train loss 11.009807 | norm 15.3616 | lr 1.00e-04 | (13739.21 ms | 152640 tok/s)
step    2/10 | train loss 10.138538 | norm 5.7423 | lr 1.00e-04 | (628.77 ms | 3335316 tok/s)
step    3/10 | train loss 9.797912 | norm 2.6066 | lr 1.00e-04 | (627.57 ms | 3341694 tok/s)
step    4/10 | train loss 9.628580 | norm 2.1114 | lr 1.00e-04 | (628.10 ms | 3338857 tok/s)
step    5/10 | train loss 9.545598 | norm 2.1044 | lr 1.00e-04 | (625.53 ms | 3352587 tok/s)
step    6/10 | train loss 9.464417 | norm 1.9969 | lr 1.00e-04 | (626.06 ms | 3349738 tok/s)
step    7/10 | train loss 9.378775 | norm 1.9478 | lr 1.00e-04 | (692.97 ms | 3026335 tok/s)
step    8/10 | train loss 9.286818 | norm 1.9138 | lr 1.00e-04 | (626.71 ms | 3346261 tok/s)
step    9/10 | train loss 9.191321 | norm 1.8554 | lr 1.00e-04 | (627.22 ms | 3343593 tok/s)
step   10/10 | train loss 9.107036 | norm 1.7971 | lr 1.00e-04 | (626.76 ms | 3345998 tok/s)
final 9 iters avg: 634.412ms
peak memory consumption: 16601 MiB
MOC-R4PCC04U05:55174:55944 [1] NCCL INFO comm 0x562fb023be90 rank 1 nranks 8 cudaDev 1 busId 26000 - Destroy COMPLETE
MOC-R4PCC04U05:55173:55941 [0] NCCL INFO comm 0x5569085fafb0 rank 0 nranks 8 cudaDev 0 busId 6000 - Destroy COMPLETE
MOC-R4PCC04U05:55176:55943 [3] NCCL INFO comm 0x5613bcae1a10 rank 3 nranks 8 cudaDev 3 busId c6000 - Destroy COMPLETE
MOC-R4PCC04U05:55175:55942 [2] NCCL INFO comm 0x557e49ec8f70 rank 2 nranks 8 cudaDev 2 busId a6000 - Destroy COMPLETE
