Running pytorch 2.7.0+cu126
using device: cuda:0
total desired batch size: 5242880
=> calculated gradient accumulation steps: 10
using device: cuda:2
using device: cuda:1
using device: cuda:3
compiling the model...
DataLoader: total number of tokens: 1,661,249,667 across 103 files
MOC-R4PCC04U05:110121:110121 [0] NCCL INFO NCCL_SOCKET_IFNAME set by environment to eno7np0
MOC-R4PCC04U05:110121:110121 [0] NCCL INFO Bootstrap: Using eno7np0:192.168.50.193<0>
MOC-R4PCC04U05:110121:110121 [0] NCCL INFO cudaDriverVersion 12040
MOC-R4PCC04U05:110121:110121 [0] NCCL INFO NCCL version 2.26.2+cuda12.2
MOC-R4PCC04U05:110121:110121 [0] NCCL INFO Comm config Blocking set to 1
MOC-R4PCC04U05:110121:110162 [0] NCCL INFO NET/Plugin: Could not find: libnccl-net.so. Using internal net plugin.
MOC-R4PCC04U05:110121:110162 [0] NCCL INFO NCCL_IB_DISABLE set by environment to 0.
MOC-R4PCC04U05:110121:110162 [0] NCCL INFO NCCL_SOCKET_IFNAME set by environment to eno7np0
MOC-R4PCC04U05:110121:110162 [0] NCCL INFO NCCL_IB_HCA set to mlx5_5
MOC-R4PCC04U05:110123:110123 [2] NCCL INFO cudaDriverVersion 12040
MOC-R4PCC04U05:110123:110123 [2] NCCL INFO NCCL_SOCKET_IFNAME set by environment to eno7np0
MOC-R4PCC04U05:110123:110123 [2] NCCL INFO Bootstrap: Using eno7np0:192.168.50.193<0>
MOC-R4PCC04U05:110123:110123 [2] NCCL INFO NCCL version 2.26.2+cuda12.2
MOC-R4PCC04U05:110123:110123 [2] NCCL INFO Comm config Blocking set to 1
MOC-R4PCC04U05:110121:110162 [0] NCCL INFO NET/IB : Using [0]mlx5_5:1/RoCE [RO]; OOB eno7np0:192.168.50.193<0>
MOC-R4PCC04U05:110121:110162 [0] NCCL INFO PROFILER/Plugin: Could not find: libnccl-profiler.so. 
MOC-R4PCC04U05:110121:110162 [0] NCCL INFO Using network IB
MOC-R4PCC04U05:110121:110162 [0] NCCL INFO DMA-BUF is available on GPU device 0
MOC-R4PCC04U05:110121:110162 [0] NCCL INFO ncclCommInitRankConfig comm 0x563acdd196a0 rank 0 nranks 16 cudaDev 0 nvmlDev 0 busId 6000 commId 0xc3f66812a7ca55a9 - Init START
MOC-R4PCC04U05:110124:110124 [3] NCCL INFO cudaDriverVersion 12040
MOC-R4PCC04U05:110124:110124 [3] NCCL INFO NCCL_SOCKET_IFNAME set by environment to eno7np0
MOC-R4PCC04U05:110124:110124 [3] NCCL INFO Bootstrap: Using eno7np0:192.168.50.193<0>
MOC-R4PCC04U05:110124:110124 [3] NCCL INFO NCCL version 2.26.2+cuda12.2
MOC-R4PCC04U05:110122:110122 [1] NCCL INFO cudaDriverVersion 12040
MOC-R4PCC04U05:110122:110122 [1] NCCL INFO NCCL_SOCKET_IFNAME set by environment to eno7np0
MOC-R4PCC04U05:110124:110124 [3] NCCL INFO Comm config Blocking set to 1
MOC-R4PCC04U05:110122:110122 [1] NCCL INFO Bootstrap: Using eno7np0:192.168.50.193<0>
MOC-R4PCC04U05:110122:110122 [1] NCCL INFO NCCL version 2.26.2+cuda12.2
MOC-R4PCC04U05:110122:110122 [1] NCCL INFO Comm config Blocking set to 1
MOC-R4PCC04U05:110123:110163 [2] NCCL INFO NET/Plugin: Could not find: libnccl-net.so. Using internal net plugin.
MOC-R4PCC04U05:110123:110163 [2] NCCL INFO NCCL_IB_DISABLE set by environment to 0.
MOC-R4PCC04U05:110123:110163 [2] NCCL INFO NCCL_SOCKET_IFNAME set by environment to eno7np0
MOC-R4PCC04U05:110123:110163 [2] NCCL INFO NCCL_IB_HCA set to mlx5_5
MOC-R4PCC04U05:110123:110163 [2] NCCL INFO NET/IB : Using [0]mlx5_5:1/RoCE [RO]; OOB eno7np0:192.168.50.193<0>
MOC-R4PCC04U05:110123:110163 [2] NCCL INFO PROFILER/Plugin: Could not find: libnccl-profiler.so. 
MOC-R4PCC04U05:110123:110163 [2] NCCL INFO Using network IB
MOC-R4PCC04U05:110124:110165 [3] NCCL INFO NET/Plugin: Could not find: libnccl-net.so. Using internal net plugin.
MOC-R4PCC04U05:110124:110165 [3] NCCL INFO NCCL_IB_DISABLE set by environment to 0.
MOC-R4PCC04U05:110124:110165 [3] NCCL INFO NCCL_SOCKET_IFNAME set by environment to eno7np0
MOC-R4PCC04U05:110124:110165 [3] NCCL INFO NCCL_IB_HCA set to mlx5_5
MOC-R4PCC04U05:110124:110165 [3] NCCL INFO NET/IB : Using [0]mlx5_5:1/RoCE [RO]; OOB eno7np0:192.168.50.193<0>
MOC-R4PCC04U05:110124:110165 [3] NCCL INFO PROFILER/Plugin: Could not find: libnccl-profiler.so. 
MOC-R4PCC04U05:110124:110165 [3] NCCL INFO Using network IB
MOC-R4PCC04U05:110122:110166 [1] NCCL INFO NET/Plugin: Could not find: libnccl-net.so. Using internal net plugin.
MOC-R4PCC04U05:110122:110166 [1] NCCL INFO NCCL_IB_DISABLE set by environment to 0.
MOC-R4PCC04U05:110122:110166 [1] NCCL INFO NCCL_SOCKET_IFNAME set by environment to eno7np0
MOC-R4PCC04U05:110122:110166 [1] NCCL INFO NCCL_IB_HCA set to mlx5_5
MOC-R4PCC04U05:110122:110166 [1] NCCL INFO NET/IB : Using [0]mlx5_5:1/RoCE [RO]; OOB eno7np0:192.168.50.193<0>
MOC-R4PCC04U05:110122:110166 [1] NCCL INFO PROFILER/Plugin: Could not find: libnccl-profiler.so. 
MOC-R4PCC04U05:110122:110166 [1] NCCL INFO Using network IB
MOC-R4PCC04U05:110123:110163 [2] NCCL INFO DMA-BUF is available on GPU device 2
MOC-R4PCC04U05:110123:110163 [2] NCCL INFO ncclCommInitRankConfig comm 0x555572d1a010 rank 2 nranks 16 cudaDev 2 nvmlDev 2 busId a6000 commId 0xc3f66812a7ca55a9 - Init START
MOC-R4PCC04U05:110124:110165 [3] NCCL INFO DMA-BUF is available on GPU device 3
MOC-R4PCC04U05:110124:110165 [3] NCCL INFO ncclCommInitRankConfig comm 0x56074f8f8120 rank 3 nranks 16 cudaDev 3 nvmlDev 3 busId c6000 commId 0xc3f66812a7ca55a9 - Init START
MOC-R4PCC04U05:110124:110165 [3] NCCL INFO RAS client listening socket at ::1<28028>
MOC-R4PCC04U05:110122:110166 [1] NCCL INFO DMA-BUF is available on GPU device 1
MOC-R4PCC04U05:110122:110166 [1] NCCL INFO ncclCommInitRankConfig comm 0x55fcc59384d0 rank 1 nranks 16 cudaDev 1 nvmlDev 1 busId 26000 commId 0xc3f66812a7ca55a9 - Init START
MOC-R4PCC04U05:110122:110166 [1] NCCL INFO RAS client listening socket at ::1<28028>
MOC-R4PCC04U05:110121:110162 [0] NCCL INFO RAS client listening socket at ::1<28028>
MOC-R4PCC04U05:110123:110163 [2] NCCL INFO RAS client listening socket at ::1<28028>
MOC-R4PCC04U05:110122:110166 [1] NCCL INFO Bootstrap timings total 0.017447 (create 0.000165, send 0.000267, recv 0.000487, ring 0.015387, delay 0.000001)
MOC-R4PCC04U05:110123:110163 [2] NCCL INFO Bootstrap timings total 0.513251 (create 0.000160, send 0.000252, recv 0.218484, ring 0.015129, delay 0.000001)
MOC-R4PCC04U05:110121:110162 [0] NCCL INFO Bootstrap timings total 2.125160 (create 0.000144, send 0.000432, recv 2.108028, ring 0.015213, delay 0.000001)
MOC-R4PCC04U05:110124:110165 [3] NCCL INFO Bootstrap timings total 0.295306 (create 0.000142, send 0.000252, recv 0.000513, ring 0.293156, delay 0.000001)
MOC-R4PCC04U05:110121:110162 [0] NCCL INFO NCCL_NET_GDR_LEVEL set by environment to LOC
MOC-R4PCC04U05:110121:110162 [0] NCCL INFO Setting affinity for GPU 0 to ffffffff,ffffffff,ffffffff,ffffffff,00000000,00000000,00000000,00000000,ffffffff,ffffffff,ffffffff,ffffffff
MOC-R4PCC04U05:110122:110166 [1] NCCL INFO NCCL_NET_GDR_LEVEL set by environment to LOC
MOC-R4PCC04U05:110121:110162 [0] NCCL INFO NVLS multicast support is not available on dev 0
MOC-R4PCC04U05:110122:110166 [1] NCCL INFO Setting affinity for GPU 1 to ffffffff,ffffffff,ffffffff,ffffffff,00000000,00000000,00000000,00000000,ffffffff,ffffffff,ffffffff,ffffffff
MOC-R4PCC04U05:110122:110166 [1] NCCL INFO NVLS multicast support is not available on dev 1
MOC-R4PCC04U05:110123:110163 [2] NCCL INFO NCCL_NET_GDR_LEVEL set by environment to LOC
MOC-R4PCC04U05:110123:110163 [2] NCCL INFO Setting affinity for GPU 2 to ffffffff,ffffffff,ffffffff,ffffffff,00000000,00000000,00000000,00000000,ffffffff,ffffffff,ffffffff,ffffffff,00000000,00000000,00000000,00000000
MOC-R4PCC04U05:110123:110163 [2] NCCL INFO NVLS multicast support is not available on dev 2
MOC-R4PCC04U05:110124:110165 [3] NCCL INFO NCCL_NET_GDR_LEVEL set by environment to LOC
MOC-R4PCC04U05:110124:110165 [3] NCCL INFO Setting affinity for GPU 3 to ffffffff,ffffffff,ffffffff,ffffffff,00000000,00000000,00000000,00000000,ffffffff,ffffffff,ffffffff,ffffffff,00000000,00000000,00000000,00000000
MOC-R4PCC04U05:110124:110165 [3] NCCL INFO NVLS multicast support is not available on dev 3
MOC-R4PCC04U05:110121:110162 [0] NCCL INFO comm 0x563acdd196a0 rank 0 nRanks 16 nNodes 4 localRanks 4 localRank 0 MNNVL 0
MOC-R4PCC04U05:110124:110165 [3] NCCL INFO comm 0x56074f8f8120 rank 3 nRanks 16 nNodes 4 localRanks 4 localRank 3 MNNVL 0
MOC-R4PCC04U05:110122:110166 [1] NCCL INFO comm 0x55fcc59384d0 rank 1 nRanks 16 nNodes 4 localRanks 4 localRank 1 MNNVL 0
MOC-R4PCC04U05:110123:110163 [2] NCCL INFO comm 0x555572d1a010 rank 2 nRanks 16 nNodes 4 localRanks 4 localRank 2 MNNVL 0
MOC-R4PCC04U05:110124:110165 [3] NCCL INFO Trees [0] 0/11/-1->3->-1 [1] 0/11/-1->3->-1 [2] 0/-1/-1->3->7 [3] 0/-1/-1->3->7
MOC-R4PCC04U05:110124:110165 [3] NCCL INFO P2P Chunksize set to 131072
MOC-R4PCC04U05:110121:110162 [0] NCCL INFO Channel 00/04 :  0  3  6  5  4  7 10  9  8 11 14 13 12 15  2  1
MOC-R4PCC04U05:110122:110166 [1] NCCL INFO Trees [0] 2/-1/-1->1->0 [1] 2/-1/-1->1->0 [2] 2/-1/-1->1->0 [3] 2/-1/-1->1->0
MOC-R4PCC04U05:110121:110162 [0] NCCL INFO Channel 01/04 :  0  2  7  5  4  6 11  9  8 10 15 13 12 14  3  1
MOC-R4PCC04U05:110122:110166 [1] NCCL INFO P2P Chunksize set to 131072
MOC-R4PCC04U05:110121:110162 [0] NCCL INFO Channel 02/04 :  0  3  6  5  4  7 10  9  8 11 14 13 12 15  2  1
MOC-R4PCC04U05:110121:110162 [0] NCCL INFO Channel 03/04 :  0  2  7  5  4  6 11  9  8 10 15 13 12 14  3  1
MOC-R4PCC04U05:110123:110163 [2] NCCL INFO Trees [0] -1/-1/-1->2->1 [1] -1/-1/-1->2->1 [2] -1/-1/-1->2->1 [3] -1/-1/-1->2->1
MOC-R4PCC04U05:110121:110162 [0] NCCL INFO Trees [0] 1/-1/-1->0->3 [1] 1/-1/-1->0->3 [2] 1/-1/-1->0->3 [3] 1/-1/-1->0->3
MOC-R4PCC04U05:110123:110163 [2] NCCL INFO P2P Chunksize set to 131072
MOC-R4PCC04U05:110121:110162 [0] NCCL INFO P2P Chunksize set to 131072
MOC-R4PCC04U05:110121:110162 [0] NCCL INFO Check P2P Type intraNodeP2pSupport 1 directMode 0
MOC-R4PCC04U05:110121:110179 [0] NCCL INFO [Proxy Service] Device 0 CPU core 14
MOC-R4PCC04U05:110124:110177 [3] NCCL INFO [Proxy Service] Device 3 CPU core 385
MOC-R4PCC04U05:110123:110178 [2] NCCL INFO [Proxy Service] Device 2 CPU core 191
MOC-R4PCC04U05:110124:110180 [3] NCCL INFO [Proxy Service UDS] Device 3 CPU core 455
MOC-R4PCC04U05:110123:110181 [2] NCCL INFO [Proxy Service UDS] Device 2 CPU core 463
MOC-R4PCC04U05:110122:110183 [1] NCCL INFO [Proxy Service UDS] Device 1 CPU core 287
MOC-R4PCC04U05:110121:110184 [0] NCCL INFO [Proxy Service UDS] Device 0 CPU core 276
MOC-R4PCC04U05:110122:110182 [1] NCCL INFO [Proxy Service] Device 1 CPU core 276
MOC-R4PCC04U05:110124:110165 [3] NCCL INFO threadThresholds 8/8/64 | 128/8/64 | 512 | 512
MOC-R4PCC04U05:110124:110165 [3] NCCL INFO 4 coll channels, 4 collnet channels, 0 nvls channels, 4 p2p channels, 1 p2p channels per peer
MOC-R4PCC04U05:110123:110163 [2] NCCL INFO threadThresholds 8/8/64 | 128/8/64 | 512 | 512
MOC-R4PCC04U05:110123:110163 [2] NCCL INFO 4 coll channels, 4 collnet channels, 0 nvls channels, 4 p2p channels, 1 p2p channels per peer
MOC-R4PCC04U05:110121:110162 [0] NCCL INFO threadThresholds 8/8/64 | 128/8/64 | 512 | 512
MOC-R4PCC04U05:110121:110162 [0] NCCL INFO 4 coll channels, 4 collnet channels, 0 nvls channels, 4 p2p channels, 1 p2p channels per peer
MOC-R4PCC04U05:110122:110166 [1] NCCL INFO threadThresholds 8/8/64 | 128/8/64 | 512 | 512
MOC-R4PCC04U05:110122:110166 [1] NCCL INFO 4 coll channels, 4 collnet channels, 0 nvls channels, 4 p2p channels, 1 p2p channels per peer
MOC-R4PCC04U05:110121:110162 [0] NCCL INFO CC Off, workFifoBytes 1048576
MOC-R4PCC04U05:110124:110165 [3] NCCL INFO TUNER/Plugin: Could not find: libnccl-tuner.so. Using internal tuner plugin.
MOC-R4PCC04U05:110123:110163 [2] NCCL INFO TUNER/Plugin: Could not find: libnccl-tuner.so. Using internal tuner plugin.
MOC-R4PCC04U05:110124:110165 [3] NCCL INFO ncclCommInitRankConfig comm 0x56074f8f8120 rank 3 nranks 16 cudaDev 3 nvmlDev 3 busId c6000 commId 0xc3f66812a7ca55a9 - Init COMPLETE
MOC-R4PCC04U05:110123:110163 [2] NCCL INFO ncclCommInitRankConfig comm 0x555572d1a010 rank 2 nranks 16 cudaDev 2 nvmlDev 2 busId a6000 commId 0xc3f66812a7ca55a9 - Init COMPLETE
MOC-R4PCC04U05:110124:110165 [3] NCCL INFO Init timings - ncclCommInitRankConfig: rank 3 nranks 16 total 3.20 (kernels 0.31, alloc 1.52, bootstrap 0.30, allgathers 0.04, topo 0.76, graphs 0.00, connections 0.26, rest 0.01)
MOC-R4PCC04U05:110123:110163 [2] NCCL INFO Init timings - ncclCommInitRankConfig: rank 2 nranks 16 total 3.80 (kernels 0.79, alloc 1.42, bootstrap 0.51, allgathers 0.04, topo 0.76, graphs 0.00, connections 0.26, rest 0.01)
MOC-R4PCC04U05:110122:110166 [1] NCCL INFO TUNER/Plugin: Could not find: libnccl-tuner.so. Using internal tuner plugin.
MOC-R4PCC04U05:110122:110166 [1] NCCL INFO ncclCommInitRankConfig comm 0x55fcc59384d0 rank 1 nranks 16 cudaDev 1 nvmlDev 1 busId 26000 commId 0xc3f66812a7ca55a9 - Init COMPLETE
MOC-R4PCC04U05:110122:110166 [1] NCCL INFO Init timings - ncclCommInitRankConfig: rank 1 nranks 16 total 3.19 (kernels 0.72, alloc 1.37, bootstrap 0.02, allgathers 0.04, topo 0.76, graphs 0.01, connections 0.27, rest 0.00)
MOC-R4PCC04U05:110121:110162 [0] NCCL INFO TUNER/Plugin: Could not find: libnccl-tuner.so. Using internal tuner plugin.
MOC-R4PCC04U05:110121:110162 [0] NCCL INFO ncclCommInitRankConfig comm 0x563acdd196a0 rank 0 nranks 16 cudaDev 0 nvmlDev 0 busId 6000 commId 0xc3f66812a7ca55a9 - Init COMPLETE
MOC-R4PCC04U05:110121:110162 [0] NCCL INFO Init timings - ncclCommInitRankConfig: rank 0 nranks 16 total 4.21 (kernels 0.32, alloc 0.69, bootstrap 2.13, allgathers 0.04, topo 0.75, graphs 0.01, connections 0.27, rest 0.00)
MOC-R4PCC04U05:110121:110188 [0] NCCL INFO Channel 01/0 : 0[0] -> 2[2] via P2P/CUMEM
MOC-R4PCC04U05:110121:110188 [0] NCCL INFO Channel 03/0 : 0[0] -> 2[2] via P2P/CUMEM
MOC-R4PCC04U05:110121:110188 [0] NCCL INFO Channel 00/0 : 0[0] -> 3[3] via P2P/CUMEM
MOC-R4PCC04U05:110121:110188 [0] NCCL INFO Channel 02/0 : 0[0] -> 3[3] via P2P/CUMEM
MOC-R4PCC04U05:110124:110190 [3] NCCL INFO [Proxy Progress] Device 3 CPU core 434
MOC-R4PCC04U05:110124:110186 [3] NCCL INFO Channel 00/0 : 3[3] -> 6[2] [send] via NET/IB/1
MOC-R4PCC04U05:110124:110186 [3] NCCL INFO Channel 02/0 : 3[3] -> 6[2] [send] via NET/IB/1
MOC-R4PCC04U05:110123:110191 [2] NCCL INFO [Proxy Progress] Device 2 CPU core 455
MOC-R4PCC04U05:110123:110187 [2] NCCL INFO Channel 00/0 : 15[3] -> 2[2] [receive] via NET/IB/1
MOC-R4PCC04U05:110123:110187 [2] NCCL INFO Channel 02/0 : 15[3] -> 2[2] [receive] via NET/IB/1
MOC-R4PCC04U05:110123:110187 [2] NCCL INFO Channel 01/0 : 2[2] -> 7[3] [send] via NET/IB/1
MOC-R4PCC04U05:110123:110187 [2] NCCL INFO Channel 03/0 : 2[2] -> 7[3] [send] via NET/IB/1
MOC-R4PCC04U05:110124:110186 [3] NCCL INFO Channel 01/0 : 14[2] -> 3[3] [receive] via NET/IB/1
MOC-R4PCC04U05:110124:110186 [3] NCCL INFO Channel 03/0 : 14[2] -> 3[3] [receive] via NET/IB/1
MOC-R4PCC04U05:110123:110187 [2] NCCL INFO Channel 00/0 : 2[2] -> 1[1] via P2P/CUMEM
MOC-R4PCC04U05:110124:110186 [3] NCCL INFO Channel 01/0 : 3[3] -> 1[1] via P2P/CUMEM
MOC-R4PCC04U05:110123:110187 [2] NCCL INFO Channel 02/0 : 2[2] -> 1[1] via P2P/CUMEM
MOC-R4PCC04U05:110124:110186 [3] NCCL INFO Channel 03/0 : 3[3] -> 1[1] via P2P/CUMEM
MOC-R4PCC04U05:110122:110189 [1] NCCL INFO Channel 00/0 : 1[1] -> 0[0] via P2P/CUMEM
MOC-R4PCC04U05:110122:110189 [1] NCCL INFO Channel 01/0 : 1[1] -> 0[0] via P2P/CUMEM
MOC-R4PCC04U05:110122:110189 [1] NCCL INFO Channel 02/0 : 1[1] -> 0[0] via P2P/CUMEM
MOC-R4PCC04U05:110122:110189 [1] NCCL INFO Channel 03/0 : 1[1] -> 0[0] via P2P/CUMEM
MOC-R4PCC04U05:110122:110189 [1] NCCL INFO Connected all rings, use ring PXN 0 GDR 0
MOC-R4PCC04U05:110121:110188 [0] NCCL INFO Connected all rings, use ring PXN 0 GDR 0
MOC-R4PCC04U05:110124:110186 [3] NCCL INFO Connected all rings, use ring PXN 0 GDR 0
MOC-R4PCC04U05:110123:110187 [2] NCCL INFO Connected all rings, use ring PXN 0 GDR 0
num decayed parameter tensors: 50, with 124,318,464 parameters
num non-decayed parameter tensors: 98, with 121,344 parameters
using fused AdamW: False
using regular AdamW
MOC-R4PCC04U05:110121:110881 [0] NCCL INFO Channel 00/0 : 0[0] -> 1[1] via P2P/CUMEM
MOC-R4PCC04U05:110121:110881 [0] NCCL INFO Channel 01/0 : 0[0] -> 1[1] via P2P/CUMEM
MOC-R4PCC04U05:110121:110881 [0] NCCL INFO Channel 02/0 : 0[0] -> 1[1] via P2P/CUMEM
MOC-R4PCC04U05:110121:110881 [0] NCCL INFO Channel 03/0 : 0[0] -> 1[1] via P2P/CUMEM
MOC-R4PCC04U05:110122:110883 [1] NCCL INFO Channel 00/0 : 1[1] -> 2[2] via P2P/CUMEM
MOC-R4PCC04U05:110122:110883 [1] NCCL INFO Channel 01/0 : 1[1] -> 2[2] via P2P/CUMEM
MOC-R4PCC04U05:110122:110883 [1] NCCL INFO Channel 02/0 : 1[1] -> 2[2] via P2P/CUMEM
MOC-R4PCC04U05:110122:110883 [1] NCCL INFO Channel 03/0 : 1[1] -> 2[2] via P2P/CUMEM
MOC-R4PCC04U05:110121:110881 [0] NCCL INFO Channel 01/0 : 0[0] -> 3[3] via P2P/CUMEM
MOC-R4PCC04U05:110123:110882 [2] NCCL INFO Channel 01/0 : 2[2] -> 1[1] via P2P/CUMEM
MOC-R4PCC04U05:110123:110882 [2] NCCL INFO Channel 03/0 : 2[2] -> 1[1] via P2P/CUMEM
MOC-R4PCC04U05:110121:110881 [0] NCCL INFO Channel 03/0 : 0[0] -> 3[3] via P2P/CUMEM
MOC-R4PCC04U05:110124:110884 [3] NCCL INFO Channel 02/0 : 3[3] -> 7[3] [send] via NET/IB/1
MOC-R4PCC04U05:110124:110884 [3] NCCL INFO Channel 03/0 : 3[3] -> 7[3] [send] via NET/IB/1
MOC-R4PCC04U05:110124:110884 [3] NCCL INFO Channel 00/0 : 11[3] -> 3[3] [receive] via NET/IB/1
MOC-R4PCC04U05:110124:110884 [3] NCCL INFO Channel 01/0 : 11[3] -> 3[3] [receive] via NET/IB/1
MOC-R4PCC04U05:110124:110884 [3] NCCL INFO Channel 00/0 : 3[3] -> 11[3] [send] via NET/IB/1
MOC-R4PCC04U05:110124:110884 [3] NCCL INFO Channel 01/0 : 3[3] -> 11[3] [send] via NET/IB/1
MOC-R4PCC04U05:110124:110884 [3] NCCL INFO Channel 02/0 : 7[3] -> 3[3] [receive] via NET/IB/1
MOC-R4PCC04U05:110124:110884 [3] NCCL INFO Channel 03/0 : 7[3] -> 3[3] [receive] via NET/IB/1
MOC-R4PCC04U05:110124:110884 [3] NCCL INFO Channel 00/0 : 3[3] -> 0[0] via P2P/CUMEM
MOC-R4PCC04U05:110124:110884 [3] NCCL INFO Channel 01/0 : 3[3] -> 0[0] via P2P/CUMEM
MOC-R4PCC04U05:110124:110884 [3] NCCL INFO Channel 02/0 : 3[3] -> 0[0] via P2P/CUMEM
MOC-R4PCC04U05:110124:110884 [3] NCCL INFO Channel 03/0 : 3[3] -> 0[0] via P2P/CUMEM
MOC-R4PCC04U05:110122:110883 [1] NCCL INFO Connected all trees
MOC-R4PCC04U05:110123:110882 [2] NCCL INFO Connected all trees
MOC-R4PCC04U05:110124:110884 [3] NCCL INFO Connected all trees
MOC-R4PCC04U05:110121:110881 [0] NCCL INFO Connected all trees
step    1/10 | train loss 11.010067 | norm 15.3476 | lr 1.00e-04 | (14848.73 ms | 353086 tok/s)
step    2/10 | train loss 10.140058 | norm 5.7421 | lr 1.00e-04 | (805.67 ms | 6507509 tok/s)
step    3/10 | train loss 9.801186 | norm 2.5966 | lr 1.00e-04 | (802.50 ms | 6533172 tok/s)
step    4/10 | train loss 9.632750 | norm 2.1052 | lr 1.00e-04 | (804.02 ms | 6520862 tok/s)
step    5/10 | train loss 9.550312 | norm 2.0977 | lr 1.00e-04 | (809.09 ms | 6479982 tok/s)
step    6/10 | train loss 9.470090 | norm 1.9901 | lr 1.00e-04 | (811.94 ms | 6457264 tok/s)
step    7/10 | train loss 9.385624 | norm 1.9404 | lr 1.00e-04 | (823.00 ms | 6370431 tok/s)
step    8/10 | train loss 9.295291 | norm 1.9082 | lr 1.00e-04 | (811.56 ms | 6460282 tok/s)
step    9/10 | train loss 9.200844 | norm 1.8588 | lr 1.00e-04 | (811.16 ms | 6463431 tok/s)
step   10/10 | train loss 9.114126 | norm 1.7863 | lr 1.00e-04 | (812.23 ms | 6454942 tok/s)
final 9 iters avg: 810.128ms
peak memory consumption: 16601 MiB
MOC-R4PCC04U05:110123:110890 [2] NCCL INFO comm 0x555572d1a010 rank 2 nranks 16 cudaDev 2 busId a6000 - Destroy COMPLETE
MOC-R4PCC04U05:110122:110892 [1] NCCL INFO comm 0x55fcc59384d0 rank 1 nranks 16 cudaDev 1 busId 26000 - Destroy COMPLETE
MOC-R4PCC04U05:110121:110891 [0] NCCL INFO comm 0x563acdd196a0 rank 0 nranks 16 cudaDev 0 busId 6000 - Destroy COMPLETE
MOC-R4PCC04U05:110124:110889 [3] NCCL INFO comm 0x56074f8f8120 rank 3 nranks 16 cudaDev 3 busId c6000 - Destroy COMPLETE
