Running pytorch 2.7.0+cu126
using device: cuda:0
total desired batch size: 1572864
=> calculated gradient accumulation steps: 3
using device: cuda:3
using device: cuda:2
using device: cuda:1
compiling the model...
DataLoader: total number of tokens: 1,661,249,667 across 103 files
MOC-R4PCC04U05:104251:104251 [0] NCCL INFO NCCL_SOCKET_IFNAME set by environment to eno7np0
MOC-R4PCC04U05:104251:104251 [0] NCCL INFO Bootstrap: Using eno7np0:192.168.50.193<0>
MOC-R4PCC04U05:104251:104251 [0] NCCL INFO cudaDriverVersion 12040
MOC-R4PCC04U05:104251:104251 [0] NCCL INFO NCCL version 2.26.2+cuda12.2
MOC-R4PCC04U05:104251:104251 [0] NCCL INFO Comm config Blocking set to 1
MOC-R4PCC04U05:104251:104292 [0] NCCL INFO NET/Plugin: Could not find: libnccl-net.so. Using internal net plugin.
MOC-R4PCC04U05:104251:104292 [0] NCCL INFO NCCL_IB_DISABLE set by environment to 0.
MOC-R4PCC04U05:104251:104292 [0] NCCL INFO NCCL_SOCKET_IFNAME set by environment to eno7np0
MOC-R4PCC04U05:104251:104292 [0] NCCL INFO NCCL_IB_HCA set to mlx5_5
MOC-R4PCC04U05:104254:104254 [3] NCCL INFO cudaDriverVersion 12040
MOC-R4PCC04U05:104254:104254 [3] NCCL INFO NCCL_SOCKET_IFNAME set by environment to eno7np0
MOC-R4PCC04U05:104254:104254 [3] NCCL INFO Bootstrap: Using eno7np0:192.168.50.193<0>
MOC-R4PCC04U05:104254:104254 [3] NCCL INFO NCCL version 2.26.2+cuda12.2
MOC-R4PCC04U05:104254:104254 [3] NCCL INFO Comm config Blocking set to 1
MOC-R4PCC04U05:104253:104253 [2] NCCL INFO cudaDriverVersion 12040
MOC-R4PCC04U05:104253:104253 [2] NCCL INFO NCCL_SOCKET_IFNAME set by environment to eno7np0
MOC-R4PCC04U05:104253:104253 [2] NCCL INFO Bootstrap: Using eno7np0:192.168.50.193<0>
MOC-R4PCC04U05:104253:104253 [2] NCCL INFO NCCL version 2.26.2+cuda12.2
MOC-R4PCC04U05:104253:104253 [2] NCCL INFO Comm config Blocking set to 1
MOC-R4PCC04U05:104251:104292 [0] NCCL INFO NET/IB : Using [0]mlx5_5:1/RoCE [RO]; OOB eno7np0:192.168.50.193<0>
MOC-R4PCC04U05:104251:104292 [0] NCCL INFO PROFILER/Plugin: Could not find: libnccl-profiler.so. 
MOC-R4PCC04U05:104251:104292 [0] NCCL INFO Using network IB
MOC-R4PCC04U05:104251:104292 [0] NCCL INFO DMA-BUF is available on GPU device 0
MOC-R4PCC04U05:104251:104292 [0] NCCL INFO ncclCommInitRankConfig comm 0x559ae98b34b0 rank 0 nranks 16 cudaDev 0 nvmlDev 0 busId 6000 commId 0xd262c56f5469009a - Init START
MOC-R4PCC04U05:104252:104252 [1] NCCL INFO cudaDriverVersion 12040
MOC-R4PCC04U05:104252:104252 [1] NCCL INFO NCCL_SOCKET_IFNAME set by environment to eno7np0
MOC-R4PCC04U05:104252:104252 [1] NCCL INFO Bootstrap: Using eno7np0:192.168.50.193<0>
MOC-R4PCC04U05:104252:104252 [1] NCCL INFO NCCL version 2.26.2+cuda12.2
MOC-R4PCC04U05:104252:104252 [1] NCCL INFO Comm config Blocking set to 1
MOC-R4PCC04U05:104254:104293 [3] NCCL INFO NET/Plugin: Could not find: libnccl-net.so. Using internal net plugin.
MOC-R4PCC04U05:104254:104293 [3] NCCL INFO NCCL_IB_DISABLE set by environment to 0.
MOC-R4PCC04U05:104254:104293 [3] NCCL INFO NCCL_SOCKET_IFNAME set by environment to eno7np0
MOC-R4PCC04U05:104253:104294 [2] NCCL INFO NET/Plugin: Could not find: libnccl-net.so. Using internal net plugin.
MOC-R4PCC04U05:104253:104294 [2] NCCL INFO NCCL_IB_DISABLE set by environment to 0.
MOC-R4PCC04U05:104254:104293 [3] NCCL INFO NCCL_IB_HCA set to mlx5_5
MOC-R4PCC04U05:104253:104294 [2] NCCL INFO NCCL_SOCKET_IFNAME set by environment to eno7np0
MOC-R4PCC04U05:104253:104294 [2] NCCL INFO NCCL_IB_HCA set to mlx5_5
MOC-R4PCC04U05:104254:104293 [3] NCCL INFO NET/IB : Using [0]mlx5_5:1/RoCE [RO]; OOB eno7np0:192.168.50.193<0>
MOC-R4PCC04U05:104254:104293 [3] NCCL INFO PROFILER/Plugin: Could not find: libnccl-profiler.so. 
MOC-R4PCC04U05:104254:104293 [3] NCCL INFO Using network IB
MOC-R4PCC04U05:104253:104294 [2] NCCL INFO NET/IB : Using [0]mlx5_5:1/RoCE [RO]; OOB eno7np0:192.168.50.193<0>
MOC-R4PCC04U05:104253:104294 [2] NCCL INFO PROFILER/Plugin: Could not find: libnccl-profiler.so. 
MOC-R4PCC04U05:104253:104294 [2] NCCL INFO Using network IB
MOC-R4PCC04U05:104252:104296 [1] NCCL INFO NET/Plugin: Could not find: libnccl-net.so. Using internal net plugin.
MOC-R4PCC04U05:104252:104296 [1] NCCL INFO NCCL_IB_DISABLE set by environment to 0.
MOC-R4PCC04U05:104252:104296 [1] NCCL INFO NCCL_SOCKET_IFNAME set by environment to eno7np0
MOC-R4PCC04U05:104252:104296 [1] NCCL INFO NCCL_IB_HCA set to mlx5_5
MOC-R4PCC04U05:104252:104296 [1] NCCL INFO NET/IB : Using [0]mlx5_5:1/RoCE [RO]; OOB eno7np0:192.168.50.193<0>
MOC-R4PCC04U05:104252:104296 [1] NCCL INFO PROFILER/Plugin: Could not find: libnccl-profiler.so. 
MOC-R4PCC04U05:104252:104296 [1] NCCL INFO Using network IB
MOC-R4PCC04U05:104253:104294 [2] NCCL INFO DMA-BUF is available on GPU device 2
MOC-R4PCC04U05:104254:104293 [3] NCCL INFO DMA-BUF is available on GPU device 3
MOC-R4PCC04U05:104253:104294 [2] NCCL INFO ncclCommInitRankConfig comm 0x55972f726310 rank 2 nranks 16 cudaDev 2 nvmlDev 2 busId a6000 commId 0xd262c56f5469009a - Init START
MOC-R4PCC04U05:104254:104293 [3] NCCL INFO ncclCommInitRankConfig comm 0x56320b253ca0 rank 3 nranks 16 cudaDev 3 nvmlDev 3 busId c6000 commId 0xd262c56f5469009a - Init START
MOC-R4PCC04U05:104254:104293 [3] NCCL INFO RAS client listening socket at ::1<28028>
MOC-R4PCC04U05:104252:104296 [1] NCCL INFO DMA-BUF is available on GPU device 1
MOC-R4PCC04U05:104252:104296 [1] NCCL INFO ncclCommInitRankConfig comm 0x5613fc9a5050 rank 1 nranks 16 cudaDev 1 nvmlDev 1 busId 26000 commId 0xd262c56f5469009a - Init START
MOC-R4PCC04U05:104252:104296 [1] NCCL INFO RAS client listening socket at ::1<28028>
MOC-R4PCC04U05:104253:104294 [2] NCCL INFO RAS client listening socket at ::1<28028>
MOC-R4PCC04U05:104251:104292 [0] NCCL INFO RAS client listening socket at ::1<28028>
MOC-R4PCC04U05:104252:104296 [1] NCCL INFO Bootstrap timings total 0.428124 (create 0.000099, send 0.000202, recv 0.000447, ring 0.426233, delay 0.000000)
MOC-R4PCC04U05:104251:104292 [0] NCCL INFO Bootstrap timings total 2.418401 (create 0.000144, send 0.000431, recv 1.990417, ring 0.425929, delay 0.000001)
MOC-R4PCC04U05:104253:104294 [2] NCCL INFO Bootstrap timings total 0.567676 (create 0.000153, send 0.000263, recv 0.080748, ring 0.426119, delay 0.000001)
MOC-R4PCC04U05:104254:104293 [3] NCCL INFO Bootstrap timings total 0.487457 (create 0.000155, send 0.000291, recv 0.000465, ring 0.485088, delay 0.000001)
MOC-R4PCC04U05:104251:104292 [0] NCCL INFO NCCL_NET_GDR_LEVEL set by environment to LOC
MOC-R4PCC04U05:104251:104292 [0] NCCL INFO Setting affinity for GPU 0 to ffffffff,ffffffff,ffffffff,ffffffff,00000000,00000000,00000000,00000000,ffffffff,ffffffff,ffffffff,ffffffff
MOC-R4PCC04U05:104251:104292 [0] NCCL INFO NVLS multicast support is not available on dev 0
MOC-R4PCC04U05:104252:104296 [1] NCCL INFO NCCL_NET_GDR_LEVEL set by environment to LOC
MOC-R4PCC04U05:104252:104296 [1] NCCL INFO Setting affinity for GPU 1 to ffffffff,ffffffff,ffffffff,ffffffff,00000000,00000000,00000000,00000000,ffffffff,ffffffff,ffffffff,ffffffff
MOC-R4PCC04U05:104252:104296 [1] NCCL INFO NVLS multicast support is not available on dev 1
MOC-R4PCC04U05:104253:104294 [2] NCCL INFO NCCL_NET_GDR_LEVEL set by environment to LOC
MOC-R4PCC04U05:104253:104294 [2] NCCL INFO Setting affinity for GPU 2 to ffffffff,ffffffff,ffffffff,ffffffff,00000000,00000000,00000000,00000000,ffffffff,ffffffff,ffffffff,ffffffff,00000000,00000000,00000000,00000000
MOC-R4PCC04U05:104253:104294 [2] NCCL INFO NVLS multicast support is not available on dev 2
MOC-R4PCC04U05:104254:104293 [3] NCCL INFO NCCL_NET_GDR_LEVEL set by environment to LOC
MOC-R4PCC04U05:104254:104293 [3] NCCL INFO Setting affinity for GPU 3 to ffffffff,ffffffff,ffffffff,ffffffff,00000000,00000000,00000000,00000000,ffffffff,ffffffff,ffffffff,ffffffff,00000000,00000000,00000000,00000000
MOC-R4PCC04U05:104254:104293 [3] NCCL INFO NVLS multicast support is not available on dev 3
MOC-R4PCC04U05:104252:104296 [1] NCCL INFO comm 0x5613fc9a5050 rank 1 nRanks 16 nNodes 4 localRanks 4 localRank 1 MNNVL 0
MOC-R4PCC04U05:104254:104293 [3] NCCL INFO comm 0x56320b253ca0 rank 3 nRanks 16 nNodes 4 localRanks 4 localRank 3 MNNVL 0
MOC-R4PCC04U05:104251:104292 [0] NCCL INFO comm 0x559ae98b34b0 rank 0 nRanks 16 nNodes 4 localRanks 4 localRank 0 MNNVL 0
MOC-R4PCC04U05:104253:104294 [2] NCCL INFO comm 0x55972f726310 rank 2 nRanks 16 nNodes 4 localRanks 4 localRank 2 MNNVL 0
MOC-R4PCC04U05:104252:104296 [1] NCCL INFO Trees [0] 2/-1/-1->1->0 [1] 2/-1/-1->1->0 [2] 2/-1/-1->1->0 [3] 2/-1/-1->1->0
MOC-R4PCC04U05:104254:104293 [3] NCCL INFO Trees [0] 0/11/-1->3->-1 [1] 0/11/-1->3->-1 [2] 0/-1/-1->3->7 [3] 0/-1/-1->3->7
MOC-R4PCC04U05:104252:104296 [1] NCCL INFO P2P Chunksize set to 131072
MOC-R4PCC04U05:104254:104293 [3] NCCL INFO P2P Chunksize set to 131072
MOC-R4PCC04U05:104251:104292 [0] NCCL INFO Channel 00/04 :  0  3  6  5  4  7 10  9  8 11 14 13 12 15  2  1
MOC-R4PCC04U05:104251:104292 [0] NCCL INFO Channel 01/04 :  0  2  7  5  4  6 11  9  8 10 15 13 12 14  3  1
MOC-R4PCC04U05:104251:104292 [0] NCCL INFO Channel 02/04 :  0  3  6  5  4  7 10  9  8 11 14 13 12 15  2  1
MOC-R4PCC04U05:104253:104294 [2] NCCL INFO Trees [0] -1/-1/-1->2->1 [1] -1/-1/-1->2->1 [2] -1/-1/-1->2->1 [3] -1/-1/-1->2->1
MOC-R4PCC04U05:104251:104292 [0] NCCL INFO Channel 03/04 :  0  2  7  5  4  6 11  9  8 10 15 13 12 14  3  1
MOC-R4PCC04U05:104253:104294 [2] NCCL INFO P2P Chunksize set to 131072
MOC-R4PCC04U05:104251:104292 [0] NCCL INFO Trees [0] 1/-1/-1->0->3 [1] 1/-1/-1->0->3 [2] 1/-1/-1->0->3 [3] 1/-1/-1->0->3
MOC-R4PCC04U05:104251:104292 [0] NCCL INFO P2P Chunksize set to 131072
MOC-R4PCC04U05:104251:104292 [0] NCCL INFO Check P2P Type intraNodeP2pSupport 1 directMode 0
MOC-R4PCC04U05:104254:104308 [3] NCCL INFO [Proxy Service] Device 3 CPU core 490
MOC-R4PCC04U05:104251:104314 [0] NCCL INFO [Proxy Service UDS] Device 0 CPU core 303
MOC-R4PCC04U05:104252:104309 [1] NCCL INFO [Proxy Service] Device 1 CPU core 277
MOC-R4PCC04U05:104251:104310 [0] NCCL INFO [Proxy Service] Device 0 CPU core 276
MOC-R4PCC04U05:104252:104311 [1] NCCL INFO [Proxy Service UDS] Device 1 CPU core 295
MOC-R4PCC04U05:104253:104312 [2] NCCL INFO [Proxy Service] Device 2 CPU core 157
MOC-R4PCC04U05:104254:104313 [3] NCCL INFO [Proxy Service UDS] Device 3 CPU core 503
MOC-R4PCC04U05:104253:104315 [2] NCCL INFO [Proxy Service UDS] Device 2 CPU core 429
MOC-R4PCC04U05:104254:104293 [3] NCCL INFO threadThresholds 8/8/64 | 128/8/64 | 512 | 512
MOC-R4PCC04U05:104254:104293 [3] NCCL INFO 4 coll channels, 4 collnet channels, 0 nvls channels, 4 p2p channels, 1 p2p channels per peer
MOC-R4PCC04U05:104252:104296 [1] NCCL INFO threadThresholds 8/8/64 | 128/8/64 | 512 | 512
MOC-R4PCC04U05:104252:104296 [1] NCCL INFO 4 coll channels, 4 collnet channels, 0 nvls channels, 4 p2p channels, 1 p2p channels per peer
MOC-R4PCC04U05:104253:104294 [2] NCCL INFO threadThresholds 8/8/64 | 128/8/64 | 512 | 512
MOC-R4PCC04U05:104253:104294 [2] NCCL INFO 4 coll channels, 4 collnet channels, 0 nvls channels, 4 p2p channels, 1 p2p channels per peer
MOC-R4PCC04U05:104251:104292 [0] NCCL INFO threadThresholds 8/8/64 | 128/8/64 | 512 | 512
MOC-R4PCC04U05:104251:104292 [0] NCCL INFO 4 coll channels, 4 collnet channels, 0 nvls channels, 4 p2p channels, 1 p2p channels per peer
MOC-R4PCC04U05:104251:104292 [0] NCCL INFO CC Off, workFifoBytes 1048576
MOC-R4PCC04U05:104254:104293 [3] NCCL INFO TUNER/Plugin: Could not find: libnccl-tuner.so. Using internal tuner plugin.
MOC-R4PCC04U05:104254:104293 [3] NCCL INFO ncclCommInitRankConfig comm 0x56320b253ca0 rank 3 nranks 16 cudaDev 3 nvmlDev 3 busId c6000 commId 0xd262c56f5469009a - Init COMPLETE
MOC-R4PCC04U05:104254:104293 [3] NCCL INFO Init timings - ncclCommInitRankConfig: rank 3 nranks 16 total 4.60 (kernels 0.85, alloc 1.74, bootstrap 0.49, allgathers 0.19, topo 0.79, graphs 0.00, connections 0.53, rest 0.02)
MOC-R4PCC04U05:104253:104294 [2] NCCL INFO TUNER/Plugin: Could not find: libnccl-tuner.so. Using internal tuner plugin.
MOC-R4PCC04U05:104253:104294 [2] NCCL INFO ncclCommInitRankConfig comm 0x55972f726310 rank 2 nranks 16 cudaDev 2 nvmlDev 2 busId a6000 commId 0xd262c56f5469009a - Init COMPLETE
MOC-R4PCC04U05:104253:104294 [2] NCCL INFO Init timings - ncclCommInitRankConfig: rank 2 nranks 16 total 4.58 (kernels 0.83, alloc 1.65, bootstrap 0.57, allgathers 0.19, topo 0.79, graphs 0.00, connections 0.54, rest 0.01)
MOC-R4PCC04U05:104252:104296 [1] NCCL INFO TUNER/Plugin: Could not find: libnccl-tuner.so. Using internal tuner plugin.
MOC-R4PCC04U05:104252:104296 [1] NCCL INFO ncclCommInitRankConfig comm 0x5613fc9a5050 rank 1 nranks 16 cudaDev 1 nvmlDev 1 busId 26000 commId 0xd262c56f5469009a - Init COMPLETE
MOC-R4PCC04U05:104252:104296 [1] NCCL INFO Init timings - ncclCommInitRankConfig: rank 1 nranks 16 total 3.94 (kernels 0.51, alloc 1.47, bootstrap 0.43, allgathers 0.19, topo 0.79, graphs 0.00, connections 0.53, rest 0.02)
MOC-R4PCC04U05:104251:104292 [0] NCCL INFO TUNER/Plugin: Could not find: libnccl-tuner.so. Using internal tuner plugin.
MOC-R4PCC04U05:104251:104292 [0] NCCL INFO ncclCommInitRankConfig comm 0x559ae98b34b0 rank 0 nranks 16 cudaDev 0 nvmlDev 0 busId 6000 commId 0xd262c56f5469009a - Init COMPLETE
MOC-R4PCC04U05:104251:104292 [0] NCCL INFO Init timings - ncclCommInitRankConfig: rank 0 nranks 16 total 4.94 (kernels 0.31, alloc 0.68, bootstrap 2.42, allgathers 0.19, topo 0.79, graphs 0.00, connections 0.55, rest 0.00)
MOC-R4PCC04U05:104251:104385 [0] NCCL INFO Channel 01/0 : 0[0] -> 2[2] via P2P/CUMEM
MOC-R4PCC04U05:104251:104385 [0] NCCL INFO Channel 03/0 : 0[0] -> 2[2] via P2P/CUMEM
MOC-R4PCC04U05:104254:104387 [3] NCCL INFO [Proxy Progress] Device 3 CPU core 429
MOC-R4PCC04U05:104254:104383 [3] NCCL INFO Channel 00/0 : 3[3] -> 6[2] [send] via NET/IB/1
MOC-R4PCC04U05:104254:104383 [3] NCCL INFO Channel 02/0 : 3[3] -> 6[2] [send] via NET/IB/1
MOC-R4PCC04U05:104251:104385 [0] NCCL INFO Channel 00/0 : 0[0] -> 3[3] via P2P/CUMEM
MOC-R4PCC04U05:104251:104385 [0] NCCL INFO Channel 02/0 : 0[0] -> 3[3] via P2P/CUMEM
MOC-R4PCC04U05:104253:104388 [2] NCCL INFO [Proxy Progress] Device 2 CPU core 455
MOC-R4PCC04U05:104253:104384 [2] NCCL INFO Channel 00/0 : 15[3] -> 2[2] [receive] via NET/IB/1
MOC-R4PCC04U05:104253:104384 [2] NCCL INFO Channel 02/0 : 15[3] -> 2[2] [receive] via NET/IB/1
MOC-R4PCC04U05:104253:104384 [2] NCCL INFO Channel 01/0 : 2[2] -> 7[3] [send] via NET/IB/1
MOC-R4PCC04U05:104253:104384 [2] NCCL INFO Channel 03/0 : 2[2] -> 7[3] [send] via NET/IB/1
MOC-R4PCC04U05:104253:104384 [2] NCCL INFO Channel 00/0 : 2[2] -> 1[1] via P2P/CUMEM
MOC-R4PCC04U05:104253:104384 [2] NCCL INFO Channel 02/0 : 2[2] -> 1[1] via P2P/CUMEM
MOC-R4PCC04U05:104254:104383 [3] NCCL INFO Channel 01/0 : 14[2] -> 3[3] [receive] via NET/IB/1
MOC-R4PCC04U05:104254:104383 [3] NCCL INFO Channel 03/0 : 14[2] -> 3[3] [receive] via NET/IB/1
MOC-R4PCC04U05:104254:104383 [3] NCCL INFO Channel 01/0 : 3[3] -> 1[1] via P2P/CUMEM
MOC-R4PCC04U05:104254:104383 [3] NCCL INFO Channel 03/0 : 3[3] -> 1[1] via P2P/CUMEM
MOC-R4PCC04U05:104252:104386 [1] NCCL INFO Channel 00/0 : 1[1] -> 0[0] via P2P/CUMEM
MOC-R4PCC04U05:104252:104386 [1] NCCL INFO Channel 01/0 : 1[1] -> 0[0] via P2P/CUMEM
MOC-R4PCC04U05:104252:104386 [1] NCCL INFO Channel 02/0 : 1[1] -> 0[0] via P2P/CUMEM
MOC-R4PCC04U05:104252:104386 [1] NCCL INFO Channel 03/0 : 1[1] -> 0[0] via P2P/CUMEM
MOC-R4PCC04U05:104254:104383 [3] NCCL INFO Connected all rings, use ring PXN 0 GDR 0
MOC-R4PCC04U05:104251:104385 [0] NCCL INFO Connected all rings, use ring PXN 0 GDR 0
MOC-R4PCC04U05:104252:104386 [1] NCCL INFO Connected all rings, use ring PXN 0 GDR 0
MOC-R4PCC04U05:104253:104384 [2] NCCL INFO Connected all rings, use ring PXN 0 GDR 0
num decayed parameter tensors: 50, with 124,318,464 parameters
num non-decayed parameter tensors: 98, with 121,344 parameters
using fused AdamW: False
using regular AdamW
MOC-R4PCC04U05:104251:105012 [0] NCCL INFO Channel 00/0 : 0[0] -> 1[1] via P2P/CUMEM
MOC-R4PCC04U05:104251:105012 [0] NCCL INFO Channel 01/0 : 0[0] -> 1[1] via P2P/CUMEM
MOC-R4PCC04U05:104251:105012 [0] NCCL INFO Channel 02/0 : 0[0] -> 1[1] via P2P/CUMEM
MOC-R4PCC04U05:104251:105012 [0] NCCL INFO Channel 03/0 : 0[0] -> 1[1] via P2P/CUMEM
MOC-R4PCC04U05:104252:105013 [1] NCCL INFO Channel 00/0 : 1[1] -> 2[2] via P2P/CUMEM
MOC-R4PCC04U05:104252:105013 [1] NCCL INFO Channel 01/0 : 1[1] -> 2[2] via P2P/CUMEM
MOC-R4PCC04U05:104252:105013 [1] NCCL INFO Channel 02/0 : 1[1] -> 2[2] via P2P/CUMEM
MOC-R4PCC04U05:104252:105013 [1] NCCL INFO Channel 03/0 : 1[1] -> 2[2] via P2P/CUMEM
MOC-R4PCC04U05:104251:105012 [0] NCCL INFO Channel 01/0 : 0[0] -> 3[3] via P2P/CUMEM
MOC-R4PCC04U05:104253:105010 [2] NCCL INFO Channel 01/0 : 2[2] -> 1[1] via P2P/CUMEM
MOC-R4PCC04U05:104251:105012 [0] NCCL INFO Channel 03/0 : 0[0] -> 3[3] via P2P/CUMEM
MOC-R4PCC04U05:104253:105010 [2] NCCL INFO Channel 03/0 : 2[2] -> 1[1] via P2P/CUMEM
MOC-R4PCC04U05:104254:105011 [3] NCCL INFO Channel 02/0 : 3[3] -> 7[3] [send] via NET/IB/1
MOC-R4PCC04U05:104254:105011 [3] NCCL INFO Channel 03/0 : 3[3] -> 7[3] [send] via NET/IB/1
MOC-R4PCC04U05:104254:105011 [3] NCCL INFO Channel 00/0 : 11[3] -> 3[3] [receive] via NET/IB/1
MOC-R4PCC04U05:104254:105011 [3] NCCL INFO Channel 01/0 : 11[3] -> 3[3] [receive] via NET/IB/1
MOC-R4PCC04U05:104254:105011 [3] NCCL INFO Channel 00/0 : 3[3] -> 11[3] [send] via NET/IB/1
MOC-R4PCC04U05:104254:105011 [3] NCCL INFO Channel 01/0 : 3[3] -> 11[3] [send] via NET/IB/1
MOC-R4PCC04U05:104254:105011 [3] NCCL INFO Channel 02/0 : 7[3] -> 3[3] [receive] via NET/IB/1
MOC-R4PCC04U05:104254:105011 [3] NCCL INFO Channel 03/0 : 7[3] -> 3[3] [receive] via NET/IB/1
MOC-R4PCC04U05:104254:105011 [3] NCCL INFO Channel 00/0 : 3[3] -> 0[0] via P2P/CUMEM
MOC-R4PCC04U05:104254:105011 [3] NCCL INFO Channel 01/0 : 3[3] -> 0[0] via P2P/CUMEM
MOC-R4PCC04U05:104254:105011 [3] NCCL INFO Channel 02/0 : 3[3] -> 0[0] via P2P/CUMEM
MOC-R4PCC04U05:104254:105011 [3] NCCL INFO Channel 03/0 : 3[3] -> 0[0] via P2P/CUMEM
MOC-R4PCC04U05:104252:105013 [1] NCCL INFO Connected all trees
MOC-R4PCC04U05:104253:105010 [2] NCCL INFO Connected all trees
MOC-R4PCC04U05:104254:105011 [3] NCCL INFO Connected all trees
MOC-R4PCC04U05:104251:105012 [0] NCCL INFO Connected all trees
step    1/10 | train loss 11.010139 | norm 15.4234 | lr 1.00e-04 | (14842.00 ms | 105974 tok/s)
step    2/10 | train loss 10.136944 | norm 5.7588 | lr 1.00e-04 | (285.45 ms | 5510057 tok/s)
step    3/10 | train loss 9.795475 | norm 2.6124 | lr 1.00e-04 | (287.63 ms | 5468339 tok/s)
step    4/10 | train loss 9.625648 | norm 2.1154 | lr 1.00e-04 | (285.79 ms | 5503658 tok/s)
step    5/10 | train loss 9.542591 | norm 2.1031 | lr 1.00e-04 | (283.87 ms | 5540804 tok/s)
step    6/10 | train loss 9.461346 | norm 1.9978 | lr 1.00e-04 | (285.67 ms | 5505950 tok/s)
step    7/10 | train loss 9.375706 | norm 1.9473 | lr 1.00e-04 | (285.55 ms | 5508125 tok/s)
step    8/10 | train loss 9.283989 | norm 1.9146 | lr 1.00e-04 | (284.49 ms | 5528800 tok/s)
step    9/10 | train loss 9.188587 | norm 1.8601 | lr 1.00e-04 | (284.91 ms | 5520510 tok/s)
step   10/10 | train loss 9.103168 | norm 1.7948 | lr 1.00e-04 | (288.86 ms | 5445135 tok/s)
final 9 iters avg: 285.802ms
peak memory consumption: 16601 MiB
MOC-R4PCC04U05:104252:105019 [1] NCCL INFO comm 0x5613fc9a5050 rank 1 nranks 16 cudaDev 1 busId 26000 - Destroy COMPLETE
MOC-R4PCC04U05:104251:105021 [0] NCCL INFO comm 0x559ae98b34b0 rank 0 nranks 16 cudaDev 0 busId 6000 - Destroy COMPLETE
MOC-R4PCC04U05:104254:105020 [3] NCCL INFO comm 0x56320b253ca0 rank 3 nranks 16 cudaDev 3 busId c6000 - Destroy COMPLETE
MOC-R4PCC04U05:104253:105018 [2] NCCL INFO comm 0x55972f726310 rank 2 nranks 16 cudaDev 2 busId a6000 - Destroy COMPLETE
