Running pytorch 2.7.0+cu126
using device: cuda:0
total desired batch size: 2097152
=> calculated gradient accumulation steps: 8
using device: cuda:2
using device: cuda:3
using device: cuda:1
compiling the model...
DataLoader: total number of tokens: 1,661,249,667 across 103 files
MOC-R4PCC04U05:252870:252870 [0] NCCL INFO NCCL_SOCKET_IFNAME set by environment to eno7np0
MOC-R4PCC04U05:252870:252870 [0] NCCL INFO Bootstrap: Using eno7np0:192.168.50.193<0>
MOC-R4PCC04U05:252870:252870 [0] NCCL INFO cudaDriverVersion 12040
MOC-R4PCC04U05:252870:252870 [0] NCCL INFO NCCL version 2.26.2+cuda12.2
MOC-R4PCC04U05:252870:252870 [0] NCCL INFO Comm config Blocking set to 1
MOC-R4PCC04U05:252870:252911 [0] NCCL INFO NET/Plugin: Could not find: libnccl-net.so. Using internal net plugin.
MOC-R4PCC04U05:252870:252911 [0] NCCL INFO NCCL_IB_DISABLE set by environment to 0.
MOC-R4PCC04U05:252870:252911 [0] NCCL INFO NCCL_SOCKET_IFNAME set by environment to eno7np0
MOC-R4PCC04U05:252870:252911 [0] NCCL INFO NCCL_IB_HCA set to mlx5_5
MOC-R4PCC04U05:252872:252872 [2] NCCL INFO cudaDriverVersion 12040
MOC-R4PCC04U05:252872:252872 [2] NCCL INFO NCCL_SOCKET_IFNAME set by environment to eno7np0
MOC-R4PCC04U05:252872:252872 [2] NCCL INFO Bootstrap: Using eno7np0:192.168.50.193<0>
MOC-R4PCC04U05:252872:252872 [2] NCCL INFO NCCL version 2.26.2+cuda12.2
MOC-R4PCC04U05:252872:252872 [2] NCCL INFO Comm config Blocking set to 1
MOC-R4PCC04U05:252870:252911 [0] NCCL INFO NET/IB : Using [0]mlx5_5:1/RoCE [RO]; OOB eno7np0:192.168.50.193<0>
MOC-R4PCC04U05:252870:252911 [0] NCCL INFO PROFILER/Plugin: Could not find: libnccl-profiler.so. 
MOC-R4PCC04U05:252870:252911 [0] NCCL INFO Using network IB
MOC-R4PCC04U05:252870:252911 [0] NCCL INFO DMA-BUF is available on GPU device 0
MOC-R4PCC04U05:252870:252911 [0] NCCL INFO ncclCommInitRankConfig comm 0x563e69aa5d40 rank 0 nranks 8 cudaDev 0 nvmlDev 0 busId 6000 commId 0x1604d40f1172e212 - Init START
MOC-R4PCC04U05:252871:252871 [1] NCCL INFO cudaDriverVersion 12040
MOC-R4PCC04U05:252871:252871 [1] NCCL INFO NCCL_SOCKET_IFNAME set by environment to eno7np0
MOC-R4PCC04U05:252871:252871 [1] NCCL INFO Bootstrap: Using eno7np0:192.168.50.193<0>
MOC-R4PCC04U05:252871:252871 [1] NCCL INFO NCCL version 2.26.2+cuda12.2
MOC-R4PCC04U05:252871:252871 [1] NCCL INFO Comm config Blocking set to 1
MOC-R4PCC04U05:252873:252873 [3] NCCL INFO cudaDriverVersion 12040
MOC-R4PCC04U05:252873:252873 [3] NCCL INFO NCCL_SOCKET_IFNAME set by environment to eno7np0
MOC-R4PCC04U05:252873:252873 [3] NCCL INFO Bootstrap: Using eno7np0:192.168.50.193<0>
MOC-R4PCC04U05:252873:252873 [3] NCCL INFO NCCL version 2.26.2+cuda12.2
MOC-R4PCC04U05:252873:252873 [3] NCCL INFO Comm config Blocking set to 1
MOC-R4PCC04U05:252872:252912 [2] NCCL INFO NET/Plugin: Could not find: libnccl-net.so. Using internal net plugin.
MOC-R4PCC04U05:252872:252912 [2] NCCL INFO NCCL_IB_DISABLE set by environment to 0.
MOC-R4PCC04U05:252872:252912 [2] NCCL INFO NCCL_SOCKET_IFNAME set by environment to eno7np0
MOC-R4PCC04U05:252872:252912 [2] NCCL INFO NCCL_IB_HCA set to mlx5_5
MOC-R4PCC04U05:252872:252912 [2] NCCL INFO NET/IB : Using [0]mlx5_5:1/RoCE [RO]; OOB eno7np0:192.168.50.193<0>
MOC-R4PCC04U05:252872:252912 [2] NCCL INFO PROFILER/Plugin: Could not find: libnccl-profiler.so. 
MOC-R4PCC04U05:252872:252912 [2] NCCL INFO Using network IB
MOC-R4PCC04U05:252871:252914 [1] NCCL INFO NET/Plugin: Could not find: libnccl-net.so. Using internal net plugin.
MOC-R4PCC04U05:252871:252914 [1] NCCL INFO NCCL_IB_DISABLE set by environment to 0.
MOC-R4PCC04U05:252871:252914 [1] NCCL INFO NCCL_SOCKET_IFNAME set by environment to eno7np0
MOC-R4PCC04U05:252871:252914 [1] NCCL INFO NCCL_IB_HCA set to mlx5_5
MOC-R4PCC04U05:252871:252914 [1] NCCL INFO NET/IB : Using [0]mlx5_5:1/RoCE [RO]; OOB eno7np0:192.168.50.193<0>
MOC-R4PCC04U05:252871:252914 [1] NCCL INFO PROFILER/Plugin: Could not find: libnccl-profiler.so. 
MOC-R4PCC04U05:252871:252914 [1] NCCL INFO Using network IB
MOC-R4PCC04U05:252873:252915 [3] NCCL INFO NET/Plugin: Could not find: libnccl-net.so. Using internal net plugin.
MOC-R4PCC04U05:252873:252915 [3] NCCL INFO NCCL_IB_DISABLE set by environment to 0.
MOC-R4PCC04U05:252873:252915 [3] NCCL INFO NCCL_SOCKET_IFNAME set by environment to eno7np0
MOC-R4PCC04U05:252873:252915 [3] NCCL INFO NCCL_IB_HCA set to mlx5_5
MOC-R4PCC04U05:252873:252915 [3] NCCL INFO NET/IB : Using [0]mlx5_5:1/RoCE [RO]; OOB eno7np0:192.168.50.193<0>
MOC-R4PCC04U05:252873:252915 [3] NCCL INFO PROFILER/Plugin: Could not find: libnccl-profiler.so. 
MOC-R4PCC04U05:252873:252915 [3] NCCL INFO Using network IB
MOC-R4PCC04U05:252872:252912 [2] NCCL INFO DMA-BUF is available on GPU device 2
MOC-R4PCC04U05:252872:252912 [2] NCCL INFO ncclCommInitRankConfig comm 0x5608a6fa2550 rank 2 nranks 8 cudaDev 2 nvmlDev 2 busId a6000 commId 0x1604d40f1172e212 - Init START
MOC-R4PCC04U05:252871:252914 [1] NCCL INFO DMA-BUF is available on GPU device 1
MOC-R4PCC04U05:252871:252914 [1] NCCL INFO ncclCommInitRankConfig comm 0x56368f97cb20 rank 1 nranks 8 cudaDev 1 nvmlDev 1 busId 26000 commId 0x1604d40f1172e212 - Init START
MOC-R4PCC04U05:252871:252914 [1] NCCL INFO RAS client listening socket at ::1<28028>
MOC-R4PCC04U05:252870:252911 [0] NCCL INFO RAS client listening socket at ::1<28028>
MOC-R4PCC04U05:252873:252915 [3] NCCL INFO DMA-BUF is available on GPU device 3
MOC-R4PCC04U05:252873:252915 [3] NCCL INFO ncclCommInitRankConfig comm 0x55fccabb83f0 rank 3 nranks 8 cudaDev 3 nvmlDev 3 busId c6000 commId 0x1604d40f1172e212 - Init START
MOC-R4PCC04U05:252872:252912 [2] NCCL INFO RAS client listening socket at ::1<28028>
MOC-R4PCC04U05:252873:252915 [3] NCCL INFO RAS client listening socket at ::1<28028>
MOC-R4PCC04U05:252870:252911 [0] NCCL INFO Bootstrap timings total 2.129513 (create 0.000145, send 0.000483, recv 1.992032, ring 0.135253, delay 0.000001)
MOC-R4PCC04U05:252873:252915 [3] NCCL INFO Bootstrap timings total 0.127919 (create 0.000168, send 0.000332, recv 0.000523, ring 0.125554, delay 0.000001)
MOC-R4PCC04U05:252872:252912 [2] NCCL INFO Bootstrap timings total 0.586220 (create 0.000162, send 0.000367, recv 0.458740, ring 0.125857, delay 0.000001)
MOC-R4PCC04U05:252871:252914 [1] NCCL INFO Bootstrap timings total 0.137785 (create 0.000130, send 0.000273, recv 0.000542, ring 0.135497, delay 0.000001)
MOC-R4PCC04U05:252870:252911 [0] NCCL INFO NCCL_NET_GDR_LEVEL set by environment to LOC
MOC-R4PCC04U05:252870:252911 [0] NCCL INFO Setting affinity for GPU 0 to ffffffff,ffffffff,ffffffff,ffffffff,00000000,00000000,00000000,00000000,ffffffff,ffffffff,ffffffff,ffffffff
MOC-R4PCC04U05:252871:252914 [1] NCCL INFO NCCL_NET_GDR_LEVEL set by environment to LOC
MOC-R4PCC04U05:252871:252914 [1] NCCL INFO Setting affinity for GPU 1 to ffffffff,ffffffff,ffffffff,ffffffff,00000000,00000000,00000000,00000000,ffffffff,ffffffff,ffffffff,ffffffff
MOC-R4PCC04U05:252871:252914 [1] NCCL INFO NVLS multicast support is not available on dev 1
MOC-R4PCC04U05:252873:252915 [3] NCCL INFO NCCL_NET_GDR_LEVEL set by environment to LOC
MOC-R4PCC04U05:252873:252915 [3] NCCL INFO Setting affinity for GPU 3 to ffffffff,ffffffff,ffffffff,ffffffff,00000000,00000000,00000000,00000000,ffffffff,ffffffff,ffffffff,ffffffff,00000000,00000000,00000000,00000000
MOC-R4PCC04U05:252873:252915 [3] NCCL INFO NVLS multicast support is not available on dev 3
MOC-R4PCC04U05:252872:252912 [2] NCCL INFO NCCL_NET_GDR_LEVEL set by environment to LOC
MOC-R4PCC04U05:252872:252912 [2] NCCL INFO Setting affinity for GPU 2 to ffffffff,ffffffff,ffffffff,ffffffff,00000000,00000000,00000000,00000000,ffffffff,ffffffff,ffffffff,ffffffff,00000000,00000000,00000000,00000000
MOC-R4PCC04U05:252872:252912 [2] NCCL INFO NVLS multicast support is not available on dev 2
MOC-R4PCC04U05:252870:252911 [0] NCCL INFO NVLS multicast support is not available on dev 0
MOC-R4PCC04U05:252873:252915 [3] NCCL INFO comm 0x55fccabb83f0 rank 3 nRanks 8 nNodes 2 localRanks 4 localRank 3 MNNVL 0
MOC-R4PCC04U05:252872:252912 [2] NCCL INFO comm 0x5608a6fa2550 rank 2 nRanks 8 nNodes 2 localRanks 4 localRank 2 MNNVL 0
MOC-R4PCC04U05:252871:252914 [1] NCCL INFO comm 0x56368f97cb20 rank 1 nRanks 8 nNodes 2 localRanks 4 localRank 1 MNNVL 0
MOC-R4PCC04U05:252870:252911 [0] NCCL INFO comm 0x563e69aa5d40 rank 0 nRanks 8 nNodes 2 localRanks 4 localRank 0 MNNVL 0
MOC-R4PCC04U05:252873:252915 [3] NCCL INFO Trees [0] 0/7/-1->3->-1 [1] 0/7/-1->3->-1 [2] 0/-1/-1->3->7 [3] 0/-1/-1->3->7
MOC-R4PCC04U05:252873:252915 [3] NCCL INFO P2P Chunksize set to 131072
MOC-R4PCC04U05:252872:252912 [2] NCCL INFO Trees [0] -1/-1/-1->2->1 [1] -1/-1/-1->2->1 [2] -1/-1/-1->2->1 [3] -1/-1/-1->2->1
MOC-R4PCC04U05:252872:252912 [2] NCCL INFO P2P Chunksize set to 131072
MOC-R4PCC04U05:252871:252914 [1] NCCL INFO Trees [0] 2/-1/-1->1->0 [1] 2/-1/-1->1->0 [2] 2/-1/-1->1->0 [3] 2/-1/-1->1->0
MOC-R4PCC04U05:252870:252911 [0] NCCL INFO Channel 00/04 : 0 3 6 5 4 7 2 1
MOC-R4PCC04U05:252871:252914 [1] NCCL INFO P2P Chunksize set to 131072
MOC-R4PCC04U05:252870:252911 [0] NCCL INFO Channel 01/04 : 0 2 7 5 4 6 3 1
MOC-R4PCC04U05:252870:252911 [0] NCCL INFO Channel 02/04 : 0 3 6 5 4 7 2 1
MOC-R4PCC04U05:252870:252911 [0] NCCL INFO Channel 03/04 : 0 2 7 5 4 6 3 1
MOC-R4PCC04U05:252870:252911 [0] NCCL INFO Trees [0] 1/-1/-1->0->3 [1] 1/-1/-1->0->3 [2] 1/-1/-1->0->3 [3] 1/-1/-1->0->3
MOC-R4PCC04U05:252870:252911 [0] NCCL INFO P2P Chunksize set to 131072
MOC-R4PCC04U05:252870:252911 [0] NCCL INFO Check P2P Type intraNodeP2pSupport 1 directMode 0
MOC-R4PCC04U05:252870:252931 [0] NCCL INFO [Proxy Service] Device 0 CPU core 20
MOC-R4PCC04U05:252872:252927 [2] NCCL INFO [Proxy Service] Device 2 CPU core 455
MOC-R4PCC04U05:252872:252928 [2] NCCL INFO [Proxy Service UDS] Device 2 CPU core 456
MOC-R4PCC04U05:252871:252929 [1] NCCL INFO [Proxy Service] Device 1 CPU core 14
MOC-R4PCC04U05:252873:252930 [3] NCCL INFO [Proxy Service] Device 3 CPU core 471
MOC-R4PCC04U05:252870:252933 [0] NCCL INFO [Proxy Service UDS] Device 0 CPU core 295
MOC-R4PCC04U05:252871:252932 [1] NCCL INFO [Proxy Service UDS] Device 1 CPU core 281
MOC-R4PCC04U05:252873:252934 [3] NCCL INFO [Proxy Service UDS] Device 3 CPU core 473
MOC-R4PCC04U05:252872:252912 [2] NCCL INFO threadThresholds 8/8/64 | 64/8/64 | 512 | 512
MOC-R4PCC04U05:252872:252912 [2] NCCL INFO 4 coll channels, 4 collnet channels, 0 nvls channels, 4 p2p channels, 2 p2p channels per peer
MOC-R4PCC04U05:252873:252915 [3] NCCL INFO threadThresholds 8/8/64 | 64/8/64 | 512 | 512
MOC-R4PCC04U05:252873:252915 [3] NCCL INFO 4 coll channels, 4 collnet channels, 0 nvls channels, 4 p2p channels, 2 p2p channels per peer
MOC-R4PCC04U05:252871:252914 [1] NCCL INFO threadThresholds 8/8/64 | 64/8/64 | 512 | 512
MOC-R4PCC04U05:252871:252914 [1] NCCL INFO 4 coll channels, 4 collnet channels, 0 nvls channels, 4 p2p channels, 2 p2p channels per peer
MOC-R4PCC04U05:252870:252911 [0] NCCL INFO threadThresholds 8/8/64 | 64/8/64 | 512 | 512
MOC-R4PCC04U05:252870:252911 [0] NCCL INFO 4 coll channels, 4 collnet channels, 0 nvls channels, 4 p2p channels, 2 p2p channels per peer
MOC-R4PCC04U05:252870:252911 [0] NCCL INFO CC Off, workFifoBytes 1048576
MOC-R4PCC04U05:252873:252915 [3] NCCL INFO TUNER/Plugin: Could not find: libnccl-tuner.so. Using internal tuner plugin.
MOC-R4PCC04U05:252873:252915 [3] NCCL INFO ncclCommInitRankConfig comm 0x55fccabb83f0 rank 3 nranks 8 cudaDev 3 nvmlDev 3 busId c6000 commId 0x1604d40f1172e212 - Init COMPLETE
MOC-R4PCC04U05:252873:252915 [3] NCCL INFO Init timings - ncclCommInitRankConfig: rank 3 nranks 8 total 3.20 (kernels 0.59, alloc 1.40, bootstrap 0.13, allgathers 0.02, topo 0.74, graphs 0.00, connections 0.30, rest 0.03)
MOC-R4PCC04U05:252872:252912 [2] NCCL INFO TUNER/Plugin: Could not find: libnccl-tuner.so. Using internal tuner plugin.
MOC-R4PCC04U05:252872:252912 [2] NCCL INFO ncclCommInitRankConfig comm 0x5608a6fa2550 rank 2 nranks 8 cudaDev 2 nvmlDev 2 busId a6000 commId 0x1604d40f1172e212 - Init COMPLETE
MOC-R4PCC04U05:252872:252912 [2] NCCL INFO Init timings - ncclCommInitRankConfig: rank 2 nranks 8 total 3.79 (kernels 0.78, alloc 1.35, bootstrap 0.59, allgathers 0.01, topo 0.74, graphs 0.00, connections 0.30, rest 0.03)
MOC-R4PCC04U05:252870:252911 [0] NCCL INFO TUNER/Plugin: Could not find: libnccl-tuner.so. Using internal tuner plugin.
MOC-R4PCC04U05:252871:252914 [1] NCCL INFO TUNER/Plugin: Could not find: libnccl-tuner.so. Using internal tuner plugin.
MOC-R4PCC04U05:252870:252911 [0] NCCL INFO ncclCommInitRankConfig comm 0x563e69aa5d40 rank 0 nranks 8 cudaDev 0 nvmlDev 0 busId 6000 commId 0x1604d40f1172e212 - Init COMPLETE
MOC-R4PCC04U05:252871:252914 [1] NCCL INFO ncclCommInitRankConfig comm 0x56368f97cb20 rank 1 nranks 8 cudaDev 1 nvmlDev 1 busId 26000 commId 0x1604d40f1172e212 - Init COMPLETE
MOC-R4PCC04U05:252870:252911 [0] NCCL INFO Init timings - ncclCommInitRankConfig: rank 0 nranks 8 total 4.22 (kernels 0.31, alloc 0.69, bootstrap 2.13, allgathers 0.00, topo 0.74, graphs 0.00, connections 0.33, rest 0.01)
MOC-R4PCC04U05:252871:252914 [1] NCCL INFO Init timings - ncclCommInitRankConfig: rank 1 nranks 8 total 3.21 (kernels 0.41, alloc 1.57, bootstrap 0.14, allgathers 0.01, topo 0.74, graphs 0.00, connections 0.32, rest 0.01)
MOC-R4PCC04U05:252870:252936 [0] NCCL INFO Channel 01/0 : 0[0] -> 2[2] via P2P/CUMEM
MOC-R4PCC04U05:252870:252936 [0] NCCL INFO Channel 03/0 : 0[0] -> 2[2] via P2P/CUMEM
MOC-R4PCC04U05:252870:252936 [0] NCCL INFO Channel 00/0 : 0[0] -> 3[3] via P2P/CUMEM
MOC-R4PCC04U05:252870:252936 [0] NCCL INFO Channel 02/0 : 0[0] -> 3[3] via P2P/CUMEM
MOC-R4PCC04U05:252872:252939 [2] NCCL INFO [Proxy Progress] Device 2 CPU core 431
MOC-R4PCC04U05:252872:252937 [2] NCCL INFO Channel 00/0 : 7[3] -> 2[2] [receive] via NET/IB/1
MOC-R4PCC04U05:252872:252937 [2] NCCL INFO Channel 02/0 : 7[3] -> 2[2] [receive] via NET/IB/1
MOC-R4PCC04U05:252872:252937 [2] NCCL INFO Channel 01/0 : 2[2] -> 7[3] [send] via NET/IB/1
MOC-R4PCC04U05:252872:252937 [2] NCCL INFO Channel 03/0 : 2[2] -> 7[3] [send] via NET/IB/1
MOC-R4PCC04U05:252872:252937 [2] NCCL INFO Channel 00/0 : 2[2] -> 1[1] via P2P/CUMEM
MOC-R4PCC04U05:252872:252937 [2] NCCL INFO Channel 02/0 : 2[2] -> 1[1] via P2P/CUMEM
MOC-R4PCC04U05:252873:252938 [3] NCCL INFO Channel 00/0 : 3[3] -> 6[2] [send] via NET/IB/1
MOC-R4PCC04U05:252873:252940 [3] NCCL INFO [Proxy Progress] Device 3 CPU core 398
MOC-R4PCC04U05:252873:252938 [3] NCCL INFO Channel 02/0 : 3[3] -> 6[2] [send] via NET/IB/1
MOC-R4PCC04U05:252873:252938 [3] NCCL INFO Channel 01/0 : 6[2] -> 3[3] [receive] via NET/IB/1
MOC-R4PCC04U05:252873:252938 [3] NCCL INFO Channel 03/0 : 6[2] -> 3[3] [receive] via NET/IB/1
MOC-R4PCC04U05:252873:252938 [3] NCCL INFO Channel 01/0 : 3[3] -> 1[1] via P2P/CUMEM
MOC-R4PCC04U05:252873:252938 [3] NCCL INFO Channel 03/0 : 3[3] -> 1[1] via P2P/CUMEM
MOC-R4PCC04U05:252871:252935 [1] NCCL INFO Channel 00/0 : 1[1] -> 0[0] via P2P/CUMEM
MOC-R4PCC04U05:252871:252935 [1] NCCL INFO Channel 01/0 : 1[1] -> 0[0] via P2P/CUMEM
MOC-R4PCC04U05:252871:252935 [1] NCCL INFO Channel 02/0 : 1[1] -> 0[0] via P2P/CUMEM
MOC-R4PCC04U05:252871:252935 [1] NCCL INFO Channel 03/0 : 1[1] -> 0[0] via P2P/CUMEM
MOC-R4PCC04U05:252873:252938 [3] NCCL INFO Connected all rings, use ring PXN 0 GDR 0
MOC-R4PCC04U05:252871:252935 [1] NCCL INFO Connected all rings, use ring PXN 0 GDR 0
MOC-R4PCC04U05:252872:252937 [2] NCCL INFO Connected all rings, use ring PXN 0 GDR 0
MOC-R4PCC04U05:252870:252936 [0] NCCL INFO Connected all rings, use ring PXN 0 GDR 0
num decayed parameter tensors: 50, with 124,318,464 parameters
num non-decayed parameter tensors: 98, with 121,344 parameters
using fused AdamW: False
using regular AdamW
MOC-R4PCC04U05:252870:253629 [0] NCCL INFO Channel 00/0 : 0[0] -> 1[1] via P2P/CUMEM
MOC-R4PCC04U05:252870:253629 [0] NCCL INFO Channel 01/0 : 0[0] -> 1[1] via P2P/CUMEM
MOC-R4PCC04U05:252870:253629 [0] NCCL INFO Channel 02/0 : 0[0] -> 1[1] via P2P/CUMEM
MOC-R4PCC04U05:252870:253629 [0] NCCL INFO Channel 03/0 : 0[0] -> 1[1] via P2P/CUMEM
MOC-R4PCC04U05:252871:253630 [1] NCCL INFO Channel 00/0 : 1[1] -> 2[2] via P2P/CUMEM
MOC-R4PCC04U05:252871:253630 [1] NCCL INFO Channel 01/0 : 1[1] -> 2[2] via P2P/CUMEM
MOC-R4PCC04U05:252871:253630 [1] NCCL INFO Channel 02/0 : 1[1] -> 2[2] via P2P/CUMEM
MOC-R4PCC04U05:252871:253630 [1] NCCL INFO Channel 03/0 : 1[1] -> 2[2] via P2P/CUMEM
MOC-R4PCC04U05:252870:253629 [0] NCCL INFO Channel 01/0 : 0[0] -> 3[3] via P2P/CUMEM
MOC-R4PCC04U05:252870:253629 [0] NCCL INFO Channel 03/0 : 0[0] -> 3[3] via P2P/CUMEM
MOC-R4PCC04U05:252872:253631 [2] NCCL INFO Channel 01/0 : 2[2] -> 1[1] via P2P/CUMEM
MOC-R4PCC04U05:252872:253631 [2] NCCL INFO Channel 03/0 : 2[2] -> 1[1] via P2P/CUMEM
MOC-R4PCC04U05:252873:253632 [3] NCCL INFO Channel 00/0 : 7[3] -> 3[3] [receive] via NET/IB/1
MOC-R4PCC04U05:252873:253632 [3] NCCL INFO Channel 01/0 : 7[3] -> 3[3] [receive] via NET/IB/1
MOC-R4PCC04U05:252873:253632 [3] NCCL INFO Channel 02/0 : 7[3] -> 3[3] [receive] via NET/IB/1
MOC-R4PCC04U05:252873:253632 [3] NCCL INFO Channel 03/0 : 7[3] -> 3[3] [receive] via NET/IB/1
MOC-R4PCC04U05:252873:253632 [3] NCCL INFO Channel 00/0 : 3[3] -> 7[3] [send] via NET/IB/1
MOC-R4PCC04U05:252873:253632 [3] NCCL INFO Channel 01/0 : 3[3] -> 7[3] [send] via NET/IB/1
MOC-R4PCC04U05:252873:253632 [3] NCCL INFO Channel 02/0 : 3[3] -> 7[3] [send] via NET/IB/1
MOC-R4PCC04U05:252873:253632 [3] NCCL INFO Channel 03/0 : 3[3] -> 7[3] [send] via NET/IB/1
MOC-R4PCC04U05:252873:253632 [3] NCCL INFO Channel 00/0 : 3[3] -> 0[0] via P2P/CUMEM
MOC-R4PCC04U05:252873:253632 [3] NCCL INFO Channel 01/0 : 3[3] -> 0[0] via P2P/CUMEM
MOC-R4PCC04U05:252873:253632 [3] NCCL INFO Channel 02/0 : 3[3] -> 0[0] via P2P/CUMEM
MOC-R4PCC04U05:252873:253632 [3] NCCL INFO Channel 03/0 : 3[3] -> 0[0] via P2P/CUMEM
MOC-R4PCC04U05:252872:253631 [2] NCCL INFO Connected all trees
MOC-R4PCC04U05:252871:253630 [1] NCCL INFO Connected all trees
MOC-R4PCC04U05:252870:253629 [0] NCCL INFO Connected all trees
MOC-R4PCC04U05:252873:253632 [3] NCCL INFO Connected all trees
step    1/10 | train loss 11.009807 | norm 15.3616 | lr 1.00e-04 | (13866.53 ms | 151238 tok/s)
step    2/10 | train loss 10.138543 | norm 5.7423 | lr 1.00e-04 | (628.91 ms | 3334580 tok/s)
step    3/10 | train loss 9.797911 | norm 2.6066 | lr 1.00e-04 | (627.39 ms | 3342663 tok/s)
step    4/10 | train loss 9.628575 | norm 2.1114 | lr 1.00e-04 | (627.48 ms | 3342171 tok/s)
step    5/10 | train loss 9.545599 | norm 2.1044 | lr 1.00e-04 | (633.04 ms | 3312810 tok/s)
step    6/10 | train loss 9.464418 | norm 1.9969 | lr 1.00e-04 | (631.22 ms | 3322361 tok/s)
step    7/10 | train loss 9.378776 | norm 1.9478 | lr 1.00e-04 | (631.86 ms | 3319002 tok/s)
step    8/10 | train loss 9.286816 | norm 1.9138 | lr 1.00e-04 | (632.21 ms | 3317191 tok/s)
step    9/10 | train loss 9.191310 | norm 1.8553 | lr 1.00e-04 | (630.81 ms | 3324560 tok/s)
step   10/10 | train loss 9.107037 | norm 1.7972 | lr 1.00e-04 | (634.98 ms | 3302705 tok/s)
final 9 iters avg: 630.878ms
peak memory consumption: 16601 MiB
MOC-R4PCC04U05:252871:253638 [1] NCCL INFO comm 0x56368f97cb20 rank 1 nranks 8 cudaDev 1 busId 26000 - Destroy COMPLETE
MOC-R4PCC04U05:252873:253640 [3] NCCL INFO comm 0x55fccabb83f0 rank 3 nranks 8 cudaDev 3 busId c6000 - Destroy COMPLETE
MOC-R4PCC04U05:252870:253639 [0] NCCL INFO comm 0x563e69aa5d40 rank 0 nranks 8 cudaDev 0 busId 6000 - Destroy COMPLETE
MOC-R4PCC04U05:252872:253637 [2] NCCL INFO comm 0x5608a6fa2550 rank 2 nranks 8 cudaDev 2 busId a6000 - Destroy COMPLETE
