Running pytorch 2.7.0+cu126
using device: cuda:0
total desired batch size: 1572864
=> calculated gradient accumulation steps: 6
using device: cuda:1
using device: cuda:3
using device: cuda:2
compiling the model...
DataLoader: total number of tokens: 1,661,249,667 across 103 files
MOC-R4PCC04U05:251189:251189 [0] NCCL INFO NCCL_SOCKET_IFNAME set by environment to eno7np0
MOC-R4PCC04U05:251189:251189 [0] NCCL INFO Bootstrap: Using eno7np0:192.168.50.193<0>
MOC-R4PCC04U05:251189:251189 [0] NCCL INFO cudaDriverVersion 12040
MOC-R4PCC04U05:251189:251189 [0] NCCL INFO NCCL version 2.26.2+cuda12.2
MOC-R4PCC04U05:251189:251189 [0] NCCL INFO Comm config Blocking set to 1
MOC-R4PCC04U05:251190:251190 [1] NCCL INFO cudaDriverVersion 12040
MOC-R4PCC04U05:251190:251190 [1] NCCL INFO NCCL_SOCKET_IFNAME set by environment to eno7np0
MOC-R4PCC04U05:251190:251190 [1] NCCL INFO Bootstrap: Using eno7np0:192.168.50.193<0>
MOC-R4PCC04U05:251190:251190 [1] NCCL INFO NCCL version 2.26.2+cuda12.2
MOC-R4PCC04U05:251190:251190 [1] NCCL INFO Comm config Blocking set to 1
MOC-R4PCC04U05:251192:251192 [3] NCCL INFO cudaDriverVersion 12040
MOC-R4PCC04U05:251192:251192 [3] NCCL INFO NCCL_SOCKET_IFNAME set by environment to eno7np0
MOC-R4PCC04U05:251192:251192 [3] NCCL INFO Bootstrap: Using eno7np0:192.168.50.193<0>
MOC-R4PCC04U05:251192:251192 [3] NCCL INFO NCCL version 2.26.2+cuda12.2
MOC-R4PCC04U05:251192:251192 [3] NCCL INFO Comm config Blocking set to 1
MOC-R4PCC04U05:251191:251191 [2] NCCL INFO cudaDriverVersion 12040
MOC-R4PCC04U05:251191:251191 [2] NCCL INFO NCCL_SOCKET_IFNAME set by environment to eno7np0
MOC-R4PCC04U05:251191:251191 [2] NCCL INFO Bootstrap: Using eno7np0:192.168.50.193<0>
MOC-R4PCC04U05:251191:251191 [2] NCCL INFO NCCL version 2.26.2+cuda12.2
MOC-R4PCC04U05:251191:251191 [2] NCCL INFO Comm config Blocking set to 1
MOC-R4PCC04U05:251189:251233 [0] NCCL INFO NET/Plugin: Could not find: libnccl-net.so. Using internal net plugin.
MOC-R4PCC04U05:251189:251233 [0] NCCL INFO NCCL_IB_DISABLE set by environment to 0.
MOC-R4PCC04U05:251189:251233 [0] NCCL INFO NCCL_SOCKET_IFNAME set by environment to eno7np0
MOC-R4PCC04U05:251189:251233 [0] NCCL INFO NCCL_IB_HCA set to mlx5_5
MOC-R4PCC04U05:251190:251234 [1] NCCL INFO NET/Plugin: Could not find: libnccl-net.so. Using internal net plugin.
MOC-R4PCC04U05:251190:251234 [1] NCCL INFO NCCL_IB_DISABLE set by environment to 0.
MOC-R4PCC04U05:251190:251234 [1] NCCL INFO NCCL_SOCKET_IFNAME set by environment to eno7np0
MOC-R4PCC04U05:251190:251234 [1] NCCL INFO NCCL_IB_HCA set to mlx5_5
MOC-R4PCC04U05:251192:251235 [3] NCCL INFO NET/Plugin: Could not find: libnccl-net.so. Using internal net plugin.
MOC-R4PCC04U05:251192:251235 [3] NCCL INFO NCCL_IB_DISABLE set by environment to 0.
MOC-R4PCC04U05:251192:251235 [3] NCCL INFO NCCL_SOCKET_IFNAME set by environment to eno7np0
MOC-R4PCC04U05:251192:251235 [3] NCCL INFO NCCL_IB_HCA set to mlx5_5
MOC-R4PCC04U05:251191:251236 [2] NCCL INFO NET/Plugin: Could not find: libnccl-net.so. Using internal net plugin.
MOC-R4PCC04U05:251191:251236 [2] NCCL INFO NCCL_IB_DISABLE set by environment to 0.
MOC-R4PCC04U05:251191:251236 [2] NCCL INFO NCCL_SOCKET_IFNAME set by environment to eno7np0
MOC-R4PCC04U05:251189:251233 [0] NCCL INFO NET/IB : Using [0]mlx5_5:1/RoCE [RO]; OOB eno7np0:192.168.50.193<0>
MOC-R4PCC04U05:251189:251233 [0] NCCL INFO PROFILER/Plugin: Could not find: libnccl-profiler.so. 
MOC-R4PCC04U05:251189:251233 [0] NCCL INFO Using network IB
MOC-R4PCC04U05:251191:251236 [2] NCCL INFO NCCL_IB_HCA set to mlx5_5
MOC-R4PCC04U05:251190:251234 [1] NCCL INFO NET/IB : Using [0]mlx5_5:1/RoCE [RO]; OOB eno7np0:192.168.50.193<0>
MOC-R4PCC04U05:251190:251234 [1] NCCL INFO PROFILER/Plugin: Could not find: libnccl-profiler.so. 
MOC-R4PCC04U05:251190:251234 [1] NCCL INFO Using network IB
MOC-R4PCC04U05:251192:251235 [3] NCCL INFO NET/IB : Using [0]mlx5_5:1/RoCE [RO]; OOB eno7np0:192.168.50.193<0>
MOC-R4PCC04U05:251192:251235 [3] NCCL INFO PROFILER/Plugin: Could not find: libnccl-profiler.so. 
MOC-R4PCC04U05:251192:251235 [3] NCCL INFO Using network IB
MOC-R4PCC04U05:251191:251236 [2] NCCL INFO NET/IB : Using [0]mlx5_5:1/RoCE [RO]; OOB eno7np0:192.168.50.193<0>
MOC-R4PCC04U05:251191:251236 [2] NCCL INFO PROFILER/Plugin: Could not find: libnccl-profiler.so. 
MOC-R4PCC04U05:251191:251236 [2] NCCL INFO Using network IB
MOC-R4PCC04U05:251189:251233 [0] NCCL INFO DMA-BUF is available on GPU device 0
MOC-R4PCC04U05:251189:251233 [0] NCCL INFO ncclCommInitRankConfig comm 0x55fc2db38e00 rank 0 nranks 8 cudaDev 0 nvmlDev 0 busId 6000 commId 0x3934a70e080997ef - Init START
MOC-R4PCC04U05:251190:251234 [1] NCCL INFO DMA-BUF is available on GPU device 1
MOC-R4PCC04U05:251192:251235 [3] NCCL INFO DMA-BUF is available on GPU device 3
MOC-R4PCC04U05:251191:251236 [2] NCCL INFO DMA-BUF is available on GPU device 2
MOC-R4PCC04U05:251190:251234 [1] NCCL INFO ncclCommInitRankConfig comm 0x56312652c260 rank 1 nranks 8 cudaDev 1 nvmlDev 1 busId 26000 commId 0x3934a70e080997ef - Init START
MOC-R4PCC04U05:251192:251235 [3] NCCL INFO ncclCommInitRankConfig comm 0x562464b433a0 rank 3 nranks 8 cudaDev 3 nvmlDev 3 busId c6000 commId 0x3934a70e080997ef - Init START
MOC-R4PCC04U05:251191:251236 [2] NCCL INFO ncclCommInitRankConfig comm 0x561bb198b0f0 rank 2 nranks 8 cudaDev 2 nvmlDev 2 busId a6000 commId 0x3934a70e080997ef - Init START
MOC-R4PCC04U05:251190:251234 [1] NCCL INFO RAS client listening socket at ::1<28028>
MOC-R4PCC04U05:251192:251235 [3] NCCL INFO RAS client listening socket at ::1<28028>
MOC-R4PCC04U05:251191:251236 [2] NCCL INFO RAS client listening socket at ::1<28028>
MOC-R4PCC04U05:251189:251233 [0] NCCL INFO RAS client listening socket at ::1<28028>
MOC-R4PCC04U05:251191:251236 [2] NCCL INFO Bootstrap timings total 0.013059 (create 0.000102, send 0.000247, recv 0.000856, ring 0.010889, delay 0.000000)
MOC-R4PCC04U05:251192:251235 [3] NCCL INFO Bootstrap timings total 0.013134 (create 0.000067, send 0.000178, recv 0.000577, ring 0.011079, delay 0.000000)
MOC-R4PCC04U05:251190:251234 [1] NCCL INFO Bootstrap timings total 0.013578 (create 0.000149, send 0.000333, recv 0.000842, ring 0.011253, delay 0.000001)
MOC-R4PCC04U05:251189:251233 [0] NCCL INFO Bootstrap timings total 0.121670 (create 0.000100, send 0.000328, recv 0.108471, ring 0.000712, delay 0.000000)
MOC-R4PCC04U05:251190:251234 [1] NCCL INFO NCCL_NET_GDR_LEVEL set by environment to LOC
MOC-R4PCC04U05:251190:251234 [1] NCCL INFO Setting affinity for GPU 1 to ffffffff,ffffffff,ffffffff,ffffffff,00000000,00000000,00000000,00000000,ffffffff,ffffffff,ffffffff,ffffffff
MOC-R4PCC04U05:251190:251234 [1] NCCL INFO NVLS multicast support is not available on dev 1
MOC-R4PCC04U05:251189:251233 [0] NCCL INFO NCCL_NET_GDR_LEVEL set by environment to LOC
MOC-R4PCC04U05:251189:251233 [0] NCCL INFO Setting affinity for GPU 0 to ffffffff,ffffffff,ffffffff,ffffffff,00000000,00000000,00000000,00000000,ffffffff,ffffffff,ffffffff,ffffffff
MOC-R4PCC04U05:251189:251233 [0] NCCL INFO NVLS multicast support is not available on dev 0
MOC-R4PCC04U05:251191:251236 [2] NCCL INFO NCCL_NET_GDR_LEVEL set by environment to LOC
MOC-R4PCC04U05:251191:251236 [2] NCCL INFO Setting affinity for GPU 2 to ffffffff,ffffffff,ffffffff,ffffffff,00000000,00000000,00000000,00000000,ffffffff,ffffffff,ffffffff,ffffffff,00000000,00000000,00000000,00000000
MOC-R4PCC04U05:251191:251236 [2] NCCL INFO NVLS multicast support is not available on dev 2
MOC-R4PCC04U05:251192:251235 [3] NCCL INFO NCCL_NET_GDR_LEVEL set by environment to LOC
MOC-R4PCC04U05:251192:251235 [3] NCCL INFO Setting affinity for GPU 3 to ffffffff,ffffffff,ffffffff,ffffffff,00000000,00000000,00000000,00000000,ffffffff,ffffffff,ffffffff,ffffffff,00000000,00000000,00000000,00000000
MOC-R4PCC04U05:251192:251235 [3] NCCL INFO NVLS multicast support is not available on dev 3
MOC-R4PCC04U05:251190:251234 [1] NCCL INFO comm 0x56312652c260 rank 1 nRanks 8 nNodes 2 localRanks 4 localRank 1 MNNVL 0
MOC-R4PCC04U05:251192:251235 [3] NCCL INFO comm 0x562464b433a0 rank 3 nRanks 8 nNodes 2 localRanks 4 localRank 3 MNNVL 0
MOC-R4PCC04U05:251191:251236 [2] NCCL INFO comm 0x561bb198b0f0 rank 2 nRanks 8 nNodes 2 localRanks 4 localRank 2 MNNVL 0
MOC-R4PCC04U05:251192:251235 [3] NCCL INFO Trees [0] 0/7/-1->3->-1 [1] 0/7/-1->3->-1 [2] 0/-1/-1->3->7 [3] 0/-1/-1->3->7
MOC-R4PCC04U05:251192:251235 [3] NCCL INFO P2P Chunksize set to 131072
MOC-R4PCC04U05:251189:251233 [0] NCCL INFO comm 0x55fc2db38e00 rank 0 nRanks 8 nNodes 2 localRanks 4 localRank 0 MNNVL 0
MOC-R4PCC04U05:251190:251234 [1] NCCL INFO Trees [0] 2/-1/-1->1->0 [1] 2/-1/-1->1->0 [2] 2/-1/-1->1->0 [3] 2/-1/-1->1->0
MOC-R4PCC04U05:251190:251234 [1] NCCL INFO P2P Chunksize set to 131072
MOC-R4PCC04U05:251189:251233 [0] NCCL INFO Channel 00/04 : 0 3 6 5 4 7 2 1
MOC-R4PCC04U05:251191:251236 [2] NCCL INFO Trees [0] -1/-1/-1->2->1 [1] -1/-1/-1->2->1 [2] -1/-1/-1->2->1 [3] -1/-1/-1->2->1
MOC-R4PCC04U05:251189:251233 [0] NCCL INFO Channel 01/04 : 0 2 7 5 4 6 3 1
MOC-R4PCC04U05:251191:251236 [2] NCCL INFO P2P Chunksize set to 131072
MOC-R4PCC04U05:251189:251233 [0] NCCL INFO Channel 02/04 : 0 3 6 5 4 7 2 1
MOC-R4PCC04U05:251189:251233 [0] NCCL INFO Channel 03/04 : 0 2 7 5 4 6 3 1
MOC-R4PCC04U05:251189:251233 [0] NCCL INFO Trees [0] 1/-1/-1->0->3 [1] 1/-1/-1->0->3 [2] 1/-1/-1->0->3 [3] 1/-1/-1->0->3
MOC-R4PCC04U05:251189:251233 [0] NCCL INFO P2P Chunksize set to 131072
MOC-R4PCC04U05:251189:251233 [0] NCCL INFO Check P2P Type intraNodeP2pSupport 1 directMode 0
MOC-R4PCC04U05:251189:251251 [0] NCCL INFO [Proxy Service] Device 0 CPU core 30
MOC-R4PCC04U05:251191:251252 [2] NCCL INFO [Proxy Service] Device 2 CPU core 415
MOC-R4PCC04U05:251190:251249 [1] NCCL INFO [Proxy Service] Device 1 CPU core 10
MOC-R4PCC04U05:251192:251250 [3] NCCL INFO [Proxy Service] Device 3 CPU core 447
MOC-R4PCC04U05:251189:251254 [0] NCCL INFO [Proxy Service UDS] Device 0 CPU core 335
MOC-R4PCC04U05:251190:251253 [1] NCCL INFO [Proxy Service UDS] Device 1 CPU core 295
MOC-R4PCC04U05:251191:251256 [2] NCCL INFO [Proxy Service UDS] Device 2 CPU core 206
MOC-R4PCC04U05:251192:251255 [3] NCCL INFO [Proxy Service UDS] Device 3 CPU core 455
MOC-R4PCC04U05:251192:251235 [3] NCCL INFO threadThresholds 8/8/64 | 64/8/64 | 512 | 512
MOC-R4PCC04U05:251192:251235 [3] NCCL INFO 4 coll channels, 4 collnet channels, 0 nvls channels, 4 p2p channels, 2 p2p channels per peer
MOC-R4PCC04U05:251189:251233 [0] NCCL INFO threadThresholds 8/8/64 | 64/8/64 | 512 | 512
MOC-R4PCC04U05:251189:251233 [0] NCCL INFO 4 coll channels, 4 collnet channels, 0 nvls channels, 4 p2p channels, 2 p2p channels per peer
MOC-R4PCC04U05:251190:251234 [1] NCCL INFO threadThresholds 8/8/64 | 64/8/64 | 512 | 512
MOC-R4PCC04U05:251190:251234 [1] NCCL INFO 4 coll channels, 4 collnet channels, 0 nvls channels, 4 p2p channels, 2 p2p channels per peer
MOC-R4PCC04U05:251189:251233 [0] NCCL INFO CC Off, workFifoBytes 1048576
MOC-R4PCC04U05:251191:251236 [2] NCCL INFO threadThresholds 8/8/64 | 64/8/64 | 512 | 512
MOC-R4PCC04U05:251191:251236 [2] NCCL INFO 4 coll channels, 4 collnet channels, 0 nvls channels, 4 p2p channels, 2 p2p channels per peer
MOC-R4PCC04U05:251192:251235 [3] NCCL INFO TUNER/Plugin: Could not find: libnccl-tuner.so. Using internal tuner plugin.
MOC-R4PCC04U05:251192:251235 [3] NCCL INFO ncclCommInitRankConfig comm 0x562464b433a0 rank 3 nranks 8 cudaDev 3 nvmlDev 3 busId c6000 commId 0x3934a70e080997ef - Init COMPLETE
MOC-R4PCC04U05:251192:251235 [3] NCCL INFO Init timings - ncclCommInitRankConfig: rank 3 nranks 8 total 3.53 (kernels 0.31, alloc 2.28, bootstrap 0.01, allgathers 0.02, topo 0.88, graphs 0.00, connections 0.02, rest 0.01)
MOC-R4PCC04U05:251190:251234 [1] NCCL INFO TUNER/Plugin: Could not find: libnccl-tuner.so. Using internal tuner plugin.
MOC-R4PCC04U05:251190:251234 [1] NCCL INFO ncclCommInitRankConfig comm 0x56312652c260 rank 1 nranks 8 cudaDev 1 nvmlDev 1 busId 26000 commId 0x3934a70e080997ef - Init COMPLETE
MOC-R4PCC04U05:251190:251234 [1] NCCL INFO Init timings - ncclCommInitRankConfig: rank 1 nranks 8 total 3.55 (kernels 0.32, alloc 2.29, bootstrap 0.01, allgathers 0.02, topo 0.87, graphs 0.00, connections 0.03, rest 0.00)
MOC-R4PCC04U05:251191:251236 [2] NCCL INFO TUNER/Plugin: Could not find: libnccl-tuner.so. Using internal tuner plugin.
MOC-R4PCC04U05:251191:251236 [2] NCCL INFO ncclCommInitRankConfig comm 0x561bb198b0f0 rank 2 nranks 8 cudaDev 2 nvmlDev 2 busId a6000 commId 0x3934a70e080997ef - Init COMPLETE
MOC-R4PCC04U05:251189:251233 [0] NCCL INFO TUNER/Plugin: Could not find: libnccl-tuner.so. Using internal tuner plugin.
MOC-R4PCC04U05:251189:251233 [0] NCCL INFO ncclCommInitRankConfig comm 0x55fc2db38e00 rank 0 nranks 8 cudaDev 0 nvmlDev 0 busId 6000 commId 0x3934a70e080997ef - Init COMPLETE
MOC-R4PCC04U05:251191:251236 [2] NCCL INFO Init timings - ncclCommInitRankConfig: rank 2 nranks 8 total 3.51 (kernels 0.32, alloc 2.25, bootstrap 0.01, allgathers 0.02, topo 0.87, graphs 0.00, connections 0.03, rest 0.00)
MOC-R4PCC04U05:251189:251233 [0] NCCL INFO Init timings - ncclCommInitRankConfig: rank 0 nranks 8 total 3.62 (kernels 0.32, alloc 2.25, bootstrap 0.12, allgathers 0.02, topo 0.87, graphs 0.00, connections 0.02, rest 0.01)
MOC-R4PCC04U05:251189:251258 [0] NCCL INFO Channel 01/0 : 0[0] -> 2[2] via P2P/CUMEM
MOC-R4PCC04U05:251189:251258 [0] NCCL INFO Channel 03/0 : 0[0] -> 2[2] via P2P/CUMEM
MOC-R4PCC04U05:251189:251258 [0] NCCL INFO Channel 00/0 : 0[0] -> 3[3] via P2P/CUMEM
MOC-R4PCC04U05:251192:251261 [3] NCCL INFO [Proxy Progress] Device 3 CPU core 447
MOC-R4PCC04U05:251192:251257 [3] NCCL INFO Channel 00/0 : 3[3] -> 6[2] [send] via NET/IB/1
MOC-R4PCC04U05:251192:251257 [3] NCCL INFO Channel 02/0 : 3[3] -> 6[2] [send] via NET/IB/1
MOC-R4PCC04U05:251189:251258 [0] NCCL INFO Channel 02/0 : 0[0] -> 3[3] via P2P/CUMEM
MOC-R4PCC04U05:251191:251262 [2] NCCL INFO [Proxy Progress] Device 2 CPU core 415
MOC-R4PCC04U05:251191:251260 [2] NCCL INFO Channel 00/0 : 7[3] -> 2[2] [receive] via NET/IB/1
MOC-R4PCC04U05:251191:251260 [2] NCCL INFO Channel 02/0 : 7[3] -> 2[2] [receive] via NET/IB/1
MOC-R4PCC04U05:251192:251257 [3] NCCL INFO Channel 01/0 : 6[2] -> 3[3] [receive] via NET/IB/1
MOC-R4PCC04U05:251192:251257 [3] NCCL INFO Channel 03/0 : 6[2] -> 3[3] [receive] via NET/IB/1
MOC-R4PCC04U05:251192:251257 [3] NCCL INFO Channel 01/0 : 3[3] -> 1[1] via P2P/CUMEM
MOC-R4PCC04U05:251191:251260 [2] NCCL INFO Channel 01/0 : 2[2] -> 7[3] [send] via NET/IB/1
MOC-R4PCC04U05:251191:251260 [2] NCCL INFO Channel 03/0 : 2[2] -> 7[3] [send] via NET/IB/1
MOC-R4PCC04U05:251192:251257 [3] NCCL INFO Channel 03/0 : 3[3] -> 1[1] via P2P/CUMEM
MOC-R4PCC04U05:251191:251260 [2] NCCL INFO Channel 00/0 : 2[2] -> 1[1] via P2P/CUMEM
MOC-R4PCC04U05:251191:251260 [2] NCCL INFO Channel 02/0 : 2[2] -> 1[1] via P2P/CUMEM
MOC-R4PCC04U05:251190:251259 [1] NCCL INFO Channel 00/0 : 1[1] -> 0[0] via P2P/CUMEM
MOC-R4PCC04U05:251190:251259 [1] NCCL INFO Channel 01/0 : 1[1] -> 0[0] via P2P/CUMEM
MOC-R4PCC04U05:251190:251259 [1] NCCL INFO Channel 02/0 : 1[1] -> 0[0] via P2P/CUMEM
MOC-R4PCC04U05:251190:251259 [1] NCCL INFO Channel 03/0 : 1[1] -> 0[0] via P2P/CUMEM
MOC-R4PCC04U05:251190:251259 [1] NCCL INFO Connected all rings, use ring PXN 0 GDR 0
MOC-R4PCC04U05:251192:251257 [3] NCCL INFO Connected all rings, use ring PXN 0 GDR 0
MOC-R4PCC04U05:251191:251260 [2] NCCL INFO Connected all rings, use ring PXN 0 GDR 0
MOC-R4PCC04U05:251189:251258 [0] NCCL INFO Connected all rings, use ring PXN 0 GDR 0
num decayed parameter tensors: 50, with 124,318,464 parameters
num non-decayed parameter tensors: 98, with 121,344 parameters
using fused AdamW: False
using regular AdamW
MOC-R4PCC04U05:251190:251952 [1] NCCL INFO Channel 00/0 : 1[1] -> 2[2] via P2P/CUMEM
MOC-R4PCC04U05:251190:251952 [1] NCCL INFO Channel 01/0 : 1[1] -> 2[2] via P2P/CUMEM
MOC-R4PCC04U05:251190:251952 [1] NCCL INFO Channel 02/0 : 1[1] -> 2[2] via P2P/CUMEM
MOC-R4PCC04U05:251190:251952 [1] NCCL INFO Channel 03/0 : 1[1] -> 2[2] via P2P/CUMEM
MOC-R4PCC04U05:251191:251953 [2] NCCL INFO Channel 01/0 : 2[2] -> 1[1] via P2P/CUMEM
MOC-R4PCC04U05:251191:251953 [2] NCCL INFO Channel 03/0 : 2[2] -> 1[1] via P2P/CUMEM
MOC-R4PCC04U05:251189:251954 [0] NCCL INFO Channel 00/0 : 0[0] -> 1[1] via P2P/CUMEM
MOC-R4PCC04U05:251189:251954 [0] NCCL INFO Channel 01/0 : 0[0] -> 1[1] via P2P/CUMEM
MOC-R4PCC04U05:251189:251954 [0] NCCL INFO Channel 02/0 : 0[0] -> 1[1] via P2P/CUMEM
MOC-R4PCC04U05:251189:251954 [0] NCCL INFO Channel 03/0 : 0[0] -> 1[1] via P2P/CUMEM
MOC-R4PCC04U05:251189:251954 [0] NCCL INFO Channel 01/0 : 0[0] -> 3[3] via P2P/CUMEM
MOC-R4PCC04U05:251189:251954 [0] NCCL INFO Channel 03/0 : 0[0] -> 3[3] via P2P/CUMEM
MOC-R4PCC04U05:251192:251951 [3] NCCL INFO Channel 00/0 : 7[3] -> 3[3] [receive] via NET/IB/1
MOC-R4PCC04U05:251192:251951 [3] NCCL INFO Channel 01/0 : 7[3] -> 3[3] [receive] via NET/IB/1
MOC-R4PCC04U05:251192:251951 [3] NCCL INFO Channel 02/0 : 7[3] -> 3[3] [receive] via NET/IB/1
MOC-R4PCC04U05:251192:251951 [3] NCCL INFO Channel 03/0 : 7[3] -> 3[3] [receive] via NET/IB/1
MOC-R4PCC04U05:251192:251951 [3] NCCL INFO Channel 00/0 : 3[3] -> 7[3] [send] via NET/IB/1
MOC-R4PCC04U05:251192:251951 [3] NCCL INFO Channel 01/0 : 3[3] -> 7[3] [send] via NET/IB/1
MOC-R4PCC04U05:251192:251951 [3] NCCL INFO Channel 02/0 : 3[3] -> 7[3] [send] via NET/IB/1
MOC-R4PCC04U05:251192:251951 [3] NCCL INFO Channel 03/0 : 3[3] -> 7[3] [send] via NET/IB/1
MOC-R4PCC04U05:251192:251951 [3] NCCL INFO Channel 00/0 : 3[3] -> 0[0] via P2P/CUMEM
MOC-R4PCC04U05:251192:251951 [3] NCCL INFO Channel 01/0 : 3[3] -> 0[0] via P2P/CUMEM
MOC-R4PCC04U05:251192:251951 [3] NCCL INFO Channel 02/0 : 3[3] -> 0[0] via P2P/CUMEM
MOC-R4PCC04U05:251192:251951 [3] NCCL INFO Channel 03/0 : 3[3] -> 0[0] via P2P/CUMEM
MOC-R4PCC04U05:251190:251952 [1] NCCL INFO Connected all trees
MOC-R4PCC04U05:251191:251953 [2] NCCL INFO Connected all trees
MOC-R4PCC04U05:251189:251954 [0] NCCL INFO Connected all trees
MOC-R4PCC04U05:251192:251951 [3] NCCL INFO Connected all trees
step    1/10 | train loss 11.010139 | norm 15.4234 | lr 1.00e-04 | (14176.75 ms | 110947 tok/s)
step    2/10 | train loss 10.136948 | norm 5.7588 | lr 1.00e-04 | (478.28 ms | 3288566 tok/s)
step    3/10 | train loss 9.795479 | norm 2.6123 | lr 1.00e-04 | (493.33 ms | 3188269 tok/s)
step    4/10 | train loss 9.625647 | norm 2.1154 | lr 1.00e-04 | (547.36 ms | 2873570 tok/s)
step    5/10 | train loss 9.542591 | norm 2.1032 | lr 1.00e-04 | (541.95 ms | 2902217 tok/s)
step    6/10 | train loss 9.461357 | norm 1.9978 | lr 1.00e-04 | (536.16 ms | 2933576 tok/s)
step    7/10 | train loss 9.375708 | norm 1.9472 | lr 1.00e-04 | (539.92 ms | 2913156 tok/s)
step    8/10 | train loss 9.283989 | norm 1.9146 | lr 1.00e-04 | (481.22 ms | 3268462 tok/s)
step    9/10 | train loss 9.188597 | norm 1.8601 | lr 1.00e-04 | (482.76 ms | 3258054 tok/s)
step   10/10 | train loss 9.103172 | norm 1.7948 | lr 1.00e-04 | (480.31 ms | 3274713 tok/s)
final 9 iters avg: 509.032ms
peak memory consumption: 16601 MiB
MOC-R4PCC04U05:251191:251962 [2] NCCL INFO comm 0x561bb198b0f0 rank 2 nranks 8 cudaDev 2 busId a6000 - Destroy COMPLETE
MOC-R4PCC04U05:251190:251961 [1] NCCL INFO comm 0x56312652c260 rank 1 nranks 8 cudaDev 1 busId 26000 - Destroy COMPLETE
MOC-R4PCC04U05:251189:251959 [0] NCCL INFO comm 0x55fc2db38e00 rank 0 nranks 8 cudaDev 0 busId 6000 - Destroy COMPLETE
MOC-R4PCC04U05:251192:251960 [3] NCCL INFO comm 0x562464b433a0 rank 3 nranks 8 cudaDev 3 busId c6000 - Destroy COMPLETE
