Running pytorch 2.7.0+cu126
using device: cuda:0
total desired batch size: 2752512
=> calculated gradient accumulation steps: 7
using device: cuda:1
using device: cuda:3
using device: cuda:2
compiling the model...
DataLoader: total number of tokens: 1,661,249,667 across 103 files
MOC-R4PCC04U05:62738:62738 [0] NCCL INFO NCCL_SOCKET_IFNAME set by environment to eno7np0
MOC-R4PCC04U05:62738:62738 [0] NCCL INFO Bootstrap: Using eno7np0:192.168.50.193<0>
MOC-R4PCC04U05:62738:62738 [0] NCCL INFO cudaDriverVersion 12040
MOC-R4PCC04U05:62738:62738 [0] NCCL INFO NCCL version 2.26.2+cuda12.2
MOC-R4PCC04U05:62738:62738 [0] NCCL INFO Comm config Blocking set to 1
MOC-R4PCC04U05:62738:62780 [0] NCCL INFO NET/Plugin: Could not find: libnccl-net.so. Using internal net plugin.
MOC-R4PCC04U05:62738:62780 [0] NCCL INFO NCCL_IB_DISABLE set by environment to 0.
MOC-R4PCC04U05:62738:62780 [0] NCCL INFO NCCL_SOCKET_IFNAME set by environment to eno7np0
MOC-R4PCC04U05:62738:62780 [0] NCCL INFO NCCL_IB_HCA set to mlx5_5
MOC-R4PCC04U05:62738:62780 [0] NCCL INFO NET/IB : Using [0]mlx5_5:1/RoCE [RO]; OOB eno7np0:192.168.50.193<0>
MOC-R4PCC04U05:62741:62741 [3] NCCL INFO cudaDriverVersion 12040
MOC-R4PCC04U05:62741:62741 [3] NCCL INFO NCCL_SOCKET_IFNAME set by environment to eno7np0
MOC-R4PCC04U05:62738:62780 [0] NCCL INFO PROFILER/Plugin: Could not find: libnccl-profiler.so. 
MOC-R4PCC04U05:62738:62780 [0] NCCL INFO Using network IB
MOC-R4PCC04U05:62741:62741 [3] NCCL INFO Bootstrap: Using eno7np0:192.168.50.193<0>
MOC-R4PCC04U05:62741:62741 [3] NCCL INFO NCCL version 2.26.2+cuda12.2
MOC-R4PCC04U05:62741:62741 [3] NCCL INFO Comm config Blocking set to 1
MOC-R4PCC04U05:62738:62780 [0] NCCL INFO DMA-BUF is available on GPU device 0
MOC-R4PCC04U05:62738:62780 [0] NCCL INFO ncclCommInitRankConfig comm 0x55705bb30800 rank 0 nranks 12 cudaDev 0 nvmlDev 0 busId 6000 commId 0x6e22e023cf8659a6 - Init START
MOC-R4PCC04U05:62739:62739 [1] NCCL INFO cudaDriverVersion 12040
MOC-R4PCC04U05:62739:62739 [1] NCCL INFO NCCL_SOCKET_IFNAME set by environment to eno7np0
MOC-R4PCC04U05:62739:62739 [1] NCCL INFO Bootstrap: Using eno7np0:192.168.50.193<0>
MOC-R4PCC04U05:62739:62739 [1] NCCL INFO NCCL version 2.26.2+cuda12.2
MOC-R4PCC04U05:62740:62740 [2] NCCL INFO cudaDriverVersion 12040
MOC-R4PCC04U05:62740:62740 [2] NCCL INFO NCCL_SOCKET_IFNAME set by environment to eno7np0
MOC-R4PCC04U05:62739:62739 [1] NCCL INFO Comm config Blocking set to 1
MOC-R4PCC04U05:62740:62740 [2] NCCL INFO Bootstrap: Using eno7np0:192.168.50.193<0>
MOC-R4PCC04U05:62740:62740 [2] NCCL INFO NCCL version 2.26.2+cuda12.2
MOC-R4PCC04U05:62740:62740 [2] NCCL INFO Comm config Blocking set to 1
MOC-R4PCC04U05:62741:62782 [3] NCCL INFO NET/Plugin: Could not find: libnccl-net.so. Using internal net plugin.
MOC-R4PCC04U05:62741:62782 [3] NCCL INFO NCCL_IB_DISABLE set by environment to 0.
MOC-R4PCC04U05:62741:62782 [3] NCCL INFO NCCL_SOCKET_IFNAME set by environment to eno7np0
MOC-R4PCC04U05:62741:62782 [3] NCCL INFO NCCL_IB_HCA set to mlx5_5
MOC-R4PCC04U05:62741:62782 [3] NCCL INFO NET/IB : Using [0]mlx5_5:1/RoCE [RO]; OOB eno7np0:192.168.50.193<0>
MOC-R4PCC04U05:62741:62782 [3] NCCL INFO PROFILER/Plugin: Could not find: libnccl-profiler.so. 
MOC-R4PCC04U05:62741:62782 [3] NCCL INFO Using network IB
MOC-R4PCC04U05:62740:62784 [2] NCCL INFO NET/Plugin: Could not find: libnccl-net.so. Using internal net plugin.
MOC-R4PCC04U05:62740:62784 [2] NCCL INFO NCCL_IB_DISABLE set by environment to 0.
MOC-R4PCC04U05:62739:62783 [1] NCCL INFO NET/Plugin: Could not find: libnccl-net.so. Using internal net plugin.
MOC-R4PCC04U05:62739:62783 [1] NCCL INFO NCCL_IB_DISABLE set by environment to 0.
MOC-R4PCC04U05:62740:62784 [2] NCCL INFO NCCL_SOCKET_IFNAME set by environment to eno7np0
MOC-R4PCC04U05:62739:62783 [1] NCCL INFO NCCL_SOCKET_IFNAME set by environment to eno7np0
MOC-R4PCC04U05:62740:62784 [2] NCCL INFO NCCL_IB_HCA set to mlx5_5
MOC-R4PCC04U05:62739:62783 [1] NCCL INFO NCCL_IB_HCA set to mlx5_5
MOC-R4PCC04U05:62740:62784 [2] NCCL INFO NET/IB : Using [0]mlx5_5:1/RoCE [RO]; OOB eno7np0:192.168.50.193<0>
MOC-R4PCC04U05:62739:62783 [1] NCCL INFO NET/IB : Using [0]mlx5_5:1/RoCE [RO]; OOB eno7np0:192.168.50.193<0>
MOC-R4PCC04U05:62740:62784 [2] NCCL INFO PROFILER/Plugin: Could not find: libnccl-profiler.so. 
MOC-R4PCC04U05:62740:62784 [2] NCCL INFO Using network IB
MOC-R4PCC04U05:62739:62783 [1] NCCL INFO PROFILER/Plugin: Could not find: libnccl-profiler.so. 
MOC-R4PCC04U05:62739:62783 [1] NCCL INFO Using network IB
MOC-R4PCC04U05:62741:62782 [3] NCCL INFO DMA-BUF is available on GPU device 3
MOC-R4PCC04U05:62741:62782 [3] NCCL INFO ncclCommInitRankConfig comm 0x561411555590 rank 3 nranks 12 cudaDev 3 nvmlDev 3 busId c6000 commId 0x6e22e023cf8659a6 - Init START
MOC-R4PCC04U05:62740:62784 [2] NCCL INFO DMA-BUF is available on GPU device 2
MOC-R4PCC04U05:62739:62783 [1] NCCL INFO DMA-BUF is available on GPU device 1
MOC-R4PCC04U05:62740:62784 [2] NCCL INFO ncclCommInitRankConfig comm 0x55c35ca7b300 rank 2 nranks 12 cudaDev 2 nvmlDev 2 busId a6000 commId 0x6e22e023cf8659a6 - Init START
MOC-R4PCC04U05:62739:62783 [1] NCCL INFO ncclCommInitRankConfig comm 0x559fb90dceb0 rank 1 nranks 12 cudaDev 1 nvmlDev 1 busId 26000 commId 0x6e22e023cf8659a6 - Init START
MOC-R4PCC04U05:62741:62782 [3] NCCL INFO RAS client listening socket at ::1<28028>
MOC-R4PCC04U05:62740:62784 [2] NCCL INFO RAS client listening socket at ::1<28028>
MOC-R4PCC04U05:62739:62783 [1] NCCL INFO RAS client listening socket at ::1<28028>
MOC-R4PCC04U05:62738:62780 [0] NCCL INFO RAS client listening socket at ::1<28028>
MOC-R4PCC04U05:62738:62780 [0] NCCL INFO Bootstrap timings total 1.995084 (create 0.000148, send 0.000438, recv 1.992277, ring 0.000681, delay 0.000001)
MOC-R4PCC04U05:62740:62784 [2] NCCL INFO Bootstrap timings total 0.003227 (create 0.000098, send 0.000189, recv 0.000316, ring 0.001261, delay 0.000000)
MOC-R4PCC04U05:62739:62783 [1] NCCL INFO Bootstrap timings total 0.003164 (create 0.000141, send 0.000256, recv 0.000539, ring 0.000865, delay 0.000001)
MOC-R4PCC04U05:62741:62782 [3] NCCL INFO Bootstrap timings total 0.164070 (create 0.000154, send 0.000273, recv 0.000384, ring 0.001342, delay 0.000001)
MOC-R4PCC04U05:62739:62783 [1] NCCL INFO NCCL_NET_GDR_LEVEL set by environment to LOC
MOC-R4PCC04U05:62739:62783 [1] NCCL INFO Setting affinity for GPU 1 to ffffffff,ffffffff,ffffffff,ffffffff,00000000,00000000,00000000,00000000,ffffffff,ffffffff,ffffffff,ffffffff
MOC-R4PCC04U05:62739:62783 [1] NCCL INFO NVLS multicast support is not available on dev 1
MOC-R4PCC04U05:62738:62780 [0] NCCL INFO NCCL_NET_GDR_LEVEL set by environment to LOC
MOC-R4PCC04U05:62738:62780 [0] NCCL INFO Setting affinity for GPU 0 to ffffffff,ffffffff,ffffffff,ffffffff,00000000,00000000,00000000,00000000,ffffffff,ffffffff,ffffffff,ffffffff
MOC-R4PCC04U05:62738:62780 [0] NCCL INFO NVLS multicast support is not available on dev 0
MOC-R4PCC04U05:62740:62784 [2] NCCL INFO NCCL_NET_GDR_LEVEL set by environment to LOC
MOC-R4PCC04U05:62740:62784 [2] NCCL INFO Setting affinity for GPU 2 to ffffffff,ffffffff,ffffffff,ffffffff,00000000,00000000,00000000,00000000,ffffffff,ffffffff,ffffffff,ffffffff,00000000,00000000,00000000,00000000
MOC-R4PCC04U05:62740:62784 [2] NCCL INFO NVLS multicast support is not available on dev 2
MOC-R4PCC04U05:62741:62782 [3] NCCL INFO NCCL_NET_GDR_LEVEL set by environment to LOC
MOC-R4PCC04U05:62741:62782 [3] NCCL INFO Setting affinity for GPU 3 to ffffffff,ffffffff,ffffffff,ffffffff,00000000,00000000,00000000,00000000,ffffffff,ffffffff,ffffffff,ffffffff,00000000,00000000,00000000,00000000
MOC-R4PCC04U05:62741:62782 [3] NCCL INFO NVLS multicast support is not available on dev 3
MOC-R4PCC04U05:62741:62782 [3] NCCL INFO comm 0x561411555590 rank 3 nRanks 12 nNodes 3 localRanks 4 localRank 3 MNNVL 0
MOC-R4PCC04U05:62740:62784 [2] NCCL INFO comm 0x55c35ca7b300 rank 2 nRanks 12 nNodes 3 localRanks 4 localRank 2 MNNVL 0
MOC-R4PCC04U05:62739:62783 [1] NCCL INFO comm 0x559fb90dceb0 rank 1 nRanks 12 nNodes 3 localRanks 4 localRank 1 MNNVL 0
MOC-R4PCC04U05:62738:62780 [0] NCCL INFO comm 0x55705bb30800 rank 0 nRanks 12 nNodes 3 localRanks 4 localRank 0 MNNVL 0
MOC-R4PCC04U05:62741:62782 [3] NCCL INFO Trees [0] 0/11/-1->3->-1 [1] 0/11/-1->3->-1 [2] 0/11/-1->3->7 [3] 0/11/-1->3->7
MOC-R4PCC04U05:62740:62784 [2] NCCL INFO Trees [0] -1/-1/-1->2->1 [1] -1/-1/-1->2->1 [2] -1/-1/-1->2->1 [3] -1/-1/-1->2->1
MOC-R4PCC04U05:62741:62782 [3] NCCL INFO P2P Chunksize set to 131072
MOC-R4PCC04U05:62739:62783 [1] NCCL INFO Trees [0] 2/-1/-1->1->0 [1] 2/-1/-1->1->0 [2] 2/-1/-1->1->0 [3] 2/-1/-1->1->0
MOC-R4PCC04U05:62740:62784 [2] NCCL INFO P2P Chunksize set to 131072
MOC-R4PCC04U05:62739:62783 [1] NCCL INFO P2P Chunksize set to 131072
MOC-R4PCC04U05:62738:62780 [0] NCCL INFO Channel 00/04 :  0  3  6  5  4  7 10  9  8 11  2  1
MOC-R4PCC04U05:62738:62780 [0] NCCL INFO Channel 01/04 :  0  2  7  5  4  6 11  9  8 10  3  1
MOC-R4PCC04U05:62738:62780 [0] NCCL INFO Channel 02/04 :  0  3  6  5  4  7 10  9  8 11  2  1
MOC-R4PCC04U05:62738:62780 [0] NCCL INFO Channel 03/04 :  0  2  7  5  4  6 11  9  8 10  3  1
MOC-R4PCC04U05:62738:62780 [0] NCCL INFO Trees [0] 1/-1/-1->0->3 [1] 1/-1/-1->0->3 [2] 1/-1/-1->0->3 [3] 1/-1/-1->0->3
MOC-R4PCC04U05:62738:62780 [0] NCCL INFO P2P Chunksize set to 131072
MOC-R4PCC04U05:62738:62780 [0] NCCL INFO Check P2P Type intraNodeP2pSupport 1 directMode 0
MOC-R4PCC04U05:62738:62799 [0] NCCL INFO [Proxy Service] Device 0 CPU core 112
MOC-R4PCC04U05:62740:62797 [2] NCCL INFO [Proxy Service] Device 2 CPU core 182
MOC-R4PCC04U05:62741:62795 [3] NCCL INFO [Proxy Service] Device 3 CPU core 137
MOC-R4PCC04U05:62739:62796 [1] NCCL INFO [Proxy Service] Device 1 CPU core 287
MOC-R4PCC04U05:62739:62801 [1] NCCL INFO [Proxy Service UDS] Device 1 CPU core 38
MOC-R4PCC04U05:62741:62798 [3] NCCL INFO [Proxy Service UDS] Device 3 CPU core 446
MOC-R4PCC04U05:62738:62802 [0] NCCL INFO [Proxy Service UDS] Device 0 CPU core 303
MOC-R4PCC04U05:62740:62800 [2] NCCL INFO [Proxy Service UDS] Device 2 CPU core 199
MOC-R4PCC04U05:62741:62782 [3] NCCL INFO threadThresholds 8/8/64 | 96/8/64 | 512 | 512
MOC-R4PCC04U05:62741:62782 [3] NCCL INFO 4 coll channels, 4 collnet channels, 0 nvls channels, 4 p2p channels, 1 p2p channels per peer
MOC-R4PCC04U05:62740:62784 [2] NCCL INFO threadThresholds 8/8/64 | 96/8/64 | 512 | 512
MOC-R4PCC04U05:62740:62784 [2] NCCL INFO 4 coll channels, 4 collnet channels, 0 nvls channels, 4 p2p channels, 1 p2p channels per peer
MOC-R4PCC04U05:62739:62783 [1] NCCL INFO threadThresholds 8/8/64 | 96/8/64 | 512 | 512
MOC-R4PCC04U05:62739:62783 [1] NCCL INFO 4 coll channels, 4 collnet channels, 0 nvls channels, 4 p2p channels, 1 p2p channels per peer
MOC-R4PCC04U05:62738:62780 [0] NCCL INFO threadThresholds 8/8/64 | 96/8/64 | 512 | 512
MOC-R4PCC04U05:62738:62780 [0] NCCL INFO 4 coll channels, 4 collnet channels, 0 nvls channels, 4 p2p channels, 1 p2p channels per peer
MOC-R4PCC04U05:62738:62780 [0] NCCL INFO CC Off, workFifoBytes 1048576
MOC-R4PCC04U05:62740:62784 [2] NCCL INFO TUNER/Plugin: Could not find: libnccl-tuner.so. Using internal tuner plugin.
MOC-R4PCC04U05:62741:62782 [3] NCCL INFO TUNER/Plugin: Could not find: libnccl-tuner.so. Using internal tuner plugin.
MOC-R4PCC04U05:62740:62784 [2] NCCL INFO ncclCommInitRankConfig comm 0x55c35ca7b300 rank 2 nranks 12 cudaDev 2 nvmlDev 2 busId a6000 commId 0x6e22e023cf8659a6 - Init COMPLETE
MOC-R4PCC04U05:62741:62782 [3] NCCL INFO ncclCommInitRankConfig comm 0x561411555590 rank 3 nranks 12 cudaDev 3 nvmlDev 3 busId c6000 commId 0x6e22e023cf8659a6 - Init COMPLETE
MOC-R4PCC04U05:62739:62783 [1] NCCL INFO TUNER/Plugin: Could not find: libnccl-tuner.so. Using internal tuner plugin.
MOC-R4PCC04U05:62740:62784 [2] NCCL INFO Init timings - ncclCommInitRankConfig: rank 2 nranks 12 total 2.91 (kernels 0.31, alloc 1.67, bootstrap 0.00, allgathers 0.05, topo 0.83, graphs 0.00, connections 0.02, rest 0.02)
MOC-R4PCC04U05:62741:62782 [3] NCCL INFO Init timings - ncclCommInitRankConfig: rank 3 nranks 12 total 3.45 (kernels 0.73, alloc 1.63, bootstrap 0.16, allgathers 0.05, topo 0.83, graphs 0.00, connections 0.02, rest 0.02)
MOC-R4PCC04U05:62739:62783 [1] NCCL INFO ncclCommInitRankConfig comm 0x559fb90dceb0 rank 1 nranks 12 cudaDev 1 nvmlDev 1 busId 26000 commId 0x6e22e023cf8659a6 - Init COMPLETE
MOC-R4PCC04U05:62739:62783 [1] NCCL INFO Init timings - ncclCommInitRankConfig: rank 1 nranks 12 total 2.91 (kernels 0.31, alloc 1.67, bootstrap 0.00, allgathers 0.06, topo 0.82, graphs 0.00, connections 0.02, rest 0.02)
MOC-R4PCC04U05:62738:62780 [0] NCCL INFO TUNER/Plugin: Could not find: libnccl-tuner.so. Using internal tuner plugin.
MOC-R4PCC04U05:62738:62780 [0] NCCL INFO ncclCommInitRankConfig comm 0x55705bb30800 rank 0 nranks 12 cudaDev 0 nvmlDev 0 busId 6000 commId 0x6e22e023cf8659a6 - Init COMPLETE
MOC-R4PCC04U05:62738:62780 [0] NCCL INFO Init timings - ncclCommInitRankConfig: rank 0 nranks 12 total 3.92 (kernels 0.32, alloc 0.69, bootstrap 2.00, allgathers 0.05, topo 0.82, graphs 0.01, connections 0.04, rest 0.00)
MOC-R4PCC04U05:62738:62805 [0] NCCL INFO Channel 01/0 : 0[0] -> 2[2] via P2P/CUMEM
MOC-R4PCC04U05:62738:62805 [0] NCCL INFO Channel 03/0 : 0[0] -> 2[2] via P2P/CUMEM
MOC-R4PCC04U05:62738:62805 [0] NCCL INFO Channel 00/0 : 0[0] -> 3[3] via P2P/CUMEM
MOC-R4PCC04U05:62738:62805 [0] NCCL INFO Channel 02/0 : 0[0] -> 3[3] via P2P/CUMEM
MOC-R4PCC04U05:62740:62808 [2] NCCL INFO [Proxy Progress] Device 2 CPU core 393
MOC-R4PCC04U05:62740:62804 [2] NCCL INFO Channel 00/0 : 11[3] -> 2[2] [receive] via NET/IB/1
MOC-R4PCC04U05:62740:62804 [2] NCCL INFO Channel 02/0 : 11[3] -> 2[2] [receive] via NET/IB/1
MOC-R4PCC04U05:62741:62806 [3] NCCL INFO Channel 00/0 : 3[3] -> 6[2] [send] via NET/IB/1
MOC-R4PCC04U05:62741:62809 [3] NCCL INFO [Proxy Progress] Device 3 CPU core 446
MOC-R4PCC04U05:62741:62806 [3] NCCL INFO Channel 02/0 : 3[3] -> 6[2] [send] via NET/IB/1
MOC-R4PCC04U05:62741:62806 [3] NCCL INFO Channel 01/0 : 10[2] -> 3[3] [receive] via NET/IB/1
MOC-R4PCC04U05:62741:62806 [3] NCCL INFO Channel 03/0 : 10[2] -> 3[3] [receive] via NET/IB/1
MOC-R4PCC04U05:62741:62806 [3] NCCL INFO Channel 01/0 : 3[3] -> 1[1] via P2P/CUMEM
MOC-R4PCC04U05:62740:62804 [2] NCCL INFO Channel 01/0 : 2[2] -> 7[3] [send] via NET/IB/1
MOC-R4PCC04U05:62740:62804 [2] NCCL INFO Channel 03/0 : 2[2] -> 7[3] [send] via NET/IB/1
MOC-R4PCC04U05:62740:62804 [2] NCCL INFO Channel 00/0 : 2[2] -> 1[1] via P2P/CUMEM
MOC-R4PCC04U05:62741:62806 [3] NCCL INFO Channel 03/0 : 3[3] -> 1[1] via P2P/CUMEM
MOC-R4PCC04U05:62740:62804 [2] NCCL INFO Channel 02/0 : 2[2] -> 1[1] via P2P/CUMEM
MOC-R4PCC04U05:62739:62807 [1] NCCL INFO Channel 00/0 : 1[1] -> 0[0] via P2P/CUMEM
MOC-R4PCC04U05:62739:62807 [1] NCCL INFO Channel 01/0 : 1[1] -> 0[0] via P2P/CUMEM
MOC-R4PCC04U05:62739:62807 [1] NCCL INFO Channel 02/0 : 1[1] -> 0[0] via P2P/CUMEM
MOC-R4PCC04U05:62739:62807 [1] NCCL INFO Channel 03/0 : 1[1] -> 0[0] via P2P/CUMEM
MOC-R4PCC04U05:62739:62807 [1] NCCL INFO Connected all rings, use ring PXN 0 GDR 0
MOC-R4PCC04U05:62738:62805 [0] NCCL INFO Connected all rings, use ring PXN 0 GDR 0
MOC-R4PCC04U05:62740:62804 [2] NCCL INFO Connected all rings, use ring PXN 0 GDR 0
MOC-R4PCC04U05:62741:62806 [3] NCCL INFO Connected all rings, use ring PXN 0 GDR 0
num decayed parameter tensors: 50, with 124,318,464 parameters
num non-decayed parameter tensors: 98, with 121,344 parameters
using fused AdamW: False
using regular AdamW
MOC-R4PCC04U05:62738:63500 [0] NCCL INFO Channel 00/0 : 0[0] -> 1[1] via P2P/CUMEM
MOC-R4PCC04U05:62738:63500 [0] NCCL INFO Channel 01/0 : 0[0] -> 1[1] via P2P/CUMEM
MOC-R4PCC04U05:62738:63500 [0] NCCL INFO Channel 02/0 : 0[0] -> 1[1] via P2P/CUMEM
MOC-R4PCC04U05:62738:63500 [0] NCCL INFO Channel 03/0 : 0[0] -> 1[1] via P2P/CUMEM
MOC-R4PCC04U05:62739:63501 [1] NCCL INFO Channel 00/0 : 1[1] -> 2[2] via P2P/CUMEM
MOC-R4PCC04U05:62739:63501 [1] NCCL INFO Channel 01/0 : 1[1] -> 2[2] via P2P/CUMEM
MOC-R4PCC04U05:62739:63501 [1] NCCL INFO Channel 02/0 : 1[1] -> 2[2] via P2P/CUMEM
MOC-R4PCC04U05:62739:63501 [1] NCCL INFO Channel 03/0 : 1[1] -> 2[2] via P2P/CUMEM
MOC-R4PCC04U05:62738:63500 [0] NCCL INFO Channel 01/0 : 0[0] -> 3[3] via P2P/CUMEM
MOC-R4PCC04U05:62740:63498 [2] NCCL INFO Channel 01/0 : 2[2] -> 1[1] via P2P/CUMEM
MOC-R4PCC04U05:62738:63500 [0] NCCL INFO Channel 03/0 : 0[0] -> 3[3] via P2P/CUMEM
MOC-R4PCC04U05:62740:63498 [2] NCCL INFO Channel 03/0 : 2[2] -> 1[1] via P2P/CUMEM
MOC-R4PCC04U05:62741:63499 [3] NCCL INFO Channel 00/0 : 11[3] -> 3[3] [receive] via NET/IB/1
MOC-R4PCC04U05:62741:63499 [3] NCCL INFO Channel 01/0 : 11[3] -> 3[3] [receive] via NET/IB/1
MOC-R4PCC04U05:62741:63499 [3] NCCL INFO Channel 02/0 : 11[3] -> 3[3] [receive] via NET/IB/1
MOC-R4PCC04U05:62741:63499 [3] NCCL INFO Channel 03/0 : 11[3] -> 3[3] [receive] via NET/IB/1
MOC-R4PCC04U05:62741:63499 [3] NCCL INFO Channel 02/0 : 3[3] -> 7[3] [send] via NET/IB/1
MOC-R4PCC04U05:62741:63499 [3] NCCL INFO Channel 03/0 : 3[3] -> 7[3] [send] via NET/IB/1
MOC-R4PCC04U05:62741:63499 [3] NCCL INFO Channel 02/0 : 7[3] -> 3[3] [receive] via NET/IB/1
MOC-R4PCC04U05:62741:63499 [3] NCCL INFO Channel 03/0 : 7[3] -> 3[3] [receive] via NET/IB/1
MOC-R4PCC04U05:62741:63499 [3] NCCL INFO Channel 00/0 : 3[3] -> 11[3] [send] via NET/IB/1
MOC-R4PCC04U05:62741:63499 [3] NCCL INFO Channel 01/0 : 3[3] -> 11[3] [send] via NET/IB/1
MOC-R4PCC04U05:62741:63499 [3] NCCL INFO Channel 02/0 : 3[3] -> 11[3] [send] via NET/IB/1
MOC-R4PCC04U05:62741:63499 [3] NCCL INFO Channel 03/0 : 3[3] -> 11[3] [send] via NET/IB/1
MOC-R4PCC04U05:62741:63499 [3] NCCL INFO Channel 00/0 : 3[3] -> 0[0] via P2P/CUMEM
MOC-R4PCC04U05:62741:63499 [3] NCCL INFO Channel 01/0 : 3[3] -> 0[0] via P2P/CUMEM
MOC-R4PCC04U05:62741:63499 [3] NCCL INFO Channel 02/0 : 3[3] -> 0[0] via P2P/CUMEM
MOC-R4PCC04U05:62741:63499 [3] NCCL INFO Channel 03/0 : 3[3] -> 0[0] via P2P/CUMEM
MOC-R4PCC04U05:62739:63501 [1] NCCL INFO Connected all trees
MOC-R4PCC04U05:62740:63498 [2] NCCL INFO Connected all trees
MOC-R4PCC04U05:62738:63500 [0] NCCL INFO Connected all trees
MOC-R4PCC04U05:62741:63499 [3] NCCL INFO Connected all trees
step    1/10 | train loss 11.009466 | norm 15.3151 | lr 1.00e-04 | (14599.98 ms | 188529 tok/s)
step    2/10 | train loss 10.139445 | norm 5.7209 | lr 1.00e-04 | (575.01 ms | 4786884 tok/s)
step    3/10 | train loss 9.799345 | norm 2.6024 | lr 1.00e-04 | (569.94 ms | 4829514 tok/s)
step    4/10 | train loss 9.630255 | norm 2.1077 | lr 1.00e-04 | (568.54 ms | 4841354 tok/s)
step    5/10 | train loss 9.547263 | norm 2.0986 | lr 1.00e-04 | (574.98 ms | 4787140 tok/s)
step    6/10 | train loss 9.466185 | norm 1.9943 | lr 1.00e-04 | (575.12 ms | 4786018 tok/s)
step    7/10 | train loss 9.380592 | norm 1.9438 | lr 1.00e-04 | (576.09 ms | 4777886 tok/s)
step    8/10 | train loss 9.288692 | norm 1.9109 | lr 1.00e-04 | (570.95 ms | 4820957 tok/s)
step    9/10 | train loss 9.193285 | norm 1.8533 | lr 1.00e-04 | (575.49 ms | 4782919 tok/s)
step   10/10 | train loss 9.109085 | norm 1.7962 | lr 1.00e-04 | (573.89 ms | 4796244 tok/s)
final 9 iters avg: 573.334ms
peak memory consumption: 16601 MiB
MOC-R4PCC04U05:62739:63509 [1] NCCL INFO comm 0x559fb90dceb0 rank 1 nranks 12 cudaDev 1 busId 26000 - Destroy COMPLETE
MOC-R4PCC04U05:62738:63510 [0] NCCL INFO comm 0x55705bb30800 rank 0 nranks 12 cudaDev 0 busId 6000 - Destroy COMPLETE
MOC-R4PCC04U05:62741:63508 [3] NCCL INFO comm 0x561411555590 rank 3 nranks 12 cudaDev 3 busId c6000 - Destroy COMPLETE
MOC-R4PCC04U05:62740:63507 [2] NCCL INFO comm 0x55c35ca7b300 rank 2 nranks 12 cudaDev 2 busId a6000 - Destroy COMPLETE
