Running pytorch 2.7.0+cu126
using device: cuda:0
total desired batch size: 786432
=> calculated gradient accumulation steps: 2
using device: cuda:2
using device: cuda:3
using device: cuda:1
compiling the model...
DataLoader: total number of tokens: 1,661,249,667 across 103 files
MOC-R4PCC04U05:58545:58545 [0] NCCL INFO NCCL_SOCKET_IFNAME set by environment to eno7np0
MOC-R4PCC04U05:58545:58545 [0] NCCL INFO Bootstrap: Using eno7np0:192.168.50.193<0>
MOC-R4PCC04U05:58545:58545 [0] NCCL INFO cudaDriverVersion 12040
MOC-R4PCC04U05:58545:58545 [0] NCCL INFO NCCL version 2.26.2+cuda12.2
MOC-R4PCC04U05:58545:58545 [0] NCCL INFO Comm config Blocking set to 1
MOC-R4PCC04U05:58547:58547 [2] NCCL INFO cudaDriverVersion 12040
MOC-R4PCC04U05:58547:58547 [2] NCCL INFO NCCL_SOCKET_IFNAME set by environment to eno7np0
MOC-R4PCC04U05:58547:58547 [2] NCCL INFO Bootstrap: Using eno7np0:192.168.50.193<0>
MOC-R4PCC04U05:58547:58547 [2] NCCL INFO NCCL version 2.26.2+cuda12.2
MOC-R4PCC04U05:58547:58547 [2] NCCL INFO Comm config Blocking set to 1
MOC-R4PCC04U05:58548:58548 [3] NCCL INFO cudaDriverVersion 12040
MOC-R4PCC04U05:58548:58548 [3] NCCL INFO NCCL_SOCKET_IFNAME set by environment to eno7np0
MOC-R4PCC04U05:58548:58548 [3] NCCL INFO Bootstrap: Using eno7np0:192.168.50.193<0>
MOC-R4PCC04U05:58548:58548 [3] NCCL INFO NCCL version 2.26.2+cuda12.2
MOC-R4PCC04U05:58548:58548 [3] NCCL INFO Comm config Blocking set to 1
MOC-R4PCC04U05:58545:58588 [0] NCCL INFO NET/Plugin: Could not find: libnccl-net.so. Using internal net plugin.
MOC-R4PCC04U05:58545:58588 [0] NCCL INFO NCCL_IB_DISABLE set by environment to 0.
MOC-R4PCC04U05:58545:58588 [0] NCCL INFO NCCL_SOCKET_IFNAME set by environment to eno7np0
MOC-R4PCC04U05:58545:58588 [0] NCCL INFO NCCL_IB_HCA set to mlx5_5
MOC-R4PCC04U05:58545:58588 [0] NCCL INFO NET/IB : Using [0]mlx5_5:1/RoCE [RO]; OOB eno7np0:192.168.50.193<0>
MOC-R4PCC04U05:58545:58588 [0] NCCL INFO PROFILER/Plugin: Could not find: libnccl-profiler.so. 
MOC-R4PCC04U05:58545:58588 [0] NCCL INFO Using network IB
MOC-R4PCC04U05:58545:58588 [0] NCCL INFO DMA-BUF is available on GPU device 0
MOC-R4PCC04U05:58545:58588 [0] NCCL INFO ncclCommInitRankConfig comm 0x5578d246a830 rank 0 nranks 12 cudaDev 0 nvmlDev 0 busId 6000 commId 0xc790b8f00ea2b145 - Init START
MOC-R4PCC04U05:58546:58546 [1] NCCL INFO cudaDriverVersion 12040
MOC-R4PCC04U05:58546:58546 [1] NCCL INFO NCCL_SOCKET_IFNAME set by environment to eno7np0
MOC-R4PCC04U05:58546:58546 [1] NCCL INFO Bootstrap: Using eno7np0:192.168.50.193<0>
MOC-R4PCC04U05:58546:58546 [1] NCCL INFO NCCL version 2.26.2+cuda12.2
MOC-R4PCC04U05:58546:58546 [1] NCCL INFO Comm config Blocking set to 1
MOC-R4PCC04U05:58547:58589 [2] NCCL INFO NET/Plugin: Could not find: libnccl-net.so. Using internal net plugin.
MOC-R4PCC04U05:58547:58589 [2] NCCL INFO NCCL_IB_DISABLE set by environment to 0.
MOC-R4PCC04U05:58547:58589 [2] NCCL INFO NCCL_SOCKET_IFNAME set by environment to eno7np0
MOC-R4PCC04U05:58547:58589 [2] NCCL INFO NCCL_IB_HCA set to mlx5_5
MOC-R4PCC04U05:58548:58590 [3] NCCL INFO NET/Plugin: Could not find: libnccl-net.so. Using internal net plugin.
MOC-R4PCC04U05:58548:58590 [3] NCCL INFO NCCL_IB_DISABLE set by environment to 0.
MOC-R4PCC04U05:58548:58590 [3] NCCL INFO NCCL_SOCKET_IFNAME set by environment to eno7np0
MOC-R4PCC04U05:58548:58590 [3] NCCL INFO NCCL_IB_HCA set to mlx5_5
MOC-R4PCC04U05:58547:58589 [2] NCCL INFO NET/IB : Using [0]mlx5_5:1/RoCE [RO]; OOB eno7np0:192.168.50.193<0>
MOC-R4PCC04U05:58547:58589 [2] NCCL INFO PROFILER/Plugin: Could not find: libnccl-profiler.so. 
MOC-R4PCC04U05:58547:58589 [2] NCCL INFO Using network IB
MOC-R4PCC04U05:58548:58590 [3] NCCL INFO NET/IB : Using [0]mlx5_5:1/RoCE [RO]; OOB eno7np0:192.168.50.193<0>
MOC-R4PCC04U05:58548:58590 [3] NCCL INFO PROFILER/Plugin: Could not find: libnccl-profiler.so. 
MOC-R4PCC04U05:58548:58590 [3] NCCL INFO Using network IB
MOC-R4PCC04U05:58547:58589 [2] NCCL INFO DMA-BUF is available on GPU device 2
MOC-R4PCC04U05:58547:58589 [2] NCCL INFO ncclCommInitRankConfig comm 0x55e805c127f0 rank 2 nranks 12 cudaDev 2 nvmlDev 2 busId a6000 commId 0xc790b8f00ea2b145 - Init START
MOC-R4PCC04U05:58548:58590 [3] NCCL INFO DMA-BUF is available on GPU device 3
MOC-R4PCC04U05:58548:58590 [3] NCCL INFO ncclCommInitRankConfig comm 0x56158ca84100 rank 3 nranks 12 cudaDev 3 nvmlDev 3 busId c6000 commId 0xc790b8f00ea2b145 - Init START
MOC-R4PCC04U05:58548:58590 [3] NCCL INFO RAS client listening socket at ::1<28028>
MOC-R4PCC04U05:58546:58592 [1] NCCL INFO NET/Plugin: Could not find: libnccl-net.so. Using internal net plugin.
MOC-R4PCC04U05:58546:58592 [1] NCCL INFO NCCL_IB_DISABLE set by environment to 0.
MOC-R4PCC04U05:58546:58592 [1] NCCL INFO NCCL_SOCKET_IFNAME set by environment to eno7np0
MOC-R4PCC04U05:58546:58592 [1] NCCL INFO NCCL_IB_HCA set to mlx5_5
MOC-R4PCC04U05:58546:58592 [1] NCCL INFO NET/IB : Using [0]mlx5_5:1/RoCE [RO]; OOB eno7np0:192.168.50.193<0>
MOC-R4PCC04U05:58546:58592 [1] NCCL INFO PROFILER/Plugin: Could not find: libnccl-profiler.so. 
MOC-R4PCC04U05:58546:58592 [1] NCCL INFO Using network IB
MOC-R4PCC04U05:58546:58592 [1] NCCL INFO DMA-BUF is available on GPU device 1
MOC-R4PCC04U05:58546:58592 [1] NCCL INFO ncclCommInitRankConfig comm 0x55b8e1280a20 rank 1 nranks 12 cudaDev 1 nvmlDev 1 busId 26000 commId 0xc790b8f00ea2b145 - Init START
MOC-R4PCC04U05:58546:58592 [1] NCCL INFO RAS client listening socket at ::1<28028>
MOC-R4PCC04U05:58545:58588 [0] NCCL INFO RAS client listening socket at ::1<28028>
MOC-R4PCC04U05:58547:58589 [2] NCCL INFO RAS client listening socket at ::1<28028>
MOC-R4PCC04U05:58545:58588 [0] NCCL INFO Bootstrap timings total 2.193553 (create 0.000101, send 0.000275, recv 2.190491, ring 0.001242, delay 0.000000)
MOC-R4PCC04U05:58546:58592 [1] NCCL INFO Bootstrap timings total 0.003309 (create 0.000104, send 0.000191, recv 0.000391, ring 0.001722, delay 0.000000)
MOC-R4PCC04U05:58547:58589 [2] NCCL INFO Bootstrap timings total 0.869208 (create 0.000158, send 0.000252, recv 0.039689, ring 0.001303, delay 0.000001)
MOC-R4PCC04U05:58548:58590 [3] NCCL INFO Bootstrap timings total 0.830102 (create 0.000146, send 0.000258, recv 0.000496, ring 0.827690, delay 0.000001)
MOC-R4PCC04U05:58545:58588 [0] NCCL INFO NCCL_NET_GDR_LEVEL set by environment to LOC
MOC-R4PCC04U05:58545:58588 [0] NCCL INFO Setting affinity for GPU 0 to ffffffff,ffffffff,ffffffff,ffffffff,00000000,00000000,00000000,00000000,ffffffff,ffffffff,ffffffff,ffffffff
MOC-R4PCC04U05:58545:58588 [0] NCCL INFO NVLS multicast support is not available on dev 0
MOC-R4PCC04U05:58547:58589 [2] NCCL INFO NCCL_NET_GDR_LEVEL set by environment to LOC
MOC-R4PCC04U05:58548:58590 [3] NCCL INFO NCCL_NET_GDR_LEVEL set by environment to LOC
MOC-R4PCC04U05:58547:58589 [2] NCCL INFO Setting affinity for GPU 2 to ffffffff,ffffffff,ffffffff,ffffffff,00000000,00000000,00000000,00000000,ffffffff,ffffffff,ffffffff,ffffffff,00000000,00000000,00000000,00000000
MOC-R4PCC04U05:58547:58589 [2] NCCL INFO NVLS multicast support is not available on dev 2
MOC-R4PCC04U05:58546:58592 [1] NCCL INFO NCCL_NET_GDR_LEVEL set by environment to LOC
MOC-R4PCC04U05:58548:58590 [3] NCCL INFO Setting affinity for GPU 3 to ffffffff,ffffffff,ffffffff,ffffffff,00000000,00000000,00000000,00000000,ffffffff,ffffffff,ffffffff,ffffffff,00000000,00000000,00000000,00000000
MOC-R4PCC04U05:58548:58590 [3] NCCL INFO NVLS multicast support is not available on dev 3
MOC-R4PCC04U05:58546:58592 [1] NCCL INFO Setting affinity for GPU 1 to ffffffff,ffffffff,ffffffff,ffffffff,00000000,00000000,00000000,00000000,ffffffff,ffffffff,ffffffff,ffffffff
MOC-R4PCC04U05:58546:58592 [1] NCCL INFO NVLS multicast support is not available on dev 1
MOC-R4PCC04U05:58545:58588 [0] NCCL INFO comm 0x5578d246a830 rank 0 nRanks 12 nNodes 3 localRanks 4 localRank 0 MNNVL 0
MOC-R4PCC04U05:58547:58589 [2] NCCL INFO comm 0x55e805c127f0 rank 2 nRanks 12 nNodes 3 localRanks 4 localRank 2 MNNVL 0
MOC-R4PCC04U05:58546:58592 [1] NCCL INFO comm 0x55b8e1280a20 rank 1 nRanks 12 nNodes 3 localRanks 4 localRank 1 MNNVL 0
MOC-R4PCC04U05:58548:58590 [3] NCCL INFO comm 0x56158ca84100 rank 3 nRanks 12 nNodes 3 localRanks 4 localRank 3 MNNVL 0
MOC-R4PCC04U05:58545:58588 [0] NCCL INFO Channel 00/04 :  0  3  6  5  4  7 10  9  8 11  2  1
MOC-R4PCC04U05:58547:58589 [2] NCCL INFO Trees [0] -1/-1/-1->2->1 [1] -1/-1/-1->2->1 [2] -1/-1/-1->2->1 [3] -1/-1/-1->2->1
MOC-R4PCC04U05:58545:58588 [0] NCCL INFO Channel 01/04 :  0  2  7  5  4  6 11  9  8 10  3  1
MOC-R4PCC04U05:58548:58590 [3] NCCL INFO Trees [0] 0/11/-1->3->-1 [1] 0/11/-1->3->-1 [2] 0/11/-1->3->7 [3] 0/11/-1->3->7
MOC-R4PCC04U05:58546:58592 [1] NCCL INFO Trees [0] 2/-1/-1->1->0 [1] 2/-1/-1->1->0 [2] 2/-1/-1->1->0 [3] 2/-1/-1->1->0
MOC-R4PCC04U05:58547:58589 [2] NCCL INFO P2P Chunksize set to 131072
MOC-R4PCC04U05:58545:58588 [0] NCCL INFO Channel 02/04 :  0  3  6  5  4  7 10  9  8 11  2  1
MOC-R4PCC04U05:58548:58590 [3] NCCL INFO P2P Chunksize set to 131072
MOC-R4PCC04U05:58546:58592 [1] NCCL INFO P2P Chunksize set to 131072
MOC-R4PCC04U05:58545:58588 [0] NCCL INFO Channel 03/04 :  0  2  7  5  4  6 11  9  8 10  3  1
MOC-R4PCC04U05:58545:58588 [0] NCCL INFO Trees [0] 1/-1/-1->0->3 [1] 1/-1/-1->0->3 [2] 1/-1/-1->0->3 [3] 1/-1/-1->0->3
MOC-R4PCC04U05:58545:58588 [0] NCCL INFO P2P Chunksize set to 131072
MOC-R4PCC04U05:58545:58588 [0] NCCL INFO Check P2P Type intraNodeP2pSupport 1 directMode 0
MOC-R4PCC04U05:58545:58610 [0] NCCL INFO [Proxy Service UDS] Device 0 CPU core 31
MOC-R4PCC04U05:58546:58606 [1] NCCL INFO [Proxy Service] Device 1 CPU core 273
MOC-R4PCC04U05:58547:58604 [2] NCCL INFO [Proxy Service] Device 2 CPU core 446
MOC-R4PCC04U05:58545:58607 [0] NCCL INFO [Proxy Service] Device 0 CPU core 272
MOC-R4PCC04U05:58546:58609 [1] NCCL INFO [Proxy Service UDS] Device 1 CPU core 287
MOC-R4PCC04U05:58548:58605 [3] NCCL INFO [Proxy Service] Device 3 CPU core 455
MOC-R4PCC04U05:58547:58608 [2] NCCL INFO [Proxy Service UDS] Device 2 CPU core 460
MOC-R4PCC04U05:58548:58611 [3] NCCL INFO [Proxy Service UDS] Device 3 CPU core 471
MOC-R4PCC04U05:58546:58592 [1] NCCL INFO threadThresholds 8/8/64 | 96/8/64 | 512 | 512
MOC-R4PCC04U05:58546:58592 [1] NCCL INFO 4 coll channels, 4 collnet channels, 0 nvls channels, 4 p2p channels, 1 p2p channels per peer
MOC-R4PCC04U05:58548:58590 [3] NCCL INFO threadThresholds 8/8/64 | 96/8/64 | 512 | 512
MOC-R4PCC04U05:58548:58590 [3] NCCL INFO 4 coll channels, 4 collnet channels, 0 nvls channels, 4 p2p channels, 1 p2p channels per peer
MOC-R4PCC04U05:58547:58589 [2] NCCL INFO threadThresholds 8/8/64 | 96/8/64 | 512 | 512
MOC-R4PCC04U05:58547:58589 [2] NCCL INFO 4 coll channels, 4 collnet channels, 0 nvls channels, 4 p2p channels, 1 p2p channels per peer
MOC-R4PCC04U05:58545:58588 [0] NCCL INFO threadThresholds 8/8/64 | 96/8/64 | 512 | 512
MOC-R4PCC04U05:58545:58588 [0] NCCL INFO 4 coll channels, 4 collnet channels, 0 nvls channels, 4 p2p channels, 1 p2p channels per peer
MOC-R4PCC04U05:58545:58588 [0] NCCL INFO CC Off, workFifoBytes 1048576
MOC-R4PCC04U05:58548:58590 [3] NCCL INFO TUNER/Plugin: Could not find: libnccl-tuner.so. Using internal tuner plugin.
MOC-R4PCC04U05:58548:58590 [3] NCCL INFO ncclCommInitRankConfig comm 0x56158ca84100 rank 3 nranks 12 cudaDev 3 nvmlDev 3 busId c6000 commId 0xc790b8f00ea2b145 - Init COMPLETE
MOC-R4PCC04U05:58548:58590 [3] NCCL INFO Init timings - ncclCommInitRankConfig: rank 3 nranks 12 total 4.37 (kernels 0.86, alloc 1.20, bootstrap 0.83, allgathers 0.42, topo 0.57, graphs 0.00, connections 0.19, rest 0.30)
MOC-R4PCC04U05:58546:58592 [1] NCCL INFO TUNER/Plugin: Could not find: libnccl-tuner.so. Using internal tuner plugin.
MOC-R4PCC04U05:58546:58592 [1] NCCL INFO ncclCommInitRankConfig comm 0x55b8e1280a20 rank 1 nranks 12 cudaDev 1 nvmlDev 1 busId 26000 commId 0xc790b8f00ea2b145 - Init COMPLETE
MOC-R4PCC04U05:58546:58592 [1] NCCL INFO Init timings - ncclCommInitRankConfig: rank 1 nranks 12 total 3.66 (kernels 1.38, alloc 0.80, bootstrap 0.00, allgathers 0.42, topo 0.57, graphs 0.00, connections 0.19, rest 0.30)
MOC-R4PCC04U05:58547:58589 [2] NCCL INFO TUNER/Plugin: Could not find: libnccl-tuner.so. Using internal tuner plugin.
MOC-R4PCC04U05:58547:58589 [2] NCCL INFO ncclCommInitRankConfig comm 0x55e805c127f0 rank 2 nranks 12 cudaDev 2 nvmlDev 2 busId a6000 commId 0xc790b8f00ea2b145 - Init COMPLETE
MOC-R4PCC04U05:58547:58589 [2] NCCL INFO Init timings - ncclCommInitRankConfig: rank 2 nranks 12 total 4.41 (kernels 0.87, alloc 1.20, bootstrap 0.87, allgathers 0.42, topo 0.57, graphs 0.00, connections 0.19, rest 0.30)
MOC-R4PCC04U05:58545:58588 [0] NCCL INFO TUNER/Plugin: Could not find: libnccl-tuner.so. Using internal tuner plugin.
MOC-R4PCC04U05:58545:58588 [0] NCCL INFO ncclCommInitRankConfig comm 0x5578d246a830 rank 0 nranks 12 cudaDev 0 nvmlDev 0 busId 6000 commId 0xc790b8f00ea2b145 - Init COMPLETE
MOC-R4PCC04U05:58545:58588 [0] NCCL INFO Init timings - ncclCommInitRankConfig: rank 0 nranks 12 total 4.68 (kernels 0.32, alloc 0.69, bootstrap 2.19, allgathers 0.42, topo 0.56, graphs 0.00, connections 0.48, rest 0.00)
MOC-R4PCC04U05:58548:58615 [3] NCCL INFO [Proxy Progress] Device 3 CPU core 446
MOC-R4PCC04U05:58548:58612 [3] NCCL INFO Channel 00/0 : 3[3] -> 6[2] [send] via NET/IB/1
MOC-R4PCC04U05:58548:58612 [3] NCCL INFO Channel 02/0 : 3[3] -> 6[2] [send] via NET/IB/1
MOC-R4PCC04U05:58545:58616 [0] NCCL INFO Channel 01/0 : 0[0] -> 2[2] via P2P/CUMEM
MOC-R4PCC04U05:58545:58616 [0] NCCL INFO Channel 03/0 : 0[0] -> 2[2] via P2P/CUMEM
MOC-R4PCC04U05:58545:58616 [0] NCCL INFO Channel 00/0 : 0[0] -> 3[3] via P2P/CUMEM
MOC-R4PCC04U05:58545:58616 [0] NCCL INFO Channel 02/0 : 0[0] -> 3[3] via P2P/CUMEM
MOC-R4PCC04U05:58548:58612 [3] NCCL INFO Channel 01/0 : 10[2] -> 3[3] [receive] via NET/IB/1
MOC-R4PCC04U05:58548:58612 [3] NCCL INFO Channel 03/0 : 10[2] -> 3[3] [receive] via NET/IB/1
MOC-R4PCC04U05:58548:58612 [3] NCCL INFO Channel 01/0 : 3[3] -> 1[1] via P2P/CUMEM
MOC-R4PCC04U05:58548:58612 [3] NCCL INFO Channel 03/0 : 3[3] -> 1[1] via P2P/CUMEM
MOC-R4PCC04U05:58546:58614 [1] NCCL INFO Channel 00/0 : 1[1] -> 0[0] via P2P/CUMEM
MOC-R4PCC04U05:58546:58614 [1] NCCL INFO Channel 01/0 : 1[1] -> 0[0] via P2P/CUMEM
MOC-R4PCC04U05:58547:58617 [2] NCCL INFO [Proxy Progress] Device 2 CPU core 455
MOC-R4PCC04U05:58547:58613 [2] NCCL INFO Channel 00/0 : 11[3] -> 2[2] [receive] via NET/IB/1
MOC-R4PCC04U05:58547:58613 [2] NCCL INFO Channel 02/0 : 11[3] -> 2[2] [receive] via NET/IB/1
MOC-R4PCC04U05:58547:58613 [2] NCCL INFO Channel 01/0 : 2[2] -> 7[3] [send] via NET/IB/1
MOC-R4PCC04U05:58547:58613 [2] NCCL INFO Channel 03/0 : 2[2] -> 7[3] [send] via NET/IB/1
MOC-R4PCC04U05:58547:58613 [2] NCCL INFO Channel 00/0 : 2[2] -> 1[1] via P2P/CUMEM
MOC-R4PCC04U05:58546:58614 [1] NCCL INFO Channel 02/0 : 1[1] -> 0[0] via P2P/CUMEM
MOC-R4PCC04U05:58547:58613 [2] NCCL INFO Channel 02/0 : 2[2] -> 1[1] via P2P/CUMEM
MOC-R4PCC04U05:58546:58614 [1] NCCL INFO Channel 03/0 : 1[1] -> 0[0] via P2P/CUMEM
MOC-R4PCC04U05:58545:58616 [0] NCCL INFO Connected all rings, use ring PXN 0 GDR 0
MOC-R4PCC04U05:58546:58614 [1] NCCL INFO Connected all rings, use ring PXN 0 GDR 0
MOC-R4PCC04U05:58548:58612 [3] NCCL INFO Connected all rings, use ring PXN 0 GDR 0
MOC-R4PCC04U05:58547:58613 [2] NCCL INFO Connected all rings, use ring PXN 0 GDR 0
num decayed parameter tensors: 50, with 124,318,464 parameters
num non-decayed parameter tensors: 98, with 121,344 parameters
using fused AdamW: False
using regular AdamW
MOC-R4PCC04U05:58546:59308 [1] NCCL INFO Channel 00/0 : 1[1] -> 2[2] via P2P/CUMEM
MOC-R4PCC04U05:58546:59308 [1] NCCL INFO Channel 01/0 : 1[1] -> 2[2] via P2P/CUMEM
MOC-R4PCC04U05:58546:59308 [1] NCCL INFO Channel 02/0 : 1[1] -> 2[2] via P2P/CUMEM
MOC-R4PCC04U05:58546:59308 [1] NCCL INFO Channel 03/0 : 1[1] -> 2[2] via P2P/CUMEM
MOC-R4PCC04U05:58547:59306 [2] NCCL INFO Channel 01/0 : 2[2] -> 1[1] via P2P/CUMEM
MOC-R4PCC04U05:58547:59306 [2] NCCL INFO Channel 03/0 : 2[2] -> 1[1] via P2P/CUMEM
MOC-R4PCC04U05:58545:59309 [0] NCCL INFO Channel 00/0 : 0[0] -> 1[1] via P2P/CUMEM
MOC-R4PCC04U05:58545:59309 [0] NCCL INFO Channel 01/0 : 0[0] -> 1[1] via P2P/CUMEM
MOC-R4PCC04U05:58545:59309 [0] NCCL INFO Channel 02/0 : 0[0] -> 1[1] via P2P/CUMEM
MOC-R4PCC04U05:58545:59309 [0] NCCL INFO Channel 03/0 : 0[0] -> 1[1] via P2P/CUMEM
MOC-R4PCC04U05:58545:59309 [0] NCCL INFO Channel 01/0 : 0[0] -> 3[3] via P2P/CUMEM
MOC-R4PCC04U05:58545:59309 [0] NCCL INFO Channel 03/0 : 0[0] -> 3[3] via P2P/CUMEM
MOC-R4PCC04U05:58548:59307 [3] NCCL INFO Channel 00/0 : 11[3] -> 3[3] [receive] via NET/IB/1
MOC-R4PCC04U05:58548:59307 [3] NCCL INFO Channel 01/0 : 11[3] -> 3[3] [receive] via NET/IB/1
MOC-R4PCC04U05:58548:59307 [3] NCCL INFO Channel 02/0 : 11[3] -> 3[3] [receive] via NET/IB/1
MOC-R4PCC04U05:58548:59307 [3] NCCL INFO Channel 03/0 : 11[3] -> 3[3] [receive] via NET/IB/1
MOC-R4PCC04U05:58548:59307 [3] NCCL INFO Channel 02/0 : 3[3] -> 7[3] [send] via NET/IB/1
MOC-R4PCC04U05:58548:59307 [3] NCCL INFO Channel 03/0 : 3[3] -> 7[3] [send] via NET/IB/1
MOC-R4PCC04U05:58548:59307 [3] NCCL INFO Channel 02/0 : 7[3] -> 3[3] [receive] via NET/IB/1
MOC-R4PCC04U05:58548:59307 [3] NCCL INFO Channel 03/0 : 7[3] -> 3[3] [receive] via NET/IB/1
MOC-R4PCC04U05:58548:59307 [3] NCCL INFO Channel 00/0 : 3[3] -> 11[3] [send] via NET/IB/1
MOC-R4PCC04U05:58548:59307 [3] NCCL INFO Channel 01/0 : 3[3] -> 11[3] [send] via NET/IB/1
MOC-R4PCC04U05:58548:59307 [3] NCCL INFO Channel 02/0 : 3[3] -> 11[3] [send] via NET/IB/1
MOC-R4PCC04U05:58548:59307 [3] NCCL INFO Channel 03/0 : 3[3] -> 11[3] [send] via NET/IB/1
MOC-R4PCC04U05:58548:59307 [3] NCCL INFO Channel 00/0 : 3[3] -> 0[0] via P2P/CUMEM
MOC-R4PCC04U05:58548:59307 [3] NCCL INFO Channel 01/0 : 3[3] -> 0[0] via P2P/CUMEM
MOC-R4PCC04U05:58548:59307 [3] NCCL INFO Channel 02/0 : 3[3] -> 0[0] via P2P/CUMEM
MOC-R4PCC04U05:58548:59307 [3] NCCL INFO Channel 03/0 : 3[3] -> 0[0] via P2P/CUMEM
MOC-R4PCC04U05:58546:59308 [1] NCCL INFO Connected all trees
MOC-R4PCC04U05:58547:59306 [2] NCCL INFO Connected all trees
MOC-R4PCC04U05:58548:59307 [3] NCCL INFO Connected all trees
MOC-R4PCC04U05:58545:59309 [0] NCCL INFO Connected all trees
step    1/10 | train loss 11.010590 | norm 15.4878 | lr 1.00e-04 | (13646.05 ms | 57631 tok/s)
step    2/10 | train loss 10.133051 | norm 5.7715 | lr 1.00e-04 | (208.84 ms | 3765649 tok/s)
step    3/10 | train loss 9.789963 | norm 2.6230 | lr 1.00e-04 | (197.95 ms | 3972822 tok/s)
step    4/10 | train loss 9.619510 | norm 2.1196 | lr 1.00e-04 | (204.96 ms | 3837018 tok/s)
step    5/10 | train loss 9.536165 | norm 2.1144 | lr 1.00e-04 | (206.47 ms | 3808954 tok/s)
step    6/10 | train loss 9.454326 | norm 2.0046 | lr 1.00e-04 | (200.47 ms | 3922923 tok/s)
step    7/10 | train loss 9.368591 | norm 1.9542 | lr 1.00e-04 | (201.34 ms | 3905977 tok/s)
step    8/10 | train loss 9.277060 | norm 1.9203 | lr 1.00e-04 | (203.58 ms | 3863059 tok/s)
step    9/10 | train loss 9.182113 | norm 1.8690 | lr 1.00e-04 | (201.66 ms | 3899872 tok/s)
step   10/10 | train loss 9.094343 | norm 1.7912 | lr 1.00e-04 | (199.15 ms | 3948918 tok/s)
final 9 iters avg: 202.713ms
peak memory consumption: 16601 MiB
MOC-R4PCC04U05:58547:59316 [2] NCCL INFO comm 0x55e805c127f0 rank 2 nranks 12 cudaDev 2 busId a6000 - Destroy COMPLETE
MOC-R4PCC04U05:58546:59315 [1] NCCL INFO comm 0x55b8e1280a20 rank 1 nranks 12 cudaDev 1 busId 26000 - Destroy COMPLETE
MOC-R4PCC04U05:58545:59317 [0] NCCL INFO comm 0x5578d246a830 rank 0 nranks 12 cudaDev 0 busId 6000 - Destroy COMPLETE
MOC-R4PCC04U05:58548:59314 [3] NCCL INFO comm 0x56158ca84100 rank 3 nranks 12 cudaDev 3 busId c6000 - Destroy COMPLETE
