Running pytorch 2.7.0+cu126
using device: cuda:0
total desired batch size: 524288
=> calculated gradient accumulation steps: 1
using device: cuda:3
using device: cuda:1
using device: cuda:2
compiling the model...
DataLoader: total number of tokens: 1,661,249,667 across 103 files
MOC-R4PCC04U05:102573:102573 [0] NCCL INFO NCCL_SOCKET_IFNAME set by environment to eno7np0
MOC-R4PCC04U05:102573:102573 [0] NCCL INFO Bootstrap: Using eno7np0:192.168.50.193<0>
MOC-R4PCC04U05:102573:102573 [0] NCCL INFO cudaDriverVersion 12040
MOC-R4PCC04U05:102573:102573 [0] NCCL INFO NCCL version 2.26.2+cuda12.2
MOC-R4PCC04U05:102573:102573 [0] NCCL INFO Comm config Blocking set to 1
MOC-R4PCC04U05:102575:102575 [2] NCCL INFO cudaDriverVersion 12040
MOC-R4PCC04U05:102575:102575 [2] NCCL INFO NCCL_SOCKET_IFNAME set by environment to eno7np0
MOC-R4PCC04U05:102575:102575 [2] NCCL INFO Bootstrap: Using eno7np0:192.168.50.193<0>
MOC-R4PCC04U05:102575:102575 [2] NCCL INFO NCCL version 2.26.2+cuda12.2
MOC-R4PCC04U05:102575:102575 [2] NCCL INFO Comm config Blocking set to 1
MOC-R4PCC04U05:102574:102574 [1] NCCL INFO cudaDriverVersion 12040
MOC-R4PCC04U05:102574:102574 [1] NCCL INFO NCCL_SOCKET_IFNAME set by environment to eno7np0
MOC-R4PCC04U05:102574:102574 [1] NCCL INFO Bootstrap: Using eno7np0:192.168.50.193<0>
MOC-R4PCC04U05:102574:102574 [1] NCCL INFO NCCL version 2.26.2+cuda12.2
MOC-R4PCC04U05:102576:102576 [3] NCCL INFO cudaDriverVersion 12040
MOC-R4PCC04U05:102576:102576 [3] NCCL INFO NCCL_SOCKET_IFNAME set by environment to eno7np0
MOC-R4PCC04U05:102574:102574 [1] NCCL INFO Comm config Blocking set to 1
MOC-R4PCC04U05:102576:102576 [3] NCCL INFO Bootstrap: Using eno7np0:192.168.50.193<0>
MOC-R4PCC04U05:102576:102576 [3] NCCL INFO NCCL version 2.26.2+cuda12.2
MOC-R4PCC04U05:102576:102576 [3] NCCL INFO Comm config Blocking set to 1
MOC-R4PCC04U05:102573:102614 [0] NCCL INFO NET/Plugin: Could not find: libnccl-net.so. Using internal net plugin.
MOC-R4PCC04U05:102573:102614 [0] NCCL INFO NCCL_IB_DISABLE set by environment to 0.
MOC-R4PCC04U05:102573:102614 [0] NCCL INFO NCCL_SOCKET_IFNAME set by environment to eno7np0
MOC-R4PCC04U05:102573:102614 [0] NCCL INFO NCCL_IB_HCA set to mlx5_5
MOC-R4PCC04U05:102573:102614 [0] NCCL INFO NET/IB : Using [0]mlx5_5:1/RoCE [RO]; OOB eno7np0:192.168.50.193<0>
MOC-R4PCC04U05:102573:102614 [0] NCCL INFO PROFILER/Plugin: Could not find: libnccl-profiler.so. 
MOC-R4PCC04U05:102573:102614 [0] NCCL INFO Using network IB
MOC-R4PCC04U05:102573:102614 [0] NCCL INFO DMA-BUF is available on GPU device 0
MOC-R4PCC04U05:102573:102614 [0] NCCL INFO ncclCommInitRankConfig comm 0x562aff5c2a00 rank 0 nranks 16 cudaDev 0 nvmlDev 0 busId 6000 commId 0xf8ce2654489b2860 - Init START
MOC-R4PCC04U05:102575:102615 [2] NCCL INFO NET/Plugin: Could not find: libnccl-net.so. Using internal net plugin.
MOC-R4PCC04U05:102575:102615 [2] NCCL INFO NCCL_IB_DISABLE set by environment to 0.
MOC-R4PCC04U05:102575:102615 [2] NCCL INFO NCCL_SOCKET_IFNAME set by environment to eno7np0
MOC-R4PCC04U05:102575:102615 [2] NCCL INFO NCCL_IB_HCA set to mlx5_5
MOC-R4PCC04U05:102574:102616 [1] NCCL INFO NET/Plugin: Could not find: libnccl-net.so. Using internal net plugin.
MOC-R4PCC04U05:102574:102616 [1] NCCL INFO NCCL_IB_DISABLE set by environment to 0.
MOC-R4PCC04U05:102576:102617 [3] NCCL INFO NET/Plugin: Could not find: libnccl-net.so. Using internal net plugin.
MOC-R4PCC04U05:102574:102616 [1] NCCL INFO NCCL_SOCKET_IFNAME set by environment to eno7np0
MOC-R4PCC04U05:102576:102617 [3] NCCL INFO NCCL_IB_DISABLE set by environment to 0.
MOC-R4PCC04U05:102576:102617 [3] NCCL INFO NCCL_SOCKET_IFNAME set by environment to eno7np0
MOC-R4PCC04U05:102574:102616 [1] NCCL INFO NCCL_IB_HCA set to mlx5_5
MOC-R4PCC04U05:102576:102617 [3] NCCL INFO NCCL_IB_HCA set to mlx5_5
MOC-R4PCC04U05:102575:102615 [2] NCCL INFO NET/IB : Using [0]mlx5_5:1/RoCE [RO]; OOB eno7np0:192.168.50.193<0>
MOC-R4PCC04U05:102575:102615 [2] NCCL INFO PROFILER/Plugin: Could not find: libnccl-profiler.so. 
MOC-R4PCC04U05:102575:102615 [2] NCCL INFO Using network IB
MOC-R4PCC04U05:102574:102616 [1] NCCL INFO NET/IB : Using [0]mlx5_5:1/RoCE [RO]; OOB eno7np0:192.168.50.193<0>
MOC-R4PCC04U05:102576:102617 [3] NCCL INFO NET/IB : Using [0]mlx5_5:1/RoCE [RO]; OOB eno7np0:192.168.50.193<0>
MOC-R4PCC04U05:102574:102616 [1] NCCL INFO PROFILER/Plugin: Could not find: libnccl-profiler.so. 
MOC-R4PCC04U05:102574:102616 [1] NCCL INFO Using network IB
MOC-R4PCC04U05:102576:102617 [3] NCCL INFO PROFILER/Plugin: Could not find: libnccl-profiler.so. 
MOC-R4PCC04U05:102576:102617 [3] NCCL INFO Using network IB
MOC-R4PCC04U05:102575:102615 [2] NCCL INFO DMA-BUF is available on GPU device 2
MOC-R4PCC04U05:102576:102617 [3] NCCL INFO DMA-BUF is available on GPU device 3
MOC-R4PCC04U05:102575:102615 [2] NCCL INFO ncclCommInitRankConfig comm 0x5605c2f692a0 rank 2 nranks 16 cudaDev 2 nvmlDev 2 busId a6000 commId 0xf8ce2654489b2860 - Init START
MOC-R4PCC04U05:102574:102616 [1] NCCL INFO DMA-BUF is available on GPU device 1
MOC-R4PCC04U05:102576:102617 [3] NCCL INFO ncclCommInitRankConfig comm 0x563a8fa6b2f0 rank 3 nranks 16 cudaDev 3 nvmlDev 3 busId c6000 commId 0xf8ce2654489b2860 - Init START
MOC-R4PCC04U05:102574:102616 [1] NCCL INFO ncclCommInitRankConfig comm 0x55d76fa6afa0 rank 1 nranks 16 cudaDev 1 nvmlDev 1 busId 26000 commId 0xf8ce2654489b2860 - Init START
MOC-R4PCC04U05:102573:102614 [0] NCCL INFO RAS client listening socket at ::1<28028>
MOC-R4PCC04U05:102576:102617 [3] NCCL INFO RAS client listening socket at ::1<28028>
MOC-R4PCC04U05:102574:102616 [1] NCCL INFO RAS client listening socket at ::1<28028>
MOC-R4PCC04U05:102575:102615 [2] NCCL INFO RAS client listening socket at ::1<28028>
MOC-R4PCC04U05:102573:102614 [0] NCCL INFO Bootstrap timings total 2.230924 (create 0.000133, send 0.000264, recv 1.890928, ring 0.337373, delay 0.000001)
MOC-R4PCC04U05:102576:102617 [3] NCCL INFO Bootstrap timings total 0.341273 (create 0.000137, send 0.000240, recv 0.000532, ring 0.337064, delay 0.000001)
MOC-R4PCC04U05:102575:102615 [2] NCCL INFO Bootstrap timings total 0.350959 (create 0.000133, send 0.000219, recv 0.009935, ring 0.337028, delay 0.000001)
MOC-R4PCC04U05:102574:102616 [1] NCCL INFO Bootstrap timings total 0.341022 (create 0.000143, send 0.000271, recv 0.000552, ring 0.337056, delay 0.000000)
MOC-R4PCC04U05:102573:102614 [0] NCCL INFO NCCL_NET_GDR_LEVEL set by environment to LOC
MOC-R4PCC04U05:102573:102614 [0] NCCL INFO Setting affinity for GPU 0 to ffffffff,ffffffff,ffffffff,ffffffff,00000000,00000000,00000000,00000000,ffffffff,ffffffff,ffffffff,ffffffff
MOC-R4PCC04U05:102573:102614 [0] NCCL INFO NVLS multicast support is not available on dev 0
MOC-R4PCC04U05:102576:102617 [3] NCCL INFO NCCL_NET_GDR_LEVEL set by environment to LOC
MOC-R4PCC04U05:102576:102617 [3] NCCL INFO Setting affinity for GPU 3 to ffffffff,ffffffff,ffffffff,ffffffff,00000000,00000000,00000000,00000000,ffffffff,ffffffff,ffffffff,ffffffff,00000000,00000000,00000000,00000000
MOC-R4PCC04U05:102576:102617 [3] NCCL INFO NVLS multicast support is not available on dev 3
MOC-R4PCC04U05:102574:102616 [1] NCCL INFO NCCL_NET_GDR_LEVEL set by environment to LOC
MOC-R4PCC04U05:102574:102616 [1] NCCL INFO Setting affinity for GPU 1 to ffffffff,ffffffff,ffffffff,ffffffff,00000000,00000000,00000000,00000000,ffffffff,ffffffff,ffffffff,ffffffff
MOC-R4PCC04U05:102574:102616 [1] NCCL INFO NVLS multicast support is not available on dev 1
MOC-R4PCC04U05:102575:102615 [2] NCCL INFO NCCL_NET_GDR_LEVEL set by environment to LOC
MOC-R4PCC04U05:102575:102615 [2] NCCL INFO Setting affinity for GPU 2 to ffffffff,ffffffff,ffffffff,ffffffff,00000000,00000000,00000000,00000000,ffffffff,ffffffff,ffffffff,ffffffff,00000000,00000000,00000000,00000000
MOC-R4PCC04U05:102575:102615 [2] NCCL INFO NVLS multicast support is not available on dev 2
MOC-R4PCC04U05:102573:102614 [0] NCCL INFO comm 0x562aff5c2a00 rank 0 nRanks 16 nNodes 4 localRanks 4 localRank 0 MNNVL 0
MOC-R4PCC04U05:102576:102617 [3] NCCL INFO comm 0x563a8fa6b2f0 rank 3 nRanks 16 nNodes 4 localRanks 4 localRank 3 MNNVL 0
MOC-R4PCC04U05:102574:102616 [1] NCCL INFO comm 0x55d76fa6afa0 rank 1 nRanks 16 nNodes 4 localRanks 4 localRank 1 MNNVL 0
MOC-R4PCC04U05:102575:102615 [2] NCCL INFO comm 0x5605c2f692a0 rank 2 nRanks 16 nNodes 4 localRanks 4 localRank 2 MNNVL 0
MOC-R4PCC04U05:102573:102614 [0] NCCL INFO Channel 00/04 :  0  3  6  5  4  7 10  9  8 11 14 13 12 15  2  1
MOC-R4PCC04U05:102576:102617 [3] NCCL INFO Trees [0] 0/11/-1->3->-1 [1] 0/11/-1->3->-1 [2] 0/-1/-1->3->7 [3] 0/-1/-1->3->7
MOC-R4PCC04U05:102573:102614 [0] NCCL INFO Channel 01/04 :  0  2  7  5  4  6 11  9  8 10 15 13 12 14  3  1
MOC-R4PCC04U05:102576:102617 [3] NCCL INFO P2P Chunksize set to 131072
MOC-R4PCC04U05:102573:102614 [0] NCCL INFO Channel 02/04 :  0  3  6  5  4  7 10  9  8 11 14 13 12 15  2  1
MOC-R4PCC04U05:102573:102614 [0] NCCL INFO Channel 03/04 :  0  2  7  5  4  6 11  9  8 10 15 13 12 14  3  1
MOC-R4PCC04U05:102573:102614 [0] NCCL INFO Trees [0] 1/-1/-1->0->3 [1] 1/-1/-1->0->3 [2] 1/-1/-1->0->3 [3] 1/-1/-1->0->3
MOC-R4PCC04U05:102573:102614 [0] NCCL INFO P2P Chunksize set to 131072
MOC-R4PCC04U05:102574:102616 [1] NCCL INFO Trees [0] 2/-1/-1->1->0 [1] 2/-1/-1->1->0 [2] 2/-1/-1->1->0 [3] 2/-1/-1->1->0
MOC-R4PCC04U05:102575:102615 [2] NCCL INFO Trees [0] -1/-1/-1->2->1 [1] -1/-1/-1->2->1 [2] -1/-1/-1->2->1 [3] -1/-1/-1->2->1
MOC-R4PCC04U05:102573:102614 [0] NCCL INFO Check P2P Type intraNodeP2pSupport 1 directMode 0
MOC-R4PCC04U05:102574:102616 [1] NCCL INFO P2P Chunksize set to 131072
MOC-R4PCC04U05:102575:102615 [2] NCCL INFO P2P Chunksize set to 131072
MOC-R4PCC04U05:102573:102630 [0] NCCL INFO [Proxy Service] Device 0 CPU core 295
MOC-R4PCC04U05:102576:102631 [3] NCCL INFO [Proxy Service] Device 3 CPU core 200
MOC-R4PCC04U05:102573:102635 [0] NCCL INFO [Proxy Service UDS] Device 0 CPU core 303
MOC-R4PCC04U05:102575:102632 [2] NCCL INFO [Proxy Service] Device 2 CPU core 471
MOC-R4PCC04U05:102574:102634 [1] NCCL INFO [Proxy Service] Device 1 CPU core 19
MOC-R4PCC04U05:102576:102633 [3] NCCL INFO [Proxy Service UDS] Device 3 CPU core 479
MOC-R4PCC04U05:102574:102637 [1] NCCL INFO [Proxy Service UDS] Device 1 CPU core 311
MOC-R4PCC04U05:102575:102636 [2] NCCL INFO [Proxy Service UDS] Device 2 CPU core 481
MOC-R4PCC04U05:102576:102617 [3] NCCL INFO threadThresholds 8/8/64 | 128/8/64 | 512 | 512
MOC-R4PCC04U05:102576:102617 [3] NCCL INFO 4 coll channels, 4 collnet channels, 0 nvls channels, 4 p2p channels, 1 p2p channels per peer
MOC-R4PCC04U05:102573:102614 [0] NCCL INFO threadThresholds 8/8/64 | 128/8/64 | 512 | 512
MOC-R4PCC04U05:102573:102614 [0] NCCL INFO 4 coll channels, 4 collnet channels, 0 nvls channels, 4 p2p channels, 1 p2p channels per peer
MOC-R4PCC04U05:102574:102616 [1] NCCL INFO threadThresholds 8/8/64 | 128/8/64 | 512 | 512
MOC-R4PCC04U05:102574:102616 [1] NCCL INFO 4 coll channels, 4 collnet channels, 0 nvls channels, 4 p2p channels, 1 p2p channels per peer
MOC-R4PCC04U05:102573:102614 [0] NCCL INFO CC Off, workFifoBytes 1048576
MOC-R4PCC04U05:102575:102615 [2] NCCL INFO threadThresholds 8/8/64 | 128/8/64 | 512 | 512
MOC-R4PCC04U05:102575:102615 [2] NCCL INFO 4 coll channels, 4 collnet channels, 0 nvls channels, 4 p2p channels, 1 p2p channels per peer
MOC-R4PCC04U05:102574:102616 [1] NCCL INFO TUNER/Plugin: Could not find: libnccl-tuner.so. Using internal tuner plugin.
MOC-R4PCC04U05:102573:102614 [0] NCCL INFO TUNER/Plugin: Could not find: libnccl-tuner.so. Using internal tuner plugin.
MOC-R4PCC04U05:102574:102616 [1] NCCL INFO ncclCommInitRankConfig comm 0x55d76fa6afa0 rank 1 nranks 16 cudaDev 1 nvmlDev 1 busId 26000 commId 0xf8ce2654489b2860 - Init COMPLETE
MOC-R4PCC04U05:102573:102614 [0] NCCL INFO ncclCommInitRankConfig comm 0x562aff5c2a00 rank 0 nranks 16 cudaDev 0 nvmlDev 0 busId 6000 commId 0xf8ce2654489b2860 - Init COMPLETE
MOC-R4PCC04U05:102574:102616 [1] NCCL INFO Init timings - ncclCommInitRankConfig: rank 1 nranks 16 total 3.78 (kernels 0.85, alloc 1.78, bootstrap 0.34, allgathers 0.07, topo 0.71, graphs 0.00, connections 0.02, rest 0.02)
MOC-R4PCC04U05:102573:102614 [0] NCCL INFO Init timings - ncclCommInitRankConfig: rank 0 nranks 16 total 4.05 (kernels 0.32, alloc 0.69, bootstrap 2.23, allgathers 0.07, topo 0.70, graphs 0.00, connections 0.01, rest 0.02)
MOC-R4PCC04U05:102576:102617 [3] NCCL INFO TUNER/Plugin: Could not find: libnccl-tuner.so. Using internal tuner plugin.
MOC-R4PCC04U05:102576:102617 [3] NCCL INFO ncclCommInitRankConfig comm 0x563a8fa6b2f0 rank 3 nranks 16 cudaDev 3 nvmlDev 3 busId c6000 commId 0xf8ce2654489b2860 - Init COMPLETE
MOC-R4PCC04U05:102575:102615 [2] NCCL INFO TUNER/Plugin: Could not find: libnccl-tuner.so. Using internal tuner plugin.
MOC-R4PCC04U05:102576:102617 [3] NCCL INFO Init timings - ncclCommInitRankConfig: rank 3 nranks 16 total 3.78 (kernels 0.85, alloc 1.78, bootstrap 0.34, allgathers 0.07, topo 0.71, graphs 0.00, connections 0.01, rest 0.02)
MOC-R4PCC04U05:102575:102615 [2] NCCL INFO ncclCommInitRankConfig comm 0x5605c2f692a0 rank 2 nranks 16 cudaDev 2 nvmlDev 2 busId a6000 commId 0xf8ce2654489b2860 - Init COMPLETE
MOC-R4PCC04U05:102575:102615 [2] NCCL INFO Init timings - ncclCommInitRankConfig: rank 2 nranks 16 total 3.80 (kernels 0.85, alloc 1.79, bootstrap 0.35, allgathers 0.07, topo 0.71, graphs 0.00, connections 0.03, rest 0.00)
MOC-R4PCC04U05:102573:102640 [0] NCCL INFO Channel 01/0 : 0[0] -> 2[2] via P2P/CUMEM
MOC-R4PCC04U05:102573:102640 [0] NCCL INFO Channel 03/0 : 0[0] -> 2[2] via P2P/CUMEM
MOC-R4PCC04U05:102573:102640 [0] NCCL INFO Channel 00/0 : 0[0] -> 3[3] via P2P/CUMEM
MOC-R4PCC04U05:102573:102640 [0] NCCL INFO Channel 02/0 : 0[0] -> 3[3] via P2P/CUMEM
MOC-R4PCC04U05:102576:102638 [3] NCCL INFO Channel 00/0 : 3[3] -> 6[2] [send] via NET/IB/1
MOC-R4PCC04U05:102576:102641 [3] NCCL INFO [Proxy Progress] Device 3 CPU core 432
MOC-R4PCC04U05:102576:102638 [3] NCCL INFO Channel 02/0 : 3[3] -> 6[2] [send] via NET/IB/1
MOC-R4PCC04U05:102575:102642 [2] NCCL INFO [Proxy Progress] Device 2 CPU core 431
MOC-R4PCC04U05:102575:102639 [2] NCCL INFO Channel 00/0 : 15[3] -> 2[2] [receive] via NET/IB/1
MOC-R4PCC04U05:102575:102639 [2] NCCL INFO Channel 02/0 : 15[3] -> 2[2] [receive] via NET/IB/1
MOC-R4PCC04U05:102576:102638 [3] NCCL INFO Channel 01/0 : 14[2] -> 3[3] [receive] via NET/IB/1
MOC-R4PCC04U05:102576:102638 [3] NCCL INFO Channel 03/0 : 14[2] -> 3[3] [receive] via NET/IB/1
MOC-R4PCC04U05:102576:102638 [3] NCCL INFO Channel 01/0 : 3[3] -> 1[1] via P2P/CUMEM
MOC-R4PCC04U05:102575:102639 [2] NCCL INFO Channel 01/0 : 2[2] -> 7[3] [send] via NET/IB/1
MOC-R4PCC04U05:102575:102639 [2] NCCL INFO Channel 03/0 : 2[2] -> 7[3] [send] via NET/IB/1
MOC-R4PCC04U05:102575:102639 [2] NCCL INFO Channel 00/0 : 2[2] -> 1[1] via P2P/CUMEM
MOC-R4PCC04U05:102576:102638 [3] NCCL INFO Channel 03/0 : 3[3] -> 1[1] via P2P/CUMEM
MOC-R4PCC04U05:102575:102639 [2] NCCL INFO Channel 02/0 : 2[2] -> 1[1] via P2P/CUMEM
MOC-R4PCC04U05:102574:102643 [1] NCCL INFO Channel 00/0 : 1[1] -> 0[0] via P2P/CUMEM
MOC-R4PCC04U05:102574:102643 [1] NCCL INFO Channel 01/0 : 1[1] -> 0[0] via P2P/CUMEM
MOC-R4PCC04U05:102574:102643 [1] NCCL INFO Channel 02/0 : 1[1] -> 0[0] via P2P/CUMEM
MOC-R4PCC04U05:102574:102643 [1] NCCL INFO Channel 03/0 : 1[1] -> 0[0] via P2P/CUMEM
MOC-R4PCC04U05:102576:102638 [3] NCCL INFO Connected all rings, use ring PXN 0 GDR 0
MOC-R4PCC04U05:102575:102639 [2] NCCL INFO Connected all rings, use ring PXN 0 GDR 0
MOC-R4PCC04U05:102574:102643 [1] NCCL INFO Connected all rings, use ring PXN 0 GDR 0
MOC-R4PCC04U05:102573:102640 [0] NCCL INFO Connected all rings, use ring PXN 0 GDR 0
num decayed parameter tensors: 50, with 124,318,464 parameters
num non-decayed parameter tensors: 98, with 121,344 parameters
using fused AdamW: False
using regular AdamW
MOC-R4PCC04U05:102574:103335 [1] NCCL INFO Channel 00/0 : 1[1] -> 2[2] via P2P/CUMEM
MOC-R4PCC04U05:102574:103335 [1] NCCL INFO Channel 01/0 : 1[1] -> 2[2] via P2P/CUMEM
MOC-R4PCC04U05:102574:103335 [1] NCCL INFO Channel 02/0 : 1[1] -> 2[2] via P2P/CUMEM
MOC-R4PCC04U05:102574:103335 [1] NCCL INFO Channel 03/0 : 1[1] -> 2[2] via P2P/CUMEM
MOC-R4PCC04U05:102575:103334 [2] NCCL INFO Channel 01/0 : 2[2] -> 1[1] via P2P/CUMEM
MOC-R4PCC04U05:102575:103334 [2] NCCL INFO Channel 03/0 : 2[2] -> 1[1] via P2P/CUMEM
MOC-R4PCC04U05:102573:103336 [0] NCCL INFO Channel 00/0 : 0[0] -> 1[1] via P2P/CUMEM
MOC-R4PCC04U05:102573:103336 [0] NCCL INFO Channel 01/0 : 0[0] -> 1[1] via P2P/CUMEM
MOC-R4PCC04U05:102573:103336 [0] NCCL INFO Channel 02/0 : 0[0] -> 1[1] via P2P/CUMEM
MOC-R4PCC04U05:102573:103336 [0] NCCL INFO Channel 03/0 : 0[0] -> 1[1] via P2P/CUMEM
MOC-R4PCC04U05:102573:103336 [0] NCCL INFO Channel 01/0 : 0[0] -> 3[3] via P2P/CUMEM
MOC-R4PCC04U05:102573:103336 [0] NCCL INFO Channel 03/0 : 0[0] -> 3[3] via P2P/CUMEM
MOC-R4PCC04U05:102576:103333 [3] NCCL INFO Channel 02/0 : 3[3] -> 7[3] [send] via NET/IB/1
MOC-R4PCC04U05:102576:103333 [3] NCCL INFO Channel 03/0 : 3[3] -> 7[3] [send] via NET/IB/1
MOC-R4PCC04U05:102576:103333 [3] NCCL INFO Channel 00/0 : 11[3] -> 3[3] [receive] via NET/IB/1
MOC-R4PCC04U05:102576:103333 [3] NCCL INFO Channel 01/0 : 11[3] -> 3[3] [receive] via NET/IB/1
MOC-R4PCC04U05:102576:103333 [3] NCCL INFO Channel 00/0 : 3[3] -> 11[3] [send] via NET/IB/1
MOC-R4PCC04U05:102576:103333 [3] NCCL INFO Channel 01/0 : 3[3] -> 11[3] [send] via NET/IB/1
MOC-R4PCC04U05:102576:103333 [3] NCCL INFO Channel 02/0 : 7[3] -> 3[3] [receive] via NET/IB/1
MOC-R4PCC04U05:102576:103333 [3] NCCL INFO Channel 03/0 : 7[3] -> 3[3] [receive] via NET/IB/1
MOC-R4PCC04U05:102576:103333 [3] NCCL INFO Channel 00/0 : 3[3] -> 0[0] via P2P/CUMEM
MOC-R4PCC04U05:102576:103333 [3] NCCL INFO Channel 01/0 : 3[3] -> 0[0] via P2P/CUMEM
MOC-R4PCC04U05:102576:103333 [3] NCCL INFO Channel 02/0 : 3[3] -> 0[0] via P2P/CUMEM
MOC-R4PCC04U05:102576:103333 [3] NCCL INFO Channel 03/0 : 3[3] -> 0[0] via P2P/CUMEM
MOC-R4PCC04U05:102574:103335 [1] NCCL INFO Connected all trees
MOC-R4PCC04U05:102575:103334 [2] NCCL INFO Connected all trees
MOC-R4PCC04U05:102573:103336 [0] NCCL INFO Connected all trees
MOC-R4PCC04U05:102576:103333 [3] NCCL INFO Connected all trees
step    1/10 | train loss 11.008971 | norm 15.7109 | lr 1.00e-04 | (13950.96 ms | 37581 tok/s)
step    2/10 | train loss 10.123240 | norm 5.8020 | lr 1.00e-04 | (137.86 ms | 3803157 tok/s)
step    3/10 | train loss 9.777216 | norm 2.6314 | lr 1.00e-04 | (132.92 ms | 3944507 tok/s)
step    4/10 | train loss 9.607359 | norm 2.1165 | lr 1.00e-04 | (134.86 ms | 3887721 tok/s)
step    5/10 | train loss 9.524717 | norm 2.1076 | lr 1.00e-04 | (131.67 ms | 3981869 tok/s)
step    6/10 | train loss 9.443520 | norm 2.0013 | lr 1.00e-04 | (131.81 ms | 3977483 tok/s)
step    7/10 | train loss 9.358723 | norm 1.9491 | lr 1.00e-04 | (133.64 ms | 3923121 tok/s)
step    8/10 | train loss 9.269122 | norm 1.9124 | lr 1.00e-04 | (137.06 ms | 3825133 tok/s)
step    9/10 | train loss 9.176629 | norm 1.8636 | lr 1.00e-04 | (133.12 ms | 3938544 tok/s)
step   10/10 | train loss 9.088065 | norm 1.7782 | lr 1.00e-04 | (135.07 ms | 3881517 tok/s)
final 9 iters avg: 134.223ms
peak memory consumption: 16121 MiB
MOC-R4PCC04U05:102575:103343 [2] NCCL INFO comm 0x5605c2f692a0 rank 2 nranks 16 cudaDev 2 busId a6000 - Destroy COMPLETE
MOC-R4PCC04U05:102574:103344 [1] NCCL INFO comm 0x55d76fa6afa0 rank 1 nranks 16 cudaDev 1 busId 26000 - Destroy COMPLETE
MOC-R4PCC04U05:102573:103342 [0] NCCL INFO comm 0x562aff5c2a00 rank 0 nranks 16 cudaDev 0 busId 6000 - Destroy COMPLETE
MOC-R4PCC04U05:102576:103341 [3] NCCL INFO comm 0x563a8fa6b2f0 rank 3 nranks 16 cudaDev 3 busId c6000 - Destroy COMPLETE
