Running pytorch 2.7.0+cu126
using device: cuda:0
total desired batch size: 3145728
=> calculated gradient accumulation steps: 8
using device: cuda:3
using device: cuda:2
using device: cuda:1
compiling the model...
DataLoader: total number of tokens: 1,661,249,667 across 103 files
MOC-R4PCC04U05:63580:63580 [0] NCCL INFO NCCL_SOCKET_IFNAME set by environment to eno7np0
MOC-R4PCC04U05:63580:63580 [0] NCCL INFO Bootstrap: Using eno7np0:192.168.50.193<0>
MOC-R4PCC04U05:63580:63580 [0] NCCL INFO cudaDriverVersion 12040
MOC-R4PCC04U05:63580:63580 [0] NCCL INFO NCCL version 2.26.2+cuda12.2
MOC-R4PCC04U05:63580:63580 [0] NCCL INFO Comm config Blocking set to 1
MOC-R4PCC04U05:63580:63621 [0] NCCL INFO NET/Plugin: Could not find: libnccl-net.so. Using internal net plugin.
MOC-R4PCC04U05:63580:63621 [0] NCCL INFO NCCL_IB_DISABLE set by environment to 0.
MOC-R4PCC04U05:63580:63621 [0] NCCL INFO NCCL_SOCKET_IFNAME set by environment to eno7np0
MOC-R4PCC04U05:63580:63621 [0] NCCL INFO NCCL_IB_HCA set to mlx5_5
MOC-R4PCC04U05:63582:63582 [2] NCCL INFO cudaDriverVersion 12040
MOC-R4PCC04U05:63582:63582 [2] NCCL INFO NCCL_SOCKET_IFNAME set by environment to eno7np0
MOC-R4PCC04U05:63580:63621 [0] NCCL INFO NET/IB : Using [0]mlx5_5:1/RoCE [RO]; OOB eno7np0:192.168.50.193<0>
MOC-R4PCC04U05:63582:63582 [2] NCCL INFO Bootstrap: Using eno7np0:192.168.50.193<0>
MOC-R4PCC04U05:63582:63582 [2] NCCL INFO NCCL version 2.26.2+cuda12.2
MOC-R4PCC04U05:63580:63621 [0] NCCL INFO PROFILER/Plugin: Could not find: libnccl-profiler.so. 
MOC-R4PCC04U05:63580:63621 [0] NCCL INFO Using network IB
MOC-R4PCC04U05:63582:63582 [2] NCCL INFO Comm config Blocking set to 1
MOC-R4PCC04U05:63580:63621 [0] NCCL INFO DMA-BUF is available on GPU device 0
MOC-R4PCC04U05:63580:63621 [0] NCCL INFO ncclCommInitRankConfig comm 0x55aa47d93b00 rank 0 nranks 12 cudaDev 0 nvmlDev 0 busId 6000 commId 0x7c284502901b5fc8 - Init START
MOC-R4PCC04U05:63581:63581 [1] NCCL INFO cudaDriverVersion 12040
MOC-R4PCC04U05:63581:63581 [1] NCCL INFO NCCL_SOCKET_IFNAME set by environment to eno7np0
MOC-R4PCC04U05:63583:63583 [3] NCCL INFO cudaDriverVersion 12040
MOC-R4PCC04U05:63583:63583 [3] NCCL INFO NCCL_SOCKET_IFNAME set by environment to eno7np0
MOC-R4PCC04U05:63583:63583 [3] NCCL INFO Bootstrap: Using eno7np0:192.168.50.193<0>
MOC-R4PCC04U05:63581:63581 [1] NCCL INFO Bootstrap: Using eno7np0:192.168.50.193<0>
MOC-R4PCC04U05:63583:63583 [3] NCCL INFO NCCL version 2.26.2+cuda12.2
MOC-R4PCC04U05:63581:63581 [1] NCCL INFO NCCL version 2.26.2+cuda12.2
MOC-R4PCC04U05:63581:63581 [1] NCCL INFO Comm config Blocking set to 1
MOC-R4PCC04U05:63583:63583 [3] NCCL INFO Comm config Blocking set to 1
MOC-R4PCC04U05:63582:63623 [2] NCCL INFO NET/Plugin: Could not find: libnccl-net.so. Using internal net plugin.
MOC-R4PCC04U05:63582:63623 [2] NCCL INFO NCCL_IB_DISABLE set by environment to 0.
MOC-R4PCC04U05:63582:63623 [2] NCCL INFO NCCL_SOCKET_IFNAME set by environment to eno7np0
MOC-R4PCC04U05:63582:63623 [2] NCCL INFO NCCL_IB_HCA set to mlx5_5
MOC-R4PCC04U05:63582:63623 [2] NCCL INFO NET/IB : Using [0]mlx5_5:1/RoCE [RO]; OOB eno7np0:192.168.50.193<0>
MOC-R4PCC04U05:63582:63623 [2] NCCL INFO PROFILER/Plugin: Could not find: libnccl-profiler.so. 
MOC-R4PCC04U05:63582:63623 [2] NCCL INFO Using network IB
MOC-R4PCC04U05:63581:63625 [1] NCCL INFO NET/Plugin: Could not find: libnccl-net.so. Using internal net plugin.
MOC-R4PCC04U05:63581:63625 [1] NCCL INFO NCCL_IB_DISABLE set by environment to 0.
MOC-R4PCC04U05:63581:63625 [1] NCCL INFO NCCL_SOCKET_IFNAME set by environment to eno7np0
MOC-R4PCC04U05:63581:63625 [1] NCCL INFO NCCL_IB_HCA set to mlx5_5
MOC-R4PCC04U05:63581:63625 [1] NCCL INFO NET/IB : Using [0]mlx5_5:1/RoCE [RO]; OOB eno7np0:192.168.50.193<0>
MOC-R4PCC04U05:63581:63625 [1] NCCL INFO PROFILER/Plugin: Could not find: libnccl-profiler.so. 
MOC-R4PCC04U05:63581:63625 [1] NCCL INFO Using network IB
MOC-R4PCC04U05:63583:63624 [3] NCCL INFO NET/Plugin: Could not find: libnccl-net.so. Using internal net plugin.
MOC-R4PCC04U05:63583:63624 [3] NCCL INFO NCCL_IB_DISABLE set by environment to 0.
MOC-R4PCC04U05:63583:63624 [3] NCCL INFO NCCL_SOCKET_IFNAME set by environment to eno7np0
MOC-R4PCC04U05:63583:63624 [3] NCCL INFO NCCL_IB_HCA set to mlx5_5
MOC-R4PCC04U05:63583:63624 [3] NCCL INFO NET/IB : Using [0]mlx5_5:1/RoCE [RO]; OOB eno7np0:192.168.50.193<0>
MOC-R4PCC04U05:63583:63624 [3] NCCL INFO PROFILER/Plugin: Could not find: libnccl-profiler.so. 
MOC-R4PCC04U05:63583:63624 [3] NCCL INFO Using network IB
MOC-R4PCC04U05:63582:63623 [2] NCCL INFO DMA-BUF is available on GPU device 2
MOC-R4PCC04U05:63582:63623 [2] NCCL INFO ncclCommInitRankConfig comm 0x560ecef7a600 rank 2 nranks 12 cudaDev 2 nvmlDev 2 busId a6000 commId 0x7c284502901b5fc8 - Init START
MOC-R4PCC04U05:63581:63625 [1] NCCL INFO DMA-BUF is available on GPU device 1
MOC-R4PCC04U05:63581:63625 [1] NCCL INFO ncclCommInitRankConfig comm 0x55fc6565f500 rank 1 nranks 12 cudaDev 1 nvmlDev 1 busId 26000 commId 0x7c284502901b5fc8 - Init START
MOC-R4PCC04U05:63581:63625 [1] NCCL INFO RAS client listening socket at ::1<28028>
MOC-R4PCC04U05:63583:63624 [3] NCCL INFO DMA-BUF is available on GPU device 3
MOC-R4PCC04U05:63580:63621 [0] NCCL INFO RAS client listening socket at ::1<28028>
MOC-R4PCC04U05:63583:63624 [3] NCCL INFO ncclCommInitRankConfig comm 0x55d49a523f60 rank 3 nranks 12 cudaDev 3 nvmlDev 3 busId c6000 commId 0x7c284502901b5fc8 - Init START
MOC-R4PCC04U05:63583:63624 [3] NCCL INFO RAS client listening socket at ::1<28028>
MOC-R4PCC04U05:63582:63623 [2] NCCL INFO RAS client listening socket at ::1<28028>
MOC-R4PCC04U05:63583:63624 [3] NCCL INFO Bootstrap timings total 0.013062 (create 0.000107, send 0.000192, recv 0.000423, ring 0.011014, delay 0.000000)
MOC-R4PCC04U05:63582:63623 [2] NCCL INFO Bootstrap timings total 0.608049 (create 0.000159, send 0.000263, recv 0.595210, ring 0.010893, delay 0.000001)
MOC-R4PCC04U05:63580:63621 [0] NCCL INFO Bootstrap timings total 2.110148 (create 0.000143, send 0.000419, recv 1.819564, ring 0.023225, delay 0.000000)
MOC-R4PCC04U05:63581:63625 [1] NCCL INFO Bootstrap timings total 0.291001 (create 0.000154, send 0.000261, recv 0.000508, ring 0.288745, delay 0.000001)
MOC-R4PCC04U05:63580:63621 [0] NCCL INFO NCCL_NET_GDR_LEVEL set by environment to LOC
MOC-R4PCC04U05:63580:63621 [0] NCCL INFO Setting affinity for GPU 0 to ffffffff,ffffffff,ffffffff,ffffffff,00000000,00000000,00000000,00000000,ffffffff,ffffffff,ffffffff,ffffffff
MOC-R4PCC04U05:63580:63621 [0] NCCL INFO NVLS multicast support is not available on dev 0
MOC-R4PCC04U05:63581:63625 [1] NCCL INFO NCCL_NET_GDR_LEVEL set by environment to LOC
MOC-R4PCC04U05:63582:63623 [2] NCCL INFO NCCL_NET_GDR_LEVEL set by environment to LOC
MOC-R4PCC04U05:63581:63625 [1] NCCL INFO Setting affinity for GPU 1 to ffffffff,ffffffff,ffffffff,ffffffff,00000000,00000000,00000000,00000000,ffffffff,ffffffff,ffffffff,ffffffff
MOC-R4PCC04U05:63583:63624 [3] NCCL INFO NCCL_NET_GDR_LEVEL set by environment to LOC
MOC-R4PCC04U05:63582:63623 [2] NCCL INFO Setting affinity for GPU 2 to ffffffff,ffffffff,ffffffff,ffffffff,00000000,00000000,00000000,00000000,ffffffff,ffffffff,ffffffff,ffffffff,00000000,00000000,00000000,00000000
MOC-R4PCC04U05:63582:63623 [2] NCCL INFO NVLS multicast support is not available on dev 2
MOC-R4PCC04U05:63583:63624 [3] NCCL INFO Setting affinity for GPU 3 to ffffffff,ffffffff,ffffffff,ffffffff,00000000,00000000,00000000,00000000,ffffffff,ffffffff,ffffffff,ffffffff,00000000,00000000,00000000,00000000
MOC-R4PCC04U05:63583:63624 [3] NCCL INFO NVLS multicast support is not available on dev 3
MOC-R4PCC04U05:63581:63625 [1] NCCL INFO NVLS multicast support is not available on dev 1
MOC-R4PCC04U05:63580:63621 [0] NCCL INFO comm 0x55aa47d93b00 rank 0 nRanks 12 nNodes 3 localRanks 4 localRank 0 MNNVL 0
MOC-R4PCC04U05:63581:63625 [1] NCCL INFO comm 0x55fc6565f500 rank 1 nRanks 12 nNodes 3 localRanks 4 localRank 1 MNNVL 0
MOC-R4PCC04U05:63582:63623 [2] NCCL INFO comm 0x560ecef7a600 rank 2 nRanks 12 nNodes 3 localRanks 4 localRank 2 MNNVL 0
MOC-R4PCC04U05:63583:63624 [3] NCCL INFO comm 0x55d49a523f60 rank 3 nRanks 12 nNodes 3 localRanks 4 localRank 3 MNNVL 0
MOC-R4PCC04U05:63581:63625 [1] NCCL INFO Trees [0] 2/-1/-1->1->0 [1] 2/-1/-1->1->0 [2] 2/-1/-1->1->0 [3] 2/-1/-1->1->0
MOC-R4PCC04U05:63582:63623 [2] NCCL INFO Trees [0] -1/-1/-1->2->1 [1] -1/-1/-1->2->1 [2] -1/-1/-1->2->1 [3] -1/-1/-1->2->1
MOC-R4PCC04U05:63581:63625 [1] NCCL INFO P2P Chunksize set to 131072
MOC-R4PCC04U05:63580:63621 [0] NCCL INFO Channel 00/04 :  0  3  6  5  4  7 10  9  8 11  2  1
MOC-R4PCC04U05:63582:63623 [2] NCCL INFO P2P Chunksize set to 131072
MOC-R4PCC04U05:63583:63624 [3] NCCL INFO Trees [0] 0/11/-1->3->-1 [1] 0/11/-1->3->-1 [2] 0/11/-1->3->7 [3] 0/11/-1->3->7
MOC-R4PCC04U05:63580:63621 [0] NCCL INFO Channel 01/04 :  0  2  7  5  4  6 11  9  8 10  3  1
MOC-R4PCC04U05:63583:63624 [3] NCCL INFO P2P Chunksize set to 131072
MOC-R4PCC04U05:63580:63621 [0] NCCL INFO Channel 02/04 :  0  3  6  5  4  7 10  9  8 11  2  1
MOC-R4PCC04U05:63580:63621 [0] NCCL INFO Channel 03/04 :  0  2  7  5  4  6 11  9  8 10  3  1
MOC-R4PCC04U05:63580:63621 [0] NCCL INFO Trees [0] 1/-1/-1->0->3 [1] 1/-1/-1->0->3 [2] 1/-1/-1->0->3 [3] 1/-1/-1->0->3
MOC-R4PCC04U05:63580:63621 [0] NCCL INFO P2P Chunksize set to 131072
MOC-R4PCC04U05:63580:63621 [0] NCCL INFO Check P2P Type intraNodeP2pSupport 1 directMode 0
MOC-R4PCC04U05:63581:63639 [1] NCCL INFO [Proxy Service] Device 1 CPU core 16
MOC-R4PCC04U05:63583:63638 [3] NCCL INFO [Proxy Service] Device 3 CPU core 440
MOC-R4PCC04U05:63582:63637 [2] NCCL INFO [Proxy Service] Device 2 CPU core 191
MOC-R4PCC04U05:63581:63643 [1] NCCL INFO [Proxy Service UDS] Device 1 CPU core 287
MOC-R4PCC04U05:63583:63642 [3] NCCL INFO [Proxy Service UDS] Device 3 CPU core 470
MOC-R4PCC04U05:63582:63641 [2] NCCL INFO [Proxy Service UDS] Device 2 CPU core 471
MOC-R4PCC04U05:63580:63644 [0] NCCL INFO [Proxy Service UDS] Device 0 CPU core 290
MOC-R4PCC04U05:63580:63640 [0] NCCL INFO [Proxy Service] Device 0 CPU core 279
MOC-R4PCC04U05:63582:63623 [2] NCCL INFO threadThresholds 8/8/64 | 96/8/64 | 512 | 512
MOC-R4PCC04U05:63582:63623 [2] NCCL INFO 4 coll channels, 4 collnet channels, 0 nvls channels, 4 p2p channels, 1 p2p channels per peer
MOC-R4PCC04U05:63583:63624 [3] NCCL INFO threadThresholds 8/8/64 | 96/8/64 | 512 | 512
MOC-R4PCC04U05:63583:63624 [3] NCCL INFO 4 coll channels, 4 collnet channels, 0 nvls channels, 4 p2p channels, 1 p2p channels per peer
MOC-R4PCC04U05:63580:63621 [0] NCCL INFO threadThresholds 8/8/64 | 96/8/64 | 512 | 512
MOC-R4PCC04U05:63580:63621 [0] NCCL INFO 4 coll channels, 4 collnet channels, 0 nvls channels, 4 p2p channels, 1 p2p channels per peer
MOC-R4PCC04U05:63581:63625 [1] NCCL INFO threadThresholds 8/8/64 | 96/8/64 | 512 | 512
MOC-R4PCC04U05:63581:63625 [1] NCCL INFO 4 coll channels, 4 collnet channels, 0 nvls channels, 4 p2p channels, 1 p2p channels per peer
MOC-R4PCC04U05:63580:63621 [0] NCCL INFO CC Off, workFifoBytes 1048576
MOC-R4PCC04U05:63581:63625 [1] NCCL INFO TUNER/Plugin: Could not find: libnccl-tuner.so. Using internal tuner plugin.
MOC-R4PCC04U05:63581:63625 [1] NCCL INFO ncclCommInitRankConfig comm 0x55fc6565f500 rank 1 nranks 12 cudaDev 1 nvmlDev 1 busId 26000 commId 0x7c284502901b5fc8 - Init COMPLETE
MOC-R4PCC04U05:63581:63625 [1] NCCL INFO Init timings - ncclCommInitRankConfig: rank 1 nranks 12 total 3.23 (kernels 0.33, alloc 1.48, bootstrap 0.29, allgathers 0.06, topo 0.75, graphs 0.00, connections 0.30, rest 0.01)
MOC-R4PCC04U05:63580:63621 [0] NCCL INFO TUNER/Plugin: Could not find: libnccl-tuner.so. Using internal tuner plugin.
MOC-R4PCC04U05:63580:63621 [0] NCCL INFO ncclCommInitRankConfig comm 0x55aa47d93b00 rank 0 nranks 12 cudaDev 0 nvmlDev 0 busId 6000 commId 0x7c284502901b5fc8 - Init COMPLETE
MOC-R4PCC04U05:63580:63621 [0] NCCL INFO Init timings - ncclCommInitRankConfig: rank 0 nranks 12 total 4.25 (kernels 0.32, alloc 0.70, bootstrap 2.11, allgathers 0.06, topo 0.75, graphs 0.01, connections 0.29, rest 0.01)
MOC-R4PCC04U05:63582:63623 [2] NCCL INFO TUNER/Plugin: Could not find: libnccl-tuner.so. Using internal tuner plugin.
MOC-R4PCC04U05:63582:63623 [2] NCCL INFO ncclCommInitRankConfig comm 0x560ecef7a600 rank 2 nranks 12 cudaDev 2 nvmlDev 2 busId a6000 commId 0x7c284502901b5fc8 - Init COMPLETE
MOC-R4PCC04U05:63583:63624 [3] NCCL INFO TUNER/Plugin: Could not find: libnccl-tuner.so. Using internal tuner plugin.
MOC-R4PCC04U05:63582:63623 [2] NCCL INFO Init timings - ncclCommInitRankConfig: rank 2 nranks 12 total 3.78 (kernels 0.73, alloc 1.31, bootstrap 0.61, allgathers 0.07, topo 0.75, graphs 0.00, connections 0.27, rest 0.03)
MOC-R4PCC04U05:63583:63624 [3] NCCL INFO ncclCommInitRankConfig comm 0x55d49a523f60 rank 3 nranks 12 cudaDev 3 nvmlDev 3 busId c6000 commId 0x7c284502901b5fc8 - Init COMPLETE
MOC-R4PCC04U05:63583:63624 [3] NCCL INFO Init timings - ncclCommInitRankConfig: rank 3 nranks 12 total 3.23 (kernels 0.86, alloc 1.23, bootstrap 0.01, allgathers 0.07, topo 0.76, graphs 0.00, connections 0.27, rest 0.03)
MOC-R4PCC04U05:63580:63648 [0] NCCL INFO Channel 01/0 : 0[0] -> 2[2] via P2P/CUMEM
MOC-R4PCC04U05:63580:63648 [0] NCCL INFO Channel 03/0 : 0[0] -> 2[2] via P2P/CUMEM
MOC-R4PCC04U05:63580:63648 [0] NCCL INFO Channel 00/0 : 0[0] -> 3[3] via P2P/CUMEM
MOC-R4PCC04U05:63580:63648 [0] NCCL INFO Channel 02/0 : 0[0] -> 3[3] via P2P/CUMEM
MOC-R4PCC04U05:63583:63647 [3] NCCL INFO Channel 00/0 : 3[3] -> 6[2] [send] via NET/IB/1
MOC-R4PCC04U05:63583:63649 [3] NCCL INFO [Proxy Progress] Device 3 CPU core 439
MOC-R4PCC04U05:63583:63647 [3] NCCL INFO Channel 02/0 : 3[3] -> 6[2] [send] via NET/IB/1
MOC-R4PCC04U05:63582:63650 [2] NCCL INFO [Proxy Progress] Device 2 CPU core 440
MOC-R4PCC04U05:63582:63645 [2] NCCL INFO Channel 00/0 : 11[3] -> 2[2] [receive] via NET/IB/1
MOC-R4PCC04U05:63582:63645 [2] NCCL INFO Channel 02/0 : 11[3] -> 2[2] [receive] via NET/IB/1
MOC-R4PCC04U05:63582:63645 [2] NCCL INFO Channel 01/0 : 2[2] -> 7[3] [send] via NET/IB/1
MOC-R4PCC04U05:63582:63645 [2] NCCL INFO Channel 03/0 : 2[2] -> 7[3] [send] via NET/IB/1
MOC-R4PCC04U05:63583:63647 [3] NCCL INFO Channel 01/0 : 10[2] -> 3[3] [receive] via NET/IB/1
MOC-R4PCC04U05:63583:63647 [3] NCCL INFO Channel 03/0 : 10[2] -> 3[3] [receive] via NET/IB/1
MOC-R4PCC04U05:63582:63645 [2] NCCL INFO Channel 00/0 : 2[2] -> 1[1] via P2P/CUMEM
MOC-R4PCC04U05:63583:63647 [3] NCCL INFO Channel 01/0 : 3[3] -> 1[1] via P2P/CUMEM
MOC-R4PCC04U05:63583:63647 [3] NCCL INFO Channel 03/0 : 3[3] -> 1[1] via P2P/CUMEM
MOC-R4PCC04U05:63582:63645 [2] NCCL INFO Channel 02/0 : 2[2] -> 1[1] via P2P/CUMEM
MOC-R4PCC04U05:63581:63646 [1] NCCL INFO Channel 00/0 : 1[1] -> 0[0] via P2P/CUMEM
MOC-R4PCC04U05:63581:63646 [1] NCCL INFO Channel 01/0 : 1[1] -> 0[0] via P2P/CUMEM
MOC-R4PCC04U05:63581:63646 [1] NCCL INFO Channel 02/0 : 1[1] -> 0[0] via P2P/CUMEM
MOC-R4PCC04U05:63581:63646 [1] NCCL INFO Channel 03/0 : 1[1] -> 0[0] via P2P/CUMEM
MOC-R4PCC04U05:63583:63647 [3] NCCL INFO Connected all rings, use ring PXN 0 GDR 0
MOC-R4PCC04U05:63582:63645 [2] NCCL INFO Connected all rings, use ring PXN 0 GDR 0
MOC-R4PCC04U05:63581:63646 [1] NCCL INFO Connected all rings, use ring PXN 0 GDR 0
MOC-R4PCC04U05:63580:63648 [0] NCCL INFO Connected all rings, use ring PXN 0 GDR 0
num decayed parameter tensors: 50, with 124,318,464 parameters
num non-decayed parameter tensors: 98, with 121,344 parameters
using fused AdamW: False
using regular AdamW
MOC-R4PCC04U05:63581:64340 [1] NCCL INFO Channel 00/0 : 1[1] -> 2[2] via P2P/CUMEM
MOC-R4PCC04U05:63581:64340 [1] NCCL INFO Channel 01/0 : 1[1] -> 2[2] via P2P/CUMEM
MOC-R4PCC04U05:63581:64340 [1] NCCL INFO Channel 02/0 : 1[1] -> 2[2] via P2P/CUMEM
MOC-R4PCC04U05:63581:64340 [1] NCCL INFO Channel 03/0 : 1[1] -> 2[2] via P2P/CUMEM
MOC-R4PCC04U05:63580:64341 [0] NCCL INFO Channel 00/0 : 0[0] -> 1[1] via P2P/CUMEM
MOC-R4PCC04U05:63582:64339 [2] NCCL INFO Channel 01/0 : 2[2] -> 1[1] via P2P/CUMEM
MOC-R4PCC04U05:63580:64341 [0] NCCL INFO Channel 01/0 : 0[0] -> 1[1] via P2P/CUMEM
MOC-R4PCC04U05:63582:64339 [2] NCCL INFO Channel 03/0 : 2[2] -> 1[1] via P2P/CUMEM
MOC-R4PCC04U05:63580:64341 [0] NCCL INFO Channel 02/0 : 0[0] -> 1[1] via P2P/CUMEM
MOC-R4PCC04U05:63580:64341 [0] NCCL INFO Channel 03/0 : 0[0] -> 1[1] via P2P/CUMEM
MOC-R4PCC04U05:63580:64341 [0] NCCL INFO Channel 01/0 : 0[0] -> 3[3] via P2P/CUMEM
MOC-R4PCC04U05:63580:64341 [0] NCCL INFO Channel 03/0 : 0[0] -> 3[3] via P2P/CUMEM
MOC-R4PCC04U05:63583:64342 [3] NCCL INFO Channel 00/0 : 11[3] -> 3[3] [receive] via NET/IB/1
MOC-R4PCC04U05:63583:64342 [3] NCCL INFO Channel 01/0 : 11[3] -> 3[3] [receive] via NET/IB/1
MOC-R4PCC04U05:63583:64342 [3] NCCL INFO Channel 02/0 : 11[3] -> 3[3] [receive] via NET/IB/1
MOC-R4PCC04U05:63583:64342 [3] NCCL INFO Channel 03/0 : 11[3] -> 3[3] [receive] via NET/IB/1
MOC-R4PCC04U05:63583:64342 [3] NCCL INFO Channel 02/0 : 3[3] -> 7[3] [send] via NET/IB/1
MOC-R4PCC04U05:63583:64342 [3] NCCL INFO Channel 03/0 : 3[3] -> 7[3] [send] via NET/IB/1
MOC-R4PCC04U05:63583:64342 [3] NCCL INFO Channel 02/0 : 7[3] -> 3[3] [receive] via NET/IB/1
MOC-R4PCC04U05:63583:64342 [3] NCCL INFO Channel 03/0 : 7[3] -> 3[3] [receive] via NET/IB/1
MOC-R4PCC04U05:63583:64342 [3] NCCL INFO Channel 00/0 : 3[3] -> 11[3] [send] via NET/IB/1
MOC-R4PCC04U05:63583:64342 [3] NCCL INFO Channel 01/0 : 3[3] -> 11[3] [send] via NET/IB/1
MOC-R4PCC04U05:63583:64342 [3] NCCL INFO Channel 02/0 : 3[3] -> 11[3] [send] via NET/IB/1
MOC-R4PCC04U05:63583:64342 [3] NCCL INFO Channel 03/0 : 3[3] -> 11[3] [send] via NET/IB/1
MOC-R4PCC04U05:63583:64342 [3] NCCL INFO Channel 00/0 : 3[3] -> 0[0] via P2P/CUMEM
MOC-R4PCC04U05:63583:64342 [3] NCCL INFO Channel 01/0 : 3[3] -> 0[0] via P2P/CUMEM
MOC-R4PCC04U05:63583:64342 [3] NCCL INFO Channel 02/0 : 3[3] -> 0[0] via P2P/CUMEM
MOC-R4PCC04U05:63583:64342 [3] NCCL INFO Channel 03/0 : 3[3] -> 0[0] via P2P/CUMEM
MOC-R4PCC04U05:63581:64340 [1] NCCL INFO Connected all trees
MOC-R4PCC04U05:63582:64339 [2] NCCL INFO Connected all trees
MOC-R4PCC04U05:63583:64342 [3] NCCL INFO Connected all trees
MOC-R4PCC04U05:63580:64341 [0] NCCL INFO Connected all trees
step    1/10 | train loss 11.009265 | norm 15.3268 | lr 1.00e-04 | (14015.07 ms | 224453 tok/s)
step    2/10 | train loss 10.139996 | norm 5.7240 | lr 1.00e-04 | (727.07 ms | 4326593 tok/s)
step    3/10 | train loss 9.800573 | norm 2.6000 | lr 1.00e-04 | (649.06 ms | 4846597 tok/s)
step    4/10 | train loss 9.631747 | norm 2.1088 | lr 1.00e-04 | (650.28 ms | 4837501 tok/s)
step    5/10 | train loss 9.549009 | norm 2.0997 | lr 1.00e-04 | (656.41 ms | 4792287 tok/s)
step    6/10 | train loss 9.468157 | norm 1.9943 | lr 1.00e-04 | (656.71 ms | 4790111 tok/s)
step    7/10 | train loss 9.382836 | norm 1.9455 | lr 1.00e-04 | (657.10 ms | 4787267 tok/s)
step    8/10 | train loss 9.291336 | norm 1.9113 | lr 1.00e-04 | (653.26 ms | 4815464 tok/s)
step    9/10 | train loss 9.196154 | norm 1.8552 | lr 1.00e-04 | (657.74 ms | 4782598 tok/s)
step   10/10 | train loss 9.111106 | norm 1.7914 | lr 1.00e-04 | (657.38 ms | 4785220 tok/s)
final 9 iters avg: 662.780ms
peak memory consumption: 16601 MiB
MOC-R4PCC04U05:63582:64347 [2] NCCL INFO comm 0x560ecef7a600 rank 2 nranks 12 cudaDev 2 busId a6000 - Destroy COMPLETE
MOC-R4PCC04U05:63581:64349 [1] NCCL INFO comm 0x55fc6565f500 rank 1 nranks 12 cudaDev 1 busId 26000 - Destroy COMPLETE
MOC-R4PCC04U05:63580:64348 [0] NCCL INFO comm 0x55aa47d93b00 rank 0 nranks 12 cudaDev 0 busId 6000 - Destroy COMPLETE
MOC-R4PCC04U05:63583:64350 [3] NCCL INFO comm 0x55d49a523f60 rank 3 nranks 12 cudaDev 3 busId c6000 - Destroy COMPLETE
