Running pytorch 2.7.0+cu126
using device: cuda:0
total desired batch size: 1048576
=> calculated gradient accumulation steps: 4
using device: cuda:3
using device: cuda:2
using device: cuda:1
compiling the model...
DataLoader: total number of tokens: 1,661,249,667 across 103 files
MOC-R4PCC04U05:51818:51818 [0] NCCL INFO NCCL_SOCKET_IFNAME set by environment to eno7np0
MOC-R4PCC04U05:51818:51818 [0] NCCL INFO Bootstrap: Using eno7np0:192.168.50.193<0>
MOC-R4PCC04U05:51818:51818 [0] NCCL INFO cudaDriverVersion 12040
MOC-R4PCC04U05:51818:51818 [0] NCCL INFO NCCL version 2.26.2+cuda12.2
MOC-R4PCC04U05:51818:51818 [0] NCCL INFO Comm config Blocking set to 1
MOC-R4PCC04U05:51818:51860 [0] NCCL INFO NET/Plugin: Could not find: libnccl-net.so. Using internal net plugin.
MOC-R4PCC04U05:51818:51860 [0] NCCL INFO NCCL_IB_DISABLE set by environment to 0.
MOC-R4PCC04U05:51818:51860 [0] NCCL INFO NCCL_SOCKET_IFNAME set by environment to eno7np0
MOC-R4PCC04U05:51818:51860 [0] NCCL INFO NCCL_IB_HCA set to mlx5_5
MOC-R4PCC04U05:51818:51860 [0] NCCL INFO NET/IB : Using [0]mlx5_5:1/RoCE [RO]; OOB eno7np0:192.168.50.193<0>
MOC-R4PCC04U05:51818:51860 [0] NCCL INFO PROFILER/Plugin: Could not find: libnccl-profiler.so. 
MOC-R4PCC04U05:51818:51860 [0] NCCL INFO Using network IB
MOC-R4PCC04U05:51821:51821 [3] NCCL INFO cudaDriverVersion 12040
MOC-R4PCC04U05:51821:51821 [3] NCCL INFO NCCL_SOCKET_IFNAME set by environment to eno7np0
MOC-R4PCC04U05:51821:51821 [3] NCCL INFO Bootstrap: Using eno7np0:192.168.50.193<0>
MOC-R4PCC04U05:51821:51821 [3] NCCL INFO NCCL version 2.26.2+cuda12.2
MOC-R4PCC04U05:51818:51860 [0] NCCL INFO DMA-BUF is available on GPU device 0
MOC-R4PCC04U05:51821:51821 [3] NCCL INFO Comm config Blocking set to 1
MOC-R4PCC04U05:51818:51860 [0] NCCL INFO ncclCommInitRankConfig comm 0x555797bcf740 rank 0 nranks 8 cudaDev 0 nvmlDev 0 busId 6000 commId 0xbd014d16764ccd1e - Init START
MOC-R4PCC04U05:51820:51820 [2] NCCL INFO cudaDriverVersion 12040
MOC-R4PCC04U05:51820:51820 [2] NCCL INFO NCCL_SOCKET_IFNAME set by environment to eno7np0
MOC-R4PCC04U05:51820:51820 [2] NCCL INFO Bootstrap: Using eno7np0:192.168.50.193<0>
MOC-R4PCC04U05:51820:51820 [2] NCCL INFO NCCL version 2.26.2+cuda12.2
MOC-R4PCC04U05:51820:51820 [2] NCCL INFO Comm config Blocking set to 1
MOC-R4PCC04U05:51819:51819 [1] NCCL INFO cudaDriverVersion 12040
MOC-R4PCC04U05:51819:51819 [1] NCCL INFO NCCL_SOCKET_IFNAME set by environment to eno7np0
MOC-R4PCC04U05:51819:51819 [1] NCCL INFO Bootstrap: Using eno7np0:192.168.50.193<0>
MOC-R4PCC04U05:51819:51819 [1] NCCL INFO NCCL version 2.26.2+cuda12.2
MOC-R4PCC04U05:51819:51819 [1] NCCL INFO Comm config Blocking set to 1
MOC-R4PCC04U05:51821:51862 [3] NCCL INFO NET/Plugin: Could not find: libnccl-net.so. Using internal net plugin.
MOC-R4PCC04U05:51821:51862 [3] NCCL INFO NCCL_IB_DISABLE set by environment to 0.
MOC-R4PCC04U05:51821:51862 [3] NCCL INFO NCCL_SOCKET_IFNAME set by environment to eno7np0
MOC-R4PCC04U05:51821:51862 [3] NCCL INFO NCCL_IB_HCA set to mlx5_5
MOC-R4PCC04U05:51820:51863 [2] NCCL INFO NET/Plugin: Could not find: libnccl-net.so. Using internal net plugin.
MOC-R4PCC04U05:51820:51863 [2] NCCL INFO NCCL_IB_DISABLE set by environment to 0.
MOC-R4PCC04U05:51820:51863 [2] NCCL INFO NCCL_SOCKET_IFNAME set by environment to eno7np0
MOC-R4PCC04U05:51820:51863 [2] NCCL INFO NCCL_IB_HCA set to mlx5_5
MOC-R4PCC04U05:51819:51864 [1] NCCL INFO NET/Plugin: Could not find: libnccl-net.so. Using internal net plugin.
MOC-R4PCC04U05:51819:51864 [1] NCCL INFO NCCL_IB_DISABLE set by environment to 0.
MOC-R4PCC04U05:51819:51864 [1] NCCL INFO NCCL_SOCKET_IFNAME set by environment to eno7np0
MOC-R4PCC04U05:51819:51864 [1] NCCL INFO NCCL_IB_HCA set to mlx5_5
MOC-R4PCC04U05:51821:51862 [3] NCCL INFO NET/IB : Using [0]mlx5_5:1/RoCE [RO]; OOB eno7np0:192.168.50.193<0>
MOC-R4PCC04U05:51821:51862 [3] NCCL INFO PROFILER/Plugin: Could not find: libnccl-profiler.so. 
MOC-R4PCC04U05:51821:51862 [3] NCCL INFO Using network IB
MOC-R4PCC04U05:51820:51863 [2] NCCL INFO NET/IB : Using [0]mlx5_5:1/RoCE [RO]; OOB eno7np0:192.168.50.193<0>
MOC-R4PCC04U05:51820:51863 [2] NCCL INFO PROFILER/Plugin: Could not find: libnccl-profiler.so. 
MOC-R4PCC04U05:51820:51863 [2] NCCL INFO Using network IB
MOC-R4PCC04U05:51819:51864 [1] NCCL INFO NET/IB : Using [0]mlx5_5:1/RoCE [RO]; OOB eno7np0:192.168.50.193<0>
MOC-R4PCC04U05:51819:51864 [1] NCCL INFO PROFILER/Plugin: Could not find: libnccl-profiler.so. 
MOC-R4PCC04U05:51819:51864 [1] NCCL INFO Using network IB
MOC-R4PCC04U05:51821:51862 [3] NCCL INFO DMA-BUF is available on GPU device 3
MOC-R4PCC04U05:51819:51864 [1] NCCL INFO DMA-BUF is available on GPU device 1
MOC-R4PCC04U05:51820:51863 [2] NCCL INFO DMA-BUF is available on GPU device 2
MOC-R4PCC04U05:51821:51862 [3] NCCL INFO ncclCommInitRankConfig comm 0x55874b6621c0 rank 3 nranks 8 cudaDev 3 nvmlDev 3 busId c6000 commId 0xbd014d16764ccd1e - Init START
MOC-R4PCC04U05:51820:51863 [2] NCCL INFO ncclCommInitRankConfig comm 0x56184cacf390 rank 2 nranks 8 cudaDev 2 nvmlDev 2 busId a6000 commId 0xbd014d16764ccd1e - Init START
MOC-R4PCC04U05:51819:51864 [1] NCCL INFO ncclCommInitRankConfig comm 0x55ae27a27f80 rank 1 nranks 8 cudaDev 1 nvmlDev 1 busId 26000 commId 0xbd014d16764ccd1e - Init START
MOC-R4PCC04U05:51820:51863 [2] NCCL INFO RAS client listening socket at ::1<28028>
MOC-R4PCC04U05:51821:51862 [3] NCCL INFO RAS client listening socket at ::1<28028>
MOC-R4PCC04U05:51819:51864 [1] NCCL INFO RAS client listening socket at ::1<28028>
MOC-R4PCC04U05:51818:51860 [0] NCCL INFO RAS client listening socket at ::1<28028>
MOC-R4PCC04U05:51818:51860 [0] NCCL INFO Bootstrap timings total 2.160885 (create 0.000163, send 0.000432, recv 2.157311, ring 0.000461, delay 0.000001)
MOC-R4PCC04U05:51819:51864 [1] NCCL INFO Bootstrap timings total 0.003937 (create 0.000107, send 0.000206, recv 0.000659, ring 0.000841, delay 0.000000)
MOC-R4PCC04U05:51821:51862 [3] NCCL INFO Bootstrap timings total 0.044227 (create 0.000152, send 0.000259, recv 0.000387, ring 0.000824, delay 0.000000)
MOC-R4PCC04U05:51820:51863 [2] NCCL INFO Bootstrap timings total 0.004101 (create 0.000154, send 0.000287, recv 0.000366, ring 0.002024, delay 0.000001)
MOC-R4PCC04U05:51818:51860 [0] NCCL INFO NCCL_NET_GDR_LEVEL set by environment to LOC
MOC-R4PCC04U05:51818:51860 [0] NCCL INFO Setting affinity for GPU 0 to ffffffff,ffffffff,ffffffff,ffffffff,00000000,00000000,00000000,00000000,ffffffff,ffffffff,ffffffff,ffffffff
MOC-R4PCC04U05:51818:51860 [0] NCCL INFO NVLS multicast support is not available on dev 0
MOC-R4PCC04U05:51821:51862 [3] NCCL INFO NCCL_NET_GDR_LEVEL set by environment to LOC
MOC-R4PCC04U05:51820:51863 [2] NCCL INFO NCCL_NET_GDR_LEVEL set by environment to LOC
MOC-R4PCC04U05:51821:51862 [3] NCCL INFO Setting affinity for GPU 3 to ffffffff,ffffffff,ffffffff,ffffffff,00000000,00000000,00000000,00000000,ffffffff,ffffffff,ffffffff,ffffffff,00000000,00000000,00000000,00000000
MOC-R4PCC04U05:51821:51862 [3] NCCL INFO NVLS multicast support is not available on dev 3
MOC-R4PCC04U05:51820:51863 [2] NCCL INFO Setting affinity for GPU 2 to ffffffff,ffffffff,ffffffff,ffffffff,00000000,00000000,00000000,00000000,ffffffff,ffffffff,ffffffff,ffffffff,00000000,00000000,00000000,00000000
MOC-R4PCC04U05:51820:51863 [2] NCCL INFO NVLS multicast support is not available on dev 2
MOC-R4PCC04U05:51819:51864 [1] NCCL INFO NCCL_NET_GDR_LEVEL set by environment to LOC
MOC-R4PCC04U05:51819:51864 [1] NCCL INFO Setting affinity for GPU 1 to ffffffff,ffffffff,ffffffff,ffffffff,00000000,00000000,00000000,00000000,ffffffff,ffffffff,ffffffff,ffffffff
MOC-R4PCC04U05:51819:51864 [1] NCCL INFO NVLS multicast support is not available on dev 1
MOC-R4PCC04U05:51818:51860 [0] NCCL INFO comm 0x555797bcf740 rank 0 nRanks 8 nNodes 2 localRanks 4 localRank 0 MNNVL 0
MOC-R4PCC04U05:51821:51862 [3] NCCL INFO comm 0x55874b6621c0 rank 3 nRanks 8 nNodes 2 localRanks 4 localRank 3 MNNVL 0
MOC-R4PCC04U05:51819:51864 [1] NCCL INFO comm 0x55ae27a27f80 rank 1 nRanks 8 nNodes 2 localRanks 4 localRank 1 MNNVL 0
MOC-R4PCC04U05:51820:51863 [2] NCCL INFO comm 0x56184cacf390 rank 2 nRanks 8 nNodes 2 localRanks 4 localRank 2 MNNVL 0
MOC-R4PCC04U05:51821:51862 [3] NCCL INFO Trees [0] 0/7/-1->3->-1 [1] 0/7/-1->3->-1 [2] 0/-1/-1->3->7 [3] 0/-1/-1->3->7
MOC-R4PCC04U05:51819:51864 [1] NCCL INFO Trees [0] 2/-1/-1->1->0 [1] 2/-1/-1->1->0 [2] 2/-1/-1->1->0 [3] 2/-1/-1->1->0
MOC-R4PCC04U05:51821:51862 [3] NCCL INFO P2P Chunksize set to 131072
MOC-R4PCC04U05:51818:51860 [0] NCCL INFO Channel 00/04 : 0 3 6 5 4 7 2 1
MOC-R4PCC04U05:51819:51864 [1] NCCL INFO P2P Chunksize set to 131072
MOC-R4PCC04U05:51820:51863 [2] NCCL INFO Trees [0] -1/-1/-1->2->1 [1] -1/-1/-1->2->1 [2] -1/-1/-1->2->1 [3] -1/-1/-1->2->1
MOC-R4PCC04U05:51818:51860 [0] NCCL INFO Channel 01/04 : 0 2 7 5 4 6 3 1
MOC-R4PCC04U05:51820:51863 [2] NCCL INFO P2P Chunksize set to 131072
MOC-R4PCC04U05:51818:51860 [0] NCCL INFO Channel 02/04 : 0 3 6 5 4 7 2 1
MOC-R4PCC04U05:51818:51860 [0] NCCL INFO Channel 03/04 : 0 2 7 5 4 6 3 1
MOC-R4PCC04U05:51818:51860 [0] NCCL INFO Trees [0] 1/-1/-1->0->3 [1] 1/-1/-1->0->3 [2] 1/-1/-1->0->3 [3] 1/-1/-1->0->3
MOC-R4PCC04U05:51818:51860 [0] NCCL INFO P2P Chunksize set to 131072
MOC-R4PCC04U05:51818:51860 [0] NCCL INFO Check P2P Type intraNodeP2pSupport 1 directMode 0
MOC-R4PCC04U05:51821:51876 [3] NCCL INFO [Proxy Service] Device 3 CPU core 179
MOC-R4PCC04U05:51819:51877 [1] NCCL INFO [Proxy Service] Device 1 CPU core 287
MOC-R4PCC04U05:51820:51878 [2] NCCL INFO [Proxy Service] Device 2 CPU core 191
MOC-R4PCC04U05:51819:51881 [1] NCCL INFO [Proxy Service UDS] Device 1 CPU core 303
MOC-R4PCC04U05:51821:51880 [3] NCCL INFO [Proxy Service UDS] Device 3 CPU core 455
MOC-R4PCC04U05:51820:51882 [2] NCCL INFO [Proxy Service UDS] Device 2 CPU core 459
MOC-R4PCC04U05:51818:51879 [0] NCCL INFO [Proxy Service] Device 0 CPU core 286
MOC-R4PCC04U05:51818:51883 [0] NCCL INFO [Proxy Service UDS] Device 0 CPU core 311
MOC-R4PCC04U05:51821:51862 [3] NCCL INFO threadThresholds 8/8/64 | 64/8/64 | 512 | 512
MOC-R4PCC04U05:51821:51862 [3] NCCL INFO 4 coll channels, 4 collnet channels, 0 nvls channels, 4 p2p channels, 2 p2p channels per peer
MOC-R4PCC04U05:51820:51863 [2] NCCL INFO threadThresholds 8/8/64 | 64/8/64 | 512 | 512
MOC-R4PCC04U05:51820:51863 [2] NCCL INFO 4 coll channels, 4 collnet channels, 0 nvls channels, 4 p2p channels, 2 p2p channels per peer
MOC-R4PCC04U05:51819:51864 [1] NCCL INFO threadThresholds 8/8/64 | 64/8/64 | 512 | 512
MOC-R4PCC04U05:51819:51864 [1] NCCL INFO 4 coll channels, 4 collnet channels, 0 nvls channels, 4 p2p channels, 2 p2p channels per peer
MOC-R4PCC04U05:51818:51860 [0] NCCL INFO threadThresholds 8/8/64 | 64/8/64 | 512 | 512
MOC-R4PCC04U05:51818:51860 [0] NCCL INFO 4 coll channels, 4 collnet channels, 0 nvls channels, 4 p2p channels, 2 p2p channels per peer
MOC-R4PCC04U05:51818:51860 [0] NCCL INFO CC Off, workFifoBytes 1048576
MOC-R4PCC04U05:51821:51862 [3] NCCL INFO TUNER/Plugin: Could not find: libnccl-tuner.so. Using internal tuner plugin.
MOC-R4PCC04U05:51821:51862 [3] NCCL INFO ncclCommInitRankConfig comm 0x55874b6621c0 rank 3 nranks 8 cudaDev 3 nvmlDev 3 busId c6000 commId 0xbd014d16764ccd1e - Init COMPLETE
MOC-R4PCC04U05:51821:51862 [3] NCCL INFO Init timings - ncclCommInitRankConfig: rank 3 nranks 8 total 3.04 (kernels 0.31, alloc 1.81, bootstrap 0.04, allgathers 0.02, topo 0.82, graphs 0.00, connections 0.01, rest 0.02)
MOC-R4PCC04U05:51820:51863 [2] NCCL INFO TUNER/Plugin: Could not find: libnccl-tuner.so. Using internal tuner plugin.
MOC-R4PCC04U05:51820:51863 [2] NCCL INFO ncclCommInitRankConfig comm 0x56184cacf390 rank 2 nranks 8 cudaDev 2 nvmlDev 2 busId a6000 commId 0xbd014d16764ccd1e - Init COMPLETE
MOC-R4PCC04U05:51819:51864 [1] NCCL INFO TUNER/Plugin: Could not find: libnccl-tuner.so. Using internal tuner plugin.
MOC-R4PCC04U05:51820:51863 [2] NCCL INFO Init timings - ncclCommInitRankConfig: rank 2 nranks 8 total 3.03 (kernels 0.31, alloc 1.84, bootstrap 0.00, allgathers 0.02, topo 0.82, graphs 0.00, connections 0.02, rest 0.02)
MOC-R4PCC04U05:51819:51864 [1] NCCL INFO ncclCommInitRankConfig comm 0x55ae27a27f80 rank 1 nranks 8 cudaDev 1 nvmlDev 1 busId 26000 commId 0xbd014d16764ccd1e - Init COMPLETE
MOC-R4PCC04U05:51819:51864 [1] NCCL INFO Init timings - ncclCommInitRankConfig: rank 1 nranks 8 total 3.03 (kernels 0.31, alloc 1.83, bootstrap 0.00, allgathers 0.02, topo 0.82, graphs 0.00, connections 0.02, rest 0.02)
MOC-R4PCC04U05:51818:51860 [0] NCCL INFO TUNER/Plugin: Could not find: libnccl-tuner.so. Using internal tuner plugin.
MOC-R4PCC04U05:51818:51860 [0] NCCL INFO ncclCommInitRankConfig comm 0x555797bcf740 rank 0 nranks 8 cudaDev 0 nvmlDev 0 busId 6000 commId 0xbd014d16764ccd1e - Init COMPLETE
MOC-R4PCC04U05:51818:51860 [0] NCCL INFO Init timings - ncclCommInitRankConfig: rank 0 nranks 8 total 4.05 (kernels 0.32, alloc 0.69, bootstrap 2.16, allgathers 0.02, topo 0.82, graphs 0.00, connections 0.03, rest 0.00)
MOC-R4PCC04U05:51818:51886 [0] NCCL INFO Channel 01/0 : 0[0] -> 2[2] via P2P/CUMEM
MOC-R4PCC04U05:51818:51886 [0] NCCL INFO Channel 03/0 : 0[0] -> 2[2] via P2P/CUMEM
MOC-R4PCC04U05:51818:51886 [0] NCCL INFO Channel 00/0 : 0[0] -> 3[3] via P2P/CUMEM
MOC-R4PCC04U05:51818:51886 [0] NCCL INFO Channel 02/0 : 0[0] -> 3[3] via P2P/CUMEM
MOC-R4PCC04U05:51820:51888 [2] NCCL INFO [Proxy Progress] Device 2 CPU core 170
MOC-R4PCC04U05:51820:51885 [2] NCCL INFO Channel 00/0 : 7[3] -> 2[2] [receive] via NET/IB/1
MOC-R4PCC04U05:51820:51885 [2] NCCL INFO Channel 02/0 : 7[3] -> 2[2] [receive] via NET/IB/1
MOC-R4PCC04U05:51820:51885 [2] NCCL INFO Channel 01/0 : 2[2] -> 7[3] [send] via NET/IB/1
MOC-R4PCC04U05:51820:51885 [2] NCCL INFO Channel 03/0 : 2[2] -> 7[3] [send] via NET/IB/1
MOC-R4PCC04U05:51821:51887 [3] NCCL INFO Channel 00/0 : 3[3] -> 6[2] [send] via NET/IB/1
MOC-R4PCC04U05:51821:51889 [3] NCCL INFO [Proxy Progress] Device 3 CPU core 180
MOC-R4PCC04U05:51821:51887 [3] NCCL INFO Channel 02/0 : 3[3] -> 6[2] [send] via NET/IB/1
MOC-R4PCC04U05:51821:51887 [3] NCCL INFO Channel 01/0 : 6[2] -> 3[3] [receive] via NET/IB/1
MOC-R4PCC04U05:51821:51887 [3] NCCL INFO Channel 03/0 : 6[2] -> 3[3] [receive] via NET/IB/1
MOC-R4PCC04U05:51821:51887 [3] NCCL INFO Channel 01/0 : 3[3] -> 1[1] via P2P/CUMEM
MOC-R4PCC04U05:51821:51887 [3] NCCL INFO Channel 03/0 : 3[3] -> 1[1] via P2P/CUMEM
MOC-R4PCC04U05:51819:51884 [1] NCCL INFO Channel 00/0 : 1[1] -> 0[0] via P2P/CUMEM
MOC-R4PCC04U05:51820:51885 [2] NCCL INFO Channel 00/0 : 2[2] -> 1[1] via P2P/CUMEM
MOC-R4PCC04U05:51819:51884 [1] NCCL INFO Channel 01/0 : 1[1] -> 0[0] via P2P/CUMEM
MOC-R4PCC04U05:51820:51885 [2] NCCL INFO Channel 02/0 : 2[2] -> 1[1] via P2P/CUMEM
MOC-R4PCC04U05:51819:51884 [1] NCCL INFO Channel 02/0 : 1[1] -> 0[0] via P2P/CUMEM
MOC-R4PCC04U05:51819:51884 [1] NCCL INFO Channel 03/0 : 1[1] -> 0[0] via P2P/CUMEM
MOC-R4PCC04U05:51818:51886 [0] NCCL INFO Connected all rings, use ring PXN 0 GDR 0
MOC-R4PCC04U05:51819:51884 [1] NCCL INFO Connected all rings, use ring PXN 0 GDR 0
MOC-R4PCC04U05:51821:51887 [3] NCCL INFO Connected all rings, use ring PXN 0 GDR 0
MOC-R4PCC04U05:51820:51885 [2] NCCL INFO Connected all rings, use ring PXN 0 GDR 0
num decayed parameter tensors: 50, with 124,318,464 parameters
num non-decayed parameter tensors: 98, with 121,344 parameters
using fused AdamW: False
using regular AdamW
MOC-R4PCC04U05:51819:52579 [1] NCCL INFO Channel 00/0 : 1[1] -> 2[2] via P2P/CUMEM
MOC-R4PCC04U05:51819:52579 [1] NCCL INFO Channel 01/0 : 1[1] -> 2[2] via P2P/CUMEM
MOC-R4PCC04U05:51819:52579 [1] NCCL INFO Channel 02/0 : 1[1] -> 2[2] via P2P/CUMEM
MOC-R4PCC04U05:51819:52579 [1] NCCL INFO Channel 03/0 : 1[1] -> 2[2] via P2P/CUMEM
MOC-R4PCC04U05:51820:52580 [2] NCCL INFO Channel 01/0 : 2[2] -> 1[1] via P2P/CUMEM
MOC-R4PCC04U05:51820:52580 [2] NCCL INFO Channel 03/0 : 2[2] -> 1[1] via P2P/CUMEM
MOC-R4PCC04U05:51818:52581 [0] NCCL INFO Channel 00/0 : 0[0] -> 1[1] via P2P/CUMEM
MOC-R4PCC04U05:51818:52581 [0] NCCL INFO Channel 01/0 : 0[0] -> 1[1] via P2P/CUMEM
MOC-R4PCC04U05:51818:52581 [0] NCCL INFO Channel 02/0 : 0[0] -> 1[1] via P2P/CUMEM
MOC-R4PCC04U05:51818:52581 [0] NCCL INFO Channel 03/0 : 0[0] -> 1[1] via P2P/CUMEM
MOC-R4PCC04U05:51818:52581 [0] NCCL INFO Channel 01/0 : 0[0] -> 3[3] via P2P/CUMEM
MOC-R4PCC04U05:51818:52581 [0] NCCL INFO Channel 03/0 : 0[0] -> 3[3] via P2P/CUMEM
MOC-R4PCC04U05:51821:52578 [3] NCCL INFO Channel 00/0 : 7[3] -> 3[3] [receive] via NET/IB/1
MOC-R4PCC04U05:51821:52578 [3] NCCL INFO Channel 01/0 : 7[3] -> 3[3] [receive] via NET/IB/1
MOC-R4PCC04U05:51821:52578 [3] NCCL INFO Channel 02/0 : 7[3] -> 3[3] [receive] via NET/IB/1
MOC-R4PCC04U05:51821:52578 [3] NCCL INFO Channel 03/0 : 7[3] -> 3[3] [receive] via NET/IB/1
MOC-R4PCC04U05:51821:52578 [3] NCCL INFO Channel 00/0 : 3[3] -> 7[3] [send] via NET/IB/1
MOC-R4PCC04U05:51821:52578 [3] NCCL INFO Channel 01/0 : 3[3] -> 7[3] [send] via NET/IB/1
MOC-R4PCC04U05:51821:52578 [3] NCCL INFO Channel 02/0 : 3[3] -> 7[3] [send] via NET/IB/1
MOC-R4PCC04U05:51821:52578 [3] NCCL INFO Channel 03/0 : 3[3] -> 7[3] [send] via NET/IB/1
MOC-R4PCC04U05:51821:52578 [3] NCCL INFO Channel 00/0 : 3[3] -> 0[0] via P2P/CUMEM
MOC-R4PCC04U05:51821:52578 [3] NCCL INFO Channel 01/0 : 3[3] -> 0[0] via P2P/CUMEM
MOC-R4PCC04U05:51821:52578 [3] NCCL INFO Channel 02/0 : 3[3] -> 0[0] via P2P/CUMEM
MOC-R4PCC04U05:51821:52578 [3] NCCL INFO Channel 03/0 : 3[3] -> 0[0] via P2P/CUMEM
MOC-R4PCC04U05:51819:52579 [1] NCCL INFO Connected all trees
MOC-R4PCC04U05:51820:52580 [2] NCCL INFO Connected all trees
MOC-R4PCC04U05:51821:52578 [3] NCCL INFO Connected all trees
MOC-R4PCC04U05:51818:52581 [0] NCCL INFO Connected all trees
step    1/10 | train loss 11.010094 | norm 15.4736 | lr 1.00e-04 | (13376.43 ms | 78390 tok/s)
step    2/10 | train loss 10.132357 | norm 5.7712 | lr 1.00e-04 | (333.02 ms | 3148726 tok/s)
step    3/10 | train loss 9.790421 | norm 2.6207 | lr 1.00e-04 | (336.43 ms | 3116728 tok/s)
step    4/10 | train loss 9.620088 | norm 2.1209 | lr 1.00e-04 | (344.59 ms | 3042930 tok/s)
step    5/10 | train loss 9.536892 | norm 2.1162 | lr 1.00e-04 | (331.07 ms | 3167218 tok/s)
step    6/10 | train loss 9.455265 | norm 2.0054 | lr 1.00e-04 | (331.41 ms | 3163973 tok/s)
step    7/10 | train loss 9.369595 | norm 1.9545 | lr 1.00e-04 | (330.97 ms | 3168185 tok/s)
step    8/10 | train loss 9.277899 | norm 1.9223 | lr 1.00e-04 | (407.72 ms | 2571807 tok/s)
step    9/10 | train loss 9.182261 | norm 1.8716 | lr 1.00e-04 | (330.97 ms | 3168158 tok/s)
step   10/10 | train loss 9.094440 | norm 1.7972 | lr 1.00e-04 | (330.25 ms | 3175088 tok/s)
final 9 iters avg: 341.827ms
peak memory consumption: 16601 MiB
MOC-R4PCC04U05:51819:52589 [1] NCCL INFO comm 0x55ae27a27f80 rank 1 nranks 8 cudaDev 1 busId 26000 - Destroy COMPLETE
MOC-R4PCC04U05:51818:52587 [0] NCCL INFO comm 0x555797bcf740 rank 0 nranks 8 cudaDev 0 busId 6000 - Destroy COMPLETE
MOC-R4PCC04U05:51820:52588 [2] NCCL INFO comm 0x56184cacf390 rank 2 nranks 8 cudaDev 2 busId a6000 - Destroy COMPLETE
MOC-R4PCC04U05:51821:52586 [3] NCCL INFO comm 0x55874b6621c0 rank 3 nranks 8 cudaDev 3 busId c6000 - Destroy COMPLETE
