Running pytorch 2.7.0+cu126
using device: cuda:0
total desired batch size: 2359296
=> calculated gradient accumulation steps: 9
using device: cuda:1
using device: cuda:3
using device: cuda:2
compiling the model...
DataLoader: total number of tokens: 1,661,249,667 across 103 files
MOC-R4PCC04U05:253708:253708 [0] NCCL INFO NCCL_SOCKET_IFNAME set by environment to eno7np0
MOC-R4PCC04U05:253708:253708 [0] NCCL INFO Bootstrap: Using eno7np0:192.168.50.193<0>
MOC-R4PCC04U05:253708:253708 [0] NCCL INFO cudaDriverVersion 12040
MOC-R4PCC04U05:253708:253708 [0] NCCL INFO NCCL version 2.26.2+cuda12.2
MOC-R4PCC04U05:253708:253708 [0] NCCL INFO Comm config Blocking set to 1
MOC-R4PCC04U05:253709:253709 [1] NCCL INFO cudaDriverVersion 12040
MOC-R4PCC04U05:253709:253709 [1] NCCL INFO NCCL_SOCKET_IFNAME set by environment to eno7np0
MOC-R4PCC04U05:253709:253709 [1] NCCL INFO Bootstrap: Using eno7np0:192.168.50.193<0>
MOC-R4PCC04U05:253709:253709 [1] NCCL INFO NCCL version 2.26.2+cuda12.2
MOC-R4PCC04U05:253711:253711 [3] NCCL INFO cudaDriverVersion 12040
MOC-R4PCC04U05:253711:253711 [3] NCCL INFO NCCL_SOCKET_IFNAME set by environment to eno7np0
MOC-R4PCC04U05:253711:253711 [3] NCCL INFO Bootstrap: Using eno7np0:192.168.50.193<0>
MOC-R4PCC04U05:253711:253711 [3] NCCL INFO NCCL version 2.26.2+cuda12.2
MOC-R4PCC04U05:253709:253709 [1] NCCL INFO Comm config Blocking set to 1
MOC-R4PCC04U05:253711:253711 [3] NCCL INFO Comm config Blocking set to 1
MOC-R4PCC04U05:253708:253749 [0] NCCL INFO NET/Plugin: Could not find: libnccl-net.so. Using internal net plugin.
MOC-R4PCC04U05:253708:253749 [0] NCCL INFO NCCL_IB_DISABLE set by environment to 0.
MOC-R4PCC04U05:253708:253749 [0] NCCL INFO NCCL_SOCKET_IFNAME set by environment to eno7np0
MOC-R4PCC04U05:253708:253749 [0] NCCL INFO NCCL_IB_HCA set to mlx5_5
MOC-R4PCC04U05:253708:253749 [0] NCCL INFO NET/IB : Using [0]mlx5_5:1/RoCE [RO]; OOB eno7np0:192.168.50.193<0>
MOC-R4PCC04U05:253708:253749 [0] NCCL INFO PROFILER/Plugin: Could not find: libnccl-profiler.so. 
MOC-R4PCC04U05:253708:253749 [0] NCCL INFO Using network IB
MOC-R4PCC04U05:253710:253710 [2] NCCL INFO cudaDriverVersion 12040
MOC-R4PCC04U05:253710:253710 [2] NCCL INFO NCCL_SOCKET_IFNAME set by environment to eno7np0
MOC-R4PCC04U05:253710:253710 [2] NCCL INFO Bootstrap: Using eno7np0:192.168.50.193<0>
MOC-R4PCC04U05:253710:253710 [2] NCCL INFO NCCL version 2.26.2+cuda12.2
MOC-R4PCC04U05:253708:253749 [0] NCCL INFO DMA-BUF is available on GPU device 0
MOC-R4PCC04U05:253708:253749 [0] NCCL INFO ncclCommInitRankConfig comm 0x555ad6979300 rank 0 nranks 8 cudaDev 0 nvmlDev 0 busId 6000 commId 0x93ae075209151106 - Init START
MOC-R4PCC04U05:253710:253710 [2] NCCL INFO Comm config Blocking set to 1
MOC-R4PCC04U05:253709:253750 [1] NCCL INFO NET/Plugin: Could not find: libnccl-net.so. Using internal net plugin.
MOC-R4PCC04U05:253709:253750 [1] NCCL INFO NCCL_IB_DISABLE set by environment to 0.
MOC-R4PCC04U05:253709:253750 [1] NCCL INFO NCCL_SOCKET_IFNAME set by environment to eno7np0
MOC-R4PCC04U05:253711:253751 [3] NCCL INFO NET/Plugin: Could not find: libnccl-net.so. Using internal net plugin.
MOC-R4PCC04U05:253711:253751 [3] NCCL INFO NCCL_IB_DISABLE set by environment to 0.
MOC-R4PCC04U05:253709:253750 [1] NCCL INFO NCCL_IB_HCA set to mlx5_5
MOC-R4PCC04U05:253711:253751 [3] NCCL INFO NCCL_SOCKET_IFNAME set by environment to eno7np0
MOC-R4PCC04U05:253711:253751 [3] NCCL INFO NCCL_IB_HCA set to mlx5_5
MOC-R4PCC04U05:253711:253751 [3] NCCL INFO NET/IB : Using [0]mlx5_5:1/RoCE [RO]; OOB eno7np0:192.168.50.193<0>
MOC-R4PCC04U05:253709:253750 [1] NCCL INFO NET/IB : Using [0]mlx5_5:1/RoCE [RO]; OOB eno7np0:192.168.50.193<0>
MOC-R4PCC04U05:253711:253751 [3] NCCL INFO PROFILER/Plugin: Could not find: libnccl-profiler.so. 
MOC-R4PCC04U05:253711:253751 [3] NCCL INFO Using network IB
MOC-R4PCC04U05:253709:253750 [1] NCCL INFO PROFILER/Plugin: Could not find: libnccl-profiler.so. 
MOC-R4PCC04U05:253709:253750 [1] NCCL INFO Using network IB
MOC-R4PCC04U05:253711:253751 [3] NCCL INFO DMA-BUF is available on GPU device 3
MOC-R4PCC04U05:253709:253750 [1] NCCL INFO DMA-BUF is available on GPU device 1
MOC-R4PCC04U05:253711:253751 [3] NCCL INFO ncclCommInitRankConfig comm 0x563962358e00 rank 3 nranks 8 cudaDev 3 nvmlDev 3 busId c6000 commId 0x93ae075209151106 - Init START
MOC-R4PCC04U05:253709:253750 [1] NCCL INFO ncclCommInitRankConfig comm 0x55e0a8560fb0 rank 1 nranks 8 cudaDev 1 nvmlDev 1 busId 26000 commId 0x93ae075209151106 - Init START
MOC-R4PCC04U05:253710:253753 [2] NCCL INFO NET/Plugin: Could not find: libnccl-net.so. Using internal net plugin.
MOC-R4PCC04U05:253710:253753 [2] NCCL INFO NCCL_IB_DISABLE set by environment to 0.
MOC-R4PCC04U05:253710:253753 [2] NCCL INFO NCCL_SOCKET_IFNAME set by environment to eno7np0
MOC-R4PCC04U05:253710:253753 [2] NCCL INFO NCCL_IB_HCA set to mlx5_5
MOC-R4PCC04U05:253710:253753 [2] NCCL INFO NET/IB : Using [0]mlx5_5:1/RoCE [RO]; OOB eno7np0:192.168.50.193<0>
MOC-R4PCC04U05:253710:253753 [2] NCCL INFO PROFILER/Plugin: Could not find: libnccl-profiler.so. 
MOC-R4PCC04U05:253710:253753 [2] NCCL INFO Using network IB
MOC-R4PCC04U05:253710:253753 [2] NCCL INFO DMA-BUF is available on GPU device 2
MOC-R4PCC04U05:253710:253753 [2] NCCL INFO ncclCommInitRankConfig comm 0x5568f3ad9900 rank 2 nranks 8 cudaDev 2 nvmlDev 2 busId a6000 commId 0x93ae075209151106 - Init START
MOC-R4PCC04U05:253710:253753 [2] NCCL INFO RAS client listening socket at ::1<28028>
MOC-R4PCC04U05:253711:253751 [3] NCCL INFO RAS client listening socket at ::1<28028>
MOC-R4PCC04U05:253709:253750 [1] NCCL INFO RAS client listening socket at ::1<28028>
MOC-R4PCC04U05:253708:253749 [0] NCCL INFO RAS client listening socket at ::1<28028>
MOC-R4PCC04U05:253710:253753 [2] NCCL INFO Bootstrap timings total 0.017400 (create 0.000153, send 0.000350, recv 0.000532, ring 0.015097, delay 0.000001)
MOC-R4PCC04U05:253708:253749 [0] NCCL INFO Bootstrap timings total 2.203216 (create 0.000145, send 0.000511, recv 1.384401, ring 0.000653, delay 0.000000)
MOC-R4PCC04U05:253711:253751 [3] NCCL INFO Bootstrap timings total 0.820846 (create 0.000140, send 0.000311, recv 0.000214, ring 0.015077, delay 0.000000)
MOC-R4PCC04U05:253709:253750 [1] NCCL INFO Bootstrap timings total 0.818992 (create 0.000098, send 0.000253, recv 0.802239, ring 0.014891, delay 0.000000)
MOC-R4PCC04U05:253708:253749 [0] NCCL INFO NCCL_NET_GDR_LEVEL set by environment to LOC
MOC-R4PCC04U05:253708:253749 [0] NCCL INFO Setting affinity for GPU 0 to ffffffff,ffffffff,ffffffff,ffffffff,00000000,00000000,00000000,00000000,ffffffff,ffffffff,ffffffff,ffffffff
MOC-R4PCC04U05:253708:253749 [0] NCCL INFO NVLS multicast support is not available on dev 0
MOC-R4PCC04U05:253709:253750 [1] NCCL INFO NCCL_NET_GDR_LEVEL set by environment to LOC
MOC-R4PCC04U05:253709:253750 [1] NCCL INFO Setting affinity for GPU 1 to ffffffff,ffffffff,ffffffff,ffffffff,00000000,00000000,00000000,00000000,ffffffff,ffffffff,ffffffff,ffffffff
MOC-R4PCC04U05:253709:253750 [1] NCCL INFO NVLS multicast support is not available on dev 1
MOC-R4PCC04U05:253711:253751 [3] NCCL INFO NCCL_NET_GDR_LEVEL set by environment to LOC
MOC-R4PCC04U05:253711:253751 [3] NCCL INFO Setting affinity for GPU 3 to ffffffff,ffffffff,ffffffff,ffffffff,00000000,00000000,00000000,00000000,ffffffff,ffffffff,ffffffff,ffffffff,00000000,00000000,00000000,00000000
MOC-R4PCC04U05:253711:253751 [3] NCCL INFO NVLS multicast support is not available on dev 3
MOC-R4PCC04U05:253710:253753 [2] NCCL INFO NCCL_NET_GDR_LEVEL set by environment to LOC
MOC-R4PCC04U05:253710:253753 [2] NCCL INFO Setting affinity for GPU 2 to ffffffff,ffffffff,ffffffff,ffffffff,00000000,00000000,00000000,00000000,ffffffff,ffffffff,ffffffff,ffffffff,00000000,00000000,00000000,00000000
MOC-R4PCC04U05:253710:253753 [2] NCCL INFO NVLS multicast support is not available on dev 2
MOC-R4PCC04U05:253711:253751 [3] NCCL INFO comm 0x563962358e00 rank 3 nRanks 8 nNodes 2 localRanks 4 localRank 3 MNNVL 0
MOC-R4PCC04U05:253710:253753 [2] NCCL INFO comm 0x5568f3ad9900 rank 2 nRanks 8 nNodes 2 localRanks 4 localRank 2 MNNVL 0
MOC-R4PCC04U05:253711:253751 [3] NCCL INFO Trees [0] 0/7/-1->3->-1 [1] 0/7/-1->3->-1 [2] 0/-1/-1->3->7 [3] 0/-1/-1->3->7
MOC-R4PCC04U05:253710:253753 [2] NCCL INFO Trees [0] -1/-1/-1->2->1 [1] -1/-1/-1->2->1 [2] -1/-1/-1->2->1 [3] -1/-1/-1->2->1
MOC-R4PCC04U05:253711:253751 [3] NCCL INFO P2P Chunksize set to 131072
MOC-R4PCC04U05:253710:253753 [2] NCCL INFO P2P Chunksize set to 131072
MOC-R4PCC04U05:253709:253750 [1] NCCL INFO comm 0x55e0a8560fb0 rank 1 nRanks 8 nNodes 2 localRanks 4 localRank 1 MNNVL 0
MOC-R4PCC04U05:253708:253749 [0] NCCL INFO comm 0x555ad6979300 rank 0 nRanks 8 nNodes 2 localRanks 4 localRank 0 MNNVL 0
MOC-R4PCC04U05:253709:253750 [1] NCCL INFO Trees [0] 2/-1/-1->1->0 [1] 2/-1/-1->1->0 [2] 2/-1/-1->1->0 [3] 2/-1/-1->1->0
MOC-R4PCC04U05:253709:253750 [1] NCCL INFO P2P Chunksize set to 131072
MOC-R4PCC04U05:253708:253749 [0] NCCL INFO Channel 00/04 : 0 3 6 5 4 7 2 1
MOC-R4PCC04U05:253708:253749 [0] NCCL INFO Channel 01/04 : 0 2 7 5 4 6 3 1
MOC-R4PCC04U05:253708:253749 [0] NCCL INFO Channel 02/04 : 0 3 6 5 4 7 2 1
MOC-R4PCC04U05:253708:253749 [0] NCCL INFO Channel 03/04 : 0 2 7 5 4 6 3 1
MOC-R4PCC04U05:253708:253749 [0] NCCL INFO Trees [0] 1/-1/-1->0->3 [1] 1/-1/-1->0->3 [2] 1/-1/-1->0->3 [3] 1/-1/-1->0->3
MOC-R4PCC04U05:253708:253749 [0] NCCL INFO P2P Chunksize set to 131072
MOC-R4PCC04U05:253708:253749 [0] NCCL INFO Check P2P Type intraNodeP2pSupport 1 directMode 0
MOC-R4PCC04U05:253710:253766 [2] NCCL INFO [Proxy Service] Device 2 CPU core 183
MOC-R4PCC04U05:253711:253765 [3] NCCL INFO [Proxy Service] Device 3 CPU core 183
MOC-R4PCC04U05:253708:253770 [0] NCCL INFO [Proxy Service] Device 0 CPU core 20
MOC-R4PCC04U05:253710:253768 [2] NCCL INFO [Proxy Service UDS] Device 2 CPU core 446
MOC-R4PCC04U05:253709:253771 [1] NCCL INFO [Proxy Service UDS] Device 1 CPU core 281
MOC-R4PCC04U05:253711:253767 [3] NCCL INFO [Proxy Service UDS] Device 3 CPU core 446
MOC-R4PCC04U05:253709:253769 [1] NCCL INFO [Proxy Service] Device 1 CPU core 14
MOC-R4PCC04U05:253708:253772 [0] NCCL INFO [Proxy Service UDS] Device 0 CPU core 295
MOC-R4PCC04U05:253709:253750 [1] NCCL INFO threadThresholds 8/8/64 | 64/8/64 | 512 | 512
MOC-R4PCC04U05:253709:253750 [1] NCCL INFO 4 coll channels, 4 collnet channels, 0 nvls channels, 4 p2p channels, 2 p2p channels per peer
MOC-R4PCC04U05:253710:253753 [2] NCCL INFO threadThresholds 8/8/64 | 64/8/64 | 512 | 512
MOC-R4PCC04U05:253710:253753 [2] NCCL INFO 4 coll channels, 4 collnet channels, 0 nvls channels, 4 p2p channels, 2 p2p channels per peer
MOC-R4PCC04U05:253708:253749 [0] NCCL INFO threadThresholds 8/8/64 | 64/8/64 | 512 | 512
MOC-R4PCC04U05:253708:253749 [0] NCCL INFO 4 coll channels, 4 collnet channels, 0 nvls channels, 4 p2p channels, 2 p2p channels per peer
MOC-R4PCC04U05:253711:253751 [3] NCCL INFO threadThresholds 8/8/64 | 64/8/64 | 512 | 512
MOC-R4PCC04U05:253711:253751 [3] NCCL INFO 4 coll channels, 4 collnet channels, 0 nvls channels, 4 p2p channels, 2 p2p channels per peer
MOC-R4PCC04U05:253708:253749 [0] NCCL INFO CC Off, workFifoBytes 1048576
MOC-R4PCC04U05:253711:253751 [3] NCCL INFO TUNER/Plugin: Could not find: libnccl-tuner.so. Using internal tuner plugin.
MOC-R4PCC04U05:253711:253751 [3] NCCL INFO ncclCommInitRankConfig comm 0x563962358e00 rank 3 nranks 8 cudaDev 3 nvmlDev 3 busId c6000 commId 0x93ae075209151106 - Init COMPLETE
MOC-R4PCC04U05:253711:253751 [3] NCCL INFO Init timings - ncclCommInitRankConfig: rank 3 nranks 8 total 3.73 (kernels 0.83, alloc 1.25, bootstrap 0.82, allgathers 0.05, topo 0.73, graphs 0.00, connections 0.04, rest 0.00)
MOC-R4PCC04U05:253710:253753 [2] NCCL INFO TUNER/Plugin: Could not find: libnccl-tuner.so. Using internal tuner plugin.
MOC-R4PCC04U05:253710:253753 [2] NCCL INFO ncclCommInitRankConfig comm 0x5568f3ad9900 rank 2 nranks 8 cudaDev 2 nvmlDev 2 busId a6000 commId 0x93ae075209151106 - Init COMPLETE
MOC-R4PCC04U05:253710:253753 [2] NCCL INFO Init timings - ncclCommInitRankConfig: rank 2 nranks 8 total 3.03 (kernels 1.39, alloc 0.80, bootstrap 0.02, allgathers 0.05, topo 0.73, graphs 0.00, connections 0.03, rest 0.02)
MOC-R4PCC04U05:253708:253749 [0] NCCL INFO TUNER/Plugin: Could not find: libnccl-tuner.so. Using internal tuner plugin.
MOC-R4PCC04U05:253708:253749 [0] NCCL INFO ncclCommInitRankConfig comm 0x555ad6979300 rank 0 nranks 8 cudaDev 0 nvmlDev 0 busId 6000 commId 0x93ae075209151106 - Init COMPLETE
MOC-R4PCC04U05:253708:253749 [0] NCCL INFO Init timings - ncclCommInitRankConfig: rank 0 nranks 8 total 4.04 (kernels 0.32, alloc 0.69, bootstrap 2.20, allgathers 0.05, topo 0.73, graphs 0.00, connections 0.04, rest 0.01)
MOC-R4PCC04U05:253709:253750 [1] NCCL INFO TUNER/Plugin: Could not find: libnccl-tuner.so. Using internal tuner plugin.
MOC-R4PCC04U05:253709:253750 [1] NCCL INFO ncclCommInitRankConfig comm 0x55e0a8560fb0 rank 1 nranks 8 cudaDev 1 nvmlDev 1 busId 26000 commId 0x93ae075209151106 - Init COMPLETE
MOC-R4PCC04U05:253709:253750 [1] NCCL INFO Init timings - ncclCommInitRankConfig: rank 1 nranks 8 total 3.73 (kernels 0.83, alloc 1.25, bootstrap 0.82, allgathers 0.05, topo 0.73, graphs 0.00, connections 0.03, rest 0.02)
MOC-R4PCC04U05:253708:253774 [0] NCCL INFO Channel 01/0 : 0[0] -> 2[2] via P2P/CUMEM
MOC-R4PCC04U05:253708:253774 [0] NCCL INFO Channel 03/0 : 0[0] -> 2[2] via P2P/CUMEM
MOC-R4PCC04U05:253711:253777 [3] NCCL INFO [Proxy Progress] Device 3 CPU core 431
MOC-R4PCC04U05:253711:253773 [3] NCCL INFO Channel 00/0 : 3[3] -> 6[2] [send] via NET/IB/1
MOC-R4PCC04U05:253711:253773 [3] NCCL INFO Channel 02/0 : 3[3] -> 6[2] [send] via NET/IB/1
MOC-R4PCC04U05:253708:253774 [0] NCCL INFO Channel 00/0 : 0[0] -> 3[3] via P2P/CUMEM
MOC-R4PCC04U05:253708:253774 [0] NCCL INFO Channel 02/0 : 0[0] -> 3[3] via P2P/CUMEM
MOC-R4PCC04U05:253711:253773 [3] NCCL INFO Channel 01/0 : 6[2] -> 3[3] [receive] via NET/IB/1
MOC-R4PCC04U05:253711:253773 [3] NCCL INFO Channel 03/0 : 6[2] -> 3[3] [receive] via NET/IB/1
MOC-R4PCC04U05:253711:253773 [3] NCCL INFO Channel 01/0 : 3[3] -> 1[1] via P2P/CUMEM
MOC-R4PCC04U05:253711:253773 [3] NCCL INFO Channel 03/0 : 3[3] -> 1[1] via P2P/CUMEM
MOC-R4PCC04U05:253709:253776 [1] NCCL INFO Channel 00/0 : 1[1] -> 0[0] via P2P/CUMEM
MOC-R4PCC04U05:253710:253778 [2] NCCL INFO [Proxy Progress] Device 2 CPU core 447
MOC-R4PCC04U05:253710:253775 [2] NCCL INFO Channel 00/0 : 7[3] -> 2[2] [receive] via NET/IB/1
MOC-R4PCC04U05:253710:253775 [2] NCCL INFO Channel 02/0 : 7[3] -> 2[2] [receive] via NET/IB/1
MOC-R4PCC04U05:253709:253776 [1] NCCL INFO Channel 01/0 : 1[1] -> 0[0] via P2P/CUMEM
MOC-R4PCC04U05:253710:253775 [2] NCCL INFO Channel 01/0 : 2[2] -> 7[3] [send] via NET/IB/1
MOC-R4PCC04U05:253710:253775 [2] NCCL INFO Channel 03/0 : 2[2] -> 7[3] [send] via NET/IB/1
MOC-R4PCC04U05:253710:253775 [2] NCCL INFO Channel 00/0 : 2[2] -> 1[1] via P2P/CUMEM
MOC-R4PCC04U05:253709:253776 [1] NCCL INFO Channel 02/0 : 1[1] -> 0[0] via P2P/CUMEM
MOC-R4PCC04U05:253710:253775 [2] NCCL INFO Channel 02/0 : 2[2] -> 1[1] via P2P/CUMEM
MOC-R4PCC04U05:253709:253776 [1] NCCL INFO Channel 03/0 : 1[1] -> 0[0] via P2P/CUMEM
MOC-R4PCC04U05:253709:253776 [1] NCCL INFO Connected all rings, use ring PXN 0 GDR 0
MOC-R4PCC04U05:253711:253773 [3] NCCL INFO Connected all rings, use ring PXN 0 GDR 0
MOC-R4PCC04U05:253710:253775 [2] NCCL INFO Connected all rings, use ring PXN 0 GDR 0
MOC-R4PCC04U05:253708:253774 [0] NCCL INFO Connected all rings, use ring PXN 0 GDR 0
num decayed parameter tensors: 50, with 124,318,464 parameters
num non-decayed parameter tensors: 98, with 121,344 parameters
using fused AdamW: False
using regular AdamW
MOC-R4PCC04U05:253708:254469 [0] NCCL INFO Channel 00/0 : 0[0] -> 1[1] via P2P/CUMEM
MOC-R4PCC04U05:253708:254469 [0] NCCL INFO Channel 01/0 : 0[0] -> 1[1] via P2P/CUMEM
MOC-R4PCC04U05:253708:254469 [0] NCCL INFO Channel 02/0 : 0[0] -> 1[1] via P2P/CUMEM
MOC-R4PCC04U05:253708:254469 [0] NCCL INFO Channel 03/0 : 0[0] -> 1[1] via P2P/CUMEM
MOC-R4PCC04U05:253709:254470 [1] NCCL INFO Channel 00/0 : 1[1] -> 2[2] via P2P/CUMEM
MOC-R4PCC04U05:253709:254470 [1] NCCL INFO Channel 01/0 : 1[1] -> 2[2] via P2P/CUMEM
MOC-R4PCC04U05:253709:254470 [1] NCCL INFO Channel 02/0 : 1[1] -> 2[2] via P2P/CUMEM
MOC-R4PCC04U05:253709:254470 [1] NCCL INFO Channel 03/0 : 1[1] -> 2[2] via P2P/CUMEM
MOC-R4PCC04U05:253708:254469 [0] NCCL INFO Channel 01/0 : 0[0] -> 3[3] via P2P/CUMEM
MOC-R4PCC04U05:253710:254468 [2] NCCL INFO Channel 01/0 : 2[2] -> 1[1] via P2P/CUMEM
MOC-R4PCC04U05:253708:254469 [0] NCCL INFO Channel 03/0 : 0[0] -> 3[3] via P2P/CUMEM
MOC-R4PCC04U05:253710:254468 [2] NCCL INFO Channel 03/0 : 2[2] -> 1[1] via P2P/CUMEM
MOC-R4PCC04U05:253711:254467 [3] NCCL INFO Channel 00/0 : 7[3] -> 3[3] [receive] via NET/IB/1
MOC-R4PCC04U05:253711:254467 [3] NCCL INFO Channel 01/0 : 7[3] -> 3[3] [receive] via NET/IB/1
MOC-R4PCC04U05:253711:254467 [3] NCCL INFO Channel 02/0 : 7[3] -> 3[3] [receive] via NET/IB/1
MOC-R4PCC04U05:253711:254467 [3] NCCL INFO Channel 03/0 : 7[3] -> 3[3] [receive] via NET/IB/1
MOC-R4PCC04U05:253711:254467 [3] NCCL INFO Channel 00/0 : 3[3] -> 7[3] [send] via NET/IB/1
MOC-R4PCC04U05:253711:254467 [3] NCCL INFO Channel 01/0 : 3[3] -> 7[3] [send] via NET/IB/1
MOC-R4PCC04U05:253711:254467 [3] NCCL INFO Channel 02/0 : 3[3] -> 7[3] [send] via NET/IB/1
MOC-R4PCC04U05:253711:254467 [3] NCCL INFO Channel 03/0 : 3[3] -> 7[3] [send] via NET/IB/1
MOC-R4PCC04U05:253711:254467 [3] NCCL INFO Channel 00/0 : 3[3] -> 0[0] via P2P/CUMEM
MOC-R4PCC04U05:253711:254467 [3] NCCL INFO Channel 01/0 : 3[3] -> 0[0] via P2P/CUMEM
MOC-R4PCC04U05:253711:254467 [3] NCCL INFO Channel 02/0 : 3[3] -> 0[0] via P2P/CUMEM
MOC-R4PCC04U05:253711:254467 [3] NCCL INFO Channel 03/0 : 3[3] -> 0[0] via P2P/CUMEM
MOC-R4PCC04U05:253709:254470 [1] NCCL INFO Connected all trees
MOC-R4PCC04U05:253710:254468 [2] NCCL INFO Connected all trees
MOC-R4PCC04U05:253711:254467 [3] NCCL INFO Connected all trees
MOC-R4PCC04U05:253708:254469 [0] NCCL INFO Connected all trees
step    1/10 | train loss 11.009423 | norm 15.3732 | lr 1.00e-04 | (14530.29 ms | 162371 tok/s)
step    2/10 | train loss 10.139731 | norm 5.7198 | lr 1.00e-04 | (772.48 ms | 3054177 tok/s)
step    3/10 | train loss 9.799692 | norm 2.6018 | lr 1.00e-04 | (755.15 ms | 3124273 tok/s)
step    4/10 | train loss 9.631063 | norm 2.1058 | lr 1.00e-04 | (792.58 ms | 2976715 tok/s)
step    5/10 | train loss 9.548383 | norm 2.0969 | lr 1.00e-04 | (729.65 ms | 3233452 tok/s)
step    6/10 | train loss 9.467426 | norm 1.9915 | lr 1.00e-04 | (718.43 ms | 3283977 tok/s)
step    7/10 | train loss 9.382107 | norm 1.9425 | lr 1.00e-04 | (710.10 ms | 3322480 tok/s)
step    8/10 | train loss 9.290667 | norm 1.9094 | lr 1.00e-04 | (709.74 ms | 3324152 tok/s)
step    9/10 | train loss 9.195856 | norm 1.8519 | lr 1.00e-04 | (707.41 ms | 3335108 tok/s)
step   10/10 | train loss 9.111614 | norm 1.7892 | lr 1.00e-04 | (711.08 ms | 3317926 tok/s)
final 9 iters avg: 734.070ms
peak memory consumption: 16601 MiB
MOC-R4PCC04U05:253709:254479 [1] NCCL INFO comm 0x55e0a8560fb0 rank 1 nranks 8 cudaDev 1 busId 26000 - Destroy COMPLETE
MOC-R4PCC04U05:253708:254480 [0] NCCL INFO comm 0x555ad6979300 rank 0 nranks 8 cudaDev 0 busId 6000 - Destroy COMPLETE
MOC-R4PCC04U05:253711:254481 [3] NCCL INFO comm 0x563962358e00 rank 3 nranks 8 cudaDev 3 busId c6000 - Destroy COMPLETE
MOC-R4PCC04U05:253710:254478 [2] NCCL INFO comm 0x5568f3ad9900 rank 2 nranks 8 cudaDev 2 busId a6000 - Destroy COMPLETE
