Running pytorch 2.7.0+cu126
using device: cuda:0
total desired batch size: 1835008
=> calculated gradient accumulation steps: 7
using device: cuda:3
using device: cuda:2
using device: cuda:1
compiling the model...
DataLoader: total number of tokens: 1,661,249,667 across 103 files
MOC-R4PCC04U05:252030:252030 [0] NCCL INFO NCCL_SOCKET_IFNAME set by environment to eno7np0
MOC-R4PCC04U05:252030:252030 [0] NCCL INFO Bootstrap: Using eno7np0:192.168.50.193<0>
MOC-R4PCC04U05:252030:252030 [0] NCCL INFO cudaDriverVersion 12040
MOC-R4PCC04U05:252030:252030 [0] NCCL INFO NCCL version 2.26.2+cuda12.2
MOC-R4PCC04U05:252030:252030 [0] NCCL INFO Comm config Blocking set to 1
MOC-R4PCC04U05:252030:252072 [0] NCCL INFO NET/Plugin: Could not find: libnccl-net.so. Using internal net plugin.
MOC-R4PCC04U05:252030:252072 [0] NCCL INFO NCCL_IB_DISABLE set by environment to 0.
MOC-R4PCC04U05:252030:252072 [0] NCCL INFO NCCL_SOCKET_IFNAME set by environment to eno7np0
MOC-R4PCC04U05:252030:252072 [0] NCCL INFO NCCL_IB_HCA set to mlx5_5
MOC-R4PCC04U05:252033:252033 [3] NCCL INFO cudaDriverVersion 12040
MOC-R4PCC04U05:252033:252033 [3] NCCL INFO NCCL_SOCKET_IFNAME set by environment to eno7np0
MOC-R4PCC04U05:252033:252033 [3] NCCL INFO Bootstrap: Using eno7np0:192.168.50.193<0>
MOC-R4PCC04U05:252033:252033 [3] NCCL INFO NCCL version 2.26.2+cuda12.2
MOC-R4PCC04U05:252033:252033 [3] NCCL INFO Comm config Blocking set to 1
MOC-R4PCC04U05:252032:252032 [2] NCCL INFO cudaDriverVersion 12040
MOC-R4PCC04U05:252032:252032 [2] NCCL INFO NCCL_SOCKET_IFNAME set by environment to eno7np0
MOC-R4PCC04U05:252032:252032 [2] NCCL INFO Bootstrap: Using eno7np0:192.168.50.193<0>
MOC-R4PCC04U05:252032:252032 [2] NCCL INFO NCCL version 2.26.2+cuda12.2
MOC-R4PCC04U05:252032:252032 [2] NCCL INFO Comm config Blocking set to 1
MOC-R4PCC04U05:252030:252072 [0] NCCL INFO NET/IB : Using [0]mlx5_5:1/RoCE [RO]; OOB eno7np0:192.168.50.193<0>
MOC-R4PCC04U05:252030:252072 [0] NCCL INFO PROFILER/Plugin: Could not find: libnccl-profiler.so. 
MOC-R4PCC04U05:252030:252072 [0] NCCL INFO Using network IB
MOC-R4PCC04U05:252030:252072 [0] NCCL INFO DMA-BUF is available on GPU device 0
MOC-R4PCC04U05:252030:252072 [0] NCCL INFO ncclCommInitRankConfig comm 0x55f4ab1ea700 rank 0 nranks 8 cudaDev 0 nvmlDev 0 busId 6000 commId 0xfacf9c72a1d9369e - Init START
MOC-R4PCC04U05:252031:252031 [1] NCCL INFO cudaDriverVersion 12040
MOC-R4PCC04U05:252031:252031 [1] NCCL INFO NCCL_SOCKET_IFNAME set by environment to eno7np0
MOC-R4PCC04U05:252031:252031 [1] NCCL INFO Bootstrap: Using eno7np0:192.168.50.193<0>
MOC-R4PCC04U05:252031:252031 [1] NCCL INFO NCCL version 2.26.2+cuda12.2
MOC-R4PCC04U05:252031:252031 [1] NCCL INFO Comm config Blocking set to 1
MOC-R4PCC04U05:252033:252073 [3] NCCL INFO NET/Plugin: Could not find: libnccl-net.so. Using internal net plugin.
MOC-R4PCC04U05:252033:252073 [3] NCCL INFO NCCL_IB_DISABLE set by environment to 0.
MOC-R4PCC04U05:252033:252073 [3] NCCL INFO NCCL_SOCKET_IFNAME set by environment to eno7np0
MOC-R4PCC04U05:252032:252074 [2] NCCL INFO NET/Plugin: Could not find: libnccl-net.so. Using internal net plugin.
MOC-R4PCC04U05:252032:252074 [2] NCCL INFO NCCL_IB_DISABLE set by environment to 0.
MOC-R4PCC04U05:252033:252073 [3] NCCL INFO NCCL_IB_HCA set to mlx5_5
MOC-R4PCC04U05:252032:252074 [2] NCCL INFO NCCL_SOCKET_IFNAME set by environment to eno7np0
MOC-R4PCC04U05:252032:252074 [2] NCCL INFO NCCL_IB_HCA set to mlx5_5
MOC-R4PCC04U05:252033:252073 [3] NCCL INFO NET/IB : Using [0]mlx5_5:1/RoCE [RO]; OOB eno7np0:192.168.50.193<0>
MOC-R4PCC04U05:252033:252073 [3] NCCL INFO PROFILER/Plugin: Could not find: libnccl-profiler.so. 
MOC-R4PCC04U05:252033:252073 [3] NCCL INFO Using network IB
MOC-R4PCC04U05:252032:252074 [2] NCCL INFO NET/IB : Using [0]mlx5_5:1/RoCE [RO]; OOB eno7np0:192.168.50.193<0>
MOC-R4PCC04U05:252032:252074 [2] NCCL INFO PROFILER/Plugin: Could not find: libnccl-profiler.so. 
MOC-R4PCC04U05:252032:252074 [2] NCCL INFO Using network IB
MOC-R4PCC04U05:252031:252076 [1] NCCL INFO NET/Plugin: Could not find: libnccl-net.so. Using internal net plugin.
MOC-R4PCC04U05:252031:252076 [1] NCCL INFO NCCL_IB_DISABLE set by environment to 0.
MOC-R4PCC04U05:252031:252076 [1] NCCL INFO NCCL_SOCKET_IFNAME set by environment to eno7np0
MOC-R4PCC04U05:252031:252076 [1] NCCL INFO NCCL_IB_HCA set to mlx5_5
MOC-R4PCC04U05:252031:252076 [1] NCCL INFO NET/IB : Using [0]mlx5_5:1/RoCE [RO]; OOB eno7np0:192.168.50.193<0>
MOC-R4PCC04U05:252031:252076 [1] NCCL INFO PROFILER/Plugin: Could not find: libnccl-profiler.so. 
MOC-R4PCC04U05:252031:252076 [1] NCCL INFO Using network IB
MOC-R4PCC04U05:252033:252073 [3] NCCL INFO DMA-BUF is available on GPU device 3
MOC-R4PCC04U05:252032:252074 [2] NCCL INFO DMA-BUF is available on GPU device 2
MOC-R4PCC04U05:252033:252073 [3] NCCL INFO ncclCommInitRankConfig comm 0x560dca8b9520 rank 3 nranks 8 cudaDev 3 nvmlDev 3 busId c6000 commId 0xfacf9c72a1d9369e - Init START
MOC-R4PCC04U05:252031:252076 [1] NCCL INFO DMA-BUF is available on GPU device 1
MOC-R4PCC04U05:252032:252074 [2] NCCL INFO ncclCommInitRankConfig comm 0x55867954e5a0 rank 2 nranks 8 cudaDev 2 nvmlDev 2 busId a6000 commId 0xfacf9c72a1d9369e - Init START
MOC-R4PCC04U05:252031:252076 [1] NCCL INFO ncclCommInitRankConfig comm 0x560c569c2690 rank 1 nranks 8 cudaDev 1 nvmlDev 1 busId 26000 commId 0xfacf9c72a1d9369e - Init START
MOC-R4PCC04U05:252033:252073 [3] NCCL INFO RAS client listening socket at ::1<28028>
MOC-R4PCC04U05:252031:252076 [1] NCCL INFO RAS client listening socket at ::1<28028>
MOC-R4PCC04U05:252032:252074 [2] NCCL INFO RAS client listening socket at ::1<28028>
MOC-R4PCC04U05:252030:252072 [0] NCCL INFO RAS client listening socket at ::1<28028>
MOC-R4PCC04U05:252030:252072 [0] NCCL INFO Bootstrap timings total 2.223166 (create 0.000148, send 0.000499, recv 2.003251, ring 0.001966, delay 0.000001)
MOC-R4PCC04U05:252031:252076 [1] NCCL INFO Bootstrap timings total 0.220377 (create 0.000103, send 0.000246, recv 0.000723, ring 0.218130, delay 0.000000)
MOC-R4PCC04U05:252032:252074 [2] NCCL INFO Bootstrap timings total 0.220706 (create 0.000185, send 0.000328, recv 0.000406, ring 0.217999, delay 0.000001)
MOC-R4PCC04U05:252033:252073 [3] NCCL INFO Bootstrap timings total 0.260279 (create 0.000149, send 0.000334, recv 0.000410, ring 0.218474, delay 0.000001)
MOC-R4PCC04U05:252030:252072 [0] NCCL INFO NCCL_NET_GDR_LEVEL set by environment to LOC
MOC-R4PCC04U05:252030:252072 [0] NCCL INFO Setting affinity for GPU 0 to ffffffff,ffffffff,ffffffff,ffffffff,00000000,00000000,00000000,00000000,ffffffff,ffffffff,ffffffff,ffffffff
MOC-R4PCC04U05:252030:252072 [0] NCCL INFO NVLS multicast support is not available on dev 0
MOC-R4PCC04U05:252033:252073 [3] NCCL INFO NCCL_NET_GDR_LEVEL set by environment to LOC
MOC-R4PCC04U05:252033:252073 [3] NCCL INFO Setting affinity for GPU 3 to ffffffff,ffffffff,ffffffff,ffffffff,00000000,00000000,00000000,00000000,ffffffff,ffffffff,ffffffff,ffffffff,00000000,00000000,00000000,00000000
MOC-R4PCC04U05:252033:252073 [3] NCCL INFO NVLS multicast support is not available on dev 3
MOC-R4PCC04U05:252031:252076 [1] NCCL INFO NCCL_NET_GDR_LEVEL set by environment to LOC
MOC-R4PCC04U05:252031:252076 [1] NCCL INFO Setting affinity for GPU 1 to ffffffff,ffffffff,ffffffff,ffffffff,00000000,00000000,00000000,00000000,ffffffff,ffffffff,ffffffff,ffffffff
MOC-R4PCC04U05:252031:252076 [1] NCCL INFO NVLS multicast support is not available on dev 1
MOC-R4PCC04U05:252032:252074 [2] NCCL INFO NCCL_NET_GDR_LEVEL set by environment to LOC
MOC-R4PCC04U05:252032:252074 [2] NCCL INFO Setting affinity for GPU 2 to ffffffff,ffffffff,ffffffff,ffffffff,00000000,00000000,00000000,00000000,ffffffff,ffffffff,ffffffff,ffffffff,00000000,00000000,00000000,00000000
MOC-R4PCC04U05:252032:252074 [2] NCCL INFO NVLS multicast support is not available on dev 2
MOC-R4PCC04U05:252033:252073 [3] NCCL INFO comm 0x560dca8b9520 rank 3 nRanks 8 nNodes 2 localRanks 4 localRank 3 MNNVL 0
MOC-R4PCC04U05:252030:252072 [0] NCCL INFO comm 0x55f4ab1ea700 rank 0 nRanks 8 nNodes 2 localRanks 4 localRank 0 MNNVL 0
MOC-R4PCC04U05:252032:252074 [2] NCCL INFO comm 0x55867954e5a0 rank 2 nRanks 8 nNodes 2 localRanks 4 localRank 2 MNNVL 0
MOC-R4PCC04U05:252031:252076 [1] NCCL INFO comm 0x560c569c2690 rank 1 nRanks 8 nNodes 2 localRanks 4 localRank 1 MNNVL 0
MOC-R4PCC04U05:252033:252073 [3] NCCL INFO Trees [0] 0/7/-1->3->-1 [1] 0/7/-1->3->-1 [2] 0/-1/-1->3->7 [3] 0/-1/-1->3->7
MOC-R4PCC04U05:252033:252073 [3] NCCL INFO P2P Chunksize set to 131072
MOC-R4PCC04U05:252032:252074 [2] NCCL INFO Trees [0] -1/-1/-1->2->1 [1] -1/-1/-1->2->1 [2] -1/-1/-1->2->1 [3] -1/-1/-1->2->1
MOC-R4PCC04U05:252030:252072 [0] NCCL INFO Channel 00/04 : 0 3 6 5 4 7 2 1
MOC-R4PCC04U05:252032:252074 [2] NCCL INFO P2P Chunksize set to 131072
MOC-R4PCC04U05:252030:252072 [0] NCCL INFO Channel 01/04 : 0 2 7 5 4 6 3 1
MOC-R4PCC04U05:252031:252076 [1] NCCL INFO Trees [0] 2/-1/-1->1->0 [1] 2/-1/-1->1->0 [2] 2/-1/-1->1->0 [3] 2/-1/-1->1->0
MOC-R4PCC04U05:252030:252072 [0] NCCL INFO Channel 02/04 : 0 3 6 5 4 7 2 1
MOC-R4PCC04U05:252031:252076 [1] NCCL INFO P2P Chunksize set to 131072
MOC-R4PCC04U05:252030:252072 [0] NCCL INFO Channel 03/04 : 0 2 7 5 4 6 3 1
MOC-R4PCC04U05:252030:252072 [0] NCCL INFO Trees [0] 1/-1/-1->0->3 [1] 1/-1/-1->0->3 [2] 1/-1/-1->0->3 [3] 1/-1/-1->0->3
MOC-R4PCC04U05:252030:252072 [0] NCCL INFO P2P Chunksize set to 131072
MOC-R4PCC04U05:252030:252072 [0] NCCL INFO Check P2P Type intraNodeP2pSupport 1 directMode 0
MOC-R4PCC04U05:252032:252092 [2] NCCL INFO [Proxy Service UDS] Device 2 CPU core 215
MOC-R4PCC04U05:252032:252089 [2] NCCL INFO [Proxy Service] Device 2 CPU core 128
MOC-R4PCC04U05:252031:252095 [1] NCCL INFO [Proxy Service UDS] Device 1 CPU core 294
MOC-R4PCC04U05:252033:252088 [3] NCCL INFO [Proxy Service] Device 3 CPU core 446
MOC-R4PCC04U05:252030:252091 [0] NCCL INFO [Proxy Service] Device 0 CPU core 287
MOC-R4PCC04U05:252030:252094 [0] NCCL INFO [Proxy Service UDS] Device 0 CPU core 295
MOC-R4PCC04U05:252031:252090 [1] NCCL INFO [Proxy Service] Device 1 CPU core 286
MOC-R4PCC04U05:252033:252093 [3] NCCL INFO [Proxy Service UDS] Device 3 CPU core 479
MOC-R4PCC04U05:252033:252073 [3] NCCL INFO threadThresholds 8/8/64 | 64/8/64 | 512 | 512
MOC-R4PCC04U05:252033:252073 [3] NCCL INFO 4 coll channels, 4 collnet channels, 0 nvls channels, 4 p2p channels, 2 p2p channels per peer
MOC-R4PCC04U05:252032:252074 [2] NCCL INFO threadThresholds 8/8/64 | 64/8/64 | 512 | 512
MOC-R4PCC04U05:252032:252074 [2] NCCL INFO 4 coll channels, 4 collnet channels, 0 nvls channels, 4 p2p channels, 2 p2p channels per peer
MOC-R4PCC04U05:252031:252076 [1] NCCL INFO threadThresholds 8/8/64 | 64/8/64 | 512 | 512
MOC-R4PCC04U05:252031:252076 [1] NCCL INFO 4 coll channels, 4 collnet channels, 0 nvls channels, 4 p2p channels, 2 p2p channels per peer
MOC-R4PCC04U05:252030:252072 [0] NCCL INFO threadThresholds 8/8/64 | 64/8/64 | 512 | 512
MOC-R4PCC04U05:252030:252072 [0] NCCL INFO 4 coll channels, 4 collnet channels, 0 nvls channels, 4 p2p channels, 2 p2p channels per peer
MOC-R4PCC04U05:252030:252072 [0] NCCL INFO CC Off, workFifoBytes 1048576
MOC-R4PCC04U05:252033:252073 [3] NCCL INFO TUNER/Plugin: Could not find: libnccl-tuner.so. Using internal tuner plugin.
MOC-R4PCC04U05:252031:252076 [1] NCCL INFO TUNER/Plugin: Could not find: libnccl-tuner.so. Using internal tuner plugin.
MOC-R4PCC04U05:252033:252073 [3] NCCL INFO ncclCommInitRankConfig comm 0x560dca8b9520 rank 3 nranks 8 cudaDev 3 nvmlDev 3 busId c6000 commId 0xfacf9c72a1d9369e - Init COMPLETE
MOC-R4PCC04U05:252031:252076 [1] NCCL INFO ncclCommInitRankConfig comm 0x560c569c2690 rank 1 nranks 8 cudaDev 1 nvmlDev 1 busId 26000 commId 0xfacf9c72a1d9369e - Init COMPLETE
MOC-R4PCC04U05:252032:252074 [2] NCCL INFO TUNER/Plugin: Could not find: libnccl-tuner.so. Using internal tuner plugin.
MOC-R4PCC04U05:252033:252073 [3] NCCL INFO Init timings - ncclCommInitRankConfig: rank 3 nranks 8 total 3.98 (kernels 0.84, alloc 1.77, bootstrap 0.26, allgathers 0.27, topo 0.79, graphs 0.00, connections 0.02, rest 0.03)
MOC-R4PCC04U05:252031:252076 [1] NCCL INFO Init timings - ncclCommInitRankConfig: rank 1 nranks 8 total 3.32 (kernels 0.31, alloc 1.68, bootstrap 0.22, allgathers 0.27, topo 0.79, graphs 0.00, connections 0.02, rest 0.03)
MOC-R4PCC04U05:252032:252074 [2] NCCL INFO ncclCommInitRankConfig comm 0x55867954e5a0 rank 2 nranks 8 cudaDev 2 nvmlDev 2 busId a6000 commId 0xfacf9c72a1d9369e - Init COMPLETE
MOC-R4PCC04U05:252032:252074 [2] NCCL INFO Init timings - ncclCommInitRankConfig: rank 2 nranks 8 total 3.93 (kernels 0.80, alloc 1.80, bootstrap 0.22, allgathers 0.27, topo 0.79, graphs 0.00, connections 0.02, rest 0.03)
MOC-R4PCC04U05:252030:252072 [0] NCCL INFO TUNER/Plugin: Could not find: libnccl-tuner.so. Using internal tuner plugin.
MOC-R4PCC04U05:252030:252072 [0] NCCL INFO ncclCommInitRankConfig comm 0x55f4ab1ea700 rank 0 nranks 8 cudaDev 0 nvmlDev 0 busId 6000 commId 0xfacf9c72a1d9369e - Init COMPLETE
MOC-R4PCC04U05:252030:252072 [0] NCCL INFO Init timings - ncclCommInitRankConfig: rank 0 nranks 8 total 4.33 (kernels 0.31, alloc 0.69, bootstrap 2.22, allgathers 0.27, topo 0.79, graphs 0.00, connections 0.05, rest 0.00)
MOC-R4PCC04U05:252030:252099 [0] NCCL INFO Channel 01/0 : 0[0] -> 2[2] via P2P/CUMEM
MOC-R4PCC04U05:252030:252099 [0] NCCL INFO Channel 03/0 : 0[0] -> 2[2] via P2P/CUMEM
MOC-R4PCC04U05:252030:252099 [0] NCCL INFO Channel 00/0 : 0[0] -> 3[3] via P2P/CUMEM
MOC-R4PCC04U05:252033:252100 [3] NCCL INFO [Proxy Progress] Device 3 CPU core 446
MOC-R4PCC04U05:252033:252096 [3] NCCL INFO Channel 00/0 : 3[3] -> 6[2] [send] via NET/IB/1
MOC-R4PCC04U05:252033:252096 [3] NCCL INFO Channel 02/0 : 3[3] -> 6[2] [send] via NET/IB/1
MOC-R4PCC04U05:252032:252101 [2] NCCL INFO [Proxy Progress] Device 2 CPU core 432
MOC-R4PCC04U05:252032:252097 [2] NCCL INFO Channel 00/0 : 7[3] -> 2[2] [receive] via NET/IB/1
MOC-R4PCC04U05:252032:252097 [2] NCCL INFO Channel 02/0 : 7[3] -> 2[2] [receive] via NET/IB/1
MOC-R4PCC04U05:252030:252099 [0] NCCL INFO Channel 02/0 : 0[0] -> 3[3] via P2P/CUMEM
MOC-R4PCC04U05:252033:252096 [3] NCCL INFO Channel 01/0 : 6[2] -> 3[3] [receive] via NET/IB/1
MOC-R4PCC04U05:252033:252096 [3] NCCL INFO Channel 03/0 : 6[2] -> 3[3] [receive] via NET/IB/1
MOC-R4PCC04U05:252033:252096 [3] NCCL INFO Channel 01/0 : 3[3] -> 1[1] via P2P/CUMEM
MOC-R4PCC04U05:252033:252096 [3] NCCL INFO Channel 03/0 : 3[3] -> 1[1] via P2P/CUMEM
MOC-R4PCC04U05:252032:252097 [2] NCCL INFO Channel 01/0 : 2[2] -> 7[3] [send] via NET/IB/1
MOC-R4PCC04U05:252032:252097 [2] NCCL INFO Channel 03/0 : 2[2] -> 7[3] [send] via NET/IB/1
MOC-R4PCC04U05:252032:252097 [2] NCCL INFO Channel 00/0 : 2[2] -> 1[1] via P2P/CUMEM
MOC-R4PCC04U05:252031:252098 [1] NCCL INFO Channel 00/0 : 1[1] -> 0[0] via P2P/CUMEM
MOC-R4PCC04U05:252032:252097 [2] NCCL INFO Channel 02/0 : 2[2] -> 1[1] via P2P/CUMEM
MOC-R4PCC04U05:252031:252098 [1] NCCL INFO Channel 01/0 : 1[1] -> 0[0] via P2P/CUMEM
MOC-R4PCC04U05:252031:252098 [1] NCCL INFO Channel 02/0 : 1[1] -> 0[0] via P2P/CUMEM
MOC-R4PCC04U05:252031:252098 [1] NCCL INFO Channel 03/0 : 1[1] -> 0[0] via P2P/CUMEM
MOC-R4PCC04U05:252031:252098 [1] NCCL INFO Connected all rings, use ring PXN 0 GDR 0
MOC-R4PCC04U05:252033:252096 [3] NCCL INFO Connected all rings, use ring PXN 0 GDR 0
MOC-R4PCC04U05:252030:252099 [0] NCCL INFO Connected all rings, use ring PXN 0 GDR 0
MOC-R4PCC04U05:252032:252097 [2] NCCL INFO Connected all rings, use ring PXN 0 GDR 0
num decayed parameter tensors: 50, with 124,318,464 parameters
num non-decayed parameter tensors: 98, with 121,344 parameters
using fused AdamW: False
using regular AdamW
MOC-R4PCC04U05:252030:252792 [0] NCCL INFO Channel 00/0 : 0[0] -> 1[1] via P2P/CUMEM
MOC-R4PCC04U05:252030:252792 [0] NCCL INFO Channel 01/0 : 0[0] -> 1[1] via P2P/CUMEM
MOC-R4PCC04U05:252030:252792 [0] NCCL INFO Channel 02/0 : 0[0] -> 1[1] via P2P/CUMEM
MOC-R4PCC04U05:252030:252792 [0] NCCL INFO Channel 03/0 : 0[0] -> 1[1] via P2P/CUMEM
MOC-R4PCC04U05:252031:252794 [1] NCCL INFO Channel 00/0 : 1[1] -> 2[2] via P2P/CUMEM
MOC-R4PCC04U05:252031:252794 [1] NCCL INFO Channel 01/0 : 1[1] -> 2[2] via P2P/CUMEM
MOC-R4PCC04U05:252031:252794 [1] NCCL INFO Channel 02/0 : 1[1] -> 2[2] via P2P/CUMEM
MOC-R4PCC04U05:252031:252794 [1] NCCL INFO Channel 03/0 : 1[1] -> 2[2] via P2P/CUMEM
MOC-R4PCC04U05:252030:252792 [0] NCCL INFO Channel 01/0 : 0[0] -> 3[3] via P2P/CUMEM
MOC-R4PCC04U05:252032:252791 [2] NCCL INFO Channel 01/0 : 2[2] -> 1[1] via P2P/CUMEM
MOC-R4PCC04U05:252030:252792 [0] NCCL INFO Channel 03/0 : 0[0] -> 3[3] via P2P/CUMEM
MOC-R4PCC04U05:252032:252791 [2] NCCL INFO Channel 03/0 : 2[2] -> 1[1] via P2P/CUMEM
MOC-R4PCC04U05:252033:252793 [3] NCCL INFO Channel 00/0 : 7[3] -> 3[3] [receive] via NET/IB/1
MOC-R4PCC04U05:252033:252793 [3] NCCL INFO Channel 01/0 : 7[3] -> 3[3] [receive] via NET/IB/1
MOC-R4PCC04U05:252033:252793 [3] NCCL INFO Channel 02/0 : 7[3] -> 3[3] [receive] via NET/IB/1
MOC-R4PCC04U05:252033:252793 [3] NCCL INFO Channel 03/0 : 7[3] -> 3[3] [receive] via NET/IB/1
MOC-R4PCC04U05:252033:252793 [3] NCCL INFO Channel 00/0 : 3[3] -> 7[3] [send] via NET/IB/1
MOC-R4PCC04U05:252033:252793 [3] NCCL INFO Channel 01/0 : 3[3] -> 7[3] [send] via NET/IB/1
MOC-R4PCC04U05:252033:252793 [3] NCCL INFO Channel 02/0 : 3[3] -> 7[3] [send] via NET/IB/1
MOC-R4PCC04U05:252033:252793 [3] NCCL INFO Channel 03/0 : 3[3] -> 7[3] [send] via NET/IB/1
MOC-R4PCC04U05:252033:252793 [3] NCCL INFO Channel 00/0 : 3[3] -> 0[0] via P2P/CUMEM
MOC-R4PCC04U05:252033:252793 [3] NCCL INFO Channel 01/0 : 3[3] -> 0[0] via P2P/CUMEM
MOC-R4PCC04U05:252033:252793 [3] NCCL INFO Channel 02/0 : 3[3] -> 0[0] via P2P/CUMEM
MOC-R4PCC04U05:252033:252793 [3] NCCL INFO Channel 03/0 : 3[3] -> 0[0] via P2P/CUMEM
MOC-R4PCC04U05:252031:252794 [1] NCCL INFO Connected all trees
MOC-R4PCC04U05:252032:252791 [2] NCCL INFO Connected all trees
MOC-R4PCC04U05:252033:252793 [3] NCCL INFO Connected all trees
MOC-R4PCC04U05:252030:252792 [0] NCCL INFO Connected all trees
step    1/10 | train loss 11.010164 | norm 15.3784 | lr 1.00e-04 | (14254.80 ms | 128729 tok/s)
step    2/10 | train loss 10.136258 | norm 5.7532 | lr 1.00e-04 | (557.23 ms | 3293102 tok/s)
step    3/10 | train loss 9.794408 | norm 2.6140 | lr 1.00e-04 | (560.96 ms | 3271172 tok/s)
step    4/10 | train loss 9.624506 | norm 2.1149 | lr 1.00e-04 | (553.10 ms | 3317679 tok/s)
step    5/10 | train loss 9.541204 | norm 2.1072 | lr 1.00e-04 | (553.10 ms | 3317678 tok/s)
step    6/10 | train loss 9.459826 | norm 2.0014 | lr 1.00e-04 | (553.69 ms | 3314146 tok/s)
step    7/10 | train loss 9.374056 | norm 1.9509 | lr 1.00e-04 | (556.53 ms | 3297240 tok/s)
step    8/10 | train loss 9.281915 | norm 1.9181 | lr 1.00e-04 | (555.52 ms | 3303241 tok/s)
step    9/10 | train loss 9.186092 | norm 1.8610 | lr 1.00e-04 | (560.22 ms | 3275510 tok/s)
step   10/10 | train loss 9.101146 | norm 1.8022 | lr 1.00e-04 | (557.95 ms | 3288831 tok/s)
final 9 iters avg: 556.478ms
peak memory consumption: 16601 MiB
MOC-R4PCC04U05:252032:252800 [2] NCCL INFO comm 0x55867954e5a0 rank 2 nranks 8 cudaDev 2 busId a6000 - Destroy COMPLETE
MOC-R4PCC04U05:252031:252801 [1] NCCL INFO comm 0x560c569c2690 rank 1 nranks 8 cudaDev 1 busId 26000 - Destroy COMPLETE
MOC-R4PCC04U05:252030:252802 [0] NCCL INFO comm 0x55f4ab1ea700 rank 0 nranks 8 cudaDev 0 busId 6000 - Destroy COMPLETE
MOC-R4PCC04U05:252033:252799 [3] NCCL INFO comm 0x560dca8b9520 rank 3 nranks 8 cudaDev 3 busId c6000 - Destroy COMPLETE
