Running pytorch 2.7.0+cu126
using device: cuda:0
total desired batch size: 1310720
=> calculated gradient accumulation steps: 5
using device: cuda:1
using device: cuda:3
using device: cuda:2
compiling the model...
DataLoader: total number of tokens: 1,661,249,667 across 103 files
MOC-R4PCC04U05:52657:52657 [0] NCCL INFO NCCL_SOCKET_IFNAME set by environment to eno7np0
MOC-R4PCC04U05:52657:52657 [0] NCCL INFO Bootstrap: Using eno7np0:192.168.50.193<0>
MOC-R4PCC04U05:52657:52657 [0] NCCL INFO cudaDriverVersion 12040
MOC-R4PCC04U05:52657:52657 [0] NCCL INFO NCCL version 2.26.2+cuda12.2
MOC-R4PCC04U05:52657:52657 [0] NCCL INFO Comm config Blocking set to 1
MOC-R4PCC04U05:52657:52698 [0] NCCL INFO NET/Plugin: Could not find: libnccl-net.so. Using internal net plugin.
MOC-R4PCC04U05:52657:52698 [0] NCCL INFO NCCL_IB_DISABLE set by environment to 0.
MOC-R4PCC04U05:52657:52698 [0] NCCL INFO NCCL_SOCKET_IFNAME set by environment to eno7np0
MOC-R4PCC04U05:52657:52698 [0] NCCL INFO NCCL_IB_HCA set to mlx5_5
MOC-R4PCC04U05:52658:52658 [1] NCCL INFO cudaDriverVersion 12040
MOC-R4PCC04U05:52658:52658 [1] NCCL INFO NCCL_SOCKET_IFNAME set by environment to eno7np0
MOC-R4PCC04U05:52658:52658 [1] NCCL INFO Bootstrap: Using eno7np0:192.168.50.193<0>
MOC-R4PCC04U05:52658:52658 [1] NCCL INFO NCCL version 2.26.2+cuda12.2
MOC-R4PCC04U05:52658:52658 [1] NCCL INFO Comm config Blocking set to 1
MOC-R4PCC04U05:52660:52660 [3] NCCL INFO cudaDriverVersion 12040
MOC-R4PCC04U05:52660:52660 [3] NCCL INFO NCCL_SOCKET_IFNAME set by environment to eno7np0
MOC-R4PCC04U05:52660:52660 [3] NCCL INFO Bootstrap: Using eno7np0:192.168.50.193<0>
MOC-R4PCC04U05:52660:52660 [3] NCCL INFO NCCL version 2.26.2+cuda12.2
MOC-R4PCC04U05:52657:52698 [0] NCCL INFO NET/IB : Using [0]mlx5_5:1/RoCE [RO]; OOB eno7np0:192.168.50.193<0>
MOC-R4PCC04U05:52657:52698 [0] NCCL INFO PROFILER/Plugin: Could not find: libnccl-profiler.so. 
MOC-R4PCC04U05:52657:52698 [0] NCCL INFO Using network IB
MOC-R4PCC04U05:52660:52660 [3] NCCL INFO Comm config Blocking set to 1
MOC-R4PCC04U05:52657:52698 [0] NCCL INFO DMA-BUF is available on GPU device 0
MOC-R4PCC04U05:52657:52698 [0] NCCL INFO ncclCommInitRankConfig comm 0x5574d4292d50 rank 0 nranks 8 cudaDev 0 nvmlDev 0 busId 6000 commId 0x610bcacbd688f520 - Init START
MOC-R4PCC04U05:52659:52659 [2] NCCL INFO cudaDriverVersion 12040
MOC-R4PCC04U05:52659:52659 [2] NCCL INFO NCCL_SOCKET_IFNAME set by environment to eno7np0
MOC-R4PCC04U05:52659:52659 [2] NCCL INFO Bootstrap: Using eno7np0:192.168.50.193<0>
MOC-R4PCC04U05:52659:52659 [2] NCCL INFO NCCL version 2.26.2+cuda12.2
MOC-R4PCC04U05:52659:52659 [2] NCCL INFO Comm config Blocking set to 1
MOC-R4PCC04U05:52660:52701 [3] NCCL INFO NET/Plugin: Could not find: libnccl-net.so. Using internal net plugin.
MOC-R4PCC04U05:52660:52701 [3] NCCL INFO NCCL_IB_DISABLE set by environment to 0.
MOC-R4PCC04U05:52660:52701 [3] NCCL INFO NCCL_SOCKET_IFNAME set by environment to eno7np0
MOC-R4PCC04U05:52660:52701 [3] NCCL INFO NCCL_IB_HCA set to mlx5_5
MOC-R4PCC04U05:52658:52699 [1] NCCL INFO NET/Plugin: Could not find: libnccl-net.so. Using internal net plugin.
MOC-R4PCC04U05:52658:52699 [1] NCCL INFO NCCL_IB_DISABLE set by environment to 0.
MOC-R4PCC04U05:52658:52699 [1] NCCL INFO NCCL_SOCKET_IFNAME set by environment to eno7np0
MOC-R4PCC04U05:52658:52699 [1] NCCL INFO NCCL_IB_HCA set to mlx5_5
MOC-R4PCC04U05:52660:52701 [3] NCCL INFO NET/IB : Using [0]mlx5_5:1/RoCE [RO]; OOB eno7np0:192.168.50.193<0>
MOC-R4PCC04U05:52660:52701 [3] NCCL INFO PROFILER/Plugin: Could not find: libnccl-profiler.so. 
MOC-R4PCC04U05:52660:52701 [3] NCCL INFO Using network IB
MOC-R4PCC04U05:52658:52699 [1] NCCL INFO NET/IB : Using [0]mlx5_5:1/RoCE [RO]; OOB eno7np0:192.168.50.193<0>
MOC-R4PCC04U05:52659:52702 [2] NCCL INFO NET/Plugin: Could not find: libnccl-net.so. Using internal net plugin.
MOC-R4PCC04U05:52659:52702 [2] NCCL INFO NCCL_IB_DISABLE set by environment to 0.
MOC-R4PCC04U05:52658:52699 [1] NCCL INFO PROFILER/Plugin: Could not find: libnccl-profiler.so. 
MOC-R4PCC04U05:52658:52699 [1] NCCL INFO Using network IB
MOC-R4PCC04U05:52659:52702 [2] NCCL INFO NCCL_SOCKET_IFNAME set by environment to eno7np0
MOC-R4PCC04U05:52659:52702 [2] NCCL INFO NCCL_IB_HCA set to mlx5_5
MOC-R4PCC04U05:52659:52702 [2] NCCL INFO NET/IB : Using [0]mlx5_5:1/RoCE [RO]; OOB eno7np0:192.168.50.193<0>
MOC-R4PCC04U05:52659:52702 [2] NCCL INFO PROFILER/Plugin: Could not find: libnccl-profiler.so. 
MOC-R4PCC04U05:52659:52702 [2] NCCL INFO Using network IB
MOC-R4PCC04U05:52660:52701 [3] NCCL INFO DMA-BUF is available on GPU device 3
MOC-R4PCC04U05:52658:52699 [1] NCCL INFO DMA-BUF is available on GPU device 1
MOC-R4PCC04U05:52660:52701 [3] NCCL INFO ncclCommInitRankConfig comm 0x555760baa3c0 rank 3 nranks 8 cudaDev 3 nvmlDev 3 busId c6000 commId 0x610bcacbd688f520 - Init START
MOC-R4PCC04U05:52659:52702 [2] NCCL INFO DMA-BUF is available on GPU device 2
MOC-R4PCC04U05:52658:52699 [1] NCCL INFO ncclCommInitRankConfig comm 0x55578d93f8e0 rank 1 nranks 8 cudaDev 1 nvmlDev 1 busId 26000 commId 0x610bcacbd688f520 - Init START
MOC-R4PCC04U05:52659:52702 [2] NCCL INFO ncclCommInitRankConfig comm 0x55e013a2d6d0 rank 2 nranks 8 cudaDev 2 nvmlDev 2 busId a6000 commId 0x610bcacbd688f520 - Init START
MOC-R4PCC04U05:52658:52699 [1] NCCL INFO RAS client listening socket at ::1<28028>
MOC-R4PCC04U05:52659:52702 [2] NCCL INFO RAS client listening socket at ::1<28028>
MOC-R4PCC04U05:52660:52701 [3] NCCL INFO RAS client listening socket at ::1<28028>
MOC-R4PCC04U05:52657:52698 [0] NCCL INFO RAS client listening socket at ::1<28028>
MOC-R4PCC04U05:52657:52698 [0] NCCL INFO Bootstrap timings total 2.148529 (create 0.000147, send 0.000444, recv 1.990043, ring 0.000776, delay 0.000001)
MOC-R4PCC04U05:52658:52699 [1] NCCL INFO Bootstrap timings total 0.158867 (create 0.000156, send 0.000265, recv 0.000527, ring 0.156853, delay 0.000001)
MOC-R4PCC04U05:52660:52701 [3] NCCL INFO Bootstrap timings total 0.218194 (create 0.000151, send 0.000264, recv 0.000360, ring 0.156459, delay 0.000001)
MOC-R4PCC04U05:52659:52702 [2] NCCL INFO Bootstrap timings total 0.158734 (create 0.000147, send 0.000263, recv 0.000486, ring 0.156599, delay 0.000001)
MOC-R4PCC04U05:52658:52699 [1] NCCL INFO NCCL_NET_GDR_LEVEL set by environment to LOC
MOC-R4PCC04U05:52657:52698 [0] NCCL INFO NCCL_NET_GDR_LEVEL set by environment to LOC
MOC-R4PCC04U05:52658:52699 [1] NCCL INFO Setting affinity for GPU 1 to ffffffff,ffffffff,ffffffff,ffffffff,00000000,00000000,00000000,00000000,ffffffff,ffffffff,ffffffff,ffffffff
MOC-R4PCC04U05:52657:52698 [0] NCCL INFO Setting affinity for GPU 0 to ffffffff,ffffffff,ffffffff,ffffffff,00000000,00000000,00000000,00000000,ffffffff,ffffffff,ffffffff,ffffffff
MOC-R4PCC04U05:52658:52699 [1] NCCL INFO NVLS multicast support is not available on dev 1
MOC-R4PCC04U05:52659:52702 [2] NCCL INFO NCCL_NET_GDR_LEVEL set by environment to LOC
MOC-R4PCC04U05:52659:52702 [2] NCCL INFO Setting affinity for GPU 2 to ffffffff,ffffffff,ffffffff,ffffffff,00000000,00000000,00000000,00000000,ffffffff,ffffffff,ffffffff,ffffffff,00000000,00000000,00000000,00000000
MOC-R4PCC04U05:52659:52702 [2] NCCL INFO NVLS multicast support is not available on dev 2
MOC-R4PCC04U05:52657:52698 [0] NCCL INFO NVLS multicast support is not available on dev 0
MOC-R4PCC04U05:52660:52701 [3] NCCL INFO NCCL_NET_GDR_LEVEL set by environment to LOC
MOC-R4PCC04U05:52660:52701 [3] NCCL INFO Setting affinity for GPU 3 to ffffffff,ffffffff,ffffffff,ffffffff,00000000,00000000,00000000,00000000,ffffffff,ffffffff,ffffffff,ffffffff,00000000,00000000,00000000,00000000
MOC-R4PCC04U05:52660:52701 [3] NCCL INFO NVLS multicast support is not available on dev 3
MOC-R4PCC04U05:52657:52698 [0] NCCL INFO comm 0x5574d4292d50 rank 0 nRanks 8 nNodes 2 localRanks 4 localRank 0 MNNVL 0
MOC-R4PCC04U05:52658:52699 [1] NCCL INFO comm 0x55578d93f8e0 rank 1 nRanks 8 nNodes 2 localRanks 4 localRank 1 MNNVL 0
MOC-R4PCC04U05:52660:52701 [3] NCCL INFO comm 0x555760baa3c0 rank 3 nRanks 8 nNodes 2 localRanks 4 localRank 3 MNNVL 0
MOC-R4PCC04U05:52659:52702 [2] NCCL INFO comm 0x55e013a2d6d0 rank 2 nRanks 8 nNodes 2 localRanks 4 localRank 2 MNNVL 0
MOC-R4PCC04U05:52660:52701 [3] NCCL INFO Trees [0] 0/7/-1->3->-1 [1] 0/7/-1->3->-1 [2] 0/-1/-1->3->7 [3] 0/-1/-1->3->7
MOC-R4PCC04U05:52659:52702 [2] NCCL INFO Trees [0] -1/-1/-1->2->1 [1] -1/-1/-1->2->1 [2] -1/-1/-1->2->1 [3] -1/-1/-1->2->1
MOC-R4PCC04U05:52660:52701 [3] NCCL INFO P2P Chunksize set to 131072
MOC-R4PCC04U05:52659:52702 [2] NCCL INFO P2P Chunksize set to 131072
MOC-R4PCC04U05:52657:52698 [0] NCCL INFO Channel 00/04 : 0 3 6 5 4 7 2 1
MOC-R4PCC04U05:52658:52699 [1] NCCL INFO Trees [0] 2/-1/-1->1->0 [1] 2/-1/-1->1->0 [2] 2/-1/-1->1->0 [3] 2/-1/-1->1->0
MOC-R4PCC04U05:52657:52698 [0] NCCL INFO Channel 01/04 : 0 2 7 5 4 6 3 1
MOC-R4PCC04U05:52658:52699 [1] NCCL INFO P2P Chunksize set to 131072
MOC-R4PCC04U05:52657:52698 [0] NCCL INFO Channel 02/04 : 0 3 6 5 4 7 2 1
MOC-R4PCC04U05:52657:52698 [0] NCCL INFO Channel 03/04 : 0 2 7 5 4 6 3 1
MOC-R4PCC04U05:52657:52698 [0] NCCL INFO Trees [0] 1/-1/-1->0->3 [1] 1/-1/-1->0->3 [2] 1/-1/-1->0->3 [3] 1/-1/-1->0->3
MOC-R4PCC04U05:52657:52698 [0] NCCL INFO P2P Chunksize set to 131072
MOC-R4PCC04U05:52657:52698 [0] NCCL INFO Check P2P Type intraNodeP2pSupport 1 directMode 0
MOC-R4PCC04U05:52659:52715 [2] NCCL INFO [Proxy Service] Device 2 CPU core 479
MOC-R4PCC04U05:52660:52718 [3] NCCL INFO [Proxy Service UDS] Device 3 CPU core 416
MOC-R4PCC04U05:52657:52716 [0] NCCL INFO [Proxy Service] Device 0 CPU core 15
MOC-R4PCC04U05:52660:52714 [3] NCCL INFO [Proxy Service] Device 3 CPU core 153
MOC-R4PCC04U05:52658:52720 [1] NCCL INFO [Proxy Service UDS] Device 1 CPU core 23
MOC-R4PCC04U05:52659:52719 [2] NCCL INFO [Proxy Service UDS] Device 2 CPU core 245
MOC-R4PCC04U05:52657:52721 [0] NCCL INFO [Proxy Service UDS] Device 0 CPU core 31
MOC-R4PCC04U05:52658:52717 [1] NCCL INFO [Proxy Service] Device 1 CPU core 15
MOC-R4PCC04U05:52659:52702 [2] NCCL INFO threadThresholds 8/8/64 | 64/8/64 | 512 | 512
MOC-R4PCC04U05:52659:52702 [2] NCCL INFO 4 coll channels, 4 collnet channels, 0 nvls channels, 4 p2p channels, 2 p2p channels per peer
MOC-R4PCC04U05:52660:52701 [3] NCCL INFO threadThresholds 8/8/64 | 64/8/64 | 512 | 512
MOC-R4PCC04U05:52660:52701 [3] NCCL INFO 4 coll channels, 4 collnet channels, 0 nvls channels, 4 p2p channels, 2 p2p channels per peer
MOC-R4PCC04U05:52658:52699 [1] NCCL INFO threadThresholds 8/8/64 | 64/8/64 | 512 | 512
MOC-R4PCC04U05:52658:52699 [1] NCCL INFO 4 coll channels, 4 collnet channels, 0 nvls channels, 4 p2p channels, 2 p2p channels per peer
MOC-R4PCC04U05:52657:52698 [0] NCCL INFO threadThresholds 8/8/64 | 64/8/64 | 512 | 512
MOC-R4PCC04U05:52657:52698 [0] NCCL INFO 4 coll channels, 4 collnet channels, 0 nvls channels, 4 p2p channels, 2 p2p channels per peer
MOC-R4PCC04U05:52657:52698 [0] NCCL INFO CC Off, workFifoBytes 1048576
MOC-R4PCC04U05:52660:52701 [3] NCCL INFO TUNER/Plugin: Could not find: libnccl-tuner.so. Using internal tuner plugin.
MOC-R4PCC04U05:52660:52701 [3] NCCL INFO ncclCommInitRankConfig comm 0x555760baa3c0 rank 3 nranks 8 cudaDev 3 nvmlDev 3 busId c6000 commId 0x610bcacbd688f520 - Init COMPLETE
MOC-R4PCC04U05:52659:52702 [2] NCCL INFO TUNER/Plugin: Could not find: libnccl-tuner.so. Using internal tuner plugin.
MOC-R4PCC04U05:52660:52701 [3] NCCL INFO Init timings - ncclCommInitRankConfig: rank 3 nranks 8 total 3.78 (kernels 0.72, alloc 1.74, bootstrap 0.22, allgathers 0.02, topo 1.05, graphs 0.00, connections 0.02, rest 0.02)
MOC-R4PCC04U05:52659:52702 [2] NCCL INFO ncclCommInitRankConfig comm 0x55e013a2d6d0 rank 2 nranks 8 cudaDev 2 nvmlDev 2 busId a6000 commId 0x610bcacbd688f520 - Init COMPLETE
MOC-R4PCC04U05:52659:52702 [2] NCCL INFO Init timings - ncclCommInitRankConfig: rank 2 nranks 8 total 3.25 (kernels 0.31, alloc 1.67, bootstrap 0.16, allgathers 0.02, topo 1.04, graphs 0.00, connections 0.02, rest 0.02)
MOC-R4PCC04U05:52657:52698 [0] NCCL INFO TUNER/Plugin: Could not find: libnccl-tuner.so. Using internal tuner plugin.
MOC-R4PCC04U05:52657:52698 [0] NCCL INFO ncclCommInitRankConfig comm 0x5574d4292d50 rank 0 nranks 8 cudaDev 0 nvmlDev 0 busId 6000 commId 0x610bcacbd688f520 - Init COMPLETE
MOC-R4PCC04U05:52657:52698 [0] NCCL INFO Init timings - ncclCommInitRankConfig: rank 0 nranks 8 total 4.26 (kernels 0.32, alloc 0.68, bootstrap 2.15, allgathers 0.02, topo 1.04, graphs 0.01, connections 0.04, rest 0.01)
MOC-R4PCC04U05:52658:52699 [1] NCCL INFO TUNER/Plugin: Could not find: libnccl-tuner.so. Using internal tuner plugin.
MOC-R4PCC04U05:52658:52699 [1] NCCL INFO ncclCommInitRankConfig comm 0x55578d93f8e0 rank 1 nranks 8 cudaDev 1 nvmlDev 1 busId 26000 commId 0x610bcacbd688f520 - Init COMPLETE
MOC-R4PCC04U05:52658:52699 [1] NCCL INFO Init timings - ncclCommInitRankConfig: rank 1 nranks 8 total 3.83 (kernels 0.77, alloc 1.79, bootstrap 0.16, allgathers 0.02, topo 1.04, graphs 0.00, connections 0.02, rest 0.02)
MOC-R4PCC04U05:52657:52724 [0] NCCL INFO Channel 01/0 : 0[0] -> 2[2] via P2P/CUMEM
MOC-R4PCC04U05:52657:52724 [0] NCCL INFO Channel 03/0 : 0[0] -> 2[2] via P2P/CUMEM
MOC-R4PCC04U05:52657:52724 [0] NCCL INFO Channel 00/0 : 0[0] -> 3[3] via P2P/CUMEM
MOC-R4PCC04U05:52657:52724 [0] NCCL INFO Channel 02/0 : 0[0] -> 3[3] via P2P/CUMEM
MOC-R4PCC04U05:52660:52723 [3] NCCL INFO Channel 00/0 : 3[3] -> 6[2] [send] via NET/IB/1
MOC-R4PCC04U05:52660:52726 [3] NCCL INFO [Proxy Progress] Device 3 CPU core 207
MOC-R4PCC04U05:52660:52723 [3] NCCL INFO Channel 02/0 : 3[3] -> 6[2] [send] via NET/IB/1
MOC-R4PCC04U05:52659:52727 [2] NCCL INFO [Proxy Progress] Device 2 CPU core 479
MOC-R4PCC04U05:52659:52722 [2] NCCL INFO Channel 00/0 : 7[3] -> 2[2] [receive] via NET/IB/1
MOC-R4PCC04U05:52659:52722 [2] NCCL INFO Channel 02/0 : 7[3] -> 2[2] [receive] via NET/IB/1
MOC-R4PCC04U05:52660:52723 [3] NCCL INFO Channel 01/0 : 6[2] -> 3[3] [receive] via NET/IB/1
MOC-R4PCC04U05:52660:52723 [3] NCCL INFO Channel 03/0 : 6[2] -> 3[3] [receive] via NET/IB/1
MOC-R4PCC04U05:52660:52723 [3] NCCL INFO Channel 01/0 : 3[3] -> 1[1] via P2P/CUMEM
MOC-R4PCC04U05:52659:52722 [2] NCCL INFO Channel 01/0 : 2[2] -> 7[3] [send] via NET/IB/1
MOC-R4PCC04U05:52659:52722 [2] NCCL INFO Channel 03/0 : 2[2] -> 7[3] [send] via NET/IB/1
MOC-R4PCC04U05:52659:52722 [2] NCCL INFO Channel 00/0 : 2[2] -> 1[1] via P2P/CUMEM
MOC-R4PCC04U05:52660:52723 [3] NCCL INFO Channel 03/0 : 3[3] -> 1[1] via P2P/CUMEM
MOC-R4PCC04U05:52659:52722 [2] NCCL INFO Channel 02/0 : 2[2] -> 1[1] via P2P/CUMEM
MOC-R4PCC04U05:52658:52725 [1] NCCL INFO Channel 00/0 : 1[1] -> 0[0] via P2P/CUMEM
MOC-R4PCC04U05:52658:52725 [1] NCCL INFO Channel 01/0 : 1[1] -> 0[0] via P2P/CUMEM
MOC-R4PCC04U05:52658:52725 [1] NCCL INFO Channel 02/0 : 1[1] -> 0[0] via P2P/CUMEM
MOC-R4PCC04U05:52658:52725 [1] NCCL INFO Channel 03/0 : 1[1] -> 0[0] via P2P/CUMEM
MOC-R4PCC04U05:52660:52723 [3] NCCL INFO Connected all rings, use ring PXN 0 GDR 0
MOC-R4PCC04U05:52658:52725 [1] NCCL INFO Connected all rings, use ring PXN 0 GDR 0
MOC-R4PCC04U05:52659:52722 [2] NCCL INFO Connected all rings, use ring PXN 0 GDR 0
MOC-R4PCC04U05:52657:52724 [0] NCCL INFO Connected all rings, use ring PXN 0 GDR 0
num decayed parameter tensors: 50, with 124,318,464 parameters
num non-decayed parameter tensors: 98, with 121,344 parameters
using fused AdamW: False
using regular AdamW
MOC-R4PCC04U05:52658:53417 [1] NCCL INFO Channel 00/0 : 1[1] -> 2[2] via P2P/CUMEM
MOC-R4PCC04U05:52658:53417 [1] NCCL INFO Channel 01/0 : 1[1] -> 2[2] via P2P/CUMEM
MOC-R4PCC04U05:52658:53417 [1] NCCL INFO Channel 02/0 : 1[1] -> 2[2] via P2P/CUMEM
MOC-R4PCC04U05:52658:53417 [1] NCCL INFO Channel 03/0 : 1[1] -> 2[2] via P2P/CUMEM
MOC-R4PCC04U05:52659:53418 [2] NCCL INFO Channel 01/0 : 2[2] -> 1[1] via P2P/CUMEM
MOC-R4PCC04U05:52659:53418 [2] NCCL INFO Channel 03/0 : 2[2] -> 1[1] via P2P/CUMEM
MOC-R4PCC04U05:52657:53419 [0] NCCL INFO Channel 00/0 : 0[0] -> 1[1] via P2P/CUMEM
MOC-R4PCC04U05:52657:53419 [0] NCCL INFO Channel 01/0 : 0[0] -> 1[1] via P2P/CUMEM
MOC-R4PCC04U05:52657:53419 [0] NCCL INFO Channel 02/0 : 0[0] -> 1[1] via P2P/CUMEM
MOC-R4PCC04U05:52657:53419 [0] NCCL INFO Channel 03/0 : 0[0] -> 1[1] via P2P/CUMEM
MOC-R4PCC04U05:52657:53419 [0] NCCL INFO Channel 01/0 : 0[0] -> 3[3] via P2P/CUMEM
MOC-R4PCC04U05:52657:53419 [0] NCCL INFO Channel 03/0 : 0[0] -> 3[3] via P2P/CUMEM
MOC-R4PCC04U05:52660:53416 [3] NCCL INFO Channel 00/0 : 7[3] -> 3[3] [receive] via NET/IB/1
MOC-R4PCC04U05:52660:53416 [3] NCCL INFO Channel 01/0 : 7[3] -> 3[3] [receive] via NET/IB/1
MOC-R4PCC04U05:52660:53416 [3] NCCL INFO Channel 02/0 : 7[3] -> 3[3] [receive] via NET/IB/1
MOC-R4PCC04U05:52660:53416 [3] NCCL INFO Channel 03/0 : 7[3] -> 3[3] [receive] via NET/IB/1
MOC-R4PCC04U05:52660:53416 [3] NCCL INFO Channel 00/0 : 3[3] -> 7[3] [send] via NET/IB/1
MOC-R4PCC04U05:52660:53416 [3] NCCL INFO Channel 01/0 : 3[3] -> 7[3] [send] via NET/IB/1
MOC-R4PCC04U05:52660:53416 [3] NCCL INFO Channel 02/0 : 3[3] -> 7[3] [send] via NET/IB/1
MOC-R4PCC04U05:52660:53416 [3] NCCL INFO Channel 03/0 : 3[3] -> 7[3] [send] via NET/IB/1
MOC-R4PCC04U05:52660:53416 [3] NCCL INFO Channel 00/0 : 3[3] -> 0[0] via P2P/CUMEM
MOC-R4PCC04U05:52660:53416 [3] NCCL INFO Channel 01/0 : 3[3] -> 0[0] via P2P/CUMEM
MOC-R4PCC04U05:52660:53416 [3] NCCL INFO Channel 02/0 : 3[3] -> 0[0] via P2P/CUMEM
MOC-R4PCC04U05:52660:53416 [3] NCCL INFO Channel 03/0 : 3[3] -> 0[0] via P2P/CUMEM
MOC-R4PCC04U05:52658:53417 [1] NCCL INFO Connected all trees
MOC-R4PCC04U05:52659:53418 [2] NCCL INFO Connected all trees
MOC-R4PCC04U05:52660:53416 [3] NCCL INFO Connected all trees
MOC-R4PCC04U05:52657:53419 [0] NCCL INFO Connected all trees
step    1/10 | train loss 11.010132 | norm 15.4557 | lr 1.00e-04 | (14462.63 ms | 90628 tok/s)
step    2/10 | train loss 10.134737 | norm 5.7680 | lr 1.00e-04 | (406.80 ms | 3222059 tok/s)
step    3/10 | train loss 9.792706 | norm 2.6181 | lr 1.00e-04 | (404.34 ms | 3241632 tok/s)
step    4/10 | train loss 9.622601 | norm 2.1198 | lr 1.00e-04 | (407.43 ms | 3217016 tok/s)
step    5/10 | train loss 9.539337 | norm 2.1126 | lr 1.00e-04 | (404.74 ms | 3238451 tok/s)
step    6/10 | train loss 9.457712 | norm 2.0030 | lr 1.00e-04 | (408.28 ms | 3210354 tok/s)
step    7/10 | train loss 9.371840 | norm 1.9528 | lr 1.00e-04 | (407.31 ms | 3218008 tok/s)
step    8/10 | train loss 9.279826 | norm 1.9192 | lr 1.00e-04 | (407.17 ms | 3219125 tok/s)
step    9/10 | train loss 9.184062 | norm 1.8636 | lr 1.00e-04 | (404.50 ms | 3240325 tok/s)
step   10/10 | train loss 9.097855 | norm 1.7989 | lr 1.00e-04 | (403.28 ms | 3250189 tok/s)
final 9 iters avg: 405.982ms
peak memory consumption: 16601 MiB
MOC-R4PCC04U05:52658:53426 [1] NCCL INFO comm 0x55578d93f8e0 rank 1 nranks 8 cudaDev 1 busId 26000 - Destroy COMPLETE
MOC-R4PCC04U05:52657:53427 [0] NCCL INFO comm 0x5574d4292d50 rank 0 nranks 8 cudaDev 0 busId 6000 - Destroy COMPLETE
MOC-R4PCC04U05:52660:53424 [3] NCCL INFO comm 0x555760baa3c0 rank 3 nranks 8 cudaDev 3 busId c6000 - Destroy COMPLETE
MOC-R4PCC04U05:52659:53425 [2] NCCL INFO comm 0x55e013a2d6d0 rank 2 nranks 8 cudaDev 2 busId a6000 - Destroy COMPLETE
