Running pytorch 2.7.0+cu126
using device: cuda:0
total desired batch size: 3145728
=> calculated gradient accumulation steps: 6
using device: cuda:1
using device: cuda:2
using device: cuda:3
compiling the model...
DataLoader: total number of tokens: 1,661,249,667 across 103 files
MOC-R4PCC04U05:106767:106767 [0] NCCL INFO NCCL_SOCKET_IFNAME set by environment to eno7np0
MOC-R4PCC04U05:106767:106767 [0] NCCL INFO Bootstrap: Using eno7np0:192.168.50.193<0>
MOC-R4PCC04U05:106767:106767 [0] NCCL INFO cudaDriverVersion 12040
MOC-R4PCC04U05:106767:106767 [0] NCCL INFO NCCL version 2.26.2+cuda12.2
MOC-R4PCC04U05:106767:106767 [0] NCCL INFO Comm config Blocking set to 1
MOC-R4PCC04U05:106767:106808 [0] NCCL INFO NET/Plugin: Could not find: libnccl-net.so. Using internal net plugin.
MOC-R4PCC04U05:106767:106808 [0] NCCL INFO NCCL_IB_DISABLE set by environment to 0.
MOC-R4PCC04U05:106767:106808 [0] NCCL INFO NCCL_SOCKET_IFNAME set by environment to eno7np0
MOC-R4PCC04U05:106767:106808 [0] NCCL INFO NCCL_IB_HCA set to mlx5_5
MOC-R4PCC04U05:106767:106808 [0] NCCL INFO NET/IB : Using [0]mlx5_5:1/RoCE [RO]; OOB eno7np0:192.168.50.193<0>
MOC-R4PCC04U05:106767:106808 [0] NCCL INFO PROFILER/Plugin: Could not find: libnccl-profiler.so. 
MOC-R4PCC04U05:106767:106808 [0] NCCL INFO Using network IB
MOC-R4PCC04U05:106767:106808 [0] NCCL INFO DMA-BUF is available on GPU device 0
MOC-R4PCC04U05:106767:106808 [0] NCCL INFO ncclCommInitRankConfig comm 0x55fa1b7c7f50 rank 0 nranks 16 cudaDev 0 nvmlDev 0 busId 6000 commId 0xea6f98c9274240bb - Init START
MOC-R4PCC04U05:106768:106768 [1] NCCL INFO cudaDriverVersion 12040
MOC-R4PCC04U05:106768:106768 [1] NCCL INFO NCCL_SOCKET_IFNAME set by environment to eno7np0
MOC-R4PCC04U05:106769:106769 [2] NCCL INFO cudaDriverVersion 12040
MOC-R4PCC04U05:106769:106769 [2] NCCL INFO NCCL_SOCKET_IFNAME set by environment to eno7np0
MOC-R4PCC04U05:106768:106768 [1] NCCL INFO Bootstrap: Using eno7np0:192.168.50.193<0>
MOC-R4PCC04U05:106769:106769 [2] NCCL INFO Bootstrap: Using eno7np0:192.168.50.193<0>
MOC-R4PCC04U05:106768:106768 [1] NCCL INFO NCCL version 2.26.2+cuda12.2
MOC-R4PCC04U05:106769:106769 [2] NCCL INFO NCCL version 2.26.2+cuda12.2
MOC-R4PCC04U05:106770:106770 [3] NCCL INFO cudaDriverVersion 12040
MOC-R4PCC04U05:106770:106770 [3] NCCL INFO NCCL_SOCKET_IFNAME set by environment to eno7np0
MOC-R4PCC04U05:106769:106769 [2] NCCL INFO Comm config Blocking set to 1
MOC-R4PCC04U05:106768:106768 [1] NCCL INFO Comm config Blocking set to 1
MOC-R4PCC04U05:106770:106770 [3] NCCL INFO Bootstrap: Using eno7np0:192.168.50.193<0>
MOC-R4PCC04U05:106770:106770 [3] NCCL INFO NCCL version 2.26.2+cuda12.2
MOC-R4PCC04U05:106770:106770 [3] NCCL INFO Comm config Blocking set to 1
MOC-R4PCC04U05:106769:106811 [2] NCCL INFO NET/Plugin: Could not find: libnccl-net.so. Using internal net plugin.
MOC-R4PCC04U05:106769:106811 [2] NCCL INFO NCCL_IB_DISABLE set by environment to 0.
MOC-R4PCC04U05:106769:106811 [2] NCCL INFO NCCL_SOCKET_IFNAME set by environment to eno7np0
MOC-R4PCC04U05:106769:106811 [2] NCCL INFO NCCL_IB_HCA set to mlx5_5
MOC-R4PCC04U05:106768:106810 [1] NCCL INFO NET/Plugin: Could not find: libnccl-net.so. Using internal net plugin.
MOC-R4PCC04U05:106768:106810 [1] NCCL INFO NCCL_IB_DISABLE set by environment to 0.
MOC-R4PCC04U05:106768:106810 [1] NCCL INFO NCCL_SOCKET_IFNAME set by environment to eno7np0
MOC-R4PCC04U05:106768:106810 [1] NCCL INFO NCCL_IB_HCA set to mlx5_5
MOC-R4PCC04U05:106770:106812 [3] NCCL INFO NET/Plugin: Could not find: libnccl-net.so. Using internal net plugin.
MOC-R4PCC04U05:106770:106812 [3] NCCL INFO NCCL_IB_DISABLE set by environment to 0.
MOC-R4PCC04U05:106770:106812 [3] NCCL INFO NCCL_SOCKET_IFNAME set by environment to eno7np0
MOC-R4PCC04U05:106770:106812 [3] NCCL INFO NCCL_IB_HCA set to mlx5_5
MOC-R4PCC04U05:106769:106811 [2] NCCL INFO NET/IB : Using [0]mlx5_5:1/RoCE [RO]; OOB eno7np0:192.168.50.193<0>
MOC-R4PCC04U05:106769:106811 [2] NCCL INFO PROFILER/Plugin: Could not find: libnccl-profiler.so. 
MOC-R4PCC04U05:106769:106811 [2] NCCL INFO Using network IB
MOC-R4PCC04U05:106768:106810 [1] NCCL INFO NET/IB : Using [0]mlx5_5:1/RoCE [RO]; OOB eno7np0:192.168.50.193<0>
MOC-R4PCC04U05:106770:106812 [3] NCCL INFO NET/IB : Using [0]mlx5_5:1/RoCE [RO]; OOB eno7np0:192.168.50.193<0>
MOC-R4PCC04U05:106768:106810 [1] NCCL INFO PROFILER/Plugin: Could not find: libnccl-profiler.so. 
MOC-R4PCC04U05:106768:106810 [1] NCCL INFO Using network IB
MOC-R4PCC04U05:106770:106812 [3] NCCL INFO PROFILER/Plugin: Could not find: libnccl-profiler.so. 
MOC-R4PCC04U05:106770:106812 [3] NCCL INFO Using network IB
MOC-R4PCC04U05:106769:106811 [2] NCCL INFO DMA-BUF is available on GPU device 2
MOC-R4PCC04U05:106768:106810 [1] NCCL INFO DMA-BUF is available on GPU device 1
MOC-R4PCC04U05:106770:106812 [3] NCCL INFO DMA-BUF is available on GPU device 3
MOC-R4PCC04U05:106769:106811 [2] NCCL INFO ncclCommInitRankConfig comm 0x55e44d003860 rank 2 nranks 16 cudaDev 2 nvmlDev 2 busId a6000 commId 0xea6f98c9274240bb - Init START
MOC-R4PCC04U05:106768:106810 [1] NCCL INFO ncclCommInitRankConfig comm 0x564fbe96bb80 rank 1 nranks 16 cudaDev 1 nvmlDev 1 busId 26000 commId 0xea6f98c9274240bb - Init START
MOC-R4PCC04U05:106770:106812 [3] NCCL INFO ncclCommInitRankConfig comm 0x5602abafaab0 rank 3 nranks 16 cudaDev 3 nvmlDev 3 busId c6000 commId 0xea6f98c9274240bb - Init START
MOC-R4PCC04U05:106768:106810 [1] NCCL INFO RAS client listening socket at ::1<28028>
MOC-R4PCC04U05:106767:106808 [0] NCCL INFO RAS client listening socket at ::1<28028>
MOC-R4PCC04U05:106769:106811 [2] NCCL INFO RAS client listening socket at ::1<28028>
MOC-R4PCC04U05:106770:106812 [3] NCCL INFO RAS client listening socket at ::1<28028>
MOC-R4PCC04U05:106770:106812 [3] NCCL INFO Bootstrap timings total 0.004218 (create 0.000109, send 0.000204, recv 0.000845, ring 0.002002, delay 0.000000)
MOC-R4PCC04U05:106768:106810 [1] NCCL INFO Bootstrap timings total 0.004335 (create 0.000149, send 0.000288, recv 0.000462, ring 0.002415, delay 0.000001)
MOC-R4PCC04U05:106769:106811 [2] NCCL INFO Bootstrap timings total 0.045132 (create 0.000152, send 0.000278, recv 0.041530, ring 0.002073, delay 0.000000)
MOC-R4PCC04U05:106767:106808 [0] NCCL INFO Bootstrap timings total 2.156024 (create 0.000163, send 0.000421, recv 2.151835, ring 0.002209, delay 0.000001)
MOC-R4PCC04U05:106767:106808 [0] NCCL INFO NCCL_NET_GDR_LEVEL set by environment to LOC
MOC-R4PCC04U05:106768:106810 [1] NCCL INFO NCCL_NET_GDR_LEVEL set by environment to LOC
MOC-R4PCC04U05:106768:106810 [1] NCCL INFO Setting affinity for GPU 1 to ffffffff,ffffffff,ffffffff,ffffffff,00000000,00000000,00000000,00000000,ffffffff,ffffffff,ffffffff,ffffffff
MOC-R4PCC04U05:106768:106810 [1] NCCL INFO NVLS multicast support is not available on dev 1
MOC-R4PCC04U05:106767:106808 [0] NCCL INFO Setting affinity for GPU 0 to ffffffff,ffffffff,ffffffff,ffffffff,00000000,00000000,00000000,00000000,ffffffff,ffffffff,ffffffff,ffffffff
MOC-R4PCC04U05:106767:106808 [0] NCCL INFO NVLS multicast support is not available on dev 0
MOC-R4PCC04U05:106770:106812 [3] NCCL INFO NCCL_NET_GDR_LEVEL set by environment to LOC
MOC-R4PCC04U05:106770:106812 [3] NCCL INFO Setting affinity for GPU 3 to ffffffff,ffffffff,ffffffff,ffffffff,00000000,00000000,00000000,00000000,ffffffff,ffffffff,ffffffff,ffffffff,00000000,00000000,00000000,00000000
MOC-R4PCC04U05:106769:106811 [2] NCCL INFO NCCL_NET_GDR_LEVEL set by environment to LOC
MOC-R4PCC04U05:106770:106812 [3] NCCL INFO NVLS multicast support is not available on dev 3
MOC-R4PCC04U05:106769:106811 [2] NCCL INFO Setting affinity for GPU 2 to ffffffff,ffffffff,ffffffff,ffffffff,00000000,00000000,00000000,00000000,ffffffff,ffffffff,ffffffff,ffffffff,00000000,00000000,00000000,00000000
MOC-R4PCC04U05:106769:106811 [2] NCCL INFO NVLS multicast support is not available on dev 2
MOC-R4PCC04U05:106770:106812 [3] NCCL INFO comm 0x5602abafaab0 rank 3 nRanks 16 nNodes 4 localRanks 4 localRank 3 MNNVL 0
MOC-R4PCC04U05:106768:106810 [1] NCCL INFO comm 0x564fbe96bb80 rank 1 nRanks 16 nNodes 4 localRanks 4 localRank 1 MNNVL 0
MOC-R4PCC04U05:106767:106808 [0] NCCL INFO comm 0x55fa1b7c7f50 rank 0 nRanks 16 nNodes 4 localRanks 4 localRank 0 MNNVL 0
MOC-R4PCC04U05:106769:106811 [2] NCCL INFO comm 0x55e44d003860 rank 2 nRanks 16 nNodes 4 localRanks 4 localRank 2 MNNVL 0
MOC-R4PCC04U05:106770:106812 [3] NCCL INFO Trees [0] 0/11/-1->3->-1 [1] 0/11/-1->3->-1 [2] 0/-1/-1->3->7 [3] 0/-1/-1->3->7
MOC-R4PCC04U05:106770:106812 [3] NCCL INFO P2P Chunksize set to 131072
MOC-R4PCC04U05:106769:106811 [2] NCCL INFO Trees [0] -1/-1/-1->2->1 [1] -1/-1/-1->2->1 [2] -1/-1/-1->2->1 [3] -1/-1/-1->2->1
MOC-R4PCC04U05:106767:106808 [0] NCCL INFO Channel 00/04 :  0  3  6  5  4  7 10  9  8 11 14 13 12 15  2  1
MOC-R4PCC04U05:106768:106810 [1] NCCL INFO Trees [0] 2/-1/-1->1->0 [1] 2/-1/-1->1->0 [2] 2/-1/-1->1->0 [3] 2/-1/-1->1->0
MOC-R4PCC04U05:106769:106811 [2] NCCL INFO P2P Chunksize set to 131072
MOC-R4PCC04U05:106768:106810 [1] NCCL INFO P2P Chunksize set to 131072
MOC-R4PCC04U05:106767:106808 [0] NCCL INFO Channel 01/04 :  0  2  7  5  4  6 11  9  8 10 15 13 12 14  3  1
MOC-R4PCC04U05:106767:106808 [0] NCCL INFO Channel 02/04 :  0  3  6  5  4  7 10  9  8 11 14 13 12 15  2  1
MOC-R4PCC04U05:106767:106808 [0] NCCL INFO Channel 03/04 :  0  2  7  5  4  6 11  9  8 10 15 13 12 14  3  1
MOC-R4PCC04U05:106767:106808 [0] NCCL INFO Trees [0] 1/-1/-1->0->3 [1] 1/-1/-1->0->3 [2] 1/-1/-1->0->3 [3] 1/-1/-1->0->3
MOC-R4PCC04U05:106767:106808 [0] NCCL INFO P2P Chunksize set to 131072
MOC-R4PCC04U05:106767:106808 [0] NCCL INFO Check P2P Type intraNodeP2pSupport 1 directMode 0
MOC-R4PCC04U05:106770:106824 [3] NCCL INFO [Proxy Service] Device 3 CPU core 425
MOC-R4PCC04U05:106768:106825 [1] NCCL INFO [Proxy Service] Device 1 CPU core 271
MOC-R4PCC04U05:106769:106827 [2] NCCL INFO [Proxy Service UDS] Device 2 CPU core 183
MOC-R4PCC04U05:106769:106823 [2] NCCL INFO [Proxy Service] Device 2 CPU core 162
MOC-R4PCC04U05:106767:106826 [0] NCCL INFO [Proxy Service] Device 0 CPU core 8
MOC-R4PCC04U05:106768:106829 [1] NCCL INFO [Proxy Service UDS] Device 1 CPU core 19
MOC-R4PCC04U05:106767:106830 [0] NCCL INFO [Proxy Service UDS] Device 0 CPU core 0
MOC-R4PCC04U05:106770:106828 [3] NCCL INFO [Proxy Service UDS] Device 3 CPU core 447
MOC-R4PCC04U05:106770:106812 [3] NCCL INFO threadThresholds 8/8/64 | 128/8/64 | 512 | 512
MOC-R4PCC04U05:106770:106812 [3] NCCL INFO 4 coll channels, 4 collnet channels, 0 nvls channels, 4 p2p channels, 1 p2p channels per peer
MOC-R4PCC04U05:106769:106811 [2] NCCL INFO threadThresholds 8/8/64 | 128/8/64 | 512 | 512
MOC-R4PCC04U05:106769:106811 [2] NCCL INFO 4 coll channels, 4 collnet channels, 0 nvls channels, 4 p2p channels, 1 p2p channels per peer
MOC-R4PCC04U05:106767:106808 [0] NCCL INFO threadThresholds 8/8/64 | 128/8/64 | 512 | 512
MOC-R4PCC04U05:106767:106808 [0] NCCL INFO 4 coll channels, 4 collnet channels, 0 nvls channels, 4 p2p channels, 1 p2p channels per peer
MOC-R4PCC04U05:106768:106810 [1] NCCL INFO threadThresholds 8/8/64 | 128/8/64 | 512 | 512
MOC-R4PCC04U05:106768:106810 [1] NCCL INFO 4 coll channels, 4 collnet channels, 0 nvls channels, 4 p2p channels, 1 p2p channels per peer
MOC-R4PCC04U05:106767:106808 [0] NCCL INFO CC Off, workFifoBytes 1048576
MOC-R4PCC04U05:106768:106810 [1] NCCL INFO TUNER/Plugin: Could not find: libnccl-tuner.so. Using internal tuner plugin.
MOC-R4PCC04U05:106768:106810 [1] NCCL INFO ncclCommInitRankConfig comm 0x564fbe96bb80 rank 1 nranks 16 cudaDev 1 nvmlDev 1 busId 26000 commId 0xea6f98c9274240bb - Init COMPLETE
MOC-R4PCC04U05:106768:106810 [1] NCCL INFO Init timings - ncclCommInitRankConfig: rank 1 nranks 16 total 3.00 (kernels 0.31, alloc 1.83, bootstrap 0.00, allgathers 0.02, topo 0.81, graphs 0.00, connections 0.02, rest 0.00)
MOC-R4PCC04U05:106769:106811 [2] NCCL INFO TUNER/Plugin: Could not find: libnccl-tuner.so. Using internal tuner plugin.
MOC-R4PCC04U05:106770:106812 [3] NCCL INFO TUNER/Plugin: Could not find: libnccl-tuner.so. Using internal tuner plugin.
MOC-R4PCC04U05:106769:106811 [2] NCCL INFO ncclCommInitRankConfig comm 0x55e44d003860 rank 2 nranks 16 cudaDev 2 nvmlDev 2 busId a6000 commId 0xea6f98c9274240bb - Init COMPLETE
MOC-R4PCC04U05:106770:106812 [3] NCCL INFO ncclCommInitRankConfig comm 0x5602abafaab0 rank 3 nranks 16 cudaDev 3 nvmlDev 3 busId c6000 commId 0xea6f98c9274240bb - Init COMPLETE
MOC-R4PCC04U05:106769:106811 [2] NCCL INFO Init timings - ncclCommInitRankConfig: rank 2 nranks 16 total 3.00 (kernels 0.31, alloc 1.80, bootstrap 0.05, allgathers 0.02, topo 0.81, graphs 0.00, connections 0.02, rest 0.01)
MOC-R4PCC04U05:106770:106812 [3] NCCL INFO Init timings - ncclCommInitRankConfig: rank 3 nranks 16 total 3.00 (kernels 0.32, alloc 1.82, bootstrap 0.00, allgathers 0.02, topo 0.81, graphs 0.00, connections 0.02, rest 0.01)
MOC-R4PCC04U05:106767:106808 [0] NCCL INFO TUNER/Plugin: Could not find: libnccl-tuner.so. Using internal tuner plugin.
MOC-R4PCC04U05:106767:106808 [0] NCCL INFO ncclCommInitRankConfig comm 0x55fa1b7c7f50 rank 0 nranks 16 cudaDev 0 nvmlDev 0 busId 6000 commId 0xea6f98c9274240bb - Init COMPLETE
MOC-R4PCC04U05:106767:106808 [0] NCCL INFO Init timings - ncclCommInitRankConfig: rank 0 nranks 16 total 4.02 (kernels 0.32, alloc 0.69, bootstrap 2.16, allgathers 0.02, topo 0.81, graphs 0.00, connections 0.02, rest 0.00)
MOC-R4PCC04U05:106767:106833 [0] NCCL INFO Channel 01/0 : 0[0] -> 2[2] via P2P/CUMEM
MOC-R4PCC04U05:106767:106833 [0] NCCL INFO Channel 03/0 : 0[0] -> 2[2] via P2P/CUMEM
MOC-R4PCC04U05:106767:106833 [0] NCCL INFO Channel 00/0 : 0[0] -> 3[3] via P2P/CUMEM
MOC-R4PCC04U05:106767:106833 [0] NCCL INFO Channel 02/0 : 0[0] -> 3[3] via P2P/CUMEM
MOC-R4PCC04U05:106769:106836 [2] NCCL INFO [Proxy Progress] Device 2 CPU core 162
MOC-R4PCC04U05:106769:106832 [2] NCCL INFO Channel 00/0 : 15[3] -> 2[2] [receive] via NET/IB/1
MOC-R4PCC04U05:106769:106832 [2] NCCL INFO Channel 02/0 : 15[3] -> 2[2] [receive] via NET/IB/1
MOC-R4PCC04U05:106769:106832 [2] NCCL INFO Channel 01/0 : 2[2] -> 7[3] [send] via NET/IB/1
MOC-R4PCC04U05:106769:106832 [2] NCCL INFO Channel 03/0 : 2[2] -> 7[3] [send] via NET/IB/1
MOC-R4PCC04U05:106770:106837 [3] NCCL INFO [Proxy Progress] Device 3 CPU core 168
MOC-R4PCC04U05:106770:106835 [3] NCCL INFO Channel 00/0 : 3[3] -> 6[2] [send] via NET/IB/1
MOC-R4PCC04U05:106770:106835 [3] NCCL INFO Channel 02/0 : 3[3] -> 6[2] [send] via NET/IB/1
MOC-R4PCC04U05:106769:106832 [2] NCCL INFO Channel 00/0 : 2[2] -> 1[1] via P2P/CUMEM
MOC-R4PCC04U05:106770:106835 [3] NCCL INFO Channel 01/0 : 14[2] -> 3[3] [receive] via NET/IB/1
MOC-R4PCC04U05:106770:106835 [3] NCCL INFO Channel 03/0 : 14[2] -> 3[3] [receive] via NET/IB/1
MOC-R4PCC04U05:106770:106835 [3] NCCL INFO Channel 01/0 : 3[3] -> 1[1] via P2P/CUMEM
MOC-R4PCC04U05:106770:106835 [3] NCCL INFO Channel 03/0 : 3[3] -> 1[1] via P2P/CUMEM
MOC-R4PCC04U05:106769:106832 [2] NCCL INFO Channel 02/0 : 2[2] -> 1[1] via P2P/CUMEM
MOC-R4PCC04U05:106768:106834 [1] NCCL INFO Channel 00/0 : 1[1] -> 0[0] via P2P/CUMEM
MOC-R4PCC04U05:106768:106834 [1] NCCL INFO Channel 01/0 : 1[1] -> 0[0] via P2P/CUMEM
MOC-R4PCC04U05:106768:106834 [1] NCCL INFO Channel 02/0 : 1[1] -> 0[0] via P2P/CUMEM
MOC-R4PCC04U05:106768:106834 [1] NCCL INFO Channel 03/0 : 1[1] -> 0[0] via P2P/CUMEM
MOC-R4PCC04U05:106770:106835 [3] NCCL INFO Connected all rings, use ring PXN 0 GDR 0
MOC-R4PCC04U05:106768:106834 [1] NCCL INFO Connected all rings, use ring PXN 0 GDR 0
MOC-R4PCC04U05:106767:106833 [0] NCCL INFO Connected all rings, use ring PXN 0 GDR 0
MOC-R4PCC04U05:106769:106832 [2] NCCL INFO Connected all rings, use ring PXN 0 GDR 0
num decayed parameter tensors: 50, with 124,318,464 parameters
num non-decayed parameter tensors: 98, with 121,344 parameters
using fused AdamW: False
using regular AdamW
MOC-R4PCC04U05:106768:107526 [1] NCCL INFO Channel 00/0 : 1[1] -> 2[2] via P2P/CUMEM
MOC-R4PCC04U05:106768:107526 [1] NCCL INFO Channel 01/0 : 1[1] -> 2[2] via P2P/CUMEM
MOC-R4PCC04U05:106768:107526 [1] NCCL INFO Channel 02/0 : 1[1] -> 2[2] via P2P/CUMEM
MOC-R4PCC04U05:106768:107526 [1] NCCL INFO Channel 03/0 : 1[1] -> 2[2] via P2P/CUMEM
MOC-R4PCC04U05:106767:107527 [0] NCCL INFO Channel 00/0 : 0[0] -> 1[1] via P2P/CUMEM
MOC-R4PCC04U05:106767:107527 [0] NCCL INFO Channel 01/0 : 0[0] -> 1[1] via P2P/CUMEM
MOC-R4PCC04U05:106767:107527 [0] NCCL INFO Channel 02/0 : 0[0] -> 1[1] via P2P/CUMEM
MOC-R4PCC04U05:106767:107527 [0] NCCL INFO Channel 03/0 : 0[0] -> 1[1] via P2P/CUMEM
MOC-R4PCC04U05:106767:107527 [0] NCCL INFO Channel 01/0 : 0[0] -> 3[3] via P2P/CUMEM
MOC-R4PCC04U05:106767:107527 [0] NCCL INFO Channel 03/0 : 0[0] -> 3[3] via P2P/CUMEM
MOC-R4PCC04U05:106770:107528 [3] NCCL INFO Channel 02/0 : 3[3] -> 7[3] [send] via NET/IB/1
MOC-R4PCC04U05:106770:107528 [3] NCCL INFO Channel 03/0 : 3[3] -> 7[3] [send] via NET/IB/1
MOC-R4PCC04U05:106769:107529 [2] NCCL INFO Channel 01/0 : 2[2] -> 1[1] via P2P/CUMEM
MOC-R4PCC04U05:106769:107529 [2] NCCL INFO Channel 03/0 : 2[2] -> 1[1] via P2P/CUMEM
MOC-R4PCC04U05:106770:107528 [3] NCCL INFO Channel 00/0 : 11[3] -> 3[3] [receive] via NET/IB/1
MOC-R4PCC04U05:106770:107528 [3] NCCL INFO Channel 01/0 : 11[3] -> 3[3] [receive] via NET/IB/1
MOC-R4PCC04U05:106770:107528 [3] NCCL INFO Channel 00/0 : 3[3] -> 11[3] [send] via NET/IB/1
MOC-R4PCC04U05:106770:107528 [3] NCCL INFO Channel 01/0 : 3[3] -> 11[3] [send] via NET/IB/1
MOC-R4PCC04U05:106770:107528 [3] NCCL INFO Channel 02/0 : 7[3] -> 3[3] [receive] via NET/IB/1
MOC-R4PCC04U05:106770:107528 [3] NCCL INFO Channel 03/0 : 7[3] -> 3[3] [receive] via NET/IB/1
MOC-R4PCC04U05:106770:107528 [3] NCCL INFO Channel 00/0 : 3[3] -> 0[0] via P2P/CUMEM
MOC-R4PCC04U05:106770:107528 [3] NCCL INFO Channel 01/0 : 3[3] -> 0[0] via P2P/CUMEM
MOC-R4PCC04U05:106770:107528 [3] NCCL INFO Channel 02/0 : 3[3] -> 0[0] via P2P/CUMEM
MOC-R4PCC04U05:106770:107528 [3] NCCL INFO Channel 03/0 : 3[3] -> 0[0] via P2P/CUMEM
MOC-R4PCC04U05:106768:107526 [1] NCCL INFO Connected all trees
MOC-R4PCC04U05:106769:107529 [2] NCCL INFO Connected all trees
MOC-R4PCC04U05:106770:107528 [3] NCCL INFO Connected all trees
MOC-R4PCC04U05:106767:107527 [0] NCCL INFO Connected all trees
step    1/10 | train loss 11.009266 | norm 15.3566 | lr 1.00e-04 | (13976.79 ms | 225068 tok/s)
step    2/10 | train loss 10.139988 | norm 5.7233 | lr 1.00e-04 | (505.37 ms | 6224581 tok/s)
step    3/10 | train loss 9.800396 | norm 2.6013 | lr 1.00e-04 | (508.63 ms | 6184742 tok/s)
step    4/10 | train loss 9.631651 | norm 2.1118 | lr 1.00e-04 | (510.90 ms | 6157245 tok/s)
step    5/10 | train loss 9.548889 | norm 2.0958 | lr 1.00e-04 | (506.11 ms | 6215506 tok/s)
step    6/10 | train loss 9.468090 | norm 1.9942 | lr 1.00e-04 | (510.68 ms | 6159861 tok/s)
step    7/10 | train loss 9.382738 | norm 1.9443 | lr 1.00e-04 | (513.01 ms | 6131852 tok/s)
step    8/10 | train loss 9.291190 | norm 1.9106 | lr 1.00e-04 | (507.93 ms | 6193219 tok/s)
step    9/10 | train loss 9.195945 | norm 1.8556 | lr 1.00e-04 | (510.52 ms | 6161869 tok/s)
step   10/10 | train loss 9.110964 | norm 1.7933 | lr 1.00e-04 | (507.68 ms | 6196229 tok/s)
final 9 iters avg: 508.982ms
peak memory consumption: 16601 MiB
MOC-R4PCC04U05:106769:107537 [2] NCCL INFO comm 0x55e44d003860 rank 2 nranks 16 cudaDev 2 busId a6000 - Destroy COMPLETE
MOC-R4PCC04U05:106768:107534 [1] NCCL INFO comm 0x564fbe96bb80 rank 1 nranks 16 cudaDev 1 busId 26000 - Destroy COMPLETE
MOC-R4PCC04U05:106767:107535 [0] NCCL INFO comm 0x55fa1b7c7f50 rank 0 nranks 16 cudaDev 0 busId 6000 - Destroy COMPLETE
MOC-R4PCC04U05:106770:107536 [3] NCCL INFO comm 0x5602abafaab0 rank 3 nranks 16 cudaDev 3 busId c6000 - Destroy COMPLETE
