Running pytorch 2.7.0+cu126
using device: cuda:0
total desired batch size: 1048576
=> calculated gradient accumulation steps: 2
using device: cuda:1
using device: cuda:2
using device: cuda:3
compiling the model...
DataLoader: total number of tokens: 1,661,249,667 across 103 files
MOC-R4PCC04U05:103412:103412 [0] NCCL INFO NCCL_SOCKET_IFNAME set by environment to eno7np0
MOC-R4PCC04U05:103412:103412 [0] NCCL INFO Bootstrap: Using eno7np0:192.168.50.193<0>
MOC-R4PCC04U05:103412:103412 [0] NCCL INFO cudaDriverVersion 12040
MOC-R4PCC04U05:103412:103412 [0] NCCL INFO NCCL version 2.26.2+cuda12.2
MOC-R4PCC04U05:103412:103412 [0] NCCL INFO Comm config Blocking set to 1
MOC-R4PCC04U05:103412:103453 [0] NCCL INFO NET/Plugin: Could not find: libnccl-net.so. Using internal net plugin.
MOC-R4PCC04U05:103412:103453 [0] NCCL INFO NCCL_IB_DISABLE set by environment to 0.
MOC-R4PCC04U05:103412:103453 [0] NCCL INFO NCCL_SOCKET_IFNAME set by environment to eno7np0
MOC-R4PCC04U05:103412:103453 [0] NCCL INFO NCCL_IB_HCA set to mlx5_5
MOC-R4PCC04U05:103413:103413 [1] NCCL INFO cudaDriverVersion 12040
MOC-R4PCC04U05:103413:103413 [1] NCCL INFO NCCL_SOCKET_IFNAME set by environment to eno7np0
MOC-R4PCC04U05:103415:103415 [3] NCCL INFO cudaDriverVersion 12040
MOC-R4PCC04U05:103415:103415 [3] NCCL INFO NCCL_SOCKET_IFNAME set by environment to eno7np0
MOC-R4PCC04U05:103413:103413 [1] NCCL INFO Bootstrap: Using eno7np0:192.168.50.193<0>
MOC-R4PCC04U05:103415:103415 [3] NCCL INFO Bootstrap: Using eno7np0:192.168.50.193<0>
MOC-R4PCC04U05:103413:103413 [1] NCCL INFO NCCL version 2.26.2+cuda12.2
MOC-R4PCC04U05:103415:103415 [3] NCCL INFO NCCL version 2.26.2+cuda12.2
MOC-R4PCC04U05:103413:103413 [1] NCCL INFO Comm config Blocking set to 1
MOC-R4PCC04U05:103415:103415 [3] NCCL INFO Comm config Blocking set to 1
MOC-R4PCC04U05:103412:103453 [0] NCCL INFO NET/IB : Using [0]mlx5_5:1/RoCE [RO]; OOB eno7np0:192.168.50.193<0>
MOC-R4PCC04U05:103412:103453 [0] NCCL INFO PROFILER/Plugin: Could not find: libnccl-profiler.so. 
MOC-R4PCC04U05:103412:103453 [0] NCCL INFO Using network IB
MOC-R4PCC04U05:103412:103453 [0] NCCL INFO DMA-BUF is available on GPU device 0
MOC-R4PCC04U05:103412:103453 [0] NCCL INFO ncclCommInitRankConfig comm 0x559b6e899820 rank 0 nranks 16 cudaDev 0 nvmlDev 0 busId 6000 commId 0x9683f4ac60ceda0d - Init START
MOC-R4PCC04U05:103414:103414 [2] NCCL INFO cudaDriverVersion 12040
MOC-R4PCC04U05:103414:103414 [2] NCCL INFO NCCL_SOCKET_IFNAME set by environment to eno7np0
MOC-R4PCC04U05:103414:103414 [2] NCCL INFO Bootstrap: Using eno7np0:192.168.50.193<0>
MOC-R4PCC04U05:103414:103414 [2] NCCL INFO NCCL version 2.26.2+cuda12.2
MOC-R4PCC04U05:103414:103414 [2] NCCL INFO Comm config Blocking set to 1
MOC-R4PCC04U05:103413:103455 [1] NCCL INFO NET/Plugin: Could not find: libnccl-net.so. Using internal net plugin.
MOC-R4PCC04U05:103415:103454 [3] NCCL INFO NET/Plugin: Could not find: libnccl-net.so. Using internal net plugin.
MOC-R4PCC04U05:103413:103455 [1] NCCL INFO NCCL_IB_DISABLE set by environment to 0.
MOC-R4PCC04U05:103415:103454 [3] NCCL INFO NCCL_IB_DISABLE set by environment to 0.
MOC-R4PCC04U05:103413:103455 [1] NCCL INFO NCCL_SOCKET_IFNAME set by environment to eno7np0
MOC-R4PCC04U05:103415:103454 [3] NCCL INFO NCCL_SOCKET_IFNAME set by environment to eno7np0
MOC-R4PCC04U05:103413:103455 [1] NCCL INFO NCCL_IB_HCA set to mlx5_5
MOC-R4PCC04U05:103415:103454 [3] NCCL INFO NCCL_IB_HCA set to mlx5_5
MOC-R4PCC04U05:103414:103457 [2] NCCL INFO NET/Plugin: Could not find: libnccl-net.so. Using internal net plugin.
MOC-R4PCC04U05:103414:103457 [2] NCCL INFO NCCL_IB_DISABLE set by environment to 0.
MOC-R4PCC04U05:103415:103454 [3] NCCL INFO NET/IB : Using [0]mlx5_5:1/RoCE [RO]; OOB eno7np0:192.168.50.193<0>
MOC-R4PCC04U05:103413:103455 [1] NCCL INFO NET/IB : Using [0]mlx5_5:1/RoCE [RO]; OOB eno7np0:192.168.50.193<0>
MOC-R4PCC04U05:103414:103457 [2] NCCL INFO NCCL_SOCKET_IFNAME set by environment to eno7np0
MOC-R4PCC04U05:103415:103454 [3] NCCL INFO PROFILER/Plugin: Could not find: libnccl-profiler.so. 
MOC-R4PCC04U05:103413:103455 [1] NCCL INFO PROFILER/Plugin: Could not find: libnccl-profiler.so. 
MOC-R4PCC04U05:103415:103454 [3] NCCL INFO Using network IB
MOC-R4PCC04U05:103413:103455 [1] NCCL INFO Using network IB
MOC-R4PCC04U05:103414:103457 [2] NCCL INFO NCCL_IB_HCA set to mlx5_5
MOC-R4PCC04U05:103414:103457 [2] NCCL INFO NET/IB : Using [0]mlx5_5:1/RoCE [RO]; OOB eno7np0:192.168.50.193<0>
MOC-R4PCC04U05:103414:103457 [2] NCCL INFO PROFILER/Plugin: Could not find: libnccl-profiler.so. 
MOC-R4PCC04U05:103414:103457 [2] NCCL INFO Using network IB
MOC-R4PCC04U05:103415:103454 [3] NCCL INFO DMA-BUF is available on GPU device 3
MOC-R4PCC04U05:103413:103455 [1] NCCL INFO DMA-BUF is available on GPU device 1
MOC-R4PCC04U05:103415:103454 [3] NCCL INFO ncclCommInitRankConfig comm 0x56007a4038d0 rank 3 nranks 16 cudaDev 3 nvmlDev 3 busId c6000 commId 0x9683f4ac60ceda0d - Init START
MOC-R4PCC04U05:103414:103457 [2] NCCL INFO DMA-BUF is available on GPU device 2
MOC-R4PCC04U05:103413:103455 [1] NCCL INFO ncclCommInitRankConfig comm 0x559fba4b0e70 rank 1 nranks 16 cudaDev 1 nvmlDev 1 busId 26000 commId 0x9683f4ac60ceda0d - Init START
MOC-R4PCC04U05:103414:103457 [2] NCCL INFO ncclCommInitRankConfig comm 0x555ebf752ac0 rank 2 nranks 16 cudaDev 2 nvmlDev 2 busId a6000 commId 0x9683f4ac60ceda0d - Init START
MOC-R4PCC04U05:103413:103455 [1] NCCL INFO RAS client listening socket at ::1<28028>
MOC-R4PCC04U05:103414:103457 [2] NCCL INFO RAS client listening socket at ::1<28028>
MOC-R4PCC04U05:103415:103454 [3] NCCL INFO RAS client listening socket at ::1<28028>
MOC-R4PCC04U05:103412:103453 [0] NCCL INFO RAS client listening socket at ::1<28028>
MOC-R4PCC04U05:103415:103454 [3] NCCL INFO Bootstrap timings total 0.123532 (create 0.000153, send 0.000267, recv 0.000393, ring 0.100985, delay 0.000001)
MOC-R4PCC04U05:103413:103455 [1] NCCL INFO Bootstrap timings total 0.104267 (create 0.000153, send 0.000278, recv 0.000544, ring 0.102024, delay 0.000001)
MOC-R4PCC04U05:103412:103453 [0] NCCL INFO Bootstrap timings total 2.120615 (create 0.000145, send 0.000266, recv 2.016836, ring 0.075198, delay 0.000001)
MOC-R4PCC04U05:103414:103457 [2] NCCL INFO Bootstrap timings total 0.104187 (create 0.000153, send 0.000258, recv 0.000548, ring 0.101903, delay 0.000001)
MOC-R4PCC04U05:103412:103453 [0] NCCL INFO NCCL_NET_GDR_LEVEL set by environment to LOC
MOC-R4PCC04U05:103412:103453 [0] NCCL INFO Setting affinity for GPU 0 to ffffffff,ffffffff,ffffffff,ffffffff,00000000,00000000,00000000,00000000,ffffffff,ffffffff,ffffffff,ffffffff
MOC-R4PCC04U05:103412:103453 [0] NCCL INFO NVLS multicast support is not available on dev 0
MOC-R4PCC04U05:103413:103455 [1] NCCL INFO NCCL_NET_GDR_LEVEL set by environment to LOC
MOC-R4PCC04U05:103415:103454 [3] NCCL INFO NCCL_NET_GDR_LEVEL set by environment to LOC
MOC-R4PCC04U05:103413:103455 [1] NCCL INFO Setting affinity for GPU 1 to ffffffff,ffffffff,ffffffff,ffffffff,00000000,00000000,00000000,00000000,ffffffff,ffffffff,ffffffff,ffffffff
MOC-R4PCC04U05:103415:103454 [3] NCCL INFO Setting affinity for GPU 3 to ffffffff,ffffffff,ffffffff,ffffffff,00000000,00000000,00000000,00000000,ffffffff,ffffffff,ffffffff,ffffffff,00000000,00000000,00000000,00000000
MOC-R4PCC04U05:103415:103454 [3] NCCL INFO NVLS multicast support is not available on dev 3
MOC-R4PCC04U05:103414:103457 [2] NCCL INFO NCCL_NET_GDR_LEVEL set by environment to LOC
MOC-R4PCC04U05:103413:103455 [1] NCCL INFO NVLS multicast support is not available on dev 1
MOC-R4PCC04U05:103414:103457 [2] NCCL INFO Setting affinity for GPU 2 to ffffffff,ffffffff,ffffffff,ffffffff,00000000,00000000,00000000,00000000,ffffffff,ffffffff,ffffffff,ffffffff,00000000,00000000,00000000,00000000
MOC-R4PCC04U05:103414:103457 [2] NCCL INFO NVLS multicast support is not available on dev 2
MOC-R4PCC04U05:103413:103455 [1] NCCL INFO comm 0x559fba4b0e70 rank 1 nRanks 16 nNodes 4 localRanks 4 localRank 1 MNNVL 0
MOC-R4PCC04U05:103414:103457 [2] NCCL INFO comm 0x555ebf752ac0 rank 2 nRanks 16 nNodes 4 localRanks 4 localRank 2 MNNVL 0
MOC-R4PCC04U05:103415:103454 [3] NCCL INFO comm 0x56007a4038d0 rank 3 nRanks 16 nNodes 4 localRanks 4 localRank 3 MNNVL 0
MOC-R4PCC04U05:103412:103453 [0] NCCL INFO comm 0x559b6e899820 rank 0 nRanks 16 nNodes 4 localRanks 4 localRank 0 MNNVL 0
MOC-R4PCC04U05:103413:103455 [1] NCCL INFO Trees [0] 2/-1/-1->1->0 [1] 2/-1/-1->1->0 [2] 2/-1/-1->1->0 [3] 2/-1/-1->1->0
MOC-R4PCC04U05:103413:103455 [1] NCCL INFO P2P Chunksize set to 131072
MOC-R4PCC04U05:103414:103457 [2] NCCL INFO Trees [0] -1/-1/-1->2->1 [1] -1/-1/-1->2->1 [2] -1/-1/-1->2->1 [3] -1/-1/-1->2->1
MOC-R4PCC04U05:103414:103457 [2] NCCL INFO P2P Chunksize set to 131072
MOC-R4PCC04U05:103415:103454 [3] NCCL INFO Trees [0] 0/11/-1->3->-1 [1] 0/11/-1->3->-1 [2] 0/-1/-1->3->7 [3] 0/-1/-1->3->7
MOC-R4PCC04U05:103415:103454 [3] NCCL INFO P2P Chunksize set to 131072
MOC-R4PCC04U05:103412:103453 [0] NCCL INFO Channel 00/04 :  0  3  6  5  4  7 10  9  8 11 14 13 12 15  2  1
MOC-R4PCC04U05:103412:103453 [0] NCCL INFO Channel 01/04 :  0  2  7  5  4  6 11  9  8 10 15 13 12 14  3  1
MOC-R4PCC04U05:103412:103453 [0] NCCL INFO Channel 02/04 :  0  3  6  5  4  7 10  9  8 11 14 13 12 15  2  1
MOC-R4PCC04U05:103412:103453 [0] NCCL INFO Channel 03/04 :  0  2  7  5  4  6 11  9  8 10 15 13 12 14  3  1
MOC-R4PCC04U05:103412:103453 [0] NCCL INFO Trees [0] 1/-1/-1->0->3 [1] 1/-1/-1->0->3 [2] 1/-1/-1->0->3 [3] 1/-1/-1->0->3
MOC-R4PCC04U05:103412:103453 [0] NCCL INFO P2P Chunksize set to 131072
MOC-R4PCC04U05:103412:103453 [0] NCCL INFO Check P2P Type intraNodeP2pSupport 1 directMode 0
MOC-R4PCC04U05:103412:103474 [0] NCCL INFO [Proxy Service] Device 0 CPU core 13
MOC-R4PCC04U05:103413:103470 [1] NCCL INFO [Proxy Service] Device 1 CPU core 303
MOC-R4PCC04U05:103415:103471 [3] NCCL INFO [Proxy Service] Device 3 CPU core 399
MOC-R4PCC04U05:103413:103473 [1] NCCL INFO [Proxy Service UDS] Device 1 CPU core 311
MOC-R4PCC04U05:103414:103472 [2] NCCL INFO [Proxy Service] Device 2 CPU core 471
MOC-R4PCC04U05:103412:103477 [0] NCCL INFO [Proxy Service UDS] Device 0 CPU core 287
MOC-R4PCC04U05:103415:103475 [3] NCCL INFO [Proxy Service UDS] Device 3 CPU core 230
MOC-R4PCC04U05:103414:103476 [2] NCCL INFO [Proxy Service UDS] Device 2 CPU core 487
MOC-R4PCC04U05:103415:103454 [3] NCCL INFO threadThresholds 8/8/64 | 128/8/64 | 512 | 512
MOC-R4PCC04U05:103415:103454 [3] NCCL INFO 4 coll channels, 4 collnet channels, 0 nvls channels, 4 p2p channels, 1 p2p channels per peer
MOC-R4PCC04U05:103414:103457 [2] NCCL INFO threadThresholds 8/8/64 | 128/8/64 | 512 | 512
MOC-R4PCC04U05:103414:103457 [2] NCCL INFO 4 coll channels, 4 collnet channels, 0 nvls channels, 4 p2p channels, 1 p2p channels per peer
MOC-R4PCC04U05:103413:103455 [1] NCCL INFO threadThresholds 8/8/64 | 128/8/64 | 512 | 512
MOC-R4PCC04U05:103413:103455 [1] NCCL INFO 4 coll channels, 4 collnet channels, 0 nvls channels, 4 p2p channels, 1 p2p channels per peer
MOC-R4PCC04U05:103412:103453 [0] NCCL INFO threadThresholds 8/8/64 | 128/8/64 | 512 | 512
MOC-R4PCC04U05:103412:103453 [0] NCCL INFO 4 coll channels, 4 collnet channels, 0 nvls channels, 4 p2p channels, 1 p2p channels per peer
MOC-R4PCC04U05:103412:103453 [0] NCCL INFO CC Off, workFifoBytes 1048576
MOC-R4PCC04U05:103415:103454 [3] NCCL INFO TUNER/Plugin: Could not find: libnccl-tuner.so. Using internal tuner plugin.
MOC-R4PCC04U05:103415:103454 [3] NCCL INFO ncclCommInitRankConfig comm 0x56007a4038d0 rank 3 nranks 16 cudaDev 3 nvmlDev 3 busId c6000 commId 0x9683f4ac60ceda0d - Init COMPLETE
MOC-R4PCC04U05:103415:103454 [3] NCCL INFO Init timings - ncclCommInitRankConfig: rank 3 nranks 16 total 3.83 (kernels 0.78, alloc 1.80, bootstrap 0.12, allgathers 0.11, topo 0.75, graphs 0.00, connections 0.25, rest 0.02)
MOC-R4PCC04U05:103413:103455 [1] NCCL INFO TUNER/Plugin: Could not find: libnccl-tuner.so. Using internal tuner plugin.
MOC-R4PCC04U05:103413:103455 [1] NCCL INFO ncclCommInitRankConfig comm 0x559fba4b0e70 rank 1 nranks 16 cudaDev 1 nvmlDev 1 busId 26000 commId 0x9683f4ac60ceda0d - Init COMPLETE
MOC-R4PCC04U05:103414:103457 [2] NCCL INFO TUNER/Plugin: Could not find: libnccl-tuner.so. Using internal tuner plugin.
MOC-R4PCC04U05:103413:103455 [1] NCCL INFO Init timings - ncclCommInitRankConfig: rank 1 nranks 16 total 3.83 (kernels 0.78, alloc 1.82, bootstrap 0.10, allgathers 0.11, topo 0.74, graphs 0.00, connections 0.25, rest 0.01)
MOC-R4PCC04U05:103414:103457 [2] NCCL INFO ncclCommInitRankConfig comm 0x555ebf752ac0 rank 2 nranks 16 cudaDev 2 nvmlDev 2 busId a6000 commId 0x9683f4ac60ceda0d - Init COMPLETE
MOC-R4PCC04U05:103414:103457 [2] NCCL INFO Init timings - ncclCommInitRankConfig: rank 2 nranks 16 total 3.23 (kernels 0.31, alloc 1.70, bootstrap 0.10, allgathers 0.11, topo 0.75, graphs 0.00, connections 0.25, rest 0.02)
MOC-R4PCC04U05:103412:103453 [0] NCCL INFO TUNER/Plugin: Could not find: libnccl-tuner.so. Using internal tuner plugin.
MOC-R4PCC04U05:103412:103453 [0] NCCL INFO ncclCommInitRankConfig comm 0x559b6e899820 rank 0 nranks 16 cudaDev 0 nvmlDev 0 busId 6000 commId 0x9683f4ac60ceda0d - Init COMPLETE
MOC-R4PCC04U05:103412:103453 [0] NCCL INFO Init timings - ncclCommInitRankConfig: rank 0 nranks 16 total 4.24 (kernels 0.31, alloc 0.68, bootstrap 2.12, allgathers 0.11, topo 0.74, graphs 0.00, connections 0.26, rest 0.00)
MOC-R4PCC04U05:103412:103481 [0] NCCL INFO Channel 01/0 : 0[0] -> 2[2] via P2P/CUMEM
MOC-R4PCC04U05:103412:103481 [0] NCCL INFO Channel 03/0 : 0[0] -> 2[2] via P2P/CUMEM
MOC-R4PCC04U05:103412:103481 [0] NCCL INFO Channel 00/0 : 0[0] -> 3[3] via P2P/CUMEM
MOC-R4PCC04U05:103412:103481 [0] NCCL INFO Channel 02/0 : 0[0] -> 3[3] via P2P/CUMEM
MOC-R4PCC04U05:103415:103482 [3] NCCL INFO [Proxy Progress] Device 3 CPU core 400
MOC-R4PCC04U05:103415:103479 [3] NCCL INFO Channel 00/0 : 3[3] -> 6[2] [send] via NET/IB/1
MOC-R4PCC04U05:103415:103479 [3] NCCL INFO Channel 02/0 : 3[3] -> 6[2] [send] via NET/IB/1
MOC-R4PCC04U05:103414:103478 [2] NCCL INFO Channel 00/0 : 15[3] -> 2[2] [receive] via NET/IB/1
MOC-R4PCC04U05:103414:103483 [2] NCCL INFO [Proxy Progress] Device 2 CPU core 447
MOC-R4PCC04U05:103414:103478 [2] NCCL INFO Channel 02/0 : 15[3] -> 2[2] [receive] via NET/IB/1
MOC-R4PCC04U05:103414:103478 [2] NCCL INFO Channel 01/0 : 2[2] -> 7[3] [send] via NET/IB/1
MOC-R4PCC04U05:103414:103478 [2] NCCL INFO Channel 03/0 : 2[2] -> 7[3] [send] via NET/IB/1
MOC-R4PCC04U05:103414:103478 [2] NCCL INFO Channel 00/0 : 2[2] -> 1[1] via P2P/CUMEM
MOC-R4PCC04U05:103414:103478 [2] NCCL INFO Channel 02/0 : 2[2] -> 1[1] via P2P/CUMEM
MOC-R4PCC04U05:103415:103479 [3] NCCL INFO Channel 01/0 : 14[2] -> 3[3] [receive] via NET/IB/1
MOC-R4PCC04U05:103415:103479 [3] NCCL INFO Channel 03/0 : 14[2] -> 3[3] [receive] via NET/IB/1
MOC-R4PCC04U05:103415:103479 [3] NCCL INFO Channel 01/0 : 3[3] -> 1[1] via P2P/CUMEM
MOC-R4PCC04U05:103415:103479 [3] NCCL INFO Channel 03/0 : 3[3] -> 1[1] via P2P/CUMEM
MOC-R4PCC04U05:103413:103480 [1] NCCL INFO Channel 00/0 : 1[1] -> 0[0] via P2P/CUMEM
MOC-R4PCC04U05:103413:103480 [1] NCCL INFO Channel 01/0 : 1[1] -> 0[0] via P2P/CUMEM
MOC-R4PCC04U05:103413:103480 [1] NCCL INFO Channel 02/0 : 1[1] -> 0[0] via P2P/CUMEM
MOC-R4PCC04U05:103413:103480 [1] NCCL INFO Channel 03/0 : 1[1] -> 0[0] via P2P/CUMEM
MOC-R4PCC04U05:103413:103480 [1] NCCL INFO Connected all rings, use ring PXN 0 GDR 0
MOC-R4PCC04U05:103414:103478 [2] NCCL INFO Connected all rings, use ring PXN 0 GDR 0
MOC-R4PCC04U05:103415:103479 [3] NCCL INFO Connected all rings, use ring PXN 0 GDR 0
MOC-R4PCC04U05:103412:103481 [0] NCCL INFO Connected all rings, use ring PXN 0 GDR 0
num decayed parameter tensors: 50, with 124,318,464 parameters
num non-decayed parameter tensors: 98, with 121,344 parameters
using fused AdamW: False
using regular AdamW
MOC-R4PCC04U05:103413:104172 [1] NCCL INFO Channel 00/0 : 1[1] -> 2[2] via P2P/CUMEM
MOC-R4PCC04U05:103413:104172 [1] NCCL INFO Channel 01/0 : 1[1] -> 2[2] via P2P/CUMEM
MOC-R4PCC04U05:103413:104172 [1] NCCL INFO Channel 02/0 : 1[1] -> 2[2] via P2P/CUMEM
MOC-R4PCC04U05:103413:104172 [1] NCCL INFO Channel 03/0 : 1[1] -> 2[2] via P2P/CUMEM
MOC-R4PCC04U05:103412:104174 [0] NCCL INFO Channel 00/0 : 0[0] -> 1[1] via P2P/CUMEM
MOC-R4PCC04U05:103412:104174 [0] NCCL INFO Channel 01/0 : 0[0] -> 1[1] via P2P/CUMEM
MOC-R4PCC04U05:103412:104174 [0] NCCL INFO Channel 02/0 : 0[0] -> 1[1] via P2P/CUMEM
MOC-R4PCC04U05:103412:104174 [0] NCCL INFO Channel 03/0 : 0[0] -> 1[1] via P2P/CUMEM
MOC-R4PCC04U05:103412:104174 [0] NCCL INFO Channel 01/0 : 0[0] -> 3[3] via P2P/CUMEM
MOC-R4PCC04U05:103412:104174 [0] NCCL INFO Channel 03/0 : 0[0] -> 3[3] via P2P/CUMEM
MOC-R4PCC04U05:103415:104173 [3] NCCL INFO Channel 02/0 : 3[3] -> 7[3] [send] via NET/IB/1
MOC-R4PCC04U05:103415:104173 [3] NCCL INFO Channel 03/0 : 3[3] -> 7[3] [send] via NET/IB/1
MOC-R4PCC04U05:103415:104173 [3] NCCL INFO Channel 00/0 : 11[3] -> 3[3] [receive] via NET/IB/1
MOC-R4PCC04U05:103415:104173 [3] NCCL INFO Channel 01/0 : 11[3] -> 3[3] [receive] via NET/IB/1
MOC-R4PCC04U05:103415:104173 [3] NCCL INFO Channel 00/0 : 3[3] -> 11[3] [send] via NET/IB/1
MOC-R4PCC04U05:103415:104173 [3] NCCL INFO Channel 01/0 : 3[3] -> 11[3] [send] via NET/IB/1
MOC-R4PCC04U05:103415:104173 [3] NCCL INFO Channel 02/0 : 7[3] -> 3[3] [receive] via NET/IB/1
MOC-R4PCC04U05:103415:104173 [3] NCCL INFO Channel 03/0 : 7[3] -> 3[3] [receive] via NET/IB/1
MOC-R4PCC04U05:103415:104173 [3] NCCL INFO Channel 00/0 : 3[3] -> 0[0] via P2P/CUMEM
MOC-R4PCC04U05:103415:104173 [3] NCCL INFO Channel 01/0 : 3[3] -> 0[0] via P2P/CUMEM
MOC-R4PCC04U05:103415:104173 [3] NCCL INFO Channel 02/0 : 3[3] -> 0[0] via P2P/CUMEM
MOC-R4PCC04U05:103415:104173 [3] NCCL INFO Channel 03/0 : 3[3] -> 0[0] via P2P/CUMEM
MOC-R4PCC04U05:103414:104175 [2] NCCL INFO Channel 01/0 : 2[2] -> 1[1] via P2P/CUMEM
MOC-R4PCC04U05:103414:104175 [2] NCCL INFO Channel 03/0 : 2[2] -> 1[1] via P2P/CUMEM
MOC-R4PCC04U05:103414:104175 [2] NCCL INFO Connected all trees
MOC-R4PCC04U05:103413:104172 [1] NCCL INFO Connected all trees
MOC-R4PCC04U05:103412:104174 [0] NCCL INFO Connected all trees
MOC-R4PCC04U05:103415:104173 [3] NCCL INFO Connected all trees
step    1/10 | train loss 11.010097 | norm 15.4736 | lr 1.00e-04 | (13754.28 ms | 76236 tok/s)
step    2/10 | train loss 10.132350 | norm 5.7712 | lr 1.00e-04 | (212.66 ms | 4930772 tok/s)
step    3/10 | train loss 9.790423 | norm 2.6207 | lr 1.00e-04 | (210.67 ms | 4977311 tok/s)
step    4/10 | train loss 9.620090 | norm 2.1209 | lr 1.00e-04 | (209.71 ms | 5000013 tok/s)
step    5/10 | train loss 9.536890 | norm 2.1163 | lr 1.00e-04 | (212.05 ms | 4944870 tok/s)
step    6/10 | train loss 9.455261 | norm 2.0053 | lr 1.00e-04 | (209.06 ms | 5015688 tok/s)
step    7/10 | train loss 9.369600 | norm 1.9544 | lr 1.00e-04 | (211.87 ms | 4949077 tok/s)
step    8/10 | train loss 9.277901 | norm 1.9223 | lr 1.00e-04 | (208.45 ms | 5030398 tok/s)
step    9/10 | train loss 9.182261 | norm 1.8716 | lr 1.00e-04 | (209.26 ms | 5010940 tok/s)
step   10/10 | train loss 9.094435 | norm 1.7971 | lr 1.00e-04 | (210.80 ms | 4974271 tok/s)
final 9 iters avg: 210.504ms
peak memory consumption: 16601 MiB
MOC-R4PCC04U05:103415:104180 [3] NCCL INFO comm 0x56007a4038d0 rank 3 nranks 16 cudaDev 3 busId c6000 - Destroy COMPLETE
MOC-R4PCC04U05:103413:104181 [1] NCCL INFO comm 0x559fba4b0e70 rank 1 nranks 16 cudaDev 1 busId 26000 - Destroy COMPLETE
MOC-R4PCC04U05:103412:104182 [0] NCCL INFO comm 0x559b6e899820 rank 0 nranks 16 cudaDev 0 busId 6000 - Destroy COMPLETE
MOC-R4PCC04U05:103414:104183 [2] NCCL INFO comm 0x555ebf752ac0 rank 2 nranks 16 cudaDev 2 busId a6000 - Destroy COMPLETE
