MOC-R4PCC04U05:360150:360193 [2] NCCL INFO TUNER/Plugin: Could not find: libnccl-tuner.so. Using internal tuner plugin.
MOC-R4PCC04U05:360150:360193 [2] NCCL INFO ncclCommInitRankConfig comm 0x5620a0991090 rank 2 nranks 16 cudaDev 2 nvmlDev 2 busId a6000 commId 0x69a8e77d970436a3 - Init COMPLETE
MOC-R4PCC04U05:360150:360193 [2] NCCL INFO Init timings - ncclCommInitRankConfig: rank 2 nranks 16 total 4.22 (kernels 1.39, alloc 0.56, bootstrap 0.05, allgathers 0.32, topo 0.96, graphs 0.11, connections 0.80, rest 0.02)
MOC-R4PCC04U05:360148:360190 [0] NCCL INFO TUNER/Plugin: Could not find: libnccl-tuner.so. Using internal tuner plugin.
MOC-R4PCC04U05:360148:360190 [0] NCCL INFO ncclCommInitRankConfig comm 0x56015481a5f0 rank 0 nranks 16 cudaDev 0 nvmlDev 0 busId 6000 commId 0x69a8e77d970436a3 - Init COMPLETE
MOC-R4PCC04U05:360148:360190 [0] NCCL INFO Init timings - ncclCommInitRankConfig: rank 0 nranks 16 total 5.14 (kernels 0.33, alloc 0.57, bootstrap 2.02, allgathers 0.28, topo 0.96, graphs 0.15, connections 0.81, rest 0.01)
MOC-R4PCC04U05:360149:360277 [1] NCCL INFO Channel 00/0 : 1[1] -> 3[3] via P2P/CUMEM
MOC-R4PCC04U05:360149:360203 [1] NCCL INFO New proxy send connection 0 from local rank 1, transport 0
MOC-R4PCC04U05:360149:360277 [1] NCCL INFO Connected to proxy localRank 1 -> connection 0x7f83b0004f30
MOC-R4PCC04U05:360151:360204 [3] NCCL INFO New proxy recv connection 0 from local rank 3, transport 0
MOC-R4PCC04U05:360151:360278 [3] NCCL INFO Connected to proxy localRank 3 -> connection 0x7f14f0004f30
MOC-R4PCC04U05:360149:360277 [1] NCCL INFO Channel 02/0 : 1[1] -> 3[3] via P2P/CUMEM
MOC-R4PCC04U05:360149:360203 [1] NCCL INFO New proxy send connection 1 from local rank 1, transport 0
MOC-R4PCC04U05:360149:360277 [1] NCCL INFO Connected to proxy localRank 1 -> connection 0x7f83b0004fa8
MOC-R4PCC04U05:360151:360204 [3] NCCL INFO New proxy recv connection 1 from local rank 3, transport 0
MOC-R4PCC04U05:360151:360278 [3] NCCL INFO Connected to proxy localRank 3 -> connection 0x7f14f0004fa8
MOC-R4PCC04U05:360149:360277 [1] NCCL INFO Channel 04/0 : 1[1] -> 3[3] via P2P/CUMEM
MOC-R4PCC04U05:360149:360203 [1] NCCL INFO New proxy send connection 2 from local rank 1, transport 0
MOC-R4PCC04U05:360149:360277 [1] NCCL INFO Connected to proxy localRank 1 -> connection 0x7f83b0005020
MOC-R4PCC04U05:360151:360204 [3] NCCL INFO New proxy recv connection 2 from local rank 3, transport 0
MOC-R4PCC04U05:360151:360278 [3] NCCL INFO Connected to proxy localRank 3 -> connection 0x7f14f0005020
MOC-R4PCC04U05:360149:360277 [1] NCCL INFO Channel 06/0 : 1[1] -> 3[3] via P2P/CUMEM
MOC-R4PCC04U05:360149:360203 [1] NCCL INFO New proxy send connection 3 from local rank 1, transport 0
MOC-R4PCC04U05:360148:360280 [0] NCCL INFO Channel 00/0 : 0[0] -> 2[2] via P2P/CUMEM
MOC-R4PCC04U05:360149:360277 [1] NCCL INFO Connected to proxy localRank 1 -> connection 0x7f83b0005098
MOC-R4PCC04U05:360151:360204 [3] NCCL INFO New proxy recv connection 3 from local rank 3, transport 0
MOC-R4PCC04U05:360148:360202 [0] NCCL INFO New proxy send connection 0 from local rank 0, transport 0
MOC-R4PCC04U05:360151:360278 [3] NCCL INFO Connected to proxy localRank 3 -> connection 0x7f14f0005098
MOC-R4PCC04U05:360148:360280 [0] NCCL INFO Connected to proxy localRank 0 -> connection 0x7f6850004f30
MOC-R4PCC04U05:360150:360206 [2] NCCL INFO New proxy recv connection 0 from local rank 2, transport 0
MOC-R4PCC04U05:360150:360279 [2] NCCL INFO Connected to proxy localRank 2 -> connection 0x7f77a8004f30
MOC-R4PCC04U05:360151:360204 [3] NCCL INFO New proxy recv connection 4 from local rank 3, transport 0
MOC-R4PCC04U05:360151:360278 [3] NCCL INFO Connected to proxy localRank 3 -> connection 0x7f14f0005110
MOC-R4PCC04U05:360150:360206 [2] NCCL INFO New proxy recv connection 1 from local rank 2, transport 0
MOC-R4PCC04U05:360148:360280 [0] NCCL INFO Channel 02/0 : 0[0] -> 2[2] via P2P/CUMEM
MOC-R4PCC04U05:360150:360279 [2] NCCL INFO Connected to proxy localRank 2 -> connection 0x7f77a8004fa8
MOC-R4PCC04U05:360148:360202 [0] NCCL INFO New proxy send connection 1 from local rank 0, transport 0
MOC-R4PCC04U05:360148:360280 [0] NCCL INFO Connected to proxy localRank 0 -> connection 0x7f6850004fa8
MOC-R4PCC04U05:360151:360204 [3] NCCL INFO New proxy recv connection 5 from local rank 3, transport 0
MOC-R4PCC04U05:360151:360278 [3] NCCL INFO Connected to proxy localRank 3 -> connection 0x7f14f0005188
MOC-R4PCC04U05:360148:360280 [0] NCCL INFO Channel 04/0 : 0[0] -> 2[2] via P2P/CUMEM
MOC-R4PCC04U05:360148:360202 [0] NCCL INFO New proxy send connection 2 from local rank 0, transport 0
MOC-R4PCC04U05:360148:360280 [0] NCCL INFO Connected to proxy localRank 0 -> connection 0x7f6850005020
MOC-R4PCC04U05:360150:360206 [2] NCCL INFO New proxy recv connection 2 from local rank 2, transport 0
MOC-R4PCC04U05:360151:360204 [3] NCCL INFO New proxy recv connection 6 from local rank 3, transport 0
MOC-R4PCC04U05:360150:360279 [2] NCCL INFO Connected to proxy localRank 2 -> connection 0x7f77a8005020
MOC-R4PCC04U05:360151:360278 [3] NCCL INFO Connected to proxy localRank 3 -> connection 0x7f14f0005200
MOC-R4PCC04U05:360148:360280 [0] NCCL INFO Channel 06/0 : 0[0] -> 2[2] via P2P/CUMEM
MOC-R4PCC04U05:360148:360202 [0] NCCL INFO New proxy send connection 3 from local rank 0, transport 0
MOC-R4PCC04U05:360148:360280 [0] NCCL INFO Connected to proxy localRank 0 -> connection 0x7f6850005098
MOC-R4PCC04U05:360151:360204 [3] NCCL INFO New proxy recv connection 7 from local rank 3, transport 0
MOC-R4PCC04U05:360151:360278 [3] NCCL INFO Connected to proxy localRank 3 -> connection 0x7f14f0005278
MOC-R4PCC04U05:360150:360206 [2] NCCL INFO New proxy recv connection 3 from local rank 2, transport 0
MOC-R4PCC04U05:360150:360279 [2] NCCL INFO Connected to proxy localRank 2 -> connection 0x7f77a8005098
MOC-R4PCC04U05:360148:360280 [0] NCCL INFO Channel 01/0 : 0[0] -> 3[3] via P2P/CUMEM
MOC-R4PCC04U05:360148:360202 [0] NCCL INFO New proxy send connection 4 from local rank 0, transport 0
MOC-R4PCC04U05:360148:360280 [0] NCCL INFO Connected to proxy localRank 0 -> connection 0x7f6850005110
MOC-R4PCC04U05:360148:360280 [0] NCCL INFO Channel 03/0 : 0[0] -> 3[3] via P2P/CUMEM
MOC-R4PCC04U05:360148:360202 [0] NCCL INFO New proxy send connection 5 from local rank 0, transport 0
MOC-R4PCC04U05:360148:360280 [0] NCCL INFO Connected to proxy localRank 0 -> connection 0x7f6850005188
MOC-R4PCC04U05:360148:360280 [0] NCCL INFO Channel 05/0 : 0[0] -> 3[3] via P2P/CUMEM
MOC-R4PCC04U05:360148:360202 [0] NCCL INFO New proxy send connection 6 from local rank 0, transport 0
MOC-R4PCC04U05:360148:360280 [0] NCCL INFO Connected to proxy localRank 0 -> connection 0x7f6850005200
MOC-R4PCC04U05:360148:360280 [0] NCCL INFO Channel 07/0 : 0[0] -> 3[3] via P2P/CUMEM
MOC-R4PCC04U05:360148:360202 [0] NCCL INFO New proxy send connection 7 from local rank 0, transport 0
MOC-R4PCC04U05:360148:360280 [0] NCCL INFO Connected to proxy localRank 0 -> connection 0x7f6850005278
MOC-R4PCC04U05:360151:360278 [3] NCCL INFO Channel 00/0 : 3[3] -> 0[0] via P2P/CUMEM
MOC-R4PCC04U05:360148:360202 [0] NCCL INFO New proxy recv connection 8 from local rank 0, transport 0
MOC-R4PCC04U05:360151:360204 [3] NCCL INFO New proxy send connection 8 from local rank 3, transport 0
MOC-R4PCC04U05:360148:360280 [0] NCCL INFO Connected to proxy localRank 0 -> connection 0x7f68500052f0
MOC-R4PCC04U05:360151:360278 [3] NCCL INFO Connected to proxy localRank 3 -> connection 0x7f14f00052f0
MOC-R4PCC04U05:360151:360278 [3] NCCL INFO Channel 02/0 : 3[3] -> 0[0] via P2P/CUMEM
MOC-R4PCC04U05:360151:360204 [3] NCCL INFO New proxy send connection 9 from local rank 3, transport 0
MOC-R4PCC04U05:360151:360278 [3] NCCL INFO Connected to proxy localRank 3 -> connection 0x7f14f0005368
MOC-R4PCC04U05:360148:360202 [0] NCCL INFO New proxy recv connection 9 from local rank 0, transport 0
MOC-R4PCC04U05:360148:360280 [0] NCCL INFO Connected to proxy localRank 0 -> connection 0x7f6850005368
MOC-R4PCC04U05:360151:360278 [3] NCCL INFO Channel 04/0 : 3[3] -> 0[0] via P2P/CUMEM
MOC-R4PCC04U05:360151:360204 [3] NCCL INFO New proxy send connection 10 from local rank 3, transport 0
MOC-R4PCC04U05:360151:360278 [3] NCCL INFO Connected to proxy localRank 3 -> connection 0x7f14f00053e0
MOC-R4PCC04U05:360148:360202 [0] NCCL INFO New proxy recv connection 10 from local rank 0, transport 0
MOC-R4PCC04U05:360148:360280 [0] NCCL INFO Connected to proxy localRank 0 -> connection 0x7f68500053e0
MOC-R4PCC04U05:360151:360278 [3] NCCL INFO Channel 06/0 : 3[3] -> 0[0] via P2P/CUMEM
MOC-R4PCC04U05:360151:360204 [3] NCCL INFO New proxy send connection 11 from local rank 3, transport 0
MOC-R4PCC04U05:360151:360278 [3] NCCL INFO Connected to proxy localRank 3 -> connection 0x7f14f0005458
MOC-R4PCC04U05:360148:360202 [0] NCCL INFO New proxy recv connection 11 from local rank 0, transport 0
MOC-R4PCC04U05:360148:360280 [0] NCCL INFO Connected to proxy localRank 0 -> connection 0x7f6850005458
MOC-R4PCC04U05:360151:360278 [3] NCCL INFO Channel 01/0 : 3[3] -> 1[1] via P2P/CUMEM
MOC-R4PCC04U05:360151:360204 [3] NCCL INFO New proxy send connection 12 from local rank 3, transport 0
MOC-R4PCC04U05:360148:360202 [0] NCCL INFO New proxy recv connection 12 from local rank 0, transport 0
MOC-R4PCC04U05:360151:360278 [3] NCCL INFO Connected to proxy localRank 3 -> connection 0x7f14f00054d0
MOC-R4PCC04U05:360148:360280 [0] NCCL INFO Connected to proxy localRank 0 -> connection 0x7f68500054d0
MOC-R4PCC04U05:360149:360203 [1] NCCL INFO New proxy recv connection 4 from local rank 1, transport 2
MOC-R4PCC04U05:360149:360277 [1] NCCL INFO Connected to proxy localRank 1 -> connection 0x7f83b0005110
MOC-R4PCC04U05:360149:360281 [1] NCCL INFO [Proxy Progress] Device 1 CPU core 276
MOC-R4PCC04U05:360151:360278 [3] NCCL INFO Channel 03/0 : 3[3] -> 1[1] via P2P/CUMEM
MOC-R4PCC04U05:360149:360203 [1] NCCL INFO NET/Socket: Using 16 threads and 4 sockets per thread
MOC-R4PCC04U05:360149:360277 [1] NCCL INFO Channel 00/0 : 13[1] -> 1[1] [receive] via NET/Socket/1
MOC-R4PCC04U05:360148:360202 [0] NCCL INFO New proxy recv connection 13 from local rank 0, transport 0
MOC-R4PCC04U05:360151:360204 [3] NCCL INFO New proxy send connection 13 from local rank 3, transport 0
MOC-R4PCC04U05:360148:360280 [0] NCCL INFO Connected to proxy localRank 0 -> connection 0x7f6850005548
MOC-R4PCC04U05:360151:360278 [3] NCCL INFO Connected to proxy localRank 3 -> connection 0x7f14f0005548
MOC-R4PCC04U05:360149:360203 [1] NCCL INFO New proxy recv connection 5 from local rank 1, transport 2
MOC-R4PCC04U05:360149:360277 [1] NCCL INFO Connected to proxy localRank 1 -> connection 0x7f83b0005188
MOC-R4PCC04U05:360149:360203 [1] NCCL INFO NET/Socket: Using 16 threads and 4 sockets per thread
MOC-R4PCC04U05:360149:360277 [1] NCCL INFO Channel 02/0 : 13[1] -> 1[1] [receive] via NET/Socket/1
MOC-R4PCC04U05:360149:360203 [1] NCCL INFO New proxy recv connection 6 from local rank 1, transport 2
MOC-R4PCC04U05:360149:360277 [1] NCCL INFO Connected to proxy localRank 1 -> connection 0x7f83b0005200
MOC-R4PCC04U05:360148:360202 [0] NCCL INFO New proxy recv connection 14 from local rank 0, transport 0
MOC-R4PCC04U05:360148:360280 [0] NCCL INFO Connected to proxy localRank 0 -> connection 0x7f68500055c0
MOC-R4PCC04U05:360149:360203 [1] NCCL INFO NET/Socket: Using 16 threads and 4 sockets per thread
MOC-R4PCC04U05:360149:360277 [1] NCCL INFO Channel 04/0 : 13[1] -> 1[1] [receive] via NET/Socket/1
MOC-R4PCC04U05:360149:360203 [1] NCCL INFO New proxy recv connection 7 from local rank 1, transport 2
MOC-R4PCC04U05:360149:360277 [1] NCCL INFO Connected to proxy localRank 1 -> connection 0x7f83b0005278
MOC-R4PCC04U05:360151:360278 [3] NCCL INFO Channel 05/0 : 3[3] -> 1[1] via P2P/CUMEM
MOC-R4PCC04U05:360151:360204 [3] NCCL INFO New proxy send connection 14 from local rank 3, transport 0
MOC-R4PCC04U05:360151:360278 [3] NCCL INFO Connected to proxy localRank 3 -> connection 0x7f14f00055c0
MOC-R4PCC04U05:360149:360203 [1] NCCL INFO NET/Socket: Using 16 threads and 4 sockets per thread
MOC-R4PCC04U05:360149:360277 [1] NCCL INFO Channel 06/0 : 13[1] -> 1[1] [receive] via NET/Socket/1
MOC-R4PCC04U05:360149:360203 [1] NCCL INFO New proxy send connection 8 from local rank 1, transport 2
MOC-R4PCC04U05:360149:360277 [1] NCCL INFO Connected to proxy localRank 1 -> connection 0x7f83b00052f0
MOC-R4PCC04U05:360148:360202 [0] NCCL INFO New proxy recv connection 15 from local rank 0, transport 0
MOC-R4PCC04U05:360151:360278 [3] NCCL INFO Channel 07/0 : 3[3] -> 1[1] via P2P/CUMEM
MOC-R4PCC04U05:360148:360280 [0] NCCL INFO Connected to proxy localRank 0 -> connection 0x7f6850005638
MOC-R4PCC04U05:360151:360204 [3] NCCL INFO New proxy send connection 15 from local rank 3, transport 0
MOC-R4PCC04U05:360151:360278 [3] NCCL INFO Connected to proxy localRank 3 -> connection 0x7f14f0005638
MOC-R4PCC04U05:360149:360277 [1] NCCL INFO Channel 01/0 : 1[1] -> 5[1] [send] via NET/Socket/1
MOC-R4PCC04U05:360149:360203 [1] NCCL INFO New proxy send connection 9 from local rank 1, transport 2
MOC-R4PCC04U05:360149:360277 [1] NCCL INFO Connected to proxy localRank 1 -> connection 0x7f83b0005368
MOC-R4PCC04U05:360149:360277 [1] NCCL INFO Channel 03/0 : 1[1] -> 5[1] [send] via NET/Socket/1
MOC-R4PCC04U05:360149:360203 [1] NCCL INFO New proxy send connection 10 from local rank 1, transport 2
MOC-R4PCC04U05:360149:360277 [1] NCCL INFO Connected to proxy localRank 1 -> connection 0x7f83b00053e0
MOC-R4PCC04U05:360149:360277 [1] NCCL INFO Channel 05/0 : 1[1] -> 5[1] [send] via NET/Socket/1
MOC-R4PCC04U05:360149:360203 [1] NCCL INFO New proxy send connection 11 from local rank 1, transport 2
MOC-R4PCC04U05:360149:360277 [1] NCCL INFO Connected to proxy localRank 1 -> connection 0x7f83b0005458
MOC-R4PCC04U05:360149:360277 [1] NCCL INFO Channel 07/0 : 1[1] -> 5[1] [send] via NET/Socket/1
MOC-R4PCC04U05:360149:360203 [1] NCCL INFO New proxy recv connection 12 from local rank 1, transport 0
MOC-R4PCC04U05:360149:360277 [1] NCCL INFO Connected to proxy localRank 1 -> connection 0x7f83b00054d0
MOC-R4PCC04U05:360149:360203 [1] NCCL INFO New proxy recv connection 13 from local rank 1, transport 0
MOC-R4PCC04U05:360149:360277 [1] NCCL INFO Connected to proxy localRank 1 -> connection 0x7f83b0005548
MOC-R4PCC04U05:360149:360203 [1] NCCL INFO New proxy recv connection 14 from local rank 1, transport 0
MOC-R4PCC04U05:360149:360277 [1] NCCL INFO Connected to proxy localRank 1 -> connection 0x7f83b00055c0
MOC-R4PCC04U05:360149:360203 [1] NCCL INFO New proxy recv connection 15 from local rank 1, transport 0
MOC-R4PCC04U05:360149:360277 [1] NCCL INFO Connected to proxy localRank 1 -> connection 0x7f83b0005638
MOC-R4PCC04U05:360149:360203 [1] NCCL INFO New proxy send connection 16 from local rank 3, transport 0
MOC-R4PCC04U05:360151:360204 [3] NCCL INFO New proxy send connection 16 from local rank 1, transport 0
MOC-R4PCC04U05:360151:360278 [3] NCCL INFO Connected to proxy localRank 1 -> connection 0x7f83b00056b0
MOC-R4PCC04U05:360149:360277 [1] NCCL INFO Connected to proxy localRank 3 -> connection 0x7f14f00056b0
MOC-R4PCC04U05:360150:360206 [2] NCCL INFO New proxy recv connection 4 from local rank 2, transport 2
MOC-R4PCC04U05:360150:360279 [2] NCCL INFO Connected to proxy localRank 2 -> connection 0x7f77a8005110
MOC-R4PCC04U05:360150:360282 [2] NCCL INFO [Proxy Progress] Device 2 CPU core 169
MOC-R4PCC04U05:360150:360206 [2] NCCL INFO NET/Socket: Using 16 threads and 4 sockets per thread
MOC-R4PCC04U05:360150:360279 [2] NCCL INFO Channel 01/0 : 14[2] -> 2[2] [receive] via NET/Socket/2
MOC-R4PCC04U05:360150:360206 [2] NCCL INFO New proxy recv connection 5 from local rank 2, transport 2
MOC-R4PCC04U05:360150:360279 [2] NCCL INFO Connected to proxy localRank 2 -> connection 0x7f77a8005188
MOC-R4PCC04U05:360150:360206 [2] NCCL INFO NET/Socket: Using 16 threads and 4 sockets per thread
MOC-R4PCC04U05:360150:360279 [2] NCCL INFO Channel 03/0 : 14[2] -> 2[2] [receive] via NET/Socket/2
MOC-R4PCC04U05:360150:360206 [2] NCCL INFO New proxy recv connection 6 from local rank 2, transport 2
MOC-R4PCC04U05:360150:360279 [2] NCCL INFO Connected to proxy localRank 2 -> connection 0x7f77a8005200
MOC-R4PCC04U05:360150:360206 [2] NCCL INFO NET/Socket: Using 16 threads and 4 sockets per thread
MOC-R4PCC04U05:360150:360279 [2] NCCL INFO Channel 05/0 : 14[2] -> 2[2] [receive] via NET/Socket/2
MOC-R4PCC04U05:360150:360206 [2] NCCL INFO New proxy recv connection 7 from local rank 2, transport 2
MOC-R4PCC04U05:360150:360279 [2] NCCL INFO Connected to proxy localRank 2 -> connection 0x7f77a8005278
MOC-R4PCC04U05:360150:360206 [2] NCCL INFO NET/Socket: Using 16 threads and 4 sockets per thread
MOC-R4PCC04U05:360150:360279 [2] NCCL INFO Channel 07/0 : 14[2] -> 2[2] [receive] via NET/Socket/2
MOC-R4PCC04U05:360150:360206 [2] NCCL INFO New proxy send connection 8 from local rank 2, transport 2
MOC-R4PCC04U05:360150:360279 [2] NCCL INFO Connected to proxy localRank 2 -> connection 0x7f77a80052f0
MOC-R4PCC04U05:360150:360279 [2] NCCL INFO Channel 00/0 : 2[2] -> 6[2] [send] via NET/Socket/2
MOC-R4PCC04U05:360150:360206 [2] NCCL INFO New proxy send connection 9 from local rank 2, transport 2
MOC-R4PCC04U05:360150:360279 [2] NCCL INFO Connected to proxy localRank 2 -> connection 0x7f77a8005368
MOC-R4PCC04U05:360150:360279 [2] NCCL INFO Channel 02/0 : 2[2] -> 6[2] [send] via NET/Socket/2
MOC-R4PCC04U05:360150:360206 [2] NCCL INFO New proxy send connection 10 from local rank 2, transport 2
MOC-R4PCC04U05:360150:360279 [2] NCCL INFO Connected to proxy localRank 2 -> connection 0x7f77a80053e0
MOC-R4PCC04U05:360150:360279 [2] NCCL INFO Channel 04/0 : 2[2] -> 6[2] [send] via NET/Socket/2
MOC-R4PCC04U05:360150:360206 [2] NCCL INFO New proxy send connection 11 from local rank 2, transport 2
MOC-R4PCC04U05:360150:360279 [2] NCCL INFO Connected to proxy localRank 2 -> connection 0x7f77a8005458
MOC-R4PCC04U05:360150:360279 [2] NCCL INFO Channel 06/0 : 2[2] -> 6[2] [send] via NET/Socket/2
MOC-R4PCC04U05:360150:360279 [2] NCCL INFO Channel 01/0 : 2[2] -> 0[0] via P2P/CUMEM
MOC-R4PCC04U05:360150:360206 [2] NCCL INFO New proxy send connection 12 from local rank 2, transport 0
MOC-R4PCC04U05:360150:360279 [2] NCCL INFO Connected to proxy localRank 2 -> connection 0x7f77a80054d0
MOC-R4PCC04U05:360150:360279 [2] NCCL INFO Channel 03/0 : 2[2] -> 0[0] via P2P/CUMEM
MOC-R4PCC04U05:360150:360206 [2] NCCL INFO New proxy send connection 13 from local rank 2, transport 0
MOC-R4PCC04U05:360150:360279 [2] NCCL INFO Connected to proxy localRank 2 -> connection 0x7f77a8005548
MOC-R4PCC04U05:360150:360279 [2] NCCL INFO Channel 05/0 : 2[2] -> 0[0] via P2P/CUMEM
MOC-R4PCC04U05:360150:360206 [2] NCCL INFO New proxy send connection 14 from local rank 2, transport 0
MOC-R4PCC04U05:360150:360279 [2] NCCL INFO Connected to proxy localRank 2 -> connection 0x7f77a80055c0
MOC-R4PCC04U05:360150:360279 [2] NCCL INFO Channel 07/0 : 2[2] -> 0[0] via P2P/CUMEM
MOC-R4PCC04U05:360150:360206 [2] NCCL INFO New proxy send connection 15 from local rank 2, transport 0
MOC-R4PCC04U05:360150:360279 [2] NCCL INFO Connected to proxy localRank 2 -> connection 0x7f77a8005638
MOC-R4PCC04U05:360150:360206 [2] NCCL INFO New proxy send connection 16 from local rank 0, transport 0
MOC-R4PCC04U05:360148:360202 [0] NCCL INFO New proxy send connection 16 from local rank 2, transport 0
MOC-R4PCC04U05:360148:360280 [0] NCCL INFO Connected to proxy localRank 2 -> connection 0x7f77a80056b0
MOC-R4PCC04U05:360150:360279 [2] NCCL INFO Connected to proxy localRank 0 -> connection 0x7f68500056b0
MOC-R4PCC04U05:360148:360202 [0] NCCL INFO New proxy send connection 17 from local rank 3, transport 0
MOC-R4PCC04U05:360151:360278 [3] NCCL INFO Connected to proxy localRank 0 -> connection 0x7f6850005728
MOC-R4PCC04U05:360151:360204 [3] NCCL INFO New proxy send connection 17 from local rank 0, transport 0
MOC-R4PCC04U05:360148:360280 [0] NCCL INFO Connected to proxy localRank 3 -> connection 0x7f14f0005728
MOC-R4PCC04U05:360148:360280 [0] NCCL INFO Connected all rings, use ring PXN 0 GDR 0
MOC-R4PCC04U05:360149:360277 [1] NCCL INFO Connected all rings, use ring PXN 0 GDR 0
MOC-R4PCC04U05:360151:360278 [3] NCCL INFO Connected all rings, use ring PXN 0 GDR 0
MOC-R4PCC04U05:360150:360279 [2] NCCL INFO Connected all rings, use ring PXN 0 GDR 0
num decayed parameter tensors: 50, with 124,318,464 parameters
num non-decayed parameter tensors: 98, with 121,344 parameters
using fused AdamW: False
using regular AdamW
MOC-R4PCC04U05:360151:360204 [3] NCCL INFO New proxy recv connection 18 from local rank 3, transport 0
MOC-R4PCC04U05:360151:361170 [3] NCCL INFO Connected to proxy localRank 3 -> connection 0x7f14f00057a0
MOC-R4PCC04U05:360151:360204 [3] NCCL INFO New proxy recv connection 19 from local rank 3, transport 0
MOC-R4PCC04U05:360151:361170 [3] NCCL INFO Connected to proxy localRank 3 -> connection 0x7f14f0005818
MOC-R4PCC04U05:360151:360204 [3] NCCL INFO New proxy recv connection 20 from local rank 3, transport 0
MOC-R4PCC04U05:360151:361170 [3] NCCL INFO Connected to proxy localRank 3 -> connection 0x7f14f0005890
MOC-R4PCC04U05:360151:360204 [3] NCCL INFO New proxy recv connection 21 from local rank 3, transport 0
MOC-R4PCC04U05:360151:361170 [3] NCCL INFO Connected to proxy localRank 3 -> connection 0x7f14f0005908
MOC-R4PCC04U05:360148:361171 [0] NCCL INFO Channel 00/0 : 0[0] -> 1[1] via P2P/CUMEM
MOC-R4PCC04U05:360148:360202 [0] NCCL INFO New proxy send connection 18 from local rank 0, transport 0
MOC-R4PCC04U05:360148:361171 [0] NCCL INFO Connected to proxy localRank 0 -> connection 0x7f68500057a0
MOC-R4PCC04U05:360151:360204 [3] NCCL INFO New proxy recv connection 22 from local rank 3, transport 0
MOC-R4PCC04U05:360151:361170 [3] NCCL INFO Connected to proxy localRank 3 -> connection 0x7f14f0005980
MOC-R4PCC04U05:360151:360204 [3] NCCL INFO New proxy recv connection 23 from local rank 3, transport 0
MOC-R4PCC04U05:360151:361170 [3] NCCL INFO Connected to proxy localRank 3 -> connection 0x7f14f00059f8
MOC-R4PCC04U05:360148:361171 [0] NCCL INFO Channel 01/0 : 0[0] -> 1[1] via P2P/CUMEM
MOC-R4PCC04U05:360148:360202 [0] NCCL INFO New proxy send connection 19 from local rank 0, transport 0
MOC-R4PCC04U05:360148:361171 [0] NCCL INFO Connected to proxy localRank 0 -> connection 0x7f6850005818
MOC-R4PCC04U05:360151:360204 [3] NCCL INFO New proxy recv connection 24 from local rank 3, transport 0
MOC-R4PCC04U05:360151:361170 [3] NCCL INFO Connected to proxy localRank 3 -> connection 0x7f14f0005a70
MOC-R4PCC04U05:360148:361171 [0] NCCL INFO Channel 02/0 : 0[0] -> 1[1] via P2P/CUMEM
MOC-R4PCC04U05:360148:360202 [0] NCCL INFO New proxy send connection 20 from local rank 0, transport 0
MOC-R4PCC04U05:360148:361171 [0] NCCL INFO Connected to proxy localRank 0 -> connection 0x7f6850005890
MOC-R4PCC04U05:360151:360204 [3] NCCL INFO New proxy recv connection 25 from local rank 3, transport 0
MOC-R4PCC04U05:360151:361170 [3] NCCL INFO Connected to proxy localRank 3 -> connection 0x7f14f0005ae8
MOC-R4PCC04U05:360148:361171 [0] NCCL INFO Channel 03/0 : 0[0] -> 1[1] via P2P/CUMEM
MOC-R4PCC04U05:360148:360202 [0] NCCL INFO New proxy send connection 21 from local rank 0, transport 0
MOC-R4PCC04U05:360148:361171 [0] NCCL INFO Connected to proxy localRank 0 -> connection 0x7f6850005908
MOC-R4PCC04U05:360148:361171 [0] NCCL INFO Channel 04/0 : 0[0] -> 1[1] via P2P/CUMEM
MOC-R4PCC04U05:360148:360202 [0] NCCL INFO New proxy send connection 22 from local rank 0, transport 0
MOC-R4PCC04U05:360148:361171 [0] NCCL INFO Connected to proxy localRank 0 -> connection 0x7f6850005980
MOC-R4PCC04U05:360149:360203 [1] NCCL INFO New proxy recv connection 17 from local rank 1, transport 0
MOC-R4PCC04U05:360149:361172 [1] NCCL INFO Connected to proxy localRank 1 -> connection 0x7f83b0005728
MOC-R4PCC04U05:360148:361171 [0] NCCL INFO Channel 05/0 : 0[0] -> 1[1] via P2P/CUMEM
MOC-R4PCC04U05:360148:360202 [0] NCCL INFO New proxy send connection 23 from local rank 0, transport 0
MOC-R4PCC04U05:360148:361171 [0] NCCL INFO Connected to proxy localRank 0 -> connection 0x7f68500059f8
MOC-R4PCC04U05:360149:360203 [1] NCCL INFO New proxy recv connection 18 from local rank 1, transport 0
MOC-R4PCC04U05:360149:361172 [1] NCCL INFO Connected to proxy localRank 1 -> connection 0x7f83b00057a0
MOC-R4PCC04U05:360148:361171 [0] NCCL INFO Channel 06/0 : 0[0] -> 1[1] via P2P/CUMEM
MOC-R4PCC04U05:360148:360202 [0] NCCL INFO New proxy send connection 24 from local rank 0, transport 0
MOC-R4PCC04U05:360148:361171 [0] NCCL INFO Connected to proxy localRank 0 -> connection 0x7f6850005a70
MOC-R4PCC04U05:360149:360203 [1] NCCL INFO New proxy recv connection 19 from local rank 1, transport 0
MOC-R4PCC04U05:360149:361172 [1] NCCL INFO Connected to proxy localRank 1 -> connection 0x7f83b0005818
MOC-R4PCC04U05:360148:361171 [0] NCCL INFO Channel 07/0 : 0[0] -> 1[1] via P2P/CUMEM
MOC-R4PCC04U05:360148:360202 [0] NCCL INFO New proxy send connection 25 from local rank 0, transport 0
MOC-R4PCC04U05:360148:361171 [0] NCCL INFO Connected to proxy localRank 0 -> connection 0x7f6850005ae8
MOC-R4PCC04U05:360149:360203 [1] NCCL INFO New proxy recv connection 20 from local rank 1, transport 0
MOC-R4PCC04U05:360149:361172 [1] NCCL INFO Connected to proxy localRank 1 -> connection 0x7f83b0005890
MOC-R4PCC04U05:360149:360203 [1] NCCL INFO New proxy recv connection 21 from local rank 1, transport 0
MOC-R4PCC04U05:360149:361172 [1] NCCL INFO Connected to proxy localRank 1 -> connection 0x7f83b0005908
MOC-R4PCC04U05:360149:360203 [1] NCCL INFO New proxy recv connection 22 from local rank 1, transport 0
MOC-R4PCC04U05:360149:361172 [1] NCCL INFO Connected to proxy localRank 1 -> connection 0x7f83b0005980
MOC-R4PCC04U05:360149:360203 [1] NCCL INFO New proxy recv connection 23 from local rank 1, transport 0
MOC-R4PCC04U05:360149:361172 [1] NCCL INFO Connected to proxy localRank 1 -> connection 0x7f83b00059f8
MOC-R4PCC04U05:360149:360203 [1] NCCL INFO New proxy recv connection 24 from local rank 1, transport 0
MOC-R4PCC04U05:360149:361172 [1] NCCL INFO Connected to proxy localRank 1 -> connection 0x7f83b0005a70
MOC-R4PCC04U05:360149:361172 [1] NCCL INFO Channel 00/0 : 1[1] -> 2[2] via P2P/CUMEM
MOC-R4PCC04U05:360149:360203 [1] NCCL INFO New proxy send connection 25 from local rank 1, transport 0
MOC-R4PCC04U05:360149:361172 [1] NCCL INFO Connected to proxy localRank 1 -> connection 0x7f83b0005ae8
MOC-R4PCC04U05:360149:361172 [1] NCCL INFO Channel 03/0 : 1[1] -> 2[2] via P2P/CUMEM
MOC-R4PCC04U05:360149:360203 [1] NCCL INFO New proxy send connection 26 from local rank 1, transport 0
MOC-R4PCC04U05:360149:361172 [1] NCCL INFO Connected to proxy localRank 1 -> connection 0x7f83b0005b60
MOC-R4PCC04U05:360149:361172 [1] NCCL INFO Channel 04/0 : 1[1] -> 2[2] via P2P/CUMEM
MOC-R4PCC04U05:360149:360203 [1] NCCL INFO New proxy send connection 27 from local rank 1, transport 0
MOC-R4PCC04U05:360149:361172 [1] NCCL INFO Connected to proxy localRank 1 -> connection 0x7f83b0005bd8
MOC-R4PCC04U05:360149:361172 [1] NCCL INFO Channel 07/0 : 1[1] -> 2[2] via P2P/CUMEM
MOC-R4PCC04U05:360149:360203 [1] NCCL INFO New proxy send connection 28 from local rank 1, transport 0
MOC-R4PCC04U05:360149:361172 [1] NCCL INFO Connected to proxy localRank 1 -> connection 0x7f83b0005c50
MOC-R4PCC04U05:360148:361171 [0] NCCL INFO Channel 02/0 : 0[0] -> 3[3] via P2P/CUMEM
MOC-R4PCC04U05:360148:360202 [0] NCCL INFO New proxy send connection 26 from local rank 0, transport 0
MOC-R4PCC04U05:360148:361171 [0] NCCL INFO Connected to proxy localRank 0 -> connection 0x7f6850005b60
MOC-R4PCC04U05:360148:361171 [0] NCCL INFO Channel 06/0 : 0[0] -> 3[3] via P2P/CUMEM
MOC-R4PCC04U05:360148:360202 [0] NCCL INFO New proxy send connection 27 from local rank 0, transport 0
MOC-R4PCC04U05:360148:361171 [0] NCCL INFO Connected to proxy localRank 0 -> connection 0x7f6850005bd8
MOC-R4PCC04U05:360150:360206 [2] NCCL INFO New proxy recv connection 17 from local rank 2, transport 0
MOC-R4PCC04U05:360150:361173 [2] NCCL INFO Connected to proxy localRank 2 -> connection 0x7f77a8005728
MOC-R4PCC04U05:360150:360206 [2] NCCL INFO New proxy recv connection 18 from local rank 2, transport 0
MOC-R4PCC04U05:360150:361173 [2] NCCL INFO Connected to proxy localRank 2 -> connection 0x7f77a80057a0
MOC-R4PCC04U05:360150:360206 [2] NCCL INFO New proxy recv connection 19 from local rank 2, transport 0
MOC-R4PCC04U05:360150:361173 [2] NCCL INFO Connected to proxy localRank 2 -> connection 0x7f77a8005818
MOC-R4PCC04U05:360150:360206 [2] NCCL INFO New proxy recv connection 20 from local rank 2, transport 0
MOC-R4PCC04U05:360150:361173 [2] NCCL INFO Connected to proxy localRank 2 -> connection 0x7f77a8005890
MOC-R4PCC04U05:360150:361173 [2] NCCL INFO Channel 00/0 : 2[2] -> 3[3] via P2P/CUMEM
MOC-R4PCC04U05:360150:360206 [2] NCCL INFO New proxy send connection 21 from local rank 2, transport 0
MOC-R4PCC04U05:360150:361173 [2] NCCL INFO Connected to proxy localRank 2 -> connection 0x7f77a8005908
MOC-R4PCC04U05:360150:361173 [2] NCCL INFO Channel 01/0 : 2[2] -> 3[3] via P2P/CUMEM
MOC-R4PCC04U05:360150:360206 [2] NCCL INFO New proxy send connection 22 from local rank 2, transport 0
MOC-R4PCC04U05:360150:361173 [2] NCCL INFO Connected to proxy localRank 2 -> connection 0x7f77a8005980
MOC-R4PCC04U05:360150:361173 [2] NCCL INFO Channel 02/0 : 2[2] -> 3[3] via P2P/CUMEM
MOC-R4PCC04U05:360150:360206 [2] NCCL INFO New proxy send connection 23 from local rank 2, transport 0
MOC-R4PCC04U05:360150:361173 [2] NCCL INFO Connected to proxy localRank 2 -> connection 0x7f77a80059f8
MOC-R4PCC04U05:360150:361173 [2] NCCL INFO Channel 03/0 : 2[2] -> 3[3] via P2P/CUMEM
MOC-R4PCC04U05:360150:360206 [2] NCCL INFO New proxy send connection 24 from local rank 2, transport 0
MOC-R4PCC04U05:360150:361173 [2] NCCL INFO Connected to proxy localRank 2 -> connection 0x7f77a8005a70
MOC-R4PCC04U05:360150:361173 [2] NCCL INFO Channel 04/0 : 2[2] -> 3[3] via P2P/CUMEM
MOC-R4PCC04U05:360150:360206 [2] NCCL INFO New proxy send connection 25 from local rank 2, transport 0
MOC-R4PCC04U05:360150:361173 [2] NCCL INFO Connected to proxy localRank 2 -> connection 0x7f77a8005ae8
MOC-R4PCC04U05:360150:361173 [2] NCCL INFO Channel 05/0 : 2[2] -> 3[3] via P2P/CUMEM
MOC-R4PCC04U05:360150:360206 [2] NCCL INFO New proxy send connection 26 from local rank 2, transport 0
MOC-R4PCC04U05:360150:361173 [2] NCCL INFO Connected to proxy localRank 2 -> connection 0x7f77a8005b60
MOC-R4PCC04U05:360150:361173 [2] NCCL INFO Channel 06/0 : 2[2] -> 3[3] via P2P/CUMEM
MOC-R4PCC04U05:360150:360206 [2] NCCL INFO New proxy send connection 27 from local rank 2, transport 0
MOC-R4PCC04U05:360150:361173 [2] NCCL INFO Connected to proxy localRank 2 -> connection 0x7f77a8005bd8
MOC-R4PCC04U05:360150:361173 [2] NCCL INFO Channel 07/0 : 2[2] -> 3[3] via P2P/CUMEM
MOC-R4PCC04U05:360150:360206 [2] NCCL INFO New proxy send connection 28 from local rank 2, transport 0
MOC-R4PCC04U05:360150:361173 [2] NCCL INFO Connected to proxy localRank 2 -> connection 0x7f77a8005c50
MOC-R4PCC04U05:360149:360203 [1] NCCL INFO New proxy recv connection 29 from local rank 1, transport 2
MOC-R4PCC04U05:360149:361172 [1] NCCL INFO Connected to proxy localRank 1 -> connection 0x7f83b0005cc8
MOC-R4PCC04U05:360150:360206 [2] NCCL INFO New proxy recv connection 29 from local rank 2, transport 2
MOC-R4PCC04U05:360150:361173 [2] NCCL INFO Connected to proxy localRank 2 -> connection 0x7f77a8005cc8
MOC-R4PCC04U05:360151:360204 [3] NCCL INFO New proxy recv connection 26 from local rank 3, transport 0
MOC-R4PCC04U05:360151:361170 [3] NCCL INFO Connected to proxy localRank 3 -> connection 0x7f14f0005b60
MOC-R4PCC04U05:360149:360203 [1] NCCL INFO NET/Socket: Using 16 threads and 4 sockets per thread
MOC-R4PCC04U05:360149:361172 [1] NCCL INFO Channel 01/0 : 9[1] -> 1[1] [receive] via NET/Socket/0
MOC-R4PCC04U05:360149:360203 [1] NCCL INFO New proxy send connection 30 from local rank 1, transport 2
MOC-R4PCC04U05:360149:361172 [1] NCCL INFO Connected to proxy localRank 1 -> connection 0x7f83b0005d40
MOC-R4PCC04U05:360151:360204 [3] NCCL INFO New proxy recv connection 27 from local rank 3, transport 0
MOC-R4PCC04U05:360151:361170 [3] NCCL INFO Connected to proxy localRank 3 -> connection 0x7f14f0005bd8
MOC-R4PCC04U05:360150:360206 [2] NCCL INFO NET/Socket: Using 16 threads and 4 sockets per thread
MOC-R4PCC04U05:360150:361173 [2] NCCL INFO Channel 02/0 : 10[2] -> 2[2] [receive] via NET/Socket/3
MOC-R4PCC04U05:360150:360206 [2] NCCL INFO New proxy send connection 30 from local rank 2, transport 2
MOC-R4PCC04U05:360150:361173 [2] NCCL INFO Connected to proxy localRank 2 -> connection 0x7f77a8005d40
MOC-R4PCC04U05:360149:361172 [1] NCCL INFO Channel 01/0 : 1[1] -> 9[1] [send] via NET/Socket/0
MOC-R4PCC04U05:360150:361173 [2] NCCL INFO Channel 02/0 : 2[2] -> 10[2] [send] via NET/Socket/3
MOC-R4PCC04U05:360150:360206 [2] NCCL INFO New proxy recv connection 31 from local rank 2, transport 2
MOC-R4PCC04U05:360150:361173 [2] NCCL INFO Connected to proxy localRank 2 -> connection 0x7f77a8005db8
MOC-R4PCC04U05:360150:360206 [2] NCCL INFO NET/Socket: Using 16 threads and 4 sockets per thread
MOC-R4PCC04U05:360150:361173 [2] NCCL INFO Channel 06/0 : 6[2] -> 2[2] [receive] via NET/Socket/3
MOC-R4PCC04U05:360151:360204 [3] NCCL INFO New proxy send connection 28 from local rank 3, transport 2
MOC-R4PCC04U05:360151:361170 [3] NCCL INFO Connected to proxy localRank 3 -> connection 0x7f14f0005c50
MOC-R4PCC04U05:360151:361175 [3] NCCL INFO [Proxy Progress] Device 3 CPU core 155
MOC-R4PCC04U05:360151:361170 [3] NCCL INFO Channel 07/0 : 3[3] -> 7[3] [send] via NET/Socket/2
MOC-R4PCC04U05:360151:360204 [3] NCCL INFO New proxy recv connection 29 from local rank 3, transport 2
MOC-R4PCC04U05:360151:361170 [3] NCCL INFO Connected to proxy localRank 3 -> connection 0x7f14f0005cc8
MOC-R4PCC04U05:360148:360202 [0] NCCL INFO New proxy send connection 28 from local rank 0, transport 2
MOC-R4PCC04U05:360148:361171 [0] NCCL INFO Connected to proxy localRank 0 -> connection 0x7f6850005c50
MOC-R4PCC04U05:360148:361176 [0] NCCL INFO [Proxy Progress] Device 0 CPU core 361
MOC-R4PCC04U05:360151:360204 [3] NCCL INFO NET/Socket: Using 16 threads and 4 sockets per thread
MOC-R4PCC04U05:360151:361170 [3] NCCL INFO Channel 03/0 : 11[3] -> 3[3] [receive] via NET/Socket/2
MOC-R4PCC04U05:360151:360204 [3] NCCL INFO New proxy send connection 30 from local rank 3, transport 2
MOC-R4PCC04U05:360151:361170 [3] NCCL INFO Connected to proxy localRank 3 -> connection 0x7f14f0005d40
MOC-R4PCC04U05:360148:361171 [0] NCCL INFO Channel 04/0 : 0[0] -> 4[0] [send] via NET/Socket/1
MOC-R4PCC04U05:360148:360202 [0] NCCL INFO New proxy recv connection 29 from local rank 0, transport 2
MOC-R4PCC04U05:360151:361170 [3] NCCL INFO Channel 03/0 : 3[3] -> 11[3] [send] via NET/Socket/2
MOC-R4PCC04U05:360148:361171 [0] NCCL INFO Connected to proxy localRank 0 -> connection 0x7f6850005cc8
MOC-R4PCC04U05:360151:360204 [3] NCCL INFO New proxy recv connection 31 from local rank 3, transport 2
MOC-R4PCC04U05:360151:361170 [3] NCCL INFO Connected to proxy localRank 3 -> connection 0x7f14f0005db8
MOC-R4PCC04U05:360148:360202 [0] NCCL INFO NET/Socket: Using 16 threads and 4 sockets per thread
MOC-R4PCC04U05:360148:361171 [0] NCCL INFO Channel 00/0 : 8[0] -> 0[0] [receive] via NET/Socket/1
MOC-R4PCC04U05:360148:360202 [0] NCCL INFO New proxy send connection 30 from local rank 0, transport 2
MOC-R4PCC04U05:360148:361171 [0] NCCL INFO Connected to proxy localRank 0 -> connection 0x7f6850005d40
MOC-R4PCC04U05:360151:360204 [3] NCCL INFO NET/Socket: Using 16 threads and 4 sockets per thread
MOC-R4PCC04U05:360151:361170 [3] NCCL INFO Channel 07/0 : 7[3] -> 3[3] [receive] via NET/Socket/2
MOC-R4PCC04U05:360151:361170 [3] NCCL INFO Channel 01/0 : 3[3] -> 0[0] via P2P/CUMEM
MOC-R4PCC04U05:360151:360204 [3] NCCL INFO New proxy send connection 32 from local rank 3, transport 0
MOC-R4PCC04U05:360151:361170 [3] NCCL INFO Connected to proxy localRank 3 -> connection 0x7f14f0005e30
MOC-R4PCC04U05:360148:361171 [0] NCCL INFO Channel 00/0 : 0[0] -> 8[0] [send] via NET/Socket/1
MOC-R4PCC04U05:360148:360202 [0] NCCL INFO New proxy recv connection 31 from local rank 0, transport 2
MOC-R4PCC04U05:360151:361170 [3] NCCL INFO Channel 05/0 : 3[3] -> 0[0] via P2P/CUMEM
MOC-R4PCC04U05:360148:361171 [0] NCCL INFO Connected to proxy localRank 0 -> connection 0x7f6850005db8
MOC-R4PCC04U05:360151:360204 [3] NCCL INFO New proxy send connection 33 from local rank 3, transport 0
MOC-R4PCC04U05:360151:361170 [3] NCCL INFO Connected to proxy localRank 3 -> connection 0x7f14f0005ea8
MOC-R4PCC04U05:360148:360202 [0] NCCL INFO NET/Socket: Using 16 threads and 4 sockets per thread
MOC-R4PCC04U05:360148:361171 [0] NCCL INFO Channel 04/0 : 4[0] -> 0[0] [receive] via NET/Socket/1
MOC-R4PCC04U05:360150:360206 [2] NCCL INFO New proxy recv connection 32 from local rank 2, transport 0
MOC-R4PCC04U05:360150:361173 [2] NCCL INFO Connected to proxy localRank 2 -> connection 0x7f77a8005e30
MOC-R4PCC04U05:360149:360203 [1] NCCL INFO New proxy recv connection 31 from local rank 1, transport 2
MOC-R4PCC04U05:360149:361172 [1] NCCL INFO Connected to proxy localRank 1 -> connection 0x7f83b0005db8
MOC-R4PCC04U05:360150:360206 [2] NCCL INFO New proxy recv connection 33 from local rank 2, transport 0
MOC-R4PCC04U05:360150:361173 [2] NCCL INFO Connected to proxy localRank 2 -> connection 0x7f77a8005ea8
MOC-R4PCC04U05:360150:360206 [2] NCCL INFO New proxy recv connection 34 from local rank 2, transport 0
MOC-R4PCC04U05:360150:361173 [2] NCCL INFO Connected to proxy localRank 2 -> connection 0x7f77a8005f20
MOC-R4PCC04U05:360149:360203 [1] NCCL INFO NET/Socket: Using 16 threads and 4 sockets per thread
MOC-R4PCC04U05:360150:360206 [2] NCCL INFO New proxy recv connection 35 from local rank 2, transport 0
MOC-R4PCC04U05:360150:361173 [2] NCCL INFO Connected to proxy localRank 2 -> connection 0x7f77a8005f98
MOC-R4PCC04U05:360150:360206 [2] NCCL INFO New proxy recv connection 36 from local rank 2, transport 0
MOC-R4PCC04U05:360150:361173 [2] NCCL INFO Connected to proxy localRank 2 -> connection 0x7f77a8006010
MOC-R4PCC04U05:360149:361172 [1] NCCL INFO Channel 05/0 : 5[1] -> 1[1] [receive] via NET/Socket/0
MOC-R4PCC04U05:360150:360206 [2] NCCL INFO New proxy recv connection 37 from local rank 2, transport 0
MOC-R4PCC04U05:360150:361173 [2] NCCL INFO Connected to proxy localRank 2 -> connection 0x7f77a8006088
MOC-R4PCC04U05:360150:360206 [2] NCCL INFO New proxy recv connection 38 from local rank 2, transport 0
MOC-R4PCC04U05:360150:361173 [2] NCCL INFO Connected to proxy localRank 2 -> connection 0x7f77a8006100
MOC-R4PCC04U05:360149:360203 [1] NCCL INFO New proxy recv connection 32 from local rank 1, transport 0
MOC-R4PCC04U05:360149:361172 [1] NCCL INFO Connected to proxy localRank 1 -> connection 0x7f83b0005e30
MOC-R4PCC04U05:360150:360206 [2] NCCL INFO New proxy recv connection 39 from local rank 2, transport 0
MOC-R4PCC04U05:360150:361173 [2] NCCL INFO Connected to proxy localRank 2 -> connection 0x7f77a8006178
MOC-R4PCC04U05:360150:361173 [2] NCCL INFO Channel 00/0 : 2[2] -> 1[1] via P2P/CUMEM
MOC-R4PCC04U05:360149:360203 [1] NCCL INFO New proxy recv connection 33 from local rank 1, transport 0
MOC-R4PCC04U05:360149:361172 [1] NCCL INFO Connected to proxy localRank 1 -> connection 0x7f83b0005ea8
MOC-R4PCC04U05:360150:360206 [2] NCCL INFO New proxy send connection 40 from local rank 2, transport 0
MOC-R4PCC04U05:360150:361173 [2] NCCL INFO Connected to proxy localRank 2 -> connection 0x7f77a80061f0
MOC-R4PCC04U05:360148:360202 [0] NCCL INFO New proxy recv connection 32 from local rank 0, transport 0
MOC-R4PCC04U05:360148:361171 [0] NCCL INFO Connected to proxy localRank 0 -> connection 0x7f6850005e30
MOC-R4PCC04U05:360149:360203 [1] NCCL INFO New proxy recv connection 34 from local rank 1, transport 0
MOC-R4PCC04U05:360150:361173 [2] NCCL INFO Channel 03/0 : 2[2] -> 1[1] via P2P/CUMEM
MOC-R4PCC04U05:360149:361172 [1] NCCL INFO Connected to proxy localRank 1 -> connection 0x7f83b0005f20
MOC-R4PCC04U05:360150:360206 [2] NCCL INFO New proxy send connection 41 from local rank 2, transport 0
MOC-R4PCC04U05:360150:361173 [2] NCCL INFO Connected to proxy localRank 2 -> connection 0x7f77a8006268
MOC-R4PCC04U05:360148:360202 [0] NCCL INFO New proxy recv connection 33 from local rank 0, transport 0
MOC-R4PCC04U05:360148:361171 [0] NCCL INFO Connected to proxy localRank 0 -> connection 0x7f6850005ea8
MOC-R4PCC04U05:360150:361173 [2] NCCL INFO Channel 04/0 : 2[2] -> 1[1] via P2P/CUMEM
MOC-R4PCC04U05:360149:360203 [1] NCCL INFO New proxy recv connection 35 from local rank 1, transport 0
MOC-R4PCC04U05:360149:361172 [1] NCCL INFO Connected to proxy localRank 1 -> connection 0x7f83b0005f98
MOC-R4PCC04U05:360150:360206 [2] NCCL INFO New proxy send connection 42 from local rank 2, transport 0
MOC-R4PCC04U05:360150:361173 [2] NCCL INFO Connected to proxy localRank 2 -> connection 0x7f77a80062e0
MOC-R4PCC04U05:360149:361172 [1] NCCL INFO Channel 00/0 : 1[1] -> 0[0] via P2P/CUMEM
MOC-R4PCC04U05:360150:361173 [2] NCCL INFO Channel 07/0 : 2[2] -> 1[1] via P2P/CUMEM
MOC-R4PCC04U05:360149:360203 [1] NCCL INFO New proxy send connection 36 from local rank 1, transport 0
MOC-R4PCC04U05:360151:361170 [3] NCCL INFO Channel 00/0 : 3[3] -> 2[2] via P2P/CUMEM
MOC-R4PCC04U05:360149:361172 [1] NCCL INFO Connected to proxy localRank 1 -> connection 0x7f83b0006010
MOC-R4PCC04U05:360148:360202 [0] NCCL INFO New proxy recv connection 34 from local rank 0, transport 0
MOC-R4PCC04U05:360151:360204 [3] NCCL INFO New proxy send connection 34 from local rank 3, transport 0
MOC-R4PCC04U05:360148:361171 [0] NCCL INFO Connected to proxy localRank 0 -> connection 0x7f6850005f20
MOC-R4PCC04U05:360150:360206 [2] NCCL INFO New proxy send connection 43 from local rank 2, transport 0
MOC-R4PCC04U05:360151:361170 [3] NCCL INFO Connected to proxy localRank 3 -> connection 0x7f14f0005f20
MOC-R4PCC04U05:360150:361173 [2] NCCL INFO Connected to proxy localRank 2 -> connection 0x7f77a8006358
MOC-R4PCC04U05:360149:361172 [1] NCCL INFO Channel 01/0 : 1[1] -> 0[0] via P2P/CUMEM
MOC-R4PCC04U05:360149:360203 [1] NCCL INFO New proxy send connection 37 from local rank 1, transport 0
MOC-R4PCC04U05:360149:361172 [1] NCCL INFO Connected to proxy localRank 1 -> connection 0x7f83b0006088
MOC-R4PCC04U05:360151:361170 [3] NCCL INFO Channel 01/0 : 3[3] -> 2[2] via P2P/CUMEM
MOC-R4PCC04U05:360148:360202 [0] NCCL INFO New proxy recv connection 35 from local rank 0, transport 0
MOC-R4PCC04U05:360151:360204 [3] NCCL INFO New proxy send connection 35 from local rank 3, transport 0
MOC-R4PCC04U05:360148:361171 [0] NCCL INFO Connected to proxy localRank 0 -> connection 0x7f6850005f98
MOC-R4PCC04U05:360151:361170 [3] NCCL INFO Connected to proxy localRank 3 -> connection 0x7f14f0005f98
MOC-R4PCC04U05:360149:361172 [1] NCCL INFO Channel 02/0 : 1[1] -> 0[0] via P2P/CUMEM
MOC-R4PCC04U05:360149:360203 [1] NCCL INFO New proxy send connection 38 from local rank 1, transport 0
MOC-R4PCC04U05:360149:361172 [1] NCCL INFO Connected to proxy localRank 1 -> connection 0x7f83b0006100
MOC-R4PCC04U05:360151:361170 [3] NCCL INFO Channel 02/0 : 3[3] -> 2[2] via P2P/CUMEM
MOC-R4PCC04U05:360148:360202 [0] NCCL INFO New proxy recv connection 36 from local rank 0, transport 0
MOC-R4PCC04U05:360151:360204 [3] NCCL INFO New proxy send connection 36 from local rank 3, transport 0
MOC-R4PCC04U05:360148:361171 [0] NCCL INFO Connected to proxy localRank 0 -> connection 0x7f6850006010
MOC-R4PCC04U05:360151:361170 [3] NCCL INFO Connected to proxy localRank 3 -> connection 0x7f14f0006010
MOC-R4PCC04U05:360149:361172 [1] NCCL INFO Channel 03/0 : 1[1] -> 0[0] via P2P/CUMEM
MOC-R4PCC04U05:360149:360203 [1] NCCL INFO New proxy send connection 39 from local rank 1, transport 0
MOC-R4PCC04U05:360149:361172 [1] NCCL INFO Connected to proxy localRank 1 -> connection 0x7f83b0006178
MOC-R4PCC04U05:360151:361170 [3] NCCL INFO Channel 03/0 : 3[3] -> 2[2] via P2P/CUMEM
MOC-R4PCC04U05:360148:360202 [0] NCCL INFO New proxy recv connection 37 from local rank 0, transport 0
MOC-R4PCC04U05:360151:360204 [3] NCCL INFO New proxy send connection 37 from local rank 3, transport 0
MOC-R4PCC04U05:360148:361171 [0] NCCL INFO Connected to proxy localRank 0 -> connection 0x7f6850006088
MOC-R4PCC04U05:360151:361170 [3] NCCL INFO Connected to proxy localRank 3 -> connection 0x7f14f0006088
MOC-R4PCC04U05:360149:361172 [1] NCCL INFO Channel 04/0 : 1[1] -> 0[0] via P2P/CUMEM
MOC-R4PCC04U05:360149:360203 [1] NCCL INFO New proxy send connection 40 from local rank 1, transport 0
MOC-R4PCC04U05:360151:361170 [3] NCCL INFO Channel 04/0 : 3[3] -> 2[2] via P2P/CUMEM
MOC-R4PCC04U05:360149:361172 [1] NCCL INFO Connected to proxy localRank 1 -> connection 0x7f83b00061f0
MOC-R4PCC04U05:360151:360204 [3] NCCL INFO New proxy send connection 38 from local rank 3, transport 0
MOC-R4PCC04U05:360151:361170 [3] NCCL INFO Connected to proxy localRank 3 -> connection 0x7f14f0006100
MOC-R4PCC04U05:360148:360202 [0] NCCL INFO New proxy recv connection 38 from local rank 0, transport 0
MOC-R4PCC04U05:360148:361171 [0] NCCL INFO Connected to proxy localRank 0 -> connection 0x7f6850006100
MOC-R4PCC04U05:360149:361172 [1] NCCL INFO Channel 05/0 : 1[1] -> 0[0] via P2P/CUMEM
MOC-R4PCC04U05:360149:360203 [1] NCCL INFO New proxy send connection 41 from local rank 1, transport 0
MOC-R4PCC04U05:360149:361172 [1] NCCL INFO Connected to proxy localRank 1 -> connection 0x7f83b0006268
MOC-R4PCC04U05:360151:361170 [3] NCCL INFO Channel 05/0 : 3[3] -> 2[2] via P2P/CUMEM
MOC-R4PCC04U05:360151:360204 [3] NCCL INFO New proxy send connection 39 from local rank 3, transport 0
MOC-R4PCC04U05:360148:360202 [0] NCCL INFO New proxy recv connection 39 from local rank 0, transport 0
MOC-R4PCC04U05:360151:361170 [3] NCCL INFO Connected to proxy localRank 3 -> connection 0x7f14f0006178
MOC-R4PCC04U05:360148:361171 [0] NCCL INFO Connected to proxy localRank 0 -> connection 0x7f6850006178
MOC-R4PCC04U05:360149:361172 [1] NCCL INFO Channel 06/0 : 1[1] -> 0[0] via P2P/CUMEM
MOC-R4PCC04U05:360149:360203 [1] NCCL INFO New proxy send connection 42 from local rank 1, transport 0
MOC-R4PCC04U05:360149:361172 [1] NCCL INFO Connected to proxy localRank 1 -> connection 0x7f83b00062e0
MOC-R4PCC04U05:360151:361170 [3] NCCL INFO Channel 06/0 : 3[3] -> 2[2] via P2P/CUMEM
MOC-R4PCC04U05:360148:360202 [0] NCCL INFO New proxy recv connection 40 from local rank 0, transport 0
MOC-R4PCC04U05:360148:361171 [0] NCCL INFO Connected to proxy localRank 0 -> connection 0x7f68500061f0
MOC-R4PCC04U05:360151:360204 [3] NCCL INFO New proxy send connection 40 from local rank 3, transport 0
MOC-R4PCC04U05:360151:361170 [3] NCCL INFO Connected to proxy localRank 3 -> connection 0x7f14f00061f0
MOC-R4PCC04U05:360149:361172 [1] NCCL INFO Channel 07/0 : 1[1] -> 0[0] via P2P/CUMEM
MOC-R4PCC04U05:360149:360203 [1] NCCL INFO New proxy send connection 43 from local rank 1, transport 0
MOC-R4PCC04U05:360149:361172 [1] NCCL INFO Connected to proxy localRank 1 -> connection 0x7f83b0006358
MOC-R4PCC04U05:360151:361170 [3] NCCL INFO Channel 07/0 : 3[3] -> 2[2] via P2P/CUMEM
MOC-R4PCC04U05:360148:360202 [0] NCCL INFO New proxy recv connection 41 from local rank 0, transport 0
MOC-R4PCC04U05:360148:361171 [0] NCCL INFO Connected to proxy localRank 0 -> connection 0x7f6850006268
MOC-R4PCC04U05:360151:360204 [3] NCCL INFO New proxy send connection 41 from local rank 3, transport 0
MOC-R4PCC04U05:360151:361170 [3] NCCL INFO Connected to proxy localRank 3 -> connection 0x7f14f0006268
MOC-R4PCC04U05:360149:360203 [1] NCCL INFO New proxy send connection 44 from local rank 0, transport 0
MOC-R4PCC04U05:360148:361171 [0] NCCL INFO Connected to proxy localRank 1 -> connection 0x7f83b00063d0
MOC-R4PCC04U05:360150:360206 [2] NCCL INFO New proxy send connection 44 from local rank 1, transport 0
MOC-R4PCC04U05:360151:360204 [3] NCCL INFO New proxy send connection 42 from local rank 2, transport 0
MOC-R4PCC04U05:360149:361172 [1] NCCL INFO Connected to proxy localRank 2 -> connection 0x7f77a80063d0
MOC-R4PCC04U05:360150:361173 [2] NCCL INFO Connected to proxy localRank 3 -> connection 0x7f14f00062e0
MOC-R4PCC04U05:360150:360206 [2] NCCL INFO New proxy send connection 45 from local rank 3, transport 0
MOC-R4PCC04U05:360151:361170 [3] NCCL INFO Connected to proxy localRank 2 -> connection 0x7f77a8006448
MOC-R4PCC04U05:360148:360202 [0] NCCL INFO New proxy send connection 42 from local rank 1, transport 0
MOC-R4PCC04U05:360149:361172 [1] NCCL INFO Connected to proxy localRank 0 -> connection 0x7f68500062e0
MOC-R4PCC04U05:360149:360203 [1] NCCL INFO New proxy send connection 45 from local rank 2, transport 0
MOC-R4PCC04U05:360150:361173 [2] NCCL INFO Connected to proxy localRank 1 -> connection 0x7f83b0006448
MOC-R4PCC04U05:360148:361171 [0] NCCL INFO Connected all trees
MOC-R4PCC04U05:360149:361172 [1] NCCL INFO Connected all trees
MOC-R4PCC04U05:360151:361170 [3] NCCL INFO Connected all trees
MOC-R4PCC04U05:360150:361173 [2] NCCL INFO Connected all trees
step    1/10 | train loss 11.008973 | norm 15.7109 | lr 1.00e-04 | (14465.26 ms | 36245 tok/s)
step    2/10 | train loss 10.123233 | norm 5.8020 | lr 1.00e-04 | (212.53 ms | 2466846 tok/s)
step    3/10 | train loss 9.777222 | norm 2.6314 | lr 1.00e-04 | (198.31 ms | 2643832 tok/s)
step    4/10 | train loss 9.607350 | norm 2.1165 | lr 1.00e-04 | (198.54 ms | 2640657 tok/s)
step    5/10 | train loss 9.524718 | norm 2.1076 | lr 1.00e-04 | (193.25 ms | 2712995 tok/s)
step    6/10 | train loss 9.443523 | norm 2.0013 | lr 1.00e-04 | (194.93 ms | 2689673 tok/s)
step    7/10 | train loss 9.358728 | norm 1.9491 | lr 1.00e-04 | (197.13 ms | 2659670 tok/s)
step    8/10 | train loss 9.269137 | norm 1.9124 | lr 1.00e-04 | (195.84 ms | 2677070 tok/s)
step    9/10 | train loss 9.176635 | norm 1.8636 | lr 1.00e-04 | (192.95 ms | 2717239 tok/s)
step   10/10 | train loss 9.088060 | norm 1.7782 | lr 1.00e-04 | (195.68 ms | 2679314 tok/s)
final 9 iters avg: 197.684ms
peak memory consumption: 16121 MiB
