MOC-R4PCC04U05:364701:365472 [3] NCCL INFO Connected to proxy localRank 3 -> connection 0x7fac04005908
MOC-R4PCC04U05:364701:364767 [3] NCCL INFO New proxy recv connection 22 from local rank 3, transport 0
MOC-R4PCC04U05:364701:365472 [3] NCCL INFO Connected to proxy localRank 3 -> connection 0x7fac04005980
MOC-R4PCC04U05:364701:364767 [3] NCCL INFO New proxy recv connection 23 from local rank 3, transport 0
MOC-R4PCC04U05:364701:365472 [3] NCCL INFO Connected to proxy localRank 3 -> connection 0x7fac040059f8
MOC-R4PCC04U05:364701:364767 [3] NCCL INFO New proxy recv connection 24 from local rank 3, transport 0
MOC-R4PCC04U05:364701:365472 [3] NCCL INFO Connected to proxy localRank 3 -> connection 0x7fac04005a70
MOC-R4PCC04U05:364701:364767 [3] NCCL INFO New proxy recv connection 25 from local rank 3, transport 0
MOC-R4PCC04U05:364701:365472 [3] NCCL INFO Connected to proxy localRank 3 -> connection 0x7fac04005ae8
MOC-R4PCC04U05:364701:364767 [3] NCCL INFO New proxy recv connection 26 from local rank 3, transport 0
MOC-R4PCC04U05:364701:365472 [3] NCCL INFO Connected to proxy localRank 3 -> connection 0x7fac04005b60
MOC-R4PCC04U05:364700:364771 [2] NCCL INFO New proxy recv connection 29 from local rank 2, transport 2
MOC-R4PCC04U05:364701:364767 [3] NCCL INFO New proxy recv connection 27 from local rank 3, transport 0
MOC-R4PCC04U05:364700:365470 [2] NCCL INFO Connected to proxy localRank 2 -> connection 0x7f7e38005cc8
MOC-R4PCC04U05:364701:365472 [3] NCCL INFO Connected to proxy localRank 3 -> connection 0x7fac04005bd8
MOC-R4PCC04U05:364700:365470 [2] NCCL INFO Channel 02/0 : 6[2] -> 2[2] [receive] via NET/IB/7
MOC-R4PCC04U05:364700:364771 [2] NCCL INFO New proxy recv connection 30 from local rank 2, transport 2
MOC-R4PCC04U05:364700:365470 [2] NCCL INFO Connected to proxy localRank 2 -> connection 0x7f7e38005d40
MOC-R4PCC04U05:364700:365470 [2] NCCL INFO Channel 06/0 : 6[2] -> 2[2] [receive] via NET/IB/7
MOC-R4PCC04U05:364700:364771 [2] NCCL INFO New proxy recv connection 31 from local rank 2, transport 0
MOC-R4PCC04U05:364700:365470 [2] NCCL INFO Connected to proxy localRank 2 -> connection 0x7f7e38005db8
MOC-R4PCC04U05:364700:364771 [2] NCCL INFO New proxy recv connection 32 from local rank 2, transport 0
MOC-R4PCC04U05:364700:365470 [2] NCCL INFO Connected to proxy localRank 2 -> connection 0x7f7e38005e30
MOC-R4PCC04U05:364700:364771 [2] NCCL INFO New proxy recv connection 33 from local rank 2, transport 0
MOC-R4PCC04U05:364700:365470 [2] NCCL INFO Connected to proxy localRank 2 -> connection 0x7f7e38005ea8
MOC-R4PCC04U05:364700:364771 [2] NCCL INFO New proxy recv connection 34 from local rank 2, transport 0
MOC-R4PCC04U05:364700:365470 [2] NCCL INFO Connected to proxy localRank 2 -> connection 0x7f7e38005f20
MOC-R4PCC04U05:364700:364771 [2] NCCL INFO New proxy recv connection 35 from local rank 2, transport 0
MOC-R4PCC04U05:364700:365470 [2] NCCL INFO Connected to proxy localRank 2 -> connection 0x7f7e38005f98
MOC-R4PCC04U05:364700:364771 [2] NCCL INFO New proxy recv connection 36 from local rank 2, transport 0
MOC-R4PCC04U05:364700:365470 [2] NCCL INFO Connected to proxy localRank 2 -> connection 0x7f7e38006010
MOC-R4PCC04U05:364700:364771 [2] NCCL INFO New proxy recv connection 37 from local rank 2, transport 0
MOC-R4PCC04U05:364700:365470 [2] NCCL INFO Connected to proxy localRank 2 -> connection 0x7f7e38006088
MOC-R4PCC04U05:364700:364771 [2] NCCL INFO New proxy recv connection 38 from local rank 2, transport 0
MOC-R4PCC04U05:364700:365470 [2] NCCL INFO Connected to proxy localRank 2 -> connection 0x7f7e38006100
MOC-R4PCC04U05:364700:365470 [2] NCCL INFO Channel 00/0 : 2[2] -> 1[1] via P2P/CUMEM
MOC-R4PCC04U05:364700:364771 [2] NCCL INFO New proxy send connection 39 from local rank 2, transport 0
MOC-R4PCC04U05:364700:365470 [2] NCCL INFO Connected to proxy localRank 2 -> connection 0x7f7e38006178
MOC-R4PCC04U05:364700:365470 [2] NCCL INFO Channel 03/0 : 2[2] -> 1[1] via P2P/CUMEM
MOC-R4PCC04U05:364700:364771 [2] NCCL INFO New proxy send connection 40 from local rank 2, transport 0
MOC-R4PCC04U05:364700:365470 [2] NCCL INFO Connected to proxy localRank 2 -> connection 0x7f7e380061f0
MOC-R4PCC04U05:364700:365470 [2] NCCL INFO Channel 04/0 : 2[2] -> 1[1] via P2P/CUMEM
MOC-R4PCC04U05:364700:364771 [2] NCCL INFO New proxy send connection 41 from local rank 2, transport 0
MOC-R4PCC04U05:364700:365470 [2] NCCL INFO Connected to proxy localRank 2 -> connection 0x7f7e38006268
MOC-R4PCC04U05:364700:365470 [2] NCCL INFO Channel 07/0 : 2[2] -> 1[1] via P2P/CUMEM
MOC-R4PCC04U05:364700:364771 [2] NCCL INFO New proxy send connection 42 from local rank 2, transport 0
MOC-R4PCC04U05:364700:365470 [2] NCCL INFO Connected to proxy localRank 2 -> connection 0x7f7e380062e0
MOC-R4PCC04U05:364701:364767 [3] NCCL INFO New proxy recv connection 28 from local rank 3, transport 2
MOC-R4PCC04U05:364701:365472 [3] NCCL INFO Connected to proxy localRank 3 -> connection 0x7fac04005c50
MOC-R4PCC04U05:364701:365473 [3] NCCL INFO [Proxy Progress] Device 3 CPU core 128
MOC-R4PCC04U05:364701:365472 [3] NCCL INFO Channel 03/0 : 7[3] -> 3[3] [receive] via NET/IB/6
MOC-R4PCC04U05:364698:364769 [0] NCCL INFO New proxy recv connection 28 from local rank 0, transport 2
MOC-R4PCC04U05:364701:364767 [3] NCCL INFO New proxy recv connection 29 from local rank 3, transport 2
MOC-R4PCC04U05:364701:365472 [3] NCCL INFO Connected to proxy localRank 3 -> connection 0x7fac04005cc8
MOC-R4PCC04U05:364698:365471 [0] NCCL INFO Connected to proxy localRank 0 -> connection 0x7f7d18005c50
MOC-R4PCC04U05:364701:365472 [3] NCCL INFO Channel 07/0 : 7[3] -> 3[3] [receive] via NET/IB/6
MOC-R4PCC04U05:364698:365474 [0] NCCL INFO [Proxy Progress] Device 0 CPU core 11
MOC-R4PCC04U05:364701:364767 [3] NCCL INFO New proxy send connection 30 from local rank 3, transport 2
MOC-R4PCC04U05:364701:365472 [3] NCCL INFO Connected to proxy localRank 3 -> connection 0x7fac04005d40
MOC-R4PCC04U05:364701:365472 [3] NCCL INFO Channel 03/0 : 3[3] -> 7[3] [send] via NET/IB/6
MOC-R4PCC04U05:364701:364767 [3] NCCL INFO New proxy send connection 31 from local rank 3, transport 2
MOC-R4PCC04U05:364698:365471 [0] NCCL INFO Channel 00/0 : 4[0] -> 0[0] [receive] via NET/IB/5
MOC-R4PCC04U05:364701:365472 [3] NCCL INFO Connected to proxy localRank 3 -> connection 0x7fac04005db8
MOC-R4PCC04U05:364698:364769 [0] NCCL INFO New proxy recv connection 29 from local rank 0, transport 2
MOC-R4PCC04U05:364701:365472 [3] NCCL INFO Channel 07/0 : 3[3] -> 7[3] [send] via NET/IB/6
MOC-R4PCC04U05:364698:365471 [0] NCCL INFO Connected to proxy localRank 0 -> connection 0x7f7d18005cc8
MOC-R4PCC04U05:364698:365471 [0] NCCL INFO Channel 04/0 : 4[0] -> 0[0] [receive] via NET/IB/5
MOC-R4PCC04U05:364698:364769 [0] NCCL INFO New proxy send connection 30 from local rank 0, transport 2
MOC-R4PCC04U05:364698:365471 [0] NCCL INFO Connected to proxy localRank 0 -> connection 0x7f7d18005d40
MOC-R4PCC04U05:364698:365471 [0] NCCL INFO Channel 00/0 : 0[0] -> 4[0] [send] via NET/IB/5
MOC-R4PCC04U05:364698:364769 [0] NCCL INFO New proxy send connection 31 from local rank 0, transport 2
MOC-R4PCC04U05:364698:365471 [0] NCCL INFO Connected to proxy localRank 0 -> connection 0x7f7d18005db8
MOC-R4PCC04U05:364698:365471 [0] NCCL INFO Channel 04/0 : 0[0] -> 4[0] [send] via NET/IB/5
MOC-R4PCC04U05:364701:365472 [3] NCCL INFO Channel 01/0 : 3[3] -> 0[0] via P2P/CUMEM
MOC-R4PCC04U05:364701:364767 [3] NCCL INFO New proxy send connection 32 from local rank 3, transport 0
MOC-R4PCC04U05:364701:365472 [3] NCCL INFO Connected to proxy localRank 3 -> connection 0x7fac04005e30
MOC-R4PCC04U05:364698:364769 [0] NCCL INFO New proxy recv connection 32 from local rank 0, transport 0
MOC-R4PCC04U05:364698:365471 [0] NCCL INFO Connected to proxy localRank 0 -> connection 0x7f7d18005e30
MOC-R4PCC04U05:364701:365472 [3] NCCL INFO Channel 05/0 : 3[3] -> 0[0] via P2P/CUMEM
MOC-R4PCC04U05:364701:364767 [3] NCCL INFO New proxy send connection 33 from local rank 3, transport 0
MOC-R4PCC04U05:364701:365472 [3] NCCL INFO Connected to proxy localRank 3 -> connection 0x7fac04005ea8
MOC-R4PCC04U05:364698:364769 [0] NCCL INFO New proxy recv connection 33 from local rank 0, transport 0
MOC-R4PCC04U05:364698:365471 [0] NCCL INFO Connected to proxy localRank 0 -> connection 0x7f7d18005ea8
MOC-R4PCC04U05:364701:365472 [3] NCCL INFO Channel 00/0 : 3[3] -> 2[2] via P2P/CUMEM
MOC-R4PCC04U05:364701:364767 [3] NCCL INFO New proxy send connection 34 from local rank 3, transport 0
MOC-R4PCC04U05:364701:365472 [3] NCCL INFO Connected to proxy localRank 3 -> connection 0x7fac04005f20
MOC-R4PCC04U05:364698:364769 [0] NCCL INFO New proxy recv connection 34 from local rank 0, transport 0
MOC-R4PCC04U05:364698:365471 [0] NCCL INFO Connected to proxy localRank 0 -> connection 0x7f7d18005f20
MOC-R4PCC04U05:364701:365472 [3] NCCL INFO Channel 01/0 : 3[3] -> 2[2] via P2P/CUMEM
MOC-R4PCC04U05:364701:364767 [3] NCCL INFO New proxy send connection 35 from local rank 3, transport 0
MOC-R4PCC04U05:364698:364769 [0] NCCL INFO New proxy recv connection 35 from local rank 0, transport 0
MOC-R4PCC04U05:364701:365472 [3] NCCL INFO Connected to proxy localRank 3 -> connection 0x7fac04005f98
MOC-R4PCC04U05:364698:365471 [0] NCCL INFO Connected to proxy localRank 0 -> connection 0x7f7d18005f98
MOC-R4PCC04U05:364701:365472 [3] NCCL INFO Channel 02/0 : 3[3] -> 2[2] via P2P/CUMEM
MOC-R4PCC04U05:364701:364767 [3] NCCL INFO New proxy send connection 36 from local rank 3, transport 0
MOC-R4PCC04U05:364698:364769 [0] NCCL INFO New proxy recv connection 36 from local rank 0, transport 0
MOC-R4PCC04U05:364701:365472 [3] NCCL INFO Connected to proxy localRank 3 -> connection 0x7fac04006010
MOC-R4PCC04U05:364698:365471 [0] NCCL INFO Connected to proxy localRank 0 -> connection 0x7f7d18006010
MOC-R4PCC04U05:364701:365472 [3] NCCL INFO Channel 03/0 : 3[3] -> 2[2] via P2P/CUMEM
MOC-R4PCC04U05:364701:364767 [3] NCCL INFO New proxy send connection 37 from local rank 3, transport 0
MOC-R4PCC04U05:364701:365472 [3] NCCL INFO Connected to proxy localRank 3 -> connection 0x7fac04006088
MOC-R4PCC04U05:364698:364769 [0] NCCL INFO New proxy recv connection 37 from local rank 0, transport 0
MOC-R4PCC04U05:364698:365471 [0] NCCL INFO Connected to proxy localRank 0 -> connection 0x7f7d18006088
MOC-R4PCC04U05:364701:365472 [3] NCCL INFO Channel 04/0 : 3[3] -> 2[2] via P2P/CUMEM
MOC-R4PCC04U05:364701:364767 [3] NCCL INFO New proxy send connection 38 from local rank 3, transport 0
MOC-R4PCC04U05:364698:364769 [0] NCCL INFO New proxy recv connection 38 from local rank 0, transport 0
MOC-R4PCC04U05:364701:365472 [3] NCCL INFO Connected to proxy localRank 3 -> connection 0x7fac04006100
MOC-R4PCC04U05:364698:365471 [0] NCCL INFO Connected to proxy localRank 0 -> connection 0x7f7d18006100
MOC-R4PCC04U05:364701:365472 [3] NCCL INFO Channel 05/0 : 3[3] -> 2[2] via P2P/CUMEM
MOC-R4PCC04U05:364701:364767 [3] NCCL INFO New proxy send connection 39 from local rank 3, transport 0
MOC-R4PCC04U05:364698:364769 [0] NCCL INFO New proxy recv connection 39 from local rank 0, transport 0
MOC-R4PCC04U05:364701:365472 [3] NCCL INFO Connected to proxy localRank 3 -> connection 0x7fac04006178
MOC-R4PCC04U05:364698:365471 [0] NCCL INFO Connected to proxy localRank 0 -> connection 0x7f7d18006178
MOC-R4PCC04U05:364701:365472 [3] NCCL INFO Channel 06/0 : 3[3] -> 2[2] via P2P/CUMEM
MOC-R4PCC04U05:364701:364767 [3] NCCL INFO New proxy send connection 40 from local rank 3, transport 0
MOC-R4PCC04U05:364698:364769 [0] NCCL INFO New proxy recv connection 40 from local rank 0, transport 0
MOC-R4PCC04U05:364701:365472 [3] NCCL INFO Connected to proxy localRank 3 -> connection 0x7fac040061f0
MOC-R4PCC04U05:364698:365471 [0] NCCL INFO Connected to proxy localRank 0 -> connection 0x7f7d180061f0
MOC-R4PCC04U05:364701:365472 [3] NCCL INFO Channel 07/0 : 3[3] -> 2[2] via P2P/CUMEM
MOC-R4PCC04U05:364701:364767 [3] NCCL INFO New proxy send connection 41 from local rank 3, transport 0
MOC-R4PCC04U05:364698:364769 [0] NCCL INFO New proxy recv connection 41 from local rank 0, transport 0
MOC-R4PCC04U05:364701:365472 [3] NCCL INFO Connected to proxy localRank 3 -> connection 0x7fac04006268
MOC-R4PCC04U05:364698:365471 [0] NCCL INFO Connected to proxy localRank 0 -> connection 0x7f7d18006268
MOC-R4PCC04U05:364700:364771 [2] NCCL INFO New proxy send connection 43 from local rank 3, transport 0
MOC-R4PCC04U05:364701:365472 [3] NCCL INFO Connected to proxy localRank 2 -> connection 0x7f7e38006358
MOC-R4PCC04U05:364699:364768 [1] NCCL INFO New proxy send connection 43 from local rank 0, transport 0
MOC-R4PCC04U05:364698:365471 [0] NCCL INFO Connected to proxy localRank 1 -> connection 0x7f321c006358
MOC-R4PCC04U05:364701:364767 [3] NCCL INFO New proxy send connection 42 from local rank 2, transport 0
MOC-R4PCC04U05:364700:365470 [2] NCCL INFO Connected to proxy localRank 3 -> connection 0x7fac040062e0
MOC-R4PCC04U05:364700:364771 [2] NCCL INFO New proxy send connection 44 from local rank 1, transport 0
MOC-R4PCC04U05:364699:365469 [1] NCCL INFO Connected to proxy localRank 2 -> connection 0x7f7e380063d0
MOC-R4PCC04U05:364699:364768 [1] NCCL INFO New proxy send connection 44 from local rank 2, transport 0
MOC-R4PCC04U05:364700:365470 [2] NCCL INFO Connected to proxy localRank 1 -> connection 0x7f321c0063d0
MOC-R4PCC04U05:364698:364769 [0] NCCL INFO New proxy send connection 42 from local rank 1, transport 0
MOC-R4PCC04U05:364699:365469 [1] NCCL INFO Connected to proxy localRank 0 -> connection 0x7f7d180062e0
MOC-R4PCC04U05:364698:364769 [0] NCCL INFO NET/IB: NCCL Dev 5 IbDev 1 Port 1 qpn 1032 mtu 5 query_ece={supported=1, vendor_id=0x15b3, options=0x30000002, comp_mask=0x0} GID 3 (0/BA3CA8C0FFFF0000) fifoRkey=0x17cd8c fifoLkey=0x17cd8c
MOC-R4PCC04U05:364701:364767 [3] NCCL INFO NET/IB: NCCL Dev 6 IbDev 2 Port 1 qpn 1027 mtu 5 query_ece={supported=1, vendor_id=0x15b3, options=0x30000002, comp_mask=0x0} GID 3 (0/673CA8C0FFFF0000) fifoRkey=0x177534 fifoLkey=0x177534
MOC-R4PCC04U05:364698:364769 [0] NCCL INFO NET/IB: NCCL Dev 5 IbDev 1 Port 1 qpn 1035 mtu 5 query_ece={supported=1, vendor_id=0x15b3, options=0x30000002, comp_mask=0x0} GID 3 (0/BA3CA8C0FFFF0000) fifoRkey=0x17c586 fifoLkey=0x17c586
MOC-R4PCC04U05:364698:364769 [0] NCCL INFO NET/IB: IbDev 1 Port 1 qpn 1005 set_ece={supported=1, vendor_id=0x15b3, options=0x0, comp_mask=0x0}
MOC-R4PCC04U05:364701:364767 [3] NCCL INFO NET/IB: IbDev 2 Port 1 qpn 993 set_ece={supported=1, vendor_id=0x15b3, options=0x0, comp_mask=0x0}
MOC-R4PCC04U05:364701:364767 [3] NCCL INFO NET/IB: NCCL Dev 6 IbDev 2 Port 1 qpn 1030 mtu 5 query_ece={supported=1, vendor_id=0x15b3, options=0x30000002, comp_mask=0x0} GID 3 (0/673CA8C0FFFF0000) fifoRkey=0x17ba79 fifoLkey=0x17ba79
MOC-R4PCC04U05:364698:364769 [0] NCCL INFO NET/IB: IbDev 1 Port 1 qpn 1008 set_ece={supported=1, vendor_id=0x15b3, options=0x0, comp_mask=0x0}
MOC-R4PCC04U05:364701:364767 [3] NCCL INFO NET/IB: IbDev 2 Port 1 qpn 995 set_ece={supported=1, vendor_id=0x15b3, options=0x0, comp_mask=0x0}
MOC-R4PCC04U05:364698:365471 [0] NCCL INFO Connected all trees
MOC-R4PCC04U05:364700:365470 [2] NCCL INFO Connected all trees
MOC-R4PCC04U05:364699:365469 [1] NCCL INFO Connected all trees
MOC-R4PCC04U05:364701:365472 [3] NCCL INFO Connected all trees
step    1/10 | train loss 11.008537 | norm 15.8513 | lr 1.00e-04 | (14411.56 ms | 18190 tok/s)
step    2/10 | train loss 10.116475 | norm 5.8735 | lr 1.00e-04 | (103.79 ms | 2525772 tok/s)
step    3/10 | train loss 9.766001 | norm 2.6306 | lr 1.00e-04 | (103.38 ms | 2535797 tok/s)
step    4/10 | train loss 9.596249 | norm 2.1068 | lr 1.00e-04 | (101.76 ms | 2576061 tok/s)
step    5/10 | train loss 9.513391 | norm 2.1000 | lr 1.00e-04 | (100.86 ms | 2599036 tok/s)
step    6/10 | train loss 9.431203 | norm 1.9935 | lr 1.00e-04 | (101.73 ms | 2576827 tok/s)
step    7/10 | train loss 9.345901 | norm 1.9369 | lr 1.00e-04 | (101.73 ms | 2576972 tok/s)
step    8/10 | train loss 9.256426 | norm 1.9010 | lr 1.00e-04 | (101.25 ms | 2589194 tok/s)
step    9/10 | train loss 9.164145 | norm 1.8592 | lr 1.00e-04 | (101.26 ms | 2588816 tok/s)
step   10/10 | train loss 9.071942 | norm 1.7839 | lr 1.00e-04 | (101.52 ms | 2582177 tok/s)
final 9 iters avg: 101.919ms
peak memory consumption: 16121 MiB
MOC-R4PCC04U05:364699:365480 [1] NCCL INFO comm 0x55c5119f0e30 rank 1 nranks 8 cudaDev 1 busId 26000 - Destroy COMPLETE
MOC-R4PCC04U05:364701:365482 [3] NCCL INFO comm 0x55826212dd90 rank 3 nranks 8 cudaDev 3 busId c6000 - Destroy COMPLETE
MOC-R4PCC04U05:364698:365481 [0] NCCL INFO comm 0x56479b2211d0 rank 0 nranks 8 cudaDev 0 busId 6000 - Destroy COMPLETE
MOC-R4PCC04U05:364700:365479 [2] NCCL INFO comm 0x55e381eef2c0 rank 2 nranks 8 cudaDev 2 busId a6000 - Destroy COMPLETE
=======Writing end time =======
Tue Jul 22 18:21:55 UTC 2025
=======Writing nstate post data=======
#kernel
IpInReceives                    11535              0.0
IpInDelivers                    11535              0.0
IpOutRequests                   11533              0.0
IpOutTransmits                  11533              0.0
IcmpOutMsgs                     1                  0.0
IcmpOutDestUnreachs             1                  0.0
IcmpMsgOutType3                 1                  0.0
TcpActiveOpens                  139                0.0
TcpPassiveOpens                 164                0.0
TcpInSegs                       11534              0.0
TcpOutSegs                      11553              0.0
TcpOutRsts                      4                  0.0
UdpNoPorts                      1                  0.0
UdpOutDatagrams                 1                  0.0
TcpExtTW                        74                 0.0
TcpExtPAWSEstab                 1                  0.0
TcpExtDelayedACKs               109                0.0
TcpExtDelayedACKLost            1                  0.0
TcpExtTCPHPHits                 1452               0.0
TcpExtTCPPureAcks               1335               0.0
TcpExtTCPHPAcks                 2966               0.0
TcpExtTCPLossProbes             2                  0.0
TcpExtTCPBacklogCoalesce        82                 0.0
TcpExtTCPDSACKOldSent           1                  0.0
TcpExtTCPRcvCoalesce            1011               0.0
TcpExtTCPAutoCorking            66                 0.0
TcpExtTCPWantZeroWindowAdv      4                  0.0
TcpExtTCPOrigDataSent           7038               0.0
TcpExtTCPHystartTrainDetect     9                  0.0
TcpExtTCPHystartTrainCwnd       150                0.0
TcpExtTCPKeepAlive              2                  0.0
TcpExtTCPDelivered              7177               0.0
IpExtInOctets                   32023455           0.0
IpExtOutOctets                  32032217           0.0
IpExtInNoECTPkts                11535              0.0
Tue Jul 22 18:21:55 UTC 2025
