MOC-R4PCC04U05:361546:361612 [2] NCCL INFO GPU/0-a6000 :GPU/0-6000 (1/123.6/NVL) GPU/0-26000 (1/123.6/NVL) GPU/0-a6000 (0/5000.0/LOC) GPU/0-c6000 (1/123.6/NVL) CPU/0-0 (4/16.0/SYS) CPU/0-1 (3/48.0/PHB) NET/0-5 (7/16.0/SYS) NET/0-4 (7/16.0/SYS) NET/0-7 (6/48.0/PHB) NET/0-6 (6/48.0/PHB) 
MOC-R4PCC04U05:361546:361612 [2] NCCL INFO GPU/0-c6000 :GPU/0-6000 (1/123.6/NVL) GPU/0-26000 (1/123.6/NVL) GPU/0-a6000 (1/123.6/NVL) GPU/0-c6000 (0/5000.0/LOC) CPU/0-0 (4/16.0/SYS) CPU/0-1 (3/48.0/PHB) NET/0-5 (7/16.0/SYS) NET/0-4 (7/16.0/SYS) NET/0-7 (6/48.0/PHB) NET/0-6 (6/48.0/PHB) 
MOC-R4PCC04U05:361546:361612 [2] NCCL INFO NET/0-5 :GPU/0-6000 (6/48.0/PHB) GPU/0-26000 (6/48.0/PHB) GPU/0-a6000 (7/16.0/SYS) GPU/0-c6000 (7/16.0/SYS) CPU/0-0 (3/48.0/PHB) CPU/0-1 (4/16.0/SYS) NET/0-5 (0/5000.0/LOC) NET/0-4 (6/48.0/PHB) NET/0-7 (7/16.0/SYS) NET/0-6 (7/16.0/SYS) 
MOC-R4PCC04U05:361546:361612 [2] NCCL INFO NET/0-4 :GPU/0-6000 (6/48.0/PHB) GPU/0-26000 (6/48.0/PHB) GPU/0-a6000 (7/16.0/SYS) GPU/0-c6000 (7/16.0/SYS) CPU/0-0 (3/48.0/PHB) CPU/0-1 (4/16.0/SYS) NET/0-5 (6/48.0/PHB) NET/0-4 (0/5000.0/LOC) NET/0-7 (7/16.0/SYS) NET/0-6 (7/16.0/SYS) 
MOC-R4PCC04U05:361546:361612 [2] NCCL INFO NET/0-7 :GPU/0-6000 (7/16.0/SYS) GPU/0-26000 (7/16.0/SYS) GPU/0-a6000 (6/48.0/PHB) GPU/0-c6000 (6/48.0/PHB) CPU/0-0 (4/16.0/SYS) CPU/0-1 (3/48.0/PHB) NET/0-5 (7/16.0/SYS) NET/0-4 (7/16.0/SYS) NET/0-7 (0/5000.0/LOC) NET/0-6 (6/48.0/PHB) 
MOC-R4PCC04U05:361546:361612 [2] NCCL INFO NET/0-6 :GPU/0-6000 (7/16.0/SYS) GPU/0-26000 (7/16.0/SYS) GPU/0-a6000 (6/48.0/PHB) GPU/0-c6000 (6/48.0/PHB) CPU/0-0 (4/16.0/SYS) CPU/0-1 (3/48.0/PHB) NET/0-5 (7/16.0/SYS) NET/0-4 (7/16.0/SYS) NET/0-7 (6/48.0/PHB) NET/0-6 (0/5000.0/LOC) 
MOC-R4PCC04U05:361546:361612 [2] NCCL INFO Setting affinity for GPU 2 to ffffffff,ffffffff,ffffffff,ffffffff,00000000,00000000,00000000,00000000,ffffffff,ffffffff,ffffffff,ffffffff,00000000,00000000,00000000,00000000
MOC-R4PCC04U05:361546:361612 [2] NCCL INFO NVLS multicast support is not available on dev 2
MOC-R4PCC04U05:361547:361615 [3] NCCL INFO Pattern 4, crossNic 2, nChannels 4, bw 24.000000/24.000000, type NVL/PHB, sameChannels 0
MOC-R4PCC04U05:361547:361615 [3] NCCL INFO  0 : NET/0-5 GPU/1 GPU/3 GPU/0 GPU/2 NET/0-6
MOC-R4PCC04U05:361547:361615 [3] NCCL INFO  1 : NET/0-6 GPU/2 GPU/0 GPU/3 GPU/1 NET/0-5
MOC-R4PCC04U05:361547:361615 [3] NCCL INFO  2 : NET/0-5 GPU/1 GPU/3 GPU/0 GPU/2 NET/0-6
MOC-R4PCC04U05:361547:361615 [3] NCCL INFO  3 : NET/0-6 GPU/2 GPU/0 GPU/3 GPU/1 NET/0-5
MOC-R4PCC04U05:361546:361612 [2] NCCL INFO Pattern 4, crossNic 2, nChannels 4, bw 24.000000/24.000000, type NVL/PHB, sameChannels 0
MOC-R4PCC04U05:361546:361612 [2] NCCL INFO  0 : NET/0-5 GPU/1 GPU/3 GPU/0 GPU/2 NET/0-6
MOC-R4PCC04U05:361546:361612 [2] NCCL INFO  1 : NET/0-6 GPU/2 GPU/0 GPU/3 GPU/1 NET/0-5
MOC-R4PCC04U05:361546:361612 [2] NCCL INFO  2 : NET/0-5 GPU/1 GPU/3 GPU/0 GPU/2 NET/0-6
MOC-R4PCC04U05:361546:361612 [2] NCCL INFO  3 : NET/0-6 GPU/2 GPU/0 GPU/3 GPU/1 NET/0-5
MOC-R4PCC04U05:361544:361606 [0] NCCL INFO Pattern 4, crossNic 2, nChannels 4, bw 24.000000/24.000000, type NVL/PHB, sameChannels 0
MOC-R4PCC04U05:361544:361606 [0] NCCL INFO  0 : NET/0-5 GPU/1 GPU/3 GPU/0 GPU/2 NET/0-6
MOC-R4PCC04U05:361544:361606 [0] NCCL INFO  1 : NET/0-6 GPU/2 GPU/0 GPU/3 GPU/1 NET/0-5
MOC-R4PCC04U05:361544:361606 [0] NCCL INFO  2 : NET/0-5 GPU/1 GPU/3 GPU/0 GPU/2 NET/0-6
MOC-R4PCC04U05:361544:361606 [0] NCCL INFO  3 : NET/0-6 GPU/2 GPU/0 GPU/3 GPU/1 NET/0-5
MOC-R4PCC04U05:361545:361611 [1] NCCL INFO Pattern 4, crossNic 2, nChannels 4, bw 24.000000/24.000000, type NVL/PHB, sameChannels 0
MOC-R4PCC04U05:361545:361611 [1] NCCL INFO  0 : NET/0-5 GPU/1 GPU/3 GPU/0 GPU/2 NET/0-6
MOC-R4PCC04U05:361545:361611 [1] NCCL INFO  1 : NET/0-6 GPU/2 GPU/0 GPU/3 GPU/1 NET/0-5
MOC-R4PCC04U05:361545:361611 [1] NCCL INFO  2 : NET/0-5 GPU/1 GPU/3 GPU/0 GPU/2 NET/0-6
MOC-R4PCC04U05:361545:361611 [1] NCCL INFO  3 : NET/0-6 GPU/2 GPU/0 GPU/3 GPU/1 NET/0-5
MOC-R4PCC04U05:361547:361615 [3] NCCL INFO Pattern 1, crossNic 0, nChannels 4, bw 48.000000/24.000000, type NVL/PHB, sameChannels 0
MOC-R4PCC04U05:361547:361615 [3] NCCL INFO  0 : NET/0-5 GPU/0 GPU/1 GPU/2 GPU/3 NET/0-5
MOC-R4PCC04U05:361547:361615 [3] NCCL INFO  1 : NET/0-4 GPU/1 GPU/0 GPU/3 GPU/2 NET/0-4
MOC-R4PCC04U05:361547:361615 [3] NCCL INFO  2 : NET/0-7 GPU/2 GPU/3 GPU/0 GPU/1 NET/0-7
MOC-R4PCC04U05:361547:361615 [3] NCCL INFO  3 : NET/0-6 GPU/3 GPU/2 GPU/1 GPU/0 NET/0-6
MOC-R4PCC04U05:361546:361612 [2] NCCL INFO Pattern 1, crossNic 0, nChannels 4, bw 48.000000/24.000000, type NVL/PHB, sameChannels 0
MOC-R4PCC04U05:361546:361612 [2] NCCL INFO  0 : NET/0-5 GPU/0 GPU/1 GPU/2 GPU/3 NET/0-5
MOC-R4PCC04U05:361546:361612 [2] NCCL INFO  1 : NET/0-4 GPU/1 GPU/0 GPU/3 GPU/2 NET/0-4
MOC-R4PCC04U05:361546:361612 [2] NCCL INFO  2 : NET/0-7 GPU/2 GPU/3 GPU/0 GPU/1 NET/0-7
MOC-R4PCC04U05:361546:361612 [2] NCCL INFO  3 : NET/0-6 GPU/3 GPU/2 GPU/1 GPU/0 NET/0-6
MOC-R4PCC04U05:361545:361611 [1] NCCL INFO Pattern 1, crossNic 0, nChannels 4, bw 48.000000/24.000000, type NVL/PHB, sameChannels 0
MOC-R4PCC04U05:361545:361611 [1] NCCL INFO  0 : NET/0-5 GPU/0 GPU/1 GPU/2 GPU/3 NET/0-5
MOC-R4PCC04U05:361545:361611 [1] NCCL INFO  1 : NET/0-4 GPU/1 GPU/0 GPU/3 GPU/2 NET/0-4
MOC-R4PCC04U05:361545:361611 [1] NCCL INFO  2 : NET/0-7 GPU/2 GPU/3 GPU/0 GPU/1 NET/0-7
MOC-R4PCC04U05:361545:361611 [1] NCCL INFO  3 : NET/0-6 GPU/3 GPU/2 GPU/1 GPU/0 NET/0-6
MOC-R4PCC04U05:361544:361606 [0] NCCL INFO Pattern 1, crossNic 0, nChannels 4, bw 48.000000/24.000000, type NVL/PHB, sameChannels 0
MOC-R4PCC04U05:361544:361606 [0] NCCL INFO  0 : NET/0-5 GPU/0 GPU/1 GPU/2 GPU/3 NET/0-5
MOC-R4PCC04U05:361544:361606 [0] NCCL INFO  1 : NET/0-4 GPU/1 GPU/0 GPU/3 GPU/2 NET/0-4
MOC-R4PCC04U05:361544:361606 [0] NCCL INFO  2 : NET/0-7 GPU/2 GPU/3 GPU/0 GPU/1 NET/0-7
MOC-R4PCC04U05:361544:361606 [0] NCCL INFO  3 : NET/0-6 GPU/3 GPU/2 GPU/1 GPU/0 NET/0-6
MOC-R4PCC04U05:361544:361606 [0] NCCL INFO comm 0x55d0ef23e970 rank 0 nRanks 16 nNodes 4 localRanks 4 localRank 0 MNNVL 0
MOC-R4PCC04U05:361544:361606 [0] NCCL INFO Tree 0 : -1 -> 0 -> 1/8/-1
MOC-R4PCC04U05:361544:361606 [0] NCCL INFO Tree 4 : 4 -> 0 -> 1/-1/-1
MOC-R4PCC04U05:361544:361606 [0] NCCL INFO Tree 1 : 1 -> 0 -> 3/-1/-1
MOC-R4PCC04U05:361544:361606 [0] NCCL INFO Tree 5 : 1 -> 0 -> 3/-1/-1
MOC-R4PCC04U05:361545:361611 [1] NCCL INFO comm 0x5580ac6d2150 rank 1 nRanks 16 nNodes 4 localRanks 4 localRank 1 MNNVL 0
MOC-R4PCC04U05:361545:361611 [1] NCCL INFO Tree 0 : 0 -> 1 -> 2/-1/-1
MOC-R4PCC04U05:361545:361611 [1] NCCL INFO Tree 4 : 0 -> 1 -> 2/-1/-1
MOC-R4PCC04U05:361545:361611 [1] NCCL INFO Tree 1 : -1 -> 1 -> 0/9/-1
MOC-R4PCC04U05:361545:361611 [1] NCCL INFO Tree 5 : 5 -> 1 -> 0/-1/-1
MOC-R4PCC04U05:361546:361612 [2] NCCL INFO comm 0x5609370160c0 rank 2 nRanks 16 nNodes 4 localRanks 4 localRank 2 MNNVL 0
MOC-R4PCC04U05:361546:361612 [2] NCCL INFO Tree 2 : -1 -> 2 -> 3/10/-1
MOC-R4PCC04U05:361546:361612 [2] NCCL INFO Tree 6 : 6 -> 2 -> 3/-1/-1
MOC-R4PCC04U05:361546:361612 [2] NCCL INFO Tree 3 : 3 -> 2 -> 1/-1/-1
MOC-R4PCC04U05:361544:361606 [0] NCCL INFO Channel 00/08 :  0  2  6  4  7  5  9 11  8 10 14 12 15 13  1  3
MOC-R4PCC04U05:361546:361612 [2] NCCL INFO Tree 7 : 3 -> 2 -> 1/-1/-1
MOC-R4PCC04U05:361544:361606 [0] NCCL INFO Channel 01/08 :  0  3  1  5  7  4  6 10  8 11  9 13 15 12 14  2
MOC-R4PCC04U05:361547:361615 [3] NCCL INFO comm 0x55cdd8dc5350 rank 3 nRanks 16 nNodes 4 localRanks 4 localRank 3 MNNVL 0
MOC-R4PCC04U05:361544:361606 [0] NCCL INFO Channel 02/08 :  0  2  6  4  7  5  9 11  8 10 14 12 15 13  1  3
MOC-R4PCC04U05:361545:361611 [1] NCCL INFO Ring 00 : 13 -> 1 -> 3
MOC-R4PCC04U05:361545:361611 [1] NCCL INFO Ring 01 : 3 -> 1 -> 5
MOC-R4PCC04U05:361547:361615 [3] NCCL INFO Tree 2 : 2 -> 3 -> 0/-1/-1
MOC-R4PCC04U05:361545:361611 [1] NCCL INFO Ring 02 : 13 -> 1 -> 3
MOC-R4PCC04U05:361544:361606 [0] NCCL INFO Channel 03/08 :  0  3  1  5  7  4  6 10  8 11  9 13 15 12 14  2
MOC-R4PCC04U05:361547:361615 [3] NCCL INFO Tree 6 : 2 -> 3 -> 0/-1/-1
MOC-R4PCC04U05:361545:361611 [1] NCCL INFO Ring 03 : 3 -> 1 -> 5
MOC-R4PCC04U05:361547:361615 [3] NCCL INFO Tree 3 : -1 -> 3 -> 2/11/-1
MOC-R4PCC04U05:361545:361611 [1] NCCL INFO Ring 04 : 13 -> 1 -> 3
MOC-R4PCC04U05:361547:361615 [3] NCCL INFO Tree 7 : 7 -> 3 -> 2/-1/-1
MOC-R4PCC04U05:361544:361606 [0] NCCL INFO Channel 04/08 :  0  2  6  4  7  5  9 11  8 10 14 12 15 13  1  3
MOC-R4PCC04U05:361546:361612 [2] NCCL INFO Ring 00 : 0 -> 2 -> 6
MOC-R4PCC04U05:361545:361611 [1] NCCL INFO Ring 05 : 3 -> 1 -> 5
MOC-R4PCC04U05:361546:361612 [2] NCCL INFO Ring 01 : 14 -> 2 -> 0
MOC-R4PCC04U05:361545:361611 [1] NCCL INFO Ring 06 : 13 -> 1 -> 3
MOC-R4PCC04U05:361544:361606 [0] NCCL INFO Channel 05/08 :  0  3  1  5  7  4  6 10  8 11  9 13 15 12 14  2
MOC-R4PCC04U05:361545:361611 [1] NCCL INFO Ring 07 : 3 -> 1 -> 5
MOC-R4PCC04U05:361546:361612 [2] NCCL INFO Ring 02 : 0 -> 2 -> 6
MOC-R4PCC04U05:361545:361611 [1] NCCL INFO Trees [0] 2/-1/-1->1->0 [1] 0/9/-1->1->-1 [2] -1/-1/-1->1->0 [3] 0/-1/-1->1->2 [4] 2/-1/-1->1->0 [5] 0/-1/-1->1->5 [6] -1/-1/-1->1->0 [7] 0/-1/-1->1->2
MOC-R4PCC04U05:361546:361612 [2] NCCL INFO Ring 03 : 14 -> 2 -> 0
MOC-R4PCC04U05:361544:361606 [0] NCCL INFO Channel 06/08 :  0  2  6  4  7  5  9 11  8 10 14 12 15 13  1  3
MOC-R4PCC04U05:361545:361611 [1] NCCL INFO P2P Chunksize set to 131072
MOC-R4PCC04U05:361546:361612 [2] NCCL INFO Ring 04 : 0 -> 2 -> 6
MOC-R4PCC04U05:361547:361615 [3] NCCL INFO Ring 00 : 1 -> 3 -> 0
MOC-R4PCC04U05:361546:361612 [2] NCCL INFO Ring 05 : 14 -> 2 -> 0
MOC-R4PCC04U05:361547:361615 [3] NCCL INFO Ring 01 : 0 -> 3 -> 1
MOC-R4PCC04U05:361544:361606 [0] NCCL INFO Channel 07/08 :  0  3  1  5  7  4  6 10  8 11  9 13 15 12 14  2
MOC-R4PCC04U05:361547:361615 [3] NCCL INFO Ring 02 : 1 -> 3 -> 0
MOC-R4PCC04U05:361546:361612 [2] NCCL INFO Ring 06 : 0 -> 2 -> 6
MOC-R4PCC04U05:361547:361615 [3] NCCL INFO Ring 03 : 0 -> 3 -> 1
MOC-R4PCC04U05:361546:361612 [2] NCCL INFO Ring 07 : 14 -> 2 -> 0
MOC-R4PCC04U05:361544:361606 [0] NCCL INFO Ring 00 : 3 -> 0 -> 2
MOC-R4PCC04U05:361547:361615 [3] NCCL INFO Ring 04 : 1 -> 3 -> 0
MOC-R4PCC04U05:361546:361612 [2] NCCL INFO Trees [0] 3/-1/-1->2->1 [1] -1/-1/-1->2->3 [2] 3/10/-1->2->-1 [3] 1/-1/-1->2->3 [4] 3/-1/-1->2->1 [5] -1/-1/-1->2->3 [6] 3/-1/-1->2->6 [7] 1/-1/-1->2->3
MOC-R4PCC04U05:361544:361606 [0] NCCL INFO Ring 01 : 2 -> 0 -> 3
MOC-R4PCC04U05:361547:361615 [3] NCCL INFO Ring 05 : 0 -> 3 -> 1
MOC-R4PCC04U05:361547:361615 [3] NCCL INFO Ring 06 : 1 -> 3 -> 0
MOC-R4PCC04U05:361544:361606 [0] NCCL INFO Ring 02 : 3 -> 0 -> 2
MOC-R4PCC04U05:361546:361612 [2] NCCL INFO P2P Chunksize set to 131072
MOC-R4PCC04U05:361547:361615 [3] NCCL INFO Ring 07 : 0 -> 3 -> 1
MOC-R4PCC04U05:361547:361615 [3] NCCL INFO Trees [0] -1/-1/-1->3->2 [1] 2/-1/-1->3->0 [2] 0/-1/-1->3->2 [3] 2/11/-1->3->-1 [4] -1/-1/-1->3->2 [5] 2/-1/-1->3->0 [6] 0/-1/-1->3->2 [7] 2/-1/-1->3->7
MOC-R4PCC04U05:361544:361606 [0] NCCL INFO Ring 03 : 2 -> 0 -> 3
MOC-R4PCC04U05:361547:361615 [3] NCCL INFO P2P Chunksize set to 131072
MOC-R4PCC04U05:361544:361606 [0] NCCL INFO Ring 04 : 3 -> 0 -> 2
MOC-R4PCC04U05:361544:361606 [0] NCCL INFO Ring 05 : 2 -> 0 -> 3
MOC-R4PCC04U05:361544:361606 [0] NCCL INFO Ring 06 : 3 -> 0 -> 2
MOC-R4PCC04U05:361544:361606 [0] NCCL INFO Ring 07 : 2 -> 0 -> 3
MOC-R4PCC04U05:361544:361606 [0] NCCL INFO Trees [0] 1/8/-1->0->-1 [1] 3/-1/-1->0->1 [2] 1/-1/-1->0->3 [3] -1/-1/-1->0->1 [4] 1/-1/-1->0->4 [5] 3/-1/-1->0->1 [6] 1/-1/-1->0->3 [7] -1/-1/-1->0->1
MOC-R4PCC04U05:361544:361606 [0] NCCL INFO P2P Chunksize set to 131072
MOC-R4PCC04U05:361544:361606 [0] NCCL INFO Check P2P Type intraNodeP2pSupport 1 directMode 0
MOC-R4PCC04U05:361545:361636 [1] NCCL INFO [Proxy Service] Device 1 CPU core 270
MOC-R4PCC04U05:361544:361637 [0] NCCL INFO [Proxy Service] Device 0 CPU core 269
MOC-R4PCC04U05:361545:361641 [1] NCCL INFO [Proxy Service UDS] Device 1 CPU core 42
MOC-R4PCC04U05:361544:361640 [0] NCCL INFO [Proxy Service UDS] Device 0 CPU core 31
MOC-R4PCC04U05:361547:361642 [3] NCCL INFO [Proxy Service UDS] Device 3 CPU core 209
MOC-R4PCC04U05:361546:361638 [2] NCCL INFO [Proxy Service] Device 2 CPU core 463
MOC-R4PCC04U05:361547:361639 [3] NCCL INFO [Proxy Service] Device 3 CPU core 146
MOC-R4PCC04U05:361546:361643 [2] NCCL INFO [Proxy Service UDS] Device 2 CPU core 476
MOC-R4PCC04U05:361544:361606 [0] NCCL INFO threadThresholds 8/8/64 | 128/8/64 | 512 | 512
MOC-R4PCC04U05:361544:361606 [0] NCCL INFO 8 coll channels, 8 collnet channels, 0 nvls channels, 8 p2p channels, 2 p2p channels per peer
MOC-R4PCC04U05:361545:361611 [1] NCCL INFO threadThresholds 8/8/64 | 128/8/64 | 512 | 512
MOC-R4PCC04U05:361545:361611 [1] NCCL INFO 8 coll channels, 8 collnet channels, 0 nvls channels, 8 p2p channels, 2 p2p channels per peer
MOC-R4PCC04U05:361544:361606 [0] NCCL INFO CC Off, workFifoBytes 1048576
MOC-R4PCC04U05:361546:361612 [2] NCCL INFO threadThresholds 8/8/64 | 128/8/64 | 512 | 512
MOC-R4PCC04U05:361546:361612 [2] NCCL INFO 8 coll channels, 8 collnet channels, 0 nvls channels, 8 p2p channels, 2 p2p channels per peer
MOC-R4PCC04U05:361547:361615 [3] NCCL INFO threadThresholds 8/8/64 | 128/8/64 | 512 | 512
MOC-R4PCC04U05:361547:361615 [3] NCCL INFO 8 coll channels, 8 collnet channels, 0 nvls channels, 8 p2p channels, 2 p2p channels per peer
MOC-R4PCC04U05:361547:361615 [3] NCCL INFO TUNER/Plugin: Could not find: libnccl-tuner.so. Using internal tuner plugin.
MOC-R4PCC04U05:361547:361615 [3] NCCL INFO ncclCommInitRankConfig comm 0x55cdd8dc5350 rank 3 nranks 16 cudaDev 3 nvmlDev 3 busId c6000 commId 0x18611c9fd99a7e9 - Init COMPLETE
MOC-R4PCC04U05:361547:361615 [3] NCCL INFO Init timings - ncclCommInitRankConfig: rank 3 nranks 16 total 4.24 (kernels 0.31, alloc 1.68, bootstrap 0.34, allgathers 0.17, topo 0.79, graphs 0.11, connections 0.83, rest 0.00)
MOC-R4PCC04U05:361544:361606 [0] NCCL INFO TUNER/Plugin: Could not find: libnccl-tuner.so. Using internal tuner plugin.
MOC-R4PCC04U05:361545:361611 [1] NCCL INFO TUNER/Plugin: Could not find: libnccl-tuner.so. Using internal tuner plugin.
MOC-R4PCC04U05:361545:361611 [1] NCCL INFO ncclCommInitRankConfig comm 0x5580ac6d2150 rank 1 nranks 16 cudaDev 1 nvmlDev 1 busId 26000 commId 0x18611c9fd99a7e9 - Init COMPLETE
MOC-R4PCC04U05:361544:361606 [0] NCCL INFO ncclCommInitRankConfig comm 0x55d0ef23e970 rank 0 nranks 16 cudaDev 0 nvmlDev 0 busId 6000 commId 0x18611c9fd99a7e9 - Init COMPLETE
MOC-R4PCC04U05:361544:361606 [0] NCCL INFO Init timings - ncclCommInitRankConfig: rank 0 nranks 16 total 5.42 (kernels 0.32, alloc 0.70, bootstrap 2.49, allgathers 0.14, topo 0.78, graphs 0.15, connections 0.82, rest 0.02)
MOC-R4PCC04U05:361545:361611 [1] NCCL INFO Init timings - ncclCommInitRankConfig: rank 1 nranks 16 total 4.39 (kernels 0.33, alloc 1.81, bootstrap 0.34, allgathers 0.15, topo 0.78, graphs 0.14, connections 0.82, rest 0.01)
MOC-R4PCC04U05:361546:361612 [2] NCCL INFO TUNER/Plugin: Could not find: libnccl-tuner.so. Using internal tuner plugin.
MOC-R4PCC04U05:361546:361612 [2] NCCL INFO ncclCommInitRankConfig comm 0x5609370160c0 rank 2 nranks 16 cudaDev 2 nvmlDev 2 busId a6000 commId 0x18611c9fd99a7e9 - Init COMPLETE
MOC-R4PCC04U05:361546:361612 [2] NCCL INFO Init timings - ncclCommInitRankConfig: rank 2 nranks 16 total 4.39 (kernels 0.33, alloc 1.81, bootstrap 0.34, allgathers 0.17, topo 0.79, graphs 0.12, connections 0.83, rest 0.01)
MOC-R4PCC04U05:361545:361711 [1] NCCL INFO Channel 00/0 : 1[1] -> 3[3] via P2P/CUMEM
MOC-R4PCC04U05:361545:361636 [1] NCCL INFO New proxy send connection 0 from local rank 1, transport 0
MOC-R4PCC04U05:361545:361711 [1] NCCL INFO Connected to proxy localRank 1 -> connection 0x7f36c4004f30
MOC-R4PCC04U05:361545:361711 [1] NCCL INFO Channel 02/0 : 1[1] -> 3[3] via P2P/CUMEM
MOC-R4PCC04U05:361545:361636 [1] NCCL INFO New proxy send connection 1 from local rank 1, transport 0
MOC-R4PCC04U05:361545:361711 [1] NCCL INFO Connected to proxy localRank 1 -> connection 0x7f36c4004fa8
MOC-R4PCC04U05:361547:361639 [3] NCCL INFO New proxy recv connection 0 from local rank 3, transport 0
MOC-R4PCC04U05:361547:361712 [3] NCCL INFO Connected to proxy localRank 3 -> connection 0x7ff748004f30
MOC-R4PCC04U05:361547:361639 [3] NCCL INFO New proxy recv connection 1 from local rank 3, transport 0
MOC-R4PCC04U05:361547:361712 [3] NCCL INFO Connected to proxy localRank 3 -> connection 0x7ff748004fa8
MOC-R4PCC04U05:361545:361711 [1] NCCL INFO Channel 04/0 : 1[1] -> 3[3] via P2P/CUMEM
MOC-R4PCC04U05:361545:361636 [1] NCCL INFO New proxy send connection 2 from local rank 1, transport 0
MOC-R4PCC04U05:361545:361711 [1] NCCL INFO Connected to proxy localRank 1 -> connection 0x7f36c4005020
MOC-R4PCC04U05:361546:361638 [2] NCCL INFO New proxy recv connection 0 from local rank 2, transport 0
MOC-R4PCC04U05:361546:361713 [2] NCCL INFO Connected to proxy localRank 2 -> connection 0x7f7560004f30
MOC-R4PCC04U05:361547:361639 [3] NCCL INFO New proxy recv connection 2 from local rank 3, transport 0
MOC-R4PCC04U05:361547:361712 [3] NCCL INFO Connected to proxy localRank 3 -> connection 0x7ff748005020
MOC-R4PCC04U05:361547:361639 [3] NCCL INFO New proxy recv connection 3 from local rank 3, transport 0
MOC-R4PCC04U05:361545:361711 [1] NCCL INFO Channel 06/0 : 1[1] -> 3[3] via P2P/CUMEM
MOC-R4PCC04U05:361547:361712 [3] NCCL INFO Connected to proxy localRank 3 -> connection 0x7ff748005098
MOC-R4PCC04U05:361545:361636 [1] NCCL INFO New proxy send connection 3 from local rank 1, transport 0
MOC-R4PCC04U05:361545:361711 [1] NCCL INFO Connected to proxy localRank 1 -> connection 0x7f36c4005098
MOC-R4PCC04U05:361546:361638 [2] NCCL INFO New proxy recv connection 1 from local rank 2, transport 0
MOC-R4PCC04U05:361546:361713 [2] NCCL INFO Connected to proxy localRank 2 -> connection 0x7f7560004fa8
MOC-R4PCC04U05:361544:361714 [0] NCCL INFO Channel 00/0 : 0[0] -> 2[2] via P2P/CUMEM
MOC-R4PCC04U05:361544:361637 [0] NCCL INFO New proxy send connection 0 from local rank 0, transport 0
MOC-R4PCC04U05:361544:361714 [0] NCCL INFO Connected to proxy localRank 0 -> connection 0x7fec00004f30
MOC-R4PCC04U05:361547:361639 [3] NCCL INFO New proxy recv connection 4 from local rank 3, transport 0
MOC-R4PCC04U05:361547:361712 [3] NCCL INFO Connected to proxy localRank 3 -> connection 0x7ff748005110
MOC-R4PCC04U05:361546:361638 [2] NCCL INFO New proxy recv connection 2 from local rank 2, transport 0
MOC-R4PCC04U05:361546:361713 [2] NCCL INFO Connected to proxy localRank 2 -> connection 0x7f7560005020
MOC-R4PCC04U05:361547:361639 [3] NCCL INFO New proxy recv connection 5 from local rank 3, transport 0
MOC-R4PCC04U05:361544:361714 [0] NCCL INFO Channel 02/0 : 0[0] -> 2[2] via P2P/CUMEM
MOC-R4PCC04U05:361547:361712 [3] NCCL INFO Connected to proxy localRank 3 -> connection 0x7ff748005188
MOC-R4PCC04U05:361544:361637 [0] NCCL INFO New proxy send connection 1 from local rank 0, transport 0
MOC-R4PCC04U05:361544:361714 [0] NCCL INFO Connected to proxy localRank 0 -> connection 0x7fec00004fa8
MOC-R4PCC04U05:361546:361638 [2] NCCL INFO New proxy recv connection 3 from local rank 2, transport 0
MOC-R4PCC04U05:361546:361713 [2] NCCL INFO Connected to proxy localRank 2 -> connection 0x7f7560005098
MOC-R4PCC04U05:361547:361639 [3] NCCL INFO New proxy recv connection 6 from local rank 3, transport 0
MOC-R4PCC04U05:361547:361712 [3] NCCL INFO Connected to proxy localRank 3 -> connection 0x7ff748005200
MOC-R4PCC04U05:361544:361714 [0] NCCL INFO Channel 04/0 : 0[0] -> 2[2] via P2P/CUMEM
MOC-R4PCC04U05:361544:361637 [0] NCCL INFO New proxy send connection 2 from local rank 0, transport 0
MOC-R4PCC04U05:361544:361714 [0] NCCL INFO Connected to proxy localRank 0 -> connection 0x7fec00005020
MOC-R4PCC04U05:361547:361639 [3] NCCL INFO New proxy recv connection 7 from local rank 3, transport 0
MOC-R4PCC04U05:361547:361712 [3] NCCL INFO Connected to proxy localRank 3 -> connection 0x7ff748005278
MOC-R4PCC04U05:361544:361714 [0] NCCL INFO Channel 06/0 : 0[0] -> 2[2] via P2P/CUMEM
MOC-R4PCC04U05:361544:361637 [0] NCCL INFO New proxy send connection 3 from local rank 0, transport 0
MOC-R4PCC04U05:361544:361714 [0] NCCL INFO Connected to proxy localRank 0 -> connection 0x7fec00005098
MOC-R4PCC04U05:361544:361714 [0] NCCL INFO Channel 01/0 : 0[0] -> 3[3] via P2P/CUMEM
MOC-R4PCC04U05:361544:361637 [0] NCCL INFO New proxy send connection 4 from local rank 0, transport 0
MOC-R4PCC04U05:361544:361714 [0] NCCL INFO Connected to proxy localRank 0 -> connection 0x7fec00005110
MOC-R4PCC04U05:361544:361714 [0] NCCL INFO Channel 03/0 : 0[0] -> 3[3] via P2P/CUMEM
MOC-R4PCC04U05:361544:361637 [0] NCCL INFO New proxy send connection 5 from local rank 0, transport 0
MOC-R4PCC04U05:361544:361714 [0] NCCL INFO Connected to proxy localRank 0 -> connection 0x7fec00005188
MOC-R4PCC04U05:361544:361714 [0] NCCL INFO Channel 05/0 : 0[0] -> 3[3] via P2P/CUMEM
MOC-R4PCC04U05:361544:361637 [0] NCCL INFO New proxy send connection 6 from local rank 0, transport 0
MOC-R4PCC04U05:361544:361714 [0] NCCL INFO Connected to proxy localRank 0 -> connection 0x7fec00005200
MOC-R4PCC04U05:361544:361714 [0] NCCL INFO Channel 07/0 : 0[0] -> 3[3] via P2P/CUMEM
MOC-R4PCC04U05:361544:361637 [0] NCCL INFO New proxy send connection 7 from local rank 0, transport 0
MOC-R4PCC04U05:361544:361714 [0] NCCL INFO Connected to proxy localRank 0 -> connection 0x7fec00005278
MOC-R4PCC04U05:361547:361712 [3] NCCL INFO Channel 00/0 : 3[3] -> 0[0] via P2P/CUMEM
MOC-R4PCC04U05:361547:361639 [3] NCCL INFO New proxy send connection 8 from local rank 3, transport 0
MOC-R4PCC04U05:361544:361637 [0] NCCL INFO New proxy recv connection 8 from local rank 0, transport 0
MOC-R4PCC04U05:361547:361712 [3] NCCL INFO Connected to proxy localRank 3 -> connection 0x7ff7480052f0
MOC-R4PCC04U05:361544:361714 [0] NCCL INFO Connected to proxy localRank 0 -> connection 0x7fec000052f0
MOC-R4PCC04U05:361547:361712 [3] NCCL INFO Channel 02/0 : 3[3] -> 0[0] via P2P/CUMEM
MOC-R4PCC04U05:361547:361639 [3] NCCL INFO New proxy send connection 9 from local rank 3, transport 0
MOC-R4PCC04U05:361547:361712 [3] NCCL INFO Connected to proxy localRank 3 -> connection 0x7ff748005368
MOC-R4PCC04U05:361544:361637 [0] NCCL INFO New proxy recv connection 9 from local rank 0, transport 0
MOC-R4PCC04U05:361544:361714 [0] NCCL INFO Connected to proxy localRank 0 -> connection 0x7fec00005368
MOC-R4PCC04U05:361547:361712 [3] NCCL INFO Channel 04/0 : 3[3] -> 0[0] via P2P/CUMEM
MOC-R4PCC04U05:361547:361639 [3] NCCL INFO New proxy send connection 10 from local rank 3, transport 0
MOC-R4PCC04U05:361547:361712 [3] NCCL INFO Connected to proxy localRank 3 -> connection 0x7ff7480053e0
MOC-R4PCC04U05:361544:361637 [0] NCCL INFO New proxy recv connection 10 from local rank 0, transport 0
MOC-R4PCC04U05:361544:361714 [0] NCCL INFO Connected to proxy localRank 0 -> connection 0x7fec000053e0
MOC-R4PCC04U05:361547:361712 [3] NCCL INFO Channel 06/0 : 3[3] -> 0[0] via P2P/CUMEM
MOC-R4PCC04U05:361547:361639 [3] NCCL INFO New proxy send connection 11 from local rank 3, transport 0
MOC-R4PCC04U05:361547:361712 [3] NCCL INFO Connected to proxy localRank 3 -> connection 0x7ff748005458
MOC-R4PCC04U05:361544:361637 [0] NCCL INFO New proxy recv connection 11 from local rank 0, transport 0
MOC-R4PCC04U05:361544:361714 [0] NCCL INFO Connected to proxy localRank 0 -> connection 0x7fec00005458
MOC-R4PCC04U05:361547:361712 [3] NCCL INFO Channel 01/0 : 3[3] -> 1[1] via P2P/CUMEM
MOC-R4PCC04U05:361547:361639 [3] NCCL INFO New proxy send connection 12 from local rank 3, transport 0
MOC-R4PCC04U05:361547:361712 [3] NCCL INFO Connected to proxy localRank 3 -> connection 0x7ff7480054d0
MOC-R4PCC04U05:361544:361637 [0] NCCL INFO New proxy recv connection 12 from local rank 0, transport 0
MOC-R4PCC04U05:361544:361714 [0] NCCL INFO Connected to proxy localRank 0 -> connection 0x7fec000054d0
MOC-R4PCC04U05:361547:361712 [3] NCCL INFO Channel 03/0 : 3[3] -> 1[1] via P2P/CUMEM
MOC-R4PCC04U05:361547:361639 [3] NCCL INFO New proxy send connection 13 from local rank 3, transport 0
MOC-R4PCC04U05:361547:361712 [3] NCCL INFO Connected to proxy localRank 3 -> connection 0x7ff748005548
MOC-R4PCC04U05:361544:361637 [0] NCCL INFO New proxy recv connection 13 from local rank 0, transport 0
MOC-R4PCC04U05:361544:361714 [0] NCCL INFO Connected to proxy localRank 0 -> connection 0x7fec00005548
MOC-R4PCC04U05:361547:361712 [3] NCCL INFO Channel 05/0 : 3[3] -> 1[1] via P2P/CUMEM
MOC-R4PCC04U05:361547:361639 [3] NCCL INFO New proxy send connection 14 from local rank 3, transport 0
MOC-R4PCC04U05:361547:361712 [3] NCCL INFO Connected to proxy localRank 3 -> connection 0x7ff7480055c0
MOC-R4PCC04U05:361544:361637 [0] NCCL INFO New proxy recv connection 14 from local rank 0, transport 0
MOC-R4PCC04U05:361544:361714 [0] NCCL INFO Connected to proxy localRank 0 -> connection 0x7fec000055c0
MOC-R4PCC04U05:361547:361712 [3] NCCL INFO Channel 07/0 : 3[3] -> 1[1] via P2P/CUMEM
MOC-R4PCC04U05:361547:361639 [3] NCCL INFO New proxy send connection 15 from local rank 3, transport 0
MOC-R4PCC04U05:361547:361712 [3] NCCL INFO Connected to proxy localRank 3 -> connection 0x7ff748005638
MOC-R4PCC04U05:361544:361637 [0] NCCL INFO New proxy recv connection 15 from local rank 0, transport 0
MOC-R4PCC04U05:361544:361714 [0] NCCL INFO Connected to proxy localRank 0 -> connection 0x7fec00005638
MOC-R4PCC04U05:361545:361636 [1] NCCL INFO New proxy recv connection 4 from local rank 1, transport 2
MOC-R4PCC04U05:361545:361711 [1] NCCL INFO Connected to proxy localRank 1 -> connection 0x7f36c4005110
MOC-R4PCC04U05:361545:361715 [1] NCCL INFO [Proxy Progress] Device 1 CPU core 375
MOC-R4PCC04U05:361545:361711 [1] NCCL INFO Channel 00/0 : 13[1] -> 1[1] [receive] via NET/IB/5
MOC-R4PCC04U05:361545:361636 [1] NCCL INFO New proxy recv connection 5 from local rank 1, transport 2
MOC-R4PCC04U05:361545:361711 [1] NCCL INFO Connected to proxy localRank 1 -> connection 0x7f36c4005188
MOC-R4PCC04U05:361545:361711 [1] NCCL INFO Channel 02/0 : 13[1] -> 1[1] [receive] via NET/IB/5
MOC-R4PCC04U05:361545:361636 [1] NCCL INFO New proxy recv connection 6 from local rank 1, transport 2
MOC-R4PCC04U05:361545:361711 [1] NCCL INFO Connected to proxy localRank 1 -> connection 0x7f36c4005200
MOC-R4PCC04U05:361545:361711 [1] NCCL INFO Channel 04/0 : 13[1] -> 1[1] [receive] via NET/IB/5
MOC-R4PCC04U05:361545:361636 [1] NCCL INFO New proxy recv connection 7 from local rank 1, transport 2
MOC-R4PCC04U05:361545:361711 [1] NCCL INFO Connected to proxy localRank 1 -> connection 0x7f36c4005278
MOC-R4PCC04U05:361545:361711 [1] NCCL INFO Channel 06/0 : 13[1] -> 1[1] [receive] via NET/IB/5
MOC-R4PCC04U05:361545:361636 [1] NCCL INFO New proxy send connection 8 from local rank 1, transport 2
MOC-R4PCC04U05:361545:361711 [1] NCCL INFO Connected to proxy localRank 1 -> connection 0x7f36c40052f0
MOC-R4PCC04U05:361545:361711 [1] NCCL INFO Channel 01/0 : 1[1] -> 5[1] [send] via NET/IB/5
MOC-R4PCC04U05:361545:361636 [1] NCCL INFO New proxy send connection 9 from local rank 1, transport 2
MOC-R4PCC04U05:361545:361711 [1] NCCL INFO Connected to proxy localRank 1 -> connection 0x7f36c4005368
MOC-R4PCC04U05:361545:361711 [1] NCCL INFO Channel 03/0 : 1[1] -> 5[1] [send] via NET/IB/5
MOC-R4PCC04U05:361545:361636 [1] NCCL INFO New proxy send connection 10 from local rank 1, transport 2
MOC-R4PCC04U05:361545:361711 [1] NCCL INFO Connected to proxy localRank 1 -> connection 0x7f36c40053e0
MOC-R4PCC04U05:361545:361711 [1] NCCL INFO Channel 05/0 : 1[1] -> 5[1] [send] via NET/IB/5
MOC-R4PCC04U05:361545:361636 [1] NCCL INFO New proxy send connection 11 from local rank 1, transport 2
MOC-R4PCC04U05:361545:361711 [1] NCCL INFO Connected to proxy localRank 1 -> connection 0x7f36c4005458
MOC-R4PCC04U05:361545:361711 [1] NCCL INFO Channel 07/0 : 1[1] -> 5[1] [send] via NET/IB/5
MOC-R4PCC04U05:361546:361638 [2] NCCL INFO New proxy recv connection 4 from local rank 2, transport 2
MOC-R4PCC04U05:361546:361716 [2] NCCL INFO [Proxy Progress] Device 2 CPU core 177
MOC-R4PCC04U05:361546:361713 [2] NCCL INFO Connected to proxy localRank 2 -> connection 0x7f7560005110
MOC-R4PCC04U05:361546:361713 [2] NCCL INFO Channel 01/0 : 14[2] -> 2[2] [receive] via NET/IB/6
MOC-R4PCC04U05:361546:361638 [2] NCCL INFO New proxy recv connection 5 from local rank 2, transport 2
MOC-R4PCC04U05:361546:361713 [2] NCCL INFO Connected to proxy localRank 2 -> connection 0x7f7560005188
MOC-R4PCC04U05:361546:361713 [2] NCCL INFO Channel 03/0 : 14[2] -> 2[2] [receive] via NET/IB/6
MOC-R4PCC04U05:361546:361638 [2] NCCL INFO New proxy recv connection 6 from local rank 2, transport 2
MOC-R4PCC04U05:361546:361713 [2] NCCL INFO Connected to proxy localRank 2 -> connection 0x7f7560005200
MOC-R4PCC04U05:361546:361713 [2] NCCL INFO Channel 05/0 : 14[2] -> 2[2] [receive] via NET/IB/6
MOC-R4PCC04U05:361546:361638 [2] NCCL INFO New proxy recv connection 7 from local rank 2, transport 2
MOC-R4PCC04U05:361546:361713 [2] NCCL INFO Connected to proxy localRank 2 -> connection 0x7f7560005278
MOC-R4PCC04U05:361546:361713 [2] NCCL INFO Channel 07/0 : 14[2] -> 2[2] [receive] via NET/IB/6
MOC-R4PCC04U05:361546:361638 [2] NCCL INFO New proxy send connection 8 from local rank 2, transport 2
MOC-R4PCC04U05:361546:361713 [2] NCCL INFO Connected to proxy localRank 2 -> connection 0x7f75600052f0
MOC-R4PCC04U05:361546:361713 [2] NCCL INFO Channel 00/0 : 2[2] -> 6[2] [send] via NET/IB/6
MOC-R4PCC04U05:361546:361638 [2] NCCL INFO New proxy send connection 9 from local rank 2, transport 2
MOC-R4PCC04U05:361546:361713 [2] NCCL INFO Connected to proxy localRank 2 -> connection 0x7f7560005368
MOC-R4PCC04U05:361546:361713 [2] NCCL INFO Channel 02/0 : 2[2] -> 6[2] [send] via NET/IB/6
MOC-R4PCC04U05:361546:361638 [2] NCCL INFO New proxy send connection 10 from local rank 2, transport 2
MOC-R4PCC04U05:361546:361713 [2] NCCL INFO Connected to proxy localRank 2 -> connection 0x7f75600053e0
MOC-R4PCC04U05:361546:361713 [2] NCCL INFO Channel 04/0 : 2[2] -> 6[2] [send] via NET/IB/6
MOC-R4PCC04U05:361546:361638 [2] NCCL INFO New proxy send connection 11 from local rank 2, transport 2
MOC-R4PCC04U05:361546:361713 [2] NCCL INFO Connected to proxy localRank 2 -> connection 0x7f7560005458
MOC-R4PCC04U05:361546:361713 [2] NCCL INFO Channel 06/0 : 2[2] -> 6[2] [send] via NET/IB/6
MOC-R4PCC04U05:361546:361713 [2] NCCL INFO Channel 01/0 : 2[2] -> 0[0] via P2P/CUMEM
MOC-R4PCC04U05:361546:361638 [2] NCCL INFO New proxy send connection 12 from local rank 2, transport 0
MOC-R4PCC04U05:361546:361713 [2] NCCL INFO Connected to proxy localRank 2 -> connection 0x7f75600054d0
MOC-R4PCC04U05:361546:361713 [2] NCCL INFO Channel 03/0 : 2[2] -> 0[0] via P2P/CUMEM
MOC-R4PCC04U05:361546:361638 [2] NCCL INFO New proxy send connection 13 from local rank 2, transport 0
MOC-R4PCC04U05:361546:361713 [2] NCCL INFO Connected to proxy localRank 2 -> connection 0x7f7560005548
MOC-R4PCC04U05:361546:361713 [2] NCCL INFO Channel 05/0 : 2[2] -> 0[0] via P2P/CUMEM
MOC-R4PCC04U05:361546:361638 [2] NCCL INFO New proxy send connection 14 from local rank 2, transport 0
MOC-R4PCC04U05:361546:361713 [2] NCCL INFO Connected to proxy localRank 2 -> connection 0x7f75600055c0
MOC-R4PCC04U05:361546:361713 [2] NCCL INFO Channel 07/0 : 2[2] -> 0[0] via P2P/CUMEM
MOC-R4PCC04U05:361546:361638 [2] NCCL INFO New proxy send connection 15 from local rank 2, transport 0
MOC-R4PCC04U05:361546:361713 [2] NCCL INFO Connected to proxy localRank 2 -> connection 0x7f7560005638
MOC-R4PCC04U05:361544:361637 [0] NCCL INFO New proxy send connection 16 from local rank 2, transport 0
MOC-R4PCC04U05:361546:361713 [2] NCCL INFO Connected to proxy localRank 0 -> connection 0x7fec000056b0
MOC-R4PCC04U05:361546:361638 [2] NCCL INFO New proxy send connection 16 from local rank 0, transport 0
MOC-R4PCC04U05:361544:361714 [0] NCCL INFO Connected to proxy localRank 2 -> connection 0x7f75600056b0
MOC-R4PCC04U05:361545:361636 [1] NCCL INFO New proxy recv connection 12 from local rank 1, transport 0
MOC-R4PCC04U05:361545:361711 [1] NCCL INFO Connected to proxy localRank 1 -> connection 0x7f36c40054d0
MOC-R4PCC04U05:361545:361636 [1] NCCL INFO New proxy recv connection 13 from local rank 1, transport 0
MOC-R4PCC04U05:361545:361711 [1] NCCL INFO Connected to proxy localRank 1 -> connection 0x7f36c4005548
MOC-R4PCC04U05:361545:361636 [1] NCCL INFO New proxy recv connection 14 from local rank 1, transport 0
MOC-R4PCC04U05:361545:361711 [1] NCCL INFO Connected to proxy localRank 1 -> connection 0x7f36c40055c0
MOC-R4PCC04U05:361545:361636 [1] NCCL INFO New proxy recv connection 15 from local rank 1, transport 0
MOC-R4PCC04U05:361545:361711 [1] NCCL INFO Connected to proxy localRank 1 -> connection 0x7f36c4005638
MOC-R4PCC04U05:361547:361639 [3] NCCL INFO New proxy send connection 16 from local rank 1, transport 0
MOC-R4PCC04U05:361545:361711 [1] NCCL INFO Connected to proxy localRank 3 -> connection 0x7ff7480056b0
MOC-R4PCC04U05:361545:361636 [1] NCCL INFO New proxy send connection 16 from local rank 3, transport 0
MOC-R4PCC04U05:361547:361712 [3] NCCL INFO Connected to proxy localRank 1 -> connection 0x7f36c40056b0
MOC-R4PCC04U05:361547:361639 [3] NCCL INFO New proxy send connection 17 from local rank 0, transport 0
MOC-R4PCC04U05:361544:361714 [0] NCCL INFO Connected to proxy localRank 3 -> connection 0x7ff748005728
MOC-R4PCC04U05:361546:361638 [2] NCCL INFO NET/IB: NCCL Dev 6 IbDev 2 Port 1 qpn 981 mtu 5 query_ece={supported=1, vendor_id=0x15b3, options=0x30000002, comp_mask=0x0} GID 3 (0/673CA8C0FFFF0000) fifoRkey=0x17a362 fifoLkey=0x17a362
MOC-R4PCC04U05:361546:361638 [2] NCCL INFO NET/IB: NCCL Dev 6 IbDev 2 Port 1 qpn 982 mtu 5 query_ece={supported=1, vendor_id=0x15b3, options=0x30000002, comp_mask=0x0} GID 3 (0/673CA8C0FFFF0000) fifoRkey=0x174606 fifoLkey=0x174606
MOC-R4PCC04U05:361544:361637 [0] NCCL INFO New proxy send connection 17 from local rank 3, transport 0
MOC-R4PCC04U05:361547:361712 [3] NCCL INFO Connected to proxy localRank 0 -> connection 0x7fec00005728
MOC-R4PCC04U05:361546:361638 [2] NCCL INFO NET/IB: NCCL Dev 6 IbDev 2 Port 1 qpn 983 mtu 5 query_ece={supported=1, vendor_id=0x15b3, options=0x30000002, comp_mask=0x0} GID 3 (0/673CA8C0FFFF0000) fifoRkey=0x179756 fifoLkey=0x179756
MOC-R4PCC04U05:361546:361638 [2] NCCL INFO NET/IB: NCCL Dev 6 IbDev 2 Port 1 qpn 984 mtu 5 query_ece={supported=1, vendor_id=0x15b3, options=0x30000002, comp_mask=0x0} GID 3 (0/673CA8C0FFFF0000) fifoRkey=0x1731f1 fifoLkey=0x1731f1
MOC-R4PCC04U05:361546:361638 [2] NCCL INFO NET/IB: IbDev 2 Port 1 qpn 921 set_ece={supported=1, vendor_id=0x15b3, options=0x0, comp_mask=0x0}
MOC-R4PCC04U05:361545:361636 [1] NCCL INFO NET/IB: NCCL Dev 5 IbDev 1 Port 1 qpn 986 mtu 5 query_ece={supported=1, vendor_id=0x15b3, options=0x30000002, comp_mask=0x0} GID 3 (0/BA3CA8C0FFFF0000) fifoRkey=0x177736 fifoLkey=0x177736
MOC-R4PCC04U05:361546:361638 [2] NCCL INFO NET/IB: IbDev 2 Port 1 qpn 923 set_ece={supported=1, vendor_id=0x15b3, options=0x0, comp_mask=0x0}
MOC-R4PCC04U05:361545:361636 [1] NCCL INFO NET/IB: NCCL Dev 5 IbDev 1 Port 1 qpn 987 mtu 5 query_ece={supported=1, vendor_id=0x15b3, options=0x30000002, comp_mask=0x0} GID 3 (0/BA3CA8C0FFFF0000) fifoRkey=0x17af6f fifoLkey=0x17af6f
MOC-R4PCC04U05:361546:361638 [2] NCCL INFO NET/IB: IbDev 2 Port 1 qpn 926 set_ece={supported=1, vendor_id=0x15b3, options=0x0, comp_mask=0x0}
MOC-R4PCC04U05:361545:361636 [1] NCCL INFO NET/IB: NCCL Dev 5 IbDev 1 Port 1 qpn 988 mtu 5 query_ece={supported=1, vendor_id=0x15b3, options=0x30000002, comp_mask=0x0} GID 3 (0/BA3CA8C0FFFF0000) fifoRkey=0x17d190 fifoLkey=0x17d190
MOC-R4PCC04U05:361546:361638 [2] NCCL INFO NET/IB: IbDev 2 Port 1 qpn 929 set_ece={supported=1, vendor_id=0x15b3, options=0x0, comp_mask=0x0}
MOC-R4PCC04U05:361545:361636 [1] NCCL INFO NET/IB: NCCL Dev 5 IbDev 1 Port 1 qpn 989 mtu 5 query_ece={supported=1, vendor_id=0x15b3, options=0x30000002, comp_mask=0x0} GID 3 (0/BA3CA8C0FFFF0000) fifoRkey=0x17dd9c fifoLkey=0x17dd9c
MOC-R4PCC04U05:361545:361636 [1] NCCL INFO NET/IB: IbDev 1 Port 1 qpn 936 set_ece={supported=1, vendor_id=0x15b3, options=0x0, comp_mask=0x0}
MOC-R4PCC04U05:361545:361636 [1] NCCL INFO NET/IB: IbDev 1 Port 1 qpn 938 set_ece={supported=1, vendor_id=0x15b3, options=0x0, comp_mask=0x0}
MOC-R4PCC04U05:361545:361636 [1] NCCL INFO NET/IB: IbDev 1 Port 1 qpn 940 set_ece={supported=1, vendor_id=0x15b3, options=0x0, comp_mask=0x0}
MOC-R4PCC04U05:361545:361636 [1] NCCL INFO NET/IB: IbDev 1 Port 1 qpn 942 set_ece={supported=1, vendor_id=0x15b3, options=0x0, comp_mask=0x0}
MOC-R4PCC04U05:361545:361711 [1] NCCL INFO Connected all rings, use ring PXN 0 GDR 0
MOC-R4PCC04U05:361544:361714 [0] NCCL INFO Connected all rings, use ring PXN 0 GDR 0
MOC-R4PCC04U05:361547:361712 [3] NCCL INFO Connected all rings, use ring PXN 0 GDR 0
MOC-R4PCC04U05:361546:361713 [2] NCCL INFO Connected all rings, use ring PXN 0 GDR 0
num decayed parameter tensors: 50, with 124,318,464 parameters
num non-decayed parameter tensors: 98, with 121,344 parameters
using fused AdamW: False
using regular AdamW
MOC-R4PCC04U05:361544:362347 [0] NCCL INFO Channel 00/0 : 0[0] -> 1[1] via P2P/CUMEM
MOC-R4PCC04U05:361544:361637 [0] NCCL INFO New proxy send connection 18 from local rank 0, transport 0
MOC-R4PCC04U05:361544:362347 [0] NCCL INFO Connected to proxy localRank 0 -> connection 0x7fec000057a0
MOC-R4PCC04U05:361544:362347 [0] NCCL INFO Channel 01/0 : 0[0] -> 1[1] via P2P/CUMEM
MOC-R4PCC04U05:361544:361637 [0] NCCL INFO New proxy send connection 19 from local rank 0, transport 0
MOC-R4PCC04U05:361544:362347 [0] NCCL INFO Connected to proxy localRank 0 -> connection 0x7fec00005818
MOC-R4PCC04U05:361544:362347 [0] NCCL INFO Channel 02/0 : 0[0] -> 1[1] via P2P/CUMEM
MOC-R4PCC04U05:361544:361637 [0] NCCL INFO New proxy send connection 20 from local rank 0, transport 0
MOC-R4PCC04U05:361544:362347 [0] NCCL INFO Connected to proxy localRank 0 -> connection 0x7fec00005890
MOC-R4PCC04U05:361544:362347 [0] NCCL INFO Channel 03/0 : 0[0] -> 1[1] via P2P/CUMEM
MOC-R4PCC04U05:361544:361637 [0] NCCL INFO New proxy send connection 21 from local rank 0, transport 0
MOC-R4PCC04U05:361544:362347 [0] NCCL INFO Connected to proxy localRank 0 -> connection 0x7fec00005908
MOC-R4PCC04U05:361544:362347 [0] NCCL INFO Channel 04/0 : 0[0] -> 1[1] via P2P/CUMEM
MOC-R4PCC04U05:361544:361637 [0] NCCL INFO New proxy send connection 22 from local rank 0, transport 0
MOC-R4PCC04U05:361544:362347 [0] NCCL INFO Connected to proxy localRank 0 -> connection 0x7fec00005980
MOC-R4PCC04U05:361544:362347 [0] NCCL INFO Channel 05/0 : 0[0] -> 1[1] via P2P/CUMEM
MOC-R4PCC04U05:361544:361637 [0] NCCL INFO New proxy send connection 23 from local rank 0, transport 0
MOC-R4PCC04U05:361544:362347 [0] NCCL INFO Connected to proxy localRank 0 -> connection 0x7fec000059f8
MOC-R4PCC04U05:361544:362347 [0] NCCL INFO Channel 06/0 : 0[0] -> 1[1] via P2P/CUMEM
MOC-R4PCC04U05:361544:361637 [0] NCCL INFO New proxy send connection 24 from local rank 0, transport 0
MOC-R4PCC04U05:361544:362347 [0] NCCL INFO Connected to proxy localRank 0 -> connection 0x7fec00005a70
MOC-R4PCC04U05:361544:362347 [0] NCCL INFO Channel 07/0 : 0[0] -> 1[1] via P2P/CUMEM
MOC-R4PCC04U05:361544:361637 [0] NCCL INFO New proxy send connection 25 from local rank 0, transport 0
MOC-R4PCC04U05:361544:362347 [0] NCCL INFO Connected to proxy localRank 0 -> connection 0x7fec00005ae8
MOC-R4PCC04U05:361546:361638 [2] NCCL INFO New proxy recv connection 17 from local rank 2, transport 0
MOC-R4PCC04U05:361546:362348 [2] NCCL INFO Connected to proxy localRank 2 -> connection 0x7f7560005728
MOC-R4PCC04U05:361546:361638 [2] NCCL INFO New proxy recv connection 18 from local rank 2, transport 0
MOC-R4PCC04U05:361546:362348 [2] NCCL INFO Connected to proxy localRank 2 -> connection 0x7f75600057a0
MOC-R4PCC04U05:361546:361638 [2] NCCL INFO New proxy recv connection 19 from local rank 2, transport 0
MOC-R4PCC04U05:361546:362348 [2] NCCL INFO Connected to proxy localRank 2 -> connection 0x7f7560005818
MOC-R4PCC04U05:361546:361638 [2] NCCL INFO New proxy recv connection 20 from local rank 2, transport 0
MOC-R4PCC04U05:361546:362348 [2] NCCL INFO Connected to proxy localRank 2 -> connection 0x7f7560005890
MOC-R4PCC04U05:361546:362348 [2] NCCL INFO Channel 00/0 : 2[2] -> 3[3] via P2P/CUMEM
MOC-R4PCC04U05:361546:361638 [2] NCCL INFO New proxy send connection 21 from local rank 2, transport 0
MOC-R4PCC04U05:361546:362348 [2] NCCL INFO Connected to proxy localRank 2 -> connection 0x7f7560005908
MOC-R4PCC04U05:361546:362348 [2] NCCL INFO Channel 01/0 : 2[2] -> 3[3] via P2P/CUMEM
MOC-R4PCC04U05:361546:361638 [2] NCCL INFO New proxy send connection 22 from local rank 2, transport 0
MOC-R4PCC04U05:361546:362348 [2] NCCL INFO Connected to proxy localRank 2 -> connection 0x7f7560005980
MOC-R4PCC04U05:361546:362348 [2] NCCL INFO Channel 02/0 : 2[2] -> 3[3] via P2P/CUMEM
MOC-R4PCC04U05:361546:361638 [2] NCCL INFO New proxy send connection 23 from local rank 2, transport 0
MOC-R4PCC04U05:361546:362348 [2] NCCL INFO Connected to proxy localRank 2 -> connection 0x7f75600059f8
MOC-R4PCC04U05:361546:362348 [2] NCCL INFO Channel 03/0 : 2[2] -> 3[3] via P2P/CUMEM
MOC-R4PCC04U05:361546:361638 [2] NCCL INFO New proxy send connection 24 from local rank 2, transport 0
MOC-R4PCC04U05:361546:362348 [2] NCCL INFO Connected to proxy localRank 2 -> connection 0x7f7560005a70
MOC-R4PCC04U05:361546:362348 [2] NCCL INFO Channel 04/0 : 2[2] -> 3[3] via P2P/CUMEM
MOC-R4PCC04U05:361546:361638 [2] NCCL INFO New proxy send connection 25 from local rank 2, transport 0
MOC-R4PCC04U05:361546:362348 [2] NCCL INFO Connected to proxy localRank 2 -> connection 0x7f7560005ae8
MOC-R4PCC04U05:361546:362348 [2] NCCL INFO Channel 05/0 : 2[2] -> 3[3] via P2P/CUMEM
MOC-R4PCC04U05:361546:361638 [2] NCCL INFO New proxy send connection 26 from local rank 2, transport 0
MOC-R4PCC04U05:361546:362348 [2] NCCL INFO Connected to proxy localRank 2 -> connection 0x7f7560005b60
MOC-R4PCC04U05:361546:362348 [2] NCCL INFO Channel 06/0 : 2[2] -> 3[3] via P2P/CUMEM
MOC-R4PCC04U05:361546:361638 [2] NCCL INFO New proxy send connection 27 from local rank 2, transport 0
MOC-R4PCC04U05:361546:362348 [2] NCCL INFO Connected to proxy localRank 2 -> connection 0x7f7560005bd8
MOC-R4PCC04U05:361546:362348 [2] NCCL INFO Channel 07/0 : 2[2] -> 3[3] via P2P/CUMEM
MOC-R4PCC04U05:361546:361638 [2] NCCL INFO New proxy send connection 28 from local rank 2, transport 0
MOC-R4PCC04U05:361546:362348 [2] NCCL INFO Connected to proxy localRank 2 -> connection 0x7f7560005c50
MOC-R4PCC04U05:361545:361636 [1] NCCL INFO New proxy recv connection 17 from local rank 1, transport 0
MOC-R4PCC04U05:361545:362349 [1] NCCL INFO Connected to proxy localRank 1 -> connection 0x7f36c4005728
MOC-R4PCC04U05:361545:361636 [1] NCCL INFO New proxy recv connection 18 from local rank 1, transport 0
MOC-R4PCC04U05:361545:362349 [1] NCCL INFO Connected to proxy localRank 1 -> connection 0x7f36c40057a0
MOC-R4PCC04U05:361545:361636 [1] NCCL INFO New proxy recv connection 19 from local rank 1, transport 0
MOC-R4PCC04U05:361545:362349 [1] NCCL INFO Connected to proxy localRank 1 -> connection 0x7f36c4005818
MOC-R4PCC04U05:361545:361636 [1] NCCL INFO New proxy recv connection 20 from local rank 1, transport 0
MOC-R4PCC04U05:361545:362349 [1] NCCL INFO Connected to proxy localRank 1 -> connection 0x7f36c4005890
MOC-R4PCC04U05:361545:361636 [1] NCCL INFO New proxy recv connection 21 from local rank 1, transport 0
MOC-R4PCC04U05:361545:362349 [1] NCCL INFO Connected to proxy localRank 1 -> connection 0x7f36c4005908
MOC-R4PCC04U05:361545:361636 [1] NCCL INFO New proxy recv connection 22 from local rank 1, transport 0
MOC-R4PCC04U05:361545:362349 [1] NCCL INFO Connected to proxy localRank 1 -> connection 0x7f36c4005980
MOC-R4PCC04U05:361545:361636 [1] NCCL INFO New proxy recv connection 23 from local rank 1, transport 0
MOC-R4PCC04U05:361545:362349 [1] NCCL INFO Connected to proxy localRank 1 -> connection 0x7f36c40059f8
MOC-R4PCC04U05:361545:361636 [1] NCCL INFO New proxy recv connection 24 from local rank 1, transport 0
MOC-R4PCC04U05:361545:362349 [1] NCCL INFO Connected to proxy localRank 1 -> connection 0x7f36c4005a70
MOC-R4PCC04U05:361545:362349 [1] NCCL INFO Channel 00/0 : 1[1] -> 2[2] via P2P/CUMEM
MOC-R4PCC04U05:361545:361636 [1] NCCL INFO New proxy send connection 25 from local rank 1, transport 0
MOC-R4PCC04U05:361545:362349 [1] NCCL INFO Connected to proxy localRank 1 -> connection 0x7f36c4005ae8
MOC-R4PCC04U05:361545:362349 [1] NCCL INFO Channel 03/0 : 1[1] -> 2[2] via P2P/CUMEM
MOC-R4PCC04U05:361545:361636 [1] NCCL INFO New proxy send connection 26 from local rank 1, transport 0
MOC-R4PCC04U05:361545:362349 [1] NCCL INFO Connected to proxy localRank 1 -> connection 0x7f36c4005b60
MOC-R4PCC04U05:361545:362349 [1] NCCL INFO Channel 04/0 : 1[1] -> 2[2] via P2P/CUMEM
MOC-R4PCC04U05:361545:361636 [1] NCCL INFO New proxy send connection 27 from local rank 1, transport 0
MOC-R4PCC04U05:361545:362349 [1] NCCL INFO Connected to proxy localRank 1 -> connection 0x7f36c4005bd8
MOC-R4PCC04U05:361545:362349 [1] NCCL INFO Channel 07/0 : 1[1] -> 2[2] via P2P/CUMEM
MOC-R4PCC04U05:361545:361636 [1] NCCL INFO New proxy send connection 28 from local rank 1, transport 0
MOC-R4PCC04U05:361545:362349 [1] NCCL INFO Connected to proxy localRank 1 -> connection 0x7f36c4005c50
MOC-R4PCC04U05:361544:362347 [0] NCCL INFO Channel 02/0 : 0[0] -> 3[3] via P2P/CUMEM
MOC-R4PCC04U05:361544:361637 [0] NCCL INFO New proxy send connection 26 from local rank 0, transport 0
MOC-R4PCC04U05:361544:362347 [0] NCCL INFO Connected to proxy localRank 0 -> connection 0x7fec00005b60
MOC-R4PCC04U05:361545:361636 [1] NCCL INFO New proxy recv connection 29 from local rank 1, transport 2
MOC-R4PCC04U05:361545:362349 [1] NCCL INFO Connected to proxy localRank 1 -> connection 0x7f36c4005cc8
MOC-R4PCC04U05:361545:362349 [1] NCCL INFO Channel 01/0 : 9[1] -> 1[1] [receive] via NET/IB/4
MOC-R4PCC04U05:361545:361636 [1] NCCL INFO New proxy send connection 30 from local rank 1, transport 2
MOC-R4PCC04U05:361545:362349 [1] NCCL INFO Connected to proxy localRank 1 -> connection 0x7f36c4005d40
MOC-R4PCC04U05:361545:362349 [1] NCCL INFO Channel 01/0 : 1[1] -> 9[1] [send] via NET/IB/4
MOC-R4PCC04U05:361544:362347 [0] NCCL INFO Channel 06/0 : 0[0] -> 3[3] via P2P/CUMEM
MOC-R4PCC04U05:361544:361637 [0] NCCL INFO New proxy send connection 27 from local rank 0, transport 0
MOC-R4PCC04U05:361544:362347 [0] NCCL INFO Connected to proxy localRank 0 -> connection 0x7fec00005bd8
MOC-R4PCC04U05:361547:361639 [3] NCCL INFO New proxy recv connection 18 from local rank 3, transport 0
MOC-R4PCC04U05:361547:362350 [3] NCCL INFO Connected to proxy localRank 3 -> connection 0x7ff7480057a0
MOC-R4PCC04U05:361547:361639 [3] NCCL INFO New proxy recv connection 19 from local rank 3, transport 0
MOC-R4PCC04U05:361547:362350 [3] NCCL INFO Connected to proxy localRank 3 -> connection 0x7ff748005818
MOC-R4PCC04U05:361547:361639 [3] NCCL INFO New proxy recv connection 20 from local rank 3, transport 0
MOC-R4PCC04U05:361547:362350 [3] NCCL INFO Connected to proxy localRank 3 -> connection 0x7ff748005890
MOC-R4PCC04U05:361547:361639 [3] NCCL INFO New proxy recv connection 21 from local rank 3, transport 0
MOC-R4PCC04U05:361547:362350 [3] NCCL INFO Connected to proxy localRank 3 -> connection 0x7ff748005908
MOC-R4PCC04U05:361547:361639 [3] NCCL INFO New proxy recv connection 22 from local rank 3, transport 0
MOC-R4PCC04U05:361547:362350 [3] NCCL INFO Connected to proxy localRank 3 -> connection 0x7ff748005980
MOC-R4PCC04U05:361547:361639 [3] NCCL INFO New proxy recv connection 23 from local rank 3, transport 0
MOC-R4PCC04U05:361547:362350 [3] NCCL INFO Connected to proxy localRank 3 -> connection 0x7ff7480059f8
MOC-R4PCC04U05:361547:361639 [3] NCCL INFO New proxy recv connection 24 from local rank 3, transport 0
MOC-R4PCC04U05:361547:362350 [3] NCCL INFO Connected to proxy localRank 3 -> connection 0x7ff748005a70
MOC-R4PCC04U05:361547:361639 [3] NCCL INFO New proxy recv connection 25 from local rank 3, transport 0
MOC-R4PCC04U05:361547:362350 [3] NCCL INFO Connected to proxy localRank 3 -> connection 0x7ff748005ae8
MOC-R4PCC04U05:361547:361639 [3] NCCL INFO New proxy recv connection 26 from local rank 3, transport 0
MOC-R4PCC04U05:361547:362350 [3] NCCL INFO Connected to proxy localRank 3 -> connection 0x7ff748005b60
MOC-R4PCC04U05:361547:361639 [3] NCCL INFO New proxy recv connection 27 from local rank 3, transport 0
MOC-R4PCC04U05:361547:362350 [3] NCCL INFO Connected to proxy localRank 3 -> connection 0x7ff748005bd8
MOC-R4PCC04U05:361546:361638 [2] NCCL INFO New proxy recv connection 29 from local rank 2, transport 2
MOC-R4PCC04U05:361546:362348 [2] NCCL INFO Connected to proxy localRank 2 -> connection 0x7f7560005cc8
MOC-R4PCC04U05:361546:362348 [2] NCCL INFO Channel 02/0 : 10[2] -> 2[2] [receive] via NET/IB/7
MOC-R4PCC04U05:361546:361638 [2] NCCL INFO New proxy send connection 30 from local rank 2, transport 2
MOC-R4PCC04U05:361546:362348 [2] NCCL INFO Connected to proxy localRank 2 -> connection 0x7f7560005d40
MOC-R4PCC04U05:361546:362348 [2] NCCL INFO Channel 02/0 : 2[2] -> 10[2] [send] via NET/IB/7
MOC-R4PCC04U05:361547:361639 [3] NCCL INFO New proxy send connection 28 from local rank 3, transport 2
MOC-R4PCC04U05:361547:362350 [3] NCCL INFO Connected to proxy localRank 3 -> connection 0x7ff748005c50
MOC-R4PCC04U05:361544:361637 [0] NCCL INFO New proxy send connection 28 from local rank 0, transport 2
MOC-R4PCC04U05:361547:362351 [3] NCCL INFO [Proxy Progress] Device 3 CPU core 167
MOC-R4PCC04U05:361547:362350 [3] NCCL INFO Channel 07/0 : 3[3] -> 7[3] [send] via NET/IB/6
MOC-R4PCC04U05:361544:362347 [0] NCCL INFO Connected to proxy localRank 0 -> connection 0x7fec00005c50
MOC-R4PCC04U05:361544:362352 [0] NCCL INFO [Proxy Progress] Device 0 CPU core 267
MOC-R4PCC04U05:361544:362347 [0] NCCL INFO Channel 04/0 : 0[0] -> 4[0] [send] via NET/IB/5
MOC-R4PCC04U05:361544:361637 [0] NCCL INFO New proxy recv connection 29 from local rank 0, transport 2
MOC-R4PCC04U05:361544:362347 [0] NCCL INFO Connected to proxy localRank 0 -> connection 0x7fec00005cc8
