R7=192.168.60.83
R6=192.168.60.174
SHELL=/bin/bash
R5=192.168.60.108
R4=192.168.60.150
R3=192.168.60.128
R2=192.168.60.20
R1=192.168.60.193
R0=192.168.60.185
PKG_CONFIG_PATH=:/opt/mellanox/dpdk/lib64/pkgconfig
PWD=/var/home/cloud-user
LOGNAME=cloud-user
XDG_SESSION_TYPE=tty
MOTD_SHOWN=pam
HOME=/var/home/cloud-user
LANG=C.UTF-8
VIRTUAL_ENV=/var/home/cloud-user/llmc
SSH_CONNECTION=192.168.50.92 42224 192.168.50.92 22
XDG_SESSION_CLASS=user
SELINUX_ROLE_REQUESTED=
LESSOPEN=||/usr/bin/lesspipe.sh %s
USER=cloud-user
N3=192.168.50.172
N2=192.168.50.81
N1=192.168.50.96
N0=192.168.50.92
N7=192.168.50.166
N6=192.168.50.173
N5=192.168.50.105
N4=192.168.50.134
SELINUX_USE_CURRENT_RANGE=
SHLVL=1
XDG_SESSION_ID=3559
VIRTUAL_ENV_PROMPT=(llmc) 
LD_LIBRARY_PATH=/usr/lib64:/opt/nccl/lib/:/opt/openmpi/lib/::/usr/lib/containers/storage/overlay/b8d7296dad9d1c6d232393ff521c2ed6154698d08186254ac804a92ee2da7d91/diff/usr/lib:/usr/lib/containers/storage/overlay/b8d7296dad9d1c6d232393ff521c2ed6154698d08186254ac804a92ee2da7d91/diff/usr/lib64
XDG_RUNTIME_DIR=/run/user/1000
PS1=(llmc) 
SSH_CLIENT=192.168.50.92 42224 22
which_declare=declare -f
PATH=/var/home/cloud-user/llmc/bin:/var/home/cloud-user/.local/bin:/var/home/cloud-user/bin:/opt/openmpi/bin/:/usr/local/sbin:/usr/local/bin:/usr/sbin:/usr/bin:/sbin:/bin:/usr/lib/containers/storage/overlay/b8d7296dad9d1c6d232393ff521c2ed6154698d08186254ac804a92ee2da7d91/diff/usr/bin
SELINUX_LEVEL_REQUESTED=
DBUS_SESSION_BUS_ADDRESS=unix:path=/run/user/1000/bus
BASH_FUNC_which%%=() {  ( alias;
 eval ${which_declare} ) | /usr/bin/which --tty-only --read-alias --read-functions --show-tilde --show-dot $@
}
_=/usr/bin/env
=======Writing nstate pre data=======
#kernel
IpInReceives                    2                  0.0
IpInDelivers                    2                  0.0
IpOutRequests                   2                  0.0
IpOutTransmits                  2                  0.0
TcpInSegs                       2                  0.0
TcpOutSegs                      2                  0.0
TcpExtTCPHPAcks                 1                  0.0
TcpExtTCPOrigDataSent           1                  0.0
TcpExtTCPDelivered              1                  0.0
IpExtInOctets                   1032               0.0
IpExtOutOctets                  188                0.0
IpExtInNoECTPkts                3                  0.0
Running pytorch 2.7.0+cu126
using device: cuda:0
total desired batch size: 262144
=> calculated gradient accumulation steps: 1
using device: cuda:3
using device: cuda:1
using device: cuda:2
compiling the model...
DataLoader: total number of tokens: 1,661,249,667 across 103 files
MOC-R4PCC04U05:81102:81102 [0] NCCL INFO NCCL_SOCKET_IFNAME set to eno6np0
MOC-R4PCC04U05:81102:81102 [0] NCCL INFO NCCL version 2.26.2+cuda12.2
MOC-R4PCC04U05:81102:81152 [0] NCCL INFO NET/Plugin: Could not find: libnccl-net.so. Using internal net plugin.
MOC-R4PCC04U05:81102:81152 [0] NCCL INFO NCCL_IB_HCA set to mlx5_2
MOC-R4PCC04U05:81102:81152 [0] NCCL INFO NET/IB : Made virtual device [0] name=mlx5_2 speed=400000 ndevs=1
MOC-R4PCC04U05:81102:81152 [0] NCCL INFO NET/IB : Using [0]mlx5_2:1/RoCE [RO]; OOB eno6np0:192.168.60.185<0>
MOC-R4PCC04U05:81103:81103 [1] NCCL INFO NCCL_SOCKET_IFNAME set to eno6np0
MOC-R4PCC04U05:81103:81103 [1] NCCL INFO NCCL version 2.26.2+cuda12.2
MOC-R4PCC04U05:81104:81104 [2] NCCL INFO NCCL_SOCKET_IFNAME set to eno6np0
MOC-R4PCC04U05:81104:81104 [2] NCCL INFO NCCL version 2.26.2+cuda12.2
MOC-R4PCC04U05:81103:81169 [1] NCCL INFO NET/Plugin: Could not find: libnccl-net.so. Using internal net plugin.
MOC-R4PCC04U05:81103:81169 [1] NCCL INFO NCCL_IB_HCA set to mlx5_2
MOC-R4PCC04U05:81103:81169 [1] NCCL INFO NET/IB : Made virtual device [0] name=mlx5_2 speed=400000 ndevs=1
MOC-R4PCC04U05:81105:81105 [3] NCCL INFO NCCL_SOCKET_IFNAME set to eno6np0
MOC-R4PCC04U05:81105:81105 [3] NCCL INFO NCCL version 2.26.2+cuda12.2
MOC-R4PCC04U05:81103:81169 [1] NCCL INFO NET/IB : Using [0]mlx5_2:1/RoCE [RO]; OOB eno6np0:192.168.60.185<0>
MOC-R4PCC04U05:81104:81170 [2] NCCL INFO NET/Plugin: Could not find: libnccl-net.so. Using internal net plugin.
MOC-R4PCC04U05:81104:81170 [2] NCCL INFO NCCL_IB_HCA set to mlx5_2
MOC-R4PCC04U05:81104:81170 [2] NCCL INFO NET/IB : Made virtual device [0] name=mlx5_2 speed=400000 ndevs=1
MOC-R4PCC04U05:81104:81170 [2] NCCL INFO NET/IB : Using [0]mlx5_2:1/RoCE [RO]; OOB eno6np0:192.168.60.185<0>
MOC-R4PCC04U05:81105:81172 [3] NCCL INFO NET/Plugin: Could not find: libnccl-net.so. Using internal net plugin.
MOC-R4PCC04U05:81105:81172 [3] NCCL INFO NCCL_IB_HCA set to mlx5_2
MOC-R4PCC04U05:81105:81172 [3] NCCL INFO NET/IB : Made virtual device [0] name=mlx5_2 speed=400000 ndevs=1
MOC-R4PCC04U05:81105:81172 [3] NCCL INFO NET/IB : Using [0]mlx5_2:1/RoCE [RO]; OOB eno6np0:192.168.60.185<0>
MOC-R4PCC04U05:81102:81152 [0] NCCL INFO NET/IB : GPU Direct RDMA Disabled for HCA 0 'mlx5_2'
MOC-R4PCC04U05:81102:81152 [0] NCCL INFO NET/IB : Made virtual device [1] name=mlx5_2 speed=400000 ndevs=1
MOC-R4PCC04U05:81102:81152 [0] NCCL INFO NET/IB : GPU Direct RDMA Disabled for HCA 0 'mlx5_2'
MOC-R4PCC04U05:81102:81152 [0] NCCL INFO NET/IB : GPU Direct RDMA Disabled for HCA 1 'mlx5_2'
MOC-R4PCC04U05:81103:81169 [1] NCCL INFO NET/IB : GPU Direct RDMA Disabled for HCA 0 'mlx5_2'
MOC-R4PCC04U05:81103:81169 [1] NCCL INFO NET/IB : Made virtual device [1] name=mlx5_2 speed=400000 ndevs=1
MOC-R4PCC04U05:81103:81169 [1] NCCL INFO NET/IB : GPU Direct RDMA Disabled for HCA 0 'mlx5_2'
MOC-R4PCC04U05:81103:81169 [1] NCCL INFO NET/IB : GPU Direct RDMA Disabled for HCA 1 'mlx5_2'
MOC-R4PCC04U05:81105:81172 [3] NCCL INFO NET/IB : GPU Direct RDMA Disabled for HCA 0 'mlx5_2'
MOC-R4PCC04U05:81105:81172 [3] NCCL INFO NET/IB : Made virtual device [1] name=mlx5_2 speed=400000 ndevs=1
MOC-R4PCC04U05:81105:81172 [3] NCCL INFO NET/IB : GPU Direct RDMA Disabled for HCA 0 'mlx5_2'
MOC-R4PCC04U05:81105:81172 [3] NCCL INFO NET/IB : GPU Direct RDMA Disabled for HCA 1 'mlx5_2'
MOC-R4PCC04U05:81104:81170 [2] NCCL INFO NET/IB : GPU Direct RDMA Disabled for HCA 0 'mlx5_2'
MOC-R4PCC04U05:81104:81170 [2] NCCL INFO NET/IB : Made virtual device [1] name=mlx5_2 speed=400000 ndevs=1
MOC-R4PCC04U05:81104:81170 [2] NCCL INFO NET/IB : GPU Direct RDMA Disabled for HCA 0 'mlx5_2'
MOC-R4PCC04U05:81104:81170 [2] NCCL INFO NET/IB : GPU Direct RDMA Disabled for HCA 1 'mlx5_2'
MOC-R4PCC04U05:81103:81192 [1] NCCL INFO New proxy send connection 0 from local rank 1, transport 0
MOC-R4PCC04U05:81103:81209 [1] NCCL INFO Connected to proxy localRank 1 -> connection 0x7f2cb000adb0
MOC-R4PCC04U05:81105:81190 [3] NCCL INFO New proxy recv connection 0 from local rank 3, transport 0
MOC-R4PCC04U05:81105:81211 [3] NCCL INFO Connected to proxy localRank 3 -> connection 0x7f49d400adb0
MOC-R4PCC04U05:81105:81190 [3] NCCL INFO New proxy recv connection 1 from local rank 3, transport 0
MOC-R4PCC04U05:81105:81211 [3] NCCL INFO Connected to proxy localRank 3 -> connection 0x7f49d400ae28
MOC-R4PCC04U05:81103:81192 [1] NCCL INFO New proxy send connection 1 from local rank 1, transport 0
MOC-R4PCC04U05:81103:81209 [1] NCCL INFO Connected to proxy localRank 1 -> connection 0x7f2cb000ae28
MOC-R4PCC04U05:81105:81190 [3] NCCL INFO New proxy recv connection 2 from local rank 3, transport 0
MOC-R4PCC04U05:81105:81211 [3] NCCL INFO Connected to proxy localRank 3 -> connection 0x7f49d400aea0
MOC-R4PCC04U05:81105:81190 [3] NCCL INFO New proxy recv connection 3 from local rank 3, transport 0
MOC-R4PCC04U05:81105:81211 [3] NCCL INFO Connected to proxy localRank 3 -> connection 0x7f49d400af18
MOC-R4PCC04U05:81104:81191 [2] NCCL INFO New proxy send connection 0 from local rank 2, transport 0
MOC-R4PCC04U05:81104:81219 [2] NCCL INFO Connected to proxy localRank 2 -> connection 0x7efcf800adb0
MOC-R4PCC04U05:81102:81193 [0] NCCL INFO New proxy recv connection 0 from local rank 0, transport 2
MOC-R4PCC04U05:81102:81214 [0] NCCL INFO Connected to proxy localRank 0 -> connection 0x7f385400aea0
MOC-R4PCC04U05:81102:81214 [0] NCCL INFO Channel 00/0 : 5[1] -> 0[0] [receive] via NET/IB/1
MOC-R4PCC04U05:81102:81193 [0] NCCL INFO New proxy recv connection 1 from local rank 0, transport 2
MOC-R4PCC04U05:81102:81214 [0] NCCL INFO Connected to proxy localRank 0 -> connection 0x7f385400af18
MOC-R4PCC04U05:81102:81214 [0] NCCL INFO Channel 02/0 : 5[1] -> 0[0] [receive] via NET/IB/1
MOC-R4PCC04U05:81102:81193 [0] NCCL INFO New proxy send connection 2 from local rank 0, transport 0
MOC-R4PCC04U05:81102:81214 [0] NCCL INFO Connected to proxy localRank 0 -> connection 0x7f385400af90
MOC-R4PCC04U05:81103:81192 [1] NCCL INFO New proxy send connection 2 from local rank 1, transport 2
MOC-R4PCC04U05:81103:81209 [1] NCCL INFO Connected to proxy localRank 1 -> connection 0x7f2cb000aea0
MOC-R4PCC04U05:81103:81209 [1] NCCL INFO Channel 00/0 : 1[1] -> 4[0] [send] via NET/IB/1
MOC-R4PCC04U05:81103:81192 [1] NCCL INFO New proxy send connection 3 from local rank 1, transport 2
MOC-R4PCC04U05:81103:81209 [1] NCCL INFO Connected to proxy localRank 1 -> connection 0x7f2cb000af18
MOC-R4PCC04U05:81103:81209 [1] NCCL INFO Channel 02/0 : 1[1] -> 4[0] [send] via NET/IB/1
MOC-R4PCC04U05:81104:81191 [2] NCCL INFO New proxy send connection 1 from local rank 2, transport 0
MOC-R4PCC04U05:81102:81193 [0] NCCL INFO New proxy send connection 3 from local rank 0, transport 0
MOC-R4PCC04U05:81104:81219 [2] NCCL INFO Connected to proxy localRank 2 -> connection 0x7efcf800ae28
MOC-R4PCC04U05:81102:81214 [0] NCCL INFO Connected to proxy localRank 0 -> connection 0x7f385400b008
MOC-R4PCC04U05:81105:81190 [3] NCCL INFO New proxy send connection 4 from local rank 3, transport 0
MOC-R4PCC04U05:81105:81211 [3] NCCL INFO Connected to proxy localRank 3 -> connection 0x7f49d400af90
MOC-R4PCC04U05:81105:81190 [3] NCCL INFO New proxy send connection 5 from local rank 3, transport 0
MOC-R4PCC04U05:81105:81211 [3] NCCL INFO Connected to proxy localRank 3 -> connection 0x7f49d400b008
MOC-R4PCC04U05:81102:81193 [0] NCCL INFO New proxy send connection 4 from local rank 0, transport 2
MOC-R4PCC04U05:81102:81214 [0] NCCL INFO Connected to proxy localRank 0 -> connection 0x7f385400b080
MOC-R4PCC04U05:81102:81214 [0] NCCL INFO Channel 01/0 : 0[0] -> 5[1] [send] via NET/IB/1
MOC-R4PCC04U05:81102:81193 [0] NCCL INFO New proxy send connection 5 from local rank 0, transport 2
MOC-R4PCC04U05:81102:81214 [0] NCCL INFO Connected to proxy localRank 0 -> connection 0x7f385400b0f8
MOC-R4PCC04U05:81102:81214 [0] NCCL INFO Channel 03/0 : 0[0] -> 5[1] [send] via NET/IB/1
MOC-R4PCC04U05:81102:81193 [0] NCCL INFO New proxy recv connection 6 from local rank 0, transport 0
MOC-R4PCC04U05:81102:81214 [0] NCCL INFO Connected to proxy localRank 0 -> connection 0x7f385400b170
MOC-R4PCC04U05:81103:81192 [1] NCCL INFO New proxy recv connection 4 from local rank 1, transport 2
MOC-R4PCC04U05:81103:81209 [1] NCCL INFO Connected to proxy localRank 1 -> connection 0x7f2cb000af90
MOC-R4PCC04U05:81103:81209 [1] NCCL INFO Channel 01/0 : 4[0] -> 1[1] [receive] via NET/IB/1
MOC-R4PCC04U05:81103:81192 [1] NCCL INFO New proxy recv connection 5 from local rank 1, transport 2
MOC-R4PCC04U05:81103:81209 [1] NCCL INFO Connected to proxy localRank 1 -> connection 0x7f2cb000b008
MOC-R4PCC04U05:81103:81209 [1] NCCL INFO Channel 03/0 : 4[0] -> 1[1] [receive] via NET/IB/1
MOC-R4PCC04U05:81103:81192 [1] NCCL INFO New proxy recv connection 6 from local rank 1, transport 0
MOC-R4PCC04U05:81103:81209 [1] NCCL INFO Connected to proxy localRank 1 -> connection 0x7f2cb000b080
MOC-R4PCC04U05:81105:81190 [3] NCCL INFO New proxy send connection 6 from local rank 3, transport 0
MOC-R4PCC04U05:81105:81211 [3] NCCL INFO Connected to proxy localRank 3 -> connection 0x7f49d400b080
MOC-R4PCC04U05:81105:81190 [3] NCCL INFO New proxy send connection 7 from local rank 3, transport 0
MOC-R4PCC04U05:81105:81211 [3] NCCL INFO Connected to proxy localRank 3 -> connection 0x7f49d400b0f8
MOC-R4PCC04U05:81102:81193 [0] NCCL INFO New proxy recv connection 7 from local rank 0, transport 0
MOC-R4PCC04U05:81102:81214 [0] NCCL INFO Connected to proxy localRank 0 -> connection 0x7f385400b1e8
MOC-R4PCC04U05:81103:81192 [1] NCCL INFO New proxy recv connection 7 from local rank 1, transport 0
MOC-R4PCC04U05:81103:81209 [1] NCCL INFO Connected to proxy localRank 1 -> connection 0x7f2cb000b0f8
MOC-R4PCC04U05:81104:81191 [2] NCCL INFO New proxy recv connection 2 from local rank 2, transport 0
MOC-R4PCC04U05:81104:81219 [2] NCCL INFO Connected to proxy localRank 2 -> connection 0x7efcf800aea0
MOC-R4PCC04U05:81105:81190 [3] NCCL INFO New proxy send connection 8 from local rank 0, transport 0
MOC-R4PCC04U05:81102:81214 [0] NCCL INFO Connected to proxy localRank 3 -> connection 0x7f49d400b170
MOC-R4PCC04U05:81104:81191 [2] NCCL INFO New proxy recv connection 3 from local rank 2, transport 0
MOC-R4PCC04U05:81104:81219 [2] NCCL INFO Connected to proxy localRank 2 -> connection 0x7efcf800af18
MOC-R4PCC04U05:81104:81191 [2] NCCL INFO New proxy recv connection 4 from local rank 2, transport 0
MOC-R4PCC04U05:81104:81219 [2] NCCL INFO Connected to proxy localRank 2 -> connection 0x7efcf800af90
MOC-R4PCC04U05:81104:81191 [2] NCCL INFO New proxy recv connection 5 from local rank 2, transport 0
MOC-R4PCC04U05:81104:81219 [2] NCCL INFO Connected to proxy localRank 2 -> connection 0x7efcf800b008
MOC-R4PCC04U05:81104:81191 [2] NCCL INFO New proxy send connection 6 from local rank 2, transport 0
MOC-R4PCC04U05:81104:81219 [2] NCCL INFO Connected to proxy localRank 2 -> connection 0x7efcf800b080
MOC-R4PCC04U05:81104:81191 [2] NCCL INFO New proxy send connection 7 from local rank 2, transport 0
MOC-R4PCC04U05:81104:81219 [2] NCCL INFO Connected to proxy localRank 2 -> connection 0x7efcf800b0f8
MOC-R4PCC04U05:81102:81193 [0] NCCL INFO New proxy send connection 8 from local rank 2, transport 0
MOC-R4PCC04U05:81104:81219 [2] NCCL INFO Connected to proxy localRank 0 -> connection 0x7f385400b260
MOC-R4PCC04U05:81103:81192 [1] NCCL INFO New proxy send connection 8 from local rank 3, transport 0
MOC-R4PCC04U05:81105:81211 [3] NCCL INFO Connected to proxy localRank 1 -> connection 0x7f2cb000b170
MOC-R4PCC04U05:81105:81190 [3] NCCL INFO New proxy send connection 9 from local rank 1, transport 0
MOC-R4PCC04U05:81103:81209 [1] NCCL INFO Connected to proxy localRank 3 -> connection 0x7f49d400b1e8
MOC-R4PCC04U05:81104:81191 [2] NCCL INFO New proxy send connection 8 from local rank 0, transport 0
MOC-R4PCC04U05:81102:81214 [0] NCCL INFO Connected to proxy localRank 2 -> connection 0x7efcf800b170
MOC-R4PCC04U05:81103:81192 [1] NCCL INFO New proxy send connection 9 from local rank 2, transport 0
MOC-R4PCC04U05:81104:81219 [2] NCCL INFO Connected to proxy localRank 1 -> connection 0x7f2cb000b1e8
MOC-R4PCC04U05:81102:81193 [0] NCCL INFO New proxy send connection 9 from local rank 3, transport 0
MOC-R4PCC04U05:81105:81211 [3] NCCL INFO Connected to proxy localRank 0 -> connection 0x7f385400b2d8
MOC-R4PCC04U05:81104:81191 [2] NCCL INFO New proxy send connection 9 from local rank 1, transport 0
MOC-R4PCC04U05:81103:81209 [1] NCCL INFO Connected to proxy localRank 2 -> connection 0x7efcf800b1e8
MOC-R4PCC04U05:81103:81192 [1] NCCL INFO NET/IB: NCCL Dev 1 IbDev 0 Port 1 qpn 344 mtu 5 query_ece={supported=1, vendor_id=0x15b3, options=0x30000002, comp_mask=0x0} GID 3 (0/B93CA8C0FFFF0000) fifoRkey=0x17c483 fifoLkey=0x17c483
MOC-R4PCC04U05:81103:81192 [1] NCCL INFO NET/IB: IbDev 0 Port 1 qpn 344 set_ece={supported=1, vendor_id=0x15b3, options=0x0, comp_mask=0x0}
MOC-R4PCC04U05:81103:81192 [1] NCCL INFO NET/IB: NCCL Dev 1 IbDev 0 Port 1 qpn 345 mtu 5 query_ece={supported=1, vendor_id=0x15b3, options=0x30000002, comp_mask=0x0} GID 3 (0/B93CA8C0FFFF0000) fifoRkey=0x17d998 fifoLkey=0x17d998
MOC-R4PCC04U05:81103:81192 [1] NCCL INFO NET/IB: IbDev 0 Port 1 qpn 346 set_ece={supported=1, vendor_id=0x15b3, options=0x0, comp_mask=0x0}
MOC-R4PCC04U05:81105:81190 [3] NCCL INFO New proxy send connection 10 from local rank 2, transport 0
MOC-R4PCC04U05:81104:81219 [2] NCCL INFO Connected to proxy localRank 3 -> connection 0x7f49d400b260
MOC-R4PCC04U05:81104:81191 [2] NCCL INFO New proxy send connection 10 from local rank 3, transport 0
MOC-R4PCC04U05:81105:81211 [3] NCCL INFO Connected to proxy localRank 2 -> connection 0x7efcf800b260
MOC-R4PCC04U05:81102:81193 [0] NCCL INFO NET/IB: NCCL Dev 1 IbDev 0 Port 1 qpn 354 mtu 5 query_ece={supported=1, vendor_id=0x15b3, options=0x30000002, comp_mask=0x0} GID 3 (0/B93CA8C0FFFF0000) fifoRkey=0x17e6a6 fifoLkey=0x17e6a6
MOC-R4PCC04U05:81102:81193 [0] NCCL INFO NET/IB: NCCL Dev 1 IbDev 0 Port 1 qpn 355 mtu 5 query_ece={supported=1, vendor_id=0x15b3, options=0x30000002, comp_mask=0x0} GID 3 (0/B93CA8C0FFFF0000) fifoRkey=0x1804c3 fifoLkey=0x1804c3
MOC-R4PCC04U05:81102:81193 [0] NCCL INFO NET/IB: IbDev 0 Port 1 qpn 352 set_ece={supported=1, vendor_id=0x15b3, options=0x0, comp_mask=0x0}
MOC-R4PCC04U05:81102:81193 [0] NCCL INFO NET/IB: IbDev 0 Port 1 qpn 354 set_ece={supported=1, vendor_id=0x15b3, options=0x0, comp_mask=0x0}
num decayed parameter tensors: 50, with 124,318,464 parameters
num non-decayed parameter tensors: 98, with 121,344 parameters
using fused AdamW: False
using regular AdamW
MOC-R4PCC04U05:81104:81191 [2] NCCL INFO New proxy recv connection 11 from local rank 2, transport 0
MOC-R4PCC04U05:81104:83098 [2] NCCL INFO Connected to proxy localRank 2 -> connection 0x7efcf800b2d8
MOC-R4PCC04U05:81104:81191 [2] NCCL INFO New proxy recv connection 12 from local rank 2, transport 0
MOC-R4PCC04U05:81104:83098 [2] NCCL INFO Connected to proxy localRank 2 -> connection 0x7efcf800b350
MOC-R4PCC04U05:81104:81191 [2] NCCL INFO New proxy recv connection 13 from local rank 2, transport 0
MOC-R4PCC04U05:81104:83098 [2] NCCL INFO Connected to proxy localRank 2 -> connection 0x7efcf800b3c8
MOC-R4PCC04U05:81104:81191 [2] NCCL INFO New proxy recv connection 14 from local rank 2, transport 0
MOC-R4PCC04U05:81104:83098 [2] NCCL INFO Connected to proxy localRank 2 -> connection 0x7efcf800b440
MOC-R4PCC04U05:81104:81191 [2] NCCL INFO New proxy send connection 15 from local rank 2, transport 0
MOC-R4PCC04U05:81104:83098 [2] NCCL INFO Connected to proxy localRank 2 -> connection 0x7efcf800b4b8
MOC-R4PCC04U05:81104:81191 [2] NCCL INFO New proxy send connection 16 from local rank 2, transport 0
MOC-R4PCC04U05:81104:83098 [2] NCCL INFO Connected to proxy localRank 2 -> connection 0x7efcf800b530
MOC-R4PCC04U05:81104:81191 [2] NCCL INFO New proxy send connection 17 from local rank 2, transport 0
MOC-R4PCC04U05:81104:83098 [2] NCCL INFO Connected to proxy localRank 2 -> connection 0x7efcf800b5a8
MOC-R4PCC04U05:81104:81191 [2] NCCL INFO New proxy send connection 18 from local rank 2, transport 0
MOC-R4PCC04U05:81104:83098 [2] NCCL INFO Connected to proxy localRank 2 -> connection 0x7efcf800b620
MOC-R4PCC04U05:81105:81190 [3] NCCL INFO New proxy recv connection 11 from local rank 3, transport 0
MOC-R4PCC04U05:81105:83099 [3] NCCL INFO Connected to proxy localRank 3 -> connection 0x7f49d400b2d8
MOC-R4PCC04U05:81105:81190 [3] NCCL INFO New proxy recv connection 12 from local rank 3, transport 0
MOC-R4PCC04U05:81105:83099 [3] NCCL INFO Connected to proxy localRank 3 -> connection 0x7f49d400b350
MOC-R4PCC04U05:81105:81190 [3] NCCL INFO New proxy recv connection 13 from local rank 3, transport 0
MOC-R4PCC04U05:81105:83099 [3] NCCL INFO Connected to proxy localRank 3 -> connection 0x7f49d400b3c8
MOC-R4PCC04U05:81105:81190 [3] NCCL INFO New proxy recv connection 14 from local rank 3, transport 0
MOC-R4PCC04U05:81105:83099 [3] NCCL INFO Connected to proxy localRank 3 -> connection 0x7f49d400b440
MOC-R4PCC04U05:81103:81192 [1] NCCL INFO New proxy recv connection 10 from local rank 1, transport 0
MOC-R4PCC04U05:81103:83100 [1] NCCL INFO Connected to proxy localRank 1 -> connection 0x7f2cb000b260
MOC-R4PCC04U05:81103:81192 [1] NCCL INFO New proxy recv connection 11 from local rank 1, transport 0
MOC-R4PCC04U05:81103:83100 [1] NCCL INFO Connected to proxy localRank 1 -> connection 0x7f2cb000b2d8
MOC-R4PCC04U05:81103:81192 [1] NCCL INFO New proxy recv connection 12 from local rank 1, transport 0
MOC-R4PCC04U05:81103:83100 [1] NCCL INFO Connected to proxy localRank 1 -> connection 0x7f2cb000b350
MOC-R4PCC04U05:81103:81192 [1] NCCL INFO New proxy recv connection 13 from local rank 1, transport 0
MOC-R4PCC04U05:81103:83100 [1] NCCL INFO Connected to proxy localRank 1 -> connection 0x7f2cb000b3c8
MOC-R4PCC04U05:81103:81192 [1] NCCL INFO New proxy send connection 14 from local rank 1, transport 0
MOC-R4PCC04U05:81103:83100 [1] NCCL INFO Connected to proxy localRank 1 -> connection 0x7f2cb000b440
MOC-R4PCC04U05:81103:81192 [1] NCCL INFO New proxy send connection 15 from local rank 1, transport 0
MOC-R4PCC04U05:81103:83100 [1] NCCL INFO Connected to proxy localRank 1 -> connection 0x7f2cb000b4b8
MOC-R4PCC04U05:81103:81192 [1] NCCL INFO New proxy send connection 16 from local rank 1, transport 0
MOC-R4PCC04U05:81103:83100 [1] NCCL INFO Connected to proxy localRank 1 -> connection 0x7f2cb000b530
MOC-R4PCC04U05:81103:81192 [1] NCCL INFO New proxy send connection 17 from local rank 1, transport 0
MOC-R4PCC04U05:81103:83100 [1] NCCL INFO Connected to proxy localRank 1 -> connection 0x7f2cb000b5a8
MOC-R4PCC04U05:81104:81191 [2] NCCL INFO New proxy send connection 19 from local rank 2, transport 0
MOC-R4PCC04U05:81104:83098 [2] NCCL INFO Connected to proxy localRank 2 -> connection 0x7efcf800b698
MOC-R4PCC04U05:81104:81191 [2] NCCL INFO New proxy send connection 20 from local rank 2, transport 0
MOC-R4PCC04U05:81104:83098 [2] NCCL INFO Connected to proxy localRank 2 -> connection 0x7efcf800b710
MOC-R4PCC04U05:81102:81193 [0] NCCL INFO New proxy send connection 10 from local rank 0, transport 0
MOC-R4PCC04U05:81102:83101 [0] NCCL INFO Connected to proxy localRank 0 -> connection 0x7f385400b350
MOC-R4PCC04U05:81102:81193 [0] NCCL INFO New proxy send connection 11 from local rank 0, transport 0
MOC-R4PCC04U05:81102:83101 [0] NCCL INFO Connected to proxy localRank 0 -> connection 0x7f385400b3c8
MOC-R4PCC04U05:81102:81193 [0] NCCL INFO New proxy send connection 12 from local rank 0, transport 0
MOC-R4PCC04U05:81102:83101 [0] NCCL INFO Connected to proxy localRank 0 -> connection 0x7f385400b440
MOC-R4PCC04U05:81102:81193 [0] NCCL INFO New proxy send connection 13 from local rank 0, transport 0
MOC-R4PCC04U05:81102:83101 [0] NCCL INFO Connected to proxy localRank 0 -> connection 0x7f385400b4b8
MOC-R4PCC04U05:81102:81193 [0] NCCL INFO New proxy recv connection 14 from local rank 0, transport 2
MOC-R4PCC04U05:81102:83101 [0] NCCL INFO Connected to proxy localRank 0 -> connection 0x7f385400b530
MOC-R4PCC04U05:81102:83101 [0] NCCL INFO Channel 00/0 : 4[0] -> 0[0] [receive] via NET/IB/1
MOC-R4PCC04U05:81102:81193 [0] NCCL INFO New proxy recv connection 15 from local rank 0, transport 2
MOC-R4PCC04U05:81102:83101 [0] NCCL INFO Connected to proxy localRank 0 -> connection 0x7f385400b5a8
MOC-R4PCC04U05:81102:83101 [0] NCCL INFO Channel 01/0 : 4[0] -> 0[0] [receive] via NET/IB/1
MOC-R4PCC04U05:81103:81192 [1] NCCL INFO New proxy recv connection 18 from local rank 1, transport 0
MOC-R4PCC04U05:81102:81193 [0] NCCL INFO New proxy recv connection 16 from local rank 0, transport 2
MOC-R4PCC04U05:81102:83101 [0] NCCL INFO Connected to proxy localRank 0 -> connection 0x7f385400b620
MOC-R4PCC04U05:81103:83100 [1] NCCL INFO Connected to proxy localRank 1 -> connection 0x7f2cb000b620
MOC-R4PCC04U05:81102:83101 [0] NCCL INFO Channel 02/0 : 4[0] -> 0[0] [receive] via NET/IB/1
MOC-R4PCC04U05:81102:81193 [0] NCCL INFO New proxy recv connection 17 from local rank 0, transport 2
MOC-R4PCC04U05:81102:83101 [0] NCCL INFO Connected to proxy localRank 0 -> connection 0x7f385400b698
MOC-R4PCC04U05:81102:83101 [0] NCCL INFO Channel 03/0 : 4[0] -> 0[0] [receive] via NET/IB/1
MOC-R4PCC04U05:81102:81193 [0] NCCL INFO New proxy send connection 18 from local rank 0, transport 2
MOC-R4PCC04U05:81102:83101 [0] NCCL INFO Connected to proxy localRank 0 -> connection 0x7f385400b710
MOC-R4PCC04U05:81102:83101 [0] NCCL INFO Channel 00/0 : 0[0] -> 4[0] [send] via NET/IB/1
MOC-R4PCC04U05:81102:81193 [0] NCCL INFO New proxy send connection 19 from local rank 0, transport 2
MOC-R4PCC04U05:81102:83101 [0] NCCL INFO Connected to proxy localRank 0 -> connection 0x7f385400b788
MOC-R4PCC04U05:81102:83101 [0] NCCL INFO Channel 01/0 : 0[0] -> 4[0] [send] via NET/IB/1
MOC-R4PCC04U05:81102:81193 [0] NCCL INFO New proxy send connection 20 from local rank 0, transport 2
MOC-R4PCC04U05:81102:83101 [0] NCCL INFO Connected to proxy localRank 0 -> connection 0x7f385400b800
MOC-R4PCC04U05:81102:83101 [0] NCCL INFO Channel 02/0 : 0[0] -> 4[0] [send] via NET/IB/1
MOC-R4PCC04U05:81102:81193 [0] NCCL INFO New proxy send connection 21 from local rank 0, transport 2
MOC-R4PCC04U05:81102:83101 [0] NCCL INFO Connected to proxy localRank 0 -> connection 0x7f385400b878
MOC-R4PCC04U05:81102:83101 [0] NCCL INFO Channel 03/0 : 0[0] -> 4[0] [send] via NET/IB/1
MOC-R4PCC04U05:81103:81192 [1] NCCL INFO New proxy recv connection 19 from local rank 1, transport 0
MOC-R4PCC04U05:81103:83100 [1] NCCL INFO Connected to proxy localRank 1 -> connection 0x7f2cb000b698
MOC-R4PCC04U05:81102:81193 [0] NCCL INFO New proxy recv connection 22 from local rank 0, transport 0
MOC-R4PCC04U05:81102:83101 [0] NCCL INFO Connected to proxy localRank 0 -> connection 0x7f385400b8f0
MOC-R4PCC04U05:81103:81192 [1] NCCL INFO New proxy send connection 20 from local rank 1, transport 0
MOC-R4PCC04U05:81103:83100 [1] NCCL INFO Connected to proxy localRank 1 -> connection 0x7f2cb000b710
MOC-R4PCC04U05:81103:81192 [1] NCCL INFO New proxy send connection 21 from local rank 1, transport 0
MOC-R4PCC04U05:81103:83100 [1] NCCL INFO Connected to proxy localRank 1 -> connection 0x7f2cb000b788
MOC-R4PCC04U05:81102:81193 [0] NCCL INFO New proxy recv connection 23 from local rank 0, transport 0
MOC-R4PCC04U05:81102:83101 [0] NCCL INFO Connected to proxy localRank 0 -> connection 0x7f385400b968
MOC-R4PCC04U05:81103:81192 [1] NCCL INFO New proxy send connection 22 from local rank 1, transport 0
MOC-R4PCC04U05:81103:83100 [1] NCCL INFO Connected to proxy localRank 1 -> connection 0x7f2cb000b800
MOC-R4PCC04U05:81102:81193 [0] NCCL INFO New proxy recv connection 24 from local rank 0, transport 0
MOC-R4PCC04U05:81102:83101 [0] NCCL INFO Connected to proxy localRank 0 -> connection 0x7f385400b9e0
MOC-R4PCC04U05:81103:81192 [1] NCCL INFO New proxy send connection 23 from local rank 1, transport 0
MOC-R4PCC04U05:81102:81193 [0] NCCL INFO New proxy recv connection 25 from local rank 0, transport 0
MOC-R4PCC04U05:81103:83100 [1] NCCL INFO Connected to proxy localRank 1 -> connection 0x7f2cb000b878
MOC-R4PCC04U05:81102:83101 [0] NCCL INFO Connected to proxy localRank 0 -> connection 0x7f385400ba58
MOC-R4PCC04U05:81103:81192 [1] NCCL INFO New proxy send connection 24 from local rank 0, transport 0
MOC-R4PCC04U05:81102:83101 [0] NCCL INFO Connected to proxy localRank 1 -> connection 0x7f2cb000b8f0
MOC-R4PCC04U05:81102:81193 [0] NCCL INFO New proxy send connection 26 from local rank 1, transport 0
MOC-R4PCC04U05:81103:83100 [1] NCCL INFO Connected to proxy localRank 0 -> connection 0x7f385400bad0
MOC-R4PCC04U05:81102:81193 [0] NCCL INFO NET/IB: NCCL Dev 1 IbDev 0 Port 1 qpn 356 mtu 5 query_ece={supported=1, vendor_id=0x15b3, options=0x30000002, comp_mask=0x0} GID 3 (0/B93CA8C0FFFF0000) fifoRkey=0x170dcc fifoLkey=0x170dcc
MOC-R4PCC04U05:81102:81193 [0] NCCL INFO NET/IB: NCCL Dev 1 IbDev 0 Port 1 qpn 359 mtu 5 query_ece={supported=1, vendor_id=0x15b3, options=0x30000002, comp_mask=0x0} GID 3 (0/B93CA8C0FFFF0000) fifoRkey=0x1727e6 fifoLkey=0x1727e6
MOC-R4PCC04U05:81102:81193 [0] NCCL INFO NET/IB: NCCL Dev 1 IbDev 0 Port 1 qpn 362 mtu 5 query_ece={supported=1, vendor_id=0x15b3, options=0x30000002, comp_mask=0x0} GID 3 (0/B93CA8C0FFFF0000) fifoRkey=0x176f2e fifoLkey=0x176f2e
MOC-R4PCC04U05:81102:81193 [0] NCCL INFO NET/IB: IbDev 0 Port 1 qpn 359 set_ece={supported=1, vendor_id=0x15b3, options=0x0, comp_mask=0x0}
MOC-R4PCC04U05:81102:81193 [0] NCCL INFO NET/IB: IbDev 0 Port 1 qpn 361 set_ece={supported=1, vendor_id=0x15b3, options=0x0, comp_mask=0x0}
MOC-R4PCC04U05:81102:81193 [0] NCCL INFO NET/IB: IbDev 0 Port 1 qpn 363 set_ece={supported=1, vendor_id=0x15b3, options=0x0, comp_mask=0x0}
MOC-R4PCC04U05:81102:81193 [0] NCCL INFO NET/IB: NCCL Dev 1 IbDev 0 Port 1 qpn 365 mtu 5 query_ece={supported=1, vendor_id=0x15b3, options=0x30000002, comp_mask=0x0} GID 3 (0/B93CA8C0FFFF0000) fifoRkey=0x17c181 fifoLkey=0x17c181
MOC-R4PCC04U05:81102:81193 [0] NCCL INFO NET/IB: IbDev 0 Port 1 qpn 365 set_ece={supported=1, vendor_id=0x15b3, options=0x0, comp_mask=0x0}
step    1/10 | train loss 11.008545 | norm 15.8512 | lr 1.00e-04 | (15963.86 ms | 16421 tok/s)
step    2/10 | train loss 10.116463 | norm 5.8732 | lr 1.00e-04 | (119.80 ms | 2188157 tok/s)
step    3/10 | train loss 9.765999 | norm 2.6306 | lr 1.00e-04 | (114.26 ms | 2294215 tok/s)
step    4/10 | train loss 9.596247 | norm 2.1068 | lr 1.00e-04 | (113.68 ms | 2306037 tok/s)
step    5/10 | train loss 9.513394 | norm 2.1000 | lr 1.00e-04 | (114.12 ms | 2297124 tok/s)
step    6/10 | train loss 9.431196 | norm 1.9935 | lr 1.00e-04 | (114.59 ms | 2287704 tok/s)
step    7/10 | train loss 9.345896 | norm 1.9369 | lr 1.00e-04 | (114.14 ms | 2296712 tok/s)
step    8/10 | train loss 9.256406 | norm 1.9010 | lr 1.00e-04 | (115.70 ms | 2265680 tok/s)
step    9/10 | train loss 9.164127 | norm 1.8592 | lr 1.00e-04 | (114.97 ms | 2280170 tok/s)
step   10/10 | train loss 9.071943 | norm 1.7839 | lr 1.00e-04 | (113.87 ms | 2302117 tok/s)
final 9 iters avg: 115.014ms
peak memory consumption: 16121 MiB
Collecting data...
Generating '/tmp/nsys-report-5169.qdstrm'
[1/1] [0%                          ] report.nsys-rep[1/1] [0%                          ] report.nsys-rep[1/1] [5%                          ] report.nsys-rep[1/1] [5%                          ] report.nsys-rep[1/1] [6%                          ] report.nsys-rep[1/1] [5%                          ] report.nsys-rep[1/1] [8%                          ] report.nsys-rep[1/1] [7%                          ] report.nsys-rep[1/1] [9%                          ] report.nsys-rep[1/1] [8%                          ] report.nsys-rep[1/1] [11%                         ] report.nsys-rep[1/1] [10%                         ] report.nsys-rep[1/1] [12%                         ] report.nsys-rep[1/1] [11%                         ] report.nsys-rep[1/1] [13%                         ] report.nsys-rep[1/1] [12%                         ] report.nsys-rep[1/1] [14%                         ] report.nsys-rep[1/1] [13%                         ] report.nsys-rep[1/1] [14%                         ] report.nsys-rep[1/1] [13%                         ] report.nsys-rep[1/1] [14%                         ] report.nsys-rep[1/1] [13%                         ] report.nsys-rep[1/1] [12%                         ] report.nsys-rep[1/1] [11%                         ] report.nsys-rep[1/1] [10%                         ] report.nsys-rep[1/1] [9%                          ] report.nsys-rep[1/1] [8%                          ] report.nsys-rep[1/1] [9%                          ] report.nsys-rep[1/1] [10%                         ] report.nsys-rep[1/1] [11%                         ] report.nsys-rep[1/1] [12%                         ] report.nsys-rep[1/1] [13%                         ] report.nsys-rep[1/1] [14%                         ] report.nsys-rep[1/1] [=15%                        ] report.nsys-rep[1/1] [=16%                        ] report.nsys-rep[1/1] [=17%                        ] report.nsys-rep[1/1] [==18%                       ] report.nsys-rep[1/1] [==19%                       ] report.nsys-rep[1/1] [==20%                       ] report.nsys-rep[1/1] [==21%                       ] report.nsys-rep[1/1] [===22%                      ] report.nsys-rep[1/1] [===23%                      ] report.nsys-rep[1/1] [===24%                      ] report.nsys-rep[1/1] [====25%                     ] report.nsys-rep[1/1] [====26%                     ] report.nsys-rep[1/1] [====27%                     ] report.nsys-rep[1/1] [====28%                     ] report.nsys-rep[1/1] [=====29%                    ] report.nsys-rep[1/1] [=====30%                    ] report.nsys-rep[1/1] [=====31%                    ] report.nsys-rep[1/1] [=====32%                    ] report.nsys-rep[1/1] [======33%                   ] report.nsys-rep[1/1] [======34%                   ] report.nsys-rep[1/1] [======35%                   ] report.nsys-rep[1/1] [=======36%                  ] report.nsys-rep[1/1] [=======37%                  ] report.nsys-rep[1/1] [=======38%                  ] report.nsys-rep[1/1] [=======39%                  ] report.nsys-rep[1/1] [========40%                 ] report.nsys-rep[1/1] [========41%                 ] report.nsys-rep[1/1] [========42%                 ] report.nsys-rep[1/1] [=========43%                ] report.nsys-rep[1/1] [=========44%                ] report.nsys-rep[1/1] [=========45%                ] report.nsys-rep[1/1] [=========46%                ] report.nsys-rep[1/1] [==========47%               ] report.nsys-rep[1/1] [==========48%               ] report.nsys-rep[1/1] [==========49%               ] report.nsys-rep[1/1] [===========50%              ] report.nsys-rep[1/1] [===========51%              ] report.nsys-rep[1/1] [===========52%              ] report.nsys-rep[1/1] [===========53%              ] report.nsys-rep[1/1] [============54%             ] report.nsys-rep[1/1] [============55%             ] report.nsys-rep[1/1] [============56%             ] report.nsys-rep[1/1] [============57%             ] report.nsys-rep[1/1] [=============58%            ] report.nsys-rep[1/1] [=============59%            ] report.nsys-rep[1/1] [========================100%] report.nsys-rep[1/1] [========================100%] report.nsys-rep
Generated:
	/tmp/report.nsys-rep
=======Writing nstate post data=======
#kernel
IpInReceives                    15990              0.0
IpInDelivers                    15990              0.0
IpOutRequests                   15741              0.0
IpOutTransmits                  15741              0.0
IcmpInMsgs                      6                  0.0
IcmpInEchos                     6                  0.0
IcmpOutMsgs                     6                  0.0
IcmpOutEchoReps                 6                  0.0
IcmpMsgInType8                  6                  0.0
IcmpMsgOutType0                 6                  0.0
TcpActiveOpens                  527                0.0
TcpPassiveOpens                 533                0.0
TcpAttemptFails                 1                  0.0
TcpInSegs                       15967              0.0
TcpOutSegs                      15730              0.0
TcpRetransSegs                  4                  0.0
TcpOutRsts                      5                  0.0
UdpInDatagrams                  1                  0.0
UdpOutDatagrams                 1                  0.0
UdpIgnoredMulti                 16                 0.0
Ip6OutRequests                  36                 0.0
Ip6OutDiscards                  2                  0.0
Ip6OutMcastPkts                 34                 0.0
Ip6OutOctets                    2176               0.0
Ip6OutMcastOctets               2176               0.0
Ip6OutTransmits                 34                 0.0
Icmp6OutMsgs                    36                 0.0
Icmp6OutRouterSolicits          14                 0.0
Icmp6OutNeighborSolicits        4                  0.0
Icmp6OutMLDv2Reports            18                 0.0
Icmp6OutType133                 14                 0.0
Icmp6OutType135                 4                  0.0
Icmp6OutType143                 18                 0.0
TcpExtEmbryonicRsts             1                  0.0
TcpExtTW                        528                0.0
TcpExtDelayedACKs               105                0.0
TcpExtDelayedACKLost            2                  0.0
TcpExtTCPHPHits                 2935               0.0
TcpExtTCPPureAcks               2406               0.0
TcpExtTCPHPAcks                 3957               0.0
TcpExtTCPSACKReorder            8                  0.0
TcpExtTCPLossProbes             4                  0.0
TcpExtTCPLossProbeRecovery      1                  0.0
TcpExtTCPBacklogCoalesce        88                 0.0
TcpExtTCPDSACKOldSent           2                  0.0
TcpExtTCPDSACKRecv              3                  0.0
TcpExtTCPDSACKIgnoredNoUndo     3                  0.0
TcpExtTCPSackShiftFallback      1                  0.0
TcpExtTCPRcvCoalesce            1399               0.0
TcpExtTCPOFOQueue               1                  0.0
TcpExtTCPAutoCorking            47                 0.0
TcpExtTCPWantZeroWindowAdv      3                  0.0
TcpExtTCPOrigDataSent           9626               0.0
TcpExtTCPHystartTrainDetect     8                  0.0
TcpExtTCPHystartTrainCwnd       144                0.0
TcpExtTCPKeepAlive              12                 0.0
TcpExtTCPDelivered              10154              0.0
TcpExtTCPDSACKRecvSegs          3                  0.0
IpExtInBcastPkts                16                 0.0
IpExtInOctets                   35571895           0.0
IpExtOutOctets                  35565499           0.0
IpExtInBcastOctets              5248               0.0
IpExtInNoECTPkts                15988              0.0
IpExtInECT0Pkts                 2                  0.0
