mocr4pcc02u30:166:166 [3] NCCL INFO cudaDriverVersion 12080
mocr4pcc02u30:166:166 [3] NCCL INFO NCCL_SOCKET_IFNAME set by environment to eno6np0
mocr4pcc02u30:166:166 [3] NCCL INFO NCCL_SOCKET_IFNAME set to eno6np0
mocr4pcc02u30:166:166 [3] NCCL INFO Bootstrap: Using eno6np0:192.168.90.100<0>
mocr4pcc02u30:166:166 [3] NCCL INFO NCCL version 2.26.2+cuda12.2
mocr4pcc02u30:166:166 [3] NCCL INFO init.cc:1670 Cuda Host Alloc Size 4 pointer 0x7f5b9d400000
mocr4pcc02u30:166:166 [3] NCCL INFO Comm config Blocking set to 1
mocr4pcc02u30:166:231 [3] NCCL INFO NET/Plugin: Could not find: libnccl-net.so. Using internal net plugin.
mocr4pcc02u30:166:231 [3] NCCL INFO NCCL_IB_DISABLE set by environment to 0.
mocr4pcc02u30:166:231 [3] NCCL INFO NCCL_SOCKET_IFNAME set by environment to eno6np0
mocr4pcc02u30:166:231 [3] NCCL INFO NCCL_IB_HCA set to mlx5_2
mocr4pcc02u30:166:231 [3] NCCL INFO NET/IB : Made virtual device [0] name=mlx5_2 speed=400000 ndevs=1
mocr4pcc02u30:166:231 [3] NCCL INFO NET/IB : Using [0]mlx5_2:1/RoCE [RO]; OOB eno6np0:192.168.90.100<0>
mocr4pcc02u30:166:231 [3] NCCL INFO PROFILER/Plugin: Could not find: libnccl-profiler.so. 
mocr4pcc02u30:166:231 [3] NCCL INFO Using network IB
mocr4pcc02u30:166:231 [3] NCCL INFO NCCL_DMABUF_ENABLE set by environment to 1.
mocr4pcc02u30:166:231 [3] NCCL INFO DMA-BUF is available on GPU device 3
mocr4pcc02u30:166:231 [3] NCCL INFO ncclCommInitRankConfig comm 0x557fd2233d90 rank 3 nranks 8 cudaDev 3 nvmlDev 3 busId c6000 commId 0xb2fcc8fe4529e0e0 - Init STARTmmocr4pcc02u30:166:231 [3] NCCL INFO RAS network listening socket at 192.168.90.100<39987>
mocr4pcc02u30:166:231 [3] NCCL INFO RAS client listening socket at ::1<28028>
mocr4pcc02u30:166:231 [3] NCCL INFO Mem Realloc old size 0, new size 256 pointer 0x557fcfd4dad0
mocr4pcc02u30:166:255 [0] NCCL INFO RAS thread started
mocr4pcc02u30:166:255 [0] NCCL INFO Mem Realloc old size 0, new size 32 pointer 0x7f5bd800aca0mmocr4pcc02u30:165:230 [2] NCCL INFO Bootstrap timings total 1.875179 (create 0.000191, send 0.000437, recv 0.035259, ring 1.834936, delay 0.000001)mmocr4pcc02u30:165:241 [0] NCCL INFO RAS handling local addRanks request (old nRasPeers 0)
mocr4pcc02u30:165:241 [0] NCCL INFO RAS finished local processing of addRanks request (new nRasPeers 8, nRankPeers 8)
mocr4pcc02u30:165:241 [0] NCCL INFO RAS link 1: opening new primary connection with 192.168.90.100<52929>mocr4pcc02u30:163:246 [0] NCCL INFO RAS link -1: calculated deferred primary connection with 192.168.90.100<52929>
mmocr4pcc02u30:164:240 [0] NCCL INFO Mem Realloc old size 32, new size 64 pointer 0x7f7ee0000b70
mocr4pcc02u30:164:240 [0] NCCL INFO RAS new incoming socket connection from 192.168.90.100<50280>
mocr4pcc02u30:165:241 [0] NCCL INFO RAS handling connInitAck from 192.168.90.100<52929> (nack 0)
mocr4pcc02u30:165:241 [0] NCCL INFO RAS established connection with 192.168.90.100<52929> (sendQ empty, experiencingDelays 0, startRetryTime 0.00s)
mocr4pcc02u30:165:241 [0] NCCL INFO RAS handling connInit from 192.168.90.100<55990> (version 22602, listeningAddr 192.168.90.100<39987>, peersHash 0xf0f6563cd7bc40e6, deadPeersHash 0x0)mmocr4pcc02u30:164:229 [1] NCCL INFO TOPO/NET : Importing network plugins to topology
mocr4pcc02u30:164:229 [1] NCCL INFO Retrieving state for IB
mocr4pcc02u30:164:229 [1] NCCL INFO Initialized state 0 for IBmmocr4pcc02u30:164:229 [1] NCCL INFO NET/IB : GPU Direct RDMA Enabled for HCA 0 'mlx5_2'
mocr4pcc02u30:164:229 [1] NCCL INFO ncclTopoPopulateNics : Filled mlx5_2 in topo with pciPath=/sys/devices/pci0000:20/0000:20:01.1/0000:21:00.0/0000:22:00.0/0000:23:00.0 keep=1 coll=(null)
mocr4pcc02u30:164:229 [1] NCCL INFO NET/IB : Made virtual device [1] name=mlx5_2 speed=400000 ndevs=1
mocr4pcc02u30:164:229 [1] NCCL INFO TOPO/NET : Made vNic 1
mocr4pcc02u30:164:229 [1] NCCL INFO NET/IB : GPU Direct RDMA Enabled for HCA 0 'mlx5_2'
mocr4pcc02u30:164:229 [1] NCCL INFO ncclTopoPopulateNics : Filled mlx5_2 in topo with pciPath=/sys/devices/pci0000:20/0000:20:01.1/0000:21:00.0/0000:22:00.0/0000:23:00.0 keep=0 coll=(null)
mocr4pcc02u30:164:229 [1] NCCL INFO NET/IB : GPU Direct RDMA Enabmocr4pcc02u30:166:231 [3] NCCL INFO NET/IB : GPU Direct RDMA Enabled for HCA 0 'mlx5_2'
mocr4pcc02u30:166:231 [3] NCCL INFO ncclTopoPopulateNics : Filled mlx5_2 in topo with pciPath=/sys/devices/pci0000:20/0000:mmocr4pcc02u30:165:230 [2] NCCL INFO GPU Direct RDMA Enabled for GPU 0 / HCA 1 (distance 5 <= 5), read 0 mode Default
mocr4pcc02u30:165:230 [2] NCCL INFO GPU Direct RDMA Enabled for GPU 1 / HCA 1 (distance 5 <= 5), read 0 mode Default
mocr4pcc02u30:165:230 [2] NCCL INFO GPU Direct RDMA Enabled for GPU 2 / HCA 1 (distance 5 <= 5), read 0 mode Default
mocr4pcc02u30:165:230 [2] NCCL INFO GPU Direct RDMA Enabled for GPU 3 / HCA 1 (distance 5 <= 5), read 0 mode Defaultmmocr4pcc02u30:165:230 [2] NCCL INFO GPU Direct RDMA Enabled for GPU 0 / HCA 1 (distance 5 <= 5), read 0 mode Default
mocr4pcc02u30:165:230 [2] NCCL INFO GPU Direct RDMA Enabled for GPU 1 / HCA 1 (distance 5 <= 5), read 0 mode Default
mocr4pcc02u30:165:230 [2] NCCL INFO GPU Direct RDMA Enabled for GPU 2 / HCA 1 mocr4pcc02u30:166:231 [3] NCCL INFO GPU Direct RDMA Enabled for GPU 0 / HCA 1 (distance 5 <= 5), read 0 mode Default
mocr4pcc02u30:166:231 [3] NCCL INFO GPU Direct RDMA Enabled for GPU 1 / HCA 1 (distance 5 <= 5), read 0 mode Default
mocr4pcc02u30:166:231 [3] NCCL INFO GPU Direct RDMA Enabled for GPU 2 / HCA 1 (distance 5 <= 5), read 0 mode Default
mocr4pcc02u30:166:231 [3] NCCL INFO GPU Direct RDMA Enabled for GPU 3 / HCA 1 (distance 5 <= 5), read 0 mode Default
mocr4pcc02u30:166:231 [3] NCCL INFO GPU Direct RDMA Enabled for GPU 0 / HCA 1 (distance 5 <= 5), read 0 mode Default
mocr4pcc02u30:166:231 [3] NCCL INFO GPU Direct RDMA Enabled for GPU 1 / HCA 1 (distance 5 <= 5), read 0 mode Default
mocr4pcc02u30:166:231 [3] NCCL INFO GPU Direct RDMA Enabled for GPU 2 / HCA 1 (distance 5 <= 5), read 0 mode Default
mocr4pcc02u30:166:231 [3] NCCL INFO GPU Direct RDMA Enabled for GPU 3 / HCA 1 (distance 5 <= 5), read 0 mode Default
mocr4pcc02u30:166:231 [3] NCCL INFO === System : maxBw 48.0 totalBw 370.8 ===
mocr4pcc02u30:166:231 [3] NCCL INFO CPU/0-0 (1/2/-1)
mocr4pcc02u30:166:231 [3] NCCL INFO + PCI[48.0] - PCI/0-1000 (15b3197900000000)
mocr4pcc02u30:166:231 [3] NCCL INFO               + PCI[48.0] - PCI/0-4000 (15b3197900000000)
mocr4pcc02u30:166:231 [3] NCCL INFO                             + PCI[48.0] - GPU/0-6000 (0)
mocr4pcc02u30:166:231 [3] NCCL INFO                                           + NVL[123.6] - GPU/0-26000
mocr4pcc02u30:166:231 [3] NCCL INFO                                           + NVL[123.6] - GPU/0-a6000
mocr4pcc02u30:166:231 [3] NCCL INFO                                           + NVL[123.6] - GPU/0-c6000
mocr4pcc02u30:166:231 [3] NCCL INFO + PCI[48.0] - PCI/0-21000 (15b3197900000000)
mocr4pcc02u30:166:231 [3] NCCL INFO               + PCI[48.0] - NIC/0-23000
mocr4pcc02u30:166:231 [3] NCCL INFO                             + NET[50.0] - NET/0-1 (0/88c0270003c288a0/1/50.000000)
mocr4pcc02u30:166:231 [3] NCCL INFO               + PCI[48.0] - PCI/0-24000 (15b3197900000000)
mocr4pcc02u30:166:231 [3] NCCL INFO                             + PCI[48.0] - GPU/0-26000 (1)
mocr4pcc02u30:166:231 [3] NCCL INFO                                           + NVL[123.6] - GPU/0-6000
mocr4pcc02u30:166:231 [3] NCCL INFO                                           + NVL[123.6] - GPU/0-c6000
mocr4pcc02u30:166:231 [3] NCCL INFO                                           + NVL[123.6] - GPU/0-a6000
mocr4pcc02u30:166:231 [3] NCCL INFO + SYS[16.0] - CPU/0-1
mocr4pcc02u30:166:231 [3] NCCL INFO CPU/0-1 (1/2/-1)
mocr4pcc02u30:166:231 [3] NCCL INFO + PCI[48.0] - PCI/0-a1000 (15b3197900000000)
mocr4pcc02u30:166:231 [3] NCCL INFO               + PCI[48.0] - PCI/0-a4000 (15b3197900000000)
mocr4pcc02u30:166:231 [3] NCCL INFO                             + PCI[48.0] - GPU/0-a6000 (2)
mocr4pcc02u30:166:231 [3] NCCL INFO                                           + NVL[123.6] - GPU/0-26000
mocr4pcc02u30:166:231 [3] NCCL INFO                                           + NVL[123.6] - GPU/0-6000
mocr4pcc02u30:166:231 [3] NCCL INFO                                           + NVL[123.6] - GPU/0-c6000
mocr4pcc02u30:166:231 [3] NCCL INFO + PCI[48.0] - PCI/0-c1000 (15b3197900000000)
mocr4pcc02u30:166:231 [3] NCCL INFO               + PCI[48.0] - PCI/0-c4000 (15b3197900000000)
mocr4pcc02u30:166:231 [3] NCCL INFO                             + PCI[48.0] - GPU/0-c6000 (3)
mocr4pcc02u30:166:231 [3] NCCL INFO                                           + NVL[123.6] - GPU/0-6000
mocr4pcc02u30:166:231 [3] NCCL INFO                                           + NVL[123.6] - GPU/0-26000
mocr4pcc02u30:166:231 [3] NCCL INFO                                           + NVL[123.6] - GPU/0-a6000
mocr4pcc02u30:166:231 [3] NCCL INFO + SYS[16.0] - CPU/0-0
mocr4pcc02u30:166:231 [3] NCCL INFO ==========================================
mocr4pcc02u30:166:231 [3] NCCL INFO GPU/0-6000 :GPU/0-6000 (0/5000.0/LOC) GPU/0-26000 (1/123.6/NVL) GPU/0-a6000 (1/123.6/NVL) GPU/0-c6000 (1/123.6/NVL) CPU/0-0 (3/48.0/PHB) CPU/0-1 (4/16.0/SYS) NET/0-1 (5/48.0/PXN) 
mocr4pcc02u30:166:231 [3] NCCL INFO GPU/0-26000 :GPU/0-6000 (1/123.6/NVL) GPU/0-26000 (0/5000.0/LOC) GPU/0-a6000 (1/123.6/NVL) GPU/0-c6000 (1/123.6/NVL) CPU/0-0 (3/48.0/PHB) CPU/0-1 (4/16.0/SYS) NET/0-1 (4/48.0/PXB) 
mocr4pcc02u30:166:231 [3] NCCL INFO Gmocr4pcc02u30:163:228 [0] NCCL INFO NVLS multicast support is not available on dev 0
mocr4pcc02u30:163:228 [0] NCCL INFO Pattern 4, crossNic 0, nChannels 2, bw 24.000000/24.000000, type NVL/PXN, sameChannels 1
mocr4pcc02u30:163:228 [0] NCCL INFO  0 : NET/0-1 GPU/1 GPU/3 GPU/2 GPU/0 NET/0-1
mocr4pcc02u30:163:228 [0] NCCL INFO  1 : NET/0-1 GPU/1 GPU/3 GPU/2 GPU/0 NET/0-1
mocr4pcc02u30:163:228 [0] NCCL INFO Pattern 3, crossNic 0, nChannels 2, bw 48.000000/24.000000, type NVL/PXB, sameChannels 1
mocr4pcc02u30:163:228 [0] NCCL INFO  0 : NET/0-1 GPU/1 GPU/2 GPU/3 GPU/0 NET/0-1
mocr4pcc02u30:163:228 [0] NCCL INFO  1 : NET/0-1 GPU/1 GPU/2 GPU/3 GPU/0 NET/0-1
mmocr4pcc02u30:164:229 [1] NCCL INFO comm 0x5571e486c260 rank 1 nRanks 8 nNodes 2 localRanks 4 localRank 1 MNNVL 0mocr4pcc02u30:163:228 [0] NCCL INFO Channel 00/04 : 0 5 7 6 4 1 3 2
mocr4pcc02u30:163:228 [0] NCCL INFO Channel 01/04 : 0 5 7 6 4 1 3 2
mocr4pcc02u30:163:228 [0] NCCL INFO Channel 02/04 : 0 5 7 6 4 1 3 2
mocr4pcc02u30:163:228 [0] NCCL INFO Channel 03/04 : 0 5 7 6 4 1 3 2
mocr4pcc02u30:163:228 [0] NCCL INFO Ring 00 : 2 -> 0 -> 5
mocr4pcc02u30:163:228 [0] NCCL INFO Ring 01 : 2 -> 0 -> 5
mocr4pcc02u30:163:228 [0] NCCL INFO Ring 02 : 2 -> 0 -> 5
mmocr4pcc02u30:165:230 [2] NCCL INFO UDS: Creating service thread comm 0x55ed4777ff30 rank 2
mocr4pcc02u30:165:307 [2] NCCL INFO [Proxy Service] Device 2 CPU core 501
mocr4pcc02u30:165:230 [2] NCCL INFO misc/utils.cc:233 memory stack hunk malloc(65536)
mocr4pcc02u30:165:313 [2] NCCL INFO [Proxy Service UDS] Device 2 CPU core 159
mocr4pcc02u30:165:230 [2] NCCL INFO channel.cc:42 Cuda Alloc Size 4864 pointer 0x7f29e3e00000
mocr4pcc02u30:165:230 [2] NCCL INFO channel.cc:45 Cuda Alloc Size 104 pointer 0x7f2a37e00000
mocr4pcc02u30:165:230 [2] NCCL INFO channel.cc:56 Cuda Alloc Size 32 pointer 0x7f2a25400000
mocr4pcc02u30:165:230 [2] NCCL INFO channel.cc:42 Cuda Alloc Size 4864 pointer 0x7f2a25600000
mocr4pcc02u30:165:230 [2] NCCL INFO channel.cc:45 Cuda Alloc Size 104 pointer 0x7f2a25800000
mocr4pcc02u30:165:230 [2] NCCL INFO channel.cc:56 Cuda Alloc Size 32 pointer 0x7f2a25a00000
mocr4pcc02u30:165:230 [2] NCCL INFO channel.cc:42 Cuda Alloc Size 4864 pointer 0x7f2a25c00000
mocr4pcc02u30:165:230 [2] NCCL INFO channel.cc:45 Cuda Alloc Size 104 pointer 0x7f2a25e00000
mocr4pcc02u30:165:230 [2] NCCL INFO channel.cc:56 Cuda Alloc Size 32 pointer 0x7f2a39400000
mocr4pcc02u30:165:230 [2] NCCL INFO channel.cc:42 Cuda Alloc Size 4864 pointer 0x7f2a39600000
mocr4pcc02u30:165:230 [2] NCCL INFO channel.cc:45 Cuda Alloc Size 104 pointer 0x7f2a39800000
mocr4pcc02u30:165:230 [2] NCCL INFO channel.cc:56 Cuda Alloc Size 32 pointer 0x7f2a39a00000
mocr4pcc02u30:165:230 [2] NCCL INFO threadThresholds 8/8/64 | 64/8/64 | 512 | 512
mocr4pcc02u30:165:230 [2] NCCL INFO 4 coll channels, 4 collnet channels, 0 nvls channels, 4 p2p channels, 2 p2p channels per peer
mocr4pcc02u30:165:230 [2] NCCL INFO init.cc:436 Cuda Alloc Size 23648 pointer 0x7f2a39c00000
mocr4pcc02u30:165:230 [2] NCCL INFO init.cc:438 Cuda Alloc Size 32 pointer 0x7f2a39e00000
mocr4pcc02u30:165:230 [2] NCCL INFO init.cc:480 Cuda Host Alloc Size 1048576 pointer 0x7f2a2f400200
mocr4pcc02u30:165:230 [2] NCCL INFO init.cc:485 Cuda Host Alloc Size 256 pointer 0x7f2a2f500200
mocr4pcc02u30:165:230 [2] NCCL INFO init.cc:492 Cuda Host Alloc Size 512 pointer 0x7f2a2f500400
mocr4pcc02u30:165:230 [2] NCCL INFO init.cc:493 Cuda Host Alloc Size 512 pointer 0x7f2a2f500600
mocr4pcc02u30:165:230 [2] NCCL INFO TUNER/Plugin: Could not find: libnccl-tuner.so. Using internal tuner plugin.
mocr4pcc02u30:165:230 [2] NCCL INFO ncclCommInitRankConfig comm 0x55ed4777ff30 rank 2 nranks 8 cudaDev mocr4pcc02u30:164:229 [1] NCCL INFO TUNER/Plugin: Could not find: libnccl-tuner.so. Using internal tuner plugin.
mocr4pcc02u30:164:229 [1] NCCL INFO ncclCommInitRankConfig comm 0x5571e486c260 rank 1 nranks 8 cudaDev 1 nvmlDev 1 busId 26000 commId 0xb2fcc8fe4529e0e0 - Init COMPLETEmocr4pcc02u30:165:165 [2] NCCL INFO AllGather: opCount 0 sendbuff 0x7f2a1f476800 recvbuff 0x7f2a1f477a00 count 1 datatype 4 op 0 root 0 comm 0x55ed4777ff30 [nranks=8] stream 0x55ed45fbe600
mocr4pcc02u30:165:165 [2] NCCL INFO misc/utils.cc:233 memory stack hunk malloc(65536)
mocr4pcc02u30:165:342 [2] NCCL INFO Channel 00/0 : 2[2] -> 0[0] via P2P/CUMEM
mocr4pcc02u30:165:307 [2] NCCL INFO Mem Realloc old size 0, new size 8 pointer 0x7f2a4c00adb0
mocr4pcc02u30:165:307 [2] NCCL INFO New proxy send connection 0 from local rank 2, transport 0
mocr4pcc02u30:165:307 [2] Nmocr4pcc02u30:164:309 [1] NCCL INFO Mem Realloc old size 0, new size 8 pointer 0x7f7edc00adb0
mocr4pcc02u30:164:309 [1] NCCL INFO Allocated 33030532 bytes of shared memory in /dev/shm/nccl-EtFv2w
mocr4pcc02u30:164:309 [1] NCCL INFO New proxy send connection 0 from local rank 0, transport 2
mocr4pcc02u30:164:309 [1] NCCL INFO proxyProgressAsync opId=0x7f671f11d220 op.type=1 op.reqBuff=0x7f7edc00ad70 op.respSize=16 done
mocr4pcc02u30:164:309 [1] NCCL INFO Received and initiated operation=Init res=0
mocr4pcc02u30:164:309 [1] NCCL INFO New proxy send connection 1 from local rank 1, transport 0
mocr4pcc02u30:164:309 [1] NCCL INFO proxyProgressAsync opId=0x7f7e7f11d220 op.type=1 op.reqBuff=0x7f7edc00ed30 op.respSize=16 done
mocr4pcc02u30:164:309 [1] NCCL INFO Received and initiated operation=Init res=0
mocr4pcc02u30:164:341 [1] NCCL INFO ncclPollProxyResponse Received new opId=0x7f7e7f11d220
mocr4pcc02u30:164:341 [1] NCCL INFO resp.opId=0x7f7e7f11d220 matches expected opId=0x7f7e7f11d220
mocr4pcc02u30:164:341 [1] NCCL INFO Connected to proxy localRank 1 -> connection 0x7f7edc00ae48
mocr4pcc02u30:164:376 [1] NCCL INFO [Proxy Progress] Device 1 CPU core 296
mocr4pcc02u30:164:309 [1] NCCL INFO proxyProgressAsync opId=0x7f671f11d220 op.type=3 op.reqBuff=0x7f7edc00ed70 op.respSize=0 done
mocr4pcc02u30:164:309 [1] NCCL INFO Received and initiated operation=Setup res=0
mocr4pcc02u30:164:309 [1] NCCL INFO Allocated shareable buffer 0x7f7ed7800000 size 2097152 ipcDesc 0x7f7edc00f410
mocr4pcc02u30:164:309 [1] NCCL INFO proxyProgressAsync opId=0x7f7e7f11d220 op.type=3 op.reqBuff=0x7f7edc00f3e0 op.respSize=88 done
mocr4pcc02u30:164:341 [1] NCCL INFO ncclPollProxyResponse Received new opId=0x7f7e7f11d220
mocr4pcc02u30:164:309 [1] NCCL INFO Received and initiated operation=Setup res=0
mocr4pcc02u30:164:341 [1] NCCL INFO resp.opId=0x7f7e7f11d220 matches expected opId=0x7f7e7f11d220
mocr4pcc02u30:164:341 [1] NCCL INFO Channel 01/0 : 1[1] -> 3[3] via P2P/CUMEM
mocr4pcc02u30:164:309 [1] NCCL INFO New proxy send connection 2 from local rank 0, transport 2
mocr4pcc02u30:164:309 [1] NCCL INFO proxyProgressAsync opId=0x7f671f11d220 op.type=1 op.reqBuff=0x7f7edc010d50 op.respSize=16 done
mocr4pcc02u30:164:309 [1] NCCL INFO Received and initiated operation=Init res=0
mocr4pcc02u30:164:309 [1] NCCL INFO New proxy send connection 3 from local rank 1, transport 0
mocr4pcc02u30:164:309 [1] NCCL INFO proxyProgressAsync opId=0x7f7e7f11d220 op.type=1 op.reqBuff=0x7f7edc010d90 op.respSize=16 done
mocr4pcc02u30:164:341 [1] NCCL INFO ncclPollProxyResponse Received new opId=0x7f7e7f11d220
mocr4pcc02u30:164:309 [1] NCCL INFO Received and initiated operation=Init res=0
mocr4pcc02u30:164:341 [1] NCCL INFO resp.opId=0x7f7e7f11d220 matches expected opId=0x7f7e7f11d220
mocr4pcc02u30:164:341 [1] NCCL INFO Connected to proxy localRank 1 -> connection 0x7f7edc00af38
mocr4pcc02u30:164:309 [1] NCCL INFO proxyProgressAsync opId=0x7f671f11d220 op.type=3 op.reqBuff=0x7f7edc010dd0 op.respSize=0 done
mocr4pcc02u30:164:309 [1] NCCL INFO Received and initiated operation=Setup res=0
mocr4pcc02u30:164:309 [1] NCCL INFO Allocated shareable buffer 0x7f7ed7a00000 size 2097152 ipcDesc 0x7f7edc011470
mocr4pcc02u30:164:309 [1] NCCL INFO proxyProgressAsync opId=0x7f7e7f11d220 op.type=3 op.reqBuff=0x7f7edc011440 op.respSize=88 done
mocr4pcc02u30:164:341 [1] NCCL INFO ncclPollProxyResponse Received new opId=0x7f7e7f11d220
mocr4pcc02u30:164:309 [1] NCCL INFO Received and initiated operation=Setup res=0
mocr4pcc02u30:164:341 [1] NCCL INFO resp.opId=0x7f7e7f11d220 matches expected opId=0x7f7e7f11d220
mocr4pcc02u30:164:341 [1] NCCL INFO Channel 02/0 : 1[1] -> 3[3] via P2P/CUMEM
mocr4pcc02u30:164:309 [1] NCCL INFO New proxy send connection 4 from local rank 0, transport 2
mocr4pcc02u30:164:309 [1] NCCL INFO proxyProgressAsync opId=0x7f671f11d220 op.type=1 op.reqBuff=0x7f7edc011440 op.respSize=16 done
mocr4pcc02u30:164:309 [1] NCCL INFO Received and initiated operation=Init res=0
mocr4pcc02u30:164:309 [1] NCCL INFO New proxy send connection 5 from local rank 1, transport 0
mocr4pcc02u30:164:309 [1] NCCL INFO proxyProgressAsync opId=0x7f7e7f11d220 op.type=1 op.reqBuff=0x7f7edc012b80 op.respSize=16 done
mocr4pcc02u30:164:341 [1] NCCL INFO ncclPollProxyResponse Received new opId=0x7f7e7f11d220
mocr4pcc02u30:164:309 [1] NCCL INFO Received and initiated operation=Init res=0
mocr4pcc02u30:164:341 [1] NCCL INFO resp.opId=0x7f7e7f11d220 matches expected opId=0x7f7e7f11d220
mocr4pcc02u30:164:341 [1] NCCL INFO Connected to proxy localRamocr4pcc02u30:165:307 [2] NCCL INFO New proxy recv connection 4 from local rank 2, transport 0
mocr4pcc02u30:165:307 [2] NCCL INFO proxyProgressAsync opId=0x7f29e711d220 op.type=1 op.reqBuff=0x7f2a4c0132a0 op.respSize=16 done
mocr4pcc02u30:165:342 [2] NCCL INFO ncclPollProxyResponse Received new opId=0x7f29e711d220
mocr4pcc02u30:165:307 [2] NCCL INFO Received and initiated operation=Init res=0
mocr4pcc02u30:165:342 [2] NCCL INFO resp.opId=0x7f29e711d220 matches expected opId=0x7f29e711d220
mocr4pcc02u30:165:342 [2] NCCL INFO Connected to proxy localRank 2 -> connection 0x7f2a4c00afb0
mocr4pcc02u30:165:307 [2] NCCL INFO New proxy send connection 5 from local rank 0, transport 0
mocr4pcc02u30:165:307 [2] NCCL INFO proxyProgressAsync opId=0x7f671f11d1e0 op.type=1 op.reqBuff=0x7f2a4c014880 op.respSize=16 done
mocr4pcc02u30:165:307 [2] NCCL INFO Received and initiated operation=Init res=0
mocr4pcc02u30:165:313 [2] NCCL INFO proxyUDSRecvReq::ncclProxyMsgGetFd rank 0 opId 0xa903346bef86330a handle=0x7f2a4c00eaf0
mocr4pcc02u30:165:313 [2] NCCL INFO UDS proxyGetFd received handle 0x7f2a4c00eaf0 peer 0 opId a903346bef86330a
mocr4pcc02u30:165:307 [2] NCCL INFO Allocated shareable buffer 0x7f2a43400000 size 10485760 ipcDesc 0x7f2a4c0148b0
mocr4pcc02u30:165:307 [2] NCCL INFO proxyProgressAsync opId=0x7f29e711d220 op.type=3 op.reqBuff=0x7f2a4c0132a0 op.respSize=88 done
mocr4pcc02u30:165:307 [2] NCCL INFO Received and initiated operation=Setup res=0
mocr4pcc02u30:165:342 [2] NCCL INFO ncclPollProxyResponse Received new opId=0x7f29e711d220
mocr4pcc02u30:165:342 [2] NCCL INFO resp.opId=0x7f29e711d220 matches expected opId=0x7f29e711d220
mocr4pcc02u30:165:307 [2] NCCL INFO New proxy recv connection 6 from local rank 2, transport 0
mocr4pcc02u30:165:307 [2] NCCL INFO proxyProgressAsync opId=0x7f29e711d220 op.type=1 op.reqBuff=0x7f2a4c0132a0 op.respSize=16 done
mocr4pcc02u30:165:342 [2] NCCL INFO ncclPollProxyResponse Received new opId=0x7f29e711d220
mocr4pcc02u30:165:307 [2] NCCL INFO Received and initiated operation=Init res=0
mocr4pcc02u30:165:342 [2] NCCL INFO resp.opId=0x7f29e711d220 matches expected opId=0x7f29e711d220
mocr4pcc02u30:165:342 [2] NCCL INFO Connected to proxy localRank 2 -> connection 0x7f2a4c00b0a0
mocr4pcc02u30:165:307 [2] NCCL INFO Allocated shareable buffer 0x7f2a1f600000 size 10485760 ipcDesc 0x7f2a4c0161b0
mocr4pcc02u30:165:307 [2] NCCL INFO proxyProgressAsync opId=0x7f29e711d220 op.type=3 op.reqBuff=0x7f2a4c016180 op.respSize=88 done
mocr4pcc02u30:165:342 [2] NCCL INFO ncclPollProxyResponse Received new opId=0x7f29e711d220
mocr4pcc02u30:165:307 [2] NCCL INFO Received and initiated operation=Setup res=0
mocr4pcc02u30:165:342 [2] NCCL INFO resp.opId=0x7f29e711d220 matches expected opId=0x7f29e711d220
mocr4pcc02u30:165:307 [2] NCCL INFO New proxy recv connection 7 from local rank 2, transport 0
mocr4pcc02u30:165:307 [2] NCCL INFO proxyProgressAsync opId=0x7f29e711d220 op.type=1 op.reqBuff=0x7f2a4c016180 op.respSize=16 done
mocr4pcc02u30:165:342 [2] NCCL INFO ncclPollProxyResponse Received new opId=0x7f29e711d220
mocr4pcc02u30:165:307 [2] NCCL INFO Received and initiated operation=Init res=0
mocr4pcc02u30:165:342 [2] NCCL INFO resp.opId=0x7f29e711d220 matches expected opId=0x7f29e711d220
mocr4pcc02u30:165:342 [2] NCCL INFO Connected to proxy localRank 2 -> connection 0x7f2a4c00b118
mocr4pcc02u30:165:307 [2] NCCL INFO Allocated shareable buffer 0x602000000 size 10485760 ipcDesc 0x7f2a4c017a10
mocr4pcc02u30:165:307 [2] NCCL INFO proxyProgressAsync opId=0x7f29e711d220 op.type=3 op.reqBuff=0x7f2a4c0179e0 op.respSize=88 done
mocr4pcc02u30:165:342 [2] NCCL INFO ncclPollProxyResponse Received new opId=0x7f29e711d220
mocr4pcc02u30:165:307 [2] NCCL INFO Received and initiated operation=Setup res=0
mocr4pcc02u30:165:342 [2] NCCL INFO resp.opId=0x7f29e711d220 matches expected opId=0x7f29e711d220
mocr4pcc02u30:165:307 [2] NCCL INFO New proxy recv connection 8 from local rank 2, transport 0
mocr4pcc02u30:165:307 [2] NCCL INFO proxyProgressAsync opId=0x7f29e711d220 op.type=1 op.reqBuff=0x7f2a4c0179e0 op.respSize=16 done
mocr4pcc02u30:165:342 [2] NCCL INFO ncclPollProxyResponse Received new opId=0x7f29e711d220
mocr4pcc02u30:165:307 [2] NCCL INFO Received and initiated operation=Init res=0
mocr4pcc02u30:165:342 [2] NCCL INFO resp.opId=0x7f29e711d220 matches expected opId=0x7f29e711d220
mocr4pcc02u30:165:342 [2] NCCL INFO Connected to proxy localRank 2 -> connection 0x7f2a4c00b190
mocr4pcc02u30:165:307 [2] NCCL INFO Allocated shareable buffer 0x602a00000 size 10485760 ipcDesc 0x7f2a4c019620
mocr4pcc02u30:165:307 [2] NCCL INFO proxyProgressAsync opId=0x7f29e711d220 op.type=3 op.reqBuff=0x7f2a4c0195f0 op.respSize=88 done
mocr4pcc02u30:165:342 [2] NCCL INFO ncclPollProxyResponse Received new opId=0x7f29e711d220
mocr4pcc02u30:165:342 [2] NCCL INFO resp.opId=0x7f29e711d220 matches expected opId=0x7f29e711d220
mocr4pcc02u30:165:307 [2] NCCL INFO Received and initiated operation=Setup res=0
mocr4pcc02u30:165:313 [2] NCCL INFO proxyUDSRecvReq::ncclProxyMsgGetFd rank 0 opId 0x146e3c02f8232e10 handle=0x7f2a4c010460
mocr4pcc02u30:165:313 [2] NCCL INFO UDS proxyGetFd received handle 0x7f2a4c010460 peer 0 opId 146e3c02f8232e10
mocr4pcc02u30:165:342 [2] NCCL INFO ncclPollProxyResponse Received new opId=0x7f29e711d1e0
mocr4pcc02u30:165:342 [2] NCCL INFO resp.opId=0x7f29e711d1e0 matches expected opId=0x7f29e711d1e0
mocr4pcc02u30:165:342 [2] NCCL INFO Connected to proxy localRank 0 -> connection 0x7f674000b240
mocr4pcc02u30:165:342 [2] NCCL INFO ProxyCall UDS comm 0x55ed4777ff30 rank 2 tpRank 0(64b0aef2851f953f) reqSize 8 respSize 0 respFd 0x7f2a6dddca88 opId 0xe779f532ec9e46a8
mocr4pcc02u30:165:313 [2] NCCL INFO proxyUDSRecvReq::ncclProxyMsgGetFd rank 0 opId 0x29a7b5e74db4a028 handle=0x7f2a4c011be0
mocr4pcc02u30:165:313 [2] NCCL INFO UDS proxyGetFd received handle 0x7f2a4c011be0 peer 0 opId 29a7b5e74db4a028
mocr4pcc02u30:165:342 [2] NCCL INFO ProxyCall UDS comm 0x55ed4777ff30 rank 2 tpRank 0(64b0aef2851f953f) reqSize 8 respSize 0 respFd 109 opId 0xe779f532ec9e46a8 - DONE
mocr4pcc02u30:165:342 [2] NCCL INFO UDS: ClientGetFd handle 0x7f674000ec70 tpRank 0 returned fd 109 sameProcess 0
mocr4pcc02u30:165:342 [2] NCCL INFO UDS converted handle 0x7f674000ec70 to fd 109 on remote peer 0
mocr4pcc02u30:165:342 [2] NCCL INFO Imported shareable buffer device 2 size 10485760 ptr 0x603400000
mocr4pcc02u30:165:342 [2] NCCL INFO ProxyCall UDS comm 0x55ed4777ff30 rank 2 tpRank 0(64b0aef2851f953f) reqSize 8 respSize 0 respFd 0x7f2a6dddca88 opId 0xbf4c7e76df890926
mocr4pcc02u30:165:313 [2] NCCL INFO proxyUDSRecvReq::ncclProxyMsgGetFd rank 0 opId 0x517482dc2d19ee86 handle=0x7f2a4c013320
mocr4pcc02u30:165:313 [2] NCCL INFO UDS proxyGetFd received handle 0x7f2a4c013320 peer 0 opId 517482dc2d19ee86
mocr4pcc02u30:165:342 [2] NCCL INFO ProxyCall UDS comm 0x55ed4777ff30 rank 2 tpRank 0(64b0aef2851f953f) reqSize 8 respSize 0 respFd 110 opId 0xbf4c7e76df890926 - DONE
mocr4pcc02u30:165:342 [2] NCCL INFO UDS: ClientGetFd handle 0x7f6740010560 tpRank 0 returned fd 110 sameProcess 0
mocr4pcc02u30:165:342 [2] NCCL INFO UDS converted handle 0x7f6740010560 to fd 110 on remote peer 0
mocr4pcc02u30:165:342 [2] NCCL INFO Imported shareable buffer device 2 size 10485760 ptr 0x604000000
mocr4pcc02u30:165:342 [2] NCCL INFO ProxyCall UDS comm 0x55ed4777ff30 rank 2 tpRank 0(64b0aef2851f953f) reqSize 8 respSize 0 respFd 0x7f2a6dddca88 opId 0xa767190c468ec3e9
mocr4pcc02u30:165:342 [2] NCCL INFO ProxyCall UDS comm 0x55ed4777ff30 rank 2 tpRank 0(64b0aef2851f953f) reqSize 8 respSize 0 respFd 110 opId 0xa767190c468ec3e9 - DONE
mocr4pcc02u30:165:342 [2] NCCL INFO UDS: ClientGetFd handle 0x7f6740011e20 tpRank 0 returned fd 110 sameProcess 0
mocr4pcc02u30:165:342 [2] NCCL INFO UDS converted handle 0x7f6740011e20 to fd 110 on remote peer 0
mocr4pcc02u30:165:342 [2] NCCL INFO Imported shareable buffer device 2 size 10485760 ptr 0x604a00000
mocr4pcc02u30:165:342 [2] NCCL INFO ProxyCall UDS comm 0x55ed4777ff30 rank 2 tpRank 0(64b0aef2851f953f) reqSize 8 respSize 0 respFd 0x7f2a6dddca88 opId 0x3c9ba13bb094a26b
mocr4pcc02u30:165:342 [2] NCCL INFO ProxyCall UDS comm 0x55ed4777ff30 rank 2 tpRank 0(64b0aef2851f953f) reqSize 8 respSize 0 respFd 110 opId 0x3c9ba13bb094a26b - DONE
mocr4pcc02u30:165:342 [2] NCCL INFO UDS: ClientGetFd handle 0x7f6740013a50 tpRank 0 returned fd 110 sameProcess 0
mocr4pcc02u30:165:342 [2] NCCL INFO UDS converted handle 0x7f6740013a50 to fd 110 on remote peer 0
mocr4pcc02u30:165:342 [2] NCCL INFO Imported shareable buffer device 2 size 10485760 ptr 0x605400000
mocr4pcc02u30:165:342 [2] NCCL INFO ncclPollProxyResponse Received new opId=0x7f29e73d9fe0
mocr4pcc02u30:165:342 [2] NCCL INFO resp.opId=0x7f29e73d9fe0 matches expected opId=0x7f29e73d9fe0
mocr4pcc02u30:165:342 [2] NCCL INFO Connected to proxy localRank 3 -> connection 0x7f5bd400b208
mocr4pcc02u30:165:342 [2] NCCL INFO ProxyCall UDS comm 0x55ed4777ff30 rank 2 tpRank 3(fbe77fafb22c3288) reqSize 8 respSize 0 respFd 0x7f2a6dddca78 opId 0x285109dc7aeeb495
mocr4pcc02u30:165:307 [2] NCCL INFO New proxy send connection 9 from local rank 3, transport 0
mocr4pcc02u30:165:307 [2] NCCL INFO proxyProgressAsync opId=0x7f5b733d9a90 op.type=1 op.reqBuff=0x7f2a4c0195f0 op.respSize=16 done
mocr4pcc02u30:165:307 [2] NCCL INFO Received and initiated operation=Init res=0
mocr4pcc02u30:165:342 [2] NCCL INFO ProxyCall UDS comm 0x55ed4777ff30 rank 2 tpRank 3(fbe77fafb22c3288) reqSize 8 respSize 0 respFd 112 opId 0x285109dc7aeeb495 - DONE
mocr4pcc02u30:165:342 [2] NCCL INFO UDS: ClientGetFd handle 0x7f5bd4015070 tpRank 3 returned fd 112 sameProcess 0
mocr4pcc02u30:165:342 [2] NCCL INFO UDS converted handle 0x7f5bd4015070 to fd 112 on remote peer 3
mocr4pcc02u30:165:313 [2] NCCL INFO proxyUDSRecvReq::ncclProxyMsgGetFd rank 3 opId 0x76e527239cd21ef9 handle=0x7f2a4c014900
mocr4pcc02u30:165:313 [2] NCCL INFO UDS proxyGetFd received handle 0x7f2a4c014900 peer 3 opId 76e527239cd21ef9
mocr4pcc02u30:165:342 [2] NCCL INFO Imported shareable buffer device 2 size 2097152 ptr 0x605e00000
mocr4pcc02u30:165:342 [2] NCCL INFO ProxyCall UDS comm 0x55ed4777ff30 rank 2 tpRank 3(fbe77fafb22c3288) reqSize 8 respSize 0 respFd 0x7f2a6dddca78 opId 0x4f75ee21910f7975
mocr4pcc02u30:165:342 [2] NCCL INFO ProxyCall UDS comm 0x55ed4777ff30 rank 2 tpRank 3(fbe77fafb22c3288) reqSize 8 respSize 0 respFd 110 opId 0x4f75ee21910f7975 - DONE
mocr4pcc02u30:165:342 [2] NCCL INFO UDS: ClientGetFd handle 0x7f5bd4016790 tpRank 3 returned fd 110 sameProcess 0
mocr4pcc02u30:165:342 [2] NCCL INFO UDS converted handle 0x7f5bd4016790 to fd 110 on remote peer 3
mocr4pcc02u30:165:342 [2] NCCL INFO Imported shareable buffer device 2 size 2097152 ptr 0x603e00000
mocr4pcc02u30:165:342 [2] NCCL INFO ProxyCall UDS comm 0x55ed4777ff30 rank 2 tpRank 3(fbe77fafb22c3288) reqSize 8 respSize 0 respFd 0x7f2a6dddca78 opId 0x1fcd03353d71ca
mocr4pcc02u30:165:313 [2] NCCL INFO proxyUDSRecvReq::ncclProxyMsgGetFd rank 3 opId 0x95fe42994369e559 handle=0x7f2a4c016200
mocr4pcc02u30:165:313 [2] NCCL INFO UDS proxyGetFd received handle 0x7f2a4c016200 peer 3 opId 95fe42994369e559
mocr4pcc02u30:165:342 [2] NCCL INFO ProxyCall UDS comm 0x55ed4777ff30 rank 2 tpRank 3(fbe77fafb22c3288) reqSize 8 respSize 0 respFd 112 opId 0x1fcd03353d71ca - DONE
mocr4pcc02u30:165:342 [2] NCCL INFO UDS: ClientGetFd handle 0x7f5bd4017eb0 tpRank 3 returned fd 112 sameProcess 0
mocr4pcc02u30:165:342 [2] NCCL INFO UDS converted handle 0x7f5bd4017eb0 mocr4pcc02u30:166:345 [3] Nmocr4pcc02u30:165:342 [2] NCCL INFmocr4pcc02u30:163:340 [0] NCCL INFO ncclPollProxyResponse Received new opId=0x7f671f3ec378
mocr4pcc02u30:163:340 [0] NCCL INFO Queuing opId=0x7f671f3ec378 respBuff=0x7f671f418f70 respSize=1400
mocr4pcc02u30:163:340 [0] NCCL INFO ncclPollProxyResponse Dequeued cached opId=0x7f671f3ec378
mocr4pcc02u30:163:340 [0] NCCL INFO sendConnect ncclPollProxyResponse opId=0x7f671f3ec378
mocr4pcc02u30:163:340 [0] NCCL INFO ncclPollProxyResponse Received new opId=0x7f671f3f1ba8
mocr4pcc02u30:163:340 [0] NCCL INFO Queuing opId=0x7f671f3f1ba8 respBuff=0x7f671f1be780 respSize=1400
mocr4pcc02u30:163:340 [0] NCCL INFO ncclPollProxyResponse Received new opId=0x7f671f3f7ea8
mocr4pcc02u30:163:340 [0] NCCL INFO Queuing opId=0x7f671f3f7ea8 respBuff=0x7f671f1be780 respSize=1400
mocr4pcc02u30:163:340 [0] NCCL INFO ncclPollProxyResponse Received new opId=0x7f671f3fe248
mocr4pcc02u30:163:340 [0] NCCL INFO Queuing opId=0x7f671f3fe248 respBuff=0x7f671f1be780 respSize=1400
mocr4pcc02u30:163:340 [0] NCCL INFO ncclPollProxyResponse Received new opId=0x7f671f11b010
mocr4pcc02u30:163:340 [0] NCCL INFO resp.opId=0x7f671f11b010 matches expected opId=0x7f671f11b010
mocr4pcc02u30:163:340 [0] NCCL INFO Connected tomocr4pcc02u30:165:342 [2] NCCL INFO Connected all rings, use ring PXN 1 GDR 1
mocr4pcc02u30:165:165 [2] NCCL INFO Broadcast: opCount 1 sendbuff 0x7f2a1f477a00 recvbuff 0x7f2a1f477a00 count 396 datatype 4 op 0 root 0 comm 0x55ed4777ff30 [nranks=8] stream 0x55ed45fbe600
mocr4pcc02u30:165:165 [2] NCCL INFO Broadcast: opCount 2 sendbuff 0x7f2990000000 recvbuff 0x7f2990000000 count 67734528 datatype 7 op 0 root 0 comm 0x55ed4777ff30 [nranks=8] stream 0x55ed45fbe600
mocr4pcc02u30:165:165 [2] NCCL INFO Broadcast: opCount 3 sendbuff 0x7f29a0400000 recvbuff 0x7f29a0400000 count 66142464 datatype 7 op 0 root 0 comm 0x55ed4777ff30 [nranks=8] stream 0x55ed45fbe600
mocr4pcc02u30:165:165 [2] NCCL INFO Broadcast: opCount 4 sendbuff 0x7f298e600000 recvbuff 0x7f298e600000 count 3145728 datatype 7 op 0 root 0 comm 0x55ed4777ff30 [nranks=8] stream 0x55ed45fbe600
mocr4pcc02u30:165:165 [2] NCCL INFO Broadcast: opCount 5 sendbuff 0x7f29a0400000 recvbuff 0x7f29a0400000 count 12582912 datatype 7 op 0 root 0 comm 0x55ed4777ff30 [nranks=8] stream 0x55ed45fbe600
mocr4pcc02u30:165:543 [2] NCCL INFO AllReduce: opCount 6 sendbuff 0x7f29c4000000 recvbuff 0x7f29c4000000 count 124439808 datatype 7 op 0 root 0 comm 0x55ed4777ff30 [nranks=8] stream 0x55ed45fbe600
mocr4pcc02u30:165:307 [2] NCCL INFO New proxy recv connection 10 from local rank 2, transport 0
mocr4pcc02u30:165:307 [2] NCCL INFO proxyProgressAsync opId=0x7f27c8a97b70 op.type=1 op.reqBuff=0x7f2a4c00ad90 op.respSize=16 done
mocr4pcc02u30:165:22264 [2] NCCL INFO ncclPollProxyResponse Received new opId=0x7f27c8a97b70
mocr4pcc02u30:165:307 [2] NCCL INFO Received and initiated operation=Init res=0
mocr4pcc02u30:165:22264 [2] NCCL INFO resp.opId=0x7f27c8a97b70 matches expected opId=0x7f27c8a97b70
mocr4pcc02u30:165:22264 [2] NCCL INFO Connected to proxy localRank 2 mocr4pcc02u30:166:552 [3] NCCL INFO AllReduce: opCount 6 sendbuff 0x7f5b50000000 recvbuff 0x7f5b50000000 count 124439808 datatype 7 op 0 root 0 comm 0x557fd2233d90 [nranks=8] stream 0x557fd0a5f110
mocr4pcc02u30:166:308 [3] NCCL INFO New proxy recv connection 10 from local rank 3, transport 0
mocr4pcc02u30:166:308 [3] NCCL INFO proxyProgressAsync opId=0x7f5958681570 op.type=1 op.reqBuff=0x7f5bd400ad90 op.respSize=16 done
mocr4pcc02u30:166:22330 [3] NCCL INFO ncclPollProxyResponse Received new opId=0x7f5958681570
mocr4pcc02u30:166:308 [3] NCCL INFO Received and initiated operation=Init res=0
mocr4pcc02u30:166:22330 [3] NCCL INFO resp.opId=0x7f5958681570 matches expected opId=0x7f5958681570
mocr4pcc02u30:166:22330 [3] NCCL INFO Connected to proxy localRank 3 -> connection 0x7f5bd400b280
mocr4pcc02u30:166:308 [3] NCCL INFO Allocated shareable buffer 0x7f5822e00000 size 10485760 ipcDesc 0x7f5bd401aca0
mocr4pcc02u30:166:308 [3] NCCL INFO proxyProgressAsync opId=0x7f5958681570 op.type=3 op.reqBuff=0x7f5bd400eaa0 op.respSize=88 done
mocr4pcc02u30:166:22330 [3] NCCL INFO ncclPollProxyResponse Received new opId=0x7f5958681570
mocr4pcc02u30:166:308 [3] NCCL INFO Received and initiated operation=Setup res=0
mocr4pcc02u30:166:22330 [3] NCCL INFO resp.opId=0x7f5958681570 matches expected opId=0x7f5958681570
mocr4pcc02u30:166:308 [3] NCCL INFO New proxy recv connection 11 from local rank 3, transport 0
mocr4pcc02u30:166:308 [3] NCCL INFO proxyProgressAsync opId=0x7f5958681570 op.type=1 op.reqBuff=0x7f5bd400eaa0 op.respSize=16 done
mocr4pcc02u30:166:22330 [3] NCCL INFO ncclPollProxyResponse Received new opId=0x7f5958681570
mocr4pcc02u30:166:308 [3] NCCL INFO Received and initiated operation=Init res=0
mocr4pcc02u30:166:22330 [3] NCCL INFO resp.opId=0x7f5958681570 matches expected opId=0x7f5958681570
mocr4pcc02u30:166:22330 [3] NCCL INFO Connected to proxy localRank 3 -> connection 0x7f5bd400b2f8
mocr4pcc02u30:166:308 [3] NCCL INFO Allocated shareable buffer 0x7f5857400000 size 10485760 ipcDesc 0x7f5bd401c5e0
mocr4pcc02u30:166:308 [3] NCCL INFO proxyProgressAsync opId=0x7f5958681570 op.type=3 op.reqBuff=0x7f5bd401c5b0 op.respSize=88 done
mocr4pcc02u30:166:22330 [3] NCCL INFO ncclPollProxyResponse Received new opId=0x7f5958681570
mocr4pcc02u30:166:308 [3] NCCL INFO Received and initiated operation=Setup res=0
mocr4pcc02u30:166:22330 [3] NCCL INFO resp.opId=0x7f5958681570 matches expected opId=0x7f5958681570
mocr4pcc02u30:166:308 [3] NCCL INFO New proxy recv connection 12 from local rank 3, transport 0
mocr4pcc02u30:166:308 [3] NCCL INFO proxyProgressAsync opId=0x7f5958681570 op.type=1 op.reqBuff=0x7f5bd401c5b0 op.respSize=16 done
mocr4pcc02u30:166:22330 [3] NCCL INFO ncclPollProxyResponse Received new opId=0x7f5958681570
mocr4pcc02u30:166:308 [3] NCCL INFO Received and initiated operation=Init res=0
mocr4pcc02u30:166:22330 [3] NCCL INFO resp.opId=0x7f5958681570 matches expected opId=0x7f5958681570
mocr4pcc02u30:166:22330 [3] NCCL INFO Connected to proxy localRank 3 -> connection 0x7f5bd400b370
mocr4pcc02u30:166:308 [3] NCCL INFO Allocated shareable buffer 0x7f585b200000 size 10485760 ipcDesc 0x7f5bd401dee0
mocr4pcc02u30:166:308 [3] NCCL INFO proxyProgressAsync opId=0x7f5958681570 op.type=3 op.reqBuff=0x7f5bd401deb0 op.respSize=88 done
mocr4pcc02u30:166:22330 [3] NCCL INFO ncclPollProxyResponse Received new opId=0x7f5958681570
mocr4pcc02u30:166:308 [3] NCCL INFO Received and initiated operation=Setup res=0
mocr4pcc02u30:166:22330 [3] NCCL INFO resp.opId=0x7f5958681570 matches expected opId=0x7f5958681570
mocr4pcc02u30:166:308 [3] NCCL INFO New proxy recv connection 13 from local rank 3, transport 0
mocr4pcc02u30:166:308 [3] NCCL INFO proxyProgressAsync opId=0x7f5958681570 op.type=1 op.reqBuff=0x7f5bd401deb0 op.respSize=16 done
mocr4pcc02u30:166:22330 [3] NCCL INFO ncclPollProxyResponse Received new opId=0x7f5958681570
mocr4pcc02u30:166:308 [3] NCCL INFO Received and initiated operation=Init res=0
mocr4pcc02u30:166:22330 [3] NCCL INFO resp.opId=0x7f5958681570 matches expected opId=0x7f5958681570
mocr4pcc02u30:166:22330 [3] NCCL INFO Connected to proxy localRank 3 -> connection 0x7f5bd400b3e8
mocr4pcc02u30:166:308 [3] NCCL INFO Allocated shareable buffer 0x7f585f000000 size 10485760 ipcDesc 0x7f5bd401f7e0
mocr4pcc02u30:166:308 [3] NCCL INFO proxyProgressAsync opId=0x7f5958681570 op.type=3 op.reqBuff=0x7f5bd401f7b0 op.respSize=88 done
mocr4pcc02u30:166:22330 [3] NCCL INFO ncclPollProxyResponse Received new opId=0x7f5958681570
mocr4pcc02u30:166:308 [3] NCCL INFO Received and initiated operation=Setup res=0
mocr4pcc02u30:166:22330 [3] NCCL INFO resp.opId=0x7f5958681570 matches expected opId=0x7f5958681570
mocr4pcc02u30:166:308 [3] NCCL INFO New proxy recv connection 14 from local rank 3, transport 0
mocr4pcc02u30:166:308 [3] NCCL INFO proxyProgressAsync opId=0x7f5958681570 op.type=1 op.reqBuff=0x7f5bd401f7b0 op.respSize=16 done
mocr4pcc02u30:166:22330 [3] NCCL INFO ncclPollProxyResponse Received new opId=0x7f5958681570
mocr4pcc02u30:166:308 [3] NCCL INFO Received and initiated operation=Init res=0
mocr4pcc02u30:166:22330 [3] NCCL INFO resp.opId=0x7f5958681570 matches expected opId=0x7f5958681570
mocr4pcc02u30:166:22330 [3] NCCL INFO Connected to proxy localRank 3 -> connection 0x7f5bd400b460
mocr4pcc02u30:166:308 [3] NCCL INFO Allocated shareable buffer 0x7f5869000000 size 10485760 ipcDesc 0x7f5bd40210e0
mocr4pcc02u30:166:308 [3] NCCL INFO proxyProgressAsync opId=0x7f5958681570 op.type=3 op.reqBuff=0x7f5bd40210b0 op.respSize=88 done
mocr4pcc02u30:166:22330 [3] mocr4pcc02u30:163:537 [0] NCCL INFO AllReduce: opCount 6 sendbuff 0x7f66fc000000 recvbuff 0x7f66fc000000 count 124439808 datatype 7 op 0 root 0 comm 0x559f28379cd0 [nranks=8] stream 0x559f1e324dc0
mocr4pcc02u30:163:22821 [0] NCCL INFO Channel 00/0 : 0[0] -> 3[3] via P2P/CUMEM
mocr4pcc02u30:163:304 [0] NCCL INFO New proxy send connection 5 from local rank 0, transport 0
mocr4pcc02u30:163:304 [0] NCCL INFO proxyProgressAsync opId=0x7f6698709110 op.type=1 op.reqBuff=0x7f6740000d10 op.respSize=16 done
mocr4pcc02u30:163:22821 [0] NCCL INFO ncclPollProxyResponse Received new opId=0x7f6698709110
mocr4pcc02u30:163:304 [0] NCCL INFO Received and initiated operation=Init res=0
mocr4pcc02u30:163:22821 [0] NCCL INFO resp.opId=0x7f6698709110 matches expected opId=0x7f6698709110
mocr4pcc02u30:163:22821 [0] NCCL INFO Connected to proxy localRank 0 -> connection 0x7f674000b2b8
mocr4pcc02u30:163:304 [0] NCCL INFO Allocated shareable buffer 0x7f63cee00000 size 2097152 ipcDesc 0x7f6740015120
mocr4pcc02u30:163:304 [0] NCCL INFO proxyProgressAsync opId=0x7f6698709110 op.type=3 op.reqBuff=0x7f6740000e10 op.respSize=88 done
mocr4pcc02u30:163:22821 [0] NCCL INFO ncclPollProxyResponse Received new opId=0x7f6698709110
mocr4pcc02u30:163:304 [0] NCCL INFO Received and initiated operation=Setup res=0
mocr4pcc02u30:163:22821 [0] NCCL INFO resp.opId=0x7f6698709110 matches expected opId=0x7f6698709110
mocr4pcc02u30:163:22821 [0] NCCL INFO Channel 01/0 : 0[0] -> 3[3] via P2P/CUMEM
mocr4pcc02u30:163:304 [0] NCCL INFO New proxy send connection 6 from local rank 0, transport 0
mocr4pcc02u30:163:304 [0] NCCL INFO proxyProgressAsync opId=0x7f6698709110 op.type=1 op.reqBuff=0x7f6740000e10 op.respSize=16 done
mocr4pcc02u30:163:22821 [0] NCCL INFO ncclPollProxyResponse Received new opId=0x7f6698709110
mocr4pcc02u30:163:304 [0] NCCL INFO Received and initiated operation=Init res=0
mocr4pcc02u30:163:22821 [0] NCCL INFO resp.opId=0x7f6698709110 matches expected opId=0x7f6698709110
mocr4pcc02u30:163:22821 [0] NCCL INFO Connected to proxy localRank 0 -> connection 0x7f674000b330
mocr4pcc02u30:163:304 [0] NCCL INFO Allocated shareable buffer 0x7f63cf000000 size 2097152 ipcDesc 0x7f6740016a60
mocr4pcc02u30:163:304 [0] NCCL INFO proxyProgressAsync opId=0x7f6698709110 op.type=3 op.reqBuff=0x7f6740016a30 op.respSize=88 done
mocr4pcc02u30:163:22821 [0] NCCL INFO ncclPollProxyResponse Received new opId=0x7f6698709110
mocr4pcc02u30:163:304 [0] NCCL INFO Received and initiated operation=Setup res=0
mocr4pcc02u30:163:22821 [0] NCCL INFO resp.opId=0x7f6698709110 matches expected opId=0x7f6698709110
mocr4pcc02u30:163:22821 [0] NCCL INFO Channel 02/0 : 0[0] -> 3[3] via P2P/CUMEM
mocr4pcc02u30:163:304 [0] NCCL INFO New proxy send connection 7 from local rank 0, transport 0
mocr4pcc02u30:163:304 [0] NCCL INFO proxyProgressAsync opId=0x7f6698709110 op.type=1 op.reqBuff=0x7f6740016a30 op.respSize=16 done
mocr4pcc02u30:163:22821 [0] NCCL INFO ncclPollProxyResponse Received new opId=0x7f6698709110
mocr4pcc02u30:163:304 [0] NCCL INFO Received and initiated operation=Init res=0
mocr4pcc02u30:163:22821 [0] NCCL INFO resp.opId=0x7f6698709110 matches expected opId=0x7f6698709110
mocr4pcc02u30:163:22821 [0] NCCL INFO Connected to proxy localRank 0 -> connection 0x7f674000b3a8
mocr4pcc02u30:163:304 [0] NCCL INFO Allocated shareable buffer 0x7f63cf200000 size 2097152 ipcDesc 0x7f6740018180
mocr4pcc02u30:163:304 [0] NCCL INFO proxyProgressAsync opId=0x7f6698709110 op.type=3 op.reqBuff=0x7f6740018150 op.respSize=88 done
mocr4pcc02u30:163:22821 [0] NCCL INFO ncclPollProxyResponse Received new opId=0x7f6698709110
mocr4pcc02u30:163:304 [0] NCCL INFO Received and initiated operation=Setup res=0
mocr4pcc02u30:163:22821 [0] NCCL INFO resp.opId=0x7f6698709110 matches expected opId=0x7f6698709110
mocr4pcc02u30:163:22821 [0] NCCL INFO Channel 03/0 : 0[0] -> 3[3] via P2P/CUMEM
mocr4pcc02u30:163:304 [0] NCCL INFO New proxy send connection 8 from local rank 0, transport 0
mocr4pcc02u30:163:304 [0] NCCL INFO proxyProgressAsync opId=0x7f6698709110 op.type=1 op.reqBuff=0x7f6740018150 op.respSize=16 done
mocr4pcc02u30:163:22821 [0] NCCL INFO ncclPollProxyResponse Received new opId=0x7f6698709110
mocr4pcc02u30:163:304 [0] NCCL INFO Received and initiated operation=Init res=0
mocr4pcc02u30:163:22821 [0] NCCL INFO resp.opId=0x7f6698709110 matches expected opId=0x7f6698709110
mocr4pcc02u30:163:22821 [0] NCCL INFO Connected to proxy localRank 0 -> connection 0x7f674000b420
mocr4pcc02u30:163:304 [0] NCCL INFO Allocated shareable buffer 0x7f63cf400000 mocr4pcc02u30:166:22330 [3] NCCL INFO Channel 00/0 : 3[3] -> 0[0] via P2P/CUMEM
mocr4pcc02u30:166:308 [3] NCCL INFO New proxy send connection 18 from local rank 3, transport 0
mocr4pcc02u30:166:308 [3] NCCL INFO proxyProgressAsync opId=0x7f5958681570 op.type=1 op.reqBuff=0x7f5bd4025bb0 op.respSize=16 done
mocr4pcc02u30:166:22330 [3] NCCL INFO ncclPollProxyResponse Received new opId=0x7f5958681570
mocr4pcc02u30:166:308 [3] NCCL INFO Received and initiated operation=Init res=0
mocr4pcc02u30:166:22330 [3] NCCL INFO resp.opId=0x7f5958681570 matches expected opId=0x7f5958681570
mocr4pcc02u30:166:22330 [3] NCCL INFO Connected to proxy localRank 3 -> connection 0x7f5bd400b640
mocr4pcc02u30:166:308 [3] NCCL INFO Allocated shareable buffer 0x7f5823800000 size 2097152 ipcDesc 0x7f5bd40274e0
mocr4pcc02u30:166:308 [3] NCCL INFO proxyProgressAsync opId=0x7f5958681570 op.type=3 op.reqBuff=0x7f5bd40274b0 op.respSize=88 done
mocr4pcc02u30:166:22330 [3] NCCL INFO ncclPollProxyResponse Received new opId=0x7f5958681570
mocr4pcc02u30:166:308 [3] NCCL INFO Received and initiated operation=Setup res=0
mocr4pcc02u30:166:22330 [3] NCCL INFO resp.opId=0x7f5958681570 matches expected opId=0x7f5958681570
mocr4pcc02u30:166:22330 [3] NCCL INFO Channel 01/0 : 3[3] -> 0[0] via P2P/CUMEM
mocr4pcc02u30:166:308 [3] NCCL INFO New proxy send connection 19 from local rank 3, transport 0
mocr4pcc02u30:166:308 [3] NCCL INFO proxyProgressAsync opId=0x7f5958681570 op.type=1 op.reqBuff=0x7f5bd40274b0 op.respSize=16 done
mocr4pcc02u30:166:308 [3] NCCL INFO Received and initiated operation=Init res=0
mocr4pcc02u30:166:22330 [3] NCCL INFO ncclPollProxyResponse Received new opId=0x7f5958681570
mocr4pcc02u30:166:22330 [3] NCCL INFO resp.opId=0x7f5958681570 matches expected opId=0x7f5958681570
mocr4pcc02u30:166:22330 [3] NCCL INFO Connected to proxy localRank 3 -> connection 0x7f5bd400b6b8
mocr4pcc02u30:166:308 [3] NCCL INFO Allocated shareable buffer 0x7f5823a00000 size 2097152 ipcDesc 0x7f5bd4028c00
mocr4pcc02u30:166:308 [3] NCCL INFO proxyProgressAsync opId=0x7f5958681570 op.type=3 op.reqBuff=0x7f5bd4028bd0 op.respSize=88 done
mocr4pcc02u30:166:22330 [3] NCCL INFO ncclPollProxyResponse Received new opId=0x7f5958681570
mocr4pcc02u30:166:308 [3] NCCL INFO Received and initiated operation=Setup res=0
mocr4pcc02u30:166:22330 [3] NCCL INFO resp.opId=0x7f5958681570 matches expected opId=0x7f5958681570
mocr4pcc02u30:166:22330 [3] NCCL INFO Channel 02/0 : 3[3] -> 0[0] via P2P/CUMEM
mocr4pcc02u30:166:308 [3] NCCL INFO New proxy send connection 20 from local rank 3, transport 0
mocr4pcc02u30:166:308 [3] NCCL INFO proxyProgressAsync opId=0x7f5958681570 op.type=1 op.reqBuff=0x7f5bd4028bd0 op.respSize=16 done
mocr4pcc02u30:166:22330 [3] NCCL INFO ncclPollProxyResponse Received new opId=0x7f5958681570
mocr4pcc02u30:166:308 [3] NCCL INFO Received and initiated operation=Init res=0
mocr4pcc02u30:166:22330 [3] NCCL INFO resp.opId=0x7f5958681570 matches expected opId=0x7f5958681570
mocr4pcc02u30:166:22330 [3] NCCL INFO Connected to proxy localRank 3 -> connection 0x7f5bd400b730
mocr4pcc02u30:166:308 [3] NCCL INFO Allocated shareable buffer 0x7f5823c00000 size 2097152 ipcDesc 0x7f5bd402a320
mocr4pcc02u30:166:308 [3] NCCL INFO proxyProgressAsync opId=0x7f5958681570 op.type=3 op.reqBuff=0x7f5bd402a2f0 op.respSize=88 done
mocr4pcc02u30:166:22330 [3] NCCL INFO ncclPollProxyResponse Received new opId=0x7f5958681570
mocr4pcc02u30:166:308 [3] NCCL INFO Received and initiated operation=Setup res=0
mocr4pcc02u30:166:22330 [3] NCCL INFO resp.opId=0x7f5958681570 matches expected opId=0x7f5958681570
mocr4pcc02u30:166:22330 [3] NCCL INFO Channel 03/0 : 3[3] -> 0[0] via P2P/CUMEM
mocr4pcc02u30:166:308 [3] NCCL INFO New proxy send connection 21 from local rank 3, transport 0
mocr4pcc02u30:166:308 [3] NCCL INFO proxyProgressAsync opId=0x7f5958681570 op.type=1 op.reqBuff=0x7f5bd402a2f0 op.respSize=16 done
mocr4pcc02u30:166:22330 [3] NCCL INFO ncclPollProxyResponse Received new opId=0x7f5958681570
mocr4pcc02u30:166:308 [3] NCCL INFO Received and initiated operation=Init res=0
mocr4pcc02u30:166:22330 [3] NCCL INFO resp.opId=0x7f5958681570 matches expected opId=0x7f5958681570
mocr4pcc02u30:166:22330 [3] NCCL INFO Connected to proxy localRank 3 -> connection 0x7f5bd400b7a8
mocr4pcc02u30:166:308 [3] NCCL INFO Allocated shareable buffer 0x7f5823e00000 size 2097152 ipcDesc 0x7f5bd402ba40
mocr4pcc02u30:166:308 [3] NCCL INFO proxyProgressAsync opId=0x7f5958681570 op.type=3 op.reqBuff=0x7f5bd402ba10 op.respSize=88 done
mocr4pcc02u30:166:308 [3] NCCL INFO Received and initiated operation=Setup res=0
mocr4pcc02u30:166:22330 [3] NCCL INFO ncclPollProxyResponse Received new opId=0x7f5958681570
mocr4pcc02u30:166:22330 [3] NCCL INFO resp.opId=0x7f5958681570 matches expected opId=0x7f5958681570
mocr4pcc02u30:166:22330 [3] NCCL INFO ProxyCall UDS comm 0x557fd2233d90 rank 3 tpRank 2(1800be6114d83685) reqSize 8 respSizemocr4pcc02u30:163:22821 [0] NCCL INFO ncclPollProxyResponse Received new opId=0x7f66985ade30
mocr4pcc02u30:163:22821 [0] NCCL INFO resp.opId=0x7f66985ade30 matches expected opId=0x7f66985ade30
mocr4pcc02u30:163:22821 [0] NCCL INFO Connected to proxy localRank 3 -> connection 0x7f5bd400b820
mocr4pcc02u30:163:22821 [0] NCCL INFO ProxyCall UDS comm 0x559f28mocr4pcc02u30:166:314 [3] NCCL INFO proxyUDSRecvReq::ncclProxyMsgGetFd rank 0 opId 0xbba91695788f9286 handlemocr4pcc02u30:163:22821 [0] NCCL INFO ProxyCall UDS comm 0x559f28379cd0 rank 0 tpRank 3(fbe77fafb22c3288) reqSize 8 respSize 0 respFd 113 opId 0xbba91695788f9286 - DONE
mocr4pcc02u30:163:22821 [0] NCCL INFO UDS: ClientGetFd handle 0x7f5bd4021130 tpRank 3 returned fd 113 sameProcess 0
mocr4pcc02u30:163:22821 [0] NCCL INFO UDS converted handle 0x7f5bd4021130 to fd 113 on remote peer 3
mocr4pcc02u30:163:22821 [0] NCCL INFO Imported shareable buffer device 0 size 10485760 ptr 0x7f6415000000
mocr4pcc02u30:163:22821 [0] NCCL INFO ProxyCall UDS comm 0x559f28379cd0 rank 0 tpRank 3(fbe77fafb22c3288) reqSize 8 respSize 0 respFd 0x7f6798079a88 opId 0x179e93beee1465fa
mocr4pcc02u30:163:22821 [0] NCCL INFO ProxyCall UDS comm 0x559f28379cd0 rank 0 tpRank 3(fbe77fafb22c3288) reqSize 8 respSize 0 respFd 113 opId 0x179e93beee1465fa - DONE
mocr4pcc02u30:163:22821 [0] NCCL INFO UDS: ClientGetFd handle 0x7f5bd4022a30 tpRank 3 returned fd 113 sameProcess 0
mocr4pcc02u30:163:22821 [0] NCCL INFO UDS converted handle 0x7f5bd4022a30 to fd 113 on remote peer 3
mocr4pcc02u30:163:22821 [0] NCCL INFO Imported shareable buffer device 0 size 10485760 ptr 0x7f6419400000
mocr4pcc02u30:163:22821 [0] NCCL INFO ProxyCall UDS comm 0x559f28379cd0 rank 0 tpRank 3(fbe77fafb22c3288) reqSize 8 respSize 0 respFd 0x7f6798079a88 opId 0xdc100d22cc8da108
mocr4pcc02u30:163:22821 [0] NCCL INFO ProxyCall UDS comm 0x559f28379cd0 rank 0 tpRank 3(fbe77fafb22c3288) reqSize 8 respSize 0 respFd 113 opId 0xdc100d22cc8da108 - DONE
